Java HotSpot(TM) 64-Bit Server VM (25.261-b12) for windows-amd64 JRE (1.8.0_261-b12), built on Jun 18 2020 06:56:32 by "" with unknown MS VC++:1916
Memory: 4k page, physical 16659684k(8682420k free), swap 23213284k(8275436k free)
CommandLine flags: -XX:InitialHeapSize=2147483648 -XX:MaxHeapSize=2147483648 -XX:+PrintGC -XX:+PrintGCDateStamps -XX:+PrintGCDetails -XX:+PrintGCTimeStamps -XX:+UseCompressedClassPointers -XX:+UseCompressedOops -XX:+UseG1GC -XX:-UseLargePagesIndividualAllocation 
2020-09-29T12:01:51.629+0200: 0.317: [GC pause (G1 Evacuation Pause) (young), 0.1047065 secs]
   [Parallel Time: 103.7 ms, GC Workers: 8]
      [GC Worker Start (ms): Min: 316.7, Avg: 316.8, Max: 316.9, Diff: 0.2]
      [Ext Root Scanning (ms): Min: 0.0, Avg: 0.1, Max: 0.3, Diff: 0.2, Sum: 1.1]
      [Update RS (ms): Min: 1.3, Avg: 1.7, Max: 2.3, Diff: 1.0, Sum: 13.8]
         [Processed Buffers: Min: 1, Avg: 1.9, Max: 2, Diff: 1, Sum: 15]
      [Scan RS (ms): Min: 11.7, Avg: 12.2, Max: 12.8, Diff: 1.1, Sum: 97.9]
      [Code Root Scanning (ms): Min: 0.0, Avg: 0.0, Max: 0.0, Diff: 0.0, Sum: 0.1]
      [Object Copy (ms): Min: 88.9, Avg: 89.0, Max: 89.3, Diff: 0.4, Sum: 711.9]
      [Termination (ms): Min: 0.0, Avg: 0.2, Max: 0.3, Diff: 0.3, Sum: 2.0]
         [Termination Attempts: Min: 1, Avg: 1405.8, Max: 1815, Diff: 1814, Sum: 11246]
      [GC Worker Other (ms): Min: 0.0, Avg: 0.0, Max: 0.1, Diff: 0.0, Sum: 0.4]
      [GC Worker Total (ms): Min: 103.3, Avg: 103.4, Max: 103.5, Diff: 0.2, Sum: 827.1]
      [GC Worker End (ms): Min: 420.2, Avg: 420.2, Max: 420.2, Diff: 0.0]
   [Code Root Fixup: 0.0 ms]
   [Code Root Purge: 0.0 ms]
   [Clear CT: 0.2 ms]
   [Other: 0.8 ms]
      [Choose CSet: 0.0 ms]
      [Ref Proc: 0.2 ms]
      [Ref Enq: 0.0 ms]
      [Redirty Cards: 0.2 ms]
      [Humongous Register: 0.0 ms]
      [Humongous Reclaim: 0.0 ms]
      [Free CSet: 0.1 ms]
   [Eden: 102.0M(102.0M)->0.0B(89.0M) Survivors: 0.0B->13.0M Heap: 119.2M(2048.0M)->118.9M(2048.0M)]
 [Times: user=0.59 sys=0.05, real=0.11 secs] 
2020-09-29T12:01:51.817+0200: 0.504: [GC pause (G1 Evacuation Pause) (young), 0.0989345 secs]
   [Parallel Time: 97.8 ms, GC Workers: 8]
      [GC Worker Start (ms): Min: 504.0, Avg: 504.1, Max: 504.1, Diff: 0.1]
      [Ext Root Scanning (ms): Min: 0.0, Avg: 0.1, Max: 0.2, Diff: 0.2, Sum: 0.8]
      [Update RS (ms): Min: 0.0, Avg: 0.7, Max: 1.2, Diff: 1.2, Sum: 5.3]
         [Processed Buffers: Min: 0, Avg: 1.5, Max: 4, Diff: 4, Sum: 12]
      [Scan RS (ms): Min: 10.4, Avg: 12.5, Max: 13.2, Diff: 2.8, Sum: 99.7]
      [Code Root Scanning (ms): Min: 0.0, Avg: 0.0, Max: 0.0, Diff: 0.0, Sum: 0.1]
      [Object Copy (ms): Min: 83.4, Avg: 84.0, Max: 86.7, Diff: 3.3, Sum: 672.0]
      [Termination (ms): Min: 0.1, Avg: 0.2, Max: 0.3, Diff: 0.2, Sum: 1.9]
         [Termination Attempts: Min: 1, Avg: 807.1, Max: 1026, Diff: 1025, Sum: 6457]
      [GC Worker Other (ms): Min: 0.0, Avg: 0.1, Max: 0.1, Diff: 0.1, Sum: 0.5]
      [GC Worker Total (ms): Min: 97.4, Avg: 97.5, Max: 97.6, Diff: 0.2, Sum: 780.3]
      [GC Worker End (ms): Min: 601.5, Avg: 601.6, Max: 601.7, Diff: 0.1]
   [Code Root Fixup: 0.0 ms]
   [Code Root Purge: 0.0 ms]
   [Clear CT: 0.2 ms]
   [Other: 0.9 ms]
      [Choose CSet: 0.0 ms]
      [Ref Proc: 0.3 ms]
      [Ref Enq: 0.0 ms]
      [Redirty Cards: 0.2 ms]
      [Humongous Register: 0.0 ms]
      [Humongous Reclaim: 0.0 ms]
      [Free CSet: 0.1 ms]
   [Eden: 89.0M(89.0M)->0.0B(89.0M) Survivors: 13.0M->13.0M Heap: 223.2M(2048.0M)->225.4M(2048.0M)]
 [Times: user=0.80 sys=0.05, real=0.10 secs] 
2020-09-29T12:01:51.999+0200: 0.686: [GC pause (G1 Evacuation Pause) (young), 0.0957176 secs]
   [Parallel Time: 94.7 ms, GC Workers: 8]
      [GC Worker Start (ms): Min: 686.3, Avg: 686.4, Max: 686.5, Diff: 0.2]
      [Ext Root Scanning (ms): Min: 0.0, Avg: 0.1, Max: 0.1, Diff: 0.1, Sum: 0.7]
      [Update RS (ms): Min: 0.4, Avg: 2.2, Max: 12.5, Diff: 12.1, Sum: 17.2]
         [Processed Buffers: Min: 0, Avg: 2.0, Max: 4, Diff: 4, Sum: 16]
      [Scan RS (ms): Min: 1.2, Avg: 11.6, Max: 13.4, Diff: 12.1, Sum: 92.8]
      [Code Root Scanning (ms): Min: 0.0, Avg: 0.0, Max: 0.0, Diff: 0.0, Sum: 0.0]
      [Object Copy (ms): Min: 80.5, Avg: 80.6, Max: 80.7, Diff: 0.2, Sum: 644.5]
      [Termination (ms): Min: 0.0, Avg: 0.1, Max: 0.1, Diff: 0.1, Sum: 0.4]
         [Termination Attempts: Min: 1, Avg: 277.0, Max: 344, Diff: 343, Sum: 2216]
      [GC Worker Other (ms): Min: 0.0, Avg: 0.0, Max: 0.0, Diff: 0.0, Sum: 0.2]
      [GC Worker Total (ms): Min: 94.4, Avg: 94.5, Max: 94.5, Diff: 0.1, Sum: 755.8]
      [GC Worker End (ms): Min: 780.9, Avg: 780.9, Max: 780.9, Diff: 0.0]
   [Code Root Fixup: 0.0 ms]
   [Code Root Purge: 0.0 ms]
   [Clear CT: 0.2 ms]
   [Other: 0.8 ms]
      [Choose CSet: 0.0 ms]
      [Ref Proc: 0.2 ms]
      [Ref Enq: 0.0 ms]
      [Redirty Cards: 0.2 ms]
      [Humongous Register: 0.0 ms]
      [Humongous Reclaim: 0.0 ms]
      [Free CSet: 0.1 ms]
   [Eden: 89.0M(89.0M)->0.0B(89.0M) Survivors: 13.0M->13.0M Heap: 329.7M(2048.0M)->331.7M(2048.0M)]
 [Times: user=0.59 sys=0.08, real=0.10 secs] 
2020-09-29T12:01:52.191+0200: 0.878: [GC pause (G1 Evacuation Pause) (young), 0.1342421 secs]
   [Parallel Time: 133.0 ms, GC Workers: 8]
      [GC Worker Start (ms): Min: 878.5, Avg: 881.1, Max: 890.8, Diff: 12.2]
      [Ext Root Scanning (ms): Min: 0.0, Avg: 0.1, Max: 0.2, Diff: 0.2, Sum: 0.7]
      [Update RS (ms): Min: 0.0, Avg: 0.4, Max: 1.1, Diff: 1.1, Sum: 3.3]
         [Processed Buffers: Min: 0, Avg: 1.6, Max: 3, Diff: 3, Sum: 13]
      [Scan RS (ms): Min: 2.5, Avg: 11.8, Max: 14.5, Diff: 12.0, Sum: 94.2]
      [Code Root Scanning (ms): Min: 0.0, Avg: 0.0, Max: 0.0, Diff: 0.0, Sum: 0.0]
      [Object Copy (ms): Min: 117.3, Avg: 117.5, Max: 118.0, Diff: 0.7, Sum: 939.9]
      [Termination (ms): Min: 0.0, Avg: 0.6, Max: 0.8, Diff: 0.8, Sum: 5.0]
         [Termination Attempts: Min: 1, Avg: 3122.3, Max: 4090, Diff: 4089, Sum: 24978]
      [GC Worker Other (ms): Min: 0.0, Avg: 0.0, Max: 0.0, Diff: 0.0, Sum: 0.2]
      [GC Worker Total (ms): Min: 120.7, Avg: 130.4, Max: 133.0, Diff: 12.2, Sum: 1043.4]
      [GC Worker End (ms): Min: 1011.5, Avg: 1011.5, Max: 1011.5, Diff: 0.0]
   [Code Root Fixup: 0.0 ms]
   [Code Root Purge: 0.0 ms]
   [Clear CT: 0.2 ms]
   [Other: 1.0 ms]
      [Choose CSet: 0.0 ms]
      [Ref Proc: 0.2 ms]
      [Ref Enq: 0.0 ms]
      [Redirty Cards: 0.4 ms]
      [Humongous Register: 0.0 ms]
      [Humongous Reclaim: 0.0 ms]
      [Free CSet: 0.1 ms]
   [Eden: 89.0M(89.0M)->0.0B(89.0M) Survivors: 13.0M->13.0M Heap: 435.9M(2048.0M)->437.4M(2048.0M)]
 [Times: user=0.97 sys=0.05, real=0.13 secs] 
2020-09-29T12:01:52.444+0200: 1.131: [GC pause (G1 Evacuation Pause) (young), 0.1696453 secs]
   [Parallel Time: 168.4 ms, GC Workers: 8]
      [GC Worker Start (ms): Min: 1131.5, Avg: 1135.6, Max: 1142.4, Diff: 10.9]
      [Ext Root Scanning (ms): Min: 0.0, Avg: 0.1, Max: 0.2, Diff: 0.2, Sum: 0.6]
      [Update RS (ms): Min: 0.0, Avg: 1.5, Max: 3.4, Diff: 3.4, Sum: 12.4]
         [Processed Buffers: Min: 0, Avg: 1.8, Max: 3, Diff: 3, Sum: 14]
      [Scan RS (ms): Min: 5.9, Avg: 13.0, Max: 30.0, Diff: 24.0, Sum: 104.1]
      [Code Root Scanning (ms): Min: 0.0, Avg: 0.0, Max: 0.0, Diff: 0.0, Sum: 0.0]
      [Object Copy (ms): Min: 135.3, Avg: 149.0, Max: 151.5, Diff: 16.3, Sum: 1192.0]
      [Termination (ms): Min: 0.1, Avg: 0.7, Max: 0.8, Diff: 0.8, Sum: 5.3]
         [Termination Attempts: Min: 1, Avg: 3488.8, Max: 4237, Diff: 4236, Sum: 27910]
      [GC Worker Other (ms): Min: 0.0, Avg: 0.0, Max: 0.0, Diff: 0.0, Sum: 0.1]
      [GC Worker Total (ms): Min: 157.5, Avg: 164.3, Max: 168.3, Diff: 10.9, Sum: 1314.4]
      [GC Worker End (ms): Min: 1299.8, Avg: 1299.9, Max: 1299.9, Diff: 0.1]
   [Code Root Fixup: 0.0 ms]
   [Code Root Purge: 0.0 ms]
   [Clear CT: 0.2 ms]
   [Other: 1.0 ms]
      [Choose CSet: 0.0 ms]
      [Ref Proc: 0.3 ms]
      [Ref Enq: 0.0 ms]
      [Redirty Cards: 0.2 ms]
      [Humongous Register: 0.1 ms]
      [Humongous Reclaim: 0.0 ms]
      [Free CSet: 0.1 ms]
   [Eden: 89.0M(89.0M)->0.0B(89.0M) Survivors: 13.0M->13.0M Heap: 539.8M(2048.0M)->541.3M(2048.0M)]
 [Times: user=1.06 sys=0.05, real=0.17 secs] 
2020-09-29T12:01:52.708+0200: 1.395: [GC pause (G1 Evacuation Pause) (young), 0.1409715 secs]
   [Parallel Time: 139.6 ms, GC Workers: 8]
      [GC Worker Start (ms): Min: 1395.4, Avg: 1399.1, Max: 1409.4, Diff: 14.0]
      [Ext Root Scanning (ms): Min: 0.0, Avg: 0.1, Max: 0.3, Diff: 0.3, Sum: 0.5]
      [Update RS (ms): Min: 0.0, Avg: 5.3, Max: 33.5, Diff: 33.5, Sum: 42.3]
         [Processed Buffers: Min: 0, Avg: 1.9, Max: 5, Diff: 5, Sum: 15]
      [Scan RS (ms): Min: 0.0, Avg: 10.6, Max: 15.2, Diff: 15.2, Sum: 84.9]
      [Code Root Scanning (ms): Min: 0.0, Avg: 0.0, Max: 0.0, Diff: 0.0, Sum: 0.0]
      [Object Copy (ms): Min: 105.3, Avg: 119.5, Max: 121.7, Diff: 16.4, Sum: 956.1]
      [Termination (ms): Min: 0.1, Avg: 0.2, Max: 0.3, Diff: 0.2, Sum: 1.8]
         [Termination Attempts: Min: 1, Avg: 620.4, Max: 855, Diff: 854, Sum: 4963]
      [GC Worker Other (ms): Min: 0.0, Avg: 0.0, Max: 0.0, Diff: 0.0, Sum: 0.1]
      [GC Worker Total (ms): Min: 125.4, Avg: 135.7, Max: 139.4, Diff: 14.0, Sum: 1085.6]
      [GC Worker End (ms): Min: 1534.8, Avg: 1534.8, Max: 1534.9, Diff: 0.1]
   [Code Root Fixup: 0.0 ms]
   [Code Root Purge: 0.0 ms]
   [Clear CT: 0.2 ms]
   [Other: 1.1 ms]
      [Choose CSet: 0.0 ms]
      [Ref Proc: 0.4 ms]
      [Ref Enq: 0.0 ms]
      [Redirty Cards: 0.3 ms]
      [Humongous Register: 0.1 ms]
      [Humongous Reclaim: 0.0 ms]
      [Free CSet: 0.1 ms]
   [Eden: 89.0M(89.0M)->0.0B(89.0M) Survivors: 13.0M->13.0M Heap: 645.6M(2048.0M)->648.1M(2048.0M)]
 [Times: user=0.72 sys=0.09, real=0.14 secs] 
2020-09-29T12:01:52.943+0200: 1.631: [GC pause (G1 Evacuation Pause) (young), 0.1013469 secs]
   [Parallel Time: 100.4 ms, GC Workers: 8]
      [GC Worker Start (ms): Min: 1631.4, Avg: 1632.3, Max: 1634.9, Diff: 3.5]
      [Ext Root Scanning (ms): Min: 0.0, Avg: 0.1, Max: 0.2, Diff: 0.1, Sum: 0.7]
      [Update RS (ms): Min: 0.0, Avg: 1.0, Max: 1.8, Diff: 1.8, Sum: 8.2]
         [Processed Buffers: Min: 0, Avg: 2.0, Max: 3, Diff: 3, Sum: 16]
      [Scan RS (ms): Min: 11.0, Avg: 14.2, Max: 25.3, Diff: 14.3, Sum: 113.9]
      [Code Root Scanning (ms): Min: 0.0, Avg: 0.0, Max: 0.0, Diff: 0.0, Sum: 0.0]
      [Object Copy (ms): Min: 73.5, Avg: 84.0, Max: 85.8, Diff: 12.3, Sum: 672.0]
      [Termination (ms): Min: 0.0, Avg: 0.1, Max: 0.1, Diff: 0.1, Sum: 0.4]
         [Termination Attempts: Min: 1, Avg: 45.0, Max: 74, Diff: 73, Sum: 360]
      [GC Worker Other (ms): Min: 0.0, Avg: 0.0, Max: 0.0, Diff: 0.0, Sum: 0.1]
      [GC Worker Total (ms): Min: 96.9, Avg: 99.4, Max: 100.3, Diff: 3.5, Sum: 795.5]
      [GC Worker End (ms): Min: 1731.7, Avg: 1731.7, Max: 1731.7, Diff: 0.0]
   [Code Root Fixup: 0.0 ms]
   [Code Root Purge: 0.0 ms]
   [Clear CT: 0.2 ms]
   [Other: 0.8 ms]
      [Choose CSet: 0.0 ms]
      [Ref Proc: 0.2 ms]
      [Ref Enq: 0.0 ms]
      [Redirty Cards: 0.2 ms]
      [Humongous Register: 0.1 ms]
      [Humongous Reclaim: 0.0 ms]
      [Free CSet: 0.1 ms]
   [Eden: 89.0M(89.0M)->0.0B(89.0M) Survivors: 13.0M->13.0M Heap: 752.3M(2048.0M)->754.3M(2048.0M)]
 [Times: user=0.59 sys=0.01, real=0.10 secs] 
2020-09-29T12:01:53.132+0200: 1.819: [GC pause (G1 Evacuation Pause) (young), 0.0990008 secs]
   [Parallel Time: 96.9 ms, GC Workers: 8]
      [GC Worker Start (ms): Min: 1819.2, Avg: 1819.3, Max: 1819.4, Diff: 0.2]
      [Ext Root Scanning (ms): Min: 0.0, Avg: 0.1, Max: 0.2, Diff: 0.2, Sum: 0.7]
      [Update RS (ms): Min: 1.4, Avg: 1.9, Max: 3.6, Diff: 2.2, Sum: 15.0]
         [Processed Buffers: Min: 0, Avg: 2.8, Max: 4, Diff: 4, Sum: 22]
      [Scan RS (ms): Min: 11.2, Avg: 14.9, Max: 28.9, Diff: 17.7, Sum: 119.0]
      [Code Root Scanning (ms): Min: 0.0, Avg: 0.0, Max: 0.0, Diff: 0.0, Sum: 0.0]
      [Object Copy (ms): Min: 64.9, Avg: 78.8, Max: 80.8, Diff: 15.9, Sum: 630.3]
      [Termination (ms): Min: 0.0, Avg: 0.1, Max: 0.1, Diff: 0.1, Sum: 0.5]
         [Termination Attempts: Min: 1, Avg: 129.0, Max: 174, Diff: 173, Sum: 1032]
      [GC Worker Other (ms): Min: 0.0, Avg: 0.2, Max: 0.5, Diff: 0.5, Sum: 1.6]
      [GC Worker Total (ms): Min: 95.6, Avg: 95.9, Max: 96.3, Diff: 0.7, Sum: 767.1]
      [GC Worker End (ms): Min: 1915.0, Avg: 1915.2, Max: 1915.5, Diff: 0.5]
   [Code Root Fixup: 0.0 ms]
   [Code Root Purge: 0.0 ms]
   [Clear CT: 1.1 ms]
   [Other: 1.0 ms]
      [Choose CSet: 0.0 ms]
      [Ref Proc: 0.4 ms]
      [Ref Enq: 0.0 ms]
      [Redirty Cards: 0.2 ms]
      [Humongous Register: 0.1 ms]
      [Humongous Reclaim: 0.0 ms]
      [Free CSet: 0.1 ms]
   [Eden: 89.0M(89.0M)->0.0B(89.0M) Survivors: 13.0M->13.0M Heap: 858.6M(2048.0M)->860.6M(2048.0M)]
 [Times: user=0.51 sys=0.13, real=0.10 secs] 
2020-09-29T12:01:53.313+0200: 2.001: [GC pause (G1 Evacuation Pause) (young), 0.1423596 secs]
   [Parallel Time: 141.1 ms, GC Workers: 8]
      [GC Worker Start (ms): Min: 2000.9, Avg: 2009.5, Max: 2036.2, Diff: 35.2]
      [Ext Root Scanning (ms): Min: 0.0, Avg: 0.1, Max: 0.2, Diff: 0.2, Sum: 0.6]
      [Update RS (ms): Min: 0.0, Avg: 2.6, Max: 4.5, Diff: 4.5, Sum: 20.6]
         [Processed Buffers: Min: 0, Avg: 4.0, Max: 9, Diff: 9, Sum: 32]
      [Scan RS (ms): Min: 0.0, Avg: 11.6, Max: 17.8, Diff: 17.7, Sum: 92.5]
      [Code Root Scanning (ms): Min: 0.0, Avg: 0.0, Max: 0.0, Diff: 0.0, Sum: 0.0]
      [Object Copy (ms): Min: 104.9, Avg: 117.4, Max: 121.9, Diff: 17.1, Sum: 938.9]
      [Termination (ms): Min: 0.0, Avg: 0.1, Max: 0.1, Diff: 0.1, Sum: 0.8]
         [Termination Attempts: Min: 1, Avg: 265.1, Max: 350, Diff: 349, Sum: 2121]
      [GC Worker Other (ms): Min: 0.0, Avg: 0.0, Max: 0.0, Diff: 0.0, Sum: 0.1]
      [GC Worker Total (ms): Min: 105.0, Avg: 131.7, Max: 140.2, Diff: 35.2, Sum: 1053.6]
      [GC Worker End (ms): Min: 2141.2, Avg: 2141.2, Max: 2141.2, Diff: 0.0]
   [Code Root Fixup: 0.0 ms]
   [Code Root Purge: 0.0 ms]
   [Clear CT: 0.2 ms]
   [Other: 1.0 ms]
      [Choose CSet: 0.0 ms]
      [Ref Proc: 0.2 ms]
      [Ref Enq: 0.0 ms]
      [Redirty Cards: 0.2 ms]
      [Humongous Register: 0.1 ms]
      [Humongous Reclaim: 0.0 ms]
      [Free CSet: 0.2 ms]
   [Eden: 89.0M(89.0M)->0.0B(89.0M) Survivors: 13.0M->13.0M Heap: 964.8M(2048.0M)->966.8M(2048.0M)]
 [Times: user=0.77 sys=0.09, real=0.14 secs] 
2020-09-29T12:01:53.478+0200: 2.165: [GC pause (G1 Humongous Allocation) (young) (initial-mark), 0.0273449 secs]
   [Parallel Time: 26.1 ms, GC Workers: 8]
      [GC Worker Start (ms): Min: 2165.5, Avg: 2165.6, Max: 2165.8, Diff: 0.2]
      [Ext Root Scanning (ms): Min: 0.0, Avg: 1.5, Max: 2.4, Diff: 2.4, Sum: 11.6]
      [Update RS (ms): Min: 1.1, Avg: 2.6, Max: 4.4, Diff: 3.3, Sum: 21.0]
         [Processed Buffers: Min: 2, Avg: 3.0, Max: 5, Diff: 3, Sum: 24]
      [Scan RS (ms): Min: 0.8, Avg: 1.2, Max: 1.7, Diff: 0.9, Sum: 9.8]
      [Code Root Scanning (ms): Min: 0.0, Avg: 0.0, Max: 0.0, Diff: 0.0, Sum: 0.0]
      [Object Copy (ms): Min: 20.4, Avg: 20.5, Max: 20.6, Diff: 0.2, Sum: 164.3]
      [Termination (ms): Min: 0.0, Avg: 0.1, Max: 0.2, Diff: 0.2, Sum: 1.0]
         [Termination Attempts: Min: 1, Avg: 604.6, Max: 793, Diff: 792, Sum: 4837]
      [GC Worker Other (ms): Min: 0.0, Avg: 0.0, Max: 0.0, Diff: 0.0, Sum: 0.2]
      [GC Worker Total (ms): Min: 25.9, Avg: 26.0, Max: 26.1, Diff: 0.2, Sum: 207.8]
      [GC Worker End (ms): Min: 2191.6, Avg: 2191.6, Max: 2191.6, Diff: 0.0]
   [Code Root Fixup: 0.0 ms]
   [Code Root Purge: 0.0 ms]
   [Clear CT: 0.2 ms]
   [Other: 1.0 ms]
      [Choose CSet: 0.0 ms]
      [Ref Proc: 0.3 ms]
      [Ref Enq: 0.0 ms]
      [Redirty Cards: 0.2 ms]
      [Humongous Register: 0.1 ms]
      [Humongous Reclaim: 0.0 ms]
      [Free CSet: 0.0 ms]
   [Eden: 12.0M(89.0M)->0.0B(89.0M) Survivors: 13.0M->13.0M Heap: 978.3M(2048.0M)->981.8M(2048.0M)]
 [Times: user=0.11 sys=0.02, real=0.03 secs] 
2020-09-29T12:01:53.505+0200: 2.193: [GC concurrent-root-region-scan-start]
2020-09-29T12:01:53.511+0200: 2.198: [GC concurrent-root-region-scan-end, 0.0050475 secs]
2020-09-29T12:01:53.511+0200: 2.198: [GC concurrent-mark-start]
2020-09-29T12:01:53.516+0200: 2.203: [GC concurrent-mark-end, 0.0049473 secs]
2020-09-29T12:01:53.516+0200: 2.204: [GC remark 2020-09-29T12:01:53.516+0200: 2.204: [Finalize Marking, 0.0003532 secs] 2020-09-29T12:01:53.517+0200: 2.204: [GC ref-proc, 0.0004809 secs] 2020-09-29T12:01:53.517+0200: 2.205: [Unloading, 0.0009685 secs], 0.0030105 secs]
 [Times: user=0.00 sys=0.00, real=0.00 secs] 
2020-09-29T12:01:53.520+0200: 2.207: [GC cleanup 992M->31M(2048M), 0.0022475 secs]
 [Times: user=0.05 sys=0.00, real=0.00 secs] 
2020-09-29T12:01:53.522+0200: 2.209: [GC concurrent-cleanup-start]
2020-09-29T12:01:53.524+0200: 2.211: [GC concurrent-cleanup-end, 0.0016808 secs]
2020-09-29T12:01:53.587+0200: 2.274: [GC pause (G1 Evacuation Pause) (young), 0.0995076 secs]
   [Parallel Time: 98.3 ms, GC Workers: 8]
      [GC Worker Start (ms): Min: 2274.3, Avg: 2274.3, Max: 2274.4, Diff: 0.2]
      [Ext Root Scanning (ms): Min: 0.0, Avg: 0.1, Max: 0.1, Diff: 0.1, Sum: 0.7]
      [Update RS (ms): Min: 2.3, Avg: 3.4, Max: 6.2, Diff: 3.9, Sum: 27.1]
         [Processed Buffers: Min: 0, Avg: 2.5, Max: 5, Diff: 5, Sum: 20]
      [Scan RS (ms): Min: 7.8, Avg: 15.3, Max: 31.3, Diff: 23.5, Sum: 122.3]
      [Code Root Scanning (ms): Min: 0.0, Avg: 0.0, Max: 0.0, Diff: 0.0, Sum: 0.0]
      [Object Copy (ms): Min: 64.2, Avg: 79.2, Max: 83.9, Diff: 19.7, Sum: 633.3]
      [Termination (ms): Min: 0.0, Avg: 0.1, Max: 0.2, Diff: 0.2, Sum: 0.9]
         [Termination Attempts: Min: 1, Avg: 337.3, Max: 623, Diff: 622, Sum: 2698]
      [GC Worker Other (ms): Min: 0.0, Avg: 0.0, Max: 0.0, Diff: 0.0, Sum: 0.1]
      [GC Worker Total (ms): Min: 97.9, Avg: 98.0, Max: 98.1, Diff: 0.2, Sum: 784.3]
      [GC Worker End (ms): Min: 2372.4, Avg: 2372.4, Max: 2372.4, Diff: 0.0]
   [Code Root Fixup: 0.0 ms]
   [Code Root Purge: 0.0 ms]
   [Clear CT: 0.2 ms]
   [Other: 1.0 ms]
      [Choose CSet: 0.0 ms]
      [Ref Proc: 0.3 ms]
      [Ref Enq: 0.0 ms]
      [Redirty Cards: 0.3 ms]
      [Humongous Register: 0.0 ms]
      [Humongous Reclaim: 0.0 ms]
      [Free CSet: 0.1 ms]
   [Eden: 89.0M(89.0M)->0.0B(89.0M) Survivors: 13.0M->13.0M Heap: 125.3M(2048.0M)->114.8M(2048.0M)]
 [Times: user=0.56 sys=0.01, real=0.10 secs] 
2020-09-29T12:01:53.754+0200: 2.441: [GC pause (G1 Evacuation Pause) (young), 0.0796935 secs]
   [Parallel Time: 78.6 ms, GC Workers: 8]
      [GC Worker Start (ms): Min: 2441.5, Avg: 2441.6, Max: 2441.7, Diff: 0.2]
      [Ext Root Scanning (ms): Min: 0.0, Avg: 0.1, Max: 0.2, Diff: 0.1, Sum: 0.7]
      [Update RS (ms): Min: 1.4, Avg: 1.9, Max: 2.2, Diff: 0.8, Sum: 15.4]
         [Processed Buffers: Min: 2, Avg: 2.8, Max: 4, Diff: 2, Sum: 22]
      [Scan RS (ms): Min: 11.0, Avg: 11.5, Max: 12.6, Diff: 1.6, Sum: 92.1]
      [Code Root Scanning (ms): Min: 0.0, Avg: 0.0, Max: 0.0, Diff: 0.0, Sum: 0.0]
      [Object Copy (ms): Min: 64.2, Avg: 64.8, Max: 65.0, Diff: 0.8, Sum: 518.1]
      [Termination (ms): Min: 0.0, Avg: 0.1, Max: 0.1, Diff: 0.1, Sum: 0.7]
         [Termination Attempts: Min: 1, Avg: 76.0, Max: 109, Diff: 108, Sum: 608]
      [GC Worker Other (ms): Min: 0.0, Avg: 0.0, Max: 0.1, Diff: 0.1, Sum: 0.2]
      [GC Worker Total (ms): Min: 78.3, Avg: 78.4, Max: 78.5, Diff: 0.2, Sum: 627.2]
      [GC Worker End (ms): Min: 2519.9, Avg: 2520.0, Max: 2520.0, Diff: 0.1]
   [Code Root Fixup: 0.0 ms]
   [Code Root Purge: 0.0 ms]
   [Clear CT: 0.2 ms]
   [Other: 0.8 ms]
      [Choose CSet: 0.0 ms]
      [Ref Proc: 0.2 ms]
      [Ref Enq: 0.0 ms]
      [Redirty Cards: 0.2 ms]
      [Humongous Register: 0.0 ms]
      [Humongous Reclaim: 0.0 ms]
      [Free CSet: 0.1 ms]
   [Eden: 89.0M(89.0M)->0.0B(99.0M) Survivors: 13.0M->13.0M Heap: 219.0M(2048.0M)->221.5M(2048.0M)]
 [Times: user=0.70 sys=0.02, real=0.08 secs] 
2020-09-29T12:01:53.900+0200: 2.587: [GC pause (G1 Evacuation Pause) (young), 0.1127550 secs]
   [Parallel Time: 109.2 ms, GC Workers: 8]
      [GC Worker Start (ms): Min: 2587.5, Avg: 2589.1, Max: 2598.8, Diff: 11.3]
      [Ext Root Scanning (ms): Min: 0.0, Avg: 0.1, Max: 0.2, Diff: 0.1, Sum: 0.7]
      [Update RS (ms): Min: 0.0, Avg: 2.6, Max: 3.2, Diff: 3.2, Sum: 20.7]
         [Processed Buffers: Min: 0, Avg: 4.4, Max: 9, Diff: 9, Sum: 35]
      [Scan RS (ms): Min: 5.3, Avg: 14.1, Max: 28.2, Diff: 23.0, Sum: 112.5]
      [Code Root Scanning (ms): Min: 0.0, Avg: 0.0, Max: 0.0, Diff: 0.0, Sum: 0.0]
      [Object Copy (ms): Min: 77.4, Avg: 90.5, Max: 92.5, Diff: 15.1, Sum: 724.0]
      [Termination (ms): Min: 0.0, Avg: 0.1, Max: 0.1, Diff: 0.1, Sum: 0.4]
         [Termination Attempts: Min: 1, Avg: 39.8, Max: 66, Diff: 65, Sum: 318]
      [GC Worker Other (ms): Min: 0.0, Avg: 0.1, Max: 0.2, Diff: 0.2, Sum: 0.7]
      [GC Worker Total (ms): Min: 97.8, Avg: 107.4, Max: 109.1, Diff: 11.3, Sum: 859.0]
      [GC Worker End (ms): Min: 2696.4, Avg: 2696.5, Max: 2696.6, Diff: 0.3]
   [Code Root Fixup: 0.0 ms]
   [Code Root Purge: 0.0 ms]
   [Clear CT: 1.2 ms]
   [Other: 2.3 ms]
      [Choose CSet: 0.0 ms]
      [Ref Proc: 0.6 ms]
      [Ref Enq: 0.0 ms]
      [Redirty Cards: 1.4 ms]
      [Humongous Register: 0.0 ms]
      [Humongous Reclaim: 0.0 ms]
      [Free CSet: 0.1 ms]
   [Eden: 99.0M(99.0M)->0.0B(107.0M) Survivors: 13.0M->14.0M Heap: 337.7M(2048.0M)->339.2M(2048.0M)]
 [Times: user=0.77 sys=0.02, real=0.11 secs] 
2020-09-29T12:01:54.092+0200: 2.779: [GC pause (G1 Evacuation Pause) (young), 0.1256056 secs]
   [Parallel Time: 124.4 ms, GC Workers: 8]
      [GC Worker Start (ms): Min: 2779.3, Avg: 2779.4, Max: 2779.5, Diff: 0.2]
      [Ext Root Scanning (ms): Min: 0.0, Avg: 0.1, Max: 0.2, Diff: 0.2, Sum: 0.7]
      [Update RS (ms): Min: 2.3, Avg: 2.9, Max: 5.4, Diff: 3.2, Sum: 23.0]
         [Processed Buffers: Min: 0, Avg: 3.0, Max: 4, Diff: 4, Sum: 24]
      [Scan RS (ms): Min: 11.8, Avg: 14.7, Max: 17.6, Diff: 5.8, Sum: 117.9]
      [Code Root Scanning (ms): Min: 0.0, Avg: 0.0, Max: 0.0, Diff: 0.0, Sum: 0.0]
      [Object Copy (ms): Min: 103.7, Avg: 106.1, Max: 106.7, Diff: 3.0, Sum: 848.7]
      [Termination (ms): Min: 0.1, Avg: 0.4, Max: 0.5, Diff: 0.4, Sum: 2.9]
         [Termination Attempts: Min: 1, Avg: 1748.5, Max: 2336, Diff: 2335, Sum: 13988]
      [GC Worker Other (ms): Min: 0.0, Avg: 0.0, Max: 0.1, Diff: 0.1, Sum: 0.3]
      [GC Worker Total (ms): Min: 124.1, Avg: 124.2, Max: 124.2, Diff: 0.2, Sum: 993.4]
      [GC Worker End (ms): Min: 2903.5, Avg: 2903.6, Max: 2903.6, Diff: 0.1]
   [Code Root Fixup: 0.0 ms]
   [Code Root Purge: 0.0 ms]
   [Clear CT: 0.2 ms]
   [Other: 1.0 ms]
      [Choose CSet: 0.0 ms]
      [Ref Proc: 0.1 ms]
      [Ref Enq: 0.0 ms]
      [Redirty Cards: 0.4 ms]
      [Humongous Register: 0.0 ms]
      [Humongous Reclaim: 0.0 ms]
      [Free CSet: 0.2 ms]
   [Eden: 107.0M(107.0M)->0.0B(112.0M) Survivors: 14.0M->16.0M Heap: 463.4M(2048.0M)->465.9M(2048.0M)]
 [Times: user=0.84 sys=0.02, real=0.13 secs] 
2020-09-29T12:01:54.303+0200: 2.991: [GC pause (G1 Evacuation Pause) (young), 0.1052894 secs]
   [Parallel Time: 104.0 ms, GC Workers: 8]
      [GC Worker Start (ms): Min: 2991.1, Avg: 2991.5, Max: 2994.3, Diff: 3.2]
      [Ext Root Scanning (ms): Min: 0.0, Avg: 0.1, Max: 0.1, Diff: 0.1, Sum: 0.6]
      [Update RS (ms): Min: 0.0, Avg: 2.7, Max: 3.2, Diff: 3.2, Sum: 21.9]
         [Processed Buffers: Min: 0, Avg: 3.9, Max: 9, Diff: 9, Sum: 31]
      [Scan RS (ms): Min: 14.3, Avg: 15.4, Max: 22.2, Diff: 7.9, Sum: 123.1]
      [Code Root Scanning (ms): Min: 0.0, Avg: 0.0, Max: 0.0, Diff: 0.0, Sum: 0.0]
      [Object Copy (ms): Min: 78.3, Avg: 85.1, Max: 86.2, Diff: 7.8, Sum: 680.8]
      [Termination (ms): Min: 0.0, Avg: 0.1, Max: 0.2, Diff: 0.1, Sum: 0.9]
         [Termination Attempts: Min: 1, Avg: 324.1, Max: 476, Diff: 475, Sum: 2593]
      [GC Worker Other (ms): Min: 0.0, Avg: 0.0, Max: 0.1, Diff: 0.0, Sum: 0.2]
      [GC Worker Total (ms): Min: 100.7, Avg: 103.5, Max: 104.0, Diff: 3.2, Sum: 827.6]
      [GC Worker End (ms): Min: 3095.0, Avg: 3095.0, Max: 3095.0, Diff: 0.0]
   [Code Root Fixup: 0.0 ms]
   [Code Root Purge: 0.0 ms]
   [Clear CT: 0.4 ms]
   [Other: 0.9 ms]
      [Choose CSet: 0.0 ms]
      [Ref Proc: 0.2 ms]
      [Ref Enq: 0.0 ms]
      [Redirty Cards: 0.3 ms]
      [Humongous Register: 0.0 ms]
      [Humongous Reclaim: 0.0 ms]
      [Free CSet: 0.1 ms]
   [Eden: 112.0M(112.0M)->0.0B(126.0M) Survivors: 16.0M->16.0M Heap: 596.9M(2048.0M)->598.9M(2048.0M)]
 [Times: user=0.55 sys=0.08, real=0.11 secs] 
2020-09-29T12:01:54.500+0200: 3.188: [GC pause (G1 Evacuation Pause) (young), 0.1125147 secs]
   [Parallel Time: 111.2 ms, GC Workers: 8]
      [GC Worker Start (ms): Min: 3188.3, Avg: 3188.4, Max: 3188.5, Diff: 0.2]
      [Ext Root Scanning (ms): Min: 0.0, Avg: 0.1, Max: 0.1, Diff: 0.1, Sum: 0.7]
      [Update RS (ms): Min: 3.2, Avg: 3.3, Max: 3.5, Diff: 0.3, Sum: 26.6]
         [Processed Buffers: Min: 3, Avg: 4.1, Max: 7, Diff: 4, Sum: 33]
      [Scan RS (ms): Min: 15.6, Avg: 15.7, Max: 15.9, Diff: 0.3, Sum: 125.6]
      [Code Root Scanning (ms): Min: 0.0, Avg: 0.0, Max: 0.0, Diff: 0.0, Sum: 0.0]
      [Object Copy (ms): Min: 91.7, Avg: 91.8, Max: 91.9, Diff: 0.2, Sum: 734.3]
      [Termination (ms): Min: 0.0, Avg: 0.0, Max: 0.1, Diff: 0.1, Sum: 0.2]
         [Termination Attempts: Min: 1, Avg: 159.8, Max: 245, Diff: 244, Sum: 1278]
      [GC Worker Other (ms): Min: 0.0, Avg: 0.0, Max: 0.1, Diff: 0.0, Sum: 0.2]
      [GC Worker Total (ms): Min: 110.9, Avg: 111.0, Max: 111.0, Diff: 0.1, Sum: 887.7]
      [GC Worker End (ms): Min: 3299.3, Avg: 3299.3, Max: 3299.4, Diff: 0.0]
   [Code Root Fixup: 0.0 ms]
   [Code Root Purge: 0.0 ms]
   [Clear CT: 0.2 ms]
   [Other: 1.1 ms]
      [Choose CSet: 0.0 ms]
      [Ref Proc: 0.5 ms]
      [Ref Enq: 0.0 ms]
      [Redirty Cards: 0.2 ms]
      [Humongous Register: 0.1 ms]
      [Humongous Reclaim: 0.0 ms]
      [Free CSet: 0.1 ms]
   [Eden: 126.0M(126.0M)->0.0B(137.0M) Survivors: 16.0M->18.0M Heap: 745.9M(2048.0M)->748.4M(2048.0M)]
 [Times: user=0.84 sys=0.02, real=0.11 secs] 
2020-09-29T12:01:54.703+0200: 3.391: [GC pause (G1 Evacuation Pause) (young), 0.1632121 secs]
   [Parallel Time: 162.0 ms, GC Workers: 8]
      [GC Worker Start (ms): Min: 3391.3, Avg: 3391.4, Max: 3391.5, Diff: 0.2]
      [Ext Root Scanning (ms): Min: 0.0, Avg: 0.2, Max: 0.7, Diff: 0.7, Sum: 1.3]
      [Update RS (ms): Min: 3.9, Avg: 7.7, Max: 31.9, Diff: 28.0, Sum: 61.8]
         [Processed Buffers: Min: 0, Avg: 4.5, Max: 8, Diff: 8, Sum: 36]
      [Scan RS (ms): Min: 0.0, Avg: 17.0, Max: 20.2, Diff: 20.2, Sum: 136.4]
      [Code Root Scanning (ms): Min: 0.0, Avg: 0.0, Max: 0.0, Diff: 0.0, Sum: 0.0]
      [Object Copy (ms): Min: 129.6, Avg: 136.7, Max: 138.0, Diff: 8.3, Sum: 1093.6]
      [Termination (ms): Min: 0.1, Avg: 0.1, Max: 0.2, Diff: 0.1, Sum: 1.2]
         [Termination Attempts: Min: 1, Avg: 453.6, Max: 654, Diff: 653, Sum: 3629]
      [GC Worker Other (ms): Min: 0.0, Avg: 0.0, Max: 0.0, Diff: 0.0, Sum: 0.1]
      [GC Worker Total (ms): Min: 161.7, Avg: 161.8, Max: 161.9, Diff: 0.1, Sum: 1294.4]
      [GC Worker End (ms): Min: 3553.2, Avg: 3553.2, Max: 3553.2, Diff: 0.1]
   [Code Root Fixup: 0.0 ms]
   [Code Root Purge: 0.0 ms]
   [Clear CT: 0.2 ms]
   [Other: 1.0 ms]
      [Choose CSet: 0.0 ms]
      [Ref Proc: 0.2 ms]
      [Ref Enq: 0.0 ms]
      [Redirty Cards: 0.3 ms]
      [Humongous Register: 0.1 ms]
      [Humongous Reclaim: 0.0 ms]
      [Free CSet: 0.2 ms]
   [Eden: 137.0M(137.0M)->0.0B(133.0M) Survivors: 18.0M->20.0M Heap: 908.3M(2048.0M)->910.8M(2048.0M)]
 [Times: user=1.09 sys=0.03, real=0.16 secs] 
2020-09-29T12:01:54.972+0200: 3.660: [GC pause (G1 Evacuation Pause) (young), 0.1341332 secs]
   [Parallel Time: 133.1 ms, GC Workers: 8]
      [GC Worker Start (ms): Min: 3660.1, Avg: 3660.2, Max: 3660.2, Diff: 0.1]
      [Ext Root Scanning (ms): Min: 0.0, Avg: 0.1, Max: 0.1, Diff: 0.1, Sum: 0.7]
      [Update RS (ms): Min: 3.5, Avg: 4.0, Max: 4.3, Diff: 0.8, Sum: 32.3]
         [Processed Buffers: Min: 3, Avg: 4.0, Max: 5, Diff: 2, Sum: 32]
      [Scan RS (ms): Min: 16.7, Avg: 17.0, Max: 17.4, Diff: 0.8, Sum: 135.7]
      [Code Root Scanning (ms): Min: 0.0, Avg: 0.0, Max: 0.0, Diff: 0.0, Sum: 0.0]
      [Object Copy (ms): Min: 111.4, Avg: 111.6, Max: 111.8, Diff: 0.4, Sum: 892.5]
      [Termination (ms): Min: 0.0, Avg: 0.2, Max: 0.3, Diff: 0.3, Sum: 1.7]
         [Termination Attempts: Min: 1, Avg: 1264.9, Max: 1571, Diff: 1570, Sum: 10119]
      [GC Worker Other (ms): Min: 0.0, Avg: 0.0, Max: 0.0, Diff: 0.0, Sum: 0.2]
      [GC Worker Total (ms): Min: 132.8, Avg: 132.9, Max: 133.0, Diff: 0.1, Sum: 1063.2]
      [GC Worker End (ms): Min: 3793.0, Avg: 3793.1, Max: 3793.1, Diff: 0.0]
   [Code Root Fixup: 0.0 ms]
   [Code Root Purge: 0.0 ms]
   [Clear CT: 0.2 ms]
   [Other: 0.9 ms]
      [Choose CSet: 0.0 ms]
      [Ref Proc: 0.3 ms]
      [Ref Enq: 0.0 ms]
      [Redirty Cards: 0.2 ms]
      [Humongous Register: 0.1 ms]
      [Humongous Reclaim: 0.0 ms]
      [Free CSet: 0.1 ms]
   [Eden: 133.0M(133.0M)->0.0B(145.0M) Survivors: 20.0M->20.0M Heap: 1064.8M(2048.0M)->1066.3M(2048.0M)]
 [Times: user=0.97 sys=0.08, real=0.13 secs] 
2020-09-29T12:01:55.120+0200: 3.808: [GC pause (G1 Humongous Allocation) (young) (initial-mark), 0.0389836 secs]
   [Parallel Time: 37.9 ms, GC Workers: 8]
      [GC Worker Start (ms): Min: 3808.6, Avg: 3808.6, Max: 3808.7, Diff: 0.2]
      [Ext Root Scanning (ms): Min: 0.0, Avg: 1.0, Max: 3.7, Diff: 3.7, Sum: 8.1]
      [Update RS (ms): Min: 6.6, Avg: 9.5, Max: 11.0, Diff: 4.4, Sum: 76.0]
         [Processed Buffers: Min: 6, Avg: 9.8, Max: 12, Diff: 6, Sum: 78]
      [Scan RS (ms): Min: 0.9, Avg: 3.9, Max: 20.8, Diff: 19.9, Sum: 31.5]
      [Code Root Scanning (ms): Min: 0.0, Avg: 0.0, Max: 0.0, Diff: 0.0, Sum: 0.0]
      [Object Copy (ms): Min: 6.4, Avg: 23.1, Max: 25.5, Diff: 19.2, Sum: 184.9]
      [Termination (ms): Min: 0.1, Avg: 0.1, Max: 0.2, Diff: 0.2, Sum: 1.0]
         [Termination Attempts: Min: 1, Avg: 465.8, Max: 637, Diff: 636, Sum: 3726]
      [GC Worker Other (ms): Min: 0.0, Avg: 0.0, Max: 0.0, Diff: 0.0, Sum: 0.1]
      [GC Worker Total (ms): Min: 37.6, Avg: 37.7, Max: 37.8, Diff: 0.2, Sum: 301.6]
      [GC Worker End (ms): Min: 3846.3, Avg: 3846.3, Max: 3846.3, Diff: 0.0]
   [Code Root Fixup: 0.0 ms]
   [Code Root Purge: 0.0 ms]
   [Clear CT: 0.4 ms]
   [Other: 0.7 ms]
      [Choose CSet: 0.0 ms]
      [Ref Proc: 0.2 ms]
      [Ref Enq: 0.0 ms]
      [Redirty Cards: 0.2 ms]
      [Humongous Register: 0.0 ms]
      [Humongous Reclaim: 0.0 ms]
      [Free CSet: 0.0 ms]
   [Eden: 1024.0K(145.0M)->0.0B(158.0M) Survivors: 20.0M->2048.0K Heap: 1067.3M(2048.0M)->1069.8M(2048.0M)]
 [Times: user=0.19 sys=0.00, real=0.04 secs] 
2020-09-29T12:01:55.160+0200: 3.848: [GC concurrent-root-region-scan-start]
2020-09-29T12:01:55.160+0200: 3.848: [GC concurrent-root-region-scan-end, 0.0004103 secs]
2020-09-29T12:01:55.160+0200: 3.848: [GC concurrent-mark-start]
2020-09-29T12:01:55.164+0200: 3.851: [GC concurrent-mark-end, 0.0034183 secs]
2020-09-29T12:01:55.164+0200: 3.852: [GC remark 2020-09-29T12:01:55.164+0200: 3.852: [Finalize Marking, 0.0001624 secs] 2020-09-29T12:01:55.164+0200: 3.852: [GC ref-proc, 0.0004446 secs] 2020-09-29T12:01:55.164+0200: 3.852: [Unloading, 0.0005341 secs], 0.0016017 secs]
 [Times: user=0.00 sys=0.00, real=0.00 secs] 
2020-09-29T12:01:55.166+0200: 3.854: [GC cleanup 1075M->15M(2048M), 0.0014757 secs]
 [Times: user=0.00 sys=0.00, real=0.00 secs] 
2020-09-29T12:01:55.167+0200: 3.855: [GC concurrent-cleanup-start]
2020-09-29T12:01:55.169+0200: 3.857: [GC concurrent-cleanup-end, 0.0015001 secs]
2020-09-29T12:01:55.264+0200: 3.952: [GC pause (G1 Evacuation Pause) (young), 0.1669433 secs]
   [Parallel Time: 165.6 ms, GC Workers: 8]
      [GC Worker Start (ms): Min: 3951.9, Avg: 3957.2, Max: 3974.1, Diff: 22.2]
      [Ext Root Scanning (ms): Min: 0.0, Avg: 0.1, Max: 0.2, Diff: 0.2, Sum: 0.6]
      [Update RS (ms): Min: 0.0, Avg: 5.7, Max: 8.0, Diff: 8.0, Sum: 45.8]
         [Processed Buffers: Min: 0, Avg: 5.4, Max: 10, Diff: 10, Sum: 43]
      [Scan RS (ms): Min: 4.6, Avg: 16.4, Max: 19.4, Diff: 14.8, Sum: 131.3]
      [Code Root Scanning (ms): Min: 0.0, Avg: 0.0, Max: 0.0, Diff: 0.0, Sum: 0.0]
      [Object Copy (ms): Min: 133.6, Avg: 137.8, Max: 138.4, Diff: 4.9, Sum: 1102.1]
      [Termination (ms): Min: 0.0, Avg: 0.1, Max: 0.1, Diff: 0.1, Sum: 0.4]
         [Termination Attempts: Min: 1, Avg: 278.6, Max: 368, Diff: 367, Sum: 2229]
      [GC Worker Other (ms): Min: 0.0, Avg: 0.1, Max: 0.1, Diff: 0.1, Sum: 0.7]
      [GC Worker Total (ms): Min: 143.2, Avg: 160.1, Max: 165.4, Diff: 22.3, Sum: 1280.9]
      [GC Worker End (ms): Min: 4117.2, Avg: 4117.3, Max: 4117.4, Diff: 0.1]
   [Code Root Fixup: 0.0 ms]
   [Code Root Purge: 0.0 ms]
   [Clear CT: 0.2 ms]
   [Other: 1.1 ms]
      [Choose CSet: 0.0 ms]
      [Ref Proc: 0.2 ms]
      [Ref Enq: 0.0 ms]
      [Redirty Cards: 0.3 ms]
      [Humongous Register: 0.0 ms]
      [Humongous Reclaim: 0.0 ms]
      [Free CSet: 0.2 ms]
   [Eden: 158.0M(158.0M)->0.0B(142.0M) Survivors: 2048.0K->20.0M Heap: 194.2M(2048.0M)->194.7M(2048.0M)]
 [Times: user=1.14 sys=0.05, real=0.17 secs] 
2020-09-29T12:01:55.543+0200: 4.231: [GC pause (G1 Evacuation Pause) (young), 0.1882117 secs]
   [Parallel Time: 186.9 ms, GC Workers: 8]
      [GC Worker Start (ms): Min: 4231.5, Avg: 4231.6, Max: 4231.7, Diff: 0.2]
      [Ext Root Scanning (ms): Min: 0.0, Avg: 0.1, Max: 0.1, Diff: 0.1, Sum: 0.7]
      [Update RS (ms): Min: 9.1, Avg: 12.3, Max: 30.1, Diff: 21.0, Sum: 98.1]
         [Processed Buffers: Min: 0, Avg: 7.0, Max: 11, Diff: 11, Sum: 56]
      [Scan RS (ms): Min: 2.1, Avg: 19.7, Max: 23.3, Diff: 21.2, Sum: 157.3]
      [Code Root Scanning (ms): Min: 0.0, Avg: 0.0, Max: 0.0, Diff: 0.0, Sum: 0.1]
      [Object Copy (ms): Min: 150.5, Avg: 154.6, Max: 155.3, Diff: 4.8, Sum: 1236.4]
      [Termination (ms): Min: 0.0, Avg: 0.1, Max: 0.1, Diff: 0.1, Sum: 0.7]
         [Termination Attempts: Min: 1, Avg: 159.6, Max: 274, Diff: 273, Sum: 1277]
      [GC Worker Other (ms): Min: 0.0, Avg: 0.0, Max: 0.0, Diff: 0.0, Sum: 0.1]
      [GC Worker Total (ms): Min: 186.6, Avg: 186.7, Max: 186.8, Diff: 0.2, Sum: 1493.4]
      [GC Worker End (ms): Min: 4418.2, Avg: 4418.3, Max: 4418.3, Diff: 0.1]
   [Code Root Fixup: 0.0 ms]
   [Code Root Purge: 0.0 ms]
   [Clear CT: 0.2 ms]
   [Other: 1.1 ms]
      [Choose CSet: 0.0 ms]
      [Ref Proc: 0.2 ms]
      [Ref Enq: 0.0 ms]
      [Redirty Cards: 0.2 ms]
      [Humongous Register: 0.0 ms]
      [Humongous Reclaim: 0.0 ms]
      [Free CSet: 0.2 ms]
   [Eden: 142.0M(142.0M)->0.0B(137.0M) Survivors: 20.0M->21.0M Heap: 361.5M(2048.0M)->363.5M(2048.0M)]
 [Times: user=1.16 sys=0.05, real=0.19 secs] 
2020-09-29T12:01:55.858+0200: 4.546: [GC pause (G1 Evacuation Pause) (young), 0.1670195 secs]
   [Parallel Time: 165.7 ms, GC Workers: 8]
      [GC Worker Start (ms): Min: 4545.7, Avg: 4551.7, Max: 4569.1, Diff: 23.3]
      [Ext Root Scanning (ms): Min: 0.0, Avg: 0.1, Max: 0.2, Diff: 0.2, Sum: 0.7]
      [Update RS (ms): Min: 0.0, Avg: 7.4, Max: 10.4, Diff: 10.4, Sum: 59.3]
         [Processed Buffers: Min: 0, Avg: 7.5, Max: 12, Diff: 12, Sum: 60]
      [Scan RS (ms): Min: 7.2, Avg: 17.2, Max: 21.0, Diff: 13.8, Sum: 137.6]
      [Code Root Scanning (ms): Min: 0.0, Avg: 0.0, Max: 0.0, Diff: 0.0, Sum: 0.0]
      [Object Copy (ms): Min: 134.1, Avg: 134.8, Max: 134.9, Diff: 0.8, Sum: 1078.2]
      [Termination (ms): Min: 0.0, Avg: 0.0, Max: 0.0, Diff: 0.0, Sum: 0.2]
         [Termination Attempts: Min: 1, Avg: 137.3, Max: 201, Diff: 200, Sum: 1098]
      [GC Worker Other (ms): Min: 0.0, Avg: 0.0, Max: 0.1, Diff: 0.0, Sum: 0.2]
      [GC Worker Total (ms): Min: 142.2, Avg: 159.5, Max: 165.6, Diff: 23.4, Sum: 1276.3]
      [GC Worker End (ms): Min: 4711.3, Avg: 4711.3, Max: 4711.3, Diff: 0.0]
   [Code Root Fixup: 0.0 ms]
   [Code Root Purge: 0.0 ms]
   [Clear CT: 0.3 ms]
   [Other: 1.1 ms]
      [Choose CSet: 0.0 ms]
      [Ref Proc: 0.3 ms]
      [Ref Enq: 0.0 ms]
      [Redirty Cards: 0.3 ms]
      [Humongous Register: 0.1 ms]
      [Humongous Reclaim: 0.0 ms]
      [Free CSet: 0.2 ms]
   [Eden: 137.0M(137.0M)->0.0B(143.0M) Survivors: 21.0M->20.0M Heap: 523.4M(2048.0M)->525.4M(2048.0M)]
 [Times: user=1.23 sys=0.00, real=0.17 secs] 
2020-09-29T12:01:56.131+0200: 4.818: [GC pause (G1 Evacuation Pause) (young), 0.1293499 secs]
   [Parallel Time: 128.2 ms, GC Workers: 8]
      [GC Worker Start (ms): Min: 4818.3, Avg: 4818.4, Max: 4818.4, Diff: 0.2]
      [Ext Root Scanning (ms): Min: 0.0, Avg: 0.1, Max: 0.2, Diff: 0.2, Sum: 0.6]
      [Update RS (ms): Min: 8.4, Avg: 8.7, Max: 9.2, Diff: 0.9, Sum: 69.8]
         [Processed Buffers: Min: 7, Avg: 7.9, Max: 9, Diff: 2, Sum: 63]
      [Scan RS (ms): Min: 14.0, Avg: 14.6, Max: 15.0, Diff: 1.0, Sum: 116.8]
      [Code Root Scanning (ms): Min: 0.0, Avg: 0.0, Max: 0.0, Diff: 0.0, Sum: 0.0]
      [Object Copy (ms): Min: 104.1, Avg: 104.2, Max: 104.4, Diff: 0.3, Sum: 833.8]
      [Termination (ms): Min: 0.0, Avg: 0.2, Max: 0.3, Diff: 0.2, Sum: 1.5]
         [Termination Attempts: Min: 1, Avg: 795.9, Max: 1068, Diff: 1067, Sum: 6367]
      [GC Worker Other (ms): Min: 0.0, Avg: 0.0, Max: 0.1, Diff: 0.1, Sum: 0.4]
      [GC Worker Total (ms): Min: 127.8, Avg: 127.9, Max: 128.0, Diff: 0.3, Sum: 1022.9]
      [GC Worker End (ms): Min: 4946.2, Avg: 4946.2, Max: 4946.3, Diff: 0.1]
   [Code Root Fixup: 0.0 ms]
   [Code Root Purge: 0.0 ms]
   [Clear CT: 0.2 ms]
   [Other: 0.9 ms]
      [Choose CSet: 0.0 ms]
      [Ref Proc: 0.2 ms]
      [Ref Enq: 0.0 ms]
      [Redirty Cards: 0.3 ms]
      [Humongous Register: 0.0 ms]
      [Humongous Reclaim: 0.0 ms]
      [Free CSet: 0.2 ms]
   [Eden: 143.0M(143.0M)->0.0B(153.0M) Survivors: 20.0M->21.0M Heap: 691.3M(2048.0M)->693.8M(2048.0M)]
 [Times: user=0.92 sys=0.01, real=0.13 secs] 
2020-09-29T12:01:56.371+0200: 5.059: [GC pause (G1 Evacuation Pause) (young), 0.1501267 secs]
   [Parallel Time: 148.9 ms, GC Workers: 8]
      [GC Worker Start (ms): Min: 5059.1, Avg: 5061.3, Max: 5073.8, Diff: 14.7]
      [Ext Root Scanning (ms): Min: 0.0, Avg: 0.1, Max: 0.2, Diff: 0.2, Sum: 0.7]
      [Update RS (ms): Min: 0.0, Avg: 8.8, Max: 10.6, Diff: 10.6, Sum: 70.5]
         [Processed Buffers: Min: 0, Avg: 9.3, Max: 13, Diff: 13, Sum: 74]
      [Scan RS (ms): Min: 12.8, Avg: 16.4, Max: 17.1, Diff: 4.3, Sum: 130.9]
      [Code Root Scanning (ms): Min: 0.0, Avg: 0.0, Max: 0.0, Diff: 0.0, Sum: 0.0]
      [Object Copy (ms): Min: 121.1, Avg: 121.2, Max: 121.4, Diff: 0.3, Sum: 970.0]
      [Termination (ms): Min: 0.0, Avg: 0.1, Max: 0.1, Diff: 0.1, Sum: 0.5]
         [Termination Attempts: Min: 1, Avg: 294.4, Max: 389, Diff: 388, Sum: 2355]
      [GC Worker Other (ms): Min: 0.0, Avg: 0.1, Max: 0.1, Diff: 0.1, Sum: 0.4]
      [GC Worker Total (ms): Min: 134.2, Avg: 146.6, Max: 148.9, Diff: 14.7, Sum: 1173.0]
      [GC Worker End (ms): Min: 5207.9, Avg: 5207.9, Max: 5208.0, Diff: 0.1]
   [Code Root Fixup: 0.0 ms]
   [Code Root Purge: 0.0 ms]
   [Clear CT: 0.2 ms]
   [Other: 1.0 ms]
      [Choose CSet: 0.0 ms]
      [Ref Proc: 0.3 ms]
      [Ref Enq: 0.0 ms]
      [Redirty Cards: 0.2 ms]
      [Humongous Register: 0.1 ms]
      [Humongous Reclaim: 0.0 ms]
      [Free CSet: 0.2 ms]
   [Eden: 153.0M(153.0M)->0.0B(158.0M) Survivors: 21.0M->22.0M Heap: 873.5M(2048.0M)->875.0M(2048.0M)]
 [Times: user=1.09 sys=0.05, real=0.15 secs] 
2020-09-29T12:01:56.665+0200: 5.353: [GC pause (G1 Evacuation Pause) (young), 0.1854184 secs]
   [Parallel Time: 184.3 ms, GC Workers: 8]
      [GC Worker Start (ms): Min: 5352.9, Avg: 5355.0, Max: 5360.4, Diff: 7.5]
      [Ext Root Scanning (ms): Min: 0.0, Avg: 0.1, Max: 0.2, Diff: 0.2, Sum: 0.5]
      [Update RS (ms): Min: 4.4, Avg: 9.6, Max: 11.9, Diff: 7.5, Sum: 76.9]
         [Processed Buffers: Min: 4, Avg: 8.4, Max: 12, Diff: 8, Sum: 67]
      [Scan RS (ms): Min: 17.8, Avg: 18.6, Max: 21.7, Diff: 3.9, Sum: 148.6]
      [Code Root Scanning (ms): Min: 0.0, Avg: 0.0, Max: 0.0, Diff: 0.0, Sum: 0.0]
      [Object Copy (ms): Min: 150.7, Avg: 153.4, Max: 154.2, Diff: 3.5, Sum: 1227.2]
      [Termination (ms): Min: 0.0, Avg: 0.3, Max: 1.0, Diff: 1.0, Sum: 2.7]
         [Termination Attempts: Min: 1, Avg: 1102.8, Max: 1473, Diff: 1472, Sum: 8822]
      [GC Worker Other (ms): Min: 0.0, Avg: 0.0, Max: 0.0, Diff: 0.0, Sum: 0.1]
      [GC Worker Total (ms): Min: 176.6, Avg: 182.0, Max: 184.1, Diff: 7.5, Sum: 1456.0]
      [GC Worker End (ms): Min: 5537.0, Avg: 5537.0, Max: 5537.0, Diff: 0.0]
   [Code Root Fixup: 0.0 ms]
   [Code Root Purge: 0.0 ms]
   [Clear CT: 0.3 ms]
   [Other: 0.9 ms]
      [Choose CSet: 0.0 ms]
      [Ref Proc: 0.1 ms]
      [Ref Enq: 0.0 ms]
      [Redirty Cards: 0.2 ms]
      [Humongous Register: 0.1 ms]
      [Humongous Reclaim: 0.0 ms]
      [Free CSet: 0.2 ms]
   [Eden: 158.0M(158.0M)->0.0B(154.0M) Survivors: 22.0M->23.0M Heap: 1057.8M(2048.0M)->1060.3M(2048.0M)]
 [Times: user=1.19 sys=0.05, real=0.19 secs] 
2020-09-29T12:01:56.867+0200: 5.554: [GC pause (G1 Humongous Allocation) (young) (initial-mark), 0.0311666 secs]
   [Parallel Time: 30.1 ms, GC Workers: 8]
      [GC Worker Start (ms): Min: 5554.3, Avg: 5554.3, Max: 5554.3, Diff: 0.1]
      [Ext Root Scanning (ms): Min: 0.1, Avg: 0.1, Max: 0.2, Diff: 0.1, Sum: 0.9]
      [Update RS (ms): Min: 13.7, Avg: 14.1, Max: 14.4, Diff: 0.7, Sum: 112.5]
         [Processed Buffers: Min: 11, Avg: 12.8, Max: 14, Diff: 3, Sum: 102]
      [Scan RS (ms): Min: 1.3, Avg: 1.7, Max: 2.0, Diff: 0.7, Sum: 13.4]
      [Code Root Scanning (ms): Min: 0.0, Avg: 0.0, Max: 0.0, Diff: 0.0, Sum: 0.0]
      [Object Copy (ms): Min: 13.9, Avg: 14.0, Max: 14.1, Diff: 0.1, Sum: 112.1]
      [Termination (ms): Min: 0.0, Avg: 0.0, Max: 0.0, Diff: 0.0, Sum: 0.0]
         [Termination Attempts: Min: 1, Avg: 25.9, Max: 37, Diff: 36, Sum: 207]
      [GC Worker Other (ms): Min: 0.0, Avg: 0.0, Max: 0.0, Diff: 0.0, Sum: 0.2]
      [GC Worker Total (ms): Min: 29.8, Avg: 29.9, Max: 29.9, Diff: 0.1, Sum: 239.0]
      [GC Worker End (ms): Min: 5584.2, Avg: 5584.2, Max: 5584.2, Diff: 0.0]
   [Code Root Fixup: 0.0 ms]
   [Code Root Purge: 0.0 ms]
   [Clear CT: 0.2 ms]
   [Other: 0.9 ms]
      [Choose CSet: 0.0 ms]
      [Ref Proc: 0.2 ms]
      [Ref Enq: 0.0 ms]
      [Redirty Cards: 0.2 ms]
      [Humongous Register: 0.1 ms]
      [Humongous Reclaim: 0.0 ms]
      [Free CSet: 0.1 ms]
   [Eden: 2048.0K(154.0M)->0.0B(199.0M) Survivors: 23.0M->5120.0K Heap: 1062.3M(2048.0M)->1067.8M(2048.0M)]
 [Times: user=0.25 sys=0.00, real=0.03 secs] 
2020-09-29T12:01:56.898+0200: 5.585: [GC concurrent-root-region-scan-start]
2020-09-29T12:01:56.899+0200: 5.587: [GC concurrent-root-region-scan-end, 0.0015471 secs]
2020-09-29T12:01:56.899+0200: 5.587: [GC concurrent-mark-start]
2020-09-29T12:01:56.904+0200: 5.592: [GC concurrent-mark-end, 0.0048880 secs]
2020-09-29T12:01:56.905+0200: 5.592: [GC remark 2020-09-29T12:01:56.905+0200: 5.592: [Finalize Marking, 0.0002275 secs] 2020-09-29T12:01:56.905+0200: 5.593: [GC ref-proc, 0.0005100 secs] 2020-09-29T12:01:56.906+0200: 5.593: [Unloading, 0.0006480 secs], 0.0019273 secs]
 [Times: user=0.00 sys=0.00, real=0.00 secs] 
2020-09-29T12:01:56.907+0200: 5.595: [GC cleanup 1078M->23M(2048M), 0.0028588 secs]
 [Times: user=0.00 sys=0.00, real=0.00 secs] 
2020-09-29T12:01:56.910+0200: 5.598: [GC concurrent-cleanup-start]
2020-09-29T12:01:56.912+0200: 5.600: [GC concurrent-cleanup-end, 0.0021324 secs]
2020-09-29T12:01:57.043+0200: 5.731: [GC pause (G1 Evacuation Pause) (young), 0.1752283 secs]
   [Parallel Time: 173.0 ms, GC Workers: 8]
      [GC Worker Start (ms): Min: 5730.9, Avg: 5731.1, Max: 5731.1, Diff: 0.2]
      [Ext Root Scanning (ms): Min: 0.0, Avg: 0.1, Max: 0.2, Diff: 0.2, Sum: 0.7]
      [Update RS (ms): Min: 15.8, Avg: 16.1, Max: 17.1, Diff: 1.3, Sum: 128.5]
         [Processed Buffers: Min: 10, Avg: 12.3, Max: 15, Diff: 5, Sum: 98]
      [Scan RS (ms): Min: 18.2, Avg: 19.5, Max: 20.0, Diff: 1.8, Sum: 155.8]
      [Code Root Scanning (ms): Min: 0.0, Avg: 0.0, Max: 0.0, Diff: 0.0, Sum: 0.0]
      [Object Copy (ms): Min: 136.6, Avg: 136.9, Max: 137.0, Diff: 0.4, Sum: 1095.1]
      [Termination (ms): Min: 0.0, Avg: 0.1, Max: 0.2, Diff: 0.2, Sum: 1.2]
         [Termination Attempts: Min: 1, Avg: 702.5, Max: 927, Diff: 926, Sum: 5620]
      [GC Worker Other (ms): Min: 0.0, Avg: 0.1, Max: 0.1, Diff: 0.1, Sum: 0.4]
      [GC Worker Total (ms): Min: 172.7, Avg: 172.7, Max: 172.8, Diff: 0.1, Sum: 1381.7]
      [GC Worker End (ms): Min: 5903.7, Avg: 5903.8, Max: 5903.8, Diff: 0.1]
   [Code Root Fixup: 0.0 ms]
   [Code Root Purge: 0.0 ms]
   [Clear CT: 0.2 ms]
   [Other: 2.0 ms]
      [Choose CSet: 0.0 ms]
      [Ref Proc: 0.2 ms]
      [Ref Enq: 0.0 ms]
      [Redirty Cards: 1.0 ms]
      [Humongous Register: 0.0 ms]
      [Humongous Reclaim: 0.0 ms]
      [Free CSet: 0.3 ms]
   [Eden: 199.0M(199.0M)->0.0B(175.0M) Survivors: 5120.0K->26.0M Heap: 245.8M(2048.0M)->243.3M(2048.0M)]
 [Times: user=1.20 sys=0.06, real=0.18 secs] 
2020-09-29T12:01:57.354+0200: 6.041: [GC pause (G1 Evacuation Pause) (young), 0.1726972 secs]
   [Parallel Time: 171.4 ms, GC Workers: 8]
      [GC Worker Start (ms): Min: 6041.2, Avg: 6041.3, Max: 6041.4, Diff: 0.2]
      [Ext Root Scanning (ms): Min: 0.0, Avg: 0.1, Max: 0.2, Diff: 0.2, Sum: 0.7]
      [Update RS (ms): Min: 15.8, Avg: 16.1, Max: 16.4, Diff: 0.5, Sum: 128.6]
         [Processed Buffers: Min: 6, Avg: 11.0, Max: 15, Diff: 9, Sum: 88]
      [Scan RS (ms): Min: 19.4, Avg: 19.8, Max: 21.4, Diff: 2.0, Sum: 158.7]
      [Code Root Scanning (ms): Min: 0.0, Avg: 0.0, Max: 0.0, Diff: 0.0, Sum: 0.0]
      [Object Copy (ms): Min: 133.0, Avg: 134.8, Max: 135.3, Diff: 2.3, Sum: 1078.3]
      [Termination (ms): Min: 0.0, Avg: 0.2, Max: 0.3, Diff: 0.3, Sum: 1.7]
         [Termination Attempts: Min: 1, Avg: 948.3, Max: 1271, Diff: 1270, Sum: 7586]
      [GC Worker Other (ms): Min: 0.0, Avg: 0.2, Max: 0.2, Diff: 0.2, Sum: 1.2]
      [GC Worker Total (ms): Min: 170.9, Avg: 171.1, Max: 171.3, Diff: 0.4, Sum: 1369.2]
      [GC Worker End (ms): Min: 6212.4, Avg: 6212.5, Max: 6212.5, Diff: 0.2]
   [Code Root Fixup: 0.0 ms]
   [Code Root Purge: 0.0 ms]
   [Clear CT: 0.2 ms]
   [Other: 1.1 ms]
      [Choose CSet: 0.0 ms]
      [Ref Proc: 0.3 ms]
      [Ref Enq: 0.0 ms]
      [Redirty Cards: 0.3 ms]
      [Humongous Register: 0.0 ms]
      [Humongous Reclaim: 0.0 ms]
      [Free CSet: 0.2 ms]
   [Eden: 175.0M(175.0M)->0.0B(172.0M) Survivors: 26.0M->26.0M Heap: 446.9M(2048.0M)->448.9M(2048.0M)]
 [Times: user=1.27 sys=0.03, real=0.17 secs] 
2020-09-29T12:01:57.655+0200: 6.342: [GC pause (G1 Evacuation Pause) (young), 0.1656493 secs]
   [Parallel Time: 164.3 ms, GC Workers: 8]
      [GC Worker Start (ms): Min: 6342.4, Avg: 6342.6, Max: 6342.6, Diff: 0.2]
      [Ext Root Scanning (ms): Min: 0.0, Avg: 0.1, Max: 0.2, Diff: 0.2, Sum: 0.7]
      [Update RS (ms): Min: 16.6, Avg: 16.9, Max: 17.2, Diff: 0.6, Sum: 135.6]
         [Processed Buffers: Min: 12, Avg: 13.0, Max: 14, Diff: 2, Sum: 104]
      [Scan RS (ms): Min: 17.2, Avg: 17.4, Max: 17.7, Diff: 0.5, Sum: 139.5]
      [Code Root Scanning (ms): Min: 0.0, Avg: 0.0, Max: 0.0, Diff: 0.0, Sum: 0.0]
      [Object Copy (ms): Min: 129.4, Avg: 129.5, Max: 129.6, Diff: 0.2, Sum: 1035.8]
      [Termination (ms): Min: 0.0, Avg: 0.0, Max: 0.0, Diff: 0.0, Sum: 0.2]
         [Termination Attempts: Min: 1, Avg: 96.5, Max: 126, Diff: 125, Sum: 772]
      [GC Worker Other (ms): Min: 0.0, Avg: 0.0, Max: 0.1, Diff: 0.0, Sum: 0.3]
      [GC Worker Total (ms): Min: 163.9, Avg: 164.0, Max: 164.1, Diff: 0.2, Sum: 1312.0]
      [GC Worker End (ms): Min: 6506.5, Avg: 6506.6, Max: 6506.6, Diff: 0.0]
   [Code Root Fixup: 0.0 ms]
   [Code Root Purge: 0.0 ms]
   [Clear CT: 0.3 ms]
   [Other: 1.1 ms]
      [Choose CSet: 0.0 ms]
      [Ref Proc: 0.3 ms]
      [Ref Enq: 0.0 ms]
      [Redirty Cards: 0.3 ms]
      [Humongous Register: 0.0 ms]
      [Humongous Reclaim: 0.0 ms]
      [Free CSet: 0.2 ms]
   [Eden: 172.0M(172.0M)->0.0B(176.0M) Survivors: 26.0M->25.0M Heap: 649.6M(2048.0M)->651.1M(2048.0M)]
 [Times: user=1.30 sys=0.01, real=0.17 secs] 
2020-09-29T12:01:57.948+0200: 6.635: [GC pause (G1 Evacuation Pause) (young), 0.1584964 secs]
   [Parallel Time: 157.2 ms, GC Workers: 8]
      [GC Worker Start (ms): Min: 6635.6, Avg: 6635.7, Max: 6635.9, Diff: 0.2]
      [Ext Root Scanning (ms): Min: 0.0, Avg: 0.1, Max: 0.2, Diff: 0.2, Sum: 0.9]
      [Update RS (ms): Min: 18.7, Avg: 19.0, Max: 19.6, Diff: 0.8, Sum: 152.0]
         [Processed Buffers: Min: 13, Avg: 15.1, Max: 17, Diff: 4, Sum: 121]
      [Scan RS (ms): Min: 16.0, Avg: 16.6, Max: 16.9, Diff: 0.9, Sum: 132.5]
      [Code Root Scanning (ms): Min: 0.0, Avg: 0.0, Max: 0.0, Diff: 0.0, Sum: 0.0]
      [Object Copy (ms): Min: 120.9, Avg: 121.0, Max: 121.1, Diff: 0.2, Sum: 968.2]
      [Termination (ms): Min: 0.0, Avg: 0.0, Max: 0.0, Diff: 0.0, Sum: 0.1]
         [Termination Attempts: Min: 1, Avg: 45.9, Max: 63, Diff: 62, Sum: 367]
      [GC Worker Other (ms): Min: 0.0, Avg: 0.1, Max: 0.1, Diff: 0.1, Sum: 0.4]
      [GC Worker Total (ms): Min: 156.6, Avg: 156.8, Max: 156.9, Diff: 0.3, Sum: 1254.1]
      [GC Worker End (ms): Min: 6792.4, Avg: 6792.5, Max: 6792.5, Diff: 0.1]
   [Code Root Fixup: 0.0 ms]
   [Code Root Purge: 0.0 ms]
   [Clear CT: 0.2 ms]
   [Other: 1.1 ms]
      [Choose CSet: 0.0 ms]
      [Ref Proc: 0.3 ms]
      [Ref Enq: 0.0 ms]
      [Redirty Cards: 0.3 ms]
      [Humongous Register: 0.1 ms]
      [Humongous Reclaim: 0.0 ms]
      [Free CSet: 0.2 ms]
   [Eden: 176.0M(176.0M)->0.0B(182.0M) Survivors: 25.0M->26.0M Heap: 857.6M(2048.0M)->859.1M(2048.0M)]
 [Times: user=1.17 sys=0.05, real=0.16 secs] 
2020-09-29T12:01:58.245+0200: 6.933: [GC pause (G1 Evacuation Pause) (young), 0.1671579 secs]
   [Parallel Time: 165.9 ms, GC Workers: 8]
      [GC Worker Start (ms): Min: 6932.9, Avg: 6934.9, Max: 6940.8, Diff: 7.9]
      [Ext Root Scanning (ms): Min: 0.0, Avg: 0.1, Max: 0.2, Diff: 0.2, Sum: 0.7]
      [Update RS (ms): Min: 12.8, Avg: 18.8, Max: 21.2, Diff: 8.4, Sum: 150.2]
         [Processed Buffers: Min: 10, Avg: 13.9, Max: 16, Diff: 6, Sum: 111]
      [Scan RS (ms): Min: 17.0, Avg: 17.8, Max: 19.4, Diff: 2.4, Sum: 142.7]
      [Code Root Scanning (ms): Min: 0.0, Avg: 0.0, Max: 0.0, Diff: 0.0, Sum: 0.0]
      [Object Copy (ms): Min: 125.3, Avg: 127.0, Max: 127.4, Diff: 2.1, Sum: 1015.8]
      [Termination (ms): Min: 0.0, Avg: 0.1, Max: 0.1, Diff: 0.1, Sum: 0.5]
         [Termination Attempts: Min: 1, Avg: 280.5, Max: 387, Diff: 386, Sum: 2244]
      [GC Worker Other (ms): Min: 0.0, Avg: 0.0, Max: 0.1, Diff: 0.1, Sum: 0.3]
      [GC Worker Total (ms): Min: 157.8, Avg: 163.8, Max: 165.8, Diff: 8.0, Sum: 1310.2]
      [GC Worker End (ms): Min: 7098.6, Avg: 7098.7, Max: 7098.7, Diff: 0.1]
   [Code Root Fixup: 0.0 ms]
   [Code Root Purge: 0.0 ms]
   [Clear CT: 0.3 ms]
   [Other: 0.9 ms]
      [Choose CSet: 0.0 ms]
      [Ref Proc: 0.1 ms]
      [Ref Enq: 0.0 ms]
      [Redirty Cards: 0.3 ms]
      [Humongous Register: 0.0 ms]
      [Humongous Reclaim: 0.0 ms]
      [Free CSet: 0.2 ms]
   [Eden: 182.0M(182.0M)->0.0B(187.0M) Survivors: 26.0M->26.0M Heap: 1069.7M(2048.0M)->1071.2M(2048.0M)]
 [Times: user=1.28 sys=0.03, real=0.17 secs] 
2020-09-29T12:01:58.413+0200: 7.101: [GC pause (G1 Humongous Allocation) (young) (initial-mark), 0.0700186 secs]
   [Parallel Time: 68.9 ms, GC Workers: 8]
      [GC Worker Start (ms): Min: 7100.9, Avg: 7101.0, Max: 7101.2, Diff: 0.2]
      [Ext Root Scanning (ms): Min: 0.0, Avg: 1.5, Max: 10.7, Diff: 10.7, Sum: 11.8]
      [Update RS (ms): Min: 33.1, Avg: 42.0, Max: 43.6, Diff: 10.5, Sum: 336.4]
         [Processed Buffers: Min: 25, Avg: 35.4, Max: 38, Diff: 13, Sum: 283]
      [Scan RS (ms): Min: 0.0, Avg: 0.0, Max: 0.1, Diff: 0.1, Sum: 0.1]
      [Code Root Scanning (ms): Min: 0.0, Avg: 0.0, Max: 0.0, Diff: 0.0, Sum: 0.0]
      [Object Copy (ms): Min: 24.9, Avg: 25.1, Max: 25.2, Diff: 0.3, Sum: 200.8]
      [Termination (ms): Min: 0.0, Avg: 0.0, Max: 0.0, Diff: 0.0, Sum: 0.1]
         [Termination Attempts: Min: 1, Avg: 68.8, Max: 94, Diff: 93, Sum: 550]
      [GC Worker Other (ms): Min: 0.0, Avg: 0.0, Max: 0.0, Diff: 0.0, Sum: 0.2]
      [GC Worker Total (ms): Min: 68.5, Avg: 68.7, Max: 68.8, Diff: 0.2, Sum: 549.4]
      [GC Worker End (ms): Min: 7169.7, Avg: 7169.7, Max: 7169.7, Diff: 0.0]
   [Code Root Fixup: 0.0 ms]
   [Code Root Purge: 0.0 ms]
   [Clear CT: 0.2 ms]
   [Other: 0.9 ms]
      [Choose CSet: 0.0 ms]
      [Ref Proc: 0.2 ms]
      [Ref Enq: 0.0 ms]
      [Redirty Cards: 0.2 ms]
      [Humongous Register: 0.1 ms]
      [Humongous Reclaim: 0.0 ms]
      [Free CSet: 0.1 ms]
   [Eden: 1024.0K(187.0M)->0.0B(194.0M) Survivors: 26.0M->2048.0K Heap: 1071.7M(2048.0M)->1074.7M(2048.0M)]
 [Times: user=0.50 sys=0.00, real=0.07 secs] 
2020-09-29T12:01:58.483+0200: 7.171: [GC concurrent-root-region-scan-start]
2020-09-29T12:01:58.484+0200: 7.171: [GC concurrent-root-region-scan-end, 0.0002106 secs]
2020-09-29T12:01:58.484+0200: 7.171: [GC concurrent-mark-start]
2020-09-29T12:01:58.487+0200: 7.175: [GC concurrent-mark-end, 0.0037967 secs]
2020-09-29T12:01:58.488+0200: 7.175: [GC remark 2020-09-29T12:01:58.488+0200: 7.175: [Finalize Marking, 0.0001799 secs] 2020-09-29T12:01:58.488+0200: 7.175: [GC ref-proc, 0.0004666 secs] 2020-09-29T12:01:58.488+0200: 7.176: [Unloading, 0.0005385 secs], 0.0016719 secs]
 [Times: user=0.08 sys=0.02, real=0.00 secs] 
2020-09-29T12:01:58.490+0200: 7.178: [GC cleanup 1081M->16M(2048M), 0.0016482 secs]
 [Times: user=0.00 sys=0.00, real=0.00 secs] 
2020-09-29T12:01:58.492+0200: 7.179: [GC concurrent-cleanup-start]
2020-09-29T12:01:58.493+0200: 7.181: [GC concurrent-cleanup-end, 0.0017396 secs]
2020-09-29T12:01:58.625+0200: 7.313: [GC pause (G1 Evacuation Pause) (young), 0.1900093 secs]
   [Parallel Time: 188.6 ms, GC Workers: 8]
      [GC Worker Start (ms): Min: 7312.9, Avg: 7313.1, Max: 7313.2, Diff: 0.2]
      [Ext Root Scanning (ms): Min: 0.0, Avg: 0.1, Max: 0.2, Diff: 0.2, Sum: 0.7]
      [Update RS (ms): Min: 20.0, Avg: 20.5, Max: 20.8, Diff: 0.8, Sum: 163.7]
         [Processed Buffers: Min: 11, Avg: 14.3, Max: 16, Diff: 5, Sum: 114]
      [Scan RS (ms): Min: 14.6, Avg: 15.1, Max: 15.7, Diff: 1.1, Sum: 120.5]
      [Code Root Scanning (ms): Min: 0.0, Avg: 0.0, Max: 0.0, Diff: 0.0, Sum: 0.0]
      [Object Copy (ms): Min: 152.4, Avg: 152.5, Max: 152.7, Diff: 0.4, Sum: 1220.3]
      [Termination (ms): Min: 0.0, Avg: 0.2, Max: 0.3, Diff: 0.3, Sum: 1.5]
         [Termination Attempts: Min: 1, Avg: 608.0, Max: 1005, Diff: 1004, Sum: 4864]
      [GC Worker Other (ms): Min: 0.0, Avg: 0.0, Max: 0.0, Diff: 0.0, Sum: 0.2]
      [GC Worker Total (ms): Min: 188.2, Avg: 188.4, Max: 188.4, Diff: 0.2, Sum: 1506.9]
      [GC Worker End (ms): Min: 7501.4, Avg: 7501.4, Max: 7501.4, Diff: 0.1]
   [Code Root Fixup: 0.0 ms]
   [Code Root Purge: 0.0 ms]
   [Clear CT: 0.2 ms]
   [Other: 1.2 ms]
      [Choose CSet: 0.0 ms]
      [Ref Proc: 0.4 ms]
      [Ref Enq: 0.0 ms]
      [Redirty Cards: 0.3 ms]
      [Humongous Register: 0.0 ms]
      [Humongous Reclaim: 0.0 ms]
      [Free CSet: 0.2 ms]
   [Eden: 194.0M(194.0M)->0.0B(158.0M) Survivors: 2048.0K->25.0M Heap: 235.9M(2048.0M)->235.9M(2048.0M)]
 [Times: user=1.28 sys=0.05, real=0.19 secs] 
2020-09-29T12:01:58.934+0200: 7.621: [GC pause (G1 Evacuation Pause) (young), 0.2078410 secs]
   [Parallel Time: 205.6 ms, GC Workers: 8]
      [GC Worker Start (ms): Min: 7621.6, Avg: 7625.7, Max: 7654.0, Diff: 32.4]
      [Ext Root Scanning (ms): Min: 0.0, Avg: 0.1, Max: 0.2, Diff: 0.2, Sum: 0.7]
      [Update RS (ms): Min: 0.0, Avg: 21.4, Max: 26.0, Diff: 26.0, Sum: 171.2]
         [Processed Buffers: Min: 0, Avg: 13.5, Max: 20, Diff: 20, Sum: 108]
      [Scan RS (ms): Min: 9.0, Avg: 17.4, Max: 29.6, Diff: 20.6, Sum: 138.9]
      [Code Root Scanning (ms): Min: 0.0, Avg: 0.0, Max: 0.0, Diff: 0.0, Sum: 0.0]
      [Object Copy (ms): Min: 151.4, Avg: 162.0, Max: 164.2, Diff: 12.7, Sum: 1295.7]
      [Termination (ms): Min: 0.0, Avg: 0.6, Max: 1.4, Diff: 1.4, Sum: 4.5]
         [Termination Attempts: Min: 1, Avg: 2053.6, Max: 2706, Diff: 2705, Sum: 16429]
      [GC Worker Other (ms): Min: 0.0, Avg: 0.0, Max: 0.1, Diff: 0.1, Sum: 0.4]
      [GC Worker Total (ms): Min: 173.1, Avg: 201.4, Max: 205.5, Diff: 32.4, Sum: 1611.4]
      [GC Worker End (ms): Min: 7827.1, Avg: 7827.1, Max: 7827.1, Diff: 0.1]
   [Code Root Fixup: 0.0 ms]
   [Code Root Purge: 0.0 ms]
   [Clear CT: 0.9 ms]
   [Other: 1.3 ms]
      [Choose CSet: 0.0 ms]
      [Ref Proc: 0.3 ms]
      [Ref Enq: 0.0 ms]
      [Redirty Cards: 0.5 ms]
      [Humongous Register: 0.0 ms]
      [Humongous Reclaim: 0.0 ms]
      [Free CSet: 0.2 ms]
   [Eden: 158.0M(158.0M)->0.0B(139.0M) Survivors: 25.0M->23.0M Heap: 420.6M(2048.0M)->422.6M(2048.0M)]
 [Times: user=1.38 sys=0.05, real=0.21 secs] 
2020-09-29T12:01:59.254+0200: 7.942: [GC pause (G1 Evacuation Pause) (young), 0.1568870 secs]
   [Parallel Time: 155.7 ms, GC Workers: 8]
      [GC Worker Start (ms): Min: 7942.1, Avg: 7942.2, Max: 7942.3, Diff: 0.2]
      [Ext Root Scanning (ms): Min: 0.0, Avg: 0.1, Max: 0.2, Diff: 0.1, Sum: 0.7]
      [Update RS (ms): Min: 17.4, Avg: 18.1, Max: 19.2, Diff: 1.9, Sum: 144.8]
         [Processed Buffers: Min: 5, Avg: 11.8, Max: 14, Diff: 9, Sum: 94]
      [Scan RS (ms): Min: 11.6, Avg: 12.8, Max: 13.6, Diff: 1.9, Sum: 102.6]
      [Code Root Scanning (ms): Min: 0.0, Avg: 0.0, Max: 0.0, Diff: 0.0, Sum: 0.0]
      [Object Copy (ms): Min: 124.3, Avg: 124.4, Max: 124.5, Diff: 0.2, Sum: 995.1]
      [Termination (ms): Min: 0.0, Avg: 0.1, Max: 0.1, Diff: 0.1, Sum: 0.6]
         [Termination Attempts: Min: 1, Avg: 353.3, Max: 453, Diff: 452, Sum: 2826]
      [GC Worker Other (ms): Min: 0.0, Avg: 0.0, Max: 0.0, Diff: 0.0, Sum: 0.2]
      [GC Worker Total (ms): Min: 155.4, Avg: 155.5, Max: 155.6, Diff: 0.2, Sum: 1244.0]
      [GC Worker End (ms): Min: 8097.7, Avg: 8097.7, Max: 8097.7, Diff: 0.0]
   [Code Root Fixup: 0.0 ms]
   [Code Root Purge: 0.0 ms]
   [Clear CT: 0.2 ms]
   [Other: 1.0 ms]
      [Choose CSet: 0.0 ms]
      [Ref Proc: 0.2 ms]
      [Ref Enq: 0.0 ms]
      [Redirty Cards: 0.2 ms]
      [Humongous Register: 0.0 ms]
      [Humongous Reclaim: 0.0 ms]
      [Free CSet: 0.2 ms]
   [Eden: 139.0M(139.0M)->0.0B(147.0M) Survivors: 23.0M->21.0M Heap: 584.5M(2048.0M)->586.5M(2048.0M)]
 [Times: user=1.06 sys=0.05, real=0.16 secs] 
2020-09-29T12:01:59.521+0200: 8.209: [GC pause (G1 Evacuation Pause) (young), 0.1429472 secs]
   [Parallel Time: 141.6 ms, GC Workers: 8]
      [GC Worker Start (ms): Min: 8209.0, Avg: 8209.1, Max: 8209.1, Diff: 0.1]
      [Ext Root Scanning (ms): Min: 0.0, Avg: 0.1, Max: 0.2, Diff: 0.1, Sum: 0.8]
      [Update RS (ms): Min: 15.2, Avg: 15.5, Max: 16.0, Diff: 0.7, Sum: 124.3]
         [Processed Buffers: Min: 11, Avg: 11.9, Max: 15, Diff: 4, Sum: 95]
      [Scan RS (ms): Min: 13.8, Avg: 14.2, Max: 14.5, Diff: 0.7, Sum: 113.6]
      [Code Root Scanning (ms): Min: 0.0, Avg: 0.0, Max: 0.0, Diff: 0.0, Sum: 0.0]
      [Object Copy (ms): Min: 111.3, Avg: 111.5, Max: 111.6, Diff: 0.3, Sum: 892.1]
      [Termination (ms): Min: 0.0, Avg: 0.0, Max: 0.0, Diff: 0.0, Sum: 0.1]
         [Termination Attempts: Min: 1, Avg: 53.1, Max: 78, Diff: 77, Sum: 425]
      [GC Worker Other (ms): Min: 0.0, Avg: 0.1, Max: 0.1, Diff: 0.0, Sum: 0.5]
      [GC Worker Total (ms): Min: 141.4, Avg: 141.4, Max: 141.5, Diff: 0.1, Sum: 1131.4]
      [GC Worker End (ms): Min: 8350.5, Avg: 8350.5, Max: 8350.5, Diff: 0.0]
   [Code Root Fixup: 0.0 ms]
   [Code Root Purge: 0.0 ms]
   [Clear CT: 0.3 ms]
   [Other: 1.1 ms]
      [Choose CSet: 0.0 ms]
      [Ref Proc: 0.3 ms]
      [Ref Enq: 0.0 ms]
      [Redirty Cards: 0.2 ms]
      [Humongous Register: 0.0 ms]
      [Humongous Reclaim: 0.0 ms]
      [Free CSet: 0.2 ms]
   [Eden: 147.0M(147.0M)->0.0B(161.0M) Survivors: 21.0M->21.0M Heap: 758.3M(2048.0M)->760.8M(2048.0M)]
 [Times: user=1.05 sys=0.03, real=0.14 secs] 
2020-09-29T12:01:59.777+0200: 8.465: [GC pause (G1 Evacuation Pause) (young), 0.1607029 secs]
   [Parallel Time: 159.5 ms, GC Workers: 8]
      [GC Worker Start (ms): Min: 8465.4, Avg: 8465.9, Max: 8468.6, Diff: 3.1]
      [Ext Root Scanning (ms): Min: 0.0, Avg: 0.1, Max: 0.2, Diff: 0.2, Sum: 0.7]
      [Update RS (ms): Min: 15.7, Avg: 18.0, Max: 18.6, Diff: 3.0, Sum: 143.7]
         [Processed Buffers: Min: 11, Avg: 13.1, Max: 17, Diff: 6, Sum: 105]
      [Scan RS (ms): Min: 14.4, Avg: 14.8, Max: 15.5, Diff: 1.1, Sum: 118.6]
      [Code Root Scanning (ms): Min: 0.0, Avg: 0.0, Max: 0.0, Diff: 0.0, Sum: 0.0]
      [Object Copy (ms): Min: 124.8, Avg: 125.8, Max: 126.1, Diff: 1.3, Sum: 1006.0]
      [Termination (ms): Min: 0.0, Avg: 0.2, Max: 0.2, Diff: 0.2, Sum: 1.4]
         [Termination Attempts: Min: 1, Avg: 548.8, Max: 889, Diff: 888, Sum: 4390]
      [GC Worker Other (ms): Min: 0.0, Avg: 0.0, Max: 0.1, Diff: 0.1, Sum: 0.3]
      [GC Worker Total (ms): Min: 156.2, Avg: 158.8, Max: 159.3, Diff: 3.1, Sum: 1270.6]
      [GC Worker End (ms): Min: 8624.7, Avg: 8624.7, Max: 8624.8, Diff: 0.1]
   [Code Root Fixup: 0.0 ms]
   [Code Root Purge: 0.0 ms]
   [Clear CT: 0.2 ms]
   [Other: 1.0 ms]
      [Choose CSet: 0.0 ms]
      [Ref Proc: 0.3 ms]
      [Ref Enq: 0.0 ms]
      [Redirty Cards: 0.2 ms]
      [Humongous Register: 0.0 ms]
      [Humongous Reclaim: 0.0 ms]
      [Free CSet: 0.2 ms]
   [Eden: 161.0M(161.0M)->0.0B(169.0M) Survivors: 21.0M->23.0M Heap: 948.5M(2048.0M)->950.0M(2048.0M)]
 [Times: user=1.08 sys=0.05, real=0.16 secs] 
2020-09-29T12:01:59.945+0200: 8.633: [GC pause (G1 Humongous Allocation) (young) (initial-mark), 0.0548085 secs]
   [Parallel Time: 52.2 ms, GC Workers: 8]
      [GC Worker Start (ms): Min: 8632.9, Avg: 8633.0, Max: 8633.1, Diff: 0.2]
      [Ext Root Scanning (ms): Min: 0.0, Avg: 0.2, Max: 0.3, Diff: 0.3, Sum: 1.6]
      [Update RS (ms): Min: 30.5, Avg: 30.8, Max: 31.4, Diff: 0.9, Sum: 246.7]
         [Processed Buffers: Min: 23, Avg: 25.5, Max: 28, Diff: 5, Sum: 204]
      [Scan RS (ms): Min: 1.7, Avg: 2.4, Max: 2.9, Diff: 1.2, Sum: 19.1]
      [Code Root Scanning (ms): Min: 0.0, Avg: 0.0, Max: 0.0, Diff: 0.0, Sum: 0.0]
      [Object Copy (ms): Min: 18.3, Avg: 18.6, Max: 18.8, Diff: 0.4, Sum: 148.8]
      [Termination (ms): Min: 0.0, Avg: 0.0, Max: 0.1, Diff: 0.1, Sum: 0.3]
         [Termination Attempts: Min: 1, Avg: 184.0, Max: 221, Diff: 220, Sum: 1472]
      [GC Worker Other (ms): Min: 0.0, Avg: 0.0, Max: 0.0, Diff: 0.0, Sum: 0.2]
      [GC Worker Total (ms): Min: 52.0, Avg: 52.1, Max: 52.2, Diff: 0.2, Sum: 416.7]
      [GC Worker End (ms): Min: 8685.1, Avg: 8685.1, Max: 8685.1, Diff: 0.0]
   [Code Root Fixup: 0.0 ms]
   [Code Root Purge: 0.0 ms]
   [Clear CT: 0.2 ms]
   [Other: 2.4 ms]
      [Choose CSet: 0.0 ms]
      [Ref Proc: 0.3 ms]
      [Ref Enq: 0.0 ms]
      [Redirty Cards: 1.6 ms]
      [Humongous Register: 0.1 ms]
      [Humongous Reclaim: 0.0 ms]
      [Free CSet: 0.1 ms]
   [Eden: 3072.0K(169.0M)->0.0B(195.0M) Survivors: 23.0M->5120.0K Heap: 952.5M(2048.0M)->957.0M(2048.0M)]
 [Times: user=0.34 sys=0.00, real=0.06 secs] 
2020-09-29T12:02:00.000+0200: 8.688: [GC concurrent-root-region-scan-start]
2020-09-29T12:02:00.001+0200: 8.689: [GC concurrent-root-region-scan-end, 0.0013026 secs]
2020-09-29T12:02:00.001+0200: 8.689: [GC concurrent-mark-start]
2020-09-29T12:02:00.006+0200: 8.694: [GC concurrent-mark-end, 0.0053683 secs]
2020-09-29T12:02:00.007+0200: 8.695: [GC remark 2020-09-29T12:02:00.007+0200: 8.695: [Finalize Marking, 0.0002147 secs] 2020-09-29T12:02:00.007+0200: 8.695: [GC ref-proc, 0.0005472 secs] 2020-09-29T12:02:00.008+0200: 8.696: [Unloading, 0.0006620 secs], 0.0020174 secs]
 [Times: user=0.00 sys=0.00, real=0.00 secs] 
2020-09-29T12:02:00.010+0200: 8.698: [GC cleanup 969M->25M(2048M), 0.0016635 secs]
 [Times: user=0.00 sys=0.00, real=0.00 secs] 
2020-09-29T12:02:00.011+0200: 8.699: [GC concurrent-cleanup-start]
2020-09-29T12:02:00.014+0200: 8.702: [GC concurrent-cleanup-end, 0.0022307 secs]
2020-09-29T12:02:00.145+0200: 8.833: [GC pause (G1 Evacuation Pause) (young), 0.1614533 secs]
   [Parallel Time: 159.8 ms, GC Workers: 8]
      [GC Worker Start (ms): Min: 8833.5, Avg: 8833.6, Max: 8834.0, Diff: 0.5]
      [Ext Root Scanning (ms): Min: 0.0, Avg: 0.1, Max: 0.2, Diff: 0.2, Sum: 0.8]
      [Update RS (ms): Min: 18.9, Avg: 19.4, Max: 19.8, Diff: 0.8, Sum: 154.9]
         [Processed Buffers: Min: 12, Avg: 15.0, Max: 18, Diff: 6, Sum: 120]
      [Scan RS (ms): Min: 16.7, Avg: 16.8, Max: 16.9, Diff: 0.2, Sum: 134.4]
      [Code Root Scanning (ms): Min: 0.0, Avg: 0.0, Max: 0.0, Diff: 0.0, Sum: 0.0]
      [Object Copy (ms): Min: 122.9, Avg: 123.2, Max: 123.3, Diff: 0.4, Sum: 985.5]
      [Termination (ms): Min: 0.0, Avg: 0.1, Max: 0.1, Diff: 0.1, Sum: 0.5]
         [Termination Attempts: Min: 1, Avg: 284.1, Max: 389, Diff: 388, Sum: 2273]
      [GC Worker Other (ms): Min: 0.0, Avg: 0.0, Max: 0.1, Diff: 0.0, Sum: 0.3]
      [GC Worker Total (ms): Min: 159.2, Avg: 159.6, Max: 159.7, Diff: 0.5, Sum: 1276.4]
      [GC Worker End (ms): Min: 8993.1, Avg: 8993.1, Max: 8993.2, Diff: 0.0]
   [Code Root Fixup: 0.0 ms]
   [Code Root Purge: 0.0 ms]
   [Clear CT: 0.3 ms]
   [Other: 1.4 ms]
      [Choose CSet: 0.0 ms]
      [Ref Proc: 0.5 ms]
      [Ref Enq: 0.0 ms]
      [Redirty Cards: 0.2 ms]
      [Humongous Register: 0.1 ms]
      [Humongous Reclaim: 0.0 ms]
      [Free CSet: 0.2 ms]
   [Eden: 195.0M(195.0M)->0.0B(182.0M) Survivors: 5120.0K->25.0M Heap: 242.3M(2048.0M)->238.8M(2048.0M)]
 [Times: user=1.08 sys=0.08, real=0.16 secs] 
2020-09-29T12:02:00.445+0200: 9.133: [GC pause (G1 Evacuation Pause) (young), 0.1905882 secs]
   [Parallel Time: 189.2 ms, GC Workers: 8]
      [GC Worker Start (ms): Min: 9133.1, Avg: 9133.2, Max: 9133.3, Diff: 0.2]
      [Ext Root Scanning (ms): Min: 0.0, Avg: 0.1, Max: 0.2, Diff: 0.2, Sum: 0.7]
      [Update RS (ms): Min: 20.0, Avg: 21.0, Max: 24.2, Diff: 4.2, Sum: 167.9]
         [Processed Buffers: Min: 11, Avg: 14.4, Max: 16, Diff: 5, Sum: 115]
      [Scan RS (ms): Min: 18.5, Avg: 21.4, Max: 22.4, Diff: 4.0, Sum: 171.5]
      [Code Root Scanning (ms): Min: 0.0, Avg: 0.0, Max: 0.0, Diff: 0.0, Sum: 0.0]
      [Object Copy (ms): Min: 145.6, Avg: 146.1, Max: 146.4, Diff: 0.8, Sum: 1169.2]
      [Termination (ms): Min: 0.0, Avg: 0.3, Max: 0.9, Diff: 0.9, Sum: 2.2]
         [Termination Attempts: Min: 1, Avg: 556.6, Max: 693, Diff: 692, Sum: 4453]
      [GC Worker Other (ms): Min: 0.0, Avg: 0.0, Max: 0.1, Diff: 0.0, Sum: 0.3]
      [GC Worker Total (ms): Min: 188.9, Avg: 189.0, Max: 189.1, Diff: 0.2, Sum: 1511.8]
      [GC Worker End (ms): Min: 9322.1, Avg: 9322.2, Max: 9322.2, Diff: 0.0]
   [Code Root Fixup: 0.0 ms]
   [Code Root Purge: 0.0 ms]
   [Clear CT: 0.3 ms]
   [Other: 1.0 ms]
      [Choose CSet: 0.0 ms]
      [Ref Proc: 0.2 ms]
      [Ref Enq: 0.0 ms]
      [Redirty Cards: 0.3 ms]
      [Humongous Register: 0.0 ms]
      [Humongous Reclaim: 0.0 ms]
      [Free CSet: 0.2 ms]
   [Eden: 182.0M(182.0M)->0.0B(172.0M) Survivors: 25.0M->26.0M Heap: 449.4M(2048.0M)->450.9M(2048.0M)]
 [Times: user=1.33 sys=0.05, real=0.19 secs] 
2020-09-29T12:02:00.769+0200: 9.457: [GC pause (G1 Evacuation Pause) (young), 0.1943571 secs]
   [Parallel Time: 193.0 ms, GC Workers: 8]
      [GC Worker Start (ms): Min: 9456.9, Avg: 9457.2, Max: 9457.6, Diff: 0.7]
      [Ext Root Scanning (ms): Min: 0.0, Avg: 0.1, Max: 0.3, Diff: 0.3, Sum: 0.9]
      [Update RS (ms): Min: 16.5, Avg: 17.3, Max: 17.9, Diff: 1.4, Sum: 138.0]
         [Processed Buffers: Min: 11, Avg: 12.6, Max: 13, Diff: 2, Sum: 101]
      [Scan RS (ms): Min: 16.9, Avg: 17.4, Max: 17.9, Diff: 0.9, Sum: 139.5]
      [Code Root Scanning (ms): Min: 0.0, Avg: 0.0, Max: 0.0, Diff: 0.0, Sum: 0.0]
      [Object Copy (ms): Min: 157.2, Avg: 157.4, Max: 157.8, Diff: 0.7, Sum: 1258.8]
      [Termination (ms): Min: 0.0, Avg: 0.5, Max: 0.6, Diff: 0.6, Sum: 3.6]
         [Termination Attempts: Min: 1, Avg: 2301.8, Max: 3003, Diff: 3002, Sum: 18414]
      [GC Worker Other (ms): Min: 0.0, Avg: 0.0, Max: 0.1, Diff: 0.1, Sum: 0.3]
      [GC Worker Total (ms): Min: 192.2, Avg: 192.7, Max: 192.9, Diff: 0.7, Sum: 1541.2]
      [GC Worker End (ms): Min: 9649.8, Avg: 9649.8, Max: 9649.9, Diff: 0.1]
   [Code Root Fixup: 0.0 ms]
   [Code Root Purge: 0.0 ms]
   [Clear CT: 0.2 ms]
   [Other: 1.1 ms]
      [Choose CSet: 0.0 ms]
      [Ref Proc: 0.3 ms]
      [Ref Enq: 0.0 ms]
      [Redirty Cards: 0.3 ms]
      [Humongous Register: 0.1 ms]
      [Humongous Reclaim: 0.0 ms]
      [Free CSet: 0.2 ms]
   [Eden: 172.0M(172.0M)->0.0B(164.0M) Survivors: 26.0M->25.0M Heap: 651.6M(2048.0M)->653.6M(2048.0M)]
 [Times: user=1.45 sys=0.08, real=0.19 secs] 
2020-09-29T12:02:01.091+0200: 9.779: [GC pause (G1 Evacuation Pause) (young), 0.1553054 secs]
   [Parallel Time: 154.1 ms, GC Workers: 8]
      [GC Worker Start (ms): Min: 9778.8, Avg: 9778.9, Max: 9778.9, Diff: 0.1]
      [Ext Root Scanning (ms): Min: 0.0, Avg: 0.1, Max: 0.2, Diff: 0.1, Sum: 0.7]
      [Update RS (ms): Min: 21.4, Avg: 21.7, Max: 22.0, Diff: 0.7, Sum: 173.6]
         [Processed Buffers: Min: 13, Avg: 16.9, Max: 21, Diff: 8, Sum: 135]
      [Scan RS (ms): Min: 12.9, Avg: 13.3, Max: 13.6, Diff: 0.7, Sum: 106.2]
      [Code Root Scanning (ms): Min: 0.0, Avg: 0.0, Max: 0.0, Diff: 0.0, Sum: 0.0]
      [Object Copy (ms): Min: 118.6, Avg: 118.7, Max: 118.9, Diff: 0.3, Sum: 950.0]
      [Termination (ms): Min: 0.0, Avg: 0.1, Max: 0.1, Diff: 0.1, Sum: 0.4]
         [Termination Attempts: Min: 1, Avg: 289.8, Max: 411, Diff: 410, Sum: 2318]
      [GC Worker Other (ms): Min: 0.0, Avg: 0.0, Max: 0.1, Diff: 0.1, Sum: 0.4]
      [GC Worker Total (ms): Min: 153.8, Avg: 153.9, Max: 154.0, Diff: 0.2, Sum: 1231.3]
      [GC Worker End (ms): Min: 9932.8, Avg: 9932.8, Max: 9932.8, Diff: 0.1]
   [Code Root Fixup: 0.0 ms]
   [Code Root Purge: 0.0 ms]
   [Clear CT: 0.2 ms]
   [Other: 1.0 ms]
      [Choose CSet: 0.0 ms]
      [Ref Proc: 0.3 ms]
      [Ref Enq: 0.0 ms]
      [Redirty Cards: 0.2 ms]
      [Humongous Register: 0.0 ms]
      [Humongous Reclaim: 0.0 ms]
      [Free CSet: 0.2 ms]
   [Eden: 164.0M(164.0M)->0.0B(175.0M) Survivors: 25.0M->24.0M Heap: 846.2M(2048.0M)->848.7M(2048.0M)]
 [Times: user=1.14 sys=0.06, real=0.15 secs] 
2020-09-29T12:02:01.413+0200: 10.101: [GC pause (G1 Evacuation Pause) (young), 0.1721279 secs]
   [Parallel Time: 170.9 ms, GC Workers: 8]
      [GC Worker Start (ms): Min: 10101.4, Avg: 10102.6, Max: 10106.2, Diff: 4.9]
      [Ext Root Scanning (ms): Min: 0.0, Avg: 0.1, Max: 0.3, Diff: 0.3, Sum: 1.1]
      [Update RS (ms): Min: 16.9, Avg: 20.4, Max: 22.1, Diff: 5.2, Sum: 163.4]
         [Processed Buffers: Min: 11, Avg: 14.3, Max: 19, Diff: 8, Sum: 114]
      [Scan RS (ms): Min: 16.8, Avg: 17.3, Max: 17.6, Diff: 0.7, Sum: 138.1]
      [Code Root Scanning (ms): Min: 0.0, Avg: 0.0, Max: 0.0, Diff: 0.0, Sum: 0.0]
      [Object Copy (ms): Min: 131.4, Avg: 131.5, Max: 131.7, Diff: 0.2, Sum: 1052.3]
      [Termination (ms): Min: 0.1, Avg: 0.1, Max: 0.2, Diff: 0.1, Sum: 1.1]
         [Termination Attempts: Min: 1, Avg: 396.4, Max: 521, Diff: 520, Sum: 3171]
      [GC Worker Other (ms): Min: 0.0, Avg: 0.0, Max: 0.0, Diff: 0.0, Sum: 0.1]
      [GC Worker Total (ms): Min: 165.9, Avg: 169.5, Max: 170.8, Diff: 4.9, Sum: 1356.1]
      [GC Worker End (ms): Min: 10272.1, Avg: 10272.2, Max: 10272.2, Diff: 0.0]
   [Code Root Fixup: 0.0 ms]
   [Code Root Purge: 0.0 ms]
   [Clear CT: 0.3 ms]
   [Other: 1.0 ms]
      [Choose CSet: 0.0 ms]
      [Ref Proc: 0.2 ms]
      [Ref Enq: 0.0 ms]
      [Redirty Cards: 0.2 ms]
      [Humongous Register: 0.1 ms]
      [Humongous Reclaim: 0.0 ms]
      [Free CSet: 0.2 ms]
   [Eden: 175.0M(175.0M)->0.0B(177.0M) Survivors: 24.0M->25.0M Heap: 1052.3M(2048.0M)->1053.8M(2048.0M)]
 [Times: user=1.27 sys=0.08, real=0.17 secs] 
2020-09-29T12:02:01.605+0200: 10.293: [GC pause (G1 Humongous Allocation) (young) (initial-mark), 0.0415311 secs]
   [Parallel Time: 40.4 ms, GC Workers: 8]
      [GC Worker Start (ms): Min: 10293.0, Avg: 10293.0, Max: 10293.1, Diff: 0.1]
      [Ext Root Scanning (ms): Min: 0.1, Avg: 0.1, Max: 0.2, Diff: 0.1, Sum: 0.9]
      [Update RS (ms): Min: 18.0, Avg: 18.2, Max: 18.7, Diff: 0.6, Sum: 145.9]
         [Processed Buffers: Min: 14, Avg: 15.6, Max: 18, Diff: 4, Sum: 125]
      [Scan RS (ms): Min: 1.7, Avg: 2.2, Max: 2.5, Diff: 0.7, Sum: 17.7]
      [Code Root Scanning (ms): Min: 0.0, Avg: 0.0, Max: 0.0, Diff: 0.0, Sum: 0.0]
      [Object Copy (ms): Min: 19.5, Avg: 19.6, Max: 19.7, Diff: 0.1, Sum: 156.8]
      [Termination (ms): Min: 0.0, Avg: 0.0, Max: 0.0, Diff: 0.0, Sum: 0.1]
         [Termination Attempts: Min: 1, Avg: 71.1, Max: 96, Diff: 95, Sum: 569]
      [GC Worker Other (ms): Min: 0.0, Avg: 0.0, Max: 0.0, Diff: 0.0, Sum: 0.2]
      [GC Worker Total (ms): Min: 40.2, Avg: 40.2, Max: 40.3, Diff: 0.1, Sum: 321.7]
      [GC Worker End (ms): Min: 10333.2, Avg: 10333.2, Max: 10333.2, Diff: 0.0]
   [Code Root Fixup: 0.0 ms]
   [Code Root Purge: 0.0 ms]
   [Clear CT: 0.2 ms]
   [Other: 0.9 ms]
      [Choose CSet: 0.0 ms]
      [Ref Proc: 0.2 ms]
      [Ref Enq: 0.0 ms]
      [Redirty Cards: 0.2 ms]
      [Humongous Register: 0.1 ms]
      [Humongous Reclaim: 0.0 ms]
      [Free CSet: 0.1 ms]
   [Eden: 5120.0K(177.0M)->0.0B(215.0M) Survivors: 25.0M->7168.0K Heap: 1058.8M(2048.0M)->1061.8M(2048.0M)]
 [Times: user=0.36 sys=0.00, real=0.04 secs] 
2020-09-29T12:02:01.647+0200: 10.334: [GC concurrent-root-region-scan-start]
2020-09-29T12:02:01.649+0200: 10.337: [GC concurrent-root-region-scan-end, 0.0023694 secs]
2020-09-29T12:02:01.649+0200: 10.337: [GC concurrent-mark-start]
2020-09-29T12:02:01.654+0200: 10.342: [GC concurrent-mark-end, 0.0044260 secs]
2020-09-29T12:02:01.654+0200: 10.342: [GC remark 2020-09-29T12:02:01.655+0200: 10.342: [Finalize Marking, 0.0002710 secs] 2020-09-29T12:02:01.655+0200: 10.342: [GC ref-proc, 0.0004825 secs] 2020-09-29T12:02:01.655+0200: 10.343: [Unloading, 0.0006253 secs], 0.0017834 secs]
 [Times: user=0.00 sys=0.00, real=0.00 secs] 
2020-09-29T12:02:01.657+0200: 10.344: [GC cleanup 1072M->25M(2048M), 0.0015820 secs]
 [Times: user=0.00 sys=0.00, real=0.00 secs] 
2020-09-29T12:02:01.658+0200: 10.346: [GC concurrent-cleanup-start]
2020-09-29T12:02:01.661+0200: 10.348: [GC concurrent-cleanup-end, 0.0022355 secs]
2020-09-29T12:02:01.813+0200: 10.500: [GC pause (G1 Evacuation Pause) (young), 0.1806620 secs]
   [Parallel Time: 179.1 ms, GC Workers: 8]
      [GC Worker Start (ms): Min: 10500.1, Avg: 10500.2, Max: 10500.3, Diff: 0.2]
      [Ext Root Scanning (ms): Min: 0.0, Avg: 0.1, Max: 0.2, Diff: 0.2, Sum: 0.6]
      [Update RS (ms): Min: 17.5, Avg: 18.1, Max: 18.5, Diff: 1.0, Sum: 144.7]
         [Processed Buffers: Min: 5, Avg: 12.1, Max: 15, Diff: 10, Sum: 97]
      [Scan RS (ms): Min: 20.3, Avg: 20.8, Max: 21.5, Diff: 1.1, Sum: 166.7]
      [Code Root Scanning (ms): Min: 0.0, Avg: 0.0, Max: 0.0, Diff: 0.0, Sum: 0.0]
      [Object Copy (ms): Min: 139.7, Avg: 139.8, Max: 139.9, Diff: 0.2, Sum: 1118.7]
      [Termination (ms): Min: 0.0, Avg: 0.1, Max: 0.1, Diff: 0.1, Sum: 0.6]
         [Termination Attempts: Min: 1, Avg: 381.8, Max: 489, Diff: 488, Sum: 3054]
      [GC Worker Other (ms): Min: 0.0, Avg: 0.0, Max: 0.1, Diff: 0.0, Sum: 0.3]
      [GC Worker Total (ms): Min: 178.9, Avg: 179.0, Max: 179.1, Diff: 0.2, Sum: 1431.6]
      [GC Worker End (ms): Min: 10679.1, Avg: 10679.1, Max: 10679.1, Diff: 0.0]
   [Code Root Fixup: 0.0 ms]
   [Code Root Purge: 0.0 ms]
   [Clear CT: 0.3 ms]
   [Other: 1.2 ms]
      [Choose CSet: 0.0 ms]
      [Ref Proc: 0.3 ms]
      [Ref Enq: 0.0 ms]
      [Redirty Cards: 0.3 ms]
      [Humongous Register: 0.0 ms]
      [Humongous Reclaim: 0.0 ms]
      [Free CSet: 0.2 ms]
   [Eden: 215.0M(215.0M)->0.0B(189.0M) Survivors: 7168.0K->28.0M Heap: 265.7M(2048.0M)->261.2M(2048.0M)]
 [Times: user=1.41 sys=0.03, real=0.18 secs] 
2020-09-29T12:02:02.115+0200: 10.803: [GC pause (G1 Evacuation Pause) (young), 0.1530505 secs]
   [Parallel Time: 151.8 ms, GC Workers: 8]
      [GC Worker Start (ms): Min: 10802.9, Avg: 10804.4, Max: 10814.6, Diff: 11.7]
      [Ext Root Scanning (ms): Min: 0.0, Avg: 0.1, Max: 0.2, Diff: 0.2, Sum: 0.7]
      [Update RS (ms): Min: 7.3, Avg: 19.3, Max: 30.9, Diff: 23.6, Sum: 154.0]
         [Processed Buffers: Min: 8, Avg: 14.8, Max: 22, Diff: 14, Sum: 118]
      [Scan RS (ms): Min: 6.0, Avg: 16.2, Max: 18.3, Diff: 12.3, Sum: 129.8]
      [Code Root Scanning (ms): Min: 0.0, Avg: 0.0, Max: 0.0, Diff: 0.0, Sum: 0.0]
      [Object Copy (ms): Min: 114.3, Avg: 114.5, Max: 114.6, Diff: 0.3, Sum: 916.3]
      [Termination (ms): Min: 0.0, Avg: 0.0, Max: 0.1, Diff: 0.1, Sum: 0.3]
         [Termination Attempts: Min: 1, Avg: 298.9, Max: 400, Diff: 399, Sum: 2391]
      [GC Worker Other (ms): Min: 0.0, Avg: 0.0, Max: 0.1, Diff: 0.0, Sum: 0.3]
      [GC Worker Total (ms): Min: 140.0, Avg: 150.2, Max: 151.7, Diff: 11.7, Sum: 1201.5]
      [GC Worker End (ms): Min: 10954.6, Avg: 10954.6, Max: 10954.6, Diff: 0.0]
   [Code Root Fixup: 0.0 ms]
   [Code Root Purge: 0.0 ms]
   [Clear CT: 0.3 ms]
   [Other: 0.9 ms]
      [Choose CSet: 0.0 ms]
      [Ref Proc: 0.1 ms]
      [Ref Enq: 0.0 ms]
      [Redirty Cards: 0.3 ms]
      [Humongous Register: 0.0 ms]
      [Humongous Reclaim: 0.0 ms]
      [Free CSet: 0.2 ms]
   [Eden: 189.0M(189.0M)->0.0B(193.0M) Survivors: 28.0M->28.0M Heap: 482.7M(2048.0M)->485.2M(2048.0M)]
 [Times: user=1.05 sys=0.02, real=0.15 secs] 
2020-09-29T12:02:02.389+0200: 11.076: [GC pause (G1 Evacuation Pause) (young), 0.1358164 secs]
   [Parallel Time: 134.8 ms, GC Workers: 8]
      [GC Worker Start (ms): Min: 11076.1, Avg: 11076.2, Max: 11076.2, Diff: 0.1]
      [Ext Root Scanning (ms): Min: 0.0, Avg: 0.1, Max: 0.1, Diff: 0.1, Sum: 0.7]
      [Update RS (ms): Min: 18.5, Avg: 18.6, Max: 18.9, Diff: 0.5, Sum: 148.9]
         [Processed Buffers: Min: 13, Avg: 16.1, Max: 19, Diff: 6, Sum: 129]
      [Scan RS (ms): Min: 16.8, Avg: 17.1, Max: 17.5, Diff: 0.7, Sum: 137.0]
      [Code Root Scanning (ms): Min: 0.0, Avg: 0.0, Max: 0.0, Diff: 0.0, Sum: 0.0]
      [Object Copy (ms): Min: 98.5, Avg: 98.7, Max: 98.8, Diff: 0.3, Sum: 789.8]
      [Termination (ms): Min: 0.0, Avg: 0.1, Max: 0.1, Diff: 0.1, Sum: 0.4]
         [Termination Attempts: Min: 1, Avg: 357.1, Max: 478, Diff: 477, Sum: 2857]
      [GC Worker Other (ms): Min: 0.0, Avg: 0.0, Max: 0.0, Diff: 0.0, Sum: 0.2]
      [GC Worker Total (ms): Min: 134.6, Avg: 134.6, Max: 134.7, Diff: 0.1, Sum: 1077.0]
      [GC Worker End (ms): Min: 11210.8, Avg: 11210.8, Max: 11210.8, Diff: 0.0]
   [Code Root Fixup: 0.0 ms]
   [Code Root Purge: 0.0 ms]
   [Clear CT: 0.2 ms]
   [Other: 0.9 ms]
      [Choose CSet: 0.0 ms]
      [Ref Proc: 0.2 ms]
      [Ref Enq: 0.0 ms]
      [Redirty Cards: 0.2 ms]
      [Humongous Register: 0.0 ms]
      [Humongous Reclaim: 0.0 ms]
      [Free CSet: 0.2 ms]
   [Eden: 193.0M(193.0M)->0.0B(208.0M) Survivors: 28.0M->28.0M Heap: 710.6M(2048.0M)->713.1M(2048.0M)]
 [Times: user=1.08 sys=0.05, real=0.14 secs] 
2020-09-29T12:02:02.657+0200: 11.345: [GC pause (G1 Evacuation Pause) (young), 0.1432470 secs]
   [Parallel Time: 142.1 ms, GC Workers: 8]
      [GC Worker Start (ms): Min: 11344.9, Avg: 11345.0, Max: 11345.0, Diff: 0.1]
      [Ext Root Scanning (ms): Min: 0.0, Avg: 0.1, Max: 0.1, Diff: 0.1, Sum: 0.7]
      [Update RS (ms): Min: 15.7, Avg: 15.9, Max: 16.4, Diff: 0.7, Sum: 126.8]
         [Processed Buffers: Min: 13, Avg: 15.6, Max: 18, Diff: 5, Sum: 125]
      [Scan RS (ms): Min: 14.3, Avg: 15.0, Max: 16.3, Diff: 2.0, Sum: 120.0]
      [Code Root Scanning (ms): Min: 0.0, Avg: 0.0, Max: 0.0, Diff: 0.0, Sum: 0.0]
      [Object Copy (ms): Min: 109.7, Avg: 110.8, Max: 111.1, Diff: 1.5, Sum: 886.8]
      [Termination (ms): Min: 0.0, Avg: 0.1, Max: 0.2, Diff: 0.1, Sum: 1.2]
         [Termination Attempts: Min: 1, Avg: 717.4, Max: 930, Diff: 929, Sum: 5739]
      [GC Worker Other (ms): Min: 0.0, Avg: 0.0, Max: 0.1, Diff: 0.0, Sum: 0.2]
      [GC Worker Total (ms): Min: 141.9, Avg: 142.0, Max: 142.0, Diff: 0.1, Sum: 1135.7]
      [GC Worker End (ms): Min: 11486.9, Avg: 11487.0, Max: 11487.0, Diff: 0.1]
   [Code Root Fixup: 0.0 ms]
   [Code Root Purge: 0.0 ms]
   [Clear CT: 0.2 ms]
   [Other: 0.9 ms]
      [Choose CSet: 0.0 ms]
      [Ref Proc: 0.2 ms]
      [Ref Enq: 0.0 ms]
      [Redirty Cards: 0.2 ms]
      [Humongous Register: 0.1 ms]
      [Humongous Reclaim: 0.0 ms]
      [Free CSet: 0.2 ms]
   [Eden: 208.0M(208.0M)->0.0B(224.0M) Survivors: 28.0M->30.0M Heap: 955.4M(2048.0M)->958.4M(2048.0M)]
 [Times: user=1.00 sys=0.05, real=0.14 secs] 
2020-09-29T12:02:02.805+0200: 11.492: [GC pause (G1 Humongous Allocation) (young) (initial-mark), 0.0556419 secs]
   [Parallel Time: 54.7 ms, GC Workers: 8]
      [GC Worker Start (ms): Min: 11492.5, Avg: 11492.6, Max: 11492.7, Diff: 0.2]
      [Ext Root Scanning (ms): Min: 0.0, Avg: 0.5, Max: 3.3, Diff: 3.3, Sum: 4.4]
      [Update RS (ms): Min: 29.5, Avg: 32.5, Max: 33.3, Diff: 3.8, Sum: 259.6]
         [Processed Buffers: Min: 32, Avg: 36.0, Max: 39, Diff: 7, Sum: 288]
      [Scan RS (ms): Min: 1.4, Avg: 2.0, Max: 2.4, Diff: 1.0, Sum: 15.9]
      [Code Root Scanning (ms): Min: 0.0, Avg: 0.0, Max: 0.0, Diff: 0.0, Sum: 0.0]
      [Object Copy (ms): Min: 19.3, Avg: 19.5, Max: 19.6, Diff: 0.3, Sum: 156.1]
      [Termination (ms): Min: 0.0, Avg: 0.0, Max: 0.0, Diff: 0.0, Sum: 0.1]
         [Termination Attempts: Min: 1, Avg: 87.0, Max: 109, Diff: 108, Sum: 696]
      [GC Worker Other (ms): Min: 0.0, Avg: 0.0, Max: 0.1, Diff: 0.0, Sum: 0.2]
      [GC Worker Total (ms): Min: 54.4, Avg: 54.5, Max: 54.6, Diff: 0.2, Sum: 436.3]
      [GC Worker End (ms): Min: 11547.1, Avg: 11547.1, Max: 11547.1, Diff: 0.0]
   [Code Root Fixup: 0.0 ms]
   [Code Root Purge: 0.0 ms]
   [Clear CT: 0.1 ms]
   [Other: 0.8 ms]
      [Choose CSet: 0.0 ms]
      [Ref Proc: 0.2 ms]
      [Ref Enq: 0.0 ms]
      [Redirty Cards: 0.2 ms]
      [Humongous Register: 0.1 ms]
      [Humongous Reclaim: 0.0 ms]
      [Free CSet: 0.1 ms]
   [Eden: 8192.0K(224.0M)->0.0B(247.0M) Survivors: 30.0M->10.0M Heap: 966.4M(2048.0M)->969.9M(2048.0M)]
 [Times: user=0.38 sys=0.00, real=0.06 secs] 
2020-09-29T12:02:02.861+0200: 11.548: [GC concurrent-root-region-scan-start]
2020-09-29T12:02:02.863+0200: 11.550: [GC concurrent-root-region-scan-end, 0.0023344 secs]
2020-09-29T12:02:02.863+0200: 11.550: [GC concurrent-mark-start]
2020-09-29T12:02:02.865+0200: 11.553: [GC concurrent-mark-end, 0.0023700 secs]
2020-09-29T12:02:02.866+0200: 11.553: [GC remark 2020-09-29T12:02:02.866+0200: 11.553: [Finalize Marking, 0.0001917 secs] 2020-09-29T12:02:02.866+0200: 11.553: [GC ref-proc, 0.0002802 secs] 2020-09-29T12:02:02.866+0200: 11.554: [Unloading, 0.0004414 secs], 0.0011774 secs]
 [Times: user=0.00 sys=0.00, real=0.00 secs] 
2020-09-29T12:02:02.867+0200: 11.555: [GC cleanup 981M->29M(2048M), 0.0010926 secs]
 [Times: user=0.00 sys=0.00, real=0.00 secs] 
2020-09-29T12:02:02.868+0200: 11.556: [GC concurrent-cleanup-start]
2020-09-29T12:02:02.869+0200: 11.557: [GC concurrent-cleanup-end, 0.0010520 secs]
2020-09-29T12:02:03.000+0200: 11.687: [GC pause (G1 Evacuation Pause) (young), 0.1687364 secs]
   [Parallel Time: 167.7 ms, GC Workers: 8]
      [GC Worker Start (ms): Min: 11687.1, Avg: 11687.6, Max: 11689.5, Diff: 2.4]
      [Ext Root Scanning (ms): Min: 0.0, Avg: 0.1, Max: 0.2, Diff: 0.2, Sum: 0.7]
      [Update RS (ms): Min: 18.9, Avg: 19.9, Max: 20.5, Diff: 1.6, Sum: 159.5]
         [Processed Buffers: Min: 14, Avg: 18.0, Max: 20, Diff: 6, Sum: 144]
      [Scan RS (ms): Min: 16.2, Avg: 17.1, Max: 17.4, Diff: 1.2, Sum: 136.9]
      [Code Root Scanning (ms): Min: 0.0, Avg: 0.0, Max: 0.0, Diff: 0.0, Sum: 0.0]
      [Object Copy (ms): Min: 129.8, Avg: 129.8, Max: 129.9, Diff: 0.1, Sum: 1038.6]
      [Termination (ms): Min: 0.0, Avg: 0.1, Max: 0.2, Diff: 0.2, Sum: 0.9]
         [Termination Attempts: Min: 1, Avg: 793.3, Max: 1043, Diff: 1042, Sum: 6346]
      [GC Worker Other (ms): Min: 0.0, Avg: 0.0, Max: 0.1, Diff: 0.1, Sum: 0.3]
      [GC Worker Total (ms): Min: 165.2, Avg: 167.1, Max: 167.6, Diff: 2.4, Sum: 1337.0]
      [GC Worker End (ms): Min: 11854.7, Avg: 11854.8, Max: 11854.8, Diff: 0.1]
   [Code Root Fixup: 0.0 ms]
   [Code Root Purge: 0.0 ms]
   [Clear CT: 0.2 ms]
   [Other: 0.8 ms]
      [Choose CSet: 0.0 ms]
      [Ref Proc: 0.2 ms]
      [Ref Enq: 0.0 ms]
      [Redirty Cards: 0.2 ms]
      [Humongous Register: 0.1 ms]
      [Humongous Reclaim: 0.0 ms]
      [Free CSet: 0.1 ms]
   [Eden: 247.0M(247.0M)->0.0B(227.0M) Survivors: 10.0M->33.0M Heap: 307.0M(2048.0M)->299.0M(2048.0M)]
 [Times: user=1.28 sys=0.03, real=0.17 secs] 
2020-09-29T12:02:03.298+0200: 11.986: [GC pause (G1 Evacuation Pause) (young), 0.1558606 secs]
   [Parallel Time: 154.8 ms, GC Workers: 8]
      [GC Worker Start (ms): Min: 11985.6, Avg: 11985.7, Max: 11985.8, Diff: 0.1]
      [Ext Root Scanning (ms): Min: 0.0, Avg: 0.1, Max: 0.1, Diff: 0.1, Sum: 0.6]
      [Update RS (ms): Min: 19.0, Avg: 19.2, Max: 20.1, Diff: 1.1, Sum: 153.8]
         [Processed Buffers: Min: 17, Avg: 18.4, Max: 20, Diff: 3, Sum: 147]
      [Scan RS (ms): Min: 15.4, Avg: 16.3, Max: 16.8, Diff: 1.4, Sum: 130.7]
      [Code Root Scanning (ms): Min: 0.0, Avg: 0.0, Max: 0.0, Diff: 0.0, Sum: 0.0]
      [Object Copy (ms): Min: 118.7, Avg: 118.9, Max: 119.0, Diff: 0.4, Sum: 951.5]
      [Termination (ms): Min: 0.0, Avg: 0.0, Max: 0.0, Diff: 0.0, Sum: 0.2]
         [Termination Attempts: Min: 1, Avg: 186.4, Max: 273, Diff: 272, Sum: 1491]
      [GC Worker Other (ms): Min: 0.0, Avg: 0.0, Max: 0.1, Diff: 0.1, Sum: 0.3]
      [GC Worker Total (ms): Min: 154.6, Avg: 154.6, Max: 154.7, Diff: 0.1, Sum: 1237.0]
      [GC Worker End (ms): Min: 12140.3, Avg: 12140.3, Max: 12140.4, Diff: 0.1]
   [Code Root Fixup: 0.0 ms]
   [Code Root Purge: 0.0 ms]
   [Clear CT: 0.2 ms]
   [Other: 0.9 ms]
      [Choose CSet: 0.0 ms]
      [Ref Proc: 0.2 ms]
      [Ref Enq: 0.0 ms]
      [Redirty Cards: 0.2 ms]
      [Humongous Register: 0.0 ms]
      [Humongous Reclaim: 0.0 ms]
      [Free CSet: 0.2 ms]
   [Eden: 227.0M(227.0M)->0.0B(236.0M) Survivors: 33.0M->33.0M Heap: 564.1M(2048.0M)->566.1M(2048.0M)]
 [Times: user=1.14 sys=0.05, real=0.16 secs] 
2020-09-29T12:02:03.607+0200: 12.295: [GC pause (G1 Evacuation Pause) (young), 0.1633446 secs]
   [Parallel Time: 162.1 ms, GC Workers: 8]
      [GC Worker Start (ms): Min: 12294.6, Avg: 12294.7, Max: 12294.7, Diff: 0.1]
      [Ext Root Scanning (ms): Min: 0.0, Avg: 0.1, Max: 0.1, Diff: 0.1, Sum: 0.7]
      [Update RS (ms): Min: 17.6, Avg: 17.8, Max: 18.6, Diff: 1.0, Sum: 142.7]
         [Processed Buffers: Min: 13, Avg: 17.8, Max: 20, Diff: 7, Sum: 142]
      [Scan RS (ms): Min: 17.6, Avg: 18.6, Max: 20.5, Diff: 2.9, Sum: 149.1]
      [Code Root Scanning (ms): Min: 0.0, Avg: 0.0, Max: 0.0, Diff: 0.0, Sum: 0.0]
      [Object Copy (ms): Min: 123.5, Avg: 125.2, Max: 125.6, Diff: 2.0, Sum: 1001.8]
      [Termination (ms): Min: 0.0, Avg: 0.0, Max: 0.0, Diff: 0.0, Sum: 0.2]
         [Termination Attempts: Min: 1, Avg: 150.0, Max: 205, Diff: 204, Sum: 1200]
      [GC Worker Other (ms): Min: 0.0, Avg: 0.1, Max: 0.2, Diff: 0.2, Sum: 0.5]
      [GC Worker Total (ms): Min: 161.8, Avg: 161.9, Max: 162.1, Diff: 0.3, Sum: 1295.0]
      [GC Worker End (ms): Min: 12456.5, Avg: 12456.6, Max: 12456.7, Diff: 0.2]
   [Code Root Fixup: 0.0 ms]
   [Code Root Purge: 0.0 ms]
   [Clear CT: 0.2 ms]
   [Other: 1.0 ms]
      [Choose CSet: 0.0 ms]
      [Ref Proc: 0.2 ms]
      [Ref Enq: 0.0 ms]
      [Redirty Cards: 0.3 ms]
      [Humongous Register: 0.0 ms]
      [Humongous Reclaim: 0.0 ms]
      [Free CSet: 0.3 ms]
   [Eden: 236.0M(236.0M)->0.0B(241.0M) Survivors: 33.0M->34.0M Heap: 842.2M(2048.0M)->844.7M(2048.0M)]
 [Times: user=1.14 sys=0.03, real=0.16 secs] 
2020-09-29T12:02:03.917+0200: 12.604: [GC pause (G1 Evacuation Pause) (young), 0.1757708 secs]
   [Parallel Time: 174.7 ms, GC Workers: 8]
      [GC Worker Start (ms): Min: 12604.0, Avg: 12604.2, Max: 12604.3, Diff: 0.2]
      [Ext Root Scanning (ms): Min: 0.0, Avg: 0.1, Max: 0.2, Diff: 0.2, Sum: 0.5]
      [Update RS (ms): Min: 22.5, Avg: 22.7, Max: 23.8, Diff: 1.3, Sum: 181.9]
         [Processed Buffers: Min: 17, Avg: 19.3, Max: 22, Diff: 5, Sum: 154]
      [Scan RS (ms): Min: 19.2, Avg: 20.4, Max: 21.3, Diff: 2.2, Sum: 163.6]
      [Code Root Scanning (ms): Min: 0.0, Avg: 0.0, Max: 0.0, Diff: 0.0, Sum: 0.0]
      [Object Copy (ms): Min: 130.5, Avg: 131.2, Max: 131.4, Diff: 0.9, Sum: 1049.2]
      [Termination (ms): Min: 0.0, Avg: 0.0, Max: 0.0, Diff: 0.0, Sum: 0.0]
         [Termination Attempts: Min: 1, Avg: 35.6, Max: 49, Diff: 48, Sum: 285]
      [GC Worker Other (ms): Min: 0.0, Avg: 0.1, Max: 0.1, Diff: 0.1, Sum: 0.4]
      [GC Worker Total (ms): Min: 174.4, Avg: 174.5, Max: 174.6, Diff: 0.2, Sum: 1395.7]
      [GC Worker End (ms): Min: 12778.6, Avg: 12778.6, Max: 12778.7, Diff: 0.1]
   [Code Root Fixup: 0.0 ms]
   [Code Root Purge: 0.0 ms]
   [Clear CT: 0.2 ms]
   [Other: 0.8 ms]
      [Choose CSet: 0.0 ms]
      [Ref Proc: 0.2 ms]
      [Ref Enq: 0.0 ms]
      [Redirty Cards: 0.2 ms]
      [Humongous Register: 0.0 ms]
      [Humongous Reclaim: 0.0 ms]
      [Free CSet: 0.1 ms]
   [Eden: 241.0M(241.0M)->0.0B(240.0M) Survivors: 34.0M->35.0M Heap: 1125.7M(2048.0M)->1128.2M(2048.0M)]
 [Times: user=1.16 sys=0.11, real=0.17 secs] 
2020-09-29T12:02:04.101+0200: 12.789: [GC pause (G1 Humongous Allocation) (young) (initial-mark), 0.0610919 secs]
   [Parallel Time: 60.2 ms, GC Workers: 8]
      [GC Worker Start (ms): Min: 12789.0, Avg: 12789.1, Max: 12789.2, Diff: 0.2]
      [Ext Root Scanning (ms): Min: 0.0, Avg: 1.3, Max: 4.5, Diff: 4.5, Sum: 10.6]
      [Update RS (ms): Min: 25.8, Avg: 29.3, Max: 32.3, Diff: 6.5, Sum: 234.6]
         [Processed Buffers: Min: 31, Avg: 34.9, Max: 37, Diff: 6, Sum: 279]
      [Scan RS (ms): Min: 0.7, Avg: 2.6, Max: 3.2, Diff: 2.5, Sum: 20.6]
      [Code Root Scanning (ms): Min: 0.0, Avg: 0.0, Max: 0.0, Diff: 0.0, Sum: 0.0]
      [Object Copy (ms): Min: 26.7, Avg: 26.8, Max: 26.8, Diff: 0.1, Sum: 214.0]
      [Termination (ms): Min: 0.0, Avg: 0.0, Max: 0.0, Diff: 0.0, Sum: 0.1]
         [Termination Attempts: Min: 1, Avg: 92.4, Max: 124, Diff: 123, Sum: 739]
      [GC Worker Other (ms): Min: 0.0, Avg: 0.0, Max: 0.0, Diff: 0.0, Sum: 0.1]
      [GC Worker Total (ms): Min: 59.9, Avg: 60.0, Max: 60.1, Diff: 0.2, Sum: 480.1]
      [GC Worker End (ms): Min: 12849.1, Avg: 12849.1, Max: 12849.1, Diff: 0.0]
   [Code Root Fixup: 0.0 ms]
   [Code Root Purge: 0.0 ms]
   [Clear CT: 0.2 ms]
   [Other: 0.7 ms]
      [Choose CSet: 0.0 ms]
      [Ref Proc: 0.2 ms]
      [Ref Enq: 0.0 ms]
      [Redirty Cards: 0.1 ms]
      [Humongous Register: 0.1 ms]
      [Humongous Reclaim: 0.0 ms]
      [Free CSet: 0.0 ms]
   [Eden: 11.0M(240.0M)->0.0B(256.0M) Survivors: 35.0M->12.0M Heap: 1138.7M(2048.0M)->1142.7M(2048.0M)]
 [Times: user=0.48 sys=0.00, real=0.06 secs] 
2020-09-29T12:02:04.163+0200: 12.850: [GC concurrent-root-region-scan-start]
2020-09-29T12:02:04.165+0200: 12.853: [GC concurrent-root-region-scan-end, 0.0025529 secs]
2020-09-29T12:02:04.165+0200: 12.853: [GC concurrent-mark-start]
2020-09-29T12:02:04.168+0200: 12.856: [GC concurrent-mark-end, 0.0029526 secs]
2020-09-29T12:02:04.168+0200: 12.856: [GC remark 2020-09-29T12:02:04.168+0200: 12.856: [Finalize Marking, 0.0001835 secs] 2020-09-29T12:02:04.169+0200: 12.856: [GC ref-proc, 0.0003029 secs] 2020-09-29T12:02:04.169+0200: 12.856: [Unloading, 0.0004670 secs], 0.0013926 secs]
 [Times: user=0.00 sys=0.00, real=0.00 secs] 
2020-09-29T12:02:04.170+0200: 12.858: [GC cleanup 1154M->31M(2048M), 0.0014757 secs]
 [Times: user=0.00 sys=0.00, real=0.00 secs] 
2020-09-29T12:02:04.172+0200: 12.859: [GC concurrent-cleanup-start]
2020-09-29T12:02:04.173+0200: 12.861: [GC concurrent-cleanup-end, 0.0015763 secs]
2020-09-29T12:02:04.302+0200: 12.990: [GC pause (G1 Evacuation Pause) (young), 0.1597570 secs]
   [Parallel Time: 158.8 ms, GC Workers: 8]
      [GC Worker Start (ms): Min: 12989.7, Avg: 12989.8, Max: 12989.8, Diff: 0.1]
      [Ext Root Scanning (ms): Min: 0.0, Avg: 0.1, Max: 0.1, Diff: 0.1, Sum: 0.6]
      [Update RS (ms): Min: 21.9, Avg: 22.2, Max: 23.0, Diff: 1.1, Sum: 177.8]
         [Processed Buffers: Min: 12, Avg: 20.8, Max: 26, Diff: 14, Sum: 166]
      [Scan RS (ms): Min: 16.7, Avg: 17.8, Max: 19.9, Diff: 3.3, Sum: 142.3]
      [Code Root Scanning (ms): Min: 0.0, Avg: 0.0, Max: 0.0, Diff: 0.0, Sum: 0.0]
      [Object Copy (ms): Min: 116.3, Avg: 118.5, Max: 118.8, Diff: 2.6, Sum: 947.8]
      [Termination (ms): Min: 0.0, Avg: 0.0, Max: 0.1, Diff: 0.1, Sum: 0.3]
         [Termination Attempts: Min: 1, Avg: 296.4, Max: 411, Diff: 410, Sum: 2371]
      [GC Worker Other (ms): Min: 0.0, Avg: 0.0, Max: 0.1, Diff: 0.1, Sum: 0.3]
      [GC Worker Total (ms): Min: 158.6, Avg: 158.6, Max: 158.7, Diff: 0.1, Sum: 1269.1]
      [GC Worker End (ms): Min: 13148.4, Avg: 13148.4, Max: 13148.4, Diff: 0.1]
   [Code Root Fixup: 0.0 ms]
   [Code Root Purge: 0.0 ms]
   [Clear CT: 0.2 ms]
   [Other: 0.8 ms]
      [Choose CSet: 0.0 ms]
      [Ref Proc: 0.2 ms]
      [Ref Enq: 0.0 ms]
      [Redirty Cards: 0.2 ms]
      [Humongous Register: 0.0 ms]
      [Humongous Reclaim: 0.0 ms]
      [Free CSet: 0.2 ms]
   [Eden: 256.0M(256.0M)->0.0B(242.0M) Survivors: 12.0M->34.0M Heap: 319.9M(2048.0M)->309.4M(2048.0M)]
 [Times: user=1.13 sys=0.06, real=0.16 secs] 
2020-09-29T12:02:04.609+0200: 13.297: [GC pause (G1 Evacuation Pause) (young), 0.1671126 secs]
   [Parallel Time: 166.2 ms, GC Workers: 8]
      [GC Worker Start (ms): Min: 13296.9, Avg: 13297.0, Max: 13297.0, Diff: 0.1]
      [Ext Root Scanning (ms): Min: 0.0, Avg: 0.1, Max: 0.1, Diff: 0.1, Sum: 0.6]
      [Update RS (ms): Min: 13.7, Avg: 13.9, Max: 14.3, Diff: 0.6, Sum: 111.6]
         [Processed Buffers: Min: 13, Avg: 14.5, Max: 17, Diff: 4, Sum: 116]
      [Scan RS (ms): Min: 20.6, Avg: 21.2, Max: 23.0, Diff: 2.4, Sum: 169.3]
      [Code Root Scanning (ms): Min: 0.0, Avg: 0.0, Max: 0.0, Diff: 0.0, Sum: 0.0]
      [Object Copy (ms): Min: 128.6, Avg: 130.4, Max: 131.0, Diff: 2.4, Sum: 1043.3]
      [Termination (ms): Min: 0.0, Avg: 0.3, Max: 0.4, Diff: 0.4, Sum: 2.4]
         [Termination Attempts: Min: 1, Avg: 2071.9, Max: 2700, Diff: 2699, Sum: 16575]
      [GC Worker Other (ms): Min: 0.1, Avg: 0.1, Max: 0.2, Diff: 0.1, Sum: 0.9]
      [GC Worker Total (ms): Min: 165.9, Avg: 166.0, Max: 166.1, Diff: 0.2, Sum: 1328.0]
      [GC Worker End (ms): Min: 13462.9, Avg: 13462.9, Max: 13463.0, Diff: 0.1]
   [Code Root Fixup: 0.0 ms]
   [Code Root Purge: 0.0 ms]
   [Clear CT: 0.2 ms]
   [Other: 0.7 ms]
      [Choose CSet: 0.0 ms]
      [Ref Proc: 0.2 ms]
      [Ref Enq: 0.0 ms]
      [Redirty Cards: 0.2 ms]
      [Humongous Register: 0.0 ms]
      [Humongous Reclaim: 0.0 ms]
      [Free CSet: 0.1 ms]
   [Eden: 242.0M(242.0M)->0.0B(242.0M) Survivors: 34.0M->35.0M Heap: 591.4M(2048.0M)->593.4M(2048.0M)]
 [Times: user=1.23 sys=0.11, real=0.17 secs] 
2020-09-29T12:02:04.907+0200: 13.594: [GC pause (G1 Evacuation Pause) (young), 0.1578812 secs]
   [Parallel Time: 156.8 ms, GC Workers: 8]
      [GC Worker Start (ms): Min: 13594.3, Avg: 13594.4, Max: 13594.5, Diff: 0.2]
      [Ext Root Scanning (ms): Min: 0.0, Avg: 0.1, Max: 0.2, Diff: 0.2, Sum: 0.5]
      [Update RS (ms): Min: 18.5, Avg: 19.0, Max: 19.5, Diff: 1.0, Sum: 151.8]
         [Processed Buffers: Min: 17, Avg: 18.4, Max: 21, Diff: 4, Sum: 147]
      [Scan RS (ms): Min: 17.7, Avg: 18.3, Max: 18.7, Diff: 1.0, Sum: 146.0]
      [Code Root Scanning (ms): Min: 0.0, Avg: 0.0, Max: 0.0, Diff: 0.0, Sum: 0.0]
      [Object Copy (ms): Min: 119.1, Avg: 119.1, Max: 119.1, Diff: 0.1, Sum: 952.7]
      [Termination (ms): Min: 0.0, Avg: 0.1, Max: 0.1, Diff: 0.1, Sum: 0.5]
         [Termination Attempts: Min: 1, Avg: 474.6, Max: 573, Diff: 572, Sum: 3797]
      [GC Worker Other (ms): Min: 0.0, Avg: 0.1, Max: 0.1, Diff: 0.1, Sum: 0.4]
      [GC Worker Total (ms): Min: 156.4, Avg: 156.5, Max: 156.6, Diff: 0.2, Sum: 1252.0]
      [GC Worker End (ms): Min: 13750.9, Avg: 13750.9, Max: 13751.0, Diff: 0.1]
   [Code Root Fixup: 0.0 ms]
   [Code Root Purge: 0.0 ms]
   [Clear CT: 0.2 ms]
   [Other: 0.9 ms]
      [Choose CSet: 0.0 ms]
      [Ref Proc: 0.2 ms]
      [Ref Enq: 0.0 ms]
      [Redirty Cards: 0.3 ms]
      [Humongous Register: 0.0 ms]
      [Humongous Reclaim: 0.0 ms]
      [Free CSet: 0.2 ms]
   [Eden: 242.0M(242.0M)->0.0B(249.0M) Survivors: 35.0M->35.0M Heap: 875.5M(2048.0M)->877.0M(2048.0M)]
 [Times: user=1.09 sys=0.08, real=0.16 secs] 
2020-09-29T12:02:05.190+0200: 13.878: [GC pause (G1 Evacuation Pause) (young), 0.1701950 secs]
   [Parallel Time: 168.8 ms, GC Workers: 8]
      [GC Worker Start (ms): Min: 13877.7, Avg: 13877.8, Max: 13877.9, Diff: 0.2]
      [Ext Root Scanning (ms): Min: 0.0, Avg: 0.1, Max: 0.1, Diff: 0.1, Sum: 0.4]
      [Update RS (ms): Min: 16.9, Avg: 17.0, Max: 17.4, Diff: 0.5, Sum: 136.2]
         [Processed Buffers: Min: 17, Avg: 18.6, Max: 20, Diff: 3, Sum: 149]
      [Scan RS (ms): Min: 17.0, Avg: 17.3, Max: 17.6, Diff: 0.6, Sum: 138.7]
      [Code Root Scanning (ms): Min: 0.0, Avg: 0.0, Max: 0.0, Diff: 0.0, Sum: 0.0]
      [Object Copy (ms): Min: 133.5, Avg: 133.7, Max: 134.1, Diff: 0.6, Sum: 1069.7]
      [Termination (ms): Min: 0.0, Avg: 0.3, Max: 0.5, Diff: 0.5, Sum: 2.8]
         [Termination Attempts: Min: 1, Avg: 2317.0, Max: 3061, Diff: 3060, Sum: 18536]
      [GC Worker Other (ms): Min: 0.0, Avg: 0.1, Max: 0.1, Diff: 0.1, Sum: 0.8]
      [GC Worker Total (ms): Min: 168.4, Avg: 168.6, Max: 168.7, Diff: 0.2, Sum: 1348.6]
      [GC Worker End (ms): Min: 14046.3, Avg: 14046.4, Max: 14046.4, Diff: 0.1]
   [Code Root Fixup: 0.0 ms]
   [Code Root Purge: 0.0 ms]
   [Clear CT: 0.2 ms]
   [Other: 1.2 ms]
      [Choose CSet: 0.0 ms]
      [Ref Proc: 0.5 ms]
      [Ref Enq: 0.0 ms]
      [Redirty Cards: 0.2 ms]
      [Humongous Register: 0.0 ms]
      [Humongous Reclaim: 0.0 ms]
      [Free CSet: 0.2 ms]
   [Eden: 249.0M(249.0M)->0.0B(253.0M) Survivors: 35.0M->36.0M Heap: 1167.9M(2048.0M)->1169.4M(2048.0M)]
 [Times: user=1.22 sys=0.05, real=0.17 secs] 
2020-09-29T12:02:05.369+0200: 14.056: [GC pause (G1 Humongous Allocation) (young) (initial-mark), 0.0789319 secs]
   [Parallel Time: 78.0 ms, GC Workers: 8]
      [GC Worker Start (ms): Min: 14056.5, Avg: 14057.0, Max: 14057.2, Diff: 0.7]
      [Ext Root Scanning (ms): Min: 0.0, Avg: 1.0, Max: 1.6, Diff: 1.6, Sum: 8.1]
      [Update RS (ms): Min: 31.4, Avg: 32.1, Max: 33.0, Diff: 1.6, Sum: 256.6]
         [Processed Buffers: Min: 34, Avg: 36.8, Max: 39, Diff: 5, Sum: 294]
      [Scan RS (ms): Min: 2.3, Avg: 2.7, Max: 3.0, Diff: 0.7, Sum: 21.3]
      [Code Root Scanning (ms): Min: 0.0, Avg: 0.0, Max: 0.0, Diff: 0.0, Sum: 0.0]
      [Object Copy (ms): Min: 41.0, Avg: 41.2, Max: 41.6, Diff: 0.6, Sum: 329.6]
      [Termination (ms): Min: 0.0, Avg: 0.5, Max: 0.6, Diff: 0.6, Sum: 3.9]
         [Termination Attempts: Min: 1, Avg: 3100.5, Max: 4019, Diff: 4018, Sum: 24804]
      [GC Worker Other (ms): Min: 0.0, Avg: 0.0, Max: 0.1, Diff: 0.0, Sum: 0.2]
      [GC Worker Total (ms): Min: 77.2, Avg: 77.5, Max: 77.9, Diff: 0.7, Sum: 619.8]
      [GC Worker End (ms): Min: 14134.4, Avg: 14134.4, Max: 14134.5, Diff: 0.0]
   [Code Root Fixup: 0.0 ms]
   [Code Root Purge: 0.0 ms]
   [Clear CT: 0.2 ms]
   [Other: 0.7 ms]
      [Choose CSet: 0.0 ms]
      [Ref Proc: 0.2 ms]
      [Ref Enq: 0.0 ms]
      [Redirty Cards: 0.1 ms]
      [Humongous Register: 0.0 ms]
      [Humongous Reclaim: 0.0 ms]
      [Free CSet: 0.1 ms]
   [Eden: 7168.0K(253.0M)->0.0B(201.0M) Survivors: 36.0M->9216.0K Heap: 1176.4M(2048.0M)->1180.4M(2048.0M)]
 [Times: user=0.59 sys=0.00, real=0.08 secs] 
2020-09-29T12:02:05.448+0200: 14.135: [GC concurrent-root-region-scan-start]
2020-09-29T12:02:05.451+0200: 14.138: [GC concurrent-root-region-scan-end, 0.0024319 secs]
2020-09-29T12:02:05.451+0200: 14.138: [GC concurrent-mark-start]
2020-09-29T12:02:05.454+0200: 14.141: [GC concurrent-mark-end, 0.0034658 secs]
2020-09-29T12:02:05.454+0200: 14.142: [GC remark 2020-09-29T12:02:05.454+0200: 14.142: [Finalize Marking, 0.0001441 secs] 2020-09-29T12:02:05.454+0200: 14.142: [GC ref-proc, 0.0003127 secs] 2020-09-29T12:02:05.455+0200: 14.142: [Unloading, 0.0004848 secs], 0.0014024 secs]
 [Times: user=0.00 sys=0.00, real=0.00 secs] 
2020-09-29T12:02:05.456+0200: 14.143: [GC cleanup 1190M->26M(2048M), 0.0011636 secs]
 [Times: user=0.00 sys=0.00, real=0.00 secs] 
2020-09-29T12:02:05.457+0200: 14.145: [GC concurrent-cleanup-start]
2020-09-29T12:02:05.459+0200: 14.146: [GC concurrent-cleanup-end, 0.0016958 secs]
2020-09-29T12:02:05.556+0200: 14.244: [GC pause (G1 Evacuation Pause) (young), 0.1171717 secs]
   [Parallel Time: 116.1 ms, GC Workers: 8]
      [GC Worker Start (ms): Min: 14243.7, Avg: 14243.8, Max: 14243.8, Diff: 0.1]
      [Ext Root Scanning (ms): Min: 0.0, Avg: 0.1, Max: 0.1, Diff: 0.1, Sum: 0.5]
      [Update RS (ms): Min: 15.2, Avg: 15.4, Max: 15.7, Diff: 0.5, Sum: 123.4]
         [Processed Buffers: Min: 14, Avg: 16.1, Max: 17, Diff: 3, Sum: 129]
      [Scan RS (ms): Min: 11.1, Avg: 11.4, Max: 11.8, Diff: 0.7, Sum: 91.4]
      [Code Root Scanning (ms): Min: 0.0, Avg: 0.0, Max: 0.0, Diff: 0.0, Sum: 0.0]
      [Object Copy (ms): Min: 88.8, Avg: 88.9, Max: 89.1, Diff: 0.3, Sum: 711.5]
      [Termination (ms): Min: 0.0, Avg: 0.0, Max: 0.0, Diff: 0.0, Sum: 0.2]
         [Termination Attempts: Min: 1, Avg: 174.1, Max: 241, Diff: 240, Sum: 1393]
      [GC Worker Other (ms): Min: 0.0, Avg: 0.0, Max: 0.1, Diff: 0.1, Sum: 0.3]
      [GC Worker Total (ms): Min: 115.8, Avg: 115.9, Max: 116.0, Diff: 0.1, Sum: 927.3]
      [GC Worker End (ms): Min: 14359.7, Avg: 14359.7, Max: 14359.7, Diff: 0.1]
   [Code Root Fixup: 0.0 ms]
   [Code Root Purge: 0.0 ms]
   [Clear CT: 0.2 ms]
   [Other: 0.9 ms]
      [Choose CSet: 0.0 ms]
      [Ref Proc: 0.2 ms]
      [Ref Enq: 0.0 ms]
      [Redirty Cards: 0.3 ms]
      [Humongous Register: 0.0 ms]
      [Humongous Reclaim: 0.0 ms]
      [Free CSet: 0.2 ms]
   [Eden: 201.0M(201.0M)->0.0B(210.0M) Survivors: 9216.0K->27.0M Heap: 251.8M(2048.0M)->244.8M(2048.0M)]
 [Times: user=0.72 sys=0.06, real=0.12 secs] 
2020-09-29T12:02:05.782+0200: 14.470: [GC pause (G1 Evacuation Pause) (young), 0.1358972 secs]
   [Parallel Time: 134.9 ms, GC Workers: 8]
      [GC Worker Start (ms): Min: 14469.8, Avg: 14469.9, Max: 14469.9, Diff: 0.2]
      [Ext Root Scanning (ms): Min: 0.0, Avg: 0.1, Max: 0.2, Diff: 0.2, Sum: 0.5]
      [Update RS (ms): Min: 18.6, Avg: 19.0, Max: 19.3, Diff: 0.7, Sum: 152.1]
         [Processed Buffers: Min: 17, Avg: 18.5, Max: 20, Diff: 3, Sum: 148]
      [Scan RS (ms): Min: 12.5, Avg: 12.8, Max: 13.2, Diff: 0.7, Sum: 102.6]
      [Code Root Scanning (ms): Min: 0.0, Avg: 0.0, Max: 0.0, Diff: 0.0, Sum: 0.0]
      [Object Copy (ms): Min: 102.3, Avg: 102.5, Max: 102.7, Diff: 0.4, Sum: 820.0]
      [Termination (ms): Min: 0.0, Avg: 0.1, Max: 0.2, Diff: 0.2, Sum: 1.0]
         [Termination Attempts: Min: 1, Avg: 899.3, Max: 1165, Diff: 1164, Sum: 7194]
      [GC Worker Other (ms): Min: 0.0, Avg: 0.0, Max: 0.1, Diff: 0.1, Sum: 0.3]
      [GC Worker Total (ms): Min: 134.5, Avg: 134.6, Max: 134.7, Diff: 0.2, Sum: 1076.5]
      [GC Worker End (ms): Min: 14604.4, Avg: 14604.4, Max: 14604.5, Diff: 0.1]
   [Code Root Fixup: 0.0 ms]
   [Code Root Purge: 0.0 ms]
   [Clear CT: 0.2 ms]
   [Other: 0.8 ms]
      [Choose CSet: 0.0 ms]
      [Ref Proc: 0.2 ms]
      [Ref Enq: 0.0 ms]
      [Redirty Cards: 0.3 ms]
      [Humongous Register: 0.0 ms]
      [Humongous Reclaim: 0.0 ms]
      [Free CSet: 0.1 ms]
   [Eden: 210.0M(210.0M)->0.0B(227.0M) Survivors: 27.0M->30.0M Heap: 489.2M(2048.0M)->490.7M(2048.0M)]
 [Times: user=1.13 sys=0.00, real=0.14 secs] 
2020-09-29T12:02:06.030+0200: 14.717: [GC pause (G1 Evacuation Pause) (young), 0.1537527 secs]
   [Parallel Time: 152.8 ms, GC Workers: 8]
      [GC Worker Start (ms): Min: 14717.3, Avg: 14717.4, Max: 14717.5, Diff: 0.1]
      [Ext Root Scanning (ms): Min: 0.0, Avg: 0.1, Max: 0.4, Diff: 0.4, Sum: 0.8]
      [Update RS (ms): Min: 25.0, Avg: 25.4, Max: 26.2, Diff: 1.2, Sum: 202.9]
         [Processed Buffers: Min: 21, Avg: 23.3, Max: 27, Diff: 6, Sum: 186]
      [Scan RS (ms): Min: 11.9, Avg: 12.7, Max: 13.1, Diff: 1.2, Sum: 101.6]
      [Code Root Scanning (ms): Min: 0.0, Avg: 0.0, Max: 0.0, Diff: 0.0, Sum: 0.0]
      [Object Copy (ms): Min: 114.2, Avg: 114.3, Max: 114.3, Diff: 0.1, Sum: 914.1]
      [Termination (ms): Min: 0.0, Avg: 0.0, Max: 0.0, Diff: 0.0, Sum: 0.1]
         [Termination Attempts: Min: 1, Avg: 56.0, Max: 78, Diff: 77, Sum: 448]
      [GC Worker Other (ms): Min: 0.0, Avg: 0.0, Max: 0.1, Diff: 0.1, Sum: 0.4]
      [GC Worker Total (ms): Min: 152.4, Avg: 152.5, Max: 152.6, Diff: 0.1, Sum: 1219.8]
      [GC Worker End (ms): Min: 14869.9, Avg: 14869.9, Max: 14870.0, Diff: 0.1]
   [Code Root Fixup: 0.0 ms]
   [Code Root Purge: 0.0 ms]
   [Clear CT: 0.2 ms]
   [Other: 0.8 ms]
      [Choose CSet: 0.0 ms]
      [Ref Proc: 0.2 ms]
      [Ref Enq: 0.0 ms]
      [Redirty Cards: 0.2 ms]
      [Humongous Register: 0.1 ms]
      [Humongous Reclaim: 0.0 ms]
      [Free CSet: 0.1 ms]
   [Eden: 227.0M(227.0M)->0.0B(234.0M) Survivors: 30.0M->33.0M Heap: 755.8M(2048.0M)->756.8M(2048.0M)]
 [Times: user=1.11 sys=0.09, real=0.15 secs] 
2020-09-29T12:02:06.310+0200: 14.998: [GC pause (G1 Evacuation Pause) (young), 0.1508285 secs]
   [Parallel Time: 149.8 ms, GC Workers: 8]
      [GC Worker Start (ms): Min: 14997.9, Avg: 14997.9, Max: 14998.0, Diff: 0.1]
      [Ext Root Scanning (ms): Min: 0.0, Avg: 0.1, Max: 0.1, Diff: 0.1, Sum: 0.6]
      [Update RS (ms): Min: 22.6, Avg: 22.7, Max: 22.7, Diff: 0.1, Sum: 181.2]
         [Processed Buffers: Min: 20, Avg: 23.4, Max: 27, Diff: 7, Sum: 187]
      [Scan RS (ms): Min: 13.5, Avg: 13.6, Max: 13.8, Diff: 0.2, Sum: 109.2]
      [Code Root Scanning (ms): Min: 0.0, Avg: 0.0, Max: 0.0, Diff: 0.0, Sum: 0.0]
      [Object Copy (ms): Min: 113.1, Avg: 113.2, Max: 113.3, Diff: 0.2, Sum: 905.6]
      [Termination (ms): Min: 0.0, Avg: 0.1, Max: 0.1, Diff: 0.1, Sum: 0.7]
         [Termination Attempts: Min: 1, Avg: 160.0, Max: 213, Diff: 212, Sum: 1280]
      [GC Worker Other (ms): Min: 0.0, Avg: 0.0, Max: 0.0, Diff: 0.0, Sum: 0.1]
      [GC Worker Total (ms): Min: 149.6, Avg: 149.7, Max: 149.7, Diff: 0.1, Sum: 1197.4]
      [GC Worker End (ms): Min: 15147.6, Avg: 15147.6, Max: 15147.6, Diff: 0.1]
   [Code Root Fixup: 0.0 ms]
   [Code Root Purge: 0.0 ms]
   [Clear CT: 0.2 ms]
   [Other: 0.8 ms]
      [Choose CSet: 0.0 ms]
      [Ref Proc: 0.2 ms]
      [Ref Enq: 0.0 ms]
      [Redirty Cards: 0.2 ms]
      [Humongous Register: 0.1 ms]
      [Humongous Reclaim: 0.0 ms]
      [Free CSet: 0.2 ms]
   [Eden: 234.0M(234.0M)->0.0B(246.0M) Survivors: 33.0M->34.0M Heap: 1030.9M(2048.0M)->1033.9M(2048.0M)]
 [Times: user=1.19 sys=0.03, real=0.15 secs] 
2020-09-29T12:02:06.470+0200: 15.158: [GC pause (G1 Humongous Allocation) (young) (initial-mark), 0.0659777 secs]
   [Parallel Time: 65.1 ms, GC Workers: 8]
      [GC Worker Start (ms): Min: 15158.5, Avg: 15158.5, Max: 15158.6, Diff: 0.1]
      [Ext Root Scanning (ms): Min: 0.0, Avg: 0.1, Max: 0.1, Diff: 0.1, Sum: 0.7]
      [Update RS (ms): Min: 27.9, Avg: 28.1, Max: 28.5, Diff: 0.7, Sum: 224.5]
         [Processed Buffers: Min: 28, Avg: 32.3, Max: 35, Diff: 7, Sum: 258]
      [Scan RS (ms): Min: 2.2, Avg: 2.6, Max: 2.8, Diff: 0.6, Sum: 20.6]
      [Code Root Scanning (ms): Min: 0.0, Avg: 0.0, Max: 0.0, Diff: 0.0, Sum: 0.0]
      [Object Copy (ms): Min: 33.9, Avg: 34.0, Max: 34.2, Diff: 0.3, Sum: 271.9]
      [Termination (ms): Min: 0.1, Avg: 0.3, Max: 0.4, Diff: 0.3, Sum: 2.4]
         [Termination Attempts: Min: 1, Avg: 1825.1, Max: 2338, Diff: 2337, Sum: 14601]
      [GC Worker Other (ms): Min: 0.0, Avg: 0.0, Max: 0.0, Diff: 0.0, Sum: 0.1]
      [GC Worker Total (ms): Min: 65.0, Avg: 65.0, Max: 65.1, Diff: 0.1, Sum: 520.2]
      [GC Worker End (ms): Min: 15223.6, Avg: 15223.6, Max: 15223.6, Diff: 0.0]
   [Code Root Fixup: 0.0 ms]
   [Code Root Purge: 0.0 ms]
   [Clear CT: 0.2 ms]
   [Other: 0.6 ms]
      [Choose CSet: 0.0 ms]
      [Ref Proc: 0.1 ms]
      [Ref Enq: 0.0 ms]
      [Redirty Cards: 0.2 ms]
      [Humongous Register: 0.0 ms]
      [Humongous Reclaim: 0.0 ms]
      [Free CSet: 0.1 ms]
   [Eden: 10.0M(246.0M)->0.0B(232.0M) Survivors: 34.0M->11.0M Heap: 1043.4M(2048.0M)->1046.9M(2048.0M)]
 [Times: user=0.59 sys=0.00, real=0.07 secs] 
2020-09-29T12:02:06.537+0200: 15.224: [GC concurrent-root-region-scan-start]
2020-09-29T12:02:06.540+0200: 15.228: [GC concurrent-root-region-scan-end, 0.0035868 secs]
2020-09-29T12:02:06.540+0200: 15.228: [GC concurrent-mark-start]
2020-09-29T12:02:06.544+0200: 15.232: [GC concurrent-mark-end, 0.0037051 secs]
2020-09-29T12:02:06.544+0200: 15.232: [GC remark 2020-09-29T12:02:06.544+0200: 15.232: [Finalize Marking, 0.0002466 secs] 2020-09-29T12:02:06.544+0200: 15.232: [GC ref-proc, 0.0004452 secs] 2020-09-29T12:02:06.545+0200: 15.233: [Unloading, 0.0005150 secs], 0.0016089 secs]
 [Times: user=0.00 sys=0.00, real=0.00 secs] 
2020-09-29T12:02:06.546+0200: 15.234: [GC cleanup 1063M->35M(2048M), 0.0013916 secs]
 [Times: user=0.00 sys=0.00, real=0.00 secs] 
2020-09-29T12:02:06.548+0200: 15.236: [GC concurrent-cleanup-start]
2020-09-29T12:02:06.550+0200: 15.238: [GC concurrent-cleanup-end, 0.0024158 secs]
2020-09-29T12:02:06.672+0200: 15.360: [GC pause (G1 Evacuation Pause) (young), 0.1600294 secs]
   [Parallel Time: 159.1 ms, GC Workers: 8]
      [GC Worker Start (ms): Min: 15359.8, Avg: 15359.8, Max: 15359.9, Diff: 0.1]
      [Ext Root Scanning (ms): Min: 0.0, Avg: 0.1, Max: 0.1, Diff: 0.1, Sum: 0.6]
      [Update RS (ms): Min: 17.4, Avg: 17.5, Max: 18.0, Diff: 0.6, Sum: 140.4]
         [Processed Buffers: Min: 18, Avg: 19.3, Max: 20, Diff: 2, Sum: 154]
      [Scan RS (ms): Min: 13.0, Avg: 13.6, Max: 14.4, Diff: 1.4, Sum: 108.8]
      [Code Root Scanning (ms): Min: 0.0, Avg: 0.0, Max: 0.0, Diff: 0.0, Sum: 0.0]
      [Object Copy (ms): Min: 126.6, Avg: 127.4, Max: 127.9, Diff: 1.3, Sum: 1018.8]
      [Termination (ms): Min: 0.0, Avg: 0.3, Max: 0.3, Diff: 0.3, Sum: 2.2]
         [Termination Attempts: Min: 1, Avg: 1902.0, Max: 2284, Diff: 2283, Sum: 15216]
      [GC Worker Other (ms): Min: 0.1, Avg: 0.1, Max: 0.1, Diff: 0.0, Sum: 0.6]
      [GC Worker Total (ms): Min: 158.9, Avg: 158.9, Max: 159.0, Diff: 0.1, Sum: 1271.4]
      [GC Worker End (ms): Min: 15518.7, Avg: 15518.7, Max: 15518.8, Diff: 0.0]
   [Code Root Fixup: 0.0 ms]
   [Code Root Purge: 0.0 ms]
   [Clear CT: 0.2 ms]
   [Other: 0.8 ms]
      [Choose CSet: 0.0 ms]
      [Ref Proc: 0.2 ms]
      [Ref Enq: 0.0 ms]
      [Redirty Cards: 0.2 ms]
      [Humongous Register: 0.0 ms]
      [Humongous Reclaim: 0.0 ms]
      [Free CSet: 0.1 ms]
   [Eden: 232.0M(232.0M)->0.0B(221.0M) Survivors: 11.0M->31.0M Heap: 291.1M(2048.0M)->282.1M(2048.0M)]
 [Times: user=1.17 sys=0.00, real=0.16 secs] 
2020-09-29T12:02:06.960+0200: 15.648: [GC pause (G1 Evacuation Pause) (young), 0.1531584 secs]
   [Parallel Time: 151.7 ms, GC Workers: 8]
      [GC Worker Start (ms): Min: 15648.4, Avg: 15649.8, Max: 15658.9, Diff: 10.5]
      [Ext Root Scanning (ms): Min: 0.0, Avg: 0.1, Max: 0.2, Diff: 0.2, Sum: 0.8]
      [Update RS (ms): Min: 7.6, Avg: 16.6, Max: 18.2, Diff: 10.6, Sum: 132.4]
         [Processed Buffers: Min: 7, Avg: 15.0, Max: 20, Diff: 13, Sum: 120]
      [Scan RS (ms): Min: 16.6, Avg: 17.0, Max: 17.3, Diff: 0.7, Sum: 135.8]
      [Code Root Scanning (ms): Min: 0.0, Avg: 0.0, Max: 0.0, Diff: 0.0, Sum: 0.0]
      [Object Copy (ms): Min: 116.4, Avg: 116.5, Max: 116.6, Diff: 0.1, Sum: 932.2]
      [Termination (ms): Min: 0.0, Avg: 0.0, Max: 0.0, Diff: 0.0, Sum: 0.1]
         [Termination Attempts: Min: 1, Avg: 116.4, Max: 160, Diff: 159, Sum: 931]
      [GC Worker Other (ms): Min: 0.0, Avg: 0.0, Max: 0.1, Diff: 0.1, Sum: 0.4]
      [GC Worker Total (ms): Min: 141.1, Avg: 150.2, Max: 151.6, Diff: 10.5, Sum: 1201.8]
      [GC Worker End (ms): Min: 15800.0, Avg: 15800.0, Max: 15800.0, Diff: 0.1]
   [Code Root Fixup: 0.0 ms]
   [Code Root Purge: 0.0 ms]
   [Clear CT: 0.2 ms]
   [Other: 1.3 ms]
      [Choose CSet: 0.0 ms]
      [Ref Proc: 0.5 ms]
      [Ref Enq: 0.0 ms]
      [Redirty Cards: 0.4 ms]
      [Humongous Register: 0.0 ms]
      [Humongous Reclaim: 0.0 ms]
      [Free CSet: 0.2 ms]
   [Eden: 221.0M(221.0M)->0.0B(226.0M) Survivors: 31.0M->32.0M Heap: 539.3M(2048.0M)->541.3M(2048.0M)]
 [Times: user=1.08 sys=0.05, real=0.15 secs] 
2020-09-29T12:02:07.241+0200: 15.929: [GC pause (G1 Evacuation Pause) (young), 0.1577011 secs]
   [Parallel Time: 156.8 ms, GC Workers: 8]
      [GC Worker Start (ms): Min: 15929.2, Avg: 15929.2, Max: 15929.3, Diff: 0.1]
      [Ext Root Scanning (ms): Min: 0.0, Avg: 0.1, Max: 0.1, Diff: 0.1, Sum: 0.6]
      [Update RS (ms): Min: 15.8, Avg: 16.1, Max: 16.8, Diff: 1.0, Sum: 129.0]
         [Processed Buffers: Min: 15, Avg: 17.1, Max: 20, Diff: 5, Sum: 137]
      [Scan RS (ms): Min: 15.1, Avg: 15.8, Max: 16.1, Diff: 1.1, Sum: 126.5]
      [Code Root Scanning (ms): Min: 0.0, Avg: 0.0, Max: 0.0, Diff: 0.0, Sum: 0.0]
      [Object Copy (ms): Min: 124.3, Avg: 124.5, Max: 124.6, Diff: 0.2, Sum: 995.8]
      [Termination (ms): Min: 0.0, Avg: 0.0, Max: 0.0, Diff: 0.0, Sum: 0.1]
         [Termination Attempts: Min: 1, Avg: 57.6, Max: 73, Diff: 72, Sum: 461]
      [GC Worker Other (ms): Min: 0.0, Avg: 0.0, Max: 0.0, Diff: 0.0, Sum: 0.2]
      [GC Worker Total (ms): Min: 156.5, Avg: 156.5, Max: 156.6, Diff: 0.1, Sum: 1252.2]
      [GC Worker End (ms): Min: 16085.7, Avg: 16085.8, Max: 16085.8, Diff: 0.0]
   [Code Root Fixup: 0.0 ms]
   [Code Root Purge: 0.0 ms]
   [Clear CT: 0.2 ms]
   [Other: 0.7 ms]
      [Choose CSet: 0.0 ms]
      [Ref Proc: 0.1 ms]
      [Ref Enq: 0.0 ms]
      [Redirty Cards: 0.2 ms]
      [Humongous Register: 0.0 ms]
      [Humongous Reclaim: 0.0 ms]
      [Free CSet: 0.1 ms]
   [Eden: 226.0M(226.0M)->0.0B(234.0M) Survivors: 32.0M->33.0M Heap: 805.4M(2048.0M)->807.4M(2048.0M)]
 [Times: user=1.19 sys=0.03, real=0.16 secs] 
2020-09-29T12:02:07.536+0200: 16.224: [GC pause (G1 Evacuation Pause) (young), 0.1716060 secs]
   [Parallel Time: 170.5 ms, GC Workers: 8]
      [GC Worker Start (ms): Min: 16224.1, Avg: 16224.2, Max: 16224.3, Diff: 0.2]
      [Ext Root Scanning (ms): Min: 0.0, Avg: 0.1, Max: 0.2, Diff: 0.2, Sum: 0.6]
      [Update RS (ms): Min: 25.1, Avg: 25.6, Max: 26.4, Diff: 1.3, Sum: 204.9]
         [Processed Buffers: Min: 17, Avg: 20.1, Max: 23, Diff: 6, Sum: 161]
      [Scan RS (ms): Min: 18.4, Avg: 19.1, Max: 19.6, Diff: 1.3, Sum: 153.1]
      [Code Root Scanning (ms): Min: 0.0, Avg: 0.0, Max: 0.0, Diff: 0.0, Sum: 0.0]
      [Object Copy (ms): Min: 125.2, Avg: 125.3, Max: 125.4, Diff: 0.2, Sum: 1002.1]
      [Termination (ms): Min: 0.0, Avg: 0.1, Max: 0.2, Diff: 0.2, Sum: 0.9]
         [Termination Attempts: Min: 1, Avg: 781.5, Max: 1170, Diff: 1169, Sum: 6252]
      [GC Worker Other (ms): Min: 0.0, Avg: 0.1, Max: 0.1, Diff: 0.1, Sum: 0.5]
      [GC Worker Total (ms): Min: 170.2, Avg: 170.3, Max: 170.4, Diff: 0.2, Sum: 1362.1]
      [GC Worker End (ms): Min: 16394.4, Avg: 16394.5, Max: 16394.5, Diff: 0.1]
   [Code Root Fixup: 0.0 ms]
   [Code Root Purge: 0.0 ms]
   [Clear CT: 0.2 ms]
   [Other: 1.0 ms]
      [Choose CSet: 0.0 ms]
      [Ref Proc: 0.2 ms]
      [Ref Enq: 0.0 ms]
      [Redirty Cards: 0.2 ms]
      [Humongous Register: 0.0 ms]
      [Humongous Reclaim: 0.0 ms]
      [Free CSet: 0.2 ms]
   [Eden: 234.0M(234.0M)->0.0B(232.0M) Survivors: 33.0M->34.0M Heap: 1079.6M(2048.0M)->1081.6M(2048.0M)]
 [Times: user=1.17 sys=0.08, real=0.17 secs] 
2020-09-29T12:02:07.717+0200: 16.405: [GC pause (G1 Humongous Allocation) (young) (initial-mark), 0.0584708 secs]
   [Parallel Time: 57.5 ms, GC Workers: 8]
      [GC Worker Start (ms): Min: 16405.1, Avg: 16405.1, Max: 16405.2, Diff: 0.2]
      [Ext Root Scanning (ms): Min: 0.0, Avg: 9.2, Max: 30.7, Diff: 30.7, Sum: 73.8]
      [Update RS (ms): Min: 8.8, Avg: 30.2, Max: 39.3, Diff: 30.5, Sum: 241.4]
         [Processed Buffers: Min: 10, Avg: 32.0, Max: 43, Diff: 33, Sum: 256]
      [Scan RS (ms): Min: 2.4, Avg: 2.6, Max: 2.7, Diff: 0.3, Sum: 20.4]
      [Code Root Scanning (ms): Min: 0.0, Avg: 0.0, Max: 0.0, Diff: 0.0, Sum: 0.0]
      [Object Copy (ms): Min: 15.3, Avg: 15.4, Max: 15.4, Diff: 0.1, Sum: 123.0]
      [Termination (ms): Min: 0.0, Avg: 0.0, Max: 0.0, Diff: 0.0, Sum: 0.0]
         [Termination Attempts: Min: 1, Avg: 21.8, Max: 29, Diff: 28, Sum: 174]
      [GC Worker Other (ms): Min: 0.0, Avg: 0.0, Max: 0.0, Diff: 0.0, Sum: 0.1]
      [GC Worker Total (ms): Min: 57.3, Avg: 57.4, Max: 57.4, Diff: 0.2, Sum: 458.9]
      [GC Worker End (ms): Min: 16462.5, Avg: 16462.5, Max: 16462.5, Diff: 0.0]
   [Code Root Fixup: 0.0 ms]
   [Code Root Purge: 0.0 ms]
   [Clear CT: 0.2 ms]
   [Other: 0.8 ms]
      [Choose CSet: 0.0 ms]
      [Ref Proc: 0.2 ms]
      [Ref Enq: 0.0 ms]
      [Redirty Cards: 0.2 ms]
      [Humongous Register: 0.1 ms]
      [Humongous Reclaim: 0.0 ms]
      [Free CSet: 0.1 ms]
   [Eden: 3072.0K(232.0M)->0.0B(276.0M) Survivors: 34.0M->6144.0K Heap: 1084.6M(2048.0M)->1089.6M(2048.0M)]
 [Times: user=0.36 sys=0.00, real=0.06 secs] 
2020-09-29T12:02:07.776+0200: 16.464: [GC concurrent-root-region-scan-start]
2020-09-29T12:02:07.776+0200: 16.464: [GC concurrent-root-region-scan-end, 0.0008753 secs]
2020-09-29T12:02:07.776+0200: 16.464: [GC concurrent-mark-start]
2020-09-29T12:02:07.779+0200: 16.467: [GC concurrent-mark-end, 0.0026974 secs]
2020-09-29T12:02:07.779+0200: 16.467: [GC remark 2020-09-29T12:02:07.779+0200: 16.467: [Finalize Marking, 0.0002219 secs] 2020-09-29T12:02:07.780+0200: 16.468: [GC ref-proc, 0.0003776 secs] 2020-09-29T12:02:07.780+0200: 16.468: [Unloading, 0.0005234 secs], 0.0014964 secs]
 [Times: user=0.00 sys=0.00, real=0.00 secs] 
2020-09-29T12:02:07.781+0200: 16.469: [GC cleanup 1098M->22M(2048M), 0.0011328 secs]
 [Times: user=0.00 sys=0.00, real=0.00 secs] 
2020-09-29T12:02:07.782+0200: 16.470: [GC concurrent-cleanup-start]
2020-09-29T12:02:07.784+0200: 16.472: [GC concurrent-cleanup-end, 0.0013145 secs]
2020-09-29T12:02:07.931+0200: 16.619: [GC pause (G1 Evacuation Pause) (young), 0.2299777 secs]
   [Parallel Time: 228.7 ms, GC Workers: 8]
      [GC Worker Start (ms): Min: 16619.2, Avg: 16619.3, Max: 16619.4, Diff: 0.2]
      [Ext Root Scanning (ms): Min: 0.0, Avg: 0.1, Max: 0.2, Diff: 0.1, Sum: 0.6]
      [Update RS (ms): Min: 19.9, Avg: 20.2, Max: 21.4, Diff: 1.4, Sum: 161.4]
         [Processed Buffers: Min: 14, Avg: 17.0, Max: 21, Diff: 7, Sum: 136]
      [Scan RS (ms): Min: 23.7, Avg: 24.9, Max: 25.2, Diff: 1.5, Sum: 199.5]
      [Code Root Scanning (ms): Min: 0.0, Avg: 0.0, Max: 0.0, Diff: 0.0, Sum: 0.0]
      [Object Copy (ms): Min: 182.8, Avg: 182.9, Max: 183.2, Diff: 0.4, Sum: 1463.6]
      [Termination (ms): Min: 0.0, Avg: 0.3, Max: 0.4, Diff: 0.4, Sum: 2.6]
         [Termination Attempts: Min: 1, Avg: 1740.1, Max: 2109, Diff: 2108, Sum: 13921]
      [GC Worker Other (ms): Min: 0.0, Avg: 0.1, Max: 0.1, Diff: 0.1, Sum: 0.5]
      [GC Worker Total (ms): Min: 228.4, Avg: 228.5, Max: 228.6, Diff: 0.2, Sum: 1828.2]
      [GC Worker End (ms): Min: 16847.8, Avg: 16847.8, Max: 16847.8, Diff: 0.1]
   [Code Root Fixup: 0.0 ms]
   [Code Root Purge: 0.0 ms]
   [Clear CT: 0.2 ms]
   [Other: 1.1 ms]
      [Choose CSet: 0.0 ms]
      [Ref Proc: 0.2 ms]
      [Ref Enq: 0.0 ms]
      [Redirty Cards: 0.3 ms]
      [Humongous Register: 0.0 ms]
      [Humongous Reclaim: 0.0 ms]
      [Free CSet: 0.3 ms]
   [Eden: 276.0M(276.0M)->0.0B(202.0M) Survivors: 6144.0K->36.0M Heap: 337.2M(2048.0M)->333.7M(2048.0M)]
 [Times: user=1.48 sys=0.11, real=0.23 secs] 
2020-09-29T12:02:08.311+0200: 16.999: [GC pause (G1 Evacuation Pause) (young), 0.1873994 secs]
   [Parallel Time: 186.2 ms, GC Workers: 8]
      [GC Worker Start (ms): Min: 16999.4, Avg: 16999.4, Max: 16999.5, Diff: 0.1]
      [Ext Root Scanning (ms): Min: 0.0, Avg: 0.1, Max: 0.1, Diff: 0.1, Sum: 0.8]
      [Update RS (ms): Min: 13.9, Avg: 14.3, Max: 14.7, Diff: 0.8, Sum: 114.4]
         [Processed Buffers: Min: 10, Avg: 11.9, Max: 14, Diff: 4, Sum: 95]
      [Scan RS (ms): Min: 20.9, Avg: 21.4, Max: 22.0, Diff: 1.0, Sum: 171.2]
      [Code Root Scanning (ms): Min: 0.0, Avg: 0.0, Max: 0.0, Diff: 0.0, Sum: 0.0]
      [Object Copy (ms): Min: 149.6, Avg: 149.8, Max: 150.0, Diff: 0.3, Sum: 1198.6]
      [Termination (ms): Min: 0.0, Avg: 0.1, Max: 0.1, Diff: 0.1, Sum: 0.9]
         [Termination Attempts: Min: 1, Avg: 622.0, Max: 775, Diff: 774, Sum: 4976]
      [GC Worker Other (ms): Min: 0.0, Avg: 0.1, Max: 0.3, Diff: 0.3, Sum: 0.7]
      [GC Worker Total (ms): Min: 185.7, Avg: 185.8, Max: 186.0, Diff: 0.3, Sum: 1486.7]
      [GC Worker End (ms): Min: 17185.2, Avg: 17185.3, Max: 17185.5, Diff: 0.3]
   [Code Root Fixup: 0.0 ms]
   [Code Root Purge: 0.0 ms]
   [Clear CT: 0.2 ms]
   [Other: 1.0 ms]
      [Choose CSet: 0.0 ms]
      [Ref Proc: 0.2 ms]
      [Ref Enq: 0.0 ms]
      [Redirty Cards: 0.2 ms]
      [Humongous Register: 0.0 ms]
      [Humongous Reclaim: 0.0 ms]
      [Free CSet: 0.3 ms]
   [Eden: 202.0M(202.0M)->0.0B(192.0M) Survivors: 36.0M->30.0M Heap: 568.1M(2048.0M)->570.6M(2048.0M)]
 [Times: user=1.39 sys=0.03, real=0.19 secs] 
2020-09-29T12:02:08.631+0200: 17.319: [GC pause (G1 Evacuation Pause) (young), 0.1692590 secs]
   [Parallel Time: 167.9 ms, GC Workers: 8]
      [GC Worker Start (ms): Min: 17319.3, Avg: 17319.5, Max: 17320.1, Diff: 0.8]
      [Ext Root Scanning (ms): Min: 0.0, Avg: 0.1, Max: 0.2, Diff: 0.2, Sum: 0.9]
      [Update RS (ms): Min: 18.1, Avg: 18.9, Max: 19.5, Diff: 1.4, Sum: 151.0]
         [Processed Buffers: Min: 14, Avg: 15.5, Max: 18, Diff: 4, Sum: 124]
      [Scan RS (ms): Min: 17.1, Avg: 17.6, Max: 17.9, Diff: 0.8, Sum: 140.6]
      [Code Root Scanning (ms): Min: 0.0, Avg: 0.0, Max: 0.0, Diff: 0.0, Sum: 0.0]
      [Object Copy (ms): Min: 130.8, Avg: 130.9, Max: 131.0, Diff: 0.2, Sum: 1047.1]
      [Termination (ms): Min: 0.0, Avg: 0.1, Max: 0.1, Diff: 0.1, Sum: 0.5]
         [Termination Attempts: Min: 1, Avg: 349.8, Max: 428, Diff: 427, Sum: 2798]
      [GC Worker Other (ms): Min: 0.0, Avg: 0.0, Max: 0.1, Diff: 0.1, Sum: 0.3]
      [GC Worker Total (ms): Min: 166.9, Avg: 167.6, Max: 167.8, Diff: 0.8, Sum: 1340.5]
      [GC Worker End (ms): Min: 17487.0, Avg: 17487.0, Max: 17487.1, Diff: 0.1]
   [Code Root Fixup: 0.0 ms]
   [Code Root Purge: 0.0 ms]
   [Clear CT: 0.2 ms]
   [Other: 1.1 ms]
      [Choose CSet: 0.0 ms]
      [Ref Proc: 0.3 ms]
      [Ref Enq: 0.0 ms]
      [Redirty Cards: 0.4 ms]
      [Humongous Register: 0.0 ms]
      [Humongous Reclaim: 0.0 ms]
      [Free CSet: 0.2 ms]
   [Eden: 192.0M(192.0M)->0.0B(193.0M) Survivors: 30.0M->28.0M Heap: 795.0M(2048.0M)->797.0M(2048.0M)]
 [Times: user=1.08 sys=0.05, real=0.17 secs] 
2020-09-29T12:02:08.947+0200: 17.635: [GC pause (G1 Evacuation Pause) (young), 0.1742859 secs]
   [Parallel Time: 173.2 ms, GC Workers: 8]
      [GC Worker Start (ms): Min: 17634.7, Avg: 17634.8, Max: 17634.9, Diff: 0.2]
      [Ext Root Scanning (ms): Min: 0.0, Avg: 0.1, Max: 0.2, Diff: 0.2, Sum: 0.6]
      [Update RS (ms): Min: 21.5, Avg: 21.8, Max: 22.1, Diff: 0.6, Sum: 174.2]
         [Processed Buffers: Min: 16, Avg: 17.9, Max: 21, Diff: 5, Sum: 143]
      [Scan RS (ms): Min: 15.6, Avg: 16.0, Max: 16.4, Diff: 0.7, Sum: 128.2]
      [Code Root Scanning (ms): Min: 0.0, Avg: 0.0, Max: 0.0, Diff: 0.0, Sum: 0.0]
      [Object Copy (ms): Min: 134.9, Avg: 135.0, Max: 135.0, Diff: 0.1, Sum: 1079.8]
      [Termination (ms): Min: 0.1, Avg: 0.1, Max: 0.1, Diff: 0.1, Sum: 0.7]
         [Termination Attempts: Min: 1, Avg: 271.1, Max: 379, Diff: 378, Sum: 2169]
      [GC Worker Other (ms): Min: 0.0, Avg: 0.0, Max: 0.0, Diff: 0.0, Sum: 0.1]
      [GC Worker Total (ms): Min: 172.8, Avg: 172.9, Max: 173.1, Diff: 0.2, Sum: 1383.5]
      [GC Worker End (ms): Min: 17807.7, Avg: 17807.7, Max: 17807.7, Diff: 0.0]
   [Code Root Fixup: 0.0 ms]
   [Code Root Purge: 0.0 ms]
   [Clear CT: 0.2 ms]
   [Other: 0.9 ms]
      [Choose CSet: 0.0 ms]
      [Ref Proc: 0.2 ms]
      [Ref Enq: 0.0 ms]
      [Redirty Cards: 0.3 ms]
      [Humongous Register: 0.0 ms]
      [Humongous Reclaim: 0.0 ms]
      [Free CSet: 0.1 ms]
   [Eden: 193.0M(193.0M)->0.0B(192.0M) Survivors: 28.0M->28.0M Heap: 1022.5M(2048.0M)->1024.0M(2048.0M)]
 [Times: user=1.30 sys=0.00, real=0.17 secs] 
2020-09-29T12:02:09.138+0200: 17.826: [GC pause (G1 Humongous Allocation) (young) (initial-mark), 0.0563695 secs]
   [Parallel Time: 53.9 ms, GC Workers: 8]
      [GC Worker Start (ms): Min: 17825.9, Avg: 17826.0, Max: 17826.1, Diff: 0.2]
      [Ext Root Scanning (ms): Min: 0.0, Avg: 2.7, Max: 6.8, Diff: 6.8, Sum: 21.2]
      [Update RS (ms): Min: 20.4, Avg: 25.0, Max: 27.5, Diff: 7.1, Sum: 199.6]
         [Processed Buffers: Min: 18, Avg: 21.8, Max: 26, Diff: 8, Sum: 174]
      [Scan RS (ms): Min: 2.2, Avg: 2.6, Max: 2.8, Diff: 0.6, Sum: 20.5]
      [Code Root Scanning (ms): Min: 0.0, Avg: 0.0, Max: 0.0, Diff: 0.0, Sum: 0.0]
      [Object Copy (ms): Min: 23.3, Avg: 23.4, Max: 23.5, Diff: 0.2, Sum: 187.5]
      [Termination (ms): Min: 0.0, Avg: 0.0, Max: 0.1, Diff: 0.1, Sum: 0.3]
         [Termination Attempts: Min: 1, Avg: 202.6, Max: 270, Diff: 269, Sum: 1621]
      [GC Worker Other (ms): Min: 0.0, Avg: 0.0, Max: 0.0, Diff: 0.0, Sum: 0.2]
      [GC Worker Total (ms): Min: 53.6, Avg: 53.7, Max: 53.8, Diff: 0.2, Sum: 429.4]
      [GC Worker End (ms): Min: 17879.6, Avg: 17879.7, Max: 17879.7, Diff: 0.0]
   [Code Root Fixup: 0.0 ms]
   [Code Root Purge: 0.0 ms]
   [Clear CT: 0.8 ms]
   [Other: 1.6 ms]
      [Choose CSet: 0.0 ms]
      [Ref Proc: 0.2 ms]
      [Ref Enq: 0.0 ms]
      [Redirty Cards: 1.0 ms]
      [Humongous Register: 0.1 ms]
      [Humongous Reclaim: 0.0 ms]
      [Free CSet: 0.0 ms]
   [Eden: 7168.0K(192.0M)->0.0B(221.0M) Survivors: 28.0M->9216.0K Heap: 1031.0M(2048.0M)->1035.5M(2048.0M)]
 [Times: user=0.41 sys=0.01, real=0.06 secs] 
2020-09-29T12:02:09.194+0200: 17.882: [GC concurrent-root-region-scan-start]
2020-09-29T12:02:09.197+0200: 17.885: [GC concurrent-root-region-scan-end, 0.0027530 secs]
2020-09-29T12:02:09.197+0200: 17.885: [GC concurrent-mark-start]
2020-09-29T12:02:09.200+0200: 17.888: [GC concurrent-mark-end, 0.0026858 secs]
2020-09-29T12:02:09.200+0200: 17.888: [GC remark 2020-09-29T12:02:09.200+0200: 17.888: [Finalize Marking, 0.0002874 secs] 2020-09-29T12:02:09.200+0200: 17.888: [GC ref-proc, 0.0003476 secs] 2020-09-29T12:02:09.201+0200: 17.889: [Unloading, 0.0005301 secs], 0.0016389 secs]
 [Times: user=0.00 sys=0.00, real=0.00 secs] 
2020-09-29T12:02:09.202+0200: 17.890: [GC cleanup 1047M->28M(2048M), 0.0012428 secs]
 [Times: user=0.00 sys=0.00, real=0.00 secs] 
2020-09-29T12:02:09.203+0200: 17.891: [GC concurrent-cleanup-start]
2020-09-29T12:02:09.205+0200: 17.893: [GC concurrent-cleanup-end, 0.0013098 secs]
2020-09-29T12:02:09.334+0200: 18.022: [GC pause (G1 Evacuation Pause) (young), 0.1701950 secs]
   [Parallel Time: 169.0 ms, GC Workers: 8]
      [GC Worker Start (ms): Min: 18022.6, Avg: 18022.7, Max: 18022.7, Diff: 0.1]
      [Ext Root Scanning (ms): Min: 0.0, Avg: 0.1, Max: 0.1, Diff: 0.1, Sum: 0.7]
      [Update RS (ms): Min: 14.8, Avg: 15.1, Max: 16.1, Diff: 1.3, Sum: 120.7]
         [Processed Buffers: Min: 11, Avg: 13.1, Max: 17, Diff: 6, Sum: 105]
      [Scan RS (ms): Min: 18.7, Avg: 19.6, Max: 20.0, Diff: 1.3, Sum: 156.7]
      [Code Root Scanning (ms): Min: 0.0, Avg: 0.0, Max: 0.0, Diff: 0.0, Sum: 0.0]
      [Object Copy (ms): Min: 133.7, Avg: 133.8, Max: 133.9, Diff: 0.1, Sum: 1070.5]
      [Termination (ms): Min: 0.0, Avg: 0.1, Max: 0.2, Diff: 0.2, Sum: 1.1]
         [Termination Attempts: Min: 1, Avg: 652.8, Max: 828, Diff: 827, Sum: 5222]
      [GC Worker Other (ms): Min: 0.0, Avg: 0.1, Max: 0.1, Diff: 0.1, Sum: 0.5]
      [GC Worker Total (ms): Min: 168.7, Avg: 168.8, Max: 168.8, Diff: 0.1, Sum: 1350.2]
      [GC Worker End (ms): Min: 18191.4, Avg: 18191.5, Max: 18191.5, Diff: 0.1]
   [Code Root Fixup: 0.0 ms]
   [Code Root Purge: 0.0 ms]
   [Clear CT: 0.2 ms]
   [Other: 1.0 ms]
      [Choose CSet: 0.0 ms]
      [Ref Proc: 0.3 ms]
      [Ref Enq: 0.0 ms]
      [Redirty Cards: 0.3 ms]
      [Humongous Register: 0.1 ms]
      [Humongous Reclaim: 0.0 ms]
      [Free CSet: 0.1 ms]
   [Eden: 221.0M(221.0M)->0.0B(202.0M) Survivors: 9216.0K->29.0M Heap: 276.1M(2048.0M)->269.6M(2048.0M)]
 [Times: user=1.11 sys=0.03, real=0.17 secs] 
2020-09-29T12:02:09.637+0200: 18.325: [GC pause (G1 Evacuation Pause) (young), 0.1689835 secs]
   [Parallel Time: 167.8 ms, GC Workers: 8]
      [GC Worker Start (ms): Min: 18325.5, Avg: 18325.6, Max: 18325.6, Diff: 0.1]
      [Ext Root Scanning (ms): Min: 0.1, Avg: 0.1, Max: 0.2, Diff: 0.1, Sum: 0.8]
      [Update RS (ms): Min: 15.9, Avg: 16.3, Max: 16.7, Diff: 0.8, Sum: 130.1]
         [Processed Buffers: Min: 11, Avg: 13.0, Max: 15, Diff: 4, Sum: 104]
      [Scan RS (ms): Min: 19.2, Avg: 19.6, Max: 20.0, Diff: 0.8, Sum: 157.0]
      [Code Root Scanning (ms): Min: 0.0, Avg: 0.0, Max: 0.0, Diff: 0.0, Sum: 0.0]
      [Object Copy (ms): Min: 131.5, Avg: 131.5, Max: 131.6, Diff: 0.1, Sum: 1052.2]
      [Termination (ms): Min: 0.0, Avg: 0.0, Max: 0.0, Diff: 0.0, Sum: 0.0]
         [Termination Attempts: Min: 1, Avg: 15.9, Max: 30, Diff: 29, Sum: 127]
      [GC Worker Other (ms): Min: 0.0, Avg: 0.0, Max: 0.1, Diff: 0.0, Sum: 0.3]
      [GC Worker Total (ms): Min: 167.5, Avg: 167.6, Max: 167.6, Diff: 0.1, Sum: 1340.4]
      [GC Worker End (ms): Min: 18493.1, Avg: 18493.1, Max: 18493.2, Diff: 0.0]
   [Code Root Fixup: 0.0 ms]
   [Code Root Purge: 0.0 ms]
   [Clear CT: 0.2 ms]
   [Other: 1.0 ms]
      [Choose CSet: 0.0 ms]
      [Ref Proc: 0.2 ms]
      [Ref Enq: 0.0 ms]
      [Redirty Cards: 0.3 ms]
      [Humongous Register: 0.0 ms]
      [Humongous Reclaim: 0.0 ms]
      [Free CSet: 0.2 ms]
   [Eden: 202.0M(202.0M)->0.0B(202.0M) Survivors: 29.0M->29.0M Heap: 504.1M(2048.0M)->505.6M(2048.0M)]
 [Times: user=1.28 sys=0.02, real=0.17 secs] 
2020-09-29T12:02:09.942+0200: 18.630: [GC pause (G1 Evacuation Pause) (young), 0.1723702 secs]
   [Parallel Time: 171.2 ms, GC Workers: 8]
      [GC Worker Start (ms): Min: 18629.9, Avg: 18630.1, Max: 18630.5, Diff: 0.5]
      [Ext Root Scanning (ms): Min: 0.0, Avg: 0.1, Max: 0.2, Diff: 0.2, Sum: 0.7]
      [Update RS (ms): Min: 19.9, Avg: 20.2, Max: 20.5, Diff: 0.7, Sum: 161.6]
         [Processed Buffers: Min: 13, Avg: 15.6, Max: 19, Diff: 6, Sum: 125]
      [Scan RS (ms): Min: 18.0, Avg: 18.4, Max: 18.9, Diff: 0.9, Sum: 146.9]
      [Code Root Scanning (ms): Min: 0.0, Avg: 0.0, Max: 0.0, Diff: 0.0, Sum: 0.0]
      [Object Copy (ms): Min: 132.0, Avg: 132.1, Max: 132.2, Diff: 0.3, Sum: 1056.8]
      [Termination (ms): Min: 0.0, Avg: 0.0, Max: 0.0, Diff: 0.0, Sum: 0.1]
         [Termination Attempts: Min: 1, Avg: 74.8, Max: 102, Diff: 101, Sum: 598]
      [GC Worker Other (ms): Min: 0.0, Avg: 0.1, Max: 0.1, Diff: 0.0, Sum: 0.5]
      [GC Worker Total (ms): Min: 170.4, Avg: 170.8, Max: 171.0, Diff: 0.5, Sum: 1366.7]
      [GC Worker End (ms): Min: 18800.9, Avg: 18800.9, Max: 18800.9, Diff: 0.0]
   [Code Root Fixup: 0.0 ms]
   [Code Root Purge: 0.0 ms]
   [Clear CT: 0.2 ms]
   [Other: 1.0 ms]
      [Choose CSet: 0.0 ms]
      [Ref Proc: 0.2 ms]
      [Ref Enq: 0.0 ms]
      [Redirty Cards: 0.2 ms]
      [Humongous Register: 0.1 ms]
      [Humongous Reclaim: 0.0 ms]
      [Free CSet: 0.2 ms]
   [Eden: 202.0M(202.0M)->0.0B(203.0M) Survivors: 29.0M->29.0M Heap: 741.9M(2048.0M)->743.4M(2048.0M)]
 [Times: user=1.20 sys=0.06, real=0.17 secs] 
2020-09-29T12:02:10.257+0200: 18.946: [GC pause (G1 Evacuation Pause) (young), 0.1834331 secs]
   [Parallel Time: 182.0 ms, GC Workers: 8]
      [GC Worker Start (ms): Min: 18945.6, Avg: 18945.8, Max: 18945.9, Diff: 0.2]
      [Ext Root Scanning (ms): Min: 0.0, Avg: 0.1, Max: 0.2, Diff: 0.2, Sum: 0.5]
      [Update RS (ms): Min: 23.2, Avg: 23.6, Max: 25.1, Diff: 1.8, Sum: 188.9]
         [Processed Buffers: Min: 14, Avg: 18.1, Max: 21, Diff: 7, Sum: 145]
      [Scan RS (ms): Min: 15.9, Avg: 17.3, Max: 17.6, Diff: 1.8, Sum: 138.6]
      [Code Root Scanning (ms): Min: 0.0, Avg: 0.0, Max: 0.0, Diff: 0.0, Sum: 0.0]
      [Object Copy (ms): Min: 140.5, Avg: 140.6, Max: 140.7, Diff: 0.2, Sum: 1124.8]
      [Termination (ms): Min: 0.0, Avg: 0.1, Max: 0.1, Diff: 0.1, Sum: 0.7]
         [Termination Attempts: Min: 1, Avg: 511.4, Max: 618, Diff: 617, Sum: 4091]
      [GC Worker Other (ms): Min: 0.1, Avg: 0.1, Max: 0.1, Diff: 0.1, Sum: 0.7]
      [GC Worker Total (ms): Min: 181.7, Avg: 181.8, Max: 181.9, Diff: 0.2, Sum: 1454.2]
      [GC Worker End (ms): Min: 19127.5, Avg: 19127.5, Max: 19127.6, Diff: 0.1]
   [Code Root Fixup: 0.0 ms]
   [Code Root Purge: 0.0 ms]
   [Clear CT: 0.2 ms]
   [Other: 1.2 ms]
      [Choose CSet: 0.0 ms]
      [Ref Proc: 0.3 ms]
      [Ref Enq: 0.0 ms]
      [Redirty Cards: 0.3 ms]
      [Humongous Register: 0.0 ms]
      [Humongous Reclaim: 0.0 ms]
      [Free CSet: 0.3 ms]
   [Eden: 203.0M(203.0M)->0.0B(201.0M) Survivors: 29.0M->29.0M Heap: 980.7M(2048.0M)->983.2M(2048.0M)]
 [Times: user=1.27 sys=0.03, real=0.18 secs] 
2020-09-29T12:02:10.456+0200: 19.144: [GC pause (G1 Humongous Allocation) (young) (initial-mark), 0.0511597 secs]
   [Parallel Time: 50.1 ms, GC Workers: 8]
      [GC Worker Start (ms): Min: 19144.0, Avg: 19144.1, Max: 19144.2, Diff: 0.2]
      [Ext Root Scanning (ms): Min: 0.0, Avg: 0.2, Max: 0.4, Diff: 0.4, Sum: 1.6]
      [Update RS (ms): Min: 25.2, Avg: 25.4, Max: 25.9, Diff: 0.7, Sum: 203.4]
         [Processed Buffers: Min: 17, Avg: 22.4, Max: 25, Diff: 8, Sum: 179]
      [Scan RS (ms): Min: 2.2, Avg: 2.7, Max: 2.9, Diff: 0.8, Sum: 21.2]
      [Code Root Scanning (ms): Min: 0.0, Avg: 0.0, Max: 0.0, Diff: 0.0, Sum: 0.0]
      [Object Copy (ms): Min: 21.4, Avg: 21.6, Max: 21.6, Diff: 0.2, Sum: 172.5]
      [Termination (ms): Min: 0.0, Avg: 0.0, Max: 0.0, Diff: 0.0, Sum: 0.1]
         [Termination Attempts: Min: 1, Avg: 71.3, Max: 97, Diff: 96, Sum: 570]
      [GC Worker Other (ms): Min: 0.0, Avg: 0.0, Max: 0.0, Diff: 0.0, Sum: 0.2]
      [GC Worker Total (ms): Min: 49.8, Avg: 49.9, Max: 50.0, Diff: 0.2, Sum: 399.1]
      [GC Worker End (ms): Min: 19194.0, Avg: 19194.0, Max: 19194.0, Diff: 0.0]
   [Code Root Fixup: 0.0 ms]
   [Code Root Purge: 0.0 ms]
   [Clear CT: 0.2 ms]
   [Other: 0.9 ms]
      [Choose CSet: 0.0 ms]
      [Ref Proc: 0.2 ms]
      [Ref Enq: 0.0 ms]
      [Redirty Cards: 0.2 ms]
      [Humongous Register: 0.1 ms]
      [Humongous Reclaim: 0.0 ms]
      [Free CSet: 0.1 ms]
   [Eden: 8192.0K(201.0M)->0.0B(236.0M) Survivors: 29.0M->9216.0K Heap: 990.7M(2048.0M)->993.7M(2048.0M)]
 [Times: user=0.44 sys=0.00, real=0.05 secs] 
2020-09-29T12:02:10.507+0200: 19.195: [GC concurrent-root-region-scan-start]
2020-09-29T12:02:10.510+0200: 19.198: [GC concurrent-root-region-scan-end, 0.0026673 secs]
2020-09-29T12:02:10.510+0200: 19.198: [GC concurrent-mark-start]
2020-09-29T12:02:10.513+0200: 19.201: [GC concurrent-mark-end, 0.0036166 secs]
2020-09-29T12:02:10.514+0200: 19.202: [GC remark 2020-09-29T12:02:10.514+0200: 19.202: [Finalize Marking, 0.0002266 secs] 2020-09-29T12:02:10.514+0200: 19.202: [GC ref-proc, 0.0003369 secs] 2020-09-29T12:02:10.514+0200: 19.202: [Unloading, 0.0004851 secs], 0.0013611 secs]
 [Times: user=0.00 sys=0.00, real=0.00 secs] 
2020-09-29T12:02:10.515+0200: 19.203: [GC cleanup 1004M->27M(2048M), 0.0013372 secs]
 [Times: user=0.00 sys=0.00, real=0.00 secs] 
2020-09-29T12:02:10.517+0200: 19.205: [GC concurrent-cleanup-start]
2020-09-29T12:02:10.518+0200: 19.206: [GC concurrent-cleanup-end, 0.0011901 secs]
2020-09-29T12:02:10.664+0200: 19.352: [GC pause (G1 Evacuation Pause) (young), 0.2118741 secs]
   [Parallel Time: 210.6 ms, GC Workers: 8]
      [GC Worker Start (ms): Min: 19352.4, Avg: 19355.3, Max: 19375.1, Diff: 22.7]
      [Ext Root Scanning (ms): Min: 0.0, Avg: 0.1, Max: 0.2, Diff: 0.2, Sum: 0.7]
      [Update RS (ms): Min: 0.0, Avg: 16.3, Max: 19.0, Diff: 19.0, Sum: 130.4]
         [Processed Buffers: Min: 0, Avg: 13.4, Max: 18, Diff: 18, Sum: 107]
      [Scan RS (ms): Min: 19.1, Avg: 22.5, Max: 23.3, Diff: 4.2, Sum: 180.1]
      [Code Root Scanning (ms): Min: 0.0, Avg: 0.0, Max: 0.0, Diff: 0.0, Sum: 0.0]
      [Object Copy (ms): Min: 168.3, Avg: 168.4, Max: 168.6, Diff: 0.3, Sum: 1347.5]
      [Termination (ms): Min: 0.0, Avg: 0.1, Max: 0.2, Diff: 0.2, Sum: 1.2]
         [Termination Attempts: Min: 1, Avg: 571.8, Max: 713, Diff: 712, Sum: 4574]
      [GC Worker Other (ms): Min: 0.0, Avg: 0.0, Max: 0.0, Diff: 0.0, Sum: 0.1]
      [GC Worker Total (ms): Min: 187.7, Avg: 207.5, Max: 210.4, Diff: 22.7, Sum: 1660.0]
      [GC Worker End (ms): Min: 19562.8, Avg: 19562.8, Max: 19562.8, Diff: 0.0]
   [Code Root Fixup: 0.0 ms]
   [Code Root Purge: 0.0 ms]
   [Clear CT: 0.2 ms]
   [Other: 1.1 ms]
      [Choose CSet: 0.0 ms]
      [Ref Proc: 0.2 ms]
      [Ref Enq: 0.0 ms]
      [Redirty Cards: 0.2 ms]
      [Humongous Register: 0.0 ms]
      [Humongous Reclaim: 0.0 ms]
      [Free CSet: 0.3 ms]
   [Eden: 236.0M(236.0M)->0.0B(188.0M) Survivors: 9216.0K->31.0M Heap: 292.6M(2048.0M)->286.6M(2048.0M)]
 [Times: user=1.34 sys=0.03, real=0.21 secs] 
2020-09-29T12:02:11.022+0200: 19.710: [GC pause (G1 Evacuation Pause) (young), 0.1884961 secs]
   [Parallel Time: 187.2 ms, GC Workers: 8]
      [GC Worker Start (ms): Min: 19710.4, Avg: 19712.8, Max: 19727.9, Diff: 17.4]
      [Ext Root Scanning (ms): Min: 0.0, Avg: 0.1, Max: 0.2, Diff: 0.2, Sum: 0.7]
      [Update RS (ms): Min: 0.0, Avg: 15.0, Max: 18.8, Diff: 18.8, Sum: 120.2]
         [Processed Buffers: Min: 0, Avg: 13.8, Max: 20, Diff: 20, Sum: 110]
      [Scan RS (ms): Min: 19.4, Avg: 21.3, Max: 25.0, Diff: 5.6, Sum: 170.3]
      [Code Root Scanning (ms): Min: 0.0, Avg: 0.0, Max: 0.0, Diff: 0.0, Sum: 0.0]
      [Object Copy (ms): Min: 144.7, Avg: 148.1, Max: 148.8, Diff: 4.1, Sum: 1184.8]
      [Termination (ms): Min: 0.0, Avg: 0.2, Max: 0.2, Diff: 0.2, Sum: 1.2]
         [Termination Attempts: Min: 1, Avg: 806.5, Max: 1052, Diff: 1051, Sum: 6452]
      [GC Worker Other (ms): Min: 0.0, Avg: 0.0, Max: 0.1, Diff: 0.0, Sum: 0.3]
      [GC Worker Total (ms): Min: 169.6, Avg: 184.7, Max: 187.0, Diff: 17.4, Sum: 1477.5]
      [GC Worker End (ms): Min: 19897.5, Avg: 19897.5, Max: 19897.5, Diff: 0.0]
   [Code Root Fixup: 0.0 ms]
   [Code Root Purge: 0.0 ms]
   [Clear CT: 0.3 ms]
   [Other: 1.0 ms]
      [Choose CSet: 0.0 ms]
      [Ref Proc: 0.1 ms]
      [Ref Enq: 0.0 ms]
      [Redirty Cards: 0.3 ms]
      [Humongous Register: 0.0 ms]
      [Humongous Reclaim: 0.0 ms]
      [Free CSet: 0.2 ms]
   [Eden: 188.0M(188.0M)->0.0B(180.0M) Survivors: 31.0M->28.0M Heap: 507.0M(2048.0M)->509.0M(2048.0M)]
 [Times: user=1.31 sys=0.11, real=0.19 secs] 
2020-09-29T12:02:11.339+0200: 20.027: [GC pause (G1 Evacuation Pause) (young), 0.1792005 secs]
   [Parallel Time: 177.9 ms, GC Workers: 8]
      [GC Worker Start (ms): Min: 20027.2, Avg: 20027.2, Max: 20027.3, Diff: 0.2]
      [Ext Root Scanning (ms): Min: 0.0, Avg: 0.1, Max: 0.1, Diff: 0.1, Sum: 0.6]
      [Update RS (ms): Min: 21.2, Avg: 21.6, Max: 22.3, Diff: 1.1, Sum: 172.4]
         [Processed Buffers: Min: 11, Avg: 15.4, Max: 19, Diff: 8, Sum: 123]
      [Scan RS (ms): Min: 16.3, Avg: 16.8, Max: 17.2, Diff: 0.8, Sum: 134.7]
      [Code Root Scanning (ms): Min: 0.0, Avg: 0.0, Max: 0.0, Diff: 0.0, Sum: 0.0]
      [Object Copy (ms): Min: 138.1, Avg: 139.2, Max: 139.4, Diff: 1.3, Sum: 1113.3]
      [Termination (ms): Min: 0.1, Avg: 0.1, Max: 0.2, Diff: 0.1, Sum: 1.0]
         [Termination Attempts: Min: 1, Avg: 371.4, Max: 490, Diff: 489, Sum: 2971]
      [GC Worker Other (ms): Min: 0.0, Avg: 0.0, Max: 0.0, Diff: 0.0, Sum: 0.1]
      [GC Worker Total (ms): Min: 177.7, Avg: 177.8, Max: 177.9, Diff: 0.2, Sum: 1422.2]
      [GC Worker End (ms): Min: 20205.0, Avg: 20205.0, Max: 20205.0, Diff: 0.0]
   [Code Root Fixup: 0.0 ms]
   [Code Root Purge: 0.0 ms]
   [Clear CT: 0.2 ms]
   [Other: 1.1 ms]
      [Choose CSet: 0.0 ms]
      [Ref Proc: 0.3 ms]
      [Ref Enq: 0.0 ms]
      [Redirty Cards: 0.3 ms]
      [Humongous Register: 0.1 ms]
      [Humongous Reclaim: 0.0 ms]
      [Free CSet: 0.2 ms]
   [Eden: 180.0M(180.0M)->0.0B(179.0M) Survivors: 28.0M->26.0M Heap: 717.6M(2048.0M)->719.1M(2048.0M)]
 [Times: user=1.08 sys=0.09, real=0.18 secs] 
2020-09-29T12:02:11.651+0200: 20.339: [GC pause (G1 Evacuation Pause) (young), 0.1883875 secs]
   [Parallel Time: 187.3 ms, GC Workers: 8]
      [GC Worker Start (ms): Min: 20339.4, Avg: 20343.6, Max: 20371.5, Diff: 32.1]
      [Ext Root Scanning (ms): Min: 0.0, Avg: 0.1, Max: 0.2, Diff: 0.2, Sum: 0.8]
      [Update RS (ms): Min: 0.0, Avg: 15.5, Max: 18.2, Diff: 18.2, Sum: 124.1]
         [Processed Buffers: Min: 0, Avg: 13.5, Max: 18, Diff: 18, Sum: 108]
      [Scan RS (ms): Min: 5.9, Avg: 21.3, Max: 46.0, Diff: 40.2, Sum: 170.1]
      [Code Root Scanning (ms): Min: 0.0, Avg: 0.0, Max: 0.0, Diff: 0.0, Sum: 0.1]
      [Object Copy (ms): Min: 122.8, Avg: 146.0, Max: 149.4, Diff: 26.6, Sum: 1168.0]
      [Termination (ms): Min: 0.0, Avg: 0.1, Max: 0.1, Diff: 0.1, Sum: 0.5]
         [Termination Attempts: Min: 1, Avg: 23.3, Max: 36, Diff: 35, Sum: 186]
      [GC Worker Other (ms): Min: 0.0, Avg: 0.0, Max: 0.0, Diff: 0.0, Sum: 0.1]
      [GC Worker Total (ms): Min: 155.0, Avg: 182.9, Max: 187.1, Diff: 32.1, Sum: 1463.6]
      [GC Worker End (ms): Min: 20526.5, Avg: 20526.5, Max: 20526.5, Diff: 0.0]
   [Code Root Fixup: 0.0 ms]
   [Code Root Purge: 0.0 ms]
   [Clear CT: 0.2 ms]
   [Other: 0.9 ms]
      [Choose CSet: 0.0 ms]
      [Ref Proc: 0.1 ms]
      [Ref Enq: 0.0 ms]
      [Redirty Cards: 0.2 ms]
      [Humongous Register: 0.1 ms]
      [Humongous Reclaim: 0.0 ms]
      [Free CSet: 0.2 ms]
   [Eden: 179.0M(179.0M)->0.0B(169.0M) Survivors: 26.0M->26.0M Heap: 928.6M(2048.0M)->930.6M(2048.0M)]
 [Times: user=1.30 sys=0.02, real=0.19 secs] 
2020-09-29T12:02:11.895+0200: 20.583: [GC pause (G1 Humongous Allocation) (young) (initial-mark), 0.1002432 secs]
   [Parallel Time: 99.1 ms, GC Workers: 8]
      [GC Worker Start (ms): Min: 20583.1, Avg: 20583.2, Max: 20583.3, Diff: 0.2]
      [Ext Root Scanning (ms): Min: 0.0, Avg: 1.3, Max: 9.2, Diff: 9.2, Sum: 10.4]
      [Update RS (ms): Min: 9.7, Avg: 17.7, Max: 19.3, Diff: 9.7, Sum: 141.4]
         [Processed Buffers: Min: 7, Avg: 14.4, Max: 18, Diff: 11, Sum: 115]
      [Scan RS (ms): Min: 2.6, Avg: 3.3, Max: 3.9, Diff: 1.3, Sum: 26.7]
      [Code Root Scanning (ms): Min: 0.0, Avg: 0.0, Max: 0.0, Diff: 0.0, Sum: 0.0]
      [Object Copy (ms): Min: 75.8, Avg: 76.2, Max: 76.5, Diff: 0.7, Sum: 609.6]
      [Termination (ms): Min: 0.0, Avg: 0.3, Max: 0.6, Diff: 0.6, Sum: 2.4]
         [Termination Attempts: Min: 1, Avg: 1460.9, Max: 2039, Diff: 2038, Sum: 11687]
      [GC Worker Other (ms): Min: 0.0, Avg: 0.0, Max: 0.1, Diff: 0.0, Sum: 0.3]
      [GC Worker Total (ms): Min: 98.8, Avg: 98.9, Max: 98.9, Diff: 0.2, Sum: 790.8]
      [GC Worker End (ms): Min: 20682.0, Avg: 20682.0, Max: 20682.1, Diff: 0.0]
   [Code Root Fixup: 0.0 ms]
   [Code Root Purge: 0.0 ms]
   [Clear CT: 0.2 ms]
   [Other: 0.9 ms]
      [Choose CSet: 0.0 ms]
      [Ref Proc: 0.1 ms]
      [Ref Enq: 0.0 ms]
      [Redirty Cards: 0.3 ms]
      [Humongous Register: 0.0 ms]
      [Humongous Reclaim: 0.0 ms]
      [Free CSet: 0.1 ms]
   [Eden: 64.0M(169.0M)->0.0B(165.0M) Survivors: 26.0M->25.0M Heap: 1004.1M(2048.0M)->1006.6M(2048.0M)]
 [Times: user=0.66 sys=0.01, real=0.10 secs] 
2020-09-29T12:02:11.995+0200: 20.683: [GC concurrent-root-region-scan-start]
2020-09-29T12:02:12.006+0200: 20.694: [GC concurrent-root-region-scan-end, 0.0106945 secs]
2020-09-29T12:02:12.006+0200: 20.694: [GC concurrent-mark-start]
2020-09-29T12:02:12.010+0200: 20.698: [GC concurrent-mark-end, 0.0039652 secs]
2020-09-29T12:02:12.011+0200: 20.699: [GC remark 2020-09-29T12:02:12.011+0200: 20.699: [Finalize Marking, 0.0003054 secs] 2020-09-29T12:02:12.011+0200: 20.699: [GC ref-proc, 0.0004926 secs] 2020-09-29T12:02:12.011+0200: 20.699: [Unloading, 0.0005325 secs], 0.0019845 secs]
 [Times: user=0.00 sys=0.00, real=0.00 secs] 
2020-09-29T12:02:12.013+0200: 20.701: [GC cleanup 1032M->58M(2048M), 0.0015964 secs]
 [Times: user=0.00 sys=0.00, real=0.00 secs] 
2020-09-29T12:02:12.015+0200: 20.703: [GC concurrent-cleanup-start]
2020-09-29T12:02:12.017+0200: 20.705: [GC concurrent-cleanup-end, 0.0018494 secs]
2020-09-29T12:02:12.114+0200: 20.802: [GC pause (G1 Evacuation Pause) (young), 0.1686161 secs]
   [Parallel Time: 167.6 ms, GC Workers: 8]
      [GC Worker Start (ms): Min: 20802.3, Avg: 20810.6, Max: 20824.3, Diff: 22.0]
      [Ext Root Scanning (ms): Min: 0.0, Avg: 0.1, Max: 0.1, Diff: 0.1, Sum: 0.6]
      [Update RS (ms): Min: 8.0, Avg: 21.7, Max: 29.8, Diff: 21.8, Sum: 173.5]
         [Processed Buffers: Min: 6, Avg: 17.1, Max: 26, Diff: 20, Sum: 137]
      [Scan RS (ms): Min: 9.1, Avg: 11.4, Max: 24.7, Diff: 15.6, Sum: 91.4]
      [Code Root Scanning (ms): Min: 0.0, Avg: 0.0, Max: 0.0, Diff: 0.0, Sum: 0.0]
      [Object Copy (ms): Min: 112.8, Avg: 126.0, Max: 127.9, Diff: 15.1, Sum: 1007.7]
      [Termination (ms): Min: 0.0, Avg: 0.1, Max: 0.1, Diff: 0.1, Sum: 0.4]
         [Termination Attempts: Min: 1, Avg: 33.3, Max: 48, Diff: 47, Sum: 266]
      [GC Worker Other (ms): Min: 0.0, Avg: 0.0, Max: 0.0, Diff: 0.0, Sum: 0.1]
      [GC Worker Total (ms): Min: 145.5, Avg: 159.2, Max: 167.5, Diff: 22.0, Sum: 1273.7]
      [GC Worker End (ms): Min: 20969.8, Avg: 20969.8, Max: 20969.8, Diff: 0.0]
   [Code Root Fixup: 0.0 ms]
   [Code Root Purge: 0.0 ms]
   [Clear CT: 0.1 ms]
   [Other: 0.9 ms]
      [Choose CSet: 0.0 ms]
      [Ref Proc: 0.1 ms]
      [Ref Enq: 0.0 ms]
      [Redirty Cards: 0.2 ms]
      [Humongous Register: 0.0 ms]
      [Humongous Reclaim: 0.0 ms]
      [Free CSet: 0.2 ms]
   [Eden: 165.0M(165.0M)->0.0B(165.0M) Survivors: 25.0M->24.0M Heap: 226.6M(2048.0M)->204.1M(2048.0M)]
 [Times: user=1.08 sys=0.00, real=0.17 secs] 
2020-09-29T12:02:12.401+0200: 21.089: [GC pause (G1 Evacuation Pause) (young), 0.1807650 secs]
   [Parallel Time: 179.0 ms, GC Workers: 8]
      [GC Worker Start (ms): Min: 21088.8, Avg: 21090.4, Max: 21092.9, Diff: 4.2]
      [Ext Root Scanning (ms): Min: 0.0, Avg: 0.1, Max: 0.2, Diff: 0.2, Sum: 0.6]
      [Update RS (ms): Min: 12.9, Avg: 15.6, Max: 17.2, Diff: 4.4, Sum: 125.2]
         [Processed Buffers: Min: 10, Avg: 13.0, Max: 14, Diff: 4, Sum: 104]
      [Scan RS (ms): Min: 14.7, Avg: 15.8, Max: 16.9, Diff: 2.2, Sum: 126.5]
      [Code Root Scanning (ms): Min: 0.0, Avg: 0.0, Max: 0.0, Diff: 0.0, Sum: 0.0]
      [Object Copy (ms): Min: 144.6, Avg: 145.5, Max: 145.9, Diff: 1.3, Sum: 1164.3]
      [Termination (ms): Min: 0.0, Avg: 0.2, Max: 0.4, Diff: 0.4, Sum: 1.7]
         [Termination Attempts: Min: 1, Avg: 881.1, Max: 1397, Diff: 1396, Sum: 7049]
      [GC Worker Other (ms): Min: 0.0, Avg: 0.0, Max: 0.0, Diff: 0.0, Sum: 0.1]
      [GC Worker Total (ms): Min: 174.8, Avg: 177.3, Max: 178.9, Diff: 4.1, Sum: 1418.5]
      [GC Worker End (ms): Min: 21267.7, Avg: 21267.7, Max: 21267.7, Diff: 0.0]
   [Code Root Fixup: 0.0 ms]
   [Code Root Purge: 0.0 ms]
   [Clear CT: 0.4 ms]
   [Other: 1.3 ms]
      [Choose CSet: 0.0 ms]
      [Ref Proc: 0.3 ms]
      [Ref Enq: 0.0 ms]
      [Redirty Cards: 0.5 ms]
      [Humongous Register: 0.1 ms]
      [Humongous Reclaim: 0.0 ms]
      [Free CSet: 0.2 ms]
   [Eden: 165.0M(165.0M)->0.0B(162.0M) Survivors: 24.0M->24.0M Heap: 395.8M(2048.0M)->397.8M(2048.0M)]
 [Times: user=1.16 sys=0.06, real=0.18 secs] 
2020-09-29T12:02:12.704+0200: 21.392: [GC pause (G1 Evacuation Pause) (young), 0.1733237 secs]
   [Parallel Time: 172.1 ms, GC Workers: 8]
      [GC Worker Start (ms): Min: 21391.9, Avg: 21392.0, Max: 21392.1, Diff: 0.2]
      [Ext Root Scanning (ms): Min: 0.0, Avg: 0.1, Max: 0.1, Diff: 0.1, Sum: 0.7]
      [Update RS (ms): Min: 19.1, Avg: 19.6, Max: 20.3, Diff: 1.2, Sum: 156.6]
         [Processed Buffers: Min: 14, Avg: 15.1, Max: 17, Diff: 3, Sum: 121]
      [Scan RS (ms): Min: 11.4, Avg: 12.4, Max: 13.5, Diff: 2.1, Sum: 99.3]
      [Code Root Scanning (ms): Min: 0.0, Avg: 0.0, Max: 0.0, Diff: 0.0, Sum: 0.0]
      [Object Copy (ms): Min: 138.2, Avg: 139.1, Max: 140.0, Diff: 1.8, Sum: 1112.5]
      [Termination (ms): Min: 0.0, Avg: 0.7, Max: 1.0, Diff: 1.0, Sum: 5.4]
         [Termination Attempts: Min: 1, Avg: 3344.6, Max: 4829, Diff: 4828, Sum: 26757]
      [GC Worker Other (ms): Min: 0.0, Avg: 0.0, Max: 0.1, Diff: 0.0, Sum: 0.3]
      [GC Worker Total (ms): Min: 171.8, Avg: 171.9, Max: 171.9, Diff: 0.1, Sum: 1374.9]
      [GC Worker End (ms): Min: 21563.8, Avg: 21563.8, Max: 21563.8, Diff: 0.0]
   [Code Root Fixup: 0.0 ms]
   [Code Root Purge: 0.0 ms]
   [Clear CT: 0.2 ms]
   [Other: 1.0 ms]
      [Choose CSet: 0.0 ms]
      [Ref Proc: 0.3 ms]
      [Ref Enq: 0.0 ms]
      [Redirty Cards: 0.3 ms]
      [Humongous Register: 0.1 ms]
      [Humongous Reclaim: 0.0 ms]
      [Free CSet: 0.2 ms]
   [Eden: 162.0M(162.0M)->0.0B(166.0M) Survivors: 24.0M->24.0M Heap: 586.5M(2048.0M)->588.5M(2048.0M)]
 [Times: user=1.22 sys=0.05, real=0.17 secs] 
2020-09-29T12:02:12.992+0200: 21.680: [GC pause (G1 Evacuation Pause) (young), 0.1578550 secs]
   [Parallel Time: 156.5 ms, GC Workers: 8]
      [GC Worker Start (ms): Min: 21680.5, Avg: 21680.7, Max: 21680.8, Diff: 0.2]
      [Ext Root Scanning (ms): Min: 0.0, Avg: 0.1, Max: 0.2, Diff: 0.2, Sum: 0.7]
      [Update RS (ms): Min: 22.0, Avg: 22.2, Max: 22.6, Diff: 0.6, Sum: 177.5]
         [Processed Buffers: Min: 14, Avg: 16.5, Max: 19, Diff: 5, Sum: 132]
      [Scan RS (ms): Min: 13.6, Avg: 14.1, Max: 14.2, Diff: 0.6, Sum: 112.5]
      [Code Root Scanning (ms): Min: 0.0, Avg: 0.0, Max: 0.0, Diff: 0.0, Sum: 0.0]
      [Object Copy (ms): Min: 119.5, Avg: 119.8, Max: 119.9, Diff: 0.3, Sum: 958.3]
      [Termination (ms): Min: 0.0, Avg: 0.1, Max: 0.1, Diff: 0.1, Sum: 0.6]
         [Termination Attempts: Min: 1, Avg: 332.0, Max: 432, Diff: 431, Sum: 2656]
      [GC Worker Other (ms): Min: 0.0, Avg: 0.0, Max: 0.1, Diff: 0.1, Sum: 0.4]
      [GC Worker Total (ms): Min: 156.1, Avg: 156.2, Max: 156.4, Diff: 0.3, Sum: 1249.9]
      [GC Worker End (ms): Min: 21836.9, Avg: 21836.9, Max: 21836.9, Diff: 0.1]
   [Code Root Fixup: 0.0 ms]
   [Code Root Purge: 0.0 ms]
   [Clear CT: 0.2 ms]
   [Other: 1.1 ms]
      [Choose CSet: 0.0 ms]
      [Ref Proc: 0.3 ms]
      [Ref Enq: 0.0 ms]
      [Redirty Cards: 0.3 ms]
      [Humongous Register: 0.0 ms]
      [Humongous Reclaim: 0.0 ms]
      [Free CSet: 0.2 ms]
   [Eden: 166.0M(166.0M)->0.0B(174.0M) Survivors: 24.0M->24.0M Heap: 783.1M(2048.0M)->785.1M(2048.0M)]
 [Times: user=1.17 sys=0.05, real=0.16 secs] 
2020-09-29T12:02:13.279+0200: 21.967: [GC pause (G1 Evacuation Pause) (young), 0.1699757 secs]
   [Parallel Time: 168.1 ms, GC Workers: 8]
      [GC Worker Start (ms): Min: 21967.3, Avg: 21967.4, Max: 21967.5, Diff: 0.2]
      [Ext Root Scanning (ms): Min: 0.0, Avg: 0.1, Max: 0.2, Diff: 0.2, Sum: 0.8]
      [Update RS (ms): Min: 19.7, Avg: 20.1, Max: 20.6, Diff: 0.9, Sum: 160.9]
         [Processed Buffers: Min: 13, Avg: 15.0, Max: 17, Diff: 4, Sum: 120]
      [Scan RS (ms): Min: 15.1, Avg: 15.6, Max: 16.0, Diff: 1.0, Sum: 125.1]
      [Code Root Scanning (ms): Min: 0.0, Avg: 0.0, Max: 0.0, Diff: 0.0, Sum: 0.0]
      [Object Copy (ms): Min: 131.7, Avg: 131.9, Max: 131.9, Diff: 0.2, Sum: 1054.9]
      [Termination (ms): Min: 0.0, Avg: 0.1, Max: 0.1, Diff: 0.1, Sum: 0.6]
         [Termination Attempts: Min: 1, Avg: 434.0, Max: 552, Diff: 551, Sum: 3472]
      [GC Worker Other (ms): Min: 0.0, Avg: 0.0, Max: 0.1, Diff: 0.0, Sum: 0.3]
      [GC Worker Total (ms): Min: 167.8, Avg: 167.8, Max: 167.9, Diff: 0.2, Sum: 1342.6]
      [GC Worker End (ms): Min: 22135.2, Avg: 22135.2, Max: 22135.3, Diff: 0.0]
   [Code Root Fixup: 0.0 ms]
   [Code Root Purge: 0.0 ms]
   [Clear CT: 0.3 ms]
   [Other: 1.6 ms]
      [Choose CSet: 0.0 ms]
      [Ref Proc: 0.8 ms]
      [Ref Enq: 0.0 ms]
      [Redirty Cards: 0.3 ms]
      [Humongous Register: 0.0 ms]
      [Humongous Reclaim: 0.0 ms]
      [Free CSet: 0.2 ms]
   [Eden: 174.0M(174.0M)->0.0B(178.0M) Survivors: 24.0M->25.0M Heap: 987.7M(2048.0M)->989.7M(2048.0M)]
 [Times: user=1.31 sys=0.03, real=0.17 secs] 
2020-09-29T12:02:13.462+0200: 22.150: [GC pause (G1 Humongous Allocation) (young) (initial-mark), 0.0468093 secs]
   [Parallel Time: 45.4 ms, GC Workers: 8]
      [GC Worker Start (ms): Min: 22150.5, Avg: 22150.5, Max: 22150.7, Diff: 0.2]
      [Ext Root Scanning (ms): Min: 0.0, Avg: 0.2, Max: 0.6, Diff: 0.6, Sum: 1.8]
      [Update RS (ms): Min: 25.1, Avg: 25.4, Max: 25.8, Diff: 0.7, Sum: 203.1]
         [Processed Buffers: Min: 18, Avg: 20.9, Max: 22, Diff: 4, Sum: 167]
      [Scan RS (ms): Min: 1.7, Avg: 2.0, Max: 2.3, Diff: 0.6, Sum: 15.9]
      [Code Root Scanning (ms): Min: 0.0, Avg: 0.0, Max: 0.0, Diff: 0.0, Sum: 0.0]
      [Object Copy (ms): Min: 17.5, Avg: 17.6, Max: 17.6, Diff: 0.1, Sum: 140.8]
      [Termination (ms): Min: 0.0, Avg: 0.0, Max: 0.0, Diff: 0.0, Sum: 0.0]
         [Termination Attempts: Min: 1, Avg: 5.3, Max: 9, Diff: 8, Sum: 42]
      [GC Worker Other (ms): Min: 0.0, Avg: 0.0, Max: 0.1, Diff: 0.1, Sum: 0.3]
      [GC Worker Total (ms): Min: 45.1, Avg: 45.2, Max: 45.3, Diff: 0.2, Sum: 361.9]
      [GC Worker End (ms): Min: 22195.7, Avg: 22195.8, Max: 22195.8, Diff: 0.1]
   [Code Root Fixup: 0.0 ms]
   [Code Root Purge: 0.0 ms]
   [Clear CT: 0.3 ms]
   [Other: 1.1 ms]
      [Choose CSet: 0.0 ms]
      [Ref Proc: 0.3 ms]
      [Ref Enq: 0.0 ms]
      [Redirty Cards: 0.3 ms]
      [Humongous Register: 0.1 ms]
      [Humongous Reclaim: 0.0 ms]
      [Free CSet: 0.1 ms]
   [Eden: 4096.0K(178.0M)->0.0B(213.0M) Survivors: 25.0M->7168.0K Heap: 993.2M(2048.0M)->998.2M(2048.0M)]
 [Times: user=0.36 sys=0.00, real=0.05 secs] 
2020-09-29T12:02:13.509+0200: 22.197: [GC concurrent-root-region-scan-start]
2020-09-29T12:02:13.511+0200: 22.199: [GC concurrent-root-region-scan-end, 0.0017614 secs]
2020-09-29T12:02:13.511+0200: 22.199: [GC concurrent-mark-start]
2020-09-29T12:02:13.515+0200: 22.203: [GC concurrent-mark-end, 0.0040032 secs]
2020-09-29T12:02:13.516+0200: 22.204: [GC remark 2020-09-29T12:02:13.516+0200: 22.204: [Finalize Marking, 0.0003223 secs] 2020-09-29T12:02:13.516+0200: 22.204: [GC ref-proc, 0.0004736 secs] 2020-09-29T12:02:13.516+0200: 22.205: [Unloading, 0.0007255 secs], 0.0020651 secs]
 [Times: user=0.00 sys=0.00, real=0.00 secs] 
2020-09-29T12:02:13.518+0200: 22.206: [GC cleanup 1009M->25M(2048M), 0.0015133 secs]
 [Times: user=0.09 sys=0.01, real=0.00 secs] 
2020-09-29T12:02:13.520+0200: 22.208: [GC concurrent-cleanup-start]
2020-09-29T12:02:13.522+0200: 22.210: [GC concurrent-cleanup-end, 0.0019546 secs]
2020-09-29T12:02:13.670+0200: 22.358: [GC pause (G1 Evacuation Pause) (young), 0.1649092 secs]
   [Parallel Time: 163.6 ms, GC Workers: 8]
      [GC Worker Start (ms): Min: 22358.4, Avg: 22358.6, Max: 22360.1, Diff: 1.7]
      [Ext Root Scanning (ms): Min: 0.0, Avg: 0.2, Max: 0.6, Diff: 0.6, Sum: 1.2]
      [Update RS (ms): Min: 17.3, Avg: 18.7, Max: 19.4, Diff: 2.1, Sum: 149.9]
         [Processed Buffers: Min: 11, Avg: 13.8, Max: 15, Diff: 4, Sum: 110]
      [Scan RS (ms): Min: 18.2, Avg: 18.6, Max: 18.9, Diff: 0.7, Sum: 148.8]
      [Code Root Scanning (ms): Min: 0.0, Avg: 0.0, Max: 0.0, Diff: 0.0, Sum: 0.0]
      [Object Copy (ms): Min: 125.5, Avg: 125.6, Max: 125.7, Diff: 0.2, Sum: 1005.0]
      [Termination (ms): Min: 0.0, Avg: 0.0, Max: 0.0, Diff: 0.0, Sum: 0.2]
         [Termination Attempts: Min: 1, Avg: 115.3, Max: 153, Diff: 152, Sum: 922]
      [GC Worker Other (ms): Min: 0.0, Avg: 0.0, Max: 0.1, Diff: 0.0, Sum: 0.2]
      [GC Worker Total (ms): Min: 161.8, Avg: 163.2, Max: 163.4, Diff: 1.7, Sum: 1305.5]
      [GC Worker End (ms): Min: 22521.8, Avg: 22521.8, Max: 22521.9, Diff: 0.0]
   [Code Root Fixup: 0.0 ms]
   [Code Root Purge: 0.0 ms]
   [Clear CT: 0.1 ms]
   [Other: 1.1 ms]
      [Choose CSet: 0.0 ms]
      [Ref Proc: 0.1 ms]
      [Ref Enq: 0.0 ms]
      [Redirty Cards: 0.4 ms]
      [Humongous Register: 0.0 ms]
      [Humongous Reclaim: 0.0 ms]
      [Free CSet: 0.3 ms]
   [Eden: 213.0M(213.0M)->0.0B(195.0M) Survivors: 7168.0K->28.0M Heap: 263.7M(2048.0M)->259.7M(2048.0M)]
 [Times: user=1.25 sys=0.06, real=0.16 secs] 
2020-09-29T12:02:13.981+0200: 22.669: [GC pause (G1 Evacuation Pause) (young), 0.1960225 secs]
   [Parallel Time: 194.5 ms, GC Workers: 8]
      [GC Worker Start (ms): Min: 22669.3, Avg: 22669.4, Max: 22669.9, Diff: 0.7]
      [Ext Root Scanning (ms): Min: 0.0, Avg: 0.1, Max: 0.5, Diff: 0.5, Sum: 1.1]
      [Update RS (ms): Min: 17.5, Avg: 18.3, Max: 19.3, Diff: 1.8, Sum: 146.4]
         [Processed Buffers: Min: 13, Avg: 14.0, Max: 15, Diff: 2, Sum: 112]
      [Scan RS (ms): Min: 22.0, Avg: 23.3, Max: 27.5, Diff: 5.5, Sum: 186.4]
      [Code Root Scanning (ms): Min: 0.0, Avg: 0.0, Max: 0.0, Diff: 0.0, Sum: 0.0]
      [Object Copy (ms): Min: 148.3, Avg: 152.4, Max: 153.3, Diff: 5.0, Sum: 1219.1]
      [Termination (ms): Min: 0.0, Avg: 0.1, Max: 0.1, Diff: 0.1, Sum: 0.7]
         [Termination Attempts: Min: 1, Avg: 415.0, Max: 625, Diff: 624, Sum: 3320]
      [GC Worker Other (ms): Min: 0.0, Avg: 0.0, Max: 0.1, Diff: 0.1, Sum: 0.4]
      [GC Worker Total (ms): Min: 193.7, Avg: 194.3, Max: 194.4, Diff: 0.7, Sum: 1554.1]
      [GC Worker End (ms): Min: 22863.7, Avg: 22863.7, Max: 22863.7, Diff: 0.1]
   [Code Root Fixup: 0.0 ms]
   [Code Root Purge: 0.0 ms]
   [Clear CT: 0.2 ms]
   [Other: 1.3 ms]
      [Choose CSet: 0.0 ms]
      [Ref Proc: 0.3 ms]
      [Ref Enq: 0.0 ms]
      [Redirty Cards: 0.4 ms]
      [Humongous Register: 0.1 ms]
      [Humongous Reclaim: 0.0 ms]
      [Free CSet: 0.2 ms]
   [Eden: 195.0M(195.0M)->0.0B(180.0M) Survivors: 28.0M->28.0M Heap: 487.2M(2048.0M)->489.2M(2048.0M)]
 [Times: user=1.38 sys=0.14, real=0.20 secs] 
2020-09-29T12:02:14.309+0200: 22.996: [GC pause (G1 Evacuation Pause) (young), 0.1743956 secs]
   [Parallel Time: 172.9 ms, GC Workers: 8]
      [GC Worker Start (ms): Min: 22996.3, Avg: 22996.4, Max: 22996.5, Diff: 0.2]
      [Ext Root Scanning (ms): Min: 0.0, Avg: 0.1, Max: 0.2, Diff: 0.2, Sum: 0.6]
      [Update RS (ms): Min: 16.2, Avg: 16.4, Max: 16.7, Diff: 0.5, Sum: 131.0]
         [Processed Buffers: Min: 12, Avg: 13.6, Max: 17, Diff: 5, Sum: 109]
      [Scan RS (ms): Min: 18.1, Avg: 18.5, Max: 18.9, Diff: 0.7, Sum: 147.9]
      [Code Root Scanning (ms): Min: 0.0, Avg: 0.0, Max: 0.0, Diff: 0.0, Sum: 0.0]
      [Object Copy (ms): Min: 137.5, Avg: 137.7, Max: 137.8, Diff: 0.3, Sum: 1101.5]
      [Termination (ms): Min: 0.0, Avg: 0.1, Max: 0.1, Diff: 0.1, Sum: 0.4]
         [Termination Attempts: Min: 1, Avg: 21.1, Max: 38, Diff: 37, Sum: 169]
      [GC Worker Other (ms): Min: 0.0, Avg: 0.0, Max: 0.0, Diff: 0.0, Sum: 0.2]
      [GC Worker Total (ms): Min: 172.6, Avg: 172.7, Max: 172.9, Diff: 0.3, Sum: 1381.6]
      [GC Worker End (ms): Min: 23169.1, Avg: 23169.1, Max: 23169.1, Diff: 0.0]
   [Code Root Fixup: 0.0 ms]
   [Code Root Purge: 0.0 ms]
   [Clear CT: 0.3 ms]
   [Other: 1.2 ms]
      [Choose CSet: 0.0 ms]
      [Ref Proc: 0.2 ms]
      [Ref Enq: 0.0 ms]
      [Redirty Cards: 0.4 ms]
      [Humongous Register: 0.0 ms]
      [Humongous Reclaim: 0.0 ms]
      [Free CSet: 0.3 ms]
   [Eden: 180.0M(180.0M)->0.0B(180.0M) Survivors: 28.0M->26.0M Heap: 699.7M(2048.0M)->701.7M(2048.0M)]
 [Times: user=1.34 sys=0.02, real=0.17 secs] 
2020-09-29T12:02:14.620+0200: 23.308: [GC pause (G1 Evacuation Pause) (young), 0.1813476 secs]
   [Parallel Time: 180.0 ms, GC Workers: 8]
      [GC Worker Start (ms): Min: 23308.2, Avg: 23308.3, Max: 23308.4, Diff: 0.1]
      [Ext Root Scanning (ms): Min: 0.1, Avg: 0.1, Max: 0.2, Diff: 0.1, Sum: 0.9]
      [Update RS (ms): Min: 19.4, Avg: 19.8, Max: 20.8, Diff: 1.4, Sum: 158.4]
         [Processed Buffers: Min: 12, Avg: 15.5, Max: 19, Diff: 7, Sum: 124]
      [Scan RS (ms): Min: 15.9, Avg: 16.9, Max: 17.4, Diff: 1.5, Sum: 135.6]
      [Code Root Scanning (ms): Min: 0.0, Avg: 0.0, Max: 0.0, Diff: 0.0, Sum: 0.0]
      [Object Copy (ms): Min: 142.6, Avg: 142.8, Max: 143.0, Diff: 0.4, Sum: 1142.6]
      [Termination (ms): Min: 0.0, Avg: 0.1, Max: 0.1, Diff: 0.1, Sum: 0.5]
         [Termination Attempts: Min: 1, Avg: 326.3, Max: 421, Diff: 420, Sum: 2610]
      [GC Worker Other (ms): Min: 0.0, Avg: 0.0, Max: 0.1, Diff: 0.0, Sum: 0.3]
      [GC Worker Total (ms): Min: 179.7, Avg: 179.8, Max: 179.8, Diff: 0.1, Sum: 1438.2]
      [GC Worker End (ms): Min: 23488.1, Avg: 23488.1, Max: 23488.1, Diff: 0.0]
   [Code Root Fixup: 0.0 ms]
   [Code Root Purge: 0.0 ms]
   [Clear CT: 0.2 ms]
   [Other: 1.2 ms]
      [Choose CSet: 0.0 ms]
      [Ref Proc: 0.3 ms]
      [Ref Enq: 0.0 ms]
      [Redirty Cards: 0.3 ms]
      [Humongous Register: 0.1 ms]
      [Humongous Reclaim: 0.0 ms]
      [Free CSet: 0.3 ms]
   [Eden: 180.0M(180.0M)->0.0B(178.0M) Survivors: 26.0M->26.0M Heap: 912.2M(2048.0M)->914.2M(2048.0M)]
 [Times: user=1.28 sys=0.08, real=0.18 secs] 
2020-09-29T12:02:14.925+0200: 23.613: [GC pause (G1 Humongous Allocation) (young) (initial-mark), 0.1560453 secs]
   [Parallel Time: 154.7 ms, GC Workers: 8]
      [GC Worker Start (ms): Min: 23613.1, Avg: 23613.2, Max: 23613.2, Diff: 0.2]
      [Ext Root Scanning (ms): Min: 0.0, Avg: 0.1, Max: 0.2, Diff: 0.2, Sum: 0.8]
      [Update RS (ms): Min: 27.3, Avg: 27.7, Max: 28.6, Diff: 1.3, Sum: 221.6]
         [Processed Buffers: Min: 18, Avg: 20.0, Max: 21, Diff: 3, Sum: 160]
      [Scan RS (ms): Min: 9.1, Avg: 10.0, Max: 10.5, Diff: 1.4, Sum: 80.1]
      [Code Root Scanning (ms): Min: 0.0, Avg: 0.0, Max: 0.0, Diff: 0.0, Sum: 0.0]
      [Object Copy (ms): Min: 116.4, Avg: 116.6, Max: 116.7, Diff: 0.3, Sum: 932.8]
      [Termination (ms): Min: 0.0, Avg: 0.0, Max: 0.0, Diff: 0.0, Sum: 0.3]
         [Termination Attempts: Min: 1, Avg: 171.5, Max: 227, Diff: 226, Sum: 1372]
      [GC Worker Other (ms): Min: 0.0, Avg: 0.0, Max: 0.1, Diff: 0.0, Sum: 0.2]
      [GC Worker Total (ms): Min: 154.4, Avg: 154.5, Max: 154.6, Diff: 0.2, Sum: 1235.8]
      [GC Worker End (ms): Min: 23767.6, Avg: 23767.6, Max: 23767.7, Diff: 0.0]
   [Code Root Fixup: 0.0 ms]
   [Code Root Purge: 0.0 ms]
   [Clear CT: 0.2 ms]
   [Other: 1.1 ms]
      [Choose CSet: 0.0 ms]
      [Ref Proc: 0.3 ms]
      [Ref Enq: 0.0 ms]
      [Redirty Cards: 0.2 ms]
      [Humongous Register: 0.0 ms]
      [Humongous Reclaim: 0.0 ms]
      [Free CSet: 0.2 ms]
   [Eden: 160.0M(178.0M)->0.0B(182.0M) Survivors: 26.0M->26.0M Heap: 1098.5M(2048.0M)->1100.0M(2048.0M)]
 [Times: user=1.22 sys=0.03, real=0.16 secs] 
2020-09-29T12:02:15.081+0200: 23.769: [GC concurrent-root-region-scan-start]
2020-09-29T12:02:15.093+0200: 23.781: [GC concurrent-root-region-scan-end, 0.0116818 secs]
2020-09-29T12:02:15.093+0200: 23.781: [GC concurrent-mark-start]
2020-09-29T12:02:15.098+0200: 23.786: [GC concurrent-mark-end, 0.0047203 secs]
2020-09-29T12:02:15.098+0200: 23.786: [GC remark 2020-09-29T12:02:15.098+0200: 23.786: [Finalize Marking, 0.0003219 secs] 2020-09-29T12:02:15.099+0200: 23.786: [GC ref-proc, 0.0004654 secs] 2020-09-29T12:02:15.099+0200: 23.787: [Unloading, 0.0006638 secs], 0.0019541 secs]
 [Times: user=0.00 sys=0.00, real=0.00 secs] 
2020-09-29T12:02:15.101+0200: 23.788: [GC cleanup 1110M->44M(2048M), 0.0038928 secs]
 [Times: user=0.00 sys=0.00, real=0.00 secs] 
2020-09-29T12:02:15.105+0200: 23.792: [GC concurrent-cleanup-start]
2020-09-29T12:02:15.106+0200: 23.794: [GC concurrent-cleanup-end, 0.0016646 secs]
2020-09-29T12:02:15.223+0200: 23.911: [GC pause (G1 Evacuation Pause) (young), 0.1646271 secs]
   [Parallel Time: 163.3 ms, GC Workers: 8]
      [GC Worker Start (ms): Min: 23911.4, Avg: 23911.5, Max: 23911.6, Diff: 0.2]
      [Ext Root Scanning (ms): Min: 0.0, Avg: 0.1, Max: 0.2, Diff: 0.2, Sum: 0.6]
      [Update RS (ms): Min: 20.1, Avg: 20.8, Max: 24.6, Diff: 4.5, Sum: 166.6]
         [Processed Buffers: Min: 13, Avg: 14.8, Max: 17, Diff: 4, Sum: 118]
      [Scan RS (ms): Min: 9.8, Avg: 13.7, Max: 14.6, Diff: 4.8, Sum: 109.3]
      [Code Root Scanning (ms): Min: 0.0, Avg: 0.0, Max: 0.0, Diff: 0.0, Sum: 0.0]
      [Object Copy (ms): Min: 128.1, Avg: 128.3, Max: 128.4, Diff: 0.3, Sum: 1026.5]
      [Termination (ms): Min: 0.0, Avg: 0.1, Max: 0.2, Diff: 0.2, Sum: 1.0]
         [Termination Attempts: Min: 1, Avg: 616.0, Max: 807, Diff: 806, Sum: 4928]
      [GC Worker Other (ms): Min: 0.0, Avg: 0.0, Max: 0.1, Diff: 0.1, Sum: 0.4]
      [GC Worker Total (ms): Min: 162.9, Avg: 163.0, Max: 163.2, Diff: 0.2, Sum: 1304.3]
      [GC Worker End (ms): Min: 24074.5, Avg: 24074.5, Max: 24074.6, Diff: 0.1]
   [Code Root Fixup: 0.0 ms]
   [Code Root Purge: 0.0 ms]
   [Clear CT: 0.2 ms]
   [Other: 1.1 ms]
      [Choose CSet: 0.0 ms]
      [Ref Proc: 0.3 ms]
      [Ref Enq: 0.0 ms]
      [Redirty Cards: 0.3 ms]
      [Humongous Register: 0.0 ms]
      [Humongous Reclaim: 0.0 ms]
      [Free CSet: 0.2 ms]
   [Eden: 182.0M(182.0M)->0.0B(185.0M) Survivors: 26.0M->26.0M Heap: 246.5M(2048.0M)->222.0M(2048.0M)]
 [Times: user=1.19 sys=0.02, real=0.16 secs] 
2020-09-29T12:02:15.522+0200: 24.210: [GC pause (G1 Evacuation Pause) (young), 0.1857099 secs]
   [Parallel Time: 183.9 ms, GC Workers: 8]
      [GC Worker Start (ms): Min: 24210.1, Avg: 24210.3, Max: 24211.2, Diff: 1.2]
      [Ext Root Scanning (ms): Min: 0.0, Avg: 0.1, Max: 0.2, Diff: 0.2, Sum: 0.8]
      [Update RS (ms): Min: 18.7, Avg: 19.5, Max: 20.5, Diff: 1.8, Sum: 156.0]
         [Processed Buffers: Min: 13, Avg: 16.0, Max: 19, Diff: 6, Sum: 128]
      [Scan RS (ms): Min: 17.3, Avg: 21.8, Max: 47.8, Diff: 30.5, Sum: 174.6]
      [Code Root Scanning (ms): Min: 0.0, Avg: 0.0, Max: 0.0, Diff: 0.0, Sum: 0.0]
      [Object Copy (ms): Min: 116.2, Avg: 141.9, Max: 145.7, Diff: 29.5, Sum: 1135.2]
      [Termination (ms): Min: 0.0, Avg: 0.1, Max: 0.1, Diff: 0.1, Sum: 0.9]
         [Termination Attempts: Min: 1, Avg: 566.4, Max: 715, Diff: 714, Sum: 4531]
      [GC Worker Other (ms): Min: 0.0, Avg: 0.1, Max: 0.1, Diff: 0.1, Sum: 0.6]
      [GC Worker Total (ms): Min: 182.6, Avg: 183.5, Max: 183.8, Diff: 1.2, Sum: 1468.1]
      [GC Worker End (ms): Min: 24393.8, Avg: 24393.8, Max: 24393.9, Diff: 0.1]
   [Code Root Fixup: 0.0 ms]
   [Code Root Purge: 0.0 ms]
   [Clear CT: 0.2 ms]
   [Other: 1.6 ms]
      [Choose CSet: 0.0 ms]
      [Ref Proc: 0.3 ms]
      [Ref Enq: 0.0 ms]
      [Redirty Cards: 0.7 ms]
      [Humongous Register: 0.1 ms]
      [Humongous Reclaim: 0.0 ms]
      [Free CSet: 0.3 ms]
   [Eden: 185.0M(185.0M)->0.0B(178.0M) Survivors: 26.0M->27.0M Heap: 439.4M(2048.0M)->441.4M(2048.0M)]
 [Times: user=1.24 sys=0.03, real=0.19 secs] 
2020-09-29T12:02:15.842+0200: 24.529: [GC pause (G1 Evacuation Pause) (young), 0.1676535 secs]
   [Parallel Time: 166.3 ms, GC Workers: 8]
      [GC Worker Start (ms): Min: 24529.6, Avg: 24529.7, Max: 24530.1, Diff: 0.5]
      [Ext Root Scanning (ms): Min: 0.0, Avg: 0.1, Max: 0.2, Diff: 0.2, Sum: 0.8]
      [Update RS (ms): Min: 23.9, Avg: 24.2, Max: 24.7, Diff: 0.8, Sum: 193.4]
         [Processed Buffers: Min: 15, Avg: 17.8, Max: 20, Diff: 5, Sum: 142]
      [Scan RS (ms): Min: 14.3, Avg: 15.0, Max: 16.7, Diff: 2.4, Sum: 120.1]
      [Code Root Scanning (ms): Min: 0.0, Avg: 0.0, Max: 0.0, Diff: 0.0, Sum: 0.0]
      [Object Copy (ms): Min: 125.2, Avg: 126.7, Max: 127.0, Diff: 1.8, Sum: 1013.4]
      [Termination (ms): Min: 0.0, Avg: 0.1, Max: 0.1, Diff: 0.1, Sum: 0.8]
         [Termination Attempts: Min: 1, Avg: 474.3, Max: 654, Diff: 653, Sum: 3794]
      [GC Worker Other (ms): Min: 0.0, Avg: 0.0, Max: 0.1, Diff: 0.0, Sum: 0.3]
      [GC Worker Total (ms): Min: 165.7, Avg: 166.1, Max: 166.2, Diff: 0.6, Sum: 1328.7]
      [GC Worker End (ms): Min: 24695.7, Avg: 24695.8, Max: 24695.8, Diff: 0.0]
   [Code Root Fixup: 0.0 ms]
   [Code Root Purge: 0.0 ms]
   [Clear CT: 0.2 ms]
   [Other: 1.1 ms]
      [Choose CSet: 0.0 ms]
      [Ref Proc: 0.3 ms]
      [Ref Enq: 0.0 ms]
      [Redirty Cards: 0.3 ms]
      [Humongous Register: 0.1 ms]
      [Humongous Reclaim: 0.0 ms]
      [Free CSet: 0.2 ms]
   [Eden: 178.0M(178.0M)->0.0B(185.0M) Survivors: 27.0M->26.0M Heap: 648.1M(2048.0M)->650.1M(2048.0M)]
 [Times: user=1.25 sys=0.03, real=0.17 secs] 
2020-09-29T12:02:16.149+0200: 24.837: [GC pause (G1 Evacuation Pause) (young), 0.2381682 secs]
   [Parallel Time: 236.9 ms, GC Workers: 8]
      [GC Worker Start (ms): Min: 24836.9, Avg: 24837.0, Max: 24837.1, Diff: 0.2]
      [Ext Root Scanning (ms): Min: 0.0, Avg: 0.1, Max: 0.2, Diff: 0.2, Sum: 0.7]
      [Update RS (ms): Min: 17.3, Avg: 19.5, Max: 32.3, Diff: 14.9, Sum: 155.6]
         [Processed Buffers: Min: 8, Avg: 11.9, Max: 16, Diff: 8, Sum: 95]
      [Scan RS (ms): Min: 8.1, Avg: 22.0, Max: 32.0, Diff: 24.0, Sum: 176.2]
      [Code Root Scanning (ms): Min: 0.0, Avg: 0.0, Max: 0.0, Diff: 0.0, Sum: 0.0]
      [Object Copy (ms): Min: 187.1, Avg: 194.8, Max: 196.1, Diff: 9.0, Sum: 1558.6]
      [Termination (ms): Min: 0.1, Avg: 0.2, Max: 0.3, Diff: 0.2, Sum: 1.6]
         [Termination Attempts: Min: 1, Avg: 646.1, Max: 987, Diff: 986, Sum: 5169]
      [GC Worker Other (ms): Min: 0.0, Avg: 0.0, Max: 0.1, Diff: 0.1, Sum: 0.4]
      [GC Worker Total (ms): Min: 236.5, Avg: 236.6, Max: 236.7, Diff: 0.2, Sum: 1893.1]
      [GC Worker End (ms): Min: 25073.6, Avg: 25073.6, Max: 25073.7, Diff: 0.1]
   [Code Root Fixup: 0.0 ms]
   [Code Root Purge: 0.0 ms]
   [Clear CT: 0.3 ms]
   [Other: 1.0 ms]
      [Choose CSet: 0.0 ms]
      [Ref Proc: 0.2 ms]
      [Ref Enq: 0.0 ms]
      [Redirty Cards: 0.3 ms]
      [Humongous Register: 0.0 ms]
      [Humongous Reclaim: 0.0 ms]
      [Free CSet: 0.3 ms]
   [Eden: 185.0M(185.0M)->0.0B(147.0M) Survivors: 26.0M->27.0M Heap: 865.6M(2048.0M)->867.6M(2048.0M)]
 [Times: user=1.48 sys=0.05, real=0.24 secs] 
2020-09-29T12:02:16.515+0200: 25.203: [GC pause (G1 Evacuation Pause) (young), 0.1794218 secs]
   [Parallel Time: 178.1 ms, GC Workers: 8]
      [GC Worker Start (ms): Min: 25202.7, Avg: 25202.8, Max: 25202.9, Diff: 0.2]
      [Ext Root Scanning (ms): Min: 0.0, Avg: 0.1, Max: 0.2, Diff: 0.2, Sum: 0.8]
      [Update RS (ms): Min: 18.9, Avg: 19.4, Max: 20.3, Diff: 1.5, Sum: 155.3]
         [Processed Buffers: Min: 8, Avg: 14.1, Max: 16, Diff: 8, Sum: 113]
      [Scan RS (ms): Min: 11.7, Avg: 12.7, Max: 13.3, Diff: 1.6, Sum: 101.3]
      [Code Root Scanning (ms): Min: 0.0, Avg: 0.0, Max: 0.0, Diff: 0.0, Sum: 0.0]
      [Object Copy (ms): Min: 144.9, Avg: 145.1, Max: 145.6, Diff: 0.7, Sum: 1161.0]
      [Termination (ms): Min: 0.1, Avg: 0.5, Max: 0.8, Diff: 0.7, Sum: 4.3]
         [Termination Attempts: Min: 1, Avg: 2186.3, Max: 2818, Diff: 2817, Sum: 17490]
      [GC Worker Other (ms): Min: 0.0, Avg: 0.0, Max: 0.0, Diff: 0.0, Sum: 0.1]
      [GC Worker Total (ms): Min: 177.7, Avg: 177.8, Max: 177.9, Diff: 0.2, Sum: 1422.7]
      [GC Worker End (ms): Min: 25380.6, Avg: 25380.6, Max: 25380.6, Diff: 0.0]
   [Code Root Fixup: 0.0 ms]
   [Code Root Purge: 0.0 ms]
   [Clear CT: 0.2 ms]
   [Other: 1.1 ms]
      [Choose CSet: 0.0 ms]
      [Ref Proc: 0.4 ms]
      [Ref Enq: 0.0 ms]
      [Redirty Cards: 0.2 ms]
      [Humongous Register: 0.1 ms]
      [Humongous Reclaim: 0.0 ms]
      [Free CSet: 0.2 ms]
   [Eden: 147.0M(147.0M)->0.0B(152.0M) Survivors: 27.0M->22.0M Heap: 1039.4M(2048.0M)->1041.4M(2048.0M)]
 [Times: user=1.22 sys=0.02, real=0.18 secs] 
2020-09-29T12:02:16.699+0200: 25.387: [GC pause (G1 Humongous Allocation) (young) (initial-mark), 0.0512887 secs]
   [Parallel Time: 49.9 ms, GC Workers: 8]
      [GC Worker Start (ms): Min: 25387.6, Avg: 25387.7, Max: 25387.8, Diff: 0.2]
      [Ext Root Scanning (ms): Min: 0.0, Avg: 0.3, Max: 0.9, Diff: 0.9, Sum: 2.6]
      [Update RS (ms): Min: 30.1, Avg: 30.8, Max: 32.0, Diff: 1.9, Sum: 246.6]
         [Processed Buffers: Min: 24, Avg: 26.3, Max: 28, Diff: 4, Sum: 210]
      [Scan RS (ms): Min: 0.0, Avg: 0.9, Max: 1.6, Diff: 1.6, Sum: 7.5]
      [Code Root Scanning (ms): Min: 0.0, Avg: 0.0, Max: 0.0, Diff: 0.0, Sum: 0.0]
      [Object Copy (ms): Min: 17.2, Avg: 17.6, Max: 17.8, Diff: 0.6, Sum: 141.1]
      [Termination (ms): Min: 0.0, Avg: 0.0, Max: 0.0, Diff: 0.0, Sum: 0.2]
         [Termination Attempts: Min: 1, Avg: 124.5, Max: 161, Diff: 160, Sum: 996]
      [GC Worker Other (ms): Min: 0.0, Avg: 0.0, Max: 0.0, Diff: 0.0, Sum: 0.1]
      [GC Worker Total (ms): Min: 49.6, Avg: 49.8, Max: 49.9, Diff: 0.2, Sum: 398.2]
      [GC Worker End (ms): Min: 25437.5, Avg: 25437.5, Max: 25437.5, Diff: 0.0]
   [Code Root Fixup: 0.0 ms]
   [Code Root Purge: 0.0 ms]
   [Clear CT: 0.2 ms]
   [Other: 1.1 ms]
      [Choose CSet: 0.0 ms]
      [Ref Proc: 0.3 ms]
      [Ref Enq: 0.0 ms]
      [Redirty Cards: 0.3 ms]
      [Humongous Register: 0.1 ms]
      [Humongous Reclaim: 0.0 ms]
      [Free CSet: 0.1 ms]
   [Eden: 5120.0K(152.0M)->0.0B(181.0M) Survivors: 22.0M->6144.0K Heap: 1045.9M(2048.0M)->1049.9M(2048.0M)]
 [Times: user=0.38 sys=0.00, real=0.05 secs] 
2020-09-29T12:02:16.751+0200: 25.439: [GC concurrent-root-region-scan-start]
2020-09-29T12:02:16.753+0200: 25.441: [GC concurrent-root-region-scan-end, 0.0019006 secs]
2020-09-29T12:02:16.753+0200: 25.441: [GC concurrent-mark-start]
2020-09-29T12:02:16.757+0200: 25.445: [GC concurrent-mark-end, 0.0044394 secs]
2020-09-29T12:02:16.758+0200: 25.446: [GC remark 2020-09-29T12:02:16.758+0200: 25.446: [Finalize Marking, 0.0003106 secs] 2020-09-29T12:02:16.758+0200: 25.446: [GC ref-proc, 0.0004814 secs] 2020-09-29T12:02:16.759+0200: 25.446: [Unloading, 0.0006478 secs], 0.0019822 secs]
 [Times: user=0.00 sys=0.00, real=0.00 secs] 
2020-09-29T12:02:16.761+0200: 25.448: [GC cleanup 1059M->23M(2048M), 0.0022461 secs]
 [Times: user=0.00 sys=0.00, real=0.00 secs] 
2020-09-29T12:02:16.763+0200: 25.450: [GC concurrent-cleanup-start]
2020-09-29T12:02:16.765+0200: 25.452: [GC concurrent-cleanup-end, 0.0020353 secs]
2020-09-29T12:02:16.885+0200: 25.572: [GC pause (G1 Evacuation Pause) (young), 0.1477095 secs]
   [Parallel Time: 146.4 ms, GC Workers: 8]
      [GC Worker Start (ms): Min: 25572.6, Avg: 25572.6, Max: 25572.7, Diff: 0.1]
      [Ext Root Scanning (ms): Min: 0.0, Avg: 0.1, Max: 0.2, Diff: 0.1, Sum: 0.8]
      [Update RS (ms): Min: 17.5, Avg: 18.0, Max: 18.9, Diff: 1.4, Sum: 144.0]
         [Processed Buffers: Min: 12, Avg: 13.9, Max: 15, Diff: 3, Sum: 111]
      [Scan RS (ms): Min: 12.9, Avg: 13.8, Max: 14.4, Diff: 1.5, Sum: 110.7]
      [Code Root Scanning (ms): Min: 0.0, Avg: 0.0, Max: 0.0, Diff: 0.0, Sum: 0.0]
      [Object Copy (ms): Min: 114.1, Avg: 114.1, Max: 114.3, Diff: 0.2, Sum: 913.2]
      [Termination (ms): Min: 0.0, Avg: 0.1, Max: 0.1, Diff: 0.1, Sum: 0.5]
         [Termination Attempts: Min: 1, Avg: 308.6, Max: 392, Diff: 391, Sum: 2469]
      [GC Worker Other (ms): Min: 0.0, Avg: 0.0, Max: 0.1, Diff: 0.0, Sum: 0.3]
      [GC Worker Total (ms): Min: 146.1, Avg: 146.2, Max: 146.2, Diff: 0.1, Sum: 1169.5]
      [GC Worker End (ms): Min: 25718.8, Avg: 25718.8, Max: 25718.9, Diff: 0.0]
   [Code Root Fixup: 0.0 ms]
   [Code Root Purge: 0.0 ms]
   [Clear CT: 0.2 ms]
   [Other: 1.1 ms]
      [Choose CSet: 0.0 ms]
      [Ref Proc: 0.3 ms]
      [Ref Enq: 0.0 ms]
      [Redirty Cards: 0.3 ms]
      [Humongous Register: 0.1 ms]
      [Humongous Reclaim: 0.0 ms]
      [Free CSet: 0.2 ms]
   [Eden: 181.0M(181.0M)->0.0B(176.0M) Survivors: 6144.0K->24.0M Heap: 225.5M(2048.0M)->221.0M(2048.0M)]
 [Times: user=1.06 sys=0.06, real=0.15 secs] 
2020-09-29T12:02:17.155+0200: 25.843: [GC pause (G1 Evacuation Pause) (young), 0.1592425 secs]
   [Parallel Time: 157.9 ms, GC Workers: 8]
      [GC Worker Start (ms): Min: 25843.0, Avg: 25843.1, Max: 25843.2, Diff: 0.2]
      [Ext Root Scanning (ms): Min: 0.0, Avg: 0.1, Max: 0.2, Diff: 0.2, Sum: 0.7]
      [Update RS (ms): Min: 26.6, Avg: 27.1, Max: 27.9, Diff: 1.3, Sum: 217.2]
         [Processed Buffers: Min: 17, Avg: 20.3, Max: 24, Diff: 7, Sum: 162]
      [Scan RS (ms): Min: 11.3, Avg: 12.1, Max: 12.6, Diff: 1.3, Sum: 97.1]
      [Code Root Scanning (ms): Min: 0.0, Avg: 0.0, Max: 0.0, Diff: 0.0, Sum: 0.0]
      [Object Copy (ms): Min: 118.0, Avg: 118.2, Max: 118.4, Diff: 0.4, Sum: 945.9]
      [Termination (ms): Min: 0.0, Avg: 0.0, Max: 0.0, Diff: 0.0, Sum: 0.0]
         [Termination Attempts: Min: 1, Avg: 8.0, Max: 11, Diff: 10, Sum: 64]
      [GC Worker Other (ms): Min: 0.0, Avg: 0.0, Max: 0.1, Diff: 0.1, Sum: 0.3]
      [GC Worker Total (ms): Min: 157.6, Avg: 157.7, Max: 157.7, Diff: 0.2, Sum: 1261.2]
      [GC Worker End (ms): Min: 26000.8, Avg: 26000.8, Max: 26000.8, Diff: 0.1]
   [Code Root Fixup: 0.0 ms]
   [Code Root Purge: 0.0 ms]
   [Clear CT: 0.2 ms]
   [Other: 1.1 ms]
      [Choose CSet: 0.0 ms]
      [Ref Proc: 0.3 ms]
      [Ref Enq: 0.0 ms]
      [Redirty Cards: 0.3 ms]
      [Humongous Register: 0.0 ms]
      [Humongous Reclaim: 0.0 ms]
      [Free CSet: 0.2 ms]
   [Eden: 176.0M(176.0M)->0.0B(181.0M) Survivors: 24.0M->25.0M Heap: 427.5M(2048.0M)->430.0M(2048.0M)]
 [Times: user=1.13 sys=0.06, real=0.16 secs] 
2020-09-29T12:02:17.442+0200: 26.130: [GC pause (G1 Evacuation Pause) (young), 0.1754661 secs]
   [Parallel Time: 174.0 ms, GC Workers: 8]
      [GC Worker Start (ms): Min: 26129.7, Avg: 26130.9, Max: 26138.4, Diff: 8.7]
      [Ext Root Scanning (ms): Min: 0.0, Avg: 0.1, Max: 0.3, Diff: 0.3, Sum: 1.0]
      [Update RS (ms): Min: 10.9, Avg: 18.4, Max: 19.9, Diff: 9.0, Sum: 146.8]
         [Processed Buffers: Min: 8, Avg: 13.8, Max: 17, Diff: 9, Sum: 110]
      [Scan RS (ms): Min: 19.5, Avg: 19.9, Max: 20.3, Diff: 0.7, Sum: 159.3]
      [Code Root Scanning (ms): Min: 0.0, Avg: 0.0, Max: 0.0, Diff: 0.0, Sum: 0.0]
      [Object Copy (ms): Min: 133.5, Avg: 134.1, Max: 134.3, Diff: 0.8, Sum: 1072.7]
      [Termination (ms): Min: 0.0, Avg: 0.2, Max: 0.2, Diff: 0.2, Sum: 1.2]
         [Termination Attempts: Min: 1, Avg: 562.1, Max: 700, Diff: 699, Sum: 4497]
      [GC Worker Other (ms): Min: 0.0, Avg: 0.0, Max: 0.1, Diff: 0.0, Sum: 0.2]
      [GC Worker Total (ms): Min: 165.1, Avg: 172.7, Max: 173.9, Diff: 8.7, Sum: 1381.2]
      [GC Worker End (ms): Min: 26303.5, Avg: 26303.6, Max: 26303.6, Diff: 0.1]
   [Code Root Fixup: 0.0 ms]
   [Code Root Purge: 0.0 ms]
   [Clear CT: 0.3 ms]
   [Other: 1.2 ms]
      [Choose CSet: 0.0 ms]
      [Ref Proc: 0.3 ms]
      [Ref Enq: 0.0 ms]
      [Redirty Cards: 0.3 ms]
      [Humongous Register: 0.1 ms]
      [Humongous Reclaim: 0.0 ms]
      [Free CSet: 0.2 ms]
   [Eden: 181.0M(181.0M)->0.0B(178.0M) Survivors: 25.0M->26.0M Heap: 641.6M(2048.0M)->643.6M(2048.0M)]
 [Times: user=1.27 sys=0.03, real=0.18 secs] 
2020-09-29T12:02:17.761+0200: 26.449: [GC pause (G1 Evacuation Pause) (young), 0.1927031 secs]
   [Parallel Time: 191.4 ms, GC Workers: 8]
      [GC Worker Start (ms): Min: 26448.9, Avg: 26449.0, Max: 26449.1, Diff: 0.1]
      [Ext Root Scanning (ms): Min: 0.0, Avg: 0.1, Max: 0.2, Diff: 0.1, Sum: 0.8]
      [Update RS (ms): Min: 24.7, Avg: 24.9, Max: 25.1, Diff: 0.4, Sum: 199.0]
         [Processed Buffers: Min: 17, Avg: 18.8, Max: 21, Diff: 4, Sum: 150]
      [Scan RS (ms): Min: 14.9, Avg: 15.5, Max: 17.4, Diff: 2.5, Sum: 124.1]
      [Code Root Scanning (ms): Min: 0.0, Avg: 0.0, Max: 0.0, Diff: 0.0, Sum: 0.0]
      [Object Copy (ms): Min: 148.5, Avg: 150.5, Max: 150.9, Diff: 2.4, Sum: 1204.1]
      [Termination (ms): Min: 0.0, Avg: 0.1, Max: 0.2, Diff: 0.2, Sum: 0.6]
         [Termination Attempts: Min: 1, Avg: 41.1, Max: 72, Diff: 71, Sum: 329]
      [GC Worker Other (ms): Min: 0.0, Avg: 0.0, Max: 0.0, Diff: 0.0, Sum: 0.1]
      [GC Worker Total (ms): Min: 191.0, Avg: 191.1, Max: 191.3, Diff: 0.3, Sum: 1528.7]
      [GC Worker End (ms): Min: 26640.1, Avg: 26640.1, Max: 26640.2, Diff: 0.2]
   [Code Root Fixup: 0.0 ms]
   [Code Root Purge: 0.0 ms]
   [Clear CT: 0.3 ms]
   [Other: 1.0 ms]
      [Choose CSet: 0.0 ms]
      [Ref Proc: 0.2 ms]
      [Ref Enq: 0.0 ms]
      [Redirty Cards: 0.3 ms]
      [Humongous Register: 0.0 ms]
      [Humongous Reclaim: 0.0 ms]
      [Free CSet: 0.2 ms]
   [Eden: 178.0M(178.0M)->0.0B(172.0M) Survivors: 26.0M->26.0M Heap: 850.2M(2048.0M)->851.7M(2048.0M)]
 [Times: user=1.33 sys=0.03, real=0.19 secs] 
2020-09-29T12:02:18.073+0200: 26.760: [GC pause (G1 Evacuation Pause) (young), 0.1181529 secs]
   [Parallel Time: 116.9 ms, GC Workers: 8]
      [GC Worker Start (ms): Min: 26760.1, Avg: 26760.3, Max: 26760.7, Diff: 0.5]
      [Ext Root Scanning (ms): Min: 0.0, Avg: 0.1, Max: 0.2, Diff: 0.2, Sum: 0.8]
      [Update RS (ms): Min: 15.0, Avg: 15.2, Max: 15.9, Diff: 0.9, Sum: 121.8]
         [Processed Buffers: Min: 13, Avg: 14.8, Max: 16, Diff: 3, Sum: 118]
      [Scan RS (ms): Min: 10.3, Avg: 10.8, Max: 11.1, Diff: 0.9, Sum: 86.8]
      [Code Root Scanning (ms): Min: 0.0, Avg: 0.0, Max: 0.0, Diff: 0.0, Sum: 0.0]
      [Object Copy (ms): Min: 90.3, Avg: 90.4, Max: 90.5, Diff: 0.2, Sum: 723.1]
      [Termination (ms): Min: 0.0, Avg: 0.1, Max: 0.1, Diff: 0.1, Sum: 0.7]
         [Termination Attempts: Min: 1, Avg: 564.0, Max: 859, Diff: 858, Sum: 4512]
      [GC Worker Other (ms): Min: 0.0, Avg: 0.0, Max: 0.0, Diff: 0.0, Sum: 0.2]
      [GC Worker Total (ms): Min: 116.3, Avg: 116.7, Max: 116.8, Diff: 0.5, Sum: 933.5]
      [GC Worker End (ms): Min: 26876.9, Avg: 26876.9, Max: 26877.0, Diff: 0.0]
   [Code Root Fixup: 0.0 ms]
   [Code Root Purge: 0.0 ms]
   [Clear CT: 0.2 ms]
   [Other: 1.1 ms]
      [Choose CSet: 0.0 ms]
      [Ref Proc: 0.2 ms]
      [Ref Enq: 0.0 ms]
      [Redirty Cards: 0.4 ms]
      [Humongous Register: 0.1 ms]
      [Humongous Reclaim: 0.0 ms]
      [Free CSet: 0.2 ms]
   [Eden: 172.0M(172.0M)->0.0B(194.0M) Survivors: 26.0M->25.0M Heap: 1052.3M(2048.0M)->1054.3M(2048.0M)]
 [Times: user=0.81 sys=0.03, real=0.12 secs] 
2020-09-29T12:02:18.195+0200: 26.883: [GC pause (G1 Humongous Allocation) (young) (initial-mark), 0.0461829 secs]
   [Parallel Time: 43.9 ms, GC Workers: 8]
      [GC Worker Start (ms): Min: 26882.7, Avg: 26882.8, Max: 26882.9, Diff: 0.2]
      [Ext Root Scanning (ms): Min: 0.0, Avg: 0.3, Max: 0.5, Diff: 0.5, Sum: 2.3]
      [Update RS (ms): Min: 26.2, Avg: 26.8, Max: 27.5, Diff: 1.4, Sum: 214.1]
         [Processed Buffers: Min: 25, Avg: 29.1, Max: 31, Diff: 6, Sum: 233]
      [Scan RS (ms): Min: 0.6, Avg: 1.3, Max: 1.6, Diff: 1.1, Sum: 10.5]
      [Code Root Scanning (ms): Min: 0.0, Avg: 0.0, Max: 0.0, Diff: 0.0, Sum: 0.0]
      [Object Copy (ms): Min: 15.0, Avg: 15.3, Max: 15.4, Diff: 0.4, Sum: 122.1]
      [Termination (ms): Min: 0.0, Avg: 0.0, Max: 0.0, Diff: 0.0, Sum: 0.1]
         [Termination Attempts: Min: 1, Avg: 94.8, Max: 126, Diff: 125, Sum: 758]
      [GC Worker Other (ms): Min: 0.0, Avg: 0.0, Max: 0.0, Diff: 0.0, Sum: 0.1]
      [GC Worker Total (ms): Min: 43.6, Avg: 43.7, Max: 43.8, Diff: 0.2, Sum: 349.2]
      [GC Worker End (ms): Min: 26926.5, Avg: 26926.5, Max: 26926.5, Diff: 0.0]
   [Code Root Fixup: 0.0 ms]
   [Code Root Purge: 0.0 ms]
   [Clear CT: 0.2 ms]
   [Other: 2.1 ms]
      [Choose CSet: 0.0 ms]
      [Ref Proc: 0.2 ms]
      [Ref Enq: 0.0 ms]
      [Redirty Cards: 1.5 ms]
      [Humongous Register: 0.1 ms]
      [Humongous Reclaim: 0.0 ms]
      [Free CSet: 0.1 ms]
   [Eden: 5120.0K(194.0M)->0.0B(231.0M) Survivors: 25.0M->7168.0K Heap: 1059.3M(2048.0M)->1062.8M(2048.0M)]
 [Times: user=0.38 sys=0.00, real=0.05 secs] 
2020-09-29T12:02:18.241+0200: 26.929: [GC concurrent-root-region-scan-start]
2020-09-29T12:02:18.244+0200: 26.931: [GC concurrent-root-region-scan-end, 0.0022957 secs]
2020-09-29T12:02:18.244+0200: 26.931: [GC concurrent-mark-start]
2020-09-29T12:02:18.248+0200: 26.935: [GC concurrent-mark-end, 0.0037435 secs]
2020-09-29T12:02:18.248+0200: 26.935: [GC remark 2020-09-29T12:02:18.248+0200: 26.935: [Finalize Marking, 0.0002532 secs] 2020-09-29T12:02:18.248+0200: 26.936: [GC ref-proc, 0.0004101 secs] 2020-09-29T12:02:18.249+0200: 26.936: [Unloading, 0.0005094 secs], 0.0015986 secs]
 [Times: user=0.00 sys=0.00, real=0.00 secs] 
2020-09-29T12:02:18.250+0200: 26.938: [GC cleanup 1078M->30M(2048M), 0.0013368 secs]
 [Times: user=0.00 sys=0.00, real=0.00 secs] 
2020-09-29T12:02:18.252+0200: 26.939: [GC concurrent-cleanup-start]
2020-09-29T12:02:18.254+0200: 26.941: [GC concurrent-cleanup-end, 0.0020655 secs]
2020-09-29T12:02:18.384+0200: 27.072: [GC pause (G1 Evacuation Pause) (young), 0.1759112 secs]
   [Parallel Time: 174.9 ms, GC Workers: 8]
      [GC Worker Start (ms): Min: 27072.1, Avg: 27072.2, Max: 27072.2, Diff: 0.1]
      [Ext Root Scanning (ms): Min: 0.0, Avg: 0.1, Max: 0.1, Diff: 0.1, Sum: 0.7]
      [Update RS (ms): Min: 15.9, Avg: 17.2, Max: 24.3, Diff: 8.3, Sum: 137.5]
         [Processed Buffers: Min: 0, Avg: 13.5, Max: 20, Diff: 20, Sum: 108]
      [Scan RS (ms): Min: 11.8, Avg: 18.9, Max: 20.2, Diff: 8.4, Sum: 151.4]
      [Code Root Scanning (ms): Min: 0.0, Avg: 0.0, Max: 0.0, Diff: 0.0, Sum: 0.0]
      [Object Copy (ms): Min: 138.1, Avg: 138.2, Max: 138.4, Diff: 0.4, Sum: 1105.7]
      [Termination (ms): Min: 0.0, Avg: 0.3, Max: 0.5, Diff: 0.5, Sum: 2.4]
         [Termination Attempts: Min: 1, Avg: 2081.6, Max: 2960, Diff: 2959, Sum: 16653]
      [GC Worker Other (ms): Min: 0.0, Avg: 0.0, Max: 0.1, Diff: 0.0, Sum: 0.3]
      [GC Worker Total (ms): Min: 174.7, Avg: 174.8, Max: 174.8, Diff: 0.1, Sum: 1398.0]
      [GC Worker End (ms): Min: 27246.9, Avg: 27246.9, Max: 27247.0, Diff: 0.0]
   [Code Root Fixup: 0.0 ms]
   [Code Root Purge: 0.0 ms]
   [Clear CT: 0.2 ms]
   [Other: 0.9 ms]
      [Choose CSet: 0.0 ms]
      [Ref Proc: 0.1 ms]
      [Ref Enq: 0.0 ms]
      [Redirty Cards: 0.2 ms]
      [Humongous Register: 0.0 ms]
      [Humongous Reclaim: 0.0 ms]
      [Free CSet: 0.2 ms]
   [Eden: 231.0M(231.0M)->0.0B(203.0M) Survivors: 7168.0K->30.0M Heap: 286.1M(2048.0M)->281.1M(2048.0M)]
 [Times: user=1.14 sys=0.05, real=0.18 secs] 
2020-09-29T12:02:18.683+0200: 27.371: [GC pause (G1 Evacuation Pause) (young), 0.1390797 secs]
   [Parallel Time: 138.2 ms, GC Workers: 8]
      [GC Worker Start (ms): Min: 27371.4, Avg: 27371.5, Max: 27371.6, Diff: 0.2]
      [Ext Root Scanning (ms): Min: 0.0, Avg: 0.1, Max: 0.1, Diff: 0.1, Sum: 0.7]
      [Update RS (ms): Min: 16.7, Avg: 17.0, Max: 17.3, Diff: 0.6, Sum: 136.4]
         [Processed Buffers: Min: 7, Avg: 14.6, Max: 17, Diff: 10, Sum: 117]
      [Scan RS (ms): Min: 14.1, Avg: 14.4, Max: 14.7, Diff: 0.6, Sum: 115.1]
      [Code Root Scanning (ms): Min: 0.0, Avg: 0.0, Max: 0.0, Diff: 0.0, Sum: 0.0]
      [Object Copy (ms): Min: 106.2, Avg: 106.3, Max: 106.5, Diff: 0.4, Sum: 850.5]
      [Termination (ms): Min: 0.0, Avg: 0.2, Max: 0.3, Diff: 0.3, Sum: 1.6]
         [Termination Attempts: Min: 1, Avg: 1073.8, Max: 1489, Diff: 1488, Sum: 8590]
      [GC Worker Other (ms): Min: 0.0, Avg: 0.0, Max: 0.0, Diff: 0.0, Sum: 0.1]
      [GC Worker Total (ms): Min: 137.9, Avg: 138.1, Max: 138.1, Diff: 0.2, Sum: 1104.4]
      [GC Worker End (ms): Min: 27509.5, Avg: 27509.5, Max: 27509.5, Diff: 0.0]
   [Code Root Fixup: 0.0 ms]
   [Code Root Purge: 0.0 ms]
   [Clear CT: 0.2 ms]
   [Other: 0.8 ms]
      [Choose CSet: 0.0 ms]
      [Ref Proc: 0.2 ms]
      [Ref Enq: 0.0 ms]
      [Redirty Cards: 0.2 ms]
      [Humongous Register: 0.0 ms]
      [Humongous Reclaim: 0.0 ms]
      [Free CSet: 0.1 ms]
   [Eden: 203.0M(203.0M)->0.0B(218.0M) Survivors: 30.0M->30.0M Heap: 516.5M(2048.0M)->518.5M(2048.0M)]
 [Times: user=1.05 sys=0.05, real=0.14 secs] 
2020-09-29T12:02:18.939+0200: 27.627: [GC pause (G1 Evacuation Pause) (young), 0.1479712 secs]
   [Parallel Time: 146.9 ms, GC Workers: 8]
      [GC Worker Start (ms): Min: 27626.9, Avg: 27627.0, Max: 27627.1, Diff: 0.2]
      [Ext Root Scanning (ms): Min: 0.0, Avg: 0.1, Max: 0.1, Diff: 0.1, Sum: 0.5]
      [Update RS (ms): Min: 14.3, Avg: 14.8, Max: 15.7, Diff: 1.4, Sum: 118.3]
         [Processed Buffers: Min: 11, Avg: 13.9, Max: 15, Diff: 4, Sum: 111]
      [Scan RS (ms): Min: 16.2, Avg: 17.1, Max: 17.7, Diff: 1.5, Sum: 137.1]
      [Code Root Scanning (ms): Min: 0.0, Avg: 0.0, Max: 0.0, Diff: 0.0, Sum: 0.0]
      [Object Copy (ms): Min: 114.3, Avg: 114.5, Max: 114.6, Diff: 0.3, Sum: 915.7]
      [Termination (ms): Min: 0.0, Avg: 0.2, Max: 0.4, Diff: 0.4, Sum: 1.9]
         [Termination Attempts: Min: 1, Avg: 1614.0, Max: 1921, Diff: 1920, Sum: 12912]
      [GC Worker Other (ms): Min: 0.0, Avg: 0.0, Max: 0.1, Diff: 0.1, Sum: 0.3]
      [GC Worker Total (ms): Min: 146.6, Avg: 146.7, Max: 146.8, Diff: 0.2, Sum: 1173.8]
      [GC Worker End (ms): Min: 27773.7, Avg: 27773.7, Max: 27773.8, Diff: 0.1]
   [Code Root Fixup: 0.0 ms]
   [Code Root Purge: 0.0 ms]
   [Clear CT: 0.2 ms]
   [Other: 0.9 ms]
      [Choose CSet: 0.0 ms]
      [Ref Proc: 0.1 ms]
      [Ref Enq: 0.0 ms]
      [Redirty Cards: 0.3 ms]
      [Humongous Register: 0.0 ms]
      [Humongous Reclaim: 0.0 ms]
      [Free CSet: 0.3 ms]
   [Eden: 218.0M(218.0M)->0.0B(231.0M) Survivors: 30.0M->31.0M Heap: 772.7M(2048.0M)->774.2M(2048.0M)]
 [Times: user=1.09 sys=0.08, real=0.15 secs] 
2020-09-29T12:02:19.213+0200: 27.901: [GC pause (G1 Evacuation Pause) (young), 0.1414675 secs]
   [Parallel Time: 140.5 ms, GC Workers: 8]
      [GC Worker Start (ms): Min: 27901.3, Avg: 27901.4, Max: 27901.4, Diff: 0.2]
      [Ext Root Scanning (ms): Min: 0.0, Avg: 0.1, Max: 0.1, Diff: 0.1, Sum: 0.5]
      [Update RS (ms): Min: 17.0, Avg: 17.2, Max: 17.9, Diff: 1.0, Sum: 137.9]
         [Processed Buffers: Min: 16, Avg: 18.6, Max: 21, Diff: 5, Sum: 149]
      [Scan RS (ms): Min: 15.3, Avg: 15.9, Max: 16.2, Diff: 0.9, Sum: 127.4]
      [Code Root Scanning (ms): Min: 0.0, Avg: 0.0, Max: 0.0, Diff: 0.0, Sum: 0.0]
      [Object Copy (ms): Min: 107.0, Avg: 107.1, Max: 107.1, Diff: 0.2, Sum: 856.6]
      [Termination (ms): Min: 0.0, Avg: 0.0, Max: 0.0, Diff: 0.0, Sum: 0.1]
         [Termination Attempts: Min: 1, Avg: 121.5, Max: 155, Diff: 154, Sum: 972]
      [GC Worker Other (ms): Min: 0.0, Avg: 0.0, Max: 0.0, Diff: 0.0, Sum: 0.2]
      [GC Worker Total (ms): Min: 140.3, Avg: 140.3, Max: 140.4, Diff: 0.2, Sum: 1122.8]
      [GC Worker End (ms): Min: 28041.7, Avg: 28041.7, Max: 28041.7, Diff: 0.0]
   [Code Root Fixup: 0.0 ms]
   [Code Root Purge: 0.0 ms]
   [Clear CT: 0.2 ms]
   [Other: 0.8 ms]
      [Choose CSet: 0.0 ms]
      [Ref Proc: 0.2 ms]
      [Ref Enq: 0.0 ms]
      [Redirty Cards: 0.2 ms]
      [Humongous Register: 0.0 ms]
      [Humongous Reclaim: 0.0 ms]
      [Free CSet: 0.2 ms]
   [Eden: 231.0M(231.0M)->0.0B(250.0M) Survivors: 31.0M->33.0M Heap: 1045.3M(2048.0M)->1047.8M(2048.0M)]
 [Times: user=1.08 sys=0.03, real=0.14 secs] 
2020-09-29T12:02:19.360+0200: 28.048: [GC pause (G1 Humongous Allocation) (young) (initial-mark), 0.0573779 secs]
   [Parallel Time: 56.5 ms, GC Workers: 8]
      [GC Worker Start (ms): Min: 28047.8, Avg: 28047.9, Max: 28048.0, Diff: 0.1]
      [Ext Root Scanning (ms): Min: 0.0, Avg: 1.8, Max: 13.2, Diff: 13.2, Sum: 14.1]
      [Update RS (ms): Min: 22.5, Avg: 33.7, Max: 35.8, Diff: 13.3, Sum: 269.7]
         [Processed Buffers: Min: 27, Avg: 38.4, Max: 42, Diff: 15, Sum: 307]
      [Scan RS (ms): Min: 1.6, Avg: 2.1, Max: 2.3, Diff: 0.7, Sum: 16.9]
      [Code Root Scanning (ms): Min: 0.0, Avg: 0.0, Max: 0.0, Diff: 0.0, Sum: 0.0]
      [Object Copy (ms): Min: 18.6, Avg: 18.7, Max: 18.7, Diff: 0.1, Sum: 149.5]
      [Termination (ms): Min: 0.0, Avg: 0.0, Max: 0.1, Diff: 0.1, Sum: 0.3]
         [Termination Attempts: Min: 1, Avg: 251.6, Max: 319, Diff: 318, Sum: 2013]
      [GC Worker Other (ms): Min: 0.0, Avg: 0.0, Max: 0.0, Diff: 0.0, Sum: 0.1]
      [GC Worker Total (ms): Min: 56.2, Avg: 56.3, Max: 56.4, Diff: 0.1, Sum: 450.6]
      [GC Worker End (ms): Min: 28104.2, Avg: 28104.2, Max: 28104.2, Diff: 0.0]
   [Code Root Fixup: 0.0 ms]
   [Code Root Purge: 0.0 ms]
   [Clear CT: 0.2 ms]
   [Other: 0.7 ms]
      [Choose CSet: 0.0 ms]
      [Ref Proc: 0.2 ms]
      [Ref Enq: 0.0 ms]
      [Redirty Cards: 0.2 ms]
      [Humongous Register: 0.0 ms]
      [Humongous Reclaim: 0.0 ms]
      [Free CSet: 0.1 ms]
   [Eden: 10.0M(250.0M)->0.0B(281.0M) Survivors: 33.0M->12.0M Heap: 1057.8M(2048.0M)->1061.8M(2048.0M)]
 [Times: user=0.48 sys=0.00, real=0.06 secs] 
2020-09-29T12:02:19.417+0200: 28.105: [GC concurrent-root-region-scan-start]
2020-09-29T12:02:19.420+0200: 28.108: [GC concurrent-root-region-scan-end, 0.0028011 secs]
2020-09-29T12:02:19.420+0200: 28.108: [GC concurrent-mark-start]
2020-09-29T12:02:19.424+0200: 28.112: [GC concurrent-mark-end, 0.0035481 secs]
2020-09-29T12:02:19.424+0200: 28.112: [GC remark 2020-09-29T12:02:19.424+0200: 28.112: [Finalize Marking, 0.0001935 secs] 2020-09-29T12:02:19.424+0200: 28.112: [GC ref-proc, 0.0002816 secs] 2020-09-29T12:02:19.424+0200: 28.112: [Unloading, 0.0004619 secs], 0.0012206 secs]
 [Times: user=0.00 sys=0.00, real=0.00 secs] 
2020-09-29T12:02:19.425+0200: 28.113: [GC cleanup 1075M->32M(2048M), 0.0011158 secs]
 [Times: user=0.06 sys=0.00, real=0.00 secs] 
2020-09-29T12:02:19.426+0200: 28.114: [GC concurrent-cleanup-start]
2020-09-29T12:02:19.428+0200: 28.116: [GC concurrent-cleanup-end, 0.0016202 secs]
2020-09-29T12:02:19.573+0200: 28.261: [GC pause (G1 Evacuation Pause) (young), 0.1952100 secs]
   [Parallel Time: 193.8 ms, GC Workers: 8]
      [GC Worker Start (ms): Min: 28261.4, Avg: 28261.5, Max: 28261.6, Diff: 0.2]
      [Ext Root Scanning (ms): Min: 0.0, Avg: 0.1, Max: 0.2, Diff: 0.2, Sum: 0.6]
      [Update RS (ms): Min: 21.2, Avg: 21.3, Max: 21.7, Diff: 0.5, Sum: 170.7]
         [Processed Buffers: Min: 17, Avg: 19.4, Max: 21, Diff: 4, Sum: 155]
      [Scan RS (ms): Min: 19.0, Avg: 19.4, Max: 19.7, Diff: 0.7, Sum: 155.2]
      [Code Root Scanning (ms): Min: 0.0, Avg: 0.0, Max: 0.0, Diff: 0.0, Sum: 0.0]
      [Object Copy (ms): Min: 151.7, Avg: 152.1, Max: 152.5, Diff: 0.8, Sum: 1216.6]
      [Termination (ms): Min: 0.0, Avg: 0.6, Max: 0.9, Diff: 0.8, Sum: 5.1]
         [Termination Attempts: Min: 1, Avg: 4625.3, Max: 6255, Diff: 6254, Sum: 37002]
      [GC Worker Other (ms): Min: 0.0, Avg: 0.1, Max: 0.1, Diff: 0.1, Sum: 0.5]
      [GC Worker Total (ms): Min: 193.5, Avg: 193.6, Max: 193.7, Diff: 0.2, Sum: 1548.8]
      [GC Worker End (ms): Min: 28455.1, Avg: 28455.1, Max: 28455.2, Diff: 0.1]
   [Code Root Fixup: 0.0 ms]
   [Code Root Purge: 0.0 ms]
   [Clear CT: 0.2 ms]
   [Other: 1.3 ms]
      [Choose CSet: 0.0 ms]
      [Ref Proc: 0.1 ms]
      [Ref Enq: 0.0 ms]
      [Redirty Cards: 0.2 ms]
      [Humongous Register: 0.0 ms]
      [Humongous Reclaim: 0.0 ms]
      [Free CSet: 0.3 ms]
   [Eden: 281.0M(281.0M)->0.0B(245.0M) Survivors: 12.0M->37.0M Heap: 348.2M(2048.0M)->338.2M(2048.0M)]
 [Times: user=1.38 sys=0.08, real=0.19 secs] 
2020-09-29T12:02:19.908+0200: 28.596: [GC pause (G1 Evacuation Pause) (young), 0.1857154 secs]
   [Parallel Time: 184.6 ms, GC Workers: 8]
      [GC Worker Start (ms): Min: 28596.2, Avg: 28596.3, Max: 28596.3, Diff: 0.2]
      [Ext Root Scanning (ms): Min: 0.0, Avg: 0.1, Max: 0.2, Diff: 0.2, Sum: 0.6]
      [Update RS (ms): Min: 16.5, Avg: 17.0, Max: 17.3, Diff: 0.8, Sum: 135.8]
         [Processed Buffers: Min: 12, Avg: 14.8, Max: 17, Diff: 5, Sum: 118]
      [Scan RS (ms): Min: 20.5, Avg: 21.9, Max: 26.4, Diff: 5.9, Sum: 175.3]
      [Code Root Scanning (ms): Min: 0.0, Avg: 0.0, Max: 0.0, Diff: 0.0, Sum: 0.0]
      [Object Copy (ms): Min: 140.6, Avg: 145.3, Max: 146.5, Diff: 5.9, Sum: 1162.0]
      [Termination (ms): Min: 0.0, Avg: 0.1, Max: 0.1, Diff: 0.1, Sum: 0.5]
         [Termination Attempts: Min: 1, Avg: 480.1, Max: 632, Diff: 631, Sum: 3841]
      [GC Worker Other (ms): Min: 0.0, Avg: 0.0, Max: 0.1, Diff: 0.1, Sum: 0.3]
      [GC Worker Total (ms): Min: 184.2, Avg: 184.3, Max: 184.4, Diff: 0.2, Sum: 1474.6]
      [GC Worker End (ms): Min: 28780.6, Avg: 28780.6, Max: 28780.6, Diff: 0.1]
   [Code Root Fixup: 0.0 ms]
   [Code Root Purge: 0.0 ms]
   [Clear CT: 0.2 ms]
   [Other: 0.9 ms]
      [Choose CSet: 0.0 ms]
      [Ref Proc: 0.3 ms]
      [Ref Enq: 0.0 ms]
      [Redirty Cards: 0.3 ms]
      [Humongous Register: 0.0 ms]
      [Humongous Reclaim: 0.0 ms]
      [Free CSet: 0.2 ms]
   [Eden: 245.0M(245.0M)->0.0B(233.0M) Survivors: 37.0M->36.0M Heap: 623.2M(2048.0M)->624.7M(2048.0M)]
 [Times: user=1.36 sys=0.06, real=0.19 secs] 
2020-09-29T12:02:20.230+0200: 28.918: [GC pause (G1 Evacuation Pause) (young), 0.1616830 secs]
   [Parallel Time: 158.1 ms, GC Workers: 8]
      [GC Worker Start (ms): Min: 28918.5, Avg: 28918.6, Max: 28918.7, Diff: 0.2]
      [Ext Root Scanning (ms): Min: 0.0, Avg: 0.1, Max: 0.2, Diff: 0.1, Sum: 0.5]
      [Update RS (ms): Min: 18.5, Avg: 18.7, Max: 19.3, Diff: 0.8, Sum: 149.4]
         [Processed Buffers: Min: 16, Avg: 17.6, Max: 19, Diff: 3, Sum: 141]
      [Scan RS (ms): Min: 18.5, Avg: 19.3, Max: 19.7, Diff: 1.1, Sum: 154.3]
      [Code Root Scanning (ms): Min: 0.0, Avg: 0.0, Max: 0.0, Diff: 0.0, Sum: 0.0]
      [Object Copy (ms): Min: 119.5, Avg: 119.8, Max: 120.0, Diff: 0.5, Sum: 958.1]
      [Termination (ms): Min: 0.0, Avg: 0.1, Max: 0.2, Diff: 0.2, Sum: 1.2]
         [Termination Attempts: Min: 1, Avg: 165.4, Max: 261, Diff: 260, Sum: 1323]
      [GC Worker Other (ms): Min: 0.0, Avg: 0.0, Max: 0.0, Diff: 0.0, Sum: 0.2]
      [GC Worker Total (ms): Min: 157.9, Avg: 157.9, Max: 158.0, Diff: 0.2, Sum: 1263.5]
      [GC Worker End (ms): Min: 29076.6, Avg: 29076.6, Max: 29076.6, Diff: 0.0]
   [Code Root Fixup: 0.0 ms]
   [Code Root Purge: 0.0 ms]
   [Clear CT: 0.2 ms]
   [Other: 3.4 ms]
      [Choose CSet: 0.0 ms]
      [Ref Proc: 0.2 ms]
      [Ref Enq: 0.0 ms]
      [Redirty Cards: 1.3 ms]
      [Humongous Register: 0.0 ms]
      [Humongous Reclaim: 0.0 ms]
      [Free CSet: 1.2 ms]
   [Eden: 233.0M(233.0M)->0.0B(241.0M) Survivors: 36.0M->34.0M Heap: 897.8M(2048.0M)->900.3M(2048.0M)]
 [Times: user=1.11 sys=0.08, real=0.16 secs] 
2020-09-29T12:02:20.538+0200: 29.226: [GC pause (G1 Evacuation Pause) (young), 0.1700144 secs]
   [Parallel Time: 168.9 ms, GC Workers: 8]
      [GC Worker Start (ms): Min: 29226.3, Avg: 29226.4, Max: 29226.5, Diff: 0.1]
      [Ext Root Scanning (ms): Min: 0.0, Avg: 0.1, Max: 0.2, Diff: 0.1, Sum: 0.6]
      [Update RS (ms): Min: 21.5, Avg: 21.6, Max: 21.8, Diff: 0.3, Sum: 172.9]
         [Processed Buffers: Min: 17, Avg: 19.3, Max: 23, Diff: 6, Sum: 154]
      [Scan RS (ms): Min: 18.8, Avg: 19.0, Max: 19.2, Diff: 0.3, Sum: 152.0]
      [Code Root Scanning (ms): Min: 0.0, Avg: 0.0, Max: 0.0, Diff: 0.0, Sum: 0.0]
      [Object Copy (ms): Min: 127.6, Avg: 127.6, Max: 127.8, Diff: 0.3, Sum: 1021.2]
      [Termination (ms): Min: 0.0, Avg: 0.3, Max: 0.4, Diff: 0.4, Sum: 2.4]
         [Termination Attempts: Min: 1, Avg: 2115.5, Max: 2536, Diff: 2535, Sum: 16924]
      [GC Worker Other (ms): Min: 0.0, Avg: 0.1, Max: 0.1, Diff: 0.1, Sum: 0.5]
      [GC Worker Total (ms): Min: 168.7, Avg: 168.7, Max: 168.8, Diff: 0.1, Sum: 1349.7]
      [GC Worker End (ms): Min: 29395.1, Avg: 29395.1, Max: 29395.1, Diff: 0.1]
   [Code Root Fixup: 0.0 ms]
   [Code Root Purge: 0.0 ms]
   [Clear CT: 0.2 ms]
   [Other: 0.9 ms]
      [Choose CSet: 0.0 ms]
      [Ref Proc: 0.2 ms]
      [Ref Enq: 0.0 ms]
      [Redirty Cards: 0.2 ms]
      [Humongous Register: 0.0 ms]
      [Humongous Reclaim: 0.0 ms]
      [Free CSet: 0.3 ms]
   [Eden: 241.0M(241.0M)->0.0B(244.0M) Survivors: 34.0M->35.0M Heap: 1181.3M(2048.0M)->1183.3M(2048.0M)]
 [Times: user=1.30 sys=0.03, real=0.17 secs] 
2020-09-29T12:02:20.726+0200: 29.414: [GC pause (G1 Humongous Allocation) (young) (initial-mark), 0.0496546 secs]
   [Parallel Time: 48.8 ms, GC Workers: 8]
      [GC Worker Start (ms): Min: 29414.0, Avg: 29414.1, Max: 29414.2, Diff: 0.2]
      [Ext Root Scanning (ms): Min: 0.0, Avg: 0.1, Max: 0.3, Diff: 0.2, Sum: 1.2]
      [Update RS (ms): Min: 22.3, Avg: 22.6, Max: 23.0, Diff: 0.6, Sum: 180.5]
         [Processed Buffers: Min: 18, Avg: 25.5, Max: 28, Diff: 10, Sum: 204]
      [Scan RS (ms): Min: 2.1, Avg: 2.5, Max: 3.0, Diff: 1.0, Sum: 20.4]
      [Code Root Scanning (ms): Min: 0.0, Avg: 0.0, Max: 0.0, Diff: 0.0, Sum: 0.0]
      [Object Copy (ms): Min: 23.0, Avg: 23.3, Max: 23.3, Diff: 0.3, Sum: 186.1]
      [Termination (ms): Min: 0.0, Avg: 0.1, Max: 0.1, Diff: 0.1, Sum: 0.5]
         [Termination Attempts: Min: 1, Avg: 364.9, Max: 487, Diff: 486, Sum: 2919]
      [GC Worker Other (ms): Min: 0.0, Avg: 0.0, Max: 0.0, Diff: 0.0, Sum: 0.2]
      [GC Worker Total (ms): Min: 48.5, Avg: 48.6, Max: 48.7, Diff: 0.2, Sum: 388.8]
      [GC Worker End (ms): Min: 29462.7, Avg: 29462.7, Max: 29462.7, Diff: 0.0]
   [Code Root Fixup: 0.0 ms]
   [Code Root Purge: 0.0 ms]
   [Clear CT: 0.1 ms]
   [Other: 0.7 ms]
      [Choose CSet: 0.0 ms]
      [Ref Proc: 0.1 ms]
      [Ref Enq: 0.0 ms]
      [Redirty Cards: 0.2 ms]
      [Humongous Register: 0.1 ms]
      [Humongous Reclaim: 0.0 ms]
      [Free CSet: 0.1 ms]
   [Eden: 8192.0K(244.0M)->0.0B(276.0M) Survivors: 35.0M->8192.0K Heap: 1190.8M(2048.0M)->1192.8M(2048.0M)]
 [Times: user=0.34 sys=0.01, real=0.05 secs] 
2020-09-29T12:02:20.776+0200: 29.464: [GC concurrent-root-region-scan-start]
2020-09-29T12:02:20.778+0200: 29.466: [GC concurrent-root-region-scan-end, 0.0024882 secs]
2020-09-29T12:02:20.778+0200: 29.466: [GC concurrent-mark-start]
2020-09-29T12:02:20.781+0200: 29.469: [GC concurrent-mark-end, 0.0029323 secs]
2020-09-29T12:02:20.781+0200: 29.469: [GC remark 2020-09-29T12:02:20.781+0200: 29.469: [Finalize Marking, 0.0002110 secs] 2020-09-29T12:02:20.782+0200: 29.470: [GC ref-proc, 0.0003373 secs] 2020-09-29T12:02:20.782+0200: 29.470: [Unloading, 0.0005099 secs], 0.0014740 secs]
 [Times: user=0.00 sys=0.00, real=0.00 secs] 
2020-09-29T12:02:20.783+0200: 29.471: [GC cleanup 1203M->26M(2048M), 0.0013753 secs]
 [Times: user=0.00 sys=0.00, real=0.00 secs] 
2020-09-29T12:02:20.785+0200: 29.473: [GC concurrent-cleanup-start]
2020-09-29T12:02:20.787+0200: 29.475: [GC concurrent-cleanup-end, 0.0023275 secs]
2020-09-29T12:02:20.933+0200: 29.621: [GC pause (G1 Evacuation Pause) (young), 0.1637950 secs]
   [Parallel Time: 162.8 ms, GC Workers: 8]
      [GC Worker Start (ms): Min: 29621.5, Avg: 29621.6, Max: 29621.7, Diff: 0.2]
      [Ext Root Scanning (ms): Min: 0.0, Avg: 0.1, Max: 0.2, Diff: 0.2, Sum: 0.5]
      [Update RS (ms): Min: 14.4, Avg: 14.5, Max: 14.8, Diff: 0.5, Sum: 115.8]
         [Processed Buffers: Min: 13, Avg: 14.6, Max: 17, Diff: 4, Sum: 117]
      [Scan RS (ms): Min: 21.5, Avg: 21.7, Max: 21.9, Diff: 0.4, Sum: 173.9]
      [Code Root Scanning (ms): Min: 0.0, Avg: 0.0, Max: 0.0, Diff: 0.0, Sum: 0.0]
      [Object Copy (ms): Min: 125.9, Avg: 126.1, Max: 126.3, Diff: 0.4, Sum: 1009.0]
      [Termination (ms): Min: 0.0, Avg: 0.1, Max: 0.2, Diff: 0.2, Sum: 1.0]
         [Termination Attempts: Min: 1, Avg: 793.0, Max: 1063, Diff: 1062, Sum: 6344]
      [GC Worker Other (ms): Min: 0.1, Avg: 0.1, Max: 0.1, Diff: 0.1, Sum: 0.6]
      [GC Worker Total (ms): Min: 162.5, Avg: 162.6, Max: 162.8, Diff: 0.3, Sum: 1300.8]
      [GC Worker End (ms): Min: 29784.2, Avg: 29784.2, Max: 29784.3, Diff: 0.1]
   [Code Root Fixup: 0.0 ms]
   [Code Root Purge: 0.0 ms]
   [Clear CT: 0.2 ms]
   [Other: 0.8 ms]
      [Choose CSet: 0.0 ms]
      [Ref Proc: 0.2 ms]
      [Ref Enq: 0.0 ms]
      [Redirty Cards: 0.2 ms]
      [Humongous Register: 0.1 ms]
      [Humongous Reclaim: 0.0 ms]
      [Free CSet: 0.2 ms]
   [Eden: 276.0M(276.0M)->0.0B(252.0M) Survivors: 8192.0K->36.0M Heap: 339.7M(2048.0M)->333.7M(2048.0M)]
 [Times: user=1.13 sys=0.11, real=0.16 secs] 
2020-09-29T12:02:21.235+0200: 29.923: [GC pause (G1 Evacuation Pause) (young), 0.1683736 secs]
   [Parallel Time: 167.4 ms, GC Workers: 8]
      [GC Worker Start (ms): Min: 29923.1, Avg: 29923.2, Max: 29923.2, Diff: 0.2]
      [Ext Root Scanning (ms): Min: 0.0, Avg: 0.1, Max: 0.2, Diff: 0.1, Sum: 0.5]
      [Update RS (ms): Min: 17.6, Avg: 17.7, Max: 17.9, Diff: 0.3, Sum: 141.7]
         [Processed Buffers: Min: 18, Avg: 19.8, Max: 22, Diff: 4, Sum: 158]
      [Scan RS (ms): Min: 17.0, Avg: 17.2, Max: 17.3, Diff: 0.3, Sum: 137.8]
      [Code Root Scanning (ms): Min: 0.0, Avg: 0.0, Max: 0.0, Diff: 0.0, Sum: 0.0]
      [Object Copy (ms): Min: 131.8, Avg: 131.8, Max: 132.0, Diff: 0.3, Sum: 1054.7]
      [Termination (ms): Min: 0.0, Avg: 0.2, Max: 0.2, Diff: 0.2, Sum: 1.2]
         [Termination Attempts: Min: 1, Avg: 1068.5, Max: 1286, Diff: 1285, Sum: 8548]
      [GC Worker Other (ms): Min: 0.0, Avg: 0.1, Max: 0.1, Diff: 0.1, Sum: 0.8]
      [GC Worker Total (ms): Min: 167.0, Avg: 167.1, Max: 167.2, Diff: 0.2, Sum: 1336.7]
      [GC Worker End (ms): Min: 30090.2, Avg: 30090.3, Max: 30090.3, Diff: 0.1]
   [Code Root Fixup: 0.0 ms]
   [Code Root Purge: 0.0 ms]
   [Clear CT: 0.2 ms]
   [Other: 0.8 ms]
      [Choose CSet: 0.0 ms]
      [Ref Proc: 0.1 ms]
      [Ref Enq: 0.0 ms]
      [Redirty Cards: 0.3 ms]
      [Humongous Register: 0.0 ms]
      [Humongous Reclaim: 0.0 ms]
      [Free CSet: 0.2 ms]
   [Eden: 252.0M(252.0M)->0.0B(253.0M) Survivors: 36.0M->36.0M Heap: 627.6M(2048.0M)->629.1M(2048.0M)]
 [Times: user=1.28 sys=0.05, real=0.17 secs] 
2020-09-29T12:02:21.542+0200: 30.230: [GC pause (G1 Evacuation Pause) (young), 0.1866352 secs]
   [Parallel Time: 185.6 ms, GC Workers: 8]
      [GC Worker Start (ms): Min: 30230.2, Avg: 30230.3, Max: 30230.4, Diff: 0.2]
      [Ext Root Scanning (ms): Min: 0.0, Avg: 0.1, Max: 0.2, Diff: 0.2, Sum: 0.5]
      [Update RS (ms): Min: 16.4, Avg: 16.5, Max: 16.7, Diff: 0.4, Sum: 132.0]
         [Processed Buffers: Min: 16, Avg: 17.4, Max: 19, Diff: 3, Sum: 139]
      [Scan RS (ms): Min: 19.1, Avg: 23.0, Max: 47.7, Diff: 28.6, Sum: 183.9]
      [Code Root Scanning (ms): Min: 0.0, Avg: 0.0, Max: 0.0, Diff: 0.0, Sum: 0.0]
      [Object Copy (ms): Min: 120.7, Avg: 145.5, Max: 149.2, Diff: 28.5, Sum: 1164.1]
      [Termination (ms): Min: 0.0, Avg: 0.2, Max: 0.4, Diff: 0.4, Sum: 1.9]
         [Termination Attempts: Min: 1, Avg: 1676.5, Max: 2371, Diff: 2370, Sum: 13412]
      [GC Worker Other (ms): Min: 0.0, Avg: 0.1, Max: 0.1, Diff: 0.1, Sum: 0.4]
      [GC Worker Total (ms): Min: 185.3, Avg: 185.4, Max: 185.5, Diff: 0.2, Sum: 1482.9]
      [GC Worker End (ms): Min: 30415.6, Avg: 30415.7, Max: 30415.7, Diff: 0.1]
   [Code Root Fixup: 0.0 ms]
   [Code Root Purge: 0.0 ms]
   [Clear CT: 0.2 ms]
   [Other: 0.9 ms]
      [Choose CSet: 0.0 ms]
      [Ref Proc: 0.1 ms]
      [Ref Enq: 0.0 ms]
      [Redirty Cards: 0.3 ms]
      [Humongous Register: 0.0 ms]
      [Humongous Reclaim: 0.0 ms]
      [Free CSet: 0.2 ms]
   [Eden: 253.0M(253.0M)->0.0B(243.0M) Survivors: 36.0M->37.0M Heap: 924.1M(2048.0M)->926.6M(2048.0M)]
 [Times: user=1.41 sys=0.03, real=0.19 secs] 
2020-09-29T12:02:21.810+0200: 30.498: [GC pause (G1 Humongous Allocation) (young) (initial-mark), 0.1215814 secs]
   [Parallel Time: 120.5 ms, GC Workers: 8]
      [GC Worker Start (ms): Min: 30498.1, Avg: 30498.1, Max: 30498.2, Diff: 0.1]
      [Ext Root Scanning (ms): Min: 0.0, Avg: 0.1, Max: 0.1, Diff: 0.1, Sum: 0.7]
      [Update RS (ms): Min: 16.6, Avg: 16.9, Max: 17.4, Diff: 0.7, Sum: 135.5]
         [Processed Buffers: Min: 15, Avg: 16.9, Max: 18, Diff: 3, Sum: 135]
      [Scan RS (ms): Min: 7.7, Avg: 8.1, Max: 8.3, Diff: 0.6, Sum: 64.5]
      [Code Root Scanning (ms): Min: 0.0, Avg: 0.0, Max: 0.0, Diff: 0.0, Sum: 0.0]
      [Object Copy (ms): Min: 94.8, Avg: 95.0, Max: 95.3, Diff: 0.5, Sum: 759.8]
      [Termination (ms): Min: 0.0, Avg: 0.3, Max: 0.4, Diff: 0.4, Sum: 2.5]
         [Termination Attempts: Min: 1, Avg: 2325.3, Max: 3045, Diff: 3044, Sum: 18602]
      [GC Worker Other (ms): Min: 0.0, Avg: 0.0, Max: 0.1, Diff: 0.1, Sum: 0.4]
      [GC Worker Total (ms): Min: 120.4, Avg: 120.4, Max: 120.5, Diff: 0.1, Sum: 963.3]
      [GC Worker End (ms): Min: 30618.5, Avg: 30618.5, Max: 30618.6, Diff: 0.1]
   [Code Root Fixup: 0.0 ms]
   [Code Root Purge: 0.0 ms]
   [Clear CT: 0.1 ms]
   [Other: 0.9 ms]
      [Choose CSet: 0.0 ms]
      [Ref Proc: 0.3 ms]
      [Ref Enq: 0.0 ms]
      [Redirty Cards: 0.2 ms]
      [Humongous Register: 0.0 ms]
      [Humongous Reclaim: 0.0 ms]
      [Free CSet: 0.2 ms]
   [Eden: 147.0M(243.0M)->0.0B(251.0M) Survivors: 37.0M->35.0M Heap: 1096.0M(2048.0M)->1097.0M(2048.0M)]
 [Times: user=0.94 sys=0.03, real=0.12 secs] 
2020-09-29T12:02:21.932+0200: 30.620: [GC concurrent-root-region-scan-start]
2020-09-29T12:02:21.944+0200: 30.632: [GC concurrent-root-region-scan-end, 0.0121160 secs]
2020-09-29T12:02:21.944+0200: 30.632: [GC concurrent-mark-start]
2020-09-29T12:02:21.947+0200: 30.635: [GC concurrent-mark-end, 0.0028750 secs]
2020-09-29T12:02:21.947+0200: 30.635: [GC remark 2020-09-29T12:02:21.947+0200: 30.635: [Finalize Marking, 0.0002024 secs] 2020-09-29T12:02:21.947+0200: 30.635: [GC ref-proc, 0.0002911 secs] 2020-09-29T12:02:21.948+0200: 30.636: [Unloading, 0.0003633 secs], 0.0011793 secs]
 [Times: user=0.00 sys=0.00, real=0.00 secs] 
2020-09-29T12:02:21.949+0200: 30.637: [GC cleanup 1130M->76M(2048M), 0.0012162 secs]
 [Times: user=0.00 sys=0.00, real=0.00 secs] 
2020-09-29T12:02:21.950+0200: 30.638: [GC concurrent-cleanup-start]
2020-09-29T12:02:21.951+0200: 30.639: [GC concurrent-cleanup-end, 0.0012510 secs]
2020-09-29T12:02:22.061+0200: 30.749: [GC pause (G1 Evacuation Pause) (young), 0.1496463 secs]
   [Parallel Time: 148.5 ms, GC Workers: 8]
      [GC Worker Start (ms): Min: 30749.1, Avg: 30749.2, Max: 30749.3, Diff: 0.2]
      [Ext Root Scanning (ms): Min: 0.0, Avg: 0.1, Max: 0.1, Diff: 0.1, Sum: 0.5]
      [Update RS (ms): Min: 20.3, Avg: 20.8, Max: 21.1, Diff: 0.8, Sum: 166.0]
         [Processed Buffers: Min: 19, Avg: 20.4, Max: 23, Diff: 4, Sum: 163]
      [Scan RS (ms): Min: 12.0, Avg: 12.4, Max: 12.8, Diff: 0.8, Sum: 99.0]
      [Code Root Scanning (ms): Min: 0.0, Avg: 0.0, Max: 0.0, Diff: 0.0, Sum: 0.0]
      [Object Copy (ms): Min: 114.9, Avg: 114.9, Max: 115.0, Diff: 0.1, Sum: 919.4]
      [Termination (ms): Min: 0.0, Avg: 0.2, Max: 0.2, Diff: 0.2, Sum: 1.2]
         [Termination Attempts: Min: 1, Avg: 1050.1, Max: 1358, Diff: 1357, Sum: 8401]
      [GC Worker Other (ms): Min: 0.0, Avg: 0.0, Max: 0.0, Diff: 0.0, Sum: 0.2]
      [GC Worker Total (ms): Min: 148.2, Avg: 148.3, Max: 148.4, Diff: 0.2, Sum: 1186.4]
      [GC Worker End (ms): Min: 30897.5, Avg: 30897.5, Max: 30897.5, Diff: 0.0]
   [Code Root Fixup: 0.0 ms]
   [Code Root Purge: 0.0 ms]
   [Clear CT: 0.2 ms]
   [Other: 0.9 ms]
      [Choose CSet: 0.0 ms]
      [Ref Proc: 0.1 ms]
      [Ref Enq: 0.0 ms]
      [Redirty Cards: 0.2 ms]
      [Humongous Register: 0.0 ms]
      [Humongous Reclaim: 0.0 ms]
      [Free CSet: 0.2 ms]
   [Eden: 251.0M(251.0M)->0.0B(270.0M) Survivors: 35.0M->36.0M Heap: 336.0M(2048.0M)->302.5M(2048.0M)]
 [Times: user=1.20 sys=0.02, real=0.15 secs] 
2020-09-29T12:02:22.351+0200: 31.039: [GC pause (G1 Evacuation Pause) (young), 0.1775968 secs]
   [Parallel Time: 176.6 ms, GC Workers: 8]
      [GC Worker Start (ms): Min: 31039.0, Avg: 31039.1, Max: 31039.1, Diff: 0.1]
      [Ext Root Scanning (ms): Min: 0.0, Avg: 0.1, Max: 0.1, Diff: 0.1, Sum: 0.6]
      [Update RS (ms): Min: 21.5, Avg: 21.6, Max: 21.9, Diff: 0.4, Sum: 172.7]
         [Processed Buffers: Min: 19, Avg: 22.4, Max: 25, Diff: 6, Sum: 179]
      [Scan RS (ms): Min: 17.6, Avg: 17.8, Max: 18.0, Diff: 0.4, Sum: 142.7]
      [Code Root Scanning (ms): Min: 0.0, Avg: 0.0, Max: 0.0, Diff: 0.0, Sum: 0.0]
      [Object Copy (ms): Min: 136.7, Avg: 136.8, Max: 136.9, Diff: 0.3, Sum: 1094.5]
      [Termination (ms): Min: 0.0, Avg: 0.0, Max: 0.0, Diff: 0.0, Sum: 0.2]
         [Termination Attempts: Min: 1, Avg: 135.8, Max: 184, Diff: 183, Sum: 1086]
      [GC Worker Other (ms): Min: 0.0, Avg: 0.0, Max: 0.1, Diff: 0.0, Sum: 0.2]
      [GC Worker Total (ms): Min: 176.3, Avg: 176.4, Max: 176.4, Diff: 0.1, Sum: 1410.9]
      [GC Worker End (ms): Min: 31215.4, Avg: 31215.4, Max: 31215.5, Diff: 0.0]
   [Code Root Fixup: 0.0 ms]
   [Code Root Purge: 0.0 ms]
   [Clear CT: 0.1 ms]
   [Other: 0.9 ms]
      [Choose CSet: 0.0 ms]
      [Ref Proc: 0.2 ms]
      [Ref Enq: 0.0 ms]
      [Redirty Cards: 0.1 ms]
      [Humongous Register: 0.0 ms]
      [Humongous Reclaim: 0.0 ms]
      [Free CSet: 0.3 ms]
   [Eden: 268.0M(254.0M)->0.0B(274.0M) Survivors: 36.0M->37.0M Heap: 616.2M(2048.0M)->618.2M(2048.0M)]
 [Times: user=1.28 sys=0.05, real=0.18 secs] 
2020-09-29T12:02:22.688+0200: 31.376: [GC pause (G1 Evacuation Pause) (young), 0.1725256 secs]
   [Parallel Time: 171.4 ms, GC Workers: 8]
      [GC Worker Start (ms): Min: 31375.6, Avg: 31375.7, Max: 31375.8, Diff: 0.2]
      [Ext Root Scanning (ms): Min: 0.0, Avg: 0.1, Max: 0.2, Diff: 0.2, Sum: 0.6]
      [Update RS (ms): Min: 18.3, Avg: 18.3, Max: 18.5, Diff: 0.3, Sum: 146.6]
         [Processed Buffers: Min: 16, Avg: 18.4, Max: 20, Diff: 4, Sum: 147]
      [Scan RS (ms): Min: 20.6, Avg: 20.8, Max: 21.0, Diff: 0.4, Sum: 166.3]
      [Code Root Scanning (ms): Min: 0.0, Avg: 0.0, Max: 0.0, Diff: 0.0, Sum: 0.0]
      [Object Copy (ms): Min: 131.8, Avg: 131.9, Max: 132.0, Diff: 0.3, Sum: 1055.5]
      [Termination (ms): Min: 0.0, Avg: 0.1, Max: 0.1, Diff: 0.1, Sum: 0.4]
         [Termination Attempts: Min: 1, Avg: 353.4, Max: 451, Diff: 450, Sum: 2827]
      [GC Worker Other (ms): Min: 0.0, Avg: 0.0, Max: 0.1, Diff: 0.1, Sum: 0.3]
      [GC Worker Total (ms): Min: 171.1, Avg: 171.2, Max: 171.3, Diff: 0.2, Sum: 1369.8]
      [GC Worker End (ms): Min: 31546.9, Avg: 31546.9, Max: 31547.0, Diff: 0.1]
   [Code Root Fixup: 0.0 ms]
   [Code Root Purge: 0.0 ms]
   [Clear CT: 0.1 ms]
   [Other: 1.0 ms]
      [Choose CSet: 0.0 ms]
      [Ref Proc: 0.3 ms]
      [Ref Enq: 0.0 ms]
      [Redirty Cards: 0.2 ms]
      [Humongous Register: 0.1 ms]
      [Humongous Reclaim: 0.0 ms]
      [Free CSet: 0.2 ms]
   [Eden: 274.0M(274.0M)->0.0B(278.0M) Survivors: 37.0M->39.0M Heap: 938.0M(2048.0M)->940.0M(2048.0M)]
 [Times: user=1.26 sys=0.06, real=0.17 secs] 
2020-09-29T12:02:22.914+0200: 31.602: [GC pause (G1 Humongous Allocation) (young) (initial-mark), 0.0780361 secs]
   [Parallel Time: 76.4 ms, GC Workers: 8]
      [GC Worker Start (ms): Min: 31601.9, Avg: 31601.9, Max: 31602.0, Diff: 0.1]
      [Ext Root Scanning (ms): Min: 0.0, Avg: 0.1, Max: 0.1, Diff: 0.1, Sum: 0.7]
      [Update RS (ms): Min: 19.0, Avg: 19.6, Max: 21.1, Diff: 2.2, Sum: 156.6]
         [Processed Buffers: Min: 16, Avg: 19.3, Max: 21, Diff: 5, Sum: 154]
      [Scan RS (ms): Min: 2.5, Avg: 4.1, Max: 4.7, Diff: 2.3, Sum: 33.2]
      [Code Root Scanning (ms): Min: 0.0, Avg: 0.0, Max: 0.0, Diff: 0.0, Sum: 0.0]
      [Object Copy (ms): Min: 52.2, Avg: 52.4, Max: 52.5, Diff: 0.3, Sum: 418.9]
      [Termination (ms): Min: 0.0, Avg: 0.0, Max: 0.0, Diff: 0.0, Sum: 0.2]
         [Termination Attempts: Min: 1, Avg: 124.8, Max: 187, Diff: 186, Sum: 998]
      [GC Worker Other (ms): Min: 0.0, Avg: 0.0, Max: 0.0, Diff: 0.0, Sum: 0.2]
      [GC Worker Total (ms): Min: 76.2, Avg: 76.2, Max: 76.3, Diff: 0.1, Sum: 609.7]
      [GC Worker End (ms): Min: 31678.1, Avg: 31678.1, Max: 31678.1, Diff: 0.0]
   [Code Root Fixup: 0.0 ms]
   [Code Root Purge: 0.0 ms]
   [Clear CT: 0.2 ms]
   [Other: 1.5 ms]
      [Choose CSet: 0.0 ms]
      [Ref Proc: 0.2 ms]
      [Ref Enq: 0.0 ms]
      [Redirty Cards: 0.8 ms]
      [Humongous Register: 0.0 ms]
      [Humongous Reclaim: 0.0 ms]
      [Free CSet: 0.1 ms]
   [Eden: 77.0M(278.0M)->0.0B(288.0M) Survivors: 39.0M->40.0M Heap: 1028.5M(2048.0M)->1030.5M(2048.0M)]
 [Times: user=0.63 sys=0.00, real=0.08 secs] 
2020-09-29T12:02:22.992+0200: 31.680: [GC concurrent-root-region-scan-start]
2020-09-29T12:02:23.006+0200: 31.694: [GC concurrent-root-region-scan-end, 0.0137856 secs]
2020-09-29T12:02:23.006+0200: 31.694: [GC concurrent-mark-start]
2020-09-29T12:02:23.010+0200: 31.698: [GC concurrent-mark-end, 0.0043948 secs]
2020-09-29T12:02:23.011+0200: 31.698: [GC remark 2020-09-29T12:02:23.011+0200: 31.699: [Finalize Marking, 0.0001589 secs] 2020-09-29T12:02:23.011+0200: 31.699: [GC ref-proc, 0.0004208 secs] 2020-09-29T12:02:23.011+0200: 31.699: [Unloading, 0.0005268 secs], 0.0014424 secs]
 [Times: user=0.00 sys=0.00, real=0.00 secs] 
2020-09-29T12:02:23.013+0200: 31.700: [GC cleanup 1067M->84M(2048M), 0.0022213 secs]
 [Times: user=0.00 sys=0.00, real=0.00 secs] 
2020-09-29T12:02:23.015+0200: 31.703: [GC concurrent-cleanup-start]
2020-09-29T12:02:23.016+0200: 31.704: [GC concurrent-cleanup-end, 0.0016692 secs]
2020-09-29T12:02:23.171+0200: 31.859: [GC pause (G1 Evacuation Pause) (young), 0.2254523 secs]
   [Parallel Time: 224.2 ms, GC Workers: 8]
      [GC Worker Start (ms): Min: 31858.6, Avg: 31858.7, Max: 31858.8, Diff: 0.2]
      [Ext Root Scanning (ms): Min: 0.0, Avg: 0.1, Max: 0.2, Diff: 0.2, Sum: 0.6]
      [Update RS (ms): Min: 19.4, Avg: 19.6, Max: 19.9, Diff: 0.5, Sum: 156.5]
         [Processed Buffers: Min: 16, Avg: 19.6, Max: 26, Diff: 10, Sum: 157]
      [Scan RS (ms): Min: 20.5, Avg: 20.9, Max: 21.1, Diff: 0.6, Sum: 167.1]
      [Code Root Scanning (ms): Min: 0.0, Avg: 0.0, Max: 0.0, Diff: 0.0, Sum: 0.0]
      [Object Copy (ms): Min: 181.6, Avg: 182.6, Max: 183.3, Diff: 1.8, Sum: 1461.1]
      [Termination (ms): Min: 0.1, Avg: 0.8, Max: 1.9, Diff: 1.8, Sum: 6.7]
         [Termination Attempts: Min: 1, Avg: 3498.3, Max: 4815, Diff: 4814, Sum: 27986]
      [GC Worker Other (ms): Min: 0.0, Avg: 0.0, Max: 0.1, Diff: 0.1, Sum: 0.4]
      [GC Worker Total (ms): Min: 224.0, Avg: 224.1, Max: 224.2, Diff: 0.2, Sum: 1792.4]
      [GC Worker End (ms): Min: 32082.7, Avg: 32082.8, Max: 32082.8, Diff: 0.1]
   [Code Root Fixup: 0.0 ms]
   [Code Root Purge: 0.0 ms]
   [Clear CT: 0.2 ms]
   [Other: 1.1 ms]
      [Choose CSet: 0.0 ms]
      [Ref Proc: 0.2 ms]
      [Ref Enq: 0.0 ms]
      [Redirty Cards: 0.3 ms]
      [Humongous Register: 0.0 ms]
      [Humongous Reclaim: 0.0 ms]
      [Free CSet: 0.3 ms]
   [Eden: 288.0M(288.0M)->0.0B(236.0M) Survivors: 40.0M->41.0M Heap: 385.6M(2048.0M)->347.1M(2048.0M)]
 [Times: user=1.50 sys=0.06, real=0.22 secs] 
2020-09-29T12:02:23.542+0200: 32.229: [GC pause (G1 Evacuation Pause) (young), 0.1556301 secs]
   [Parallel Time: 154.5 ms, GC Workers: 8]
      [GC Worker Start (ms): Min: 32229.6, Avg: 32229.7, Max: 32229.7, Diff: 0.1]
      [Ext Root Scanning (ms): Min: 0.0, Avg: 0.1, Max: 0.2, Diff: 0.1, Sum: 0.6]
      [Update RS (ms): Min: 20.0, Avg: 20.1, Max: 20.5, Diff: 0.5, Sum: 161.0]
         [Processed Buffers: Min: 20, Avg: 20.8, Max: 23, Diff: 3, Sum: 166]
      [Scan RS (ms): Min: 14.6, Avg: 15.0, Max: 15.3, Diff: 0.7, Sum: 120.2]
      [Code Root Scanning (ms): Min: 0.0, Avg: 0.0, Max: 0.0, Diff: 0.0, Sum: 0.0]
      [Object Copy (ms): Min: 118.9, Avg: 119.0, Max: 119.1, Diff: 0.2, Sum: 952.1]
      [Termination (ms): Min: 0.0, Avg: 0.0, Max: 0.0, Diff: 0.0, Sum: 0.0]
         [Termination Attempts: Min: 1, Avg: 22.4, Max: 34, Diff: 33, Sum: 179]
      [GC Worker Other (ms): Min: 0.0, Avg: 0.1, Max: 0.1, Diff: 0.1, Sum: 0.5]
      [GC Worker Total (ms): Min: 154.2, Avg: 154.3, Max: 154.4, Diff: 0.2, Sum: 1234.5]
      [GC Worker End (ms): Min: 32383.9, Avg: 32384.0, Max: 32384.0, Diff: 0.1]
   [Code Root Fixup: 0.0 ms]
   [Code Root Purge: 0.0 ms]
   [Clear CT: 0.2 ms]
   [Other: 0.9 ms]
      [Choose CSet: 0.0 ms]
      [Ref Proc: 0.1 ms]
      [Ref Enq: 0.0 ms]
      [Redirty Cards: 0.2 ms]
      [Humongous Register: 0.0 ms]
      [Humongous Reclaim: 0.0 ms]
      [Free CSet: 0.3 ms]
   [Eden: 236.0M(236.0M)->0.0B(248.0M) Survivors: 41.0M->35.0M Heap: 621.2M(2048.0M)->624.2M(2048.0M)]
 [Times: user=1.08 sys=0.05, real=0.15 secs] 
2020-09-29T12:02:23.891+0200: 32.579: [GC pause (G1 Evacuation Pause) (young), 0.1777965 secs]
   [Parallel Time: 176.7 ms, GC Workers: 8]
      [GC Worker Start (ms): Min: 32579.2, Avg: 32579.2, Max: 32579.3, Diff: 0.1]
      [Ext Root Scanning (ms): Min: 0.0, Avg: 0.1, Max: 0.1, Diff: 0.1, Sum: 0.6]
      [Update RS (ms): Min: 22.8, Avg: 23.0, Max: 23.5, Diff: 0.7, Sum: 184.4]
         [Processed Buffers: Min: 21, Avg: 22.5, Max: 26, Diff: 5, Sum: 180]
      [Scan RS (ms): Min: 14.7, Avg: 15.2, Max: 15.4, Diff: 0.7, Sum: 121.2]
      [Code Root Scanning (ms): Min: 0.0, Avg: 0.0, Max: 0.0, Diff: 0.0, Sum: 0.0]
      [Object Copy (ms): Min: 138.0, Avg: 138.1, Max: 138.3, Diff: 0.3, Sum: 1104.7]
      [Termination (ms): Min: 0.0, Avg: 0.2, Max: 0.3, Diff: 0.3, Sum: 1.6]
         [Termination Attempts: Min: 1, Avg: 1351.5, Max: 1772, Diff: 1771, Sum: 10812]
      [GC Worker Other (ms): Min: 0.0, Avg: 0.0, Max: 0.1, Diff: 0.1, Sum: 0.4]
      [GC Worker Total (ms): Min: 176.5, Avg: 176.6, Max: 176.7, Diff: 0.2, Sum: 1412.9]
      [GC Worker End (ms): Min: 32755.8, Avg: 32755.8, Max: 32755.9, Diff: 0.1]
   [Code Root Fixup: 0.0 ms]
   [Code Root Purge: 0.0 ms]
   [Clear CT: 0.2 ms]
   [Other: 0.9 ms]
      [Choose CSet: 0.0 ms]
      [Ref Proc: 0.2 ms]
      [Ref Enq: 0.0 ms]
      [Redirty Cards: 0.3 ms]
      [Humongous Register: 0.0 ms]
      [Humongous Reclaim: 0.0 ms]
      [Free CSet: 0.2 ms]
   [Eden: 248.0M(248.0M)->0.0B(248.0M) Survivors: 35.0M->36.0M Heap: 914.2M(2048.0M)->915.7M(2048.0M)]
 [Times: user=1.25 sys=0.06, real=0.18 secs] 
2020-09-29T12:02:24.215+0200: 32.903: [GC pause (G1 Humongous Allocation) (young) (initial-mark), 0.2006995 secs]
   [Parallel Time: 199.1 ms, GC Workers: 8]
      [GC Worker Start (ms): Min: 32903.1, Avg: 32903.2, Max: 32903.3, Diff: 0.2]
      [Ext Root Scanning (ms): Min: 0.0, Avg: 0.4, Max: 1.3, Diff: 1.3, Sum: 3.0]
      [Update RS (ms): Min: 24.9, Avg: 25.3, Max: 26.1, Diff: 1.2, Sum: 202.7]
         [Processed Buffers: Min: 16, Avg: 18.3, Max: 20, Diff: 4, Sum: 146]
      [Scan RS (ms): Min: 17.3, Avg: 17.8, Max: 18.3, Diff: 1.0, Sum: 142.4]
      [Code Root Scanning (ms): Min: 0.0, Avg: 0.0, Max: 0.0, Diff: 0.0, Sum: 0.0]
      [Object Copy (ms): Min: 155.0, Avg: 155.2, Max: 155.3, Diff: 0.3, Sum: 1241.6]
      [Termination (ms): Min: 0.0, Avg: 0.1, Max: 0.1, Diff: 0.1, Sum: 0.7]
         [Termination Attempts: Min: 1, Avg: 12.3, Max: 21, Diff: 20, Sum: 98]
      [GC Worker Other (ms): Min: 0.0, Avg: 0.0, Max: 0.0, Diff: 0.0, Sum: 0.1]
      [GC Worker Total (ms): Min: 198.7, Avg: 198.8, Max: 198.9, Diff: 0.2, Sum: 1590.5]
      [GC Worker End (ms): Min: 33102.0, Avg: 33102.0, Max: 33102.1, Diff: 0.1]
   [Code Root Fixup: 0.0 ms]
   [Code Root Purge: 0.0 ms]
   [Clear CT: 0.2 ms]
   [Other: 1.4 ms]
      [Choose CSet: 0.0 ms]
      [Ref Proc: 0.3 ms]
      [Ref Enq: 0.0 ms]
      [Redirty Cards: 0.4 ms]
      [Humongous Register: 0.1 ms]
      [Humongous Reclaim: 0.0 ms]
      [Free CSet: 0.2 ms]
   [Eden: 201.0M(248.0M)->0.0B(204.0M) Survivors: 36.0M->36.0M Heap: 1149.1M(2048.0M)->1151.1M(2048.0M)]
 [Times: user=1.48 sys=0.02, real=0.20 secs] 
2020-09-29T12:02:24.416+0200: 33.104: [GC concurrent-root-region-scan-start]
2020-09-29T12:02:24.435+0200: 33.123: [GC concurrent-root-region-scan-end, 0.0188739 secs]
2020-09-29T12:02:24.435+0200: 33.123: [GC concurrent-mark-start]
2020-09-29T12:02:24.441+0200: 33.129: [GC concurrent-mark-end, 0.0056925 secs]
2020-09-29T12:02:24.446+0200: 33.134: [GC remark 2020-09-29T12:02:24.446+0200: 33.134: [Finalize Marking, 0.0002904 secs] 2020-09-29T12:02:24.446+0200: 33.134: [GC ref-proc, 0.0004425 secs] 2020-09-29T12:02:24.447+0200: 33.135: [Unloading, 0.0006234 secs], 0.0018266 secs]
 [Times: user=0.00 sys=0.00, real=0.00 secs] 
2020-09-29T12:02:24.448+0200: 33.136: [GC cleanup 1171M->64M(2048M), 0.0016144 secs]
 [Times: user=0.00 sys=0.00, real=0.00 secs] 
2020-09-29T12:02:24.450+0200: 33.138: [GC concurrent-cleanup-start]
2020-09-29T12:02:24.452+0200: 33.140: [GC concurrent-cleanup-end, 0.0022392 secs]
2020-09-29T12:02:24.587+0200: 33.275: [GC pause (G1 Evacuation Pause) (young), 0.1695065 secs]
   [Parallel Time: 168.2 ms, GC Workers: 8]
      [GC Worker Start (ms): Min: 33275.4, Avg: 33275.5, Max: 33275.6, Diff: 0.2]
      [Ext Root Scanning (ms): Min: 0.0, Avg: 0.1, Max: 0.2, Diff: 0.2, Sum: 0.8]
      [Update RS (ms): Min: 22.0, Avg: 23.0, Max: 24.4, Diff: 2.4, Sum: 183.7]
         [Processed Buffers: Min: 0, Avg: 14.9, Max: 18, Diff: 18, Sum: 119]
      [Scan RS (ms): Min: 14.9, Avg: 16.4, Max: 17.4, Diff: 2.5, Sum: 130.8]
      [Code Root Scanning (ms): Min: 0.0, Avg: 0.0, Max: 0.0, Diff: 0.0, Sum: 0.0]
      [Object Copy (ms): Min: 128.3, Avg: 128.4, Max: 128.6, Diff: 0.3, Sum: 1027.6]
      [Termination (ms): Min: 0.0, Avg: 0.1, Max: 0.1, Diff: 0.1, Sum: 0.4]
         [Termination Attempts: Min: 1, Avg: 240.6, Max: 314, Diff: 313, Sum: 1925]
      [GC Worker Other (ms): Min: 0.0, Avg: 0.0, Max: 0.1, Diff: 0.1, Sum: 0.3]
      [GC Worker Total (ms): Min: 167.9, Avg: 167.9, Max: 168.0, Diff: 0.1, Sum: 1343.6]
      [GC Worker End (ms): Min: 33443.4, Avg: 33443.4, Max: 33443.5, Diff: 0.1]
   [Code Root Fixup: 0.0 ms]
   [Code Root Purge: 0.0 ms]
   [Clear CT: 0.2 ms]
   [Other: 1.1 ms]
      [Choose CSet: 0.0 ms]
      [Ref Proc: 0.3 ms]
      [Ref Enq: 0.0 ms]
      [Redirty Cards: 0.3 ms]
      [Humongous Register: 0.0 ms]
      [Humongous Reclaim: 0.0 ms]
      [Free CSet: 0.3 ms]
   [Eden: 204.0M(204.0M)->0.0B(202.0M) Survivors: 36.0M->30.0M Heap: 282.3M(2048.0M)->248.8M(2048.0M)]
 [Times: user=1.31 sys=0.00, real=0.17 secs] 
2020-09-29T12:02:24.909+0200: 33.597: [GC pause (G1 Evacuation Pause) (young), 0.1791482 secs]
   [Parallel Time: 177.9 ms, GC Workers: 8]
      [GC Worker Start (ms): Min: 33597.4, Avg: 33597.5, Max: 33597.6, Diff: 0.2]
      [Ext Root Scanning (ms): Min: 0.0, Avg: 0.1, Max: 0.2, Diff: 0.2, Sum: 0.7]
      [Update RS (ms): Min: 17.5, Avg: 17.7, Max: 18.0, Diff: 0.6, Sum: 141.4]
         [Processed Buffers: Min: 13, Avg: 14.9, Max: 17, Diff: 4, Sum: 119]
      [Scan RS (ms): Min: 16.2, Avg: 16.9, Max: 19.3, Diff: 3.1, Sum: 135.3]
      [Code Root Scanning (ms): Min: 0.0, Avg: 0.0, Max: 0.0, Diff: 0.0, Sum: 0.0]
      [Object Copy (ms): Min: 140.6, Avg: 143.0, Max: 143.4, Diff: 2.8, Sum: 1143.7]
      [Termination (ms): Min: 0.0, Avg: 0.0, Max: 0.1, Diff: 0.1, Sum: 0.3]
         [Termination Attempts: Min: 1, Avg: 210.9, Max: 266, Diff: 265, Sum: 1687]
      [GC Worker Other (ms): Min: 0.0, Avg: 0.0, Max: 0.1, Diff: 0.1, Sum: 0.3]
      [GC Worker Total (ms): Min: 177.6, Avg: 177.7, Max: 177.8, Diff: 0.2, Sum: 1421.7]
      [GC Worker End (ms): Min: 33775.2, Avg: 33775.2, Max: 33775.2, Diff: 0.1]
   [Code Root Fixup: 0.0 ms]
   [Code Root Purge: 0.0 ms]
   [Clear CT: 0.2 ms]
   [Other: 1.0 ms]
      [Choose CSet: 0.0 ms]
      [Ref Proc: 0.2 ms]
      [Ref Enq: 0.0 ms]
      [Redirty Cards: 0.3 ms]
      [Humongous Register: 0.0 ms]
      [Humongous Reclaim: 0.0 ms]
      [Free CSet: 0.2 ms]
   [Eden: 202.0M(202.0M)->0.0B(198.0M) Survivors: 30.0M->29.0M Heap: 485.2M(2048.0M)->487.2M(2048.0M)]
 [Times: user=1.33 sys=0.05, real=0.18 secs] 
2020-09-29T12:02:25.233+0200: 33.921: [GC pause (G1 Evacuation Pause) (young), 0.1818548 secs]
   [Parallel Time: 180.6 ms, GC Workers: 8]
      [GC Worker Start (ms): Min: 33921.3, Avg: 33921.4, Max: 33921.5, Diff: 0.2]
      [Ext Root Scanning (ms): Min: 0.0, Avg: 0.1, Max: 0.2, Diff: 0.2, Sum: 0.8]
      [Update RS (ms): Min: 17.9, Avg: 18.3, Max: 18.8, Diff: 1.0, Sum: 146.1]
         [Processed Buffers: Min: 13, Avg: 14.0, Max: 16, Diff: 3, Sum: 112]
      [Scan RS (ms): Min: 19.0, Avg: 19.6, Max: 20.0, Diff: 1.0, Sum: 157.1]
      [Code Root Scanning (ms): Min: 0.0, Avg: 0.0, Max: 0.0, Diff: 0.0, Sum: 0.0]
      [Object Copy (ms): Min: 142.0, Avg: 142.2, Max: 142.3, Diff: 0.3, Sum: 1137.6]
      [Termination (ms): Min: 0.0, Avg: 0.1, Max: 0.2, Diff: 0.2, Sum: 1.1]
         [Termination Attempts: Min: 1, Avg: 670.8, Max: 912, Diff: 911, Sum: 5366]
      [GC Worker Other (ms): Min: 0.0, Avg: 0.0, Max: 0.1, Diff: 0.0, Sum: 0.3]
      [GC Worker Total (ms): Min: 180.3, Avg: 180.4, Max: 180.5, Diff: 0.2, Sum: 1443.0]
      [GC Worker End (ms): Min: 34101.8, Avg: 34101.8, Max: 34101.8, Diff: 0.0]
   [Code Root Fixup: 0.0 ms]
   [Code Root Purge: 0.0 ms]
   [Clear CT: 0.2 ms]
   [Other: 1.0 ms]
      [Choose CSet: 0.0 ms]
      [Ref Proc: 0.2 ms]
      [Ref Enq: 0.0 ms]
      [Redirty Cards: 0.3 ms]
      [Humongous Register: 0.0 ms]
      [Humongous Reclaim: 0.0 ms]
      [Free CSet: 0.2 ms]
   [Eden: 198.0M(198.0M)->0.0B(192.0M) Survivors: 29.0M->29.0M Heap: 717.6M(2048.0M)->719.6M(2048.0M)]
 [Times: user=1.41 sys=0.06, real=0.18 secs] 
2020-09-29T12:02:25.552+0200: 34.240: [GC pause (G1 Evacuation Pause) (young), 0.1726156 secs]
   [Parallel Time: 171.4 ms, GC Workers: 8]
      [GC Worker Start (ms): Min: 34240.2, Avg: 34240.3, Max: 34240.4, Diff: 0.2]
      [Ext Root Scanning (ms): Min: 0.0, Avg: 0.1, Max: 0.2, Diff: 0.2, Sum: 0.8]
      [Update RS (ms): Min: 19.0, Avg: 19.2, Max: 19.6, Diff: 0.6, Sum: 153.7]
         [Processed Buffers: Min: 14, Avg: 16.3, Max: 20, Diff: 6, Sum: 130]
      [Scan RS (ms): Min: 12.3, Avg: 12.8, Max: 13.1, Diff: 0.9, Sum: 102.2]
      [Code Root Scanning (ms): Min: 0.0, Avg: 0.0, Max: 0.0, Diff: 0.0, Sum: 0.0]
      [Object Copy (ms): Min: 138.6, Avg: 138.9, Max: 139.1, Diff: 0.5, Sum: 1111.5]
      [Termination (ms): Min: 0.0, Avg: 0.1, Max: 0.1, Diff: 0.1, Sum: 0.5]
         [Termination Attempts: Min: 1, Avg: 342.5, Max: 433, Diff: 432, Sum: 2740]
      [GC Worker Other (ms): Min: 0.0, Avg: 0.0, Max: 0.1, Diff: 0.0, Sum: 0.2]
      [GC Worker Total (ms): Min: 171.1, Avg: 171.1, Max: 171.2, Diff: 0.1, Sum: 1369.0]
      [GC Worker End (ms): Min: 34411.4, Avg: 34411.4, Max: 34411.4, Diff: 0.0]
   [Code Root Fixup: 0.0 ms]
   [Code Root Purge: 0.0 ms]
   [Clear CT: 0.2 ms]
   [Other: 1.0 ms]
      [Choose CSet: 0.0 ms]
      [Ref Proc: 0.3 ms]
      [Ref Enq: 0.0 ms]
      [Redirty Cards: 0.3 ms]
      [Humongous Register: 0.1 ms]
      [Humongous Reclaim: 0.0 ms]
      [Free CSet: 0.2 ms]
   [Eden: 192.0M(192.0M)->0.0B(196.0M) Survivors: 29.0M->28.0M Heap: 944.0M(2048.0M)->945.5M(2048.0M)]
 [Times: user=1.34 sys=0.00, real=0.17 secs] 
2020-09-29T12:02:25.730+0200: 34.418: [GC pause (G1 Humongous Allocation) (young) (initial-mark), 0.0697350 secs]
   [Parallel Time: 67.8 ms, GC Workers: 8]
      [GC Worker Start (ms): Min: 34418.5, Avg: 34418.5, Max: 34418.7, Diff: 0.2]
      [Ext Root Scanning (ms): Min: 0.0, Avg: 1.0, Max: 7.1, Diff: 7.1, Sum: 8.1]
      [Update RS (ms): Min: 35.5, Avg: 41.4, Max: 43.3, Diff: 7.8, Sum: 331.5]
         [Processed Buffers: Min: 29, Avg: 34.0, Max: 37, Diff: 8, Sum: 272]
      [Scan RS (ms): Min: 0.2, Avg: 1.1, Max: 1.8, Diff: 1.6, Sum: 9.2]
      [Code Root Scanning (ms): Min: 0.0, Avg: 0.0, Max: 0.0, Diff: 0.0, Sum: 0.0]
      [Object Copy (ms): Min: 23.8, Avg: 24.0, Max: 24.1, Diff: 0.3, Sum: 192.0]
      [Termination (ms): Min: 0.0, Avg: 0.0, Max: 0.0, Diff: 0.0, Sum: 0.0]
         [Termination Attempts: Min: 1, Avg: 10.1, Max: 19, Diff: 18, Sum: 81]
      [GC Worker Other (ms): Min: 0.0, Avg: 0.0, Max: 0.0, Diff: 0.0, Sum: 0.2]
      [GC Worker Total (ms): Min: 67.5, Avg: 67.6, Max: 67.7, Diff: 0.2, Sum: 541.1]
      [GC Worker End (ms): Min: 34486.2, Avg: 34486.2, Max: 34486.2, Diff: 0.0]
   [Code Root Fixup: 0.0 ms]
   [Code Root Purge: 0.0 ms]
   [Clear CT: 1.0 ms]
   [Other: 0.9 ms]
      [Choose CSet: 0.0 ms]
      [Ref Proc: 0.3 ms]
      [Ref Enq: 0.0 ms]
      [Redirty Cards: 0.2 ms]
      [Humongous Register: 0.1 ms]
      [Humongous Reclaim: 0.0 ms]
      [Free CSet: 0.0 ms]
   [Eden: 6144.0K(196.0M)->0.0B(205.0M) Survivors: 28.0M->7168.0K Heap: 951.0M(2048.0M)->954.0M(2048.0M)]
 [Times: user=0.47 sys=0.00, real=0.07 secs] 
2020-09-29T12:02:25.800+0200: 34.488: [GC concurrent-root-region-scan-start]
2020-09-29T12:02:25.802+0200: 34.490: [GC concurrent-root-region-scan-end, 0.0020171 secs]
2020-09-29T12:02:25.802+0200: 34.490: [GC concurrent-mark-start]
2020-09-29T12:02:25.807+0200: 34.495: [GC concurrent-mark-end, 0.0042939 secs]
2020-09-29T12:02:25.807+0200: 34.495: [GC remark 2020-09-29T12:02:25.807+0200: 34.495: [Finalize Marking, 0.0002551 secs] 2020-09-29T12:02:25.807+0200: 34.495: [GC ref-proc, 0.0003659 secs] 2020-09-29T12:02:25.807+0200: 34.495: [Unloading, 0.0005692 secs], 0.0016193 secs]
 [Times: user=0.00 sys=0.00, real=0.00 secs] 
2020-09-29T12:02:25.809+0200: 34.497: [GC cleanup 965M->26M(2048M), 0.0014278 secs]
 [Times: user=0.00 sys=0.00, real=0.00 secs] 
2020-09-29T12:02:25.810+0200: 34.498: [GC concurrent-cleanup-start]
2020-09-29T12:02:25.811+0200: 34.499: [GC concurrent-cleanup-end, 0.0011600 secs]
2020-09-29T12:02:25.944+0200: 34.632: [GC pause (G1 Evacuation Pause) (young), 0.1643963 secs]
   [Parallel Time: 162.8 ms, GC Workers: 8]
      [GC Worker Start (ms): Min: 34631.8, Avg: 34631.9, Max: 34632.0, Diff: 0.2]
      [Ext Root Scanning (ms): Min: 0.0, Avg: 0.1, Max: 0.2, Diff: 0.2, Sum: 0.6]
      [Update RS (ms): Min: 22.2, Avg: 22.6, Max: 23.1, Diff: 1.0, Sum: 180.7]
         [Processed Buffers: Min: 14, Avg: 16.3, Max: 18, Diff: 4, Sum: 130]
      [Scan RS (ms): Min: 14.0, Avg: 14.5, Max: 15.0, Diff: 1.0, Sum: 115.9]
      [Code Root Scanning (ms): Min: 0.0, Avg: 0.0, Max: 0.0, Diff: 0.0, Sum: 0.0]
      [Object Copy (ms): Min: 125.2, Avg: 125.3, Max: 125.4, Diff: 0.2, Sum: 1002.3]
      [Termination (ms): Min: 0.0, Avg: 0.1, Max: 0.1, Diff: 0.1, Sum: 0.5]
         [Termination Attempts: Min: 1, Avg: 43.5, Max: 76, Diff: 75, Sum: 348]
      [GC Worker Other (ms): Min: 0.0, Avg: 0.0, Max: 0.0, Diff: 0.0, Sum: 0.1]
      [GC Worker Total (ms): Min: 162.4, Avg: 162.5, Max: 162.6, Diff: 0.2, Sum: 1300.1]
      [GC Worker End (ms): Min: 34794.4, Avg: 34794.4, Max: 34794.4, Diff: 0.0]
   [Code Root Fixup: 0.0 ms]
   [Code Root Purge: 0.0 ms]
   [Clear CT: 0.4 ms]
   [Other: 1.2 ms]
      [Choose CSet: 0.0 ms]
      [Ref Proc: 0.3 ms]
      [Ref Enq: 0.0 ms]
      [Redirty Cards: 0.5 ms]
      [Humongous Register: 0.0 ms]
      [Humongous Reclaim: 0.0 ms]
      [Free CSet: 0.1 ms]
   [Eden: 205.0M(205.0M)->0.0B(192.0M) Survivors: 7168.0K->27.0M Heap: 254.3M(2048.0M)->249.3M(2048.0M)]
 [Times: user=1.11 sys=0.09, real=0.16 secs] 
2020-09-29T12:02:26.238+0200: 34.926: [GC pause (G1 Evacuation Pause) (young), 0.1667765 secs]
   [Parallel Time: 165.4 ms, GC Workers: 8]
      [GC Worker Start (ms): Min: 34925.8, Avg: 34925.9, Max: 34925.9, Diff: 0.2]
      [Ext Root Scanning (ms): Min: 0.0, Avg: 0.1, Max: 0.2, Diff: 0.2, Sum: 0.6]
      [Update RS (ms): Min: 19.8, Avg: 20.2, Max: 20.8, Diff: 1.0, Sum: 161.7]
         [Processed Buffers: Min: 13, Avg: 15.1, Max: 18, Diff: 5, Sum: 121]
      [Scan RS (ms): Min: 17.1, Avg: 17.7, Max: 18.1, Diff: 1.1, Sum: 141.8]
      [Code Root Scanning (ms): Min: 0.0, Avg: 0.0, Max: 0.0, Diff: 0.0, Sum: 0.0]
      [Object Copy (ms): Min: 127.0, Avg: 127.0, Max: 127.1, Diff: 0.1, Sum: 1016.2]
      [Termination (ms): Min: 0.0, Avg: 0.0, Max: 0.1, Diff: 0.1, Sum: 0.4]
         [Termination Attempts: Min: 1, Avg: 13.6, Max: 26, Diff: 25, Sum: 109]
      [GC Worker Other (ms): Min: 0.0, Avg: 0.0, Max: 0.0, Diff: 0.0, Sum: 0.1]
      [GC Worker Total (ms): Min: 165.1, Avg: 165.1, Max: 165.2, Diff: 0.2, Sum: 1320.9]
      [GC Worker End (ms): Min: 35091.0, Avg: 35091.0, Max: 35091.0, Diff: 0.0]
   [Code Root Fixup: 0.0 ms]
   [Code Root Purge: 0.0 ms]
   [Clear CT: 0.2 ms]
   [Other: 1.1 ms]
      [Choose CSet: 0.0 ms]
      [Ref Proc: 0.3 ms]
      [Ref Enq: 0.0 ms]
      [Redirty Cards: 0.4 ms]
      [Humongous Register: 0.0 ms]
      [Humongous Reclaim: 0.0 ms]
      [Free CSet: 0.2 ms]
   [Eden: 192.0M(192.0M)->0.0B(192.0M) Survivors: 27.0M->28.0M Heap: 473.8M(2048.0M)->475.8M(2048.0M)]
 [Times: user=1.34 sys=0.03, real=0.17 secs] 
2020-09-29T12:02:26.542+0200: 35.230: [GC pause (G1 Evacuation Pause) (young), 0.1707823 secs]
   [Parallel Time: 169.5 ms, GC Workers: 8]
      [GC Worker Start (ms): Min: 35230.0, Avg: 35230.1, Max: 35230.2, Diff: 0.2]
      [Ext Root Scanning (ms): Min: 0.0, Avg: 0.1, Max: 0.2, Diff: 0.2, Sum: 0.7]
      [Update RS (ms): Min: 17.5, Avg: 17.8, Max: 18.5, Diff: 1.0, Sum: 142.5]
         [Processed Buffers: Min: 14, Avg: 15.8, Max: 17, Diff: 3, Sum: 126]
      [Scan RS (ms): Min: 12.2, Avg: 12.7, Max: 13.1, Diff: 0.9, Sum: 101.4]
      [Code Root Scanning (ms): Min: 0.0, Avg: 0.0, Max: 0.0, Diff: 0.0, Sum: 0.0]
      [Object Copy (ms): Min: 138.4, Avg: 138.6, Max: 138.7, Diff: 0.3, Sum: 1108.6]
      [Termination (ms): Min: 0.0, Avg: 0.1, Max: 0.1, Diff: 0.1, Sum: 0.5]
         [Termination Attempts: Min: 1, Avg: 263.9, Max: 357, Diff: 356, Sum: 2111]
      [GC Worker Other (ms): Min: 0.0, Avg: 0.0, Max: 0.1, Diff: 0.1, Sum: 0.3]
      [GC Worker Total (ms): Min: 169.2, Avg: 169.2, Max: 169.4, Diff: 0.2, Sum: 1354.0]
      [GC Worker End (ms): Min: 35399.3, Avg: 35399.3, Max: 35399.4, Diff: 0.1]
   [Code Root Fixup: 0.0 ms]
   [Code Root Purge: 0.0 ms]
   [Clear CT: 0.3 ms]
   [Other: 1.0 ms]
      [Choose CSet: 0.0 ms]
      [Ref Proc: 0.2 ms]
      [Ref Enq: 0.0 ms]
      [Redirty Cards: 0.3 ms]
      [Humongous Register: 0.0 ms]
      [Humongous Reclaim: 0.0 ms]
      [Free CSet: 0.2 ms]
   [Eden: 192.0M(192.0M)->0.0B(197.0M) Survivors: 28.0M->28.0M Heap: 700.2M(2048.0M)->702.2M(2048.0M)]
 [Times: user=1.33 sys=0.00, real=0.17 secs] 
2020-09-29T12:02:26.862+0200: 35.550: [GC pause (G1 Evacuation Pause) (young), 0.1813824 secs]
   [Parallel Time: 180.1 ms, GC Workers: 8]
      [GC Worker Start (ms): Min: 35550.2, Avg: 35550.3, Max: 35550.4, Diff: 0.1]
      [Ext Root Scanning (ms): Min: 0.0, Avg: 0.1, Max: 0.2, Diff: 0.1, Sum: 0.8]
      [Update RS (ms): Min: 19.8, Avg: 20.0, Max: 20.3, Diff: 0.5, Sum: 160.0]
         [Processed Buffers: Min: 14, Avg: 15.6, Max: 18, Diff: 4, Sum: 125]
      [Scan RS (ms): Min: 18.5, Avg: 18.8, Max: 19.1, Diff: 0.6, Sum: 150.5]
      [Code Root Scanning (ms): Min: 0.0, Avg: 0.0, Max: 0.0, Diff: 0.0, Sum: 0.0]
      [Object Copy (ms): Min: 140.6, Avg: 140.8, Max: 140.9, Diff: 0.4, Sum: 1126.2]
      [Termination (ms): Min: 0.0, Avg: 0.2, Max: 0.3, Diff: 0.3, Sum: 1.5]
         [Termination Attempts: Min: 1, Avg: 924.1, Max: 1376, Diff: 1375, Sum: 7393]
      [GC Worker Other (ms): Min: 0.0, Avg: 0.0, Max: 0.1, Diff: 0.1, Sum: 0.3]
      [GC Worker Total (ms): Min: 179.9, Avg: 179.9, Max: 180.0, Diff: 0.1, Sum: 1439.3]
      [GC Worker End (ms): Min: 35730.2, Avg: 35730.2, Max: 35730.3, Diff: 0.1]
   [Code Root Fixup: 0.0 ms]
   [Code Root Purge: 0.0 ms]
   [Clear CT: 0.2 ms]
   [Other: 1.1 ms]
      [Choose CSet: 0.0 ms]
      [Ref Proc: 0.2 ms]
      [Ref Enq: 0.0 ms]
      [Redirty Cards: 0.3 ms]
      [Humongous Register: 0.0 ms]
      [Humongous Reclaim: 0.0 ms]
      [Free CSet: 0.2 ms]
   [Eden: 197.0M(197.0M)->0.0B(193.0M) Survivors: 28.0M->29.0M Heap: 931.6M(2048.0M)->933.1M(2048.0M)]
 [Times: user=1.39 sys=0.08, real=0.18 secs] 
2020-09-29T12:02:27.098+0200: 35.786: [GC pause (G1 Humongous Allocation) (young) (initial-mark), 0.0830246 secs]
   [Parallel Time: 81.9 ms, GC Workers: 8]
      [GC Worker Start (ms): Min: 35786.5, Avg: 35786.6, Max: 35786.7, Diff: 0.2]
      [Ext Root Scanning (ms): Min: 0.0, Avg: 0.2, Max: 0.2, Diff: 0.2, Sum: 1.3]
      [Update RS (ms): Min: 21.1, Avg: 21.4, Max: 21.9, Diff: 0.8, Sum: 171.4]
         [Processed Buffers: Min: 16, Avg: 16.9, Max: 19, Diff: 3, Sum: 135]
      [Scan RS (ms): Min: 3.6, Avg: 3.9, Max: 4.5, Diff: 0.9, Sum: 31.4]
      [Code Root Scanning (ms): Min: 0.0, Avg: 0.0, Max: 0.0, Diff: 0.0, Sum: 0.0]
      [Object Copy (ms): Min: 56.0, Avg: 56.2, Max: 56.3, Diff: 0.3, Sum: 449.6]
      [Termination (ms): Min: 0.0, Avg: 0.0, Max: 0.0, Diff: 0.0, Sum: 0.1]
         [Termination Attempts: Min: 1, Avg: 30.8, Max: 43, Diff: 42, Sum: 246]
      [GC Worker Other (ms): Min: 0.0, Avg: 0.0, Max: 0.1, Diff: 0.1, Sum: 0.4]
      [GC Worker Total (ms): Min: 81.7, Avg: 81.7, Max: 81.8, Diff: 0.1, Sum: 654.0]
      [GC Worker End (ms): Min: 35868.3, Avg: 35868.3, Max: 35868.3, Diff: 0.1]
   [Code Root Fixup: 0.0 ms]
   [Code Root Purge: 0.0 ms]
   [Clear CT: 0.3 ms]
   [Other: 0.8 ms]
      [Choose CSet: 0.0 ms]
      [Ref Proc: 0.2 ms]
      [Ref Enq: 0.0 ms]
      [Redirty Cards: 0.2 ms]
      [Humongous Register: 0.0 ms]
      [Humongous Reclaim: 0.0 ms]
      [Free CSet: 0.1 ms]
   [Eden: 61.0M(193.0M)->0.0B(203.0M) Survivors: 29.0M->28.0M Heap: 1003.6M(2048.0M)->1006.1M(2048.0M)]
 [Times: user=0.58 sys=0.03, real=0.08 secs] 
2020-09-29T12:02:27.182+0200: 35.870: [GC concurrent-root-region-scan-start]
2020-09-29T12:02:27.196+0200: 35.884: [GC concurrent-root-region-scan-end, 0.0144045 secs]
2020-09-29T12:02:27.196+0200: 35.884: [GC concurrent-mark-start]
2020-09-29T12:02:27.201+0200: 35.889: [GC concurrent-mark-end, 0.0046616 secs]
2020-09-29T12:02:27.201+0200: 35.889: [GC remark 2020-09-29T12:02:27.201+0200: 35.889: [Finalize Marking, 0.0002615 secs] 2020-09-29T12:02:27.201+0200: 35.889: [GC ref-proc, 0.0005014 secs] 2020-09-29T12:02:27.202+0200: 35.890: [Unloading, 0.0005156 secs], 0.0017343 secs]
 [Times: user=0.00 sys=0.00, real=0.00 secs] 
2020-09-29T12:02:27.203+0200: 35.891: [GC cleanup 1038M->68M(2048M), 0.0016170 secs]
 [Times: user=0.00 sys=0.00, real=0.00 secs] 
2020-09-29T12:02:27.205+0200: 35.893: [GC concurrent-cleanup-start]
2020-09-29T12:02:27.207+0200: 35.895: [GC concurrent-cleanup-end, 0.0016402 secs]
2020-09-29T12:02:27.326+0200: 36.014: [GC pause (G1 Evacuation Pause) (young), 0.1629477 secs]
   [Parallel Time: 161.3 ms, GC Workers: 8]
      [GC Worker Start (ms): Min: 36013.8, Avg: 36013.9, Max: 36014.0, Diff: 0.2]
      [Ext Root Scanning (ms): Min: 0.0, Avg: 0.1, Max: 0.2, Diff: 0.2, Sum: 0.7]
      [Update RS (ms): Min: 16.3, Avg: 16.8, Max: 17.6, Diff: 1.2, Sum: 134.1]
         [Processed Buffers: Min: 12, Avg: 13.0, Max: 14, Diff: 2, Sum: 104]
      [Scan RS (ms): Min: 16.7, Avg: 17.2, Max: 17.8, Diff: 1.1, Sum: 138.0]
      [Code Root Scanning (ms): Min: 0.0, Avg: 0.0, Max: 0.0, Diff: 0.0, Sum: 0.0]
      [Object Copy (ms): Min: 126.6, Avg: 126.8, Max: 126.9, Diff: 0.3, Sum: 1014.3]
      [Termination (ms): Min: 0.0, Avg: 0.1, Max: 0.1, Diff: 0.1, Sum: 0.8]
         [Termination Attempts: Min: 1, Avg: 183.3, Max: 230, Diff: 229, Sum: 1466]
      [GC Worker Other (ms): Min: 0.0, Avg: 0.0, Max: 0.1, Diff: 0.0, Sum: 0.3]
      [GC Worker Total (ms): Min: 160.9, Avg: 161.0, Max: 161.1, Diff: 0.2, Sum: 1288.1]
      [GC Worker End (ms): Min: 36174.9, Avg: 36174.9, Max: 36174.9, Diff: 0.1]
   [Code Root Fixup: 0.0 ms]
   [Code Root Purge: 0.0 ms]
   [Clear CT: 0.4 ms]
   [Other: 1.3 ms]
      [Choose CSet: 0.0 ms]
      [Ref Proc: 0.2 ms]
      [Ref Enq: 0.0 ms]
      [Redirty Cards: 0.5 ms]
      [Humongous Register: 0.0 ms]
      [Humongous Reclaim: 0.0 ms]
      [Free CSet: 0.2 ms]
   [Eden: 203.0M(203.0M)->0.0B(205.0M) Survivors: 28.0M->29.0M Heap: 273.3M(2048.0M)->247.8M(2048.0M)]
 [Times: user=1.27 sys=0.00, real=0.16 secs] 
2020-09-29T12:02:27.631+0200: 36.319: [GC pause (G1 Evacuation Pause) (young), 0.1985518 secs]
   [Parallel Time: 197.3 ms, GC Workers: 8]
      [GC Worker Start (ms): Min: 36319.4, Avg: 36319.5, Max: 36319.5, Diff: 0.2]
      [Ext Root Scanning (ms): Min: 0.0, Avg: 0.1, Max: 0.2, Diff: 0.2, Sum: 0.7]
      [Update RS (ms): Min: 24.3, Avg: 24.5, Max: 25.1, Diff: 0.8, Sum: 196.3]
         [Processed Buffers: Min: 17, Avg: 19.8, Max: 24, Diff: 7, Sum: 158]
      [Scan RS (ms): Min: 12.7, Avg: 13.3, Max: 13.5, Diff: 0.8, Sum: 106.2]
      [Code Root Scanning (ms): Min: 0.0, Avg: 0.0, Max: 0.0, Diff: 0.0, Sum: 0.0]
      [Object Copy (ms): Min: 158.5, Avg: 158.7, Max: 159.0, Diff: 0.6, Sum: 1269.5]
      [Termination (ms): Min: 0.0, Avg: 0.4, Max: 0.5, Diff: 0.5, Sum: 3.0]
         [Termination Attempts: Min: 1, Avg: 1706.1, Max: 2262, Diff: 2261, Sum: 13649]
      [GC Worker Other (ms): Min: 0.0, Avg: 0.0, Max: 0.1, Diff: 0.0, Sum: 0.3]
      [GC Worker Total (ms): Min: 196.9, Avg: 197.0, Max: 197.1, Diff: 0.1, Sum: 1576.1]
      [GC Worker End (ms): Min: 36516.5, Avg: 36516.5, Max: 36516.5, Diff: 0.0]
   [Code Root Fixup: 0.0 ms]
   [Code Root Purge: 0.0 ms]
   [Clear CT: 0.2 ms]
   [Other: 1.1 ms]
      [Choose CSet: 0.0 ms]
      [Ref Proc: 0.2 ms]
      [Ref Enq: 0.0 ms]
      [Redirty Cards: 0.3 ms]
      [Humongous Register: 0.0 ms]
      [Humongous Reclaim: 0.0 ms]
      [Free CSet: 0.3 ms]
   [Eden: 205.0M(205.0M)->0.0B(192.0M) Survivors: 29.0M->30.0M Heap: 487.2M(2048.0M)->489.2M(2048.0M)]
 [Times: user=1.36 sys=0.03, real=0.20 secs] 
2020-09-29T12:02:27.966+0200: 36.654: [GC pause (G1 Evacuation Pause) (young), 0.1704160 secs]
   [Parallel Time: 169.0 ms, GC Workers: 8]
      [GC Worker Start (ms): Min: 36653.7, Avg: 36653.8, Max: 36653.9, Diff: 0.2]
      [Ext Root Scanning (ms): Min: 0.0, Avg: 0.1, Max: 0.2, Diff: 0.2, Sum: 0.6]
      [Update RS (ms): Min: 17.2, Avg: 17.5, Max: 17.9, Diff: 0.6, Sum: 140.3]
         [Processed Buffers: Min: 12, Avg: 13.9, Max: 17, Diff: 5, Sum: 111]
      [Scan RS (ms): Min: 19.4, Avg: 19.6, Max: 20.0, Diff: 0.6, Sum: 157.0]
      [Code Root Scanning (ms): Min: 0.0, Avg: 0.0, Max: 0.0, Diff: 0.0, Sum: 0.0]
      [Object Copy (ms): Min: 131.4, Avg: 131.4, Max: 131.5, Diff: 0.1, Sum: 1051.4]
      [Termination (ms): Min: 0.0, Avg: 0.1, Max: 0.1, Diff: 0.1, Sum: 0.6]
         [Termination Attempts: Min: 1, Avg: 363.8, Max: 505, Diff: 504, Sum: 2910]
      [GC Worker Other (ms): Min: 0.0, Avg: 0.0, Max: 0.1, Diff: 0.1, Sum: 0.3]
      [GC Worker Total (ms): Min: 168.7, Avg: 168.8, Max: 168.9, Diff: 0.2, Sum: 1350.3]
      [GC Worker End (ms): Min: 36822.6, Avg: 36822.6, Max: 36822.6, Diff: 0.1]
   [Code Root Fixup: 0.0 ms]
   [Code Root Purge: 0.0 ms]
   [Clear CT: 0.2 ms]
   [Other: 1.1 ms]
      [Choose CSet: 0.0 ms]
      [Ref Proc: 0.3 ms]
      [Ref Enq: 0.0 ms]
      [Redirty Cards: 0.3 ms]
      [Humongous Register: 0.0 ms]
      [Humongous Reclaim: 0.0 ms]
      [Free CSet: 0.2 ms]
   [Eden: 192.0M(192.0M)->0.0B(194.0M) Survivors: 30.0M->28.0M Heap: 713.6M(2048.0M)->715.6M(2048.0M)]
 [Times: user=1.33 sys=0.05, real=0.17 secs] 
2020-09-29T12:02:28.278+0200: 36.966: [GC pause (G1 Evacuation Pause) (young), 0.1989329 secs]
   [Parallel Time: 197.6 ms, GC Workers: 8]
      [GC Worker Start (ms): Min: 36965.7, Avg: 36965.8, Max: 36965.9, Diff: 0.1]
      [Ext Root Scanning (ms): Min: 0.1, Avg: 0.1, Max: 0.2, Diff: 0.1, Sum: 0.9]
      [Update RS (ms): Min: 22.3, Avg: 22.4, Max: 22.7, Diff: 0.4, Sum: 179.4]
         [Processed Buffers: Min: 14, Avg: 18.4, Max: 22, Diff: 8, Sum: 147]
      [Scan RS (ms): Min: 13.4, Avg: 13.6, Max: 14.1, Diff: 0.7, Sum: 108.7]
      [Code Root Scanning (ms): Min: 0.0, Avg: 0.0, Max: 0.0, Diff: 0.0, Sum: 0.0]
      [Object Copy (ms): Min: 160.1, Avg: 161.0, Max: 161.2, Diff: 1.0, Sum: 1287.7]
      [Termination (ms): Min: 0.1, Avg: 0.2, Max: 0.3, Diff: 0.3, Sum: 1.5]
         [Termination Attempts: Min: 1, Avg: 409.4, Max: 576, Diff: 575, Sum: 3275]
      [GC Worker Other (ms): Min: 0.0, Avg: 0.0, Max: 0.1, Diff: 0.1, Sum: 0.2]
      [GC Worker Total (ms): Min: 197.2, Avg: 197.3, Max: 197.4, Diff: 0.2, Sum: 1578.4]
      [GC Worker End (ms): Min: 37163.0, Avg: 37163.1, Max: 37163.2, Diff: 0.2]
   [Code Root Fixup: 0.0 ms]
   [Code Root Purge: 0.0 ms]
   [Clear CT: 0.2 ms]
   [Other: 1.1 ms]
      [Choose CSet: 0.0 ms]
      [Ref Proc: 0.2 ms]
      [Ref Enq: 0.0 ms]
      [Redirty Cards: 0.3 ms]
      [Humongous Register: 0.1 ms]
      [Humongous Reclaim: 0.0 ms]
      [Free CSet: 0.2 ms]
   [Eden: 194.0M(194.0M)->0.0B(184.0M) Survivors: 28.0M->28.0M Heap: 942.0M(2048.0M)->944.5M(2048.0M)]
 [Times: user=1.48 sys=0.00, real=0.20 secs] 
2020-09-29T12:02:28.499+0200: 37.186: [GC pause (G1 Humongous Allocation) (young) (initial-mark), 0.0513322 secs]
   [Parallel Time: 50.1 ms, GC Workers: 8]
      [GC Worker Start (ms): Min: 37186.7, Avg: 37186.8, Max: 37186.9, Diff: 0.3]
      [Ext Root Scanning (ms): Min: 0.0, Avg: 0.3, Max: 0.5, Diff: 0.5, Sum: 2.7]
      [Update RS (ms): Min: 22.4, Avg: 23.0, Max: 23.7, Diff: 1.3, Sum: 183.8]
         [Processed Buffers: Min: 18, Avg: 19.8, Max: 24, Diff: 6, Sum: 158]
      [Scan RS (ms): Min: 2.1, Avg: 2.6, Max: 3.1, Diff: 1.1, Sum: 21.2]
      [Code Root Scanning (ms): Min: 0.0, Avg: 0.0, Max: 0.0, Diff: 0.0, Sum: 0.0]
      [Object Copy (ms): Min: 23.7, Avg: 23.8, Max: 23.9, Diff: 0.2, Sum: 190.3]
      [Termination (ms): Min: 0.0, Avg: 0.0, Max: 0.0, Diff: 0.0, Sum: 0.2]
         [Termination Attempts: Min: 1, Avg: 139.0, Max: 192, Diff: 191, Sum: 1112]
      [GC Worker Other (ms): Min: 0.0, Avg: 0.0, Max: 0.1, Diff: 0.0, Sum: 0.3]
      [GC Worker Total (ms): Min: 49.7, Avg: 49.8, Max: 49.9, Diff: 0.2, Sum: 398.5]
      [GC Worker End (ms): Min: 37236.6, Avg: 37236.6, Max: 37236.6, Diff: 0.0]
   [Code Root Fixup: 0.0 ms]
   [Code Root Purge: 0.0 ms]
   [Clear CT: 0.3 ms]
   [Other: 0.9 ms]
      [Choose CSet: 0.0 ms]
      [Ref Proc: 0.2 ms]
      [Ref Enq: 0.0 ms]
      [Redirty Cards: 0.3 ms]
      [Humongous Register: 0.1 ms]
      [Humongous Reclaim: 0.0 ms]
      [Free CSet: 0.1 ms]
   [Eden: 8192.0K(184.0M)->0.0B(215.0M) Survivors: 28.0M->10.0M Heap: 952.0M(2048.0M)->955.5M(2048.0M)]
 [Times: user=0.36 sys=0.00, real=0.05 secs] 
2020-09-29T12:02:28.550+0200: 37.238: [GC concurrent-root-region-scan-start]
2020-09-29T12:02:28.554+0200: 37.242: [GC concurrent-root-region-scan-end, 0.0039729 secs]
2020-09-29T12:02:28.554+0200: 37.242: [GC concurrent-mark-start]
2020-09-29T12:02:28.559+0200: 37.246: [GC concurrent-mark-end, 0.0042999 secs]
2020-09-29T12:02:28.559+0200: 37.247: [GC remark 2020-09-29T12:02:28.559+0200: 37.247: [Finalize Marking, 0.0002962 secs] 2020-09-29T12:02:28.559+0200: 37.247: [GC ref-proc, 0.0005306 secs] 2020-09-29T12:02:28.560+0200: 37.248: [Unloading, 0.0006980 secs], 0.0023240 secs]
 [Times: user=0.00 sys=0.00, real=0.00 secs] 
2020-09-29T12:02:28.563+0200: 37.251: [GC cleanup 972M->34M(2048M), 0.0020101 secs]
 [Times: user=0.00 sys=0.00, real=0.00 secs] 
2020-09-29T12:02:28.565+0200: 37.253: [GC concurrent-cleanup-start]
2020-09-29T12:02:28.567+0200: 37.254: [GC concurrent-cleanup-end, 0.0016260 secs]
2020-09-29T12:02:28.709+0200: 37.397: [GC pause (G1 Evacuation Pause) (young), 0.1850511 secs]
   [Parallel Time: 183.6 ms, GC Workers: 8]
      [GC Worker Start (ms): Min: 37396.9, Avg: 37397.0, Max: 37397.2, Diff: 0.3]
      [Ext Root Scanning (ms): Min: 0.0, Avg: 0.1, Max: 0.2, Diff: 0.2, Sum: 0.7]
      [Update RS (ms): Min: 16.4, Avg: 16.9, Max: 17.4, Diff: 1.0, Sum: 135.5]
         [Processed Buffers: Min: 11, Avg: 12.5, Max: 14, Diff: 3, Sum: 100]
      [Scan RS (ms): Min: 20.4, Avg: 21.0, Max: 21.4, Diff: 1.0, Sum: 168.0]
      [Code Root Scanning (ms): Min: 0.0, Avg: 0.0, Max: 0.0, Diff: 0.0, Sum: 0.0]
      [Object Copy (ms): Min: 144.9, Avg: 145.1, Max: 145.2, Diff: 0.3, Sum: 1161.1]
      [Termination (ms): Min: 0.0, Avg: 0.1, Max: 0.1, Diff: 0.1, Sum: 0.8]
         [Termination Attempts: Min: 1, Avg: 523.5, Max: 640, Diff: 639, Sum: 4188]
      [GC Worker Other (ms): Min: 0.0, Avg: 0.0, Max: 0.1, Diff: 0.1, Sum: 0.3]
      [GC Worker Total (ms): Min: 183.1, Avg: 183.3, Max: 183.4, Diff: 0.3, Sum: 1466.5]
      [GC Worker End (ms): Min: 37580.3, Avg: 37580.3, Max: 37580.4, Diff: 0.1]
   [Code Root Fixup: 0.0 ms]
   [Code Root Purge: 0.0 ms]
   [Clear CT: 0.2 ms]
   [Other: 1.2 ms]
      [Choose CSet: 0.0 ms]
      [Ref Proc: 0.2 ms]
      [Ref Enq: 0.0 ms]
      [Redirty Cards: 0.3 ms]
      [Humongous Register: 0.0 ms]
      [Humongous Reclaim: 0.0 ms]
      [Free CSet: 0.3 ms]
   [Eden: 215.0M(215.0M)->0.0B(189.0M) Survivors: 10.0M->29.0M Heap: 268.7M(2048.0M)->261.7M(2048.0M)]
 [Times: user=1.14 sys=0.08, real=0.19 secs] 
2020-09-29T12:02:29.031+0200: 37.719: [GC pause (G1 Evacuation Pause) (young), 0.1611329 secs]
   [Parallel Time: 159.8 ms, GC Workers: 8]
      [GC Worker Start (ms): Min: 37718.9, Avg: 37719.1, Max: 37719.1, Diff: 0.2]
      [Ext Root Scanning (ms): Min: 0.0, Avg: 0.1, Max: 0.2, Diff: 0.2, Sum: 0.6]
      [Update RS (ms): Min: 16.5, Avg: 16.7, Max: 17.0, Diff: 0.5, Sum: 133.6]
         [Processed Buffers: Min: 12, Avg: 13.8, Max: 16, Diff: 4, Sum: 110]
      [Scan RS (ms): Min: 19.5, Avg: 19.8, Max: 20.0, Diff: 0.5, Sum: 158.5]
      [Code Root Scanning (ms): Min: 0.0, Avg: 0.0, Max: 0.0, Diff: 0.0, Sum: 0.0]
      [Object Copy (ms): Min: 122.6, Avg: 122.8, Max: 122.9, Diff: 0.3, Sum: 982.6]
      [Termination (ms): Min: 0.0, Avg: 0.0, Max: 0.0, Diff: 0.0, Sum: 0.3]
         [Termination Attempts: Min: 1, Avg: 157.3, Max: 222, Diff: 221, Sum: 1258]
      [GC Worker Other (ms): Min: 0.0, Avg: 0.0, Max: 0.1, Diff: 0.1, Sum: 0.3]
      [GC Worker Total (ms): Min: 159.4, Avg: 159.5, Max: 159.6, Diff: 0.2, Sum: 1276.0]
      [GC Worker End (ms): Min: 37878.5, Avg: 37878.6, Max: 37878.6, Diff: 0.0]
   [Code Root Fixup: 0.0 ms]
   [Code Root Purge: 0.0 ms]
   [Clear CT: 0.2 ms]
   [Other: 1.1 ms]
      [Choose CSet: 0.0 ms]
      [Ref Proc: 0.3 ms]
      [Ref Enq: 0.0 ms]
      [Redirty Cards: 0.2 ms]
      [Humongous Register: 0.0 ms]
      [Humongous Reclaim: 0.0 ms]
      [Free CSet: 0.2 ms]
   [Eden: 189.0M(189.0M)->0.0B(192.0M) Survivors: 29.0M->28.0M Heap: 483.2M(2048.0M)->485.2M(2048.0M)]
 [Times: user=1.17 sys=0.06, real=0.16 secs] 
2020-09-29T12:02:29.344+0200: 38.032: [GC pause (G1 Evacuation Pause) (young), 0.1844602 secs]
   [Parallel Time: 182.6 ms, GC Workers: 8]
      [GC Worker Start (ms): Min: 38032.1, Avg: 38032.2, Max: 38032.2, Diff: 0.1]
      [Ext Root Scanning (ms): Min: 0.0, Avg: 0.1, Max: 0.2, Diff: 0.1, Sum: 0.9]
      [Update RS (ms): Min: 22.4, Avg: 22.5, Max: 22.6, Diff: 0.2, Sum: 180.1]
         [Processed Buffers: Min: 16, Avg: 17.5, Max: 20, Diff: 4, Sum: 140]
      [Scan RS (ms): Min: 14.7, Avg: 14.9, Max: 15.0, Diff: 0.2, Sum: 118.8]
      [Code Root Scanning (ms): Min: 0.0, Avg: 0.0, Max: 0.0, Diff: 0.0, Sum: 0.0]
      [Object Copy (ms): Min: 144.8, Avg: 144.8, Max: 144.9, Diff: 0.1, Sum: 1158.7]
      [Termination (ms): Min: 0.0, Avg: 0.1, Max: 0.1, Diff: 0.1, Sum: 0.6]
         [Termination Attempts: Min: 1, Avg: 320.5, Max: 409, Diff: 408, Sum: 2564]
      [GC Worker Other (ms): Min: 0.0, Avg: 0.0, Max: 0.1, Diff: 0.1, Sum: 0.3]
      [GC Worker Total (ms): Min: 182.4, Avg: 182.4, Max: 182.5, Diff: 0.2, Sum: 1459.3]
      [GC Worker End (ms): Min: 38214.6, Avg: 38214.6, Max: 38214.6, Diff: 0.1]
   [Code Root Fixup: 0.0 ms]
   [Code Root Purge: 0.0 ms]
   [Clear CT: 0.3 ms]
   [Other: 1.5 ms]
      [Choose CSet: 0.0 ms]
      [Ref Proc: 0.3 ms]
      [Ref Enq: 0.0 ms]
      [Redirty Cards: 0.7 ms]
      [Humongous Register: 0.1 ms]
      [Humongous Reclaim: 0.0 ms]
      [Free CSet: 0.2 ms]
   [Eden: 192.0M(192.0M)->0.0B(190.0M) Survivors: 28.0M->28.0M Heap: 709.6M(2048.0M)->712.6M(2048.0M)]
 [Times: user=1.47 sys=0.02, real=0.18 secs] 
2020-09-29T12:02:29.690+0200: 38.378: [GC pause (G1 Evacuation Pause) (young), 0.1977844 secs]
   [Parallel Time: 196.4 ms, GC Workers: 8]
      [GC Worker Start (ms): Min: 38377.7, Avg: 38377.9, Max: 38378.2, Diff: 0.5]
      [Ext Root Scanning (ms): Min: 0.0, Avg: 0.1, Max: 0.2, Diff: 0.2, Sum: 0.6]
      [Update RS (ms): Min: 20.5, Avg: 20.6, Max: 20.8, Diff: 0.4, Sum: 164.7]
         [Processed Buffers: Min: 5, Avg: 13.1, Max: 17, Diff: 12, Sum: 105]
      [Scan RS (ms): Min: 16.7, Avg: 16.9, Max: 17.1, Diff: 0.4, Sum: 135.3]
      [Code Root Scanning (ms): Min: 0.0, Avg: 0.0, Max: 0.0, Diff: 0.0, Sum: 0.0]
      [Object Copy (ms): Min: 158.1, Avg: 158.2, Max: 158.3, Diff: 0.2, Sum: 1265.8]
      [Termination (ms): Min: 0.0, Avg: 0.2, Max: 0.2, Diff: 0.2, Sum: 1.4]
         [Termination Attempts: Min: 1, Avg: 559.0, Max: 717, Diff: 716, Sum: 4472]
      [GC Worker Other (ms): Min: 0.0, Avg: 0.0, Max: 0.0, Diff: 0.0, Sum: 0.1]
      [GC Worker Total (ms): Min: 195.6, Avg: 196.0, Max: 196.1, Diff: 0.5, Sum: 1567.9]
      [GC Worker End (ms): Min: 38573.9, Avg: 38573.9, Max: 38573.9, Diff: 0.0]
   [Code Root Fixup: 0.0 ms]
   [Code Root Purge: 0.0 ms]
   [Clear CT: 0.2 ms]
   [Other: 1.2 ms]
      [Choose CSet: 0.0 ms]
      [Ref Proc: 0.3 ms]
      [Ref Enq: 0.0 ms]
      [Redirty Cards: 0.4 ms]
      [Humongous Register: 0.1 ms]
      [Humongous Reclaim: 0.0 ms]
      [Free CSet: 0.3 ms]
   [Eden: 190.0M(190.0M)->0.0B(177.0M) Survivors: 28.0M->28.0M Heap: 933.1M(2048.0M)->935.6M(2048.0M)]
 [Times: user=1.59 sys=0.00, real=0.20 secs] 
2020-09-29T12:02:29.934+0200: 38.622: [GC pause (G1 Humongous Allocation) (young) (initial-mark), 0.0714736 secs]
   [Parallel Time: 70.1 ms, GC Workers: 8]
      [GC Worker Start (ms): Min: 38621.8, Avg: 38621.9, Max: 38622.1, Diff: 0.3]
      [Ext Root Scanning (ms): Min: 0.0, Avg: 0.3, Max: 0.5, Diff: 0.5, Sum: 2.5]
      [Update RS (ms): Min: 18.9, Avg: 19.3, Max: 19.9, Diff: 1.0, Sum: 154.5]
         [Processed Buffers: Min: 12, Avg: 14.0, Max: 16, Diff: 4, Sum: 112]
      [Scan RS (ms): Min: 2.5, Avg: 3.2, Max: 3.8, Diff: 1.3, Sum: 25.5]
      [Code Root Scanning (ms): Min: 0.0, Avg: 0.0, Max: 0.0, Diff: 0.0, Sum: 0.0]
      [Object Copy (ms): Min: 46.9, Avg: 46.9, Max: 47.0, Diff: 0.1, Sum: 375.4]
      [Termination (ms): Min: 0.0, Avg: 0.1, Max: 0.1, Diff: 0.1, Sum: 0.5]
         [Termination Attempts: Min: 1, Avg: 259.1, Max: 386, Diff: 385, Sum: 2073]
      [GC Worker Other (ms): Min: 0.0, Avg: 0.0, Max: 0.1, Diff: 0.0, Sum: 0.3]
      [GC Worker Total (ms): Min: 69.7, Avg: 69.8, Max: 69.9, Diff: 0.3, Sum: 558.7]
      [GC Worker End (ms): Min: 38691.8, Avg: 38691.8, Max: 38691.8, Diff: 0.0]
   [Code Root Fixup: 0.0 ms]
   [Code Root Purge: 0.0 ms]
   [Clear CT: 0.2 ms]
   [Other: 1.1 ms]
      [Choose CSet: 0.0 ms]
      [Ref Proc: 0.3 ms]
      [Ref Enq: 0.0 ms]
      [Redirty Cards: 0.2 ms]
      [Humongous Register: 0.1 ms]
      [Humongous Reclaim: 0.0 ms]
      [Free CSet: 0.1 ms]
   [Eden: 39.0M(177.0M)->0.0B(187.0M) Survivors: 28.0M->26.0M Heap: 979.8M(2048.0M)->981.8M(2048.0M)]
 [Times: user=0.58 sys=0.00, real=0.07 secs] 
2020-09-29T12:02:30.006+0200: 38.693: [GC concurrent-root-region-scan-start]
2020-09-29T12:02:30.020+0200: 38.707: [GC concurrent-root-region-scan-end, 0.0139222 secs]
2020-09-29T12:02:30.020+0200: 38.707: [GC concurrent-mark-start]
2020-09-29T12:02:30.025+0200: 38.712: [GC concurrent-mark-end, 0.0044748 secs]
2020-09-29T12:02:30.025+0200: 38.713: [GC remark 2020-09-29T12:02:30.025+0200: 38.713: [Finalize Marking, 0.0003213 secs] 2020-09-29T12:02:30.026+0200: 38.713: [GC ref-proc, 0.0006628 secs] 2020-09-29T12:02:30.026+0200: 38.714: [Unloading, 0.0006461 secs], 0.0020397 secs]
 [Times: user=0.00 sys=0.00, real=0.00 secs] 
2020-09-29T12:02:30.028+0200: 38.715: [GC cleanup 1010M->62M(2048M), 0.0017168 secs]
 [Times: user=0.00 sys=0.00, real=0.00 secs] 
2020-09-29T12:02:30.030+0200: 38.717: [GC concurrent-cleanup-start]
2020-09-29T12:02:30.031+0200: 38.719: [GC concurrent-cleanup-end, 0.0016605 secs]
2020-09-29T12:02:30.165+0200: 38.853: [GC pause (G1 Evacuation Pause) (young), 0.1537091 secs]
   [Parallel Time: 151.7 ms, GC Workers: 8]
      [GC Worker Start (ms): Min: 38852.7, Avg: 38852.8, Max: 38852.9, Diff: 0.2]
      [Ext Root Scanning (ms): Min: 0.0, Avg: 0.1, Max: 0.2, Diff: 0.2, Sum: 0.7]
      [Update RS (ms): Min: 20.2, Avg: 20.5, Max: 21.2, Diff: 1.0, Sum: 163.8]
         [Processed Buffers: Min: 15, Avg: 16.1, Max: 18, Diff: 3, Sum: 129]
      [Scan RS (ms): Min: 9.8, Avg: 10.6, Max: 10.9, Diff: 1.1, Sum: 84.8]
      [Code Root Scanning (ms): Min: 0.0, Avg: 0.0, Max: 0.0, Diff: 0.0, Sum: 0.0]
      [Object Copy (ms): Min: 120.1, Avg: 120.2, Max: 120.3, Diff: 0.1, Sum: 961.9]
      [Termination (ms): Min: 0.0, Avg: 0.0, Max: 0.0, Diff: 0.0, Sum: 0.2]
         [Termination Attempts: Min: 1, Avg: 123.1, Max: 154, Diff: 153, Sum: 985]
      [GC Worker Other (ms): Min: 0.0, Avg: 0.1, Max: 0.1, Diff: 0.1, Sum: 0.4]
      [GC Worker Total (ms): Min: 151.4, Avg: 151.5, Max: 151.6, Diff: 0.2, Sum: 1211.7]
      [GC Worker End (ms): Min: 39004.2, Avg: 39004.3, Max: 39004.3, Diff: 0.1]
   [Code Root Fixup: 0.0 ms]
   [Code Root Purge: 0.0 ms]
   [Clear CT: 0.5 ms]
   [Other: 1.4 ms]
      [Choose CSet: 0.0 ms]
      [Ref Proc: 0.3 ms]
      [Ref Enq: 0.0 ms]
      [Redirty Cards: 0.6 ms]
      [Humongous Register: 0.0 ms]
      [Humongous Reclaim: 0.0 ms]
      [Free CSet: 0.2 ms]
   [Eden: 187.0M(187.0M)->0.0B(196.0M) Survivors: 26.0M->27.0M Heap: 253.4M(2048.0M)->229.4M(2048.0M)]
 [Times: user=1.25 sys=0.00, real=0.15 secs] 
2020-09-29T12:02:30.478+0200: 39.165: [GC pause (G1 Evacuation Pause) (young), 0.1787869 secs]
   [Parallel Time: 177.3 ms, GC Workers: 8]
      [GC Worker Start (ms): Min: 39165.1, Avg: 39165.9, Max: 39169.2, Diff: 4.1]
      [Ext Root Scanning (ms): Min: 0.0, Avg: 0.1, Max: 0.2, Diff: 0.2, Sum: 0.7]
      [Update RS (ms): Min: 11.9, Avg: 14.4, Max: 15.2, Diff: 3.2, Sum: 115.0]
         [Processed Buffers: Min: 9, Avg: 11.3, Max: 13, Diff: 4, Sum: 90]
      [Scan RS (ms): Min: 17.4, Avg: 18.3, Max: 18.8, Diff: 1.4, Sum: 146.4]
      [Code Root Scanning (ms): Min: 0.0, Avg: 0.0, Max: 0.0, Diff: 0.0, Sum: 0.0]
      [Object Copy (ms): Min: 143.2, Avg: 143.4, Max: 143.6, Diff: 0.4, Sum: 1147.4]
      [Termination (ms): Min: 0.0, Avg: 0.1, Max: 0.1, Diff: 0.1, Sum: 0.9]
         [Termination Attempts: Min: 1, Avg: 484.5, Max: 607, Diff: 606, Sum: 3876]
      [GC Worker Other (ms): Min: 0.0, Avg: 0.0, Max: 0.1, Diff: 0.1, Sum: 0.3]
      [GC Worker Total (ms): Min: 173.0, Avg: 176.4, Max: 177.1, Diff: 4.1, Sum: 1410.8]
      [GC Worker End (ms): Min: 39342.2, Avg: 39342.3, Max: 39342.3, Diff: 0.1]
   [Code Root Fixup: 0.0 ms]
   [Code Root Purge: 0.0 ms]
   [Clear CT: 0.4 ms]
   [Other: 1.1 ms]
      [Choose CSet: 0.0 ms]
      [Ref Proc: 0.2 ms]
      [Ref Enq: 0.0 ms]
      [Redirty Cards: 0.3 ms]
      [Humongous Register: 0.1 ms]
      [Humongous Reclaim: 0.0 ms]
      [Free CSet: 0.3 ms]
   [Eden: 196.0M(196.0M)->0.0B(191.0M) Survivors: 27.0M->28.0M Heap: 457.9M(2048.0M)->459.9M(2048.0M)]
 [Times: user=1.38 sys=0.00, real=0.18 secs] 
2020-09-29T12:02:30.809+0200: 39.496: [GC pause (G1 Evacuation Pause) (young), 0.1814576 secs]
   [Parallel Time: 179.9 ms, GC Workers: 8]
      [GC Worker Start (ms): Min: 39496.4, Avg: 39496.5, Max: 39496.6, Diff: 0.2]
      [Ext Root Scanning (ms): Min: 0.0, Avg: 0.1, Max: 0.2, Diff: 0.2, Sum: 0.7]
      [Update RS (ms): Min: 19.9, Avg: 19.9, Max: 20.0, Diff: 0.2, Sum: 159.6]
         [Processed Buffers: Min: 13, Avg: 15.1, Max: 17, Diff: 4, Sum: 121]
      [Scan RS (ms): Min: 16.5, Avg: 16.7, Max: 16.8, Diff: 0.3, Sum: 133.2]
      [Code Root Scanning (ms): Min: 0.0, Avg: 0.0, Max: 0.0, Diff: 0.0, Sum: 0.0]
      [Object Copy (ms): Min: 142.7, Avg: 142.9, Max: 142.9, Diff: 0.2, Sum: 1142.8]
      [Termination (ms): Min: 0.0, Avg: 0.0, Max: 0.1, Diff: 0.1, Sum: 0.4]
         [Termination Attempts: Min: 1, Avg: 187.3, Max: 254, Diff: 253, Sum: 1498]
      [GC Worker Other (ms): Min: 0.0, Avg: 0.0, Max: 0.1, Diff: 0.1, Sum: 0.4]
      [GC Worker Total (ms): Min: 179.5, Avg: 179.6, Max: 179.8, Diff: 0.3, Sum: 1437.2]
      [GC Worker End (ms): Min: 39676.2, Avg: 39676.2, Max: 39676.2, Diff: 0.1]
   [Code Root Fixup: 0.0 ms]
   [Code Root Purge: 0.0 ms]
   [Clear CT: 0.2 ms]
   [Other: 1.3 ms]
      [Choose CSet: 0.0 ms]
      [Ref Proc: 0.3 ms]
      [Ref Enq: 0.0 ms]
      [Redirty Cards: 0.4 ms]
      [Humongous Register: 0.1 ms]
      [Humongous Reclaim: 0.0 ms]
      [Free CSet: 0.3 ms]
   [Eden: 191.0M(191.0M)->0.0B(188.0M) Survivors: 28.0M->28.0M Heap: 683.3M(2048.0M)->684.8M(2048.0M)]
 [Times: user=1.50 sys=0.00, real=0.18 secs] 
2020-09-29T12:02:31.151+0200: 39.839: [GC pause (G1 Evacuation Pause) (young), 0.2314270 secs]
   [Parallel Time: 230.1 ms, GC Workers: 8]
      [GC Worker Start (ms): Min: 39839.0, Avg: 39839.1, Max: 39839.1, Diff: 0.2]
      [Ext Root Scanning (ms): Min: 0.1, Avg: 0.1, Max: 0.2, Diff: 0.1, Sum: 1.0]
      [Update RS (ms): Min: 19.9, Avg: 20.0, Max: 20.3, Diff: 0.4, Sum: 160.1]
         [Processed Buffers: Min: 11, Avg: 14.4, Max: 17, Diff: 6, Sum: 115]
      [Scan RS (ms): Min: 15.2, Avg: 15.5, Max: 15.6, Diff: 0.4, Sum: 123.9]
      [Code Root Scanning (ms): Min: 0.0, Avg: 0.0, Max: 0.0, Diff: 0.0, Sum: 0.0]
      [Object Copy (ms): Min: 193.8, Avg: 193.9, Max: 194.0, Diff: 0.2, Sum: 1551.5]
      [Termination (ms): Min: 0.0, Avg: 0.2, Max: 0.3, Diff: 0.3, Sum: 1.6]
         [Termination Attempts: Min: 1, Avg: 476.4, Max: 712, Diff: 711, Sum: 3811]
      [GC Worker Other (ms): Min: 0.0, Avg: 0.0, Max: 0.0, Diff: 0.0, Sum: 0.1]
      [GC Worker Total (ms): Min: 229.7, Avg: 229.8, Max: 229.9, Diff: 0.2, Sum: 1838.2]
      [GC Worker End (ms): Min: 40068.8, Avg: 40068.9, Max: 40068.9, Diff: 0.1]
   [Code Root Fixup: 0.0 ms]
   [Code Root Purge: 0.0 ms]
   [Clear CT: 0.3 ms]
   [Other: 1.1 ms]
      [Choose CSet: 0.0 ms]
      [Ref Proc: 0.2 ms]
      [Ref Enq: 0.0 ms]
      [Redirty Cards: 0.3 ms]
      [Humongous Register: 0.1 ms]
      [Humongous Reclaim: 0.0 ms]
      [Free CSet: 0.3 ms]
   [Eden: 188.0M(188.0M)->0.0B(159.0M) Survivors: 28.0M->27.0M Heap: 903.3M(2048.0M)->905.3M(2048.0M)]
 [Times: user=1.55 sys=0.01, real=0.23 secs] 
2020-09-29T12:02:31.523+0200: 40.210: [GC pause (G1 Evacuation Pause) (young), 0.1881063 secs]
   [Parallel Time: 185.9 ms, GC Workers: 8]
      [GC Worker Start (ms): Min: 40210.3, Avg: 40213.5, Max: 40235.4, Diff: 25.1]
      [Ext Root Scanning (ms): Min: 0.0, Avg: 0.1, Max: 0.2, Diff: 0.2, Sum: 0.7]
      [Update RS (ms): Min: 0.2, Avg: 22.2, Max: 25.8, Diff: 25.6, Sum: 177.2]
         [Processed Buffers: Min: 1, Avg: 15.0, Max: 21, Diff: 20, Sum: 120]
      [Scan RS (ms): Min: 15.5, Avg: 16.1, Max: 17.0, Diff: 1.5, Sum: 128.8]
      [Code Root Scanning (ms): Min: 0.0, Avg: 0.0, Max: 0.0, Diff: 0.0, Sum: 0.0]
      [Object Copy (ms): Min: 143.2, Avg: 143.9, Max: 144.2, Diff: 1.0, Sum: 1151.2]
      [Termination (ms): Min: 0.0, Avg: 0.1, Max: 0.1, Diff: 0.1, Sum: 0.4]
         [Termination Attempts: Min: 1, Avg: 201.3, Max: 272, Diff: 271, Sum: 1610]
      [GC Worker Other (ms): Min: 0.0, Avg: 0.0, Max: 0.1, Diff: 0.1, Sum: 0.3]
      [GC Worker Total (ms): Min: 160.5, Avg: 182.3, Max: 185.6, Diff: 25.1, Sum: 1458.7]
      [GC Worker End (ms): Min: 40395.8, Avg: 40395.8, Max: 40395.9, Diff: 0.1]
   [Code Root Fixup: 0.0 ms]
   [Code Root Purge: 0.0 ms]
   [Clear CT: 0.2 ms]
   [Other: 2.0 ms]
      [Choose CSet: 0.0 ms]
      [Ref Proc: 0.6 ms]
      [Ref Enq: 0.0 ms]
      [Redirty Cards: 0.9 ms]
      [Humongous Register: 0.1 ms]
      [Humongous Reclaim: 0.0 ms]
      [Free CSet: 0.2 ms]
   [Eden: 159.0M(159.0M)->0.0B(154.0M) Survivors: 27.0M->24.0M Heap: 1091.0M(2048.0M)->1093.5M(2048.0M)]
 [Times: user=1.44 sys=0.05, real=0.19 secs] 
2020-09-29T12:02:31.724+0200: 40.411: [GC pause (G1 Humongous Allocation) (young) (initial-mark), 0.0719693 secs]
   [Parallel Time: 70.5 ms, GC Workers: 8]
      [GC Worker Start (ms): Min: 40411.7, Avg: 40411.8, Max: 40411.8, Diff: 0.1]
      [Ext Root Scanning (ms): Min: 0.3, Avg: 0.3, Max: 0.4, Diff: 0.1, Sum: 2.7]
      [Update RS (ms): Min: 26.9, Avg: 27.5, Max: 29.5, Diff: 2.6, Sum: 220.1]
         [Processed Buffers: Min: 15, Avg: 20.4, Max: 22, Diff: 7, Sum: 163]
      [Scan RS (ms): Min: 0.7, Avg: 2.7, Max: 4.0, Diff: 3.3, Sum: 21.9]
      [Code Root Scanning (ms): Min: 0.0, Avg: 0.0, Max: 0.0, Diff: 0.0, Sum: 0.0]
      [Object Copy (ms): Min: 38.8, Avg: 39.4, Max: 39.5, Diff: 0.7, Sum: 314.9]
      [Termination (ms): Min: 0.2, Avg: 0.3, Max: 0.4, Diff: 0.3, Sum: 2.7]
         [Termination Attempts: Min: 1, Avg: 884.3, Max: 1130, Diff: 1129, Sum: 7074]
      [GC Worker Other (ms): Min: 0.0, Avg: 0.0, Max: 0.1, Diff: 0.1, Sum: 0.3]
      [GC Worker Total (ms): Min: 70.3, Avg: 70.3, Max: 70.4, Diff: 0.2, Sum: 562.5]
      [GC Worker End (ms): Min: 40482.0, Avg: 40482.1, Max: 40482.1, Diff: 0.1]
   [Code Root Fixup: 0.0 ms]
   [Code Root Purge: 0.0 ms]
   [Clear CT: 0.2 ms]
   [Other: 1.2 ms]
      [Choose CSet: 0.0 ms]
      [Ref Proc: 0.3 ms]
      [Ref Enq: 0.0 ms]
      [Redirty Cards: 0.5 ms]
      [Humongous Register: 0.1 ms]
      [Humongous Reclaim: 0.0 ms]
      [Free CSet: 0.1 ms]
   [Eden: 7168.0K(154.0M)->0.0B(142.0M) Survivors: 24.0M->9216.0K Heap: 1100.0M(2048.0M)->1104.0M(2048.0M)]
 [Times: user=0.47 sys=0.02, real=0.07 secs] 
2020-09-29T12:02:31.796+0200: 40.484: [GC concurrent-root-region-scan-start]
2020-09-29T12:02:31.800+0200: 40.487: [GC concurrent-root-region-scan-end, 0.0034969 secs]
2020-09-29T12:02:31.800+0200: 40.487: [GC concurrent-mark-start]
2020-09-29T12:02:31.805+0200: 40.493: [GC concurrent-mark-end, 0.0053687 secs]
2020-09-29T12:02:31.806+0200: 40.493: [GC remark 2020-09-29T12:02:31.806+0200: 40.493: [Finalize Marking, 0.0004356 secs] 2020-09-29T12:02:31.806+0200: 40.494: [GC ref-proc, 0.0005456 secs] 2020-09-29T12:02:31.807+0200: 40.494: [Unloading, 0.0007125 secs], 0.0021480 secs]
 [Times: user=0.00 sys=0.00, real=0.00 secs] 
2020-09-29T12:02:31.810+0200: 40.498: [GC cleanup 1116M->29M(2048M), 0.0021966 secs]
 [Times: user=0.00 sys=0.00, real=0.00 secs] 
2020-09-29T12:02:31.812+0200: 40.500: [GC concurrent-cleanup-start]
2020-09-29T12:02:31.816+0200: 40.504: [GC concurrent-cleanup-end, 0.0039299 secs]
2020-09-29T12:02:31.924+0200: 40.612: [GC pause (G1 Evacuation Pause) (young), 0.1761237 secs]
   [Parallel Time: 174.8 ms, GC Workers: 8]
      [GC Worker Start (ms): Min: 40612.4, Avg: 40616.8, Max: 40638.9, Diff: 26.5]
      [Ext Root Scanning (ms): Min: 0.0, Avg: 0.1, Max: 0.2, Diff: 0.2, Sum: 0.6]
      [Update RS (ms): Min: 0.0, Avg: 16.1, Max: 19.8, Diff: 19.8, Sum: 129.0]
         [Processed Buffers: Min: 0, Avg: 11.6, Max: 16, Diff: 16, Sum: 93]
      [Scan RS (ms): Min: 8.2, Avg: 15.4, Max: 20.6, Diff: 12.4, Sum: 123.0]
      [Code Root Scanning (ms): Min: 0.0, Avg: 0.0, Max: 0.0, Diff: 0.0, Sum: 0.0]
      [Object Copy (ms): Min: 134.1, Avg: 138.5, Max: 139.8, Diff: 5.7, Sum: 1108.2]
      [Termination (ms): Min: 0.0, Avg: 0.1, Max: 0.2, Diff: 0.2, Sum: 1.1]
         [Termination Attempts: Min: 1, Avg: 378.8, Max: 566, Diff: 565, Sum: 3030]
      [GC Worker Other (ms): Min: 0.0, Avg: 0.0, Max: 0.0, Diff: 0.0, Sum: 0.1]
      [GC Worker Total (ms): Min: 148.1, Avg: 170.3, Max: 174.6, Diff: 26.5, Sum: 1362.2]
      [GC Worker End (ms): Min: 40787.0, Avg: 40787.0, Max: 40787.1, Diff: 0.0]
   [Code Root Fixup: 0.0 ms]
   [Code Root Purge: 0.0 ms]
   [Clear CT: 0.3 ms]
   [Other: 1.1 ms]
      [Choose CSet: 0.0 ms]
      [Ref Proc: 0.3 ms]
      [Ref Enq: 0.0 ms]
      [Redirty Cards: 0.3 ms]
      [Humongous Register: 0.1 ms]
      [Humongous Reclaim: 0.0 ms]
      [Free CSet: 0.2 ms]
   [Eden: 142.0M(142.0M)->0.0B(128.0M) Survivors: 9216.0K->19.0M Heap: 183.3M(2048.0M)->176.8M(2048.0M)]
 [Times: user=1.26 sys=0.01, real=0.18 secs] 
2020-09-29T12:02:32.221+0200: 40.909: [GC pause (G1 Evacuation Pause) (young), 0.1345088 secs]
   [Parallel Time: 132.6 ms, GC Workers: 8]
      [GC Worker Start (ms): Min: 40908.7, Avg: 40908.8, Max: 40908.9, Diff: 0.2]
      [Ext Root Scanning (ms): Min: 0.0, Avg: 0.1, Max: 0.2, Diff: 0.2, Sum: 0.8]
      [Update RS (ms): Min: 13.7, Avg: 14.0, Max: 14.3, Diff: 0.7, Sum: 111.6]
         [Processed Buffers: Min: 9, Avg: 10.5, Max: 13, Diff: 4, Sum: 84]
      [Scan RS (ms): Min: 10.9, Avg: 11.3, Max: 11.6, Diff: 0.7, Sum: 90.0]
      [Code Root Scanning (ms): Min: 0.0, Avg: 0.0, Max: 0.0, Diff: 0.0, Sum: 0.0]
      [Object Copy (ms): Min: 106.8, Avg: 107.0, Max: 107.1, Diff: 0.3, Sum: 855.7]
      [Termination (ms): Min: 0.0, Avg: 0.1, Max: 0.1, Diff: 0.1, Sum: 0.7]
         [Termination Attempts: Min: 1, Avg: 356.8, Max: 454, Diff: 453, Sum: 2854]
      [GC Worker Other (ms): Min: 0.0, Avg: 0.0, Max: 0.1, Diff: 0.1, Sum: 0.3]
      [GC Worker Total (ms): Min: 132.3, Avg: 132.4, Max: 132.5, Diff: 0.3, Sum: 1059.2]
      [GC Worker End (ms): Min: 41041.2, Avg: 41041.2, Max: 41041.2, Diff: 0.1]
   [Code Root Fixup: 0.0 ms]
   [Code Root Purge: 0.0 ms]
   [Clear CT: 0.3 ms]
   [Other: 1.6 ms]
      [Choose CSet: 0.0 ms]
      [Ref Proc: 0.3 ms]
      [Ref Enq: 0.0 ms]
      [Redirty Cards: 0.8 ms]
      [Humongous Register: 0.0 ms]
      [Humongous Reclaim: 0.0 ms]
      [Free CSet: 0.2 ms]
   [Eden: 128.0M(128.0M)->0.0B(140.0M) Survivors: 19.0M->19.0M Heap: 325.8M(2048.0M)->327.3M(2048.0M)]
 [Times: user=1.06 sys=0.00, real=0.13 secs] 
2020-09-29T12:02:32.479+0200: 41.167: [GC pause (G1 Evacuation Pause) (young), 0.1891694 secs]
   [Parallel Time: 187.8 ms, GC Workers: 8]
      [GC Worker Start (ms): Min: 41167.4, Avg: 41169.7, Max: 41185.2, Diff: 17.8]
      [Ext Root Scanning (ms): Min: 0.0, Avg: 0.1, Max: 0.2, Diff: 0.2, Sum: 0.7]
      [Update RS (ms): Min: 5.6, Avg: 22.7, Max: 32.4, Diff: 26.8, Sum: 181.9]
         [Processed Buffers: Min: 7, Avg: 12.9, Max: 16, Diff: 9, Sum: 103]
      [Scan RS (ms): Min: 4.1, Avg: 11.7, Max: 13.2, Diff: 9.1, Sum: 93.6]
      [Code Root Scanning (ms): Min: 0.0, Avg: 0.0, Max: 0.0, Diff: 0.0, Sum: 0.0]
      [Object Copy (ms): Min: 149.3, Avg: 150.5, Max: 151.0, Diff: 1.7, Sum: 1204.1]
      [Termination (ms): Min: 0.0, Avg: 0.2, Max: 1.5, Diff: 1.5, Sum: 1.9]
         [Termination Attempts: Min: 1, Avg: 220.1, Max: 300, Diff: 299, Sum: 1761]
      [GC Worker Other (ms): Min: 0.0, Avg: 0.1, Max: 0.1, Diff: 0.1, Sum: 0.5]
      [GC Worker Total (ms): Min: 169.8, Avg: 185.3, Max: 187.7, Diff: 17.8, Sum: 1482.7]
      [GC Worker End (ms): Min: 41355.0, Avg: 41355.0, Max: 41355.0, Diff: 0.1]
   [Code Root Fixup: 0.0 ms]
   [Code Root Purge: 0.0 ms]
   [Clear CT: 0.3 ms]
   [Other: 1.1 ms]
      [Choose CSet: 0.0 ms]
      [Ref Proc: 0.2 ms]
      [Ref Enq: 0.0 ms]
      [Redirty Cards: 0.3 ms]
      [Humongous Register: 0.1 ms]
      [Humongous Reclaim: 0.0 ms]
      [Free CSet: 0.2 ms]
   [Eden: 140.0M(140.0M)->0.0B(135.0M) Survivors: 19.0M->20.0M Heap: 490.2M(2048.0M)->492.2M(2048.0M)]
 [Times: user=1.25 sys=0.00, real=0.19 secs] 
2020-09-29T12:02:32.798+0200: 41.486: [GC pause (G1 Evacuation Pause) (young), 0.1773765 secs]
   [Parallel Time: 175.8 ms, GC Workers: 8]
      [GC Worker Start (ms): Min: 41486.0, Avg: 41486.2, Max: 41486.7, Diff: 0.7]
      [Ext Root Scanning (ms): Min: 0.0, Avg: 0.1, Max: 0.3, Diff: 0.3, Sum: 1.0]
      [Update RS (ms): Min: 15.7, Avg: 16.7, Max: 19.2, Diff: 3.5, Sum: 133.8]
         [Processed Buffers: Min: 8, Avg: 10.9, Max: 14, Diff: 6, Sum: 87]
      [Scan RS (ms): Min: 13.0, Avg: 16.0, Max: 20.4, Diff: 7.4, Sum: 128.3]
      [Code Root Scanning (ms): Min: 0.0, Avg: 0.0, Max: 0.0, Diff: 0.0, Sum: 0.0]
      [Object Copy (ms): Min: 139.1, Avg: 142.2, Max: 143.0, Diff: 3.9, Sum: 1137.3]
      [Termination (ms): Min: 0.1, Avg: 0.3, Max: 0.4, Diff: 0.4, Sum: 2.8]
         [Termination Attempts: Min: 1, Avg: 1331.9, Max: 1663, Diff: 1662, Sum: 10655]
      [GC Worker Other (ms): Min: 0.0, Avg: 0.0, Max: 0.0, Diff: 0.0, Sum: 0.2]
      [GC Worker Total (ms): Min: 175.0, Avg: 175.4, Max: 175.7, Diff: 0.7, Sum: 1403.4]
      [GC Worker End (ms): Min: 41661.6, Avg: 41661.7, Max: 41661.7, Diff: 0.1]
   [Code Root Fixup: 0.0 ms]
   [Code Root Purge: 0.0 ms]
   [Clear CT: 0.4 ms]
   [Other: 1.1 ms]
      [Choose CSet: 0.0 ms]
      [Ref Proc: 0.2 ms]
      [Ref Enq: 0.0 ms]
      [Redirty Cards: 0.3 ms]
      [Humongous Register: 0.1 ms]
      [Humongous Reclaim: 0.0 ms]
      [Free CSet: 0.2 ms]
   [Eden: 135.0M(135.0M)->0.0B(135.0M) Survivors: 20.0M->20.0M Heap: 650.1M(2048.0M)->652.1M(2048.0M)]
 [Times: user=1.22 sys=0.02, real=0.18 secs] 
2020-09-29T12:02:33.093+0200: 41.781: [GC pause (G1 Evacuation Pause) (young), 0.1534534 secs]
   [Parallel Time: 150.2 ms, GC Workers: 8]
      [GC Worker Start (ms): Min: 41781.0, Avg: 41781.9, Max: 41787.2, Diff: 6.2]
      [Ext Root Scanning (ms): Min: 0.0, Avg: 0.1, Max: 0.2, Diff: 0.2, Sum: 0.7]
      [Update RS (ms): Min: 14.0, Avg: 19.3, Max: 21.0, Diff: 7.0, Sum: 154.3]
         [Processed Buffers: Min: 9, Avg: 13.8, Max: 17, Diff: 8, Sum: 110]
      [Scan RS (ms): Min: 8.7, Avg: 9.8, Max: 10.3, Diff: 1.6, Sum: 78.3]
      [Code Root Scanning (ms): Min: 0.0, Avg: 0.0, Max: 0.0, Diff: 0.0, Sum: 0.0]
      [Object Copy (ms): Min: 119.5, Avg: 119.9, Max: 120.1, Diff: 0.5, Sum: 959.4]
      [Termination (ms): Min: 0.0, Avg: 0.1, Max: 0.1, Diff: 0.1, Sum: 0.8]
         [Termination Attempts: Min: 1, Avg: 184.4, Max: 270, Diff: 269, Sum: 1475]
      [GC Worker Other (ms): Min: 0.0, Avg: 0.0, Max: 0.0, Diff: 0.0, Sum: 0.2]
      [GC Worker Total (ms): Min: 143.9, Avg: 149.2, Max: 150.1, Diff: 6.2, Sum: 1193.7]
      [GC Worker End (ms): Min: 41931.1, Avg: 41931.1, Max: 41931.1, Diff: 0.0]
   [Code Root Fixup: 0.0 ms]
   [Code Root Purge: 0.0 ms]
   [Clear CT: 1.3 ms]
   [Other: 1.9 ms]
      [Choose CSet: 0.0 ms]
      [Ref Proc: 0.2 ms]
      [Ref Enq: 0.0 ms]
      [Redirty Cards: 1.2 ms]
      [Humongous Register: 0.1 ms]
      [Humongous Reclaim: 0.0 ms]
      [Free CSet: 0.2 ms]
   [Eden: 135.0M(135.0M)->0.0B(145.0M) Survivors: 20.0M->20.0M Heap: 809.9M(2048.0M)->811.4M(2048.0M)]
 [Times: user=1.20 sys=0.01, real=0.15 secs] 
2020-09-29T12:02:33.371+0200: 42.059: [GC pause (G1 Evacuation Pause) (young), 0.1617378 secs]
   [Parallel Time: 160.0 ms, GC Workers: 8]
      [GC Worker Start (ms): Min: 42058.8, Avg: 42058.9, Max: 42059.0, Diff: 0.2]
      [Ext Root Scanning (ms): Min: 0.0, Avg: 0.1, Max: 0.2, Diff: 0.2, Sum: 0.8]
      [Update RS (ms): Min: 19.8, Avg: 20.0, Max: 21.0, Diff: 1.2, Sum: 160.4]
         [Processed Buffers: Min: 12, Avg: 15.1, Max: 17, Diff: 5, Sum: 121]
      [Scan RS (ms): Min: 9.7, Avg: 10.7, Max: 10.9, Diff: 1.3, Sum: 85.7]
      [Code Root Scanning (ms): Min: 0.0, Avg: 0.0, Max: 0.0, Diff: 0.0, Sum: 0.0]
      [Object Copy (ms): Min: 128.5, Avg: 128.7, Max: 128.8, Diff: 0.4, Sum: 1029.7]
      [Termination (ms): Min: 0.0, Avg: 0.2, Max: 0.2, Diff: 0.2, Sum: 1.2]
         [Termination Attempts: Min: 1, Avg: 622.9, Max: 816, Diff: 815, Sum: 4983]
      [GC Worker Other (ms): Min: 0.0, Avg: 0.0, Max: 0.1, Diff: 0.0, Sum: 0.3]
      [GC Worker Total (ms): Min: 159.7, Avg: 159.8, Max: 159.9, Diff: 0.2, Sum: 1278.1]
      [GC Worker End (ms): Min: 42218.7, Avg: 42218.7, Max: 42218.7, Diff: 0.0]
   [Code Root Fixup: 0.0 ms]
   [Code Root Purge: 0.0 ms]
   [Clear CT: 0.4 ms]
   [Other: 1.3 ms]
      [Choose CSet: 0.0 ms]
      [Ref Proc: 0.3 ms]
      [Ref Enq: 0.0 ms]
      [Redirty Cards: 0.5 ms]
      [Humongous Register: 0.1 ms]
      [Humongous Reclaim: 0.0 ms]
      [Free CSet: 0.2 ms]
   [Eden: 145.0M(145.0M)->0.0B(152.0M) Survivors: 20.0M->21.0M Heap: 981.2M(2048.0M)->982.7M(2048.0M)]
 [Times: user=1.08 sys=0.00, real=0.16 secs] 
2020-09-29T12:02:33.544+0200: 42.231: [GC pause (G1 Humongous Allocation) (young) (initial-mark), 0.0650454 secs]
   [Parallel Time: 63.7 ms, GC Workers: 8]
      [GC Worker Start (ms): Min: 42231.5, Avg: 42231.6, Max: 42231.6, Diff: 0.1]
      [Ext Root Scanning (ms): Min: 0.1, Avg: 0.1, Max: 0.2, Diff: 0.1, Sum: 1.0]
      [Update RS (ms): Min: 28.0, Avg: 28.4, Max: 29.3, Diff: 1.3, Sum: 227.0]
         [Processed Buffers: Min: 19, Avg: 21.0, Max: 23, Diff: 4, Sum: 168]
      [Scan RS (ms): Min: 1.5, Avg: 2.3, Max: 2.8, Diff: 1.2, Sum: 18.5]
      [Code Root Scanning (ms): Min: 0.0, Avg: 0.0, Max: 0.0, Diff: 0.0, Sum: 0.0]
      [Object Copy (ms): Min: 32.4, Avg: 32.5, Max: 32.6, Diff: 0.3, Sum: 259.8]
      [Termination (ms): Min: 0.0, Avg: 0.1, Max: 0.2, Diff: 0.2, Sum: 1.0]
         [Termination Attempts: Min: 1, Avg: 570.6, Max: 736, Diff: 735, Sum: 4565]
      [GC Worker Other (ms): Min: 0.0, Avg: 0.0, Max: 0.1, Diff: 0.1, Sum: 0.3]
      [GC Worker Total (ms): Min: 63.4, Avg: 63.5, Max: 63.5, Diff: 0.1, Sum: 507.6]
      [GC Worker End (ms): Min: 42295.0, Avg: 42295.0, Max: 42295.1, Diff: 0.1]
   [Code Root Fixup: 0.0 ms]
   [Code Root Purge: 0.0 ms]
   [Clear CT: 0.4 ms]
   [Other: 1.0 ms]
      [Choose CSet: 0.0 ms]
      [Ref Proc: 0.2 ms]
      [Ref Enq: 0.0 ms]
      [Redirty Cards: 0.3 ms]
      [Humongous Register: 0.1 ms]
      [Humongous Reclaim: 0.0 ms]
      [Free CSet: 0.1 ms]
   [Eden: 11.0M(152.0M)->0.0B(156.0M) Survivors: 21.0M->13.0M Heap: 993.2M(2048.0M)->996.7M(2048.0M)]
 [Times: user=0.50 sys=0.00, real=0.07 secs] 
2020-09-29T12:02:33.609+0200: 42.297: [GC concurrent-root-region-scan-start]
2020-09-29T12:02:33.615+0200: 42.303: [GC concurrent-root-region-scan-end, 0.0063149 secs]
2020-09-29T12:02:33.615+0200: 42.303: [GC concurrent-mark-start]
2020-09-29T12:02:33.620+0200: 42.308: [GC concurrent-mark-end, 0.0050048 secs]
2020-09-29T12:02:33.621+0200: 42.308: [GC remark 2020-09-29T12:02:33.621+0200: 42.308: [Finalize Marking, 0.0002136 secs] 2020-09-29T12:02:33.621+0200: 42.309: [GC ref-proc, 0.0005471 secs] 2020-09-29T12:02:33.622+0200: 42.309: [Unloading, 0.0007361 secs], 0.0019896 secs]
 [Times: user=0.00 sys=0.00, real=0.00 secs] 
2020-09-29T12:02:33.623+0200: 42.311: [GC cleanup 1014M->38M(2048M), 0.0023345 secs]
 [Times: user=0.00 sys=0.00, real=0.00 secs] 
2020-09-29T12:02:33.626+0200: 42.313: [GC concurrent-cleanup-start]
2020-09-29T12:02:33.628+0200: 42.315: [GC concurrent-cleanup-end, 0.0021537 secs]
2020-09-29T12:02:33.753+0200: 42.440: [GC pause (G1 Evacuation Pause) (young), 0.1753860 secs]
   [Parallel Time: 174.0 ms, GC Workers: 8]
      [GC Worker Start (ms): Min: 42440.5, Avg: 42440.6, Max: 42440.7, Diff: 0.2]
      [Ext Root Scanning (ms): Min: 0.0, Avg: 0.1, Max: 0.2, Diff: 0.2, Sum: 0.8]
      [Update RS (ms): Min: 14.1, Avg: 14.8, Max: 15.6, Diff: 1.5, Sum: 118.4]
         [Processed Buffers: Min: 8, Avg: 10.1, Max: 13, Diff: 5, Sum: 81]
      [Scan RS (ms): Min: 14.7, Avg: 15.7, Max: 16.4, Diff: 1.6, Sum: 125.3]
      [Code Root Scanning (ms): Min: 0.0, Avg: 0.0, Max: 0.0, Diff: 0.0, Sum: 0.0]
      [Object Copy (ms): Min: 142.4, Avg: 142.8, Max: 143.0, Diff: 0.6, Sum: 1142.5]
      [Termination (ms): Min: 0.0, Avg: 0.4, Max: 0.5, Diff: 0.5, Sum: 2.9]
         [Termination Attempts: Min: 1, Avg: 1473.5, Max: 2086, Diff: 2085, Sum: 11788]
      [GC Worker Other (ms): Min: 0.0, Avg: 0.0, Max: 0.1, Diff: 0.1, Sum: 0.4]
      [GC Worker Total (ms): Min: 173.7, Avg: 173.8, Max: 173.9, Diff: 0.2, Sum: 1390.3]
      [GC Worker End (ms): Min: 42614.4, Avg: 42614.4, Max: 42614.4, Diff: 0.0]
   [Code Root Fixup: 0.0 ms]
   [Code Root Purge: 0.0 ms]
   [Clear CT: 0.3 ms]
   [Other: 1.1 ms]
      [Choose CSet: 0.0 ms]
      [Ref Proc: 0.3 ms]
      [Ref Enq: 0.0 ms]
      [Redirty Cards: 0.3 ms]
      [Humongous Register: 0.0 ms]
      [Humongous Reclaim: 0.0 ms]
      [Free CSet: 0.2 ms]
   [Eden: 156.0M(156.0M)->0.0B(145.0M) Survivors: 13.0M->22.0M Heap: 203.2M(2048.0M)->192.7M(2048.0M)]
 [Times: user=1.33 sys=0.03, real=0.17 secs] 
2020-09-29T12:02:34.049+0200: 42.736: [GC pause (G1 Evacuation Pause) (young), 0.1669390 secs]
   [Parallel Time: 165.3 ms, GC Workers: 8]
      [GC Worker Start (ms): Min: 42736.6, Avg: 42736.7, Max: 42736.8, Diff: 0.2]
      [Ext Root Scanning (ms): Min: 0.0, Avg: 0.1, Max: 0.2, Diff: 0.2, Sum: 0.8]
      [Update RS (ms): Min: 19.5, Avg: 19.9, Max: 21.1, Diff: 1.6, Sum: 159.2]
         [Processed Buffers: Min: 13, Avg: 13.6, Max: 16, Diff: 3, Sum: 109]
      [Scan RS (ms): Min: 15.9, Avg: 17.2, Max: 17.9, Diff: 2.1, Sum: 137.3]
      [Code Root Scanning (ms): Min: 0.0, Avg: 0.0, Max: 0.0, Diff: 0.0, Sum: 0.0]
      [Object Copy (ms): Min: 127.2, Avg: 127.6, Max: 127.8, Diff: 0.6, Sum: 1021.1]
      [Termination (ms): Min: 0.0, Avg: 0.1, Max: 0.1, Diff: 0.1, Sum: 0.5]
         [Termination Attempts: Min: 1, Avg: 279.8, Max: 340, Diff: 339, Sum: 2238]
      [GC Worker Other (ms): Min: 0.0, Avg: 0.0, Max: 0.1, Diff: 0.1, Sum: 0.3]
      [GC Worker Total (ms): Min: 164.8, Avg: 164.9, Max: 165.0, Diff: 0.2, Sum: 1319.2]
      [GC Worker End (ms): Min: 42901.6, Avg: 42901.6, Max: 42901.6, Diff: 0.1]
   [Code Root Fixup: 0.0 ms]
   [Code Root Purge: 0.0 ms]
   [Clear CT: 0.4 ms]
   [Other: 1.3 ms]
      [Choose CSet: 0.0 ms]
      [Ref Proc: 0.3 ms]
      [Ref Enq: 0.0 ms]
      [Redirty Cards: 0.4 ms]
      [Humongous Register: 0.0 ms]
      [Humongous Reclaim: 0.0 ms]
      [Free CSet: 0.2 ms]
   [Eden: 145.0M(145.0M)->0.0B(148.0M) Survivors: 22.0M->21.0M Heap: 362.5M(2048.0M)->364.5M(2048.0M)]
 [Times: user=1.28 sys=0.02, real=0.17 secs] 
2020-09-29T12:02:34.319+0200: 43.006: [GC pause (G1 Evacuation Pause) (young), 0.0962506 secs]
   [Parallel Time: 95.3 ms, GC Workers: 8]
      [GC Worker Start (ms): Min: 43006.4, Avg: 43006.4, Max: 43006.5, Diff: 0.1]
      [Ext Root Scanning (ms): Min: 0.0, Avg: 0.1, Max: 0.1, Diff: 0.1, Sum: 0.6]
      [Update RS (ms): Min: 12.1, Avg: 12.3, Max: 12.9, Diff: 0.8, Sum: 98.6]
         [Processed Buffers: Min: 12, Avg: 14.0, Max: 16, Diff: 4, Sum: 112]
      [Scan RS (ms): Min: 6.7, Avg: 7.7, Max: 10.1, Diff: 3.4, Sum: 61.5]
      [Code Root Scanning (ms): Min: 0.0, Avg: 0.0, Max: 0.0, Diff: 0.0, Sum: 0.0]
      [Object Copy (ms): Min: 72.6, Avg: 74.9, Max: 75.3, Diff: 2.8, Sum: 599.4]
      [Termination (ms): Min: 0.0, Avg: 0.1, Max: 0.1, Diff: 0.1, Sum: 0.5]
         [Termination Attempts: Min: 1, Avg: 383.1, Max: 486, Diff: 485, Sum: 3065]
      [GC Worker Other (ms): Min: 0.0, Avg: 0.0, Max: 0.0, Diff: 0.0, Sum: 0.2]
      [GC Worker Total (ms): Min: 95.0, Avg: 95.1, Max: 95.2, Diff: 0.1, Sum: 760.7]
      [GC Worker End (ms): Min: 43101.5, Avg: 43101.5, Max: 43101.5, Diff: 0.0]
   [Code Root Fixup: 0.0 ms]
   [Code Root Purge: 0.0 ms]
   [Clear CT: 0.1 ms]
   [Other: 0.8 ms]
      [Choose CSet: 0.0 ms]
      [Ref Proc: 0.2 ms]
      [Ref Enq: 0.0 ms]
      [Redirty Cards: 0.2 ms]
      [Humongous Register: 0.0 ms]
      [Humongous Reclaim: 0.0 ms]
      [Free CSet: 0.2 ms]
   [Eden: 148.0M(148.0M)->0.0B(167.0M) Survivors: 21.0M->22.0M Heap: 537.3M(2048.0M)->538.8M(2048.0M)]
 [Times: user=0.73 sys=0.00, real=0.10 secs] 
2020-09-29T12:02:34.524+0200: 43.211: [GC pause (G1 Evacuation Pause) (young), 0.0994521 secs]
   [Parallel Time: 98.5 ms, GC Workers: 8]
      [GC Worker Start (ms): Min: 43211.5, Avg: 43211.5, Max: 43211.6, Diff: 0.1]
      [Ext Root Scanning (ms): Min: 0.0, Avg: 0.1, Max: 0.1, Diff: 0.1, Sum: 0.7]
      [Update RS (ms): Min: 12.6, Avg: 12.8, Max: 13.2, Diff: 0.6, Sum: 102.5]
         [Processed Buffers: Min: 13, Avg: 14.1, Max: 17, Diff: 4, Sum: 113]
      [Scan RS (ms): Min: 7.8, Avg: 8.1, Max: 8.3, Diff: 0.6, Sum: 65.2]
      [Code Root Scanning (ms): Min: 0.0, Avg: 0.0, Max: 0.0, Diff: 0.0, Sum: 0.0]
      [Object Copy (ms): Min: 77.2, Avg: 77.3, Max: 77.3, Diff: 0.1, Sum: 618.0]
      [Termination (ms): Min: 0.0, Avg: 0.0, Max: 0.0, Diff: 0.0, Sum: 0.2]
         [Termination Attempts: Min: 1, Avg: 212.6, Max: 274, Diff: 273, Sum: 1701]
      [GC Worker Other (ms): Min: 0.0, Avg: 0.0, Max: 0.1, Diff: 0.0, Sum: 0.3]
      [GC Worker Total (ms): Min: 98.3, Avg: 98.4, Max: 98.4, Diff: 0.1, Sum: 786.9]
      [GC Worker End (ms): Min: 43309.9, Avg: 43309.9, Max: 43309.9, Diff: 0.0]
   [Code Root Fixup: 0.0 ms]
   [Code Root Purge: 0.0 ms]
   [Clear CT: 0.2 ms]
   [Other: 0.8 ms]
      [Choose CSet: 0.0 ms]
      [Ref Proc: 0.2 ms]
      [Ref Enq: 0.0 ms]
      [Redirty Cards: 0.2 ms]
      [Humongous Register: 0.0 ms]
      [Humongous Reclaim: 0.0 ms]
      [Free CSet: 0.2 ms]
   [Eden: 167.0M(167.0M)->0.0B(190.0M) Survivors: 22.0M->24.0M Heap: 732.5M(2048.0M)->734.0M(2048.0M)]
 [Times: user=0.75 sys=0.00, real=0.10 secs] 
2020-09-29T12:02:34.742+0200: 43.430: [GC pause (G1 Evacuation Pause) (young), 0.1260721 secs]
   [Parallel Time: 125.1 ms, GC Workers: 8]
      [GC Worker Start (ms): Min: 43429.8, Avg: 43429.9, Max: 43429.9, Diff: 0.1]
      [Ext Root Scanning (ms): Min: 0.0, Avg: 0.1, Max: 0.1, Diff: 0.1, Sum: 0.6]
      [Update RS (ms): Min: 17.9, Avg: 18.0, Max: 18.2, Diff: 0.3, Sum: 143.8]
         [Processed Buffers: Min: 14, Avg: 17.0, Max: 19, Diff: 5, Sum: 136]
      [Scan RS (ms): Min: 11.0, Avg: 11.3, Max: 11.4, Diff: 0.4, Sum: 90.1]
      [Code Root Scanning (ms): Min: 0.0, Avg: 0.0, Max: 0.0, Diff: 0.0, Sum: 0.0]
      [Object Copy (ms): Min: 95.3, Avg: 95.4, Max: 95.5, Diff: 0.3, Sum: 763.2]
      [Termination (ms): Min: 0.0, Avg: 0.1, Max: 0.2, Diff: 0.2, Sum: 1.2]
         [Termination Attempts: Min: 1, Avg: 1022.4, Max: 1321, Diff: 1320, Sum: 8179]
      [GC Worker Other (ms): Min: 0.0, Avg: 0.1, Max: 0.1, Diff: 0.1, Sum: 0.5]
      [GC Worker Total (ms): Min: 124.8, Avg: 124.9, Max: 125.0, Diff: 0.2, Sum: 999.4]
      [GC Worker End (ms): Min: 43554.7, Avg: 43554.8, Max: 43554.8, Diff: 0.1]
   [Code Root Fixup: 0.0 ms]
   [Code Root Purge: 0.0 ms]
   [Clear CT: 0.1 ms]
   [Other: 0.8 ms]
      [Choose CSet: 0.0 ms]
      [Ref Proc: 0.2 ms]
      [Ref Enq: 0.0 ms]
      [Redirty Cards: 0.2 ms]
      [Humongous Register: 0.1 ms]
      [Humongous Reclaim: 0.0 ms]
      [Free CSet: 0.2 ms]
   [Eden: 190.0M(190.0M)->0.0B(206.0M) Survivors: 24.0M->27.0M Heap: 956.4M(2048.0M)->958.9M(2048.0M)]
 [Times: user=0.92 sys=0.03, real=0.13 secs] 
2020-09-29T12:02:34.872+0200: 43.559: [GC pause (G1 Humongous Allocation) (young) (initial-mark), 0.0505125 secs]
   [Parallel Time: 49.5 ms, GC Workers: 8]
      [GC Worker Start (ms): Min: 43559.7, Avg: 43559.7, Max: 43559.8, Diff: 0.1]
      [Ext Root Scanning (ms): Min: 0.1, Avg: 0.1, Max: 0.1, Diff: 0.1, Sum: 0.7]
      [Update RS (ms): Min: 26.8, Avg: 27.1, Max: 27.5, Diff: 0.7, Sum: 216.7]
         [Processed Buffers: Min: 30, Avg: 33.0, Max: 35, Diff: 5, Sum: 264]
      [Scan RS (ms): Min: 0.4, Avg: 0.8, Max: 1.1, Diff: 0.7, Sum: 6.4]
      [Code Root Scanning (ms): Min: 0.0, Avg: 0.0, Max: 0.0, Diff: 0.0, Sum: 0.0]
      [Object Copy (ms): Min: 21.3, Avg: 21.4, Max: 21.4, Diff: 0.1, Sum: 170.8]
      [Termination (ms): Min: 0.0, Avg: 0.0, Max: 0.0, Diff: 0.0, Sum: 0.0]
         [Termination Attempts: Min: 1, Avg: 20.5, Max: 30, Diff: 29, Sum: 164]
      [GC Worker Other (ms): Min: 0.0, Avg: 0.0, Max: 0.0, Diff: 0.0, Sum: 0.2]
      [GC Worker Total (ms): Min: 49.3, Avg: 49.4, Max: 49.4, Diff: 0.1, Sum: 394.9]
      [GC Worker End (ms): Min: 43609.1, Avg: 43609.1, Max: 43609.1, Diff: 0.0]
   [Code Root Fixup: 0.0 ms]
   [Code Root Purge: 0.0 ms]
   [Clear CT: 0.2 ms]
   [Other: 0.8 ms]
      [Choose CSet: 0.0 ms]
      [Ref Proc: 0.1 ms]
      [Ref Enq: 0.0 ms]
      [Redirty Cards: 0.1 ms]
      [Humongous Register: 0.1 ms]
      [Humongous Reclaim: 0.0 ms]
      [Free CSet: 0.1 ms]
   [Eden: 7168.0K(206.0M)->0.0B(228.0M) Survivors: 27.0M->9216.0K Heap: 965.9M(2048.0M)->969.9M(2048.0M)]
 [Times: user=0.34 sys=0.01, real=0.05 secs] 
2020-09-29T12:02:34.923+0200: 43.610: [GC concurrent-root-region-scan-start]
2020-09-29T12:02:34.925+0200: 43.613: [GC concurrent-root-region-scan-end, 0.0024132 secs]
2020-09-29T12:02:34.925+0200: 43.613: [GC concurrent-mark-start]
2020-09-29T12:02:34.929+0200: 43.616: [GC concurrent-mark-end, 0.0037902 secs]
2020-09-29T12:02:34.930+0200: 43.617: [GC remark 2020-09-29T12:02:34.930+0200: 43.617: [Finalize Marking, 0.0002418 secs] 2020-09-29T12:02:34.930+0200: 43.617: [GC ref-proc, 0.0004381 secs] 2020-09-29T12:02:34.930+0200: 43.618: [Unloading, 0.0005987 secs], 0.0018299 secs]
 [Times: user=0.00 sys=0.00, real=0.00 secs] 
2020-09-29T12:02:34.932+0200: 43.619: [GC cleanup 983M->29M(2048M), 0.0014312 secs]
 [Times: user=0.00 sys=0.00, real=0.00 secs] 
2020-09-29T12:02:34.933+0200: 43.621: [GC concurrent-cleanup-start]
2020-09-29T12:02:34.936+0200: 43.623: [GC concurrent-cleanup-end, 0.0023826 secs]
2020-09-29T12:02:35.068+0200: 43.756: [GC pause (G1 Evacuation Pause) (young), 0.1260555 secs]
   [Parallel Time: 125.1 ms, GC Workers: 8]
      [GC Worker Start (ms): Min: 43756.0, Avg: 43756.1, Max: 43756.2, Diff: 0.2]
      [Ext Root Scanning (ms): Min: 0.0, Avg: 0.1, Max: 0.2, Diff: 0.2, Sum: 0.6]
      [Update RS (ms): Min: 19.4, Avg: 19.9, Max: 20.6, Diff: 1.1, Sum: 158.8]
         [Processed Buffers: Min: 16, Avg: 16.8, Max: 18, Diff: 2, Sum: 134]
      [Scan RS (ms): Min: 13.9, Avg: 14.5, Max: 15.0, Diff: 1.1, Sum: 116.1]
      [Code Root Scanning (ms): Min: 0.0, Avg: 0.0, Max: 0.0, Diff: 0.0, Sum: 0.0]
      [Object Copy (ms): Min: 90.2, Avg: 90.4, Max: 90.5, Diff: 0.2, Sum: 723.1]
      [Termination (ms): Min: 0.0, Avg: 0.0, Max: 0.0, Diff: 0.0, Sum: 0.1]
         [Termination Attempts: Min: 1, Avg: 35.4, Max: 47, Diff: 46, Sum: 283]
      [GC Worker Other (ms): Min: 0.0, Avg: 0.0, Max: 0.1, Diff: 0.0, Sum: 0.2]
      [GC Worker Total (ms): Min: 124.8, Avg: 124.9, Max: 125.0, Diff: 0.2, Sum: 998.9]
      [GC Worker End (ms): Min: 43880.9, Avg: 43880.9, Max: 43881.0, Diff: 0.0]
   [Code Root Fixup: 0.0 ms]
   [Code Root Purge: 0.0 ms]
   [Clear CT: 0.2 ms]
   [Other: 0.8 ms]
      [Choose CSet: 0.0 ms]
      [Ref Proc: 0.1 ms]
      [Ref Enq: 0.0 ms]
      [Redirty Cards: 0.2 ms]
      [Humongous Register: 0.0 ms]
      [Humongous Reclaim: 0.0 ms]
      [Free CSet: 0.2 ms]
   [Eden: 228.0M(228.0M)->0.0B(228.0M) Survivors: 9216.0K->30.0M Heap: 282.6M(2048.0M)->276.6M(2048.0M)]
 [Times: user=0.95 sys=0.05, real=0.13 secs] 
2020-09-29T12:02:35.330+0200: 44.018: [GC pause (G1 Evacuation Pause) (young), 0.1407570 secs]
   [Parallel Time: 139.7 ms, GC Workers: 8]
      [GC Worker Start (ms): Min: 44018.0, Avg: 44018.1, Max: 44018.2, Diff: 0.2]
      [Ext Root Scanning (ms): Min: 0.0, Avg: 0.1, Max: 0.2, Diff: 0.2, Sum: 0.5]
      [Update RS (ms): Min: 18.0, Avg: 18.3, Max: 18.9, Diff: 0.9, Sum: 146.6]
         [Processed Buffers: Min: 15, Avg: 18.0, Max: 20, Diff: 5, Sum: 144]
      [Scan RS (ms): Min: 12.5, Avg: 13.0, Max: 13.4, Diff: 0.9, Sum: 104.0]
      [Code Root Scanning (ms): Min: 0.0, Avg: 0.0, Max: 0.0, Diff: 0.0, Sum: 0.0]
      [Object Copy (ms): Min: 108.0, Avg: 108.0, Max: 108.1, Diff: 0.1, Sum: 864.3]
      [Termination (ms): Min: 0.0, Avg: 0.0, Max: 0.0, Diff: 0.0, Sum: 0.3]
         [Termination Attempts: Min: 1, Avg: 259.3, Max: 342, Diff: 341, Sum: 2074]
      [GC Worker Other (ms): Min: 0.0, Avg: 0.0, Max: 0.0, Diff: 0.0, Sum: 0.2]
      [GC Worker Total (ms): Min: 139.4, Avg: 139.5, Max: 139.6, Diff: 0.1, Sum: 1116.0]
      [GC Worker End (ms): Min: 44157.6, Avg: 44157.6, Max: 44157.6, Diff: 0.0]
   [Code Root Fixup: 0.0 ms]
   [Code Root Purge: 0.0 ms]
   [Clear CT: 0.2 ms]
   [Other: 0.9 ms]
      [Choose CSet: 0.0 ms]
      [Ref Proc: 0.1 ms]
      [Ref Enq: 0.0 ms]
      [Redirty Cards: 0.2 ms]
      [Humongous Register: 0.0 ms]
      [Humongous Reclaim: 0.0 ms]
      [Free CSet: 0.2 ms]
   [Eden: 228.0M(228.0M)->0.0B(240.0M) Survivors: 30.0M->33.0M Heap: 542.8M(2048.0M)->544.8M(2048.0M)]
 [Times: user=1.13 sys=0.00, real=0.14 secs] 
2020-09-29T12:02:35.622+0200: 44.309: [GC pause (G1 Evacuation Pause) (young), 0.1709140 secs]
   [Parallel Time: 169.9 ms, GC Workers: 8]
      [GC Worker Start (ms): Min: 44309.4, Avg: 44309.5, Max: 44309.6, Diff: 0.2]
      [Ext Root Scanning (ms): Min: 0.0, Avg: 0.1, Max: 0.2, Diff: 0.2, Sum: 0.5]
      [Update RS (ms): Min: 17.5, Avg: 17.7, Max: 18.2, Diff: 0.7, Sum: 141.9]
         [Processed Buffers: Min: 16, Avg: 18.0, Max: 20, Diff: 4, Sum: 144]
      [Scan RS (ms): Min: 12.4, Avg: 12.8, Max: 13.1, Diff: 0.7, Sum: 102.7]
      [Code Root Scanning (ms): Min: 0.0, Avg: 0.0, Max: 0.0, Diff: 0.0, Sum: 0.0]
      [Object Copy (ms): Min: 138.8, Avg: 138.9, Max: 139.0, Diff: 0.1, Sum: 1111.2]
      [Termination (ms): Min: 0.0, Avg: 0.1, Max: 0.1, Diff: 0.1, Sum: 0.7]
         [Termination Attempts: Min: 1, Avg: 633.8, Max: 814, Diff: 813, Sum: 5070]
      [GC Worker Other (ms): Min: 0.0, Avg: 0.0, Max: 0.1, Diff: 0.0, Sum: 0.3]
      [GC Worker Total (ms): Min: 169.6, Avg: 169.7, Max: 169.8, Diff: 0.2, Sum: 1357.5]
      [GC Worker End (ms): Min: 44479.1, Avg: 44479.2, Max: 44479.2, Diff: 0.0]
   [Code Root Fixup: 0.0 ms]
   [Code Root Purge: 0.0 ms]
   [Clear CT: 0.2 ms]
   [Other: 0.9 ms]
      [Choose CSet: 0.0 ms]
      [Ref Proc: 0.2 ms]
      [Ref Enq: 0.0 ms]
      [Redirty Cards: 0.2 ms]
      [Humongous Register: 0.0 ms]
      [Humongous Reclaim: 0.0 ms]
      [Free CSet: 0.2 ms]
   [Eden: 240.0M(240.0M)->0.0B(241.0M) Survivors: 33.0M->35.0M Heap: 824.8M(2048.0M)->827.3M(2048.0M)]
 [Times: user=1.31 sys=0.02, real=0.17 secs] 
2020-09-29T12:02:35.943+0200: 44.631: [GC pause (G1 Evacuation Pause) (young), 0.1517971 secs]
   [Parallel Time: 150.4 ms, GC Workers: 8]
      [GC Worker Start (ms): Min: 44630.8, Avg: 44630.9, Max: 44630.9, Diff: 0.2]
      [Ext Root Scanning (ms): Min: 0.0, Avg: 0.1, Max: 0.2, Diff: 0.2, Sum: 0.5]
      [Update RS (ms): Min: 20.8, Avg: 21.2, Max: 21.5, Diff: 0.7, Sum: 169.7]
         [Processed Buffers: Min: 19, Avg: 20.5, Max: 22, Diff: 3, Sum: 164]
      [Scan RS (ms): Min: 14.6, Avg: 14.9, Max: 15.5, Diff: 0.8, Sum: 119.1]
      [Code Root Scanning (ms): Min: 0.0, Avg: 0.0, Max: 0.0, Diff: 0.0, Sum: 0.0]
      [Object Copy (ms): Min: 113.8, Avg: 113.9, Max: 114.0, Diff: 0.1, Sum: 911.4]
      [Termination (ms): Min: 0.0, Avg: 0.0, Max: 0.0, Diff: 0.0, Sum: 0.3]
         [Termination Attempts: Min: 1, Avg: 243.8, Max: 323, Diff: 322, Sum: 1950]
      [GC Worker Other (ms): Min: 0.0, Avg: 0.0, Max: 0.1, Diff: 0.1, Sum: 0.3]
      [GC Worker Total (ms): Min: 150.1, Avg: 150.2, Max: 150.3, Diff: 0.2, Sum: 1201.4]
      [GC Worker End (ms): Min: 44781.0, Avg: 44781.0, Max: 44781.1, Diff: 0.1]
   [Code Root Fixup: 0.0 ms]
   [Code Root Purge: 0.0 ms]
   [Clear CT: 0.2 ms]
   [Other: 1.2 ms]
      [Choose CSet: 0.0 ms]
      [Ref Proc: 0.1 ms]
      [Ref Enq: 0.0 ms]
      [Redirty Cards: 0.6 ms]
      [Humongous Register: 0.0 ms]
      [Humongous Reclaim: 0.0 ms]
      [Free CSet: 0.3 ms]
   [Eden: 241.0M(241.0M)->0.0B(254.0M) Survivors: 35.0M->35.0M Heap: 1108.4M(2048.0M)->1110.4M(2048.0M)]
 [Times: user=1.06 sys=0.06, real=0.15 secs] 
2020-09-29T12:02:36.101+0200: 44.789: [GC pause (G1 Humongous Allocation) (young) (initial-mark), 0.0599789 secs]
   [Parallel Time: 58.8 ms, GC Workers: 8]
      [GC Worker Start (ms): Min: 44788.8, Avg: 44788.9, Max: 44789.0, Diff: 0.2]
      [Ext Root Scanning (ms): Min: 0.0, Avg: 0.2, Max: 0.3, Diff: 0.3, Sum: 1.3]
      [Update RS (ms): Min: 31.4, Avg: 31.6, Max: 32.1, Diff: 0.7, Sum: 252.9]
         [Processed Buffers: Min: 35, Avg: 37.8, Max: 40, Diff: 5, Sum: 302]
      [Scan RS (ms): Min: 1.6, Avg: 2.2, Max: 2.5, Diff: 0.8, Sum: 17.7]
      [Code Root Scanning (ms): Min: 0.0, Avg: 0.0, Max: 0.0, Diff: 0.0, Sum: 0.0]
      [Object Copy (ms): Min: 24.3, Avg: 24.4, Max: 24.6, Diff: 0.4, Sum: 195.3]
      [Termination (ms): Min: 0.0, Avg: 0.2, Max: 0.3, Diff: 0.3, Sum: 1.7]
         [Termination Attempts: Min: 1, Avg: 1348.1, Max: 1734, Diff: 1733, Sum: 10785]
      [GC Worker Other (ms): Min: 0.0, Avg: 0.0, Max: 0.0, Diff: 0.0, Sum: 0.2]
      [GC Worker Total (ms): Min: 58.5, Avg: 58.6, Max: 58.7, Diff: 0.2, Sum: 469.0]
      [GC Worker End (ms): Min: 44847.5, Avg: 44847.5, Max: 44847.5, Diff: 0.0]
   [Code Root Fixup: 0.0 ms]
   [Code Root Purge: 0.0 ms]
   [Clear CT: 0.2 ms]
   [Other: 1.0 ms]
      [Choose CSet: 0.0 ms]
      [Ref Proc: 0.4 ms]
      [Ref Enq: 0.0 ms]
      [Redirty Cards: 0.2 ms]
      [Humongous Register: 0.1 ms]
      [Humongous Reclaim: 0.0 ms]
      [Free CSet: 0.1 ms]
   [Eden: 2048.0K(254.0M)->0.0B(263.0M) Survivors: 35.0M->4096.0K Heap: 1111.9M(2048.0M)->1116.4M(2048.0M)]
 [Times: user=0.36 sys=0.03, real=0.06 secs] 
2020-09-29T12:02:36.161+0200: 44.849: [GC concurrent-root-region-scan-start]
2020-09-29T12:02:36.162+0200: 44.849: [GC concurrent-root-region-scan-end, 0.0005856 secs]
2020-09-29T12:02:36.162+0200: 44.849: [GC concurrent-mark-start]
2020-09-29T12:02:36.165+0200: 44.852: [GC concurrent-mark-end, 0.0030368 secs]
2020-09-29T12:02:36.165+0200: 44.853: [GC remark 2020-09-29T12:02:36.165+0200: 44.853: [Finalize Marking, 0.0002493 secs] 2020-09-29T12:02:36.165+0200: 44.853: [GC ref-proc, 0.0003865 secs] 2020-09-29T12:02:36.166+0200: 44.853: [Unloading, 0.0004748 secs], 0.0015158 secs]
 [Times: user=0.00 sys=0.00, real=0.00 secs] 
2020-09-29T12:02:36.167+0200: 44.855: [GC cleanup 1126M->21M(2048M), 0.0013471 secs]
 [Times: user=0.00 sys=0.00, real=0.00 secs] 
2020-09-29T12:02:36.168+0200: 44.856: [GC concurrent-cleanup-start]
2020-09-29T12:02:36.170+0200: 44.857: [GC concurrent-cleanup-end, 0.0014944 secs]
2020-09-29T12:02:36.307+0200: 44.995: [GC pause (G1 Evacuation Pause) (young), 0.1811187 secs]
   [Parallel Time: 180.1 ms, GC Workers: 8]
      [GC Worker Start (ms): Min: 44994.8, Avg: 44995.1, Max: 44996.2, Diff: 1.4]
      [Ext Root Scanning (ms): Min: 0.0, Avg: 0.1, Max: 0.1, Diff: 0.1, Sum: 0.6]
      [Update RS (ms): Min: 16.3, Avg: 16.9, Max: 17.8, Diff: 1.5, Sum: 135.4]
         [Processed Buffers: Min: 14, Avg: 15.3, Max: 16, Diff: 2, Sum: 122]
      [Scan RS (ms): Min: 19.0, Avg: 19.6, Max: 20.1, Diff: 1.1, Sum: 157.2]
      [Code Root Scanning (ms): Min: 0.0, Avg: 0.0, Max: 0.0, Diff: 0.0, Sum: 0.0]
      [Object Copy (ms): Min: 142.4, Avg: 142.6, Max: 143.0, Diff: 0.6, Sum: 1140.4]
      [Termination (ms): Min: 0.1, Avg: 0.5, Max: 0.6, Diff: 0.5, Sum: 3.7]
         [Termination Attempts: Min: 1, Avg: 3197.9, Max: 4114, Diff: 4113, Sum: 25583]
      [GC Worker Other (ms): Min: 0.0, Avg: 0.0, Max: 0.1, Diff: 0.1, Sum: 0.3]
      [GC Worker Total (ms): Min: 178.6, Avg: 179.7, Max: 180.0, Diff: 1.4, Sum: 1437.6]
      [GC Worker End (ms): Min: 45174.7, Avg: 45174.8, Max: 45174.8, Diff: 0.1]
   [Code Root Fixup: 0.0 ms]
   [Code Root Purge: 0.0 ms]
   [Clear CT: 0.1 ms]
   [Other: 0.9 ms]
      [Choose CSet: 0.0 ms]
      [Ref Proc: 0.2 ms]
      [Ref Enq: 0.0 ms]
      [Redirty Cards: 0.2 ms]
      [Humongous Register: 0.0 ms]
      [Humongous Reclaim: 0.0 ms]
      [Free CSet: 0.2 ms]
   [Eden: 263.0M(263.0M)->0.0B(227.0M) Survivors: 4096.0K->34.0M Heap: 318.9M(2048.0M)->316.9M(2048.0M)]
 [Times: user=1.25 sys=0.05, real=0.18 secs] 
2020-09-29T12:02:36.640+0200: 45.328: [GC pause (G1 Evacuation Pause) (young), 0.1406547 secs]
   [Parallel Time: 139.5 ms, GC Workers: 8]
      [GC Worker Start (ms): Min: 45327.8, Avg: 45327.9, Max: 45328.0, Diff: 0.2]
      [Ext Root Scanning (ms): Min: 0.0, Avg: 0.1, Max: 0.2, Diff: 0.2, Sum: 0.6]
      [Update RS (ms): Min: 16.8, Avg: 17.0, Max: 17.4, Diff: 0.7, Sum: 136.2]
         [Processed Buffers: Min: 15, Avg: 16.9, Max: 19, Diff: 4, Sum: 135]
      [Scan RS (ms): Min: 11.5, Avg: 11.9, Max: 12.2, Diff: 0.6, Sum: 95.4]
      [Code Root Scanning (ms): Min: 0.0, Avg: 0.0, Max: 0.0, Diff: 0.0, Sum: 0.0]
      [Object Copy (ms): Min: 110.1, Avg: 110.2, Max: 110.2, Diff: 0.1, Sum: 881.4]
      [Termination (ms): Min: 0.0, Avg: 0.0, Max: 0.1, Diff: 0.1, Sum: 0.3]
         [Termination Attempts: Min: 1, Avg: 62.4, Max: 93, Diff: 92, Sum: 499]
      [GC Worker Other (ms): Min: 0.0, Avg: 0.0, Max: 0.0, Diff: 0.0, Sum: 0.1]
      [GC Worker Total (ms): Min: 139.2, Avg: 139.3, Max: 139.3, Diff: 0.2, Sum: 1114.1]
      [GC Worker End (ms): Min: 45467.2, Avg: 45467.2, Max: 45467.2, Diff: 0.0]
   [Code Root Fixup: 0.0 ms]
   [Code Root Purge: 0.0 ms]
   [Clear CT: 0.2 ms]
   [Other: 1.0 ms]
      [Choose CSet: 0.0 ms]
      [Ref Proc: 0.2 ms]
      [Ref Enq: 0.0 ms]
      [Redirty Cards: 0.2 ms]
      [Humongous Register: 0.0 ms]
      [Humongous Reclaim: 0.0 ms]
      [Free CSet: 0.2 ms]
   [Eden: 227.0M(227.0M)->0.0B(244.0M) Survivors: 34.0M->33.0M Heap: 582.0M(2048.0M)->584.0M(2048.0M)]
 [Times: user=1.09 sys=0.00, real=0.14 secs] 
2020-09-29T12:02:36.926+0200: 45.614: [GC pause (G1 Evacuation Pause) (young), 0.1538940 secs]
   [Parallel Time: 152.7 ms, GC Workers: 8]
      [GC Worker Start (ms): Min: 45613.8, Avg: 45614.1, Max: 45614.8, Diff: 0.9]
      [Ext Root Scanning (ms): Min: 0.0, Avg: 0.1, Max: 0.2, Diff: 0.1, Sum: 0.6]
      [Update RS (ms): Min: 16.7, Avg: 17.0, Max: 17.3, Diff: 0.6, Sum: 136.4]
         [Processed Buffers: Min: 17, Avg: 18.9, Max: 21, Diff: 4, Sum: 151]
      [Scan RS (ms): Min: 13.7, Avg: 13.9, Max: 14.1, Diff: 0.4, Sum: 111.0]
      [Code Root Scanning (ms): Min: 0.0, Avg: 0.0, Max: 0.0, Diff: 0.0, Sum: 0.0]
      [Object Copy (ms): Min: 121.1, Avg: 121.2, Max: 121.4, Diff: 0.3, Sum: 970.0]
      [Termination (ms): Min: 0.0, Avg: 0.1, Max: 0.1, Diff: 0.1, Sum: 0.8]
         [Termination Attempts: Min: 1, Avg: 810.9, Max: 1054, Diff: 1053, Sum: 6487]
      [GC Worker Other (ms): Min: 0.0, Avg: 0.0, Max: 0.1, Diff: 0.0, Sum: 0.3]
      [GC Worker Total (ms): Min: 151.7, Avg: 152.4, Max: 152.6, Diff: 0.9, Sum: 1219.1]
      [GC Worker End (ms): Min: 45766.5, Avg: 45766.5, Max: 45766.5, Diff: 0.0]
   [Code Root Fixup: 0.0 ms]
   [Code Root Purge: 0.0 ms]
   [Clear CT: 0.1 ms]
   [Other: 1.0 ms]
      [Choose CSet: 0.0 ms]
      [Ref Proc: 0.2 ms]
      [Ref Enq: 0.0 ms]
      [Redirty Cards: 0.2 ms]
      [Humongous Register: 0.1 ms]
      [Humongous Reclaim: 0.0 ms]
      [Free CSet: 0.3 ms]
   [Eden: 244.0M(244.0M)->0.0B(255.0M) Survivors: 33.0M->35.0M Heap: 870.0M(2048.0M)->871.5M(2048.0M)]
 [Times: user=1.13 sys=0.02, real=0.15 secs] 
2020-09-29T12:02:37.230+0200: 45.919: [GC pause (G1 Evacuation Pause) (young), 0.1708689 secs]
   [Parallel Time: 169.7 ms, GC Workers: 8]
      [GC Worker Start (ms): Min: 45918.6, Avg: 45918.7, Max: 45918.8, Diff: 0.2]
      [Ext Root Scanning (ms): Min: 0.0, Avg: 0.1, Max: 0.2, Diff: 0.2, Sum: 0.7]
      [Update RS (ms): Min: 19.5, Avg: 19.7, Max: 20.1, Diff: 0.6, Sum: 157.4]
         [Processed Buffers: Min: 20, Avg: 21.6, Max: 25, Diff: 5, Sum: 173]
      [Scan RS (ms): Min: 13.5, Avg: 14.0, Max: 15.1, Diff: 1.6, Sum: 111.7]
      [Code Root Scanning (ms): Min: 0.0, Avg: 0.0, Max: 0.0, Diff: 0.0, Sum: 0.0]
      [Object Copy (ms): Min: 134.7, Avg: 135.6, Max: 135.8, Diff: 1.1, Sum: 1084.7]
      [Termination (ms): Min: 0.0, Avg: 0.1, Max: 0.2, Diff: 0.1, Sum: 0.9]
         [Termination Attempts: Min: 1, Avg: 384.1, Max: 567, Diff: 566, Sum: 3073]
      [GC Worker Other (ms): Min: 0.0, Avg: 0.0, Max: 0.1, Diff: 0.1, Sum: 0.3]
      [GC Worker Total (ms): Min: 169.4, Avg: 169.5, Max: 169.5, Diff: 0.1, Sum: 1355.8]
      [GC Worker End (ms): Min: 46088.2, Avg: 46088.2, Max: 46088.2, Diff: 0.1]
   [Code Root Fixup: 0.0 ms]
   [Code Root Purge: 0.0 ms]
   [Clear CT: 0.2 ms]
   [Other: 0.9 ms]
      [Choose CSet: 0.0 ms]
      [Ref Proc: 0.2 ms]
      [Ref Enq: 0.0 ms]
      [Redirty Cards: 0.3 ms]
      [Humongous Register: 0.0 ms]
      [Humongous Reclaim: 0.0 ms]
      [Free CSet: 0.2 ms]
   [Eden: 255.0M(255.0M)->0.0B(259.0M) Survivors: 35.0M->37.0M Heap: 1168.4M(2048.0M)->1170.4M(2048.0M)]
 [Times: user=1.34 sys=0.00, real=0.17 secs] 
2020-09-29T12:02:37.405+0200: 46.093: [GC pause (G1 Humongous Allocation) (young) (initial-mark), 0.0637177 secs]
   [Parallel Time: 62.8 ms, GC Workers: 8]
      [GC Worker Start (ms): Min: 46093.6, Avg: 46093.6, Max: 46093.8, Diff: 0.2]
      [Ext Root Scanning (ms): Min: 0.0, Avg: 0.1, Max: 0.2, Diff: 0.2, Sum: 1.2]
      [Update RS (ms): Min: 40.5, Avg: 40.9, Max: 41.5, Diff: 1.0, Sum: 327.3]
         [Processed Buffers: Min: 44, Avg: 45.6, Max: 48, Diff: 4, Sum: 365]
      [Scan RS (ms): Min: 0.5, Avg: 1.1, Max: 1.6, Diff: 1.0, Sum: 9.0]
      [Code Root Scanning (ms): Min: 0.0, Avg: 0.0, Max: 0.0, Diff: 0.0, Sum: 0.0]
      [Object Copy (ms): Min: 20.5, Avg: 20.5, Max: 20.5, Diff: 0.1, Sum: 164.1]
      [Termination (ms): Min: 0.0, Avg: 0.0, Max: 0.0, Diff: 0.0, Sum: 0.1]
         [Termination Attempts: Min: 1, Avg: 41.1, Max: 57, Diff: 56, Sum: 329]
      [GC Worker Other (ms): Min: 0.0, Avg: 0.0, Max: 0.0, Diff: 0.0, Sum: 0.2]
      [GC Worker Total (ms): Min: 62.6, Avg: 62.7, Max: 62.8, Diff: 0.2, Sum: 501.9]
      [GC Worker End (ms): Min: 46156.4, Avg: 46156.4, Max: 46156.4, Diff: 0.0]
   [Code Root Fixup: 0.0 ms]
   [Code Root Purge: 0.0 ms]
   [Clear CT: 0.2 ms]
   [Other: 0.7 ms]
      [Choose CSet: 0.0 ms]
      [Ref Proc: 0.2 ms]
      [Ref Enq: 0.0 ms]
      [Redirty Cards: 0.2 ms]
      [Humongous Register: 0.1 ms]
      [Humongous Reclaim: 0.0 ms]
      [Free CSet: 0.0 ms]
   [Eden: 7168.0K(259.0M)->0.0B(282.0M) Survivors: 37.0M->9216.0K Heap: 1177.4M(2048.0M)->1180.9M(2048.0M)]
 [Times: user=0.50 sys=0.00, real=0.06 secs] 
2020-09-29T12:02:37.469+0200: 46.157: [GC concurrent-root-region-scan-start]
2020-09-29T12:02:37.470+0200: 46.159: [GC concurrent-root-region-scan-end, 0.0013852 secs]
2020-09-29T12:02:37.470+0200: 46.159: [GC concurrent-mark-start]
2020-09-29T12:02:37.473+0200: 46.161: [GC concurrent-mark-end, 0.0024580 secs]
2020-09-29T12:02:37.473+0200: 46.161: [GC remark 2020-09-29T12:02:37.473+0200: 46.161: [Finalize Marking, 0.0001879 secs] 2020-09-29T12:02:37.473+0200: 46.162: [GC ref-proc, 0.0002648 secs] 2020-09-29T12:02:37.474+0200: 46.162: [Unloading, 0.0005294 secs], 0.0013901 secs]
 [Times: user=0.00 sys=0.00, real=0.00 secs] 
2020-09-29T12:02:37.475+0200: 46.163: [GC cleanup 1191M->27M(2048M), 0.0016689 secs]
 [Times: user=0.00 sys=0.00, real=0.00 secs] 
2020-09-29T12:02:37.477+0200: 46.165: [GC concurrent-cleanup-start]
2020-09-29T12:02:37.478+0200: 46.167: [GC concurrent-cleanup-end, 0.0017892 secs]
2020-09-29T12:02:37.644+0200: 46.332: [GC pause (G1 Evacuation Pause) (young), 0.1734170 secs]
   [Parallel Time: 172.2 ms, GC Workers: 8]
      [GC Worker Start (ms): Min: 46332.3, Avg: 46332.4, Max: 46332.5, Diff: 0.2]
      [Ext Root Scanning (ms): Min: 0.0, Avg: 0.1, Max: 0.2, Diff: 0.2, Sum: 0.5]
      [Update RS (ms): Min: 27.6, Avg: 27.9, Max: 28.7, Diff: 1.1, Sum: 223.1]
         [Processed Buffers: Min: 20, Avg: 22.3, Max: 25, Diff: 5, Sum: 178]
      [Scan RS (ms): Min: 17.6, Avg: 18.3, Max: 18.8, Diff: 1.2, Sum: 146.7]
      [Code Root Scanning (ms): Min: 0.0, Avg: 0.0, Max: 0.0, Diff: 0.0, Sum: 0.0]
      [Object Copy (ms): Min: 125.3, Avg: 125.6, Max: 125.7, Diff: 0.4, Sum: 1004.9]
      [Termination (ms): Min: 0.0, Avg: 0.0, Max: 0.0, Diff: 0.0, Sum: 0.2]
         [Termination Attempts: Min: 1, Avg: 140.3, Max: 181, Diff: 180, Sum: 1122]
      [GC Worker Other (ms): Min: 0.0, Avg: 0.0, Max: 0.1, Diff: 0.1, Sum: 0.3]
      [GC Worker Total (ms): Min: 171.9, Avg: 172.0, Max: 172.1, Diff: 0.2, Sum: 1375.8]
      [GC Worker End (ms): Min: 46504.3, Avg: 46504.4, Max: 46504.4, Diff: 0.1]
   [Code Root Fixup: 0.0 ms]
   [Code Root Purge: 0.0 ms]
   [Clear CT: 0.1 ms]
   [Other: 1.0 ms]
      [Choose CSet: 0.0 ms]
      [Ref Proc: 0.2 ms]
      [Ref Enq: 0.0 ms]
      [Redirty Cards: 0.3 ms]
      [Humongous Register: 0.0 ms]
      [Humongous Reclaim: 0.0 ms]
      [Free CSet: 0.2 ms]
   [Eden: 282.0M(282.0M)->0.0B(250.0M) Survivors: 9216.0K->37.0M Heap: 346.2M(2048.0M)->339.2M(2048.0M)]
 [Times: user=1.34 sys=0.03, real=0.17 secs] 
2020-09-29T12:02:37.975+0200: 46.663: [GC pause (G1 Evacuation Pause) (young), 0.1621023 secs]
   [Parallel Time: 160.9 ms, GC Workers: 8]
      [GC Worker Start (ms): Min: 46663.4, Avg: 46663.5, Max: 46664.0, Diff: 0.6]
      [Ext Root Scanning (ms): Min: 0.0, Avg: 0.1, Max: 0.2, Diff: 0.2, Sum: 0.7]
      [Update RS (ms): Min: 23.7, Avg: 23.8, Max: 24.1, Diff: 0.5, Sum: 190.6]
         [Processed Buffers: Min: 16, Avg: 20.5, Max: 25, Diff: 9, Sum: 164]
      [Scan RS (ms): Min: 16.6, Avg: 17.0, Max: 17.5, Diff: 0.9, Sum: 136.2]
      [Code Root Scanning (ms): Min: 0.0, Avg: 0.0, Max: 0.0, Diff: 0.0, Sum: 0.0]
      [Object Copy (ms): Min: 119.3, Avg: 119.6, Max: 119.8, Diff: 0.5, Sum: 956.7]
      [Termination (ms): Min: 0.0, Avg: 0.0, Max: 0.1, Diff: 0.1, Sum: 0.3]
         [Termination Attempts: Min: 1, Avg: 32.0, Max: 55, Diff: 54, Sum: 256]
      [GC Worker Other (ms): Min: 0.0, Avg: 0.1, Max: 0.1, Diff: 0.1, Sum: 0.7]
      [GC Worker Total (ms): Min: 160.2, Avg: 160.7, Max: 160.8, Diff: 0.6, Sum: 1285.2]
      [GC Worker End (ms): Min: 46824.1, Avg: 46824.2, Max: 46824.2, Diff: 0.1]
   [Code Root Fixup: 0.0 ms]
   [Code Root Purge: 0.0 ms]
   [Clear CT: 0.2 ms]
   [Other: 1.0 ms]
      [Choose CSet: 0.0 ms]
      [Ref Proc: 0.2 ms]
      [Ref Enq: 0.0 ms]
      [Redirty Cards: 0.3 ms]
      [Humongous Register: 0.1 ms]
      [Humongous Reclaim: 0.0 ms]
      [Free CSet: 0.3 ms]
   [Eden: 250.0M(250.0M)->0.0B(254.0M) Survivors: 37.0M->36.0M Heap: 631.1M(2048.0M)->633.1M(2048.0M)]
 [Times: user=1.24 sys=0.00, real=0.16 secs] 
2020-09-29T12:02:38.314+0200: 47.002: [GC pause (G1 Evacuation Pause) (young), 0.1507933 secs]
   [Parallel Time: 149.7 ms, GC Workers: 8]
      [GC Worker Start (ms): Min: 47002.4, Avg: 47002.5, Max: 47002.6, Diff: 0.2]
      [Ext Root Scanning (ms): Min: 0.0, Avg: 0.1, Max: 0.2, Diff: 0.2, Sum: 0.6]
      [Update RS (ms): Min: 17.0, Avg: 17.1, Max: 17.3, Diff: 0.3, Sum: 137.1]
         [Processed Buffers: Min: 16, Avg: 18.4, Max: 22, Diff: 6, Sum: 147]
      [Scan RS (ms): Min: 14.0, Avg: 14.1, Max: 14.3, Diff: 0.4, Sum: 113.2]
      [Code Root Scanning (ms): Min: 0.0, Avg: 0.0, Max: 0.0, Diff: 0.0, Sum: 0.0]
      [Object Copy (ms): Min: 117.9, Avg: 118.0, Max: 118.1, Diff: 0.2, Sum: 944.4]
      [Termination (ms): Min: 0.0, Avg: 0.0, Max: 0.0, Diff: 0.0, Sum: 0.3]
         [Termination Attempts: Min: 1, Avg: 253.9, Max: 321, Diff: 320, Sum: 2031]
      [GC Worker Other (ms): Min: 0.0, Avg: 0.0, Max: 0.1, Diff: 0.0, Sum: 0.3]
      [GC Worker Total (ms): Min: 149.4, Avg: 149.5, Max: 149.6, Diff: 0.2, Sum: 1195.8]
      [GC Worker End (ms): Min: 47152.0, Avg: 47152.0, Max: 47152.0, Diff: 0.0]
   [Code Root Fixup: 0.0 ms]
   [Code Root Purge: 0.0 ms]
   [Clear CT: 0.2 ms]
   [Other: 0.9 ms]
      [Choose CSet: 0.0 ms]
      [Ref Proc: 0.2 ms]
      [Ref Enq: 0.0 ms]
      [Redirty Cards: 0.2 ms]
      [Humongous Register: 0.0 ms]
      [Humongous Reclaim: 0.0 ms]
      [Free CSet: 0.3 ms]
   [Eden: 254.0M(254.0M)->0.0B(266.0M) Survivors: 36.0M->37.0M Heap: 929.1M(2048.0M)->930.1M(2048.0M)]
 [Times: user=1.25 sys=0.00, real=0.15 secs] 
2020-09-29T12:02:38.534+0200: 47.222: [GC pause (G1 Humongous Allocation) (young) (initial-mark), 0.0823493 secs]
   [Parallel Time: 81.3 ms, GC Workers: 8]
      [GC Worker Start (ms): Min: 47221.9, Avg: 47222.0, Max: 47222.0, Diff: 0.1]
      [Ext Root Scanning (ms): Min: 0.0, Avg: 0.1, Max: 0.1, Diff: 0.1, Sum: 0.6]
      [Update RS (ms): Min: 14.3, Avg: 14.5, Max: 14.9, Diff: 0.6, Sum: 116.4]
         [Processed Buffers: Min: 15, Avg: 16.4, Max: 18, Diff: 3, Sum: 131]
      [Scan RS (ms): Min: 3.9, Avg: 4.2, Max: 4.5, Diff: 0.6, Sum: 33.7]
      [Code Root Scanning (ms): Min: 0.0, Avg: 0.0, Max: 0.0, Diff: 0.0, Sum: 0.0]
      [Object Copy (ms): Min: 62.1, Avg: 62.3, Max: 62.3, Diff: 0.2, Sum: 498.0]
      [Termination (ms): Min: 0.0, Avg: 0.1, Max: 0.1, Diff: 0.1, Sum: 0.5]
         [Termination Attempts: Min: 1, Avg: 42.1, Max: 65, Diff: 64, Sum: 337]
      [GC Worker Other (ms): Min: 0.0, Avg: 0.0, Max: 0.0, Diff: 0.0, Sum: 0.1]
      [GC Worker Total (ms): Min: 81.1, Avg: 81.2, Max: 81.2, Diff: 0.1, Sum: 649.4]
      [GC Worker End (ms): Min: 47303.1, Avg: 47303.1, Max: 47303.2, Diff: 0.0]
   [Code Root Fixup: 0.0 ms]
   [Code Root Purge: 0.0 ms]
   [Clear CT: 0.2 ms]
   [Other: 0.9 ms]
      [Choose CSet: 0.0 ms]
      [Ref Proc: 0.2 ms]
      [Ref Enq: 0.0 ms]
      [Redirty Cards: 0.3 ms]
      [Humongous Register: 0.0 ms]
      [Humongous Reclaim: 0.0 ms]
      [Free CSet: 0.1 ms]
   [Eden: 119.0M(266.0M)->0.0B(296.0M) Survivors: 37.0M->38.0M Heap: 1067.7M(2048.0M)->1069.2M(2048.0M)]
 [Times: user=0.75 sys=0.00, real=0.08 secs] 
2020-09-29T12:02:38.616+0200: 47.304: [GC concurrent-root-region-scan-start]
2020-09-29T12:02:38.629+0200: 47.317: [GC concurrent-root-region-scan-end, 0.0125591 secs]
2020-09-29T12:02:38.629+0200: 47.317: [GC concurrent-mark-start]
2020-09-29T12:02:38.632+0200: 47.320: [GC concurrent-mark-end, 0.0029301 secs]
2020-09-29T12:02:38.632+0200: 47.320: [GC remark 2020-09-29T12:02:38.632+0200: 47.320: [Finalize Marking, 0.0002169 secs] 2020-09-29T12:02:38.632+0200: 47.320: [GC ref-proc, 0.0004416 secs] 2020-09-29T12:02:38.633+0200: 47.321: [Unloading, 0.0004994 secs], 0.0015212 secs]
 [Times: user=0.00 sys=0.00, real=0.00 secs] 
2020-09-29T12:02:38.634+0200: 47.322: [GC cleanup 1104M->81M(2048M), 0.0014827 secs]
 [Times: user=0.00 sys=0.00, real=0.00 secs] 
2020-09-29T12:02:38.635+0200: 47.324: [GC concurrent-cleanup-start]
2020-09-29T12:02:38.637+0200: 47.325: [GC concurrent-cleanup-end, 0.0015258 secs]
2020-09-29T12:02:38.778+0200: 47.466: [GC pause (G1 Evacuation Pause) (young), 0.1602130 secs]
   [Parallel Time: 159.0 ms, GC Workers: 8]
      [GC Worker Start (ms): Min: 47466.5, Avg: 47466.6, Max: 47466.7, Diff: 0.1]
      [Ext Root Scanning (ms): Min: 0.0, Avg: 0.1, Max: 0.2, Diff: 0.1, Sum: 0.7]
      [Update RS (ms): Min: 23.6, Avg: 23.8, Max: 24.2, Diff: 0.6, Sum: 190.0]
         [Processed Buffers: Min: 19, Avg: 22.8, Max: 25, Diff: 6, Sum: 182]
      [Scan RS (ms): Min: 13.7, Avg: 14.0, Max: 14.2, Diff: 0.5, Sum: 112.2]
      [Code Root Scanning (ms): Min: 0.0, Avg: 0.0, Max: 0.0, Diff: 0.0, Sum: 0.0]
      [Object Copy (ms): Min: 120.7, Avg: 120.8, Max: 120.9, Diff: 0.2, Sum: 966.4]
      [Termination (ms): Min: 0.0, Avg: 0.1, Max: 0.2, Diff: 0.2, Sum: 0.9]
         [Termination Attempts: Min: 1, Avg: 918.0, Max: 1224, Diff: 1223, Sum: 7344]
      [GC Worker Other (ms): Min: 0.0, Avg: 0.1, Max: 0.1, Diff: 0.1, Sum: 0.4]
      [GC Worker Total (ms): Min: 158.8, Avg: 158.8, Max: 158.9, Diff: 0.1, Sum: 1270.8]
      [GC Worker End (ms): Min: 47625.4, Avg: 47625.5, Max: 47625.5, Diff: 0.1]
   [Code Root Fixup: 0.0 ms]
   [Code Root Purge: 0.0 ms]
   [Clear CT: 0.2 ms]
   [Other: 1.0 ms]
      [Choose CSet: 0.0 ms]
      [Ref Proc: 0.2 ms]
      [Ref Enq: 0.0 ms]
      [Redirty Cards: 0.2 ms]
      [Humongous Register: 0.0 ms]
      [Humongous Reclaim: 0.0 ms]
      [Free CSet: 0.3 ms]
   [Eden: 290.0M(290.0M)->0.0B(308.0M) Survivors: 38.0M->41.0M Heap: 385.6M(2048.0M)->349.1M(2048.0M)]
 [Times: user=1.23 sys=0.02, real=0.16 secs] 
2020-09-29T12:02:39.103+0200: 47.791: [GC pause (G1 Evacuation Pause) (young), 0.1742074 secs]
   [Parallel Time: 173.0 ms, GC Workers: 8]
      [GC Worker Start (ms): Min: 47790.9, Avg: 47791.0, Max: 47791.0, Diff: 0.2]
      [Ext Root Scanning (ms): Min: 0.0, Avg: 0.1, Max: 0.2, Diff: 0.2, Sum: 0.5]
      [Update RS (ms): Min: 15.1, Avg: 15.2, Max: 15.4, Diff: 0.2, Sum: 121.5]
         [Processed Buffers: Min: 14, Avg: 17.3, Max: 21, Diff: 7, Sum: 138]
      [Scan RS (ms): Min: 21.2, Avg: 22.8, Max: 33.3, Diff: 12.1, Sum: 182.7]
      [Code Root Scanning (ms): Min: 0.0, Avg: 0.0, Max: 0.0, Diff: 0.0, Sum: 0.0]
      [Object Copy (ms): Min: 124.0, Avg: 134.6, Max: 136.2, Diff: 12.2, Sum: 1076.8]
      [Termination (ms): Min: 0.0, Avg: 0.0, Max: 0.0, Diff: 0.0, Sum: 0.1]
         [Termination Attempts: Min: 1, Avg: 123.4, Max: 154, Diff: 153, Sum: 987]
      [GC Worker Other (ms): Min: 0.0, Avg: 0.0, Max: 0.1, Diff: 0.1, Sum: 0.4]
      [GC Worker Total (ms): Min: 172.7, Avg: 172.8, Max: 172.9, Diff: 0.2, Sum: 1382.1]
      [GC Worker End (ms): Min: 47963.7, Avg: 47963.7, Max: 47963.8, Diff: 0.1]
   [Code Root Fixup: 0.0 ms]
   [Code Root Purge: 0.0 ms]
   [Clear CT: 0.2 ms]
   [Other: 1.1 ms]
      [Choose CSet: 0.0 ms]
      [Ref Proc: 0.2 ms]
      [Ref Enq: 0.0 ms]
      [Redirty Cards: 0.2 ms]
      [Humongous Register: 0.0 ms]
      [Humongous Reclaim: 0.0 ms]
      [Free CSet: 0.3 ms]
   [Eden: 294.0M(294.0M)->0.0B(308.0M) Survivors: 41.0M->42.0M Heap: 692.7M(2048.0M)->694.2M(2048.0M)]
 [Times: user=1.34 sys=0.01, real=0.17 secs] 
2020-09-29T12:02:39.453+0200: 48.141: [GC pause (G1 Evacuation Pause) (young), 0.1931855 secs]
   [Parallel Time: 191.9 ms, GC Workers: 8]
      [GC Worker Start (ms): Min: 48140.7, Avg: 48140.8, Max: 48140.9, Diff: 0.2]
      [Ext Root Scanning (ms): Min: 0.0, Avg: 0.1, Max: 0.2, Diff: 0.2, Sum: 0.5]
      [Update RS (ms): Min: 21.1, Avg: 22.1, Max: 26.7, Diff: 5.7, Sum: 176.5]
         [Processed Buffers: Min: 19, Avg: 20.6, Max: 23, Diff: 4, Sum: 165]
      [Scan RS (ms): Min: 17.2, Avg: 21.7, Max: 22.6, Diff: 5.5, Sum: 173.6]
      [Code Root Scanning (ms): Min: 0.0, Avg: 0.0, Max: 0.0, Diff: 0.0, Sum: 0.0]
      [Object Copy (ms): Min: 147.5, Avg: 147.7, Max: 147.9, Diff: 0.3, Sum: 1181.6]
      [Termination (ms): Min: 0.0, Avg: 0.1, Max: 0.1, Diff: 0.1, Sum: 0.7]
         [Termination Attempts: Min: 1, Avg: 709.3, Max: 886, Diff: 885, Sum: 5674]
      [GC Worker Other (ms): Min: 0.0, Avg: 0.1, Max: 0.1, Diff: 0.1, Sum: 0.5]
      [GC Worker Total (ms): Min: 191.6, Avg: 191.7, Max: 191.8, Diff: 0.2, Sum: 1533.5]
      [GC Worker End (ms): Min: 48332.4, Avg: 48332.5, Max: 48332.5, Diff: 0.1]
   [Code Root Fixup: 0.0 ms]
   [Code Root Purge: 0.0 ms]
   [Clear CT: 0.2 ms]
   [Other: 1.1 ms]
      [Choose CSet: 0.0 ms]
      [Ref Proc: 0.2 ms]
      [Ref Enq: 0.0 ms]
      [Redirty Cards: 0.3 ms]
      [Humongous Register: 0.0 ms]
      [Humongous Reclaim: 0.0 ms]
      [Free CSet: 0.3 ms]
   [Eden: 308.0M(308.0M)->0.0B(293.0M) Survivors: 42.0M->44.0M Heap: 1051.8M(2048.0M)->1053.8M(2048.0M)]
 [Times: user=1.50 sys=0.00, real=0.19 secs] 
2020-09-29T12:02:39.665+0200: 48.353: [GC pause (G1 Humongous Allocation) (young) (initial-mark), 0.0493702 secs]
   [Parallel Time: 48.4 ms, GC Workers: 8]
      [GC Worker Start (ms): Min: 48353.0, Avg: 48353.1, Max: 48353.2, Diff: 0.2]
      [Ext Root Scanning (ms): Min: 0.0, Avg: 0.2, Max: 0.3, Diff: 0.3, Sum: 1.7]
      [Update RS (ms): Min: 25.1, Avg: 25.4, Max: 26.1, Diff: 0.9, Sum: 203.5]
         [Processed Buffers: Min: 27, Avg: 29.3, Max: 32, Diff: 5, Sum: 234]
      [Scan RS (ms): Min: 2.2, Avg: 2.8, Max: 3.1, Diff: 0.8, Sum: 22.5]
      [Code Root Scanning (ms): Min: 0.0, Avg: 0.0, Max: 0.0, Diff: 0.0, Sum: 0.0]
      [Object Copy (ms): Min: 19.5, Avg: 19.6, Max: 19.6, Diff: 0.1, Sum: 156.9]
      [Termination (ms): Min: 0.0, Avg: 0.0, Max: 0.0, Diff: 0.0, Sum: 0.3]
         [Termination Attempts: Min: 1, Avg: 214.5, Max: 276, Diff: 275, Sum: 1716]
      [GC Worker Other (ms): Min: 0.0, Avg: 0.0, Max: 0.0, Diff: 0.0, Sum: 0.1]
      [GC Worker Total (ms): Min: 48.0, Avg: 48.1, Max: 48.3, Diff: 0.2, Sum: 385.1]
      [GC Worker End (ms): Min: 48401.2, Avg: 48401.2, Max: 48401.3, Diff: 0.0]
   [Code Root Fixup: 0.0 ms]
   [Code Root Purge: 0.0 ms]
   [Clear CT: 0.1 ms]
   [Other: 0.8 ms]
      [Choose CSet: 0.0 ms]
      [Ref Proc: 0.2 ms]
      [Ref Enq: 0.0 ms]
      [Redirty Cards: 0.1 ms]
      [Humongous Register: 0.1 ms]
      [Humongous Reclaim: 0.0 ms]
      [Free CSet: 0.1 ms]
   [Eden: 1024.0K(293.0M)->0.0B(355.0M) Survivors: 44.0M->2048.0K Heap: 1054.8M(2048.0M)->1057.3M(2048.0M)]
 [Times: user=0.38 sys=0.00, real=0.05 secs] 
2020-09-29T12:02:39.714+0200: 48.402: [GC concurrent-root-region-scan-start]
2020-09-29T12:02:39.714+0200: 48.403: [GC concurrent-root-region-scan-end, 0.0003343 secs]
2020-09-29T12:02:39.714+0200: 48.403: [GC concurrent-mark-start]
2020-09-29T12:02:39.718+0200: 48.406: [GC concurrent-mark-end, 0.0036676 secs]
2020-09-29T12:02:39.719+0200: 48.407: [GC remark 2020-09-29T12:02:39.719+0200: 48.407: [Finalize Marking, 0.0002761 secs] 2020-09-29T12:02:39.719+0200: 48.407: [GC ref-proc, 0.0003643 secs] 2020-09-29T12:02:39.719+0200: 48.407: [Unloading, 0.0005722 secs], 0.0015725 secs]
 [Times: user=0.00 sys=0.00, real=0.00 secs] 
2020-09-29T12:02:39.721+0200: 48.409: [GC cleanup 1067M->19M(2048M), 0.0015575 secs]
 [Times: user=0.00 sys=0.00, real=0.00 secs] 
2020-09-29T12:02:39.722+0200: 48.410: [GC concurrent-cleanup-start]
2020-09-29T12:02:39.724+0200: 48.412: [GC concurrent-cleanup-end, 0.0020329 secs]
2020-09-29T12:02:39.916+0200: 48.604: [GC pause (G1 Evacuation Pause) (young), 0.2060657 secs]
   [Parallel Time: 204.6 ms, GC Workers: 8]
      [GC Worker Start (ms): Min: 48604.6, Avg: 48604.7, Max: 48605.3, Diff: 0.7]
      [Ext Root Scanning (ms): Min: 0.0, Avg: 0.1, Max: 0.2, Diff: 0.2, Sum: 0.7]
      [Update RS (ms): Min: 13.7, Avg: 14.1, Max: 14.4, Diff: 0.7, Sum: 112.9]
         [Processed Buffers: Min: 12, Avg: 15.4, Max: 18, Diff: 6, Sum: 123]
      [Scan RS (ms): Min: 22.8, Avg: 22.9, Max: 23.1, Diff: 0.2, Sum: 183.5]
      [Code Root Scanning (ms): Min: 0.0, Avg: 0.0, Max: 0.0, Diff: 0.0, Sum: 0.0]
      [Object Copy (ms): Min: 166.6, Avg: 166.8, Max: 167.2, Diff: 0.6, Sum: 1334.1]
      [Termination (ms): Min: 0.0, Avg: 0.4, Max: 0.5, Diff: 0.5, Sum: 3.1]
         [Termination Attempts: Min: 1, Avg: 2545.4, Max: 3175, Diff: 3174, Sum: 20363]
      [GC Worker Other (ms): Min: 0.0, Avg: 0.1, Max: 0.1, Diff: 0.1, Sum: 0.5]
      [GC Worker Total (ms): Min: 203.8, Avg: 204.4, Max: 204.5, Diff: 0.7, Sum: 1635.0]
      [GC Worker End (ms): Min: 48809.1, Avg: 48809.1, Max: 48809.1, Diff: 0.1]
   [Code Root Fixup: 0.0 ms]
   [Code Root Purge: 0.0 ms]
   [Clear CT: 0.2 ms]
   [Other: 1.3 ms]
      [Choose CSet: 0.0 ms]
      [Ref Proc: 0.2 ms]
      [Ref Enq: 0.0 ms]
      [Redirty Cards: 0.3 ms]
      [Humongous Register: 0.1 ms]
      [Humongous Reclaim: 0.0 ms]
      [Free CSet: 0.4 ms]
   [Eden: 355.0M(355.0M)->0.0B(281.0M) Survivors: 2048.0K->45.0M Heap: 425.5M(2048.0M)->426.0M(2048.0M)]
 [Times: user=1.59 sys=0.00, real=0.21 secs] 
2020-09-29T12:02:40.312+0200: 49.000: [GC pause (G1 Evacuation Pause) (young), 0.2065905 secs]
   [Parallel Time: 204.6 ms, GC Workers: 8]
      [GC Worker Start (ms): Min: 49000.6, Avg: 49000.8, Max: 49001.4, Diff: 0.8]
      [Ext Root Scanning (ms): Min: 0.0, Avg: 0.1, Max: 0.2, Diff: 0.2, Sum: 0.6]
      [Update RS (ms): Min: 17.5, Avg: 17.6, Max: 17.7, Diff: 0.2, Sum: 140.5]
         [Processed Buffers: Min: 15, Avg: 16.8, Max: 18, Diff: 3, Sum: 134]
      [Scan RS (ms): Min: 24.4, Avg: 27.3, Max: 46.0, Diff: 21.6, Sum: 218.1]
      [Code Root Scanning (ms): Min: 0.0, Avg: 0.0, Max: 0.0, Diff: 0.0, Sum: 0.0]
      [Object Copy (ms): Min: 140.0, Avg: 159.3, Max: 162.1, Diff: 22.1, Sum: 1274.2]
      [Termination (ms): Min: 0.0, Avg: 0.1, Max: 0.1, Diff: 0.1, Sum: 0.6]
         [Termination Attempts: Min: 1, Avg: 159.8, Max: 252, Diff: 251, Sum: 1278]
      [GC Worker Other (ms): Min: 0.0, Avg: 0.0, Max: 0.1, Diff: 0.0, Sum: 0.2]
      [GC Worker Total (ms): Min: 203.7, Avg: 204.3, Max: 204.5, Diff: 0.8, Sum: 1634.2]
      [GC Worker End (ms): Min: 49205.1, Avg: 49205.1, Max: 49205.1, Diff: 0.1]
   [Code Root Fixup: 0.0 ms]
   [Code Root Purge: 0.0 ms]
   [Clear CT: 0.4 ms]
   [Other: 1.6 ms]
      [Choose CSet: 0.0 ms]
      [Ref Proc: 0.2 ms]
      [Ref Enq: 0.0 ms]
      [Redirty Cards: 0.3 ms]
      [Humongous Register: 0.7 ms]
      [Humongous Reclaim: 0.0 ms]
      [Free CSet: 0.2 ms]
   [Eden: 281.0M(281.0M)->0.0B(247.0M) Survivors: 45.0M->41.0M Heap: 752.8M(2048.0M)->754.3M(2048.0M)]
 [Times: user=1.24 sys=0.05, real=0.21 secs] 
2020-09-29T12:02:40.661+0200: 49.349: [GC pause (G1 Evacuation Pause) (young), 0.1581465 secs]
   [Parallel Time: 157.0 ms, GC Workers: 8]
      [GC Worker Start (ms): Min: 49349.2, Avg: 49349.3, Max: 49349.4, Diff: 0.2]
      [Ext Root Scanning (ms): Min: 0.0, Avg: 0.1, Max: 0.2, Diff: 0.2, Sum: 0.4]
      [Update RS (ms): Min: 18.9, Avg: 19.1, Max: 20.0, Diff: 1.1, Sum: 153.1]
         [Processed Buffers: Min: 17, Avg: 20.0, Max: 24, Diff: 7, Sum: 160]
      [Scan RS (ms): Min: 17.7, Avg: 18.6, Max: 18.8, Diff: 1.1, Sum: 148.5]
      [Code Root Scanning (ms): Min: 0.0, Avg: 0.0, Max: 0.0, Diff: 0.0, Sum: 0.0]
      [Object Copy (ms): Min: 118.9, Avg: 119.0, Max: 119.0, Diff: 0.1, Sum: 951.7]
      [Termination (ms): Min: 0.0, Avg: 0.0, Max: 0.0, Diff: 0.0, Sum: 0.0]
         [Termination Attempts: Min: 1, Avg: 8.4, Max: 14, Diff: 13, Sum: 67]
      [GC Worker Other (ms): Min: 0.0, Avg: 0.1, Max: 0.1, Diff: 0.1, Sum: 0.4]
      [GC Worker Total (ms): Min: 156.7, Avg: 156.8, Max: 156.9, Diff: 0.2, Sum: 1254.2]
      [GC Worker End (ms): Min: 49506.0, Avg: 49506.1, Max: 49506.1, Diff: 0.1]
   [Code Root Fixup: 0.0 ms]
   [Code Root Purge: 0.0 ms]
   [Clear CT: 0.2 ms]
   [Other: 0.9 ms]
      [Choose CSet: 0.0 ms]
      [Ref Proc: 0.1 ms]
      [Ref Enq: 0.0 ms]
      [Redirty Cards: 0.2 ms]
      [Humongous Register: 0.0 ms]
      [Humongous Reclaim: 0.0 ms]
      [Free CSet: 0.3 ms]
   [Eden: 247.0M(247.0M)->0.0B(259.0M) Survivors: 41.0M->36.0M Heap: 1043.3M(2048.0M)->1044.8M(2048.0M)]
 [Times: user=1.14 sys=0.02, real=0.16 secs] 
2020-09-29T12:02:40.825+0200: 49.513: [GC pause (G1 Humongous Allocation) (young) (initial-mark), 0.0742408 secs]
   [Parallel Time: 73.2 ms, GC Workers: 8]
      [GC Worker Start (ms): Min: 49513.7, Avg: 49513.8, Max: 49513.9, Diff: 0.2]
      [Ext Root Scanning (ms): Min: 0.0, Avg: 0.5, Max: 1.7, Diff: 1.7, Sum: 4.2]
      [Update RS (ms): Min: 37.8, Avg: 39.3, Max: 41.1, Diff: 3.2, Sum: 314.7]
         [Processed Buffers: Min: 38, Avg: 41.9, Max: 44, Diff: 6, Sum: 335]
      [Scan RS (ms): Min: 0.9, Avg: 2.2, Max: 2.7, Diff: 1.8, Sum: 17.5]
      [Code Root Scanning (ms): Min: 0.0, Avg: 0.0, Max: 0.0, Diff: 0.0, Sum: 0.0]
      [Object Copy (ms): Min: 30.8, Avg: 30.9, Max: 30.9, Diff: 0.1, Sum: 246.9]
      [Termination (ms): Min: 0.0, Avg: 0.0, Max: 0.0, Diff: 0.0, Sum: 0.1]
         [Termination Attempts: Min: 1, Avg: 109.5, Max: 149, Diff: 148, Sum: 876]
      [GC Worker Other (ms): Min: 0.0, Avg: 0.0, Max: 0.1, Diff: 0.0, Sum: 0.3]
      [GC Worker Total (ms): Min: 72.9, Avg: 73.0, Max: 73.1, Diff: 0.2, Sum: 583.8]
      [GC Worker End (ms): Min: 49586.8, Avg: 49586.8, Max: 49586.8, Diff: 0.0]
   [Code Root Fixup: 0.0 ms]
   [Code Root Purge: 0.0 ms]
   [Clear CT: 0.2 ms]
   [Other: 0.8 ms]
      [Choose CSet: 0.0 ms]
      [Ref Proc: 0.1 ms]
      [Ref Enq: 0.0 ms]
      [Redirty Cards: 0.2 ms]
      [Humongous Register: 0.1 ms]
      [Humongous Reclaim: 0.0 ms]
      [Free CSet: 0.1 ms]
   [Eden: 10.0M(259.0M)->0.0B(239.0M) Survivors: 36.0M->12.0M Heap: 1054.8M(2048.0M)->1058.3M(2048.0M)]
 [Times: user=0.61 sys=0.00, real=0.08 secs] 
2020-09-29T12:02:40.900+0200: 49.588: [GC concurrent-root-region-scan-start]
2020-09-29T12:02:40.904+0200: 49.591: [GC concurrent-root-region-scan-end, 0.0034091 secs]
2020-09-29T12:02:40.904+0200: 49.591: [GC concurrent-mark-start]
2020-09-29T12:02:40.907+0200: 49.595: [GC concurrent-mark-end, 0.0031669 secs]
2020-09-29T12:02:40.907+0200: 49.595: [GC remark 2020-09-29T12:02:40.907+0200: 49.595: [Finalize Marking, 0.0003380 secs] 2020-09-29T12:02:40.907+0200: 49.595: [GC ref-proc, 0.0004539 secs] 2020-09-29T12:02:40.908+0200: 49.596: [Unloading, 0.0005211 secs], 0.0017000 secs]
 [Times: user=0.00 sys=0.00, real=0.00 secs] 
2020-09-29T12:02:40.909+0200: 49.597: [GC cleanup 1071M->32M(2048M), 0.0016394 secs]
 [Times: user=0.01 sys=0.02, real=0.00 secs] 
2020-09-29T12:02:40.911+0200: 49.599: [GC concurrent-cleanup-start]
2020-09-29T12:02:40.913+0200: 49.600: [GC concurrent-cleanup-end, 0.0018307 secs]
2020-09-29T12:02:41.052+0200: 49.740: [GC pause (G1 Evacuation Pause) (young), 0.1355943 secs]
   [Parallel Time: 134.5 ms, GC Workers: 8]
      [GC Worker Start (ms): Min: 49739.6, Avg: 49739.7, Max: 49739.8, Diff: 0.2]
      [Ext Root Scanning (ms): Min: 0.0, Avg: 0.1, Max: 0.2, Diff: 0.2, Sum: 0.5]
      [Update RS (ms): Min: 21.8, Avg: 22.0, Max: 22.4, Diff: 0.5, Sum: 176.1]
         [Processed Buffers: Min: 17, Avg: 18.0, Max: 21, Diff: 4, Sum: 144]
      [Scan RS (ms): Min: 13.7, Avg: 14.0, Max: 14.2, Diff: 0.6, Sum: 112.0]
      [Code Root Scanning (ms): Min: 0.0, Avg: 0.0, Max: 0.0, Diff: 0.0, Sum: 0.0]
      [Object Copy (ms): Min: 98.0, Avg: 98.1, Max: 98.1, Diff: 0.2, Sum: 784.5]
      [Termination (ms): Min: 0.0, Avg: 0.0, Max: 0.1, Diff: 0.0, Sum: 0.3]
         [Termination Attempts: Min: 1, Avg: 58.5, Max: 91, Diff: 90, Sum: 468]
      [GC Worker Other (ms): Min: 0.0, Avg: 0.0, Max: 0.1, Diff: 0.0, Sum: 0.3]
      [GC Worker Total (ms): Min: 134.2, Avg: 134.2, Max: 134.3, Diff: 0.1, Sum: 1073.8]
      [GC Worker End (ms): Min: 49873.9, Avg: 49874.0, Max: 49874.0, Diff: 0.0]
   [Code Root Fixup: 0.0 ms]
   [Code Root Purge: 0.0 ms]
   [Clear CT: 0.2 ms]
   [Other: 0.9 ms]
      [Choose CSet: 0.0 ms]
      [Ref Proc: 0.2 ms]
      [Ref Enq: 0.0 ms]
      [Redirty Cards: 0.2 ms]
      [Humongous Register: 0.0 ms]
      [Humongous Reclaim: 0.0 ms]
      [Free CSet: 0.3 ms]
   [Eden: 239.0M(239.0M)->0.0B(239.0M) Survivors: 12.0M->32.0M Heap: 299.1M(2048.0M)->289.1M(2048.0M)]
 [Times: user=0.95 sys=0.01, real=0.14 secs] 
2020-09-29T12:02:41.349+0200: 50.037: [GC pause (G1 Evacuation Pause) (young), 0.1441387 secs]
   [Parallel Time: 143.0 ms, GC Workers: 8]
      [GC Worker Start (ms): Min: 50037.3, Avg: 50037.3, Max: 50037.4, Diff: 0.2]
      [Ext Root Scanning (ms): Min: 0.0, Avg: 0.1, Max: 0.1, Diff: 0.1, Sum: 0.6]
      [Update RS (ms): Min: 15.7, Avg: 16.0, Max: 16.5, Diff: 0.8, Sum: 127.9]
         [Processed Buffers: Min: 15, Avg: 16.5, Max: 18, Diff: 3, Sum: 132]
      [Scan RS (ms): Min: 12.9, Avg: 13.5, Max: 13.9, Diff: 0.9, Sum: 108.0]
      [Code Root Scanning (ms): Min: 0.0, Avg: 0.0, Max: 0.0, Diff: 0.0, Sum: 0.0]
      [Object Copy (ms): Min: 113.1, Avg: 113.2, Max: 113.3, Diff: 0.2, Sum: 905.5]
      [Termination (ms): Min: 0.0, Avg: 0.0, Max: 0.1, Diff: 0.1, Sum: 0.4]
         [Termination Attempts: Min: 1, Avg: 333.1, Max: 415, Diff: 414, Sum: 2665]
      [GC Worker Other (ms): Min: 0.0, Avg: 0.0, Max: 0.1, Diff: 0.1, Sum: 0.4]
      [GC Worker Total (ms): Min: 142.7, Avg: 142.8, Max: 142.9, Diff: 0.2, Sum: 1142.8]
      [GC Worker End (ms): Min: 50180.1, Avg: 50180.2, Max: 50180.2, Diff: 0.1]
   [Code Root Fixup: 0.0 ms]
   [Code Root Purge: 0.0 ms]
   [Clear CT: 0.1 ms]
   [Other: 1.0 ms]
      [Choose CSet: 0.0 ms]
      [Ref Proc: 0.2 ms]
      [Ref Enq: 0.0 ms]
      [Redirty Cards: 0.2 ms]
      [Humongous Register: 0.1 ms]
      [Humongous Reclaim: 0.0 ms]
      [Free CSet: 0.3 ms]
   [Eden: 239.0M(239.0M)->0.0B(256.0M) Survivors: 32.0M->34.0M Heap: 568.1M(2048.0M)->570.1M(2048.0M)]
 [Times: user=1.13 sys=0.00, real=0.14 secs] 
2020-09-29T12:02:41.641+0200: 50.329: [GC pause (G1 Evacuation Pause) (young), 0.1506520 secs]
   [Parallel Time: 149.6 ms, GC Workers: 8]
      [GC Worker Start (ms): Min: 50329.0, Avg: 50329.1, Max: 50329.2, Diff: 0.2]
      [Ext Root Scanning (ms): Min: 0.0, Avg: 0.1, Max: 0.2, Diff: 0.2, Sum: 0.5]
      [Update RS (ms): Min: 16.4, Avg: 16.6, Max: 17.2, Diff: 0.8, Sum: 132.8]
         [Processed Buffers: Min: 18, Avg: 19.9, Max: 22, Diff: 4, Sum: 159]
      [Scan RS (ms): Min: 11.8, Avg: 12.5, Max: 13.0, Diff: 1.2, Sum: 99.9]
      [Code Root Scanning (ms): Min: 0.0, Avg: 0.0, Max: 0.0, Diff: 0.0, Sum: 0.0]
      [Object Copy (ms): Min: 119.7, Avg: 120.0, Max: 120.2, Diff: 0.5, Sum: 960.3]
      [Termination (ms): Min: 0.0, Avg: 0.1, Max: 0.1, Diff: 0.1, Sum: 0.6]
         [Termination Attempts: Min: 1, Avg: 642.4, Max: 815, Diff: 814, Sum: 5139]
      [GC Worker Other (ms): Min: 0.0, Avg: 0.0, Max: 0.1, Diff: 0.1, Sum: 0.3]
      [GC Worker Total (ms): Min: 149.3, Avg: 149.3, Max: 149.4, Diff: 0.1, Sum: 1194.5]
      [GC Worker End (ms): Min: 50478.4, Avg: 50478.4, Max: 50478.5, Diff: 0.1]
   [Code Root Fixup: 0.0 ms]
   [Code Root Purge: 0.0 ms]
   [Clear CT: 0.2 ms]
   [Other: 0.9 ms]
      [Choose CSet: 0.0 ms]
      [Ref Proc: 0.2 ms]
      [Ref Enq: 0.0 ms]
      [Redirty Cards: 0.2 ms]
      [Humongous Register: 0.0 ms]
      [Humongous Reclaim: 0.0 ms]
      [Free CSet: 0.3 ms]
   [Eden: 256.0M(256.0M)->0.0B(269.0M) Survivors: 34.0M->37.0M Heap: 870.0M(2048.0M)->871.5M(2048.0M)]
 [Times: user=1.24 sys=0.02, real=0.15 secs] 
2020-09-29T12:02:41.953+0200: 50.641: [GC pause (G1 Evacuation Pause) (young), 0.1656341 secs]
   [Parallel Time: 164.5 ms, GC Workers: 8]
      [GC Worker Start (ms): Min: 50641.2, Avg: 50641.3, Max: 50641.4, Diff: 0.2]
      [Ext Root Scanning (ms): Min: 0.0, Avg: 0.1, Max: 0.2, Diff: 0.2, Sum: 0.5]
      [Update RS (ms): Min: 18.7, Avg: 18.9, Max: 19.2, Diff: 0.4, Sum: 151.0]
         [Processed Buffers: Min: 18, Avg: 21.0, Max: 23, Diff: 5, Sum: 168]
      [Scan RS (ms): Min: 14.0, Avg: 14.3, Max: 14.5, Diff: 0.5, Sum: 114.6]
      [Code Root Scanning (ms): Min: 0.0, Avg: 0.0, Max: 0.0, Diff: 0.0, Sum: 0.0]
      [Object Copy (ms): Min: 130.6, Avg: 130.8, Max: 130.9, Diff: 0.2, Sum: 1046.4]
      [Termination (ms): Min: 0.0, Avg: 0.2, Max: 0.2, Diff: 0.2, Sum: 1.3]
         [Termination Attempts: Min: 1, Avg: 1208.8, Max: 1551, Diff: 1550, Sum: 9670]
      [GC Worker Other (ms): Min: 0.0, Avg: 0.0, Max: 0.1, Diff: 0.0, Sum: 0.3]
      [GC Worker Total (ms): Min: 164.2, Avg: 164.3, Max: 164.4, Diff: 0.2, Sum: 1314.0]
      [GC Worker End (ms): Min: 50805.6, Avg: 50805.6, Max: 50805.6, Diff: 0.0]
   [Code Root Fixup: 0.0 ms]
   [Code Root Purge: 0.0 ms]
   [Clear CT: 0.2 ms]
   [Other: 0.9 ms]
      [Choose CSet: 0.0 ms]
      [Ref Proc: 0.2 ms]
      [Ref Enq: 0.0 ms]
      [Redirty Cards: 0.2 ms]
      [Humongous Register: 0.0 ms]
      [Humongous Reclaim: 0.0 ms]
      [Free CSet: 0.3 ms]
   [Eden: 269.0M(269.0M)->0.0B(276.0M) Survivors: 37.0M->39.0M Heap: 1184.3M(2048.0M)->1186.3M(2048.0M)]
 [Times: user=1.38 sys=0.00, real=0.17 secs] 
2020-09-29T12:02:42.121+0200: 50.809: [GC pause (G1 Humongous Allocation) (young) (initial-mark), 0.0637868 secs]
   [Parallel Time: 62.9 ms, GC Workers: 8]
      [GC Worker Start (ms): Min: 50809.3, Avg: 50809.4, Max: 50809.5, Diff: 0.2]
      [Ext Root Scanning (ms): Min: 0.0, Avg: 0.6, Max: 1.4, Diff: 1.4, Sum: 4.7]
      [Update RS (ms): Min: 39.6, Avg: 40.5, Max: 41.2, Diff: 1.6, Sum: 324.0]
         [Processed Buffers: Min: 46, Avg: 50.0, Max: 53, Diff: 7, Sum: 400]
      [Scan RS (ms): Min: 0.0, Avg: 0.2, Max: 0.3, Diff: 0.3, Sum: 1.2]
      [Code Root Scanning (ms): Min: 0.0, Avg: 0.0, Max: 0.0, Diff: 0.0, Sum: 0.0]
      [Object Copy (ms): Min: 21.3, Avg: 21.4, Max: 21.5, Diff: 0.2, Sum: 171.6]
      [Termination (ms): Min: 0.0, Avg: 0.0, Max: 0.0, Diff: 0.0, Sum: 0.2]
         [Termination Attempts: Min: 1, Avg: 194.6, Max: 249, Diff: 248, Sum: 1557]
      [GC Worker Other (ms): Min: 0.0, Avg: 0.0, Max: 0.0, Diff: 0.0, Sum: 0.2]
      [GC Worker Total (ms): Min: 62.6, Avg: 62.7, Max: 62.8, Diff: 0.2, Sum: 501.8]
      [GC Worker End (ms): Min: 50872.1, Avg: 50872.1, Max: 50872.1, Diff: 0.0]
   [Code Root Fixup: 0.0 ms]
   [Code Root Purge: 0.0 ms]
   [Clear CT: 0.2 ms]
   [Other: 0.7 ms]
      [Choose CSet: 0.0 ms]
      [Ref Proc: 0.2 ms]
      [Ref Enq: 0.0 ms]
      [Redirty Cards: 0.2 ms]
      [Humongous Register: 0.1 ms]
      [Humongous Reclaim: 0.0 ms]
      [Free CSet: 0.1 ms]
   [Eden: 5120.0K(276.0M)->0.0B(299.0M) Survivors: 39.0M->6144.0K Heap: 1190.8M(2048.0M)->1194.3M(2048.0M)]
 [Times: user=0.50 sys=0.00, real=0.06 secs] 
2020-09-29T12:02:42.185+0200: 50.873: [GC concurrent-root-region-scan-start]
2020-09-29T12:02:42.187+0200: 50.874: [GC concurrent-root-region-scan-end, 0.0012092 secs]
2020-09-29T12:02:42.187+0200: 50.874: [GC concurrent-mark-start]
2020-09-29T12:02:42.189+0200: 50.877: [GC concurrent-mark-end, 0.0026266 secs]
2020-09-29T12:02:42.189+0200: 50.877: [GC remark 2020-09-29T12:02:42.189+0200: 50.877: [Finalize Marking, 0.0001345 secs] 2020-09-29T12:02:42.189+0200: 50.877: [GC ref-proc, 0.0002985 secs] 2020-09-29T12:02:42.190+0200: 50.877: [Unloading, 0.0004252 secs], 0.0011864 secs]
 [Times: user=0.00 sys=0.00, real=0.00 secs] 
2020-09-29T12:02:42.191+0200: 50.879: [GC cleanup 1202M->21M(2048M), 0.0012364 secs]
 [Times: user=0.11 sys=0.00, real=0.00 secs] 
2020-09-29T12:02:42.192+0200: 50.880: [GC concurrent-cleanup-start]
2020-09-29T12:02:42.194+0200: 50.882: [GC concurrent-cleanup-end, 0.0019068 secs]
2020-09-29T12:02:42.354+0200: 51.041: [GC pause (G1 Evacuation Pause) (young), 0.1792568 secs]
   [Parallel Time: 178.1 ms, GC Workers: 8]
      [GC Worker Start (ms): Min: 51041.6, Avg: 51041.7, Max: 51041.8, Diff: 0.2]
      [Ext Root Scanning (ms): Min: 0.0, Avg: 0.1, Max: 0.2, Diff: 0.2, Sum: 0.4]
      [Update RS (ms): Min: 17.0, Avg: 17.1, Max: 17.4, Diff: 0.4, Sum: 137.0]
         [Processed Buffers: Min: 17, Avg: 18.9, Max: 22, Diff: 5, Sum: 151]
      [Scan RS (ms): Min: 16.1, Avg: 16.4, Max: 16.6, Diff: 0.5, Sum: 131.3]
      [Code Root Scanning (ms): Min: 0.0, Avg: 0.0, Max: 0.0, Diff: 0.0, Sum: 0.0]
      [Object Copy (ms): Min: 143.8, Avg: 143.9, Max: 144.1, Diff: 0.3, Sum: 1150.9]
      [Termination (ms): Min: 0.0, Avg: 0.4, Max: 0.4, Diff: 0.4, Sum: 2.9]
         [Termination Attempts: Min: 1, Avg: 2503.9, Max: 2964, Diff: 2963, Sum: 20031]
      [GC Worker Other (ms): Min: 0.0, Avg: 0.0, Max: 0.1, Diff: 0.0, Sum: 0.3]
      [GC Worker Total (ms): Min: 177.8, Avg: 177.9, Max: 178.0, Diff: 0.3, Sum: 1422.8]
      [GC Worker End (ms): Min: 51219.6, Avg: 51219.6, Max: 51219.6, Diff: 0.0]
   [Code Root Fixup: 0.0 ms]
   [Code Root Purge: 0.0 ms]
   [Clear CT: 0.1 ms]
   [Other: 1.0 ms]
      [Choose CSet: 0.0 ms]
      [Ref Proc: 0.1 ms]
      [Ref Enq: 0.0 ms]
      [Redirty Cards: 0.2 ms]
      [Humongous Register: 0.1 ms]
      [Humongous Reclaim: 0.0 ms]
      [Free CSet: 0.3 ms]
   [Eden: 299.0M(299.0M)->0.0B(265.0M) Survivors: 6144.0K->39.0M Heap: 364.0M(2048.0M)->361.0M(2048.0M)]
 [Times: user=1.33 sys=0.00, real=0.18 secs] 
2020-09-29T12:02:42.685+0200: 51.373: [GC pause (G1 Evacuation Pause) (young), 0.1747927 secs]
   [Parallel Time: 173.7 ms, GC Workers: 8]
      [GC Worker Start (ms): Min: 51373.1, Avg: 51373.2, Max: 51373.2, Diff: 0.2]
      [Ext Root Scanning (ms): Min: 0.0, Avg: 0.1, Max: 0.2, Diff: 0.2, Sum: 0.7]
      [Update RS (ms): Min: 22.0, Avg: 22.3, Max: 23.0, Diff: 0.9, Sum: 178.1]
         [Processed Buffers: Min: 15, Avg: 21.1, Max: 25, Diff: 10, Sum: 169]
      [Scan RS (ms): Min: 15.8, Avg: 16.4, Max: 16.7, Diff: 0.9, Sum: 131.2]
      [Code Root Scanning (ms): Min: 0.0, Avg: 0.0, Max: 0.0, Diff: 0.0, Sum: 0.0]
      [Object Copy (ms): Min: 134.4, Avg: 134.5, Max: 134.7, Diff: 0.3, Sum: 1076.3]
      [Termination (ms): Min: 0.0, Avg: 0.2, Max: 0.3, Diff: 0.3, Sum: 1.5]
         [Termination Attempts: Min: 1, Avg: 1479.9, Max: 1912, Diff: 1911, Sum: 11839]
      [GC Worker Other (ms): Min: 0.0, Avg: 0.0, Max: 0.1, Diff: 0.1, Sum: 0.3]
      [GC Worker Total (ms): Min: 173.4, Avg: 173.5, Max: 173.6, Diff: 0.2, Sum: 1388.2]
      [GC Worker End (ms): Min: 51546.7, Avg: 51546.7, Max: 51546.7, Diff: 0.1]
   [Code Root Fixup: 0.0 ms]
   [Code Root Purge: 0.0 ms]
   [Clear CT: 0.1 ms]
   [Other: 0.9 ms]
      [Choose CSet: 0.0 ms]
      [Ref Proc: 0.1 ms]
      [Ref Enq: 0.0 ms]
      [Redirty Cards: 0.2 ms]
      [Humongous Register: 0.0 ms]
      [Humongous Reclaim: 0.0 ms]
      [Free CSet: 0.3 ms]
   [Eden: 265.0M(265.0M)->0.0B(262.0M) Survivors: 39.0M->38.0M Heap: 669.9M(2048.0M)->671.9M(2048.0M)]
 [Times: user=1.31 sys=0.03, real=0.17 secs] 
2020-09-29T12:02:43.015+0200: 51.702: [GC pause (G1 Evacuation Pause) (young), 0.1615536 secs]
   [Parallel Time: 160.5 ms, GC Workers: 8]
      [GC Worker Start (ms): Min: 51702.6, Avg: 51702.7, Max: 51702.8, Diff: 0.2]
      [Ext Root Scanning (ms): Min: 0.0, Avg: 0.1, Max: 0.2, Diff: 0.2, Sum: 0.5]
      [Update RS (ms): Min: 19.9, Avg: 20.0, Max: 20.4, Diff: 0.5, Sum: 160.2]
         [Processed Buffers: Min: 18, Avg: 20.6, Max: 23, Diff: 5, Sum: 165]
      [Scan RS (ms): Min: 16.3, Avg: 16.8, Max: 16.9, Diff: 0.6, Sum: 134.2]
      [Code Root Scanning (ms): Min: 0.0, Avg: 0.0, Max: 0.0, Diff: 0.0, Sum: 0.0]
      [Object Copy (ms): Min: 123.2, Avg: 123.3, Max: 123.4, Diff: 0.2, Sum: 986.5]
      [Termination (ms): Min: 0.0, Avg: 0.0, Max: 0.0, Diff: 0.0, Sum: 0.1]
         [Termination Attempts: Min: 1, Avg: 91.9, Max: 116, Diff: 115, Sum: 735]
      [GC Worker Other (ms): Min: 0.0, Avg: 0.0, Max: 0.1, Diff: 0.0, Sum: 0.2]
      [GC Worker Total (ms): Min: 160.1, Avg: 160.2, Max: 160.4, Diff: 0.2, Sum: 1281.8]
      [GC Worker End (ms): Min: 51862.9, Avg: 51862.9, Max: 51863.0, Diff: 0.0]
   [Code Root Fixup: 0.0 ms]
   [Code Root Purge: 0.0 ms]
   [Clear CT: 0.2 ms]
   [Other: 0.9 ms]
      [Choose CSet: 0.0 ms]
      [Ref Proc: 0.1 ms]
      [Ref Enq: 0.0 ms]
      [Redirty Cards: 0.2 ms]
      [Humongous Register: 0.0 ms]
      [Humongous Reclaim: 0.0 ms]
      [Free CSet: 0.3 ms]
   [Eden: 262.0M(262.0M)->0.0B(268.0M) Survivors: 38.0M->38.0M Heap: 977.7M(2048.0M)->979.7M(2048.0M)]
 [Times: user=1.27 sys=0.00, real=0.16 secs] 
2020-09-29T12:02:43.189+0200: 51.877: [GC pause (G1 Humongous Allocation) (young) (initial-mark), 0.0556670 secs]
   [Parallel Time: 54.7 ms, GC Workers: 8]
      [GC Worker Start (ms): Min: 51877.5, Avg: 51877.5, Max: 51877.6, Diff: 0.1]
      [Ext Root Scanning (ms): Min: 0.0, Avg: 0.1, Max: 0.1, Diff: 0.1, Sum: 0.7]
      [Update RS (ms): Min: 27.8, Avg: 28.1, Max: 28.3, Diff: 0.5, Sum: 224.5]
         [Processed Buffers: Min: 29, Avg: 31.8, Max: 34, Diff: 5, Sum: 254]
      [Scan RS (ms): Min: 2.1, Avg: 2.4, Max: 2.6, Diff: 0.4, Sum: 18.8]
      [Code Root Scanning (ms): Min: 0.0, Avg: 0.0, Max: 0.0, Diff: 0.0, Sum: 0.0]
      [Object Copy (ms): Min: 23.9, Avg: 24.0, Max: 24.0, Diff: 0.1, Sum: 191.6]
      [Termination (ms): Min: 0.0, Avg: 0.1, Max: 0.1, Diff: 0.1, Sum: 0.7]
         [Termination Attempts: Min: 1, Avg: 557.0, Max: 737, Diff: 736, Sum: 4456]
      [GC Worker Other (ms): Min: 0.0, Avg: 0.0, Max: 0.0, Diff: 0.0, Sum: 0.1]
      [GC Worker Total (ms): Min: 54.5, Avg: 54.6, Max: 54.6, Diff: 0.1, Sum: 436.5]
      [GC Worker End (ms): Min: 51932.1, Avg: 51932.1, Max: 51932.1, Diff: 0.0]
   [Code Root Fixup: 0.0 ms]
   [Code Root Purge: 0.0 ms]
   [Clear CT: 0.1 ms]
   [Other: 0.8 ms]
      [Choose CSet: 0.0 ms]
      [Ref Proc: 0.3 ms]
      [Ref Enq: 0.0 ms]
      [Redirty Cards: 0.2 ms]
      [Humongous Register: 0.1 ms]
      [Humongous Reclaim: 0.0 ms]
      [Free CSet: 0.1 ms]
   [Eden: 10.0M(268.0M)->0.0B(302.0M) Survivors: 38.0M->12.0M Heap: 989.2M(2048.0M)->993.7M(2048.0M)]
 [Times: user=0.48 sys=0.00, real=0.06 secs] 
2020-09-29T12:02:43.245+0200: 51.933: [GC concurrent-root-region-scan-start]
2020-09-29T12:02:43.248+0200: 51.936: [GC concurrent-root-region-scan-end, 0.0032363 secs]
2020-09-29T12:02:43.248+0200: 51.936: [GC concurrent-mark-start]
2020-09-29T12:02:43.251+0200: 51.939: [GC concurrent-mark-end, 0.0029678 secs]
2020-09-29T12:02:43.251+0200: 51.940: [GC remark 2020-09-29T12:02:43.251+0200: 51.940: [Finalize Marking, 0.0001569 secs] 2020-09-29T12:02:43.252+0200: 51.940: [GC ref-proc, 0.0003821 secs] 2020-09-29T12:02:43.252+0200: 51.940: [Unloading, 0.0006008 secs], 0.0015636 secs]
 [Times: user=0.00 sys=0.00, real=0.00 secs] 
2020-09-29T12:02:43.253+0200: 51.942: [GC cleanup 1007M->33M(2048M), 0.0015126 secs]
 [Times: user=0.08 sys=0.00, real=0.00 secs] 
2020-09-29T12:02:43.255+0200: 51.943: [GC concurrent-cleanup-start]
2020-09-29T12:02:43.258+0200: 51.946: [GC concurrent-cleanup-end, 0.0027950 secs]
2020-09-29T12:02:43.437+0200: 52.126: [GC pause (G1 Evacuation Pause) (young), 0.1768351 secs]
   [Parallel Time: 175.6 ms, GC Workers: 8]
      [GC Worker Start (ms): Min: 52125.8, Avg: 52126.2, Max: 52126.9, Diff: 1.1]
      [Ext Root Scanning (ms): Min: 0.0, Avg: 0.1, Max: 0.3, Diff: 0.2, Sum: 0.7]
      [Update RS (ms): Min: 15.8, Avg: 16.1, Max: 17.1, Diff: 1.4, Sum: 129.1]
         [Processed Buffers: Min: 13, Avg: 16.0, Max: 18, Diff: 5, Sum: 128]
      [Scan RS (ms): Min: 18.3, Avg: 19.9, Max: 20.5, Diff: 2.2, Sum: 159.0]
      [Code Root Scanning (ms): Min: 0.0, Avg: 0.0, Max: 0.0, Diff: 0.0, Sum: 0.0]
      [Object Copy (ms): Min: 138.0, Avg: 138.4, Max: 138.8, Diff: 0.8, Sum: 1106.9]
      [Termination (ms): Min: 0.0, Avg: 0.3, Max: 0.5, Diff: 0.5, Sum: 2.5]
         [Termination Attempts: Min: 1, Avg: 2221.8, Max: 3068, Diff: 3067, Sum: 17774]
      [GC Worker Other (ms): Min: 0.0, Avg: 0.2, Max: 0.3, Diff: 0.3, Sum: 1.3]
      [GC Worker Total (ms): Min: 174.3, Avg: 174.9, Max: 175.4, Diff: 1.1, Sum: 1399.5]
      [GC Worker End (ms): Min: 52301.0, Avg: 52301.1, Max: 52301.3, Diff: 0.3]
   [Code Root Fixup: 0.0 ms]
   [Code Root Purge: 0.0 ms]
   [Clear CT: 0.2 ms]
   [Other: 1.1 ms]
      [Choose CSet: 0.0 ms]
      [Ref Proc: 0.1 ms]
      [Ref Enq: 0.0 ms]
      [Redirty Cards: 0.3 ms]
      [Humongous Register: 0.1 ms]
      [Humongous Reclaim: 0.0 ms]
      [Free CSet: 0.3 ms]
   [Eden: 302.0M(302.0M)->0.0B(272.0M) Survivors: 12.0M->40.0M Heap: 373.5M(2048.0M)->363.5M(2048.0M)]
 [Times: user=1.30 sys=0.03, real=0.18 secs] 
2020-09-29T12:02:43.780+0200: 52.468: [GC pause (G1 Evacuation Pause) (young), 0.1608800 secs]
   [Parallel Time: 159.7 ms, GC Workers: 8]
      [GC Worker Start (ms): Min: 52468.0, Avg: 52468.1, Max: 52468.1, Diff: 0.2]
      [Ext Root Scanning (ms): Min: 0.0, Avg: 0.1, Max: 0.2, Diff: 0.2, Sum: 0.5]
      [Update RS (ms): Min: 14.4, Avg: 14.4, Max: 14.6, Diff: 0.2, Sum: 115.4]
         [Processed Buffers: Min: 15, Avg: 17.0, Max: 19, Diff: 4, Sum: 136]
      [Scan RS (ms): Min: 16.2, Avg: 16.4, Max: 16.6, Diff: 0.4, Sum: 131.3]
      [Code Root Scanning (ms): Min: 0.0, Avg: 0.0, Max: 0.0, Diff: 0.0, Sum: 0.0]
      [Object Copy (ms): Min: 128.4, Avg: 128.5, Max: 128.6, Diff: 0.2, Sum: 1028.1]
      [Termination (ms): Min: 0.0, Avg: 0.0, Max: 0.0, Diff: 0.0, Sum: 0.3]
         [Termination Attempts: Min: 1, Avg: 222.1, Max: 306, Diff: 305, Sum: 1777]
      [GC Worker Other (ms): Min: 0.0, Avg: 0.0, Max: 0.1, Diff: 0.1, Sum: 0.3]
      [GC Worker Total (ms): Min: 159.4, Avg: 159.5, Max: 159.6, Diff: 0.1, Sum: 1276.0]
      [GC Worker End (ms): Min: 52627.5, Avg: 52627.6, Max: 52627.6, Diff: 0.1]
   [Code Root Fixup: 0.0 ms]
   [Code Root Purge: 0.0 ms]
   [Clear CT: 0.2 ms]
   [Other: 1.0 ms]
      [Choose CSet: 0.0 ms]
      [Ref Proc: 0.2 ms]
      [Ref Enq: 0.0 ms]
      [Redirty Cards: 0.2 ms]
      [Humongous Register: 0.0 ms]
      [Humongous Reclaim: 0.0 ms]
      [Free CSet: 0.3 ms]
   [Eden: 272.0M(272.0M)->0.0B(278.0M) Survivors: 40.0M->39.0M Heap: 681.3M(2048.0M)->683.3M(2048.0M)]
 [Times: user=1.20 sys=0.03, real=0.16 secs] 
2020-09-29T12:02:44.108+0200: 52.797: [GC pause (G1 Evacuation Pause) (young), 0.1867884 secs]
   [Parallel Time: 185.7 ms, GC Workers: 8]
      [GC Worker Start (ms): Min: 52796.7, Avg: 52796.8, Max: 52797.0, Diff: 0.3]
      [Ext Root Scanning (ms): Min: 0.0, Avg: 0.1, Max: 0.2, Diff: 0.1, Sum: 0.6]
      [Update RS (ms): Min: 23.7, Avg: 24.2, Max: 24.9, Diff: 1.2, Sum: 193.4]
         [Processed Buffers: Min: 19, Avg: 22.4, Max: 25, Diff: 6, Sum: 179]
      [Scan RS (ms): Min: 18.0, Avg: 18.8, Max: 19.2, Diff: 1.2, Sum: 150.3]
      [Code Root Scanning (ms): Min: 0.0, Avg: 0.0, Max: 0.0, Diff: 0.0, Sum: 0.0]
      [Object Copy (ms): Min: 142.1, Avg: 142.2, Max: 142.4, Diff: 0.3, Sum: 1137.7]
      [Termination (ms): Min: 0.0, Avg: 0.2, Max: 0.4, Diff: 0.4, Sum: 1.2]
         [Termination Attempts: Min: 1, Avg: 967.1, Max: 1242, Diff: 1241, Sum: 7737]
      [GC Worker Other (ms): Min: 0.0, Avg: 0.0, Max: 0.1, Diff: 0.1, Sum: 0.3]
      [GC Worker Total (ms): Min: 185.2, Avg: 185.4, Max: 185.6, Diff: 0.4, Sum: 1483.5]
      [GC Worker End (ms): Min: 52982.2, Avg: 52982.2, Max: 52982.3, Diff: 0.1]
   [Code Root Fixup: 0.0 ms]
   [Code Root Purge: 0.0 ms]
   [Clear CT: 0.1 ms]
   [Other: 1.0 ms]
      [Choose CSet: 0.0 ms]
      [Ref Proc: 0.2 ms]
      [Ref Enq: 0.0 ms]
      [Redirty Cards: 0.3 ms]
      [Humongous Register: 0.1 ms]
      [Humongous Reclaim: 0.0 ms]
      [Free CSet: 0.3 ms]
   [Eden: 278.0M(278.0M)->0.0B(265.0M) Survivors: 39.0M->40.0M Heap: 1007.1M(2048.0M)->1008.6M(2048.0M)]
 [Times: user=1.41 sys=0.05, real=0.19 secs] 
2020-09-29T12:02:44.312+0200: 53.000: [GC pause (G1 Humongous Allocation) (young) (initial-mark), 0.0577624 secs]
   [Parallel Time: 56.5 ms, GC Workers: 8]
      [GC Worker Start (ms): Min: 53000.6, Avg: 53000.7, Max: 53000.8, Diff: 0.2]
      [Ext Root Scanning (ms): Min: 0.0, Avg: 0.3, Max: 1.0, Diff: 0.9, Sum: 2.6]
      [Update RS (ms): Min: 30.4, Avg: 31.1, Max: 31.5, Diff: 1.1, Sum: 248.9]
         [Processed Buffers: Min: 19, Avg: 29.4, Max: 35, Diff: 16, Sum: 235]
      [Scan RS (ms): Min: 2.8, Avg: 3.0, Max: 3.2, Diff: 0.4, Sum: 24.0]
      [Code Root Scanning (ms): Min: 0.0, Avg: 0.0, Max: 0.0, Diff: 0.0, Sum: 0.0]
      [Object Copy (ms): Min: 21.8, Avg: 21.9, Max: 21.9, Diff: 0.1, Sum: 174.8]
      [Termination (ms): Min: 0.0, Avg: 0.0, Max: 0.0, Diff: 0.0, Sum: 0.1]
         [Termination Attempts: Min: 1, Avg: 87.3, Max: 127, Diff: 126, Sum: 698]
      [GC Worker Other (ms): Min: 0.0, Avg: 0.0, Max: 0.0, Diff: 0.0, Sum: 0.1]
      [GC Worker Total (ms): Min: 56.2, Avg: 56.3, Max: 56.4, Diff: 0.2, Sum: 450.6]
      [GC Worker End (ms): Min: 53057.0, Avg: 53057.0, Max: 53057.0, Diff: 0.0]
   [Code Root Fixup: 0.0 ms]
   [Code Root Purge: 0.0 ms]
   [Clear CT: 0.2 ms]
   [Other: 1.1 ms]
      [Choose CSet: 0.0 ms]
      [Ref Proc: 0.2 ms]
      [Ref Enq: 0.0 ms]
      [Redirty Cards: 0.4 ms]
      [Humongous Register: 0.1 ms]
      [Humongous Reclaim: 0.0 ms]
      [Free CSet: 0.1 ms]
   [Eden: 7168.0K(265.0M)->0.0B(307.0M) Survivors: 40.0M->8192.0K Heap: 1015.1M(2048.0M)->1018.6M(2048.0M)]
 [Times: user=0.44 sys=0.00, real=0.06 secs] 
2020-09-29T12:02:44.370+0200: 53.058: [GC concurrent-root-region-scan-start]
2020-09-29T12:02:44.373+0200: 53.061: [GC concurrent-root-region-scan-end, 0.0026034 secs]
2020-09-29T12:02:44.373+0200: 53.061: [GC concurrent-mark-start]
2020-09-29T12:02:44.378+0200: 53.066: [GC concurrent-mark-end, 0.0043202 secs]
2020-09-29T12:02:44.378+0200: 53.066: [GC remark 2020-09-29T12:02:44.378+0200: 53.066: [Finalize Marking, 0.0002370 secs] 2020-09-29T12:02:44.378+0200: 53.066: [GC ref-proc, 0.0004177 secs] 2020-09-29T12:02:44.379+0200: 53.067: [Unloading, 0.0005207 secs], 0.0015670 secs]
 [Times: user=0.00 sys=0.02, real=0.00 secs] 
2020-09-29T12:02:44.380+0200: 53.068: [GC cleanup 1031M->29M(2048M), 0.0017485 secs]
 [Times: user=0.00 sys=0.00, real=0.00 secs] 
2020-09-29T12:02:44.382+0200: 53.070: [GC concurrent-cleanup-start]
2020-09-29T12:02:44.384+0200: 53.072: [GC concurrent-cleanup-end, 0.0021011 secs]
2020-09-29T12:02:44.560+0200: 53.247: [GC pause (G1 Evacuation Pause) (young), 0.1879646 secs]
   [Parallel Time: 186.8 ms, GC Workers: 8]
      [GC Worker Start (ms): Min: 53247.5, Avg: 53247.5, Max: 53247.6, Diff: 0.1]
      [Ext Root Scanning (ms): Min: 0.0, Avg: 0.1, Max: 0.1, Diff: 0.1, Sum: 0.6]
      [Update RS (ms): Min: 11.8, Avg: 12.0, Max: 12.4, Diff: 0.6, Sum: 95.8]
         [Processed Buffers: Min: 12, Avg: 13.9, Max: 16, Diff: 4, Sum: 111]
      [Scan RS (ms): Min: 15.9, Avg: 16.8, Max: 20.1, Diff: 4.2, Sum: 134.1]
      [Code Root Scanning (ms): Min: 0.0, Avg: 0.0, Max: 0.0, Diff: 0.0, Sum: 0.0]
      [Object Copy (ms): Min: 154.2, Avg: 157.3, Max: 157.9, Diff: 3.7, Sum: 1258.6]
      [Termination (ms): Min: 0.0, Avg: 0.0, Max: 0.0, Diff: 0.0, Sum: 0.3]
         [Termination Attempts: Min: 1, Avg: 241.1, Max: 341, Diff: 340, Sum: 1929]
      [GC Worker Other (ms): Min: 0.2, Avg: 0.4, Max: 0.5, Diff: 0.3, Sum: 3.4]
      [GC Worker Total (ms): Min: 186.4, Avg: 186.6, Max: 186.7, Diff: 0.3, Sum: 1492.8]
      [GC Worker End (ms): Min: 53433.9, Avg: 53434.1, Max: 53434.2, Diff: 0.3]
   [Code Root Fixup: 0.0 ms]
   [Code Root Purge: 0.0 ms]
   [Clear CT: 0.2 ms]
   [Other: 1.0 ms]
      [Choose CSet: 0.0 ms]
      [Ref Proc: 0.2 ms]
      [Ref Enq: 0.0 ms]
      [Redirty Cards: 0.2 ms]
      [Humongous Register: 0.0 ms]
      [Humongous Reclaim: 0.0 ms]
      [Free CSet: 0.3 ms]
   [Eden: 307.0M(307.0M)->0.0B(264.0M) Survivors: 8192.0K->40.0M Heap: 374.5M(2048.0M)->368.0M(2048.0M)]
 [Times: user=1.36 sys=0.00, real=0.19 secs] 
2020-09-29T12:02:44.931+0200: 53.619: [GC pause (G1 Evacuation Pause) (young), 0.1592255 secs]
   [Parallel Time: 158.0 ms, GC Workers: 8]
      [GC Worker Start (ms): Min: 53619.1, Avg: 53619.2, Max: 53619.3, Diff: 0.1]
      [Ext Root Scanning (ms): Min: 0.0, Avg: 0.1, Max: 0.2, Diff: 0.1, Sum: 0.6]
      [Update RS (ms): Min: 16.1, Avg: 16.4, Max: 16.7, Diff: 0.6, Sum: 131.1]
         [Processed Buffers: Min: 15, Avg: 15.8, Max: 17, Diff: 2, Sum: 126]
      [Scan RS (ms): Min: 15.6, Avg: 16.0, Max: 16.2, Diff: 0.6, Sum: 127.7]
      [Code Root Scanning (ms): Min: 0.0, Avg: 0.0, Max: 0.0, Diff: 0.0, Sum: 0.0]
      [Object Copy (ms): Min: 125.1, Avg: 125.3, Max: 125.4, Diff: 0.3, Sum: 1002.4]
      [Termination (ms): Min: 0.0, Avg: 0.1, Max: 0.1, Diff: 0.1, Sum: 0.4]
         [Termination Attempts: Min: 1, Avg: 393.0, Max: 508, Diff: 507, Sum: 3144]
      [GC Worker Other (ms): Min: 0.0, Avg: 0.0, Max: 0.1, Diff: 0.0, Sum: 0.2]
      [GC Worker Total (ms): Min: 157.7, Avg: 157.8, Max: 157.9, Diff: 0.2, Sum: 1262.5]
      [GC Worker End (ms): Min: 53777.0, Avg: 53777.0, Max: 53777.0, Diff: 0.0]
   [Code Root Fixup: 0.0 ms]
   [Code Root Purge: 0.0 ms]
   [Clear CT: 0.2 ms]
   [Other: 1.1 ms]
      [Choose CSet: 0.0 ms]
      [Ref Proc: 0.2 ms]
      [Ref Enq: 0.0 ms]
      [Redirty Cards: 0.2 ms]
      [Humongous Register: 0.0 ms]
      [Humongous Reclaim: 0.0 ms]
      [Free CSet: 0.3 ms]
   [Eden: 264.0M(264.0M)->0.0B(272.0M) Survivors: 40.0M->38.0M Heap: 675.9M(2048.0M)->678.4M(2048.0M)]
 [Times: user=1.25 sys=0.00, real=0.16 secs] 
2020-09-29T12:02:45.235+0200: 53.922: [GC pause (G1 Evacuation Pause) (young), 0.1656736 secs]
   [Parallel Time: 164.1 ms, GC Workers: 8]
      [GC Worker Start (ms): Min: 53922.3, Avg: 53922.4, Max: 53922.5, Diff: 0.2]
      [Ext Root Scanning (ms): Min: 0.0, Avg: 0.1, Max: 0.2, Diff: 0.2, Sum: 0.4]
      [Update RS (ms): Min: 16.7, Avg: 16.9, Max: 17.1, Diff: 0.4, Sum: 135.0]
         [Processed Buffers: Min: 20, Avg: 20.5, Max: 22, Diff: 2, Sum: 164]
      [Scan RS (ms): Min: 13.9, Avg: 14.2, Max: 14.4, Diff: 0.6, Sum: 113.3]
      [Code Root Scanning (ms): Min: 0.0, Avg: 0.0, Max: 0.0, Diff: 0.0, Sum: 0.0]
      [Object Copy (ms): Min: 132.5, Avg: 132.7, Max: 132.9, Diff: 0.4, Sum: 1061.4]
      [Termination (ms): Min: 0.0, Avg: 0.2, Max: 0.3, Diff: 0.2, Sum: 1.3]
         [Termination Attempts: Min: 1, Avg: 898.6, Max: 1376, Diff: 1375, Sum: 7189]
      [GC Worker Other (ms): Min: 0.0, Avg: 0.0, Max: 0.0, Diff: 0.0, Sum: 0.1]
      [GC Worker Total (ms): Min: 163.9, Avg: 163.9, Max: 164.0, Diff: 0.2, Sum: 1311.5]
      [GC Worker End (ms): Min: 54086.3, Avg: 54086.4, Max: 54086.4, Diff: 0.0]
   [Code Root Fixup: 0.0 ms]
   [Code Root Purge: 0.0 ms]
   [Clear CT: 0.2 ms]
   [Other: 1.4 ms]
      [Choose CSet: 0.0 ms]
      [Ref Proc: 0.1 ms]
      [Ref Enq: 0.0 ms]
      [Redirty Cards: 0.8 ms]
      [Humongous Register: 0.0 ms]
      [Humongous Reclaim: 0.0 ms]
      [Free CSet: 0.2 ms]
   [Eden: 272.0M(272.0M)->0.0B(278.0M) Survivors: 38.0M->39.0M Heap: 996.1M(2048.0M)->998.1M(2048.0M)]
 [Times: user=1.33 sys=0.00, real=0.17 secs] 
2020-09-29T12:02:45.411+0200: 54.099: [GC pause (G1 Humongous Allocation) (young) (initial-mark), 0.0616409 secs]
   [Parallel Time: 60.4 ms, GC Workers: 8]
      [GC Worker Start (ms): Min: 54098.7, Avg: 54098.8, Max: 54098.9, Diff: 0.1]
      [Ext Root Scanning (ms): Min: 0.1, Avg: 0.2, Max: 0.5, Diff: 0.4, Sum: 1.9]
      [Update RS (ms): Min: 36.3, Avg: 36.7, Max: 37.4, Diff: 1.1, Sum: 293.9]
         [Processed Buffers: Min: 36, Avg: 40.3, Max: 42, Diff: 6, Sum: 322]
      [Scan RS (ms): Min: 1.8, Avg: 2.4, Max: 2.5, Diff: 0.7, Sum: 18.9]
      [Code Root Scanning (ms): Min: 0.0, Avg: 0.0, Max: 0.0, Diff: 0.0, Sum: 0.0]
      [Object Copy (ms): Min: 20.6, Avg: 20.7, Max: 20.8, Diff: 0.1, Sum: 165.8]
      [Termination (ms): Min: 0.0, Avg: 0.1, Max: 0.1, Diff: 0.1, Sum: 0.5]
         [Termination Attempts: Min: 1, Avg: 446.1, Max: 598, Diff: 597, Sum: 3569]
      [GC Worker Other (ms): Min: 0.0, Avg: 0.0, Max: 0.0, Diff: 0.0, Sum: 0.1]
      [GC Worker Total (ms): Min: 60.1, Avg: 60.1, Max: 60.2, Diff: 0.1, Sum: 481.1]
      [GC Worker End (ms): Min: 54158.9, Avg: 54158.9, Max: 54158.9, Diff: 0.0]
   [Code Root Fixup: 0.0 ms]
   [Code Root Purge: 0.0 ms]
   [Clear CT: 0.2 ms]
   [Other: 1.1 ms]
      [Choose CSet: 0.0 ms]
      [Ref Proc: 0.3 ms]
      [Ref Enq: 0.0 ms]
      [Redirty Cards: 0.4 ms]
      [Humongous Register: 0.1 ms]
      [Humongous Reclaim: 0.0 ms]
      [Free CSet: 0.1 ms]
   [Eden: 4096.0K(278.0M)->0.0B(309.0M) Survivors: 39.0M->6144.0K Heap: 1002.1M(2048.0M)->1006.1M(2048.0M)]
 [Times: user=0.38 sys=0.00, real=0.06 secs] 
2020-09-29T12:02:45.473+0200: 54.160: [GC concurrent-root-region-scan-start]
2020-09-29T12:02:45.474+0200: 54.162: [GC concurrent-root-region-scan-end, 0.0016296 secs]
2020-09-29T12:02:45.474+0200: 54.162: [GC concurrent-mark-start]
2020-09-29T12:02:45.477+0200: 54.165: [GC concurrent-mark-end, 0.0031705 secs]
2020-09-29T12:02:45.478+0200: 54.166: [GC remark 2020-09-29T12:02:45.478+0200: 54.166: [Finalize Marking, 0.0002251 secs] 2020-09-29T12:02:45.478+0200: 54.166: [GC ref-proc, 0.0004016 secs] 2020-09-29T12:02:45.479+0200: 54.166: [Unloading, 0.0005698 secs], 0.0015541 secs]
 [Times: user=0.00 sys=0.00, real=0.00 secs] 
2020-09-29T12:02:45.480+0200: 54.168: [GC cleanup 1016M->23M(2048M), 0.0013801 secs]
 [Times: user=0.00 sys=0.00, real=0.00 secs] 
2020-09-29T12:02:45.481+0200: 54.169: [GC concurrent-cleanup-start]
2020-09-29T12:02:45.483+0200: 54.171: [GC concurrent-cleanup-end, 0.0016100 secs]
2020-09-29T12:02:45.670+0200: 54.357: [GC pause (G1 Evacuation Pause) (young), 0.2006972 secs]
   [Parallel Time: 199.3 ms, GC Workers: 8]
      [GC Worker Start (ms): Min: 54357.3, Avg: 54357.4, Max: 54357.5, Diff: 0.1]
      [Ext Root Scanning (ms): Min: 0.0, Avg: 0.1, Max: 0.2, Diff: 0.1, Sum: 0.6]
      [Update RS (ms): Min: 15.6, Avg: 16.1, Max: 16.5, Diff: 0.9, Sum: 128.9]
         [Processed Buffers: Min: 15, Avg: 16.9, Max: 18, Diff: 3, Sum: 135]
      [Scan RS (ms): Min: 16.3, Avg: 16.6, Max: 17.0, Diff: 0.7, Sum: 132.9]
      [Code Root Scanning (ms): Min: 0.0, Avg: 0.0, Max: 0.0, Diff: 0.0, Sum: 0.0]
      [Object Copy (ms): Min: 165.5, Avg: 165.9, Max: 166.3, Diff: 0.7, Sum: 1327.0]
      [Termination (ms): Min: 0.0, Avg: 0.4, Max: 0.7, Diff: 0.6, Sum: 3.4]
         [Termination Attempts: Min: 1, Avg: 2123.4, Max: 3102, Diff: 3101, Sum: 16987]
      [GC Worker Other (ms): Min: 0.0, Avg: 0.0, Max: 0.0, Diff: 0.0, Sum: 0.1]
      [GC Worker Total (ms): Min: 199.0, Avg: 199.1, Max: 199.2, Diff: 0.2, Sum: 1592.9]
      [GC Worker End (ms): Min: 54556.5, Avg: 54556.5, Max: 54556.6, Diff: 0.1]
   [Code Root Fixup: 0.0 ms]
   [Code Root Purge: 0.0 ms]
   [Clear CT: 0.2 ms]
   [Other: 1.2 ms]
      [Choose CSet: 0.0 ms]
      [Ref Proc: 0.1 ms]
      [Ref Enq: 0.0 ms]
      [Redirty Cards: 0.3 ms]
      [Humongous Register: 0.1 ms]
      [Humongous Reclaim: 0.0 ms]
      [Free CSet: 0.4 ms]
   [Eden: 309.0M(309.0M)->0.0B(258.0M) Survivors: 6144.0K->40.0M Heap: 374.5M(2048.0M)->371.0M(2048.0M)]
 [Times: user=1.39 sys=0.00, real=0.20 secs] 
2020-09-29T12:02:46.059+0200: 54.746: [GC pause (G1 Evacuation Pause) (young), 0.1493997 secs]
   [Parallel Time: 148.3 ms, GC Workers: 8]
      [GC Worker Start (ms): Min: 54746.5, Avg: 54746.5, Max: 54746.6, Diff: 0.1]
      [Ext Root Scanning (ms): Min: 0.0, Avg: 0.1, Max: 0.1, Diff: 0.1, Sum: 0.6]
      [Update RS (ms): Min: 16.9, Avg: 17.1, Max: 17.5, Diff: 0.6, Sum: 136.9]
         [Processed Buffers: Min: 18, Avg: 19.9, Max: 22, Diff: 4, Sum: 159]
      [Scan RS (ms): Min: 12.9, Avg: 13.3, Max: 13.6, Diff: 0.8, Sum: 106.5]
      [Code Root Scanning (ms): Min: 0.0, Avg: 0.0, Max: 0.0, Diff: 0.0, Sum: 0.0]
      [Object Copy (ms): Min: 117.4, Avg: 117.5, Max: 117.6, Diff: 0.2, Sum: 940.2]
      [Termination (ms): Min: 0.0, Avg: 0.1, Max: 0.1, Diff: 0.1, Sum: 0.4]
         [Termination Attempts: Min: 1, Avg: 426.6, Max: 539, Diff: 538, Sum: 3413]
      [GC Worker Other (ms): Min: 0.0, Avg: 0.1, Max: 0.1, Diff: 0.1, Sum: 0.5]
      [GC Worker Total (ms): Min: 148.0, Avg: 148.1, Max: 148.2, Diff: 0.1, Sum: 1185.1]
      [GC Worker End (ms): Min: 54894.6, Avg: 54894.7, Max: 54894.7, Diff: 0.1]
   [Code Root Fixup: 0.0 ms]
   [Code Root Purge: 0.0 ms]
   [Clear CT: 0.1 ms]
   [Other: 1.0 ms]
      [Choose CSet: 0.0 ms]
      [Ref Proc: 0.2 ms]
      [Ref Enq: 0.0 ms]
      [Redirty Cards: 0.2 ms]
      [Humongous Register: 0.0 ms]
      [Humongous Reclaim: 0.0 ms]
      [Free CSet: 0.3 ms]
   [Eden: 258.0M(258.0M)->0.0B(273.0M) Survivors: 40.0M->38.0M Heap: 672.9M(2048.0M)->674.4M(2048.0M)]
 [Times: user=1.23 sys=0.02, real=0.15 secs] 
2020-09-29T12:02:46.375+0200: 55.062: [GC pause (G1 Evacuation Pause) (young), 0.1808521 secs]
   [Parallel Time: 179.7 ms, GC Workers: 8]
      [GC Worker Start (ms): Min: 55062.5, Avg: 55062.6, Max: 55062.7, Diff: 0.2]
      [Ext Root Scanning (ms): Min: 0.0, Avg: 0.1, Max: 0.2, Diff: 0.2, Sum: 0.8]
      [Update RS (ms): Min: 25.6, Avg: 25.7, Max: 26.0, Diff: 0.4, Sum: 205.6]
         [Processed Buffers: Min: 22, Avg: 26.1, Max: 29, Diff: 7, Sum: 209]
      [Scan RS (ms): Min: 14.0, Avg: 14.4, Max: 14.6, Diff: 0.5, Sum: 115.1]
      [Code Root Scanning (ms): Min: 0.0, Avg: 0.0, Max: 0.0, Diff: 0.0, Sum: 0.0]
      [Object Copy (ms): Min: 139.0, Avg: 139.2, Max: 139.4, Diff: 0.4, Sum: 1113.6]
      [Termination (ms): Min: 0.0, Avg: 0.1, Max: 0.1, Diff: 0.1, Sum: 0.7]
         [Termination Attempts: Min: 1, Avg: 600.8, Max: 901, Diff: 900, Sum: 4806]
      [GC Worker Other (ms): Min: 0.0, Avg: 0.1, Max: 0.1, Diff: 0.0, Sum: 0.4]
      [GC Worker Total (ms): Min: 179.4, Avg: 179.5, Max: 179.6, Diff: 0.2, Sum: 1436.2]
      [GC Worker End (ms): Min: 55242.1, Avg: 55242.1, Max: 55242.2, Diff: 0.1]
   [Code Root Fixup: 0.0 ms]
   [Code Root Purge: 0.0 ms]
   [Clear CT: 0.2 ms]
   [Other: 1.0 ms]
      [Choose CSet: 0.0 ms]
      [Ref Proc: 0.2 ms]
      [Ref Enq: 0.0 ms]
      [Redirty Cards: 0.2 ms]
      [Humongous Register: 0.1 ms]
      [Humongous Reclaim: 0.0 ms]
      [Free CSet: 0.3 ms]
   [Eden: 273.0M(273.0M)->0.0B(268.0M) Survivors: 38.0M->39.0M Heap: 993.1M(2048.0M)->995.1M(2048.0M)]
 [Times: user=1.44 sys=0.00, real=0.18 secs] 
2020-09-29T12:02:46.565+0200: 55.253: [GC pause (G1 Humongous Allocation) (young) (initial-mark), 0.0644442 secs]
   [Parallel Time: 63.4 ms, GC Workers: 8]
      [GC Worker Start (ms): Min: 55252.9, Avg: 55252.9, Max: 55253.0, Diff: 0.1]
      [Ext Root Scanning (ms): Min: 0.0, Avg: 0.1, Max: 0.1, Diff: 0.1, Sum: 0.7]
      [Update RS (ms): Min: 36.0, Avg: 36.3, Max: 36.6, Diff: 0.6, Sum: 290.1]
         [Processed Buffers: Min: 35, Avg: 38.8, Max: 42, Diff: 7, Sum: 310]
      [Scan RS (ms): Min: 2.2, Avg: 2.5, Max: 2.8, Diff: 0.6, Sum: 20.3]
      [Code Root Scanning (ms): Min: 0.0, Avg: 0.0, Max: 0.0, Diff: 0.0, Sum: 0.0]
      [Object Copy (ms): Min: 24.2, Avg: 24.2, Max: 24.3, Diff: 0.1, Sum: 193.8]
      [Termination (ms): Min: 0.0, Avg: 0.1, Max: 0.1, Diff: 0.1, Sum: 0.4]
         [Termination Attempts: Min: 1, Avg: 362.5, Max: 433, Diff: 432, Sum: 2900]
      [GC Worker Other (ms): Min: 0.0, Avg: 0.0, Max: 0.0, Diff: 0.0, Sum: 0.1]
      [GC Worker Total (ms): Min: 63.1, Avg: 63.2, Max: 63.2, Diff: 0.1, Sum: 505.4]
      [GC Worker End (ms): Min: 55316.1, Avg: 55316.1, Max: 55316.1, Diff: 0.0]
   [Code Root Fixup: 0.0 ms]
   [Code Root Purge: 0.0 ms]
   [Clear CT: 0.3 ms]
   [Other: 0.8 ms]
      [Choose CSet: 0.0 ms]
      [Ref Proc: 0.2 ms]
      [Ref Enq: 0.0 ms]
      [Redirty Cards: 0.2 ms]
      [Humongous Register: 0.1 ms]
      [Humongous Reclaim: 0.0 ms]
      [Free CSet: 0.1 ms]
   [Eden: 7168.0K(268.0M)->0.0B(293.0M) Survivors: 39.0M->9216.0K Heap: 1002.1M(2048.0M)->1006.6M(2048.0M)]
 [Times: user=0.47 sys=0.00, real=0.07 secs] 
2020-09-29T12:02:46.630+0200: 55.317: [GC concurrent-root-region-scan-start]
2020-09-29T12:02:46.632+0200: 55.320: [GC concurrent-root-region-scan-end, 0.0027386 secs]
2020-09-29T12:02:46.632+0200: 55.320: [GC concurrent-mark-start]
2020-09-29T12:02:46.638+0200: 55.325: [GC concurrent-mark-end, 0.0048727 secs]
2020-09-29T12:02:46.638+0200: 55.326: [GC remark 2020-09-29T12:02:46.638+0200: 55.326: [Finalize Marking, 0.0003002 secs] 2020-09-29T12:02:46.638+0200: 55.326: [GC ref-proc, 0.0004180 secs] 2020-09-29T12:02:46.639+0200: 55.326: [Unloading, 0.0005414 secs], 0.0016719 secs]
 [Times: user=0.00 sys=0.00, real=0.00 secs] 
2020-09-29T12:02:46.640+0200: 55.328: [GC cleanup 1025M->35M(2048M), 0.0014065 secs]
 [Times: user=0.00 sys=0.00, real=0.00 secs] 
2020-09-29T12:02:46.642+0200: 55.329: [GC concurrent-cleanup-start]
2020-09-29T12:02:46.643+0200: 55.331: [GC concurrent-cleanup-end, 0.0015637 secs]
2020-09-29T12:02:46.816+0200: 55.503: [GC pause (G1 Evacuation Pause) (young), 0.1768751 secs]
   [Parallel Time: 175.7 ms, GC Workers: 8]
      [GC Worker Start (ms): Min: 55503.1, Avg: 55503.2, Max: 55503.3, Diff: 0.2]
      [Ext Root Scanning (ms): Min: 0.0, Avg: 0.1, Max: 0.2, Diff: 0.2, Sum: 0.7]
      [Update RS (ms): Min: 19.7, Avg: 19.9, Max: 20.4, Diff: 0.7, Sum: 159.1]
         [Processed Buffers: Min: 15, Avg: 17.0, Max: 19, Diff: 4, Sum: 136]
      [Scan RS (ms): Min: 19.8, Avg: 20.3, Max: 20.4, Diff: 0.6, Sum: 162.0]
      [Code Root Scanning (ms): Min: 0.0, Avg: 0.0, Max: 0.0, Diff: 0.0, Sum: 0.0]
      [Object Copy (ms): Min: 134.8, Avg: 135.2, Max: 135.3, Diff: 0.5, Sum: 1081.5]
      [Termination (ms): Min: 0.0, Avg: 0.0, Max: 0.0, Diff: 0.0, Sum: 0.2]
         [Termination Attempts: Min: 1, Avg: 168.0, Max: 231, Diff: 230, Sum: 1344]
      [GC Worker Other (ms): Min: 0.0, Avg: 0.1, Max: 0.1, Diff: 0.1, Sum: 0.5]
      [GC Worker Total (ms): Min: 175.4, Avg: 175.5, Max: 175.6, Diff: 0.2, Sum: 1404.1]
      [GC Worker End (ms): Min: 55678.6, Avg: 55678.7, Max: 55678.7, Diff: 0.1]
   [Code Root Fixup: 0.0 ms]
   [Code Root Purge: 0.0 ms]
   [Clear CT: 0.2 ms]
   [Other: 1.0 ms]
      [Choose CSet: 0.0 ms]
      [Ref Proc: 0.2 ms]
      [Ref Enq: 0.0 ms]
      [Redirty Cards: 0.2 ms]
      [Humongous Register: 0.0 ms]
      [Humongous Reclaim: 0.0 ms]
      [Free CSet: 0.3 ms]
   [Eden: 293.0M(293.0M)->0.0B(259.0M) Survivors: 9216.0K->38.0M Heap: 359.6M(2048.0M)->352.1M(2048.0M)]
 [Times: user=1.39 sys=0.00, real=0.18 secs] 
2020-09-29T12:02:47.171+0200: 55.858: [GC pause (G1 Evacuation Pause) (young), 0.1827266 secs]
   [Parallel Time: 181.6 ms, GC Workers: 8]
      [GC Worker Start (ms): Min: 55858.2, Avg: 55858.2, Max: 55858.3, Diff: 0.1]
      [Ext Root Scanning (ms): Min: 0.0, Avg: 0.1, Max: 0.1, Diff: 0.1, Sum: 0.7]
      [Update RS (ms): Min: 20.1, Avg: 20.2, Max: 20.8, Diff: 0.7, Sum: 161.9]
         [Processed Buffers: Min: 19, Avg: 22.6, Max: 26, Diff: 7, Sum: 181]
      [Scan RS (ms): Min: 13.4, Avg: 14.0, Max: 14.2, Diff: 0.8, Sum: 111.8]
      [Code Root Scanning (ms): Min: 0.0, Avg: 0.0, Max: 0.0, Diff: 0.0, Sum: 0.0]
      [Object Copy (ms): Min: 146.5, Avg: 146.6, Max: 146.8, Diff: 0.3, Sum: 1173.0]
      [Termination (ms): Min: 0.0, Avg: 0.2, Max: 0.2, Diff: 0.2, Sum: 1.2]
         [Termination Attempts: Min: 1, Avg: 1035.6, Max: 1309, Diff: 1308, Sum: 8285]
      [GC Worker Other (ms): Min: 0.0, Avg: 0.3, Max: 0.4, Diff: 0.4, Sum: 2.4]
      [GC Worker Total (ms): Min: 181.1, Avg: 181.4, Max: 181.5, Diff: 0.4, Sum: 1451.0]
      [GC Worker End (ms): Min: 56039.3, Avg: 56039.6, Max: 56039.7, Diff: 0.4]
   [Code Root Fixup: 0.0 ms]
   [Code Root Purge: 0.0 ms]
   [Clear CT: 0.1 ms]
   [Other: 1.0 ms]
      [Choose CSet: 0.0 ms]
      [Ref Proc: 0.2 ms]
      [Ref Enq: 0.0 ms]
      [Redirty Cards: 0.3 ms]
      [Humongous Register: 0.0 ms]
      [Humongous Reclaim: 0.0 ms]
      [Free CSet: 0.3 ms]
   [Eden: 259.0M(259.0M)->0.0B(254.0M) Survivors: 38.0M->38.0M Heap: 655.0M(2048.0M)->657.0M(2048.0M)]
 [Times: user=1.27 sys=0.03, real=0.18 secs] 
2020-09-29T12:02:47.521+0200: 56.208: [GC pause (G1 Evacuation Pause) (young), 0.1917286 secs]
   [Parallel Time: 190.6 ms, GC Workers: 8]
      [GC Worker Start (ms): Min: 56208.1, Avg: 56208.2, Max: 56208.3, Diff: 0.2]
      [Ext Root Scanning (ms): Min: 0.0, Avg: 0.1, Max: 0.2, Diff: 0.2, Sum: 0.7]
      [Update RS (ms): Min: 19.2, Avg: 19.4, Max: 19.6, Diff: 0.4, Sum: 155.0]
         [Processed Buffers: Min: 17, Avg: 18.9, Max: 22, Diff: 5, Sum: 151]
      [Scan RS (ms): Min: 22.1, Avg: 22.4, Max: 22.8, Diff: 0.7, Sum: 179.6]
      [Code Root Scanning (ms): Min: 0.0, Avg: 0.0, Max: 0.0, Diff: 0.0, Sum: 0.0]
      [Object Copy (ms): Min: 147.6, Avg: 148.0, Max: 148.4, Diff: 0.8, Sum: 1184.3]
      [Termination (ms): Min: 0.0, Avg: 0.4, Max: 0.8, Diff: 0.8, Sum: 3.3]
         [Termination Attempts: Min: 1, Avg: 2498.6, Max: 3615, Diff: 3614, Sum: 19989]
      [GC Worker Other (ms): Min: 0.0, Avg: 0.0, Max: 0.1, Diff: 0.0, Sum: 0.3]
      [GC Worker Total (ms): Min: 190.3, Avg: 190.4, Max: 190.5, Diff: 0.2, Sum: 1523.2]
      [GC Worker End (ms): Min: 56398.6, Avg: 56398.6, Max: 56398.6, Diff: 0.0]
   [Code Root Fixup: 0.0 ms]
   [Code Root Purge: 0.0 ms]
   [Clear CT: 0.2 ms]
   [Other: 1.0 ms]
      [Choose CSet: 0.0 ms]
      [Ref Proc: 0.3 ms]
      [Ref Enq: 0.0 ms]
      [Redirty Cards: 0.2 ms]
      [Humongous Register: 0.1 ms]
      [Humongous Reclaim: 0.0 ms]
      [Free CSet: 0.2 ms]
   [Eden: 254.0M(254.0M)->0.0B(237.0M) Survivors: 38.0M->37.0M Heap: 952.9M(2048.0M)->954.9M(2048.0M)]
 [Times: user=1.25 sys=0.03, real=0.19 secs] 
2020-09-29T12:02:47.723+0200: 56.411: [GC pause (G1 Humongous Allocation) (young) (initial-mark), 0.0714661 secs]
   [Parallel Time: 70.3 ms, GC Workers: 8]
      [GC Worker Start (ms): Min: 56410.8, Avg: 56410.8, Max: 56410.9, Diff: 0.2]
      [Ext Root Scanning (ms): Min: 0.0, Avg: 0.8, Max: 5.5, Diff: 5.5, Sum: 6.5]
      [Update RS (ms): Min: 27.7, Avg: 32.7, Max: 34.7, Diff: 7.0, Sum: 261.8]
         [Processed Buffers: Min: 31, Avg: 35.3, Max: 38, Diff: 7, Sum: 282]
      [Scan RS (ms): Min: 1.8, Avg: 3.1, Max: 3.5, Diff: 1.8, Sum: 24.9]
      [Code Root Scanning (ms): Min: 0.0, Avg: 0.0, Max: 0.0, Diff: 0.0, Sum: 0.0]
      [Object Copy (ms): Min: 33.0, Avg: 33.2, Max: 33.4, Diff: 0.4, Sum: 265.8]
      [Termination (ms): Min: 0.0, Avg: 0.2, Max: 0.3, Diff: 0.2, Sum: 1.6]
         [Termination Attempts: Min: 1, Avg: 1156.6, Max: 1643, Diff: 1642, Sum: 9253]
      [GC Worker Other (ms): Min: 0.0, Avg: 0.0, Max: 0.0, Diff: 0.0, Sum: 0.1]
      [GC Worker Total (ms): Min: 70.0, Avg: 70.1, Max: 70.2, Diff: 0.2, Sum: 560.8]
      [GC Worker End (ms): Min: 56480.9, Avg: 56480.9, Max: 56480.9, Diff: 0.0]
   [Code Root Fixup: 0.0 ms]
   [Code Root Purge: 0.0 ms]
   [Clear CT: 0.4 ms]
   [Other: 0.8 ms]
      [Choose CSet: 0.0 ms]
      [Ref Proc: 0.2 ms]
      [Ref Enq: 0.0 ms]
      [Redirty Cards: 0.2 ms]
      [Humongous Register: 0.1 ms]
      [Humongous Reclaim: 0.0 ms]
      [Free CSet: 0.1 ms]
   [Eden: 7168.0K(237.0M)->0.0B(224.0M) Survivors: 37.0M->9216.0K Heap: 961.9M(2048.0M)->965.4M(2048.0M)]
 [Times: user=0.48 sys=0.00, real=0.07 secs] 
2020-09-29T12:02:47.795+0200: 56.482: [GC concurrent-root-region-scan-start]
2020-09-29T12:02:47.797+0200: 56.485: [GC concurrent-root-region-scan-end, 0.0024878 secs]
2020-09-29T12:02:47.797+0200: 56.485: [GC concurrent-mark-start]
2020-09-29T12:02:47.802+0200: 56.489: [GC concurrent-mark-end, 0.0038425 secs]
2020-09-29T12:02:47.802+0200: 56.489: [GC remark 2020-09-29T12:02:47.802+0200: 56.489: [Finalize Marking, 0.0001495 secs] 2020-09-29T12:02:47.802+0200: 56.489: [GC ref-proc, 0.0003858 secs] 2020-09-29T12:02:47.802+0200: 56.490: [Unloading, 0.0005230 secs], 0.0013894 secs]
 [Times: user=0.00 sys=0.00, real=0.00 secs] 
2020-09-29T12:02:47.804+0200: 56.491: [GC cleanup 978M->29M(2048M), 0.0013559 secs]
 [Times: user=0.00 sys=0.00, real=0.00 secs] 
2020-09-29T12:02:47.805+0200: 56.492: [GC concurrent-cleanup-start]
2020-09-29T12:02:47.807+0200: 56.494: [GC concurrent-cleanup-end, 0.0016379 secs]
2020-09-29T12:02:47.942+0200: 56.629: [GC pause (G1 Evacuation Pause) (young), 0.1760948 secs]
   [Parallel Time: 174.9 ms, GC Workers: 8]
      [GC Worker Start (ms): Min: 56629.5, Avg: 56629.5, Max: 56629.6, Diff: 0.1]
      [Ext Root Scanning (ms): Min: 0.0, Avg: 0.1, Max: 0.2, Diff: 0.1, Sum: 0.6]
      [Update RS (ms): Min: 18.0, Avg: 19.9, Max: 32.1, Diff: 14.1, Sum: 158.8]
         [Processed Buffers: Min: 0, Avg: 16.8, Max: 22, Diff: 22, Sum: 134]
      [Scan RS (ms): Min: 0.0, Avg: 8.8, Max: 10.2, Diff: 10.2, Sum: 70.3]
      [Code Root Scanning (ms): Min: 0.0, Avg: 0.0, Max: 0.0, Diff: 0.0, Sum: 0.0]
      [Object Copy (ms): Min: 142.4, Avg: 145.9, Max: 146.5, Diff: 4.1, Sum: 1167.1]
      [Termination (ms): Min: 0.0, Avg: 0.1, Max: 0.2, Diff: 0.2, Sum: 0.9]
         [Termination Attempts: Min: 1, Avg: 385.0, Max: 585, Diff: 584, Sum: 3080]
      [GC Worker Other (ms): Min: 0.0, Avg: 0.0, Max: 0.0, Diff: 0.0, Sum: 0.1]
      [GC Worker Total (ms): Min: 174.7, Avg: 174.7, Max: 174.8, Diff: 0.2, Sum: 1397.9]
      [GC Worker End (ms): Min: 56804.3, Avg: 56804.3, Max: 56804.3, Diff: 0.0]
   [Code Root Fixup: 0.0 ms]
   [Code Root Purge: 0.0 ms]
   [Clear CT: 0.2 ms]
   [Other: 1.0 ms]
      [Choose CSet: 0.0 ms]
      [Ref Proc: 0.2 ms]
      [Ref Enq: 0.0 ms]
      [Redirty Cards: 0.2 ms]
      [Humongous Register: 0.0 ms]
      [Humongous Reclaim: 0.0 ms]
      [Free CSet: 0.3 ms]
   [Eden: 224.0M(224.0M)->0.0B(203.0M) Survivors: 9216.0K->30.0M Heap: 278.6M(2048.0M)->271.1M(2048.0M)]
 [Times: user=1.27 sys=0.01, real=0.18 secs] 
2020-09-29T12:02:48.275+0200: 56.963: [GC pause (G1 Evacuation Pause) (young), 0.2682144 secs]
   [Parallel Time: 266.4 ms, GC Workers: 8]
      [GC Worker Start (ms): Min: 56962.8, Avg: 56963.0, Max: 56963.0, Diff: 0.2]
      [Ext Root Scanning (ms): Min: 0.0, Avg: 0.1, Max: 0.3, Diff: 0.2, Sum: 0.9]
      [Update RS (ms): Min: 30.6, Avg: 30.8, Max: 32.2, Diff: 1.6, Sum: 246.6]
         [Processed Buffers: Min: 9, Avg: 18.1, Max: 22, Diff: 13, Sum: 145]
      [Scan RS (ms): Min: 20.0, Avg: 21.8, Max: 33.6, Diff: 13.6, Sum: 174.2]
      [Code Root Scanning (ms): Min: 0.0, Avg: 0.0, Max: 0.0, Diff: 0.0, Sum: 0.0]
      [Object Copy (ms): Min: 200.0, Avg: 213.2, Max: 215.3, Diff: 15.3, Sum: 1705.5]
      [Termination (ms): Min: 0.0, Avg: 0.1, Max: 0.2, Diff: 0.2, Sum: 0.9]
         [Termination Attempts: Min: 1, Avg: 387.0, Max: 499, Diff: 498, Sum: 3096]
      [GC Worker Other (ms): Min: 0.0, Avg: 0.0, Max: 0.1, Diff: 0.1, Sum: 0.3]
      [GC Worker Total (ms): Min: 265.9, Avg: 266.1, Max: 266.2, Diff: 0.3, Sum: 2128.4]
      [GC Worker End (ms): Min: 57229.0, Avg: 57229.0, Max: 57229.0, Diff: 0.1]
   [Code Root Fixup: 0.0 ms]
   [Code Root Purge: 0.0 ms]
   [Clear CT: 0.3 ms]
   [Other: 1.5 ms]
      [Choose CSet: 0.0 ms]
      [Ref Proc: 0.3 ms]
      [Ref Enq: 0.0 ms]
      [Redirty Cards: 0.5 ms]
      [Humongous Register: 0.1 ms]
      [Humongous Reclaim: 0.0 ms]
      [Free CSet: 0.3 ms]
   [Eden: 203.0M(203.0M)->0.0B(141.0M) Survivors: 30.0M->30.0M Heap: 508.5M(2048.0M)->510.5M(2048.0M)]
 [Times: user=1.94 sys=0.00, real=0.27 secs] 
2020-09-29T12:02:48.697+0200: 57.384: [GC pause (G1 Evacuation Pause) (young), 0.2289776 secs]
   [Parallel Time: 227.5 ms, GC Workers: 8]
      [GC Worker Start (ms): Min: 57384.3, Avg: 57384.3, Max: 57384.4, Diff: 0.2]
      [Ext Root Scanning (ms): Min: 0.0, Avg: 0.1, Max: 0.2, Diff: 0.2, Sum: 1.0]
      [Update RS (ms): Min: 31.2, Avg: 31.8, Max: 32.6, Diff: 1.4, Sum: 254.8]
         [Processed Buffers: Min: 0, Avg: 17.3, Max: 23, Diff: 23, Sum: 138]
      [Scan RS (ms): Min: 9.8, Avg: 13.5, Max: 33.9, Diff: 24.1, Sum: 107.7]
      [Code Root Scanning (ms): Min: 0.0, Avg: 0.0, Max: 0.0, Diff: 0.0, Sum: 0.0]
      [Object Copy (ms): Min: 161.6, Avg: 181.6, Max: 184.6, Diff: 23.0, Sum: 1452.8]
      [Termination (ms): Min: 0.1, Avg: 0.2, Max: 0.4, Diff: 0.3, Sum: 2.0]
         [Termination Attempts: Min: 1, Avg: 760.1, Max: 990, Diff: 989, Sum: 6081]
      [GC Worker Other (ms): Min: 0.0, Avg: 0.0, Max: 0.0, Diff: 0.0, Sum: 0.1]
      [GC Worker Total (ms): Min: 227.2, Avg: 227.3, Max: 227.4, Diff: 0.2, Sum: 1818.4]
      [GC Worker End (ms): Min: 57611.6, Avg: 57611.6, Max: 57611.7, Diff: 0.0]
   [Code Root Fixup: 0.0 ms]
   [Code Root Purge: 0.0 ms]
   [Clear CT: 0.3 ms]
   [Other: 1.2 ms]
      [Choose CSet: 0.0 ms]
      [Ref Proc: 0.3 ms]
      [Ref Enq: 0.0 ms]
      [Redirty Cards: 0.3 ms]
      [Humongous Register: 0.1 ms]
      [Humongous Reclaim: 0.0 ms]
      [Free CSet: 0.2 ms]
   [Eden: 141.0M(141.0M)->0.0B(116.0M) Survivors: 30.0M->22.0M Heap: 674.4M(2048.0M)->676.4M(2048.0M)]
 [Times: user=1.48 sys=0.00, real=0.23 secs] 
2020-09-29T12:02:49.063+0200: 57.750: [GC pause (G1 Evacuation Pause) (young), 0.1503475 secs]
   [Parallel Time: 148.7 ms, GC Workers: 8]
      [GC Worker Start (ms): Min: 57749.9, Avg: 57750.0, Max: 57750.2, Diff: 0.2]
      [Ext Root Scanning (ms): Min: 0.0, Avg: 0.1, Max: 0.2, Diff: 0.2, Sum: 0.9]
      [Update RS (ms): Min: 23.6, Avg: 24.1, Max: 24.6, Diff: 0.9, Sum: 192.5]
         [Processed Buffers: Min: 11, Avg: 14.3, Max: 17, Diff: 6, Sum: 114]
      [Scan RS (ms): Min: 7.7, Avg: 8.3, Max: 9.2, Diff: 1.4, Sum: 66.6]
      [Code Root Scanning (ms): Min: 0.0, Avg: 0.0, Max: 0.0, Diff: 0.0, Sum: 0.0]
      [Object Copy (ms): Min: 115.6, Avg: 115.8, Max: 116.0, Diff: 0.4, Sum: 926.5]
      [Termination (ms): Min: 0.0, Avg: 0.1, Max: 0.2, Diff: 0.2, Sum: 1.2]
         [Termination Attempts: Min: 1, Avg: 458.8, Max: 609, Diff: 608, Sum: 3670]
      [GC Worker Other (ms): Min: 0.0, Avg: 0.0, Max: 0.1, Diff: 0.1, Sum: 0.3]
      [GC Worker Total (ms): Min: 148.4, Avg: 148.5, Max: 148.6, Diff: 0.3, Sum: 1188.0]
      [GC Worker End (ms): Min: 57898.5, Avg: 57898.5, Max: 57898.6, Diff: 0.0]
   [Code Root Fixup: 0.0 ms]
   [Code Root Purge: 0.0 ms]
   [Clear CT: 0.3 ms]
   [Other: 1.3 ms]
      [Choose CSet: 0.0 ms]
      [Ref Proc: 0.3 ms]
      [Ref Enq: 0.0 ms]
      [Redirty Cards: 0.4 ms]
      [Humongous Register: 0.1 ms]
      [Humongous Reclaim: 0.0 ms]
      [Free CSet: 0.3 ms]
   [Eden: 116.0M(116.0M)->0.0B(127.0M) Survivors: 22.0M->18.0M Heap: 811.4M(2048.0M)->813.4M(2048.0M)]
 [Times: user=1.23 sys=0.00, real=0.15 secs] 
2020-09-29T12:02:49.331+0200: 58.018: [GC pause (G1 Evacuation Pause) (young), 0.1540683 secs]
   [Parallel Time: 152.5 ms, GC Workers: 8]
      [GC Worker Start (ms): Min: 58018.6, Avg: 58018.8, Max: 58018.9, Diff: 0.2]
      [Ext Root Scanning (ms): Min: 0.0, Avg: 0.1, Max: 0.2, Diff: 0.2, Sum: 0.9]
      [Update RS (ms): Min: 21.0, Avg: 21.3, Max: 22.0, Diff: 1.0, Sum: 170.4]
         [Processed Buffers: Min: 13, Avg: 13.6, Max: 14, Diff: 1, Sum: 109]
      [Scan RS (ms): Min: 7.6, Avg: 8.3, Max: 8.7, Diff: 1.1, Sum: 66.5]
      [Code Root Scanning (ms): Min: 0.0, Avg: 0.0, Max: 0.0, Diff: 0.0, Sum: 0.0]
      [Object Copy (ms): Min: 122.2, Avg: 122.3, Max: 122.3, Diff: 0.1, Sum: 978.1]
      [Termination (ms): Min: 0.0, Avg: 0.1, Max: 0.1, Diff: 0.1, Sum: 0.5]
         [Termination Attempts: Min: 1, Avg: 243.9, Max: 325, Diff: 324, Sum: 1951]
      [GC Worker Other (ms): Min: 0.0, Avg: 0.0, Max: 0.0, Diff: 0.0, Sum: 0.2]
      [GC Worker Total (ms): Min: 152.0, Avg: 152.1, Max: 152.2, Diff: 0.2, Sum: 1216.7]
      [GC Worker End (ms): Min: 58170.8, Avg: 58170.8, Max: 58170.9, Diff: 0.0]
   [Code Root Fixup: 0.0 ms]
   [Code Root Purge: 0.0 ms]
   [Clear CT: 0.5 ms]
   [Other: 1.1 ms]
      [Choose CSet: 0.0 ms]
      [Ref Proc: 0.3 ms]
      [Ref Enq: 0.0 ms]
      [Redirty Cards: 0.4 ms]
      [Humongous Register: 0.1 ms]
      [Humongous Reclaim: 0.0 ms]
      [Free CSet: 0.2 ms]
   [Eden: 127.0M(127.0M)->0.0B(135.0M) Survivors: 18.0M->19.0M Heap: 961.4M(2048.0M)->962.9M(2048.0M)]
 [Times: user=1.25 sys=0.00, real=0.15 secs] 
2020-09-29T12:02:49.488+0200: 58.175: [GC pause (G1 Humongous Allocation) (young) (initial-mark), 0.0595031 secs]
   [Parallel Time: 56.7 ms, GC Workers: 8]
      [GC Worker Start (ms): Min: 58175.4, Avg: 58175.6, Max: 58175.7, Diff: 0.3]
      [Ext Root Scanning (ms): Min: 0.0, Avg: 0.3, Max: 0.5, Diff: 0.4, Sum: 2.6]
      [Update RS (ms): Min: 35.6, Avg: 36.2, Max: 36.8, Diff: 1.2, Sum: 289.4]
         [Processed Buffers: Min: 21, Avg: 24.0, Max: 26, Diff: 5, Sum: 192]
      [Scan RS (ms): Min: 0.0, Avg: 0.2, Max: 0.4, Diff: 0.4, Sum: 1.3]
      [Code Root Scanning (ms): Min: 0.0, Avg: 0.0, Max: 0.0, Diff: 0.0, Sum: 0.0]
      [Object Copy (ms): Min: 19.2, Avg: 19.6, Max: 19.8, Diff: 0.7, Sum: 156.6]
      [Termination (ms): Min: 0.0, Avg: 0.1, Max: 0.1, Diff: 0.1, Sum: 0.5]
         [Termination Attempts: Min: 1, Avg: 233.0, Max: 280, Diff: 279, Sum: 1864]
      [GC Worker Other (ms): Min: 0.0, Avg: 0.0, Max: 0.0, Diff: 0.0, Sum: 0.2]
      [GC Worker Total (ms): Min: 56.1, Avg: 56.3, Max: 56.5, Diff: 0.3, Sum: 450.6]
      [GC Worker End (ms): Min: 58231.9, Avg: 58231.9, Max: 58231.9, Diff: 0.0]
   [Code Root Fixup: 0.0 ms]
   [Code Root Purge: 0.0 ms]
   [Clear CT: 0.7 ms]
   [Other: 2.0 ms]
      [Choose CSet: 0.0 ms]
      [Ref Proc: 1.2 ms]
      [Ref Enq: 0.0 ms]
      [Redirty Cards: 0.4 ms]
      [Humongous Register: 0.1 ms]
      [Humongous Reclaim: 0.0 ms]
      [Free CSet: 0.1 ms]
   [Eden: 2048.0K(135.0M)->0.0B(154.0M) Survivors: 19.0M->3072.0K Heap: 964.9M(2048.0M)->967.4M(2048.0M)]
 [Times: user=0.41 sys=0.00, real=0.06 secs] 
2020-09-29T12:02:49.548+0200: 58.235: [GC concurrent-root-region-scan-start]
2020-09-29T12:02:49.549+0200: 58.237: [GC concurrent-root-region-scan-end, 0.0017064 secs]
2020-09-29T12:02:49.549+0200: 58.237: [GC concurrent-mark-start]
2020-09-29T12:02:49.554+0200: 58.241: [GC concurrent-mark-end, 0.0047781 secs]
2020-09-29T12:02:49.555+0200: 58.242: [GC remark 2020-09-29T12:02:49.555+0200: 58.242: [Finalize Marking, 0.0003906 secs] 2020-09-29T12:02:49.555+0200: 58.242: [GC ref-proc, 0.0004980 secs] 2020-09-29T12:02:49.556+0200: 58.243: [Unloading, 0.0008120 secs], 0.0023725 secs]
 [Times: user=0.00 sys=0.00, real=0.00 secs] 
2020-09-29T12:02:49.558+0200: 58.245: [GC cleanup 976M->19M(2048M), 0.0018774 secs]
 [Times: user=0.00 sys=0.00, real=0.00 secs] 
2020-09-29T12:02:49.560+0200: 58.247: [GC concurrent-cleanup-start]
2020-09-29T12:02:49.562+0200: 58.249: [GC concurrent-cleanup-end, 0.0019831 secs]
2020-09-29T12:02:49.694+0200: 58.381: [GC pause (G1 Evacuation Pause) (young), 0.1522423 secs]
   [Parallel Time: 150.6 ms, GC Workers: 8]
      [GC Worker Start (ms): Min: 58381.1, Avg: 58381.2, Max: 58381.3, Diff: 0.2]
      [Ext Root Scanning (ms): Min: 0.0, Avg: 0.1, Max: 0.2, Diff: 0.2, Sum: 0.9]
      [Update RS (ms): Min: 17.3, Avg: 17.5, Max: 17.9, Diff: 0.6, Sum: 139.8]
         [Processed Buffers: Min: 9, Avg: 11.1, Max: 13, Diff: 4, Sum: 89]
      [Scan RS (ms): Min: 11.7, Avg: 12.1, Max: 12.3, Diff: 0.5, Sum: 96.4]
      [Code Root Scanning (ms): Min: 0.0, Avg: 0.0, Max: 0.0, Diff: 0.0, Sum: 0.0]
      [Object Copy (ms): Min: 120.3, Avg: 120.4, Max: 120.5, Diff: 0.2, Sum: 963.0]
      [Termination (ms): Min: 0.0, Avg: 0.1, Max: 0.1, Diff: 0.1, Sum: 0.9]
         [Termination Attempts: Min: 1, Avg: 393.8, Max: 503, Diff: 502, Sum: 3150]
      [GC Worker Other (ms): Min: 0.0, Avg: 0.0, Max: 0.1, Diff: 0.0, Sum: 0.3]
      [GC Worker Total (ms): Min: 150.1, Avg: 150.2, Max: 150.3, Diff: 0.2, Sum: 1201.3]
      [GC Worker End (ms): Min: 58531.4, Avg: 58531.4, Max: 58531.4, Diff: 0.0]
   [Code Root Fixup: 0.0 ms]
   [Code Root Purge: 0.0 ms]
   [Clear CT: 0.3 ms]
   [Other: 1.4 ms]
      [Choose CSet: 0.0 ms]
      [Ref Proc: 0.4 ms]
      [Ref Enq: 0.0 ms]
      [Redirty Cards: 0.3 ms]
      [Humongous Register: 0.0 ms]
      [Humongous Reclaim: 0.0 ms]
      [Free CSet: 0.3 ms]
   [Eden: 154.0M(154.0M)->0.0B(147.0M) Survivors: 3072.0K->20.0M Heap: 191.7M(2048.0M)->190.7M(2048.0M)]
 [Times: user=1.09 sys=0.00, real=0.15 secs] 
2020-09-29T12:02:50.005+0200: 58.692: [GC pause (G1 Evacuation Pause) (young), 0.1649204 secs]
   [Parallel Time: 163.3 ms, GC Workers: 8]
      [GC Worker Start (ms): Min: 58692.0, Avg: 58692.1, Max: 58692.2, Diff: 0.2]
      [Ext Root Scanning (ms): Min: 0.0, Avg: 0.1, Max: 0.2, Diff: 0.2, Sum: 0.8]
      [Update RS (ms): Min: 19.5, Avg: 19.9, Max: 20.5, Diff: 1.1, Sum: 159.0]
         [Processed Buffers: Min: 12, Avg: 13.6, Max: 16, Diff: 4, Sum: 109]
      [Scan RS (ms): Min: 12.1, Avg: 12.7, Max: 13.0, Diff: 1.0, Sum: 101.3]
      [Code Root Scanning (ms): Min: 0.0, Avg: 0.0, Max: 0.0, Diff: 0.0, Sum: 0.0]
      [Object Copy (ms): Min: 130.1, Avg: 130.2, Max: 130.3, Diff: 0.2, Sum: 1041.5]
      [Termination (ms): Min: 0.0, Avg: 0.1, Max: 0.1, Diff: 0.1, Sum: 0.5]
         [Termination Attempts: Min: 1, Avg: 222.0, Max: 280, Diff: 279, Sum: 1776]
      [GC Worker Other (ms): Min: 0.0, Avg: 0.0, Max: 0.1, Diff: 0.1, Sum: 0.3]
      [GC Worker Total (ms): Min: 162.8, Avg: 162.9, Max: 163.1, Diff: 0.3, Sum: 1303.4]
      [GC Worker End (ms): Min: 58855.0, Avg: 58855.0, Max: 58855.1, Diff: 0.1]
   [Code Root Fixup: 0.0 ms]
   [Code Root Purge: 0.0 ms]
   [Clear CT: 0.4 ms]
   [Other: 1.2 ms]
      [Choose CSet: 0.0 ms]
      [Ref Proc: 0.3 ms]
      [Ref Enq: 0.0 ms]
      [Redirty Cards: 0.3 ms]
      [Humongous Register: 0.1 ms]
      [Humongous Reclaim: 0.0 ms]
      [Free CSet: 0.2 ms]
   [Eden: 147.0M(147.0M)->0.0B(151.0M) Survivors: 20.0M->21.0M Heap: 362.5M(2048.0M)->365.0M(2048.0M)]
 [Times: user=1.22 sys=0.00, real=0.16 secs] 
2020-09-29T12:02:50.308+0200: 58.996: [GC pause (G1 Evacuation Pause) (young), 0.1706395 secs]
   [Parallel Time: 169.1 ms, GC Workers: 8]
      [GC Worker Start (ms): Min: 58995.8, Avg: 58996.0, Max: 58996.8, Diff: 1.0]
      [Ext Root Scanning (ms): Min: 0.0, Avg: 0.1, Max: 0.2, Diff: 0.2, Sum: 1.0]
      [Update RS (ms): Min: 21.0, Avg: 21.4, Max: 22.1, Diff: 1.2, Sum: 171.5]
         [Processed Buffers: Min: 11, Avg: 13.8, Max: 17, Diff: 6, Sum: 110]
      [Scan RS (ms): Min: 12.6, Avg: 13.2, Max: 13.5, Diff: 0.8, Sum: 105.3]
      [Code Root Scanning (ms): Min: 0.0, Avg: 0.0, Max: 0.0, Diff: 0.0, Sum: 0.0]
      [Object Copy (ms): Min: 133.6, Avg: 133.7, Max: 133.8, Diff: 0.1, Sum: 1069.8]
      [Termination (ms): Min: 0.1, Avg: 0.1, Max: 0.2, Diff: 0.1, Sum: 1.0]
         [Termination Attempts: Min: 1, Avg: 215.3, Max: 327, Diff: 326, Sum: 1722]
      [GC Worker Other (ms): Min: 0.0, Avg: 0.0, Max: 0.0, Diff: 0.0, Sum: 0.1]
      [GC Worker Total (ms): Min: 167.8, Avg: 168.6, Max: 168.8, Diff: 1.0, Sum: 1348.8]
      [GC Worker End (ms): Min: 59164.6, Avg: 59164.6, Max: 59164.6, Diff: 0.0]
   [Code Root Fixup: 0.0 ms]
   [Code Root Purge: 0.0 ms]
   [Clear CT: 0.3 ms]
   [Other: 1.3 ms]
      [Choose CSet: 0.0 ms]
      [Ref Proc: 0.3 ms]
      [Ref Enq: 0.0 ms]
      [Redirty Cards: 0.4 ms]
      [Humongous Register: 0.1 ms]
      [Humongous Reclaim: 0.0 ms]
      [Free CSet: 0.2 ms]
   [Eden: 151.0M(151.0M)->0.0B(152.0M) Survivors: 21.0M->22.0M Heap: 540.8M(2048.0M)->542.8M(2048.0M)]
 [Times: user=1.38 sys=0.00, real=0.17 secs] 
2020-09-29T12:02:50.650+0200: 59.337: [GC pause (G1 Evacuation Pause) (young), 0.1892505 secs]
   [Parallel Time: 187.6 ms, GC Workers: 8]
      [GC Worker Start (ms): Min: 59337.5, Avg: 59338.9, Max: 59348.6, Diff: 11.2]
      [Ext Root Scanning (ms): Min: 0.0, Avg: 0.1, Max: 0.2, Diff: 0.2, Sum: 0.9]
      [Update RS (ms): Min: 10.9, Avg: 20.4, Max: 22.2, Diff: 11.4, Sum: 163.5]
         [Processed Buffers: Min: 6, Avg: 11.9, Max: 17, Diff: 11, Sum: 95]
      [Scan RS (ms): Min: 14.8, Avg: 15.2, Max: 15.6, Diff: 0.7, Sum: 121.9]
      [Code Root Scanning (ms): Min: 0.0, Avg: 0.0, Max: 0.0, Diff: 0.0, Sum: 0.0]
      [Object Copy (ms): Min: 149.8, Avg: 149.9, Max: 150.0, Diff: 0.2, Sum: 1199.4]
      [Termination (ms): Min: 0.0, Avg: 0.1, Max: 0.1, Diff: 0.1, Sum: 0.6]
         [Termination Attempts: Min: 1, Avg: 179.4, Max: 225, Diff: 224, Sum: 1435]
      [GC Worker Other (ms): Min: 0.0, Avg: 0.0, Max: 0.1, Diff: 0.0, Sum: 0.3]
      [GC Worker Total (ms): Min: 176.1, Avg: 185.8, Max: 187.3, Diff: 11.1, Sum: 1486.7]
      [GC Worker End (ms): Min: 59524.7, Avg: 59524.8, Max: 59524.8, Diff: 0.1]
   [Code Root Fixup: 0.0 ms]
   [Code Root Purge: 0.0 ms]
   [Clear CT: 0.3 ms]
   [Other: 1.3 ms]
      [Choose CSet: 0.0 ms]
      [Ref Proc: 0.4 ms]
      [Ref Enq: 0.0 ms]
      [Redirty Cards: 0.4 ms]
      [Humongous Register: 0.1 ms]
      [Humongous Reclaim: 0.0 ms]
      [Free CSet: 0.2 ms]
   [Eden: 152.0M(152.0M)->0.0B(146.0M) Survivors: 22.0M->22.0M Heap: 719.6M(2048.0M)->721.6M(2048.0M)]
 [Times: user=1.39 sys=0.02, real=0.19 secs] 
2020-09-29T12:02:51.007+0200: 59.694: [GC pause (G1 Evacuation Pause) (young), 0.1861687 secs]
   [Parallel Time: 184.6 ms, GC Workers: 8]
      [GC Worker Start (ms): Min: 59694.4, Avg: 59694.7, Max: 59694.9, Diff: 0.5]
      [Ext Root Scanning (ms): Min: 0.0, Avg: 0.1, Max: 0.2, Diff: 0.2, Sum: 0.6]
      [Update RS (ms): Min: 18.5, Avg: 18.7, Max: 18.8, Diff: 0.4, Sum: 149.4]
         [Processed Buffers: Min: 8, Avg: 10.8, Max: 14, Diff: 6, Sum: 86]
      [Scan RS (ms): Min: 14.8, Avg: 15.5, Max: 17.3, Diff: 2.4, Sum: 123.9]
      [Code Root Scanning (ms): Min: 0.0, Avg: 0.0, Max: 0.0, Diff: 0.0, Sum: 0.0]
      [Object Copy (ms): Min: 148.3, Avg: 149.9, Max: 150.3, Diff: 2.1, Sum: 1198.8]
      [Termination (ms): Min: 0.0, Avg: 0.1, Max: 0.1, Diff: 0.1, Sum: 0.7]
         [Termination Attempts: Min: 1, Avg: 106.4, Max: 167, Diff: 166, Sum: 851]
      [GC Worker Other (ms): Min: 0.0, Avg: 0.0, Max: 0.0, Diff: 0.0, Sum: 0.2]
      [GC Worker Total (ms): Min: 184.0, Avg: 184.2, Max: 184.4, Diff: 0.5, Sum: 1473.7]
      [GC Worker End (ms): Min: 59878.9, Avg: 59878.9, Max: 59878.9, Diff: 0.0]
   [Code Root Fixup: 0.0 ms]
   [Code Root Purge: 0.0 ms]
   [Clear CT: 0.3 ms]
   [Other: 1.3 ms]
      [Choose CSet: 0.0 ms]
      [Ref Proc: 0.4 ms]
      [Ref Enq: 0.0 ms]
      [Redirty Cards: 0.4 ms]
      [Humongous Register: 0.1 ms]
      [Humongous Reclaim: 0.0 ms]
      [Free CSet: 0.2 ms]
   [Eden: 146.0M(146.0M)->0.0B(143.0M) Survivors: 22.0M->21.0M Heap: 892.4M(2048.0M)->893.9M(2048.0M)]
 [Times: user=1.30 sys=0.00, real=0.19 secs] 
2020-09-29T12:02:51.341+0200: 60.029: [GC pause (G1 Evacuation Pause) (young), 0.1861732 secs]
   [Parallel Time: 183.8 ms, GC Workers: 8]
      [GC Worker Start (ms): Min: 60028.9, Avg: 60029.0, Max: 60029.1, Diff: 0.2]
      [Ext Root Scanning (ms): Min: 0.0, Avg: 0.1, Max: 0.2, Diff: 0.2, Sum: 0.8]
      [Update RS (ms): Min: 19.7, Avg: 20.0, Max: 21.0, Diff: 1.3, Sum: 159.6]
         [Processed Buffers: Min: 11, Avg: 13.0, Max: 15, Diff: 4, Sum: 104]
      [Scan RS (ms): Min: 12.9, Avg: 14.1, Max: 15.5, Diff: 2.6, Sum: 112.7]
      [Code Root Scanning (ms): Min: 0.0, Avg: 0.0, Max: 0.0, Diff: 0.0, Sum: 0.0]
      [Object Copy (ms): Min: 148.1, Avg: 149.2, Max: 149.5, Diff: 1.4, Sum: 1193.9]
      [Termination (ms): Min: 0.0, Avg: 0.0, Max: 0.0, Diff: 0.0, Sum: 0.2]
         [Termination Attempts: Min: 1, Avg: 79.6, Max: 105, Diff: 104, Sum: 637]
      [GC Worker Other (ms): Min: 0.0, Avg: 0.0, Max: 0.1, Diff: 0.0, Sum: 0.3]
      [GC Worker Total (ms): Min: 183.4, Avg: 183.4, Max: 183.6, Diff: 0.2, Sum: 1467.5]
      [GC Worker End (ms): Min: 60212.5, Avg: 60212.5, Max: 60212.5, Diff: 0.0]
   [Code Root Fixup: 0.0 ms]
   [Code Root Purge: 0.0 ms]
   [Clear CT: 0.3 ms]
   [Other: 2.0 ms]
      [Choose CSet: 0.0 ms]
      [Ref Proc: 0.3 ms]
      [Ref Enq: 0.0 ms]
      [Redirty Cards: 1.1 ms]
      [Humongous Register: 0.1 ms]
      [Humongous Reclaim: 0.0 ms]
      [Free CSet: 0.2 ms]
   [Eden: 143.0M(143.0M)->0.0B(141.0M) Survivors: 21.0M->21.0M Heap: 1061.7M(2048.0M)->1064.2M(2048.0M)]
 [Times: user=1.23 sys=0.00, real=0.19 secs] 
2020-09-29T12:02:51.543+0200: 60.231: [GC pause (G1 Humongous Allocation) (young) (initial-mark), 0.0761367 secs]
   [Parallel Time: 73.3 ms, GC Workers: 8]
      [GC Worker Start (ms): Min: 60230.8, Avg: 60230.9, Max: 60230.9, Diff: 0.1]
      [Ext Root Scanning (ms): Min: 0.8, Avg: 1.0, Max: 1.7, Diff: 1.0, Sum: 7.8]
      [Update RS (ms): Min: 32.8, Avg: 33.6, Max: 34.6, Diff: 1.8, Sum: 269.0]
         [Processed Buffers: Min: 14, Avg: 19.5, Max: 21, Diff: 7, Sum: 156]
      [Scan RS (ms): Min: 2.3, Avg: 3.3, Max: 4.1, Diff: 1.8, Sum: 26.2]
      [Code Root Scanning (ms): Min: 0.0, Avg: 0.0, Max: 0.0, Diff: 0.0, Sum: 0.0]
      [Object Copy (ms): Min: 34.9, Avg: 35.1, Max: 35.2, Diff: 0.4, Sum: 280.7]
      [Termination (ms): Min: 0.0, Avg: 0.0, Max: 0.1, Diff: 0.1, Sum: 0.4]
         [Termination Attempts: Min: 1, Avg: 183.0, Max: 233, Diff: 232, Sum: 1464]
      [GC Worker Other (ms): Min: 0.0, Avg: 0.0, Max: 0.1, Diff: 0.1, Sum: 0.3]
      [GC Worker Total (ms): Min: 73.0, Avg: 73.0, Max: 73.1, Diff: 0.1, Sum: 584.4]
      [GC Worker End (ms): Min: 60303.9, Avg: 60303.9, Max: 60304.0, Diff: 0.1]
   [Code Root Fixup: 0.0 ms]
   [Code Root Purge: 0.0 ms]
   [Clear CT: 1.6 ms]
   [Other: 1.2 ms]
      [Choose CSet: 0.0 ms]
      [Ref Proc: 0.4 ms]
      [Ref Enq: 0.0 ms]
      [Redirty Cards: 0.3 ms]
      [Humongous Register: 0.1 ms]
      [Humongous Reclaim: 0.0 ms]
      [Free CSet: 0.1 ms]
   [Eden: 12.0M(141.0M)->0.0B(140.0M) Survivors: 21.0M->13.0M Heap: 1075.7M(2048.0M)->1079.2M(2048.0M)]
 [Times: user=0.51 sys=0.00, real=0.08 secs] 
2020-09-29T12:02:51.620+0200: 60.307: [GC concurrent-root-region-scan-start]
2020-09-29T12:02:51.627+0200: 60.314: [GC concurrent-root-region-scan-end, 0.0072468 secs]
2020-09-29T12:02:51.627+0200: 60.314: [GC concurrent-mark-start]
2020-09-29T12:02:51.633+0200: 60.320: [GC concurrent-mark-end, 0.0060452 secs]
2020-09-29T12:02:51.633+0200: 60.321: [GC remark 2020-09-29T12:02:51.633+0200: 60.321: [Finalize Marking, 0.0002437 secs] 2020-09-29T12:02:51.634+0200: 60.321: [GC ref-proc, 0.0006342 secs] 2020-09-29T12:02:51.634+0200: 60.321: [Unloading, 0.0008428 secs], 0.0025484 secs]
 [Times: user=0.00 sys=0.00, real=0.00 secs] 
2020-09-29T12:02:51.637+0200: 60.324: [GC cleanup 1096M->38M(2048M), 0.0019002 secs]
 [Times: user=0.00 sys=0.00, real=0.00 secs] 
2020-09-29T12:02:51.639+0200: 60.326: [GC concurrent-cleanup-start]
2020-09-29T12:02:51.642+0200: 60.329: [GC concurrent-cleanup-end, 0.0030801 secs]
2020-09-29T12:02:51.774+0200: 60.462: [GC pause (G1 Evacuation Pause) (young), 0.1487479 secs]
   [Parallel Time: 146.9 ms, GC Workers: 8]
      [GC Worker Start (ms): Min: 60461.8, Avg: 60461.9, Max: 60462.0, Diff: 0.2]
      [Ext Root Scanning (ms): Min: 0.1, Avg: 0.1, Max: 0.2, Diff: 0.2, Sum: 1.1]
      [Update RS (ms): Min: 19.2, Avg: 19.4, Max: 19.9, Diff: 0.7, Sum: 155.1]
         [Processed Buffers: Min: 11, Avg: 12.4, Max: 14, Diff: 3, Sum: 99]
      [Scan RS (ms): Min: 9.8, Avg: 10.3, Max: 10.5, Diff: 0.7, Sum: 82.2]
      [Code Root Scanning (ms): Min: 0.0, Avg: 0.0, Max: 0.0, Diff: 0.0, Sum: 0.0]
      [Object Copy (ms): Min: 116.7, Avg: 116.8, Max: 116.9, Diff: 0.2, Sum: 934.2]
      [Termination (ms): Min: 0.0, Avg: 0.1, Max: 0.1, Diff: 0.1, Sum: 0.5]
         [Termination Attempts: Min: 1, Avg: 28.6, Max: 46, Diff: 45, Sum: 229]
      [GC Worker Other (ms): Min: 0.0, Avg: 0.0, Max: 0.0, Diff: 0.0, Sum: 0.2]
      [GC Worker Total (ms): Min: 146.6, Avg: 146.7, Max: 146.7, Diff: 0.1, Sum: 1173.3]
      [GC Worker End (ms): Min: 60608.5, Avg: 60608.5, Max: 60608.6, Diff: 0.0]
   [Code Root Fixup: 0.0 ms]
   [Code Root Purge: 0.0 ms]
   [Clear CT: 0.4 ms]
   [Other: 1.4 ms]
      [Choose CSet: 0.0 ms]
      [Ref Proc: 0.3 ms]
      [Ref Enq: 0.0 ms]
      [Redirty Cards: 0.4 ms]
      [Humongous Register: 0.1 ms]
      [Humongous Reclaim: 0.0 ms]
      [Free CSet: 0.3 ms]
   [Eden: 140.0M(140.0M)->0.0B(143.0M) Survivors: 13.0M->20.0M Heap: 185.8M(2048.0M)->174.8M(2048.0M)]
 [Times: user=1.03 sys=0.00, real=0.15 secs] 
2020-09-29T12:02:52.075+0200: 60.762: [GC pause (G1 Evacuation Pause) (young), 0.2086240 secs]
   [Parallel Time: 206.7 ms, GC Workers: 8]
      [GC Worker Start (ms): Min: 60761.8, Avg: 60761.9, Max: 60762.1, Diff: 0.2]
      [Ext Root Scanning (ms): Min: 0.0, Avg: 0.1, Max: 0.2, Diff: 0.2, Sum: 0.8]
      [Update RS (ms): Min: 25.0, Avg: 26.0, Max: 28.7, Diff: 3.6, Sum: 207.7]
         [Processed Buffers: Min: 0, Avg: 13.6, Max: 17, Diff: 17, Sum: 109]
      [Scan RS (ms): Min: 10.1, Avg: 15.5, Max: 35.6, Diff: 25.5, Sum: 123.9]
      [Code Root Scanning (ms): Min: 0.0, Avg: 0.0, Max: 0.0, Diff: 0.0, Sum: 0.0]
      [Object Copy (ms): Min: 145.7, Avg: 164.9, Max: 167.7, Diff: 22.0, Sum: 1319.0]
      [Termination (ms): Min: 0.0, Avg: 0.1, Max: 0.1, Diff: 0.1, Sum: 0.5]
         [Termination Attempts: Min: 1, Avg: 40.8, Max: 68, Diff: 67, Sum: 326]
      [GC Worker Other (ms): Min: 0.0, Avg: 0.0, Max: 0.0, Diff: 0.0, Sum: 0.2]
      [GC Worker Total (ms): Min: 206.4, Avg: 206.5, Max: 206.6, Diff: 0.2, Sum: 1652.2]
      [GC Worker End (ms): Min: 60968.5, Avg: 60968.5, Max: 60968.5, Diff: 0.0]
   [Code Root Fixup: 0.0 ms]
   [Code Root Purge: 0.0 ms]
   [Clear CT: 0.4 ms]
   [Other: 1.5 ms]
      [Choose CSet: 0.0 ms]
      [Ref Proc: 0.4 ms]
      [Ref Enq: 0.0 ms]
      [Redirty Cards: 0.5 ms]
      [Humongous Register: 0.0 ms]
      [Humongous Reclaim: 0.0 ms]
      [Free CSet: 0.2 ms]
   [Eden: 143.0M(143.0M)->0.0B(129.0M) Survivors: 20.0M->21.0M Heap: 340.7M(2048.0M)->342.2M(2048.0M)]
 [Times: user=1.34 sys=0.00, real=0.21 secs] 
2020-09-29T12:02:52.423+0200: 61.110: [GC pause (G1 Evacuation Pause) (young), 0.2230244 secs]
   [Parallel Time: 221.1 ms, GC Workers: 8]
      [GC Worker Start (ms): Min: 61110.5, Avg: 61114.6, Max: 61142.7, Diff: 32.3]
      [Ext Root Scanning (ms): Min: 0.0, Avg: 0.1, Max: 0.3, Diff: 0.3, Sum: 0.9]
      [Update RS (ms): Min: 0.0, Avg: 19.2, Max: 22.8, Diff: 22.8, Sum: 153.4]
         [Processed Buffers: Min: 0, Avg: 11.6, Max: 15, Diff: 15, Sum: 93]
      [Scan RS (ms): Min: 2.4, Avg: 11.3, Max: 13.8, Diff: 11.4, Sum: 90.6]
      [Code Root Scanning (ms): Min: 0.0, Avg: 0.0, Max: 0.0, Diff: 0.0, Sum: 0.0]
      [Object Copy (ms): Min: 185.6, Avg: 185.9, Max: 186.1, Diff: 0.5, Sum: 1486.8]
      [Termination (ms): Min: 0.0, Avg: 0.2, Max: 0.3, Diff: 0.3, Sum: 1.8]
         [Termination Attempts: Min: 1, Avg: 601.0, Max: 923, Diff: 922, Sum: 4808]
      [GC Worker Other (ms): Min: 0.0, Avg: 0.0, Max: 0.0, Diff: 0.0, Sum: 0.1]
      [GC Worker Total (ms): Min: 188.6, Avg: 216.7, Max: 220.8, Diff: 32.2, Sum: 1733.7]
      [GC Worker End (ms): Min: 61331.3, Avg: 61331.3, Max: 61331.3, Diff: 0.0]
   [Code Root Fixup: 0.0 ms]
   [Code Root Purge: 0.0 ms]
   [Clear CT: 0.4 ms]
   [Other: 1.5 ms]
      [Choose CSet: 0.0 ms]
      [Ref Proc: 0.4 ms]
      [Ref Enq: 0.0 ms]
      [Redirty Cards: 0.6 ms]
      [Humongous Register: 0.1 ms]
      [Humongous Reclaim: 0.0 ms]
      [Free CSet: 0.2 ms]
   [Eden: 129.0M(129.0M)->0.0B(113.0M) Survivors: 21.0M->19.0M Heap: 492.2M(2048.0M)->493.7M(2048.0M)]
 [Times: user=1.47 sys=0.02, real=0.22 secs] 
2020-09-29T12:02:52.752+0200: 61.439: [GC pause (G1 Evacuation Pause) (young), 0.1520395 secs]
   [Parallel Time: 150.4 ms, GC Workers: 8]
      [GC Worker Start (ms): Min: 61439.5, Avg: 61439.7, Max: 61439.8, Diff: 0.3]
      [Ext Root Scanning (ms): Min: 0.0, Avg: 0.1, Max: 0.2, Diff: 0.2, Sum: 0.8]
      [Update RS (ms): Min: 20.3, Avg: 20.8, Max: 21.3, Diff: 1.0, Sum: 166.0]
         [Processed Buffers: Min: 2, Avg: 11.8, Max: 14, Diff: 12, Sum: 94]
      [Scan RS (ms): Min: 8.8, Avg: 9.4, Max: 9.9, Diff: 1.1, Sum: 75.3]
      [Code Root Scanning (ms): Min: 0.0, Avg: 0.0, Max: 0.0, Diff: 0.0, Sum: 0.0]
      [Object Copy (ms): Min: 119.5, Avg: 119.7, Max: 119.7, Diff: 0.2, Sum: 957.2]
      [Termination (ms): Min: 0.0, Avg: 0.0, Max: 0.0, Diff: 0.0, Sum: 0.3]
         [Termination Attempts: Min: 1, Avg: 106.3, Max: 147, Diff: 146, Sum: 850]
      [GC Worker Other (ms): Min: 0.0, Avg: 0.0, Max: 0.1, Diff: 0.1, Sum: 0.4]
      [GC Worker Total (ms): Min: 149.8, Avg: 150.0, Max: 150.2, Diff: 0.4, Sum: 1200.0]
      [GC Worker End (ms): Min: 61589.6, Avg: 61589.7, Max: 61589.7, Diff: 0.1]
   [Code Root Fixup: 0.0 ms]
   [Code Root Purge: 0.0 ms]
   [Clear CT: 0.4 ms]
   [Other: 1.3 ms]
      [Choose CSet: 0.0 ms]
      [Ref Proc: 0.3 ms]
      [Ref Enq: 0.0 ms]
      [Redirty Cards: 0.4 ms]
      [Humongous Register: 0.1 ms]
      [Humongous Reclaim: 0.0 ms]
      [Free CSet: 0.2 ms]
   [Eden: 113.0M(113.0M)->0.0B(124.0M) Survivors: 19.0M->17.0M Heap: 625.7M(2048.0M)->627.2M(2048.0M)]
 [Times: user=1.08 sys=0.03, real=0.15 secs] 
2020-09-29T12:02:53.027+0200: 61.714: [GC pause (G1 Evacuation Pause) (young), 0.1997738 secs]
   [Parallel Time: 197.7 ms, GC Workers: 8]
      [GC Worker Start (ms): Min: 61714.4, Avg: 61722.2, Max: 61743.5, Diff: 29.1]
      [Ext Root Scanning (ms): Min: 0.0, Avg: 0.1, Max: 0.2, Diff: 0.2, Sum: 0.8]
      [Update RS (ms): Min: 0.0, Avg: 17.6, Max: 25.0, Diff: 25.0, Sum: 140.5]
         [Processed Buffers: Min: 0, Avg: 10.4, Max: 15, Diff: 15, Sum: 83]
      [Scan RS (ms): Min: 9.1, Avg: 16.7, Max: 37.3, Diff: 28.2, Sum: 133.9]
      [Code Root Scanning (ms): Min: 0.0, Avg: 0.0, Max: 0.0, Diff: 0.0, Sum: 0.0]
      [Object Copy (ms): Min: 134.8, Avg: 155.2, Max: 159.2, Diff: 24.4, Sum: 1241.5]
      [Termination (ms): Min: 0.0, Avg: 0.1, Max: 0.1, Diff: 0.1, Sum: 0.7]
         [Termination Attempts: Min: 1, Avg: 118.0, Max: 153, Diff: 152, Sum: 944]
      [GC Worker Other (ms): Min: 0.0, Avg: 0.0, Max: 0.0, Diff: 0.0, Sum: 0.2]
      [GC Worker Total (ms): Min: 168.3, Avg: 189.7, Max: 197.5, Diff: 29.1, Sum: 1517.6]
      [GC Worker End (ms): Min: 61911.8, Avg: 61911.9, Max: 61911.9, Diff: 0.0]
   [Code Root Fixup: 0.0 ms]
   [Code Root Purge: 0.0 ms]
   [Clear CT: 0.3 ms]
   [Other: 1.8 ms]
      [Choose CSet: 0.0 ms]
      [Ref Proc: 0.2 ms]
      [Ref Enq: 0.0 ms]
      [Redirty Cards: 0.8 ms]
      [Humongous Register: 0.1 ms]
      [Humongous Reclaim: 0.0 ms]
      [Free CSet: 0.3 ms]
   [Eden: 124.0M(124.0M)->0.0B(115.0M) Survivors: 17.0M->18.0M Heap: 772.2M(2048.0M)->773.7M(2048.0M)]
 [Times: user=1.41 sys=0.00, real=0.20 secs] 
2020-09-29T12:02:53.429+0200: 62.117: [GC pause (G1 Evacuation Pause) (young), 0.3276826 secs]
   [Parallel Time: 325.0 ms, GC Workers: 8]
      [GC Worker Start (ms): Min: 62117.0, Avg: 62121.9, Max: 62149.9, Diff: 32.9]
      [Ext Root Scanning (ms): Min: 0.0, Avg: 0.2, Max: 0.4, Diff: 0.4, Sum: 1.4]
      [Update RS (ms): Min: 7.5, Avg: 39.3, Max: 68.5, Diff: 61.0, Sum: 314.1]
         [Processed Buffers: Min: 3, Avg: 13.1, Max: 17, Diff: 14, Sum: 105]
      [Scan RS (ms): Min: 0.0, Avg: 14.6, Max: 17.3, Diff: 17.2, Sum: 116.9]
      [Code Root Scanning (ms): Min: 0.0, Avg: 0.0, Max: 0.0, Diff: 0.0, Sum: 0.0]
      [Object Copy (ms): Min: 255.7, Avg: 265.5, Max: 267.1, Diff: 11.4, Sum: 2124.2]
      [Termination (ms): Min: 0.1, Avg: 0.3, Max: 0.5, Diff: 0.4, Sum: 2.4]
         [Termination Attempts: Min: 1, Avg: 475.5, Max: 721, Diff: 720, Sum: 3804]
      [GC Worker Other (ms): Min: 0.0, Avg: 0.0, Max: 0.0, Diff: 0.0, Sum: 0.2]
      [GC Worker Total (ms): Min: 292.0, Avg: 319.9, Max: 324.8, Diff: 32.9, Sum: 2559.2]
      [GC Worker End (ms): Min: 62441.8, Avg: 62441.8, Max: 62441.8, Diff: 0.0]
   [Code Root Fixup: 0.0 ms]
   [Code Root Purge: 0.0 ms]
   [Clear CT: 0.6 ms]
   [Other: 2.1 ms]
      [Choose CSet: 0.0 ms]
      [Ref Proc: 0.6 ms]
      [Ref Enq: 0.0 ms]
      [Redirty Cards: 0.6 ms]
      [Humongous Register: 0.1 ms]
      [Humongous Reclaim: 0.0 ms]
      [Free CSet: 0.3 ms]
   [Eden: 115.0M(115.0M)->0.0B(85.0M) Survivors: 18.0M->17.0M Heap: 907.8M(2048.0M)->910.3M(2048.0M)]
 [Times: user=2.17 sys=0.02, real=0.33 secs] 
2020-09-29T12:02:53.930+0200: 62.617: [GC pause (G1 Evacuation Pause) (young), 0.2250622 secs]
   [Parallel Time: 222.7 ms, GC Workers: 8]
      [GC Worker Start (ms): Min: 62617.3, Avg: 62617.8, Max: 62618.8, Diff: 1.5]
      [Ext Root Scanning (ms): Min: 0.0, Avg: 0.2, Max: 0.6, Diff: 0.6, Sum: 1.9]
      [Update RS (ms): Min: 32.6, Avg: 37.8, Max: 60.3, Diff: 27.7, Sum: 302.3]
         [Processed Buffers: Min: 10, Avg: 12.8, Max: 16, Diff: 6, Sum: 102]
      [Scan RS (ms): Min: 0.0, Avg: 8.7, Max: 12.3, Diff: 12.2, Sum: 69.7]
      [Code Root Scanning (ms): Min: 0.0, Avg: 0.0, Max: 0.1, Diff: 0.1, Sum: 0.2]
      [Object Copy (ms): Min: 161.2, Avg: 174.9, Max: 177.3, Diff: 16.2, Sum: 1399.4]
      [Termination (ms): Min: 0.0, Avg: 0.2, Max: 0.3, Diff: 0.3, Sum: 1.6]
         [Termination Attempts: Min: 1, Avg: 406.4, Max: 525, Diff: 524, Sum: 3251]
      [GC Worker Other (ms): Min: 0.0, Avg: 0.1, Max: 0.2, Diff: 0.1, Sum: 0.8]
      [GC Worker Total (ms): Min: 220.9, Avg: 222.0, Max: 222.4, Diff: 1.5, Sum: 1775.9]
      [GC Worker End (ms): Min: 62839.7, Avg: 62839.8, Max: 62839.8, Diff: 0.1]
   [Code Root Fixup: 0.0 ms]
   [Code Root Purge: 0.0 ms]
   [Clear CT: 0.6 ms]
   [Other: 1.7 ms]
      [Choose CSet: 0.0 ms]
      [Ref Proc: 0.4 ms]
      [Ref Enq: 0.0 ms]
      [Redirty Cards: 0.5 ms]
      [Humongous Register: 0.3 ms]
      [Humongous Reclaim: 0.0 ms]
      [Free CSet: 0.3 ms]
   [Eden: 85.0M(85.0M)->0.0B(89.0M) Survivors: 17.0M->13.0M Heap: 1010.6M(2048.0M)->1012.6M(2048.0M)]
 [Times: user=1.47 sys=0.03, real=0.22 secs] 
2020-09-29T12:02:54.175+0200: 62.863: [GC pause (G1 Humongous Allocation) (young) (initial-mark), 0.0915409 secs]
   [Parallel Time: 89.2 ms, GC Workers: 8]
      [GC Worker Start (ms): Min: 62863.0, Avg: 62863.1, Max: 62863.3, Diff: 0.2]
      [Ext Root Scanning (ms): Min: 0.1, Avg: 0.2, Max: 0.4, Diff: 0.2, Sum: 1.9]
      [Update RS (ms): Min: 38.8, Avg: 40.6, Max: 48.8, Diff: 10.0, Sum: 325.2]
         [Processed Buffers: Min: 12, Avg: 13.3, Max: 14, Diff: 2, Sum: 106]
      [Scan RS (ms): Min: 0.0, Avg: 4.0, Max: 6.5, Diff: 6.5, Sum: 32.3]
      [Code Root Scanning (ms): Min: 0.0, Avg: 0.0, Max: 0.0, Diff: 0.0, Sum: 0.0]
      [Object Copy (ms): Min: 39.7, Avg: 43.8, Max: 45.0, Diff: 5.3, Sum: 350.6]
      [Termination (ms): Min: 0.0, Avg: 0.0, Max: 0.0, Diff: 0.0, Sum: 0.3]
         [Termination Attempts: Min: 1, Avg: 61.8, Max: 79, Diff: 78, Sum: 494]
      [GC Worker Other (ms): Min: 0.0, Avg: 0.1, Max: 0.1, Diff: 0.1, Sum: 0.5]
      [GC Worker Total (ms): Min: 88.7, Avg: 88.8, Max: 89.0, Diff: 0.3, Sum: 710.7]
      [GC Worker End (ms): Min: 62951.9, Avg: 62952.0, Max: 62952.0, Diff: 0.1]
   [Code Root Fixup: 0.0 ms]
   [Code Root Purge: 0.0 ms]
   [Clear CT: 0.5 ms]
   [Other: 1.8 ms]
      [Choose CSet: 0.0 ms]
      [Ref Proc: 0.4 ms]
      [Ref Enq: 0.0 ms]
      [Redirty Cards: 0.5 ms]
      [Humongous Register: 0.1 ms]
      [Humongous Reclaim: 0.0 ms]
      [Free CSet: 0.2 ms]
   [Eden: 10.0M(89.0M)->0.0B(90.0M) Survivors: 13.0M->12.0M Heap: 1022.1M(2048.0M)->1026.6M(2048.0M)]
 [Times: user=0.63 sys=0.00, real=0.09 secs] 
2020-09-29T12:02:54.267+0200: 62.955: [GC concurrent-root-region-scan-start]
2020-09-29T12:02:54.277+0200: 62.965: [GC concurrent-root-region-scan-end, 0.0104007 secs]
2020-09-29T12:02:54.277+0200: 62.965: [GC concurrent-mark-start]
2020-09-29T12:02:54.287+0200: 62.975: [GC concurrent-mark-end, 0.0097784 secs]
2020-09-29T12:02:54.288+0200: 62.976: [GC remark 2020-09-29T12:02:54.288+0200: 62.976: [Finalize Marking, 0.0007475 secs] 2020-09-29T12:02:54.289+0200: 62.977: [GC ref-proc, 0.0010892 secs] 2020-09-29T12:02:54.290+0200: 62.978: [Unloading, 0.0013079 secs], 0.0042397 secs]
 [Times: user=0.00 sys=0.00, real=0.00 secs] 
2020-09-29T12:02:54.294+0200: 62.981: [GC cleanup 1039M->32M(2048M), 0.0036672 secs]
 [Times: user=0.00 sys=0.00, real=0.00 secs] 
2020-09-29T12:02:54.297+0200: 62.985: [GC concurrent-cleanup-start]
2020-09-29T12:02:54.304+0200: 62.992: [GC concurrent-cleanup-end, 0.0063189 secs]
2020-09-29T12:02:54.442+0200: 63.130: [GC pause (G1 Evacuation Pause) (young), 0.2627878 secs]
   [Parallel Time: 260.2 ms, GC Workers: 8]
      [GC Worker Start (ms): Min: 63130.1, Avg: 63135.6, Max: 63167.8, Diff: 37.7]
      [Ext Root Scanning (ms): Min: 0.0, Avg: 0.2, Max: 0.4, Diff: 0.4, Sum: 1.4]
      [Update RS (ms): Min: 0.0, Avg: 25.9, Max: 31.7, Diff: 31.7, Sum: 207.3]
         [Processed Buffers: Min: 0, Avg: 8.5, Max: 12, Diff: 12, Sum: 68]
      [Scan RS (ms): Min: 4.7, Avg: 11.2, Max: 13.8, Diff: 9.1, Sum: 89.7]
      [Code Root Scanning (ms): Min: 0.0, Avg: 0.0, Max: 0.0, Diff: 0.0, Sum: 0.0]
      [Object Copy (ms): Min: 214.9, Avg: 216.8, Max: 217.4, Diff: 2.5, Sum: 1734.0]
      [Termination (ms): Min: 0.2, Avg: 0.3, Max: 0.4, Diff: 0.2, Sum: 2.3]
         [Termination Attempts: Min: 1, Avg: 217.6, Max: 400, Diff: 399, Sum: 1741]
      [GC Worker Other (ms): Min: 0.0, Avg: 0.0, Max: 0.0, Diff: 0.0, Sum: 0.2]
      [GC Worker Total (ms): Min: 222.2, Avg: 254.4, Max: 259.8, Diff: 37.6, Sum: 2035.0]
      [GC Worker End (ms): Min: 63389.9, Avg: 63389.9, Max: 63390.0, Diff: 0.1]
   [Code Root Fixup: 0.0 ms]
   [Code Root Purge: 0.0 ms]
   [Clear CT: 0.6 ms]
   [Other: 2.0 ms]
      [Choose CSet: 0.0 ms]
      [Ref Proc: 0.6 ms]
      [Ref Enq: 0.0 ms]
      [Redirty Cards: 0.5 ms]
      [Humongous Register: 0.1 ms]
      [Humongous Reclaim: 0.0 ms]
      [Free CSet: 0.2 ms]
   [Eden: 90.0M(90.0M)->0.0B(89.0M) Survivors: 12.0M->13.0M Heap: 125.3M(2048.0M)->115.3M(2048.0M)]
 [Times: user=1.38 sys=0.02, real=0.26 secs] 
2020-09-29T12:02:54.891+0200: 63.579: [GC pause (G1 Evacuation Pause) (young), 0.1872208 secs]
   [Parallel Time: 184.3 ms, GC Workers: 8]
      [GC Worker Start (ms): Min: 63579.4, Avg: 63579.5, Max: 63579.6, Diff: 0.2]
      [Ext Root Scanning (ms): Min: 0.1, Avg: 0.2, Max: 0.4, Diff: 0.2, Sum: 1.8]
      [Update RS (ms): Min: 18.5, Avg: 19.0, Max: 20.0, Diff: 1.6, Sum: 151.7]
         [Processed Buffers: Min: 7, Avg: 7.8, Max: 9, Diff: 2, Sum: 62]
      [Scan RS (ms): Min: 13.0, Avg: 13.8, Max: 14.5, Diff: 1.5, Sum: 110.3]
      [Code Root Scanning (ms): Min: 0.0, Avg: 0.0, Max: 0.0, Diff: 0.0, Sum: 0.0]
      [Object Copy (ms): Min: 150.1, Avg: 150.8, Max: 151.0, Diff: 0.8, Sum: 1206.2]
      [Termination (ms): Min: 0.0, Avg: 0.0, Max: 0.0, Diff: 0.0, Sum: 0.1]
         [Termination Attempts: Min: 1, Avg: 12.5, Max: 25, Diff: 24, Sum: 100]
      [GC Worker Other (ms): Min: 0.0, Avg: 0.1, Max: 0.1, Diff: 0.1, Sum: 0.5]
      [GC Worker Total (ms): Min: 183.7, Avg: 183.8, Max: 184.0, Diff: 0.3, Sum: 1470.6]
      [GC Worker End (ms): Min: 63763.3, Avg: 63763.3, Max: 63763.4, Diff: 0.1]
   [Code Root Fixup: 0.0 ms]
   [Code Root Purge: 0.0 ms]
   [Clear CT: 0.5 ms]
   [Other: 2.4 ms]
      [Choose CSet: 0.0 ms]
      [Ref Proc: 0.6 ms]
      [Ref Enq: 0.0 ms]
      [Redirty Cards: 0.9 ms]
      [Humongous Register: 0.1 ms]
      [Humongous Reclaim: 0.0 ms]
      [Free CSet: 0.3 ms]
   [Eden: 89.0M(89.0M)->0.0B(89.0M) Survivors: 13.0M->13.0M Heap: 219.5M(2048.0M)->221.5M(2048.0M)]
 [Times: user=1.41 sys=0.00, real=0.19 secs] 
2020-09-29T12:02:55.234+0200: 63.922: [GC pause (G1 Evacuation Pause) (young), 0.2524261 secs]
   [Parallel Time: 250.1 ms, GC Workers: 8]
      [GC Worker Start (ms): Min: 63921.8, Avg: 63930.0, Max: 63954.5, Diff: 32.7]
      [Ext Root Scanning (ms): Min: 0.0, Avg: 0.2, Max: 0.4, Diff: 0.3, Sum: 1.6]
      [Update RS (ms): Min: 0.0, Avg: 22.9, Max: 30.9, Diff: 30.9, Sum: 183.1]
         [Processed Buffers: Min: 0, Avg: 9.3, Max: 15, Diff: 15, Sum: 74]
      [Scan RS (ms): Min: 11.1, Avg: 15.3, Max: 34.6, Diff: 23.4, Sum: 122.5]
      [Code Root Scanning (ms): Min: 0.0, Avg: 0.0, Max: 0.0, Diff: 0.0, Sum: 0.0]
      [Object Copy (ms): Min: 183.8, Avg: 203.0, Max: 205.8, Diff: 22.0, Sum: 1624.1]
      [Termination (ms): Min: 0.0, Avg: 0.2, Max: 0.2, Diff: 0.2, Sum: 1.4]
         [Termination Attempts: Min: 1, Avg: 18.1, Max: 35, Diff: 34, Sum: 145]
      [GC Worker Other (ms): Min: 0.0, Avg: 0.0, Max: 0.0, Diff: 0.0, Sum: 0.2]
      [GC Worker Total (ms): Min: 217.1, Avg: 241.6, Max: 249.9, Diff: 32.8, Sum: 1932.9]
      [GC Worker End (ms): Min: 64171.6, Avg: 64171.6, Max: 64171.6, Diff: 0.0]
   [Code Root Fixup: 0.0 ms]
   [Code Root Purge: 0.0 ms]
   [Clear CT: 0.5 ms]
   [Other: 1.8 ms]
      [Choose CSet: 0.0 ms]
      [Ref Proc: 0.5 ms]
      [Ref Enq: 0.0 ms]
      [Redirty Cards: 0.5 ms]
      [Humongous Register: 0.1 ms]
      [Humongous Reclaim: 0.0 ms]
      [Free CSet: 0.3 ms]
   [Eden: 89.0M(89.0M)->0.0B(89.0M) Survivors: 13.0M->13.0M Heap: 325.8M(2048.0M)->327.8M(2048.0M)]
 [Times: user=1.55 sys=0.01, real=0.25 secs] 
2020-09-29T12:02:55.660+0200: 64.348: [GC pause (G1 Evacuation Pause) (young), 0.1961084 secs]
   [Parallel Time: 193.7 ms, GC Workers: 8]
      [GC Worker Start (ms): Min: 64348.0, Avg: 64348.2, Max: 64348.4, Diff: 0.4]
      [Ext Root Scanning (ms): Min: 0.0, Avg: 0.2, Max: 0.4, Diff: 0.4, Sum: 1.8]
      [Update RS (ms): Min: 18.9, Avg: 19.3, Max: 20.6, Diff: 1.7, Sum: 154.5]
         [Processed Buffers: Min: 6, Avg: 8.4, Max: 10, Diff: 4, Sum: 67]
      [Scan RS (ms): Min: 13.7, Avg: 15.0, Max: 15.8, Diff: 2.1, Sum: 119.7]
      [Code Root Scanning (ms): Min: 0.0, Avg: 0.0, Max: 0.0, Diff: 0.0, Sum: 0.0]
      [Object Copy (ms): Min: 157.8, Avg: 158.5, Max: 158.9, Diff: 1.1, Sum: 1268.3]
      [Termination (ms): Min: 0.0, Avg: 0.1, Max: 0.2, Diff: 0.2, Sum: 0.8]
         [Termination Attempts: Min: 1, Avg: 6.5, Max: 12, Diff: 11, Sum: 52]
      [GC Worker Other (ms): Min: 0.0, Avg: 0.0, Max: 0.0, Diff: 0.0, Sum: 0.2]
      [GC Worker Total (ms): Min: 192.9, Avg: 193.2, Max: 193.3, Diff: 0.3, Sum: 1545.4]
      [GC Worker End (ms): Min: 64541.3, Avg: 64541.3, Max: 64541.4, Diff: 0.1]
   [Code Root Fixup: 0.0 ms]
   [Code Root Purge: 0.0 ms]
   [Clear CT: 0.4 ms]
   [Other: 2.0 ms]
      [Choose CSet: 0.0 ms]
      [Ref Proc: 0.6 ms]
      [Ref Enq: 0.0 ms]
      [Redirty Cards: 0.5 ms]
      [Humongous Register: 0.1 ms]
      [Humongous Reclaim: 0.0 ms]
      [Free CSet: 0.3 ms]
   [Eden: 89.0M(89.0M)->0.0B(89.0M) Survivors: 13.0M->13.0M Heap: 432.0M(2048.0M)->434.0M(2048.0M)]
 [Times: user=1.41 sys=0.00, real=0.20 secs] 
2020-09-29T12:02:56.027+0200: 64.715: [GC pause (G1 Evacuation Pause) (young), 0.2377953 secs]
   [Parallel Time: 235.3 ms, GC Workers: 8]
      [GC Worker Start (ms): Min: 64715.6, Avg: 64715.8, Max: 64716.0, Diff: 0.4]
      [Ext Root Scanning (ms): Min: 0.0, Avg: 0.2, Max: 0.4, Diff: 0.4, Sum: 1.8]
      [Update RS (ms): Min: 20.9, Avg: 23.5, Max: 31.5, Diff: 10.6, Sum: 188.3]
         [Processed Buffers: Min: 0, Avg: 7.5, Max: 10, Diff: 10, Sum: 60]
      [Scan RS (ms): Min: 6.1, Avg: 17.4, Max: 40.5, Diff: 34.4, Sum: 139.4]
      [Code Root Scanning (ms): Min: 0.0, Avg: 0.0, Max: 0.0, Diff: 0.0, Sum: 0.0]
      [Object Copy (ms): Min: 170.6, Avg: 193.5, Max: 196.9, Diff: 26.3, Sum: 1547.8]
      [Termination (ms): Min: 0.0, Avg: 0.2, Max: 0.3, Diff: 0.3, Sum: 1.6]
         [Termination Attempts: Min: 1, Avg: 232.6, Max: 341, Diff: 340, Sum: 1861]
      [GC Worker Other (ms): Min: 0.0, Avg: 0.0, Max: 0.0, Diff: 0.0, Sum: 0.2]
      [GC Worker Total (ms): Min: 234.6, Avg: 234.9, Max: 235.1, Diff: 0.4, Sum: 1879.1]
      [GC Worker End (ms): Min: 64950.6, Avg: 64950.7, Max: 64950.7, Diff: 0.0]
   [Code Root Fixup: 0.0 ms]
   [Code Root Purge: 0.0 ms]
   [Clear CT: 0.6 ms]
   [Other: 1.8 ms]
      [Choose CSet: 0.0 ms]
      [Ref Proc: 0.4 ms]
      [Ref Enq: 0.0 ms]
      [Redirty Cards: 0.7 ms]
      [Humongous Register: 0.1 ms]
      [Humongous Reclaim: 0.0 ms]
      [Free CSet: 0.2 ms]
   [Eden: 89.0M(89.0M)->0.0B(89.0M) Survivors: 13.0M->13.0M Heap: 536.4M(2048.0M)->537.9M(2048.0M)]
 [Times: user=1.52 sys=0.00, real=0.24 secs] 
2020-09-29T12:02:56.425+0200: 65.112: [GC pause (G1 Evacuation Pause) (young), 0.2863411 secs]
   [Parallel Time: 283.7 ms, GC Workers: 8]
      [GC Worker Start (ms): Min: 65112.7, Avg: 65120.6, Max: 65143.2, Diff: 30.5]
      [Ext Root Scanning (ms): Min: 0.0, Avg: 0.2, Max: 0.4, Diff: 0.4, Sum: 1.6]
      [Update RS (ms): Min: 1.1, Avg: 25.5, Max: 36.9, Diff: 35.8, Sum: 204.0]
         [Processed Buffers: Min: 2, Avg: 7.6, Max: 13, Diff: 11, Sum: 61]
      [Scan RS (ms): Min: 13.7, Avg: 21.5, Max: 39.6, Diff: 25.9, Sum: 172.0]
      [Code Root Scanning (ms): Min: 0.0, Avg: 0.0, Max: 0.0, Diff: 0.0, Sum: 0.0]
      [Object Copy (ms): Min: 209.9, Avg: 228.0, Max: 231.6, Diff: 21.6, Sum: 1824.0]
      [Termination (ms): Min: 0.0, Avg: 0.3, Max: 0.4, Diff: 0.4, Sum: 2.3]
         [Termination Attempts: Min: 1, Avg: 422.4, Max: 658, Diff: 657, Sum: 3379]
      [GC Worker Other (ms): Min: 0.0, Avg: 0.0, Max: 0.0, Diff: 0.0, Sum: 0.2]
      [GC Worker Total (ms): Min: 252.8, Avg: 275.5, Max: 283.4, Diff: 30.5, Sum: 2204.1]
      [GC Worker End (ms): Min: 65396.1, Avg: 65396.1, Max: 65396.1, Diff: 0.0]
   [Code Root Fixup: 0.0 ms]
   [Code Root Purge: 0.0 ms]
   [Clear CT: 0.6 ms]
   [Other: 2.1 ms]
      [Choose CSet: 0.0 ms]
      [Ref Proc: 0.5 ms]
      [Ref Enq: 0.0 ms]
      [Redirty Cards: 0.7 ms]
      [Humongous Register: 0.1 ms]
      [Humongous Reclaim: 0.0 ms]
      [Free CSet: 0.2 ms]
   [Eden: 89.0M(89.0M)->0.0B(89.0M) Survivors: 13.0M->13.0M Heap: 642.1M(2048.0M)->644.1M(2048.0M)]
 [Times: user=1.56 sys=0.02, real=0.29 secs] 
2020-09-29T12:02:56.891+0200: 65.578: [GC pause (G1 Evacuation Pause) (young), 0.2304839 secs]
   [Parallel Time: 228.0 ms, GC Workers: 8]
      [GC Worker Start (ms): Min: 65578.4, Avg: 65582.1, Max: 65606.6, Diff: 28.2]
      [Ext Root Scanning (ms): Min: 0.0, Avg: 0.2, Max: 0.4, Diff: 0.3, Sum: 1.5]
      [Update RS (ms): Min: 0.0, Avg: 15.9, Max: 20.9, Diff: 20.9, Sum: 127.0]
         [Processed Buffers: Min: 0, Avg: 6.6, Max: 10, Diff: 10, Sum: 53]
      [Scan RS (ms): Min: 6.1, Avg: 15.0, Max: 17.5, Diff: 11.4, Sum: 120.0]
      [Code Root Scanning (ms): Min: 0.0, Avg: 0.0, Max: 0.0, Diff: 0.0, Sum: 0.0]
      [Object Copy (ms): Min: 192.0, Avg: 192.8, Max: 193.2, Diff: 1.2, Sum: 1542.4]
      [Termination (ms): Min: 0.0, Avg: 0.2, Max: 0.3, Diff: 0.3, Sum: 1.5]
         [Termination Attempts: Min: 1, Avg: 197.4, Max: 311, Diff: 310, Sum: 1579]
      [GC Worker Other (ms): Min: 0.0, Avg: 0.0, Max: 0.1, Diff: 0.0, Sum: 0.3]
      [GC Worker Total (ms): Min: 199.6, Avg: 224.1, Max: 227.7, Diff: 28.2, Sum: 1792.6]
      [GC Worker End (ms): Min: 65806.1, Avg: 65806.1, Max: 65806.1, Diff: 0.0]
   [Code Root Fixup: 0.0 ms]
   [Code Root Purge: 0.0 ms]
   [Clear CT: 0.6 ms]
   [Other: 1.9 ms]
      [Choose CSet: 0.0 ms]
      [Ref Proc: 0.5 ms]
      [Ref Enq: 0.0 ms]
      [Redirty Cards: 0.6 ms]
      [Humongous Register: 0.1 ms]
      [Humongous Reclaim: 0.0 ms]
      [Free CSet: 0.3 ms]
   [Eden: 89.0M(89.0M)->0.0B(89.0M) Survivors: 13.0M->13.0M Heap: 748.4M(2048.0M)->750.9M(2048.0M)]
 [Times: user=1.59 sys=0.00, real=0.23 secs] 
2020-09-29T12:02:57.275+0200: 65.962: [GC pause (G1 Evacuation Pause) (young), 0.2437013 secs]
   [Parallel Time: 240.5 ms, GC Workers: 8]
      [GC Worker Start (ms): Min: 65962.5, Avg: 65962.8, Max: 65963.6, Diff: 1.1]
      [Ext Root Scanning (ms): Min: 0.0, Avg: 0.2, Max: 0.3, Diff: 0.3, Sum: 1.7]
      [Update RS (ms): Min: 20.7, Avg: 20.9, Max: 21.3, Diff: 0.7, Sum: 167.5]
         [Processed Buffers: Min: 6, Avg: 8.3, Max: 11, Diff: 5, Sum: 66]
      [Scan RS (ms): Min: 13.9, Avg: 14.9, Max: 15.7, Diff: 1.8, Sum: 119.0]
      [Code Root Scanning (ms): Min: 0.0, Avg: 0.0, Max: 0.0, Diff: 0.0, Sum: 0.0]
      [Object Copy (ms): Min: 202.5, Avg: 203.1, Max: 203.5, Diff: 1.0, Sum: 1625.0]
      [Termination (ms): Min: 0.0, Avg: 0.7, Max: 1.0, Diff: 1.0, Sum: 5.5]
         [Termination Attempts: Min: 1, Avg: 1248.8, Max: 1580, Diff: 1579, Sum: 9990]
      [GC Worker Other (ms): Min: 0.0, Avg: 0.0, Max: 0.0, Diff: 0.0, Sum: 0.2]
      [GC Worker Total (ms): Min: 239.0, Avg: 239.9, Max: 240.1, Diff: 1.1, Sum: 1919.0]
      [GC Worker End (ms): Min: 66202.6, Avg: 66202.6, Max: 66202.7, Diff: 0.0]
   [Code Root Fixup: 0.0 ms]
   [Code Root Purge: 0.0 ms]
   [Clear CT: 0.5 ms]
   [Other: 2.7 ms]
      [Choose CSet: 0.0 ms]
      [Ref Proc: 1.3 ms]
      [Ref Enq: 0.0 ms]
      [Redirty Cards: 0.6 ms]
      [Humongous Register: 0.1 ms]
      [Humongous Reclaim: 0.0 ms]
      [Free CSet: 0.3 ms]
   [Eden: 89.0M(89.0M)->0.0B(89.0M) Survivors: 13.0M->13.0M Heap: 855.2M(2048.0M)->858.2M(2048.0M)]
 [Times: user=1.59 sys=0.00, real=0.24 secs] 
2020-09-29T12:02:57.710+0200: 66.398: [GC pause (G1 Evacuation Pause) (young), 0.1879599 secs]
   [Parallel Time: 185.3 ms, GC Workers: 8]
      [GC Worker Start (ms): Min: 66398.0, Avg: 66398.8, Max: 66400.3, Diff: 2.3]
      [Ext Root Scanning (ms): Min: 0.0, Avg: 0.2, Max: 0.4, Diff: 0.4, Sum: 1.3]
      [Update RS (ms): Min: 16.6, Avg: 17.5, Max: 19.5, Diff: 2.9, Sum: 139.8]
         [Processed Buffers: Min: 6, Avg: 7.8, Max: 10, Diff: 4, Sum: 62]
      [Scan RS (ms): Min: 13.8, Avg: 15.3, Max: 16.5, Diff: 2.7, Sum: 122.5]
      [Code Root Scanning (ms): Min: 0.0, Avg: 0.0, Max: 0.0, Diff: 0.0, Sum: 0.0]
      [Object Copy (ms): Min: 150.4, Avg: 151.1, Max: 151.3, Diff: 0.9, Sum: 1208.4]
      [Termination (ms): Min: 0.0, Avg: 0.1, Max: 0.1, Diff: 0.1, Sum: 0.6]
         [Termination Attempts: Min: 1, Avg: 151.3, Max: 210, Diff: 209, Sum: 1210]
      [GC Worker Other (ms): Min: 0.0, Avg: 0.1, Max: 0.1, Diff: 0.1, Sum: 0.5]
      [GC Worker Total (ms): Min: 182.6, Avg: 184.1, Max: 185.0, Diff: 2.4, Sum: 1473.2]
      [GC Worker End (ms): Min: 66582.9, Avg: 66582.9, Max: 66583.0, Diff: 0.1]
   [Code Root Fixup: 0.0 ms]
   [Code Root Purge: 0.0 ms]
   [Clear CT: 0.5 ms]
   [Other: 2.1 ms]
      [Choose CSet: 0.0 ms]
      [Ref Proc: 0.6 ms]
      [Ref Enq: 0.0 ms]
      [Redirty Cards: 0.7 ms]
      [Humongous Register: 0.1 ms]
      [Humongous Reclaim: 0.0 ms]
      [Free CSet: 0.2 ms]
   [Eden: 89.0M(89.0M)->0.0B(89.0M) Survivors: 13.0M->13.0M Heap: 962.4M(2048.0M)->964.4M(2048.0M)]
 [Times: user=1.39 sys=0.00, real=0.19 secs] 
2020-09-29T12:02:57.932+0200: 66.619: [GC pause (G1 Humongous Allocation) (young) (initial-mark), 0.0776538 secs]
   [Parallel Time: 75.4 ms, GC Workers: 8]
      [GC Worker Start (ms): Min: 66619.5, Avg: 66619.8, Max: 66620.2, Diff: 0.7]
      [Ext Root Scanning (ms): Min: 0.0, Avg: 0.9, Max: 2.6, Diff: 2.6, Sum: 7.6]
      [Update RS (ms): Min: 22.4, Avg: 25.2, Max: 29.7, Diff: 7.3, Sum: 201.6]
         [Processed Buffers: Min: 3, Avg: 8.4, Max: 10, Diff: 7, Sum: 67]
      [Scan RS (ms): Min: 0.0, Avg: 2.5, Max: 3.7, Diff: 3.7, Sum: 20.0]
      [Code Root Scanning (ms): Min: 0.0, Avg: 0.0, Max: 0.0, Diff: 0.0, Sum: 0.0]
      [Object Copy (ms): Min: 44.6, Avg: 46.2, Max: 46.6, Diff: 2.0, Sum: 369.6]
      [Termination (ms): Min: 0.0, Avg: 0.0, Max: 0.0, Diff: 0.0, Sum: 0.1]
         [Termination Attempts: Min: 1, Avg: 14.8, Max: 23, Diff: 22, Sum: 118]
      [GC Worker Other (ms): Min: 0.0, Avg: 0.1, Max: 0.1, Diff: 0.1, Sum: 0.5]
      [GC Worker Total (ms): Min: 74.5, Avg: 74.9, Max: 75.3, Diff: 0.7, Sum: 599.3]
      [GC Worker End (ms): Min: 66694.7, Avg: 66694.7, Max: 66694.8, Diff: 0.1]
   [Code Root Fixup: 0.0 ms]
   [Code Root Purge: 0.0 ms]
   [Clear CT: 0.4 ms]
   [Other: 1.9 ms]
      [Choose CSet: 0.0 ms]
      [Ref Proc: 0.6 ms]
      [Ref Enq: 0.0 ms]
      [Redirty Cards: 0.5 ms]
      [Humongous Register: 0.1 ms]
      [Humongous Reclaim: 0.0 ms]
      [Free CSet: 0.1 ms]
   [Eden: 11.0M(89.0M)->0.0B(89.0M) Survivors: 13.0M->13.0M Heap: 975.4M(2048.0M)->978.9M(2048.0M)]
 [Times: user=0.52 sys=0.00, real=0.08 secs] 
2020-09-29T12:02:58.010+0200: 66.697: [GC concurrent-root-region-scan-start]
2020-09-29T12:02:58.021+0200: 66.709: [GC concurrent-root-region-scan-end, 0.0114041 secs]
2020-09-29T12:02:58.021+0200: 66.709: [GC concurrent-mark-start]
2020-09-29T12:02:58.030+0200: 66.717: [GC concurrent-mark-end, 0.0087112 secs]
2020-09-29T12:02:58.031+0200: 66.719: [GC remark 2020-09-29T12:02:58.031+0200: 66.719: [Finalize Marking, 0.0006264 secs] 2020-09-29T12:02:58.032+0200: 66.719: [GC ref-proc, 0.0010759 secs] 2020-09-29T12:02:58.033+0200: 66.721: [Unloading, 0.0014456 secs], 0.0042333 secs]
 [Times: user=0.00 sys=0.00, real=0.00 secs] 
2020-09-29T12:02:58.036+0200: 66.724: [GC cleanup 995M->37M(2048M), 0.0034492 secs]
 [Times: user=0.00 sys=0.00, real=0.00 secs] 
2020-09-29T12:02:58.040+0200: 66.728: [GC concurrent-cleanup-start]
2020-09-29T12:02:58.044+0200: 66.732: [GC concurrent-cleanup-end, 0.0043395 secs]
2020-09-29T12:02:58.167+0200: 66.854: [GC pause (G1 Evacuation Pause) (young), 0.2914022 secs]
   [Parallel Time: 288.6 ms, GC Workers: 8]
      [GC Worker Start (ms): Min: 66854.6, Avg: 66862.6, Max: 66886.1, Diff: 31.5]
      [Ext Root Scanning (ms): Min: 0.0, Avg: 0.2, Max: 0.4, Diff: 0.4, Sum: 1.6]
      [Update RS (ms): Min: 0.0, Avg: 13.0, Max: 18.2, Diff: 18.2, Sum: 104.1]
         [Processed Buffers: Min: 0, Avg: 5.6, Max: 9, Diff: 9, Sum: 45]
      [Scan RS (ms): Min: 2.1, Avg: 16.5, Max: 48.6, Diff: 46.4, Sum: 131.6]
      [Code Root Scanning (ms): Min: 0.0, Avg: 0.0, Max: 0.0, Diff: 0.0, Sum: 0.0]
      [Object Copy (ms): Min: 222.5, Avg: 250.0, Max: 254.3, Diff: 31.8, Sum: 1999.8]
      [Termination (ms): Min: 0.0, Avg: 0.6, Max: 1.0, Diff: 1.0, Sum: 5.1]
         [Termination Attempts: Min: 1, Avg: 1024.9, Max: 1384, Diff: 1383, Sum: 8199]
      [GC Worker Other (ms): Min: 0.0, Avg: 0.1, Max: 0.3, Diff: 0.3, Sum: 0.6]
      [GC Worker Total (ms): Min: 256.9, Avg: 280.4, Max: 288.3, Diff: 31.5, Sum: 2242.8]
      [GC Worker End (ms): Min: 67142.9, Avg: 67142.9, Max: 67143.0, Diff: 0.1]
   [Code Root Fixup: 0.0 ms]
   [Code Root Purge: 0.0 ms]
   [Clear CT: 1.1 ms]
   [Other: 1.7 ms]
      [Choose CSet: 0.0 ms]
      [Ref Proc: 0.6 ms]
      [Ref Enq: 0.0 ms]
      [Redirty Cards: 0.4 ms]
      [Humongous Register: 0.1 ms]
      [Humongous Reclaim: 0.0 ms]
      [Free CSet: 0.2 ms]
   [Eden: 89.0M(89.0M)->0.0B(89.0M) Survivors: 13.0M->13.0M Heap: 125.3M(2048.0M)->114.8M(2048.0M)]
 [Times: user=1.83 sys=0.03, real=0.29 secs] 
2020-09-29T12:02:58.525+0200: 67.213: [GC pause (G1 Evacuation Pause) (young), 0.1060786 secs]
   [Parallel Time: 104.9 ms, GC Workers: 8]
      [GC Worker Start (ms): Min: 67212.7, Avg: 67212.8, Max: 67212.8, Diff: 0.1]
      [Ext Root Scanning (ms): Min: 0.0, Avg: 0.1, Max: 0.1, Diff: 0.1, Sum: 0.7]
      [Update RS (ms): Min: 9.4, Avg: 10.8, Max: 16.9, Diff: 7.5, Sum: 86.5]
         [Processed Buffers: Min: 1, Avg: 7.6, Max: 11, Diff: 10, Sum: 61]
      [Scan RS (ms): Min: 0.0, Avg: 5.9, Max: 7.2, Diff: 7.2, Sum: 47.0]
      [Code Root Scanning (ms): Min: 0.0, Avg: 0.0, Max: 0.0, Diff: 0.0, Sum: 0.0]
      [Object Copy (ms): Min: 87.4, Avg: 87.8, Max: 88.0, Diff: 0.6, Sum: 702.4]
      [Termination (ms): Min: 0.1, Avg: 0.2, Max: 0.3, Diff: 0.2, Sum: 1.3]
         [Termination Attempts: Min: 1, Avg: 617.5, Max: 901, Diff: 900, Sum: 4940]
      [GC Worker Other (ms): Min: 0.0, Avg: 0.0, Max: 0.0, Diff: 0.0, Sum: 0.1]
      [GC Worker Total (ms): Min: 104.7, Avg: 104.8, Max: 104.8, Diff: 0.1, Sum: 838.1]
      [GC Worker End (ms): Min: 67317.5, Avg: 67317.5, Max: 67317.5, Diff: 0.0]
   [Code Root Fixup: 0.0 ms]
   [Code Root Purge: 0.0 ms]
   [Clear CT: 0.2 ms]
   [Other: 0.9 ms]
      [Choose CSet: 0.0 ms]
      [Ref Proc: 0.2 ms]
      [Ref Enq: 0.0 ms]
      [Redirty Cards: 0.2 ms]
      [Humongous Register: 0.0 ms]
      [Humongous Reclaim: 0.0 ms]
      [Free CSet: 0.1 ms]
   [Eden: 89.0M(89.0M)->0.0B(89.0M) Survivors: 13.0M->13.0M Heap: 219.0M(2048.0M)->220.5M(2048.0M)]
 [Times: user=0.72 sys=0.02, real=0.11 secs] 
2020-09-29T12:02:58.690+0200: 67.378: [GC pause (G1 Evacuation Pause) (young), 0.1056843 secs]
   [Parallel Time: 104.6 ms, GC Workers: 8]
      [GC Worker Start (ms): Min: 67377.8, Avg: 67383.9, Max: 67394.4, Diff: 16.6]
      [Ext Root Scanning (ms): Min: 0.0, Avg: 0.1, Max: 0.2, Diff: 0.2, Sum: 0.6]
      [Update RS (ms): Min: 0.0, Avg: 7.9, Max: 13.2, Diff: 13.2, Sum: 62.8]
         [Processed Buffers: Min: 0, Avg: 8.1, Max: 14, Diff: 14, Sum: 65]
      [Scan RS (ms): Min: 2.8, Avg: 5.3, Max: 6.4, Diff: 3.6, Sum: 42.5]
      [Code Root Scanning (ms): Min: 0.0, Avg: 0.0, Max: 0.0, Diff: 0.0, Sum: 0.0]
      [Object Copy (ms): Min: 84.8, Avg: 84.9, Max: 85.0, Diff: 0.2, Sum: 679.5]
      [Termination (ms): Min: 0.0, Avg: 0.1, Max: 0.1, Diff: 0.1, Sum: 0.6]
         [Termination Attempts: Min: 1, Avg: 449.8, Max: 621, Diff: 620, Sum: 3598]
      [GC Worker Other (ms): Min: 0.0, Avg: 0.0, Max: 0.0, Diff: 0.0, Sum: 0.2]
      [GC Worker Total (ms): Min: 87.9, Avg: 98.3, Max: 104.4, Diff: 16.6, Sum: 786.3]
      [GC Worker End (ms): Min: 67482.2, Avg: 67482.2, Max: 67482.2, Diff: 0.0]
   [Code Root Fixup: 0.0 ms]
   [Code Root Purge: 0.0 ms]
   [Clear CT: 0.2 ms]
   [Other: 0.9 ms]
      [Choose CSet: 0.0 ms]
      [Ref Proc: 0.3 ms]
      [Ref Enq: 0.0 ms]
      [Redirty Cards: 0.2 ms]
      [Humongous Register: 0.1 ms]
      [Humongous Reclaim: 0.0 ms]
      [Free CSet: 0.1 ms]
   [Eden: 89.0M(89.0M)->0.0B(89.0M) Survivors: 13.0M->13.0M Heap: 324.8M(2048.0M)->326.8M(2048.0M)]
 [Times: user=0.70 sys=0.02, real=0.11 secs] 
2020-09-29T12:02:58.868+0200: 67.556: [GC pause (G1 Evacuation Pause) (young), 0.0735573 secs]
   [Parallel Time: 72.5 ms, GC Workers: 8]
      [GC Worker Start (ms): Min: 67555.7, Avg: 67556.4, Max: 67561.0, Diff: 5.2]
      [Ext Root Scanning (ms): Min: 0.0, Avg: 0.1, Max: 0.1, Diff: 0.1, Sum: 0.7]
      [Update RS (ms): Min: 4.1, Avg: 8.7, Max: 9.9, Diff: 5.8, Sum: 69.6]
         [Processed Buffers: Min: 7, Avg: 9.8, Max: 14, Diff: 7, Sum: 78]
      [Scan RS (ms): Min: 4.7, Avg: 5.3, Max: 5.4, Diff: 0.7, Sum: 42.0]
      [Code Root Scanning (ms): Min: 0.0, Avg: 0.0, Max: 0.0, Diff: 0.0, Sum: 0.0]
      [Object Copy (ms): Min: 57.5, Avg: 57.5, Max: 57.6, Diff: 0.1, Sum: 460.3]
      [Termination (ms): Min: 0.0, Avg: 0.0, Max: 0.1, Diff: 0.1, Sum: 0.4]
         [Termination Attempts: Min: 1, Avg: 272.8, Max: 375, Diff: 374, Sum: 2182]
      [GC Worker Other (ms): Min: 0.0, Avg: 0.0, Max: 0.0, Diff: 0.0, Sum: 0.2]
      [GC Worker Total (ms): Min: 67.1, Avg: 71.6, Max: 72.3, Diff: 5.2, Sum: 573.2]
      [GC Worker End (ms): Min: 67628.0, Avg: 67628.0, Max: 67628.1, Diff: 0.0]
   [Code Root Fixup: 0.0 ms]
   [Code Root Purge: 0.0 ms]
   [Clear CT: 0.2 ms]
   [Other: 0.8 ms]
      [Choose CSet: 0.0 ms]
      [Ref Proc: 0.2 ms]
      [Ref Enq: 0.0 ms]
      [Redirty Cards: 0.2 ms]
      [Humongous Register: 0.1 ms]
      [Humongous Reclaim: 0.0 ms]
      [Free CSet: 0.1 ms]
   [Eden: 89.0M(89.0M)->0.0B(93.0M) Survivors: 13.0M->13.0M Heap: 431.0M(2048.0M)->434.0M(2048.0M)]
 [Times: user=0.50 sys=0.00, real=0.07 secs] 
2020-09-29T12:02:59.001+0200: 67.689: [GC pause (G1 Evacuation Pause) (young), 0.1037075 secs]
   [Parallel Time: 102.7 ms, GC Workers: 8]
      [GC Worker Start (ms): Min: 67688.8, Avg: 67688.9, Max: 67689.0, Diff: 0.2]
      [Ext Root Scanning (ms): Min: 0.0, Avg: 0.1, Max: 0.1, Diff: 0.1, Sum: 0.7]
      [Update RS (ms): Min: 9.9, Avg: 13.0, Max: 31.6, Diff: 21.7, Sum: 103.8]
         [Processed Buffers: Min: 0, Avg: 9.6, Max: 13, Diff: 13, Sum: 77]
      [Scan RS (ms): Min: 0.0, Avg: 4.6, Max: 5.7, Diff: 5.7, Sum: 37.1]
      [Code Root Scanning (ms): Min: 0.0, Avg: 0.0, Max: 0.0, Diff: 0.0, Sum: 0.0]
      [Object Copy (ms): Min: 70.7, Avg: 84.6, Max: 86.8, Diff: 16.1, Sum: 677.1]
      [Termination (ms): Min: 0.0, Avg: 0.2, Max: 0.2, Diff: 0.2, Sum: 1.5]
         [Termination Attempts: Min: 1, Avg: 1177.5, Max: 1459, Diff: 1458, Sum: 9420]
      [GC Worker Other (ms): Min: 0.0, Avg: 0.0, Max: 0.0, Diff: 0.0, Sum: 0.2]
      [GC Worker Total (ms): Min: 102.5, Avg: 102.5, Max: 102.6, Diff: 0.1, Sum: 820.3]
      [GC Worker End (ms): Min: 67791.4, Avg: 67791.4, Max: 67791.4, Diff: 0.0]
   [Code Root Fixup: 0.0 ms]
   [Code Root Purge: 0.0 ms]
   [Clear CT: 0.2 ms]
   [Other: 0.8 ms]
      [Choose CSet: 0.0 ms]
      [Ref Proc: 0.2 ms]
      [Ref Enq: 0.0 ms]
      [Redirty Cards: 0.2 ms]
      [Humongous Register: 0.0 ms]
      [Humongous Reclaim: 0.0 ms]
      [Free CSet: 0.1 ms]
   [Eden: 93.0M(93.0M)->0.0B(108.0M) Survivors: 13.0M->14.0M Heap: 542.3M(2048.0M)->544.8M(2048.0M)]
 [Times: user=0.75 sys=0.00, real=0.10 secs] 
2020-09-29T12:02:59.174+0200: 67.862: [GC pause (G1 Evacuation Pause) (young), 0.0826729 secs]
   [Parallel Time: 81.8 ms, GC Workers: 8]
      [GC Worker Start (ms): Min: 67862.6, Avg: 67862.7, Max: 67862.7, Diff: 0.1]
      [Ext Root Scanning (ms): Min: 0.0, Avg: 0.1, Max: 0.2, Diff: 0.1, Sum: 0.6]
      [Update RS (ms): Min: 9.3, Avg: 9.6, Max: 9.9, Diff: 0.6, Sum: 76.8]
         [Processed Buffers: Min: 7, Avg: 9.4, Max: 12, Diff: 5, Sum: 75]
      [Scan RS (ms): Min: 6.0, Avg: 6.4, Max: 6.7, Diff: 0.7, Sum: 50.9]
      [Code Root Scanning (ms): Min: 0.0, Avg: 0.0, Max: 0.0, Diff: 0.0, Sum: 0.0]
      [Object Copy (ms): Min: 65.5, Avg: 65.5, Max: 65.5, Diff: 0.1, Sum: 524.1]
      [Termination (ms): Min: 0.0, Avg: 0.0, Max: 0.0, Diff: 0.0, Sum: 0.1]
         [Termination Attempts: Min: 1, Avg: 65.9, Max: 92, Diff: 91, Sum: 527]
      [GC Worker Other (ms): Min: 0.0, Avg: 0.0, Max: 0.0, Diff: 0.0, Sum: 0.2]
      [GC Worker Total (ms): Min: 81.5, Avg: 81.6, Max: 81.7, Diff: 0.1, Sum: 652.7]
      [GC Worker End (ms): Min: 67944.2, Avg: 67944.3, Max: 67944.3, Diff: 0.0]
   [Code Root Fixup: 0.0 ms]
   [Code Root Purge: 0.0 ms]
   [Clear CT: 0.2 ms]
   [Other: 0.7 ms]
      [Choose CSet: 0.0 ms]
      [Ref Proc: 0.2 ms]
      [Ref Enq: 0.0 ms]
      [Redirty Cards: 0.2 ms]
      [Humongous Register: 0.0 ms]
      [Humongous Reclaim: 0.0 ms]
      [Free CSet: 0.1 ms]
   [Eden: 108.0M(108.0M)->0.0B(128.0M) Survivors: 14.0M->16.0M Heap: 670.0M(2048.0M)->671.0M(2048.0M)]
 [Times: user=0.73 sys=0.00, real=0.08 secs] 
2020-09-29T12:02:59.335+0200: 68.023: [GC pause (G1 Evacuation Pause) (young), 0.0949121 secs]
   [Parallel Time: 93.7 ms, GC Workers: 8]
      [GC Worker Start (ms): Min: 68023.1, Avg: 68023.2, Max: 68023.3, Diff: 0.1]
      [Ext Root Scanning (ms): Min: 0.0, Avg: 0.1, Max: 0.1, Diff: 0.1, Sum: 0.6]
      [Update RS (ms): Min: 11.1, Avg: 11.4, Max: 11.8, Diff: 0.7, Sum: 90.9]
         [Processed Buffers: Min: 10, Avg: 10.6, Max: 12, Diff: 2, Sum: 85]
      [Scan RS (ms): Min: 6.7, Avg: 7.1, Max: 7.3, Diff: 0.6, Sum: 56.7]
      [Code Root Scanning (ms): Min: 0.0, Avg: 0.0, Max: 0.0, Diff: 0.0, Sum: 0.0]
      [Object Copy (ms): Min: 74.9, Avg: 74.9, Max: 75.0, Diff: 0.1, Sum: 599.2]
      [Termination (ms): Min: 0.0, Avg: 0.1, Max: 0.1, Diff: 0.1, Sum: 0.4]
         [Termination Attempts: Min: 1, Avg: 62.3, Max: 90, Diff: 89, Sum: 498]
      [GC Worker Other (ms): Min: 0.0, Avg: 0.0, Max: 0.0, Diff: 0.0, Sum: 0.1]
      [GC Worker Total (ms): Min: 93.4, Avg: 93.5, Max: 93.6, Diff: 0.2, Sum: 748.1]
      [GC Worker End (ms): Min: 68116.7, Avg: 68116.7, Max: 68116.7, Diff: 0.0]
   [Code Root Fixup: 0.0 ms]
   [Code Root Purge: 0.0 ms]
   [Clear CT: 0.2 ms]
   [Other: 1.0 ms]
      [Choose CSet: 0.0 ms]
      [Ref Proc: 0.2 ms]
      [Ref Enq: 0.0 ms]
      [Redirty Cards: 0.4 ms]
      [Humongous Register: 0.0 ms]
      [Humongous Reclaim: 0.0 ms]
      [Free CSet: 0.1 ms]
   [Eden: 128.0M(128.0M)->0.0B(147.0M) Survivors: 16.0M->18.0M Heap: 819.9M(2048.0M)->821.9M(2048.0M)]
 [Times: user=0.75 sys=0.00, real=0.10 secs] 
2020-09-29T12:02:59.521+0200: 68.209: [GC pause (G1 Evacuation Pause) (young), 0.1110624 secs]
   [Parallel Time: 110.0 ms, GC Workers: 8]
      [GC Worker Start (ms): Min: 68209.2, Avg: 68209.2, Max: 68209.3, Diff: 0.1]
      [Ext Root Scanning (ms): Min: 0.0, Avg: 0.1, Max: 0.2, Diff: 0.1, Sum: 0.6]
      [Update RS (ms): Min: 11.9, Avg: 12.3, Max: 12.7, Diff: 0.8, Sum: 98.3]
         [Processed Buffers: Min: 10, Avg: 11.8, Max: 13, Diff: 3, Sum: 94]
      [Scan RS (ms): Min: 8.3, Avg: 8.6, Max: 9.0, Diff: 0.7, Sum: 69.0]
      [Code Root Scanning (ms): Min: 0.0, Avg: 0.0, Max: 0.0, Diff: 0.0, Sum: 0.0]
      [Object Copy (ms): Min: 88.4, Avg: 88.7, Max: 88.7, Diff: 0.3, Sum: 709.3]
      [Termination (ms): Min: 0.0, Avg: 0.1, Max: 0.1, Diff: 0.1, Sum: 0.8]
         [Termination Attempts: Min: 1, Avg: 330.3, Max: 475, Diff: 474, Sum: 2642]
      [GC Worker Other (ms): Min: 0.0, Avg: 0.0, Max: 0.0, Diff: 0.0, Sum: 0.1]
      [GC Worker Total (ms): Min: 109.7, Avg: 109.8, Max: 109.8, Diff: 0.1, Sum: 878.1]
      [GC Worker End (ms): Min: 68319.0, Avg: 68319.0, Max: 68319.0, Diff: 0.0]
   [Code Root Fixup: 0.0 ms]
   [Code Root Purge: 0.0 ms]
   [Clear CT: 0.2 ms]
   [Other: 0.9 ms]
      [Choose CSet: 0.0 ms]
      [Ref Proc: 0.2 ms]
      [Ref Enq: 0.0 ms]
      [Redirty Cards: 0.3 ms]
      [Humongous Register: 0.0 ms]
      [Humongous Reclaim: 0.0 ms]
      [Free CSet: 0.2 ms]
   [Eden: 147.0M(147.0M)->0.0B(161.0M) Survivors: 18.0M->21.0M Heap: 993.7M(2048.0M)->995.7M(2048.0M)]
 [Times: user=0.88 sys=0.00, real=0.11 secs] 
2020-09-29T12:02:59.635+0200: 68.323: [GC pause (G1 Humongous Allocation) (young) (initial-mark), 0.0465323 secs]
   [Parallel Time: 45.0 ms, GC Workers: 8]
      [GC Worker Start (ms): Min: 68322.9, Avg: 68323.0, Max: 68323.1, Diff: 0.2]
      [Ext Root Scanning (ms): Min: 0.0, Avg: 0.2, Max: 0.2, Diff: 0.2, Sum: 1.3]
      [Update RS (ms): Min: 27.2, Avg: 27.5, Max: 28.0, Diff: 0.7, Sum: 220.2]
         [Processed Buffers: Min: 23, Avg: 26.4, Max: 29, Diff: 6, Sum: 211]
      [Scan RS (ms): Min: 0.1, Avg: 0.5, Max: 0.8, Diff: 0.7, Sum: 4.0]
      [Code Root Scanning (ms): Min: 0.0, Avg: 0.0, Max: 0.0, Diff: 0.0, Sum: 0.0]
      [Object Copy (ms): Min: 16.4, Avg: 16.4, Max: 16.5, Diff: 0.1, Sum: 131.4]
      [Termination (ms): Min: 0.0, Avg: 0.0, Max: 0.1, Diff: 0.1, Sum: 0.4]
         [Termination Attempts: Min: 1, Avg: 252.8, Max: 345, Diff: 344, Sum: 2022]
      [GC Worker Other (ms): Min: 0.0, Avg: 0.0, Max: 0.1, Diff: 0.0, Sum: 0.2]
      [GC Worker Total (ms): Min: 44.6, Avg: 44.7, Max: 44.8, Diff: 0.2, Sum: 357.5]
      [GC Worker End (ms): Min: 68367.7, Avg: 68367.7, Max: 68367.7, Diff: 0.0]
   [Code Root Fixup: 0.0 ms]
   [Code Root Purge: 0.0 ms]
   [Clear CT: 0.3 ms]
   [Other: 1.2 ms]
      [Choose CSet: 0.0 ms]
      [Ref Proc: 0.2 ms]
      [Ref Enq: 0.0 ms]
      [Redirty Cards: 0.6 ms]
      [Humongous Register: 0.1 ms]
      [Humongous Reclaim: 0.0 ms]
      [Free CSet: 0.1 ms]
   [Eden: 4096.0K(161.0M)->0.0B(185.0M) Survivors: 21.0M->5120.0K Heap: 999.2M(2048.0M)->1002.2M(2048.0M)]
 [Times: user=0.38 sys=0.00, real=0.05 secs] 
2020-09-29T12:02:59.681+0200: 68.369: [GC concurrent-root-region-scan-start]
2020-09-29T12:02:59.683+0200: 68.371: [GC concurrent-root-region-scan-end, 0.0018144 secs]
2020-09-29T12:02:59.683+0200: 68.371: [GC concurrent-mark-start]
2020-09-29T12:02:59.690+0200: 68.378: [GC concurrent-mark-end, 0.0062976 secs]
2020-09-29T12:02:59.690+0200: 68.378: [GC remark 2020-09-29T12:02:59.690+0200: 68.378: [Finalize Marking, 0.0001943 secs] 2020-09-29T12:02:59.690+0200: 68.378: [GC ref-proc, 0.0003966 secs] 2020-09-29T12:02:59.690+0200: 68.378: [Unloading, 0.0005420 secs], 0.0015112 secs]
 [Times: user=0.00 sys=0.00, real=0.00 secs] 
2020-09-29T12:02:59.692+0200: 68.380: [GC cleanup 1019M->29M(2048M), 0.0014077 secs]
 [Times: user=0.00 sys=0.00, real=0.00 secs] 
2020-09-29T12:02:59.694+0200: 68.382: [GC concurrent-cleanup-start]
2020-09-29T12:02:59.695+0200: 68.383: [GC concurrent-cleanup-end, 0.0016578 secs]
2020-09-29T12:02:59.800+0200: 68.488: [GC pause (G1 Evacuation Pause) (young), 0.1382889 secs]
   [Parallel Time: 137.1 ms, GC Workers: 8]
      [GC Worker Start (ms): Min: 68488.2, Avg: 68488.3, Max: 68488.4, Diff: 0.2]
      [Ext Root Scanning (ms): Min: 0.0, Avg: 0.1, Max: 0.2, Diff: 0.1, Sum: 0.7]
      [Update RS (ms): Min: 13.9, Avg: 14.6, Max: 19.7, Diff: 5.9, Sum: 117.0]
         [Processed Buffers: Min: 0, Avg: 13.1, Max: 16, Diff: 16, Sum: 105]
      [Scan RS (ms): Min: 4.9, Avg: 10.0, Max: 10.8, Diff: 5.9, Sum: 80.3]
      [Code Root Scanning (ms): Min: 0.0, Avg: 0.0, Max: 0.0, Diff: 0.0, Sum: 0.0]
      [Object Copy (ms): Min: 111.9, Avg: 112.0, Max: 112.1, Diff: 0.2, Sum: 895.8]
      [Termination (ms): Min: 0.0, Avg: 0.1, Max: 0.1, Diff: 0.1, Sum: 0.5]
         [Termination Attempts: Min: 1, Avg: 342.9, Max: 455, Diff: 454, Sum: 2743]
      [GC Worker Other (ms): Min: 0.0, Avg: 0.0, Max: 0.1, Diff: 0.0, Sum: 0.3]
      [GC Worker Total (ms): Min: 136.7, Avg: 136.8, Max: 136.9, Diff: 0.2, Sum: 1094.7]
      [GC Worker End (ms): Min: 68625.1, Avg: 68625.1, Max: 68625.1, Diff: 0.1]
   [Code Root Fixup: 0.0 ms]
   [Code Root Purge: 0.0 ms]
   [Clear CT: 0.2 ms]
   [Other: 1.0 ms]
      [Choose CSet: 0.0 ms]
      [Ref Proc: 0.2 ms]
      [Ref Enq: 0.0 ms]
      [Redirty Cards: 0.3 ms]
      [Humongous Register: 0.0 ms]
      [Humongous Reclaim: 0.0 ms]
      [Free CSet: 0.2 ms]
   [Eden: 185.0M(185.0M)->0.0B(179.0M) Survivors: 5120.0K->24.0M Heap: 230.4M(2048.0M)->227.4M(2048.0M)]
 [Times: user=1.00 sys=0.00, real=0.14 secs] 
2020-09-29T12:03:00.055+0200: 68.743: [GC pause (G1 Evacuation Pause) (young), 0.1494227 secs]
   [Parallel Time: 148.3 ms, GC Workers: 8]
      [GC Worker Start (ms): Min: 68743.4, Avg: 68743.5, Max: 68743.5, Diff: 0.2]
      [Ext Root Scanning (ms): Min: 0.0, Avg: 0.1, Max: 0.2, Diff: 0.1, Sum: 0.6]
      [Update RS (ms): Min: 12.9, Avg: 13.7, Max: 17.8, Diff: 4.9, Sum: 109.4]
         [Processed Buffers: Min: 8, Avg: 12.0, Max: 16, Diff: 8, Sum: 96]
      [Scan RS (ms): Min: 8.9, Avg: 13.0, Max: 14.4, Diff: 5.5, Sum: 104.3]
      [Code Root Scanning (ms): Min: 0.0, Avg: 0.0, Max: 0.0, Diff: 0.0, Sum: 0.0]
      [Object Copy (ms): Min: 120.6, Avg: 121.2, Max: 121.4, Diff: 0.8, Sum: 969.2]
      [Termination (ms): Min: 0.0, Avg: 0.2, Max: 0.3, Diff: 0.3, Sum: 1.5]
         [Termination Attempts: Min: 1, Avg: 1020.6, Max: 1358, Diff: 1357, Sum: 8165]
      [GC Worker Other (ms): Min: 0.0, Avg: 0.0, Max: 0.1, Diff: 0.1, Sum: 0.3]
      [GC Worker Total (ms): Min: 148.1, Avg: 148.2, Max: 148.3, Diff: 0.2, Sum: 1185.3]
      [GC Worker End (ms): Min: 68891.6, Avg: 68891.6, Max: 68891.7, Diff: 0.1]
   [Code Root Fixup: 0.0 ms]
   [Code Root Purge: 0.0 ms]
   [Clear CT: 0.2 ms]
   [Other: 0.9 ms]
      [Choose CSet: 0.0 ms]
      [Ref Proc: 0.1 ms]
      [Ref Enq: 0.0 ms]
      [Redirty Cards: 0.3 ms]
      [Humongous Register: 0.0 ms]
      [Humongous Reclaim: 0.0 ms]
      [Free CSet: 0.2 ms]
   [Eden: 172.0M(172.0M)->0.0B(187.0M) Survivors: 24.0M->25.0M Heap: 428.0M(2048.0M)->430.5M(2048.0M)]
 [Times: user=1.06 sys=0.01, real=0.15 secs] 
2020-09-29T12:03:00.322+0200: 69.010: [GC pause (G1 Evacuation Pause) (young), 0.1635582 secs]
   [Parallel Time: 162.5 ms, GC Workers: 8]
      [GC Worker Start (ms): Min: 69010.2, Avg: 69010.3, Max: 69010.4, Diff: 0.1]
      [Ext Root Scanning (ms): Min: 0.0, Avg: 0.1, Max: 0.2, Diff: 0.1, Sum: 0.6]
      [Update RS (ms): Min: 12.8, Avg: 12.9, Max: 13.2, Diff: 0.4, Sum: 103.5]
         [Processed Buffers: Min: 11, Avg: 13.0, Max: 15, Diff: 4, Sum: 104]
      [Scan RS (ms): Min: 12.3, Avg: 12.6, Max: 12.7, Diff: 0.4, Sum: 100.7]
      [Code Root Scanning (ms): Min: 0.0, Avg: 0.0, Max: 0.0, Diff: 0.0, Sum: 0.0]
      [Object Copy (ms): Min: 135.9, Avg: 136.1, Max: 136.7, Diff: 0.8, Sum: 1088.6]
      [Termination (ms): Min: 0.0, Avg: 0.6, Max: 0.8, Diff: 0.8, Sum: 4.7]
         [Termination Attempts: Min: 1, Avg: 3078.0, Max: 3932, Diff: 3931, Sum: 24624]
      [GC Worker Other (ms): Min: 0.0, Avg: 0.0, Max: 0.1, Diff: 0.0, Sum: 0.2]
      [GC Worker Total (ms): Min: 162.2, Avg: 162.3, Max: 162.4, Diff: 0.1, Sum: 1298.3]
      [GC Worker End (ms): Min: 69172.6, Avg: 69172.6, Max: 69172.6, Diff: 0.0]
   [Code Root Fixup: 0.0 ms]
   [Code Root Purge: 0.0 ms]
   [Clear CT: 0.2 ms]
   [Other: 0.9 ms]
      [Choose CSet: 0.0 ms]
      [Ref Proc: 0.2 ms]
      [Ref Enq: 0.0 ms]
      [Redirty Cards: 0.2 ms]
      [Humongous Register: 0.0 ms]
      [Humongous Reclaim: 0.0 ms]
      [Free CSet: 0.2 ms]
   [Eden: 187.0M(187.0M)->0.0B(187.0M) Survivors: 25.0M->27.0M Heap: 648.1M(2048.0M)->650.6M(2048.0M)]
 [Times: user=1.20 sys=0.02, real=0.16 secs] 
2020-09-29T12:03:00.598+0200: 69.286: [GC pause (G1 Evacuation Pause) (young), 0.1595869 secs]
   [Parallel Time: 158.4 ms, GC Workers: 8]
      [GC Worker Start (ms): Min: 69285.9, Avg: 69286.0, Max: 69286.1, Diff: 0.2]
      [Ext Root Scanning (ms): Min: 0.0, Avg: 0.1, Max: 0.2, Diff: 0.2, Sum: 0.6]
      [Update RS (ms): Min: 16.8, Avg: 18.0, Max: 24.5, Diff: 7.6, Sum: 144.2]
         [Processed Buffers: Min: 0, Avg: 12.9, Max: 17, Diff: 17, Sum: 103]
      [Scan RS (ms): Min: 10.0, Avg: 16.5, Max: 17.6, Diff: 7.6, Sum: 131.7]
      [Code Root Scanning (ms): Min: 0.0, Avg: 0.0, Max: 0.0, Diff: 0.0, Sum: 0.0]
      [Object Copy (ms): Min: 123.4, Avg: 123.5, Max: 123.6, Diff: 0.2, Sum: 988.1]
      [Termination (ms): Min: 0.0, Avg: 0.1, Max: 0.1, Diff: 0.1, Sum: 0.5]
         [Termination Attempts: Min: 1, Avg: 327.9, Max: 434, Diff: 433, Sum: 2623]
      [GC Worker Other (ms): Min: 0.0, Avg: 0.0, Max: 0.1, Diff: 0.1, Sum: 0.3]
      [GC Worker Total (ms): Min: 158.1, Avg: 158.2, Max: 158.3, Diff: 0.2, Sum: 1265.4]
      [GC Worker End (ms): Min: 69444.2, Avg: 69444.2, Max: 69444.3, Diff: 0.1]
   [Code Root Fixup: 0.0 ms]
   [Code Root Purge: 0.0 ms]
   [Clear CT: 0.2 ms]
   [Other: 1.0 ms]
      [Choose CSet: 0.0 ms]
      [Ref Proc: 0.2 ms]
      [Ref Enq: 0.0 ms]
      [Redirty Cards: 0.3 ms]
      [Humongous Register: 0.0 ms]
      [Humongous Reclaim: 0.0 ms]
      [Free CSet: 0.2 ms]
   [Eden: 187.0M(187.0M)->0.0B(190.0M) Survivors: 27.0M->27.0M Heap: 868.1M(2048.0M)->870.1M(2048.0M)]
 [Times: user=1.22 sys=0.01, real=0.16 secs] 
2020-09-29T12:03:00.878+0200: 69.566: [GC pause (G1 Evacuation Pause) (young), 0.1569814 secs]
   [Parallel Time: 155.8 ms, GC Workers: 8]
      [GC Worker Start (ms): Min: 69565.8, Avg: 69565.9, Max: 69566.0, Diff: 0.2]
      [Ext Root Scanning (ms): Min: 0.0, Avg: 0.1, Max: 0.2, Diff: 0.2, Sum: 0.6]
      [Update RS (ms): Min: 20.2, Avg: 20.5, Max: 21.8, Diff: 1.7, Sum: 164.3]
         [Processed Buffers: Min: 17, Avg: 18.9, Max: 21, Diff: 4, Sum: 151]
      [Scan RS (ms): Min: 8.9, Avg: 10.2, Max: 10.7, Diff: 1.9, Sum: 81.2]
      [Code Root Scanning (ms): Min: 0.0, Avg: 0.0, Max: 0.0, Diff: 0.0, Sum: 0.0]
      [Object Copy (ms): Min: 124.5, Avg: 124.8, Max: 124.9, Diff: 0.3, Sum: 998.1]
      [Termination (ms): Min: 0.0, Avg: 0.0, Max: 0.1, Diff: 0.1, Sum: 0.4]
         [Termination Attempts: Min: 1, Avg: 233.1, Max: 304, Diff: 303, Sum: 1865]
      [GC Worker Other (ms): Min: 0.0, Avg: 0.0, Max: 0.1, Diff: 0.1, Sum: 0.3]
      [GC Worker Total (ms): Min: 155.5, Avg: 155.6, Max: 155.7, Diff: 0.2, Sum: 1244.9]
      [GC Worker End (ms): Min: 69721.5, Avg: 69721.6, Max: 69721.6, Diff: 0.1]
   [Code Root Fixup: 0.0 ms]
   [Code Root Purge: 0.0 ms]
   [Clear CT: 0.2 ms]
   [Other: 0.9 ms]
      [Choose CSet: 0.0 ms]
      [Ref Proc: 0.2 ms]
      [Ref Enq: 0.0 ms]
      [Redirty Cards: 0.3 ms]
      [Humongous Register: 0.1 ms]
      [Humongous Reclaim: 0.0 ms]
      [Free CSet: 0.2 ms]
   [Eden: 190.0M(190.0M)->0.0B(198.0M) Survivors: 27.0M->28.0M Heap: 1092.5M(2048.0M)->1094.0M(2048.0M)]
 [Times: user=1.19 sys=0.00, real=0.16 secs] 
2020-09-29T12:03:01.044+0200: 69.732: [GC pause (G1 Humongous Allocation) (young) (initial-mark), 0.0589464 secs]
   [Parallel Time: 58.1 ms, GC Workers: 8]
      [GC Worker Start (ms): Min: 69731.8, Avg: 69731.8, Max: 69731.9, Diff: 0.2]
      [Ext Root Scanning (ms): Min: 0.0, Avg: 1.5, Max: 11.2, Diff: 11.2, Sum: 12.2]
      [Update RS (ms): Min: 17.4, Avg: 27.4, Max: 29.1, Diff: 11.7, Sum: 219.4]
         [Processed Buffers: Min: 18, Avg: 26.3, Max: 31, Diff: 13, Sum: 210]
      [Scan RS (ms): Min: 1.7, Avg: 2.0, Max: 2.3, Diff: 0.6, Sum: 16.3]
      [Code Root Scanning (ms): Min: 0.0, Avg: 0.0, Max: 0.0, Diff: 0.0, Sum: 0.0]
      [Object Copy (ms): Min: 26.8, Avg: 26.8, Max: 26.9, Diff: 0.1, Sum: 214.6]
      [Termination (ms): Min: 0.0, Avg: 0.1, Max: 0.1, Diff: 0.1, Sum: 0.6]
         [Termination Attempts: Min: 1, Avg: 120.3, Max: 165, Diff: 164, Sum: 962]
      [GC Worker Other (ms): Min: 0.0, Avg: 0.0, Max: 0.0, Diff: 0.0, Sum: 0.1]
      [GC Worker Total (ms): Min: 57.8, Avg: 57.9, Max: 58.0, Diff: 0.2, Sum: 463.2]
      [GC Worker End (ms): Min: 69789.7, Avg: 69789.7, Max: 69789.8, Diff: 0.0]
   [Code Root Fixup: 0.0 ms]
   [Code Root Purge: 0.0 ms]
   [Clear CT: 0.2 ms]
   [Other: 0.6 ms]
      [Choose CSet: 0.0 ms]
      [Ref Proc: 0.2 ms]
      [Ref Enq: 0.0 ms]
      [Redirty Cards: 0.2 ms]
      [Humongous Register: 0.0 ms]
      [Humongous Reclaim: 0.0 ms]
      [Free CSet: 0.1 ms]
   [Eden: 7168.0K(198.0M)->0.0B(212.0M) Survivors: 28.0M->8192.0K Heap: 1100.5M(2048.0M)->1104.0M(2048.0M)]
 [Times: user=0.45 sys=0.02, real=0.06 secs] 
2020-09-29T12:03:01.103+0200: 69.791: [GC concurrent-root-region-scan-start]
2020-09-29T12:03:01.105+0200: 69.793: [GC concurrent-root-region-scan-end, 0.0022686 secs]
2020-09-29T12:03:01.105+0200: 69.793: [GC concurrent-mark-start]
2020-09-29T12:03:01.108+0200: 69.796: [GC concurrent-mark-end, 0.0025752 secs]
2020-09-29T12:03:01.108+0200: 69.796: [GC remark 2020-09-29T12:03:01.108+0200: 69.796: [Finalize Marking, 0.0002195 secs] 2020-09-29T12:03:01.108+0200: 69.796: [GC ref-proc, 0.0003291 secs] 2020-09-29T12:03:01.109+0200: 69.796: [Unloading, 0.0004817 secs], 0.0013219 secs]
 [Times: user=0.00 sys=0.00, real=0.00 secs] 
2020-09-29T12:03:01.110+0200: 69.797: [GC cleanup 1114M->26M(2048M), 0.0012352 secs]
 [Times: user=0.00 sys=0.00, real=0.00 secs] 
2020-09-29T12:03:01.111+0200: 69.799: [GC concurrent-cleanup-start]
2020-09-29T12:03:01.113+0200: 69.800: [GC concurrent-cleanup-end, 0.0014606 secs]
2020-09-29T12:03:01.232+0200: 69.920: [GC pause (G1 Evacuation Pause) (young), 0.1393746 secs]
   [Parallel Time: 138.1 ms, GC Workers: 8]
      [GC Worker Start (ms): Min: 69920.0, Avg: 69920.1, Max: 69920.1, Diff: 0.1]
      [Ext Root Scanning (ms): Min: 0.0, Avg: 0.1, Max: 0.2, Diff: 0.1, Sum: 0.6]
      [Update RS (ms): Min: 12.4, Avg: 12.6, Max: 12.8, Diff: 0.4, Sum: 101.0]
         [Processed Buffers: Min: 10, Avg: 11.5, Max: 14, Diff: 4, Sum: 92]
      [Scan RS (ms): Min: 17.7, Avg: 17.9, Max: 18.2, Diff: 0.5, Sum: 143.1]
      [Code Root Scanning (ms): Min: 0.0, Avg: 0.0, Max: 0.0, Diff: 0.0, Sum: 0.0]
      [Object Copy (ms): Min: 107.1, Avg: 107.1, Max: 107.2, Diff: 0.1, Sum: 857.1]
      [Termination (ms): Min: 0.0, Avg: 0.1, Max: 0.1, Diff: 0.1, Sum: 0.7]
         [Termination Attempts: Min: 1, Avg: 548.0, Max: 696, Diff: 695, Sum: 4384]
      [GC Worker Other (ms): Min: 0.0, Avg: 0.0, Max: 0.1, Diff: 0.1, Sum: 0.3]
      [GC Worker Total (ms): Min: 137.8, Avg: 137.9, Max: 137.9, Diff: 0.1, Sum: 1102.9]
      [GC Worker End (ms): Min: 70057.9, Avg: 70057.9, Max: 70057.9, Diff: 0.0]
   [Code Root Fixup: 0.0 ms]
   [Code Root Purge: 0.0 ms]
   [Clear CT: 0.2 ms]
   [Other: 1.1 ms]
      [Choose CSet: 0.0 ms]
      [Ref Proc: 0.2 ms]
      [Ref Enq: 0.0 ms]
      [Redirty Cards: 0.3 ms]
      [Humongous Register: 0.0 ms]
      [Humongous Reclaim: 0.0 ms]
      [Free CSet: 0.3 ms]
   [Eden: 212.0M(212.0M)->0.0B(205.0M) Survivors: 8192.0K->28.0M Heap: 263.7M(2048.0M)->257.7M(2048.0M)]
 [Times: user=1.09 sys=0.03, real=0.14 secs] 
2020-09-29T12:03:01.502+0200: 70.190: [GC pause (G1 Evacuation Pause) (young), 0.1493386 secs]
   [Parallel Time: 148.2 ms, GC Workers: 8]
      [GC Worker Start (ms): Min: 70189.7, Avg: 70189.8, Max: 70189.9, Diff: 0.2]
      [Ext Root Scanning (ms): Min: 0.0, Avg: 0.1, Max: 0.2, Diff: 0.2, Sum: 0.6]
      [Update RS (ms): Min: 15.8, Avg: 16.1, Max: 16.6, Diff: 0.8, Sum: 128.7]
         [Processed Buffers: Min: 13, Avg: 15.3, Max: 18, Diff: 5, Sum: 122]
      [Scan RS (ms): Min: 13.4, Avg: 13.8, Max: 14.1, Diff: 0.7, Sum: 110.8]
      [Code Root Scanning (ms): Min: 0.0, Avg: 0.0, Max: 0.0, Diff: 0.0, Sum: 0.0]
      [Object Copy (ms): Min: 117.6, Avg: 117.8, Max: 117.9, Diff: 0.4, Sum: 942.4]
      [Termination (ms): Min: 0.0, Avg: 0.1, Max: 0.1, Diff: 0.1, Sum: 0.5]
         [Termination Attempts: Min: 1, Avg: 406.4, Max: 535, Diff: 534, Sum: 3251]
      [GC Worker Other (ms): Min: 0.0, Avg: 0.0, Max: 0.1, Diff: 0.0, Sum: 0.2]
      [GC Worker Total (ms): Min: 147.8, Avg: 147.9, Max: 148.0, Diff: 0.2, Sum: 1183.1]
      [GC Worker End (ms): Min: 70337.7, Avg: 70337.7, Max: 70337.7, Diff: 0.0]
   [Code Root Fixup: 0.0 ms]
   [Code Root Purge: 0.0 ms]
   [Clear CT: 0.2 ms]
   [Other: 1.0 ms]
      [Choose CSet: 0.0 ms]
      [Ref Proc: 0.2 ms]
      [Ref Enq: 0.0 ms]
      [Redirty Cards: 0.2 ms]
      [Humongous Register: 0.0 ms]
      [Humongous Reclaim: 0.0 ms]
      [Free CSet: 0.3 ms]
   [Eden: 205.0M(205.0M)->0.0B(214.0M) Survivors: 28.0M->30.0M Heap: 497.1M(2048.0M)->499.6M(2048.0M)]
 [Times: user=1.25 sys=0.00, real=0.15 secs] 
2020-09-29T12:03:01.788+0200: 70.475: [GC pause (G1 Evacuation Pause) (young), 0.1669051 secs]
   [Parallel Time: 165.7 ms, GC Workers: 8]
      [GC Worker Start (ms): Min: 70475.2, Avg: 70475.3, Max: 70475.4, Diff: 0.1]
      [Ext Root Scanning (ms): Min: 0.0, Avg: 0.1, Max: 0.2, Diff: 0.1, Sum: 0.6]
      [Update RS (ms): Min: 16.8, Avg: 16.9, Max: 17.0, Diff: 0.1, Sum: 135.1]
         [Processed Buffers: Min: 13, Avg: 16.4, Max: 18, Diff: 5, Sum: 131]
      [Scan RS (ms): Min: 13.7, Avg: 13.8, Max: 14.0, Diff: 0.4, Sum: 110.6]
      [Code Root Scanning (ms): Min: 0.0, Avg: 0.0, Max: 0.0, Diff: 0.0, Sum: 0.0]
      [Object Copy (ms): Min: 134.3, Avg: 134.5, Max: 134.6, Diff: 0.3, Sum: 1075.8]
      [Termination (ms): Min: 0.0, Avg: 0.2, Max: 0.2, Diff: 0.2, Sum: 1.2]
         [Termination Attempts: Min: 1, Avg: 909.5, Max: 1128, Diff: 1127, Sum: 7276]
      [GC Worker Other (ms): Min: 0.0, Avg: 0.0, Max: 0.1, Diff: 0.0, Sum: 0.2]
      [GC Worker Total (ms): Min: 165.4, Avg: 165.4, Max: 165.5, Diff: 0.2, Sum: 1323.6]
      [GC Worker End (ms): Min: 70640.8, Avg: 70640.8, Max: 70640.8, Diff: 0.0]
   [Code Root Fixup: 0.0 ms]
   [Code Root Purge: 0.0 ms]
   [Clear CT: 0.2 ms]
   [Other: 1.0 ms]
      [Choose CSet: 0.0 ms]
      [Ref Proc: 0.2 ms]
      [Ref Enq: 0.0 ms]
      [Redirty Cards: 0.3 ms]
      [Humongous Register: 0.0 ms]
      [Humongous Reclaim: 0.0 ms]
      [Free CSet: 0.3 ms]
   [Eden: 214.0M(214.0M)->0.0B(219.0M) Survivors: 30.0M->31.0M Heap: 749.8M(2048.0M)->751.8M(2048.0M)]
 [Times: user=1.20 sys=0.02, real=0.17 secs] 
2020-09-29T12:03:02.094+0200: 70.782: [GC pause (G1 Evacuation Pause) (young), 0.1638028 secs]
   [Parallel Time: 162.5 ms, GC Workers: 8]
      [GC Worker Start (ms): Min: 70781.6, Avg: 70781.7, Max: 70781.8, Diff: 0.2]
      [Ext Root Scanning (ms): Min: 0.0, Avg: 0.1, Max: 0.2, Diff: 0.2, Sum: 0.5]
      [Update RS (ms): Min: 20.3, Avg: 20.4, Max: 20.6, Diff: 0.2, Sum: 163.4]
         [Processed Buffers: Min: 18, Avg: 20.4, Max: 24, Diff: 6, Sum: 163]
      [Scan RS (ms): Min: 11.6, Avg: 11.8, Max: 11.9, Diff: 0.3, Sum: 94.3]
      [Code Root Scanning (ms): Min: 0.0, Avg: 0.0, Max: 0.0, Diff: 0.0, Sum: 0.0]
      [Object Copy (ms): Min: 129.6, Avg: 129.7, Max: 130.0, Diff: 0.4, Sum: 1037.8]
      [Termination (ms): Min: 0.0, Avg: 0.2, Max: 0.3, Diff: 0.3, Sum: 1.8]
         [Termination Attempts: Min: 1, Avg: 1199.0, Max: 1602, Diff: 1601, Sum: 9592]
      [GC Worker Other (ms): Min: 0.0, Avg: 0.0, Max: 0.1, Diff: 0.0, Sum: 0.2]
      [GC Worker Total (ms): Min: 162.2, Avg: 162.2, Max: 162.4, Diff: 0.2, Sum: 1298.0]
      [GC Worker End (ms): Min: 70944.0, Avg: 70944.0, Max: 70944.0, Diff: 0.0]
   [Code Root Fixup: 0.0 ms]
   [Code Root Purge: 0.0 ms]
   [Clear CT: 0.3 ms]
   [Other: 1.0 ms]
      [Choose CSet: 0.0 ms]
      [Ref Proc: 0.2 ms]
      [Ref Enq: 0.0 ms]
      [Redirty Cards: 0.3 ms]
      [Humongous Register: 0.0 ms]
      [Humongous Reclaim: 0.0 ms]
      [Free CSet: 0.3 ms]
   [Eden: 219.0M(219.0M)->0.0B(229.0M) Survivors: 31.0M->32.0M Heap: 1007.1M(2048.0M)->1009.1M(2048.0M)]
 [Times: user=1.38 sys=0.00, real=0.16 secs] 
2020-09-29T12:03:02.278+0200: 70.966: [GC pause (G1 Humongous Allocation) (young) (initial-mark), 0.0488555 secs]
   [Parallel Time: 47.9 ms, GC Workers: 8]
      [GC Worker Start (ms): Min: 70965.9, Avg: 70966.0, Max: 70966.1, Diff: 0.2]
      [Ext Root Scanning (ms): Min: 0.0, Avg: 0.2, Max: 0.4, Diff: 0.4, Sum: 1.7]
      [Update RS (ms): Min: 21.7, Avg: 21.9, Max: 22.2, Diff: 0.5, Sum: 175.0]
         [Processed Buffers: Min: 18, Avg: 20.4, Max: 22, Diff: 4, Sum: 163]
      [Scan RS (ms): Min: 2.1, Avg: 2.5, Max: 2.8, Diff: 0.8, Sum: 20.3]
      [Code Root Scanning (ms): Min: 0.0, Avg: 0.0, Max: 0.0, Diff: 0.0, Sum: 0.0]
      [Object Copy (ms): Min: 22.9, Avg: 23.0, Max: 23.0, Diff: 0.1, Sum: 183.7]
      [Termination (ms): Min: 0.0, Avg: 0.0, Max: 0.0, Diff: 0.0, Sum: 0.3]
         [Termination Attempts: Min: 1, Avg: 178.6, Max: 238, Diff: 237, Sum: 1429]
      [GC Worker Other (ms): Min: 0.0, Avg: 0.0, Max: 0.0, Diff: 0.0, Sum: 0.2]
      [GC Worker Total (ms): Min: 47.5, Avg: 47.6, Max: 47.7, Diff: 0.2, Sum: 381.1]
      [GC Worker End (ms): Min: 71013.6, Avg: 71013.6, Max: 71013.7, Diff: 0.0]
   [Code Root Fixup: 0.0 ms]
   [Code Root Purge: 0.0 ms]
   [Clear CT: 0.3 ms]
   [Other: 0.7 ms]
      [Choose CSet: 0.0 ms]
      [Ref Proc: 0.2 ms]
      [Ref Enq: 0.0 ms]
      [Redirty Cards: 0.2 ms]
      [Humongous Register: 0.0 ms]
      [Humongous Reclaim: 0.0 ms]
      [Free CSet: 0.1 ms]
   [Eden: 9216.0K(229.0M)->0.0B(263.0M) Survivors: 32.0M->10.0M Heap: 1017.6M(2048.0M)->1021.1M(2048.0M)]
 [Times: user=0.38 sys=0.00, real=0.05 secs] 
2020-09-29T12:03:02.327+0200: 71.015: [GC concurrent-root-region-scan-start]
2020-09-29T12:03:02.330+0200: 71.017: [GC concurrent-root-region-scan-end, 0.0025789 secs]
2020-09-29T12:03:02.330+0200: 71.017: [GC concurrent-mark-start]
2020-09-29T12:03:02.333+0200: 71.020: [GC concurrent-mark-end, 0.0031452 secs]
2020-09-29T12:03:02.333+0200: 71.021: [GC remark 2020-09-29T12:03:02.333+0200: 71.021: [Finalize Marking, 0.0001772 secs] 2020-09-29T12:03:02.333+0200: 71.021: [GC ref-proc, 0.0003428 secs] 2020-09-29T12:03:02.334+0200: 71.021: [Unloading, 0.0005398 secs], 0.0013893 secs]
 [Times: user=0.00 sys=0.00, real=0.00 secs] 
2020-09-29T12:03:02.335+0200: 71.023: [GC cleanup 1032M->29M(2048M), 0.0015792 secs]
 [Times: user=0.00 sys=0.00, real=0.00 secs] 
2020-09-29T12:03:02.337+0200: 71.024: [GC concurrent-cleanup-start]
2020-09-29T12:03:02.339+0200: 71.026: [GC concurrent-cleanup-end, 0.0020373 secs]
2020-09-29T12:03:02.490+0200: 71.178: [GC pause (G1 Evacuation Pause) (young), 0.1570870 secs]
   [Parallel Time: 155.7 ms, GC Workers: 8]
      [GC Worker Start (ms): Min: 71177.8, Avg: 71178.0, Max: 71179.0, Diff: 1.3]
      [Ext Root Scanning (ms): Min: 0.0, Avg: 0.1, Max: 0.2, Diff: 0.2, Sum: 0.6]
      [Update RS (ms): Min: 12.3, Avg: 13.1, Max: 13.6, Diff: 1.2, Sum: 104.7]
         [Processed Buffers: Min: 11, Avg: 12.3, Max: 13, Diff: 2, Sum: 98]
      [Scan RS (ms): Min: 15.6, Avg: 15.9, Max: 16.1, Diff: 0.5, Sum: 126.9]
      [Code Root Scanning (ms): Min: 0.0, Avg: 0.0, Max: 0.0, Diff: 0.0, Sum: 0.0]
      [Object Copy (ms): Min: 125.9, Avg: 126.1, Max: 126.2, Diff: 0.3, Sum: 1008.9]
      [Termination (ms): Min: 0.0, Avg: 0.1, Max: 0.1, Diff: 0.1, Sum: 0.5]
         [Termination Attempts: Min: 1, Avg: 359.8, Max: 489, Diff: 488, Sum: 2878]
      [GC Worker Other (ms): Min: 0.0, Avg: 0.0, Max: 0.1, Diff: 0.1, Sum: 0.3]
      [GC Worker Total (ms): Min: 154.3, Avg: 155.3, Max: 155.5, Diff: 1.2, Sum: 1242.0]
      [GC Worker End (ms): Min: 71333.3, Avg: 71333.3, Max: 71333.3, Diff: 0.1]
   [Code Root Fixup: 0.0 ms]
   [Code Root Purge: 0.0 ms]
   [Clear CT: 0.2 ms]
   [Other: 1.2 ms]
      [Choose CSet: 0.0 ms]
      [Ref Proc: 0.2 ms]
      [Ref Enq: 0.0 ms]
      [Redirty Cards: 0.5 ms]
      [Humongous Register: 0.0 ms]
      [Humongous Reclaim: 0.0 ms]
      [Free CSet: 0.2 ms]
   [Eden: 263.0M(263.0M)->0.0B(246.0M) Survivors: 10.0M->35.0M Heap: 324.9M(2048.0M)->317.4M(2048.0M)]
 [Times: user=1.25 sys=0.00, real=0.16 secs] 
2020-09-29T12:03:02.807+0200: 71.494: [GC pause (G1 Evacuation Pause) (young), 0.1747337 secs]
   [Parallel Time: 173.5 ms, GC Workers: 8]
      [GC Worker Start (ms): Min: 71494.4, Avg: 71494.5, Max: 71494.6, Diff: 0.2]
      [Ext Root Scanning (ms): Min: 0.0, Avg: 0.1, Max: 0.2, Diff: 0.2, Sum: 0.6]
      [Update RS (ms): Min: 18.9, Avg: 19.1, Max: 19.4, Diff: 0.6, Sum: 152.5]
         [Processed Buffers: Min: 15, Avg: 17.9, Max: 21, Diff: 6, Sum: 143]
      [Scan RS (ms): Min: 15.9, Avg: 16.2, Max: 16.4, Diff: 0.5, Sum: 129.7]
      [Code Root Scanning (ms): Min: 0.0, Avg: 0.0, Max: 0.0, Diff: 0.0, Sum: 0.0]
      [Object Copy (ms): Min: 137.6, Avg: 137.8, Max: 137.9, Diff: 0.3, Sum: 1102.5]
      [Termination (ms): Min: 0.0, Avg: 0.0, Max: 0.0, Diff: 0.0, Sum: 0.2]
         [Termination Attempts: Min: 1, Avg: 164.9, Max: 209, Diff: 208, Sum: 1319]
      [GC Worker Other (ms): Min: 0.0, Avg: 0.0, Max: 0.1, Diff: 0.1, Sum: 0.3]
      [GC Worker Total (ms): Min: 173.1, Avg: 173.2, Max: 173.3, Diff: 0.2, Sum: 1385.8]
      [GC Worker End (ms): Min: 71667.7, Avg: 71667.7, Max: 71667.7, Diff: 0.1]
   [Code Root Fixup: 0.0 ms]
   [Code Root Purge: 0.0 ms]
   [Clear CT: 0.2 ms]
   [Other: 1.1 ms]
      [Choose CSet: 0.0 ms]
      [Ref Proc: 0.2 ms]
      [Ref Enq: 0.0 ms]
      [Redirty Cards: 0.3 ms]
      [Humongous Register: 0.0 ms]
      [Humongous Reclaim: 0.0 ms]
      [Free CSet: 0.3 ms]
   [Eden: 246.0M(246.0M)->0.0B(246.0M) Survivors: 35.0M->36.0M Heap: 605.3M(2048.0M)->606.8M(2048.0M)]
 [Times: user=1.36 sys=0.02, real=0.18 secs] 
2020-09-29T12:03:03.143+0200: 71.830: [GC pause (G1 Evacuation Pause) (young), 0.1900151 secs]
   [Parallel Time: 188.7 ms, GC Workers: 8]
      [GC Worker Start (ms): Min: 71830.4, Avg: 71830.9, Max: 71833.4, Diff: 3.0]
      [Ext Root Scanning (ms): Min: 0.0, Avg: 0.1, Max: 0.2, Diff: 0.2, Sum: 0.5]
      [Update RS (ms): Min: 13.1, Avg: 15.4, Max: 16.4, Diff: 3.3, Sum: 123.4]
         [Processed Buffers: Min: 10, Avg: 13.5, Max: 15, Diff: 5, Sum: 108]
      [Scan RS (ms): Min: 17.7, Avg: 18.3, Max: 18.9, Diff: 1.2, Sum: 146.7]
      [Code Root Scanning (ms): Min: 0.0, Avg: 0.0, Max: 0.0, Diff: 0.0, Sum: 0.0]
      [Object Copy (ms): Min: 154.0, Avg: 154.2, Max: 154.3, Diff: 0.3, Sum: 1233.4]
      [Termination (ms): Min: 0.0, Avg: 0.1, Max: 0.1, Diff: 0.1, Sum: 0.5]
         [Termination Attempts: Min: 1, Avg: 110.6, Max: 164, Diff: 163, Sum: 885]
      [GC Worker Other (ms): Min: 0.0, Avg: 0.0, Max: 0.0, Diff: 0.0, Sum: 0.2]
      [GC Worker Total (ms): Min: 185.6, Avg: 188.1, Max: 188.6, Diff: 3.0, Sum: 1504.7]
      [GC Worker End (ms): Min: 72018.9, Avg: 72019.0, Max: 72019.0, Diff: 0.0]
   [Code Root Fixup: 0.0 ms]
   [Code Root Purge: 0.0 ms]
   [Clear CT: 0.2 ms]
   [Other: 1.1 ms]
      [Choose CSet: 0.0 ms]
      [Ref Proc: 0.3 ms]
      [Ref Enq: 0.0 ms]
      [Redirty Cards: 0.2 ms]
      [Humongous Register: 0.0 ms]
      [Humongous Reclaim: 0.0 ms]
      [Free CSet: 0.3 ms]
   [Eden: 246.0M(246.0M)->0.0B(234.0M) Survivors: 36.0M->36.0M Heap: 892.9M(2048.0M)->894.9M(2048.0M)]
 [Times: user=1.45 sys=0.00, real=0.19 secs] 
2020-09-29T12:03:03.482+0200: 72.169: [GC pause (G1 Evacuation Pause) (young), 0.1348102 secs]
   [Parallel Time: 133.7 ms, GC Workers: 8]
      [GC Worker Start (ms): Min: 72169.6, Avg: 72169.7, Max: 72169.8, Diff: 0.2]
      [Ext Root Scanning (ms): Min: 0.0, Avg: 0.1, Max: 0.2, Diff: 0.2, Sum: 0.9]
      [Update RS (ms): Min: 15.7, Avg: 15.9, Max: 16.1, Diff: 0.4, Sum: 126.9]
         [Processed Buffers: Min: 16, Avg: 18.0, Max: 20, Diff: 4, Sum: 144]
      [Scan RS (ms): Min: 10.6, Avg: 10.8, Max: 11.0, Diff: 0.4, Sum: 86.5]
      [Code Root Scanning (ms): Min: 0.0, Avg: 0.0, Max: 0.0, Diff: 0.0, Sum: 0.0]
      [Object Copy (ms): Min: 106.6, Avg: 106.6, Max: 106.7, Diff: 0.1, Sum: 852.9]
      [Termination (ms): Min: 0.0, Avg: 0.1, Max: 0.1, Diff: 0.1, Sum: 0.5]
         [Termination Attempts: Min: 1, Avg: 428.4, Max: 571, Diff: 570, Sum: 3427]
      [GC Worker Other (ms): Min: 0.0, Avg: 0.0, Max: 0.1, Diff: 0.1, Sum: 0.3]
      [GC Worker Total (ms): Min: 133.4, Avg: 133.5, Max: 133.6, Diff: 0.2, Sum: 1068.0]
      [GC Worker End (ms): Min: 72303.1, Avg: 72303.2, Max: 72303.2, Diff: 0.1]
   [Code Root Fixup: 0.0 ms]
   [Code Root Purge: 0.0 ms]
   [Clear CT: 0.1 ms]
   [Other: 1.0 ms]
      [Choose CSet: 0.0 ms]
      [Ref Proc: 0.2 ms]
      [Ref Enq: 0.0 ms]
      [Redirty Cards: 0.2 ms]
      [Humongous Register: 0.0 ms]
      [Humongous Reclaim: 0.0 ms]
      [Free CSet: 0.3 ms]
   [Eden: 234.0M(234.0M)->0.0B(255.0M) Survivors: 36.0M->34.0M Heap: 1168.9M(2048.0M)->1171.4M(2048.0M)]
 [Times: user=1.13 sys=0.00, real=0.13 secs] 
2020-09-29T12:03:03.625+0200: 72.313: [GC pause (G1 Humongous Allocation) (young) (initial-mark), 0.0507878 secs]
   [Parallel Time: 49.8 ms, GC Workers: 8]
      [GC Worker Start (ms): Min: 72312.9, Avg: 72313.0, Max: 72313.1, Diff: 0.2]
      [Ext Root Scanning (ms): Min: 0.0, Avg: 0.3, Max: 0.8, Diff: 0.8, Sum: 2.6]
      [Update RS (ms): Min: 29.6, Avg: 30.3, Max: 30.8, Diff: 1.2, Sum: 242.7]
         [Processed Buffers: Min: 33, Avg: 35.3, Max: 37, Diff: 4, Sum: 282]
      [Scan RS (ms): Min: 1.7, Avg: 2.2, Max: 2.5, Diff: 0.8, Sum: 17.5]
      [Code Root Scanning (ms): Min: 0.0, Avg: 0.0, Max: 0.0, Diff: 0.0, Sum: 0.0]
      [Object Copy (ms): Min: 16.7, Avg: 16.8, Max: 16.8, Diff: 0.1, Sum: 134.0]
      [Termination (ms): Min: 0.0, Avg: 0.0, Max: 0.0, Diff: 0.0, Sum: 0.1]
         [Termination Attempts: Min: 1, Avg: 37.4, Max: 49, Diff: 48, Sum: 299]
      [GC Worker Other (ms): Min: 0.0, Avg: 0.0, Max: 0.0, Diff: 0.0, Sum: 0.2]
      [GC Worker Total (ms): Min: 49.5, Avg: 49.6, Max: 49.7, Diff: 0.2, Sum: 397.0]
      [GC Worker End (ms): Min: 72362.6, Avg: 72362.6, Max: 72362.6, Diff: 0.0]
   [Code Root Fixup: 0.0 ms]
   [Code Root Purge: 0.0 ms]
   [Clear CT: 0.2 ms]
   [Other: 0.8 ms]
      [Choose CSet: 0.0 ms]
      [Ref Proc: 0.2 ms]
      [Ref Enq: 0.0 ms]
      [Redirty Cards: 0.2 ms]
      [Humongous Register: 0.1 ms]
      [Humongous Reclaim: 0.0 ms]
      [Free CSet: 0.1 ms]
   [Eden: 7168.0K(255.0M)->0.0B(294.0M) Survivors: 34.0M->9216.0K Heap: 1178.4M(2048.0M)->1180.9M(2048.0M)]
 [Times: user=0.38 sys=0.00, real=0.05 secs] 
2020-09-29T12:03:03.676+0200: 72.364: [GC concurrent-root-region-scan-start]
2020-09-29T12:03:03.678+0200: 72.366: [GC concurrent-root-region-scan-end, 0.0023905 secs]
2020-09-29T12:03:03.678+0200: 72.366: [GC concurrent-mark-start]
2020-09-29T12:03:03.682+0200: 72.369: [GC concurrent-mark-end, 0.0034414 secs]
2020-09-29T12:03:03.682+0200: 72.370: [GC remark 2020-09-29T12:03:03.682+0200: 72.370: [Finalize Marking, 0.0002247 secs] 2020-09-29T12:03:03.682+0200: 72.370: [GC ref-proc, 0.0003086 secs] 2020-09-29T12:03:03.683+0200: 72.370: [Unloading, 0.0004652 secs], 0.0014212 secs]
 [Times: user=0.00 sys=0.00, real=0.00 secs] 
2020-09-29T12:03:03.684+0200: 72.372: [GC cleanup 1192M->28M(2048M), 0.0011539 secs]
 [Times: user=0.00 sys=0.00, real=0.00 secs] 
2020-09-29T12:03:03.685+0200: 72.373: [GC concurrent-cleanup-start]
2020-09-29T12:03:03.688+0200: 72.375: [GC concurrent-cleanup-end, 0.0024357 secs]
2020-09-29T12:03:03.851+0200: 72.539: [GC pause (G1 Evacuation Pause) (young), 0.1638243 secs]
   [Parallel Time: 162.7 ms, GC Workers: 8]
      [GC Worker Start (ms): Min: 72539.1, Avg: 72539.2, Max: 72539.3, Diff: 0.2]
      [Ext Root Scanning (ms): Min: 0.0, Avg: 0.1, Max: 0.2, Diff: 0.2, Sum: 0.5]
      [Update RS (ms): Min: 14.3, Avg: 14.6, Max: 15.1, Diff: 0.8, Sum: 116.9]
         [Processed Buffers: Min: 14, Avg: 14.8, Max: 16, Diff: 2, Sum: 118]
      [Scan RS (ms): Min: 17.2, Avg: 17.6, Max: 18.0, Diff: 0.8, Sum: 140.6]
      [Code Root Scanning (ms): Min: 0.0, Avg: 0.0, Max: 0.0, Diff: 0.0, Sum: 0.0]
      [Object Copy (ms): Min: 130.0, Avg: 130.1, Max: 130.3, Diff: 0.3, Sum: 1041.2]
      [Termination (ms): Min: 0.0, Avg: 0.0, Max: 0.1, Diff: 0.1, Sum: 0.3]
         [Termination Attempts: Min: 1, Avg: 79.1, Max: 127, Diff: 126, Sum: 633]
      [GC Worker Other (ms): Min: 0.0, Avg: 0.0, Max: 0.0, Diff: 0.0, Sum: 0.1]
      [GC Worker Total (ms): Min: 162.4, Avg: 162.4, Max: 162.6, Diff: 0.2, Sum: 1299.6]
      [GC Worker End (ms): Min: 72701.7, Avg: 72701.7, Max: 72701.7, Diff: 0.0]
   [Code Root Fixup: 0.0 ms]
   [Code Root Purge: 0.0 ms]
   [Clear CT: 0.2 ms]
   [Other: 0.9 ms]
      [Choose CSet: 0.0 ms]
      [Ref Proc: 0.1 ms]
      [Ref Enq: 0.0 ms]
      [Redirty Cards: 0.2 ms]
      [Humongous Register: 0.0 ms]
      [Humongous Reclaim: 0.0 ms]
      [Free CSet: 0.3 ms]
   [Eden: 294.0M(294.0M)->0.0B(272.0M) Survivors: 9216.0K->38.0M Heap: 360.1M(2048.0M)->353.6M(2048.0M)]
 [Times: user=1.23 sys=0.00, real=0.16 secs] 
2020-09-29T12:03:04.183+0200: 72.871: [GC pause (G1 Evacuation Pause) (young), 0.1737506 secs]
   [Parallel Time: 172.7 ms, GC Workers: 8]
      [GC Worker Start (ms): Min: 72870.8, Avg: 72870.9, Max: 72871.0, Diff: 0.2]
      [Ext Root Scanning (ms): Min: 0.0, Avg: 0.1, Max: 0.2, Diff: 0.2, Sum: 0.5]
      [Update RS (ms): Min: 21.0, Avg: 21.3, Max: 21.8, Diff: 0.7, Sum: 170.0]
         [Processed Buffers: Min: 19, Avg: 19.8, Max: 21, Diff: 2, Sum: 158]
      [Scan RS (ms): Min: 18.4, Avg: 18.9, Max: 19.2, Diff: 0.8, Sum: 151.4]
      [Code Root Scanning (ms): Min: 0.0, Avg: 0.0, Max: 0.0, Diff: 0.0, Sum: 0.0]
      [Object Copy (ms): Min: 132.1, Avg: 132.1, Max: 132.1, Diff: 0.1, Sum: 1056.9]
      [Termination (ms): Min: 0.0, Avg: 0.0, Max: 0.0, Diff: 0.0, Sum: 0.0]
         [Termination Attempts: Min: 1, Avg: 21.8, Max: 32, Diff: 31, Sum: 174]
      [GC Worker Other (ms): Min: 0.0, Avg: 0.0, Max: 0.1, Diff: 0.1, Sum: 0.4]
      [GC Worker Total (ms): Min: 172.3, Avg: 172.4, Max: 172.5, Diff: 0.2, Sum: 1379.3]
      [GC Worker End (ms): Min: 73043.3, Avg: 73043.3, Max: 73043.3, Diff: 0.1]
   [Code Root Fixup: 0.0 ms]
   [Code Root Purge: 0.0 ms]
   [Clear CT: 0.1 ms]
   [Other: 0.9 ms]
      [Choose CSet: 0.0 ms]
      [Ref Proc: 0.2 ms]
      [Ref Enq: 0.0 ms]
      [Redirty Cards: 0.2 ms]
      [Humongous Register: 0.0 ms]
      [Humongous Reclaim: 0.0 ms]
      [Free CSet: 0.3 ms]
   [Eden: 272.0M(272.0M)->0.0B(267.0M) Survivors: 38.0M->39.0M Heap: 671.4M(2048.0M)->673.9M(2048.0M)]
 [Times: user=1.31 sys=0.03, real=0.17 secs] 
2020-09-29T12:03:04.516+0200: 73.204: [GC pause (G1 Evacuation Pause) (young), 0.1666748 secs]
   [Parallel Time: 165.6 ms, GC Workers: 8]
      [GC Worker Start (ms): Min: 73204.0, Avg: 73204.1, Max: 73204.2, Diff: 0.2]
      [Ext Root Scanning (ms): Min: 0.0, Avg: 0.1, Max: 0.2, Diff: 0.2, Sum: 0.6]
      [Update RS (ms): Min: 18.2, Avg: 18.4, Max: 18.7, Diff: 0.5, Sum: 146.9]
         [Processed Buffers: Min: 16, Avg: 18.6, Max: 22, Diff: 6, Sum: 149]
      [Scan RS (ms): Min: 15.1, Avg: 15.4, Max: 15.6, Diff: 0.5, Sum: 123.0]
      [Code Root Scanning (ms): Min: 0.0, Avg: 0.0, Max: 0.0, Diff: 0.0, Sum: 0.0]
      [Object Copy (ms): Min: 131.3, Avg: 131.5, Max: 131.6, Diff: 0.3, Sum: 1051.7]
      [Termination (ms): Min: 0.0, Avg: 0.1, Max: 0.1, Diff: 0.1, Sum: 0.5]
         [Termination Attempts: Min: 1, Avg: 139.6, Max: 222, Diff: 221, Sum: 1117]
      [GC Worker Other (ms): Min: 0.0, Avg: 0.0, Max: 0.0, Diff: 0.0, Sum: 0.2]
      [GC Worker Total (ms): Min: 165.3, Avg: 165.4, Max: 165.4, Diff: 0.2, Sum: 1322.9]
      [GC Worker End (ms): Min: 73369.5, Avg: 73369.5, Max: 73369.5, Diff: 0.0]
   [Code Root Fixup: 0.0 ms]
   [Code Root Purge: 0.0 ms]
   [Clear CT: 0.1 ms]
   [Other: 0.9 ms]
      [Choose CSet: 0.0 ms]
      [Ref Proc: 0.2 ms]
      [Ref Enq: 0.0 ms]
      [Redirty Cards: 0.2 ms]
      [Humongous Register: 0.0 ms]
      [Humongous Reclaim: 0.0 ms]
      [Free CSet: 0.3 ms]
   [Eden: 267.0M(267.0M)->0.0B(272.0M) Survivors: 39.0M->39.0M Heap: 984.7M(2048.0M)->986.2M(2048.0M)]
 [Times: user=1.22 sys=0.02, real=0.17 secs] 
2020-09-29T12:03:04.700+0200: 73.388: [GC pause (G1 Humongous Allocation) (young) (initial-mark), 0.0482520 secs]
   [Parallel Time: 47.1 ms, GC Workers: 8]
      [GC Worker Start (ms): Min: 73387.8, Avg: 73387.9, Max: 73388.0, Diff: 0.1]
      [Ext Root Scanning (ms): Min: 0.0, Avg: 0.3, Max: 1.2, Diff: 1.2, Sum: 2.3]
      [Update RS (ms): Min: 24.3, Avg: 25.0, Max: 25.4, Diff: 1.0, Sum: 200.3]
         [Processed Buffers: Min: 27, Avg: 29.4, Max: 31, Diff: 4, Sum: 235]
      [Scan RS (ms): Min: 2.3, Avg: 2.5, Max: 2.8, Diff: 0.5, Sum: 19.8]
      [Code Root Scanning (ms): Min: 0.0, Avg: 0.0, Max: 0.0, Diff: 0.0, Sum: 0.0]
      [Object Copy (ms): Min: 19.0, Avg: 19.0, Max: 19.0, Diff: 0.1, Sum: 152.1]
      [Termination (ms): Min: 0.0, Avg: 0.1, Max: 0.1, Diff: 0.1, Sum: 0.5]
         [Termination Attempts: Min: 1, Avg: 448.4, Max: 588, Diff: 587, Sum: 3587]
      [GC Worker Other (ms): Min: 0.0, Avg: 0.0, Max: 0.0, Diff: 0.0, Sum: 0.2]
      [GC Worker Total (ms): Min: 46.8, Avg: 46.9, Max: 47.0, Diff: 0.2, Sum: 375.1]
      [GC Worker End (ms): Min: 73434.8, Avg: 73434.8, Max: 73434.8, Diff: 0.0]
   [Code Root Fixup: 0.0 ms]
   [Code Root Purge: 0.0 ms]
   [Clear CT: 0.4 ms]
   [Other: 0.8 ms]
      [Choose CSet: 0.0 ms]
      [Ref Proc: 0.2 ms]
      [Ref Enq: 0.0 ms]
      [Redirty Cards: 0.2 ms]
      [Humongous Register: 0.1 ms]
      [Humongous Reclaim: 0.0 ms]
      [Free CSet: 0.1 ms]
   [Eden: 3072.0K(272.0M)->0.0B(321.0M) Survivors: 39.0M->5120.0K Heap: 988.7M(2048.0M)->992.7M(2048.0M)]
 [Times: user=0.38 sys=0.00, real=0.05 secs] 
2020-09-29T12:03:04.748+0200: 73.436: [GC concurrent-root-region-scan-start]
2020-09-29T12:03:04.749+0200: 73.437: [GC concurrent-root-region-scan-end, 0.0008158 secs]
2020-09-29T12:03:04.749+0200: 73.437: [GC concurrent-mark-start]
2020-09-29T12:03:04.755+0200: 73.442: [GC concurrent-mark-end, 0.0053237 secs]
2020-09-29T12:03:04.755+0200: 73.442: [GC remark 2020-09-29T12:03:04.755+0200: 73.442: [Finalize Marking, 0.0002142 secs] 2020-09-29T12:03:04.755+0200: 73.443: [GC ref-proc, 0.0003133 secs] 2020-09-29T12:03:04.755+0200: 73.443: [Unloading, 0.0004897 secs], 0.0014117 secs]
 [Times: user=0.00 sys=0.00, real=0.00 secs] 
2020-09-29T12:03:04.757+0200: 73.444: [GC cleanup 1005M->25M(2048M), 0.0013896 secs]
 [Times: user=0.00 sys=0.00, real=0.00 secs] 
2020-09-29T12:03:04.758+0200: 73.446: [GC concurrent-cleanup-start]
2020-09-29T12:03:04.759+0200: 73.447: [GC concurrent-cleanup-end, 0.0014331 secs]
2020-09-29T12:03:04.939+0200: 73.627: [GC pause (G1 Evacuation Pause) (young), 0.1679429 secs]
   [Parallel Time: 166.6 ms, GC Workers: 8]
      [GC Worker Start (ms): Min: 73627.1, Avg: 73627.2, Max: 73627.3, Diff: 0.2]
      [Ext Root Scanning (ms): Min: 0.0, Avg: 0.1, Max: 0.2, Diff: 0.2, Sum: 0.6]
      [Update RS (ms): Min: 15.4, Avg: 15.5, Max: 15.8, Diff: 0.3, Sum: 124.4]
         [Processed Buffers: Min: 13, Avg: 15.8, Max: 20, Diff: 7, Sum: 126]
      [Scan RS (ms): Min: 19.9, Avg: 20.1, Max: 20.2, Diff: 0.4, Sum: 160.8]
      [Code Root Scanning (ms): Min: 0.0, Avg: 0.0, Max: 0.0, Diff: 0.0, Sum: 0.0]
      [Object Copy (ms): Min: 130.1, Avg: 130.3, Max: 130.4, Diff: 0.3, Sum: 1042.2]
      [Termination (ms): Min: 0.0, Avg: 0.1, Max: 0.1, Diff: 0.1, Sum: 0.6]
         [Termination Attempts: Min: 1, Avg: 556.0, Max: 698, Diff: 697, Sum: 4448]
      [GC Worker Other (ms): Min: 0.2, Avg: 0.3, Max: 0.3, Diff: 0.1, Sum: 2.2]
      [GC Worker Total (ms): Min: 166.3, Avg: 166.3, Max: 166.4, Diff: 0.1, Sum: 1330.7]
      [GC Worker End (ms): Min: 73793.5, Avg: 73793.6, Max: 73793.6, Diff: 0.1]
   [Code Root Fixup: 0.0 ms]
   [Code Root Purge: 0.0 ms]
   [Clear CT: 0.2 ms]
   [Other: 1.1 ms]
      [Choose CSet: 0.0 ms]
      [Ref Proc: 0.2 ms]
      [Ref Enq: 0.0 ms]
      [Redirty Cards: 0.2 ms]
      [Humongous Register: 0.0 ms]
      [Humongous Reclaim: 0.0 ms]
      [Free CSet: 0.3 ms]
   [Eden: 321.0M(321.0M)->0.0B(290.0M) Survivors: 5120.0K->41.0M Heap: 388.8M(2048.0M)->386.3M(2048.0M)]
 [Times: user=1.30 sys=0.02, real=0.17 secs] 
2020-09-29T12:03:05.271+0200: 73.959: [GC pause (G1 Evacuation Pause) (young), 0.1691701 secs]
   [Parallel Time: 168.0 ms, GC Workers: 8]
      [GC Worker Start (ms): Min: 73958.6, Avg: 73958.8, Max: 73958.9, Diff: 0.2]
      [Ext Root Scanning (ms): Min: 0.0, Avg: 0.0, Max: 0.2, Diff: 0.2, Sum: 0.4]
      [Update RS (ms): Min: 18.2, Avg: 18.4, Max: 19.0, Diff: 0.9, Sum: 147.1]
         [Processed Buffers: Min: 20, Avg: 21.3, Max: 23, Diff: 3, Sum: 170]
      [Scan RS (ms): Min: 15.9, Avg: 16.6, Max: 16.9, Diff: 1.0, Sum: 132.7]
      [Code Root Scanning (ms): Min: 0.0, Avg: 0.0, Max: 0.0, Diff: 0.0, Sum: 0.0]
      [Object Copy (ms): Min: 132.6, Avg: 132.7, Max: 132.8, Diff: 0.2, Sum: 1061.8]
      [Termination (ms): Min: 0.0, Avg: 0.0, Max: 0.0, Diff: 0.0, Sum: 0.2]
         [Termination Attempts: Min: 1, Avg: 160.6, Max: 219, Diff: 218, Sum: 1285]
      [GC Worker Other (ms): Min: 0.0, Avg: 0.0, Max: 0.1, Diff: 0.1, Sum: 0.3]
      [GC Worker Total (ms): Min: 167.8, Avg: 167.8, Max: 167.9, Diff: 0.2, Sum: 1342.5]
      [GC Worker End (ms): Min: 74126.6, Avg: 74126.6, Max: 74126.6, Diff: 0.1]
   [Code Root Fixup: 0.0 ms]
   [Code Root Purge: 0.0 ms]
   [Clear CT: 0.2 ms]
   [Other: 1.0 ms]
      [Choose CSet: 0.0 ms]
      [Ref Proc: 0.2 ms]
      [Ref Enq: 0.0 ms]
      [Redirty Cards: 0.2 ms]
      [Humongous Register: 0.0 ms]
      [Humongous Reclaim: 0.0 ms]
      [Free CSet: 0.3 ms]
   [Eden: 290.0M(290.0M)->0.0B(291.0M) Survivors: 41.0M->42.0M Heap: 724.0M(2048.0M)->726.0M(2048.0M)]
 [Times: user=1.24 sys=0.02, real=0.17 secs] 
2020-09-29T12:03:05.600+0200: 74.287: [GC pause (G1 Evacuation Pause) (young), 0.1837978 secs]
   [Parallel Time: 182.6 ms, GC Workers: 8]
      [GC Worker Start (ms): Min: 74287.3, Avg: 74287.4, Max: 74287.5, Diff: 0.2]
      [Ext Root Scanning (ms): Min: 0.0, Avg: 0.1, Max: 0.1, Diff: 0.1, Sum: 0.4]
      [Update RS (ms): Min: 17.1, Avg: 17.3, Max: 17.6, Diff: 0.6, Sum: 138.4]
         [Processed Buffers: Min: 16, Avg: 17.9, Max: 20, Diff: 4, Sum: 143]
      [Scan RS (ms): Min: 18.8, Avg: 19.3, Max: 19.5, Diff: 0.7, Sum: 154.0]
      [Code Root Scanning (ms): Min: 0.0, Avg: 0.0, Max: 0.0, Diff: 0.0, Sum: 0.0]
      [Object Copy (ms): Min: 145.5, Avg: 145.7, Max: 145.8, Diff: 0.3, Sum: 1165.4]
      [Termination (ms): Min: 0.0, Avg: 0.1, Max: 0.1, Diff: 0.1, Sum: 0.5]
         [Termination Attempts: Min: 1, Avg: 183.9, Max: 248, Diff: 247, Sum: 1471]
      [GC Worker Other (ms): Min: 0.0, Avg: 0.0, Max: 0.1, Diff: 0.1, Sum: 0.3]
      [GC Worker Total (ms): Min: 182.3, Avg: 182.4, Max: 182.5, Diff: 0.2, Sum: 1459.1]
      [GC Worker End (ms): Min: 74469.8, Avg: 74469.8, Max: 74469.8, Diff: 0.1]
   [Code Root Fixup: 0.0 ms]
   [Code Root Purge: 0.0 ms]
   [Clear CT: 0.2 ms]
   [Other: 1.0 ms]
      [Choose CSet: 0.0 ms]
      [Ref Proc: 0.2 ms]
      [Ref Enq: 0.0 ms]
      [Redirty Cards: 0.3 ms]
      [Humongous Register: 0.0 ms]
      [Humongous Reclaim: 0.0 ms]
      [Free CSet: 0.3 ms]
   [Eden: 291.0M(291.0M)->0.0B(282.0M) Survivors: 42.0M->42.0M Heap: 1064.7M(2048.0M)->1066.7M(2048.0M)]
 [Times: user=1.38 sys=0.00, real=0.18 secs] 
2020-09-29T12:03:05.802+0200: 74.490: [GC pause (G1 Humongous Allocation) (young) (initial-mark), 0.0556099 secs]
   [Parallel Time: 54.5 ms, GC Workers: 8]
      [GC Worker Start (ms): Min: 74489.8, Avg: 74489.9, Max: 74490.0, Diff: 0.3]
      [Ext Root Scanning (ms): Min: 0.0, Avg: 0.7, Max: 2.3, Diff: 2.3, Sum: 5.9]
      [Update RS (ms): Min: 28.2, Avg: 30.2, Max: 31.1, Diff: 2.9, Sum: 241.8]
         [Processed Buffers: Min: 29, Avg: 32.5, Max: 35, Diff: 6, Sum: 260]
      [Scan RS (ms): Min: 2.8, Avg: 3.2, Max: 3.4, Diff: 0.6, Sum: 25.2]
      [Code Root Scanning (ms): Min: 0.0, Avg: 0.0, Max: 0.0, Diff: 0.0, Sum: 0.0]
      [Object Copy (ms): Min: 19.9, Avg: 20.0, Max: 20.1, Diff: 0.2, Sum: 160.2]
      [Termination (ms): Min: 0.0, Avg: 0.0, Max: 0.0, Diff: 0.0, Sum: 0.0]
         [Termination Attempts: Min: 1, Avg: 15.3, Max: 21, Diff: 20, Sum: 122]
      [GC Worker Other (ms): Min: 0.0, Avg: 0.0, Max: 0.0, Diff: 0.0, Sum: 0.1]
      [GC Worker Total (ms): Min: 54.0, Avg: 54.2, Max: 54.3, Diff: 0.3, Sum: 433.4]
      [GC Worker End (ms): Min: 74544.1, Avg: 74544.1, Max: 74544.1, Diff: 0.0]
   [Code Root Fixup: 0.0 ms]
   [Code Root Purge: 0.0 ms]
   [Clear CT: 0.3 ms]
   [Other: 0.9 ms]
      [Choose CSet: 0.0 ms]
      [Ref Proc: 0.2 ms]
      [Ref Enq: 0.0 ms]
      [Redirty Cards: 0.2 ms]
      [Humongous Register: 0.1 ms]
      [Humongous Reclaim: 0.0 ms]
      [Free CSet: 0.1 ms]
   [Eden: 3072.0K(282.0M)->0.0B(326.0M) Survivors: 42.0M->5120.0K Heap: 1069.2M(2048.0M)->1073.7M(2048.0M)]
 [Times: user=0.38 sys=0.00, real=0.06 secs] 
2020-09-29T12:03:05.858+0200: 74.545: [GC concurrent-root-region-scan-start]
2020-09-29T12:03:05.859+0200: 74.546: [GC concurrent-root-region-scan-end, 0.0008884 secs]
2020-09-29T12:03:05.859+0200: 74.546: [GC concurrent-mark-start]
2020-09-29T12:03:05.864+0200: 74.551: [GC concurrent-mark-end, 0.0051135 secs]
2020-09-29T12:03:05.865+0200: 74.552: [GC remark 2020-09-29T12:03:05.865+0200: 74.552: [Finalize Marking, 0.0005476 secs] 2020-09-29T12:03:05.865+0200: 74.553: [GC ref-proc, 0.0004312 secs] 2020-09-29T12:03:05.866+0200: 74.553: [Unloading, 0.0007887 secs], 0.0022676 secs]
 [Times: user=0.00 sys=0.00, real=0.00 secs] 
2020-09-29T12:03:05.867+0200: 74.555: [GC cleanup 1086M->25M(2048M), 0.0017727 secs]
 [Times: user=0.00 sys=0.00, real=0.00 secs] 
2020-09-29T12:03:05.869+0200: 74.557: [GC concurrent-cleanup-start]
2020-09-29T12:03:05.872+0200: 74.560: [GC concurrent-cleanup-end, 0.0026301 secs]
2020-09-29T12:03:06.065+0200: 74.752: [GC pause (G1 Evacuation Pause) (young), 0.1675737 secs]
   [Parallel Time: 166.1 ms, GC Workers: 8]
      [GC Worker Start (ms): Min: 74752.5, Avg: 74752.5, Max: 74752.6, Diff: 0.2]
      [Ext Root Scanning (ms): Min: 0.0, Avg: 0.1, Max: 0.2, Diff: 0.2, Sum: 0.6]
      [Update RS (ms): Min: 16.2, Avg: 16.4, Max: 16.9, Diff: 0.7, Sum: 131.0]
         [Processed Buffers: Min: 16, Avg: 17.5, Max: 21, Diff: 5, Sum: 140]
      [Scan RS (ms): Min: 17.1, Avg: 17.6, Max: 17.8, Diff: 0.7, Sum: 141.1]
      [Code Root Scanning (ms): Min: 0.0, Avg: 0.0, Max: 0.0, Diff: 0.0, Sum: 0.0]
      [Object Copy (ms): Min: 131.5, Avg: 131.6, Max: 131.7, Diff: 0.2, Sum: 1053.0]
      [Termination (ms): Min: 0.0, Avg: 0.1, Max: 0.2, Diff: 0.1, Sum: 0.6]
         [Termination Attempts: Min: 1, Avg: 287.1, Max: 375, Diff: 374, Sum: 2297]
      [GC Worker Other (ms): Min: 0.0, Avg: 0.0, Max: 0.1, Diff: 0.1, Sum: 0.3]
      [GC Worker Total (ms): Min: 165.8, Avg: 165.8, Max: 165.9, Diff: 0.2, Sum: 1326.7]
      [GC Worker End (ms): Min: 74918.3, Avg: 74918.4, Max: 74918.4, Diff: 0.1]
   [Code Root Fixup: 0.0 ms]
   [Code Root Purge: 0.0 ms]
   [Clear CT: 0.2 ms]
   [Other: 1.3 ms]
      [Choose CSet: 0.0 ms]
      [Ref Proc: 0.2 ms]
      [Ref Enq: 0.0 ms]
      [Redirty Cards: 0.4 ms]
      [Humongous Register: 0.1 ms]
      [Humongous Reclaim: 0.0 ms]
      [Free CSet: 0.4 ms]
   [Eden: 326.0M(326.0M)->0.0B(300.0M) Survivors: 5120.0K->42.0M Heap: 394.3M(2048.0M)->390.8M(2048.0M)]
 [Times: user=1.34 sys=0.02, real=0.17 secs] 
2020-09-29T12:03:06.398+0200: 75.085: [GC pause (G1 Evacuation Pause) (young), 0.1783079 secs]
   [Parallel Time: 177.0 ms, GC Workers: 8]
      [GC Worker Start (ms): Min: 75085.3, Avg: 75085.4, Max: 75085.5, Diff: 0.2]
      [Ext Root Scanning (ms): Min: 0.0, Avg: 0.1, Max: 0.1, Diff: 0.1, Sum: 0.5]
      [Update RS (ms): Min: 19.7, Avg: 19.9, Max: 20.3, Diff: 0.6, Sum: 159.0]
         [Processed Buffers: Min: 17, Avg: 20.0, Max: 23, Diff: 6, Sum: 160]
      [Scan RS (ms): Min: 18.3, Avg: 18.8, Max: 19.0, Diff: 0.7, Sum: 150.2]
      [Code Root Scanning (ms): Min: 0.0, Avg: 0.0, Max: 0.0, Diff: 0.0, Sum: 0.0]
      [Object Copy (ms): Min: 137.9, Avg: 138.0, Max: 138.1, Diff: 0.2, Sum: 1104.4]
      [Termination (ms): Min: 0.0, Avg: 0.0, Max: 0.0, Diff: 0.0, Sum: 0.0]
         [Termination Attempts: Min: 1, Avg: 17.6, Max: 26, Diff: 25, Sum: 141]
      [GC Worker Other (ms): Min: 0.0, Avg: 0.0, Max: 0.1, Diff: 0.1, Sum: 0.3]
      [GC Worker Total (ms): Min: 176.7, Avg: 176.8, Max: 176.9, Diff: 0.2, Sum: 1414.4]
      [GC Worker End (ms): Min: 75262.2, Avg: 75262.2, Max: 75262.2, Diff: 0.1]
   [Code Root Fixup: 0.0 ms]
   [Code Root Purge: 0.0 ms]
   [Clear CT: 0.2 ms]
   [Other: 1.1 ms]
      [Choose CSet: 0.0 ms]
      [Ref Proc: 0.3 ms]
      [Ref Enq: 0.0 ms]
      [Redirty Cards: 0.2 ms]
      [Humongous Register: 0.0 ms]
      [Humongous Reclaim: 0.0 ms]
      [Free CSet: 0.3 ms]
   [Eden: 300.0M(300.0M)->0.0B(294.0M) Survivors: 42.0M->43.0M Heap: 740.4M(2048.0M)->742.9M(2048.0M)]
 [Times: user=1.36 sys=0.00, real=0.18 secs] 
2020-09-29T12:03:06.745+0200: 75.432: [GC pause (G1 Evacuation Pause) (young), 0.2308167 secs]
   [Parallel Time: 229.6 ms, GC Workers: 8]
      [GC Worker Start (ms): Min: 75432.6, Avg: 75432.6, Max: 75432.7, Diff: 0.1]
      [Ext Root Scanning (ms): Min: 0.0, Avg: 0.1, Max: 0.1, Diff: 0.1, Sum: 0.7]
      [Update RS (ms): Min: 29.7, Avg: 30.2, Max: 32.4, Diff: 2.7, Sum: 241.6]
         [Processed Buffers: Min: 0, Avg: 24.0, Max: 31, Diff: 31, Sum: 192]
      [Scan RS (ms): Min: 14.6, Avg: 16.9, Max: 17.5, Diff: 2.8, Sum: 135.2]
      [Code Root Scanning (ms): Min: 0.0, Avg: 0.0, Max: 0.1, Diff: 0.1, Sum: 0.1]
      [Object Copy (ms): Min: 181.7, Avg: 181.9, Max: 182.3, Diff: 0.6, Sum: 1455.2]
      [Termination (ms): Min: 0.0, Avg: 0.3, Max: 0.3, Diff: 0.3, Sum: 2.2]
         [Termination Attempts: Min: 1, Avg: 1987.4, Max: 2463, Diff: 2462, Sum: 15899]
      [GC Worker Other (ms): Min: 0.0, Avg: 0.0, Max: 0.1, Diff: 0.1, Sum: 0.4]
      [GC Worker Total (ms): Min: 229.3, Avg: 229.4, Max: 229.5, Diff: 0.2, Sum: 1835.4]
      [GC Worker End (ms): Min: 75662.0, Avg: 75662.1, Max: 75662.1, Diff: 0.1]
   [Code Root Fixup: 0.0 ms]
   [Code Root Purge: 0.0 ms]
   [Clear CT: 0.2 ms]
   [Other: 1.1 ms]
      [Choose CSet: 0.0 ms]
      [Ref Proc: 0.2 ms]
      [Ref Enq: 0.0 ms]
      [Redirty Cards: 0.3 ms]
      [Humongous Register: 0.1 ms]
      [Humongous Reclaim: 0.0 ms]
      [Free CSet: 0.3 ms]
   [Eden: 294.0M(294.0M)->0.0B(244.0M) Survivors: 43.0M->43.0M Heap: 1086.5M(2048.0M)->1089.0M(2048.0M)]
 [Times: user=1.70 sys=0.02, real=0.23 secs] 
2020-09-29T12:03:07.000+0200: 75.687: [GC pause (G1 Humongous Allocation) (young) (initial-mark), 0.0545716 secs]
   [Parallel Time: 53.6 ms, GC Workers: 8]
      [GC Worker Start (ms): Min: 75687.4, Avg: 75687.4, Max: 75687.5, Diff: 0.2]
      [Ext Root Scanning (ms): Min: 0.0, Avg: 0.2, Max: 0.3, Diff: 0.3, Sum: 1.4]
      [Update RS (ms): Min: 28.3, Avg: 28.4, Max: 28.6, Diff: 0.3, Sum: 227.6]
         [Processed Buffers: Min: 27, Avg: 29.4, Max: 31, Diff: 4, Sum: 235]
      [Scan RS (ms): Min: 2.7, Avg: 2.8, Max: 3.0, Diff: 0.3, Sum: 22.7]
      [Code Root Scanning (ms): Min: 0.0, Avg: 0.0, Max: 0.0, Diff: 0.0, Sum: 0.0]
      [Object Copy (ms): Min: 21.9, Avg: 21.9, Max: 22.0, Diff: 0.1, Sum: 175.4]
      [Termination (ms): Min: 0.0, Avg: 0.0, Max: 0.1, Diff: 0.1, Sum: 0.3]
         [Termination Attempts: Min: 1, Avg: 216.8, Max: 287, Diff: 286, Sum: 1734]
      [GC Worker Other (ms): Min: 0.0, Avg: 0.0, Max: 0.0, Diff: 0.0, Sum: 0.2]
      [GC Worker Total (ms): Min: 53.3, Avg: 53.4, Max: 53.5, Diff: 0.2, Sum: 427.5]
      [GC Worker End (ms): Min: 75740.8, Avg: 75740.8, Max: 75740.9, Diff: 0.0]
   [Code Root Fixup: 0.0 ms]
   [Code Root Purge: 0.0 ms]
   [Clear CT: 0.2 ms]
   [Other: 0.8 ms]
      [Choose CSet: 0.0 ms]
      [Ref Proc: 0.2 ms]
      [Ref Enq: 0.0 ms]
      [Redirty Cards: 0.1 ms]
      [Humongous Register: 0.1 ms]
      [Humongous Reclaim: 0.0 ms]
      [Free CSet: 0.1 ms]
   [Eden: 8192.0K(244.0M)->0.0B(298.0M) Survivors: 43.0M->9216.0K Heap: 1096.5M(2048.0M)->1099.5M(2048.0M)]
 [Times: user=0.49 sys=0.00, real=0.05 secs] 
2020-09-29T12:03:07.054+0200: 75.742: [GC concurrent-root-region-scan-start]
2020-09-29T12:03:07.057+0200: 75.744: [GC concurrent-root-region-scan-end, 0.0024361 secs]
2020-09-29T12:03:07.057+0200: 75.744: [GC concurrent-mark-start]
2020-09-29T12:03:07.060+0200: 75.748: [GC concurrent-mark-end, 0.0031855 secs]
2020-09-29T12:03:07.060+0200: 75.748: [GC remark 2020-09-29T12:03:07.060+0200: 75.748: [Finalize Marking, 0.0001449 secs] 2020-09-29T12:03:07.060+0200: 75.748: [GC ref-proc, 0.0003902 secs] 2020-09-29T12:03:07.061+0200: 75.748: [Unloading, 0.0004601 secs], 0.0013719 secs]
 [Times: user=0.00 sys=0.00, real=0.00 secs] 
2020-09-29T12:03:07.062+0200: 75.750: [GC cleanup 1112M->29M(2048M), 0.0016481 secs]
 [Times: user=0.00 sys=0.00, real=0.00 secs] 
2020-09-29T12:03:07.064+0200: 75.751: [GC concurrent-cleanup-start]
2020-09-29T12:03:07.067+0200: 75.754: [GC concurrent-cleanup-end, 0.0029195 secs]
2020-09-29T12:03:07.221+0200: 75.909: [GC pause (G1 Evacuation Pause) (young), 0.1564933 secs]
   [Parallel Time: 155.1 ms, GC Workers: 8]
      [GC Worker Start (ms): Min: 75909.0, Avg: 75909.1, Max: 75909.1, Diff: 0.2]
      [Ext Root Scanning (ms): Min: 0.0, Avg: 0.1, Max: 0.2, Diff: 0.2, Sum: 0.5]
      [Update RS (ms): Min: 14.3, Avg: 14.4, Max: 14.6, Diff: 0.3, Sum: 115.1]
         [Processed Buffers: Min: 16, Avg: 18.4, Max: 21, Diff: 5, Sum: 147]
      [Scan RS (ms): Min: 13.2, Avg: 13.4, Max: 13.5, Diff: 0.3, Sum: 106.8]
      [Code Root Scanning (ms): Min: 0.0, Avg: 0.0, Max: 0.0, Diff: 0.0, Sum: 0.0]
      [Object Copy (ms): Min: 126.9, Avg: 127.1, Max: 127.2, Diff: 0.2, Sum: 1016.8]
      [Termination (ms): Min: 0.0, Avg: 0.0, Max: 0.0, Diff: 0.0, Sum: 0.1]
         [Termination Attempts: Min: 1, Avg: 45.3, Max: 60, Diff: 59, Sum: 362]
      [GC Worker Other (ms): Min: 0.0, Avg: 0.0, Max: 0.1, Diff: 0.0, Sum: 0.2]
      [GC Worker Total (ms): Min: 154.9, Avg: 154.9, Max: 155.1, Diff: 0.2, Sum: 1239.5]
      [GC Worker End (ms): Min: 76064.0, Avg: 76064.0, Max: 76064.0, Diff: 0.0]
   [Code Root Fixup: 0.0 ms]
   [Code Root Purge: 0.0 ms]
   [Clear CT: 0.3 ms]
   [Other: 1.0 ms]
      [Choose CSet: 0.0 ms]
      [Ref Proc: 0.2 ms]
      [Ref Enq: 0.0 ms]
      [Redirty Cards: 0.4 ms]
      [Humongous Register: 0.0 ms]
      [Humongous Reclaim: 0.0 ms]
      [Free CSet: 0.2 ms]
   [Eden: 298.0M(298.0M)->0.0B(285.0M) Survivors: 9216.0K->39.0M Heap: 366.0M(2048.0M)->359.5M(2048.0M)]
 [Times: user=1.23 sys=0.01, real=0.16 secs] 
2020-09-29T12:03:07.529+0200: 76.217: [GC pause (G1 Evacuation Pause) (young), 0.1812543 secs]
   [Parallel Time: 180.1 ms, GC Workers: 8]
      [GC Worker Start (ms): Min: 76217.0, Avg: 76217.0, Max: 76217.1, Diff: 0.1]
      [Ext Root Scanning (ms): Min: 0.0, Avg: 0.1, Max: 0.1, Diff: 0.1, Sum: 0.7]
      [Update RS (ms): Min: 22.7, Avg: 23.1, Max: 23.7, Diff: 0.9, Sum: 184.4]
         [Processed Buffers: Min: 18, Avg: 19.9, Max: 21, Diff: 3, Sum: 159]
      [Scan RS (ms): Min: 22.5, Avg: 23.1, Max: 23.4, Diff: 0.9, Sum: 184.6]
      [Code Root Scanning (ms): Min: 0.0, Avg: 0.0, Max: 0.0, Diff: 0.0, Sum: 0.0]
      [Object Copy (ms): Min: 133.4, Avg: 133.5, Max: 133.7, Diff: 0.3, Sum: 1068.3]
      [Termination (ms): Min: 0.0, Avg: 0.1, Max: 0.1, Diff: 0.1, Sum: 0.9]
         [Termination Attempts: Min: 1, Avg: 904.8, Max: 1145, Diff: 1144, Sum: 7238]
      [GC Worker Other (ms): Min: 0.0, Avg: 0.1, Max: 0.1, Diff: 0.1, Sum: 0.4]
      [GC Worker Total (ms): Min: 179.9, Avg: 179.9, Max: 180.0, Diff: 0.1, Sum: 1439.4]
      [GC Worker End (ms): Min: 76396.9, Avg: 76396.9, Max: 76397.0, Diff: 0.1]
   [Code Root Fixup: 0.0 ms]
   [Code Root Purge: 0.0 ms]
   [Clear CT: 0.2 ms]
   [Other: 1.0 ms]
      [Choose CSet: 0.0 ms]
      [Ref Proc: 0.2 ms]
      [Ref Enq: 0.0 ms]
      [Redirty Cards: 0.2 ms]
      [Humongous Register: 0.0 ms]
      [Humongous Reclaim: 0.0 ms]
      [Free CSet: 0.3 ms]
   [Eden: 285.0M(285.0M)->0.0B(268.0M) Survivors: 39.0M->41.0M Heap: 690.3M(2048.0M)->692.3M(2048.0M)]
 [Times: user=1.44 sys=0.06, real=0.18 secs] 
2020-09-29T12:03:07.862+0200: 76.550: [GC pause (G1 Evacuation Pause) (young), 0.1614792 secs]
   [Parallel Time: 160.3 ms, GC Workers: 8]
      [GC Worker Start (ms): Min: 76549.7, Avg: 76549.8, Max: 76549.9, Diff: 0.2]
      [Ext Root Scanning (ms): Min: 0.0, Avg: 0.1, Max: 0.2, Diff: 0.2, Sum: 0.6]
      [Update RS (ms): Min: 14.7, Avg: 14.9, Max: 15.7, Diff: 1.0, Sum: 119.3]
         [Processed Buffers: Min: 11, Avg: 16.4, Max: 20, Diff: 9, Sum: 131]
      [Scan RS (ms): Min: 15.0, Avg: 15.7, Max: 15.9, Diff: 0.9, Sum: 125.3]
      [Code Root Scanning (ms): Min: 0.0, Avg: 0.0, Max: 0.0, Diff: 0.0, Sum: 0.0]
      [Object Copy (ms): Min: 129.2, Avg: 129.3, Max: 129.4, Diff: 0.2, Sum: 1034.0]
      [Termination (ms): Min: 0.0, Avg: 0.1, Max: 0.2, Diff: 0.2, Sum: 1.1]
         [Termination Attempts: Min: 1, Avg: 1095.1, Max: 1348, Diff: 1347, Sum: 8761]
      [GC Worker Other (ms): Min: 0.0, Avg: 0.1, Max: 0.1, Diff: 0.1, Sum: 0.5]
      [GC Worker Total (ms): Min: 160.0, Avg: 160.1, Max: 160.2, Diff: 0.2, Sum: 1280.8]
      [GC Worker End (ms): Min: 76709.9, Avg: 76709.9, Max: 76709.9, Diff: 0.1]
   [Code Root Fixup: 0.0 ms]
   [Code Root Purge: 0.0 ms]
   [Clear CT: 0.1 ms]
   [Other: 1.0 ms]
      [Choose CSet: 0.0 ms]
      [Ref Proc: 0.2 ms]
      [Ref Enq: 0.0 ms]
      [Redirty Cards: 0.2 ms]
      [Humongous Register: 0.0 ms]
      [Humongous Reclaim: 0.0 ms]
      [Free CSet: 0.3 ms]
   [Eden: 268.0M(268.0M)->0.0B(277.0M) Survivors: 41.0M->39.0M Heap: 1006.1M(2048.0M)->1007.6M(2048.0M)]
 [Times: user=1.34 sys=0.00, real=0.16 secs] 
2020-09-29T12:03:08.031+0200: 76.719: [GC pause (G1 Humongous Allocation) (young) (initial-mark), 0.0614347 secs]
   [Parallel Time: 60.4 ms, GC Workers: 8]
      [GC Worker Start (ms): Min: 76719.3, Avg: 76719.3, Max: 76719.4, Diff: 0.1]
      [Ext Root Scanning (ms): Min: 0.0, Avg: 0.1, Max: 0.1, Diff: 0.1, Sum: 0.7]
      [Update RS (ms): Min: 36.3, Avg: 36.7, Max: 37.0, Diff: 0.7, Sum: 294.0]
         [Processed Buffers: Min: 38, Avg: 41.5, Max: 44, Diff: 6, Sum: 332]
      [Scan RS (ms): Min: 2.0, Avg: 2.3, Max: 2.7, Diff: 0.7, Sum: 18.4]
      [Code Root Scanning (ms): Min: 0.0, Avg: 0.0, Max: 0.0, Diff: 0.0, Sum: 0.0]
      [Object Copy (ms): Min: 21.0, Avg: 21.0, Max: 21.1, Diff: 0.2, Sum: 168.4]
      [Termination (ms): Min: 0.0, Avg: 0.1, Max: 0.1, Diff: 0.1, Sum: 0.6]
         [Termination Attempts: Min: 1, Avg: 535.9, Max: 656, Diff: 655, Sum: 4287]
      [GC Worker Other (ms): Min: 0.0, Avg: 0.0, Max: 0.1, Diff: 0.1, Sum: 0.2]
      [GC Worker Total (ms): Min: 60.2, Avg: 60.3, Max: 60.3, Diff: 0.1, Sum: 482.2]
      [GC Worker End (ms): Min: 76779.6, Avg: 76779.6, Max: 76779.6, Diff: 0.0]
   [Code Root Fixup: 0.0 ms]
   [Code Root Purge: 0.0 ms]
   [Clear CT: 0.2 ms]
   [Other: 0.8 ms]
      [Choose CSet: 0.0 ms]
      [Ref Proc: 0.2 ms]
      [Ref Enq: 0.0 ms]
      [Redirty Cards: 0.2 ms]
      [Humongous Register: 0.1 ms]
      [Humongous Reclaim: 0.0 ms]
      [Free CSet: 0.1 ms]
   [Eden: 8192.0K(277.0M)->0.0B(309.0M) Survivors: 39.0M->10.0M Heap: 1015.1M(2048.0M)->1019.6M(2048.0M)]
 [Times: user=0.49 sys=0.00, real=0.06 secs] 
2020-09-29T12:03:08.093+0200: 76.781: [GC concurrent-root-region-scan-start]
2020-09-29T12:03:08.096+0200: 76.783: [GC concurrent-root-region-scan-end, 0.0025588 secs]
2020-09-29T12:03:08.096+0200: 76.783: [GC concurrent-mark-start]
2020-09-29T12:03:08.098+0200: 76.786: [GC concurrent-mark-end, 0.0023904 secs]
2020-09-29T12:03:08.098+0200: 76.786: [GC remark 2020-09-29T12:03:08.098+0200: 76.786: [Finalize Marking, 0.0002137 secs] 2020-09-29T12:03:08.099+0200: 76.786: [GC ref-proc, 0.0003523 secs] 2020-09-29T12:03:08.099+0200: 76.787: [Unloading, 0.0003801 secs], 0.0012557 secs]
 [Times: user=0.00 sys=0.00, real=0.00 secs] 
2020-09-29T12:03:08.100+0200: 76.787: [GC cleanup 1031M->29M(2048M), 0.0014332 secs]
 [Times: user=0.00 sys=0.00, real=0.00 secs] 
2020-09-29T12:03:08.101+0200: 76.789: [GC concurrent-cleanup-start]
2020-09-29T12:03:08.103+0200: 76.790: [GC concurrent-cleanup-end, 0.0012502 secs]
2020-09-29T12:03:08.246+0200: 76.934: [GC pause (G1 Evacuation Pause) (young), 0.1578421 secs]
   [Parallel Time: 156.8 ms, GC Workers: 8]
      [GC Worker Start (ms): Min: 76934.0, Avg: 76934.3, Max: 76935.9, Diff: 1.9]
      [Ext Root Scanning (ms): Min: 0.0, Avg: 0.1, Max: 0.1, Diff: 0.1, Sum: 0.6]
      [Update RS (ms): Min: 17.6, Avg: 19.3, Max: 20.1, Diff: 2.4, Sum: 154.5]
         [Processed Buffers: Min: 18, Avg: 20.6, Max: 22, Diff: 4, Sum: 165]
      [Scan RS (ms): Min: 13.0, Avg: 13.5, Max: 13.7, Diff: 0.8, Sum: 107.8]
      [Code Root Scanning (ms): Min: 0.0, Avg: 0.0, Max: 0.0, Diff: 0.0, Sum: 0.0]
      [Object Copy (ms): Min: 123.3, Avg: 123.4, Max: 123.5, Diff: 0.2, Sum: 986.9]
      [Termination (ms): Min: 0.0, Avg: 0.1, Max: 0.1, Diff: 0.1, Sum: 0.4]
         [Termination Attempts: Min: 1, Avg: 362.5, Max: 535, Diff: 534, Sum: 2900]
      [GC Worker Other (ms): Min: 0.0, Avg: 0.0, Max: 0.1, Diff: 0.0, Sum: 0.3]
      [GC Worker Total (ms): Min: 154.7, Avg: 156.3, Max: 156.6, Diff: 1.9, Sum: 1250.6]
      [GC Worker End (ms): Min: 77090.6, Avg: 77090.6, Max: 77090.7, Diff: 0.0]
   [Code Root Fixup: 0.0 ms]
   [Code Root Purge: 0.0 ms]
   [Clear CT: 0.2 ms]
   [Other: 0.9 ms]
      [Choose CSet: 0.0 ms]
      [Ref Proc: 0.3 ms]
      [Ref Enq: 0.0 ms]
      [Redirty Cards: 0.2 ms]
      [Humongous Register: 0.0 ms]
      [Humongous Reclaim: 0.0 ms]
      [Free CSet: 0.2 ms]
   [Eden: 309.0M(309.0M)->0.0B(297.0M) Survivors: 10.0M->40.0M Heap: 378.5M(2048.0M)->370.0M(2048.0M)]
 [Times: user=1.25 sys=0.00, real=0.16 secs] 
2020-09-29T12:03:08.573+0200: 77.261: [GC pause (G1 Evacuation Pause) (young), 0.1647554 secs]
   [Parallel Time: 163.5 ms, GC Workers: 8]
      [GC Worker Start (ms): Min: 77261.0, Avg: 77261.0, Max: 77261.1, Diff: 0.2]
      [Ext Root Scanning (ms): Min: 0.0, Avg: 0.1, Max: 0.2, Diff: 0.2, Sum: 0.5]
      [Update RS (ms): Min: 17.6, Avg: 17.9, Max: 18.3, Diff: 0.7, Sum: 143.5]
         [Processed Buffers: Min: 18, Avg: 20.0, Max: 22, Diff: 4, Sum: 160]
      [Scan RS (ms): Min: 15.8, Avg: 16.3, Max: 16.5, Diff: 0.7, Sum: 130.1]
      [Code Root Scanning (ms): Min: 0.0, Avg: 0.0, Max: 0.0, Diff: 0.0, Sum: 0.0]
      [Object Copy (ms): Min: 128.9, Avg: 129.0, Max: 129.1, Diff: 0.2, Sum: 1032.0]
      [Termination (ms): Min: 0.0, Avg: 0.0, Max: 0.0, Diff: 0.0, Sum: 0.3]
         [Termination Attempts: Min: 1, Avg: 250.6, Max: 335, Diff: 334, Sum: 2005]
      [GC Worker Other (ms): Min: 0.0, Avg: 0.0, Max: 0.1, Diff: 0.0, Sum: 0.3]
      [GC Worker Total (ms): Min: 163.3, Avg: 163.3, Max: 163.4, Diff: 0.1, Sum: 1306.6]
      [GC Worker End (ms): Min: 77424.4, Avg: 77424.4, Max: 77424.4, Diff: 0.0]
   [Code Root Fixup: 0.0 ms]
   [Code Root Purge: 0.0 ms]
   [Clear CT: 0.3 ms]
   [Other: 1.0 ms]
      [Choose CSet: 0.0 ms]
      [Ref Proc: 0.2 ms]
      [Ref Enq: 0.0 ms]
      [Redirty Cards: 0.3 ms]
      [Humongous Register: 0.0 ms]
      [Humongous Reclaim: 0.0 ms]
      [Free CSet: 0.3 ms]
   [Eden: 297.0M(297.0M)->0.0B(299.0M) Survivors: 40.0M->43.0M Heap: 716.6M(2048.0M)->718.6M(2048.0M)]
 [Times: user=1.25 sys=0.00, real=0.16 secs] 
2020-09-29T12:03:08.916+0200: 77.604: [GC pause (G1 Evacuation Pause) (young), 0.1736515 secs]
   [Parallel Time: 172.6 ms, GC Workers: 8]
      [GC Worker Start (ms): Min: 77603.7, Avg: 77603.8, Max: 77603.9, Diff: 0.1]
      [Ext Root Scanning (ms): Min: 0.0, Avg: 0.1, Max: 0.1, Diff: 0.1, Sum: 0.5]
      [Update RS (ms): Min: 17.8, Avg: 17.9, Max: 18.3, Diff: 0.5, Sum: 143.2]
         [Processed Buffers: Min: 19, Avg: 21.5, Max: 25, Diff: 6, Sum: 172]
      [Scan RS (ms): Min: 16.7, Avg: 17.1, Max: 17.2, Diff: 0.6, Sum: 136.7]
      [Code Root Scanning (ms): Min: 0.0, Avg: 0.0, Max: 0.0, Diff: 0.0, Sum: 0.0]
      [Object Copy (ms): Min: 137.3, Avg: 137.3, Max: 137.4, Diff: 0.1, Sum: 1098.6]
      [Termination (ms): Min: 0.0, Avg: 0.0, Max: 0.0, Diff: 0.0, Sum: 0.2]
         [Termination Attempts: Min: 1, Avg: 190.9, Max: 255, Diff: 254, Sum: 1527]
      [GC Worker Other (ms): Min: 0.0, Avg: 0.0, Max: 0.0, Diff: 0.0, Sum: 0.2]
      [GC Worker Total (ms): Min: 172.4, Avg: 172.4, Max: 172.5, Diff: 0.2, Sum: 1379.4]
      [GC Worker End (ms): Min: 77776.2, Avg: 77776.2, Max: 77776.2, Diff: 0.0]
   [Code Root Fixup: 0.0 ms]
   [Code Root Purge: 0.0 ms]
   [Clear CT: 0.2 ms]
   [Other: 0.8 ms]
      [Choose CSet: 0.0 ms]
      [Ref Proc: 0.1 ms]
      [Ref Enq: 0.0 ms]
      [Redirty Cards: 0.2 ms]
      [Humongous Register: 0.0 ms]
      [Humongous Reclaim: 0.0 ms]
      [Free CSet: 0.3 ms]
   [Eden: 299.0M(299.0M)->0.0B(299.0M) Survivors: 43.0M->43.0M Heap: 1069.1M(2048.0M)->1070.1M(2048.0M)]
 [Times: user=1.38 sys=0.00, real=0.17 secs] 
2020-09-29T12:03:09.100+0200: 77.788: [GC pause (G1 Humongous Allocation) (young) (initial-mark), 0.0653457 secs]
   [Parallel Time: 64.5 ms, GC Workers: 8]
      [GC Worker Start (ms): Min: 77787.7, Avg: 77787.7, Max: 77787.8, Diff: 0.1]
      [Ext Root Scanning (ms): Min: 0.0, Avg: 0.1, Max: 0.1, Diff: 0.1, Sum: 0.7]
      [Update RS (ms): Min: 37.2, Avg: 37.4, Max: 37.9, Diff: 0.7, Sum: 299.3]
         [Processed Buffers: Min: 41, Avg: 43.5, Max: 45, Diff: 4, Sum: 348]
      [Scan RS (ms): Min: 2.6, Avg: 3.1, Max: 3.3, Diff: 0.7, Sum: 24.5]
      [Code Root Scanning (ms): Min: 0.0, Avg: 0.0, Max: 0.0, Diff: 0.0, Sum: 0.0]
      [Object Copy (ms): Min: 23.8, Avg: 23.8, Max: 23.8, Diff: 0.1, Sum: 190.3]
      [Termination (ms): Min: 0.0, Avg: 0.0, Max: 0.0, Diff: 0.0, Sum: 0.0]
         [Termination Attempts: Min: 1, Avg: 6.5, Max: 10, Diff: 9, Sum: 52]
      [GC Worker Other (ms): Min: 0.0, Avg: 0.0, Max: 0.0, Diff: 0.0, Sum: 0.2]
      [GC Worker Total (ms): Min: 64.3, Avg: 64.4, Max: 64.4, Diff: 0.1, Sum: 515.0]
      [GC Worker End (ms): Min: 77852.1, Avg: 77852.1, Max: 77852.1, Diff: 0.0]
   [Code Root Fixup: 0.0 ms]
   [Code Root Purge: 0.0 ms]
   [Clear CT: 0.2 ms]
   [Other: 0.6 ms]
      [Choose CSet: 0.0 ms]
      [Ref Proc: 0.1 ms]
      [Ref Enq: 0.0 ms]
      [Redirty Cards: 0.2 ms]
      [Humongous Register: 0.0 ms]
      [Humongous Reclaim: 0.0 ms]
      [Free CSet: 0.1 ms]
   [Eden: 11.0M(299.0M)->0.0B(325.0M) Survivors: 43.0M->13.0M Heap: 1081.1M(2048.0M)->1085.1M(2048.0M)]
 [Times: user=0.50 sys=0.00, real=0.07 secs] 
2020-09-29T12:03:09.165+0200: 77.853: [GC concurrent-root-region-scan-start]
2020-09-29T12:03:09.167+0200: 77.855: [GC concurrent-root-region-scan-end, 0.0020258 secs]
2020-09-29T12:03:09.167+0200: 77.855: [GC concurrent-mark-start]
2020-09-29T12:03:09.170+0200: 77.857: [GC concurrent-mark-end, 0.0022542 secs]
2020-09-29T12:03:09.170+0200: 77.858: [GC remark 2020-09-29T12:03:09.170+0200: 77.858: [Finalize Marking, 0.0001398 secs] 2020-09-29T12:03:09.170+0200: 77.858: [GC ref-proc, 0.0002982 secs] 2020-09-29T12:03:09.170+0200: 77.858: [Unloading, 0.0004160 secs], 0.0011586 secs]
 [Times: user=0.00 sys=0.00, real=0.00 secs] 
2020-09-29T12:03:09.171+0200: 77.859: [GC cleanup 1095M->31M(2048M), 0.0012826 secs]
 [Times: user=0.00 sys=0.00, real=0.00 secs] 
2020-09-29T12:03:09.173+0200: 77.860: [GC concurrent-cleanup-start]
2020-09-29T12:03:09.174+0200: 77.862: [GC concurrent-cleanup-end, 0.0012896 secs]
2020-09-29T12:03:09.347+0200: 78.035: [GC pause (G1 Evacuation Pause) (young), 0.1860363 secs]
   [Parallel Time: 184.7 ms, GC Workers: 8]
      [GC Worker Start (ms): Min: 78034.9, Avg: 78035.0, Max: 78035.1, Diff: 0.2]
      [Ext Root Scanning (ms): Min: 0.0, Avg: 0.1, Max: 0.2, Diff: 0.2, Sum: 0.7]
      [Update RS (ms): Min: 18.5, Avg: 18.7, Max: 19.2, Diff: 0.7, Sum: 149.8]
         [Processed Buffers: Min: 19, Avg: 20.4, Max: 22, Diff: 3, Sum: 163]
      [Scan RS (ms): Min: 16.2, Avg: 18.9, Max: 33.5, Diff: 17.3, Sum: 150.8]
      [Code Root Scanning (ms): Min: 0.0, Avg: 0.0, Max: 0.0, Diff: 0.0, Sum: 0.0]
      [Object Copy (ms): Min: 132.1, Avg: 146.4, Max: 148.6, Diff: 16.5, Sum: 1171.6]
      [Termination (ms): Min: 0.0, Avg: 0.2, Max: 0.3, Diff: 0.3, Sum: 1.7]
         [Termination Attempts: Min: 1, Avg: 1502.4, Max: 1929, Diff: 1928, Sum: 12019]
      [GC Worker Other (ms): Min: 0.0, Avg: 0.0, Max: 0.1, Diff: 0.1, Sum: 0.4]
      [GC Worker Total (ms): Min: 184.3, Avg: 184.4, Max: 184.5, Diff: 0.2, Sum: 1475.0]
      [GC Worker End (ms): Min: 78219.4, Avg: 78219.4, Max: 78219.4, Diff: 0.1]
   [Code Root Fixup: 0.0 ms]
   [Code Root Purge: 0.0 ms]
   [Clear CT: 0.2 ms]
   [Other: 1.2 ms]
      [Choose CSet: 0.0 ms]
      [Ref Proc: 0.2 ms]
      [Ref Enq: 0.0 ms]
      [Redirty Cards: 0.3 ms]
      [Humongous Register: 0.0 ms]
      [Humongous Reclaim: 0.0 ms]
      [Free CSet: 0.3 ms]
   [Eden: 325.0M(325.0M)->0.0B(285.0M) Survivors: 13.0M->43.0M Heap: 400.8M(2048.0M)->389.8M(2048.0M)]
 [Times: user=1.41 sys=0.03, real=0.19 secs] 
2020-09-29T12:03:09.695+0200: 78.382: [GC pause (G1 Evacuation Pause) (young), 0.1905018 secs]
   [Parallel Time: 189.4 ms, GC Workers: 8]
      [GC Worker Start (ms): Min: 78382.1, Avg: 78382.2, Max: 78382.3, Diff: 0.2]
      [Ext Root Scanning (ms): Min: 0.0, Avg: 0.1, Max: 0.2, Diff: 0.2, Sum: 0.4]
      [Update RS (ms): Min: 16.8, Avg: 16.9, Max: 17.0, Diff: 0.2, Sum: 134.9]
         [Processed Buffers: Min: 19, Avg: 20.9, Max: 23, Diff: 4, Sum: 167]
      [Scan RS (ms): Min: 14.4, Avg: 14.5, Max: 14.7, Diff: 0.3, Sum: 116.3]
      [Code Root Scanning (ms): Min: 0.0, Avg: 0.0, Max: 0.0, Diff: 0.0, Sum: 0.0]
      [Object Copy (ms): Min: 156.8, Avg: 157.0, Max: 157.7, Diff: 0.9, Sum: 1256.1]
      [Termination (ms): Min: 0.0, Avg: 0.6, Max: 0.9, Diff: 0.9, Sum: 5.2]
         [Termination Attempts: Min: 1, Avg: 3811.6, Max: 4992, Diff: 4991, Sum: 30493]
      [GC Worker Other (ms): Min: 0.0, Avg: 0.0, Max: 0.1, Diff: 0.0, Sum: 0.3]
      [GC Worker Total (ms): Min: 189.1, Avg: 189.2, Max: 189.3, Diff: 0.2, Sum: 1513.2]
      [GC Worker End (ms): Min: 78571.3, Avg: 78571.4, Max: 78571.4, Diff: 0.0]
   [Code Root Fixup: 0.0 ms]
   [Code Root Purge: 0.0 ms]
   [Clear CT: 0.2 ms]
   [Other: 0.9 ms]
      [Choose CSet: 0.0 ms]
      [Ref Proc: 0.1 ms]
      [Ref Enq: 0.0 ms]
      [Redirty Cards: 0.2 ms]
      [Humongous Register: 0.0 ms]
      [Humongous Reclaim: 0.0 ms]
      [Free CSet: 0.3 ms]
   [Eden: 285.0M(285.0M)->0.0B(273.0M) Survivors: 43.0M->41.0M Heap: 722.5M(2048.0M)->724.5M(2048.0M)]
 [Times: user=1.41 sys=0.05, real=0.19 secs] 
2020-09-29T12:03:10.032+0200: 78.719: [GC pause (G1 Evacuation Pause) (young), 0.1701227 secs]
   [Parallel Time: 169.1 ms, GC Workers: 8]
      [GC Worker Start (ms): Min: 78719.5, Avg: 78719.6, Max: 78719.7, Diff: 0.2]
      [Ext Root Scanning (ms): Min: 0.0, Avg: 0.1, Max: 0.2, Diff: 0.2, Sum: 0.4]
      [Update RS (ms): Min: 24.3, Avg: 24.5, Max: 25.3, Diff: 1.0, Sum: 196.1]
         [Processed Buffers: Min: 21, Avg: 25.3, Max: 29, Diff: 8, Sum: 202]
      [Scan RS (ms): Min: 13.8, Avg: 14.7, Max: 14.9, Diff: 1.1, Sum: 117.2]
      [Code Root Scanning (ms): Min: 0.0, Avg: 0.0, Max: 0.0, Diff: 0.0, Sum: 0.0]
      [Object Copy (ms): Min: 129.5, Avg: 129.5, Max: 129.6, Diff: 0.1, Sum: 1036.1]
      [Termination (ms): Min: 0.0, Avg: 0.0, Max: 0.1, Diff: 0.1, Sum: 0.3]
         [Termination Attempts: Min: 1, Avg: 250.1, Max: 334, Diff: 333, Sum: 2001]
      [GC Worker Other (ms): Min: 0.0, Avg: 0.1, Max: 0.1, Diff: 0.1, Sum: 0.5]
      [GC Worker Total (ms): Min: 168.7, Avg: 168.8, Max: 169.0, Diff: 0.3, Sum: 1350.7]
      [GC Worker End (ms): Min: 78888.4, Avg: 78888.5, Max: 78888.5, Diff: 0.1]
   [Code Root Fixup: 0.0 ms]
   [Code Root Purge: 0.0 ms]
   [Clear CT: 0.2 ms]
   [Other: 0.8 ms]
      [Choose CSet: 0.0 ms]
      [Ref Proc: 0.2 ms]
      [Ref Enq: 0.0 ms]
      [Redirty Cards: 0.2 ms]
      [Humongous Register: 0.0 ms]
      [Humongous Reclaim: 0.0 ms]
      [Free CSet: 0.2 ms]
   [Eden: 273.0M(273.0M)->0.0B(277.0M) Survivors: 41.0M->40.0M Heap: 1043.3M(2048.0M)->1045.8M(2048.0M)]
 [Times: user=1.38 sys=0.00, real=0.17 secs] 
2020-09-29T12:03:10.213+0200: 78.901: [GC pause (G1 Humongous Allocation) (young) (initial-mark), 0.0614260 secs]
   [Parallel Time: 60.7 ms, GC Workers: 8]
      [GC Worker Start (ms): Min: 78900.7, Avg: 78900.8, Max: 78900.9, Diff: 0.2]
      [Ext Root Scanning (ms): Min: 0.0, Avg: 0.2, Max: 0.3, Diff: 0.3, Sum: 1.3]
      [Update RS (ms): Min: 33.7, Avg: 34.0, Max: 34.4, Diff: 0.7, Sum: 272.2]
         [Processed Buffers: Min: 35, Avg: 38.6, Max: 41, Diff: 6, Sum: 309]
      [Scan RS (ms): Min: 2.5, Avg: 2.9, Max: 3.2, Diff: 0.7, Sum: 23.1]
      [Code Root Scanning (ms): Min: 0.0, Avg: 0.0, Max: 0.0, Diff: 0.0, Sum: 0.0]
      [Object Copy (ms): Min: 22.7, Avg: 23.3, Max: 23.5, Diff: 0.8, Sum: 186.8]
      [Termination (ms): Min: 0.0, Avg: 0.0, Max: 0.1, Diff: 0.1, Sum: 0.3]
         [Termination Attempts: Min: 1, Avg: 249.3, Max: 345, Diff: 344, Sum: 1994]
      [GC Worker Other (ms): Min: 0.0, Avg: 0.0, Max: 0.0, Diff: 0.0, Sum: 0.1]
      [GC Worker Total (ms): Min: 60.4, Avg: 60.5, Max: 60.5, Diff: 0.2, Sum: 483.8]
      [GC Worker End (ms): Min: 78961.3, Avg: 78961.3, Max: 78961.3, Diff: 0.0]
   [Code Root Fixup: 0.0 ms]
   [Code Root Purge: 0.0 ms]
   [Clear CT: 0.2 ms]
   [Other: 0.6 ms]
      [Choose CSet: 0.0 ms]
      [Ref Proc: 0.1 ms]
      [Ref Enq: 0.0 ms]
      [Redirty Cards: 0.1 ms]
      [Humongous Register: 0.0 ms]
      [Humongous Reclaim: 0.0 ms]
      [Free CSet: 0.1 ms]
   [Eden: 10.0M(277.0M)->0.0B(307.0M) Survivors: 40.0M->11.0M Heap: 1055.8M(2048.0M)->1058.3M(2048.0M)]
 [Times: user=0.49 sys=0.00, real=0.06 secs] 
2020-09-29T12:03:10.275+0200: 78.962: [GC concurrent-root-region-scan-start]
2020-09-29T12:03:10.277+0200: 78.964: [GC concurrent-root-region-scan-end, 0.0023977 secs]
2020-09-29T12:03:10.277+0200: 78.964: [GC concurrent-mark-start]
2020-09-29T12:03:10.279+0200: 78.967: [GC concurrent-mark-end, 0.0020838 secs]
2020-09-29T12:03:10.279+0200: 78.967: [GC remark 2020-09-29T12:03:10.279+0200: 78.967: [Finalize Marking, 0.0001892 secs] 2020-09-29T12:03:10.280+0200: 78.967: [GC ref-proc, 0.0002549 secs] 2020-09-29T12:03:10.280+0200: 78.967: [Unloading, 0.0004039 secs], 0.0011729 secs]
 [Times: user=0.00 sys=0.00, real=0.00 secs] 
2020-09-29T12:03:10.281+0200: 78.968: [GC cleanup 1070M->30M(2048M), 0.0010698 secs]
 [Times: user=0.00 sys=0.00, real=0.00 secs] 
2020-09-29T12:03:10.282+0200: 78.969: [GC concurrent-cleanup-start]
2020-09-29T12:03:10.283+0200: 78.971: [GC concurrent-cleanup-end, 0.0012701 secs]
2020-09-29T12:03:10.436+0200: 79.123: [GC pause (G1 Evacuation Pause) (young), 0.1826593 secs]
   [Parallel Time: 181.3 ms, GC Workers: 8]
      [GC Worker Start (ms): Min: 79123.2, Avg: 79123.3, Max: 79123.4, Diff: 0.2]
      [Ext Root Scanning (ms): Min: 0.0, Avg: 0.1, Max: 0.2, Diff: 0.2, Sum: 0.5]
      [Update RS (ms): Min: 20.8, Avg: 21.1, Max: 21.8, Diff: 1.0, Sum: 169.0]
         [Processed Buffers: Min: 17, Avg: 20.5, Max: 24, Diff: 7, Sum: 164]
      [Scan RS (ms): Min: 15.5, Avg: 16.2, Max: 16.8, Diff: 1.2, Sum: 130.0]
      [Code Root Scanning (ms): Min: 0.0, Avg: 0.0, Max: 0.0, Diff: 0.0, Sum: 0.0]
      [Object Copy (ms): Min: 143.3, Avg: 143.5, Max: 143.6, Diff: 0.3, Sum: 1148.3]
      [Termination (ms): Min: 0.0, Avg: 0.1, Max: 0.1, Diff: 0.1, Sum: 0.7]
         [Termination Attempts: Min: 1, Avg: 306.6, Max: 452, Diff: 451, Sum: 2453]
      [GC Worker Other (ms): Min: 0.0, Avg: 0.0, Max: 0.0, Diff: 0.0, Sum: 0.2]
      [GC Worker Total (ms): Min: 181.0, Avg: 181.1, Max: 181.2, Diff: 0.2, Sum: 1448.7]
      [GC Worker End (ms): Min: 79304.4, Avg: 79304.4, Max: 79304.4, Diff: 0.0]
   [Code Root Fixup: 0.0 ms]
   [Code Root Purge: 0.0 ms]
   [Clear CT: 0.2 ms]
   [Other: 1.2 ms]
      [Choose CSet: 0.0 ms]
      [Ref Proc: 0.2 ms]
      [Ref Enq: 0.0 ms]
      [Redirty Cards: 0.3 ms]
      [Humongous Register: 0.0 ms]
      [Humongous Reclaim: 0.0 ms]
      [Free CSet: 0.3 ms]
   [Eden: 307.0M(307.0M)->0.0B(274.0M) Survivors: 11.0M->40.0M Heap: 377.5M(2048.0M)->368.5M(2048.0M)]
 [Times: user=1.42 sys=0.00, real=0.18 secs] 
2020-09-29T12:03:10.798+0200: 79.486: [GC pause (G1 Evacuation Pause) (young), 0.1728541 secs]
   [Parallel Time: 171.6 ms, GC Workers: 8]
      [GC Worker Start (ms): Min: 79486.0, Avg: 79486.0, Max: 79486.1, Diff: 0.2]
      [Ext Root Scanning (ms): Min: 0.0, Avg: 0.1, Max: 0.1, Diff: 0.1, Sum: 0.7]
      [Update RS (ms): Min: 14.9, Avg: 15.1, Max: 15.4, Diff: 0.5, Sum: 120.8]
         [Processed Buffers: Min: 14, Avg: 15.9, Max: 18, Diff: 4, Sum: 127]
      [Scan RS (ms): Min: 15.6, Avg: 16.0, Max: 16.3, Diff: 0.6, Sum: 127.8]
      [Code Root Scanning (ms): Min: 0.0, Avg: 0.0, Max: 0.0, Diff: 0.0, Sum: 0.0]
      [Object Copy (ms): Min: 139.6, Avg: 140.0, Max: 140.1, Diff: 0.5, Sum: 1120.0]
      [Termination (ms): Min: 0.0, Avg: 0.2, Max: 0.5, Diff: 0.5, Sum: 1.7]
         [Termination Attempts: Min: 1, Avg: 1104.9, Max: 1534, Diff: 1533, Sum: 8839]
      [GC Worker Other (ms): Min: 0.0, Avg: 0.0, Max: 0.1, Diff: 0.1, Sum: 0.3]
      [GC Worker Total (ms): Min: 171.3, Avg: 171.4, Max: 171.5, Diff: 0.1, Sum: 1371.3]
      [GC Worker End (ms): Min: 79657.4, Avg: 79657.5, Max: 79657.5, Diff: 0.1]
   [Code Root Fixup: 0.0 ms]
   [Code Root Purge: 0.0 ms]
   [Clear CT: 0.2 ms]
   [Other: 1.1 ms]
      [Choose CSet: 0.0 ms]
      [Ref Proc: 0.2 ms]
      [Ref Enq: 0.0 ms]
      [Redirty Cards: 0.3 ms]
      [Humongous Register: 0.0 ms]
      [Humongous Reclaim: 0.0 ms]
      [Free CSet: 0.3 ms]
   [Eden: 274.0M(274.0M)->0.0B(273.0M) Survivors: 40.0M->40.0M Heap: 688.3M(2048.0M)->690.8M(2048.0M)]
 [Times: user=1.30 sys=0.00, real=0.17 secs] 
2020-09-29T12:03:11.118+0200: 79.806: [GC pause (G1 Evacuation Pause) (young), 0.1677544 secs]
   [Parallel Time: 166.6 ms, GC Workers: 8]
      [GC Worker Start (ms): Min: 79805.9, Avg: 79805.9, Max: 79806.0, Diff: 0.1]
      [Ext Root Scanning (ms): Min: 0.0, Avg: 0.1, Max: 0.1, Diff: 0.1, Sum: 0.7]
      [Update RS (ms): Min: 17.1, Avg: 17.3, Max: 17.6, Diff: 0.5, Sum: 138.1]
         [Processed Buffers: Min: 18, Avg: 18.6, Max: 19, Diff: 1, Sum: 149]
      [Scan RS (ms): Min: 15.1, Avg: 15.3, Max: 15.7, Diff: 0.7, Sum: 122.8]
      [Code Root Scanning (ms): Min: 0.0, Avg: 0.0, Max: 0.0, Diff: 0.0, Sum: 0.0]
      [Object Copy (ms): Min: 133.4, Avg: 133.6, Max: 133.8, Diff: 0.4, Sum: 1068.9]
      [Termination (ms): Min: 0.1, Avg: 0.1, Max: 0.1, Diff: 0.1, Sum: 0.8]
         [Termination Attempts: Min: 1, Avg: 418.4, Max: 551, Diff: 550, Sum: 3347]
      [GC Worker Other (ms): Min: 0.0, Avg: 0.0, Max: 0.0, Diff: 0.0, Sum: 0.1]
      [GC Worker Total (ms): Min: 166.4, Avg: 166.4, Max: 166.5, Diff: 0.1, Sum: 1331.3]
      [GC Worker End (ms): Min: 79972.3, Avg: 79972.3, Max: 79972.3, Diff: 0.0]
   [Code Root Fixup: 0.0 ms]
   [Code Root Purge: 0.0 ms]
   [Clear CT: 0.2 ms]
   [Other: 1.0 ms]
      [Choose CSet: 0.0 ms]
      [Ref Proc: 0.2 ms]
      [Ref Enq: 0.0 ms]
      [Redirty Cards: 0.3 ms]
      [Humongous Register: 0.1 ms]
      [Humongous Reclaim: 0.0 ms]
      [Free CSet: 0.3 ms]
   [Eden: 273.0M(273.0M)->0.0B(279.0M) Survivors: 40.0M->40.0M Heap: 1009.6M(2048.0M)->1012.1M(2048.0M)]
 [Times: user=1.25 sys=0.00, real=0.17 secs] 
2020-09-29T12:03:11.288+0200: 79.976: [GC pause (G1 Humongous Allocation) (young) (initial-mark), 0.0768280 secs]
   [Parallel Time: 76.0 ms, GC Workers: 8]
      [GC Worker Start (ms): Min: 79976.0, Avg: 79976.1, Max: 79976.2, Diff: 0.1]
      [Ext Root Scanning (ms): Min: 0.0, Avg: 0.1, Max: 0.2, Diff: 0.2, Sum: 1.0]
      [Update RS (ms): Min: 43.2, Avg: 43.5, Max: 44.4, Diff: 1.3, Sum: 348.3]
         [Processed Buffers: Min: 48, Avg: 50.9, Max: 53, Diff: 5, Sum: 407]
      [Scan RS (ms): Min: 0.0, Avg: 0.2, Max: 0.4, Diff: 0.4, Sum: 1.5]
      [Code Root Scanning (ms): Min: 0.0, Avg: 0.0, Max: 0.0, Diff: 0.0, Sum: 0.0]
      [Object Copy (ms): Min: 31.1, Avg: 31.8, Max: 32.0, Diff: 0.9, Sum: 254.7]
      [Termination (ms): Min: 0.0, Avg: 0.1, Max: 0.1, Diff: 0.1, Sum: 0.7]
         [Termination Attempts: Min: 1, Avg: 653.1, Max: 882, Diff: 881, Sum: 5225]
      [GC Worker Other (ms): Min: 0.0, Avg: 0.0, Max: 0.0, Diff: 0.0, Sum: 0.1]
      [GC Worker Total (ms): Min: 75.7, Avg: 75.8, Max: 75.8, Diff: 0.1, Sum: 606.4]
      [GC Worker End (ms): Min: 80051.9, Avg: 80051.9, Max: 80051.9, Diff: 0.0]
   [Code Root Fixup: 0.0 ms]
   [Code Root Purge: 0.0 ms]
   [Clear CT: 0.2 ms]
   [Other: 0.6 ms]
      [Choose CSet: 0.0 ms]
      [Ref Proc: 0.1 ms]
      [Ref Enq: 0.0 ms]
      [Redirty Cards: 0.2 ms]
      [Humongous Register: 0.0 ms]
      [Humongous Reclaim: 0.0 ms]
      [Free CSet: 0.1 ms]
   [Eden: 5120.0K(279.0M)->0.0B(244.0M) Survivors: 40.0M->6144.0K Heap: 1016.6M(2048.0M)->1019.6M(2048.0M)]
 [Times: user=0.59 sys=0.01, real=0.08 secs] 
2020-09-29T12:03:11.365+0200: 80.053: [GC concurrent-root-region-scan-start]
2020-09-29T12:03:11.366+0200: 80.054: [GC concurrent-root-region-scan-end, 0.0013571 secs]
2020-09-29T12:03:11.366+0200: 80.054: [GC concurrent-mark-start]
2020-09-29T12:03:11.370+0200: 80.057: [GC concurrent-mark-end, 0.0032314 secs]
2020-09-29T12:03:11.370+0200: 80.058: [GC remark 2020-09-29T12:03:11.370+0200: 80.058: [Finalize Marking, 0.0002415 secs] 2020-09-29T12:03:11.370+0200: 80.058: [GC ref-proc, 0.0003932 secs] 2020-09-29T12:03:11.371+0200: 80.058: [Unloading, 0.0004288 secs], 0.0015598 secs]
 [Times: user=0.00 sys=0.00, real=0.00 secs] 
2020-09-29T12:03:11.372+0200: 80.060: [GC cleanup 1030M->24M(2048M), 0.0018356 secs]
 [Times: user=0.00 sys=0.00, real=0.00 secs] 
2020-09-29T12:03:11.374+0200: 80.062: [GC concurrent-cleanup-start]
2020-09-29T12:03:11.375+0200: 80.063: [GC concurrent-cleanup-end, 0.0012597 secs]
2020-09-29T12:03:11.503+0200: 80.191: [GC pause (G1 Evacuation Pause) (young), 0.1419588 secs]
   [Parallel Time: 140.8 ms, GC Workers: 8]
      [GC Worker Start (ms): Min: 80191.4, Avg: 80191.4, Max: 80191.5, Diff: 0.2]
      [Ext Root Scanning (ms): Min: 0.0, Avg: 0.1, Max: 0.2, Diff: 0.2, Sum: 0.7]
      [Update RS (ms): Min: 20.9, Avg: 20.9, Max: 21.0, Diff: 0.1, Sum: 167.5]
         [Processed Buffers: Min: 16, Avg: 18.4, Max: 22, Diff: 6, Sum: 147]
      [Scan RS (ms): Min: 16.8, Avg: 16.9, Max: 17.1, Diff: 0.3, Sum: 135.2]
      [Code Root Scanning (ms): Min: 0.0, Avg: 0.0, Max: 0.0, Diff: 0.0, Sum: 0.0]
      [Object Copy (ms): Min: 102.4, Avg: 102.6, Max: 102.8, Diff: 0.3, Sum: 821.0]
      [Termination (ms): Min: 0.0, Avg: 0.0, Max: 0.1, Diff: 0.1, Sum: 0.3]
         [Termination Attempts: Min: 1, Avg: 286.0, Max: 429, Diff: 428, Sum: 2288]
      [GC Worker Other (ms): Min: 0.0, Avg: 0.0, Max: 0.1, Diff: 0.0, Sum: 0.3]
      [GC Worker Total (ms): Min: 140.5, Avg: 140.6, Max: 140.7, Diff: 0.2, Sum: 1125.1]
      [GC Worker End (ms): Min: 80332.1, Avg: 80332.1, Max: 80332.1, Diff: 0.0]
   [Code Root Fixup: 0.0 ms]
   [Code Root Purge: 0.0 ms]
   [Clear CT: 0.2 ms]
   [Other: 1.0 ms]
      [Choose CSet: 0.0 ms]
      [Ref Proc: 0.3 ms]
      [Ref Enq: 0.0 ms]
      [Redirty Cards: 0.2 ms]
      [Humongous Register: 0.0 ms]
      [Humongous Reclaim: 0.0 ms]
      [Free CSet: 0.2 ms]
   [Eden: 244.0M(244.0M)->0.0B(228.0M) Survivors: 6144.0K->32.0M Heap: 300.0M(2048.0M)->295.0M(2048.0M)]
 [Times: user=1.05 sys=0.03, real=0.14 secs] 
2020-09-29T12:03:11.766+0200: 80.453: [GC pause (G1 Evacuation Pause) (young), 0.1380691 secs]
   [Parallel Time: 137.1 ms, GC Workers: 8]
      [GC Worker Start (ms): Min: 80453.5, Avg: 80453.6, Max: 80453.6, Diff: 0.1]
      [Ext Root Scanning (ms): Min: 0.0, Avg: 0.1, Max: 0.1, Diff: 0.1, Sum: 0.7]
      [Update RS (ms): Min: 15.0, Avg: 15.1, Max: 15.5, Diff: 0.5, Sum: 120.9]
         [Processed Buffers: Min: 13, Avg: 16.5, Max: 19, Diff: 6, Sum: 132]
      [Scan RS (ms): Min: 12.3, Avg: 12.7, Max: 13.0, Diff: 0.7, Sum: 102.0]
      [Code Root Scanning (ms): Min: 0.0, Avg: 0.0, Max: 0.0, Diff: 0.0, Sum: 0.0]
      [Object Copy (ms): Min: 108.7, Avg: 108.9, Max: 109.0, Diff: 0.3, Sum: 871.3]
      [Termination (ms): Min: 0.0, Avg: 0.0, Max: 0.0, Diff: 0.0, Sum: 0.2]
         [Termination Attempts: Min: 1, Avg: 195.1, Max: 273, Diff: 272, Sum: 1561]
      [GC Worker Other (ms): Min: 0.0, Avg: 0.0, Max: 0.1, Diff: 0.1, Sum: 0.3]
      [GC Worker Total (ms): Min: 136.9, Avg: 136.9, Max: 137.0, Diff: 0.1, Sum: 1095.5]
      [GC Worker End (ms): Min: 80590.5, Avg: 80590.5, Max: 80590.6, Diff: 0.1]
   [Code Root Fixup: 0.0 ms]
   [Code Root Purge: 0.0 ms]
   [Clear CT: 0.2 ms]
   [Other: 0.8 ms]
      [Choose CSet: 0.0 ms]
      [Ref Proc: 0.2 ms]
      [Ref Enq: 0.0 ms]
      [Redirty Cards: 0.2 ms]
      [Humongous Register: 0.0 ms]
      [Humongous Reclaim: 0.0 ms]
      [Free CSet: 0.2 ms]
   [Eden: 228.0M(228.0M)->0.0B(246.0M) Survivors: 32.0M->33.0M Heap: 561.1M(2048.0M)->563.1M(2048.0M)]
 [Times: user=1.13 sys=0.00, real=0.14 secs] 
2020-09-29T12:03:12.053+0200: 80.741: [GC pause (G1 Evacuation Pause) (young), 0.1554755 secs]
   [Parallel Time: 154.4 ms, GC Workers: 8]
      [GC Worker Start (ms): Min: 80741.4, Avg: 80741.5, Max: 80741.6, Diff: 0.2]
      [Ext Root Scanning (ms): Min: 0.0, Avg: 0.1, Max: 0.2, Diff: 0.2, Sum: 0.7]
      [Update RS (ms): Min: 21.6, Avg: 21.9, Max: 22.3, Diff: 0.7, Sum: 174.8]
         [Processed Buffers: Min: 18, Avg: 21.6, Max: 24, Diff: 6, Sum: 173]
      [Scan RS (ms): Min: 12.9, Avg: 13.4, Max: 13.7, Diff: 0.8, Sum: 107.1]
      [Code Root Scanning (ms): Min: 0.0, Avg: 0.0, Max: 0.0, Diff: 0.0, Sum: 0.0]
      [Object Copy (ms): Min: 118.6, Avg: 118.8, Max: 118.8, Diff: 0.3, Sum: 950.2]
      [Termination (ms): Min: 0.0, Avg: 0.1, Max: 0.1, Diff: 0.1, Sum: 0.4]
         [Termination Attempts: Min: 1, Avg: 382.5, Max: 477, Diff: 476, Sum: 3060]
      [GC Worker Other (ms): Min: 0.0, Avg: 0.0, Max: 0.1, Diff: 0.0, Sum: 0.2]
      [GC Worker Total (ms): Min: 154.1, Avg: 154.2, Max: 154.3, Diff: 0.2, Sum: 1233.4]
      [GC Worker End (ms): Min: 80895.7, Avg: 80895.7, Max: 80895.7, Diff: 0.0]
   [Code Root Fixup: 0.0 ms]
   [Code Root Purge: 0.0 ms]
   [Clear CT: 0.2 ms]
   [Other: 0.9 ms]
      [Choose CSet: 0.0 ms]
      [Ref Proc: 0.1 ms]
      [Ref Enq: 0.0 ms]
      [Redirty Cards: 0.2 ms]
      [Humongous Register: 0.0 ms]
      [Humongous Reclaim: 0.0 ms]
      [Free CSet: 0.3 ms]
   [Eden: 246.0M(246.0M)->0.0B(257.0M) Survivors: 33.0M->35.0M Heap: 849.2M(2048.0M)->850.7M(2048.0M)]
 [Times: user=1.16 sys=0.00, real=0.16 secs] 
2020-09-29T12:03:12.366+0200: 81.054: [GC pause (G1 Evacuation Pause) (young), 0.1554930 secs]
   [Parallel Time: 154.3 ms, GC Workers: 8]
      [GC Worker Start (ms): Min: 81053.8, Avg: 81053.9, Max: 81054.0, Diff: 0.2]
      [Ext Root Scanning (ms): Min: 0.0, Avg: 0.1, Max: 0.2, Diff: 0.2, Sum: 0.6]
      [Update RS (ms): Min: 14.4, Avg: 14.6, Max: 15.1, Diff: 0.7, Sum: 117.1]
         [Processed Buffers: Min: 14, Avg: 16.8, Max: 18, Diff: 4, Sum: 134]
      [Scan RS (ms): Min: 13.8, Avg: 14.8, Max: 17.7, Diff: 3.8, Sum: 118.4]
      [Code Root Scanning (ms): Min: 0.0, Avg: 0.0, Max: 0.0, Diff: 0.0, Sum: 0.0]
      [Object Copy (ms): Min: 121.9, Avg: 124.4, Max: 124.9, Diff: 3.0, Sum: 995.3]
      [Termination (ms): Min: 0.0, Avg: 0.1, Max: 0.2, Diff: 0.2, Sum: 1.1]
         [Termination Attempts: Min: 1, Avg: 977.8, Max: 1404, Diff: 1403, Sum: 7822]
      [GC Worker Other (ms): Min: 0.0, Avg: 0.0, Max: 0.1, Diff: 0.1, Sum: 0.3]
      [GC Worker Total (ms): Min: 154.0, Avg: 154.1, Max: 154.2, Diff: 0.2, Sum: 1232.9]
      [GC Worker End (ms): Min: 81208.0, Avg: 81208.1, Max: 81208.1, Diff: 0.1]
   [Code Root Fixup: 0.0 ms]
   [Code Root Purge: 0.0 ms]
   [Clear CT: 0.2 ms]
   [Other: 1.0 ms]
      [Choose CSet: 0.0 ms]
      [Ref Proc: 0.2 ms]
      [Ref Enq: 0.0 ms]
      [Redirty Cards: 0.3 ms]
      [Humongous Register: 0.0 ms]
      [Humongous Reclaim: 0.0 ms]
      [Free CSet: 0.3 ms]
   [Eden: 257.0M(257.0M)->0.0B(268.0M) Survivors: 35.0M->37.0M Heap: 1151.5M(2048.0M)->1153.5M(2048.0M)]
 [Times: user=1.22 sys=0.00, real=0.16 secs] 
2020-09-29T12:03:12.532+0200: 81.219: [GC pause (G1 Humongous Allocation) (young) (initial-mark), 0.0514720 secs]
   [Parallel Time: 50.4 ms, GC Workers: 8]
      [GC Worker Start (ms): Min: 81219.6, Avg: 81219.7, Max: 81219.7, Diff: 0.1]
      [Ext Root Scanning (ms): Min: 0.0, Avg: 0.1, Max: 0.1, Diff: 0.1, Sum: 0.8]
      [Update RS (ms): Min: 29.7, Avg: 29.9, Max: 30.3, Diff: 0.6, Sum: 239.1]
         [Processed Buffers: Min: 33, Avg: 35.8, Max: 38, Diff: 5, Sum: 286]
      [Scan RS (ms): Min: 1.9, Avg: 2.4, Max: 2.6, Diff: 0.6, Sum: 19.1]
      [Code Root Scanning (ms): Min: 0.0, Avg: 0.0, Max: 0.0, Diff: 0.0, Sum: 0.0]
      [Object Copy (ms): Min: 17.7, Avg: 17.8, Max: 17.8, Diff: 0.1, Sum: 142.1]
      [Termination (ms): Min: 0.0, Avg: 0.0, Max: 0.0, Diff: 0.0, Sum: 0.1]
         [Termination Attempts: Min: 1, Avg: 39.9, Max: 55, Diff: 54, Sum: 319]
      [GC Worker Other (ms): Min: 0.0, Avg: 0.0, Max: 0.0, Diff: 0.0, Sum: 0.1]
      [GC Worker Total (ms): Min: 50.1, Avg: 50.2, Max: 50.2, Diff: 0.1, Sum: 401.3]
      [GC Worker End (ms): Min: 81269.8, Avg: 81269.8, Max: 81269.9, Diff: 0.0]
   [Code Root Fixup: 0.0 ms]
   [Code Root Purge: 0.0 ms]
   [Clear CT: 0.2 ms]
   [Other: 0.9 ms]
      [Choose CSet: 0.0 ms]
      [Ref Proc: 0.2 ms]
      [Ref Enq: 0.0 ms]
      [Redirty Cards: 0.3 ms]
      [Humongous Register: 0.1 ms]
      [Humongous Reclaim: 0.0 ms]
      [Free CSet: 0.1 ms]
   [Eden: 10.0M(268.0M)->0.0B(316.0M) Survivors: 37.0M->11.0M Heap: 1163.0M(2048.0M)->1166.5M(2048.0M)]
 [Times: user=0.39 sys=0.02, real=0.05 secs] 
2020-09-29T12:03:12.584+0200: 81.271: [GC concurrent-root-region-scan-start]
2020-09-29T12:03:12.590+0200: 81.278: [GC concurrent-root-region-scan-end, 0.0065321 secs]
2020-09-29T12:03:12.590+0200: 81.278: [GC concurrent-mark-start]
2020-09-29T12:03:12.595+0200: 81.283: [GC concurrent-mark-end, 0.0052033 secs]
2020-09-29T12:03:12.596+0200: 81.284: [GC remark 2020-09-29T12:03:12.596+0200: 81.284: [Finalize Marking, 0.0003876 secs] 2020-09-29T12:03:12.597+0200: 81.284: [GC ref-proc, 0.0005573 secs] 2020-09-29T12:03:12.597+0200: 81.285: [Unloading, 0.0009858 secs], 0.0026031 secs]
 [Times: user=0.09 sys=0.00, real=0.00 secs] 
2020-09-29T12:03:12.600+0200: 81.287: [GC cleanup 1179M->31M(2048M), 0.0025682 secs]
 [Times: user=0.00 sys=0.00, real=0.00 secs] 
2020-09-29T12:03:12.602+0200: 81.290: [GC concurrent-cleanup-start]
2020-09-29T12:03:12.606+0200: 81.293: [GC concurrent-cleanup-end, 0.0034101 secs]
2020-09-29T12:03:12.903+0200: 81.591: [GC pause (G1 Evacuation Pause) (young), 0.3557585 secs]
   [Parallel Time: 353.7 ms, GC Workers: 8]
      [GC Worker Start (ms): Min: 81590.7, Avg: 81590.9, Max: 81591.0, Diff: 0.3]
      [Ext Root Scanning (ms): Min: 0.0, Avg: 0.1, Max: 0.3, Diff: 0.3, Sum: 0.9]
      [Update RS (ms): Min: 29.1, Avg: 29.2, Max: 29.5, Diff: 0.4, Sum: 233.7]
         [Processed Buffers: Min: 13, Avg: 16.4, Max: 20, Diff: 7, Sum: 131]
      [Scan RS (ms): Min: 32.6, Avg: 32.9, Max: 33.1, Diff: 0.5, Sum: 262.9]
      [Code Root Scanning (ms): Min: 0.0, Avg: 0.0, Max: 0.0, Diff: 0.0, Sum: 0.1]
      [Object Copy (ms): Min: 290.3, Avg: 290.5, Max: 291.2, Diff: 0.9, Sum: 2324.2]
      [Termination (ms): Min: 0.0, Avg: 0.6, Max: 0.8, Diff: 0.8, Sum: 5.1]
         [Termination Attempts: Min: 1, Avg: 2168.6, Max: 2709, Diff: 2708, Sum: 17349]
      [GC Worker Other (ms): Min: 0.0, Avg: 0.0, Max: 0.1, Diff: 0.1, Sum: 0.4]
      [GC Worker Total (ms): Min: 353.3, Avg: 353.4, Max: 353.6, Diff: 0.3, Sum: 2827.2]
      [GC Worker End (ms): Min: 81944.3, Avg: 81944.3, Max: 81944.3, Diff: 0.1]
   [Code Root Fixup: 0.0 ms]
   [Code Root Purge: 0.0 ms]
   [Clear CT: 0.3 ms]
   [Other: 1.7 ms]
      [Choose CSet: 0.0 ms]
      [Ref Proc: 0.3 ms]
      [Ref Enq: 0.0 ms]
      [Redirty Cards: 0.5 ms]
      [Humongous Register: 0.1 ms]
      [Humongous Reclaim: 0.0 ms]
      [Free CSet: 0.5 ms]
   [Eden: 302.0M(302.0M)->0.0B(153.0M) Survivors: 11.0M->40.0M Heap: 372.5M(2048.0M)->363.5M(2048.0M)]
 [Times: user=2.86 sys=0.00, real=0.36 secs] 
2020-09-29T12:03:13.465+0200: 82.153: [GC pause (G1 Evacuation Pause) (young), 0.2276839 secs]
   [Parallel Time: 225.8 ms, GC Workers: 8]
      [GC Worker Start (ms): Min: 82153.5, Avg: 82153.6, Max: 82153.8, Diff: 0.3]
      [Ext Root Scanning (ms): Min: 0.0, Avg: 0.1, Max: 0.3, Diff: 0.3, Sum: 1.2]
      [Update RS (ms): Min: 32.3, Avg: 32.8, Max: 33.3, Diff: 1.0, Sum: 262.8]
         [Processed Buffers: Min: 8, Avg: 15.9, Max: 19, Diff: 11, Sum: 127]
      [Scan RS (ms): Min: 13.9, Avg: 14.4, Max: 14.9, Diff: 1.0, Sum: 115.6]
      [Code Root Scanning (ms): Min: 0.0, Avg: 0.0, Max: 0.0, Diff: 0.0, Sum: 0.0]
      [Object Copy (ms): Min: 177.7, Avg: 177.8, Max: 177.9, Diff: 0.2, Sum: 1422.5]
      [Termination (ms): Min: 0.0, Avg: 0.1, Max: 0.1, Diff: 0.1, Sum: 0.7]
         [Termination Attempts: Min: 1, Avg: 259.6, Max: 339, Diff: 338, Sum: 2077]
      [GC Worker Other (ms): Min: 0.0, Avg: 0.0, Max: 0.1, Diff: 0.0, Sum: 0.4]
      [GC Worker Total (ms): Min: 225.2, Avg: 225.4, Max: 225.5, Diff: 0.3, Sum: 1803.1]
      [GC Worker End (ms): Min: 82379.0, Avg: 82379.0, Max: 82379.0, Diff: 0.0]
   [Code Root Fixup: 0.0 ms]
   [Code Root Purge: 0.0 ms]
   [Clear CT: 0.4 ms]
   [Other: 1.4 ms]
      [Choose CSet: 0.0 ms]
      [Ref Proc: 0.3 ms]
      [Ref Enq: 0.0 ms]
      [Redirty Cards: 0.4 ms]
      [Humongous Register: 0.1 ms]
      [Humongous Reclaim: 0.0 ms]
      [Free CSet: 0.3 ms]
   [Eden: 153.0M(153.0M)->0.0B(131.0M) Survivors: 40.0M->25.0M Heap: 541.3M(2048.0M)->542.8M(2048.0M)]
 [Times: user=1.75 sys=0.00, real=0.23 secs] 
2020-09-29T12:03:13.840+0200: 82.528: [GC pause (G1 Evacuation Pause) (young), 0.1786668 secs]
   [Parallel Time: 177.0 ms, GC Workers: 8]
      [GC Worker Start (ms): Min: 82527.8, Avg: 82527.9, Max: 82528.0, Diff: 0.2]
      [Ext Root Scanning (ms): Min: 0.0, Avg: 0.1, Max: 0.3, Diff: 0.2, Sum: 1.1]
      [Update RS (ms): Min: 29.2, Avg: 29.3, Max: 29.6, Diff: 0.4, Sum: 234.7]
         [Processed Buffers: Min: 13, Avg: 16.3, Max: 19, Diff: 6, Sum: 130]
      [Scan RS (ms): Min: 10.9, Avg: 11.1, Max: 11.2, Diff: 0.3, Sum: 88.5]
      [Code Root Scanning (ms): Min: 0.0, Avg: 0.0, Max: 0.0, Diff: 0.0, Sum: 0.0]
      [Object Copy (ms): Min: 135.9, Avg: 136.1, Max: 136.2, Diff: 0.3, Sum: 1088.7]
      [Termination (ms): Min: 0.0, Avg: 0.0, Max: 0.1, Diff: 0.1, Sum: 0.4]
         [Termination Attempts: Min: 1, Avg: 95.4, Max: 139, Diff: 138, Sum: 763]
      [GC Worker Other (ms): Min: 0.0, Avg: 0.0, Max: 0.1, Diff: 0.0, Sum: 0.3]
      [GC Worker Total (ms): Min: 176.6, Avg: 176.7, Max: 176.8, Diff: 0.2, Sum: 1413.6]
      [GC Worker End (ms): Min: 82704.6, Avg: 82704.6, Max: 82704.6, Diff: 0.0]
   [Code Root Fixup: 0.0 ms]
   [Code Root Purge: 0.0 ms]
   [Clear CT: 0.3 ms]
   [Other: 1.3 ms]
      [Choose CSet: 0.0 ms]
      [Ref Proc: 0.3 ms]
      [Ref Enq: 0.0 ms]
      [Redirty Cards: 0.3 ms]
      [Humongous Register: 0.1 ms]
      [Humongous Reclaim: 0.0 ms]
      [Free CSet: 0.3 ms]
   [Eden: 131.0M(131.0M)->0.0B(128.0M) Survivors: 25.0M->20.0M Heap: 696.7M(2048.0M)->698.2M(2048.0M)]
 [Times: user=1.27 sys=0.00, real=0.18 secs] 
2020-09-29T12:03:14.153+0200: 82.841: [GC pause (G1 Evacuation Pause) (young), 0.1658750 secs]
   [Parallel Time: 164.0 ms, GC Workers: 8]
      [GC Worker Start (ms): Min: 82841.4, Avg: 82841.5, Max: 82841.6, Diff: 0.2]
      [Ext Root Scanning (ms): Min: 0.0, Avg: 0.1, Max: 0.3, Diff: 0.2, Sum: 1.1]
      [Update RS (ms): Min: 20.0, Avg: 20.4, Max: 21.7, Diff: 1.6, Sum: 163.0]
         [Processed Buffers: Min: 10, Avg: 12.0, Max: 15, Diff: 5, Sum: 96]
      [Scan RS (ms): Min: 11.5, Avg: 12.7, Max: 13.2, Diff: 1.7, Sum: 101.9]
      [Code Root Scanning (ms): Min: 0.0, Avg: 0.0, Max: 0.0, Diff: 0.0, Sum: 0.0]
      [Object Copy (ms): Min: 130.0, Avg: 130.1, Max: 130.3, Diff: 0.3, Sum: 1041.1]
      [Termination (ms): Min: 0.0, Avg: 0.2, Max: 0.2, Diff: 0.2, Sum: 1.5]
         [Termination Attempts: Min: 1, Avg: 573.5, Max: 727, Diff: 726, Sum: 4588]
      [GC Worker Other (ms): Min: 0.0, Avg: 0.0, Max: 0.1, Diff: 0.0, Sum: 0.2]
      [GC Worker Total (ms): Min: 163.5, Avg: 163.6, Max: 163.7, Diff: 0.2, Sum: 1308.8]
      [GC Worker End (ms): Min: 83005.1, Avg: 83005.1, Max: 83005.1, Diff: 0.0]
   [Code Root Fixup: 0.0 ms]
   [Code Root Purge: 0.0 ms]
   [Clear CT: 0.3 ms]
   [Other: 1.5 ms]
      [Choose CSet: 0.0 ms]
      [Ref Proc: 0.5 ms]
      [Ref Enq: 0.0 ms]
      [Redirty Cards: 0.4 ms]
      [Humongous Register: 0.1 ms]
      [Humongous Reclaim: 0.0 ms]
      [Free CSet: 0.3 ms]
   [Eden: 128.0M(128.0M)->0.0B(129.0M) Survivors: 20.0M->19.0M Heap: 847.2M(2048.0M)->848.7M(2048.0M)]
 [Times: user=1.36 sys=0.00, real=0.17 secs] 
2020-09-29T12:03:14.463+0200: 83.150: [GC pause (G1 Evacuation Pause) (young), 0.1854681 secs]
   [Parallel Time: 183.0 ms, GC Workers: 8]
      [GC Worker Start (ms): Min: 83150.6, Avg: 83150.8, Max: 83150.9, Diff: 0.3]
      [Ext Root Scanning (ms): Min: 0.0, Avg: 0.1, Max: 0.3, Diff: 0.3, Sum: 0.9]
      [Update RS (ms): Min: 16.9, Avg: 18.0, Max: 21.8, Diff: 4.8, Sum: 143.9]
         [Processed Buffers: Min: 6, Avg: 9.8, Max: 12, Diff: 6, Sum: 78]
      [Scan RS (ms): Min: 10.6, Avg: 14.5, Max: 16.0, Diff: 5.5, Sum: 115.9]
      [Code Root Scanning (ms): Min: 0.0, Avg: 0.0, Max: 0.0, Diff: 0.0, Sum: 0.0]
      [Object Copy (ms): Min: 149.4, Avg: 150.0, Max: 150.3, Diff: 0.8, Sum: 1200.2]
      [Termination (ms): Min: 0.0, Avg: 0.0, Max: 0.0, Diff: 0.0, Sum: 0.2]
         [Termination Attempts: Min: 1, Avg: 83.8, Max: 112, Diff: 111, Sum: 670]
      [GC Worker Other (ms): Min: 0.0, Avg: 0.0, Max: 0.1, Diff: 0.1, Sum: 0.3]
      [GC Worker Total (ms): Min: 182.5, Avg: 182.7, Max: 182.8, Diff: 0.3, Sum: 1461.5]
      [GC Worker End (ms): Min: 83333.4, Avg: 83333.5, Max: 83333.5, Diff: 0.1]
   [Code Root Fixup: 0.0 ms]
   [Code Root Purge: 0.0 ms]
   [Clear CT: 0.9 ms]
   [Other: 1.5 ms]
      [Choose CSet: 0.0 ms]
      [Ref Proc: 0.6 ms]
      [Ref Enq: 0.0 ms]
      [Redirty Cards: 0.5 ms]
      [Humongous Register: 0.1 ms]
      [Humongous Reclaim: 0.0 ms]
      [Free CSet: 0.2 ms]
   [Eden: 129.0M(129.0M)->0.0B(123.0M) Survivors: 19.0M->19.0M Heap: 998.6M(2048.0M)->1001.1M(2048.0M)]
 [Times: user=1.39 sys=0.02, real=0.18 secs] 
2020-09-29T12:03:14.653+0200: 83.340: [GC pause (G1 Humongous Allocation) (young) (initial-mark), 0.0705485 secs]
   [Parallel Time: 69.2 ms, GC Workers: 8]
      [GC Worker Start (ms): Min: 83340.4, Avg: 83340.5, Max: 83340.7, Diff: 0.3]
      [Ext Root Scanning (ms): Min: 0.0, Avg: 0.7, Max: 3.7, Diff: 3.7, Sum: 5.7]
      [Update RS (ms): Min: 37.7, Avg: 40.6, Max: 41.2, Diff: 3.6, Sum: 324.7]
         [Processed Buffers: Min: 22, Avg: 23.8, Max: 27, Diff: 5, Sum: 190]
      [Scan RS (ms): Min: 0.7, Avg: 1.1, Max: 1.4, Diff: 0.7, Sum: 8.8]
      [Code Root Scanning (ms): Min: 0.0, Avg: 0.0, Max: 0.0, Diff: 0.0, Sum: 0.0]
      [Object Copy (ms): Min: 26.2, Avg: 26.3, Max: 26.4, Diff: 0.2, Sum: 210.4]
      [Termination (ms): Min: 0.0, Avg: 0.1, Max: 0.1, Diff: 0.1, Sum: 0.6]
         [Termination Attempts: Min: 1, Avg: 223.8, Max: 283, Diff: 282, Sum: 1790]
      [GC Worker Other (ms): Min: 0.0, Avg: 0.0, Max: 0.1, Diff: 0.1, Sum: 0.2]
      [GC Worker Total (ms): Min: 68.6, Avg: 68.8, Max: 69.0, Diff: 0.3, Sum: 550.4]
      [GC Worker End (ms): Min: 83409.3, Avg: 83409.3, Max: 83409.4, Diff: 0.0]
   [Code Root Fixup: 0.0 ms]
   [Code Root Purge: 0.0 ms]
   [Clear CT: 0.3 ms]
   [Other: 1.0 ms]
      [Choose CSet: 0.0 ms]
      [Ref Proc: 0.4 ms]
      [Ref Enq: 0.0 ms]
      [Redirty Cards: 0.3 ms]
      [Humongous Register: 0.0 ms]
      [Humongous Reclaim: 0.0 ms]
      [Free CSet: 0.1 ms]
   [Eden: 4096.0K(123.0M)->0.0B(134.0M) Survivors: 19.0M->5120.0K Heap: 1005.1M(2048.0M)->1008.6M(2048.0M)]
 [Times: user=0.52 sys=0.00, real=0.07 secs] 
2020-09-29T12:03:14.723+0200: 83.411: [GC concurrent-root-region-scan-start]
2020-09-29T12:03:14.725+0200: 83.413: [GC concurrent-root-region-scan-end, 0.0017106 secs]
2020-09-29T12:03:14.725+0200: 83.413: [GC concurrent-mark-start]
2020-09-29T12:03:14.729+0200: 83.417: [GC concurrent-mark-end, 0.0041211 secs]
2020-09-29T12:03:14.730+0200: 83.417: [GC remark 2020-09-29T12:03:14.730+0200: 83.417: [Finalize Marking, 0.0003819 secs] 2020-09-29T12:03:14.730+0200: 83.418: [GC ref-proc, 0.0005586 secs] 2020-09-29T12:03:14.731+0200: 83.418: [Unloading, 0.0008383 secs], 0.0022443 secs]
 [Times: user=0.00 sys=0.00, real=0.00 secs] 
2020-09-29T12:03:14.733+0200: 83.420: [GC cleanup 1017M->21M(2048M), 0.0022066 secs]
 [Times: user=0.00 sys=0.00, real=0.00 secs] 
2020-09-29T12:03:14.735+0200: 83.422: [GC concurrent-cleanup-start]
2020-09-29T12:03:14.737+0200: 83.425: [GC concurrent-cleanup-end, 0.0021902 secs]
2020-09-29T12:03:14.863+0200: 83.551: [GC pause (G1 Evacuation Pause) (young), 0.1496132 secs]
   [Parallel Time: 147.6 ms, GC Workers: 8]
      [GC Worker Start (ms): Min: 83551.1, Avg: 83551.3, Max: 83551.4, Diff: 0.3]
      [Ext Root Scanning (ms): Min: 0.0, Avg: 0.1, Max: 0.3, Diff: 0.3, Sum: 0.9]
      [Update RS (ms): Min: 18.7, Avg: 19.4, Max: 21.1, Diff: 2.4, Sum: 155.4]
         [Processed Buffers: Min: 10, Avg: 10.6, Max: 13, Diff: 3, Sum: 85]
      [Scan RS (ms): Min: 13.1, Avg: 14.9, Max: 15.7, Diff: 2.6, Sum: 119.0]
      [Code Root Scanning (ms): Min: 0.0, Avg: 0.0, Max: 0.0, Diff: 0.0, Sum: 0.0]
      [Object Copy (ms): Min: 112.5, Avg: 112.7, Max: 112.9, Diff: 0.4, Sum: 901.6]
      [Termination (ms): Min: 0.0, Avg: 0.0, Max: 0.0, Diff: 0.0, Sum: 0.2]
         [Termination Attempts: Min: 1, Avg: 77.8, Max: 105, Diff: 104, Sum: 622]
      [GC Worker Other (ms): Min: 0.0, Avg: 0.0, Max: 0.1, Diff: 0.0, Sum: 0.3]
      [GC Worker Total (ms): Min: 147.1, Avg: 147.2, Max: 147.3, Diff: 0.3, Sum: 1177.4]
      [GC Worker End (ms): Min: 83698.4, Avg: 83698.5, Max: 83698.5, Diff: 0.0]
   [Code Root Fixup: 0.0 ms]
   [Code Root Purge: 0.0 ms]
   [Clear CT: 0.6 ms]
   [Other: 1.4 ms]
      [Choose CSet: 0.0 ms]
      [Ref Proc: 0.3 ms]
      [Ref Enq: 0.0 ms]
      [Redirty Cards: 0.6 ms]
      [Humongous Register: 0.1 ms]
      [Humongous Reclaim: 0.0 ms]
      [Free CSet: 0.2 ms]
   [Eden: 134.0M(134.0M)->0.0B(127.0M) Survivors: 5120.0K->18.0M Heap: 169.9M(2048.0M)->166.9M(2048.0M)]
 [Times: user=1.13 sys=0.00, real=0.15 secs] 
2020-09-29T12:03:15.142+0200: 83.829: [GC pause (G1 Evacuation Pause) (young), 0.1688122 secs]
   [Parallel Time: 166.0 ms, GC Workers: 8]
      [GC Worker Start (ms): Min: 83829.4, Avg: 83829.6, Max: 83829.7, Diff: 0.3]
      [Ext Root Scanning (ms): Min: 0.0, Avg: 0.1, Max: 0.3, Diff: 0.3, Sum: 0.9]
      [Update RS (ms): Min: 18.0, Avg: 18.5, Max: 19.5, Diff: 1.6, Sum: 148.3]
         [Processed Buffers: Min: 10, Avg: 10.8, Max: 12, Diff: 2, Sum: 86]
      [Scan RS (ms): Min: 11.4, Avg: 12.4, Max: 13.0, Diff: 1.5, Sum: 99.6]
      [Code Root Scanning (ms): Min: 0.0, Avg: 0.0, Max: 0.0, Diff: 0.0, Sum: 0.0]
      [Object Copy (ms): Min: 134.0, Avg: 134.2, Max: 134.4, Diff: 0.4, Sum: 1073.4]
      [Termination (ms): Min: 0.0, Avg: 0.2, Max: 0.2, Diff: 0.2, Sum: 1.3]
         [Termination Attempts: Min: 1, Avg: 488.5, Max: 641, Diff: 640, Sum: 3908]
      [GC Worker Other (ms): Min: 0.0, Avg: 0.0, Max: 0.1, Diff: 0.0, Sum: 0.3]
      [GC Worker Total (ms): Min: 165.4, Avg: 165.5, Max: 165.6, Diff: 0.3, Sum: 1323.8]
      [GC Worker End (ms): Min: 83995.1, Avg: 83995.1, Max: 83995.1, Diff: 0.0]
   [Code Root Fixup: 0.0 ms]
   [Code Root Purge: 0.0 ms]
   [Clear CT: 0.8 ms]
   [Other: 2.0 ms]
      [Choose CSet: 0.0 ms]
      [Ref Proc: 0.6 ms]
      [Ref Enq: 0.0 ms]
      [Redirty Cards: 0.9 ms]
      [Humongous Register: 0.1 ms]
      [Humongous Reclaim: 0.0 ms]
      [Free CSet: 0.2 ms]
   [Eden: 127.0M(127.0M)->0.0B(128.0M) Survivors: 18.0M->19.0M Heap: 314.9M(2048.0M)->316.9M(2048.0M)]
 [Times: user=1.38 sys=0.00, real=0.17 secs] 
2020-09-29T12:03:15.441+0200: 84.129: [GC pause (G1 Evacuation Pause) (young), 0.1925144 secs]
   [Parallel Time: 190.1 ms, GC Workers: 8]
      [GC Worker Start (ms): Min: 84129.2, Avg: 84129.4, Max: 84129.5, Diff: 0.3]
      [Ext Root Scanning (ms): Min: 0.0, Avg: 0.1, Max: 0.3, Diff: 0.3, Sum: 0.9]
      [Update RS (ms): Min: 19.7, Avg: 20.6, Max: 21.1, Diff: 1.4, Sum: 164.4]
         [Processed Buffers: Min: 10, Avg: 11.5, Max: 12, Diff: 2, Sum: 92]
      [Scan RS (ms): Min: 10.8, Avg: 12.0, Max: 15.0, Diff: 4.2, Sum: 96.3]
      [Code Root Scanning (ms): Min: 0.0, Avg: 0.0, Max: 0.0, Diff: 0.0, Sum: 0.0]
      [Object Copy (ms): Min: 153.5, Avg: 156.6, Max: 157.6, Diff: 4.1, Sum: 1253.0]
      [Termination (ms): Min: 0.0, Avg: 0.3, Max: 0.4, Diff: 0.4, Sum: 2.2]
         [Termination Attempts: Min: 1, Avg: 668.6, Max: 819, Diff: 818, Sum: 5349]
      [GC Worker Other (ms): Min: 0.0, Avg: 0.0, Max: 0.0, Diff: 0.0, Sum: 0.2]
      [GC Worker Total (ms): Min: 189.5, Avg: 189.6, Max: 189.8, Diff: 0.3, Sum: 1517.0]
      [GC Worker End (ms): Min: 84319.0, Avg: 84319.0, Max: 84319.0, Diff: 0.0]
   [Code Root Fixup: 0.0 ms]
   [Code Root Purge: 0.0 ms]
   [Clear CT: 0.4 ms]
   [Other: 2.0 ms]
      [Choose CSet: 0.0 ms]
      [Ref Proc: 0.3 ms]
      [Ref Enq: 0.0 ms]
      [Redirty Cards: 1.0 ms]
      [Humongous Register: 0.1 ms]
      [Humongous Reclaim: 0.0 ms]
      [Free CSet: 0.3 ms]
   [Eden: 128.0M(128.0M)->0.0B(123.0M) Survivors: 19.0M->19.0M Heap: 465.9M(2048.0M)->467.9M(2048.0M)]
 [Times: user=1.38 sys=0.02, real=0.19 secs] 
2020-09-29T12:03:15.770+0200: 84.458: [GC pause (G1 Evacuation Pause) (young), 0.2177545 secs]
   [Parallel Time: 215.8 ms, GC Workers: 8]
      [GC Worker Start (ms): Min: 84458.1, Avg: 84458.3, Max: 84458.5, Diff: 0.4]
      [Ext Root Scanning (ms): Min: 0.0, Avg: 0.2, Max: 0.8, Diff: 0.8, Sum: 1.8]
      [Update RS (ms): Min: 22.0, Avg: 24.9, Max: 35.5, Diff: 13.5, Sum: 199.3]
         [Processed Buffers: Min: 1, Avg: 10.9, Max: 14, Diff: 13, Sum: 87]
      [Scan RS (ms): Min: 1.7, Avg: 12.1, Max: 14.6, Diff: 13.0, Sum: 97.2]
      [Code Root Scanning (ms): Min: 0.0, Avg: 0.0, Max: 0.0, Diff: 0.0, Sum: 0.0]
      [Object Copy (ms): Min: 177.6, Avg: 177.7, Max: 178.0, Diff: 0.4, Sum: 1422.0]
      [Termination (ms): Min: 0.0, Avg: 0.3, Max: 0.3, Diff: 0.3, Sum: 2.1]
         [Termination Attempts: Min: 1, Avg: 798.6, Max: 1053, Diff: 1052, Sum: 6389]
      [GC Worker Other (ms): Min: 0.0, Avg: 0.0, Max: 0.1, Diff: 0.1, Sum: 0.3]
      [GC Worker Total (ms): Min: 215.1, Avg: 215.3, Max: 215.5, Diff: 0.4, Sum: 1722.6]
      [GC Worker End (ms): Min: 84673.6, Avg: 84673.6, Max: 84673.6, Diff: 0.1]
   [Code Root Fixup: 0.0 ms]
   [Code Root Purge: 0.0 ms]
   [Clear CT: 0.4 ms]
   [Other: 1.6 ms]
      [Choose CSet: 0.0 ms]
      [Ref Proc: 0.4 ms]
      [Ref Enq: 0.0 ms]
      [Redirty Cards: 0.6 ms]
      [Humongous Register: 0.1 ms]
      [Humongous Reclaim: 0.0 ms]
      [Free CSet: 0.2 ms]
   [Eden: 123.0M(123.0M)->0.0B(109.0M) Survivors: 19.0M->18.0M Heap: 611.8M(2048.0M)->614.3M(2048.0M)]
 [Times: user=1.52 sys=0.03, real=0.22 secs] 
2020-09-29T12:03:16.115+0200: 84.803: [GC pause (G1 Evacuation Pause) (young), 0.1593284 secs]
   [Parallel Time: 157.7 ms, GC Workers: 8]
      [GC Worker Start (ms): Min: 84802.9, Avg: 84803.1, Max: 84803.2, Diff: 0.3]
      [Ext Root Scanning (ms): Min: 0.0, Avg: 0.1, Max: 0.2, Diff: 0.2, Sum: 1.0]
      [Update RS (ms): Min: 19.5, Avg: 19.7, Max: 20.5, Diff: 1.0, Sum: 157.7]
         [Processed Buffers: Min: 10, Avg: 10.9, Max: 13, Diff: 3, Sum: 87]
      [Scan RS (ms): Min: 10.1, Avg: 10.7, Max: 11.0, Diff: 1.0, Sum: 86.0]
      [Code Root Scanning (ms): Min: 0.0, Avg: 0.0, Max: 0.0, Diff: 0.0, Sum: 0.0]
      [Object Copy (ms): Min: 126.3, Avg: 126.4, Max: 126.5, Diff: 0.2, Sum: 1011.4]
      [Termination (ms): Min: 0.0, Avg: 0.3, Max: 0.3, Diff: 0.3, Sum: 2.1]
         [Termination Attempts: Min: 1, Avg: 42.3, Max: 58, Diff: 57, Sum: 338]
      [GC Worker Other (ms): Min: 0.0, Avg: 0.0, Max: 0.0, Diff: 0.0, Sum: 0.2]
      [GC Worker Total (ms): Min: 157.1, Avg: 157.3, Max: 157.4, Diff: 0.2, Sum: 1258.4]
      [GC Worker End (ms): Min: 84960.3, Avg: 84960.4, Max: 84960.4, Diff: 0.1]
   [Code Root Fixup: 0.0 ms]
   [Code Root Purge: 0.0 ms]
   [Clear CT: 0.4 ms]
   [Other: 1.3 ms]
      [Choose CSet: 0.0 ms]
      [Ref Proc: 0.4 ms]
      [Ref Enq: 0.0 ms]
      [Redirty Cards: 0.3 ms]
      [Humongous Register: 0.1 ms]
      [Humongous Reclaim: 0.0 ms]
      [Free CSet: 0.2 ms]
   [Eden: 109.0M(109.0M)->0.0B(117.0M) Survivors: 18.0M->16.0M Heap: 742.4M(2048.0M)->743.9M(2048.0M)]
 [Times: user=1.19 sys=0.00, real=0.16 secs] 
2020-09-29T12:03:16.428+0200: 85.116: [GC pause (G1 Evacuation Pause) (young), 0.1786187 secs]
   [Parallel Time: 176.5 ms, GC Workers: 8]
      [GC Worker Start (ms): Min: 85116.0, Avg: 85116.5, Max: 85118.7, Diff: 2.7]
      [Ext Root Scanning (ms): Min: 0.0, Avg: 0.1, Max: 0.3, Diff: 0.3, Sum: 1.1]
      [Update RS (ms): Min: 19.2, Avg: 21.5, Max: 22.4, Diff: 3.2, Sum: 172.2]
         [Processed Buffers: Min: 8, Avg: 11.3, Max: 14, Diff: 6, Sum: 90]
      [Scan RS (ms): Min: 10.5, Avg: 11.5, Max: 14.5, Diff: 4.0, Sum: 92.2]
      [Code Root Scanning (ms): Min: 0.0, Avg: 0.0, Max: 0.0, Diff: 0.0, Sum: 0.0]
      [Object Copy (ms): Min: 139.7, Avg: 142.1, Max: 142.6, Diff: 2.9, Sum: 1137.2]
      [Termination (ms): Min: 0.1, Avg: 0.4, Max: 0.5, Diff: 0.5, Sum: 3.2]
         [Termination Attempts: Min: 1, Avg: 1000.3, Max: 1292, Diff: 1291, Sum: 8002]
      [GC Worker Other (ms): Min: 0.0, Avg: 0.0, Max: 0.0, Diff: 0.0, Sum: 0.2]
      [GC Worker Total (ms): Min: 173.5, Avg: 175.8, Max: 176.2, Diff: 2.7, Sum: 1406.1]
      [GC Worker End (ms): Min: 85292.2, Avg: 85292.2, Max: 85292.3, Diff: 0.1]
   [Code Root Fixup: 0.0 ms]
   [Code Root Purge: 0.0 ms]
   [Clear CT: 0.6 ms]
   [Other: 1.5 ms]
      [Choose CSet: 0.0 ms]
      [Ref Proc: 0.5 ms]
      [Ref Enq: 0.0 ms]
      [Redirty Cards: 0.5 ms]
      [Humongous Register: 0.1 ms]
      [Humongous Reclaim: 0.0 ms]
      [Free CSet: 0.2 ms]
   [Eden: 117.0M(117.0M)->0.0B(118.0M) Survivors: 16.0M->17.0M Heap: 880.0M(2048.0M)->881.5M(2048.0M)]
 [Times: user=1.28 sys=0.00, real=0.18 secs] 
2020-09-29T12:03:16.758+0200: 85.446: [GC pause (G1 Evacuation Pause) (young), 0.1840234 secs]
   [Parallel Time: 182.1 ms, GC Workers: 8]
      [GC Worker Start (ms): Min: 85446.1, Avg: 85446.2, Max: 85446.3, Diff: 0.3]
      [Ext Root Scanning (ms): Min: 0.0, Avg: 0.1, Max: 0.2, Diff: 0.2, Sum: 1.1]
      [Update RS (ms): Min: 18.0, Avg: 18.3, Max: 19.6, Diff: 1.6, Sum: 146.3]
         [Processed Buffers: Min: 9, Avg: 9.8, Max: 11, Diff: 2, Sum: 78]
      [Scan RS (ms): Min: 10.8, Avg: 12.3, Max: 12.6, Diff: 1.8, Sum: 98.1]
      [Code Root Scanning (ms): Min: 0.0, Avg: 0.0, Max: 0.0, Diff: 0.0, Sum: 0.0]
      [Object Copy (ms): Min: 150.6, Avg: 150.8, Max: 151.0, Diff: 0.3, Sum: 1206.1]
      [Termination (ms): Min: 0.0, Avg: 0.3, Max: 0.5, Diff: 0.5, Sum: 2.1]
         [Termination Attempts: Min: 1, Avg: 593.5, Max: 864, Diff: 863, Sum: 4748]
      [GC Worker Other (ms): Min: 0.0, Avg: 0.0, Max: 0.0, Diff: 0.0, Sum: 0.2]
      [GC Worker Total (ms): Min: 181.6, Avg: 181.7, Max: 181.8, Diff: 0.2, Sum: 1453.9]
      [GC Worker End (ms): Min: 85627.9, Avg: 85627.9, Max: 85627.9, Diff: 0.1]
   [Code Root Fixup: 0.0 ms]
   [Code Root Purge: 0.0 ms]
   [Clear CT: 0.4 ms]
   [Other: 1.5 ms]
      [Choose CSet: 0.0 ms]
      [Ref Proc: 0.3 ms]
      [Ref Enq: 0.0 ms]
      [Redirty Cards: 0.6 ms]
      [Humongous Register: 0.1 ms]
      [Humongous Reclaim: 0.0 ms]
      [Free CSet: 0.2 ms]
   [Eden: 118.0M(118.0M)->0.0B(118.0M) Survivors: 17.0M->17.0M Heap: 1018.6M(2048.0M)->1020.6M(2048.0M)]
 [Times: user=1.36 sys=0.00, real=0.19 secs] 
2020-09-29T12:03:16.955+0200: 85.643: [GC pause (G1 Humongous Allocation) (young) (initial-mark), 0.0574823 secs]
   [Parallel Time: 55.8 ms, GC Workers: 8]
      [GC Worker Start (ms): Min: 85643.1, Avg: 85643.2, Max: 85643.4, Diff: 0.3]
      [Ext Root Scanning (ms): Min: 0.0, Avg: 0.3, Max: 0.4, Diff: 0.4, Sum: 2.3]
      [Update RS (ms): Min: 28.8, Avg: 29.5, Max: 29.9, Diff: 1.1, Sum: 235.7]
         [Processed Buffers: Min: 15, Avg: 16.8, Max: 19, Diff: 4, Sum: 134]
      [Scan RS (ms): Min: 1.8, Avg: 2.8, Max: 6.8, Diff: 5.0, Sum: 22.2]
      [Code Root Scanning (ms): Min: 0.0, Avg: 0.0, Max: 0.0, Diff: 0.0, Sum: 0.0]
      [Object Copy (ms): Min: 19.4, Avg: 22.8, Max: 23.5, Diff: 4.1, Sum: 182.3]
      [Termination (ms): Min: 0.0, Avg: 0.1, Max: 0.1, Diff: 0.1, Sum: 0.7]
         [Termination Attempts: Min: 1, Avg: 251.6, Max: 384, Diff: 383, Sum: 2013]
      [GC Worker Other (ms): Min: 0.0, Avg: 0.0, Max: 0.1, Diff: 0.1, Sum: 0.3]
      [GC Worker Total (ms): Min: 55.2, Avg: 55.4, Max: 55.5, Diff: 0.3, Sum: 443.4]
      [GC Worker End (ms): Min: 85698.6, Avg: 85698.6, Max: 85698.6, Diff: 0.0]
   [Code Root Fixup: 0.0 ms]
   [Code Root Purge: 0.0 ms]
   [Clear CT: 0.4 ms]
   [Other: 1.3 ms]
      [Choose CSet: 0.0 ms]
      [Ref Proc: 0.3 ms]
      [Ref Enq: 0.0 ms]
      [Redirty Cards: 0.4 ms]
      [Humongous Register: 0.1 ms]
      [Humongous Reclaim: 0.0 ms]
      [Free CSet: 0.1 ms]
   [Eden: 3072.0K(118.0M)->0.0B(134.0M) Survivors: 17.0M->5120.0K Heap: 1023.1M(2048.0M)->1027.1M(2048.0M)]
 [Times: user=0.45 sys=0.02, real=0.06 secs] 
2020-09-29T12:03:17.013+0200: 85.701: [GC concurrent-root-region-scan-start]
2020-09-29T12:03:17.015+0200: 85.703: [GC concurrent-root-region-scan-end, 0.0025045 secs]
2020-09-29T12:03:17.016+0200: 85.703: [GC concurrent-mark-start]
2020-09-29T12:03:17.022+0200: 85.710: [GC concurrent-mark-end, 0.0065092 secs]
2020-09-29T12:03:17.023+0200: 85.710: [GC remark 2020-09-29T12:03:17.023+0200: 85.710: [Finalize Marking, 0.0006586 secs] 2020-09-29T12:03:17.023+0200: 85.711: [GC ref-proc, 0.0007239 secs] 2020-09-29T12:03:17.024+0200: 85.712: [Unloading, 0.0009532 secs], 0.0029499 secs]
 [Times: user=0.00 sys=0.00, real=0.00 secs] 
2020-09-29T12:03:17.027+0200: 85.714: [GC cleanup 1036M->22M(2048M), 0.0027876 secs]
 [Times: user=0.00 sys=0.00, real=0.00 secs] 
2020-09-29T12:03:17.030+0200: 85.717: [GC concurrent-cleanup-start]
2020-09-29T12:03:17.033+0200: 85.720: [GC concurrent-cleanup-end, 0.0029636 secs]
2020-09-29T12:03:17.168+0200: 85.856: [GC pause (G1 Evacuation Pause) (young), 0.1590908 secs]
   [Parallel Time: 157.1 ms, GC Workers: 8]
      [GC Worker Start (ms): Min: 85856.2, Avg: 85856.4, Max: 85856.6, Diff: 0.3]
      [Ext Root Scanning (ms): Min: 0.0, Avg: 0.1, Max: 0.3, Diff: 0.3, Sum: 1.0]
      [Update RS (ms): Min: 19.3, Avg: 19.9, Max: 20.5, Diff: 1.2, Sum: 158.9]
         [Processed Buffers: Min: 10, Avg: 10.9, Max: 12, Diff: 2, Sum: 87]
      [Scan RS (ms): Min: 10.1, Avg: 10.6, Max: 11.1, Diff: 1.0, Sum: 85.0]
      [Code Root Scanning (ms): Min: 0.0, Avg: 0.0, Max: 0.0, Diff: 0.0, Sum: 0.0]
      [Object Copy (ms): Min: 125.8, Avg: 125.9, Max: 125.9, Diff: 0.1, Sum: 1006.9]
      [Termination (ms): Min: 0.0, Avg: 0.2, Max: 0.2, Diff: 0.2, Sum: 1.3]
         [Termination Attempts: Min: 1, Avg: 541.6, Max: 657, Diff: 656, Sum: 4333]
      [GC Worker Other (ms): Min: 0.0, Avg: 0.0, Max: 0.1, Diff: 0.1, Sum: 0.3]
      [GC Worker Total (ms): Min: 156.5, Avg: 156.7, Max: 156.8, Diff: 0.3, Sum: 1253.6]
      [GC Worker End (ms): Min: 86013.1, Avg: 86013.1, Max: 86013.1, Diff: 0.1]
   [Code Root Fixup: 0.0 ms]
   [Code Root Purge: 0.0 ms]
   [Clear CT: 0.5 ms]
   [Other: 1.5 ms]
      [Choose CSet: 0.0 ms]
      [Ref Proc: 0.2 ms]
      [Ref Enq: 0.0 ms]
      [Redirty Cards: 0.6 ms]
      [Humongous Register: 0.1 ms]
      [Humongous Reclaim: 0.0 ms]
      [Free CSet: 0.2 ms]
   [Eden: 134.0M(134.0M)->0.0B(128.0M) Survivors: 5120.0K->18.0M Heap: 169.4M(2048.0M)->167.9M(2048.0M)]
 [Times: user=1.23 sys=0.00, real=0.16 secs] 
2020-09-29T12:03:17.473+0200: 86.161: [GC pause (G1 Evacuation Pause) (young), 0.2072827 secs]
   [Parallel Time: 205.4 ms, GC Workers: 8]
      [GC Worker Start (ms): Min: 86160.9, Avg: 86166.3, Max: 86192.7, Diff: 31.8]
      [Ext Root Scanning (ms): Min: 0.0, Avg: 0.1, Max: 0.3, Diff: 0.3, Sum: 1.2]
      [Update RS (ms): Min: 0.0, Avg: 17.1, Max: 21.5, Diff: 21.5, Sum: 136.5]
         [Processed Buffers: Min: 0, Avg: 9.5, Max: 15, Diff: 15, Sum: 76]
      [Scan RS (ms): Min: 4.3, Avg: 13.6, Max: 15.6, Diff: 11.3, Sum: 108.5]
      [Code Root Scanning (ms): Min: 0.0, Avg: 0.0, Max: 0.0, Diff: 0.0, Sum: 0.0]
      [Object Copy (ms): Min: 168.9, Avg: 168.9, Max: 169.0, Diff: 0.1, Sum: 1351.6]
      [Termination (ms): Min: 0.0, Avg: 0.0, Max: 0.0, Diff: 0.0, Sum: 0.1]
         [Termination Attempts: Min: 1, Avg: 23.0, Max: 33, Diff: 32, Sum: 184]
      [GC Worker Other (ms): Min: 0.0, Avg: 0.0, Max: 0.1, Diff: 0.0, Sum: 0.3]
      [GC Worker Total (ms): Min: 173.4, Avg: 199.8, Max: 205.2, Diff: 31.8, Sum: 1598.2]
      [GC Worker End (ms): Min: 86366.1, Avg: 86366.1, Max: 86366.1, Diff: 0.0]
   [Code Root Fixup: 0.0 ms]
   [Code Root Purge: 0.0 ms]
   [Clear CT: 0.3 ms]
   [Other: 1.6 ms]
      [Choose CSet: 0.0 ms]
      [Ref Proc: 0.4 ms]
      [Ref Enq: 0.0 ms]
      [Redirty Cards: 0.5 ms]
      [Humongous Register: 0.1 ms]
      [Humongous Reclaim: 0.0 ms]
      [Free CSet: 0.2 ms]
   [Eden: 128.0M(128.0M)->0.0B(116.0M) Survivors: 18.0M->19.0M Heap: 316.9M(2048.0M)->318.9M(2048.0M)]
 [Times: user=1.59 sys=0.00, real=0.21 secs] 
2020-09-29T12:03:17.931+0200: 86.619: [GC pause (G1 Evacuation Pause) (young), 0.4121760 secs]
   [Parallel Time: 408.9 ms, GC Workers: 8]
      [GC Worker Start (ms): Min: 86619.5, Avg: 86620.0, Max: 86621.6, Diff: 2.1]
      [Ext Root Scanning (ms): Min: 0.0, Avg: 0.2, Max: 0.5, Diff: 0.5, Sum: 1.8]
      [Update RS (ms): Min: 42.6, Avg: 44.9, Max: 48.1, Diff: 5.6, Sum: 359.5]
         [Processed Buffers: Min: 9, Avg: 12.6, Max: 16, Diff: 7, Sum: 101]
      [Scan RS (ms): Min: 19.7, Avg: 22.6, Max: 24.3, Diff: 4.6, Sum: 180.8]
      [Code Root Scanning (ms): Min: 0.0, Avg: 0.0, Max: 0.0, Diff: 0.0, Sum: 0.0]
      [Object Copy (ms): Min: 339.3, Avg: 340.2, Max: 340.5, Diff: 1.2, Sum: 2721.3]
      [Termination (ms): Min: 0.0, Avg: 0.2, Max: 0.5, Diff: 0.5, Sum: 1.5]
         [Termination Attempts: Min: 1, Avg: 25.4, Max: 46, Diff: 45, Sum: 203]
      [GC Worker Other (ms): Min: 0.0, Avg: 0.1, Max: 0.2, Diff: 0.1, Sum: 0.5]
      [GC Worker Total (ms): Min: 406.5, Avg: 408.2, Max: 408.6, Diff: 2.1, Sum: 3265.4]
      [GC Worker End (ms): Min: 87028.1, Avg: 87028.2, Max: 87028.2, Diff: 0.1]
   [Code Root Fixup: 0.0 ms]
   [Code Root Purge: 0.0 ms]
   [Clear CT: 0.6 ms]
   [Other: 2.6 ms]
      [Choose CSet: 0.0 ms]
      [Ref Proc: 0.8 ms]
      [Ref Enq: 0.0 ms]
      [Redirty Cards: 0.7 ms]
      [Humongous Register: 0.1 ms]
      [Humongous Reclaim: 0.0 ms]
      [Free CSet: 0.5 ms]
   [Eden: 116.0M(116.0M)->0.0B(85.0M) Survivors: 19.0M->17.0M Heap: 455.9M(2048.0M)->457.9M(2048.0M)]
 [Times: user=2.34 sys=0.02, real=0.41 secs] 
2020-09-29T12:03:18.556+0200: 87.243: [GC pause (G1 Evacuation Pause) (young), 0.2348887 secs]
   [Parallel Time: 231.9 ms, GC Workers: 8]
      [GC Worker Start (ms): Min: 87243.6, Avg: 87243.8, Max: 87244.1, Diff: 0.4]
      [Ext Root Scanning (ms): Min: 0.0, Avg: 0.3, Max: 0.5, Diff: 0.4, Sum: 2.2]
      [Update RS (ms): Min: 36.6, Avg: 37.2, Max: 39.1, Diff: 2.5, Sum: 297.9]
         [Processed Buffers: Min: 8, Avg: 10.8, Max: 14, Diff: 6, Sum: 86]
      [Scan RS (ms): Min: 11.6, Avg: 13.2, Max: 13.9, Diff: 2.3, Sum: 105.3]
      [Code Root Scanning (ms): Min: 0.0, Avg: 0.0, Max: 0.0, Diff: 0.0, Sum: 0.0]
      [Object Copy (ms): Min: 180.3, Avg: 180.5, Max: 180.7, Diff: 0.5, Sum: 1444.3]
      [Termination (ms): Min: 0.0, Avg: 0.1, Max: 0.1, Diff: 0.1, Sum: 0.9]
         [Termination Attempts: Min: 1, Avg: 188.5, Max: 247, Diff: 246, Sum: 1508]
      [GC Worker Other (ms): Min: 0.0, Avg: 0.1, Max: 0.1, Diff: 0.1, Sum: 0.6]
      [GC Worker Total (ms): Min: 231.1, Avg: 231.4, Max: 231.6, Diff: 0.5, Sum: 1851.3]
      [GC Worker End (ms): Min: 87475.2, Avg: 87475.2, Max: 87475.3, Diff: 0.1]
   [Code Root Fixup: 0.0 ms]
   [Code Root Purge: 0.0 ms]
   [Clear CT: 0.6 ms]
   [Other: 2.4 ms]
      [Choose CSet: 0.0 ms]
      [Ref Proc: 0.8 ms]
      [Ref Enq: 0.0 ms]
      [Redirty Cards: 0.7 ms]
      [Humongous Register: 0.1 ms]
      [Humongous Reclaim: 0.0 ms]
      [Free CSet: 0.3 ms]
   [Eden: 85.0M(85.0M)->0.0B(89.0M) Survivors: 17.0M->13.0M Heap: 556.2M(2048.0M)->558.2M(2048.0M)]
 [Times: user=1.86 sys=0.00, real=0.23 secs] 
2020-09-29T12:03:18.995+0200: 87.683: [GC pause (G1 Evacuation Pause) (young), 0.2842465 secs]
   [Parallel Time: 280.5 ms, GC Workers: 8]
      [GC Worker Start (ms): Min: 87682.9, Avg: 87683.1, Max: 87683.2, Diff: 0.4]
      [Ext Root Scanning (ms): Min: 0.1, Avg: 0.2, Max: 0.4, Diff: 0.4, Sum: 1.9]
      [Update RS (ms): Min: 34.0, Avg: 35.0, Max: 36.5, Diff: 2.5, Sum: 279.9]
         [Processed Buffers: Min: 9, Avg: 10.9, Max: 13, Diff: 4, Sum: 87]
      [Scan RS (ms): Min: 11.1, Avg: 12.9, Max: 15.2, Diff: 4.2, Sum: 102.8]
      [Code Root Scanning (ms): Min: 0.0, Avg: 0.0, Max: 0.0, Diff: 0.0, Sum: 0.0]
      [Object Copy (ms): Min: 229.8, Avg: 231.2, Max: 231.8, Diff: 2.0, Sum: 1849.5]
      [Termination (ms): Min: 0.1, Avg: 0.4, Max: 0.8, Diff: 0.8, Sum: 3.5]
         [Termination Attempts: Min: 1, Avg: 316.3, Max: 427, Diff: 426, Sum: 2530]
      [GC Worker Other (ms): Min: 0.0, Avg: 0.0, Max: 0.1, Diff: 0.0, Sum: 0.3]
      [GC Worker Total (ms): Min: 279.5, Avg: 279.7, Max: 280.0, Diff: 0.5, Sum: 2237.9]
      [GC Worker End (ms): Min: 87962.7, Avg: 87962.8, Max: 87963.0, Diff: 0.3]
   [Code Root Fixup: 0.0 ms]
   [Code Root Purge: 0.0 ms]
   [Clear CT: 0.6 ms]
   [Other: 3.1 ms]
      [Choose CSet: 0.0 ms]
      [Ref Proc: 1.7 ms]
      [Ref Enq: 0.0 ms]
      [Redirty Cards: 0.6 ms]
      [Humongous Register: 0.1 ms]
      [Humongous Reclaim: 0.0 ms]
      [Free CSet: 0.3 ms]
   [Eden: 89.0M(89.0M)->0.0B(89.0M) Survivors: 13.0M->13.0M Heap: 662.5M(2048.0M)->664.0M(2048.0M)]
 [Times: user=2.02 sys=0.00, real=0.29 secs] 
2020-09-29T12:03:19.568+0200: 88.255: [GC pause (G1 Evacuation Pause) (young), 0.2281454 secs]
   [Parallel Time: 223.2 ms, GC Workers: 8]
      [GC Worker Start (ms): Min: 88255.7, Avg: 88256.8, Max: 88258.4, Diff: 2.7]
      [Ext Root Scanning (ms): Min: 0.0, Avg: 0.3, Max: 0.6, Diff: 0.6, Sum: 2.6]
      [Update RS (ms): Min: 37.5, Avg: 39.4, Max: 41.8, Diff: 4.3, Sum: 315.0]
         [Processed Buffers: Min: 8, Avg: 10.9, Max: 13, Diff: 5, Sum: 87]
      [Scan RS (ms): Min: 12.1, Avg: 13.7, Max: 14.4, Diff: 2.3, Sum: 109.9]
      [Code Root Scanning (ms): Min: 0.0, Avg: 0.0, Max: 0.0, Diff: 0.0, Sum: 0.0]
      [Object Copy (ms): Min: 167.9, Avg: 168.1, Max: 168.2, Diff: 0.3, Sum: 1345.0]
      [Termination (ms): Min: 0.0, Avg: 0.1, Max: 0.1, Diff: 0.1, Sum: 0.5]
         [Termination Attempts: Min: 1, Avg: 106.4, Max: 142, Diff: 141, Sum: 851]
      [GC Worker Other (ms): Min: 0.0, Avg: 0.0, Max: 0.1, Diff: 0.1, Sum: 0.4]
      [GC Worker Total (ms): Min: 220.0, Avg: 221.7, Max: 222.8, Diff: 2.8, Sum: 1773.4]
      [GC Worker End (ms): Min: 88478.4, Avg: 88478.5, Max: 88478.5, Diff: 0.1]
   [Code Root Fixup: 0.0 ms]
   [Code Root Purge: 0.0 ms]
   [Clear CT: 0.7 ms]
   [Other: 4.2 ms]
      [Choose CSet: 0.0 ms]
      [Ref Proc: 2.4 ms]
      [Ref Enq: 0.0 ms]
      [Redirty Cards: 0.8 ms]
      [Humongous Register: 0.1 ms]
      [Humongous Reclaim: 0.0 ms]
      [Free CSet: 0.4 ms]
   [Eden: 89.0M(89.0M)->0.0B(89.0M) Survivors: 13.0M->13.0M Heap: 768.2M(2048.0M)->769.7M(2048.0M)]
 [Times: user=1.72 sys=0.00, real=0.23 secs] 
2020-09-29T12:03:20.079+0200: 88.767: [GC pause (G1 Evacuation Pause) (young), 0.3400908 secs]
   [Parallel Time: 337.4 ms, GC Workers: 8]
      [GC Worker Start (ms): Min: 88767.0, Avg: 88775.3, Max: 88800.5, Diff: 33.5]
      [Ext Root Scanning (ms): Min: 0.0, Avg: 0.2, Max: 0.5, Diff: 0.5, Sum: 1.7]
      [Update RS (ms): Min: 3.9, Avg: 36.3, Max: 68.1, Diff: 64.2, Sum: 290.0]
         [Processed Buffers: Min: 1, Avg: 7.6, Max: 12, Diff: 11, Sum: 61]
      [Scan RS (ms): Min: 0.0, Avg: 17.7, Max: 26.4, Diff: 26.3, Sum: 141.3]
      [Code Root Scanning (ms): Min: 0.0, Avg: 0.0, Max: 0.0, Diff: 0.0, Sum: 0.0]
      [Object Copy (ms): Min: 268.0, Avg: 274.2, Max: 275.7, Diff: 7.6, Sum: 2193.8]
      [Termination (ms): Min: 0.1, Avg: 0.3, Max: 0.5, Diff: 0.4, Sum: 2.8]
         [Termination Attempts: Min: 1, Avg: 387.1, Max: 568, Diff: 567, Sum: 3097]
      [GC Worker Other (ms): Min: 0.0, Avg: 0.0, Max: 0.0, Diff: 0.0, Sum: 0.2]
      [GC Worker Total (ms): Min: 303.6, Avg: 328.7, Max: 337.1, Diff: 33.5, Sum: 2630.0]
      [GC Worker End (ms): Min: 89104.0, Avg: 89104.1, Max: 89104.1, Diff: 0.1]
   [Code Root Fixup: 0.0 ms]
   [Code Root Purge: 0.0 ms]
   [Clear CT: 0.6 ms]
   [Other: 2.1 ms]
      [Choose CSet: 0.0 ms]
      [Ref Proc: 0.7 ms]
      [Ref Enq: 0.0 ms]
      [Redirty Cards: 0.6 ms]
      [Humongous Register: 0.1 ms]
      [Humongous Reclaim: 0.0 ms]
      [Free CSet: 0.4 ms]
   [Eden: 89.0M(89.0M)->0.0B(89.0M) Survivors: 13.0M->13.0M Heap: 872.1M(2048.0M)->873.6M(2048.0M)]
 [Times: user=2.14 sys=0.00, real=0.34 secs] 
2020-09-29T12:03:20.644+0200: 89.332: [GC pause (G1 Evacuation Pause) (young), 0.2440740 secs]
   [Parallel Time: 241.0 ms, GC Workers: 8]
      [GC Worker Start (ms): Min: 89331.9, Avg: 89332.1, Max: 89332.4, Diff: 0.5]
      [Ext Root Scanning (ms): Min: 0.0, Avg: 0.3, Max: 0.7, Diff: 0.7, Sum: 2.4]
      [Update RS (ms): Min: 24.2, Avg: 25.0, Max: 25.6, Diff: 1.4, Sum: 200.1]
         [Processed Buffers: Min: 6, Avg: 7.8, Max: 10, Diff: 4, Sum: 62]
      [Scan RS (ms): Min: 19.9, Avg: 20.4, Max: 20.9, Diff: 1.0, Sum: 163.2]
      [Code Root Scanning (ms): Min: 0.0, Avg: 0.0, Max: 0.0, Diff: 0.0, Sum: 0.0]
      [Object Copy (ms): Min: 194.4, Avg: 194.6, Max: 194.7, Diff: 0.4, Sum: 1556.7]
      [Termination (ms): Min: 0.0, Avg: 0.3, Max: 0.4, Diff: 0.4, Sum: 2.3]
         [Termination Attempts: Min: 1, Avg: 294.1, Max: 396, Diff: 395, Sum: 2353]
      [GC Worker Other (ms): Min: 0.0, Avg: 0.0, Max: 0.0, Diff: 0.0, Sum: 0.2]
      [GC Worker Total (ms): Min: 240.4, Avg: 240.6, Max: 240.9, Diff: 0.5, Sum: 1925.0]
      [GC Worker End (ms): Min: 89572.7, Avg: 89572.7, Max: 89572.7, Diff: 0.0]
   [Code Root Fixup: 0.0 ms]
   [Code Root Purge: 0.0 ms]
   [Clear CT: 0.6 ms]
   [Other: 2.5 ms]
      [Choose CSet: 0.0 ms]
      [Ref Proc: 0.7 ms]
      [Ref Enq: 0.1 ms]
      [Redirty Cards: 0.9 ms]
      [Humongous Register: 0.1 ms]
      [Humongous Reclaim: 0.0 ms]
      [Free CSet: 0.3 ms]
   [Eden: 89.0M(89.0M)->0.0B(89.0M) Survivors: 13.0M->13.0M Heap: 977.8M(2048.0M)->979.3M(2048.0M)]
 [Times: user=1.88 sys=0.00, real=0.24 secs] 
2020-09-29T12:03:20.930+0200: 89.618: [GC pause (G1 Humongous Allocation) (young) (initial-mark), 0.0810734 secs]
   [Parallel Time: 77.6 ms, GC Workers: 8]
      [GC Worker Start (ms): Min: 89618.7, Avg: 89619.1, Max: 89619.4, Diff: 0.8]
      [Ext Root Scanning (ms): Min: 0.0, Avg: 1.0, Max: 1.4, Diff: 1.4, Sum: 8.1]
      [Update RS (ms): Min: 25.8, Avg: 27.2, Max: 28.6, Diff: 2.8, Sum: 217.7]
         [Processed Buffers: Min: 6, Avg: 7.4, Max: 9, Diff: 3, Sum: 59]
      [Scan RS (ms): Min: 2.0, Avg: 3.1, Max: 4.2, Diff: 2.2, Sum: 24.9]
      [Code Root Scanning (ms): Min: 0.0, Avg: 0.0, Max: 0.0, Diff: 0.0, Sum: 0.0]
      [Object Copy (ms): Min: 44.8, Avg: 44.9, Max: 45.1, Diff: 0.3, Sum: 359.6]
      [Termination (ms): Min: 0.0, Avg: 0.1, Max: 0.1, Diff: 0.1, Sum: 0.6]
         [Termination Attempts: Min: 1, Avg: 30.3, Max: 46, Diff: 45, Sum: 242]
      [GC Worker Other (ms): Min: 0.0, Avg: 0.0, Max: 0.0, Diff: 0.0, Sum: 0.3]
      [GC Worker Total (ms): Min: 76.1, Avg: 76.4, Max: 76.8, Diff: 0.8, Sum: 611.2]
      [GC Worker End (ms): Min: 89695.5, Avg: 89695.5, Max: 89695.5, Diff: 0.0]
   [Code Root Fixup: 0.0 ms]
   [Code Root Purge: 0.0 ms]
   [Clear CT: 0.7 ms]
   [Other: 2.7 ms]
      [Choose CSet: 0.0 ms]
      [Ref Proc: 0.9 ms]
      [Ref Enq: 0.0 ms]
      [Redirty Cards: 0.9 ms]
      [Humongous Register: 0.2 ms]
      [Humongous Reclaim: 0.0 ms]
      [Free CSet: 0.2 ms]
   [Eden: 6144.0K(89.0M)->0.0B(95.0M) Survivors: 13.0M->7168.0K Heap: 984.8M(2048.0M)->987.3M(2048.0M)]
 [Times: user=0.55 sys=0.00, real=0.08 secs] 
2020-09-29T12:03:21.012+0200: 89.700: [GC concurrent-root-region-scan-start]
2020-09-29T12:03:21.022+0200: 89.710: [GC concurrent-root-region-scan-end, 0.0100824 secs]
2020-09-29T12:03:21.022+0200: 89.710: [GC concurrent-mark-start]
2020-09-29T12:03:21.036+0200: 89.724: [GC concurrent-mark-end, 0.0136358 secs]
2020-09-29T12:03:21.038+0200: 89.726: [GC remark 2020-09-29T12:03:21.038+0200: 89.726: [Finalize Marking, 0.0008003 secs] 2020-09-29T12:03:21.039+0200: 89.727: [GC ref-proc, 0.0012807 secs] 2020-09-29T12:03:21.040+0200: 89.728: [Unloading, 0.0016806 secs], 0.0048427 secs]
 [Times: user=0.00 sys=0.00, real=0.00 secs] 
2020-09-29T12:03:21.045+0200: 89.733: [GC cleanup 1000M->27M(2048M), 0.0059101 secs]
 [Times: user=0.02 sys=0.00, real=0.01 secs] 
2020-09-29T12:03:21.051+0200: 89.739: [GC concurrent-cleanup-start]
2020-09-29T12:03:21.058+0200: 89.746: [GC concurrent-cleanup-end, 0.0074864 secs]
2020-09-29T12:03:21.232+0200: 89.920: [GC pause (G1 Evacuation Pause) (young), 0.2496439 secs]
   [Parallel Time: 246.1 ms, GC Workers: 8]
      [GC Worker Start (ms): Min: 89920.2, Avg: 89924.7, Max: 89944.5, Diff: 24.4]
      [Ext Root Scanning (ms): Min: 0.0, Avg: 0.2, Max: 0.5, Diff: 0.5, Sum: 1.9]
      [Update RS (ms): Min: 0.0, Avg: 18.2, Max: 22.8, Diff: 22.8, Sum: 145.3]
         [Processed Buffers: Min: 0, Avg: 6.5, Max: 10, Diff: 10, Sum: 52]
      [Scan RS (ms): Min: 19.4, Avg: 20.7, Max: 21.3, Diff: 1.8, Sum: 165.9]
      [Code Root Scanning (ms): Min: 0.0, Avg: 0.0, Max: 0.0, Diff: 0.0, Sum: 0.0]
      [Object Copy (ms): Min: 201.5, Avg: 201.7, Max: 202.0, Diff: 0.5, Sum: 1613.7]
      [Termination (ms): Min: 0.0, Avg: 0.3, Max: 0.5, Diff: 0.5, Sum: 2.0]
         [Termination Attempts: Min: 1, Avg: 249.6, Max: 424, Diff: 423, Sum: 1997]
      [GC Worker Other (ms): Min: 0.0, Avg: 0.0, Max: 0.1, Diff: 0.0, Sum: 0.2]
      [GC Worker Total (ms): Min: 221.2, Avg: 241.1, Max: 245.7, Diff: 24.5, Sum: 1929.0]
      [GC Worker End (ms): Min: 90165.7, Avg: 90165.8, Max: 90165.9, Diff: 0.1]
   [Code Root Fixup: 0.0 ms]
   [Code Root Purge: 0.0 ms]
   [Clear CT: 1.3 ms]
   [Other: 2.3 ms]
      [Choose CSet: 0.0 ms]
      [Ref Proc: 0.5 ms]
      [Ref Enq: 0.0 ms]
      [Redirty Cards: 0.8 ms]
      [Humongous Register: 0.1 ms]
      [Humongous Reclaim: 0.0 ms]
      [Free CSet: 0.3 ms]
   [Eden: 95.0M(95.0M)->0.0B(89.0M) Survivors: 7168.0K->13.0M Heap: 126.7M(2048.0M)->122.2M(2048.0M)]
 [Times: user=1.78 sys=0.01, real=0.25 secs] 
2020-09-29T12:03:21.692+0200: 90.380: [GC pause (G1 Evacuation Pause) (young), 0.3023822 secs]
   [Parallel Time: 299.4 ms, GC Workers: 8]
      [GC Worker Start (ms): Min: 90380.0, Avg: 90384.7, Max: 90412.5, Diff: 32.5]
      [Ext Root Scanning (ms): Min: 0.0, Avg: 0.2, Max: 0.5, Diff: 0.5, Sum: 1.9]
      [Update RS (ms): Min: 0.5, Avg: 29.2, Max: 36.6, Diff: 36.1, Sum: 233.5]
         [Processed Buffers: Min: 2, Avg: 8.8, Max: 13, Diff: 11, Sum: 70]
      [Scan RS (ms): Min: 16.6, Avg: 21.1, Max: 31.0, Diff: 14.4, Sum: 168.9]
      [Code Root Scanning (ms): Min: 0.0, Avg: 0.0, Max: 0.0, Diff: 0.0, Sum: 0.0]
      [Object Copy (ms): Min: 233.5, Avg: 243.0, Max: 245.1, Diff: 11.6, Sum: 1943.9]
      [Termination (ms): Min: 0.0, Avg: 0.7, Max: 0.8, Diff: 0.8, Sum: 5.2]
         [Termination Attempts: Min: 1, Avg: 1230.1, Max: 1542, Diff: 1541, Sum: 9841]
      [GC Worker Other (ms): Min: 0.0, Avg: 0.1, Max: 0.4, Diff: 0.3, Sum: 0.9]
      [GC Worker Total (ms): Min: 266.4, Avg: 294.3, Max: 298.9, Diff: 32.5, Sum: 2354.3]
      [GC Worker End (ms): Min: 90678.9, Avg: 90679.0, Max: 90679.0, Diff: 0.1]
   [Code Root Fixup: 0.0 ms]
   [Code Root Purge: 0.0 ms]
   [Clear CT: 0.7 ms]
   [Other: 2.3 ms]
      [Choose CSet: 0.0 ms]
      [Ref Proc: 0.8 ms]
      [Ref Enq: 0.0 ms]
      [Redirty Cards: 0.6 ms]
      [Humongous Register: 0.1 ms]
      [Humongous Reclaim: 0.0 ms]
      [Free CSet: 0.3 ms]
   [Eden: 89.0M(89.0M)->0.0B(89.0M) Survivors: 13.0M->13.0M Heap: 226.4M(2048.0M)->228.4M(2048.0M)]
 [Times: user=2.17 sys=0.00, real=0.30 secs] 
2020-09-29T12:03:22.227+0200: 90.915: [GC pause (G1 Evacuation Pause) (young), 0.3073704 secs]
   [Parallel Time: 303.9 ms, GC Workers: 8]
      [GC Worker Start (ms): Min: 90914.9, Avg: 90915.2, Max: 90915.5, Diff: 0.5]
      [Ext Root Scanning (ms): Min: 0.0, Avg: 0.2, Max: 0.5, Diff: 0.5, Sum: 1.8]
      [Update RS (ms): Min: 22.8, Avg: 24.2, Max: 25.1, Diff: 2.3, Sum: 193.7]
         [Processed Buffers: Min: 5, Avg: 6.4, Max: 9, Diff: 4, Sum: 51]
      [Scan RS (ms): Min: 23.5, Avg: 25.3, Max: 29.6, Diff: 6.1, Sum: 202.8]
      [Code Root Scanning (ms): Min: 0.0, Avg: 0.0, Max: 0.0, Diff: 0.0, Sum: 0.0]
      [Object Copy (ms): Min: 248.7, Avg: 253.4, Max: 254.3, Diff: 5.5, Sum: 2027.3]
      [Termination (ms): Min: 0.0, Avg: 0.2, Max: 0.2, Diff: 0.2, Sum: 1.5]
         [Termination Attempts: Min: 1, Avg: 90.5, Max: 133, Diff: 132, Sum: 724]
      [GC Worker Other (ms): Min: 0.0, Avg: 0.1, Max: 0.3, Diff: 0.3, Sum: 0.5]
      [GC Worker Total (ms): Min: 303.2, Avg: 303.5, Max: 303.7, Diff: 0.5, Sum: 2427.6]
      [GC Worker End (ms): Min: 91218.6, Avg: 91218.7, Max: 91218.7, Diff: 0.0]
   [Code Root Fixup: 0.0 ms]
   [Code Root Purge: 0.0 ms]
   [Clear CT: 0.6 ms]
   [Other: 2.8 ms]
      [Choose CSet: 0.0 ms]
      [Ref Proc: 0.8 ms]
      [Ref Enq: 0.0 ms]
      [Redirty Cards: 1.0 ms]
      [Humongous Register: 0.1 ms]
      [Humongous Reclaim: 0.0 ms]
      [Free CSet: 0.4 ms]
   [Eden: 89.0M(89.0M)->0.0B(89.0M) Survivors: 13.0M->13.0M Heap: 330.8M(2048.0M)->332.3M(2048.0M)]
 [Times: user=1.80 sys=0.05, real=0.31 secs] 
2020-09-29T12:03:22.741+0200: 91.429: [GC pause (G1 Evacuation Pause) (young), 0.0687791 secs]
   [Parallel Time: 67.8 ms, GC Workers: 8]
      [GC Worker Start (ms): Min: 91429.1, Avg: 91433.2, Max: 91461.2, Diff: 32.1]
      [Ext Root Scanning (ms): Min: 0.0, Avg: 0.1, Max: 0.2, Diff: 0.2, Sum: 0.8]
      [Update RS (ms): Min: 0.0, Avg: 3.7, Max: 4.6, Diff: 4.6, Sum: 29.4]
         [Processed Buffers: Min: 0, Avg: 4.0, Max: 7, Diff: 7, Sum: 32]
      [Scan RS (ms): Min: 0.0, Avg: 7.6, Max: 9.0, Diff: 9.0, Sum: 60.5]
      [Code Root Scanning (ms): Min: 0.0, Avg: 0.0, Max: 0.0, Diff: 0.0, Sum: 0.0]
      [Object Copy (ms): Min: 35.5, Avg: 52.1, Max: 54.6, Diff: 19.2, Sum: 417.0]
      [Termination (ms): Min: 0.0, Avg: 0.1, Max: 0.1, Diff: 0.1, Sum: 0.5]
         [Termination Attempts: Min: 1, Avg: 471.4, Max: 602, Diff: 601, Sum: 3771]
      [GC Worker Other (ms): Min: 0.0, Avg: 0.0, Max: 0.1, Diff: 0.0, Sum: 0.2]
      [GC Worker Total (ms): Min: 35.6, Avg: 63.6, Max: 67.7, Diff: 32.1, Sum: 508.4]
      [GC Worker End (ms): Min: 91496.8, Avg: 91496.8, Max: 91496.8, Diff: 0.0]
   [Code Root Fixup: 0.0 ms]
   [Code Root Purge: 0.0 ms]
   [Clear CT: 0.1 ms]
   [Other: 0.8 ms]
      [Choose CSet: 0.0 ms]
      [Ref Proc: 0.2 ms]
      [Ref Enq: 0.0 ms]
      [Redirty Cards: 0.2 ms]
      [Humongous Register: 0.0 ms]
      [Humongous Reclaim: 0.0 ms]
      [Free CSet: 0.1 ms]
   [Eden: 89.0M(89.0M)->0.0B(89.0M) Survivors: 13.0M->13.0M Heap: 436.5M(2048.0M)->438.5M(2048.0M)]
 [Times: user=0.47 sys=0.00, real=0.07 secs] 
2020-09-29T12:03:22.866+0200: 91.554: [GC pause (G1 Evacuation Pause) (young), 0.0540762 secs]
   [Parallel Time: 53.1 ms, GC Workers: 8]
      [GC Worker Start (ms): Min: 91553.8, Avg: 91553.8, Max: 91553.9, Diff: 0.1]
      [Ext Root Scanning (ms): Min: 0.0, Avg: 0.1, Max: 0.1, Diff: 0.1, Sum: 0.6]
      [Update RS (ms): Min: 3.5, Avg: 3.8, Max: 4.7, Diff: 1.2, Sum: 30.8]
         [Processed Buffers: Min: 5, Avg: 5.9, Max: 8, Diff: 3, Sum: 47]
      [Scan RS (ms): Min: 4.7, Avg: 5.5, Max: 6.0, Diff: 1.4, Sum: 44.2]
      [Code Root Scanning (ms): Min: 0.0, Avg: 0.0, Max: 0.0, Diff: 0.0, Sum: 0.0]
      [Object Copy (ms): Min: 43.3, Avg: 43.5, Max: 43.6, Diff: 0.3, Sum: 348.2]
      [Termination (ms): Min: 0.0, Avg: 0.0, Max: 0.1, Diff: 0.1, Sum: 0.4]
         [Termination Attempts: Min: 1, Avg: 353.9, Max: 455, Diff: 454, Sum: 2831]
      [GC Worker Other (ms): Min: 0.0, Avg: 0.0, Max: 0.0, Diff: 0.0, Sum: 0.1]
      [GC Worker Total (ms): Min: 53.0, Avg: 53.0, Max: 53.1, Diff: 0.1, Sum: 424.3]
      [GC Worker End (ms): Min: 91606.8, Avg: 91606.8, Max: 91606.9, Diff: 0.0]
   [Code Root Fixup: 0.0 ms]
   [Code Root Purge: 0.0 ms]
   [Clear CT: 0.4 ms]
   [Other: 0.6 ms]
      [Choose CSet: 0.0 ms]
      [Ref Proc: 0.2 ms]
      [Ref Enq: 0.0 ms]
      [Redirty Cards: 0.2 ms]
      [Humongous Register: 0.0 ms]
      [Humongous Reclaim: 0.0 ms]
      [Free CSet: 0.1 ms]
   [Eden: 89.0M(89.0M)->0.0B(89.0M) Survivors: 13.0M->13.0M Heap: 542.8M(2048.0M)->545.3M(2048.0M)]
 [Times: user=0.38 sys=0.00, real=0.05 secs] 
2020-09-29T12:03:22.969+0200: 91.657: [GC pause (G1 Evacuation Pause) (young), 0.0675385 secs]
   [Parallel Time: 66.8 ms, GC Workers: 8]
      [GC Worker Start (ms): Min: 91656.8, Avg: 91656.8, Max: 91656.9, Diff: 0.1]
      [Ext Root Scanning (ms): Min: 0.0, Avg: 0.1, Max: 0.1, Diff: 0.1, Sum: 0.7]
      [Update RS (ms): Min: 6.2, Avg: 7.4, Max: 13.5, Diff: 7.4, Sum: 59.0]
         [Processed Buffers: Min: 0, Avg: 7.5, Max: 10, Diff: 10, Sum: 60]
      [Scan RS (ms): Min: 0.0, Avg: 5.0, Max: 6.0, Diff: 6.0, Sum: 40.2]
      [Code Root Scanning (ms): Min: 0.0, Avg: 0.0, Max: 0.0, Diff: 0.0, Sum: 0.0]
      [Object Copy (ms): Min: 52.9, Avg: 54.1, Max: 54.3, Diff: 1.3, Sum: 432.7]
      [Termination (ms): Min: 0.0, Avg: 0.0, Max: 0.0, Diff: 0.0, Sum: 0.1]
         [Termination Attempts: Min: 1, Avg: 43.1, Max: 59, Diff: 58, Sum: 345]
      [GC Worker Other (ms): Min: 0.0, Avg: 0.0, Max: 0.1, Diff: 0.0, Sum: 0.2]
      [GC Worker Total (ms): Min: 66.5, Avg: 66.6, Max: 66.7, Diff: 0.2, Sum: 532.8]
      [GC Worker End (ms): Min: 91723.4, Avg: 91723.4, Max: 91723.4, Diff: 0.0]
   [Code Root Fixup: 0.0 ms]
   [Code Root Purge: 0.0 ms]
   [Clear CT: 0.2 ms]
   [Other: 0.6 ms]
      [Choose CSet: 0.0 ms]
      [Ref Proc: 0.2 ms]
      [Ref Enq: 0.0 ms]
      [Redirty Cards: 0.1 ms]
      [Humongous Register: 0.0 ms]
      [Humongous Reclaim: 0.0 ms]
      [Free CSet: 0.1 ms]
   [Eden: 89.0M(89.0M)->0.0B(90.0M) Survivors: 13.0M->13.0M Heap: 649.6M(2048.0M)->651.6M(2048.0M)]
 [Times: user=0.61 sys=0.00, real=0.07 secs] 
2020-09-29T12:03:23.086+0200: 91.774: [GC pause (G1 Evacuation Pause) (young), 0.0890088 secs]
   [Parallel Time: 88.1 ms, GC Workers: 8]
      [GC Worker Start (ms): Min: 91774.1, Avg: 91778.2, Max: 91790.7, Diff: 16.6]
      [Ext Root Scanning (ms): Min: 0.0, Avg: 0.2, Max: 0.6, Diff: 0.6, Sum: 1.2]
      [Update RS (ms): Min: 0.0, Avg: 6.8, Max: 9.3, Diff: 9.3, Sum: 54.6]
         [Processed Buffers: Min: 0, Avg: 7.4, Max: 14, Diff: 14, Sum: 59]
      [Scan RS (ms): Min: 0.0, Avg: 5.0, Max: 6.7, Diff: 6.7, Sum: 39.6]
      [Code Root Scanning (ms): Min: 0.0, Avg: 0.0, Max: 0.0, Diff: 0.0, Sum: 0.0]
      [Object Copy (ms): Min: 71.3, Avg: 71.8, Max: 72.1, Diff: 0.8, Sum: 574.8]
      [Termination (ms): Min: 0.0, Avg: 0.1, Max: 0.2, Diff: 0.2, Sum: 1.1]
         [Termination Attempts: Min: 1, Avg: 757.5, Max: 1074, Diff: 1073, Sum: 6060]
      [GC Worker Other (ms): Min: 0.0, Avg: 0.0, Max: 0.0, Diff: 0.0, Sum: 0.1]
      [GC Worker Total (ms): Min: 71.4, Avg: 83.9, Max: 88.1, Diff: 16.6, Sum: 671.4]
      [GC Worker End (ms): Min: 91862.1, Avg: 91862.1, Max: 91862.2, Diff: 0.0]
   [Code Root Fixup: 0.0 ms]
   [Code Root Purge: 0.0 ms]
   [Clear CT: 0.1 ms]
   [Other: 0.8 ms]
      [Choose CSet: 0.0 ms]
      [Ref Proc: 0.1 ms]
      [Ref Enq: 0.0 ms]
      [Redirty Cards: 0.2 ms]
      [Humongous Register: 0.1 ms]
      [Humongous Reclaim: 0.0 ms]
      [Free CSet: 0.2 ms]
   [Eden: 90.0M(90.0M)->0.0B(108.0M) Survivors: 13.0M->13.0M Heap: 756.8M(2048.0M)->758.8M(2048.0M)]
 [Times: user=0.56 sys=0.00, real=0.09 secs] 
2020-09-29T12:03:23.238+0200: 91.926: [GC pause (G1 Evacuation Pause) (young), 0.0972478 secs]
   [Parallel Time: 96.5 ms, GC Workers: 8]
      [GC Worker Start (ms): Min: 91925.9, Avg: 91926.0, Max: 91926.1, Diff: 0.1]
      [Ext Root Scanning (ms): Min: 0.0, Avg: 0.1, Max: 0.1, Diff: 0.1, Sum: 0.6]
      [Update RS (ms): Min: 6.7, Avg: 10.0, Max: 32.1, Diff: 25.4, Sum: 80.2]
         [Processed Buffers: Min: 0, Avg: 7.4, Max: 11, Diff: 11, Sum: 59]
      [Scan RS (ms): Min: 0.0, Avg: 6.0, Max: 7.0, Diff: 7.0, Sum: 47.8]
      [Code Root Scanning (ms): Min: 0.0, Avg: 0.0, Max: 0.0, Diff: 0.0, Sum: 0.0]
      [Object Copy (ms): Min: 63.6, Avg: 79.8, Max: 82.4, Diff: 18.9, Sum: 638.3]
      [Termination (ms): Min: 0.0, Avg: 0.4, Max: 0.6, Diff: 0.6, Sum: 3.5]
         [Termination Attempts: Min: 1, Avg: 2625.5, Max: 3598, Diff: 3597, Sum: 21004]
      [GC Worker Other (ms): Min: 0.0, Avg: 0.0, Max: 0.0, Diff: 0.0, Sum: 0.1]
      [GC Worker Total (ms): Min: 96.2, Avg: 96.3, Max: 96.4, Diff: 0.1, Sum: 770.5]
      [GC Worker End (ms): Min: 92022.3, Avg: 92022.3, Max: 92022.3, Diff: 0.0]
   [Code Root Fixup: 0.0 ms]
   [Code Root Purge: 0.0 ms]
   [Clear CT: 0.1 ms]
   [Other: 0.6 ms]
      [Choose CSet: 0.0 ms]
      [Ref Proc: 0.2 ms]
      [Ref Enq: 0.0 ms]
      [Redirty Cards: 0.1 ms]
      [Humongous Register: 0.0 ms]
      [Humongous Reclaim: 0.0 ms]
      [Free CSet: 0.1 ms]
   [Eden: 108.0M(108.0M)->0.0B(123.0M) Survivors: 13.0M->16.0M Heap: 884.0M(2048.0M)->886.0M(2048.0M)]
 [Times: user=0.77 sys=0.00, real=0.10 secs] 
2020-09-29T12:03:23.407+0200: 92.094: [GC pause (G1 Evacuation Pause) (young), 0.0782854 secs]
   [Parallel Time: 77.1 ms, GC Workers: 8]
      [GC Worker Start (ms): Min: 92094.3, Avg: 92094.3, Max: 92094.4, Diff: 0.1]
      [Ext Root Scanning (ms): Min: 0.0, Avg: 0.1, Max: 0.1, Diff: 0.1, Sum: 0.6]
      [Update RS (ms): Min: 6.6, Avg: 6.9, Max: 7.5, Diff: 0.9, Sum: 55.1]
         [Processed Buffers: Min: 8, Avg: 9.0, Max: 11, Diff: 3, Sum: 72]
      [Scan RS (ms): Min: 6.4, Avg: 7.0, Max: 7.3, Diff: 1.0, Sum: 55.8]
      [Code Root Scanning (ms): Min: 0.0, Avg: 0.0, Max: 0.0, Diff: 0.0, Sum: 0.0]
      [Object Copy (ms): Min: 62.9, Avg: 62.9, Max: 63.0, Diff: 0.2, Sum: 503.5]
      [Termination (ms): Min: 0.0, Avg: 0.1, Max: 0.1, Diff: 0.1, Sum: 0.5]
         [Termination Attempts: Min: 1, Avg: 418.1, Max: 567, Diff: 566, Sum: 3345]
      [GC Worker Other (ms): Min: 0.0, Avg: 0.0, Max: 0.0, Diff: 0.0, Sum: 0.2]
      [GC Worker Total (ms): Min: 76.9, Avg: 77.0, Max: 77.0, Diff: 0.1, Sum: 615.7]
      [GC Worker End (ms): Min: 92171.3, Avg: 92171.3, Max: 92171.3, Diff: 0.0]
   [Code Root Fixup: 0.0 ms]
   [Code Root Purge: 0.0 ms]
   [Clear CT: 0.2 ms]
   [Other: 1.0 ms]
      [Choose CSet: 0.0 ms]
      [Ref Proc: 0.4 ms]
      [Ref Enq: 0.0 ms]
      [Redirty Cards: 0.2 ms]
      [Humongous Register: 0.0 ms]
      [Humongous Reclaim: 0.0 ms]
      [Free CSet: 0.2 ms]
   [Eden: 123.0M(123.0M)->0.0B(145.0M) Survivors: 16.0M->18.0M Heap: 1030.0M(2048.0M)->1032.0M(2048.0M)]
 [Times: user=0.61 sys=0.00, real=0.08 secs] 
2020-09-29T12:03:23.496+0200: 92.184: [GC pause (G1 Humongous Allocation) (young) (initial-mark), 0.0298152 secs]
   [Parallel Time: 28.9 ms, GC Workers: 8]
      [GC Worker Start (ms): Min: 92183.9, Avg: 92184.0, Max: 92184.1, Diff: 0.2]
      [Ext Root Scanning (ms): Min: 0.0, Avg: 0.4, Max: 1.0, Diff: 1.0, Sum: 2.9]
      [Update RS (ms): Min: 9.7, Avg: 10.4, Max: 11.0, Diff: 1.3, Sum: 83.3]
         [Processed Buffers: Min: 9, Avg: 11.1, Max: 14, Diff: 5, Sum: 89]
      [Scan RS (ms): Min: 0.9, Avg: 1.2, Max: 1.4, Diff: 0.5, Sum: 9.9]
      [Code Root Scanning (ms): Min: 0.0, Avg: 0.0, Max: 0.0, Diff: 0.0, Sum: 0.0]
      [Object Copy (ms): Min: 16.5, Avg: 16.6, Max: 16.7, Diff: 0.1, Sum: 132.9]
      [Termination (ms): Min: 0.0, Avg: 0.1, Max: 0.1, Diff: 0.1, Sum: 0.7]
         [Termination Attempts: Min: 1, Avg: 593.0, Max: 779, Diff: 778, Sum: 4744]
      [GC Worker Other (ms): Min: 0.0, Avg: 0.0, Max: 0.0, Diff: 0.0, Sum: 0.1]
      [GC Worker Total (ms): Min: 28.6, Avg: 28.7, Max: 28.8, Diff: 0.2, Sum: 229.8]
      [GC Worker End (ms): Min: 92212.7, Avg: 92212.7, Max: 92212.7, Diff: 0.0]
   [Code Root Fixup: 0.0 ms]
   [Code Root Purge: 0.0 ms]
   [Clear CT: 0.2 ms]
   [Other: 0.7 ms]
      [Choose CSet: 0.0 ms]
      [Ref Proc: 0.2 ms]
      [Ref Enq: 0.0 ms]
      [Redirty Cards: 0.1 ms]
      [Humongous Register: 0.1 ms]
      [Humongous Reclaim: 0.0 ms]
      [Free CSet: 0.0 ms]
   [Eden: 9216.0K(145.0M)->0.0B(176.0M) Survivors: 18.0M->11.0M Heap: 1041.0M(2048.0M)->1045.0M(2048.0M)]
 [Times: user=0.23 sys=0.00, real=0.03 secs] 
2020-09-29T12:03:23.526+0200: 92.214: [GC concurrent-root-region-scan-start]
2020-09-29T12:03:23.528+0200: 92.216: [GC concurrent-root-region-scan-end, 0.0023185 secs]
2020-09-29T12:03:23.528+0200: 92.216: [GC concurrent-mark-start]
2020-09-29T12:03:23.532+0200: 92.220: [GC concurrent-mark-end, 0.0035154 secs]
2020-09-29T12:03:23.532+0200: 92.220: [GC remark 2020-09-29T12:03:23.532+0200: 92.220: [Finalize Marking, 0.0001473 secs] 2020-09-29T12:03:23.532+0200: 92.220: [GC ref-proc, 0.0002637 secs] 2020-09-29T12:03:23.533+0200: 92.220: [Unloading, 0.0004992 secs], 0.0012097 secs]
 [Times: user=0.00 sys=0.00, real=0.00 secs] 
2020-09-29T12:03:23.534+0200: 92.222: [GC cleanup 1061M->35M(2048M), 0.0014676 secs]
 [Times: user=0.00 sys=0.00, real=0.00 secs] 
2020-09-29T12:03:23.536+0200: 92.223: [GC concurrent-cleanup-start]
2020-09-29T12:03:23.538+0200: 92.225: [GC concurrent-cleanup-end, 0.0020258 secs]
2020-09-29T12:03:23.621+0200: 92.308: [GC pause (G1 Evacuation Pause) (young), 0.0892447 secs]
   [Parallel Time: 88.2 ms, GC Workers: 8]
      [GC Worker Start (ms): Min: 92308.5, Avg: 92308.6, Max: 92308.6, Diff: 0.1]
      [Ext Root Scanning (ms): Min: 0.0, Avg: 0.1, Max: 0.2, Diff: 0.1, Sum: 0.6]
      [Update RS (ms): Min: 6.6, Avg: 6.7, Max: 6.9, Diff: 0.4, Sum: 53.7]
         [Processed Buffers: Min: 8, Avg: 8.9, Max: 12, Diff: 4, Sum: 71]
      [Scan RS (ms): Min: 9.4, Avg: 9.6, Max: 9.7, Diff: 0.3, Sum: 76.7]
      [Code Root Scanning (ms): Min: 0.0, Avg: 0.0, Max: 0.0, Diff: 0.0, Sum: 0.0]
      [Object Copy (ms): Min: 71.4, Avg: 71.5, Max: 71.6, Diff: 0.1, Sum: 572.1]
      [Termination (ms): Min: 0.0, Avg: 0.1, Max: 0.1, Diff: 0.1, Sum: 0.6]
         [Termination Attempts: Min: 1, Avg: 514.1, Max: 690, Diff: 689, Sum: 4113]
      [GC Worker Other (ms): Min: 0.0, Avg: 0.0, Max: 0.0, Diff: 0.0, Sum: 0.2]
      [GC Worker Total (ms): Min: 87.9, Avg: 88.0, Max: 88.1, Diff: 0.1, Sum: 704.0]
      [GC Worker End (ms): Min: 92396.5, Avg: 92396.5, Max: 92396.6, Diff: 0.0]
   [Code Root Fixup: 0.0 ms]
   [Code Root Purge: 0.0 ms]
   [Clear CT: 0.2 ms]
   [Other: 0.9 ms]
      [Choose CSet: 0.0 ms]
      [Ref Proc: 0.2 ms]
      [Ref Enq: 0.0 ms]
      [Redirty Cards: 0.2 ms]
      [Humongous Register: 0.0 ms]
      [Humongous Reclaim: 0.0 ms]
      [Free CSet: 0.2 ms]
   [Eden: 176.0M(176.0M)->0.0B(189.0M) Survivors: 11.0M->24.0M Heap: 225.5M(2048.0M)->216.0M(2048.0M)]
 [Times: user=0.75 sys=0.00, real=0.09 secs] 
2020-09-29T12:03:23.807+0200: 92.495: [GC pause (G1 Evacuation Pause) (young), 0.1028307 secs]
   [Parallel Time: 101.8 ms, GC Workers: 8]
      [GC Worker Start (ms): Min: 92494.9, Avg: 92495.0, Max: 92495.0, Diff: 0.1]
      [Ext Root Scanning (ms): Min: 0.0, Avg: 0.1, Max: 0.1, Diff: 0.1, Sum: 0.6]
      [Update RS (ms): Min: 6.8, Avg: 6.9, Max: 7.2, Diff: 0.4, Sum: 55.4]
         [Processed Buffers: Min: 8, Avg: 9.6, Max: 11, Diff: 3, Sum: 77]
      [Scan RS (ms): Min: 11.4, Avg: 11.8, Max: 12.0, Diff: 0.6, Sum: 94.2]
      [Code Root Scanning (ms): Min: 0.0, Avg: 0.0, Max: 0.0, Diff: 0.0, Sum: 0.0]
      [Object Copy (ms): Min: 82.6, Avg: 82.7, Max: 82.8, Diff: 0.2, Sum: 661.9]
      [Termination (ms): Min: 0.0, Avg: 0.1, Max: 0.1, Diff: 0.1, Sum: 0.5]
         [Termination Attempts: Min: 1, Avg: 222.9, Max: 340, Diff: 339, Sum: 1783]
      [GC Worker Other (ms): Min: 0.0, Avg: 0.0, Max: 0.0, Diff: 0.0, Sum: 0.1]
      [GC Worker Total (ms): Min: 101.6, Avg: 101.6, Max: 101.6, Diff: 0.1, Sum: 812.8]
      [GC Worker End (ms): Min: 92596.6, Avg: 92596.6, Max: 92596.6, Diff: 0.0]
   [Code Root Fixup: 0.0 ms]
   [Code Root Purge: 0.0 ms]
   [Clear CT: 0.2 ms]
   [Other: 0.9 ms]
      [Choose CSet: 0.0 ms]
      [Ref Proc: 0.2 ms]
      [Ref Enq: 0.0 ms]
      [Redirty Cards: 0.2 ms]
      [Humongous Register: 0.0 ms]
      [Humongous Reclaim: 0.0 ms]
      [Free CSet: 0.2 ms]
   [Eden: 180.0M(180.0M)->0.0B(213.0M) Survivors: 24.0M->26.0M Heap: 426.5M(2048.0M)->428.0M(2048.0M)]
 [Times: user=0.73 sys=0.02, real=0.10 secs] 
2020-09-29T12:03:24.049+0200: 92.737: [GC pause (G1 Evacuation Pause) (young), 0.1242190 secs]
   [Parallel Time: 123.0 ms, GC Workers: 8]
      [GC Worker Start (ms): Min: 92737.2, Avg: 92737.3, Max: 92737.4, Diff: 0.2]
      [Ext Root Scanning (ms): Min: 0.0, Avg: 0.1, Max: 0.2, Diff: 0.1, Sum: 0.7]
      [Update RS (ms): Min: 9.7, Avg: 10.1, Max: 10.6, Diff: 0.9, Sum: 81.1]
         [Processed Buffers: Min: 9, Avg: 10.4, Max: 13, Diff: 4, Sum: 83]
      [Scan RS (ms): Min: 13.4, Avg: 14.0, Max: 14.3, Diff: 0.9, Sum: 111.6]
      [Code Root Scanning (ms): Min: 0.0, Avg: 0.0, Max: 0.0, Diff: 0.0, Sum: 0.0]
      [Object Copy (ms): Min: 98.5, Avg: 98.5, Max: 98.6, Diff: 0.1, Sum: 788.2]
      [Termination (ms): Min: 0.0, Avg: 0.0, Max: 0.1, Diff: 0.1, Sum: 0.4]
         [Termination Attempts: Min: 1, Avg: 311.4, Max: 408, Diff: 407, Sum: 2491]
      [GC Worker Other (ms): Min: 0.0, Avg: 0.0, Max: 0.1, Diff: 0.1, Sum: 0.3]
      [GC Worker Total (ms): Min: 122.7, Avg: 122.8, Max: 122.9, Diff: 0.2, Sum: 982.3]
      [GC Worker End (ms): Min: 92860.1, Avg: 92860.1, Max: 92860.1, Diff: 0.1]
   [Code Root Fixup: 0.0 ms]
   [Code Root Purge: 0.0 ms]
   [Clear CT: 0.2 ms]
   [Other: 1.0 ms]
      [Choose CSet: 0.0 ms]
      [Ref Proc: 0.1 ms]
      [Ref Enq: 0.0 ms]
      [Redirty Cards: 0.3 ms]
      [Humongous Register: 0.0 ms]
      [Humongous Reclaim: 0.0 ms]
      [Free CSet: 0.3 ms]
   [Eden: 213.0M(213.0M)->0.0B(222.0M) Survivors: 26.0M->30.0M Heap: 675.4M(2048.0M)->677.9M(2048.0M)]
 [Times: user=0.98 sys=0.00, real=0.13 secs] 
2020-09-29T12:03:24.300+0200: 92.988: [GC pause (G1 Evacuation Pause) (young), 0.1277232 secs]
   [Parallel Time: 126.6 ms, GC Workers: 8]
      [GC Worker Start (ms): Min: 92988.1, Avg: 92988.2, Max: 92988.2, Diff: 0.2]
      [Ext Root Scanning (ms): Min: 0.0, Avg: 0.1, Max: 0.2, Diff: 0.2, Sum: 0.5]
      [Update RS (ms): Min: 9.4, Avg: 9.4, Max: 9.6, Diff: 0.3, Sum: 75.6]
         [Processed Buffers: Min: 8, Avg: 11.1, Max: 14, Diff: 6, Sum: 89]
      [Scan RS (ms): Min: 14.3, Avg: 14.5, Max: 14.6, Diff: 0.3, Sum: 116.2]
      [Code Root Scanning (ms): Min: 0.0, Avg: 0.0, Max: 0.0, Diff: 0.0, Sum: 0.0]
      [Object Copy (ms): Min: 102.2, Avg: 102.3, Max: 102.3, Diff: 0.1, Sum: 818.1]
      [Termination (ms): Min: 0.0, Avg: 0.0, Max: 0.0, Diff: 0.0, Sum: 0.3]
         [Termination Attempts: Min: 1, Avg: 236.9, Max: 294, Diff: 293, Sum: 1895]
      [GC Worker Other (ms): Min: 0.0, Avg: 0.0, Max: 0.1, Diff: 0.0, Sum: 0.2]
      [GC Worker Total (ms): Min: 126.3, Avg: 126.4, Max: 126.5, Diff: 0.2, Sum: 1010.9]
      [GC Worker End (ms): Min: 93114.5, Avg: 93114.5, Max: 93114.6, Diff: 0.0]
   [Code Root Fixup: 0.0 ms]
   [Code Root Purge: 0.0 ms]
   [Clear CT: 0.2 ms]
   [Other: 1.0 ms]
      [Choose CSet: 0.0 ms]
      [Ref Proc: 0.2 ms]
      [Ref Enq: 0.0 ms]
      [Redirty Cards: 0.4 ms]
      [Humongous Register: 0.0 ms]
      [Humongous Reclaim: 0.0 ms]
      [Free CSet: 0.2 ms]
   [Eden: 222.0M(222.0M)->0.0B(235.0M) Survivors: 30.0M->32.0M Heap: 938.0M(2048.0M)->940.0M(2048.0M)]
 [Times: user=1.03 sys=0.02, real=0.13 secs] 
2020-09-29T12:03:24.461+0200: 93.149: [GC pause (G1 Humongous Allocation) (young) (initial-mark), 0.0490417 secs]
   [Parallel Time: 48.2 ms, GC Workers: 8]
      [GC Worker Start (ms): Min: 93149.2, Avg: 93149.2, Max: 93149.3, Diff: 0.1]
      [Ext Root Scanning (ms): Min: 0.0, Avg: 0.1, Max: 0.1, Diff: 0.1, Sum: 0.7]
      [Update RS (ms): Min: 10.3, Avg: 10.5, Max: 10.8, Diff: 0.6, Sum: 84.0]
         [Processed Buffers: Min: 11, Avg: 11.8, Max: 13, Diff: 2, Sum: 94]
      [Scan RS (ms): Min: 1.9, Avg: 2.9, Max: 6.9, Diff: 5.0, Sum: 22.8]
      [Code Root Scanning (ms): Min: 0.0, Avg: 0.0, Max: 0.0, Diff: 0.0, Sum: 0.0]
      [Object Copy (ms): Min: 30.5, Avg: 34.5, Max: 35.1, Diff: 4.6, Sum: 275.8]
      [Termination (ms): Min: 0.0, Avg: 0.0, Max: 0.1, Diff: 0.1, Sum: 0.4]
         [Termination Attempts: Min: 1, Avg: 281.5, Max: 420, Diff: 419, Sum: 2252]
      [GC Worker Other (ms): Min: 0.0, Avg: 0.0, Max: 0.0, Diff: 0.0, Sum: 0.2]
      [GC Worker Total (ms): Min: 47.9, Avg: 48.0, Max: 48.0, Diff: 0.1, Sum: 383.8]
      [GC Worker End (ms): Min: 93197.2, Avg: 93197.2, Max: 93197.2, Diff: 0.0]
   [Code Root Fixup: 0.0 ms]
   [Code Root Purge: 0.0 ms]
   [Clear CT: 0.2 ms]
   [Other: 0.7 ms]
      [Choose CSet: 0.0 ms]
      [Ref Proc: 0.2 ms]
      [Ref Enq: 0.0 ms]
      [Redirty Cards: 0.1 ms]
      [Humongous Register: 0.0 ms]
      [Humongous Reclaim: 0.0 ms]
      [Free CSet: 0.1 ms]
   [Eden: 45.0M(235.0M)->0.0B(255.0M) Survivors: 32.0M->34.0M Heap: 990.2M(2048.0M)->991.7M(2048.0M)]
 [Times: user=0.38 sys=0.00, real=0.05 secs] 
2020-09-29T12:03:24.510+0200: 93.198: [GC concurrent-root-region-scan-start]
2020-09-29T12:03:24.519+0200: 93.206: [GC concurrent-root-region-scan-end, 0.0080392 secs]
2020-09-29T12:03:24.519+0200: 93.206: [GC concurrent-mark-start]
2020-09-29T12:03:24.522+0200: 93.209: [GC concurrent-mark-end, 0.0032013 secs]
2020-09-29T12:03:24.522+0200: 93.210: [GC remark 2020-09-29T12:03:24.522+0200: 93.210: [Finalize Marking, 0.0001914 secs] 2020-09-29T12:03:24.522+0200: 93.210: [GC ref-proc, 0.0002899 secs] 2020-09-29T12:03:24.522+0200: 93.210: [Unloading, 0.0004556 secs], 0.0012062 secs]
 [Times: user=0.00 sys=0.00, real=0.00 secs] 
2020-09-29T12:03:24.523+0200: 93.211: [GC cleanup 1017M->67M(2048M), 0.0014048 secs]
 [Times: user=0.00 sys=0.00, real=0.00 secs] 
2020-09-29T12:03:24.525+0200: 93.213: [GC concurrent-cleanup-start]
2020-09-29T12:03:24.526+0200: 93.214: [GC concurrent-cleanup-end, 0.0011693 secs]
2020-09-29T12:03:24.635+0200: 93.323: [GC pause (G1 Evacuation Pause) (young), 0.1227905 secs]
   [Parallel Time: 121.6 ms, GC Workers: 8]
      [GC Worker Start (ms): Min: 93323.3, Avg: 93323.5, Max: 93323.6, Diff: 0.2]
      [Ext Root Scanning (ms): Min: 0.0, Avg: 0.1, Max: 0.2, Diff: 0.2, Sum: 0.6]
      [Update RS (ms): Min: 10.2, Avg: 10.3, Max: 10.5, Diff: 0.3, Sum: 82.5]
         [Processed Buffers: Min: 11, Avg: 13.0, Max: 14, Diff: 3, Sum: 104]
      [Scan RS (ms): Min: 12.3, Avg: 12.5, Max: 12.7, Diff: 0.4, Sum: 100.0]
      [Code Root Scanning (ms): Min: 0.0, Avg: 0.0, Max: 0.0, Diff: 0.0, Sum: 0.0]
      [Object Copy (ms): Min: 98.2, Avg: 98.4, Max: 98.4, Diff: 0.2, Sum: 787.0]
      [Termination (ms): Min: 0.0, Avg: 0.0, Max: 0.0, Diff: 0.0, Sum: 0.1]
         [Termination Attempts: Min: 1, Avg: 107.1, Max: 153, Diff: 152, Sum: 857]
      [GC Worker Other (ms): Min: 0.0, Avg: 0.0, Max: 0.1, Diff: 0.0, Sum: 0.3]
      [GC Worker Total (ms): Min: 121.2, Avg: 121.3, Max: 121.4, Diff: 0.2, Sum: 970.5]
      [GC Worker End (ms): Min: 93444.8, Avg: 93444.8, Max: 93444.8, Diff: 0.0]
   [Code Root Fixup: 0.0 ms]
   [Code Root Purge: 0.0 ms]
   [Clear CT: 0.2 ms]
   [Other: 1.0 ms]
      [Choose CSet: 0.0 ms]
      [Ref Proc: 0.2 ms]
      [Ref Enq: 0.0 ms]
      [Redirty Cards: 0.2 ms]
      [Humongous Register: 0.1 ms]
      [Humongous Reclaim: 0.0 ms]
      [Free CSet: 0.3 ms]
   [Eden: 255.0M(255.0M)->0.0B(274.0M) Survivors: 34.0M->37.0M Heap: 340.9M(2048.0M)->308.9M(2048.0M)]
 [Times: user=1.00 sys=0.00, real=0.12 secs] 
2020-09-29T12:03:24.913+0200: 93.600: [GC pause (G1 Evacuation Pause) (young), 0.1615769 secs]
   [Parallel Time: 160.4 ms, GC Workers: 8]
      [GC Worker Start (ms): Min: 93600.1, Avg: 93600.2, Max: 93600.2, Diff: 0.1]
      [Ext Root Scanning (ms): Min: 0.0, Avg: 0.1, Max: 0.1, Diff: 0.1, Sum: 0.6]
      [Update RS (ms): Min: 11.3, Avg: 11.3, Max: 11.4, Diff: 0.1, Sum: 90.4]
         [Processed Buffers: Min: 13, Avg: 14.0, Max: 16, Diff: 3, Sum: 112]
      [Scan RS (ms): Min: 18.3, Avg: 18.4, Max: 18.6, Diff: 0.3, Sum: 147.3]
      [Code Root Scanning (ms): Min: 0.0, Avg: 0.0, Max: 0.0, Diff: 0.0, Sum: 0.0]
      [Object Copy (ms): Min: 130.2, Avg: 130.3, Max: 130.4, Diff: 0.2, Sum: 1042.7]
      [Termination (ms): Min: 0.0, Avg: 0.1, Max: 0.1, Diff: 0.1, Sum: 0.5]
         [Termination Attempts: Min: 1, Avg: 532.4, Max: 681, Diff: 680, Sum: 4259]
      [GC Worker Other (ms): Min: 0.0, Avg: 0.0, Max: 0.1, Diff: 0.1, Sum: 0.3]
      [GC Worker Total (ms): Min: 160.2, Avg: 160.2, Max: 160.3, Diff: 0.2, Sum: 1281.9]
      [GC Worker End (ms): Min: 93760.4, Avg: 93760.4, Max: 93760.4, Diff: 0.1]
   [Code Root Fixup: 0.0 ms]
   [Code Root Purge: 0.0 ms]
   [Clear CT: 0.2 ms]
   [Other: 1.0 ms]
      [Choose CSet: 0.0 ms]
      [Ref Proc: 0.2 ms]
      [Ref Enq: 0.0 ms]
      [Redirty Cards: 0.2 ms]
      [Humongous Register: 0.0 ms]
      [Humongous Reclaim: 0.0 ms]
      [Free CSet: 0.3 ms]
   [Eden: 274.0M(274.0M)->0.0B(272.0M) Survivors: 37.0M->39.0M Heap: 628.6M(2048.0M)->630.6M(2048.0M)]
 [Times: user=1.20 sys=0.02, real=0.16 secs] 
2020-09-29T12:03:25.232+0200: 93.920: [GC pause (G1 Evacuation Pause) (young), 0.1712226 secs]
   [Parallel Time: 170.0 ms, GC Workers: 8]
      [GC Worker Start (ms): Min: 93919.8, Avg: 93919.8, Max: 93919.9, Diff: 0.1]
      [Ext Root Scanning (ms): Min: 0.0, Avg: 0.1, Max: 0.1, Diff: 0.1, Sum: 0.6]
      [Update RS (ms): Min: 15.3, Avg: 15.7, Max: 16.1, Diff: 0.9, Sum: 125.6]
         [Processed Buffers: Min: 12, Avg: 13.8, Max: 15, Diff: 3, Sum: 110]
      [Scan RS (ms): Min: 18.9, Avg: 19.2, Max: 19.5, Diff: 0.6, Sum: 153.3]
      [Code Root Scanning (ms): Min: 0.0, Avg: 0.0, Max: 0.0, Diff: 0.0, Sum: 0.0]
      [Object Copy (ms): Min: 134.5, Avg: 134.7, Max: 134.9, Diff: 0.4, Sum: 1077.6]
      [Termination (ms): Min: 0.0, Avg: 0.2, Max: 0.2, Diff: 0.2, Sum: 1.3]
         [Termination Attempts: Min: 1, Avg: 1127.5, Max: 1376, Diff: 1375, Sum: 9020]
      [GC Worker Other (ms): Min: 0.0, Avg: 0.0, Max: 0.0, Diff: 0.0, Sum: 0.1]
      [GC Worker Total (ms): Min: 169.8, Avg: 169.8, Max: 169.9, Diff: 0.1, Sum: 1358.6]
      [GC Worker End (ms): Min: 94089.6, Avg: 94089.7, Max: 94089.7, Diff: 0.0]
   [Code Root Fixup: 0.0 ms]
   [Code Root Purge: 0.0 ms]
   [Clear CT: 0.2 ms]
   [Other: 1.0 ms]
      [Choose CSet: 0.0 ms]
      [Ref Proc: 0.2 ms]
      [Ref Enq: 0.0 ms]
      [Redirty Cards: 0.3 ms]
      [Humongous Register: 0.0 ms]
      [Humongous Reclaim: 0.0 ms]
      [Free CSet: 0.3 ms]
   [Eden: 272.0M(272.0M)->0.0B(270.0M) Survivors: 39.0M->39.0M Heap: 946.5M(2048.0M)->948.0M(2048.0M)]
 [Times: user=1.36 sys=0.00, real=0.17 secs] 
2020-09-29T12:03:25.422+0200: 94.111: [GC pause (G1 Humongous Allocation) (young) (initial-mark), 0.0611878 secs]
   [Parallel Time: 60.2 ms, GC Workers: 8]
      [GC Worker Start (ms): Min: 94110.7, Avg: 94110.7, Max: 94110.8, Diff: 0.1]
      [Ext Root Scanning (ms): Min: 0.0, Avg: 3.0, Max: 22.9, Diff: 22.9, Sum: 24.1]
      [Update RS (ms): Min: 5.6, Avg: 25.1, Max: 28.1, Diff: 22.6, Sum: 200.7]
         [Processed Buffers: Min: 7, Avg: 28.1, Max: 33, Diff: 26, Sum: 225]
      [Scan RS (ms): Min: 2.2, Avg: 2.6, Max: 2.8, Diff: 0.6, Sum: 20.5]
      [Code Root Scanning (ms): Min: 0.0, Avg: 0.0, Max: 0.0, Diff: 0.0, Sum: 0.0]
      [Object Copy (ms): Min: 29.2, Avg: 29.3, Max: 29.3, Diff: 0.1, Sum: 234.4]
      [Termination (ms): Min: 0.0, Avg: 0.1, Max: 0.1, Diff: 0.1, Sum: 0.5]
         [Termination Attempts: Min: 1, Avg: 434.8, Max: 586, Diff: 585, Sum: 3478]
      [GC Worker Other (ms): Min: 0.0, Avg: 0.0, Max: 0.0, Diff: 0.0, Sum: 0.1]
      [GC Worker Total (ms): Min: 60.0, Avg: 60.0, Max: 60.1, Diff: 0.1, Sum: 480.3]
      [GC Worker End (ms): Min: 94170.8, Avg: 94170.8, Max: 94170.8, Diff: 0.0]
   [Code Root Fixup: 0.0 ms]
   [Code Root Purge: 0.0 ms]
   [Clear CT: 0.2 ms]
   [Other: 0.8 ms]
      [Choose CSet: 0.0 ms]
      [Ref Proc: 0.2 ms]
      [Ref Enq: 0.0 ms]
      [Redirty Cards: 0.2 ms]
      [Humongous Register: 0.0 ms]
      [Humongous Reclaim: 0.0 ms]
      [Free CSet: 0.1 ms]
   [Eden: 24.0M(270.0M)->0.0B(286.0M) Survivors: 39.0M->26.0M Heap: 975.3M(2048.0M)->979.3M(2048.0M)]
 [Times: user=0.47 sys=0.00, real=0.06 secs] 
2020-09-29T12:03:25.484+0200: 94.172: [GC concurrent-root-region-scan-start]
2020-09-29T12:03:25.491+0200: 94.179: [GC concurrent-root-region-scan-end, 0.0073146 secs]
2020-09-29T12:03:25.491+0200: 94.179: [GC concurrent-mark-start]
2020-09-29T12:03:25.495+0200: 94.183: [GC concurrent-mark-end, 0.0037187 secs]
2020-09-29T12:03:25.495+0200: 94.183: [GC remark 2020-09-29T12:03:25.495+0200: 94.183: [Finalize Marking, 0.0001721 secs] 2020-09-29T12:03:25.495+0200: 94.183: [GC ref-proc, 0.0003110 secs] 2020-09-29T12:03:25.495+0200: 94.184: [Unloading, 0.0003846 secs], 0.0012782 secs]
 [Times: user=0.00 sys=0.00, real=0.00 secs] 
2020-09-29T12:03:25.497+0200: 94.185: [GC cleanup 1003M->57M(2048M), 0.0012061 secs]
 [Times: user=0.00 sys=0.00, real=0.00 secs] 
2020-09-29T12:03:25.498+0200: 94.186: [GC concurrent-cleanup-start]
2020-09-29T12:03:25.499+0200: 94.187: [GC concurrent-cleanup-end, 0.0009932 secs]
2020-09-29T12:03:25.631+0200: 94.319: [GC pause (G1 Evacuation Pause) (young), 0.1452135 secs]
   [Parallel Time: 144.2 ms, GC Workers: 8]
      [GC Worker Start (ms): Min: 94319.1, Avg: 94319.2, Max: 94319.3, Diff: 0.1]
      [Ext Root Scanning (ms): Min: 0.0, Avg: 0.1, Max: 0.5, Diff: 0.5, Sum: 1.0]
      [Update RS (ms): Min: 14.7, Avg: 15.4, Max: 16.2, Diff: 1.4, Sum: 123.1]
         [Processed Buffers: Min: 15, Avg: 16.5, Max: 18, Diff: 3, Sum: 132]
      [Scan RS (ms): Min: 12.9, Avg: 13.6, Max: 13.9, Diff: 1.1, Sum: 109.1]
      [Code Root Scanning (ms): Min: 0.0, Avg: 0.0, Max: 0.0, Diff: 0.0, Sum: 0.0]
      [Object Copy (ms): Min: 114.7, Avg: 114.8, Max: 114.9, Diff: 0.2, Sum: 918.7]
      [Termination (ms): Min: 0.0, Avg: 0.0, Max: 0.0, Diff: 0.0, Sum: 0.1]
         [Termination Attempts: Min: 1, Avg: 116.1, Max: 163, Diff: 162, Sum: 929]
      [GC Worker Other (ms): Min: 0.0, Avg: 0.0, Max: 0.1, Diff: 0.1, Sum: 0.3]
      [GC Worker Total (ms): Min: 143.9, Avg: 144.0, Max: 144.1, Diff: 0.2, Sum: 1152.3]
      [GC Worker End (ms): Min: 94463.2, Avg: 94463.2, Max: 94463.2, Diff: 0.1]
   [Code Root Fixup: 0.0 ms]
   [Code Root Purge: 0.0 ms]
   [Clear CT: 0.2 ms]
   [Other: 0.8 ms]
      [Choose CSet: 0.0 ms]
      [Ref Proc: 0.1 ms]
      [Ref Enq: 0.0 ms]
      [Redirty Cards: 0.2 ms]
      [Humongous Register: 0.0 ms]
      [Humongous Reclaim: 0.0 ms]
      [Free CSet: 0.2 ms]
   [Eden: 286.0M(286.0M)->0.0B(290.0M) Survivors: 26.0M->39.0M Heap: 367.2M(2048.0M)->343.7M(2048.0M)]
 [Times: user=1.08 sys=0.00, real=0.14 secs] 
2020-09-29T12:03:25.928+0200: 94.616: [GC pause (G1 Evacuation Pause) (young), 0.1829918 secs]
   [Parallel Time: 181.8 ms, GC Workers: 8]
      [GC Worker Start (ms): Min: 94616.0, Avg: 94616.1, Max: 94616.2, Diff: 0.2]
      [Ext Root Scanning (ms): Min: 0.0, Avg: 0.1, Max: 0.2, Diff: 0.2, Sum: 0.4]
      [Update RS (ms): Min: 18.0, Avg: 18.1, Max: 18.2, Diff: 0.1, Sum: 145.0]
         [Processed Buffers: Min: 17, Avg: 19.8, Max: 21, Diff: 4, Sum: 158]
      [Scan RS (ms): Min: 18.0, Avg: 18.0, Max: 18.2, Diff: 0.2, Sum: 144.4]
      [Code Root Scanning (ms): Min: 0.0, Avg: 0.0, Max: 0.0, Diff: 0.0, Sum: 0.0]
      [Object Copy (ms): Min: 144.9, Avg: 145.1, Max: 145.3, Diff: 0.4, Sum: 1160.7]
      [Termination (ms): Min: 0.0, Avg: 0.2, Max: 0.3, Diff: 0.3, Sum: 1.8]
         [Termination Attempts: Min: 1, Avg: 1466.1, Max: 1851, Diff: 1850, Sum: 11729]
      [GC Worker Other (ms): Min: 0.0, Avg: 0.0, Max: 0.0, Diff: 0.0, Sum: 0.2]
      [GC Worker Total (ms): Min: 181.5, Avg: 181.5, Max: 181.7, Diff: 0.2, Sum: 1452.4]
      [GC Worker End (ms): Min: 94797.7, Avg: 94797.7, Max: 94797.7, Diff: 0.0]
   [Code Root Fixup: 0.0 ms]
   [Code Root Purge: 0.0 ms]
   [Clear CT: 0.2 ms]
   [Other: 1.0 ms]
      [Choose CSet: 0.0 ms]
      [Ref Proc: 0.2 ms]
      [Ref Enq: 0.0 ms]
      [Redirty Cards: 0.2 ms]
      [Humongous Register: 0.0 ms]
      [Humongous Reclaim: 0.0 ms]
      [Free CSet: 0.3 ms]
   [Eden: 290.0M(290.0M)->0.0B(279.0M) Survivors: 39.0M->42.0M Heap: 683.3M(2048.0M)->684.8M(2048.0M)]
 [Times: user=1.38 sys=0.00, real=0.18 secs] 
2020-09-29T12:03:26.274+0200: 94.962: [GC pause (G1 Evacuation Pause) (young), 0.1644792 secs]
   [Parallel Time: 163.5 ms, GC Workers: 8]
      [GC Worker Start (ms): Min: 94962.5, Avg: 94962.6, Max: 94962.7, Diff: 0.1]
      [Ext Root Scanning (ms): Min: 0.0, Avg: 0.1, Max: 0.1, Diff: 0.1, Sum: 0.6]
      [Update RS (ms): Min: 16.7, Avg: 17.0, Max: 17.5, Diff: 0.8, Sum: 136.0]
         [Processed Buffers: Min: 16, Avg: 18.0, Max: 21, Diff: 5, Sum: 144]
      [Scan RS (ms): Min: 15.8, Avg: 16.2, Max: 16.5, Diff: 0.7, Sum: 129.9]
      [Code Root Scanning (ms): Min: 0.0, Avg: 0.0, Max: 0.0, Diff: 0.0, Sum: 0.0]
      [Object Copy (ms): Min: 129.8, Avg: 129.9, Max: 130.0, Diff: 0.2, Sum: 1039.4]
      [Termination (ms): Min: 0.0, Avg: 0.0, Max: 0.0, Diff: 0.0, Sum: 0.3]
         [Termination Attempts: Min: 1, Avg: 235.9, Max: 309, Diff: 308, Sum: 1887]
      [GC Worker Other (ms): Min: 0.1, Avg: 0.1, Max: 0.1, Diff: 0.0, Sum: 0.6]
      [GC Worker Total (ms): Min: 163.3, Avg: 163.3, Max: 163.4, Diff: 0.1, Sum: 1306.7]
      [GC Worker End (ms): Min: 95125.9, Avg: 95125.9, Max: 95125.9, Diff: 0.0]
   [Code Root Fixup: 0.0 ms]
   [Code Root Purge: 0.0 ms]
   [Clear CT: 0.1 ms]
   [Other: 0.9 ms]
      [Choose CSet: 0.0 ms]
      [Ref Proc: 0.1 ms]
      [Ref Enq: 0.0 ms]
      [Redirty Cards: 0.2 ms]
      [Humongous Register: 0.0 ms]
      [Humongous Reclaim: 0.0 ms]
      [Free CSet: 0.3 ms]
   [Eden: 279.0M(279.0M)->0.0B(284.0M) Survivors: 42.0M->41.0M Heap: 1009.6M(2048.0M)->1011.6M(2048.0M)]
 [Times: user=1.25 sys=0.00, real=0.16 secs] 
2020-09-29T12:03:26.447+0200: 95.135: [GC pause (G1 Humongous Allocation) (young) (initial-mark), 0.0587460 secs]
   [Parallel Time: 57.8 ms, GC Workers: 8]
      [GC Worker Start (ms): Min: 95135.2, Avg: 95135.2, Max: 95135.3, Diff: 0.2]
      [Ext Root Scanning (ms): Min: 0.0, Avg: 0.1, Max: 0.2, Diff: 0.2, Sum: 1.1]
      [Update RS (ms): Min: 36.5, Avg: 36.7, Max: 37.0, Diff: 0.5, Sum: 293.7]
         [Processed Buffers: Min: 40, Avg: 42.6, Max: 46, Diff: 6, Sum: 341]
      [Scan RS (ms): Min: 2.3, Avg: 2.6, Max: 2.8, Diff: 0.5, Sum: 20.9]
      [Code Root Scanning (ms): Min: 0.0, Avg: 0.0, Max: 0.0, Diff: 0.0, Sum: 0.0]
      [Object Copy (ms): Min: 18.1, Avg: 18.1, Max: 18.2, Diff: 0.1, Sum: 145.2]
      [Termination (ms): Min: 0.0, Avg: 0.0, Max: 0.0, Diff: 0.0, Sum: 0.0]
         [Termination Attempts: Min: 1, Avg: 13.1, Max: 20, Diff: 19, Sum: 105]
      [GC Worker Other (ms): Min: 0.0, Avg: 0.0, Max: 0.0, Diff: 0.0, Sum: 0.2]
      [GC Worker Total (ms): Min: 57.5, Avg: 57.6, Max: 57.7, Diff: 0.2, Sum: 461.0]
      [GC Worker End (ms): Min: 95192.8, Avg: 95192.9, Max: 95192.9, Diff: 0.0]
   [Code Root Fixup: 0.0 ms]
   [Code Root Purge: 0.0 ms]
   [Clear CT: 0.2 ms]
   [Other: 0.8 ms]
      [Choose CSet: 0.0 ms]
      [Ref Proc: 0.2 ms]
      [Ref Enq: 0.0 ms]
      [Redirty Cards: 0.2 ms]
      [Humongous Register: 0.1 ms]
      [Humongous Reclaim: 0.0 ms]
      [Free CSet: 0.1 ms]
   [Eden: 4096.0K(284.0M)->0.0B(324.0M) Survivors: 41.0M->6144.0K Heap: 1015.1M(2048.0M)->1019.1M(2048.0M)]
 [Times: user=0.50 sys=0.00, real=0.06 secs] 
2020-09-29T12:03:26.506+0200: 95.194: [GC concurrent-root-region-scan-start]
2020-09-29T12:03:26.507+0200: 95.195: [GC concurrent-root-region-scan-end, 0.0010313 secs]
2020-09-29T12:03:26.507+0200: 95.195: [GC concurrent-mark-start]
2020-09-29T12:03:26.510+0200: 95.198: [GC concurrent-mark-end, 0.0029007 secs]
2020-09-29T12:03:26.510+0200: 95.198: [GC remark 2020-09-29T12:03:26.510+0200: 95.198: [Finalize Marking, 0.0002129 secs] 2020-09-29T12:03:26.510+0200: 95.198: [GC ref-proc, 0.0002894 secs] 2020-09-29T12:03:26.510+0200: 95.199: [Unloading, 0.0004298 secs], 0.0012178 secs]
 [Times: user=0.00 sys=0.00, real=0.00 secs] 
2020-09-29T12:03:26.511+0200: 95.200: [GC cleanup 1029M->24M(2048M), 0.0012283 secs]
 [Times: user=0.00 sys=0.00, real=0.00 secs] 
2020-09-29T12:03:26.513+0200: 95.201: [GC concurrent-cleanup-start]
2020-09-29T12:03:26.514+0200: 95.202: [GC concurrent-cleanup-end, 0.0011325 secs]
2020-09-29T12:03:26.685+0200: 95.373: [GC pause (G1 Evacuation Pause) (young), 0.1604508 secs]
   [Parallel Time: 159.2 ms, GC Workers: 8]
      [GC Worker Start (ms): Min: 95373.0, Avg: 95373.1, Max: 95373.2, Diff: 0.2]
      [Ext Root Scanning (ms): Min: 0.0, Avg: 0.1, Max: 0.2, Diff: 0.2, Sum: 0.5]
      [Update RS (ms): Min: 15.7, Avg: 15.9, Max: 16.6, Diff: 0.9, Sum: 127.0]
         [Processed Buffers: Min: 17, Avg: 18.9, Max: 21, Diff: 4, Sum: 151]
      [Scan RS (ms): Min: 15.0, Avg: 15.8, Max: 16.1, Diff: 1.1, Sum: 126.4]
      [Code Root Scanning (ms): Min: 0.0, Avg: 0.0, Max: 0.0, Diff: 0.0, Sum: 0.0]
      [Object Copy (ms): Min: 127.1, Avg: 127.2, Max: 127.3, Diff: 0.2, Sum: 1017.7]
      [Termination (ms): Min: 0.0, Avg: 0.0, Max: 0.0, Diff: 0.0, Sum: 0.3]
         [Termination Attempts: Min: 1, Avg: 242.8, Max: 295, Diff: 294, Sum: 1942]
      [GC Worker Other (ms): Min: 0.0, Avg: 0.0, Max: 0.1, Diff: 0.0, Sum: 0.3]
      [GC Worker Total (ms): Min: 158.9, Avg: 159.0, Max: 159.2, Diff: 0.2, Sum: 1272.2]
      [GC Worker End (ms): Min: 95532.1, Avg: 95532.2, Max: 95532.2, Diff: 0.0]
   [Code Root Fixup: 0.0 ms]
   [Code Root Purge: 0.0 ms]
   [Clear CT: 0.2 ms]
   [Other: 1.0 ms]
      [Choose CSet: 0.0 ms]
      [Ref Proc: 0.2 ms]
      [Ref Enq: 0.0 ms]
      [Redirty Cards: 0.2 ms]
      [Humongous Register: 0.0 ms]
      [Humongous Reclaim: 0.0 ms]
      [Free CSet: 0.3 ms]
   [Eden: 324.0M(324.0M)->0.0B(303.0M) Survivors: 6144.0K->42.0M Heap: 392.8M(2048.0M)->388.8M(2048.0M)]
 [Times: user=1.23 sys=0.01, real=0.16 secs] 
2020-09-29T12:03:27.020+0200: 95.709: [GC pause (G1 Evacuation Pause) (young), 0.1842232 secs]
   [Parallel Time: 183.0 ms, GC Workers: 8]
      [GC Worker Start (ms): Min: 95708.6, Avg: 95708.8, Max: 95708.9, Diff: 0.2]
      [Ext Root Scanning (ms): Min: 0.0, Avg: 0.1, Max: 0.2, Diff: 0.2, Sum: 0.4]
      [Update RS (ms): Min: 19.8, Avg: 20.2, Max: 20.5, Diff: 0.7, Sum: 161.4]
         [Processed Buffers: Min: 17, Avg: 20.6, Max: 26, Diff: 9, Sum: 165]
      [Scan RS (ms): Min: 18.6, Avg: 19.0, Max: 19.4, Diff: 0.7, Sum: 152.3]
      [Code Root Scanning (ms): Min: 0.0, Avg: 0.0, Max: 0.0, Diff: 0.0, Sum: 0.0]
      [Object Copy (ms): Min: 143.2, Avg: 143.3, Max: 143.5, Diff: 0.3, Sum: 1146.5]
      [Termination (ms): Min: 0.0, Avg: 0.2, Max: 0.2, Diff: 0.2, Sum: 1.3]
         [Termination Attempts: Min: 1, Avg: 1154.4, Max: 1437, Diff: 1436, Sum: 9235]
      [GC Worker Other (ms): Min: 0.0, Avg: 0.0, Max: 0.1, Diff: 0.1, Sum: 0.3]
      [GC Worker Total (ms): Min: 182.7, Avg: 182.8, Max: 182.9, Diff: 0.2, Sum: 1462.3]
      [GC Worker End (ms): Min: 95891.5, Avg: 95891.6, Max: 95891.6, Diff: 0.1]
   [Code Root Fixup: 0.0 ms]
   [Code Root Purge: 0.0 ms]
   [Clear CT: 0.2 ms]
   [Other: 1.0 ms]
      [Choose CSet: 0.0 ms]
      [Ref Proc: 0.2 ms]
      [Ref Enq: 0.0 ms]
      [Redirty Cards: 0.3 ms]
      [Humongous Register: 0.0 ms]
      [Humongous Reclaim: 0.0 ms]
      [Free CSet: 0.2 ms]
   [Eden: 303.0M(303.0M)->0.0B(289.0M) Survivors: 42.0M->44.0M Heap: 741.4M(2048.0M)->743.4M(2048.0M)]
 [Times: user=1.36 sys=0.02, real=0.18 secs] 
2020-09-29T12:03:27.358+0200: 96.046: [GC pause (G1 Evacuation Pause) (young), 0.1724733 secs]
   [Parallel Time: 171.3 ms, GC Workers: 8]
      [GC Worker Start (ms): Min: 96046.6, Avg: 96046.7, Max: 96046.8, Diff: 0.2]
      [Ext Root Scanning (ms): Min: 0.0, Avg: 0.1, Max: 0.2, Diff: 0.2, Sum: 0.5]
      [Update RS (ms): Min: 15.6, Avg: 15.7, Max: 15.9, Diff: 0.3, Sum: 125.5]
         [Processed Buffers: Min: 15, Avg: 18.6, Max: 20, Diff: 5, Sum: 149]
      [Scan RS (ms): Min: 18.3, Avg: 18.6, Max: 18.9, Diff: 0.6, Sum: 148.8]
      [Code Root Scanning (ms): Min: 0.0, Avg: 0.0, Max: 0.0, Diff: 0.0, Sum: 0.0]
      [Object Copy (ms): Min: 136.4, Avg: 136.6, Max: 136.7, Diff: 0.4, Sum: 1092.7]
      [Termination (ms): Min: 0.0, Avg: 0.1, Max: 0.1, Diff: 0.1, Sum: 0.8]
         [Termination Attempts: Min: 1, Avg: 701.1, Max: 908, Diff: 907, Sum: 5609]
      [GC Worker Other (ms): Min: 0.0, Avg: 0.0, Max: 0.1, Diff: 0.1, Sum: 0.3]
      [GC Worker Total (ms): Min: 171.0, Avg: 171.1, Max: 171.2, Diff: 0.2, Sum: 1368.6]
      [GC Worker End (ms): Min: 96217.7, Avg: 96217.8, Max: 96217.8, Diff: 0.1]
   [Code Root Fixup: 0.0 ms]
   [Code Root Purge: 0.0 ms]
   [Clear CT: 0.2 ms]
   [Other: 1.0 ms]
      [Choose CSet: 0.0 ms]
      [Ref Proc: 0.2 ms]
      [Ref Enq: 0.0 ms]
      [Redirty Cards: 0.2 ms]
      [Humongous Register: 0.0 ms]
      [Humongous Reclaim: 0.0 ms]
      [Free CSet: 0.3 ms]
   [Eden: 289.0M(289.0M)->0.0B(290.0M) Survivors: 44.0M->42.0M Heap: 1082.0M(2048.0M)->1084.0M(2048.0M)]
 [Times: user=1.38 sys=0.00, real=0.17 secs] 
2020-09-29T12:03:27.546+0200: 96.234: [GC pause (G1 Humongous Allocation) (young) (initial-mark), 0.0573257 secs]
   [Parallel Time: 56.4 ms, GC Workers: 8]
      [GC Worker Start (ms): Min: 96234.3, Avg: 96234.3, Max: 96234.4, Diff: 0.1]
      [Ext Root Scanning (ms): Min: 0.0, Avg: 0.1, Max: 0.1, Diff: 0.1, Sum: 0.7]
      [Update RS (ms): Min: 29.8, Avg: 30.0, Max: 30.3, Diff: 0.5, Sum: 240.2]
         [Processed Buffers: Min: 33, Avg: 34.1, Max: 35, Diff: 2, Sum: 273]
      [Scan RS (ms): Min: 2.5, Avg: 2.8, Max: 3.1, Diff: 0.6, Sum: 22.5]
      [Code Root Scanning (ms): Min: 0.0, Avg: 0.0, Max: 0.0, Diff: 0.0, Sum: 0.0]
      [Object Copy (ms): Min: 23.2, Avg: 23.3, Max: 23.3, Diff: 0.1, Sum: 186.1]
      [Termination (ms): Min: 0.0, Avg: 0.0, Max: 0.1, Diff: 0.1, Sum: 0.4]
         [Termination Attempts: Min: 1, Avg: 304.1, Max: 405, Diff: 404, Sum: 2433]
      [GC Worker Other (ms): Min: 0.0, Avg: 0.0, Max: 0.0, Diff: 0.0, Sum: 0.2]
      [GC Worker Total (ms): Min: 56.2, Avg: 56.2, Max: 56.3, Diff: 0.2, Sum: 450.0]
      [GC Worker End (ms): Min: 96290.6, Avg: 96290.6, Max: 96290.6, Diff: 0.0]
   [Code Root Fixup: 0.0 ms]
   [Code Root Purge: 0.0 ms]
   [Clear CT: 0.2 ms]
   [Other: 0.7 ms]
      [Choose CSet: 0.0 ms]
      [Ref Proc: 0.1 ms]
      [Ref Enq: 0.0 ms]
      [Redirty Cards: 0.2 ms]
      [Humongous Register: 0.0 ms]
      [Humongous Reclaim: 0.0 ms]
      [Free CSet: 0.1 ms]
   [Eden: 12.0M(290.0M)->0.0B(328.0M) Survivors: 42.0M->13.0M Heap: 1095.5M(2048.0M)->1099.5M(2048.0M)]
 [Times: user=0.50 sys=0.00, real=0.06 secs] 
2020-09-29T12:03:27.603+0200: 96.292: [GC concurrent-root-region-scan-start]
2020-09-29T12:03:27.606+0200: 96.294: [GC concurrent-root-region-scan-end, 0.0027896 secs]
2020-09-29T12:03:27.606+0200: 96.294: [GC concurrent-mark-start]
2020-09-29T12:03:27.610+0200: 96.298: [GC concurrent-mark-end, 0.0037800 secs]
2020-09-29T12:03:27.610+0200: 96.298: [GC remark 2020-09-29T12:03:27.610+0200: 96.298: [Finalize Marking, 0.0002031 secs] 2020-09-29T12:03:27.610+0200: 96.299: [GC ref-proc, 0.0003081 secs] 2020-09-29T12:03:27.611+0200: 96.299: [Unloading, 0.0005158 secs], 0.0014509 secs]
 [Times: user=0.00 sys=0.00, real=0.00 secs] 
2020-09-29T12:03:27.612+0200: 96.300: [GC cleanup 1115M->36M(2048M), 0.0012821 secs]
 [Times: user=0.00 sys=0.00, real=0.00 secs] 
2020-09-29T12:03:27.613+0200: 96.302: [GC concurrent-cleanup-start]
2020-09-29T12:03:27.615+0200: 96.303: [GC concurrent-cleanup-end, 0.0015197 secs]
2020-09-29T12:03:27.781+0200: 96.468: [GC pause (G1 Evacuation Pause) (young), 0.1717343 secs]
   [Parallel Time: 170.4 ms, GC Workers: 8]
      [GC Worker Start (ms): Min: 96468.5, Avg: 96468.6, Max: 96468.7, Diff: 0.2]
      [Ext Root Scanning (ms): Min: 0.0, Avg: 0.1, Max: 0.2, Diff: 0.2, Sum: 0.5]
      [Update RS (ms): Min: 14.1, Avg: 14.3, Max: 14.6, Diff: 0.6, Sum: 114.1]
         [Processed Buffers: Min: 13, Avg: 16.3, Max: 17, Diff: 4, Sum: 130]
      [Scan RS (ms): Min: 16.8, Avg: 17.2, Max: 17.5, Diff: 0.7, Sum: 137.8]
      [Code Root Scanning (ms): Min: 0.0, Avg: 0.0, Max: 0.0, Diff: 0.0, Sum: 0.0]
      [Object Copy (ms): Min: 138.4, Avg: 138.5, Max: 138.6, Diff: 0.2, Sum: 1108.2]
      [Termination (ms): Min: 0.0, Avg: 0.1, Max: 0.1, Diff: 0.1, Sum: 0.4]
         [Termination Attempts: Min: 1, Avg: 363.3, Max: 529, Diff: 528, Sum: 2906]
      [GC Worker Other (ms): Min: 0.0, Avg: 0.0, Max: 0.1, Diff: 0.1, Sum: 0.3]
      [GC Worker Total (ms): Min: 170.1, Avg: 170.2, Max: 170.3, Diff: 0.2, Sum: 1361.4]
      [GC Worker End (ms): Min: 96638.8, Avg: 96638.8, Max: 96638.8, Diff: 0.1]
   [Code Root Fixup: 0.0 ms]
   [Code Root Purge: 0.0 ms]
   [Clear CT: 0.2 ms]
   [Other: 1.1 ms]
      [Choose CSet: 0.0 ms]
      [Ref Proc: 0.2 ms]
      [Ref Enq: 0.0 ms]
      [Redirty Cards: 0.3 ms]
      [Humongous Register: 0.0 ms]
      [Humongous Reclaim: 0.0 ms]
      [Free CSet: 0.3 ms]
   [Eden: 328.0M(328.0M)->0.0B(303.0M) Survivors: 13.0M->43.0M Heap: 404.3M(2048.0M)->393.3M(2048.0M)]
 [Times: user=1.34 sys=0.00, real=0.17 secs] 
2020-09-29T12:03:28.129+0200: 96.817: [GC pause (G1 Evacuation Pause) (young), 0.1839628 secs]
   [Parallel Time: 182.8 ms, GC Workers: 8]
      [GC Worker Start (ms): Min: 96816.8, Avg: 96816.9, Max: 96817.0, Diff: 0.2]
      [Ext Root Scanning (ms): Min: 0.0, Avg: 0.1, Max: 0.2, Diff: 0.2, Sum: 0.5]
      [Update RS (ms): Min: 19.8, Avg: 20.0, Max: 20.6, Diff: 0.8, Sum: 159.7]
         [Processed Buffers: Min: 19, Avg: 22.6, Max: 28, Diff: 9, Sum: 181]
      [Scan RS (ms): Min: 16.9, Avg: 17.4, Max: 17.5, Diff: 0.6, Sum: 139.0]
      [Code Root Scanning (ms): Min: 0.0, Avg: 0.0, Max: 0.0, Diff: 0.0, Sum: 0.0]
      [Object Copy (ms): Min: 144.8, Avg: 145.0, Max: 145.2, Diff: 0.3, Sum: 1160.0]
      [Termination (ms): Min: 0.0, Avg: 0.1, Max: 0.1, Diff: 0.1, Sum: 1.0]
         [Termination Attempts: Min: 1, Avg: 934.8, Max: 1149, Diff: 1148, Sum: 7478]
      [GC Worker Other (ms): Min: 0.1, Avg: 0.1, Max: 0.1, Diff: 0.0, Sum: 0.7]
      [GC Worker Total (ms): Min: 182.5, Avg: 182.6, Max: 182.7, Diff: 0.2, Sum: 1460.9]
      [GC Worker End (ms): Min: 96999.5, Avg: 96999.5, Max: 96999.6, Diff: 0.0]
   [Code Root Fixup: 0.0 ms]
   [Code Root Purge: 0.0 ms]
   [Clear CT: 0.2 ms]
   [Other: 1.0 ms]
      [Choose CSet: 0.0 ms]
      [Ref Proc: 0.2 ms]
      [Ref Enq: 0.0 ms]
      [Redirty Cards: 0.3 ms]
      [Humongous Register: 0.1 ms]
      [Humongous Reclaim: 0.0 ms]
      [Free CSet: 0.3 ms]
   [Eden: 303.0M(303.0M)->0.0B(294.0M) Survivors: 43.0M->44.0M Heap: 747.8M(2048.0M)->749.8M(2048.0M)]
 [Times: user=1.36 sys=0.00, real=0.18 secs] 
2020-09-29T12:03:28.471+0200: 97.159: [GC pause (G1 Evacuation Pause) (young), 0.1766519 secs]
   [Parallel Time: 174.6 ms, GC Workers: 8]
      [GC Worker Start (ms): Min: 97159.1, Avg: 97159.3, Max: 97159.3, Diff: 0.2]
      [Ext Root Scanning (ms): Min: 0.0, Avg: 0.0, Max: 0.2, Diff: 0.2, Sum: 0.4]
      [Update RS (ms): Min: 17.3, Avg: 17.5, Max: 17.7, Diff: 0.4, Sum: 139.7]
         [Processed Buffers: Min: 13, Avg: 19.5, Max: 23, Diff: 10, Sum: 156]
      [Scan RS (ms): Min: 15.7, Avg: 16.0, Max: 16.1, Diff: 0.4, Sum: 127.8]
      [Code Root Scanning (ms): Min: 0.0, Avg: 0.0, Max: 0.0, Diff: 0.0, Sum: 0.0]
      [Object Copy (ms): Min: 140.6, Avg: 140.8, Max: 140.9, Diff: 0.2, Sum: 1126.4]
      [Termination (ms): Min: 0.0, Avg: 0.0, Max: 0.0, Diff: 0.0, Sum: 0.1]
         [Termination Attempts: Min: 1, Avg: 56.4, Max: 76, Diff: 75, Sum: 451]
      [GC Worker Other (ms): Min: 0.0, Avg: 0.1, Max: 0.1, Diff: 0.1, Sum: 0.5]
      [GC Worker Total (ms): Min: 174.2, Avg: 174.4, Max: 174.5, Diff: 0.2, Sum: 1394.8]
      [GC Worker End (ms): Min: 97333.6, Avg: 97333.6, Max: 97333.7, Diff: 0.1]
   [Code Root Fixup: 0.0 ms]
   [Code Root Purge: 0.0 ms]
   [Clear CT: 0.9 ms]
   [Other: 1.2 ms]
      [Choose CSet: 0.0 ms]
      [Ref Proc: 0.2 ms]
      [Ref Enq: 0.0 ms]
      [Redirty Cards: 0.5 ms]
      [Humongous Register: 0.0 ms]
      [Humongous Reclaim: 0.0 ms]
      [Free CSet: 0.2 ms]
   [Eden: 294.0M(294.0M)->0.0B(295.0M) Survivors: 44.0M->43.0M Heap: 1091.5M(2048.0M)->1093.5M(2048.0M)]
 [Times: user=1.42 sys=0.03, real=0.18 secs] 
2020-09-29T12:03:28.658+0200: 97.345: [GC pause (G1 Humongous Allocation) (young) (initial-mark), 0.0604425 secs]
   [Parallel Time: 59.5 ms, GC Workers: 8]
      [GC Worker Start (ms): Min: 97345.4, Avg: 97345.4, Max: 97345.5, Diff: 0.1]
      [Ext Root Scanning (ms): Min: 0.0, Avg: 0.3, Max: 1.5, Diff: 1.5, Sum: 2.4]
      [Update RS (ms): Min: 37.3, Avg: 38.4, Max: 38.7, Diff: 1.4, Sum: 306.9]
         [Processed Buffers: Min: 40, Avg: 43.6, Max: 46, Diff: 6, Sum: 349]
      [Scan RS (ms): Min: 2.5, Avg: 2.7, Max: 3.0, Diff: 0.6, Sum: 21.3]
      [Code Root Scanning (ms): Min: 0.0, Avg: 0.0, Max: 0.0, Diff: 0.0, Sum: 0.0]
      [Object Copy (ms): Min: 18.0, Avg: 18.1, Max: 18.1, Diff: 0.1, Sum: 144.6]
      [Termination (ms): Min: 0.0, Avg: 0.0, Max: 0.0, Diff: 0.0, Sum: 0.2]
         [Termination Attempts: Min: 1, Avg: 161.0, Max: 213, Diff: 212, Sum: 1288]
      [GC Worker Other (ms): Min: 0.0, Avg: 0.0, Max: 0.0, Diff: 0.0, Sum: 0.1]
      [GC Worker Total (ms): Min: 59.3, Avg: 59.4, Max: 59.5, Diff: 0.1, Sum: 475.5]
      [GC Worker End (ms): Min: 97404.9, Avg: 97404.9, Max: 97404.9, Diff: 0.0]
   [Code Root Fixup: 0.0 ms]
   [Code Root Purge: 0.0 ms]
   [Clear CT: 0.2 ms]
   [Other: 0.7 ms]
      [Choose CSet: 0.0 ms]
      [Ref Proc: 0.2 ms]
      [Ref Enq: 0.0 ms]
      [Redirty Cards: 0.2 ms]
      [Humongous Register: 0.0 ms]
      [Humongous Reclaim: 0.0 ms]
      [Free CSet: 0.1 ms]
   [Eden: 3072.0K(295.0M)->0.0B(338.0M) Survivors: 43.0M->5120.0K Heap: 1096.0M(2048.0M)->1101.0M(2048.0M)]
 [Times: user=0.50 sys=0.00, real=0.06 secs] 
2020-09-29T12:03:28.718+0200: 97.406: [GC concurrent-root-region-scan-start]
2020-09-29T12:03:28.719+0200: 97.406: [GC concurrent-root-region-scan-end, 0.0006459 secs]
2020-09-29T12:03:28.719+0200: 97.407: [GC concurrent-mark-start]
2020-09-29T12:03:28.722+0200: 97.410: [GC concurrent-mark-end, 0.0030249 secs]
2020-09-29T12:03:28.722+0200: 97.410: [GC remark 2020-09-29T12:03:28.722+0200: 97.410: [Finalize Marking, 0.0001403 secs] 2020-09-29T12:03:28.722+0200: 97.410: [GC ref-proc, 0.0003198 secs] 2020-09-29T12:03:28.723+0200: 97.410: [Unloading, 0.0004521 secs], 0.0012364 secs]
 [Times: user=0.00 sys=0.03, real=0.00 secs] 
2020-09-29T12:03:28.724+0200: 97.411: [GC cleanup 1109M->21M(2048M), 0.0012260 secs]
 [Times: user=0.00 sys=0.00, real=0.00 secs] 
2020-09-29T12:03:28.725+0200: 97.413: [GC concurrent-cleanup-start]
2020-09-29T12:03:28.727+0200: 97.414: [GC concurrent-cleanup-end, 0.0015794 secs]
2020-09-29T12:03:28.903+0200: 97.590: [GC pause (G1 Evacuation Pause) (young), 0.1752427 secs]
   [Parallel Time: 174.0 ms, GC Workers: 8]
      [GC Worker Start (ms): Min: 97590.4, Avg: 97590.5, Max: 97590.5, Diff: 0.1]
      [Ext Root Scanning (ms): Min: 0.0, Avg: 0.1, Max: 0.2, Diff: 0.1, Sum: 0.6]
      [Update RS (ms): Min: 22.0, Avg: 22.1, Max: 22.5, Diff: 0.4, Sum: 177.2]
         [Processed Buffers: Min: 21, Avg: 22.9, Max: 26, Diff: 5, Sum: 183]
      [Scan RS (ms): Min: 16.2, Avg: 16.6, Max: 16.8, Diff: 0.5, Sum: 132.7]
      [Code Root Scanning (ms): Min: 0.0, Avg: 0.0, Max: 0.0, Diff: 0.0, Sum: 0.0]
      [Object Copy (ms): Min: 134.8, Avg: 134.9, Max: 135.0, Diff: 0.2, Sum: 1079.5]
      [Termination (ms): Min: 0.0, Avg: 0.1, Max: 0.1, Diff: 0.1, Sum: 0.7]
         [Termination Attempts: Min: 1, Avg: 718.6, Max: 933, Diff: 932, Sum: 5749]
      [GC Worker Other (ms): Min: 0.0, Avg: 0.0, Max: 0.1, Diff: 0.0, Sum: 0.3]
      [GC Worker Total (ms): Min: 173.8, Avg: 173.9, Max: 174.0, Diff: 0.2, Sum: 1391.0]
      [GC Worker End (ms): Min: 97764.3, Avg: 97764.4, Max: 97764.4, Diff: 0.0]
   [Code Root Fixup: 0.0 ms]
   [Code Root Purge: 0.0 ms]
   [Clear CT: 0.2 ms]
   [Other: 1.0 ms]
      [Choose CSet: 0.0 ms]
      [Ref Proc: 0.2 ms]
      [Ref Enq: 0.0 ms]
      [Redirty Cards: 0.2 ms]
      [Humongous Register: 0.0 ms]
      [Humongous Reclaim: 0.0 ms]
      [Free CSet: 0.3 ms]
   [Eden: 338.0M(338.0M)->0.0B(306.0M) Survivors: 5120.0K->43.0M Heap: 408.2M(2048.0M)->405.2M(2048.0M)]
 [Times: user=1.34 sys=0.03, real=0.17 secs] 
2020-09-29T12:03:29.245+0200: 97.933: [GC pause (G1 Evacuation Pause) (young), 0.2018534 secs]
   [Parallel Time: 200.6 ms, GC Workers: 8]
      [GC Worker Start (ms): Min: 97933.0, Avg: 97933.1, Max: 97933.2, Diff: 0.2]
      [Ext Root Scanning (ms): Min: 0.0, Avg: 0.1, Max: 0.2, Diff: 0.2, Sum: 0.6]
      [Update RS (ms): Min: 18.8, Avg: 18.9, Max: 19.1, Diff: 0.3, Sum: 151.5]
         [Processed Buffers: Min: 17, Avg: 18.9, Max: 22, Diff: 5, Sum: 151]
      [Scan RS (ms): Min: 18.5, Avg: 22.1, Max: 46.1, Diff: 27.6, Sum: 176.6]
      [Code Root Scanning (ms): Min: 0.0, Avg: 0.0, Max: 0.0, Diff: 0.0, Sum: 0.0]
      [Object Copy (ms): Min: 135.3, Avg: 158.9, Max: 162.4, Diff: 27.1, Sum: 1271.5]
      [Termination (ms): Min: 0.0, Avg: 0.4, Max: 0.4, Diff: 0.4, Sum: 2.9]
         [Termination Attempts: Min: 1, Avg: 2192.0, Max: 2760, Diff: 2759, Sum: 17536]
      [GC Worker Other (ms): Min: 0.0, Avg: 0.0, Max: 0.1, Diff: 0.1, Sum: 0.3]
      [GC Worker Total (ms): Min: 200.3, Avg: 200.4, Max: 200.6, Diff: 0.3, Sum: 1603.6]
      [GC Worker End (ms): Min: 98133.5, Avg: 98133.5, Max: 98133.6, Diff: 0.1]
   [Code Root Fixup: 0.0 ms]
   [Code Root Purge: 0.0 ms]
   [Clear CT: 0.2 ms]
   [Other: 1.0 ms]
      [Choose CSet: 0.0 ms]
      [Ref Proc: 0.2 ms]
      [Ref Enq: 0.0 ms]
      [Redirty Cards: 0.2 ms]
      [Humongous Register: 0.1 ms]
      [Humongous Reclaim: 0.0 ms]
      [Free CSet: 0.3 ms]
   [Eden: 306.0M(306.0M)->0.0B(274.0M) Survivors: 43.0M->44.0M Heap: 762.7M(2048.0M)->764.7M(2048.0M)]
 [Times: user=1.50 sys=0.01, real=0.20 secs] 
2020-09-29T12:03:29.608+0200: 98.295: [GC pause (G1 Evacuation Pause) (young), 0.1844370 secs]
   [Parallel Time: 183.2 ms, GC Workers: 8]
      [GC Worker Start (ms): Min: 98295.3, Avg: 98295.3, Max: 98295.4, Diff: 0.1]
      [Ext Root Scanning (ms): Min: 0.0, Avg: 0.1, Max: 0.2, Diff: 0.1, Sum: 0.6]
      [Update RS (ms): Min: 24.3, Avg: 24.5, Max: 25.0, Diff: 0.7, Sum: 196.2]
         [Processed Buffers: Min: 22, Avg: 24.1, Max: 27, Diff: 5, Sum: 193]
      [Scan RS (ms): Min: 15.2, Avg: 15.7, Max: 16.2, Diff: 1.1, Sum: 125.7]
      [Code Root Scanning (ms): Min: 0.0, Avg: 0.0, Max: 0.0, Diff: 0.0, Sum: 0.0]
      [Object Copy (ms): Min: 142.1, Avg: 142.5, Max: 142.8, Diff: 0.7, Sum: 1139.9]
      [Termination (ms): Min: 0.0, Avg: 0.2, Max: 0.2, Diff: 0.2, Sum: 1.4]
         [Termination Attempts: Min: 1, Avg: 1418.1, Max: 1780, Diff: 1779, Sum: 11345]
      [GC Worker Other (ms): Min: 0.0, Avg: 0.0, Max: 0.1, Diff: 0.0, Sum: 0.3]
      [GC Worker Total (ms): Min: 183.0, Avg: 183.0, Max: 183.1, Diff: 0.1, Sum: 1464.3]
      [GC Worker End (ms): Min: 98478.4, Avg: 98478.4, Max: 98478.4, Diff: 0.0]
   [Code Root Fixup: 0.0 ms]
   [Code Root Purge: 0.0 ms]
   [Clear CT: 0.2 ms]
   [Other: 1.1 ms]
      [Choose CSet: 0.0 ms]
      [Ref Proc: 0.2 ms]
      [Ref Enq: 0.0 ms]
      [Redirty Cards: 0.3 ms]
      [Humongous Register: 0.0 ms]
      [Humongous Reclaim: 0.0 ms]
      [Free CSet: 0.3 ms]
   [Eden: 274.0M(274.0M)->0.0B(270.0M) Survivors: 44.0M->40.0M Heap: 1084.5M(2048.0M)->1086.5M(2048.0M)]
 [Times: user=1.42 sys=0.00, real=0.18 secs] 
2020-09-29T12:03:29.808+0200: 98.495: [GC pause (G1 Humongous Allocation) (young) (initial-mark), 0.0602420 secs]
   [Parallel Time: 58.0 ms, GC Workers: 8]
      [GC Worker Start (ms): Min: 98495.6, Avg: 98495.7, Max: 98495.8, Diff: 0.2]
      [Ext Root Scanning (ms): Min: 0.0, Avg: 0.9, Max: 2.7, Diff: 2.6, Sum: 7.0]
      [Update RS (ms): Min: 27.7, Avg: 29.5, Max: 30.3, Diff: 2.6, Sum: 235.7]
         [Processed Buffers: Min: 29, Avg: 32.0, Max: 34, Diff: 5, Sum: 256]
      [Scan RS (ms): Min: 2.7, Avg: 2.9, Max: 3.2, Diff: 0.5, Sum: 23.2]
      [Code Root Scanning (ms): Min: 0.0, Avg: 0.0, Max: 0.0, Diff: 0.0, Sum: 0.0]
      [Object Copy (ms): Min: 24.4, Avg: 24.5, Max: 24.6, Diff: 0.1, Sum: 196.2]
      [Termination (ms): Min: 0.0, Avg: 0.0, Max: 0.0, Diff: 0.0, Sum: 0.2]
         [Termination Attempts: Min: 1, Avg: 149.3, Max: 194, Diff: 193, Sum: 1194]
      [GC Worker Other (ms): Min: 0.0, Avg: 0.0, Max: 0.0, Diff: 0.0, Sum: 0.2]
      [GC Worker Total (ms): Min: 57.7, Avg: 57.8, Max: 57.9, Diff: 0.2, Sum: 462.4]
      [GC Worker End (ms): Min: 98553.5, Avg: 98553.5, Max: 98553.5, Diff: 0.0]
   [Code Root Fixup: 0.0 ms]
   [Code Root Purge: 0.0 ms]
   [Clear CT: 0.8 ms]
   [Other: 1.4 ms]
      [Choose CSet: 0.0 ms]
      [Ref Proc: 0.3 ms]
      [Ref Enq: 0.0 ms]
      [Redirty Cards: 0.6 ms]
      [Humongous Register: 0.1 ms]
      [Humongous Reclaim: 0.0 ms]
      [Free CSet: 0.1 ms]
   [Eden: 10.0M(270.0M)->0.0B(299.0M) Survivors: 40.0M->11.0M Heap: 1096.0M(2048.0M)->1099.5M(2048.0M)]
 [Times: user=0.50 sys=0.00, real=0.06 secs] 
2020-09-29T12:03:29.868+0200: 98.556: [GC concurrent-root-region-scan-start]
2020-09-29T12:03:29.871+0200: 98.559: [GC concurrent-root-region-scan-end, 0.0031269 secs]
2020-09-29T12:03:29.871+0200: 98.559: [GC concurrent-mark-start]
2020-09-29T12:03:29.876+0200: 98.564: [GC concurrent-mark-end, 0.0047389 secs]
2020-09-29T12:03:29.877+0200: 98.565: [GC remark 2020-09-29T12:03:29.877+0200: 98.565: [Finalize Marking, 0.0002810 secs] 2020-09-29T12:03:29.877+0200: 98.565: [GC ref-proc, 0.0004494 secs] 2020-09-29T12:03:29.878+0200: 98.565: [Unloading, 0.0006931 secs], 0.0019336 secs]
 [Times: user=0.00 sys=0.00, real=0.00 secs] 
2020-09-29T12:03:29.881+0200: 98.569: [GC cleanup 1115M->34M(2048M), 0.0024487 secs]
 [Times: user=0.00 sys=0.00, real=0.00 secs] 
2020-09-29T12:03:29.884+0200: 98.571: [GC concurrent-cleanup-start]
2020-09-29T12:03:29.886+0200: 98.573: [GC concurrent-cleanup-end, 0.0022347 secs]
2020-09-29T12:03:30.052+0200: 98.739: [GC pause (G1 Evacuation Pause) (young), 0.1819192 secs]
   [Parallel Time: 180.9 ms, GC Workers: 8]
      [GC Worker Start (ms): Min: 98739.4, Avg: 98739.5, Max: 98739.6, Diff: 0.2]
      [Ext Root Scanning (ms): Min: 0.0, Avg: 0.1, Max: 0.2, Diff: 0.2, Sum: 0.6]
      [Update RS (ms): Min: 21.1, Avg: 21.3, Max: 21.7, Diff: 0.6, Sum: 170.0]
         [Processed Buffers: Min: 14, Avg: 21.1, Max: 24, Diff: 10, Sum: 169]
      [Scan RS (ms): Min: 14.2, Avg: 14.6, Max: 14.8, Diff: 0.6, Sum: 116.8]
      [Code Root Scanning (ms): Min: 0.0, Avg: 0.0, Max: 0.0, Diff: 0.0, Sum: 0.0]
      [Object Copy (ms): Min: 144.6, Avg: 144.6, Max: 144.7, Diff: 0.1, Sum: 1156.9]
      [Termination (ms): Min: 0.0, Avg: 0.1, Max: 0.1, Diff: 0.1, Sum: 0.5]
         [Termination Attempts: Min: 1, Avg: 465.4, Max: 648, Diff: 647, Sum: 3723]
      [GC Worker Other (ms): Min: 0.0, Avg: 0.0, Max: 0.1, Diff: 0.1, Sum: 0.3]
      [GC Worker Total (ms): Min: 180.6, Avg: 180.6, Max: 180.8, Diff: 0.2, Sum: 1445.1]
      [GC Worker End (ms): Min: 98920.1, Avg: 98920.1, Max: 98920.2, Diff: 0.0]
   [Code Root Fixup: 0.0 ms]
   [Code Root Purge: 0.0 ms]
   [Clear CT: 0.2 ms]
   [Other: 0.9 ms]
      [Choose CSet: 0.0 ms]
      [Ref Proc: 0.2 ms]
      [Ref Enq: 0.0 ms]
      [Redirty Cards: 0.2 ms]
      [Humongous Register: 0.0 ms]
      [Humongous Reclaim: 0.0 ms]
      [Free CSet: 0.2 ms]
   [Eden: 299.0M(299.0M)->0.0B(270.0M) Survivors: 11.0M->39.0M Heap: 369.5M(2048.0M)->360.0M(2048.0M)]
 [Times: user=1.36 sys=0.00, real=0.18 secs] 
2020-09-29T12:03:30.382+0200: 99.070: [GC pause (G1 Evacuation Pause) (young), 0.1616296 secs]
   [Parallel Time: 160.5 ms, GC Workers: 8]
      [GC Worker Start (ms): Min: 99070.1, Avg: 99070.2, Max: 99070.2, Diff: 0.2]
      [Ext Root Scanning (ms): Min: 0.0, Avg: 0.1, Max: 0.2, Diff: 0.2, Sum: 0.5]
      [Update RS (ms): Min: 12.8, Avg: 13.0, Max: 13.5, Diff: 0.7, Sum: 104.2]
         [Processed Buffers: Min: 11, Avg: 13.6, Max: 15, Diff: 4, Sum: 109]
      [Scan RS (ms): Min: 17.7, Avg: 18.2, Max: 18.6, Diff: 0.9, Sum: 145.4]
      [Code Root Scanning (ms): Min: 0.0, Avg: 0.0, Max: 0.0, Diff: 0.0, Sum: 0.0]
      [Object Copy (ms): Min: 128.7, Avg: 128.9, Max: 129.0, Diff: 0.3, Sum: 1031.1]
      [Termination (ms): Min: 0.0, Avg: 0.1, Max: 0.1, Diff: 0.1, Sum: 0.5]
         [Termination Attempts: Min: 1, Avg: 503.1, Max: 683, Diff: 682, Sum: 4025]
      [GC Worker Other (ms): Min: 0.0, Avg: 0.0, Max: 0.1, Diff: 0.1, Sum: 0.3]
      [GC Worker Total (ms): Min: 160.2, Avg: 160.3, Max: 160.3, Diff: 0.1, Sum: 1282.1]
      [GC Worker End (ms): Min: 99230.4, Avg: 99230.4, Max: 99230.5, Diff: 0.1]
   [Code Root Fixup: 0.0 ms]
   [Code Root Purge: 0.0 ms]
   [Clear CT: 0.2 ms]
   [Other: 0.9 ms]
      [Choose CSet: 0.0 ms]
      [Ref Proc: 0.2 ms]
      [Ref Enq: 0.0 ms]
      [Redirty Cards: 0.3 ms]
      [Humongous Register: 0.0 ms]
      [Humongous Reclaim: 0.0 ms]
      [Free CSet: 0.2 ms]
   [Eden: 270.0M(270.0M)->0.0B(273.0M) Survivors: 39.0M->39.0M Heap: 673.9M(2048.0M)->675.4M(2048.0M)]
 [Times: user=1.25 sys=0.00, real=0.16 secs] 
2020-09-29T12:03:30.684+0200: 99.372: [GC pause (G1 Evacuation Pause) (young), 0.1559938 secs]
   [Parallel Time: 154.9 ms, GC Workers: 8]
      [GC Worker Start (ms): Min: 99371.8, Avg: 99371.9, Max: 99372.0, Diff: 0.2]
      [Ext Root Scanning (ms): Min: 0.0, Avg: 0.0, Max: 0.2, Diff: 0.2, Sum: 0.4]
      [Update RS (ms): Min: 15.8, Avg: 16.0, Max: 16.5, Diff: 0.7, Sum: 127.7]
         [Processed Buffers: Min: 18, Avg: 18.8, Max: 20, Diff: 2, Sum: 150]
      [Scan RS (ms): Min: 13.5, Avg: 14.0, Max: 14.3, Diff: 0.7, Sum: 112.3]
      [Code Root Scanning (ms): Min: 0.0, Avg: 0.0, Max: 0.0, Diff: 0.0, Sum: 0.0]
      [Object Copy (ms): Min: 124.4, Avg: 124.5, Max: 124.6, Diff: 0.2, Sum: 996.0]
      [Termination (ms): Min: 0.0, Avg: 0.1, Max: 0.1, Diff: 0.1, Sum: 0.6]
         [Termination Attempts: Min: 1, Avg: 551.8, Max: 756, Diff: 755, Sum: 4414]
      [GC Worker Other (ms): Min: 0.0, Avg: 0.0, Max: 0.1, Diff: 0.1, Sum: 0.3]
      [GC Worker Total (ms): Min: 154.6, Avg: 154.7, Max: 154.8, Diff: 0.2, Sum: 1237.3]
      [GC Worker End (ms): Min: 99526.5, Avg: 99526.6, Max: 99526.6, Diff: 0.1]
   [Code Root Fixup: 0.0 ms]
   [Code Root Purge: 0.0 ms]
   [Clear CT: 0.2 ms]
   [Other: 1.0 ms]
      [Choose CSet: 0.0 ms]
      [Ref Proc: 0.2 ms]
      [Ref Enq: 0.0 ms]
      [Redirty Cards: 0.2 ms]
      [Humongous Register: 0.0 ms]
      [Humongous Reclaim: 0.0 ms]
      [Free CSet: 0.3 ms]
   [Eden: 273.0M(273.0M)->0.0B(287.0M) Survivors: 39.0M->39.0M Heap: 994.1M(2048.0M)->995.6M(2048.0M)]
 [Times: user=1.25 sys=0.00, real=0.16 secs] 
2020-09-29T12:03:30.852+0200: 99.540: [GC pause (G1 Humongous Allocation) (young) (initial-mark), 0.0526500 secs]
   [Parallel Time: 51.6 ms, GC Workers: 8]
      [GC Worker Start (ms): Min: 99539.8, Avg: 99539.9, Max: 99540.0, Diff: 0.2]
      [Ext Root Scanning (ms): Min: 0.0, Avg: 0.2, Max: 0.4, Diff: 0.4, Sum: 1.5]
      [Update RS (ms): Min: 28.5, Avg: 28.8, Max: 29.1, Diff: 0.5, Sum: 230.2]
         [Processed Buffers: Min: 30, Avg: 33.4, Max: 35, Diff: 5, Sum: 267]
      [Scan RS (ms): Min: 2.0, Avg: 2.5, Max: 3.2, Diff: 1.2, Sum: 20.3]
      [Code Root Scanning (ms): Min: 0.0, Avg: 0.0, Max: 0.0, Diff: 0.0, Sum: 0.0]
      [Object Copy (ms): Min: 19.2, Avg: 19.9, Max: 20.0, Diff: 0.8, Sum: 159.1]
      [Termination (ms): Min: 0.0, Avg: 0.0, Max: 0.0, Diff: 0.0, Sum: 0.1]
         [Termination Attempts: Min: 1, Avg: 120.3, Max: 160, Diff: 159, Sum: 962]
      [GC Worker Other (ms): Min: 0.0, Avg: 0.0, Max: 0.0, Diff: 0.0, Sum: 0.1]
      [GC Worker Total (ms): Min: 51.3, Avg: 51.4, Max: 51.5, Diff: 0.2, Sum: 411.3]
      [GC Worker End (ms): Min: 99591.3, Avg: 99591.3, Max: 99591.3, Diff: 0.0]
   [Code Root Fixup: 0.0 ms]
   [Code Root Purge: 0.0 ms]
   [Clear CT: 0.2 ms]
   [Other: 0.8 ms]
      [Choose CSet: 0.0 ms]
      [Ref Proc: 0.2 ms]
      [Ref Enq: 0.0 ms]
      [Redirty Cards: 0.2 ms]
      [Humongous Register: 0.1 ms]
      [Humongous Reclaim: 0.0 ms]
      [Free CSet: 0.1 ms]
   [Eden: 5120.0K(287.0M)->0.0B(328.0M) Survivors: 39.0M->7168.0K Heap: 1000.6M(2048.0M)->1004.1M(2048.0M)]
 [Times: user=0.36 sys=0.00, real=0.05 secs] 
2020-09-29T12:03:30.905+0200: 99.592: [GC concurrent-root-region-scan-start]
2020-09-29T12:03:30.907+0200: 99.594: [GC concurrent-root-region-scan-end, 0.0020666 secs]
2020-09-29T12:03:30.907+0200: 99.594: [GC concurrent-mark-start]
2020-09-29T12:03:30.910+0200: 99.598: [GC concurrent-mark-end, 0.0030797 secs]
2020-09-29T12:03:30.910+0200: 99.598: [GC remark 2020-09-29T12:03:30.910+0200: 99.598: [Finalize Marking, 0.0002670 secs] 2020-09-29T12:03:30.911+0200: 99.598: [GC ref-proc, 0.0003055 secs] 2020-09-29T12:03:30.911+0200: 99.598: [Unloading, 0.0005268 secs], 0.0014948 secs]
 [Times: user=0.00 sys=0.02, real=0.00 secs] 
2020-09-29T12:03:30.912+0200: 99.600: [GC cleanup 1013M->23M(2048M), 0.0016608 secs]
 [Times: user=0.00 sys=0.00, real=0.00 secs] 
2020-09-29T12:03:30.914+0200: 99.601: [GC concurrent-cleanup-start]
2020-09-29T12:03:30.916+0200: 99.603: [GC concurrent-cleanup-end, 0.0016623 secs]
2020-09-29T12:03:31.087+0200: 99.775: [GC pause (G1 Evacuation Pause) (young), 0.1667712 secs]
   [Parallel Time: 164.2 ms, GC Workers: 8]
      [GC Worker Start (ms): Min: 99775.0, Avg: 99775.1, Max: 99775.2, Diff: 0.2]
      [Ext Root Scanning (ms): Min: 0.0, Avg: 0.1, Max: 0.2, Diff: 0.2, Sum: 0.4]
      [Update RS (ms): Min: 15.4, Avg: 15.7, Max: 16.2, Diff: 0.8, Sum: 125.5]
         [Processed Buffers: Min: 16, Avg: 18.1, Max: 21, Diff: 5, Sum: 145]
      [Scan RS (ms): Min: 16.3, Avg: 16.8, Max: 17.1, Diff: 0.8, Sum: 134.2]
      [Code Root Scanning (ms): Min: 0.0, Avg: 0.0, Max: 0.0, Diff: 0.0, Sum: 0.0]
      [Object Copy (ms): Min: 131.2, Avg: 131.3, Max: 131.4, Diff: 0.2, Sum: 1050.2]
      [Termination (ms): Min: 0.0, Avg: 0.0, Max: 0.1, Diff: 0.1, Sum: 0.3]
         [Termination Attempts: Min: 1, Avg: 334.8, Max: 425, Diff: 424, Sum: 2678]
      [GC Worker Other (ms): Min: 0.0, Avg: 0.0, Max: 0.1, Diff: 0.1, Sum: 0.3]
      [GC Worker Total (ms): Min: 163.8, Avg: 163.9, Max: 164.0, Diff: 0.2, Sum: 1311.0]
      [GC Worker End (ms): Min: 99939.0, Avg: 99939.0, Max: 99939.0, Diff: 0.1]
   [Code Root Fixup: 0.0 ms]
   [Code Root Purge: 0.0 ms]
   [Clear CT: 0.3 ms]
   [Other: 2.3 ms]
      [Choose CSet: 0.0 ms]
      [Ref Proc: 0.2 ms]
      [Ref Enq: 0.0 ms]
      [Redirty Cards: 1.7 ms]
      [Humongous Register: 0.0 ms]
      [Humongous Reclaim: 0.0 ms]
      [Free CSet: 0.2 ms]
   [Eden: 328.0M(328.0M)->0.0B(303.0M) Survivors: 7168.0K->42.0M Heap: 397.8M(2048.0M)->393.3M(2048.0M)]
 [Times: user=1.25 sys=0.00, real=0.17 secs] 
2020-09-29T12:03:31.429+0200: 100.116: [GC pause (G1 Evacuation Pause) (young), 0.1830442 secs]
   [Parallel Time: 181.8 ms, GC Workers: 8]
      [GC Worker Start (ms): Min: 100116.3, Avg: 100116.4, Max: 100116.5, Diff: 0.2]
      [Ext Root Scanning (ms): Min: 0.0, Avg: 0.1, Max: 0.2, Diff: 0.2, Sum: 0.5]
      [Update RS (ms): Min: 16.9, Avg: 17.1, Max: 17.4, Diff: 0.4, Sum: 136.8]
         [Processed Buffers: Min: 12, Avg: 17.1, Max: 21, Diff: 9, Sum: 137]
      [Scan RS (ms): Min: 22.5, Avg: 22.7, Max: 22.9, Diff: 0.4, Sum: 182.0]
      [Code Root Scanning (ms): Min: 0.0, Avg: 0.0, Max: 0.0, Diff: 0.0, Sum: 0.0]
      [Object Copy (ms): Min: 141.4, Avg: 141.5, Max: 141.6, Diff: 0.2, Sum: 1132.2]
      [Termination (ms): Min: 0.0, Avg: 0.1, Max: 0.1, Diff: 0.1, Sum: 0.8]
         [Termination Attempts: Min: 1, Avg: 714.3, Max: 893, Diff: 892, Sum: 5714]
      [GC Worker Other (ms): Min: 0.0, Avg: 0.0, Max: 0.1, Diff: 0.1, Sum: 0.3]
      [GC Worker Total (ms): Min: 181.5, Avg: 181.6, Max: 181.7, Diff: 0.2, Sum: 1452.6]
      [GC Worker End (ms): Min: 100297.9, Avg: 100298.0, Max: 100298.0, Diff: 0.1]
   [Code Root Fixup: 0.0 ms]
   [Code Root Purge: 0.0 ms]
   [Clear CT: 0.2 ms]
   [Other: 1.0 ms]
      [Choose CSet: 0.0 ms]
      [Ref Proc: 0.2 ms]
      [Ref Enq: 0.0 ms]
      [Redirty Cards: 0.2 ms]
      [Humongous Register: 0.0 ms]
      [Humongous Reclaim: 0.0 ms]
      [Free CSet: 0.4 ms]
   [Eden: 303.0M(303.0M)->0.0B(287.0M) Survivors: 42.0M->44.0M Heap: 747.8M(2048.0M)->749.8M(2048.0M)]
 [Times: user=1.38 sys=0.00, real=0.18 secs] 
2020-09-29T12:03:31.774+0200: 100.461: [GC pause (G1 Evacuation Pause) (young), 0.1734448 secs]
   [Parallel Time: 172.1 ms, GC Workers: 8]
      [GC Worker Start (ms): Min: 100461.6, Avg: 100461.7, Max: 100461.8, Diff: 0.2]
      [Ext Root Scanning (ms): Min: 0.0, Avg: 0.1, Max: 0.2, Diff: 0.2, Sum: 0.5]
      [Update RS (ms): Min: 15.1, Avg: 15.2, Max: 15.3, Diff: 0.1, Sum: 121.6]
         [Processed Buffers: Min: 15, Avg: 17.8, Max: 19, Diff: 4, Sum: 142]
      [Scan RS (ms): Min: 17.2, Avg: 17.3, Max: 17.4, Diff: 0.2, Sum: 138.6]
      [Code Root Scanning (ms): Min: 0.0, Avg: 0.0, Max: 0.0, Diff: 0.0, Sum: 0.0]
      [Object Copy (ms): Min: 139.0, Avg: 139.1, Max: 139.1, Diff: 0.1, Sum: 1112.5]
      [Termination (ms): Min: 0.0, Avg: 0.1, Max: 0.1, Diff: 0.1, Sum: 0.6]
         [Termination Attempts: Min: 1, Avg: 514.9, Max: 763, Diff: 762, Sum: 4119]
      [GC Worker Other (ms): Min: 0.1, Avg: 0.1, Max: 0.2, Diff: 0.1, Sum: 1.0]
      [GC Worker Total (ms): Min: 171.8, Avg: 171.9, Max: 172.0, Diff: 0.2, Sum: 1374.8]
      [GC Worker End (ms): Min: 100633.5, Avg: 100633.5, Max: 100633.6, Diff: 0.1]
   [Code Root Fixup: 0.0 ms]
   [Code Root Purge: 0.0 ms]
   [Clear CT: 0.2 ms]
   [Other: 1.2 ms]
      [Choose CSet: 0.0 ms]
      [Ref Proc: 0.2 ms]
      [Ref Enq: 0.0 ms]
      [Redirty Cards: 0.4 ms]
      [Humongous Register: 0.0 ms]
      [Humongous Reclaim: 0.0 ms]
      [Free CSet: 0.3 ms]
   [Eden: 287.0M(287.0M)->0.0B(289.0M) Survivors: 44.0M->42.0M Heap: 1084.5M(2048.0M)->1087.0M(2048.0M)]
 [Times: user=1.36 sys=0.01, real=0.17 secs] 
2020-09-29T12:03:31.961+0200: 100.648: [GC pause (G1 Humongous Allocation) (young) (initial-mark), 0.0591794 secs]
   [Parallel Time: 58.3 ms, GC Workers: 8]
      [GC Worker Start (ms): Min: 100648.5, Avg: 100648.6, Max: 100648.7, Diff: 0.2]
      [Ext Root Scanning (ms): Min: 0.0, Avg: 0.2, Max: 0.5, Diff: 0.5, Sum: 1.8]
      [Update RS (ms): Min: 33.8, Avg: 34.1, Max: 34.7, Diff: 0.8, Sum: 273.1]
         [Processed Buffers: Min: 36, Avg: 37.5, Max: 41, Diff: 5, Sum: 300]
      [Scan RS (ms): Min: 2.2, Avg: 2.7, Max: 3.0, Diff: 0.8, Sum: 21.8]
      [Code Root Scanning (ms): Min: 0.0, Avg: 0.0, Max: 0.0, Diff: 0.0, Sum: 0.0]
      [Object Copy (ms): Min: 20.9, Avg: 20.9, Max: 21.0, Diff: 0.1, Sum: 167.6]
      [Termination (ms): Min: 0.0, Avg: 0.0, Max: 0.0, Diff: 0.0, Sum: 0.1]
         [Termination Attempts: Min: 1, Avg: 80.0, Max: 110, Diff: 109, Sum: 640]
      [GC Worker Other (ms): Min: 0.0, Avg: 0.0, Max: 0.0, Diff: 0.0, Sum: 0.2]
      [GC Worker Total (ms): Min: 58.0, Avg: 58.1, Max: 58.1, Diff: 0.1, Sum: 464.5]
      [GC Worker End (ms): Min: 100706.7, Avg: 100706.7, Max: 100706.7, Diff: 0.0]
   [Code Root Fixup: 0.0 ms]
   [Code Root Purge: 0.0 ms]
   [Clear CT: 0.2 ms]
   [Other: 0.7 ms]
      [Choose CSet: 0.0 ms]
      [Ref Proc: 0.1 ms]
      [Ref Enq: 0.0 ms]
      [Redirty Cards: 0.2 ms]
      [Humongous Register: 0.1 ms]
      [Humongous Reclaim: 0.0 ms]
      [Free CSet: 0.1 ms]
   [Eden: 10.0M(289.0M)->0.0B(329.0M) Survivors: 42.0M->11.0M Heap: 1096.5M(2048.0M)->1099.5M(2048.0M)]
 [Times: user=0.39 sys=0.00, real=0.06 secs] 
2020-09-29T12:03:32.020+0200: 100.708: [GC concurrent-root-region-scan-start]
2020-09-29T12:03:32.023+0200: 100.710: [GC concurrent-root-region-scan-end, 0.0027886 secs]
2020-09-29T12:03:32.023+0200: 100.710: [GC concurrent-mark-start]
2020-09-29T12:03:32.026+0200: 100.714: [GC concurrent-mark-end, 0.0034597 secs]
2020-09-29T12:03:32.027+0200: 100.714: [GC remark 2020-09-29T12:03:32.027+0200: 100.714: [Finalize Marking, 0.0001875 secs] 2020-09-29T12:03:32.027+0200: 100.714: [GC ref-proc, 0.0003875 secs] 2020-09-29T12:03:32.027+0200: 100.715: [Unloading, 0.0005417 secs], 0.0014594 secs]
 [Times: user=0.00 sys=0.00, real=0.00 secs] 
2020-09-29T12:03:32.029+0200: 100.716: [GC cleanup 1114M->34M(2048M), 0.0013270 secs]
 [Times: user=0.00 sys=0.00, real=0.00 secs] 
2020-09-29T12:03:32.031+0200: 100.718: [GC concurrent-cleanup-start]
2020-09-29T12:03:32.033+0200: 100.720: [GC concurrent-cleanup-end, 0.0018569 secs]
2020-09-29T12:03:32.217+0200: 100.905: [GC pause (G1 Evacuation Pause) (young), 0.1684392 secs]
   [Parallel Time: 166.8 ms, GC Workers: 8]
      [GC Worker Start (ms): Min: 100904.9, Avg: 100905.0, Max: 100905.1, Diff: 0.1]
      [Ext Root Scanning (ms): Min: 0.0, Avg: 0.1, Max: 0.1, Diff: 0.1, Sum: 0.5]
      [Update RS (ms): Min: 16.7, Avg: 17.0, Max: 17.3, Diff: 0.6, Sum: 135.7]
         [Processed Buffers: Min: 18, Avg: 19.4, Max: 21, Diff: 3, Sum: 155]
      [Scan RS (ms): Min: 15.7, Avg: 16.1, Max: 16.4, Diff: 0.6, Sum: 128.5]
      [Code Root Scanning (ms): Min: 0.0, Avg: 0.0, Max: 0.0, Diff: 0.0, Sum: 0.0]
      [Object Copy (ms): Min: 133.2, Avg: 133.4, Max: 133.5, Diff: 0.3, Sum: 1067.1]
      [Termination (ms): Min: 0.0, Avg: 0.1, Max: 0.1, Diff: 0.1, Sum: 0.7]
         [Termination Attempts: Min: 1, Avg: 648.3, Max: 862, Diff: 861, Sum: 5186]
      [GC Worker Other (ms): Min: 0.0, Avg: 0.0, Max: 0.1, Diff: 0.1, Sum: 0.4]
      [GC Worker Total (ms): Min: 166.5, Avg: 166.6, Max: 166.7, Diff: 0.1, Sum: 1332.9]
      [GC Worker End (ms): Min: 101071.6, Avg: 101071.6, Max: 101071.7, Diff: 0.1]
   [Code Root Fixup: 0.0 ms]
   [Code Root Purge: 0.0 ms]
   [Clear CT: 0.6 ms]
   [Other: 1.0 ms]
      [Choose CSet: 0.0 ms]
      [Ref Proc: 0.2 ms]
      [Ref Enq: 0.0 ms]
      [Redirty Cards: 0.3 ms]
      [Humongous Register: 0.0 ms]
      [Humongous Reclaim: 0.0 ms]
      [Free CSet: 0.3 ms]
   [Eden: 329.0M(329.0M)->0.0B(307.0M) Survivors: 11.0M->43.0M Heap: 403.3M(2048.0M)->394.3M(2048.0M)]
 [Times: user=1.36 sys=0.02, real=0.17 secs] 
2020-09-29T12:03:32.566+0200: 101.254: [GC pause (G1 Evacuation Pause) (young), 0.1802612 secs]
   [Parallel Time: 179.0 ms, GC Workers: 8]
      [GC Worker Start (ms): Min: 101253.6, Avg: 101253.7, Max: 101253.8, Diff: 0.2]
      [Ext Root Scanning (ms): Min: 0.0, Avg: 0.1, Max: 0.1, Diff: 0.1, Sum: 0.7]
      [Update RS (ms): Min: 19.6, Avg: 19.7, Max: 20.1, Diff: 0.5, Sum: 157.9]
         [Processed Buffers: Min: 21, Avg: 22.8, Max: 25, Diff: 4, Sum: 182]
      [Scan RS (ms): Min: 15.7, Avg: 16.1, Max: 16.3, Diff: 0.6, Sum: 128.7]
      [Code Root Scanning (ms): Min: 0.0, Avg: 0.0, Max: 0.0, Diff: 0.0, Sum: 0.0]
      [Object Copy (ms): Min: 142.7, Avg: 142.8, Max: 142.9, Diff: 0.2, Sum: 1142.6]
      [Termination (ms): Min: 0.0, Avg: 0.0, Max: 0.1, Diff: 0.1, Sum: 0.3]
         [Termination Attempts: Min: 1, Avg: 15.8, Max: 30, Diff: 29, Sum: 126]
      [GC Worker Other (ms): Min: 0.0, Avg: 0.0, Max: 0.0, Diff: 0.0, Sum: 0.1]
      [GC Worker Total (ms): Min: 178.7, Avg: 178.8, Max: 178.9, Diff: 0.2, Sum: 1430.4]
      [GC Worker End (ms): Min: 101432.5, Avg: 101432.5, Max: 101432.5, Diff: 0.0]
   [Code Root Fixup: 0.0 ms]
   [Code Root Purge: 0.0 ms]
   [Clear CT: 0.2 ms]
   [Other: 1.1 ms]
      [Choose CSet: 0.0 ms]
      [Ref Proc: 0.2 ms]
      [Ref Enq: 0.0 ms]
      [Redirty Cards: 0.4 ms]
      [Humongous Register: 0.0 ms]
      [Humongous Reclaim: 0.0 ms]
      [Free CSet: 0.3 ms]
   [Eden: 307.0M(307.0M)->0.0B(303.0M) Survivors: 43.0M->44.0M Heap: 752.8M(2048.0M)->754.8M(2048.0M)]
 [Times: user=1.41 sys=0.05, real=0.18 secs] 
2020-09-29T12:03:32.923+0200: 101.610: [GC pause (G1 Evacuation Pause) (young), 0.1743349 secs]
   [Parallel Time: 173.2 ms, GC Workers: 8]
      [GC Worker Start (ms): Min: 101610.4, Avg: 101610.4, Max: 101610.5, Diff: 0.1]
      [Ext Root Scanning (ms): Min: 0.0, Avg: 0.1, Max: 0.2, Diff: 0.1, Sum: 0.6]
      [Update RS (ms): Min: 19.6, Avg: 19.6, Max: 19.7, Diff: 0.2, Sum: 156.9]
         [Processed Buffers: Min: 19, Avg: 22.4, Max: 25, Diff: 6, Sum: 179]
      [Scan RS (ms): Min: 17.1, Avg: 17.2, Max: 17.3, Diff: 0.2, Sum: 137.4]
      [Code Root Scanning (ms): Min: 0.0, Avg: 0.0, Max: 0.0, Diff: 0.0, Sum: 0.0]
      [Object Copy (ms): Min: 136.0, Avg: 136.1, Max: 136.2, Diff: 0.2, Sum: 1089.1]
      [Termination (ms): Min: 0.0, Avg: 0.0, Max: 0.0, Diff: 0.0, Sum: 0.0]
         [Termination Attempts: Min: 1, Avg: 29.1, Max: 45, Diff: 44, Sum: 233]
      [GC Worker Other (ms): Min: 0.0, Avg: 0.0, Max: 0.0, Diff: 0.0, Sum: 0.2]
      [GC Worker Total (ms): Min: 173.0, Avg: 173.0, Max: 173.1, Diff: 0.1, Sum: 1384.2]
      [GC Worker End (ms): Min: 101783.5, Avg: 101783.5, Max: 101783.5, Diff: 0.0]
   [Code Root Fixup: 0.0 ms]
   [Code Root Purge: 0.0 ms]
   [Clear CT: 0.2 ms]
   [Other: 0.9 ms]
      [Choose CSet: 0.0 ms]
      [Ref Proc: 0.1 ms]
      [Ref Enq: 0.0 ms]
      [Redirty Cards: 0.3 ms]
      [Humongous Register: 0.0 ms]
      [Humongous Reclaim: 0.0 ms]
      [Free CSet: 0.3 ms]
   [Eden: 303.0M(303.0M)->0.0B(303.0M) Survivors: 44.0M->44.0M Heap: 1109.3M(2048.0M)->1111.8M(2048.0M)]
 [Times: user=1.31 sys=0.05, real=0.17 secs] 
2020-09-29T12:03:33.107+0200: 101.795: [GC pause (G1 Humongous Allocation) (young) (initial-mark), 0.0853302 secs]
   [Parallel Time: 84.5 ms, GC Workers: 8]
      [GC Worker Start (ms): Min: 101794.9, Avg: 101794.9, Max: 101795.0, Diff: 0.2]
      [Ext Root Scanning (ms): Min: 0.0, Avg: 0.1, Max: 0.2, Diff: 0.2, Sum: 1.0]
      [Update RS (ms): Min: 38.4, Avg: 38.6, Max: 39.0, Diff: 0.6, Sum: 309.0]
         [Processed Buffers: Min: 42, Avg: 45.6, Max: 49, Diff: 7, Sum: 365]
      [Scan RS (ms): Min: 2.4, Avg: 2.9, Max: 3.1, Diff: 0.7, Sum: 23.1]
      [Code Root Scanning (ms): Min: 0.0, Avg: 0.0, Max: 0.0, Diff: 0.0, Sum: 0.0]
      [Object Copy (ms): Min: 42.4, Avg: 42.5, Max: 42.7, Diff: 0.3, Sum: 340.4]
      [Termination (ms): Min: 0.0, Avg: 0.2, Max: 0.3, Diff: 0.3, Sum: 1.4]
         [Termination Attempts: Min: 1, Avg: 1023.0, Max: 1613, Diff: 1612, Sum: 8184]
      [GC Worker Other (ms): Min: 0.0, Avg: 0.0, Max: 0.0, Diff: 0.0, Sum: 0.1]
      [GC Worker Total (ms): Min: 84.3, Avg: 84.4, Max: 84.4, Diff: 0.2, Sum: 675.0]
      [GC Worker End (ms): Min: 101879.3, Avg: 101879.3, Max: 101879.3, Diff: 0.0]
   [Code Root Fixup: 0.0 ms]
   [Code Root Purge: 0.0 ms]
   [Clear CT: 0.2 ms]
   [Other: 0.7 ms]
      [Choose CSet: 0.0 ms]
      [Ref Proc: 0.2 ms]
      [Ref Enq: 0.0 ms]
      [Redirty Cards: 0.2 ms]
      [Humongous Register: 0.1 ms]
      [Humongous Reclaim: 0.0 ms]
      [Free CSet: 0.1 ms]
   [Eden: 11.0M(303.0M)->0.0B(236.0M) Survivors: 44.0M->12.0M Heap: 1122.8M(2048.0M)->1126.3M(2048.0M)]
 [Times: user=0.66 sys=0.01, real=0.09 secs] 
2020-09-29T12:03:33.193+0200: 101.880: [GC concurrent-root-region-scan-start]
2020-09-29T12:03:33.195+0200: 101.883: [GC concurrent-root-region-scan-end, 0.0027893 secs]
2020-09-29T12:03:33.195+0200: 101.883: [GC concurrent-mark-start]
2020-09-29T12:03:33.198+0200: 101.886: [GC concurrent-mark-end, 0.0028129 secs]
2020-09-29T12:03:33.198+0200: 101.886: [GC remark 2020-09-29T12:03:33.198+0200: 101.886: [Finalize Marking, 0.0002012 secs] 2020-09-29T12:03:33.199+0200: 101.886: [GC ref-proc, 0.0002733 secs] 2020-09-29T12:03:33.199+0200: 101.886: [Unloading, 0.0003802 secs], 0.0011883 secs]
 [Times: user=0.00 sys=0.00, real=0.00 secs] 
2020-09-29T12:03:33.200+0200: 101.888: [GC cleanup 1142M->35M(2048M), 0.0012277 secs]
 [Times: user=0.00 sys=0.00, real=0.00 secs] 
2020-09-29T12:03:33.201+0200: 101.889: [GC concurrent-cleanup-start]
2020-09-29T12:03:33.203+0200: 101.890: [GC concurrent-cleanup-end, 0.0014231 secs]
2020-09-29T12:03:33.334+0200: 102.022: [GC pause (G1 Evacuation Pause) (young), 0.1428318 secs]
   [Parallel Time: 141.8 ms, GC Workers: 8]
      [GC Worker Start (ms): Min: 102022.0, Avg: 102022.1, Max: 102022.2, Diff: 0.2]
      [Ext Root Scanning (ms): Min: 0.0, Avg: 0.1, Max: 0.2, Diff: 0.2, Sum: 0.5]
      [Update RS (ms): Min: 22.9, Avg: 23.2, Max: 23.9, Diff: 1.1, Sum: 185.8]
         [Processed Buffers: Min: 19, Avg: 19.9, Max: 22, Diff: 3, Sum: 159]
      [Scan RS (ms): Min: 13.6, Avg: 14.4, Max: 14.7, Diff: 1.1, Sum: 115.0]
      [Code Root Scanning (ms): Min: 0.0, Avg: 0.0, Max: 0.0, Diff: 0.0, Sum: 0.0]
      [Object Copy (ms): Min: 103.5, Avg: 103.7, Max: 103.9, Diff: 0.3, Sum: 829.9]
      [Termination (ms): Min: 0.0, Avg: 0.1, Max: 0.2, Diff: 0.1, Sum: 0.9]
         [Termination Attempts: Min: 1, Avg: 506.3, Max: 696, Diff: 695, Sum: 4050]
      [GC Worker Other (ms): Min: 0.0, Avg: 0.0, Max: 0.0, Diff: 0.0, Sum: 0.1]
      [GC Worker Total (ms): Min: 141.4, Avg: 141.5, Max: 141.7, Diff: 0.2, Sum: 1132.2]
      [GC Worker End (ms): Min: 102163.6, Avg: 102163.6, Max: 102163.7, Diff: 0.0]
   [Code Root Fixup: 0.0 ms]
   [Code Root Purge: 0.0 ms]
   [Clear CT: 0.2 ms]
   [Other: 0.9 ms]
      [Choose CSet: 0.0 ms]
      [Ref Proc: 0.2 ms]
      [Ref Enq: 0.0 ms]
      [Redirty Cards: 0.2 ms]
      [Humongous Register: 0.0 ms]
      [Humongous Reclaim: 0.0 ms]
      [Free CSet: 0.2 ms]
   [Eden: 236.0M(236.0M)->0.0B(225.0M) Survivors: 12.0M->31.0M Heap: 296.1M(2048.0M)->286.6M(2048.0M)]
 [Times: user=1.08 sys=0.03, real=0.14 secs] 
2020-09-29T12:03:33.600+0200: 102.289: [GC pause (G1 Evacuation Pause) (young), 0.1412631 secs]
   [Parallel Time: 140.3 ms, GC Workers: 8]
      [GC Worker Start (ms): Min: 102288.7, Avg: 102288.8, Max: 102288.9, Diff: 0.1]
      [Ext Root Scanning (ms): Min: 0.0, Avg: 0.1, Max: 0.2, Diff: 0.1, Sum: 0.7]
      [Update RS (ms): Min: 20.0, Avg: 20.2, Max: 20.5, Diff: 0.5, Sum: 161.4]
         [Processed Buffers: Min: 14, Avg: 20.6, Max: 26, Diff: 12, Sum: 165]
      [Scan RS (ms): Min: 12.3, Avg: 12.7, Max: 13.3, Diff: 1.0, Sum: 101.5]
      [Code Root Scanning (ms): Min: 0.0, Avg: 0.0, Max: 0.0, Diff: 0.0, Sum: 0.0]
      [Object Copy (ms): Min: 106.5, Avg: 107.1, Max: 107.2, Diff: 0.7, Sum: 856.4]
      [Termination (ms): Min: 0.0, Avg: 0.0, Max: 0.1, Diff: 0.1, Sum: 0.3]
         [Termination Attempts: Min: 1, Avg: 306.1, Max: 388, Diff: 387, Sum: 2449]
      [GC Worker Other (ms): Min: 0.0, Avg: 0.0, Max: 0.1, Diff: 0.0, Sum: 0.3]
      [GC Worker Total (ms): Min: 140.0, Avg: 140.1, Max: 140.2, Diff: 0.1, Sum: 1120.7]
      [GC Worker End (ms): Min: 102428.9, Avg: 102428.9, Max: 102428.9, Diff: 0.0]
   [Code Root Fixup: 0.0 ms]
   [Code Root Purge: 0.0 ms]
   [Clear CT: 0.2 ms]
   [Other: 0.8 ms]
      [Choose CSet: 0.0 ms]
      [Ref Proc: 0.2 ms]
      [Ref Enq: 0.0 ms]
      [Redirty Cards: 0.2 ms]
      [Humongous Register: 0.0 ms]
      [Humongous Reclaim: 0.0 ms]
      [Free CSet: 0.1 ms]
   [Eden: 225.0M(225.0M)->0.0B(241.0M) Survivors: 31.0M->32.0M Heap: 549.7M(2048.0M)->550.7M(2048.0M)]
 [Times: user=1.13 sys=0.00, real=0.14 secs] 
2020-09-29T12:03:33.870+0200: 102.557: [GC pause (G1 Evacuation Pause) (young), 0.1436368 secs]
   [Parallel Time: 140.2 ms, GC Workers: 8]
      [GC Worker Start (ms): Min: 102557.0, Avg: 102557.2, Max: 102557.2, Diff: 0.2]
      [Ext Root Scanning (ms): Min: 0.0, Avg: 0.1, Max: 0.2, Diff: 0.2, Sum: 0.4]
      [Update RS (ms): Min: 13.6, Avg: 13.7, Max: 13.8, Diff: 0.2, Sum: 109.5]
         [Processed Buffers: Min: 15, Avg: 16.8, Max: 19, Diff: 4, Sum: 134]
      [Scan RS (ms): Min: 12.5, Avg: 12.6, Max: 12.7, Diff: 0.2, Sum: 100.9]
      [Code Root Scanning (ms): Min: 0.0, Avg: 0.0, Max: 0.0, Diff: 0.0, Sum: 0.0]
      [Object Copy (ms): Min: 113.2, Avg: 113.4, Max: 113.6, Diff: 0.4, Sum: 907.3]
      [Termination (ms): Min: 0.0, Avg: 0.2, Max: 0.3, Diff: 0.3, Sum: 1.6]
         [Termination Attempts: Min: 1, Avg: 1380.4, Max: 1829, Diff: 1828, Sum: 11043]
      [GC Worker Other (ms): Min: 0.0, Avg: 0.0, Max: 0.1, Diff: 0.0, Sum: 0.3]
      [GC Worker Total (ms): Min: 139.9, Avg: 140.0, Max: 140.1, Diff: 0.2, Sum: 1119.9]
      [GC Worker End (ms): Min: 102697.1, Avg: 102697.1, Max: 102697.2, Diff: 0.0]
   [Code Root Fixup: 0.0 ms]
   [Code Root Purge: 0.0 ms]
   [Clear CT: 1.1 ms]
   [Other: 2.3 ms]
      [Choose CSet: 0.0 ms]
      [Ref Proc: 0.3 ms]
      [Ref Enq: 0.0 ms]
      [Redirty Cards: 1.6 ms]
      [Humongous Register: 0.0 ms]
      [Humongous Reclaim: 0.0 ms]
      [Free CSet: 0.2 ms]
   [Eden: 241.0M(241.0M)->0.0B(256.0M) Survivors: 32.0M->35.0M Heap: 831.8M(2048.0M)->833.3M(2048.0M)]
 [Times: user=1.13 sys=0.00, real=0.14 secs] 
2020-09-29T12:03:34.143+0200: 102.831: [GC pause (G1 Evacuation Pause) (young), 0.1580169 secs]
   [Parallel Time: 157.1 ms, GC Workers: 8]
      [GC Worker Start (ms): Min: 102831.5, Avg: 102831.6, Max: 102831.7, Diff: 0.2]
      [Ext Root Scanning (ms): Min: 0.0, Avg: 0.1, Max: 0.2, Diff: 0.2, Sum: 0.5]
      [Update RS (ms): Min: 16.6, Avg: 16.6, Max: 16.8, Diff: 0.3, Sum: 133.1]
         [Processed Buffers: Min: 16, Avg: 18.1, Max: 20, Diff: 4, Sum: 145]
      [Scan RS (ms): Min: 14.5, Avg: 14.7, Max: 14.9, Diff: 0.5, Sum: 118.0]
      [Code Root Scanning (ms): Min: 0.0, Avg: 0.0, Max: 0.0, Diff: 0.0, Sum: 0.0]
      [Object Copy (ms): Min: 125.2, Avg: 125.2, Max: 125.3, Diff: 0.1, Sum: 1001.9]
      [Termination (ms): Min: 0.0, Avg: 0.1, Max: 0.1, Diff: 0.1, Sum: 0.9]
         [Termination Attempts: Min: 1, Avg: 877.1, Max: 1171, Diff: 1170, Sum: 7017]
      [GC Worker Other (ms): Min: 0.0, Avg: 0.0, Max: 0.1, Diff: 0.0, Sum: 0.3]
      [GC Worker Total (ms): Min: 156.8, Avg: 156.8, Max: 156.9, Diff: 0.1, Sum: 1254.7]
      [GC Worker End (ms): Min: 102988.4, Avg: 102988.4, Max: 102988.5, Diff: 0.0]
   [Code Root Fixup: 0.0 ms]
   [Code Root Purge: 0.0 ms]
   [Clear CT: 0.2 ms]
   [Other: 0.8 ms]
      [Choose CSet: 0.0 ms]
      [Ref Proc: 0.2 ms]
      [Ref Enq: 0.0 ms]
      [Redirty Cards: 0.2 ms]
      [Humongous Register: 0.1 ms]
      [Humongous Reclaim: 0.0 ms]
      [Free CSet: 0.2 ms]
   [Eden: 256.0M(256.0M)->0.0B(267.0M) Survivors: 35.0M->37.0M Heap: 1131.2M(2048.0M)->1133.2M(2048.0M)]
 [Times: user=1.27 sys=0.00, real=0.16 secs] 
2020-09-29T12:03:34.308+0200: 102.996: [GC pause (G1 Humongous Allocation) (young) (initial-mark), 0.0648560 secs]
   [Parallel Time: 64.0 ms, GC Workers: 8]
      [GC Worker Start (ms): Min: 102996.6, Avg: 102996.7, Max: 102996.8, Diff: 0.2]
      [Ext Root Scanning (ms): Min: 0.0, Avg: 0.2, Max: 0.8, Diff: 0.8, Sum: 1.8]
      [Update RS (ms): Min: 33.1, Avg: 34.0, Max: 34.4, Diff: 1.3, Sum: 271.7]
         [Processed Buffers: Min: 36, Avg: 39.1, Max: 41, Diff: 5, Sum: 313]
      [Scan RS (ms): Min: 2.2, Avg: 2.5, Max: 2.7, Diff: 0.6, Sum: 20.2]
      [Code Root Scanning (ms): Min: 0.0, Avg: 0.0, Max: 0.0, Diff: 0.0, Sum: 0.0]
      [Object Copy (ms): Min: 26.6, Avg: 26.7, Max: 27.0, Diff: 0.4, Sum: 213.9]
      [Termination (ms): Min: 0.0, Avg: 0.2, Max: 0.3, Diff: 0.3, Sum: 1.9]
         [Termination Attempts: Min: 1, Avg: 1463.0, Max: 1856, Diff: 1855, Sum: 11704]
      [GC Worker Other (ms): Min: 0.0, Avg: 0.0, Max: 0.0, Diff: 0.0, Sum: 0.1]
      [GC Worker Total (ms): Min: 63.6, Avg: 63.7, Max: 63.8, Diff: 0.2, Sum: 509.7]
      [GC Worker End (ms): Min: 103060.4, Avg: 103060.4, Max: 103060.5, Diff: 0.0]
   [Code Root Fixup: 0.0 ms]
   [Code Root Purge: 0.0 ms]
   [Clear CT: 0.2 ms]
   [Other: 0.6 ms]
      [Choose CSet: 0.0 ms]
      [Ref Proc: 0.1 ms]
      [Ref Enq: 0.0 ms]
      [Redirty Cards: 0.2 ms]
      [Humongous Register: 0.0 ms]
      [Humongous Reclaim: 0.0 ms]
      [Free CSet: 0.1 ms]
   [Eden: 4096.0K(267.0M)->0.0B(267.0M) Survivors: 37.0M->6144.0K Heap: 1136.7M(2048.0M)->1141.2M(2048.0M)]
 [Times: user=0.48 sys=0.02, real=0.07 secs] 
2020-09-29T12:03:34.374+0200: 103.062: [GC concurrent-root-region-scan-start]
2020-09-29T12:03:34.375+0200: 103.062: [GC concurrent-root-region-scan-end, 0.0007663 secs]
2020-09-29T12:03:34.375+0200: 103.062: [GC concurrent-mark-start]
2020-09-29T12:03:34.378+0200: 103.065: [GC concurrent-mark-end, 0.0031642 secs]
2020-09-29T12:03:34.378+0200: 103.066: [GC remark 2020-09-29T12:03:34.378+0200: 103.066: [Finalize Marking, 0.0002062 secs] 2020-09-29T12:03:34.378+0200: 103.066: [GC ref-proc, 0.0002910 secs] 2020-09-29T12:03:34.379+0200: 103.066: [Unloading, 0.0005493 secs], 0.0013960 secs]
 [Times: user=0.00 sys=0.00, real=0.00 secs] 
2020-09-29T12:03:34.380+0200: 103.068: [GC cleanup 1151M->23M(2048M), 0.0011941 secs]
 [Times: user=0.00 sys=0.00, real=0.00 secs] 
2020-09-29T12:03:34.381+0200: 103.069: [GC concurrent-cleanup-start]
2020-09-29T12:03:34.383+0200: 103.070: [GC concurrent-cleanup-end, 0.0014721 secs]
2020-09-29T12:03:34.538+0200: 103.225: [GC pause (G1 Evacuation Pause) (young), 0.1689178 secs]
   [Parallel Time: 166.1 ms, GC Workers: 8]
      [GC Worker Start (ms): Min: 103225.1, Avg: 103227.3, Max: 103240.9, Diff: 15.7]
      [Ext Root Scanning (ms): Min: 0.0, Avg: 0.1, Max: 0.2, Diff: 0.2, Sum: 0.6]
      [Update RS (ms): Min: 9.2, Avg: 22.8, Max: 25.1, Diff: 15.9, Sum: 182.4]
         [Processed Buffers: Min: 13, Avg: 19.9, Max: 26, Diff: 13, Sum: 159]
      [Scan RS (ms): Min: 17.4, Avg: 17.8, Max: 18.0, Diff: 0.6, Sum: 142.1]
      [Code Root Scanning (ms): Min: 0.0, Avg: 0.0, Max: 0.0, Diff: 0.0, Sum: 0.0]
      [Object Copy (ms): Min: 123.0, Avg: 123.2, Max: 123.2, Diff: 0.3, Sum: 985.3]
      [Termination (ms): Min: 0.0, Avg: 0.0, Max: 0.0, Diff: 0.0, Sum: 0.1]
         [Termination Attempts: Min: 1, Avg: 97.1, Max: 144, Diff: 143, Sum: 777]
      [GC Worker Other (ms): Min: 0.0, Avg: 0.0, Max: 0.1, Diff: 0.1, Sum: 0.4]
      [GC Worker Total (ms): Min: 150.3, Avg: 163.9, Max: 166.0, Diff: 15.8, Sum: 1311.0]
      [GC Worker End (ms): Min: 103391.1, Avg: 103391.1, Max: 103391.2, Diff: 0.1]
   [Code Root Fixup: 0.0 ms]
   [Code Root Purge: 0.0 ms]
   [Clear CT: 0.2 ms]
   [Other: 2.6 ms]
      [Choose CSet: 0.0 ms]
      [Ref Proc: 0.1 ms]
      [Ref Enq: 0.0 ms]
      [Redirty Cards: 0.2 ms]
      [Humongous Register: 0.1 ms]
      [Humongous Reclaim: 0.0 ms]
      [Free CSet: 0.3 ms]
   [Eden: 267.0M(267.0M)->0.0B(239.0M) Survivors: 6144.0K->35.0M Heap: 326.8M(2048.0M)->322.8M(2048.0M)]
 [Times: user=1.08 sys=0.02, real=0.17 secs] 
2020-09-29T12:03:34.842+0200: 103.529: [GC pause (G1 Evacuation Pause) (young), 0.1419071 secs]
   [Parallel Time: 140.9 ms, GC Workers: 8]
      [GC Worker Start (ms): Min: 103529.4, Avg: 103529.5, Max: 103529.6, Diff: 0.2]
      [Ext Root Scanning (ms): Min: 0.0, Avg: 0.1, Max: 0.2, Diff: 0.2, Sum: 0.5]
      [Update RS (ms): Min: 16.5, Avg: 16.7, Max: 17.4, Diff: 0.9, Sum: 133.9]
         [Processed Buffers: Min: 16, Avg: 18.0, Max: 22, Diff: 6, Sum: 144]
      [Scan RS (ms): Min: 14.1, Avg: 14.8, Max: 15.0, Diff: 0.9, Sum: 118.5]
      [Code Root Scanning (ms): Min: 0.0, Avg: 0.0, Max: 0.0, Diff: 0.0, Sum: 0.0]
      [Object Copy (ms): Min: 108.8, Avg: 108.9, Max: 108.9, Diff: 0.1, Sum: 870.9]
      [Termination (ms): Min: 0.0, Avg: 0.1, Max: 0.1, Diff: 0.1, Sum: 0.4]
         [Termination Attempts: Min: 1, Avg: 132.6, Max: 191, Diff: 190, Sum: 1061]
      [GC Worker Other (ms): Min: 0.0, Avg: 0.0, Max: 0.0, Diff: 0.0, Sum: 0.1]
      [GC Worker Total (ms): Min: 140.5, Avg: 140.5, Max: 140.6, Diff: 0.2, Sum: 1124.2]
      [GC Worker End (ms): Min: 103670.0, Avg: 103670.0, Max: 103670.0, Diff: 0.0]
   [Code Root Fixup: 0.0 ms]
   [Code Root Purge: 0.0 ms]
   [Clear CT: 0.2 ms]
   [Other: 0.8 ms]
      [Choose CSet: 0.0 ms]
      [Ref Proc: 0.2 ms]
      [Ref Enq: 0.0 ms]
      [Redirty Cards: 0.3 ms]
      [Humongous Register: 0.0 ms]
      [Humongous Reclaim: 0.0 ms]
      [Free CSet: 0.2 ms]
   [Eden: 239.0M(239.0M)->0.0B(254.0M) Survivors: 35.0M->35.0M Heap: 601.8M(2048.0M)->603.3M(2048.0M)]
 [Times: user=1.13 sys=0.00, real=0.14 secs] 
2020-09-29T12:03:35.110+0200: 103.797: [GC pause (G1 Evacuation Pause) (young), 0.1451407 secs]
   [Parallel Time: 144.1 ms, GC Workers: 8]
      [GC Worker Start (ms): Min: 103797.5, Avg: 103797.6, Max: 103797.7, Diff: 0.1]
      [Ext Root Scanning (ms): Min: 0.0, Avg: 0.1, Max: 0.1, Diff: 0.1, Sum: 0.6]
      [Update RS (ms): Min: 14.0, Avg: 14.2, Max: 14.9, Diff: 0.9, Sum: 113.3]
         [Processed Buffers: Min: 15, Avg: 17.0, Max: 18, Diff: 3, Sum: 136]
      [Scan RS (ms): Min: 13.4, Avg: 14.1, Max: 14.3, Diff: 0.8, Sum: 112.4]
      [Code Root Scanning (ms): Min: 0.0, Avg: 0.0, Max: 0.0, Diff: 0.0, Sum: 0.0]
      [Object Copy (ms): Min: 115.4, Avg: 115.5, Max: 115.6, Diff: 0.2, Sum: 924.3]
      [Termination (ms): Min: 0.0, Avg: 0.0, Max: 0.0, Diff: 0.0, Sum: 0.1]
         [Termination Attempts: Min: 1, Avg: 122.1, Max: 157, Diff: 156, Sum: 977]
      [GC Worker Other (ms): Min: 0.0, Avg: 0.1, Max: 0.1, Diff: 0.1, Sum: 0.4]
      [GC Worker Total (ms): Min: 143.8, Avg: 143.9, Max: 144.0, Diff: 0.2, Sum: 1151.2]
      [GC Worker End (ms): Min: 103941.5, Avg: 103941.5, Max: 103941.5, Diff: 0.1]
   [Code Root Fixup: 0.0 ms]
   [Code Root Purge: 0.0 ms]
   [Clear CT: 0.2 ms]
   [Other: 0.8 ms]
      [Choose CSet: 0.0 ms]
      [Ref Proc: 0.2 ms]
      [Ref Enq: 0.0 ms]
      [Redirty Cards: 0.3 ms]
      [Humongous Register: 0.0 ms]
      [Humongous Reclaim: 0.0 ms]
      [Free CSet: 0.2 ms]
   [Eden: 254.0M(254.0M)->0.0B(271.0M) Survivors: 35.0M->37.0M Heap: 899.3M(2048.0M)->901.3M(2048.0M)]
 [Times: user=1.20 sys=0.00, real=0.15 secs] 
2020-09-29T12:03:35.392+0200: 104.079: [GC pause (G1 Evacuation Pause) (young), 0.1594588 secs]
   [Parallel Time: 158.4 ms, GC Workers: 8]
      [GC Worker Start (ms): Min: 104079.4, Avg: 104079.5, Max: 104079.5, Diff: 0.1]
      [Ext Root Scanning (ms): Min: 0.0, Avg: 0.1, Max: 0.1, Diff: 0.1, Sum: 0.6]
      [Update RS (ms): Min: 16.9, Avg: 17.0, Max: 17.4, Diff: 0.5, Sum: 136.2]
         [Processed Buffers: Min: 16, Avg: 19.3, Max: 22, Diff: 6, Sum: 154]
      [Scan RS (ms): Min: 15.4, Avg: 15.7, Max: 15.9, Diff: 0.5, Sum: 125.6]
      [Code Root Scanning (ms): Min: 0.0, Avg: 0.0, Max: 0.0, Diff: 0.0, Sum: 0.0]
      [Object Copy (ms): Min: 125.2, Avg: 125.4, Max: 125.5, Diff: 0.2, Sum: 1003.2]
      [Termination (ms): Min: 0.0, Avg: 0.0, Max: 0.0, Diff: 0.0, Sum: 0.1]
         [Termination Attempts: Min: 1, Avg: 82.4, Max: 112, Diff: 111, Sum: 659]
      [GC Worker Other (ms): Min: 0.0, Avg: 0.0, Max: 0.1, Diff: 0.1, Sum: 0.4]
      [GC Worker Total (ms): Min: 158.2, Avg: 158.3, Max: 158.3, Diff: 0.2, Sum: 1266.1]
      [GC Worker End (ms): Min: 104237.7, Avg: 104237.7, Max: 104237.8, Diff: 0.1]
   [Code Root Fixup: 0.0 ms]
   [Code Root Purge: 0.0 ms]
   [Clear CT: 0.1 ms]
   [Other: 0.9 ms]
      [Choose CSet: 0.0 ms]
      [Ref Proc: 0.2 ms]
      [Ref Enq: 0.0 ms]
      [Redirty Cards: 0.2 ms]
      [Humongous Register: 0.0 ms]
      [Humongous Reclaim: 0.0 ms]
      [Free CSet: 0.3 ms]
   [Eden: 271.0M(271.0M)->0.0B(280.0M) Survivors: 37.0M->39.0M Heap: 1218.1M(2048.0M)->1220.1M(2048.0M)]
 [Times: user=1.27 sys=0.00, real=0.16 secs] 
2020-09-29T12:03:35.568+0200: 104.256: [GC pause (G1 Humongous Allocation) (young) (initial-mark), 0.0572589 secs]
   [Parallel Time: 56.0 ms, GC Workers: 8]
      [GC Worker Start (ms): Min: 104255.9, Avg: 104255.9, Max: 104256.0, Diff: 0.1]
      [Ext Root Scanning (ms): Min: 0.1, Avg: 0.1, Max: 0.1, Diff: 0.1, Sum: 0.7]
      [Update RS (ms): Min: 26.6, Avg: 26.7, Max: 26.8, Diff: 0.2, Sum: 213.5]
         [Processed Buffers: Min: 31, Avg: 33.0, Max: 36, Diff: 5, Sum: 264]
      [Scan RS (ms): Min: 2.4, Avg: 2.5, Max: 2.6, Diff: 0.2, Sum: 20.1]
      [Code Root Scanning (ms): Min: 0.0, Avg: 0.0, Max: 0.0, Diff: 0.0, Sum: 0.0]
      [Object Copy (ms): Min: 26.5, Avg: 26.5, Max: 26.5, Diff: 0.1, Sum: 212.2]
      [Termination (ms): Min: 0.0, Avg: 0.0, Max: 0.0, Diff: 0.0, Sum: 0.0]
         [Termination Attempts: Min: 1, Avg: 27.6, Max: 38, Diff: 37, Sum: 221]
      [GC Worker Other (ms): Min: 0.0, Avg: 0.0, Max: 0.1, Diff: 0.1, Sum: 0.2]
      [GC Worker Total (ms): Min: 55.8, Avg: 55.8, Max: 55.9, Diff: 0.1, Sum: 446.8]
      [GC Worker End (ms): Min: 104311.8, Avg: 104311.8, Max: 104311.8, Diff: 0.1]
   [Code Root Fixup: 0.0 ms]
   [Code Root Purge: 0.0 ms]
   [Clear CT: 0.1 ms]
   [Other: 1.1 ms]
      [Choose CSet: 0.0 ms]
      [Ref Proc: 0.2 ms]
      [Ref Enq: 0.0 ms]
      [Redirty Cards: 0.2 ms]
      [Humongous Register: 0.1 ms]
      [Humongous Reclaim: 0.0 ms]
      [Free CSet: 0.2 ms]
   [Eden: 11.0M(280.0M)->0.0B(298.0M) Survivors: 39.0M->13.0M Heap: 1231.1M(2048.0M)->1234.6M(2048.0M)]
 [Times: user=0.36 sys=0.01, real=0.06 secs] 
2020-09-29T12:03:35.626+0200: 104.313: [GC concurrent-root-region-scan-start]
2020-09-29T12:03:35.629+0200: 104.316: [GC concurrent-root-region-scan-end, 0.0031207 secs]
2020-09-29T12:03:35.629+0200: 104.316: [GC concurrent-mark-start]
2020-09-29T12:03:35.634+0200: 104.321: [GC concurrent-mark-end, 0.0045368 secs]
2020-09-29T12:03:35.634+0200: 104.321: [GC remark 2020-09-29T12:03:35.634+0200: 104.321: [Finalize Marking, 0.0001948 secs] 2020-09-29T12:03:35.634+0200: 104.321: [GC ref-proc, 0.0003773 secs] 2020-09-29T12:03:35.635+0200: 104.322: [Unloading, 0.0004926 secs], 0.0015174 secs]
 [Times: user=0.00 sys=0.00, real=0.00 secs] 
2020-09-29T12:03:35.636+0200: 104.323: [GC cleanup 1247M->33M(2048M), 0.0013272 secs]
 [Times: user=0.00 sys=0.00, real=0.00 secs] 
2020-09-29T12:03:35.637+0200: 104.324: [GC concurrent-cleanup-start]
2020-09-29T12:03:35.640+0200: 104.327: [GC concurrent-cleanup-end, 0.0024761 secs]
2020-09-29T12:03:35.784+0200: 104.471: [GC pause (G1 Evacuation Pause) (young), 0.1820529 secs]
   [Parallel Time: 177.0 ms, GC Workers: 8]
      [GC Worker Start (ms): Min: 104471.0, Avg: 104471.1, Max: 104471.2, Diff: 0.2]
      [Ext Root Scanning (ms): Min: 0.0, Avg: 0.1, Max: 0.2, Diff: 0.2, Sum: 0.5]
      [Update RS (ms): Min: 21.5, Avg: 21.6, Max: 21.9, Diff: 0.3, Sum: 173.0]
         [Processed Buffers: Min: 21, Avg: 24.0, Max: 26, Diff: 5, Sum: 192]
      [Scan RS (ms): Min: 13.5, Avg: 13.7, Max: 13.8, Diff: 0.3, Sum: 109.5]
      [Code Root Scanning (ms): Min: 0.0, Avg: 0.0, Max: 0.0, Diff: 0.0, Sum: 0.0]
      [Object Copy (ms): Min: 141.1, Avg: 141.2, Max: 141.4, Diff: 0.4, Sum: 1129.3]
      [Termination (ms): Min: 0.0, Avg: 0.2, Max: 0.3, Diff: 0.3, Sum: 1.8]
         [Termination Attempts: Min: 1, Avg: 1609.6, Max: 1940, Diff: 1939, Sum: 12877]
      [GC Worker Other (ms): Min: 0.0, Avg: 0.0, Max: 0.1, Diff: 0.0, Sum: 0.2]
      [GC Worker Total (ms): Min: 176.7, Avg: 176.8, Max: 176.9, Diff: 0.2, Sum: 1414.4]
      [GC Worker End (ms): Min: 104647.9, Avg: 104647.9, Max: 104647.9, Diff: 0.0]
   [Code Root Fixup: 0.0 ms]
   [Code Root Purge: 0.0 ms]
   [Clear CT: 3.2 ms]
   [Other: 1.9 ms]
      [Choose CSet: 0.0 ms]
      [Ref Proc: 0.2 ms]
      [Ref Enq: 0.0 ms]
      [Redirty Cards: 0.3 ms]
      [Humongous Register: 0.0 ms]
      [Humongous Reclaim: 0.0 ms]
      [Free CSet: 0.2 ms]
   [Eden: 298.0M(298.0M)->0.0B(271.0M) Survivors: 13.0M->39.0M Heap: 370.0M(2048.0M)->360.0M(2048.0M)]
 [Times: user=1.48 sys=0.00, real=0.18 secs] 
2020-09-29T12:03:36.106+0200: 104.794: [GC pause (G1 Evacuation Pause) (young), 0.1554405 secs]
   [Parallel Time: 154.3 ms, GC Workers: 8]
      [GC Worker Start (ms): Min: 104793.7, Avg: 104793.8, Max: 104793.8, Diff: 0.1]
      [Ext Root Scanning (ms): Min: 0.0, Avg: 0.1, Max: 0.1, Diff: 0.1, Sum: 0.5]
      [Update RS (ms): Min: 15.7, Avg: 15.8, Max: 16.1, Diff: 0.4, Sum: 126.7]
         [Processed Buffers: Min: 18, Avg: 19.0, Max: 21, Diff: 3, Sum: 152]
      [Scan RS (ms): Min: 13.4, Avg: 13.6, Max: 13.9, Diff: 0.5, Sum: 109.2]
      [Code Root Scanning (ms): Min: 0.0, Avg: 0.0, Max: 0.0, Diff: 0.0, Sum: 0.0]
      [Object Copy (ms): Min: 124.3, Avg: 124.4, Max: 124.6, Diff: 0.3, Sum: 995.6]
      [Termination (ms): Min: 0.0, Avg: 0.1, Max: 0.2, Diff: 0.2, Sum: 1.1]
         [Termination Attempts: Min: 1, Avg: 984.1, Max: 1304, Diff: 1303, Sum: 7873]
      [GC Worker Other (ms): Min: 0.0, Avg: 0.0, Max: 0.1, Diff: 0.0, Sum: 0.2]
      [GC Worker Total (ms): Min: 154.1, Avg: 154.2, Max: 154.2, Diff: 0.1, Sum: 1233.3]
      [GC Worker End (ms): Min: 104947.9, Avg: 104947.9, Max: 104948.0, Diff: 0.0]
   [Code Root Fixup: 0.0 ms]
   [Code Root Purge: 0.0 ms]
   [Clear CT: 0.2 ms]
   [Other: 0.9 ms]
      [Choose CSet: 0.0 ms]
      [Ref Proc: 0.2 ms]
      [Ref Enq: 0.0 ms]
      [Redirty Cards: 0.3 ms]
      [Humongous Register: 0.0 ms]
      [Humongous Reclaim: 0.0 ms]
      [Free CSet: 0.2 ms]
   [Eden: 271.0M(271.0M)->0.0B(281.0M) Survivors: 39.0M->39.0M Heap: 674.9M(2048.0M)->676.9M(2048.0M)]
 [Times: user=1.25 sys=0.00, real=0.16 secs] 
2020-09-29T12:03:36.415+0200: 105.102: [GC pause (G1 Evacuation Pause) (young), 0.1758086 secs]
   [Parallel Time: 174.6 ms, GC Workers: 8]
      [GC Worker Start (ms): Min: 105102.2, Avg: 105102.3, Max: 105102.4, Diff: 0.2]
      [Ext Root Scanning (ms): Min: 0.0, Avg: 0.1, Max: 0.2, Diff: 0.2, Sum: 0.5]
      [Update RS (ms): Min: 18.6, Avg: 18.7, Max: 18.9, Diff: 0.2, Sum: 149.8]
         [Processed Buffers: Min: 14, Avg: 19.0, Max: 23, Diff: 9, Sum: 152]
      [Scan RS (ms): Min: 17.6, Avg: 17.7, Max: 17.9, Diff: 0.3, Sum: 141.9]
      [Code Root Scanning (ms): Min: 0.0, Avg: 0.0, Max: 0.0, Diff: 0.0, Sum: 0.0]
      [Object Copy (ms): Min: 137.6, Avg: 137.7, Max: 137.9, Diff: 0.3, Sum: 1101.6]
      [Termination (ms): Min: 0.0, Avg: 0.2, Max: 0.2, Diff: 0.2, Sum: 1.3]
         [Termination Attempts: Min: 1, Avg: 1118.9, Max: 1406, Diff: 1405, Sum: 8951]
      [GC Worker Other (ms): Min: 0.0, Avg: 0.0, Max: 0.1, Diff: 0.1, Sum: 0.3]
      [GC Worker Total (ms): Min: 174.4, Avg: 174.4, Max: 174.6, Diff: 0.2, Sum: 1395.5]
      [GC Worker End (ms): Min: 105276.7, Avg: 105276.8, Max: 105276.8, Diff: 0.1]
   [Code Root Fixup: 0.0 ms]
   [Code Root Purge: 0.0 ms]
   [Clear CT: 0.2 ms]
   [Other: 1.0 ms]
      [Choose CSet: 0.0 ms]
      [Ref Proc: 0.2 ms]
      [Ref Enq: 0.0 ms]
      [Redirty Cards: 0.2 ms]
      [Humongous Register: 0.0 ms]
      [Humongous Reclaim: 0.0 ms]
      [Free CSet: 0.3 ms]
   [Eden: 281.0M(281.0M)->0.0B(279.0M) Survivors: 39.0M->40.0M Heap: 1005.6M(2048.0M)->1007.6M(2048.0M)]
 [Times: user=1.38 sys=0.00, real=0.18 secs] 
2020-09-29T12:03:36.604+0200: 105.291: [GC pause (G1 Humongous Allocation) (young) (initial-mark), 0.0553622 secs]
   [Parallel Time: 54.4 ms, GC Workers: 8]
      [GC Worker Start (ms): Min: 105291.7, Avg: 105291.7, Max: 105291.8, Diff: 0.1]
      [Ext Root Scanning (ms): Min: 0.1, Avg: 0.1, Max: 0.1, Diff: 0.1, Sum: 0.7]
      [Update RS (ms): Min: 32.7, Avg: 32.8, Max: 33.1, Diff: 0.4, Sum: 262.4]
         [Processed Buffers: Min: 35, Avg: 39.1, Max: 41, Diff: 6, Sum: 313]
      [Scan RS (ms): Min: 2.4, Avg: 2.5, Max: 2.6, Diff: 0.2, Sum: 20.1]
      [Code Root Scanning (ms): Min: 0.0, Avg: 0.0, Max: 0.0, Diff: 0.0, Sum: 0.0]
      [Object Copy (ms): Min: 18.6, Avg: 18.8, Max: 18.9, Diff: 0.2, Sum: 150.5]
      [Termination (ms): Min: 0.0, Avg: 0.0, Max: 0.0, Diff: 0.0, Sum: 0.1]
         [Termination Attempts: Min: 1, Avg: 110.0, Max: 151, Diff: 150, Sum: 880]
      [GC Worker Other (ms): Min: 0.0, Avg: 0.0, Max: 0.0, Diff: 0.0, Sum: 0.1]
      [GC Worker Total (ms): Min: 54.2, Avg: 54.2, Max: 54.3, Diff: 0.1, Sum: 434.0]
      [GC Worker End (ms): Min: 105346.0, Avg: 105346.0, Max: 105346.0, Diff: 0.0]
   [Code Root Fixup: 0.0 ms]
   [Code Root Purge: 0.0 ms]
   [Clear CT: 0.2 ms]
   [Other: 0.8 ms]
      [Choose CSet: 0.0 ms]
      [Ref Proc: 0.2 ms]
      [Ref Enq: 0.0 ms]
      [Redirty Cards: 0.2 ms]
      [Humongous Register: 0.1 ms]
      [Humongous Reclaim: 0.0 ms]
      [Free CSet: 0.1 ms]
   [Eden: 9216.0K(279.0M)->0.0B(323.0M) Survivors: 40.0M->10.0M Heap: 1016.1M(2048.0M)->1019.6M(2048.0M)]
 [Times: user=0.38 sys=0.00, real=0.06 secs] 
2020-09-29T12:03:36.660+0200: 105.347: [GC concurrent-root-region-scan-start]
2020-09-29T12:03:36.667+0200: 105.354: [GC concurrent-root-region-scan-end, 0.0068007 secs]
2020-09-29T12:03:36.667+0200: 105.354: [GC concurrent-mark-start]
2020-09-29T12:03:36.671+0200: 105.358: [GC concurrent-mark-end, 0.0040966 secs]
2020-09-29T12:03:36.671+0200: 105.358: [GC remark 2020-09-29T12:03:36.671+0200: 105.358: [Finalize Marking, 0.0002692 secs] 2020-09-29T12:03:36.672+0200: 105.359: [GC ref-proc, 0.0005095 secs] 2020-09-29T12:03:36.672+0200: 105.359: [Unloading, 0.0007008 secs], 0.0019528 secs]
 [Times: user=0.00 sys=0.00, real=0.00 secs] 
2020-09-29T12:03:36.673+0200: 105.361: [GC cleanup 1034M->33M(2048M), 0.0019089 secs]
 [Times: user=0.00 sys=0.00, real=0.00 secs] 
2020-09-29T12:03:36.675+0200: 105.363: [GC concurrent-cleanup-start]
2020-09-29T12:03:36.677+0200: 105.365: [GC concurrent-cleanup-end, 0.0019457 secs]
2020-09-29T12:03:36.955+0200: 105.642: [GC pause (G1 Evacuation Pause) (young), 0.2988652 secs]
   [Parallel Time: 297.3 ms, GC Workers: 8]
      [GC Worker Start (ms): Min: 105642.6, Avg: 105642.7, Max: 105642.8, Diff: 0.2]
      [Ext Root Scanning (ms): Min: 0.0, Avg: 0.1, Max: 0.2, Diff: 0.2, Sum: 0.9]
      [Update RS (ms): Min: 34.9, Avg: 35.3, Max: 36.4, Diff: 1.5, Sum: 282.6]
         [Processed Buffers: Min: 19, Avg: 22.4, Max: 26, Diff: 7, Sum: 179]
      [Scan RS (ms): Min: 25.9, Avg: 27.0, Max: 27.5, Diff: 1.6, Sum: 215.8]
      [Code Root Scanning (ms): Min: 0.0, Avg: 0.0, Max: 0.0, Diff: 0.0, Sum: 0.0]
      [Object Copy (ms): Min: 234.2, Avg: 234.4, Max: 234.6, Diff: 0.4, Sum: 1875.3]
      [Termination (ms): Min: 0.0, Avg: 0.1, Max: 0.1, Diff: 0.1, Sum: 0.9]
         [Termination Attempts: Min: 1, Avg: 383.0, Max: 474, Diff: 473, Sum: 3064]
      [GC Worker Other (ms): Min: 0.0, Avg: 0.0, Max: 0.1, Diff: 0.1, Sum: 0.4]
      [GC Worker Total (ms): Min: 296.9, Avg: 297.0, Max: 297.1, Diff: 0.2, Sum: 2375.8]
      [GC Worker End (ms): Min: 105939.6, Avg: 105939.7, Max: 105939.7, Diff: 0.1]
   [Code Root Fixup: 0.0 ms]
   [Code Root Purge: 0.0 ms]
   [Clear CT: 0.3 ms]
   [Other: 1.3 ms]
      [Choose CSet: 0.0 ms]
      [Ref Proc: 0.3 ms]
      [Ref Enq: 0.0 ms]
      [Redirty Cards: 0.4 ms]
      [Humongous Register: 0.1 ms]
      [Humongous Reclaim: 0.0 ms]
      [Free CSet: 0.3 ms]
   [Eden: 323.0M(323.0M)->0.0B(185.0M) Survivors: 10.0M->42.0M Heap: 396.3M(2048.0M)->388.3M(2048.0M)]
 [Times: user=2.36 sys=0.00, real=0.30 secs] 
2020-09-29T12:03:37.443+0200: 106.131: [GC pause (G1 Evacuation Pause) (young), 0.2307569 secs]
   [Parallel Time: 229.2 ms, GC Workers: 8]
      [GC Worker Start (ms): Min: 106131.0, Avg: 106131.1, Max: 106131.2, Diff: 0.2]
      [Ext Root Scanning (ms): Min: 0.0, Avg: 0.1, Max: 0.2, Diff: 0.2, Sum: 0.8]
      [Update RS (ms): Min: 29.1, Avg: 29.6, Max: 30.7, Diff: 1.6, Sum: 237.0]
         [Processed Buffers: Min: 17, Avg: 18.9, Max: 23, Diff: 6, Sum: 151]
      [Scan RS (ms): Min: 15.3, Avg: 16.3, Max: 16.8, Diff: 1.5, Sum: 130.2]
      [Code Root Scanning (ms): Min: 0.0, Avg: 0.0, Max: 0.0, Diff: 0.0, Sum: 0.0]
      [Object Copy (ms): Min: 182.7, Avg: 182.8, Max: 182.8, Diff: 0.1, Sum: 1462.0]
      [Termination (ms): Min: 0.0, Avg: 0.0, Max: 0.0, Diff: 0.0, Sum: 0.2]
         [Termination Attempts: Min: 1, Avg: 71.0, Max: 99, Diff: 98, Sum: 568]
      [GC Worker Other (ms): Min: 0.0, Avg: 0.0, Max: 0.1, Diff: 0.1, Sum: 0.4]
      [GC Worker Total (ms): Min: 228.7, Avg: 228.8, Max: 229.0, Diff: 0.3, Sum: 1830.6]
      [GC Worker End (ms): Min: 106359.9, Avg: 106359.9, Max: 106360.0, Diff: 0.1]
   [Code Root Fixup: 0.0 ms]
   [Code Root Purge: 0.0 ms]
   [Clear CT: 0.2 ms]
   [Other: 1.3 ms]
      [Choose CSet: 0.0 ms]
      [Ref Proc: 0.2 ms]
      [Ref Enq: 0.0 ms]
      [Redirty Cards: 0.4 ms]
      [Humongous Register: 0.1 ms]
      [Humongous Reclaim: 0.0 ms]
      [Free CSet: 0.3 ms]
   [Eden: 185.0M(185.0M)->0.0B(155.0M) Survivors: 42.0M->29.0M Heap: 603.8M(2048.0M)->605.8M(2048.0M)]
 [Times: user=1.75 sys=0.00, real=0.23 secs] 
2020-09-29T12:03:37.830+0200: 106.518: [GC pause (G1 Evacuation Pause) (young), 0.1742788 secs]
   [Parallel Time: 170.4 ms, GC Workers: 8]
      [GC Worker Start (ms): Min: 106518.4, Avg: 106518.6, Max: 106518.7, Diff: 0.2]
      [Ext Root Scanning (ms): Min: 0.0, Avg: 0.1, Max: 0.2, Diff: 0.2, Sum: 0.9]
      [Update RS (ms): Min: 27.2, Avg: 27.9, Max: 28.3, Diff: 1.2, Sum: 223.5]
         [Processed Buffers: Min: 16, Avg: 17.1, Max: 18, Diff: 2, Sum: 137]
      [Scan RS (ms): Min: 9.6, Avg: 10.0, Max: 10.7, Diff: 1.1, Sum: 80.1]
      [Code Root Scanning (ms): Min: 0.0, Avg: 0.0, Max: 0.0, Diff: 0.0, Sum: 0.0]
      [Object Copy (ms): Min: 131.8, Avg: 131.9, Max: 131.9, Diff: 0.1, Sum: 1054.9]
      [Termination (ms): Min: 0.0, Avg: 0.0, Max: 0.0, Diff: 0.0, Sum: 0.0]
         [Termination Attempts: Min: 1, Avg: 6.8, Max: 12, Diff: 11, Sum: 54]
      [GC Worker Other (ms): Min: 0.0, Avg: 0.0, Max: 0.1, Diff: 0.0, Sum: 0.2]
      [GC Worker Total (ms): Min: 169.9, Avg: 170.0, Max: 170.1, Diff: 0.2, Sum: 1359.7]
      [GC Worker End (ms): Min: 106688.5, Avg: 106688.5, Max: 106688.6, Diff: 0.0]
   [Code Root Fixup: 0.0 ms]
   [Code Root Purge: 0.0 ms]
   [Clear CT: 0.5 ms]
   [Other: 3.5 ms]
      [Choose CSet: 0.0 ms]
      [Ref Proc: 0.3 ms]
      [Ref Enq: 0.0 ms]
      [Redirty Cards: 1.1 ms]
      [Humongous Register: 0.1 ms]
      [Humongous Reclaim: 0.0 ms]
      [Free CSet: 1.7 ms]
   [Eden: 155.0M(155.0M)->0.0B(156.0M) Survivors: 29.0M->23.0M Heap: 785.6M(2048.0M)->787.6M(2048.0M)]
 [Times: user=1.36 sys=0.00, real=0.18 secs] 
2020-09-29T12:03:38.148+0200: 106.835: [GC pause (G1 Evacuation Pause) (young), 0.1735938 secs]
   [Parallel Time: 172.0 ms, GC Workers: 8]
      [GC Worker Start (ms): Min: 106835.5, Avg: 106835.6, Max: 106835.7, Diff: 0.2]
      [Ext Root Scanning (ms): Min: 0.0, Avg: 0.1, Max: 0.2, Diff: 0.2, Sum: 0.8]
      [Update RS (ms): Min: 20.5, Avg: 20.9, Max: 21.5, Diff: 1.0, Sum: 167.1]
         [Processed Buffers: Min: 12, Avg: 13.5, Max: 16, Diff: 4, Sum: 108]
      [Scan RS (ms): Min: 13.4, Avg: 14.0, Max: 14.4, Diff: 1.0, Sum: 112.3]
      [Code Root Scanning (ms): Min: 0.0, Avg: 0.0, Max: 0.0, Diff: 0.0, Sum: 0.0]
      [Object Copy (ms): Min: 136.5, Avg: 136.5, Max: 136.6, Diff: 0.2, Sum: 1092.2]
      [Termination (ms): Min: 0.0, Avg: 0.1, Max: 0.1, Diff: 0.1, Sum: 0.7]
         [Termination Attempts: Min: 1, Avg: 279.1, Max: 365, Diff: 364, Sum: 2233]
      [GC Worker Other (ms): Min: 0.0, Avg: 0.0, Max: 0.1, Diff: 0.1, Sum: 0.3]
      [GC Worker Total (ms): Min: 171.6, Avg: 171.7, Max: 171.8, Diff: 0.3, Sum: 1373.4]
      [GC Worker End (ms): Min: 107007.3, Avg: 107007.3, Max: 107007.3, Diff: 0.1]
   [Code Root Fixup: 0.0 ms]
   [Code Root Purge: 0.0 ms]
   [Clear CT: 0.3 ms]
   [Other: 1.2 ms]
      [Choose CSet: 0.0 ms]
      [Ref Proc: 0.3 ms]
      [Ref Enq: 0.0 ms]
      [Redirty Cards: 0.3 ms]
      [Humongous Register: 0.1 ms]
      [Humongous Reclaim: 0.0 ms]
      [Free CSet: 0.2 ms]
   [Eden: 156.0M(156.0M)->0.0B(152.0M) Survivors: 23.0M->23.0M Heap: 970.3M(2048.0M)->972.3M(2048.0M)]
 [Times: user=1.38 sys=0.00, real=0.17 secs] 
2020-09-29T12:03:38.332+0200: 107.020: [GC pause (G1 Humongous Allocation) (young) (initial-mark), 0.0624205 secs]
   [Parallel Time: 61.0 ms, GC Workers: 8]
      [GC Worker Start (ms): Min: 107020.4, Avg: 107020.5, Max: 107020.6, Diff: 0.3]
      [Ext Root Scanning (ms): Min: 0.0, Avg: 0.2, Max: 0.3, Diff: 0.3, Sum: 1.7]
      [Update RS (ms): Min: 33.8, Avg: 34.3, Max: 34.9, Diff: 1.1, Sum: 274.3]
         [Processed Buffers: Min: 20, Avg: 22.3, Max: 24, Diff: 4, Sum: 178]
      [Scan RS (ms): Min: 2.1, Avg: 2.7, Max: 3.1, Diff: 1.1, Sum: 21.5]
      [Code Root Scanning (ms): Min: 0.0, Avg: 0.0, Max: 0.0, Diff: 0.0, Sum: 0.0]
      [Object Copy (ms): Min: 23.4, Avg: 23.5, Max: 23.5, Diff: 0.2, Sum: 187.8]
      [Termination (ms): Min: 0.0, Avg: 0.0, Max: 0.0, Diff: 0.0, Sum: 0.2]
         [Termination Attempts: Min: 1, Avg: 61.1, Max: 75, Diff: 74, Sum: 489]
      [GC Worker Other (ms): Min: 0.0, Avg: 0.0, Max: 0.1, Diff: 0.0, Sum: 0.2]
      [GC Worker Total (ms): Min: 60.6, Avg: 60.7, Max: 60.8, Diff: 0.3, Sum: 485.8]
      [GC Worker End (ms): Min: 107081.2, Avg: 107081.2, Max: 107081.2, Diff: 0.0]
   [Code Root Fixup: 0.0 ms]
   [Code Root Purge: 0.0 ms]
   [Clear CT: 0.3 ms]
   [Other: 1.1 ms]
      [Choose CSet: 0.0 ms]
      [Ref Proc: 0.3 ms]
      [Ref Enq: 0.0 ms]
      [Redirty Cards: 0.3 ms]
      [Humongous Register: 0.0 ms]
      [Humongous Reclaim: 0.0 ms]
      [Free CSet: 0.1 ms]
   [Eden: 6144.0K(152.0M)->0.0B(174.0M) Survivors: 23.0M->7168.0K Heap: 977.8M(2048.0M)->981.8M(2048.0M)]
 [Times: user=0.39 sys=0.01, real=0.06 secs] 
2020-09-29T12:03:38.395+0200: 107.083: [GC concurrent-root-region-scan-start]
2020-09-29T12:03:38.399+0200: 107.086: [GC concurrent-root-region-scan-end, 0.0036941 secs]
2020-09-29T12:03:38.399+0200: 107.087: [GC concurrent-mark-start]
2020-09-29T12:03:38.403+0200: 107.091: [GC concurrent-mark-end, 0.0045235 secs]
2020-09-29T12:03:38.404+0200: 107.092: [GC remark 2020-09-29T12:03:38.404+0200: 107.092: [Finalize Marking, 0.0002584 secs] 2020-09-29T12:03:38.404+0200: 107.092: [GC ref-proc, 0.0006391 secs] 2020-09-29T12:03:38.405+0200: 107.093: [Unloading, 0.0009402 secs], 0.0023920 secs]
 [Times: user=0.00 sys=0.00, real=0.00 secs] 
2020-09-29T12:03:38.407+0200: 107.095: [GC cleanup 992M->25M(2048M), 0.0020378 secs]
 [Times: user=0.00 sys=0.00, real=0.00 secs] 
2020-09-29T12:03:38.409+0200: 107.097: [GC concurrent-cleanup-start]
2020-09-29T12:03:38.412+0200: 107.100: [GC concurrent-cleanup-end, 0.0029220 secs]
2020-09-29T12:03:38.557+0200: 107.245: [GC pause (G1 Evacuation Pause) (young), 0.1731145 secs]
   [Parallel Time: 168.0 ms, GC Workers: 8]
      [GC Worker Start (ms): Min: 107245.4, Avg: 107245.6, Max: 107245.7, Diff: 0.3]
      [Ext Root Scanning (ms): Min: 0.0, Avg: 0.1, Max: 0.3, Diff: 0.3, Sum: 0.8]
      [Update RS (ms): Min: 21.2, Avg: 22.1, Max: 26.5, Diff: 5.4, Sum: 176.9]
         [Processed Buffers: Min: 12, Avg: 14.6, Max: 19, Diff: 7, Sum: 117]
      [Scan RS (ms): Min: 7.5, Avg: 12.0, Max: 12.9, Diff: 5.4, Sum: 95.9]
      [Code Root Scanning (ms): Min: 0.0, Avg: 0.0, Max: 0.0, Diff: 0.0, Sum: 0.0]
      [Object Copy (ms): Min: 133.1, Avg: 133.3, Max: 133.4, Diff: 0.3, Sum: 1066.1]
      [Termination (ms): Min: 0.0, Avg: 0.1, Max: 0.1, Diff: 0.1, Sum: 0.6]
         [Termination Attempts: Min: 1, Avg: 242.4, Max: 308, Diff: 307, Sum: 1939]
      [GC Worker Other (ms): Min: 0.0, Avg: 0.0, Max: 0.1, Diff: 0.1, Sum: 0.4]
      [GC Worker Total (ms): Min: 167.4, Avg: 167.6, Max: 167.7, Diff: 0.3, Sum: 1340.6]
      [GC Worker End (ms): Min: 107413.1, Avg: 107413.1, Max: 107413.2, Diff: 0.1]
   [Code Root Fixup: 0.0 ms]
   [Code Root Purge: 0.0 ms]
   [Clear CT: 1.1 ms]
   [Other: 4.1 ms]
      [Choose CSet: 0.0 ms]
      [Ref Proc: 0.3 ms]
      [Ref Enq: 0.0 ms]
      [Redirty Cards: 1.7 ms]
      [Humongous Register: 0.0 ms]
      [Humongous Reclaim: 0.0 ms]
      [Free CSet: 1.7 ms]
   [Eden: 174.0M(174.0M)->0.0B(160.0M) Survivors: 7168.0K->23.0M Heap: 219.5M(2048.0M)->214.5M(2048.0M)]
 [Times: user=1.36 sys=0.00, real=0.17 secs] 
2020-09-29T12:03:38.890+0200: 107.578: [GC pause (G1 Evacuation Pause) (young), 0.1784216 secs]
   [Parallel Time: 176.6 ms, GC Workers: 8]
      [GC Worker Start (ms): Min: 107578.3, Avg: 107578.5, Max: 107578.6, Diff: 0.3]
      [Ext Root Scanning (ms): Min: 0.0, Avg: 0.1, Max: 0.3, Diff: 0.3, Sum: 0.8]
      [Update RS (ms): Min: 15.8, Avg: 16.1, Max: 17.1, Diff: 1.3, Sum: 128.6]
         [Processed Buffers: Min: 9, Avg: 11.1, Max: 13, Diff: 4, Sum: 89]
      [Scan RS (ms): Min: 14.6, Avg: 15.6, Max: 15.9, Diff: 1.4, Sum: 125.2]
      [Code Root Scanning (ms): Min: 0.0, Avg: 0.0, Max: 0.0, Diff: 0.0, Sum: 0.0]
      [Object Copy (ms): Min: 144.1, Avg: 144.2, Max: 144.3, Diff: 0.2, Sum: 1153.7]
      [Termination (ms): Min: 0.0, Avg: 0.1, Max: 0.1, Diff: 0.1, Sum: 0.6]
         [Termination Attempts: Min: 1, Avg: 271.9, Max: 358, Diff: 357, Sum: 2175]
      [GC Worker Other (ms): Min: 0.0, Avg: 0.0, Max: 0.1, Diff: 0.1, Sum: 0.2]
      [GC Worker Total (ms): Min: 176.0, Avg: 176.1, Max: 176.3, Diff: 0.3, Sum: 1409.2]
      [GC Worker End (ms): Min: 107754.6, Avg: 107754.6, Max: 107754.7, Diff: 0.1]
   [Code Root Fixup: 0.0 ms]
   [Code Root Purge: 0.0 ms]
   [Clear CT: 0.6 ms]
   [Other: 1.2 ms]
      [Choose CSet: 0.0 ms]
      [Ref Proc: 0.2 ms]
      [Ref Enq: 0.0 ms]
      [Redirty Cards: 0.5 ms]
      [Humongous Register: 0.0 ms]
      [Humongous Reclaim: 0.0 ms]
      [Free CSet: 0.2 ms]
   [Eden: 160.0M(160.0M)->0.0B(156.0M) Survivors: 23.0M->23.0M Heap: 401.2M(2048.0M)->402.7M(2048.0M)]
 [Times: user=1.50 sys=0.00, real=0.18 secs] 
2020-09-29T12:03:39.221+0200: 107.909: [GC pause (G1 Evacuation Pause) (young), 0.1758240 secs]
   [Parallel Time: 174.2 ms, GC Workers: 8]
      [GC Worker Start (ms): Min: 107908.8, Avg: 107909.0, Max: 107909.1, Diff: 0.2]
      [Ext Root Scanning (ms): Min: 0.0, Avg: 0.1, Max: 0.2, Diff: 0.2, Sum: 0.8]
      [Update RS (ms): Min: 20.0, Avg: 20.4, Max: 21.1, Diff: 1.1, Sum: 163.2]
         [Processed Buffers: Min: 12, Avg: 13.1, Max: 14, Diff: 2, Sum: 105]
      [Scan RS (ms): Min: 12.1, Avg: 12.9, Max: 13.4, Diff: 1.3, Sum: 103.2]
      [Code Root Scanning (ms): Min: 0.0, Avg: 0.0, Max: 0.0, Diff: 0.0, Sum: 0.0]
      [Object Copy (ms): Min: 140.1, Avg: 140.2, Max: 140.4, Diff: 0.3, Sum: 1121.9]
      [Termination (ms): Min: 0.0, Avg: 0.2, Max: 0.3, Diff: 0.3, Sum: 2.0]
         [Termination Attempts: Min: 1, Avg: 845.4, Max: 1071, Diff: 1070, Sum: 6763]
      [GC Worker Other (ms): Min: 0.0, Avg: 0.0, Max: 0.1, Diff: 0.0, Sum: 0.3]
      [GC Worker Total (ms): Min: 173.8, Avg: 173.9, Max: 174.1, Diff: 0.2, Sum: 1391.4]
      [GC Worker End (ms): Min: 108082.9, Avg: 108082.9, Max: 108082.9, Diff: 0.0]
   [Code Root Fixup: 0.0 ms]
   [Code Root Purge: 0.0 ms]
   [Clear CT: 0.3 ms]
   [Other: 1.3 ms]
      [Choose CSet: 0.0 ms]
      [Ref Proc: 0.3 ms]
      [Ref Enq: 0.0 ms]
      [Redirty Cards: 0.4 ms]
      [Humongous Register: 0.1 ms]
      [Humongous Reclaim: 0.0 ms]
      [Free CSet: 0.3 ms]
   [Eden: 156.0M(156.0M)->0.0B(156.0M) Survivors: 23.0M->23.0M Heap: 583.5M(2048.0M)->585.5M(2048.0M)]
 [Times: user=1.50 sys=0.00, real=0.18 secs] 
2020-09-29T12:03:39.556+0200: 108.243: [GC pause (G1 Evacuation Pause) (young), 0.1785843 secs]
   [Parallel Time: 176.9 ms, GC Workers: 8]
      [GC Worker Start (ms): Min: 108243.2, Avg: 108243.4, Max: 108243.5, Diff: 0.3]
      [Ext Root Scanning (ms): Min: 0.0, Avg: 0.1, Max: 0.3, Diff: 0.3, Sum: 0.8]
      [Update RS (ms): Min: 13.3, Avg: 13.6, Max: 14.0, Diff: 0.6, Sum: 109.0]
         [Processed Buffers: Min: 8, Avg: 9.5, Max: 12, Diff: 4, Sum: 76]
      [Scan RS (ms): Min: 16.6, Avg: 17.0, Max: 18.0, Diff: 1.4, Sum: 136.3]
      [Code Root Scanning (ms): Min: 0.0, Avg: 0.0, Max: 0.0, Diff: 0.0, Sum: 0.0]
      [Object Copy (ms): Min: 144.8, Avg: 145.5, Max: 145.7, Diff: 0.9, Sum: 1164.0]
      [Termination (ms): Min: 0.0, Avg: 0.1, Max: 0.2, Diff: 0.2, Sum: 1.2]
         [Termination Attempts: Min: 1, Avg: 508.1, Max: 667, Diff: 666, Sum: 4065]
      [GC Worker Other (ms): Min: 0.0, Avg: 0.0, Max: 0.1, Diff: 0.1, Sum: 0.3]
      [GC Worker Total (ms): Min: 176.4, Avg: 176.4, Max: 176.6, Diff: 0.2, Sum: 1411.6]
      [GC Worker End (ms): Min: 108419.8, Avg: 108419.8, Max: 108419.9, Diff: 0.1]
   [Code Root Fixup: 0.0 ms]
   [Code Root Purge: 0.0 ms]
   [Clear CT: 0.3 ms]
   [Other: 1.3 ms]
      [Choose CSet: 0.0 ms]
      [Ref Proc: 0.4 ms]
      [Ref Enq: 0.0 ms]
      [Redirty Cards: 0.4 ms]
      [Humongous Register: 0.1 ms]
      [Humongous Reclaim: 0.0 ms]
      [Free CSet: 0.3 ms]
   [Eden: 156.0M(156.0M)->0.0B(154.0M) Survivors: 23.0M->23.0M Heap: 768.2M(2048.0M)->769.7M(2048.0M)]
 [Times: user=1.38 sys=0.00, real=0.18 secs] 
2020-09-29T12:03:39.881+0200: 108.568: [GC pause (G1 Evacuation Pause) (young), 0.1970723 secs]
   [Parallel Time: 195.3 ms, GC Workers: 8]
      [GC Worker Start (ms): Min: 108568.6, Avg: 108568.8, Max: 108568.9, Diff: 0.3]
      [Ext Root Scanning (ms): Min: 0.0, Avg: 0.1, Max: 0.2, Diff: 0.2, Sum: 0.9]
      [Update RS (ms): Min: 19.2, Avg: 19.6, Max: 20.1, Diff: 0.9, Sum: 157.1]
         [Processed Buffers: Min: 11, Avg: 11.6, Max: 14, Diff: 3, Sum: 93]
      [Scan RS (ms): Min: 16.1, Avg: 17.0, Max: 19.1, Diff: 3.0, Sum: 135.7]
      [Code Root Scanning (ms): Min: 0.0, Avg: 0.0, Max: 0.0, Diff: 0.0, Sum: 0.0]
      [Object Copy (ms): Min: 155.9, Avg: 157.8, Max: 158.2, Diff: 2.4, Sum: 1262.7]
      [Termination (ms): Min: 0.0, Avg: 0.3, Max: 0.4, Diff: 0.4, Sum: 2.3]
         [Termination Attempts: Min: 1, Avg: 1141.3, Max: 1434, Diff: 1433, Sum: 9130]
      [GC Worker Other (ms): Min: 0.0, Avg: 0.0, Max: 0.1, Diff: 0.1, Sum: 0.3]
      [GC Worker Total (ms): Min: 194.7, Avg: 194.9, Max: 195.0, Diff: 0.3, Sum: 1558.9]
      [GC Worker End (ms): Min: 108763.6, Avg: 108763.7, Max: 108763.7, Diff: 0.1]
   [Code Root Fixup: 0.0 ms]
   [Code Root Purge: 0.0 ms]
   [Clear CT: 0.6 ms]
   [Other: 1.3 ms]
      [Choose CSet: 0.0 ms]
      [Ref Proc: 0.3 ms]
      [Ref Enq: 0.0 ms]
      [Redirty Cards: 0.4 ms]
      [Humongous Register: 0.1 ms]
      [Humongous Reclaim: 0.0 ms]
      [Free CSet: 0.2 ms]
   [Eden: 154.0M(154.0M)->0.0B(144.0M) Survivors: 23.0M->23.0M Heap: 948.5M(2048.0M)->951.0M(2048.0M)]
 [Times: user=1.45 sys=0.00, real=0.20 secs] 
2020-09-29T12:03:40.085+0200: 108.773: [GC pause (G1 Humongous Allocation) (young) (initial-mark), 0.0654346 secs]
   [Parallel Time: 63.8 ms, GC Workers: 8]
      [GC Worker Start (ms): Min: 108772.9, Avg: 108773.0, Max: 108773.1, Diff: 0.2]
      [Ext Root Scanning (ms): Min: 0.0, Avg: 2.0, Max: 14.0, Diff: 14.0, Sum: 15.6]
      [Update RS (ms): Min: 25.3, Avg: 37.5, Max: 39.7, Diff: 14.4, Sum: 300.1]
         [Processed Buffers: Min: 16, Avg: 24.4, Max: 28, Diff: 12, Sum: 195]
      [Scan RS (ms): Min: 2.2, Avg: 2.8, Max: 3.2, Diff: 1.0, Sum: 22.0]
      [Code Root Scanning (ms): Min: 0.0, Avg: 0.0, Max: 0.0, Diff: 0.0, Sum: 0.0]
      [Object Copy (ms): Min: 20.8, Avg: 21.4, Max: 21.5, Diff: 0.7, Sum: 171.0]
      [Termination (ms): Min: 0.0, Avg: 0.0, Max: 0.1, Diff: 0.1, Sum: 0.3]
         [Termination Attempts: Min: 1, Avg: 127.6, Max: 163, Diff: 162, Sum: 1021]
      [GC Worker Other (ms): Min: 0.0, Avg: 0.0, Max: 0.0, Diff: 0.0, Sum: 0.3]
      [GC Worker Total (ms): Min: 63.5, Avg: 63.7, Max: 63.8, Diff: 0.2, Sum: 509.4]
      [GC Worker End (ms): Min: 108836.6, Avg: 108836.6, Max: 108836.6, Diff: 0.0]
   [Code Root Fixup: 0.0 ms]
   [Code Root Purge: 0.0 ms]
   [Clear CT: 0.4 ms]
   [Other: 1.2 ms]
      [Choose CSet: 0.0 ms]
      [Ref Proc: 0.4 ms]
      [Ref Enq: 0.0 ms]
      [Redirty Cards: 0.3 ms]
      [Humongous Register: 0.0 ms]
      [Humongous Reclaim: 0.0 ms]
      [Free CSet: 0.1 ms]
   [Eden: 2048.0K(144.0M)->0.0B(166.0M) Survivors: 23.0M->4096.0K Heap: 952.5M(2048.0M)->957.5M(2048.0M)]
 [Times: user=0.47 sys=0.00, real=0.07 secs] 
2020-09-29T12:03:40.151+0200: 108.839: [GC concurrent-root-region-scan-start]
2020-09-29T12:03:40.152+0200: 108.839: [GC concurrent-root-region-scan-end, 0.0009005 secs]
2020-09-29T12:03:40.152+0200: 108.839: [GC concurrent-mark-start]
2020-09-29T12:03:40.158+0200: 108.845: [GC concurrent-mark-end, 0.0056528 secs]
2020-09-29T12:03:40.158+0200: 108.846: [GC remark 2020-09-29T12:03:40.158+0200: 108.846: [Finalize Marking, 0.0003215 secs] 2020-09-29T12:03:40.159+0200: 108.846: [GC ref-proc, 0.0005038 secs] 2020-09-29T12:03:40.159+0200: 108.847: [Unloading, 0.0008788 secs], 0.0021593 secs]
 [Times: user=0.00 sys=0.00, real=0.00 secs] 
2020-09-29T12:03:40.161+0200: 108.848: [GC cleanup 966M->20M(2048M), 0.0021039 secs]
 [Times: user=0.00 sys=0.00, real=0.00 secs] 
2020-09-29T12:03:40.163+0200: 108.851: [GC concurrent-cleanup-start]
2020-09-29T12:03:40.165+0200: 108.852: [GC concurrent-cleanup-end, 0.0017058 secs]
2020-09-29T12:03:40.311+0200: 108.998: [GC pause (G1 Evacuation Pause) (young), 0.1769796 secs]
   [Parallel Time: 175.3 ms, GC Workers: 8]
      [GC Worker Start (ms): Min: 108998.4, Avg: 108998.5, Max: 108998.6, Diff: 0.2]
      [Ext Root Scanning (ms): Min: 0.0, Avg: 0.1, Max: 0.2, Diff: 0.2, Sum: 0.9]
      [Update RS (ms): Min: 14.8, Avg: 15.0, Max: 15.2, Diff: 0.4, Sum: 120.1]
         [Processed Buffers: Min: 9, Avg: 10.4, Max: 12, Diff: 3, Sum: 83]
      [Scan RS (ms): Min: 13.4, Avg: 13.6, Max: 13.8, Diff: 0.4, Sum: 108.9]
      [Code Root Scanning (ms): Min: 0.0, Avg: 0.0, Max: 0.0, Diff: 0.0, Sum: 0.0]
      [Object Copy (ms): Min: 146.1, Avg: 146.2, Max: 146.3, Diff: 0.2, Sum: 1169.5]
      [Termination (ms): Min: 0.0, Avg: 0.1, Max: 0.1, Diff: 0.1, Sum: 0.5]
         [Termination Attempts: Min: 1, Avg: 218.9, Max: 319, Diff: 318, Sum: 1751]
      [GC Worker Other (ms): Min: 0.0, Avg: 0.0, Max: 0.1, Diff: 0.0, Sum: 0.3]
      [GC Worker Total (ms): Min: 174.9, Avg: 175.0, Max: 175.1, Diff: 0.3, Sum: 1400.1]
      [GC Worker End (ms): Min: 109173.5, Avg: 109173.5, Max: 109173.5, Diff: 0.0]
   [Code Root Fixup: 0.0 ms]
   [Code Root Purge: 0.0 ms]
   [Clear CT: 0.3 ms]
   [Other: 1.4 ms]
      [Choose CSet: 0.0 ms]
      [Ref Proc: 0.4 ms]
      [Ref Enq: 0.0 ms]
      [Redirty Cards: 0.3 ms]
      [Humongous Register: 0.0 ms]
      [Humongous Reclaim: 0.0 ms]
      [Free CSet: 0.3 ms]
   [Eden: 166.0M(166.0M)->0.0B(149.0M) Survivors: 4096.0K->22.0M Heap: 206.6M(2048.0M)->204.6M(2048.0M)]
 [Times: user=1.26 sys=0.00, real=0.18 secs] 
2020-09-29T12:03:40.652+0200: 109.340: [GC pause (G1 Evacuation Pause) (young), 0.1872269 secs]
   [Parallel Time: 185.7 ms, GC Workers: 8]
      [GC Worker Start (ms): Min: 109340.2, Avg: 109340.4, Max: 109340.6, Diff: 0.4]
      [Ext Root Scanning (ms): Min: 0.0, Avg: 0.1, Max: 0.3, Diff: 0.2, Sum: 0.8]
      [Update RS (ms): Min: 17.8, Avg: 18.3, Max: 19.3, Diff: 1.5, Sum: 146.4]
         [Processed Buffers: Min: 7, Avg: 10.6, Max: 12, Diff: 5, Sum: 85]
      [Scan RS (ms): Min: 15.1, Avg: 16.4, Max: 17.4, Diff: 2.3, Sum: 131.2]
      [Code Root Scanning (ms): Min: 0.0, Avg: 0.0, Max: 0.0, Diff: 0.0, Sum: 0.0]
      [Object Copy (ms): Min: 149.9, Avg: 150.2, Max: 150.4, Diff: 0.5, Sum: 1201.7]
      [Termination (ms): Min: 0.0, Avg: 0.2, Max: 0.3, Diff: 0.3, Sum: 1.9]
         [Termination Attempts: Min: 1, Avg: 670.6, Max: 886, Diff: 885, Sum: 5365]
      [GC Worker Other (ms): Min: 0.0, Avg: 0.0, Max: 0.0, Diff: 0.0, Sum: 0.2]
      [GC Worker Total (ms): Min: 185.1, Avg: 185.3, Max: 185.4, Diff: 0.3, Sum: 1482.2]
      [GC Worker End (ms): Min: 109525.7, Avg: 109525.7, Max: 109525.7, Diff: 0.0]
   [Code Root Fixup: 0.0 ms]
   [Code Root Purge: 0.0 ms]
   [Clear CT: 0.3 ms]
   [Other: 1.3 ms]
      [Choose CSet: 0.0 ms]
      [Ref Proc: 0.3 ms]
      [Ref Enq: 0.0 ms]
      [Redirty Cards: 0.4 ms]
      [Humongous Register: 0.0 ms]
      [Humongous Reclaim: 0.0 ms]
      [Free CSet: 0.2 ms]
   [Eden: 149.0M(149.0M)->0.0B(143.0M) Survivors: 22.0M->22.0M Heap: 378.4M(2048.0M)->379.9M(2048.0M)]
 [Times: user=1.45 sys=0.00, real=0.19 secs] 
2020-09-29T12:03:40.991+0200: 109.679: [GC pause (G1 Evacuation Pause) (young), 0.1871922 secs]
   [Parallel Time: 185.7 ms, GC Workers: 8]
      [GC Worker Start (ms): Min: 109678.8, Avg: 109678.9, Max: 109679.0, Diff: 0.2]
      [Ext Root Scanning (ms): Min: 0.0, Avg: 0.1, Max: 0.2, Diff: 0.2, Sum: 0.8]
      [Update RS (ms): Min: 20.9, Avg: 21.2, Max: 22.2, Diff: 1.3, Sum: 169.8]
         [Processed Buffers: Min: 11, Avg: 13.8, Max: 15, Diff: 4, Sum: 110]
      [Scan RS (ms): Min: 13.1, Avg: 13.5, Max: 14.0, Diff: 0.9, Sum: 107.9]
      [Code Root Scanning (ms): Min: 0.0, Avg: 0.0, Max: 0.0, Diff: 0.0, Sum: 0.0]
      [Object Copy (ms): Min: 149.6, Avg: 150.3, Max: 150.5, Diff: 1.0, Sum: 1202.5]
      [Termination (ms): Min: 0.0, Avg: 0.1, Max: 0.1, Diff: 0.1, Sum: 0.8]
         [Termination Attempts: Min: 1, Avg: 393.8, Max: 521, Diff: 520, Sum: 3150]
      [GC Worker Other (ms): Min: 0.0, Avg: 0.0, Max: 0.1, Diff: 0.1, Sum: 0.4]
      [GC Worker Total (ms): Min: 185.2, Avg: 185.3, Max: 185.4, Diff: 0.2, Sum: 1482.2]
      [GC Worker End (ms): Min: 109864.2, Avg: 109864.2, Max: 109864.3, Diff: 0.1]
   [Code Root Fixup: 0.0 ms]
   [Code Root Purge: 0.0 ms]
   [Clear CT: 0.3 ms]
   [Other: 1.2 ms]
      [Choose CSet: 0.0 ms]
      [Ref Proc: 0.2 ms]
      [Ref Enq: 0.0 ms]
      [Redirty Cards: 0.4 ms]
      [Humongous Register: 0.1 ms]
      [Humongous Reclaim: 0.0 ms]
      [Free CSet: 0.2 ms]
   [Eden: 143.0M(143.0M)->0.0B(140.0M) Survivors: 22.0M->21.0M Heap: 547.7M(2048.0M)->549.7M(2048.0M)]
 [Times: user=1.41 sys=0.00, real=0.19 secs] 
2020-09-29T12:03:41.319+0200: 110.007: [GC pause (G1 Evacuation Pause) (young), 0.1514174 secs]
   [Parallel Time: 150.0 ms, GC Workers: 8]
      [GC Worker Start (ms): Min: 110006.8, Avg: 110006.8, Max: 110006.9, Diff: 0.1]
      [Ext Root Scanning (ms): Min: 0.1, Avg: 0.1, Max: 0.2, Diff: 0.1, Sum: 1.1]
      [Update RS (ms): Min: 17.0, Avg: 17.2, Max: 17.7, Diff: 0.7, Sum: 137.7]
         [Processed Buffers: Min: 10, Avg: 12.0, Max: 15, Diff: 5, Sum: 96]
      [Scan RS (ms): Min: 12.4, Avg: 12.9, Max: 13.2, Diff: 0.8, Sum: 103.4]
      [Code Root Scanning (ms): Min: 0.0, Avg: 0.0, Max: 0.0, Diff: 0.0, Sum: 0.0]
      [Object Copy (ms): Min: 119.3, Avg: 119.3, Max: 119.4, Diff: 0.2, Sum: 954.8]
      [Termination (ms): Min: 0.0, Avg: 0.0, Max: 0.0, Diff: 0.0, Sum: 0.2]
         [Termination Attempts: Min: 1, Avg: 96.9, Max: 125, Diff: 124, Sum: 775]
      [GC Worker Other (ms): Min: 0.0, Avg: 0.0, Max: 0.1, Diff: 0.1, Sum: 0.3]
      [GC Worker Total (ms): Min: 149.6, Avg: 149.7, Max: 149.8, Diff: 0.2, Sum: 1197.6]
      [GC Worker End (ms): Min: 110156.5, Avg: 110156.5, Max: 110156.6, Diff: 0.0]
   [Code Root Fixup: 0.0 ms]
   [Code Root Purge: 0.0 ms]
   [Clear CT: 0.2 ms]
   [Other: 1.2 ms]
      [Choose CSet: 0.0 ms]
      [Ref Proc: 0.3 ms]
      [Ref Enq: 0.0 ms]
      [Redirty Cards: 0.3 ms]
      [Humongous Register: 0.1 ms]
      [Humongous Reclaim: 0.0 ms]
      [Free CSet: 0.2 ms]
   [Eden: 140.0M(140.0M)->0.0B(149.0M) Survivors: 21.0M->21.0M Heap: 712.6M(2048.0M)->714.1M(2048.0M)]
 [Times: user=1.09 sys=0.00, real=0.15 secs] 
2020-09-29T12:03:41.606+0200: 110.294: [GC pause (G1 Evacuation Pause) (young), 0.1771754 secs]
   [Parallel Time: 175.3 ms, GC Workers: 8]
      [GC Worker Start (ms): Min: 110294.0, Avg: 110294.1, Max: 110294.2, Diff: 0.2]
      [Ext Root Scanning (ms): Min: 0.0, Avg: 0.1, Max: 0.3, Diff: 0.2, Sum: 0.8]
      [Update RS (ms): Min: 18.7, Avg: 19.1, Max: 20.2, Diff: 1.5, Sum: 152.7]
         [Processed Buffers: Min: 10, Avg: 12.5, Max: 15, Diff: 5, Sum: 100]
      [Scan RS (ms): Min: 13.9, Avg: 15.0, Max: 15.6, Diff: 1.7, Sum: 119.8]
      [Code Root Scanning (ms): Min: 0.0, Avg: 0.0, Max: 0.0, Diff: 0.0, Sum: 0.0]
      [Object Copy (ms): Min: 140.5, Avg: 140.7, Max: 140.8, Diff: 0.3, Sum: 1125.7]
      [Termination (ms): Min: 0.0, Avg: 0.0, Max: 0.0, Diff: 0.0, Sum: 0.1]
         [Termination Attempts: Min: 1, Avg: 22.3, Max: 30, Diff: 29, Sum: 178]
      [GC Worker Other (ms): Min: 0.0, Avg: 0.0, Max: 0.1, Diff: 0.1, Sum: 0.4]
      [GC Worker Total (ms): Min: 174.8, Avg: 174.9, Max: 175.1, Diff: 0.3, Sum: 1399.5]
      [GC Worker End (ms): Min: 110469.1, Avg: 110469.1, Max: 110469.2, Diff: 0.1]
   [Code Root Fixup: 0.0 ms]
   [Code Root Purge: 0.0 ms]
   [Clear CT: 0.5 ms]
   [Other: 1.4 ms]
      [Choose CSet: 0.0 ms]
      [Ref Proc: 0.5 ms]
      [Ref Enq: 0.0 ms]
      [Redirty Cards: 0.4 ms]
      [Humongous Register: 0.1 ms]
      [Humongous Reclaim: 0.0 ms]
      [Free CSet: 0.3 ms]
   [Eden: 149.0M(149.0M)->0.0B(150.0M) Survivors: 21.0M->22.0M Heap: 887.9M(2048.0M)->889.4M(2048.0M)]
 [Times: user=1.36 sys=0.00, real=0.18 secs] 
2020-09-29T12:03:42.042+0200: 110.730: [GC pause (G1 Evacuation Pause) (young), 0.2963714 secs]
   [Parallel Time: 293.5 ms, GC Workers: 8]
      [GC Worker Start (ms): Min: 110730.3, Avg: 110731.5, Max: 110738.9, Diff: 8.6]
      [Ext Root Scanning (ms): Min: 0.0, Avg: 0.2, Max: 0.4, Diff: 0.4, Sum: 1.6]
      [Update RS (ms): Min: 36.9, Avg: 43.8, Max: 47.9, Diff: 11.0, Sum: 350.1]
         [Processed Buffers: Min: 12, Avg: 15.3, Max: 18, Diff: 6, Sum: 122]
      [Scan RS (ms): Min: 16.1, Avg: 19.3, Max: 20.2, Diff: 4.1, Sum: 154.2]
      [Code Root Scanning (ms): Min: 0.0, Avg: 0.0, Max: 0.0, Diff: 0.0, Sum: 0.0]
      [Object Copy (ms): Min: 228.3, Avg: 228.5, Max: 228.7, Diff: 0.5, Sum: 1828.2]
      [Termination (ms): Min: 0.0, Avg: 0.1, Max: 0.1, Diff: 0.1, Sum: 0.9]
         [Termination Attempts: Min: 1, Avg: 248.3, Max: 315, Diff: 314, Sum: 1986]
      [GC Worker Other (ms): Min: 0.0, Avg: 0.1, Max: 0.1, Diff: 0.1, Sum: 0.5]
      [GC Worker Total (ms): Min: 284.6, Avg: 291.9, Max: 293.1, Diff: 8.5, Sum: 2335.5]
      [GC Worker End (ms): Min: 111023.4, Avg: 111023.5, Max: 111023.5, Diff: 0.1]
   [Code Root Fixup: 0.0 ms]
   [Code Root Purge: 0.0 ms]
   [Clear CT: 0.4 ms]
   [Other: 2.4 ms]
      [Choose CSet: 0.0 ms]
      [Ref Proc: 0.9 ms]
      [Ref Enq: 0.0 ms]
      [Redirty Cards: 0.7 ms]
      [Humongous Register: 0.1 ms]
      [Humongous Reclaim: 0.0 ms]
      [Free CSet: 0.4 ms]
   [Eden: 150.0M(150.0M)->0.0B(98.0M) Survivors: 22.0M->22.0M Heap: 1064.2M(2048.0M)->1065.2M(2048.0M)]
 [Times: user=2.17 sys=0.00, real=0.30 secs] 
2020-09-29T12:03:42.355+0200: 111.042: [GC pause (G1 Humongous Allocation) (young) (initial-mark), 0.1298852 secs]
   [Parallel Time: 127.7 ms, GC Workers: 8]
      [GC Worker Start (ms): Min: 111042.7, Avg: 111043.0, Max: 111043.3, Diff: 0.6]
      [Ext Root Scanning (ms): Min: 0.0, Avg: 2.4, Max: 8.1, Diff: 8.1, Sum: 18.9]
      [Update RS (ms): Min: 66.5, Avg: 72.9, Max: 76.1, Diff: 9.6, Sum: 583.0]
         [Processed Buffers: Min: 20, Avg: 25.0, Max: 29, Diff: 9, Sum: 200]
      [Scan RS (ms): Min: 3.6, Avg: 4.1, Max: 4.8, Diff: 1.2, Sum: 32.7]
      [Code Root Scanning (ms): Min: 0.0, Avg: 0.0, Max: 0.0, Diff: 0.0, Sum: 0.0]
      [Object Copy (ms): Min: 46.2, Avg: 46.9, Max: 47.4, Diff: 1.2, Sum: 375.3]
      [Termination (ms): Min: 0.0, Avg: 0.5, Max: 1.8, Diff: 1.8, Sum: 4.3]
         [Termination Attempts: Min: 1, Avg: 140.1, Max: 180, Diff: 179, Sum: 1121]
      [GC Worker Other (ms): Min: 0.0, Avg: 0.0, Max: 0.0, Diff: 0.0, Sum: 0.2]
      [GC Worker Total (ms): Min: 126.3, Avg: 126.8, Max: 127.5, Diff: 1.2, Sum: 1014.3]
      [GC Worker End (ms): Min: 111169.5, Avg: 111169.8, Max: 111170.2, Diff: 0.7]
   [Code Root Fixup: 0.0 ms]
   [Code Root Purge: 0.0 ms]
   [Clear CT: 0.5 ms]
   [Other: 1.7 ms]
      [Choose CSet: 0.0 ms]
      [Ref Proc: 0.5 ms]
      [Ref Enq: 0.0 ms]
      [Redirty Cards: 0.5 ms]
      [Humongous Register: 0.1 ms]
      [Humongous Reclaim: 0.0 ms]
      [Free CSet: 0.2 ms]
   [Eden: 8192.0K(98.0M)->0.0B(93.0M) Survivors: 22.0M->9216.0K Heap: 1072.7M(2048.0M)->1076.2M(2048.0M)]
 [Times: user=0.92 sys=0.00, real=0.13 secs] 
2020-09-29T12:03:42.485+0200: 111.173: [GC concurrent-root-region-scan-start]
2020-09-29T12:03:42.493+0200: 111.181: [GC concurrent-root-region-scan-end, 0.0081984 secs]
2020-09-29T12:03:42.493+0200: 111.181: [GC concurrent-mark-start]
2020-09-29T12:03:42.502+0200: 111.190: [GC concurrent-mark-end, 0.0089028 secs]
2020-09-29T12:03:42.504+0200: 111.191: [GC remark 2020-09-29T12:03:42.504+0200: 111.192: [Finalize Marking, 0.0004980 secs] 2020-09-29T12:03:42.504+0200: 111.192: [GC ref-proc, 0.0010627 secs] 2020-09-29T12:03:42.505+0200: 111.193: [Unloading, 0.0016077 secs], 0.0043850 secs]
 [Times: user=0.00 sys=0.00, real=0.00 secs] 
2020-09-29T12:03:42.509+0200: 111.197: [GC cleanup 1089M->29M(2048M), 0.0040704 secs]
 [Times: user=0.00 sys=0.00, real=0.00 secs] 
2020-09-29T12:03:42.514+0200: 111.201: [GC concurrent-cleanup-start]
2020-09-29T12:03:42.522+0200: 111.210: [GC concurrent-cleanup-end, 0.0085629 secs]
2020-09-29T12:03:42.686+0200: 111.374: [GC pause (G1 Evacuation Pause) (young), 0.1598614 secs]
   [Parallel Time: 157.5 ms, GC Workers: 8]
      [GC Worker Start (ms): Min: 111374.1, Avg: 111374.3, Max: 111374.6, Diff: 0.5]
      [Ext Root Scanning (ms): Min: 0.0, Avg: 0.2, Max: 0.4, Diff: 0.4, Sum: 1.5]
      [Update RS (ms): Min: 30.2, Avg: 30.6, Max: 31.6, Diff: 1.4, Sum: 244.9]
         [Processed Buffers: Min: 12, Avg: 12.9, Max: 15, Diff: 3, Sum: 103]
      [Scan RS (ms): Min: 4.6, Avg: 5.6, Max: 5.9, Diff: 1.3, Sum: 44.7]
      [Code Root Scanning (ms): Min: 0.0, Avg: 0.0, Max: 0.0, Diff: 0.0, Sum: 0.0]
      [Object Copy (ms): Min: 120.4, Avg: 120.6, Max: 120.7, Diff: 0.3, Sum: 964.6]
      [Termination (ms): Min: 0.0, Avg: 0.0, Max: 0.0, Diff: 0.0, Sum: 0.2]
         [Termination Attempts: Min: 1, Avg: 34.4, Max: 47, Diff: 46, Sum: 275]
      [GC Worker Other (ms): Min: 0.0, Avg: 0.1, Max: 0.1, Diff: 0.1, Sum: 0.5]
      [GC Worker Total (ms): Min: 156.7, Avg: 157.0, Max: 157.2, Diff: 0.5, Sum: 1256.3]
      [GC Worker End (ms): Min: 111531.3, Avg: 111531.4, Max: 111531.5, Diff: 0.1]
   [Code Root Fixup: 0.0 ms]
   [Code Root Purge: 0.0 ms]
   [Clear CT: 0.5 ms]
   [Other: 1.9 ms]
      [Choose CSet: 0.0 ms]
      [Ref Proc: 0.5 ms]
      [Ref Enq: 0.0 ms]
      [Redirty Cards: 0.5 ms]
      [Humongous Register: 0.1 ms]
      [Humongous Reclaim: 0.0 ms]
      [Free CSet: 0.2 ms]
   [Eden: 93.0M(93.0M)->0.0B(89.0M) Survivors: 9216.0K->13.0M Heap: 126.7M(2048.0M)->120.2M(2048.0M)]
 [Times: user=1.22 sys=0.03, real=0.16 secs] 
2020-09-29T12:03:43.019+0200: 111.707: [GC pause (G1 Evacuation Pause) (young), 0.1851036 secs]
   [Parallel Time: 182.5 ms, GC Workers: 8]
      [GC Worker Start (ms): Min: 111707.5, Avg: 111707.7, Max: 111708.2, Diff: 0.7]
      [Ext Root Scanning (ms): Min: 0.0, Avg: 0.2, Max: 0.3, Diff: 0.3, Sum: 1.6]
      [Update RS (ms): Min: 23.7, Avg: 24.6, Max: 25.9, Diff: 2.2, Sum: 197.2]
         [Processed Buffers: Min: 8, Avg: 9.5, Max: 11, Diff: 3, Sum: 76]
      [Scan RS (ms): Min: 9.3, Avg: 10.6, Max: 11.6, Diff: 2.3, Sum: 85.0]
      [Code Root Scanning (ms): Min: 0.0, Avg: 0.0, Max: 0.0, Diff: 0.0, Sum: 0.0]
      [Object Copy (ms): Min: 145.9, Avg: 146.3, Max: 146.4, Diff: 0.5, Sum: 1170.4]
      [Termination (ms): Min: 0.0, Avg: 0.1, Max: 0.2, Diff: 0.2, Sum: 0.9]
         [Termination Attempts: Min: 1, Avg: 225.4, Max: 302, Diff: 301, Sum: 1803]
      [GC Worker Other (ms): Min: 0.0, Avg: 0.0, Max: 0.1, Diff: 0.1, Sum: 0.4]
      [GC Worker Total (ms): Min: 181.5, Avg: 181.9, Max: 182.2, Diff: 0.7, Sum: 1455.6]
      [GC Worker End (ms): Min: 111889.7, Avg: 111889.7, Max: 111889.7, Diff: 0.1]
   [Code Root Fixup: 0.0 ms]
   [Code Root Purge: 0.0 ms]
   [Clear CT: 0.6 ms]
   [Other: 1.9 ms]
      [Choose CSet: 0.0 ms]
      [Ref Proc: 0.4 ms]
      [Ref Enq: 0.0 ms]
      [Redirty Cards: 0.7 ms]
      [Humongous Register: 0.1 ms]
      [Humongous Reclaim: 0.0 ms]
      [Free CSet: 0.3 ms]
   [Eden: 89.0M(89.0M)->0.0B(89.0M) Survivors: 13.0M->13.0M Heap: 222.5M(2048.0M)->225.5M(2048.0M)]
 [Times: user=1.36 sys=0.00, real=0.19 secs] 
2020-09-29T12:03:43.345+0200: 112.034: [GC pause (G1 Evacuation Pause) (young), 0.2130753 secs]
   [Parallel Time: 210.5 ms, GC Workers: 8]
      [GC Worker Start (ms): Min: 112033.9, Avg: 112037.8, Max: 112063.4, Diff: 29.5]
      [Ext Root Scanning (ms): Min: 0.0, Avg: 0.2, Max: 0.4, Diff: 0.3, Sum: 1.5]
      [Update RS (ms): Min: 0.0, Avg: 18.6, Max: 22.1, Diff: 22.1, Sum: 149.1]
         [Processed Buffers: Min: 0, Avg: 8.0, Max: 10, Diff: 10, Sum: 64]
      [Scan RS (ms): Min: 5.1, Avg: 12.0, Max: 13.5, Diff: 8.4, Sum: 95.9]
      [Code Root Scanning (ms): Min: 0.0, Avg: 0.0, Max: 0.0, Diff: 0.0, Sum: 0.0]
      [Object Copy (ms): Min: 175.2, Avg: 175.3, Max: 175.5, Diff: 0.2, Sum: 1402.7]
      [Termination (ms): Min: 0.0, Avg: 0.0, Max: 0.0, Diff: 0.0, Sum: 0.2]
         [Termination Attempts: Min: 1, Avg: 37.4, Max: 51, Diff: 50, Sum: 299]
      [GC Worker Other (ms): Min: 0.0, Avg: 0.1, Max: 0.1, Diff: 0.1, Sum: 0.4]
      [GC Worker Total (ms): Min: 180.7, Avg: 206.2, Max: 210.2, Diff: 29.5, Sum: 1649.9]
      [GC Worker End (ms): Min: 112244.0, Avg: 112244.0, Max: 112244.1, Diff: 0.1]
   [Code Root Fixup: 0.0 ms]
   [Code Root Purge: 0.0 ms]
   [Clear CT: 0.8 ms]
   [Other: 1.8 ms]
      [Choose CSet: 0.0 ms]
      [Ref Proc: 0.3 ms]
      [Ref Enq: 0.0 ms]
      [Redirty Cards: 0.6 ms]
      [Humongous Register: 0.2 ms]
      [Humongous Reclaim: 0.0 ms]
      [Free CSet: 0.2 ms]
   [Eden: 89.0M(89.0M)->0.0B(89.0M) Survivors: 13.0M->13.0M Heap: 329.8M(2048.0M)->331.8M(2048.0M)]
 [Times: user=1.69 sys=0.00, real=0.21 secs] 
2020-09-29T12:03:43.721+0200: 112.409: [GC pause (G1 Evacuation Pause) (young), 0.1882696 secs]
   [Parallel Time: 185.2 ms, GC Workers: 8]
      [GC Worker Start (ms): Min: 112409.8, Avg: 112409.9, Max: 112410.0, Diff: 0.2]
      [Ext Root Scanning (ms): Min: 0.1, Avg: 0.2, Max: 0.4, Diff: 0.2, Sum: 1.9]
      [Update RS (ms): Min: 23.4, Avg: 23.9, Max: 25.2, Diff: 1.9, Sum: 191.5]
         [Processed Buffers: Min: 9, Avg: 10.3, Max: 13, Diff: 4, Sum: 82]
      [Scan RS (ms): Min: 10.2, Avg: 11.8, Max: 13.2, Diff: 3.0, Sum: 94.5]
      [Code Root Scanning (ms): Min: 0.0, Avg: 0.0, Max: 0.0, Diff: 0.0, Sum: 0.0]
      [Object Copy (ms): Min: 147.6, Avg: 148.5, Max: 149.0, Diff: 1.3, Sum: 1188.1]
      [Termination (ms): Min: 0.0, Avg: 0.1, Max: 0.1, Diff: 0.1, Sum: 0.7]
         [Termination Attempts: Min: 1, Avg: 175.3, Max: 237, Diff: 236, Sum: 1402]
      [GC Worker Other (ms): Min: 0.0, Avg: 0.1, Max: 0.2, Diff: 0.1, Sum: 0.6]
      [GC Worker Total (ms): Min: 184.6, Avg: 184.7, Max: 184.8, Diff: 0.2, Sum: 1477.4]
      [GC Worker End (ms): Min: 112594.5, Avg: 112594.6, Max: 112594.6, Diff: 0.1]
   [Code Root Fixup: 0.0 ms]
   [Code Root Purge: 0.0 ms]
   [Clear CT: 0.5 ms]
   [Other: 2.5 ms]
      [Choose CSet: 0.0 ms]
      [Ref Proc: 0.8 ms]
      [Ref Enq: 0.0 ms]
      [Redirty Cards: 0.8 ms]
      [Humongous Register: 0.1 ms]
      [Humongous Reclaim: 0.0 ms]
      [Free CSet: 0.2 ms]
   [Eden: 89.0M(89.0M)->0.0B(89.0M) Survivors: 13.0M->13.0M Heap: 436.0M(2048.0M)->438.0M(2048.0M)]
 [Times: user=1.42 sys=0.00, real=0.19 secs] 
2020-09-29T12:03:44.130+0200: 112.817: [GC pause (G1 Evacuation Pause) (young), 0.2073245 secs]
   [Parallel Time: 204.6 ms, GC Workers: 8]
      [GC Worker Start (ms): Min: 112817.4, Avg: 112818.9, Max: 112820.4, Diff: 3.0]
      [Ext Root Scanning (ms): Min: 0.0, Avg: 0.2, Max: 0.5, Diff: 0.5, Sum: 1.3]
      [Update RS (ms): Min: 23.3, Avg: 25.1, Max: 25.9, Diff: 2.6, Sum: 201.0]
         [Processed Buffers: Min: 7, Avg: 9.4, Max: 14, Diff: 7, Sum: 75]
      [Scan RS (ms): Min: 13.5, Avg: 15.5, Max: 16.4, Diff: 2.9, Sum: 123.6]
      [Code Root Scanning (ms): Min: 0.0, Avg: 0.0, Max: 0.0, Diff: 0.0, Sum: 0.0]
      [Object Copy (ms): Min: 161.4, Avg: 161.7, Max: 162.0, Diff: 0.6, Sum: 1293.5]
      [Termination (ms): Min: 0.0, Avg: 0.2, Max: 0.3, Diff: 0.3, Sum: 1.9]
         [Termination Attempts: Min: 1, Avg: 472.8, Max: 646, Diff: 645, Sum: 3782]
      [GC Worker Other (ms): Min: 0.0, Avg: 0.1, Max: 0.1, Diff: 0.1, Sum: 0.5]
      [GC Worker Total (ms): Min: 201.3, Avg: 202.7, Max: 204.3, Diff: 2.9, Sum: 1621.8]
      [GC Worker End (ms): Min: 113021.6, Avg: 113021.6, Max: 113021.7, Diff: 0.1]
   [Code Root Fixup: 0.0 ms]
   [Code Root Purge: 0.0 ms]
   [Clear CT: 0.6 ms]
   [Other: 2.1 ms]
      [Choose CSet: 0.0 ms]
      [Ref Proc: 0.6 ms]
      [Ref Enq: 0.0 ms]
      [Redirty Cards: 0.6 ms]
      [Humongous Register: 0.2 ms]
      [Humongous Reclaim: 0.0 ms]
      [Free CSet: 0.3 ms]
   [Eden: 89.0M(89.0M)->0.0B(89.0M) Survivors: 13.0M->13.0M Heap: 542.3M(2048.0M)->544.8M(2048.0M)]
 [Times: user=1.50 sys=0.00, real=0.21 secs] 
2020-09-29T12:03:44.504+0200: 113.192: [GC pause (G1 Evacuation Pause) (young), 0.1937039 secs]
   [Parallel Time: 191.3 ms, GC Workers: 8]
      [GC Worker Start (ms): Min: 113192.1, Avg: 113194.6, Max: 113209.5, Diff: 17.3]
      [Ext Root Scanning (ms): Min: 0.0, Avg: 0.2, Max: 0.4, Diff: 0.4, Sum: 1.5]
      [Update RS (ms): Min: 4.1, Avg: 19.4, Max: 24.8, Diff: 20.7, Sum: 155.3]
         [Processed Buffers: Min: 5, Avg: 8.8, Max: 11, Diff: 6, Sum: 70]
      [Scan RS (ms): Min: 11.2, Avg: 14.3, Max: 16.0, Diff: 4.8, Sum: 114.4]
      [Code Root Scanning (ms): Min: 0.0, Avg: 0.0, Max: 0.0, Diff: 0.0, Sum: 0.0]
      [Object Copy (ms): Min: 153.2, Avg: 154.6, Max: 154.9, Diff: 1.7, Sum: 1237.1]
      [Termination (ms): Min: 0.0, Avg: 0.1, Max: 0.2, Diff: 0.2, Sum: 1.1]
         [Termination Attempts: Min: 1, Avg: 15.5, Max: 23, Diff: 22, Sum: 124]
      [GC Worker Other (ms): Min: 0.0, Avg: 0.0, Max: 0.0, Diff: 0.0, Sum: 0.2]
      [GC Worker Total (ms): Min: 173.8, Avg: 188.7, Max: 191.2, Diff: 17.3, Sum: 1509.6]
      [GC Worker End (ms): Min: 113383.2, Avg: 113383.3, Max: 113383.3, Diff: 0.1]
   [Code Root Fixup: 0.0 ms]
   [Code Root Purge: 0.0 ms]
   [Clear CT: 0.5 ms]
   [Other: 1.9 ms]
      [Choose CSet: 0.0 ms]
      [Ref Proc: 0.6 ms]
      [Ref Enq: 0.0 ms]
      [Redirty Cards: 0.5 ms]
      [Humongous Register: 0.1 ms]
      [Humongous Reclaim: 0.0 ms]
      [Free CSet: 0.3 ms]
   [Eden: 89.0M(89.0M)->0.0B(89.0M) Survivors: 13.0M->13.0M Heap: 649.1M(2048.0M)->650.6M(2048.0M)]
 [Times: user=1.41 sys=0.00, real=0.19 secs] 
2020-09-29T12:03:44.907+0200: 113.595: [GC pause (G1 Evacuation Pause) (young), 0.1874522 secs]
   [Parallel Time: 184.6 ms, GC Workers: 8]
      [GC Worker Start (ms): Min: 113594.8, Avg: 113595.0, Max: 113595.3, Diff: 0.5]
      [Ext Root Scanning (ms): Min: 0.0, Avg: 0.2, Max: 0.4, Diff: 0.4, Sum: 1.6]
      [Update RS (ms): Min: 21.6, Avg: 23.0, Max: 23.9, Diff: 2.3, Sum: 184.1]
         [Processed Buffers: Min: 7, Avg: 8.0, Max: 9, Diff: 2, Sum: 64]
      [Scan RS (ms): Min: 13.0, Avg: 14.4, Max: 15.4, Diff: 2.4, Sum: 115.0]
      [Code Root Scanning (ms): Min: 0.0, Avg: 0.0, Max: 0.0, Diff: 0.0, Sum: 0.0]
      [Object Copy (ms): Min: 144.8, Avg: 146.2, Max: 146.6, Diff: 1.8, Sum: 1169.7]
      [Termination (ms): Min: 0.0, Avg: 0.1, Max: 0.1, Diff: 0.1, Sum: 0.9]
         [Termination Attempts: Min: 1, Avg: 196.9, Max: 252, Diff: 251, Sum: 1575]
      [GC Worker Other (ms): Min: 0.0, Avg: 0.1, Max: 0.1, Diff: 0.1, Sum: 0.5]
      [GC Worker Total (ms): Min: 183.7, Avg: 184.0, Max: 184.2, Diff: 0.5, Sum: 1471.7]
      [GC Worker End (ms): Min: 113778.9, Avg: 113779.0, Max: 113779.0, Diff: 0.1]
   [Code Root Fixup: 0.0 ms]
   [Code Root Purge: 0.0 ms]
   [Clear CT: 0.8 ms]
   [Other: 2.1 ms]
      [Choose CSet: 0.0 ms]
      [Ref Proc: 0.7 ms]
      [Ref Enq: 0.0 ms]
      [Redirty Cards: 0.6 ms]
      [Humongous Register: 0.1 ms]
      [Humongous Reclaim: 0.0 ms]
      [Free CSet: 0.3 ms]
   [Eden: 89.0M(89.0M)->0.0B(89.0M) Survivors: 13.0M->13.0M Heap: 752.9M(2048.0M)->754.9M(2048.0M)]
 [Times: user=1.33 sys=0.00, real=0.19 secs] 
2020-09-29T12:03:45.261+0200: 113.948: [GC pause (G1 Evacuation Pause) (young), 0.2401239 secs]
   [Parallel Time: 237.7 ms, GC Workers: 8]
      [GC Worker Start (ms): Min: 113948.7, Avg: 113949.1, Max: 113951.4, Diff: 2.8]
      [Ext Root Scanning (ms): Min: 0.0, Avg: 0.5, Max: 2.6, Diff: 2.6, Sum: 4.0]
      [Update RS (ms): Min: 22.0, Avg: 25.5, Max: 39.7, Diff: 17.6, Sum: 204.2]
         [Processed Buffers: Min: 5, Avg: 7.3, Max: 13, Diff: 8, Sum: 58]
      [Scan RS (ms): Min: 2.9, Avg: 16.8, Max: 20.6, Diff: 17.7, Sum: 134.2]
      [Code Root Scanning (ms): Min: 0.0, Avg: 0.0, Max: 0.0, Diff: 0.0, Sum: 0.0]
      [Object Copy (ms): Min: 192.8, Avg: 193.9, Max: 194.2, Diff: 1.4, Sum: 1550.8]
      [Termination (ms): Min: 0.1, Avg: 0.2, Max: 0.3, Diff: 0.2, Sum: 1.5]
         [Termination Attempts: Min: 1, Avg: 288.3, Max: 404, Diff: 403, Sum: 2306]
      [GC Worker Other (ms): Min: 0.0, Avg: 0.0, Max: 0.1, Diff: 0.1, Sum: 0.4]
      [GC Worker Total (ms): Min: 234.6, Avg: 236.9, Max: 237.4, Diff: 2.8, Sum: 1895.1]
      [GC Worker End (ms): Min: 114186.0, Avg: 114186.0, Max: 114186.1, Diff: 0.1]
   [Code Root Fixup: 0.0 ms]
   [Code Root Purge: 0.0 ms]
   [Clear CT: 0.6 ms]
   [Other: 1.8 ms]
      [Choose CSet: 0.0 ms]
      [Ref Proc: 0.5 ms]
      [Ref Enq: 0.0 ms]
      [Redirty Cards: 0.6 ms]
      [Humongous Register: 0.1 ms]
      [Humongous Reclaim: 0.0 ms]
      [Free CSet: 0.3 ms]
   [Eden: 89.0M(89.0M)->0.0B(89.0M) Survivors: 13.0M->13.0M Heap: 859.2M(2048.0M)->861.2M(2048.0M)]
 [Times: user=1.45 sys=0.02, real=0.24 secs] 
2020-09-29T12:03:45.695+0200: 114.383: [GC pause (G1 Evacuation Pause) (young), 0.2262295 secs]
   [Parallel Time: 223.9 ms, GC Workers: 8]
      [GC Worker Start (ms): Min: 114382.8, Avg: 114382.9, Max: 114383.0, Diff: 0.2]
      [Ext Root Scanning (ms): Min: 0.1, Avg: 0.2, Max: 0.3, Diff: 0.2, Sum: 1.8]
      [Update RS (ms): Min: 18.5, Avg: 19.1, Max: 20.3, Diff: 1.8, Sum: 152.6]
         [Processed Buffers: Min: 7, Avg: 8.0, Max: 9, Diff: 2, Sum: 64]
      [Scan RS (ms): Min: 13.7, Avg: 14.8, Max: 17.3, Diff: 3.6, Sum: 118.7]
      [Code Root Scanning (ms): Min: 0.0, Avg: 0.0, Max: 0.0, Diff: 0.0, Sum: 0.0]
      [Object Copy (ms): Min: 186.6, Avg: 189.0, Max: 189.8, Diff: 3.2, Sum: 1512.1]
      [Termination (ms): Min: 0.0, Avg: 0.2, Max: 0.2, Diff: 0.2, Sum: 1.4]
         [Termination Attempts: Min: 1, Avg: 80.0, Max: 125, Diff: 124, Sum: 640]
      [GC Worker Other (ms): Min: 0.0, Avg: 0.0, Max: 0.0, Diff: 0.0, Sum: 0.2]
      [GC Worker Total (ms): Min: 223.2, Avg: 223.4, Max: 223.5, Diff: 0.3, Sum: 1786.9]
      [GC Worker End (ms): Min: 114606.2, Avg: 114606.2, Max: 114606.3, Diff: 0.0]
   [Code Root Fixup: 0.0 ms]
   [Code Root Purge: 0.0 ms]
   [Clear CT: 0.6 ms]
   [Other: 1.7 ms]
      [Choose CSet: 0.0 ms]
      [Ref Proc: 0.6 ms]
      [Ref Enq: 0.0 ms]
      [Redirty Cards: 0.5 ms]
      [Humongous Register: 0.1 ms]
      [Humongous Reclaim: 0.0 ms]
      [Free CSet: 0.2 ms]
   [Eden: 89.0M(89.0M)->0.0B(89.0M) Survivors: 13.0M->13.0M Heap: 965.4M(2048.0M)->966.9M(2048.0M)]
 [Times: user=1.41 sys=0.00, real=0.23 secs] 
2020-09-29T12:03:45.957+0200: 114.645: [GC pause (G1 Humongous Allocation) (young) (initial-mark), 0.0628814 secs]
   [Parallel Time: 60.3 ms, GC Workers: 8]
      [GC Worker Start (ms): Min: 114645.1, Avg: 114645.3, Max: 114645.5, Diff: 0.5]
      [Ext Root Scanning (ms): Min: 0.0, Avg: 0.6, Max: 1.2, Diff: 1.2, Sum: 4.5]
      [Update RS (ms): Min: 22.1, Avg: 23.0, Max: 24.0, Diff: 1.9, Sum: 183.8]
         [Processed Buffers: Min: 7, Avg: 8.5, Max: 10, Diff: 3, Sum: 68]
      [Scan RS (ms): Min: 1.6, Avg: 2.3, Max: 3.3, Diff: 1.7, Sum: 18.4]
      [Code Root Scanning (ms): Min: 0.0, Avg: 0.0, Max: 0.0, Diff: 0.0, Sum: 0.0]
      [Object Copy (ms): Min: 33.7, Avg: 33.9, Max: 33.9, Diff: 0.2, Sum: 270.9]
      [Termination (ms): Min: 0.0, Avg: 0.0, Max: 0.0, Diff: 0.0, Sum: 0.2]
         [Termination Attempts: Min: 1, Avg: 41.0, Max: 54, Diff: 53, Sum: 328]
      [GC Worker Other (ms): Min: 0.0, Avg: 0.1, Max: 0.1, Diff: 0.1, Sum: 0.5]
      [GC Worker Total (ms): Min: 59.5, Avg: 59.8, Max: 60.0, Diff: 0.5, Sum: 478.3]
      [GC Worker End (ms): Min: 114705.0, Avg: 114705.0, Max: 114705.1, Diff: 0.1]
   [Code Root Fixup: 0.0 ms]
   [Code Root Purge: 0.0 ms]
   [Clear CT: 0.7 ms]
   [Other: 1.8 ms]
      [Choose CSet: 0.0 ms]
      [Ref Proc: 0.4 ms]
      [Ref Enq: 0.0 ms]
      [Redirty Cards: 0.6 ms]
      [Humongous Register: 0.1 ms]
      [Humongous Reclaim: 0.0 ms]
      [Free CSet: 0.2 ms]
   [Eden: 8192.0K(89.0M)->0.0B(92.0M) Survivors: 13.0M->10.0M Heap: 974.9M(2048.0M)->978.4M(2048.0M)]
 [Times: user=0.36 sys=0.00, real=0.06 secs] 
2020-09-29T12:03:46.021+0200: 114.708: [GC concurrent-root-region-scan-start]
2020-09-29T12:03:46.028+0200: 114.716: [GC concurrent-root-region-scan-end, 0.0077828 secs]
2020-09-29T12:03:46.028+0200: 114.716: [GC concurrent-mark-start]
2020-09-29T12:03:46.039+0200: 114.726: [GC concurrent-mark-end, 0.0098863 secs]
2020-09-29T12:03:46.039+0200: 114.727: [GC remark 2020-09-29T12:03:46.040+0200: 114.727: [Finalize Marking, 0.0006590 secs] 2020-09-29T12:03:46.040+0200: 114.728: [GC ref-proc, 0.0011988 secs] 2020-09-29T12:03:46.042+0200: 114.729: [Unloading, 0.0013831 secs], 0.0046270 secs]
 [Times: user=0.00 sys=0.00, real=0.00 secs] 
2020-09-29T12:03:46.046+0200: 114.733: [GC cleanup 991M->30M(2048M), 0.0060963 secs]
 [Times: user=0.00 sys=0.01, real=0.01 secs] 
2020-09-29T12:03:46.052+0200: 114.740: [GC concurrent-cleanup-start]
2020-09-29T12:03:46.059+0200: 114.746: [GC concurrent-cleanup-end, 0.0066270 secs]
2020-09-29T12:03:46.209+0200: 114.896: [GC pause (G1 Evacuation Pause) (young), 0.2072888 secs]
   [Parallel Time: 204.7 ms, GC Workers: 8]
      [GC Worker Start (ms): Min: 114896.4, Avg: 114896.6, Max: 114896.9, Diff: 0.4]
      [Ext Root Scanning (ms): Min: 0.0, Avg: 0.2, Max: 0.4, Diff: 0.3, Sum: 1.6]
      [Update RS (ms): Min: 15.9, Avg: 18.3, Max: 31.0, Diff: 15.1, Sum: 146.3]
         [Processed Buffers: Min: 0, Avg: 7.1, Max: 9, Diff: 9, Sum: 57]
      [Scan RS (ms): Min: 0.0, Avg: 12.3, Max: 14.6, Diff: 14.6, Sum: 98.3]
      [Code Root Scanning (ms): Min: 0.0, Avg: 0.0, Max: 0.0, Diff: 0.0, Sum: 0.0]
      [Object Copy (ms): Min: 172.7, Avg: 173.2, Max: 173.5, Diff: 0.8, Sum: 1385.5]
      [Termination (ms): Min: 0.0, Avg: 0.2, Max: 0.2, Diff: 0.2, Sum: 1.6]
         [Termination Attempts: Min: 1, Avg: 202.3, Max: 258, Diff: 257, Sum: 1618]
      [GC Worker Other (ms): Min: 0.0, Avg: 0.0, Max: 0.0, Diff: 0.0, Sum: 0.2]
      [GC Worker Total (ms): Min: 204.0, Avg: 204.2, Max: 204.4, Diff: 0.4, Sum: 1633.5]
      [GC Worker End (ms): Min: 115100.8, Avg: 115100.8, Max: 115100.8, Diff: 0.1]
   [Code Root Fixup: 0.0 ms]
   [Code Root Purge: 0.0 ms]
   [Clear CT: 0.5 ms]
   [Other: 2.1 ms]
      [Choose CSet: 0.0 ms]
      [Ref Proc: 0.5 ms]
      [Ref Enq: 0.0 ms]
      [Redirty Cards: 0.6 ms]
      [Humongous Register: 0.1 ms]
      [Humongous Reclaim: 0.0 ms]
      [Free CSet: 0.3 ms]
   [Eden: 92.0M(92.0M)->0.0B(89.0M) Survivors: 10.0M->13.0M Heap: 126.7M(2048.0M)->119.2M(2048.0M)]
 [Times: user=1.36 sys=0.00, real=0.21 secs] 
2020-09-29T12:03:46.604+0200: 115.291: [GC pause (G1 Evacuation Pause) (young), 0.2190831 secs]
   [Parallel Time: 216.6 ms, GC Workers: 8]
      [GC Worker Start (ms): Min: 115291.5, Avg: 115291.8, Max: 115292.2, Diff: 0.6]
      [Ext Root Scanning (ms): Min: 0.0, Avg: 0.2, Max: 0.5, Diff: 0.5, Sum: 1.9]
      [Update RS (ms): Min: 18.7, Avg: 20.4, Max: 25.4, Diff: 6.7, Sum: 163.4]
         [Processed Buffers: Min: 5, Avg: 7.3, Max: 9, Diff: 4, Sum: 58]
      [Scan RS (ms): Min: 9.4, Avg: 14.8, Max: 16.9, Diff: 7.4, Sum: 118.8]
      [Code Root Scanning (ms): Min: 0.0, Avg: 0.0, Max: 0.0, Diff: 0.0, Sum: 0.0]
      [Object Copy (ms): Min: 178.1, Avg: 180.1, Max: 181.2, Diff: 3.1, Sum: 1441.0]
      [Termination (ms): Min: 0.2, Avg: 0.5, Max: 0.8, Diff: 0.6, Sum: 4.1]
         [Termination Attempts: Min: 1, Avg: 713.0, Max: 899, Diff: 898, Sum: 5704]
      [GC Worker Other (ms): Min: 0.0, Avg: 0.0, Max: 0.0, Diff: 0.0, Sum: 0.2]
      [GC Worker Total (ms): Min: 215.8, Avg: 216.2, Max: 216.4, Diff: 0.7, Sum: 1729.4]
      [GC Worker End (ms): Min: 115507.9, Avg: 115507.9, Max: 115508.0, Diff: 0.1]
   [Code Root Fixup: 0.0 ms]
   [Code Root Purge: 0.0 ms]
   [Clear CT: 0.5 ms]
   [Other: 2.0 ms]
      [Choose CSet: 0.0 ms]
      [Ref Proc: 0.6 ms]
      [Ref Enq: 0.0 ms]
      [Redirty Cards: 0.5 ms]
      [Humongous Register: 0.1 ms]
      [Humongous Reclaim: 0.0 ms]
      [Free CSet: 0.3 ms]
   [Eden: 89.0M(89.0M)->0.0B(89.0M) Survivors: 13.0M->13.0M Heap: 221.5M(2048.0M)->224.0M(2048.0M)]
 [Times: user=1.53 sys=0.00, real=0.22 secs] 
2020-09-29T12:03:46.939+0200: 115.626: [GC pause (G1 Evacuation Pause) (young), 0.0535890 secs]
   [Parallel Time: 52.7 ms, GC Workers: 8]
      [GC Worker Start (ms): Min: 115626.0, Avg: 115626.2, Max: 115626.6, Diff: 0.5]
      [Ext Root Scanning (ms): Min: 0.0, Avg: 0.1, Max: 0.1, Diff: 0.1, Sum: 0.7]
      [Update RS (ms): Min: 4.7, Avg: 5.1, Max: 5.3, Diff: 0.6, Sum: 40.7]
         [Processed Buffers: Min: 5, Avg: 6.0, Max: 7, Diff: 2, Sum: 48]
      [Scan RS (ms): Min: 5.1, Avg: 5.3, Max: 5.4, Diff: 0.3, Sum: 42.7]
      [Code Root Scanning (ms): Min: 0.0, Avg: 0.0, Max: 0.0, Diff: 0.0, Sum: 0.0]
      [Object Copy (ms): Min: 41.8, Avg: 41.9, Max: 41.9, Diff: 0.1, Sum: 335.1]
      [Termination (ms): Min: 0.0, Avg: 0.0, Max: 0.0, Diff: 0.0, Sum: 0.2]
         [Termination Attempts: Min: 1, Avg: 143.6, Max: 213, Diff: 212, Sum: 1149]
      [GC Worker Other (ms): Min: 0.0, Avg: 0.0, Max: 0.0, Diff: 0.0, Sum: 0.2]
      [GC Worker Total (ms): Min: 52.0, Avg: 52.4, Max: 52.6, Diff: 0.5, Sum: 419.6]
      [GC Worker End (ms): Min: 115678.6, Avg: 115678.6, Max: 115678.6, Diff: 0.0]
   [Code Root Fixup: 0.0 ms]
   [Code Root Purge: 0.0 ms]
   [Clear CT: 0.2 ms]
   [Other: 0.7 ms]
      [Choose CSet: 0.0 ms]
      [Ref Proc: 0.2 ms]
      [Ref Enq: 0.0 ms]
      [Redirty Cards: 0.2 ms]
      [Humongous Register: 0.1 ms]
      [Humongous Reclaim: 0.0 ms]
      [Free CSet: 0.1 ms]
   [Eden: 89.0M(89.0M)->0.0B(89.0M) Survivors: 13.0M->13.0M Heap: 328.3M(2048.0M)->330.3M(2048.0M)]
 [Times: user=0.48 sys=0.00, real=0.05 secs] 
2020-09-29T12:03:47.052+0200: 115.739: [GC pause (G1 Evacuation Pause) (young), 0.0561957 secs]
   [Parallel Time: 55.3 ms, GC Workers: 8]
      [GC Worker Start (ms): Min: 115739.0, Avg: 115739.1, Max: 115739.2, Diff: 0.2]
      [Ext Root Scanning (ms): Min: 0.0, Avg: 0.1, Max: 0.1, Diff: 0.1, Sum: 0.7]
      [Update RS (ms): Min: 5.9, Avg: 6.0, Max: 6.2, Diff: 0.3, Sum: 48.1]
         [Processed Buffers: Min: 6, Avg: 7.5, Max: 12, Diff: 6, Sum: 60]
      [Scan RS (ms): Min: 4.9, Avg: 5.2, Max: 5.3, Diff: 0.4, Sum: 41.6]
      [Code Root Scanning (ms): Min: 0.0, Avg: 0.0, Max: 0.0, Diff: 0.0, Sum: 0.0]
      [Object Copy (ms): Min: 43.7, Avg: 43.8, Max: 43.8, Diff: 0.1, Sum: 350.1]
      [Termination (ms): Min: 0.0, Avg: 0.0, Max: 0.0, Diff: 0.0, Sum: 0.2]
         [Termination Attempts: Min: 1, Avg: 183.0, Max: 243, Diff: 242, Sum: 1464]
      [GC Worker Other (ms): Min: 0.0, Avg: 0.0, Max: 0.0, Diff: 0.0, Sum: 0.1]
      [GC Worker Total (ms): Min: 55.0, Avg: 55.1, Max: 55.2, Diff: 0.2, Sum: 440.9]
      [GC Worker End (ms): Min: 115794.2, Avg: 115794.2, Max: 115794.2, Diff: 0.0]
   [Code Root Fixup: 0.0 ms]
   [Code Root Purge: 0.0 ms]
   [Clear CT: 0.2 ms]
   [Other: 0.7 ms]
      [Choose CSet: 0.0 ms]
      [Ref Proc: 0.2 ms]
      [Ref Enq: 0.0 ms]
      [Redirty Cards: 0.2 ms]
      [Humongous Register: 0.1 ms]
      [Humongous Reclaim: 0.0 ms]
      [Free CSet: 0.1 ms]
   [Eden: 89.0M(89.0M)->0.0B(106.0M) Survivors: 13.0M->13.0M Heap: 434.5M(2048.0M)->436.0M(2048.0M)]
 [Times: user=0.36 sys=0.00, real=0.06 secs] 
2020-09-29T12:03:47.178+0200: 115.865: [GC pause (G1 Evacuation Pause) (young), 0.1003235 secs]
   [Parallel Time: 99.4 ms, GC Workers: 8]
      [GC Worker Start (ms): Min: 115865.1, Avg: 115865.1, Max: 115865.3, Diff: 0.2]
      [Ext Root Scanning (ms): Min: 0.0, Avg: 0.1, Max: 0.1, Diff: 0.1, Sum: 0.7]
      [Update RS (ms): Min: 8.1, Avg: 9.2, Max: 16.1, Diff: 8.0, Sum: 73.9]
         [Processed Buffers: Min: 0, Avg: 7.8, Max: 11, Diff: 11, Sum: 62]
      [Scan RS (ms): Min: 0.0, Avg: 6.9, Max: 8.0, Diff: 8.0, Sum: 54.8]
      [Code Root Scanning (ms): Min: 0.0, Avg: 0.0, Max: 0.0, Diff: 0.0, Sum: 0.0]
      [Object Copy (ms): Min: 82.9, Avg: 82.9, Max: 83.0, Diff: 0.1, Sum: 663.3]
      [Termination (ms): Min: 0.0, Avg: 0.1, Max: 0.1, Diff: 0.1, Sum: 0.7]
         [Termination Attempts: Min: 1, Avg: 627.6, Max: 775, Diff: 774, Sum: 5021]
      [GC Worker Other (ms): Min: 0.0, Avg: 0.0, Max: 0.0, Diff: 0.0, Sum: 0.2]
      [GC Worker Total (ms): Min: 99.1, Avg: 99.2, Max: 99.3, Diff: 0.2, Sum: 793.7]
      [GC Worker End (ms): Min: 115964.4, Avg: 115964.4, Max: 115964.4, Diff: 0.0]
   [Code Root Fixup: 0.0 ms]
   [Code Root Purge: 0.0 ms]
   [Clear CT: 0.2 ms]
   [Other: 0.8 ms]
      [Choose CSet: 0.0 ms]
      [Ref Proc: 0.2 ms]
      [Ref Enq: 0.0 ms]
      [Redirty Cards: 0.2 ms]
      [Humongous Register: 0.1 ms]
      [Humongous Reclaim: 0.0 ms]
      [Free CSet: 0.1 ms]
   [Eden: 106.0M(106.0M)->0.0B(122.0M) Survivors: 13.0M->15.0M Heap: 559.2M(2048.0M)->560.7M(2048.0M)]
 [Times: user=0.64 sys=0.00, real=0.10 secs] 
2020-09-29T12:03:47.363+0200: 116.050: [GC pause (G1 Evacuation Pause) (young), 0.1284692 secs]
   [Parallel Time: 127.4 ms, GC Workers: 8]
      [GC Worker Start (ms): Min: 116050.6, Avg: 116050.7, Max: 116050.8, Diff: 0.2]
      [Ext Root Scanning (ms): Min: 0.0, Avg: 0.1, Max: 0.1, Diff: 0.1, Sum: 0.6]
      [Update RS (ms): Min: 9.0, Avg: 12.0, Max: 32.1, Diff: 23.2, Sum: 96.2]
         [Processed Buffers: Min: 0, Avg: 8.9, Max: 12, Diff: 12, Sum: 71]
      [Scan RS (ms): Min: 0.0, Avg: 7.9, Max: 9.1, Diff: 9.1, Sum: 63.0]
      [Code Root Scanning (ms): Min: 0.0, Avg: 0.0, Max: 0.0, Diff: 0.0, Sum: 0.0]
      [Object Copy (ms): Min: 94.7, Avg: 106.9, Max: 109.0, Diff: 14.4, Sum: 855.6]
      [Termination (ms): Min: 0.0, Avg: 0.3, Max: 0.4, Diff: 0.4, Sum: 2.3]
         [Termination Attempts: Min: 1, Avg: 1680.1, Max: 2669, Diff: 2668, Sum: 13441]
      [GC Worker Other (ms): Min: 0.0, Avg: 0.0, Max: 0.0, Diff: 0.0, Sum: 0.2]
      [GC Worker Total (ms): Min: 127.1, Avg: 127.2, Max: 127.3, Diff: 0.2, Sum: 1017.8]
      [GC Worker End (ms): Min: 116177.9, Avg: 116177.9, Max: 116177.9, Diff: 0.0]
   [Code Root Fixup: 0.0 ms]
   [Code Root Purge: 0.0 ms]
   [Clear CT: 0.2 ms]
   [Other: 0.9 ms]
      [Choose CSet: 0.0 ms]
      [Ref Proc: 0.2 ms]
      [Ref Enq: 0.0 ms]
      [Redirty Cards: 0.2 ms]
      [Humongous Register: 0.1 ms]
      [Humongous Reclaim: 0.0 ms]
      [Free CSet: 0.2 ms]
   [Eden: 122.0M(122.0M)->0.0B(130.0M) Survivors: 15.0M->18.0M Heap: 703.7M(2048.0M)->705.7M(2048.0M)]
 [Times: user=0.97 sys=0.00, real=0.13 secs] 
2020-09-29T12:03:47.578+0200: 116.265: [GC pause (G1 Evacuation Pause) (young), 0.0868761 secs]
   [Parallel Time: 85.9 ms, GC Workers: 8]
      [GC Worker Start (ms): Min: 116265.1, Avg: 116265.5, Max: 116266.7, Diff: 1.6]
      [Ext Root Scanning (ms): Min: 0.0, Avg: 0.1, Max: 0.2, Diff: 0.2, Sum: 0.6]
      [Update RS (ms): Min: 8.0, Avg: 9.2, Max: 9.6, Diff: 1.7, Sum: 73.5]
         [Processed Buffers: Min: 7, Avg: 9.1, Max: 12, Diff: 5, Sum: 73]
      [Scan RS (ms): Min: 8.1, Avg: 8.4, Max: 8.6, Diff: 0.5, Sum: 67.3]
      [Code Root Scanning (ms): Min: 0.0, Avg: 0.0, Max: 0.2, Diff: 0.2, Sum: 0.2]
      [Object Copy (ms): Min: 67.6, Avg: 67.6, Max: 67.7, Diff: 0.1, Sum: 541.1]
      [Termination (ms): Min: 0.0, Avg: 0.0, Max: 0.0, Diff: 0.0, Sum: 0.3]
         [Termination Attempts: Min: 1, Avg: 279.8, Max: 357, Diff: 356, Sum: 2238]
      [GC Worker Other (ms): Min: 0.0, Avg: 0.0, Max: 0.1, Diff: 0.1, Sum: 0.3]
      [GC Worker Total (ms): Min: 84.3, Avg: 85.4, Max: 85.9, Diff: 1.6, Sum: 683.3]
      [GC Worker End (ms): Min: 116350.9, Avg: 116350.9, Max: 116350.9, Diff: 0.0]
   [Code Root Fixup: 0.0 ms]
   [Code Root Purge: 0.0 ms]
   [Clear CT: 0.1 ms]
   [Other: 0.8 ms]
      [Choose CSet: 0.0 ms]
      [Ref Proc: 0.2 ms]
      [Ref Enq: 0.0 ms]
      [Redirty Cards: 0.1 ms]
      [Humongous Register: 0.1 ms]
      [Humongous Reclaim: 0.0 ms]
      [Free CSet: 0.2 ms]
   [Eden: 130.0M(130.0M)->0.0B(152.0M) Survivors: 18.0M->19.0M Heap: 856.7M(2048.0M)->859.2M(2048.0M)]
 [Times: user=0.69 sys=0.00, real=0.09 secs] 
2020-09-29T12:03:47.761+0200: 116.449: [GC pause (G1 Evacuation Pause) (young), 0.0905276 secs]
   [Parallel Time: 89.3 ms, GC Workers: 8]
      [GC Worker Start (ms): Min: 116448.7, Avg: 116448.7, Max: 116448.8, Diff: 0.1]
      [Ext Root Scanning (ms): Min: 0.0, Avg: 0.1, Max: 0.1, Diff: 0.1, Sum: 0.7]
      [Update RS (ms): Min: 9.3, Avg: 9.6, Max: 10.0, Diff: 0.7, Sum: 76.8]
         [Processed Buffers: Min: 9, Avg: 9.9, Max: 10, Diff: 1, Sum: 79]
      [Scan RS (ms): Min: 6.9, Avg: 7.3, Max: 7.7, Diff: 0.8, Sum: 58.6]
      [Code Root Scanning (ms): Min: 0.0, Avg: 0.0, Max: 0.0, Diff: 0.0, Sum: 0.0]
      [Object Copy (ms): Min: 72.0, Avg: 72.1, Max: 72.1, Diff: 0.1, Sum: 576.7]
      [Termination (ms): Min: 0.0, Avg: 0.0, Max: 0.0, Diff: 0.0, Sum: 0.1]
         [Termination Attempts: Min: 1, Avg: 56.4, Max: 80, Diff: 79, Sum: 451]
      [GC Worker Other (ms): Min: 0.0, Avg: 0.0, Max: 0.1, Diff: 0.0, Sum: 0.2]
      [GC Worker Total (ms): Min: 89.1, Avg: 89.1, Max: 89.2, Diff: 0.1, Sum: 713.1]
      [GC Worker End (ms): Min: 116537.8, Avg: 116537.9, Max: 116537.9, Diff: 0.0]
   [Code Root Fixup: 0.0 ms]
   [Code Root Purge: 0.0 ms]
   [Clear CT: 0.2 ms]
   [Other: 1.0 ms]
      [Choose CSet: 0.0 ms]
      [Ref Proc: 0.2 ms]
      [Ref Enq: 0.0 ms]
      [Redirty Cards: 0.4 ms]
      [Humongous Register: 0.0 ms]
      [Humongous Reclaim: 0.0 ms]
      [Free CSet: 0.2 ms]
   [Eden: 152.0M(152.0M)->0.0B(175.0M) Survivors: 19.0M->22.0M Heap: 1036.0M(2048.0M)->1037.0M(2048.0M)]
 [Times: user=0.73 sys=0.00, real=0.09 secs] 
2020-09-29T12:03:47.858+0200: 116.545: [GC pause (G1 Humongous Allocation) (young) (initial-mark), 0.0322880 secs]
   [Parallel Time: 31.2 ms, GC Workers: 8]
      [GC Worker Start (ms): Min: 116545.4, Avg: 116545.5, Max: 116545.6, Diff: 0.2]
      [Ext Root Scanning (ms): Min: 0.0, Avg: 0.4, Max: 0.9, Diff: 0.9, Sum: 3.0]
      [Update RS (ms): Min: 17.9, Avg: 18.5, Max: 19.3, Diff: 1.4, Sum: 148.4]
         [Processed Buffers: Min: 18, Avg: 20.0, Max: 22, Diff: 4, Sum: 160]
      [Scan RS (ms): Min: 0.8, Avg: 1.3, Max: 1.6, Diff: 0.7, Sum: 10.6]
      [Code Root Scanning (ms): Min: 0.0, Avg: 0.0, Max: 0.0, Diff: 0.0, Sum: 0.0]
      [Object Copy (ms): Min: 10.7, Avg: 10.8, Max: 10.8, Diff: 0.1, Sum: 86.3]
      [Termination (ms): Min: 0.0, Avg: 0.0, Max: 0.0, Diff: 0.0, Sum: 0.2]
         [Termination Attempts: Min: 1, Avg: 152.0, Max: 194, Diff: 193, Sum: 1216]
      [GC Worker Other (ms): Min: 0.0, Avg: 0.0, Max: 0.0, Diff: 0.0, Sum: 0.1]
      [GC Worker Total (ms): Min: 31.0, Avg: 31.1, Max: 31.1, Diff: 0.2, Sum: 248.6]
      [GC Worker End (ms): Min: 116576.6, Avg: 116576.6, Max: 116576.6, Diff: 0.0]
   [Code Root Fixup: 0.0 ms]
   [Code Root Purge: 0.0 ms]
   [Clear CT: 0.2 ms]
   [Other: 0.9 ms]
      [Choose CSet: 0.0 ms]
      [Ref Proc: 0.1 ms]
      [Ref Enq: 0.0 ms]
      [Redirty Cards: 0.3 ms]
      [Humongous Register: 0.1 ms]
      [Humongous Reclaim: 0.0 ms]
      [Free CSet: 0.1 ms]
   [Eden: 1024.0K(175.0M)->0.0B(223.0M) Survivors: 22.0M->3072.0K Heap: 1038.0M(2048.0M)->1042.0M(2048.0M)]
 [Times: user=0.25 sys=0.00, real=0.03 secs] 
2020-09-29T12:03:47.890+0200: 116.578: [GC concurrent-root-region-scan-start]
2020-09-29T12:03:47.891+0200: 116.578: [GC concurrent-root-region-scan-end, 0.0004159 secs]
2020-09-29T12:03:47.891+0200: 116.578: [GC concurrent-mark-start]
2020-09-29T12:03:47.895+0200: 116.582: [GC concurrent-mark-end, 0.0041175 secs]
2020-09-29T12:03:47.895+0200: 116.583: [GC remark 2020-09-29T12:03:47.895+0200: 116.583: [Finalize Marking, 0.0002561 secs] 2020-09-29T12:03:47.896+0200: 116.583: [GC ref-proc, 0.0003604 secs] 2020-09-29T12:03:47.896+0200: 116.583: [Unloading, 0.0005495 secs], 0.0015489 secs]
 [Times: user=0.02 sys=0.00, real=0.00 secs] 
2020-09-29T12:03:47.897+0200: 116.585: [GC cleanup 1052M->21M(2048M), 0.0015721 secs]
 [Times: user=0.00 sys=0.00, real=0.00 secs] 
2020-09-29T12:03:47.899+0200: 116.586: [GC concurrent-cleanup-start]
2020-09-29T12:03:47.901+0200: 116.588: [GC concurrent-cleanup-end, 0.0019152 secs]
2020-09-29T12:03:48.029+0200: 116.717: [GC pause (G1 Evacuation Pause) (young), 0.1106322 secs]
   [Parallel Time: 109.4 ms, GC Workers: 8]
      [GC Worker Start (ms): Min: 116716.7, Avg: 116716.9, Max: 116717.3, Diff: 0.7]
      [Ext Root Scanning (ms): Min: 0.0, Avg: 0.1, Max: 0.2, Diff: 0.2, Sum: 0.7]
      [Update RS (ms): Min: 10.4, Avg: 10.9, Max: 11.5, Diff: 1.0, Sum: 87.5]
         [Processed Buffers: Min: 10, Avg: 12.1, Max: 16, Diff: 6, Sum: 97]
      [Scan RS (ms): Min: 10.2, Avg: 10.6, Max: 10.7, Diff: 0.5, Sum: 84.6]
      [Code Root Scanning (ms): Min: 0.0, Avg: 0.0, Max: 0.0, Diff: 0.0, Sum: 0.0]
      [Object Copy (ms): Min: 87.4, Avg: 87.4, Max: 87.5, Diff: 0.1, Sum: 699.4]
      [Termination (ms): Min: 0.0, Avg: 0.1, Max: 0.1, Diff: 0.1, Sum: 0.4]
         [Termination Attempts: Min: 1, Avg: 124.8, Max: 168, Diff: 167, Sum: 998]
      [GC Worker Other (ms): Min: 0.0, Avg: 0.0, Max: 0.0, Diff: 0.0, Sum: 0.1]
      [GC Worker Total (ms): Min: 108.6, Avg: 109.1, Max: 109.3, Diff: 0.6, Sum: 872.6]
      [GC Worker End (ms): Min: 116826.0, Avg: 116826.0, Max: 116826.0, Diff: 0.0]
   [Code Root Fixup: 0.0 ms]
   [Code Root Purge: 0.0 ms]
   [Clear CT: 0.2 ms]
   [Other: 1.1 ms]
      [Choose CSet: 0.0 ms]
      [Ref Proc: 0.3 ms]
      [Ref Enq: 0.0 ms]
      [Redirty Cards: 0.2 ms]
      [Humongous Register: 0.0 ms]
      [Humongous Reclaim: 0.0 ms]
      [Free CSet: 0.2 ms]
   [Eden: 223.0M(223.0M)->0.0B(219.0M) Survivors: 3072.0K->29.0M Heap: 272.1M(2048.0M)->271.6M(2048.0M)]
 [Times: user=0.84 sys=0.00, real=0.11 secs] 
2020-09-29T12:03:48.283+0200: 116.970: [GC pause (G1 Evacuation Pause) (young), 0.1679965 secs]
   [Parallel Time: 166.8 ms, GC Workers: 8]
      [GC Worker Start (ms): Min: 116970.2, Avg: 116974.2, Max: 117001.7, Diff: 31.5]
      [Ext Root Scanning (ms): Min: 0.0, Avg: 0.1, Max: 0.2, Diff: 0.2, Sum: 0.7]
      [Update RS (ms): Min: 0.0, Avg: 14.4, Max: 16.9, Diff: 16.9, Sum: 115.3]
         [Processed Buffers: Min: 0, Avg: 14.1, Max: 18, Diff: 18, Sum: 113]
      [Scan RS (ms): Min: 0.0, Avg: 13.0, Max: 15.1, Diff: 15.1, Sum: 104.2]
      [Code Root Scanning (ms): Min: 0.0, Avg: 0.0, Max: 0.0, Diff: 0.0, Sum: 0.0]
      [Object Copy (ms): Min: 135.1, Avg: 135.2, Max: 135.2, Diff: 0.1, Sum: 1081.3]
      [Termination (ms): Min: 0.0, Avg: 0.0, Max: 0.0, Diff: 0.0, Sum: 0.1]
         [Termination Attempts: Min: 1, Avg: 79.0, Max: 110, Diff: 109, Sum: 632]
      [GC Worker Other (ms): Min: 0.0, Avg: 0.0, Max: 0.1, Diff: 0.0, Sum: 0.3]
      [GC Worker Total (ms): Min: 135.2, Avg: 162.7, Max: 166.7, Diff: 31.5, Sum: 1301.9]
      [GC Worker End (ms): Min: 117136.9, Avg: 117136.9, Max: 117137.0, Diff: 0.0]
   [Code Root Fixup: 0.0 ms]
   [Code Root Purge: 0.0 ms]
   [Clear CT: 0.2 ms]
   [Other: 1.0 ms]
      [Choose CSet: 0.0 ms]
      [Ref Proc: 0.2 ms]
      [Ref Enq: 0.0 ms]
      [Redirty Cards: 0.2 ms]
      [Humongous Register: 0.1 ms]
      [Humongous Reclaim: 0.0 ms]
      [Free CSet: 0.3 ms]
   [Eden: 219.0M(219.0M)->0.0B(214.0M) Survivors: 29.0M->31.0M Heap: 526.9M(2048.0M)->529.4M(2048.0M)]
 [Times: user=1.30 sys=0.00, real=0.17 secs] 
2020-09-29T12:03:48.583+0200: 117.270: [GC pause (G1 Evacuation Pause) (young), 0.1542454 secs]
   [Parallel Time: 153.2 ms, GC Workers: 8]
      [GC Worker Start (ms): Min: 117270.3, Avg: 117270.4, Max: 117270.5, Diff: 0.2]
      [Ext Root Scanning (ms): Min: 0.0, Avg: 0.1, Max: 0.2, Diff: 0.2, Sum: 0.6]
      [Update RS (ms): Min: 13.0, Avg: 13.9, Max: 19.2, Diff: 6.1, Sum: 111.5]
         [Processed Buffers: Min: 0, Avg: 14.0, Max: 17, Diff: 17, Sum: 112]
      [Scan RS (ms): Min: 7.0, Avg: 12.8, Max: 17.1, Diff: 10.1, Sum: 102.6]
      [Code Root Scanning (ms): Min: 0.0, Avg: 0.0, Max: 0.0, Diff: 0.0, Sum: 0.0]
      [Object Copy (ms): Min: 122.7, Avg: 126.1, Max: 126.7, Diff: 4.0, Sum: 1008.7]
      [Termination (ms): Min: 0.0, Avg: 0.0, Max: 0.0, Diff: 0.0, Sum: 0.1]
         [Termination Attempts: Min: 1, Avg: 93.3, Max: 144, Diff: 143, Sum: 746]
      [GC Worker Other (ms): Min: 0.0, Avg: 0.0, Max: 0.1, Diff: 0.0, Sum: 0.2]
      [GC Worker Total (ms): Min: 152.9, Avg: 153.0, Max: 153.1, Diff: 0.1, Sum: 1223.8]
      [GC Worker End (ms): Min: 117423.3, Avg: 117423.3, Max: 117423.4, Diff: 0.0]
   [Code Root Fixup: 0.0 ms]
   [Code Root Purge: 0.0 ms]
   [Clear CT: 0.1 ms]
   [Other: 0.9 ms]
      [Choose CSet: 0.0 ms]
      [Ref Proc: 0.2 ms]
      [Ref Enq: 0.0 ms]
      [Redirty Cards: 0.2 ms]
      [Humongous Register: 0.0 ms]
      [Humongous Reclaim: 0.0 ms]
      [Free CSet: 0.3 ms]
   [Eden: 214.0M(214.0M)->0.0B(221.0M) Survivors: 31.0M->31.0M Heap: 779.6M(2048.0M)->781.1M(2048.0M)]
 [Times: user=1.02 sys=0.00, real=0.15 secs] 
2020-09-29T12:03:48.869+0200: 117.557: [GC pause (G1 Evacuation Pause) (young), 0.1365730 secs]
   [Parallel Time: 135.5 ms, GC Workers: 8]
      [GC Worker Start (ms): Min: 117556.9, Avg: 117557.0, Max: 117557.1, Diff: 0.2]
      [Ext Root Scanning (ms): Min: 0.0, Avg: 0.1, Max: 0.1, Diff: 0.1, Sum: 0.6]
      [Update RS (ms): Min: 12.1, Avg: 12.2, Max: 12.5, Diff: 0.4, Sum: 97.8]
         [Processed Buffers: Min: 11, Avg: 13.5, Max: 16, Diff: 5, Sum: 108]
      [Scan RS (ms): Min: 13.0, Avg: 13.4, Max: 13.6, Diff: 0.6, Sum: 107.1]
      [Code Root Scanning (ms): Min: 0.0, Avg: 0.0, Max: 0.0, Diff: 0.0, Sum: 0.0]
      [Object Copy (ms): Min: 109.5, Avg: 109.5, Max: 109.6, Diff: 0.1, Sum: 876.2]
      [Termination (ms): Min: 0.0, Avg: 0.1, Max: 0.1, Diff: 0.1, Sum: 0.6]
         [Termination Attempts: Min: 1, Avg: 276.5, Max: 333, Diff: 332, Sum: 2212]
      [GC Worker Other (ms): Min: 0.0, Avg: 0.0, Max: 0.0, Diff: 0.0, Sum: 0.1]
      [GC Worker Total (ms): Min: 135.2, Avg: 135.3, Max: 135.4, Diff: 0.2, Sum: 1082.4]
      [GC Worker End (ms): Min: 117692.3, Avg: 117692.3, Max: 117692.3, Diff: 0.0]
   [Code Root Fixup: 0.0 ms]
   [Code Root Purge: 0.0 ms]
   [Clear CT: 0.2 ms]
   [Other: 0.9 ms]
      [Choose CSet: 0.0 ms]
      [Ref Proc: 0.2 ms]
      [Ref Enq: 0.0 ms]
      [Redirty Cards: 0.2 ms]
      [Humongous Register: 0.1 ms]
      [Humongous Reclaim: 0.0 ms]
      [Free CSet: 0.2 ms]
   [Eden: 221.0M(221.0M)->0.0B(238.0M) Survivors: 31.0M->32.0M Heap: 1038.4M(2048.0M)->1040.4M(2048.0M)]
 [Times: user=1.08 sys=0.00, real=0.14 secs] 
2020-09-29T12:03:49.014+0200: 117.701: [GC pause (G1 Humongous Allocation) (young) (initial-mark), 0.0514929 secs]
   [Parallel Time: 49.3 ms, GC Workers: 8]
      [GC Worker Start (ms): Min: 117701.5, Avg: 117701.6, Max: 117701.6, Diff: 0.1]
      [Ext Root Scanning (ms): Min: 0.1, Avg: 0.1, Max: 0.1, Diff: 0.1, Sum: 0.7]
      [Update RS (ms): Min: 27.9, Avg: 28.3, Max: 28.5, Diff: 0.6, Sum: 226.0]
         [Processed Buffers: Min: 28, Avg: 31.5, Max: 33, Diff: 5, Sum: 252]
      [Scan RS (ms): Min: 1.9, Avg: 2.2, Max: 2.6, Diff: 0.7, Sum: 17.8]
      [Code Root Scanning (ms): Min: 0.0, Avg: 0.0, Max: 0.0, Diff: 0.0, Sum: 0.0]
      [Object Copy (ms): Min: 18.5, Avg: 18.6, Max: 18.6, Diff: 0.1, Sum: 148.5]
      [Termination (ms): Min: 0.0, Avg: 0.0, Max: 0.0, Diff: 0.0, Sum: 0.1]
         [Termination Attempts: Min: 1, Avg: 124.3, Max: 176, Diff: 175, Sum: 994]
      [GC Worker Other (ms): Min: 0.0, Avg: 0.0, Max: 0.0, Diff: 0.0, Sum: 0.1]
      [GC Worker Total (ms): Min: 49.1, Avg: 49.2, Max: 49.2, Diff: 0.1, Sum: 393.3]
      [GC Worker End (ms): Min: 117750.7, Avg: 117750.8, Max: 117750.8, Diff: 0.0]
   [Code Root Fixup: 0.0 ms]
   [Code Root Purge: 0.0 ms]
   [Clear CT: 0.2 ms]
   [Other: 2.0 ms]
      [Choose CSet: 0.0 ms]
      [Ref Proc: 0.2 ms]
      [Ref Enq: 0.0 ms]
      [Redirty Cards: 1.4 ms]
      [Humongous Register: 0.1 ms]
      [Humongous Reclaim: 0.0 ms]
      [Free CSet: 0.1 ms]
   [Eden: 5120.0K(238.0M)->0.0B(269.0M) Survivors: 32.0M->6144.0K Heap: 1044.9M(2048.0M)->1048.4M(2048.0M)]
 [Times: user=0.38 sys=0.00, real=0.05 secs] 
2020-09-29T12:03:49.066+0200: 117.753: [GC concurrent-root-region-scan-start]
2020-09-29T12:03:49.067+0200: 117.754: [GC concurrent-root-region-scan-end, 0.0012828 secs]
2020-09-29T12:03:49.067+0200: 117.754: [GC concurrent-mark-start]
2020-09-29T12:03:49.070+0200: 117.758: [GC concurrent-mark-end, 0.0035432 secs]
2020-09-29T12:03:49.071+0200: 117.758: [GC remark 2020-09-29T12:03:49.071+0200: 117.758: [Finalize Marking, 0.0002497 secs] 2020-09-29T12:03:49.071+0200: 117.758: [GC ref-proc, 0.0004068 secs] 2020-09-29T12:03:49.071+0200: 117.759: [Unloading, 0.0006759 secs], 0.0018441 secs]
 [Times: user=0.00 sys=0.00, real=0.00 secs] 
2020-09-29T12:03:49.073+0200: 117.761: [GC cleanup 1058M->23M(2048M), 0.0015356 secs]
 [Times: user=0.00 sys=0.00, real=0.00 secs] 
2020-09-29T12:03:49.075+0200: 117.762: [GC concurrent-cleanup-start]
2020-09-29T12:03:49.077+0200: 117.764: [GC concurrent-cleanup-end, 0.0020624 secs]
2020-09-29T12:03:49.226+0200: 117.914: [GC pause (G1 Evacuation Pause) (young), 0.1436507 secs]
   [Parallel Time: 142.4 ms, GC Workers: 8]
      [GC Worker Start (ms): Min: 117913.8, Avg: 117913.9, Max: 117914.1, Diff: 0.3]
      [Ext Root Scanning (ms): Min: 0.0, Avg: 0.1, Max: 0.1, Diff: 0.1, Sum: 0.7]
      [Update RS (ms): Min: 15.0, Avg: 15.1, Max: 15.3, Diff: 0.3, Sum: 120.9]
         [Processed Buffers: Min: 8, Avg: 14.0, Max: 18, Diff: 10, Sum: 112]
      [Scan RS (ms): Min: 12.3, Avg: 12.5, Max: 12.6, Diff: 0.2, Sum: 99.7]
      [Code Root Scanning (ms): Min: 0.0, Avg: 0.0, Max: 0.0, Diff: 0.0, Sum: 0.0]
      [Object Copy (ms): Min: 114.4, Avg: 114.5, Max: 114.5, Diff: 0.1, Sum: 916.0]
      [Termination (ms): Min: 0.0, Avg: 0.0, Max: 0.0, Diff: 0.0, Sum: 0.0]
         [Termination Attempts: Min: 1, Avg: 18.0, Max: 25, Diff: 24, Sum: 144]
      [GC Worker Other (ms): Min: 0.0, Avg: 0.0, Max: 0.1, Diff: 0.1, Sum: 0.3]
      [GC Worker Total (ms): Min: 142.0, Avg: 142.2, Max: 142.3, Diff: 0.3, Sum: 1137.6]
      [GC Worker End (ms): Min: 118056.1, Avg: 118056.1, Max: 118056.1, Diff: 0.1]
   [Code Root Fixup: 0.0 ms]
   [Code Root Purge: 0.0 ms]
   [Clear CT: 0.2 ms]
   [Other: 1.1 ms]
      [Choose CSet: 0.0 ms]
      [Ref Proc: 0.2 ms]
      [Ref Enq: 0.0 ms]
      [Redirty Cards: 0.3 ms]
      [Humongous Register: 0.1 ms]
      [Humongous Reclaim: 0.0 ms]
      [Free CSet: 0.3 ms]
   [Eden: 269.0M(269.0M)->0.0B(258.0M) Survivors: 6144.0K->35.0M Heap: 328.8M(2048.0M)->325.3M(2048.0M)]
 [Times: user=1.09 sys=0.00, real=0.14 secs] 
2020-09-29T12:03:49.526+0200: 118.214: [GC pause (G1 Evacuation Pause) (young), 0.1522435 secs]
   [Parallel Time: 151.2 ms, GC Workers: 8]
      [GC Worker Start (ms): Min: 118214.4, Avg: 118214.4, Max: 118214.5, Diff: 0.1]
      [Ext Root Scanning (ms): Min: 0.0, Avg: 0.1, Max: 0.1, Diff: 0.1, Sum: 0.6]
      [Update RS (ms): Min: 12.0, Avg: 12.1, Max: 12.6, Diff: 0.7, Sum: 97.1]
         [Processed Buffers: Min: 13, Avg: 15.1, Max: 18, Diff: 5, Sum: 121]
      [Scan RS (ms): Min: 14.2, Avg: 14.7, Max: 14.9, Diff: 0.7, Sum: 117.3]
      [Code Root Scanning (ms): Min: 0.0, Avg: 0.0, Max: 0.0, Diff: 0.0, Sum: 0.0]
      [Object Copy (ms): Min: 123.8, Avg: 123.9, Max: 124.1, Diff: 0.2, Sum: 991.2]
      [Termination (ms): Min: 0.0, Avg: 0.2, Max: 0.3, Diff: 0.3, Sum: 1.6]
         [Termination Attempts: Min: 1, Avg: 1531.6, Max: 1954, Diff: 1953, Sum: 12253]
      [GC Worker Other (ms): Min: 0.0, Avg: 0.0, Max: 0.1, Diff: 0.0, Sum: 0.3]
      [GC Worker Total (ms): Min: 151.0, Avg: 151.0, Max: 151.1, Diff: 0.1, Sum: 1208.2]
      [GC Worker End (ms): Min: 118365.4, Avg: 118365.5, Max: 118365.5, Diff: 0.0]
   [Code Root Fixup: 0.0 ms]
   [Code Root Purge: 0.0 ms]
   [Clear CT: 0.1 ms]
   [Other: 0.9 ms]
      [Choose CSet: 0.0 ms]
      [Ref Proc: 0.2 ms]
      [Ref Enq: 0.0 ms]
      [Redirty Cards: 0.2 ms]
      [Humongous Register: 0.0 ms]
      [Humongous Reclaim: 0.0 ms]
      [Free CSet: 0.2 ms]
   [Eden: 258.0M(258.0M)->0.0B(267.0M) Survivors: 35.0M->37.0M Heap: 627.1M(2048.0M)->629.1M(2048.0M)]
 [Times: user=1.13 sys=0.00, real=0.15 secs] 
2020-09-29T12:03:49.829+0200: 118.517: [GC pause (G1 Evacuation Pause) (young), 0.1716596 secs]
   [Parallel Time: 170.6 ms, GC Workers: 8]
      [GC Worker Start (ms): Min: 118516.7, Avg: 118516.9, Max: 118517.7, Diff: 0.9]
      [Ext Root Scanning (ms): Min: 0.0, Avg: 0.1, Max: 0.2, Diff: 0.2, Sum: 0.6]
      [Update RS (ms): Min: 13.4, Avg: 14.2, Max: 14.6, Diff: 1.2, Sum: 113.9]
         [Processed Buffers: Min: 14, Avg: 16.6, Max: 19, Diff: 5, Sum: 133]
      [Scan RS (ms): Min: 14.8, Avg: 15.2, Max: 15.6, Diff: 0.8, Sum: 121.2]
      [Code Root Scanning (ms): Min: 0.0, Avg: 0.0, Max: 0.0, Diff: 0.0, Sum: 0.0]
      [Object Copy (ms): Min: 140.2, Avg: 140.5, Max: 140.8, Diff: 0.6, Sum: 1124.1]
      [Termination (ms): Min: 0.0, Avg: 0.2, Max: 0.3, Diff: 0.3, Sum: 1.6]
         [Termination Attempts: Min: 1, Avg: 1222.3, Max: 1546, Diff: 1545, Sum: 9778]
      [GC Worker Other (ms): Min: 0.0, Avg: 0.0, Max: 0.0, Diff: 0.0, Sum: 0.2]
      [GC Worker Total (ms): Min: 169.5, Avg: 170.2, Max: 170.4, Diff: 1.0, Sum: 1361.7]
      [GC Worker End (ms): Min: 118687.1, Avg: 118687.1, Max: 118687.2, Diff: 0.0]
   [Code Root Fixup: 0.0 ms]
   [Code Root Purge: 0.0 ms]
   [Clear CT: 0.2 ms]
   [Other: 0.9 ms]
      [Choose CSet: 0.0 ms]
      [Ref Proc: 0.2 ms]
      [Ref Enq: 0.0 ms]
      [Redirty Cards: 0.2 ms]
      [Humongous Register: 0.0 ms]
      [Humongous Reclaim: 0.0 ms]
      [Free CSet: 0.3 ms]
   [Eden: 267.0M(267.0M)->0.0B(267.0M) Survivors: 37.0M->38.0M Heap: 940.0M(2048.0M)->941.5M(2048.0M)]
 [Times: user=1.28 sys=0.02, real=0.17 secs] 
2020-09-29T12:03:50.055+0200: 118.743: [GC pause (G1 Humongous Allocation) (young) (initial-mark), 0.0731047 secs]
   [Parallel Time: 72.3 ms, GC Workers: 8]
      [GC Worker Start (ms): Min: 118743.3, Avg: 118743.3, Max: 118743.5, Diff: 0.2]
      [Ext Root Scanning (ms): Min: 0.0, Avg: 0.1, Max: 0.2, Diff: 0.2, Sum: 1.2]
      [Update RS (ms): Min: 19.1, Avg: 19.5, Max: 19.8, Diff: 0.6, Sum: 156.0]
         [Processed Buffers: Min: 17, Avg: 18.9, Max: 21, Diff: 4, Sum: 151]
      [Scan RS (ms): Min: 2.4, Avg: 2.7, Max: 3.1, Diff: 0.6, Sum: 21.4]
      [Code Root Scanning (ms): Min: 0.0, Avg: 0.0, Max: 0.0, Diff: 0.0, Sum: 0.0]
      [Object Copy (ms): Min: 49.6, Avg: 49.6, Max: 49.7, Diff: 0.1, Sum: 397.1]
      [Termination (ms): Min: 0.0, Avg: 0.1, Max: 0.1, Diff: 0.1, Sum: 0.8]
         [Termination Attempts: Min: 1, Avg: 656.5, Max: 890, Diff: 889, Sum: 5252]
      [GC Worker Other (ms): Min: 0.0, Avg: 0.0, Max: 0.1, Diff: 0.0, Sum: 0.2]
      [GC Worker Total (ms): Min: 72.0, Avg: 72.1, Max: 72.2, Diff: 0.2, Sum: 576.7]
      [GC Worker End (ms): Min: 118815.4, Avg: 118815.4, Max: 118815.5, Diff: 0.0]
   [Code Root Fixup: 0.0 ms]
   [Code Root Purge: 0.0 ms]
   [Clear CT: 0.1 ms]
   [Other: 0.7 ms]
      [Choose CSet: 0.0 ms]
      [Ref Proc: 0.1 ms]
      [Ref Enq: 0.0 ms]
      [Redirty Cards: 0.2 ms]
      [Humongous Register: 0.0 ms]
      [Humongous Reclaim: 0.0 ms]
      [Free CSet: 0.1 ms]
   [Eden: 65.0M(267.0M)->0.0B(275.0M) Survivors: 38.0M->39.0M Heap: 1015.6M(2048.0M)->1017.1M(2048.0M)]
 [Times: user=0.50 sys=0.00, real=0.07 secs] 
2020-09-29T12:03:50.128+0200: 118.816: [GC concurrent-root-region-scan-start]
2020-09-29T12:03:50.142+0200: 118.830: [GC concurrent-root-region-scan-end, 0.0132481 secs]
2020-09-29T12:03:50.142+0200: 118.830: [GC concurrent-mark-start]
2020-09-29T12:03:50.145+0200: 118.833: [GC concurrent-mark-end, 0.0034504 secs]
2020-09-29T12:03:50.145+0200: 118.833: [GC remark 2020-09-29T12:03:50.145+0200: 118.833: [Finalize Marking, 0.0001391 secs] 2020-09-29T12:03:50.146+0200: 118.833: [GC ref-proc, 0.0003029 secs] 2020-09-29T12:03:50.146+0200: 118.834: [Unloading, 0.0004172 secs], 0.0012217 secs]
 [Times: user=0.00 sys=0.00, real=0.00 secs] 
2020-09-29T12:03:50.147+0200: 118.835: [GC cleanup 1049M->79M(2048M), 0.0012778 secs]
 [Times: user=0.00 sys=0.00, real=0.00 secs] 
2020-09-29T12:03:50.148+0200: 118.836: [GC concurrent-cleanup-start]
2020-09-29T12:03:50.150+0200: 118.838: [GC concurrent-cleanup-end, 0.0016475 secs]
2020-09-29T12:03:50.299+0200: 118.987: [GC pause (G1 Evacuation Pause) (young), 0.1607273 secs]
   [Parallel Time: 159.6 ms, GC Workers: 8]
      [GC Worker Start (ms): Min: 118987.4, Avg: 118987.4, Max: 118987.5, Diff: 0.2]
      [Ext Root Scanning (ms): Min: 0.0, Avg: 0.1, Max: 0.2, Diff: 0.2, Sum: 0.6]
      [Update RS (ms): Min: 20.3, Avg: 20.5, Max: 20.9, Diff: 0.6, Sum: 163.6]
         [Processed Buffers: Min: 18, Avg: 20.5, Max: 23, Diff: 5, Sum: 164]
      [Scan RS (ms): Min: 10.6, Avg: 11.1, Max: 11.2, Diff: 0.6, Sum: 88.6]
      [Code Root Scanning (ms): Min: 0.0, Avg: 0.0, Max: 0.0, Diff: 0.0, Sum: 0.0]
      [Object Copy (ms): Min: 127.7, Avg: 127.7, Max: 127.8, Diff: 0.1, Sum: 1021.8]
      [Termination (ms): Min: 0.1, Avg: 0.1, Max: 0.1, Diff: 0.1, Sum: 0.9]
         [Termination Attempts: Min: 1, Avg: 470.5, Max: 611, Diff: 610, Sum: 3764]
      [GC Worker Other (ms): Min: 0.0, Avg: 0.0, Max: 0.0, Diff: 0.0, Sum: 0.1]
      [GC Worker Total (ms): Min: 159.4, Avg: 159.5, Max: 159.6, Diff: 0.2, Sum: 1275.6]
      [GC Worker End (ms): Min: 119146.9, Avg: 119146.9, Max: 119146.9, Diff: 0.0]
   [Code Root Fixup: 0.0 ms]
   [Code Root Purge: 0.0 ms]
   [Clear CT: 0.2 ms]
   [Other: 0.9 ms]
      [Choose CSet: 0.0 ms]
      [Ref Proc: 0.2 ms]
      [Ref Enq: 0.0 ms]
      [Redirty Cards: 0.2 ms]
      [Humongous Register: 0.0 ms]
      [Humongous Reclaim: 0.0 ms]
      [Free CSet: 0.3 ms]
   [Eden: 275.0M(275.0M)->0.0B(281.0M) Survivors: 39.0M->40.0M Heap: 369.7M(2048.0M)->332.2M(2048.0M)]
 [Times: user=1.30 sys=0.00, real=0.16 secs] 
2020-09-29T12:03:50.629+0200: 119.316: [GC pause (G1 Evacuation Pause) (young), 0.2016927 secs]
   [Parallel Time: 199.5 ms, GC Workers: 8]
      [GC Worker Start (ms): Min: 119316.6, Avg: 119319.1, Max: 119334.5, Diff: 17.9]
      [Ext Root Scanning (ms): Min: 0.0, Avg: 0.1, Max: 0.2, Diff: 0.2, Sum: 0.5]
      [Update RS (ms): Min: 3.6, Avg: 20.5, Max: 33.0, Diff: 29.4, Sum: 164.0]
         [Processed Buffers: Min: 7, Avg: 17.5, Max: 21, Diff: 14, Sum: 140]
      [Scan RS (ms): Min: 9.0, Avg: 19.0, Max: 20.8, Diff: 11.8, Sum: 152.3]
      [Code Root Scanning (ms): Min: 0.0, Avg: 0.0, Max: 0.0, Diff: 0.0, Sum: 0.0]
      [Object Copy (ms): Min: 156.7, Avg: 156.9, Max: 157.1, Diff: 0.3, Sum: 1255.4]
      [Termination (ms): Min: 0.0, Avg: 0.1, Max: 0.2, Diff: 0.1, Sum: 1.1]
         [Termination Attempts: Min: 1, Avg: 686.4, Max: 846, Diff: 845, Sum: 5491]
      [GC Worker Other (ms): Min: 0.1, Avg: 0.1, Max: 0.1, Diff: 0.1, Sum: 0.7]
      [GC Worker Total (ms): Min: 181.4, Avg: 196.8, Max: 199.4, Diff: 18.0, Sum: 1574.1]
      [GC Worker End (ms): Min: 119515.8, Avg: 119515.9, Max: 119515.9, Diff: 0.1]
   [Code Root Fixup: 0.0 ms]
   [Code Root Purge: 0.0 ms]
   [Clear CT: 0.9 ms]
   [Other: 1.3 ms]
      [Choose CSet: 0.0 ms]
      [Ref Proc: 0.4 ms]
      [Ref Enq: 0.0 ms]
      [Redirty Cards: 0.3 ms]
      [Humongous Register: 0.1 ms]
      [Humongous Reclaim: 0.0 ms]
      [Free CSet: 0.3 ms]
   [Eden: 281.0M(281.0M)->0.0B(257.0M) Survivors: 40.0M->41.0M Heap: 659.0M(2048.0M)->660.5M(2048.0M)]
 [Times: user=1.44 sys=0.02, real=0.20 secs] 
2020-09-29T12:03:51.005+0200: 119.693: [GC pause (G1 Evacuation Pause) (young), 0.1617925 secs]
   [Parallel Time: 160.6 ms, GC Workers: 8]
      [GC Worker Start (ms): Min: 119693.5, Avg: 119693.6, Max: 119693.6, Diff: 0.1]
      [Ext Root Scanning (ms): Min: 0.0, Avg: 0.1, Max: 0.1, Diff: 0.1, Sum: 0.6]
      [Update RS (ms): Min: 16.6, Avg: 16.8, Max: 17.4, Diff: 0.8, Sum: 134.5]
         [Processed Buffers: Min: 15, Avg: 16.9, Max: 19, Diff: 4, Sum: 135]
      [Scan RS (ms): Min: 17.3, Avg: 18.3, Max: 19.3, Diff: 2.0, Sum: 146.3]
      [Code Root Scanning (ms): Min: 0.0, Avg: 0.0, Max: 0.0, Diff: 0.0, Sum: 0.0]
      [Object Copy (ms): Min: 123.8, Avg: 125.1, Max: 125.7, Diff: 1.9, Sum: 1000.9]
      [Termination (ms): Min: 0.0, Avg: 0.0, Max: 0.0, Diff: 0.0, Sum: 0.1]
         [Termination Attempts: Min: 1, Avg: 100.4, Max: 129, Diff: 128, Sum: 803]
      [GC Worker Other (ms): Min: 0.0, Avg: 0.1, Max: 0.7, Diff: 0.7, Sum: 1.1]
      [GC Worker Total (ms): Min: 160.4, Avg: 160.4, Max: 160.5, Diff: 0.1, Sum: 1283.6]
      [GC Worker End (ms): Min: 119854.0, Avg: 119854.0, Max: 119854.0, Diff: 0.1]
   [Code Root Fixup: 0.0 ms]
   [Code Root Purge: 0.0 ms]
   [Clear CT: 0.2 ms]
   [Other: 1.0 ms]
      [Choose CSet: 0.0 ms]
      [Ref Proc: 0.2 ms]
      [Ref Enq: 0.0 ms]
      [Redirty Cards: 0.3 ms]
      [Humongous Register: 0.0 ms]
      [Humongous Reclaim: 0.0 ms]
      [Free CSet: 0.3 ms]
   [Eden: 257.0M(257.0M)->0.0B(264.0M) Survivors: 41.0M->38.0M Heap: 961.3M(2048.0M)->963.3M(2048.0M)]
 [Times: user=1.22 sys=0.00, real=0.16 secs] 
2020-09-29T12:03:51.181+0200: 119.869: [GC pause (G1 Humongous Allocation) (young) (initial-mark), 0.0554601 secs]
   [Parallel Time: 54.5 ms, GC Workers: 8]
      [GC Worker Start (ms): Min: 119868.9, Avg: 119869.0, Max: 119869.1, Diff: 0.2]
      [Ext Root Scanning (ms): Min: 0.0, Avg: 0.1, Max: 0.2, Diff: 0.2, Sum: 1.0]
      [Update RS (ms): Min: 28.5, Avg: 28.7, Max: 29.0, Diff: 0.5, Sum: 229.5]
         [Processed Buffers: Min: 30, Avg: 31.9, Max: 33, Diff: 3, Sum: 255]
      [Scan RS (ms): Min: 2.3, Avg: 2.6, Max: 2.9, Diff: 0.5, Sum: 20.9]
      [Code Root Scanning (ms): Min: 0.0, Avg: 0.0, Max: 0.0, Diff: 0.0, Sum: 0.0]
      [Object Copy (ms): Min: 22.7, Avg: 22.8, Max: 22.8, Diff: 0.1, Sum: 182.1]
      [Termination (ms): Min: 0.0, Avg: 0.0, Max: 0.1, Diff: 0.1, Sum: 0.4]
         [Termination Attempts: Min: 1, Avg: 317.5, Max: 401, Diff: 400, Sum: 2540]
      [GC Worker Other (ms): Min: 0.0, Avg: 0.0, Max: 0.0, Diff: 0.0, Sum: 0.2]
      [GC Worker Total (ms): Min: 54.2, Avg: 54.3, Max: 54.3, Diff: 0.2, Sum: 434.1]
      [GC Worker End (ms): Min: 119923.3, Avg: 119923.3, Max: 119923.3, Diff: 0.0]
   [Code Root Fixup: 0.0 ms]
   [Code Root Purge: 0.0 ms]
   [Clear CT: 0.1 ms]
   [Other: 0.9 ms]
      [Choose CSet: 0.0 ms]
      [Ref Proc: 0.2 ms]
      [Ref Enq: 0.0 ms]
      [Redirty Cards: 0.2 ms]
      [Humongous Register: 0.1 ms]
      [Humongous Reclaim: 0.0 ms]
      [Free CSet: 0.1 ms]
   [Eden: 12.0M(264.0M)->0.0B(298.0M) Survivors: 38.0M->13.0M Heap: 974.8M(2048.0M)->978.8M(2048.0M)]
 [Times: user=0.38 sys=0.00, real=0.06 secs] 
2020-09-29T12:03:51.236+0200: 119.924: [GC concurrent-root-region-scan-start]
2020-09-29T12:03:51.241+0200: 119.928: [GC concurrent-root-region-scan-end, 0.0041006 secs]
2020-09-29T12:03:51.241+0200: 119.928: [GC concurrent-mark-start]
2020-09-29T12:03:51.244+0200: 119.932: [GC concurrent-mark-end, 0.0037053 secs]
2020-09-29T12:03:51.245+0200: 119.932: [GC remark 2020-09-29T12:03:51.245+0200: 119.932: [Finalize Marking, 0.0001481 secs] 2020-09-29T12:03:51.245+0200: 119.933: [GC ref-proc, 0.0004081 secs] 2020-09-29T12:03:51.245+0200: 119.933: [Unloading, 0.0004414 secs], 0.0012920 secs]
 [Times: user=0.00 sys=0.00, real=0.00 secs] 
2020-09-29T12:03:51.246+0200: 119.934: [GC cleanup 996M->38M(2048M), 0.0011541 secs]
 [Times: user=0.00 sys=0.00, real=0.00 secs] 
2020-09-29T12:03:51.247+0200: 119.935: [GC concurrent-cleanup-start]
2020-09-29T12:03:51.248+0200: 119.936: [GC concurrent-cleanup-end, 0.0010506 secs]
2020-09-29T12:03:51.393+0200: 120.081: [GC pause (G1 Evacuation Pause) (young), 0.1661315 secs]
   [Parallel Time: 164.9 ms, GC Workers: 8]
      [GC Worker Start (ms): Min: 120080.8, Avg: 120080.9, Max: 120081.0, Diff: 0.2]
      [Ext Root Scanning (ms): Min: 0.0, Avg: 0.0, Max: 0.2, Diff: 0.2, Sum: 0.4]
      [Update RS (ms): Min: 12.5, Avg: 12.6, Max: 12.9, Diff: 0.4, Sum: 101.0]
         [Processed Buffers: Min: 13, Avg: 15.6, Max: 18, Diff: 5, Sum: 125]
      [Scan RS (ms): Min: 16.4, Avg: 16.5, Max: 16.7, Diff: 0.3, Sum: 132.3]
      [Code Root Scanning (ms): Min: 0.0, Avg: 0.0, Max: 0.0, Diff: 0.0, Sum: 0.0]
      [Object Copy (ms): Min: 135.3, Avg: 135.4, Max: 135.4, Diff: 0.2, Sum: 1083.1]
      [Termination (ms): Min: 0.0, Avg: 0.0, Max: 0.0, Diff: 0.0, Sum: 0.0]
         [Termination Attempts: Min: 1, Avg: 21.0, Max: 35, Diff: 34, Sum: 168]
      [GC Worker Other (ms): Min: 0.0, Avg: 0.0, Max: 0.1, Diff: 0.0, Sum: 0.2]
      [GC Worker Total (ms): Min: 164.6, Avg: 164.6, Max: 164.8, Diff: 0.2, Sum: 1317.2]
      [GC Worker End (ms): Min: 120245.5, Avg: 120245.6, Max: 120245.6, Diff: 0.0]
   [Code Root Fixup: 0.0 ms]
   [Code Root Purge: 0.0 ms]
   [Clear CT: 0.2 ms]
   [Other: 1.1 ms]
      [Choose CSet: 0.0 ms]
      [Ref Proc: 0.2 ms]
      [Ref Enq: 0.0 ms]
      [Redirty Cards: 0.3 ms]
      [Humongous Register: 0.0 ms]
      [Humongous Reclaim: 0.0 ms]
      [Free CSet: 0.3 ms]
   [Eden: 298.0M(298.0M)->0.0B(280.0M) Survivors: 13.0M->39.0M Heap: 370.5M(2048.0M)->359.5M(2048.0M)]
 [Times: user=1.33 sys=0.02, real=0.17 secs] 
2020-09-29T12:03:51.733+0200: 120.421: [GC pause (G1 Evacuation Pause) (young), 0.1667403 secs]
   [Parallel Time: 165.5 ms, GC Workers: 8]
      [GC Worker Start (ms): Min: 120421.4, Avg: 120421.5, Max: 120421.5, Diff: 0.2]
      [Ext Root Scanning (ms): Min: 0.0, Avg: 0.1, Max: 0.2, Diff: 0.2, Sum: 0.5]
      [Update RS (ms): Min: 16.4, Avg: 16.7, Max: 17.6, Diff: 1.2, Sum: 133.7]
         [Processed Buffers: Min: 16, Avg: 18.4, Max: 21, Diff: 5, Sum: 147]
      [Scan RS (ms): Min: 15.2, Avg: 16.1, Max: 16.5, Diff: 1.3, Sum: 129.1]
      [Code Root Scanning (ms): Min: 0.0, Avg: 0.0, Max: 0.0, Diff: 0.0, Sum: 0.0]
      [Object Copy (ms): Min: 132.2, Avg: 132.3, Max: 132.4, Diff: 0.2, Sum: 1058.6]
      [Termination (ms): Min: 0.0, Avg: 0.0, Max: 0.0, Diff: 0.0, Sum: 0.0]
         [Termination Attempts: Min: 1, Avg: 26.9, Max: 45, Diff: 44, Sum: 215]
      [GC Worker Other (ms): Min: 0.0, Avg: 0.0, Max: 0.1, Diff: 0.0, Sum: 0.3]
      [GC Worker Total (ms): Min: 165.2, Avg: 165.3, Max: 165.4, Diff: 0.2, Sum: 1322.2]
      [GC Worker End (ms): Min: 120586.7, Avg: 120586.7, Max: 120586.8, Diff: 0.1]
   [Code Root Fixup: 0.0 ms]
   [Code Root Purge: 0.0 ms]
   [Clear CT: 0.2 ms]
   [Other: 1.1 ms]
      [Choose CSet: 0.0 ms]
      [Ref Proc: 0.2 ms]
      [Ref Enq: 0.0 ms]
      [Redirty Cards: 0.3 ms]
      [Humongous Register: 0.0 ms]
      [Humongous Reclaim: 0.0 ms]
      [Free CSet: 0.3 ms]
   [Eden: 280.0M(280.0M)->0.0B(283.0M) Survivors: 39.0M->40.0M Heap: 685.3M(2048.0M)->687.3M(2048.0M)]
 [Times: user=1.33 sys=0.00, real=0.17 secs] 
2020-09-29T12:03:52.076+0200: 120.764: [GC pause (G1 Evacuation Pause) (young), 0.1811068 secs]
   [Parallel Time: 179.9 ms, GC Workers: 8]
      [GC Worker Start (ms): Min: 120764.5, Avg: 120764.6, Max: 120764.6, Diff: 0.2]
      [Ext Root Scanning (ms): Min: 0.0, Avg: 0.1, Max: 0.2, Diff: 0.2, Sum: 0.6]
      [Update RS (ms): Min: 22.4, Avg: 22.6, Max: 23.2, Diff: 0.8, Sum: 180.5]
         [Processed Buffers: Min: 16, Avg: 21.3, Max: 25, Diff: 9, Sum: 170]
      [Scan RS (ms): Min: 15.2, Avg: 16.3, Max: 18.5, Diff: 3.3, Sum: 130.0]
      [Code Root Scanning (ms): Min: 0.0, Avg: 0.0, Max: 0.0, Diff: 0.0, Sum: 0.0]
      [Object Copy (ms): Min: 138.5, Avg: 140.8, Max: 141.3, Diff: 2.8, Sum: 1126.1]
      [Termination (ms): Min: 0.0, Avg: 0.1, Max: 0.1, Diff: 0.1, Sum: 0.7]
         [Termination Attempts: Min: 1, Avg: 577.8, Max: 766, Diff: 765, Sum: 4622]
      [GC Worker Other (ms): Min: 0.0, Avg: 0.0, Max: 0.1, Diff: 0.0, Sum: 0.3]
      [GC Worker Total (ms): Min: 179.7, Avg: 179.8, Max: 179.9, Diff: 0.2, Sum: 1438.2]
      [GC Worker End (ms): Min: 120944.3, Avg: 120944.3, Max: 120944.4, Diff: 0.0]
   [Code Root Fixup: 0.0 ms]
   [Code Root Purge: 0.0 ms]
   [Clear CT: 0.2 ms]
   [Other: 1.0 ms]
      [Choose CSet: 0.0 ms]
      [Ref Proc: 0.2 ms]
      [Ref Enq: 0.0 ms]
      [Redirty Cards: 0.2 ms]
      [Humongous Register: 0.0 ms]
      [Humongous Reclaim: 0.0 ms]
      [Free CSet: 0.3 ms]
   [Eden: 283.0M(283.0M)->0.0B(277.0M) Survivors: 40.0M->41.0M Heap: 1018.0M(2048.0M)->1020.0M(2048.0M)]
 [Times: user=1.47 sys=0.03, real=0.18 secs] 
2020-09-29T12:03:52.272+0200: 120.960: [GC pause (G1 Humongous Allocation) (young) (initial-mark), 0.0519550 secs]
   [Parallel Time: 51.1 ms, GC Workers: 8]
      [GC Worker Start (ms): Min: 120959.7, Avg: 120959.8, Max: 120959.8, Diff: 0.1]
      [Ext Root Scanning (ms): Min: 0.0, Avg: 0.1, Max: 0.1, Diff: 0.1, Sum: 0.7]
      [Update RS (ms): Min: 27.2, Avg: 27.4, Max: 27.7, Diff: 0.5, Sum: 219.6]
         [Processed Buffers: Min: 30, Avg: 32.0, Max: 33, Diff: 3, Sum: 256]
      [Scan RS (ms): Min: 2.4, Avg: 2.7, Max: 3.1, Diff: 0.7, Sum: 21.6]
      [Code Root Scanning (ms): Min: 0.0, Avg: 0.0, Max: 0.0, Diff: 0.0, Sum: 0.0]
      [Object Copy (ms): Min: 20.1, Avg: 20.6, Max: 20.8, Diff: 0.7, Sum: 165.2]
      [Termination (ms): Min: 0.0, Avg: 0.0, Max: 0.0, Diff: 0.0, Sum: 0.1]
         [Termination Attempts: Min: 1, Avg: 107.8, Max: 131, Diff: 130, Sum: 862]
      [GC Worker Other (ms): Min: 0.0, Avg: 0.0, Max: 0.0, Diff: 0.0, Sum: 0.1]
      [GC Worker Total (ms): Min: 50.9, Avg: 50.9, Max: 51.0, Diff: 0.1, Sum: 407.3]
      [GC Worker End (ms): Min: 121010.7, Avg: 121010.7, Max: 121010.7, Diff: 0.0]
   [Code Root Fixup: 0.0 ms]
   [Code Root Purge: 0.0 ms]
   [Clear CT: 0.2 ms]
   [Other: 0.7 ms]
      [Choose CSet: 0.0 ms]
      [Ref Proc: 0.2 ms]
      [Ref Enq: 0.0 ms]
      [Redirty Cards: 0.2 ms]
      [Humongous Register: 0.0 ms]
      [Humongous Reclaim: 0.0 ms]
      [Free CSet: 0.1 ms]
   [Eden: 9216.0K(277.0M)->0.0B(323.0M) Survivors: 41.0M->11.0M Heap: 1029.0M(2048.0M)->1033.0M(2048.0M)]
 [Times: user=0.38 sys=0.00, real=0.05 secs] 
2020-09-29T12:03:52.324+0200: 121.012: [GC concurrent-root-region-scan-start]
2020-09-29T12:03:52.326+0200: 121.014: [GC concurrent-root-region-scan-end, 0.0019578 secs]
2020-09-29T12:03:52.326+0200: 121.014: [GC concurrent-mark-start]
2020-09-29T12:03:52.328+0200: 121.016: [GC concurrent-mark-end, 0.0022713 secs]
2020-09-29T12:03:52.329+0200: 121.016: [GC remark 2020-09-29T12:03:52.329+0200: 121.016: [Finalize Marking, 0.0001962 secs] 2020-09-29T12:03:52.329+0200: 121.016: [GC ref-proc, 0.0002715 secs] 2020-09-29T12:03:52.329+0200: 121.017: [Unloading, 0.0004802 secs], 0.0012833 secs]
 [Times: user=0.00 sys=0.00, real=0.00 secs] 
2020-09-29T12:03:52.330+0200: 121.018: [GC cleanup 1043M->29M(2048M), 0.0012187 secs]
 [Times: user=0.00 sys=0.00, real=0.00 secs] 
2020-09-29T12:03:52.332+0200: 121.019: [GC concurrent-cleanup-start]
2020-09-29T12:03:52.333+0200: 121.020: [GC concurrent-cleanup-end, 0.0012348 secs]
2020-09-29T12:03:52.498+0200: 121.185: [GC pause (G1 Evacuation Pause) (young), 0.2042062 secs]
   [Parallel Time: 203.2 ms, GC Workers: 8]
      [GC Worker Start (ms): Min: 121185.2, Avg: 121185.2, Max: 121185.3, Diff: 0.2]
      [Ext Root Scanning (ms): Min: 0.0, Avg: 0.1, Max: 0.1, Diff: 0.1, Sum: 0.6]
      [Update RS (ms): Min: 16.4, Avg: 16.5, Max: 16.6, Diff: 0.1, Sum: 131.9]
         [Processed Buffers: Min: 15, Avg: 17.0, Max: 19, Diff: 4, Sum: 136]
      [Scan RS (ms): Min: 19.9, Avg: 20.0, Max: 20.1, Diff: 0.3, Sum: 160.1]
      [Code Root Scanning (ms): Min: 0.0, Avg: 0.0, Max: 0.0, Diff: 0.0, Sum: 0.0]
      [Object Copy (ms): Min: 165.9, Avg: 166.0, Max: 166.3, Diff: 0.5, Sum: 1328.1]
      [Termination (ms): Min: 0.0, Avg: 0.3, Max: 0.4, Diff: 0.4, Sum: 2.6]
         [Termination Attempts: Min: 1, Avg: 2321.3, Max: 2826, Diff: 2825, Sum: 18570]
      [GC Worker Other (ms): Min: 0.0, Avg: 0.1, Max: 0.1, Diff: 0.1, Sum: 0.6]
      [GC Worker Total (ms): Min: 202.9, Avg: 203.0, Max: 203.1, Diff: 0.2, Sum: 1624.0]
      [GC Worker End (ms): Min: 121388.2, Avg: 121388.2, Max: 121388.3, Diff: 0.1]
   [Code Root Fixup: 0.0 ms]
   [Code Root Purge: 0.0 ms]
   [Clear CT: 0.2 ms]
   [Other: 0.8 ms]
      [Choose CSet: 0.0 ms]
      [Ref Proc: 0.2 ms]
      [Ref Enq: 0.0 ms]
      [Redirty Cards: 0.2 ms]
      [Humongous Register: 0.0 ms]
      [Humongous Reclaim: 0.0 ms]
      [Free CSet: 0.2 ms]
   [Eden: 323.0M(323.0M)->0.0B(268.0M) Survivors: 11.0M->42.0M Heap: 397.3M(2048.0M)->388.8M(2048.0M)]
 [Times: user=1.42 sys=0.02, real=0.20 secs] 
2020-09-29T12:03:52.834+0200: 121.521: [GC pause (G1 Evacuation Pause) (young), 0.1592936 secs]
   [Parallel Time: 158.3 ms, GC Workers: 8]
      [GC Worker Start (ms): Min: 121521.3, Avg: 121521.6, Max: 121523.1, Diff: 1.7]
      [Ext Root Scanning (ms): Min: 0.0, Avg: 0.1, Max: 0.1, Diff: 0.1, Sum: 0.5]
      [Update RS (ms): Min: 14.6, Avg: 15.9, Max: 16.5, Diff: 1.9, Sum: 127.2]
         [Processed Buffers: Min: 14, Avg: 16.4, Max: 19, Diff: 5, Sum: 131]
      [Scan RS (ms): Min: 21.1, Avg: 21.5, Max: 21.8, Diff: 0.7, Sum: 172.2]
      [Code Root Scanning (ms): Min: 0.0, Avg: 0.0, Max: 0.0, Diff: 0.0, Sum: 0.0]
      [Object Copy (ms): Min: 120.4, Avg: 120.4, Max: 120.4, Diff: 0.1, Sum: 963.2]
      [Termination (ms): Min: 0.0, Avg: 0.0, Max: 0.0, Diff: 0.0, Sum: 0.1]
         [Termination Attempts: Min: 1, Avg: 42.8, Max: 56, Diff: 55, Sum: 342]
      [GC Worker Other (ms): Min: 0.0, Avg: 0.0, Max: 0.1, Diff: 0.0, Sum: 0.3]
      [GC Worker Total (ms): Min: 156.4, Avg: 157.9, Max: 158.2, Diff: 1.8, Sum: 1263.5]
      [GC Worker End (ms): Min: 121679.5, Avg: 121679.5, Max: 121679.6, Diff: 0.1]
   [Code Root Fixup: 0.0 ms]
   [Code Root Purge: 0.0 ms]
   [Clear CT: 0.2 ms]
   [Other: 0.8 ms]
      [Choose CSet: 0.0 ms]
      [Ref Proc: 0.2 ms]
      [Ref Enq: 0.0 ms]
      [Redirty Cards: 0.2 ms]
      [Humongous Register: 0.0 ms]
      [Humongous Reclaim: 0.0 ms]
      [Free CSet: 0.2 ms]
   [Eden: 268.0M(268.0M)->0.0B(271.0M) Survivors: 42.0M->39.0M Heap: 700.7M(2048.0M)->702.7M(2048.0M)]
 [Times: user=1.16 sys=0.09, real=0.16 secs] 
2020-09-29T12:03:53.138+0200: 121.826: [GC pause (G1 Evacuation Pause) (young), 0.1568526 secs]
   [Parallel Time: 155.8 ms, GC Workers: 8]
      [GC Worker Start (ms): Min: 121825.7, Avg: 121825.8, Max: 121825.9, Diff: 0.2]
      [Ext Root Scanning (ms): Min: 0.0, Avg: 0.1, Max: 0.2, Diff: 0.2, Sum: 0.5]
      [Update RS (ms): Min: 16.3, Avg: 16.4, Max: 16.6, Diff: 0.3, Sum: 131.0]
         [Processed Buffers: Min: 16, Avg: 18.3, Max: 21, Diff: 5, Sum: 146]
      [Scan RS (ms): Min: 15.7, Avg: 15.8, Max: 16.0, Diff: 0.3, Sum: 126.8]
      [Code Root Scanning (ms): Min: 0.0, Avg: 0.0, Max: 0.0, Diff: 0.0, Sum: 0.0]
      [Object Copy (ms): Min: 123.1, Avg: 123.3, Max: 123.3, Diff: 0.2, Sum: 986.2]
      [Termination (ms): Min: 0.0, Avg: 0.0, Max: 0.0, Diff: 0.0, Sum: 0.2]
         [Termination Attempts: Min: 1, Avg: 152.6, Max: 205, Diff: 204, Sum: 1221]
      [GC Worker Other (ms): Min: 0.0, Avg: 0.0, Max: 0.1, Diff: 0.1, Sum: 0.3]
      [GC Worker Total (ms): Min: 155.6, Avg: 155.6, Max: 155.7, Diff: 0.1, Sum: 1244.9]
      [GC Worker End (ms): Min: 121981.4, Avg: 121981.4, Max: 121981.4, Diff: 0.1]
   [Code Root Fixup: 0.0 ms]
   [Code Root Purge: 0.0 ms]
   [Clear CT: 0.2 ms]
   [Other: 0.9 ms]
      [Choose CSet: 0.0 ms]
      [Ref Proc: 0.2 ms]
      [Ref Enq: 0.0 ms]
      [Redirty Cards: 0.3 ms]
      [Humongous Register: 0.0 ms]
      [Humongous Reclaim: 0.0 ms]
      [Free CSet: 0.2 ms]
   [Eden: 271.0M(271.0M)->0.0B(285.0M) Survivors: 39.0M->39.0M Heap: 1019.5M(2048.0M)->1021.0M(2048.0M)]
 [Times: user=1.25 sys=0.00, real=0.16 secs] 
2020-09-29T12:03:53.304+0200: 121.991: [GC pause (G1 Humongous Allocation) (young) (initial-mark), 0.0573441 secs]
   [Parallel Time: 56.6 ms, GC Workers: 8]
      [GC Worker Start (ms): Min: 121991.5, Avg: 121991.5, Max: 121991.6, Diff: 0.1]
      [Ext Root Scanning (ms): Min: 0.0, Avg: 0.1, Max: 0.1, Diff: 0.1, Sum: 0.6]
      [Update RS (ms): Min: 33.8, Avg: 34.0, Max: 34.1, Diff: 0.2, Sum: 272.1]
         [Processed Buffers: Min: 38, Avg: 40.3, Max: 42, Diff: 4, Sum: 322]
      [Scan RS (ms): Min: 2.6, Avg: 2.7, Max: 2.9, Diff: 0.2, Sum: 21.9]
      [Code Root Scanning (ms): Min: 0.0, Avg: 0.0, Max: 0.0, Diff: 0.0, Sum: 0.0]
      [Object Copy (ms): Min: 19.5, Avg: 19.5, Max: 19.6, Diff: 0.1, Sum: 156.2]
      [Termination (ms): Min: 0.0, Avg: 0.0, Max: 0.0, Diff: 0.0, Sum: 0.0]
         [Termination Attempts: Min: 1, Avg: 2.3, Max: 4, Diff: 3, Sum: 18]
      [GC Worker Other (ms): Min: 0.0, Avg: 0.0, Max: 0.0, Diff: 0.0, Sum: 0.1]
      [GC Worker Total (ms): Min: 56.3, Avg: 56.4, Max: 56.4, Diff: 0.1, Sum: 450.9]
      [GC Worker End (ms): Min: 122047.9, Avg: 122047.9, Max: 122047.9, Diff: 0.0]
   [Code Root Fixup: 0.0 ms]
   [Code Root Purge: 0.0 ms]
   [Clear CT: 0.2 ms]
   [Other: 0.6 ms]
      [Choose CSet: 0.0 ms]
      [Ref Proc: 0.2 ms]
      [Ref Enq: 0.0 ms]
      [Redirty Cards: 0.1 ms]
      [Humongous Register: 0.0 ms]
      [Humongous Reclaim: 0.0 ms]
      [Free CSet: 0.1 ms]
   [Eden: 8192.0K(285.0M)->0.0B(320.0M) Survivors: 39.0M->10.0M Heap: 1029.0M(2048.0M)->1032.0M(2048.0M)]
 [Times: user=0.38 sys=0.00, real=0.06 secs] 
2020-09-29T12:03:53.361+0200: 122.049: [GC concurrent-root-region-scan-start]
2020-09-29T12:03:53.364+0200: 122.051: [GC concurrent-root-region-scan-end, 0.0025539 secs]
2020-09-29T12:03:53.364+0200: 122.051: [GC concurrent-mark-start]
2020-09-29T12:03:53.367+0200: 122.054: [GC concurrent-mark-end, 0.0026128 secs]
2020-09-29T12:03:53.367+0200: 122.054: [GC remark 2020-09-29T12:03:53.367+0200: 122.054: [Finalize Marking, 0.0001277 secs] 2020-09-29T12:03:53.367+0200: 122.054: [GC ref-proc, 0.0002925 secs] 2020-09-29T12:03:53.367+0200: 122.055: [Unloading, 0.0005088 secs], 0.0012220 secs]
 [Times: user=0.00 sys=0.00, real=0.00 secs] 
2020-09-29T12:03:53.368+0200: 122.056: [GC cleanup 1043M->29M(2048M), 0.0013605 secs]
 [Times: user=0.00 sys=0.00, real=0.00 secs] 
2020-09-29T12:03:53.370+0200: 122.057: [GC concurrent-cleanup-start]
2020-09-29T12:03:53.371+0200: 122.059: [GC concurrent-cleanup-end, 0.0015769 secs]
2020-09-29T12:03:53.529+0200: 122.217: [GC pause (G1 Evacuation Pause) (young), 0.1623133 secs]
   [Parallel Time: 161.2 ms, GC Workers: 8]
      [GC Worker Start (ms): Min: 122216.7, Avg: 122216.8, Max: 122216.8, Diff: 0.2]
      [Ext Root Scanning (ms): Min: 0.0, Avg: 0.1, Max: 0.1, Diff: 0.1, Sum: 0.5]
      [Update RS (ms): Min: 13.5, Avg: 14.1, Max: 14.4, Diff: 0.9, Sum: 113.0]
         [Processed Buffers: Min: 14, Avg: 15.9, Max: 18, Diff: 4, Sum: 127]
      [Scan RS (ms): Min: 16.2, Avg: 16.5, Max: 17.1, Diff: 0.9, Sum: 132.0]
      [Code Root Scanning (ms): Min: 0.0, Avg: 0.0, Max: 0.0, Diff: 0.0, Sum: 0.0]
      [Object Copy (ms): Min: 130.2, Avg: 130.2, Max: 130.2, Diff: 0.1, Sum: 1041.6]
      [Termination (ms): Min: 0.0, Avg: 0.0, Max: 0.0, Diff: 0.0, Sum: 0.3]
         [Termination Attempts: Min: 1, Avg: 249.5, Max: 321, Diff: 320, Sum: 1996]
      [GC Worker Other (ms): Min: 0.0, Avg: 0.0, Max: 0.1, Diff: 0.1, Sum: 0.4]
      [GC Worker Total (ms): Min: 160.9, Avg: 161.0, Max: 161.1, Diff: 0.2, Sum: 1287.8]
      [GC Worker End (ms): Min: 122377.7, Avg: 122377.7, Max: 122377.8, Diff: 0.1]
   [Code Root Fixup: 0.0 ms]
   [Code Root Purge: 0.0 ms]
   [Clear CT: 0.3 ms]
   [Other: 0.9 ms]
      [Choose CSet: 0.0 ms]
      [Ref Proc: 0.2 ms]
      [Ref Enq: 0.0 ms]
      [Redirty Cards: 0.2 ms]
      [Humongous Register: 0.0 ms]
      [Humongous Reclaim: 0.0 ms]
      [Free CSet: 0.2 ms]
   [Eden: 320.0M(320.0M)->0.0B(299.0M) Survivors: 10.0M->42.0M Heap: 390.9M(2048.0M)->382.4M(2048.0M)]
 [Times: user=1.26 sys=0.00, real=0.16 secs] 
2020-09-29T12:03:53.850+0200: 122.537: [GC pause (G1 Evacuation Pause) (young), 0.1706574 secs]
   [Parallel Time: 169.5 ms, GC Workers: 8]
      [GC Worker Start (ms): Min: 122537.3, Avg: 122537.4, Max: 122537.4, Diff: 0.2]
      [Ext Root Scanning (ms): Min: 0.0, Avg: 0.1, Max: 0.1, Diff: 0.1, Sum: 0.5]
      [Update RS (ms): Min: 15.9, Avg: 16.0, Max: 16.2, Diff: 0.4, Sum: 127.8]
         [Processed Buffers: Min: 18, Avg: 19.4, Max: 22, Diff: 4, Sum: 155]
      [Scan RS (ms): Min: 17.2, Avg: 17.6, Max: 17.9, Diff: 0.7, Sum: 140.6]
      [Code Root Scanning (ms): Min: 0.0, Avg: 0.0, Max: 0.0, Diff: 0.0, Sum: 0.0]
      [Object Copy (ms): Min: 135.4, Avg: 135.6, Max: 135.8, Diff: 0.4, Sum: 1084.6]
      [Termination (ms): Min: 0.0, Avg: 0.1, Max: 0.1, Diff: 0.1, Sum: 0.7]
         [Termination Attempts: Min: 1, Avg: 648.5, Max: 860, Diff: 859, Sum: 5188]
      [GC Worker Other (ms): Min: 0.0, Avg: 0.0, Max: 0.1, Diff: 0.1, Sum: 0.2]
      [GC Worker Total (ms): Min: 169.3, Avg: 169.3, Max: 169.4, Diff: 0.1, Sum: 1354.5]
      [GC Worker End (ms): Min: 122706.6, Avg: 122706.7, Max: 122706.7, Diff: 0.1]
   [Code Root Fixup: 0.0 ms]
   [Code Root Purge: 0.0 ms]
   [Clear CT: 0.2 ms]
   [Other: 0.9 ms]
      [Choose CSet: 0.0 ms]
      [Ref Proc: 0.2 ms]
      [Ref Enq: 0.0 ms]
      [Redirty Cards: 0.3 ms]
      [Humongous Register: 0.0 ms]
      [Humongous Reclaim: 0.0 ms]
      [Free CSet: 0.2 ms]
   [Eden: 299.0M(299.0M)->0.0B(299.0M) Survivors: 42.0M->43.0M Heap: 732.9M(2048.0M)->735.4M(2048.0M)]
 [Times: user=1.26 sys=0.00, real=0.17 secs] 
2020-09-29T12:03:54.178+0200: 122.866: [GC pause (G1 Evacuation Pause) (young), 0.1876981 secs]
   [Parallel Time: 186.5 ms, GC Workers: 8]
      [GC Worker Start (ms): Min: 122865.9, Avg: 122865.9, Max: 122866.0, Diff: 0.1]
      [Ext Root Scanning (ms): Min: 0.0, Avg: 0.1, Max: 0.1, Diff: 0.1, Sum: 0.6]
      [Update RS (ms): Min: 20.1, Avg: 20.1, Max: 20.1, Diff: 0.1, Sum: 160.8]
         [Processed Buffers: Min: 20, Avg: 22.5, Max: 24, Diff: 4, Sum: 180]
      [Scan RS (ms): Min: 17.0, Avg: 17.1, Max: 17.2, Diff: 0.2, Sum: 136.5]
      [Code Root Scanning (ms): Min: 0.0, Avg: 0.0, Max: 0.0, Diff: 0.0, Sum: 0.0]
      [Object Copy (ms): Min: 148.8, Avg: 148.9, Max: 149.0, Diff: 0.2, Sum: 1191.5]
      [Termination (ms): Min: 0.0, Avg: 0.1, Max: 0.1, Diff: 0.1, Sum: 0.5]
         [Termination Attempts: Min: 1, Avg: 458.1, Max: 638, Diff: 637, Sum: 3665]
      [GC Worker Other (ms): Min: 0.0, Avg: 0.0, Max: 0.0, Diff: 0.0, Sum: 0.2]
      [GC Worker Total (ms): Min: 186.2, Avg: 186.3, Max: 186.3, Diff: 0.1, Sum: 1490.2]
      [GC Worker End (ms): Min: 123052.2, Avg: 123052.2, Max: 123052.2, Diff: 0.0]
   [Code Root Fixup: 0.0 ms]
   [Code Root Purge: 0.0 ms]
   [Clear CT: 0.2 ms]
   [Other: 1.0 ms]
      [Choose CSet: 0.0 ms]
      [Ref Proc: 0.3 ms]
      [Ref Enq: 0.0 ms]
      [Redirty Cards: 0.2 ms]
      [Humongous Register: 0.0 ms]
      [Humongous Reclaim: 0.0 ms]
      [Free CSet: 0.3 ms]
   [Eden: 299.0M(299.0M)->0.0B(288.0M) Survivors: 43.0M->43.0M Heap: 1084.0M(2048.0M)->1085.5M(2048.0M)]
 [Times: user=1.47 sys=0.00, real=0.19 secs] 
2020-09-29T12:03:54.381+0200: 123.068: [GC pause (G1 Humongous Allocation) (young) (initial-mark), 0.0624252 secs]
   [Parallel Time: 61.5 ms, GC Workers: 8]
      [GC Worker Start (ms): Min: 123068.6, Avg: 123068.7, Max: 123068.7, Diff: 0.1]
      [Ext Root Scanning (ms): Min: 0.0, Avg: 0.1, Max: 0.1, Diff: 0.1, Sum: 0.7]
      [Update RS (ms): Min: 34.2, Avg: 34.4, Max: 35.0, Diff: 0.8, Sum: 275.1]
         [Processed Buffers: Min: 31, Avg: 36.5, Max: 40, Diff: 9, Sum: 292]
      [Scan RS (ms): Min: 2.4, Avg: 3.0, Max: 3.2, Diff: 0.8, Sum: 24.1]
      [Code Root Scanning (ms): Min: 0.0, Avg: 0.0, Max: 0.0, Diff: 0.0, Sum: 0.0]
      [Object Copy (ms): Min: 23.8, Avg: 23.8, Max: 23.9, Diff: 0.1, Sum: 190.7]
      [Termination (ms): Min: 0.0, Avg: 0.0, Max: 0.1, Diff: 0.1, Sum: 0.3]
         [Termination Attempts: Min: 1, Avg: 228.5, Max: 313, Diff: 312, Sum: 1828]
      [GC Worker Other (ms): Min: 0.0, Avg: 0.0, Max: 0.0, Diff: 0.0, Sum: 0.2]
      [GC Worker Total (ms): Min: 61.3, Avg: 61.4, Max: 61.4, Diff: 0.1, Sum: 491.0]
      [GC Worker End (ms): Min: 123130.1, Avg: 123130.1, Max: 123130.1, Diff: 0.0]
   [Code Root Fixup: 0.0 ms]
   [Code Root Purge: 0.0 ms]
   [Clear CT: 0.2 ms]
   [Other: 0.7 ms]
      [Choose CSet: 0.0 ms]
      [Ref Proc: 0.2 ms]
      [Ref Enq: 0.0 ms]
      [Redirty Cards: 0.2 ms]
      [Humongous Register: 0.0 ms]
      [Humongous Reclaim: 0.0 ms]
      [Free CSet: 0.1 ms]
   [Eden: 10.0M(288.0M)->0.0B(321.0M) Survivors: 43.0M->11.0M Heap: 1095.0M(2048.0M)->1098.5M(2048.0M)]
 [Times: user=0.50 sys=0.00, real=0.06 secs] 
2020-09-29T12:03:54.444+0200: 123.131: [GC concurrent-root-region-scan-start]
2020-09-29T12:03:54.446+0200: 123.134: [GC concurrent-root-region-scan-end, 0.0026369 secs]
2020-09-29T12:03:54.446+0200: 123.134: [GC concurrent-mark-start]
2020-09-29T12:03:54.449+0200: 123.137: [GC concurrent-mark-end, 0.0032108 secs]
2020-09-29T12:03:54.450+0200: 123.137: [GC remark 2020-09-29T12:03:54.450+0200: 123.137: [Finalize Marking, 0.0002284 secs] 2020-09-29T12:03:54.450+0200: 123.137: [GC ref-proc, 0.0003840 secs] 2020-09-29T12:03:54.450+0200: 123.138: [Unloading, 0.0004563 secs], 0.0014022 secs]
 [Times: user=0.00 sys=0.00, real=0.00 secs] 
2020-09-29T12:03:54.452+0200: 123.139: [GC cleanup 1110M->30M(2048M), 0.0014304 secs]
 [Times: user=0.00 sys=0.00, real=0.00 secs] 
2020-09-29T12:03:54.453+0200: 123.140: [GC concurrent-cleanup-start]
2020-09-29T12:03:54.455+0200: 123.142: [GC concurrent-cleanup-end, 0.0015641 secs]
2020-09-29T12:03:54.617+0200: 123.305: [GC pause (G1 Evacuation Pause) (young), 0.1609962 secs]
   [Parallel Time: 159.8 ms, GC Workers: 8]
      [GC Worker Start (ms): Min: 123304.8, Avg: 123305.0, Max: 123305.0, Diff: 0.2]
      [Ext Root Scanning (ms): Min: 0.0, Avg: 0.1, Max: 0.2, Diff: 0.2, Sum: 0.4]
      [Update RS (ms): Min: 14.2, Avg: 14.3, Max: 14.4, Diff: 0.2, Sum: 114.5]
         [Processed Buffers: Min: 15, Avg: 17.8, Max: 21, Diff: 6, Sum: 142]
      [Scan RS (ms): Min: 15.8, Avg: 15.9, Max: 16.0, Diff: 0.2, Sum: 127.3]
      [Code Root Scanning (ms): Min: 0.0, Avg: 0.0, Max: 0.0, Diff: 0.0, Sum: 0.0]
      [Object Copy (ms): Min: 129.1, Avg: 129.2, Max: 129.3, Diff: 0.2, Sum: 1034.0]
      [Termination (ms): Min: 0.0, Avg: 0.0, Max: 0.0, Diff: 0.0, Sum: 0.0]
         [Termination Attempts: Min: 1, Avg: 29.8, Max: 40, Diff: 39, Sum: 238]
      [GC Worker Other (ms): Min: 0.0, Avg: 0.0, Max: 0.1, Diff: 0.1, Sum: 0.3]
      [GC Worker Total (ms): Min: 159.5, Avg: 159.6, Max: 159.7, Diff: 0.2, Sum: 1276.5]
      [GC Worker End (ms): Min: 123464.5, Avg: 123464.5, Max: 123464.6, Diff: 0.1]
   [Code Root Fixup: 0.0 ms]
   [Code Root Purge: 0.0 ms]
   [Clear CT: 0.2 ms]
   [Other: 1.0 ms]
      [Choose CSet: 0.0 ms]
      [Ref Proc: 0.2 ms]
      [Ref Enq: 0.0 ms]
      [Redirty Cards: 0.3 ms]
      [Humongous Register: 0.0 ms]
      [Humongous Reclaim: 0.0 ms]
      [Free CSet: 0.3 ms]
   [Eden: 321.0M(321.0M)->0.0B(304.0M) Survivors: 11.0M->42.0M Heap: 395.3M(2048.0M)->386.3M(2048.0M)]
 [Times: user=1.25 sys=0.00, real=0.16 secs] 
2020-09-29T12:03:54.935+0200: 123.623: [GC pause (G1 Evacuation Pause) (young), 0.1780392 secs]
   [Parallel Time: 176.0 ms, GC Workers: 8]
      [GC Worker Start (ms): Min: 123623.4, Avg: 123623.5, Max: 123623.5, Diff: 0.1]
      [Ext Root Scanning (ms): Min: 0.0, Avg: 0.1, Max: 0.1, Diff: 0.1, Sum: 0.5]
      [Update RS (ms): Min: 17.8, Avg: 17.9, Max: 18.0, Diff: 0.3, Sum: 143.2]
         [Processed Buffers: Min: 17, Avg: 19.5, Max: 22, Diff: 5, Sum: 156]
      [Scan RS (ms): Min: 18.0, Avg: 18.2, Max: 18.3, Diff: 0.3, Sum: 145.6]
      [Code Root Scanning (ms): Min: 0.0, Avg: 0.0, Max: 0.0, Diff: 0.0, Sum: 0.0]
      [Object Copy (ms): Min: 139.3, Avg: 139.4, Max: 139.6, Diff: 0.3, Sum: 1115.4]
      [Termination (ms): Min: 0.0, Avg: 0.1, Max: 0.2, Diff: 0.2, Sum: 0.9]
         [Termination Attempts: Min: 1, Avg: 767.9, Max: 1160, Diff: 1159, Sum: 6143]
      [GC Worker Other (ms): Min: 0.0, Avg: 0.1, Max: 0.1, Diff: 0.1, Sum: 0.4]
      [GC Worker Total (ms): Min: 175.7, Avg: 175.8, Max: 175.9, Diff: 0.2, Sum: 1406.1]
      [GC Worker End (ms): Min: 123799.2, Avg: 123799.2, Max: 123799.3, Diff: 0.1]
   [Code Root Fixup: 0.0 ms]
   [Code Root Purge: 0.0 ms]
   [Clear CT: 1.0 ms]
   [Other: 1.0 ms]
      [Choose CSet: 0.0 ms]
      [Ref Proc: 0.2 ms]
      [Ref Enq: 0.0 ms]
      [Redirty Cards: 0.4 ms]
      [Humongous Register: 0.0 ms]
      [Humongous Reclaim: 0.0 ms]
      [Free CSet: 0.2 ms]
   [Eden: 304.0M(304.0M)->0.0B(297.0M) Survivors: 42.0M->44.0M Heap: 739.9M(2048.0M)->742.4M(2048.0M)]
 [Times: user=1.34 sys=0.03, real=0.18 secs] 
2020-09-29T12:03:55.262+0200: 123.949: [GC pause (G1 Evacuation Pause) (young), 0.1849415 secs]
   [Parallel Time: 183.7 ms, GC Workers: 8]
      [GC Worker Start (ms): Min: 123949.3, Avg: 123949.4, Max: 123949.5, Diff: 0.2]
      [Ext Root Scanning (ms): Min: 0.0, Avg: 0.0, Max: 0.2, Diff: 0.2, Sum: 0.4]
      [Update RS (ms): Min: 18.8, Avg: 19.0, Max: 19.6, Diff: 0.8, Sum: 151.7]
         [Processed Buffers: Min: 18, Avg: 20.4, Max: 23, Diff: 5, Sum: 163]
      [Scan RS (ms): Min: 17.7, Avg: 18.2, Max: 18.4, Diff: 0.8, Sum: 145.6]
      [Code Root Scanning (ms): Min: 0.0, Avg: 0.0, Max: 0.0, Diff: 0.0, Sum: 0.0]
      [Object Copy (ms): Min: 145.9, Avg: 146.0, Max: 146.2, Diff: 0.4, Sum: 1168.0]
      [Termination (ms): Min: 0.0, Avg: 0.2, Max: 0.2, Diff: 0.2, Sum: 1.4]
         [Termination Attempts: Min: 1, Avg: 1363.6, Max: 1730, Diff: 1729, Sum: 10909]
      [GC Worker Other (ms): Min: 0.0, Avg: 0.0, Max: 0.1, Diff: 0.1, Sum: 0.3]
      [GC Worker Total (ms): Min: 183.3, Avg: 183.4, Max: 183.6, Diff: 0.3, Sum: 1467.4]
      [GC Worker End (ms): Min: 124132.8, Avg: 124132.8, Max: 124132.9, Diff: 0.1]
   [Code Root Fixup: 0.0 ms]
   [Code Root Purge: 0.0 ms]
   [Clear CT: 0.2 ms]
   [Other: 1.0 ms]
      [Choose CSet: 0.0 ms]
      [Ref Proc: 0.1 ms]
      [Ref Enq: 0.0 ms]
      [Redirty Cards: 0.4 ms]
      [Humongous Register: 0.0 ms]
      [Humongous Reclaim: 0.0 ms]
      [Free CSet: 0.3 ms]
   [Eden: 297.0M(297.0M)->0.0B(289.0M) Survivors: 44.0M->43.0M Heap: 1089.0M(2048.0M)->1090.5M(2048.0M)]
 [Times: user=1.47 sys=0.01, real=0.18 secs] 
2020-09-29T12:03:55.454+0200: 124.142: [GC pause (G1 Humongous Allocation) (young) (initial-mark), 0.0665868 secs]
   [Parallel Time: 65.6 ms, GC Workers: 8]
      [GC Worker Start (ms): Min: 124142.0, Avg: 124142.1, Max: 124142.2, Diff: 0.1]
      [Ext Root Scanning (ms): Min: 0.0, Avg: 0.1, Max: 0.1, Diff: 0.1, Sum: 0.6]
      [Update RS (ms): Min: 42.2, Avg: 42.6, Max: 42.8, Diff: 0.6, Sum: 340.8]
         [Processed Buffers: Min: 40, Avg: 46.9, Max: 50, Diff: 10, Sum: 375]
      [Scan RS (ms): Min: 2.4, Avg: 2.7, Max: 3.4, Diff: 1.0, Sum: 21.5]
      [Code Root Scanning (ms): Min: 0.0, Avg: 0.0, Max: 0.0, Diff: 0.0, Sum: 0.0]
      [Object Copy (ms): Min: 19.5, Avg: 20.0, Max: 20.2, Diff: 0.7, Sum: 160.4]
      [Termination (ms): Min: 0.0, Avg: 0.1, Max: 0.1, Diff: 0.1, Sum: 0.4]
         [Termination Attempts: Min: 1, Avg: 23.5, Max: 36, Diff: 35, Sum: 188]
      [GC Worker Other (ms): Min: 0.0, Avg: 0.0, Max: 0.0, Diff: 0.0, Sum: 0.1]
      [GC Worker Total (ms): Min: 65.4, Avg: 65.5, Max: 65.5, Diff: 0.1, Sum: 523.9]
      [GC Worker End (ms): Min: 124207.6, Avg: 124207.6, Max: 124207.6, Diff: 0.1]
   [Code Root Fixup: 0.0 ms]
   [Code Root Purge: 0.0 ms]
   [Clear CT: 0.1 ms]
   [Other: 0.8 ms]
      [Choose CSet: 0.0 ms]
      [Ref Proc: 0.2 ms]
      [Ref Enq: 0.0 ms]
      [Redirty Cards: 0.2 ms]
      [Humongous Register: 0.1 ms]
      [Humongous Reclaim: 0.0 ms]
      [Free CSet: 0.1 ms]
   [Eden: 6144.0K(289.0M)->0.0B(324.0M) Survivors: 43.0M->7168.0K Heap: 1096.0M(2048.0M)->1099.0M(2048.0M)]
 [Times: user=0.63 sys=0.00, real=0.07 secs] 
2020-09-29T12:03:55.521+0200: 124.209: [GC concurrent-root-region-scan-start]
2020-09-29T12:03:55.523+0200: 124.211: [GC concurrent-root-region-scan-end, 0.0020912 secs]
2020-09-29T12:03:55.523+0200: 124.211: [GC concurrent-mark-start]
2020-09-29T12:03:55.526+0200: 124.214: [GC concurrent-mark-end, 0.0034714 secs]
2020-09-29T12:03:55.527+0200: 124.214: [GC remark 2020-09-29T12:03:55.527+0200: 124.214: [Finalize Marking, 0.0002210 secs] 2020-09-29T12:03:55.527+0200: 124.215: [GC ref-proc, 0.0003033 secs] 2020-09-29T12:03:55.527+0200: 124.215: [Unloading, 0.0004262 secs], 0.0013667 secs]
 [Times: user=0.00 sys=0.00, real=0.00 secs] 
2020-09-29T12:03:55.528+0200: 124.216: [GC cleanup 1110M->26M(2048M), 0.0015452 secs]
 [Times: user=0.00 sys=0.00, real=0.00 secs] 
2020-09-29T12:03:55.530+0200: 124.218: [GC concurrent-cleanup-start]
2020-09-29T12:03:55.532+0200: 124.220: [GC concurrent-cleanup-end, 0.0024855 secs]
2020-09-29T12:03:55.692+0200: 124.379: [GC pause (G1 Evacuation Pause) (young), 0.1738883 secs]
   [Parallel Time: 171.9 ms, GC Workers: 8]
      [GC Worker Start (ms): Min: 124379.6, Avg: 124379.6, Max: 124379.7, Diff: 0.1]
      [Ext Root Scanning (ms): Min: 0.0, Avg: 0.1, Max: 0.1, Diff: 0.1, Sum: 0.7]
      [Update RS (ms): Min: 18.0, Avg: 18.0, Max: 18.2, Diff: 0.2, Sum: 144.4]
         [Processed Buffers: Min: 18, Avg: 19.8, Max: 23, Diff: 5, Sum: 158]
      [Scan RS (ms): Min: 17.1, Avg: 17.3, Max: 17.4, Diff: 0.3, Sum: 138.2]
      [Code Root Scanning (ms): Min: 0.0, Avg: 0.0, Max: 0.0, Diff: 0.0, Sum: 0.0]
      [Object Copy (ms): Min: 136.1, Avg: 136.1, Max: 136.3, Diff: 0.3, Sum: 1089.2]
      [Termination (ms): Min: 0.0, Avg: 0.2, Max: 0.2, Diff: 0.2, Sum: 1.3]
         [Termination Attempts: Min: 1, Avg: 1214.6, Max: 1722, Diff: 1721, Sum: 9717]
      [GC Worker Other (ms): Min: 0.0, Avg: 0.0, Max: 0.1, Diff: 0.0, Sum: 0.3]
      [GC Worker Total (ms): Min: 171.7, Avg: 171.8, Max: 171.8, Diff: 0.1, Sum: 1374.1]
      [GC Worker End (ms): Min: 124551.4, Avg: 124551.4, Max: 124551.4, Diff: 0.0]
   [Code Root Fixup: 0.0 ms]
   [Code Root Purge: 0.0 ms]
   [Clear CT: 0.8 ms]
   [Other: 1.1 ms]
      [Choose CSet: 0.0 ms]
      [Ref Proc: 0.2 ms]
      [Ref Enq: 0.0 ms]
      [Redirty Cards: 0.3 ms]
      [Humongous Register: 0.1 ms]
      [Humongous Reclaim: 0.0 ms]
      [Free CSet: 0.3 ms]
   [Eden: 324.0M(324.0M)->0.0B(295.0M) Survivors: 7168.0K->42.0M Heap: 393.8M(2048.0M)->390.3M(2048.0M)]
 [Times: user=1.33 sys=0.02, real=0.17 secs] 
2020-09-29T12:03:56.048+0200: 124.736: [GC pause (G1 Evacuation Pause) (young), 0.2042034 secs]
   [Parallel Time: 202.5 ms, GC Workers: 8]
      [GC Worker Start (ms): Min: 124736.1, Avg: 124736.2, Max: 124736.3, Diff: 0.2]
      [Ext Root Scanning (ms): Min: 0.0, Avg: 0.1, Max: 0.2, Diff: 0.2, Sum: 0.7]
      [Update RS (ms): Min: 35.7, Avg: 35.8, Max: 36.2, Diff: 0.5, Sum: 286.8]
         [Processed Buffers: Min: 24, Avg: 30.0, Max: 37, Diff: 13, Sum: 240]
      [Scan RS (ms): Min: 17.4, Avg: 18.1, Max: 20.5, Diff: 3.1, Sum: 145.0]
      [Code Root Scanning (ms): Min: 0.0, Avg: 0.0, Max: 0.0, Diff: 0.0, Sum: 0.0]
      [Object Copy (ms): Min: 145.7, Avg: 148.0, Max: 148.3, Diff: 2.7, Sum: 1183.6]
      [Termination (ms): Min: 0.0, Avg: 0.2, Max: 0.3, Diff: 0.2, Sum: 1.5]
         [Termination Attempts: Min: 1, Avg: 986.4, Max: 1286, Diff: 1285, Sum: 7891]
      [GC Worker Other (ms): Min: 0.0, Avg: 0.0, Max: 0.0, Diff: 0.0, Sum: 0.2]
      [GC Worker Total (ms): Min: 202.1, Avg: 202.2, Max: 202.3, Diff: 0.2, Sum: 1617.8]
      [GC Worker End (ms): Min: 124938.4, Avg: 124938.5, Max: 124938.5, Diff: 0.0]
   [Code Root Fixup: 0.0 ms]
   [Code Root Purge: 0.0 ms]
   [Clear CT: 0.2 ms]
   [Other: 1.6 ms]
      [Choose CSet: 0.0 ms]
      [Ref Proc: 0.3 ms]
      [Ref Enq: 0.0 ms]
      [Redirty Cards: 0.8 ms]
      [Humongous Register: 0.0 ms]
      [Humongous Reclaim: 0.0 ms]
      [Free CSet: 0.2 ms]
   [Eden: 295.0M(295.0M)->0.0B(262.0M) Survivors: 42.0M->43.0M Heap: 734.9M(2048.0M)->736.9M(2048.0M)]
 [Times: user=1.51 sys=0.00, real=0.20 secs] 
2020-09-29T12:03:56.413+0200: 125.100: [GC pause (G1 Evacuation Pause) (young), 0.2009405 secs]
   [Parallel Time: 199.8 ms, GC Workers: 8]
      [GC Worker Start (ms): Min: 125100.6, Avg: 125101.3, Max: 125103.2, Diff: 2.6]
      [Ext Root Scanning (ms): Min: 0.0, Avg: 0.1, Max: 0.2, Diff: 0.2, Sum: 0.8]
      [Update RS (ms): Min: 20.4, Avg: 22.0, Max: 22.8, Diff: 2.4, Sum: 176.2]
         [Processed Buffers: Min: 21, Avg: 22.8, Max: 24, Diff: 3, Sum: 182]
      [Scan RS (ms): Min: 12.8, Avg: 17.0, Max: 43.9, Diff: 31.2, Sum: 136.0]
      [Code Root Scanning (ms): Min: 0.0, Avg: 0.0, Max: 0.0, Diff: 0.0, Sum: 0.0]
      [Object Copy (ms): Min: 132.7, Avg: 159.6, Max: 163.5, Diff: 30.8, Sum: 1276.6]
      [Termination (ms): Min: 0.0, Avg: 0.3, Max: 0.3, Diff: 0.3, Sum: 2.2]
         [Termination Attempts: Min: 1, Avg: 2061.4, Max: 2621, Diff: 2620, Sum: 16491]
      [GC Worker Other (ms): Min: 0.0, Avg: 0.0, Max: 0.1, Diff: 0.1, Sum: 0.3]
      [GC Worker Total (ms): Min: 197.1, Avg: 199.0, Max: 199.7, Diff: 2.7, Sum: 1592.1]
      [GC Worker End (ms): Min: 125300.3, Avg: 125300.3, Max: 125300.3, Diff: 0.1]
   [Code Root Fixup: 0.0 ms]
   [Code Root Purge: 0.0 ms]
   [Clear CT: 0.2 ms]
   [Other: 1.0 ms]
      [Choose CSet: 0.0 ms]
      [Ref Proc: 0.2 ms]
      [Ref Enq: 0.0 ms]
      [Redirty Cards: 0.2 ms]
      [Humongous Register: 0.1 ms]
      [Humongous Reclaim: 0.0 ms]
      [Free CSet: 0.2 ms]
   [Eden: 262.0M(262.0M)->0.0B(239.0M) Survivors: 43.0M->39.0M Heap: 1040.9M(2048.0M)->1042.9M(2048.0M)]
 [Times: user=1.41 sys=0.00, real=0.20 secs] 
2020-09-29T12:03:56.626+0200: 125.314: [GC pause (G1 Humongous Allocation) (young) (initial-mark), 0.0514479 secs]
   [Parallel Time: 50.4 ms, GC Workers: 8]
      [GC Worker Start (ms): Min: 125314.1, Avg: 125314.1, Max: 125314.3, Diff: 0.2]
      [Ext Root Scanning (ms): Min: 0.0, Avg: 0.2, Max: 0.3, Diff: 0.3, Sum: 1.4]
      [Update RS (ms): Min: 30.7, Avg: 30.9, Max: 31.0, Diff: 0.3, Sum: 246.9]
         [Processed Buffers: Min: 28, Avg: 32.8, Max: 36, Diff: 8, Sum: 262]
      [Scan RS (ms): Min: 2.4, Avg: 2.6, Max: 2.8, Diff: 0.5, Sum: 21.0]
      [Code Root Scanning (ms): Min: 0.0, Avg: 0.0, Max: 0.0, Diff: 0.0, Sum: 0.0]
      [Object Copy (ms): Min: 16.3, Avg: 16.5, Max: 16.7, Diff: 0.4, Sum: 132.4]
      [Termination (ms): Min: 0.0, Avg: 0.0, Max: 0.0, Diff: 0.0, Sum: 0.1]
         [Termination Attempts: Min: 1, Avg: 81.8, Max: 107, Diff: 106, Sum: 654]
      [GC Worker Other (ms): Min: 0.0, Avg: 0.0, Max: 0.0, Diff: 0.0, Sum: 0.2]
      [GC Worker Total (ms): Min: 50.1, Avg: 50.2, Max: 50.3, Diff: 0.2, Sum: 402.0]
      [GC Worker End (ms): Min: 125364.4, Avg: 125364.4, Max: 125364.4, Diff: 0.0]
   [Code Root Fixup: 0.0 ms]
   [Code Root Purge: 0.0 ms]
   [Clear CT: 0.2 ms]
   [Other: 0.9 ms]
      [Choose CSet: 0.0 ms]
      [Ref Proc: 0.2 ms]
      [Ref Enq: 0.0 ms]
      [Redirty Cards: 0.2 ms]
      [Humongous Register: 0.1 ms]
      [Humongous Reclaim: 0.0 ms]
      [Free CSet: 0.1 ms]
   [Eden: 1024.0K(239.0M)->0.0B(328.0M) Survivors: 39.0M->4096.0K Heap: 1043.4M(2048.0M)->1048.9M(2048.0M)]
 [Times: user=0.50 sys=0.00, real=0.05 secs] 
2020-09-29T12:03:56.678+0200: 125.365: [GC concurrent-root-region-scan-start]
2020-09-29T12:03:56.678+0200: 125.366: [GC concurrent-root-region-scan-end, 0.0002077 secs]
2020-09-29T12:03:56.678+0200: 125.366: [GC concurrent-mark-start]
2020-09-29T12:03:56.682+0200: 125.370: [GC concurrent-mark-end, 0.0041773 secs]
2020-09-29T12:03:56.682+0200: 125.370: [GC remark 2020-09-29T12:03:56.682+0200: 125.370: [Finalize Marking, 0.0002255 secs] 2020-09-29T12:03:56.683+0200: 125.370: [GC ref-proc, 0.0004788 secs] 2020-09-29T12:03:56.683+0200: 125.371: [Unloading, 0.0004911 secs], 0.0016144 secs]
 [Times: user=0.00 sys=0.00, real=0.00 secs] 
2020-09-29T12:03:56.684+0200: 125.372: [GC cleanup 1059M->22M(2048M), 0.0013692 secs]
 [Times: user=0.00 sys=0.00, real=0.00 secs] 
2020-09-29T12:03:56.686+0200: 125.374: [GC concurrent-cleanup-start]
2020-09-29T12:03:56.688+0200: 125.376: [GC concurrent-cleanup-end, 0.0019425 secs]
2020-09-29T12:03:56.884+0200: 125.571: [GC pause (G1 Evacuation Pause) (young), 0.1789400 secs]
   [Parallel Time: 177.7 ms, GC Workers: 8]
      [GC Worker Start (ms): Min: 125571.6, Avg: 125571.6, Max: 125571.7, Diff: 0.2]
      [Ext Root Scanning (ms): Min: 0.0, Avg: 0.1, Max: 0.1, Diff: 0.1, Sum: 0.7]
      [Update RS (ms): Min: 17.2, Avg: 17.5, Max: 18.0, Diff: 0.8, Sum: 139.7]
         [Processed Buffers: Min: 15, Avg: 17.3, Max: 20, Diff: 5, Sum: 138]
      [Scan RS (ms): Min: 17.8, Avg: 18.4, Max: 18.7, Diff: 0.9, Sum: 147.4]
      [Code Root Scanning (ms): Min: 0.0, Avg: 0.0, Max: 0.0, Diff: 0.0, Sum: 0.0]
      [Object Copy (ms): Min: 140.6, Avg: 140.8, Max: 141.3, Diff: 0.6, Sum: 1126.4]
      [Termination (ms): Min: 0.1, Avg: 0.7, Max: 0.8, Diff: 0.7, Sum: 5.6]
         [Termination Attempts: Min: 1, Avg: 910.4, Max: 1171, Diff: 1170, Sum: 7283]
      [GC Worker Other (ms): Min: 0.0, Avg: 0.0, Max: 0.0, Diff: 0.0, Sum: 0.1]
      [GC Worker Total (ms): Min: 177.4, Avg: 177.5, Max: 177.6, Diff: 0.2, Sum: 1420.0]
      [GC Worker End (ms): Min: 125749.1, Avg: 125749.1, Max: 125749.1, Diff: 0.0]
   [Code Root Fixup: 0.0 ms]
   [Code Root Purge: 0.0 ms]
   [Clear CT: 0.2 ms]
   [Other: 1.1 ms]
      [Choose CSet: 0.0 ms]
      [Ref Proc: 0.2 ms]
      [Ref Enq: 0.0 ms]
      [Redirty Cards: 0.2 ms]
      [Humongous Register: 0.0 ms]
      [Humongous Reclaim: 0.0 ms]
      [Free CSet: 0.3 ms]
   [Eden: 328.0M(328.0M)->0.0B(278.0M) Survivors: 4096.0K->42.0M Heap: 394.8M(2048.0M)->393.3M(2048.0M)]
 [Times: user=1.33 sys=0.02, real=0.18 secs] 
2020-09-29T12:03:57.245+0200: 125.933: [GC pause (G1 Evacuation Pause) (young), 0.1854501 secs]
   [Parallel Time: 184.4 ms, GC Workers: 8]
      [GC Worker Start (ms): Min: 125932.6, Avg: 125932.7, Max: 125932.7, Diff: 0.1]
      [Ext Root Scanning (ms): Min: 0.0, Avg: 0.1, Max: 0.1, Diff: 0.1, Sum: 0.7]
      [Update RS (ms): Min: 19.5, Avg: 19.8, Max: 20.4, Diff: 0.9, Sum: 158.4]
         [Processed Buffers: Min: 18, Avg: 18.5, Max: 20, Diff: 2, Sum: 148]
      [Scan RS (ms): Min: 18.0, Avg: 18.5, Max: 18.9, Diff: 0.9, Sum: 148.0]
      [Code Root Scanning (ms): Min: 0.0, Avg: 0.0, Max: 0.0, Diff: 0.0, Sum: 0.0]
      [Object Copy (ms): Min: 145.5, Avg: 145.7, Max: 145.8, Diff: 0.3, Sum: 1165.3]
      [Termination (ms): Min: 0.0, Avg: 0.2, Max: 0.2, Diff: 0.2, Sum: 1.3]
         [Termination Attempts: Min: 1, Avg: 1069.8, Max: 1402, Diff: 1401, Sum: 8558]
      [GC Worker Other (ms): Min: 0.0, Avg: 0.0, Max: 0.1, Diff: 0.1, Sum: 0.3]
      [GC Worker Total (ms): Min: 184.2, Avg: 184.3, Max: 184.3, Diff: 0.1, Sum: 1474.0]
      [GC Worker End (ms): Min: 126116.9, Avg: 126116.9, Max: 126117.0, Diff: 0.0]
   [Code Root Fixup: 0.0 ms]
   [Code Root Purge: 0.0 ms]
   [Clear CT: 0.2 ms]
   [Other: 0.9 ms]
      [Choose CSet: 0.0 ms]
      [Ref Proc: 0.2 ms]
      [Ref Enq: 0.0 ms]
      [Redirty Cards: 0.2 ms]
      [Humongous Register: 0.0 ms]
      [Humongous Reclaim: 0.0 ms]
      [Free CSet: 0.2 ms]
   [Eden: 278.0M(278.0M)->0.0B(262.0M) Survivors: 42.0M->40.0M Heap: 717.1M(2048.0M)->719.6M(2048.0M)]
 [Times: user=1.41 sys=0.00, real=0.19 secs] 
2020-09-29T12:03:57.581+0200: 126.269: [GC pause (G1 Evacuation Pause) (young), 0.1744925 secs]
   [Parallel Time: 173.3 ms, GC Workers: 8]
      [GC Worker Start (ms): Min: 126268.7, Avg: 126271.4, Max: 126289.4, Diff: 20.7]
      [Ext Root Scanning (ms): Min: 0.0, Avg: 0.1, Max: 0.2, Diff: 0.2, Sum: 0.8]
      [Update RS (ms): Min: 0.0, Avg: 16.5, Max: 19.4, Diff: 19.4, Sum: 131.9]
         [Processed Buffers: Min: 0, Avg: 18.4, Max: 22, Diff: 22, Sum: 147]
      [Scan RS (ms): Min: 14.3, Avg: 16.1, Max: 16.9, Diff: 2.6, Sum: 128.4]
      [Code Root Scanning (ms): Min: 0.0, Avg: 0.0, Max: 0.0, Diff: 0.0, Sum: 0.0]
      [Object Copy (ms): Min: 137.1, Avg: 137.8, Max: 138.1, Diff: 1.0, Sum: 1102.6]
      [Termination (ms): Min: 0.0, Avg: 0.1, Max: 0.1, Diff: 0.1, Sum: 0.6]
         [Termination Attempts: Min: 1, Avg: 525.6, Max: 689, Diff: 688, Sum: 4205]
      [GC Worker Other (ms): Min: 0.0, Avg: 0.0, Max: 0.1, Diff: 0.0, Sum: 0.2]
      [GC Worker Total (ms): Min: 152.5, Avg: 170.6, Max: 173.2, Diff: 20.7, Sum: 1364.6]
      [GC Worker End (ms): Min: 126441.9, Avg: 126442.0, Max: 126442.0, Diff: 0.0]
   [Code Root Fixup: 0.0 ms]
   [Code Root Purge: 0.0 ms]
   [Clear CT: 0.2 ms]
   [Other: 1.0 ms]
      [Choose CSet: 0.0 ms]
      [Ref Proc: 0.2 ms]
      [Ref Enq: 0.0 ms]
      [Redirty Cards: 0.2 ms]
      [Humongous Register: 0.0 ms]
      [Humongous Reclaim: 0.0 ms]
      [Free CSet: 0.3 ms]
   [Eden: 262.0M(262.0M)->0.0B(263.0M) Survivors: 40.0M->38.0M Heap: 1025.5M(2048.0M)->1027.5M(2048.0M)]
 [Times: user=1.45 sys=0.00, real=0.17 secs] 
2020-09-29T12:03:57.757+0200: 126.444: [GC pause (G1 Humongous Allocation) (young) (initial-mark), 0.0697131 secs]
   [Parallel Time: 68.8 ms, GC Workers: 8]
      [GC Worker Start (ms): Min: 126444.6, Avg: 126444.7, Max: 126444.8, Diff: 0.1]
      [Ext Root Scanning (ms): Min: 0.0, Avg: 0.2, Max: 0.5, Diff: 0.5, Sum: 1.6]
      [Update RS (ms): Min: 46.8, Avg: 47.0, Max: 47.4, Diff: 0.6, Sum: 376.1]
         [Processed Buffers: Min: 47, Avg: 50.8, Max: 53, Diff: 6, Sum: 406]
      [Scan RS (ms): Min: 0.0, Avg: 0.1, Max: 0.3, Diff: 0.3, Sum: 0.4]
      [Code Root Scanning (ms): Min: 0.0, Avg: 0.0, Max: 0.0, Diff: 0.0, Sum: 0.0]
      [Object Copy (ms): Min: 20.9, Avg: 21.2, Max: 21.4, Diff: 0.5, Sum: 169.7]
      [Termination (ms): Min: 0.0, Avg: 0.1, Max: 0.1, Diff: 0.1, Sum: 0.7]
         [Termination Attempts: Min: 1, Avg: 470.0, Max: 633, Diff: 632, Sum: 3760]
      [GC Worker Other (ms): Min: 0.0, Avg: 0.0, Max: 0.0, Diff: 0.0, Sum: 0.2]
      [GC Worker Total (ms): Min: 68.5, Avg: 68.6, Max: 68.7, Diff: 0.2, Sum: 548.7]
      [GC Worker End (ms): Min: 126513.3, Avg: 126513.3, Max: 126513.3, Diff: 0.0]
   [Code Root Fixup: 0.0 ms]
   [Code Root Purge: 0.0 ms]
   [Clear CT: 0.2 ms]
   [Other: 0.7 ms]
      [Choose CSet: 0.0 ms]
      [Ref Proc: 0.2 ms]
      [Ref Enq: 0.0 ms]
      [Redirty Cards: 0.2 ms]
      [Humongous Register: 0.1 ms]
      [Humongous Reclaim: 0.0 ms]
      [Free CSet: 0.1 ms]
   [Eden: 2048.0K(263.0M)->0.0B(277.0M) Survivors: 38.0M->3072.0K Heap: 1029.5M(2048.0M)->1032.5M(2048.0M)]
 [Times: user=0.50 sys=0.00, real=0.07 secs] 
2020-09-29T12:03:57.826+0200: 126.514: [GC concurrent-root-region-scan-start]
2020-09-29T12:03:57.827+0200: 126.515: [GC concurrent-root-region-scan-end, 0.0007068 secs]
2020-09-29T12:03:57.827+0200: 126.515: [GC concurrent-mark-start]
2020-09-29T12:03:57.831+0200: 126.518: [GC concurrent-mark-end, 0.0033022 secs]
2020-09-29T12:03:57.831+0200: 126.519: [GC remark 2020-09-29T12:03:57.831+0200: 126.519: [Finalize Marking, 0.0002116 secs] 2020-09-29T12:03:57.831+0200: 126.519: [GC ref-proc, 0.0003809 secs] 2020-09-29T12:03:57.831+0200: 126.519: [Unloading, 0.0005677 secs], 0.0016463 secs]
 [Times: user=0.00 sys=0.00, real=0.00 secs] 
2020-09-29T12:03:57.833+0200: 126.521: [GC cleanup 1042M->20M(2048M), 0.0016962 secs]
 [Times: user=0.00 sys=0.00, real=0.00 secs] 
2020-09-29T12:03:57.835+0200: 126.522: [GC concurrent-cleanup-start]
2020-09-29T12:03:57.836+0200: 126.524: [GC concurrent-cleanup-end, 0.0015883 secs]
2020-09-29T12:03:57.996+0200: 126.683: [GC pause (G1 Evacuation Pause) (young), 0.1544232 secs]
   [Parallel Time: 153.3 ms, GC Workers: 8]
      [GC Worker Start (ms): Min: 126683.6, Avg: 126683.7, Max: 126683.8, Diff: 0.2]
      [Ext Root Scanning (ms): Min: 0.0, Avg: 0.1, Max: 0.2, Diff: 0.2, Sum: 0.5]
      [Update RS (ms): Min: 19.0, Avg: 19.2, Max: 19.8, Diff: 0.8, Sum: 153.3]
         [Processed Buffers: Min: 17, Avg: 19.8, Max: 23, Diff: 6, Sum: 158]
      [Scan RS (ms): Min: 13.1, Avg: 13.8, Max: 14.0, Diff: 0.8, Sum: 110.7]
      [Code Root Scanning (ms): Min: 0.0, Avg: 0.0, Max: 0.0, Diff: 0.0, Sum: 0.0]
      [Object Copy (ms): Min: 120.0, Avg: 120.0, Max: 120.0, Diff: 0.1, Sum: 960.0]
      [Termination (ms): Min: 0.0, Avg: 0.0, Max: 0.0, Diff: 0.0, Sum: 0.1]
         [Termination Attempts: Min: 1, Avg: 111.6, Max: 146, Diff: 145, Sum: 893]
      [GC Worker Other (ms): Min: 0.0, Avg: 0.0, Max: 0.1, Diff: 0.1, Sum: 0.3]
      [GC Worker Total (ms): Min: 153.0, Avg: 153.1, Max: 153.2, Diff: 0.2, Sum: 1224.9]
      [GC Worker End (ms): Min: 126836.8, Avg: 126836.8, Max: 126836.8, Diff: 0.1]
   [Code Root Fixup: 0.0 ms]
   [Code Root Purge: 0.0 ms]
   [Clear CT: 0.2 ms]
   [Other: 0.9 ms]
      [Choose CSet: 0.0 ms]
      [Ref Proc: 0.2 ms]
      [Ref Enq: 0.0 ms]
      [Redirty Cards: 0.2 ms]
      [Humongous Register: 0.0 ms]
      [Humongous Reclaim: 0.0 ms]
      [Free CSet: 0.2 ms]
   [Eden: 277.0M(277.0M)->0.0B(264.0M) Survivors: 3072.0K->35.0M Heap: 335.7M(2048.0M)->334.7M(2048.0M)]
 [Times: user=1.19 sys=0.00, real=0.15 secs] 
2020-09-29T12:03:58.296+0200: 126.984: [GC pause (G1 Evacuation Pause) (young), 0.1933184 secs]
   [Parallel Time: 192.2 ms, GC Workers: 8]
      [GC Worker Start (ms): Min: 126984.3, Avg: 126984.4, Max: 126984.4, Diff: 0.2]
      [Ext Root Scanning (ms): Min: 0.0, Avg: 0.1, Max: 0.2, Diff: 0.2, Sum: 0.6]
      [Update RS (ms): Min: 19.4, Avg: 19.7, Max: 20.2, Diff: 0.7, Sum: 157.3]
         [Processed Buffers: Min: 18, Avg: 22.0, Max: 25, Diff: 7, Sum: 176]
      [Scan RS (ms): Min: 13.7, Avg: 14.2, Max: 16.4, Diff: 2.6, Sum: 113.3]
      [Code Root Scanning (ms): Min: 0.0, Avg: 0.0, Max: 0.0, Diff: 0.0, Sum: 0.0]
      [Object Copy (ms): Min: 155.1, Avg: 157.5, Max: 158.4, Diff: 3.3, Sum: 1260.4]
      [Termination (ms): Min: 0.0, Avg: 0.5, Max: 0.7, Diff: 0.7, Sum: 3.7]
         [Termination Attempts: Min: 1, Avg: 3539.0, Max: 4727, Diff: 4726, Sum: 28312]
      [GC Worker Other (ms): Min: 0.0, Avg: 0.0, Max: 0.1, Diff: 0.0, Sum: 0.3]
      [GC Worker Total (ms): Min: 191.8, Avg: 191.9, Max: 192.0, Diff: 0.2, Sum: 1535.5]
      [GC Worker End (ms): Min: 127176.3, Avg: 127176.3, Max: 127176.3, Diff: 0.0]
   [Code Root Fixup: 0.0 ms]
   [Code Root Purge: 0.0 ms]
   [Clear CT: 0.2 ms]
   [Other: 1.0 ms]
      [Choose CSet: 0.0 ms]
      [Ref Proc: 0.2 ms]
      [Ref Enq: 0.0 ms]
      [Redirty Cards: 0.2 ms]
      [Humongous Register: 0.0 ms]
      [Humongous Reclaim: 0.0 ms]
      [Free CSet: 0.3 ms]
   [Eden: 264.0M(264.0M)->0.0B(247.0M) Survivors: 35.0M->38.0M Heap: 642.6M(2048.0M)->644.6M(2048.0M)]
 [Times: user=1.38 sys=0.05, real=0.19 secs] 
2020-09-29T12:03:58.623+0200: 127.311: [GC pause (G1 Evacuation Pause) (young), 0.1518589 secs]
   [Parallel Time: 150.8 ms, GC Workers: 8]
      [GC Worker Start (ms): Min: 127311.1, Avg: 127311.2, Max: 127311.2, Diff: 0.1]
      [Ext Root Scanning (ms): Min: 0.0, Avg: 0.1, Max: 0.2, Diff: 0.1, Sum: 0.5]
      [Update RS (ms): Min: 24.7, Avg: 24.9, Max: 25.5, Diff: 0.8, Sum: 199.3]
         [Processed Buffers: Min: 23, Avg: 26.0, Max: 29, Diff: 6, Sum: 208]
      [Scan RS (ms): Min: 9.1, Avg: 9.8, Max: 10.8, Diff: 1.8, Sum: 78.0]
      [Code Root Scanning (ms): Min: 0.0, Avg: 0.0, Max: 0.0, Diff: 0.0, Sum: 0.0]
      [Object Copy (ms): Min: 114.9, Avg: 115.8, Max: 115.9, Diff: 1.0, Sum: 926.3]
      [Termination (ms): Min: 0.0, Avg: 0.0, Max: 0.0, Diff: 0.0, Sum: 0.2]
         [Termination Attempts: Min: 1, Avg: 217.6, Max: 282, Diff: 281, Sum: 1741]
      [GC Worker Other (ms): Min: 0.0, Avg: 0.0, Max: 0.1, Diff: 0.0, Sum: 0.3]
      [GC Worker Total (ms): Min: 150.5, Avg: 150.6, Max: 150.7, Diff: 0.2, Sum: 1204.7]
      [GC Worker End (ms): Min: 127461.7, Avg: 127461.8, Max: 127461.8, Diff: 0.0]
   [Code Root Fixup: 0.0 ms]
   [Code Root Purge: 0.0 ms]
   [Clear CT: 0.1 ms]
   [Other: 0.9 ms]
      [Choose CSet: 0.0 ms]
      [Ref Proc: 0.1 ms]
      [Ref Enq: 0.0 ms]
      [Redirty Cards: 0.3 ms]
      [Humongous Register: 0.0 ms]
      [Humongous Reclaim: 0.0 ms]
      [Free CSet: 0.3 ms]
   [Eden: 247.0M(247.0M)->0.0B(265.0M) Survivors: 38.0M->36.0M Heap: 931.6M(2048.0M)->934.1M(2048.0M)]
 [Times: user=1.23 sys=0.00, real=0.15 secs] 
2020-09-29T12:03:58.828+0200: 127.515: [GC pause (G1 Humongous Allocation) (young) (initial-mark), 0.0860221 secs]
   [Parallel Time: 84.4 ms, GC Workers: 8]
      [GC Worker Start (ms): Min: 127515.5, Avg: 127515.5, Max: 127515.6, Diff: 0.1]
      [Ext Root Scanning (ms): Min: 0.0, Avg: 0.1, Max: 0.1, Diff: 0.1, Sum: 0.7]
      [Update RS (ms): Min: 22.2, Avg: 22.6, Max: 23.1, Diff: 0.9, Sum: 180.6]
         [Processed Buffers: Min: 22, Avg: 23.9, Max: 25, Diff: 3, Sum: 191]
      [Scan RS (ms): Min: 2.0, Avg: 2.5, Max: 2.9, Diff: 0.9, Sum: 20.2]
      [Code Root Scanning (ms): Min: 0.0, Avg: 0.0, Max: 0.0, Diff: 0.0, Sum: 0.0]
      [Object Copy (ms): Min: 59.0, Avg: 59.1, Max: 59.1, Diff: 0.2, Sum: 472.4]
      [Termination (ms): Min: 0.1, Avg: 0.1, Max: 0.2, Diff: 0.2, Sum: 0.9]
         [Termination Attempts: Min: 1, Avg: 394.5, Max: 552, Diff: 551, Sum: 3156]
      [GC Worker Other (ms): Min: 0.0, Avg: 0.0, Max: 0.0, Diff: 0.0, Sum: 0.1]
      [GC Worker Total (ms): Min: 84.3, Avg: 84.4, Max: 84.4, Diff: 0.1, Sum: 674.8]
      [GC Worker End (ms): Min: 127599.9, Avg: 127599.9, Max: 127599.9, Diff: 0.0]
   [Code Root Fixup: 0.0 ms]
   [Code Root Purge: 0.0 ms]
   [Clear CT: 0.2 ms]
   [Other: 1.4 ms]
      [Choose CSet: 0.0 ms]
      [Ref Proc: 0.3 ms]
      [Ref Enq: 0.0 ms]
      [Redirty Cards: 0.8 ms]
      [Humongous Register: 0.0 ms]
      [Humongous Reclaim: 0.0 ms]
      [Free CSet: 0.1 ms]
   [Eden: 94.0M(265.0M)->0.0B(279.0M) Survivors: 36.0M->38.0M Heap: 1042.9M(2048.0M)->1044.4M(2048.0M)]
 [Times: user=0.70 sys=0.01, real=0.09 secs] 
2020-09-29T12:03:58.914+0200: 127.601: [GC concurrent-root-region-scan-start]
2020-09-29T12:03:58.926+0200: 127.614: [GC concurrent-root-region-scan-end, 0.0121558 secs]
2020-09-29T12:03:58.926+0200: 127.614: [GC concurrent-mark-start]
2020-09-29T12:03:58.929+0200: 127.617: [GC concurrent-mark-end, 0.0028973 secs]
2020-09-29T12:03:58.929+0200: 127.617: [GC remark 2020-09-29T12:03:58.929+0200: 127.617: [Finalize Marking, 0.0001908 secs] 2020-09-29T12:03:58.929+0200: 127.617: [GC ref-proc, 0.0002992 secs] 2020-09-29T12:03:58.930+0200: 127.617: [Unloading, 0.0004746 secs], 0.0014545 secs]
 [Times: user=0.00 sys=0.00, real=0.00 secs] 
2020-09-29T12:03:58.931+0200: 127.619: [GC cleanup 1076M->77M(2048M), 0.0012841 secs]
 [Times: user=0.00 sys=0.00, real=0.00 secs] 
2020-09-29T12:03:58.932+0200: 127.620: [GC concurrent-cleanup-start]
2020-09-29T12:03:58.933+0200: 127.621: [GC concurrent-cleanup-end, 0.0011256 secs]
2020-09-29T12:03:59.083+0200: 127.771: [GC pause (G1 Evacuation Pause) (young), 0.1652632 secs]
   [Parallel Time: 164.2 ms, GC Workers: 8]
      [GC Worker Start (ms): Min: 127771.0, Avg: 127771.0, Max: 127771.1, Diff: 0.1]
      [Ext Root Scanning (ms): Min: 0.0, Avg: 0.1, Max: 0.1, Diff: 0.1, Sum: 0.7]
      [Update RS (ms): Min: 23.7, Avg: 23.9, Max: 24.6, Diff: 0.9, Sum: 191.5]
         [Processed Buffers: Min: 13, Avg: 19.6, Max: 25, Diff: 12, Sum: 157]
      [Scan RS (ms): Min: 15.5, Avg: 16.2, Max: 16.5, Diff: 1.0, Sum: 129.5]
      [Code Root Scanning (ms): Min: 0.0, Avg: 0.0, Max: 0.0, Diff: 0.0, Sum: 0.0]
      [Object Copy (ms): Min: 123.7, Avg: 123.8, Max: 123.8, Diff: 0.1, Sum: 990.3]
      [Termination (ms): Min: 0.0, Avg: 0.0, Max: 0.0, Diff: 0.0, Sum: 0.3]
         [Termination Attempts: Min: 1, Avg: 228.9, Max: 280, Diff: 279, Sum: 1831]
      [GC Worker Other (ms): Min: 0.0, Avg: 0.0, Max: 0.1, Diff: 0.0, Sum: 0.3]
      [GC Worker Total (ms): Min: 164.0, Avg: 164.1, Max: 164.1, Diff: 0.1, Sum: 1312.6]
      [GC Worker End (ms): Min: 127935.1, Avg: 127935.1, Max: 127935.1, Diff: 0.0]
   [Code Root Fixup: 0.0 ms]
   [Code Root Purge: 0.0 ms]
   [Clear CT: 0.1 ms]
   [Other: 0.9 ms]
      [Choose CSet: 0.0 ms]
      [Ref Proc: 0.1 ms]
      [Ref Enq: 0.0 ms]
      [Redirty Cards: 0.2 ms]
      [Humongous Register: 0.0 ms]
      [Humongous Reclaim: 0.0 ms]
      [Free CSet: 0.3 ms]
   [Eden: 279.0M(279.0M)->0.0B(276.0M) Survivors: 38.0M->40.0M Heap: 372.7M(2048.0M)->337.2M(2048.0M)]
 [Times: user=1.14 sys=0.02, real=0.16 secs] 
2020-09-29T12:03:59.390+0200: 128.078: [GC pause (G1 Evacuation Pause) (young), 0.1644099 secs]
   [Parallel Time: 163.4 ms, GC Workers: 8]
      [GC Worker Start (ms): Min: 128078.3, Avg: 128078.4, Max: 128078.4, Diff: 0.1]
      [Ext Root Scanning (ms): Min: 0.0, Avg: 0.1, Max: 0.1, Diff: 0.1, Sum: 0.5]
      [Update RS (ms): Min: 16.8, Avg: 17.1, Max: 17.6, Diff: 0.7, Sum: 136.7]
         [Processed Buffers: Min: 19, Avg: 20.4, Max: 23, Diff: 4, Sum: 163]
      [Scan RS (ms): Min: 14.6, Avg: 15.2, Max: 16.0, Diff: 1.4, Sum: 121.9]
      [Code Root Scanning (ms): Min: 0.0, Avg: 0.0, Max: 0.0, Diff: 0.0, Sum: 0.0]
      [Object Copy (ms): Min: 130.0, Avg: 130.8, Max: 131.0, Diff: 1.0, Sum: 1046.4]
      [Termination (ms): Min: 0.0, Avg: 0.0, Max: 0.1, Diff: 0.1, Sum: 0.4]
         [Termination Attempts: Min: 1, Avg: 285.6, Max: 384, Diff: 383, Sum: 2285]
      [GC Worker Other (ms): Min: 0.0, Avg: 0.0, Max: 0.0, Diff: 0.0, Sum: 0.3]
      [GC Worker Total (ms): Min: 163.2, Avg: 163.3, Max: 163.4, Diff: 0.1, Sum: 1306.2]
      [GC Worker End (ms): Min: 128241.6, Avg: 128241.6, Max: 128241.6, Diff: 0.0]
   [Code Root Fixup: 0.0 ms]
   [Code Root Purge: 0.0 ms]
   [Clear CT: 0.2 ms]
   [Other: 0.8 ms]
      [Choose CSet: 0.0 ms]
      [Ref Proc: 0.2 ms]
      [Ref Enq: 0.0 ms]
      [Redirty Cards: 0.2 ms]
      [Humongous Register: 0.0 ms]
      [Humongous Reclaim: 0.0 ms]
      [Free CSet: 0.2 ms]
   [Eden: 276.0M(276.0M)->0.0B(280.0M) Survivors: 40.0M->40.0M Heap: 659.0M(2048.0M)->661.5M(2048.0M)]
 [Times: user=1.27 sys=0.00, real=0.16 secs] 
2020-09-29T12:03:59.701+0200: 128.389: [GC pause (G1 Evacuation Pause) (young), 0.1644057 secs]
   [Parallel Time: 163.2 ms, GC Workers: 8]
      [GC Worker Start (ms): Min: 128388.8, Avg: 128388.9, Max: 128388.9, Diff: 0.2]
      [Ext Root Scanning (ms): Min: 0.0, Avg: 0.1, Max: 0.2, Diff: 0.2, Sum: 0.5]
      [Update RS (ms): Min: 14.3, Avg: 14.5, Max: 14.9, Diff: 0.6, Sum: 116.3]
         [Processed Buffers: Min: 15, Avg: 16.8, Max: 20, Diff: 5, Sum: 134]
      [Scan RS (ms): Min: 15.4, Avg: 15.8, Max: 16.1, Diff: 0.6, Sum: 126.7]
      [Code Root Scanning (ms): Min: 0.0, Avg: 0.0, Max: 0.0, Diff: 0.0, Sum: 0.0]
      [Object Copy (ms): Min: 132.4, Avg: 132.5, Max: 132.6, Diff: 0.1, Sum: 1059.7]
      [Termination (ms): Min: 0.0, Avg: 0.0, Max: 0.1, Diff: 0.1, Sum: 0.4]
         [Termination Attempts: Min: 1, Avg: 355.4, Max: 465, Diff: 464, Sum: 2843]
      [GC Worker Other (ms): Min: 0.0, Avg: 0.1, Max: 0.1, Diff: 0.1, Sum: 0.4]
      [GC Worker Total (ms): Min: 162.9, Avg: 163.0, Max: 163.1, Diff: 0.2, Sum: 1303.9]
      [GC Worker End (ms): Min: 128551.8, Avg: 128551.9, Max: 128551.9, Diff: 0.1]
   [Code Root Fixup: 0.0 ms]
   [Code Root Purge: 0.0 ms]
   [Clear CT: 0.2 ms]
   [Other: 1.0 ms]
      [Choose CSet: 0.0 ms]
      [Ref Proc: 0.2 ms]
      [Ref Enq: 0.0 ms]
      [Redirty Cards: 0.3 ms]
      [Humongous Register: 0.0 ms]
      [Humongous Reclaim: 0.0 ms]
      [Free CSet: 0.3 ms]
   [Eden: 280.0M(280.0M)->0.0B(287.0M) Survivors: 40.0M->40.0M Heap: 987.2M(2048.0M)->989.7M(2048.0M)]
 [Times: user=1.38 sys=0.00, real=0.16 secs] 
2020-09-29T12:03:59.872+0200: 128.560: [GC pause (G1 Humongous Allocation) (young) (initial-mark), 0.0607111 secs]
   [Parallel Time: 59.6 ms, GC Workers: 8]
      [GC Worker Start (ms): Min: 128560.0, Avg: 128560.1, Max: 128560.2, Diff: 0.2]
      [Ext Root Scanning (ms): Min: 0.0, Avg: 0.4, Max: 0.8, Diff: 0.8, Sum: 3.0]
      [Update RS (ms): Min: 37.8, Avg: 38.5, Max: 39.1, Diff: 1.2, Sum: 307.8]
         [Processed Buffers: Min: 41, Avg: 43.9, Max: 47, Diff: 6, Sum: 351]
      [Scan RS (ms): Min: 2.3, Avg: 2.7, Max: 2.9, Diff: 0.6, Sum: 21.5]
      [Code Root Scanning (ms): Min: 0.0, Avg: 0.0, Max: 0.0, Diff: 0.0, Sum: 0.0]
      [Object Copy (ms): Min: 17.8, Avg: 17.8, Max: 17.9, Diff: 0.1, Sum: 142.5]
      [Termination (ms): Min: 0.0, Avg: 0.0, Max: 0.0, Diff: 0.0, Sum: 0.3]
         [Termination Attempts: Min: 1, Avg: 113.0, Max: 156, Diff: 155, Sum: 904]
      [GC Worker Other (ms): Min: 0.0, Avg: 0.0, Max: 0.0, Diff: 0.0, Sum: 0.1]
      [GC Worker Total (ms): Min: 59.3, Avg: 59.4, Max: 59.5, Diff: 0.2, Sum: 475.1]
      [GC Worker End (ms): Min: 128619.5, Avg: 128619.5, Max: 128619.5, Diff: 0.0]
   [Code Root Fixup: 0.0 ms]
   [Code Root Purge: 0.0 ms]
   [Clear CT: 0.2 ms]
   [Other: 1.0 ms]
      [Choose CSet: 0.0 ms]
      [Ref Proc: 0.2 ms]
      [Ref Enq: 0.0 ms]
      [Redirty Cards: 0.3 ms]
      [Humongous Register: 0.1 ms]
      [Humongous Reclaim: 0.0 ms]
      [Free CSet: 0.1 ms]
   [Eden: 1024.0K(287.0M)->0.0B(344.0M) Survivors: 40.0M->3072.0K Heap: 990.2M(2048.0M)->994.7M(2048.0M)]
 [Times: user=0.50 sys=0.00, real=0.06 secs] 
2020-09-29T12:03:59.933+0200: 128.621: [GC concurrent-root-region-scan-start]
2020-09-29T12:03:59.933+0200: 128.621: [GC concurrent-root-region-scan-end, 0.0003671 secs]
2020-09-29T12:03:59.933+0200: 128.621: [GC concurrent-mark-start]
2020-09-29T12:03:59.938+0200: 128.626: [GC concurrent-mark-end, 0.0044771 secs]
2020-09-29T12:03:59.938+0200: 128.626: [GC remark 2020-09-29T12:03:59.938+0200: 128.626: [Finalize Marking, 0.0002704 secs] 2020-09-29T12:03:59.938+0200: 128.626: [GC ref-proc, 0.0003822 secs] 2020-09-29T12:03:59.939+0200: 128.626: [Unloading, 0.0005320 secs], 0.0015879 secs]
 [Times: user=0.00 sys=0.00, real=0.00 secs] 
2020-09-29T12:03:59.940+0200: 128.628: [GC cleanup 1006M->22M(2048M), 0.0018674 secs]
 [Times: user=0.05 sys=0.00, real=0.00 secs] 
2020-09-29T12:03:59.942+0200: 128.630: [GC concurrent-cleanup-start]
2020-09-29T12:03:59.944+0200: 128.632: [GC concurrent-cleanup-end, 0.0020527 secs]
2020-09-29T12:04:00.135+0200: 128.823: [GC pause (G1 Evacuation Pause) (young), 0.1871831 secs]
   [Parallel Time: 186.0 ms, GC Workers: 8]
      [GC Worker Start (ms): Min: 128822.8, Avg: 128822.8, Max: 128822.9, Diff: 0.1]
      [Ext Root Scanning (ms): Min: 0.0, Avg: 0.1, Max: 0.1, Diff: 0.1, Sum: 0.7]
      [Update RS (ms): Min: 25.6, Avg: 25.7, Max: 25.9, Diff: 0.2, Sum: 205.7]
         [Processed Buffers: Min: 22, Avg: 25.5, Max: 29, Diff: 7, Sum: 204]
      [Scan RS (ms): Min: 18.3, Avg: 18.4, Max: 18.5, Diff: 0.2, Sum: 147.1]
      [Code Root Scanning (ms): Min: 0.0, Avg: 0.0, Max: 0.0, Diff: 0.0, Sum: 0.0]
      [Object Copy (ms): Min: 141.4, Avg: 141.5, Max: 141.6, Diff: 0.2, Sum: 1132.2]
      [Termination (ms): Min: 0.0, Avg: 0.2, Max: 0.2, Diff: 0.2, Sum: 1.5]
         [Termination Attempts: Min: 1, Avg: 1443.0, Max: 1786, Diff: 1785, Sum: 11544]
      [GC Worker Other (ms): Min: 0.0, Avg: 0.0, Max: 0.1, Diff: 0.1, Sum: 0.3]
      [GC Worker Total (ms): Min: 185.9, Avg: 185.9, Max: 186.0, Diff: 0.1, Sum: 1487.5]
      [GC Worker End (ms): Min: 129008.7, Avg: 129008.7, Max: 129008.8, Diff: 0.1]
   [Code Root Fixup: 0.0 ms]
   [Code Root Purge: 0.0 ms]
   [Clear CT: 0.2 ms]
   [Other: 0.9 ms]
      [Choose CSet: 0.0 ms]
      [Ref Proc: 0.2 ms]
      [Ref Enq: 0.0 ms]
      [Redirty Cards: 0.3 ms]
      [Humongous Register: 0.0 ms]
      [Humongous Reclaim: 0.0 ms]
      [Free CSet: 0.2 ms]
   [Eden: 344.0M(344.0M)->0.0B(292.0M) Survivors: 3072.0K->44.0M Heap: 414.1M(2048.0M)->412.6M(2048.0M)]
 [Times: user=1.45 sys=0.05, real=0.19 secs] 
2020-09-29T12:04:00.488+0200: 129.175: [GC pause (G1 Evacuation Pause) (young), 0.1764816 secs]
   [Parallel Time: 175.3 ms, GC Workers: 8]
      [GC Worker Start (ms): Min: 129175.6, Avg: 129175.7, Max: 129175.8, Diff: 0.2]
      [Ext Root Scanning (ms): Min: 0.0, Avg: 0.1, Max: 0.2, Diff: 0.2, Sum: 0.4]
      [Update RS (ms): Min: 12.6, Avg: 12.8, Max: 13.1, Diff: 0.5, Sum: 102.1]
         [Processed Buffers: Min: 13, Avg: 15.0, Max: 17, Diff: 4, Sum: 120]
      [Scan RS (ms): Min: 18.8, Avg: 19.2, Max: 19.4, Diff: 0.6, Sum: 153.4]
      [Code Root Scanning (ms): Min: 0.0, Avg: 0.0, Max: 0.0, Diff: 0.0, Sum: 0.0]
      [Object Copy (ms): Min: 143.0, Avg: 143.1, Max: 143.2, Diff: 0.2, Sum: 1144.7]
      [Termination (ms): Min: 0.0, Avg: 0.0, Max: 0.0, Diff: 0.0, Sum: 0.0]
         [Termination Attempts: Min: 1, Avg: 34.4, Max: 49, Diff: 48, Sum: 275]
      [GC Worker Other (ms): Min: 0.0, Avg: 0.0, Max: 0.1, Diff: 0.1, Sum: 0.3]
      [GC Worker Total (ms): Min: 175.1, Avg: 175.1, Max: 175.2, Diff: 0.2, Sum: 1401.1]
      [GC Worker End (ms): Min: 129350.8, Avg: 129350.8, Max: 129350.9, Diff: 0.1]
   [Code Root Fixup: 0.0 ms]
   [Code Root Purge: 0.0 ms]
   [Clear CT: 0.2 ms]
   [Other: 1.0 ms]
      [Choose CSet: 0.0 ms]
      [Ref Proc: 0.2 ms]
      [Ref Enq: 0.0 ms]
      [Redirty Cards: 0.2 ms]
      [Humongous Register: 0.0 ms]
      [Humongous Reclaim: 0.0 ms]
      [Free CSet: 0.3 ms]
   [Eden: 292.0M(292.0M)->0.0B(282.0M) Survivors: 44.0M->42.0M Heap: 752.3M(2048.0M)->754.3M(2048.0M)]
 [Times: user=1.50 sys=0.00, real=0.18 secs] 
2020-09-29T12:04:01.034+0200: 129.722: [GC pause (G1 Evacuation Pause) (young), 0.4740559 secs]
   [Parallel Time: 471.5 ms, GC Workers: 8]
      [GC Worker Start (ms): Min: 129722.5, Avg: 129722.7, Max: 129722.9, Diff: 0.4]
      [Ext Root Scanning (ms): Min: 0.0, Avg: 0.2, Max: 0.4, Diff: 0.4, Sum: 1.3]
      [Update RS (ms): Min: 39.8, Avg: 40.0, Max: 40.4, Diff: 0.6, Sum: 319.8]
         [Processed Buffers: Min: 16, Avg: 17.6, Max: 21, Diff: 5, Sum: 141]
      [Scan RS (ms): Min: 47.8, Avg: 48.5, Max: 48.9, Diff: 1.1, Sum: 387.9]
      [Code Root Scanning (ms): Min: 0.0, Avg: 0.0, Max: 0.0, Diff: 0.0, Sum: 0.1]
      [Object Copy (ms): Min: 381.4, Avg: 381.7, Max: 382.0, Diff: 0.6, Sum: 3053.7]
      [Termination (ms): Min: 0.0, Avg: 0.0, Max: 0.1, Diff: 0.1, Sum: 0.3]
         [Termination Attempts: Min: 1, Avg: 89.8, Max: 131, Diff: 130, Sum: 718]
      [GC Worker Other (ms): Min: 0.0, Avg: 0.1, Max: 0.3, Diff: 0.2, Sum: 1.0]
      [GC Worker Total (ms): Min: 470.3, Avg: 470.5, Max: 470.8, Diff: 0.5, Sum: 3764.0]
      [GC Worker End (ms): Min: 130193.2, Avg: 130193.2, Max: 130193.4, Diff: 0.2]
   [Code Root Fixup: 0.0 ms]
   [Code Root Purge: 0.0 ms]
   [Clear CT: 0.6 ms]
   [Other: 2.0 ms]
      [Choose CSet: 0.0 ms]
      [Ref Proc: 0.3 ms]
      [Ref Enq: 0.0 ms]
      [Redirty Cards: 0.7 ms]
      [Humongous Register: 0.1 ms]
      [Humongous Reclaim: 0.0 ms]
      [Free CSet: 0.6 ms]
   [Eden: 282.0M(282.0M)->0.0B(86.0M) Survivors: 42.0M->41.0M Heap: 1084.0M(2048.0M)->1086.0M(2048.0M)]
 [Times: user=3.84 sys=0.00, real=0.48 secs] 
2020-09-29T12:04:01.552+0200: 130.240: [GC pause (G1 Humongous Allocation) (young) (initial-mark), 0.1478575 secs]
   [Parallel Time: 145.6 ms, GC Workers: 8]
      [GC Worker Start (ms): Min: 130240.8, Avg: 130240.9, Max: 130241.1, Diff: 0.4]
      [Ext Root Scanning (ms): Min: 0.2, Avg: 0.6, Max: 1.1, Diff: 0.8, Sum: 5.0]
      [Update RS (ms): Min: 70.4, Avg: 71.1, Max: 72.1, Diff: 1.7, Sum: 568.6]
         [Processed Buffers: Min: 28, Avg: 30.4, Max: 34, Diff: 6, Sum: 243]
      [Scan RS (ms): Min: 6.2, Avg: 7.2, Max: 7.5, Diff: 1.3, Sum: 57.3]
      [Code Root Scanning (ms): Min: 0.0, Avg: 0.0, Max: 0.0, Diff: 0.0, Sum: 0.0]
      [Object Copy (ms): Min: 65.9, Avg: 66.0, Max: 66.1, Diff: 0.2, Sum: 528.0]
      [Termination (ms): Min: 0.0, Avg: 0.0, Max: 0.0, Diff: 0.0, Sum: 0.3]
         [Termination Attempts: Min: 1, Avg: 68.4, Max: 93, Diff: 92, Sum: 547]
      [GC Worker Other (ms): Min: 0.0, Avg: 0.1, Max: 0.1, Diff: 0.1, Sum: 0.4]
      [GC Worker Total (ms): Min: 144.7, Avg: 145.0, Max: 145.1, Diff: 0.4, Sum: 1159.6]
      [GC Worker End (ms): Min: 130385.8, Avg: 130385.8, Max: 130385.9, Diff: 0.1]
   [Code Root Fixup: 0.0 ms]
   [Code Root Purge: 0.0 ms]
   [Clear CT: 0.5 ms]
   [Other: 1.7 ms]
      [Choose CSet: 0.0 ms]
      [Ref Proc: 0.5 ms]
      [Ref Enq: 0.0 ms]
      [Redirty Cards: 0.5 ms]
      [Humongous Register: 0.1 ms]
      [Humongous Reclaim: 0.0 ms]
      [Free CSet: 0.2 ms]
   [Eden: 10.0M(86.0M)->0.0B(91.0M) Survivors: 41.0M->11.0M Heap: 1095.5M(2048.0M)->1098.0M(2048.0M)]
 [Times: user=1.11 sys=0.00, real=0.15 secs] 
2020-09-29T12:04:01.701+0200: 130.389: [GC concurrent-root-region-scan-start]
2020-09-29T12:04:01.713+0200: 130.401: [GC concurrent-root-region-scan-end, 0.0117026 secs]
2020-09-29T12:04:01.713+0200: 130.401: [GC concurrent-mark-start]
2020-09-29T12:04:01.721+0200: 130.409: [GC concurrent-mark-end, 0.0084137 secs]
2020-09-29T12:04:01.722+0200: 130.410: [GC remark 2020-09-29T12:04:01.722+0200: 130.410: [Finalize Marking, 0.0006634 secs] 2020-09-29T12:04:01.723+0200: 130.410: [GC ref-proc, 0.0010558 secs] 2020-09-29T12:04:01.724+0200: 130.412: [Unloading, 0.0014800 secs], 0.0042345 secs]
 [Times: user=0.03 sys=0.00, real=0.00 secs] 
2020-09-29T12:04:01.727+0200: 130.415: [GC cleanup 1115M->36M(2048M), 0.0033286 secs]
 [Times: user=0.00 sys=0.00, real=0.00 secs] 
2020-09-29T12:04:01.730+0200: 130.418: [GC concurrent-cleanup-start]
2020-09-29T12:04:01.735+0200: 130.423: [GC concurrent-cleanup-end, 0.0047206 secs]
2020-09-29T12:04:01.853+0200: 130.541: [GC pause (G1 Evacuation Pause) (young), 0.1812810 secs]
   [Parallel Time: 176.8 ms, GC Workers: 8]
      [GC Worker Start (ms): Min: 130540.7, Avg: 130541.0, Max: 130541.3, Diff: 0.5]
      [Ext Root Scanning (ms): Min: 0.0, Avg: 0.2, Max: 0.4, Diff: 0.4, Sum: 1.3]
      [Update RS (ms): Min: 41.8, Avg: 42.5, Max: 43.6, Diff: 1.8, Sum: 340.3]
         [Processed Buffers: Min: 15, Avg: 16.5, Max: 19, Diff: 4, Sum: 132]
      [Scan RS (ms): Min: 0.0, Avg: 0.0, Max: 0.1, Diff: 0.1, Sum: 0.2]
      [Code Root Scanning (ms): Min: 0.0, Avg: 0.0, Max: 0.0, Diff: 0.0, Sum: 0.0]
      [Object Copy (ms): Min: 131.9, Avg: 133.0, Max: 133.6, Diff: 1.8, Sum: 1063.6]
      [Termination (ms): Min: 0.0, Avg: 0.5, Max: 0.6, Diff: 0.6, Sum: 3.9]
         [Termination Attempts: Min: 1, Avg: 1101.3, Max: 1351, Diff: 1350, Sum: 8810]
      [GC Worker Other (ms): Min: 0.0, Avg: 0.0, Max: 0.1, Diff: 0.1, Sum: 0.3]
      [GC Worker Total (ms): Min: 175.9, Avg: 176.2, Max: 176.4, Diff: 0.5, Sum: 1409.6]
      [GC Worker End (ms): Min: 130717.2, Avg: 130717.2, Max: 130717.2, Diff: 0.1]
   [Code Root Fixup: 0.0 ms]
   [Code Root Purge: 0.0 ms]
   [Clear CT: 0.5 ms]
   [Other: 4.0 ms]
      [Choose CSet: 0.0 ms]
      [Ref Proc: 0.3 ms]
      [Ref Enq: 0.0 ms]
      [Redirty Cards: 2.9 ms]
      [Humongous Register: 0.1 ms]
      [Humongous Reclaim: 0.0 ms]
      [Free CSet: 0.2 ms]
   [Eden: 91.0M(91.0M)->0.0B(89.0M) Survivors: 11.0M->13.0M Heap: 125.3M(2048.0M)->116.8M(2048.0M)]
 [Times: user=1.31 sys=0.00, real=0.18 secs] 
2020-09-29T12:04:02.157+0200: 130.845: [GC pause (G1 Evacuation Pause) (young), 0.1688602 secs]
   [Parallel Time: 166.5 ms, GC Workers: 8]
      [GC Worker Start (ms): Min: 130845.2, Avg: 130845.6, Max: 130846.8, Diff: 1.5]
      [Ext Root Scanning (ms): Min: 0.0, Avg: 0.2, Max: 0.4, Diff: 0.4, Sum: 1.6]
      [Update RS (ms): Min: 35.5, Avg: 37.0, Max: 38.0, Diff: 2.6, Sum: 296.1]
         [Processed Buffers: Min: 13, Avg: 15.1, Max: 17, Diff: 4, Sum: 121]
      [Scan RS (ms): Min: 2.2, Avg: 3.0, Max: 3.7, Diff: 1.5, Sum: 23.7]
      [Code Root Scanning (ms): Min: 0.0, Avg: 0.0, Max: 0.0, Diff: 0.0, Sum: 0.0]
      [Object Copy (ms): Min: 125.5, Avg: 125.6, Max: 125.7, Diff: 0.2, Sum: 1004.9]
      [Termination (ms): Min: 0.0, Avg: 0.0, Max: 0.0, Diff: 0.0, Sum: 0.2]
         [Termination Attempts: Min: 1, Avg: 37.8, Max: 53, Diff: 52, Sum: 302]
      [GC Worker Other (ms): Min: 0.0, Avg: 0.0, Max: 0.1, Diff: 0.1, Sum: 0.4]
      [GC Worker Total (ms): Min: 164.7, Avg: 165.9, Max: 166.1, Diff: 1.5, Sum: 1326.8]
      [GC Worker End (ms): Min: 131011.4, Avg: 131011.4, Max: 131011.5, Diff: 0.1]
   [Code Root Fixup: 0.0 ms]
   [Code Root Purge: 0.0 ms]
   [Clear CT: 0.6 ms]
   [Other: 1.7 ms]
      [Choose CSet: 0.0 ms]
      [Ref Proc: 0.5 ms]
      [Ref Enq: 0.0 ms]
      [Redirty Cards: 0.5 ms]
      [Humongous Register: 0.1 ms]
      [Humongous Reclaim: 0.0 ms]
      [Free CSet: 0.2 ms]
   [Eden: 89.0M(89.0M)->0.0B(89.0M) Survivors: 13.0M->13.0M Heap: 221.0M(2048.0M)->223.0M(2048.0M)]
 [Times: user=1.38 sys=0.00, real=0.17 secs] 
2020-09-29T12:04:02.448+0200: 131.136: [GC pause (G1 Evacuation Pause) (young), 0.1847445 secs]
   [Parallel Time: 182.5 ms, GC Workers: 8]
      [GC Worker Start (ms): Min: 131136.3, Avg: 131136.6, Max: 131136.7, Diff: 0.4]
      [Ext Root Scanning (ms): Min: 0.0, Avg: 0.2, Max: 0.4, Diff: 0.4, Sum: 1.3]
      [Update RS (ms): Min: 35.3, Avg: 36.2, Max: 39.7, Diff: 4.4, Sum: 289.5]
         [Processed Buffers: Min: 13, Avg: 14.4, Max: 16, Diff: 3, Sum: 115]
      [Scan RS (ms): Min: 1.1, Avg: 4.6, Max: 5.4, Diff: 4.3, Sum: 36.8]
      [Code Root Scanning (ms): Min: 0.0, Avg: 0.0, Max: 0.0, Diff: 0.0, Sum: 0.0]
      [Object Copy (ms): Min: 140.8, Avg: 140.9, Max: 141.0, Diff: 0.2, Sum: 1127.1]
      [Termination (ms): Min: 0.0, Avg: 0.0, Max: 0.0, Diff: 0.0, Sum: 0.2]
         [Termination Attempts: Min: 1, Avg: 50.4, Max: 64, Diff: 63, Sum: 403]
      [GC Worker Other (ms): Min: 0.0, Avg: 0.1, Max: 0.1, Diff: 0.1, Sum: 0.5]
      [GC Worker Total (ms): Min: 181.7, Avg: 181.9, Max: 182.2, Diff: 0.4, Sum: 1455.3]
      [GC Worker End (ms): Min: 131318.5, Avg: 131318.5, Max: 131318.6, Diff: 0.1]
   [Code Root Fixup: 0.0 ms]
   [Code Root Purge: 0.0 ms]
   [Clear CT: 0.6 ms]
   [Other: 1.7 ms]
      [Choose CSet: 0.0 ms]
      [Ref Proc: 0.4 ms]
      [Ref Enq: 0.0 ms]
      [Redirty Cards: 0.5 ms]
      [Humongous Register: 0.1 ms]
      [Humongous Reclaim: 0.0 ms]
      [Free CSet: 0.3 ms]
   [Eden: 89.0M(89.0M)->0.0B(89.0M) Survivors: 13.0M->13.0M Heap: 327.3M(2048.0M)->329.3M(2048.0M)]
 [Times: user=1.48 sys=0.02, real=0.18 secs] 
2020-09-29T12:04:02.767+0200: 131.455: [GC pause (G1 Evacuation Pause) (young), 0.1966022 secs]
   [Parallel Time: 193.4 ms, GC Workers: 8]
      [GC Worker Start (ms): Min: 131455.4, Avg: 131455.7, Max: 131456.5, Diff: 1.1]
      [Ext Root Scanning (ms): Min: 0.0, Avg: 0.2, Max: 0.3, Diff: 0.3, Sum: 1.5]
      [Update RS (ms): Min: 30.5, Avg: 31.1, Max: 31.4, Diff: 0.9, Sum: 249.1]
         [Processed Buffers: Min: 11, Avg: 13.0, Max: 16, Diff: 5, Sum: 104]
      [Scan RS (ms): Min: 8.4, Avg: 12.1, Max: 36.5, Diff: 28.1, Sum: 96.7]
      [Code Root Scanning (ms): Min: 0.0, Avg: 0.0, Max: 0.0, Diff: 0.0, Sum: 0.0]
      [Object Copy (ms): Min: 124.8, Avg: 149.1, Max: 152.7, Diff: 27.8, Sum: 1193.1]
      [Termination (ms): Min: 0.0, Avg: 0.2, Max: 0.2, Diff: 0.2, Sum: 1.2]
         [Termination Attempts: Min: 1, Avg: 380.4, Max: 466, Diff: 465, Sum: 3043]
      [GC Worker Other (ms): Min: 0.0, Avg: 0.1, Max: 0.1, Diff: 0.1, Sum: 0.5]
      [GC Worker Total (ms): Min: 191.9, Avg: 192.8, Max: 193.0, Diff: 1.0, Sum: 1542.1]
      [GC Worker End (ms): Min: 131648.4, Avg: 131648.4, Max: 131648.5, Diff: 0.1]
   [Code Root Fixup: 0.0 ms]
   [Code Root Purge: 0.0 ms]
   [Clear CT: 0.7 ms]
   [Other: 2.5 ms]
      [Choose CSet: 0.0 ms]
      [Ref Proc: 0.6 ms]
      [Ref Enq: 0.0 ms]
      [Redirty Cards: 1.1 ms]
      [Humongous Register: 0.1 ms]
      [Humongous Reclaim: 0.0 ms]
      [Free CSet: 0.2 ms]
   [Eden: 89.0M(89.0M)->0.0B(89.0M) Survivors: 13.0M->13.0M Heap: 433.5M(2048.0M)->436.0M(2048.0M)]
 [Times: user=1.55 sys=0.00, real=0.20 secs] 
2020-09-29T12:04:03.101+0200: 131.789: [GC pause (G1 Evacuation Pause) (young), 0.1632949 secs]
   [Parallel Time: 160.5 ms, GC Workers: 8]
      [GC Worker Start (ms): Min: 131789.3, Avg: 131789.4, Max: 131789.7, Diff: 0.4]
      [Ext Root Scanning (ms): Min: 0.0, Avg: 0.2, Max: 0.4, Diff: 0.4, Sum: 1.5]
      [Update RS (ms): Min: 22.0, Avg: 22.2, Max: 22.4, Diff: 0.4, Sum: 177.8]
         [Processed Buffers: Min: 9, Avg: 10.9, Max: 14, Diff: 5, Sum: 87]
      [Scan RS (ms): Min: 9.5, Avg: 9.7, Max: 9.9, Diff: 0.4, Sum: 77.5]
      [Code Root Scanning (ms): Min: 0.0, Avg: 0.0, Max: 0.0, Diff: 0.0, Sum: 0.0]
      [Object Copy (ms): Min: 127.4, Avg: 127.5, Max: 127.7, Diff: 0.3, Sum: 1019.9]
      [Termination (ms): Min: 0.0, Avg: 0.1, Max: 0.1, Diff: 0.1, Sum: 0.9]
         [Termination Attempts: Min: 1, Avg: 249.9, Max: 300, Diff: 299, Sum: 1999]
      [GC Worker Other (ms): Min: 0.0, Avg: 0.0, Max: 0.1, Diff: 0.0, Sum: 0.3]
      [GC Worker Total (ms): Min: 159.5, Avg: 159.7, Max: 159.9, Diff: 0.4, Sum: 1277.9]
      [GC Worker End (ms): Min: 131949.2, Avg: 131949.2, Max: 131949.2, Diff: 0.0]
   [Code Root Fixup: 0.0 ms]
   [Code Root Purge: 0.0 ms]
   [Clear CT: 0.8 ms]
   [Other: 2.0 ms]
      [Choose CSet: 0.0 ms]
      [Ref Proc: 0.6 ms]
      [Ref Enq: 0.0 ms]
      [Redirty Cards: 0.8 ms]
      [Humongous Register: 0.1 ms]
      [Humongous Reclaim: 0.0 ms]
      [Free CSet: 0.2 ms]
   [Eden: 89.0M(89.0M)->0.0B(89.0M) Survivors: 13.0M->13.0M Heap: 540.3M(2048.0M)->541.8M(2048.0M)]
 [Times: user=1.25 sys=0.00, real=0.16 secs] 
2020-09-29T12:04:03.390+0200: 132.078: [GC pause (G1 Evacuation Pause) (young), 0.1590400 secs]
   [Parallel Time: 156.5 ms, GC Workers: 8]
      [GC Worker Start (ms): Min: 132077.8, Avg: 132078.0, Max: 132078.2, Diff: 0.4]
      [Ext Root Scanning (ms): Min: 0.0, Avg: 0.2, Max: 0.4, Diff: 0.4, Sum: 1.3]
      [Update RS (ms): Min: 17.8, Avg: 18.5, Max: 19.3, Diff: 1.5, Sum: 147.7]
         [Processed Buffers: Min: 8, Avg: 8.1, Max: 9, Diff: 1, Sum: 65]
      [Scan RS (ms): Min: 9.6, Avg: 10.5, Max: 11.2, Diff: 1.6, Sum: 83.8]
      [Code Root Scanning (ms): Min: 0.0, Avg: 0.0, Max: 0.0, Diff: 0.0, Sum: 0.0]
      [Object Copy (ms): Min: 126.0, Avg: 126.4, Max: 126.8, Diff: 0.8, Sum: 1011.2]
      [Termination (ms): Min: 0.0, Avg: 0.4, Max: 0.5, Diff: 0.5, Sum: 3.1]
         [Termination Attempts: Min: 1, Avg: 829.8, Max: 1063, Diff: 1062, Sum: 6638]
      [GC Worker Other (ms): Min: 0.0, Avg: 0.1, Max: 0.1, Diff: 0.1, Sum: 0.4]
      [GC Worker Total (ms): Min: 155.7, Avg: 155.9, Max: 156.2, Diff: 0.4, Sum: 1247.4]
      [GC Worker End (ms): Min: 132233.9, Avg: 132234.0, Max: 132234.0, Diff: 0.1]
   [Code Root Fixup: 0.0 ms]
   [Code Root Purge: 0.0 ms]
   [Clear CT: 0.5 ms]
   [Other: 2.0 ms]
      [Choose CSet: 0.0 ms]
      [Ref Proc: 0.7 ms]
      [Ref Enq: 0.0 ms]
      [Redirty Cards: 0.6 ms]
      [Humongous Register: 0.1 ms]
      [Humongous Reclaim: 0.0 ms]
      [Free CSet: 0.2 ms]
   [Eden: 89.0M(89.0M)->0.0B(89.0M) Survivors: 13.0M->13.0M Heap: 644.1M(2048.0M)->646.6M(2048.0M)]
 [Times: user=1.23 sys=0.00, real=0.16 secs] 
2020-09-29T12:04:03.678+0200: 132.366: [GC pause (G1 Evacuation Pause) (young), 0.1572194 secs]
   [Parallel Time: 154.9 ms, GC Workers: 8]
      [GC Worker Start (ms): Min: 132366.7, Avg: 132366.9, Max: 132367.1, Diff: 0.4]
      [Ext Root Scanning (ms): Min: 0.0, Avg: 0.2, Max: 0.4, Diff: 0.4, Sum: 1.2]
      [Update RS (ms): Min: 21.8, Avg: 22.3, Max: 23.1, Diff: 1.2, Sum: 178.7]
         [Processed Buffers: Min: 9, Avg: 9.9, Max: 13, Diff: 4, Sum: 79]
      [Scan RS (ms): Min: 9.4, Avg: 10.0, Max: 10.6, Diff: 1.2, Sum: 80.0]
      [Code Root Scanning (ms): Min: 0.0, Avg: 0.0, Max: 0.0, Diff: 0.0, Sum: 0.0]
      [Object Copy (ms): Min: 121.3, Avg: 121.6, Max: 121.7, Diff: 0.4, Sum: 972.4]
      [Termination (ms): Min: 0.0, Avg: 0.1, Max: 0.2, Diff: 0.2, Sum: 1.2]
         [Termination Attempts: Min: 1, Avg: 367.3, Max: 465, Diff: 464, Sum: 2938]
      [GC Worker Other (ms): Min: 0.0, Avg: 0.1, Max: 0.1, Diff: 0.1, Sum: 0.5]
      [GC Worker Total (ms): Min: 154.1, Avg: 154.3, Max: 154.5, Diff: 0.4, Sum: 1234.1]
      [GC Worker End (ms): Min: 132521.2, Avg: 132521.2, Max: 132521.3, Diff: 0.1]
   [Code Root Fixup: 0.0 ms]
   [Code Root Purge: 0.0 ms]
   [Clear CT: 0.4 ms]
   [Other: 1.9 ms]
      [Choose CSet: 0.0 ms]
      [Ref Proc: 0.5 ms]
      [Ref Enq: 0.0 ms]
      [Redirty Cards: 0.7 ms]
      [Humongous Register: 0.1 ms]
      [Humongous Reclaim: 0.0 ms]
      [Free CSet: 0.2 ms]
   [Eden: 89.0M(89.0M)->0.0B(94.0M) Survivors: 13.0M->13.0M Heap: 750.9M(2048.0M)->752.9M(2048.0M)]
 [Times: user=1.25 sys=0.00, real=0.16 secs] 
2020-09-29T12:04:03.973+0200: 132.661: [GC pause (G1 Evacuation Pause) (young), 0.1891298 secs]
   [Parallel Time: 186.9 ms, GC Workers: 8]
      [GC Worker Start (ms): Min: 132660.8, Avg: 132664.9, Max: 132692.3, Diff: 31.5]
      [Ext Root Scanning (ms): Min: 0.0, Avg: 0.2, Max: 0.4, Diff: 0.3, Sum: 1.4]
      [Update RS (ms): Min: 0.0, Avg: 21.0, Max: 25.0, Diff: 25.0, Sum: 168.2]
         [Processed Buffers: Min: 0, Avg: 9.1, Max: 13, Diff: 13, Sum: 73]
      [Scan RS (ms): Min: 5.9, Avg: 12.0, Max: 13.3, Diff: 7.4, Sum: 96.3]
      [Code Root Scanning (ms): Min: 0.0, Avg: 0.0, Max: 0.0, Diff: 0.0, Sum: 0.0]
      [Object Copy (ms): Min: 149.1, Avg: 149.3, Max: 149.3, Diff: 0.3, Sum: 1194.1]
      [Termination (ms): Min: 0.0, Avg: 0.0, Max: 0.1, Diff: 0.1, Sum: 0.3]
         [Termination Attempts: Min: 1, Avg: 93.6, Max: 124, Diff: 123, Sum: 749]
      [GC Worker Other (ms): Min: 0.0, Avg: 0.0, Max: 0.1, Diff: 0.1, Sum: 0.4]
      [GC Worker Total (ms): Min: 155.2, Avg: 182.6, Max: 186.7, Diff: 31.5, Sum: 1460.8]
      [GC Worker End (ms): Min: 132847.5, Avg: 132847.5, Max: 132847.5, Diff: 0.1]
   [Code Root Fixup: 0.0 ms]
   [Code Root Purge: 0.0 ms]
   [Clear CT: 0.5 ms]
   [Other: 1.7 ms]
      [Choose CSet: 0.0 ms]
      [Ref Proc: 0.5 ms]
      [Ref Enq: 0.0 ms]
      [Redirty Cards: 0.5 ms]
      [Humongous Register: 0.1 ms]
      [Humongous Reclaim: 0.0 ms]
      [Free CSet: 0.3 ms]
   [Eden: 94.0M(94.0M)->0.0B(89.0M) Survivors: 13.0M->14.0M Heap: 862.2M(2048.0M)->863.7M(2048.0M)]
 [Times: user=1.36 sys=0.00, real=0.19 secs] 
2020-09-29T12:04:04.298+0200: 132.986: [GC pause (G1 Evacuation Pause) (young), 0.1537380 secs]
   [Parallel Time: 151.8 ms, GC Workers: 8]
      [GC Worker Start (ms): Min: 132986.1, Avg: 132988.5, Max: 133003.8, Diff: 17.6]
      [Ext Root Scanning (ms): Min: 0.0, Avg: 0.2, Max: 0.4, Diff: 0.4, Sum: 1.4]
      [Update RS (ms): Min: 2.6, Avg: 18.1, Max: 21.1, Diff: 18.5, Sum: 144.8]
         [Processed Buffers: Min: 1, Avg: 8.3, Max: 12, Diff: 11, Sum: 66]
      [Scan RS (ms): Min: 10.6, Avg: 11.4, Max: 12.0, Diff: 1.3, Sum: 91.2]
      [Code Root Scanning (ms): Min: 0.0, Avg: 0.0, Max: 0.0, Diff: 0.0, Sum: 0.0]
      [Object Copy (ms): Min: 119.2, Avg: 119.3, Max: 119.4, Diff: 0.3, Sum: 954.4]
      [Termination (ms): Min: 0.0, Avg: 0.1, Max: 0.1, Diff: 0.1, Sum: 0.7]
         [Termination Attempts: Min: 1, Avg: 189.9, Max: 237, Diff: 236, Sum: 1519]
      [GC Worker Other (ms): Min: 0.0, Avg: 0.0, Max: 0.1, Diff: 0.1, Sum: 0.3]
      [GC Worker Total (ms): Min: 133.9, Avg: 149.1, Max: 151.5, Diff: 17.6, Sum: 1192.9]
      [GC Worker End (ms): Min: 133137.6, Avg: 133137.6, Max: 133137.6, Diff: 0.1]
   [Code Root Fixup: 0.0 ms]
   [Code Root Purge: 0.0 ms]
   [Clear CT: 0.5 ms]
   [Other: 1.5 ms]
      [Choose CSet: 0.0 ms]
      [Ref Proc: 0.5 ms]
      [Ref Enq: 0.0 ms]
      [Redirty Cards: 0.4 ms]
      [Humongous Register: 0.1 ms]
      [Humongous Reclaim: 0.0 ms]
      [Free CSet: 0.2 ms]
   [Eden: 89.0M(89.0M)->0.0B(96.0M) Survivors: 14.0M->13.0M Heap: 967.9M(2048.0M)->970.9M(2048.0M)]
 [Times: user=1.22 sys=0.02, real=0.15 secs] 
2020-09-29T12:04:04.459+0200: 133.147: [GC pause (G1 Humongous Allocation) (young) (initial-mark), 0.0675317 secs]
   [Parallel Time: 65.3 ms, GC Workers: 8]
      [GC Worker Start (ms): Min: 133147.0, Avg: 133147.1, Max: 133147.2, Diff: 0.2]
      [Ext Root Scanning (ms): Min: 0.1, Avg: 0.2, Max: 0.3, Diff: 0.2, Sum: 1.7]
      [Update RS (ms): Min: 36.8, Avg: 37.4, Max: 37.6, Diff: 0.8, Sum: 298.9]
         [Processed Buffers: Min: 10, Avg: 15.3, Max: 17, Diff: 7, Sum: 122]
      [Scan RS (ms): Min: 1.5, Avg: 1.8, Max: 2.3, Diff: 0.8, Sum: 14.3]
      [Code Root Scanning (ms): Min: 0.0, Avg: 0.0, Max: 0.0, Diff: 0.0, Sum: 0.0]
      [Object Copy (ms): Min: 25.3, Avg: 25.4, Max: 25.5, Diff: 0.2, Sum: 203.5]
      [Termination (ms): Min: 0.0, Avg: 0.1, Max: 0.1, Diff: 0.1, Sum: 0.6]
         [Termination Attempts: Min: 1, Avg: 162.3, Max: 227, Diff: 226, Sum: 1298]
      [GC Worker Other (ms): Min: 0.0, Avg: 0.0, Max: 0.1, Diff: 0.0, Sum: 0.3]
      [GC Worker Total (ms): Min: 64.8, Avg: 64.9, Max: 65.0, Diff: 0.2, Sum: 519.4]
      [GC Worker End (ms): Min: 133212.0, Avg: 133212.0, Max: 133212.1, Diff: 0.0]
   [Code Root Fixup: 0.0 ms]
   [Code Root Purge: 0.0 ms]
   [Clear CT: 0.4 ms]
   [Other: 1.8 ms]
      [Choose CSet: 0.0 ms]
      [Ref Proc: 0.4 ms]
      [Ref Enq: 0.0 ms]
      [Redirty Cards: 0.6 ms]
      [Humongous Register: 0.1 ms]
      [Humongous Reclaim: 0.0 ms]
      [Free CSet: 0.1 ms]
   [Eden: 5120.0K(96.0M)->0.0B(106.0M) Survivors: 13.0M->7168.0K Heap: 975.9M(2048.0M)->979.4M(2048.0M)]
 [Times: user=0.50 sys=0.00, real=0.07 secs] 
2020-09-29T12:04:04.527+0200: 133.215: [GC concurrent-root-region-scan-start]
2020-09-29T12:04:04.532+0200: 133.220: [GC concurrent-root-region-scan-end, 0.0051127 secs]
2020-09-29T12:04:04.532+0200: 133.220: [GC concurrent-mark-start]
2020-09-29T12:04:04.540+0200: 133.228: [GC concurrent-mark-end, 0.0082779 secs]
2020-09-29T12:04:04.541+0200: 133.229: [GC remark 2020-09-29T12:04:04.541+0200: 133.229: [Finalize Marking, 0.0005624 secs] 2020-09-29T12:04:04.542+0200: 133.230: [GC ref-proc, 0.0009673 secs] 2020-09-29T12:04:04.543+0200: 133.231: [Unloading, 0.0011576 secs], 0.0035327 secs]
 [Times: user=0.00 sys=0.00, real=0.00 secs] 
2020-09-29T12:04:04.546+0200: 133.234: [GC cleanup 991M->26M(2048M), 0.0036226 secs]
 [Times: user=0.00 sys=0.00, real=0.00 secs] 
2020-09-29T12:04:04.549+0200: 133.237: [GC concurrent-cleanup-start]
2020-09-29T12:04:04.554+0200: 133.242: [GC concurrent-cleanup-end, 0.0048645 secs]
2020-09-29T12:04:04.686+0200: 133.374: [GC pause (G1 Evacuation Pause) (young), 0.1718961 secs]
   [Parallel Time: 169.3 ms, GC Workers: 8]
      [GC Worker Start (ms): Min: 133373.9, Avg: 133374.1, Max: 133374.3, Diff: 0.4]
      [Ext Root Scanning (ms): Min: 0.0, Avg: 0.2, Max: 0.4, Diff: 0.4, Sum: 1.2]
      [Update RS (ms): Min: 18.3, Avg: 18.6, Max: 19.2, Diff: 0.8, Sum: 148.6]
         [Processed Buffers: Min: 7, Avg: 9.1, Max: 11, Diff: 4, Sum: 73]
      [Scan RS (ms): Min: 12.7, Avg: 13.3, Max: 13.6, Diff: 0.9, Sum: 106.7]
      [Code Root Scanning (ms): Min: 0.0, Avg: 0.0, Max: 0.0, Diff: 0.0, Sum: 0.0]
      [Object Copy (ms): Min: 136.1, Avg: 136.3, Max: 136.6, Diff: 0.5, Sum: 1090.7]
      [Termination (ms): Min: 0.1, Avg: 0.3, Max: 0.5, Diff: 0.4, Sum: 2.6]
         [Termination Attempts: Min: 1, Avg: 563.1, Max: 785, Diff: 784, Sum: 4505]
      [GC Worker Other (ms): Min: 0.0, Avg: 0.0, Max: 0.1, Diff: 0.0, Sum: 0.3]
      [GC Worker Total (ms): Min: 168.6, Avg: 168.8, Max: 169.0, Diff: 0.4, Sum: 1350.2]
      [GC Worker End (ms): Min: 133542.9, Avg: 133542.9, Max: 133542.9, Diff: 0.1]
   [Code Root Fixup: 0.0 ms]
   [Code Root Purge: 0.0 ms]
   [Clear CT: 0.6 ms]
   [Other: 1.9 ms]
      [Choose CSet: 0.0 ms]
      [Ref Proc: 0.5 ms]
      [Ref Enq: 0.0 ms]
      [Redirty Cards: 0.6 ms]
      [Humongous Register: 0.1 ms]
      [Humongous Reclaim: 0.0 ms]
      [Free CSet: 0.3 ms]
   [Eden: 106.0M(106.0M)->0.0B(99.0M) Survivors: 7168.0K->15.0M Heap: 139.6M(2048.0M)->135.1M(2048.0M)]
 [Times: user=1.33 sys=0.01, real=0.17 secs] 
2020-09-29T12:04:05.010+0200: 133.698: [GC pause (G1 Evacuation Pause) (young), 0.2210124 secs]
   [Parallel Time: 217.3 ms, GC Workers: 8]
      [GC Worker Start (ms): Min: 133698.4, Avg: 133698.6, Max: 133698.8, Diff: 0.3]
      [Ext Root Scanning (ms): Min: 0.1, Avg: 0.3, Max: 0.8, Diff: 0.8, Sum: 2.1]
      [Update RS (ms): Min: 14.0, Avg: 15.3, Max: 16.6, Diff: 2.5, Sum: 122.3]
         [Processed Buffers: Min: 6, Avg: 6.6, Max: 9, Diff: 3, Sum: 53]
      [Scan RS (ms): Min: 14.0, Avg: 15.1, Max: 16.1, Diff: 2.0, Sum: 120.9]
      [Code Root Scanning (ms): Min: 0.0, Avg: 0.0, Max: 0.0, Diff: 0.0, Sum: 0.0]
      [Object Copy (ms): Min: 185.0, Avg: 185.2, Max: 185.7, Diff: 0.7, Sum: 1481.5]
      [Termination (ms): Min: 0.1, Avg: 0.5, Max: 0.6, Diff: 0.5, Sum: 4.1]
         [Termination Attempts: Min: 1, Avg: 1061.1, Max: 1341, Diff: 1340, Sum: 8489]
      [GC Worker Other (ms): Min: 0.0, Avg: 0.0, Max: 0.0, Diff: 0.0, Sum: 0.2]
      [GC Worker Total (ms): Min: 216.3, Avg: 216.4, Max: 216.6, Diff: 0.3, Sum: 1731.2]
      [GC Worker End (ms): Min: 133915.0, Avg: 133915.0, Max: 133915.0, Diff: 0.1]
   [Code Root Fixup: 0.0 ms]
   [Code Root Purge: 0.0 ms]
   [Clear CT: 1.3 ms]
   [Other: 2.4 ms]
      [Choose CSet: 0.0 ms]
      [Ref Proc: 0.4 ms]
      [Ref Enq: 0.0 ms]
      [Redirty Cards: 1.2 ms]
      [Humongous Register: 0.1 ms]
      [Humongous Reclaim: 0.0 ms]
      [Free CSet: 0.3 ms]
   [Eden: 99.0M(99.0M)->0.0B(87.0M) Survivors: 15.0M->15.0M Heap: 249.3M(2048.0M)->250.8M(2048.0M)]
 [Times: user=1.67 sys=0.00, real=0.22 secs] 
2020-09-29T12:04:05.354+0200: 134.042: [GC pause (G1 Evacuation Pause) (young), 0.1594171 secs]
   [Parallel Time: 157.2 ms, GC Workers: 8]
      [GC Worker Start (ms): Min: 134042.1, Avg: 134042.3, Max: 134042.5, Diff: 0.3]
      [Ext Root Scanning (ms): Min: 0.0, Avg: 0.2, Max: 0.4, Diff: 0.3, Sum: 1.3]
      [Update RS (ms): Min: 19.6, Avg: 20.2, Max: 21.8, Diff: 2.2, Sum: 161.4]
         [Processed Buffers: Min: 8, Avg: 9.1, Max: 11, Diff: 3, Sum: 73]
      [Scan RS (ms): Min: 9.2, Avg: 10.9, Max: 11.6, Diff: 2.4, Sum: 87.3]
      [Code Root Scanning (ms): Min: 0.0, Avg: 0.0, Max: 0.0, Diff: 0.0, Sum: 0.0]
      [Object Copy (ms): Min: 125.0, Avg: 125.2, Max: 125.3, Diff: 0.2, Sum: 1001.4]
      [Termination (ms): Min: 0.0, Avg: 0.1, Max: 0.2, Diff: 0.2, Sum: 1.0]
         [Termination Attempts: Min: 1, Avg: 268.8, Max: 367, Diff: 366, Sum: 2150]
      [GC Worker Other (ms): Min: 0.0, Avg: 0.0, Max: 0.1, Diff: 0.0, Sum: 0.3]
      [GC Worker Total (ms): Min: 156.4, Avg: 156.6, Max: 156.8, Diff: 0.3, Sum: 1252.7]
      [GC Worker End (ms): Min: 134198.9, Avg: 134198.9, Max: 134198.9, Diff: 0.0]
   [Code Root Fixup: 0.0 ms]
   [Code Root Purge: 0.0 ms]
   [Clear CT: 0.5 ms]
   [Other: 1.8 ms]
      [Choose CSet: 0.0 ms]
      [Ref Proc: 0.5 ms]
      [Ref Enq: 0.0 ms]
      [Redirty Cards: 0.6 ms]
      [Humongous Register: 0.1 ms]
      [Humongous Reclaim: 0.0 ms]
      [Free CSet: 0.3 ms]
   [Eden: 87.0M(87.0M)->0.0B(92.0M) Survivors: 15.0M->13.0M Heap: 353.1M(2048.0M)->354.6M(2048.0M)]
 [Times: user=1.17 sys=0.00, real=0.16 secs] 
2020-09-29T12:04:05.654+0200: 134.342: [GC pause (G1 Evacuation Pause) (young), 0.1784713 secs]
   [Parallel Time: 176.3 ms, GC Workers: 8]
      [GC Worker Start (ms): Min: 134342.0, Avg: 134343.9, Max: 134349.0, Diff: 6.9]
      [Ext Root Scanning (ms): Min: 0.0, Avg: 0.1, Max: 0.4, Diff: 0.4, Sum: 1.2]
      [Update RS (ms): Min: 13.5, Avg: 19.0, Max: 22.5, Diff: 9.0, Sum: 151.8]
         [Processed Buffers: Min: 5, Avg: 8.8, Max: 12, Diff: 7, Sum: 70]
      [Scan RS (ms): Min: 10.9, Avg: 13.0, Max: 14.6, Diff: 3.7, Sum: 103.6]
      [Code Root Scanning (ms): Min: 0.0, Avg: 0.0, Max: 0.0, Diff: 0.0, Sum: 0.0]
      [Object Copy (ms): Min: 140.5, Avg: 141.7, Max: 142.0, Diff: 1.4, Sum: 1134.0]
      [Termination (ms): Min: 0.0, Avg: 0.2, Max: 0.3, Diff: 0.3, Sum: 1.8]
         [Termination Attempts: Min: 1, Avg: 549.8, Max: 687, Diff: 686, Sum: 4398]
      [GC Worker Other (ms): Min: 0.0, Avg: 0.1, Max: 0.1, Diff: 0.1, Sum: 0.4]
      [GC Worker Total (ms): Min: 169.0, Avg: 174.1, Max: 176.0, Diff: 7.0, Sum: 1392.9]
      [GC Worker End (ms): Min: 134518.0, Avg: 134518.0, Max: 134518.1, Diff: 0.1]
   [Code Root Fixup: 0.0 ms]
   [Code Root Purge: 0.0 ms]
   [Clear CT: 0.6 ms]
   [Other: 1.5 ms]
      [Choose CSet: 0.0 ms]
      [Ref Proc: 0.3 ms]
      [Ref Enq: 0.0 ms]
      [Redirty Cards: 0.5 ms]
      [Humongous Register: 0.1 ms]
      [Humongous Reclaim: 0.0 ms]
      [Free CSet: 0.2 ms]
   [Eden: 92.0M(92.0M)->0.0B(92.0M) Survivors: 13.0M->14.0M Heap: 461.9M(2048.0M)->463.9M(2048.0M)]
 [Times: user=1.44 sys=0.00, real=0.18 secs] 
2020-09-29T12:04:06.046+0200: 134.734: [GC pause (G1 Evacuation Pause) (young), 0.2525053 secs]
   [Parallel Time: 246.7 ms, GC Workers: 8]
      [GC Worker Start (ms): Min: 134734.1, Avg: 134734.3, Max: 134734.4, Diff: 0.4]
      [Ext Root Scanning (ms): Min: 0.1, Avg: 0.3, Max: 0.5, Diff: 0.4, Sum: 2.3]
      [Update RS (ms): Min: 27.6, Avg: 28.3, Max: 30.5, Diff: 3.0, Sum: 226.3]
         [Processed Buffers: Min: 7, Avg: 8.5, Max: 11, Diff: 4, Sum: 68]
      [Scan RS (ms): Min: 17.9, Avg: 20.2, Max: 21.1, Diff: 3.2, Sum: 161.2]
      [Code Root Scanning (ms): Min: 0.0, Avg: 0.0, Max: 0.0, Diff: 0.0, Sum: 0.0]
      [Object Copy (ms): Min: 196.4, Avg: 197.1, Max: 197.3, Diff: 0.9, Sum: 1576.5]
      [Termination (ms): Min: 0.0, Avg: 0.1, Max: 0.2, Diff: 0.2, Sum: 1.2]
         [Termination Attempts: Min: 1, Avg: 222.5, Max: 319, Diff: 318, Sum: 1780]
      [GC Worker Other (ms): Min: 0.0, Avg: 0.1, Max: 0.1, Diff: 0.1, Sum: 0.5]
      [GC Worker Total (ms): Min: 245.8, Avg: 246.0, Max: 246.2, Diff: 0.4, Sum: 1968.1]
      [GC Worker End (ms): Min: 134980.3, Avg: 134980.3, Max: 134980.3, Diff: 0.1]
   [Code Root Fixup: 0.0 ms]
   [Code Root Purge: 0.0 ms]
   [Clear CT: 0.7 ms]
   [Other: 5.2 ms]
      [Choose CSet: 0.0 ms]
      [Ref Proc: 0.6 ms]
      [Ref Enq: 0.0 ms]
      [Redirty Cards: 3.7 ms]
      [Humongous Register: 0.1 ms]
      [Humongous Reclaim: 0.0 ms]
      [Free CSet: 0.3 ms]
   [Eden: 92.0M(92.0M)->0.0B(88.0M) Survivors: 14.0M->14.0M Heap: 571.1M(2048.0M)->572.6M(2048.0M)]
 [Times: user=2.00 sys=0.00, real=0.25 secs] 
2020-09-29T12:04:06.490+0200: 135.178: [GC pause (G1 Evacuation Pause) (young), 0.2512094 secs]
   [Parallel Time: 245.9 ms, GC Workers: 8]
      [GC Worker Start (ms): Min: 135178.1, Avg: 135182.3, Max: 135210.5, Diff: 32.4]
      [Ext Root Scanning (ms): Min: 0.0, Avg: 0.2, Max: 0.5, Diff: 0.5, Sum: 1.8]
      [Update RS (ms): Min: 0.0, Avg: 23.9, Max: 27.7, Diff: 27.7, Sum: 191.4]
         [Processed Buffers: Min: 0, Avg: 8.0, Max: 11, Diff: 11, Sum: 64]
      [Scan RS (ms): Min: 16.8, Avg: 22.5, Max: 35.0, Diff: 18.2, Sum: 179.7]
      [Code Root Scanning (ms): Min: 0.0, Avg: 0.0, Max: 0.0, Diff: 0.0, Sum: 0.0]
      [Object Copy (ms): Min: 182.8, Avg: 194.4, Max: 196.2, Diff: 13.4, Sum: 1555.5]
      [Termination (ms): Min: 0.0, Avg: 0.0, Max: 0.0, Diff: 0.0, Sum: 0.2]
         [Termination Attempts: Min: 1, Avg: 40.8, Max: 55, Diff: 54, Sum: 326]
      [GC Worker Other (ms): Min: 0.0, Avg: 0.1, Max: 0.1, Diff: 0.1, Sum: 0.5]
      [GC Worker Total (ms): Min: 212.9, Avg: 241.1, Max: 245.4, Diff: 32.5, Sum: 1929.2]
      [GC Worker End (ms): Min: 135423.4, Avg: 135423.5, Max: 135423.6, Diff: 0.1]
   [Code Root Fixup: 0.0 ms]
   [Code Root Purge: 0.0 ms]
   [Clear CT: 1.0 ms]
   [Other: 4.4 ms]
      [Choose CSet: 0.0 ms]
      [Ref Proc: 1.5 ms]
      [Ref Enq: 0.0 ms]
      [Redirty Cards: 2.0 ms]
      [Humongous Register: 0.1 ms]
      [Humongous Reclaim: 0.0 ms]
      [Free CSet: 0.4 ms]
   [Eden: 88.0M(88.0M)->0.0B(89.0M) Survivors: 14.0M->13.0M Heap: 675.9M(2048.0M)->677.9M(2048.0M)]
 [Times: user=1.77 sys=0.02, real=0.25 secs] 
2020-09-29T12:04:06.945+0200: 135.633: [GC pause (G1 Evacuation Pause) (young), 0.2408924 secs]
   [Parallel Time: 234.5 ms, GC Workers: 8]
      [GC Worker Start (ms): Min: 135633.6, Avg: 135633.8, Max: 135634.0, Diff: 0.4]
      [Ext Root Scanning (ms): Min: 0.0, Avg: 0.3, Max: 0.9, Diff: 0.8, Sum: 2.7]
      [Update RS (ms): Min: 28.4, Avg: 29.7, Max: 31.2, Diff: 2.8, Sum: 237.5]
         [Processed Buffers: Min: 8, Avg: 9.6, Max: 11, Diff: 3, Sum: 77]
      [Scan RS (ms): Min: 18.5, Avg: 19.9, Max: 20.9, Diff: 2.3, Sum: 159.1]
      [Code Root Scanning (ms): Min: 0.0, Avg: 0.0, Max: 0.0, Diff: 0.0, Sum: 0.0]
      [Object Copy (ms): Min: 183.3, Avg: 183.6, Max: 184.0, Diff: 0.7, Sum: 1468.5]
      [Termination (ms): Min: 0.0, Avg: 0.2, Max: 0.4, Diff: 0.4, Sum: 2.0]
         [Termination Attempts: Min: 1, Avg: 391.3, Max: 587, Diff: 586, Sum: 3130]
      [GC Worker Other (ms): Min: 0.0, Avg: 0.1, Max: 0.1, Diff: 0.1, Sum: 0.4]
      [GC Worker Total (ms): Min: 233.6, Avg: 233.8, Max: 234.0, Diff: 0.5, Sum: 1870.2]
      [GC Worker End (ms): Min: 135867.5, Avg: 135867.5, Max: 135867.6, Diff: 0.1]
   [Code Root Fixup: 0.0 ms]
   [Code Root Purge: 0.0 ms]
   [Clear CT: 3.1 ms]
   [Other: 3.3 ms]
      [Choose CSet: 0.0 ms]
      [Ref Proc: 1.8 ms]
      [Ref Enq: 0.0 ms]
      [Redirty Cards: 0.8 ms]
      [Humongous Register: 0.1 ms]
      [Humongous Reclaim: 0.0 ms]
      [Free CSet: 0.3 ms]
   [Eden: 89.0M(89.0M)->0.0B(89.0M) Survivors: 13.0M->13.0M Heap: 782.1M(2048.0M)->784.6M(2048.0M)]
 [Times: user=1.88 sys=0.00, real=0.24 secs] 
2020-09-29T12:04:07.372+0200: 136.060: [GC pause (G1 Evacuation Pause) (young), 0.2664570 secs]
   [Parallel Time: 263.8 ms, GC Workers: 8]
      [GC Worker Start (ms): Min: 136060.6, Avg: 136061.0, Max: 136062.5, Diff: 1.9]
      [Ext Root Scanning (ms): Min: 0.0, Avg: 0.2, Max: 0.5, Diff: 0.5, Sum: 1.8]
      [Update RS (ms): Min: 14.0, Avg: 16.5, Max: 19.0, Diff: 5.0, Sum: 131.7]
         [Processed Buffers: Min: 4, Avg: 5.1, Max: 6, Diff: 2, Sum: 41]
      [Scan RS (ms): Min: 21.8, Avg: 24.2, Max: 25.8, Diff: 3.9, Sum: 194.0]
      [Code Root Scanning (ms): Min: 0.0, Avg: 0.0, Max: 0.0, Diff: 0.0, Sum: 0.0]
      [Object Copy (ms): Min: 220.7, Avg: 221.1, Max: 221.9, Diff: 1.2, Sum: 1769.0]
      [Termination (ms): Min: 0.1, Avg: 0.8, Max: 1.0, Diff: 0.9, Sum: 6.4]
         [Termination Attempts: Min: 1, Avg: 1285.9, Max: 1692, Diff: 1691, Sum: 10287]
      [GC Worker Other (ms): Min: 0.0, Avg: 0.0, Max: 0.1, Diff: 0.1, Sum: 0.3]
      [GC Worker Total (ms): Min: 261.4, Avg: 262.9, Max: 263.3, Diff: 1.9, Sum: 2103.2]
      [GC Worker End (ms): Min: 136323.9, Avg: 136323.9, Max: 136324.0, Diff: 0.1]
   [Code Root Fixup: 0.0 ms]
   [Code Root Purge: 0.0 ms]
   [Clear CT: 0.7 ms]
   [Other: 2.0 ms]
      [Choose CSet: 0.0 ms]
      [Ref Proc: 0.5 ms]
      [Ref Enq: 0.0 ms]
      [Redirty Cards: 0.7 ms]
      [Humongous Register: 0.1 ms]
      [Humongous Reclaim: 0.0 ms]
      [Free CSet: 0.3 ms]
   [Eden: 89.0M(89.0M)->0.0B(89.0M) Survivors: 13.0M->13.0M Heap: 887.0M(2048.0M)->889.0M(2048.0M)]
 [Times: user=2.06 sys=0.02, real=0.27 secs] 
2020-09-29T12:04:07.856+0200: 136.544: [GC pause (G1 Evacuation Pause) (young), 0.2371954 secs]
   [Parallel Time: 234.5 ms, GC Workers: 8]
      [GC Worker Start (ms): Min: 136543.9, Avg: 136544.2, Max: 136544.4, Diff: 0.5]
      [Ext Root Scanning (ms): Min: 0.0, Avg: 0.2, Max: 0.5, Diff: 0.4, Sum: 1.7]
      [Update RS (ms): Min: 21.4, Avg: 22.2, Max: 24.8, Diff: 3.4, Sum: 177.4]
         [Processed Buffers: Min: 6, Avg: 7.0, Max: 11, Diff: 5, Sum: 56]
      [Scan RS (ms): Min: 19.6, Avg: 22.2, Max: 23.3, Diff: 3.7, Sum: 177.6]
      [Code Root Scanning (ms): Min: 0.0, Avg: 0.0, Max: 0.0, Diff: 0.0, Sum: 0.0]
      [Object Copy (ms): Min: 188.7, Avg: 189.1, Max: 189.4, Diff: 0.7, Sum: 1512.9]
      [Termination (ms): Min: 0.0, Avg: 0.2, Max: 0.3, Diff: 0.3, Sum: 1.7]
         [Termination Attempts: Min: 1, Avg: 358.4, Max: 467, Diff: 466, Sum: 2867]
      [GC Worker Other (ms): Min: 0.0, Avg: 0.0, Max: 0.1, Diff: 0.0, Sum: 0.3]
      [GC Worker Total (ms): Min: 233.7, Avg: 234.0, Max: 234.2, Diff: 0.5, Sum: 1871.6]
      [GC Worker End (ms): Min: 136778.1, Avg: 136778.1, Max: 136778.1, Diff: 0.0]
   [Code Root Fixup: 0.0 ms]
   [Code Root Purge: 0.0 ms]
   [Clear CT: 0.6 ms]
   [Other: 2.1 ms]
      [Choose CSet: 0.0 ms]
      [Ref Proc: 0.6 ms]
      [Ref Enq: 0.0 ms]
      [Redirty Cards: 0.7 ms]
      [Humongous Register: 0.1 ms]
      [Humongous Reclaim: 0.0 ms]
      [Free CSet: 0.3 ms]
   [Eden: 89.0M(89.0M)->0.0B(89.0M) Survivors: 13.0M->13.0M Heap: 993.2M(2048.0M)->995.7M(2048.0M)]
 [Times: user=1.83 sys=0.00, real=0.24 secs] 
2020-09-29T12:04:08.117+0200: 136.804: [GC pause (G1 Humongous Allocation) (young) (initial-mark), 0.0844928 secs]
   [Parallel Time: 78.3 ms, GC Workers: 8]
      [GC Worker Start (ms): Min: 136804.8, Avg: 136805.2, Max: 136805.6, Diff: 0.8]
      [Ext Root Scanning (ms): Min: 0.0, Avg: 0.9, Max: 2.0, Diff: 2.0, Sum: 7.2]
      [Update RS (ms): Min: 30.6, Avg: 32.8, Max: 34.9, Diff: 4.4, Sum: 262.3]
         [Processed Buffers: Min: 9, Avg: 9.6, Max: 10, Diff: 1, Sum: 77]
      [Scan RS (ms): Min: 1.3, Avg: 3.1, Max: 4.5, Diff: 3.2, Sum: 25.1]
      [Code Root Scanning (ms): Min: 0.0, Avg: 0.0, Max: 0.0, Diff: 0.0, Sum: 0.0]
      [Object Copy (ms): Min: 40.3, Avg: 40.4, Max: 40.5, Diff: 0.2, Sum: 323.0]
      [Termination (ms): Min: 0.0, Avg: 0.1, Max: 0.1, Diff: 0.1, Sum: 0.6]
         [Termination Attempts: Min: 1, Avg: 122.9, Max: 167, Diff: 166, Sum: 983]
      [GC Worker Other (ms): Min: 0.0, Avg: 0.0, Max: 0.0, Diff: 0.0, Sum: 0.3]
      [GC Worker Total (ms): Min: 76.9, Avg: 77.3, Max: 77.6, Diff: 0.7, Sum: 618.5]
      [GC Worker End (ms): Min: 136882.5, Avg: 136882.5, Max: 136882.5, Diff: 0.0]
   [Code Root Fixup: 0.0 ms]
   [Code Root Purge: 0.0 ms]
   [Clear CT: 3.9 ms]
   [Other: 2.3 ms]
      [Choose CSet: 0.0 ms]
      [Ref Proc: 0.6 ms]
      [Ref Enq: 0.0 ms]
      [Redirty Cards: 0.9 ms]
      [Humongous Register: 0.1 ms]
      [Humongous Reclaim: 0.0 ms]
      [Free CSet: 0.1 ms]
   [Eden: 5120.0K(89.0M)->0.0B(95.0M) Survivors: 13.0M->7168.0K Heap: 1000.2M(2048.0M)->1004.2M(2048.0M)]
 [Times: user=0.63 sys=0.00, real=0.08 secs] 
2020-09-29T12:04:08.202+0200: 136.889: [GC concurrent-root-region-scan-start]
2020-09-29T12:04:08.210+0200: 136.897: [GC concurrent-root-region-scan-end, 0.0074197 secs]
2020-09-29T12:04:08.210+0200: 136.897: [GC concurrent-mark-start]
2020-09-29T12:04:08.222+0200: 136.909: [GC concurrent-mark-end, 0.0122894 secs]
2020-09-29T12:04:08.224+0200: 136.911: [GC remark 2020-09-29T12:04:08.224+0200: 136.911: [Finalize Marking, 0.0007955 secs] 2020-09-29T12:04:08.224+0200: 136.912: [GC ref-proc, 0.0012908 secs] 2020-09-29T12:04:08.226+0200: 136.913: [Unloading, 0.0013731 secs], 0.0046535 secs]
 [Times: user=0.00 sys=0.00, real=0.00 secs] 
2020-09-29T12:04:08.230+0200: 136.917: [GC cleanup 1016M->26M(2048M), 0.0043532 secs]
 [Times: user=0.00 sys=0.00, real=0.00 secs] 
2020-09-29T12:04:08.234+0200: 136.921: [GC concurrent-cleanup-start]
2020-09-29T12:04:08.240+0200: 136.928: [GC concurrent-cleanup-end, 0.0061922 secs]
2020-09-29T12:04:08.418+0200: 137.105: [GC pause (G1 Evacuation Pause) (young), 0.2168096 secs]
   [Parallel Time: 213.9 ms, GC Workers: 8]
      [GC Worker Start (ms): Min: 137105.1, Avg: 137105.4, Max: 137105.6, Diff: 0.5]
      [Ext Root Scanning (ms): Min: 0.0, Avg: 0.2, Max: 0.5, Diff: 0.5, Sum: 1.6]
      [Update RS (ms): Min: 12.9, Avg: 13.2, Max: 13.4, Diff: 0.5, Sum: 105.9]
         [Processed Buffers: Min: 4, Avg: 5.5, Max: 9, Diff: 5, Sum: 44]
      [Scan RS (ms): Min: 21.1, Avg: 21.4, Max: 21.8, Diff: 0.7, Sum: 171.1]
      [Code Root Scanning (ms): Min: 0.0, Avg: 0.0, Max: 0.0, Diff: 0.0, Sum: 0.0]
      [Object Copy (ms): Min: 177.7, Avg: 178.1, Max: 178.3, Diff: 0.6, Sum: 1424.9]
      [Termination (ms): Min: 0.0, Avg: 0.2, Max: 0.3, Diff: 0.3, Sum: 1.9]
         [Termination Attempts: Min: 1, Avg: 451.6, Max: 587, Diff: 586, Sum: 3613]
      [GC Worker Other (ms): Min: 0.0, Avg: 0.1, Max: 0.1, Diff: 0.1, Sum: 0.4]
      [GC Worker Total (ms): Min: 213.0, Avg: 213.2, Max: 213.5, Diff: 0.5, Sum: 1705.8]
      [GC Worker End (ms): Min: 137318.6, Avg: 137318.6, Max: 137318.6, Diff: 0.1]
   [Code Root Fixup: 0.0 ms]
   [Code Root Purge: 0.0 ms]
   [Clear CT: 0.7 ms]
   [Other: 2.2 ms]
      [Choose CSet: 0.0 ms]
      [Ref Proc: 0.7 ms]
      [Ref Enq: 0.0 ms]
      [Redirty Cards: 0.7 ms]
      [Humongous Register: 0.1 ms]
      [Humongous Reclaim: 0.0 ms]
      [Free CSet: 0.3 ms]
   [Eden: 95.0M(95.0M)->0.0B(89.0M) Survivors: 7168.0K->13.0M Heap: 126.7M(2048.0M)->122.2M(2048.0M)]
 [Times: user=1.67 sys=0.00, real=0.22 secs] 
2020-09-29T12:04:08.887+0200: 137.574: [GC pause (G1 Evacuation Pause) (young), 0.2583025 secs]
   [Parallel Time: 253.2 ms, GC Workers: 8]
      [GC Worker Start (ms): Min: 137574.5, Avg: 137578.5, Max: 137605.9, Diff: 31.4]
      [Ext Root Scanning (ms): Min: 0.0, Avg: 0.4, Max: 0.6, Diff: 0.6, Sum: 3.2]
      [Update RS (ms): Min: 0.0, Avg: 26.8, Max: 31.4, Diff: 31.4, Sum: 214.7]
         [Processed Buffers: Min: 0, Avg: 6.9, Max: 13, Diff: 13, Sum: 55]
      [Scan RS (ms): Min: 22.0, Avg: 22.5, Max: 22.9, Diff: 0.9, Sum: 180.3]
      [Code Root Scanning (ms): Min: 0.0, Avg: 0.0, Max: 0.0, Diff: 0.0, Sum: 0.0]
      [Object Copy (ms): Min: 198.3, Avg: 198.6, Max: 199.0, Diff: 0.7, Sum: 1588.5]
      [Termination (ms): Min: 0.0, Avg: 0.3, Max: 0.4, Diff: 0.4, Sum: 2.3]
         [Termination Attempts: Min: 1, Avg: 469.6, Max: 650, Diff: 649, Sum: 3757]
      [GC Worker Other (ms): Min: 0.0, Avg: 0.1, Max: 0.1, Diff: 0.1, Sum: 0.5]
      [GC Worker Total (ms): Min: 221.3, Avg: 248.7, Max: 252.7, Diff: 31.5, Sum: 1989.5]
      [GC Worker End (ms): Min: 137827.2, Avg: 137827.2, Max: 137827.3, Diff: 0.1]
   [Code Root Fixup: 0.0 ms]
   [Code Root Purge: 0.0 ms]
   [Clear CT: 1.7 ms]
   [Other: 3.4 ms]
      [Choose CSet: 0.0 ms]
      [Ref Proc: 0.5 ms]
      [Ref Enq: 0.0 ms]
      [Redirty Cards: 1.9 ms]
      [Humongous Register: 0.1 ms]
      [Humongous Reclaim: 0.0 ms]
      [Free CSet: 0.3 ms]
   [Eden: 89.0M(89.0M)->0.0B(89.0M) Survivors: 13.0M->13.0M Heap: 226.4M(2048.0M)->228.4M(2048.0M)]
 [Times: user=1.91 sys=0.00, real=0.26 secs] 
2020-09-29T12:04:09.364+0200: 138.051: [GC pause (G1 Evacuation Pause) (young), 0.2284360 secs]
   [Parallel Time: 225.6 ms, GC Workers: 8]
      [GC Worker Start (ms): Min: 138051.4, Avg: 138051.6, Max: 138051.9, Diff: 0.5]
      [Ext Root Scanning (ms): Min: 0.0, Avg: 0.3, Max: 0.5, Diff: 0.5, Sum: 2.0]
      [Update RS (ms): Min: 13.6, Avg: 16.7, Max: 25.2, Diff: 11.6, Sum: 133.9]
         [Processed Buffers: Min: 0, Avg: 4.3, Max: 5, Diff: 5, Sum: 34]
      [Scan RS (ms): Min: 13.2, Avg: 21.6, Max: 24.9, Diff: 11.7, Sum: 172.4]
      [Code Root Scanning (ms): Min: 0.0, Avg: 0.0, Max: 0.0, Diff: 0.0, Sum: 0.0]
      [Object Copy (ms): Min: 186.3, Avg: 186.4, Max: 186.6, Diff: 0.3, Sum: 1491.5]
      [Termination (ms): Min: 0.0, Avg: 0.0, Max: 0.0, Diff: 0.0, Sum: 0.1]
         [Termination Attempts: Min: 1, Avg: 11.0, Max: 17, Diff: 16, Sum: 88]
      [GC Worker Other (ms): Min: 0.0, Avg: 0.1, Max: 0.2, Diff: 0.2, Sum: 0.7]
      [GC Worker Total (ms): Min: 224.8, Avg: 225.1, Max: 225.4, Diff: 0.6, Sum: 1800.7]
      [GC Worker End (ms): Min: 138276.7, Avg: 138276.7, Max: 138276.8, Diff: 0.2]
   [Code Root Fixup: 0.0 ms]
   [Code Root Purge: 0.0 ms]
   [Clear CT: 0.6 ms]
   [Other: 2.2 ms]
      [Choose CSet: 0.0 ms]
      [Ref Proc: 0.7 ms]
      [Ref Enq: 0.0 ms]
      [Redirty Cards: 0.6 ms]
      [Humongous Register: 0.1 ms]
      [Humongous Reclaim: 0.0 ms]
      [Free CSet: 0.4 ms]
   [Eden: 89.0M(89.0M)->0.0B(89.0M) Survivors: 13.0M->13.0M Heap: 330.8M(2048.0M)->332.3M(2048.0M)]
 [Times: user=1.72 sys=0.00, real=0.23 secs] 
2020-09-29T12:04:09.803+0200: 138.490: [GC pause (G1 Evacuation Pause) (young), 0.2413300 secs]
   [Parallel Time: 237.6 ms, GC Workers: 8]
      [GC Worker Start (ms): Min: 138490.2, Avg: 138495.6, Max: 138511.5, Diff: 21.3]
      [Ext Root Scanning (ms): Min: 0.0, Avg: 0.2, Max: 0.4, Diff: 0.4, Sum: 1.8]
      [Update RS (ms): Min: 0.7, Avg: 17.4, Max: 24.8, Diff: 24.1, Sum: 139.5]
         [Processed Buffers: Min: 2, Avg: 5.6, Max: 9, Diff: 7, Sum: 45]
      [Scan RS (ms): Min: 22.0, Avg: 23.9, Max: 25.1, Diff: 3.1, Sum: 191.0]
      [Code Root Scanning (ms): Min: 0.0, Avg: 0.0, Max: 0.0, Diff: 0.0, Sum: 0.0]
      [Object Copy (ms): Min: 189.9, Avg: 190.1, Max: 190.4, Diff: 0.5, Sum: 1521.1]
      [Termination (ms): Min: 0.0, Avg: 0.1, Max: 0.1, Diff: 0.1, Sum: 0.6]
         [Termination Attempts: Min: 1, Avg: 132.1, Max: 177, Diff: 176, Sum: 1057]
      [GC Worker Other (ms): Min: 0.0, Avg: 0.1, Max: 0.1, Diff: 0.1, Sum: 0.5]
      [GC Worker Total (ms): Min: 215.9, Avg: 231.8, Max: 237.2, Diff: 21.3, Sum: 1854.6]
      [GC Worker End (ms): Min: 138727.4, Avg: 138727.4, Max: 138727.5, Diff: 0.1]
   [Code Root Fixup: 0.0 ms]
   [Code Root Purge: 0.0 ms]
   [Clear CT: 0.9 ms]
   [Other: 2.7 ms]
      [Choose CSet: 0.0 ms]
      [Ref Proc: 1.0 ms]
      [Ref Enq: 0.0 ms]
      [Redirty Cards: 0.9 ms]
      [Humongous Register: 0.1 ms]
      [Humongous Reclaim: 0.0 ms]
      [Free CSet: 0.3 ms]
   [Eden: 89.0M(89.0M)->0.0B(89.0M) Survivors: 13.0M->13.0M Heap: 436.5M(2048.0M)->438.5M(2048.0M)]
 [Times: user=1.84 sys=0.00, real=0.24 secs] 
2020-09-29T12:04:10.253+0200: 138.941: [GC pause (G1 Evacuation Pause) (young), 0.2415611 secs]
   [Parallel Time: 238.6 ms, GC Workers: 8]
      [GC Worker Start (ms): Min: 138941.0, Avg: 138943.8, Max: 138962.7, Diff: 21.7]
      [Ext Root Scanning (ms): Min: 0.0, Avg: 0.3, Max: 0.5, Diff: 0.5, Sum: 2.1]
      [Update RS (ms): Min: 1.5, Avg: 20.7, Max: 25.3, Diff: 23.8, Sum: 165.7]
         [Processed Buffers: Min: 3, Avg: 6.9, Max: 9, Diff: 6, Sum: 55]
      [Scan RS (ms): Min: 19.6, Avg: 21.7, Max: 22.5, Diff: 2.9, Sum: 173.6]
      [Code Root Scanning (ms): Min: 0.0, Avg: 0.0, Max: 0.0, Diff: 0.0, Sum: 0.0]
      [Object Copy (ms): Min: 192.3, Avg: 192.7, Max: 192.8, Diff: 0.6, Sum: 1541.3]
      [Termination (ms): Min: 0.0, Avg: 0.2, Max: 0.2, Diff: 0.2, Sum: 1.3]
         [Termination Attempts: Min: 1, Avg: 29.3, Max: 43, Diff: 42, Sum: 234]
      [GC Worker Other (ms): Min: 0.0, Avg: 0.0, Max: 0.0, Diff: 0.0, Sum: 0.2]
      [GC Worker Total (ms): Min: 216.7, Avg: 235.5, Max: 238.4, Diff: 21.7, Sum: 1884.3]
      [GC Worker End (ms): Min: 139179.3, Avg: 139179.4, Max: 139179.4, Diff: 0.1]
   [Code Root Fixup: 0.0 ms]
   [Code Root Purge: 0.0 ms]
   [Clear CT: 0.6 ms]
   [Other: 2.3 ms]
      [Choose CSet: 0.0 ms]
      [Ref Proc: 0.6 ms]
      [Ref Enq: 0.0 ms]
      [Redirty Cards: 0.8 ms]
      [Humongous Register: 0.1 ms]
      [Humongous Reclaim: 0.0 ms]
      [Free CSet: 0.4 ms]
   [Eden: 89.0M(89.0M)->0.0B(89.0M) Survivors: 13.0M->13.0M Heap: 542.8M(2048.0M)->545.3M(2048.0M)]
 [Times: user=1.95 sys=0.00, real=0.24 secs] 
2020-09-29T12:04:10.697+0200: 139.385: [GC pause (G1 Evacuation Pause) (young), 0.1945552 secs]
   [Parallel Time: 193.1 ms, GC Workers: 8]
      [GC Worker Start (ms): Min: 139384.9, Avg: 139385.1, Max: 139385.4, Diff: 0.5]
      [Ext Root Scanning (ms): Min: 0.0, Avg: 0.2, Max: 0.5, Diff: 0.5, Sum: 1.8]
      [Update RS (ms): Min: 21.5, Avg: 23.1, Max: 25.4, Diff: 3.8, Sum: 184.5]
         [Processed Buffers: Min: 3, Avg: 7.4, Max: 11, Diff: 8, Sum: 59]
      [Scan RS (ms): Min: 21.6, Avg: 23.6, Max: 25.1, Diff: 3.5, Sum: 188.5]
      [Code Root Scanning (ms): Min: 0.0, Avg: 0.0, Max: 0.0, Diff: 0.0, Sum: 0.0]
      [Object Copy (ms): Min: 144.9, Avg: 145.5, Max: 145.9, Diff: 1.0, Sum: 1164.2]
      [Termination (ms): Min: 0.0, Avg: 0.1, Max: 0.2, Diff: 0.2, Sum: 1.1]
         [Termination Attempts: Min: 1, Avg: 712.5, Max: 900, Diff: 899, Sum: 5700]
      [GC Worker Other (ms): Min: 0.0, Avg: 0.0, Max: 0.1, Diff: 0.0, Sum: 0.3]
      [GC Worker Total (ms): Min: 192.3, Avg: 192.5, Max: 192.8, Diff: 0.5, Sum: 1540.3]
      [GC Worker End (ms): Min: 139577.7, Avg: 139577.7, Max: 139577.7, Diff: 0.0]
   [Code Root Fixup: 0.0 ms]
   [Code Root Purge: 0.0 ms]
   [Clear CT: 0.3 ms]
   [Other: 1.2 ms]
      [Choose CSet: 0.0 ms]
      [Ref Proc: 0.3 ms]
      [Ref Enq: 0.0 ms]
      [Redirty Cards: 0.3 ms]
      [Humongous Register: 0.1 ms]
      [Humongous Reclaim: 0.0 ms]
      [Free CSet: 0.2 ms]
   [Eden: 89.0M(89.0M)->0.0B(89.0M) Survivors: 13.0M->13.0M Heap: 649.6M(2048.0M)->652.1M(2048.0M)]
 [Times: user=1.42 sys=0.00, real=0.19 secs] 
2020-09-29T12:04:10.966+0200: 139.654: [GC pause (G1 Evacuation Pause) (young), 0.0825494 secs]
   [Parallel Time: 80.2 ms, GC Workers: 8]
      [GC Worker Start (ms): Min: 139653.8, Avg: 139654.0, Max: 139654.0, Diff: 0.2]
      [Ext Root Scanning (ms): Min: 0.0, Avg: 0.2, Max: 0.8, Diff: 0.8, Sum: 1.4]
      [Update RS (ms): Min: 3.5, Avg: 4.4, Max: 4.7, Diff: 1.2, Sum: 35.2]
         [Processed Buffers: Min: 3, Avg: 4.0, Max: 5, Diff: 2, Sum: 32]
      [Scan RS (ms): Min: 8.5, Avg: 8.7, Max: 9.2, Diff: 0.7, Sum: 70.0]
      [Code Root Scanning (ms): Min: 0.0, Avg: 0.0, Max: 0.0, Diff: 0.0, Sum: 0.0]
      [Object Copy (ms): Min: 66.5, Avg: 66.5, Max: 66.6, Diff: 0.1, Sum: 532.1]
      [Termination (ms): Min: 0.0, Avg: 0.0, Max: 0.0, Diff: 0.0, Sum: 0.1]
         [Termination Attempts: Min: 1, Avg: 53.9, Max: 84, Diff: 83, Sum: 431]
      [GC Worker Other (ms): Min: 0.0, Avg: 0.0, Max: 0.0, Diff: 0.0, Sum: 0.1]
      [GC Worker Total (ms): Min: 79.8, Avg: 79.9, Max: 80.0, Diff: 0.2, Sum: 638.9]
      [GC Worker End (ms): Min: 139733.8, Avg: 139733.8, Max: 139733.8, Diff: 0.0]
   [Code Root Fixup: 0.0 ms]
   [Code Root Purge: 0.0 ms]
   [Clear CT: 0.6 ms]
   [Other: 1.7 ms]
      [Choose CSet: 0.0 ms]
      [Ref Proc: 1.1 ms]
      [Ref Enq: 0.0 ms]
      [Redirty Cards: 0.3 ms]
      [Humongous Register: 0.0 ms]
      [Humongous Reclaim: 0.0 ms]
      [Free CSet: 0.1 ms]
   [Eden: 89.0M(89.0M)->0.0B(89.0M) Survivors: 13.0M->13.0M Heap: 754.4M(2048.0M)->756.4M(2048.0M)]
 [Times: user=0.61 sys=0.00, real=0.08 secs] 
2020-09-29T12:04:11.118+0200: 139.806: [GC pause (G1 Evacuation Pause) (young), 0.0793882 secs]
   [Parallel Time: 77.9 ms, GC Workers: 8]
      [GC Worker Start (ms): Min: 139806.3, Avg: 139806.4, Max: 139806.5, Diff: 0.2]
      [Ext Root Scanning (ms): Min: 0.0, Avg: 0.1, Max: 0.2, Diff: 0.2, Sum: 0.7]
      [Update RS (ms): Min: 4.9, Avg: 5.4, Max: 6.0, Diff: 1.1, Sum: 43.0]
         [Processed Buffers: Min: 5, Avg: 5.1, Max: 6, Diff: 1, Sum: 41]
      [Scan RS (ms): Min: 7.7, Avg: 8.3, Max: 8.8, Diff: 1.1, Sum: 66.7]
      [Code Root Scanning (ms): Min: 0.0, Avg: 0.0, Max: 0.0, Diff: 0.0, Sum: 0.0]
      [Object Copy (ms): Min: 63.6, Avg: 63.7, Max: 63.8, Diff: 0.1, Sum: 509.7]
      [Termination (ms): Min: 0.0, Avg: 0.0, Max: 0.0, Diff: 0.0, Sum: 0.1]
         [Termination Attempts: Min: 1, Avg: 69.1, Max: 89, Diff: 88, Sum: 553]
      [GC Worker Other (ms): Min: 0.0, Avg: 0.0, Max: 0.1, Diff: 0.0, Sum: 0.2]
      [GC Worker Total (ms): Min: 77.5, Avg: 77.6, Max: 77.7, Diff: 0.2, Sum: 620.5]
      [GC Worker End (ms): Min: 139884.0, Avg: 139884.0, Max: 139884.0, Diff: 0.0]
   [Code Root Fixup: 0.0 ms]
   [Code Root Purge: 0.0 ms]
   [Clear CT: 0.4 ms]
   [Other: 1.1 ms]
      [Choose CSet: 0.0 ms]
      [Ref Proc: 0.3 ms]
      [Ref Enq: 0.0 ms]
      [Redirty Cards: 0.5 ms]
      [Humongous Register: 0.1 ms]
      [Humongous Reclaim: 0.0 ms]
      [Free CSet: 0.1 ms]
   [Eden: 89.0M(89.0M)->0.0B(89.0M) Survivors: 13.0M->13.0M Heap: 860.7M(2048.0M)->862.7M(2048.0M)]
 [Times: user=0.61 sys=0.02, real=0.08 secs] 
2020-09-29T12:04:11.261+0200: 139.949: [GC pause (G1 Evacuation Pause) (young), 0.0826560 secs]
   [Parallel Time: 81.2 ms, GC Workers: 8]
      [GC Worker Start (ms): Min: 139949.3, Avg: 139949.4, Max: 139949.5, Diff: 0.2]
      [Ext Root Scanning (ms): Min: 0.0, Avg: 0.1, Max: 0.2, Diff: 0.2, Sum: 0.7]
      [Update RS (ms): Min: 5.1, Avg: 6.1, Max: 7.4, Diff: 2.2, Sum: 49.1]
         [Processed Buffers: Min: 5, Avg: 5.9, Max: 8, Diff: 3, Sum: 47]
      [Scan RS (ms): Min: 6.4, Avg: 7.6, Max: 8.6, Diff: 2.2, Sum: 61.0]
      [Code Root Scanning (ms): Min: 0.0, Avg: 0.0, Max: 0.0, Diff: 0.0, Sum: 0.0]
      [Object Copy (ms): Min: 66.9, Avg: 67.0, Max: 67.0, Diff: 0.1, Sum: 536.0]
      [Termination (ms): Min: 0.0, Avg: 0.0, Max: 0.1, Diff: 0.1, Sum: 0.3]
         [Termination Attempts: Min: 1, Avg: 205.0, Max: 262, Diff: 261, Sum: 1640]
      [GC Worker Other (ms): Min: 0.0, Avg: 0.0, Max: 0.0, Diff: 0.0, Sum: 0.2]
      [GC Worker Total (ms): Min: 80.8, Avg: 80.9, Max: 81.0, Diff: 0.2, Sum: 647.3]
      [GC Worker End (ms): Min: 140030.3, Avg: 140030.4, Max: 140030.4, Diff: 0.0]
   [Code Root Fixup: 0.0 ms]
   [Code Root Purge: 0.0 ms]
   [Clear CT: 0.3 ms]
   [Other: 1.2 ms]
      [Choose CSet: 0.0 ms]
      [Ref Proc: 0.3 ms]
      [Ref Enq: 0.0 ms]
      [Redirty Cards: 0.5 ms]
      [Humongous Register: 0.1 ms]
      [Humongous Reclaim: 0.0 ms]
      [Free CSet: 0.1 ms]
   [Eden: 89.0M(89.0M)->0.0B(109.0M) Survivors: 13.0M->13.0M Heap: 966.9M(2048.0M)->968.4M(2048.0M)]
 [Times: user=0.63 sys=0.00, real=0.08 secs] 
2020-09-29T12:04:11.353+0200: 140.041: [GC pause (G1 Humongous Allocation) (young) (initial-mark), 0.0278021 secs]
   [Parallel Time: 26.2 ms, GC Workers: 8]
      [GC Worker Start (ms): Min: 140041.4, Avg: 140041.5, Max: 140041.6, Diff: 0.1]
      [Ext Root Scanning (ms): Min: 0.0, Avg: 0.1, Max: 0.2, Diff: 0.1, Sum: 0.9]
      [Update RS (ms): Min: 11.0, Avg: 11.2, Max: 11.9, Diff: 0.8, Sum: 89.9]
         [Processed Buffers: Min: 9, Avg: 9.6, Max: 11, Diff: 2, Sum: 77]
      [Scan RS (ms): Min: 0.4, Avg: 1.0, Max: 1.3, Diff: 0.9, Sum: 8.4]
      [Code Root Scanning (ms): Min: 0.0, Avg: 0.0, Max: 0.0, Diff: 0.0, Sum: 0.0]
      [Object Copy (ms): Min: 13.6, Avg: 13.6, Max: 13.7, Diff: 0.1, Sum: 109.1]
      [Termination (ms): Min: 0.0, Avg: 0.0, Max: 0.0, Diff: 0.0, Sum: 0.1]
         [Termination Attempts: Min: 1, Avg: 24.0, Max: 32, Diff: 31, Sum: 192]
      [GC Worker Other (ms): Min: 0.0, Avg: 0.0, Max: 0.0, Diff: 0.0, Sum: 0.2]
      [GC Worker Total (ms): Min: 26.0, Avg: 26.1, Max: 26.1, Diff: 0.1, Sum: 208.5]
      [GC Worker End (ms): Min: 140067.6, Avg: 140067.6, Max: 140067.6, Diff: 0.0]
   [Code Root Fixup: 0.0 ms]
   [Code Root Purge: 0.0 ms]
   [Clear CT: 0.3 ms]
   [Other: 1.3 ms]
      [Choose CSet: 0.0 ms]
      [Ref Proc: 0.3 ms]
      [Ref Enq: 0.0 ms]
      [Redirty Cards: 0.5 ms]
      [Humongous Register: 0.1 ms]
      [Humongous Reclaim: 0.0 ms]
      [Free CSet: 0.1 ms]
   [Eden: 6144.0K(109.0M)->0.0B(136.0M) Survivors: 13.0M->8192.0K Heap: 974.4M(2048.0M)->977.9M(2048.0M)]
 [Times: user=0.23 sys=0.00, real=0.03 secs] 
2020-09-29T12:04:11.381+0200: 140.069: [GC concurrent-root-region-scan-start]
2020-09-29T12:04:11.383+0200: 140.071: [GC concurrent-root-region-scan-end, 0.0020356 secs]
2020-09-29T12:04:11.383+0200: 140.071: [GC concurrent-mark-start]
2020-09-29T12:04:11.387+0200: 140.075: [GC concurrent-mark-end, 0.0036406 secs]
2020-09-29T12:04:11.387+0200: 140.075: [GC remark 2020-09-29T12:04:11.387+0200: 140.075: [Finalize Marking, 0.0003311 secs] 2020-09-29T12:04:11.388+0200: 140.075: [GC ref-proc, 0.0003841 secs] 2020-09-29T12:04:11.388+0200: 140.076: [Unloading, 0.0005425 secs], 0.0016207 secs]
 [Times: user=0.00 sys=0.00, real=0.00 secs] 
2020-09-29T12:04:11.389+0200: 140.077: [GC cleanup 987M->25M(2048M), 0.0017170 secs]
 [Times: user=0.00 sys=0.00, real=0.00 secs] 
2020-09-29T12:04:11.391+0200: 140.079: [GC concurrent-cleanup-start]
2020-09-29T12:04:11.392+0200: 140.080: [GC concurrent-cleanup-end, 0.0012944 secs]
2020-09-29T12:04:11.480+0200: 140.168: [GC pause (G1 Evacuation Pause) (young), 0.0993109 secs]
   [Parallel Time: 98.0 ms, GC Workers: 8]
      [GC Worker Start (ms): Min: 140168.0, Avg: 140168.1, Max: 140168.2, Diff: 0.2]
      [Ext Root Scanning (ms): Min: 0.0, Avg: 0.1, Max: 0.2, Diff: 0.2, Sum: 0.7]
      [Update RS (ms): Min: 8.6, Avg: 9.0, Max: 9.5, Diff: 0.9, Sum: 71.8]
         [Processed Buffers: Min: 7, Avg: 7.5, Max: 8, Diff: 1, Sum: 60]
      [Scan RS (ms): Min: 9.2, Avg: 9.8, Max: 10.3, Diff: 1.1, Sum: 78.4]
      [Code Root Scanning (ms): Min: 0.0, Avg: 0.0, Max: 0.0, Diff: 0.0, Sum: 0.0]
      [Object Copy (ms): Min: 78.6, Avg: 78.8, Max: 78.9, Diff: 0.4, Sum: 630.5]
      [Termination (ms): Min: 0.0, Avg: 0.0, Max: 0.0, Diff: 0.0, Sum: 0.1]
         [Termination Attempts: Min: 1, Avg: 40.3, Max: 59, Diff: 58, Sum: 322]
      [GC Worker Other (ms): Min: 0.0, Avg: 0.0, Max: 0.1, Diff: 0.0, Sum: 0.2]
      [GC Worker Total (ms): Min: 97.6, Avg: 97.7, Max: 97.8, Diff: 0.2, Sum: 781.7]
      [GC Worker End (ms): Min: 140265.8, Avg: 140265.8, Max: 140265.8, Diff: 0.0]
   [Code Root Fixup: 0.0 ms]
   [Code Root Purge: 0.0 ms]
   [Clear CT: 0.2 ms]
   [Other: 1.1 ms]
      [Choose CSet: 0.0 ms]
      [Ref Proc: 0.3 ms]
      [Ref Enq: 0.0 ms]
      [Redirty Cards: 0.3 ms]
      [Humongous Register: 0.0 ms]
      [Humongous Reclaim: 0.0 ms]
      [Free CSet: 0.2 ms]
   [Eden: 136.0M(136.0M)->0.0B(145.0M) Survivors: 8192.0K->18.0M Heap: 174.4M(2048.0M)->168.4M(2048.0M)]
 [Times: user=0.75 sys=0.00, real=0.10 secs] 
2020-09-29T12:04:11.688+0200: 140.376: [GC pause (G1 Evacuation Pause) (young), 0.1197238 secs]
   [Parallel Time: 118.3 ms, GC Workers: 8]
      [GC Worker Start (ms): Min: 140375.7, Avg: 140375.8, Max: 140375.9, Diff: 0.2]
      [Ext Root Scanning (ms): Min: 0.0, Avg: 0.1, Max: 0.2, Diff: 0.2, Sum: 0.7]
      [Update RS (ms): Min: 8.7, Avg: 8.7, Max: 8.8, Diff: 0.1, Sum: 69.7]
         [Processed Buffers: Min: 7, Avg: 8.0, Max: 10, Diff: 3, Sum: 64]
      [Scan RS (ms): Min: 11.8, Avg: 11.9, Max: 12.1, Diff: 0.3, Sum: 95.3]
      [Code Root Scanning (ms): Min: 0.0, Avg: 0.0, Max: 0.0, Diff: 0.0, Sum: 0.0]
      [Object Copy (ms): Min: 97.1, Avg: 97.2, Max: 97.3, Diff: 0.2, Sum: 777.9]
      [Termination (ms): Min: 0.0, Avg: 0.0, Max: 0.0, Diff: 0.0, Sum: 0.2]
         [Termination Attempts: Min: 1, Avg: 114.3, Max: 154, Diff: 153, Sum: 914]
      [GC Worker Other (ms): Min: 0.0, Avg: 0.0, Max: 0.1, Diff: 0.0, Sum: 0.2]
      [GC Worker Total (ms): Min: 117.9, Avg: 118.0, Max: 118.1, Diff: 0.2, Sum: 944.0]
      [GC Worker End (ms): Min: 140493.8, Avg: 140493.8, Max: 140493.9, Diff: 0.0]
   [Code Root Fixup: 0.0 ms]
   [Code Root Purge: 0.0 ms]
   [Clear CT: 0.2 ms]
   [Other: 1.2 ms]
      [Choose CSet: 0.0 ms]
      [Ref Proc: 0.3 ms]
      [Ref Enq: 0.0 ms]
      [Redirty Cards: 0.4 ms]
      [Humongous Register: 0.0 ms]
      [Humongous Reclaim: 0.0 ms]
      [Free CSet: 0.2 ms]
   [Eden: 145.0M(145.0M)->0.0B(154.0M) Survivors: 18.0M->21.0M Heap: 338.2M(2048.0M)->340.7M(2048.0M)]
 [Times: user=1.00 sys=0.00, real=0.12 secs] 
2020-09-29T12:04:11.927+0200: 140.615: [GC pause (G1 Evacuation Pause) (young), 0.1322363 secs]
   [Parallel Time: 130.6 ms, GC Workers: 8]
      [GC Worker Start (ms): Min: 140615.5, Avg: 140615.6, Max: 140615.7, Diff: 0.2]
      [Ext Root Scanning (ms): Min: 0.0, Avg: 0.1, Max: 0.2, Diff: 0.2, Sum: 0.6]
      [Update RS (ms): Min: 11.0, Avg: 11.1, Max: 11.5, Diff: 0.5, Sum: 88.9]
         [Processed Buffers: Min: 9, Avg: 10.4, Max: 12, Diff: 3, Sum: 83]
      [Scan RS (ms): Min: 12.1, Avg: 12.5, Max: 12.7, Diff: 0.6, Sum: 100.0]
      [Code Root Scanning (ms): Min: 0.0, Avg: 0.0, Max: 0.0, Diff: 0.0, Sum: 0.0]
      [Object Copy (ms): Min: 106.4, Avg: 106.5, Max: 106.7, Diff: 0.3, Sum: 852.0]
      [Termination (ms): Min: 0.0, Avg: 0.1, Max: 0.2, Diff: 0.2, Sum: 1.1]
         [Termination Attempts: Min: 1, Avg: 641.8, Max: 804, Diff: 803, Sum: 5134]
      [GC Worker Other (ms): Min: 0.0, Avg: 0.0, Max: 0.1, Diff: 0.0, Sum: 0.2]
      [GC Worker Total (ms): Min: 130.3, Avg: 130.4, Max: 130.5, Diff: 0.2, Sum: 1042.9]
      [GC Worker End (ms): Min: 140745.9, Avg: 140745.9, Max: 140745.9, Diff: 0.0]
   [Code Root Fixup: 0.0 ms]
   [Code Root Purge: 0.0 ms]
   [Clear CT: 0.3 ms]
   [Other: 1.3 ms]
      [Choose CSet: 0.0 ms]
      [Ref Proc: 0.3 ms]
      [Ref Enq: 0.0 ms]
      [Redirty Cards: 0.5 ms]
      [Humongous Register: 0.1 ms]
      [Humongous Reclaim: 0.0 ms]
      [Free CSet: 0.1 ms]
   [Eden: 154.0M(154.0M)->0.0B(167.0M) Survivors: 21.0M->22.0M Heap: 521.4M(2048.0M)->523.9M(2048.0M)]
 [Times: user=0.98 sys=0.00, real=0.13 secs] 
2020-09-29T12:04:12.190+0200: 140.878: [GC pause (G1 Evacuation Pause) (young), 0.1293368 secs]
   [Parallel Time: 128.2 ms, GC Workers: 8]
      [GC Worker Start (ms): Min: 140877.9, Avg: 140878.0, Max: 140878.0, Diff: 0.1]
      [Ext Root Scanning (ms): Min: 0.0, Avg: 0.1, Max: 0.2, Diff: 0.1, Sum: 0.9]
      [Update RS (ms): Min: 9.1, Avg: 9.5, Max: 9.8, Diff: 0.7, Sum: 75.7]
         [Processed Buffers: Min: 8, Avg: 8.6, Max: 10, Diff: 2, Sum: 69]
      [Scan RS (ms): Min: 13.2, Avg: 13.5, Max: 13.9, Diff: 0.6, Sum: 108.3]
      [Code Root Scanning (ms): Min: 0.0, Avg: 0.0, Max: 0.0, Diff: 0.0, Sum: 0.0]
      [Object Copy (ms): Min: 104.8, Avg: 104.9, Max: 104.9, Diff: 0.1, Sum: 838.9]
      [Termination (ms): Min: 0.0, Avg: 0.1, Max: 0.1, Diff: 0.1, Sum: 0.7]
         [Termination Attempts: Min: 1, Avg: 234.3, Max: 287, Diff: 286, Sum: 1874]
      [GC Worker Other (ms): Min: 0.0, Avg: 0.0, Max: 0.0, Diff: 0.0, Sum: 0.1]
      [GC Worker Total (ms): Min: 128.0, Avg: 128.1, Max: 128.1, Diff: 0.1, Sum: 1024.7]
      [GC Worker End (ms): Min: 141006.1, Avg: 141006.1, Max: 141006.1, Diff: 0.0]
   [Code Root Fixup: 0.0 ms]
   [Code Root Purge: 0.0 ms]
   [Clear CT: 0.2 ms]
   [Other: 0.9 ms]
      [Choose CSet: 0.0 ms]
      [Ref Proc: 0.3 ms]
      [Ref Enq: 0.0 ms]
      [Redirty Cards: 0.3 ms]
      [Humongous Register: 0.0 ms]
      [Humongous Reclaim: 0.0 ms]
      [Free CSet: 0.1 ms]
   [Eden: 167.0M(167.0M)->0.0B(177.0M) Survivors: 22.0M->24.0M Heap: 717.6M(2048.0M)->719.1M(2048.0M)]
 [Times: user=1.13 sys=0.00, real=0.13 secs] 
2020-09-29T12:04:12.454+0200: 141.141: [GC pause (G1 Evacuation Pause) (young), 0.1458954 secs]
   [Parallel Time: 144.6 ms, GC Workers: 8]
      [GC Worker Start (ms): Min: 141141.3, Avg: 141141.5, Max: 141141.6, Diff: 0.2]
      [Ext Root Scanning (ms): Min: 0.0, Avg: 0.1, Max: 0.2, Diff: 0.2, Sum: 0.6]
      [Update RS (ms): Min: 11.7, Avg: 11.9, Max: 12.1, Diff: 0.5, Sum: 95.0]
         [Processed Buffers: Min: 10, Avg: 11.6, Max: 14, Diff: 4, Sum: 93]
      [Scan RS (ms): Min: 14.5, Avg: 14.8, Max: 15.1, Diff: 0.5, Sum: 118.7]
      [Code Root Scanning (ms): Min: 0.0, Avg: 0.0, Max: 0.0, Diff: 0.0, Sum: 0.0]
      [Object Copy (ms): Min: 117.3, Avg: 117.4, Max: 117.5, Diff: 0.2, Sum: 939.5]
      [Termination (ms): Min: 0.0, Avg: 0.0, Max: 0.0, Diff: 0.0, Sum: 0.2]
         [Termination Attempts: Min: 1, Avg: 108.4, Max: 150, Diff: 149, Sum: 867]
      [GC Worker Other (ms): Min: 0.0, Avg: 0.0, Max: 0.1, Diff: 0.0, Sum: 0.2]
      [GC Worker Total (ms): Min: 144.2, Avg: 144.3, Max: 144.4, Diff: 0.3, Sum: 1154.1]
      [GC Worker End (ms): Min: 141285.7, Avg: 141285.7, Max: 141285.8, Diff: 0.0]
   [Code Root Fixup: 0.0 ms]
   [Code Root Purge: 0.0 ms]
   [Clear CT: 0.2 ms]
   [Other: 1.1 ms]
      [Choose CSet: 0.0 ms]
      [Ref Proc: 0.2 ms]
      [Ref Enq: 0.0 ms]
      [Redirty Cards: 0.3 ms]
      [Humongous Register: 0.0 ms]
      [Humongous Reclaim: 0.0 ms]
      [Free CSet: 0.3 ms]
   [Eden: 177.0M(177.0M)->0.0B(182.0M) Survivors: 24.0M->26.0M Heap: 926.6M(2048.0M)->928.6M(2048.0M)]
 [Times: user=1.22 sys=0.00, real=0.15 secs] 
2020-09-29T12:04:12.666+0200: 141.353: [GC pause (G1 Humongous Allocation) (young) (initial-mark), 0.0893986 secs]
   [Parallel Time: 87.8 ms, GC Workers: 8]
      [GC Worker Start (ms): Min: 141353.2, Avg: 141353.3, Max: 141353.4, Diff: 0.2]
      [Ext Root Scanning (ms): Min: 0.0, Avg: 1.5, Max: 11.2, Diff: 11.2, Sum: 12.2]
      [Update RS (ms): Min: 3.0, Avg: 13.5, Max: 15.4, Diff: 12.3, Sum: 107.7]
         [Processed Buffers: Min: 3, Avg: 10.4, Max: 12, Diff: 9, Sum: 83]
      [Scan RS (ms): Min: 3.7, Avg: 4.3, Max: 5.1, Diff: 1.4, Sum: 34.3]
      [Code Root Scanning (ms): Min: 0.0, Avg: 0.0, Max: 0.0, Diff: 0.0, Sum: 0.0]
      [Object Copy (ms): Min: 68.2, Avg: 68.2, Max: 68.3, Diff: 0.1, Sum: 545.7]
      [Termination (ms): Min: 0.0, Avg: 0.0, Max: 0.0, Diff: 0.0, Sum: 0.1]
         [Termination Attempts: Min: 1, Avg: 52.5, Max: 71, Diff: 70, Sum: 420]
      [GC Worker Other (ms): Min: 0.0, Avg: 0.0, Max: 0.1, Diff: 0.0, Sum: 0.2]
      [GC Worker Total (ms): Min: 87.4, Avg: 87.5, Max: 87.6, Diff: 0.2, Sum: 700.2]
      [GC Worker End (ms): Min: 141440.8, Avg: 141440.8, Max: 141440.8, Diff: 0.0]
   [Code Root Fixup: 0.0 ms]
   [Code Root Purge: 0.0 ms]
   [Clear CT: 0.7 ms]
   [Other: 0.9 ms]
      [Choose CSet: 0.0 ms]
      [Ref Proc: 0.2 ms]
      [Ref Enq: 0.0 ms]
      [Redirty Cards: 0.3 ms]
      [Humongous Register: 0.0 ms]
      [Humongous Reclaim: 0.0 ms]
      [Free CSet: 0.2 ms]
   [Eden: 80.0M(182.0M)->0.0B(195.0M) Survivors: 26.0M->26.0M Heap: 1019.6M(2048.0M)->1022.1M(2048.0M)]
 [Times: user=0.63 sys=0.02, real=0.09 secs] 
2020-09-29T12:04:12.755+0200: 141.443: [GC concurrent-root-region-scan-start]
2020-09-29T12:04:12.767+0200: 141.454: [GC concurrent-root-region-scan-end, 0.0117700 secs]
2020-09-29T12:04:12.767+0200: 141.454: [GC concurrent-mark-start]
2020-09-29T12:04:12.771+0200: 141.459: [GC concurrent-mark-end, 0.0041595 secs]
2020-09-29T12:04:12.772+0200: 141.459: [GC remark 2020-09-29T12:04:12.773+0200: 141.460: [Finalize Marking, 0.0002152 secs] 2020-09-29T12:04:12.773+0200: 141.460: [GC ref-proc, 0.0005035 secs] 2020-09-29T12:04:12.773+0200: 141.461: [Unloading, 0.0006333 secs], 0.0027789 secs]
 [Times: user=0.00 sys=0.00, real=0.00 secs] 
2020-09-29T12:04:12.775+0200: 141.462: [GC cleanup 1045M->57M(2048M), 0.0019144 secs]
 [Times: user=0.00 sys=0.00, real=0.00 secs] 
2020-09-29T12:04:12.777+0200: 141.464: [GC concurrent-cleanup-start]
2020-09-29T12:04:12.778+0200: 141.466: [GC concurrent-cleanup-end, 0.0013580 secs]
2020-09-29T12:04:12.903+0200: 141.590: [GC pause (G1 Evacuation Pause) (young), 0.1509382 secs]
   [Parallel Time: 147.0 ms, GC Workers: 8]
      [GC Worker Start (ms): Min: 141590.5, Avg: 141590.6, Max: 141590.7, Diff: 0.2]
      [Ext Root Scanning (ms): Min: 0.0, Avg: 0.1, Max: 0.2, Diff: 0.2, Sum: 0.7]
      [Update RS (ms): Min: 14.3, Avg: 14.3, Max: 14.4, Diff: 0.1, Sum: 114.7]
         [Processed Buffers: Min: 11, Avg: 12.9, Max: 16, Diff: 5, Sum: 103]
      [Scan RS (ms): Min: 13.0, Avg: 13.0, Max: 13.1, Diff: 0.2, Sum: 104.4]
      [Code Root Scanning (ms): Min: 0.0, Avg: 0.0, Max: 0.0, Diff: 0.0, Sum: 0.0]
      [Object Copy (ms): Min: 118.6, Avg: 118.7, Max: 118.8, Diff: 0.2, Sum: 949.5]
      [Termination (ms): Min: 0.0, Avg: 0.1, Max: 0.1, Diff: 0.1, Sum: 0.8]
         [Termination Attempts: Min: 1, Avg: 462.5, Max: 617, Diff: 616, Sum: 3700]
      [GC Worker Other (ms): Min: 0.0, Avg: 0.1, Max: 0.4, Diff: 0.4, Sum: 1.0]
      [GC Worker Total (ms): Min: 146.2, Avg: 146.4, Max: 146.7, Diff: 0.5, Sum: 1171.1]
      [GC Worker End (ms): Min: 141736.9, Avg: 141737.0, Max: 141737.3, Diff: 0.4]
   [Code Root Fixup: 0.0 ms]
   [Code Root Purge: 0.0 ms]
   [Clear CT: 0.3 ms]
   [Other: 3.7 ms]
      [Choose CSet: 0.0 ms]
      [Ref Proc: 1.4 ms]
      [Ref Enq: 0.0 ms]
      [Redirty Cards: 1.5 ms]
      [Humongous Register: 0.0 ms]
      [Humongous Reclaim: 0.0 ms]
      [Free CSet: 0.2 ms]
   [Eden: 195.0M(195.0M)->0.0B(198.0M) Survivors: 26.0M->28.0M Heap: 263.3M(2048.0M)->238.3M(2048.0M)]
 [Times: user=1.13 sys=0.00, real=0.15 secs] 
2020-09-29T12:04:13.206+0200: 141.893: [GC pause (G1 Evacuation Pause) (young), 0.1677950 secs]
   [Parallel Time: 166.7 ms, GC Workers: 8]
      [GC Worker Start (ms): Min: 141893.2, Avg: 141893.2, Max: 141893.3, Diff: 0.2]
      [Ext Root Scanning (ms): Min: 0.0, Avg: 0.1, Max: 0.2, Diff: 0.2, Sum: 0.7]
      [Update RS (ms): Min: 15.9, Avg: 16.1, Max: 17.0, Diff: 1.1, Sum: 129.0]
         [Processed Buffers: Min: 12, Avg: 14.0, Max: 16, Diff: 4, Sum: 112]
      [Scan RS (ms): Min: 14.1, Avg: 14.9, Max: 15.1, Diff: 1.1, Sum: 118.8]
      [Code Root Scanning (ms): Min: 0.0, Avg: 0.0, Max: 0.0, Diff: 0.0, Sum: 0.0]
      [Object Copy (ms): Min: 135.1, Avg: 135.2, Max: 135.3, Diff: 0.3, Sum: 1081.5]
      [Termination (ms): Min: 0.0, Avg: 0.1, Max: 0.2, Diff: 0.2, Sum: 1.1]
         [Termination Attempts: Min: 1, Avg: 615.9, Max: 802, Diff: 801, Sum: 4927]
      [GC Worker Other (ms): Min: 0.0, Avg: 0.0, Max: 0.1, Diff: 0.1, Sum: 0.3]
      [GC Worker Total (ms): Min: 166.4, Avg: 166.4, Max: 166.5, Diff: 0.2, Sum: 1331.5]
      [GC Worker End (ms): Min: 142059.7, Avg: 142059.7, Max: 142059.7, Diff: 0.1]
   [Code Root Fixup: 0.0 ms]
   [Code Root Purge: 0.0 ms]
   [Clear CT: 0.2 ms]
   [Other: 0.9 ms]
      [Choose CSet: 0.0 ms]
      [Ref Proc: 0.2 ms]
      [Ref Enq: 0.0 ms]
      [Redirty Cards: 0.3 ms]
      [Humongous Register: 0.0 ms]
      [Humongous Reclaim: 0.0 ms]
      [Free CSet: 0.2 ms]
   [Eden: 198.0M(198.0M)->0.0B(197.0M) Survivors: 28.0M->29.0M Heap: 468.8M(2048.0M)->471.3M(2048.0M)]
 [Times: user=1.36 sys=0.00, real=0.17 secs] 
2020-09-29T12:04:13.511+0200: 142.198: [GC pause (G1 Evacuation Pause) (young), 0.1606730 secs]
   [Parallel Time: 159.3 ms, GC Workers: 8]
      [GC Worker Start (ms): Min: 142198.5, Avg: 142198.6, Max: 142198.7, Diff: 0.2]
      [Ext Root Scanning (ms): Min: 0.0, Avg: 0.1, Max: 0.2, Diff: 0.2, Sum: 0.7]
      [Update RS (ms): Min: 16.5, Avg: 16.8, Max: 17.7, Diff: 1.2, Sum: 134.5]
         [Processed Buffers: Min: 13, Avg: 14.5, Max: 17, Diff: 4, Sum: 116]
      [Scan RS (ms): Min: 13.2, Avg: 14.0, Max: 14.3, Diff: 1.1, Sum: 112.3]
      [Code Root Scanning (ms): Min: 0.0, Avg: 0.0, Max: 0.0, Diff: 0.0, Sum: 0.0]
      [Object Copy (ms): Min: 127.9, Avg: 128.0, Max: 128.0, Diff: 0.1, Sum: 1024.1]
      [Termination (ms): Min: 0.0, Avg: 0.0, Max: 0.1, Diff: 0.1, Sum: 0.4]
         [Termination Attempts: Min: 1, Avg: 232.9, Max: 284, Diff: 283, Sum: 1863]
      [GC Worker Other (ms): Min: 0.0, Avg: 0.0, Max: 0.1, Diff: 0.1, Sum: 0.3]
      [GC Worker Total (ms): Min: 158.9, Avg: 159.0, Max: 159.1, Diff: 0.2, Sum: 1272.2]
      [GC Worker End (ms): Min: 142357.6, Avg: 142357.6, Max: 142357.7, Diff: 0.1]
   [Code Root Fixup: 0.0 ms]
   [Code Root Purge: 0.0 ms]
   [Clear CT: 0.2 ms]
   [Other: 1.1 ms]
      [Choose CSet: 0.0 ms]
      [Ref Proc: 0.2 ms]
      [Ref Enq: 0.0 ms]
      [Redirty Cards: 0.3 ms]
      [Humongous Register: 0.0 ms]
      [Humongous Reclaim: 0.0 ms]
      [Free CSet: 0.3 ms]
   [Eden: 197.0M(197.0M)->0.0B(202.0M) Survivors: 29.0M->29.0M Heap: 700.7M(2048.0M)->702.7M(2048.0M)]
 [Times: user=1.23 sys=0.01, real=0.16 secs] 
2020-09-29T12:04:13.822+0200: 142.510: [GC pause (G1 Evacuation Pause) (young), 0.1857980 secs]
   [Parallel Time: 184.6 ms, GC Workers: 8]
      [GC Worker Start (ms): Min: 142509.8, Avg: 142510.2, Max: 142512.2, Diff: 2.4]
      [Ext Root Scanning (ms): Min: 0.0, Avg: 0.1, Max: 0.2, Diff: 0.2, Sum: 0.7]
      [Update RS (ms): Min: 16.9, Avg: 18.8, Max: 19.7, Diff: 2.8, Sum: 150.7]
         [Processed Buffers: Min: 11, Avg: 15.6, Max: 18, Diff: 7, Sum: 125]
      [Scan RS (ms): Min: 14.6, Avg: 15.3, Max: 15.5, Diff: 0.8, Sum: 122.4]
      [Code Root Scanning (ms): Min: 0.0, Avg: 0.0, Max: 0.0, Diff: 0.0, Sum: 0.0]
      [Object Copy (ms): Min: 149.6, Avg: 149.7, Max: 149.8, Diff: 0.1, Sum: 1197.6]
      [Termination (ms): Min: 0.0, Avg: 0.0, Max: 0.0, Diff: 0.0, Sum: 0.3]
         [Termination Attempts: Min: 1, Avg: 175.1, Max: 235, Diff: 234, Sum: 1401]
      [GC Worker Other (ms): Min: 0.0, Avg: 0.0, Max: 0.1, Diff: 0.0, Sum: 0.3]
      [GC Worker Total (ms): Min: 182.0, Avg: 184.0, Max: 184.4, Diff: 2.4, Sum: 1472.0]
      [GC Worker End (ms): Min: 142694.2, Avg: 142694.2, Max: 142694.3, Diff: 0.1]
   [Code Root Fixup: 0.0 ms]
   [Code Root Purge: 0.0 ms]
   [Clear CT: 0.2 ms]
   [Other: 1.0 ms]
      [Choose CSet: 0.0 ms]
      [Ref Proc: 0.3 ms]
      [Ref Enq: 0.0 ms]
      [Redirty Cards: 0.3 ms]
      [Humongous Register: 0.1 ms]
      [Humongous Reclaim: 0.0 ms]
      [Free CSet: 0.2 ms]
   [Eden: 202.0M(202.0M)->0.0B(198.0M) Survivors: 29.0M->29.0M Heap: 939.0M(2048.0M)->941.5M(2048.0M)]
 [Times: user=1.36 sys=0.02, real=0.19 secs] 
2020-09-29T12:04:14.025+0200: 142.713: [GC pause (G1 Humongous Allocation) (young) (initial-mark), 0.0670320 secs]
   [Parallel Time: 65.8 ms, GC Workers: 8]
      [GC Worker Start (ms): Min: 142713.0, Avg: 142713.1, Max: 142713.2, Diff: 0.2]
      [Ext Root Scanning (ms): Min: 0.0, Avg: 0.2, Max: 0.5, Diff: 0.5, Sum: 1.9]
      [Update RS (ms): Min: 29.6, Avg: 30.0, Max: 30.5, Diff: 0.8, Sum: 239.9]
         [Processed Buffers: Min: 23, Avg: 25.3, Max: 27, Diff: 4, Sum: 202]
      [Scan RS (ms): Min: 2.7, Avg: 3.4, Max: 3.9, Diff: 1.2, Sum: 27.2]
      [Code Root Scanning (ms): Min: 0.0, Avg: 0.0, Max: 0.0, Diff: 0.0, Sum: 0.0]
      [Object Copy (ms): Min: 31.8, Avg: 31.9, Max: 32.0, Diff: 0.2, Sum: 254.8]
      [Termination (ms): Min: 0.0, Avg: 0.1, Max: 0.1, Diff: 0.1, Sum: 0.6]
         [Termination Attempts: Min: 1, Avg: 38.1, Max: 57, Diff: 56, Sum: 305]
      [GC Worker Other (ms): Min: 0.0, Avg: 0.0, Max: 0.0, Diff: 0.0, Sum: 0.1]
      [GC Worker Total (ms): Min: 65.4, Avg: 65.6, Max: 65.7, Diff: 0.2, Sum: 524.7]
      [GC Worker End (ms): Min: 142778.7, Avg: 142778.7, Max: 142778.7, Diff: 0.0]
   [Code Root Fixup: 0.0 ms]
   [Code Root Purge: 0.0 ms]
   [Clear CT: 0.3 ms]
   [Other: 0.9 ms]
      [Choose CSet: 0.0 ms]
      [Ref Proc: 0.4 ms]
      [Ref Enq: 0.0 ms]
      [Redirty Cards: 0.2 ms]
      [Humongous Register: 0.0 ms]
      [Humongous Reclaim: 0.0 ms]
      [Free CSet: 0.1 ms]
   [Eden: 21.0M(198.0M)->0.0B(205.0M) Survivors: 29.0M->23.0M Heap: 964.4M(2048.0M)->967.9M(2048.0M)]
 [Times: user=0.50 sys=0.00, real=0.07 secs] 
2020-09-29T12:04:14.093+0200: 142.780: [GC concurrent-root-region-scan-start]
2020-09-29T12:04:14.099+0200: 142.786: [GC concurrent-root-region-scan-end, 0.0063193 secs]
2020-09-29T12:04:14.099+0200: 142.786: [GC concurrent-mark-start]
2020-09-29T12:04:14.102+0200: 142.790: [GC concurrent-mark-end, 0.0033893 secs]
2020-09-29T12:04:14.103+0200: 142.790: [GC remark 2020-09-29T12:04:14.103+0200: 142.790: [Finalize Marking, 0.0003072 secs] 2020-09-29T12:04:14.103+0200: 142.791: [GC ref-proc, 0.0003790 secs] 2020-09-29T12:04:14.103+0200: 142.791: [Unloading, 0.0006391 secs], 0.0016676 secs]
 [Times: user=0.00 sys=0.00, real=0.00 secs] 
2020-09-29T12:04:14.105+0200: 142.792: [GC cleanup 985M->48M(2048M), 0.0013407 secs]
 [Times: user=0.00 sys=0.00, real=0.00 secs] 
2020-09-29T12:04:14.106+0200: 142.794: [GC concurrent-cleanup-start]
2020-09-29T12:04:14.107+0200: 142.795: [GC concurrent-cleanup-end, 0.0012050 secs]
2020-09-29T12:04:14.243+0200: 142.930: [GC pause (G1 Evacuation Pause) (young), 0.1765889 secs]
   [Parallel Time: 174.8 ms, GC Workers: 8]
      [GC Worker Start (ms): Min: 142930.2, Avg: 142930.2, Max: 142930.4, Diff: 0.2]
      [Ext Root Scanning (ms): Min: 0.0, Avg: 0.1, Max: 0.2, Diff: 0.2, Sum: 0.7]
      [Update RS (ms): Min: 20.6, Avg: 21.0, Max: 21.5, Diff: 0.8, Sum: 168.4]
         [Processed Buffers: Min: 15, Avg: 15.5, Max: 16, Diff: 1, Sum: 124]
      [Scan RS (ms): Min: 15.1, Avg: 15.5, Max: 15.9, Diff: 0.8, Sum: 124.3]
      [Code Root Scanning (ms): Min: 0.0, Avg: 0.0, Max: 0.0, Diff: 0.0, Sum: 0.0]
      [Object Copy (ms): Min: 137.5, Avg: 137.6, Max: 137.9, Diff: 0.4, Sum: 1100.8]
      [Termination (ms): Min: 0.0, Avg: 0.2, Max: 0.3, Diff: 0.3, Sum: 1.7]
         [Termination Attempts: Min: 1, Avg: 974.6, Max: 1232, Diff: 1231, Sum: 7797]
      [GC Worker Other (ms): Min: 0.0, Avg: 0.0, Max: 0.1, Diff: 0.0, Sum: 0.3]
      [GC Worker Total (ms): Min: 174.4, Avg: 174.5, Max: 174.6, Diff: 0.2, Sum: 1396.2]
      [GC Worker End (ms): Min: 143104.8, Avg: 143104.8, Max: 143104.8, Diff: 0.0]
   [Code Root Fixup: 0.0 ms]
   [Code Root Purge: 0.0 ms]
   [Clear CT: 0.8 ms]
   [Other: 1.0 ms]
      [Choose CSet: 0.0 ms]
      [Ref Proc: 0.2 ms]
      [Ref Enq: 0.0 ms]
      [Redirty Cards: 0.2 ms]
      [Humongous Register: 0.0 ms]
      [Humongous Reclaim: 0.0 ms]
      [Free CSet: 0.2 ms]
   [Eden: 205.0M(205.0M)->0.0B(194.0M) Survivors: 23.0M->29.0M Heap: 269.8M(2048.0M)->249.3M(2048.0M)]
 [Times: user=1.33 sys=0.05, real=0.18 secs] 
2020-09-29T12:04:14.556+0200: 143.243: [GC pause (G1 Evacuation Pause) (young), 0.1636425 secs]
   [Parallel Time: 162.2 ms, GC Workers: 8]
      [GC Worker Start (ms): Min: 143243.5, Avg: 143243.6, Max: 143243.7, Diff: 0.2]
      [Ext Root Scanning (ms): Min: 0.0, Avg: 0.1, Max: 0.2, Diff: 0.2, Sum: 0.7]
      [Update RS (ms): Min: 17.3, Avg: 17.8, Max: 18.3, Diff: 1.0, Sum: 142.7]
         [Processed Buffers: Min: 12, Avg: 14.3, Max: 15, Diff: 3, Sum: 114]
      [Scan RS (ms): Min: 14.8, Avg: 15.4, Max: 16.0, Diff: 1.1, Sum: 123.3]
      [Code Root Scanning (ms): Min: 0.0, Avg: 0.0, Max: 0.0, Diff: 0.0, Sum: 0.0]
      [Object Copy (ms): Min: 128.4, Avg: 128.6, Max: 128.7, Diff: 0.3, Sum: 1028.9]
      [Termination (ms): Min: 0.0, Avg: 0.0, Max: 0.0, Diff: 0.0, Sum: 0.0]
         [Termination Attempts: Min: 1, Avg: 19.0, Max: 28, Diff: 27, Sum: 152]
      [GC Worker Other (ms): Min: 0.0, Avg: 0.0, Max: 0.1, Diff: 0.0, Sum: 0.2]
      [GC Worker Total (ms): Min: 161.9, Avg: 162.0, Max: 162.1, Diff: 0.2, Sum: 1296.0]
      [GC Worker End (ms): Min: 143405.6, Avg: 143405.6, Max: 143405.6, Diff: 0.0]
   [Code Root Fixup: 0.0 ms]
   [Code Root Purge: 0.0 ms]
   [Clear CT: 0.2 ms]
   [Other: 1.2 ms]
      [Choose CSet: 0.0 ms]
      [Ref Proc: 0.3 ms]
      [Ref Enq: 0.0 ms]
      [Redirty Cards: 0.3 ms]
      [Humongous Register: 0.0 ms]
      [Humongous Reclaim: 0.0 ms]
      [Free CSet: 0.3 ms]
   [Eden: 194.0M(194.0M)->0.0B(199.0M) Survivors: 29.0M->28.0M Heap: 475.8M(2048.0M)->478.3M(2048.0M)]
 [Times: user=1.25 sys=0.00, real=0.16 secs] 
2020-09-29T12:04:14.867+0200: 143.555: [GC pause (G1 Evacuation Pause) (young), 0.1754130 secs]
   [Parallel Time: 174.0 ms, GC Workers: 8]
      [GC Worker Start (ms): Min: 143555.2, Avg: 143555.3, Max: 143555.4, Diff: 0.2]
      [Ext Root Scanning (ms): Min: 0.0, Avg: 0.1, Max: 0.2, Diff: 0.2, Sum: 0.6]
      [Update RS (ms): Min: 15.0, Avg: 15.2, Max: 16.1, Diff: 1.1, Sum: 121.6]
         [Processed Buffers: Min: 12, Avg: 13.5, Max: 17, Diff: 5, Sum: 108]
      [Scan RS (ms): Min: 15.6, Avg: 16.6, Max: 17.0, Diff: 1.4, Sum: 133.0]
      [Code Root Scanning (ms): Min: 0.0, Avg: 0.0, Max: 0.0, Diff: 0.0, Sum: 0.0]
      [Object Copy (ms): Min: 141.5, Avg: 141.7, Max: 141.9, Diff: 0.4, Sum: 1133.7]
      [Termination (ms): Min: 0.0, Avg: 0.0, Max: 0.0, Diff: 0.0, Sum: 0.2]
         [Termination Attempts: Min: 1, Avg: 108.4, Max: 151, Diff: 150, Sum: 867]
      [GC Worker Other (ms): Min: 0.0, Avg: 0.0, Max: 0.1, Diff: 0.1, Sum: 0.3]
      [GC Worker Total (ms): Min: 173.6, Avg: 173.7, Max: 173.8, Diff: 0.2, Sum: 1389.5]
      [GC Worker End (ms): Min: 143729.0, Avg: 143729.0, Max: 143729.1, Diff: 0.1]
   [Code Root Fixup: 0.0 ms]
   [Code Root Purge: 0.0 ms]
   [Clear CT: 0.3 ms]
   [Other: 1.2 ms]
      [Choose CSet: 0.0 ms]
      [Ref Proc: 0.3 ms]
      [Ref Enq: 0.0 ms]
      [Redirty Cards: 0.3 ms]
      [Humongous Register: 0.0 ms]
      [Humongous Reclaim: 0.0 ms]
      [Free CSet: 0.3 ms]
   [Eden: 199.0M(199.0M)->0.0B(199.0M) Survivors: 28.0M->29.0M Heap: 711.6M(2048.0M)->713.6M(2048.0M)]
 [Times: user=1.38 sys=0.00, real=0.18 secs] 
2020-09-29T12:04:15.193+0200: 143.882: [GC pause (G1 Evacuation Pause) (young), 0.1710856 secs]
   [Parallel Time: 169.6 ms, GC Workers: 8]
      [GC Worker Start (ms): Min: 143881.7, Avg: 143881.8, Max: 143881.9, Diff: 0.2]
      [Ext Root Scanning (ms): Min: 0.0, Avg: 0.1, Max: 0.2, Diff: 0.2, Sum: 0.8]
      [Update RS (ms): Min: 17.2, Avg: 17.5, Max: 18.2, Diff: 1.0, Sum: 139.8]
         [Processed Buffers: Min: 13, Avg: 13.9, Max: 16, Diff: 3, Sum: 111]
      [Scan RS (ms): Min: 14.6, Avg: 15.3, Max: 15.6, Diff: 1.1, Sum: 122.6]
      [Code Root Scanning (ms): Min: 0.0, Avg: 0.0, Max: 0.0, Diff: 0.0, Sum: 0.0]
      [Object Copy (ms): Min: 136.3, Avg: 136.4, Max: 136.4, Diff: 0.1, Sum: 1091.2]
      [Termination (ms): Min: 0.0, Avg: 0.0, Max: 0.1, Diff: 0.1, Sum: 0.4]
         [Termination Attempts: Min: 1, Avg: 197.5, Max: 247, Diff: 246, Sum: 1580]
      [GC Worker Other (ms): Min: 0.0, Avg: 0.0, Max: 0.1, Diff: 0.1, Sum: 0.3]
      [GC Worker Total (ms): Min: 169.3, Avg: 169.4, Max: 169.5, Diff: 0.2, Sum: 1355.1]
      [GC Worker End (ms): Min: 144051.1, Avg: 144051.2, Max: 144051.2, Diff: 0.1]
   [Code Root Fixup: 0.0 ms]
   [Code Root Purge: 0.0 ms]
   [Clear CT: 0.2 ms]
   [Other: 1.2 ms]
      [Choose CSet: 0.0 ms]
      [Ref Proc: 0.3 ms]
      [Ref Enq: 0.0 ms]
      [Redirty Cards: 0.4 ms]
      [Humongous Register: 0.1 ms]
      [Humongous Reclaim: 0.0 ms]
      [Free CSet: 0.3 ms]
   [Eden: 199.0M(199.0M)->0.0B(202.0M) Survivors: 29.0M->29.0M Heap: 945.0M(2048.0M)->947.0M(2048.0M)]
 [Times: user=1.34 sys=0.00, real=0.17 secs] 
2020-09-29T12:04:15.378+0200: 144.065: [GC pause (G1 Humongous Allocation) (young) (initial-mark), 0.0629286 secs]
   [Parallel Time: 61.6 ms, GC Workers: 8]
      [GC Worker Start (ms): Min: 144065.6, Avg: 144066.1, Max: 144066.5, Diff: 0.8]
      [Ext Root Scanning (ms): Min: 0.0, Avg: 0.6, Max: 0.8, Diff: 0.8, Sum: 4.4]
      [Update RS (ms): Min: 34.8, Avg: 35.0, Max: 35.6, Diff: 0.8, Sum: 280.4]
         [Processed Buffers: Min: 23, Avg: 27.5, Max: 29, Diff: 6, Sum: 220]
      [Scan RS (ms): Min: 1.8, Avg: 2.6, Max: 2.9, Diff: 1.2, Sum: 20.6]
      [Code Root Scanning (ms): Min: 0.0, Avg: 0.0, Max: 0.0, Diff: 0.0, Sum: 0.0]
      [Object Copy (ms): Min: 22.9, Avg: 23.0, Max: 23.0, Diff: 0.2, Sum: 183.7]
      [Termination (ms): Min: 0.0, Avg: 0.0, Max: 0.0, Diff: 0.0, Sum: 0.1]
         [Termination Attempts: Min: 1, Avg: 25.5, Max: 34, Diff: 33, Sum: 204]
      [GC Worker Other (ms): Min: 0.0, Avg: 0.0, Max: 0.0, Diff: 0.0, Sum: 0.2]
      [GC Worker Total (ms): Min: 60.8, Avg: 61.2, Max: 61.6, Diff: 0.8, Sum: 489.4]
      [GC Worker End (ms): Min: 144127.2, Avg: 144127.2, Max: 144127.3, Diff: 0.0]
   [Code Root Fixup: 0.0 ms]
   [Code Root Purge: 0.0 ms]
   [Clear CT: 0.3 ms]
   [Other: 1.0 ms]
      [Choose CSet: 0.0 ms]
      [Ref Proc: 0.3 ms]
      [Ref Enq: 0.0 ms]
      [Redirty Cards: 0.3 ms]
      [Humongous Register: 0.0 ms]
      [Humongous Reclaim: 0.0 ms]
      [Free CSet: 0.1 ms]
   [Eden: 5120.0K(202.0M)->0.0B(223.0M) Survivors: 29.0M->7168.0K Heap: 951.5M(2048.0M)->955.5M(2048.0M)]
 [Times: user=0.47 sys=0.00, real=0.06 secs] 
2020-09-29T12:04:15.441+0200: 144.129: [GC concurrent-root-region-scan-start]
2020-09-29T12:04:15.443+0200: 144.131: [GC concurrent-root-region-scan-end, 0.0018856 secs]
2020-09-29T12:04:15.443+0200: 144.131: [GC concurrent-mark-start]
2020-09-29T12:04:15.447+0200: 144.134: [GC concurrent-mark-end, 0.0039300 secs]
2020-09-29T12:04:15.447+0200: 144.135: [GC remark 2020-09-29T12:04:15.447+0200: 144.135: [Finalize Marking, 0.0002943 secs] 2020-09-29T12:04:15.448+0200: 144.135: [GC ref-proc, 0.0003808 secs] 2020-09-29T12:04:15.448+0200: 144.136: [Unloading, 0.0005635 secs], 0.0016615 secs]
 [Times: user=0.00 sys=0.00, real=0.00 secs] 
2020-09-29T12:04:15.449+0200: 144.137: [GC cleanup 965M->24M(2048M), 0.0015399 secs]
 [Times: user=0.00 sys=0.00, real=0.00 secs] 
2020-09-29T12:04:15.451+0200: 144.139: [GC concurrent-cleanup-start]
2020-09-29T12:04:15.452+0200: 144.140: [GC concurrent-cleanup-end, 0.0012824 secs]
2020-09-29T12:04:15.603+0200: 144.290: [GC pause (G1 Evacuation Pause) (young), 0.2019719 secs]
   [Parallel Time: 200.4 ms, GC Workers: 8]
      [GC Worker Start (ms): Min: 144290.5, Avg: 144290.6, Max: 144290.7, Diff: 0.2]
      [Ext Root Scanning (ms): Min: 0.0, Avg: 0.1, Max: 0.2, Diff: 0.2, Sum: 0.7]
      [Update RS (ms): Min: 20.7, Avg: 21.5, Max: 24.9, Diff: 4.2, Sum: 172.2]
         [Processed Buffers: Min: 0, Avg: 15.1, Max: 21, Diff: 21, Sum: 121]
      [Scan RS (ms): Min: 10.7, Avg: 14.1, Max: 14.9, Diff: 4.2, Sum: 112.5]
      [Code Root Scanning (ms): Min: 0.0, Avg: 0.0, Max: 0.0, Diff: 0.0, Sum: 0.0]
      [Object Copy (ms): Min: 164.2, Avg: 164.2, Max: 164.5, Diff: 0.3, Sum: 1314.0]
      [Termination (ms): Min: 0.0, Avg: 0.2, Max: 0.3, Diff: 0.3, Sum: 1.6]
         [Termination Attempts: Min: 1, Avg: 840.8, Max: 1112, Diff: 1111, Sum: 6726]
      [GC Worker Other (ms): Min: 0.0, Avg: 0.0, Max: 0.1, Diff: 0.1, Sum: 0.3]
      [GC Worker Total (ms): Min: 200.0, Avg: 200.2, Max: 200.3, Diff: 0.3, Sum: 1601.2]
      [GC Worker End (ms): Min: 144490.7, Avg: 144490.7, Max: 144490.8, Diff: 0.1]
   [Code Root Fixup: 0.0 ms]
   [Code Root Purge: 0.0 ms]
   [Clear CT: 0.3 ms]
   [Other: 1.2 ms]
      [Choose CSet: 0.0 ms]
      [Ref Proc: 0.3 ms]
      [Ref Enq: 0.0 ms]
      [Redirty Cards: 0.3 ms]
      [Humongous Register: 0.0 ms]
      [Humongous Reclaim: 0.0 ms]
      [Free CSet: 0.3 ms]
   [Eden: 223.0M(223.0M)->0.0B(187.0M) Survivors: 7168.0K->29.0M Heap: 275.6M(2048.0M)->270.6M(2048.0M)]
 [Times: user=1.55 sys=0.02, real=0.20 secs] 
2020-09-29T12:04:15.955+0200: 144.642: [GC pause (G1 Evacuation Pause) (young), 0.1109538 secs]
   [Parallel Time: 109.8 ms, GC Workers: 8]
      [GC Worker Start (ms): Min: 144642.1, Avg: 144642.1, Max: 144642.1, Diff: 0.1]
      [Ext Root Scanning (ms): Min: 0.0, Avg: 0.1, Max: 0.1, Diff: 0.1, Sum: 0.7]
      [Update RS (ms): Min: 10.0, Avg: 10.2, Max: 10.4, Diff: 0.5, Sum: 81.4]
         [Processed Buffers: Min: 11, Avg: 11.5, Max: 13, Diff: 2, Sum: 92]
      [Scan RS (ms): Min: 10.0, Avg: 10.2, Max: 10.4, Diff: 0.5, Sum: 81.4]
      [Code Root Scanning (ms): Min: 0.0, Avg: 0.0, Max: 0.0, Diff: 0.0, Sum: 0.0]
      [Object Copy (ms): Min: 89.1, Avg: 89.1, Max: 89.2, Diff: 0.1, Sum: 713.1]
      [Termination (ms): Min: 0.0, Avg: 0.1, Max: 0.1, Diff: 0.1, Sum: 0.8]
         [Termination Attempts: Min: 1, Avg: 283.4, Max: 365, Diff: 364, Sum: 2267]
      [GC Worker Other (ms): Min: 0.0, Avg: 0.0, Max: 0.0, Diff: 0.0, Sum: 0.1]
      [GC Worker Total (ms): Min: 109.6, Avg: 109.7, Max: 109.7, Diff: 0.1, Sum: 877.4]
      [GC Worker End (ms): Min: 144751.7, Avg: 144751.8, Max: 144751.8, Diff: 0.0]
   [Code Root Fixup: 0.0 ms]
   [Code Root Purge: 0.0 ms]
   [Clear CT: 0.2 ms]
   [Other: 0.9 ms]
      [Choose CSet: 0.0 ms]
      [Ref Proc: 0.3 ms]
      [Ref Enq: 0.0 ms]
      [Redirty Cards: 0.2 ms]
      [Humongous Register: 0.0 ms]
      [Humongous Reclaim: 0.0 ms]
      [Free CSet: 0.2 ms]
   [Eden: 187.0M(187.0M)->0.0B(209.0M) Survivors: 29.0M->27.0M Heap: 488.2M(2048.0M)->490.7M(2048.0M)]
 [Times: user=0.86 sys=0.00, real=0.11 secs] 
2020-09-29T12:04:16.206+0200: 144.894: [GC pause (G1 Evacuation Pause) (young), 0.1421729 secs]
   [Parallel Time: 140.9 ms, GC Workers: 8]
      [GC Worker Start (ms): Min: 144894.9, Avg: 144895.0, Max: 144895.1, Diff: 0.2]
      [Ext Root Scanning (ms): Min: 0.0, Avg: 0.1, Max: 0.1, Diff: 0.1, Sum: 0.5]
      [Update RS (ms): Min: 15.7, Avg: 15.8, Max: 15.9, Diff: 0.2, Sum: 126.4]
         [Processed Buffers: Min: 16, Avg: 17.9, Max: 21, Diff: 5, Sum: 143]
      [Scan RS (ms): Min: 9.4, Avg: 9.5, Max: 9.7, Diff: 0.3, Sum: 75.9]
      [Code Root Scanning (ms): Min: 0.0, Avg: 0.0, Max: 0.0, Diff: 0.0, Sum: 0.0]
      [Object Copy (ms): Min: 113.6, Avg: 113.9, Max: 114.4, Diff: 0.8, Sum: 911.3]
      [Termination (ms): Min: 0.0, Avg: 0.5, Max: 0.8, Diff: 0.8, Sum: 4.0]
         [Termination Attempts: Min: 1, Avg: 3030.3, Max: 4345, Diff: 4344, Sum: 24242]
      [GC Worker Other (ms): Min: 0.0, Avg: 0.0, Max: 0.1, Diff: 0.0, Sum: 0.3]
      [GC Worker Total (ms): Min: 139.7, Avg: 139.8, Max: 139.9, Diff: 0.2, Sum: 1118.4]
      [GC Worker End (ms): Min: 145034.8, Avg: 145034.8, Max: 145034.8, Diff: 0.1]
   [Code Root Fixup: 0.0 ms]
   [Code Root Purge: 0.0 ms]
   [Clear CT: 0.2 ms]
   [Other: 1.1 ms]
      [Choose CSet: 0.0 ms]
      [Ref Proc: 0.2 ms]
      [Ref Enq: 0.0 ms]
      [Redirty Cards: 0.4 ms]
      [Humongous Register: 0.0 ms]
      [Humongous Reclaim: 0.0 ms]
      [Free CSet: 0.2 ms]
   [Eden: 209.0M(209.0M)->0.0B(224.0M) Survivors: 27.0M->30.0M Heap: 735.9M(2048.0M)->737.4M(2048.0M)]
 [Times: user=1.06 sys=0.00, real=0.14 secs] 
2020-09-29T12:04:16.490+0200: 145.178: [GC pause (G1 Evacuation Pause) (young), 0.1643642 secs]
   [Parallel Time: 163.3 ms, GC Workers: 8]
      [GC Worker Start (ms): Min: 145178.4, Avg: 145178.5, Max: 145179.3, Diff: 0.9]
      [Ext Root Scanning (ms): Min: 0.0, Avg: 0.1, Max: 0.2, Diff: 0.2, Sum: 0.9]
      [Update RS (ms): Min: 17.0, Avg: 18.6, Max: 28.1, Diff: 11.1, Sum: 149.0]
         [Processed Buffers: Min: 8, Avg: 16.3, Max: 19, Diff: 11, Sum: 130]
      [Scan RS (ms): Min: 2.2, Avg: 11.5, Max: 13.0, Diff: 10.9, Sum: 91.8]
      [Code Root Scanning (ms): Min: 0.0, Avg: 0.0, Max: 0.0, Diff: 0.0, Sum: 0.0]
      [Object Copy (ms): Min: 132.4, Avg: 132.6, Max: 132.7, Diff: 0.3, Sum: 1060.5]
      [Termination (ms): Min: 0.0, Avg: 0.2, Max: 0.3, Diff: 0.3, Sum: 1.4]
         [Termination Attempts: Min: 1, Avg: 218.4, Max: 310, Diff: 309, Sum: 1747]
      [GC Worker Other (ms): Min: 0.0, Avg: 0.0, Max: 0.0, Diff: 0.0, Sum: 0.1]
      [GC Worker Total (ms): Min: 162.2, Avg: 163.0, Max: 163.1, Diff: 0.9, Sum: 1303.8]
      [GC Worker End (ms): Min: 145341.5, Avg: 145341.5, Max: 145341.5, Diff: 0.0]
   [Code Root Fixup: 0.0 ms]
   [Code Root Purge: 0.0 ms]
   [Clear CT: 0.2 ms]
   [Other: 0.9 ms]
      [Choose CSet: 0.0 ms]
      [Ref Proc: 0.1 ms]
      [Ref Enq: 0.0 ms]
      [Redirty Cards: 0.2 ms]
      [Humongous Register: 0.1 ms]
      [Humongous Reclaim: 0.0 ms]
      [Free CSet: 0.3 ms]
   [Eden: 224.0M(224.0M)->0.0B(230.0M) Survivors: 30.0M->32.0M Heap: 997.6M(2048.0M)->999.6M(2048.0M)]
 [Times: user=1.06 sys=0.03, real=0.16 secs] 
2020-09-29T12:04:16.661+0200: 145.349: [GC pause (G1 Humongous Allocation) (young) (initial-mark), 0.0647332 secs]
   [Parallel Time: 63.7 ms, GC Workers: 8]
      [GC Worker Start (ms): Min: 145349.2, Avg: 145349.2, Max: 145349.3, Diff: 0.1]
      [Ext Root Scanning (ms): Min: 0.1, Avg: 0.2, Max: 0.2, Diff: 0.1, Sum: 1.3]
      [Update RS (ms): Min: 33.7, Avg: 34.0, Max: 34.4, Diff: 0.7, Sum: 271.7]
         [Processed Buffers: Min: 32, Avg: 35.0, Max: 38, Diff: 6, Sum: 280]
      [Scan RS (ms): Min: 1.9, Avg: 2.4, Max: 2.6, Diff: 0.6, Sum: 18.8]
      [Code Root Scanning (ms): Min: 0.0, Avg: 0.0, Max: 0.0, Diff: 0.0, Sum: 0.0]
      [Object Copy (ms): Min: 26.8, Avg: 26.9, Max: 27.0, Diff: 0.2, Sum: 214.9]
      [Termination (ms): Min: 0.0, Avg: 0.2, Max: 0.2, Diff: 0.2, Sum: 1.4]
         [Termination Attempts: Min: 1, Avg: 915.0, Max: 1204, Diff: 1203, Sum: 7320]
      [GC Worker Other (ms): Min: 0.0, Avg: 0.0, Max: 0.0, Diff: 0.0, Sum: 0.1]
      [GC Worker Total (ms): Min: 63.5, Avg: 63.5, Max: 63.6, Diff: 0.1, Sum: 508.3]
      [GC Worker End (ms): Min: 145412.8, Avg: 145412.8, Max: 145412.8, Diff: 0.0]
   [Code Root Fixup: 0.0 ms]
   [Code Root Purge: 0.0 ms]
   [Clear CT: 0.1 ms]
   [Other: 0.9 ms]
      [Choose CSet: 0.0 ms]
      [Ref Proc: 0.2 ms]
      [Ref Enq: 0.0 ms]
      [Redirty Cards: 0.2 ms]
      [Humongous Register: 0.1 ms]
      [Humongous Reclaim: 0.0 ms]
      [Free CSet: 0.1 ms]
   [Eden: 4096.0K(230.0M)->0.0B(232.0M) Survivors: 32.0M->5120.0K Heap: 1003.6M(2048.0M)->1007.1M(2048.0M)]
 [Times: user=0.48 sys=0.00, real=0.07 secs] 
2020-09-29T12:04:16.726+0200: 145.414: [GC concurrent-root-region-scan-start]
2020-09-29T12:04:16.728+0200: 145.415: [GC concurrent-root-region-scan-end, 0.0016083 secs]
2020-09-29T12:04:16.728+0200: 145.415: [GC concurrent-mark-start]
2020-09-29T12:04:16.732+0200: 145.419: [GC concurrent-mark-end, 0.0039390 secs]
2020-09-29T12:04:16.732+0200: 145.420: [GC remark 2020-09-29T12:04:16.732+0200: 145.420: [Finalize Marking, 0.0002284 secs] 2020-09-29T12:04:16.732+0200: 145.420: [GC ref-proc, 0.0004125 secs] 2020-09-29T12:04:16.732+0200: 145.420: [Unloading, 0.0005617 secs], 0.0016371 secs]
 [Times: user=0.00 sys=0.00, real=0.00 secs] 
2020-09-29T12:04:16.734+0200: 145.422: [GC cleanup 1019M->24M(2048M), 0.0015545 secs]
 [Times: user=0.00 sys=0.00, real=0.00 secs] 
2020-09-29T12:04:16.736+0200: 145.423: [GC concurrent-cleanup-start]
2020-09-29T12:04:16.738+0200: 145.425: [GC concurrent-cleanup-end, 0.0019909 secs]
2020-09-29T12:04:16.879+0200: 145.567: [GC pause (G1 Evacuation Pause) (young), 0.1366700 secs]
   [Parallel Time: 135.5 ms, GC Workers: 8]
      [GC Worker Start (ms): Min: 145566.6, Avg: 145566.7, Max: 145566.8, Diff: 0.1]
      [Ext Root Scanning (ms): Min: 0.0, Avg: 0.1, Max: 0.2, Diff: 0.1, Sum: 0.7]
      [Update RS (ms): Min: 19.7, Avg: 19.9, Max: 20.7, Diff: 1.0, Sum: 159.6]
         [Processed Buffers: Min: 17, Avg: 19.6, Max: 21, Diff: 4, Sum: 157]
      [Scan RS (ms): Min: 13.8, Avg: 14.9, Max: 16.9, Diff: 3.1, Sum: 118.9]
      [Code Root Scanning (ms): Min: 0.0, Avg: 0.0, Max: 0.0, Diff: 0.0, Sum: 0.0]
      [Object Copy (ms): Min: 98.6, Avg: 100.3, Max: 100.7, Diff: 2.1, Sum: 802.8]
      [Termination (ms): Min: 0.0, Avg: 0.0, Max: 0.1, Diff: 0.1, Sum: 0.3]
         [Termination Attempts: Min: 1, Avg: 19.5, Max: 36, Diff: 35, Sum: 156]
      [GC Worker Other (ms): Min: 0.0, Avg: 0.0, Max: 0.0, Diff: 0.0, Sum: 0.1]
      [GC Worker Total (ms): Min: 135.2, Avg: 135.3, Max: 135.4, Diff: 0.2, Sum: 1082.3]
      [GC Worker End (ms): Min: 145702.0, Avg: 145702.0, Max: 145702.0, Diff: 0.0]
   [Code Root Fixup: 0.0 ms]
   [Code Root Purge: 0.0 ms]
   [Clear CT: 0.2 ms]
   [Other: 1.0 ms]
      [Choose CSet: 0.0 ms]
      [Ref Proc: 0.2 ms]
      [Ref Enq: 0.0 ms]
      [Redirty Cards: 0.2 ms]
      [Humongous Register: 0.0 ms]
      [Humongous Reclaim: 0.0 ms]
      [Free CSet: 0.2 ms]
   [Eden: 232.0M(232.0M)->0.0B(224.0M) Survivors: 5120.0K->30.0M Heap: 285.1M(2048.0M)->282.1M(2048.0M)]
 [Times: user=0.92 sys=0.05, real=0.14 secs] 
2020-09-29T12:04:17.159+0200: 145.846: [GC pause (G1 Evacuation Pause) (young), 0.1567939 secs]
   [Parallel Time: 155.6 ms, GC Workers: 8]
      [GC Worker Start (ms): Min: 145846.5, Avg: 145846.6, Max: 145846.7, Diff: 0.2]
      [Ext Root Scanning (ms): Min: 0.0, Avg: 0.1, Max: 0.1, Diff: 0.1, Sum: 0.6]
      [Update RS (ms): Min: 16.9, Avg: 17.2, Max: 17.6, Diff: 0.7, Sum: 137.2]
         [Processed Buffers: Min: 4, Avg: 16.4, Max: 21, Diff: 17, Sum: 131]
      [Scan RS (ms): Min: 13.5, Avg: 14.0, Max: 14.2, Diff: 0.7, Sum: 111.9]
      [Code Root Scanning (ms): Min: 0.0, Avg: 0.0, Max: 0.0, Diff: 0.0, Sum: 0.0]
      [Object Copy (ms): Min: 123.9, Avg: 124.0, Max: 124.1, Diff: 0.2, Sum: 992.2]
      [Termination (ms): Min: 0.0, Avg: 0.1, Max: 0.3, Diff: 0.2, Sum: 1.1]
         [Termination Attempts: Min: 1, Avg: 597.8, Max: 877, Diff: 876, Sum: 4782]
      [GC Worker Other (ms): Min: 0.0, Avg: 0.0, Max: 0.0, Diff: 0.0, Sum: 0.1]
      [GC Worker Total (ms): Min: 155.3, Avg: 155.4, Max: 155.5, Diff: 0.2, Sum: 1243.2]
      [GC Worker End (ms): Min: 146002.0, Avg: 146002.0, Max: 146002.0, Diff: 0.0]
   [Code Root Fixup: 0.0 ms]
   [Code Root Purge: 0.0 ms]
   [Clear CT: 0.2 ms]
   [Other: 1.0 ms]
      [Choose CSet: 0.0 ms]
      [Ref Proc: 0.2 ms]
      [Ref Enq: 0.0 ms]
      [Redirty Cards: 0.3 ms]
      [Humongous Register: 0.0 ms]
      [Humongous Reclaim: 0.0 ms]
      [Free CSet: 0.3 ms]
   [Eden: 224.0M(224.0M)->0.0B(232.0M) Survivors: 30.0M->32.0M Heap: 542.3M(2048.0M)->543.8M(2048.0M)]
 [Times: user=1.19 sys=0.00, real=0.16 secs] 
2020-09-29T12:04:17.453+0200: 146.140: [GC pause (G1 Evacuation Pause) (young), 0.1450816 secs]
   [Parallel Time: 143.9 ms, GC Workers: 8]
      [GC Worker Start (ms): Min: 146140.6, Avg: 146140.6, Max: 146140.7, Diff: 0.1]
      [Ext Root Scanning (ms): Min: 0.0, Avg: 0.1, Max: 0.1, Diff: 0.1, Sum: 0.6]
      [Update RS (ms): Min: 15.1, Avg: 15.2, Max: 15.2, Diff: 0.1, Sum: 121.2]
         [Processed Buffers: Min: 16, Avg: 18.8, Max: 21, Diff: 5, Sum: 150]
      [Scan RS (ms): Min: 11.2, Avg: 11.4, Max: 11.5, Diff: 0.3, Sum: 91.0]
      [Code Root Scanning (ms): Min: 0.0, Avg: 0.0, Max: 0.0, Diff: 0.0, Sum: 0.0]
      [Object Copy (ms): Min: 116.7, Avg: 116.8, Max: 116.9, Diff: 0.2, Sum: 934.6]
      [Termination (ms): Min: 0.0, Avg: 0.2, Max: 0.3, Diff: 0.3, Sum: 1.6]
         [Termination Attempts: Min: 1, Avg: 1414.8, Max: 1939, Diff: 1938, Sum: 11318]
      [GC Worker Other (ms): Min: 0.0, Avg: 0.0, Max: 0.1, Diff: 0.0, Sum: 0.3]
      [GC Worker Total (ms): Min: 143.6, Avg: 143.7, Max: 143.7, Diff: 0.1, Sum: 1149.4]
      [GC Worker End (ms): Min: 146284.3, Avg: 146284.3, Max: 146284.3, Diff: 0.0]
   [Code Root Fixup: 0.0 ms]
   [Code Root Purge: 0.0 ms]
   [Clear CT: 0.2 ms]
   [Other: 1.1 ms]
      [Choose CSet: 0.0 ms]
      [Ref Proc: 0.2 ms]
      [Ref Enq: 0.0 ms]
      [Redirty Cards: 0.3 ms]
      [Humongous Register: 0.0 ms]
      [Humongous Reclaim: 0.0 ms]
      [Free CSet: 0.3 ms]
   [Eden: 232.0M(232.0M)->0.0B(247.0M) Survivors: 32.0M->33.0M Heap: 815.8M(2048.0M)->817.8M(2048.0M)]
 [Times: user=1.14 sys=0.00, real=0.14 secs] 
2020-09-29T12:04:17.766+0200: 146.454: [GC pause (G1 Evacuation Pause) (young), 0.1741705 secs]
   [Parallel Time: 173.0 ms, GC Workers: 8]
      [GC Worker Start (ms): Min: 146453.7, Avg: 146453.8, Max: 146453.8, Diff: 0.1]
      [Ext Root Scanning (ms): Min: 0.0, Avg: 0.1, Max: 0.1, Diff: 0.1, Sum: 0.7]
      [Update RS (ms): Min: 17.1, Avg: 17.3, Max: 17.8, Diff: 0.7, Sum: 138.6]
         [Processed Buffers: Min: 15, Avg: 18.0, Max: 19, Diff: 4, Sum: 144]
      [Scan RS (ms): Min: 13.3, Avg: 13.5, Max: 13.8, Diff: 0.5, Sum: 108.0]
      [Code Root Scanning (ms): Min: 0.0, Avg: 0.0, Max: 0.0, Diff: 0.0, Sum: 0.0]
      [Object Copy (ms): Min: 141.5, Avg: 141.7, Max: 141.9, Diff: 0.4, Sum: 1134.0]
      [Termination (ms): Min: 0.0, Avg: 0.1, Max: 0.2, Diff: 0.2, Sum: 1.0]
         [Termination Attempts: Min: 1, Avg: 805.6, Max: 1050, Diff: 1049, Sum: 6445]
      [GC Worker Other (ms): Min: 0.0, Avg: 0.0, Max: 0.1, Diff: 0.0, Sum: 0.2]
      [GC Worker Total (ms): Min: 172.7, Avg: 172.8, Max: 172.9, Diff: 0.1, Sum: 1382.5]
      [GC Worker End (ms): Min: 146626.6, Avg: 146626.6, Max: 146626.6, Diff: 0.0]
   [Code Root Fixup: 0.0 ms]
   [Code Root Purge: 0.0 ms]
   [Clear CT: 0.2 ms]
   [Other: 1.0 ms]
      [Choose CSet: 0.0 ms]
      [Ref Proc: 0.1 ms]
      [Ref Enq: 0.0 ms]
      [Redirty Cards: 0.2 ms]
      [Humongous Register: 0.1 ms]
      [Humongous Reclaim: 0.0 ms]
      [Free CSet: 0.3 ms]
   [Eden: 247.0M(247.0M)->0.0B(248.0M) Survivors: 33.0M->35.0M Heap: 1104.9M(2048.0M)->1106.4M(2048.0M)]
 [Times: user=1.25 sys=0.00, real=0.17 secs] 
2020-09-29T12:04:17.946+0200: 146.634: [GC pause (G1 Humongous Allocation) (young) (initial-mark), 0.0558289 secs]
   [Parallel Time: 54.8 ms, GC Workers: 8]
      [GC Worker Start (ms): Min: 146634.1, Avg: 146634.1, Max: 146634.2, Diff: 0.1]
      [Ext Root Scanning (ms): Min: 0.1, Avg: 0.1, Max: 0.1, Diff: 0.1, Sum: 0.8]
      [Update RS (ms): Min: 37.0, Avg: 37.4, Max: 37.7, Diff: 0.7, Sum: 299.1]
         [Processed Buffers: Min: 39, Avg: 40.5, Max: 42, Diff: 3, Sum: 324]
      [Scan RS (ms): Min: 1.7, Avg: 2.0, Max: 2.4, Diff: 0.7, Sum: 15.9]
      [Code Root Scanning (ms): Min: 0.0, Avg: 0.0, Max: 0.0, Diff: 0.0, Sum: 0.0]
      [Object Copy (ms): Min: 15.1, Avg: 15.2, Max: 15.2, Diff: 0.1, Sum: 121.3]
      [Termination (ms): Min: 0.0, Avg: 0.0, Max: 0.0, Diff: 0.0, Sum: 0.0]
         [Termination Attempts: Min: 1, Avg: 32.0, Max: 43, Diff: 42, Sum: 256]
      [GC Worker Other (ms): Min: 0.0, Avg: 0.0, Max: 0.0, Diff: 0.0, Sum: 0.1]
      [GC Worker Total (ms): Min: 54.6, Avg: 54.7, Max: 54.7, Diff: 0.1, Sum: 437.3]
      [GC Worker End (ms): Min: 146688.8, Avg: 146688.8, Max: 146688.8, Diff: 0.0]
   [Code Root Fixup: 0.0 ms]
   [Code Root Purge: 0.0 ms]
   [Clear CT: 0.2 ms]
   [Other: 0.8 ms]
      [Choose CSet: 0.0 ms]
      [Ref Proc: 0.1 ms]
      [Ref Enq: 0.0 ms]
      [Redirty Cards: 0.2 ms]
      [Humongous Register: 0.1 ms]
      [Humongous Reclaim: 0.0 ms]
      [Free CSet: 0.1 ms]
   [Eden: 4096.0K(248.0M)->0.0B(292.0M) Survivors: 35.0M->5120.0K Heap: 1109.9M(2048.0M)->1113.9M(2048.0M)]
 [Times: user=0.38 sys=0.00, real=0.06 secs] 
2020-09-29T12:04:18.002+0200: 146.690: [GC concurrent-root-region-scan-start]
2020-09-29T12:04:18.003+0200: 146.691: [GC concurrent-root-region-scan-end, 0.0011455 secs]
2020-09-29T12:04:18.003+0200: 146.691: [GC concurrent-mark-start]
2020-09-29T12:04:18.006+0200: 146.694: [GC concurrent-mark-end, 0.0031794 secs]
2020-09-29T12:04:18.007+0200: 146.694: [GC remark 2020-09-29T12:04:18.007+0200: 146.694: [Finalize Marking, 0.0001603 secs] 2020-09-29T12:04:18.007+0200: 146.695: [GC ref-proc, 0.0003538 secs] 2020-09-29T12:04:18.007+0200: 146.695: [Unloading, 0.0005741 secs], 0.0015412 secs]
 [Times: user=0.00 sys=0.00, real=0.00 secs] 
2020-09-29T12:04:18.008+0200: 146.696: [GC cleanup 1124M->23M(2048M), 0.0015355 secs]
 [Times: user=0.00 sys=0.00, real=0.00 secs] 
2020-09-29T12:04:18.010+0200: 146.698: [GC concurrent-cleanup-start]
2020-09-29T12:04:18.012+0200: 146.700: [GC concurrent-cleanup-end, 0.0019391 secs]
2020-09-29T12:04:18.188+0200: 146.876: [GC pause (G1 Evacuation Pause) (young), 0.1579952 secs]
   [Parallel Time: 156.7 ms, GC Workers: 8]
      [GC Worker Start (ms): Min: 146876.1, Avg: 146876.2, Max: 146876.3, Diff: 0.2]
      [Ext Root Scanning (ms): Min: 0.0, Avg: 0.1, Max: 0.2, Diff: 0.1, Sum: 0.7]
      [Update RS (ms): Min: 21.6, Avg: 21.8, Max: 22.2, Diff: 0.6, Sum: 174.4]
         [Processed Buffers: Min: 20, Avg: 20.5, Max: 22, Diff: 2, Sum: 164]
      [Scan RS (ms): Min: 15.6, Avg: 16.6, Max: 21.7, Diff: 6.1, Sum: 132.6]
      [Code Root Scanning (ms): Min: 0.0, Avg: 0.0, Max: 0.0, Diff: 0.0, Sum: 0.0]
      [Object Copy (ms): Min: 113.1, Avg: 118.1, Max: 118.8, Diff: 5.7, Sum: 944.6]
      [Termination (ms): Min: 0.0, Avg: 0.0, Max: 0.0, Diff: 0.0, Sum: 0.2]
         [Termination Attempts: Min: 1, Avg: 223.3, Max: 301, Diff: 300, Sum: 1786]
      [GC Worker Other (ms): Min: 0.0, Avg: 0.0, Max: 0.1, Diff: 0.0, Sum: 0.3]
      [GC Worker Total (ms): Min: 156.5, Avg: 156.6, Max: 156.7, Diff: 0.2, Sum: 1252.9]
      [GC Worker End (ms): Min: 147032.8, Avg: 147032.8, Max: 147032.8, Diff: 0.0]
   [Code Root Fixup: 0.0 ms]
   [Code Root Purge: 0.0 ms]
   [Clear CT: 0.2 ms]
   [Other: 1.1 ms]
      [Choose CSet: 0.0 ms]
      [Ref Proc: 0.3 ms]
      [Ref Enq: 0.0 ms]
      [Redirty Cards: 0.2 ms]
      [Humongous Register: 0.0 ms]
      [Humongous Reclaim: 0.0 ms]
      [Free CSet: 0.3 ms]
   [Eden: 292.0M(292.0M)->0.0B(270.0M) Survivors: 5120.0K->38.0M Heap: 354.6M(2048.0M)->352.6M(2048.0M)]
 [Times: user=1.25 sys=0.00, real=0.16 secs] 
2020-09-29T12:04:18.504+0200: 147.192: [GC pause (G1 Evacuation Pause) (young), 0.1727593 secs]
   [Parallel Time: 171.5 ms, GC Workers: 8]
      [GC Worker Start (ms): Min: 147192.1, Avg: 147192.2, Max: 147192.3, Diff: 0.2]
      [Ext Root Scanning (ms): Min: 0.0, Avg: 0.1, Max: 0.2, Diff: 0.2, Sum: 0.6]
      [Update RS (ms): Min: 19.2, Avg: 19.4, Max: 19.8, Diff: 0.6, Sum: 155.1]
         [Processed Buffers: Min: 14, Avg: 18.5, Max: 20, Diff: 6, Sum: 148]
      [Scan RS (ms): Min: 17.8, Avg: 18.3, Max: 18.6, Diff: 0.8, Sum: 146.2]
      [Code Root Scanning (ms): Min: 0.0, Avg: 0.0, Max: 0.0, Diff: 0.0, Sum: 0.0]
      [Object Copy (ms): Min: 133.0, Avg: 133.4, Max: 133.6, Diff: 0.6, Sum: 1067.2]
      [Termination (ms): Min: 0.0, Avg: 0.1, Max: 0.4, Diff: 0.4, Sum: 0.9]
         [Termination Attempts: Min: 1, Avg: 541.1, Max: 745, Diff: 744, Sum: 4329]
      [GC Worker Other (ms): Min: 0.0, Avg: 0.0, Max: 0.1, Diff: 0.0, Sum: 0.3]
      [GC Worker Total (ms): Min: 171.2, Avg: 171.3, Max: 171.4, Diff: 0.2, Sum: 1370.3]
      [GC Worker End (ms): Min: 147363.5, Avg: 147363.5, Max: 147363.5, Diff: 0.0]
   [Code Root Fixup: 0.0 ms]
   [Code Root Purge: 0.0 ms]
   [Clear CT: 0.2 ms]
   [Other: 1.1 ms]
      [Choose CSet: 0.0 ms]
      [Ref Proc: 0.2 ms]
      [Ref Enq: 0.0 ms]
      [Redirty Cards: 0.3 ms]
      [Humongous Register: 0.1 ms]
      [Humongous Reclaim: 0.0 ms]
      [Free CSet: 0.3 ms]
   [Eden: 270.0M(270.0M)->0.0B(265.0M) Survivors: 38.0M->39.0M Heap: 668.4M(2048.0M)->670.4M(2048.0M)]
 [Times: user=1.22 sys=0.05, real=0.17 secs] 
2020-09-29T12:04:18.857+0200: 147.545: [GC pause (G1 Evacuation Pause) (young), 0.1656766 secs]
   [Parallel Time: 164.6 ms, GC Workers: 8]
      [GC Worker Start (ms): Min: 147545.4, Avg: 147545.4, Max: 147545.6, Diff: 0.2]
      [Ext Root Scanning (ms): Min: 0.0, Avg: 0.1, Max: 0.2, Diff: 0.2, Sum: 0.8]
      [Update RS (ms): Min: 18.7, Avg: 18.8, Max: 19.0, Diff: 0.2, Sum: 150.5]
         [Processed Buffers: Min: 18, Avg: 19.6, Max: 22, Diff: 4, Sum: 157]
      [Scan RS (ms): Min: 13.6, Avg: 13.7, Max: 13.9, Diff: 0.3, Sum: 109.9]
      [Code Root Scanning (ms): Min: 0.0, Avg: 0.0, Max: 0.0, Diff: 0.0, Sum: 0.0]
      [Object Copy (ms): Min: 131.5, Avg: 131.6, Max: 131.7, Diff: 0.2, Sum: 1052.5]
      [Termination (ms): Min: 0.0, Avg: 0.1, Max: 0.2, Diff: 0.2, Sum: 1.2]
         [Termination Attempts: Min: 1, Avg: 1098.3, Max: 1381, Diff: 1380, Sum: 8786]
      [GC Worker Other (ms): Min: 0.0, Avg: 0.0, Max: 0.1, Diff: 0.1, Sum: 0.3]
      [GC Worker Total (ms): Min: 164.3, Avg: 164.4, Max: 164.5, Diff: 0.2, Sum: 1315.3]
      [GC Worker End (ms): Min: 147709.8, Avg: 147709.9, Max: 147709.9, Diff: 0.1]
   [Code Root Fixup: 0.0 ms]
   [Code Root Purge: 0.0 ms]
   [Clear CT: 0.2 ms]
   [Other: 0.9 ms]
      [Choose CSet: 0.0 ms]
      [Ref Proc: 0.2 ms]
      [Ref Enq: 0.0 ms]
      [Redirty Cards: 0.2 ms]
      [Humongous Register: 0.0 ms]
      [Humongous Reclaim: 0.0 ms]
      [Free CSet: 0.3 ms]
   [Eden: 265.0M(265.0M)->0.0B(271.0M) Survivors: 39.0M->38.0M Heap: 979.2M(2048.0M)->981.2M(2048.0M)]
 [Times: user=1.33 sys=0.00, real=0.17 secs] 
2020-09-29T12:04:19.041+0200: 147.729: [GC pause (G1 Humongous Allocation) (young) (initial-mark), 0.0545554 secs]
   [Parallel Time: 53.3 ms, GC Workers: 8]
      [GC Worker Start (ms): Min: 147728.9, Avg: 147729.0, Max: 147729.1, Diff: 0.2]
      [Ext Root Scanning (ms): Min: 0.0, Avg: 0.3, Max: 0.7, Diff: 0.7, Sum: 2.4]
      [Update RS (ms): Min: 30.6, Avg: 31.0, Max: 31.3, Diff: 0.7, Sum: 247.6]
         [Processed Buffers: Min: 25, Avg: 31.1, Max: 35, Diff: 10, Sum: 249]
      [Scan RS (ms): Min: 2.3, Avg: 2.5, Max: 2.7, Diff: 0.4, Sum: 20.3]
      [Code Root Scanning (ms): Min: 0.0, Avg: 0.0, Max: 0.0, Diff: 0.0, Sum: 0.0]
      [Object Copy (ms): Min: 19.3, Avg: 19.3, Max: 19.4, Diff: 0.1, Sum: 154.6]
      [Termination (ms): Min: 0.0, Avg: 0.0, Max: 0.0, Diff: 0.0, Sum: 0.0]
         [Termination Attempts: Min: 1, Avg: 32.3, Max: 42, Diff: 41, Sum: 258]
      [GC Worker Other (ms): Min: 0.0, Avg: 0.0, Max: 0.0, Diff: 0.0, Sum: 0.1]
      [GC Worker Total (ms): Min: 53.0, Avg: 53.1, Max: 53.2, Diff: 0.2, Sum: 425.2]
      [GC Worker End (ms): Min: 147782.2, Avg: 147782.2, Max: 147782.2, Diff: 0.0]
   [Code Root Fixup: 0.0 ms]
   [Code Root Purge: 0.0 ms]
   [Clear CT: 0.2 ms]
   [Other: 1.0 ms]
      [Choose CSet: 0.0 ms]
      [Ref Proc: 0.2 ms]
      [Ref Enq: 0.0 ms]
      [Redirty Cards: 0.4 ms]
      [Humongous Register: 0.1 ms]
      [Humongous Reclaim: 0.0 ms]
      [Free CSet: 0.1 ms]
   [Eden: 9216.0K(271.0M)->0.0B(317.0M) Survivors: 38.0M->11.0M Heap: 989.7M(2048.0M)->993.7M(2048.0M)]
 [Times: user=0.36 sys=0.00, real=0.06 secs] 
2020-09-29T12:04:19.096+0200: 147.783: [GC concurrent-root-region-scan-start]
2020-09-29T12:04:19.099+0200: 147.787: [GC concurrent-root-region-scan-end, 0.0033876 secs]
2020-09-29T12:04:19.099+0200: 147.787: [GC concurrent-mark-start]
2020-09-29T12:04:19.103+0200: 147.791: [GC concurrent-mark-end, 0.0040960 secs]
2020-09-29T12:04:19.103+0200: 147.791: [GC remark 2020-09-29T12:04:19.103+0200: 147.791: [Finalize Marking, 0.0002376 secs] 2020-09-29T12:04:19.104+0200: 147.792: [GC ref-proc, 0.0003096 secs] 2020-09-29T12:04:19.104+0200: 147.792: [Unloading, 0.0006205 secs], 0.0016831 secs]
 [Times: user=0.00 sys=0.00, real=0.00 secs] 
2020-09-29T12:04:19.105+0200: 147.793: [GC cleanup 1010M->35M(2048M), 0.0015672 secs]
 [Times: user=0.00 sys=0.00, real=0.00 secs] 
2020-09-29T12:04:19.107+0200: 147.795: [GC concurrent-cleanup-start]
2020-09-29T12:04:19.109+0200: 147.797: [GC concurrent-cleanup-end, 0.0017790 secs]
2020-09-29T12:04:19.278+0200: 147.966: [GC pause (G1 Evacuation Pause) (young), 0.1601186 secs]
   [Parallel Time: 158.9 ms, GC Workers: 8]
      [GC Worker Start (ms): Min: 147965.8, Avg: 147965.8, Max: 147965.9, Diff: 0.1]
      [Ext Root Scanning (ms): Min: 0.0, Avg: 0.1, Max: 0.1, Diff: 0.1, Sum: 0.6]
      [Update RS (ms): Min: 16.4, Avg: 16.6, Max: 16.8, Diff: 0.4, Sum: 132.5]
         [Processed Buffers: Min: 18, Avg: 19.5, Max: 22, Diff: 4, Sum: 156]
      [Scan RS (ms): Min: 14.1, Avg: 14.4, Max: 14.6, Diff: 0.5, Sum: 115.0]
      [Code Root Scanning (ms): Min: 0.0, Avg: 0.0, Max: 0.0, Diff: 0.0, Sum: 0.0]
      [Object Copy (ms): Min: 127.1, Avg: 127.5, Max: 127.6, Diff: 0.5, Sum: 1020.3]
      [Termination (ms): Min: 0.0, Avg: 0.2, Max: 0.5, Diff: 0.5, Sum: 1.3]
         [Termination Attempts: Min: 1, Avg: 764.8, Max: 996, Diff: 995, Sum: 6118]
      [GC Worker Other (ms): Min: 0.0, Avg: 0.0, Max: 0.1, Diff: 0.1, Sum: 0.3]
      [GC Worker Total (ms): Min: 158.7, Avg: 158.8, Max: 158.8, Diff: 0.1, Sum: 1270.1]
      [GC Worker End (ms): Min: 148124.6, Avg: 148124.6, Max: 148124.6, Diff: 0.1]
   [Code Root Fixup: 0.0 ms]
   [Code Root Purge: 0.0 ms]
   [Clear CT: 0.2 ms]
   [Other: 1.0 ms]
      [Choose CSet: 0.0 ms]
      [Ref Proc: 0.2 ms]
      [Ref Enq: 0.0 ms]
      [Redirty Cards: 0.2 ms]
      [Humongous Register: 0.0 ms]
      [Humongous Reclaim: 0.0 ms]
      [Free CSet: 0.3 ms]
   [Eden: 317.0M(317.0M)->0.0B(301.0M) Survivors: 11.0M->41.0M Heap: 388.9M(2048.0M)->379.9M(2048.0M)]
 [Times: user=1.25 sys=0.00, real=0.16 secs] 
2020-09-29T12:04:19.636+0200: 148.323: [GC pause (G1 Evacuation Pause) (young), 0.1966408 secs]
   [Parallel Time: 195.4 ms, GC Workers: 8]
      [GC Worker Start (ms): Min: 148323.6, Avg: 148323.7, Max: 148323.7, Diff: 0.1]
      [Ext Root Scanning (ms): Min: 0.0, Avg: 0.1, Max: 0.2, Diff: 0.1, Sum: 0.7]
      [Update RS (ms): Min: 25.1, Avg: 26.1, Max: 30.1, Diff: 4.9, Sum: 208.7]
         [Processed Buffers: Min: 3, Avg: 20.8, Max: 25, Diff: 22, Sum: 166]
      [Scan RS (ms): Min: 15.9, Avg: 21.1, Max: 30.2, Diff: 14.4, Sum: 168.6]
      [Code Root Scanning (ms): Min: 0.0, Avg: 0.0, Max: 0.0, Diff: 0.0, Sum: 0.0]
      [Object Copy (ms): Min: 139.5, Avg: 147.9, Max: 149.2, Diff: 9.7, Sum: 1183.3]
      [Termination (ms): Min: 0.0, Avg: 0.0, Max: 0.0, Diff: 0.0, Sum: 0.1]
         [Termination Attempts: Min: 1, Avg: 42.6, Max: 57, Diff: 56, Sum: 341]
      [GC Worker Other (ms): Min: 0.0, Avg: 0.0, Max: 0.1, Diff: 0.1, Sum: 0.3]
      [GC Worker Total (ms): Min: 195.1, Avg: 195.2, Max: 195.3, Diff: 0.1, Sum: 1561.7]
      [GC Worker End (ms): Min: 148518.9, Avg: 148518.9, Max: 148518.9, Diff: 0.1]
   [Code Root Fixup: 0.0 ms]
   [Code Root Purge: 0.0 ms]
   [Clear CT: 0.2 ms]
   [Other: 1.1 ms]
      [Choose CSet: 0.0 ms]
      [Ref Proc: 0.2 ms]
      [Ref Enq: 0.0 ms]
      [Redirty Cards: 0.3 ms]
      [Humongous Register: 0.1 ms]
      [Humongous Reclaim: 0.0 ms]
      [Free CSet: 0.3 ms]
   [Eden: 301.0M(301.0M)->0.0B(275.0M) Survivors: 41.0M->43.0M Heap: 730.5M(2048.0M)->732.5M(2048.0M)]
 [Times: user=1.48 sys=0.01, real=0.20 secs] 
2020-09-29T12:04:20.020+0200: 148.708: [GC pause (G1 Evacuation Pause) (young), 0.2101709 secs]
   [Parallel Time: 209.0 ms, GC Workers: 8]
      [GC Worker Start (ms): Min: 148708.5, Avg: 148708.6, Max: 148708.7, Diff: 0.2]
      [Ext Root Scanning (ms): Min: 0.0, Avg: 0.1, Max: 0.2, Diff: 0.2, Sum: 0.6]
      [Update RS (ms): Min: 18.8, Avg: 18.9, Max: 19.3, Diff: 0.5, Sum: 151.6]
         [Processed Buffers: Min: 17, Avg: 20.4, Max: 24, Diff: 7, Sum: 163]
      [Scan RS (ms): Min: 14.3, Avg: 18.7, Max: 47.2, Diff: 32.9, Sum: 149.8]
      [Code Root Scanning (ms): Min: 0.0, Avg: 0.0, Max: 0.0, Diff: 0.0, Sum: 0.0]
      [Object Copy (ms): Min: 142.6, Avg: 170.7, Max: 174.9, Diff: 32.3, Sum: 1365.7]
      [Termination (ms): Min: 0.0, Avg: 0.3, Max: 0.3, Diff: 0.3, Sum: 2.1]
         [Termination Attempts: Min: 1, Avg: 2002.3, Max: 2520, Diff: 2519, Sum: 16018]
      [GC Worker Other (ms): Min: 0.0, Avg: 0.0, Max: 0.1, Diff: 0.1, Sum: 0.3]
      [GC Worker Total (ms): Min: 208.7, Avg: 208.8, Max: 208.9, Diff: 0.2, Sum: 1670.2]
      [GC Worker End (ms): Min: 148917.3, Avg: 148917.3, Max: 148917.4, Diff: 0.1]
   [Code Root Fixup: 0.0 ms]
   [Code Root Purge: 0.0 ms]
   [Clear CT: 0.2 ms]
   [Other: 1.0 ms]
      [Choose CSet: 0.0 ms]
      [Ref Proc: 0.2 ms]
      [Ref Enq: 0.0 ms]
      [Redirty Cards: 0.2 ms]
      [Humongous Register: 0.1 ms]
      [Humongous Reclaim: 0.0 ms]
      [Free CSet: 0.3 ms]
   [Eden: 275.0M(275.0M)->0.0B(245.0M) Survivors: 43.0M->40.0M Heap: 1055.2M(2048.0M)->1056.2M(2048.0M)]
 [Times: user=1.53 sys=0.00, real=0.21 secs] 
2020-09-29T12:04:20.243+0200: 148.931: [GC pause (G1 Humongous Allocation) (young) (initial-mark), 0.0624617 secs]
   [Parallel Time: 61.4 ms, GC Workers: 8]
      [GC Worker Start (ms): Min: 148930.9, Avg: 148930.9, Max: 148931.0, Diff: 0.1]
      [Ext Root Scanning (ms): Min: 0.1, Avg: 0.1, Max: 0.1, Diff: 0.1, Sum: 0.8]
      [Update RS (ms): Min: 35.5, Avg: 35.8, Max: 36.3, Diff: 0.9, Sum: 286.5]
         [Processed Buffers: Min: 35, Avg: 38.1, Max: 41, Diff: 6, Sum: 305]
      [Scan RS (ms): Min: 2.4, Avg: 3.0, Max: 3.3, Diff: 0.9, Sum: 23.9]
      [Code Root Scanning (ms): Min: 0.0, Avg: 0.0, Max: 0.0, Diff: 0.0, Sum: 0.0]
      [Object Copy (ms): Min: 22.2, Avg: 22.2, Max: 22.3, Diff: 0.1, Sum: 177.9]
      [Termination (ms): Min: 0.0, Avg: 0.1, Max: 0.1, Diff: 0.1, Sum: 0.5]
         [Termination Attempts: Min: 1, Avg: 109.9, Max: 145, Diff: 144, Sum: 879]
      [GC Worker Other (ms): Min: 0.0, Avg: 0.0, Max: 0.0, Diff: 0.0, Sum: 0.1]
      [GC Worker Total (ms): Min: 61.2, Avg: 61.2, Max: 61.2, Diff: 0.1, Sum: 489.6]
      [GC Worker End (ms): Min: 148992.1, Avg: 148992.1, Max: 148992.1, Diff: 0.0]
   [Code Root Fixup: 0.0 ms]
   [Code Root Purge: 0.0 ms]
   [Clear CT: 0.3 ms]
   [Other: 0.7 ms]
      [Choose CSet: 0.0 ms]
      [Ref Proc: 0.1 ms]
      [Ref Enq: 0.0 ms]
      [Redirty Cards: 0.2 ms]
      [Humongous Register: 0.1 ms]
      [Humongous Reclaim: 0.0 ms]
      [Free CSet: 0.1 ms]
   [Eden: 12.0M(245.0M)->0.0B(283.0M) Survivors: 40.0M->13.0M Heap: 1067.7M(2048.0M)->1070.7M(2048.0M)]
 [Times: user=0.44 sys=0.02, real=0.06 secs] 
2020-09-29T12:04:20.305+0200: 148.993: [GC concurrent-root-region-scan-start]
2020-09-29T12:04:20.312+0200: 149.000: [GC concurrent-root-region-scan-end, 0.0061396 secs]
2020-09-29T12:04:20.312+0200: 149.000: [GC concurrent-mark-start]
2020-09-29T12:04:20.317+0200: 149.005: [GC concurrent-mark-end, 0.0058562 secs]
2020-09-29T12:04:20.318+0200: 149.006: [GC remark 2020-09-29T12:04:20.318+0200: 149.006: [Finalize Marking, 0.0002740 secs] 2020-09-29T12:04:20.318+0200: 149.006: [GC ref-proc, 0.0004290 secs] 2020-09-29T12:04:20.318+0200: 149.006: [Unloading, 0.0012609 secs], 0.0025280 secs]
 [Times: user=0.00 sys=0.00, real=0.00 secs] 
2020-09-29T12:04:20.321+0200: 149.009: [GC cleanup 1095M->45M(2048M), 0.0017908 secs]
 [Times: user=0.00 sys=0.00, real=0.00 secs] 
2020-09-29T12:04:20.323+0200: 149.011: [GC concurrent-cleanup-start]
2020-09-29T12:04:20.325+0200: 149.013: [GC concurrent-cleanup-end, 0.0023793 secs]
2020-09-29T12:04:20.486+0200: 149.174: [GC pause (G1 Evacuation Pause) (young), 0.1593874 secs]
   [Parallel Time: 158.1 ms, GC Workers: 8]
      [GC Worker Start (ms): Min: 149173.9, Avg: 149173.9, Max: 149174.0, Diff: 0.2]
      [Ext Root Scanning (ms): Min: 0.0, Avg: 0.1, Max: 0.2, Diff: 0.1, Sum: 0.6]
      [Update RS (ms): Min: 18.7, Avg: 18.9, Max: 19.3, Diff: 0.6, Sum: 151.6]
         [Processed Buffers: Min: 18, Avg: 19.9, Max: 22, Diff: 4, Sum: 159]
      [Scan RS (ms): Min: 12.0, Avg: 12.4, Max: 12.6, Diff: 0.6, Sum: 98.8]
      [Code Root Scanning (ms): Min: 0.0, Avg: 0.0, Max: 0.0, Diff: 0.0, Sum: 0.0]
      [Object Copy (ms): Min: 126.4, Avg: 126.4, Max: 126.5, Diff: 0.1, Sum: 1011.5]
      [Termination (ms): Min: 0.0, Avg: 0.0, Max: 0.1, Diff: 0.1, Sum: 0.4]
         [Termination Attempts: Min: 1, Avg: 366.1, Max: 471, Diff: 470, Sum: 2929]
      [GC Worker Other (ms): Min: 0.0, Avg: 0.0, Max: 0.1, Diff: 0.1, Sum: 0.3]
      [GC Worker Total (ms): Min: 157.8, Avg: 157.9, Max: 158.0, Diff: 0.1, Sum: 1263.3]
      [GC Worker End (ms): Min: 149331.8, Avg: 149331.9, Max: 149331.9, Diff: 0.1]
   [Code Root Fixup: 0.0 ms]
   [Code Root Purge: 0.0 ms]
   [Clear CT: 0.3 ms]
   [Other: 1.0 ms]
      [Choose CSet: 0.0 ms]
      [Ref Proc: 0.1 ms]
      [Ref Enq: 0.0 ms]
      [Redirty Cards: 0.2 ms]
      [Humongous Register: 0.1 ms]
      [Humongous Reclaim: 0.0 ms]
      [Free CSet: 0.3 ms]
   [Eden: 283.0M(283.0M)->0.0B(275.0M) Survivors: 13.0M->37.0M Heap: 351.7M(2048.0M)->340.7M(2048.0M)]
 [Times: user=1.25 sys=0.00, real=0.16 secs] 
2020-09-29T12:04:20.800+0200: 149.488: [GC pause (G1 Evacuation Pause) (young), 0.1634366 secs]
   [Parallel Time: 162.2 ms, GC Workers: 8]
      [GC Worker Start (ms): Min: 149487.9, Avg: 149488.0, Max: 149488.1, Diff: 0.2]
      [Ext Root Scanning (ms): Min: 0.0, Avg: 0.1, Max: 0.1, Diff: 0.1, Sum: 0.5]
      [Update RS (ms): Min: 18.4, Avg: 18.7, Max: 19.1, Diff: 0.7, Sum: 150.0]
         [Processed Buffers: Min: 19, Avg: 20.3, Max: 23, Diff: 4, Sum: 162]
      [Scan RS (ms): Min: 14.6, Avg: 15.0, Max: 15.3, Diff: 0.7, Sum: 119.9]
      [Code Root Scanning (ms): Min: 0.0, Avg: 0.0, Max: 0.0, Diff: 0.0, Sum: 0.0]
      [Object Copy (ms): Min: 128.1, Avg: 128.2, Max: 128.3, Diff: 0.2, Sum: 1025.5]
      [Termination (ms): Min: 0.0, Avg: 0.0, Max: 0.0, Diff: 0.0, Sum: 0.3]
         [Termination Attempts: Min: 1, Avg: 217.9, Max: 289, Diff: 288, Sum: 1743]
      [GC Worker Other (ms): Min: 0.0, Avg: 0.0, Max: 0.1, Diff: 0.1, Sum: 0.3]
      [GC Worker Total (ms): Min: 162.0, Avg: 162.1, Max: 162.1, Diff: 0.1, Sum: 1296.5]
      [GC Worker End (ms): Min: 149650.1, Avg: 149650.1, Max: 149650.1, Diff: 0.1]
   [Code Root Fixup: 0.0 ms]
   [Code Root Purge: 0.0 ms]
   [Clear CT: 0.2 ms]
   [Other: 1.0 ms]
      [Choose CSet: 0.0 ms]
      [Ref Proc: 0.2 ms]
      [Ref Enq: 0.0 ms]
      [Redirty Cards: 0.2 ms]
      [Humongous Register: 0.0 ms]
      [Humongous Reclaim: 0.0 ms]
      [Free CSet: 0.3 ms]
   [Eden: 275.0M(275.0M)->0.0B(279.0M) Survivors: 37.0M->39.0M Heap: 661.5M(2048.0M)->663.5M(2048.0M)]
 [Times: user=1.34 sys=0.01, real=0.16 secs] 
2020-09-29T12:04:21.122+0200: 149.810: [GC pause (G1 Evacuation Pause) (young), 0.1606124 secs]
   [Parallel Time: 159.5 ms, GC Workers: 8]
      [GC Worker Start (ms): Min: 149810.5, Avg: 149810.6, Max: 149810.9, Diff: 0.3]
      [Ext Root Scanning (ms): Min: 0.0, Avg: 0.1, Max: 0.1, Diff: 0.1, Sum: 0.6]
      [Update RS (ms): Min: 19.3, Avg: 19.6, Max: 20.1, Diff: 0.8, Sum: 156.8]
         [Processed Buffers: Min: 18, Avg: 21.3, Max: 24, Diff: 6, Sum: 170]
      [Scan RS (ms): Min: 14.5, Avg: 14.6, Max: 14.8, Diff: 0.3, Sum: 117.1]
      [Code Root Scanning (ms): Min: 0.0, Avg: 0.0, Max: 0.0, Diff: 0.0, Sum: 0.0]
      [Object Copy (ms): Min: 124.3, Avg: 124.9, Max: 125.0, Diff: 0.7, Sum: 999.1]
      [Termination (ms): Min: 0.0, Avg: 0.0, Max: 0.1, Diff: 0.1, Sum: 0.3]
         [Termination Attempts: Min: 1, Avg: 232.0, Max: 306, Diff: 305, Sum: 1856]
      [GC Worker Other (ms): Min: 0.0, Avg: 0.0, Max: 0.1, Diff: 0.0, Sum: 0.3]
      [GC Worker Total (ms): Min: 159.0, Avg: 159.3, Max: 159.4, Diff: 0.4, Sum: 1274.3]
      [GC Worker End (ms): Min: 149969.9, Avg: 149969.9, Max: 149969.9, Diff: 0.0]
   [Code Root Fixup: 0.0 ms]
   [Code Root Purge: 0.0 ms]
   [Clear CT: 0.2 ms]
   [Other: 0.9 ms]
      [Choose CSet: 0.0 ms]
      [Ref Proc: 0.1 ms]
      [Ref Enq: 0.0 ms]
      [Redirty Cards: 0.2 ms]
      [Humongous Register: 0.1 ms]
      [Humongous Reclaim: 0.0 ms]
      [Free CSet: 0.2 ms]
   [Eden: 279.0M(279.0M)->0.0B(288.0M) Survivors: 39.0M->40.0M Heap: 990.1M(2048.0M)->992.6M(2048.0M)]
 [Times: user=1.23 sys=0.00, real=0.16 secs] 
2020-09-29T12:04:21.289+0200: 149.977: [GC pause (G1 Humongous Allocation) (young) (initial-mark), 0.0656993 secs]
   [Parallel Time: 64.8 ms, GC Workers: 8]
      [GC Worker Start (ms): Min: 149976.7, Avg: 149976.7, Max: 149976.8, Diff: 0.2]
      [Ext Root Scanning (ms): Min: 0.0, Avg: 0.2, Max: 0.3, Diff: 0.3, Sum: 1.3]
      [Update RS (ms): Min: 41.2, Avg: 41.3, Max: 41.5, Diff: 0.3, Sum: 330.4]
         [Processed Buffers: Min: 44, Avg: 48.0, Max: 51, Diff: 7, Sum: 384]
      [Scan RS (ms): Min: 1.6, Avg: 1.9, Max: 2.0, Diff: 0.4, Sum: 15.0]
      [Code Root Scanning (ms): Min: 0.0, Avg: 0.0, Max: 0.0, Diff: 0.0, Sum: 0.0]
      [Object Copy (ms): Min: 21.2, Avg: 21.3, Max: 21.3, Diff: 0.1, Sum: 170.2]
      [Termination (ms): Min: 0.0, Avg: 0.0, Max: 0.0, Diff: 0.0, Sum: 0.0]
         [Termination Attempts: Min: 1, Avg: 19.8, Max: 29, Diff: 28, Sum: 158]
      [GC Worker Other (ms): Min: 0.0, Avg: 0.0, Max: 0.0, Diff: 0.0, Sum: 0.1]
      [GC Worker Total (ms): Min: 64.5, Avg: 64.6, Max: 64.7, Diff: 0.1, Sum: 517.1]
      [GC Worker End (ms): Min: 150041.4, Avg: 150041.4, Max: 150041.4, Diff: 0.0]
   [Code Root Fixup: 0.0 ms]
   [Code Root Purge: 0.0 ms]
   [Clear CT: 0.2 ms]
   [Other: 0.7 ms]
      [Choose CSet: 0.0 ms]
      [Ref Proc: 0.2 ms]
      [Ref Enq: 0.0 ms]
      [Redirty Cards: 0.2 ms]
      [Humongous Register: 0.0 ms]
      [Humongous Reclaim: 0.0 ms]
      [Free CSet: 0.1 ms]
   [Eden: 10.0M(288.0M)->0.0B(314.0M) Survivors: 40.0M->13.0M Heap: 1002.6M(2048.0M)->1007.1M(2048.0M)]
 [Times: user=0.50 sys=0.00, real=0.07 secs] 
2020-09-29T12:04:21.355+0200: 150.043: [GC concurrent-root-region-scan-start]
2020-09-29T12:04:21.357+0200: 150.045: [GC concurrent-root-region-scan-end, 0.0028959 secs]
2020-09-29T12:04:21.357+0200: 150.045: [GC concurrent-mark-start]
2020-09-29T12:04:21.361+0200: 150.049: [GC concurrent-mark-end, 0.0031919 secs]
2020-09-29T12:04:21.361+0200: 150.049: [GC remark 2020-09-29T12:04:21.361+0200: 150.049: [Finalize Marking, 0.0002672 secs] 2020-09-29T12:04:21.361+0200: 150.049: [GC ref-proc, 0.0002980 secs] 2020-09-29T12:04:21.362+0200: 150.050: [Unloading, 0.0005042 secs], 0.0013808 secs]
 [Times: user=0.00 sys=0.00, real=0.00 secs] 
2020-09-29T12:04:21.363+0200: 150.051: [GC cleanup 1020M->34M(2048M), 0.0013392 secs]
 [Times: user=0.13 sys=0.00, real=0.00 secs] 
2020-09-29T12:04:21.364+0200: 150.052: [GC concurrent-cleanup-start]
2020-09-29T12:04:21.366+0200: 150.054: [GC concurrent-cleanup-end, 0.0020281 secs]
2020-09-29T12:04:21.547+0200: 150.235: [GC pause (G1 Evacuation Pause) (young), 0.1969816 secs]
   [Parallel Time: 195.8 ms, GC Workers: 8]
      [GC Worker Start (ms): Min: 150234.8, Avg: 150235.5, Max: 150240.6, Diff: 5.9]
      [Ext Root Scanning (ms): Min: 0.0, Avg: 0.1, Max: 0.1, Diff: 0.1, Sum: 0.7]
      [Update RS (ms): Min: 15.3, Avg: 20.0, Max: 20.9, Diff: 5.6, Sum: 160.2]
         [Processed Buffers: Min: 15, Avg: 20.5, Max: 25, Diff: 10, Sum: 164]
      [Scan RS (ms): Min: 14.6, Avg: 15.4, Max: 19.0, Diff: 4.3, Sum: 122.9]
      [Code Root Scanning (ms): Min: 0.0, Avg: 0.0, Max: 0.0, Diff: 0.0, Sum: 0.0]
      [Object Copy (ms): Min: 155.9, Avg: 159.4, Max: 160.0, Diff: 4.1, Sum: 1275.1]
      [Termination (ms): Min: 0.0, Avg: 0.1, Max: 0.1, Diff: 0.1, Sum: 0.5]
         [Termination Attempts: Min: 1, Avg: 273.6, Max: 399, Diff: 398, Sum: 2189]
      [GC Worker Other (ms): Min: 0.0, Avg: 0.0, Max: 0.0, Diff: 0.0, Sum: 0.2]
      [GC Worker Total (ms): Min: 189.9, Avg: 194.9, Max: 195.7, Diff: 5.9, Sum: 1559.6]
      [GC Worker End (ms): Min: 150430.5, Avg: 150430.5, Max: 150430.5, Diff: 0.0]
   [Code Root Fixup: 0.0 ms]
   [Code Root Purge: 0.0 ms]
   [Clear CT: 0.2 ms]
   [Other: 1.0 ms]
      [Choose CSet: 0.0 ms]
      [Ref Proc: 0.2 ms]
      [Ref Enq: 0.0 ms]
      [Redirty Cards: 0.2 ms]
      [Humongous Register: 0.0 ms]
      [Humongous Reclaim: 0.0 ms]
      [Free CSet: 0.3 ms]
   [Eden: 314.0M(314.0M)->0.0B(268.0M) Survivors: 13.0M->41.0M Heap: 388.4M(2048.0M)->377.4M(2048.0M)]
 [Times: user=1.44 sys=0.00, real=0.20 secs] 
2020-09-29T12:04:21.901+0200: 150.589: [GC pause (G1 Evacuation Pause) (young), 0.1616991 secs]
   [Parallel Time: 160.5 ms, GC Workers: 8]
      [GC Worker Start (ms): Min: 150589.2, Avg: 150589.3, Max: 150589.4, Diff: 0.1]
      [Ext Root Scanning (ms): Min: 0.0, Avg: 0.1, Max: 0.1, Diff: 0.1, Sum: 0.6]
      [Update RS (ms): Min: 21.8, Avg: 22.2, Max: 22.7, Diff: 0.9, Sum: 177.4]
         [Processed Buffers: Min: 21, Avg: 24.3, Max: 27, Diff: 6, Sum: 194]
      [Scan RS (ms): Min: 11.3, Avg: 11.9, Max: 12.3, Diff: 0.9, Sum: 95.4]
      [Code Root Scanning (ms): Min: 0.0, Avg: 0.0, Max: 0.0, Diff: 0.0, Sum: 0.0]
      [Object Copy (ms): Min: 125.8, Avg: 126.0, Max: 126.1, Diff: 0.2, Sum: 1008.0]
      [Termination (ms): Min: 0.0, Avg: 0.0, Max: 0.1, Diff: 0.0, Sum: 0.3]
         [Termination Attempts: Min: 1, Avg: 202.3, Max: 260, Diff: 259, Sum: 1618]
      [GC Worker Other (ms): Min: 0.0, Avg: 0.0, Max: 0.1, Diff: 0.1, Sum: 0.3]
      [GC Worker Total (ms): Min: 160.2, Avg: 160.2, Max: 160.4, Diff: 0.2, Sum: 1282.0]
      [GC Worker End (ms): Min: 150749.5, Avg: 150749.6, Max: 150749.6, Diff: 0.1]
   [Code Root Fixup: 0.0 ms]
   [Code Root Purge: 0.0 ms]
   [Clear CT: 0.2 ms]
   [Other: 1.0 ms]
      [Choose CSet: 0.0 ms]
      [Ref Proc: 0.2 ms]
      [Ref Enq: 0.0 ms]
      [Redirty Cards: 0.3 ms]
      [Humongous Register: 0.0 ms]
      [Humongous Reclaim: 0.0 ms]
      [Free CSet: 0.3 ms]
   [Eden: 268.0M(268.0M)->0.0B(279.0M) Survivors: 41.0M->39.0M Heap: 689.3M(2048.0M)->690.8M(2048.0M)]
 [Times: user=1.25 sys=0.00, real=0.16 secs] 
2020-09-29T12:04:22.224+0200: 150.912: [GC pause (G1 Evacuation Pause) (young), 0.1707714 secs]
   [Parallel Time: 167.2 ms, GC Workers: 8]
      [GC Worker Start (ms): Min: 150912.2, Avg: 150912.3, Max: 150912.4, Diff: 0.1]
      [Ext Root Scanning (ms): Min: 0.0, Avg: 0.1, Max: 0.1, Diff: 0.1, Sum: 0.5]
      [Update RS (ms): Min: 17.7, Avg: 17.7, Max: 18.0, Diff: 0.3, Sum: 141.9]
         [Processed Buffers: Min: 18, Avg: 20.5, Max: 23, Diff: 5, Sum: 164]
      [Scan RS (ms): Min: 15.4, Avg: 15.7, Max: 15.9, Diff: 0.5, Sum: 125.8]
      [Code Root Scanning (ms): Min: 0.0, Avg: 0.0, Max: 0.0, Diff: 0.0, Sum: 0.0]
      [Object Copy (ms): Min: 133.2, Avg: 133.4, Max: 133.5, Diff: 0.3, Sum: 1067.1]
      [Termination (ms): Min: 0.0, Avg: 0.1, Max: 0.1, Diff: 0.1, Sum: 0.5]
         [Termination Attempts: Min: 1, Avg: 480.8, Max: 617, Diff: 616, Sum: 3846]
      [GC Worker Other (ms): Min: 0.0, Avg: 0.0, Max: 0.1, Diff: 0.0, Sum: 0.3]
      [GC Worker Total (ms): Min: 167.0, Avg: 167.0, Max: 167.1, Diff: 0.1, Sum: 1336.1]
      [GC Worker End (ms): Min: 151079.3, Avg: 151079.3, Max: 151079.3, Diff: 0.0]
   [Code Root Fixup: 0.0 ms]
   [Code Root Purge: 0.0 ms]
   [Clear CT: 1.1 ms]
   [Other: 2.5 ms]
      [Choose CSet: 0.0 ms]
      [Ref Proc: 0.1 ms]
      [Ref Enq: 0.0 ms]
      [Redirty Cards: 2.0 ms]
      [Humongous Register: 0.0 ms]
      [Humongous Reclaim: 0.0 ms]
      [Free CSet: 0.2 ms]
   [Eden: 279.0M(279.0M)->0.0B(280.0M) Survivors: 39.0M->40.0M Heap: 1017.5M(2048.0M)->1019.0M(2048.0M)]
 [Times: user=1.24 sys=0.00, real=0.17 secs] 
2020-09-29T12:04:22.408+0200: 151.096: [GC pause (G1 Humongous Allocation) (young) (initial-mark), 0.0554515 secs]
   [Parallel Time: 54.4 ms, GC Workers: 8]
      [GC Worker Start (ms): Min: 151096.1, Avg: 151096.1, Max: 151096.2, Diff: 0.2]
      [Ext Root Scanning (ms): Min: 0.0, Avg: 0.9, Max: 2.5, Diff: 2.5, Sum: 7.3]
      [Update RS (ms): Min: 28.9, Avg: 30.6, Max: 31.8, Diff: 2.9, Sum: 244.6]
         [Processed Buffers: Min: 31, Avg: 35.5, Max: 38, Diff: 7, Sum: 284]
      [Scan RS (ms): Min: 2.1, Avg: 2.6, Max: 2.8, Diff: 0.7, Sum: 20.7]
      [Code Root Scanning (ms): Min: 0.0, Avg: 0.0, Max: 0.0, Diff: 0.0, Sum: 0.0]
      [Object Copy (ms): Min: 20.0, Avg: 20.1, Max: 20.2, Diff: 0.1, Sum: 160.9]
      [Termination (ms): Min: 0.0, Avg: 0.0, Max: 0.0, Diff: 0.0, Sum: 0.0]
         [Termination Attempts: Min: 1, Avg: 25.3, Max: 38, Diff: 37, Sum: 202]
      [GC Worker Other (ms): Min: 0.0, Avg: 0.0, Max: 0.0, Diff: 0.0, Sum: 0.1]
      [GC Worker Total (ms): Min: 54.1, Avg: 54.2, Max: 54.3, Diff: 0.2, Sum: 433.6]
      [GC Worker End (ms): Min: 151150.3, Avg: 151150.3, Max: 151150.3, Diff: 0.0]
   [Code Root Fixup: 0.0 ms]
   [Code Root Purge: 0.0 ms]
   [Clear CT: 0.2 ms]
   [Other: 0.9 ms]
      [Choose CSet: 0.0 ms]
      [Ref Proc: 0.4 ms]
      [Ref Enq: 0.0 ms]
      [Redirty Cards: 0.2 ms]
      [Humongous Register: 0.0 ms]
      [Humongous Reclaim: 0.0 ms]
      [Free CSet: 0.0 ms]
   [Eden: 9216.0K(280.0M)->0.0B(324.0M) Survivors: 40.0M->11.0M Heap: 1028.0M(2048.0M)->1031.5M(2048.0M)]
 [Times: user=0.44 sys=0.02, real=0.06 secs] 
2020-09-29T12:04:22.464+0200: 151.151: [GC concurrent-root-region-scan-start]
2020-09-29T12:04:22.466+0200: 151.154: [GC concurrent-root-region-scan-end, 0.0021793 secs]
2020-09-29T12:04:22.466+0200: 151.154: [GC concurrent-mark-start]
2020-09-29T12:04:22.469+0200: 151.157: [GC concurrent-mark-end, 0.0032034 secs]
2020-09-29T12:04:22.470+0200: 151.157: [GC remark 2020-09-29T12:04:22.470+0200: 151.157: [Finalize Marking, 0.0001444 secs] 2020-09-29T12:04:22.470+0200: 151.157: [GC ref-proc, 0.0002566 secs] 2020-09-29T12:04:22.470+0200: 151.158: [Unloading, 0.0004293 secs], 0.0011462 secs]
 [Times: user=0.00 sys=0.00, real=0.00 secs] 
2020-09-29T12:04:22.471+0200: 151.159: [GC cleanup 1044M->32M(2048M), 0.0010631 secs]
 [Times: user=0.00 sys=0.00, real=0.00 secs] 
2020-09-29T12:04:22.472+0200: 151.160: [GC concurrent-cleanup-start]
2020-09-29T12:04:22.474+0200: 151.161: [GC concurrent-cleanup-end, 0.0015379 secs]
2020-09-29T12:04:22.643+0200: 151.331: [GC pause (G1 Evacuation Pause) (young), 0.1770161 secs]
   [Parallel Time: 175.6 ms, GC Workers: 8]
      [GC Worker Start (ms): Min: 151330.7, Avg: 151330.8, Max: 151330.9, Diff: 0.2]
      [Ext Root Scanning (ms): Min: 0.0, Avg: 0.1, Max: 0.2, Diff: 0.2, Sum: 0.5]
      [Update RS (ms): Min: 13.7, Avg: 13.9, Max: 14.1, Diff: 0.4, Sum: 110.9]
         [Processed Buffers: Min: 14, Avg: 16.5, Max: 18, Diff: 4, Sum: 132]
      [Scan RS (ms): Min: 16.3, Avg: 16.6, Max: 16.8, Diff: 0.5, Sum: 132.8]
      [Code Root Scanning (ms): Min: 0.0, Avg: 0.0, Max: 0.0, Diff: 0.0, Sum: 0.0]
      [Object Copy (ms): Min: 144.6, Avg: 144.7, Max: 144.8, Diff: 0.2, Sum: 1157.9]
      [Termination (ms): Min: 0.0, Avg: 0.0, Max: 0.0, Diff: 0.0, Sum: 0.1]
         [Termination Attempts: Min: 1, Avg: 107.4, Max: 143, Diff: 142, Sum: 859]
      [GC Worker Other (ms): Min: 0.0, Avg: 0.0, Max: 0.1, Diff: 0.1, Sum: 0.3]
      [GC Worker Total (ms): Min: 175.2, Avg: 175.3, Max: 175.4, Diff: 0.2, Sum: 1402.6]
      [GC Worker End (ms): Min: 151506.1, Avg: 151506.1, Max: 151506.1, Diff: 0.1]
   [Code Root Fixup: 0.0 ms]
   [Code Root Purge: 0.0 ms]
   [Clear CT: 0.3 ms]
   [Other: 1.1 ms]
      [Choose CSet: 0.0 ms]
      [Ref Proc: 0.3 ms]
      [Ref Enq: 0.0 ms]
      [Redirty Cards: 0.2 ms]
      [Humongous Register: 0.0 ms]
      [Humongous Reclaim: 0.0 ms]
      [Free CSet: 0.3 ms]
   [Eden: 324.0M(324.0M)->0.0B(294.0M) Survivors: 11.0M->42.0M Heap: 398.3M(2048.0M)->389.8M(2048.0M)]
 [Times: user=1.39 sys=0.02, real=0.18 secs] 
2020-09-29T12:04:23.015+0200: 151.703: [GC pause (G1 Evacuation Pause) (young), 0.1751946 secs]
   [Parallel Time: 173.9 ms, GC Workers: 8]
      [GC Worker Start (ms): Min: 151702.8, Avg: 151702.9, Max: 151703.1, Diff: 0.3]
      [Ext Root Scanning (ms): Min: 0.0, Avg: 0.1, Max: 0.2, Diff: 0.2, Sum: 0.7]
      [Update RS (ms): Min: 15.1, Avg: 15.5, Max: 15.9, Diff: 0.8, Sum: 123.8]
         [Processed Buffers: Min: 14, Avg: 16.4, Max: 18, Diff: 4, Sum: 131]
      [Scan RS (ms): Min: 18.2, Avg: 18.7, Max: 19.2, Diff: 1.0, Sum: 149.4]
      [Code Root Scanning (ms): Min: 0.0, Avg: 0.0, Max: 0.0, Diff: 0.0, Sum: 0.0]
      [Object Copy (ms): Min: 139.2, Avg: 139.4, Max: 139.5, Diff: 0.3, Sum: 1115.0]
      [Termination (ms): Min: 0.0, Avg: 0.0, Max: 0.1, Diff: 0.1, Sum: 0.4]
         [Termination Attempts: Min: 1, Avg: 3.9, Max: 8, Diff: 7, Sum: 31]
      [GC Worker Other (ms): Min: 0.0, Avg: 0.0, Max: 0.0, Diff: 0.0, Sum: 0.1]
      [GC Worker Total (ms): Min: 173.5, Avg: 173.7, Max: 173.8, Diff: 0.3, Sum: 1389.4]
      [GC Worker End (ms): Min: 151876.6, Avg: 151876.6, Max: 151876.6, Diff: 0.0]
   [Code Root Fixup: 0.0 ms]
   [Code Root Purge: 0.0 ms]
   [Clear CT: 0.2 ms]
   [Other: 1.0 ms]
      [Choose CSet: 0.0 ms]
      [Ref Proc: 0.2 ms]
      [Ref Enq: 0.0 ms]
      [Redirty Cards: 0.3 ms]
      [Humongous Register: 0.0 ms]
      [Humongous Reclaim: 0.0 ms]
      [Free CSet: 0.2 ms]
   [Eden: 294.0M(294.0M)->0.0B(289.0M) Survivors: 42.0M->42.0M Heap: 731.5M(2048.0M)->733.5M(2048.0M)]
 [Times: user=1.33 sys=0.00, real=0.17 secs] 
2020-09-29T12:04:23.345+0200: 152.033: [GC pause (G1 Evacuation Pause) (young), 0.1660134 secs]
   [Parallel Time: 164.9 ms, GC Workers: 8]
      [GC Worker Start (ms): Min: 152032.7, Avg: 152032.7, Max: 152032.8, Diff: 0.1]
      [Ext Root Scanning (ms): Min: 0.0, Avg: 0.1, Max: 0.1, Diff: 0.1, Sum: 0.6]
      [Update RS (ms): Min: 15.6, Avg: 15.7, Max: 15.7, Diff: 0.1, Sum: 125.5]
         [Processed Buffers: Min: 17, Avg: 19.4, Max: 22, Diff: 5, Sum: 155]
      [Scan RS (ms): Min: 15.8, Avg: 15.9, Max: 16.0, Diff: 0.2, Sum: 127.2]
      [Code Root Scanning (ms): Min: 0.0, Avg: 0.0, Max: 0.0, Diff: 0.0, Sum: 0.0]
      [Object Copy (ms): Min: 132.9, Avg: 133.0, Max: 133.1, Diff: 0.2, Sum: 1064.3]
      [Termination (ms): Min: 0.0, Avg: 0.0, Max: 0.0, Diff: 0.0, Sum: 0.1]
         [Termination Attempts: Min: 1, Avg: 87.4, Max: 126, Diff: 125, Sum: 699]
      [GC Worker Other (ms): Min: 0.0, Avg: 0.0, Max: 0.1, Diff: 0.1, Sum: 0.3]
      [GC Worker Total (ms): Min: 164.7, Avg: 164.8, Max: 164.8, Diff: 0.1, Sum: 1318.1]
      [GC Worker End (ms): Min: 152197.5, Avg: 152197.5, Max: 152197.5, Diff: 0.1]
   [Code Root Fixup: 0.0 ms]
   [Code Root Purge: 0.0 ms]
   [Clear CT: 0.2 ms]
   [Other: 0.9 ms]
      [Choose CSet: 0.0 ms]
      [Ref Proc: 0.1 ms]
      [Ref Enq: 0.0 ms]
      [Redirty Cards: 0.2 ms]
      [Humongous Register: 0.0 ms]
      [Humongous Reclaim: 0.0 ms]
      [Free CSet: 0.3 ms]
   [Eden: 289.0M(289.0M)->0.0B(295.0M) Survivors: 42.0M->42.0M Heap: 1072.1M(2048.0M)->1074.1M(2048.0M)]
 [Times: user=1.38 sys=0.00, real=0.17 secs] 
2020-09-29T12:04:23.523+0200: 152.211: [GC pause (G1 Humongous Allocation) (young) (initial-mark), 0.0664033 secs]
   [Parallel Time: 65.3 ms, GC Workers: 8]
      [GC Worker Start (ms): Min: 152211.5, Avg: 152211.6, Max: 152211.6, Diff: 0.1]
      [Ext Root Scanning (ms): Min: 0.0, Avg: 0.1, Max: 0.2, Diff: 0.1, Sum: 0.8]
      [Update RS (ms): Min: 37.0, Avg: 37.3, Max: 37.6, Diff: 0.6, Sum: 298.2]
         [Processed Buffers: Min: 38, Avg: 41.0, Max: 44, Diff: 6, Sum: 328]
      [Scan RS (ms): Min: 2.4, Avg: 2.7, Max: 2.9, Diff: 0.6, Sum: 21.4]
      [Code Root Scanning (ms): Min: 0.0, Avg: 0.0, Max: 0.0, Diff: 0.0, Sum: 0.0]
      [Object Copy (ms): Min: 25.0, Avg: 25.1, Max: 25.1, Diff: 0.1, Sum: 200.4]
      [Termination (ms): Min: 0.0, Avg: 0.0, Max: 0.0, Diff: 0.0, Sum: 0.1]
         [Termination Attempts: Min: 1, Avg: 92.0, Max: 113, Diff: 112, Sum: 736]
      [GC Worker Other (ms): Min: 0.0, Avg: 0.0, Max: 0.1, Diff: 0.1, Sum: 0.2]
      [GC Worker Total (ms): Min: 65.1, Avg: 65.2, Max: 65.2, Diff: 0.1, Sum: 521.2]
      [GC Worker End (ms): Min: 152276.7, Avg: 152276.7, Max: 152276.8, Diff: 0.1]
   [Code Root Fixup: 0.0 ms]
   [Code Root Purge: 0.0 ms]
   [Clear CT: 0.2 ms]
   [Other: 0.9 ms]
      [Choose CSet: 0.0 ms]
      [Ref Proc: 0.3 ms]
      [Ref Enq: 0.0 ms]
      [Redirty Cards: 0.2 ms]
      [Humongous Register: 0.1 ms]
      [Humongous Reclaim: 0.0 ms]
      [Free CSet: 0.1 ms]
   [Eden: 9216.0K(295.0M)->0.0B(312.0M) Survivors: 42.0M->11.0M Heap: 1083.1M(2048.0M)->1087.1M(2048.0M)]
 [Times: user=0.45 sys=0.00, real=0.07 secs] 
2020-09-29T12:04:23.590+0200: 152.278: [GC concurrent-root-region-scan-start]
2020-09-29T12:04:23.592+0200: 152.280: [GC concurrent-root-region-scan-end, 0.0020965 secs]
2020-09-29T12:04:23.592+0200: 152.280: [GC concurrent-mark-start]
2020-09-29T12:04:23.595+0200: 152.283: [GC concurrent-mark-end, 0.0034818 secs]
2020-09-29T12:04:23.596+0200: 152.284: [GC remark 2020-09-29T12:04:23.596+0200: 152.284: [Finalize Marking, 0.0002904 secs] 2020-09-29T12:04:23.596+0200: 152.284: [GC ref-proc, 0.0004104 secs] 2020-09-29T12:04:23.596+0200: 152.284: [Unloading, 0.0004969 secs], 0.0015957 secs]
 [Times: user=0.00 sys=0.00, real=0.00 secs] 
2020-09-29T12:04:23.598+0200: 152.286: [GC cleanup 1098M->30M(2048M), 0.0013525 secs]
 [Times: user=0.00 sys=0.00, real=0.00 secs] 
2020-09-29T12:04:23.599+0200: 152.287: [GC concurrent-cleanup-start]
2020-09-29T12:04:23.601+0200: 152.289: [GC concurrent-cleanup-end, 0.0019668 secs]
2020-09-29T12:04:23.780+0200: 152.468: [GC pause (G1 Evacuation Pause) (young), 0.1715094 secs]
   [Parallel Time: 170.4 ms, GC Workers: 8]
      [GC Worker Start (ms): Min: 152467.9, Avg: 152467.9, Max: 152468.0, Diff: 0.2]
      [Ext Root Scanning (ms): Min: 0.0, Avg: 0.1, Max: 0.2, Diff: 0.2, Sum: 0.6]
      [Update RS (ms): Min: 20.6, Avg: 20.7, Max: 20.9, Diff: 0.3, Sum: 165.9]
         [Processed Buffers: Min: 19, Avg: 21.0, Max: 23, Diff: 4, Sum: 168]
      [Scan RS (ms): Min: 15.8, Avg: 16.0, Max: 17.0, Diff: 1.2, Sum: 128.3]
      [Code Root Scanning (ms): Min: 0.0, Avg: 0.0, Max: 0.0, Diff: 0.0, Sum: 0.0]
      [Object Copy (ms): Min: 132.4, Avg: 133.2, Max: 133.3, Diff: 0.9, Sum: 1065.2]
      [Termination (ms): Min: 0.0, Avg: 0.1, Max: 0.2, Diff: 0.2, Sum: 1.1]
         [Termination Attempts: Min: 1, Avg: 1002.8, Max: 1248, Diff: 1247, Sum: 8022]
      [GC Worker Other (ms): Min: 0.0, Avg: 0.0, Max: 0.1, Diff: 0.0, Sum: 0.3]
      [GC Worker Total (ms): Min: 170.1, Avg: 170.2, Max: 170.3, Diff: 0.2, Sum: 1361.4]
      [GC Worker End (ms): Min: 152638.1, Avg: 152638.1, Max: 152638.1, Diff: 0.0]
   [Code Root Fixup: 0.0 ms]
   [Code Root Purge: 0.0 ms]
   [Clear CT: 0.2 ms]
   [Other: 0.9 ms]
      [Choose CSet: 0.0 ms]
      [Ref Proc: 0.2 ms]
      [Ref Enq: 0.0 ms]
      [Redirty Cards: 0.3 ms]
      [Humongous Register: 0.0 ms]
      [Humongous Reclaim: 0.0 ms]
      [Free CSet: 0.2 ms]
   [Eden: 312.0M(312.0M)->0.0B(288.0M) Survivors: 11.0M->41.0M Heap: 384.4M(2048.0M)->375.4M(2048.0M)]
 [Times: user=1.28 sys=0.05, real=0.17 secs] 
2020-09-29T12:04:24.108+0200: 152.796: [GC pause (G1 Evacuation Pause) (young), 0.1736777 secs]
   [Parallel Time: 172.4 ms, GC Workers: 8]
      [GC Worker Start (ms): Min: 152796.0, Avg: 152796.1, Max: 152796.2, Diff: 0.2]
      [Ext Root Scanning (ms): Min: 0.0, Avg: 0.1, Max: 0.2, Diff: 0.2, Sum: 0.6]
      [Update RS (ms): Min: 16.9, Avg: 17.1, Max: 17.5, Diff: 0.6, Sum: 136.6]
         [Processed Buffers: Min: 14, Avg: 17.4, Max: 22, Diff: 8, Sum: 139]
      [Scan RS (ms): Min: 17.2, Avg: 17.6, Max: 17.8, Diff: 0.6, Sum: 141.0]
      [Code Root Scanning (ms): Min: 0.0, Avg: 0.0, Max: 0.0, Diff: 0.0, Sum: 0.0]
      [Object Copy (ms): Min: 137.1, Avg: 137.3, Max: 137.4, Diff: 0.4, Sum: 1098.0]
      [Termination (ms): Min: 0.0, Avg: 0.1, Max: 0.2, Diff: 0.2, Sum: 0.9]
         [Termination Attempts: Min: 1, Avg: 756.5, Max: 1018, Diff: 1017, Sum: 6052]
      [GC Worker Other (ms): Min: 0.0, Avg: 0.0, Max: 0.1, Diff: 0.1, Sum: 0.4]
      [GC Worker Total (ms): Min: 172.1, Avg: 172.2, Max: 172.3, Diff: 0.2, Sum: 1377.6]
      [GC Worker End (ms): Min: 152968.3, Avg: 152968.3, Max: 152968.3, Diff: 0.1]
   [Code Root Fixup: 0.0 ms]
   [Code Root Purge: 0.0 ms]
   [Clear CT: 0.3 ms]
   [Other: 1.0 ms]
      [Choose CSet: 0.0 ms]
      [Ref Proc: 0.2 ms]
      [Ref Enq: 0.0 ms]
      [Redirty Cards: 0.3 ms]
      [Humongous Register: 0.0 ms]
      [Humongous Reclaim: 0.0 ms]
      [Free CSet: 0.3 ms]
   [Eden: 288.0M(288.0M)->0.0B(285.0M) Survivors: 41.0M->42.0M Heap: 711.1M(2048.0M)->713.1M(2048.0M)]
 [Times: user=1.38 sys=0.00, real=0.17 secs] 
2020-09-29T12:04:24.446+0200: 153.133: [GC pause (G1 Evacuation Pause) (young), 0.1814084 secs]
   [Parallel Time: 180.0 ms, GC Workers: 8]
      [GC Worker Start (ms): Min: 153133.6, Avg: 153133.7, Max: 153133.7, Diff: 0.2]
      [Ext Root Scanning (ms): Min: 0.0, Avg: 0.1, Max: 0.2, Diff: 0.2, Sum: 0.6]
      [Update RS (ms): Min: 22.7, Avg: 22.7, Max: 22.8, Diff: 0.2, Sum: 181.9]
         [Processed Buffers: Min: 21, Avg: 22.6, Max: 25, Diff: 4, Sum: 181]
      [Scan RS (ms): Min: 15.2, Avg: 15.4, Max: 15.5, Diff: 0.3, Sum: 122.8]
      [Code Root Scanning (ms): Min: 0.0, Avg: 0.0, Max: 0.0, Diff: 0.0, Sum: 0.0]
      [Object Copy (ms): Min: 140.2, Avg: 141.4, Max: 141.6, Diff: 1.4, Sum: 1130.8]
      [Termination (ms): Min: 0.0, Avg: 0.3, Max: 1.4, Diff: 1.4, Sum: 2.2]
         [Termination Attempts: Min: 1, Avg: 502.0, Max: 631, Diff: 630, Sum: 4016]
      [GC Worker Other (ms): Min: 0.0, Avg: 0.0, Max: 0.0, Diff: 0.0, Sum: 0.1]
      [GC Worker Total (ms): Min: 179.7, Avg: 179.8, Max: 179.9, Diff: 0.2, Sum: 1438.4]
      [GC Worker End (ms): Min: 153313.5, Avg: 153313.5, Max: 153313.5, Diff: 0.0]
   [Code Root Fixup: 0.0 ms]
   [Code Root Purge: 0.0 ms]
   [Clear CT: 0.2 ms]
   [Other: 1.2 ms]
      [Choose CSet: 0.0 ms]
      [Ref Proc: 0.2 ms]
      [Ref Enq: 0.0 ms]
      [Redirty Cards: 0.4 ms]
      [Humongous Register: 0.0 ms]
      [Humongous Reclaim: 0.0 ms]
      [Free CSet: 0.3 ms]
   [Eden: 285.0M(285.0M)->0.0B(283.0M) Survivors: 42.0M->41.0M Heap: 1045.8M(2048.0M)->1047.8M(2048.0M)]
 [Times: user=1.30 sys=0.02, real=0.18 secs] 
2020-09-29T12:04:24.644+0200: 153.331: [GC pause (G1 Humongous Allocation) (young) (initial-mark), 0.0650239 secs]
   [Parallel Time: 64.1 ms, GC Workers: 8]
      [GC Worker Start (ms): Min: 153331.7, Avg: 153331.7, Max: 153331.8, Diff: 0.1]
      [Ext Root Scanning (ms): Min: 0.0, Avg: 0.1, Max: 0.1, Diff: 0.1, Sum: 0.8]
      [Update RS (ms): Min: 34.3, Avg: 34.8, Max: 35.5, Diff: 1.2, Sum: 278.1]
         [Processed Buffers: Min: 33, Avg: 35.1, Max: 39, Diff: 6, Sum: 281]
      [Scan RS (ms): Min: 2.2, Avg: 2.9, Max: 3.4, Diff: 1.2, Sum: 23.2]
      [Code Root Scanning (ms): Min: 0.0, Avg: 0.0, Max: 0.0, Diff: 0.0, Sum: 0.0]
      [Object Copy (ms): Min: 25.8, Avg: 25.9, Max: 26.0, Diff: 0.2, Sum: 206.9]
      [Termination (ms): Min: 0.0, Avg: 0.2, Max: 0.3, Diff: 0.3, Sum: 1.5]
         [Termination Attempts: Min: 1, Avg: 156.8, Max: 257, Diff: 256, Sum: 1254]
      [GC Worker Other (ms): Min: 0.0, Avg: 0.0, Max: 0.0, Diff: 0.0, Sum: 0.2]
      [GC Worker Total (ms): Min: 63.7, Avg: 63.8, Max: 63.9, Diff: 0.2, Sum: 510.8]
      [GC Worker End (ms): Min: 153395.5, Avg: 153395.6, Max: 153395.6, Diff: 0.1]
   [Code Root Fixup: 0.0 ms]
   [Code Root Purge: 0.0 ms]
   [Clear CT: 0.2 ms]
   [Other: 0.8 ms]
      [Choose CSet: 0.0 ms]
      [Ref Proc: 0.2 ms]
      [Ref Enq: 0.0 ms]
      [Redirty Cards: 0.2 ms]
      [Humongous Register: 0.1 ms]
      [Humongous Reclaim: 0.0 ms]
      [Free CSet: 0.1 ms]
   [Eden: 8192.0K(283.0M)->0.0B(298.0M) Survivors: 41.0M->9216.0K Heap: 1055.8M(2048.0M)->1059.3M(2048.0M)]
 [Times: user=0.58 sys=0.00, real=0.07 secs] 
2020-09-29T12:04:24.709+0200: 153.397: [GC concurrent-root-region-scan-start]
2020-09-29T12:04:24.712+0200: 153.400: [GC concurrent-root-region-scan-end, 0.0029267 secs]
2020-09-29T12:04:24.712+0200: 153.400: [GC concurrent-mark-start]
2020-09-29T12:04:24.716+0200: 153.404: [GC concurrent-mark-end, 0.0038355 secs]
2020-09-29T12:04:24.716+0200: 153.404: [GC remark 2020-09-29T12:04:24.716+0200: 153.404: [Finalize Marking, 0.0002771 secs] 2020-09-29T12:04:24.717+0200: 153.404: [GC ref-proc, 0.0004553 secs] 2020-09-29T12:04:24.717+0200: 153.405: [Unloading, 0.0006671 secs], 0.0019131 secs]
 [Times: user=0.00 sys=0.00, real=0.00 secs] 
2020-09-29T12:04:24.719+0200: 153.406: [GC cleanup 1072M->30M(2048M), 0.0016529 secs]
 [Times: user=0.00 sys=0.00, real=0.00 secs] 
2020-09-29T12:04:24.720+0200: 153.408: [GC concurrent-cleanup-start]
2020-09-29T12:04:24.723+0200: 153.410: [GC concurrent-cleanup-end, 0.0024333 secs]
2020-09-29T12:04:24.921+0200: 153.608: [GC pause (G1 Evacuation Pause) (young), 0.3311221 secs]
   [Parallel Time: 329.2 ms, GC Workers: 8]
      [GC Worker Start (ms): Min: 153608.2, Avg: 153608.3, Max: 153608.5, Diff: 0.2]
      [Ext Root Scanning (ms): Min: 0.0, Avg: 0.1, Max: 0.2, Diff: 0.2, Sum: 1.0]
      [Update RS (ms): Min: 29.6, Avg: 29.7, Max: 30.1, Diff: 0.6, Sum: 237.7]
         [Processed Buffers: Min: 17, Avg: 19.0, Max: 21, Diff: 4, Sum: 152]
      [Scan RS (ms): Min: 27.1, Avg: 27.6, Max: 27.8, Diff: 0.7, Sum: 220.6]
      [Code Root Scanning (ms): Min: 0.0, Avg: 0.0, Max: 0.0, Diff: 0.0, Sum: 0.0]
      [Object Copy (ms): Min: 271.3, Avg: 271.4, Max: 271.4, Diff: 0.2, Sum: 2171.0]
      [Termination (ms): Min: 0.0, Avg: 0.0, Max: 0.1, Diff: 0.1, Sum: 0.3]
         [Termination Attempts: Min: 1, Avg: 153.0, Max: 204, Diff: 203, Sum: 1224]
      [GC Worker Other (ms): Min: 0.0, Avg: 0.1, Max: 0.1, Diff: 0.1, Sum: 0.4]
      [GC Worker Total (ms): Min: 328.8, Avg: 328.9, Max: 329.1, Diff: 0.3, Sum: 2631.2]
      [GC Worker End (ms): Min: 153937.2, Avg: 153937.2, Max: 153937.3, Diff: 0.1]
   [Code Root Fixup: 0.0 ms]
   [Code Root Purge: 0.0 ms]
   [Clear CT: 0.3 ms]
   [Other: 1.6 ms]
      [Choose CSet: 0.0 ms]
      [Ref Proc: 0.4 ms]
      [Ref Enq: 0.0 ms]
      [Redirty Cards: 0.5 ms]
      [Humongous Register: 0.1 ms]
      [Humongous Reclaim: 0.0 ms]
      [Free CSet: 0.4 ms]
   [Eden: 298.0M(298.0M)->0.0B(150.0M) Survivors: 9216.0K->39.0M Heap: 366.5M(2048.0M)->359.5M(2048.0M)]
 [Times: user=2.22 sys=0.02, real=0.33 secs] 
2020-09-29T12:04:25.426+0200: 154.114: [GC pause (G1 Evacuation Pause) (young), 0.2130771 secs]
   [Parallel Time: 211.5 ms, GC Workers: 8]
      [GC Worker Start (ms): Min: 154113.8, Avg: 154113.9, Max: 154114.3, Diff: 0.5]
      [Ext Root Scanning (ms): Min: 0.0, Avg: 0.1, Max: 0.2, Diff: 0.2, Sum: 1.0]
      [Update RS (ms): Min: 28.4, Avg: 28.6, Max: 29.5, Diff: 1.1, Sum: 229.1]
         [Processed Buffers: Min: 16, Avg: 18.0, Max: 21, Diff: 5, Sum: 144]
      [Scan RS (ms): Min: 11.7, Avg: 12.7, Max: 13.1, Diff: 1.4, Sum: 101.7]
      [Code Root Scanning (ms): Min: 0.0, Avg: 0.0, Max: 0.0, Diff: 0.0, Sum: 0.0]
      [Object Copy (ms): Min: 169.3, Avg: 169.4, Max: 169.6, Diff: 0.3, Sum: 1355.5]
      [Termination (ms): Min: 0.0, Avg: 0.2, Max: 0.3, Diff: 0.3, Sum: 1.6]
         [Termination Attempts: Min: 1, Avg: 652.9, Max: 830, Diff: 829, Sum: 5223]
      [GC Worker Other (ms): Min: 0.0, Avg: 0.0, Max: 0.1, Diff: 0.0, Sum: 0.3]
      [GC Worker Total (ms): Min: 210.8, Avg: 211.2, Max: 211.3, Diff: 0.5, Sum: 1689.3]
      [GC Worker End (ms): Min: 154325.0, Avg: 154325.1, Max: 154325.1, Diff: 0.1]
   [Code Root Fixup: 0.0 ms]
   [Code Root Purge: 0.0 ms]
   [Clear CT: 0.4 ms]
   [Other: 1.2 ms]
      [Choose CSet: 0.0 ms]
      [Ref Proc: 0.2 ms]
      [Ref Enq: 0.0 ms]
      [Redirty Cards: 0.3 ms]
      [Humongous Register: 0.1 ms]
      [Humongous Reclaim: 0.0 ms]
      [Free CSet: 0.3 ms]
   [Eden: 150.0M(150.0M)->0.0B(136.0M) Survivors: 39.0M->24.0M Heap: 534.3M(2048.0M)->536.8M(2048.0M)]
 [Times: user=1.63 sys=0.02, real=0.21 secs] 
2020-09-29T12:04:25.794+0200: 154.482: [GC pause (G1 Evacuation Pause) (young), 0.1913421 secs]
   [Parallel Time: 189.7 ms, GC Workers: 8]
      [GC Worker Start (ms): Min: 154482.0, Avg: 154482.1, Max: 154482.2, Diff: 0.2]
      [Ext Root Scanning (ms): Min: 0.0, Avg: 0.1, Max: 0.2, Diff: 0.2, Sum: 0.9]
      [Update RS (ms): Min: 18.7, Avg: 18.9, Max: 19.3, Diff: 0.5, Sum: 151.1]
         [Processed Buffers: Min: 11, Avg: 13.0, Max: 14, Diff: 3, Sum: 104]
      [Scan RS (ms): Min: 12.0, Avg: 12.6, Max: 13.1, Diff: 1.1, Sum: 100.8]
      [Code Root Scanning (ms): Min: 0.0, Avg: 0.0, Max: 0.0, Diff: 0.0, Sum: 0.0]
      [Object Copy (ms): Min: 157.1, Avg: 157.6, Max: 157.9, Diff: 0.7, Sum: 1260.9]
      [Termination (ms): Min: 0.1, Avg: 0.2, Max: 0.2, Diff: 0.1, Sum: 1.3]
         [Termination Attempts: Min: 1, Avg: 339.3, Max: 433, Diff: 432, Sum: 2714]
      [GC Worker Other (ms): Min: 0.0, Avg: 0.0, Max: 0.0, Diff: 0.0, Sum: 0.1]
      [GC Worker Total (ms): Min: 189.3, Avg: 189.4, Max: 189.5, Diff: 0.2, Sum: 1515.1]
      [GC Worker End (ms): Min: 154671.5, Avg: 154671.5, Max: 154671.6, Diff: 0.1]
   [Code Root Fixup: 0.0 ms]
   [Code Root Purge: 0.0 ms]
   [Clear CT: 0.3 ms]
   [Other: 1.3 ms]
      [Choose CSet: 0.0 ms]
      [Ref Proc: 0.4 ms]
      [Ref Enq: 0.0 ms]
      [Redirty Cards: 0.4 ms]
      [Humongous Register: 0.1 ms]
      [Humongous Reclaim: 0.0 ms]
      [Free CSet: 0.2 ms]
   [Eden: 136.0M(136.0M)->0.0B(127.0M) Survivors: 24.0M->20.0M Heap: 695.7M(2048.0M)->697.2M(2048.0M)]
 [Times: user=1.33 sys=0.02, real=0.19 secs] 
2020-09-29T12:04:26.109+0200: 154.797: [GC pause (G1 Evacuation Pause) (young), 0.1793372 secs]
   [Parallel Time: 177.6 ms, GC Workers: 8]
      [GC Worker Start (ms): Min: 154796.7, Avg: 154796.9, Max: 154797.0, Diff: 0.3]
      [Ext Root Scanning (ms): Min: 0.0, Avg: 0.1, Max: 0.3, Diff: 0.2, Sum: 0.9]
      [Update RS (ms): Min: 24.2, Avg: 24.3, Max: 25.1, Diff: 0.9, Sum: 194.8]
         [Processed Buffers: Min: 16, Avg: 16.5, Max: 18, Diff: 2, Sum: 132]
      [Scan RS (ms): Min: 7.5, Avg: 8.3, Max: 8.4, Diff: 1.0, Sum: 66.2]
      [Code Root Scanning (ms): Min: 0.0, Avg: 0.0, Max: 0.0, Diff: 0.0, Sum: 0.0]
      [Object Copy (ms): Min: 144.3, Avg: 144.4, Max: 144.5, Diff: 0.2, Sum: 1155.4]
      [Termination (ms): Min: 0.0, Avg: 0.1, Max: 0.1, Diff: 0.1, Sum: 0.4]
         [Termination Attempts: Min: 1, Avg: 187.8, Max: 253, Diff: 252, Sum: 1502]
      [GC Worker Other (ms): Min: 0.0, Avg: 0.0, Max: 0.1, Diff: 0.1, Sum: 0.3]
      [GC Worker Total (ms): Min: 177.1, Avg: 177.3, Max: 177.4, Diff: 0.2, Sum: 1418.0]
      [GC Worker End (ms): Min: 154974.1, Avg: 154974.1, Max: 154974.2, Diff: 0.0]
   [Code Root Fixup: 0.0 ms]
   [Code Root Purge: 0.0 ms]
   [Clear CT: 0.7 ms]
   [Other: 1.0 ms]
      [Choose CSet: 0.0 ms]
      [Ref Proc: 0.3 ms]
      [Ref Enq: 0.0 ms]
      [Redirty Cards: 0.3 ms]
      [Humongous Register: 0.1 ms]
      [Humongous Reclaim: 0.0 ms]
      [Free CSet: 0.1 ms]
   [Eden: 127.0M(127.0M)->0.0B(124.0M) Survivors: 20.0M->19.0M Heap: 845.2M(2048.0M)->847.2M(2048.0M)]
 [Times: user=1.31 sys=0.00, real=0.18 secs] 
2020-09-29T12:04:26.402+0200: 155.089: [GC pause (G1 Evacuation Pause) (young), 0.1525538 secs]
   [Parallel Time: 150.9 ms, GC Workers: 8]
      [GC Worker Start (ms): Min: 155089.6, Avg: 155089.7, Max: 155089.8, Diff: 0.2]
      [Ext Root Scanning (ms): Min: 0.0, Avg: 0.1, Max: 0.2, Diff: 0.2, Sum: 0.8]
      [Update RS (ms): Min: 20.0, Avg: 20.6, Max: 21.2, Diff: 1.2, Sum: 164.5]
         [Processed Buffers: Min: 10, Avg: 12.3, Max: 14, Diff: 4, Sum: 98]
      [Scan RS (ms): Min: 7.9, Avg: 8.5, Max: 9.1, Diff: 1.2, Sum: 68.2]
      [Code Root Scanning (ms): Min: 0.0, Avg: 0.0, Max: 0.0, Diff: 0.0, Sum: 0.0]
      [Object Copy (ms): Min: 121.0, Avg: 121.1, Max: 121.2, Diff: 0.2, Sum: 968.7]
      [Termination (ms): Min: 0.0, Avg: 0.2, Max: 0.2, Diff: 0.2, Sum: 1.2]
         [Termination Attempts: Min: 1, Avg: 525.9, Max: 725, Diff: 724, Sum: 4207]
      [GC Worker Other (ms): Min: 0.0, Avg: 0.0, Max: 0.1, Diff: 0.1, Sum: 0.3]
      [GC Worker Total (ms): Min: 150.4, Avg: 150.5, Max: 150.6, Diff: 0.2, Sum: 1203.8]
      [GC Worker End (ms): Min: 155240.2, Avg: 155240.2, Max: 155240.2, Diff: 0.0]
   [Code Root Fixup: 0.0 ms]
   [Code Root Purge: 0.0 ms]
   [Clear CT: 0.3 ms]
   [Other: 1.4 ms]
      [Choose CSet: 0.0 ms]
      [Ref Proc: 0.5 ms]
      [Ref Enq: 0.0 ms]
      [Redirty Cards: 0.5 ms]
      [Humongous Register: 0.1 ms]
      [Humongous Reclaim: 0.0 ms]
      [Free CSet: 0.1 ms]
   [Eden: 124.0M(124.0M)->0.0B(133.0M) Survivors: 19.0M->18.0M Heap: 990.2M(2048.0M)->992.7M(2048.0M)]
 [Times: user=1.22 sys=0.00, real=0.15 secs] 
2020-09-29T12:04:26.555+0200: 155.243: [GC pause (G1 Humongous Allocation) (young) (initial-mark), 0.0634532 secs]
   [Parallel Time: 62.2 ms, GC Workers: 8]
      [GC Worker Start (ms): Min: 155243.2, Avg: 155243.3, Max: 155243.5, Diff: 0.2]
      [Ext Root Scanning (ms): Min: 0.0, Avg: 0.4, Max: 1.2, Diff: 1.2, Sum: 2.9]
      [Update RS (ms): Min: 37.1, Avg: 37.9, Max: 38.6, Diff: 1.5, Sum: 303.3]
         [Processed Buffers: Min: 23, Avg: 24.5, Max: 26, Diff: 3, Sum: 196]
      [Scan RS (ms): Min: 0.0, Avg: 0.0, Max: 0.0, Diff: 0.0, Sum: 0.0]
      [Code Root Scanning (ms): Min: 0.0, Avg: 0.0, Max: 0.0, Diff: 0.0, Sum: 0.0]
      [Object Copy (ms): Min: 23.0, Avg: 23.5, Max: 23.7, Diff: 0.8, Sum: 187.9]
      [Termination (ms): Min: 0.0, Avg: 0.1, Max: 0.2, Diff: 0.2, Sum: 0.9]
         [Termination Attempts: Min: 1, Avg: 212.8, Max: 317, Diff: 316, Sum: 1702]
      [GC Worker Other (ms): Min: 0.0, Avg: 0.0, Max: 0.0, Diff: 0.0, Sum: 0.1]
      [GC Worker Total (ms): Min: 61.7, Avg: 61.9, Max: 62.0, Diff: 0.3, Sum: 495.1]
      [GC Worker End (ms): Min: 155305.2, Avg: 155305.2, Max: 155305.2, Diff: 0.0]
   [Code Root Fixup: 0.0 ms]
   [Code Root Purge: 0.0 ms]
   [Clear CT: 0.3 ms]
   [Other: 1.0 ms]
      [Choose CSet: 0.0 ms]
      [Ref Proc: 0.2 ms]
      [Ref Enq: 0.0 ms]
      [Redirty Cards: 0.3 ms]
      [Humongous Register: 0.0 ms]
      [Humongous Reclaim: 0.0 ms]
      [Free CSet: 0.1 ms]
   [Eden: 1024.0K(133.0M)->0.0B(149.0M) Survivors: 18.0M->2048.0K Heap: 993.2M(2048.0M)->996.7M(2048.0M)]
 [Times: user=0.45 sys=0.00, real=0.06 secs] 
2020-09-29T12:04:26.619+0200: 155.307: [GC concurrent-root-region-scan-start]
2020-09-29T12:04:26.620+0200: 155.307: [GC concurrent-root-region-scan-end, 0.0007964 secs]
2020-09-29T12:04:26.620+0200: 155.308: [GC concurrent-mark-start]
2020-09-29T12:04:26.624+0200: 155.312: [GC concurrent-mark-end, 0.0042491 secs]
2020-09-29T12:04:26.624+0200: 155.312: [GC remark 2020-09-29T12:04:26.625+0200: 155.312: [Finalize Marking, 0.0003634 secs] 2020-09-29T12:04:26.625+0200: 155.313: [GC ref-proc, 0.0006291 secs] 2020-09-29T12:04:26.626+0200: 155.313: [Unloading, 0.0008265 secs], 0.0023403 secs]
 [Times: user=0.00 sys=0.00, real=0.00 secs] 
2020-09-29T12:04:26.627+0200: 155.315: [GC cleanup 1004M->17M(2048M), 0.0022607 secs]
 [Times: user=0.09 sys=0.02, real=0.00 secs] 
2020-09-29T12:04:26.630+0200: 155.317: [GC concurrent-cleanup-start]
2020-09-29T12:04:26.632+0200: 155.320: [GC concurrent-cleanup-end, 0.0022223 secs]
2020-09-29T12:04:26.758+0200: 155.446: [GC pause (G1 Evacuation Pause) (young), 0.1535642 secs]
   [Parallel Time: 149.9 ms, GC Workers: 8]
      [GC Worker Start (ms): Min: 155446.2, Avg: 155446.4, Max: 155446.5, Diff: 0.2]
      [Ext Root Scanning (ms): Min: 0.0, Avg: 0.1, Max: 0.2, Diff: 0.2, Sum: 0.8]
      [Update RS (ms): Min: 17.3, Avg: 17.6, Max: 18.7, Diff: 1.3, Sum: 140.9]
         [Processed Buffers: Min: 10, Avg: 12.3, Max: 16, Diff: 6, Sum: 98]
      [Scan RS (ms): Min: 9.6, Avg: 10.6, Max: 10.8, Diff: 1.3, Sum: 84.9]
      [Code Root Scanning (ms): Min: 0.0, Avg: 0.0, Max: 0.0, Diff: 0.0, Sum: 0.0]
      [Object Copy (ms): Min: 120.9, Avg: 121.0, Max: 121.2, Diff: 0.2, Sum: 968.1]
      [Termination (ms): Min: 0.0, Avg: 0.2, Max: 0.2, Diff: 0.2, Sum: 1.2]
         [Termination Attempts: Min: 1, Avg: 542.3, Max: 774, Diff: 773, Sum: 4338]
      [GC Worker Other (ms): Min: 0.0, Avg: 0.0, Max: 0.1, Diff: 0.0, Sum: 0.2]
      [GC Worker Total (ms): Min: 149.4, Avg: 149.5, Max: 149.7, Diff: 0.2, Sum: 1196.3]
      [GC Worker End (ms): Min: 155595.9, Avg: 155595.9, Max: 155595.9, Diff: 0.0]
   [Code Root Fixup: 0.0 ms]
   [Code Root Purge: 0.0 ms]
   [Clear CT: 0.3 ms]
   [Other: 3.3 ms]
      [Choose CSet: 0.0 ms]
      [Ref Proc: 0.3 ms]
      [Ref Enq: 0.0 ms]
      [Redirty Cards: 2.3 ms]
      [Humongous Register: 0.1 ms]
      [Humongous Reclaim: 0.0 ms]
      [Free CSet: 0.2 ms]
   [Eden: 149.0M(149.0M)->0.0B(137.0M) Survivors: 2048.0K->19.0M Heap: 185.2M(2048.0M)->185.2M(2048.0M)]
 [Times: user=1.13 sys=0.00, real=0.15 secs] 
2020-09-29T12:04:27.038+0200: 155.726: [GC pause (G1 Evacuation Pause) (young), 0.1767454 secs]
   [Parallel Time: 175.3 ms, GC Workers: 8]
      [GC Worker Start (ms): Min: 155726.0, Avg: 155726.3, Max: 155726.9, Diff: 1.0]
      [Ext Root Scanning (ms): Min: 0.0, Avg: 0.1, Max: 0.3, Diff: 0.3, Sum: 0.8]
      [Update RS (ms): Min: 17.4, Avg: 18.1, Max: 19.1, Diff: 1.7, Sum: 145.1]
         [Processed Buffers: Min: 10, Avg: 11.1, Max: 12, Diff: 2, Sum: 89]
      [Scan RS (ms): Min: 10.8, Avg: 11.5, Max: 11.9, Diff: 1.1, Sum: 91.8]
      [Code Root Scanning (ms): Min: 0.0, Avg: 0.0, Max: 0.0, Diff: 0.0, Sum: 0.0]
      [Object Copy (ms): Min: 144.5, Avg: 144.6, Max: 145.0, Diff: 0.5, Sum: 1157.0]
      [Termination (ms): Min: 0.0, Avg: 0.3, Max: 0.4, Diff: 0.4, Sum: 2.5]
         [Termination Attempts: Min: 1, Avg: 1251.0, Max: 1505, Diff: 1504, Sum: 10008]
      [GC Worker Other (ms): Min: 0.0, Avg: 0.0, Max: 0.1, Diff: 0.0, Sum: 0.3]
      [GC Worker Total (ms): Min: 174.1, Avg: 174.7, Max: 175.0, Diff: 1.0, Sum: 1397.5]
      [GC Worker End (ms): Min: 155901.0, Avg: 155901.0, Max: 155901.0, Diff: 0.0]
   [Code Root Fixup: 0.0 ms]
   [Code Root Purge: 0.0 ms]
   [Clear CT: 0.3 ms]
   [Other: 1.1 ms]
      [Choose CSet: 0.0 ms]
      [Ref Proc: 0.3 ms]
      [Ref Enq: 0.0 ms]
      [Redirty Cards: 0.3 ms]
      [Humongous Register: 0.1 ms]
      [Humongous Reclaim: 0.0 ms]
      [Free CSet: 0.2 ms]
   [Eden: 137.0M(137.0M)->0.0B(134.0M) Survivors: 19.0M->20.0M Heap: 343.2M(2048.0M)->345.2M(2048.0M)]
 [Times: user=1.34 sys=0.00, real=0.18 secs] 
2020-09-29T12:04:27.339+0200: 156.027: [GC pause (G1 Evacuation Pause) (young), 0.1597154 secs]
   [Parallel Time: 158.2 ms, GC Workers: 8]
      [GC Worker Start (ms): Min: 156027.3, Avg: 156027.4, Max: 156027.5, Diff: 0.2]
      [Ext Root Scanning (ms): Min: 0.0, Avg: 0.1, Max: 0.2, Diff: 0.2, Sum: 0.9]
      [Update RS (ms): Min: 22.6, Avg: 22.9, Max: 23.2, Diff: 0.6, Sum: 183.0]
         [Processed Buffers: Min: 12, Avg: 14.1, Max: 16, Diff: 4, Sum: 113]
      [Scan RS (ms): Min: 9.4, Avg: 9.8, Max: 10.1, Diff: 0.6, Sum: 78.1]
      [Code Root Scanning (ms): Min: 0.0, Avg: 0.0, Max: 0.0, Diff: 0.0, Sum: 0.0]
      [Object Copy (ms): Min: 124.9, Avg: 125.1, Max: 125.1, Diff: 0.2, Sum: 1000.4]
      [Termination (ms): Min: 0.0, Avg: 0.0, Max: 0.1, Diff: 0.1, Sum: 0.4]
         [Termination Attempts: Min: 1, Avg: 157.4, Max: 208, Diff: 207, Sum: 1259]
      [GC Worker Other (ms): Min: 0.0, Avg: 0.0, Max: 0.1, Diff: 0.1, Sum: 0.3]
      [GC Worker Total (ms): Min: 157.7, Avg: 157.9, Max: 158.0, Diff: 0.3, Sum: 1263.2]
      [GC Worker End (ms): Min: 156185.2, Avg: 156185.3, Max: 156185.3, Diff: 0.1]
   [Code Root Fixup: 0.0 ms]
   [Code Root Purge: 0.0 ms]
   [Clear CT: 0.3 ms]
   [Other: 1.2 ms]
      [Choose CSet: 0.0 ms]
      [Ref Proc: 0.3 ms]
      [Ref Enq: 0.0 ms]
      [Redirty Cards: 0.3 ms]
      [Humongous Register: 0.1 ms]
      [Humongous Reclaim: 0.0 ms]
      [Free CSet: 0.2 ms]
   [Eden: 134.0M(134.0M)->0.0B(141.0M) Survivors: 20.0M->20.0M Heap: 502.1M(2048.0M)->504.1M(2048.0M)]
 [Times: user=1.20 sys=0.00, real=0.16 secs] 
2020-09-29T12:04:27.645+0200: 156.333: [GC pause (G1 Evacuation Pause) (young), 0.1606190 secs]
   [Parallel Time: 159.1 ms, GC Workers: 8]
      [GC Worker Start (ms): Min: 156333.8, Avg: 156333.8, Max: 156334.0, Diff: 0.2]
      [Ext Root Scanning (ms): Min: 0.0, Avg: 0.1, Max: 0.2, Diff: 0.2, Sum: 1.0]
      [Update RS (ms): Min: 19.1, Avg: 19.3, Max: 19.6, Diff: 0.5, Sum: 154.4]
         [Processed Buffers: Min: 10, Avg: 13.0, Max: 17, Diff: 7, Sum: 104]
      [Scan RS (ms): Min: 13.2, Avg: 13.6, Max: 13.8, Diff: 0.6, Sum: 108.6]
      [Code Root Scanning (ms): Min: 0.0, Avg: 0.0, Max: 0.0, Diff: 0.0, Sum: 0.0]
      [Object Copy (ms): Min: 125.6, Avg: 125.7, Max: 125.8, Diff: 0.2, Sum: 1005.8]
      [Termination (ms): Min: 0.0, Avg: 0.0, Max: 0.1, Diff: 0.1, Sum: 0.4]
         [Termination Attempts: Min: 1, Avg: 171.4, Max: 224, Diff: 223, Sum: 1371]
      [GC Worker Other (ms): Min: 0.0, Avg: 0.0, Max: 0.1, Diff: 0.1, Sum: 0.4]
      [GC Worker Total (ms): Min: 158.7, Avg: 158.8, Max: 158.9, Diff: 0.3, Sum: 1270.6]
      [GC Worker End (ms): Min: 156492.6, Avg: 156492.7, Max: 156492.7, Diff: 0.1]
   [Code Root Fixup: 0.0 ms]
   [Code Root Purge: 0.0 ms]
   [Clear CT: 0.3 ms]
   [Other: 1.2 ms]
      [Choose CSet: 0.0 ms]
      [Ref Proc: 0.3 ms]
      [Ref Enq: 0.0 ms]
      [Redirty Cards: 0.2 ms]
      [Humongous Register: 0.1 ms]
      [Humongous Reclaim: 0.0 ms]
      [Free CSet: 0.2 ms]
   [Eden: 141.0M(141.0M)->0.0B(147.0M) Survivors: 20.0M->21.0M Heap: 669.9M(2048.0M)->672.4M(2048.0M)]
 [Times: user=1.25 sys=0.00, real=0.16 secs] 
2020-09-29T12:04:27.951+0200: 156.639: [GC pause (G1 Evacuation Pause) (young), 0.2023597 secs]
   [Parallel Time: 199.4 ms, GC Workers: 8]
      [GC Worker Start (ms): Min: 156638.9, Avg: 156639.1, Max: 156639.3, Diff: 0.4]
      [Ext Root Scanning (ms): Min: 0.0, Avg: 0.1, Max: 0.3, Diff: 0.3, Sum: 0.7]
      [Update RS (ms): Min: 18.8, Avg: 19.2, Max: 19.8, Diff: 1.0, Sum: 153.7]
         [Processed Buffers: Min: 9, Avg: 11.5, Max: 14, Diff: 5, Sum: 92]
      [Scan RS (ms): Min: 13.1, Avg: 14.1, Max: 16.9, Diff: 3.8, Sum: 112.6]
      [Code Root Scanning (ms): Min: 0.0, Avg: 0.0, Max: 0.0, Diff: 0.0, Sum: 0.0]
      [Object Copy (ms): Min: 162.7, Avg: 165.1, Max: 165.8, Diff: 3.1, Sum: 1320.8]
      [Termination (ms): Min: 0.0, Avg: 0.4, Max: 0.6, Diff: 0.6, Sum: 3.4]
         [Termination Attempts: Min: 1, Avg: 1657.4, Max: 2081, Diff: 2080, Sum: 13259]
      [GC Worker Other (ms): Min: 0.0, Avg: 0.1, Max: 0.1, Diff: 0.1, Sum: 0.5]
      [GC Worker Total (ms): Min: 198.8, Avg: 199.0, Max: 199.2, Diff: 0.4, Sum: 1591.8]
      [GC Worker End (ms): Min: 156838.1, Avg: 156838.1, Max: 156838.1, Diff: 0.1]
   [Code Root Fixup: 0.0 ms]
   [Code Root Purge: 0.0 ms]
   [Clear CT: 1.7 ms]
   [Other: 1.3 ms]
      [Choose CSet: 0.0 ms]
      [Ref Proc: 0.2 ms]
      [Ref Enq: 0.0 ms]
      [Redirty Cards: 0.5 ms]
      [Humongous Register: 0.1 ms]
      [Humongous Reclaim: 0.0 ms]
      [Free CSet: 0.2 ms]
   [Eden: 147.0M(147.0M)->0.0B(139.0M) Survivors: 21.0M->21.0M Heap: 842.3M(2048.0M)->845.3M(2048.0M)]
 [Times: user=1.53 sys=0.00, real=0.20 secs] 
2020-09-29T12:04:28.285+0200: 156.973: [GC pause (G1 Evacuation Pause) (young), 0.1640971 secs]
   [Parallel Time: 162.4 ms, GC Workers: 8]
      [GC Worker Start (ms): Min: 156972.9, Avg: 156973.0, Max: 156973.2, Diff: 0.3]
      [Ext Root Scanning (ms): Min: 0.0, Avg: 0.1, Max: 0.2, Diff: 0.2, Sum: 0.9]
      [Update RS (ms): Min: 19.3, Avg: 19.5, Max: 19.9, Diff: 0.6, Sum: 156.2]
         [Processed Buffers: Min: 10, Avg: 13.3, Max: 17, Diff: 7, Sum: 106]
      [Scan RS (ms): Min: 11.8, Avg: 12.2, Max: 12.4, Diff: 0.7, Sum: 97.4]
      [Code Root Scanning (ms): Min: 0.0, Avg: 0.0, Max: 0.0, Diff: 0.0, Sum: 0.0]
      [Object Copy (ms): Min: 130.2, Avg: 130.3, Max: 130.3, Diff: 0.1, Sum: 1042.3]
      [Termination (ms): Min: 0.0, Avg: 0.1, Max: 0.1, Diff: 0.1, Sum: 0.6]
         [Termination Attempts: Min: 1, Avg: 54.1, Max: 93, Diff: 92, Sum: 433]
      [GC Worker Other (ms): Min: 0.0, Avg: 0.0, Max: 0.0, Diff: 0.0, Sum: 0.1]
      [GC Worker Total (ms): Min: 162.1, Avg: 162.2, Max: 162.3, Diff: 0.2, Sum: 1297.5]
      [GC Worker End (ms): Min: 157135.2, Avg: 157135.2, Max: 157135.2, Diff: 0.0]
   [Code Root Fixup: 0.0 ms]
   [Code Root Purge: 0.0 ms]
   [Clear CT: 0.3 ms]
   [Other: 1.4 ms]
      [Choose CSet: 0.0 ms]
      [Ref Proc: 0.4 ms]
      [Ref Enq: 0.0 ms]
      [Redirty Cards: 0.4 ms]
      [Humongous Register: 0.1 ms]
      [Humongous Reclaim: 0.0 ms]
      [Free CSet: 0.2 ms]
   [Eden: 139.0M(139.0M)->0.0B(146.0M) Survivors: 21.0M->20.0M Heap: 1009.1M(2048.0M)->1011.1M(2048.0M)]
 [Times: user=1.33 sys=0.00, real=0.16 secs] 
2020-09-29T12:04:28.460+0200: 157.148: [GC pause (G1 Humongous Allocation) (young) (initial-mark), 0.0762628 secs]
   [Parallel Time: 74.7 ms, GC Workers: 8]
      [GC Worker Start (ms): Min: 157148.1, Avg: 157148.2, Max: 157148.4, Diff: 0.3]
      [Ext Root Scanning (ms): Min: 0.0, Avg: 0.2, Max: 0.3, Diff: 0.3, Sum: 1.9]
      [Update RS (ms): Min: 41.6, Avg: 44.6, Max: 64.8, Diff: 23.2, Sum: 357.2]
         [Processed Buffers: Min: 11, Avg: 23.1, Max: 27, Diff: 16, Sum: 185]
      [Scan RS (ms): Min: 0.0, Avg: 2.4, Max: 2.9, Diff: 2.9, Sum: 18.9]
      [Code Root Scanning (ms): Min: 0.0, Avg: 0.0, Max: 0.0, Diff: 0.0, Sum: 0.0]
      [Object Copy (ms): Min: 9.4, Avg: 27.2, Max: 29.9, Diff: 20.4, Sum: 217.6]
      [Termination (ms): Min: 0.0, Avg: 0.1, Max: 0.1, Diff: 0.1, Sum: 0.5]
         [Termination Attempts: Min: 1, Avg: 29.0, Max: 43, Diff: 42, Sum: 232]
      [GC Worker Other (ms): Min: 0.0, Avg: 0.0, Max: 0.0, Diff: 0.0, Sum: 0.1]
      [GC Worker Total (ms): Min: 74.4, Avg: 74.5, Max: 74.6, Diff: 0.3, Sum: 596.2]
      [GC Worker End (ms): Min: 157222.8, Avg: 157222.8, Max: 157222.8, Diff: 0.0]
   [Code Root Fixup: 0.0 ms]
   [Code Root Purge: 0.0 ms]
   [Clear CT: 0.5 ms]
   [Other: 1.1 ms]
      [Choose CSet: 0.0 ms]
      [Ref Proc: 0.2 ms]
      [Ref Enq: 0.0 ms]
      [Redirty Cards: 0.4 ms]
      [Humongous Register: 0.1 ms]
      [Humongous Reclaim: 0.0 ms]
      [Free CSet: 0.1 ms]
   [Eden: 12.0M(146.0M)->0.0B(152.0M) Survivors: 20.0M->13.0M Heap: 1022.6M(2048.0M)->1025.1M(2048.0M)]
 [Times: user=0.44 sys=0.01, real=0.08 secs] 
2020-09-29T12:04:28.537+0200: 157.224: [GC concurrent-root-region-scan-start]
2020-09-29T12:04:28.543+0200: 157.231: [GC concurrent-root-region-scan-end, 0.0062417 secs]
2020-09-29T12:04:28.543+0200: 157.231: [GC concurrent-mark-start]
2020-09-29T12:04:28.547+0200: 157.235: [GC concurrent-mark-end, 0.0044782 secs]
2020-09-29T12:04:28.548+0200: 157.235: [GC remark 2020-09-29T12:04:28.548+0200: 157.235: [Finalize Marking, 0.0003864 secs] 2020-09-29T12:04:28.548+0200: 157.236: [GC ref-proc, 0.0005826 secs] 2020-09-29T12:04:28.549+0200: 157.236: [Unloading, 0.0007922 secs], 0.0022632 secs]
 [Times: user=0.00 sys=0.00, real=0.00 secs] 
2020-09-29T12:04:28.550+0200: 157.238: [GC cleanup 1038M->34M(2048M), 0.0018465 secs]
 [Times: user=0.00 sys=0.02, real=0.00 secs] 
2020-09-29T12:04:28.552+0200: 157.240: [GC concurrent-cleanup-start]
2020-09-29T12:04:28.555+0200: 157.243: [GC concurrent-cleanup-end, 0.0024108 secs]
2020-09-29T12:04:28.682+0200: 157.370: [GC pause (G1 Evacuation Pause) (young), 0.1668497 secs]
   [Parallel Time: 165.0 ms, GC Workers: 8]
      [GC Worker Start (ms): Min: 157370.0, Avg: 157370.1, Max: 157370.2, Diff: 0.2]
      [Ext Root Scanning (ms): Min: 0.0, Avg: 0.1, Max: 0.3, Diff: 0.2, Sum: 0.9]
      [Update RS (ms): Min: 17.9, Avg: 18.1, Max: 18.6, Diff: 0.7, Sum: 144.9]
         [Processed Buffers: Min: 10, Avg: 12.4, Max: 16, Diff: 6, Sum: 99]
      [Scan RS (ms): Min: 10.6, Avg: 11.0, Max: 11.2, Diff: 0.6, Sum: 88.3]
      [Code Root Scanning (ms): Min: 0.0, Avg: 0.0, Max: 0.0, Diff: 0.0, Sum: 0.0]
      [Object Copy (ms): Min: 134.9, Avg: 135.0, Max: 135.4, Diff: 0.5, Sum: 1080.4]
      [Termination (ms): Min: 0.0, Avg: 0.3, Max: 0.4, Diff: 0.4, Sum: 2.5]
         [Termination Attempts: Min: 1, Avg: 1114.9, Max: 1413, Diff: 1412, Sum: 8919]
      [GC Worker Other (ms): Min: 0.0, Avg: 0.1, Max: 0.1, Diff: 0.1, Sum: 0.4]
      [GC Worker Total (ms): Min: 164.6, Avg: 164.7, Max: 164.8, Diff: 0.3, Sum: 1317.5]
      [GC Worker End (ms): Min: 157534.8, Avg: 157534.8, Max: 157534.9, Diff: 0.1]
   [Code Root Fixup: 0.0 ms]
   [Code Root Purge: 0.0 ms]
   [Clear CT: 0.3 ms]
   [Other: 1.5 ms]
      [Choose CSet: 0.0 ms]
      [Ref Proc: 0.5 ms]
      [Ref Enq: 0.0 ms]
      [Redirty Cards: 0.4 ms]
      [Humongous Register: 0.0 ms]
      [Humongous Reclaim: 0.0 ms]
      [Free CSet: 0.2 ms]
   [Eden: 152.0M(152.0M)->0.0B(148.0M) Survivors: 13.0M->21.0M Heap: 199.7M(2048.0M)->189.2M(2048.0M)]
 [Times: user=1.25 sys=0.00, real=0.17 secs] 
2020-09-29T12:04:28.990+0200: 157.678: [GC pause (G1 Evacuation Pause) (young), 0.1763920 secs]
   [Parallel Time: 173.9 ms, GC Workers: 8]
      [GC Worker Start (ms): Min: 157678.0, Avg: 157678.3, Max: 157679.4, Diff: 1.4]
      [Ext Root Scanning (ms): Min: 0.0, Avg: 0.1, Max: 0.3, Diff: 0.2, Sum: 0.8]
      [Update RS (ms): Min: 22.7, Avg: 23.7, Max: 24.0, Diff: 1.3, Sum: 189.9]
         [Processed Buffers: Min: 12, Avg: 14.9, Max: 17, Diff: 5, Sum: 119]
      [Scan RS (ms): Min: 13.0, Avg: 13.1, Max: 13.3, Diff: 0.3, Sum: 104.9]
      [Code Root Scanning (ms): Min: 0.0, Avg: 0.0, Max: 0.0, Diff: 0.0, Sum: 0.0]
      [Object Copy (ms): Min: 136.2, Avg: 136.4, Max: 136.5, Diff: 0.2, Sum: 1090.9]
      [Termination (ms): Min: 0.0, Avg: 0.0, Max: 0.0, Diff: 0.0, Sum: 0.1]
         [Termination Attempts: Min: 1, Avg: 37.0, Max: 48, Diff: 47, Sum: 296]
      [GC Worker Other (ms): Min: 0.0, Avg: 0.0, Max: 0.1, Diff: 0.0, Sum: 0.3]
      [GC Worker Total (ms): Min: 172.2, Avg: 173.4, Max: 173.7, Diff: 1.4, Sum: 1386.9]
      [GC Worker End (ms): Min: 157851.6, Avg: 157851.6, Max: 157851.7, Diff: 0.0]
   [Code Root Fixup: 0.0 ms]
   [Code Root Purge: 0.0 ms]
   [Clear CT: 1.0 ms]
   [Other: 1.4 ms]
      [Choose CSet: 0.0 ms]
      [Ref Proc: 0.3 ms]
      [Ref Enq: 0.0 ms]
      [Redirty Cards: 0.5 ms]
      [Humongous Register: 0.0 ms]
      [Humongous Reclaim: 0.0 ms]
      [Free CSet: 0.3 ms]
   [Eden: 148.0M(148.0M)->0.0B(148.0M) Survivors: 21.0M->22.0M Heap: 362.0M(2048.0M)->363.5M(2048.0M)]
 [Times: user=1.34 sys=0.00, real=0.18 secs] 
2020-09-29T12:04:29.330+0200: 158.017: [GC pause (G1 Evacuation Pause) (young), 0.1799668 secs]
   [Parallel Time: 178.4 ms, GC Workers: 8]
      [GC Worker Start (ms): Min: 158017.5, Avg: 158017.5, Max: 158017.6, Diff: 0.1]
      [Ext Root Scanning (ms): Min: 0.1, Avg: 0.1, Max: 0.2, Diff: 0.1, Sum: 1.1]
      [Update RS (ms): Min: 20.4, Avg: 20.6, Max: 21.4, Diff: 1.0, Sum: 165.0]
         [Processed Buffers: Min: 12, Avg: 14.0, Max: 17, Diff: 5, Sum: 112]
      [Scan RS (ms): Min: 12.7, Avg: 13.5, Max: 13.8, Diff: 1.1, Sum: 107.9]
      [Code Root Scanning (ms): Min: 0.0, Avg: 0.0, Max: 0.0, Diff: 0.0, Sum: 0.0]
      [Object Copy (ms): Min: 143.6, Avg: 143.8, Max: 143.9, Diff: 0.3, Sum: 1150.4]
      [Termination (ms): Min: 0.0, Avg: 0.0, Max: 0.0, Diff: 0.0, Sum: 0.2]
         [Termination Attempts: Min: 1, Avg: 90.0, Max: 133, Diff: 132, Sum: 720]
      [GC Worker Other (ms): Min: 0.0, Avg: 0.0, Max: 0.1, Diff: 0.1, Sum: 0.3]
      [GC Worker Total (ms): Min: 178.0, Avg: 178.1, Max: 178.2, Diff: 0.1, Sum: 1424.9]
      [GC Worker End (ms): Min: 158195.6, Avg: 158195.6, Max: 158195.7, Diff: 0.1]
   [Code Root Fixup: 0.0 ms]
   [Code Root Purge: 0.0 ms]
   [Clear CT: 0.3 ms]
   [Other: 1.2 ms]
      [Choose CSet: 0.0 ms]
      [Ref Proc: 0.3 ms]
      [Ref Enq: 0.0 ms]
      [Redirty Cards: 0.3 ms]
      [Humongous Register: 0.1 ms]
      [Humongous Reclaim: 0.0 ms]
      [Free CSet: 0.2 ms]
   [Eden: 148.0M(148.0M)->0.0B(147.0M) Survivors: 22.0M->22.0M Heap: 536.3M(2048.0M)->537.8M(2048.0M)]
 [Times: user=1.42 sys=0.00, real=0.18 secs] 
2020-09-29T12:04:29.671+0200: 158.359: [GC pause (G1 Evacuation Pause) (young), 0.1823554 secs]
   [Parallel Time: 180.9 ms, GC Workers: 8]
      [GC Worker Start (ms): Min: 158359.2, Avg: 158359.3, Max: 158359.4, Diff: 0.3]
      [Ext Root Scanning (ms): Min: 0.0, Avg: 0.1, Max: 0.2, Diff: 0.2, Sum: 0.8]
      [Update RS (ms): Min: 16.7, Avg: 17.3, Max: 18.2, Diff: 1.5, Sum: 138.0]
         [Processed Buffers: Min: 9, Avg: 10.1, Max: 13, Diff: 4, Sum: 81]
      [Scan RS (ms): Min: 13.3, Avg: 14.3, Max: 14.9, Diff: 1.5, Sum: 114.7]
      [Code Root Scanning (ms): Min: 0.0, Avg: 0.0, Max: 0.0, Diff: 0.0, Sum: 0.0]
      [Object Copy (ms): Min: 148.3, Avg: 148.4, Max: 148.7, Diff: 0.4, Sum: 1187.5]
      [Termination (ms): Min: 0.0, Avg: 0.2, Max: 0.3, Diff: 0.3, Sum: 1.9]
         [Termination Attempts: Min: 1, Avg: 875.0, Max: 1079, Diff: 1078, Sum: 7000]
      [GC Worker Other (ms): Min: 0.0, Avg: 0.1, Max: 0.1, Diff: 0.1, Sum: 0.5]
      [GC Worker Total (ms): Min: 180.3, Avg: 180.4, Max: 180.6, Diff: 0.3, Sum: 1443.6]
      [GC Worker End (ms): Min: 158539.7, Avg: 158539.8, Max: 158539.8, Diff: 0.1]
   [Code Root Fixup: 0.0 ms]
   [Code Root Purge: 0.0 ms]
   [Clear CT: 0.4 ms]
   [Other: 1.1 ms]
      [Choose CSet: 0.0 ms]
      [Ref Proc: 0.2 ms]
      [Ref Enq: 0.0 ms]
      [Redirty Cards: 0.3 ms]
      [Humongous Register: 0.1 ms]
      [Humongous Reclaim: 0.0 ms]
      [Free CSet: 0.3 ms]
   [Eden: 147.0M(147.0M)->0.0B(146.0M) Survivors: 22.0M->22.0M Heap: 707.7M(2048.0M)->710.2M(2048.0M)]
 [Times: user=1.39 sys=0.00, real=0.18 secs] 
2020-09-29T12:04:30.121+0200: 158.809: [GC pause (G1 Evacuation Pause) (young), 0.2795193 secs]
   [Parallel Time: 276.8 ms, GC Workers: 8]
      [GC Worker Start (ms): Min: 158809.2, Avg: 158809.7, Max: 158811.7, Diff: 2.4]
      [Ext Root Scanning (ms): Min: 0.0, Avg: 0.2, Max: 0.4, Diff: 0.4, Sum: 1.5]
      [Update RS (ms): Min: 32.7, Avg: 35.7, Max: 36.9, Diff: 4.2, Sum: 285.5]
         [Processed Buffers: Min: 10, Avg: 13.0, Max: 15, Diff: 5, Sum: 104]
      [Scan RS (ms): Min: 18.2, Avg: 19.0, Max: 20.1, Diff: 1.9, Sum: 151.8]
      [Code Root Scanning (ms): Min: 0.0, Avg: 0.0, Max: 0.0, Diff: 0.0, Sum: 0.0]
      [Object Copy (ms): Min: 220.7, Avg: 220.8, Max: 221.0, Diff: 0.4, Sum: 1766.5]
      [Termination (ms): Min: 0.0, Avg: 0.2, Max: 0.3, Diff: 0.3, Sum: 1.9]
         [Termination Attempts: Min: 1, Avg: 470.9, Max: 580, Diff: 579, Sum: 3767]
      [GC Worker Other (ms): Min: 0.0, Avg: 0.0, Max: 0.1, Diff: 0.0, Sum: 0.4]
      [GC Worker Total (ms): Min: 274.0, Avg: 275.9, Max: 276.5, Diff: 2.5, Sum: 2207.5]
      [GC Worker End (ms): Min: 159085.7, Avg: 159085.7, Max: 159085.7, Diff: 0.0]
   [Code Root Fixup: 0.0 ms]
   [Code Root Purge: 0.0 ms]
   [Clear CT: 0.6 ms]
   [Other: 2.1 ms]
      [Choose CSet: 0.0 ms]
      [Ref Proc: 0.7 ms]
      [Ref Enq: 0.0 ms]
      [Redirty Cards: 0.5 ms]
      [Humongous Register: 0.1 ms]
      [Humongous Reclaim: 0.0 ms]
      [Free CSet: 0.4 ms]
   [Eden: 146.0M(146.0M)->0.0B(102.0M) Survivors: 22.0M->21.0M Heap: 881.0M(2048.0M)->883.5M(2048.0M)]
 [Times: user=2.23 sys=0.00, real=0.28 secs] 
2020-09-29T12:04:30.613+0200: 159.301: [GC pause (G1 Evacuation Pause) (young), 0.2535377 secs]
   [Parallel Time: 251.3 ms, GC Workers: 8]
      [GC Worker Start (ms): Min: 159301.3, Avg: 159301.6, Max: 159302.2, Diff: 0.9]
      [Ext Root Scanning (ms): Min: 0.0, Avg: 0.2, Max: 0.4, Diff: 0.4, Sum: 1.3]
      [Update RS (ms): Min: 29.3, Avg: 30.0, Max: 31.6, Diff: 2.3, Sum: 240.1]
         [Processed Buffers: Min: 9, Avg: 11.4, Max: 15, Diff: 6, Sum: 91]
      [Scan RS (ms): Min: 12.5, Avg: 13.9, Max: 14.6, Diff: 2.1, Sum: 111.6]
      [Code Root Scanning (ms): Min: 0.0, Avg: 0.0, Max: 0.0, Diff: 0.0, Sum: 0.0]
      [Object Copy (ms): Min: 205.1, Avg: 205.7, Max: 206.4, Diff: 1.4, Sum: 1645.5]
      [Termination (ms): Min: 0.0, Avg: 0.7, Max: 1.5, Diff: 1.5, Sum: 5.2]
         [Termination Attempts: Min: 1, Avg: 918.5, Max: 1213, Diff: 1212, Sum: 7348]
      [GC Worker Other (ms): Min: 0.0, Avg: 0.1, Max: 0.2, Diff: 0.1, Sum: 0.6]
      [GC Worker Total (ms): Min: 250.0, Avg: 250.5, Max: 251.0, Diff: 1.0, Sum: 2004.4]
      [GC Worker End (ms): Min: 159552.1, Avg: 159552.2, Max: 159552.2, Diff: 0.1]
   [Code Root Fixup: 0.0 ms]
   [Code Root Purge: 0.0 ms]
   [Clear CT: 0.6 ms]
   [Other: 1.6 ms]
      [Choose CSet: 0.0 ms]
      [Ref Proc: 0.4 ms]
      [Ref Enq: 0.0 ms]
      [Redirty Cards: 0.5 ms]
      [Humongous Register: 0.1 ms]
      [Humongous Reclaim: 0.0 ms]
      [Free CSet: 0.3 ms]
   [Eden: 102.0M(102.0M)->0.0B(86.0M) Survivors: 21.0M->16.0M Heap: 1002.6M(2048.0M)->1003.6M(2048.0M)]
 [Times: user=1.73 sys=0.06, real=0.25 secs] 
2020-09-29T12:04:30.889+0200: 159.577: [GC pause (G1 Humongous Allocation) (young) (initial-mark), 0.0764627 secs]
   [Parallel Time: 74.1 ms, GC Workers: 8]
      [GC Worker Start (ms): Min: 159577.5, Avg: 159577.7, Max: 159577.9, Diff: 0.4]
      [Ext Root Scanning (ms): Min: 0.0, Avg: 0.4, Max: 0.7, Diff: 0.6, Sum: 3.2]
      [Update RS (ms): Min: 34.6, Avg: 34.7, Max: 35.0, Diff: 0.4, Sum: 277.9]
         [Processed Buffers: Min: 13, Avg: 14.0, Max: 16, Diff: 3, Sum: 112]
      [Scan RS (ms): Min: 2.6, Avg: 2.9, Max: 3.2, Diff: 0.6, Sum: 22.8]
      [Code Root Scanning (ms): Min: 0.0, Avg: 0.0, Max: 0.0, Diff: 0.0, Sum: 0.0]
      [Object Copy (ms): Min: 35.4, Avg: 35.5, Max: 35.5, Diff: 0.1, Sum: 283.7]
      [Termination (ms): Min: 0.0, Avg: 0.1, Max: 0.2, Diff: 0.2, Sum: 1.1]
         [Termination Attempts: Min: 1, Avg: 70.3, Max: 95, Diff: 94, Sum: 562]
      [GC Worker Other (ms): Min: 0.0, Avg: 0.0, Max: 0.1, Diff: 0.1, Sum: 0.3]
      [GC Worker Total (ms): Min: 73.4, Avg: 73.6, Max: 73.8, Diff: 0.4, Sum: 589.1]
      [GC Worker End (ms): Min: 159651.3, Avg: 159651.3, Max: 159651.3, Diff: 0.0]
   [Code Root Fixup: 0.0 ms]
   [Code Root Purge: 0.0 ms]
   [Clear CT: 0.5 ms]
   [Other: 1.9 ms]
      [Choose CSet: 0.0 ms]
      [Ref Proc: 0.5 ms]
      [Ref Enq: 0.0 ms]
      [Redirty Cards: 0.5 ms]
      [Humongous Register: 0.1 ms]
      [Humongous Reclaim: 0.0 ms]
      [Free CSet: 0.1 ms]
   [Eden: 4096.0K(86.0M)->0.0B(96.0M) Survivors: 16.0M->6144.0K Heap: 1007.6M(2048.0M)->1011.1M(2048.0M)]
 [Times: user=0.53 sys=0.00, real=0.08 secs] 
2020-09-29T12:04:30.966+0200: 159.654: [GC concurrent-root-region-scan-start]
2020-09-29T12:04:30.971+0200: 159.659: [GC concurrent-root-region-scan-end, 0.0044346 secs]
2020-09-29T12:04:30.971+0200: 159.659: [GC concurrent-mark-start]
2020-09-29T12:04:30.981+0200: 159.669: [GC concurrent-mark-end, 0.0105425 secs]
2020-09-29T12:04:30.982+0200: 159.670: [GC remark 2020-09-29T12:04:30.982+0200: 159.670: [Finalize Marking, 0.0006659 secs] 2020-09-29T12:04:30.982+0200: 159.670: [GC ref-proc, 0.0010929 secs] 2020-09-29T12:04:30.983+0200: 159.671: [Unloading, 0.0017259 secs], 0.0046640 secs]
 [Times: user=0.00 sys=0.00, real=0.00 secs] 
2020-09-29T12:04:30.990+0200: 159.678: [GC cleanup 1020M->22M(2048M), 0.0054923 secs]
 [Times: user=0.00 sys=0.00, real=0.01 secs] 
2020-09-29T12:04:30.996+0200: 159.684: [GC concurrent-cleanup-start]
2020-09-29T12:04:31.000+0200: 159.688: [GC concurrent-cleanup-end, 0.0038885 secs]
2020-09-29T12:04:31.145+0200: 159.832: [GC pause (G1 Evacuation Pause) (young), 0.1555672 secs]
   [Parallel Time: 153.1 ms, GC Workers: 8]
      [GC Worker Start (ms): Min: 159832.7, Avg: 159833.0, Max: 159834.3, Diff: 1.7]
      [Ext Root Scanning (ms): Min: 0.0, Avg: 0.2, Max: 0.4, Diff: 0.4, Sum: 1.4]
      [Update RS (ms): Min: 17.4, Avg: 19.1, Max: 20.2, Diff: 2.8, Sum: 152.5]
         [Processed Buffers: Min: 7, Avg: 8.5, Max: 10, Diff: 3, Sum: 68]
      [Scan RS (ms): Min: 10.5, Avg: 11.5, Max: 12.1, Diff: 1.6, Sum: 91.6]
      [Code Root Scanning (ms): Min: 0.0, Avg: 0.0, Max: 0.0, Diff: 0.0, Sum: 0.0]
      [Object Copy (ms): Min: 121.4, Avg: 121.6, Max: 121.6, Diff: 0.2, Sum: 972.5]
      [Termination (ms): Min: 0.0, Avg: 0.0, Max: 0.1, Diff: 0.1, Sum: 0.3]
         [Termination Attempts: Min: 1, Avg: 70.5, Max: 97, Diff: 96, Sum: 564]
      [GC Worker Other (ms): Min: 0.0, Avg: 0.1, Max: 0.1, Diff: 0.1, Sum: 0.4]
      [GC Worker Total (ms): Min: 151.0, Avg: 152.3, Max: 152.7, Diff: 1.7, Sum: 1218.8]
      [GC Worker End (ms): Min: 159985.4, Avg: 159985.4, Max: 159985.5, Diff: 0.1]
   [Code Root Fixup: 0.0 ms]
   [Code Root Purge: 0.0 ms]
   [Clear CT: 0.5 ms]
   [Other: 2.0 ms]
      [Choose CSet: 0.0 ms]
      [Ref Proc: 0.5 ms]
      [Ref Enq: 0.0 ms]
      [Redirty Cards: 0.8 ms]
      [Humongous Register: 0.1 ms]
      [Humongous Reclaim: 0.0 ms]
      [Free CSet: 0.2 ms]
   [Eden: 96.0M(96.0M)->0.0B(89.0M) Survivors: 6144.0K->13.0M Heap: 127.2M(2048.0M)->123.2M(2048.0M)]
 [Times: user=1.14 sys=0.00, real=0.16 secs] 
2020-09-29T12:04:31.434+0200: 160.122: [GC pause (G1 Evacuation Pause) (young), 0.1771935 secs]
   [Parallel Time: 174.7 ms, GC Workers: 8]
      [GC Worker Start (ms): Min: 160121.7, Avg: 160121.9, Max: 160122.1, Diff: 0.4]
      [Ext Root Scanning (ms): Min: 0.0, Avg: 0.2, Max: 0.4, Diff: 0.4, Sum: 1.6]
      [Update RS (ms): Min: 24.3, Avg: 24.6, Max: 25.2, Diff: 0.9, Sum: 197.2]
         [Processed Buffers: Min: 9, Avg: 10.9, Max: 14, Diff: 5, Sum: 87]
      [Scan RS (ms): Min: 9.3, Avg: 9.9, Max: 10.4, Diff: 1.1, Sum: 79.2]
      [Code Root Scanning (ms): Min: 0.0, Avg: 0.0, Max: 0.0, Diff: 0.0, Sum: 0.0]
      [Object Copy (ms): Min: 139.0, Avg: 139.2, Max: 139.3, Diff: 0.3, Sum: 1113.2]
      [Termination (ms): Min: 0.0, Avg: 0.0, Max: 0.0, Diff: 0.0, Sum: 0.3]
         [Termination Attempts: Min: 1, Avg: 61.5, Max: 86, Diff: 85, Sum: 492]
      [GC Worker Other (ms): Min: 0.0, Avg: 0.1, Max: 0.1, Diff: 0.1, Sum: 0.4]
      [GC Worker Total (ms): Min: 173.8, Avg: 174.0, Max: 174.2, Diff: 0.4, Sum: 1392.0]
      [GC Worker End (ms): Min: 160295.9, Avg: 160295.9, Max: 160296.0, Diff: 0.1]
   [Code Root Fixup: 0.0 ms]
   [Code Root Purge: 0.0 ms]
   [Clear CT: 0.7 ms]
   [Other: 1.8 ms]
      [Choose CSet: 0.0 ms]
      [Ref Proc: 0.5 ms]
      [Ref Enq: 0.0 ms]
      [Redirty Cards: 0.5 ms]
      [Humongous Register: 0.1 ms]
      [Humongous Reclaim: 0.0 ms]
      [Free CSet: 0.3 ms]
   [Eden: 89.0M(89.0M)->0.0B(89.0M) Survivors: 13.0M->13.0M Heap: 227.4M(2048.0M)->229.4M(2048.0M)]
 [Times: user=1.38 sys=0.00, real=0.18 secs] 
2020-09-29T12:04:31.758+0200: 160.446: [GC pause (G1 Evacuation Pause) (young), 0.2421515 secs]
   [Parallel Time: 239.8 ms, GC Workers: 8]
      [GC Worker Start (ms): Min: 160445.8, Avg: 160450.3, Max: 160477.5, Diff: 31.7]
      [Ext Root Scanning (ms): Min: 0.0, Avg: 0.2, Max: 0.4, Diff: 0.4, Sum: 1.6]
      [Update RS (ms): Min: 0.0, Avg: 20.9, Max: 25.2, Diff: 25.2, Sum: 167.2]
         [Processed Buffers: Min: 0, Avg: 8.4, Max: 10, Diff: 10, Sum: 67]
      [Scan RS (ms): Min: 5.8, Avg: 16.0, Max: 43.9, Diff: 38.1, Sum: 128.2]
      [Code Root Scanning (ms): Min: 0.0, Avg: 0.0, Max: 0.0, Diff: 0.0, Sum: 0.0]
      [Object Copy (ms): Min: 169.8, Avg: 197.7, Max: 201.9, Diff: 32.0, Sum: 1581.7]
      [Termination (ms): Min: 0.0, Avg: 0.2, Max: 0.2, Diff: 0.2, Sum: 1.3]
         [Termination Attempts: Min: 1, Avg: 141.9, Max: 211, Diff: 210, Sum: 1135]
      [GC Worker Other (ms): Min: 0.0, Avg: 0.0, Max: 0.0, Diff: 0.0, Sum: 0.2]
      [GC Worker Total (ms): Min: 207.8, Avg: 235.0, Max: 239.5, Diff: 31.7, Sum: 1880.2]
      [GC Worker End (ms): Min: 160685.3, Avg: 160685.3, Max: 160685.3, Diff: 0.1]
   [Code Root Fixup: 0.0 ms]
   [Code Root Purge: 0.0 ms]
   [Clear CT: 0.4 ms]
   [Other: 1.9 ms]
      [Choose CSet: 0.0 ms]
      [Ref Proc: 0.6 ms]
      [Ref Enq: 0.0 ms]
      [Redirty Cards: 0.5 ms]
      [Humongous Register: 0.1 ms]
      [Humongous Reclaim: 0.0 ms]
      [Free CSet: 0.3 ms]
   [Eden: 89.0M(89.0M)->0.0B(89.0M) Survivors: 13.0M->13.0M Heap: 331.8M(2048.0M)->333.8M(2048.0M)]
 [Times: user=1.48 sys=0.00, real=0.24 secs] 
2020-09-29T12:04:32.168+0200: 160.855: [GC pause (G1 Evacuation Pause) (young), 0.1903398 secs]
   [Parallel Time: 186.4 ms, GC Workers: 8]
      [GC Worker Start (ms): Min: 160855.3, Avg: 160858.1, Max: 160870.1, Diff: 14.7]
      [Ext Root Scanning (ms): Min: 0.0, Avg: 0.2, Max: 0.4, Diff: 0.4, Sum: 1.6]
      [Update RS (ms): Min: 5.7, Avg: 17.6, Max: 22.3, Diff: 16.6, Sum: 140.7]
         [Processed Buffers: Min: 2, Avg: 7.1, Max: 10, Diff: 8, Sum: 57]
      [Scan RS (ms): Min: 11.9, Avg: 14.2, Max: 15.5, Diff: 3.5, Sum: 114.0]
      [Code Root Scanning (ms): Min: 0.0, Avg: 0.0, Max: 0.0, Diff: 0.0, Sum: 0.0]
      [Object Copy (ms): Min: 150.7, Avg: 151.2, Max: 151.3, Diff: 0.6, Sum: 1209.4]
      [Termination (ms): Min: 0.0, Avg: 0.1, Max: 0.1, Diff: 0.1, Sum: 0.6]
         [Termination Attempts: Min: 1, Avg: 135.0, Max: 188, Diff: 187, Sum: 1080]
      [GC Worker Other (ms): Min: 0.0, Avg: 0.1, Max: 0.1, Diff: 0.1, Sum: 0.5]
      [GC Worker Total (ms): Min: 171.3, Avg: 183.3, Max: 186.1, Diff: 14.8, Sum: 1466.8]
      [GC Worker End (ms): Min: 161041.4, Avg: 161041.4, Max: 161041.4, Diff: 0.1]
   [Code Root Fixup: 0.0 ms]
   [Code Root Purge: 0.0 ms]
   [Clear CT: 0.6 ms]
   [Other: 3.3 ms]
      [Choose CSet: 0.0 ms]
      [Ref Proc: 0.5 ms]
      [Ref Enq: 0.0 ms]
      [Redirty Cards: 1.9 ms]
      [Humongous Register: 0.1 ms]
      [Humongous Reclaim: 0.0 ms]
      [Free CSet: 0.3 ms]
   [Eden: 89.0M(89.0M)->0.0B(89.0M) Survivors: 13.0M->13.0M Heap: 438.0M(2048.0M)->440.0M(2048.0M)]
 [Times: user=1.41 sys=0.00, real=0.19 secs] 
2020-09-29T12:04:32.504+0200: 161.192: [GC pause (G1 Evacuation Pause) (young), 0.1645386 secs]
   [Parallel Time: 162.4 ms, GC Workers: 8]
      [GC Worker Start (ms): Min: 161192.1, Avg: 161192.2, Max: 161192.3, Diff: 0.2]
      [Ext Root Scanning (ms): Min: 0.1, Avg: 0.2, Max: 0.3, Diff: 0.2, Sum: 1.7]
      [Update RS (ms): Min: 20.1, Avg: 20.5, Max: 21.4, Diff: 1.3, Sum: 164.1]
         [Processed Buffers: Min: 7, Avg: 8.9, Max: 11, Diff: 4, Sum: 71]
      [Scan RS (ms): Min: 11.1, Avg: 12.4, Max: 15.5, Diff: 4.4, Sum: 99.2]
      [Code Root Scanning (ms): Min: 0.0, Avg: 0.0, Max: 0.0, Diff: 0.0, Sum: 0.0]
      [Object Copy (ms): Min: 126.0, Avg: 128.7, Max: 129.3, Diff: 3.3, Sum: 1030.0]
      [Termination (ms): Min: 0.0, Avg: 0.0, Max: 0.0, Diff: 0.0, Sum: 0.2]
         [Termination Attempts: Min: 1, Avg: 54.3, Max: 74, Diff: 73, Sum: 434]
      [GC Worker Other (ms): Min: 0.0, Avg: 0.1, Max: 0.1, Diff: 0.1, Sum: 0.5]
      [GC Worker Total (ms): Min: 161.9, Avg: 162.0, Max: 162.1, Diff: 0.2, Sum: 1295.7]
      [GC Worker End (ms): Min: 161354.1, Avg: 161354.2, Max: 161354.2, Diff: 0.1]
   [Code Root Fixup: 0.0 ms]
   [Code Root Purge: 0.0 ms]
   [Clear CT: 0.4 ms]
   [Other: 1.7 ms]
      [Choose CSet: 0.0 ms]
      [Ref Proc: 0.5 ms]
      [Ref Enq: 0.0 ms]
      [Redirty Cards: 0.4 ms]
      [Humongous Register: 0.1 ms]
      [Humongous Reclaim: 0.0 ms]
      [Free CSet: 0.3 ms]
   [Eden: 89.0M(89.0M)->0.0B(89.0M) Survivors: 13.0M->13.0M Heap: 544.3M(2048.0M)->546.8M(2048.0M)]
 [Times: user=1.23 sys=0.00, real=0.16 secs] 
2020-09-29T12:04:32.816+0200: 161.504: [GC pause (G1 Evacuation Pause) (young), 0.1639116 secs]
   [Parallel Time: 161.7 ms, GC Workers: 8]
      [GC Worker Start (ms): Min: 161504.5, Avg: 161504.6, Max: 161504.8, Diff: 0.3]
      [Ext Root Scanning (ms): Min: 0.0, Avg: 0.2, Max: 0.4, Diff: 0.3, Sum: 2.0]
      [Update RS (ms): Min: 16.9, Avg: 17.6, Max: 19.0, Diff: 2.1, Sum: 140.6]
         [Processed Buffers: Min: 5, Avg: 8.0, Max: 11, Diff: 6, Sum: 64]
      [Scan RS (ms): Min: 10.8, Avg: 12.2, Max: 13.0, Diff: 2.2, Sum: 97.7]
      [Code Root Scanning (ms): Min: 0.0, Avg: 0.0, Max: 0.0, Diff: 0.0, Sum: 0.0]
      [Object Copy (ms): Min: 130.6, Avg: 130.9, Max: 131.1, Diff: 0.4, Sum: 1046.8]
      [Termination (ms): Min: 0.1, Avg: 0.3, Max: 0.5, Diff: 0.4, Sum: 2.3]
         [Termination Attempts: Min: 1, Avg: 257.4, Max: 341, Diff: 340, Sum: 2059]
      [GC Worker Other (ms): Min: 0.0, Avg: 0.0, Max: 0.0, Diff: 0.0, Sum: 0.2]
      [GC Worker Total (ms): Min: 160.9, Avg: 161.2, Max: 161.4, Diff: 0.5, Sum: 1289.7]
      [GC Worker End (ms): Min: 161665.7, Avg: 161665.8, Max: 161666.0, Diff: 0.2]
   [Code Root Fixup: 0.0 ms]
   [Code Root Purge: 0.0 ms]
   [Clear CT: 0.5 ms]
   [Other: 1.7 ms]
      [Choose CSet: 0.0 ms]
      [Ref Proc: 0.5 ms]
      [Ref Enq: 0.0 ms]
      [Redirty Cards: 0.5 ms]
      [Humongous Register: 0.1 ms]
      [Humongous Reclaim: 0.0 ms]
      [Free CSet: 0.3 ms]
   [Eden: 89.0M(89.0M)->0.0B(89.0M) Survivors: 13.0M->13.0M Heap: 651.1M(2048.0M)->653.1M(2048.0M)]
 [Times: user=1.33 sys=0.00, real=0.16 secs] 
2020-09-29T12:04:33.157+0200: 161.845: [GC pause (G1 Evacuation Pause) (young), 0.1798394 secs]
   [Parallel Time: 176.5 ms, GC Workers: 8]
      [GC Worker Start (ms): Min: 161844.8, Avg: 161845.4, Max: 161849.1, Diff: 4.3]
      [Ext Root Scanning (ms): Min: 0.0, Avg: 0.2, Max: 0.4, Diff: 0.4, Sum: 1.6]
      [Update RS (ms): Min: 17.1, Avg: 22.0, Max: 31.7, Diff: 14.6, Sum: 175.8]
         [Processed Buffers: Min: 8, Avg: 9.6, Max: 14, Diff: 6, Sum: 77]
      [Scan RS (ms): Min: 2.1, Avg: 11.4, Max: 13.0, Diff: 10.9, Sum: 91.1]
      [Code Root Scanning (ms): Min: 0.0, Avg: 0.0, Max: 0.0, Diff: 0.0, Sum: 0.0]
      [Object Copy (ms): Min: 141.6, Avg: 141.8, Max: 142.0, Diff: 0.4, Sum: 1134.7]
      [Termination (ms): Min: 0.0, Avg: 0.0, Max: 0.0, Diff: 0.0, Sum: 0.1]
         [Termination Attempts: Min: 1, Avg: 13.5, Max: 20, Diff: 19, Sum: 108]
      [GC Worker Other (ms): Min: 0.0, Avg: 0.0, Max: 0.1, Diff: 0.1, Sum: 0.3]
      [GC Worker Total (ms): Min: 171.8, Avg: 175.5, Max: 176.1, Diff: 4.3, Sum: 1403.7]
      [GC Worker End (ms): Min: 162020.9, Avg: 162020.9, Max: 162020.9, Diff: 0.1]
   [Code Root Fixup: 0.0 ms]
   [Code Root Purge: 0.0 ms]
   [Clear CT: 1.0 ms]
   [Other: 2.4 ms]
      [Choose CSet: 0.0 ms]
      [Ref Proc: 0.4 ms]
      [Ref Enq: 0.0 ms]
      [Redirty Cards: 1.2 ms]
      [Humongous Register: 0.1 ms]
      [Humongous Reclaim: 0.0 ms]
      [Free CSet: 0.2 ms]
   [Eden: 89.0M(89.0M)->0.0B(89.0M) Survivors: 13.0M->13.0M Heap: 757.3M(2048.0M)->759.3M(2048.0M)]
 [Times: user=1.48 sys=0.00, real=0.18 secs] 
2020-09-29T12:04:33.488+0200: 162.175: [GC pause (G1 Evacuation Pause) (young), 0.1986443 secs]
   [Parallel Time: 196.1 ms, GC Workers: 8]
      [GC Worker Start (ms): Min: 162175.6, Avg: 162176.2, Max: 162179.2, Diff: 3.5]
      [Ext Root Scanning (ms): Min: 0.0, Avg: 0.2, Max: 0.4, Diff: 0.4, Sum: 1.7]
      [Update RS (ms): Min: 20.1, Avg: 22.7, Max: 30.5, Diff: 10.4, Sum: 181.8]
         [Processed Buffers: Min: 2, Avg: 6.6, Max: 10, Diff: 8, Sum: 53]
      [Scan RS (ms): Min: 6.0, Avg: 16.6, Max: 19.4, Diff: 13.4, Sum: 132.7]
      [Code Root Scanning (ms): Min: 0.0, Avg: 0.0, Max: 0.0, Diff: 0.0, Sum: 0.0]
      [Object Copy (ms): Min: 155.2, Avg: 155.5, Max: 155.6, Diff: 0.4, Sum: 1244.0]
      [Termination (ms): Min: 0.0, Avg: 0.0, Max: 0.1, Diff: 0.1, Sum: 0.3]
         [Termination Attempts: Min: 1, Avg: 91.8, Max: 114, Diff: 113, Sum: 734]
      [GC Worker Other (ms): Min: 0.0, Avg: 0.1, Max: 0.1, Diff: 0.1, Sum: 0.4]
      [GC Worker Total (ms): Min: 192.2, Avg: 195.1, Max: 195.7, Diff: 3.5, Sum: 1560.9]
      [GC Worker End (ms): Min: 162371.3, Avg: 162371.3, Max: 162371.4, Diff: 0.1]
   [Code Root Fixup: 0.0 ms]
   [Code Root Purge: 0.0 ms]
   [Clear CT: 0.5 ms]
   [Other: 2.0 ms]
      [Choose CSet: 0.0 ms]
      [Ref Proc: 0.7 ms]
      [Ref Enq: 0.0 ms]
      [Redirty Cards: 0.5 ms]
      [Humongous Register: 0.1 ms]
      [Humongous Reclaim: 0.0 ms]
      [Free CSet: 0.3 ms]
   [Eden: 89.0M(89.0M)->0.0B(89.0M) Survivors: 13.0M->13.0M Heap: 861.7M(2048.0M)->863.7M(2048.0M)]
 [Times: user=1.48 sys=0.00, real=0.20 secs] 
2020-09-29T12:04:33.839+0200: 162.526: [GC pause (G1 Evacuation Pause) (young), 0.1708121 secs]
   [Parallel Time: 168.4 ms, GC Workers: 8]
      [GC Worker Start (ms): Min: 162526.1, Avg: 162526.8, Max: 162528.9, Diff: 2.8]
      [Ext Root Scanning (ms): Min: 0.0, Avg: 0.2, Max: 0.4, Diff: 0.3, Sum: 1.4]
      [Update RS (ms): Min: 13.3, Avg: 14.6, Max: 15.7, Diff: 2.4, Sum: 116.9]
         [Processed Buffers: Min: 5, Avg: 6.5, Max: 8, Diff: 3, Sum: 52]
      [Scan RS (ms): Min: 13.9, Avg: 15.0, Max: 16.6, Diff: 2.7, Sum: 119.8]
      [Code Root Scanning (ms): Min: 0.0, Avg: 0.0, Max: 0.0, Diff: 0.0, Sum: 0.0]
      [Object Copy (ms): Min: 135.1, Avg: 137.4, Max: 137.9, Diff: 2.8, Sum: 1099.1]
      [Termination (ms): Min: 0.0, Avg: 0.1, Max: 0.2, Diff: 0.2, Sum: 0.9]
         [Termination Attempts: Min: 1, Avg: 217.0, Max: 296, Diff: 295, Sum: 1736]
      [GC Worker Other (ms): Min: 0.0, Avg: 0.0, Max: 0.1, Diff: 0.1, Sum: 0.4]
      [GC Worker Total (ms): Min: 165.2, Avg: 167.3, Max: 168.0, Diff: 2.8, Sum: 1338.5]
      [GC Worker End (ms): Min: 162694.1, Avg: 162694.1, Max: 162694.1, Diff: 0.1]
   [Code Root Fixup: 0.0 ms]
   [Code Root Purge: 0.0 ms]
   [Clear CT: 0.6 ms]
   [Other: 1.8 ms]
      [Choose CSet: 0.0 ms]
      [Ref Proc: 0.6 ms]
      [Ref Enq: 0.0 ms]
      [Redirty Cards: 0.5 ms]
      [Humongous Register: 0.1 ms]
      [Humongous Reclaim: 0.0 ms]
      [Free CSet: 0.2 ms]
   [Eden: 89.0M(89.0M)->0.0B(89.0M) Survivors: 13.0M->13.0M Heap: 967.9M(2048.0M)->969.9M(2048.0M)]
 [Times: user=1.33 sys=0.02, real=0.17 secs] 
2020-09-29T12:04:34.024+0200: 162.712: [GC pause (G1 Humongous Allocation) (young) (initial-mark), 0.0974110 secs]
   [Parallel Time: 95.1 ms, GC Workers: 8]
      [GC Worker Start (ms): Min: 162711.9, Avg: 162712.0, Max: 162712.3, Diff: 0.4]
      [Ext Root Scanning (ms): Min: 0.0, Avg: 5.7, Max: 28.8, Diff: 28.8, Sum: 45.9]
      [Update RS (ms): Min: 7.4, Avg: 32.2, Max: 50.1, Diff: 42.8, Sum: 257.3]
         [Processed Buffers: Min: 4, Avg: 11.5, Max: 15, Diff: 11, Sum: 92]
      [Scan RS (ms): Min: 0.0, Avg: 2.6, Max: 4.5, Diff: 4.5, Sum: 20.6]
      [Code Root Scanning (ms): Min: 0.0, Avg: 0.0, Max: 0.0, Diff: 0.0, Sum: 0.0]
      [Object Copy (ms): Min: 44.2, Avg: 53.9, Max: 55.4, Diff: 11.2, Sum: 431.0]
      [Termination (ms): Min: 0.0, Avg: 0.3, Max: 0.4, Diff: 0.4, Sum: 2.0]
         [Termination Attempts: Min: 1, Avg: 406.6, Max: 669, Diff: 668, Sum: 3253]
      [GC Worker Other (ms): Min: 0.0, Avg: 0.0, Max: 0.0, Diff: 0.0, Sum: 0.2]
      [GC Worker Total (ms): Min: 94.4, Avg: 94.6, Max: 94.8, Diff: 0.4, Sum: 756.9]
      [GC Worker End (ms): Min: 162806.6, Avg: 162806.7, Max: 162806.7, Diff: 0.0]
   [Code Root Fixup: 0.0 ms]
   [Code Root Purge: 0.0 ms]
   [Clear CT: 0.6 ms]
   [Other: 1.7 ms]
      [Choose CSet: 0.0 ms]
      [Ref Proc: 0.4 ms]
      [Ref Enq: 0.0 ms]
      [Redirty Cards: 0.6 ms]
      [Humongous Register: 0.1 ms]
      [Humongous Reclaim: 0.0 ms]
      [Free CSet: 0.1 ms]
   [Eden: 5120.0K(89.0M)->0.0B(95.0M) Survivors: 13.0M->7168.0K Heap: 974.9M(2048.0M)->978.9M(2048.0M)]
 [Times: user=0.59 sys=0.00, real=0.10 secs] 
2020-09-29T12:04:34.122+0200: 162.809: [GC concurrent-root-region-scan-start]
2020-09-29T12:04:34.126+0200: 162.814: [GC concurrent-root-region-scan-end, 0.0044941 secs]
2020-09-29T12:04:34.126+0200: 162.814: [GC concurrent-mark-start]
2020-09-29T12:04:34.134+0200: 162.822: [GC concurrent-mark-end, 0.0081936 secs]
2020-09-29T12:04:34.135+0200: 162.823: [GC remark 2020-09-29T12:04:34.135+0200: 162.823: [Finalize Marking, 0.0006094 secs] 2020-09-29T12:04:34.136+0200: 162.824: [GC ref-proc, 0.0058853 secs] 2020-09-29T12:04:34.143+0200: 162.831: [Unloading, 0.0066911 secs], 0.0147245 secs]
 [Times: user=0.00 sys=0.02, real=0.02 secs] 
2020-09-29T12:04:34.151+0200: 162.839: [GC cleanup 987M->23M(2048M), 0.0031081 secs]
 [Times: user=0.00 sys=0.00, real=0.00 secs] 
2020-09-29T12:04:34.154+0200: 162.842: [GC concurrent-cleanup-start]
2020-09-29T12:04:34.157+0200: 162.845: [GC concurrent-cleanup-end, 0.0029221 secs]
2020-09-29T12:04:34.289+0200: 162.976: [GC pause (G1 Evacuation Pause) (young), 0.1511884 secs]
   [Parallel Time: 148.8 ms, GC Workers: 8]
      [GC Worker Start (ms): Min: 162976.6, Avg: 162976.8, Max: 162976.9, Diff: 0.3]
      [Ext Root Scanning (ms): Min: 0.1, Avg: 0.2, Max: 0.4, Diff: 0.3, Sum: 1.7]
      [Update RS (ms): Min: 13.7, Avg: 14.2, Max: 15.7, Diff: 2.0, Sum: 113.9]
         [Processed Buffers: Min: 6, Avg: 6.9, Max: 8, Diff: 2, Sum: 55]
      [Scan RS (ms): Min: 12.4, Avg: 13.7, Max: 14.3, Diff: 1.9, Sum: 110.0]
      [Code Root Scanning (ms): Min: 0.0, Avg: 0.0, Max: 0.0, Diff: 0.0, Sum: 0.0]
      [Object Copy (ms): Min: 119.8, Avg: 120.0, Max: 120.1, Diff: 0.3, Sum: 959.7]
      [Termination (ms): Min: 0.0, Avg: 0.0, Max: 0.0, Diff: 0.0, Sum: 0.2]
         [Termination Attempts: Min: 1, Avg: 43.3, Max: 58, Diff: 57, Sum: 346]
      [GC Worker Other (ms): Min: 0.0, Avg: 0.1, Max: 0.1, Diff: 0.1, Sum: 0.5]
      [GC Worker Total (ms): Min: 148.1, Avg: 148.2, Max: 148.4, Diff: 0.3, Sum: 1186.0]
      [GC Worker End (ms): Min: 163125.0, Avg: 163125.0, Max: 163125.1, Diff: 0.1]
   [Code Root Fixup: 0.0 ms]
   [Code Root Purge: 0.0 ms]
   [Clear CT: 0.6 ms]
   [Other: 1.8 ms]
      [Choose CSet: 0.0 ms]
      [Ref Proc: 0.5 ms]
      [Ref Enq: 0.0 ms]
      [Redirty Cards: 0.5 ms]
      [Humongous Register: 0.1 ms]
      [Humongous Reclaim: 0.0 ms]
      [Free CSet: 0.3 ms]
   [Eden: 95.0M(95.0M)->0.0B(89.0M) Survivors: 7168.0K->13.0M Heap: 126.7M(2048.0M)->122.2M(2048.0M)]
 [Times: user=1.13 sys=0.00, real=0.15 secs] 
2020-09-29T12:04:34.581+0200: 163.269: [GC pause (G1 Evacuation Pause) (young), 0.2374128 secs]
   [Parallel Time: 235.0 ms, GC Workers: 8]
      [GC Worker Start (ms): Min: 163268.9, Avg: 163273.0, Max: 163301.3, Diff: 32.4]
      [Ext Root Scanning (ms): Min: 0.0, Avg: 0.2, Max: 0.4, Diff: 0.4, Sum: 1.5]
      [Update RS (ms): Min: 0.0, Avg: 19.8, Max: 23.8, Diff: 23.8, Sum: 158.6]
         [Processed Buffers: Min: 0, Avg: 9.3, Max: 13, Diff: 13, Sum: 74]
      [Scan RS (ms): Min: 5.8, Avg: 17.4, Max: 42.0, Diff: 36.2, Sum: 139.0]
      [Code Root Scanning (ms): Min: 0.0, Avg: 0.0, Max: 0.0, Diff: 0.0, Sum: 0.0]
      [Object Copy (ms): Min: 169.2, Avg: 192.1, Max: 195.6, Diff: 26.4, Sum: 1536.6]
      [Termination (ms): Min: 0.2, Avg: 0.7, Max: 1.7, Diff: 1.6, Sum: 5.8]
         [Termination Attempts: Min: 1, Avg: 837.8, Max: 1029, Diff: 1028, Sum: 6702]
      [GC Worker Other (ms): Min: 0.0, Avg: 0.0, Max: 0.0, Diff: 0.0, Sum: 0.2]
      [GC Worker Total (ms): Min: 202.0, Avg: 230.2, Max: 234.6, Diff: 32.6, Sum: 1841.8]
      [GC Worker End (ms): Min: 163503.2, Avg: 163503.3, Max: 163503.5, Diff: 0.3]
   [Code Root Fixup: 0.0 ms]
   [Code Root Purge: 0.0 ms]
   [Clear CT: 0.5 ms]
   [Other: 2.0 ms]
      [Choose CSet: 0.0 ms]
      [Ref Proc: 0.6 ms]
      [Ref Enq: 0.0 ms]
      [Redirty Cards: 0.6 ms]
      [Humongous Register: 0.1 ms]
      [Humongous Reclaim: 0.0 ms]
      [Free CSet: 0.3 ms]
   [Eden: 89.0M(89.0M)->0.0B(89.0M) Survivors: 13.0M->13.0M Heap: 226.4M(2048.0M)->227.4M(2048.0M)]
 [Times: user=1.59 sys=0.00, real=0.24 secs] 
2020-09-29T12:04:34.945+0200: 163.633: [GC pause (G1 Evacuation Pause) (young), 0.0587473 secs]
   [Parallel Time: 56.5 ms, GC Workers: 8]
      [GC Worker Start (ms): Min: 163632.8, Avg: 163633.0, Max: 163633.0, Diff: 0.2]
      [Ext Root Scanning (ms): Min: 0.0, Avg: 0.1, Max: 0.2, Diff: 0.2, Sum: 0.6]
      [Update RS (ms): Min: 8.3, Avg: 8.7, Max: 9.0, Diff: 0.7, Sum: 69.6]
         [Processed Buffers: Min: 6, Avg: 7.9, Max: 9, Diff: 3, Sum: 63]
      [Scan RS (ms): Min: 4.5, Avg: 4.8, Max: 5.1, Diff: 0.6, Sum: 38.1]
      [Code Root Scanning (ms): Min: 0.0, Avg: 0.0, Max: 0.0, Diff: 0.0, Sum: 0.0]
      [Object Copy (ms): Min: 42.6, Avg: 42.6, Max: 42.6, Diff: 0.1, Sum: 340.8]
      [Termination (ms): Min: 0.0, Avg: 0.1, Max: 0.1, Diff: 0.1, Sum: 0.4]
         [Termination Attempts: Min: 1, Avg: 344.5, Max: 445, Diff: 444, Sum: 2756]
      [GC Worker Other (ms): Min: 0.0, Avg: 0.0, Max: 0.0, Diff: 0.0, Sum: 0.2]
      [GC Worker Total (ms): Min: 56.1, Avg: 56.2, Max: 56.3, Diff: 0.2, Sum: 449.7]
      [GC Worker End (ms): Min: 163689.2, Avg: 163689.2, Max: 163689.2, Diff: 0.0]
   [Code Root Fixup: 0.0 ms]
   [Code Root Purge: 0.0 ms]
   [Clear CT: 0.6 ms]
   [Other: 1.6 ms]
      [Choose CSet: 0.0 ms]
      [Ref Proc: 0.8 ms]
      [Ref Enq: 0.0 ms]
      [Redirty Cards: 0.5 ms]
      [Humongous Register: 0.0 ms]
      [Humongous Reclaim: 0.0 ms]
      [Free CSet: 0.1 ms]
   [Eden: 89.0M(89.0M)->0.0B(89.0M) Survivors: 13.0M->13.0M Heap: 329.8M(2048.0M)->332.3M(2048.0M)]
 [Times: user=0.34 sys=0.00, real=0.06 secs] 
2020-09-29T12:04:35.051+0200: 163.738: [GC pause (G1 Evacuation Pause) (young), 0.0690952 secs]
   [Parallel Time: 68.1 ms, GC Workers: 8]
      [GC Worker Start (ms): Min: 163738.5, Avg: 163740.2, Max: 163751.9, Diff: 13.4]
      [Ext Root Scanning (ms): Min: 0.0, Avg: 0.1, Max: 0.2, Diff: 0.2, Sum: 0.7]
      [Update RS (ms): Min: 0.0, Avg: 7.3, Max: 8.6, Diff: 8.6, Sum: 58.4]
         [Processed Buffers: Min: 0, Avg: 8.3, Max: 12, Diff: 12, Sum: 66]
      [Scan RS (ms): Min: 0.0, Avg: 4.3, Max: 5.1, Diff: 5.1, Sum: 34.5]
      [Code Root Scanning (ms): Min: 0.0, Avg: 0.0, Max: 0.0, Diff: 0.0, Sum: 0.0]
      [Object Copy (ms): Min: 54.5, Avg: 54.5, Max: 54.6, Diff: 0.0, Sum: 436.2]
      [Termination (ms): Min: 0.0, Avg: 0.0, Max: 0.0, Diff: 0.0, Sum: 0.0]
         [Termination Attempts: Min: 1, Avg: 24.5, Max: 38, Diff: 37, Sum: 196]
      [GC Worker Other (ms): Min: 0.0, Avg: 0.0, Max: 0.0, Diff: 0.0, Sum: 0.2]
      [GC Worker Total (ms): Min: 54.5, Avg: 66.3, Max: 68.0, Diff: 13.4, Sum: 530.0]
      [GC Worker End (ms): Min: 163806.5, Avg: 163806.5, Max: 163806.5, Diff: 0.0]
   [Code Root Fixup: 0.0 ms]
   [Code Root Purge: 0.0 ms]
   [Clear CT: 0.2 ms]
   [Other: 0.8 ms]
      [Choose CSet: 0.0 ms]
      [Ref Proc: 0.3 ms]
      [Ref Enq: 0.0 ms]
      [Redirty Cards: 0.2 ms]
      [Humongous Register: 0.0 ms]
      [Humongous Reclaim: 0.0 ms]
      [Free CSet: 0.1 ms]
   [Eden: 89.0M(89.0M)->0.0B(102.0M) Survivors: 13.0M->13.0M Heap: 436.5M(2048.0M)->439.0M(2048.0M)]
 [Times: user=0.61 sys=0.00, real=0.07 secs] 
2020-09-29T12:04:35.176+0200: 163.863: [GC pause (G1 Evacuation Pause) (young), 0.0560505 secs]
   [Parallel Time: 54.4 ms, GC Workers: 8]
      [GC Worker Start (ms): Min: 163863.4, Avg: 163863.5, Max: 163863.6, Diff: 0.2]
      [Ext Root Scanning (ms): Min: 0.0, Avg: 0.1, Max: 0.1, Diff: 0.1, Sum: 0.5]
      [Update RS (ms): Min: 6.3, Avg: 6.6, Max: 7.0, Diff: 0.7, Sum: 53.1]
         [Processed Buffers: Min: 7, Avg: 8.8, Max: 10, Diff: 3, Sum: 70]
      [Scan RS (ms): Min: 4.3, Avg: 4.6, Max: 4.9, Diff: 0.7, Sum: 37.0]
      [Code Root Scanning (ms): Min: 0.0, Avg: 0.0, Max: 0.0, Diff: 0.0, Sum: 0.0]
      [Object Copy (ms): Min: 42.8, Avg: 42.8, Max: 42.9, Diff: 0.1, Sum: 342.7]
      [Termination (ms): Min: 0.0, Avg: 0.0, Max: 0.0, Diff: 0.0, Sum: 0.2]
         [Termination Attempts: Min: 1, Avg: 121.3, Max: 153, Diff: 152, Sum: 970]
      [GC Worker Other (ms): Min: 0.0, Avg: 0.0, Max: 0.0, Diff: 0.0, Sum: 0.2]
      [GC Worker Total (ms): Min: 54.1, Avg: 54.2, Max: 54.3, Diff: 0.2, Sum: 433.6]
      [GC Worker End (ms): Min: 163917.7, Avg: 163917.7, Max: 163917.7, Diff: 0.0]
   [Code Root Fixup: 0.0 ms]
   [Code Root Purge: 0.0 ms]
   [Clear CT: 0.6 ms]
   [Other: 1.0 ms]
      [Choose CSet: 0.0 ms]
      [Ref Proc: 0.4 ms]
      [Ref Enq: 0.0 ms]
      [Redirty Cards: 0.3 ms]
      [Humongous Register: 0.0 ms]
      [Humongous Reclaim: 0.0 ms]
      [Free CSet: 0.2 ms]
   [Eden: 102.0M(102.0M)->0.0B(128.0M) Survivors: 13.0M->15.0M Heap: 558.2M(2048.0M)->560.2M(2048.0M)]
 [Times: user=0.50 sys=0.00, real=0.06 secs] 
2020-09-29T12:04:35.303+0200: 163.990: [GC pause (G1 Evacuation Pause) (young), 0.0719734 secs]
   [Parallel Time: 71.0 ms, GC Workers: 8]
      [GC Worker Start (ms): Min: 163990.0, Avg: 163990.0, Max: 163990.1, Diff: 0.1]
      [Ext Root Scanning (ms): Min: 0.0, Avg: 0.1, Max: 0.1, Diff: 0.1, Sum: 0.6]
      [Update RS (ms): Min: 7.7, Avg: 7.8, Max: 7.9, Diff: 0.2, Sum: 62.2]
         [Processed Buffers: Min: 9, Avg: 9.6, Max: 11, Diff: 2, Sum: 77]
      [Scan RS (ms): Min: 5.9, Avg: 6.0, Max: 6.1, Diff: 0.2, Sum: 48.0]
      [Code Root Scanning (ms): Min: 0.0, Avg: 0.0, Max: 0.0, Diff: 0.0, Sum: 0.0]
      [Object Copy (ms): Min: 56.9, Avg: 56.9, Max: 57.0, Diff: 0.1, Sum: 455.3]
      [Termination (ms): Min: 0.0, Avg: 0.1, Max: 0.1, Diff: 0.1, Sum: 0.7]
         [Termination Attempts: Min: 1, Avg: 239.5, Max: 327, Diff: 326, Sum: 1916]
      [GC Worker Other (ms): Min: 0.0, Avg: 0.0, Max: 0.0, Diff: 0.0, Sum: 0.1]
      [GC Worker Total (ms): Min: 70.8, Avg: 70.9, Max: 70.9, Diff: 0.1, Sum: 567.0]
      [GC Worker End (ms): Min: 164060.9, Avg: 164060.9, Max: 164060.9, Diff: 0.0]
   [Code Root Fixup: 0.0 ms]
   [Code Root Purge: 0.0 ms]
   [Clear CT: 0.2 ms]
   [Other: 0.8 ms]
      [Choose CSet: 0.0 ms]
      [Ref Proc: 0.2 ms]
      [Ref Enq: 0.0 ms]
      [Redirty Cards: 0.2 ms]
      [Humongous Register: 0.0 ms]
      [Humongous Reclaim: 0.0 ms]
      [Free CSet: 0.1 ms]
   [Eden: 128.0M(128.0M)->0.0B(151.0M) Survivors: 15.0M->18.0M Heap: 709.2M(2048.0M)->710.7M(2048.0M)]
 [Times: user=0.50 sys=0.00, real=0.07 secs] 
2020-09-29T12:04:35.458+0200: 164.145: [GC pause (G1 Evacuation Pause) (young), 0.0953889 secs]
   [Parallel Time: 94.4 ms, GC Workers: 8]
      [GC Worker Start (ms): Min: 164145.1, Avg: 164145.2, Max: 164145.2, Diff: 0.1]
      [Ext Root Scanning (ms): Min: 0.0, Avg: 0.1, Max: 0.1, Diff: 0.1, Sum: 0.6]
      [Update RS (ms): Min: 8.4, Avg: 8.7, Max: 9.0, Diff: 0.6, Sum: 69.6]
         [Processed Buffers: Min: 9, Avg: 9.4, Max: 11, Diff: 2, Sum: 75]
      [Scan RS (ms): Min: 8.8, Avg: 9.1, Max: 9.3, Diff: 0.6, Sum: 72.6]
      [Code Root Scanning (ms): Min: 0.0, Avg: 0.0, Max: 0.0, Diff: 0.0, Sum: 0.0]
      [Object Copy (ms): Min: 76.3, Avg: 76.3, Max: 76.4, Diff: 0.1, Sum: 610.6]
      [Termination (ms): Min: 0.0, Avg: 0.0, Max: 0.0, Diff: 0.0, Sum: 0.3]
         [Termination Attempts: Min: 1, Avg: 277.4, Max: 363, Diff: 362, Sum: 2219]
      [GC Worker Other (ms): Min: 0.0, Avg: 0.0, Max: 0.1, Diff: 0.1, Sum: 0.3]
      [GC Worker Total (ms): Min: 94.2, Avg: 94.2, Max: 94.3, Diff: 0.2, Sum: 754.0]
      [GC Worker End (ms): Min: 164239.4, Avg: 164239.4, Max: 164239.5, Diff: 0.1]
   [Code Root Fixup: 0.0 ms]
   [Code Root Purge: 0.0 ms]
   [Clear CT: 0.2 ms]
   [Other: 0.8 ms]
      [Choose CSet: 0.0 ms]
      [Ref Proc: 0.2 ms]
      [Ref Enq: 0.0 ms]
      [Redirty Cards: 0.2 ms]
      [Humongous Register: 0.0 ms]
      [Humongous Reclaim: 0.0 ms]
      [Free CSet: 0.2 ms]
   [Eden: 151.0M(151.0M)->0.0B(173.0M) Survivors: 18.0M->22.0M Heap: 886.5M(2048.0M)->889.0M(2048.0M)]
 [Times: user=0.75 sys=0.00, real=0.10 secs] 
2020-09-29T12:04:35.656+0200: 164.343: [GC pause (G1 Evacuation Pause) (young), 0.0945163 secs]
   [Parallel Time: 93.5 ms, GC Workers: 8]
      [GC Worker Start (ms): Min: 164343.1, Avg: 164343.2, Max: 164343.2, Diff: 0.1]
      [Ext Root Scanning (ms): Min: 0.0, Avg: 0.1, Max: 0.1, Diff: 0.1, Sum: 0.7]
      [Update RS (ms): Min: 10.5, Avg: 10.7, Max: 11.1, Diff: 0.6, Sum: 85.5]
         [Processed Buffers: Min: 11, Avg: 13.0, Max: 15, Diff: 4, Sum: 104]
      [Scan RS (ms): Min: 8.2, Avg: 8.6, Max: 8.8, Diff: 0.6, Sum: 68.9]
      [Code Root Scanning (ms): Min: 0.0, Avg: 0.0, Max: 0.0, Diff: 0.0, Sum: 0.0]
      [Object Copy (ms): Min: 73.8, Avg: 73.8, Max: 73.9, Diff: 0.1, Sum: 590.7]
      [Termination (ms): Min: 0.0, Avg: 0.0, Max: 0.1, Diff: 0.1, Sum: 0.3]
         [Termination Attempts: Min: 1, Avg: 258.4, Max: 331, Diff: 330, Sum: 2067]
      [GC Worker Other (ms): Min: 0.0, Avg: 0.0, Max: 0.1, Diff: 0.0, Sum: 0.3]
      [GC Worker Total (ms): Min: 93.2, Avg: 93.3, Max: 93.3, Diff: 0.1, Sum: 746.4]
      [GC Worker End (ms): Min: 164436.5, Avg: 164436.5, Max: 164436.5, Diff: 0.0]
   [Code Root Fixup: 0.0 ms]
   [Code Root Purge: 0.0 ms]
   [Clear CT: 0.2 ms]
   [Other: 0.8 ms]
      [Choose CSet: 0.0 ms]
      [Ref Proc: 0.2 ms]
      [Ref Enq: 0.0 ms]
      [Redirty Cards: 0.2 ms]
      [Humongous Register: 0.1 ms]
      [Humongous Reclaim: 0.0 ms]
      [Free CSet: 0.1 ms]
   [Eden: 173.0M(173.0M)->0.0B(193.0M) Survivors: 22.0M->25.0M Heap: 1092.5M(2048.0M)->1094.0M(2048.0M)]
 [Times: user=0.74 sys=0.00, real=0.09 secs] 
2020-09-29T12:04:35.763+0200: 164.451: [GC pause (G1 Humongous Allocation) (young) (initial-mark), 0.0357364 secs]
   [Parallel Time: 34.9 ms, GC Workers: 8]
      [GC Worker Start (ms): Min: 164450.8, Avg: 164450.8, Max: 164450.9, Diff: 0.1]
      [Ext Root Scanning (ms): Min: 0.1, Avg: 0.1, Max: 0.1, Diff: 0.1, Sum: 0.7]
      [Update RS (ms): Min: 13.3, Avg: 13.5, Max: 13.9, Diff: 0.6, Sum: 108.2]
         [Processed Buffers: Min: 15, Avg: 16.8, Max: 18, Diff: 3, Sum: 134]
      [Scan RS (ms): Min: 1.6, Avg: 1.8, Max: 2.0, Diff: 0.5, Sum: 14.7]
      [Code Root Scanning (ms): Min: 0.0, Avg: 0.0, Max: 0.0, Diff: 0.0, Sum: 0.0]
      [Object Copy (ms): Min: 19.2, Avg: 19.3, Max: 19.3, Diff: 0.2, Sum: 154.2]
      [Termination (ms): Min: 0.0, Avg: 0.0, Max: 0.1, Diff: 0.1, Sum: 0.3]
         [Termination Attempts: Min: 1, Avg: 282.0, Max: 375, Diff: 374, Sum: 2256]
      [GC Worker Other (ms): Min: 0.0, Avg: 0.0, Max: 0.0, Diff: 0.0, Sum: 0.2]
      [GC Worker Total (ms): Min: 34.7, Avg: 34.8, Max: 34.8, Diff: 0.1, Sum: 278.2]
      [GC Worker End (ms): Min: 164485.6, Avg: 164485.6, Max: 164485.6, Diff: 0.0]
   [Code Root Fixup: 0.0 ms]
   [Code Root Purge: 0.0 ms]
   [Clear CT: 0.2 ms]
   [Other: 0.6 ms]
      [Choose CSet: 0.0 ms]
      [Ref Proc: 0.1 ms]
      [Ref Enq: 0.0 ms]
      [Redirty Cards: 0.2 ms]
      [Humongous Register: 0.0 ms]
      [Humongous Reclaim: 0.0 ms]
      [Free CSet: 0.0 ms]
   [Eden: 12.0M(193.0M)->0.0B(225.0M) Survivors: 25.0M->12.0M Heap: 1105.5M(2048.0M)->1107.5M(2048.0M)]
 [Times: user=0.25 sys=0.00, real=0.04 secs] 
2020-09-29T12:04:35.799+0200: 164.486: [GC concurrent-root-region-scan-start]
2020-09-29T12:04:35.801+0200: 164.489: [GC concurrent-root-region-scan-end, 0.0022096 secs]
2020-09-29T12:04:35.801+0200: 164.489: [GC concurrent-mark-start]
2020-09-29T12:04:35.804+0200: 164.491: [GC concurrent-mark-end, 0.0022903 secs]
2020-09-29T12:04:35.804+0200: 164.491: [GC remark 2020-09-29T12:04:35.804+0200: 164.491: [Finalize Marking, 0.0001486 secs] 2020-09-29T12:04:35.804+0200: 164.491: [GC ref-proc, 0.0002714 secs] 2020-09-29T12:04:35.804+0200: 164.492: [Unloading, 0.0004381 secs], 0.0011209 secs]
 [Times: user=0.00 sys=0.00, real=0.00 secs] 
2020-09-29T12:04:35.805+0200: 164.493: [GC cleanup 1119M->31M(2048M), 0.0011028 secs]
 [Times: user=0.00 sys=0.00, real=0.00 secs] 
2020-09-29T12:04:35.807+0200: 164.494: [GC concurrent-cleanup-start]
2020-09-29T12:04:35.808+0200: 164.495: [GC concurrent-cleanup-end, 0.0014294 secs]
2020-09-29T12:04:35.910+0200: 164.598: [GC pause (G1 Evacuation Pause) (young), 0.1201183 secs]
   [Parallel Time: 119.0 ms, GC Workers: 8]
      [GC Worker Start (ms): Min: 164597.7, Avg: 164597.8, Max: 164597.9, Diff: 0.2]
      [Ext Root Scanning (ms): Min: 0.0, Avg: 0.1, Max: 0.2, Diff: 0.2, Sum: 0.4]
      [Update RS (ms): Min: 13.0, Avg: 13.2, Max: 13.4, Diff: 0.5, Sum: 105.5]
         [Processed Buffers: Min: 14, Avg: 14.9, Max: 17, Diff: 3, Sum: 119]
      [Scan RS (ms): Min: 9.9, Avg: 10.2, Max: 10.4, Diff: 0.4, Sum: 81.3]
      [Code Root Scanning (ms): Min: 0.0, Avg: 0.0, Max: 0.0, Diff: 0.0, Sum: 0.0]
      [Object Copy (ms): Min: 95.1, Avg: 95.1, Max: 95.3, Diff: 0.1, Sum: 761.2]
      [Termination (ms): Min: 0.0, Avg: 0.1, Max: 0.2, Diff: 0.2, Sum: 1.1]
         [Termination Attempts: Min: 1, Avg: 969.5, Max: 1283, Diff: 1282, Sum: 7756]
      [GC Worker Other (ms): Min: 0.0, Avg: 0.0, Max: 0.1, Diff: 0.0, Sum: 0.3]
      [GC Worker Total (ms): Min: 118.7, Avg: 118.7, Max: 118.8, Diff: 0.2, Sum: 949.8]
      [GC Worker End (ms): Min: 164716.5, Avg: 164716.6, Max: 164716.6, Diff: 0.0]
   [Code Root Fixup: 0.0 ms]
   [Code Root Purge: 0.0 ms]
   [Clear CT: 0.2 ms]
   [Other: 0.9 ms]
      [Choose CSet: 0.0 ms]
      [Ref Proc: 0.2 ms]
      [Ref Enq: 0.0 ms]
      [Redirty Cards: 0.2 ms]
      [Humongous Register: 0.0 ms]
      [Humongous Reclaim: 0.0 ms]
      [Free CSet: 0.2 ms]
   [Eden: 225.0M(225.0M)->0.0B(227.0M) Survivors: 12.0M->30.0M Heap: 283.1M(2048.0M)->273.1M(2048.0M)]
 [Times: user=0.92 sys=0.00, real=0.12 secs] 
2020-09-29T12:04:36.164+0200: 164.851: [GC pause (G1 Evacuation Pause) (young), 0.1454290 secs]
   [Parallel Time: 144.3 ms, GC Workers: 8]
      [GC Worker Start (ms): Min: 164850.9, Avg: 164851.0, Max: 164851.1, Diff: 0.2]
      [Ext Root Scanning (ms): Min: 0.0, Avg: 0.1, Max: 0.1, Diff: 0.1, Sum: 0.4]
      [Update RS (ms): Min: 15.7, Avg: 15.8, Max: 16.2, Diff: 0.5, Sum: 126.5]
         [Processed Buffers: Min: 16, Avg: 17.6, Max: 19, Diff: 3, Sum: 141]
      [Scan RS (ms): Min: 11.6, Avg: 12.5, Max: 16.2, Diff: 4.6, Sum: 100.1]
      [Code Root Scanning (ms): Min: 0.0, Avg: 0.0, Max: 0.0, Diff: 0.0, Sum: 0.0]
      [Object Copy (ms): Min: 112.0, Avg: 115.6, Max: 116.2, Diff: 4.1, Sum: 924.9]
      [Termination (ms): Min: 0.0, Avg: 0.1, Max: 0.1, Diff: 0.1, Sum: 0.7]
         [Termination Attempts: Min: 1, Avg: 607.0, Max: 864, Diff: 863, Sum: 4856]
      [GC Worker Other (ms): Min: 0.0, Avg: 0.0, Max: 0.1, Diff: 0.0, Sum: 0.3]
      [GC Worker Total (ms): Min: 144.0, Avg: 144.1, Max: 144.2, Diff: 0.2, Sum: 1152.9]
      [GC Worker End (ms): Min: 164995.1, Avg: 164995.1, Max: 164995.2, Diff: 0.0]
   [Code Root Fixup: 0.0 ms]
   [Code Root Purge: 0.0 ms]
   [Clear CT: 0.2 ms]
   [Other: 0.9 ms]
      [Choose CSet: 0.0 ms]
      [Ref Proc: 0.2 ms]
      [Ref Enq: 0.0 ms]
      [Redirty Cards: 0.2 ms]
      [Humongous Register: 0.0 ms]
      [Humongous Reclaim: 0.0 ms]
      [Free CSet: 0.2 ms]
   [Eden: 227.0M(227.0M)->0.0B(233.0M) Survivors: 30.0M->33.0M Heap: 538.3M(2048.0M)->540.3M(2048.0M)]
 [Times: user=1.09 sys=0.02, real=0.14 secs] 
2020-09-29T12:04:36.461+0200: 165.148: [GC pause (G1 Evacuation Pause) (young), 0.1526245 secs]
   [Parallel Time: 151.5 ms, GC Workers: 8]
      [GC Worker Start (ms): Min: 165148.4, Avg: 165148.5, Max: 165148.6, Diff: 0.2]
      [Ext Root Scanning (ms): Min: 0.0, Avg: 0.1, Max: 0.2, Diff: 0.2, Sum: 0.5]
      [Update RS (ms): Min: 12.0, Avg: 12.3, Max: 12.7, Diff: 0.7, Sum: 98.7]
         [Processed Buffers: Min: 13, Avg: 13.5, Max: 14, Diff: 1, Sum: 108]
      [Scan RS (ms): Min: 13.3, Avg: 13.7, Max: 14.1, Diff: 0.8, Sum: 109.6]
      [Code Root Scanning (ms): Min: 0.0, Avg: 0.0, Max: 0.0, Diff: 0.0, Sum: 0.0]
      [Object Copy (ms): Min: 124.9, Avg: 125.0, Max: 125.2, Diff: 0.2, Sum: 1000.0]
      [Termination (ms): Min: 0.0, Avg: 0.2, Max: 0.2, Diff: 0.2, Sum: 1.4]
         [Termination Attempts: Min: 1, Avg: 1012.0, Max: 1243, Diff: 1242, Sum: 8096]
      [GC Worker Other (ms): Min: 0.0, Avg: 0.0, Max: 0.0, Diff: 0.0, Sum: 0.1]
      [GC Worker Total (ms): Min: 151.2, Avg: 151.3, Max: 151.4, Diff: 0.2, Sum: 1210.3]
      [GC Worker End (ms): Min: 165299.8, Avg: 165299.8, Max: 165299.8, Diff: 0.0]
   [Code Root Fixup: 0.0 ms]
   [Code Root Purge: 0.0 ms]
   [Clear CT: 0.3 ms]
   [Other: 0.9 ms]
      [Choose CSet: 0.0 ms]
      [Ref Proc: 0.1 ms]
      [Ref Enq: 0.0 ms]
      [Redirty Cards: 0.2 ms]
      [Humongous Register: 0.0 ms]
      [Humongous Reclaim: 0.0 ms]
      [Free CSet: 0.3 ms]
   [Eden: 233.0M(233.0M)->0.0B(239.0M) Survivors: 33.0M->34.0M Heap: 811.4M(2048.0M)->812.9M(2048.0M)]
 [Times: user=1.06 sys=0.02, real=0.15 secs] 
2020-09-29T12:04:36.772+0200: 165.459: [GC pause (G1 Evacuation Pause) (young), 0.1490632 secs]
   [Parallel Time: 148.0 ms, GC Workers: 8]
      [GC Worker Start (ms): Min: 165459.5, Avg: 165459.6, Max: 165459.6, Diff: 0.1]
      [Ext Root Scanning (ms): Min: 0.0, Avg: 0.1, Max: 0.1, Diff: 0.1, Sum: 0.5]
      [Update RS (ms): Min: 13.4, Avg: 13.5, Max: 13.7, Diff: 0.2, Sum: 108.2]
         [Processed Buffers: Min: 14, Avg: 15.5, Max: 17, Diff: 3, Sum: 124]
      [Scan RS (ms): Min: 12.9, Avg: 13.1, Max: 13.2, Diff: 0.3, Sum: 104.6]
      [Code Root Scanning (ms): Min: 0.0, Avg: 0.0, Max: 0.0, Diff: 0.0, Sum: 0.0]
      [Object Copy (ms): Min: 120.8, Avg: 120.9, Max: 121.2, Diff: 0.3, Sum: 967.5]
      [Termination (ms): Min: 0.0, Avg: 0.2, Max: 0.2, Diff: 0.2, Sum: 1.4]
         [Termination Attempts: Min: 1, Avg: 1206.1, Max: 1568, Diff: 1567, Sum: 9649]
      [GC Worker Other (ms): Min: 0.0, Avg: 0.0, Max: 0.0, Diff: 0.0, Sum: 0.3]
      [GC Worker Total (ms): Min: 147.7, Avg: 147.8, Max: 147.9, Diff: 0.1, Sum: 1182.5]
      [GC Worker End (ms): Min: 165607.4, Avg: 165607.4, Max: 165607.4, Diff: 0.0]
   [Code Root Fixup: 0.0 ms]
   [Code Root Purge: 0.0 ms]
   [Clear CT: 0.2 ms]
   [Other: 0.9 ms]
      [Choose CSet: 0.0 ms]
      [Ref Proc: 0.2 ms]
      [Ref Enq: 0.0 ms]
      [Redirty Cards: 0.3 ms]
      [Humongous Register: 0.0 ms]
      [Humongous Reclaim: 0.0 ms]
      [Free CSet: 0.3 ms]
   [Eden: 239.0M(239.0M)->0.0B(250.0M) Survivors: 34.0M->35.0M Heap: 1092.0M(2048.0M)->1094.0M(2048.0M)]
 [Times: user=1.09 sys=0.00, real=0.15 secs] 
2020-09-29T12:04:36.927+0200: 165.614: [GC pause (G1 Humongous Allocation) (young) (initial-mark), 0.0567552 secs]
   [Parallel Time: 55.9 ms, GC Workers: 8]
      [GC Worker Start (ms): Min: 165614.3, Avg: 165614.4, Max: 165614.5, Diff: 0.2]
      [Ext Root Scanning (ms): Min: 0.0, Avg: 2.6, Max: 10.4, Diff: 10.4, Sum: 21.0]
      [Update RS (ms): Min: 27.1, Avg: 34.8, Max: 37.6, Diff: 10.5, Sum: 278.6]
         [Processed Buffers: Min: 30, Avg: 37.8, Max: 42, Diff: 12, Sum: 302]
      [Scan RS (ms): Min: 1.9, Avg: 2.2, Max: 2.4, Diff: 0.4, Sum: 17.4]
      [Code Root Scanning (ms): Min: 0.0, Avg: 0.0, Max: 0.0, Diff: 0.0, Sum: 0.0]
      [Object Copy (ms): Min: 16.0, Avg: 16.1, Max: 16.1, Diff: 0.1, Sum: 128.7]
      [Termination (ms): Min: 0.0, Avg: 0.0, Max: 0.0, Diff: 0.0, Sum: 0.1]
         [Termination Attempts: Min: 1, Avg: 35.0, Max: 53, Diff: 52, Sum: 280]
      [GC Worker Other (ms): Min: 0.0, Avg: 0.0, Max: 0.0, Diff: 0.0, Sum: 0.2]
      [GC Worker Total (ms): Min: 55.6, Avg: 55.7, Max: 55.8, Diff: 0.2, Sum: 445.9]
      [GC Worker End (ms): Min: 165670.1, Avg: 165670.1, Max: 165670.1, Diff: 0.0]
   [Code Root Fixup: 0.0 ms]
   [Code Root Purge: 0.0 ms]
   [Clear CT: 0.2 ms]
   [Other: 0.6 ms]
      [Choose CSet: 0.0 ms]
      [Ref Proc: 0.2 ms]
      [Ref Enq: 0.0 ms]
      [Redirty Cards: 0.2 ms]
      [Humongous Register: 0.0 ms]
      [Humongous Reclaim: 0.0 ms]
      [Free CSet: 0.1 ms]
   [Eden: 4096.0K(250.0M)->0.0B(290.0M) Survivors: 35.0M->5120.0K Heap: 1097.5M(2048.0M)->1101.0M(2048.0M)]
 [Times: user=0.38 sys=0.00, real=0.06 secs] 
2020-09-29T12:04:36.983+0200: 165.671: [GC concurrent-root-region-scan-start]
2020-09-29T12:04:36.984+0200: 165.672: [GC concurrent-root-region-scan-end, 0.0009429 secs]
2020-09-29T12:04:36.984+0200: 165.672: [GC concurrent-mark-start]
2020-09-29T12:04:36.987+0200: 165.675: [GC concurrent-mark-end, 0.0026057 secs]
2020-09-29T12:04:36.987+0200: 165.675: [GC remark 2020-09-29T12:04:36.987+0200: 165.675: [Finalize Marking, 0.0002056 secs] 2020-09-29T12:04:36.987+0200: 165.675: [GC ref-proc, 0.0002945 secs] 2020-09-29T12:04:36.988+0200: 165.675: [Unloading, 0.0004531 secs], 0.0013938 secs]
 [Times: user=0.00 sys=0.00, real=0.00 secs] 
2020-09-29T12:04:36.989+0200: 165.676: [GC cleanup 1110M->22M(2048M), 0.0010753 secs]
 [Times: user=0.00 sys=0.00, real=0.00 secs] 
2020-09-29T12:04:36.990+0200: 165.678: [GC concurrent-cleanup-start]
2020-09-29T12:04:36.991+0200: 165.679: [GC concurrent-cleanup-end, 0.0012991 secs]
2020-09-29T12:04:37.168+0200: 165.855: [GC pause (G1 Evacuation Pause) (young), 0.1516179 secs]
   [Parallel Time: 150.4 ms, GC Workers: 8]
      [GC Worker Start (ms): Min: 165855.7, Avg: 165855.7, Max: 165855.9, Diff: 0.2]
      [Ext Root Scanning (ms): Min: 0.0, Avg: 0.1, Max: 0.2, Diff: 0.2, Sum: 0.7]
      [Update RS (ms): Min: 16.6, Avg: 16.9, Max: 17.5, Diff: 0.8, Sum: 134.8]
         [Processed Buffers: Min: 17, Avg: 18.8, Max: 21, Diff: 4, Sum: 150]
      [Scan RS (ms): Min: 11.8, Avg: 12.6, Max: 13.4, Diff: 1.5, Sum: 101.2]
      [Code Root Scanning (ms): Min: 0.0, Avg: 0.0, Max: 0.0, Diff: 0.0, Sum: 0.0]
      [Object Copy (ms): Min: 120.0, Avg: 120.5, Max: 120.7, Diff: 0.8, Sum: 963.8]
      [Termination (ms): Min: 0.1, Avg: 0.1, Max: 0.2, Diff: 0.1, Sum: 1.0]
         [Termination Attempts: Min: 1, Avg: 469.3, Max: 628, Diff: 627, Sum: 3754]
      [GC Worker Other (ms): Min: 0.0, Avg: 0.0, Max: 0.0, Diff: 0.0, Sum: 0.1]
      [GC Worker Total (ms): Min: 150.1, Avg: 150.2, Max: 150.3, Diff: 0.2, Sum: 1201.7]
      [GC Worker End (ms): Min: 166005.9, Avg: 166006.0, Max: 166006.0, Diff: 0.1]
   [Code Root Fixup: 0.0 ms]
   [Code Root Purge: 0.0 ms]
   [Clear CT: 0.2 ms]
   [Other: 1.0 ms]
      [Choose CSet: 0.0 ms]
      [Ref Proc: 0.2 ms]
      [Ref Enq: 0.0 ms]
      [Redirty Cards: 0.2 ms]
      [Humongous Register: 0.1 ms]
      [Humongous Reclaim: 0.0 ms]
      [Free CSet: 0.3 ms]
   [Eden: 290.0M(290.0M)->0.0B(273.0M) Survivors: 5120.0K->37.0M Heap: 352.6M(2048.0M)->350.1M(2048.0M)]
 [Times: user=1.25 sys=0.00, real=0.15 secs] 
2020-09-29T12:04:37.492+0200: 166.180: [GC pause (G1 Evacuation Pause) (young), 0.2020829 secs]
   [Parallel Time: 200.7 ms, GC Workers: 8]
      [GC Worker Start (ms): Min: 166179.8, Avg: 166179.9, Max: 166180.0, Diff: 0.2]
      [Ext Root Scanning (ms): Min: 0.0, Avg: 0.1, Max: 0.2, Diff: 0.1, Sum: 0.6]
      [Update RS (ms): Min: 16.6, Avg: 16.7, Max: 16.9, Diff: 0.3, Sum: 133.5]
         [Processed Buffers: Min: 17, Avg: 18.8, Max: 21, Diff: 4, Sum: 150]
      [Scan RS (ms): Min: 16.1, Avg: 16.4, Max: 16.7, Diff: 0.6, Sum: 131.1]
      [Code Root Scanning (ms): Min: 0.0, Avg: 0.0, Max: 0.0, Diff: 0.0, Sum: 0.0]
      [Object Copy (ms): Min: 167.0, Avg: 167.3, Max: 167.4, Diff: 0.4, Sum: 1338.0]
      [Termination (ms): Min: 0.0, Avg: 0.0, Max: 0.1, Diff: 0.1, Sum: 0.4]
         [Termination Attempts: Min: 1, Avg: 35.1, Max: 73, Diff: 72, Sum: 281]
      [GC Worker Other (ms): Min: 0.0, Avg: 0.0, Max: 0.0, Diff: 0.0, Sum: 0.1]
      [GC Worker Total (ms): Min: 200.4, Avg: 200.5, Max: 200.5, Diff: 0.2, Sum: 1603.7]
      [GC Worker End (ms): Min: 166380.3, Avg: 166380.4, Max: 166380.4, Diff: 0.0]
   [Code Root Fixup: 0.0 ms]
   [Code Root Purge: 0.0 ms]
   [Clear CT: 0.3 ms]
   [Other: 1.1 ms]
      [Choose CSet: 0.0 ms]
      [Ref Proc: 0.2 ms]
      [Ref Enq: 0.0 ms]
      [Redirty Cards: 0.3 ms]
      [Humongous Register: 0.0 ms]
      [Humongous Reclaim: 0.0 ms]
      [Free CSet: 0.3 ms]
   [Eden: 273.0M(273.0M)->0.0B(248.0M) Survivors: 37.0M->39.0M Heap: 668.9M(2048.0M)->670.9M(2048.0M)]
 [Times: user=1.44 sys=0.00, real=0.20 secs] 
2020-09-29T12:04:37.865+0200: 166.553: [GC pause (G1 Evacuation Pause) (young), 0.1662275 secs]
   [Parallel Time: 165.2 ms, GC Workers: 8]
      [GC Worker Start (ms): Min: 166553.2, Avg: 166553.3, Max: 166553.3, Diff: 0.2]
      [Ext Root Scanning (ms): Min: 0.0, Avg: 0.1, Max: 0.1, Diff: 0.1, Sum: 0.6]
      [Update RS (ms): Min: 21.8, Avg: 22.3, Max: 22.8, Diff: 0.9, Sum: 178.1]
         [Processed Buffers: Min: 18, Avg: 20.8, Max: 24, Diff: 6, Sum: 166]
      [Scan RS (ms): Min: 13.4, Avg: 13.9, Max: 14.3, Diff: 0.9, Sum: 111.0]
      [Code Root Scanning (ms): Min: 0.0, Avg: 0.0, Max: 0.0, Diff: 0.0, Sum: 0.0]
      [Object Copy (ms): Min: 128.5, Avg: 128.6, Max: 128.8, Diff: 0.2, Sum: 1029.0]
      [Termination (ms): Min: 0.0, Avg: 0.2, Max: 0.2, Diff: 0.2, Sum: 1.4]
         [Termination Attempts: Min: 1, Avg: 1307.1, Max: 1673, Diff: 1672, Sum: 10457]
      [GC Worker Other (ms): Min: 0.0, Avg: 0.0, Max: 0.1, Diff: 0.0, Sum: 0.2]
      [GC Worker Total (ms): Min: 165.0, Avg: 165.0, Max: 165.1, Diff: 0.1, Sum: 1320.3]
      [GC Worker End (ms): Min: 166718.3, Avg: 166718.3, Max: 166718.3, Diff: 0.0]
   [Code Root Fixup: 0.0 ms]
   [Code Root Purge: 0.0 ms]
   [Clear CT: 0.2 ms]
   [Other: 0.8 ms]
      [Choose CSet: 0.0 ms]
      [Ref Proc: 0.2 ms]
      [Ref Enq: 0.0 ms]
      [Redirty Cards: 0.2 ms]
      [Humongous Register: 0.0 ms]
      [Humongous Reclaim: 0.0 ms]
      [Free CSet: 0.2 ms]
   [Eden: 248.0M(248.0M)->0.0B(254.0M) Survivors: 39.0M->36.0M Heap: 958.9M(2048.0M)->960.9M(2048.0M)]
 [Times: user=1.22 sys=0.00, real=0.17 secs] 
2020-09-29T12:04:38.033+0200: 166.720: [GC pause (G1 Humongous Allocation) (young) (initial-mark), 0.0613780 secs]
   [Parallel Time: 60.4 ms, GC Workers: 8]
      [GC Worker Start (ms): Min: 166720.5, Avg: 166720.6, Max: 166720.7, Diff: 0.2]
      [Ext Root Scanning (ms): Min: 0.0, Avg: 0.2, Max: 0.3, Diff: 0.3, Sum: 1.5]
      [Update RS (ms): Min: 41.3, Avg: 41.7, Max: 42.0, Diff: 0.7, Sum: 333.9]
         [Processed Buffers: Min: 44, Avg: 48.1, Max: 51, Diff: 7, Sum: 385]
      [Scan RS (ms): Min: 0.0, Avg: 0.0, Max: 0.0, Diff: 0.0, Sum: 0.0]
      [Code Root Scanning (ms): Min: 0.0, Avg: 0.0, Max: 0.0, Diff: 0.0, Sum: 0.0]
      [Object Copy (ms): Min: 18.1, Avg: 18.3, Max: 18.5, Diff: 0.4, Sum: 146.1]
      [Termination (ms): Min: 0.0, Avg: 0.0, Max: 0.0, Diff: 0.0, Sum: 0.2]
         [Termination Attempts: Min: 1, Avg: 195.6, Max: 255, Diff: 254, Sum: 1565]
      [GC Worker Other (ms): Min: 0.0, Avg: 0.0, Max: 0.1, Diff: 0.0, Sum: 0.2]
      [GC Worker Total (ms): Min: 60.2, Avg: 60.3, Max: 60.3, Diff: 0.2, Sum: 482.0]
      [GC Worker End (ms): Min: 166780.8, Avg: 166780.9, Max: 166780.9, Diff: 0.0]
   [Code Root Fixup: 0.0 ms]
   [Code Root Purge: 0.0 ms]
   [Clear CT: 0.1 ms]
   [Other: 0.8 ms]
      [Choose CSet: 0.0 ms]
      [Ref Proc: 0.2 ms]
      [Ref Enq: 0.0 ms]
      [Redirty Cards: 0.2 ms]
      [Humongous Register: 0.1 ms]
      [Humongous Reclaim: 0.0 ms]
      [Free CSet: 0.1 ms]
   [Eden: 2048.0K(254.0M)->0.0B(282.0M) Survivors: 36.0M->3072.0K Heap: 962.9M(2048.0M)->965.4M(2048.0M)]
 [Times: user=0.50 sys=0.00, real=0.06 secs] 
2020-09-29T12:04:38.094+0200: 166.782: [GC concurrent-root-region-scan-start]
2020-09-29T12:04:38.095+0200: 166.783: [GC concurrent-root-region-scan-end, 0.0007113 secs]
2020-09-29T12:04:38.095+0200: 166.783: [GC concurrent-mark-start]
2020-09-29T12:04:38.098+0200: 166.786: [GC concurrent-mark-end, 0.0034394 secs]
2020-09-29T12:04:38.099+0200: 166.786: [GC remark 2020-09-29T12:04:38.099+0200: 166.786: [Finalize Marking, 0.0002515 secs] 2020-09-29T12:04:38.099+0200: 166.787: [GC ref-proc, 0.0003977 secs] 2020-09-29T12:04:38.099+0200: 166.787: [Unloading, 0.0005343 secs], 0.0015824 secs]
 [Times: user=0.00 sys=0.00, real=0.00 secs] 
2020-09-29T12:04:38.101+0200: 166.788: [GC cleanup 975M->20M(2048M), 0.0014344 secs]
 [Times: user=0.00 sys=0.00, real=0.00 secs] 
2020-09-29T12:04:38.102+0200: 166.790: [GC concurrent-cleanup-start]
2020-09-29T12:04:38.104+0200: 166.791: [GC concurrent-cleanup-end, 0.0014104 secs]
2020-09-29T12:04:38.251+0200: 166.939: [GC pause (G1 Evacuation Pause) (young), 0.1694203 secs]
   [Parallel Time: 168.2 ms, GC Workers: 8]
      [GC Worker Start (ms): Min: 166939.3, Avg: 166939.4, Max: 166939.5, Diff: 0.2]
      [Ext Root Scanning (ms): Min: 0.0, Avg: 0.1, Max: 0.2, Diff: 0.2, Sum: 0.5]
      [Update RS (ms): Min: 19.1, Avg: 19.3, Max: 19.8, Diff: 0.7, Sum: 154.1]
         [Processed Buffers: Min: 8, Avg: 17.1, Max: 20, Diff: 12, Sum: 137]
      [Scan RS (ms): Min: 14.5, Avg: 15.1, Max: 15.2, Diff: 0.7, Sum: 120.7]
      [Code Root Scanning (ms): Min: 0.0, Avg: 0.0, Max: 0.0, Diff: 0.0, Sum: 0.0]
      [Object Copy (ms): Min: 133.3, Avg: 133.4, Max: 133.5, Diff: 0.2, Sum: 1067.0]
      [Termination (ms): Min: 0.0, Avg: 0.1, Max: 0.2, Diff: 0.2, Sum: 1.0]
         [Termination Attempts: Min: 1, Avg: 986.3, Max: 1271, Diff: 1270, Sum: 7890]
      [GC Worker Other (ms): Min: 0.0, Avg: 0.0, Max: 0.1, Diff: 0.0, Sum: 0.3]
      [GC Worker Total (ms): Min: 167.9, Avg: 168.0, Max: 168.0, Diff: 0.2, Sum: 1343.7]
      [GC Worker End (ms): Min: 167107.3, Avg: 167107.3, Max: 167107.4, Diff: 0.0]
   [Code Root Fixup: 0.0 ms]
   [Code Root Purge: 0.0 ms]
   [Clear CT: 0.2 ms]
   [Other: 1.0 ms]
      [Choose CSet: 0.0 ms]
      [Ref Proc: 0.2 ms]
      [Ref Enq: 0.0 ms]
      [Redirty Cards: 0.2 ms]
      [Humongous Register: 0.0 ms]
      [Humongous Reclaim: 0.0 ms]
      [Free CSet: 0.3 ms]
   [Eden: 282.0M(282.0M)->0.0B(253.0M) Survivors: 3072.0K->36.0M Heap: 340.2M(2048.0M)->339.2M(2048.0M)]
 [Times: user=1.36 sys=0.00, real=0.17 secs] 
2020-09-29T12:04:38.561+0200: 167.248: [GC pause (G1 Evacuation Pause) (young), 0.1575332 secs]
   [Parallel Time: 156.3 ms, GC Workers: 8]
      [GC Worker Start (ms): Min: 167248.5, Avg: 167248.6, Max: 167248.7, Diff: 0.2]
      [Ext Root Scanning (ms): Min: 0.0, Avg: 0.1, Max: 0.2, Diff: 0.2, Sum: 0.4]
      [Update RS (ms): Min: 16.8, Avg: 16.9, Max: 17.2, Diff: 0.5, Sum: 135.4]
         [Processed Buffers: Min: 16, Avg: 18.0, Max: 20, Diff: 4, Sum: 144]
      [Scan RS (ms): Min: 14.5, Avg: 14.8, Max: 15.0, Diff: 0.5, Sum: 118.2]
      [Code Root Scanning (ms): Min: 0.0, Avg: 0.0, Max: 0.0, Diff: 0.0, Sum: 0.0]
      [Object Copy (ms): Min: 124.3, Avg: 124.3, Max: 124.4, Diff: 0.1, Sum: 994.4]
      [Termination (ms): Min: 0.0, Avg: 0.1, Max: 0.1, Diff: 0.1, Sum: 0.5]
         [Termination Attempts: Min: 1, Avg: 405.6, Max: 532, Diff: 531, Sum: 3245]
      [GC Worker Other (ms): Min: 0.0, Avg: 0.0, Max: 0.1, Diff: 0.0, Sum: 0.3]
      [GC Worker Total (ms): Min: 156.1, Avg: 156.2, Max: 156.3, Diff: 0.2, Sum: 1249.2]
      [GC Worker End (ms): Min: 167404.7, Avg: 167404.8, Max: 167404.8, Diff: 0.0]
   [Code Root Fixup: 0.0 ms]
   [Code Root Purge: 0.0 ms]
   [Clear CT: 0.2 ms]
   [Other: 1.0 ms]
      [Choose CSet: 0.0 ms]
      [Ref Proc: 0.2 ms]
      [Ref Enq: 0.0 ms]
      [Redirty Cards: 0.2 ms]
      [Humongous Register: 0.0 ms]
      [Humongous Reclaim: 0.0 ms]
      [Free CSet: 0.3 ms]
   [Eden: 253.0M(253.0M)->0.0B(261.0M) Survivors: 36.0M->37.0M Heap: 634.1M(2048.0M)->636.1M(2048.0M)]
 [Times: user=1.23 sys=0.00, real=0.16 secs] 
2020-09-29T12:04:38.874+0200: 167.562: [GC pause (G1 Evacuation Pause) (young), 0.1810666 secs]
   [Parallel Time: 179.9 ms, GC Workers: 8]
      [GC Worker Start (ms): Min: 167561.9, Avg: 167562.0, Max: 167562.1, Diff: 0.2]
      [Ext Root Scanning (ms): Min: 0.0, Avg: 0.1, Max: 0.1, Diff: 0.1, Sum: 0.4]
      [Update RS (ms): Min: 16.8, Avg: 16.9, Max: 17.2, Diff: 0.4, Sum: 135.5]
         [Processed Buffers: Min: 19, Avg: 20.1, Max: 23, Diff: 4, Sum: 161]
      [Scan RS (ms): Min: 11.8, Avg: 12.1, Max: 12.2, Diff: 0.4, Sum: 96.8]
      [Code Root Scanning (ms): Min: 0.0, Avg: 0.0, Max: 0.0, Diff: 0.0, Sum: 0.0]
      [Object Copy (ms): Min: 150.0, Avg: 150.2, Max: 150.6, Diff: 0.5, Sum: 1201.5]
      [Termination (ms): Min: 0.0, Avg: 0.3, Max: 0.5, Diff: 0.5, Sum: 2.5]
         [Termination Attempts: Min: 1, Avg: 2143.0, Max: 3114, Diff: 3113, Sum: 17144]
      [GC Worker Other (ms): Min: 0.0, Avg: 0.1, Max: 0.1, Diff: 0.1, Sum: 0.5]
      [GC Worker Total (ms): Min: 179.6, Avg: 179.7, Max: 179.8, Diff: 0.2, Sum: 1437.2]
      [GC Worker End (ms): Min: 167741.6, Avg: 167741.6, Max: 167741.7, Diff: 0.1]
   [Code Root Fixup: 0.0 ms]
   [Code Root Purge: 0.0 ms]
   [Clear CT: 0.2 ms]
   [Other: 1.0 ms]
      [Choose CSet: 0.0 ms]
      [Ref Proc: 0.2 ms]
      [Ref Enq: 0.0 ms]
      [Redirty Cards: 0.2 ms]
      [Humongous Register: 0.0 ms]
      [Humongous Reclaim: 0.0 ms]
      [Free CSet: 0.3 ms]
   [Eden: 261.0M(261.0M)->0.0B(258.0M) Survivors: 37.0M->38.0M Heap: 941.0M(2048.0M)->942.5M(2048.0M)]
 [Times: user=1.45 sys=0.00, real=0.18 secs] 
2020-09-29T12:04:39.095+0200: 167.783: [GC pause (G1 Humongous Allocation) (young) (initial-mark), 0.0666622 secs]
   [Parallel Time: 65.8 ms, GC Workers: 8]
      [GC Worker Start (ms): Min: 167783.1, Avg: 167783.2, Max: 167783.2, Diff: 0.1]
      [Ext Root Scanning (ms): Min: 0.0, Avg: 0.1, Max: 0.2, Diff: 0.1, Sum: 0.7]
      [Update RS (ms): Min: 20.9, Avg: 21.2, Max: 21.3, Diff: 0.4, Sum: 169.5]
         [Processed Buffers: Min: 20, Avg: 22.8, Max: 26, Diff: 6, Sum: 182]
      [Scan RS (ms): Min: 2.5, Avg: 2.8, Max: 3.0, Diff: 0.5, Sum: 22.1]
      [Code Root Scanning (ms): Min: 0.0, Avg: 0.0, Max: 0.0, Diff: 0.0, Sum: 0.0]
      [Object Copy (ms): Min: 41.4, Avg: 41.5, Max: 41.6, Diff: 0.2, Sum: 332.3]
      [Termination (ms): Min: 0.0, Avg: 0.0, Max: 0.0, Diff: 0.0, Sum: 0.2]
         [Termination Attempts: Min: 1, Avg: 147.5, Max: 203, Diff: 202, Sum: 1180]
      [GC Worker Other (ms): Min: 0.0, Avg: 0.0, Max: 0.0, Diff: 0.0, Sum: 0.2]
      [GC Worker Total (ms): Min: 65.6, Avg: 65.6, Max: 65.7, Diff: 0.1, Sum: 525.0]
      [GC Worker End (ms): Min: 167848.8, Avg: 167848.8, Max: 167848.8, Diff: 0.0]
   [Code Root Fixup: 0.0 ms]
   [Code Root Purge: 0.0 ms]
   [Clear CT: 0.1 ms]
   [Other: 0.7 ms]
      [Choose CSet: 0.0 ms]
      [Ref Proc: 0.2 ms]
      [Ref Enq: 0.0 ms]
      [Redirty Cards: 0.2 ms]
      [Humongous Register: 0.0 ms]
      [Humongous Reclaim: 0.0 ms]
      [Free CSet: 0.1 ms]
   [Eden: 63.0M(258.0M)->0.0B(282.0M) Survivors: 38.0M->37.0M Heap: 1014.6M(2048.0M)->1016.6M(2048.0M)]
 [Times: user=0.63 sys=0.00, real=0.07 secs] 
2020-09-29T12:04:39.162+0200: 167.850: [GC concurrent-root-region-scan-start]
2020-09-29T12:04:39.175+0200: 167.862: [GC concurrent-root-region-scan-end, 0.0127825 secs]
2020-09-29T12:04:39.175+0200: 167.863: [GC concurrent-mark-start]
2020-09-29T12:04:39.179+0200: 167.866: [GC concurrent-mark-end, 0.0037431 secs]
2020-09-29T12:04:39.179+0200: 167.867: [GC remark 2020-09-29T12:04:39.179+0200: 167.867: [Finalize Marking, 0.0002053 secs] 2020-09-29T12:04:39.179+0200: 167.867: [GC ref-proc, 0.0004433 secs] 2020-09-29T12:04:39.180+0200: 167.867: [Unloading, 0.0006318 secs], 0.0018724 secs]
 [Times: user=0.00 sys=0.00, real=0.00 secs] 
2020-09-29T12:04:39.181+0200: 167.869: [GC cleanup 1050M->78M(2048M), 0.0019891 secs]
 [Times: user=0.00 sys=0.00, real=0.00 secs] 
2020-09-29T12:04:39.183+0200: 167.871: [GC concurrent-cleanup-start]
2020-09-29T12:04:39.185+0200: 167.873: [GC concurrent-cleanup-end, 0.0016405 secs]
2020-09-29T12:04:39.334+0200: 168.021: [GC pause (G1 Evacuation Pause) (young), 0.1581890 secs]
   [Parallel Time: 156.9 ms, GC Workers: 8]
      [GC Worker Start (ms): Min: 168021.4, Avg: 168021.5, Max: 168021.5, Diff: 0.2]
      [Ext Root Scanning (ms): Min: 0.0, Avg: 0.1, Max: 0.2, Diff: 0.2, Sum: 0.6]
      [Update RS (ms): Min: 23.5, Avg: 23.7, Max: 24.1, Diff: 0.6, Sum: 189.6]
         [Processed Buffers: Min: 20, Avg: 21.8, Max: 25, Diff: 5, Sum: 174]
      [Scan RS (ms): Min: 13.0, Avg: 13.4, Max: 14.1, Diff: 1.2, Sum: 107.6]
      [Code Root Scanning (ms): Min: 0.0, Avg: 0.0, Max: 0.0, Diff: 0.0, Sum: 0.0]
      [Object Copy (ms): Min: 119.0, Avg: 119.4, Max: 119.5, Diff: 0.5, Sum: 954.9]
      [Termination (ms): Min: 0.0, Avg: 0.1, Max: 0.1, Diff: 0.1, Sum: 0.9]
         [Termination Attempts: Min: 1, Avg: 778.6, Max: 972, Diff: 971, Sum: 6229]
      [GC Worker Other (ms): Min: 0.0, Avg: 0.0, Max: 0.1, Diff: 0.0, Sum: 0.3]
      [GC Worker Total (ms): Min: 156.6, Avg: 156.7, Max: 156.8, Diff: 0.2, Sum: 1253.8]
      [GC Worker End (ms): Min: 168178.2, Avg: 168178.2, Max: 168178.2, Diff: 0.0]
   [Code Root Fixup: 0.0 ms]
   [Code Root Purge: 0.0 ms]
   [Clear CT: 0.2 ms]
   [Other: 1.1 ms]
      [Choose CSet: 0.0 ms]
      [Ref Proc: 0.2 ms]
      [Ref Enq: 0.0 ms]
      [Redirty Cards: 0.3 ms]
      [Humongous Register: 0.0 ms]
      [Humongous Reclaim: 0.0 ms]
      [Free CSet: 0.3 ms]
   [Eden: 282.0M(282.0M)->0.0B(288.0M) Survivors: 37.0M->40.0M Heap: 374.7M(2048.0M)->339.2M(2048.0M)]
 [Times: user=1.25 sys=0.00, real=0.16 secs] 
2020-09-29T12:04:39.663+0200: 168.351: [GC pause (G1 Evacuation Pause) (young), 0.1751121 secs]
   [Parallel Time: 173.8 ms, GC Workers: 8]
      [GC Worker Start (ms): Min: 168350.9, Avg: 168351.0, Max: 168351.1, Diff: 0.2]
      [Ext Root Scanning (ms): Min: 0.0, Avg: 0.1, Max: 0.2, Diff: 0.2, Sum: 0.5]
      [Update RS (ms): Min: 14.3, Avg: 14.6, Max: 15.3, Diff: 1.0, Sum: 117.0]
         [Processed Buffers: Min: 15, Avg: 16.4, Max: 18, Diff: 3, Sum: 131]
      [Scan RS (ms): Min: 17.2, Avg: 18.0, Max: 18.3, Diff: 1.1, Sum: 143.7]
      [Code Root Scanning (ms): Min: 0.0, Avg: 0.0, Max: 0.0, Diff: 0.0, Sum: 0.0]
      [Object Copy (ms): Min: 140.6, Avg: 140.8, Max: 140.9, Diff: 0.2, Sum: 1126.3]
      [Termination (ms): Min: 0.0, Avg: 0.0, Max: 0.0, Diff: 0.0, Sum: 0.2]
         [Termination Attempts: Min: 1, Avg: 171.9, Max: 245, Diff: 244, Sum: 1375]
      [GC Worker Other (ms): Min: 0.0, Avg: 0.1, Max: 0.1, Diff: 0.1, Sum: 0.4]
      [GC Worker Total (ms): Min: 173.5, Avg: 173.5, Max: 173.6, Diff: 0.2, Sum: 1388.1]
      [GC Worker End (ms): Min: 168524.5, Avg: 168524.5, Max: 168524.6, Diff: 0.1]
   [Code Root Fixup: 0.0 ms]
   [Code Root Purge: 0.0 ms]
   [Clear CT: 0.2 ms]
   [Other: 1.1 ms]
      [Choose CSet: 0.0 ms]
      [Ref Proc: 0.2 ms]
      [Ref Enq: 0.0 ms]
      [Redirty Cards: 0.3 ms]
      [Humongous Register: 0.0 ms]
      [Humongous Reclaim: 0.0 ms]
      [Free CSet: 0.3 ms]
   [Eden: 288.0M(288.0M)->0.0B(282.0M) Survivors: 40.0M->41.0M Heap: 674.9M(2048.0M)->677.4M(2048.0M)]
 [Times: user=1.34 sys=0.00, real=0.17 secs] 
2020-09-29T12:04:40.011+0200: 168.699: [GC pause (G1 Evacuation Pause) (young), 0.1949981 secs]
   [Parallel Time: 193.6 ms, GC Workers: 8]
      [GC Worker Start (ms): Min: 168699.2, Avg: 168699.5, Max: 168700.5, Diff: 1.3]
      [Ext Root Scanning (ms): Min: 0.0, Avg: 0.1, Max: 0.1, Diff: 0.1, Sum: 0.7]
      [Update RS (ms): Min: 18.1, Avg: 18.9, Max: 19.8, Diff: 1.7, Sum: 151.3]
         [Processed Buffers: Min: 19, Avg: 21.0, Max: 24, Diff: 5, Sum: 168]
      [Scan RS (ms): Min: 15.7, Avg: 16.5, Max: 18.0, Diff: 2.3, Sum: 131.7]
      [Code Root Scanning (ms): Min: 0.0, Avg: 0.0, Max: 0.0, Diff: 0.0, Sum: 0.0]
      [Object Copy (ms): Min: 156.1, Avg: 157.5, Max: 157.9, Diff: 1.8, Sum: 1260.3]
      [Termination (ms): Min: 0.0, Avg: 0.1, Max: 0.1, Diff: 0.1, Sum: 0.8]
         [Termination Attempts: Min: 1, Avg: 766.4, Max: 968, Diff: 967, Sum: 6131]
      [GC Worker Other (ms): Min: 0.0, Avg: 0.0, Max: 0.1, Diff: 0.0, Sum: 0.2]
      [GC Worker Total (ms): Min: 192.2, Avg: 193.1, Max: 193.5, Diff: 1.3, Sum: 1545.1]
      [GC Worker End (ms): Min: 168892.7, Avg: 168892.7, Max: 168892.7, Diff: 0.0]
   [Code Root Fixup: 0.0 ms]
   [Code Root Purge: 0.0 ms]
   [Clear CT: 0.2 ms]
   [Other: 1.2 ms]
      [Choose CSet: 0.0 ms]
      [Ref Proc: 0.2 ms]
      [Ref Enq: 0.0 ms]
      [Redirty Cards: 0.5 ms]
      [Humongous Register: 0.1 ms]
      [Humongous Reclaim: 0.0 ms]
      [Free CSet: 0.3 ms]
   [Eden: 282.0M(282.0M)->0.0B(267.0M) Survivors: 41.0M->41.0M Heap: 1007.1M(2048.0M)->1009.6M(2048.0M)]
 [Times: user=1.34 sys=0.00, real=0.20 secs] 
2020-09-29T12:04:40.216+0200: 168.904: [GC pause (G1 Humongous Allocation) (young) (initial-mark), 0.0694351 secs]
   [Parallel Time: 68.3 ms, GC Workers: 8]
      [GC Worker Start (ms): Min: 168903.8, Avg: 168903.8, Max: 168903.9, Diff: 0.2]
      [Ext Root Scanning (ms): Min: 0.0, Avg: 0.3, Max: 0.6, Diff: 0.6, Sum: 2.1]
      [Update RS (ms): Min: 40.6, Avg: 40.9, Max: 41.5, Diff: 0.9, Sum: 327.2]
         [Processed Buffers: Min: 37, Avg: 42.9, Max: 46, Diff: 9, Sum: 343]
      [Scan RS (ms): Min: 2.6, Avg: 3.1, Max: 3.3, Diff: 0.7, Sum: 24.4]
      [Code Root Scanning (ms): Min: 0.0, Avg: 0.0, Max: 0.0, Diff: 0.0, Sum: 0.0]
      [Object Copy (ms): Min: 23.7, Avg: 23.9, Max: 23.9, Diff: 0.2, Sum: 190.9]
      [Termination (ms): Min: 0.0, Avg: 0.0, Max: 0.0, Diff: 0.0, Sum: 0.2]
         [Termination Attempts: Min: 1, Avg: 139.3, Max: 241, Diff: 240, Sum: 1114]
      [GC Worker Other (ms): Min: 0.0, Avg: 0.0, Max: 0.0, Diff: 0.0, Sum: 0.2]
      [GC Worker Total (ms): Min: 68.0, Avg: 68.1, Max: 68.2, Diff: 0.2, Sum: 545.0]
      [GC Worker End (ms): Min: 168971.9, Avg: 168971.9, Max: 168972.0, Diff: 0.0]
   [Code Root Fixup: 0.0 ms]
   [Code Root Purge: 0.0 ms]
   [Clear CT: 0.2 ms]
   [Other: 0.9 ms]
      [Choose CSet: 0.0 ms]
      [Ref Proc: 0.2 ms]
      [Ref Enq: 0.0 ms]
      [Redirty Cards: 0.4 ms]
      [Humongous Register: 0.1 ms]
      [Humongous Reclaim: 0.0 ms]
      [Free CSet: 0.1 ms]
   [Eden: 7168.0K(267.0M)->0.0B(290.0M) Survivors: 41.0M->8192.0K Heap: 1016.1M(2048.0M)->1019.6M(2048.0M)]
 [Times: user=0.45 sys=0.00, real=0.07 secs] 
2020-09-29T12:04:40.285+0200: 168.973: [GC concurrent-root-region-scan-start]
2020-09-29T12:04:40.288+0200: 168.976: [GC concurrent-root-region-scan-end, 0.0027910 secs]
2020-09-29T12:04:40.288+0200: 168.976: [GC concurrent-mark-start]
2020-09-29T12:04:40.292+0200: 168.979: [GC concurrent-mark-end, 0.0035523 secs]
2020-09-29T12:04:40.292+0200: 168.980: [GC remark 2020-09-29T12:04:40.292+0200: 168.980: [Finalize Marking, 0.0002648 secs] 2020-09-29T12:04:40.292+0200: 168.980: [GC ref-proc, 0.0003944 secs] 2020-09-29T12:04:40.293+0200: 168.980: [Unloading, 0.0005143 secs], 0.0015733 secs]
 [Times: user=0.00 sys=0.00, real=0.00 secs] 
2020-09-29T12:04:40.294+0200: 168.982: [GC cleanup 1034M->31M(2048M), 0.0016962 secs]
 [Times: user=0.00 sys=0.00, real=0.00 secs] 
2020-09-29T12:04:40.296+0200: 168.983: [GC concurrent-cleanup-start]
2020-09-29T12:04:40.297+0200: 168.985: [GC concurrent-cleanup-end, 0.0012047 secs]
2020-09-29T12:04:40.478+0200: 169.166: [GC pause (G1 Evacuation Pause) (young), 0.1792666 secs]
   [Parallel Time: 178.0 ms, GC Workers: 8]
      [GC Worker Start (ms): Min: 169166.1, Avg: 169166.4, Max: 169167.1, Diff: 1.0]
      [Ext Root Scanning (ms): Min: 0.0, Avg: 0.1, Max: 0.2, Diff: 0.2, Sum: 0.6]
      [Update RS (ms): Min: 15.1, Avg: 15.7, Max: 16.1, Diff: 1.1, Sum: 125.9]
         [Processed Buffers: Min: 17, Avg: 17.9, Max: 20, Diff: 3, Sum: 143]
      [Scan RS (ms): Min: 14.1, Avg: 14.5, Max: 16.1, Diff: 2.0, Sum: 115.8]
      [Code Root Scanning (ms): Min: 0.0, Avg: 0.0, Max: 0.0, Diff: 0.0, Sum: 0.0]
      [Object Copy (ms): Min: 145.6, Avg: 147.3, Max: 147.5, Diff: 1.9, Sum: 1178.1]
      [Termination (ms): Min: 0.0, Avg: 0.0, Max: 0.0, Diff: 0.0, Sum: 0.2]
         [Termination Attempts: Min: 1, Avg: 141.0, Max: 175, Diff: 174, Sum: 1128]
      [GC Worker Other (ms): Min: 0.0, Avg: 0.0, Max: 0.1, Diff: 0.1, Sum: 0.3]
      [GC Worker Total (ms): Min: 176.9, Avg: 177.6, Max: 177.9, Diff: 1.0, Sum: 1420.9]
      [GC Worker End (ms): Min: 169344.0, Avg: 169344.0, Max: 169344.0, Diff: 0.1]
   [Code Root Fixup: 0.0 ms]
   [Code Root Purge: 0.0 ms]
   [Clear CT: 0.2 ms]
   [Other: 1.1 ms]
      [Choose CSet: 0.0 ms]
      [Ref Proc: 0.2 ms]
      [Ref Enq: 0.0 ms]
      [Redirty Cards: 0.2 ms]
      [Humongous Register: 0.1 ms]
      [Humongous Reclaim: 0.0 ms]
      [Free CSet: 0.3 ms]
   [Eden: 290.0M(290.0M)->0.0B(262.0M) Survivors: 8192.0K->38.0M Heap: 355.6M(2048.0M)->349.6M(2048.0M)]
 [Times: user=1.19 sys=0.00, real=0.18 secs] 
2020-09-29T12:04:40.828+0200: 169.516: [GC pause (G1 Evacuation Pause) (young), 0.1588457 secs]
   [Parallel Time: 157.5 ms, GC Workers: 8]
      [GC Worker Start (ms): Min: 169516.1, Avg: 169516.8, Max: 169517.7, Diff: 1.7]
      [Ext Root Scanning (ms): Min: 0.0, Avg: 0.1, Max: 0.2, Diff: 0.2, Sum: 0.6]
      [Update RS (ms): Min: 16.9, Avg: 17.8, Max: 18.8, Diff: 1.9, Sum: 142.6]
         [Processed Buffers: Min: 18, Avg: 20.1, Max: 22, Diff: 4, Sum: 161]
      [Scan RS (ms): Min: 12.4, Avg: 12.9, Max: 13.6, Diff: 1.2, Sum: 103.2]
      [Code Root Scanning (ms): Min: 0.0, Avg: 0.0, Max: 0.0, Diff: 0.0, Sum: 0.0]
      [Object Copy (ms): Min: 125.1, Avg: 125.8, Max: 125.9, Diff: 0.8, Sum: 1006.1]
      [Termination (ms): Min: 0.1, Avg: 0.1, Max: 0.1, Diff: 0.1, Sum: 0.7]
         [Termination Attempts: Min: 1, Avg: 327.3, Max: 433, Diff: 432, Sum: 2618]
      [GC Worker Other (ms): Min: 0.0, Avg: 0.0, Max: 0.0, Diff: 0.0, Sum: 0.1]
      [GC Worker Total (ms): Min: 155.7, Avg: 156.7, Max: 157.4, Diff: 1.7, Sum: 1253.3]
      [GC Worker End (ms): Min: 169673.5, Avg: 169673.5, Max: 169673.5, Diff: 0.0]
   [Code Root Fixup: 0.0 ms]
   [Code Root Purge: 0.0 ms]
   [Clear CT: 0.2 ms]
   [Other: 1.1 ms]
      [Choose CSet: 0.0 ms]
      [Ref Proc: 0.1 ms]
      [Ref Enq: 0.0 ms]
      [Redirty Cards: 0.4 ms]
      [Humongous Register: 0.2 ms]
      [Humongous Reclaim: 0.0 ms]
      [Free CSet: 0.2 ms]
   [Eden: 262.0M(262.0M)->0.0B(271.0M) Survivors: 38.0M->38.0M Heap: 655.5M(2048.0M)->657.5M(2048.0M)]
 [Times: user=1.22 sys=0.00, real=0.16 secs] 
2020-09-29T12:04:41.172+0200: 169.860: [GC pause (G1 Evacuation Pause) (young), 0.2432441 secs]
   [Parallel Time: 242.2 ms, GC Workers: 8]
      [GC Worker Start (ms): Min: 169860.1, Avg: 169860.1, Max: 169860.2, Diff: 0.1]
      [Ext Root Scanning (ms): Min: 0.0, Avg: 0.1, Max: 0.1, Diff: 0.1, Sum: 0.7]
      [Update RS (ms): Min: 21.2, Avg: 22.8, Max: 32.0, Diff: 10.8, Sum: 182.6]
         [Processed Buffers: Min: 0, Avg: 19.9, Max: 25, Diff: 25, Sum: 159]
      [Scan RS (ms): Min: 8.6, Avg: 20.6, Max: 42.7, Diff: 34.1, Sum: 164.5]
      [Code Root Scanning (ms): Min: 0.0, Avg: 0.0, Max: 0.0, Diff: 0.0, Sum: 0.0]
      [Object Copy (ms): Min: 176.8, Avg: 197.8, Max: 201.5, Diff: 24.6, Sum: 1582.6]
      [Termination (ms): Min: 0.1, Avg: 0.7, Max: 1.1, Diff: 1.0, Sum: 5.9]
         [Termination Attempts: Min: 1, Avg: 4397.4, Max: 6597, Diff: 6596, Sum: 35179]
      [GC Worker Other (ms): Min: 0.0, Avg: 0.0, Max: 0.0, Diff: 0.0, Sum: 0.1]
      [GC Worker Total (ms): Min: 242.0, Avg: 242.0, Max: 242.1, Diff: 0.1, Sum: 1936.3]
      [GC Worker End (ms): Min: 170102.1, Avg: 170102.2, Max: 170102.2, Diff: 0.0]
   [Code Root Fixup: 0.0 ms]
   [Code Root Purge: 0.0 ms]
   [Clear CT: 0.2 ms]
   [Other: 0.9 ms]
      [Choose CSet: 0.0 ms]
      [Ref Proc: 0.1 ms]
      [Ref Enq: 0.0 ms]
      [Redirty Cards: 0.2 ms]
      [Humongous Register: 0.0 ms]
      [Humongous Reclaim: 0.0 ms]
      [Free CSet: 0.3 ms]
   [Eden: 271.0M(271.0M)->0.0B(212.0M) Survivors: 38.0M->39.0M Heap: 972.3M(2048.0M)->974.8M(2048.0M)]
 [Times: user=1.70 sys=0.00, real=0.24 secs] 
2020-09-29T12:04:41.423+0200: 170.111: [GC pause (G1 Humongous Allocation) (young) (initial-mark), 0.0664740 secs]
   [Parallel Time: 65.2 ms, GC Workers: 8]
      [GC Worker Start (ms): Min: 170111.1, Avg: 170111.2, Max: 170111.3, Diff: 0.2]
      [Ext Root Scanning (ms): Min: 0.0, Avg: 0.2, Max: 0.3, Diff: 0.3, Sum: 1.4]
      [Update RS (ms): Min: 39.2, Avg: 39.4, Max: 39.8, Diff: 0.6, Sum: 315.4]
         [Processed Buffers: Min: 37, Avg: 41.3, Max: 44, Diff: 7, Sum: 330]
      [Scan RS (ms): Min: 2.1, Avg: 2.4, Max: 2.6, Diff: 0.6, Sum: 19.5]
      [Code Root Scanning (ms): Min: 0.0, Avg: 0.0, Max: 0.0, Diff: 0.0, Sum: 0.0]
      [Object Copy (ms): Min: 22.6, Avg: 22.7, Max: 22.8, Diff: 0.2, Sum: 181.8]
      [Termination (ms): Min: 0.1, Avg: 0.2, Max: 0.2, Diff: 0.1, Sum: 1.2]
         [Termination Attempts: Min: 1, Avg: 650.1, Max: 858, Diff: 857, Sum: 5201]
      [GC Worker Other (ms): Min: 0.0, Avg: 0.0, Max: 0.0, Diff: 0.0, Sum: 0.1]
      [GC Worker Total (ms): Min: 64.8, Avg: 64.9, Max: 65.0, Diff: 0.2, Sum: 519.4]
      [GC Worker End (ms): Min: 170176.1, Avg: 170176.1, Max: 170176.1, Diff: 0.1]
   [Code Root Fixup: 0.0 ms]
   [Code Root Purge: 0.0 ms]
   [Clear CT: 0.2 ms]
   [Other: 1.1 ms]
      [Choose CSet: 0.0 ms]
      [Ref Proc: 0.3 ms]
      [Ref Enq: 0.0 ms]
      [Redirty Cards: 0.4 ms]
      [Humongous Register: 0.1 ms]
      [Humongous Reclaim: 0.0 ms]
      [Free CSet: 0.1 ms]
   [Eden: 2048.0K(212.0M)->0.0B(250.0M) Survivors: 39.0M->4096.0K Heap: 976.3M(2048.0M)->979.8M(2048.0M)]
 [Times: user=0.45 sys=0.02, real=0.07 secs] 
2020-09-29T12:04:41.490+0200: 170.178: [GC concurrent-root-region-scan-start]
2020-09-29T12:04:41.490+0200: 170.178: [GC concurrent-root-region-scan-end, 0.0004897 secs]
2020-09-29T12:04:41.490+0200: 170.178: [GC concurrent-mark-start]
2020-09-29T12:04:41.497+0200: 170.185: [GC concurrent-mark-end, 0.0071297 secs]
2020-09-29T12:04:41.499+0200: 170.186: [GC remark 2020-09-29T12:04:41.499+0200: 170.186: [Finalize Marking, 0.0002857 secs] 2020-09-29T12:04:41.499+0200: 170.187: [GC ref-proc, 0.0003868 secs] 2020-09-29T12:04:41.499+0200: 170.187: [Unloading, 0.0004857 secs], 0.0016199 secs]
 [Times: user=0.00 sys=0.00, real=0.00 secs] 
2020-09-29T12:04:41.501+0200: 170.188: [GC cleanup 997M->29M(2048M), 0.0035670 secs]
 [Times: user=0.00 sys=0.00, real=0.00 secs] 
2020-09-29T12:04:41.504+0200: 170.192: [GC concurrent-cleanup-start]
2020-09-29T12:04:41.506+0200: 170.194: [GC concurrent-cleanup-end, 0.0017143 secs]
2020-09-29T12:04:41.647+0200: 170.335: [GC pause (G1 Evacuation Pause) (young), 0.1467131 secs]
   [Parallel Time: 145.1 ms, GC Workers: 8]
      [GC Worker Start (ms): Min: 170335.0, Avg: 170335.1, Max: 170335.3, Diff: 0.3]
      [Ext Root Scanning (ms): Min: 0.0, Avg: 0.1, Max: 0.3, Diff: 0.3, Sum: 0.8]
      [Update RS (ms): Min: 18.2, Avg: 18.5, Max: 18.9, Diff: 0.7, Sum: 147.9]
         [Processed Buffers: Min: 17, Avg: 18.6, Max: 20, Diff: 3, Sum: 149]
      [Scan RS (ms): Min: 9.9, Avg: 10.2, Max: 10.5, Diff: 0.6, Sum: 81.8]
      [Code Root Scanning (ms): Min: 0.0, Avg: 0.0, Max: 0.0, Diff: 0.0, Sum: 0.0]
      [Object Copy (ms): Min: 115.7, Avg: 115.8, Max: 116.0, Diff: 0.3, Sum: 926.2]
      [Termination (ms): Min: 0.0, Avg: 0.2, Max: 0.3, Diff: 0.3, Sum: 1.9]
         [Termination Attempts: Min: 1, Avg: 1790.8, Max: 2297, Diff: 2296, Sum: 14326]
      [GC Worker Other (ms): Min: 0.0, Avg: 0.0, Max: 0.1, Diff: 0.0, Sum: 0.3]
      [GC Worker Total (ms): Min: 144.6, Avg: 144.9, Max: 145.0, Diff: 0.3, Sum: 1158.8]
      [GC Worker End (ms): Min: 170480.0, Avg: 170480.0, Max: 170480.0, Diff: 0.0]
   [Code Root Fixup: 0.0 ms]
   [Code Root Purge: 0.0 ms]
   [Clear CT: 0.1 ms]
   [Other: 1.5 ms]
      [Choose CSet: 0.0 ms]
      [Ref Proc: 0.2 ms]
      [Ref Enq: 0.0 ms]
      [Redirty Cards: 0.8 ms]
      [Humongous Register: 0.1 ms]
      [Humongous Reclaim: 0.0 ms]
      [Free CSet: 0.2 ms]
   [Eden: 250.0M(250.0M)->0.0B(244.0M) Survivors: 4096.0K->32.0M Heap: 303.5M(2048.0M)->301.5M(2048.0M)]
 [Times: user=1.02 sys=0.02, real=0.15 secs] 
2020-09-29T12:04:41.939+0200: 170.627: [GC pause (G1 Evacuation Pause) (young), 0.1736062 secs]
   [Parallel Time: 172.4 ms, GC Workers: 8]
      [GC Worker Start (ms): Min: 170626.9, Avg: 170627.0, Max: 170627.1, Diff: 0.1]
      [Ext Root Scanning (ms): Min: 0.0, Avg: 0.1, Max: 0.1, Diff: 0.1, Sum: 0.6]
      [Update RS (ms): Min: 15.2, Avg: 15.5, Max: 16.3, Diff: 1.1, Sum: 123.6]
         [Processed Buffers: Min: 16, Avg: 18.1, Max: 22, Diff: 6, Sum: 145]
      [Scan RS (ms): Min: 12.4, Avg: 13.2, Max: 13.4, Diff: 1.0, Sum: 105.3]
      [Code Root Scanning (ms): Min: 0.0, Avg: 0.0, Max: 0.0, Diff: 0.0, Sum: 0.0]
      [Object Copy (ms): Min: 143.1, Avg: 143.3, Max: 143.5, Diff: 0.4, Sum: 1146.1]
      [Termination (ms): Min: 0.0, Avg: 0.3, Max: 0.3, Diff: 0.3, Sum: 2.0]
         [Termination Attempts: Min: 1, Avg: 1942.1, Max: 2562, Diff: 2561, Sum: 15537]
      [GC Worker Other (ms): Min: 0.0, Avg: 0.0, Max: 0.1, Diff: 0.1, Sum: 0.3]
      [GC Worker Total (ms): Min: 172.2, Avg: 172.2, Max: 172.3, Diff: 0.2, Sum: 1378.0]
      [GC Worker End (ms): Min: 170799.2, Avg: 170799.2, Max: 170799.2, Diff: 0.1]
   [Code Root Fixup: 0.0 ms]
   [Code Root Purge: 0.0 ms]
   [Clear CT: 0.1 ms]
   [Other: 1.0 ms]
      [Choose CSet: 0.0 ms]
      [Ref Proc: 0.2 ms]
      [Ref Enq: 0.0 ms]
      [Redirty Cards: 0.2 ms]
      [Humongous Register: 0.0 ms]
      [Humongous Reclaim: 0.0 ms]
      [Free CSet: 0.3 ms]
   [Eden: 244.0M(244.0M)->0.0B(242.0M) Survivors: 32.0M->35.0M Heap: 587.4M(2048.0M)->589.4M(2048.0M)]
 [Times: user=1.30 sys=0.00, real=0.17 secs] 
2020-09-29T12:04:42.261+0200: 170.949: [GC pause (G1 Evacuation Pause) (young), 0.1445198 secs]
   [Parallel Time: 143.5 ms, GC Workers: 8]
      [GC Worker Start (ms): Min: 170948.7, Avg: 170948.8, Max: 170948.8, Diff: 0.2]
      [Ext Root Scanning (ms): Min: 0.0, Avg: 0.1, Max: 0.2, Diff: 0.2, Sum: 0.5]
      [Update RS (ms): Min: 18.1, Avg: 18.1, Max: 18.3, Diff: 0.2, Sum: 145.1]
         [Processed Buffers: Min: 18, Avg: 20.5, Max: 23, Diff: 5, Sum: 164]
      [Scan RS (ms): Min: 11.3, Avg: 11.4, Max: 11.6, Diff: 0.3, Sum: 91.3]
      [Code Root Scanning (ms): Min: 0.0, Avg: 0.0, Max: 0.0, Diff: 0.0, Sum: 0.0]
      [Object Copy (ms): Min: 113.5, Avg: 113.6, Max: 113.7, Diff: 0.2, Sum: 909.2]
      [Termination (ms): Min: 0.0, Avg: 0.0, Max: 0.0, Diff: 0.0, Sum: 0.0]
         [Termination Attempts: Min: 1, Avg: 41.8, Max: 59, Diff: 58, Sum: 334]
      [GC Worker Other (ms): Min: 0.0, Avg: 0.0, Max: 0.1, Diff: 0.0, Sum: 0.3]
      [GC Worker Total (ms): Min: 143.2, Avg: 143.3, Max: 143.4, Diff: 0.2, Sum: 1146.4]
      [GC Worker End (ms): Min: 171092.1, Avg: 171092.1, Max: 171092.1, Diff: 0.0]
   [Code Root Fixup: 0.0 ms]
   [Code Root Purge: 0.0 ms]
   [Clear CT: 0.3 ms]
   [Other: 0.8 ms]
      [Choose CSet: 0.0 ms]
      [Ref Proc: 0.2 ms]
      [Ref Enq: 0.0 ms]
      [Redirty Cards: 0.2 ms]
      [Humongous Register: 0.0 ms]
      [Humongous Reclaim: 0.0 ms]
      [Free CSet: 0.2 ms]
   [Eden: 242.0M(242.0M)->0.0B(259.0M) Survivors: 35.0M->35.0M Heap: 871.5M(2048.0M)->873.5M(2048.0M)]
 [Times: user=1.13 sys=0.00, real=0.14 secs] 
2020-09-29T12:04:42.577+0200: 171.264: [GC pause (G1 Evacuation Pause) (young), 0.1621247 secs]
   [Parallel Time: 160.8 ms, GC Workers: 8]
      [GC Worker Start (ms): Min: 171264.6, Avg: 171264.6, Max: 171264.7, Diff: 0.1]
      [Ext Root Scanning (ms): Min: 0.0, Avg: 0.1, Max: 0.1, Diff: 0.1, Sum: 0.8]
      [Update RS (ms): Min: 22.6, Avg: 23.0, Max: 23.2, Diff: 0.6, Sum: 183.6]
         [Processed Buffers: Min: 22, Avg: 24.1, Max: 26, Diff: 4, Sum: 193]
      [Scan RS (ms): Min: 11.1, Avg: 11.4, Max: 11.8, Diff: 0.7, Sum: 91.2]
      [Code Root Scanning (ms): Min: 0.0, Avg: 0.0, Max: 0.0, Diff: 0.0, Sum: 0.0]
      [Object Copy (ms): Min: 126.1, Avg: 126.2, Max: 126.2, Diff: 0.2, Sum: 1009.3]
      [Termination (ms): Min: 0.0, Avg: 0.0, Max: 0.1, Diff: 0.1, Sum: 0.3]
         [Termination Attempts: Min: 1, Avg: 302.0, Max: 406, Diff: 405, Sum: 2416]
      [GC Worker Other (ms): Min: 0.0, Avg: 0.0, Max: 0.1, Diff: 0.0, Sum: 0.3]
      [GC Worker Total (ms): Min: 160.6, Avg: 160.7, Max: 160.7, Diff: 0.1, Sum: 1285.5]
      [GC Worker End (ms): Min: 171425.3, Avg: 171425.3, Max: 171425.3, Diff: 0.0]
   [Code Root Fixup: 0.0 ms]
   [Code Root Purge: 0.0 ms]
   [Clear CT: 0.2 ms]
   [Other: 1.1 ms]
      [Choose CSet: 0.0 ms]
      [Ref Proc: 0.2 ms]
      [Ref Enq: 0.0 ms]
      [Redirty Cards: 0.2 ms]
      [Humongous Register: 0.1 ms]
      [Humongous Reclaim: 0.0 ms]
      [Free CSet: 0.4 ms]
   [Eden: 259.0M(259.0M)->0.0B(269.0M) Survivors: 35.0M->37.0M Heap: 1174.4M(2048.0M)->1176.4M(2048.0M)]
 [Times: user=1.23 sys=0.00, real=0.16 secs] 
2020-09-29T12:04:42.751+0200: 171.439: [GC pause (G1 Humongous Allocation) (young) (initial-mark), 0.0494264 secs]
   [Parallel Time: 48.6 ms, GC Workers: 8]
      [GC Worker Start (ms): Min: 171439.3, Avg: 171439.4, Max: 171439.4, Diff: 0.1]
      [Ext Root Scanning (ms): Min: 0.0, Avg: 0.1, Max: 0.1, Diff: 0.1, Sum: 0.7]
      [Update RS (ms): Min: 27.8, Avg: 28.0, Max: 28.5, Diff: 0.8, Sum: 224.2]
         [Processed Buffers: Min: 31, Avg: 32.4, Max: 34, Diff: 3, Sum: 259]
      [Scan RS (ms): Min: 1.9, Avg: 2.5, Max: 2.7, Diff: 0.8, Sum: 19.8]
      [Code Root Scanning (ms): Min: 0.0, Avg: 0.0, Max: 0.0, Diff: 0.0, Sum: 0.0]
      [Object Copy (ms): Min: 17.8, Avg: 17.9, Max: 17.9, Diff: 0.1, Sum: 143.2]
      [Termination (ms): Min: 0.0, Avg: 0.0, Max: 0.0, Diff: 0.0, Sum: 0.0]
         [Termination Attempts: Min: 1, Avg: 13.0, Max: 20, Diff: 19, Sum: 104]
      [GC Worker Other (ms): Min: 0.0, Avg: 0.0, Max: 0.0, Diff: 0.0, Sum: 0.1]
      [GC Worker Total (ms): Min: 48.4, Avg: 48.5, Max: 48.6, Diff: 0.1, Sum: 388.0]
      [GC Worker End (ms): Min: 171487.9, Avg: 171487.9, Max: 171487.9, Diff: 0.0]
   [Code Root Fixup: 0.0 ms]
   [Code Root Purge: 0.0 ms]
   [Clear CT: 0.1 ms]
   [Other: 0.7 ms]
      [Choose CSet: 0.0 ms]
      [Ref Proc: 0.2 ms]
      [Ref Enq: 0.0 ms]
      [Redirty Cards: 0.1 ms]
      [Humongous Register: 0.1 ms]
      [Humongous Reclaim: 0.0 ms]
      [Free CSet: 0.1 ms]
   [Eden: 1024.0K(269.0M)->0.0B(324.0M) Survivors: 37.0M->2048.0K Heap: 1177.4M(2048.0M)->1179.9M(2048.0M)]
 [Times: user=0.39 sys=0.00, real=0.05 secs] 
2020-09-29T12:04:42.801+0200: 171.489: [GC concurrent-root-region-scan-start]
2020-09-29T12:04:42.801+0200: 171.489: [GC concurrent-root-region-scan-end, 0.0003565 secs]
2020-09-29T12:04:42.801+0200: 171.489: [GC concurrent-mark-start]
2020-09-29T12:04:42.805+0200: 171.493: [GC concurrent-mark-end, 0.0033290 secs]
2020-09-29T12:04:42.805+0200: 171.493: [GC remark 2020-09-29T12:04:42.805+0200: 171.493: [Finalize Marking, 0.0001530 secs] 2020-09-29T12:04:42.806+0200: 171.493: [GC ref-proc, 0.0003739 secs] 2020-09-29T12:04:42.806+0200: 171.494: [Unloading, 0.0004526 secs], 0.0013150 secs]
 [Times: user=0.00 sys=0.00, real=0.00 secs] 
2020-09-29T12:04:42.807+0200: 171.495: [GC cleanup 1190M->20M(2048M), 0.0012614 secs]
 [Times: user=0.00 sys=0.00, real=0.00 secs] 
2020-09-29T12:04:42.809+0200: 171.496: [GC concurrent-cleanup-start]
2020-09-29T12:04:42.811+0200: 171.499: [GC concurrent-cleanup-end, 0.0023284 secs]
2020-09-29T12:04:42.994+0200: 171.682: [GC pause (G1 Evacuation Pause) (young), 0.1745601 secs]
   [Parallel Time: 173.4 ms, GC Workers: 8]
      [GC Worker Start (ms): Min: 171682.2, Avg: 171682.2, Max: 171682.3, Diff: 0.1]
      [Ext Root Scanning (ms): Min: 0.0, Avg: 0.1, Max: 0.1, Diff: 0.1, Sum: 0.8]
      [Update RS (ms): Min: 20.3, Avg: 20.3, Max: 20.6, Diff: 0.3, Sum: 162.8]
         [Processed Buffers: Min: 21, Avg: 23.5, Max: 27, Diff: 6, Sum: 188]
      [Scan RS (ms): Min: 15.1, Avg: 15.2, Max: 15.4, Diff: 0.3, Sum: 121.6]
      [Code Root Scanning (ms): Min: 0.0, Avg: 0.0, Max: 0.0, Diff: 0.0, Sum: 0.0]
      [Object Copy (ms): Min: 137.3, Avg: 137.4, Max: 137.5, Diff: 0.2, Sum: 1099.6]
      [Termination (ms): Min: 0.0, Avg: 0.1, Max: 0.1, Diff: 0.1, Sum: 0.7]
         [Termination Attempts: Min: 1, Avg: 626.5, Max: 848, Diff: 847, Sum: 5012]
      [GC Worker Other (ms): Min: 0.0, Avg: 0.0, Max: 0.1, Diff: 0.1, Sum: 0.4]
      [GC Worker Total (ms): Min: 173.2, Avg: 173.2, Max: 173.3, Diff: 0.2, Sum: 1385.8]
      [GC Worker End (ms): Min: 171855.4, Avg: 171855.5, Max: 171855.5, Diff: 0.1]
   [Code Root Fixup: 0.0 ms]
   [Code Root Purge: 0.0 ms]
   [Clear CT: 0.2 ms]
   [Other: 1.0 ms]
      [Choose CSet: 0.0 ms]
      [Ref Proc: 0.1 ms]
      [Ref Enq: 0.0 ms]
      [Redirty Cards: 0.2 ms]
      [Humongous Register: 0.1 ms]
      [Humongous Reclaim: 0.0 ms]
      [Free CSet: 0.3 ms]
   [Eden: 324.0M(324.0M)->0.0B(288.0M) Survivors: 2048.0K->41.0M Heap: 388.8M(2048.0M)->389.3M(2048.0M)]
 [Times: user=1.34 sys=0.00, real=0.17 secs] 
2020-09-29T12:04:43.356+0200: 172.043: [GC pause (G1 Evacuation Pause) (young), 0.1816415 secs]
   [Parallel Time: 180.4 ms, GC Workers: 8]
      [GC Worker Start (ms): Min: 172043.4, Avg: 172043.5, Max: 172043.5, Diff: 0.1]
      [Ext Root Scanning (ms): Min: 0.0, Avg: 0.1, Max: 0.1, Diff: 0.1, Sum: 0.6]
      [Update RS (ms): Min: 13.4, Avg: 13.7, Max: 14.2, Diff: 0.8, Sum: 109.3]
         [Processed Buffers: Min: 15, Avg: 16.5, Max: 19, Diff: 4, Sum: 132]
      [Scan RS (ms): Min: 15.6, Avg: 16.3, Max: 16.8, Diff: 1.2, Sum: 130.2]
      [Code Root Scanning (ms): Min: 0.0, Avg: 0.0, Max: 0.0, Diff: 0.0, Sum: 0.0]
      [Object Copy (ms): Min: 149.8, Avg: 150.1, Max: 150.3, Diff: 0.5, Sum: 1201.0]
      [Termination (ms): Min: 0.0, Avg: 0.1, Max: 0.1, Diff: 0.1, Sum: 0.6]
         [Termination Attempts: Min: 1, Avg: 597.3, Max: 760, Diff: 759, Sum: 4778]
      [GC Worker Other (ms): Min: 0.0, Avg: 0.0, Max: 0.1, Diff: 0.1, Sum: 0.3]
      [GC Worker Total (ms): Min: 180.2, Avg: 180.3, Max: 180.3, Diff: 0.1, Sum: 1442.0]
      [GC Worker End (ms): Min: 172223.7, Avg: 172223.7, Max: 172223.8, Diff: 0.1]
   [Code Root Fixup: 0.0 ms]
   [Code Root Purge: 0.0 ms]
   [Clear CT: 0.2 ms]
   [Other: 1.0 ms]
      [Choose CSet: 0.0 ms]
      [Ref Proc: 0.2 ms]
      [Ref Enq: 0.0 ms]
      [Redirty Cards: 0.3 ms]
      [Humongous Register: 0.0 ms]
      [Humongous Reclaim: 0.0 ms]
      [Free CSet: 0.3 ms]
   [Eden: 288.0M(288.0M)->0.0B(276.0M) Survivors: 41.0M->42.0M Heap: 725.0M(2048.0M)->726.5M(2048.0M)]
 [Times: user=1.38 sys=0.00, real=0.18 secs] 
2020-09-29T12:04:43.717+0200: 172.404: [GC pause (G1 Evacuation Pause) (young), 0.2421706 secs]
   [Parallel Time: 241.0 ms, GC Workers: 8]
      [GC Worker Start (ms): Min: 172404.4, Avg: 172404.5, Max: 172404.6, Diff: 0.2]
      [Ext Root Scanning (ms): Min: 0.0, Avg: 0.1, Max: 0.2, Diff: 0.2, Sum: 0.7]
      [Update RS (ms): Min: 22.3, Avg: 23.6, Max: 31.2, Diff: 9.0, Sum: 188.4]
         [Processed Buffers: Min: 0, Avg: 19.0, Max: 27, Diff: 27, Sum: 152]
      [Scan RS (ms): Min: 12.3, Avg: 22.5, Max: 41.0, Diff: 28.6, Sum: 180.1]
      [Code Root Scanning (ms): Min: 0.0, Avg: 0.0, Max: 0.0, Diff: 0.0, Sum: 0.0]
      [Object Copy (ms): Min: 177.1, Avg: 194.3, Max: 197.0, Diff: 19.9, Sum: 1554.8]
      [Termination (ms): Min: 0.0, Avg: 0.2, Max: 0.3, Diff: 0.3, Sum: 1.8]
         [Termination Attempts: Min: 1, Avg: 1729.4, Max: 2223, Diff: 2222, Sum: 13835]
      [GC Worker Other (ms): Min: 0.0, Avg: 0.1, Max: 0.1, Diff: 0.1, Sum: 0.5]
      [GC Worker Total (ms): Min: 240.7, Avg: 240.8, Max: 240.9, Diff: 0.2, Sum: 1926.4]
      [GC Worker End (ms): Min: 172645.2, Avg: 172645.3, Max: 172645.3, Diff: 0.1]
   [Code Root Fixup: 0.0 ms]
   [Code Root Purge: 0.0 ms]
   [Clear CT: 0.2 ms]
   [Other: 1.0 ms]
      [Choose CSet: 0.0 ms]
      [Ref Proc: 0.2 ms]
      [Ref Enq: 0.0 ms]
      [Redirty Cards: 0.3 ms]
      [Humongous Register: 0.1 ms]
      [Humongous Reclaim: 0.0 ms]
      [Free CSet: 0.3 ms]
   [Eden: 276.0M(276.0M)->0.0B(218.0M) Survivors: 42.0M->40.0M Heap: 1048.3M(2048.0M)->1050.3M(2048.0M)]
 [Times: user=1.77 sys=0.02, real=0.24 secs] 
2020-09-29T12:04:43.974+0200: 172.661: [GC pause (G1 Humongous Allocation) (young) (initial-mark), 0.0566272 secs]
   [Parallel Time: 55.7 ms, GC Workers: 8]
      [GC Worker Start (ms): Min: 172661.1, Avg: 172661.1, Max: 172661.2, Diff: 0.1]
      [Ext Root Scanning (ms): Min: 0.1, Avg: 0.1, Max: 0.1, Diff: 0.1, Sum: 0.8]
      [Update RS (ms): Min: 31.7, Avg: 31.9, Max: 32.5, Diff: 0.8, Sum: 255.5]
         [Processed Buffers: Min: 29, Avg: 32.8, Max: 36, Diff: 7, Sum: 262]
      [Scan RS (ms): Min: 2.2, Avg: 2.7, Max: 2.9, Diff: 0.7, Sum: 21.4]
      [Code Root Scanning (ms): Min: 0.0, Avg: 0.0, Max: 0.0, Diff: 0.0, Sum: 0.0]
      [Object Copy (ms): Min: 20.7, Avg: 20.8, Max: 20.8, Diff: 0.1, Sum: 166.1]
      [Termination (ms): Min: 0.0, Avg: 0.0, Max: 0.0, Diff: 0.0, Sum: 0.1]
         [Termination Attempts: Min: 1, Avg: 103.3, Max: 133, Diff: 132, Sum: 826]
      [GC Worker Other (ms): Min: 0.0, Avg: 0.0, Max: 0.0, Diff: 0.0, Sum: 0.1]
      [GC Worker Total (ms): Min: 55.5, Avg: 55.5, Max: 55.5, Diff: 0.1, Sum: 444.1]
      [GC Worker End (ms): Min: 172716.6, Avg: 172716.6, Max: 172716.7, Diff: 0.0]
   [Code Root Fixup: 0.0 ms]
   [Code Root Purge: 0.0 ms]
   [Clear CT: 0.1 ms]
   [Other: 0.8 ms]
      [Choose CSet: 0.0 ms]
      [Ref Proc: 0.2 ms]
      [Ref Enq: 0.0 ms]
      [Redirty Cards: 0.2 ms]
      [Humongous Register: 0.1 ms]
      [Humongous Reclaim: 0.0 ms]
      [Free CSet: 0.1 ms]
   [Eden: 5120.0K(218.0M)->0.0B(270.0M) Survivors: 40.0M->7168.0K Heap: 1055.3M(2048.0M)->1059.3M(2048.0M)]
 [Times: user=0.36 sys=0.02, real=0.06 secs] 
2020-09-29T12:04:44.030+0200: 172.718: [GC concurrent-root-region-scan-start]
2020-09-29T12:04:44.032+0200: 172.720: [GC concurrent-root-region-scan-end, 0.0018942 secs]
2020-09-29T12:04:44.032+0200: 172.720: [GC concurrent-mark-start]
2020-09-29T12:04:44.036+0200: 172.723: [GC concurrent-mark-end, 0.0038645 secs]
2020-09-29T12:04:44.037+0200: 172.724: [GC remark 2020-09-29T12:04:44.037+0200: 172.724: [Finalize Marking, 0.0002599 secs] 2020-09-29T12:04:44.037+0200: 172.724: [GC ref-proc, 0.0004826 secs] 2020-09-29T12:04:44.037+0200: 172.725: [Unloading, 0.0006211 secs], 0.0017388 secs]
 [Times: user=0.00 sys=0.00, real=0.00 secs] 
2020-09-29T12:04:44.039+0200: 172.726: [GC cleanup 1072M->27M(2048M), 0.0016545 secs]
 [Times: user=0.00 sys=0.00, real=0.00 secs] 
2020-09-29T12:04:44.040+0200: 172.728: [GC concurrent-cleanup-start]
2020-09-29T12:04:44.044+0200: 172.731: [GC concurrent-cleanup-end, 0.0035114 secs]
2020-09-29T12:04:44.208+0200: 172.895: [GC pause (G1 Evacuation Pause) (young), 0.1510637 secs]
   [Parallel Time: 149.9 ms, GC Workers: 8]
      [GC Worker Start (ms): Min: 172895.2, Avg: 172895.4, Max: 172896.1, Diff: 0.9]
      [Ext Root Scanning (ms): Min: 0.0, Avg: 0.1, Max: 0.1, Diff: 0.1, Sum: 0.6]
      [Update RS (ms): Min: 13.8, Avg: 14.2, Max: 14.6, Diff: 0.8, Sum: 113.3]
         [Processed Buffers: Min: 13, Avg: 15.0, Max: 18, Diff: 5, Sum: 120]
      [Scan RS (ms): Min: 12.9, Avg: 13.9, Max: 17.9, Diff: 4.9, Sum: 110.8]
      [Code Root Scanning (ms): Min: 0.0, Avg: 0.0, Max: 0.0, Diff: 0.0, Sum: 0.0]
      [Object Copy (ms): Min: 117.0, Avg: 121.4, Max: 122.1, Diff: 5.1, Sum: 971.0]
      [Termination (ms): Min: 0.0, Avg: 0.1, Max: 0.1, Diff: 0.1, Sum: 0.8]
         [Termination Attempts: Min: 1, Avg: 774.8, Max: 986, Diff: 985, Sum: 6198]
      [GC Worker Other (ms): Min: 0.0, Avg: 0.0, Max: 0.1, Diff: 0.0, Sum: 0.2]
      [GC Worker Total (ms): Min: 148.9, Avg: 149.6, Max: 149.8, Diff: 0.9, Sum: 1196.8]
      [GC Worker End (ms): Min: 173045.0, Avg: 173045.0, Max: 173045.0, Diff: 0.0]
   [Code Root Fixup: 0.0 ms]
   [Code Root Purge: 0.0 ms]
   [Clear CT: 0.2 ms]
   [Other: 1.0 ms]
      [Choose CSet: 0.0 ms]
      [Ref Proc: 0.2 ms]
      [Ref Enq: 0.0 ms]
      [Redirty Cards: 0.2 ms]
      [Humongous Register: 0.1 ms]
      [Humongous Reclaim: 0.0 ms]
      [Free CSet: 0.3 ms]
   [Eden: 270.0M(270.0M)->0.0B(261.0M) Survivors: 7168.0K->35.0M Heap: 330.8M(2048.0M)->325.3M(2048.0M)]
 [Times: user=1.03 sys=0.00, real=0.15 secs] 
2020-09-29T12:04:44.524+0200: 173.211: [GC pause (G1 Evacuation Pause) (young), 0.1746494 secs]
   [Parallel Time: 173.6 ms, GC Workers: 8]
      [GC Worker Start (ms): Min: 173211.2, Avg: 173211.3, Max: 173211.4, Diff: 0.2]
      [Ext Root Scanning (ms): Min: 0.0, Avg: 0.1, Max: 0.2, Diff: 0.2, Sum: 0.5]
      [Update RS (ms): Min: 14.9, Avg: 15.1, Max: 15.4, Diff: 0.4, Sum: 120.8]
         [Processed Buffers: Min: 15, Avg: 17.0, Max: 19, Diff: 4, Sum: 136]
      [Scan RS (ms): Min: 16.3, Avg: 16.6, Max: 16.8, Diff: 0.5, Sum: 133.2]
      [Code Root Scanning (ms): Min: 0.0, Avg: 0.0, Max: 0.0, Diff: 0.0, Sum: 0.0]
      [Object Copy (ms): Min: 141.3, Avg: 141.4, Max: 141.5, Diff: 0.2, Sum: 1131.5]
      [Termination (ms): Min: 0.0, Avg: 0.1, Max: 0.1, Diff: 0.1, Sum: 0.7]
         [Termination Attempts: Min: 1, Avg: 339.0, Max: 502, Diff: 501, Sum: 2712]
      [GC Worker Other (ms): Min: 0.0, Avg: 0.0, Max: 0.0, Diff: 0.0, Sum: 0.1]
      [GC Worker Total (ms): Min: 173.3, Avg: 173.4, Max: 173.5, Diff: 0.2, Sum: 1386.8]
      [GC Worker End (ms): Min: 173384.7, Avg: 173384.7, Max: 173384.7, Diff: 0.0]
   [Code Root Fixup: 0.0 ms]
   [Code Root Purge: 0.0 ms]
   [Clear CT: 0.2 ms]
   [Other: 0.9 ms]
      [Choose CSet: 0.0 ms]
      [Ref Proc: 0.2 ms]
      [Ref Enq: 0.0 ms]
      [Redirty Cards: 0.2 ms]
      [Humongous Register: 0.0 ms]
      [Humongous Reclaim: 0.0 ms]
      [Free CSet: 0.3 ms]
   [Eden: 261.0M(261.0M)->0.0B(257.0M) Survivors: 35.0M->37.0M Heap: 630.1M(2048.0M)->632.1M(2048.0M)]
 [Times: user=1.27 sys=0.00, real=0.17 secs] 
2020-09-29T12:04:44.853+0200: 173.541: [GC pause (G1 Evacuation Pause) (young), 0.1739306 secs]
   [Parallel Time: 172.8 ms, GC Workers: 8]
      [GC Worker Start (ms): Min: 173541.1, Avg: 173541.2, Max: 173541.3, Diff: 0.3]
      [Ext Root Scanning (ms): Min: 0.0, Avg: 0.1, Max: 0.1, Diff: 0.1, Sum: 0.5]
      [Update RS (ms): Min: 17.4, Avg: 19.0, Max: 28.9, Diff: 11.6, Sum: 152.1]
         [Processed Buffers: Min: 0, Avg: 16.3, Max: 20, Diff: 20, Sum: 130]
      [Scan RS (ms): Min: 5.2, Avg: 15.2, Max: 16.9, Diff: 11.7, Sum: 121.6]
      [Code Root Scanning (ms): Min: 0.0, Avg: 0.0, Max: 0.0, Diff: 0.0, Sum: 0.0]
      [Object Copy (ms): Min: 138.3, Avg: 138.3, Max: 138.4, Diff: 0.1, Sum: 1106.5]
      [Termination (ms): Min: 0.0, Avg: 0.0, Max: 0.0, Diff: 0.0, Sum: 0.0]
         [Termination Attempts: Min: 1, Avg: 14.6, Max: 19, Diff: 18, Sum: 117]
      [GC Worker Other (ms): Min: 0.0, Avg: 0.0, Max: 0.1, Diff: 0.0, Sum: 0.3]
      [GC Worker Total (ms): Min: 172.5, Avg: 172.6, Max: 172.7, Diff: 0.2, Sum: 1381.0]
      [GC Worker End (ms): Min: 173713.8, Avg: 173713.8, Max: 173713.8, Diff: 0.0]
   [Code Root Fixup: 0.0 ms]
   [Code Root Purge: 0.0 ms]
   [Clear CT: 0.2 ms]
   [Other: 1.0 ms]
      [Choose CSet: 0.0 ms]
      [Ref Proc: 0.2 ms]
      [Ref Enq: 0.0 ms]
      [Redirty Cards: 0.2 ms]
      [Humongous Register: 0.0 ms]
      [Humongous Reclaim: 0.0 ms]
      [Free CSet: 0.3 ms]
   [Eden: 257.0M(257.0M)->0.0B(257.0M) Survivors: 37.0M->37.0M Heap: 931.1M(2048.0M)->934.1M(2048.0M)]
 [Times: user=1.30 sys=0.00, real=0.17 secs] 
2020-09-29T12:04:45.105+0200: 173.792: [GC pause (G1 Humongous Allocation) (young) (initial-mark), 0.0912603 secs]
   [Parallel Time: 90.3 ms, GC Workers: 8]
      [GC Worker Start (ms): Min: 173792.6, Avg: 173792.7, Max: 173792.8, Diff: 0.2]
      [Ext Root Scanning (ms): Min: 0.0, Avg: 0.5, Max: 1.5, Diff: 1.5, Sum: 3.9]
      [Update RS (ms): Min: 23.0, Avg: 23.9, Max: 24.7, Diff: 1.8, Sum: 191.4]
         [Processed Buffers: Min: 11, Avg: 20.3, Max: 26, Diff: 15, Sum: 162]
      [Scan RS (ms): Min: 2.3, Avg: 2.7, Max: 3.1, Diff: 0.8, Sum: 22.0]
      [Code Root Scanning (ms): Min: 0.0, Avg: 0.0, Max: 0.0, Diff: 0.0, Sum: 0.0]
      [Object Copy (ms): Min: 62.8, Avg: 62.8, Max: 62.9, Diff: 0.2, Sum: 502.7]
      [Termination (ms): Min: 0.0, Avg: 0.1, Max: 0.1, Diff: 0.1, Sum: 0.7]
         [Termination Attempts: Min: 1, Avg: 542.4, Max: 698, Diff: 697, Sum: 4339]
      [GC Worker Other (ms): Min: 0.0, Avg: 0.0, Max: 0.1, Diff: 0.0, Sum: 0.3]
      [GC Worker Total (ms): Min: 90.0, Avg: 90.1, Max: 90.2, Diff: 0.2, Sum: 720.9]
      [GC Worker End (ms): Min: 173882.8, Avg: 173882.8, Max: 173882.8, Diff: 0.0]
   [Code Root Fixup: 0.0 ms]
   [Code Root Purge: 0.0 ms]
   [Clear CT: 0.1 ms]
   [Other: 0.8 ms]
      [Choose CSet: 0.0 ms]
      [Ref Proc: 0.1 ms]
      [Ref Enq: 0.0 ms]
      [Redirty Cards: 0.2 ms]
      [Humongous Register: 0.0 ms]
      [Humongous Reclaim: 0.0 ms]
      [Free CSet: 0.1 ms]
   [Eden: 94.0M(257.0M)->0.0B(266.0M) Survivors: 37.0M->37.0M Heap: 1042.9M(2048.0M)->1044.9M(2048.0M)]
 [Times: user=0.72 sys=0.00, real=0.09 secs] 
2020-09-29T12:04:45.196+0200: 173.884: [GC concurrent-root-region-scan-start]
2020-09-29T12:04:45.210+0200: 173.898: [GC concurrent-root-region-scan-end, 0.0137055 secs]
2020-09-29T12:04:45.210+0200: 173.898: [GC concurrent-mark-start]
2020-09-29T12:04:45.214+0200: 173.901: [GC concurrent-mark-end, 0.0036954 secs]
2020-09-29T12:04:45.214+0200: 173.901: [GC remark 2020-09-29T12:04:45.214+0200: 173.902: [Finalize Marking, 0.0002112 secs] 2020-09-29T12:04:45.214+0200: 173.902: [GC ref-proc, 0.0004223 secs] 2020-09-29T12:04:45.214+0200: 173.902: [Unloading, 0.0005349 secs], 0.0015659 secs]
 [Times: user=0.00 sys=0.00, real=0.00 secs] 
2020-09-29T12:04:45.216+0200: 173.904: [GC cleanup 1080M->80M(2048M), 0.0018898 secs]
 [Times: user=0.00 sys=0.00, real=0.00 secs] 
2020-09-29T12:04:45.218+0200: 173.905: [GC concurrent-cleanup-start]
2020-09-29T12:04:45.220+0200: 173.907: [GC concurrent-cleanup-end, 0.0018585 secs]
2020-09-29T12:04:45.378+0200: 174.065: [GC pause (G1 Evacuation Pause) (young), 0.1614015 secs]
   [Parallel Time: 160.2 ms, GC Workers: 8]
      [GC Worker Start (ms): Min: 174065.5, Avg: 174065.5, Max: 174065.7, Diff: 0.2]
      [Ext Root Scanning (ms): Min: 0.0, Avg: 0.1, Max: 0.1, Diff: 0.1, Sum: 0.7]
      [Update RS (ms): Min: 19.2, Avg: 19.4, Max: 19.7, Diff: 0.5, Sum: 155.4]
         [Processed Buffers: Min: 16, Avg: 19.9, Max: 22, Diff: 6, Sum: 159]
      [Scan RS (ms): Min: 12.4, Avg: 12.8, Max: 13.2, Diff: 0.8, Sum: 102.1]
      [Code Root Scanning (ms): Min: 0.0, Avg: 0.0, Max: 0.0, Diff: 0.0, Sum: 0.0]
      [Object Copy (ms): Min: 126.9, Avg: 127.5, Max: 127.8, Diff: 0.9, Sum: 1019.9]
      [Termination (ms): Min: 0.0, Avg: 0.2, Max: 0.2, Diff: 0.2, Sum: 1.3]
         [Termination Attempts: Min: 1, Avg: 1054.8, Max: 1389, Diff: 1388, Sum: 8438]
      [GC Worker Other (ms): Min: 0.0, Avg: 0.0, Max: 0.1, Diff: 0.1, Sum: 0.3]
      [GC Worker Total (ms): Min: 159.8, Avg: 160.0, Max: 160.0, Diff: 0.2, Sum: 1279.7]
      [GC Worker End (ms): Min: 174225.5, Avg: 174225.5, Max: 174225.5, Diff: 0.1]
   [Code Root Fixup: 0.0 ms]
   [Code Root Purge: 0.0 ms]
   [Clear CT: 0.1 ms]
   [Other: 1.1 ms]
      [Choose CSet: 0.0 ms]
      [Ref Proc: 0.2 ms]
      [Ref Enq: 0.0 ms]
      [Redirty Cards: 0.2 ms]
      [Humongous Register: 0.1 ms]
      [Humongous Reclaim: 0.0 ms]
      [Free CSet: 0.3 ms]
   [Eden: 266.0M(266.0M)->0.0B(277.0M) Survivors: 37.0M->38.0M Heap: 356.8M(2048.0M)->321.3M(2048.0M)]
 [Times: user=1.27 sys=0.02, real=0.16 secs] 
2020-09-29T12:04:45.717+0200: 174.404: [GC pause (G1 Evacuation Pause) (young), 0.2040552 secs]
   [Parallel Time: 202.8 ms, GC Workers: 8]
      [GC Worker Start (ms): Min: 174404.5, Avg: 174404.6, Max: 174404.7, Diff: 0.1]
      [Ext Root Scanning (ms): Min: 0.0, Avg: 0.1, Max: 0.1, Diff: 0.1, Sum: 0.6]
      [Update RS (ms): Min: 14.7, Avg: 14.8, Max: 15.4, Diff: 0.7, Sum: 118.6]
         [Processed Buffers: Min: 16, Avg: 17.8, Max: 19, Diff: 3, Sum: 142]
      [Scan RS (ms): Min: 15.4, Avg: 16.0, Max: 16.9, Diff: 1.5, Sum: 128.3]
      [Code Root Scanning (ms): Min: 0.0, Avg: 0.0, Max: 0.0, Diff: 0.0, Sum: 0.0]
      [Object Copy (ms): Min: 170.6, Avg: 171.5, Max: 171.8, Diff: 1.2, Sum: 1372.4]
      [Termination (ms): Min: 0.0, Avg: 0.2, Max: 0.2, Diff: 0.1, Sum: 1.2]
         [Termination Attempts: Min: 1, Avg: 919.4, Max: 1123, Diff: 1122, Sum: 7355]
      [GC Worker Other (ms): Min: 0.0, Avg: 0.0, Max: 0.0, Diff: 0.0, Sum: 0.1]
      [GC Worker Total (ms): Min: 202.6, Avg: 202.7, Max: 202.7, Diff: 0.1, Sum: 1621.3]
      [GC Worker End (ms): Min: 174607.2, Avg: 174607.2, Max: 174607.3, Diff: 0.0]
   [Code Root Fixup: 0.0 ms]
   [Code Root Purge: 0.0 ms]
   [Clear CT: 0.2 ms]
   [Other: 1.1 ms]
      [Choose CSet: 0.0 ms]
      [Ref Proc: 0.2 ms]
      [Ref Enq: 0.0 ms]
      [Redirty Cards: 0.3 ms]
      [Humongous Register: 0.0 ms]
      [Humongous Reclaim: 0.0 ms]
      [Free CSet: 0.3 ms]
   [Eden: 277.0M(277.0M)->0.0B(257.0M) Survivors: 38.0M->40.0M Heap: 644.1M(2048.0M)->645.6M(2048.0M)]
 [Times: user=1.48 sys=0.00, real=0.20 secs] 
2020-09-29T12:04:46.097+0200: 174.785: [GC pause (G1 Evacuation Pause) (young), 0.2021785 secs]
   [Parallel Time: 201.0 ms, GC Workers: 8]
      [GC Worker Start (ms): Min: 174785.2, Avg: 174789.6, Max: 174810.9, Diff: 25.8]
      [Ext Root Scanning (ms): Min: 0.0, Avg: 0.1, Max: 0.2, Diff: 0.2, Sum: 0.7]
      [Update RS (ms): Min: 1.1, Avg: 23.1, Max: 30.2, Diff: 29.1, Sum: 184.5]
         [Processed Buffers: Min: 3, Avg: 19.4, Max: 25, Diff: 22, Sum: 155]
      [Scan RS (ms): Min: 13.5, Avg: 16.3, Max: 17.0, Diff: 3.5, Sum: 130.2]
      [Code Root Scanning (ms): Min: 0.0, Avg: 0.0, Max: 0.0, Diff: 0.0, Sum: 0.0]
      [Object Copy (ms): Min: 156.8, Avg: 156.8, Max: 156.9, Diff: 0.1, Sum: 1254.7]
      [Termination (ms): Min: 0.0, Avg: 0.1, Max: 0.1, Diff: 0.1, Sum: 0.7]
         [Termination Attempts: Min: 1, Avg: 644.0, Max: 811, Diff: 810, Sum: 5152]
      [GC Worker Other (ms): Min: 0.0, Avg: 0.0, Max: 0.1, Diff: 0.0, Sum: 0.3]
      [GC Worker Total (ms): Min: 175.0, Avg: 196.4, Max: 200.8, Diff: 25.8, Sum: 1571.2]
      [GC Worker End (ms): Min: 174986.0, Avg: 174986.0, Max: 174986.0, Diff: 0.0]
   [Code Root Fixup: 0.0 ms]
   [Code Root Purge: 0.0 ms]
   [Clear CT: 0.2 ms]
   [Other: 1.1 ms]
      [Choose CSet: 0.0 ms]
      [Ref Proc: 0.2 ms]
      [Ref Enq: 0.0 ms]
      [Redirty Cards: 0.2 ms]
      [Humongous Register: 0.1 ms]
      [Humongous Reclaim: 0.0 ms]
      [Free CSet: 0.3 ms]
   [Eden: 257.0M(257.0M)->0.0B(242.0M) Survivors: 40.0M->38.0M Heap: 944.5M(2048.0M)->946.5M(2048.0M)]
 [Times: user=1.42 sys=0.00, real=0.20 secs] 
2020-09-29T12:04:46.329+0200: 175.016: [GC pause (G1 Humongous Allocation) (young) (initial-mark), 0.0604711 secs]
   [Parallel Time: 59.4 ms, GC Workers: 8]
      [GC Worker Start (ms): Min: 175016.5, Avg: 175016.5, Max: 175016.6, Diff: 0.1]
      [Ext Root Scanning (ms): Min: 0.0, Avg: 0.1, Max: 0.1, Diff: 0.1, Sum: 0.7]
      [Update RS (ms): Min: 20.8, Avg: 21.0, Max: 21.3, Diff: 0.6, Sum: 167.8]
         [Processed Buffers: Min: 23, Avg: 23.5, Max: 26, Diff: 3, Sum: 188]
      [Scan RS (ms): Min: 2.2, Avg: 2.7, Max: 3.2, Diff: 1.0, Sum: 21.3]
      [Code Root Scanning (ms): Min: 0.0, Avg: 0.0, Max: 0.0, Diff: 0.0, Sum: 0.0]
      [Object Copy (ms): Min: 34.9, Avg: 35.5, Max: 35.6, Diff: 0.7, Sum: 283.9]
      [Termination (ms): Min: 0.0, Avg: 0.0, Max: 0.0, Diff: 0.0, Sum: 0.3]
         [Termination Attempts: Min: 1, Avg: 259.5, Max: 336, Diff: 335, Sum: 2076]
      [GC Worker Other (ms): Min: 0.0, Avg: 0.0, Max: 0.0, Diff: 0.0, Sum: 0.3]
      [GC Worker Total (ms): Min: 59.2, Avg: 59.3, Max: 59.3, Diff: 0.1, Sum: 474.3]
      [GC Worker End (ms): Min: 175075.8, Avg: 175075.8, Max: 175075.8, Diff: 0.0]
   [Code Root Fixup: 0.0 ms]
   [Code Root Purge: 0.0 ms]
   [Clear CT: 0.2 ms]
   [Other: 0.9 ms]
      [Choose CSet: 0.0 ms]
      [Ref Proc: 0.2 ms]
      [Ref Enq: 0.0 ms]
      [Redirty Cards: 0.2 ms]
      [Humongous Register: 0.1 ms]
      [Humongous Reclaim: 0.0 ms]
      [Free CSet: 0.1 ms]
   [Eden: 36.0M(242.0M)->0.0B(262.0M) Survivors: 38.0M->35.0M Heap: 987.7M(2048.0M)->990.7M(2048.0M)]
 [Times: user=0.50 sys=0.00, real=0.06 secs] 
2020-09-29T12:04:46.390+0200: 175.077: [GC concurrent-root-region-scan-start]
2020-09-29T12:04:46.403+0200: 175.090: [GC concurrent-root-region-scan-end, 0.0130225 secs]
2020-09-29T12:04:46.403+0200: 175.090: [GC concurrent-mark-start]
2020-09-29T12:04:46.407+0200: 175.095: [GC concurrent-mark-end, 0.0033916 secs]
2020-09-29T12:04:46.408+0200: 175.095: [GC remark 2020-09-29T12:04:46.408+0200: 175.095: [Finalize Marking, 0.0001638 secs] 2020-09-29T12:04:46.408+0200: 175.095: [GC ref-proc, 0.0004197 secs] 2020-09-29T12:04:46.408+0200: 175.096: [Unloading, 0.0005309 secs], 0.0014514 secs]
 [Times: user=0.00 sys=0.00, real=0.00 secs] 
2020-09-29T12:04:46.410+0200: 175.097: [GC cleanup 1026M->78M(2048M), 0.0016351 secs]
 [Times: user=0.03 sys=0.00, real=0.00 secs] 
2020-09-29T12:04:46.412+0200: 175.099: [GC concurrent-cleanup-start]
2020-09-29T12:04:46.413+0200: 175.101: [GC concurrent-cleanup-end, 0.0016409 secs]
2020-09-29T12:04:46.552+0200: 175.240: [GC pause (G1 Evacuation Pause) (young), 0.1620770 secs]
   [Parallel Time: 161.0 ms, GC Workers: 8]
      [GC Worker Start (ms): Min: 175239.7, Avg: 175239.8, Max: 175239.8, Diff: 0.2]
      [Ext Root Scanning (ms): Min: 0.0, Avg: 0.1, Max: 0.2, Diff: 0.2, Sum: 0.5]
      [Update RS (ms): Min: 16.5, Avg: 17.1, Max: 18.4, Diff: 1.9, Sum: 137.0]
         [Processed Buffers: Min: 14, Avg: 15.8, Max: 17, Diff: 3, Sum: 126]
      [Scan RS (ms): Min: 13.9, Avg: 15.4, Max: 16.5, Diff: 2.6, Sum: 123.5]
      [Code Root Scanning (ms): Min: 0.0, Avg: 0.0, Max: 0.0, Diff: 0.0, Sum: 0.0]
      [Object Copy (ms): Min: 127.3, Avg: 127.9, Max: 128.2, Diff: 0.9, Sum: 1023.5]
      [Termination (ms): Min: 0.0, Avg: 0.2, Max: 0.3, Diff: 0.2, Sum: 1.5]
         [Termination Attempts: Min: 1, Avg: 987.6, Max: 1278, Diff: 1277, Sum: 7901]
      [GC Worker Other (ms): Min: 0.0, Avg: 0.0, Max: 0.0, Diff: 0.0, Sum: 0.1]
      [GC Worker Total (ms): Min: 160.7, Avg: 160.8, Max: 160.9, Diff: 0.2, Sum: 1286.3]
      [GC Worker End (ms): Min: 175400.5, Avg: 175400.6, Max: 175400.6, Diff: 0.0]
   [Code Root Fixup: 0.0 ms]
   [Code Root Purge: 0.0 ms]
   [Clear CT: 0.1 ms]
   [Other: 1.0 ms]
      [Choose CSet: 0.0 ms]
      [Ref Proc: 0.1 ms]
      [Ref Enq: 0.0 ms]
      [Redirty Cards: 0.2 ms]
      [Humongous Register: 0.0 ms]
      [Humongous Reclaim: 0.0 ms]
      [Free CSet: 0.3 ms]
   [Eden: 262.0M(262.0M)->0.0B(264.0M) Survivors: 35.0M->38.0M Heap: 348.9M(2048.0M)->315.9M(2048.0M)]
 [Times: user=1.19 sys=0.00, real=0.16 secs] 
2020-09-29T12:04:46.883+0200: 175.571: [GC pause (G1 Evacuation Pause) (young), 0.1641055 secs]
   [Parallel Time: 162.8 ms, GC Workers: 8]
      [GC Worker Start (ms): Min: 175570.8, Avg: 175570.9, Max: 175571.0, Diff: 0.2]
      [Ext Root Scanning (ms): Min: 0.0, Avg: 0.1, Max: 0.2, Diff: 0.2, Sum: 0.7]
      [Update RS (ms): Min: 20.1, Avg: 20.3, Max: 20.9, Diff: 0.8, Sum: 162.6]
         [Processed Buffers: Min: 16, Avg: 20.0, Max: 23, Diff: 7, Sum: 160]
      [Scan RS (ms): Min: 14.2, Avg: 14.7, Max: 15.0, Diff: 0.8, Sum: 117.3]
      [Code Root Scanning (ms): Min: 0.0, Avg: 0.0, Max: 0.0, Diff: 0.0, Sum: 0.0]
      [Object Copy (ms): Min: 127.3, Avg: 127.5, Max: 127.6, Diff: 0.3, Sum: 1019.9]
      [Termination (ms): Min: 0.0, Avg: 0.0, Max: 0.1, Diff: 0.1, Sum: 0.3]
         [Termination Attempts: Min: 1, Avg: 204.6, Max: 315, Diff: 314, Sum: 1637]
      [GC Worker Other (ms): Min: 0.0, Avg: 0.0, Max: 0.1, Diff: 0.0, Sum: 0.3]
      [GC Worker Total (ms): Min: 162.5, Avg: 162.6, Max: 162.7, Diff: 0.2, Sum: 1301.1]
      [GC Worker End (ms): Min: 175733.5, Avg: 175733.5, Max: 175733.6, Diff: 0.0]
   [Code Root Fixup: 0.0 ms]
   [Code Root Purge: 0.0 ms]
   [Clear CT: 0.3 ms]
   [Other: 1.0 ms]
      [Choose CSet: 0.0 ms]
      [Ref Proc: 0.1 ms]
      [Ref Enq: 0.0 ms]
      [Redirty Cards: 0.2 ms]
      [Humongous Register: 0.0 ms]
      [Humongous Reclaim: 0.0 ms]
      [Free CSet: 0.3 ms]
   [Eden: 264.0M(264.0M)->0.0B(267.0M) Survivors: 38.0M->38.0M Heap: 623.7M(2048.0M)->625.7M(2048.0M)]
 [Times: user=1.20 sys=0.00, real=0.17 secs] 
2020-09-29T12:04:47.224+0200: 175.912: [GC pause (G1 Evacuation Pause) (young), 0.1687541 secs]
   [Parallel Time: 167.6 ms, GC Workers: 8]
      [GC Worker Start (ms): Min: 175911.7, Avg: 175911.8, Max: 175912.4, Diff: 0.7]
      [Ext Root Scanning (ms): Min: 0.0, Avg: 0.1, Max: 0.2, Diff: 0.2, Sum: 0.7]
      [Update RS (ms): Min: 13.4, Avg: 13.9, Max: 14.1, Diff: 0.7, Sum: 111.2]
         [Processed Buffers: Min: 13, Avg: 15.9, Max: 19, Diff: 6, Sum: 127]
      [Scan RS (ms): Min: 16.0, Avg: 16.2, Max: 16.3, Diff: 0.3, Sum: 129.3]
      [Code Root Scanning (ms): Min: 0.0, Avg: 0.0, Max: 0.0, Diff: 0.0, Sum: 0.0]
      [Object Copy (ms): Min: 137.1, Avg: 137.2, Max: 137.3, Diff: 0.2, Sum: 1097.5]
      [Termination (ms): Min: 0.0, Avg: 0.0, Max: 0.0, Diff: 0.0, Sum: 0.2]
         [Termination Attempts: Min: 1, Avg: 161.0, Max: 217, Diff: 216, Sum: 1288]
      [GC Worker Other (ms): Min: 0.0, Avg: 0.0, Max: 0.1, Diff: 0.1, Sum: 0.3]
      [GC Worker Total (ms): Min: 166.9, Avg: 167.4, Max: 167.6, Diff: 0.7, Sum: 1339.3]
      [GC Worker End (ms): Min: 176079.2, Avg: 176079.2, Max: 176079.3, Diff: 0.1]
   [Code Root Fixup: 0.0 ms]
   [Code Root Purge: 0.0 ms]
   [Clear CT: 0.1 ms]
   [Other: 1.0 ms]
      [Choose CSet: 0.0 ms]
      [Ref Proc: 0.2 ms]
      [Ref Enq: 0.0 ms]
      [Redirty Cards: 0.2 ms]
      [Humongous Register: 0.1 ms]
      [Humongous Reclaim: 0.0 ms]
      [Free CSet: 0.3 ms]
   [Eden: 267.0M(267.0M)->0.0B(268.0M) Survivors: 38.0M->39.0M Heap: 938.5M(2048.0M)->940.5M(2048.0M)]
 [Times: user=1.17 sys=0.03, real=0.17 secs] 
2020-09-29T12:04:47.452+0200: 176.140: [GC pause (G1 Humongous Allocation) (young) (initial-mark), 0.0940095 secs]
   [Parallel Time: 93.0 ms, GC Workers: 8]
      [GC Worker Start (ms): Min: 176140.0, Avg: 176140.0, Max: 176140.2, Diff: 0.2]
      [Ext Root Scanning (ms): Min: 0.0, Avg: 3.0, Max: 22.7, Diff: 22.7, Sum: 23.7]
      [Update RS (ms): Min: 0.0, Avg: 19.6, Max: 22.7, Diff: 22.7, Sum: 157.0]
         [Processed Buffers: Min: 0, Avg: 18.1, Max: 23, Diff: 23, Sum: 145]
      [Scan RS (ms): Min: 2.6, Avg: 4.0, Max: 11.4, Diff: 8.7, Sum: 32.0]
      [Code Root Scanning (ms): Min: 0.0, Avg: 0.0, Max: 0.0, Diff: 0.0, Sum: 0.0]
      [Object Copy (ms): Min: 58.8, Avg: 66.2, Max: 67.3, Diff: 8.5, Sum: 529.3]
      [Termination (ms): Min: 0.0, Avg: 0.0, Max: 0.0, Diff: 0.0, Sum: 0.3]
         [Termination Attempts: Min: 1, Avg: 264.6, Max: 323, Diff: 322, Sum: 2117]
      [GC Worker Other (ms): Min: 0.0, Avg: 0.0, Max: 0.0, Diff: 0.0, Sum: 0.2]
      [GC Worker Total (ms): Min: 92.7, Avg: 92.8, Max: 92.9, Diff: 0.2, Sum: 742.5]
      [GC Worker End (ms): Min: 176232.9, Avg: 176232.9, Max: 176232.9, Diff: 0.0]
   [Code Root Fixup: 0.0 ms]
   [Code Root Purge: 0.0 ms]
   [Clear CT: 0.2 ms]
   [Other: 0.9 ms]
      [Choose CSet: 0.0 ms]
      [Ref Proc: 0.2 ms]
      [Ref Enq: 0.0 ms]
      [Redirty Cards: 0.1 ms]
      [Humongous Register: 0.1 ms]
      [Humongous Reclaim: 0.0 ms]
      [Free CSet: 0.1 ms]
   [Eden: 77.0M(268.0M)->0.0B(246.0M) Survivors: 39.0M->39.0M Heap: 1029.0M(2048.0M)->1031.0M(2048.0M)]
 [Times: user=0.66 sys=0.00, real=0.10 secs] 
2020-09-29T12:04:47.547+0200: 176.234: [GC concurrent-root-region-scan-start]
2020-09-29T12:04:47.560+0200: 176.248: [GC concurrent-root-region-scan-end, 0.0136616 secs]
2020-09-29T12:04:47.560+0200: 176.248: [GC concurrent-mark-start]
2020-09-29T12:04:47.564+0200: 176.251: [GC concurrent-mark-end, 0.0037159 secs]
2020-09-29T12:04:47.564+0200: 176.252: [GC remark 2020-09-29T12:04:47.564+0200: 176.252: [Finalize Marking, 0.0002130 secs] 2020-09-29T12:04:47.565+0200: 176.252: [GC ref-proc, 0.0004004 secs] 2020-09-29T12:04:47.565+0200: 176.252: [Unloading, 0.0005850 secs], 0.0016435 secs]
 [Times: user=0.00 sys=0.00, real=0.00 secs] 
2020-09-29T12:04:47.567+0200: 176.254: [GC cleanup 1061M->77M(2048M), 0.0013598 secs]
 [Times: user=0.00 sys=0.00, real=0.00 secs] 
2020-09-29T12:04:47.568+0200: 176.255: [GC concurrent-cleanup-start]
2020-09-29T12:04:47.570+0200: 176.257: [GC concurrent-cleanup-end, 0.0017925 secs]
2020-09-29T12:04:47.708+0200: 176.396: [GC pause (G1 Evacuation Pause) (young), 0.1298494 secs]
   [Parallel Time: 128.9 ms, GC Workers: 8]
      [GC Worker Start (ms): Min: 176395.7, Avg: 176395.8, Max: 176395.9, Diff: 0.2]
      [Ext Root Scanning (ms): Min: 0.0, Avg: 0.1, Max: 0.2, Diff: 0.2, Sum: 0.6]
      [Update RS (ms): Min: 17.4, Avg: 17.6, Max: 17.9, Diff: 0.5, Sum: 140.6]
         [Processed Buffers: Min: 17, Avg: 18.5, Max: 20, Diff: 3, Sum: 148]
      [Scan RS (ms): Min: 9.2, Avg: 9.6, Max: 9.8, Diff: 0.6, Sum: 76.6]
      [Code Root Scanning (ms): Min: 0.0, Avg: 0.0, Max: 0.0, Diff: 0.0, Sum: 0.0]
      [Object Copy (ms): Min: 101.2, Avg: 101.4, Max: 101.5, Diff: 0.2, Sum: 811.2]
      [Termination (ms): Min: 0.0, Avg: 0.0, Max: 0.0, Diff: 0.0, Sum: 0.2]
         [Termination Attempts: Min: 1, Avg: 186.5, Max: 236, Diff: 235, Sum: 1492]
      [GC Worker Other (ms): Min: 0.0, Avg: 0.0, Max: 0.1, Diff: 0.0, Sum: 0.3]
      [GC Worker Total (ms): Min: 128.6, Avg: 128.7, Max: 128.8, Diff: 0.1, Sum: 1029.5]
      [GC Worker End (ms): Min: 176524.5, Avg: 176524.5, Max: 176524.6, Diff: 0.0]
   [Code Root Fixup: 0.0 ms]
   [Code Root Purge: 0.0 ms]
   [Clear CT: 0.2 ms]
   [Other: 0.8 ms]
      [Choose CSet: 0.0 ms]
      [Ref Proc: 0.2 ms]
      [Ref Enq: 0.0 ms]
      [Redirty Cards: 0.2 ms]
      [Humongous Register: 0.0 ms]
      [Humongous Reclaim: 0.0 ms]
      [Free CSet: 0.2 ms]
   [Eden: 246.0M(246.0M)->0.0B(281.0M) Survivors: 39.0M->36.0M Heap: 335.0M(2048.0M)->297.5M(2048.0M)]
 [Times: user=0.98 sys=0.00, real=0.13 secs] 
2020-09-29T12:04:47.988+0200: 176.675: [GC pause (G1 Evacuation Pause) (young), 0.1877459 secs]
   [Parallel Time: 186.6 ms, GC Workers: 8]
      [GC Worker Start (ms): Min: 176675.0, Avg: 176675.1, Max: 176675.2, Diff: 0.2]
      [Ext Root Scanning (ms): Min: 0.0, Avg: 0.1, Max: 0.1, Diff: 0.1, Sum: 0.5]
      [Update RS (ms): Min: 17.5, Avg: 17.6, Max: 17.9, Diff: 0.4, Sum: 140.9]
         [Processed Buffers: Min: 17, Avg: 21.0, Max: 23, Diff: 6, Sum: 168]
      [Scan RS (ms): Min: 14.9, Avg: 15.2, Max: 15.3, Diff: 0.4, Sum: 121.6]
      [Code Root Scanning (ms): Min: 0.0, Avg: 0.0, Max: 0.0, Diff: 0.0, Sum: 0.0]
      [Object Copy (ms): Min: 153.3, Avg: 153.4, Max: 153.4, Diff: 0.1, Sum: 1227.0]
      [Termination (ms): Min: 0.0, Avg: 0.1, Max: 0.1, Diff: 0.1, Sum: 0.6]
         [Termination Attempts: Min: 1, Avg: 463.0, Max: 592, Diff: 591, Sum: 3704]
      [GC Worker Other (ms): Min: 0.0, Avg: 0.0, Max: 0.1, Diff: 0.0, Sum: 0.3]
      [GC Worker Total (ms): Min: 186.3, Avg: 186.4, Max: 186.4, Diff: 0.2, Sum: 1490.9]
      [GC Worker End (ms): Min: 176861.5, Avg: 176861.5, Max: 176861.5, Diff: 0.0]
   [Code Root Fixup: 0.0 ms]
   [Code Root Purge: 0.0 ms]
   [Clear CT: 0.2 ms]
   [Other: 1.0 ms]
      [Choose CSet: 0.0 ms]
      [Ref Proc: 0.3 ms]
      [Ref Enq: 0.0 ms]
      [Redirty Cards: 0.2 ms]
      [Humongous Register: 0.0 ms]
      [Humongous Reclaim: 0.0 ms]
      [Free CSet: 0.2 ms]
   [Eden: 281.0M(281.0M)->0.0B(266.0M) Survivors: 36.0M->40.0M Heap: 626.1M(2048.0M)->628.6M(2048.0M)]
 [Times: user=1.33 sys=0.02, real=0.19 secs] 
2020-09-29T12:04:48.320+0200: 177.008: [GC pause (G1 Evacuation Pause) (young), 0.1647303 secs]
   [Parallel Time: 163.6 ms, GC Workers: 8]
      [GC Worker Start (ms): Min: 177007.9, Avg: 177008.0, Max: 177008.0, Diff: 0.1]
      [Ext Root Scanning (ms): Min: 0.0, Avg: 0.1, Max: 0.2, Diff: 0.1, Sum: 0.7]
      [Update RS (ms): Min: 22.3, Avg: 22.3, Max: 22.4, Diff: 0.2, Sum: 178.4]
         [Processed Buffers: Min: 21, Avg: 22.1, Max: 25, Diff: 4, Sum: 177]
      [Scan RS (ms): Min: 17.4, Avg: 17.5, Max: 17.8, Diff: 0.4, Sum: 140.3]
      [Code Root Scanning (ms): Min: 0.0, Avg: 0.0, Max: 0.0, Diff: 0.0, Sum: 0.0]
      [Object Copy (ms): Min: 123.2, Avg: 123.4, Max: 123.7, Diff: 0.5, Sum: 987.1]
      [Termination (ms): Min: 0.0, Avg: 0.1, Max: 0.2, Diff: 0.2, Sum: 1.0]
         [Termination Attempts: Min: 1, Avg: 675.6, Max: 916, Diff: 915, Sum: 5405]
      [GC Worker Other (ms): Min: 0.0, Avg: 0.0, Max: 0.0, Diff: 0.0, Sum: 0.1]
      [GC Worker Total (ms): Min: 163.4, Avg: 163.4, Max: 163.5, Diff: 0.1, Sum: 1307.6]
      [GC Worker End (ms): Min: 177171.4, Avg: 177171.4, Max: 177171.4, Diff: 0.0]
   [Code Root Fixup: 0.0 ms]
   [Code Root Purge: 0.0 ms]
   [Clear CT: 0.2 ms]
   [Other: 0.9 ms]
      [Choose CSet: 0.0 ms]
      [Ref Proc: 0.2 ms]
      [Ref Enq: 0.0 ms]
      [Redirty Cards: 0.2 ms]
      [Humongous Register: 0.1 ms]
      [Humongous Reclaim: 0.0 ms]
      [Free CSet: 0.3 ms]
   [Eden: 266.0M(266.0M)->0.0B(268.0M) Survivors: 40.0M->39.0M Heap: 938.5M(2048.0M)->941.0M(2048.0M)]
 [Times: user=1.19 sys=0.06, real=0.16 secs] 
2020-09-29T12:04:48.531+0200: 177.218: [GC pause (G1 Humongous Allocation) (young) (initial-mark), 0.0870165 secs]
   [Parallel Time: 85.9 ms, GC Workers: 8]
      [GC Worker Start (ms): Min: 177218.2, Avg: 177218.2, Max: 177218.3, Diff: 0.1]
      [Ext Root Scanning (ms): Min: 0.0, Avg: 0.2, Max: 0.5, Diff: 0.5, Sum: 1.4]
      [Update RS (ms): Min: 20.4, Avg: 20.8, Max: 21.1, Diff: 0.7, Sum: 166.2]
         [Processed Buffers: Min: 20, Avg: 21.6, Max: 24, Diff: 4, Sum: 173]
      [Scan RS (ms): Min: 2.6, Avg: 2.9, Max: 3.2, Diff: 0.6, Sum: 23.1]
      [Code Root Scanning (ms): Min: 0.0, Avg: 0.0, Max: 0.0, Diff: 0.0, Sum: 0.0]
      [Object Copy (ms): Min: 61.6, Avg: 61.7, Max: 61.8, Diff: 0.2, Sum: 493.7]
      [Termination (ms): Min: 0.0, Avg: 0.1, Max: 0.2, Diff: 0.2, Sum: 1.0]
         [Termination Attempts: Min: 1, Avg: 995.4, Max: 1244, Diff: 1243, Sum: 7963]
      [GC Worker Other (ms): Min: 0.0, Avg: 0.0, Max: 0.0, Diff: 0.0, Sum: 0.2]
      [GC Worker Total (ms): Min: 85.6, Avg: 85.7, Max: 85.7, Diff: 0.1, Sum: 685.6]
      [GC Worker End (ms): Min: 177303.9, Avg: 177303.9, Max: 177303.9, Diff: 0.0]
   [Code Root Fixup: 0.0 ms]
   [Code Root Purge: 0.0 ms]
   [Clear CT: 0.3 ms]
   [Other: 0.9 ms]
      [Choose CSet: 0.0 ms]
      [Ref Proc: 0.2 ms]
      [Ref Enq: 0.0 ms]
      [Redirty Cards: 0.2 ms]
      [Humongous Register: 0.0 ms]
      [Humongous Reclaim: 0.0 ms]
      [Free CSet: 0.1 ms]
   [Eden: 77.0M(268.0M)->0.0B(265.0M) Survivors: 39.0M->39.0M Heap: 1029.5M(2048.0M)->1031.0M(2048.0M)]
 [Times: user=0.72 sys=0.00, real=0.09 secs] 
2020-09-29T12:04:48.618+0200: 177.305: [GC concurrent-root-region-scan-start]
2020-09-29T12:04:48.630+0200: 177.317: [GC concurrent-root-region-scan-end, 0.0116026 secs]
2020-09-29T12:04:48.630+0200: 177.317: [GC concurrent-mark-start]
2020-09-29T12:04:48.633+0200: 177.320: [GC concurrent-mark-end, 0.0030200 secs]
2020-09-29T12:04:48.633+0200: 177.320: [GC remark 2020-09-29T12:04:48.633+0200: 177.320: [Finalize Marking, 0.0001715 secs] 2020-09-29T12:04:48.633+0200: 177.320: [GC ref-proc, 0.0003024 secs] 2020-09-29T12:04:48.633+0200: 177.321: [Unloading, 0.0004268 secs], 0.0012518 secs]
 [Times: user=0.00 sys=0.00, real=0.00 secs] 
2020-09-29T12:04:48.634+0200: 177.322: [GC cleanup 1057M->73M(2048M), 0.0013143 secs]
 [Times: user=0.00 sys=0.00, real=0.00 secs] 
2020-09-29T12:04:48.636+0200: 177.323: [GC concurrent-cleanup-start]
2020-09-29T12:04:48.637+0200: 177.325: [GC concurrent-cleanup-end, 0.0014609 secs]
2020-09-29T12:04:48.773+0200: 177.460: [GC pause (G1 Evacuation Pause) (young), 0.1584560 secs]
   [Parallel Time: 157.4 ms, GC Workers: 8]
      [GC Worker Start (ms): Min: 177460.6, Avg: 177460.7, Max: 177460.8, Diff: 0.2]
      [Ext Root Scanning (ms): Min: 0.0, Avg: 0.1, Max: 0.2, Diff: 0.2, Sum: 0.6]
      [Update RS (ms): Min: 18.2, Avg: 18.3, Max: 19.0, Diff: 0.8, Sum: 146.6]
         [Processed Buffers: Min: 15, Avg: 18.6, Max: 21, Diff: 6, Sum: 149]
      [Scan RS (ms): Min: 13.5, Avg: 14.2, Max: 14.4, Diff: 0.8, Sum: 113.2]
      [Code Root Scanning (ms): Min: 0.0, Avg: 0.0, Max: 0.0, Diff: 0.0, Sum: 0.0]
      [Object Copy (ms): Min: 124.2, Avg: 124.4, Max: 124.6, Diff: 0.4, Sum: 995.0]
      [Termination (ms): Min: 0.0, Avg: 0.2, Max: 0.3, Diff: 0.3, Sum: 1.8]
         [Termination Attempts: Min: 1, Avg: 1758.6, Max: 2227, Diff: 2226, Sum: 14069]
      [GC Worker Other (ms): Min: 0.0, Avg: 0.0, Max: 0.1, Diff: 0.0, Sum: 0.3]
      [GC Worker Total (ms): Min: 157.1, Avg: 157.2, Max: 157.3, Diff: 0.2, Sum: 1257.5]
      [GC Worker End (ms): Min: 177617.9, Avg: 177617.9, Max: 177617.9, Diff: 0.0]
   [Code Root Fixup: 0.0 ms]
   [Code Root Purge: 0.0 ms]
   [Clear CT: 0.1 ms]
   [Other: 0.9 ms]
      [Choose CSet: 0.0 ms]
      [Ref Proc: 0.1 ms]
      [Ref Enq: 0.0 ms]
      [Redirty Cards: 0.2 ms]
      [Humongous Register: 0.0 ms]
      [Humongous Reclaim: 0.0 ms]
      [Free CSet: 0.3 ms]
   [Eden: 265.0M(265.0M)->0.0B(274.0M) Survivors: 39.0M->38.0M Heap: 357.8M(2048.0M)->320.8M(2048.0M)]
 [Times: user=1.23 sys=0.00, real=0.16 secs] 
2020-09-29T12:04:49.089+0200: 177.776: [GC pause (G1 Evacuation Pause) (young), 0.4171150 secs]
   [Parallel Time: 414.8 ms, GC Workers: 8]
      [GC Worker Start (ms): Min: 177776.5, Avg: 177776.7, Max: 177776.8, Diff: 0.3]
      [Ext Root Scanning (ms): Min: 0.0, Avg: 0.1, Max: 0.3, Diff: 0.3, Sum: 1.1]
      [Update RS (ms): Min: 41.1, Avg: 41.5, Max: 43.1, Diff: 2.0, Sum: 331.9]
         [Processed Buffers: Min: 18, Avg: 20.9, Max: 24, Diff: 6, Sum: 167]
      [Scan RS (ms): Min: 36.2, Avg: 40.2, Max: 58.1, Diff: 21.9, Sum: 321.7]
      [Code Root Scanning (ms): Min: 0.0, Avg: 0.0, Max: 0.1, Diff: 0.1, Sum: 0.2]
      [Object Copy (ms): Min: 315.0, Avg: 332.4, Max: 335.0, Diff: 20.0, Sum: 2659.0]
      [Termination (ms): Min: 0.0, Avg: 0.1, Max: 0.2, Diff: 0.2, Sum: 1.0]
         [Termination Attempts: Min: 1, Avg: 344.8, Max: 460, Diff: 459, Sum: 2758]
      [GC Worker Other (ms): Min: 0.0, Avg: 0.1, Max: 0.2, Diff: 0.1, Sum: 0.7]
      [GC Worker Total (ms): Min: 414.3, Avg: 414.4, Max: 414.7, Diff: 0.4, Sum: 3315.5]
      [GC Worker End (ms): Min: 178191.1, Avg: 178191.1, Max: 178191.2, Diff: 0.1]
   [Code Root Fixup: 0.0 ms]
   [Code Root Purge: 0.0 ms]
   [Clear CT: 0.4 ms]
   [Other: 1.9 ms]
      [Choose CSet: 0.0 ms]
      [Ref Proc: 0.4 ms]
      [Ref Enq: 0.0 ms]
      [Redirty Cards: 0.5 ms]
      [Humongous Register: 0.1 ms]
      [Humongous Reclaim: 0.0 ms]
      [Free CSet: 0.5 ms]
   [Eden: 274.0M(274.0M)->0.0B(117.0M) Survivors: 38.0M->39.0M Heap: 640.6M(2048.0M)->642.1M(2048.0M)]
 [Times: user=3.14 sys=0.02, real=0.42 secs] 
2020-09-29T12:04:49.697+0200: 178.384: [GC pause (G1 Evacuation Pause) (young), 0.3132191 secs]
   [Parallel Time: 311.1 ms, GC Workers: 8]
      [GC Worker Start (ms): Min: 178384.4, Avg: 178392.7, Max: 178418.3, Diff: 33.9]
      [Ext Root Scanning (ms): Min: 0.0, Avg: 0.1, Max: 0.3, Diff: 0.3, Sum: 1.1]
      [Update RS (ms): Min: 23.4, Avg: 50.3, Max: 65.9, Diff: 42.5, Sum: 402.5]
         [Processed Buffers: Min: 11, Avg: 21.8, Max: 28, Diff: 17, Sum: 174]
      [Scan RS (ms): Min: 0.1, Avg: 7.6, Max: 9.6, Diff: 9.5, Sum: 60.5]
      [Code Root Scanning (ms): Min: 0.0, Avg: 0.0, Max: 0.0, Diff: 0.0, Sum: 0.0]
      [Object Copy (ms): Min: 243.8, Avg: 244.1, Max: 244.5, Diff: 0.7, Sum: 1952.9]
      [Termination (ms): Min: 0.0, Avg: 0.3, Max: 0.4, Diff: 0.4, Sum: 2.1]
         [Termination Attempts: Min: 1, Avg: 674.9, Max: 873, Diff: 872, Sum: 5399]
      [GC Worker Other (ms): Min: 0.0, Avg: 0.1, Max: 0.1, Diff: 0.1, Sum: 0.5]
      [GC Worker Total (ms): Min: 276.9, Avg: 302.5, Max: 310.8, Diff: 33.9, Sum: 2419.8]
      [GC Worker End (ms): Min: 178695.1, Avg: 178695.1, Max: 178695.2, Diff: 0.0]
   [Code Root Fixup: 0.0 ms]
   [Code Root Purge: 0.0 ms]
   [Clear CT: 0.4 ms]
   [Other: 1.7 ms]
      [Choose CSet: 0.0 ms]
      [Ref Proc: 0.5 ms]
      [Ref Enq: 0.0 ms]
      [Redirty Cards: 0.4 ms]
      [Humongous Register: 0.1 ms]
      [Humongous Reclaim: 0.0 ms]
      [Free CSet: 0.2 ms]
   [Eden: 117.0M(117.0M)->0.0B(82.0M) Survivors: 39.0M->20.0M Heap: 778.1M(2048.0M)->780.1M(2048.0M)]
 [Times: user=2.17 sys=0.00, real=0.31 secs] 
2020-09-29T12:04:50.134+0200: 178.822: [GC pause (G1 Evacuation Pause) (young), 0.1646494 secs]
   [Parallel Time: 162.9 ms, GC Workers: 8]
      [GC Worker Start (ms): Min: 178821.8, Avg: 178822.0, Max: 178822.8, Diff: 1.1]
      [Ext Root Scanning (ms): Min: 0.0, Avg: 0.2, Max: 0.3, Diff: 0.3, Sum: 1.5]
      [Update RS (ms): Min: 40.8, Avg: 41.8, Max: 42.8, Diff: 2.0, Sum: 334.1]
         [Processed Buffers: Min: 16, Avg: 19.0, Max: 24, Diff: 8, Sum: 152]
      [Scan RS (ms): Min: 2.7, Avg: 3.7, Max: 4.6, Diff: 1.8, Sum: 29.3]
      [Code Root Scanning (ms): Min: 0.0, Avg: 0.0, Max: 0.0, Diff: 0.0, Sum: 0.0]
      [Object Copy (ms): Min: 115.9, Avg: 116.6, Max: 116.9, Diff: 1.0, Sum: 932.6]
      [Termination (ms): Min: 0.0, Avg: 0.2, Max: 0.2, Diff: 0.2, Sum: 1.4]
         [Termination Attempts: Min: 1, Avg: 457.3, Max: 576, Diff: 575, Sum: 3658]
      [GC Worker Other (ms): Min: 0.0, Avg: 0.0, Max: 0.1, Diff: 0.1, Sum: 0.3]
      [GC Worker Total (ms): Min: 161.6, Avg: 162.4, Max: 162.7, Diff: 1.1, Sum: 1299.2]
      [GC Worker End (ms): Min: 178984.4, Avg: 178984.4, Max: 178984.5, Diff: 0.1]
   [Code Root Fixup: 0.0 ms]
   [Code Root Purge: 0.0 ms]
   [Clear CT: 0.4 ms]
   [Other: 1.4 ms]
      [Choose CSet: 0.0 ms]
      [Ref Proc: 0.3 ms]
      [Ref Enq: 0.0 ms]
      [Redirty Cards: 0.5 ms]
      [Humongous Register: 0.1 ms]
      [Humongous Reclaim: 0.0 ms]
      [Free CSet: 0.2 ms]
   [Eden: 82.0M(82.0M)->0.0B(89.0M) Survivors: 20.0M->13.0M Heap: 875.5M(2048.0M)->877.5M(2048.0M)]
 [Times: user=1.19 sys=0.00, real=0.16 secs] 
2020-09-29T12:04:50.415+0200: 179.102: [GC pause (G1 Evacuation Pause) (young), 0.1880239 secs]
   [Parallel Time: 183.7 ms, GC Workers: 8]
      [GC Worker Start (ms): Min: 179102.6, Avg: 179102.7, Max: 179102.9, Diff: 0.3]
      [Ext Root Scanning (ms): Min: 0.0, Avg: 0.2, Max: 0.3, Diff: 0.3, Sum: 1.4]
      [Update RS (ms): Min: 46.2, Avg: 51.5, Max: 80.2, Diff: 34.0, Sum: 412.2]
         [Processed Buffers: Min: 15, Avg: 18.3, Max: 24, Diff: 9, Sum: 146]
      [Scan RS (ms): Min: 0.0, Avg: 2.4, Max: 4.0, Diff: 4.0, Sum: 19.6]
      [Code Root Scanning (ms): Min: 0.0, Avg: 0.0, Max: 0.0, Diff: 0.0, Sum: 0.0]
      [Object Copy (ms): Min: 102.9, Avg: 129.1, Max: 133.0, Diff: 30.1, Sum: 1032.5]
      [Termination (ms): Min: 0.0, Avg: 0.1, Max: 0.2, Diff: 0.2, Sum: 1.2]
         [Termination Attempts: Min: 1, Avg: 138.3, Max: 216, Diff: 215, Sum: 1106]
      [GC Worker Other (ms): Min: 0.0, Avg: 0.0, Max: 0.0, Diff: 0.0, Sum: 0.1]
      [GC Worker Total (ms): Min: 183.1, Avg: 183.4, Max: 183.5, Diff: 0.3, Sum: 1467.0]
      [GC Worker End (ms): Min: 179286.1, Avg: 179286.1, Max: 179286.1, Diff: 0.1]
   [Code Root Fixup: 0.0 ms]
   [Code Root Purge: 0.0 ms]
   [Clear CT: 0.4 ms]
   [Other: 3.8 ms]
      [Choose CSet: 0.0 ms]
      [Ref Proc: 0.8 ms]
      [Ref Enq: 0.0 ms]
      [Redirty Cards: 2.4 ms]
      [Humongous Register: 0.1 ms]
      [Humongous Reclaim: 0.0 ms]
      [Free CSet: 0.2 ms]
   [Eden: 89.0M(89.0M)->0.0B(89.0M) Survivors: 13.0M->13.0M Heap: 981.7M(2048.0M)->983.7M(2048.0M)]
 [Times: user=1.16 sys=0.00, real=0.19 secs] 
2020-09-29T12:04:50.614+0200: 179.302: [GC pause (G1 Humongous Allocation) (young) (initial-mark), 0.0754785 secs]
   [Parallel Time: 73.4 ms, GC Workers: 8]
      [GC Worker Start (ms): Min: 179302.1, Avg: 179302.3, Max: 179302.5, Diff: 0.4]
      [Ext Root Scanning (ms): Min: 0.0, Avg: 0.4, Max: 0.5, Diff: 0.4, Sum: 2.8]
      [Update RS (ms): Min: 35.0, Avg: 36.1, Max: 37.7, Diff: 2.8, Sum: 288.7]
         [Processed Buffers: Min: 15, Avg: 17.0, Max: 19, Diff: 4, Sum: 136]
      [Scan RS (ms): Min: 0.0, Avg: 3.2, Max: 21.8, Diff: 21.8, Sum: 25.4]
      [Code Root Scanning (ms): Min: 0.0, Avg: 0.0, Max: 0.0, Diff: 0.0, Sum: 0.0]
      [Object Copy (ms): Min: 15.2, Avg: 33.4, Max: 36.2, Diff: 21.0, Sum: 267.2]
      [Termination (ms): Min: 0.0, Avg: 0.1, Max: 0.1, Diff: 0.1, Sum: 0.8]
         [Termination Attempts: Min: 1, Avg: 234.9, Max: 328, Diff: 327, Sum: 1879]
      [GC Worker Other (ms): Min: 0.0, Avg: 0.0, Max: 0.1, Diff: 0.0, Sum: 0.2]
      [GC Worker Total (ms): Min: 72.9, Avg: 73.1, Max: 73.3, Diff: 0.4, Sum: 585.1]
      [GC Worker End (ms): Min: 179375.4, Avg: 179375.4, Max: 179375.5, Diff: 0.0]
   [Code Root Fixup: 0.0 ms]
   [Code Root Purge: 0.0 ms]
   [Clear CT: 0.5 ms]
   [Other: 1.6 ms]
      [Choose CSet: 0.0 ms]
      [Ref Proc: 0.5 ms]
      [Ref Enq: 0.0 ms]
      [Redirty Cards: 0.4 ms]
      [Humongous Register: 0.1 ms]
      [Humongous Reclaim: 0.0 ms]
      [Free CSet: 0.1 ms]
   [Eden: 9216.0K(89.0M)->0.0B(91.0M) Survivors: 13.0M->11.0M Heap: 992.2M(2048.0M)->996.7M(2048.0M)]
 [Times: user=0.44 sys=0.02, real=0.08 secs] 
2020-09-29T12:04:50.690+0200: 179.378: [GC concurrent-root-region-scan-start]
2020-09-29T12:04:50.697+0200: 179.384: [GC concurrent-root-region-scan-end, 0.0063967 secs]
2020-09-29T12:04:50.697+0200: 179.384: [GC concurrent-mark-start]
2020-09-29T12:04:50.706+0200: 179.393: [GC concurrent-mark-end, 0.0065669 secs]
2020-09-29T12:04:50.706+0200: 179.393: [GC remark 2020-09-29T12:04:50.706+0200: 179.394: [Finalize Marking, 0.0006078 secs] 2020-09-29T12:04:50.707+0200: 179.394: [GC ref-proc, 0.0008198 secs] 2020-09-29T12:04:50.708+0200: 179.395: [Unloading, 0.0009665 secs], 0.0029981 secs]
 [Times: user=0.02 sys=0.00, real=0.00 secs] 
2020-09-29T12:04:50.712+0200: 179.399: [GC cleanup 1013M->35M(2048M), 0.0029364 secs]
 [Times: user=0.00 sys=0.00, real=0.00 secs] 
2020-09-29T12:04:50.715+0200: 179.402: [GC concurrent-cleanup-start]
2020-09-29T12:04:50.717+0200: 179.405: [GC concurrent-cleanup-end, 0.0026482 secs]
2020-09-29T12:04:50.822+0200: 179.510: [GC pause (G1 Evacuation Pause) (young), 0.1471410 secs]
   [Parallel Time: 145.0 ms, GC Workers: 8]
      [GC Worker Start (ms): Min: 179509.7, Avg: 179510.2, Max: 179513.3, Diff: 3.6]
      [Ext Root Scanning (ms): Min: 0.0, Avg: 0.2, Max: 0.4, Diff: 0.4, Sum: 1.6]
      [Update RS (ms): Min: 29.0, Avg: 32.6, Max: 35.8, Diff: 6.8, Sum: 261.0]
         [Processed Buffers: Min: 12, Avg: 14.3, Max: 16, Diff: 4, Sum: 114]
      [Scan RS (ms): Min: 0.0, Avg: 1.4, Max: 2.2, Diff: 2.2, Sum: 11.3]
      [Code Root Scanning (ms): Min: 0.0, Avg: 0.0, Max: 0.0, Diff: 0.0, Sum: 0.0]
      [Object Copy (ms): Min: 108.6, Avg: 109.9, Max: 110.2, Diff: 1.6, Sum: 879.2]
      [Termination (ms): Min: 0.0, Avg: 0.1, Max: 0.1, Diff: 0.1, Sum: 0.7]
         [Termination Attempts: Min: 1, Avg: 19.5, Max: 33, Diff: 32, Sum: 156]
      [GC Worker Other (ms): Min: 0.0, Avg: 0.0, Max: 0.0, Diff: 0.0, Sum: 0.1]
      [GC Worker Total (ms): Min: 141.2, Avg: 144.3, Max: 144.8, Diff: 3.6, Sum: 1154.0]
      [GC Worker End (ms): Min: 179654.5, Avg: 179654.5, Max: 179654.5, Diff: 0.1]
   [Code Root Fixup: 0.0 ms]
   [Code Root Purge: 0.0 ms]
   [Clear CT: 0.4 ms]
   [Other: 1.7 ms]
      [Choose CSet: 0.0 ms]
      [Ref Proc: 0.6 ms]
      [Ref Enq: 0.0 ms]
      [Redirty Cards: 0.4 ms]
      [Humongous Register: 0.1 ms]
      [Humongous Reclaim: 0.0 ms]
      [Free CSet: 0.2 ms]
   [Eden: 91.0M(91.0M)->0.0B(89.0M) Survivors: 11.0M->13.0M Heap: 125.3M(2048.0M)->116.8M(2048.0M)]
 [Times: user=0.97 sys=0.02, real=0.15 secs] 
2020-09-29T12:04:51.090+0200: 179.778: [GC pause (G1 Evacuation Pause) (young), 0.1662287 secs]
   [Parallel Time: 164.1 ms, GC Workers: 8]
      [GC Worker Start (ms): Min: 179777.9, Avg: 179779.4, Max: 179787.2, Diff: 9.3]
      [Ext Root Scanning (ms): Min: 0.0, Avg: 0.2, Max: 0.3, Diff: 0.3, Sum: 1.5]
      [Update RS (ms): Min: 16.4, Avg: 24.1, Max: 26.0, Diff: 9.6, Sum: 192.8]
         [Processed Buffers: Min: 7, Avg: 11.3, Max: 13, Diff: 6, Sum: 90]
      [Scan RS (ms): Min: 5.8, Avg: 6.5, Max: 7.1, Diff: 1.3, Sum: 51.8]
      [Code Root Scanning (ms): Min: 0.0, Avg: 0.0, Max: 0.0, Diff: 0.0, Sum: 0.0]
      [Object Copy (ms): Min: 131.0, Avg: 131.2, Max: 131.4, Diff: 0.3, Sum: 1049.7]
      [Termination (ms): Min: 0.0, Avg: 0.3, Max: 0.3, Diff: 0.3, Sum: 2.1]
         [Termination Attempts: Min: 1, Avg: 716.6, Max: 845, Diff: 844, Sum: 5733]
      [GC Worker Other (ms): Min: 0.0, Avg: 0.0, Max: 0.1, Diff: 0.1, Sum: 0.4]
      [GC Worker Total (ms): Min: 154.5, Avg: 162.3, Max: 163.8, Diff: 9.3, Sum: 1298.2]
      [GC Worker End (ms): Min: 179941.7, Avg: 179941.7, Max: 179941.7, Diff: 0.1]
   [Code Root Fixup: 0.0 ms]
   [Code Root Purge: 0.0 ms]
   [Clear CT: 0.5 ms]
   [Other: 1.6 ms]
      [Choose CSet: 0.0 ms]
      [Ref Proc: 0.3 ms]
      [Ref Enq: 0.0 ms]
      [Redirty Cards: 0.6 ms]
      [Humongous Register: 0.1 ms]
      [Humongous Reclaim: 0.0 ms]
      [Free CSet: 0.2 ms]
   [Eden: 89.0M(89.0M)->0.0B(89.0M) Survivors: 13.0M->13.0M Heap: 221.0M(2048.0M)->223.0M(2048.0M)]
 [Times: user=1.13 sys=0.01, real=0.17 secs] 
2020-09-29T12:04:51.380+0200: 180.067: [GC pause (G1 Evacuation Pause) (young), 0.1712430 secs]
   [Parallel Time: 169.2 ms, GC Workers: 8]
      [GC Worker Start (ms): Min: 180067.5, Avg: 180069.1, Max: 180071.7, Diff: 4.2]
      [Ext Root Scanning (ms): Min: 0.0, Avg: 0.1, Max: 0.3, Diff: 0.3, Sum: 1.1]
      [Update RS (ms): Min: 24.0, Avg: 26.8, Max: 28.9, Diff: 4.9, Sum: 214.7]
         [Processed Buffers: Min: 4, Avg: 11.3, Max: 15, Diff: 11, Sum: 90]
      [Scan RS (ms): Min: 6.8, Avg: 7.4, Max: 7.8, Diff: 0.9, Sum: 58.9]
      [Code Root Scanning (ms): Min: 0.0, Avg: 0.0, Max: 0.0, Diff: 0.0, Sum: 0.0]
      [Object Copy (ms): Min: 132.4, Avg: 132.7, Max: 133.0, Diff: 0.6, Sum: 1061.5]
      [Termination (ms): Min: 0.0, Avg: 0.3, Max: 0.4, Diff: 0.4, Sum: 2.5]
         [Termination Attempts: Min: 1, Avg: 779.6, Max: 991, Diff: 990, Sum: 6237]
      [GC Worker Other (ms): Min: 0.0, Avg: 0.0, Max: 0.1, Diff: 0.0, Sum: 0.3]
      [GC Worker Total (ms): Min: 164.8, Avg: 167.4, Max: 169.0, Diff: 4.2, Sum: 1338.9]
      [GC Worker End (ms): Min: 180236.4, Avg: 180236.4, Max: 180236.5, Diff: 0.0]
   [Code Root Fixup: 0.0 ms]
   [Code Root Purge: 0.0 ms]
   [Clear CT: 0.4 ms]
   [Other: 1.7 ms]
      [Choose CSet: 0.0 ms]
      [Ref Proc: 0.6 ms]
      [Ref Enq: 0.0 ms]
      [Redirty Cards: 0.4 ms]
      [Humongous Register: 0.1 ms]
      [Humongous Reclaim: 0.0 ms]
      [Free CSet: 0.2 ms]
   [Eden: 89.0M(89.0M)->0.0B(89.0M) Survivors: 13.0M->13.0M Heap: 327.3M(2048.0M)->329.8M(2048.0M)]
 [Times: user=1.19 sys=0.00, real=0.17 secs] 
2020-09-29T12:04:51.668+0200: 180.356: [GC pause (G1 Evacuation Pause) (young), 0.1700859 secs]
   [Parallel Time: 168.0 ms, GC Workers: 8]
      [GC Worker Start (ms): Min: 180355.7, Avg: 180355.8, Max: 180356.0, Diff: 0.3]
      [Ext Root Scanning (ms): Min: 0.0, Avg: 0.2, Max: 0.3, Diff: 0.3, Sum: 1.4]
      [Update RS (ms): Min: 19.1, Avg: 19.5, Max: 20.6, Diff: 1.5, Sum: 156.1]
         [Processed Buffers: Min: 8, Avg: 10.1, Max: 13, Diff: 5, Sum: 81]
      [Scan RS (ms): Min: 7.6, Avg: 8.6, Max: 9.1, Diff: 1.6, Sum: 69.1]
      [Code Root Scanning (ms): Min: 0.0, Avg: 0.0, Max: 0.0, Diff: 0.0, Sum: 0.0]
      [Object Copy (ms): Min: 138.1, Avg: 138.7, Max: 139.0, Diff: 0.9, Sum: 1109.8]
      [Termination (ms): Min: 0.0, Avg: 0.5, Max: 1.0, Diff: 1.0, Sum: 3.7]
         [Termination Attempts: Min: 1, Avg: 1030.8, Max: 1330, Diff: 1329, Sum: 8246]
      [GC Worker Other (ms): Min: 0.0, Avg: 0.1, Max: 0.1, Diff: 0.1, Sum: 0.5]
      [GC Worker Total (ms): Min: 167.4, Avg: 167.6, Max: 167.7, Diff: 0.4, Sum: 1340.6]
      [GC Worker End (ms): Min: 180523.4, Avg: 180523.4, Max: 180523.5, Diff: 0.1]
   [Code Root Fixup: 0.0 ms]
   [Code Root Purge: 0.0 ms]
   [Clear CT: 0.4 ms]
   [Other: 1.7 ms]
      [Choose CSet: 0.0 ms]
      [Ref Proc: 0.4 ms]
      [Ref Enq: 0.0 ms]
      [Redirty Cards: 0.6 ms]
      [Humongous Register: 0.1 ms]
      [Humongous Reclaim: 0.0 ms]
      [Free CSet: 0.2 ms]
   [Eden: 89.0M(89.0M)->0.0B(89.0M) Survivors: 13.0M->13.0M Heap: 434.0M(2048.0M)->436.0M(2048.0M)]
 [Times: user=1.28 sys=0.03, real=0.17 secs] 
2020-09-29T12:04:51.956+0200: 180.643: [GC pause (G1 Evacuation Pause) (young), 0.1505819 secs]
   [Parallel Time: 148.3 ms, GC Workers: 8]
      [GC Worker Start (ms): Min: 180643.3, Avg: 180643.4, Max: 180643.5, Diff: 0.2]
      [Ext Root Scanning (ms): Min: 0.1, Avg: 0.2, Max: 0.3, Diff: 0.2, Sum: 1.4]
      [Update RS (ms): Min: 21.0, Avg: 21.3, Max: 22.1, Diff: 1.1, Sum: 170.4]
         [Processed Buffers: Min: 9, Avg: 11.4, Max: 16, Diff: 7, Sum: 91]
      [Scan RS (ms): Min: 11.0, Avg: 12.4, Max: 14.0, Diff: 3.0, Sum: 99.3]
      [Code Root Scanning (ms): Min: 0.0, Avg: 0.0, Max: 0.0, Diff: 0.0, Sum: 0.0]
      [Object Copy (ms): Min: 112.7, Avg: 113.9, Max: 114.5, Diff: 1.9, Sum: 911.6]
      [Termination (ms): Min: 0.0, Avg: 0.1, Max: 0.2, Diff: 0.2, Sum: 1.2]
         [Termination Attempts: Min: 1, Avg: 67.4, Max: 98, Diff: 97, Sum: 539]
      [GC Worker Other (ms): Min: 0.0, Avg: 0.0, Max: 0.1, Diff: 0.0, Sum: 0.2]
      [GC Worker Total (ms): Min: 147.9, Avg: 148.0, Max: 148.1, Diff: 0.2, Sum: 1184.1]
      [GC Worker End (ms): Min: 180791.4, Avg: 180791.4, Max: 180791.5, Diff: 0.0]
   [Code Root Fixup: 0.0 ms]
   [Code Root Purge: 0.0 ms]
   [Clear CT: 0.6 ms]
   [Other: 1.7 ms]
      [Choose CSet: 0.0 ms]
      [Ref Proc: 0.5 ms]
      [Ref Enq: 0.0 ms]
      [Redirty Cards: 0.5 ms]
      [Humongous Register: 0.1 ms]
      [Humongous Reclaim: 0.0 ms]
      [Free CSet: 0.2 ms]
   [Eden: 89.0M(89.0M)->0.0B(93.0M) Survivors: 13.0M->13.0M Heap: 540.3M(2048.0M)->542.3M(2048.0M)]
 [Times: user=1.14 sys=0.00, real=0.15 secs] 
2020-09-29T12:04:52.236+0200: 180.923: [GC pause (G1 Evacuation Pause) (young), 0.1706754 secs]
   [Parallel Time: 167.7 ms, GC Workers: 8]
      [GC Worker Start (ms): Min: 180923.2, Avg: 180923.4, Max: 180924.3, Diff: 1.1]
      [Ext Root Scanning (ms): Min: 0.0, Avg: 0.2, Max: 0.3, Diff: 0.3, Sum: 1.4]
      [Update RS (ms): Min: 17.2, Avg: 17.6, Max: 18.6, Diff: 1.4, Sum: 141.1]
         [Processed Buffers: Min: 8, Avg: 9.8, Max: 11, Diff: 3, Sum: 78]
      [Scan RS (ms): Min: 8.4, Avg: 9.5, Max: 10.1, Diff: 1.7, Sum: 76.4]
      [Code Root Scanning (ms): Min: 0.0, Avg: 0.0, Max: 0.0, Diff: 0.0, Sum: 0.0]
      [Object Copy (ms): Min: 139.4, Avg: 139.8, Max: 140.1, Diff: 0.7, Sum: 1118.1]
      [Termination (ms): Min: 0.0, Avg: 0.1, Max: 0.1, Diff: 0.1, Sum: 0.8]
         [Termination Attempts: Min: 1, Avg: 54.9, Max: 85, Diff: 84, Sum: 439]
      [GC Worker Other (ms): Min: 0.0, Avg: 0.0, Max: 0.1, Diff: 0.0, Sum: 0.2]
      [GC Worker Total (ms): Min: 166.4, Avg: 167.3, Max: 167.5, Diff: 1.1, Sum: 1338.1]
      [GC Worker End (ms): Min: 181090.7, Avg: 181090.7, Max: 181090.7, Diff: 0.0]
   [Code Root Fixup: 0.0 ms]
   [Code Root Purge: 0.0 ms]
   [Clear CT: 0.6 ms]
   [Other: 2.4 ms]
      [Choose CSet: 0.0 ms]
      [Ref Proc: 1.1 ms]
      [Ref Enq: 0.0 ms]
      [Redirty Cards: 0.6 ms]
      [Humongous Register: 0.1 ms]
      [Humongous Reclaim: 0.0 ms]
      [Free CSet: 0.2 ms]
   [Eden: 93.0M(93.0M)->0.0B(93.0M) Survivors: 13.0M->14.0M Heap: 650.6M(2048.0M)->653.1M(2048.0M)]
 [Times: user=1.23 sys=0.00, real=0.17 secs] 
2020-09-29T12:04:52.536+0200: 181.224: [GC pause (G1 Evacuation Pause) (young), 0.2260673 secs]
   [Parallel Time: 223.7 ms, GC Workers: 8]
      [GC Worker Start (ms): Min: 181224.1, Avg: 181228.3, Max: 181256.5, Diff: 32.4]
      [Ext Root Scanning (ms): Min: 0.0, Avg: 0.1, Max: 0.3, Diff: 0.3, Sum: 1.2]
      [Update RS (ms): Min: 0.0, Avg: 20.1, Max: 24.0, Diff: 24.0, Sum: 161.0]
         [Processed Buffers: Min: 0, Avg: 10.9, Max: 15, Diff: 15, Sum: 87]
      [Scan RS (ms): Min: 1.1, Avg: 9.2, Max: 11.5, Diff: 10.4, Sum: 73.2]
      [Code Root Scanning (ms): Min: 0.0, Avg: 0.0, Max: 0.0, Diff: 0.0, Sum: 0.0]
      [Object Copy (ms): Min: 188.7, Avg: 189.3, Max: 189.6, Diff: 0.9, Sum: 1514.4]
      [Termination (ms): Min: 0.1, Avg: 0.5, Max: 0.8, Diff: 0.7, Sum: 4.2]
         [Termination Attempts: Min: 1, Avg: 1307.1, Max: 1836, Diff: 1835, Sum: 10457]
      [GC Worker Other (ms): Min: 0.0, Avg: 0.0, Max: 0.0, Diff: 0.0, Sum: 0.2]
      [GC Worker Total (ms): Min: 191.1, Avg: 219.3, Max: 223.5, Diff: 32.4, Sum: 1754.2]
      [GC Worker End (ms): Min: 181447.5, Avg: 181447.5, Max: 181447.6, Diff: 0.0]
   [Code Root Fixup: 0.0 ms]
   [Code Root Purge: 0.0 ms]
   [Clear CT: 0.8 ms]
   [Other: 1.6 ms]
      [Choose CSet: 0.0 ms]
      [Ref Proc: 0.3 ms]
      [Ref Enq: 0.0 ms]
      [Redirty Cards: 0.6 ms]
      [Humongous Register: 0.1 ms]
      [Humongous Reclaim: 0.0 ms]
      [Free CSet: 0.2 ms]
   [Eden: 93.0M(93.0M)->0.0B(88.0M) Survivors: 14.0M->14.0M Heap: 761.3M(2048.0M)->763.3M(2048.0M)]
 [Times: user=1.44 sys=0.03, real=0.23 secs] 
2020-09-29T12:04:52.873+0200: 181.561: [GC pause (G1 Evacuation Pause) (young), 0.2170544 secs]
   [Parallel Time: 215.2 ms, GC Workers: 8]
      [GC Worker Start (ms): Min: 181561.2, Avg: 181569.4, Max: 181593.5, Diff: 32.3]
      [Ext Root Scanning (ms): Min: 0.0, Avg: 0.2, Max: 0.3, Diff: 0.3, Sum: 1.4]
      [Update RS (ms): Min: 0.0, Avg: 17.2, Max: 23.7, Diff: 23.7, Sum: 137.7]
         [Processed Buffers: Min: 0, Avg: 8.5, Max: 12, Diff: 12, Sum: 68]
      [Scan RS (ms): Min: 2.4, Avg: 13.2, Max: 41.7, Diff: 39.3, Sum: 105.2]
      [Code Root Scanning (ms): Min: 0.0, Avg: 0.0, Max: 0.0, Diff: 0.0, Sum: 0.0]
      [Object Copy (ms): Min: 150.4, Avg: 176.1, Max: 180.0, Diff: 29.6, Sum: 1408.7]
      [Termination (ms): Min: 0.0, Avg: 0.1, Max: 0.2, Diff: 0.2, Sum: 0.9]
         [Termination Attempts: Min: 1, Avg: 64.8, Max: 96, Diff: 95, Sum: 518]
      [GC Worker Other (ms): Min: 0.0, Avg: 0.0, Max: 0.0, Diff: 0.0, Sum: 0.2]
      [GC Worker Total (ms): Min: 182.6, Avg: 206.8, Max: 214.9, Diff: 32.3, Sum: 1654.1]
      [GC Worker End (ms): Min: 181776.1, Avg: 181776.1, Max: 181776.1, Diff: 0.1]
   [Code Root Fixup: 0.0 ms]
   [Code Root Purge: 0.0 ms]
   [Clear CT: 0.4 ms]
   [Other: 1.5 ms]
      [Choose CSet: 0.0 ms]
      [Ref Proc: 0.4 ms]
      [Ref Enq: 0.0 ms]
      [Redirty Cards: 0.5 ms]
      [Humongous Register: 0.1 ms]
      [Humongous Reclaim: 0.0 ms]
      [Free CSet: 0.2 ms]
   [Eden: 88.0M(88.0M)->0.0B(89.0M) Survivors: 14.0M->13.0M Heap: 864.7M(2048.0M)->865.7M(2048.0M)]
 [Times: user=1.41 sys=0.02, real=0.22 secs] 
2020-09-29T12:04:53.219+0200: 181.907: [GC pause (G1 Evacuation Pause) (young), 0.1769450 secs]
   [Parallel Time: 175.1 ms, GC Workers: 8]
      [GC Worker Start (ms): Min: 181907.3, Avg: 181911.3, Max: 181918.2, Diff: 10.9]
      [Ext Root Scanning (ms): Min: 0.0, Avg: 0.1, Max: 0.3, Diff: 0.3, Sum: 1.1]
      [Update RS (ms): Min: 13.9, Avg: 20.7, Max: 24.9, Diff: 11.0, Sum: 165.4]
         [Processed Buffers: Min: 6, Avg: 9.6, Max: 14, Diff: 8, Sum: 77]
      [Scan RS (ms): Min: 8.2, Avg: 9.2, Max: 11.9, Diff: 3.7, Sum: 73.4]
      [Code Root Scanning (ms): Min: 0.0, Avg: 0.0, Max: 0.0, Diff: 0.0, Sum: 0.0]
      [Object Copy (ms): Min: 138.3, Avg: 140.8, Max: 141.3, Diff: 3.0, Sum: 1126.7]
      [Termination (ms): Min: 0.0, Avg: 0.0, Max: 0.0, Diff: 0.0, Sum: 0.1]
         [Termination Attempts: Min: 1, Avg: 18.8, Max: 28, Diff: 27, Sum: 150]
      [GC Worker Other (ms): Min: 0.0, Avg: 0.0, Max: 0.1, Diff: 0.0, Sum: 0.3]
      [GC Worker Total (ms): Min: 163.9, Avg: 170.9, Max: 174.9, Diff: 10.9, Sum: 1367.0]
      [GC Worker End (ms): Min: 182082.1, Avg: 182082.1, Max: 182082.2, Diff: 0.0]
   [Code Root Fixup: 0.0 ms]
   [Code Root Purge: 0.0 ms]
   [Clear CT: 0.5 ms]
   [Other: 1.4 ms]
      [Choose CSet: 0.0 ms]
      [Ref Proc: 0.4 ms]
      [Ref Enq: 0.0 ms]
      [Redirty Cards: 0.4 ms]
      [Humongous Register: 0.1 ms]
      [Humongous Reclaim: 0.0 ms]
      [Free CSet: 0.2 ms]
   [Eden: 89.0M(89.0M)->0.0B(89.0M) Survivors: 13.0M->13.0M Heap: 969.9M(2048.0M)->971.4M(2048.0M)]
 [Times: user=1.28 sys=0.00, real=0.18 secs] 
2020-09-29T12:04:53.404+0200: 182.092: [GC pause (G1 Humongous Allocation) (young) (initial-mark), 0.0661746 secs]
   [Parallel Time: 63.4 ms, GC Workers: 8]
      [GC Worker Start (ms): Min: 182092.2, Avg: 182092.4, Max: 182092.6, Diff: 0.4]
      [Ext Root Scanning (ms): Min: 0.0, Avg: 0.4, Max: 0.5, Diff: 0.5, Sum: 3.1]
      [Update RS (ms): Min: 31.3, Avg: 32.7, Max: 34.1, Diff: 2.8, Sum: 261.3]
         [Processed Buffers: Min: 11, Avg: 14.9, Max: 18, Diff: 7, Sum: 119]
      [Scan RS (ms): Min: 0.6, Avg: 2.0, Max: 3.0, Diff: 2.4, Sum: 15.7]
      [Code Root Scanning (ms): Min: 0.0, Avg: 0.0, Max: 0.0, Diff: 0.0, Sum: 0.0]
      [Object Copy (ms): Min: 27.9, Avg: 28.0, Max: 28.1, Diff: 0.2, Sum: 224.0]
      [Termination (ms): Min: 0.0, Avg: 0.1, Max: 0.2, Diff: 0.2, Sum: 0.9]
         [Termination Attempts: Min: 1, Avg: 24.1, Max: 44, Diff: 43, Sum: 193]
      [GC Worker Other (ms): Min: 0.0, Avg: 0.0, Max: 0.0, Diff: 0.0, Sum: 0.2]
      [GC Worker Total (ms): Min: 62.9, Avg: 63.1, Max: 63.3, Diff: 0.4, Sum: 505.2]
      [GC Worker End (ms): Min: 182155.5, Avg: 182155.5, Max: 182155.5, Diff: 0.1]
   [Code Root Fixup: 0.0 ms]
   [Code Root Purge: 0.0 ms]
   [Clear CT: 0.7 ms]
   [Other: 2.0 ms]
      [Choose CSet: 0.0 ms]
      [Ref Proc: 0.3 ms]
      [Ref Enq: 0.0 ms]
      [Redirty Cards: 1.1 ms]
      [Humongous Register: 0.1 ms]
      [Humongous Reclaim: 0.0 ms]
      [Free CSet: 0.1 ms]
   [Eden: 3072.0K(89.0M)->0.0B(97.0M) Survivors: 13.0M->5120.0K Heap: 974.4M(2048.0M)->979.4M(2048.0M)]
 [Times: user=0.41 sys=0.00, real=0.07 secs] 
2020-09-29T12:04:53.470+0200: 182.158: [GC concurrent-root-region-scan-start]
2020-09-29T12:04:53.474+0200: 182.162: [GC concurrent-root-region-scan-end, 0.0030658 secs]
2020-09-29T12:04:53.474+0200: 182.162: [GC concurrent-mark-start]
2020-09-29T12:04:53.481+0200: 182.169: [GC concurrent-mark-end, 0.0077133 secs]
2020-09-29T12:04:53.482+0200: 182.170: [GC remark 2020-09-29T12:04:53.482+0200: 182.170: [Finalize Marking, 0.0004351 secs] 2020-09-29T12:04:53.483+0200: 182.171: [GC ref-proc, 0.0008819 secs] 2020-09-29T12:04:53.484+0200: 182.172: [Unloading, 0.0008241 secs], 0.0029187 secs]
 [Times: user=0.00 sys=0.00, real=0.00 secs] 
2020-09-29T12:04:53.487+0200: 182.175: [GC cleanup 991M->24M(2048M), 0.0028319 secs]
 [Times: user=0.11 sys=0.00, real=0.00 secs] 
2020-09-29T12:04:53.490+0200: 182.178: [GC concurrent-cleanup-start]
2020-09-29T12:04:53.494+0200: 182.182: [GC concurrent-cleanup-end, 0.0036404 secs]
2020-09-29T12:04:53.615+0200: 182.303: [GC pause (G1 Evacuation Pause) (young), 0.1541905 secs]
   [Parallel Time: 152.1 ms, GC Workers: 8]
      [GC Worker Start (ms): Min: 182303.2, Avg: 182303.3, Max: 182303.4, Diff: 0.2]
      [Ext Root Scanning (ms): Min: 0.1, Avg: 0.2, Max: 0.3, Diff: 0.2, Sum: 1.5]
      [Update RS (ms): Min: 14.5, Avg: 14.8, Max: 15.8, Diff: 1.3, Sum: 118.8]
         [Processed Buffers: Min: 6, Avg: 7.8, Max: 10, Diff: 4, Sum: 62]
      [Scan RS (ms): Min: 10.2, Avg: 11.2, Max: 11.8, Diff: 1.7, Sum: 89.9]
      [Code Root Scanning (ms): Min: 0.0, Avg: 0.0, Max: 0.0, Diff: 0.0, Sum: 0.0]
      [Object Copy (ms): Min: 124.9, Avg: 125.3, Max: 125.4, Diff: 0.5, Sum: 1002.2]
      [Termination (ms): Min: 0.0, Avg: 0.1, Max: 0.1, Diff: 0.1, Sum: 0.7]
         [Termination Attempts: Min: 1, Avg: 260.0, Max: 334, Diff: 333, Sum: 2080]
      [GC Worker Other (ms): Min: 0.0, Avg: 0.0, Max: 0.1, Diff: 0.1, Sum: 0.4]
      [GC Worker Total (ms): Min: 151.6, Avg: 151.7, Max: 151.8, Diff: 0.2, Sum: 1213.5]
      [GC Worker End (ms): Min: 182454.9, Avg: 182455.0, Max: 182455.0, Diff: 0.1]
   [Code Root Fixup: 0.0 ms]
   [Code Root Purge: 0.0 ms]
   [Clear CT: 0.4 ms]
   [Other: 1.7 ms]
      [Choose CSet: 0.0 ms]
      [Ref Proc: 0.5 ms]
      [Ref Enq: 0.0 ms]
      [Redirty Cards: 0.4 ms]
      [Humongous Register: 0.1 ms]
      [Humongous Reclaim: 0.0 ms]
      [Free CSet: 0.2 ms]
   [Eden: 97.0M(97.0M)->0.0B(89.0M) Survivors: 5120.0K->13.0M Heap: 127.2M(2048.0M)->124.2M(2048.0M)]
 [Times: user=0.95 sys=0.05, real=0.15 secs] 
2020-09-29T12:04:53.902+0200: 182.590: [GC pause (G1 Evacuation Pause) (young), 0.1861177 secs]
   [Parallel Time: 184.1 ms, GC Workers: 8]
      [GC Worker Start (ms): Min: 182590.3, Avg: 182594.4, Max: 182622.0, Diff: 31.6]
      [Ext Root Scanning (ms): Min: 0.0, Avg: 0.2, Max: 0.3, Diff: 0.3, Sum: 1.3]
      [Update RS (ms): Min: 0.0, Avg: 17.4, Max: 20.8, Diff: 20.8, Sum: 139.3]
         [Processed Buffers: Min: 0, Avg: 9.4, Max: 13, Diff: 13, Sum: 75]
      [Scan RS (ms): Min: 0.0, Avg: 10.0, Max: 11.9, Diff: 11.9, Sum: 80.3]
      [Code Root Scanning (ms): Min: 0.0, Avg: 0.0, Max: 0.0, Diff: 0.0, Sum: 0.0]
      [Object Copy (ms): Min: 151.8, Avg: 152.0, Max: 152.2, Diff: 0.3, Sum: 1216.3]
      [Termination (ms): Min: 0.1, Avg: 0.1, Max: 0.2, Diff: 0.1, Sum: 1.1]
         [Termination Attempts: Min: 1, Avg: 178.5, Max: 238, Diff: 237, Sum: 1428]
      [GC Worker Other (ms): Min: 0.0, Avg: 0.0, Max: 0.0, Diff: 0.0, Sum: 0.1]
      [GC Worker Total (ms): Min: 152.2, Avg: 179.8, Max: 183.9, Diff: 31.6, Sum: 1438.4]
      [GC Worker End (ms): Min: 182774.2, Avg: 182774.2, Max: 182774.2, Diff: 0.0]
   [Code Root Fixup: 0.0 ms]
   [Code Root Purge: 0.0 ms]
   [Clear CT: 0.5 ms]
   [Other: 1.5 ms]
      [Choose CSet: 0.0 ms]
      [Ref Proc: 0.4 ms]
      [Ref Enq: 0.0 ms]
      [Redirty Cards: 0.4 ms]
      [Humongous Register: 0.1 ms]
      [Humongous Reclaim: 0.0 ms]
      [Free CSet: 0.2 ms]
   [Eden: 89.0M(89.0M)->0.0B(89.0M) Survivors: 13.0M->13.0M Heap: 228.4M(2048.0M)->230.9M(2048.0M)]
 [Times: user=1.33 sys=0.00, real=0.19 secs] 
2020-09-29T12:04:54.316+0200: 183.004: [GC pause (G1 Evacuation Pause) (young), 0.2732058 secs]
   [Parallel Time: 267.3 ms, GC Workers: 8]
      [GC Worker Start (ms): Min: 183004.7, Avg: 183004.9, Max: 183005.2, Diff: 0.5]
      [Ext Root Scanning (ms): Min: 0.0, Avg: 0.3, Max: 0.4, Diff: 0.4, Sum: 2.2]
      [Update RS (ms): Min: 32.6, Avg: 33.8, Max: 35.9, Diff: 3.3, Sum: 270.3]
         [Processed Buffers: Min: 8, Avg: 10.0, Max: 12, Diff: 4, Sum: 80]
      [Scan RS (ms): Min: 16.7, Avg: 18.9, Max: 20.8, Diff: 4.1, Sum: 151.5]
      [Code Root Scanning (ms): Min: 0.0, Avg: 0.0, Max: 0.0, Diff: 0.0, Sum: 0.0]
      [Object Copy (ms): Min: 212.3, Avg: 213.4, Max: 213.9, Diff: 1.6, Sum: 1707.2]
      [Termination (ms): Min: 0.0, Avg: 0.3, Max: 0.4, Diff: 0.4, Sum: 2.6]
         [Termination Attempts: Min: 1, Avg: 282.4, Max: 384, Diff: 383, Sum: 2259]
      [GC Worker Other (ms): Min: 0.0, Avg: 0.1, Max: 0.4, Diff: 0.4, Sum: 0.6]
      [GC Worker Total (ms): Min: 266.5, Avg: 266.8, Max: 267.0, Diff: 0.5, Sum: 2134.5]
      [GC Worker End (ms): Min: 183271.7, Avg: 183271.7, Max: 183271.8, Diff: 0.1]
   [Code Root Fixup: 0.0 ms]
   [Code Root Purge: 0.0 ms]
   [Clear CT: 3.2 ms]
   [Other: 2.6 ms]
      [Choose CSet: 0.0 ms]
      [Ref Proc: 0.8 ms]
      [Ref Enq: 0.0 ms]
      [Redirty Cards: 0.7 ms]
      [Humongous Register: 0.2 ms]
      [Humongous Reclaim: 0.0 ms]
      [Free CSet: 0.3 ms]
   [Eden: 89.0M(89.0M)->0.0B(89.0M) Survivors: 13.0M->13.0M Heap: 335.2M(2048.0M)->337.7M(2048.0M)]
 [Times: user=1.97 sys=0.00, real=0.27 secs] 
2020-09-29T12:04:54.800+0200: 183.488: [GC pause (G1 Evacuation Pause) (young), 0.2889517 secs]
   [Parallel Time: 285.8 ms, GC Workers: 8]
      [GC Worker Start (ms): Min: 183488.7, Avg: 183490.1, Max: 183491.6, Diff: 2.9]
      [Ext Root Scanning (ms): Min: 0.0, Avg: 0.1, Max: 0.8, Diff: 0.8, Sum: 0.8]
      [Update RS (ms): Min: 30.5, Avg: 34.3, Max: 40.0, Diff: 9.5, Sum: 274.7]
         [Processed Buffers: Min: 6, Avg: 7.8, Max: 10, Diff: 4, Sum: 62]
      [Scan RS (ms): Min: 18.5, Avg: 24.0, Max: 26.3, Diff: 7.8, Sum: 191.7]
      [Code Root Scanning (ms): Min: 0.0, Avg: 0.0, Max: 0.0, Diff: 0.0, Sum: 0.0]
      [Object Copy (ms): Min: 223.7, Avg: 225.4, Max: 225.7, Diff: 2.0, Sum: 1803.2]
      [Termination (ms): Min: 0.0, Avg: 0.1, Max: 0.2, Diff: 0.2, Sum: 1.1]
         [Termination Attempts: Min: 1, Avg: 13.4, Max: 25, Diff: 24, Sum: 107]
      [GC Worker Other (ms): Min: 0.0, Avg: 0.1, Max: 0.4, Diff: 0.4, Sum: 0.6]
      [GC Worker Total (ms): Min: 282.5, Avg: 284.0, Max: 285.4, Diff: 2.9, Sum: 2272.2]
      [GC Worker End (ms): Min: 183774.1, Avg: 183774.2, Max: 183774.2, Diff: 0.1]
   [Code Root Fixup: 0.0 ms]
   [Code Root Purge: 0.0 ms]
   [Clear CT: 0.6 ms]
   [Other: 2.5 ms]
      [Choose CSet: 0.0 ms]
      [Ref Proc: 0.9 ms]
      [Ref Enq: 0.0 ms]
      [Redirty Cards: 0.7 ms]
      [Humongous Register: 0.2 ms]
      [Humongous Reclaim: 0.0 ms]
      [Free CSet: 0.3 ms]
   [Eden: 89.0M(89.0M)->0.0B(89.0M) Survivors: 13.0M->13.0M Heap: 440.0M(2048.0M)->441.5M(2048.0M)]
 [Times: user=1.83 sys=0.00, real=0.29 secs] 
2020-09-29T12:04:55.345+0200: 184.033: [GC pause (G1 Evacuation Pause) (young), 0.3238250 secs]
   [Parallel Time: 318.8 ms, GC Workers: 8]
      [GC Worker Start (ms): Min: 184033.0, Avg: 184033.2, Max: 184033.6, Diff: 0.6]
      [Ext Root Scanning (ms): Min: 0.0, Avg: 0.3, Max: 0.5, Diff: 0.5, Sum: 2.1]
      [Update RS (ms): Min: 26.9, Avg: 27.9, Max: 29.1, Diff: 2.2, Sum: 223.3]
         [Processed Buffers: Min: 4, Avg: 7.4, Max: 13, Diff: 9, Sum: 59]
      [Scan RS (ms): Min: 27.2, Avg: 28.8, Max: 31.0, Diff: 3.8, Sum: 230.5]
      [Code Root Scanning (ms): Min: 0.0, Avg: 0.0, Max: 0.0, Diff: 0.0, Sum: 0.0]
      [Object Copy (ms): Min: 257.2, Avg: 260.9, Max: 262.1, Diff: 4.9, Sum: 2087.2]
      [Termination (ms): Min: 0.1, Avg: 0.3, Max: 0.5, Diff: 0.4, Sum: 2.1]
         [Termination Attempts: Min: 1, Avg: 167.3, Max: 226, Diff: 225, Sum: 1338]
      [GC Worker Other (ms): Min: 0.0, Avg: 0.1, Max: 0.2, Diff: 0.2, Sum: 0.5]
      [GC Worker Total (ms): Min: 317.9, Avg: 318.2, Max: 318.4, Diff: 0.5, Sum: 2545.7]
      [GC Worker End (ms): Min: 184351.4, Avg: 184351.4, Max: 184351.4, Diff: 0.1]
   [Code Root Fixup: 0.0 ms]
   [Code Root Purge: 0.0 ms]
   [Clear CT: 1.9 ms]
   [Other: 3.1 ms]
      [Choose CSet: 0.0 ms]
      [Ref Proc: 1.3 ms]
      [Ref Enq: 0.0 ms]
      [Redirty Cards: 0.8 ms]
      [Humongous Register: 0.1 ms]
      [Humongous Reclaim: 0.0 ms]
      [Free CSet: 0.3 ms]
   [Eden: 89.0M(89.0M)->0.0B(89.0M) Survivors: 13.0M->13.0M Heap: 545.8M(2048.0M)->547.3M(2048.0M)]
 [Times: user=2.08 sys=0.03, real=0.32 secs] 
2020-09-29T12:04:55.936+0200: 184.624: [GC pause (G1 Evacuation Pause) (young), 0.3219149 secs]
   [Parallel Time: 318.7 ms, GC Workers: 8]
      [GC Worker Start (ms): Min: 184624.7, Avg: 184624.9, Max: 184625.2, Diff: 0.5]
      [Ext Root Scanning (ms): Min: 0.0, Avg: 0.3, Max: 0.4, Diff: 0.4, Sum: 2.2]
      [Update RS (ms): Min: 25.9, Avg: 26.1, Max: 26.4, Diff: 0.5, Sum: 209.0]
         [Processed Buffers: Min: 2, Avg: 7.6, Max: 11, Diff: 9, Sum: 61]
      [Scan RS (ms): Min: 23.6, Avg: 25.1, Max: 33.7, Diff: 10.1, Sum: 201.0]
      [Code Root Scanning (ms): Min: 0.0, Avg: 0.0, Max: 0.0, Diff: 0.0, Sum: 0.0]
      [Object Copy (ms): Min: 257.8, Avg: 266.3, Max: 267.6, Diff: 9.8, Sum: 2130.8]
      [Termination (ms): Min: 0.0, Avg: 0.2, Max: 0.2, Diff: 0.2, Sum: 1.3]
         [Termination Attempts: Min: 1, Avg: 73.6, Max: 107, Diff: 106, Sum: 589]
      [GC Worker Other (ms): Min: 0.0, Avg: 0.0, Max: 0.1, Diff: 0.0, Sum: 0.3]
      [GC Worker Total (ms): Min: 317.7, Avg: 318.1, Max: 318.3, Diff: 0.5, Sum: 2544.6]
      [GC Worker End (ms): Min: 184942.9, Avg: 184943.0, Max: 184943.0, Diff: 0.0]
   [Code Root Fixup: 0.0 ms]
   [Code Root Purge: 0.0 ms]
   [Clear CT: 0.6 ms]
   [Other: 2.6 ms]
      [Choose CSet: 0.0 ms]
      [Ref Proc: 0.8 ms]
      [Ref Enq: 0.0 ms]
      [Redirty Cards: 0.9 ms]
      [Humongous Register: 0.2 ms]
      [Humongous Reclaim: 0.0 ms]
      [Free CSet: 0.3 ms]
   [Eden: 89.0M(89.0M)->0.0B(89.0M) Survivors: 13.0M->13.0M Heap: 651.6M(2048.0M)->653.6M(2048.0M)]
 [Times: user=2.06 sys=0.02, real=0.32 secs] 
2020-09-29T12:04:56.537+0200: 185.224: [GC pause (G1 Evacuation Pause) (young), 0.2577230 secs]
   [Parallel Time: 255.0 ms, GC Workers: 8]
      [GC Worker Start (ms): Min: 185224.5, Avg: 185227.1, Max: 185232.9, Diff: 8.4]
      [Ext Root Scanning (ms): Min: 0.0, Avg: 0.2, Max: 0.6, Diff: 0.6, Sum: 1.7]
      [Update RS (ms): Min: 27.0, Avg: 34.0, Max: 38.9, Diff: 11.9, Sum: 272.3]
         [Processed Buffers: Min: 6, Avg: 8.3, Max: 11, Diff: 5, Sum: 66]
      [Scan RS (ms): Min: 20.5, Avg: 23.3, Max: 24.8, Diff: 4.3, Sum: 186.6]
      [Code Root Scanning (ms): Min: 0.0, Avg: 0.0, Max: 0.0, Diff: 0.0, Sum: 0.0]
      [Object Copy (ms): Min: 193.7, Avg: 194.1, Max: 194.2, Diff: 0.5, Sum: 1552.6]
      [Termination (ms): Min: 0.1, Avg: 0.3, Max: 0.4, Diff: 0.3, Sum: 2.4]
         [Termination Attempts: Min: 1, Avg: 122.1, Max: 150, Diff: 149, Sum: 977]
      [GC Worker Other (ms): Min: 0.0, Avg: 0.0, Max: 0.1, Diff: 0.1, Sum: 0.4]
      [GC Worker Total (ms): Min: 246.2, Avg: 252.0, Max: 254.6, Diff: 8.4, Sum: 2016.0]
      [GC Worker End (ms): Min: 185479.0, Avg: 185479.1, Max: 185479.1, Diff: 0.1]
   [Code Root Fixup: 0.0 ms]
   [Code Root Purge: 0.0 ms]
   [Clear CT: 0.6 ms]
   [Other: 2.1 ms]
      [Choose CSet: 0.0 ms]
      [Ref Proc: 0.5 ms]
      [Ref Enq: 0.0 ms]
      [Redirty Cards: 0.7 ms]
      [Humongous Register: 0.2 ms]
      [Humongous Reclaim: 0.0 ms]
      [Free CSet: 0.3 ms]
   [Eden: 89.0M(89.0M)->0.0B(89.0M) Survivors: 13.0M->13.0M Heap: 757.8M(2048.0M)->759.3M(2048.0M)]
 [Times: user=1.78 sys=0.00, real=0.26 secs] 
2020-09-29T12:04:57.012+0200: 185.699: [GC pause (G1 Evacuation Pause) (young), 0.2887138 secs]
   [Parallel Time: 285.8 ms, GC Workers: 8]
      [GC Worker Start (ms): Min: 185699.3, Avg: 185700.5, Max: 185702.5, Diff: 3.2]
      [Ext Root Scanning (ms): Min: 0.0, Avg: 0.3, Max: 0.5, Diff: 0.5, Sum: 2.0]
      [Update RS (ms): Min: 13.5, Avg: 15.4, Max: 18.8, Diff: 5.2, Sum: 123.2]
         [Processed Buffers: Min: 3, Avg: 4.5, Max: 6, Diff: 3, Sum: 36]
      [Scan RS (ms): Min: 21.6, Avg: 24.4, Max: 27.9, Diff: 6.3, Sum: 195.6]
      [Code Root Scanning (ms): Min: 0.0, Avg: 0.0, Max: 0.0, Diff: 0.0, Sum: 0.0]
      [Object Copy (ms): Min: 242.0, Avg: 244.2, Max: 244.7, Diff: 2.7, Sum: 1953.3]
      [Termination (ms): Min: 0.1, Avg: 0.2, Max: 0.2, Diff: 0.1, Sum: 1.3]
         [Termination Attempts: Min: 1, Avg: 138.0, Max: 176, Diff: 175, Sum: 1104]
      [GC Worker Other (ms): Min: 0.0, Avg: 0.0, Max: 0.0, Diff: 0.0, Sum: 0.3]
      [GC Worker Total (ms): Min: 282.4, Avg: 284.5, Max: 285.6, Diff: 3.2, Sum: 2275.7]
      [GC Worker End (ms): Min: 185984.9, Avg: 185984.9, Max: 185984.9, Diff: 0.0]
   [Code Root Fixup: 0.0 ms]
   [Code Root Purge: 0.0 ms]
   [Clear CT: 0.6 ms]
   [Other: 2.3 ms]
      [Choose CSet: 0.0 ms]
      [Ref Proc: 0.8 ms]
      [Ref Enq: 0.0 ms]
      [Redirty Cards: 0.7 ms]
      [Humongous Register: 0.2 ms]
      [Humongous Reclaim: 0.0 ms]
      [Free CSet: 0.3 ms]
   [Eden: 89.0M(89.0M)->0.0B(89.0M) Survivors: 13.0M->13.0M Heap: 861.7M(2048.0M)->863.2M(2048.0M)]
 [Times: user=1.72 sys=0.02, real=0.29 secs] 
2020-09-29T12:04:57.543+0200: 186.231: [GC pause (G1 Evacuation Pause) (young), 0.3338536 secs]
   [Parallel Time: 331.0 ms, GC Workers: 8]
      [GC Worker Start (ms): Min: 186231.0, Avg: 186235.4, Max: 186262.9, Diff: 31.9]
      [Ext Root Scanning (ms): Min: 0.0, Avg: 0.3, Max: 0.5, Diff: 0.5, Sum: 2.0]
      [Update RS (ms): Min: 0.0, Avg: 16.3, Max: 20.0, Diff: 20.0, Sum: 130.7]
         [Processed Buffers: Min: 0, Avg: 5.1, Max: 8, Diff: 8, Sum: 41]
      [Scan RS (ms): Min: 16.8, Avg: 31.2, Max: 49.9, Diff: 33.1, Sum: 249.2]
      [Code Root Scanning (ms): Min: 0.0, Avg: 0.0, Max: 0.0, Diff: 0.0, Sum: 0.0]
      [Object Copy (ms): Min: 259.6, Avg: 278.0, Max: 281.6, Diff: 22.0, Sum: 2223.6]
      [Termination (ms): Min: 0.2, Avg: 0.3, Max: 0.4, Diff: 0.3, Sum: 2.5]
         [Termination Attempts: Min: 1, Avg: 284.9, Max: 414, Diff: 413, Sum: 2279]
      [GC Worker Other (ms): Min: 0.0, Avg: 0.0, Max: 0.1, Diff: 0.1, Sum: 0.4]
      [GC Worker Total (ms): Min: 298.6, Avg: 326.1, Max: 330.5, Diff: 31.9, Sum: 2608.5]
      [GC Worker End (ms): Min: 186561.4, Avg: 186561.5, Max: 186561.5, Diff: 0.1]
   [Code Root Fixup: 0.0 ms]
   [Code Root Purge: 0.0 ms]
   [Clear CT: 0.8 ms]
   [Other: 2.0 ms]
      [Choose CSet: 0.0 ms]
      [Ref Proc: 0.5 ms]
      [Ref Enq: 0.0 ms]
      [Redirty Cards: 0.6 ms]
      [Humongous Register: 0.1 ms]
      [Humongous Reclaim: 0.0 ms]
      [Free CSet: 0.4 ms]
   [Eden: 89.0M(89.0M)->0.0B(89.0M) Survivors: 13.0M->13.0M Heap: 967.4M(2048.0M)->969.4M(2048.0M)]
 [Times: user=2.13 sys=0.00, real=0.33 secs] 
2020-09-29T12:04:57.909+0200: 186.597: [GC pause (G1 Humongous Allocation) (young) (initial-mark), 0.1304009 secs]
   [Parallel Time: 119.9 ms, GC Workers: 8]
      [GC Worker Start (ms): Min: 186597.4, Avg: 186597.6, Max: 186598.0, Diff: 0.6]
      [Ext Root Scanning (ms): Min: 0.0, Avg: 0.8, Max: 2.1, Diff: 2.1, Sum: 6.6]
      [Update RS (ms): Min: 36.0, Avg: 37.3, Max: 40.2, Diff: 4.2, Sum: 298.3]
         [Processed Buffers: Min: 6, Avg: 8.6, Max: 10, Diff: 4, Sum: 69]
      [Scan RS (ms): Min: 1.0, Avg: 4.6, Max: 7.7, Diff: 6.7, Sum: 36.5]
      [Code Root Scanning (ms): Min: 0.0, Avg: 0.0, Max: 0.0, Diff: 0.0, Sum: 0.0]
      [Object Copy (ms): Min: 69.4, Avg: 75.4, Max: 76.6, Diff: 7.2, Sum: 602.8]
      [Termination (ms): Min: 0.0, Avg: 0.5, Max: 1.2, Diff: 1.2, Sum: 4.1]
         [Termination Attempts: Min: 1, Avg: 5.9, Max: 18, Diff: 17, Sum: 47]
      [GC Worker Other (ms): Min: 0.0, Avg: 0.1, Max: 0.3, Diff: 0.2, Sum: 0.5]
      [GC Worker Total (ms): Min: 118.2, Avg: 118.6, Max: 119.4, Diff: 1.2, Sum: 948.9]
      [GC Worker End (ms): Min: 186716.0, Avg: 186716.2, Max: 186716.9, Diff: 0.9]
   [Code Root Fixup: 0.0 ms]
   [Code Root Purge: 0.0 ms]
   [Clear CT: 2.1 ms]
   [Other: 8.4 ms]
      [Choose CSet: 0.0 ms]
      [Ref Proc: 4.7 ms]
      [Ref Enq: 0.0 ms]
      [Redirty Cards: 1.9 ms]
      [Humongous Register: 0.1 ms]
      [Humongous Reclaim: 0.0 ms]
      [Free CSet: 0.2 ms]
   [Eden: 4096.0K(89.0M)->0.0B(96.0M) Survivors: 13.0M->6144.0K Heap: 973.4M(2048.0M)->976.9M(2048.0M)]
 [Times: user=0.59 sys=0.02, real=0.13 secs] 
2020-09-29T12:04:58.041+0200: 186.728: [GC concurrent-root-region-scan-start]
2020-09-29T12:04:58.049+0200: 186.737: [GC concurrent-root-region-scan-end, 0.0085490 secs]
2020-09-29T12:04:58.049+0200: 186.737: [GC concurrent-mark-start]
2020-09-29T12:04:58.063+0200: 186.751: [GC concurrent-mark-end, 0.0135419 secs]
2020-09-29T12:04:58.064+0200: 186.752: [GC remark 2020-09-29T12:04:58.065+0200: 186.752: [Finalize Marking, 0.0016677 secs] 2020-09-29T12:04:58.066+0200: 186.754: [GC ref-proc, 0.0015054 secs] 2020-09-29T12:04:58.068+0200: 186.755: [Unloading, 0.0023968 secs], 0.0073603 secs]
 [Times: user=0.00 sys=0.01, real=0.01 secs] 
2020-09-29T12:04:58.076+0200: 186.763: [GC cleanup 987M->24M(2048M), 0.0070684 secs]
 [Times: user=0.02 sys=0.00, real=0.01 secs] 
2020-09-29T12:04:58.083+0200: 186.770: [GC concurrent-cleanup-start]
2020-09-29T12:04:58.088+0200: 186.775: [GC concurrent-cleanup-end, 0.0049359 secs]
2020-09-29T12:04:58.359+0200: 187.047: [GC pause (G1 Evacuation Pause) (young), 0.3091466 secs]
   [Parallel Time: 305.1 ms, GC Workers: 8]
      [GC Worker Start (ms): Min: 187047.1, Avg: 187047.2, Max: 187047.4, Diff: 0.3]
      [Ext Root Scanning (ms): Min: 0.1, Avg: 0.3, Max: 0.4, Diff: 0.3, Sum: 2.2]
      [Update RS (ms): Min: 19.5, Avg: 20.4, Max: 21.5, Diff: 2.0, Sum: 163.4]
         [Processed Buffers: Min: 5, Avg: 6.4, Max: 9, Diff: 4, Sum: 51]
      [Scan RS (ms): Min: 23.4, Avg: 25.6, Max: 30.3, Diff: 6.9, Sum: 204.7]
      [Code Root Scanning (ms): Min: 0.0, Avg: 0.0, Max: 0.0, Diff: 0.0, Sum: 0.0]
      [Object Copy (ms): Min: 253.3, Avg: 258.2, Max: 259.6, Diff: 6.3, Sum: 2065.7]
      [Termination (ms): Min: 0.0, Avg: 0.3, Max: 0.4, Diff: 0.4, Sum: 2.3]
         [Termination Attempts: Min: 1, Avg: 81.4, Max: 140, Diff: 139, Sum: 651]
      [GC Worker Other (ms): Min: 0.0, Avg: 0.0, Max: 0.0, Diff: 0.0, Sum: 0.2]
      [GC Worker Total (ms): Min: 304.6, Avg: 304.8, Max: 305.0, Diff: 0.4, Sum: 2438.4]
      [GC Worker End (ms): Min: 187352.0, Avg: 187352.0, Max: 187352.1, Diff: 0.1]
   [Code Root Fixup: 0.0 ms]
   [Code Root Purge: 0.0 ms]
   [Clear CT: 1.0 ms]
   [Other: 3.1 ms]
      [Choose CSet: 0.0 ms]
      [Ref Proc: 1.3 ms]
      [Ref Enq: 0.0 ms]
      [Redirty Cards: 0.7 ms]
      [Humongous Register: 0.2 ms]
      [Humongous Reclaim: 0.0 ms]
      [Free CSet: 0.3 ms]
   [Eden: 96.0M(96.0M)->0.0B(89.0M) Survivors: 6144.0K->13.0M Heap: 126.7M(2048.0M)->123.2M(2048.0M)]
 [Times: user=1.73 sys=0.00, real=0.31 secs] 
2020-09-29T12:04:58.919+0200: 187.607: [GC pause (G1 Evacuation Pause) (young), 0.2520361 secs]
   [Parallel Time: 250.7 ms, GC Workers: 8]
      [GC Worker Start (ms): Min: 187607.1, Avg: 187612.6, Max: 187644.6, Diff: 37.5]
      [Ext Root Scanning (ms): Min: 0.0, Avg: 0.3, Max: 0.4, Diff: 0.4, Sum: 2.0]
      [Update RS (ms): Min: 0.0, Avg: 15.5, Max: 20.2, Diff: 20.2, Sum: 124.1]
         [Processed Buffers: Min: 0, Avg: 5.6, Max: 8, Diff: 8, Sum: 45]
      [Scan RS (ms): Min: 11.1, Avg: 30.3, Max: 51.9, Diff: 40.8, Sum: 242.2]
      [Code Root Scanning (ms): Min: 0.0, Avg: 0.0, Max: 0.0, Diff: 0.0, Sum: 0.0]
      [Object Copy (ms): Min: 178.7, Avg: 198.9, Max: 202.0, Diff: 23.3, Sum: 1591.3]
      [Termination (ms): Min: 0.0, Avg: 0.1, Max: 0.1, Diff: 0.1, Sum: 0.6]
         [Termination Attempts: Min: 1, Avg: 156.9, Max: 242, Diff: 241, Sum: 1255]
      [GC Worker Other (ms): Min: 0.0, Avg: 0.0, Max: 0.0, Diff: 0.0, Sum: 0.2]
      [GC Worker Total (ms): Min: 213.1, Avg: 245.1, Max: 250.5, Diff: 37.5, Sum: 1960.4]
      [GC Worker End (ms): Min: 187857.7, Avg: 187857.7, Max: 187857.7, Diff: 0.0]
   [Code Root Fixup: 0.0 ms]
   [Code Root Purge: 0.0 ms]
   [Clear CT: 0.2 ms]
   [Other: 1.1 ms]
      [Choose CSet: 0.0 ms]
      [Ref Proc: 0.2 ms]
      [Ref Enq: 0.0 ms]
      [Redirty Cards: 0.2 ms]
      [Humongous Register: 0.2 ms]
      [Humongous Reclaim: 0.0 ms]
      [Free CSet: 0.2 ms]
   [Eden: 89.0M(89.0M)->0.0B(89.0M) Survivors: 13.0M->13.0M Heap: 227.4M(2048.0M)->228.9M(2048.0M)]
 [Times: user=1.38 sys=0.03, real=0.25 secs] 
2020-09-29T12:04:59.246+0200: 187.934: [GC pause (G1 Evacuation Pause) (young), 0.0667360 secs]
   [Parallel Time: 65.4 ms, GC Workers: 8]
      [GC Worker Start (ms): Min: 187933.9, Avg: 187933.9, Max: 187934.0, Diff: 0.1]
      [Ext Root Scanning (ms): Min: 0.1, Avg: 0.1, Max: 0.1, Diff: 0.1, Sum: 0.8]
      [Update RS (ms): Min: 4.2, Avg: 4.9, Max: 5.8, Diff: 1.5, Sum: 39.3]
         [Processed Buffers: Min: 4, Avg: 4.9, Max: 5, Diff: 1, Sum: 39]
      [Scan RS (ms): Min: 6.1, Avg: 6.8, Max: 7.5, Diff: 1.5, Sum: 54.5]
      [Code Root Scanning (ms): Min: 0.0, Avg: 0.0, Max: 0.0, Diff: 0.0, Sum: 0.0]
      [Object Copy (ms): Min: 53.2, Avg: 53.3, Max: 53.4, Diff: 0.2, Sum: 426.5]
      [Termination (ms): Min: 0.0, Avg: 0.1, Max: 0.1, Diff: 0.1, Sum: 0.5]
         [Termination Attempts: Min: 1, Avg: 5.0, Max: 11, Diff: 10, Sum: 40]
      [GC Worker Other (ms): Min: 0.0, Avg: 0.0, Max: 0.0, Diff: 0.0, Sum: 0.1]
      [GC Worker Total (ms): Min: 65.2, Avg: 65.2, Max: 65.3, Diff: 0.1, Sum: 521.7]
      [GC Worker End (ms): Min: 187999.1, Avg: 187999.1, Max: 187999.1, Diff: 0.0]
   [Code Root Fixup: 0.0 ms]
   [Code Root Purge: 0.0 ms]
   [Clear CT: 0.3 ms]
   [Other: 1.1 ms]
      [Choose CSet: 0.0 ms]
      [Ref Proc: 0.4 ms]
      [Ref Enq: 0.0 ms]
      [Redirty Cards: 0.2 ms]
      [Humongous Register: 0.1 ms]
      [Humongous Reclaim: 0.0 ms]
      [Free CSet: 0.1 ms]
   [Eden: 89.0M(89.0M)->0.0B(89.0M) Survivors: 13.0M->13.0M Heap: 331.3M(2048.0M)->333.3M(2048.0M)]
 [Times: user=0.49 sys=0.00, real=0.07 secs] 
2020-09-29T12:04:59.378+0200: 188.066: [GC pause (G1 Evacuation Pause) (young), 0.1310641 secs]
   [Parallel Time: 129.8 ms, GC Workers: 8]
      [GC Worker Start (ms): Min: 188065.8, Avg: 188068.4, Max: 188082.8, Diff: 17.0]
      [Ext Root Scanning (ms): Min: 0.0, Avg: 0.1, Max: 0.2, Diff: 0.2, Sum: 0.5]
      [Update RS (ms): Min: 0.0, Avg: 5.5, Max: 6.7, Diff: 6.7, Sum: 43.8]
         [Processed Buffers: Min: 0, Avg: 5.4, Max: 9, Diff: 9, Sum: 43]
      [Scan RS (ms): Min: 0.0, Avg: 7.3, Max: 8.6, Diff: 8.6, Sum: 58.2]
      [Code Root Scanning (ms): Min: 0.0, Avg: 0.0, Max: 0.0, Diff: 0.0, Sum: 0.0]
      [Object Copy (ms): Min: 112.2, Avg: 113.7, Max: 114.4, Diff: 2.2, Sum: 909.5]
      [Termination (ms): Min: 0.1, Avg: 0.5, Max: 0.8, Diff: 0.7, Sum: 4.2]
         [Termination Attempts: Min: 1, Avg: 2728.8, Max: 4008, Diff: 4007, Sum: 21830]
      [GC Worker Other (ms): Min: 0.0, Avg: 0.0, Max: 0.0, Diff: 0.0, Sum: 0.1]
      [GC Worker Total (ms): Min: 112.6, Avg: 127.0, Max: 129.6, Diff: 17.0, Sum: 1016.4]
      [GC Worker End (ms): Min: 188195.4, Avg: 188195.4, Max: 188195.5, Diff: 0.0]
   [Code Root Fixup: 0.0 ms]
   [Code Root Purge: 0.0 ms]
   [Clear CT: 0.3 ms]
   [Other: 1.0 ms]
      [Choose CSet: 0.0 ms]
      [Ref Proc: 0.2 ms]
      [Ref Enq: 0.0 ms]
      [Redirty Cards: 0.3 ms]
      [Humongous Register: 0.1 ms]
      [Humongous Reclaim: 0.0 ms]
      [Free CSet: 0.1 ms]
   [Eden: 89.0M(89.0M)->0.0B(89.0M) Survivors: 13.0M->13.0M Heap: 437.5M(2048.0M)->440.0M(2048.0M)]
 [Times: user=0.88 sys=0.00, real=0.13 secs] 
2020-09-29T12:04:59.579+0200: 188.267: [GC pause (G1 Evacuation Pause) (young), 0.0766646 secs]
   [Parallel Time: 75.6 ms, GC Workers: 8]
      [GC Worker Start (ms): Min: 188266.9, Avg: 188266.9, Max: 188267.0, Diff: 0.1]
      [Ext Root Scanning (ms): Min: 0.0, Avg: 0.1, Max: 0.2, Diff: 0.1, Sum: 0.8]
      [Update RS (ms): Min: 5.6, Avg: 5.9, Max: 6.4, Diff: 0.7, Sum: 47.1]
         [Processed Buffers: Min: 5, Avg: 6.4, Max: 8, Diff: 3, Sum: 51]
      [Scan RS (ms): Min: 6.0, Avg: 6.6, Max: 7.1, Diff: 1.1, Sum: 52.5]
      [Code Root Scanning (ms): Min: 0.0, Avg: 0.0, Max: 0.0, Diff: 0.0, Sum: 0.0]
      [Object Copy (ms): Min: 62.4, Avg: 62.7, Max: 62.8, Diff: 0.4, Sum: 501.7]
      [Termination (ms): Min: 0.0, Avg: 0.0, Max: 0.0, Diff: 0.0, Sum: 0.3]
         [Termination Attempts: Min: 1, Avg: 188.9, Max: 281, Diff: 280, Sum: 1511]
      [GC Worker Other (ms): Min: 0.0, Avg: 0.0, Max: 0.0, Diff: 0.0, Sum: 0.2]
      [GC Worker Total (ms): Min: 75.3, Avg: 75.3, Max: 75.4, Diff: 0.1, Sum: 602.6]
      [GC Worker End (ms): Min: 188342.2, Avg: 188342.2, Max: 188342.3, Diff: 0.0]
   [Code Root Fixup: 0.0 ms]
   [Code Root Purge: 0.0 ms]
   [Clear CT: 0.2 ms]
   [Other: 0.9 ms]
      [Choose CSet: 0.0 ms]
      [Ref Proc: 0.2 ms]
      [Ref Enq: 0.0 ms]
      [Redirty Cards: 0.2 ms]
      [Humongous Register: 0.1 ms]
      [Humongous Reclaim: 0.0 ms]
      [Free CSet: 0.2 ms]
   [Eden: 89.0M(89.0M)->0.0B(89.0M) Survivors: 13.0M->13.0M Heap: 544.3M(2048.0M)->546.8M(2048.0M)]
 [Times: user=0.56 sys=0.00, real=0.08 secs] 
2020-09-29T12:04:59.725+0200: 188.413: [GC pause (G1 Evacuation Pause) (young), 0.0713624 secs]
   [Parallel Time: 70.3 ms, GC Workers: 8]
      [GC Worker Start (ms): Min: 188413.2, Avg: 188413.2, Max: 188413.3, Diff: 0.1]
      [Ext Root Scanning (ms): Min: 0.1, Avg: 0.1, Max: 0.1, Diff: 0.1, Sum: 0.8]
      [Update RS (ms): Min: 5.9, Avg: 6.5, Max: 7.2, Diff: 1.2, Sum: 52.0]
         [Processed Buffers: Min: 6, Avg: 7.1, Max: 9, Diff: 3, Sum: 57]
      [Scan RS (ms): Min: 5.9, Avg: 6.6, Max: 7.2, Diff: 1.3, Sum: 52.7]
      [Code Root Scanning (ms): Min: 0.0, Avg: 0.0, Max: 0.0, Diff: 0.0, Sum: 0.0]
      [Object Copy (ms): Min: 56.9, Avg: 56.9, Max: 57.0, Diff: 0.1, Sum: 455.4]
      [Termination (ms): Min: 0.0, Avg: 0.0, Max: 0.0, Diff: 0.0, Sum: 0.0]
         [Termination Attempts: Min: 1, Avg: 14.4, Max: 20, Diff: 19, Sum: 115]
      [GC Worker Other (ms): Min: 0.0, Avg: 0.0, Max: 0.0, Diff: 0.0, Sum: 0.1]
      [GC Worker Total (ms): Min: 70.1, Avg: 70.1, Max: 70.2, Diff: 0.1, Sum: 561.0]
      [GC Worker End (ms): Min: 188483.3, Avg: 188483.3, Max: 188483.4, Diff: 0.0]
   [Code Root Fixup: 0.0 ms]
   [Code Root Purge: 0.0 ms]
   [Clear CT: 0.2 ms]
   [Other: 0.9 ms]
      [Choose CSet: 0.0 ms]
      [Ref Proc: 0.2 ms]
      [Ref Enq: 0.0 ms]
      [Redirty Cards: 0.2 ms]
      [Humongous Register: 0.1 ms]
      [Humongous Reclaim: 0.0 ms]
      [Free CSet: 0.1 ms]
   [Eden: 89.0M(89.0M)->0.0B(91.0M) Survivors: 13.0M->13.0M Heap: 651.1M(2048.0M)->653.6M(2048.0M)]
 [Times: user=0.48 sys=0.00, real=0.07 secs] 
2020-09-29T12:04:59.859+0200: 188.547: [GC pause (G1 Evacuation Pause) (young), 0.0719393 secs]
   [Parallel Time: 70.9 ms, GC Workers: 8]
      [GC Worker Start (ms): Min: 188547.4, Avg: 188547.5, Max: 188547.5, Diff: 0.1]
      [Ext Root Scanning (ms): Min: 0.0, Avg: 0.1, Max: 0.1, Diff: 0.1, Sum: 0.8]
      [Update RS (ms): Min: 7.0, Avg: 7.3, Max: 7.9, Diff: 0.9, Sum: 58.7]
         [Processed Buffers: Min: 7, Avg: 8.3, Max: 10, Diff: 3, Sum: 66]
      [Scan RS (ms): Min: 5.0, Avg: 5.6, Max: 6.0, Diff: 1.0, Sum: 44.6]
      [Code Root Scanning (ms): Min: 0.0, Avg: 0.0, Max: 0.0, Diff: 0.0, Sum: 0.0]
      [Object Copy (ms): Min: 57.5, Avg: 57.6, Max: 57.6, Diff: 0.1, Sum: 460.4]
      [Termination (ms): Min: 0.0, Avg: 0.0, Max: 0.0, Diff: 0.0, Sum: 0.2]
         [Termination Attempts: Min: 1, Avg: 120.5, Max: 146, Diff: 145, Sum: 964]
      [GC Worker Other (ms): Min: 0.0, Avg: 0.0, Max: 0.0, Diff: 0.0, Sum: 0.2]
      [GC Worker Total (ms): Min: 70.6, Avg: 70.6, Max: 70.7, Diff: 0.1, Sum: 564.9]
      [GC Worker End (ms): Min: 188618.1, Avg: 188618.1, Max: 188618.1, Diff: 0.0]
   [Code Root Fixup: 0.0 ms]
   [Code Root Purge: 0.0 ms]
   [Clear CT: 0.2 ms]
   [Other: 0.9 ms]
      [Choose CSet: 0.0 ms]
      [Ref Proc: 0.2 ms]
      [Ref Enq: 0.0 ms]
      [Redirty Cards: 0.2 ms]
      [Humongous Register: 0.1 ms]
      [Humongous Reclaim: 0.0 ms]
      [Free CSet: 0.2 ms]
   [Eden: 91.0M(91.0M)->0.0B(113.0M) Survivors: 13.0M->13.0M Heap: 759.8M(2048.0M)->761.8M(2048.0M)]
 [Times: user=0.59 sys=0.00, real=0.07 secs] 
2020-09-29T12:05:00.008+0200: 188.695: [GC pause (G1 Evacuation Pause) (young), 0.0928094 secs]
   [Parallel Time: 91.6 ms, GC Workers: 8]
      [GC Worker Start (ms): Min: 188695.3, Avg: 188695.4, Max: 188695.5, Diff: 0.2]
      [Ext Root Scanning (ms): Min: 0.0, Avg: 0.1, Max: 0.2, Diff: 0.1, Sum: 0.8]
      [Update RS (ms): Min: 8.8, Avg: 8.9, Max: 9.0, Diff: 0.3, Sum: 71.2]
         [Processed Buffers: Min: 6, Avg: 9.1, Max: 12, Diff: 6, Sum: 73]
      [Scan RS (ms): Min: 8.0, Avg: 8.8, Max: 9.1, Diff: 1.0, Sum: 70.5]
      [Code Root Scanning (ms): Min: 0.0, Avg: 0.1, Max: 0.9, Diff: 0.9, Sum: 0.9]
      [Object Copy (ms): Min: 73.3, Avg: 73.4, Max: 73.5, Diff: 0.3, Sum: 587.5]
      [Termination (ms): Min: 0.0, Avg: 0.0, Max: 0.0, Diff: 0.0, Sum: 0.1]
         [Termination Attempts: Min: 1, Avg: 68.9, Max: 96, Diff: 95, Sum: 551]
      [GC Worker Other (ms): Min: 0.0, Avg: 0.0, Max: 0.0, Diff: 0.0, Sum: 0.2]
      [GC Worker Total (ms): Min: 91.3, Avg: 91.4, Max: 91.5, Diff: 0.2, Sum: 731.2]
      [GC Worker End (ms): Min: 188786.8, Avg: 188786.8, Max: 188786.8, Diff: 0.0]
   [Code Root Fixup: 0.0 ms]
   [Code Root Purge: 0.0 ms]
   [Clear CT: 0.2 ms]
   [Other: 1.0 ms]
      [Choose CSet: 0.0 ms]
      [Ref Proc: 0.3 ms]
      [Ref Enq: 0.0 ms]
      [Redirty Cards: 0.2 ms]
      [Humongous Register: 0.1 ms]
      [Humongous Reclaim: 0.0 ms]
      [Free CSet: 0.2 ms]
   [Eden: 113.0M(113.0M)->0.0B(128.0M) Survivors: 13.0M->16.0M Heap: 893.9M(2048.0M)->895.9M(2048.0M)]
 [Times: user=0.73 sys=0.00, real=0.09 secs] 
2020-09-29T12:05:00.198+0200: 188.886: [GC pause (G1 Evacuation Pause) (young), 0.1844955 secs]
   [Parallel Time: 182.9 ms, GC Workers: 8]
      [GC Worker Start (ms): Min: 188885.9, Avg: 188895.5, Max: 188912.2, Diff: 26.3]
      [Ext Root Scanning (ms): Min: 0.0, Avg: 0.1, Max: 0.2, Diff: 0.1, Sum: 0.6]
      [Update RS (ms): Min: 0.0, Avg: 9.8, Max: 16.5, Diff: 16.5, Sum: 78.6]
         [Processed Buffers: Min: 0, Avg: 10.0, Max: 18, Diff: 18, Sum: 80]
      [Scan RS (ms): Min: 2.0, Avg: 8.9, Max: 12.8, Diff: 10.8, Sum: 71.2]
      [Code Root Scanning (ms): Min: 0.0, Avg: 0.0, Max: 0.0, Diff: 0.0, Sum: 0.0]
      [Object Copy (ms): Min: 154.1, Avg: 154.2, Max: 154.4, Diff: 0.3, Sum: 1233.9]
      [Termination (ms): Min: 0.0, Avg: 0.1, Max: 0.1, Diff: 0.1, Sum: 0.9]
         [Termination Attempts: Min: 1, Avg: 557.8, Max: 725, Diff: 724, Sum: 4462]
      [GC Worker Other (ms): Min: 0.0, Avg: 0.0, Max: 0.1, Diff: 0.1, Sum: 0.3]
      [GC Worker Total (ms): Min: 156.5, Avg: 173.2, Max: 182.8, Diff: 26.3, Sum: 1385.5]
      [GC Worker End (ms): Min: 189068.6, Avg: 189068.7, Max: 189068.7, Diff: 0.1]
   [Code Root Fixup: 0.0 ms]
   [Code Root Purge: 0.0 ms]
   [Clear CT: 0.4 ms]
   [Other: 1.2 ms]
      [Choose CSet: 0.0 ms]
      [Ref Proc: 0.2 ms]
      [Ref Enq: 0.0 ms]
      [Redirty Cards: 0.5 ms]
      [Humongous Register: 0.1 ms]
      [Humongous Reclaim: 0.0 ms]
      [Free CSet: 0.2 ms]
   [Eden: 128.0M(128.0M)->0.0B(120.0M) Survivors: 16.0M->18.0M Heap: 1044.9M(2048.0M)->1046.9M(2048.0M)]
 [Times: user=1.34 sys=0.00, real=0.18 secs] 
2020-09-29T12:05:00.392+0200: 189.080: [GC pause (G1 Humongous Allocation) (young) (initial-mark), 0.0394770 secs]
   [Parallel Time: 38.4 ms, GC Workers: 8]
      [GC Worker Start (ms): Min: 189080.2, Avg: 189080.2, Max: 189080.4, Diff: 0.2]
      [Ext Root Scanning (ms): Min: 0.0, Avg: 0.2, Max: 0.5, Diff: 0.5, Sum: 1.9]
      [Update RS (ms): Min: 17.9, Avg: 18.7, Max: 19.8, Diff: 1.8, Sum: 149.5]
         [Processed Buffers: Min: 12, Avg: 15.8, Max: 19, Diff: 7, Sum: 126]
      [Scan RS (ms): Min: 0.8, Avg: 1.7, Max: 2.3, Diff: 1.5, Sum: 13.8]
      [Code Root Scanning (ms): Min: 0.0, Avg: 0.0, Max: 0.0, Diff: 0.0, Sum: 0.0]
      [Object Copy (ms): Min: 17.4, Avg: 17.4, Max: 17.7, Diff: 0.3, Sum: 139.4]
      [Termination (ms): Min: 0.0, Avg: 0.0, Max: 0.0, Diff: 0.0, Sum: 0.3]
         [Termination Attempts: Min: 1, Avg: 188.6, Max: 244, Diff: 243, Sum: 1509]
      [GC Worker Other (ms): Min: 0.0, Avg: 0.0, Max: 0.1, Diff: 0.0, Sum: 0.2]
      [GC Worker Total (ms): Min: 38.0, Avg: 38.1, Max: 38.2, Diff: 0.2, Sum: 305.1]
      [GC Worker End (ms): Min: 189118.4, Avg: 189118.4, Max: 189118.4, Diff: 0.0]
   [Code Root Fixup: 0.0 ms]
   [Code Root Purge: 0.0 ms]
   [Clear CT: 0.3 ms]
   [Other: 0.8 ms]
      [Choose CSet: 0.0 ms]
      [Ref Proc: 0.1 ms]
      [Ref Enq: 0.0 ms]
      [Redirty Cards: 0.2 ms]
      [Humongous Register: 0.1 ms]
      [Humongous Reclaim: 0.0 ms]
      [Free CSet: 0.1 ms]
   [Eden: 9216.0K(120.0M)->0.0B(148.0M) Survivors: 18.0M->11.0M Heap: 1055.4M(2048.0M)->1059.9M(2048.0M)]
 [Times: user=0.36 sys=0.00, real=0.04 secs] 
2020-09-29T12:05:00.432+0200: 189.120: [GC concurrent-root-region-scan-start]
2020-09-29T12:05:00.437+0200: 189.124: [GC concurrent-root-region-scan-end, 0.0046329 secs]
2020-09-29T12:05:00.437+0200: 189.124: [GC concurrent-mark-start]
2020-09-29T12:05:00.441+0200: 189.129: [GC concurrent-mark-end, 0.0043414 secs]
2020-09-29T12:05:00.441+0200: 189.129: [GC remark 2020-09-29T12:05:00.441+0200: 189.129: [Finalize Marking, 0.0001575 secs] 2020-09-29T12:05:00.441+0200: 189.129: [GC ref-proc, 0.0003712 secs] 2020-09-29T12:05:00.442+0200: 189.129: [Unloading, 0.0006001 secs], 0.0015978 secs]
 [Times: user=0.02 sys=0.00, real=0.00 secs] 
2020-09-29T12:05:00.443+0200: 189.131: [GC cleanup 1077M->36M(2048M), 0.0014992 secs]
 [Times: user=0.00 sys=0.00, real=0.00 secs] 
2020-09-29T12:05:00.445+0200: 189.133: [GC concurrent-cleanup-start]
2020-09-29T12:05:00.447+0200: 189.135: [GC concurrent-cleanup-end, 0.0019426 secs]
2020-09-29T12:05:00.534+0200: 189.222: [GC pause (G1 Evacuation Pause) (young), 0.1148697 secs]
   [Parallel Time: 113.7 ms, GC Workers: 8]
      [GC Worker Start (ms): Min: 189222.2, Avg: 189222.5, Max: 189223.2, Diff: 0.9]
      [Ext Root Scanning (ms): Min: 0.0, Avg: 0.1, Max: 0.2, Diff: 0.2, Sum: 0.6]
      [Update RS (ms): Min: 11.4, Avg: 11.7, Max: 12.2, Diff: 0.9, Sum: 93.8]
         [Processed Buffers: Min: 9, Avg: 10.1, Max: 12, Diff: 3, Sum: 81]
      [Scan RS (ms): Min: 9.5, Avg: 9.8, Max: 10.3, Diff: 0.8, Sum: 78.6]
      [Code Root Scanning (ms): Min: 0.0, Avg: 0.0, Max: 0.0, Diff: 0.0, Sum: 0.0]
      [Object Copy (ms): Min: 91.3, Avg: 91.5, Max: 91.6, Diff: 0.3, Sum: 731.8]
      [Termination (ms): Min: 0.0, Avg: 0.1, Max: 0.2, Diff: 0.2, Sum: 0.8]
         [Termination Attempts: Min: 1, Avg: 504.3, Max: 631, Diff: 630, Sum: 4034]
      [GC Worker Other (ms): Min: 0.0, Avg: 0.0, Max: 0.1, Diff: 0.0, Sum: 0.4]
      [GC Worker Total (ms): Min: 112.6, Avg: 113.3, Max: 113.5, Diff: 0.9, Sum: 906.0]
      [GC Worker End (ms): Min: 189335.7, Avg: 189335.7, Max: 189335.8, Diff: 0.0]
   [Code Root Fixup: 0.0 ms]
   [Code Root Purge: 0.0 ms]
   [Clear CT: 0.2 ms]
   [Other: 1.0 ms]
      [Choose CSet: 0.0 ms]
      [Ref Proc: 0.2 ms]
      [Ref Enq: 0.0 ms]
      [Redirty Cards: 0.2 ms]
      [Humongous Register: 0.1 ms]
      [Humongous Reclaim: 0.0 ms]
      [Free CSet: 0.2 ms]
   [Eden: 148.0M(148.0M)->0.0B(155.0M) Survivors: 11.0M->20.0M Heap: 191.3M(2048.0M)->182.8M(2048.0M)]
 [Times: user=0.95 sys=0.00, real=0.12 secs] 
2020-09-29T12:05:00.754+0200: 189.443: [GC pause (G1 Evacuation Pause) (young), 0.1165052 secs]
   [Parallel Time: 115.1 ms, GC Workers: 8]
      [GC Worker Start (ms): Min: 189442.7, Avg: 189442.8, Max: 189442.8, Diff: 0.1]
      [Ext Root Scanning (ms): Min: 0.0, Avg: 0.1, Max: 0.2, Diff: 0.1, Sum: 0.8]
      [Update RS (ms): Min: 12.8, Avg: 13.0, Max: 13.3, Diff: 0.4, Sum: 103.9]
         [Processed Buffers: Min: 11, Avg: 13.1, Max: 15, Diff: 4, Sum: 105]
      [Scan RS (ms): Min: 9.5, Avg: 9.9, Max: 10.1, Diff: 0.5, Sum: 78.8]
      [Code Root Scanning (ms): Min: 0.0, Avg: 0.0, Max: 0.0, Diff: 0.0, Sum: 0.0]
      [Object Copy (ms): Min: 91.8, Avg: 91.9, Max: 91.9, Diff: 0.1, Sum: 735.0]
      [Termination (ms): Min: 0.0, Avg: 0.0, Max: 0.0, Diff: 0.0, Sum: 0.1]
         [Termination Attempts: Min: 1, Avg: 59.5, Max: 85, Diff: 84, Sum: 476]
      [GC Worker Other (ms): Min: 0.0, Avg: 0.0, Max: 0.1, Diff: 0.0, Sum: 0.2]
      [GC Worker Total (ms): Min: 114.8, Avg: 114.8, Max: 114.9, Diff: 0.1, Sum: 918.7]
      [GC Worker End (ms): Min: 189557.6, Avg: 189557.6, Max: 189557.6, Diff: 0.0]
   [Code Root Fixup: 0.0 ms]
   [Code Root Purge: 0.0 ms]
   [Clear CT: 0.2 ms]
   [Other: 1.2 ms]
      [Choose CSet: 0.0 ms]
      [Ref Proc: 0.2 ms]
      [Ref Enq: 0.0 ms]
      [Redirty Cards: 0.4 ms]
      [Humongous Register: 0.0 ms]
      [Humongous Reclaim: 0.0 ms]
      [Free CSet: 0.2 ms]
   [Eden: 150.0M(150.0M)->0.0B(172.0M) Survivors: 20.0M->22.0M Heap: 359.5M(2048.0M)->360.5M(2048.0M)]
 [Times: user=0.81 sys=0.00, real=0.12 secs] 
2020-09-29T12:05:00.991+0200: 189.679: [GC pause (G1 Evacuation Pause) (young), 0.1391700 secs]
   [Parallel Time: 138.0 ms, GC Workers: 8]
      [GC Worker Start (ms): Min: 189678.7, Avg: 189678.8, Max: 189678.9, Diff: 0.1]
      [Ext Root Scanning (ms): Min: 0.0, Avg: 0.1, Max: 0.2, Diff: 0.1, Sum: 0.8]
      [Update RS (ms): Min: 13.8, Avg: 14.1, Max: 14.8, Diff: 1.0, Sum: 112.4]
         [Processed Buffers: Min: 11, Avg: 13.5, Max: 16, Diff: 5, Sum: 108]
      [Scan RS (ms): Min: 11.1, Avg: 11.9, Max: 12.4, Diff: 1.3, Sum: 95.3]
      [Code Root Scanning (ms): Min: 0.0, Avg: 0.0, Max: 0.0, Diff: 0.0, Sum: 0.0]
      [Object Copy (ms): Min: 111.4, Avg: 111.7, Max: 111.8, Diff: 0.4, Sum: 893.3]
      [Termination (ms): Min: 0.0, Avg: 0.1, Max: 0.1, Diff: 0.1, Sum: 0.4]
         [Termination Attempts: Min: 1, Avg: 277.4, Max: 332, Diff: 331, Sum: 2219]
      [GC Worker Other (ms): Min: 0.0, Avg: 0.0, Max: 0.1, Diff: 0.1, Sum: 0.4]
      [GC Worker Total (ms): Min: 137.7, Avg: 137.8, Max: 137.9, Diff: 0.2, Sum: 1102.6]
      [GC Worker End (ms): Min: 189816.6, Avg: 189816.6, Max: 189816.7, Diff: 0.1]
   [Code Root Fixup: 0.0 ms]
   [Code Root Purge: 0.0 ms]
   [Clear CT: 0.2 ms]
   [Other: 1.0 ms]
      [Choose CSet: 0.0 ms]
      [Ref Proc: 0.2 ms]
      [Ref Enq: 0.0 ms]
      [Redirty Cards: 0.3 ms]
      [Humongous Register: 0.1 ms]
      [Humongous Reclaim: 0.0 ms]
      [Free CSet: 0.2 ms]
   [Eden: 172.0M(172.0M)->0.0B(177.0M) Survivors: 22.0M->25.0M Heap: 561.1M(2048.0M)->563.1M(2048.0M)]
 [Times: user=1.09 sys=0.00, real=0.14 secs] 
2020-09-29T12:05:01.260+0200: 189.947: [GC pause (G1 Evacuation Pause) (young), 0.1623137 secs]
   [Parallel Time: 160.5 ms, GC Workers: 8]
      [GC Worker Start (ms): Min: 189947.5, Avg: 189949.1, Max: 189951.9, Diff: 4.4]
      [Ext Root Scanning (ms): Min: 0.0, Avg: 0.1, Max: 0.2, Diff: 0.2, Sum: 0.6]
      [Update RS (ms): Min: 13.8, Avg: 16.6, Max: 18.8, Diff: 5.0, Sum: 133.1]
         [Processed Buffers: Min: 12, Avg: 14.1, Max: 17, Diff: 5, Sum: 113]
      [Scan RS (ms): Min: 11.2, Avg: 11.7, Max: 11.9, Diff: 0.8, Sum: 93.3]
      [Code Root Scanning (ms): Min: 0.0, Avg: 0.0, Max: 0.0, Diff: 0.0, Sum: 0.0]
      [Object Copy (ms): Min: 129.7, Avg: 129.9, Max: 130.3, Diff: 0.6, Sum: 1038.9]
      [Termination (ms): Min: 0.1, Avg: 0.5, Max: 0.6, Diff: 0.5, Sum: 3.8]
         [Termination Attempts: Min: 1, Avg: 2304.1, Max: 3021, Diff: 3020, Sum: 18433]
      [GC Worker Other (ms): Min: 0.0, Avg: 0.0, Max: 0.0, Diff: 0.0, Sum: 0.1]
      [GC Worker Total (ms): Min: 156.0, Avg: 158.7, Max: 160.4, Diff: 4.4, Sum: 1269.9]
      [GC Worker End (ms): Min: 190107.8, Avg: 190107.9, Max: 190107.9, Diff: 0.0]
   [Code Root Fixup: 0.0 ms]
   [Code Root Purge: 0.0 ms]
   [Clear CT: 0.3 ms]
   [Other: 1.6 ms]
      [Choose CSet: 0.0 ms]
      [Ref Proc: 0.3 ms]
      [Ref Enq: 0.0 ms]
      [Redirty Cards: 0.8 ms]
      [Humongous Register: 0.1 ms]
      [Humongous Reclaim: 0.0 ms]
      [Free CSet: 0.2 ms]
   [Eden: 177.0M(177.0M)->0.0B(179.0M) Survivors: 25.0M->26.0M Heap: 768.7M(2048.0M)->770.7M(2048.0M)]
 [Times: user=1.23 sys=0.00, real=0.16 secs] 
2020-09-29T12:05:01.548+0200: 190.236: [GC pause (G1 Evacuation Pause) (young), 0.1912381 secs]
   [Parallel Time: 189.9 ms, GC Workers: 8]
      [GC Worker Start (ms): Min: 190235.9, Avg: 190235.9, Max: 190236.0, Diff: 0.1]
      [Ext Root Scanning (ms): Min: 0.0, Avg: 0.1, Max: 0.1, Diff: 0.1, Sum: 0.7]
      [Update RS (ms): Min: 20.8, Avg: 21.6, Max: 26.9, Diff: 6.1, Sum: 173.0]
         [Processed Buffers: Min: 0, Avg: 17.0, Max: 23, Diff: 23, Sum: 136]
      [Scan RS (ms): Min: 5.0, Avg: 10.3, Max: 11.5, Diff: 6.5, Sum: 82.6]
      [Code Root Scanning (ms): Min: 0.0, Avg: 0.0, Max: 0.0, Diff: 0.0, Sum: 0.0]
      [Object Copy (ms): Min: 157.2, Avg: 157.6, Max: 157.7, Diff: 0.5, Sum: 1260.7]
      [Termination (ms): Min: 0.0, Avg: 0.1, Max: 0.1, Diff: 0.1, Sum: 0.6]
         [Termination Attempts: Min: 1, Avg: 178.3, Max: 276, Diff: 275, Sum: 1426]
      [GC Worker Other (ms): Min: 0.0, Avg: 0.0, Max: 0.0, Diff: 0.0, Sum: 0.1]
      [GC Worker Total (ms): Min: 189.7, Avg: 189.7, Max: 189.8, Diff: 0.1, Sum: 1517.8]
      [GC Worker End (ms): Min: 190425.7, Avg: 190425.7, Max: 190425.7, Diff: 0.0]
   [Code Root Fixup: 0.0 ms]
   [Code Root Purge: 0.0 ms]
   [Clear CT: 0.3 ms]
   [Other: 1.1 ms]
      [Choose CSet: 0.0 ms]
      [Ref Proc: 0.3 ms]
      [Ref Enq: 0.0 ms]
      [Redirty Cards: 0.3 ms]
      [Humongous Register: 0.1 ms]
      [Humongous Reclaim: 0.0 ms]
      [Free CSet: 0.2 ms]
   [Eden: 179.0M(179.0M)->0.0B(173.0M) Survivors: 26.0M->26.0M Heap: 980.2M(2048.0M)->982.2M(2048.0M)]
 [Times: user=1.28 sys=0.00, real=0.19 secs] 
2020-09-29T12:05:01.755+0200: 190.443: [GC pause (G1 Humongous Allocation) (young) (initial-mark), 0.0638212 secs]
   [Parallel Time: 62.8 ms, GC Workers: 8]
      [GC Worker Start (ms): Min: 190442.9, Avg: 190443.0, Max: 190443.2, Diff: 0.2]
      [Ext Root Scanning (ms): Min: 0.0, Avg: 0.2, Max: 0.7, Diff: 0.7, Sum: 1.9]
      [Update RS (ms): Min: 21.5, Avg: 21.9, Max: 22.3, Diff: 0.8, Sum: 175.2]
         [Processed Buffers: Min: 18, Avg: 19.6, Max: 21, Diff: 3, Sum: 157]
      [Scan RS (ms): Min: 2.0, Avg: 2.4, Max: 2.7, Diff: 0.7, Sum: 18.8]
      [Code Root Scanning (ms): Min: 0.0, Avg: 0.0, Max: 0.0, Diff: 0.0, Sum: 0.0]
      [Object Copy (ms): Min: 37.8, Avg: 38.0, Max: 38.1, Diff: 0.3, Sum: 303.8]
      [Termination (ms): Min: 0.0, Avg: 0.2, Max: 0.2, Diff: 0.2, Sum: 1.2]
         [Termination Attempts: Min: 1, Avg: 816.8, Max: 1052, Diff: 1051, Sum: 6534]
      [GC Worker Other (ms): Min: 0.0, Avg: 0.0, Max: 0.0, Diff: 0.0, Sum: 0.1]
      [GC Worker Total (ms): Min: 62.5, Avg: 62.6, Max: 62.7, Diff: 0.2, Sum: 501.0]
      [GC Worker End (ms): Min: 190505.7, Avg: 190505.7, Max: 190505.7, Diff: 0.0]
   [Code Root Fixup: 0.0 ms]
   [Code Root Purge: 0.0 ms]
   [Clear CT: 0.2 ms]
   [Other: 0.8 ms]
      [Choose CSet: 0.0 ms]
      [Ref Proc: 0.2 ms]
      [Ref Enq: 0.0 ms]
      [Redirty Cards: 0.2 ms]
      [Humongous Register: 0.0 ms]
      [Humongous Reclaim: 0.0 ms]
      [Free CSet: 0.1 ms]
   [Eden: 10.0M(173.0M)->0.0B(170.0M) Survivors: 26.0M->11.0M Heap: 991.7M(2048.0M)->995.2M(2048.0M)]
 [Times: user=0.45 sys=0.02, real=0.06 secs] 
2020-09-29T12:05:01.819+0200: 190.507: [GC concurrent-root-region-scan-start]
2020-09-29T12:05:01.823+0200: 190.511: [GC concurrent-root-region-scan-end, 0.0043127 secs]
2020-09-29T12:05:01.823+0200: 190.511: [GC concurrent-mark-start]
2020-09-29T12:05:01.828+0200: 190.516: [GC concurrent-mark-end, 0.0042008 secs]
2020-09-29T12:05:01.828+0200: 190.516: [GC remark 2020-09-29T12:05:01.828+0200: 190.516: [Finalize Marking, 0.0001882 secs] 2020-09-29T12:05:01.829+0200: 190.516: [GC ref-proc, 0.0004330 secs] 2020-09-29T12:05:01.829+0200: 190.517: [Unloading, 0.0005552 secs], 0.0016189 secs]
 [Times: user=0.00 sys=0.00, real=0.00 secs] 
2020-09-29T12:05:01.833+0200: 190.520: [GC cleanup 1016M->39M(2048M), 0.0020851 secs]
 [Times: user=0.00 sys=0.00, real=0.00 secs] 
2020-09-29T12:05:01.835+0200: 190.523: [GC concurrent-cleanup-start]
2020-09-29T12:05:01.836+0200: 190.524: [GC concurrent-cleanup-end, 0.0016801 secs]
2020-09-29T12:05:01.936+0200: 190.624: [GC pause (G1 Evacuation Pause) (young), 0.1510549 secs]
   [Parallel Time: 149.8 ms, GC Workers: 8]
      [GC Worker Start (ms): Min: 190624.1, Avg: 190624.1, Max: 190624.2, Diff: 0.1]
      [Ext Root Scanning (ms): Min: 0.0, Avg: 0.1, Max: 0.2, Diff: 0.1, Sum: 0.8]
      [Update RS (ms): Min: 12.9, Avg: 13.2, Max: 13.8, Diff: 1.0, Sum: 105.5]
         [Processed Buffers: Min: 10, Avg: 11.0, Max: 13, Diff: 3, Sum: 88]
      [Scan RS (ms): Min: 16.0, Avg: 17.2, Max: 19.1, Diff: 3.1, Sum: 137.9]
      [Code Root Scanning (ms): Min: 0.0, Avg: 0.0, Max: 0.0, Diff: 0.0, Sum: 0.0]
      [Object Copy (ms): Min: 116.9, Avg: 118.8, Max: 119.7, Diff: 2.8, Sum: 950.5]
      [Termination (ms): Min: 0.0, Avg: 0.1, Max: 0.5, Diff: 0.5, Sum: 1.1]
         [Termination Attempts: Min: 1, Avg: 469.8, Max: 588, Diff: 587, Sum: 3758]
      [GC Worker Other (ms): Min: 0.0, Avg: 0.0, Max: 0.1, Diff: 0.1, Sum: 0.4]
      [GC Worker Total (ms): Min: 149.5, Avg: 149.5, Max: 149.6, Diff: 0.2, Sum: 1196.3]
      [GC Worker End (ms): Min: 190773.7, Avg: 190773.7, Max: 190773.7, Diff: 0.1]
   [Code Root Fixup: 0.0 ms]
   [Code Root Purge: 0.0 ms]
   [Clear CT: 0.2 ms]
   [Other: 1.1 ms]
      [Choose CSet: 0.0 ms]
      [Ref Proc: 0.2 ms]
      [Ref Enq: 0.0 ms]
      [Redirty Cards: 0.2 ms]
      [Humongous Register: 0.0 ms]
      [Humongous Reclaim: 0.0 ms]
      [Free CSet: 0.3 ms]
   [Eden: 170.0M(170.0M)->0.0B(163.0M) Survivors: 11.0M->23.0M Heap: 217.6M(2048.0M)->208.6M(2048.0M)]
 [Times: user=1.08 sys=0.02, real=0.15 secs] 
2020-09-29T12:05:02.197+0200: 190.885: [GC pause (G1 Evacuation Pause) (young), 0.1288812 secs]
   [Parallel Time: 126.7 ms, GC Workers: 8]
      [GC Worker Start (ms): Min: 190885.2, Avg: 190885.3, Max: 190885.4, Diff: 0.2]
      [Ext Root Scanning (ms): Min: 0.0, Avg: 0.1, Max: 0.2, Diff: 0.2, Sum: 0.7]
      [Update RS (ms): Min: 15.8, Avg: 15.9, Max: 16.5, Diff: 0.7, Sum: 127.5]
         [Processed Buffers: Min: 11, Avg: 14.4, Max: 17, Diff: 6, Sum: 115]
      [Scan RS (ms): Min: 9.9, Avg: 10.5, Max: 10.7, Diff: 0.8, Sum: 84.3]
      [Code Root Scanning (ms): Min: 0.0, Avg: 0.0, Max: 0.0, Diff: 0.0, Sum: 0.0]
      [Object Copy (ms): Min: 99.7, Avg: 99.8, Max: 99.9, Diff: 0.2, Sum: 798.7]
      [Termination (ms): Min: 0.0, Avg: 0.0, Max: 0.0, Diff: 0.0, Sum: 0.1]
         [Termination Attempts: Min: 1, Avg: 79.1, Max: 104, Diff: 103, Sum: 633]
      [GC Worker Other (ms): Min: 0.0, Avg: 0.0, Max: 0.1, Diff: 0.1, Sum: 0.4]
      [GC Worker Total (ms): Min: 126.4, Avg: 126.5, Max: 126.6, Diff: 0.2, Sum: 1011.7]
      [GC Worker End (ms): Min: 191011.7, Avg: 191011.7, Max: 191011.7, Diff: 0.1]
   [Code Root Fixup: 0.0 ms]
   [Code Root Purge: 0.0 ms]
   [Clear CT: 0.3 ms]
   [Other: 1.8 ms]
      [Choose CSet: 0.0 ms]
      [Ref Proc: 0.2 ms]
      [Ref Enq: 0.0 ms]
      [Redirty Cards: 1.0 ms]
      [Humongous Register: 0.0 ms]
      [Humongous Reclaim: 0.0 ms]
      [Free CSet: 0.4 ms]
   [Eden: 163.0M(163.0M)->0.0B(177.0M) Survivors: 23.0M->24.0M Heap: 400.2M(2048.0M)->401.7M(2048.0M)]
 [Times: user=0.88 sys=0.00, real=0.13 secs] 
2020-09-29T12:05:02.446+0200: 191.133: [GC pause (G1 Evacuation Pause) (young), 0.1911532 secs]
   [Parallel Time: 189.9 ms, GC Workers: 8]
      [GC Worker Start (ms): Min: 191133.2, Avg: 191133.3, Max: 191133.3, Diff: 0.1]
      [Ext Root Scanning (ms): Min: 0.0, Avg: 0.1, Max: 0.1, Diff: 0.1, Sum: 0.7]
      [Update RS (ms): Min: 16.6, Avg: 18.9, Max: 33.4, Diff: 16.8, Sum: 151.2]
         [Processed Buffers: Min: 0, Avg: 13.5, Max: 17, Diff: 17, Sum: 108]
      [Scan RS (ms): Min: 0.0, Avg: 12.6, Max: 17.0, Diff: 17.0, Sum: 100.9]
      [Code Root Scanning (ms): Min: 0.0, Avg: 0.0, Max: 0.0, Diff: 0.0, Sum: 0.0]
      [Object Copy (ms): Min: 155.9, Avg: 158.0, Max: 158.8, Diff: 2.9, Sum: 1264.4]
      [Termination (ms): Min: 0.0, Avg: 0.0, Max: 0.0, Diff: 0.0, Sum: 0.2]
         [Termination Attempts: Min: 1, Avg: 111.8, Max: 156, Diff: 155, Sum: 894]
      [GC Worker Other (ms): Min: 0.0, Avg: 0.0, Max: 0.0, Diff: 0.0, Sum: 0.2]
      [GC Worker Total (ms): Min: 189.6, Avg: 189.7, Max: 189.8, Diff: 0.1, Sum: 1517.7]
      [GC Worker End (ms): Min: 191323.0, Avg: 191323.0, Max: 191323.0, Diff: 0.0]
   [Code Root Fixup: 0.0 ms]
   [Code Root Purge: 0.0 ms]
   [Clear CT: 0.2 ms]
   [Other: 1.1 ms]
      [Choose CSet: 0.0 ms]
      [Ref Proc: 0.2 ms]
      [Ref Enq: 0.0 ms]
      [Redirty Cards: 0.3 ms]
      [Humongous Register: 0.1 ms]
      [Humongous Reclaim: 0.0 ms]
      [Free CSet: 0.2 ms]
   [Eden: 177.0M(177.0M)->0.0B(169.0M) Survivors: 24.0M->26.0M Heap: 607.3M(2048.0M)->608.3M(2048.0M)]
 [Times: user=1.31 sys=0.00, real=0.19 secs] 
2020-09-29T12:05:02.771+0200: 191.459: [GC pause (G1 Evacuation Pause) (young), 0.1441895 secs]
   [Parallel Time: 143.0 ms, GC Workers: 8]
      [GC Worker Start (ms): Min: 191458.8, Avg: 191459.9, Max: 191465.8, Diff: 7.0]
      [Ext Root Scanning (ms): Min: 0.0, Avg: 0.1, Max: 0.1, Diff: 0.1, Sum: 0.5]
      [Update RS (ms): Min: 14.8, Avg: 20.5, Max: 21.8, Diff: 6.9, Sum: 164.4]
         [Processed Buffers: Min: 12, Avg: 17.9, Max: 21, Diff: 9, Sum: 143]
      [Scan RS (ms): Min: 9.4, Avg: 9.7, Max: 9.9, Diff: 0.5, Sum: 77.6]
      [Code Root Scanning (ms): Min: 0.0, Avg: 0.0, Max: 0.0, Diff: 0.0, Sum: 0.0]
      [Object Copy (ms): Min: 111.3, Avg: 111.4, Max: 111.5, Diff: 0.2, Sum: 891.0]
      [Termination (ms): Min: 0.0, Avg: 0.0, Max: 0.1, Diff: 0.1, Sum: 0.4]
         [Termination Attempts: Min: 1, Avg: 234.0, Max: 321, Diff: 320, Sum: 1872]
      [GC Worker Other (ms): Min: 0.0, Avg: 0.0, Max: 0.0, Diff: 0.0, Sum: 0.2]
      [GC Worker Total (ms): Min: 135.9, Avg: 141.8, Max: 142.8, Diff: 7.0, Sum: 1134.1]
      [GC Worker End (ms): Min: 191601.6, Avg: 191601.6, Max: 191601.6, Diff: 0.0]
   [Code Root Fixup: 0.0 ms]
   [Code Root Purge: 0.0 ms]
   [Clear CT: 0.2 ms]
   [Other: 1.0 ms]
      [Choose CSet: 0.0 ms]
      [Ref Proc: 0.3 ms]
      [Ref Enq: 0.0 ms]
      [Redirty Cards: 0.2 ms]
      [Humongous Register: 0.1 ms]
      [Humongous Reclaim: 0.0 ms]
      [Free CSet: 0.2 ms]
   [Eden: 169.0M(169.0M)->0.0B(184.0M) Survivors: 26.0M->25.0M Heap: 805.9M(2048.0M)->807.4M(2048.0M)]
 [Times: user=1.13 sys=0.00, real=0.14 secs] 
2020-09-29T12:05:03.045+0200: 191.733: [GC pause (G1 Evacuation Pause) (young), 0.1501072 secs]
   [Parallel Time: 148.9 ms, GC Workers: 8]
      [GC Worker Start (ms): Min: 191732.8, Avg: 191732.9, Max: 191732.9, Diff: 0.1]
      [Ext Root Scanning (ms): Min: 0.1, Avg: 0.1, Max: 0.1, Diff: 0.1, Sum: 0.8]
      [Update RS (ms): Min: 15.6, Avg: 15.7, Max: 15.9, Diff: 0.3, Sum: 125.8]
         [Processed Buffers: Min: 12, Avg: 14.6, Max: 18, Diff: 6, Sum: 117]
      [Scan RS (ms): Min: 12.4, Avg: 12.5, Max: 12.7, Diff: 0.3, Sum: 100.0]
      [Code Root Scanning (ms): Min: 0.0, Avg: 0.0, Max: 0.0, Diff: 0.0, Sum: 0.0]
      [Object Copy (ms): Min: 120.3, Avg: 120.3, Max: 120.4, Diff: 0.1, Sum: 962.6]
      [Termination (ms): Min: 0.0, Avg: 0.0, Max: 0.0, Diff: 0.0, Sum: 0.1]
         [Termination Attempts: Min: 1, Avg: 37.8, Max: 56, Diff: 55, Sum: 302]
      [GC Worker Other (ms): Min: 0.0, Avg: 0.0, Max: 0.0, Diff: 0.0, Sum: 0.2]
      [GC Worker Total (ms): Min: 148.6, Avg: 148.7, Max: 148.7, Diff: 0.1, Sum: 1189.5]
      [GC Worker End (ms): Min: 191881.5, Avg: 191881.5, Max: 191881.6, Diff: 0.0]
   [Code Root Fixup: 0.0 ms]
   [Code Root Purge: 0.0 ms]
   [Clear CT: 0.2 ms]
   [Other: 1.0 ms]
      [Choose CSet: 0.0 ms]
      [Ref Proc: 0.2 ms]
      [Ref Enq: 0.0 ms]
      [Redirty Cards: 0.2 ms]
      [Humongous Register: 0.1 ms]
      [Humongous Reclaim: 0.0 ms]
      [Free CSet: 0.2 ms]
   [Eden: 184.0M(184.0M)->0.0B(196.0M) Survivors: 25.0M->27.0M Heap: 1022.0M(2048.0M)->1024.0M(2048.0M)]
 [Times: user=1.22 sys=0.00, real=0.15 secs] 
2020-09-29T12:05:03.212+0200: 191.899: [GC pause (G1 Humongous Allocation) (young) (initial-mark), 0.0531841 secs]
   [Parallel Time: 51.9 ms, GC Workers: 8]
      [GC Worker Start (ms): Min: 191899.6, Avg: 191899.8, Max: 191899.9, Diff: 0.3]
      [Ext Root Scanning (ms): Min: 0.0, Avg: 2.7, Max: 12.0, Diff: 12.0, Sum: 21.2]
      [Update RS (ms): Min: 13.4, Avg: 23.3, Max: 26.1, Diff: 12.7, Sum: 186.8]
         [Processed Buffers: Min: 13, Avg: 20.5, Max: 23, Diff: 10, Sum: 164]
      [Scan RS (ms): Min: 0.9, Avg: 2.5, Max: 2.9, Diff: 2.0, Sum: 19.6]
      [Code Root Scanning (ms): Min: 0.0, Avg: 0.0, Max: 0.0, Diff: 0.0, Sum: 0.0]
      [Object Copy (ms): Min: 22.8, Avg: 23.1, Max: 23.2, Diff: 0.4, Sum: 184.6]
      [Termination (ms): Min: 0.0, Avg: 0.0, Max: 0.1, Diff: 0.1, Sum: 0.4]
         [Termination Attempts: Min: 1, Avg: 192.0, Max: 244, Diff: 243, Sum: 1536]
      [GC Worker Other (ms): Min: 0.0, Avg: 0.0, Max: 0.0, Diff: 0.0, Sum: 0.2]
      [GC Worker Total (ms): Min: 51.5, Avg: 51.6, Max: 51.8, Diff: 0.3, Sum: 412.7]
      [GC Worker End (ms): Min: 191951.4, Avg: 191951.4, Max: 191951.4, Diff: 0.0]
   [Code Root Fixup: 0.0 ms]
   [Code Root Purge: 0.0 ms]
   [Clear CT: 0.3 ms]
   [Other: 1.0 ms]
      [Choose CSet: 0.0 ms]
      [Ref Proc: 0.2 ms]
      [Ref Enq: 0.0 ms]
      [Redirty Cards: 0.3 ms]
      [Humongous Register: 0.1 ms]
      [Humongous Reclaim: 0.0 ms]
      [Free CSet: 0.1 ms]
   [Eden: 7168.0K(196.0M)->0.0B(221.0M) Survivors: 27.0M->9216.0K Heap: 1031.0M(2048.0M)->1034.5M(2048.0M)]
 [Times: user=0.34 sys=0.00, real=0.05 secs] 
2020-09-29T12:05:03.265+0200: 191.953: [GC concurrent-root-region-scan-start]
2020-09-29T12:05:03.269+0200: 191.956: [GC concurrent-root-region-scan-end, 0.0031736 secs]
2020-09-29T12:05:03.269+0200: 191.956: [GC concurrent-mark-start]
2020-09-29T12:05:03.273+0200: 191.960: [GC concurrent-mark-end, 0.0044591 secs]
2020-09-29T12:05:03.273+0200: 191.961: [GC remark 2020-09-29T12:05:03.273+0200: 191.961: [Finalize Marking, 0.0002412 secs] 2020-09-29T12:05:03.274+0200: 191.961: [GC ref-proc, 0.0004476 secs] 2020-09-29T12:05:03.274+0200: 191.961: [Unloading, 0.0004534 secs], 0.0016327 secs]
 [Times: user=0.00 sys=0.00, real=0.00 secs] 
2020-09-29T12:05:03.275+0200: 191.963: [GC cleanup 1046M->28M(2048M), 0.0014868 secs]
 [Times: user=0.00 sys=0.00, real=0.00 secs] 
2020-09-29T12:05:03.277+0200: 191.964: [GC concurrent-cleanup-start]
2020-09-29T12:05:03.279+0200: 191.966: [GC concurrent-cleanup-end, 0.0019106 secs]
2020-09-29T12:05:03.418+0200: 192.105: [GC pause (G1 Evacuation Pause) (young), 0.1784828 secs]
   [Parallel Time: 177.2 ms, GC Workers: 8]
      [GC Worker Start (ms): Min: 192105.4, Avg: 192105.4, Max: 192105.5, Diff: 0.1]
      [Ext Root Scanning (ms): Min: 0.0, Avg: 0.1, Max: 0.1, Diff: 0.1, Sum: 0.7]
      [Update RS (ms): Min: 17.2, Avg: 18.5, Max: 27.0, Diff: 9.8, Sum: 147.7]
         [Processed Buffers: Min: 0, Avg: 14.1, Max: 18, Diff: 18, Sum: 113]
      [Scan RS (ms): Min: 4.7, Avg: 13.3, Max: 14.8, Diff: 10.0, Sum: 106.1]
      [Code Root Scanning (ms): Min: 0.0, Avg: 0.0, Max: 0.0, Diff: 0.0, Sum: 0.0]
      [Object Copy (ms): Min: 144.9, Avg: 145.0, Max: 145.1, Diff: 0.2, Sum: 1160.2]
      [Termination (ms): Min: 0.0, Avg: 0.1, Max: 0.2, Diff: 0.2, Sum: 0.8]
         [Termination Attempts: Min: 1, Avg: 435.9, Max: 598, Diff: 597, Sum: 3487]
      [GC Worker Other (ms): Min: 0.0, Avg: 0.0, Max: 0.1, Diff: 0.1, Sum: 0.3]
      [GC Worker Total (ms): Min: 176.9, Avg: 177.0, Max: 177.0, Diff: 0.1, Sum: 1415.9]
      [GC Worker End (ms): Min: 192282.4, Avg: 192282.4, Max: 192282.4, Diff: 0.1]
   [Code Root Fixup: 0.0 ms]
   [Code Root Purge: 0.0 ms]
   [Clear CT: 0.2 ms]
   [Other: 1.1 ms]
      [Choose CSet: 0.0 ms]
      [Ref Proc: 0.2 ms]
      [Ref Enq: 0.0 ms]
      [Redirty Cards: 0.2 ms]
      [Humongous Register: 0.0 ms]
      [Humongous Reclaim: 0.0 ms]
      [Free CSet: 0.2 ms]
   [Eden: 221.0M(221.0M)->0.0B(200.0M) Survivors: 9216.0K->29.0M Heap: 275.6M(2048.0M)->269.6M(2048.0M)]
 [Times: user=1.31 sys=0.02, real=0.18 secs] 
2020-09-29T12:05:03.734+0200: 192.421: [GC pause (G1 Evacuation Pause) (young), 0.1922592 secs]
   [Parallel Time: 191.0 ms, GC Workers: 8]
      [GC Worker Start (ms): Min: 192421.1, Avg: 192421.1, Max: 192421.2, Diff: 0.2]
      [Ext Root Scanning (ms): Min: 0.0, Avg: 0.1, Max: 0.2, Diff: 0.2, Sum: 0.8]
      [Update RS (ms): Min: 22.8, Avg: 23.2, Max: 24.8, Diff: 2.0, Sum: 185.7]
         [Processed Buffers: Min: 0, Avg: 15.9, Max: 23, Diff: 23, Sum: 127]
      [Scan RS (ms): Min: 12.6, Avg: 14.2, Max: 14.6, Diff: 2.0, Sum: 113.3]
      [Code Root Scanning (ms): Min: 0.0, Avg: 0.0, Max: 0.0, Diff: 0.0, Sum: 0.0]
      [Object Copy (ms): Min: 152.7, Avg: 153.1, Max: 153.3, Diff: 0.6, Sum: 1224.4]
      [Termination (ms): Min: 0.0, Avg: 0.3, Max: 0.6, Diff: 0.6, Sum: 2.2]
         [Termination Attempts: Min: 1, Avg: 751.6, Max: 989, Diff: 988, Sum: 6013]
      [GC Worker Other (ms): Min: 0.0, Avg: 0.0, Max: 0.0, Diff: 0.0, Sum: 0.1]
      [GC Worker Total (ms): Min: 190.7, Avg: 190.8, Max: 190.9, Diff: 0.2, Sum: 1526.4]
      [GC Worker End (ms): Min: 192611.9, Avg: 192611.9, Max: 192611.9, Diff: 0.0]
   [Code Root Fixup: 0.0 ms]
   [Code Root Purge: 0.0 ms]
   [Clear CT: 0.2 ms]
   [Other: 1.0 ms]
      [Choose CSet: 0.0 ms]
      [Ref Proc: 0.2 ms]
      [Ref Enq: 0.0 ms]
      [Redirty Cards: 0.3 ms]
      [Humongous Register: 0.1 ms]
      [Humongous Reclaim: 0.0 ms]
      [Free CSet: 0.2 ms]
   [Eden: 200.0M(200.0M)->0.0B(193.0M) Survivors: 29.0M->29.0M Heap: 502.1M(2048.0M)->504.1M(2048.0M)]
 [Times: user=1.39 sys=0.00, real=0.19 secs] 
2020-09-29T12:05:04.077+0200: 192.764: [GC pause (G1 Evacuation Pause) (young), 0.1741091 secs]
   [Parallel Time: 172.9 ms, GC Workers: 8]
      [GC Worker Start (ms): Min: 192764.0, Avg: 192764.0, Max: 192764.1, Diff: 0.2]
      [Ext Root Scanning (ms): Min: 0.0, Avg: 0.1, Max: 0.1, Diff: 0.1, Sum: 0.8]
      [Update RS (ms): Min: 16.6, Avg: 17.0, Max: 18.1, Diff: 1.5, Sum: 136.0]
         [Processed Buffers: Min: 9, Avg: 13.5, Max: 16, Diff: 7, Sum: 108]
      [Scan RS (ms): Min: 14.9, Avg: 16.0, Max: 16.7, Diff: 1.8, Sum: 128.1]
      [Code Root Scanning (ms): Min: 0.0, Avg: 0.0, Max: 0.0, Diff: 0.0, Sum: 0.0]
      [Object Copy (ms): Min: 138.5, Avg: 139.1, Max: 139.5, Diff: 1.0, Sum: 1113.0]
      [Termination (ms): Min: 0.0, Avg: 0.4, Max: 0.5, Diff: 0.5, Sum: 2.8]
         [Termination Attempts: Min: 1, Avg: 1894.4, Max: 2588, Diff: 2587, Sum: 15155]
      [GC Worker Other (ms): Min: 0.0, Avg: 0.1, Max: 0.1, Diff: 0.1, Sum: 0.5]
      [GC Worker Total (ms): Min: 172.5, Avg: 172.6, Max: 172.7, Diff: 0.3, Sum: 1381.2]
      [GC Worker End (ms): Min: 192936.6, Avg: 192936.7, Max: 192936.7, Diff: 0.1]
   [Code Root Fixup: 0.0 ms]
   [Code Root Purge: 0.0 ms]
   [Clear CT: 0.2 ms]
   [Other: 1.0 ms]
      [Choose CSet: 0.0 ms]
      [Ref Proc: 0.2 ms]
      [Ref Enq: 0.0 ms]
      [Redirty Cards: 0.4 ms]
      [Humongous Register: 0.1 ms]
      [Humongous Reclaim: 0.0 ms]
      [Free CSet: 0.2 ms]
   [Eden: 193.0M(193.0M)->0.0B(195.0M) Survivors: 29.0M->28.0M Heap: 729.5M(2048.0M)->731.0M(2048.0M)]
 [Times: user=1.28 sys=0.00, real=0.17 secs] 
2020-09-29T12:05:04.375+0200: 193.062: [GC pause (G1 Evacuation Pause) (young), 0.1233632 secs]
   [Parallel Time: 121.7 ms, GC Workers: 8]
      [GC Worker Start (ms): Min: 193062.6, Avg: 193063.0, Max: 193063.8, Diff: 1.2]
      [Ext Root Scanning (ms): Min: 0.0, Avg: 0.1, Max: 0.2, Diff: 0.2, Sum: 0.4]
      [Update RS (ms): Min: 13.3, Avg: 14.1, Max: 14.8, Diff: 1.5, Sum: 113.1]
         [Processed Buffers: Min: 12, Avg: 15.0, Max: 18, Diff: 6, Sum: 120]
      [Scan RS (ms): Min: 8.7, Avg: 9.3, Max: 9.5, Diff: 0.8, Sum: 74.5]
      [Code Root Scanning (ms): Min: 0.0, Avg: 0.0, Max: 0.0, Diff: 0.0, Sum: 0.0]
      [Object Copy (ms): Min: 97.5, Avg: 97.5, Max: 97.6, Diff: 0.2, Sum: 780.2]
      [Termination (ms): Min: 0.0, Avg: 0.1, Max: 0.1, Diff: 0.1, Sum: 0.5]
         [Termination Attempts: Min: 1, Avg: 463.1, Max: 578, Diff: 577, Sum: 3705]
      [GC Worker Other (ms): Min: 0.0, Avg: 0.1, Max: 0.1, Diff: 0.1, Sum: 0.5]
      [GC Worker Total (ms): Min: 120.3, Avg: 121.2, Max: 121.6, Diff: 1.3, Sum: 969.3]
      [GC Worker End (ms): Min: 193184.1, Avg: 193184.2, Max: 193184.2, Diff: 0.1]
   [Code Root Fixup: 0.0 ms]
   [Code Root Purge: 0.0 ms]
   [Clear CT: 0.2 ms]
   [Other: 1.5 ms]
      [Choose CSet: 0.0 ms]
      [Ref Proc: 0.6 ms]
      [Ref Enq: 0.0 ms]
      [Redirty Cards: 0.4 ms]
      [Humongous Register: 0.1 ms]
      [Humongous Reclaim: 0.0 ms]
      [Free CSet: 0.2 ms]
   [Eden: 195.0M(195.0M)->0.0B(214.0M) Survivors: 28.0M->28.0M Heap: 958.4M(2048.0M)->959.9M(2048.0M)]
 [Times: user=0.98 sys=0.00, real=0.12 secs] 
2020-09-29T12:05:04.504+0200: 193.192: [GC pause (G1 Humongous Allocation) (young) (initial-mark), 0.0595082 secs]
   [Parallel Time: 58.2 ms, GC Workers: 8]
      [GC Worker Start (ms): Min: 193192.3, Avg: 193192.4, Max: 193192.5, Diff: 0.2]
      [Ext Root Scanning (ms): Min: 0.0, Avg: 2.3, Max: 14.9, Diff: 14.9, Sum: 18.2]
      [Update RS (ms): Min: 16.4, Avg: 29.4, Max: 33.3, Diff: 16.9, Sum: 235.2]
         [Processed Buffers: Min: 17, Avg: 29.6, Max: 35, Diff: 18, Sum: 237]
      [Scan RS (ms): Min: 0.6, Avg: 3.9, Max: 15.9, Diff: 15.3, Sum: 31.1]
      [Code Root Scanning (ms): Min: 0.0, Avg: 0.0, Max: 0.0, Diff: 0.0, Sum: 0.0]
      [Object Copy (ms): Min: 10.8, Avg: 22.3, Max: 24.0, Diff: 13.2, Sum: 178.5]
      [Termination (ms): Min: 0.0, Avg: 0.1, Max: 0.2, Diff: 0.2, Sum: 0.6]
         [Termination Attempts: Min: 1, Avg: 158.1, Max: 230, Diff: 229, Sum: 1265]
      [GC Worker Other (ms): Min: 0.0, Avg: 0.0, Max: 0.0, Diff: 0.0, Sum: 0.1]
      [GC Worker Total (ms): Min: 57.8, Avg: 58.0, Max: 58.2, Diff: 0.3, Sum: 463.7]
      [GC Worker End (ms): Min: 193250.3, Avg: 193250.3, Max: 193250.5, Diff: 0.2]
   [Code Root Fixup: 0.0 ms]
   [Code Root Purge: 0.0 ms]
   [Clear CT: 0.2 ms]
   [Other: 1.1 ms]
      [Choose CSet: 0.0 ms]
      [Ref Proc: 0.2 ms]
      [Ref Enq: 0.0 ms]
      [Redirty Cards: 0.4 ms]
      [Humongous Register: 0.1 ms]
      [Humongous Reclaim: 0.0 ms]
      [Free CSet: 0.1 ms]
   [Eden: 4096.0K(214.0M)->0.0B(222.0M) Survivors: 28.0M->6144.0K Heap: 963.9M(2048.0M)->967.9M(2048.0M)]
 [Times: user=0.30 sys=0.00, real=0.06 secs] 
2020-09-29T12:05:04.564+0200: 193.252: [GC concurrent-root-region-scan-start]
2020-09-29T12:05:04.566+0200: 193.253: [GC concurrent-root-region-scan-end, 0.0016263 secs]
2020-09-29T12:05:04.566+0200: 193.253: [GC concurrent-mark-start]
2020-09-29T12:05:04.569+0200: 193.257: [GC concurrent-mark-end, 0.0035662 secs]
2020-09-29T12:05:04.569+0200: 193.257: [GC remark 2020-09-29T12:05:04.569+0200: 193.257: [Finalize Marking, 0.0002158 secs] 2020-09-29T12:05:04.570+0200: 193.257: [GC ref-proc, 0.0003379 secs] 2020-09-29T12:05:04.570+0200: 193.258: [Unloading, 0.0005111 secs], 0.0014528 secs]
 [Times: user=0.00 sys=0.00, real=0.00 secs] 
2020-09-29T12:05:04.571+0200: 193.259: [GC cleanup 979M->25M(2048M), 0.0014276 secs]
 [Times: user=0.00 sys=0.00, real=0.00 secs] 
2020-09-29T12:05:04.573+0200: 193.261: [GC concurrent-cleanup-start]
2020-09-29T12:05:04.575+0200: 193.262: [GC concurrent-cleanup-end, 0.0017554 secs]
2020-09-29T12:05:04.703+0200: 193.391: [GC pause (G1 Evacuation Pause) (young), 0.1244184 secs]
   [Parallel Time: 123.4 ms, GC Workers: 8]
      [GC Worker Start (ms): Min: 193391.2, Avg: 193392.7, Max: 193402.9, Diff: 11.7]
      [Ext Root Scanning (ms): Min: 0.0, Avg: 0.1, Max: 0.2, Diff: 0.2, Sum: 0.9]
      [Update RS (ms): Min: 6.1, Avg: 15.6, Max: 17.3, Diff: 11.2, Sum: 124.8]
         [Processed Buffers: Min: 7, Avg: 15.6, Max: 19, Diff: 12, Sum: 125]
      [Scan RS (ms): Min: 9.6, Avg: 10.2, Max: 10.6, Diff: 1.0, Sum: 82.0]
      [Code Root Scanning (ms): Min: 0.0, Avg: 0.0, Max: 0.0, Diff: 0.0, Sum: 0.0]
      [Object Copy (ms): Min: 95.7, Avg: 95.7, Max: 95.8, Diff: 0.1, Sum: 765.9]
      [Termination (ms): Min: 0.0, Avg: 0.0, Max: 0.0, Diff: 0.0, Sum: 0.0]
         [Termination Attempts: Min: 1, Avg: 31.5, Max: 47, Diff: 46, Sum: 252]
      [GC Worker Other (ms): Min: 0.0, Avg: 0.0, Max: 0.1, Diff: 0.0, Sum: 0.2]
      [GC Worker Total (ms): Min: 111.5, Avg: 121.7, Max: 123.2, Diff: 11.7, Sum: 974.0]
      [GC Worker End (ms): Min: 193514.4, Avg: 193514.4, Max: 193514.4, Diff: 0.0]
   [Code Root Fixup: 0.0 ms]
   [Code Root Purge: 0.0 ms]
   [Clear CT: 0.2 ms]
   [Other: 0.9 ms]
      [Choose CSet: 0.0 ms]
      [Ref Proc: 0.1 ms]
      [Ref Enq: 0.0 ms]
      [Redirty Cards: 0.2 ms]
      [Humongous Register: 0.0 ms]
      [Humongous Reclaim: 0.0 ms]
      [Free CSet: 0.2 ms]
   [Eden: 222.0M(222.0M)->0.0B(224.0M) Survivors: 6144.0K->29.0M Heap: 273.6M(2048.0M)->270.6M(2048.0M)]
 [Times: user=0.97 sys=0.00, real=0.13 secs] 
2020-09-29T12:05:04.963+0200: 193.651: [GC pause (G1 Evacuation Pause) (young), 0.1704048 secs]
   [Parallel Time: 169.0 ms, GC Workers: 8]
      [GC Worker Start (ms): Min: 193650.7, Avg: 193650.8, Max: 193650.9, Diff: 0.2]
      [Ext Root Scanning (ms): Min: 0.0, Avg: 0.1, Max: 0.1, Diff: 0.1, Sum: 0.7]
      [Update RS (ms): Min: 18.2, Avg: 20.0, Max: 30.0, Diff: 11.8, Sum: 159.7]
         [Processed Buffers: Min: 0, Avg: 15.8, Max: 20, Diff: 20, Sum: 126]
      [Scan RS (ms): Min: 4.0, Avg: 13.8, Max: 15.5, Diff: 11.5, Sum: 110.4]
      [Code Root Scanning (ms): Min: 0.0, Avg: 0.0, Max: 0.0, Diff: 0.0, Sum: 0.0]
      [Object Copy (ms): Min: 134.6, Avg: 134.8, Max: 134.9, Diff: 0.3, Sum: 1078.6]
      [Termination (ms): Min: 0.0, Avg: 0.1, Max: 0.2, Diff: 0.2, Sum: 1.0]
         [Termination Attempts: Min: 1, Avg: 874.4, Max: 1096, Diff: 1095, Sum: 6995]
      [GC Worker Other (ms): Min: 0.0, Avg: 0.0, Max: 0.1, Diff: 0.1, Sum: 0.3]
      [GC Worker Total (ms): Min: 168.7, Avg: 168.8, Max: 168.9, Diff: 0.2, Sum: 1350.7]
      [GC Worker End (ms): Min: 193819.6, Avg: 193819.6, Max: 193819.7, Diff: 0.1]
   [Code Root Fixup: 0.0 ms]
   [Code Root Purge: 0.0 ms]
   [Clear CT: 0.2 ms]
   [Other: 1.2 ms]
      [Choose CSet: 0.0 ms]
      [Ref Proc: 0.2 ms]
      [Ref Enq: 0.0 ms]
      [Redirty Cards: 0.5 ms]
      [Humongous Register: 0.0 ms]
      [Humongous Reclaim: 0.0 ms]
      [Free CSet: 0.3 ms]
   [Eden: 224.0M(224.0M)->0.0B(223.0M) Survivors: 29.0M->32.0M Heap: 530.9M(2048.0M)->533.4M(2048.0M)]
 [Times: user=1.28 sys=0.00, real=0.17 secs] 
2020-09-29T12:05:05.282+0200: 193.970: [GC pause (G1 Evacuation Pause) (young), 0.1338212 secs]
   [Parallel Time: 132.7 ms, GC Workers: 8]
      [GC Worker Start (ms): Min: 193970.0, Avg: 193970.0, Max: 193970.1, Diff: 0.1]
      [Ext Root Scanning (ms): Min: 0.0, Avg: 0.1, Max: 0.1, Diff: 0.1, Sum: 0.7]
      [Update RS (ms): Min: 16.4, Avg: 16.5, Max: 16.8, Diff: 0.3, Sum: 132.3]
         [Processed Buffers: Min: 18, Avg: 19.5, Max: 21, Diff: 3, Sum: 156]
      [Scan RS (ms): Min: 9.6, Avg: 9.8, Max: 9.9, Diff: 0.3, Sum: 78.5]
      [Code Root Scanning (ms): Min: 0.0, Avg: 0.0, Max: 0.0, Diff: 0.0, Sum: 0.0]
      [Object Copy (ms): Min: 106.1, Avg: 106.1, Max: 106.2, Diff: 0.1, Sum: 849.0]
      [Termination (ms): Min: 0.0, Avg: 0.0, Max: 0.0, Diff: 0.0, Sum: 0.2]
         [Termination Attempts: Min: 1, Avg: 185.4, Max: 248, Diff: 247, Sum: 1483]
      [GC Worker Other (ms): Min: 0.0, Avg: 0.0, Max: 0.1, Diff: 0.0, Sum: 0.3]
      [GC Worker Total (ms): Min: 132.6, Avg: 132.6, Max: 132.7, Diff: 0.1, Sum: 1061.0]
      [GC Worker End (ms): Min: 194102.6, Avg: 194102.6, Max: 194102.7, Diff: 0.0]
   [Code Root Fixup: 0.0 ms]
   [Code Root Purge: 0.0 ms]
   [Clear CT: 0.2 ms]
   [Other: 0.8 ms]
      [Choose CSet: 0.0 ms]
      [Ref Proc: 0.1 ms]
      [Ref Enq: 0.0 ms]
      [Redirty Cards: 0.2 ms]
      [Humongous Register: 0.1 ms]
      [Humongous Reclaim: 0.0 ms]
      [Free CSet: 0.2 ms]
   [Eden: 223.0M(223.0M)->0.0B(244.0M) Survivors: 32.0M->32.0M Heap: 794.5M(2048.0M)->796.5M(2048.0M)]
 [Times: user=1.13 sys=0.00, real=0.13 secs] 
2020-09-29T12:05:05.553+0200: 194.241: [GC pause (G1 Evacuation Pause) (young), 0.1864531 secs]
   [Parallel Time: 185.1 ms, GC Workers: 8]
      [GC Worker Start (ms): Min: 194241.2, Avg: 194241.2, Max: 194241.3, Diff: 0.2]
      [Ext Root Scanning (ms): Min: 0.0, Avg: 0.1, Max: 0.1, Diff: 0.1, Sum: 0.6]
      [Update RS (ms): Min: 16.2, Avg: 16.4, Max: 16.8, Diff: 0.7, Sum: 131.5]
         [Processed Buffers: Min: 17, Avg: 18.3, Max: 20, Diff: 3, Sum: 146]
      [Scan RS (ms): Min: 11.5, Avg: 12.5, Max: 15.9, Diff: 4.4, Sum: 99.6]
      [Code Root Scanning (ms): Min: 0.0, Avg: 0.0, Max: 0.0, Diff: 0.0, Sum: 0.0]
      [Object Copy (ms): Min: 152.3, Avg: 155.7, Max: 156.3, Diff: 4.0, Sum: 1246.0]
      [Termination (ms): Min: 0.0, Avg: 0.1, Max: 0.1, Diff: 0.1, Sum: 0.6]
         [Termination Attempts: Min: 1, Avg: 241.1, Max: 376, Diff: 375, Sum: 1929]
      [GC Worker Other (ms): Min: 0.0, Avg: 0.0, Max: 0.0, Diff: 0.0, Sum: 0.1]
      [GC Worker Total (ms): Min: 184.7, Avg: 184.8, Max: 184.9, Diff: 0.2, Sum: 1478.4]
      [GC Worker End (ms): Min: 194426.0, Avg: 194426.0, Max: 194426.1, Diff: 0.0]
   [Code Root Fixup: 0.0 ms]
   [Code Root Purge: 0.0 ms]
   [Clear CT: 0.3 ms]
   [Other: 1.0 ms]
      [Choose CSet: 0.0 ms]
      [Ref Proc: 0.2 ms]
      [Ref Enq: 0.0 ms]
      [Redirty Cards: 0.3 ms]
      [Humongous Register: 0.0 ms]
      [Humongous Reclaim: 0.0 ms]
      [Free CSet: 0.3 ms]
   [Eden: 244.0M(244.0M)->0.0B(237.0M) Survivors: 32.0M->35.0M Heap: 1080.6M(2048.0M)->1081.6M(2048.0M)]
 [Times: user=1.23 sys=0.00, real=0.19 secs] 
2020-09-29T12:05:05.751+0200: 194.439: [GC pause (G1 Humongous Allocation) (young) (initial-mark), 0.0549659 secs]
   [Parallel Time: 53.8 ms, GC Workers: 8]
      [GC Worker Start (ms): Min: 194439.3, Avg: 194439.4, Max: 194439.5, Diff: 0.2]
      [Ext Root Scanning (ms): Min: 0.0, Avg: 0.4, Max: 0.9, Diff: 0.9, Sum: 3.2]
      [Update RS (ms): Min: 35.0, Avg: 35.6, Max: 36.1, Diff: 1.0, Sum: 284.6]
         [Processed Buffers: Min: 29, Avg: 33.8, Max: 40, Diff: 11, Sum: 270]
      [Scan RS (ms): Min: 2.1, Avg: 2.3, Max: 2.5, Diff: 0.5, Sum: 18.1]
      [Code Root Scanning (ms): Min: 0.0, Avg: 0.0, Max: 0.0, Diff: 0.0, Sum: 0.0]
      [Object Copy (ms): Min: 15.3, Avg: 15.4, Max: 15.4, Diff: 0.1, Sum: 123.0]
      [Termination (ms): Min: 0.0, Avg: 0.0, Max: 0.0, Diff: 0.0, Sum: 0.0]
         [Termination Attempts: Min: 1, Avg: 16.0, Max: 22, Diff: 21, Sum: 128]
      [GC Worker Other (ms): Min: 0.0, Avg: 0.0, Max: 0.0, Diff: 0.0, Sum: 0.1]
      [GC Worker Total (ms): Min: 53.5, Avg: 53.6, Max: 53.7, Diff: 0.2, Sum: 429.1]
      [GC Worker End (ms): Min: 194493.0, Avg: 194493.0, Max: 194493.0, Diff: 0.0]
   [Code Root Fixup: 0.0 ms]
   [Code Root Purge: 0.0 ms]
   [Clear CT: 0.4 ms]
   [Other: 0.8 ms]
      [Choose CSet: 0.0 ms]
      [Ref Proc: 0.2 ms]
      [Ref Enq: 0.0 ms]
      [Redirty Cards: 0.2 ms]
      [Humongous Register: 0.1 ms]
      [Humongous Reclaim: 0.0 ms]
      [Free CSet: 0.1 ms]
   [Eden: 3072.0K(237.0M)->0.0B(284.0M) Survivors: 35.0M->5120.0K Heap: 1084.6M(2048.0M)->1088.6M(2048.0M)]
 [Times: user=0.47 sys=0.00, real=0.06 secs] 
2020-09-29T12:05:05.806+0200: 194.494: [GC concurrent-root-region-scan-start]
2020-09-29T12:05:05.807+0200: 194.495: [GC concurrent-root-region-scan-end, 0.0011400 secs]
2020-09-29T12:05:05.807+0200: 194.495: [GC concurrent-mark-start]
2020-09-29T12:05:05.811+0200: 194.498: [GC concurrent-mark-end, 0.0030920 secs]
2020-09-29T12:05:05.811+0200: 194.499: [GC remark 2020-09-29T12:05:05.811+0200: 194.499: [Finalize Marking, 0.0002026 secs] 2020-09-29T12:05:05.811+0200: 194.499: [GC ref-proc, 0.0002927 secs] 2020-09-29T12:05:05.811+0200: 194.499: [Unloading, 0.0004724 secs], 0.0013369 secs]
 [Times: user=0.00 sys=0.00, real=0.00 secs] 
2020-09-29T12:05:05.813+0200: 194.500: [GC cleanup 1098M->22M(2048M), 0.0017017 secs]
 [Times: user=0.00 sys=0.00, real=0.00 secs] 
2020-09-29T12:05:05.814+0200: 194.502: [GC concurrent-cleanup-start]
2020-09-29T12:05:05.816+0200: 194.504: [GC concurrent-cleanup-end, 0.0019648 secs]
2020-09-29T12:05:05.985+0200: 194.673: [GC pause (G1 Evacuation Pause) (young), 0.2123025 secs]
   [Parallel Time: 211.0 ms, GC Workers: 8]
      [GC Worker Start (ms): Min: 194673.4, Avg: 194673.5, Max: 194673.6, Diff: 0.2]
      [Ext Root Scanning (ms): Min: 0.0, Avg: 0.1, Max: 0.2, Diff: 0.2, Sum: 0.6]
      [Update RS (ms): Min: 19.5, Avg: 21.1, Max: 31.7, Diff: 12.2, Sum: 169.1]
         [Processed Buffers: Min: 0, Avg: 16.3, Max: 22, Diff: 22, Sum: 130]
      [Scan RS (ms): Min: 3.2, Avg: 17.3, Max: 42.0, Diff: 38.7, Sum: 138.1]
      [Code Root Scanning (ms): Min: 0.0, Avg: 0.0, Max: 0.0, Diff: 0.0, Sum: 0.0]
      [Object Copy (ms): Min: 148.9, Avg: 172.0, Max: 175.7, Diff: 26.8, Sum: 1376.1]
      [Termination (ms): Min: 0.0, Avg: 0.2, Max: 0.3, Diff: 0.3, Sum: 2.0]
         [Termination Attempts: Min: 1, Avg: 1609.3, Max: 2038, Diff: 2037, Sum: 12874]
      [GC Worker Other (ms): Min: 0.0, Avg: 0.0, Max: 0.1, Diff: 0.0, Sum: 0.3]
      [GC Worker Total (ms): Min: 210.7, Avg: 210.8, Max: 210.9, Diff: 0.2, Sum: 1686.3]
      [GC Worker End (ms): Min: 194884.3, Avg: 194884.3, Max: 194884.3, Diff: 0.0]
   [Code Root Fixup: 0.0 ms]
   [Code Root Purge: 0.0 ms]
   [Clear CT: 0.2 ms]
   [Other: 1.1 ms]
      [Choose CSet: 0.0 ms]
      [Ref Proc: 0.2 ms]
      [Ref Enq: 0.0 ms]
      [Redirty Cards: 0.3 ms]
      [Humongous Register: 0.0 ms]
      [Humongous Reclaim: 0.0 ms]
      [Free CSet: 0.3 ms]
   [Eden: 284.0M(284.0M)->0.0B(226.0M) Survivors: 5120.0K->37.0M Heap: 344.7M(2048.0M)->341.7M(2048.0M)]
 [Times: user=1.51 sys=0.00, real=0.21 secs] 
2020-09-29T12:05:06.348+0200: 195.035: [GC pause (G1 Evacuation Pause) (young), 0.1477579 secs]
   [Parallel Time: 146.7 ms, GC Workers: 8]
      [GC Worker Start (ms): Min: 195035.5, Avg: 195035.6, Max: 195035.7, Diff: 0.1]
      [Ext Root Scanning (ms): Min: 0.0, Avg: 0.1, Max: 0.2, Diff: 0.1, Sum: 0.6]
      [Update RS (ms): Min: 16.0, Avg: 16.1, Max: 16.7, Diff: 0.7, Sum: 128.9]
         [Processed Buffers: Min: 16, Avg: 17.1, Max: 18, Diff: 2, Sum: 137]
      [Scan RS (ms): Min: 11.1, Avg: 11.7, Max: 11.8, Diff: 0.7, Sum: 93.2]
      [Code Root Scanning (ms): Min: 0.0, Avg: 0.0, Max: 0.0, Diff: 0.0, Sum: 0.0]
      [Object Copy (ms): Min: 118.5, Avg: 118.6, Max: 118.7, Diff: 0.1, Sum: 948.8]
      [Termination (ms): Min: 0.0, Avg: 0.1, Max: 0.1, Diff: 0.1, Sum: 0.4]
         [Termination Attempts: Min: 1, Avg: 173.0, Max: 236, Diff: 235, Sum: 1384]
      [GC Worker Other (ms): Min: 0.0, Avg: 0.0, Max: 0.1, Diff: 0.0, Sum: 0.3]
      [GC Worker Total (ms): Min: 146.5, Avg: 146.5, Max: 146.6, Diff: 0.1, Sum: 1172.3]
      [GC Worker End (ms): Min: 195182.1, Avg: 195182.2, Max: 195182.2, Diff: 0.1]
   [Code Root Fixup: 0.0 ms]
   [Code Root Purge: 0.0 ms]
   [Clear CT: 0.2 ms]
   [Other: 0.9 ms]
      [Choose CSet: 0.0 ms]
      [Ref Proc: 0.2 ms]
      [Ref Enq: 0.0 ms]
      [Redirty Cards: 0.2 ms]
      [Humongous Register: 0.0 ms]
      [Humongous Reclaim: 0.0 ms]
      [Free CSet: 0.2 ms]
   [Eden: 226.0M(226.0M)->0.0B(244.0M) Survivors: 37.0M->33.0M Heap: 605.8M(2048.0M)->608.3M(2048.0M)]
 [Times: user=1.06 sys=0.00, real=0.15 secs] 
2020-09-29T12:05:06.642+0200: 195.330: [GC pause (G1 Evacuation Pause) (young), 0.1600126 secs]
   [Parallel Time: 158.8 ms, GC Workers: 8]
      [GC Worker Start (ms): Min: 195330.0, Avg: 195330.1, Max: 195330.1, Diff: 0.1]
      [Ext Root Scanning (ms): Min: 0.0, Avg: 0.1, Max: 0.1, Diff: 0.1, Sum: 0.7]
      [Update RS (ms): Min: 17.9, Avg: 18.3, Max: 18.6, Diff: 0.6, Sum: 146.0]
         [Processed Buffers: Min: 15, Avg: 16.9, Max: 20, Diff: 5, Sum: 135]
      [Scan RS (ms): Min: 14.4, Avg: 14.7, Max: 15.1, Diff: 0.7, Sum: 117.4]
      [Code Root Scanning (ms): Min: 0.0, Avg: 0.0, Max: 0.0, Diff: 0.0, Sum: 0.0]
      [Object Copy (ms): Min: 124.6, Avg: 125.3, Max: 125.7, Diff: 1.1, Sum: 1002.7]
      [Termination (ms): Min: 0.0, Avg: 0.3, Max: 0.6, Diff: 0.6, Sum: 2.1]
         [Termination Attempts: Min: 1, Avg: 1470.3, Max: 1898, Diff: 1897, Sum: 11762]
      [GC Worker Other (ms): Min: 0.0, Avg: 0.0, Max: 0.1, Diff: 0.0, Sum: 0.3]
      [GC Worker Total (ms): Min: 158.6, Avg: 158.7, Max: 158.7, Diff: 0.1, Sum: 1269.3]
      [GC Worker End (ms): Min: 195488.7, Avg: 195488.7, Max: 195488.8, Diff: 0.0]
   [Code Root Fixup: 0.0 ms]
   [Code Root Purge: 0.0 ms]
   [Clear CT: 0.2 ms]
   [Other: 1.0 ms]
      [Choose CSet: 0.0 ms]
      [Ref Proc: 0.2 ms]
      [Ref Enq: 0.0 ms]
      [Redirty Cards: 0.2 ms]
      [Humongous Register: 0.0 ms]
      [Humongous Reclaim: 0.0 ms]
      [Free CSet: 0.3 ms]
   [Eden: 244.0M(244.0M)->0.0B(251.0M) Survivors: 33.0M->35.0M Heap: 892.4M(2048.0M)->894.9M(2048.0M)]
 [Times: user=1.28 sys=0.00, real=0.16 secs] 
2020-09-29T12:05:06.952+0200: 195.640: [GC pause (G1 Evacuation Pause) (young), 0.1544674 secs]
   [Parallel Time: 153.3 ms, GC Workers: 8]
      [GC Worker Start (ms): Min: 195640.4, Avg: 195640.4, Max: 195640.5, Diff: 0.1]
      [Ext Root Scanning (ms): Min: 0.0, Avg: 0.1, Max: 0.1, Diff: 0.1, Sum: 0.6]
      [Update RS (ms): Min: 15.4, Avg: 15.7, Max: 16.1, Diff: 0.7, Sum: 125.8]
         [Processed Buffers: Min: 16, Avg: 17.5, Max: 20, Diff: 4, Sum: 140]
      [Scan RS (ms): Min: 13.4, Avg: 13.8, Max: 14.1, Diff: 0.7, Sum: 110.1]
      [Code Root Scanning (ms): Min: 0.0, Avg: 0.0, Max: 0.0, Diff: 0.0, Sum: 0.0]
      [Object Copy (ms): Min: 123.2, Avg: 123.4, Max: 123.5, Diff: 0.3, Sum: 986.8]
      [Termination (ms): Min: 0.0, Avg: 0.2, Max: 0.3, Diff: 0.3, Sum: 1.8]
         [Termination Attempts: Min: 1, Avg: 1441.1, Max: 1825, Diff: 1824, Sum: 11529]
      [GC Worker Other (ms): Min: 0.0, Avg: 0.0, Max: 0.1, Diff: 0.0, Sum: 0.3]
      [GC Worker Total (ms): Min: 153.1, Avg: 153.2, Max: 153.2, Diff: 0.1, Sum: 1225.5]
      [GC Worker End (ms): Min: 195793.6, Avg: 195793.6, Max: 195793.6, Diff: 0.0]
   [Code Root Fixup: 0.0 ms]
   [Code Root Purge: 0.0 ms]
   [Clear CT: 0.2 ms]
   [Other: 1.0 ms]
      [Choose CSet: 0.0 ms]
      [Ref Proc: 0.2 ms]
      [Ref Enq: 0.0 ms]
      [Redirty Cards: 0.2 ms]
      [Humongous Register: 0.0 ms]
      [Humongous Reclaim: 0.0 ms]
      [Free CSet: 0.3 ms]
   [Eden: 251.0M(251.0M)->0.0B(265.0M) Survivors: 35.0M->36.0M Heap: 1187.8M(2048.0M)->1189.8M(2048.0M)]
 [Times: user=1.20 sys=0.00, real=0.16 secs] 
2020-09-29T12:05:07.110+0200: 195.798: [GC pause (G1 Humongous Allocation) (young) (initial-mark), 0.0662760 secs]
   [Parallel Time: 65.3 ms, GC Workers: 8]
      [GC Worker Start (ms): Min: 195798.2, Avg: 195798.3, Max: 195798.4, Diff: 0.1]
      [Ext Root Scanning (ms): Min: 0.0, Avg: 1.3, Max: 9.1, Diff: 9.0, Sum: 10.0]
      [Update RS (ms): Min: 33.2, Avg: 41.2, Max: 42.6, Diff: 9.4, Sum: 329.2]
         [Processed Buffers: Min: 39, Avg: 45.8, Max: 52, Diff: 13, Sum: 366]
      [Scan RS (ms): Min: 0.0, Avg: 0.3, Max: 0.7, Diff: 0.7, Sum: 2.3]
      [Code Root Scanning (ms): Min: 0.0, Avg: 0.0, Max: 0.0, Diff: 0.0, Sum: 0.0]
      [Object Copy (ms): Min: 22.3, Avg: 22.4, Max: 22.5, Diff: 0.2, Sum: 179.4]
      [Termination (ms): Min: 0.0, Avg: 0.1, Max: 0.1, Diff: 0.1, Sum: 0.5]
         [Termination Attempts: Min: 1, Avg: 433.5, Max: 592, Diff: 591, Sum: 3468]
      [GC Worker Other (ms): Min: 0.0, Avg: 0.0, Max: 0.0, Diff: 0.0, Sum: 0.1]
      [GC Worker Total (ms): Min: 65.1, Avg: 65.2, Max: 65.2, Diff: 0.1, Sum: 521.6]
      [GC Worker End (ms): Min: 195863.5, Avg: 195863.5, Max: 195863.5, Diff: 0.0]
   [Code Root Fixup: 0.0 ms]
   [Code Root Purge: 0.0 ms]
   [Clear CT: 0.1 ms]
   [Other: 0.8 ms]
      [Choose CSet: 0.0 ms]
      [Ref Proc: 0.3 ms]
      [Ref Enq: 0.0 ms]
      [Redirty Cards: 0.2 ms]
      [Humongous Register: 0.1 ms]
      [Humongous Reclaim: 0.0 ms]
      [Free CSet: 0.1 ms]
   [Eden: 3072.0K(265.0M)->0.0B(271.0M) Survivors: 36.0M->4096.0K Heap: 1192.3M(2048.0M)->1195.8M(2048.0M)]
 [Times: user=0.61 sys=0.00, real=0.07 secs] 
2020-09-29T12:05:07.177+0200: 195.864: [GC concurrent-root-region-scan-start]
2020-09-29T12:05:07.177+0200: 195.865: [GC concurrent-root-region-scan-end, 0.0008390 secs]
2020-09-29T12:05:07.177+0200: 195.865: [GC concurrent-mark-start]
2020-09-29T12:05:07.181+0200: 195.869: [GC concurrent-mark-end, 0.0034023 secs]
2020-09-29T12:05:07.181+0200: 195.869: [GC remark 2020-09-29T12:05:07.181+0200: 195.869: [Finalize Marking, 0.0001786 secs] 2020-09-29T12:05:07.181+0200: 195.869: [GC ref-proc, 0.0002891 secs] 2020-09-29T12:05:07.182+0200: 195.869: [Unloading, 0.0005246 secs], 0.0013240 secs]
 [Times: user=0.00 sys=0.00, real=0.00 secs] 
2020-09-29T12:05:07.183+0200: 195.870: [GC cleanup 1205M->21M(2048M), 0.0014992 secs]
 [Times: user=0.00 sys=0.00, real=0.00 secs] 
2020-09-29T12:05:07.184+0200: 195.872: [GC concurrent-cleanup-start]
2020-09-29T12:05:07.186+0200: 195.874: [GC concurrent-cleanup-end, 0.0020805 secs]
2020-09-29T12:05:07.333+0200: 196.020: [GC pause (G1 Evacuation Pause) (young), 0.1477326 secs]
   [Parallel Time: 146.7 ms, GC Workers: 8]
      [GC Worker Start (ms): Min: 196020.6, Avg: 196020.7, Max: 196020.9, Diff: 0.3]
      [Ext Root Scanning (ms): Min: 0.0, Avg: 0.1, Max: 0.2, Diff: 0.2, Sum: 0.5]
      [Update RS (ms): Min: 17.9, Avg: 18.2, Max: 18.9, Diff: 1.0, Sum: 145.9]
         [Processed Buffers: Min: 16, Avg: 17.8, Max: 21, Diff: 5, Sum: 142]
      [Scan RS (ms): Min: 13.5, Avg: 14.1, Max: 14.6, Diff: 1.1, Sum: 113.0]
      [Code Root Scanning (ms): Min: 0.0, Avg: 0.0, Max: 0.0, Diff: 0.0, Sum: 0.0]
      [Object Copy (ms): Min: 113.8, Avg: 113.9, Max: 113.9, Diff: 0.1, Sum: 911.1]
      [Termination (ms): Min: 0.0, Avg: 0.1, Max: 0.1, Diff: 0.1, Sum: 0.4]
         [Termination Attempts: Min: 1, Avg: 127.0, Max: 184, Diff: 183, Sum: 1016]
      [GC Worker Other (ms): Min: 0.0, Avg: 0.0, Max: 0.1, Diff: 0.0, Sum: 0.1]
      [GC Worker Total (ms): Min: 146.2, Avg: 146.4, Max: 146.5, Diff: 0.3, Sum: 1171.0]
      [GC Worker End (ms): Min: 196167.1, Avg: 196167.1, Max: 196167.2, Diff: 0.1]
   [Code Root Fixup: 0.0 ms]
   [Code Root Purge: 0.0 ms]
   [Clear CT: 0.2 ms]
   [Other: 0.9 ms]
      [Choose CSet: 0.0 ms]
      [Ref Proc: 0.1 ms]
      [Ref Enq: 0.0 ms]
      [Redirty Cards: 0.3 ms]
      [Humongous Register: 0.0 ms]
      [Humongous Reclaim: 0.0 ms]
      [Free CSet: 0.2 ms]
   [Eden: 271.0M(271.0M)->0.0B(259.0M) Survivors: 4096.0K->35.0M Heap: 328.8M(2048.0M)->326.8M(2048.0M)]
 [Times: user=1.09 sys=0.02, real=0.15 secs] 
2020-09-29T12:05:07.621+0200: 196.309: [GC pause (G1 Evacuation Pause) (young), 0.1646403 secs]
   [Parallel Time: 163.5 ms, GC Workers: 8]
      [GC Worker Start (ms): Min: 196309.0, Avg: 196309.1, Max: 196309.2, Diff: 0.2]
      [Ext Root Scanning (ms): Min: 0.0, Avg: 0.1, Max: 0.1, Diff: 0.1, Sum: 0.5]
      [Update RS (ms): Min: 18.5, Avg: 18.7, Max: 19.0, Diff: 0.5, Sum: 149.3]
         [Processed Buffers: Min: 16, Avg: 19.3, Max: 22, Diff: 6, Sum: 154]
      [Scan RS (ms): Min: 15.0, Avg: 15.2, Max: 15.5, Diff: 0.5, Sum: 121.7]
      [Code Root Scanning (ms): Min: 0.0, Avg: 0.0, Max: 0.0, Diff: 0.0, Sum: 0.0]
      [Object Copy (ms): Min: 129.3, Avg: 129.4, Max: 129.4, Diff: 0.2, Sum: 1034.9]
      [Termination (ms): Min: 0.0, Avg: 0.0, Max: 0.0, Diff: 0.0, Sum: 0.1]
         [Termination Attempts: Min: 1, Avg: 91.3, Max: 139, Diff: 138, Sum: 730]
      [GC Worker Other (ms): Min: 0.0, Avg: 0.0, Max: 0.0, Diff: 0.0, Sum: 0.2]
      [GC Worker Total (ms): Min: 163.3, Avg: 163.3, Max: 163.4, Diff: 0.2, Sum: 1306.7]
      [GC Worker End (ms): Min: 196472.5, Avg: 196472.5, Max: 196472.5, Diff: 0.0]
   [Code Root Fixup: 0.0 ms]
   [Code Root Purge: 0.0 ms]
   [Clear CT: 0.2 ms]
   [Other: 0.9 ms]
      [Choose CSet: 0.0 ms]
      [Ref Proc: 0.2 ms]
      [Ref Enq: 0.0 ms]
      [Redirty Cards: 0.2 ms]
      [Humongous Register: 0.0 ms]
      [Humongous Reclaim: 0.0 ms]
      [Free CSet: 0.3 ms]
   [Eden: 259.0M(259.0M)->0.0B(264.0M) Survivors: 35.0M->37.0M Heap: 629.6M(2048.0M)->631.1M(2048.0M)]
 [Times: user=1.23 sys=0.01, real=0.16 secs] 
2020-09-29T12:05:07.945+0200: 196.632: [GC pause (G1 Evacuation Pause) (young), 0.1696715 secs]
   [Parallel Time: 168.3 ms, GC Workers: 8]
      [GC Worker Start (ms): Min: 196632.6, Avg: 196632.7, Max: 196632.8, Diff: 0.2]
      [Ext Root Scanning (ms): Min: 0.0, Avg: 0.1, Max: 0.2, Diff: 0.2, Sum: 0.6]
      [Update RS (ms): Min: 22.0, Avg: 22.1, Max: 22.7, Diff: 0.7, Sum: 177.2]
         [Processed Buffers: Min: 22, Avg: 24.9, Max: 27, Diff: 5, Sum: 199]
      [Scan RS (ms): Min: 13.2, Avg: 13.7, Max: 13.9, Diff: 0.7, Sum: 109.6]
      [Code Root Scanning (ms): Min: 0.0, Avg: 0.0, Max: 0.0, Diff: 0.0, Sum: 0.0]
      [Object Copy (ms): Min: 131.7, Avg: 131.9, Max: 132.1, Diff: 0.4, Sum: 1055.0]
      [Termination (ms): Min: 0.0, Avg: 0.3, Max: 0.4, Diff: 0.4, Sum: 2.2]
         [Termination Attempts: Min: 1, Avg: 1829.0, Max: 2536, Diff: 2535, Sum: 14632]
      [GC Worker Other (ms): Min: 0.0, Avg: 0.0, Max: 0.1, Diff: 0.1, Sum: 0.4]
      [GC Worker Total (ms): Min: 168.0, Avg: 168.1, Max: 168.2, Diff: 0.1, Sum: 1344.9]
      [GC Worker End (ms): Min: 196800.8, Avg: 196800.8, Max: 196800.8, Diff: 0.1]
   [Code Root Fixup: 0.0 ms]
   [Code Root Purge: 0.0 ms]
   [Clear CT: 0.2 ms]
   [Other: 1.2 ms]
      [Choose CSet: 0.0 ms]
      [Ref Proc: 0.3 ms]
      [Ref Enq: 0.0 ms]
      [Redirty Cards: 0.3 ms]
      [Humongous Register: 0.0 ms]
      [Humongous Reclaim: 0.0 ms]
      [Free CSet: 0.3 ms]
   [Eden: 264.0M(264.0M)->0.0B(269.0M) Survivors: 37.0M->38.0M Heap: 939.0M(2048.0M)->940.5M(2048.0M)]
 [Times: user=1.25 sys=0.00, real=0.17 secs] 
2020-09-29T12:05:08.168+0200: 196.856: [GC pause (G1 Humongous Allocation) (young) (initial-mark), 0.0756606 secs]
   [Parallel Time: 74.7 ms, GC Workers: 8]
      [GC Worker Start (ms): Min: 196856.6, Avg: 196856.7, Max: 196856.8, Diff: 0.2]
      [Ext Root Scanning (ms): Min: 0.0, Avg: 0.1, Max: 0.2, Diff: 0.2, Sum: 0.9]
      [Update RS (ms): Min: 20.8, Avg: 21.1, Max: 21.4, Diff: 0.6, Sum: 168.9]
         [Processed Buffers: Min: 8, Avg: 20.3, Max: 25, Diff: 17, Sum: 162]
      [Scan RS (ms): Min: 2.4, Avg: 2.7, Max: 3.0, Diff: 0.6, Sum: 21.3]
      [Code Root Scanning (ms): Min: 0.0, Avg: 0.0, Max: 0.0, Diff: 0.0, Sum: 0.0]
      [Object Copy (ms): Min: 50.3, Avg: 50.4, Max: 50.4, Diff: 0.1, Sum: 402.9]
      [Termination (ms): Min: 0.0, Avg: 0.0, Max: 0.1, Diff: 0.1, Sum: 0.3]
         [Termination Attempts: Min: 1, Avg: 51.8, Max: 68, Diff: 67, Sum: 414]
      [GC Worker Other (ms): Min: 0.0, Avg: 0.0, Max: 0.0, Diff: 0.0, Sum: 0.1]
      [GC Worker Total (ms): Min: 74.2, Avg: 74.3, Max: 74.4, Diff: 0.2, Sum: 594.4]
      [GC Worker End (ms): Min: 196931.0, Avg: 196931.0, Max: 196931.0, Diff: 0.0]
   [Code Root Fixup: 0.0 ms]
   [Code Root Purge: 0.0 ms]
   [Clear CT: 0.2 ms]
   [Other: 0.8 ms]
      [Choose CSet: 0.0 ms]
      [Ref Proc: 0.2 ms]
      [Ref Enq: 0.0 ms]
      [Redirty Cards: 0.2 ms]
      [Humongous Register: 0.1 ms]
      [Humongous Reclaim: 0.0 ms]
      [Free CSet: 0.1 ms]
   [Eden: 76.0M(269.0M)->0.0B(285.0M) Survivors: 38.0M->39.0M Heap: 1028.0M(2048.0M)->1030.0M(2048.0M)]
 [Times: user=0.59 sys=0.00, real=0.08 secs] 
2020-09-29T12:05:08.244+0200: 196.932: [GC concurrent-root-region-scan-start]
2020-09-29T12:05:08.258+0200: 196.946: [GC concurrent-root-region-scan-end, 0.0136860 secs]
2020-09-29T12:05:08.258+0200: 196.946: [GC concurrent-mark-start]
2020-09-29T12:05:08.260+0200: 196.948: [GC concurrent-mark-end, 0.0022805 secs]
2020-09-29T12:05:08.261+0200: 196.949: [GC remark 2020-09-29T12:05:08.261+0200: 196.949: [Finalize Marking, 0.0001929 secs] 2020-09-29T12:05:08.261+0200: 196.949: [GC ref-proc, 0.0002996 secs] 2020-09-29T12:05:08.261+0200: 196.949: [Unloading, 0.0004394 secs], 0.0011961 secs]
 [Times: user=0.00 sys=0.00, real=0.00 secs] 
2020-09-29T12:05:08.262+0200: 196.950: [GC cleanup 1065M->82M(2048M), 0.0011080 secs]
 [Times: user=0.00 sys=0.00, real=0.00 secs] 
2020-09-29T12:05:08.263+0200: 196.951: [GC concurrent-cleanup-start]
2020-09-29T12:05:08.265+0200: 196.953: [GC concurrent-cleanup-end, 0.0015020 secs]
2020-09-29T12:05:08.415+0200: 197.102: [GC pause (G1 Evacuation Pause) (young), 0.1642919 secs]
   [Parallel Time: 163.0 ms, GC Workers: 8]
      [GC Worker Start (ms): Min: 197102.5, Avg: 197102.6, Max: 197102.7, Diff: 0.2]
      [Ext Root Scanning (ms): Min: 0.0, Avg: 0.1, Max: 0.2, Diff: 0.2, Sum: 0.7]
      [Update RS (ms): Min: 21.5, Avg: 21.7, Max: 22.0, Diff: 0.5, Sum: 173.9]
         [Processed Buffers: Min: 6, Avg: 19.1, Max: 24, Diff: 18, Sum: 153]
      [Scan RS (ms): Min: 13.0, Avg: 13.3, Max: 13.6, Diff: 0.6, Sum: 106.8]
      [Code Root Scanning (ms): Min: 0.0, Avg: 0.0, Max: 0.0, Diff: 0.0, Sum: 0.0]
      [Object Copy (ms): Min: 127.5, Avg: 127.6, Max: 127.7, Diff: 0.2, Sum: 1020.9]
      [Termination (ms): Min: 0.0, Avg: 0.1, Max: 0.1, Diff: 0.1, Sum: 0.4]
         [Termination Attempts: Min: 1, Avg: 369.3, Max: 514, Diff: 513, Sum: 2954]
      [GC Worker Other (ms): Min: 0.0, Avg: 0.0, Max: 0.1, Diff: 0.1, Sum: 0.3]
      [GC Worker Total (ms): Min: 162.8, Avg: 162.9, Max: 162.9, Diff: 0.2, Sum: 1302.9]
      [GC Worker End (ms): Min: 197265.4, Avg: 197265.4, Max: 197265.5, Diff: 0.1]
   [Code Root Fixup: 0.0 ms]
   [Code Root Purge: 0.0 ms]
   [Clear CT: 0.2 ms]
   [Other: 1.1 ms]
      [Choose CSet: 0.0 ms]
      [Ref Proc: 0.2 ms]
      [Ref Enq: 0.0 ms]
      [Redirty Cards: 0.3 ms]
      [Humongous Register: 0.0 ms]
      [Humongous Reclaim: 0.0 ms]
      [Free CSet: 0.3 ms]
   [Eden: 285.0M(285.0M)->0.0B(288.0M) Survivors: 39.0M->41.0M Heap: 379.7M(2048.0M)->343.2M(2048.0M)]
 [Times: user=1.19 sys=0.00, real=0.16 secs] 
Heap
 garbage-first heap   total 2097152K, used 571086K [0x0000000080000000, 0x0000000080104000, 0x0000000100000000)
  region size 1024K, 226 young (231424K), 41 survivors (41984K)
 Metaspace       used 2594K, capacity 4486K, committed 4864K, reserved 1056768K
  class space    used 285K, capacity 386K, committed 512K, reserved 1048576K
