Java HotSpot(TM) 64-Bit Server VM (25.261-b12) for windows-amd64 JRE (1.8.0_261-b12), built on Jun 18 2020 06:56:32 by "" with unknown MS VC++:1916
Memory: 4k page, physical 16659684k(9345464k free), swap 23213284k(9222880k free)
CommandLine flags: -XX:InitialHeapSize=2147483648 -XX:MaxHeapSize=2147483648 -XX:+PrintGC -XX:+PrintGCDateStamps -XX:+PrintGCDetails -XX:+PrintGCTimeStamps -XX:+UseCompressedClassPointers -XX:+UseCompressedOops -XX:+UseG1GC -XX:-UseLargePagesIndividualAllocation 
2020-09-29T11:58:58.030+0200: 0.261: [GC pause (G1 Evacuation Pause) (young), 0.0667992 secs]
   [Parallel Time: 64.9 ms, GC Workers: 8]
      [GC Worker Start (ms): Min: 261.6, Avg: 261.7, Max: 261.8, Diff: 0.2]
      [Ext Root Scanning (ms): Min: 0.0, Avg: 0.1, Max: 0.2, Diff: 0.2, Sum: 0.9]
      [Update RS (ms): Min: 1.0, Avg: 1.4, Max: 1.9, Diff: 0.9, Sum: 11.2]
         [Processed Buffers: Min: 1, Avg: 1.8, Max: 3, Diff: 2, Sum: 14]
      [Scan RS (ms): Min: 8.7, Avg: 9.2, Max: 9.7, Diff: 1.0, Sum: 73.5]
      [Code Root Scanning (ms): Min: 0.0, Avg: 0.0, Max: 0.0, Diff: 0.0, Sum: 0.0]
      [Object Copy (ms): Min: 53.7, Avg: 53.8, Max: 53.9, Diff: 0.2, Sum: 430.4]
      [Termination (ms): Min: 0.0, Avg: 0.0, Max: 0.0, Diff: 0.0, Sum: 0.0]
         [Termination Attempts: Min: 1, Avg: 13.5, Max: 21, Diff: 20, Sum: 108]
      [GC Worker Other (ms): Min: 0.0, Avg: 0.1, Max: 0.1, Diff: 0.1, Sum: 0.4]
      [GC Worker Total (ms): Min: 64.5, Avg: 64.6, Max: 64.7, Diff: 0.2, Sum: 516.5]
      [GC Worker End (ms): Min: 326.2, Avg: 326.3, Max: 326.3, Diff: 0.0]
   [Code Root Fixup: 0.0 ms]
   [Code Root Purge: 0.0 ms]
   [Clear CT: 0.5 ms]
   [Other: 1.4 ms]
      [Choose CSet: 0.0 ms]
      [Ref Proc: 0.5 ms]
      [Ref Enq: 0.0 ms]
      [Redirty Cards: 0.6 ms]
      [Humongous Register: 0.0 ms]
      [Humongous Reclaim: 0.0 ms]
      [Free CSet: 0.1 ms]
   [Eden: 102.0M(102.0M)->0.0B(89.0M) Survivors: 0.0B->13.0M Heap: 119.2M(2048.0M)->118.9M(2048.0M)]
 [Times: user=0.42 sys=0.08, real=0.07 secs] 
2020-09-29T11:58:58.158+0200: 0.389: [GC pause (G1 Evacuation Pause) (young), 0.0619051 secs]
   [Parallel Time: 60.4 ms, GC Workers: 8]
      [GC Worker Start (ms): Min: 389.6, Avg: 389.8, Max: 389.8, Diff: 0.2]
      [Ext Root Scanning (ms): Min: 0.0, Avg: 0.1, Max: 0.2, Diff: 0.2, Sum: 0.6]
      [Update RS (ms): Min: 0.1, Avg: 0.6, Max: 1.0, Diff: 0.9, Sum: 5.0]
         [Processed Buffers: Min: 1, Avg: 1.5, Max: 2, Diff: 1, Sum: 12]
      [Scan RS (ms): Min: 8.1, Avg: 8.6, Max: 9.2, Diff: 1.1, Sum: 69.0]
      [Code Root Scanning (ms): Min: 0.0, Avg: 0.0, Max: 0.0, Diff: 0.0, Sum: 0.0]
      [Object Copy (ms): Min: 50.5, Avg: 50.6, Max: 50.8, Diff: 0.3, Sum: 405.1]
      [Termination (ms): Min: 0.0, Avg: 0.0, Max: 0.0, Diff: 0.0, Sum: 0.2]
         [Termination Attempts: Min: 1, Avg: 127.5, Max: 159, Diff: 158, Sum: 1020]
      [GC Worker Other (ms): Min: 0.0, Avg: 0.0, Max: 0.1, Diff: 0.0, Sum: 0.2]
      [GC Worker Total (ms): Min: 59.9, Avg: 60.0, Max: 60.2, Diff: 0.2, Sum: 480.1]
      [GC Worker End (ms): Min: 449.8, Avg: 449.8, Max: 449.8, Diff: 0.0]
   [Code Root Fixup: 0.0 ms]
   [Code Root Purge: 0.0 ms]
   [Clear CT: 0.4 ms]
   [Other: 1.2 ms]
      [Choose CSet: 0.0 ms]
      [Ref Proc: 0.4 ms]
      [Ref Enq: 0.0 ms]
      [Redirty Cards: 0.4 ms]
      [Humongous Register: 0.0 ms]
      [Humongous Reclaim: 0.0 ms]
      [Free CSet: 0.1 ms]
   [Eden: 89.0M(89.0M)->0.0B(89.0M) Survivors: 13.0M->13.0M Heap: 223.2M(2048.0M)->225.4M(2048.0M)]
 [Times: user=0.44 sys=0.06, real=0.06 secs] 
2020-09-29T11:58:58.277+0200: 0.508: [GC pause (G1 Evacuation Pause) (young), 0.0681348 secs]
   [Parallel Time: 67.3 ms, GC Workers: 8]
      [GC Worker Start (ms): Min: 508.5, Avg: 509.4, Max: 512.2, Diff: 3.7]
      [Ext Root Scanning (ms): Min: 0.0, Avg: 0.1, Max: 0.1, Diff: 0.1, Sum: 0.5]
      [Update RS (ms): Min: 0.0, Avg: 0.3, Max: 0.9, Diff: 0.9, Sum: 2.3]
         [Processed Buffers: Min: 0, Avg: 1.5, Max: 3, Diff: 3, Sum: 12]
      [Scan RS (ms): Min: 6.5, Avg: 9.0, Max: 9.8, Diff: 3.3, Sum: 72.1]
      [Code Root Scanning (ms): Min: 0.0, Avg: 0.0, Max: 0.0, Diff: 0.0, Sum: 0.0]
      [Object Copy (ms): Min: 56.8, Avg: 56.9, Max: 56.9, Diff: 0.1, Sum: 455.1]
      [Termination (ms): Min: 0.0, Avg: 0.0, Max: 0.0, Diff: 0.0, Sum: 0.1]
         [Termination Attempts: Min: 1, Avg: 50.8, Max: 66, Diff: 65, Sum: 406]
      [GC Worker Other (ms): Min: 0.0, Avg: 0.0, Max: 0.0, Diff: 0.0, Sum: 0.2]
      [GC Worker Total (ms): Min: 63.5, Avg: 66.3, Max: 67.1, Diff: 3.7, Sum: 530.3]
      [GC Worker End (ms): Min: 575.6, Avg: 575.6, Max: 575.7, Diff: 0.0]
   [Code Root Fixup: 0.0 ms]
   [Code Root Purge: 0.0 ms]
   [Clear CT: 0.2 ms]
   [Other: 0.7 ms]
      [Choose CSet: 0.0 ms]
      [Ref Proc: 0.2 ms]
      [Ref Enq: 0.0 ms]
      [Redirty Cards: 0.2 ms]
      [Humongous Register: 0.0 ms]
      [Humongous Reclaim: 0.0 ms]
      [Free CSet: 0.1 ms]
   [Eden: 89.0M(89.0M)->0.0B(89.0M) Survivors: 13.0M->13.0M Heap: 329.7M(2048.0M)->331.7M(2048.0M)]
 [Times: user=0.41 sys=0.08, real=0.07 secs] 
2020-09-29T11:58:58.416+0200: 0.647: [GC pause (G1 Evacuation Pause) (young), 0.0632611 secs]
   [Parallel Time: 62.4 ms, GC Workers: 8]
      [GC Worker Start (ms): Min: 647.6, Avg: 647.7, Max: 647.8, Diff: 0.2]
      [Ext Root Scanning (ms): Min: 0.0, Avg: 0.1, Max: 0.1, Diff: 0.1, Sum: 0.6]
      [Update RS (ms): Min: 1.0, Avg: 1.1, Max: 1.3, Diff: 0.3, Sum: 9.0]
         [Processed Buffers: Min: 1, Avg: 2.9, Max: 5, Diff: 4, Sum: 23]
      [Scan RS (ms): Min: 8.7, Avg: 8.9, Max: 9.2, Diff: 0.5, Sum: 71.4]
      [Code Root Scanning (ms): Min: 0.0, Avg: 0.0, Max: 0.0, Diff: 0.0, Sum: 0.0]
      [Object Copy (ms): Min: 51.9, Avg: 52.0, Max: 52.1, Diff: 0.2, Sum: 416.3]
      [Termination (ms): Min: 0.0, Avg: 0.0, Max: 0.0, Diff: 0.0, Sum: 0.1]
         [Termination Attempts: Min: 1, Avg: 85.8, Max: 121, Diff: 120, Sum: 686]
      [GC Worker Other (ms): Min: 0.0, Avg: 0.0, Max: 0.0, Diff: 0.0, Sum: 0.2]
      [GC Worker Total (ms): Min: 62.1, Avg: 62.2, Max: 62.3, Diff: 0.2, Sum: 497.8]
      [GC Worker End (ms): Min: 709.9, Avg: 709.9, Max: 709.9, Diff: 0.0]
   [Code Root Fixup: 0.0 ms]
   [Code Root Purge: 0.0 ms]
   [Clear CT: 0.2 ms]
   [Other: 0.7 ms]
      [Choose CSet: 0.0 ms]
      [Ref Proc: 0.2 ms]
      [Ref Enq: 0.0 ms]
      [Redirty Cards: 0.2 ms]
      [Humongous Register: 0.1 ms]
      [Humongous Reclaim: 0.0 ms]
      [Free CSet: 0.1 ms]
   [Eden: 89.0M(89.0M)->0.0B(89.0M) Survivors: 13.0M->13.0M Heap: 435.9M(2048.0M)->438.9M(2048.0M)]
 [Times: user=0.39 sys=0.11, real=0.06 secs] 
2020-09-29T11:58:58.540+0200: 0.771: [GC pause (G1 Evacuation Pause) (young), 0.0622792 secs]
   [Parallel Time: 61.4 ms, GC Workers: 8]
      [GC Worker Start (ms): Min: 771.0, Avg: 771.1, Max: 771.1, Diff: 0.1]
      [Ext Root Scanning (ms): Min: 0.0, Avg: 0.1, Max: 0.2, Diff: 0.1, Sum: 0.7]
      [Update RS (ms): Min: 1.1, Avg: 1.5, Max: 2.0, Diff: 0.9, Sum: 12.2]
         [Processed Buffers: Min: 1, Avg: 1.8, Max: 2, Diff: 1, Sum: 14]
      [Scan RS (ms): Min: 8.7, Avg: 9.2, Max: 9.6, Diff: 0.9, Sum: 73.4]
      [Code Root Scanning (ms): Min: 0.0, Avg: 0.0, Max: 0.0, Diff: 0.0, Sum: 0.0]
      [Object Copy (ms): Min: 50.3, Avg: 50.4, Max: 50.4, Diff: 0.1, Sum: 403.1]
      [Termination (ms): Min: 0.0, Avg: 0.0, Max: 0.0, Diff: 0.0, Sum: 0.1]
         [Termination Attempts: Min: 1, Avg: 81.0, Max: 109, Diff: 108, Sum: 648]
      [GC Worker Other (ms): Min: 0.0, Avg: 0.0, Max: 0.1, Diff: 0.0, Sum: 0.2]
      [GC Worker Total (ms): Min: 61.2, Avg: 61.2, Max: 61.3, Diff: 0.1, Sum: 489.7]
      [GC Worker End (ms): Min: 832.3, Avg: 832.3, Max: 832.3, Diff: 0.0]
   [Code Root Fixup: 0.0 ms]
   [Code Root Purge: 0.0 ms]
   [Clear CT: 0.2 ms]
   [Other: 0.7 ms]
      [Choose CSet: 0.0 ms]
      [Ref Proc: 0.2 ms]
      [Ref Enq: 0.0 ms]
      [Redirty Cards: 0.2 ms]
      [Humongous Register: 0.0 ms]
      [Humongous Reclaim: 0.0 ms]
      [Free CSet: 0.1 ms]
   [Eden: 89.0M(89.0M)->0.0B(89.0M) Survivors: 13.0M->13.0M Heap: 541.3M(2048.0M)->542.8M(2048.0M)]
 [Times: user=0.45 sys=0.05, real=0.06 secs] 
2020-09-29T11:58:58.660+0200: 0.891: [GC pause (G1 Evacuation Pause) (young), 0.0604962 secs]
   [Parallel Time: 59.7 ms, GC Workers: 8]
      [GC Worker Start (ms): Min: 891.3, Avg: 891.4, Max: 891.5, Diff: 0.2]
      [Ext Root Scanning (ms): Min: 0.0, Avg: 0.1, Max: 0.2, Diff: 0.2, Sum: 0.5]
      [Update RS (ms): Min: 0.8, Avg: 1.0, Max: 1.4, Diff: 0.6, Sum: 7.7]
         [Processed Buffers: Min: 1, Avg: 1.9, Max: 2, Diff: 1, Sum: 15]
      [Scan RS (ms): Min: 7.9, Avg: 8.2, Max: 8.3, Diff: 0.4, Sum: 65.3]
      [Code Root Scanning (ms): Min: 0.0, Avg: 0.0, Max: 0.0, Diff: 0.0, Sum: 0.0]
      [Object Copy (ms): Min: 50.0, Avg: 50.2, Max: 50.3, Diff: 0.3, Sum: 401.7]
      [Termination (ms): Min: 0.0, Avg: 0.1, Max: 0.1, Diff: 0.1, Sum: 0.8]
         [Termination Attempts: Min: 1, Avg: 545.1, Max: 679, Diff: 678, Sum: 4361]
      [GC Worker Other (ms): Min: 0.0, Avg: 0.0, Max: 0.1, Diff: 0.0, Sum: 0.3]
      [GC Worker Total (ms): Min: 59.5, Avg: 59.5, Max: 59.6, Diff: 0.2, Sum: 476.2]
      [GC Worker End (ms): Min: 950.9, Avg: 951.0, Max: 951.0, Diff: 0.0]
   [Code Root Fixup: 0.0 ms]
   [Code Root Purge: 0.0 ms]
   [Clear CT: 0.2 ms]
   [Other: 0.6 ms]
      [Choose CSet: 0.0 ms]
      [Ref Proc: 0.2 ms]
      [Ref Enq: 0.0 ms]
      [Redirty Cards: 0.2 ms]
      [Humongous Register: 0.0 ms]
      [Humongous Reclaim: 0.0 ms]
      [Free CSet: 0.1 ms]
   [Eden: 89.0M(89.0M)->0.0B(89.0M) Survivors: 13.0M->13.0M Heap: 647.1M(2048.0M)->649.1M(2048.0M)]
 [Times: user=0.41 sys=0.09, real=0.06 secs] 
2020-09-29T11:58:58.780+0200: 1.012: [GC pause (G1 Evacuation Pause) (young), 0.0584280 secs]
   [Parallel Time: 57.5 ms, GC Workers: 8]
      [GC Worker Start (ms): Min: 1011.7, Avg: 1011.8, Max: 1011.8, Diff: 0.2]
      [Ext Root Scanning (ms): Min: 0.0, Avg: 0.0, Max: 0.1, Diff: 0.1, Sum: 0.4]
      [Update RS (ms): Min: 0.8, Avg: 0.8, Max: 0.9, Diff: 0.1, Sum: 6.8]
         [Processed Buffers: Min: 1, Avg: 2.0, Max: 7, Diff: 6, Sum: 16]
      [Scan RS (ms): Min: 8.1, Avg: 8.2, Max: 8.3, Diff: 0.2, Sum: 65.8]
      [Code Root Scanning (ms): Min: 0.0, Avg: 0.0, Max: 0.0, Diff: 0.0, Sum: 0.0]
      [Object Copy (ms): Min: 48.0, Avg: 48.1, Max: 48.2, Diff: 0.2, Sum: 385.0]
      [Termination (ms): Min: 0.0, Avg: 0.0, Max: 0.0, Diff: 0.0, Sum: 0.2]
         [Termination Attempts: Min: 1, Avg: 208.4, Max: 305, Diff: 304, Sum: 1667]
      [GC Worker Other (ms): Min: 0.0, Avg: 0.0, Max: 0.1, Diff: 0.0, Sum: 0.2]
      [GC Worker Total (ms): Min: 57.2, Avg: 57.3, Max: 57.4, Diff: 0.1, Sum: 458.4]
      [GC Worker End (ms): Min: 1069.0, Avg: 1069.1, Max: 1069.1, Diff: 0.0]
   [Code Root Fixup: 0.0 ms]
   [Code Root Purge: 0.0 ms]
   [Clear CT: 0.2 ms]
   [Other: 0.7 ms]
      [Choose CSet: 0.0 ms]
      [Ref Proc: 0.3 ms]
      [Ref Enq: 0.0 ms]
      [Redirty Cards: 0.1 ms]
      [Humongous Register: 0.0 ms]
      [Humongous Reclaim: 0.0 ms]
      [Free CSet: 0.1 ms]
   [Eden: 89.0M(89.0M)->0.0B(89.0M) Survivors: 13.0M->13.0M Heap: 753.3M(2048.0M)->755.3M(2048.0M)]
 [Times: user=0.44 sys=0.05, real=0.06 secs] 
2020-09-29T11:58:58.891+0200: 1.123: [GC pause (G1 Evacuation Pause) (young), 0.0571722 secs]
   [Parallel Time: 56.4 ms, GC Workers: 8]
      [GC Worker Start (ms): Min: 1122.6, Avg: 1122.7, Max: 1122.8, Diff: 0.2]
      [Ext Root Scanning (ms): Min: 0.0, Avg: 0.1, Max: 0.2, Diff: 0.2, Sum: 0.5]
      [Update RS (ms): Min: 1.0, Avg: 1.1, Max: 1.4, Diff: 0.4, Sum: 9.1]
         [Processed Buffers: Min: 2, Avg: 2.9, Max: 3, Diff: 1, Sum: 23]
      [Scan RS (ms): Min: 7.6, Avg: 8.0, Max: 8.3, Diff: 0.7, Sum: 63.7]
      [Code Root Scanning (ms): Min: 0.0, Avg: 0.0, Max: 0.0, Diff: 0.0, Sum: 0.0]
      [Object Copy (ms): Min: 46.8, Avg: 47.0, Max: 47.1, Diff: 0.3, Sum: 375.7]
      [Termination (ms): Min: 0.0, Avg: 0.0, Max: 0.0, Diff: 0.0, Sum: 0.1]
         [Termination Attempts: Min: 1, Avg: 46.9, Max: 64, Diff: 63, Sum: 375]
      [GC Worker Other (ms): Min: 0.0, Avg: 0.0, Max: 0.0, Diff: 0.0, Sum: 0.2]
      [GC Worker Total (ms): Min: 56.1, Avg: 56.2, Max: 56.3, Diff: 0.1, Sum: 449.3]
      [GC Worker End (ms): Min: 1178.9, Avg: 1178.9, Max: 1178.9, Diff: 0.0]
   [Code Root Fixup: 0.0 ms]
   [Code Root Purge: 0.0 ms]
   [Clear CT: 0.2 ms]
   [Other: 0.6 ms]
      [Choose CSet: 0.0 ms]
      [Ref Proc: 0.2 ms]
      [Ref Enq: 0.0 ms]
      [Redirty Cards: 0.1 ms]
      [Humongous Register: 0.0 ms]
      [Humongous Reclaim: 0.0 ms]
      [Free CSet: 0.1 ms]
   [Eden: 89.0M(89.0M)->0.0B(89.0M) Survivors: 13.0M->13.0M Heap: 859.6M(2048.0M)->861.1M(2048.0M)]
 [Times: user=0.33 sys=0.14, real=0.06 secs] 
2020-09-29T11:58:58.998+0200: 1.229: [GC pause (G1 Evacuation Pause) (young), 0.0588454 secs]
   [Parallel Time: 58.1 ms, GC Workers: 8]
      [GC Worker Start (ms): Min: 1229.0, Avg: 1229.1, Max: 1229.2, Diff: 0.2]
      [Ext Root Scanning (ms): Min: 0.0, Avg: 0.1, Max: 0.1, Diff: 0.1, Sum: 0.7]
      [Update RS (ms): Min: 2.1, Avg: 2.3, Max: 2.6, Diff: 0.5, Sum: 18.1]
         [Processed Buffers: Min: 2, Avg: 4.0, Max: 6, Diff: 4, Sum: 32]
      [Scan RS (ms): Min: 7.3, Avg: 7.7, Max: 7.9, Diff: 0.7, Sum: 61.7]
      [Code Root Scanning (ms): Min: 0.0, Avg: 0.0, Max: 0.0, Diff: 0.0, Sum: 0.0]
      [Object Copy (ms): Min: 47.7, Avg: 47.9, Max: 47.9, Diff: 0.2, Sum: 382.8]
      [Termination (ms): Min: 0.0, Avg: 0.0, Max: 0.0, Diff: 0.0, Sum: 0.1]
         [Termination Attempts: Min: 1, Avg: 48.0, Max: 61, Diff: 60, Sum: 384]
      [GC Worker Other (ms): Min: 0.0, Avg: 0.0, Max: 0.0, Diff: 0.0, Sum: 0.2]
      [GC Worker Total (ms): Min: 57.8, Avg: 57.9, Max: 58.0, Diff: 0.2, Sum: 463.6]
      [GC Worker End (ms): Min: 1287.0, Avg: 1287.0, Max: 1287.0, Diff: 0.0]
   [Code Root Fixup: 0.0 ms]
   [Code Root Purge: 0.0 ms]
   [Clear CT: 0.1 ms]
   [Other: 0.6 ms]
      [Choose CSet: 0.0 ms]
      [Ref Proc: 0.1 ms]
      [Ref Enq: 0.0 ms]
      [Redirty Cards: 0.2 ms]
      [Humongous Register: 0.0 ms]
      [Humongous Reclaim: 0.0 ms]
      [Free CSet: 0.1 ms]
   [Eden: 89.0M(89.0M)->0.0B(89.0M) Survivors: 13.0M->13.0M Heap: 965.3M(2048.0M)->967.8M(2048.0M)]
 [Times: user=0.44 sys=0.06, real=0.06 secs] 
2020-09-29T11:58:59.065+0200: 1.296: [GC pause (G1 Humongous Allocation) (young) (initial-mark), 0.0173605 secs]
   [Parallel Time: 16.6 ms, GC Workers: 8]
      [GC Worker Start (ms): Min: 1296.0, Avg: 1296.0, Max: 1296.1, Diff: 0.1]
      [Ext Root Scanning (ms): Min: 0.0, Avg: 0.1, Max: 0.1, Diff: 0.1, Sum: 0.6]
      [Update RS (ms): Min: 3.2, Avg: 3.5, Max: 3.8, Diff: 0.6, Sum: 28.0]
         [Processed Buffers: Min: 4, Avg: 5.4, Max: 7, Diff: 3, Sum: 43]
      [Scan RS (ms): Min: 0.4, Avg: 0.8, Max: 1.1, Diff: 0.6, Sum: 6.2]
      [Code Root Scanning (ms): Min: 0.0, Avg: 0.0, Max: 0.0, Diff: 0.0, Sum: 0.0]
      [Object Copy (ms): Min: 12.1, Avg: 12.2, Max: 12.2, Diff: 0.1, Sum: 97.3]
      [Termination (ms): Min: 0.0, Avg: 0.0, Max: 0.0, Diff: 0.0, Sum: 0.1]
         [Termination Attempts: Min: 1, Avg: 90.1, Max: 124, Diff: 123, Sum: 721]
      [GC Worker Other (ms): Min: 0.0, Avg: 0.0, Max: 0.0, Diff: 0.0, Sum: 0.1]
      [GC Worker Total (ms): Min: 16.5, Avg: 16.6, Max: 16.6, Diff: 0.1, Sum: 132.4]
      [GC Worker End (ms): Min: 1312.6, Avg: 1312.6, Max: 1312.6, Diff: 0.0]
   [Code Root Fixup: 0.0 ms]
   [Code Root Purge: 0.0 ms]
   [Clear CT: 0.1 ms]
   [Other: 0.6 ms]
      [Choose CSet: 0.0 ms]
      [Ref Proc: 0.2 ms]
      [Ref Enq: 0.0 ms]
      [Redirty Cards: 0.1 ms]
      [Humongous Register: 0.0 ms]
      [Humongous Reclaim: 0.0 ms]
      [Free CSet: 0.0 ms]
   [Eden: 12.0M(89.0M)->0.0B(104.0M) Survivors: 13.0M->13.0M Heap: 979.3M(2048.0M)->982.8M(2048.0M)]
 [Times: user=0.13 sys=0.00, real=0.02 secs] 
2020-09-29T11:58:59.082+0200: 1.313: [GC concurrent-root-region-scan-start]
2020-09-29T11:58:59.085+0200: 1.317: [GC concurrent-root-region-scan-end, 0.0033148 secs]
2020-09-29T11:58:59.086+0200: 1.317: [GC concurrent-mark-start]
2020-09-29T11:58:59.089+0200: 1.320: [GC concurrent-mark-end, 0.0030024 secs]
2020-09-29T11:58:59.089+0200: 1.320: [GC remark 2020-09-29T11:58:59.089+0200: 1.320: [Finalize Marking, 0.0001796 secs] 2020-09-29T11:58:59.089+0200: 1.320: [GC ref-proc, 0.0002556 secs] 2020-09-29T11:58:59.089+0200: 1.320: [Unloading, 0.0003947 secs], 0.0011302 secs]
 [Times: user=0.00 sys=0.00, real=0.00 secs] 
2020-09-29T11:58:59.090+0200: 1.321: [GC cleanup 996M->32M(2048M), 0.0010428 secs]
 [Times: user=0.00 sys=0.00, real=0.00 secs] 
2020-09-29T11:58:59.091+0200: 1.322: [GC concurrent-cleanup-start]
2020-09-29T11:58:59.092+0200: 1.324: [GC concurrent-cleanup-end, 0.0012684 secs]
2020-09-29T11:58:59.140+0200: 1.372: [GC pause (G1 Evacuation Pause) (young), 0.0532094 secs]
   [Parallel Time: 52.4 ms, GC Workers: 8]
      [GC Worker Start (ms): Min: 1371.7, Avg: 1371.7, Max: 1371.8, Diff: 0.1]
      [Ext Root Scanning (ms): Min: 0.0, Avg: 0.1, Max: 0.1, Diff: 0.1, Sum: 0.6]
      [Update RS (ms): Min: 1.7, Avg: 1.9, Max: 2.2, Diff: 0.5, Sum: 15.0]
         [Processed Buffers: Min: 2, Avg: 4.0, Max: 8, Diff: 6, Sum: 32]
      [Scan RS (ms): Min: 7.8, Avg: 8.1, Max: 8.3, Diff: 0.5, Sum: 64.5]
      [Code Root Scanning (ms): Min: 0.0, Avg: 0.0, Max: 0.0, Diff: 0.0, Sum: 0.0]
      [Object Copy (ms): Min: 42.1, Avg: 42.3, Max: 42.3, Diff: 0.2, Sum: 338.0]
      [Termination (ms): Min: 0.0, Avg: 0.0, Max: 0.0, Diff: 0.0, Sum: 0.0]
         [Termination Attempts: Min: 1, Avg: 21.4, Max: 30, Diff: 29, Sum: 171]
      [GC Worker Other (ms): Min: 0.0, Avg: 0.0, Max: 0.0, Diff: 0.0, Sum: 0.2]
      [GC Worker Total (ms): Min: 52.3, Avg: 52.3, Max: 52.3, Diff: 0.1, Sum: 418.4]
      [GC Worker End (ms): Min: 1424.0, Avg: 1424.0, Max: 1424.1, Diff: 0.0]
   [Code Root Fixup: 0.0 ms]
   [Code Root Purge: 0.0 ms]
   [Clear CT: 0.2 ms]
   [Other: 0.6 ms]
      [Choose CSet: 0.0 ms]
      [Ref Proc: 0.2 ms]
      [Ref Enq: 0.0 ms]
      [Redirty Cards: 0.2 ms]
      [Humongous Register: 0.0 ms]
      [Humongous Reclaim: 0.0 ms]
      [Free CSet: 0.1 ms]
   [Eden: 104.0M(104.0M)->0.0B(125.0M) Survivors: 13.0M->15.0M Heap: 142.1M(2048.0M)->130.6M(2048.0M)]
 [Times: user=0.48 sys=0.02, real=0.05 secs] 
2020-09-29T11:58:59.261+0200: 1.493: [GC pause (G1 Evacuation Pause) (young), 0.0721091 secs]
   [Parallel Time: 71.1 ms, GC Workers: 8]
      [GC Worker Start (ms): Min: 1492.7, Avg: 1492.7, Max: 1492.8, Diff: 0.1]
      [Ext Root Scanning (ms): Min: 0.0, Avg: 0.1, Max: 0.1, Diff: 0.1, Sum: 0.6]
      [Update RS (ms): Min: 2.0, Avg: 2.2, Max: 2.5, Diff: 0.5, Sum: 18.0]
         [Processed Buffers: Min: 3, Avg: 4.5, Max: 6, Diff: 3, Sum: 36]
      [Scan RS (ms): Min: 11.0, Avg: 11.2, Max: 11.5, Diff: 0.4, Sum: 89.6]
      [Code Root Scanning (ms): Min: 0.0, Avg: 0.0, Max: 0.0, Diff: 0.0, Sum: 0.0]
      [Object Copy (ms): Min: 57.2, Avg: 57.3, Max: 57.5, Diff: 0.2, Sum: 458.7]
      [Termination (ms): Min: 0.0, Avg: 0.0, Max: 0.0, Diff: 0.0, Sum: 0.3]
         [Termination Attempts: Min: 1, Avg: 192.9, Max: 234, Diff: 233, Sum: 1543]
      [GC Worker Other (ms): Min: 0.0, Avg: 0.0, Max: 0.0, Diff: 0.0, Sum: 0.1]
      [GC Worker Total (ms): Min: 70.8, Avg: 70.9, Max: 71.0, Diff: 0.1, Sum: 567.3]
      [GC Worker End (ms): Min: 1563.7, Avg: 1563.7, Max: 1563.7, Diff: 0.0]
   [Code Root Fixup: 0.0 ms]
   [Code Root Purge: 0.0 ms]
   [Clear CT: 0.2 ms]
   [Other: 0.8 ms]
      [Choose CSet: 0.0 ms]
      [Ref Proc: 0.1 ms]
      [Ref Enq: 0.0 ms]
      [Redirty Cards: 0.3 ms]
      [Humongous Register: 0.0 ms]
      [Humongous Reclaim: 0.0 ms]
      [Free CSet: 0.1 ms]
   [Eden: 125.0M(125.0M)->0.0B(139.0M) Survivors: 15.0M->18.0M Heap: 276.6M(2048.0M)->279.6M(2048.0M)]
 [Times: user=0.61 sys=0.02, real=0.07 secs] 
2020-09-29T11:58:59.415+0200: 1.646: [GC pause (G1 Evacuation Pause) (young), 0.0886962 secs]
   [Parallel Time: 87.5 ms, GC Workers: 8]
      [GC Worker Start (ms): Min: 1646.0, Avg: 1646.1, Max: 1646.2, Diff: 0.2]
      [Ext Root Scanning (ms): Min: 0.0, Avg: 0.1, Max: 0.2, Diff: 0.2, Sum: 0.5]
      [Update RS (ms): Min: 1.8, Avg: 2.0, Max: 2.7, Diff: 0.9, Sum: 16.3]
         [Processed Buffers: Min: 2, Avg: 3.9, Max: 8, Diff: 6, Sum: 31]
      [Scan RS (ms): Min: 13.7, Avg: 14.4, Max: 14.7, Diff: 1.0, Sum: 115.1]
      [Code Root Scanning (ms): Min: 0.0, Avg: 0.0, Max: 0.0, Diff: 0.0, Sum: 0.0]
      [Object Copy (ms): Min: 70.4, Avg: 70.6, Max: 70.7, Diff: 0.3, Sum: 564.7]
      [Termination (ms): Min: 0.0, Avg: 0.1, Max: 0.2, Diff: 0.2, Sum: 1.1]
         [Termination Attempts: Min: 1, Avg: 919.1, Max: 1184, Diff: 1183, Sum: 7353]
      [GC Worker Other (ms): Min: 0.0, Avg: 0.0, Max: 0.0, Diff: 0.0, Sum: 0.2]
      [GC Worker Total (ms): Min: 87.2, Avg: 87.2, Max: 87.3, Diff: 0.2, Sum: 697.9]
      [GC Worker End (ms): Min: 1733.4, Avg: 1733.4, Max: 1733.4, Diff: 0.0]
   [Code Root Fixup: 0.0 ms]
   [Code Root Purge: 0.0 ms]
   [Clear CT: 0.3 ms]
   [Other: 0.9 ms]
      [Choose CSet: 0.0 ms]
      [Ref Proc: 0.3 ms]
      [Ref Enq: 0.0 ms]
      [Redirty Cards: 0.3 ms]
      [Humongous Register: 0.0 ms]
      [Humongous Reclaim: 0.0 ms]
      [Free CSet: 0.1 ms]
   [Eden: 139.0M(139.0M)->0.0B(152.0M) Survivors: 18.0M->20.0M Heap: 441.4M(2048.0M)->443.4M(2048.0M)]
 [Times: user=0.58 sys=0.05, real=0.09 secs] 
2020-09-29T11:58:59.578+0200: 1.809: [GC pause (G1 Evacuation Pause) (young), 0.0860666 secs]
   [Parallel Time: 85.2 ms, GC Workers: 8]
      [GC Worker Start (ms): Min: 1809.4, Avg: 1809.5, Max: 1809.5, Diff: 0.1]
      [Ext Root Scanning (ms): Min: 0.0, Avg: 0.1, Max: 0.1, Diff: 0.1, Sum: 0.6]
      [Update RS (ms): Min: 1.7, Avg: 1.8, Max: 2.3, Diff: 0.6, Sum: 14.7]
         [Processed Buffers: Min: 3, Avg: 3.4, Max: 6, Diff: 3, Sum: 27]
      [Scan RS (ms): Min: 14.1, Avg: 14.4, Max: 14.5, Diff: 0.5, Sum: 115.4]
      [Code Root Scanning (ms): Min: 0.0, Avg: 0.0, Max: 0.0, Diff: 0.0, Sum: 0.0]
      [Object Copy (ms): Min: 68.6, Avg: 68.7, Max: 68.8, Diff: 0.2, Sum: 549.7]
      [Termination (ms): Min: 0.0, Avg: 0.0, Max: 0.0, Diff: 0.0, Sum: 0.0]
         [Termination Attempts: Min: 1, Avg: 14.0, Max: 20, Diff: 19, Sum: 112]
      [GC Worker Other (ms): Min: 0.0, Avg: 0.0, Max: 0.0, Diff: 0.0, Sum: 0.2]
      [GC Worker Total (ms): Min: 85.0, Avg: 85.1, Max: 85.1, Diff: 0.1, Sum: 680.6]
      [GC Worker End (ms): Min: 1894.5, Avg: 1894.5, Max: 1894.6, Diff: 0.0]
   [Code Root Fixup: 0.0 ms]
   [Code Root Purge: 0.0 ms]
   [Clear CT: 0.1 ms]
   [Other: 0.7 ms]
      [Choose CSet: 0.0 ms]
      [Ref Proc: 0.2 ms]
      [Ref Enq: 0.0 ms]
      [Redirty Cards: 0.2 ms]
      [Humongous Register: 0.0 ms]
      [Humongous Reclaim: 0.0 ms]
      [Free CSet: 0.1 ms]
   [Eden: 152.0M(152.0M)->0.0B(169.0M) Survivors: 20.0M->22.0M Heap: 620.2M(2048.0M)->621.7M(2048.0M)]
 [Times: user=0.67 sys=0.08, real=0.09 secs] 
2020-09-29T11:58:59.745+0200: 1.976: [GC pause (G1 Evacuation Pause) (young), 0.1072406 secs]
   [Parallel Time: 106.1 ms, GC Workers: 8]
      [GC Worker Start (ms): Min: 1975.8, Avg: 1976.0, Max: 1976.0, Diff: 0.2]
      [Ext Root Scanning (ms): Min: 0.0, Avg: 0.1, Max: 0.2, Diff: 0.2, Sum: 0.6]
      [Update RS (ms): Min: 2.1, Avg: 2.4, Max: 2.8, Diff: 0.6, Sum: 19.1]
         [Processed Buffers: Min: 3, Avg: 4.5, Max: 7, Diff: 4, Sum: 36]
      [Scan RS (ms): Min: 15.9, Avg: 16.3, Max: 16.6, Diff: 0.7, Sum: 130.2]
      [Code Root Scanning (ms): Min: 0.0, Avg: 0.0, Max: 0.0, Diff: 0.0, Sum: 0.0]
      [Object Copy (ms): Min: 86.9, Avg: 87.0, Max: 87.1, Diff: 0.3, Sum: 695.8]
      [Termination (ms): Min: 0.0, Avg: 0.2, Max: 0.3, Diff: 0.3, Sum: 1.6]
         [Termination Attempts: Min: 1, Avg: 1353.1, Max: 1857, Diff: 1856, Sum: 10825]
      [GC Worker Other (ms): Min: 0.0, Avg: 0.0, Max: 0.1, Diff: 0.1, Sum: 0.2]
      [GC Worker Total (ms): Min: 105.9, Avg: 105.9, Max: 106.0, Diff: 0.2, Sum: 847.5]
      [GC Worker End (ms): Min: 2081.9, Avg: 2081.9, Max: 2081.9, Diff: 0.1]
   [Code Root Fixup: 0.0 ms]
   [Code Root Purge: 0.0 ms]
   [Clear CT: 0.2 ms]
   [Other: 0.9 ms]
      [Choose CSet: 0.0 ms]
      [Ref Proc: 0.2 ms]
      [Ref Enq: 0.0 ms]
      [Redirty Cards: 0.4 ms]
      [Humongous Register: 0.0 ms]
      [Humongous Reclaim: 0.0 ms]
      [Free CSet: 0.1 ms]
   [Eden: 169.0M(169.0M)->0.0B(181.0M) Survivors: 22.0M->24.0M Heap: 819.3M(2048.0M)->821.3M(2048.0M)]
 [Times: user=0.78 sys=0.06, real=0.11 secs] 
2020-09-29T11:58:59.945+0200: 2.176: [GC pause (G1 Evacuation Pause) (young), 0.1071077 secs]
   [Parallel Time: 105.7 ms, GC Workers: 8]
      [GC Worker Start (ms): Min: 2176.2, Avg: 2176.3, Max: 2176.4, Diff: 0.2]
      [Ext Root Scanning (ms): Min: 0.0, Avg: 0.1, Max: 0.2, Diff: 0.2, Sum: 0.6]
      [Update RS (ms): Min: 2.9, Avg: 3.1, Max: 3.4, Diff: 0.5, Sum: 24.9]
         [Processed Buffers: Min: 4, Avg: 5.4, Max: 7, Diff: 3, Sum: 43]
      [Scan RS (ms): Min: 16.7, Avg: 17.0, Max: 17.2, Diff: 0.5, Sum: 136.0]
      [Code Root Scanning (ms): Min: 0.0, Avg: 0.0, Max: 0.0, Diff: 0.0, Sum: 0.0]
      [Object Copy (ms): Min: 85.2, Avg: 85.3, Max: 85.4, Diff: 0.2, Sum: 682.3]
      [Termination (ms): Min: 0.0, Avg: 0.0, Max: 0.0, Diff: 0.0, Sum: 0.0]
         [Termination Attempts: Min: 1, Avg: 10.0, Max: 18, Diff: 17, Sum: 80]
      [GC Worker Other (ms): Min: 0.0, Avg: 0.0, Max: 0.1, Diff: 0.1, Sum: 0.3]
      [GC Worker Total (ms): Min: 105.4, Avg: 105.5, Max: 105.6, Diff: 0.2, Sum: 844.2]
      [GC Worker End (ms): Min: 2281.8, Avg: 2281.8, Max: 2281.9, Diff: 0.1]
   [Code Root Fixup: 0.0 ms]
   [Code Root Purge: 0.0 ms]
   [Clear CT: 0.2 ms]
   [Other: 1.2 ms]
      [Choose CSet: 0.0 ms]
      [Ref Proc: 0.5 ms]
      [Ref Enq: 0.0 ms]
      [Redirty Cards: 0.2 ms]
      [Humongous Register: 0.0 ms]
      [Humongous Reclaim: 0.0 ms]
      [Free CSet: 0.2 ms]
   [Eden: 181.0M(181.0M)->0.0B(195.0M) Survivors: 24.0M->26.0M Heap: 1032.9M(2048.0M)->1035.4M(2048.0M)]
 [Times: user=0.72 sys=0.03, real=0.11 secs] 
2020-09-29T11:59:00.072+0200: 2.303: [GC pause (G1 Humongous Allocation) (young) (initial-mark), 0.0240646 secs]
   [Parallel Time: 23.2 ms, GC Workers: 8]
      [GC Worker Start (ms): Min: 2302.9, Avg: 2302.9, Max: 2303.0, Diff: 0.1]
      [Ext Root Scanning (ms): Min: 0.0, Avg: 0.1, Max: 0.1, Diff: 0.1, Sum: 0.7]
      [Update RS (ms): Min: 3.6, Avg: 3.8, Max: 4.0, Diff: 0.4, Sum: 30.1]
         [Processed Buffers: Min: 5, Avg: 5.5, Max: 7, Diff: 2, Sum: 44]
      [Scan RS (ms): Min: 1.7, Avg: 1.9, Max: 2.0, Diff: 0.4, Sum: 14.9]
      [Code Root Scanning (ms): Min: 0.0, Avg: 0.0, Max: 0.0, Diff: 0.0, Sum: 0.0]
      [Object Copy (ms): Min: 17.2, Avg: 17.2, Max: 17.3, Diff: 0.1, Sum: 137.7]
      [Termination (ms): Min: 0.0, Avg: 0.0, Max: 0.0, Diff: 0.0, Sum: 0.2]
         [Termination Attempts: Min: 1, Avg: 155.5, Max: 210, Diff: 209, Sum: 1244]
      [GC Worker Other (ms): Min: 0.0, Avg: 0.0, Max: 0.0, Diff: 0.0, Sum: 0.2]
      [GC Worker Total (ms): Min: 22.9, Avg: 23.0, Max: 23.0, Diff: 0.1, Sum: 183.8]
      [GC Worker End (ms): Min: 2325.9, Avg: 2325.9, Max: 2325.9, Diff: 0.0]
   [Code Root Fixup: 0.0 ms]
   [Code Root Purge: 0.0 ms]
   [Clear CT: 0.2 ms]
   [Other: 0.7 ms]
      [Choose CSet: 0.0 ms]
      [Ref Proc: 0.1 ms]
      [Ref Enq: 0.0 ms]
      [Redirty Cards: 0.2 ms]
      [Humongous Register: 0.1 ms]
      [Humongous Reclaim: 0.0 ms]
      [Free CSet: 0.1 ms]
   [Eden: 12.0M(195.0M)->0.0B(243.0M) Survivors: 26.0M->13.0M Heap: 1046.9M(2048.0M)->1050.9M(2048.0M)]
 [Times: user=0.08 sys=0.05, real=0.02 secs] 
2020-09-29T11:59:00.096+0200: 2.327: [GC concurrent-root-region-scan-start]
2020-09-29T11:59:00.100+0200: 2.331: [GC concurrent-root-region-scan-end, 0.0038397 secs]
2020-09-29T11:59:00.100+0200: 2.331: [GC concurrent-mark-start]
2020-09-29T11:59:00.102+0200: 2.334: [GC concurrent-mark-end, 0.0028503 secs]
2020-09-29T11:59:00.103+0200: 2.334: [GC remark 2020-09-29T11:59:00.103+0200: 2.334: [Finalize Marking, 0.0002041 secs] 2020-09-29T11:59:00.103+0200: 2.334: [GC ref-proc, 0.0002912 secs] 2020-09-29T11:59:00.103+0200: 2.334: [Unloading, 0.0004536 secs], 0.0013065 secs]
 [Times: user=0.00 sys=0.00, real=0.00 secs] 
2020-09-29T11:59:00.104+0200: 2.336: [GC cleanup 1060M->28M(2048M), 0.0012471 secs]
 [Times: user=0.00 sys=0.00, real=0.00 secs] 
2020-09-29T11:59:00.106+0200: 2.337: [GC concurrent-cleanup-start]
2020-09-29T11:59:00.107+0200: 2.338: [GC concurrent-cleanup-end, 0.0012464 secs]
2020-09-29T11:59:00.234+0200: 2.465: [GC pause (G1 Evacuation Pause) (young), 0.1336550 secs]
   [Parallel Time: 132.5 ms, GC Workers: 8]
      [GC Worker Start (ms): Min: 2465.2, Avg: 2465.3, Max: 2465.3, Diff: 0.1]
      [Ext Root Scanning (ms): Min: 0.0, Avg: 0.1, Max: 0.1, Diff: 0.1, Sum: 0.6]
      [Update RS (ms): Min: 2.9, Avg: 3.0, Max: 3.7, Diff: 0.9, Sum: 24.2]
         [Processed Buffers: Min: 4, Avg: 4.6, Max: 9, Diff: 5, Sum: 37]
      [Scan RS (ms): Min: 21.7, Avg: 22.6, Max: 24.6, Diff: 2.9, Sum: 181.1]
      [Code Root Scanning (ms): Min: 0.0, Avg: 0.0, Max: 0.0, Diff: 0.0, Sum: 0.0]
      [Object Copy (ms): Min: 104.8, Avg: 106.6, Max: 106.8, Diff: 2.1, Sum: 852.4]
      [Termination (ms): Min: 0.0, Avg: 0.0, Max: 0.0, Diff: 0.0, Sum: 0.1]
         [Termination Attempts: Min: 1, Avg: 124.1, Max: 166, Diff: 165, Sum: 993]
      [GC Worker Other (ms): Min: 0.0, Avg: 0.0, Max: 0.1, Diff: 0.1, Sum: 0.3]
      [GC Worker Total (ms): Min: 132.3, Avg: 132.3, Max: 132.4, Diff: 0.1, Sum: 1058.7]
      [GC Worker End (ms): Min: 2597.6, Avg: 2597.6, Max: 2597.6, Diff: 0.1]
   [Code Root Fixup: 0.0 ms]
   [Code Root Purge: 0.0 ms]
   [Clear CT: 0.1 ms]
   [Other: 1.0 ms]
      [Choose CSet: 0.0 ms]
      [Ref Proc: 0.2 ms]
      [Ref Enq: 0.0 ms]
      [Redirty Cards: 0.3 ms]
      [Humongous Register: 0.0 ms]
      [Humongous Reclaim: 0.0 ms]
      [Free CSet: 0.2 ms]
   [Eden: 243.0M(243.0M)->0.0B(226.0M) Survivors: 13.0M->32.0M Heap: 304.0M(2048.0M)->293.5M(2048.0M)]
 [Times: user=1.00 sys=0.09, real=0.13 secs] 
2020-09-29T11:59:00.513+0200: 2.744: [GC pause (G1 Evacuation Pause) (young), 0.1395788 secs]
   [Parallel Time: 138.5 ms, GC Workers: 8]
      [GC Worker Start (ms): Min: 2744.5, Avg: 2744.6, Max: 2744.6, Diff: 0.2]
      [Ext Root Scanning (ms): Min: 0.0, Avg: 0.1, Max: 0.2, Diff: 0.2, Sum: 0.5]
      [Update RS (ms): Min: 3.7, Avg: 4.0, Max: 4.7, Diff: 1.0, Sum: 31.7]
         [Processed Buffers: Min: 4, Avg: 4.4, Max: 5, Diff: 1, Sum: 35]
      [Scan RS (ms): Min: 25.0, Avg: 25.8, Max: 26.1, Diff: 1.1, Sum: 206.0]
      [Code Root Scanning (ms): Min: 0.0, Avg: 0.0, Max: 0.0, Diff: 0.0, Sum: 0.0]
      [Object Copy (ms): Min: 108.2, Avg: 108.3, Max: 108.3, Diff: 0.1, Sum: 866.2]
      [Termination (ms): Min: 0.0, Avg: 0.1, Max: 0.1, Diff: 0.1, Sum: 0.6]
         [Termination Attempts: Min: 1, Avg: 426.6, Max: 543, Diff: 542, Sum: 3413]
      [GC Worker Other (ms): Min: 0.0, Avg: 0.1, Max: 0.2, Diff: 0.1, Sum: 0.5]
      [GC Worker Total (ms): Min: 138.1, Avg: 138.2, Max: 138.3, Diff: 0.2, Sum: 1105.6]
      [GC Worker End (ms): Min: 2882.7, Avg: 2882.8, Max: 2882.8, Diff: 0.1]
   [Code Root Fixup: 0.0 ms]
   [Code Root Purge: 0.0 ms]
   [Clear CT: 0.3 ms]
   [Other: 0.8 ms]
      [Choose CSet: 0.0 ms]
      [Ref Proc: 0.2 ms]
      [Ref Enq: 0.0 ms]
      [Redirty Cards: 0.2 ms]
      [Humongous Register: 0.0 ms]
      [Humongous Reclaim: 0.0 ms]
      [Free CSet: 0.2 ms]
   [Eden: 226.0M(226.0M)->0.0B(226.0M) Survivors: 32.0M->33.0M Heap: 555.7M(2048.0M)->558.2M(2048.0M)]
 [Times: user=1.02 sys=0.06, real=0.14 secs] 
2020-09-29T11:59:00.782+0200: 3.013: [GC pause (G1 Evacuation Pause) (young), 0.1450275 secs]
   [Parallel Time: 144.1 ms, GC Workers: 8]
      [GC Worker Start (ms): Min: 3013.1, Avg: 3013.2, Max: 3013.3, Diff: 0.2]
      [Ext Root Scanning (ms): Min: 0.0, Avg: 0.0, Max: 0.2, Diff: 0.2, Sum: 0.4]
      [Update RS (ms): Min: 3.4, Avg: 3.8, Max: 4.2, Diff: 0.7, Sum: 30.7]
         [Processed Buffers: Min: 5, Avg: 5.4, Max: 6, Diff: 1, Sum: 43]
      [Scan RS (ms): Min: 20.8, Avg: 21.2, Max: 21.6, Diff: 0.8, Sum: 169.7]
      [Code Root Scanning (ms): Min: 0.0, Avg: 0.0, Max: 0.0, Diff: 0.0, Sum: 0.0]
      [Object Copy (ms): Min: 117.9, Avg: 118.1, Max: 118.5, Diff: 0.7, Sum: 944.8]
      [Termination (ms): Min: 0.1, Avg: 0.5, Max: 0.6, Diff: 0.5, Sum: 3.6]
         [Termination Attempts: Min: 1, Avg: 2784.1, Max: 3446, Diff: 3445, Sum: 22273]
      [GC Worker Other (ms): Min: 0.0, Avg: 0.1, Max: 0.1, Diff: 0.1, Sum: 0.7]
      [GC Worker Total (ms): Min: 143.7, Avg: 143.7, Max: 143.9, Diff: 0.2, Sum: 1150.0]
      [GC Worker End (ms): Min: 3157.0, Avg: 3157.0, Max: 3157.0, Diff: 0.1]
   [Code Root Fixup: 0.0 ms]
   [Code Root Purge: 0.0 ms]
   [Clear CT: 0.2 ms]
   [Other: 0.7 ms]
      [Choose CSet: 0.0 ms]
      [Ref Proc: 0.2 ms]
      [Ref Enq: 0.0 ms]
      [Redirty Cards: 0.2 ms]
      [Humongous Register: 0.0 ms]
      [Humongous Reclaim: 0.0 ms]
      [Free CSet: 0.2 ms]
   [Eden: 226.0M(226.0M)->0.0B(233.0M) Survivors: 33.0M->33.0M Heap: 822.3M(2048.0M)->824.8M(2048.0M)]
 [Times: user=1.19 sys=0.02, real=0.14 secs] 
2020-09-29T11:59:01.060+0200: 3.291: [GC pause (G1 Evacuation Pause) (young), 0.1340089 secs]
   [Parallel Time: 132.6 ms, GC Workers: 8]
      [GC Worker Start (ms): Min: 3291.4, Avg: 3291.5, Max: 3291.6, Diff: 0.2]
      [Ext Root Scanning (ms): Min: 0.0, Avg: 0.1, Max: 0.2, Diff: 0.2, Sum: 0.5]
      [Update RS (ms): Min: 4.9, Avg: 5.0, Max: 5.4, Diff: 0.5, Sum: 40.3]
         [Processed Buffers: Min: 5, Avg: 7.0, Max: 9, Diff: 4, Sum: 56]
      [Scan RS (ms): Min: 21.5, Avg: 21.7, Max: 21.9, Diff: 0.3, Sum: 173.9]
      [Code Root Scanning (ms): Min: 0.0, Avg: 0.0, Max: 0.0, Diff: 0.0, Sum: 0.0]
      [Object Copy (ms): Min: 105.4, Avg: 105.5, Max: 105.5, Diff: 0.2, Sum: 843.8]
      [Termination (ms): Min: 0.0, Avg: 0.0, Max: 0.0, Diff: 0.0, Sum: 0.3]
         [Termination Attempts: Min: 1, Avg: 299.5, Max: 358, Diff: 357, Sum: 2396]
      [GC Worker Other (ms): Min: 0.0, Avg: 0.0, Max: 0.0, Diff: 0.0, Sum: 0.2]
      [GC Worker Total (ms): Min: 132.3, Avg: 132.4, Max: 132.5, Diff: 0.2, Sum: 1059.1]
      [GC Worker End (ms): Min: 3423.9, Avg: 3423.9, Max: 3423.9, Diff: 0.0]
   [Code Root Fixup: 0.0 ms]
   [Code Root Purge: 0.0 ms]
   [Clear CT: 0.4 ms]
   [Other: 1.0 ms]
      [Choose CSet: 0.0 ms]
      [Ref Proc: 0.3 ms]
      [Ref Enq: 0.0 ms]
      [Redirty Cards: 0.4 ms]
      [Humongous Register: 0.0 ms]
      [Humongous Reclaim: 0.0 ms]
      [Free CSet: 0.1 ms]
   [Eden: 233.0M(233.0M)->0.0B(250.0M) Survivors: 33.0M->34.0M Heap: 1097.9M(2048.0M)->1099.4M(2048.0M)]
 [Times: user=1.06 sys=0.06, real=0.13 secs] 
2020-09-29T11:59:01.211+0200: 3.443: [GC pause (G1 Humongous Allocation) (young) (initial-mark), 0.0351048 secs]
   [Parallel Time: 34.4 ms, GC Workers: 8]
      [GC Worker Start (ms): Min: 3442.7, Avg: 3442.7, Max: 3442.8, Diff: 0.1]
      [Ext Root Scanning (ms): Min: 0.0, Avg: 0.1, Max: 0.1, Diff: 0.1, Sum: 0.6]
      [Update RS (ms): Min: 9.6, Avg: 9.9, Max: 10.4, Diff: 0.8, Sum: 78.9]
         [Processed Buffers: Min: 12, Avg: 13.6, Max: 16, Diff: 4, Sum: 109]
      [Scan RS (ms): Min: 1.9, Avg: 2.5, Max: 2.7, Diff: 0.9, Sum: 19.7]
      [Code Root Scanning (ms): Min: 0.0, Avg: 0.0, Max: 0.0, Diff: 0.0, Sum: 0.0]
      [Object Copy (ms): Min: 21.7, Avg: 21.8, Max: 21.9, Diff: 0.1, Sum: 174.5]
      [Termination (ms): Min: 0.0, Avg: 0.0, Max: 0.0, Diff: 0.0, Sum: 0.1]
         [Termination Attempts: Min: 1, Avg: 86.5, Max: 112, Diff: 111, Sum: 692]
      [GC Worker Other (ms): Min: 0.0, Avg: 0.0, Max: 0.0, Diff: 0.0, Sum: 0.1]
      [GC Worker Total (ms): Min: 34.2, Avg: 34.2, Max: 34.3, Diff: 0.1, Sum: 273.9]
      [GC Worker End (ms): Min: 3477.0, Avg: 3477.0, Max: 3477.0, Diff: 0.0]
   [Code Root Fixup: 0.0 ms]
   [Code Root Purge: 0.0 ms]
   [Clear CT: 0.1 ms]
   [Other: 0.6 ms]
      [Choose CSet: 0.0 ms]
      [Ref Proc: 0.2 ms]
      [Ref Enq: 0.0 ms]
      [Redirty Cards: 0.1 ms]
      [Humongous Register: 0.0 ms]
      [Humongous Reclaim: 0.0 ms]
      [Free CSet: 0.0 ms]
   [Eden: 11.0M(250.0M)->0.0B(293.0M) Survivors: 34.0M->13.0M Heap: 1109.9M(2048.0M)->1114.9M(2048.0M)]
 [Times: user=0.22 sys=0.03, real=0.04 secs] 
2020-09-29T11:59:01.247+0200: 3.478: [GC concurrent-root-region-scan-start]
2020-09-29T11:59:01.248+0200: 3.480: [GC concurrent-root-region-scan-end, 0.0018305 secs]
2020-09-29T11:59:01.248+0200: 3.480: [GC concurrent-mark-start]
2020-09-29T11:59:01.251+0200: 3.482: [GC concurrent-mark-end, 0.0021652 secs]
2020-09-29T11:59:01.251+0200: 3.482: [GC remark 2020-09-29T11:59:01.251+0200: 3.482: [Finalize Marking, 0.0001660 secs] 2020-09-29T11:59:01.251+0200: 3.482: [GC ref-proc, 0.0002577 secs] 2020-09-29T11:59:01.251+0200: 3.483: [Unloading, 0.0003616 secs], 0.0010434 secs]
 [Times: user=0.00 sys=0.00, real=0.00 secs] 
2020-09-29T11:59:01.252+0200: 3.483: [GC cleanup 1124M->28M(2048M), 0.0010629 secs]
 [Times: user=0.00 sys=0.00, real=0.00 secs] 
2020-09-29T11:59:01.253+0200: 3.485: [GC concurrent-cleanup-start]
2020-09-29T11:59:01.255+0200: 3.486: [GC concurrent-cleanup-end, 0.0013258 secs]
2020-09-29T11:59:01.405+0200: 3.636: [GC pause (G1 Evacuation Pause) (young), 0.1623140 secs]
   [Parallel Time: 161.3 ms, GC Workers: 8]
      [GC Worker Start (ms): Min: 3636.6, Avg: 3636.7, Max: 3636.8, Diff: 0.2]
      [Ext Root Scanning (ms): Min: 0.0, Avg: 0.1, Max: 0.2, Diff: 0.2, Sum: 0.5]
      [Update RS (ms): Min: 6.6, Avg: 6.6, Max: 6.7, Diff: 0.1, Sum: 52.8]
         [Processed Buffers: Min: 7, Avg: 7.9, Max: 9, Diff: 2, Sum: 63]
      [Scan RS (ms): Min: 23.2, Avg: 23.3, Max: 23.4, Diff: 0.2, Sum: 186.6]
      [Code Root Scanning (ms): Min: 0.0, Avg: 0.0, Max: 0.0, Diff: 0.0, Sum: 0.0]
      [Object Copy (ms): Min: 130.9, Avg: 131.0, Max: 131.0, Diff: 0.1, Sum: 1047.8]
      [Termination (ms): Min: 0.0, Avg: 0.1, Max: 0.1, Diff: 0.1, Sum: 0.5]
         [Termination Attempts: Min: 1, Avg: 326.8, Max: 405, Diff: 404, Sum: 2614]
      [GC Worker Other (ms): Min: 0.0, Avg: 0.0, Max: 0.1, Diff: 0.0, Sum: 0.3]
      [GC Worker Total (ms): Min: 161.0, Avg: 161.1, Max: 161.2, Diff: 0.2, Sum: 1288.4]
      [GC Worker End (ms): Min: 3797.7, Avg: 3797.8, Max: 3797.8, Diff: 0.0]
   [Code Root Fixup: 0.0 ms]
   [Code Root Purge: 0.0 ms]
   [Clear CT: 0.2 ms]
   [Other: 0.8 ms]
      [Choose CSet: 0.0 ms]
      [Ref Proc: 0.2 ms]
      [Ref Enq: 0.0 ms]
      [Redirty Cards: 0.2 ms]
      [Humongous Register: 0.0 ms]
      [Humongous Reclaim: 0.0 ms]
      [Free CSet: 0.2 ms]
   [Eden: 293.0M(293.0M)->0.0B(265.0M) Survivors: 13.0M->39.0M Heap: 361.1M(2048.0M)->350.6M(2048.0M)]
 [Times: user=1.33 sys=0.03, real=0.16 secs] 
2020-09-29T11:59:01.719+0200: 3.950: [GC pause (G1 Evacuation Pause) (young), 0.1527197 secs]
   [Parallel Time: 151.4 ms, GC Workers: 8]
      [GC Worker Start (ms): Min: 3950.5, Avg: 3950.6, Max: 3950.6, Diff: 0.1]
      [Ext Root Scanning (ms): Min: 0.0, Avg: 0.1, Max: 0.2, Diff: 0.1, Sum: 0.5]
      [Update RS (ms): Min: 5.7, Avg: 6.1, Max: 6.6, Diff: 0.9, Sum: 49.1]
         [Processed Buffers: Min: 7, Avg: 7.5, Max: 9, Diff: 2, Sum: 60]
      [Scan RS (ms): Min: 24.0, Avg: 24.4, Max: 24.7, Diff: 0.7, Sum: 194.9]
      [Code Root Scanning (ms): Min: 0.0, Avg: 0.0, Max: 0.0, Diff: 0.0, Sum: 0.0]
      [Object Copy (ms): Min: 120.4, Avg: 120.6, Max: 120.7, Diff: 0.2, Sum: 964.6]
      [Termination (ms): Min: 0.0, Avg: 0.0, Max: 0.0, Diff: 0.0, Sum: 0.1]
         [Termination Attempts: Min: 1, Avg: 129.5, Max: 200, Diff: 199, Sum: 1036]
      [GC Worker Other (ms): Min: 0.0, Avg: 0.0, Max: 0.1, Diff: 0.0, Sum: 0.3]
      [GC Worker Total (ms): Min: 151.1, Avg: 151.2, Max: 151.3, Diff: 0.2, Sum: 1209.6]
      [GC Worker End (ms): Min: 4101.7, Avg: 4101.8, Max: 4101.8, Diff: 0.0]
   [Code Root Fixup: 0.0 ms]
   [Code Root Purge: 0.0 ms]
   [Clear CT: 0.4 ms]
   [Other: 0.9 ms]
      [Choose CSet: 0.0 ms]
      [Ref Proc: 0.2 ms]
      [Ref Enq: 0.0 ms]
      [Redirty Cards: 0.3 ms]
      [Humongous Register: 0.1 ms]
      [Humongous Reclaim: 0.0 ms]
      [Free CSet: 0.2 ms]
   [Eden: 265.0M(265.0M)->0.0B(270.0M) Survivors: 39.0M->38.0M Heap: 659.5M(2048.0M)->662.0M(2048.0M)]
 [Times: user=1.20 sys=0.05, real=0.15 secs] 
2020-09-29T11:59:02.016+0200: 4.247: [GC pause (G1 Evacuation Pause) (young), 0.1493084 secs]
   [Parallel Time: 148.4 ms, GC Workers: 8]
      [GC Worker Start (ms): Min: 4247.5, Avg: 4247.6, Max: 4247.6, Diff: 0.2]
      [Ext Root Scanning (ms): Min: 0.0, Avg: 0.1, Max: 0.1, Diff: 0.1, Sum: 0.4]
      [Update RS (ms): Min: 7.6, Avg: 7.8, Max: 8.4, Diff: 0.8, Sum: 62.0]
         [Processed Buffers: Min: 8, Avg: 9.5, Max: 13, Diff: 5, Sum: 76]
      [Scan RS (ms): Min: 23.0, Avg: 23.7, Max: 23.9, Diff: 0.8, Sum: 189.6]
      [Code Root Scanning (ms): Min: 0.0, Avg: 0.0, Max: 0.0, Diff: 0.0, Sum: 0.0]
      [Object Copy (ms): Min: 116.5, Avg: 116.6, Max: 116.7, Diff: 0.2, Sum: 933.0]
      [Termination (ms): Min: 0.0, Avg: 0.0, Max: 0.0, Diff: 0.0, Sum: 0.2]
         [Termination Attempts: Min: 1, Avg: 221.8, Max: 308, Diff: 307, Sum: 1774]
      [GC Worker Other (ms): Min: 0.0, Avg: 0.0, Max: 0.1, Diff: 0.1, Sum: 0.3]
      [GC Worker Total (ms): Min: 148.1, Avg: 148.2, Max: 148.3, Diff: 0.2, Sum: 1185.6]
      [GC Worker End (ms): Min: 4395.7, Avg: 4395.8, Max: 4395.8, Diff: 0.1]
   [Code Root Fixup: 0.0 ms]
   [Code Root Purge: 0.0 ms]
   [Clear CT: 0.2 ms]
   [Other: 0.7 ms]
      [Choose CSet: 0.0 ms]
      [Ref Proc: 0.2 ms]
      [Ref Enq: 0.0 ms]
      [Redirty Cards: 0.2 ms]
      [Humongous Register: 0.0 ms]
      [Humongous Reclaim: 0.0 ms]
      [Free CSet: 0.2 ms]
   [Eden: 270.0M(270.0M)->0.0B(281.0M) Survivors: 38.0M->39.0M Heap: 977.7M(2048.0M)->979.2M(2048.0M)]
 [Times: user=1.23 sys=0.00, real=0.15 secs] 
2020-09-29T11:59:02.183+0200: 4.414: [GC pause (G1 Humongous Allocation) (young) (initial-mark), 0.0369102 secs]
   [Parallel Time: 36.2 ms, GC Workers: 8]
      [GC Worker Start (ms): Min: 4414.2, Avg: 4414.2, Max: 4414.2, Diff: 0.1]
      [Ext Root Scanning (ms): Min: 0.0, Avg: 0.1, Max: 0.1, Diff: 0.1, Sum: 0.6]
      [Update RS (ms): Min: 13.6, Avg: 13.9, Max: 14.4, Diff: 0.8, Sum: 110.8]
         [Processed Buffers: Min: 18, Avg: 19.3, Max: 20, Diff: 2, Sum: 154]
      [Scan RS (ms): Min: 2.3, Avg: 2.8, Max: 3.0, Diff: 0.8, Sum: 22.2]
      [Code Root Scanning (ms): Min: 0.0, Avg: 0.0, Max: 0.0, Diff: 0.0, Sum: 0.0]
      [Object Copy (ms): Min: 19.3, Avg: 19.4, Max: 19.4, Diff: 0.1, Sum: 155.0]
      [Termination (ms): Min: 0.0, Avg: 0.0, Max: 0.0, Diff: 0.0, Sum: 0.2]
         [Termination Attempts: Min: 1, Avg: 187.9, Max: 239, Diff: 238, Sum: 1503]
      [GC Worker Other (ms): Min: 0.0, Avg: 0.0, Max: 0.0, Diff: 0.0, Sum: 0.1]
      [GC Worker Total (ms): Min: 36.1, Avg: 36.1, Max: 36.1, Diff: 0.1, Sum: 288.9]
      [GC Worker End (ms): Min: 4450.3, Avg: 4450.3, Max: 4450.3, Diff: 0.0]
   [Code Root Fixup: 0.0 ms]
   [Code Root Purge: 0.0 ms]
   [Clear CT: 0.1 ms]
   [Other: 0.6 ms]
      [Choose CSet: 0.0 ms]
      [Ref Proc: 0.2 ms]
      [Ref Enq: 0.0 ms]
      [Redirty Cards: 0.1 ms]
      [Humongous Register: 0.0 ms]
      [Humongous Reclaim: 0.0 ms]
      [Free CSet: 0.0 ms]
   [Eden: 8192.0K(281.0M)->0.0B(336.0M) Survivors: 39.0M->10.0M Heap: 986.7M(2048.0M)->991.2M(2048.0M)]
 [Times: user=0.25 sys=0.00, real=0.04 secs] 
2020-09-29T11:59:02.220+0200: 4.451: [GC concurrent-root-region-scan-start]
2020-09-29T11:59:02.222+0200: 4.453: [GC concurrent-root-region-scan-end, 0.0017628 secs]
2020-09-29T11:59:02.222+0200: 4.453: [GC concurrent-mark-start]
2020-09-29T11:59:02.224+0200: 4.455: [GC concurrent-mark-end, 0.0020931 secs]
2020-09-29T11:59:02.224+0200: 4.455: [GC remark 2020-09-29T11:59:02.224+0200: 4.455: [Finalize Marking, 0.0001763 secs] 2020-09-29T11:59:02.224+0200: 4.455: [GC ref-proc, 0.0002552 secs] 2020-09-29T11:59:02.224+0200: 4.456: [Unloading, 0.0003981 secs], 0.0011523 secs]
 [Times: user=0.00 sys=0.00, real=0.00 secs] 
2020-09-29T11:59:02.225+0200: 4.457: [GC cleanup 1002M->26M(2048M), 0.0009896 secs]
 [Times: user=0.00 sys=0.00, real=0.00 secs] 
2020-09-29T11:59:02.226+0200: 4.458: [GC concurrent-cleanup-start]
2020-09-29T11:59:02.227+0200: 4.459: [GC concurrent-cleanup-end, 0.0009799 secs]
2020-09-29T11:59:02.391+0200: 4.622: [GC pause (G1 Evacuation Pause) (young), 0.1776027 secs]
   [Parallel Time: 176.4 ms, GC Workers: 8]
      [GC Worker Start (ms): Min: 4622.3, Avg: 4622.4, Max: 4622.4, Diff: 0.2]
      [Ext Root Scanning (ms): Min: 0.0, Avg: 0.1, Max: 0.2, Diff: 0.2, Sum: 0.5]
      [Update RS (ms): Min: 8.9, Avg: 9.0, Max: 9.4, Diff: 0.6, Sum: 72.0]
         [Processed Buffers: Min: 9, Avg: 10.8, Max: 13, Diff: 4, Sum: 86]
      [Scan RS (ms): Min: 25.7, Avg: 26.1, Max: 26.3, Diff: 0.6, Sum: 208.4]
      [Code Root Scanning (ms): Min: 0.0, Avg: 0.0, Max: 0.0, Diff: 0.0, Sum: 0.0]
      [Object Copy (ms): Min: 140.9, Avg: 141.0, Max: 141.1, Diff: 0.2, Sum: 1128.1]
      [Termination (ms): Min: 0.0, Avg: 0.0, Max: 0.1, Diff: 0.1, Sum: 0.3]
         [Termination Attempts: Min: 1, Avg: 276.6, Max: 369, Diff: 368, Sum: 2213]
      [GC Worker Other (ms): Min: 0.0, Avg: 0.0, Max: 0.1, Diff: 0.1, Sum: 0.3]
      [GC Worker Total (ms): Min: 176.1, Avg: 176.2, Max: 176.3, Diff: 0.2, Sum: 1409.8]
      [GC Worker End (ms): Min: 4798.6, Avg: 4798.6, Max: 4798.6, Diff: 0.1]
   [Code Root Fixup: 0.0 ms]
   [Code Root Purge: 0.0 ms]
   [Clear CT: 0.2 ms]
   [Other: 1.0 ms]
      [Choose CSet: 0.0 ms]
      [Ref Proc: 0.2 ms]
      [Ref Enq: 0.0 ms]
      [Redirty Cards: 0.3 ms]
      [Humongous Register: 0.0 ms]
      [Humongous Reclaim: 0.0 ms]
      [Free CSet: 0.3 ms]
   [Eden: 336.0M(336.0M)->0.0B(292.0M) Survivors: 10.0M->44.0M Heap: 408.7M(2048.0M)->400.7M(2048.0M)]
 [Times: user=1.45 sys=0.05, real=0.18 secs] 
2020-09-29T11:59:02.726+0200: 4.957: [GC pause (G1 Evacuation Pause) (young), 0.1673100 secs]
   [Parallel Time: 166.2 ms, GC Workers: 8]
      [GC Worker Start (ms): Min: 4957.0, Avg: 4957.1, Max: 4957.2, Diff: 0.2]
      [Ext Root Scanning (ms): Min: 0.0, Avg: 0.1, Max: 0.2, Diff: 0.2, Sum: 0.5]
      [Update RS (ms): Min: 8.3, Avg: 8.6, Max: 9.1, Diff: 0.8, Sum: 68.7]
         [Processed Buffers: Min: 9, Avg: 9.8, Max: 12, Diff: 3, Sum: 78]
      [Scan RS (ms): Min: 25.6, Avg: 26.1, Max: 26.4, Diff: 0.8, Sum: 209.1]
      [Code Root Scanning (ms): Min: 0.0, Avg: 0.0, Max: 0.0, Diff: 0.0, Sum: 0.0]
      [Object Copy (ms): Min: 131.0, Avg: 131.1, Max: 131.1, Diff: 0.1, Sum: 1048.7]
      [Termination (ms): Min: 0.0, Avg: 0.0, Max: 0.0, Diff: 0.0, Sum: 0.2]
         [Termination Attempts: Min: 1, Avg: 155.8, Max: 228, Diff: 227, Sum: 1246]
      [GC Worker Other (ms): Min: 0.0, Avg: 0.0, Max: 0.1, Diff: 0.1, Sum: 0.3]
      [GC Worker Total (ms): Min: 165.9, Avg: 165.9, Max: 166.1, Diff: 0.2, Sum: 1327.6]
      [GC Worker End (ms): Min: 5123.0, Avg: 5123.1, Max: 5123.1, Diff: 0.1]
   [Code Root Fixup: 0.0 ms]
   [Code Root Purge: 0.0 ms]
   [Clear CT: 0.2 ms]
   [Other: 0.9 ms]
      [Choose CSet: 0.0 ms]
      [Ref Proc: 0.2 ms]
      [Ref Enq: 0.0 ms]
      [Redirty Cards: 0.3 ms]
      [Humongous Register: 0.0 ms]
      [Humongous Reclaim: 0.0 ms]
      [Free CSet: 0.2 ms]
   [Eden: 292.0M(292.0M)->0.0B(286.0M) Survivors: 44.0M->42.0M Heap: 740.4M(2048.0M)->742.9M(2048.0M)]
 [Times: user=1.14 sys=0.06, real=0.17 secs] 
2020-09-29T11:59:03.038+0200: 5.270: [GC pause (G1 Evacuation Pause) (young), 0.1689761 secs]
   [Parallel Time: 168.1 ms, GC Workers: 8]
      [GC Worker Start (ms): Min: 5269.8, Avg: 5269.9, Max: 5270.0, Diff: 0.2]
      [Ext Root Scanning (ms): Min: 0.0, Avg: 0.1, Max: 0.2, Diff: 0.2, Sum: 0.5]
      [Update RS (ms): Min: 9.2, Avg: 9.4, Max: 9.8, Diff: 0.5, Sum: 75.4]
         [Processed Buffers: Min: 10, Avg: 10.6, Max: 12, Diff: 2, Sum: 85]
      [Scan RS (ms): Min: 24.5, Avg: 24.8, Max: 25.1, Diff: 0.6, Sum: 198.3]
      [Code Root Scanning (ms): Min: 0.0, Avg: 0.0, Max: 0.0, Diff: 0.0, Sum: 0.0]
      [Object Copy (ms): Min: 133.3, Avg: 133.5, Max: 133.6, Diff: 0.3, Sum: 1067.7]
      [Termination (ms): Min: 0.0, Avg: 0.0, Max: 0.1, Diff: 0.1, Sum: 0.3]
         [Termination Attempts: Min: 1, Avg: 242.9, Max: 336, Diff: 335, Sum: 1943]
      [GC Worker Other (ms): Min: 0.0, Avg: 0.1, Max: 0.1, Diff: 0.1, Sum: 0.4]
      [GC Worker Total (ms): Min: 167.8, Avg: 167.8, Max: 168.0, Diff: 0.2, Sum: 1342.7]
      [GC Worker End (ms): Min: 5437.7, Avg: 5437.8, Max: 5437.8, Diff: 0.1]
   [Code Root Fixup: 0.0 ms]
   [Code Root Purge: 0.0 ms]
   [Clear CT: 0.1 ms]
   [Other: 0.8 ms]
      [Choose CSet: 0.0 ms]
      [Ref Proc: 0.2 ms]
      [Ref Enq: 0.0 ms]
      [Redirty Cards: 0.2 ms]
      [Humongous Register: 0.0 ms]
      [Humongous Reclaim: 0.0 ms]
      [Free CSet: 0.2 ms]
   [Eden: 286.0M(286.0M)->0.0B(283.0M) Survivors: 42.0M->41.0M Heap: 1076.6M(2048.0M)->1078.6M(2048.0M)]
 [Times: user=1.16 sys=0.09, real=0.17 secs] 
2020-09-29T11:59:03.222+0200: 5.453: [GC pause (G1 Humongous Allocation) (young) (initial-mark), 0.0412270 secs]
   [Parallel Time: 40.5 ms, GC Workers: 8]
      [GC Worker Start (ms): Min: 5453.1, Avg: 5453.2, Max: 5453.2, Diff: 0.1]
      [Ext Root Scanning (ms): Min: 0.0, Avg: 0.1, Max: 0.1, Diff: 0.1, Sum: 0.6]
      [Update RS (ms): Min: 20.3, Avg: 20.6, Max: 21.2, Diff: 0.9, Sum: 164.9]
         [Processed Buffers: Min: 25, Avg: 27.9, Max: 29, Diff: 4, Sum: 223]
      [Scan RS (ms): Min: 2.1, Avg: 2.7, Max: 3.0, Diff: 0.9, Sum: 21.8]
      [Code Root Scanning (ms): Min: 0.0, Avg: 0.0, Max: 0.0, Diff: 0.0, Sum: 0.0]
      [Object Copy (ms): Min: 16.8, Avg: 16.9, Max: 16.9, Diff: 0.1, Sum: 135.2]
      [Termination (ms): Min: 0.0, Avg: 0.0, Max: 0.0, Diff: 0.0, Sum: 0.1]
         [Termination Attempts: Min: 1, Avg: 51.9, Max: 71, Diff: 70, Sum: 415]
      [GC Worker Other (ms): Min: 0.0, Avg: 0.0, Max: 0.0, Diff: 0.0, Sum: 0.1]
      [GC Worker Total (ms): Min: 40.3, Avg: 40.3, Max: 40.4, Diff: 0.1, Sum: 322.7]
      [GC Worker End (ms): Min: 5493.5, Avg: 5493.5, Max: 5493.5, Diff: 0.0]
   [Code Root Fixup: 0.0 ms]
   [Code Root Purge: 0.0 ms]
   [Clear CT: 0.1 ms]
   [Other: 0.6 ms]
      [Choose CSet: 0.0 ms]
      [Ref Proc: 0.2 ms]
      [Ref Enq: 0.0 ms]
      [Redirty Cards: 0.1 ms]
      [Humongous Register: 0.0 ms]
      [Humongous Reclaim: 0.0 ms]
      [Free CSet: 0.0 ms]
   [Eden: 2048.0K(283.0M)->0.0B(344.0M) Survivors: 41.0M->4096.0K Heap: 1080.6M(2048.0M)->1084.6M(2048.0M)]
 [Times: user=0.38 sys=0.00, real=0.04 secs] 
2020-09-29T11:59:03.263+0200: 5.494: [GC concurrent-root-region-scan-start]
2020-09-29T11:59:03.263+0200: 5.495: [GC concurrent-root-region-scan-end, 0.0003438 secs]
2020-09-29T11:59:03.263+0200: 5.495: [GC concurrent-mark-start]
2020-09-29T11:59:03.266+0200: 5.497: [GC concurrent-mark-end, 0.0021803 secs]
2020-09-29T11:59:03.266+0200: 5.497: [GC remark 2020-09-29T11:59:03.266+0200: 5.497: [Finalize Marking, 0.0001997 secs] 2020-09-29T11:59:03.266+0200: 5.497: [GC ref-proc, 0.0002636 secs] 2020-09-29T11:59:03.266+0200: 5.498: [Unloading, 0.0004019 secs], 0.0011134 secs]
 [Times: user=0.00 sys=0.00, real=0.00 secs] 
2020-09-29T11:59:03.267+0200: 5.499: [GC cleanup 1092M->17M(2048M), 0.0010279 secs]
 [Times: user=0.00 sys=0.00, real=0.00 secs] 
2020-09-29T11:59:03.268+0200: 5.500: [GC concurrent-cleanup-start]
2020-09-29T11:59:03.270+0200: 5.501: [GC concurrent-cleanup-end, 0.0012267 secs]
2020-09-29T11:59:03.429+0200: 5.660: [GC pause (G1 Evacuation Pause) (young), 0.1825739 secs]
   [Parallel Time: 181.3 ms, GC Workers: 8]
      [GC Worker Start (ms): Min: 5660.5, Avg: 5660.6, Max: 5660.6, Diff: 0.2]
      [Ext Root Scanning (ms): Min: 0.0, Avg: 0.0, Max: 0.2, Diff: 0.2, Sum: 0.4]
      [Update RS (ms): Min: 9.4, Avg: 9.5, Max: 10.2, Diff: 0.8, Sum: 76.1]
         [Processed Buffers: Min: 11, Avg: 12.1, Max: 13, Diff: 2, Sum: 97]
      [Scan RS (ms): Min: 25.9, Avg: 26.6, Max: 26.9, Diff: 0.9, Sum: 213.0]
      [Code Root Scanning (ms): Min: 0.0, Avg: 0.0, Max: 0.0, Diff: 0.0, Sum: 0.0]
      [Object Copy (ms): Min: 144.4, Avg: 144.5, Max: 144.5, Diff: 0.2, Sum: 1155.8]
      [Termination (ms): Min: 0.0, Avg: 0.1, Max: 0.1, Diff: 0.1, Sum: 0.7]
         [Termination Attempts: Min: 1, Avg: 621.1, Max: 752, Diff: 751, Sum: 4969]
      [GC Worker Other (ms): Min: 0.0, Avg: 0.2, Max: 0.4, Diff: 0.3, Sum: 1.4]
      [GC Worker Total (ms): Min: 180.7, Avg: 180.9, Max: 181.2, Diff: 0.5, Sum: 1447.5]
      [GC Worker End (ms): Min: 5841.3, Avg: 5841.5, Max: 5841.7, Diff: 0.3]
   [Code Root Fixup: 0.0 ms]
   [Code Root Purge: 0.0 ms]
   [Clear CT: 0.2 ms]
   [Other: 1.0 ms]
      [Choose CSet: 0.0 ms]
      [Ref Proc: 0.2 ms]
      [Ref Enq: 0.0 ms]
      [Redirty Cards: 0.3 ms]
      [Humongous Register: 0.1 ms]
      [Humongous Reclaim: 0.0 ms]
      [Free CSet: 0.2 ms]
   [Eden: 344.0M(344.0M)->0.0B(294.0M) Survivors: 4096.0K->44.0M Heap: 413.1M(2048.0M)->412.1M(2048.0M)]
 [Times: user=1.26 sys=0.09, real=0.18 secs] 
2020-09-29T11:59:03.769+0200: 6.000: [GC pause (G1 Evacuation Pause) (young), 0.1696399 secs]
   [Parallel Time: 168.4 ms, GC Workers: 8]
      [GC Worker Start (ms): Min: 6000.0, Avg: 6000.1, Max: 6000.1, Diff: 0.1]
      [Ext Root Scanning (ms): Min: 0.0, Avg: 0.1, Max: 0.1, Diff: 0.1, Sum: 0.6]
      [Update RS (ms): Min: 13.5, Avg: 13.7, Max: 14.0, Diff: 0.5, Sum: 109.2]
         [Processed Buffers: Min: 13, Avg: 14.5, Max: 16, Diff: 3, Sum: 116]
      [Scan RS (ms): Min: 24.0, Avg: 24.3, Max: 24.4, Diff: 0.4, Sum: 194.4]
      [Code Root Scanning (ms): Min: 0.0, Avg: 0.0, Max: 0.0, Diff: 0.0, Sum: 0.0]
      [Object Copy (ms): Min: 130.0, Avg: 130.1, Max: 130.2, Diff: 0.1, Sum: 1040.9]
      [Termination (ms): Min: 0.0, Avg: 0.0, Max: 0.1, Diff: 0.1, Sum: 0.3]
         [Termination Attempts: Min: 1, Avg: 242.3, Max: 339, Diff: 338, Sum: 1938]
      [GC Worker Other (ms): Min: 0.0, Avg: 0.0, Max: 0.1, Diff: 0.0, Sum: 0.2]
      [GC Worker Total (ms): Min: 168.2, Avg: 168.2, Max: 168.3, Diff: 0.1, Sum: 1345.7]
      [GC Worker End (ms): Min: 6168.3, Avg: 6168.3, Max: 6168.3, Diff: 0.0]
   [Code Root Fixup: 0.0 ms]
   [Code Root Purge: 0.0 ms]
   [Clear CT: 0.2 ms]
   [Other: 1.0 ms]
      [Choose CSet: 0.0 ms]
      [Ref Proc: 0.2 ms]
      [Ref Enq: 0.0 ms]
      [Redirty Cards: 0.3 ms]
      [Humongous Register: 0.0 ms]
      [Humongous Reclaim: 0.0 ms]
      [Free CSet: 0.2 ms]
   [Eden: 294.0M(294.0M)->0.0B(290.0M) Survivors: 44.0M->43.0M Heap: 753.8M(2048.0M)->756.3M(2048.0M)]
 [Times: user=1.25 sys=0.11, real=0.17 secs] 
2020-09-29T11:59:04.089+0200: 6.320: [GC pause (G1 Evacuation Pause) (young), 0.1712036 secs]
   [Parallel Time: 170.4 ms, GC Workers: 8]
      [GC Worker Start (ms): Min: 6320.3, Avg: 6320.3, Max: 6320.4, Diff: 0.1]
      [Ext Root Scanning (ms): Min: 0.0, Avg: 0.1, Max: 0.1, Diff: 0.1, Sum: 0.6]
      [Update RS (ms): Min: 11.5, Avg: 11.6, Max: 11.7, Diff: 0.2, Sum: 92.8]
         [Processed Buffers: Min: 12, Avg: 13.6, Max: 17, Diff: 5, Sum: 109]
      [Scan RS (ms): Min: 25.1, Avg: 25.3, Max: 25.4, Diff: 0.3, Sum: 202.2]
      [Code Root Scanning (ms): Min: 0.0, Avg: 0.0, Max: 0.0, Diff: 0.0, Sum: 0.0]
      [Object Copy (ms): Min: 132.9, Avg: 133.0, Max: 133.1, Diff: 0.2, Sum: 1063.9]
      [Termination (ms): Min: 0.0, Avg: 0.1, Max: 0.1, Diff: 0.1, Sum: 0.6]
         [Termination Attempts: Min: 1, Avg: 554.3, Max: 677, Diff: 676, Sum: 4434]
      [GC Worker Other (ms): Min: 0.0, Avg: 0.1, Max: 0.2, Diff: 0.1, Sum: 0.5]
      [GC Worker Total (ms): Min: 170.0, Avg: 170.1, Max: 170.2, Diff: 0.2, Sum: 1360.6]
      [GC Worker End (ms): Min: 6490.4, Avg: 6490.4, Max: 6490.5, Diff: 0.1]
   [Code Root Fixup: 0.0 ms]
   [Code Root Purge: 0.0 ms]
   [Clear CT: 0.2 ms]
   [Other: 0.7 ms]
      [Choose CSet: 0.0 ms]
      [Ref Proc: 0.1 ms]
      [Ref Enq: 0.0 ms]
      [Redirty Cards: 0.2 ms]
      [Humongous Register: 0.0 ms]
      [Humongous Reclaim: 0.0 ms]
      [Free CSet: 0.2 ms]
   [Eden: 290.0M(290.0M)->0.0B(286.0M) Survivors: 43.0M->42.0M Heap: 1095.9M(2048.0M)->1097.9M(2048.0M)]
 [Times: user=1.31 sys=0.01, real=0.17 secs] 
2020-09-29T11:59:04.274+0200: 6.505: [GC pause (G1 Humongous Allocation) (young) (initial-mark), 0.0509665 secs]
   [Parallel Time: 50.3 ms, GC Workers: 8]
      [GC Worker Start (ms): Min: 6505.0, Avg: 6505.0, Max: 6505.1, Diff: 0.1]
      [Ext Root Scanning (ms): Min: 0.0, Avg: 0.9, Max: 6.6, Diff: 6.6, Sum: 7.4]
      [Update RS (ms): Min: 18.3, Avg: 24.1, Max: 25.4, Diff: 7.2, Sum: 192.9]
         [Processed Buffers: Min: 23, Avg: 32.4, Max: 36, Diff: 13, Sum: 259]
      [Scan RS (ms): Min: 2.5, Avg: 3.0, Max: 3.4, Diff: 0.9, Sum: 24.1]
      [Code Root Scanning (ms): Min: 0.0, Avg: 0.0, Max: 0.0, Diff: 0.0, Sum: 0.0]
      [Object Copy (ms): Min: 21.9, Avg: 22.0, Max: 22.1, Diff: 0.2, Sum: 176.2]
      [Termination (ms): Min: 0.0, Avg: 0.0, Max: 0.0, Diff: 0.0, Sum: 0.1]
         [Termination Attempts: Min: 1, Avg: 83.1, Max: 113, Diff: 112, Sum: 665]
      [GC Worker Other (ms): Min: 0.0, Avg: 0.0, Max: 0.0, Diff: 0.0, Sum: 0.1]
      [GC Worker Total (ms): Min: 50.0, Avg: 50.1, Max: 50.2, Diff: 0.1, Sum: 400.9]
      [GC Worker End (ms): Min: 6555.1, Avg: 6555.1, Max: 6555.2, Diff: 0.0]
   [Code Root Fixup: 0.0 ms]
   [Code Root Purge: 0.0 ms]
   [Clear CT: 0.1 ms]
   [Other: 0.5 ms]
      [Choose CSet: 0.0 ms]
      [Ref Proc: 0.1 ms]
      [Ref Enq: 0.0 ms]
      [Redirty Cards: 0.1 ms]
      [Humongous Register: 0.0 ms]
      [Humongous Reclaim: 0.0 ms]
      [Free CSet: 0.1 ms]
   [Eden: 11.0M(286.0M)->0.0B(329.0M) Survivors: 42.0M->13.0M Heap: 1108.4M(2048.0M)->1112.4M(2048.0M)]
 [Times: user=0.36 sys=0.02, real=0.05 secs] 
2020-09-29T11:59:04.325+0200: 6.556: [GC concurrent-root-region-scan-start]
2020-09-29T11:59:04.327+0200: 6.558: [GC concurrent-root-region-scan-end, 0.0024270 secs]
2020-09-29T11:59:04.327+0200: 6.558: [GC concurrent-mark-start]
2020-09-29T11:59:04.330+0200: 6.561: [GC concurrent-mark-end, 0.0024446 secs]
2020-09-29T11:59:04.330+0200: 6.561: [GC remark 2020-09-29T11:59:04.330+0200: 6.561: [Finalize Marking, 0.0001959 secs] 2020-09-29T11:59:04.330+0200: 6.561: [GC ref-proc, 0.0002954 secs] 2020-09-29T11:59:04.330+0200: 6.562: [Unloading, 0.0004011 secs], 0.0012296 secs]
 [Times: user=0.00 sys=0.00, real=0.00 secs] 
2020-09-29T11:59:04.331+0200: 6.563: [GC cleanup 1123M->29M(2048M), 0.0011332 secs]
 [Times: user=0.00 sys=0.00, real=0.00 secs] 
2020-09-29T11:59:04.333+0200: 6.564: [GC concurrent-cleanup-start]
2020-09-29T11:59:04.334+0200: 6.565: [GC concurrent-cleanup-end, 0.0014004 secs]
2020-09-29T11:59:04.492+0200: 6.724: [GC pause (G1 Evacuation Pause) (young), 0.1685654 secs]
   [Parallel Time: 167.2 ms, GC Workers: 8]
      [GC Worker Start (ms): Min: 6723.7, Avg: 6723.8, Max: 6723.8, Diff: 0.1]
      [Ext Root Scanning (ms): Min: 0.0, Avg: 0.1, Max: 0.1, Diff: 0.1, Sum: 0.5]
      [Update RS (ms): Min: 11.0, Avg: 11.2, Max: 11.6, Diff: 0.6, Sum: 89.4]
         [Processed Buffers: Min: 12, Avg: 12.6, Max: 15, Diff: 3, Sum: 101]
      [Scan RS (ms): Min: 26.5, Avg: 26.9, Max: 27.1, Diff: 0.6, Sum: 215.3]
      [Code Root Scanning (ms): Min: 0.0, Avg: 0.0, Max: 0.0, Diff: 0.0, Sum: 0.0]
      [Object Copy (ms): Min: 128.7, Avg: 128.9, Max: 129.0, Diff: 0.3, Sum: 1030.8]
      [Termination (ms): Min: 0.0, Avg: 0.0, Max: 0.0, Diff: 0.0, Sum: 0.0]
         [Termination Attempts: Min: 1, Avg: 2.8, Max: 5, Diff: 4, Sum: 22]
      [GC Worker Other (ms): Min: 0.0, Avg: 0.0, Max: 0.1, Diff: 0.1, Sum: 0.4]
      [GC Worker Total (ms): Min: 167.0, Avg: 167.1, Max: 167.1, Diff: 0.2, Sum: 1336.4]
      [GC Worker End (ms): Min: 6890.8, Avg: 6890.8, Max: 6890.8, Diff: 0.1]
   [Code Root Fixup: 0.0 ms]
   [Code Root Purge: 0.0 ms]
   [Clear CT: 0.2 ms]
   [Other: 1.1 ms]
      [Choose CSet: 0.0 ms]
      [Ref Proc: 0.3 ms]
      [Ref Enq: 0.0 ms]
      [Redirty Cards: 0.4 ms]
      [Humongous Register: 0.0 ms]
      [Humongous Reclaim: 0.0 ms]
      [Free CSet: 0.2 ms]
   [Eden: 329.0M(329.0M)->0.0B(297.0M) Survivors: 13.0M->43.0M Heap: 402.8M(2048.0M)->392.8M(2048.0M)]
 [Times: user=1.09 sys=0.09, real=0.17 secs] 
2020-09-29T11:59:04.808+0200: 7.039: [GC pause (G1 Evacuation Pause) (young), 0.1730718 secs]
   [Parallel Time: 171.5 ms, GC Workers: 8]
      [GC Worker Start (ms): Min: 7039.2, Avg: 7039.3, Max: 7039.4, Diff: 0.2]
      [Ext Root Scanning (ms): Min: 0.0, Avg: 0.1, Max: 0.1, Diff: 0.1, Sum: 0.4]
      [Update RS (ms): Min: 12.7, Avg: 13.0, Max: 13.4, Diff: 0.7, Sum: 104.4]
         [Processed Buffers: Min: 14, Avg: 14.5, Max: 16, Diff: 2, Sum: 116]
      [Scan RS (ms): Min: 23.4, Avg: 23.7, Max: 24.1, Diff: 0.7, Sum: 189.6]
      [Code Root Scanning (ms): Min: 0.0, Avg: 0.0, Max: 0.0, Diff: 0.0, Sum: 0.0]
      [Object Copy (ms): Min: 134.3, Avg: 134.5, Max: 134.5, Diff: 0.2, Sum: 1075.7]
      [Termination (ms): Min: 0.0, Avg: 0.0, Max: 0.0, Diff: 0.0, Sum: 0.0]
         [Termination Attempts: Min: 1, Avg: 12.3, Max: 18, Diff: 17, Sum: 98]
      [GC Worker Other (ms): Min: 0.0, Avg: 0.0, Max: 0.1, Diff: 0.1, Sum: 0.4]
      [GC Worker Total (ms): Min: 171.3, Avg: 171.3, Max: 171.4, Diff: 0.2, Sum: 1370.6]
      [GC Worker End (ms): Min: 7210.6, Avg: 7210.6, Max: 7210.7, Diff: 0.1]
   [Code Root Fixup: 0.0 ms]
   [Code Root Purge: 0.0 ms]
   [Clear CT: 0.4 ms]
   [Other: 1.2 ms]
      [Choose CSet: 0.0 ms]
      [Ref Proc: 0.3 ms]
      [Ref Enq: 0.0 ms]
      [Redirty Cards: 0.5 ms]
      [Humongous Register: 0.0 ms]
      [Humongous Reclaim: 0.0 ms]
      [Free CSet: 0.2 ms]
   [Eden: 297.0M(297.0M)->0.0B(290.0M) Survivors: 43.0M->43.0M Heap: 739.4M(2048.0M)->741.4M(2048.0M)]
 [Times: user=1.31 sys=0.06, real=0.17 secs] 
2020-09-29T11:59:05.134+0200: 7.365: [GC pause (G1 Evacuation Pause) (young), 0.1745472 secs]
   [Parallel Time: 173.6 ms, GC Workers: 8]
      [GC Worker Start (ms): Min: 7365.4, Avg: 7365.5, Max: 7365.5, Diff: 0.2]
      [Ext Root Scanning (ms): Min: 0.0, Avg: 0.1, Max: 0.2, Diff: 0.2, Sum: 0.4]
      [Update RS (ms): Min: 16.7, Avg: 16.9, Max: 17.3, Diff: 0.6, Sum: 135.0]
         [Processed Buffers: Min: 16, Avg: 18.8, Max: 22, Diff: 6, Sum: 150]
      [Scan RS (ms): Min: 21.3, Avg: 21.8, Max: 22.1, Diff: 0.8, Sum: 174.0]
      [Code Root Scanning (ms): Min: 0.0, Avg: 0.0, Max: 0.0, Diff: 0.0, Sum: 0.0]
      [Object Copy (ms): Min: 134.3, Avg: 134.5, Max: 134.6, Diff: 0.3, Sum: 1075.8]
      [Termination (ms): Min: 0.0, Avg: 0.0, Max: 0.1, Diff: 0.1, Sum: 0.4]
         [Termination Attempts: Min: 1, Avg: 326.1, Max: 477, Diff: 476, Sum: 2609]
      [GC Worker Other (ms): Min: 0.0, Avg: 0.1, Max: 0.2, Diff: 0.2, Sum: 0.7]
      [GC Worker Total (ms): Min: 173.2, Avg: 173.3, Max: 173.5, Diff: 0.3, Sum: 1386.4]
      [GC Worker End (ms): Min: 7538.7, Avg: 7538.8, Max: 7538.8, Diff: 0.2]
   [Code Root Fixup: 0.0 ms]
   [Code Root Purge: 0.0 ms]
   [Clear CT: 0.3 ms]
   [Other: 0.7 ms]
      [Choose CSet: 0.0 ms]
      [Ref Proc: 0.2 ms]
      [Ref Enq: 0.0 ms]
      [Redirty Cards: 0.1 ms]
      [Humongous Register: 0.0 ms]
      [Humongous Reclaim: 0.0 ms]
      [Free CSet: 0.2 ms]
   [Eden: 290.0M(290.0M)->0.0B(287.0M) Survivors: 43.0M->42.0M Heap: 1081.0M(2048.0M)->1083.0M(2048.0M)]
 [Times: user=1.34 sys=0.02, real=0.17 secs] 
2020-09-29T11:59:05.320+0200: 7.552: [GC pause (G1 Humongous Allocation) (young) (initial-mark), 0.0578666 secs]
   [Parallel Time: 57.2 ms, GC Workers: 8]
      [GC Worker Start (ms): Min: 7552.0, Avg: 7552.1, Max: 7552.1, Diff: 0.1]
      [Ext Root Scanning (ms): Min: 0.0, Avg: 0.1, Max: 0.3, Diff: 0.3, Sum: 1.1]
      [Update RS (ms): Min: 30.0, Avg: 30.2, Max: 30.5, Diff: 0.5, Sum: 241.9]
         [Processed Buffers: Min: 21, Avg: 36.8, Max: 41, Diff: 20, Sum: 294]
      [Scan RS (ms): Min: 2.9, Avg: 3.1, Max: 3.4, Diff: 0.5, Sum: 24.5]
      [Code Root Scanning (ms): Min: 0.0, Avg: 0.0, Max: 0.0, Diff: 0.0, Sum: 0.0]
      [Object Copy (ms): Min: 23.5, Avg: 23.5, Max: 23.5, Diff: 0.1, Sum: 188.1]
      [Termination (ms): Min: 0.0, Avg: 0.0, Max: 0.1, Diff: 0.1, Sum: 0.4]
         [Termination Attempts: Min: 1, Avg: 308.6, Max: 388, Diff: 387, Sum: 2469]
      [GC Worker Other (ms): Min: 0.0, Avg: 0.0, Max: 0.1, Diff: 0.0, Sum: 0.2]
      [GC Worker Total (ms): Min: 56.9, Avg: 57.0, Max: 57.1, Diff: 0.1, Sum: 456.2]
      [GC Worker End (ms): Min: 7609.1, Avg: 7609.1, Max: 7609.1, Diff: 0.0]
   [Code Root Fixup: 0.0 ms]
   [Code Root Purge: 0.0 ms]
   [Clear CT: 0.2 ms]
   [Other: 0.5 ms]
      [Choose CSet: 0.0 ms]
      [Ref Proc: 0.1 ms]
      [Ref Enq: 0.0 ms]
      [Redirty Cards: 0.1 ms]
      [Humongous Register: 0.0 ms]
      [Humongous Reclaim: 0.0 ms]
      [Free CSet: 0.1 ms]
   [Eden: 12.0M(287.0M)->0.0B(323.0M) Survivors: 42.0M->14.0M Heap: 1094.5M(2048.0M)->1099.5M(2048.0M)]
 [Times: user=0.34 sys=0.00, real=0.06 secs] 
2020-09-29T11:59:05.378+0200: 7.610: [GC concurrent-root-region-scan-start]
2020-09-29T11:59:05.380+0200: 7.612: [GC concurrent-root-region-scan-end, 0.0019635 secs]
2020-09-29T11:59:05.380+0200: 7.612: [GC concurrent-mark-start]
2020-09-29T11:59:05.382+0200: 7.614: [GC concurrent-mark-end, 0.0021111 secs]
2020-09-29T11:59:05.383+0200: 7.614: [GC remark 2020-09-29T11:59:05.383+0200: 7.614: [Finalize Marking, 0.0001640 secs] 2020-09-29T11:59:05.383+0200: 7.614: [GC ref-proc, 0.0002560 secs] 2020-09-29T11:59:05.383+0200: 7.615: [Unloading, 0.0003742 secs], 0.0010652 secs]
 [Times: user=0.00 sys=0.00, real=0.00 secs] 
2020-09-29T11:59:05.384+0200: 7.616: [GC cleanup 1111M->31M(2048M), 0.0009957 secs]
 [Times: user=0.00 sys=0.00, real=0.00 secs] 
2020-09-29T11:59:05.385+0200: 7.617: [GC concurrent-cleanup-start]
2020-09-29T11:59:05.387+0200: 7.618: [GC concurrent-cleanup-end, 0.0015416 secs]
2020-09-29T11:59:05.548+0200: 7.780: [GC pause (G1 Evacuation Pause) (young), 0.1684836 secs]
   [Parallel Time: 166.8 ms, GC Workers: 8]
      [GC Worker Start (ms): Min: 7779.6, Avg: 7779.8, Max: 7779.8, Diff: 0.2]
      [Ext Root Scanning (ms): Min: 0.0, Avg: 0.1, Max: 0.2, Diff: 0.2, Sum: 0.4]
      [Update RS (ms): Min: 17.8, Avg: 17.9, Max: 18.1, Diff: 0.3, Sum: 143.5]
         [Processed Buffers: Min: 18, Avg: 19.3, Max: 21, Diff: 3, Sum: 154]
      [Scan RS (ms): Min: 20.1, Avg: 20.3, Max: 20.5, Diff: 0.4, Sum: 162.1]
      [Code Root Scanning (ms): Min: 0.0, Avg: 0.0, Max: 0.0, Diff: 0.0, Sum: 0.0]
      [Object Copy (ms): Min: 128.2, Avg: 128.3, Max: 128.5, Diff: 0.2, Sum: 1026.8]
      [Termination (ms): Min: 0.0, Avg: 0.0, Max: 0.1, Diff: 0.1, Sum: 0.3]
         [Termination Attempts: Min: 1, Avg: 28.9, Max: 44, Diff: 43, Sum: 231]
      [GC Worker Other (ms): Min: 0.0, Avg: 0.0, Max: 0.0, Diff: 0.0, Sum: 0.1]
      [GC Worker Total (ms): Min: 166.6, Avg: 166.7, Max: 166.8, Diff: 0.2, Sum: 1333.2]
      [GC Worker End (ms): Min: 7946.4, Avg: 7946.4, Max: 7946.4, Diff: 0.0]
   [Code Root Fixup: 0.0 ms]
   [Code Root Purge: 0.0 ms]
   [Clear CT: 0.3 ms]
   [Other: 1.3 ms]
      [Choose CSet: 0.0 ms]
      [Ref Proc: 0.4 ms]
      [Ref Enq: 0.0 ms]
      [Redirty Cards: 0.4 ms]
      [Humongous Register: 0.0 ms]
      [Humongous Reclaim: 0.0 ms]
      [Free CSet: 0.2 ms]
   [Eden: 323.0M(323.0M)->0.0B(299.0M) Survivors: 14.0M->43.0M Heap: 398.3M(2048.0M)->386.3M(2048.0M)]
 [Times: user=1.33 sys=0.05, real=0.17 secs] 
2020-09-29T11:59:05.874+0200: 8.106: [GC pause (G1 Evacuation Pause) (young), 0.1815895 secs]
   [Parallel Time: 180.4 ms, GC Workers: 8]
      [GC Worker Start (ms): Min: 8105.8, Avg: 8105.9, Max: 8105.9, Diff: 0.1]
      [Ext Root Scanning (ms): Min: 0.0, Avg: 0.1, Max: 0.1, Diff: 0.1, Sum: 0.6]
      [Update RS (ms): Min: 15.1, Avg: 15.3, Max: 15.7, Diff: 0.5, Sum: 122.3]
         [Processed Buffers: Min: 14, Avg: 16.9, Max: 20, Diff: 6, Sum: 135]
      [Scan RS (ms): Min: 23.3, Avg: 23.7, Max: 23.9, Diff: 0.6, Sum: 190.0]
      [Code Root Scanning (ms): Min: 0.0, Avg: 0.0, Max: 0.0, Diff: 0.0, Sum: 0.0]
      [Object Copy (ms): Min: 141.0, Avg: 141.1, Max: 141.2, Diff: 0.2, Sum: 1128.5]
      [Termination (ms): Min: 0.0, Avg: 0.0, Max: 0.1, Diff: 0.1, Sum: 0.4]
         [Termination Attempts: Min: 1, Avg: 297.4, Max: 381, Diff: 380, Sum: 2379]
      [GC Worker Other (ms): Min: 0.0, Avg: 0.0, Max: 0.1, Diff: 0.1, Sum: 0.3]
      [GC Worker Total (ms): Min: 180.2, Avg: 180.2, Max: 180.3, Diff: 0.1, Sum: 1442.0]
      [GC Worker End (ms): Min: 8286.1, Avg: 8286.1, Max: 8286.1, Diff: 0.1]
   [Code Root Fixup: 0.0 ms]
   [Code Root Purge: 0.0 ms]
   [Clear CT: 0.2 ms]
   [Other: 1.0 ms]
      [Choose CSet: 0.0 ms]
      [Ref Proc: 0.2 ms]
      [Ref Enq: 0.0 ms]
      [Redirty Cards: 0.3 ms]
      [Humongous Register: 0.0 ms]
      [Humongous Reclaim: 0.0 ms]
      [Free CSet: 0.3 ms]
   [Eden: 299.0M(299.0M)->0.0B(287.0M) Survivors: 43.0M->43.0M Heap: 734.9M(2048.0M)->736.9M(2048.0M)]
 [Times: user=1.36 sys=0.08, real=0.18 secs] 
2020-09-29T11:59:06.217+0200: 8.448: [GC pause (G1 Evacuation Pause) (young), 0.1931016 secs]
   [Parallel Time: 191.9 ms, GC Workers: 8]
      [GC Worker Start (ms): Min: 8448.4, Avg: 8448.5, Max: 8448.5, Diff: 0.1]
      [Ext Root Scanning (ms): Min: 0.0, Avg: 0.1, Max: 0.1, Diff: 0.1, Sum: 0.6]
      [Update RS (ms): Min: 16.3, Avg: 16.5, Max: 16.7, Diff: 0.4, Sum: 131.6]
         [Processed Buffers: Min: 17, Avg: 18.0, Max: 20, Diff: 3, Sum: 144]
      [Scan RS (ms): Min: 20.9, Avg: 21.2, Max: 21.5, Diff: 0.6, Sum: 169.5]
      [Code Root Scanning (ms): Min: 0.0, Avg: 0.0, Max: 0.0, Diff: 0.0, Sum: 0.0]
      [Object Copy (ms): Min: 153.2, Avg: 153.5, Max: 154.0, Diff: 0.7, Sum: 1227.6]
      [Termination (ms): Min: 0.0, Avg: 0.4, Max: 0.5, Diff: 0.5, Sum: 3.5]
         [Termination Attempts: Min: 1, Avg: 3028.0, Max: 3821, Diff: 3820, Sum: 24224]
      [GC Worker Other (ms): Min: 0.0, Avg: 0.1, Max: 0.2, Diff: 0.1, Sum: 0.5]
      [GC Worker Total (ms): Min: 191.6, Avg: 191.7, Max: 191.7, Diff: 0.1, Sum: 1533.4]
      [GC Worker End (ms): Min: 8640.1, Avg: 8640.2, Max: 8640.3, Diff: 0.1]
   [Code Root Fixup: 0.0 ms]
   [Code Root Purge: 0.0 ms]
   [Clear CT: 0.4 ms]
   [Other: 0.7 ms]
      [Choose CSet: 0.0 ms]
      [Ref Proc: 0.1 ms]
      [Ref Enq: 0.0 ms]
      [Redirty Cards: 0.2 ms]
      [Humongous Register: 0.1 ms]
      [Humongous Reclaim: 0.0 ms]
      [Free CSet: 0.2 ms]
   [Eden: 287.0M(287.0M)->0.0B(266.0M) Survivors: 43.0M->42.0M Heap: 1071.6M(2048.0M)->1073.6M(2048.0M)]
 [Times: user=1.39 sys=0.08, real=0.19 secs] 
2020-09-29T11:59:06.417+0200: 8.648: [GC pause (G1 Humongous Allocation) (young) (initial-mark), 0.0625148 secs]
   [Parallel Time: 61.8 ms, GC Workers: 8]
      [GC Worker Start (ms): Min: 8648.5, Avg: 8648.6, Max: 8648.7, Diff: 0.1]
      [Ext Root Scanning (ms): Min: 0.0, Avg: 0.1, Max: 0.1, Diff: 0.1, Sum: 0.6]
      [Update RS (ms): Min: 33.7, Avg: 33.8, Max: 34.2, Diff: 0.5, Sum: 270.4]
         [Processed Buffers: Min: 41, Avg: 44.5, Max: 46, Diff: 5, Sum: 356]
      [Scan RS (ms): Min: 2.7, Avg: 3.1, Max: 3.2, Diff: 0.4, Sum: 24.6]
      [Code Root Scanning (ms): Min: 0.0, Avg: 0.0, Max: 0.0, Diff: 0.0, Sum: 0.0]
      [Object Copy (ms): Min: 24.5, Avg: 24.5, Max: 24.7, Diff: 0.2, Sum: 196.1]
      [Termination (ms): Min: 0.0, Avg: 0.1, Max: 0.2, Diff: 0.2, Sum: 1.1]
         [Termination Attempts: Min: 1, Avg: 997.5, Max: 1270, Diff: 1269, Sum: 7980]
      [GC Worker Other (ms): Min: 0.0, Avg: 0.0, Max: 0.0, Diff: 0.0, Sum: 0.1]
      [GC Worker Total (ms): Min: 61.6, Avg: 61.6, Max: 61.7, Diff: 0.1, Sum: 493.1]
      [GC Worker End (ms): Min: 8710.2, Avg: 8710.2, Max: 8710.2, Diff: 0.0]
   [Code Root Fixup: 0.0 ms]
   [Code Root Purge: 0.0 ms]
   [Clear CT: 0.1 ms]
   [Other: 0.6 ms]
      [Choose CSet: 0.0 ms]
      [Ref Proc: 0.2 ms]
      [Ref Enq: 0.0 ms]
      [Redirty Cards: 0.1 ms]
      [Humongous Register: 0.0 ms]
      [Humongous Reclaim: 0.0 ms]
      [Free CSet: 0.1 ms]
   [Eden: 7168.0K(266.0M)->0.0B(292.0M) Survivors: 42.0M->9216.0K Heap: 1080.6M(2048.0M)->1085.1M(2048.0M)]
 [Times: user=0.50 sys=0.00, real=0.06 secs] 
2020-09-29T11:59:06.479+0200: 8.711: [GC concurrent-root-region-scan-start]
2020-09-29T11:59:06.481+0200: 8.712: [GC concurrent-root-region-scan-end, 0.0012505 secs]
2020-09-29T11:59:06.481+0200: 8.712: [GC concurrent-mark-start]
2020-09-29T11:59:06.483+0200: 8.715: [GC concurrent-mark-end, 0.0025488 secs]
2020-09-29T11:59:06.483+0200: 8.715: [GC remark 2020-09-29T11:59:06.484+0200: 8.715: [Finalize Marking, 0.0001178 secs] 2020-09-29T11:59:06.484+0200: 8.715: [GC ref-proc, 0.0002842 secs] 2020-09-29T11:59:06.484+0200: 8.716: [Unloading, 0.0004321 secs], 0.0011913 secs]
 [Times: user=0.00 sys=0.00, real=0.00 secs] 
2020-09-29T11:59:06.485+0200: 8.717: [GC cleanup 1094M->24M(2048M), 0.0011802 secs]
 [Times: user=0.00 sys=0.00, real=0.00 secs] 
2020-09-29T11:59:06.486+0200: 8.718: [GC concurrent-cleanup-start]
2020-09-29T11:59:06.488+0200: 8.719: [GC concurrent-cleanup-end, 0.0012607 secs]
2020-09-29T11:59:06.627+0200: 8.859: [GC pause (G1 Evacuation Pause) (young), 0.1511497 secs]
   [Parallel Time: 150.1 ms, GC Workers: 8]
      [GC Worker Start (ms): Min: 8858.7, Avg: 8858.8, Max: 8858.9, Diff: 0.2]
      [Ext Root Scanning (ms): Min: 0.0, Avg: 0.1, Max: 0.1, Diff: 0.1, Sum: 0.5]
      [Update RS (ms): Min: 17.4, Avg: 17.7, Max: 18.3, Diff: 0.8, Sum: 141.7]
         [Processed Buffers: Min: 18, Avg: 19.3, Max: 21, Diff: 3, Sum: 154]
      [Scan RS (ms): Min: 16.3, Avg: 16.9, Max: 17.3, Diff: 0.9, Sum: 135.2]
      [Code Root Scanning (ms): Min: 0.0, Avg: 0.0, Max: 0.0, Diff: 0.0, Sum: 0.0]
      [Object Copy (ms): Min: 115.0, Avg: 115.1, Max: 115.2, Diff: 0.2, Sum: 920.9]
      [Termination (ms): Min: 0.0, Avg: 0.1, Max: 0.1, Diff: 0.1, Sum: 0.5]
         [Termination Attempts: Min: 1, Avg: 470.6, Max: 583, Diff: 582, Sum: 3765]
      [GC Worker Other (ms): Min: 0.0, Avg: 0.0, Max: 0.1, Diff: 0.0, Sum: 0.3]
      [GC Worker Total (ms): Min: 149.8, Avg: 149.9, Max: 150.0, Diff: 0.2, Sum: 1199.1]
      [GC Worker End (ms): Min: 9008.7, Avg: 9008.7, Max: 9008.7, Diff: 0.0]
   [Code Root Fixup: 0.0 ms]
   [Code Root Purge: 0.0 ms]
   [Clear CT: 0.3 ms]
   [Other: 0.8 ms]
      [Choose CSet: 0.0 ms]
      [Ref Proc: 0.1 ms]
      [Ref Enq: 0.0 ms]
      [Redirty Cards: 0.3 ms]
      [Humongous Register: 0.0 ms]
      [Humongous Reclaim: 0.0 ms]
      [Free CSet: 0.2 ms]
   [Eden: 292.0M(292.0M)->0.0B(281.0M) Survivors: 9216.0K->38.0M Heap: 356.6M(2048.0M)->349.6M(2048.0M)]
 [Times: user=1.17 sys=0.08, real=0.15 secs] 
2020-09-29T11:59:06.914+0200: 9.146: [GC pause (G1 Evacuation Pause) (young), 0.1730588 secs]
   [Parallel Time: 172.2 ms, GC Workers: 8]
      [GC Worker Start (ms): Min: 9146.0, Avg: 9146.1, Max: 9146.1, Diff: 0.1]
      [Ext Root Scanning (ms): Min: 0.0, Avg: 0.1, Max: 0.1, Diff: 0.1, Sum: 0.5]
      [Update RS (ms): Min: 24.0, Avg: 24.1, Max: 24.1, Diff: 0.1, Sum: 192.4]
         [Processed Buffers: Min: 22, Avg: 25.0, Max: 30, Diff: 8, Sum: 200]
      [Scan RS (ms): Min: 17.6, Avg: 17.7, Max: 17.8, Diff: 0.2, Sum: 141.5]
      [Code Root Scanning (ms): Min: 0.0, Avg: 0.0, Max: 0.0, Diff: 0.0, Sum: 0.0]
      [Object Copy (ms): Min: 129.9, Avg: 130.0, Max: 130.2, Diff: 0.2, Sum: 1040.3]
      [Termination (ms): Min: 0.0, Avg: 0.1, Max: 0.1, Diff: 0.1, Sum: 0.7]
         [Termination Attempts: Min: 1, Avg: 653.1, Max: 814, Diff: 813, Sum: 5225]
      [GC Worker Other (ms): Min: 0.0, Avg: 0.0, Max: 0.1, Diff: 0.1, Sum: 0.3]
      [GC Worker Total (ms): Min: 171.9, Avg: 172.0, Max: 172.1, Diff: 0.2, Sum: 1375.9]
      [GC Worker End (ms): Min: 9318.0, Avg: 9318.1, Max: 9318.1, Diff: 0.1]
   [Code Root Fixup: 0.0 ms]
   [Code Root Purge: 0.0 ms]
   [Clear CT: 0.1 ms]
   [Other: 0.8 ms]
      [Choose CSet: 0.0 ms]
      [Ref Proc: 0.2 ms]
      [Ref Enq: 0.0 ms]
      [Redirty Cards: 0.2 ms]
      [Humongous Register: 0.0 ms]
      [Humongous Reclaim: 0.0 ms]
      [Free CSet: 0.2 ms]
   [Eden: 281.0M(281.0M)->0.0B(278.0M) Survivors: 38.0M->40.0M Heap: 678.3M(2048.0M)->680.8M(2048.0M)]
 [Times: user=1.28 sys=0.08, real=0.17 secs] 
2020-09-29T11:59:07.241+0200: 9.473: [GC pause (G1 Evacuation Pause) (young), 0.1949433 secs]
   [Parallel Time: 193.9 ms, GC Workers: 8]
      [GC Worker Start (ms): Min: 9473.1, Avg: 9473.2, Max: 9473.3, Diff: 0.2]
      [Ext Root Scanning (ms): Min: 0.0, Avg: 0.1, Max: 0.2, Diff: 0.2, Sum: 0.5]
      [Update RS (ms): Min: 16.5, Avg: 16.7, Max: 17.4, Diff: 0.9, Sum: 133.4]
         [Processed Buffers: Min: 13, Avg: 17.8, Max: 19, Diff: 6, Sum: 142]
      [Scan RS (ms): Min: 19.8, Avg: 20.5, Max: 20.7, Diff: 0.9, Sum: 163.9]
      [Code Root Scanning (ms): Min: 0.0, Avg: 0.0, Max: 0.0, Diff: 0.0, Sum: 0.0]
      [Object Copy (ms): Min: 155.3, Avg: 155.6, Max: 156.3, Diff: 1.0, Sum: 1245.0]
      [Termination (ms): Min: 0.0, Avg: 0.7, Max: 1.0, Diff: 1.0, Sum: 5.8]
         [Termination Attempts: Min: 1, Avg: 4331.4, Max: 5726, Diff: 5725, Sum: 34651]
      [GC Worker Other (ms): Min: 0.0, Avg: 0.0, Max: 0.1, Diff: 0.1, Sum: 0.4]
      [GC Worker Total (ms): Min: 193.5, Avg: 193.6, Max: 193.7, Diff: 0.2, Sum: 1549.0]
      [GC Worker End (ms): Min: 9666.8, Avg: 9666.8, Max: 9666.9, Diff: 0.1]
   [Code Root Fixup: 0.0 ms]
   [Code Root Purge: 0.0 ms]
   [Clear CT: 0.2 ms]
   [Other: 0.9 ms]
      [Choose CSet: 0.0 ms]
      [Ref Proc: 0.3 ms]
      [Ref Enq: 0.0 ms]
      [Redirty Cards: 0.2 ms]
      [Humongous Register: 0.0 ms]
      [Humongous Reclaim: 0.0 ms]
      [Free CSet: 0.2 ms]
   [Eden: 278.0M(278.0M)->0.0B(259.0M) Survivors: 40.0M->40.0M Heap: 1004.6M(2048.0M)->1006.6M(2048.0M)]
 [Times: user=1.42 sys=0.03, real=0.20 secs] 
2020-09-29T11:59:07.444+0200: 9.675: [GC pause (G1 Humongous Allocation) (young) (initial-mark), 0.0581732 secs]
   [Parallel Time: 57.4 ms, GC Workers: 8]
      [GC Worker Start (ms): Min: 9675.5, Avg: 9675.6, Max: 9675.6, Diff: 0.1]
      [Ext Root Scanning (ms): Min: 0.0, Avg: 0.1, Max: 0.1, Diff: 0.1, Sum: 0.6]
      [Update RS (ms): Min: 33.9, Avg: 34.3, Max: 34.6, Diff: 0.7, Sum: 274.6]
         [Processed Buffers: Min: 38, Avg: 43.3, Max: 48, Diff: 10, Sum: 346]
      [Scan RS (ms): Min: 2.5, Avg: 2.8, Max: 3.3, Diff: 0.7, Sum: 22.7]
      [Code Root Scanning (ms): Min: 0.0, Avg: 0.0, Max: 0.0, Diff: 0.0, Sum: 0.0]
      [Object Copy (ms): Min: 19.9, Avg: 19.9, Max: 19.9, Diff: 0.0, Sum: 159.3]
      [Termination (ms): Min: 0.0, Avg: 0.1, Max: 0.1, Diff: 0.1, Sum: 0.7]
         [Termination Attempts: Min: 1, Avg: 300.9, Max: 382, Diff: 381, Sum: 2407]
      [GC Worker Other (ms): Min: 0.0, Avg: 0.0, Max: 0.0, Diff: 0.0, Sum: 0.1]
      [GC Worker Total (ms): Min: 57.2, Avg: 57.3, Max: 57.3, Diff: 0.1, Sum: 458.0]
      [GC Worker End (ms): Min: 9732.8, Avg: 9732.8, Max: 9732.8, Diff: 0.0]
   [Code Root Fixup: 0.0 ms]
   [Code Root Purge: 0.0 ms]
   [Clear CT: 0.1 ms]
   [Other: 0.6 ms]
      [Choose CSet: 0.0 ms]
      [Ref Proc: 0.2 ms]
      [Ref Enq: 0.0 ms]
      [Redirty Cards: 0.1 ms]
      [Humongous Register: 0.0 ms]
      [Humongous Reclaim: 0.0 ms]
      [Free CSet: 0.1 ms]
   [Eden: 8192.0K(259.0M)->0.0B(302.0M) Survivors: 40.0M->9216.0K Heap: 1014.1M(2048.0M)->1017.1M(2048.0M)]
 [Times: user=0.38 sys=0.00, real=0.06 secs] 
2020-09-29T11:59:07.502+0200: 9.734: [GC concurrent-root-region-scan-start]
2020-09-29T11:59:07.504+0200: 9.735: [GC concurrent-root-region-scan-end, 0.0017925 secs]
2020-09-29T11:59:07.504+0200: 9.735: [GC concurrent-mark-start]
2020-09-29T11:59:07.507+0200: 9.738: [GC concurrent-mark-end, 0.0023463 secs]
2020-09-29T11:59:07.507+0200: 9.738: [GC remark 2020-09-29T11:59:07.507+0200: 9.738: [Finalize Marking, 0.0001852 secs] 2020-09-29T11:59:07.507+0200: 9.738: [GC ref-proc, 0.0002909 secs] 2020-09-29T11:59:07.507+0200: 9.738: [Unloading, 0.0004001 secs], 0.0011625 secs]
 [Times: user=0.00 sys=0.00, real=0.00 secs] 
2020-09-29T11:59:07.508+0200: 9.739: [GC cleanup 1027M->25M(2048M), 0.0011512 secs]
 [Times: user=0.00 sys=0.00, real=0.00 secs] 
2020-09-29T11:59:07.509+0200: 9.741: [GC concurrent-cleanup-start]
2020-09-29T11:59:07.510+0200: 9.742: [GC concurrent-cleanup-end, 0.0010922 secs]
2020-09-29T11:59:07.661+0200: 9.892: [GC pause (G1 Evacuation Pause) (young), 0.1563161 secs]
   [Parallel Time: 155.3 ms, GC Workers: 8]
      [GC Worker Start (ms): Min: 9892.4, Avg: 9892.5, Max: 9892.6, Diff: 0.2]
      [Ext Root Scanning (ms): Min: 0.0, Avg: 0.1, Max: 0.2, Diff: 0.2, Sum: 0.4]
      [Update RS (ms): Min: 15.7, Avg: 15.8, Max: 16.3, Diff: 0.5, Sum: 126.7]
         [Processed Buffers: Min: 16, Avg: 17.6, Max: 20, Diff: 4, Sum: 141]
      [Scan RS (ms): Min: 18.5, Avg: 18.8, Max: 19.0, Diff: 0.5, Sum: 150.8]
      [Code Root Scanning (ms): Min: 0.0, Avg: 0.0, Max: 0.0, Diff: 0.0, Sum: 0.0]
      [Object Copy (ms): Min: 120.2, Avg: 120.2, Max: 120.3, Diff: 0.1, Sum: 961.9]
      [Termination (ms): Min: 0.0, Avg: 0.1, Max: 0.1, Diff: 0.1, Sum: 0.5]
         [Termination Attempts: Min: 1, Avg: 428.8, Max: 541, Diff: 540, Sum: 3430]
      [GC Worker Other (ms): Min: 0.0, Avg: 0.0, Max: 0.1, Diff: 0.1, Sum: 0.3]
      [GC Worker Total (ms): Min: 155.0, Avg: 155.1, Max: 155.2, Diff: 0.1, Sum: 1240.7]
      [GC Worker End (ms): Min: 10047.6, Avg: 10047.6, Max: 10047.7, Diff: 0.1]
   [Code Root Fixup: 0.0 ms]
   [Code Root Purge: 0.0 ms]
   [Clear CT: 0.2 ms]
   [Other: 0.9 ms]
      [Choose CSet: 0.0 ms]
      [Ref Proc: 0.2 ms]
      [Ref Enq: 0.0 ms]
      [Redirty Cards: 0.2 ms]
      [Humongous Register: 0.1 ms]
      [Humongous Reclaim: 0.0 ms]
      [Free CSet: 0.2 ms]
   [Eden: 302.0M(302.0M)->0.0B(286.0M) Survivors: 9216.0K->39.0M Heap: 368.5M(2048.0M)->361.5M(2048.0M)]
 [Times: user=1.13 sys=0.08, real=0.16 secs] 
2020-09-29T11:59:07.964+0200: 10.195: [GC pause (G1 Evacuation Pause) (young), 0.1673133 secs]
   [Parallel Time: 165.8 ms, GC Workers: 8]
      [GC Worker Start (ms): Min: 10195.1, Avg: 10195.2, Max: 10195.3, Diff: 0.2]
      [Ext Root Scanning (ms): Min: 0.0, Avg: 0.1, Max: 0.2, Diff: 0.2, Sum: 0.5]
      [Update RS (ms): Min: 19.6, Avg: 19.7, Max: 20.0, Diff: 0.4, Sum: 157.7]
         [Processed Buffers: Min: 19, Avg: 20.6, Max: 23, Diff: 4, Sum: 165]
      [Scan RS (ms): Min: 19.2, Avg: 19.5, Max: 19.6, Diff: 0.4, Sum: 156.1]
      [Code Root Scanning (ms): Min: 0.0, Avg: 0.0, Max: 0.0, Diff: 0.0, Sum: 0.0]
      [Object Copy (ms): Min: 125.9, Avg: 125.9, Max: 126.0, Diff: 0.1, Sum: 1007.5]
      [Termination (ms): Min: 0.0, Avg: 0.1, Max: 0.1, Diff: 0.1, Sum: 0.7]
         [Termination Attempts: Min: 1, Avg: 550.3, Max: 747, Diff: 746, Sum: 4402]
      [GC Worker Other (ms): Min: 0.0, Avg: 0.0, Max: 0.1, Diff: 0.1, Sum: 0.3]
      [GC Worker Total (ms): Min: 165.3, Avg: 165.4, Max: 165.5, Diff: 0.2, Sum: 1322.9]
      [GC Worker End (ms): Min: 10360.6, Avg: 10360.6, Max: 10360.7, Diff: 0.1]
   [Code Root Fixup: 0.0 ms]
   [Code Root Purge: 0.0 ms]
   [Clear CT: 0.2 ms]
   [Other: 1.3 ms]
      [Choose CSet: 0.0 ms]
      [Ref Proc: 0.2 ms]
      [Ref Enq: 0.0 ms]
      [Redirty Cards: 0.7 ms]
      [Humongous Register: 0.0 ms]
      [Humongous Reclaim: 0.0 ms]
      [Free CSet: 0.2 ms]
   [Eden: 286.0M(286.0M)->0.0B(283.0M) Survivors: 39.0M->41.0M Heap: 695.2M(2048.0M)->696.7M(2048.0M)]
 [Times: user=1.13 sys=0.13, real=0.17 secs] 
2020-09-29T11:59:08.269+0200: 10.501: [GC pause (G1 Evacuation Pause) (young), 0.1742554 secs]
   [Parallel Time: 173.1 ms, GC Workers: 8]
      [GC Worker Start (ms): Min: 10500.8, Avg: 10500.9, Max: 10500.9, Diff: 0.1]
      [Ext Root Scanning (ms): Min: 0.0, Avg: 0.1, Max: 0.1, Diff: 0.1, Sum: 0.5]
      [Update RS (ms): Min: 18.4, Avg: 18.6, Max: 19.2, Diff: 0.8, Sum: 148.5]
         [Processed Buffers: Min: 18, Avg: 20.8, Max: 23, Diff: 5, Sum: 166]
      [Scan RS (ms): Min: 19.3, Avg: 19.8, Max: 20.0, Diff: 0.7, Sum: 158.3]
      [Code Root Scanning (ms): Min: 0.0, Avg: 0.0, Max: 0.0, Diff: 0.0, Sum: 0.0]
      [Object Copy (ms): Min: 134.2, Avg: 134.4, Max: 134.6, Diff: 0.3, Sum: 1074.9]
      [Termination (ms): Min: 0.0, Avg: 0.1, Max: 0.2, Diff: 0.2, Sum: 1.1]
         [Termination Attempts: Min: 1, Avg: 1005.1, Max: 1369, Diff: 1368, Sum: 8041]
      [GC Worker Other (ms): Min: 0.1, Avg: 0.1, Max: 0.1, Diff: 0.0, Sum: 0.6]
      [GC Worker Total (ms): Min: 172.9, Avg: 173.0, Max: 173.1, Diff: 0.1, Sum: 1383.9]
      [GC Worker End (ms): Min: 10673.9, Avg: 10673.9, Max: 10673.9, Diff: 0.0]
   [Code Root Fixup: 0.0 ms]
   [Code Root Purge: 0.0 ms]
   [Clear CT: 0.2 ms]
   [Other: 0.9 ms]
      [Choose CSet: 0.0 ms]
      [Ref Proc: 0.2 ms]
      [Ref Enq: 0.0 ms]
      [Redirty Cards: 0.3 ms]
      [Humongous Register: 0.0 ms]
      [Humongous Reclaim: 0.0 ms]
      [Free CSet: 0.2 ms]
   [Eden: 283.0M(283.0M)->0.0B(281.0M) Survivors: 41.0M->41.0M Heap: 1027.4M(2048.0M)->1028.9M(2048.0M)]
 [Times: user=1.30 sys=0.06, real=0.17 secs] 
2020-09-29T11:59:08.453+0200: 10.684: [GC pause (G1 Humongous Allocation) (young) (initial-mark), 0.0653843 secs]
   [Parallel Time: 64.6 ms, GC Workers: 8]
      [GC Worker Start (ms): Min: 10684.7, Avg: 10684.7, Max: 10684.7, Diff: 0.1]
      [Ext Root Scanning (ms): Min: 0.0, Avg: 2.4, Max: 18.7, Diff: 18.7, Sum: 19.5]
      [Update RS (ms): Min: 17.4, Avg: 33.7, Max: 36.3, Diff: 18.9, Sum: 269.7]
         [Processed Buffers: Min: 23, Avg: 42.6, Max: 48, Diff: 25, Sum: 341]
      [Scan RS (ms): Min: 2.6, Avg: 3.5, Max: 7.1, Diff: 4.5, Sum: 27.6]
      [Code Root Scanning (ms): Min: 0.0, Avg: 0.0, Max: 0.0, Diff: 0.0, Sum: 0.0]
      [Object Copy (ms): Min: 20.9, Avg: 24.7, Max: 25.3, Diff: 4.4, Sum: 197.6]
      [Termination (ms): Min: 0.0, Avg: 0.1, Max: 0.1, Diff: 0.1, Sum: 0.8]
         [Termination Attempts: Min: 1, Avg: 716.1, Max: 846, Diff: 845, Sum: 5729]
      [GC Worker Other (ms): Min: 0.0, Avg: 0.0, Max: 0.1, Diff: 0.1, Sum: 0.2]
      [GC Worker Total (ms): Min: 64.4, Avg: 64.4, Max: 64.5, Diff: 0.1, Sum: 515.5]
      [GC Worker End (ms): Min: 10749.1, Avg: 10749.1, Max: 10749.2, Diff: 0.0]
   [Code Root Fixup: 0.0 ms]
   [Code Root Purge: 0.0 ms]
   [Clear CT: 0.2 ms]
   [Other: 0.6 ms]
      [Choose CSet: 0.0 ms]
      [Ref Proc: 0.1 ms]
      [Ref Enq: 0.0 ms]
      [Redirty Cards: 0.1 ms]
      [Humongous Register: 0.1 ms]
      [Humongous Reclaim: 0.0 ms]
      [Free CSet: 0.1 ms]
   [Eden: 11.0M(281.0M)->0.0B(301.0M) Survivors: 41.0M->12.0M Heap: 1039.4M(2048.0M)->1043.4M(2048.0M)]
 [Times: user=0.49 sys=0.00, real=0.07 secs] 
2020-09-29T11:59:08.519+0200: 10.750: [GC concurrent-root-region-scan-start]
2020-09-29T11:59:08.521+0200: 10.752: [GC concurrent-root-region-scan-end, 0.0024512 secs]
2020-09-29T11:59:08.521+0200: 10.752: [GC concurrent-mark-start]
2020-09-29T11:59:08.524+0200: 10.755: [GC concurrent-mark-end, 0.0023888 secs]
2020-09-29T11:59:08.524+0200: 10.755: [GC remark 2020-09-29T11:59:08.524+0200: 10.755: [Finalize Marking, 0.0001218 secs] 2020-09-29T11:59:08.524+0200: 10.755: [GC ref-proc, 0.0002900 secs] 2020-09-29T11:59:08.524+0200: 10.755: [Unloading, 0.0004171 secs], 0.0011048 secs]
 [Times: user=0.00 sys=0.00, real=0.00 secs] 
2020-09-29T11:59:08.525+0200: 10.756: [GC cleanup 1056M->30M(2048M), 0.0011498 secs]
 [Times: user=0.00 sys=0.00, real=0.00 secs] 
2020-09-29T11:59:08.526+0200: 10.758: [GC concurrent-cleanup-start]
2020-09-29T11:59:08.528+0200: 10.759: [GC concurrent-cleanup-end, 0.0013639 secs]
2020-09-29T11:59:08.670+0200: 10.901: [GC pause (G1 Evacuation Pause) (young), 0.1614000 secs]
   [Parallel Time: 160.5 ms, GC Workers: 8]
      [GC Worker Start (ms): Min: 10901.3, Avg: 10901.4, Max: 10901.5, Diff: 0.2]
      [Ext Root Scanning (ms): Min: 0.0, Avg: 0.0, Max: 0.2, Diff: 0.2, Sum: 0.4]
      [Update RS (ms): Min: 24.4, Avg: 24.6, Max: 24.8, Diff: 0.4, Sum: 196.5]
         [Processed Buffers: Min: 24, Avg: 25.9, Max: 28, Diff: 4, Sum: 207]
      [Scan RS (ms): Min: 13.9, Avg: 14.2, Max: 14.5, Diff: 0.6, Sum: 114.0]
      [Code Root Scanning (ms): Min: 0.0, Avg: 0.0, Max: 0.0, Diff: 0.0, Sum: 0.0]
      [Object Copy (ms): Min: 121.3, Avg: 121.4, Max: 121.5, Diff: 0.2, Sum: 971.2]
      [Termination (ms): Min: 0.0, Avg: 0.0, Max: 0.0, Diff: 0.0, Sum: 0.0]
         [Termination Attempts: Min: 1, Avg: 2.5, Max: 5, Diff: 4, Sum: 20]
      [GC Worker Other (ms): Min: 0.0, Avg: 0.0, Max: 0.1, Diff: 0.1, Sum: 0.4]
      [GC Worker Total (ms): Min: 160.2, Avg: 160.3, Max: 160.4, Diff: 0.2, Sum: 1282.5]
      [GC Worker End (ms): Min: 11061.7, Avg: 11061.7, Max: 11061.7, Diff: 0.1]
   [Code Root Fixup: 0.0 ms]
   [Code Root Purge: 0.0 ms]
   [Clear CT: 0.2 ms]
   [Other: 0.7 ms]
      [Choose CSet: 0.0 ms]
      [Ref Proc: 0.1 ms]
      [Ref Enq: 0.0 ms]
      [Redirty Cards: 0.2 ms]
      [Humongous Register: 0.0 ms]
      [Humongous Reclaim: 0.0 ms]
      [Free CSet: 0.1 ms]
   [Eden: 301.0M(301.0M)->0.0B(288.0M) Survivors: 12.0M->40.0M Heap: 370.5M(2048.0M)->360.0M(2048.0M)]
 [Times: user=1.09 sys=0.06, real=0.16 secs] 
2020-09-29T11:59:08.980+0200: 11.211: [GC pause (G1 Evacuation Pause) (young), 0.1706473 secs]
   [Parallel Time: 169.9 ms, GC Workers: 8]
      [GC Worker Start (ms): Min: 11211.0, Avg: 11211.1, Max: 11211.1, Diff: 0.2]
      [Ext Root Scanning (ms): Min: 0.0, Avg: 0.1, Max: 0.2, Diff: 0.2, Sum: 0.6]
      [Update RS (ms): Min: 16.7, Avg: 16.9, Max: 17.3, Diff: 0.6, Sum: 135.1]
         [Processed Buffers: Min: 17, Avg: 18.4, Max: 20, Diff: 3, Sum: 147]
      [Scan RS (ms): Min: 22.4, Avg: 22.8, Max: 23.0, Diff: 0.6, Sum: 182.2]
      [Code Root Scanning (ms): Min: 0.0, Avg: 0.0, Max: 0.0, Diff: 0.0, Sum: 0.0]
      [Object Copy (ms): Min: 129.6, Avg: 129.8, Max: 129.8, Diff: 0.2, Sum: 1038.1]
      [Termination (ms): Min: 0.0, Avg: 0.0, Max: 0.1, Diff: 0.1, Sum: 0.4]
         [Termination Attempts: Min: 1, Avg: 318.6, Max: 451, Diff: 450, Sum: 2549]
      [GC Worker Other (ms): Min: 0.0, Avg: 0.0, Max: 0.1, Diff: 0.1, Sum: 0.3]
      [GC Worker Total (ms): Min: 169.5, Avg: 169.6, Max: 169.7, Diff: 0.2, Sum: 1356.7]
      [GC Worker End (ms): Min: 11380.6, Avg: 11380.6, Max: 11380.7, Diff: 0.1]
   [Code Root Fixup: 0.0 ms]
   [Code Root Purge: 0.0 ms]
   [Clear CT: 0.1 ms]
   [Other: 0.6 ms]
      [Choose CSet: 0.0 ms]
      [Ref Proc: 0.1 ms]
      [Ref Enq: 0.0 ms]
      [Redirty Cards: 0.1 ms]
      [Humongous Register: 0.1 ms]
      [Humongous Reclaim: 0.0 ms]
      [Free CSet: 0.2 ms]
   [Eden: 288.0M(288.0M)->0.0B(281.0M) Survivors: 40.0M->41.0M Heap: 695.7M(2048.0M)->697.7M(2048.0M)]
 [Times: user=1.31 sys=0.05, real=0.17 secs] 
2020-09-29T11:59:09.287+0200: 11.519: [GC pause (G1 Evacuation Pause) (young), 0.1744594 secs]
   [Parallel Time: 173.4 ms, GC Workers: 8]
      [GC Worker Start (ms): Min: 11519.3, Avg: 11519.5, Max: 11521.1, Diff: 1.8]
      [Ext Root Scanning (ms): Min: 0.0, Avg: 0.1, Max: 0.2, Diff: 0.2, Sum: 0.6]
      [Update RS (ms): Min: 16.9, Avg: 18.6, Max: 19.7, Diff: 2.8, Sum: 149.1]
         [Processed Buffers: Min: 18, Avg: 19.8, Max: 21, Diff: 3, Sum: 158]
      [Scan RS (ms): Min: 19.4, Avg: 20.3, Max: 20.7, Diff: 1.3, Sum: 162.0]
      [Code Root Scanning (ms): Min: 0.0, Avg: 0.0, Max: 0.0, Diff: 0.0, Sum: 0.0]
      [Object Copy (ms): Min: 133.6, Avg: 133.8, Max: 134.0, Diff: 0.4, Sum: 1070.2]
      [Termination (ms): Min: 0.0, Avg: 0.2, Max: 0.2, Diff: 0.2, Sum: 1.5]
         [Termination Attempts: Min: 1, Avg: 1068.8, Max: 1342, Diff: 1341, Sum: 8550]
      [GC Worker Other (ms): Min: 0.0, Avg: 0.0, Max: 0.1, Diff: 0.0, Sum: 0.2]
      [GC Worker Total (ms): Min: 171.5, Avg: 173.0, Max: 173.3, Diff: 1.8, Sum: 1383.7]
      [GC Worker End (ms): Min: 11692.5, Avg: 11692.5, Max: 11692.5, Diff: 0.0]
   [Code Root Fixup: 0.0 ms]
   [Code Root Purge: 0.0 ms]
   [Clear CT: 0.2 ms]
   [Other: 0.9 ms]
      [Choose CSet: 0.0 ms]
      [Ref Proc: 0.1 ms]
      [Ref Enq: 0.0 ms]
      [Redirty Cards: 0.2 ms]
      [Humongous Register: 0.0 ms]
      [Humongous Reclaim: 0.0 ms]
      [Free CSet: 0.3 ms]
   [Eden: 281.0M(281.0M)->0.0B(278.0M) Survivors: 41.0M->41.0M Heap: 1026.4M(2048.0M)->1028.9M(2048.0M)]
 [Times: user=1.33 sys=0.01, real=0.17 secs] 
2020-09-29T11:59:09.472+0200: 11.704: [GC pause (G1 Humongous Allocation) (young) (initial-mark), 0.0588584 secs]
   [Parallel Time: 58.1 ms, GC Workers: 8]
      [GC Worker Start (ms): Min: 11704.1, Avg: 11704.2, Max: 11704.3, Diff: 0.1]
      [Ext Root Scanning (ms): Min: 0.0, Avg: 2.4, Max: 9.2, Diff: 9.2, Sum: 19.2]
      [Update RS (ms): Min: 24.7, Avg: 31.5, Max: 33.9, Diff: 9.2, Sum: 252.1]
         [Processed Buffers: Min: 32, Avg: 40.9, Max: 45, Diff: 13, Sum: 327]
      [Scan RS (ms): Min: 2.7, Avg: 3.0, Max: 3.1, Diff: 0.4, Sum: 23.8]
      [Code Root Scanning (ms): Min: 0.0, Avg: 0.0, Max: 0.0, Diff: 0.0, Sum: 0.0]
      [Object Copy (ms): Min: 20.9, Avg: 21.0, Max: 21.0, Diff: 0.2, Sum: 167.9]
      [Termination (ms): Min: 0.0, Avg: 0.0, Max: 0.0, Diff: 0.0, Sum: 0.0]
         [Termination Attempts: Min: 1, Avg: 6.5, Max: 10, Diff: 9, Sum: 52]
      [GC Worker Other (ms): Min: 0.0, Avg: 0.0, Max: 0.0, Diff: 0.0, Sum: 0.2]
      [GC Worker Total (ms): Min: 57.8, Avg: 57.9, Max: 57.9, Diff: 0.2, Sum: 463.1]
      [GC Worker End (ms): Min: 11762.1, Avg: 11762.1, Max: 11762.1, Diff: 0.0]
   [Code Root Fixup: 0.0 ms]
   [Code Root Purge: 0.0 ms]
   [Clear CT: 0.2 ms]
   [Other: 0.6 ms]
      [Choose CSet: 0.0 ms]
      [Ref Proc: 0.1 ms]
      [Ref Enq: 0.0 ms]
      [Redirty Cards: 0.2 ms]
      [Humongous Register: 0.0 ms]
      [Humongous Reclaim: 0.0 ms]
      [Free CSet: 0.1 ms]
   [Eden: 12.0M(278.0M)->0.0B(318.0M) Survivors: 41.0M->14.0M Heap: 1040.4M(2048.0M)->1044.4M(2048.0M)]
 [Times: user=0.48 sys=0.00, real=0.06 secs] 
2020-09-29T11:59:09.531+0200: 11.763: [GC concurrent-root-region-scan-start]
2020-09-29T11:59:09.534+0200: 11.766: [GC concurrent-root-region-scan-end, 0.0029477 secs]
2020-09-29T11:59:09.534+0200: 11.766: [GC concurrent-mark-start]
2020-09-29T11:59:09.537+0200: 11.769: [GC concurrent-mark-end, 0.0033069 secs]
2020-09-29T11:59:09.538+0200: 11.769: [GC remark 2020-09-29T11:59:09.538+0200: 11.769: [Finalize Marking, 0.0001546 secs] 2020-09-29T11:59:09.538+0200: 11.770: [GC ref-proc, 0.0003386 secs] 2020-09-29T11:59:09.538+0200: 11.770: [Unloading, 0.0005157 secs], 0.0013994 secs]
 [Times: user=0.00 sys=0.00, real=0.00 secs] 
2020-09-29T11:59:09.539+0200: 11.771: [GC cleanup 1057M->32M(2048M), 0.0012818 secs]
 [Times: user=0.00 sys=0.00, real=0.00 secs] 
2020-09-29T11:59:09.541+0200: 11.772: [GC concurrent-cleanup-start]
2020-09-29T11:59:09.543+0200: 11.775: [GC concurrent-cleanup-end, 0.0020909 secs]
2020-09-29T11:59:09.708+0200: 11.939: [GC pause (G1 Evacuation Pause) (young), 0.1667533 secs]
   [Parallel Time: 165.4 ms, GC Workers: 8]
      [GC Worker Start (ms): Min: 11939.5, Avg: 11939.6, Max: 11939.7, Diff: 0.2]
      [Ext Root Scanning (ms): Min: 0.0, Avg: 0.1, Max: 0.2, Diff: 0.2, Sum: 0.5]
      [Update RS (ms): Min: 20.4, Avg: 20.7, Max: 21.2, Diff: 0.9, Sum: 165.7]
         [Processed Buffers: Min: 19, Avg: 21.8, Max: 23, Diff: 4, Sum: 174]
      [Scan RS (ms): Min: 17.3, Avg: 17.9, Max: 18.4, Diff: 1.0, Sum: 142.9]
      [Code Root Scanning (ms): Min: 0.0, Avg: 0.0, Max: 0.0, Diff: 0.0, Sum: 0.0]
      [Object Copy (ms): Min: 126.4, Avg: 126.5, Max: 126.6, Diff: 0.2, Sum: 1012.1]
      [Termination (ms): Min: 0.0, Avg: 0.0, Max: 0.0, Diff: 0.0, Sum: 0.2]
         [Termination Attempts: Min: 1, Avg: 157.8, Max: 199, Diff: 198, Sum: 1262]
      [GC Worker Other (ms): Min: 0.0, Avg: 0.0, Max: 0.1, Diff: 0.0, Sum: 0.3]
      [GC Worker Total (ms): Min: 165.1, Avg: 165.2, Max: 165.3, Diff: 0.2, Sum: 1321.7]
      [GC Worker End (ms): Min: 12104.8, Avg: 12104.8, Max: 12104.9, Diff: 0.0]
   [Code Root Fixup: 0.0 ms]
   [Code Root Purge: 0.0 ms]
   [Clear CT: 0.3 ms]
   [Other: 1.0 ms]
      [Choose CSet: 0.0 ms]
      [Ref Proc: 0.2 ms]
      [Ref Enq: 0.0 ms]
      [Redirty Cards: 0.4 ms]
      [Humongous Register: 0.0 ms]
      [Humongous Reclaim: 0.0 ms]
      [Free CSet: 0.2 ms]
   [Eden: 318.0M(318.0M)->0.0B(298.0M) Survivors: 14.0M->42.0M Heap: 390.9M(2048.0M)->379.9M(2048.0M)]
 [Times: user=1.17 sys=0.06, real=0.17 secs] 
2020-09-29T11:59:10.021+0200: 12.253: [GC pause (G1 Evacuation Pause) (young), 0.1768179 secs]
   [Parallel Time: 176.0 ms, GC Workers: 8]
      [GC Worker Start (ms): Min: 12252.7, Avg: 12252.8, Max: 12252.8, Diff: 0.1]
      [Ext Root Scanning (ms): Min: 0.0, Avg: 0.1, Max: 0.1, Diff: 0.1, Sum: 0.6]
      [Update RS (ms): Min: 20.8, Avg: 21.0, Max: 21.3, Diff: 0.5, Sum: 167.7]
         [Processed Buffers: Min: 18, Avg: 19.8, Max: 23, Diff: 5, Sum: 158]
      [Scan RS (ms): Min: 22.7, Avg: 23.0, Max: 23.2, Diff: 0.5, Sum: 183.8]
      [Code Root Scanning (ms): Min: 0.0, Avg: 0.0, Max: 0.0, Diff: 0.0, Sum: 0.0]
      [Object Copy (ms): Min: 131.7, Avg: 131.7, Max: 131.7, Diff: 0.1, Sum: 1053.7]
      [Termination (ms): Min: 0.0, Avg: 0.0, Max: 0.0, Diff: 0.0, Sum: 0.1]
         [Termination Attempts: Min: 1, Avg: 70.8, Max: 92, Diff: 91, Sum: 566]
      [GC Worker Other (ms): Min: 0.0, Avg: 0.0, Max: 0.1, Diff: 0.1, Sum: 0.3]
      [GC Worker Total (ms): Min: 175.7, Avg: 175.8, Max: 175.9, Diff: 0.1, Sum: 1406.2]
      [GC Worker End (ms): Min: 12428.5, Avg: 12428.6, Max: 12428.6, Diff: 0.1]
   [Code Root Fixup: 0.0 ms]
   [Code Root Purge: 0.0 ms]
   [Clear CT: 0.2 ms]
   [Other: 0.7 ms]
      [Choose CSet: 0.0 ms]
      [Ref Proc: 0.1 ms]
      [Ref Enq: 0.0 ms]
      [Redirty Cards: 0.2 ms]
      [Humongous Register: 0.0 ms]
      [Humongous Reclaim: 0.0 ms]
      [Free CSet: 0.2 ms]
   [Eden: 298.0M(298.0M)->0.0B(285.0M) Survivors: 42.0M->43.0M Heap: 727.5M(2048.0M)->729.5M(2048.0M)]
 [Times: user=1.30 sys=0.08, real=0.18 secs] 
2020-09-29T11:59:10.347+0200: 12.578: [GC pause (G1 Evacuation Pause) (young), 0.1817952 secs]
   [Parallel Time: 180.2 ms, GC Workers: 8]
      [GC Worker Start (ms): Min: 12578.6, Avg: 12578.7, Max: 12578.7, Diff: 0.2]
      [Ext Root Scanning (ms): Min: 0.0, Avg: 0.1, Max: 0.2, Diff: 0.2, Sum: 0.5]
      [Update RS (ms): Min: 20.9, Avg: 21.1, Max: 21.7, Diff: 0.8, Sum: 169.2]
         [Processed Buffers: Min: 19, Avg: 20.0, Max: 21, Diff: 2, Sum: 160]
      [Scan RS (ms): Min: 21.4, Avg: 22.1, Max: 22.4, Diff: 0.9, Sum: 176.6]
      [Code Root Scanning (ms): Min: 0.0, Avg: 0.0, Max: 0.0, Diff: 0.0, Sum: 0.0]
      [Object Copy (ms): Min: 136.4, Avg: 136.6, Max: 136.7, Diff: 0.3, Sum: 1092.5]
      [Termination (ms): Min: 0.0, Avg: 0.1, Max: 0.1, Diff: 0.1, Sum: 0.8]
         [Termination Attempts: Min: 1, Avg: 680.5, Max: 834, Diff: 833, Sum: 5444]
      [GC Worker Other (ms): Min: 0.0, Avg: 0.0, Max: 0.1, Diff: 0.1, Sum: 0.3]
      [GC Worker Total (ms): Min: 179.9, Avg: 180.0, Max: 180.1, Diff: 0.2, Sum: 1439.9]
      [GC Worker End (ms): Min: 12758.6, Avg: 12758.6, Max: 12758.7, Diff: 0.1]
   [Code Root Fixup: 0.0 ms]
   [Code Root Purge: 0.0 ms]
   [Clear CT: 0.2 ms]
   [Other: 1.4 ms]
      [Choose CSet: 0.0 ms]
      [Ref Proc: 0.6 ms]
      [Ref Enq: 0.0 ms]
      [Redirty Cards: 0.4 ms]
      [Humongous Register: 0.0 ms]
      [Humongous Reclaim: 0.0 ms]
      [Free CSet: 0.2 ms]
   [Eden: 285.0M(285.0M)->0.0B(275.0M) Survivors: 43.0M->41.0M Heap: 1062.2M(2048.0M)->1064.2M(2048.0M)]
 [Times: user=1.48 sys=0.01, real=0.18 secs] 
2020-09-29T11:59:10.542+0200: 12.774: [GC pause (G1 Humongous Allocation) (young) (initial-mark), 0.0457290 secs]
   [Parallel Time: 44.9 ms, GC Workers: 8]
      [GC Worker Start (ms): Min: 12773.9, Avg: 12774.0, Max: 12774.0, Diff: 0.1]
      [Ext Root Scanning (ms): Min: 0.0, Avg: 0.1, Max: 0.1, Diff: 0.1, Sum: 0.7]
      [Update RS (ms): Min: 22.9, Avg: 23.1, Max: 23.4, Diff: 0.4, Sum: 185.1]
         [Processed Buffers: Min: 29, Avg: 30.4, Max: 32, Diff: 3, Sum: 243]
      [Scan RS (ms): Min: 2.6, Avg: 2.8, Max: 3.0, Diff: 0.5, Sum: 22.8]
      [Code Root Scanning (ms): Min: 0.0, Avg: 0.0, Max: 0.0, Diff: 0.0, Sum: 0.0]
      [Object Copy (ms): Min: 18.6, Avg: 18.7, Max: 18.7, Diff: 0.1, Sum: 149.3]
      [Termination (ms): Min: 0.0, Avg: 0.0, Max: 0.0, Diff: 0.0, Sum: 0.3]
         [Termination Attempts: Min: 1, Avg: 224.4, Max: 284, Diff: 283, Sum: 1795]
      [GC Worker Other (ms): Min: 0.0, Avg: 0.0, Max: 0.0, Diff: 0.0, Sum: 0.1]
      [GC Worker Total (ms): Min: 44.7, Avg: 44.8, Max: 44.8, Diff: 0.1, Sum: 358.3]
      [GC Worker End (ms): Min: 12818.7, Avg: 12818.7, Max: 12818.8, Diff: 0.0]
   [Code Root Fixup: 0.0 ms]
   [Code Root Purge: 0.0 ms]
   [Clear CT: 0.2 ms]
   [Other: 0.6 ms]
      [Choose CSet: 0.0 ms]
      [Ref Proc: 0.1 ms]
      [Ref Enq: 0.0 ms]
      [Redirty Cards: 0.1 ms]
      [Humongous Register: 0.0 ms]
      [Humongous Reclaim: 0.0 ms]
      [Free CSet: 0.1 ms]
   [Eden: 4096.0K(275.0M)->0.0B(335.0M) Survivors: 41.0M->5120.0K Heap: 1067.7M(2048.0M)->1071.2M(2048.0M)]
 [Times: user=0.38 sys=0.00, real=0.05 secs] 
2020-09-29T11:59:10.588+0200: 12.820: [GC concurrent-root-region-scan-start]
2020-09-29T11:59:10.589+0200: 12.820: [GC concurrent-root-region-scan-end, 0.0007054 secs]
2020-09-29T11:59:10.589+0200: 12.820: [GC concurrent-mark-start]
2020-09-29T11:59:10.591+0200: 12.823: [GC concurrent-mark-end, 0.0023844 secs]
2020-09-29T11:59:10.592+0200: 12.823: [GC remark 2020-09-29T11:59:10.592+0200: 12.823: [Finalize Marking, 0.0001411 secs] 2020-09-29T11:59:10.592+0200: 12.823: [GC ref-proc, 0.0002730 secs] 2020-09-29T11:59:10.592+0200: 12.823: [Unloading, 0.0004276 secs], 0.0011170 secs]
 [Times: user=0.00 sys=0.00, real=0.00 secs] 
2020-09-29T11:59:10.593+0200: 12.824: [GC cleanup 1080M->19M(2048M), 0.0010993 secs]
 [Times: user=0.00 sys=0.00, real=0.00 secs] 
2020-09-29T11:59:10.594+0200: 12.825: [GC concurrent-cleanup-start]
2020-09-29T11:59:10.595+0200: 12.827: [GC concurrent-cleanup-end, 0.0012262 secs]
2020-09-29T11:59:10.803+0200: 13.035: [GC pause (G1 Evacuation Pause) (young), 0.2585567 secs]
   [Parallel Time: 257.3 ms, GC Workers: 8]
      [GC Worker Start (ms): Min: 13034.8, Avg: 13034.9, Max: 13035.0, Diff: 0.2]
      [Ext Root Scanning (ms): Min: 0.0, Avg: 0.1, Max: 0.2, Diff: 0.2, Sum: 0.8]
      [Update RS (ms): Min: 18.8, Avg: 19.2, Max: 19.8, Diff: 1.0, Sum: 153.3]
         [Processed Buffers: Min: 12, Avg: 14.4, Max: 17, Diff: 5, Sum: 115]
      [Scan RS (ms): Min: 36.0, Avg: 36.7, Max: 37.2, Diff: 1.2, Sum: 293.3]
      [Code Root Scanning (ms): Min: 0.0, Avg: 0.0, Max: 0.0, Diff: 0.0, Sum: 0.0]
      [Object Copy (ms): Min: 200.9, Avg: 201.1, Max: 201.2, Diff: 0.3, Sum: 1608.6]
      [Termination (ms): Min: 0.0, Avg: 0.1, Max: 0.1, Diff: 0.1, Sum: 0.4]
         [Termination Attempts: Min: 1, Avg: 224.8, Max: 288, Diff: 287, Sum: 1798]
      [GC Worker Other (ms): Min: 0.0, Avg: 0.1, Max: 0.1, Diff: 0.1, Sum: 0.5]
      [GC Worker Total (ms): Min: 257.1, Avg: 257.1, Max: 257.2, Diff: 0.2, Sum: 2056.9]
      [GC Worker End (ms): Min: 13292.0, Avg: 13292.0, Max: 13292.1, Diff: 0.1]
   [Code Root Fixup: 0.0 ms]
   [Code Root Purge: 0.0 ms]
   [Clear CT: 0.2 ms]
   [Other: 1.0 ms]
      [Choose CSet: 0.0 ms]
      [Ref Proc: 0.2 ms]
      [Ref Enq: 0.0 ms]
      [Redirty Cards: 0.4 ms]
      [Humongous Register: 0.0 ms]
      [Humongous Reclaim: 0.0 ms]
      [Free CSet: 0.2 ms]
   [Eden: 335.0M(335.0M)->0.0B(207.0M) Survivors: 5120.0K->43.0M Heap: 403.2M(2048.0M)->400.2M(2048.0M)]
 [Times: user=1.94 sys=0.06, real=0.26 secs] 
2020-09-29T11:59:11.231+0200: 13.462: [GC pause (G1 Evacuation Pause) (young), 0.2088993 secs]
   [Parallel Time: 207.1 ms, GC Workers: 8]
      [GC Worker Start (ms): Min: 13462.6, Avg: 13462.7, Max: 13462.8, Diff: 0.2]
      [Ext Root Scanning (ms): Min: 0.0, Avg: 0.1, Max: 0.2, Diff: 0.2, Sum: 0.7]
      [Update RS (ms): Min: 27.3, Avg: 27.6, Max: 28.1, Diff: 0.8, Sum: 220.7]
         [Processed Buffers: Min: 6, Avg: 18.3, Max: 21, Diff: 15, Sum: 146]
      [Scan RS (ms): Min: 20.3, Avg: 21.3, Max: 23.8, Diff: 3.5, Sum: 170.2]
      [Code Root Scanning (ms): Min: 0.0, Avg: 0.0, Max: 0.0, Diff: 0.0, Sum: 0.0]
      [Object Copy (ms): Min: 155.3, Avg: 157.8, Max: 158.2, Diff: 2.8, Sum: 1262.3]
      [Termination (ms): Min: 0.0, Avg: 0.0, Max: 0.0, Diff: 0.0, Sum: 0.1]
         [Termination Attempts: Min: 1, Avg: 53.5, Max: 66, Diff: 65, Sum: 428]
      [GC Worker Other (ms): Min: 0.0, Avg: 0.1, Max: 0.1, Diff: 0.1, Sum: 0.4]
      [GC Worker Total (ms): Min: 206.7, Avg: 206.8, Max: 206.9, Diff: 0.2, Sum: 1654.4]
      [GC Worker End (ms): Min: 13669.4, Avg: 13669.5, Max: 13669.5, Diff: 0.1]
   [Code Root Fixup: 0.0 ms]
   [Code Root Purge: 0.0 ms]
   [Clear CT: 0.5 ms]
   [Other: 1.3 ms]
      [Choose CSet: 0.0 ms]
      [Ref Proc: 0.4 ms]
      [Ref Enq: 0.0 ms]
      [Redirty Cards: 0.5 ms]
      [Humongous Register: 0.0 ms]
      [Humongous Reclaim: 0.0 ms]
      [Free CSet: 0.2 ms]
   [Eden: 207.0M(207.0M)->0.0B(180.0M) Survivors: 43.0M->32.0M Heap: 641.6M(2048.0M)->643.1M(2048.0M)]
 [Times: user=1.53 sys=0.03, real=0.21 secs] 
2020-09-29T11:59:11.575+0200: 13.806: [GC pause (G1 Evacuation Pause) (young), 0.1704482 secs]
   [Parallel Time: 168.8 ms, GC Workers: 8]
      [GC Worker Start (ms): Min: 13806.5, Avg: 13806.6, Max: 13806.7, Diff: 0.2]
      [Ext Root Scanning (ms): Min: 0.0, Avg: 0.1, Max: 0.2, Diff: 0.2, Sum: 0.7]
      [Update RS (ms): Min: 21.9, Avg: 22.0, Max: 22.4, Diff: 0.5, Sum: 176.0]
         [Processed Buffers: Min: 15, Avg: 17.1, Max: 19, Diff: 4, Sum: 137]
      [Scan RS (ms): Min: 17.0, Avg: 17.4, Max: 17.5, Diff: 0.5, Sum: 139.0]
      [Code Root Scanning (ms): Min: 0.0, Avg: 0.0, Max: 0.0, Diff: 0.0, Sum: 0.0]
      [Object Copy (ms): Min: 128.9, Avg: 128.9, Max: 129.0, Diff: 0.1, Sum: 1031.1]
      [Termination (ms): Min: 0.0, Avg: 0.0, Max: 0.1, Diff: 0.1, Sum: 0.4]
         [Termination Attempts: Min: 1, Avg: 172.3, Max: 214, Diff: 213, Sum: 1378]
      [GC Worker Other (ms): Min: 0.0, Avg: 0.0, Max: 0.1, Diff: 0.1, Sum: 0.3]
      [GC Worker Total (ms): Min: 168.4, Avg: 168.4, Max: 168.6, Diff: 0.2, Sum: 1347.5]
      [GC Worker End (ms): Min: 13975.0, Avg: 13975.0, Max: 13975.1, Diff: 0.1]
   [Code Root Fixup: 0.0 ms]
   [Code Root Purge: 0.0 ms]
   [Clear CT: 0.6 ms]
   [Other: 1.1 ms]
      [Choose CSet: 0.0 ms]
      [Ref Proc: 0.3 ms]
      [Ref Enq: 0.0 ms]
      [Redirty Cards: 0.4 ms]
      [Humongous Register: 0.0 ms]
      [Humongous Reclaim: 0.0 ms]
      [Free CSet: 0.2 ms]
   [Eden: 180.0M(180.0M)->0.0B(180.0M) Survivors: 32.0M->27.0M Heap: 853.6M(2048.0M)->855.6M(2048.0M)]
 [Times: user=1.17 sys=0.17, real=0.17 secs] 
2020-09-29T11:59:11.877+0200: 14.108: [GC pause (G1 Evacuation Pause) (young), 0.1663348 secs]
   [Parallel Time: 164.8 ms, GC Workers: 8]
      [GC Worker Start (ms): Min: 14108.3, Avg: 14108.5, Max: 14108.6, Diff: 0.2]
      [Ext Root Scanning (ms): Min: 0.0, Avg: 0.1, Max: 0.2, Diff: 0.2, Sum: 0.6]
      [Update RS (ms): Min: 19.6, Avg: 20.1, Max: 20.7, Diff: 1.1, Sum: 160.9]
         [Processed Buffers: Min: 12, Avg: 14.0, Max: 17, Diff: 5, Sum: 112]
      [Scan RS (ms): Min: 17.2, Avg: 17.9, Max: 18.5, Diff: 1.3, Sum: 143.4]
      [Code Root Scanning (ms): Min: 0.0, Avg: 0.0, Max: 0.0, Diff: 0.0, Sum: 0.0]
      [Object Copy (ms): Min: 126.1, Avg: 126.3, Max: 126.4, Diff: 0.3, Sum: 1010.8]
      [Termination (ms): Min: 0.0, Avg: 0.0, Max: 0.0, Diff: 0.0, Sum: 0.1]
         [Termination Attempts: Min: 1, Avg: 71.9, Max: 103, Diff: 102, Sum: 575]
      [GC Worker Other (ms): Min: 0.0, Avg: 0.0, Max: 0.1, Diff: 0.1, Sum: 0.3]
      [GC Worker Total (ms): Min: 164.4, Avg: 164.5, Max: 164.7, Diff: 0.2, Sum: 1316.2]
      [GC Worker End (ms): Min: 14273.0, Avg: 14273.0, Max: 14273.1, Diff: 0.1]
   [Code Root Fixup: 0.0 ms]
   [Code Root Purge: 0.0 ms]
   [Clear CT: 0.4 ms]
   [Other: 1.1 ms]
      [Choose CSet: 0.0 ms]
      [Ref Proc: 0.4 ms]
      [Ref Enq: 0.0 ms]
      [Redirty Cards: 0.3 ms]
      [Humongous Register: 0.1 ms]
      [Humongous Reclaim: 0.0 ms]
      [Free CSet: 0.2 ms]
   [Eden: 180.0M(180.0M)->0.0B(181.0M) Survivors: 27.0M->26.0M Heap: 1064.2M(2048.0M)->1066.7M(2048.0M)]
 [Times: user=1.23 sys=0.09, real=0.17 secs] 
2020-09-29T11:59:12.055+0200: 14.286: [GC pause (G1 Humongous Allocation) (young) (initial-mark), 0.0470590 secs]
   [Parallel Time: 45.1 ms, GC Workers: 8]
      [GC Worker Start (ms): Min: 14286.3, Avg: 14286.4, Max: 14286.5, Diff: 0.2]
      [Ext Root Scanning (ms): Min: 0.0, Avg: 0.1, Max: 0.2, Diff: 0.2, Sum: 0.8]
      [Update RS (ms): Min: 23.9, Avg: 24.3, Max: 25.0, Diff: 1.1, Sum: 194.8]
         [Processed Buffers: Min: 21, Avg: 22.0, Max: 23, Diff: 2, Sum: 176]
      [Scan RS (ms): Min: 1.6, Avg: 2.3, Max: 2.8, Diff: 1.2, Sum: 18.3]
      [Code Root Scanning (ms): Min: 0.0, Avg: 0.0, Max: 0.0, Diff: 0.0, Sum: 0.0]
      [Object Copy (ms): Min: 17.7, Avg: 17.8, Max: 17.9, Diff: 0.1, Sum: 142.6]
      [Termination (ms): Min: 0.0, Avg: 0.0, Max: 0.0, Diff: 0.0, Sum: 0.0]
         [Termination Attempts: Min: 1, Avg: 14.1, Max: 23, Diff: 22, Sum: 113]
      [GC Worker Other (ms): Min: 0.0, Avg: 0.0, Max: 0.0, Diff: 0.0, Sum: 0.2]
      [GC Worker Total (ms): Min: 44.5, Avg: 44.6, Max: 44.7, Diff: 0.2, Sum: 356.6]
      [GC Worker End (ms): Min: 14331.0, Avg: 14331.0, Max: 14331.0, Diff: 0.0]
   [Code Root Fixup: 0.0 ms]
   [Code Root Purge: 0.0 ms]
   [Clear CT: 0.8 ms]
   [Other: 1.2 ms]
      [Choose CSet: 0.0 ms]
      [Ref Proc: 0.6 ms]
      [Ref Enq: 0.0 ms]
      [Redirty Cards: 0.2 ms]
      [Humongous Register: 0.0 ms]
      [Humongous Reclaim: 0.0 ms]
      [Free CSet: 0.1 ms]
   [Eden: 3072.0K(181.0M)->0.0B(225.0M) Survivors: 26.0M->5120.0K Heap: 1069.2M(2048.0M)->1073.7M(2048.0M)]
 [Times: user=0.38 sys=0.00, real=0.05 secs] 
2020-09-29T11:59:12.102+0200: 14.333: [GC concurrent-root-region-scan-start]
2020-09-29T11:59:12.103+0200: 14.334: [GC concurrent-root-region-scan-end, 0.0009187 secs]
2020-09-29T11:59:12.103+0200: 14.334: [GC concurrent-mark-start]
2020-09-29T11:59:12.106+0200: 14.337: [GC concurrent-mark-end, 0.0031226 secs]
2020-09-29T11:59:12.106+0200: 14.338: [GC remark 2020-09-29T11:59:12.106+0200: 14.338: [Finalize Marking, 0.0002557 secs] 2020-09-29T11:59:12.107+0200: 14.338: [GC ref-proc, 0.0003951 secs] 2020-09-29T11:59:12.107+0200: 14.338: [Unloading, 0.0005597 secs], 0.0015550 secs]
 [Times: user=0.00 sys=0.00, real=0.00 secs] 
2020-09-29T11:59:12.108+0200: 14.340: [GC cleanup 1077M->14M(2048M), 0.0013391 secs]
 [Times: user=0.00 sys=0.00, real=0.00 secs] 
2020-09-29T11:59:12.110+0200: 14.341: [GC concurrent-cleanup-start]
2020-09-29T11:59:12.111+0200: 14.343: [GC concurrent-cleanup-end, 0.0016456 secs]
2020-09-29T11:59:12.271+0200: 14.502: [GC pause (G1 Evacuation Pause) (young), 0.1827158 secs]
   [Parallel Time: 181.2 ms, GC Workers: 8]
      [GC Worker Start (ms): Min: 14502.3, Avg: 14502.4, Max: 14502.5, Diff: 0.2]
      [Ext Root Scanning (ms): Min: 0.0, Avg: 0.1, Max: 0.2, Diff: 0.2, Sum: 0.7]
      [Update RS (ms): Min: 12.1, Avg: 12.3, Max: 12.8, Diff: 0.7, Sum: 98.2]
         [Processed Buffers: Min: 9, Avg: 9.9, Max: 13, Diff: 4, Sum: 79]
      [Scan RS (ms): Min: 23.3, Avg: 23.8, Max: 24.0, Diff: 0.7, Sum: 190.4]
      [Code Root Scanning (ms): Min: 0.0, Avg: 0.0, Max: 0.0, Diff: 0.0, Sum: 0.0]
      [Object Copy (ms): Min: 144.5, Avg: 144.6, Max: 144.7, Diff: 0.3, Sum: 1156.8]
      [Termination (ms): Min: 0.0, Avg: 0.1, Max: 0.2, Diff: 0.2, Sum: 1.1]
         [Termination Attempts: Min: 1, Avg: 378.6, Max: 477, Diff: 476, Sum: 3029]
      [GC Worker Other (ms): Min: 0.0, Avg: 0.0, Max: 0.0, Diff: 0.0, Sum: 0.1]
      [GC Worker Total (ms): Min: 180.8, Avg: 180.9, Max: 181.0, Diff: 0.2, Sum: 1447.3]
      [GC Worker End (ms): Min: 14683.3, Avg: 14683.3, Max: 14683.3, Diff: 0.0]
   [Code Root Fixup: 0.0 ms]
   [Code Root Purge: 0.0 ms]
   [Clear CT: 0.3 ms]
   [Other: 1.2 ms]
      [Choose CSet: 0.0 ms]
      [Ref Proc: 0.3 ms]
      [Ref Enq: 0.0 ms]
      [Redirty Cards: 0.3 ms]
      [Humongous Register: 0.0 ms]
      [Humongous Reclaim: 0.0 ms]
      [Free CSet: 0.3 ms]
   [Eden: 225.0M(225.0M)->0.0B(191.0M) Survivors: 5120.0K->29.0M Heap: 274.1M(2048.0M)->270.6M(2048.0M)]
 [Times: user=1.26 sys=0.05, real=0.18 secs] 
2020-09-29T11:59:12.597+0200: 14.828: [GC pause (G1 Evacuation Pause) (young), 0.1799601 secs]
   [Parallel Time: 178.7 ms, GC Workers: 8]
      [GC Worker Start (ms): Min: 14828.2, Avg: 14828.3, Max: 14828.4, Diff: 0.2]
      [Ext Root Scanning (ms): Min: 0.0, Avg: 0.1, Max: 0.2, Diff: 0.2, Sum: 0.6]
      [Update RS (ms): Min: 16.8, Avg: 17.2, Max: 18.0, Diff: 1.2, Sum: 137.7]
         [Processed Buffers: Min: 12, Avg: 13.5, Max: 15, Diff: 3, Sum: 108]
      [Scan RS (ms): Min: 20.1, Avg: 20.9, Max: 21.3, Diff: 1.2, Sum: 167.0]
      [Code Root Scanning (ms): Min: 0.0, Avg: 0.0, Max: 0.0, Diff: 0.0, Sum: 0.0]
      [Object Copy (ms): Min: 140.0, Avg: 140.1, Max: 140.2, Diff: 0.1, Sum: 1120.6]
      [Termination (ms): Min: 0.0, Avg: 0.0, Max: 0.0, Diff: 0.0, Sum: 0.3]
         [Termination Attempts: Min: 1, Avg: 152.1, Max: 184, Diff: 183, Sum: 1217]
      [GC Worker Other (ms): Min: 0.0, Avg: 0.0, Max: 0.1, Diff: 0.1, Sum: 0.3]
      [GC Worker Total (ms): Min: 178.3, Avg: 178.3, Max: 178.5, Diff: 0.2, Sum: 1426.7]
      [GC Worker End (ms): Min: 15006.6, Avg: 15006.6, Max: 15006.6, Diff: 0.1]
   [Code Root Fixup: 0.0 ms]
   [Code Root Purge: 0.0 ms]
   [Clear CT: 0.3 ms]
   [Other: 1.0 ms]
      [Choose CSet: 0.0 ms]
      [Ref Proc: 0.3 ms]
      [Ref Enq: 0.0 ms]
      [Redirty Cards: 0.4 ms]
      [Humongous Register: 0.0 ms]
      [Humongous Reclaim: 0.0 ms]
      [Free CSet: 0.2 ms]
   [Eden: 191.0M(191.0M)->0.0B(184.0M) Survivors: 29.0M->28.0M Heap: 494.1M(2048.0M)->495.1M(2048.0M)]
 [Times: user=1.38 sys=0.05, real=0.18 secs] 
2020-09-29T11:59:12.910+0200: 15.142: [GC pause (G1 Evacuation Pause) (young), 0.1799857 secs]
   [Parallel Time: 177.9 ms, GC Workers: 8]
      [GC Worker Start (ms): Min: 15142.0, Avg: 15142.1, Max: 15142.2, Diff: 0.2]
      [Ext Root Scanning (ms): Min: 0.0, Avg: 0.1, Max: 0.2, Diff: 0.2, Sum: 0.7]
      [Update RS (ms): Min: 15.8, Avg: 16.0, Max: 16.5, Diff: 0.7, Sum: 128.1]
         [Processed Buffers: Min: 12, Avg: 12.6, Max: 14, Diff: 2, Sum: 101]
      [Scan RS (ms): Min: 19.6, Avg: 20.2, Max: 20.5, Diff: 0.9, Sum: 161.4]
      [Code Root Scanning (ms): Min: 0.0, Avg: 0.0, Max: 0.0, Diff: 0.0, Sum: 0.0]
      [Object Copy (ms): Min: 140.8, Avg: 141.0, Max: 141.4, Diff: 0.5, Sum: 1128.3]
      [Termination (ms): Min: 0.0, Avg: 0.3, Max: 0.3, Diff: 0.3, Sum: 2.0]
         [Termination Attempts: Min: 1, Avg: 1121.3, Max: 1394, Diff: 1393, Sum: 8970]
      [GC Worker Other (ms): Min: 0.0, Avg: 0.0, Max: 0.1, Diff: 0.1, Sum: 0.3]
      [GC Worker Total (ms): Min: 177.5, Avg: 177.6, Max: 177.8, Diff: 0.2, Sum: 1420.9]
      [GC Worker End (ms): Min: 15319.7, Avg: 15319.7, Max: 15319.7, Diff: 0.1]
   [Code Root Fixup: 0.0 ms]
   [Code Root Purge: 0.0 ms]
   [Clear CT: 1.1 ms]
   [Other: 1.0 ms]
      [Choose CSet: 0.0 ms]
      [Ref Proc: 0.3 ms]
      [Ref Enq: 0.0 ms]
      [Redirty Cards: 0.3 ms]
      [Humongous Register: 0.0 ms]
      [Humongous Reclaim: 0.0 ms]
      [Free CSet: 0.2 ms]
   [Eden: 184.0M(184.0M)->0.0B(179.0M) Survivors: 28.0M->27.0M Heap: 709.6M(2048.0M)->711.1M(2048.0M)]
 [Times: user=1.36 sys=0.01, real=0.18 secs] 
2020-09-29T11:59:13.225+0200: 15.457: [GC pause (G1 Evacuation Pause) (young), 0.1712879 secs]
   [Parallel Time: 169.6 ms, GC Workers: 8]
      [GC Worker Start (ms): Min: 15456.7, Avg: 15456.8, Max: 15456.9, Diff: 0.2]
      [Ext Root Scanning (ms): Min: 0.0, Avg: 0.1, Max: 0.2, Diff: 0.2, Sum: 0.8]
      [Update RS (ms): Min: 18.6, Avg: 18.9, Max: 19.4, Diff: 0.8, Sum: 151.3]
         [Processed Buffers: Min: 12, Avg: 14.5, Max: 19, Diff: 7, Sum: 116]
      [Scan RS (ms): Min: 18.4, Avg: 18.9, Max: 19.1, Diff: 0.7, Sum: 151.2]
      [Code Root Scanning (ms): Min: 0.0, Avg: 0.0, Max: 0.0, Diff: 0.0, Sum: 0.0]
      [Object Copy (ms): Min: 131.1, Avg: 131.3, Max: 131.4, Diff: 0.3, Sum: 1050.4]
      [Termination (ms): Min: 0.0, Avg: 0.0, Max: 0.0, Diff: 0.0, Sum: 0.2]
         [Termination Attempts: Min: 1, Avg: 111.1, Max: 144, Diff: 143, Sum: 889]
      [GC Worker Other (ms): Min: 0.0, Avg: 0.0, Max: 0.1, Diff: 0.1, Sum: 0.3]
      [GC Worker Total (ms): Min: 169.2, Avg: 169.3, Max: 169.4, Diff: 0.2, Sum: 1354.3]
      [GC Worker End (ms): Min: 15626.1, Avg: 15626.1, Max: 15626.1, Diff: 0.1]
   [Code Root Fixup: 0.0 ms]
   [Code Root Purge: 0.0 ms]
   [Clear CT: 0.5 ms]
   [Other: 1.2 ms]
      [Choose CSet: 0.0 ms]
      [Ref Proc: 0.4 ms]
      [Ref Enq: 0.0 ms]
      [Redirty Cards: 0.3 ms]
      [Humongous Register: 0.1 ms]
      [Humongous Reclaim: 0.0 ms]
      [Free CSet: 0.2 ms]
   [Eden: 179.0M(179.0M)->0.0B(181.0M) Survivors: 27.0M->26.0M Heap: 920.6M(2048.0M)->923.1M(2048.0M)]
 [Times: user=1.34 sys=0.02, real=0.17 secs] 
2020-09-29T11:59:13.481+0200: 15.713: [GC pause (G1 Humongous Allocation) (young) (initial-mark), 0.1239773 secs]
   [Parallel Time: 122.5 ms, GC Workers: 8]
      [GC Worker Start (ms): Min: 15713.0, Avg: 15713.1, Max: 15713.2, Diff: 0.2]
      [Ext Root Scanning (ms): Min: 0.0, Avg: 3.9, Max: 15.6, Diff: 15.6, Sum: 30.8]
      [Update RS (ms): Min: 8.2, Avg: 20.0, Max: 24.1, Diff: 15.9, Sum: 159.7]
         [Processed Buffers: Min: 6, Avg: 13.6, Max: 17, Diff: 11, Sum: 109]
      [Scan RS (ms): Min: 6.3, Avg: 6.9, Max: 7.5, Diff: 1.2, Sum: 55.4]
      [Code Root Scanning (ms): Min: 0.0, Avg: 0.0, Max: 0.0, Diff: 0.0, Sum: 0.0]
      [Object Copy (ms): Min: 91.2, Avg: 91.4, Max: 91.6, Diff: 0.4, Sum: 731.5]
      [Termination (ms): Min: 0.0, Avg: 0.0, Max: 0.0, Diff: 0.0, Sum: 0.1]
         [Termination Attempts: Min: 1, Avg: 27.4, Max: 36, Diff: 35, Sum: 219]
      [GC Worker Other (ms): Min: 0.0, Avg: 0.0, Max: 0.1, Diff: 0.0, Sum: 0.3]
      [GC Worker Total (ms): Min: 122.1, Avg: 122.2, Max: 122.3, Diff: 0.2, Sum: 977.7]
      [GC Worker End (ms): Min: 15835.3, Avg: 15835.3, Max: 15835.3, Diff: 0.0]
   [Code Root Fixup: 0.0 ms]
   [Code Root Purge: 0.0 ms]
   [Clear CT: 0.3 ms]
   [Other: 1.2 ms]
      [Choose CSet: 0.0 ms]
      [Ref Proc: 0.3 ms]
      [Ref Enq: 0.0 ms]
      [Redirty Cards: 0.3 ms]
      [Humongous Register: 0.0 ms]
      [Humongous Reclaim: 0.0 ms]
      [Free CSet: 0.1 ms]
   [Eden: 103.0M(181.0M)->0.0B(178.0M) Survivors: 26.0M->26.0M Heap: 1040.9M(2048.0M)->1043.4M(2048.0M)]
 [Times: user=0.94 sys=0.03, real=0.12 secs] 
2020-09-29T11:59:13.605+0200: 15.837: [GC concurrent-root-region-scan-start]
2020-09-29T11:59:13.615+0200: 15.847: [GC concurrent-root-region-scan-end, 0.0096614 secs]
2020-09-29T11:59:13.615+0200: 15.847: [GC concurrent-mark-start]
2020-09-29T11:59:13.619+0200: 15.850: [GC concurrent-mark-end, 0.0034752 secs]
2020-09-29T11:59:13.619+0200: 15.851: [GC remark 2020-09-29T11:59:13.619+0200: 15.851: [Finalize Marking, 0.0003368 secs] 2020-09-29T11:59:13.620+0200: 15.851: [GC ref-proc, 0.0004054 secs] 2020-09-29T11:59:13.620+0200: 15.851: [Unloading, 0.0007210 secs], 0.0020308 secs]
 [Times: user=0.00 sys=0.00, real=0.00 secs] 
2020-09-29T11:59:13.622+0200: 15.853: [GC cleanup 1063M->51M(2048M), 0.0016416 secs]
 [Times: user=0.00 sys=0.00, real=0.00 secs] 
2020-09-29T11:59:13.623+0200: 15.855: [GC concurrent-cleanup-start]
2020-09-29T11:59:13.625+0200: 15.856: [GC concurrent-cleanup-end, 0.0015044 secs]
2020-09-29T11:59:13.741+0200: 15.973: [GC pause (G1 Evacuation Pause) (young), 0.1427201 secs]
   [Parallel Time: 140.8 ms, GC Workers: 8]
      [GC Worker Start (ms): Min: 15972.8, Avg: 15973.0, Max: 15973.1, Diff: 0.2]
      [Ext Root Scanning (ms): Min: 0.0, Avg: 0.1, Max: 0.2, Diff: 0.2, Sum: 0.8]
      [Update RS (ms): Min: 18.8, Avg: 19.4, Max: 20.3, Diff: 1.5, Sum: 155.1]
         [Processed Buffers: Min: 13, Avg: 14.5, Max: 16, Diff: 3, Sum: 116]
      [Scan RS (ms): Min: 13.1, Avg: 13.8, Max: 14.3, Diff: 1.1, Sum: 110.4]
      [Code Root Scanning (ms): Min: 0.0, Avg: 0.0, Max: 0.0, Diff: 0.0, Sum: 0.0]
      [Object Copy (ms): Min: 105.7, Avg: 107.1, Max: 107.4, Diff: 1.7, Sum: 856.8]
      [Termination (ms): Min: 0.0, Avg: 0.0, Max: 0.1, Diff: 0.1, Sum: 0.3]
         [Termination Attempts: Min: 1, Avg: 164.4, Max: 239, Diff: 238, Sum: 1315]
      [GC Worker Other (ms): Min: 0.0, Avg: 0.0, Max: 0.1, Diff: 0.1, Sum: 0.3]
      [GC Worker Total (ms): Min: 140.3, Avg: 140.5, Max: 140.6, Diff: 0.3, Sum: 1123.9]
      [GC Worker End (ms): Min: 16113.4, Avg: 16113.4, Max: 16113.5, Diff: 0.1]
   [Code Root Fixup: 0.0 ms]
   [Code Root Purge: 0.0 ms]
   [Clear CT: 0.6 ms]
   [Other: 1.3 ms]
      [Choose CSet: 0.0 ms]
      [Ref Proc: 0.5 ms]
      [Ref Enq: 0.0 ms]
      [Redirty Cards: 0.4 ms]
      [Humongous Register: 0.0 ms]
      [Humongous Reclaim: 0.0 ms]
      [Free CSet: 0.1 ms]
   [Eden: 178.0M(178.0M)->0.0B(194.0M) Survivors: 26.0M->26.0M Heap: 240.5M(2048.0M)->216.5M(2048.0M)]
 [Times: user=1.09 sys=0.03, real=0.14 secs] 
2020-09-29T11:59:14.022+0200: 16.253: [GC pause (G1 Evacuation Pause) (young), 0.1761159 secs]
   [Parallel Time: 174.3 ms, GC Workers: 8]
      [GC Worker Start (ms): Min: 16253.0, Avg: 16253.2, Max: 16253.3, Diff: 0.2]
      [Ext Root Scanning (ms): Min: 0.0, Avg: 0.1, Max: 0.2, Diff: 0.2, Sum: 0.6]
      [Update RS (ms): Min: 21.6, Avg: 21.9, Max: 22.4, Diff: 0.8, Sum: 175.0]
         [Processed Buffers: Min: 14, Avg: 16.0, Max: 19, Diff: 5, Sum: 128]
      [Scan RS (ms): Min: 17.9, Avg: 18.4, Max: 18.8, Diff: 0.9, Sum: 147.3]
      [Code Root Scanning (ms): Min: 0.0, Avg: 0.0, Max: 0.0, Diff: 0.0, Sum: 0.0]
      [Object Copy (ms): Min: 133.3, Avg: 133.4, Max: 133.5, Diff: 0.1, Sum: 1067.3]
      [Termination (ms): Min: 0.0, Avg: 0.1, Max: 0.1, Diff: 0.1, Sum: 0.9]
         [Termination Attempts: Min: 1, Avg: 517.9, Max: 639, Diff: 638, Sum: 4143]
      [GC Worker Other (ms): Min: 0.0, Avg: 0.0, Max: 0.1, Diff: 0.1, Sum: 0.4]
      [GC Worker Total (ms): Min: 173.8, Avg: 173.9, Max: 174.1, Diff: 0.3, Sum: 1391.6]
      [GC Worker End (ms): Min: 16427.1, Avg: 16427.1, Max: 16427.2, Diff: 0.1]
   [Code Root Fixup: 0.0 ms]
   [Code Root Purge: 0.0 ms]
   [Clear CT: 0.2 ms]
   [Other: 1.6 ms]
      [Choose CSet: 0.0 ms]
      [Ref Proc: 0.3 ms]
      [Ref Enq: 0.0 ms]
      [Redirty Cards: 0.8 ms]
      [Humongous Register: 0.0 ms]
      [Humongous Reclaim: 0.0 ms]
      [Free CSet: 0.2 ms]
   [Eden: 189.0M(184.0M)->0.0B(197.0M) Survivors: 26.0M->27.0M Heap: 437.9M(2048.0M)->439.9M(2048.0M)]
 [Times: user=1.31 sys=0.06, real=0.18 secs] 
2020-09-29T11:59:14.347+0200: 16.578: [GC pause (G1 Evacuation Pause) (young), 0.1829149 secs]
   [Parallel Time: 181.6 ms, GC Workers: 8]
      [GC Worker Start (ms): Min: 16578.1, Avg: 16578.2, Max: 16578.3, Diff: 0.2]
      [Ext Root Scanning (ms): Min: 0.0, Avg: 0.1, Max: 0.2, Diff: 0.2, Sum: 0.7]
      [Update RS (ms): Min: 19.1, Avg: 19.3, Max: 19.4, Diff: 0.3, Sum: 154.2]
         [Processed Buffers: Min: 12, Avg: 14.5, Max: 18, Diff: 6, Sum: 116]
      [Scan RS (ms): Min: 20.4, Avg: 20.7, Max: 20.9, Diff: 0.5, Sum: 165.3]
      [Code Root Scanning (ms): Min: 0.0, Avg: 0.0, Max: 0.0, Diff: 0.0, Sum: 0.0]
      [Object Copy (ms): Min: 141.0, Avg: 141.2, Max: 141.3, Diff: 0.3, Sum: 1129.2]
      [Termination (ms): Min: 0.0, Avg: 0.0, Max: 0.0, Diff: 0.0, Sum: 0.1]
         [Termination Attempts: Min: 1, Avg: 22.8, Max: 36, Diff: 35, Sum: 182]
      [GC Worker Other (ms): Min: 0.0, Avg: 0.1, Max: 0.1, Diff: 0.1, Sum: 0.4]
      [GC Worker Total (ms): Min: 181.1, Avg: 181.2, Max: 181.3, Diff: 0.2, Sum: 1449.9]
      [GC Worker End (ms): Min: 16759.4, Avg: 16759.4, Max: 16759.5, Diff: 0.1]
   [Code Root Fixup: 0.0 ms]
   [Code Root Purge: 0.0 ms]
   [Clear CT: 0.4 ms]
   [Other: 0.9 ms]
      [Choose CSet: 0.0 ms]
      [Ref Proc: 0.2 ms]
      [Ref Enq: 0.0 ms]
      [Redirty Cards: 0.3 ms]
      [Humongous Register: 0.0 ms]
      [Humongous Reclaim: 0.0 ms]
      [Free CSet: 0.2 ms]
   [Eden: 197.0M(197.0M)->0.0B(198.0M) Survivors: 27.0M->28.0M Heap: 669.4M(2048.0M)->671.4M(2048.0M)]
 [Times: user=1.42 sys=0.03, real=0.18 secs] 
2020-09-29T11:59:14.677+0200: 16.909: [GC pause (G1 Evacuation Pause) (young), 0.1880797 secs]
   [Parallel Time: 186.7 ms, GC Workers: 8]
      [GC Worker Start (ms): Min: 16908.8, Avg: 16908.9, Max: 16909.0, Diff: 0.2]
      [Ext Root Scanning (ms): Min: 0.0, Avg: 0.1, Max: 0.2, Diff: 0.2, Sum: 0.7]
      [Update RS (ms): Min: 22.4, Avg: 22.6, Max: 22.9, Diff: 0.6, Sum: 181.0]
         [Processed Buffers: Min: 14, Avg: 16.1, Max: 20, Diff: 6, Sum: 129]
      [Scan RS (ms): Min: 18.8, Avg: 19.1, Max: 19.5, Diff: 0.7, Sum: 152.9]
      [Code Root Scanning (ms): Min: 0.0, Avg: 0.0, Max: 0.0, Diff: 0.0, Sum: 0.0]
      [Object Copy (ms): Min: 144.2, Avg: 144.4, Max: 144.5, Diff: 0.3, Sum: 1155.4]
      [Termination (ms): Min: 0.0, Avg: 0.1, Max: 0.1, Diff: 0.1, Sum: 0.7]
         [Termination Attempts: Min: 1, Avg: 397.9, Max: 478, Diff: 477, Sum: 3183]
      [GC Worker Other (ms): Min: 0.0, Avg: 0.0, Max: 0.1, Diff: 0.1, Sum: 0.4]
      [GC Worker Total (ms): Min: 186.3, Avg: 186.4, Max: 186.5, Diff: 0.3, Sum: 1491.0]
      [GC Worker End (ms): Min: 17095.3, Avg: 17095.3, Max: 17095.4, Diff: 0.1]
   [Code Root Fixup: 0.0 ms]
   [Code Root Purge: 0.0 ms]
   [Clear CT: 0.3 ms]
   [Other: 1.1 ms]
      [Choose CSet: 0.0 ms]
      [Ref Proc: 0.3 ms]
      [Ref Enq: 0.0 ms]
      [Redirty Cards: 0.4 ms]
      [Humongous Register: 0.1 ms]
      [Humongous Reclaim: 0.0 ms]
      [Free CSet: 0.2 ms]
   [Eden: 198.0M(198.0M)->0.0B(195.0M) Survivors: 28.0M->29.0M Heap: 901.8M(2048.0M)->904.8M(2048.0M)]
 [Times: user=1.44 sys=0.03, real=0.19 secs] 
2020-09-29T11:59:15.007+0200: 17.239: [GC pause (G1 Evacuation Pause) (young), 0.1787895 secs]
   [Parallel Time: 177.6 ms, GC Workers: 8]
      [GC Worker Start (ms): Min: 17239.5, Avg: 17239.6, Max: 17239.7, Diff: 0.2]
      [Ext Root Scanning (ms): Min: 0.0, Avg: 0.1, Max: 0.2, Diff: 0.2, Sum: 0.7]
      [Update RS (ms): Min: 24.6, Avg: 24.9, Max: 25.2, Diff: 0.5, Sum: 199.1]
         [Processed Buffers: Min: 16, Avg: 17.5, Max: 20, Diff: 4, Sum: 140]
      [Scan RS (ms): Min: 17.3, Avg: 17.7, Max: 17.9, Diff: 0.6, Sum: 141.3]
      [Code Root Scanning (ms): Min: 0.0, Avg: 0.0, Max: 0.0, Diff: 0.0, Sum: 0.0]
      [Object Copy (ms): Min: 134.4, Avg: 134.6, Max: 134.7, Diff: 0.2, Sum: 1076.7]
      [Termination (ms): Min: 0.0, Avg: 0.0, Max: 0.0, Diff: 0.0, Sum: 0.1]
         [Termination Attempts: Min: 1, Avg: 77.9, Max: 116, Diff: 115, Sum: 623]
      [GC Worker Other (ms): Min: 0.0, Avg: 0.0, Max: 0.0, Diff: 0.0, Sum: 0.2]
      [GC Worker Total (ms): Min: 177.2, Avg: 177.3, Max: 177.4, Diff: 0.2, Sum: 1418.1]
      [GC Worker End (ms): Min: 17416.9, Avg: 17416.9, Max: 17416.9, Diff: 0.0]
   [Code Root Fixup: 0.0 ms]
   [Code Root Purge: 0.0 ms]
   [Clear CT: 0.2 ms]
   [Other: 1.0 ms]
      [Choose CSet: 0.0 ms]
      [Ref Proc: 0.3 ms]
      [Ref Enq: 0.0 ms]
      [Redirty Cards: 0.3 ms]
      [Humongous Register: 0.1 ms]
      [Humongous Reclaim: 0.0 ms]
      [Free CSet: 0.1 ms]
   [Eden: 195.0M(195.0M)->0.0B(198.0M) Survivors: 29.0M->28.0M Heap: 1132.2M(2048.0M)->1133.7M(2048.0M)]
 [Times: user=1.38 sys=0.00, real=0.18 secs] 
2020-09-29T11:59:15.197+0200: 17.429: [GC pause (G1 Humongous Allocation) (young) (initial-mark), 0.0573915 secs]
   [Parallel Time: 56.4 ms, GC Workers: 8]
      [GC Worker Start (ms): Min: 17429.2, Avg: 17429.3, Max: 17429.3, Diff: 0.1]
      [Ext Root Scanning (ms): Min: 0.1, Avg: 0.1, Max: 0.2, Diff: 0.1, Sum: 0.9]
      [Update RS (ms): Min: 27.9, Avg: 28.3, Max: 28.9, Diff: 1.0, Sum: 226.1]
         [Processed Buffers: Min: 24, Avg: 25.1, Max: 26, Diff: 2, Sum: 201]
      [Scan RS (ms): Min: 1.9, Avg: 2.6, Max: 2.9, Diff: 1.0, Sum: 20.8]
      [Code Root Scanning (ms): Min: 0.0, Avg: 0.0, Max: 0.0, Diff: 0.0, Sum: 0.0]
      [Object Copy (ms): Min: 25.1, Avg: 25.2, Max: 25.3, Diff: 0.2, Sum: 202.0]
      [Termination (ms): Min: 0.0, Avg: 0.1, Max: 0.1, Diff: 0.1, Sum: 0.5]
         [Termination Attempts: Min: 1, Avg: 298.6, Max: 425, Diff: 424, Sum: 2389]
      [GC Worker Other (ms): Min: 0.0, Avg: 0.0, Max: 0.0, Diff: 0.0, Sum: 0.2]
      [GC Worker Total (ms): Min: 56.2, Avg: 56.3, Max: 56.4, Diff: 0.1, Sum: 450.4]
      [GC Worker End (ms): Min: 17485.6, Avg: 17485.6, Max: 17485.6, Diff: 0.0]
   [Code Root Fixup: 0.0 ms]
   [Code Root Purge: 0.0 ms]
   [Clear CT: 0.2 ms]
   [Other: 0.8 ms]
      [Choose CSet: 0.0 ms]
      [Ref Proc: 0.3 ms]
      [Ref Enq: 0.0 ms]
      [Redirty Cards: 0.2 ms]
      [Humongous Register: 0.0 ms]
      [Humongous Reclaim: 0.0 ms]
      [Free CSet: 0.1 ms]
   [Eden: 5120.0K(198.0M)->0.0B(212.0M) Survivors: 28.0M->7168.0K Heap: 1138.2M(2048.0M)->1142.2M(2048.0M)]
 [Times: user=0.45 sys=0.05, real=0.06 secs] 
2020-09-29T11:59:15.256+0200: 17.487: [GC concurrent-root-region-scan-start]
2020-09-29T11:59:15.257+0200: 17.488: [GC concurrent-root-region-scan-end, 0.0011868 secs]
2020-09-29T11:59:15.257+0200: 17.488: [GC concurrent-mark-start]
2020-09-29T11:59:15.260+0200: 17.491: [GC concurrent-mark-end, 0.0031293 secs]
2020-09-29T11:59:15.260+0200: 17.491: [GC remark 2020-09-29T11:59:15.260+0200: 17.491: [Finalize Marking, 0.0002731 secs] 2020-09-29T11:59:15.261+0200: 17.492: [GC ref-proc, 0.0003973 secs] 2020-09-29T11:59:15.261+0200: 17.492: [Unloading, 0.0005950 secs], 0.0016507 secs]
 [Times: user=0.00 sys=0.00, real=0.00 secs] 
2020-09-29T11:59:15.262+0200: 17.493: [GC cleanup 1149M->19M(2048M), 0.0014562 secs]
 [Times: user=0.00 sys=0.00, real=0.00 secs] 
2020-09-29T11:59:15.264+0200: 17.495: [GC concurrent-cleanup-start]
2020-09-29T11:59:15.265+0200: 17.497: [GC concurrent-cleanup-end, 0.0018732 secs]
2020-09-29T11:59:15.414+0200: 17.645: [GC pause (G1 Evacuation Pause) (young), 0.1775122 secs]
   [Parallel Time: 176.0 ms, GC Workers: 8]
      [GC Worker Start (ms): Min: 17645.0, Avg: 17645.1, Max: 17645.2, Diff: 0.2]
      [Ext Root Scanning (ms): Min: 0.0, Avg: 0.1, Max: 0.2, Diff: 0.2, Sum: 0.6]
      [Update RS (ms): Min: 14.2, Avg: 14.5, Max: 14.9, Diff: 0.7, Sum: 115.7]
         [Processed Buffers: Min: 10, Avg: 11.0, Max: 14, Diff: 4, Sum: 88]
      [Scan RS (ms): Min: 21.2, Avg: 22.1, Max: 24.7, Diff: 3.5, Sum: 176.5]
      [Code Root Scanning (ms): Min: 0.0, Avg: 0.0, Max: 0.0, Diff: 0.0, Sum: 0.0]
      [Object Copy (ms): Min: 136.5, Avg: 138.9, Max: 139.4, Diff: 2.9, Sum: 1110.8]
      [Termination (ms): Min: 0.0, Avg: 0.1, Max: 0.1, Diff: 0.1, Sum: 0.8]
         [Termination Attempts: Min: 1, Avg: 463.4, Max: 580, Diff: 579, Sum: 3707]
      [GC Worker Other (ms): Min: 0.0, Avg: 0.0, Max: 0.1, Diff: 0.1, Sum: 0.3]
      [GC Worker Total (ms): Min: 175.5, Avg: 175.6, Max: 175.7, Diff: 0.2, Sum: 1404.8]
      [GC Worker End (ms): Min: 17820.7, Avg: 17820.7, Max: 17820.7, Diff: 0.1]
   [Code Root Fixup: 0.0 ms]
   [Code Root Purge: 0.0 ms]
   [Clear CT: 0.3 ms]
   [Other: 1.3 ms]
      [Choose CSet: 0.0 ms]
      [Ref Proc: 0.4 ms]
      [Ref Enq: 0.0 ms]
      [Redirty Cards: 0.3 ms]
      [Humongous Register: 0.0 ms]
      [Humongous Reclaim: 0.0 ms]
      [Free CSet: 0.3 ms]
   [Eden: 212.0M(212.0M)->0.0B(187.0M) Survivors: 7168.0K->28.0M Heap: 261.2M(2048.0M)->256.2M(2048.0M)]
 [Times: user=1.30 sys=0.06, real=0.18 secs] 
2020-09-29T11:59:15.762+0200: 17.993: [GC pause (G1 Evacuation Pause) (young), 0.2206658 secs]
   [Parallel Time: 219.1 ms, GC Workers: 8]
      [GC Worker Start (ms): Min: 17992.9, Avg: 17993.0, Max: 17993.1, Diff: 0.2]
      [Ext Root Scanning (ms): Min: 0.0, Avg: 0.1, Max: 0.3, Diff: 0.2, Sum: 1.0]
      [Update RS (ms): Min: 22.7, Avg: 23.2, Max: 24.2, Diff: 1.4, Sum: 185.8]
         [Processed Buffers: Min: 11, Avg: 12.8, Max: 14, Diff: 3, Sum: 102]
      [Scan RS (ms): Min: 24.9, Avg: 25.8, Max: 26.4, Diff: 1.6, Sum: 206.5]
      [Code Root Scanning (ms): Min: 0.0, Avg: 0.0, Max: 0.0, Diff: 0.0, Sum: 0.0]
      [Object Copy (ms): Min: 169.4, Avg: 169.5, Max: 169.6, Diff: 0.2, Sum: 1356.0]
      [Termination (ms): Min: 0.0, Avg: 0.0, Max: 0.1, Diff: 0.1, Sum: 0.3]
         [Termination Attempts: Min: 1, Avg: 130.8, Max: 176, Diff: 175, Sum: 1046]
      [GC Worker Other (ms): Min: 0.0, Avg: 0.1, Max: 0.1, Diff: 0.1, Sum: 0.5]
      [GC Worker Total (ms): Min: 218.7, Avg: 218.8, Max: 218.9, Diff: 0.2, Sum: 1750.1]
      [GC Worker End (ms): Min: 18211.8, Avg: 18211.8, Max: 18211.9, Diff: 0.1]
   [Code Root Fixup: 0.0 ms]
   [Code Root Purge: 0.0 ms]
   [Clear CT: 0.4 ms]
   [Other: 1.2 ms]
      [Choose CSet: 0.0 ms]
      [Ref Proc: 0.3 ms]
      [Ref Enq: 0.0 ms]
      [Redirty Cards: 0.4 ms]
      [Humongous Register: 0.1 ms]
      [Humongous Reclaim: 0.0 ms]
      [Free CSet: 0.2 ms]
   [Eden: 187.0M(187.0M)->0.0B(155.0M) Survivors: 28.0M->27.0M Heap: 473.8M(2048.0M)->475.8M(2048.0M)]
 [Times: user=1.64 sys=0.08, real=0.22 secs] 
2020-09-29T11:59:16.129+0200: 18.360: [GC pause (G1 Evacuation Pause) (young), 0.1956657 secs]
   [Parallel Time: 194.2 ms, GC Workers: 8]
      [GC Worker Start (ms): Min: 18360.4, Avg: 18360.6, Max: 18360.6, Diff: 0.2]
      [Ext Root Scanning (ms): Min: 0.0, Avg: 0.1, Max: 0.2, Diff: 0.2, Sum: 1.1]
      [Update RS (ms): Min: 17.9, Avg: 18.7, Max: 22.5, Diff: 4.6, Sum: 149.9]
         [Processed Buffers: Min: 9, Avg: 11.0, Max: 13, Diff: 4, Sum: 88]
      [Scan RS (ms): Min: 18.8, Avg: 22.3, Max: 23.1, Diff: 4.2, Sum: 178.5]
      [Code Root Scanning (ms): Min: 0.0, Avg: 0.0, Max: 0.0, Diff: 0.0, Sum: 0.0]
      [Object Copy (ms): Min: 152.2, Avg: 152.5, Max: 152.7, Diff: 0.6, Sum: 1220.2]
      [Termination (ms): Min: 0.0, Avg: 0.2, Max: 0.3, Diff: 0.2, Sum: 1.6]
         [Termination Attempts: Min: 1, Avg: 581.0, Max: 796, Diff: 795, Sum: 4648]
      [GC Worker Other (ms): Min: 0.0, Avg: 0.0, Max: 0.1, Diff: 0.0, Sum: 0.3]
      [GC Worker Total (ms): Min: 193.9, Avg: 193.9, Max: 194.1, Diff: 0.2, Sum: 1551.6]
      [GC Worker End (ms): Min: 18554.5, Avg: 18554.5, Max: 18554.5, Diff: 0.0]
   [Code Root Fixup: 0.0 ms]
   [Code Root Purge: 0.0 ms]
   [Clear CT: 0.4 ms]
   [Other: 1.2 ms]
      [Choose CSet: 0.0 ms]
      [Ref Proc: 0.3 ms]
      [Ref Enq: 0.0 ms]
      [Redirty Cards: 0.3 ms]
      [Humongous Register: 0.1 ms]
      [Humongous Reclaim: 0.0 ms]
      [Free CSet: 0.3 ms]
   [Eden: 155.0M(155.0M)->0.0B(143.0M) Survivors: 27.0M->23.0M Heap: 657.5M(2048.0M)->660.0M(2048.0M)]
 [Times: user=1.44 sys=0.05, real=0.20 secs] 
2020-09-29T11:59:16.476+0200: 18.707: [GC pause (G1 Evacuation Pause) (young), 0.1799108 secs]
   [Parallel Time: 178.4 ms, GC Workers: 8]
      [GC Worker Start (ms): Min: 18706.9, Avg: 18707.0, Max: 18707.1, Diff: 0.2]
      [Ext Root Scanning (ms): Min: 0.0, Avg: 0.1, Max: 0.3, Diff: 0.2, Sum: 0.9]
      [Update RS (ms): Min: 26.1, Avg: 27.0, Max: 27.5, Diff: 1.4, Sum: 215.8]
         [Processed Buffers: Min: 13, Avg: 14.5, Max: 16, Diff: 3, Sum: 116]
      [Scan RS (ms): Min: 14.3, Avg: 14.8, Max: 15.8, Diff: 1.5, Sum: 118.4]
      [Code Root Scanning (ms): Min: 0.0, Avg: 0.0, Max: 0.0, Diff: 0.0, Sum: 0.0]
      [Object Copy (ms): Min: 135.7, Avg: 136.0, Max: 136.3, Diff: 0.5, Sum: 1087.9]
      [Termination (ms): Min: 0.0, Avg: 0.1, Max: 0.1, Diff: 0.1, Sum: 0.7]
         [Termination Attempts: Min: 1, Avg: 302.4, Max: 365, Diff: 364, Sum: 2419]
      [GC Worker Other (ms): Min: 0.0, Avg: 0.0, Max: 0.1, Diff: 0.1, Sum: 0.4]
      [GC Worker Total (ms): Min: 177.9, Avg: 178.0, Max: 178.1, Diff: 0.2, Sum: 1424.1]
      [GC Worker End (ms): Min: 18885.0, Avg: 18885.1, Max: 18885.1, Diff: 0.1]
   [Code Root Fixup: 0.0 ms]
   [Code Root Purge: 0.0 ms]
   [Clear CT: 0.5 ms]
   [Other: 1.1 ms]
      [Choose CSet: 0.0 ms]
      [Ref Proc: 0.2 ms]
      [Ref Enq: 0.0 ms]
      [Redirty Cards: 0.4 ms]
      [Humongous Register: 0.1 ms]
      [Humongous Reclaim: 0.0 ms]
      [Free CSet: 0.2 ms]
   [Eden: 143.0M(143.0M)->0.0B(142.0M) Survivors: 23.0M->21.0M Heap: 825.8M(2048.0M)->827.8M(2048.0M)]
 [Times: user=1.25 sys=0.06, real=0.18 secs] 
2020-09-29T11:59:16.790+0200: 19.021: [GC pause (G1 Evacuation Pause) (young), 0.1735803 secs]
   [Parallel Time: 171.7 ms, GC Workers: 8]
      [GC Worker Start (ms): Min: 19021.3, Avg: 19021.5, Max: 19021.6, Diff: 0.3]
      [Ext Root Scanning (ms): Min: 0.0, Avg: 0.1, Max: 0.3, Diff: 0.3, Sum: 1.0]
      [Update RS (ms): Min: 17.3, Avg: 17.6, Max: 18.4, Diff: 1.1, Sum: 140.9]
         [Processed Buffers: Min: 10, Avg: 11.3, Max: 14, Diff: 4, Sum: 90]
      [Scan RS (ms): Min: 18.2, Avg: 18.8, Max: 19.1, Diff: 0.9, Sum: 150.7]
      [Code Root Scanning (ms): Min: 0.0, Avg: 0.0, Max: 0.0, Diff: 0.0, Sum: 0.0]
      [Object Copy (ms): Min: 134.4, Avg: 134.6, Max: 134.8, Diff: 0.3, Sum: 1076.7]
      [Termination (ms): Min: 0.0, Avg: 0.0, Max: 0.0, Diff: 0.0, Sum: 0.2]
         [Termination Attempts: Min: 1, Avg: 65.5, Max: 81, Diff: 80, Sum: 524]
      [GC Worker Other (ms): Min: 0.0, Avg: 0.0, Max: 0.1, Diff: 0.1, Sum: 0.4]
      [GC Worker Total (ms): Min: 171.1, Avg: 171.2, Max: 171.4, Diff: 0.3, Sum: 1369.8]
      [GC Worker End (ms): Min: 19192.7, Avg: 19192.7, Max: 19192.7, Diff: 0.1]
   [Code Root Fixup: 0.0 ms]
   [Code Root Purge: 0.0 ms]
   [Clear CT: 0.4 ms]
   [Other: 1.4 ms]
      [Choose CSet: 0.0 ms]
      [Ref Proc: 0.5 ms]
      [Ref Enq: 0.0 ms]
      [Redirty Cards: 0.5 ms]
      [Humongous Register: 0.1 ms]
      [Humongous Reclaim: 0.0 ms]
      [Free CSet: 0.2 ms]
   [Eden: 142.0M(142.0M)->0.0B(141.0M) Survivors: 21.0M->21.0M Heap: 994.6M(2048.0M)->997.1M(2048.0M)]
 [Times: user=1.34 sys=0.02, real=0.17 secs] 
2020-09-29T11:59:16.972+0200: 19.203: [GC pause (G1 Humongous Allocation) (young) (initial-mark), 0.0622349 secs]
   [Parallel Time: 61.0 ms, GC Workers: 8]
      [GC Worker Start (ms): Min: 19202.8, Avg: 19202.9, Max: 19203.0, Diff: 0.2]
      [Ext Root Scanning (ms): Min: 0.0, Avg: 0.1, Max: 0.3, Diff: 0.2, Sum: 1.1]
      [Update RS (ms): Min: 32.6, Avg: 33.2, Max: 34.1, Diff: 1.4, Sum: 265.9]
         [Processed Buffers: Min: 21, Avg: 23.3, Max: 26, Diff: 5, Sum: 186]
      [Scan RS (ms): Min: 1.6, Avg: 2.4, Max: 3.1, Diff: 1.5, Sum: 19.2]
      [Code Root Scanning (ms): Min: 0.0, Avg: 0.0, Max: 0.0, Diff: 0.0, Sum: 0.0]
      [Object Copy (ms): Min: 24.9, Avg: 25.0, Max: 25.1, Diff: 0.2, Sum: 200.3]
      [Termination (ms): Min: 0.0, Avg: 0.0, Max: 0.0, Diff: 0.0, Sum: 0.2]
         [Termination Attempts: Min: 1, Avg: 94.3, Max: 115, Diff: 114, Sum: 754]
      [GC Worker Other (ms): Min: 0.0, Avg: 0.0, Max: 0.0, Diff: 0.0, Sum: 0.2]
      [GC Worker Total (ms): Min: 60.8, Avg: 60.9, Max: 61.0, Diff: 0.2, Sum: 486.8]
      [GC Worker End (ms): Min: 19263.8, Avg: 19263.8, Max: 19263.8, Diff: 0.0]
   [Code Root Fixup: 0.0 ms]
   [Code Root Purge: 0.0 ms]
   [Clear CT: 0.4 ms]
   [Other: 0.8 ms]
      [Choose CSet: 0.0 ms]
      [Ref Proc: 0.2 ms]
      [Ref Enq: 0.0 ms]
      [Redirty Cards: 0.3 ms]
      [Humongous Register: 0.0 ms]
      [Humongous Reclaim: 0.0 ms]
      [Free CSet: 0.1 ms]
   [Eden: 8192.0K(141.0M)->0.0B(159.0M) Survivors: 21.0M->11.0M Heap: 1005.1M(2048.0M)->1009.6M(2048.0M)]
 [Times: user=0.50 sys=0.00, real=0.06 secs] 
2020-09-29T11:59:17.034+0200: 19.265: [GC concurrent-root-region-scan-start]
2020-09-29T11:59:17.037+0200: 19.268: [GC concurrent-root-region-scan-end, 0.0027663 secs]
2020-09-29T11:59:17.037+0200: 19.268: [GC concurrent-mark-start]
2020-09-29T11:59:17.041+0200: 19.272: [GC concurrent-mark-end, 0.0038073 secs]
2020-09-29T11:59:17.041+0200: 19.272: [GC remark 2020-09-29T11:59:17.041+0200: 19.272: [Finalize Marking, 0.0002246 secs] 2020-09-29T11:59:17.041+0200: 19.272: [GC ref-proc, 0.0005225 secs] 2020-09-29T11:59:17.042+0200: 19.273: [Unloading, 0.0007817 secs], 0.0020134 secs]
 [Times: user=0.00 sys=0.00, real=0.00 secs] 
2020-09-29T11:59:17.044+0200: 19.275: [GC cleanup 1019M->26M(2048M), 0.0019216 secs]
 [Times: user=0.00 sys=0.00, real=0.00 secs] 
2020-09-29T11:59:17.046+0200: 19.277: [GC concurrent-cleanup-start]
2020-09-29T11:59:17.047+0200: 19.278: [GC concurrent-cleanup-end, 0.0018637 secs]
2020-09-29T11:59:17.187+0200: 19.418: [GC pause (G1 Evacuation Pause) (young), 0.1984250 secs]
   [Parallel Time: 196.7 ms, GC Workers: 8]
      [GC Worker Start (ms): Min: 19418.5, Avg: 19418.6, Max: 19418.7, Diff: 0.2]
      [Ext Root Scanning (ms): Min: 0.0, Avg: 0.1, Max: 0.3, Diff: 0.2, Sum: 1.0]
      [Update RS (ms): Min: 22.9, Avg: 23.5, Max: 24.0, Diff: 1.1, Sum: 187.7]
         [Processed Buffers: Min: 12, Avg: 13.0, Max: 15, Diff: 3, Sum: 104]
      [Scan RS (ms): Min: 14.6, Avg: 15.2, Max: 15.8, Diff: 1.2, Sum: 121.5]
      [Code Root Scanning (ms): Min: 0.0, Avg: 0.0, Max: 0.0, Diff: 0.0, Sum: 0.0]
      [Object Copy (ms): Min: 156.4, Avg: 156.7, Max: 157.5, Diff: 1.1, Sum: 1254.0]
      [Termination (ms): Min: 0.0, Avg: 0.7, Max: 0.8, Diff: 0.8, Sum: 5.6]
         [Termination Attempts: Min: 1, Avg: 2044.8, Max: 2494, Diff: 2493, Sum: 16358]
      [GC Worker Other (ms): Min: 0.0, Avg: 0.0, Max: 0.1, Diff: 0.1, Sum: 0.3]
      [GC Worker Total (ms): Min: 196.2, Avg: 196.3, Max: 196.4, Diff: 0.2, Sum: 1570.2]
      [GC Worker End (ms): Min: 19614.9, Avg: 19614.9, Max: 19614.9, Diff: 0.0]
   [Code Root Fixup: 0.0 ms]
   [Code Root Purge: 0.0 ms]
   [Clear CT: 0.5 ms]
   [Other: 1.2 ms]
      [Choose CSet: 0.0 ms]
      [Ref Proc: 0.2 ms]
      [Ref Enq: 0.0 ms]
      [Redirty Cards: 0.4 ms]
      [Humongous Register: 0.1 ms]
      [Humongous Reclaim: 0.0 ms]
      [Free CSet: 0.2 ms]
   [Eden: 159.0M(159.0M)->0.0B(134.0M) Survivors: 11.0M->22.0M Heap: 202.2M(2048.0M)->193.2M(2048.0M)]
 [Times: user=1.48 sys=0.05, real=0.20 secs] 
2020-09-29T11:59:17.516+0200: 19.748: [GC pause (G1 Evacuation Pause) (young), 0.1796806 secs]
   [Parallel Time: 175.8 ms, GC Workers: 8]
      [GC Worker Start (ms): Min: 19748.2, Avg: 19748.4, Max: 19748.5, Diff: 0.3]
      [Ext Root Scanning (ms): Min: 0.0, Avg: 0.1, Max: 0.3, Diff: 0.3, Sum: 0.9]
      [Update RS (ms): Min: 21.9, Avg: 23.0, Max: 27.6, Diff: 5.8, Sum: 183.8]
         [Processed Buffers: Min: 7, Avg: 10.1, Max: 16, Diff: 9, Sum: 81]
      [Scan RS (ms): Min: 14.5, Avg: 19.2, Max: 20.6, Diff: 6.1, Sum: 153.9]
      [Code Root Scanning (ms): Min: 0.0, Avg: 0.0, Max: 0.0, Diff: 0.0, Sum: 0.0]
      [Object Copy (ms): Min: 132.4, Avg: 132.8, Max: 133.1, Diff: 0.7, Sum: 1062.5]
      [Termination (ms): Min: 0.0, Avg: 0.2, Max: 0.3, Diff: 0.3, Sum: 1.8]
         [Termination Attempts: Min: 1, Avg: 760.4, Max: 1051, Diff: 1050, Sum: 6083]
      [GC Worker Other (ms): Min: 0.0, Avg: 0.0, Max: 0.1, Diff: 0.1, Sum: 0.3]
      [GC Worker Total (ms): Min: 175.3, Avg: 175.4, Max: 175.5, Diff: 0.2, Sum: 1403.3]
      [GC Worker End (ms): Min: 19923.8, Avg: 19923.8, Max: 19923.8, Diff: 0.1]
   [Code Root Fixup: 0.0 ms]
   [Code Root Purge: 0.0 ms]
   [Clear CT: 2.4 ms]
   [Other: 1.5 ms]
      [Choose CSet: 0.0 ms]
      [Ref Proc: 0.3 ms]
      [Ref Enq: 0.0 ms]
      [Redirty Cards: 0.6 ms]
      [Humongous Register: 0.1 ms]
      [Humongous Reclaim: 0.0 ms]
      [Free CSet: 0.2 ms]
   [Eden: 134.0M(134.0M)->0.0B(129.0M) Survivors: 22.0M->20.0M Heap: 350.1M(2048.0M)->351.6M(2048.0M)]
 [Times: user=1.31 sys=0.05, real=0.18 secs] 
2020-09-29T11:59:17.820+0200: 20.052: [GC pause (G1 Evacuation Pause) (young), 0.1519483 secs]
   [Parallel Time: 149.9 ms, GC Workers: 8]
      [GC Worker Start (ms): Min: 20052.2, Avg: 20052.3, Max: 20052.4, Diff: 0.2]
      [Ext Root Scanning (ms): Min: 0.0, Avg: 0.1, Max: 0.3, Diff: 0.2, Sum: 0.9]
      [Update RS (ms): Min: 12.1, Avg: 12.5, Max: 13.7, Diff: 1.6, Sum: 100.0]
         [Processed Buffers: Min: 7, Avg: 7.6, Max: 8, Diff: 1, Sum: 61]
      [Scan RS (ms): Min: 17.7, Avg: 18.8, Max: 19.3, Diff: 1.6, Sum: 150.2]
      [Code Root Scanning (ms): Min: 0.0, Avg: 0.0, Max: 0.0, Diff: 0.0, Sum: 0.0]
      [Object Copy (ms): Min: 117.8, Avg: 118.0, Max: 118.2, Diff: 0.4, Sum: 943.9]
      [Termination (ms): Min: 0.0, Avg: 0.1, Max: 0.1, Diff: 0.1, Sum: 0.6]
         [Termination Attempts: Min: 1, Avg: 267.1, Max: 330, Diff: 329, Sum: 2137]
      [GC Worker Other (ms): Min: 0.0, Avg: 0.1, Max: 0.1, Diff: 0.1, Sum: 0.5]
      [GC Worker Total (ms): Min: 149.4, Avg: 149.5, Max: 149.7, Diff: 0.3, Sum: 1196.2]
      [GC Worker End (ms): Min: 20201.8, Avg: 20201.8, Max: 20201.9, Diff: 0.1]
   [Code Root Fixup: 0.0 ms]
   [Code Root Purge: 0.0 ms]
   [Clear CT: 0.6 ms]
   [Other: 1.4 ms]
      [Choose CSet: 0.0 ms]
      [Ref Proc: 0.4 ms]
      [Ref Enq: 0.0 ms]
      [Redirty Cards: 0.5 ms]
      [Humongous Register: 0.1 ms]
      [Humongous Reclaim: 0.0 ms]
      [Free CSet: 0.1 ms]
   [Eden: 129.0M(129.0M)->0.0B(137.0M) Survivors: 20.0M->19.0M Heap: 501.6M(2048.0M)->504.1M(2048.0M)]
 [Times: user=1.03 sys=0.09, real=0.15 secs] 
2020-09-29T11:59:18.102+0200: 20.334: [GC pause (G1 Evacuation Pause) (young), 0.1662331 secs]
   [Parallel Time: 164.7 ms, GC Workers: 8]
      [GC Worker Start (ms): Min: 20333.9, Avg: 20334.0, Max: 20334.1, Diff: 0.2]
      [Ext Root Scanning (ms): Min: 0.1, Avg: 0.1, Max: 0.2, Diff: 0.2, Sum: 1.1]
      [Update RS (ms): Min: 14.3, Avg: 14.8, Max: 15.5, Diff: 1.2, Sum: 118.0]
         [Processed Buffers: Min: 8, Avg: 8.9, Max: 10, Diff: 2, Sum: 71]
      [Scan RS (ms): Min: 17.7, Avg: 18.6, Max: 19.1, Diff: 1.3, Sum: 148.4]
      [Code Root Scanning (ms): Min: 0.0, Avg: 0.0, Max: 0.0, Diff: 0.0, Sum: 0.0]
      [Object Copy (ms): Min: 130.7, Avg: 131.0, Max: 131.1, Diff: 0.4, Sum: 1047.7]
      [Termination (ms): Min: 0.0, Avg: 0.0, Max: 0.0, Diff: 0.0, Sum: 0.1]
         [Termination Attempts: Min: 1, Avg: 16.9, Max: 24, Diff: 23, Sum: 135]
      [GC Worker Other (ms): Min: 0.0, Avg: 0.0, Max: 0.1, Diff: 0.1, Sum: 0.4]
      [GC Worker Total (ms): Min: 164.4, Avg: 164.5, Max: 164.6, Diff: 0.2, Sum: 1315.7]
      [GC Worker End (ms): Min: 20498.4, Avg: 20498.4, Max: 20498.5, Diff: 0.1]
   [Code Root Fixup: 0.0 ms]
   [Code Root Purge: 0.0 ms]
   [Clear CT: 0.4 ms]
   [Other: 1.2 ms]
      [Choose CSet: 0.0 ms]
      [Ref Proc: 0.3 ms]
      [Ref Enq: 0.0 ms]
      [Redirty Cards: 0.4 ms]
      [Humongous Register: 0.1 ms]
      [Humongous Reclaim: 0.0 ms]
      [Free CSet: 0.1 ms]
   [Eden: 137.0M(137.0M)->0.0B(140.0M) Survivors: 19.0M->20.0M Heap: 664.0M(2048.0M)->666.0M(2048.0M)]
 [Times: user=1.17 sys=0.05, real=0.17 secs] 
2020-09-29T11:59:18.409+0200: 20.641: [GC pause (G1 Evacuation Pause) (young), 0.1724735 secs]
   [Parallel Time: 170.3 ms, GC Workers: 8]
      [GC Worker Start (ms): Min: 20641.0, Avg: 20641.1, Max: 20641.2, Diff: 0.3]
      [Ext Root Scanning (ms): Min: 0.0, Avg: 0.1, Max: 0.3, Diff: 0.3, Sum: 1.0]
      [Update RS (ms): Min: 20.8, Avg: 21.1, Max: 21.6, Diff: 0.8, Sum: 168.5]
         [Processed Buffers: Min: 11, Avg: 12.9, Max: 14, Diff: 3, Sum: 103]
      [Scan RS (ms): Min: 16.6, Avg: 17.1, Max: 17.4, Diff: 0.8, Sum: 136.8]
      [Code Root Scanning (ms): Min: 0.0, Avg: 0.0, Max: 0.0, Diff: 0.0, Sum: 0.0]
      [Object Copy (ms): Min: 131.2, Avg: 131.4, Max: 131.6, Diff: 0.4, Sum: 1051.4]
      [Termination (ms): Min: 0.0, Avg: 0.2, Max: 0.2, Diff: 0.2, Sum: 1.5]
         [Termination Attempts: Min: 1, Avg: 568.5, Max: 701, Diff: 700, Sum: 4548]
      [GC Worker Other (ms): Min: 0.0, Avg: 0.0, Max: 0.1, Diff: 0.0, Sum: 0.3]
      [GC Worker Total (ms): Min: 169.8, Avg: 169.9, Max: 170.1, Diff: 0.3, Sum: 1359.5]
      [GC Worker End (ms): Min: 20811.1, Avg: 20811.1, Max: 20811.1, Diff: 0.0]
   [Code Root Fixup: 0.0 ms]
   [Code Root Purge: 0.0 ms]
   [Clear CT: 0.6 ms]
   [Other: 1.6 ms]
      [Choose CSet: 0.0 ms]
      [Ref Proc: 0.5 ms]
      [Ref Enq: 0.0 ms]
      [Redirty Cards: 0.6 ms]
      [Humongous Register: 0.1 ms]
      [Humongous Reclaim: 0.0 ms]
      [Free CSet: 0.2 ms]
   [Eden: 140.0M(140.0M)->0.0B(143.0M) Survivors: 20.0M->20.0M Heap: 830.8M(2048.0M)->832.8M(2048.0M)]
 [Times: user=1.30 sys=0.09, real=0.17 secs] 
2020-09-29T11:59:18.728+0200: 20.960: [GC pause (G1 Evacuation Pause) (young), 0.1735664 secs]
   [Parallel Time: 171.6 ms, GC Workers: 8]
      [GC Worker Start (ms): Min: 20960.1, Avg: 20960.2, Max: 20960.3, Diff: 0.3]
      [Ext Root Scanning (ms): Min: 0.0, Avg: 0.1, Max: 0.3, Diff: 0.3, Sum: 0.9]
      [Update RS (ms): Min: 13.5, Avg: 13.8, Max: 14.6, Diff: 1.1, Sum: 110.7]
         [Processed Buffers: Min: 8, Avg: 8.8, Max: 12, Diff: 4, Sum: 70]
      [Scan RS (ms): Min: 20.3, Avg: 21.1, Max: 21.5, Diff: 1.2, Sum: 168.8]
      [Code Root Scanning (ms): Min: 0.0, Avg: 0.0, Max: 0.0, Diff: 0.0, Sum: 0.0]
      [Object Copy (ms): Min: 135.9, Avg: 136.0, Max: 136.1, Diff: 0.2, Sum: 1088.0]
      [Termination (ms): Min: 0.0, Avg: 0.1, Max: 0.1, Diff: 0.1, Sum: 0.7]
         [Termination Attempts: Min: 1, Avg: 267.6, Max: 323, Diff: 322, Sum: 2141]
      [GC Worker Other (ms): Min: 0.0, Avg: 0.0, Max: 0.1, Diff: 0.1, Sum: 0.4]
      [GC Worker Total (ms): Min: 171.1, Avg: 171.2, Max: 171.4, Diff: 0.4, Sum: 1369.6]
      [GC Worker End (ms): Min: 21131.4, Avg: 21131.4, Max: 21131.5, Diff: 0.1]
   [Code Root Fixup: 0.0 ms]
   [Code Root Purge: 0.0 ms]
   [Clear CT: 0.8 ms]
   [Other: 1.2 ms]
      [Choose CSet: 0.0 ms]
      [Ref Proc: 0.2 ms]
      [Ref Enq: 0.0 ms]
      [Redirty Cards: 0.5 ms]
      [Humongous Register: 0.1 ms]
      [Humongous Reclaim: 0.0 ms]
      [Free CSet: 0.2 ms]
   [Eden: 143.0M(143.0M)->0.0B(143.0M) Survivors: 20.0M->21.0M Heap: 998.6M(2048.0M)->1001.6M(2048.0M)]
 [Times: user=1.34 sys=0.03, real=0.17 secs] 
2020-09-29T11:59:18.914+0200: 21.146: [GC pause (G1 Humongous Allocation) (young) (initial-mark), 0.0534868 secs]
   [Parallel Time: 52.1 ms, GC Workers: 8]
      [GC Worker Start (ms): Min: 21145.8, Avg: 21145.9, Max: 21146.0, Diff: 0.3]
      [Ext Root Scanning (ms): Min: 0.0, Avg: 0.2, Max: 0.4, Diff: 0.4, Sum: 1.8]
      [Update RS (ms): Min: 25.9, Avg: 26.3, Max: 26.8, Diff: 0.9, Sum: 210.7]
         [Processed Buffers: Min: 17, Avg: 18.5, Max: 21, Diff: 4, Sum: 148]
      [Scan RS (ms): Min: 1.9, Avg: 2.4, Max: 2.9, Diff: 1.0, Sum: 18.9]
      [Code Root Scanning (ms): Min: 0.0, Avg: 0.0, Max: 0.0, Diff: 0.0, Sum: 0.0]
      [Object Copy (ms): Min: 22.6, Avg: 22.7, Max: 22.8, Diff: 0.2, Sum: 182.0]
      [Termination (ms): Min: 0.0, Avg: 0.0, Max: 0.0, Diff: 0.0, Sum: 0.1]
         [Termination Attempts: Min: 1, Avg: 27.9, Max: 35, Diff: 34, Sum: 223]
      [GC Worker Other (ms): Min: 0.0, Avg: 0.0, Max: 0.1, Diff: 0.0, Sum: 0.2]
      [GC Worker Total (ms): Min: 51.6, Avg: 51.7, Max: 51.8, Diff: 0.2, Sum: 413.6]
      [GC Worker End (ms): Min: 21197.6, Avg: 21197.6, Max: 21197.6, Diff: 0.0]
   [Code Root Fixup: 0.0 ms]
   [Code Root Purge: 0.0 ms]
   [Clear CT: 0.4 ms]
   [Other: 1.0 ms]
      [Choose CSet: 0.0 ms]
      [Ref Proc: 0.3 ms]
      [Ref Enq: 0.0 ms]
      [Redirty Cards: 0.3 ms]
      [Humongous Register: 0.1 ms]
      [Humongous Reclaim: 0.0 ms]
      [Free CSet: 0.1 ms]
   [Eden: 5120.0K(143.0M)->0.0B(166.0M) Survivors: 21.0M->6144.0K Heap: 1006.6M(2048.0M)->1010.1M(2048.0M)]
 [Times: user=0.38 sys=0.00, real=0.05 secs] 
2020-09-29T11:59:18.967+0200: 21.199: [GC concurrent-root-region-scan-start]
2020-09-29T11:59:18.970+0200: 21.202: [GC concurrent-root-region-scan-end, 0.0024610 secs]
2020-09-29T11:59:18.970+0200: 21.202: [GC concurrent-mark-start]
2020-09-29T11:59:18.974+0200: 21.206: [GC concurrent-mark-end, 0.0038305 secs]
2020-09-29T11:59:18.974+0200: 21.206: [GC remark 2020-09-29T11:59:18.974+0200: 21.206: [Finalize Marking, 0.0002637 secs] 2020-09-29T11:59:18.975+0200: 21.206: [GC ref-proc, 0.0005166 secs] 2020-09-29T11:59:18.975+0200: 21.207: [Unloading, 0.0009244 secs], 0.0022817 secs]
 [Times: user=0.00 sys=0.00, real=0.00 secs] 
2020-09-29T11:59:18.977+0200: 21.209: [GC cleanup 1020M->21M(2048M), 0.0019878 secs]
 [Times: user=0.00 sys=0.00, real=0.00 secs] 
2020-09-29T11:59:18.979+0200: 21.211: [GC concurrent-cleanup-start]
2020-09-29T11:59:18.981+0200: 21.213: [GC concurrent-cleanup-end, 0.0019499 secs]
2020-09-29T11:59:19.129+0200: 21.360: [GC pause (G1 Evacuation Pause) (young), 0.1733560 secs]
   [Parallel Time: 171.9 ms, GC Workers: 8]
      [GC Worker Start (ms): Min: 21360.6, Avg: 21360.7, Max: 21360.8, Diff: 0.3]
      [Ext Root Scanning (ms): Min: 0.0, Avg: 0.1, Max: 0.3, Diff: 0.3, Sum: 0.9]
      [Update RS (ms): Min: 15.0, Avg: 15.4, Max: 16.0, Diff: 1.1, Sum: 123.4]
         [Processed Buffers: Min: 8, Avg: 9.5, Max: 11, Diff: 3, Sum: 76]
      [Scan RS (ms): Min: 20.4, Avg: 21.1, Max: 21.6, Diff: 1.2, Sum: 169.1]
      [Code Root Scanning (ms): Min: 0.0, Avg: 0.0, Max: 0.0, Diff: 0.0, Sum: 0.0]
      [Object Copy (ms): Min: 134.5, Avg: 134.7, Max: 134.8, Diff: 0.3, Sum: 1077.5]
      [Termination (ms): Min: 0.0, Avg: 0.0, Max: 0.1, Diff: 0.1, Sum: 0.3]
         [Termination Attempts: Min: 1, Avg: 148.4, Max: 194, Diff: 193, Sum: 1187]
      [GC Worker Other (ms): Min: 0.0, Avg: 0.0, Max: 0.1, Diff: 0.1, Sum: 0.4]
      [GC Worker Total (ms): Min: 171.3, Avg: 171.5, Max: 171.6, Diff: 0.2, Sum: 1371.7]
      [GC Worker End (ms): Min: 21532.1, Avg: 21532.2, Max: 21532.2, Diff: 0.1]
   [Code Root Fixup: 0.0 ms]
   [Code Root Purge: 0.0 ms]
   [Clear CT: 0.3 ms]
   [Other: 1.2 ms]
      [Choose CSet: 0.0 ms]
      [Ref Proc: 0.4 ms]
      [Ref Enq: 0.0 ms]
      [Redirty Cards: 0.3 ms]
      [Humongous Register: 0.1 ms]
      [Humongous Reclaim: 0.0 ms]
      [Free CSet: 0.2 ms]
   [Eden: 166.0M(166.0M)->0.0B(150.0M) Survivors: 6144.0K->22.0M Heap: 206.6M(2048.0M)->203.1M(2048.0M)]
 [Times: user=1.20 sys=0.05, real=0.17 secs] 
2020-09-29T11:59:19.452+0200: 21.684: [GC pause (G1 Evacuation Pause) (young), 0.1903763 secs]
   [Parallel Time: 188.9 ms, GC Workers: 8]
      [GC Worker Start (ms): Min: 21684.1, Avg: 21684.3, Max: 21684.4, Diff: 0.3]
      [Ext Root Scanning (ms): Min: 0.0, Avg: 0.1, Max: 0.3, Diff: 0.3, Sum: 0.9]
      [Update RS (ms): Min: 17.6, Avg: 17.9, Max: 18.7, Diff: 1.1, Sum: 143.3]
         [Processed Buffers: Min: 7, Avg: 10.4, Max: 12, Diff: 5, Sum: 83]
      [Scan RS (ms): Min: 19.8, Avg: 20.6, Max: 21.0, Diff: 1.2, Sum: 164.5]
      [Code Root Scanning (ms): Min: 0.0, Avg: 0.0, Max: 0.0, Diff: 0.0, Sum: 0.0]
      [Object Copy (ms): Min: 149.6, Avg: 149.8, Max: 149.9, Diff: 0.3, Sum: 1198.4]
      [Termination (ms): Min: 0.0, Avg: 0.0, Max: 0.0, Diff: 0.0, Sum: 0.1]
         [Termination Attempts: Min: 1, Avg: 25.5, Max: 41, Diff: 40, Sum: 204]
      [GC Worker Other (ms): Min: 0.0, Avg: 0.1, Max: 0.1, Diff: 0.1, Sum: 0.5]
      [GC Worker Total (ms): Min: 188.3, Avg: 188.5, Max: 188.6, Diff: 0.3, Sum: 1507.7]
      [GC Worker End (ms): Min: 21872.7, Avg: 21872.8, Max: 21872.8, Diff: 0.1]
   [Code Root Fixup: 0.0 ms]
   [Code Root Purge: 0.0 ms]
   [Clear CT: 0.3 ms]
   [Other: 1.2 ms]
      [Choose CSet: 0.0 ms]
      [Ref Proc: 0.4 ms]
      [Ref Enq: 0.0 ms]
      [Redirty Cards: 0.3 ms]
      [Humongous Register: 0.1 ms]
      [Humongous Reclaim: 0.0 ms]
      [Free CSet: 0.2 ms]
   [Eden: 150.0M(150.0M)->0.0B(141.0M) Survivors: 22.0M->22.0M Heap: 377.9M(2048.0M)->379.9M(2048.0M)]
 [Times: user=1.42 sys=0.08, real=0.19 secs] 
2020-09-29T11:59:19.781+0200: 22.013: [GC pause (G1 Evacuation Pause) (young), 0.1655399 secs]
   [Parallel Time: 163.9 ms, GC Workers: 8]
      [GC Worker Start (ms): Min: 22013.3, Avg: 22013.4, Max: 22013.5, Diff: 0.2]
      [Ext Root Scanning (ms): Min: 0.0, Avg: 0.1, Max: 0.3, Diff: 0.2, Sum: 1.0]
      [Update RS (ms): Min: 15.3, Avg: 16.0, Max: 16.7, Diff: 1.4, Sum: 127.8]
         [Processed Buffers: Min: 8, Avg: 9.3, Max: 11, Diff: 3, Sum: 74]
      [Scan RS (ms): Min: 19.2, Avg: 19.9, Max: 20.7, Diff: 1.4, Sum: 159.4]
      [Code Root Scanning (ms): Min: 0.0, Avg: 0.0, Max: 0.0, Diff: 0.0, Sum: 0.0]
      [Object Copy (ms): Min: 127.3, Avg: 127.4, Max: 127.5, Diff: 0.2, Sum: 1019.2]
      [Termination (ms): Min: 0.0, Avg: 0.1, Max: 0.1, Diff: 0.1, Sum: 0.4]
         [Termination Attempts: Min: 1, Avg: 157.5, Max: 214, Diff: 213, Sum: 1260]
      [GC Worker Other (ms): Min: 0.0, Avg: 0.0, Max: 0.1, Diff: 0.1, Sum: 0.4]
      [GC Worker Total (ms): Min: 163.4, Avg: 163.5, Max: 163.7, Diff: 0.3, Sum: 1308.2]
      [GC Worker End (ms): Min: 22176.9, Avg: 22177.0, Max: 22177.0, Diff: 0.1]
   [Code Root Fixup: 0.0 ms]
   [Code Root Purge: 0.0 ms]
   [Clear CT: 0.5 ms]
   [Other: 1.2 ms]
      [Choose CSet: 0.0 ms]
      [Ref Proc: 0.3 ms]
      [Ref Enq: 0.0 ms]
      [Redirty Cards: 0.4 ms]
      [Humongous Register: 0.1 ms]
      [Humongous Reclaim: 0.0 ms]
      [Free CSet: 0.2 ms]
   [Eden: 141.0M(141.0M)->0.0B(144.0M) Survivors: 22.0M->21.0M Heap: 543.8M(2048.0M)->545.3M(2048.0M)]
 [Times: user=1.36 sys=0.02, real=0.17 secs] 
2020-09-29T11:59:20.086+0200: 22.318: [GC pause (G1 Evacuation Pause) (young), 0.1755939 secs]
   [Parallel Time: 173.9 ms, GC Workers: 8]
      [GC Worker Start (ms): Min: 22317.8, Avg: 22317.9, Max: 22318.0, Diff: 0.2]
      [Ext Root Scanning (ms): Min: 0.0, Avg: 0.1, Max: 0.2, Diff: 0.2, Sum: 0.9]
      [Update RS (ms): Min: 17.8, Avg: 18.1, Max: 19.5, Diff: 1.7, Sum: 144.8]
         [Processed Buffers: Min: 10, Avg: 11.1, Max: 16, Diff: 6, Sum: 89]
      [Scan RS (ms): Min: 19.4, Avg: 19.7, Max: 19.9, Diff: 0.6, Sum: 157.9]
      [Code Root Scanning (ms): Min: 0.0, Avg: 0.0, Max: 0.0, Diff: 0.0, Sum: 0.0]
      [Object Copy (ms): Min: 134.1, Avg: 135.6, Max: 135.8, Diff: 1.8, Sum: 1084.5]
      [Termination (ms): Min: 0.0, Avg: 0.0, Max: 0.1, Diff: 0.1, Sum: 0.3]
         [Termination Attempts: Min: 1, Avg: 132.9, Max: 173, Diff: 172, Sum: 1063]
      [GC Worker Other (ms): Min: 0.0, Avg: 0.0, Max: 0.1, Diff: 0.1, Sum: 0.4]
      [GC Worker Total (ms): Min: 173.5, Avg: 173.6, Max: 173.8, Diff: 0.3, Sum: 1388.8]
      [GC Worker End (ms): Min: 22491.5, Avg: 22491.5, Max: 22491.5, Diff: 0.1]
   [Code Root Fixup: 0.0 ms]
   [Code Root Purge: 0.0 ms]
   [Clear CT: 0.4 ms]
   [Other: 1.3 ms]
      [Choose CSet: 0.0 ms]
      [Ref Proc: 0.5 ms]
      [Ref Enq: 0.0 ms]
      [Redirty Cards: 0.4 ms]
      [Humongous Register: 0.1 ms]
      [Humongous Reclaim: 0.0 ms]
      [Free CSet: 0.2 ms]
   [Eden: 144.0M(144.0M)->0.0B(145.0M) Survivors: 21.0M->21.0M Heap: 714.1M(2048.0M)->716.1M(2048.0M)]
 [Times: user=1.31 sys=0.06, real=0.18 secs] 
2020-09-29T11:59:20.404+0200: 22.635: [GC pause (G1 Evacuation Pause) (young), 0.1893010 secs]
   [Parallel Time: 187.8 ms, GC Workers: 8]
      [GC Worker Start (ms): Min: 22635.1, Avg: 22635.3, Max: 22635.4, Diff: 0.3]
      [Ext Root Scanning (ms): Min: 0.0, Avg: 0.1, Max: 0.3, Diff: 0.3, Sum: 0.9]
      [Update RS (ms): Min: 25.0, Avg: 25.3, Max: 25.9, Diff: 0.9, Sum: 202.4]
         [Processed Buffers: Min: 12, Avg: 14.8, Max: 16, Diff: 4, Sum: 118]
      [Scan RS (ms): Min: 15.4, Avg: 15.9, Max: 16.2, Diff: 0.8, Sum: 127.0]
      [Code Root Scanning (ms): Min: 0.0, Avg: 0.0, Max: 0.0, Diff: 0.0, Sum: 0.0]
      [Object Copy (ms): Min: 145.7, Avg: 145.9, Max: 146.0, Diff: 0.3, Sum: 1167.2]
      [Termination (ms): Min: 0.0, Avg: 0.2, Max: 0.2, Diff: 0.2, Sum: 1.5]
         [Termination Attempts: Min: 1, Avg: 641.8, Max: 791, Diff: 790, Sum: 5134]
      [GC Worker Other (ms): Min: 0.0, Avg: 0.0, Max: 0.1, Diff: 0.0, Sum: 0.3]
      [GC Worker Total (ms): Min: 187.3, Avg: 187.4, Max: 187.6, Diff: 0.3, Sum: 1499.2]
      [GC Worker End (ms): Min: 22822.6, Avg: 22822.7, Max: 22822.7, Diff: 0.0]
   [Code Root Fixup: 0.0 ms]
   [Code Root Purge: 0.0 ms]
   [Clear CT: 0.5 ms]
   [Other: 1.1 ms]
      [Choose CSet: 0.0 ms]
      [Ref Proc: 0.2 ms]
      [Ref Enq: 0.0 ms]
      [Redirty Cards: 0.4 ms]
      [Humongous Register: 0.1 ms]
      [Humongous Reclaim: 0.0 ms]
      [Free CSet: 0.1 ms]
   [Eden: 145.0M(145.0M)->0.0B(141.0M) Survivors: 21.0M->21.0M Heap: 885.9M(2048.0M)->887.4M(2048.0M)]
 [Times: user=1.44 sys=0.05, real=0.19 secs] 
2020-09-29T11:59:20.708+0200: 22.939: [GC pause (G1 Evacuation Pause) (young), 0.0861986 secs]
   [Parallel Time: 84.6 ms, GC Workers: 8]
      [GC Worker Start (ms): Min: 22939.1, Avg: 22939.2, Max: 22939.2, Diff: 0.2]
      [Ext Root Scanning (ms): Min: 0.0, Avg: 0.1, Max: 0.2, Diff: 0.2, Sum: 0.5]
      [Update RS (ms): Min: 10.9, Avg: 11.3, Max: 11.7, Diff: 0.7, Sum: 90.1]
         [Processed Buffers: Min: 11, Avg: 13.0, Max: 17, Diff: 6, Sum: 104]
      [Scan RS (ms): Min: 7.9, Avg: 8.4, Max: 8.7, Diff: 0.8, Sum: 66.9]
      [Code Root Scanning (ms): Min: 0.0, Avg: 0.0, Max: 0.0, Diff: 0.0, Sum: 0.0]
      [Object Copy (ms): Min: 64.4, Avg: 64.4, Max: 64.5, Diff: 0.1, Sum: 515.5]
      [Termination (ms): Min: 0.0, Avg: 0.0, Max: 0.0, Diff: 0.0, Sum: 0.2]
         [Termination Attempts: Min: 1, Avg: 218.0, Max: 281, Diff: 280, Sum: 1744]
      [GC Worker Other (ms): Min: 0.0, Avg: 0.0, Max: 0.1, Diff: 0.0, Sum: 0.2]
      [GC Worker Total (ms): Min: 84.1, Avg: 84.2, Max: 84.3, Diff: 0.2, Sum: 673.5]
      [GC Worker End (ms): Min: 23023.3, Avg: 23023.3, Max: 23023.4, Diff: 0.0]
   [Code Root Fixup: 0.0 ms]
   [Code Root Purge: 0.0 ms]
   [Clear CT: 0.5 ms]
   [Other: 1.1 ms]
      [Choose CSet: 0.0 ms]
      [Ref Proc: 0.5 ms]
      [Ref Enq: 0.0 ms]
      [Redirty Cards: 0.4 ms]
      [Humongous Register: 0.0 ms]
      [Humongous Reclaim: 0.0 ms]
      [Free CSet: 0.1 ms]
   [Eden: 141.0M(141.0M)->0.0B(161.0M) Survivors: 21.0M->21.0M Heap: 1051.3M(2048.0M)->1052.8M(2048.0M)]
 [Times: user=0.59 sys=0.03, real=0.09 secs] 
2020-09-29T11:59:20.797+0200: 23.028: [GC pause (G1 Humongous Allocation) (young) (initial-mark), 0.0307568 secs]
   [Parallel Time: 30.1 ms, GC Workers: 8]
      [GC Worker Start (ms): Min: 23028.4, Avg: 23028.5, Max: 23028.6, Diff: 0.1]
      [Ext Root Scanning (ms): Min: 0.0, Avg: 0.2, Max: 0.3, Diff: 0.3, Sum: 1.2]
      [Update RS (ms): Min: 17.6, Avg: 17.8, Max: 18.0, Diff: 0.5, Sum: 142.4]
         [Processed Buffers: Min: 23, Avg: 24.3, Max: 26, Diff: 3, Sum: 194]
      [Scan RS (ms): Min: 0.6, Avg: 0.9, Max: 1.1, Diff: 0.5, Sum: 7.3]
      [Code Root Scanning (ms): Min: 0.0, Avg: 0.0, Max: 0.0, Diff: 0.0, Sum: 0.0]
      [Object Copy (ms): Min: 10.9, Avg: 11.0, Max: 11.0, Diff: 0.1, Sum: 87.8]
      [Termination (ms): Min: 0.0, Avg: 0.0, Max: 0.0, Diff: 0.0, Sum: 0.1]
         [Termination Attempts: Min: 1, Avg: 104.0, Max: 130, Diff: 129, Sum: 832]
      [GC Worker Other (ms): Min: 0.0, Avg: 0.0, Max: 0.1, Diff: 0.1, Sum: 0.2]
      [GC Worker Total (ms): Min: 29.8, Avg: 29.9, Max: 30.0, Diff: 0.2, Sum: 239.1]
      [GC Worker End (ms): Min: 23058.4, Avg: 23058.4, Max: 23058.4, Diff: 0.0]
   [Code Root Fixup: 0.0 ms]
   [Code Root Purge: 0.0 ms]
   [Clear CT: 0.2 ms]
   [Other: 0.5 ms]
      [Choose CSet: 0.0 ms]
      [Ref Proc: 0.1 ms]
      [Ref Enq: 0.0 ms]
      [Redirty Cards: 0.1 ms]
      [Humongous Register: 0.0 ms]
      [Humongous Reclaim: 0.0 ms]
      [Free CSet: 0.0 ms]
   [Eden: 6144.0K(161.0M)->0.0B(204.0M) Survivors: 21.0M->8192.0K Heap: 1058.8M(2048.0M)->1062.3M(2048.0M)]
 [Times: user=0.25 sys=0.00, real=0.03 secs] 
2020-09-29T11:59:20.828+0200: 23.059: [GC concurrent-root-region-scan-start]
2020-09-29T11:59:20.829+0200: 23.060: [GC concurrent-root-region-scan-end, 0.0010531 secs]
2020-09-29T11:59:20.829+0200: 23.060: [GC concurrent-mark-start]
2020-09-29T11:59:20.831+0200: 23.062: [GC concurrent-mark-end, 0.0021141 secs]
2020-09-29T11:59:20.831+0200: 23.063: [GC remark 2020-09-29T11:59:20.831+0200: 23.063: [Finalize Marking, 0.0001880 secs] 2020-09-29T11:59:20.831+0200: 23.063: [GC ref-proc, 0.0002611 secs] 2020-09-29T11:59:20.832+0200: 23.063: [Unloading, 0.0004186 secs], 0.0011135 secs]
 [Times: user=0.00 sys=0.00, real=0.00 secs] 
2020-09-29T11:59:20.833+0200: 23.064: [GC cleanup 1072M->23M(2048M), 0.0011285 secs]
 [Times: user=0.00 sys=0.00, real=0.00 secs] 
2020-09-29T11:59:20.834+0200: 23.065: [GC concurrent-cleanup-start]
2020-09-29T11:59:20.835+0200: 23.066: [GC concurrent-cleanup-end, 0.0011486 secs]
2020-09-29T11:59:20.931+0200: 23.162: [GC pause (G1 Evacuation Pause) (young), 0.1070795 secs]
   [Parallel Time: 105.7 ms, GC Workers: 8]
      [GC Worker Start (ms): Min: 23162.2, Avg: 23162.3, Max: 23162.3, Diff: 0.2]
      [Ext Root Scanning (ms): Min: 0.0, Avg: 0.1, Max: 0.2, Diff: 0.2, Sum: 0.6]
      [Update RS (ms): Min: 12.9, Avg: 13.2, Max: 13.5, Diff: 0.6, Sum: 105.3]
         [Processed Buffers: Min: 13, Avg: 14.3, Max: 16, Diff: 3, Sum: 114]
      [Scan RS (ms): Min: 10.7, Avg: 11.1, Max: 11.4, Diff: 0.7, Sum: 88.6]
      [Code Root Scanning (ms): Min: 0.0, Avg: 0.0, Max: 0.0, Diff: 0.0, Sum: 0.0]
      [Object Copy (ms): Min: 81.0, Avg: 81.0, Max: 81.0, Diff: 0.1, Sum: 648.2]
      [Termination (ms): Min: 0.0, Avg: 0.0, Max: 0.0, Diff: 0.0, Sum: 0.1]
         [Termination Attempts: Min: 1, Avg: 38.6, Max: 50, Diff: 49, Sum: 309]
      [GC Worker Other (ms): Min: 0.0, Avg: 0.0, Max: 0.1, Diff: 0.1, Sum: 0.3]
      [GC Worker Total (ms): Min: 105.3, Avg: 105.4, Max: 105.5, Diff: 0.2, Sum: 843.0]
      [GC Worker End (ms): Min: 23267.6, Avg: 23267.7, Max: 23267.7, Diff: 0.1]
   [Code Root Fixup: 0.0 ms]
   [Code Root Purge: 0.0 ms]
   [Clear CT: 0.4 ms]
   [Other: 0.9 ms]
      [Choose CSet: 0.0 ms]
      [Ref Proc: 0.2 ms]
      [Ref Enq: 0.0 ms]
      [Redirty Cards: 0.3 ms]
      [Humongous Register: 0.0 ms]
      [Humongous Reclaim: 0.0 ms]
      [Free CSet: 0.2 ms]
   [Eden: 204.0M(204.0M)->0.0B(217.0M) Survivors: 8192.0K->27.0M Heap: 251.8M(2048.0M)->245.8M(2048.0M)]
 [Times: user=0.86 sys=0.02, real=0.11 secs] 
2020-09-29T11:59:21.146+0200: 23.377: [GC pause (G1 Evacuation Pause) (young), 0.1201045 secs]
   [Parallel Time: 119.3 ms, GC Workers: 8]
      [GC Worker Start (ms): Min: 23377.2, Avg: 23377.2, Max: 23377.2, Diff: 0.1]
      [Ext Root Scanning (ms): Min: 0.0, Avg: 0.1, Max: 0.1, Diff: 0.1, Sum: 0.6]
      [Update RS (ms): Min: 11.6, Avg: 11.8, Max: 12.0, Diff: 0.4, Sum: 94.2]
         [Processed Buffers: Min: 12, Avg: 13.3, Max: 15, Diff: 3, Sum: 106]
      [Scan RS (ms): Min: 15.2, Avg: 15.4, Max: 15.6, Diff: 0.3, Sum: 123.5]
      [Code Root Scanning (ms): Min: 0.0, Avg: 0.0, Max: 0.0, Diff: 0.0, Sum: 0.0]
      [Object Copy (ms): Min: 91.7, Avg: 91.8, Max: 91.9, Diff: 0.2, Sum: 734.3]
      [Termination (ms): Min: 0.0, Avg: 0.0, Max: 0.0, Diff: 0.0, Sum: 0.0]
         [Termination Attempts: Min: 1, Avg: 1.9, Max: 3, Diff: 2, Sum: 15]
      [GC Worker Other (ms): Min: 0.0, Avg: 0.0, Max: 0.1, Diff: 0.1, Sum: 0.3]
      [GC Worker Total (ms): Min: 119.1, Avg: 119.1, Max: 119.2, Diff: 0.1, Sum: 952.9]
      [GC Worker End (ms): Min: 23496.3, Avg: 23496.3, Max: 23496.3, Diff: 0.1]
   [Code Root Fixup: 0.0 ms]
   [Code Root Purge: 0.0 ms]
   [Clear CT: 0.1 ms]
   [Other: 0.7 ms]
      [Choose CSet: 0.0 ms]
      [Ref Proc: 0.2 ms]
      [Ref Enq: 0.0 ms]
      [Redirty Cards: 0.2 ms]
      [Humongous Register: 0.0 ms]
      [Humongous Reclaim: 0.0 ms]
      [Free CSet: 0.1 ms]
   [Eden: 217.0M(217.0M)->0.0B(228.0M) Survivors: 27.0M->31.0M Heap: 499.1M(2048.0M)->501.1M(2048.0M)]
 [Times: user=0.86 sys=0.02, real=0.12 secs] 
2020-09-29T11:59:21.378+0200: 23.610: [GC pause (G1 Evacuation Pause) (young), 0.1362147 secs]
   [Parallel Time: 135.3 ms, GC Workers: 8]
      [GC Worker Start (ms): Min: 23609.9, Avg: 23609.9, Max: 23610.0, Diff: 0.1]
      [Ext Root Scanning (ms): Min: 0.0, Avg: 0.1, Max: 0.1, Diff: 0.1, Sum: 0.5]
      [Update RS (ms): Min: 16.1, Avg: 16.5, Max: 16.8, Diff: 0.7, Sum: 131.8]
         [Processed Buffers: Min: 17, Avg: 18.0, Max: 19, Diff: 2, Sum: 144]
      [Scan RS (ms): Min: 13.9, Avg: 14.3, Max: 14.7, Diff: 0.8, Sum: 114.2]
      [Code Root Scanning (ms): Min: 0.0, Avg: 0.0, Max: 0.0, Diff: 0.0, Sum: 0.0]
      [Object Copy (ms): Min: 104.2, Avg: 104.3, Max: 104.4, Diff: 0.2, Sum: 834.3]
      [Termination (ms): Min: 0.0, Avg: 0.0, Max: 0.0, Diff: 0.0, Sum: 0.3]
         [Termination Attempts: Min: 1, Avg: 214.4, Max: 279, Diff: 278, Sum: 1715]
      [GC Worker Other (ms): Min: 0.0, Avg: 0.0, Max: 0.1, Diff: 0.1, Sum: 0.2]
      [GC Worker Total (ms): Min: 135.1, Avg: 135.2, Max: 135.2, Diff: 0.1, Sum: 1081.3]
      [GC Worker End (ms): Min: 23745.1, Avg: 23745.1, Max: 23745.1, Diff: 0.1]
   [Code Root Fixup: 0.0 ms]
   [Code Root Purge: 0.0 ms]
   [Clear CT: 0.2 ms]
   [Other: 0.8 ms]
      [Choose CSet: 0.0 ms]
      [Ref Proc: 0.2 ms]
      [Ref Enq: 0.0 ms]
      [Redirty Cards: 0.2 ms]
      [Humongous Register: 0.0 ms]
      [Humongous Reclaim: 0.0 ms]
      [Free CSet: 0.1 ms]
   [Eden: 228.0M(228.0M)->0.0B(241.0M) Survivors: 31.0M->33.0M Heap: 767.2M(2048.0M)->769.2M(2048.0M)]
 [Times: user=1.09 sys=0.03, real=0.14 secs] 
2020-09-29T11:59:21.637+0200: 23.868: [GC pause (G1 Evacuation Pause) (young), 0.1442504 secs]
   [Parallel Time: 143.4 ms, GC Workers: 8]
      [GC Worker Start (ms): Min: 23868.1, Avg: 23868.2, Max: 23868.2, Diff: 0.2]
      [Ext Root Scanning (ms): Min: 0.0, Avg: 0.1, Max: 0.2, Diff: 0.2, Sum: 0.5]
      [Update RS (ms): Min: 15.3, Avg: 15.5, Max: 16.0, Diff: 0.7, Sum: 124.3]
         [Processed Buffers: Min: 16, Avg: 16.6, Max: 19, Diff: 3, Sum: 133]
      [Scan RS (ms): Min: 15.8, Avg: 16.3, Max: 16.5, Diff: 0.7, Sum: 130.1]
      [Code Root Scanning (ms): Min: 0.0, Avg: 0.0, Max: 0.0, Diff: 0.0, Sum: 0.0]
      [Object Copy (ms): Min: 111.2, Avg: 111.2, Max: 111.3, Diff: 0.1, Sum: 889.8]
      [Termination (ms): Min: 0.0, Avg: 0.1, Max: 0.1, Diff: 0.1, Sum: 0.5]
         [Termination Attempts: Min: 1, Avg: 442.3, Max: 539, Diff: 538, Sum: 3538]
      [GC Worker Other (ms): Min: 0.0, Avg: 0.0, Max: 0.1, Diff: 0.0, Sum: 0.3]
      [GC Worker Total (ms): Min: 143.1, Avg: 143.2, Max: 143.3, Diff: 0.2, Sum: 1145.5]
      [GC Worker End (ms): Min: 24011.3, Avg: 24011.4, Max: 24011.4, Diff: 0.0]
   [Code Root Fixup: 0.0 ms]
   [Code Root Purge: 0.0 ms]
   [Clear CT: 0.1 ms]
   [Other: 0.7 ms]
      [Choose CSet: 0.0 ms]
      [Ref Proc: 0.2 ms]
      [Ref Enq: 0.0 ms]
      [Redirty Cards: 0.2 ms]
      [Humongous Register: 0.0 ms]
      [Humongous Reclaim: 0.0 ms]
      [Free CSet: 0.1 ms]
   [Eden: 241.0M(241.0M)->0.0B(256.0M) Survivors: 33.0M->35.0M Heap: 1050.3M(2048.0M)->1052.3M(2048.0M)]
 [Times: user=1.08 sys=0.02, real=0.14 secs] 
2020-09-29T11:59:21.782+0200: 24.014: [GC pause (G1 Humongous Allocation) (young) (initial-mark), 0.0514906 secs]
   [Parallel Time: 50.8 ms, GC Workers: 8]
      [GC Worker Start (ms): Min: 24013.8, Avg: 24013.9, Max: 24013.9, Diff: 0.1]
      [Ext Root Scanning (ms): Min: 0.0, Avg: 0.1, Max: 0.1, Diff: 0.1, Sum: 0.6]
      [Update RS (ms): Min: 33.3, Avg: 33.5, Max: 33.8, Diff: 0.5, Sum: 268.0]
         [Processed Buffers: Min: 43, Avg: 45.0, Max: 47, Diff: 4, Sum: 360]
      [Scan RS (ms): Min: 0.0, Avg: 0.1, Max: 0.3, Diff: 0.3, Sum: 1.2]
      [Code Root Scanning (ms): Min: 0.0, Avg: 0.0, Max: 0.0, Diff: 0.0, Sum: 0.0]
      [Object Copy (ms): Min: 16.8, Avg: 16.9, Max: 17.0, Diff: 0.2, Sum: 135.5]
      [Termination (ms): Min: 0.0, Avg: 0.0, Max: 0.0, Diff: 0.0, Sum: 0.3]
         [Termination Attempts: Min: 1, Avg: 239.8, Max: 313, Diff: 312, Sum: 1918]
      [GC Worker Other (ms): Min: 0.0, Avg: 0.0, Max: 0.0, Diff: 0.0, Sum: 0.1]
      [GC Worker Total (ms): Min: 50.7, Avg: 50.7, Max: 50.8, Diff: 0.1, Sum: 405.7]
      [GC Worker End (ms): Min: 24064.6, Avg: 24064.6, Max: 24064.6, Diff: 0.0]
   [Code Root Fixup: 0.0 ms]
   [Code Root Purge: 0.0 ms]
   [Clear CT: 0.1 ms]
   [Other: 0.5 ms]
      [Choose CSet: 0.0 ms]
      [Ref Proc: 0.1 ms]
      [Ref Enq: 0.0 ms]
      [Redirty Cards: 0.1 ms]
      [Humongous Register: 0.0 ms]
      [Humongous Reclaim: 0.0 ms]
      [Free CSet: 0.0 ms]
   [Eden: 3072.0K(256.0M)->0.0B(289.0M) Survivors: 35.0M->5120.0K Heap: 1055.3M(2048.0M)->1058.8M(2048.0M)]
 [Times: user=0.50 sys=0.00, real=0.05 secs] 
2020-09-29T11:59:21.834+0200: 24.065: [GC concurrent-root-region-scan-start]
2020-09-29T11:59:21.835+0200: 24.066: [GC concurrent-root-region-scan-end, 0.0005325 secs]
2020-09-29T11:59:21.835+0200: 24.066: [GC concurrent-mark-start]
2020-09-29T11:59:21.837+0200: 24.068: [GC concurrent-mark-end, 0.0021695 secs]
2020-09-29T11:59:21.837+0200: 24.068: [GC remark 2020-09-29T11:59:21.837+0200: 24.068: [Finalize Marking, 0.0001700 secs] 2020-09-29T11:59:21.837+0200: 24.068: [GC ref-proc, 0.0002648 secs] 2020-09-29T11:59:21.837+0200: 24.069: [Unloading, 0.0004056 secs], 0.0010875 secs]
 [Times: user=0.00 sys=0.00, real=0.00 secs] 
2020-09-29T11:59:21.838+0200: 24.070: [GC cleanup 1066M->18M(2048M), 0.0010319 secs]
 [Times: user=0.00 sys=0.00, real=0.00 secs] 
2020-09-29T11:59:21.839+0200: 24.071: [GC concurrent-cleanup-start]
2020-09-29T11:59:21.840+0200: 24.072: [GC concurrent-cleanup-end, 0.0011655 secs]
2020-09-29T11:59:21.977+0200: 24.209: [GC pause (G1 Evacuation Pause) (young), 0.1525163 secs]
   [Parallel Time: 151.2 ms, GC Workers: 8]
      [GC Worker Start (ms): Min: 24208.8, Avg: 24208.8, Max: 24208.9, Diff: 0.1]
      [Ext Root Scanning (ms): Min: 0.0, Avg: 0.1, Max: 0.1, Diff: 0.1, Sum: 0.5]
      [Update RS (ms): Min: 18.2, Avg: 18.3, Max: 18.5, Diff: 0.3, Sum: 146.6]
         [Processed Buffers: Min: 18, Avg: 20.0, Max: 23, Diff: 5, Sum: 160]
      [Scan RS (ms): Min: 16.2, Avg: 16.4, Max: 16.6, Diff: 0.4, Sum: 131.3]
      [Code Root Scanning (ms): Min: 0.0, Avg: 0.0, Max: 0.0, Diff: 0.0, Sum: 0.0]
      [Object Copy (ms): Min: 115.9, Avg: 116.1, Max: 116.2, Diff: 0.3, Sum: 929.0]
      [Termination (ms): Min: 0.0, Avg: 0.0, Max: 0.0, Diff: 0.0, Sum: 0.2]
         [Termination Attempts: Min: 1, Avg: 148.3, Max: 193, Diff: 192, Sum: 1186]
      [GC Worker Other (ms): Min: 0.0, Avg: 0.0, Max: 0.1, Diff: 0.1, Sum: 0.3]
      [GC Worker Total (ms): Min: 150.9, Avg: 151.0, Max: 151.1, Diff: 0.1, Sum: 1208.0]
      [GC Worker End (ms): Min: 24359.8, Avg: 24359.8, Max: 24359.9, Diff: 0.1]
   [Code Root Fixup: 0.0 ms]
   [Code Root Purge: 0.0 ms]
   [Clear CT: 0.2 ms]
   [Other: 1.2 ms]
      [Choose CSet: 0.0 ms]
      [Ref Proc: 0.3 ms]
      [Ref Enq: 0.0 ms]
      [Redirty Cards: 0.4 ms]
      [Humongous Register: 0.0 ms]
      [Humongous Reclaim: 0.0 ms]
      [Free CSet: 0.3 ms]
   [Eden: 289.0M(289.0M)->0.0B(269.0M) Survivors: 5120.0K->37.0M Heap: 349.1M(2048.0M)->346.6M(2048.0M)]
 [Times: user=1.02 sys=0.06, real=0.15 secs] 
2020-09-29T11:59:22.264+0200: 24.495: [GC pause (G1 Evacuation Pause) (young), 0.1746601 secs]
   [Parallel Time: 173.6 ms, GC Workers: 8]
      [GC Worker Start (ms): Min: 24495.0, Avg: 24495.1, Max: 24495.1, Diff: 0.1]
      [Ext Root Scanning (ms): Min: 0.0, Avg: 0.1, Max: 0.2, Diff: 0.1, Sum: 0.5]
      [Update RS (ms): Min: 16.1, Avg: 16.3, Max: 16.5, Diff: 0.5, Sum: 130.2]
         [Processed Buffers: Min: 17, Avg: 17.8, Max: 19, Diff: 2, Sum: 142]
      [Scan RS (ms): Min: 18.6, Avg: 18.9, Max: 19.1, Diff: 0.5, Sum: 151.1]
      [Code Root Scanning (ms): Min: 0.0, Avg: 0.0, Max: 0.0, Diff: 0.0, Sum: 0.0]
      [Object Copy (ms): Min: 137.6, Avg: 137.8, Max: 138.0, Diff: 0.4, Sum: 1102.1]
      [Termination (ms): Min: 0.0, Avg: 0.3, Max: 0.3, Diff: 0.3, Sum: 2.3]
         [Termination Attempts: Min: 1, Avg: 2097.1, Max: 2516, Diff: 2515, Sum: 16777]
      [GC Worker Other (ms): Min: 0.0, Avg: 0.1, Max: 0.1, Diff: 0.1, Sum: 0.4]
      [GC Worker Total (ms): Min: 173.3, Avg: 173.3, Max: 173.4, Diff: 0.2, Sum: 1386.6]
      [GC Worker End (ms): Min: 24668.4, Avg: 24668.4, Max: 24668.5, Diff: 0.1]
   [Code Root Fixup: 0.0 ms]
   [Code Root Purge: 0.0 ms]
   [Clear CT: 0.2 ms]
   [Other: 0.9 ms]
      [Choose CSet: 0.0 ms]
      [Ref Proc: 0.2 ms]
      [Ref Enq: 0.0 ms]
      [Redirty Cards: 0.3 ms]
      [Humongous Register: 0.0 ms]
      [Humongous Reclaim: 0.0 ms]
      [Free CSet: 0.2 ms]
   [Eden: 269.0M(269.0M)->0.0B(262.0M) Survivors: 37.0M->39.0M Heap: 659.5M(2048.0M)->661.5M(2048.0M)]
 [Times: user=1.22 sys=0.13, real=0.17 secs] 
2020-09-29T11:59:22.579+0200: 24.811: [GC pause (G1 Evacuation Pause) (young), 0.1646801 secs]
   [Parallel Time: 163.7 ms, GC Workers: 8]
      [GC Worker Start (ms): Min: 24810.9, Avg: 24810.9, Max: 24811.0, Diff: 0.1]
      [Ext Root Scanning (ms): Min: 0.0, Avg: 0.1, Max: 0.1, Diff: 0.1, Sum: 0.6]
      [Update RS (ms): Min: 26.5, Avg: 26.7, Max: 27.3, Diff: 0.8, Sum: 213.9]
         [Processed Buffers: Min: 25, Avg: 26.0, Max: 27, Diff: 2, Sum: 208]
      [Scan RS (ms): Min: 14.9, Avg: 15.5, Max: 15.8, Diff: 0.9, Sum: 124.2]
      [Code Root Scanning (ms): Min: 0.0, Avg: 0.0, Max: 0.0, Diff: 0.0, Sum: 0.0]
      [Object Copy (ms): Min: 120.9, Avg: 121.0, Max: 121.1, Diff: 0.2, Sum: 968.2]
      [Termination (ms): Min: 0.0, Avg: 0.1, Max: 0.1, Diff: 0.1, Sum: 0.8]
         [Termination Attempts: Min: 1, Avg: 661.1, Max: 777, Diff: 776, Sum: 5289]
      [GC Worker Other (ms): Min: 0.0, Avg: 0.0, Max: 0.1, Diff: 0.0, Sum: 0.3]
      [GC Worker Total (ms): Min: 163.4, Avg: 163.5, Max: 163.6, Diff: 0.2, Sum: 1308.0]
      [GC Worker End (ms): Min: 24974.4, Avg: 24974.4, Max: 24974.5, Diff: 0.0]
   [Code Root Fixup: 0.0 ms]
   [Code Root Purge: 0.0 ms]
   [Clear CT: 0.1 ms]
   [Other: 0.8 ms]
      [Choose CSet: 0.0 ms]
      [Ref Proc: 0.1 ms]
      [Ref Enq: 0.0 ms]
      [Redirty Cards: 0.2 ms]
      [Humongous Register: 0.0 ms]
      [Humongous Reclaim: 0.0 ms]
      [Free CSet: 0.3 ms]
   [Eden: 262.0M(262.0M)->0.0B(269.0M) Survivors: 39.0M->38.0M Heap: 967.3M(2048.0M)->969.3M(2048.0M)]
 [Times: user=1.36 sys=0.02, real=0.16 secs] 
2020-09-29T11:59:22.755+0200: 24.986: [GC pause (G1 Humongous Allocation) (young) (initial-mark), 0.0507746 secs]
   [Parallel Time: 49.6 ms, GC Workers: 8]
      [GC Worker Start (ms): Min: 24986.2, Avg: 24986.3, Max: 24986.4, Diff: 0.1]
      [Ext Root Scanning (ms): Min: 0.0, Avg: 0.3, Max: 0.8, Diff: 0.8, Sum: 2.3]
      [Update RS (ms): Min: 27.2, Avg: 27.7, Max: 28.3, Diff: 1.1, Sum: 221.4]
         [Processed Buffers: Min: 31, Avg: 34.4, Max: 37, Diff: 6, Sum: 275]
      [Scan RS (ms): Min: 2.4, Avg: 2.8, Max: 3.0, Diff: 0.6, Sum: 22.2]
      [Code Root Scanning (ms): Min: 0.0, Avg: 0.0, Max: 0.0, Diff: 0.0, Sum: 0.0]
      [Object Copy (ms): Min: 18.6, Avg: 18.7, Max: 18.7, Diff: 0.1, Sum: 149.2]
      [Termination (ms): Min: 0.0, Avg: 0.0, Max: 0.1, Diff: 0.1, Sum: 0.3]
         [Termination Attempts: Min: 1, Avg: 259.1, Max: 380, Diff: 379, Sum: 2073]
      [GC Worker Other (ms): Min: 0.0, Avg: 0.0, Max: 0.0, Diff: 0.0, Sum: 0.1]
      [GC Worker Total (ms): Min: 49.3, Avg: 49.4, Max: 49.5, Diff: 0.1, Sum: 395.4]
      [GC Worker End (ms): Min: 25035.7, Avg: 25035.7, Max: 25035.7, Diff: 0.0]
   [Code Root Fixup: 0.0 ms]
   [Code Root Purge: 0.0 ms]
   [Clear CT: 0.1 ms]
   [Other: 1.0 ms]
      [Choose CSet: 0.0 ms]
      [Ref Proc: 0.2 ms]
      [Ref Enq: 0.0 ms]
      [Redirty Cards: 0.4 ms]
      [Humongous Register: 0.1 ms]
      [Humongous Reclaim: 0.0 ms]
      [Free CSet: 0.1 ms]
   [Eden: 5120.0K(269.0M)->0.0B(319.0M) Survivors: 38.0M->7168.0K Heap: 973.8M(2048.0M)->978.3M(2048.0M)]
 [Times: user=0.33 sys=0.03, real=0.05 secs] 
2020-09-29T11:59:22.806+0200: 25.037: [GC concurrent-root-region-scan-start]
2020-09-29T11:59:22.810+0200: 25.041: [GC concurrent-root-region-scan-end, 0.0043278 secs]
2020-09-29T11:59:22.810+0200: 25.041: [GC concurrent-mark-start]
2020-09-29T11:59:22.813+0200: 25.045: [GC concurrent-mark-end, 0.0034337 secs]
2020-09-29T11:59:22.814+0200: 25.045: [GC remark 2020-09-29T11:59:22.814+0200: 25.045: [Finalize Marking, 0.0001946 secs] 2020-09-29T11:59:22.814+0200: 25.045: [GC ref-proc, 0.0003171 secs] 2020-09-29T11:59:22.814+0200: 25.046: [Unloading, 0.0005630 secs], 0.0013656 secs]
 [Times: user=0.00 sys=0.00, real=0.00 secs] 
2020-09-29T11:59:22.815+0200: 25.047: [GC cleanup 996M->30M(2048M), 0.0014239 secs]
 [Times: user=0.00 sys=0.00, real=0.00 secs] 
2020-09-29T11:59:22.817+0200: 25.048: [GC concurrent-cleanup-start]
2020-09-29T11:59:22.818+0200: 25.049: [GC concurrent-cleanup-end, 0.0011845 secs]
2020-09-29T11:59:22.975+0200: 25.207: [GC pause (G1 Evacuation Pause) (young), 0.1725258 secs]
   [Parallel Time: 171.6 ms, GC Workers: 8]
      [GC Worker Start (ms): Min: 25206.8, Avg: 25206.9, Max: 25207.0, Diff: 0.2]
      [Ext Root Scanning (ms): Min: 0.0, Avg: 0.1, Max: 0.1, Diff: 0.1, Sum: 0.4]
      [Update RS (ms): Min: 15.9, Avg: 16.2, Max: 16.6, Diff: 0.7, Sum: 129.7]
         [Processed Buffers: Min: 15, Avg: 15.9, Max: 17, Diff: 2, Sum: 127]
      [Scan RS (ms): Min: 22.7, Avg: 23.2, Max: 23.7, Diff: 0.9, Sum: 185.7]
      [Code Root Scanning (ms): Min: 0.0, Avg: 0.0, Max: 0.0, Diff: 0.0, Sum: 0.0]
      [Object Copy (ms): Min: 131.7, Avg: 131.8, Max: 132.0, Diff: 0.3, Sum: 1054.5]
      [Termination (ms): Min: 0.0, Avg: 0.0, Max: 0.1, Diff: 0.1, Sum: 0.2]
         [Termination Attempts: Min: 1, Avg: 228.0, Max: 346, Diff: 345, Sum: 1824]
      [GC Worker Other (ms): Min: 0.0, Avg: 0.0, Max: 0.1, Diff: 0.1, Sum: 0.4]
      [GC Worker Total (ms): Min: 171.3, Avg: 171.4, Max: 171.5, Diff: 0.2, Sum: 1371.0]
      [GC Worker End (ms): Min: 25378.3, Avg: 25378.3, Max: 25378.3, Diff: 0.1]
   [Code Root Fixup: 0.0 ms]
   [Code Root Purge: 0.0 ms]
   [Clear CT: 0.2 ms]
   [Other: 0.8 ms]
      [Choose CSet: 0.0 ms]
      [Ref Proc: 0.2 ms]
      [Ref Enq: 0.0 ms]
      [Redirty Cards: 0.2 ms]
      [Humongous Register: 0.0 ms]
      [Humongous Reclaim: 0.0 ms]
      [Free CSet: 0.2 ms]
   [Eden: 319.0M(319.0M)->0.0B(280.0M) Survivors: 7168.0K->41.0M Heap: 384.9M(2048.0M)->380.9M(2048.0M)]
 [Times: user=1.33 sys=0.03, real=0.17 secs] 
2020-09-29T11:59:23.293+0200: 25.525: [GC pause (G1 Evacuation Pause) (young), 0.1706941 secs]
   [Parallel Time: 169.7 ms, GC Workers: 8]
      [GC Worker Start (ms): Min: 25525.1, Avg: 25525.2, Max: 25525.2, Diff: 0.1]
      [Ext Root Scanning (ms): Min: 0.0, Avg: 0.1, Max: 0.1, Diff: 0.1, Sum: 0.5]
      [Update RS (ms): Min: 16.9, Avg: 17.1, Max: 17.5, Diff: 0.6, Sum: 137.0]
         [Processed Buffers: Min: 16, Avg: 18.1, Max: 21, Diff: 5, Sum: 145]
      [Scan RS (ms): Min: 20.1, Avg: 20.5, Max: 20.7, Diff: 0.6, Sum: 163.9]
      [Code Root Scanning (ms): Min: 0.0, Avg: 0.0, Max: 0.0, Diff: 0.0, Sum: 0.0]
      [Object Copy (ms): Min: 131.8, Avg: 131.8, Max: 131.8, Diff: 0.1, Sum: 1054.3]
      [Termination (ms): Min: 0.0, Avg: 0.0, Max: 0.1, Diff: 0.1, Sum: 0.4]
         [Termination Attempts: Min: 1, Avg: 301.4, Max: 385, Diff: 384, Sum: 2411]
      [GC Worker Other (ms): Min: 0.0, Avg: 0.0, Max: 0.1, Diff: 0.0, Sum: 0.3]
      [GC Worker Total (ms): Min: 169.5, Avg: 169.6, Max: 169.6, Diff: 0.1, Sum: 1356.5]
      [GC Worker End (ms): Min: 25694.7, Avg: 25694.7, Max: 25694.8, Diff: 0.0]
   [Code Root Fixup: 0.0 ms]
   [Code Root Purge: 0.0 ms]
   [Clear CT: 0.2 ms]
   [Other: 0.8 ms]
      [Choose CSet: 0.0 ms]
      [Ref Proc: 0.2 ms]
      [Ref Enq: 0.0 ms]
      [Redirty Cards: 0.2 ms]
      [Humongous Register: 0.0 ms]
      [Humongous Reclaim: 0.0 ms]
      [Free CSet: 0.2 ms]
   [Eden: 280.0M(280.0M)->0.0B(276.0M) Survivors: 41.0M->41.0M Heap: 708.6M(2048.0M)->710.6M(2048.0M)]
 [Times: user=1.34 sys=0.02, real=0.17 secs] 
2020-09-29T11:59:23.605+0200: 25.837: [GC pause (G1 Evacuation Pause) (young), 0.1726426 secs]
   [Parallel Time: 171.7 ms, GC Workers: 8]
      [GC Worker Start (ms): Min: 25836.6, Avg: 25836.7, Max: 25836.8, Diff: 0.2]
      [Ext Root Scanning (ms): Min: 0.0, Avg: 0.1, Max: 0.1, Diff: 0.1, Sum: 0.4]
      [Update RS (ms): Min: 18.9, Avg: 19.1, Max: 19.6, Diff: 0.7, Sum: 152.9]
         [Processed Buffers: Min: 18, Avg: 20.0, Max: 22, Diff: 4, Sum: 160]
      [Scan RS (ms): Min: 19.3, Avg: 19.7, Max: 20.0, Diff: 0.7, Sum: 157.9]
      [Code Root Scanning (ms): Min: 0.0, Avg: 0.0, Max: 0.0, Diff: 0.0, Sum: 0.0]
      [Object Copy (ms): Min: 132.4, Avg: 132.5, Max: 132.5, Diff: 0.1, Sum: 1059.7]
      [Termination (ms): Min: 0.0, Avg: 0.0, Max: 0.0, Diff: 0.0, Sum: 0.3]
         [Termination Attempts: Min: 1, Avg: 110.8, Max: 157, Diff: 156, Sum: 886]
      [GC Worker Other (ms): Min: 0.0, Avg: 0.0, Max: 0.1, Diff: 0.1, Sum: 0.2]
      [GC Worker Total (ms): Min: 171.4, Avg: 171.4, Max: 171.6, Diff: 0.2, Sum: 1371.5]
      [GC Worker End (ms): Min: 26008.2, Avg: 26008.2, Max: 26008.2, Diff: 0.1]
   [Code Root Fixup: 0.0 ms]
   [Code Root Purge: 0.0 ms]
   [Clear CT: 0.1 ms]
   [Other: 0.8 ms]
      [Choose CSet: 0.0 ms]
      [Ref Proc: 0.2 ms]
      [Ref Enq: 0.0 ms]
      [Redirty Cards: 0.3 ms]
      [Humongous Register: 0.1 ms]
      [Humongous Reclaim: 0.0 ms]
      [Free CSet: 0.2 ms]
   [Eden: 276.0M(276.0M)->0.0B(275.0M) Survivors: 41.0M->40.0M Heap: 1032.4M(2048.0M)->1034.4M(2048.0M)]
 [Times: user=1.24 sys=0.01, real=0.17 secs] 
2020-09-29T11:59:23.781+0200: 26.013: [GC pause (G1 Humongous Allocation) (young) (initial-mark), 0.0595352 secs]
   [Parallel Time: 58.8 ms, GC Workers: 8]
      [GC Worker Start (ms): Min: 26012.6, Avg: 26012.7, Max: 26012.8, Diff: 0.1]
      [Ext Root Scanning (ms): Min: 0.0, Avg: 0.1, Max: 0.1, Diff: 0.1, Sum: 0.5]
      [Update RS (ms): Min: 36.7, Avg: 36.9, Max: 37.2, Diff: 0.5, Sum: 295.1]
         [Processed Buffers: Min: 49, Avg: 49.4, Max: 50, Diff: 1, Sum: 395]
      [Scan RS (ms): Min: 0.9, Avg: 1.3, Max: 1.4, Diff: 0.4, Sum: 10.1]
      [Code Root Scanning (ms): Min: 0.0, Avg: 0.0, Max: 0.0, Diff: 0.0, Sum: 0.0]
      [Object Copy (ms): Min: 20.3, Avg: 20.4, Max: 20.4, Diff: 0.1, Sum: 163.1]
      [Termination (ms): Min: 0.0, Avg: 0.0, Max: 0.1, Diff: 0.1, Sum: 0.3]
         [Termination Attempts: Min: 1, Avg: 289.4, Max: 351, Diff: 350, Sum: 2315]
      [GC Worker Other (ms): Min: 0.0, Avg: 0.0, Max: 0.1, Diff: 0.1, Sum: 0.2]
      [GC Worker Total (ms): Min: 58.6, Avg: 58.7, Max: 58.7, Diff: 0.1, Sum: 469.4]
      [GC Worker End (ms): Min: 26071.4, Avg: 26071.4, Max: 26071.4, Diff: 0.1]
   [Code Root Fixup: 0.0 ms]
   [Code Root Purge: 0.0 ms]
   [Clear CT: 0.1 ms]
   [Other: 0.6 ms]
      [Choose CSet: 0.0 ms]
      [Ref Proc: 0.2 ms]
      [Ref Enq: 0.0 ms]
      [Redirty Cards: 0.1 ms]
      [Humongous Register: 0.0 ms]
      [Humongous Reclaim: 0.0 ms]
      [Free CSet: 0.0 ms]
   [Eden: 7168.0K(275.0M)->0.0B(307.0M) Survivors: 40.0M->9216.0K Heap: 1040.9M(2048.0M)->1044.9M(2048.0M)]
 [Times: user=0.50 sys=0.00, real=0.06 secs] 
2020-09-29T11:59:23.841+0200: 26.072: [GC concurrent-root-region-scan-start]
2020-09-29T11:59:23.842+0200: 26.073: [GC concurrent-root-region-scan-end, 0.0011870 secs]
2020-09-29T11:59:23.842+0200: 26.073: [GC concurrent-mark-start]
2020-09-29T11:59:23.844+0200: 26.076: [GC concurrent-mark-end, 0.0021452 secs]
2020-09-29T11:59:23.844+0200: 26.076: [GC remark 2020-09-29T11:59:23.844+0200: 26.076: [Finalize Marking, 0.0001793 secs] 2020-09-29T11:59:23.844+0200: 26.076: [GC ref-proc, 0.0002701 secs] 2020-09-29T11:59:23.845+0200: 26.076: [Unloading, 0.0004146 secs], 0.0011229 secs]
 [Times: user=0.00 sys=0.00, real=0.00 secs] 
2020-09-29T11:59:23.846+0200: 26.077: [GC cleanup 1054M->24M(2048M), 0.0009676 secs]
 [Times: user=0.00 sys=0.00, real=0.00 secs] 
2020-09-29T11:59:23.847+0200: 26.078: [GC concurrent-cleanup-start]
2020-09-29T11:59:23.848+0200: 26.079: [GC concurrent-cleanup-end, 0.0011449 secs]
2020-09-29T11:59:23.992+0200: 26.224: [GC pause (G1 Evacuation Pause) (young), 0.1641359 secs]
   [Parallel Time: 162.8 ms, GC Workers: 8]
      [GC Worker Start (ms): Min: 26224.0, Avg: 26224.1, Max: 26224.1, Diff: 0.1]
      [Ext Root Scanning (ms): Min: 0.0, Avg: 0.1, Max: 0.1, Diff: 0.1, Sum: 0.6]
      [Update RS (ms): Min: 23.0, Avg: 23.3, Max: 23.7, Diff: 0.7, Sum: 186.1]
         [Processed Buffers: Min: 21, Avg: 23.3, Max: 27, Diff: 6, Sum: 186]
      [Scan RS (ms): Min: 15.4, Avg: 15.8, Max: 16.1, Diff: 0.7, Sum: 126.7]
      [Code Root Scanning (ms): Min: 0.0, Avg: 0.0, Max: 0.0, Diff: 0.0, Sum: 0.0]
      [Object Copy (ms): Min: 122.7, Avg: 122.8, Max: 122.9, Diff: 0.2, Sum: 982.4]
      [Termination (ms): Min: 0.0, Avg: 0.0, Max: 0.0, Diff: 0.0, Sum: 0.1]
         [Termination Attempts: Min: 1, Avg: 75.5, Max: 98, Diff: 97, Sum: 604]
      [GC Worker Other (ms): Min: 0.0, Avg: 0.2, Max: 0.6, Diff: 0.6, Sum: 1.9]
      [GC Worker Total (ms): Min: 161.9, Avg: 162.2, Max: 162.6, Diff: 0.7, Sum: 1297.7]
      [GC Worker End (ms): Min: 26386.0, Avg: 26386.3, Max: 26386.6, Diff: 0.6]
   [Code Root Fixup: 0.0 ms]
   [Code Root Purge: 0.0 ms]
   [Clear CT: 0.5 ms]
   [Other: 0.9 ms]
      [Choose CSet: 0.0 ms]
      [Ref Proc: 0.3 ms]
      [Ref Enq: 0.0 ms]
      [Redirty Cards: 0.2 ms]
      [Humongous Register: 0.0 ms]
      [Humongous Reclaim: 0.0 ms]
      [Free CSet: 0.1 ms]
   [Eden: 307.0M(307.0M)->0.0B(287.0M) Survivors: 9216.0K->40.0M Heap: 373.0M(2048.0M)->367.0M(2048.0M)]
 [Times: user=1.19 sys=0.05, real=0.16 secs] 
2020-09-29T11:59:24.304+0200: 26.535: [GC pause (G1 Evacuation Pause) (young), 0.1740601 secs]
   [Parallel Time: 173.1 ms, GC Workers: 8]
      [GC Worker Start (ms): Min: 26535.2, Avg: 26535.3, Max: 26535.4, Diff: 0.1]
      [Ext Root Scanning (ms): Min: 0.0, Avg: 0.1, Max: 0.2, Diff: 0.1, Sum: 0.7]
      [Update RS (ms): Min: 18.6, Avg: 19.1, Max: 19.4, Diff: 0.9, Sum: 152.9]
         [Processed Buffers: Min: 17, Avg: 17.8, Max: 19, Diff: 2, Sum: 142]
      [Scan RS (ms): Min: 23.1, Avg: 23.5, Max: 24.0, Diff: 0.9, Sum: 188.0]
      [Code Root Scanning (ms): Min: 0.0, Avg: 0.0, Max: 0.0, Diff: 0.0, Sum: 0.0]
      [Object Copy (ms): Min: 130.0, Avg: 130.1, Max: 130.2, Diff: 0.2, Sum: 1041.0]
      [Termination (ms): Min: 0.0, Avg: 0.0, Max: 0.0, Diff: 0.0, Sum: 0.2]
         [Termination Attempts: Min: 1, Avg: 212.1, Max: 281, Diff: 280, Sum: 1697]
      [GC Worker Other (ms): Min: 0.0, Avg: 0.0, Max: 0.1, Diff: 0.1, Sum: 0.3]
      [GC Worker Total (ms): Min: 172.8, Avg: 172.9, Max: 173.0, Diff: 0.2, Sum: 1383.2]
      [GC Worker End (ms): Min: 26708.2, Avg: 26708.2, Max: 26708.2, Diff: 0.1]
   [Code Root Fixup: 0.0 ms]
   [Code Root Purge: 0.0 ms]
   [Clear CT: 0.2 ms]
   [Other: 0.8 ms]
      [Choose CSet: 0.0 ms]
      [Ref Proc: 0.2 ms]
      [Ref Enq: 0.0 ms]
      [Redirty Cards: 0.2 ms]
      [Humongous Register: 0.0 ms]
      [Humongous Reclaim: 0.0 ms]
      [Free CSet: 0.2 ms]
   [Eden: 287.0M(287.0M)->0.0B(275.0M) Survivors: 40.0M->41.0M Heap: 701.7M(2048.0M)->703.7M(2048.0M)]
 [Times: user=1.33 sys=0.05, real=0.17 secs] 
2020-09-29T11:59:24.630+0200: 26.861: [GC pause (G1 Evacuation Pause) (young), 0.1688698 secs]
   [Parallel Time: 168.0 ms, GC Workers: 8]
      [GC Worker Start (ms): Min: 26860.8, Avg: 26860.9, Max: 26861.0, Diff: 0.1]
      [Ext Root Scanning (ms): Min: 0.0, Avg: 0.1, Max: 0.1, Diff: 0.1, Sum: 0.6]
      [Update RS (ms): Min: 17.4, Avg: 17.7, Max: 18.0, Diff: 0.6, Sum: 141.5]
         [Processed Buffers: Min: 17, Avg: 18.0, Max: 19, Diff: 2, Sum: 144]
      [Scan RS (ms): Min: 18.9, Avg: 19.3, Max: 19.7, Diff: 0.8, Sum: 154.3]
      [Code Root Scanning (ms): Min: 0.0, Avg: 0.0, Max: 0.0, Diff: 0.0, Sum: 0.0]
      [Object Copy (ms): Min: 130.5, Avg: 130.6, Max: 130.7, Diff: 0.2, Sum: 1045.1]
      [Termination (ms): Min: 0.0, Avg: 0.2, Max: 0.2, Diff: 0.2, Sum: 1.2]
         [Termination Attempts: Min: 1, Avg: 1092.9, Max: 1337, Diff: 1336, Sum: 8743]
      [GC Worker Other (ms): Min: 0.0, Avg: 0.0, Max: 0.1, Diff: 0.1, Sum: 0.4]
      [GC Worker Total (ms): Min: 167.8, Avg: 167.9, Max: 168.0, Diff: 0.2, Sum: 1343.0]
      [GC Worker End (ms): Min: 27028.8, Avg: 27028.8, Max: 27028.8, Diff: 0.1]
   [Code Root Fixup: 0.0 ms]
   [Code Root Purge: 0.0 ms]
   [Clear CT: 0.2 ms]
   [Other: 0.7 ms]
      [Choose CSet: 0.0 ms]
      [Ref Proc: 0.2 ms]
      [Ref Enq: 0.0 ms]
      [Redirty Cards: 0.2 ms]
      [Humongous Register: 0.0 ms]
      [Humongous Reclaim: 0.0 ms]
      [Free CSet: 0.2 ms]
   [Eden: 275.0M(275.0M)->0.0B(277.0M) Survivors: 41.0M->40.0M Heap: 1024.5M(2048.0M)->1027.0M(2048.0M)]
 [Times: user=1.16 sys=0.08, real=0.17 secs] 
2020-09-29T11:59:24.802+0200: 27.033: [GC pause (G1 Humongous Allocation) (young) (initial-mark), 0.0555834 secs]
   [Parallel Time: 54.9 ms, GC Workers: 8]
      [GC Worker Start (ms): Min: 27033.0, Avg: 27033.0, Max: 27033.0, Diff: 0.1]
      [Ext Root Scanning (ms): Min: 0.0, Avg: 0.1, Max: 0.1, Diff: 0.1, Sum: 0.7]
      [Update RS (ms): Min: 35.6, Avg: 35.8, Max: 36.3, Diff: 0.7, Sum: 286.1]
         [Processed Buffers: Min: 45, Avg: 47.9, Max: 51, Diff: 6, Sum: 383]
      [Scan RS (ms): Min: 0.6, Avg: 1.2, Max: 1.4, Diff: 0.8, Sum: 9.8]
      [Code Root Scanning (ms): Min: 0.0, Avg: 0.0, Max: 0.0, Diff: 0.0, Sum: 0.0]
      [Object Copy (ms): Min: 17.6, Avg: 17.7, Max: 17.7, Diff: 0.1, Sum: 141.3]
      [Termination (ms): Min: 0.0, Avg: 0.0, Max: 0.0, Diff: 0.0, Sum: 0.0]
         [Termination Attempts: Min: 1, Avg: 35.9, Max: 53, Diff: 52, Sum: 287]
      [GC Worker Other (ms): Min: 0.0, Avg: 0.0, Max: 0.0, Diff: 0.0, Sum: 0.1]
      [GC Worker Total (ms): Min: 54.7, Avg: 54.8, Max: 54.8, Diff: 0.1, Sum: 438.1]
      [GC Worker End (ms): Min: 27087.8, Avg: 27087.8, Max: 27087.8, Diff: 0.0]
   [Code Root Fixup: 0.0 ms]
   [Code Root Purge: 0.0 ms]
   [Clear CT: 0.2 ms]
   [Other: 0.5 ms]
      [Choose CSet: 0.0 ms]
      [Ref Proc: 0.1 ms]
      [Ref Enq: 0.0 ms]
      [Redirty Cards: 0.1 ms]
      [Humongous Register: 0.0 ms]
      [Humongous Reclaim: 0.0 ms]
      [Free CSet: 0.0 ms]
   [Eden: 1024.0K(277.0M)->0.0B(326.0M) Survivors: 40.0M->2048.0K Heap: 1028.0M(2048.0M)->1031.5M(2048.0M)]
 [Times: user=0.38 sys=0.00, real=0.06 secs] 
2020-09-29T11:59:24.857+0200: 27.089: [GC concurrent-root-region-scan-start]
2020-09-29T11:59:24.858+0200: 27.089: [GC concurrent-root-region-scan-end, 0.0002847 secs]
2020-09-29T11:59:24.858+0200: 27.089: [GC concurrent-mark-start]
2020-09-29T11:59:24.860+0200: 27.091: [GC concurrent-mark-end, 0.0022633 secs]
2020-09-29T11:59:24.860+0200: 27.091: [GC remark 2020-09-29T11:59:24.860+0200: 27.091: [Finalize Marking, 0.0001875 secs] 2020-09-29T11:59:24.860+0200: 27.091: [GC ref-proc, 0.0002906 secs] 2020-09-29T11:59:24.861+0200: 27.092: [Unloading, 0.0004329 secs], 0.0011737 secs]
 [Times: user=0.00 sys=0.00, real=0.00 secs] 
2020-09-29T11:59:24.862+0200: 27.093: [GC cleanup 1039M->15M(2048M), 0.0010263 secs]
 [Times: user=0.00 sys=0.00, real=0.00 secs] 
2020-09-29T11:59:24.863+0200: 27.094: [GC concurrent-cleanup-start]
2020-09-29T11:59:24.864+0200: 27.095: [GC concurrent-cleanup-end, 0.0011515 secs]
2020-09-29T11:59:25.017+0200: 27.248: [GC pause (G1 Evacuation Pause) (young), 0.1737688 secs]
   [Parallel Time: 172.6 ms, GC Workers: 8]
      [GC Worker Start (ms): Min: 27248.3, Avg: 27248.4, Max: 27248.4, Diff: 0.2]
      [Ext Root Scanning (ms): Min: 0.0, Avg: 0.1, Max: 0.2, Diff: 0.2, Sum: 0.6]
      [Update RS (ms): Min: 23.8, Avg: 24.0, Max: 24.4, Diff: 0.6, Sum: 191.8]
         [Processed Buffers: Min: 22, Avg: 24.6, Max: 27, Diff: 5, Sum: 197]
      [Scan RS (ms): Min: 17.3, Avg: 17.7, Max: 17.9, Diff: 0.6, Sum: 141.9]
      [Code Root Scanning (ms): Min: 0.0, Avg: 0.0, Max: 0.0, Diff: 0.0, Sum: 0.0]
      [Object Copy (ms): Min: 130.4, Avg: 130.4, Max: 130.5, Diff: 0.1, Sum: 1043.5]
      [Termination (ms): Min: 0.0, Avg: 0.0, Max: 0.0, Diff: 0.0, Sum: 0.2]
         [Termination Attempts: Min: 1, Avg: 213.6, Max: 296, Diff: 295, Sum: 1709]
      [GC Worker Other (ms): Min: 0.0, Avg: 0.0, Max: 0.1, Diff: 0.1, Sum: 0.3]
      [GC Worker Total (ms): Min: 172.2, Avg: 172.3, Max: 172.4, Diff: 0.2, Sum: 1378.3]
      [GC Worker End (ms): Min: 27420.6, Avg: 27420.7, Max: 27420.7, Diff: 0.1]
   [Code Root Fixup: 0.0 ms]
   [Code Root Purge: 0.0 ms]
   [Clear CT: 0.2 ms]
   [Other: 1.0 ms]
      [Choose CSet: 0.0 ms]
      [Ref Proc: 0.3 ms]
      [Ref Enq: 0.0 ms]
      [Redirty Cards: 0.3 ms]
      [Humongous Register: 0.0 ms]
      [Humongous Reclaim: 0.0 ms]
      [Free CSet: 0.2 ms]
   [Eden: 326.0M(326.0M)->0.0B(291.0M) Survivors: 2048.0K->41.0M Heap: 389.3M(2048.0M)->389.3M(2048.0M)]
 [Times: user=1.34 sys=0.02, real=0.17 secs] 
2020-09-29T11:59:25.347+0200: 27.578: [GC pause (G1 Evacuation Pause) (young), 0.1771199 secs]
   [Parallel Time: 176.1 ms, GC Workers: 8]
      [GC Worker Start (ms): Min: 27577.9, Avg: 27578.0, Max: 27578.0, Diff: 0.2]
      [Ext Root Scanning (ms): Min: 0.0, Avg: 0.1, Max: 0.1, Diff: 0.1, Sum: 0.4]
      [Update RS (ms): Min: 21.0, Avg: 21.3, Max: 21.6, Diff: 0.6, Sum: 170.5]
         [Processed Buffers: Min: 20, Avg: 21.0, Max: 24, Diff: 4, Sum: 168]
      [Scan RS (ms): Min: 20.4, Avg: 20.7, Max: 21.1, Diff: 0.6, Sum: 166.0]
      [Code Root Scanning (ms): Min: 0.0, Avg: 0.0, Max: 0.0, Diff: 0.0, Sum: 0.0]
      [Object Copy (ms): Min: 133.6, Avg: 133.7, Max: 133.7, Diff: 0.1, Sum: 1069.6]
      [Termination (ms): Min: 0.0, Avg: 0.0, Max: 0.1, Diff: 0.1, Sum: 0.4]
         [Termination Attempts: Min: 1, Avg: 311.8, Max: 374, Diff: 373, Sum: 2494]
      [GC Worker Other (ms): Min: 0.0, Avg: 0.0, Max: 0.1, Diff: 0.1, Sum: 0.4]
      [GC Worker Total (ms): Min: 175.8, Avg: 175.9, Max: 176.0, Diff: 0.2, Sum: 1407.2]
      [GC Worker End (ms): Min: 27753.8, Avg: 27753.9, Max: 27753.9, Diff: 0.1]
   [Code Root Fixup: 0.0 ms]
   [Code Root Purge: 0.0 ms]
   [Clear CT: 0.2 ms]
   [Other: 0.8 ms]
      [Choose CSet: 0.0 ms]
      [Ref Proc: 0.2 ms]
      [Ref Enq: 0.0 ms]
      [Redirty Cards: 0.2 ms]
      [Humongous Register: 0.0 ms]
      [Humongous Reclaim: 0.0 ms]
      [Free CSet: 0.2 ms]
   [Eden: 291.0M(291.0M)->0.0B(280.0M) Survivors: 41.0M->42.0M Heap: 728.0M(2048.0M)->729.5M(2048.0M)]
 [Times: user=1.42 sys=0.06, real=0.18 secs] 
2020-09-29T11:59:25.675+0200: 27.906: [GC pause (G1 Evacuation Pause) (young), 0.1713710 secs]
   [Parallel Time: 170.5 ms, GC Workers: 8]
      [GC Worker Start (ms): Min: 27906.0, Avg: 27906.1, Max: 27906.2, Diff: 0.2]
      [Ext Root Scanning (ms): Min: 0.0, Avg: 0.1, Max: 0.1, Diff: 0.1, Sum: 0.4]
      [Update RS (ms): Min: 16.0, Avg: 16.2, Max: 16.7, Diff: 0.7, Sum: 129.9]
         [Processed Buffers: Min: 16, Avg: 17.3, Max: 20, Diff: 4, Sum: 138]
      [Scan RS (ms): Min: 21.5, Avg: 22.0, Max: 22.2, Diff: 0.7, Sum: 175.9]
      [Code Root Scanning (ms): Min: 0.0, Avg: 0.0, Max: 0.0, Diff: 0.0, Sum: 0.0]
      [Object Copy (ms): Min: 131.7, Avg: 131.9, Max: 132.0, Diff: 0.2, Sum: 1054.9]
      [Termination (ms): Min: 0.0, Avg: 0.1, Max: 0.1, Diff: 0.1, Sum: 0.5]
         [Termination Attempts: Min: 1, Avg: 439.6, Max: 538, Diff: 537, Sum: 3517]
      [GC Worker Other (ms): Min: 0.0, Avg: 0.0, Max: 0.1, Diff: 0.1, Sum: 0.3]
      [GC Worker Total (ms): Min: 170.2, Avg: 170.2, Max: 170.3, Diff: 0.2, Sum: 1362.0]
      [GC Worker End (ms): Min: 28076.4, Avg: 28076.4, Max: 28076.4, Diff: 0.1]
   [Code Root Fixup: 0.0 ms]
   [Code Root Purge: 0.0 ms]
   [Clear CT: 0.2 ms]
   [Other: 0.7 ms]
      [Choose CSet: 0.0 ms]
      [Ref Proc: 0.2 ms]
      [Ref Enq: 0.0 ms]
      [Redirty Cards: 0.1 ms]
      [Humongous Register: 0.0 ms]
      [Humongous Reclaim: 0.0 ms]
      [Free CSet: 0.2 ms]
   [Eden: 280.0M(280.0M)->0.0B(279.0M) Survivors: 42.0M->41.0M Heap: 1057.2M(2048.0M)->1060.2M(2048.0M)]
 [Times: user=1.24 sys=0.03, real=0.17 secs] 
2020-09-29T11:59:25.855+0200: 28.087: [GC pause (G1 Humongous Allocation) (young) (initial-mark), 0.0534127 secs]
   [Parallel Time: 52.7 ms, GC Workers: 8]
      [GC Worker Start (ms): Min: 28086.8, Avg: 28086.8, Max: 28086.8, Diff: 0.1]
      [Ext Root Scanning (ms): Min: 0.0, Avg: 0.1, Max: 0.1, Diff: 0.1, Sum: 0.6]
      [Update RS (ms): Min: 28.7, Avg: 28.9, Max: 29.2, Diff: 0.4, Sum: 231.4]
         [Processed Buffers: Min: 37, Avg: 38.5, Max: 41, Diff: 4, Sum: 308]
      [Scan RS (ms): Min: 2.5, Avg: 2.8, Max: 3.0, Diff: 0.5, Sum: 22.1]
      [Code Root Scanning (ms): Min: 0.0, Avg: 0.0, Max: 0.0, Diff: 0.0, Sum: 0.0]
      [Object Copy (ms): Min: 20.7, Avg: 20.8, Max: 20.9, Diff: 0.1, Sum: 166.6]
      [Termination (ms): Min: 0.0, Avg: 0.0, Max: 0.0, Diff: 0.0, Sum: 0.0]
         [Termination Attempts: Min: 1, Avg: 40.3, Max: 57, Diff: 56, Sum: 322]
      [GC Worker Other (ms): Min: 0.0, Avg: 0.0, Max: 0.0, Diff: 0.0, Sum: 0.1]
      [GC Worker Total (ms): Min: 52.6, Avg: 52.6, Max: 52.7, Diff: 0.1, Sum: 421.0]
      [GC Worker End (ms): Min: 28139.4, Avg: 28139.4, Max: 28139.4, Diff: 0.0]
   [Code Root Fixup: 0.0 ms]
   [Code Root Purge: 0.0 ms]
   [Clear CT: 0.1 ms]
   [Other: 0.6 ms]
      [Choose CSet: 0.0 ms]
      [Ref Proc: 0.2 ms]
      [Ref Enq: 0.0 ms]
      [Redirty Cards: 0.1 ms]
      [Humongous Register: 0.0 ms]
      [Humongous Reclaim: 0.0 ms]
      [Free CSet: 0.1 ms]
   [Eden: 8192.0K(279.0M)->0.0B(324.0M) Survivors: 41.0M->9216.0K Heap: 1067.7M(2048.0M)->1071.2M(2048.0M)]
 [Times: user=0.38 sys=0.00, real=0.05 secs] 
2020-09-29T11:59:25.909+0200: 28.140: [GC concurrent-root-region-scan-start]
2020-09-29T11:59:25.910+0200: 28.142: [GC concurrent-root-region-scan-end, 0.0013966 secs]
2020-09-29T11:59:25.910+0200: 28.142: [GC concurrent-mark-start]
2020-09-29T11:59:25.913+0200: 28.144: [GC concurrent-mark-end, 0.0021560 secs]
2020-09-29T11:59:25.913+0200: 28.144: [GC remark 2020-09-29T11:59:25.913+0200: 28.144: [Finalize Marking, 0.0001736 secs] 2020-09-29T11:59:25.913+0200: 28.144: [GC ref-proc, 0.0002573 secs] 2020-09-29T11:59:25.913+0200: 28.144: [Unloading, 0.0003775 secs], 0.0010527 secs]
 [Times: user=0.00 sys=0.00, real=0.00 secs] 
2020-09-29T11:59:25.914+0200: 28.145: [GC cleanup 1081M->24M(2048M), 0.0009907 secs]
 [Times: user=0.00 sys=0.00, real=0.00 secs] 
2020-09-29T11:59:25.915+0200: 28.146: [GC concurrent-cleanup-start]
2020-09-29T11:59:25.916+0200: 28.147: [GC concurrent-cleanup-end, 0.0011861 secs]
2020-09-29T11:59:26.071+0200: 28.302: [GC pause (G1 Evacuation Pause) (young), 0.1710323 secs]
   [Parallel Time: 170.1 ms, GC Workers: 8]
      [GC Worker Start (ms): Min: 28301.7, Avg: 28301.8, Max: 28301.9, Diff: 0.2]
      [Ext Root Scanning (ms): Min: 0.0, Avg: 0.1, Max: 0.2, Diff: 0.2, Sum: 0.4]
      [Update RS (ms): Min: 17.5, Avg: 17.8, Max: 18.3, Diff: 0.8, Sum: 142.7]
         [Processed Buffers: Min: 18, Avg: 19.9, Max: 21, Diff: 3, Sum: 159]
      [Scan RS (ms): Min: 19.3, Avg: 19.8, Max: 20.1, Diff: 0.8, Sum: 158.1]
      [Code Root Scanning (ms): Min: 0.0, Avg: 0.0, Max: 0.0, Diff: 0.0, Sum: 0.0]
      [Object Copy (ms): Min: 132.0, Avg: 132.1, Max: 132.2, Diff: 0.2, Sum: 1056.9]
      [Termination (ms): Min: 0.0, Avg: 0.0, Max: 0.0, Diff: 0.0, Sum: 0.3]
         [Termination Attempts: Min: 1, Avg: 283.1, Max: 342, Diff: 341, Sum: 2265]
      [GC Worker Other (ms): Min: 0.0, Avg: 0.0, Max: 0.1, Diff: 0.0, Sum: 0.3]
      [GC Worker Total (ms): Min: 169.8, Avg: 169.8, Max: 169.9, Diff: 0.2, Sum: 1358.7]
      [GC Worker End (ms): Min: 28471.6, Avg: 28471.6, Max: 28471.7, Diff: 0.0]
   [Code Root Fixup: 0.0 ms]
   [Code Root Purge: 0.0 ms]
   [Clear CT: 0.1 ms]
   [Other: 0.8 ms]
      [Choose CSet: 0.0 ms]
      [Ref Proc: 0.2 ms]
      [Ref Enq: 0.0 ms]
      [Redirty Cards: 0.2 ms]
      [Humongous Register: 0.0 ms]
      [Humongous Reclaim: 0.0 ms]
      [Free CSet: 0.2 ms]
   [Eden: 324.0M(324.0M)->0.0B(296.0M) Survivors: 9216.0K->42.0M Heap: 394.3M(2048.0M)->387.8M(2048.0M)]
 [Times: user=1.19 sys=0.13, real=0.17 secs] 
2020-09-29T11:59:26.404+0200: 28.635: [GC pause (G1 Evacuation Pause) (young), 0.1821427 secs]
   [Parallel Time: 181.0 ms, GC Workers: 8]
      [GC Worker Start (ms): Min: 28635.2, Avg: 28635.3, Max: 28635.4, Diff: 0.2]
      [Ext Root Scanning (ms): Min: 0.0, Avg: 0.1, Max: 0.2, Diff: 0.2, Sum: 0.5]
      [Update RS (ms): Min: 20.8, Avg: 21.1, Max: 21.7, Diff: 0.9, Sum: 168.4]
         [Processed Buffers: Min: 20, Avg: 21.9, Max: 24, Diff: 4, Sum: 175]
      [Scan RS (ms): Min: 19.5, Avg: 20.2, Max: 20.6, Diff: 1.1, Sum: 161.9]
      [Code Root Scanning (ms): Min: 0.0, Avg: 0.0, Max: 0.0, Diff: 0.0, Sum: 0.0]
      [Object Copy (ms): Min: 139.1, Avg: 139.3, Max: 139.4, Diff: 0.2, Sum: 1114.3]
      [Termination (ms): Min: 0.0, Avg: 0.0, Max: 0.0, Diff: 0.0, Sum: 0.3]
         [Termination Attempts: Min: 1, Avg: 258.1, Max: 338, Diff: 337, Sum: 2065]
      [GC Worker Other (ms): Min: 0.0, Avg: 0.0, Max: 0.1, Diff: 0.0, Sum: 0.4]
      [GC Worker Total (ms): Min: 180.7, Avg: 180.7, Max: 180.9, Diff: 0.2, Sum: 1445.9]
      [GC Worker End (ms): Min: 28816.0, Avg: 28816.0, Max: 28816.1, Diff: 0.0]
   [Code Root Fixup: 0.0 ms]
   [Code Root Purge: 0.0 ms]
   [Clear CT: 0.2 ms]
   [Other: 0.9 ms]
      [Choose CSet: 0.0 ms]
      [Ref Proc: 0.1 ms]
      [Ref Enq: 0.0 ms]
      [Redirty Cards: 0.3 ms]
      [Humongous Register: 0.0 ms]
      [Humongous Reclaim: 0.0 ms]
      [Free CSet: 0.2 ms]
   [Eden: 296.0M(296.0M)->0.0B(286.0M) Survivors: 42.0M->43.0M Heap: 733.4M(2048.0M)->735.9M(2048.0M)]
 [Times: user=1.39 sys=0.09, real=0.18 secs] 
2020-09-29T11:59:26.731+0200: 28.962: [GC pause (G1 Evacuation Pause) (young), 0.1708989 secs]
   [Parallel Time: 169.4 ms, GC Workers: 8]
      [GC Worker Start (ms): Min: 28962.0, Avg: 28962.4, Max: 28962.6, Diff: 0.5]
      [Ext Root Scanning (ms): Min: 0.0, Avg: 0.0, Max: 0.2, Diff: 0.2, Sum: 0.2]
      [Update RS (ms): Min: 15.2, Avg: 15.5, Max: 16.5, Diff: 1.3, Sum: 123.9]
         [Processed Buffers: Min: 15, Avg: 17.5, Max: 22, Diff: 7, Sum: 140]
      [Scan RS (ms): Min: 21.5, Avg: 22.3, Max: 23.5, Diff: 2.1, Sum: 178.3]
      [Code Root Scanning (ms): Min: 0.0, Avg: 0.0, Max: 0.0, Diff: 0.0, Sum: 0.0]
      [Object Copy (ms): Min: 129.9, Avg: 131.0, Max: 131.2, Diff: 1.3, Sum: 1048.2]
      [Termination (ms): Min: 0.0, Avg: 0.0, Max: 0.0, Diff: 0.0, Sum: 0.0]
         [Termination Attempts: Min: 1, Avg: 43.3, Max: 75, Diff: 74, Sum: 346]
      [GC Worker Other (ms): Min: 0.0, Avg: 0.0, Max: 0.1, Diff: 0.1, Sum: 0.4]
      [GC Worker Total (ms): Min: 168.7, Avg: 168.9, Max: 169.3, Diff: 0.5, Sum: 1351.1]
      [GC Worker End (ms): Min: 29131.3, Avg: 29131.3, Max: 29131.4, Diff: 0.1]
   [Code Root Fixup: 0.0 ms]
   [Code Root Purge: 0.0 ms]
   [Clear CT: 0.4 ms]
   [Other: 1.0 ms]
      [Choose CSet: 0.0 ms]
      [Ref Proc: 0.3 ms]
      [Ref Enq: 0.0 ms]
      [Redirty Cards: 0.4 ms]
      [Humongous Register: 0.0 ms]
      [Humongous Reclaim: 0.0 ms]
      [Free CSet: 0.2 ms]
   [Eden: 286.0M(286.0M)->0.0B(285.0M) Survivors: 43.0M->42.0M Heap: 1069.6M(2048.0M)->1072.1M(2048.0M)]
 [Times: user=1.30 sys=0.03, real=0.17 secs] 
2020-09-29T11:59:26.913+0200: 29.145: [GC pause (G1 Humongous Allocation) (young) (initial-mark), 0.0543703 secs]
   [Parallel Time: 53.7 ms, GC Workers: 8]
      [GC Worker Start (ms): Min: 29144.6, Avg: 29144.7, Max: 29144.8, Diff: 0.1]
      [Ext Root Scanning (ms): Min: 0.0, Avg: 0.1, Max: 0.2, Diff: 0.2, Sum: 1.0]
      [Update RS (ms): Min: 27.1, Avg: 27.3, Max: 27.6, Diff: 0.5, Sum: 218.3]
         [Processed Buffers: Min: 35, Avg: 36.1, Max: 37, Diff: 2, Sum: 289]
      [Scan RS (ms): Min: 2.7, Avg: 3.2, Max: 4.9, Diff: 2.2, Sum: 26.0]
      [Code Root Scanning (ms): Min: 0.0, Avg: 0.0, Max: 0.0, Diff: 0.0, Sum: 0.0]
      [Object Copy (ms): Min: 21.3, Avg: 22.7, Max: 23.0, Diff: 1.8, Sum: 182.0]
      [Termination (ms): Min: 0.0, Avg: 0.0, Max: 0.0, Diff: 0.0, Sum: 0.3]
         [Termination Attempts: Min: 1, Avg: 235.5, Max: 301, Diff: 300, Sum: 1884]
      [GC Worker Other (ms): Min: 0.0, Avg: 0.0, Max: 0.0, Diff: 0.0, Sum: 0.2]
      [GC Worker Total (ms): Min: 53.4, Avg: 53.5, Max: 53.5, Diff: 0.1, Sum: 427.8]
      [GC Worker End (ms): Min: 29198.2, Avg: 29198.2, Max: 29198.2, Diff: 0.0]
   [Code Root Fixup: 0.0 ms]
   [Code Root Purge: 0.0 ms]
   [Clear CT: 0.2 ms]
   [Other: 0.5 ms]
      [Choose CSet: 0.0 ms]
      [Ref Proc: 0.1 ms]
      [Ref Enq: 0.0 ms]
      [Redirty Cards: 0.2 ms]
      [Humongous Register: 0.0 ms]
      [Humongous Reclaim: 0.0 ms]
      [Free CSet: 0.1 ms]
   [Eden: 10.0M(285.0M)->0.0B(325.0M) Survivors: 42.0M->12.0M Heap: 1082.1M(2048.0M)->1086.1M(2048.0M)]
 [Times: user=0.38 sys=0.00, real=0.05 secs] 
2020-09-29T11:59:26.968+0200: 29.199: [GC concurrent-root-region-scan-start]
2020-09-29T11:59:26.970+0200: 29.201: [GC concurrent-root-region-scan-end, 0.0018150 secs]
2020-09-29T11:59:26.970+0200: 29.201: [GC concurrent-mark-start]
2020-09-29T11:59:26.972+0200: 29.203: [GC concurrent-mark-end, 0.0021394 secs]
2020-09-29T11:59:26.972+0200: 29.203: [GC remark 2020-09-29T11:59:26.972+0200: 29.203: [Finalize Marking, 0.0001655 secs] 2020-09-29T11:59:26.972+0200: 29.203: [GC ref-proc, 0.0002609 secs] 2020-09-29T11:59:26.973+0200: 29.204: [Unloading, 0.0003895 secs], 0.0010681 secs]
 [Times: user=0.00 sys=0.00, real=0.00 secs] 
2020-09-29T11:59:26.973+0200: 29.205: [GC cleanup 1096M->28M(2048M), 0.0012008 secs]
 [Times: user=0.06 sys=0.00, real=0.00 secs] 
2020-09-29T11:59:26.975+0200: 29.206: [GC concurrent-cleanup-start]
2020-09-29T11:59:26.976+0200: 29.207: [GC concurrent-cleanup-end, 0.0012183 secs]
2020-09-29T11:59:27.132+0200: 29.363: [GC pause (G1 Evacuation Pause) (young), 0.1716486 secs]
   [Parallel Time: 170.7 ms, GC Workers: 8]
      [GC Worker Start (ms): Min: 29363.4, Avg: 29363.5, Max: 29363.6, Diff: 0.2]
      [Ext Root Scanning (ms): Min: 0.0, Avg: 0.1, Max: 0.2, Diff: 0.2, Sum: 0.4]
      [Update RS (ms): Min: 16.6, Avg: 16.7, Max: 16.9, Diff: 0.3, Sum: 133.9]
         [Processed Buffers: Min: 18, Avg: 19.1, Max: 22, Diff: 4, Sum: 153]
      [Scan RS (ms): Min: 19.8, Avg: 20.1, Max: 20.2, Diff: 0.3, Sum: 160.5]
      [Code Root Scanning (ms): Min: 0.0, Avg: 0.0, Max: 0.0, Diff: 0.0, Sum: 0.0]
      [Object Copy (ms): Min: 133.4, Avg: 133.5, Max: 133.6, Diff: 0.2, Sum: 1068.1]
      [Termination (ms): Min: 0.0, Avg: 0.0, Max: 0.1, Diff: 0.1, Sum: 0.3]
         [Termination Attempts: Min: 1, Avg: 17.9, Max: 32, Diff: 31, Sum: 143]
      [GC Worker Other (ms): Min: 0.0, Avg: 0.0, Max: 0.1, Diff: 0.0, Sum: 0.2]
      [GC Worker Total (ms): Min: 170.4, Avg: 170.4, Max: 170.6, Diff: 0.2, Sum: 1363.6]
      [GC Worker End (ms): Min: 29533.9, Avg: 29533.9, Max: 29534.0, Diff: 0.0]
   [Code Root Fixup: 0.0 ms]
   [Code Root Purge: 0.0 ms]
   [Clear CT: 0.2 ms]
   [Other: 0.7 ms]
      [Choose CSet: 0.0 ms]
      [Ref Proc: 0.1 ms]
      [Ref Enq: 0.0 ms]
      [Redirty Cards: 0.2 ms]
      [Humongous Register: 0.0 ms]
      [Humongous Reclaim: 0.0 ms]
      [Free CSet: 0.2 ms]
   [Eden: 325.0M(325.0M)->0.0B(298.0M) Survivors: 12.0M->43.0M Heap: 398.3M(2048.0M)->387.8M(2048.0M)]
 [Times: user=1.30 sys=0.03, real=0.17 secs] 
2020-09-29T11:59:27.457+0200: 29.688: [GC pause (G1 Evacuation Pause) (young), 0.1737569 secs]
   [Parallel Time: 172.6 ms, GC Workers: 8]
      [GC Worker Start (ms): Min: 29688.6, Avg: 29689.3, Max: 29693.5, Diff: 4.8]
      [Ext Root Scanning (ms): Min: 0.0, Avg: 0.1, Max: 0.2, Diff: 0.2, Sum: 0.5]
      [Update RS (ms): Min: 11.0, Avg: 14.4, Max: 15.1, Diff: 4.0, Sum: 115.4]
         [Processed Buffers: Min: 12, Avg: 16.4, Max: 20, Diff: 8, Sum: 131]
      [Scan RS (ms): Min: 22.2, Avg: 22.8, Max: 23.1, Diff: 0.9, Sum: 182.7]
      [Code Root Scanning (ms): Min: 0.0, Avg: 0.0, Max: 0.0, Diff: 0.0, Sum: 0.0]
      [Object Copy (ms): Min: 134.1, Avg: 134.3, Max: 134.4, Diff: 0.2, Sum: 1074.3]
      [Termination (ms): Min: 0.0, Avg: 0.0, Max: 0.0, Diff: 0.0, Sum: 0.1]
         [Termination Attempts: Min: 1, Avg: 66.6, Max: 89, Diff: 88, Sum: 533]
      [GC Worker Other (ms): Min: 0.0, Avg: 0.0, Max: 0.1, Diff: 0.1, Sum: 0.4]
      [GC Worker Total (ms): Min: 167.5, Avg: 171.7, Max: 172.4, Diff: 4.8, Sum: 1373.5]
      [GC Worker End (ms): Min: 29861.0, Avg: 29861.0, Max: 29861.0, Diff: 0.1]
   [Code Root Fixup: 0.0 ms]
   [Code Root Purge: 0.0 ms]
   [Clear CT: 0.2 ms]
   [Other: 0.9 ms]
      [Choose CSet: 0.0 ms]
      [Ref Proc: 0.2 ms]
      [Ref Enq: 0.0 ms]
      [Redirty Cards: 0.2 ms]
      [Humongous Register: 0.1 ms]
      [Humongous Reclaim: 0.0 ms]
      [Free CSet: 0.2 ms]
   [Eden: 298.0M(298.0M)->0.0B(291.0M) Survivors: 43.0M->43.0M Heap: 735.4M(2048.0M)->737.4M(2048.0M)]
 [Times: user=1.23 sys=0.09, real=0.17 secs] 
2020-09-29T11:59:27.784+0200: 30.016: [GC pause (G1 Evacuation Pause) (young), 0.1678883 secs]
   [Parallel Time: 166.7 ms, GC Workers: 8]
      [GC Worker Start (ms): Min: 30016.2, Avg: 30016.3, Max: 30016.3, Diff: 0.1]
      [Ext Root Scanning (ms): Min: 0.0, Avg: 0.1, Max: 0.1, Diff: 0.1, Sum: 0.6]
      [Update RS (ms): Min: 18.3, Avg: 18.6, Max: 19.3, Diff: 0.9, Sum: 149.1]
         [Processed Buffers: Min: 17, Avg: 18.6, Max: 20, Diff: 3, Sum: 149]
      [Scan RS (ms): Min: 20.5, Avg: 21.1, Max: 21.4, Diff: 0.9, Sum: 168.8]
      [Code Root Scanning (ms): Min: 0.0, Avg: 0.0, Max: 0.0, Diff: 0.0, Sum: 0.0]
      [Object Copy (ms): Min: 126.5, Avg: 126.6, Max: 126.7, Diff: 0.1, Sum: 1013.0]
      [Termination (ms): Min: 0.0, Avg: 0.1, Max: 0.1, Diff: 0.1, Sum: 0.4]
         [Termination Attempts: Min: 1, Avg: 402.1, Max: 514, Diff: 513, Sum: 3217]
      [GC Worker Other (ms): Min: 0.0, Avg: 0.0, Max: 0.1, Diff: 0.1, Sum: 0.3]
      [GC Worker Total (ms): Min: 166.5, Avg: 166.5, Max: 166.6, Diff: 0.2, Sum: 1332.4]
      [GC Worker End (ms): Min: 30182.8, Avg: 30182.8, Max: 30182.9, Diff: 0.1]
   [Code Root Fixup: 0.0 ms]
   [Code Root Purge: 0.0 ms]
   [Clear CT: 0.2 ms]
   [Other: 1.0 ms]
      [Choose CSet: 0.0 ms]
      [Ref Proc: 0.2 ms]
      [Ref Enq: 0.0 ms]
      [Redirty Cards: 0.2 ms]
      [Humongous Register: 0.0 ms]
      [Humongous Reclaim: 0.0 ms]
      [Free CSet: 0.3 ms]
   [Eden: 291.0M(291.0M)->0.0B(291.0M) Survivors: 43.0M->42.0M Heap: 1076.1M(2048.0M)->1078.1M(2048.0M)]
 [Times: user=1.33 sys=0.05, real=0.17 secs] 
2020-09-29T11:59:27.960+0200: 30.192: [GC pause (G1 Humongous Allocation) (young) (initial-mark), 0.0604795 secs]
   [Parallel Time: 59.8 ms, GC Workers: 8]
      [GC Worker Start (ms): Min: 30191.8, Avg: 30191.9, Max: 30192.0, Diff: 0.1]
      [Ext Root Scanning (ms): Min: 0.0, Avg: 0.2, Max: 0.4, Diff: 0.4, Sum: 1.3]
      [Update RS (ms): Min: 32.4, Avg: 32.5, Max: 32.7, Diff: 0.2, Sum: 260.2]
         [Processed Buffers: Min: 40, Avg: 42.8, Max: 45, Diff: 5, Sum: 342]
      [Scan RS (ms): Min: 2.3, Avg: 2.5, Max: 2.6, Diff: 0.3, Sum: 19.7]
      [Code Root Scanning (ms): Min: 0.0, Avg: 0.0, Max: 0.0, Diff: 0.0, Sum: 0.0]
      [Object Copy (ms): Min: 24.3, Avg: 24.5, Max: 24.5, Diff: 0.2, Sum: 195.7]
      [Termination (ms): Min: 0.0, Avg: 0.0, Max: 0.0, Diff: 0.0, Sum: 0.0]
         [Termination Attempts: Min: 1, Avg: 6.3, Max: 10, Diff: 9, Sum: 50]
      [GC Worker Other (ms): Min: 0.0, Avg: 0.0, Max: 0.0, Diff: 0.0, Sum: 0.1]
      [GC Worker Total (ms): Min: 59.5, Avg: 59.6, Max: 59.7, Diff: 0.1, Sum: 477.1]
      [GC Worker End (ms): Min: 30251.5, Avg: 30251.5, Max: 30251.5, Diff: 0.0]
   [Code Root Fixup: 0.0 ms]
   [Code Root Purge: 0.0 ms]
   [Clear CT: 0.1 ms]
   [Other: 0.5 ms]
      [Choose CSet: 0.0 ms]
      [Ref Proc: 0.2 ms]
      [Ref Enq: 0.0 ms]
      [Redirty Cards: 0.1 ms]
      [Humongous Register: 0.0 ms]
      [Humongous Reclaim: 0.0 ms]
      [Free CSet: 0.0 ms]
   [Eden: 2048.0K(291.0M)->0.0B(293.0M) Survivors: 42.0M->3072.0K Heap: 1080.1M(2048.0M)->1083.1M(2048.0M)]
 [Times: user=0.45 sys=0.01, real=0.06 secs] 
2020-09-29T11:59:28.020+0200: 30.252: [GC concurrent-root-region-scan-start]
2020-09-29T11:59:28.021+0200: 30.253: [GC concurrent-root-region-scan-end, 0.0004244 secs]
2020-09-29T11:59:28.021+0200: 30.253: [GC concurrent-mark-start]
2020-09-29T11:59:28.023+0200: 30.255: [GC concurrent-mark-end, 0.0022039 secs]
2020-09-29T11:59:28.023+0200: 30.255: [GC remark 2020-09-29T11:59:28.023+0200: 30.255: [Finalize Marking, 0.0001826 secs] 2020-09-29T11:59:28.024+0200: 30.255: [GC ref-proc, 0.0002913 secs] 2020-09-29T11:59:28.024+0200: 30.256: [Unloading, 0.0004109 secs], 0.0011456 secs]
 [Times: user=0.00 sys=0.00, real=0.00 secs] 
2020-09-29T11:59:28.025+0200: 30.257: [GC cleanup 1090M->16M(2048M), 0.0010291 secs]
 [Times: user=0.00 sys=0.00, real=0.00 secs] 
2020-09-29T11:59:28.026+0200: 30.258: [GC concurrent-cleanup-start]
2020-09-29T11:59:28.027+0200: 30.259: [GC concurrent-cleanup-end, 0.0012654 secs]
2020-09-29T11:59:28.168+0200: 30.400: [GC pause (G1 Evacuation Pause) (young), 0.1534017 secs]
   [Parallel Time: 152.2 ms, GC Workers: 8]
      [GC Worker Start (ms): Min: 30399.8, Avg: 30399.9, Max: 30400.0, Diff: 0.2]
      [Ext Root Scanning (ms): Min: 0.0, Avg: 0.1, Max: 0.2, Diff: 0.2, Sum: 0.5]
      [Update RS (ms): Min: 18.3, Avg: 18.4, Max: 18.7, Diff: 0.4, Sum: 147.6]
         [Processed Buffers: Min: 17, Avg: 18.9, Max: 21, Diff: 4, Sum: 151]
      [Scan RS (ms): Min: 17.7, Avg: 18.0, Max: 18.2, Diff: 0.4, Sum: 143.6]
      [Code Root Scanning (ms): Min: 0.0, Avg: 0.0, Max: 0.0, Diff: 0.0, Sum: 0.0]
      [Object Copy (ms): Min: 115.3, Avg: 115.5, Max: 115.6, Diff: 0.2, Sum: 923.9]
      [Termination (ms): Min: 0.0, Avg: 0.0, Max: 0.0, Diff: 0.0, Sum: 0.0]
         [Termination Attempts: Min: 1, Avg: 27.4, Max: 39, Diff: 38, Sum: 219]
      [GC Worker Other (ms): Min: 0.0, Avg: 0.0, Max: 0.1, Diff: 0.1, Sum: 0.4]
      [GC Worker Total (ms): Min: 151.9, Avg: 152.0, Max: 152.1, Diff: 0.2, Sum: 1216.1]
      [GC Worker End (ms): Min: 30551.9, Avg: 30551.9, Max: 30552.0, Diff: 0.1]
   [Code Root Fixup: 0.0 ms]
   [Code Root Purge: 0.0 ms]
   [Clear CT: 0.2 ms]
   [Other: 1.0 ms]
      [Choose CSet: 0.0 ms]
      [Ref Proc: 0.2 ms]
      [Ref Enq: 0.0 ms]
      [Redirty Cards: 0.2 ms]
      [Humongous Register: 0.0 ms]
      [Humongous Reclaim: 0.0 ms]
      [Free CSet: 0.3 ms]
   [Eden: 293.0M(293.0M)->0.0B(274.0M) Survivors: 3072.0K->37.0M Heap: 351.6M(2048.0M)->351.1M(2048.0M)]
 [Times: user=1.19 sys=0.03, real=0.15 secs] 
2020-09-29T11:59:28.461+0200: 30.692: [GC pause (G1 Evacuation Pause) (young), 0.1596666 secs]
   [Parallel Time: 158.7 ms, GC Workers: 8]
      [GC Worker Start (ms): Min: 30692.4, Avg: 30692.4, Max: 30692.5, Diff: 0.1]
      [Ext Root Scanning (ms): Min: 0.0, Avg: 0.1, Max: 0.1, Diff: 0.1, Sum: 0.6]
      [Update RS (ms): Min: 15.8, Avg: 16.0, Max: 16.5, Diff: 0.7, Sum: 127.9]
         [Processed Buffers: Min: 17, Avg: 18.9, Max: 21, Diff: 4, Sum: 151]
      [Scan RS (ms): Min: 13.8, Avg: 14.4, Max: 14.6, Diff: 0.8, Sum: 115.2]
      [Code Root Scanning (ms): Min: 0.0, Avg: 0.0, Max: 0.0, Diff: 0.0, Sum: 0.0]
      [Object Copy (ms): Min: 127.8, Avg: 127.9, Max: 128.0, Diff: 0.3, Sum: 1022.8]
      [Termination (ms): Min: 0.0, Avg: 0.2, Max: 0.3, Diff: 0.3, Sum: 1.5]
         [Termination Attempts: Min: 1, Avg: 1290.8, Max: 1700, Diff: 1699, Sum: 10326]
      [GC Worker Other (ms): Min: 0.0, Avg: 0.0, Max: 0.1, Diff: 0.1, Sum: 0.3]
      [GC Worker Total (ms): Min: 158.5, Avg: 158.5, Max: 158.6, Diff: 0.2, Sum: 1268.3]
      [GC Worker End (ms): Min: 30850.9, Avg: 30850.9, Max: 30851.0, Diff: 0.1]
   [Code Root Fixup: 0.0 ms]
   [Code Root Purge: 0.0 ms]
   [Clear CT: 0.2 ms]
   [Other: 0.8 ms]
      [Choose CSet: 0.0 ms]
      [Ref Proc: 0.2 ms]
      [Ref Enq: 0.0 ms]
      [Redirty Cards: 0.2 ms]
      [Humongous Register: 0.0 ms]
      [Humongous Reclaim: 0.0 ms]
      [Free CSet: 0.2 ms]
   [Eden: 274.0M(274.0M)->0.0B(282.0M) Survivors: 37.0M->39.0M Heap: 670.9M(2048.0M)->673.4M(2048.0M)]
 [Times: user=1.19 sys=0.05, real=0.16 secs] 
2020-09-29T11:59:28.774+0200: 31.006: [GC pause (G1 Evacuation Pause) (young), 0.1680446 secs]
   [Parallel Time: 167.2 ms, GC Workers: 8]
      [GC Worker Start (ms): Min: 31006.0, Avg: 31006.1, Max: 31006.2, Diff: 0.2]
      [Ext Root Scanning (ms): Min: 0.0, Avg: 0.1, Max: 0.2, Diff: 0.2, Sum: 0.5]
      [Update RS (ms): Min: 21.6, Avg: 21.7, Max: 22.1, Diff: 0.6, Sum: 173.6]
         [Processed Buffers: Min: 20, Avg: 23.1, Max: 26, Diff: 6, Sum: 185]
      [Scan RS (ms): Min: 17.4, Avg: 17.9, Max: 18.1, Diff: 0.7, Sum: 143.2]
      [Code Root Scanning (ms): Min: 0.0, Avg: 0.0, Max: 0.0, Diff: 0.0, Sum: 0.0]
      [Object Copy (ms): Min: 127.1, Avg: 127.2, Max: 127.3, Diff: 0.2, Sum: 1017.8]
      [Termination (ms): Min: 0.0, Avg: 0.0, Max: 0.1, Diff: 0.1, Sum: 0.4]
         [Termination Attempts: Min: 1, Avg: 335.1, Max: 412, Diff: 411, Sum: 2681]
      [GC Worker Other (ms): Min: 0.0, Avg: 0.0, Max: 0.1, Diff: 0.0, Sum: 0.3]
      [GC Worker Total (ms): Min: 166.9, Avg: 167.0, Max: 167.1, Diff: 0.2, Sum: 1335.7]
      [GC Worker End (ms): Min: 31173.0, Avg: 31173.1, Max: 31173.1, Diff: 0.0]
   [Code Root Fixup: 0.0 ms]
   [Code Root Purge: 0.0 ms]
   [Clear CT: 0.1 ms]
   [Other: 0.7 ms]
      [Choose CSet: 0.0 ms]
      [Ref Proc: 0.2 ms]
      [Ref Enq: 0.0 ms]
      [Redirty Cards: 0.2 ms]
      [Humongous Register: 0.0 ms]
      [Humongous Reclaim: 0.0 ms]
      [Free CSet: 0.2 ms]
   [Eden: 282.0M(282.0M)->0.0B(283.0M) Survivors: 39.0M->41.0M Heap: 1003.1M(2048.0M)->1005.1M(2048.0M)]
 [Times: user=1.11 sys=0.06, real=0.17 secs] 
2020-09-29T11:59:28.949+0200: 31.181: [GC pause (G1 Humongous Allocation) (young) (initial-mark), 0.0574731 secs]
   [Parallel Time: 56.7 ms, GC Workers: 8]
      [GC Worker Start (ms): Min: 31181.2, Avg: 31181.3, Max: 31181.3, Diff: 0.1]
      [Ext Root Scanning (ms): Min: 0.0, Avg: 0.1, Max: 0.1, Diff: 0.1, Sum: 0.6]
      [Update RS (ms): Min: 32.1, Avg: 32.4, Max: 32.7, Diff: 0.6, Sum: 259.2]
         [Processed Buffers: Min: 41, Avg: 42.8, Max: 44, Diff: 3, Sum: 342]
      [Scan RS (ms): Min: 2.5, Avg: 2.8, Max: 3.1, Diff: 0.6, Sum: 22.7]
      [Code Root Scanning (ms): Min: 0.0, Avg: 0.0, Max: 0.0, Diff: 0.0, Sum: 0.0]
      [Object Copy (ms): Min: 21.3, Avg: 21.3, Max: 21.4, Diff: 0.1, Sum: 170.7]
      [Termination (ms): Min: 0.0, Avg: 0.0, Max: 0.0, Diff: 0.0, Sum: 0.1]
         [Termination Attempts: Min: 1, Avg: 45.4, Max: 65, Diff: 64, Sum: 363]
      [GC Worker Other (ms): Min: 0.0, Avg: 0.0, Max: 0.0, Diff: 0.0, Sum: 0.1]
      [GC Worker Total (ms): Min: 56.6, Avg: 56.7, Max: 56.7, Diff: 0.1, Sum: 453.4]
      [GC Worker End (ms): Min: 31237.9, Avg: 31237.9, Max: 31238.0, Diff: 0.0]
   [Code Root Fixup: 0.0 ms]
   [Code Root Purge: 0.0 ms]
   [Clear CT: 0.1 ms]
   [Other: 0.6 ms]
      [Choose CSet: 0.0 ms]
      [Ref Proc: 0.2 ms]
      [Ref Enq: 0.0 ms]
      [Redirty Cards: 0.1 ms]
      [Humongous Register: 0.0 ms]
      [Humongous Reclaim: 0.0 ms]
      [Free CSet: 0.1 ms]
   [Eden: 10.0M(283.0M)->0.0B(321.0M) Survivors: 41.0M->12.0M Heap: 1014.6M(2048.0M)->1018.6M(2048.0M)]
 [Times: user=0.50 sys=0.00, real=0.06 secs] 
2020-09-29T11:59:29.007+0200: 31.239: [GC concurrent-root-region-scan-start]
2020-09-29T11:59:29.008+0200: 31.240: [GC concurrent-root-region-scan-end, 0.0016410 secs]
2020-09-29T11:59:29.008+0200: 31.240: [GC concurrent-mark-start]
2020-09-29T11:59:29.011+0200: 31.242: [GC concurrent-mark-end, 0.0020603 secs]
2020-09-29T11:59:29.011+0200: 31.243: [GC remark 2020-09-29T11:59:29.011+0200: 31.243: [Finalize Marking, 0.0001611 secs] 2020-09-29T11:59:29.011+0200: 31.243: [GC ref-proc, 0.0002553 secs] 2020-09-29T11:59:29.011+0200: 31.243: [Unloading, 0.0003946 secs], 0.0010591 secs]
 [Times: user=0.00 sys=0.00, real=0.00 secs] 
2020-09-29T11:59:29.012+0200: 31.244: [GC cleanup 1029M->28M(2048M), 0.0009768 secs]
 [Times: user=0.00 sys=0.00, real=0.00 secs] 
2020-09-29T11:59:29.013+0200: 31.245: [GC concurrent-cleanup-start]
2020-09-29T11:59:29.014+0200: 31.246: [GC concurrent-cleanup-end, 0.0010387 secs]
2020-09-29T11:59:29.167+0200: 31.399: [GC pause (G1 Evacuation Pause) (young), 0.1864757 secs]
   [Parallel Time: 185.1 ms, GC Workers: 8]
      [GC Worker Start (ms): Min: 31399.1, Avg: 31399.2, Max: 31399.3, Diff: 0.2]
      [Ext Root Scanning (ms): Min: 0.0, Avg: 0.1, Max: 0.2, Diff: 0.2, Sum: 0.4]
      [Update RS (ms): Min: 14.0, Avg: 14.2, Max: 14.5, Diff: 0.6, Sum: 113.3]
         [Processed Buffers: Min: 15, Avg: 16.8, Max: 18, Diff: 3, Sum: 134]
      [Scan RS (ms): Min: 22.2, Avg: 22.6, Max: 22.8, Diff: 0.6, Sum: 180.5]
      [Code Root Scanning (ms): Min: 0.0, Avg: 0.0, Max: 0.0, Diff: 0.0, Sum: 0.0]
      [Object Copy (ms): Min: 147.3, Avg: 147.6, Max: 148.0, Diff: 0.6, Sum: 1180.7]
      [Termination (ms): Min: 0.0, Avg: 0.4, Max: 0.6, Diff: 0.6, Sum: 2.9]
         [Termination Attempts: Min: 1, Avg: 2607.6, Max: 3679, Diff: 3678, Sum: 20861]
      [GC Worker Other (ms): Min: 0.0, Avg: 0.1, Max: 0.1, Diff: 0.1, Sum: 0.7]
      [GC Worker Total (ms): Min: 184.7, Avg: 184.8, Max: 185.0, Diff: 0.2, Sum: 1478.5]
      [GC Worker End (ms): Min: 31584.0, Avg: 31584.0, Max: 31584.1, Diff: 0.1]
   [Code Root Fixup: 0.0 ms]
   [Code Root Purge: 0.0 ms]
   [Clear CT: 0.2 ms]
   [Other: 1.2 ms]
      [Choose CSet: 0.0 ms]
      [Ref Proc: 0.2 ms]
      [Ref Enq: 0.0 ms]
      [Redirty Cards: 0.7 ms]
      [Humongous Register: 0.1 ms]
      [Humongous Reclaim: 0.0 ms]
      [Free CSet: 0.2 ms]
   [Eden: 321.0M(321.0M)->0.0B(278.0M) Survivors: 12.0M->42.0M Heap: 393.8M(2048.0M)->384.3M(2048.0M)]
 [Times: user=1.38 sys=0.09, real=0.19 secs] 
2020-09-29T11:59:29.497+0200: 31.728: [GC pause (G1 Evacuation Pause) (young), 0.1591722 secs]
   [Parallel Time: 158.2 ms, GC Workers: 8]
      [GC Worker Start (ms): Min: 31728.0, Avg: 31728.1, Max: 31728.1, Diff: 0.2]
      [Ext Root Scanning (ms): Min: 0.0, Avg: 0.1, Max: 0.2, Diff: 0.2, Sum: 0.5]
      [Update RS (ms): Min: 16.2, Avg: 16.4, Max: 16.7, Diff: 0.5, Sum: 131.5]
         [Processed Buffers: Min: 16, Avg: 17.9, Max: 21, Diff: 5, Sum: 143]
      [Scan RS (ms): Min: 20.1, Avg: 20.4, Max: 20.6, Diff: 0.5, Sum: 162.9]
      [Code Root Scanning (ms): Min: 0.0, Avg: 0.0, Max: 0.0, Diff: 0.0, Sum: 0.0]
      [Object Copy (ms): Min: 121.0, Avg: 121.0, Max: 121.1, Diff: 0.1, Sum: 968.2]
      [Termination (ms): Min: 0.0, Avg: 0.0, Max: 0.0, Diff: 0.0, Sum: 0.1]
         [Termination Attempts: Min: 1, Avg: 61.6, Max: 77, Diff: 76, Sum: 493]
      [GC Worker Other (ms): Min: 0.0, Avg: 0.0, Max: 0.1, Diff: 0.1, Sum: 0.3]
      [GC Worker Total (ms): Min: 157.9, Avg: 157.9, Max: 158.1, Diff: 0.2, Sum: 1263.5]
      [GC Worker End (ms): Min: 31886.0, Avg: 31886.0, Max: 31886.0, Diff: 0.1]
   [Code Root Fixup: 0.0 ms]
   [Code Root Purge: 0.0 ms]
   [Clear CT: 0.2 ms]
   [Other: 0.8 ms]
      [Choose CSet: 0.0 ms]
      [Ref Proc: 0.2 ms]
      [Ref Enq: 0.0 ms]
      [Redirty Cards: 0.2 ms]
      [Humongous Register: 0.0 ms]
      [Humongous Reclaim: 0.0 ms]
      [Free CSet: 0.3 ms]
   [Eden: 278.0M(278.0M)->0.0B(283.0M) Survivors: 42.0M->40.0M Heap: 708.1M(2048.0M)->710.1M(2048.0M)]
 [Times: user=1.22 sys=0.03, real=0.16 secs] 
2020-09-29T11:59:29.801+0200: 32.033: [GC pause (G1 Evacuation Pause) (young), 0.1612891 secs]
   [Parallel Time: 159.7 ms, GC Workers: 8]
      [GC Worker Start (ms): Min: 32033.4, Avg: 32033.5, Max: 32033.6, Diff: 0.1]
      [Ext Root Scanning (ms): Min: 0.0, Avg: 0.1, Max: 0.1, Diff: 0.1, Sum: 0.5]
      [Update RS (ms): Min: 17.6, Avg: 17.6, Max: 17.7, Diff: 0.1, Sum: 141.1]
         [Processed Buffers: Min: 18, Avg: 21.5, Max: 24, Diff: 6, Sum: 172]
      [Scan RS (ms): Min: 14.7, Avg: 14.8, Max: 14.8, Diff: 0.1, Sum: 118.0]
      [Code Root Scanning (ms): Min: 0.0, Avg: 0.0, Max: 0.0, Diff: 0.0, Sum: 0.0]
      [Object Copy (ms): Min: 126.9, Avg: 127.0, Max: 127.1, Diff: 0.1, Sum: 1016.0]
      [Termination (ms): Min: 0.0, Avg: 0.0, Max: 0.0, Diff: 0.0, Sum: 0.1]
         [Termination Attempts: Min: 1, Avg: 60.5, Max: 85, Diff: 84, Sum: 484]
      [GC Worker Other (ms): Min: 0.0, Avg: 0.0, Max: 0.1, Diff: 0.1, Sum: 0.4]
      [GC Worker Total (ms): Min: 159.4, Avg: 159.5, Max: 159.6, Diff: 0.2, Sum: 1276.1]
      [GC Worker End (ms): Min: 32193.0, Avg: 32193.0, Max: 32193.1, Diff: 0.1]
   [Code Root Fixup: 0.0 ms]
   [Code Root Purge: 0.0 ms]
   [Clear CT: 0.5 ms]
   [Other: 1.1 ms]
      [Choose CSet: 0.0 ms]
      [Ref Proc: 0.3 ms]
      [Ref Enq: 0.0 ms]
      [Redirty Cards: 0.4 ms]
      [Humongous Register: 0.0 ms]
      [Humongous Reclaim: 0.0 ms]
      [Free CSet: 0.2 ms]
   [Eden: 283.0M(283.0M)->0.0B(293.0M) Survivors: 40.0M->41.0M Heap: 1040.8M(2048.0M)->1042.8M(2048.0M)]
 [Times: user=1.22 sys=0.03, real=0.16 secs] 
2020-09-29T11:59:29.971+0200: 32.203: [GC pause (G1 Humongous Allocation) (young) (initial-mark), 0.0566099 secs]
   [Parallel Time: 55.9 ms, GC Workers: 8]
      [GC Worker Start (ms): Min: 32202.7, Avg: 32202.8, Max: 32202.9, Diff: 0.2]
      [Ext Root Scanning (ms): Min: 0.0, Avg: 0.1, Max: 0.2, Diff: 0.2, Sum: 1.0]
      [Update RS (ms): Min: 31.7, Avg: 31.8, Max: 32.1, Diff: 0.4, Sum: 254.7]
         [Processed Buffers: Min: 40, Avg: 42.6, Max: 45, Diff: 5, Sum: 341]
      [Scan RS (ms): Min: 2.8, Avg: 2.9, Max: 3.1, Diff: 0.3, Sum: 23.5]
      [Code Root Scanning (ms): Min: 0.0, Avg: 0.0, Max: 0.0, Diff: 0.0, Sum: 0.0]
      [Object Copy (ms): Min: 20.7, Avg: 20.8, Max: 20.8, Diff: 0.1, Sum: 166.1]
      [Termination (ms): Min: 0.0, Avg: 0.0, Max: 0.0, Diff: 0.0, Sum: 0.1]
         [Termination Attempts: Min: 1, Avg: 123.6, Max: 160, Diff: 159, Sum: 989]
      [GC Worker Other (ms): Min: 0.0, Avg: 0.0, Max: 0.0, Diff: 0.0, Sum: 0.1]
      [GC Worker Total (ms): Min: 55.6, Avg: 55.7, Max: 55.8, Diff: 0.2, Sum: 445.6]
      [GC Worker End (ms): Min: 32258.5, Avg: 32258.5, Max: 32258.5, Diff: 0.0]
   [Code Root Fixup: 0.0 ms]
   [Code Root Purge: 0.0 ms]
   [Clear CT: 0.2 ms]
   [Other: 0.5 ms]
      [Choose CSet: 0.0 ms]
      [Ref Proc: 0.1 ms]
      [Ref Enq: 0.0 ms]
      [Redirty Cards: 0.1 ms]
      [Humongous Register: 0.0 ms]
      [Humongous Reclaim: 0.0 ms]
      [Free CSet: 0.1 ms]
   [Eden: 11.0M(293.0M)->0.0B(331.0M) Survivors: 41.0M->13.0M Heap: 1053.8M(2048.0M)->1056.8M(2048.0M)]
 [Times: user=0.50 sys=0.00, real=0.06 secs] 
2020-09-29T11:59:30.027+0200: 32.259: [GC concurrent-root-region-scan-start]
2020-09-29T11:59:30.029+0200: 32.261: [GC concurrent-root-region-scan-end, 0.0018854 secs]
2020-09-29T11:59:30.029+0200: 32.261: [GC concurrent-mark-start]
2020-09-29T11:59:30.031+0200: 32.263: [GC concurrent-mark-end, 0.0020814 secs]
2020-09-29T11:59:30.032+0200: 32.263: [GC remark 2020-09-29T11:59:30.032+0200: 32.263: [Finalize Marking, 0.0001590 secs] 2020-09-29T11:59:30.032+0200: 32.264: [GC ref-proc, 0.0002553 secs] 2020-09-29T11:59:30.032+0200: 32.264: [Unloading, 0.0003926 secs], 0.0010648 secs]
 [Times: user=0.00 sys=0.00, real=0.00 secs] 
2020-09-29T11:59:30.033+0200: 32.265: [GC cleanup 1067M->29M(2048M), 0.0009996 secs]
 [Times: user=0.00 sys=0.00, real=0.00 secs] 
2020-09-29T11:59:30.034+0200: 32.266: [GC concurrent-cleanup-start]
2020-09-29T11:59:30.035+0200: 32.267: [GC concurrent-cleanup-end, 0.0011130 secs]
2020-09-29T11:59:30.194+0200: 32.426: [GC pause (G1 Evacuation Pause) (young), 0.1648515 secs]
   [Parallel Time: 163.7 ms, GC Workers: 8]
      [GC Worker Start (ms): Min: 32425.9, Avg: 32425.9, Max: 32426.0, Diff: 0.1]
      [Ext Root Scanning (ms): Min: 0.0, Avg: 0.1, Max: 0.1, Diff: 0.1, Sum: 0.6]
      [Update RS (ms): Min: 19.2, Avg: 19.6, Max: 20.1, Diff: 0.8, Sum: 156.8]
         [Processed Buffers: Min: 19, Avg: 20.6, Max: 22, Diff: 3, Sum: 165]
      [Scan RS (ms): Min: 19.0, Avg: 19.5, Max: 19.8, Diff: 0.8, Sum: 156.1]
      [Code Root Scanning (ms): Min: 0.0, Avg: 0.0, Max: 0.0, Diff: 0.0, Sum: 0.0]
      [Object Copy (ms): Min: 124.1, Avg: 124.3, Max: 124.3, Diff: 0.2, Sum: 994.2]
      [Termination (ms): Min: 0.0, Avg: 0.0, Max: 0.0, Diff: 0.0, Sum: 0.3]
         [Termination Attempts: Min: 1, Avg: 246.3, Max: 313, Diff: 312, Sum: 1970]
      [GC Worker Other (ms): Min: 0.0, Avg: 0.0, Max: 0.1, Diff: 0.1, Sum: 0.3]
      [GC Worker Total (ms): Min: 163.4, Avg: 163.5, Max: 163.6, Diff: 0.2, Sum: 1308.2]
      [GC Worker End (ms): Min: 32589.4, Avg: 32589.5, Max: 32589.5, Diff: 0.1]
   [Code Root Fixup: 0.0 ms]
   [Code Root Purge: 0.0 ms]
   [Clear CT: 0.2 ms]
   [Other: 0.9 ms]
      [Choose CSet: 0.0 ms]
      [Ref Proc: 0.2 ms]
      [Ref Enq: 0.0 ms]
      [Redirty Cards: 0.2 ms]
      [Humongous Register: 0.0 ms]
      [Humongous Reclaim: 0.0 ms]
      [Free CSet: 0.3 ms]
   [Eden: 331.0M(331.0M)->0.0B(308.0M) Survivors: 13.0M->43.0M Heap: 405.3M(2048.0M)->393.8M(2048.0M)]
 [Times: user=1.20 sys=0.05, real=0.16 secs] 
2020-09-29T11:59:30.520+0200: 32.751: [GC pause (G1 Evacuation Pause) (young), 0.1785521 secs]
   [Parallel Time: 177.2 ms, GC Workers: 8]
      [GC Worker Start (ms): Min: 32751.3, Avg: 32751.4, Max: 32751.5, Diff: 0.2]
      [Ext Root Scanning (ms): Min: 0.0, Avg: 0.1, Max: 0.2, Diff: 0.2, Sum: 0.5]
      [Update RS (ms): Min: 17.6, Avg: 17.9, Max: 18.2, Diff: 0.6, Sum: 143.1]
         [Processed Buffers: Min: 19, Avg: 20.9, Max: 23, Diff: 4, Sum: 167]
      [Scan RS (ms): Min: 16.9, Avg: 17.2, Max: 17.5, Diff: 0.6, Sum: 137.5]
      [Code Root Scanning (ms): Min: 0.0, Avg: 0.0, Max: 0.0, Diff: 0.0, Sum: 0.0]
      [Object Copy (ms): Min: 141.7, Avg: 141.8, Max: 141.8, Diff: 0.1, Sum: 1134.2]
      [Termination (ms): Min: 0.0, Avg: 0.0, Max: 0.0, Diff: 0.0, Sum: 0.2]
         [Termination Attempts: Min: 1, Avg: 218.4, Max: 279, Diff: 278, Sum: 1747]
      [GC Worker Other (ms): Min: 0.0, Avg: 0.0, Max: 0.1, Diff: 0.1, Sum: 0.4]
      [GC Worker Total (ms): Min: 176.9, Avg: 177.0, Max: 177.1, Diff: 0.2, Sum: 1415.9]
      [GC Worker End (ms): Min: 32928.4, Avg: 32928.4, Max: 32928.5, Diff: 0.1]
   [Code Root Fixup: 0.0 ms]
   [Code Root Purge: 0.0 ms]
   [Clear CT: 0.4 ms]
   [Other: 1.0 ms]
      [Choose CSet: 0.0 ms]
      [Ref Proc: 0.3 ms]
      [Ref Enq: 0.0 ms]
      [Redirty Cards: 0.2 ms]
      [Humongous Register: 0.0 ms]
      [Humongous Reclaim: 0.0 ms]
      [Free CSet: 0.2 ms]
   [Eden: 308.0M(308.0M)->0.0B(300.0M) Survivors: 43.0M->44.0M Heap: 753.3M(2048.0M)->754.8M(2048.0M)]
 [Times: user=1.36 sys=0.06, real=0.18 secs] 
2020-09-29T11:59:30.844+0200: 33.075: [GC pause (G1 Evacuation Pause) (young), 0.1769829 secs]
   [Parallel Time: 176.0 ms, GC Workers: 8]
      [GC Worker Start (ms): Min: 33075.0, Avg: 33075.1, Max: 33075.2, Diff: 0.2]
      [Ext Root Scanning (ms): Min: 0.0, Avg: 0.1, Max: 0.2, Diff: 0.2, Sum: 0.4]
      [Update RS (ms): Min: 23.0, Avg: 23.1, Max: 23.7, Diff: 0.7, Sum: 185.0]
         [Processed Buffers: Min: 23, Avg: 25.5, Max: 29, Diff: 6, Sum: 204]
      [Scan RS (ms): Min: 18.5, Avg: 19.1, Max: 19.4, Diff: 0.9, Sum: 153.2]
      [Code Root Scanning (ms): Min: 0.0, Avg: 0.0, Max: 0.0, Diff: 0.0, Sum: 0.0]
      [Object Copy (ms): Min: 133.2, Avg: 133.4, Max: 133.5, Diff: 0.2, Sum: 1067.0]
      [Termination (ms): Min: 0.0, Avg: 0.1, Max: 0.1, Diff: 0.1, Sum: 0.8]
         [Termination Attempts: Min: 1, Avg: 656.0, Max: 870, Diff: 869, Sum: 5248]
      [GC Worker Other (ms): Min: 0.0, Avg: 0.0, Max: 0.1, Diff: 0.1, Sum: 0.3]
      [GC Worker Total (ms): Min: 175.7, Avg: 175.8, Max: 175.9, Diff: 0.2, Sum: 1406.8]
      [GC Worker End (ms): Min: 33250.9, Avg: 33250.9, Max: 33251.0, Diff: 0.1]
   [Code Root Fixup: 0.0 ms]
   [Code Root Purge: 0.0 ms]
   [Clear CT: 0.2 ms]
   [Other: 0.7 ms]
      [Choose CSet: 0.0 ms]
      [Ref Proc: 0.1 ms]
      [Ref Enq: 0.0 ms]
      [Redirty Cards: 0.3 ms]
      [Humongous Register: 0.0 ms]
      [Humongous Reclaim: 0.0 ms]
      [Free CSet: 0.2 ms]
   [Eden: 300.0M(300.0M)->0.0B(297.0M) Survivors: 44.0M->43.0M Heap: 1106.3M(2048.0M)->1108.8M(2048.0M)]
 [Times: user=1.34 sys=0.06, real=0.18 secs] 
2020-09-29T11:59:31.031+0200: 33.263: [GC pause (G1 Humongous Allocation) (young) (initial-mark), 0.0575492 secs]
   [Parallel Time: 56.9 ms, GC Workers: 8]
      [GC Worker Start (ms): Min: 33262.8, Avg: 33262.9, Max: 33263.0, Diff: 0.2]
      [Ext Root Scanning (ms): Min: 0.0, Avg: 0.1, Max: 0.2, Diff: 0.2, Sum: 1.1]
      [Update RS (ms): Min: 32.0, Avg: 32.3, Max: 32.5, Diff: 0.5, Sum: 258.4]
         [Processed Buffers: Min: 39, Avg: 42.0, Max: 45, Diff: 6, Sum: 336]
      [Scan RS (ms): Min: 2.4, Avg: 2.6, Max: 2.9, Diff: 0.5, Sum: 20.9]
      [Code Root Scanning (ms): Min: 0.0, Avg: 0.0, Max: 0.0, Diff: 0.0, Sum: 0.0]
      [Object Copy (ms): Min: 21.5, Avg: 21.6, Max: 21.6, Diff: 0.1, Sum: 172.6]
      [Termination (ms): Min: 0.0, Avg: 0.0, Max: 0.0, Diff: 0.0, Sum: 0.1]
         [Termination Attempts: Min: 1, Avg: 66.6, Max: 90, Diff: 89, Sum: 533]
      [GC Worker Other (ms): Min: 0.0, Avg: 0.0, Max: 0.0, Diff: 0.0, Sum: 0.1]
      [GC Worker Total (ms): Min: 56.6, Avg: 56.6, Max: 56.7, Diff: 0.2, Sum: 453.1]
      [GC Worker End (ms): Min: 33319.5, Avg: 33319.6, Max: 33319.6, Diff: 0.0]
   [Code Root Fixup: 0.0 ms]
   [Code Root Purge: 0.0 ms]
   [Clear CT: 0.1 ms]
   [Other: 0.5 ms]
      [Choose CSet: 0.0 ms]
      [Ref Proc: 0.2 ms]
      [Ref Enq: 0.0 ms]
      [Redirty Cards: 0.1 ms]
      [Humongous Register: 0.0 ms]
      [Humongous Reclaim: 0.0 ms]
      [Free CSet: 0.1 ms]
   [Eden: 11.0M(297.0M)->0.0B(339.0M) Survivors: 43.0M->14.0M Heap: 1119.8M(2048.0M)->1123.8M(2048.0M)]
 [Times: user=0.50 sys=0.00, real=0.06 secs] 
2020-09-29T11:59:31.088+0200: 33.320: [GC concurrent-root-region-scan-start]
2020-09-29T11:59:31.090+0200: 33.322: [GC concurrent-root-region-scan-end, 0.0018707 secs]
2020-09-29T11:59:31.090+0200: 33.322: [GC concurrent-mark-start]
2020-09-29T11:59:31.092+0200: 33.324: [GC concurrent-mark-end, 0.0021349 secs]
2020-09-29T11:59:31.093+0200: 33.324: [GC remark 2020-09-29T11:59:31.093+0200: 33.325: [Finalize Marking, 0.0002198 secs] 2020-09-29T11:59:31.093+0200: 33.325: [GC ref-proc, 0.0002553 secs] 2020-09-29T11:59:31.093+0200: 33.325: [Unloading, 0.0004123 secs], 0.0011357 secs]
 [Times: user=0.00 sys=0.00, real=0.00 secs] 
2020-09-29T11:59:31.094+0200: 33.326: [GC cleanup 1134M->30M(2048M), 0.0012709 secs]
 [Times: user=0.00 sys=0.00, real=0.01 secs] 
2020-09-29T11:59:31.103+0200: 33.334: [GC concurrent-cleanup-start]
2020-09-29T11:59:31.105+0200: 33.336: [GC concurrent-cleanup-end, 0.0026975 secs]
2020-09-29T11:59:31.278+0200: 33.509: [GC pause (G1 Evacuation Pause) (young), 0.1843420 secs]
   [Parallel Time: 183.4 ms, GC Workers: 8]
      [GC Worker Start (ms): Min: 33508.9, Avg: 33509.0, Max: 33509.1, Diff: 0.1]
      [Ext Root Scanning (ms): Min: 0.0, Avg: 0.1, Max: 0.2, Diff: 0.1, Sum: 0.6]
      [Update RS (ms): Min: 20.1, Avg: 20.3, Max: 20.5, Diff: 0.4, Sum: 162.4]
         [Processed Buffers: Min: 6, Avg: 20.4, Max: 26, Diff: 20, Sum: 163]
      [Scan RS (ms): Min: 18.5, Avg: 18.7, Max: 18.8, Diff: 0.3, Sum: 149.5]
      [Code Root Scanning (ms): Min: 0.0, Avg: 0.0, Max: 0.0, Diff: 0.0, Sum: 0.0]
      [Object Copy (ms): Min: 143.9, Avg: 144.0, Max: 144.2, Diff: 0.2, Sum: 1152.2]
      [Termination (ms): Min: 0.0, Avg: 0.1, Max: 0.1, Diff: 0.1, Sum: 0.5]
         [Termination Attempts: Min: 1, Avg: 113.3, Max: 194, Diff: 193, Sum: 906]
      [GC Worker Other (ms): Min: 0.0, Avg: 0.0, Max: 0.1, Diff: 0.1, Sum: 0.3]
      [GC Worker Total (ms): Min: 183.1, Avg: 183.2, Max: 183.3, Diff: 0.2, Sum: 1465.5]
      [GC Worker End (ms): Min: 33692.1, Avg: 33692.2, Max: 33692.2, Diff: 0.1]
   [Code Root Fixup: 0.0 ms]
   [Code Root Purge: 0.0 ms]
   [Clear CT: 0.2 ms]
   [Other: 0.7 ms]
      [Choose CSet: 0.0 ms]
      [Ref Proc: 0.1 ms]
      [Ref Enq: 0.0 ms]
      [Redirty Cards: 0.2 ms]
      [Humongous Register: 0.0 ms]
      [Humongous Reclaim: 0.0 ms]
      [Free CSet: 0.2 ms]
   [Eden: 339.0M(339.0M)->0.0B(298.0M) Survivors: 14.0M->45.0M Heap: 415.7M(2048.0M)->404.2M(2048.0M)]
 [Times: user=1.36 sys=0.02, real=0.18 secs] 
2020-09-29T11:59:31.610+0200: 33.841: [GC pause (G1 Evacuation Pause) (young), 0.1698515 secs]
   [Parallel Time: 167.3 ms, GC Workers: 8]
      [GC Worker Start (ms): Min: 33841.0, Avg: 33841.1, Max: 33841.1, Diff: 0.2]
      [Ext Root Scanning (ms): Min: 0.0, Avg: 0.1, Max: 0.1, Diff: 0.1, Sum: 0.5]
      [Update RS (ms): Min: 18.2, Avg: 18.5, Max: 18.8, Diff: 0.5, Sum: 147.7]
         [Processed Buffers: Min: 19, Avg: 20.1, Max: 22, Diff: 3, Sum: 161]
      [Scan RS (ms): Min: 21.2, Avg: 21.5, Max: 21.8, Diff: 0.6, Sum: 171.8]
      [Code Root Scanning (ms): Min: 0.0, Avg: 0.0, Max: 0.0, Diff: 0.0, Sum: 0.0]
      [Object Copy (ms): Min: 126.9, Avg: 127.0, Max: 127.0, Diff: 0.1, Sum: 1016.0]
      [Termination (ms): Min: 0.0, Avg: 0.0, Max: 0.0, Diff: 0.0, Sum: 0.0]
         [Termination Attempts: Min: 1, Avg: 12.6, Max: 21, Diff: 20, Sum: 101]
      [GC Worker Other (ms): Min: 0.0, Avg: 0.0, Max: 0.1, Diff: 0.1, Sum: 0.4]
      [GC Worker Total (ms): Min: 167.0, Avg: 167.1, Max: 167.2, Diff: 0.2, Sum: 1336.4]
      [GC Worker End (ms): Min: 34008.1, Avg: 34008.1, Max: 34008.1, Diff: 0.0]
   [Code Root Fixup: 0.0 ms]
   [Code Root Purge: 0.0 ms]
   [Clear CT: 0.2 ms]
   [Other: 2.3 ms]
      [Choose CSet: 0.0 ms]
      [Ref Proc: 0.4 ms]
      [Ref Enq: 0.0 ms]
      [Redirty Cards: 1.5 ms]
      [Humongous Register: 0.0 ms]
      [Humongous Reclaim: 0.0 ms]
      [Free CSet: 0.2 ms]
   [Eden: 298.0M(298.0M)->0.0B(294.0M) Survivors: 45.0M->43.0M Heap: 751.8M(2048.0M)->753.3M(2048.0M)]
 [Times: user=1.34 sys=0.03, real=0.17 secs] 
2020-09-29T11:59:31.935+0200: 34.166: [GC pause (G1 Evacuation Pause) (young), 0.1788618 secs]
   [Parallel Time: 177.3 ms, GC Workers: 8]
      [GC Worker Start (ms): Min: 34166.5, Avg: 34166.6, Max: 34166.7, Diff: 0.1]
      [Ext Root Scanning (ms): Min: 0.0, Avg: 0.1, Max: 0.1, Diff: 0.1, Sum: 0.6]
      [Update RS (ms): Min: 21.2, Avg: 21.3, Max: 21.4, Diff: 0.2, Sum: 170.2]
         [Processed Buffers: Min: 21, Avg: 24.5, Max: 27, Diff: 6, Sum: 196]
      [Scan RS (ms): Min: 15.2, Avg: 15.3, Max: 15.4, Diff: 0.2, Sum: 122.7]
      [Code Root Scanning (ms): Min: 0.0, Avg: 0.0, Max: 0.0, Diff: 0.0, Sum: 0.0]
      [Object Copy (ms): Min: 140.2, Avg: 140.2, Max: 140.4, Diff: 0.2, Sum: 1121.8]
      [Termination (ms): Min: 0.0, Avg: 0.1, Max: 0.1, Diff: 0.1, Sum: 0.7]
         [Termination Attempts: Min: 1, Avg: 596.5, Max: 772, Diff: 771, Sum: 4772]
      [GC Worker Other (ms): Min: 0.0, Avg: 0.0, Max: 0.1, Diff: 0.1, Sum: 0.3]
      [GC Worker Total (ms): Min: 177.0, Avg: 177.0, Max: 177.1, Diff: 0.1, Sum: 1416.3]
      [GC Worker End (ms): Min: 34343.6, Avg: 34343.6, Max: 34343.7, Diff: 0.1]
   [Code Root Fixup: 0.0 ms]
   [Code Root Purge: 0.0 ms]
   [Clear CT: 0.4 ms]
   [Other: 1.2 ms]
      [Choose CSet: 0.0 ms]
      [Ref Proc: 0.4 ms]
      [Ref Enq: 0.0 ms]
      [Redirty Cards: 0.5 ms]
      [Humongous Register: 0.0 ms]
      [Humongous Reclaim: 0.0 ms]
      [Free CSet: 0.2 ms]
   [Eden: 294.0M(294.0M)->0.0B(292.0M) Survivors: 43.0M->43.0M Heap: 1096.9M(2048.0M)->1098.9M(2048.0M)]
 [Times: user=1.25 sys=0.03, real=0.18 secs] 
2020-09-29T11:59:32.128+0200: 34.359: [GC pause (G1 Humongous Allocation) (young) (initial-mark), 0.0496856 secs]
   [Parallel Time: 49.0 ms, GC Workers: 8]
      [GC Worker Start (ms): Min: 34359.0, Avg: 34359.1, Max: 34359.1, Diff: 0.1]
      [Ext Root Scanning (ms): Min: 0.0, Avg: 0.1, Max: 0.1, Diff: 0.1, Sum: 0.6]
      [Update RS (ms): Min: 24.9, Avg: 25.1, Max: 25.6, Diff: 0.7, Sum: 201.1]
         [Processed Buffers: Min: 31, Avg: 33.0, Max: 35, Diff: 4, Sum: 264]
      [Scan RS (ms): Min: 2.4, Avg: 2.9, Max: 3.1, Diff: 0.7, Sum: 23.0]
      [Code Root Scanning (ms): Min: 0.0, Avg: 0.0, Max: 0.0, Diff: 0.0, Sum: 0.0]
      [Object Copy (ms): Min: 20.6, Avg: 20.7, Max: 20.8, Diff: 0.1, Sum: 165.5]
      [Termination (ms): Min: 0.0, Avg: 0.0, Max: 0.0, Diff: 0.0, Sum: 0.2]
         [Termination Attempts: Min: 1, Avg: 198.0, Max: 262, Diff: 261, Sum: 1584]
      [GC Worker Other (ms): Min: 0.0, Avg: 0.0, Max: 0.0, Diff: 0.0, Sum: 0.1]
      [GC Worker Total (ms): Min: 48.8, Avg: 48.8, Max: 48.9, Diff: 0.1, Sum: 390.7]
      [GC Worker End (ms): Min: 34407.9, Avg: 34407.9, Max: 34407.9, Diff: 0.0]
   [Code Root Fixup: 0.0 ms]
   [Code Root Purge: 0.0 ms]
   [Clear CT: 0.2 ms]
   [Other: 0.5 ms]
      [Choose CSet: 0.0 ms]
      [Ref Proc: 0.1 ms]
      [Ref Enq: 0.0 ms]
      [Redirty Cards: 0.1 ms]
      [Humongous Register: 0.0 ms]
      [Humongous Reclaim: 0.0 ms]
      [Free CSet: 0.1 ms]
   [Eden: 8192.0K(292.0M)->0.0B(345.0M) Survivors: 43.0M->10.0M Heap: 1106.4M(2048.0M)->1110.9M(2048.0M)]
 [Times: user=0.50 sys=0.00, real=0.05 secs] 
2020-09-29T11:59:32.178+0200: 34.409: [GC concurrent-root-region-scan-start]
2020-09-29T11:59:32.179+0200: 34.410: [GC concurrent-root-region-scan-end, 0.0013832 secs]
2020-09-29T11:59:32.179+0200: 34.410: [GC concurrent-mark-start]
2020-09-29T11:59:32.181+0200: 34.412: [GC concurrent-mark-end, 0.0022403 secs]
2020-09-29T11:59:32.182+0200: 34.413: [GC remark 2020-09-29T11:59:32.182+0200: 34.413: [Finalize Marking, 0.0001228 secs] 2020-09-29T11:59:32.182+0200: 34.413: [GC ref-proc, 0.0003305 secs] 2020-09-29T11:59:32.182+0200: 34.413: [Unloading, 0.0003050 secs], 0.0010481 secs]
 [Times: user=0.00 sys=0.00, real=0.00 secs] 
2020-09-29T11:59:32.183+0200: 34.414: [GC cleanup 1120M->25M(2048M), 0.0010317 secs]
 [Times: user=0.00 sys=0.00, real=0.00 secs] 
2020-09-29T11:59:32.184+0200: 34.415: [GC concurrent-cleanup-start]
2020-09-29T11:59:32.185+0200: 34.416: [GC concurrent-cleanup-end, 0.0013385 secs]
2020-09-29T11:59:32.358+0200: 34.589: [GC pause (G1 Evacuation Pause) (young), 0.1847863 secs]
   [Parallel Time: 183.2 ms, GC Workers: 8]
      [GC Worker Start (ms): Min: 34589.1, Avg: 34589.2, Max: 34589.3, Diff: 0.2]
      [Ext Root Scanning (ms): Min: 0.0, Avg: 0.1, Max: 0.2, Diff: 0.2, Sum: 0.5]
      [Update RS (ms): Min: 15.3, Avg: 15.6, Max: 16.1, Diff: 0.8, Sum: 125.2]
         [Processed Buffers: Min: 15, Avg: 16.4, Max: 20, Diff: 5, Sum: 131]
      [Scan RS (ms): Min: 26.1, Avg: 26.8, Max: 27.2, Diff: 1.1, Sum: 214.1]
      [Code Root Scanning (ms): Min: 0.0, Avg: 0.0, Max: 0.0, Diff: 0.0, Sum: 0.0]
      [Object Copy (ms): Min: 140.1, Avg: 140.3, Max: 140.4, Diff: 0.3, Sum: 1122.2]
      [Termination (ms): Min: 0.0, Avg: 0.1, Max: 0.2, Diff: 0.2, Sum: 1.2]
         [Termination Attempts: Min: 1, Avg: 1085.6, Max: 1300, Diff: 1299, Sum: 8685]
      [GC Worker Other (ms): Min: 0.0, Avg: 0.0, Max: 0.1, Diff: 0.1, Sum: 0.3]
      [GC Worker Total (ms): Min: 182.9, Avg: 183.0, Max: 183.1, Diff: 0.2, Sum: 1463.7]
      [GC Worker End (ms): Min: 34772.2, Avg: 34772.2, Max: 34772.2, Diff: 0.1]
   [Code Root Fixup: 0.0 ms]
   [Code Root Purge: 0.0 ms]
   [Clear CT: 0.7 ms]
   [Other: 0.9 ms]
      [Choose CSet: 0.0 ms]
      [Ref Proc: 0.1 ms]
      [Ref Enq: 0.0 ms]
      [Redirty Cards: 0.3 ms]
      [Humongous Register: 0.0 ms]
      [Humongous Reclaim: 0.0 ms]
      [Free CSet: 0.2 ms]
   [Eden: 345.0M(345.0M)->0.0B(295.0M) Survivors: 10.0M->45.0M Heap: 419.6M(2048.0M)->412.1M(2048.0M)]
 [Times: user=1.33 sys=0.13, real=0.18 secs] 
2020-09-29T11:59:32.703+0200: 34.934: [GC pause (G1 Evacuation Pause) (young), 0.1632617 secs]
   [Parallel Time: 162.0 ms, GC Workers: 8]
      [GC Worker Start (ms): Min: 34934.3, Avg: 34934.4, Max: 34934.5, Diff: 0.2]
      [Ext Root Scanning (ms): Min: 0.0, Avg: 0.1, Max: 0.2, Diff: 0.2, Sum: 0.5]
      [Update RS (ms): Min: 15.2, Avg: 15.4, Max: 15.8, Diff: 0.6, Sum: 123.1]
         [Processed Buffers: Min: 18, Avg: 18.5, Max: 20, Diff: 2, Sum: 148]
      [Scan RS (ms): Min: 15.8, Avg: 16.3, Max: 16.5, Diff: 0.7, Sum: 130.8]
      [Code Root Scanning (ms): Min: 0.0, Avg: 0.0, Max: 0.0, Diff: 0.0, Sum: 0.0]
      [Object Copy (ms): Min: 129.7, Avg: 129.8, Max: 129.9, Diff: 0.2, Sum: 1038.4]
      [Termination (ms): Min: 0.0, Avg: 0.1, Max: 0.1, Diff: 0.1, Sum: 0.5]
         [Termination Attempts: Min: 1, Avg: 429.3, Max: 537, Diff: 536, Sum: 3434]
      [GC Worker Other (ms): Min: 0.0, Avg: 0.0, Max: 0.1, Diff: 0.1, Sum: 0.3]
      [GC Worker Total (ms): Min: 161.6, Avg: 161.7, Max: 161.8, Diff: 0.2, Sum: 1293.7]
      [GC Worker End (ms): Min: 35096.1, Avg: 35096.1, Max: 35096.1, Diff: 0.1]
   [Code Root Fixup: 0.0 ms]
   [Code Root Purge: 0.0 ms]
   [Clear CT: 0.2 ms]
   [Other: 1.1 ms]
      [Choose CSet: 0.0 ms]
      [Ref Proc: 0.2 ms]
      [Ref Enq: 0.0 ms]
      [Redirty Cards: 0.4 ms]
      [Humongous Register: 0.0 ms]
      [Humongous Reclaim: 0.0 ms]
      [Free CSet: 0.3 ms]
   [Eden: 295.0M(295.0M)->0.0B(302.0M) Survivors: 45.0M->43.0M Heap: 754.8M(2048.0M)->756.3M(2048.0M)]
 [Times: user=1.36 sys=0.00, real=0.16 secs] 
2020-09-29T11:59:33.028+0200: 35.259: [GC pause (G1 Evacuation Pause) (young), 0.1689453 secs]
   [Parallel Time: 167.7 ms, GC Workers: 8]
      [GC Worker Start (ms): Min: 35258.7, Avg: 35258.8, Max: 35258.9, Diff: 0.2]
      [Ext Root Scanning (ms): Min: 0.0, Avg: 0.0, Max: 0.2, Diff: 0.2, Sum: 0.4]
      [Update RS (ms): Min: 20.5, Avg: 20.7, Max: 21.3, Diff: 0.8, Sum: 165.9]
         [Processed Buffers: Min: 21, Avg: 24.5, Max: 29, Diff: 8, Sum: 196]
      [Scan RS (ms): Min: 15.3, Avg: 15.9, Max: 16.1, Diff: 0.7, Sum: 127.2]
      [Code Root Scanning (ms): Min: 0.0, Avg: 0.0, Max: 0.0, Diff: 0.0, Sum: 0.0]
      [Object Copy (ms): Min: 130.6, Avg: 130.8, Max: 130.9, Diff: 0.3, Sum: 1046.3]
      [Termination (ms): Min: 0.0, Avg: 0.0, Max: 0.0, Diff: 0.0, Sum: 0.2]
         [Termination Attempts: Min: 1, Avg: 148.0, Max: 193, Diff: 192, Sum: 1184]
      [GC Worker Other (ms): Min: 0.0, Avg: 0.0, Max: 0.1, Diff: 0.0, Sum: 0.3]
      [GC Worker Total (ms): Min: 167.4, Avg: 167.5, Max: 167.7, Diff: 0.2, Sum: 1340.3]
      [GC Worker End (ms): Min: 35426.3, Avg: 35426.3, Max: 35426.4, Diff: 0.0]
   [Code Root Fixup: 0.0 ms]
   [Code Root Purge: 0.0 ms]
   [Clear CT: 0.2 ms]
   [Other: 1.0 ms]
      [Choose CSet: 0.0 ms]
      [Ref Proc: 0.2 ms]
      [Ref Enq: 0.0 ms]
      [Redirty Cards: 0.3 ms]
      [Humongous Register: 0.1 ms]
      [Humongous Reclaim: 0.0 ms]
      [Free CSet: 0.3 ms]
   [Eden: 302.0M(302.0M)->0.0B(307.0M) Survivors: 43.0M->44.0M Heap: 1109.8M(2048.0M)->1111.8M(2048.0M)]
 [Times: user=1.38 sys=0.00, real=0.17 secs] 
2020-09-29T11:59:33.213+0200: 35.444: [GC pause (G1 Humongous Allocation) (young) (initial-mark), 0.0463962 secs]
   [Parallel Time: 45.6 ms, GC Workers: 8]
      [GC Worker Start (ms): Min: 35444.0, Avg: 35444.2, Max: 35444.2, Diff: 0.2]
      [Ext Root Scanning (ms): Min: 0.0, Avg: 0.2, Max: 1.1, Diff: 1.1, Sum: 1.9]
      [Update RS (ms): Min: 22.6, Avg: 23.4, Max: 23.8, Diff: 1.2, Sum: 187.5]
         [Processed Buffers: Min: 30, Avg: 31.5, Max: 34, Diff: 4, Sum: 252]
      [Scan RS (ms): Min: 2.4, Avg: 2.6, Max: 2.9, Diff: 0.5, Sum: 20.8]
      [Code Root Scanning (ms): Min: 0.0, Avg: 0.0, Max: 0.0, Diff: 0.0, Sum: 0.0]
      [Object Copy (ms): Min: 19.0, Avg: 19.0, Max: 19.0, Diff: 0.1, Sum: 152.0]
      [Termination (ms): Min: 0.0, Avg: 0.0, Max: 0.0, Diff: 0.0, Sum: 0.1]
         [Termination Attempts: Min: 1, Avg: 34.8, Max: 42, Diff: 41, Sum: 278]
      [GC Worker Other (ms): Min: 0.0, Avg: 0.0, Max: 0.0, Diff: 0.0, Sum: 0.1]
      [GC Worker Total (ms): Min: 45.2, Avg: 45.3, Max: 45.4, Diff: 0.2, Sum: 362.4]
      [GC Worker End (ms): Min: 35489.5, Avg: 35489.5, Max: 35489.5, Diff: 0.0]
   [Code Root Fixup: 0.0 ms]
   [Code Root Purge: 0.0 ms]
   [Clear CT: 0.1 ms]
   [Other: 0.6 ms]
      [Choose CSet: 0.0 ms]
      [Ref Proc: 0.2 ms]
      [Ref Enq: 0.0 ms]
      [Redirty Cards: 0.2 ms]
      [Humongous Register: 0.0 ms]
      [Humongous Reclaim: 0.0 ms]
      [Free CSet: 0.1 ms]
   [Eden: 8192.0K(307.0M)->0.0B(355.0M) Survivors: 44.0M->10.0M Heap: 1119.8M(2048.0M)->1123.8M(2048.0M)]
 [Times: user=0.38 sys=0.00, real=0.05 secs] 
2020-09-29T11:59:33.259+0200: 35.490: [GC concurrent-root-region-scan-start]
2020-09-29T11:59:33.261+0200: 35.492: [GC concurrent-root-region-scan-end, 0.0017450 secs]
2020-09-29T11:59:33.261+0200: 35.492: [GC concurrent-mark-start]
2020-09-29T11:59:33.264+0200: 35.495: [GC concurrent-mark-end, 0.0023164 secs]
2020-09-29T11:59:33.264+0200: 35.495: [GC remark 2020-09-29T11:59:33.264+0200: 35.495: [Finalize Marking, 0.0001741 secs] 2020-09-29T11:59:33.264+0200: 35.495: [GC ref-proc, 0.0002556 secs] 2020-09-29T11:59:33.264+0200: 35.495: [Unloading, 0.0003980 secs], 0.0010817 secs]
 [Times: user=0.00 sys=0.00, real=0.00 secs] 
2020-09-29T11:59:33.265+0200: 35.496: [GC cleanup 1134M->26M(2048M), 0.0009375 secs]
 [Times: user=0.00 sys=0.00, real=0.00 secs] 
2020-09-29T11:59:33.266+0200: 35.497: [GC concurrent-cleanup-start]
2020-09-29T11:59:33.267+0200: 35.498: [GC concurrent-cleanup-end, 0.0012909 secs]
2020-09-29T11:59:33.439+0200: 35.670: [GC pause (G1 Evacuation Pause) (young), 0.2019709 secs]
   [Parallel Time: 200.7 ms, GC Workers: 8]
      [GC Worker Start (ms): Min: 35669.9, Avg: 35670.0, Max: 35670.1, Diff: 0.2]
      [Ext Root Scanning (ms): Min: 0.0, Avg: 0.1, Max: 0.2, Diff: 0.2, Sum: 0.5]
      [Update RS (ms): Min: 13.5, Avg: 13.6, Max: 13.8, Diff: 0.3, Sum: 108.6]
         [Processed Buffers: Min: 15, Avg: 16.8, Max: 19, Diff: 4, Sum: 134]
      [Scan RS (ms): Min: 20.7, Avg: 20.9, Max: 21.1, Diff: 0.5, Sum: 167.4]
      [Code Root Scanning (ms): Min: 0.0, Avg: 0.0, Max: 0.0, Diff: 0.0, Sum: 0.0]
      [Object Copy (ms): Min: 165.4, Avg: 165.5, Max: 165.8, Diff: 0.5, Sum: 1324.3]
      [Termination (ms): Min: 0.0, Avg: 0.2, Max: 0.3, Diff: 0.3, Sum: 1.9]
         [Termination Attempts: Min: 1, Avg: 1528.8, Max: 2094, Diff: 2093, Sum: 12230]
      [GC Worker Other (ms): Min: 0.0, Avg: 0.1, Max: 0.2, Diff: 0.1, Sum: 0.6]
      [GC Worker Total (ms): Min: 200.3, Avg: 200.4, Max: 200.6, Diff: 0.3, Sum: 1603.4]
      [GC Worker End (ms): Min: 35870.4, Avg: 35870.4, Max: 35870.5, Diff: 0.1]
   [Code Root Fixup: 0.0 ms]
   [Code Root Purge: 0.0 ms]
   [Clear CT: 0.3 ms]
   [Other: 1.0 ms]
      [Choose CSet: 0.0 ms]
      [Ref Proc: 0.1 ms]
      [Ref Enq: 0.0 ms]
      [Redirty Cards: 0.4 ms]
      [Humongous Register: 0.0 ms]
      [Humongous Reclaim: 0.0 ms]
      [Free CSet: 0.2 ms]
   [Eden: 355.0M(355.0M)->0.0B(297.0M) Survivors: 10.0M->46.0M Heap: 431.5M(2048.0M)->424.0M(2048.0M)]
 [Times: user=1.49 sys=0.05, real=0.20 secs] 
2020-09-29T11:59:33.802+0200: 36.033: [GC pause (G1 Evacuation Pause) (young), 0.1688748 secs]
   [Parallel Time: 167.3 ms, GC Workers: 8]
      [GC Worker Start (ms): Min: 36033.4, Avg: 36033.5, Max: 36033.6, Diff: 0.2]
      [Ext Root Scanning (ms): Min: 0.0, Avg: 0.1, Max: 0.2, Diff: 0.2, Sum: 0.5]
      [Update RS (ms): Min: 13.8, Avg: 14.2, Max: 14.8, Diff: 1.0, Sum: 113.5]
         [Processed Buffers: Min: 14, Avg: 15.0, Max: 17, Diff: 3, Sum: 120]
      [Scan RS (ms): Min: 23.1, Avg: 23.8, Max: 24.2, Diff: 1.1, Sum: 190.1]
      [Code Root Scanning (ms): Min: 0.0, Avg: 0.0, Max: 0.0, Diff: 0.0, Sum: 0.0]
      [Object Copy (ms): Min: 128.9, Avg: 129.0, Max: 129.0, Diff: 0.1, Sum: 1031.9]
      [Termination (ms): Min: 0.0, Avg: 0.0, Max: 0.1, Diff: 0.1, Sum: 0.3]
         [Termination Attempts: Min: 1, Avg: 213.0, Max: 315, Diff: 314, Sum: 1704]
      [GC Worker Other (ms): Min: 0.0, Avg: 0.0, Max: 0.0, Diff: 0.0, Sum: 0.2]
      [GC Worker Total (ms): Min: 167.0, Avg: 167.1, Max: 167.2, Diff: 0.2, Sum: 1336.5]
      [GC Worker End (ms): Min: 36200.6, Avg: 36200.6, Max: 36200.6, Diff: 0.0]
   [Code Root Fixup: 0.0 ms]
   [Code Root Purge: 0.0 ms]
   [Clear CT: 0.6 ms]
   [Other: 1.0 ms]
      [Choose CSet: 0.0 ms]
      [Ref Proc: 0.1 ms]
      [Ref Enq: 0.0 ms]
      [Redirty Cards: 0.5 ms]
      [Humongous Register: 0.0 ms]
      [Humongous Reclaim: 0.0 ms]
      [Free CSet: 0.2 ms]
   [Eden: 297.0M(297.0M)->0.0B(293.0M) Survivors: 46.0M->43.0M Heap: 768.7M(2048.0M)->771.2M(2048.0M)]
 [Times: user=1.23 sys=0.00, real=0.17 secs] 
2020-09-29T11:59:34.127+0200: 36.358: [GC pause (G1 Evacuation Pause) (young), 0.1604061 secs]
   [Parallel Time: 159.3 ms, GC Workers: 8]
      [GC Worker Start (ms): Min: 36358.2, Avg: 36358.2, Max: 36358.3, Diff: 0.1]
      [Ext Root Scanning (ms): Min: 0.0, Avg: 0.1, Max: 0.1, Diff: 0.1, Sum: 0.6]
      [Update RS (ms): Min: 15.1, Avg: 15.3, Max: 15.7, Diff: 0.6, Sum: 122.4]
         [Processed Buffers: Min: 16, Avg: 17.9, Max: 19, Diff: 3, Sum: 143]
      [Scan RS (ms): Min: 17.4, Avg: 17.8, Max: 18.0, Diff: 0.6, Sum: 142.5]
      [Code Root Scanning (ms): Min: 0.0, Avg: 0.0, Max: 0.0, Diff: 0.0, Sum: 0.0]
      [Object Copy (ms): Min: 125.7, Avg: 125.8, Max: 125.8, Diff: 0.1, Sum: 1006.4]
      [Termination (ms): Min: 0.0, Avg: 0.0, Max: 0.0, Diff: 0.0, Sum: 0.0]
         [Termination Attempts: Min: 1, Avg: 29.5, Max: 40, Diff: 39, Sum: 236]
      [GC Worker Other (ms): Min: 0.0, Avg: 0.0, Max: 0.1, Diff: 0.1, Sum: 0.3]
      [GC Worker Total (ms): Min: 159.0, Avg: 159.0, Max: 159.1, Diff: 0.2, Sum: 1272.3]
      [GC Worker End (ms): Min: 36517.2, Avg: 36517.3, Max: 36517.3, Diff: 0.1]
   [Code Root Fixup: 0.0 ms]
   [Code Root Purge: 0.0 ms]
   [Clear CT: 0.2 ms]
   [Other: 0.9 ms]
      [Choose CSet: 0.0 ms]
      [Ref Proc: 0.2 ms]
      [Ref Enq: 0.0 ms]
      [Redirty Cards: 0.3 ms]
      [Humongous Register: 0.0 ms]
      [Humongous Reclaim: 0.0 ms]
      [Free CSet: 0.3 ms]
   [Eden: 293.0M(293.0M)->0.0B(302.0M) Survivors: 43.0M->42.0M Heap: 1113.8M(2048.0M)->1115.8M(2048.0M)]
 [Times: user=1.38 sys=0.00, real=0.16 secs] 
2020-09-29T11:59:34.299+0200: 36.530: [GC pause (G1 Humongous Allocation) (young) (initial-mark), 0.0528496 secs]
   [Parallel Time: 51.8 ms, GC Workers: 8]
      [GC Worker Start (ms): Min: 36530.3, Avg: 36530.4, Max: 36530.4, Diff: 0.2]
      [Ext Root Scanning (ms): Min: 0.0, Avg: 0.2, Max: 0.5, Diff: 0.5, Sum: 2.0]
      [Update RS (ms): Min: 29.7, Avg: 30.1, Max: 30.5, Diff: 0.8, Sum: 240.9]
         [Processed Buffers: Min: 38, Avg: 38.9, Max: 40, Diff: 2, Sum: 311]
      [Scan RS (ms): Min: 2.2, Avg: 2.5, Max: 2.7, Diff: 0.4, Sum: 19.8]
      [Code Root Scanning (ms): Min: 0.0, Avg: 0.0, Max: 0.0, Diff: 0.0, Sum: 0.0]
      [Object Copy (ms): Min: 18.7, Avg: 18.7, Max: 18.8, Diff: 0.1, Sum: 149.9]
      [Termination (ms): Min: 0.0, Avg: 0.0, Max: 0.0, Diff: 0.0, Sum: 0.1]
         [Termination Attempts: Min: 1, Avg: 93.3, Max: 125, Diff: 124, Sum: 746]
      [GC Worker Other (ms): Min: 0.0, Avg: 0.0, Max: 0.0, Diff: 0.0, Sum: 0.1]
      [GC Worker Total (ms): Min: 51.5, Avg: 51.6, Max: 51.7, Diff: 0.2, Sum: 412.8]
      [GC Worker End (ms): Min: 36581.9, Avg: 36582.0, Max: 36582.0, Diff: 0.0]
   [Code Root Fixup: 0.0 ms]
   [Code Root Purge: 0.0 ms]
   [Clear CT: 0.1 ms]
   [Other: 0.9 ms]
      [Choose CSet: 0.0 ms]
      [Ref Proc: 0.2 ms]
      [Ref Enq: 0.0 ms]
      [Redirty Cards: 0.4 ms]
      [Humongous Register: 0.0 ms]
      [Humongous Reclaim: 0.0 ms]
      [Free CSet: 0.1 ms]
   [Eden: 5120.0K(302.0M)->0.0B(351.0M) Survivors: 42.0M->7168.0K Heap: 1120.8M(2048.0M)->1125.3M(2048.0M)]
 [Times: user=0.50 sys=0.00, real=0.05 secs] 
2020-09-29T11:59:34.352+0200: 36.583: [GC concurrent-root-region-scan-start]
2020-09-29T11:59:34.353+0200: 36.584: [GC concurrent-root-region-scan-end, 0.0010196 secs]
2020-09-29T11:59:34.353+0200: 36.584: [GC concurrent-mark-start]
2020-09-29T11:59:34.356+0200: 36.587: [GC concurrent-mark-end, 0.0025837 secs]
2020-09-29T11:59:34.356+0200: 36.587: [GC remark 2020-09-29T11:59:34.356+0200: 36.587: [Finalize Marking, 0.0001808 secs] 2020-09-29T11:59:34.356+0200: 36.587: [GC ref-proc, 0.0002893 secs] 2020-09-29T11:59:34.356+0200: 36.587: [Unloading, 0.0004639 secs], 0.0012468 secs]
 [Times: user=0.00 sys=0.00, real=0.00 secs] 
2020-09-29T11:59:34.358+0200: 36.589: [GC cleanup 1135M->22M(2048M), 0.0011090 secs]
 [Times: user=0.00 sys=0.00, real=0.00 secs] 
2020-09-29T11:59:34.359+0200: 36.590: [GC concurrent-cleanup-start]
2020-09-29T11:59:34.360+0200: 36.591: [GC concurrent-cleanup-end, 0.0014057 secs]
2020-09-29T11:59:34.526+0200: 36.757: [GC pause (G1 Evacuation Pause) (young), 0.1663318 secs]
   [Parallel Time: 165.1 ms, GC Workers: 8]
      [GC Worker Start (ms): Min: 36756.8, Avg: 36757.0, Max: 36757.0, Diff: 0.2]
      [Ext Root Scanning (ms): Min: 0.0, Avg: 0.1, Max: 0.2, Diff: 0.2, Sum: 0.5]
      [Update RS (ms): Min: 14.6, Avg: 14.7, Max: 15.0, Diff: 0.4, Sum: 117.8]
         [Processed Buffers: Min: 15, Avg: 17.4, Max: 21, Diff: 6, Sum: 139]
      [Scan RS (ms): Min: 18.0, Avg: 18.2, Max: 18.3, Diff: 0.4, Sum: 145.4]
      [Code Root Scanning (ms): Min: 0.0, Avg: 0.0, Max: 0.0, Diff: 0.0, Sum: 0.0]
      [Object Copy (ms): Min: 131.7, Avg: 131.8, Max: 131.9, Diff: 0.2, Sum: 1054.5]
      [Termination (ms): Min: 0.0, Avg: 0.0, Max: 0.0, Diff: 0.0, Sum: 0.0]
         [Termination Attempts: Min: 1, Avg: 7.5, Max: 14, Diff: 13, Sum: 60]
      [GC Worker Other (ms): Min: 0.0, Avg: 0.0, Max: 0.1, Diff: 0.1, Sum: 0.3]
      [GC Worker Total (ms): Min: 164.7, Avg: 164.8, Max: 165.0, Diff: 0.2, Sum: 1318.5]
      [GC Worker End (ms): Min: 36921.8, Avg: 36921.8, Max: 36921.8, Diff: 0.0]
   [Code Root Fixup: 0.0 ms]
   [Code Root Purge: 0.0 ms]
   [Clear CT: 0.2 ms]
   [Other: 1.1 ms]
      [Choose CSet: 0.0 ms]
      [Ref Proc: 0.2 ms]
      [Ref Enq: 0.0 ms]
      [Redirty Cards: 0.2 ms]
      [Humongous Register: 0.0 ms]
      [Humongous Reclaim: 0.0 ms]
      [Free CSet: 0.3 ms]
   [Eden: 351.0M(351.0M)->0.0B(322.0M) Survivors: 7168.0K->45.0M Heap: 422.6M(2048.0M)->417.6M(2048.0M)]
 [Times: user=1.25 sys=0.00, real=0.17 secs] 
2020-09-29T11:59:34.921+0200: 37.152: [GC pause (G1 Evacuation Pause) (young), 0.3229825 secs]
   [Parallel Time: 319.9 ms, GC Workers: 8]
      [GC Worker Start (ms): Min: 37152.5, Avg: 37152.7, Max: 37152.8, Diff: 0.3]
      [Ext Root Scanning (ms): Min: 0.0, Avg: 0.1, Max: 0.2, Diff: 0.2, Sum: 0.8]
      [Update RS (ms): Min: 27.8, Avg: 28.3, Max: 29.1, Diff: 1.3, Sum: 226.1]
         [Processed Buffers: Min: 18, Avg: 19.9, Max: 22, Diff: 4, Sum: 159]
      [Scan RS (ms): Min: 30.7, Avg: 32.2, Max: 36.0, Diff: 5.3, Sum: 257.7]
      [Code Root Scanning (ms): Min: 0.0, Avg: 0.0, Max: 0.0, Diff: 0.0, Sum: 0.0]
      [Object Copy (ms): Min: 255.5, Avg: 258.8, Max: 259.4, Diff: 4.0, Sum: 2070.5]
      [Termination (ms): Min: 0.0, Avg: 0.1, Max: 0.2, Diff: 0.2, Sum: 1.0]
         [Termination Attempts: Min: 1, Avg: 513.6, Max: 659, Diff: 658, Sum: 4109]
      [GC Worker Other (ms): Min: 0.0, Avg: 0.1, Max: 0.1, Diff: 0.1, Sum: 0.6]
      [GC Worker Total (ms): Min: 319.5, Avg: 319.6, Max: 319.8, Diff: 0.3, Sum: 2556.7]
      [GC Worker End (ms): Min: 37472.2, Avg: 37472.3, Max: 37472.3, Diff: 0.1]
   [Code Root Fixup: 0.0 ms]
   [Code Root Purge: 0.0 ms]
   [Clear CT: 0.3 ms]
   [Other: 2.8 ms]
      [Choose CSet: 0.0 ms]
      [Ref Proc: 0.8 ms]
      [Ref Enq: 0.0 ms]
      [Redirty Cards: 1.2 ms]
      [Humongous Register: 0.1 ms]
      [Humongous Reclaim: 0.0 ms]
      [Free CSet: 0.4 ms]
   [Eden: 322.0M(322.0M)->0.0B(181.0M) Survivors: 45.0M->46.0M Heap: 793.0M(2048.0M)->795.0M(2048.0M)]
 [Times: user=2.47 sys=0.06, real=0.32 secs] 
2020-09-29T11:59:35.421+0200: 37.652: [GC pause (G1 Evacuation Pause) (young), 0.1961391 secs]
   [Parallel Time: 194.9 ms, GC Workers: 8]
      [GC Worker Start (ms): Min: 37652.0, Avg: 37652.1, Max: 37652.2, Diff: 0.2]
      [Ext Root Scanning (ms): Min: 0.0, Avg: 0.1, Max: 0.2, Diff: 0.2, Sum: 0.7]
      [Update RS (ms): Min: 26.2, Avg: 26.4, Max: 26.7, Diff: 0.6, Sum: 211.4]
         [Processed Buffers: Min: 15, Avg: 17.1, Max: 19, Diff: 4, Sum: 137]
      [Scan RS (ms): Min: 21.1, Avg: 21.8, Max: 24.2, Diff: 3.1, Sum: 174.3]
      [Code Root Scanning (ms): Min: 0.0, Avg: 0.0, Max: 0.0, Diff: 0.0, Sum: 0.0]
      [Object Copy (ms): Min: 144.2, Avg: 146.3, Max: 146.7, Diff: 2.5, Sum: 1170.4]
      [Termination (ms): Min: 0.0, Avg: 0.0, Max: 0.0, Diff: 0.0, Sum: 0.1]
         [Termination Attempts: Min: 1, Avg: 62.8, Max: 85, Diff: 84, Sum: 502]
      [GC Worker Other (ms): Min: 0.0, Avg: 0.1, Max: 0.1, Diff: 0.1, Sum: 0.5]
      [GC Worker Total (ms): Min: 194.6, Avg: 194.7, Max: 194.8, Diff: 0.2, Sum: 1557.4]
      [GC Worker End (ms): Min: 37846.8, Avg: 37846.8, Max: 37846.9, Diff: 0.1]
   [Code Root Fixup: 0.0 ms]
   [Code Root Purge: 0.0 ms]
   [Clear CT: 0.2 ms]
   [Other: 1.0 ms]
      [Choose CSet: 0.0 ms]
      [Ref Proc: 0.2 ms]
      [Ref Enq: 0.0 ms]
      [Redirty Cards: 0.2 ms]
      [Humongous Register: 0.1 ms]
      [Humongous Reclaim: 0.0 ms]
      [Free CSet: 0.3 ms]
   [Eden: 181.0M(181.0M)->0.0B(160.0M) Survivors: 46.0M->29.0M Heap: 1006.6M(2048.0M)->1009.1M(2048.0M)]
 [Times: user=1.53 sys=0.03, real=0.20 secs] 
2020-09-29T11:59:35.624+0200: 37.855: [GC pause (G1 Humongous Allocation) (young) (initial-mark), 0.0829788 secs]
   [Parallel Time: 81.7 ms, GC Workers: 8]
      [GC Worker Start (ms): Min: 37855.6, Avg: 37855.6, Max: 37855.7, Diff: 0.1]
      [Ext Root Scanning (ms): Min: 0.1, Avg: 0.1, Max: 0.2, Diff: 0.1, Sum: 1.1]
      [Update RS (ms): Min: 39.4, Avg: 39.7, Max: 40.4, Diff: 1.1, Sum: 317.9]
         [Processed Buffers: Min: 31, Avg: 31.5, Max: 32, Diff: 1, Sum: 252]
      [Scan RS (ms): Min: 0.5, Avg: 1.1, Max: 1.5, Diff: 1.0, Sum: 8.9]
      [Code Root Scanning (ms): Min: 0.0, Avg: 0.0, Max: 0.0, Diff: 0.0, Sum: 0.0]
      [Object Copy (ms): Min: 40.4, Avg: 40.4, Max: 40.5, Diff: 0.1, Sum: 323.5]
      [Termination (ms): Min: 0.0, Avg: 0.0, Max: 0.0, Diff: 0.0, Sum: 0.2]
         [Termination Attempts: Min: 1, Avg: 76.9, Max: 96, Diff: 95, Sum: 615]
      [GC Worker Other (ms): Min: 0.0, Avg: 0.0, Max: 0.0, Diff: 0.0, Sum: 0.2]
      [GC Worker Total (ms): Min: 81.4, Avg: 81.5, Max: 81.5, Diff: 0.1, Sum: 651.7]
      [GC Worker End (ms): Min: 37937.1, Avg: 37937.1, Max: 37937.1, Diff: 0.0]
   [Code Root Fixup: 0.0 ms]
   [Code Root Purge: 0.0 ms]
   [Clear CT: 0.3 ms]
   [Other: 1.0 ms]
      [Choose CSet: 0.0 ms]
      [Ref Proc: 0.3 ms]
      [Ref Enq: 0.0 ms]
      [Redirty Cards: 0.3 ms]
      [Humongous Register: 0.1 ms]
      [Humongous Reclaim: 0.0 ms]
      [Free CSet: 0.1 ms]
   [Eden: 5120.0K(160.0M)->0.0B(137.0M) Survivors: 29.0M->7168.0K Heap: 1013.6M(2048.0M)->1016.6M(2048.0M)]
 [Times: user=0.59 sys=0.02, real=0.08 secs] 
2020-09-29T11:59:35.707+0200: 37.939: [GC concurrent-root-region-scan-start]
2020-09-29T11:59:35.709+0200: 37.940: [GC concurrent-root-region-scan-end, 0.0015312 secs]
2020-09-29T11:59:35.709+0200: 37.940: [GC concurrent-mark-start]
2020-09-29T11:59:35.713+0200: 37.944: [GC concurrent-mark-end, 0.0038475 secs]
2020-09-29T11:59:35.713+0200: 37.944: [GC remark 2020-09-29T11:59:35.713+0200: 37.944: [Finalize Marking, 0.0001983 secs] 2020-09-29T11:59:35.713+0200: 37.945: [GC ref-proc, 0.0004605 secs] 2020-09-29T11:59:35.714+0200: 37.945: [Unloading, 0.0006998 secs], 0.0019194 secs]
 [Times: user=0.00 sys=0.00, real=0.00 secs] 
2020-09-29T11:59:35.716+0200: 37.947: [GC cleanup 1025M->21M(2048M), 0.0020849 secs]
 [Times: user=0.00 sys=0.00, real=0.00 secs] 
2020-09-29T11:59:35.718+0200: 37.949: [GC concurrent-cleanup-start]
2020-09-29T11:59:35.720+0200: 37.951: [GC concurrent-cleanup-end, 0.0020837 secs]
2020-09-29T11:59:35.824+0200: 38.056: [GC pause (G1 Evacuation Pause) (young), 0.1366411 secs]
   [Parallel Time: 135.2 ms, GC Workers: 8]
      [GC Worker Start (ms): Min: 38055.7, Avg: 38055.8, Max: 38055.9, Diff: 0.2]
      [Ext Root Scanning (ms): Min: 0.0, Avg: 0.1, Max: 0.2, Diff: 0.2, Sum: 0.8]
      [Update RS (ms): Min: 25.4, Avg: 26.0, Max: 26.6, Diff: 1.1, Sum: 207.8]
         [Processed Buffers: Min: 9, Avg: 15.3, Max: 17, Diff: 8, Sum: 122]
      [Scan RS (ms): Min: 7.2, Avg: 7.9, Max: 8.4, Diff: 1.2, Sum: 62.9]
      [Code Root Scanning (ms): Min: 0.0, Avg: 0.0, Max: 0.0, Diff: 0.0, Sum: 0.0]
      [Object Copy (ms): Min: 100.8, Avg: 100.8, Max: 100.9, Diff: 0.2, Sum: 806.6]
      [Termination (ms): Min: 0.0, Avg: 0.1, Max: 0.2, Diff: 0.2, Sum: 0.9]
         [Termination Attempts: Min: 1, Avg: 462.0, Max: 645, Diff: 644, Sum: 3696]
      [GC Worker Other (ms): Min: 0.0, Avg: 0.0, Max: 0.1, Diff: 0.0, Sum: 0.2]
      [GC Worker Total (ms): Min: 134.8, Avg: 134.9, Max: 135.0, Diff: 0.2, Sum: 1079.2]
      [GC Worker End (ms): Min: 38190.7, Avg: 38190.7, Max: 38190.8, Diff: 0.0]
   [Code Root Fixup: 0.0 ms]
   [Code Root Purge: 0.0 ms]
   [Clear CT: 0.3 ms]
   [Other: 1.1 ms]
      [Choose CSet: 0.0 ms]
      [Ref Proc: 0.3 ms]
      [Ref Enq: 0.0 ms]
      [Redirty Cards: 0.3 ms]
      [Humongous Register: 0.1 ms]
      [Humongous Reclaim: 0.0 ms]
      [Free CSet: 0.2 ms]
   [Eden: 137.0M(137.0M)->0.0B(132.0M) Survivors: 7168.0K->18.0M Heap: 172.4M(2048.0M)->167.4M(2048.0M)]
 [Times: user=1.11 sys=0.00, real=0.14 secs] 
2020-09-29T11:59:36.067+0200: 38.298: [GC pause (G1 Evacuation Pause) (young), 0.1263428 secs]
   [Parallel Time: 124.1 ms, GC Workers: 8]
      [GC Worker Start (ms): Min: 38298.7, Avg: 38298.8, Max: 38299.1, Diff: 0.5]
      [Ext Root Scanning (ms): Min: 0.0, Avg: 0.1, Max: 0.2, Diff: 0.2, Sum: 0.9]
      [Update RS (ms): Min: 18.8, Avg: 19.1, Max: 20.0, Diff: 1.2, Sum: 153.0]
         [Processed Buffers: Min: 12, Avg: 13.8, Max: 16, Diff: 4, Sum: 110]
      [Scan RS (ms): Min: 7.8, Avg: 8.5, Max: 9.0, Diff: 1.2, Sum: 68.3]
      [Code Root Scanning (ms): Min: 0.0, Avg: 0.0, Max: 0.0, Diff: 0.0, Sum: 0.0]
      [Object Copy (ms): Min: 95.7, Avg: 95.9, Max: 96.1, Diff: 0.3, Sum: 767.3]
      [Termination (ms): Min: 0.0, Avg: 0.0, Max: 0.0, Diff: 0.0, Sum: 0.2]
         [Termination Attempts: Min: 1, Avg: 110.5, Max: 153, Diff: 152, Sum: 884]
      [GC Worker Other (ms): Min: 0.0, Avg: 0.0, Max: 0.1, Diff: 0.0, Sum: 0.3]
      [GC Worker Total (ms): Min: 123.4, Avg: 123.8, Max: 123.9, Diff: 0.5, Sum: 990.1]
      [GC Worker End (ms): Min: 38422.5, Avg: 38422.6, Max: 38422.6, Diff: 0.0]
   [Code Root Fixup: 0.0 ms]
   [Code Root Purge: 0.0 ms]
   [Clear CT: 0.8 ms]
   [Other: 1.4 ms]
      [Choose CSet: 0.0 ms]
      [Ref Proc: 0.2 ms]
      [Ref Enq: 0.0 ms]
      [Redirty Cards: 0.7 ms]
      [Humongous Register: 0.1 ms]
      [Humongous Reclaim: 0.0 ms]
      [Free CSet: 0.1 ms]
   [Eden: 132.0M(132.0M)->0.0B(149.0M) Survivors: 18.0M->19.0M Heap: 322.3M(2048.0M)->324.3M(2048.0M)]
 [Times: user=0.95 sys=0.00, real=0.13 secs] 
2020-09-29T11:59:36.316+0200: 38.547: [GC pause (G1 Evacuation Pause) (young), 0.1767650 secs]
   [Parallel Time: 175.5 ms, GC Workers: 8]
      [GC Worker Start (ms): Min: 38547.6, Avg: 38547.7, Max: 38547.8, Diff: 0.2]
      [Ext Root Scanning (ms): Min: 0.0, Avg: 0.1, Max: 0.2, Diff: 0.2, Sum: 0.9]
      [Update RS (ms): Min: 19.2, Avg: 19.5, Max: 19.8, Diff: 0.6, Sum: 155.8]
         [Processed Buffers: Min: 12, Avg: 13.9, Max: 17, Diff: 5, Sum: 111]
      [Scan RS (ms): Min: 11.0, Avg: 11.6, Max: 13.1, Diff: 2.1, Sum: 92.5]
      [Code Root Scanning (ms): Min: 0.0, Avg: 0.0, Max: 0.0, Diff: 0.0, Sum: 0.0]
      [Object Copy (ms): Min: 142.5, Avg: 143.8, Max: 144.2, Diff: 1.6, Sum: 1150.6]
      [Termination (ms): Min: 0.0, Avg: 0.1, Max: 0.2, Diff: 0.2, Sum: 1.1]
         [Termination Attempts: Min: 1, Avg: 563.1, Max: 730, Diff: 729, Sum: 4505]
      [GC Worker Other (ms): Min: 0.0, Avg: 0.0, Max: 0.1, Diff: 0.1, Sum: 0.3]
      [GC Worker Total (ms): Min: 175.0, Avg: 175.1, Max: 175.2, Diff: 0.2, Sum: 1401.1]
      [GC Worker End (ms): Min: 38722.8, Avg: 38722.8, Max: 38722.8, Diff: 0.1]
   [Code Root Fixup: 0.0 ms]
   [Code Root Purge: 0.0 ms]
   [Clear CT: 0.3 ms]
   [Other: 1.0 ms]
      [Choose CSet: 0.0 ms]
      [Ref Proc: 0.2 ms]
      [Ref Enq: 0.0 ms]
      [Redirty Cards: 0.3 ms]
      [Humongous Register: 0.0 ms]
      [Humongous Reclaim: 0.0 ms]
      [Free CSet: 0.2 ms]
   [Eden: 149.0M(149.0M)->0.0B(146.0M) Survivors: 19.0M->21.0M Heap: 498.1M(2048.0M)->499.6M(2048.0M)]
 [Times: user=1.39 sys=0.00, real=0.18 secs] 
2020-09-29T11:59:36.611+0200: 38.842: [GC pause (G1 Evacuation Pause) (young), 0.1422940 secs]
   [Parallel Time: 140.6 ms, GC Workers: 8]
      [GC Worker Start (ms): Min: 38842.1, Avg: 38842.2, Max: 38842.3, Diff: 0.1]
      [Ext Root Scanning (ms): Min: 0.0, Avg: 0.1, Max: 0.2, Diff: 0.1, Sum: 0.9]
      [Update RS (ms): Min: 26.1, Avg: 26.3, Max: 26.7, Diff: 0.6, Sum: 210.4]
         [Processed Buffers: Min: 16, Avg: 18.9, Max: 22, Diff: 6, Sum: 151]
      [Scan RS (ms): Min: 6.5, Avg: 6.8, Max: 7.0, Diff: 0.5, Sum: 54.4]
      [Code Root Scanning (ms): Min: 0.0, Avg: 0.0, Max: 0.0, Diff: 0.0, Sum: 0.0]
      [Object Copy (ms): Min: 107.0, Avg: 107.1, Max: 107.1, Diff: 0.2, Sum: 856.5]
      [Termination (ms): Min: 0.0, Avg: 0.0, Max: 0.0, Diff: 0.0, Sum: 0.1]
         [Termination Attempts: Min: 1, Avg: 16.9, Max: 26, Diff: 25, Sum: 135]
      [GC Worker Other (ms): Min: 0.0, Avg: 0.0, Max: 0.1, Diff: 0.1, Sum: 0.4]
      [GC Worker Total (ms): Min: 140.2, Avg: 140.3, Max: 140.5, Diff: 0.2, Sum: 1122.6]
      [GC Worker End (ms): Min: 38982.5, Avg: 38982.5, Max: 38982.6, Diff: 0.1]
   [Code Root Fixup: 0.0 ms]
   [Code Root Purge: 0.0 ms]
   [Clear CT: 0.6 ms]
   [Other: 1.1 ms]
      [Choose CSet: 0.0 ms]
      [Ref Proc: 0.2 ms]
      [Ref Enq: 0.0 ms]
      [Redirty Cards: 0.4 ms]
      [Humongous Register: 0.1 ms]
      [Humongous Reclaim: 0.0 ms]
      [Free CSet: 0.2 ms]
   [Eden: 146.0M(146.0M)->0.0B(162.0M) Survivors: 21.0M->21.0M Heap: 670.4M(2048.0M)->672.4M(2048.0M)]
 [Times: user=1.13 sys=0.00, real=0.14 secs] 
2020-09-29T11:59:36.885+0200: 39.117: [GC pause (G1 Evacuation Pause) (young), 0.1477162 secs]
   [Parallel Time: 146.5 ms, GC Workers: 8]
      [GC Worker Start (ms): Min: 39116.8, Avg: 39116.9, Max: 39117.0, Diff: 0.2]
      [Ext Root Scanning (ms): Min: 0.0, Avg: 0.1, Max: 0.2, Diff: 0.2, Sum: 0.8]
      [Update RS (ms): Min: 19.6, Avg: 19.8, Max: 20.3, Diff: 0.7, Sum: 158.2]
         [Processed Buffers: Min: 13, Avg: 14.6, Max: 18, Diff: 5, Sum: 117]
      [Scan RS (ms): Min: 11.1, Avg: 11.7, Max: 11.9, Diff: 0.8, Sum: 93.6]
      [Code Root Scanning (ms): Min: 0.0, Avg: 0.0, Max: 0.0, Diff: 0.0, Sum: 0.0]
      [Object Copy (ms): Min: 114.5, Avg: 114.6, Max: 114.7, Diff: 0.2, Sum: 916.8]
      [Termination (ms): Min: 0.0, Avg: 0.0, Max: 0.0, Diff: 0.0, Sum: 0.2]
         [Termination Attempts: Min: 1, Avg: 95.9, Max: 126, Diff: 125, Sum: 767]
      [GC Worker Other (ms): Min: 0.0, Avg: 0.0, Max: 0.1, Diff: 0.0, Sum: 0.2]
      [GC Worker Total (ms): Min: 146.1, Avg: 146.2, Max: 146.3, Diff: 0.2, Sum: 1169.8]
      [GC Worker End (ms): Min: 39263.1, Avg: 39263.1, Max: 39263.1, Diff: 0.0]
   [Code Root Fixup: 0.0 ms]
   [Code Root Purge: 0.0 ms]
   [Clear CT: 0.2 ms]
   [Other: 1.0 ms]
      [Choose CSet: 0.0 ms]
      [Ref Proc: 0.2 ms]
      [Ref Enq: 0.0 ms]
      [Redirty Cards: 0.4 ms]
      [Humongous Register: 0.1 ms]
      [Humongous Reclaim: 0.0 ms]
      [Free CSet: 0.2 ms]
   [Eden: 162.0M(162.0M)->0.0B(171.0M) Survivors: 21.0M->23.0M Heap: 861.1M(2048.0M)->863.1M(2048.0M)]
 [Times: user=1.13 sys=0.00, real=0.15 secs] 
2020-09-29T11:59:37.171+0200: 39.402: [GC pause (G1 Evacuation Pause) (young), 0.1639681 secs]
   [Parallel Time: 162.5 ms, GC Workers: 8]
      [GC Worker Start (ms): Min: 39402.3, Avg: 39402.4, Max: 39402.5, Diff: 0.2]
      [Ext Root Scanning (ms): Min: 0.0, Avg: 0.1, Max: 0.2, Diff: 0.2, Sum: 1.0]
      [Update RS (ms): Min: 25.6, Avg: 26.0, Max: 26.6, Diff: 1.0, Sum: 208.0]
         [Processed Buffers: Min: 16, Avg: 18.6, Max: 22, Diff: 6, Sum: 149]
      [Scan RS (ms): Min: 9.4, Avg: 10.0, Max: 10.4, Diff: 1.0, Sum: 79.9]
      [Code Root Scanning (ms): Min: 0.0, Avg: 0.0, Max: 0.0, Diff: 0.0, Sum: 0.0]
      [Object Copy (ms): Min: 125.9, Avg: 125.9, Max: 126.0, Diff: 0.1, Sum: 1007.3]
      [Termination (ms): Min: 0.0, Avg: 0.1, Max: 0.1, Diff: 0.1, Sum: 0.5]
         [Termination Attempts: Min: 1, Avg: 228.4, Max: 314, Diff: 313, Sum: 1827]
      [GC Worker Other (ms): Min: 0.0, Avg: 0.0, Max: 0.1, Diff: 0.1, Sum: 0.3]
      [GC Worker Total (ms): Min: 162.0, Avg: 162.1, Max: 162.3, Diff: 0.2, Sum: 1297.1]
      [GC Worker End (ms): Min: 39564.6, Avg: 39564.6, Max: 39564.6, Diff: 0.1]
   [Code Root Fixup: 0.0 ms]
   [Code Root Purge: 0.0 ms]
   [Clear CT: 0.3 ms]
   [Other: 1.2 ms]
      [Choose CSet: 0.0 ms]
      [Ref Proc: 0.2 ms]
      [Ref Enq: 0.0 ms]
      [Redirty Cards: 0.5 ms]
      [Humongous Register: 0.1 ms]
      [Humongous Reclaim: 0.0 ms]
      [Free CSet: 0.2 ms]
   [Eden: 171.0M(171.0M)->0.0B(176.0M) Survivors: 23.0M->25.0M Heap: 1062.7M(2048.0M)->1064.7M(2048.0M)]
 [Times: user=1.36 sys=0.02, real=0.16 secs] 
2020-09-29T11:59:37.346+0200: 39.577: [GC pause (G1 Humongous Allocation) (young) (initial-mark), 0.0581541 secs]
   [Parallel Time: 56.8 ms, GC Workers: 8]
      [GC Worker Start (ms): Min: 39577.5, Avg: 39577.6, Max: 39577.8, Diff: 0.3]
      [Ext Root Scanning (ms): Min: 0.0, Avg: 0.9, Max: 4.6, Diff: 4.6, Sum: 7.4]
      [Update RS (ms): Min: 26.7, Avg: 30.7, Max: 32.0, Diff: 5.3, Sum: 245.6]
         [Processed Buffers: Min: 22, Avg: 24.3, Max: 27, Diff: 5, Sum: 194]
      [Scan RS (ms): Min: 1.9, Avg: 2.5, Max: 3.1, Diff: 1.2, Sum: 20.3]
      [Code Root Scanning (ms): Min: 0.0, Avg: 0.0, Max: 0.0, Diff: 0.0, Sum: 0.0]
      [Object Copy (ms): Min: 22.2, Avg: 22.2, Max: 22.3, Diff: 0.2, Sum: 178.0]
      [Termination (ms): Min: 0.0, Avg: 0.0, Max: 0.0, Diff: 0.0, Sum: 0.2]
         [Termination Attempts: Min: 1, Avg: 76.6, Max: 105, Diff: 104, Sum: 613]
      [GC Worker Other (ms): Min: 0.0, Avg: 0.0, Max: 0.0, Diff: 0.0, Sum: 0.2]
      [GC Worker Total (ms): Min: 56.3, Avg: 56.5, Max: 56.6, Diff: 0.2, Sum: 451.7]
      [GC Worker End (ms): Min: 39634.1, Avg: 39634.1, Max: 39634.1, Diff: 0.0]
   [Code Root Fixup: 0.0 ms]
   [Code Root Purge: 0.0 ms]
   [Clear CT: 0.3 ms]
   [Other: 1.1 ms]
      [Choose CSet: 0.0 ms]
      [Ref Proc: 0.3 ms]
      [Ref Enq: 0.0 ms]
      [Redirty Cards: 0.3 ms]
      [Humongous Register: 0.1 ms]
      [Humongous Reclaim: 0.0 ms]
      [Free CSet: 0.1 ms]
   [Eden: 8192.0K(176.0M)->0.0B(202.0M) Survivors: 25.0M->9216.0K Heap: 1072.2M(2048.0M)->1075.7M(2048.0M)]
 [Times: user=0.47 sys=0.00, real=0.06 secs] 
2020-09-29T11:59:37.405+0200: 39.636: [GC concurrent-root-region-scan-start]
2020-09-29T11:59:37.407+0200: 39.638: [GC concurrent-root-region-scan-end, 0.0025327 secs]
2020-09-29T11:59:37.407+0200: 39.638: [GC concurrent-mark-start]
2020-09-29T11:59:37.412+0200: 39.643: [GC concurrent-mark-end, 0.0052814 secs]
2020-09-29T11:59:37.413+0200: 39.644: [GC remark 2020-09-29T11:59:37.413+0200: 39.644: [Finalize Marking, 0.0002453 secs] 2020-09-29T11:59:37.413+0200: 39.644: [GC ref-proc, 0.0004463 secs] 2020-09-29T11:59:37.414+0200: 39.645: [Unloading, 0.0007048 secs], 0.0018151 secs]
 [Times: user=0.00 sys=0.00, real=0.00 secs] 
2020-09-29T11:59:37.415+0200: 39.646: [GC cleanup 1087M->26M(2048M), 0.0018322 secs]
 [Times: user=0.00 sys=0.00, real=0.00 secs] 
2020-09-29T11:59:37.417+0200: 39.648: [GC concurrent-cleanup-start]
2020-09-29T11:59:37.419+0200: 39.650: [GC concurrent-cleanup-end, 0.0020797 secs]
2020-09-29T11:59:37.572+0200: 39.804: [GC pause (G1 Evacuation Pause) (young), 0.1588153 secs]
   [Parallel Time: 157.6 ms, GC Workers: 8]
      [GC Worker Start (ms): Min: 39803.7, Avg: 39803.8, Max: 39803.9, Diff: 0.2]
      [Ext Root Scanning (ms): Min: 0.0, Avg: 0.1, Max: 0.2, Diff: 0.2, Sum: 0.8]
      [Update RS (ms): Min: 14.7, Avg: 15.0, Max: 15.4, Diff: 0.7, Sum: 120.3]
         [Processed Buffers: Min: 11, Avg: 11.5, Max: 13, Diff: 2, Sum: 92]
      [Scan RS (ms): Min: 14.2, Avg: 14.6, Max: 14.9, Diff: 0.7, Sum: 116.9]
      [Code Root Scanning (ms): Min: 0.0, Avg: 0.0, Max: 0.0, Diff: 0.0, Sum: 0.0]
      [Object Copy (ms): Min: 127.5, Avg: 127.5, Max: 127.6, Diff: 0.1, Sum: 1020.3]
      [Termination (ms): Min: 0.0, Avg: 0.0, Max: 0.0, Diff: 0.0, Sum: 0.1]
         [Termination Attempts: Min: 1, Avg: 70.0, Max: 89, Diff: 88, Sum: 560]
      [GC Worker Other (ms): Min: 0.0, Avg: 0.0, Max: 0.1, Diff: 0.1, Sum: 0.3]
      [GC Worker Total (ms): Min: 157.3, Avg: 157.3, Max: 157.4, Diff: 0.2, Sum: 1258.8]
      [GC Worker End (ms): Min: 39961.1, Avg: 39961.2, Max: 39961.2, Diff: 0.1]
   [Code Root Fixup: 0.0 ms]
   [Code Root Purge: 0.0 ms]
   [Clear CT: 0.2 ms]
   [Other: 1.0 ms]
      [Choose CSet: 0.0 ms]
      [Ref Proc: 0.2 ms]
      [Ref Enq: 0.0 ms]
      [Redirty Cards: 0.3 ms]
      [Humongous Register: 0.1 ms]
      [Humongous Reclaim: 0.0 ms]
      [Free CSet: 0.2 ms]
   [Eden: 202.0M(202.0M)->0.0B(190.0M) Survivors: 9216.0K->27.0M Heap: 251.3M(2048.0M)->244.3M(2048.0M)]
 [Times: user=1.25 sys=0.00, real=0.16 secs] 
2020-09-29T11:59:37.884+0200: 40.115: [GC pause (G1 Evacuation Pause) (young), 0.1770086 secs]
   [Parallel Time: 174.9 ms, GC Workers: 8]
      [GC Worker Start (ms): Min: 40114.9, Avg: 40115.0, Max: 40115.1, Diff: 0.3]
      [Ext Root Scanning (ms): Min: 0.0, Avg: 0.1, Max: 0.2, Diff: 0.2, Sum: 0.7]
      [Update RS (ms): Min: 20.5, Avg: 20.7, Max: 21.0, Diff: 0.4, Sum: 165.8]
         [Processed Buffers: Min: 14, Avg: 15.1, Max: 18, Diff: 4, Sum: 121]
      [Scan RS (ms): Min: 15.1, Avg: 16.2, Max: 23.0, Diff: 7.8, Sum: 129.6]
      [Code Root Scanning (ms): Min: 0.0, Avg: 0.0, Max: 0.0, Diff: 0.0, Sum: 0.0]
      [Object Copy (ms): Min: 130.9, Avg: 137.6, Max: 138.7, Diff: 7.8, Sum: 1100.6]
      [Termination (ms): Min: 0.0, Avg: 0.0, Max: 0.0, Diff: 0.0, Sum: 0.0]
         [Termination Attempts: Min: 1, Avg: 3.5, Max: 8, Diff: 7, Sum: 28]
      [GC Worker Other (ms): Min: 0.0, Avg: 0.0, Max: 0.1, Diff: 0.1, Sum: 0.4]
      [GC Worker Total (ms): Min: 174.5, Avg: 174.6, Max: 174.8, Diff: 0.2, Sum: 1397.0]
      [GC Worker End (ms): Min: 40289.6, Avg: 40289.7, Max: 40289.7, Diff: 0.1]
   [Code Root Fixup: 0.0 ms]
   [Code Root Purge: 0.0 ms]
   [Clear CT: 0.8 ms]
   [Other: 1.3 ms]
      [Choose CSet: 0.0 ms]
      [Ref Proc: 0.2 ms]
      [Ref Enq: 0.0 ms]
      [Redirty Cards: 0.6 ms]
      [Humongous Register: 0.0 ms]
      [Humongous Reclaim: 0.0 ms]
      [Free CSet: 0.2 ms]
   [Eden: 190.0M(190.0M)->0.0B(187.0M) Survivors: 27.0M->28.0M Heap: 466.8M(2048.0M)->468.8M(2048.0M)]
 [Times: user=1.34 sys=0.00, real=0.18 secs] 
2020-09-29T11:59:38.212+0200: 40.444: [GC pause (G1 Evacuation Pause) (young), 0.1756076 secs]
   [Parallel Time: 174.0 ms, GC Workers: 8]
      [GC Worker Start (ms): Min: 40443.9, Avg: 40444.0, Max: 40444.1, Diff: 0.2]
      [Ext Root Scanning (ms): Min: 0.0, Avg: 0.1, Max: 0.2, Diff: 0.2, Sum: 0.8]
      [Update RS (ms): Min: 18.1, Avg: 18.5, Max: 19.3, Diff: 1.2, Sum: 147.7]
         [Processed Buffers: Min: 12, Avg: 13.5, Max: 15, Diff: 3, Sum: 108]
      [Scan RS (ms): Min: 14.1, Avg: 15.1, Max: 15.5, Diff: 1.3, Sum: 120.4]
      [Code Root Scanning (ms): Min: 0.0, Avg: 0.0, Max: 0.0, Diff: 0.0, Sum: 0.0]
      [Object Copy (ms): Min: 139.9, Avg: 140.0, Max: 140.0, Diff: 0.1, Sum: 1119.7]
      [Termination (ms): Min: 0.0, Avg: 0.1, Max: 0.1, Diff: 0.1, Sum: 0.4]
         [Termination Attempts: Min: 1, Avg: 212.4, Max: 276, Diff: 275, Sum: 1699]
      [GC Worker Other (ms): Min: 0.0, Avg: 0.1, Max: 0.1, Diff: 0.1, Sum: 0.4]
      [GC Worker Total (ms): Min: 173.5, Avg: 173.7, Max: 173.8, Diff: 0.3, Sum: 1389.4]
      [GC Worker End (ms): Min: 40617.7, Avg: 40617.7, Max: 40617.7, Diff: 0.1]
   [Code Root Fixup: 0.0 ms]
   [Code Root Purge: 0.0 ms]
   [Clear CT: 0.3 ms]
   [Other: 1.3 ms]
      [Choose CSet: 0.0 ms]
      [Ref Proc: 0.3 ms]
      [Ref Enq: 0.0 ms]
      [Redirty Cards: 0.4 ms]
      [Humongous Register: 0.0 ms]
      [Humongous Reclaim: 0.0 ms]
      [Free CSet: 0.2 ms]
   [Eden: 187.0M(187.0M)->0.0B(187.0M) Survivors: 28.0M->27.0M Heap: 686.3M(2048.0M)->688.3M(2048.0M)]
 [Times: user=1.38 sys=0.00, real=0.18 secs] 
2020-09-29T11:59:38.547+0200: 40.778: [GC pause (G1 Evacuation Pause) (young), 0.1809621 secs]
   [Parallel Time: 179.5 ms, GC Workers: 8]
      [GC Worker Start (ms): Min: 40778.4, Avg: 40778.5, Max: 40778.6, Diff: 0.3]
      [Ext Root Scanning (ms): Min: 0.0, Avg: 0.1, Max: 0.2, Diff: 0.2, Sum: 0.7]
      [Update RS (ms): Min: 20.6, Avg: 21.1, Max: 21.5, Diff: 1.0, Sum: 168.9]
         [Processed Buffers: Min: 14, Avg: 15.1, Max: 17, Diff: 3, Sum: 121]
      [Scan RS (ms): Min: 13.5, Avg: 14.0, Max: 14.5, Diff: 1.0, Sum: 111.6]
      [Code Root Scanning (ms): Min: 0.0, Avg: 0.0, Max: 0.0, Diff: 0.0, Sum: 0.0]
      [Object Copy (ms): Min: 143.8, Avg: 143.9, Max: 144.0, Diff: 0.2, Sum: 1151.2]
      [Termination (ms): Min: 0.0, Avg: 0.1, Max: 0.1, Diff: 0.1, Sum: 0.7]
         [Termination Attempts: Min: 1, Avg: 377.5, Max: 507, Diff: 506, Sum: 3020]
      [GC Worker Other (ms): Min: 0.0, Avg: 0.1, Max: 0.1, Diff: 0.1, Sum: 0.4]
      [GC Worker Total (ms): Min: 179.1, Avg: 179.2, Max: 179.4, Diff: 0.3, Sum: 1433.6]
      [GC Worker End (ms): Min: 40957.7, Avg: 40957.7, Max: 40957.8, Diff: 0.1]
   [Code Root Fixup: 0.0 ms]
   [Code Root Purge: 0.0 ms]
   [Clear CT: 0.3 ms]
   [Other: 1.2 ms]
      [Choose CSet: 0.0 ms]
      [Ref Proc: 0.2 ms]
      [Ref Enq: 0.0 ms]
      [Redirty Cards: 0.5 ms]
      [Humongous Register: 0.1 ms]
      [Humongous Reclaim: 0.0 ms]
      [Free CSet: 0.2 ms]
   [Eden: 187.0M(187.0M)->0.0B(187.0M) Survivors: 27.0M->27.0M Heap: 905.8M(2048.0M)->907.8M(2048.0M)]
 [Times: user=1.50 sys=0.00, real=0.18 secs] 
2020-09-29T11:59:38.879+0200: 41.110: [GC pause (G1 Evacuation Pause) (young), 0.1715156 secs]
   [Parallel Time: 170.0 ms, GC Workers: 8]
      [GC Worker Start (ms): Min: 41110.2, Avg: 41110.3, Max: 41110.4, Diff: 0.2]
      [Ext Root Scanning (ms): Min: 0.0, Avg: 0.1, Max: 0.2, Diff: 0.2, Sum: 0.8]
      [Update RS (ms): Min: 14.6, Avg: 14.7, Max: 15.1, Diff: 0.6, Sum: 117.8]
         [Processed Buffers: Min: 9, Avg: 11.5, Max: 14, Diff: 5, Sum: 92]
      [Scan RS (ms): Min: 16.2, Avg: 16.6, Max: 16.7, Diff: 0.5, Sum: 132.7]
      [Code Root Scanning (ms): Min: 0.0, Avg: 0.0, Max: 0.0, Diff: 0.0, Sum: 0.0]
      [Object Copy (ms): Min: 138.1, Avg: 138.2, Max: 138.2, Diff: 0.1, Sum: 1105.4]
      [Termination (ms): Min: 0.0, Avg: 0.1, Max: 0.1, Diff: 0.1, Sum: 0.5]
         [Termination Attempts: Min: 1, Avg: 248.8, Max: 348, Diff: 347, Sum: 1990]
      [GC Worker Other (ms): Min: 0.0, Avg: 0.1, Max: 0.1, Diff: 0.1, Sum: 0.4]
      [GC Worker Total (ms): Min: 169.6, Avg: 169.7, Max: 169.8, Diff: 0.2, Sum: 1357.6]
      [GC Worker End (ms): Min: 41280.0, Avg: 41280.0, Max: 41280.1, Diff: 0.1]
   [Code Root Fixup: 0.0 ms]
   [Code Root Purge: 0.0 ms]
   [Clear CT: 0.3 ms]
   [Other: 1.3 ms]
      [Choose CSet: 0.0 ms]
      [Ref Proc: 0.4 ms]
      [Ref Enq: 0.0 ms]
      [Redirty Cards: 0.3 ms]
      [Humongous Register: 0.1 ms]
      [Humongous Reclaim: 0.0 ms]
      [Free CSet: 0.3 ms]
   [Eden: 187.0M(187.0M)->0.0B(189.0M) Survivors: 27.0M->27.0M Heap: 1127.2M(2048.0M)->1129.7M(2048.0M)]
 [Times: user=1.38 sys=0.00, real=0.17 secs] 
2020-09-29T11:59:39.065+0200: 41.296: [GC pause (G1 Humongous Allocation) (young) (initial-mark), 0.0560429 secs]
   [Parallel Time: 54.7 ms, GC Workers: 8]
      [GC Worker Start (ms): Min: 41296.5, Avg: 41296.6, Max: 41296.7, Diff: 0.2]
      [Ext Root Scanning (ms): Min: 0.0, Avg: 0.1, Max: 0.2, Diff: 0.2, Sum: 0.9]
      [Update RS (ms): Min: 28.3, Avg: 28.6, Max: 28.8, Diff: 0.5, Sum: 228.9]
         [Processed Buffers: Min: 22, Avg: 23.1, Max: 25, Diff: 3, Sum: 185]
      [Scan RS (ms): Min: 2.5, Avg: 2.7, Max: 2.9, Diff: 0.5, Sum: 21.4]
      [Code Root Scanning (ms): Min: 0.0, Avg: 0.0, Max: 0.0, Diff: 0.0, Sum: 0.0]
      [Object Copy (ms): Min: 22.8, Avg: 22.8, Max: 22.9, Diff: 0.2, Sum: 182.8]
      [Termination (ms): Min: 0.0, Avg: 0.0, Max: 0.0, Diff: 0.0, Sum: 0.1]
         [Termination Attempts: Min: 1, Avg: 40.3, Max: 54, Diff: 53, Sum: 322]
      [GC Worker Other (ms): Min: 0.0, Avg: 0.0, Max: 0.0, Diff: 0.0, Sum: 0.2]
      [GC Worker Total (ms): Min: 54.2, Avg: 54.3, Max: 54.4, Diff: 0.2, Sum: 434.4]
      [GC Worker End (ms): Min: 41350.9, Avg: 41350.9, Max: 41350.9, Diff: 0.0]
   [Code Root Fixup: 0.0 ms]
   [Code Root Purge: 0.0 ms]
   [Clear CT: 0.3 ms]
   [Other: 1.1 ms]
      [Choose CSet: 0.0 ms]
      [Ref Proc: 0.4 ms]
      [Ref Enq: 0.0 ms]
      [Redirty Cards: 0.4 ms]
      [Humongous Register: 0.0 ms]
      [Humongous Reclaim: 0.0 ms]
      [Free CSet: 0.1 ms]
   [Eden: 9216.0K(189.0M)->0.0B(215.0M) Survivors: 27.0M->10.0M Heap: 1138.2M(2048.0M)->1141.7M(2048.0M)]
 [Times: user=0.50 sys=0.00, real=0.06 secs] 
2020-09-29T11:59:39.121+0200: 41.353: [GC concurrent-root-region-scan-start]
2020-09-29T11:59:39.124+0200: 41.355: [GC concurrent-root-region-scan-end, 0.0026276 secs]
2020-09-29T11:59:39.124+0200: 41.355: [GC concurrent-mark-start]
2020-09-29T11:59:39.127+0200: 41.359: [GC concurrent-mark-end, 0.0034480 secs]
2020-09-29T11:59:39.128+0200: 41.359: [GC remark 2020-09-29T11:59:39.128+0200: 41.359: [Finalize Marking, 0.0003318 secs] 2020-09-29T11:59:39.128+0200: 41.359: [GC ref-proc, 0.0004357 secs] 2020-09-29T11:59:39.128+0200: 41.360: [Unloading, 0.0007046 secs], 0.0018867 secs]
 [Times: user=0.01 sys=0.01, real=0.00 secs] 
2020-09-29T11:59:39.130+0200: 41.361: [GC cleanup 1151M->25M(2048M), 0.0017091 secs]
 [Times: user=0.00 sys=0.00, real=0.00 secs] 
2020-09-29T11:59:39.132+0200: 41.363: [GC concurrent-cleanup-start]
2020-09-29T11:59:39.134+0200: 41.365: [GC concurrent-cleanup-end, 0.0021349 secs]
2020-09-29T11:59:39.299+0200: 41.530: [GC pause (G1 Evacuation Pause) (young), 0.1936229 secs]
   [Parallel Time: 192.0 ms, GC Workers: 8]
      [GC Worker Start (ms): Min: 41530.3, Avg: 41530.4, Max: 41530.5, Diff: 0.2]
      [Ext Root Scanning (ms): Min: 0.0, Avg: 0.1, Max: 0.2, Diff: 0.2, Sum: 0.8]
      [Update RS (ms): Min: 17.8, Avg: 18.6, Max: 20.6, Diff: 2.8, Sum: 148.5]
         [Processed Buffers: Min: 2, Avg: 11.5, Max: 15, Diff: 13, Sum: 92]
      [Scan RS (ms): Min: 14.6, Avg: 16.6, Max: 17.5, Diff: 2.9, Sum: 132.9]
      [Code Root Scanning (ms): Min: 0.0, Avg: 0.0, Max: 0.0, Diff: 0.0, Sum: 0.0]
      [Object Copy (ms): Min: 156.1, Avg: 156.2, Max: 156.4, Diff: 0.3, Sum: 1249.7]
      [Termination (ms): Min: 0.0, Avg: 0.2, Max: 0.2, Diff: 0.2, Sum: 1.6]
         [Termination Attempts: Min: 1, Avg: 699.4, Max: 841, Diff: 840, Sum: 5595]
      [GC Worker Other (ms): Min: 0.0, Avg: 0.0, Max: 0.1, Diff: 0.1, Sum: 0.3]
      [GC Worker Total (ms): Min: 191.6, Avg: 191.7, Max: 191.9, Diff: 0.3, Sum: 1534.0]
      [GC Worker End (ms): Min: 41722.1, Avg: 41722.1, Max: 41722.2, Diff: 0.1]
   [Code Root Fixup: 0.0 ms]
   [Code Root Purge: 0.0 ms]
   [Clear CT: 0.5 ms]
   [Other: 1.0 ms]
      [Choose CSet: 0.0 ms]
      [Ref Proc: 0.3 ms]
      [Ref Enq: 0.0 ms]
      [Redirty Cards: 0.3 ms]
      [Humongous Register: 0.0 ms]
      [Humongous Reclaim: 0.0 ms]
      [Free CSet: 0.2 ms]
   [Eden: 215.0M(215.0M)->0.0B(184.0M) Survivors: 10.0M->29.0M Heap: 266.7M(2048.0M)->259.2M(2048.0M)]
 [Times: user=1.59 sys=0.00, real=0.20 secs] 
2020-09-29T11:59:39.657+0200: 41.888: [GC pause (G1 Evacuation Pause) (young), 0.1839967 secs]
   [Parallel Time: 182.2 ms, GC Workers: 8]
      [GC Worker Start (ms): Min: 41888.5, Avg: 41888.6, Max: 41888.7, Diff: 0.2]
      [Ext Root Scanning (ms): Min: 0.0, Avg: 0.1, Max: 0.2, Diff: 0.2, Sum: 0.8]
      [Update RS (ms): Min: 14.9, Avg: 15.3, Max: 16.0, Diff: 1.2, Sum: 122.1]
         [Processed Buffers: Min: 10, Avg: 11.0, Max: 12, Diff: 2, Sum: 88]
      [Scan RS (ms): Min: 15.1, Avg: 15.8, Max: 16.2, Diff: 1.1, Sum: 126.4]
      [Code Root Scanning (ms): Min: 0.0, Avg: 0.0, Max: 0.0, Diff: 0.0, Sum: 0.0]
      [Object Copy (ms): Min: 150.3, Avg: 150.4, Max: 150.6, Diff: 0.3, Sum: 1203.4]
      [Termination (ms): Min: 0.0, Avg: 0.1, Max: 0.3, Diff: 0.3, Sum: 1.1]
         [Termination Attempts: Min: 1, Avg: 505.6, Max: 600, Diff: 599, Sum: 4045]
      [GC Worker Other (ms): Min: 0.0, Avg: 0.0, Max: 0.1, Diff: 0.1, Sum: 0.3]
      [GC Worker Total (ms): Min: 181.7, Avg: 181.8, Max: 181.9, Diff: 0.2, Sum: 1454.2]
      [GC Worker End (ms): Min: 42070.4, Avg: 42070.4, Max: 42070.4, Diff: 0.1]
   [Code Root Fixup: 0.0 ms]
   [Code Root Purge: 0.0 ms]
   [Clear CT: 0.6 ms]
   [Other: 1.2 ms]
      [Choose CSet: 0.0 ms]
      [Ref Proc: 0.4 ms]
      [Ref Enq: 0.0 ms]
      [Redirty Cards: 0.4 ms]
      [Humongous Register: 0.0 ms]
      [Humongous Reclaim: 0.0 ms]
      [Free CSet: 0.2 ms]
   [Eden: 184.0M(184.0M)->0.0B(181.0M) Survivors: 29.0M->27.0M Heap: 473.8M(2048.0M)->475.8M(2048.0M)]
 [Times: user=1.50 sys=0.00, real=0.18 secs] 
2020-09-29T11:59:40.054+0200: 42.285: [GC pause (G1 Evacuation Pause) (young), 0.2645842 secs]
   [Parallel Time: 260.9 ms, GC Workers: 8]
      [GC Worker Start (ms): Min: 42285.3, Avg: 42285.5, Max: 42285.6, Diff: 0.3]
      [Ext Root Scanning (ms): Min: 0.0, Avg: 0.1, Max: 0.3, Diff: 0.3, Sum: 1.1]
      [Update RS (ms): Min: 34.5, Avg: 34.9, Max: 35.7, Diff: 1.2, Sum: 279.4]
         [Processed Buffers: Min: 15, Avg: 15.6, Max: 19, Diff: 4, Sum: 125]
      [Scan RS (ms): Min: 25.3, Avg: 25.9, Max: 26.3, Diff: 1.0, Sum: 207.0]
      [Code Root Scanning (ms): Min: 0.0, Avg: 0.0, Max: 0.0, Diff: 0.0, Sum: 0.0]
      [Object Copy (ms): Min: 199.1, Avg: 199.3, Max: 199.4, Diff: 0.3, Sum: 1594.5]
      [Termination (ms): Min: 0.0, Avg: 0.0, Max: 0.0, Diff: 0.0, Sum: 0.2]
         [Termination Attempts: Min: 1, Avg: 75.5, Max: 100, Diff: 99, Sum: 604]
      [GC Worker Other (ms): Min: 0.0, Avg: 0.1, Max: 0.1, Diff: 0.1, Sum: 0.4]
      [GC Worker Total (ms): Min: 260.2, Avg: 260.3, Max: 260.5, Diff: 0.3, Sum: 2082.7]
      [GC Worker End (ms): Min: 42545.8, Avg: 42545.8, Max: 42545.9, Diff: 0.1]
   [Code Root Fixup: 0.0 ms]
   [Code Root Purge: 0.0 ms]
   [Clear CT: 0.4 ms]
   [Other: 3.3 ms]
      [Choose CSet: 0.0 ms]
      [Ref Proc: 0.5 ms]
      [Ref Enq: 0.0 ms]
      [Redirty Cards: 2.2 ms]
      [Humongous Register: 0.1 ms]
      [Humongous Reclaim: 0.0 ms]
      [Free CSet: 0.3 ms]
   [Eden: 181.0M(181.0M)->0.0B(125.0M) Survivors: 27.0M->26.0M Heap: 687.3M(2048.0M)->689.3M(2048.0M)]
 [Times: user=1.92 sys=0.08, real=0.27 secs] 
2020-09-29T11:59:40.478+0200: 42.709: [GC pause (G1 Evacuation Pause) (young), 0.1808998 secs]
   [Parallel Time: 178.4 ms, GC Workers: 8]
      [GC Worker Start (ms): Min: 42709.4, Avg: 42709.6, Max: 42709.8, Diff: 0.3]
      [Ext Root Scanning (ms): Min: 0.0, Avg: 0.1, Max: 0.3, Diff: 0.3, Sum: 1.1]
      [Update RS (ms): Min: 24.6, Avg: 25.1, Max: 25.7, Diff: 1.1, Sum: 200.8]
         [Processed Buffers: Min: 11, Avg: 12.9, Max: 15, Diff: 4, Sum: 103]
      [Scan RS (ms): Min: 11.9, Avg: 12.6, Max: 13.0, Diff: 1.1, Sum: 100.7]
      [Code Root Scanning (ms): Min: 0.0, Avg: 0.0, Max: 0.0, Diff: 0.0, Sum: 0.0]
      [Object Copy (ms): Min: 138.9, Avg: 139.0, Max: 139.1, Diff: 0.2, Sum: 1112.1]
      [Termination (ms): Min: 0.0, Avg: 0.0, Max: 0.0, Diff: 0.0, Sum: 0.1]
         [Termination Attempts: Min: 1, Avg: 33.9, Max: 47, Diff: 46, Sum: 271]
      [GC Worker Other (ms): Min: 0.0, Avg: 0.1, Max: 0.1, Diff: 0.1, Sum: 0.4]
      [GC Worker Total (ms): Min: 176.8, Avg: 176.9, Max: 177.1, Diff: 0.3, Sum: 1415.3]
      [GC Worker End (ms): Min: 42886.5, Avg: 42886.5, Max: 42886.6, Diff: 0.1]
   [Code Root Fixup: 0.0 ms]
   [Code Root Purge: 0.0 ms]
   [Clear CT: 1.0 ms]
   [Other: 1.5 ms]
      [Choose CSet: 0.0 ms]
      [Ref Proc: 0.3 ms]
      [Ref Enq: 0.0 ms]
      [Redirty Cards: 0.7 ms]
      [Humongous Register: 0.1 ms]
      [Humongous Reclaim: 0.0 ms]
      [Free CSet: 0.2 ms]
   [Eden: 125.0M(125.0M)->0.0B(128.0M) Survivors: 26.0M->19.0M Heap: 835.3M(2048.0M)->837.3M(2048.0M)]
 [Times: user=1.38 sys=0.00, real=0.18 secs] 
2020-09-29T11:59:40.806+0200: 43.038: [GC pause (G1 Evacuation Pause) (young), 0.1767519 secs]
   [Parallel Time: 174.6 ms, GC Workers: 8]
      [GC Worker Start (ms): Min: 43037.8, Avg: 43038.0, Max: 43038.1, Diff: 0.3]
      [Ext Root Scanning (ms): Min: 0.0, Avg: 0.1, Max: 0.3, Diff: 0.3, Sum: 1.0]
      [Update RS (ms): Min: 20.2, Avg: 20.7, Max: 21.2, Diff: 1.0, Sum: 165.3]
         [Processed Buffers: Min: 8, Avg: 10.1, Max: 14, Diff: 6, Sum: 81]
      [Scan RS (ms): Min: 13.5, Avg: 14.2, Max: 14.5, Diff: 1.0, Sum: 113.3]
      [Code Root Scanning (ms): Min: 0.0, Avg: 0.0, Max: 0.0, Diff: 0.0, Sum: 0.0]
      [Object Copy (ms): Min: 138.9, Avg: 139.1, Max: 139.2, Diff: 0.3, Sum: 1112.6]
      [Termination (ms): Min: 0.0, Avg: 0.0, Max: 0.1, Diff: 0.1, Sum: 0.3]
         [Termination Attempts: Min: 1, Avg: 104.4, Max: 133, Diff: 132, Sum: 835]
      [GC Worker Other (ms): Min: 0.0, Avg: 0.1, Max: 0.1, Diff: 0.1, Sum: 0.5]
      [GC Worker Total (ms): Min: 174.0, Avg: 174.1, Max: 174.3, Diff: 0.3, Sum: 1393.1]
      [GC Worker End (ms): Min: 43212.1, Avg: 43212.1, Max: 43212.2, Diff: 0.1]
   [Code Root Fixup: 0.0 ms]
   [Code Root Purge: 0.0 ms]
   [Clear CT: 0.6 ms]
   [Other: 1.5 ms]
      [Choose CSet: 0.0 ms]
      [Ref Proc: 0.3 ms]
      [Ref Enq: 0.0 ms]
      [Redirty Cards: 0.6 ms]
      [Humongous Register: 0.1 ms]
      [Humongous Reclaim: 0.0 ms]
      [Free CSet: 0.3 ms]
   [Eden: 128.0M(128.0M)->0.0B(126.0M) Survivors: 19.0M->19.0M Heap: 986.2M(2048.0M)->987.7M(2048.0M)]
 [Times: user=1.36 sys=0.00, real=0.18 secs] 
2020-09-29T11:59:40.997+0200: 43.228: [GC pause (G1 Humongous Allocation) (young) (initial-mark), 0.0564052 secs]
   [Parallel Time: 54.7 ms, GC Workers: 8]
      [GC Worker Start (ms): Min: 43228.8, Avg: 43229.4, Max: 43229.6, Diff: 0.8]
      [Ext Root Scanning (ms): Min: 0.0, Avg: 0.4, Max: 0.8, Diff: 0.8, Sum: 3.4]
      [Update RS (ms): Min: 29.6, Avg: 30.2, Max: 30.7, Diff: 1.1, Sum: 241.6]
         [Processed Buffers: Min: 17, Avg: 17.5, Max: 18, Diff: 1, Sum: 140]
      [Scan RS (ms): Min: 2.1, Avg: 2.6, Max: 3.2, Diff: 1.1, Sum: 20.8]
      [Code Root Scanning (ms): Min: 0.0, Avg: 0.0, Max: 0.0, Diff: 0.0, Sum: 0.0]
      [Object Copy (ms): Min: 20.8, Avg: 20.8, Max: 20.9, Diff: 0.1, Sum: 166.7]
      [Termination (ms): Min: 0.0, Avg: 0.0, Max: 0.0, Diff: 0.0, Sum: 0.1]
         [Termination Attempts: Min: 1, Avg: 24.0, Max: 35, Diff: 34, Sum: 192]
      [GC Worker Other (ms): Min: 0.0, Avg: 0.0, Max: 0.0, Diff: 0.0, Sum: 0.2]
      [GC Worker Total (ms): Min: 53.9, Avg: 54.1, Max: 54.6, Diff: 0.7, Sum: 432.8]
      [GC Worker End (ms): Min: 43283.4, Avg: 43283.5, Max: 43283.5, Diff: 0.0]
   [Code Root Fixup: 0.0 ms]
   [Code Root Purge: 0.0 ms]
   [Clear CT: 0.3 ms]
   [Other: 1.3 ms]
      [Choose CSet: 0.0 ms]
      [Ref Proc: 0.4 ms]
      [Ref Enq: 0.0 ms]
      [Redirty Cards: 0.3 ms]
      [Humongous Register: 0.1 ms]
      [Humongous Reclaim: 0.0 ms]
      [Free CSet: 0.1 ms]
   [Eden: 3072.0K(126.0M)->0.0B(149.0M) Survivors: 19.0M->5120.0K Heap: 990.2M(2048.0M)->994.7M(2048.0M)]
 [Times: user=0.48 sys=0.00, real=0.06 secs] 
2020-09-29T11:59:41.054+0200: 43.285: [GC concurrent-root-region-scan-start]
2020-09-29T11:59:41.056+0200: 43.287: [GC concurrent-root-region-scan-end, 0.0019786 secs]
2020-09-29T11:59:41.056+0200: 43.287: [GC concurrent-mark-start]
2020-09-29T11:59:41.060+0200: 43.292: [GC concurrent-mark-end, 0.0046552 secs]
2020-09-29T11:59:41.061+0200: 43.292: [GC remark 2020-09-29T11:59:41.061+0200: 43.292: [Finalize Marking, 0.0005284 secs] 2020-09-29T11:59:41.062+0200: 43.293: [GC ref-proc, 0.0006279 secs] 2020-09-29T11:59:41.062+0200: 43.294: [Unloading, 0.0010137 secs], 0.0029135 secs]
 [Times: user=0.00 sys=0.00, real=0.00 secs] 
2020-09-29T11:59:41.065+0200: 43.296: [GC cleanup 1003M->19M(2048M), 0.0024694 secs]
 [Times: user=0.13 sys=0.00, real=0.00 secs] 
2020-09-29T11:59:41.067+0200: 43.299: [GC concurrent-cleanup-start]
2020-09-29T11:59:41.070+0200: 43.301: [GC concurrent-cleanup-end, 0.0023880 secs]
2020-09-29T11:59:41.230+0200: 43.462: [GC pause (G1 Evacuation Pause) (young), 0.1800085 secs]
   [Parallel Time: 176.7 ms, GC Workers: 8]
      [GC Worker Start (ms): Min: 43461.8, Avg: 43462.0, Max: 43462.1, Diff: 0.3]
      [Ext Root Scanning (ms): Min: 0.0, Avg: 0.1, Max: 0.3, Diff: 0.3, Sum: 1.0]
      [Update RS (ms): Min: 14.9, Avg: 15.3, Max: 16.2, Diff: 1.4, Sum: 122.5]
         [Processed Buffers: Min: 8, Avg: 9.3, Max: 11, Diff: 3, Sum: 74]
      [Scan RS (ms): Min: 14.8, Avg: 15.7, Max: 16.2, Diff: 1.3, Sum: 125.9]
      [Code Root Scanning (ms): Min: 0.0, Avg: 0.0, Max: 0.0, Diff: 0.0, Sum: 0.0]
      [Object Copy (ms): Min: 144.6, Avg: 144.8, Max: 145.2, Diff: 0.5, Sum: 1158.7]
      [Termination (ms): Min: 0.0, Avg: 0.3, Max: 0.4, Diff: 0.4, Sum: 2.4]
         [Termination Attempts: Min: 1, Avg: 741.1, Max: 959, Diff: 958, Sum: 5929]
      [GC Worker Other (ms): Min: 0.0, Avg: 0.0, Max: 0.1, Diff: 0.1, Sum: 0.4]
      [GC Worker Total (ms): Min: 176.2, Avg: 176.4, Max: 176.6, Diff: 0.4, Sum: 1410.9]
      [GC Worker End (ms): Min: 43638.3, Avg: 43638.4, Max: 43638.4, Diff: 0.1]
   [Code Root Fixup: 0.0 ms]
   [Code Root Purge: 0.0 ms]
   [Clear CT: 0.4 ms]
   [Other: 2.9 ms]
      [Choose CSet: 0.0 ms]
      [Ref Proc: 0.4 ms]
      [Ref Enq: 0.0 ms]
      [Redirty Cards: 1.8 ms]
      [Humongous Register: 0.1 ms]
      [Humongous Reclaim: 0.0 ms]
      [Free CSet: 0.2 ms]
   [Eden: 149.0M(149.0M)->0.0B(132.0M) Survivors: 5120.0K->20.0M Heap: 186.7M(2048.0M)->183.7M(2048.0M)]
 [Times: user=1.36 sys=0.02, real=0.18 secs] 
2020-09-29T11:59:41.575+0200: 43.806: [GC pause (G1 Evacuation Pause) (young), 0.1788039 secs]
   [Parallel Time: 175.8 ms, GC Workers: 8]
      [GC Worker Start (ms): Min: 43806.2, Avg: 43806.4, Max: 43806.6, Diff: 0.3]
      [Ext Root Scanning (ms): Min: 0.0, Avg: 0.1, Max: 0.3, Diff: 0.3, Sum: 1.0]
      [Update RS (ms): Min: 19.3, Avg: 19.5, Max: 20.3, Diff: 1.0, Sum: 156.2]
         [Processed Buffers: Min: 8, Avg: 10.0, Max: 12, Diff: 4, Sum: 80]
      [Scan RS (ms): Min: 14.2, Avg: 14.8, Max: 15.1, Diff: 0.9, Sum: 118.5]
      [Code Root Scanning (ms): Min: 0.0, Avg: 0.0, Max: 0.0, Diff: 0.0, Sum: 0.0]
      [Object Copy (ms): Min: 140.7, Avg: 140.8, Max: 140.9, Diff: 0.2, Sum: 1126.4]
      [Termination (ms): Min: 0.0, Avg: 0.0, Max: 0.0, Diff: 0.0, Sum: 0.1]
         [Termination Attempts: Min: 1, Avg: 49.0, Max: 68, Diff: 67, Sum: 392]
      [GC Worker Other (ms): Min: 0.0, Avg: 0.1, Max: 0.1, Diff: 0.1, Sum: 0.5]
      [GC Worker Total (ms): Min: 175.3, Avg: 175.4, Max: 175.6, Diff: 0.3, Sum: 1402.9]
      [GC Worker End (ms): Min: 43981.8, Avg: 43981.8, Max: 43981.9, Diff: 0.1]
   [Code Root Fixup: 0.0 ms]
   [Code Root Purge: 0.0 ms]
   [Clear CT: 1.1 ms]
   [Other: 1.9 ms]
      [Choose CSet: 0.0 ms]
      [Ref Proc: 0.4 ms]
      [Ref Enq: 0.0 ms]
      [Redirty Cards: 0.9 ms]
      [Humongous Register: 0.1 ms]
      [Humongous Reclaim: 0.0 ms]
      [Free CSet: 0.2 ms]
   [Eden: 132.0M(132.0M)->0.0B(131.0M) Survivors: 20.0M->19.0M Heap: 336.7M(2048.0M)->338.7M(2048.0M)]
 [Times: user=1.36 sys=0.00, real=0.18 secs] 
2020-09-29T11:59:41.906+0200: 44.137: [GC pause (G1 Evacuation Pause) (young), 0.1848867 secs]
   [Parallel Time: 182.9 ms, GC Workers: 8]
      [GC Worker Start (ms): Min: 44137.0, Avg: 44137.2, Max: 44137.3, Diff: 0.3]
      [Ext Root Scanning (ms): Min: 0.0, Avg: 0.1, Max: 0.3, Diff: 0.3, Sum: 1.0]
      [Update RS (ms): Min: 17.5, Avg: 18.0, Max: 18.8, Diff: 1.4, Sum: 144.2]
         [Processed Buffers: Min: 9, Avg: 9.3, Max: 10, Diff: 1, Sum: 74]
      [Scan RS (ms): Min: 13.5, Avg: 14.3, Max: 14.9, Diff: 1.3, Sum: 114.7]
      [Code Root Scanning (ms): Min: 0.0, Avg: 0.0, Max: 0.0, Diff: 0.0, Sum: 0.0]
      [Object Copy (ms): Min: 149.5, Avg: 149.7, Max: 149.8, Diff: 0.2, Sum: 1197.6]
      [Termination (ms): Min: 0.0, Avg: 0.1, Max: 0.2, Diff: 0.2, Sum: 1.0]
         [Termination Attempts: Min: 1, Avg: 345.6, Max: 429, Diff: 428, Sum: 2765]
      [GC Worker Other (ms): Min: 0.0, Avg: 0.0, Max: 0.1, Diff: 0.1, Sum: 0.4]
      [GC Worker Total (ms): Min: 182.2, Avg: 182.4, Max: 182.6, Diff: 0.4, Sum: 1458.9]
      [GC Worker End (ms): Min: 44319.5, Avg: 44319.5, Max: 44319.6, Diff: 0.1]
   [Code Root Fixup: 0.0 ms]
   [Code Root Purge: 0.0 ms]
   [Clear CT: 0.5 ms]
   [Other: 1.5 ms]
      [Choose CSet: 0.0 ms]
      [Ref Proc: 0.5 ms]
      [Ref Enq: 0.0 ms]
      [Redirty Cards: 0.5 ms]
      [Humongous Register: 0.1 ms]
      [Humongous Reclaim: 0.0 ms]
      [Free CSet: 0.2 ms]
   [Eden: 131.0M(131.0M)->0.0B(128.0M) Survivors: 19.0M->19.0M Heap: 490.7M(2048.0M)->492.7M(2048.0M)]
 [Times: user=1.45 sys=0.00, real=0.18 secs] 
2020-09-29T11:59:42.238+0200: 44.470: [GC pause (G1 Evacuation Pause) (young), 0.1724362 secs]
   [Parallel Time: 169.6 ms, GC Workers: 8]
      [GC Worker Start (ms): Min: 44470.1, Avg: 44470.2, Max: 44470.3, Diff: 0.3]
      [Ext Root Scanning (ms): Min: 0.0, Avg: 0.1, Max: 0.3, Diff: 0.3, Sum: 1.1]
      [Update RS (ms): Min: 22.5, Avg: 22.8, Max: 23.2, Diff: 0.7, Sum: 182.4]
         [Processed Buffers: Min: 10, Avg: 12.4, Max: 17, Diff: 7, Sum: 99]
      [Scan RS (ms): Min: 12.3, Avg: 12.7, Max: 13.2, Diff: 0.9, Sum: 101.6]
      [Code Root Scanning (ms): Min: 0.0, Avg: 0.0, Max: 0.0, Diff: 0.0, Sum: 0.0]
      [Object Copy (ms): Min: 133.2, Avg: 133.3, Max: 133.4, Diff: 0.2, Sum: 1066.7]
      [Termination (ms): Min: 0.0, Avg: 0.0, Max: 0.0, Diff: 0.0, Sum: 0.3]
         [Termination Attempts: Min: 1, Avg: 89.1, Max: 116, Diff: 115, Sum: 713]
      [GC Worker Other (ms): Min: 0.0, Avg: 0.1, Max: 0.1, Diff: 0.1, Sum: 0.4]
      [GC Worker Total (ms): Min: 168.9, Avg: 169.1, Max: 169.2, Diff: 0.3, Sum: 1352.5]
      [GC Worker End (ms): Min: 44639.2, Avg: 44639.3, Max: 44639.3, Diff: 0.1]
   [Code Root Fixup: 0.0 ms]
   [Code Root Purge: 0.0 ms]
   [Clear CT: 0.5 ms]
   [Other: 2.3 ms]
      [Choose CSet: 0.0 ms]
      [Ref Proc: 0.5 ms]
      [Ref Enq: 0.0 ms]
      [Redirty Cards: 1.2 ms]
      [Humongous Register: 0.1 ms]
      [Humongous Reclaim: 0.0 ms]
      [Free CSet: 0.3 ms]
   [Eden: 128.0M(128.0M)->0.0B(131.0M) Survivors: 19.0M->19.0M Heap: 643.6M(2048.0M)->645.6M(2048.0M)]
 [Times: user=1.26 sys=0.00, real=0.18 secs] 
2020-09-29T11:59:42.579+0200: 44.810: [GC pause (G1 Evacuation Pause) (young), 0.1826857 secs]
   [Parallel Time: 180.8 ms, GC Workers: 8]
      [GC Worker Start (ms): Min: 44810.5, Avg: 44810.6, Max: 44810.8, Diff: 0.2]
      [Ext Root Scanning (ms): Min: 0.0, Avg: 0.2, Max: 0.3, Diff: 0.2, Sum: 1.2]
      [Update RS (ms): Min: 25.2, Avg: 25.6, Max: 26.0, Diff: 0.8, Sum: 204.4]
         [Processed Buffers: Min: 11, Avg: 12.5, Max: 14, Diff: 3, Sum: 100]
      [Scan RS (ms): Min: 11.9, Avg: 12.4, Max: 12.8, Diff: 0.9, Sum: 98.9]
      [Code Root Scanning (ms): Min: 0.0, Avg: 0.0, Max: 0.0, Diff: 0.0, Sum: 0.0]
      [Object Copy (ms): Min: 142.2, Avg: 142.3, Max: 142.4, Diff: 0.2, Sum: 1138.6]
      [Termination (ms): Min: 0.0, Avg: 0.1, Max: 0.1, Diff: 0.1, Sum: 0.8]
         [Termination Attempts: Min: 1, Avg: 245.8, Max: 307, Diff: 306, Sum: 1966]
      [GC Worker Other (ms): Min: 0.0, Avg: 0.0, Max: 0.1, Diff: 0.1, Sum: 0.3]
      [GC Worker Total (ms): Min: 180.4, Avg: 180.5, Max: 180.6, Diff: 0.2, Sum: 1444.2]
      [GC Worker End (ms): Min: 44991.2, Avg: 44991.2, Max: 44991.2, Diff: 0.1]
   [Code Root Fixup: 0.0 ms]
   [Code Root Purge: 0.0 ms]
   [Clear CT: 0.4 ms]
   [Other: 1.4 ms]
      [Choose CSet: 0.0 ms]
      [Ref Proc: 0.3 ms]
      [Ref Enq: 0.0 ms]
      [Redirty Cards: 0.7 ms]
      [Humongous Register: 0.1 ms]
      [Humongous Reclaim: 0.0 ms]
      [Free CSet: 0.2 ms]
   [Eden: 131.0M(131.0M)->0.0B(131.0M) Survivors: 19.0M->19.0M Heap: 797.5M(2048.0M)->799.5M(2048.0M)]
 [Times: user=1.49 sys=0.00, real=0.18 secs] 
2020-09-29T11:59:42.920+0200: 45.152: [GC pause (G1 Evacuation Pause) (young), 0.1716938 secs]
   [Parallel Time: 168.5 ms, GC Workers: 8]
      [GC Worker Start (ms): Min: 45152.3, Avg: 45152.5, Max: 45152.6, Diff: 0.3]
      [Ext Root Scanning (ms): Min: 0.0, Avg: 0.1, Max: 0.3, Diff: 0.3, Sum: 1.1]
      [Update RS (ms): Min: 16.3, Avg: 16.4, Max: 16.5, Diff: 0.3, Sum: 131.1]
         [Processed Buffers: Min: 9, Avg: 10.0, Max: 11, Diff: 2, Sum: 80]
      [Scan RS (ms): Min: 15.0, Avg: 15.2, Max: 15.4, Diff: 0.4, Sum: 121.7]
      [Code Root Scanning (ms): Min: 0.0, Avg: 0.0, Max: 0.0, Diff: 0.0, Sum: 0.0]
      [Object Copy (ms): Min: 136.0, Avg: 136.1, Max: 136.2, Diff: 0.2, Sum: 1089.0]
      [Termination (ms): Min: 0.0, Avg: 0.1, Max: 0.1, Diff: 0.1, Sum: 0.9]
         [Termination Attempts: Min: 1, Avg: 265.4, Max: 338, Diff: 337, Sum: 2123]
      [GC Worker Other (ms): Min: 0.0, Avg: 0.1, Max: 0.1, Diff: 0.1, Sum: 0.4]
      [GC Worker Total (ms): Min: 167.9, Avg: 168.0, Max: 168.3, Diff: 0.4, Sum: 1344.2]
      [GC Worker End (ms): Min: 45320.5, Avg: 45320.5, Max: 45320.6, Diff: 0.1]
   [Code Root Fixup: 0.0 ms]
   [Code Root Purge: 0.0 ms]
   [Clear CT: 1.0 ms]
   [Other: 2.1 ms]
      [Choose CSet: 0.0 ms]
      [Ref Proc: 0.5 ms]
      [Ref Enq: 0.0 ms]
      [Redirty Cards: 1.1 ms]
      [Humongous Register: 0.1 ms]
      [Humongous Reclaim: 0.0 ms]
      [Free CSet: 0.2 ms]
   [Eden: 131.0M(131.0M)->0.0B(133.0M) Survivors: 19.0M->19.0M Heap: 953.4M(2048.0M)->954.9M(2048.0M)]
 [Times: user=1.36 sys=0.02, real=0.17 secs] 
2020-09-29T11:59:43.106+0200: 45.337: [GC pause (G1 Humongous Allocation) (young) (initial-mark), 0.0855390 secs]
   [Parallel Time: 83.7 ms, GC Workers: 8]
      [GC Worker Start (ms): Min: 45337.4, Avg: 45337.6, Max: 45337.8, Diff: 0.4]
      [Ext Root Scanning (ms): Min: 0.0, Avg: 0.3, Max: 0.5, Diff: 0.5, Sum: 2.7]
      [Update RS (ms): Min: 31.8, Avg: 32.2, Max: 33.0, Diff: 1.1, Sum: 257.6]
         [Processed Buffers: Min: 17, Avg: 18.8, Max: 21, Diff: 4, Sum: 150]
      [Scan RS (ms): Min: 2.1, Avg: 2.8, Max: 3.3, Diff: 1.3, Sum: 22.5]
      [Code Root Scanning (ms): Min: 0.0, Avg: 0.0, Max: 0.0, Diff: 0.0, Sum: 0.0]
      [Object Copy (ms): Min: 47.4, Avg: 47.6, Max: 47.8, Diff: 0.4, Sum: 380.8]
      [Termination (ms): Min: 0.0, Avg: 0.1, Max: 0.1, Diff: 0.1, Sum: 0.6]
         [Termination Attempts: Min: 1, Avg: 180.1, Max: 224, Diff: 223, Sum: 1441]
      [GC Worker Other (ms): Min: 0.0, Avg: 0.0, Max: 0.1, Diff: 0.0, Sum: 0.3]
      [GC Worker Total (ms): Min: 82.9, Avg: 83.1, Max: 83.3, Diff: 0.4, Sum: 664.6]
      [GC Worker End (ms): Min: 45420.6, Avg: 45420.6, Max: 45420.7, Diff: 0.0]
   [Code Root Fixup: 0.0 ms]
   [Code Root Purge: 0.0 ms]
   [Clear CT: 0.4 ms]
   [Other: 1.4 ms]
      [Choose CSet: 0.0 ms]
      [Ref Proc: 0.5 ms]
      [Ref Enq: 0.0 ms]
      [Redirty Cards: 0.4 ms]
      [Humongous Register: 0.0 ms]
      [Humongous Reclaim: 0.0 ms]
      [Free CSet: 0.1 ms]
   [Eden: 11.0M(133.0M)->0.0B(108.0M) Survivors: 19.0M->13.0M Heap: 965.9M(2048.0M)->968.9M(2048.0M)]
 [Times: user=0.59 sys=0.01, real=0.09 secs] 
2020-09-29T11:59:43.192+0200: 45.423: [GC concurrent-root-region-scan-start]
2020-09-29T11:59:43.198+0200: 45.430: [GC concurrent-root-region-scan-end, 0.0068574 secs]
2020-09-29T11:59:43.198+0200: 45.430: [GC concurrent-mark-start]
2020-09-29T11:59:43.203+0200: 45.435: [GC concurrent-mark-end, 0.0047956 secs]
2020-09-29T11:59:43.204+0200: 45.435: [GC remark 2020-09-29T11:59:43.204+0200: 45.435: [Finalize Marking, 0.0004231 secs] 2020-09-29T11:59:43.204+0200: 45.435: [GC ref-proc, 0.0006467 secs] 2020-09-29T11:59:43.205+0200: 45.436: [Unloading, 0.0009439 secs], 0.0027045 secs]
 [Times: user=0.00 sys=0.00, real=0.00 secs] 
2020-09-29T11:59:43.207+0200: 45.438: [GC cleanup 981M->31M(2048M), 0.0022832 secs]
 [Times: user=0.00 sys=0.01, real=0.00 secs] 
2020-09-29T11:59:43.209+0200: 45.441: [GC concurrent-cleanup-start]
2020-09-29T11:59:43.212+0200: 45.443: [GC concurrent-cleanup-end, 0.0025292 secs]
2020-09-29T11:59:43.323+0200: 45.555: [GC pause (G1 Evacuation Pause) (young), 0.1395958 secs]
   [Parallel Time: 137.3 ms, GC Workers: 8]
      [GC Worker Start (ms): Min: 45554.9, Avg: 45555.2, Max: 45556.0, Diff: 1.1]
      [Ext Root Scanning (ms): Min: 0.0, Avg: 0.2, Max: 0.4, Diff: 0.4, Sum: 1.3]
      [Update RS (ms): Min: 16.7, Avg: 18.0, Max: 19.3, Diff: 2.6, Sum: 144.0]
         [Processed Buffers: Min: 8, Avg: 9.3, Max: 12, Diff: 4, Sum: 74]
      [Scan RS (ms): Min: 12.4, Avg: 13.5, Max: 14.1, Diff: 1.7, Sum: 107.8]
      [Code Root Scanning (ms): Min: 0.0, Avg: 0.0, Max: 0.0, Diff: 0.0, Sum: 0.0]
      [Object Copy (ms): Min: 104.8, Avg: 104.9, Max: 105.2, Diff: 0.4, Sum: 839.5]
      [Termination (ms): Min: 0.0, Avg: 0.2, Max: 0.2, Diff: 0.2, Sum: 1.3]
         [Termination Attempts: Min: 1, Avg: 218.4, Max: 356, Diff: 355, Sum: 1747]
      [GC Worker Other (ms): Min: 0.0, Avg: 0.0, Max: 0.0, Diff: 0.0, Sum: 0.2]
      [GC Worker Total (ms): Min: 135.9, Avg: 136.7, Max: 137.0, Diff: 1.1, Sum: 1094.0]
      [GC Worker End (ms): Min: 45691.9, Avg: 45691.9, Max: 45691.9, Diff: 0.0]
   [Code Root Fixup: 0.0 ms]
   [Code Root Purge: 0.0 ms]
   [Clear CT: 0.6 ms]
   [Other: 1.7 ms]
      [Choose CSet: 0.0 ms]
      [Ref Proc: 0.5 ms]
      [Ref Enq: 0.0 ms]
      [Redirty Cards: 0.7 ms]
      [Humongous Register: 0.1 ms]
      [Humongous Reclaim: 0.0 ms]
      [Free CSet: 0.1 ms]
   [Eden: 108.0M(108.0M)->0.0B(111.0M) Survivors: 13.0M->16.0M Heap: 145.6M(2048.0M)->135.1M(2048.0M)]
 [Times: user=1.09 sys=0.02, real=0.14 secs] 
2020-09-29T11:59:43.591+0200: 45.822: [GC pause (G1 Evacuation Pause) (young), 0.1558599 secs]
   [Parallel Time: 154.0 ms, GC Workers: 8]
      [GC Worker Start (ms): Min: 45822.5, Avg: 45822.7, Max: 45822.8, Diff: 0.3]
      [Ext Root Scanning (ms): Min: 0.0, Avg: 0.1, Max: 0.3, Diff: 0.3, Sum: 1.1]
      [Update RS (ms): Min: 17.4, Avg: 17.7, Max: 18.2, Diff: 0.7, Sum: 141.4]
         [Processed Buffers: Min: 8, Avg: 10.3, Max: 13, Diff: 5, Sum: 82]
      [Scan RS (ms): Min: 12.9, Avg: 13.4, Max: 13.8, Diff: 1.0, Sum: 107.4]
      [Code Root Scanning (ms): Min: 0.0, Avg: 0.0, Max: 0.0, Diff: 0.0, Sum: 0.0]
      [Object Copy (ms): Min: 122.1, Avg: 122.2, Max: 122.2, Diff: 0.2, Sum: 977.3]
      [Termination (ms): Min: 0.0, Avg: 0.1, Max: 0.1, Diff: 0.1, Sum: 0.7]
         [Termination Attempts: Min: 1, Avg: 223.9, Max: 277, Diff: 276, Sum: 1791]
      [GC Worker Other (ms): Min: 0.0, Avg: 0.1, Max: 0.1, Diff: 0.1, Sum: 0.4]
      [GC Worker Total (ms): Min: 153.4, Avg: 153.6, Max: 153.8, Diff: 0.4, Sum: 1228.4]
      [GC Worker End (ms): Min: 45976.2, Avg: 45976.2, Max: 45976.3, Diff: 0.1]
   [Code Root Fixup: 0.0 ms]
   [Code Root Purge: 0.0 ms]
   [Clear CT: 0.5 ms]
   [Other: 1.3 ms]
      [Choose CSet: 0.0 ms]
      [Ref Proc: 0.3 ms]
      [Ref Enq: 0.0 ms]
      [Redirty Cards: 0.5 ms]
      [Humongous Register: 0.1 ms]
      [Humongous Reclaim: 0.0 ms]
      [Free CSet: 0.2 ms]
   [Eden: 111.0M(111.0M)->0.0B(116.0M) Survivors: 16.0M->16.0M Heap: 265.1M(2048.0M)->267.1M(2048.0M)]
 [Times: user=1.25 sys=0.00, real=0.16 secs] 
2020-09-29T11:59:43.881+0200: 46.113: [GC pause (G1 Evacuation Pause) (young), 0.1591503 secs]
   [Parallel Time: 156.9 ms, GC Workers: 8]
      [GC Worker Start (ms): Min: 46112.8, Avg: 46112.9, Max: 46113.1, Diff: 0.3]
      [Ext Root Scanning (ms): Min: 0.0, Avg: 0.1, Max: 0.3, Diff: 0.3, Sum: 1.2]
      [Update RS (ms): Min: 20.7, Avg: 21.0, Max: 22.0, Diff: 1.3, Sum: 168.1]
         [Processed Buffers: Min: 9, Avg: 11.4, Max: 14, Diff: 5, Sum: 91]
      [Scan RS (ms): Min: 10.3, Avg: 11.3, Max: 11.7, Diff: 1.3, Sum: 90.6]
      [Code Root Scanning (ms): Min: 0.0, Avg: 0.0, Max: 0.0, Diff: 0.0, Sum: 0.0]
      [Object Copy (ms): Min: 123.8, Avg: 123.9, Max: 123.9, Diff: 0.2, Sum: 990.8]
      [Termination (ms): Min: 0.0, Avg: 0.1, Max: 0.1, Diff: 0.1, Sum: 0.7]
         [Termination Attempts: Min: 1, Avg: 217.5, Max: 272, Diff: 271, Sum: 1740]
      [GC Worker Other (ms): Min: 0.0, Avg: 0.0, Max: 0.1, Diff: 0.1, Sum: 0.3]
      [GC Worker Total (ms): Min: 156.3, Avg: 156.5, Max: 156.7, Diff: 0.3, Sum: 1251.9]
      [GC Worker End (ms): Min: 46269.4, Avg: 46269.4, Max: 46269.5, Diff: 0.1]
   [Code Root Fixup: 0.0 ms]
   [Code Root Purge: 0.0 ms]
   [Clear CT: 0.7 ms]
   [Other: 1.5 ms]
      [Choose CSet: 0.0 ms]
      [Ref Proc: 0.3 ms]
      [Ref Enq: 0.0 ms]
      [Redirty Cards: 0.7 ms]
      [Humongous Register: 0.1 ms]
      [Humongous Reclaim: 0.0 ms]
      [Free CSet: 0.2 ms]
   [Eden: 116.0M(116.0M)->0.0B(121.0M) Survivors: 16.0M->17.0M Heap: 402.2M(2048.0M)->404.2M(2048.0M)]
 [Times: user=1.23 sys=0.02, real=0.16 secs] 
2020-09-29T11:59:44.187+0200: 46.418: [GC pause (G1 Evacuation Pause) (young), 0.1637655 secs]
   [Parallel Time: 161.5 ms, GC Workers: 8]
      [GC Worker Start (ms): Min: 46418.0, Avg: 46418.2, Max: 46418.3, Diff: 0.3]
      [Ext Root Scanning (ms): Min: 0.0, Avg: 0.1, Max: 0.3, Diff: 0.3, Sum: 1.1]
      [Update RS (ms): Min: 16.7, Avg: 17.2, Max: 18.2, Diff: 1.5, Sum: 137.8]
         [Processed Buffers: Min: 8, Avg: 8.8, Max: 10, Diff: 2, Sum: 70]
      [Scan RS (ms): Min: 12.8, Avg: 13.9, Max: 14.5, Diff: 1.7, Sum: 111.5]
      [Code Root Scanning (ms): Min: 0.0, Avg: 0.0, Max: 0.0, Diff: 0.0, Sum: 0.0]
      [Object Copy (ms): Min: 129.3, Avg: 129.6, Max: 129.8, Diff: 0.5, Sum: 1036.7]
      [Termination (ms): Min: 0.0, Avg: 0.1, Max: 0.1, Diff: 0.1, Sum: 0.5]
         [Termination Attempts: Min: 1, Avg: 183.9, Max: 242, Diff: 241, Sum: 1471]
      [GC Worker Other (ms): Min: 0.0, Avg: 0.1, Max: 0.1, Diff: 0.1, Sum: 0.4]
      [GC Worker Total (ms): Min: 160.8, Avg: 161.0, Max: 161.2, Diff: 0.3, Sum: 1288.0]
      [GC Worker End (ms): Min: 46579.2, Avg: 46579.2, Max: 46579.2, Diff: 0.1]
   [Code Root Fixup: 0.0 ms]
   [Code Root Purge: 0.0 ms]
   [Clear CT: 0.6 ms]
   [Other: 1.7 ms]
      [Choose CSet: 0.0 ms]
      [Ref Proc: 0.6 ms]
      [Ref Enq: 0.0 ms]
      [Redirty Cards: 0.5 ms]
      [Humongous Register: 0.1 ms]
      [Humongous Reclaim: 0.0 ms]
      [Free CSet: 0.2 ms]
   [Eden: 121.0M(121.0M)->0.0B(125.0M) Survivors: 17.0M->18.0M Heap: 544.3M(2048.0M)->546.3M(2048.0M)]
 [Times: user=1.31 sys=0.02, real=0.16 secs] 
2020-09-29T11:59:44.497+0200: 46.728: [GC pause (G1 Evacuation Pause) (young), 0.1703764 secs]
   [Parallel Time: 167.5 ms, GC Workers: 8]
      [GC Worker Start (ms): Min: 46728.5, Avg: 46728.7, Max: 46728.8, Diff: 0.4]
      [Ext Root Scanning (ms): Min: 0.0, Avg: 0.1, Max: 0.4, Diff: 0.3, Sum: 1.1]
      [Update RS (ms): Min: 20.8, Avg: 21.2, Max: 22.2, Diff: 1.4, Sum: 169.8]
         [Processed Buffers: Min: 9, Avg: 10.8, Max: 13, Diff: 4, Sum: 86]
      [Scan RS (ms): Min: 12.2, Avg: 13.0, Max: 13.6, Diff: 1.4, Sum: 104.3]
      [Code Root Scanning (ms): Min: 0.0, Avg: 0.0, Max: 0.0, Diff: 0.0, Sum: 0.0]
      [Object Copy (ms): Min: 132.4, Avg: 132.5, Max: 132.6, Diff: 0.2, Sum: 1060.0]
      [Termination (ms): Min: 0.0, Avg: 0.1, Max: 0.1, Diff: 0.1, Sum: 0.4]
         [Termination Attempts: Min: 1, Avg: 149.4, Max: 217, Diff: 216, Sum: 1195]
      [GC Worker Other (ms): Min: 0.0, Avg: 0.1, Max: 0.1, Diff: 0.1, Sum: 0.5]
      [GC Worker Total (ms): Min: 166.9, Avg: 167.0, Max: 167.2, Diff: 0.3, Sum: 1336.1]
      [GC Worker End (ms): Min: 46895.7, Avg: 46895.7, Max: 46895.7, Diff: 0.1]
   [Code Root Fixup: 0.0 ms]
   [Code Root Purge: 0.0 ms]
   [Clear CT: 0.9 ms]
   [Other: 2.0 ms]
      [Choose CSet: 0.0 ms]
      [Ref Proc: 0.6 ms]
      [Ref Enq: 0.0 ms]
      [Redirty Cards: 0.9 ms]
      [Humongous Register: 0.1 ms]
      [Humongous Reclaim: 0.0 ms]
      [Free CSet: 0.2 ms]
   [Eden: 125.0M(125.0M)->0.0B(129.0M) Survivors: 18.0M->18.0M Heap: 692.3M(2048.0M)->694.8M(2048.0M)]
 [Times: user=1.38 sys=0.00, real=0.17 secs] 
2020-09-29T11:59:44.817+0200: 47.048: [GC pause (G1 Evacuation Pause) (young), 0.1833448 secs]
   [Parallel Time: 181.0 ms, GC Workers: 8]
      [GC Worker Start (ms): Min: 47048.0, Avg: 47048.2, Max: 47048.3, Diff: 0.3]
      [Ext Root Scanning (ms): Min: 0.0, Avg: 0.1, Max: 0.3, Diff: 0.3, Sum: 1.0]
      [Update RS (ms): Min: 18.0, Avg: 18.7, Max: 22.7, Diff: 4.6, Sum: 149.9]
         [Processed Buffers: Min: 8, Avg: 10.4, Max: 14, Diff: 6, Sum: 83]
      [Scan RS (ms): Min: 11.2, Avg: 15.3, Max: 16.3, Diff: 5.0, Sum: 122.6]
      [Code Root Scanning (ms): Min: 0.0, Avg: 0.0, Max: 0.0, Diff: 0.0, Sum: 0.0]
      [Object Copy (ms): Min: 146.0, Avg: 146.3, Max: 146.5, Diff: 0.5, Sum: 1170.7]
      [Termination (ms): Min: 0.0, Avg: 0.0, Max: 0.0, Diff: 0.0, Sum: 0.2]
         [Termination Attempts: Min: 1, Avg: 48.9, Max: 72, Diff: 71, Sum: 391]
      [GC Worker Other (ms): Min: 0.0, Avg: 0.1, Max: 0.1, Diff: 0.1, Sum: 0.5]
      [GC Worker Total (ms): Min: 180.5, Avg: 180.6, Max: 180.8, Diff: 0.3, Sum: 1444.9]
      [GC Worker End (ms): Min: 47228.8, Avg: 47228.8, Max: 47228.9, Diff: 0.1]
   [Code Root Fixup: 0.0 ms]
   [Code Root Purge: 0.0 ms]
   [Clear CT: 0.4 ms]
   [Other: 1.9 ms]
      [Choose CSet: 0.0 ms]
      [Ref Proc: 0.3 ms]
      [Ref Enq: 0.0 ms]
      [Redirty Cards: 1.1 ms]
      [Humongous Register: 0.1 ms]
      [Humongous Reclaim: 0.0 ms]
      [Free CSet: 0.2 ms]
   [Eden: 129.0M(129.0M)->0.0B(128.0M) Survivors: 18.0M->19.0M Heap: 846.7M(2048.0M)->849.2M(2048.0M)]
 [Times: user=1.38 sys=0.00, real=0.18 secs] 
2020-09-29T11:59:45.087+0200: 47.318: [GC pause (G1 Evacuation Pause) (young), 0.0717433 secs]
   [Parallel Time: 70.7 ms, GC Workers: 8]
      [GC Worker Start (ms): Min: 47318.0, Avg: 47318.0, Max: 47318.1, Diff: 0.2]
      [Ext Root Scanning (ms): Min: 0.0, Avg: 0.1, Max: 0.2, Diff: 0.2, Sum: 0.5]
      [Update RS (ms): Min: 9.4, Avg: 9.4, Max: 9.6, Diff: 0.1, Sum: 75.5]
         [Processed Buffers: Min: 9, Avg: 11.0, Max: 15, Diff: 6, Sum: 88]
      [Scan RS (ms): Min: 5.7, Avg: 5.7, Max: 5.8, Diff: 0.1, Sum: 45.9]
      [Code Root Scanning (ms): Min: 0.0, Avg: 0.0, Max: 0.0, Diff: 0.0, Sum: 0.0]
      [Object Copy (ms): Min: 55.2, Avg: 55.2, Max: 55.2, Diff: 0.1, Sum: 441.6]
      [Termination (ms): Min: 0.0, Avg: 0.0, Max: 0.0, Diff: 0.0, Sum: 0.1]
         [Termination Attempts: Min: 1, Avg: 75.9, Max: 94, Diff: 93, Sum: 607]
      [GC Worker Other (ms): Min: 0.0, Avg: 0.0, Max: 0.1, Diff: 0.1, Sum: 0.3]
      [GC Worker Total (ms): Min: 70.4, Avg: 70.5, Max: 70.6, Diff: 0.2, Sum: 564.0]
      [GC Worker End (ms): Min: 47388.5, Avg: 47388.5, Max: 47388.6, Diff: 0.1]
   [Code Root Fixup: 0.0 ms]
   [Code Root Purge: 0.0 ms]
   [Clear CT: 0.3 ms]
   [Other: 0.8 ms]
      [Choose CSet: 0.0 ms]
      [Ref Proc: 0.2 ms]
      [Ref Enq: 0.0 ms]
      [Redirty Cards: 0.3 ms]
      [Humongous Register: 0.0 ms]
      [Humongous Reclaim: 0.0 ms]
      [Free CSet: 0.1 ms]
   [Eden: 128.0M(128.0M)->0.0B(149.0M) Survivors: 19.0M->19.0M Heap: 998.1M(2048.0M)->1000.1M(2048.0M)]
 [Times: user=0.50 sys=0.00, real=0.07 secs] 
2020-09-29T11:59:45.165+0200: 47.396: [GC pause (G1 Humongous Allocation) (young) (initial-mark), 0.0301524 secs]
   [Parallel Time: 28.5 ms, GC Workers: 8]
      [GC Worker Start (ms): Min: 47395.8, Avg: 47395.9, Max: 47396.0, Diff: 0.2]
      [Ext Root Scanning (ms): Min: 0.0, Avg: 0.2, Max: 0.3, Diff: 0.3, Sum: 1.4]
      [Update RS (ms): Min: 14.8, Avg: 15.3, Max: 15.7, Diff: 0.9, Sum: 122.3]
         [Processed Buffers: Min: 18, Avg: 19.5, Max: 21, Diff: 3, Sum: 156]
      [Scan RS (ms): Min: 0.7, Avg: 1.2, Max: 1.6, Diff: 1.0, Sum: 9.2]
      [Code Root Scanning (ms): Min: 0.0, Avg: 0.0, Max: 0.0, Diff: 0.0, Sum: 0.0]
      [Object Copy (ms): Min: 11.6, Avg: 11.6, Max: 11.7, Diff: 0.1, Sum: 93.0]
      [Termination (ms): Min: 0.0, Avg: 0.0, Max: 0.0, Diff: 0.0, Sum: 0.0]
         [Termination Attempts: Min: 1, Avg: 34.4, Max: 54, Diff: 53, Sum: 275]
      [GC Worker Other (ms): Min: 0.0, Avg: 0.0, Max: 0.0, Diff: 0.0, Sum: 0.1]
      [GC Worker Total (ms): Min: 28.2, Avg: 28.3, Max: 28.3, Diff: 0.1, Sum: 226.1]
      [GC Worker End (ms): Min: 47424.2, Avg: 47424.2, Max: 47424.2, Diff: 0.0]
   [Code Root Fixup: 0.0 ms]
   [Code Root Purge: 0.0 ms]
   [Clear CT: 0.5 ms]
   [Other: 1.1 ms]
      [Choose CSet: 0.0 ms]
      [Ref Proc: 0.4 ms]
      [Ref Enq: 0.0 ms]
      [Redirty Cards: 0.4 ms]
      [Humongous Register: 0.0 ms]
      [Humongous Reclaim: 0.0 ms]
      [Free CSet: 0.0 ms]
   [Eden: 9216.0K(149.0M)->0.0B(185.0M) Survivors: 19.0M->11.0M Heap: 1009.1M(2048.0M)->1012.1M(2048.0M)]
 [Times: user=0.25 sys=0.00, real=0.03 secs] 
2020-09-29T11:59:45.195+0200: 47.426: [GC concurrent-root-region-scan-start]
2020-09-29T11:59:45.197+0200: 47.428: [GC concurrent-root-region-scan-end, 0.0017601 secs]
2020-09-29T11:59:45.197+0200: 47.428: [GC concurrent-mark-start]
2020-09-29T11:59:45.199+0200: 47.430: [GC concurrent-mark-end, 0.0022095 secs]
2020-09-29T11:59:45.199+0200: 47.430: [GC remark 2020-09-29T11:59:45.199+0200: 47.430: [Finalize Marking, 0.0002034 secs] 2020-09-29T11:59:45.199+0200: 47.430: [GC ref-proc, 0.0002632 secs] 2020-09-29T11:59:45.200+0200: 47.431: [Unloading, 0.0005953 secs], 0.0015279 secs]
 [Times: user=0.00 sys=0.00, real=0.00 secs] 
2020-09-29T11:59:45.201+0200: 47.432: [GC cleanup 1023M->27M(2048M), 0.0017723 secs]
 [Times: user=0.00 sys=0.00, real=0.00 secs] 
2020-09-29T11:59:45.203+0200: 47.434: [GC concurrent-cleanup-start]
2020-09-29T11:59:45.204+0200: 47.435: [GC concurrent-cleanup-end, 0.0011775 secs]
2020-09-29T11:59:45.293+0200: 47.524: [GC pause (G1 Evacuation Pause) (young), 0.0967131 secs]
   [Parallel Time: 95.7 ms, GC Workers: 8]
      [GC Worker Start (ms): Min: 47524.5, Avg: 47524.5, Max: 47524.6, Diff: 0.1]
      [Ext Root Scanning (ms): Min: 0.0, Avg: 0.1, Max: 0.1, Diff: 0.1, Sum: 0.6]
      [Update RS (ms): Min: 11.5, Avg: 11.6, Max: 11.7, Diff: 0.2, Sum: 92.4]
         [Processed Buffers: Min: 12, Avg: 13.8, Max: 18, Diff: 6, Sum: 110]
      [Scan RS (ms): Min: 8.1, Avg: 9.8, Max: 20.7, Diff: 12.6, Sum: 78.5]
      [Code Root Scanning (ms): Min: 0.0, Avg: 0.0, Max: 0.0, Diff: 0.0, Sum: 0.0]
      [Object Copy (ms): Min: 63.2, Avg: 74.1, Max: 75.7, Diff: 12.5, Sum: 593.0]
      [Termination (ms): Min: 0.0, Avg: 0.0, Max: 0.0, Diff: 0.0, Sum: 0.1]
         [Termination Attempts: Min: 1, Avg: 121.0, Max: 158, Diff: 157, Sum: 968]
      [GC Worker Other (ms): Min: 0.0, Avg: 0.0, Max: 0.1, Diff: 0.1, Sum: 0.4]
      [GC Worker Total (ms): Min: 95.5, Avg: 95.6, Max: 95.7, Diff: 0.1, Sum: 765.0]
      [GC Worker End (ms): Min: 47620.1, Avg: 47620.2, Max: 47620.2, Diff: 0.0]
   [Code Root Fixup: 0.0 ms]
   [Code Root Purge: 0.0 ms]
   [Clear CT: 0.2 ms]
   [Other: 0.8 ms]
      [Choose CSet: 0.0 ms]
      [Ref Proc: 0.2 ms]
      [Ref Enq: 0.0 ms]
      [Redirty Cards: 0.2 ms]
      [Humongous Register: 0.0 ms]
      [Humongous Reclaim: 0.0 ms]
      [Free CSet: 0.1 ms]
   [Eden: 185.0M(185.0M)->0.0B(199.0M) Survivors: 11.0M->25.0M Heap: 233.9M(2048.0M)->224.9M(2048.0M)]
 [Times: user=0.73 sys=0.00, real=0.10 secs] 
2020-09-29T11:59:45.498+0200: 47.729: [GC pause (G1 Evacuation Pause) (young), 0.1109447 secs]
   [Parallel Time: 110.0 ms, GC Workers: 8]
      [GC Worker Start (ms): Min: 47728.9, Avg: 47729.0, Max: 47729.1, Diff: 0.2]
      [Ext Root Scanning (ms): Min: 0.0, Avg: 0.1, Max: 0.2, Diff: 0.2, Sum: 0.6]
      [Update RS (ms): Min: 12.6, Avg: 12.7, Max: 12.9, Diff: 0.3, Sum: 101.9]
         [Processed Buffers: Min: 13, Avg: 15.3, Max: 17, Diff: 4, Sum: 122]
      [Scan RS (ms): Min: 9.9, Avg: 10.1, Max: 10.3, Diff: 0.4, Sum: 80.8]
      [Code Root Scanning (ms): Min: 0.0, Avg: 0.0, Max: 0.0, Diff: 0.0, Sum: 0.0]
      [Object Copy (ms): Min: 86.6, Avg: 86.7, Max: 86.8, Diff: 0.1, Sum: 693.8]
      [Termination (ms): Min: 0.0, Avg: 0.1, Max: 0.1, Diff: 0.1, Sum: 0.6]
         [Termination Attempts: Min: 1, Avg: 489.5, Max: 616, Diff: 615, Sum: 3916]
      [GC Worker Other (ms): Min: 0.0, Avg: 0.0, Max: 0.0, Diff: 0.0, Sum: 0.2]
      [GC Worker Total (ms): Min: 109.7, Avg: 109.7, Max: 109.8, Diff: 0.1, Sum: 877.9]
      [GC Worker End (ms): Min: 47838.8, Avg: 47838.8, Max: 47838.8, Diff: 0.0]
   [Code Root Fixup: 0.0 ms]
   [Code Root Purge: 0.0 ms]
   [Clear CT: 0.1 ms]
   [Other: 0.8 ms]
      [Choose CSet: 0.0 ms]
      [Ref Proc: 0.2 ms]
      [Ref Enq: 0.0 ms]
      [Redirty Cards: 0.2 ms]
      [Humongous Register: 0.0 ms]
      [Humongous Reclaim: 0.0 ms]
      [Free CSet: 0.2 ms]
   [Eden: 199.0M(199.0M)->0.0B(218.0M) Survivors: 25.0M->28.0M Heap: 456.4M(2048.0M)->458.4M(2048.0M)]
 [Times: user=0.83 sys=0.05, real=0.11 secs] 
2020-09-29T11:59:45.716+0200: 47.947: [GC pause (G1 Evacuation Pause) (young), 0.1153442 secs]
   [Parallel Time: 113.8 ms, GC Workers: 8]
      [GC Worker Start (ms): Min: 47947.3, Avg: 47947.4, Max: 47947.5, Diff: 0.2]
      [Ext Root Scanning (ms): Min: 0.0, Avg: 0.1, Max: 0.2, Diff: 0.2, Sum: 0.5]
      [Update RS (ms): Min: 15.6, Avg: 15.8, Max: 16.1, Diff: 0.4, Sum: 126.4]
         [Processed Buffers: Min: 16, Avg: 18.1, Max: 20, Diff: 4, Sum: 145]
      [Scan RS (ms): Min: 8.4, Avg: 8.7, Max: 8.9, Diff: 0.5, Sum: 69.9]
      [Code Root Scanning (ms): Min: 0.0, Avg: 0.0, Max: 0.0, Diff: 0.0, Sum: 0.0]
      [Object Copy (ms): Min: 88.8, Avg: 88.9, Max: 89.0, Diff: 0.2, Sum: 711.3]
      [Termination (ms): Min: 0.0, Avg: 0.0, Max: 0.0, Diff: 0.0, Sum: 0.1]
         [Termination Attempts: Min: 1, Avg: 66.1, Max: 94, Diff: 93, Sum: 529]
      [GC Worker Other (ms): Min: 0.0, Avg: 0.0, Max: 0.0, Diff: 0.0, Sum: 0.2]
      [GC Worker Total (ms): Min: 113.5, Avg: 113.6, Max: 113.7, Diff: 0.2, Sum: 908.4]
      [GC Worker End (ms): Min: 48061.0, Avg: 48061.0, Max: 48061.0, Diff: 0.0]
   [Code Root Fixup: 0.0 ms]
   [Code Root Purge: 0.0 ms]
   [Clear CT: 0.6 ms]
   [Other: 0.9 ms]
      [Choose CSet: 0.0 ms]
      [Ref Proc: 0.2 ms]
      [Ref Enq: 0.0 ms]
      [Redirty Cards: 0.3 ms]
      [Humongous Register: 0.0 ms]
      [Humongous Reclaim: 0.0 ms]
      [Free CSet: 0.2 ms]
   [Eden: 208.0M(208.0M)->0.0B(245.0M) Survivors: 28.0M->30.0M Heap: 700.7M(2048.0M)->702.7M(2048.0M)]
 [Times: user=0.88 sys=0.00, real=0.12 secs] 
2020-09-29T11:59:45.957+0200: 48.188: [GC pause (G1 Evacuation Pause) (young), 0.1354941 secs]
   [Parallel Time: 134.2 ms, GC Workers: 8]
      [GC Worker Start (ms): Min: 48187.9, Avg: 48188.0, Max: 48188.0, Diff: 0.1]
      [Ext Root Scanning (ms): Min: 0.0, Avg: 0.1, Max: 0.1, Diff: 0.1, Sum: 0.6]
      [Update RS (ms): Min: 16.3, Avg: 16.5, Max: 16.8, Diff: 0.6, Sum: 131.6]
         [Processed Buffers: Min: 18, Avg: 20.6, Max: 24, Diff: 6, Sum: 165]
      [Scan RS (ms): Min: 10.7, Avg: 11.2, Max: 11.4, Diff: 0.6, Sum: 89.4]
      [Code Root Scanning (ms): Min: 0.0, Avg: 0.0, Max: 0.0, Diff: 0.0, Sum: 0.0]
      [Object Copy (ms): Min: 106.1, Avg: 106.2, Max: 106.3, Diff: 0.1, Sum: 849.5]
      [Termination (ms): Min: 0.0, Avg: 0.1, Max: 0.1, Diff: 0.1, Sum: 0.8]
         [Termination Attempts: Min: 1, Avg: 749.4, Max: 926, Diff: 925, Sum: 5995]
      [GC Worker Other (ms): Min: 0.0, Avg: 0.0, Max: 0.1, Diff: 0.0, Sum: 0.3]
      [GC Worker Total (ms): Min: 134.0, Avg: 134.0, Max: 134.1, Diff: 0.1, Sum: 1072.2]
      [GC Worker End (ms): Min: 48322.0, Avg: 48322.0, Max: 48322.0, Diff: 0.0]
   [Code Root Fixup: 0.0 ms]
   [Code Root Purge: 0.0 ms]
   [Clear CT: 0.4 ms]
   [Other: 0.9 ms]
      [Choose CSet: 0.0 ms]
      [Ref Proc: 0.3 ms]
      [Ref Enq: 0.0 ms]
      [Redirty Cards: 0.2 ms]
      [Humongous Register: 0.0 ms]
      [Humongous Reclaim: 0.0 ms]
      [Free CSet: 0.2 ms]
   [Eden: 245.0M(245.0M)->0.0B(255.0M) Survivors: 30.0M->35.0M Heap: 989.6M(2048.0M)->991.6M(2048.0M)]
 [Times: user=1.13 sys=0.00, real=0.13 secs] 
2020-09-29T11:59:46.099+0200: 48.330: [GC pause (G1 Humongous Allocation) (young) (initial-mark), 0.0499615 secs]
   [Parallel Time: 49.2 ms, GC Workers: 8]
      [GC Worker Start (ms): Min: 48330.1, Avg: 48330.1, Max: 48330.2, Diff: 0.1]
      [Ext Root Scanning (ms): Min: 0.0, Avg: 0.1, Max: 0.1, Diff: 0.1, Sum: 0.6]
      [Update RS (ms): Min: 28.0, Avg: 28.3, Max: 28.6, Diff: 0.5, Sum: 226.1]
         [Processed Buffers: Min: 36, Avg: 37.5, Max: 39, Diff: 3, Sum: 300]
      [Scan RS (ms): Min: 1.8, Avg: 2.1, Max: 2.4, Diff: 0.6, Sum: 16.9]
      [Code Root Scanning (ms): Min: 0.0, Avg: 0.0, Max: 0.0, Diff: 0.0, Sum: 0.0]
      [Object Copy (ms): Min: 18.5, Avg: 18.5, Max: 18.5, Diff: 0.1, Sum: 148.1]
      [Termination (ms): Min: 0.0, Avg: 0.0, Max: 0.0, Diff: 0.0, Sum: 0.1]
         [Termination Attempts: Min: 1, Avg: 104.9, Max: 137, Diff: 136, Sum: 839]
      [GC Worker Other (ms): Min: 0.0, Avg: 0.0, Max: 0.0, Diff: 0.0, Sum: 0.1]
      [GC Worker Total (ms): Min: 48.9, Avg: 49.0, Max: 49.1, Diff: 0.1, Sum: 391.9]
      [GC Worker End (ms): Min: 48379.1, Avg: 48379.1, Max: 48379.1, Diff: 0.0]
   [Code Root Fixup: 0.0 ms]
   [Code Root Purge: 0.0 ms]
   [Clear CT: 0.2 ms]
   [Other: 0.6 ms]
      [Choose CSet: 0.0 ms]
      [Ref Proc: 0.2 ms]
      [Ref Enq: 0.0 ms]
      [Redirty Cards: 0.2 ms]
      [Humongous Register: 0.0 ms]
      [Humongous Reclaim: 0.0 ms]
      [Free CSet: 0.0 ms]
   [Eden: 10.0M(255.0M)->0.0B(292.0M) Survivors: 35.0M->13.0M Heap: 1001.6M(2048.0M)->1005.6M(2048.0M)]
 [Times: user=0.38 sys=0.00, real=0.05 secs] 
2020-09-29T11:59:46.149+0200: 48.380: [GC concurrent-root-region-scan-start]
2020-09-29T11:59:46.151+0200: 48.383: [GC concurrent-root-region-scan-end, 0.0025495 secs]
2020-09-29T11:59:46.151+0200: 48.383: [GC concurrent-mark-start]
2020-09-29T11:59:46.154+0200: 48.385: [GC concurrent-mark-end, 0.0021480 secs]
2020-09-29T11:59:46.154+0200: 48.385: [GC remark 2020-09-29T11:59:46.154+0200: 48.385: [Finalize Marking, 0.0001878 secs] 2020-09-29T11:59:46.154+0200: 48.385: [GC ref-proc, 0.0002728 secs] 2020-09-29T11:59:46.154+0200: 48.385: [Unloading, 0.0004741 secs], 0.0012021 secs]
 [Times: user=0.00 sys=0.00, real=0.00 secs] 
2020-09-29T11:59:46.155+0200: 48.386: [GC cleanup 1017M->30M(2048M), 0.0010487 secs]
 [Times: user=0.00 sys=0.00, real=0.00 secs] 
2020-09-29T11:59:46.156+0200: 48.388: [GC concurrent-cleanup-start]
2020-09-29T11:59:46.158+0200: 48.389: [GC concurrent-cleanup-end, 0.0011965 secs]
2020-09-29T11:59:46.297+0200: 48.528: [GC pause (G1 Evacuation Pause) (young), 0.1382569 secs]
   [Parallel Time: 137.4 ms, GC Workers: 8]
      [GC Worker Start (ms): Min: 48528.0, Avg: 48528.0, Max: 48528.1, Diff: 0.1]
      [Ext Root Scanning (ms): Min: 0.0, Avg: 0.1, Max: 0.1, Diff: 0.1, Sum: 0.6]
      [Update RS (ms): Min: 12.7, Avg: 12.8, Max: 13.1, Diff: 0.4, Sum: 102.7]
         [Processed Buffers: Min: 12, Avg: 15.1, Max: 19, Diff: 7, Sum: 121]
      [Scan RS (ms): Min: 13.6, Avg: 13.8, Max: 14.1, Diff: 0.5, Sum: 110.1]
      [Code Root Scanning (ms): Min: 0.0, Avg: 0.0, Max: 0.0, Diff: 0.0, Sum: 0.0]
      [Object Copy (ms): Min: 110.3, Avg: 110.4, Max: 110.5, Diff: 0.2, Sum: 883.4]
      [Termination (ms): Min: 0.0, Avg: 0.0, Max: 0.0, Diff: 0.0, Sum: 0.2]
         [Termination Attempts: Min: 1, Avg: 209.6, Max: 265, Diff: 264, Sum: 1677]
      [GC Worker Other (ms): Min: 0.0, Avg: 0.0, Max: 0.1, Diff: 0.1, Sum: 0.3]
      [GC Worker Total (ms): Min: 137.1, Avg: 137.2, Max: 137.2, Diff: 0.1, Sum: 1097.4]
      [GC Worker End (ms): Min: 48665.2, Avg: 48665.2, Max: 48665.2, Diff: 0.1]
   [Code Root Fixup: 0.0 ms]
   [Code Root Purge: 0.0 ms]
   [Clear CT: 0.2 ms]
   [Other: 0.7 ms]
      [Choose CSet: 0.0 ms]
      [Ref Proc: 0.2 ms]
      [Ref Enq: 0.0 ms]
      [Redirty Cards: 0.2 ms]
      [Humongous Register: 0.0 ms]
      [Humongous Reclaim: 0.0 ms]
      [Free CSet: 0.2 ms]
   [Eden: 292.0M(292.0M)->0.0B(284.0M) Survivors: 13.0M->39.0M Heap: 360.1M(2048.0M)->350.1M(2048.0M)]
 [Times: user=1.13 sys=0.00, real=0.14 secs] 
2020-09-29T11:59:46.573+0200: 48.804: [GC pause (G1 Evacuation Pause) (young), 0.1576752 secs]
   [Parallel Time: 156.6 ms, GC Workers: 8]
      [GC Worker Start (ms): Min: 48804.0, Avg: 48804.1, Max: 48804.2, Diff: 0.2]
      [Ext Root Scanning (ms): Min: 0.0, Avg: 0.1, Max: 0.2, Diff: 0.2, Sum: 0.6]
      [Update RS (ms): Min: 16.4, Avg: 16.6, Max: 16.8, Diff: 0.3, Sum: 132.7]
         [Processed Buffers: Min: 18, Avg: 20.1, Max: 24, Diff: 6, Sum: 161]
      [Scan RS (ms): Min: 15.1, Avg: 15.4, Max: 15.5, Diff: 0.4, Sum: 122.8]
      [Code Root Scanning (ms): Min: 0.0, Avg: 0.0, Max: 0.0, Diff: 0.0, Sum: 0.0]
      [Object Copy (ms): Min: 124.1, Avg: 124.3, Max: 124.4, Diff: 0.2, Sum: 994.4]
      [Termination (ms): Min: 0.0, Avg: 0.0, Max: 0.1, Diff: 0.1, Sum: 0.3]
         [Termination Attempts: Min: 1, Avg: 270.1, Max: 422, Diff: 421, Sum: 2161]
      [GC Worker Other (ms): Min: 0.0, Avg: 0.0, Max: 0.1, Diff: 0.1, Sum: 0.3]
      [GC Worker Total (ms): Min: 156.3, Avg: 156.4, Max: 156.5, Diff: 0.1, Sum: 1251.2]
      [GC Worker End (ms): Min: 48960.5, Avg: 48960.5, Max: 48960.6, Diff: 0.1]
   [Code Root Fixup: 0.0 ms]
   [Code Root Purge: 0.0 ms]
   [Clear CT: 0.2 ms]
   [Other: 0.9 ms]
      [Choose CSet: 0.0 ms]
      [Ref Proc: 0.2 ms]
      [Ref Enq: 0.0 ms]
      [Redirty Cards: 0.3 ms]
      [Humongous Register: 0.0 ms]
      [Humongous Reclaim: 0.0 ms]
      [Free CSet: 0.3 ms]
   [Eden: 284.0M(284.0M)->0.0B(286.0M) Survivors: 39.0M->41.0M Heap: 681.8M(2048.0M)->683.3M(2048.0M)]
 [Times: user=1.25 sys=0.00, real=0.16 secs] 
2020-09-29T11:59:46.879+0200: 49.110: [GC pause (G1 Evacuation Pause) (young), 0.1553040 secs]
   [Parallel Time: 154.2 ms, GC Workers: 8]
      [GC Worker Start (ms): Min: 49110.1, Avg: 49110.2, Max: 49110.2, Diff: 0.1]
      [Ext Root Scanning (ms): Min: 0.0, Avg: 0.1, Max: 0.1, Diff: 0.1, Sum: 0.6]
      [Update RS (ms): Min: 14.6, Avg: 14.6, Max: 14.8, Diff: 0.2, Sum: 117.1]
         [Processed Buffers: Min: 15, Avg: 17.8, Max: 19, Diff: 4, Sum: 142]
      [Scan RS (ms): Min: 15.3, Avg: 15.6, Max: 15.7, Diff: 0.4, Sum: 124.6]
      [Code Root Scanning (ms): Min: 0.0, Avg: 0.0, Max: 0.0, Diff: 0.0, Sum: 0.0]
      [Object Copy (ms): Min: 123.5, Avg: 123.5, Max: 123.7, Diff: 0.2, Sum: 988.4]
      [Termination (ms): Min: 0.0, Avg: 0.0, Max: 0.0, Diff: 0.0, Sum: 0.1]
         [Termination Attempts: Min: 1, Avg: 47.9, Max: 64, Diff: 63, Sum: 383]
      [GC Worker Other (ms): Min: 0.0, Avg: 0.0, Max: 0.1, Diff: 0.1, Sum: 0.3]
      [GC Worker Total (ms): Min: 153.8, Avg: 153.9, Max: 154.0, Diff: 0.1, Sum: 1231.1]
      [GC Worker End (ms): Min: 49264.0, Avg: 49264.1, Max: 49264.1, Diff: 0.1]
   [Code Root Fixup: 0.0 ms]
   [Code Root Purge: 0.0 ms]
   [Clear CT: 0.2 ms]
   [Other: 0.9 ms]
      [Choose CSet: 0.0 ms]
      [Ref Proc: 0.3 ms]
      [Ref Enq: 0.0 ms]
      [Redirty Cards: 0.2 ms]
      [Humongous Register: 0.1 ms]
      [Humongous Reclaim: 0.0 ms]
      [Free CSet: 0.2 ms]
   [Eden: 286.0M(286.0M)->0.0B(297.0M) Survivors: 41.0M->41.0M Heap: 1017.0M(2048.0M)->1019.5M(2048.0M)]
 [Times: user=1.25 sys=0.00, real=0.15 secs] 
2020-09-29T11:59:47.044+0200: 49.275: [GC pause (G1 Humongous Allocation) (young) (initial-mark), 0.0529493 secs]
   [Parallel Time: 52.2 ms, GC Workers: 8]
      [GC Worker Start (ms): Min: 49274.8, Avg: 49274.9, Max: 49274.9, Diff: 0.1]
      [Ext Root Scanning (ms): Min: 0.0, Avg: 0.3, Max: 1.2, Diff: 1.2, Sum: 2.1]
      [Update RS (ms): Min: 28.9, Avg: 29.8, Max: 30.1, Diff: 1.2, Sum: 238.1]
         [Processed Buffers: Min: 36, Avg: 39.9, Max: 42, Diff: 6, Sum: 319]
      [Scan RS (ms): Min: 2.3, Avg: 2.5, Max: 2.6, Diff: 0.3, Sum: 19.9]
      [Code Root Scanning (ms): Min: 0.0, Avg: 0.0, Max: 0.0, Diff: 0.0, Sum: 0.0]
      [Object Copy (ms): Min: 19.4, Avg: 19.5, Max: 19.5, Diff: 0.1, Sum: 155.9]
      [Termination (ms): Min: 0.0, Avg: 0.0, Max: 0.0, Diff: 0.0, Sum: 0.1]
         [Termination Attempts: Min: 1, Avg: 102.1, Max: 143, Diff: 142, Sum: 817]
      [GC Worker Other (ms): Min: 0.0, Avg: 0.0, Max: 0.0, Diff: 0.0, Sum: 0.1]
      [GC Worker Total (ms): Min: 52.0, Avg: 52.0, Max: 52.1, Diff: 0.1, Sum: 416.2]
      [GC Worker End (ms): Min: 49326.9, Avg: 49326.9, Max: 49326.9, Diff: 0.0]
   [Code Root Fixup: 0.0 ms]
   [Code Root Purge: 0.0 ms]
   [Clear CT: 0.1 ms]
   [Other: 0.6 ms]
      [Choose CSet: 0.0 ms]
      [Ref Proc: 0.2 ms]
      [Ref Enq: 0.0 ms]
      [Redirty Cards: 0.1 ms]
      [Humongous Register: 0.0 ms]
      [Humongous Reclaim: 0.0 ms]
      [Free CSet: 0.1 ms]
   [Eden: 8192.0K(297.0M)->0.0B(338.0M) Survivors: 41.0M->10.0M Heap: 1027.5M(2048.0M)->1030.5M(2048.0M)]
 [Times: user=0.38 sys=0.00, real=0.05 secs] 
2020-09-29T11:59:47.097+0200: 49.328: [GC concurrent-root-region-scan-start]
2020-09-29T11:59:47.099+0200: 49.330: [GC concurrent-root-region-scan-end, 0.0025084 secs]
2020-09-29T11:59:47.099+0200: 49.330: [GC concurrent-mark-start]
2020-09-29T11:59:47.101+0200: 49.332: [GC concurrent-mark-end, 0.0021575 secs]
2020-09-29T11:59:47.102+0200: 49.333: [GC remark 2020-09-29T11:59:47.102+0200: 49.333: [Finalize Marking, 0.0002717 secs] 2020-09-29T11:59:47.102+0200: 49.333: [GC ref-proc, 0.0002646 secs] 2020-09-29T11:59:47.102+0200: 49.333: [Unloading, 0.0005429 secs], 0.0013386 secs]
 [Times: user=0.00 sys=0.00, real=0.00 secs] 
2020-09-29T11:59:47.103+0200: 49.334: [GC cleanup 1043M->28M(2048M), 0.0013262 secs]
 [Times: user=0.00 sys=0.00, real=0.00 secs] 
2020-09-29T11:59:47.105+0200: 49.336: [GC concurrent-cleanup-start]
2020-09-29T11:59:47.106+0200: 49.337: [GC concurrent-cleanup-end, 0.0013825 secs]
2020-09-29T11:59:47.266+0200: 49.497: [GC pause (G1 Evacuation Pause) (young), 0.1641667 secs]
   [Parallel Time: 163.0 ms, GC Workers: 8]
      [GC Worker Start (ms): Min: 49497.3, Avg: 49497.3, Max: 49497.4, Diff: 0.2]
      [Ext Root Scanning (ms): Min: 0.0, Avg: 0.1, Max: 0.1, Diff: 0.1, Sum: 0.4]
      [Update RS (ms): Min: 13.8, Avg: 14.0, Max: 14.3, Diff: 0.5, Sum: 111.8]
         [Processed Buffers: Min: 16, Avg: 17.0, Max: 20, Diff: 4, Sum: 136]
      [Scan RS (ms): Min: 17.1, Avg: 17.6, Max: 18.3, Diff: 1.2, Sum: 140.6]
      [Code Root Scanning (ms): Min: 0.0, Avg: 0.0, Max: 0.0, Diff: 0.0, Sum: 0.0]
      [Object Copy (ms): Min: 130.4, Avg: 131.2, Max: 131.3, Diff: 0.9, Sum: 1049.3]
      [Termination (ms): Min: 0.0, Avg: 0.0, Max: 0.0, Diff: 0.0, Sum: 0.0]
         [Termination Attempts: Min: 1, Avg: 35.6, Max: 49, Diff: 48, Sum: 285]
      [GC Worker Other (ms): Min: 0.0, Avg: 0.0, Max: 0.1, Diff: 0.1, Sum: 0.3]
      [GC Worker Total (ms): Min: 162.7, Avg: 162.8, Max: 162.9, Diff: 0.2, Sum: 1302.4]
      [GC Worker End (ms): Min: 49660.1, Avg: 49660.1, Max: 49660.2, Diff: 0.1]
   [Code Root Fixup: 0.0 ms]
   [Code Root Purge: 0.0 ms]
   [Clear CT: 0.2 ms]
   [Other: 1.0 ms]
      [Choose CSet: 0.0 ms]
      [Ref Proc: 0.2 ms]
      [Ref Enq: 0.0 ms]
      [Redirty Cards: 0.3 ms]
      [Humongous Register: 0.0 ms]
      [Humongous Reclaim: 0.0 ms]
      [Free CSet: 0.2 ms]
   [Eden: 338.0M(338.0M)->0.0B(311.0M) Survivors: 10.0M->44.0M Heap: 411.2M(2048.0M)->402.7M(2048.0M)]
 [Times: user=1.34 sys=0.00, real=0.16 secs] 
2020-09-29T11:59:47.586+0200: 49.817: [GC pause (G1 Evacuation Pause) (young), 0.1752591 secs]
   [Parallel Time: 174.1 ms, GC Workers: 8]
      [GC Worker Start (ms): Min: 49817.2, Avg: 49817.2, Max: 49817.3, Diff: 0.1]
      [Ext Root Scanning (ms): Min: 0.0, Avg: 0.1, Max: 0.2, Diff: 0.1, Sum: 0.6]
      [Update RS (ms): Min: 15.4, Avg: 15.6, Max: 16.0, Diff: 0.6, Sum: 125.1]
         [Processed Buffers: Min: 17, Avg: 18.0, Max: 19, Diff: 2, Sum: 144]
      [Scan RS (ms): Min: 18.3, Avg: 18.7, Max: 19.1, Diff: 0.8, Sum: 149.5]
      [Code Root Scanning (ms): Min: 0.0, Avg: 0.0, Max: 0.0, Diff: 0.0, Sum: 0.0]
      [Object Copy (ms): Min: 139.2, Avg: 139.4, Max: 139.5, Diff: 0.3, Sum: 1115.1]
      [Termination (ms): Min: 0.0, Avg: 0.1, Max: 0.1, Diff: 0.1, Sum: 0.5]
         [Termination Attempts: Min: 1, Avg: 477.9, Max: 675, Diff: 674, Sum: 3823]
      [GC Worker Other (ms): Min: 0.0, Avg: 0.0, Max: 0.1, Diff: 0.1, Sum: 0.3]
      [GC Worker Total (ms): Min: 173.8, Avg: 173.9, Max: 174.0, Diff: 0.2, Sum: 1391.2]
      [GC Worker End (ms): Min: 49991.1, Avg: 49991.1, Max: 49991.2, Diff: 0.1]
   [Code Root Fixup: 0.0 ms]
   [Code Root Purge: 0.0 ms]
   [Clear CT: 0.3 ms]
   [Other: 0.9 ms]
      [Choose CSet: 0.0 ms]
      [Ref Proc: 0.1 ms]
      [Ref Enq: 0.0 ms]
      [Redirty Cards: 0.3 ms]
      [Humongous Register: 0.0 ms]
      [Humongous Reclaim: 0.0 ms]
      [Free CSet: 0.2 ms]
   [Eden: 311.0M(311.0M)->0.0B(304.0M) Survivors: 44.0M->45.0M Heap: 765.2M(2048.0M)->767.7M(2048.0M)]
 [Times: user=1.38 sys=0.00, real=0.17 secs] 
2020-09-29T11:59:47.921+0200: 50.153: [GC pause (G1 Evacuation Pause) (young), 0.1649654 secs]
   [Parallel Time: 163.6 ms, GC Workers: 8]
      [GC Worker Start (ms): Min: 50152.7, Avg: 50152.8, Max: 50152.9, Diff: 0.2]
      [Ext Root Scanning (ms): Min: 0.0, Avg: 0.1, Max: 0.2, Diff: 0.2, Sum: 0.4]
      [Update RS (ms): Min: 19.0, Avg: 19.1, Max: 19.2, Diff: 0.2, Sum: 152.6]
         [Processed Buffers: Min: 19, Avg: 22.5, Max: 25, Diff: 6, Sum: 180]
      [Scan RS (ms): Min: 15.7, Avg: 15.8, Max: 15.9, Diff: 0.3, Sum: 126.5]
      [Code Root Scanning (ms): Min: 0.0, Avg: 0.0, Max: 0.0, Diff: 0.0, Sum: 0.0]
      [Object Copy (ms): Min: 128.2, Avg: 128.4, Max: 128.4, Diff: 0.2, Sum: 1026.9]
      [Termination (ms): Min: 0.0, Avg: 0.0, Max: 0.0, Diff: 0.0, Sum: 0.0]
         [Termination Attempts: Min: 1, Avg: 13.6, Max: 22, Diff: 21, Sum: 109]
      [GC Worker Other (ms): Min: 0.0, Avg: 0.0, Max: 0.1, Diff: 0.0, Sum: 0.3]
      [GC Worker Total (ms): Min: 163.3, Avg: 163.4, Max: 163.5, Diff: 0.2, Sum: 1306.9]
      [GC Worker End (ms): Min: 50316.2, Avg: 50316.2, Max: 50316.2, Diff: 0.0]
   [Code Root Fixup: 0.0 ms]
   [Code Root Purge: 0.0 ms]
   [Clear CT: 0.3 ms]
   [Other: 1.1 ms]
      [Choose CSet: 0.0 ms]
      [Ref Proc: 0.3 ms]
      [Ref Enq: 0.0 ms]
      [Redirty Cards: 0.4 ms]
      [Humongous Register: 0.0 ms]
      [Humongous Reclaim: 0.0 ms]
      [Free CSet: 0.2 ms]
   [Eden: 304.0M(304.0M)->0.0B(310.0M) Survivors: 45.0M->44.0M Heap: 1123.2M(2048.0M)->1125.2M(2048.0M)]
 [Times: user=1.36 sys=0.02, real=0.16 secs] 
2020-09-29T11:59:48.094+0200: 50.325: [GC pause (G1 Humongous Allocation) (young) (initial-mark), 0.0598087 secs]
   [Parallel Time: 59.1 ms, GC Workers: 8]
      [GC Worker Start (ms): Min: 50325.5, Avg: 50325.5, Max: 50325.6, Diff: 0.1]
      [Ext Root Scanning (ms): Min: 0.0, Avg: 0.1, Max: 0.1, Diff: 0.1, Sum: 0.5]
      [Update RS (ms): Min: 35.0, Avg: 35.2, Max: 35.5, Diff: 0.5, Sum: 281.3]
         [Processed Buffers: Min: 43, Avg: 46.5, Max: 51, Diff: 8, Sum: 372]
      [Scan RS (ms): Min: 2.3, Avg: 2.6, Max: 2.8, Diff: 0.5, Sum: 21.2]
      [Code Root Scanning (ms): Min: 0.0, Avg: 0.0, Max: 0.0, Diff: 0.0, Sum: 0.0]
      [Object Copy (ms): Min: 21.0, Avg: 21.0, Max: 21.1, Diff: 0.1, Sum: 168.2]
      [Termination (ms): Min: 0.0, Avg: 0.0, Max: 0.0, Diff: 0.0, Sum: 0.2]
         [Termination Attempts: Min: 1, Avg: 175.1, Max: 232, Diff: 231, Sum: 1401]
      [GC Worker Other (ms): Min: 0.0, Avg: 0.0, Max: 0.0, Diff: 0.0, Sum: 0.2]
      [GC Worker Total (ms): Min: 58.9, Avg: 58.9, Max: 59.0, Diff: 0.2, Sum: 471.6]
      [GC Worker End (ms): Min: 50384.5, Avg: 50384.5, Max: 50384.5, Diff: 0.0]
   [Code Root Fixup: 0.0 ms]
   [Code Root Purge: 0.0 ms]
   [Clear CT: 0.2 ms]
   [Other: 0.5 ms]
      [Choose CSet: 0.0 ms]
      [Ref Proc: 0.1 ms]
      [Ref Enq: 0.0 ms]
      [Redirty Cards: 0.1 ms]
      [Humongous Register: 0.0 ms]
      [Humongous Reclaim: 0.0 ms]
      [Free CSet: 0.1 ms]
   [Eden: 9216.0K(310.0M)->0.0B(347.0M) Survivors: 44.0M->10.0M Heap: 1133.7M(2048.0M)->1137.7M(2048.0M)]
 [Times: user=0.50 sys=0.00, real=0.06 secs] 
2020-09-29T11:59:48.154+0200: 50.385: [GC concurrent-root-region-scan-start]
2020-09-29T11:59:48.155+0200: 50.387: [GC concurrent-root-region-scan-end, 0.0015037 secs]
2020-09-29T11:59:48.155+0200: 50.387: [GC concurrent-mark-start]
2020-09-29T11:59:48.157+0200: 50.389: [GC concurrent-mark-end, 0.0022020 secs]
2020-09-29T11:59:48.158+0200: 50.389: [GC remark 2020-09-29T11:59:48.158+0200: 50.389: [Finalize Marking, 0.0001939 secs] 2020-09-29T11:59:48.158+0200: 50.389: [GC ref-proc, 0.0002739 secs] 2020-09-29T11:59:48.158+0200: 50.390: [Unloading, 0.0004299 secs], 0.0012422 secs]
 [Times: user=0.00 sys=0.00, real=0.00 secs] 
2020-09-29T11:59:48.159+0200: 50.391: [GC cleanup 1148M->26M(2048M), 0.0009892 secs]
 [Times: user=0.00 sys=0.00, real=0.00 secs] 
2020-09-29T11:59:48.160+0200: 50.392: [GC concurrent-cleanup-start]
2020-09-29T11:59:48.162+0200: 50.393: [GC concurrent-cleanup-end, 0.0013318 secs]
2020-09-29T11:59:48.328+0200: 50.560: [GC pause (G1 Evacuation Pause) (young), 0.1915825 secs]
   [Parallel Time: 190.6 ms, GC Workers: 8]
      [GC Worker Start (ms): Min: 50560.1, Avg: 50560.1, Max: 50560.2, Diff: 0.2]
      [Ext Root Scanning (ms): Min: 0.0, Avg: 0.1, Max: 0.1, Diff: 0.1, Sum: 0.6]
      [Update RS (ms): Min: 21.1, Avg: 21.3, Max: 21.6, Diff: 0.5, Sum: 170.1]
         [Processed Buffers: Min: 22, Avg: 22.9, Max: 25, Diff: 3, Sum: 183]
      [Scan RS (ms): Min: 17.5, Avg: 18.0, Max: 18.3, Diff: 0.8, Sum: 143.8]
      [Code Root Scanning (ms): Min: 0.0, Avg: 0.0, Max: 0.0, Diff: 0.0, Sum: 0.0]
      [Object Copy (ms): Min: 150.5, Avg: 150.7, Max: 151.0, Diff: 0.5, Sum: 1205.2]
      [Termination (ms): Min: 0.0, Avg: 0.2, Max: 0.2, Diff: 0.2, Sum: 1.4]
         [Termination Attempts: Min: 1, Avg: 1312.0, Max: 1611, Diff: 1610, Sum: 10496]
      [GC Worker Other (ms): Min: 0.0, Avg: 0.2, Max: 0.4, Diff: 0.3, Sum: 1.4]
      [GC Worker Total (ms): Min: 190.1, Avg: 190.3, Max: 190.6, Diff: 0.4, Sum: 1522.6]
      [GC Worker End (ms): Min: 50750.3, Avg: 50750.5, Max: 50750.7, Diff: 0.3]
   [Code Root Fixup: 0.0 ms]
   [Code Root Purge: 0.0 ms]
   [Clear CT: 0.1 ms]
   [Other: 0.8 ms]
      [Choose CSet: 0.0 ms]
      [Ref Proc: 0.2 ms]
      [Ref Enq: 0.0 ms]
      [Redirty Cards: 0.2 ms]
      [Humongous Register: 0.0 ms]
      [Humongous Reclaim: 0.0 ms]
      [Free CSet: 0.2 ms]
   [Eden: 347.0M(347.0M)->0.0B(299.0M) Survivors: 10.0M->45.0M Heap: 422.1M(2048.0M)->414.6M(2048.0M)]
 [Times: user=1.36 sys=0.03, real=0.19 secs] 
2020-09-29T11:59:48.672+0200: 50.903: [GC pause (G1 Evacuation Pause) (young), 0.1760734 secs]
   [Parallel Time: 174.9 ms, GC Workers: 8]
      [GC Worker Start (ms): Min: 50903.3, Avg: 50903.4, Max: 50903.5, Diff: 0.1]
      [Ext Root Scanning (ms): Min: 0.0, Avg: 0.1, Max: 0.2, Diff: 0.1, Sum: 0.6]
      [Update RS (ms): Min: 20.1, Avg: 20.3, Max: 20.7, Diff: 0.6, Sum: 162.5]
         [Processed Buffers: Min: 21, Avg: 22.3, Max: 26, Diff: 5, Sum: 178]
      [Scan RS (ms): Min: 21.2, Avg: 21.6, Max: 21.8, Diff: 0.7, Sum: 173.0]
      [Code Root Scanning (ms): Min: 0.0, Avg: 0.0, Max: 0.0, Diff: 0.0, Sum: 0.0]
      [Object Copy (ms): Min: 132.5, Avg: 132.6, Max: 132.7, Diff: 0.2, Sum: 1060.7]
      [Termination (ms): Min: 0.0, Avg: 0.1, Max: 0.2, Diff: 0.1, Sum: 1.0]
         [Termination Attempts: Min: 1, Avg: 619.4, Max: 822, Diff: 821, Sum: 4955]
      [GC Worker Other (ms): Min: 0.0, Avg: 0.0, Max: 0.0, Diff: 0.0, Sum: 0.1]
      [GC Worker Total (ms): Min: 174.7, Avg: 174.7, Max: 174.8, Diff: 0.1, Sum: 1397.8]
      [GC Worker End (ms): Min: 51078.1, Avg: 51078.1, Max: 51078.1, Diff: 0.0]
   [Code Root Fixup: 0.0 ms]
   [Code Root Purge: 0.0 ms]
   [Clear CT: 0.2 ms]
   [Other: 0.9 ms]
      [Choose CSet: 0.0 ms]
      [Ref Proc: 0.2 ms]
      [Ref Enq: 0.0 ms]
      [Redirty Cards: 0.2 ms]
      [Humongous Register: 0.0 ms]
      [Humongous Reclaim: 0.0 ms]
      [Free CSet: 0.3 ms]
   [Eden: 299.0M(299.0M)->0.0B(291.0M) Survivors: 45.0M->43.0M Heap: 763.2M(2048.0M)->765.7M(2048.0M)]
 [Times: user=1.33 sys=0.06, real=0.18 secs] 
2020-09-29T11:59:49.004+0200: 51.236: [GC pause (G1 Evacuation Pause) (young), 0.1619359 secs]
   [Parallel Time: 160.8 ms, GC Workers: 8]
      [GC Worker Start (ms): Min: 51236.3, Avg: 51236.4, Max: 51236.4, Diff: 0.1]
      [Ext Root Scanning (ms): Min: 0.0, Avg: 0.1, Max: 0.1, Diff: 0.1, Sum: 0.5]
      [Update RS (ms): Min: 16.2, Avg: 16.4, Max: 16.9, Diff: 0.7, Sum: 131.3]
         [Processed Buffers: Min: 17, Avg: 19.1, Max: 21, Diff: 4, Sum: 153]
      [Scan RS (ms): Min: 15.3, Avg: 15.8, Max: 16.1, Diff: 0.8, Sum: 126.1]
      [Code Root Scanning (ms): Min: 0.0, Avg: 0.0, Max: 0.0, Diff: 0.0, Sum: 0.0]
      [Object Copy (ms): Min: 128.2, Avg: 128.2, Max: 128.4, Diff: 0.2, Sum: 1025.9]
      [Termination (ms): Min: 0.0, Avg: 0.1, Max: 0.1, Diff: 0.1, Sum: 0.7]
         [Termination Attempts: Min: 1, Avg: 624.3, Max: 779, Diff: 778, Sum: 4994]
      [GC Worker Other (ms): Min: 0.0, Avg: 0.0, Max: 0.1, Diff: 0.1, Sum: 0.4]
      [GC Worker Total (ms): Min: 160.5, Avg: 160.6, Max: 160.7, Diff: 0.2, Sum: 1284.9]
      [GC Worker End (ms): Min: 51396.9, Avg: 51397.0, Max: 51397.0, Diff: 0.1]
   [Code Root Fixup: 0.0 ms]
   [Code Root Purge: 0.0 ms]
   [Clear CT: 0.2 ms]
   [Other: 0.9 ms]
      [Choose CSet: 0.0 ms]
      [Ref Proc: 0.1 ms]
      [Ref Enq: 0.0 ms]
      [Redirty Cards: 0.4 ms]
      [Humongous Register: 0.0 ms]
      [Humongous Reclaim: 0.0 ms]
      [Free CSet: 0.2 ms]
   [Eden: 291.0M(291.0M)->0.0B(300.0M) Survivors: 43.0M->42.0M Heap: 1104.4M(2048.0M)->1106.9M(2048.0M)]
 [Times: user=1.19 sys=0.06, real=0.16 secs] 
2020-09-29T11:59:49.175+0200: 51.406: [GC pause (G1 Humongous Allocation) (young) (initial-mark), 0.0611407 secs]
   [Parallel Time: 60.4 ms, GC Workers: 8]
      [GC Worker Start (ms): Min: 51406.4, Avg: 51406.5, Max: 51406.5, Diff: 0.1]
      [Ext Root Scanning (ms): Min: 0.0, Avg: 0.1, Max: 0.1, Diff: 0.1, Sum: 0.6]
      [Update RS (ms): Min: 30.3, Avg: 30.4, Max: 30.9, Diff: 0.6, Sum: 243.3]
         [Processed Buffers: Min: 40, Avg: 40.9, Max: 44, Diff: 4, Sum: 327]
      [Scan RS (ms): Min: 2.0, Avg: 2.5, Max: 2.6, Diff: 0.6, Sum: 19.8]
      [Code Root Scanning (ms): Min: 0.0, Avg: 0.0, Max: 0.0, Diff: 0.0, Sum: 0.0]
      [Object Copy (ms): Min: 27.0, Avg: 27.1, Max: 27.3, Diff: 0.4, Sum: 216.8]
      [Termination (ms): Min: 0.0, Avg: 0.2, Max: 0.4, Diff: 0.4, Sum: 1.8]
         [Termination Attempts: Min: 1, Avg: 1434.9, Max: 2108, Diff: 2107, Sum: 11479]
      [GC Worker Other (ms): Min: 0.0, Avg: 0.0, Max: 0.0, Diff: 0.0, Sum: 0.2]
      [GC Worker Total (ms): Min: 60.3, Avg: 60.3, Max: 60.4, Diff: 0.1, Sum: 482.5]
      [GC Worker End (ms): Min: 51466.8, Avg: 51466.8, Max: 51466.8, Diff: 0.0]
   [Code Root Fixup: 0.0 ms]
   [Code Root Purge: 0.0 ms]
   [Clear CT: 0.2 ms]
   [Other: 0.5 ms]
      [Choose CSet: 0.0 ms]
      [Ref Proc: 0.1 ms]
      [Ref Enq: 0.0 ms]
      [Redirty Cards: 0.1 ms]
      [Humongous Register: 0.0 ms]
      [Humongous Reclaim: 0.0 ms]
      [Free CSet: 0.0 ms]
   [Eden: 2048.0K(300.0M)->0.0B(291.0M) Survivors: 42.0M->4096.0K Heap: 1108.4M(2048.0M)->1112.9M(2048.0M)]
 [Times: user=0.48 sys=0.02, real=0.06 secs] 
2020-09-29T11:59:49.236+0200: 51.468: [GC concurrent-root-region-scan-start]
2020-09-29T11:59:49.236+0200: 51.468: [GC concurrent-root-region-scan-end, 0.0003125 secs]
2020-09-29T11:59:49.236+0200: 51.468: [GC concurrent-mark-start]
2020-09-29T11:59:49.239+0200: 51.470: [GC concurrent-mark-end, 0.0021696 secs]
2020-09-29T11:59:49.239+0200: 51.470: [GC remark 2020-09-29T11:59:49.239+0200: 51.470: [Finalize Marking, 0.0001681 secs] 2020-09-29T11:59:49.239+0200: 51.470: [GC ref-proc, 0.0002560 secs] 2020-09-29T11:59:49.240+0200: 51.471: [Unloading, 0.0003741 secs], 0.0010511 secs]
 [Times: user=0.00 sys=0.00, real=0.00 secs] 
2020-09-29T11:59:49.240+0200: 51.472: [GC cleanup 1120M->17M(2048M), 0.0010007 secs]
 [Times: user=0.00 sys=0.00, real=0.00 secs] 
2020-09-29T11:59:49.241+0200: 51.473: [GC concurrent-cleanup-start]
2020-09-29T11:59:49.243+0200: 51.474: [GC concurrent-cleanup-end, 0.0013048 secs]
2020-09-29T11:59:49.387+0200: 51.618: [GC pause (G1 Evacuation Pause) (young), 0.1487519 secs]
   [Parallel Time: 147.6 ms, GC Workers: 8]
      [GC Worker Start (ms): Min: 51618.5, Avg: 51618.5, Max: 51618.6, Diff: 0.1]
      [Ext Root Scanning (ms): Min: 0.0, Avg: 0.1, Max: 0.1, Diff: 0.1, Sum: 0.6]
      [Update RS (ms): Min: 17.4, Avg: 17.5, Max: 17.9, Diff: 0.5, Sum: 140.4]
         [Processed Buffers: Min: 15, Avg: 17.5, Max: 20, Diff: 5, Sum: 140]
      [Scan RS (ms): Min: 19.1, Avg: 19.5, Max: 19.7, Diff: 0.7, Sum: 156.0]
      [Code Root Scanning (ms): Min: 0.0, Avg: 0.0, Max: 0.0, Diff: 0.0, Sum: 0.0]
      [Object Copy (ms): Min: 110.1, Avg: 110.2, Max: 110.3, Diff: 0.2, Sum: 882.0]
      [Termination (ms): Min: 0.0, Avg: 0.0, Max: 0.0, Diff: 0.0, Sum: 0.1]
         [Termination Attempts: Min: 1, Avg: 104.1, Max: 140, Diff: 139, Sum: 833]
      [GC Worker Other (ms): Min: 0.0, Avg: 0.0, Max: 0.1, Diff: 0.1, Sum: 0.3]
      [GC Worker Total (ms): Min: 147.4, Avg: 147.4, Max: 147.5, Diff: 0.1, Sum: 1179.4]
      [GC Worker End (ms): Min: 51765.9, Avg: 51765.9, Max: 51766.0, Diff: 0.1]
   [Code Root Fixup: 0.0 ms]
   [Code Root Purge: 0.0 ms]
   [Clear CT: 0.2 ms]
   [Other: 1.0 ms]
      [Choose CSet: 0.0 ms]
      [Ref Proc: 0.2 ms]
      [Ref Enq: 0.0 ms]
      [Redirty Cards: 0.2 ms]
      [Humongous Register: 0.0 ms]
      [Humongous Reclaim: 0.0 ms]
      [Free CSet: 0.3 ms]
   [Eden: 291.0M(291.0M)->0.0B(271.0M) Survivors: 4096.0K->37.0M Heap: 350.1M(2048.0M)->349.1M(2048.0M)]
 [Times: user=1.06 sys=0.08, real=0.15 secs] 
2020-09-29T11:59:49.682+0200: 51.914: [GC pause (G1 Evacuation Pause) (young), 0.1418381 secs]
   [Parallel Time: 140.6 ms, GC Workers: 8]
      [GC Worker Start (ms): Min: 51913.7, Avg: 51913.9, Max: 51913.9, Diff: 0.2]
      [Ext Root Scanning (ms): Min: 0.0, Avg: 0.1, Max: 0.2, Diff: 0.2, Sum: 0.4]
      [Update RS (ms): Min: 13.9, Avg: 13.9, Max: 14.0, Diff: 0.1, Sum: 111.5]
         [Processed Buffers: Min: 16, Avg: 18.0, Max: 20, Diff: 4, Sum: 144]
      [Scan RS (ms): Min: 13.7, Avg: 13.8, Max: 13.8, Diff: 0.1, Sum: 110.0]
      [Code Root Scanning (ms): Min: 0.0, Avg: 0.0, Max: 0.0, Diff: 0.0, Sum: 0.0]
      [Object Copy (ms): Min: 112.6, Avg: 112.6, Max: 112.6, Diff: 0.1, Sum: 900.9]
      [Termination (ms): Min: 0.0, Avg: 0.0, Max: 0.0, Diff: 0.0, Sum: 0.0]
         [Termination Attempts: Min: 1, Avg: 4.0, Max: 7, Diff: 6, Sum: 32]
      [GC Worker Other (ms): Min: 0.0, Avg: 0.0, Max: 0.1, Diff: 0.1, Sum: 0.3]
      [GC Worker Total (ms): Min: 140.3, Avg: 140.4, Max: 140.5, Diff: 0.2, Sum: 1123.1]
      [GC Worker End (ms): Min: 52054.2, Avg: 52054.2, Max: 52054.3, Diff: 0.1]
   [Code Root Fixup: 0.0 ms]
   [Code Root Purge: 0.0 ms]
   [Clear CT: 0.2 ms]
   [Other: 1.0 ms]
      [Choose CSet: 0.0 ms]
      [Ref Proc: 0.2 ms]
      [Ref Enq: 0.0 ms]
      [Redirty Cards: 0.3 ms]
      [Humongous Register: 0.0 ms]
      [Humongous Reclaim: 0.0 ms]
      [Free CSet: 0.3 ms]
   [Eden: 271.0M(271.0M)->0.0B(288.0M) Survivors: 37.0M->39.0M Heap: 665.9M(2048.0M)->667.9M(2048.0M)]
 [Times: user=1.13 sys=0.00, real=0.14 secs] 
2020-09-29T11:59:49.968+0200: 52.199: [GC pause (G1 Evacuation Pause) (young), 0.1566352 secs]
   [Parallel Time: 155.2 ms, GC Workers: 8]
      [GC Worker Start (ms): Min: 52199.0, Avg: 52199.1, Max: 52199.2, Diff: 0.1]
      [Ext Root Scanning (ms): Min: 0.0, Avg: 0.1, Max: 0.1, Diff: 0.1, Sum: 0.6]
      [Update RS (ms): Min: 15.9, Avg: 16.0, Max: 16.1, Diff: 0.2, Sum: 128.1]
         [Processed Buffers: Min: 17, Avg: 19.5, Max: 24, Diff: 7, Sum: 156]
      [Scan RS (ms): Min: 15.3, Avg: 15.4, Max: 15.5, Diff: 0.2, Sum: 123.1]
      [Code Root Scanning (ms): Min: 0.0, Avg: 0.0, Max: 0.0, Diff: 0.0, Sum: 0.0]
      [Object Copy (ms): Min: 123.4, Avg: 123.4, Max: 123.5, Diff: 0.1, Sum: 987.4]
      [Termination (ms): Min: 0.0, Avg: 0.0, Max: 0.0, Diff: 0.0, Sum: 0.2]
         [Termination Attempts: Min: 1, Avg: 214.5, Max: 284, Diff: 283, Sum: 1716]
      [GC Worker Other (ms): Min: 0.0, Avg: 0.0, Max: 0.1, Diff: 0.1, Sum: 0.3]
      [GC Worker Total (ms): Min: 154.9, Avg: 155.0, Max: 155.1, Diff: 0.1, Sum: 1239.8]
      [GC Worker End (ms): Min: 52354.1, Avg: 52354.1, Max: 52354.1, Diff: 0.1]
   [Code Root Fixup: 0.0 ms]
   [Code Root Purge: 0.0 ms]
   [Clear CT: 0.4 ms]
   [Other: 1.1 ms]
      [Choose CSet: 0.0 ms]
      [Ref Proc: 0.3 ms]
      [Ref Enq: 0.0 ms]
      [Redirty Cards: 0.4 ms]
      [Humongous Register: 0.1 ms]
      [Humongous Reclaim: 0.0 ms]
      [Free CSet: 0.2 ms]
   [Eden: 288.0M(288.0M)->0.0B(299.0M) Survivors: 39.0M->41.0M Heap: 1003.6M(2048.0M)->1005.1M(2048.0M)]
 [Times: user=1.23 sys=0.02, real=0.16 secs] 
2020-09-29T11:59:50.129+0200: 52.361: [GC pause (G1 Humongous Allocation) (young) (initial-mark), 0.0572784 secs]
   [Parallel Time: 56.6 ms, GC Workers: 8]
      [GC Worker Start (ms): Min: 52360.7, Avg: 52360.7, Max: 52360.8, Diff: 0.1]
      [Ext Root Scanning (ms): Min: 0.0, Avg: 0.1, Max: 0.1, Diff: 0.1, Sum: 0.6]
      [Update RS (ms): Min: 35.5, Avg: 35.6, Max: 36.0, Diff: 0.5, Sum: 284.8]
         [Processed Buffers: Min: 46, Avg: 48.6, Max: 52, Diff: 6, Sum: 389]
      [Scan RS (ms): Min: 1.6, Avg: 1.9, Max: 2.1, Diff: 0.5, Sum: 15.4]
      [Code Root Scanning (ms): Min: 0.0, Avg: 0.0, Max: 0.0, Diff: 0.0, Sum: 0.0]
      [Object Copy (ms): Min: 18.8, Avg: 18.8, Max: 18.8, Diff: 0.1, Sum: 150.3]
      [Termination (ms): Min: 0.0, Avg: 0.0, Max: 0.0, Diff: 0.0, Sum: 0.0]
         [Termination Attempts: Min: 1, Avg: 16.6, Max: 23, Diff: 22, Sum: 133]
      [GC Worker Other (ms): Min: 0.0, Avg: 0.0, Max: 0.0, Diff: 0.0, Sum: 0.1]
      [GC Worker Total (ms): Min: 56.4, Avg: 56.4, Max: 56.5, Diff: 0.1, Sum: 451.3]
      [GC Worker End (ms): Min: 52417.1, Avg: 52417.1, Max: 52417.1, Diff: 0.0]
   [Code Root Fixup: 0.0 ms]
   [Code Root Purge: 0.0 ms]
   [Clear CT: 0.1 ms]
   [Other: 0.6 ms]
      [Choose CSet: 0.0 ms]
      [Ref Proc: 0.2 ms]
      [Ref Enq: 0.0 ms]
      [Redirty Cards: 0.1 ms]
      [Humongous Register: 0.0 ms]
      [Humongous Reclaim: 0.0 ms]
      [Free CSet: 0.1 ms]
   [Eden: 9216.0K(299.0M)->0.0B(339.0M) Survivors: 41.0M->11.0M Heap: 1013.6M(2048.0M)->1018.1M(2048.0M)]
 [Times: user=0.42 sys=0.02, real=0.06 secs] 
2020-09-29T11:59:50.187+0200: 52.418: [GC concurrent-root-region-scan-start]
2020-09-29T11:59:50.188+0200: 52.420: [GC concurrent-root-region-scan-end, 0.0016689 secs]
2020-09-29T11:59:50.188+0200: 52.420: [GC concurrent-mark-start]
2020-09-29T11:59:50.190+0200: 52.422: [GC concurrent-mark-end, 0.0020494 secs]
2020-09-29T11:59:50.191+0200: 52.422: [GC remark 2020-09-29T11:59:50.191+0200: 52.422: [Finalize Marking, 0.0001774 secs] 2020-09-29T11:59:50.191+0200: 52.422: [GC ref-proc, 0.0002558 secs] 2020-09-29T11:59:50.191+0200: 52.422: [Unloading, 0.0004229 secs], 0.0011166 secs]
 [Times: user=0.00 sys=0.02, real=0.00 secs] 
2020-09-29T11:59:50.192+0200: 52.423: [GC cleanup 1028M->27M(2048M), 0.0009528 secs]
 [Times: user=0.00 sys=0.00, real=0.00 secs] 
2020-09-29T11:59:50.193+0200: 52.424: [GC concurrent-cleanup-start]
2020-09-29T11:59:50.194+0200: 52.425: [GC concurrent-cleanup-end, 0.0010315 secs]
2020-09-29T11:59:50.357+0200: 52.589: [GC pause (G1 Evacuation Pause) (young), 0.1641421 secs]
   [Parallel Time: 163.1 ms, GC Workers: 8]
      [GC Worker Start (ms): Min: 52588.7, Avg: 52588.8, Max: 52588.9, Diff: 0.1]
      [Ext Root Scanning (ms): Min: 0.0, Avg: 0.1, Max: 0.1, Diff: 0.1, Sum: 0.6]
      [Update RS (ms): Min: 17.0, Avg: 17.2, Max: 17.5, Diff: 0.5, Sum: 137.4]
         [Processed Buffers: Min: 18, Avg: 20.3, Max: 22, Diff: 4, Sum: 162]
      [Scan RS (ms): Min: 15.1, Avg: 15.5, Max: 15.7, Diff: 0.6, Sum: 124.1]
      [Code Root Scanning (ms): Min: 0.0, Avg: 0.0, Max: 0.0, Diff: 0.0, Sum: 0.0]
      [Object Copy (ms): Min: 129.9, Avg: 130.1, Max: 130.2, Diff: 0.3, Sum: 1040.6]
      [Termination (ms): Min: 0.0, Avg: 0.0, Max: 0.1, Diff: 0.1, Sum: 0.3]
         [Termination Attempts: Min: 1, Avg: 248.3, Max: 331, Diff: 330, Sum: 1986]
      [GC Worker Other (ms): Min: 0.0, Avg: 0.0, Max: 0.1, Diff: 0.1, Sum: 0.3]
      [GC Worker Total (ms): Min: 162.8, Avg: 162.9, Max: 162.9, Diff: 0.1, Sum: 1303.2]
      [GC Worker End (ms): Min: 52751.7, Avg: 52751.7, Max: 52751.7, Diff: 0.1]
   [Code Root Fixup: 0.0 ms]
   [Code Root Purge: 0.0 ms]
   [Clear CT: 0.2 ms]
   [Other: 0.9 ms]
      [Choose CSet: 0.0 ms]
      [Ref Proc: 0.2 ms]
      [Ref Enq: 0.0 ms]
      [Redirty Cards: 0.3 ms]
      [Humongous Register: 0.0 ms]
      [Humongous Reclaim: 0.0 ms]
      [Free CSet: 0.2 ms]
   [Eden: 339.0M(339.0M)->0.0B(317.0M) Survivors: 11.0M->44.0M Heap: 413.2M(2048.0M)->404.2M(2048.0M)]
 [Times: user=1.38 sys=0.00, real=0.16 secs] 
2020-09-29T11:59:50.686+0200: 52.918: [GC pause (G1 Evacuation Pause) (young), 0.1798256 secs]
   [Parallel Time: 178.8 ms, GC Workers: 8]
      [GC Worker Start (ms): Min: 52918.0, Avg: 52918.1, Max: 52918.2, Diff: 0.2]
      [Ext Root Scanning (ms): Min: 0.0, Avg: 0.1, Max: 0.2, Diff: 0.2, Sum: 0.5]
      [Update RS (ms): Min: 20.2, Avg: 20.3, Max: 20.7, Diff: 0.5, Sum: 162.7]
         [Processed Buffers: Min: 18, Avg: 20.8, Max: 25, Diff: 7, Sum: 166]
      [Scan RS (ms): Min: 20.6, Avg: 20.9, Max: 21.1, Diff: 0.5, Sum: 167.6]
      [Code Root Scanning (ms): Min: 0.0, Avg: 0.0, Max: 0.0, Diff: 0.0, Sum: 0.0]
      [Object Copy (ms): Min: 137.0, Avg: 137.2, Max: 137.3, Diff: 0.2, Sum: 1097.3]
      [Termination (ms): Min: 0.0, Avg: 0.0, Max: 0.0, Diff: 0.0, Sum: 0.2]
         [Termination Attempts: Min: 1, Avg: 8.5, Max: 17, Diff: 16, Sum: 68]
      [GC Worker Other (ms): Min: 0.0, Avg: 0.0, Max: 0.0, Diff: 0.0, Sum: 0.2]
      [GC Worker Total (ms): Min: 178.5, Avg: 178.5, Max: 178.7, Diff: 0.2, Sum: 1428.4]
      [GC Worker End (ms): Min: 53096.6, Avg: 53096.7, Max: 53096.7, Diff: 0.0]
   [Code Root Fixup: 0.0 ms]
   [Code Root Purge: 0.0 ms]
   [Clear CT: 0.2 ms]
   [Other: 0.8 ms]
      [Choose CSet: 0.0 ms]
      [Ref Proc: 0.1 ms]
      [Ref Enq: 0.0 ms]
      [Redirty Cards: 0.2 ms]
      [Humongous Register: 0.0 ms]
      [Humongous Reclaim: 0.0 ms]
      [Free CSet: 0.2 ms]
   [Eden: 317.0M(317.0M)->0.0B(302.0M) Survivors: 44.0M->46.0M Heap: 774.6M(2048.0M)->776.6M(2048.0M)]
 [Times: user=1.44 sys=0.06, real=0.18 secs] 
2020-09-29T11:59:51.020+0200: 53.252: [GC pause (G1 Evacuation Pause) (young), 0.1731375 secs]
   [Parallel Time: 172.1 ms, GC Workers: 8]
      [GC Worker Start (ms): Min: 53252.1, Avg: 53252.3, Max: 53252.6, Diff: 0.4]
      [Ext Root Scanning (ms): Min: 0.0, Avg: 0.1, Max: 0.1, Diff: 0.1, Sum: 0.4]
      [Update RS (ms): Min: 16.4, Avg: 16.8, Max: 17.0, Diff: 0.7, Sum: 134.2]
         [Processed Buffers: Min: 16, Avg: 19.3, Max: 21, Diff: 5, Sum: 154]
      [Scan RS (ms): Min: 16.5, Avg: 16.8, Max: 17.0, Diff: 0.5, Sum: 134.0]
      [Code Root Scanning (ms): Min: 0.0, Avg: 0.0, Max: 0.0, Diff: 0.0, Sum: 0.0]
      [Object Copy (ms): Min: 137.9, Avg: 138.0, Max: 138.2, Diff: 0.3, Sum: 1104.3]
      [Termination (ms): Min: 0.0, Avg: 0.2, Max: 0.2, Diff: 0.2, Sum: 1.3]
         [Termination Attempts: Min: 1, Avg: 1175.4, Max: 1423, Diff: 1422, Sum: 9403]
      [GC Worker Other (ms): Min: 0.0, Avg: 0.1, Max: 0.1, Diff: 0.1, Sum: 0.4]
      [GC Worker Total (ms): Min: 171.6, Avg: 171.8, Max: 172.0, Diff: 0.4, Sum: 1374.6]
      [GC Worker End (ms): Min: 53424.0, Avg: 53424.1, Max: 53424.1, Diff: 0.1]
   [Code Root Fixup: 0.0 ms]
   [Code Root Purge: 0.0 ms]
   [Clear CT: 0.2 ms]
   [Other: 0.9 ms]
      [Choose CSet: 0.0 ms]
      [Ref Proc: 0.2 ms]
      [Ref Enq: 0.0 ms]
      [Redirty Cards: 0.3 ms]
      [Humongous Register: 0.0 ms]
      [Humongous Reclaim: 0.0 ms]
      [Free CSet: 0.2 ms]
   [Eden: 302.0M(302.0M)->0.0B(303.0M) Survivors: 46.0M->44.0M Heap: 1128.2M(2048.0M)->1130.2M(2048.0M)]
 [Times: user=1.31 sys=0.06, real=0.17 secs] 
2020-09-29T11:59:51.201+0200: 53.432: [GC pause (G1 Humongous Allocation) (young) (initial-mark), 0.0574701 secs]
   [Parallel Time: 56.8 ms, GC Workers: 8]
      [GC Worker Start (ms): Min: 53432.5, Avg: 53432.5, Max: 53432.6, Diff: 0.1]
      [Ext Root Scanning (ms): Min: 0.0, Avg: 0.1, Max: 0.1, Diff: 0.1, Sum: 0.6]
      [Update RS (ms): Min: 35.4, Avg: 35.6, Max: 35.8, Diff: 0.4, Sum: 284.4]
         [Processed Buffers: Min: 45, Avg: 47.4, Max: 50, Diff: 5, Sum: 379]
      [Scan RS (ms): Min: 2.3, Avg: 2.6, Max: 2.7, Diff: 0.4, Sum: 20.6]
      [Code Root Scanning (ms): Min: 0.0, Avg: 0.0, Max: 0.0, Diff: 0.0, Sum: 0.0]
      [Object Copy (ms): Min: 18.3, Avg: 18.4, Max: 18.4, Diff: 0.1, Sum: 147.1]
      [Termination (ms): Min: 0.0, Avg: 0.0, Max: 0.0, Diff: 0.0, Sum: 0.1]
         [Termination Attempts: Min: 1, Avg: 79.5, Max: 105, Diff: 104, Sum: 636]
      [GC Worker Other (ms): Min: 0.0, Avg: 0.0, Max: 0.0, Diff: 0.0, Sum: 0.1]
      [GC Worker Total (ms): Min: 56.6, Avg: 56.6, Max: 56.7, Diff: 0.1, Sum: 452.9]
      [GC Worker End (ms): Min: 53489.2, Avg: 53489.2, Max: 53489.2, Diff: 0.0]
   [Code Root Fixup: 0.0 ms]
   [Code Root Purge: 0.0 ms]
   [Clear CT: 0.1 ms]
   [Other: 0.6 ms]
      [Choose CSet: 0.0 ms]
      [Ref Proc: 0.2 ms]
      [Ref Enq: 0.0 ms]
      [Redirty Cards: 0.1 ms]
      [Humongous Register: 0.0 ms]
      [Humongous Reclaim: 0.0 ms]
      [Free CSet: 0.1 ms]
   [Eden: 4096.0K(303.0M)->0.0B(348.0M) Survivors: 44.0M->6144.0K Heap: 1133.7M(2048.0M)->1138.7M(2048.0M)]
 [Times: user=0.50 sys=0.00, real=0.06 secs] 
2020-09-29T11:59:51.258+0200: 53.490: [GC concurrent-root-region-scan-start]
2020-09-29T11:59:51.259+0200: 53.491: [GC concurrent-root-region-scan-end, 0.0006891 secs]
2020-09-29T11:59:51.259+0200: 53.491: [GC concurrent-mark-start]
2020-09-29T11:59:51.261+0200: 53.493: [GC concurrent-mark-end, 0.0022080 secs]
2020-09-29T11:59:51.261+0200: 53.493: [GC remark 2020-09-29T11:59:51.261+0200: 53.493: [Finalize Marking, 0.0001646 secs] 2020-09-29T11:59:51.261+0200: 53.493: [GC ref-proc, 0.0002716 secs] 2020-09-29T11:59:51.262+0200: 53.494: [Unloading, 0.0004003 secs], 0.0011133 secs]
 [Times: user=0.00 sys=0.00, real=0.00 secs] 
2020-09-29T11:59:51.263+0200: 53.495: [GC cleanup 1147M->20M(2048M), 0.0011325 secs]
 [Times: user=0.00 sys=0.00, real=0.00 secs] 
2020-09-29T11:59:51.264+0200: 53.496: [GC concurrent-cleanup-start]
2020-09-29T11:59:51.265+0200: 53.497: [GC concurrent-cleanup-end, 0.0013584 secs]
2020-09-29T11:59:51.430+0200: 53.662: [GC pause (G1 Evacuation Pause) (young), 0.1788709 secs]
   [Parallel Time: 177.7 ms, GC Workers: 8]
      [GC Worker Start (ms): Min: 53661.9, Avg: 53662.0, Max: 53662.1, Diff: 0.2]
      [Ext Root Scanning (ms): Min: 0.0, Avg: 0.1, Max: 0.2, Diff: 0.2, Sum: 0.5]
      [Update RS (ms): Min: 17.5, Avg: 17.7, Max: 18.0, Diff: 0.5, Sum: 141.8]
         [Processed Buffers: Min: 19, Avg: 20.9, Max: 24, Diff: 5, Sum: 167]
      [Scan RS (ms): Min: 18.1, Avg: 18.4, Max: 18.6, Diff: 0.5, Sum: 147.2]
      [Code Root Scanning (ms): Min: 0.0, Avg: 0.0, Max: 0.0, Diff: 0.0, Sum: 0.0]
      [Object Copy (ms): Min: 141.1, Avg: 141.2, Max: 141.3, Diff: 0.2, Sum: 1129.9]
      [Termination (ms): Min: 0.0, Avg: 0.0, Max: 0.0, Diff: 0.0, Sum: 0.2]
         [Termination Attempts: Min: 1, Avg: 139.0, Max: 187, Diff: 186, Sum: 1112]
      [GC Worker Other (ms): Min: 0.0, Avg: 0.1, Max: 0.1, Diff: 0.1, Sum: 0.4]
      [GC Worker Total (ms): Min: 177.4, Avg: 177.5, Max: 177.6, Diff: 0.1, Sum: 1420.0]
      [GC Worker End (ms): Min: 53839.4, Avg: 53839.5, Max: 53839.5, Diff: 0.1]
   [Code Root Fixup: 0.0 ms]
   [Code Root Purge: 0.0 ms]
   [Clear CT: 0.2 ms]
   [Other: 1.0 ms]
      [Choose CSet: 0.0 ms]
      [Ref Proc: 0.2 ms]
      [Ref Enq: 0.0 ms]
      [Redirty Cards: 0.3 ms]
      [Humongous Register: 0.0 ms]
      [Humongous Reclaim: 0.0 ms]
      [Free CSet: 0.2 ms]
   [Eden: 348.0M(348.0M)->0.0B(311.0M) Survivors: 6144.0K->45.0M Heap: 419.1M(2048.0M)->415.6M(2048.0M)]
 [Times: user=1.38 sys=0.00, real=0.18 secs] 
2020-09-29T11:59:51.767+0200: 53.999: [GC pause (G1 Evacuation Pause) (young), 0.1773531 secs]
   [Parallel Time: 176.3 ms, GC Workers: 8]
      [GC Worker Start (ms): Min: 53999.1, Avg: 53999.2, Max: 53999.2, Diff: 0.1]
      [Ext Root Scanning (ms): Min: 0.0, Avg: 0.1, Max: 0.1, Diff: 0.1, Sum: 0.7]
      [Update RS (ms): Min: 19.6, Avg: 19.7, Max: 20.0, Diff: 0.4, Sum: 157.7]
         [Processed Buffers: Min: 20, Avg: 22.1, Max: 25, Diff: 5, Sum: 177]
      [Scan RS (ms): Min: 17.6, Avg: 17.9, Max: 18.0, Diff: 0.4, Sum: 143.2]
      [Code Root Scanning (ms): Min: 0.0, Avg: 0.0, Max: 0.0, Diff: 0.0, Sum: 0.0]
      [Object Copy (ms): Min: 138.2, Avg: 138.3, Max: 138.4, Diff: 0.2, Sum: 1106.7]
      [Termination (ms): Min: 0.0, Avg: 0.0, Max: 0.0, Diff: 0.0, Sum: 0.1]
         [Termination Attempts: Min: 1, Avg: 61.6, Max: 85, Diff: 84, Sum: 493]
      [GC Worker Other (ms): Min: 0.0, Avg: 0.0, Max: 0.1, Diff: 0.1, Sum: 0.4]
      [GC Worker Total (ms): Min: 176.0, Avg: 176.1, Max: 176.1, Diff: 0.1, Sum: 1408.8]
      [GC Worker End (ms): Min: 54175.2, Avg: 54175.3, Max: 54175.3, Diff: 0.1]
   [Code Root Fixup: 0.0 ms]
   [Code Root Purge: 0.0 ms]
   [Clear CT: 0.2 ms]
   [Other: 0.9 ms]
      [Choose CSet: 0.0 ms]
      [Ref Proc: 0.1 ms]
      [Ref Enq: 0.0 ms]
      [Redirty Cards: 0.3 ms]
      [Humongous Register: 0.0 ms]
      [Humongous Reclaim: 0.0 ms]
      [Free CSet: 0.2 ms]
   [Eden: 311.0M(311.0M)->0.0B(306.0M) Survivors: 45.0M->45.0M Heap: 778.1M(2048.0M)->780.6M(2048.0M)]
 [Times: user=1.48 sys=0.02, real=0.18 secs] 
2020-09-29T11:59:52.103+0200: 54.335: [GC pause (G1 Evacuation Pause) (young), 0.1739505 secs]
   [Parallel Time: 172.7 ms, GC Workers: 8]
      [GC Worker Start (ms): Min: 54335.0, Avg: 54335.1, Max: 54335.2, Diff: 0.2]
      [Ext Root Scanning (ms): Min: 0.0, Avg: 0.1, Max: 0.1, Diff: 0.1, Sum: 0.4]
      [Update RS (ms): Min: 20.8, Avg: 20.9, Max: 21.2, Diff: 0.4, Sum: 167.4]
         [Processed Buffers: Min: 20, Avg: 23.5, Max: 28, Diff: 8, Sum: 188]
      [Scan RS (ms): Min: 17.0, Avg: 17.2, Max: 17.4, Diff: 0.5, Sum: 137.9]
      [Code Root Scanning (ms): Min: 0.0, Avg: 0.0, Max: 0.0, Diff: 0.0, Sum: 0.0]
      [Object Copy (ms): Min: 133.9, Avg: 134.1, Max: 134.2, Diff: 0.3, Sum: 1072.8]
      [Termination (ms): Min: 0.0, Avg: 0.0, Max: 0.1, Diff: 0.1, Sum: 0.4]
         [Termination Attempts: Min: 1, Avg: 342.8, Max: 440, Diff: 439, Sum: 2742]
      [GC Worker Other (ms): Min: 0.1, Avg: 0.1, Max: 0.1, Diff: 0.1, Sum: 0.8]
      [GC Worker Total (ms): Min: 172.4, Avg: 172.5, Max: 172.6, Diff: 0.2, Sum: 1379.8]
      [GC Worker End (ms): Min: 54507.6, Avg: 54507.6, Max: 54507.6, Diff: 0.1]
   [Code Root Fixup: 0.0 ms]
   [Code Root Purge: 0.0 ms]
   [Clear CT: 0.3 ms]
   [Other: 1.0 ms]
      [Choose CSet: 0.0 ms]
      [Ref Proc: 0.2 ms]
      [Ref Enq: 0.0 ms]
      [Redirty Cards: 0.4 ms]
      [Humongous Register: 0.0 ms]
      [Humongous Reclaim: 0.0 ms]
      [Free CSet: 0.2 ms]
   [Eden: 306.0M(306.0M)->0.0B(307.0M) Survivors: 45.0M->44.0M Heap: 1138.1M(2048.0M)->1140.6M(2048.0M)]
 [Times: user=1.38 sys=0.00, real=0.17 secs] 
2020-09-29T11:59:52.292+0200: 54.524: [GC pause (G1 Humongous Allocation) (young) (initial-mark), 0.0556995 secs]
   [Parallel Time: 54.2 ms, GC Workers: 8]
      [GC Worker Start (ms): Min: 54524.1, Avg: 54524.2, Max: 54524.3, Diff: 0.2]
      [Ext Root Scanning (ms): Min: 0.0, Avg: 1.8, Max: 12.7, Diff: 12.7, Sum: 14.2]
      [Update RS (ms): Min: 17.3, Avg: 28.3, Max: 30.1, Diff: 12.8, Sum: 226.3]
         [Processed Buffers: Min: 23, Avg: 36.1, Max: 39, Diff: 16, Sum: 289]
      [Scan RS (ms): Min: 2.6, Avg: 2.8, Max: 3.1, Diff: 0.5, Sum: 22.1]
      [Code Root Scanning (ms): Min: 0.0, Avg: 0.0, Max: 0.0, Diff: 0.0, Sum: 0.0]
      [Object Copy (ms): Min: 21.2, Avg: 21.2, Max: 21.3, Diff: 0.1, Sum: 169.8]
      [Termination (ms): Min: 0.0, Avg: 0.0, Max: 0.0, Diff: 0.0, Sum: 0.1]
         [Termination Attempts: Min: 1, Avg: 9.4, Max: 17, Diff: 16, Sum: 75]
      [GC Worker Other (ms): Min: 0.0, Avg: 0.0, Max: 0.0, Diff: 0.0, Sum: 0.1]
      [GC Worker Total (ms): Min: 54.0, Avg: 54.1, Max: 54.2, Diff: 0.2, Sum: 432.6]
      [GC Worker End (ms): Min: 54578.3, Avg: 54578.3, Max: 54578.3, Diff: 0.0]
   [Code Root Fixup: 0.0 ms]
   [Code Root Purge: 0.0 ms]
   [Clear CT: 0.1 ms]
   [Other: 1.3 ms]
      [Choose CSet: 0.0 ms]
      [Ref Proc: 0.2 ms]
      [Ref Enq: 0.0 ms]
      [Redirty Cards: 0.8 ms]
      [Humongous Register: 0.1 ms]
      [Humongous Reclaim: 0.0 ms]
      [Free CSet: 0.1 ms]
   [Eden: 8192.0K(307.0M)->0.0B(341.0M) Survivors: 44.0M->10.0M Heap: 1148.6M(2048.0M)->1151.6M(2048.0M)]
 [Times: user=0.36 sys=0.00, real=0.06 secs] 
2020-09-29T11:59:52.348+0200: 54.580: [GC concurrent-root-region-scan-start]
2020-09-29T11:59:52.349+0200: 54.581: [GC concurrent-root-region-scan-end, 0.0014526 secs]
2020-09-29T11:59:52.349+0200: 54.581: [GC concurrent-mark-start]
2020-09-29T11:59:52.352+0200: 54.584: [GC concurrent-mark-end, 0.0023973 secs]
2020-09-29T11:59:52.352+0200: 54.584: [GC remark 2020-09-29T11:59:52.352+0200: 54.584: [Finalize Marking, 0.0001267 secs] 2020-09-29T11:59:52.352+0200: 54.584: [GC ref-proc, 0.0002744 secs] 2020-09-29T11:59:52.352+0200: 54.584: [Unloading, 0.0003791 secs], 0.0015396 secs]
 [Times: user=0.00 sys=0.00, real=0.00 secs] 
2020-09-29T11:59:52.354+0200: 54.586: [GC cleanup 1159M->23M(2048M), 0.0010739 secs]
 [Times: user=0.00 sys=0.00, real=0.00 secs] 
2020-09-29T11:59:52.355+0200: 54.587: [GC concurrent-cleanup-start]
2020-09-29T11:59:52.357+0200: 54.589: [GC concurrent-cleanup-end, 0.0014601 secs]
2020-09-29T11:59:52.519+0200: 54.751: [GC pause (G1 Evacuation Pause) (young), 0.1629565 secs]
   [Parallel Time: 161.5 ms, GC Workers: 8]
      [GC Worker Start (ms): Min: 54750.8, Avg: 54750.9, Max: 54750.9, Diff: 0.2]
      [Ext Root Scanning (ms): Min: 0.0, Avg: 0.1, Max: 0.2, Diff: 0.1, Sum: 0.5]
      [Update RS (ms): Min: 15.4, Avg: 15.6, Max: 15.9, Diff: 0.5, Sum: 125.1]
         [Processed Buffers: Min: 17, Avg: 18.4, Max: 20, Diff: 3, Sum: 147]
      [Scan RS (ms): Min: 16.0, Avg: 16.3, Max: 16.7, Diff: 0.7, Sum: 130.7]
      [Code Root Scanning (ms): Min: 0.0, Avg: 0.0, Max: 0.0, Diff: 0.0, Sum: 0.0]
      [Object Copy (ms): Min: 129.1, Avg: 129.2, Max: 129.2, Diff: 0.2, Sum: 1033.5]
      [Termination (ms): Min: 0.0, Avg: 0.0, Max: 0.0, Diff: 0.0, Sum: 0.1]
         [Termination Attempts: Min: 1, Avg: 87.8, Max: 120, Diff: 119, Sum: 702]
      [GC Worker Other (ms): Min: 0.0, Avg: 0.0, Max: 0.1, Diff: 0.1, Sum: 0.4]
      [GC Worker Total (ms): Min: 161.2, Avg: 161.3, Max: 161.4, Diff: 0.2, Sum: 1290.3]
      [GC Worker End (ms): Min: 54912.1, Avg: 54912.2, Max: 54912.2, Diff: 0.1]
   [Code Root Fixup: 0.0 ms]
   [Code Root Purge: 0.0 ms]
   [Clear CT: 0.3 ms]
   [Other: 1.1 ms]
      [Choose CSet: 0.0 ms]
      [Ref Proc: 0.2 ms]
      [Ref Enq: 0.0 ms]
      [Redirty Cards: 0.5 ms]
      [Humongous Register: 0.0 ms]
      [Humongous Reclaim: 0.0 ms]
      [Free CSet: 0.2 ms]
   [Eden: 341.0M(341.0M)->0.0B(327.0M) Survivors: 10.0M->44.0M Heap: 413.7M(2048.0M)->406.7M(2048.0M)]
 [Times: user=1.34 sys=0.03, real=0.16 secs] 
2020-09-29T11:59:52.857+0200: 55.089: [GC pause (G1 Evacuation Pause) (young), 0.1861602 secs]
   [Parallel Time: 184.5 ms, GC Workers: 8]
      [GC Worker Start (ms): Min: 55089.4, Avg: 55089.5, Max: 55089.6, Diff: 0.2]
      [Ext Root Scanning (ms): Min: 0.0, Avg: 0.1, Max: 0.1, Diff: 0.1, Sum: 0.5]
      [Update RS (ms): Min: 23.6, Avg: 23.8, Max: 24.0, Diff: 0.4, Sum: 190.1]
         [Processed Buffers: Min: 22, Avg: 25.3, Max: 29, Diff: 7, Sum: 202]
      [Scan RS (ms): Min: 19.0, Avg: 19.3, Max: 19.4, Diff: 0.4, Sum: 154.1]
      [Code Root Scanning (ms): Min: 0.0, Avg: 0.0, Max: 0.0, Diff: 0.0, Sum: 0.0]
      [Object Copy (ms): Min: 141.0, Avg: 141.1, Max: 141.1, Diff: 0.1, Sum: 1128.7]
      [Termination (ms): Min: 0.0, Avg: 0.0, Max: 0.0, Diff: 0.0, Sum: 0.1]
         [Termination Attempts: Min: 1, Avg: 125.9, Max: 180, Diff: 179, Sum: 1007]
      [GC Worker Other (ms): Min: 0.0, Avg: 0.0, Max: 0.1, Diff: 0.1, Sum: 0.4]
      [GC Worker Total (ms): Min: 184.2, Avg: 184.2, Max: 184.3, Diff: 0.2, Sum: 1473.9]
      [GC Worker End (ms): Min: 55273.7, Avg: 55273.7, Max: 55273.8, Diff: 0.1]
   [Code Root Fixup: 0.0 ms]
   [Code Root Purge: 0.0 ms]
   [Clear CT: 0.5 ms]
   [Other: 1.1 ms]
      [Choose CSet: 0.0 ms]
      [Ref Proc: 0.2 ms]
      [Ref Enq: 0.0 ms]
      [Redirty Cards: 0.5 ms]
      [Humongous Register: 0.0 ms]
      [Humongous Reclaim: 0.0 ms]
      [Free CSet: 0.2 ms]
   [Eden: 327.0M(327.0M)->0.0B(311.0M) Survivors: 44.0M->47.0M Heap: 789.0M(2048.0M)->791.0M(2048.0M)]
 [Times: user=1.45 sys=0.03, real=0.19 secs] 
2020-09-29T11:59:53.209+0200: 55.440: [GC pause (G1 Evacuation Pause) (young), 0.1788225 secs]
   [Parallel Time: 177.3 ms, GC Workers: 8]
      [GC Worker Start (ms): Min: 55440.4, Avg: 55440.5, Max: 55440.6, Diff: 0.2]
      [Ext Root Scanning (ms): Min: 0.0, Avg: 0.0, Max: 0.2, Diff: 0.2, Sum: 0.4]
      [Update RS (ms): Min: 18.9, Avg: 19.2, Max: 19.5, Diff: 0.6, Sum: 153.3]
         [Processed Buffers: Min: 19, Avg: 21.6, Max: 25, Diff: 6, Sum: 173]
      [Scan RS (ms): Min: 17.3, Avg: 17.7, Max: 18.0, Diff: 0.7, Sum: 141.5]
      [Code Root Scanning (ms): Min: 0.0, Avg: 0.0, Max: 0.0, Diff: 0.0, Sum: 0.0]
      [Object Copy (ms): Min: 139.8, Avg: 140.0, Max: 140.3, Diff: 0.5, Sum: 1120.2]
      [Termination (ms): Min: 0.0, Avg: 0.1, Max: 0.2, Diff: 0.2, Sum: 1.2]
         [Termination Attempts: Min: 1, Avg: 1019.9, Max: 1340, Diff: 1339, Sum: 8159]
      [GC Worker Other (ms): Min: 0.0, Avg: 0.0, Max: 0.1, Diff: 0.1, Sum: 0.3]
      [GC Worker Total (ms): Min: 177.0, Avg: 177.1, Max: 177.3, Diff: 0.2, Sum: 1416.9]
      [GC Worker End (ms): Min: 55617.6, Avg: 55617.6, Max: 55617.7, Diff: 0.1]
   [Code Root Fixup: 0.0 ms]
   [Code Root Purge: 0.0 ms]
   [Clear CT: 0.2 ms]
   [Other: 1.3 ms]
      [Choose CSet: 0.0 ms]
      [Ref Proc: 0.2 ms]
      [Ref Enq: 0.0 ms]
      [Redirty Cards: 0.6 ms]
      [Humongous Register: 0.0 ms]
      [Humongous Reclaim: 0.0 ms]
      [Free CSet: 0.3 ms]
   [Eden: 311.0M(311.0M)->0.0B(310.0M) Survivors: 47.0M->45.0M Heap: 1153.5M(2048.0M)->1156.0M(2048.0M)]
 [Times: user=1.36 sys=0.02, real=0.18 secs] 
2020-09-29T11:59:53.400+0200: 55.632: [GC pause (G1 Humongous Allocation) (young) (initial-mark), 0.0634582 secs]
   [Parallel Time: 62.6 ms, GC Workers: 8]
      [GC Worker Start (ms): Min: 55632.0, Avg: 55632.1, Max: 55632.2, Diff: 0.2]
      [Ext Root Scanning (ms): Min: 0.0, Avg: 2.1, Max: 14.2, Diff: 14.1, Sum: 16.7]
      [Update RS (ms): Min: 20.4, Avg: 32.7, Max: 35.9, Diff: 15.6, Sum: 262.0]
         [Processed Buffers: Min: 26, Avg: 39.9, Max: 46, Diff: 20, Sum: 319]
      [Scan RS (ms): Min: 1.9, Avg: 3.2, Max: 3.4, Diff: 1.5, Sum: 25.3]
      [Code Root Scanning (ms): Min: 0.0, Avg: 0.0, Max: 0.0, Diff: 0.0, Sum: 0.0]
      [Object Copy (ms): Min: 24.3, Avg: 24.4, Max: 24.4, Diff: 0.1, Sum: 194.9]
      [Termination (ms): Min: 0.0, Avg: 0.0, Max: 0.0, Diff: 0.0, Sum: 0.1]
         [Termination Attempts: Min: 1, Avg: 63.4, Max: 91, Diff: 90, Sum: 507]
      [GC Worker Other (ms): Min: 0.0, Avg: 0.0, Max: 0.0, Diff: 0.0, Sum: 0.2]
      [GC Worker Total (ms): Min: 62.3, Avg: 62.4, Max: 62.5, Diff: 0.2, Sum: 499.1]
      [GC Worker End (ms): Min: 55694.5, Avg: 55694.5, Max: 55694.5, Diff: 0.0]
   [Code Root Fixup: 0.0 ms]
   [Code Root Purge: 0.0 ms]
   [Clear CT: 0.2 ms]
   [Other: 0.7 ms]
      [Choose CSet: 0.0 ms]
      [Ref Proc: 0.1 ms]
      [Ref Enq: 0.0 ms]
      [Redirty Cards: 0.2 ms]
      [Humongous Register: 0.1 ms]
      [Humongous Reclaim: 0.0 ms]
      [Free CSet: 0.1 ms]
   [Eden: 6144.0K(310.0M)->0.0B(326.0M) Survivors: 45.0M->8192.0K Heap: 1161.5M(2048.0M)->1165.5M(2048.0M)]
 [Times: user=0.47 sys=0.02, real=0.06 secs] 
2020-09-29T11:59:53.464+0200: 55.695: [GC concurrent-root-region-scan-start]
2020-09-29T11:59:53.465+0200: 55.697: [GC concurrent-root-region-scan-end, 0.0012993 secs]
2020-09-29T11:59:53.465+0200: 55.697: [GC concurrent-mark-start]
2020-09-29T11:59:53.468+0200: 55.700: [GC concurrent-mark-end, 0.0035275 secs]
2020-09-29T11:59:53.469+0200: 55.700: [GC remark 2020-09-29T11:59:53.469+0200: 55.700: [Finalize Marking, 0.0002011 secs] 2020-09-29T11:59:53.469+0200: 55.701: [GC ref-proc, 0.0002826 secs] 2020-09-29T11:59:53.469+0200: 55.701: [Unloading, 0.0004938 secs], 0.0013304 secs]
 [Times: user=0.00 sys=0.00, real=0.00 secs] 
2020-09-29T11:59:53.470+0200: 55.702: [GC cleanup 1175M->23M(2048M), 0.0013683 secs]
 [Times: user=0.00 sys=0.00, real=0.00 secs] 
2020-09-29T11:59:53.472+0200: 55.703: [GC concurrent-cleanup-start]
2020-09-29T11:59:53.473+0200: 55.705: [GC concurrent-cleanup-end, 0.0014960 secs]
2020-09-29T11:59:53.624+0200: 55.856: [GC pause (G1 Evacuation Pause) (young), 0.1527987 secs]
   [Parallel Time: 151.6 ms, GC Workers: 8]
      [GC Worker Start (ms): Min: 55856.1, Avg: 55856.1, Max: 55856.2, Diff: 0.1]
      [Ext Root Scanning (ms): Min: 0.0, Avg: 0.1, Max: 0.1, Diff: 0.1, Sum: 0.6]
      [Update RS (ms): Min: 14.5, Avg: 14.7, Max: 15.2, Diff: 0.6, Sum: 117.2]
         [Processed Buffers: Min: 16, Avg: 18.0, Max: 19, Diff: 3, Sum: 144]
      [Scan RS (ms): Min: 14.7, Avg: 15.2, Max: 15.4, Diff: 0.7, Sum: 121.9]
      [Code Root Scanning (ms): Min: 0.0, Avg: 0.0, Max: 0.0, Diff: 0.0, Sum: 0.0]
      [Object Copy (ms): Min: 121.2, Avg: 121.4, Max: 121.4, Diff: 0.2, Sum: 970.8]
      [Termination (ms): Min: 0.0, Avg: 0.0, Max: 0.1, Diff: 0.1, Sum: 0.4]
         [Termination Attempts: Min: 1, Avg: 325.6, Max: 427, Diff: 426, Sum: 2605]
      [GC Worker Other (ms): Min: 0.0, Avg: 0.0, Max: 0.1, Diff: 0.1, Sum: 0.4]
      [GC Worker Total (ms): Min: 151.3, Avg: 151.4, Max: 151.5, Diff: 0.2, Sum: 1211.3]
      [GC Worker End (ms): Min: 56007.5, Avg: 56007.5, Max: 56007.6, Diff: 0.1]
   [Code Root Fixup: 0.0 ms]
   [Code Root Purge: 0.0 ms]
   [Clear CT: 0.3 ms]
   [Other: 0.9 ms]
      [Choose CSet: 0.0 ms]
      [Ref Proc: 0.2 ms]
      [Ref Enq: 0.0 ms]
      [Redirty Cards: 0.3 ms]
      [Humongous Register: 0.0 ms]
      [Humongous Reclaim: 0.0 ms]
      [Free CSet: 0.2 ms]
   [Eden: 326.0M(326.0M)->0.0B(312.0M) Survivors: 8192.0K->42.0M Heap: 394.8M(2048.0M)->389.8M(2048.0M)]
 [Times: user=1.25 sys=0.00, real=0.15 secs] 
2020-09-29T11:59:53.944+0200: 56.175: [GC pause (G1 Evacuation Pause) (young), 0.1790115 secs]
   [Parallel Time: 177.8 ms, GC Workers: 8]
      [GC Worker Start (ms): Min: 56175.0, Avg: 56175.1, Max: 56175.1, Diff: 0.2]
      [Ext Root Scanning (ms): Min: 0.0, Avg: 0.1, Max: 0.2, Diff: 0.2, Sum: 0.5]
      [Update RS (ms): Min: 16.7, Avg: 17.1, Max: 17.4, Diff: 0.7, Sum: 136.5]
         [Processed Buffers: Min: 17, Avg: 19.3, Max: 21, Diff: 4, Sum: 154]
      [Scan RS (ms): Min: 19.1, Avg: 19.5, Max: 20.0, Diff: 0.9, Sum: 156.0]
      [Code Root Scanning (ms): Min: 0.0, Avg: 0.0, Max: 0.0, Diff: 0.0, Sum: 0.0]
      [Object Copy (ms): Min: 140.8, Avg: 140.9, Max: 141.0, Diff: 0.2, Sum: 1127.5]
      [Termination (ms): Min: 0.0, Avg: 0.0, Max: 0.0, Diff: 0.0, Sum: 0.2]
         [Termination Attempts: Min: 1, Avg: 219.1, Max: 281, Diff: 280, Sum: 1753]
      [GC Worker Other (ms): Min: 0.0, Avg: 0.1, Max: 0.1, Diff: 0.1, Sum: 0.4]
      [GC Worker Total (ms): Min: 177.6, Avg: 177.6, Max: 177.8, Diff: 0.2, Sum: 1421.2]
      [GC Worker End (ms): Min: 56352.7, Avg: 56352.7, Max: 56352.7, Diff: 0.1]
   [Code Root Fixup: 0.0 ms]
   [Code Root Purge: 0.0 ms]
   [Clear CT: 0.2 ms]
   [Other: 1.0 ms]
      [Choose CSet: 0.0 ms]
      [Ref Proc: 0.2 ms]
      [Ref Enq: 0.0 ms]
      [Redirty Cards: 0.4 ms]
      [Humongous Register: 0.0 ms]
      [Humongous Reclaim: 0.0 ms]
      [Free CSet: 0.2 ms]
   [Eden: 312.0M(312.0M)->0.0B(302.0M) Survivors: 42.0M->45.0M Heap: 753.3M(2048.0M)->755.8M(2048.0M)]
 [Times: user=1.30 sys=0.05, real=0.18 secs] 
2020-09-29T11:59:54.281+0200: 56.512: [GC pause (G1 Evacuation Pause) (young), 0.1856888 secs]
   [Parallel Time: 184.8 ms, GC Workers: 8]
      [GC Worker Start (ms): Min: 56512.5, Avg: 56512.6, Max: 56512.7, Diff: 0.2]
      [Ext Root Scanning (ms): Min: 0.0, Avg: 0.1, Max: 0.2, Diff: 0.2, Sum: 0.5]
      [Update RS (ms): Min: 19.4, Avg: 19.5, Max: 19.6, Diff: 0.2, Sum: 156.0]
         [Processed Buffers: Min: 12, Avg: 20.6, Max: 24, Diff: 12, Sum: 165]
      [Scan RS (ms): Min: 16.9, Avg: 17.2, Max: 17.4, Diff: 0.5, Sum: 137.5]
      [Code Root Scanning (ms): Min: 0.0, Avg: 0.0, Max: 0.0, Diff: 0.0, Sum: 0.0]
      [Object Copy (ms): Min: 147.6, Avg: 147.8, Max: 147.9, Diff: 0.3, Sum: 1182.1]
      [Termination (ms): Min: 0.0, Avg: 0.1, Max: 0.2, Diff: 0.2, Sum: 0.8]
         [Termination Attempts: Min: 1, Avg: 745.0, Max: 1095, Diff: 1094, Sum: 5960]
      [GC Worker Other (ms): Min: 0.0, Avg: 0.0, Max: 0.1, Diff: 0.1, Sum: 0.3]
      [GC Worker Total (ms): Min: 184.6, Avg: 184.6, Max: 184.8, Diff: 0.2, Sum: 1477.2]
      [GC Worker End (ms): Min: 56697.2, Avg: 56697.3, Max: 56697.3, Diff: 0.1]
   [Code Root Fixup: 0.0 ms]
   [Code Root Purge: 0.0 ms]
   [Clear CT: 0.1 ms]
   [Other: 0.7 ms]
      [Choose CSet: 0.0 ms]
      [Ref Proc: 0.2 ms]
      [Ref Enq: 0.0 ms]
      [Redirty Cards: 0.2 ms]
      [Humongous Register: 0.0 ms]
      [Humongous Reclaim: 0.0 ms]
      [Free CSet: 0.2 ms]
   [Eden: 302.0M(302.0M)->0.0B(293.0M) Survivors: 45.0M->44.0M Heap: 1109.3M(2048.0M)->1110.8M(2048.0M)]
 [Times: user=1.47 sys=0.02, real=0.19 secs] 
2020-09-29T11:59:54.473+0200: 56.704: [GC pause (G1 Humongous Allocation) (young) (initial-mark), 0.0649599 secs]
   [Parallel Time: 64.0 ms, GC Workers: 8]
      [GC Worker Start (ms): Min: 56704.4, Avg: 56704.4, Max: 56704.5, Diff: 0.1]
      [Ext Root Scanning (ms): Min: 0.0, Avg: 0.1, Max: 0.2, Diff: 0.2, Sum: 1.0]
      [Update RS (ms): Min: 37.8, Avg: 38.1, Max: 38.4, Diff: 0.6, Sum: 304.6]
         [Processed Buffers: Min: 48, Avg: 50.1, Max: 53, Diff: 5, Sum: 401]
      [Scan RS (ms): Min: 2.4, Avg: 2.8, Max: 3.2, Diff: 0.7, Sum: 22.7]
      [Code Root Scanning (ms): Min: 0.0, Avg: 0.0, Max: 0.0, Diff: 0.0, Sum: 0.0]
      [Object Copy (ms): Min: 22.8, Avg: 22.9, Max: 22.9, Diff: 0.2, Sum: 183.1]
      [Termination (ms): Min: 0.0, Avg: 0.0, Max: 0.0, Diff: 0.0, Sum: 0.0]
         [Termination Attempts: Min: 1, Avg: 22.0, Max: 32, Diff: 31, Sum: 176]
      [GC Worker Other (ms): Min: 0.0, Avg: 0.0, Max: 0.0, Diff: 0.0, Sum: 0.1]
      [GC Worker Total (ms): Min: 63.9, Avg: 63.9, Max: 64.0, Diff: 0.1, Sum: 511.6]
      [GC Worker End (ms): Min: 56768.4, Avg: 56768.4, Max: 56768.4, Diff: 0.0]
   [Code Root Fixup: 0.0 ms]
   [Code Root Purge: 0.0 ms]
   [Clear CT: 0.2 ms]
   [Other: 0.7 ms]
      [Choose CSet: 0.0 ms]
      [Ref Proc: 0.1 ms]
      [Ref Enq: 0.0 ms]
      [Redirty Cards: 0.3 ms]
      [Humongous Register: 0.0 ms]
      [Humongous Reclaim: 0.0 ms]
      [Free CSet: 0.1 ms]
   [Eden: 10.0M(293.0M)->0.0B(320.0M) Survivors: 44.0M->13.0M Heap: 1120.8M(2048.0M)->1124.8M(2048.0M)]
 [Times: user=0.50 sys=0.00, real=0.07 secs] 
2020-09-29T11:59:54.538+0200: 56.769: [GC concurrent-root-region-scan-start]
2020-09-29T11:59:54.540+0200: 56.772: [GC concurrent-root-region-scan-end, 0.0021797 secs]
2020-09-29T11:59:54.540+0200: 56.772: [GC concurrent-mark-start]
2020-09-29T11:59:54.543+0200: 56.774: [GC concurrent-mark-end, 0.0024639 secs]
2020-09-29T11:59:54.543+0200: 56.774: [GC remark 2020-09-29T11:59:54.543+0200: 56.774: [Finalize Marking, 0.0001930 secs] 2020-09-29T11:59:54.543+0200: 56.775: [GC ref-proc, 0.0002903 secs] 2020-09-29T11:59:54.544+0200: 56.775: [Unloading, 0.0004066 secs], 0.0011774 secs]
 [Times: user=0.00 sys=0.00, real=0.00 secs] 
2020-09-29T11:59:54.545+0200: 56.776: [GC cleanup 1136M->30M(2048M), 0.0011377 secs]
 [Times: user=0.00 sys=0.00, real=0.00 secs] 
2020-09-29T11:59:54.546+0200: 56.777: [GC concurrent-cleanup-start]
2020-09-29T11:59:54.547+0200: 56.779: [GC concurrent-cleanup-end, 0.0015342 secs]
2020-09-29T11:59:54.703+0200: 56.934: [GC pause (G1 Evacuation Pause) (young), 0.1662914 secs]
   [Parallel Time: 164.9 ms, GC Workers: 8]
      [GC Worker Start (ms): Min: 56934.4, Avg: 56934.5, Max: 56934.6, Diff: 0.2]
      [Ext Root Scanning (ms): Min: 0.0, Avg: 0.1, Max: 0.2, Diff: 0.2, Sum: 0.5]
      [Update RS (ms): Min: 26.2, Avg: 26.6, Max: 27.2, Diff: 1.0, Sum: 213.1]
         [Processed Buffers: Min: 24, Avg: 26.0, Max: 29, Diff: 5, Sum: 208]
      [Scan RS (ms): Min: 14.9, Avg: 15.4, Max: 15.9, Diff: 1.0, Sum: 123.1]
      [Code Root Scanning (ms): Min: 0.0, Avg: 0.0, Max: 0.0, Diff: 0.0, Sum: 0.0]
      [Object Copy (ms): Min: 122.6, Avg: 122.6, Max: 122.6, Diff: 0.1, Sum: 980.8]
      [Termination (ms): Min: 0.0, Avg: 0.1, Max: 0.1, Diff: 0.1, Sum: 0.4]
         [Termination Attempts: Min: 1, Avg: 377.9, Max: 484, Diff: 483, Sum: 3023]
      [GC Worker Other (ms): Min: 0.0, Avg: 0.0, Max: 0.1, Diff: 0.0, Sum: 0.3]
      [GC Worker Total (ms): Min: 164.7, Avg: 164.8, Max: 164.9, Diff: 0.2, Sum: 1318.2]
      [GC Worker End (ms): Min: 57099.3, Avg: 57099.3, Max: 57099.3, Diff: 0.1]
   [Code Root Fixup: 0.0 ms]
   [Code Root Purge: 0.0 ms]
   [Clear CT: 0.4 ms]
   [Other: 0.9 ms]
      [Choose CSet: 0.0 ms]
      [Ref Proc: 0.1 ms]
      [Ref Enq: 0.0 ms]
      [Redirty Cards: 0.2 ms]
      [Humongous Register: 0.0 ms]
      [Humongous Reclaim: 0.0 ms]
      [Free CSet: 0.3 ms]
   [Eden: 320.0M(320.0M)->0.0B(297.0M) Survivors: 13.0M->42.0M Heap: 391.9M(2048.0M)->381.4M(2048.0M)]
 [Times: user=1.34 sys=0.03, real=0.17 secs] 
2020-09-29T11:59:55.032+0200: 57.263: [GC pause (G1 Evacuation Pause) (young), 0.1617630 secs]
   [Parallel Time: 160.4 ms, GC Workers: 8]
      [GC Worker Start (ms): Min: 57263.2, Avg: 57263.3, Max: 57263.4, Diff: 0.1]
      [Ext Root Scanning (ms): Min: 0.0, Avg: 0.1, Max: 0.1, Diff: 0.1, Sum: 0.5]
      [Update RS (ms): Min: 17.4, Avg: 17.7, Max: 18.1, Diff: 0.7, Sum: 141.9]
         [Processed Buffers: Min: 19, Avg: 20.4, Max: 22, Diff: 3, Sum: 163]
      [Scan RS (ms): Min: 15.1, Avg: 15.4, Max: 15.7, Diff: 0.7, Sum: 123.2]
      [Code Root Scanning (ms): Min: 0.0, Avg: 0.0, Max: 0.0, Diff: 0.0, Sum: 0.0]
      [Object Copy (ms): Min: 126.8, Avg: 126.9, Max: 127.0, Diff: 0.2, Sum: 1015.3]
      [Termination (ms): Min: 0.0, Avg: 0.0, Max: 0.1, Diff: 0.1, Sum: 0.3]
         [Termination Attempts: Min: 1, Avg: 165.3, Max: 223, Diff: 222, Sum: 1322]
      [GC Worker Other (ms): Min: 0.0, Avg: 0.0, Max: 0.1, Diff: 0.1, Sum: 0.3]
      [GC Worker Total (ms): Min: 160.1, Avg: 160.2, Max: 160.2, Diff: 0.1, Sum: 1281.5]
      [GC Worker End (ms): Min: 57423.5, Avg: 57423.5, Max: 57423.5, Diff: 0.1]
   [Code Root Fixup: 0.0 ms]
   [Code Root Purge: 0.0 ms]
   [Clear CT: 0.4 ms]
   [Other: 0.9 ms]
      [Choose CSet: 0.0 ms]
      [Ref Proc: 0.2 ms]
      [Ref Enq: 0.0 ms]
      [Redirty Cards: 0.4 ms]
      [Humongous Register: 0.0 ms]
      [Humongous Reclaim: 0.0 ms]
      [Free CSet: 0.2 ms]
   [Eden: 297.0M(297.0M)->0.0B(304.0M) Survivors: 42.0M->43.0M Heap: 728.0M(2048.0M)->730.0M(2048.0M)]
 [Times: user=1.38 sys=0.00, real=0.16 secs] 
2020-09-29T11:59:55.349+0200: 57.580: [GC pause (G1 Evacuation Pause) (young), 0.1656303 secs]
   [Parallel Time: 164.6 ms, GC Workers: 8]
      [GC Worker Start (ms): Min: 57580.1, Avg: 57580.1, Max: 57580.2, Diff: 0.1]
      [Ext Root Scanning (ms): Min: 0.0, Avg: 0.1, Max: 0.1, Diff: 0.1, Sum: 0.6]
      [Update RS (ms): Min: 16.1, Avg: 16.2, Max: 16.4, Diff: 0.3, Sum: 129.8]
         [Processed Buffers: Min: 17, Avg: 19.3, Max: 23, Diff: 6, Sum: 154]
      [Scan RS (ms): Min: 16.6, Avg: 16.8, Max: 17.0, Diff: 0.3, Sum: 134.4]
      [Code Root Scanning (ms): Min: 0.0, Avg: 0.0, Max: 0.0, Diff: 0.0, Sum: 0.0]
      [Object Copy (ms): Min: 131.2, Avg: 131.2, Max: 131.4, Diff: 0.2, Sum: 1050.0]
      [Termination (ms): Min: 0.0, Avg: 0.1, Max: 0.1, Diff: 0.1, Sum: 0.7]
         [Termination Attempts: Min: 1, Avg: 499.3, Max: 605, Diff: 604, Sum: 3994]
      [GC Worker Other (ms): Min: 0.0, Avg: 0.0, Max: 0.1, Diff: 0.0, Sum: 0.2]
      [GC Worker Total (ms): Min: 164.4, Avg: 164.5, Max: 164.5, Diff: 0.1, Sum: 1315.7]
      [GC Worker End (ms): Min: 57744.6, Avg: 57744.6, Max: 57744.6, Diff: 0.0]
   [Code Root Fixup: 0.0 ms]
   [Code Root Purge: 0.0 ms]
   [Clear CT: 0.2 ms]
   [Other: 0.8 ms]
      [Choose CSet: 0.0 ms]
      [Ref Proc: 0.1 ms]
      [Ref Enq: 0.0 ms]
      [Redirty Cards: 0.3 ms]
      [Humongous Register: 0.0 ms]
      [Humongous Reclaim: 0.0 ms]
      [Free CSet: 0.2 ms]
   [Eden: 304.0M(304.0M)->0.0B(308.0M) Survivors: 43.0M->44.0M Heap: 1085.5M(2048.0M)->1087.0M(2048.0M)]
 [Times: user=1.25 sys=0.00, real=0.16 secs] 
2020-09-29T11:59:55.522+0200: 57.754: [GC pause (G1 Humongous Allocation) (young) (initial-mark), 0.0616837 secs]
   [Parallel Time: 60.8 ms, GC Workers: 8]
      [GC Worker Start (ms): Min: 57753.9, Avg: 57754.0, Max: 57754.1, Diff: 0.1]
      [Ext Root Scanning (ms): Min: 0.0, Avg: 1.8, Max: 13.3, Diff: 13.3, Sum: 14.1]
      [Update RS (ms): Min: 24.8, Avg: 36.5, Max: 38.5, Diff: 13.6, Sum: 292.1]
         [Processed Buffers: Min: 32, Avg: 46.3, Max: 50, Diff: 18, Sum: 370]
      [Scan RS (ms): Min: 2.4, Avg: 2.6, Max: 3.0, Diff: 0.6, Sum: 21.2]
      [Code Root Scanning (ms): Min: 0.0, Avg: 0.0, Max: 0.0, Diff: 0.0, Sum: 0.0]
      [Object Copy (ms): Min: 19.7, Avg: 19.7, Max: 19.7, Diff: 0.0, Sum: 157.5]
      [Termination (ms): Min: 0.0, Avg: 0.0, Max: 0.0, Diff: 0.0, Sum: 0.1]
         [Termination Attempts: Min: 1, Avg: 87.5, Max: 118, Diff: 117, Sum: 700]
      [GC Worker Other (ms): Min: 0.0, Avg: 0.0, Max: 0.0, Diff: 0.0, Sum: 0.1]
      [GC Worker Total (ms): Min: 60.5, Avg: 60.6, Max: 60.7, Diff: 0.1, Sum: 485.1]
      [GC Worker End (ms): Min: 57814.6, Avg: 57814.6, Max: 57814.6, Diff: 0.0]
   [Code Root Fixup: 0.0 ms]
   [Code Root Purge: 0.0 ms]
   [Clear CT: 0.2 ms]
   [Other: 0.7 ms]
      [Choose CSet: 0.0 ms]
      [Ref Proc: 0.1 ms]
      [Ref Enq: 0.0 ms]
      [Redirty Cards: 0.2 ms]
      [Humongous Register: 0.0 ms]
      [Humongous Reclaim: 0.0 ms]
      [Free CSet: 0.1 ms]
   [Eden: 7168.0K(308.0M)->0.0B(348.0M) Survivors: 44.0M->8192.0K Heap: 1093.5M(2048.0M)->1097.0M(2048.0M)]
 [Times: user=0.48 sys=0.00, real=0.06 secs] 
2020-09-29T11:59:55.584+0200: 57.816: [GC concurrent-root-region-scan-start]
2020-09-29T11:59:55.586+0200: 57.818: [GC concurrent-root-region-scan-end, 0.0019599 secs]
2020-09-29T11:59:55.586+0200: 57.818: [GC concurrent-mark-start]
2020-09-29T11:59:55.590+0200: 57.821: [GC concurrent-mark-end, 0.0036801 secs]
2020-09-29T11:59:55.590+0200: 57.822: [GC remark 2020-09-29T11:59:55.590+0200: 57.822: [Finalize Marking, 0.0002018 secs] 2020-09-29T11:59:55.590+0200: 57.822: [GC ref-proc, 0.0003000 secs] 2020-09-29T11:59:55.591+0200: 57.822: [Unloading, 0.0004041 secs], 0.0012661 secs]
 [Times: user=0.00 sys=0.00, real=0.00 secs] 
2020-09-29T11:59:55.592+0200: 57.823: [GC cleanup 1109M->26M(2048M), 0.0012477 secs]
 [Times: user=0.00 sys=0.00, real=0.00 secs] 
2020-09-29T11:59:55.593+0200: 57.824: [GC concurrent-cleanup-start]
2020-09-29T11:59:55.595+0200: 57.826: [GC concurrent-cleanup-end, 0.0016923 secs]
2020-09-29T11:59:55.760+0200: 57.992: [GC pause (G1 Evacuation Pause) (young), 0.1656851 secs]
   [Parallel Time: 164.5 ms, GC Workers: 8]
      [GC Worker Start (ms): Min: 57991.9, Avg: 57992.0, Max: 57992.0, Diff: 0.2]
      [Ext Root Scanning (ms): Min: 0.0, Avg: 0.1, Max: 0.2, Diff: 0.2, Sum: 0.5]
      [Update RS (ms): Min: 17.8, Avg: 18.0, Max: 18.5, Diff: 0.7, Sum: 143.9]
         [Processed Buffers: Min: 20, Avg: 22.1, Max: 26, Diff: 6, Sum: 177]
      [Scan RS (ms): Min: 15.5, Avg: 16.0, Max: 16.2, Diff: 0.7, Sum: 128.1]
      [Code Root Scanning (ms): Min: 0.0, Avg: 0.0, Max: 0.0, Diff: 0.0, Sum: 0.0]
      [Object Copy (ms): Min: 130.1, Avg: 130.2, Max: 130.3, Diff: 0.2, Sum: 1042.0]
      [Termination (ms): Min: 0.0, Avg: 0.0, Max: 0.0, Diff: 0.0, Sum: 0.2]
         [Termination Attempts: Min: 1, Avg: 198.9, Max: 256, Diff: 255, Sum: 1591]
      [GC Worker Other (ms): Min: 0.0, Avg: 0.0, Max: 0.1, Diff: 0.0, Sum: 0.3]
      [GC Worker Total (ms): Min: 164.3, Avg: 164.4, Max: 164.4, Diff: 0.2, Sum: 1315.0]
      [GC Worker End (ms): Min: 58156.3, Avg: 58156.3, Max: 58156.4, Diff: 0.0]
   [Code Root Fixup: 0.0 ms]
   [Code Root Purge: 0.0 ms]
   [Clear CT: 0.2 ms]
   [Other: 0.9 ms]
      [Choose CSet: 0.0 ms]
      [Ref Proc: 0.2 ms]
      [Ref Enq: 0.0 ms]
      [Redirty Cards: 0.2 ms]
      [Humongous Register: 0.0 ms]
      [Humongous Reclaim: 0.0 ms]
      [Free CSet: 0.2 ms]
   [Eden: 348.0M(348.0M)->0.0B(325.0M) Survivors: 8192.0K->45.0M Heap: 421.1M(2048.0M)->415.6M(2048.0M)]
 [Times: user=1.25 sys=0.00, real=0.17 secs] 
2020-09-29T11:59:56.087+0200: 58.319: [GC pause (G1 Evacuation Pause) (young), 0.1825010 secs]
   [Parallel Time: 181.4 ms, GC Workers: 8]
      [GC Worker Start (ms): Min: 58318.8, Avg: 58318.9, Max: 58319.0, Diff: 0.2]
      [Ext Root Scanning (ms): Min: 0.0, Avg: 0.1, Max: 0.2, Diff: 0.2, Sum: 0.5]
      [Update RS (ms): Min: 17.7, Avg: 17.9, Max: 18.5, Diff: 0.8, Sum: 143.6]
         [Processed Buffers: Min: 20, Avg: 20.5, Max: 22, Diff: 2, Sum: 164]
      [Scan RS (ms): Min: 19.8, Avg: 20.3, Max: 20.6, Diff: 0.8, Sum: 162.3]
      [Code Root Scanning (ms): Min: 0.0, Avg: 0.0, Max: 0.0, Diff: 0.0, Sum: 0.0]
      [Object Copy (ms): Min: 142.7, Avg: 142.8, Max: 142.9, Diff: 0.2, Sum: 1142.5]
      [Termination (ms): Min: 0.0, Avg: 0.0, Max: 0.0, Diff: 0.0, Sum: 0.2]
         [Termination Attempts: Min: 1, Avg: 129.5, Max: 181, Diff: 180, Sum: 1036]
      [GC Worker Other (ms): Min: 0.0, Avg: 0.0, Max: 0.1, Diff: 0.1, Sum: 0.4]
      [GC Worker Total (ms): Min: 181.1, Avg: 181.2, Max: 181.3, Diff: 0.2, Sum: 1449.5]
      [GC Worker End (ms): Min: 58500.1, Avg: 58500.1, Max: 58500.1, Diff: 0.1]
   [Code Root Fixup: 0.0 ms]
   [Code Root Purge: 0.0 ms]
   [Clear CT: 0.2 ms]
   [Other: 0.9 ms]
      [Choose CSet: 0.0 ms]
      [Ref Proc: 0.2 ms]
      [Ref Enq: 0.0 ms]
      [Redirty Cards: 0.3 ms]
      [Humongous Register: 0.0 ms]
      [Humongous Reclaim: 0.0 ms]
      [Free CSet: 0.2 ms]
   [Eden: 325.0M(325.0M)->0.0B(311.0M) Survivors: 45.0M->47.0M Heap: 794.0M(2048.0M)->795.5M(2048.0M)]
 [Times: user=1.39 sys=0.00, real=0.18 secs] 
2020-09-29T11:59:56.434+0200: 58.665: [GC pause (G1 Evacuation Pause) (young), 0.1773156 secs]
   [Parallel Time: 176.1 ms, GC Workers: 8]
      [GC Worker Start (ms): Min: 58665.2, Avg: 58665.2, Max: 58665.3, Diff: 0.1]
      [Ext Root Scanning (ms): Min: 0.0, Avg: 0.1, Max: 0.1, Diff: 0.1, Sum: 0.5]
      [Update RS (ms): Min: 20.7, Avg: 20.9, Max: 21.0, Diff: 0.3, Sum: 167.0]
         [Processed Buffers: Min: 22, Avg: 24.0, Max: 26, Diff: 4, Sum: 192]
      [Scan RS (ms): Min: 16.0, Avg: 16.2, Max: 16.5, Diff: 0.5, Sum: 130.0]
      [Code Root Scanning (ms): Min: 0.0, Avg: 0.0, Max: 0.0, Diff: 0.0, Sum: 0.0]
      [Object Copy (ms): Min: 138.6, Avg: 138.7, Max: 138.8, Diff: 0.2, Sum: 1109.4]
      [Termination (ms): Min: 0.0, Avg: 0.0, Max: 0.0, Diff: 0.0, Sum: 0.2]
         [Termination Attempts: Min: 1, Avg: 185.1, Max: 237, Diff: 236, Sum: 1481]
      [GC Worker Other (ms): Min: 0.0, Avg: 0.0, Max: 0.1, Diff: 0.1, Sum: 0.4]
      [GC Worker Total (ms): Min: 175.8, Avg: 175.9, Max: 176.0, Diff: 0.2, Sum: 1407.5]
      [GC Worker End (ms): Min: 58841.1, Avg: 58841.2, Max: 58841.2, Diff: 0.1]
   [Code Root Fixup: 0.0 ms]
   [Code Root Purge: 0.0 ms]
   [Clear CT: 0.2 ms]
   [Other: 1.0 ms]
      [Choose CSet: 0.0 ms]
      [Ref Proc: 0.2 ms]
      [Ref Enq: 0.0 ms]
      [Redirty Cards: 0.3 ms]
      [Humongous Register: 0.0 ms]
      [Humongous Reclaim: 0.0 ms]
      [Free CSet: 0.2 ms]
   [Eden: 311.0M(311.0M)->0.0B(312.0M) Survivors: 47.0M->45.0M Heap: 1158.0M(2048.0M)->1159.0M(2048.0M)]
 [Times: user=1.38 sys=0.00, real=0.18 secs] 
2020-09-29T11:59:56.618+0200: 58.849: [GC pause (G1 Humongous Allocation) (young) (initial-mark), 0.0593067 secs]
   [Parallel Time: 58.6 ms, GC Workers: 8]
      [GC Worker Start (ms): Min: 58849.3, Avg: 58849.4, Max: 58849.5, Diff: 0.2]
      [Ext Root Scanning (ms): Min: 0.0, Avg: 0.1, Max: 0.2, Diff: 0.2, Sum: 1.0]
      [Update RS (ms): Min: 38.0, Avg: 38.1, Max: 38.2, Diff: 0.3, Sum: 304.9]
         [Processed Buffers: Min: 47, Avg: 49.1, Max: 52, Diff: 5, Sum: 393]
      [Scan RS (ms): Min: 2.4, Avg: 2.5, Max: 2.6, Diff: 0.2, Sum: 19.9]
      [Code Root Scanning (ms): Min: 0.0, Avg: 0.0, Max: 0.0, Diff: 0.0, Sum: 0.0]
      [Object Copy (ms): Min: 17.6, Avg: 17.7, Max: 17.7, Diff: 0.1, Sum: 141.3]
      [Termination (ms): Min: 0.0, Avg: 0.0, Max: 0.0, Diff: 0.0, Sum: 0.0]
         [Termination Attempts: Min: 1, Avg: 6.3, Max: 11, Diff: 10, Sum: 50]
      [GC Worker Other (ms): Min: 0.0, Avg: 0.0, Max: 0.1, Diff: 0.0, Sum: 0.2]
      [GC Worker Total (ms): Min: 58.3, Avg: 58.4, Max: 58.5, Diff: 0.2, Sum: 467.2]
      [GC Worker End (ms): Min: 58907.8, Avg: 58907.8, Max: 58907.8, Diff: 0.0]
   [Code Root Fixup: 0.0 ms]
   [Code Root Purge: 0.0 ms]
   [Clear CT: 0.1 ms]
   [Other: 0.6 ms]
      [Choose CSet: 0.0 ms]
      [Ref Proc: 0.2 ms]
      [Ref Enq: 0.0 ms]
      [Redirty Cards: 0.1 ms]
      [Humongous Register: 0.0 ms]
      [Humongous Reclaim: 0.0 ms]
      [Free CSet: 0.1 ms]
   [Eden: 1024.0K(312.0M)->0.0B(350.0M) Survivors: 45.0M->1024.0K Heap: 1159.5M(2048.0M)->1162.0M(2048.0M)]
 [Times: user=0.38 sys=0.02, real=0.06 secs] 
2020-09-29T11:59:56.677+0200: 58.909: [GC concurrent-root-region-scan-start]
2020-09-29T11:59:56.677+0200: 58.909: [GC concurrent-root-region-scan-end, 0.0002906 secs]
2020-09-29T11:59:56.677+0200: 58.909: [GC concurrent-mark-start]
2020-09-29T11:59:56.680+0200: 58.911: [GC concurrent-mark-end, 0.0024977 secs]
2020-09-29T11:59:56.680+0200: 58.912: [GC remark 2020-09-29T11:59:56.680+0200: 58.912: [Finalize Marking, 0.0001734 secs] 2020-09-29T11:59:56.680+0200: 58.912: [GC ref-proc, 0.0002778 secs] 2020-09-29T11:59:56.681+0200: 58.912: [Unloading, 0.0004273 secs], 0.0011813 secs]
 [Times: user=0.00 sys=0.00, real=0.00 secs] 
2020-09-29T11:59:56.682+0200: 58.913: [GC cleanup 1168M->13M(2048M), 0.0010617 secs]
 [Times: user=0.00 sys=0.00, real=0.00 secs] 
2020-09-29T11:59:56.683+0200: 58.914: [GC concurrent-cleanup-start]
2020-09-29T11:59:56.684+0200: 58.916: [GC concurrent-cleanup-end, 0.0014698 secs]
2020-09-29T11:59:56.849+0200: 59.080: [GC pause (G1 Evacuation Pause) (young), 0.1644069 secs]
   [Parallel Time: 163.4 ms, GC Workers: 8]
      [GC Worker Start (ms): Min: 59080.5, Avg: 59080.6, Max: 59080.6, Diff: 0.2]
      [Ext Root Scanning (ms): Min: 0.0, Avg: 0.0, Max: 0.2, Diff: 0.2, Sum: 0.4]
      [Update RS (ms): Min: 18.0, Avg: 18.2, Max: 18.4, Diff: 0.4, Sum: 145.9]
         [Processed Buffers: Min: 21, Avg: 22.1, Max: 24, Diff: 3, Sum: 177]
      [Scan RS (ms): Min: 15.6, Avg: 15.8, Max: 16.1, Diff: 0.5, Sum: 126.3]
      [Code Root Scanning (ms): Min: 0.0, Avg: 0.0, Max: 0.0, Diff: 0.0, Sum: 0.0]
      [Object Copy (ms): Min: 128.9, Avg: 129.0, Max: 129.1, Diff: 0.2, Sum: 1032.3]
      [Termination (ms): Min: 0.0, Avg: 0.1, Max: 0.1, Diff: 0.1, Sum: 0.5]
         [Termination Attempts: Min: 1, Avg: 452.5, Max: 645, Diff: 644, Sum: 3620]
      [GC Worker Other (ms): Min: 0.0, Avg: 0.0, Max: 0.1, Diff: 0.1, Sum: 0.3]
      [GC Worker Total (ms): Min: 163.1, Avg: 163.2, Max: 163.3, Diff: 0.2, Sum: 1305.6]
      [GC Worker End (ms): Min: 59243.7, Avg: 59243.8, Max: 59243.8, Diff: 0.1]
   [Code Root Fixup: 0.0 ms]
   [Code Root Purge: 0.0 ms]
   [Clear CT: 0.2 ms]
   [Other: 0.8 ms]
      [Choose CSet: 0.0 ms]
      [Ref Proc: 0.2 ms]
      [Ref Enq: 0.0 ms]
      [Redirty Cards: 0.2 ms]
      [Humongous Register: 0.1 ms]
      [Humongous Reclaim: 0.0 ms]
      [Free CSet: 0.2 ms]
   [Eden: 350.0M(350.0M)->0.0B(339.0M) Survivors: 1024.0K->44.0M Heap: 416.1M(2048.0M)->417.1M(2048.0M)]
 [Times: user=1.20 sys=0.02, real=0.16 secs] 
2020-09-29T11:59:57.191+0200: 59.422: [GC pause (G1 Evacuation Pause) (young), 0.1908722 secs]
   [Parallel Time: 189.0 ms, GC Workers: 8]
      [GC Worker Start (ms): Min: 59422.0, Avg: 59422.1, Max: 59422.2, Diff: 0.1]
      [Ext Root Scanning (ms): Min: 0.0, Avg: 0.1, Max: 0.2, Diff: 0.1, Sum: 0.5]
      [Update RS (ms): Min: 23.4, Avg: 23.5, Max: 24.2, Diff: 0.8, Sum: 188.2]
         [Processed Buffers: Min: 24, Avg: 28.0, Max: 31, Diff: 7, Sum: 224]
      [Scan RS (ms): Min: 16.5, Avg: 17.2, Max: 17.4, Diff: 0.8, Sum: 137.8]
      [Code Root Scanning (ms): Min: 0.0, Avg: 0.0, Max: 0.0, Diff: 0.0, Sum: 0.0]
      [Object Copy (ms): Min: 147.9, Avg: 147.9, Max: 147.9, Diff: 0.1, Sum: 1183.2]
      [Termination (ms): Min: 0.0, Avg: 0.0, Max: 0.1, Diff: 0.1, Sum: 0.3]
         [Termination Attempts: Min: 1, Avg: 258.6, Max: 346, Diff: 345, Sum: 2069]
      [GC Worker Other (ms): Min: 0.0, Avg: 0.0, Max: 0.1, Diff: 0.1, Sum: 0.3]
      [GC Worker Total (ms): Min: 188.7, Avg: 188.8, Max: 188.9, Diff: 0.1, Sum: 1510.4]
      [GC Worker End (ms): Min: 59610.9, Avg: 59610.9, Max: 59611.0, Diff: 0.1]
   [Code Root Fixup: 0.0 ms]
   [Code Root Purge: 0.0 ms]
   [Clear CT: 0.2 ms]
   [Other: 1.7 ms]
      [Choose CSet: 0.0 ms]
      [Ref Proc: 0.2 ms]
      [Ref Enq: 0.0 ms]
      [Redirty Cards: 0.9 ms]
      [Humongous Register: 0.1 ms]
      [Humongous Reclaim: 0.0 ms]
      [Free CSet: 0.3 ms]
   [Eden: 339.0M(339.0M)->0.0B(315.0M) Survivors: 44.0M->48.0M Heap: 813.3M(2048.0M)->815.8M(2048.0M)]
 [Times: user=1.59 sys=0.03, real=0.19 secs] 
2020-09-29T11:59:57.551+0200: 59.783: [GC pause (G1 Evacuation Pause) (young), 0.1742033 secs]
   [Parallel Time: 172.8 ms, GC Workers: 8]
      [GC Worker Start (ms): Min: 59782.8, Avg: 59782.9, Max: 59782.9, Diff: 0.2]
      [Ext Root Scanning (ms): Min: 0.0, Avg: 0.1, Max: 0.2, Diff: 0.2, Sum: 0.5]
      [Update RS (ms): Min: 19.6, Avg: 19.9, Max: 20.2, Diff: 0.7, Sum: 159.1]
         [Processed Buffers: Min: 20, Avg: 22.9, Max: 25, Diff: 5, Sum: 183]
      [Scan RS (ms): Min: 16.4, Avg: 16.7, Max: 17.0, Diff: 0.6, Sum: 133.7]
      [Code Root Scanning (ms): Min: 0.0, Avg: 0.0, Max: 0.0, Diff: 0.0, Sum: 0.0]
      [Object Copy (ms): Min: 135.8, Avg: 135.9, Max: 135.9, Diff: 0.1, Sum: 1087.1]
      [Termination (ms): Min: 0.0, Avg: 0.0, Max: 0.0, Diff: 0.0, Sum: 0.3]
         [Termination Attempts: Min: 1, Avg: 201.4, Max: 257, Diff: 256, Sum: 1611]
      [GC Worker Other (ms): Min: 0.0, Avg: 0.0, Max: 0.1, Diff: 0.1, Sum: 0.3]
      [GC Worker Total (ms): Min: 172.6, Avg: 172.6, Max: 172.7, Diff: 0.1, Sum: 1381.0]
      [GC Worker End (ms): Min: 59955.5, Avg: 59955.5, Max: 59955.5, Diff: 0.1]
   [Code Root Fixup: 0.0 ms]
   [Code Root Purge: 0.0 ms]
   [Clear CT: 0.4 ms]
   [Other: 1.0 ms]
      [Choose CSet: 0.0 ms]
      [Ref Proc: 0.3 ms]
      [Ref Enq: 0.0 ms]
      [Redirty Cards: 0.3 ms]
      [Humongous Register: 0.0 ms]
      [Humongous Reclaim: 0.0 ms]
      [Free CSet: 0.2 ms]
   [Eden: 315.0M(315.0M)->0.0B(318.0M) Survivors: 48.0M->46.0M Heap: 1182.3M(2048.0M)->1184.3M(2048.0M)]
 [Times: user=1.41 sys=0.03, real=0.18 secs] 
2020-09-29T11:59:57.741+0200: 59.972: [GC pause (G1 Humongous Allocation) (young) (initial-mark), 0.0606009 secs]
   [Parallel Time: 59.9 ms, GC Workers: 8]
      [GC Worker Start (ms): Min: 59972.6, Avg: 59972.7, Max: 59972.8, Diff: 0.2]
      [Ext Root Scanning (ms): Min: 0.0, Avg: 0.2, Max: 0.3, Diff: 0.3, Sum: 1.4]
      [Update RS (ms): Min: 35.7, Avg: 35.8, Max: 36.0, Diff: 0.3, Sum: 286.5]
         [Processed Buffers: Min: 46, Avg: 47.1, Max: 49, Diff: 3, Sum: 377]
      [Scan RS (ms): Min: 2.5, Avg: 2.7, Max: 2.8, Diff: 0.3, Sum: 21.5]
      [Code Root Scanning (ms): Min: 0.0, Avg: 0.0, Max: 0.0, Diff: 0.0, Sum: 0.0]
      [Object Copy (ms): Min: 20.9, Avg: 21.0, Max: 21.0, Diff: 0.1, Sum: 167.6]
      [Termination (ms): Min: 0.0, Avg: 0.0, Max: 0.0, Diff: 0.0, Sum: 0.0]
         [Termination Attempts: Min: 1, Avg: 6.3, Max: 14, Diff: 13, Sum: 50]
      [GC Worker Other (ms): Min: 0.0, Avg: 0.0, Max: 0.0, Diff: 0.0, Sum: 0.1]
      [GC Worker Total (ms): Min: 59.6, Avg: 59.6, Max: 59.7, Diff: 0.2, Sum: 477.1]
      [GC Worker End (ms): Min: 60032.3, Avg: 60032.3, Max: 60032.3, Diff: 0.0]
   [Code Root Fixup: 0.0 ms]
   [Code Root Purge: 0.0 ms]
   [Clear CT: 0.2 ms]
   [Other: 0.5 ms]
      [Choose CSet: 0.0 ms]
      [Ref Proc: 0.1 ms]
      [Ref Enq: 0.0 ms]
      [Redirty Cards: 0.1 ms]
      [Humongous Register: 0.0 ms]
      [Humongous Reclaim: 0.0 ms]
      [Free CSet: 0.1 ms]
   [Eden: 4096.0K(318.0M)->0.0B(321.0M) Survivors: 46.0M->5120.0K Heap: 1187.8M(2048.0M)->1191.3M(2048.0M)]
 [Times: user=0.50 sys=0.00, real=0.06 secs] 
2020-09-29T11:59:57.802+0200: 60.033: [GC concurrent-root-region-scan-start]
2020-09-29T11:59:57.803+0200: 60.034: [GC concurrent-root-region-scan-end, 0.0007949 secs]
2020-09-29T11:59:57.803+0200: 60.034: [GC concurrent-mark-start]
2020-09-29T11:59:57.805+0200: 60.036: [GC concurrent-mark-end, 0.0022866 secs]
2020-09-29T11:59:57.805+0200: 60.036: [GC remark 2020-09-29T11:59:57.805+0200: 60.037: [Finalize Marking, 0.0001809 secs] 2020-09-29T11:59:57.805+0200: 60.037: [GC ref-proc, 0.0002772 secs] 2020-09-29T11:59:57.806+0200: 60.037: [Unloading, 0.0004377 secs], 0.0011795 secs]
 [Times: user=0.00 sys=0.00, real=0.00 secs] 
2020-09-29T11:59:57.807+0200: 60.038: [GC cleanup 1198M->17M(2048M), 0.0009786 secs]
 [Times: user=0.00 sys=0.00, real=0.00 secs] 
2020-09-29T11:59:57.808+0200: 60.039: [GC concurrent-cleanup-start]
2020-09-29T11:59:57.809+0200: 60.041: [GC concurrent-cleanup-end, 0.0015399 secs]
2020-09-29T11:59:57.967+0200: 60.198: [GC pause (G1 Evacuation Pause) (young), 0.1684878 secs]
   [Parallel Time: 167.2 ms, GC Workers: 8]
      [GC Worker Start (ms): Min: 60198.2, Avg: 60198.3, Max: 60198.4, Diff: 0.2]
      [Ext Root Scanning (ms): Min: 0.0, Avg: 0.1, Max: 0.2, Diff: 0.2, Sum: 0.5]
      [Update RS (ms): Min: 20.1, Avg: 20.2, Max: 20.6, Diff: 0.5, Sum: 162.0]
         [Processed Buffers: Min: 21, Avg: 24.3, Max: 26, Diff: 5, Sum: 194]
      [Scan RS (ms): Min: 13.3, Avg: 14.2, Max: 17.2, Diff: 3.9, Sum: 113.6]
      [Code Root Scanning (ms): Min: 0.0, Avg: 0.0, Max: 0.0, Diff: 0.0, Sum: 0.0]
      [Object Copy (ms): Min: 129.3, Avg: 132.3, Max: 132.8, Diff: 3.4, Sum: 1058.1]
      [Termination (ms): Min: 0.0, Avg: 0.1, Max: 0.2, Diff: 0.2, Sum: 0.8]
         [Termination Attempts: Min: 1, Avg: 756.4, Max: 1121, Diff: 1120, Sum: 6051]
      [GC Worker Other (ms): Min: 0.0, Avg: 0.0, Max: 0.1, Diff: 0.1, Sum: 0.4]
      [GC Worker Total (ms): Min: 166.8, Avg: 166.9, Max: 167.0, Diff: 0.2, Sum: 1335.4]
      [GC Worker End (ms): Min: 60365.2, Avg: 60365.2, Max: 60365.3, Diff: 0.1]
   [Code Root Fixup: 0.0 ms]
   [Code Root Purge: 0.0 ms]
   [Clear CT: 0.2 ms]
   [Other: 1.1 ms]
      [Choose CSet: 0.0 ms]
      [Ref Proc: 0.3 ms]
      [Ref Enq: 0.0 ms]
      [Redirty Cards: 0.3 ms]
      [Humongous Register: 0.0 ms]
      [Humongous Reclaim: 0.0 ms]
      [Free CSet: 0.2 ms]
   [Eden: 321.0M(321.0M)->0.0B(319.0M) Survivors: 5120.0K->41.0M Heap: 387.3M(2048.0M)->384.3M(2048.0M)]
 [Times: user=1.38 sys=0.00, real=0.17 secs] 
2020-09-29T11:59:58.311+0200: 60.543: [GC pause (G1 Evacuation Pause) (young), 0.1804367 secs]
   [Parallel Time: 178.6 ms, GC Workers: 8]
      [GC Worker Start (ms): Min: 60542.8, Avg: 60542.9, Max: 60543.0, Diff: 0.2]
      [Ext Root Scanning (ms): Min: 0.0, Avg: 0.1, Max: 0.2, Diff: 0.2, Sum: 0.5]
      [Update RS (ms): Min: 18.6, Avg: 18.9, Max: 19.5, Diff: 0.9, Sum: 151.5]
         [Processed Buffers: Min: 17, Avg: 18.9, Max: 20, Diff: 3, Sum: 151]
      [Scan RS (ms): Min: 20.3, Avg: 20.9, Max: 21.2, Diff: 0.9, Sum: 166.8]
      [Code Root Scanning (ms): Min: 0.0, Avg: 0.0, Max: 0.0, Diff: 0.0, Sum: 0.0]
      [Object Copy (ms): Min: 138.3, Avg: 138.5, Max: 138.6, Diff: 0.2, Sum: 1108.2]
      [Termination (ms): Min: 0.0, Avg: 0.0, Max: 0.1, Diff: 0.1, Sum: 0.3]
         [Termination Attempts: Min: 1, Avg: 297.4, Max: 404, Diff: 403, Sum: 2379]
      [GC Worker Other (ms): Min: 0.0, Avg: 0.0, Max: 0.1, Diff: 0.1, Sum: 0.4]
      [GC Worker Total (ms): Min: 178.4, Avg: 178.5, Max: 178.6, Diff: 0.2, Sum: 1427.7]
      [GC Worker End (ms): Min: 60721.3, Avg: 60721.4, Max: 60721.4, Diff: 0.1]
   [Code Root Fixup: 0.0 ms]
   [Code Root Purge: 0.0 ms]
   [Clear CT: 0.7 ms]
   [Other: 1.1 ms]
      [Choose CSet: 0.0 ms]
      [Ref Proc: 0.2 ms]
      [Ref Enq: 0.0 ms]
      [Redirty Cards: 0.5 ms]
      [Humongous Register: 0.0 ms]
      [Humongous Reclaim: 0.0 ms]
      [Free CSet: 0.2 ms]
   [Eden: 319.0M(319.0M)->0.0B(301.0M) Survivors: 41.0M->45.0M Heap: 754.8M(2048.0M)->756.8M(2048.0M)]
 [Times: user=1.47 sys=0.01, real=0.18 secs] 
2020-09-29T11:59:58.652+0200: 60.883: [GC pause (G1 Evacuation Pause) (young), 0.1730741 secs]
   [Parallel Time: 171.9 ms, GC Workers: 8]
      [GC Worker Start (ms): Min: 60883.2, Avg: 60883.3, Max: 60883.4, Diff: 0.2]
      [Ext Root Scanning (ms): Min: 0.0, Avg: 0.1, Max: 0.1, Diff: 0.1, Sum: 0.5]
      [Update RS (ms): Min: 20.3, Avg: 20.4, Max: 20.6, Diff: 0.3, Sum: 163.2]
         [Processed Buffers: Min: 22, Avg: 24.1, Max: 27, Diff: 5, Sum: 193]
      [Scan RS (ms): Min: 15.3, Avg: 15.5, Max: 15.7, Diff: 0.4, Sum: 124.0]
      [Code Root Scanning (ms): Min: 0.0, Avg: 0.0, Max: 0.0, Diff: 0.0, Sum: 0.0]
      [Object Copy (ms): Min: 135.6, Avg: 135.7, Max: 135.8, Diff: 0.2, Sum: 1085.8]
      [Termination (ms): Min: 0.0, Avg: 0.0, Max: 0.0, Diff: 0.0, Sum: 0.2]
         [Termination Attempts: Min: 1, Avg: 181.8, Max: 218, Diff: 217, Sum: 1454]
      [GC Worker Other (ms): Min: 0.0, Avg: 0.0, Max: 0.1, Diff: 0.1, Sum: 0.3]
      [GC Worker Total (ms): Min: 171.7, Avg: 171.8, Max: 171.8, Diff: 0.2, Sum: 1374.0]
      [GC Worker End (ms): Min: 61055.1, Avg: 61055.1, Max: 61055.1, Diff: 0.1]
   [Code Root Fixup: 0.0 ms]
   [Code Root Purge: 0.0 ms]
   [Clear CT: 0.2 ms]
   [Other: 0.9 ms]
      [Choose CSet: 0.0 ms]
      [Ref Proc: 0.2 ms]
      [Ref Enq: 0.0 ms]
      [Redirty Cards: 0.2 ms]
      [Humongous Register: 0.0 ms]
      [Humongous Reclaim: 0.0 ms]
      [Free CSet: 0.2 ms]
   [Eden: 301.0M(301.0M)->0.0B(305.0M) Survivors: 45.0M->44.0M Heap: 1109.3M(2048.0M)->1111.3M(2048.0M)]
 [Times: user=1.38 sys=0.00, real=0.17 secs] 
2020-09-29T11:59:58.840+0200: 61.072: [GC pause (G1 Humongous Allocation) (young) (initial-mark), 0.0510373 secs]
   [Parallel Time: 50.3 ms, GC Workers: 8]
      [GC Worker Start (ms): Min: 61071.9, Avg: 61071.9, Max: 61072.0, Diff: 0.1]
      [Ext Root Scanning (ms): Min: 0.0, Avg: 0.1, Max: 0.1, Diff: 0.1, Sum: 0.5]
      [Update RS (ms): Min: 24.7, Avg: 24.9, Max: 25.4, Diff: 0.7, Sum: 198.8]
         [Processed Buffers: Min: 30, Avg: 32.5, Max: 35, Diff: 5, Sum: 260]
      [Scan RS (ms): Min: 2.3, Avg: 3.0, Max: 4.5, Diff: 2.2, Sum: 24.4]
      [Code Root Scanning (ms): Min: 0.0, Avg: 0.0, Max: 0.0, Diff: 0.0, Sum: 0.0]
      [Object Copy (ms): Min: 20.6, Avg: 22.1, Max: 22.3, Diff: 1.7, Sum: 176.5]
      [Termination (ms): Min: 0.0, Avg: 0.0, Max: 0.0, Diff: 0.0, Sum: 0.2]
         [Termination Attempts: Min: 1, Avg: 126.4, Max: 157, Diff: 156, Sum: 1011]
      [GC Worker Other (ms): Min: 0.0, Avg: 0.0, Max: 0.0, Diff: 0.0, Sum: 0.2]
      [GC Worker Total (ms): Min: 50.0, Avg: 50.1, Max: 50.2, Diff: 0.1, Sum: 400.6]
      [GC Worker End (ms): Min: 61122.0, Avg: 61122.0, Max: 61122.0, Diff: 0.0]
   [Code Root Fixup: 0.0 ms]
   [Code Root Purge: 0.0 ms]
   [Clear CT: 0.2 ms]
   [Other: 0.6 ms]
      [Choose CSet: 0.0 ms]
      [Ref Proc: 0.1 ms]
      [Ref Enq: 0.0 ms]
      [Redirty Cards: 0.1 ms]
      [Humongous Register: 0.0 ms]
      [Humongous Reclaim: 0.0 ms]
      [Free CSet: 0.1 ms]
   [Eden: 9216.0K(305.0M)->0.0B(352.0M) Survivors: 44.0M->11.0M Heap: 1120.3M(2048.0M)->1123.8M(2048.0M)]
 [Times: user=0.38 sys=0.00, real=0.05 secs] 
2020-09-29T11:59:58.892+0200: 61.123: [GC concurrent-root-region-scan-start]
2020-09-29T11:59:58.895+0200: 61.126: [GC concurrent-root-region-scan-end, 0.0030248 secs]
2020-09-29T11:59:58.895+0200: 61.126: [GC concurrent-mark-start]
2020-09-29T11:59:58.897+0200: 61.128: [GC concurrent-mark-end, 0.0022314 secs]
2020-09-29T11:59:58.897+0200: 61.128: [GC remark 2020-09-29T11:59:58.897+0200: 61.128: [Finalize Marking, 0.0001310 secs] 2020-09-29T11:59:58.897+0200: 61.128: [GC ref-proc, 0.0002657 secs] 2020-09-29T11:59:58.897+0200: 61.129: [Unloading, 0.0003309 secs], 0.0009735 secs]
 [Times: user=0.00 sys=0.00, real=0.00 secs] 
2020-09-29T11:59:58.898+0200: 61.130: [GC cleanup 1136M->29M(2048M), 0.0010751 secs]
 [Times: user=0.00 sys=0.00, real=0.00 secs] 
2020-09-29T11:59:58.899+0200: 61.131: [GC concurrent-cleanup-start]
2020-09-29T11:59:58.901+0200: 61.132: [GC concurrent-cleanup-end, 0.0016237 secs]
2020-09-29T11:59:59.127+0200: 61.358: [GC pause (G1 Evacuation Pause) (young), 0.2848979 secs]
   [Parallel Time: 283.1 ms, GC Workers: 8]
      [GC Worker Start (ms): Min: 61358.4, Avg: 61358.5, Max: 61358.6, Diff: 0.3]
      [Ext Root Scanning (ms): Min: 0.0, Avg: 0.1, Max: 0.2, Diff: 0.2, Sum: 0.7]
      [Update RS (ms): Min: 19.6, Avg: 20.0, Max: 20.6, Diff: 1.0, Sum: 159.9]
         [Processed Buffers: Min: 14, Avg: 14.9, Max: 16, Diff: 2, Sum: 119]
      [Scan RS (ms): Min: 30.9, Avg: 31.4, Max: 31.8, Diff: 0.9, Sum: 250.9]
      [Code Root Scanning (ms): Min: 0.0, Avg: 0.0, Max: 0.0, Diff: 0.0, Sum: 0.0]
      [Object Copy (ms): Min: 230.9, Avg: 231.0, Max: 231.2, Diff: 0.3, Sum: 1848.4]
      [Termination (ms): Min: 0.0, Avg: 0.1, Max: 0.2, Diff: 0.2, Sum: 1.2]
         [Termination Attempts: Min: 1, Avg: 602.4, Max: 748, Diff: 747, Sum: 4819]
      [GC Worker Other (ms): Min: 0.0, Avg: 0.1, Max: 0.1, Diff: 0.1, Sum: 0.5]
      [GC Worker Total (ms): Min: 282.6, Avg: 282.7, Max: 282.9, Diff: 0.3, Sum: 2261.7]
      [GC Worker End (ms): Min: 61641.2, Avg: 61641.2, Max: 61641.3, Diff: 0.1]
   [Code Root Fixup: 0.0 ms]
   [Code Root Purge: 0.0 ms]
   [Clear CT: 0.3 ms]
   [Other: 1.6 ms]
      [Choose CSet: 0.0 ms]
      [Ref Proc: 0.3 ms]
      [Ref Enq: 0.0 ms]
      [Redirty Cards: 0.5 ms]
      [Humongous Register: 0.0 ms]
      [Humongous Reclaim: 0.0 ms]
      [Free CSet: 0.4 ms]
   [Eden: 352.0M(352.0M)->0.0B(204.0M) Survivors: 11.0M->46.0M Heap: 428.1M(2048.0M)->419.1M(2048.0M)]
 [Times: user=2.22 sys=0.05, real=0.28 secs] 
2020-09-29T11:59:59.598+0200: 61.830: [GC pause (G1 Evacuation Pause) (young), 0.2018445 secs]
   [Parallel Time: 200.0 ms, GC Workers: 8]
      [GC Worker Start (ms): Min: 61829.7, Avg: 61829.8, Max: 61830.0, Diff: 0.3]
      [Ext Root Scanning (ms): Min: 0.0, Avg: 0.1, Max: 0.2, Diff: 0.2, Sum: 0.7]
      [Update RS (ms): Min: 23.1, Avg: 23.4, Max: 23.9, Diff: 0.8, Sum: 187.2]
         [Processed Buffers: Min: 15, Avg: 16.6, Max: 19, Diff: 4, Sum: 133]
      [Scan RS (ms): Min: 16.8, Avg: 17.3, Max: 17.6, Diff: 0.8, Sum: 138.1]
      [Code Root Scanning (ms): Min: 0.0, Avg: 0.0, Max: 0.0, Diff: 0.0, Sum: 0.0]
      [Object Copy (ms): Min: 158.7, Avg: 158.8, Max: 158.9, Diff: 0.2, Sum: 1270.7]
      [Termination (ms): Min: 0.0, Avg: 0.0, Max: 0.0, Diff: 0.0, Sum: 0.1]
         [Termination Attempts: Min: 1, Avg: 68.5, Max: 92, Diff: 91, Sum: 548]
      [GC Worker Other (ms): Min: 0.0, Avg: 0.0, Max: 0.1, Diff: 0.1, Sum: 0.4]
      [GC Worker Total (ms): Min: 199.6, Avg: 199.7, Max: 199.8, Diff: 0.2, Sum: 1597.3]
      [GC Worker End (ms): Min: 62029.5, Avg: 62029.5, Max: 62029.5, Diff: 0.1]
   [Code Root Fixup: 0.0 ms]
   [Code Root Purge: 0.0 ms]
   [Clear CT: 0.4 ms]
   [Other: 1.4 ms]
      [Choose CSet: 0.0 ms]
      [Ref Proc: 0.3 ms]
      [Ref Enq: 0.0 ms]
      [Redirty Cards: 0.6 ms]
      [Humongous Register: 0.0 ms]
      [Humongous Reclaim: 0.0 ms]
      [Free CSet: 0.2 ms]
   [Eden: 204.0M(204.0M)->0.0B(188.0M) Survivors: 46.0M->32.0M Heap: 657.5M(2048.0M)->660.0M(2048.0M)]
 [Times: user=1.50 sys=0.00, real=0.20 secs] 
2020-09-29T11:59:59.960+0200: 62.191: [GC pause (G1 Evacuation Pause) (young), 0.1795629 secs]
   [Parallel Time: 177.6 ms, GC Workers: 8]
      [GC Worker Start (ms): Min: 62191.2, Avg: 62191.3, Max: 62191.4, Diff: 0.3]
      [Ext Root Scanning (ms): Min: 0.0, Avg: 0.1, Max: 0.2, Diff: 0.2, Sum: 0.7]
      [Update RS (ms): Min: 19.2, Avg: 19.5, Max: 20.2, Diff: 1.0, Sum: 155.7]
         [Processed Buffers: Min: 13, Avg: 15.0, Max: 19, Diff: 6, Sum: 120]
      [Scan RS (ms): Min: 14.3, Avg: 15.1, Max: 15.4, Diff: 1.1, Sum: 120.7]
      [Code Root Scanning (ms): Min: 0.0, Avg: 0.0, Max: 0.0, Diff: 0.0, Sum: 0.0]
      [Object Copy (ms): Min: 142.3, Avg: 142.4, Max: 142.5, Diff: 0.2, Sum: 1139.0]
      [Termination (ms): Min: 0.0, Avg: 0.1, Max: 0.1, Diff: 0.1, Sum: 0.6]
         [Termination Attempts: Min: 1, Avg: 62.6, Max: 109, Diff: 108, Sum: 501]
      [GC Worker Other (ms): Min: 0.0, Avg: 0.0, Max: 0.0, Diff: 0.0, Sum: 0.1]
      [GC Worker Total (ms): Min: 177.0, Avg: 177.1, Max: 177.3, Diff: 0.3, Sum: 1416.8]
      [GC Worker End (ms): Min: 62368.4, Avg: 62368.4, Max: 62368.5, Diff: 0.1]
   [Code Root Fixup: 0.0 ms]
   [Code Root Purge: 0.0 ms]
   [Clear CT: 0.3 ms]
   [Other: 1.6 ms]
      [Choose CSet: 0.0 ms]
      [Ref Proc: 0.7 ms]
      [Ref Enq: 0.0 ms]
      [Redirty Cards: 0.3 ms]
      [Humongous Register: 0.0 ms]
      [Humongous Reclaim: 0.0 ms]
      [Free CSet: 0.3 ms]
   [Eden: 188.0M(188.0M)->0.0B(184.0M) Survivors: 32.0M->28.0M Heap: 880.4M(2048.0M)->881.9M(2048.0M)]
 [Times: user=1.34 sys=0.00, real=0.18 secs] 
2020-09-29T12:00:00.290+0200: 62.521: [GC pause (G1 Evacuation Pause) (young), 0.1893924 secs]
   [Parallel Time: 187.0 ms, GC Workers: 8]
      [GC Worker Start (ms): Min: 62521.5, Avg: 62521.6, Max: 62521.7, Diff: 0.2]
      [Ext Root Scanning (ms): Min: 0.0, Avg: 0.1, Max: 0.2, Diff: 0.2, Sum: 0.8]
      [Update RS (ms): Min: 25.8, Avg: 26.1, Max: 27.2, Diff: 1.4, Sum: 208.5]
         [Processed Buffers: Min: 11, Avg: 18.4, Max: 22, Diff: 11, Sum: 147]
      [Scan RS (ms): Min: 11.4, Avg: 12.5, Max: 12.8, Diff: 1.4, Sum: 99.9]
      [Code Root Scanning (ms): Min: 0.0, Avg: 0.0, Max: 0.0, Diff: 0.0, Sum: 0.0]
      [Object Copy (ms): Min: 147.8, Avg: 147.9, Max: 148.1, Diff: 0.2, Sum: 1183.4]
      [Termination (ms): Min: 0.0, Avg: 0.1, Max: 0.1, Diff: 0.1, Sum: 0.6]
         [Termination Attempts: Min: 1, Avg: 328.3, Max: 465, Diff: 464, Sum: 2626]
      [GC Worker Other (ms): Min: 0.0, Avg: 0.1, Max: 0.1, Diff: 0.1, Sum: 0.4]
      [GC Worker Total (ms): Min: 186.6, Avg: 186.7, Max: 186.8, Diff: 0.3, Sum: 1493.7]
      [GC Worker End (ms): Min: 62708.3, Avg: 62708.3, Max: 62708.4, Diff: 0.1]
   [Code Root Fixup: 0.0 ms]
   [Code Root Purge: 0.0 ms]
   [Clear CT: 0.2 ms]
   [Other: 2.1 ms]
      [Choose CSet: 0.0 ms]
      [Ref Proc: 0.3 ms]
      [Ref Enq: 0.0 ms]
      [Redirty Cards: 1.4 ms]
      [Humongous Register: 0.1 ms]
      [Humongous Reclaim: 0.0 ms]
      [Free CSet: 0.2 ms]
   [Eden: 184.0M(184.0M)->0.0B(174.0M) Survivors: 28.0M->27.0M Heap: 1096.4M(2048.0M)->1098.9M(2048.0M)]
 [Times: user=1.45 sys=0.00, real=0.20 secs] 
2020-09-29T12:00:00.495+0200: 62.726: [GC pause (G1 Humongous Allocation) (young) (initial-mark), 0.0665840 secs]
   [Parallel Time: 65.4 ms, GC Workers: 8]
      [GC Worker Start (ms): Min: 62726.0, Avg: 62726.1, Max: 62726.1, Diff: 0.1]
      [Ext Root Scanning (ms): Min: 0.1, Avg: 0.1, Max: 0.2, Diff: 0.1, Sum: 1.0]
      [Update RS (ms): Min: 35.9, Avg: 36.1, Max: 37.2, Diff: 1.3, Sum: 288.8]
         [Processed Buffers: Min: 27, Avg: 29.0, Max: 32, Diff: 5, Sum: 232]
      [Scan RS (ms): Min: 1.7, Avg: 2.7, Max: 3.0, Diff: 1.3, Sum: 21.6]
      [Code Root Scanning (ms): Min: 0.0, Avg: 0.0, Max: 0.0, Diff: 0.0, Sum: 0.0]
      [Object Copy (ms): Min: 26.1, Avg: 26.2, Max: 26.2, Diff: 0.1, Sum: 209.5]
      [Termination (ms): Min: 0.0, Avg: 0.0, Max: 0.0, Diff: 0.0, Sum: 0.1]
         [Termination Attempts: Min: 1, Avg: 23.6, Max: 41, Diff: 40, Sum: 189]
      [GC Worker Other (ms): Min: 0.0, Avg: 0.0, Max: 0.0, Diff: 0.0, Sum: 0.2]
      [GC Worker Total (ms): Min: 65.1, Avg: 65.1, Max: 65.2, Diff: 0.1, Sum: 521.2]
      [GC Worker End (ms): Min: 62791.2, Avg: 62791.2, Max: 62791.2, Diff: 0.0]
   [Code Root Fixup: 0.0 ms]
   [Code Root Purge: 0.0 ms]
   [Clear CT: 0.3 ms]
   [Other: 0.9 ms]
      [Choose CSet: 0.0 ms]
      [Ref Proc: 0.3 ms]
      [Ref Enq: 0.0 ms]
      [Redirty Cards: 0.2 ms]
      [Humongous Register: 0.0 ms]
      [Humongous Reclaim: 0.0 ms]
      [Free CSet: 0.1 ms]
   [Eden: 11.0M(174.0M)->0.0B(193.0M) Survivors: 27.0M->12.0M Heap: 1109.4M(2048.0M)->1113.4M(2048.0M)]
 [Times: user=0.50 sys=0.00, real=0.07 secs] 
2020-09-29T12:00:00.561+0200: 62.793: [GC concurrent-root-region-scan-start]
2020-09-29T12:00:00.567+0200: 62.798: [GC concurrent-root-region-scan-end, 0.0058583 secs]
2020-09-29T12:00:00.567+0200: 62.798: [GC concurrent-mark-start]
2020-09-29T12:00:00.571+0200: 62.802: [GC concurrent-mark-end, 0.0034299 secs]
2020-09-29T12:00:00.571+0200: 62.802: [GC remark 2020-09-29T12:00:00.571+0200: 62.802: [Finalize Marking, 0.0002040 secs] 2020-09-29T12:00:00.571+0200: 62.802: [GC ref-proc, 0.0004500 secs] 2020-09-29T12:00:00.572+0200: 62.803: [Unloading, 0.0006198 secs], 0.0016827 secs]
 [Times: user=0.00 sys=0.00, real=0.00 secs] 
2020-09-29T12:00:00.573+0200: 62.804: [GC cleanup 1126M->31M(2048M), 0.0016402 secs]
 [Times: user=0.00 sys=0.00, real=0.00 secs] 
2020-09-29T12:00:00.575+0200: 62.806: [GC concurrent-cleanup-start]
2020-09-29T12:00:00.578+0200: 62.809: [GC concurrent-cleanup-end, 0.0026119 secs]
2020-09-29T12:00:00.723+0200: 62.954: [GC pause (G1 Evacuation Pause) (young), 0.1595843 secs]
   [Parallel Time: 157.6 ms, GC Workers: 8]
      [GC Worker Start (ms): Min: 62954.1, Avg: 62954.2, Max: 62954.4, Diff: 0.2]
      [Ext Root Scanning (ms): Min: 0.0, Avg: 0.1, Max: 0.2, Diff: 0.2, Sum: 0.8]
      [Update RS (ms): Min: 19.9, Avg: 20.3, Max: 20.8, Diff: 0.9, Sum: 162.3]
         [Processed Buffers: Min: 13, Avg: 14.5, Max: 16, Diff: 3, Sum: 116]
      [Scan RS (ms): Min: 11.0, Avg: 11.6, Max: 12.0, Diff: 1.0, Sum: 92.5]
      [Code Root Scanning (ms): Min: 0.0, Avg: 0.0, Max: 0.0, Diff: 0.0, Sum: 0.0]
      [Object Copy (ms): Min: 125.1, Avg: 125.2, Max: 125.3, Diff: 0.2, Sum: 1001.6]
      [Termination (ms): Min: 0.0, Avg: 0.1, Max: 0.1, Diff: 0.1, Sum: 0.7]
         [Termination Attempts: Min: 1, Avg: 328.9, Max: 443, Diff: 442, Sum: 2631]
      [GC Worker Other (ms): Min: 0.0, Avg: 0.0, Max: 0.1, Diff: 0.1, Sum: 0.3]
      [GC Worker Total (ms): Min: 157.1, Avg: 157.3, Max: 157.4, Diff: 0.2, Sum: 1258.2]
      [GC Worker End (ms): Min: 63111.5, Avg: 63111.5, Max: 63111.6, Diff: 0.1]
   [Code Root Fixup: 0.0 ms]
   [Code Root Purge: 0.0 ms]
   [Clear CT: 0.6 ms]
   [Other: 1.4 ms]
      [Choose CSet: 0.0 ms]
      [Ref Proc: 0.2 ms]
      [Ref Enq: 0.0 ms]
      [Redirty Cards: 0.7 ms]
      [Humongous Register: 0.0 ms]
      [Humongous Reclaim: 0.0 ms]
      [Free CSet: 0.2 ms]
   [Eden: 193.0M(193.0M)->0.0B(187.0M) Survivors: 12.0M->26.0M Heap: 243.4M(2048.0M)->233.4M(2048.0M)]
 [Times: user=1.38 sys=0.00, real=0.16 secs] 
2020-09-29T12:00:01.037+0200: 63.268: [GC pause (G1 Evacuation Pause) (young), 0.1758169 secs]
   [Parallel Time: 173.8 ms, GC Workers: 8]
      [GC Worker Start (ms): Min: 63268.2, Avg: 63268.4, Max: 63268.5, Diff: 0.3]
      [Ext Root Scanning (ms): Min: 0.0, Avg: 0.1, Max: 0.2, Diff: 0.2, Sum: 0.7]
      [Update RS (ms): Min: 20.5, Avg: 20.8, Max: 21.9, Diff: 1.4, Sum: 166.6]
         [Processed Buffers: Min: 13, Avg: 15.5, Max: 19, Diff: 6, Sum: 124]
      [Scan RS (ms): Min: 13.1, Avg: 14.2, Max: 14.6, Diff: 1.5, Sum: 113.8]
      [Code Root Scanning (ms): Min: 0.0, Avg: 0.0, Max: 0.0, Diff: 0.0, Sum: 0.0]
      [Object Copy (ms): Min: 138.2, Avg: 138.3, Max: 138.4, Diff: 0.2, Sum: 1106.5]
      [Termination (ms): Min: 0.0, Avg: 0.0, Max: 0.0, Diff: 0.0, Sum: 0.1]
         [Termination Attempts: Min: 1, Avg: 43.9, Max: 57, Diff: 56, Sum: 351]
      [GC Worker Other (ms): Min: 0.0, Avg: 0.1, Max: 0.1, Diff: 0.1, Sum: 0.4]
      [GC Worker Total (ms): Min: 173.4, Avg: 173.5, Max: 173.7, Diff: 0.3, Sum: 1388.1]
      [GC Worker End (ms): Min: 63441.9, Avg: 63441.9, Max: 63442.0, Diff: 0.1]
   [Code Root Fixup: 0.0 ms]
   [Code Root Purge: 0.0 ms]
   [Clear CT: 0.6 ms]
   [Other: 1.3 ms]
      [Choose CSet: 0.0 ms]
      [Ref Proc: 0.4 ms]
      [Ref Enq: 0.0 ms]
      [Redirty Cards: 0.6 ms]
      [Humongous Register: 0.0 ms]
      [Humongous Reclaim: 0.0 ms]
      [Free CSet: 0.2 ms]
   [Eden: 187.0M(187.0M)->0.0B(185.0M) Survivors: 26.0M->27.0M Heap: 452.9M(2048.0M)->454.9M(2048.0M)]
 [Times: user=1.38 sys=0.00, real=0.18 secs] 
2020-09-29T12:00:01.361+0200: 63.593: [GC pause (G1 Evacuation Pause) (young), 0.1663026 secs]
   [Parallel Time: 164.7 ms, GC Workers: 8]
      [GC Worker Start (ms): Min: 63592.7, Avg: 63592.9, Max: 63593.0, Diff: 0.2]
      [Ext Root Scanning (ms): Min: 0.0, Avg: 0.1, Max: 0.2, Diff: 0.2, Sum: 0.7]
      [Update RS (ms): Min: 17.2, Avg: 17.5, Max: 18.5, Diff: 1.3, Sum: 139.9]
         [Processed Buffers: Min: 11, Avg: 13.1, Max: 16, Diff: 5, Sum: 105]
      [Scan RS (ms): Min: 14.1, Avg: 15.1, Max: 15.5, Diff: 1.4, Sum: 121.0]
      [Code Root Scanning (ms): Min: 0.0, Avg: 0.0, Max: 0.0, Diff: 0.0, Sum: 0.0]
      [Object Copy (ms): Min: 131.5, Avg: 131.5, Max: 131.6, Diff: 0.1, Sum: 1052.3]
      [Termination (ms): Min: 0.0, Avg: 0.0, Max: 0.0, Diff: 0.0, Sum: 0.1]
         [Termination Attempts: Min: 1, Avg: 28.9, Max: 40, Diff: 39, Sum: 231]
      [GC Worker Other (ms): Min: 0.0, Avg: 0.1, Max: 0.1, Diff: 0.1, Sum: 0.4]
      [GC Worker Total (ms): Min: 164.2, Avg: 164.3, Max: 164.5, Diff: 0.3, Sum: 1314.5]
      [GC Worker End (ms): Min: 63757.2, Avg: 63757.2, Max: 63757.2, Diff: 0.1]
   [Code Root Fixup: 0.0 ms]
   [Code Root Purge: 0.0 ms]
   [Clear CT: 0.4 ms]
   [Other: 1.2 ms]
      [Choose CSet: 0.0 ms]
      [Ref Proc: 0.2 ms]
      [Ref Enq: 0.0 ms]
      [Redirty Cards: 0.5 ms]
      [Humongous Register: 0.1 ms]
      [Humongous Reclaim: 0.0 ms]
      [Free CSet: 0.2 ms]
   [Eden: 185.0M(185.0M)->0.0B(189.0M) Survivors: 27.0M->27.0M Heap: 670.4M(2048.0M)->671.9M(2048.0M)]
 [Times: user=1.36 sys=0.00, real=0.17 secs] 
2020-09-29T12:00:01.687+0200: 63.918: [GC pause (G1 Evacuation Pause) (young), 0.1722113 secs]
   [Parallel Time: 170.6 ms, GC Workers: 8]
      [GC Worker Start (ms): Min: 63918.0, Avg: 63918.1, Max: 63918.2, Diff: 0.2]
      [Ext Root Scanning (ms): Min: 0.0, Avg: 0.1, Max: 0.2, Diff: 0.2, Sum: 0.8]
      [Update RS (ms): Min: 14.9, Avg: 15.2, Max: 15.8, Diff: 0.9, Sum: 121.8]
         [Processed Buffers: Min: 10, Avg: 10.9, Max: 12, Diff: 2, Sum: 87]
      [Scan RS (ms): Min: 15.8, Avg: 16.3, Max: 16.7, Diff: 0.9, Sum: 130.7]
      [Code Root Scanning (ms): Min: 0.0, Avg: 0.0, Max: 0.0, Diff: 0.0, Sum: 0.0]
      [Object Copy (ms): Min: 138.5, Avg: 138.5, Max: 138.6, Diff: 0.1, Sum: 1108.3]
      [Termination (ms): Min: 0.0, Avg: 0.0, Max: 0.0, Diff: 0.0, Sum: 0.1]
         [Termination Attempts: Min: 1, Avg: 62.9, Max: 84, Diff: 83, Sum: 503]
      [GC Worker Other (ms): Min: 0.0, Avg: 0.0, Max: 0.1, Diff: 0.1, Sum: 0.3]
      [GC Worker Total (ms): Min: 170.2, Avg: 170.3, Max: 170.4, Diff: 0.2, Sum: 1362.1]
      [GC Worker End (ms): Min: 64088.4, Avg: 64088.4, Max: 64088.4, Diff: 0.1]
   [Code Root Fixup: 0.0 ms]
   [Code Root Purge: 0.0 ms]
   [Clear CT: 0.4 ms]
   [Other: 1.2 ms]
      [Choose CSet: 0.0 ms]
      [Ref Proc: 0.2 ms]
      [Ref Enq: 0.0 ms]
      [Redirty Cards: 0.6 ms]
      [Humongous Register: 0.1 ms]
      [Humongous Reclaim: 0.0 ms]
      [Free CSet: 0.2 ms]
   [Eden: 189.0M(189.0M)->0.0B(190.0M) Survivors: 27.0M->27.0M Heap: 891.4M(2048.0M)->893.4M(2048.0M)]
 [Times: user=1.38 sys=0.00, real=0.18 secs] 
2020-09-29T12:00:02.032+0200: 64.263: [GC pause (G1 Evacuation Pause) (young), 0.1703596 secs]
   [Parallel Time: 168.5 ms, GC Workers: 8]
      [GC Worker Start (ms): Min: 64263.5, Avg: 64263.6, Max: 64263.7, Diff: 0.2]
      [Ext Root Scanning (ms): Min: 0.0, Avg: 0.1, Max: 0.2, Diff: 0.2, Sum: 0.9]
      [Update RS (ms): Min: 17.7, Avg: 17.9, Max: 18.3, Diff: 0.6, Sum: 143.5]
         [Processed Buffers: Min: 12, Avg: 13.6, Max: 16, Diff: 4, Sum: 109]
      [Scan RS (ms): Min: 14.6, Avg: 15.0, Max: 15.1, Diff: 0.5, Sum: 119.7]
      [Code Root Scanning (ms): Min: 0.0, Avg: 0.0, Max: 0.0, Diff: 0.0, Sum: 0.0]
      [Object Copy (ms): Min: 134.9, Avg: 135.0, Max: 135.1, Diff: 0.1, Sum: 1080.3]
      [Termination (ms): Min: 0.0, Avg: 0.0, Max: 0.0, Diff: 0.0, Sum: 0.1]
         [Termination Attempts: Min: 1, Avg: 65.6, Max: 80, Diff: 79, Sum: 525]
      [GC Worker Other (ms): Min: 0.0, Avg: 0.1, Max: 0.1, Diff: 0.1, Sum: 0.4]
      [GC Worker Total (ms): Min: 168.0, Avg: 168.1, Max: 168.2, Diff: 0.2, Sum: 1344.9]
      [GC Worker End (ms): Min: 64431.7, Avg: 64431.7, Max: 64431.8, Diff: 0.1]
   [Code Root Fixup: 0.0 ms]
   [Code Root Purge: 0.0 ms]
   [Clear CT: 0.5 ms]
   [Other: 1.3 ms]
      [Choose CSet: 0.0 ms]
      [Ref Proc: 0.4 ms]
      [Ref Enq: 0.0 ms]
      [Redirty Cards: 0.6 ms]
      [Humongous Register: 0.1 ms]
      [Humongous Reclaim: 0.0 ms]
      [Free CSet: 0.2 ms]
   [Eden: 190.0M(190.0M)->0.0B(193.0M) Survivors: 27.0M->28.0M Heap: 1115.8M(2048.0M)->1118.3M(2048.0M)]
 [Times: user=1.38 sys=0.00, real=0.17 secs] 
2020-09-29T12:00:02.214+0200: 64.446: [GC pause (G1 Humongous Allocation) (young) (initial-mark), 0.0763936 secs]
   [Parallel Time: 75.3 ms, GC Workers: 8]
      [GC Worker Start (ms): Min: 64446.0, Avg: 64446.1, Max: 64446.1, Diff: 0.2]
      [Ext Root Scanning (ms): Min: 0.1, Avg: 0.1, Max: 0.2, Diff: 0.2, Sum: 1.0]
      [Update RS (ms): Min: 30.7, Avg: 31.1, Max: 31.8, Diff: 1.1, Sum: 248.5]
         [Processed Buffers: Min: 24, Avg: 25.1, Max: 27, Diff: 3, Sum: 201]
      [Scan RS (ms): Min: 2.0, Avg: 2.7, Max: 3.1, Diff: 1.1, Sum: 21.9]
      [Code Root Scanning (ms): Min: 0.0, Avg: 0.0, Max: 0.0, Diff: 0.0, Sum: 0.0]
      [Object Copy (ms): Min: 40.5, Avg: 40.7, Max: 41.0, Diff: 0.5, Sum: 325.4]
      [Termination (ms): Min: 0.0, Avg: 0.3, Max: 0.5, Diff: 0.5, Sum: 2.8]
         [Termination Attempts: Min: 1, Avg: 1214.4, Max: 1505, Diff: 1504, Sum: 9715]
      [GC Worker Other (ms): Min: 0.0, Avg: 0.0, Max: 0.0, Diff: 0.0, Sum: 0.2]
      [GC Worker Total (ms): Min: 74.9, Avg: 75.0, Max: 75.1, Diff: 0.2, Sum: 599.8]
      [GC Worker End (ms): Min: 64521.0, Avg: 64521.0, Max: 64521.1, Diff: 0.0]
   [Code Root Fixup: 0.0 ms]
   [Code Root Purge: 0.0 ms]
   [Clear CT: 0.2 ms]
   [Other: 0.9 ms]
      [Choose CSet: 0.0 ms]
      [Ref Proc: 0.3 ms]
      [Ref Enq: 0.0 ms]
      [Redirty Cards: 0.2 ms]
      [Humongous Register: 0.0 ms]
      [Humongous Reclaim: 0.0 ms]
      [Free CSet: 0.1 ms]
   [Eden: 6144.0K(193.0M)->0.0B(159.0M) Survivors: 28.0M->8192.0K Heap: 1124.3M(2048.0M)->1127.3M(2048.0M)]
 [Times: user=0.61 sys=0.02, real=0.08 secs] 
2020-09-29T12:00:02.291+0200: 64.522: [GC concurrent-root-region-scan-start]
2020-09-29T12:00:02.293+0200: 64.525: [GC concurrent-root-region-scan-end, 0.0022230 secs]
2020-09-29T12:00:02.293+0200: 64.525: [GC concurrent-mark-start]
2020-09-29T12:00:02.297+0200: 64.528: [GC concurrent-mark-end, 0.0036399 secs]
2020-09-29T12:00:02.297+0200: 64.529: [GC remark 2020-09-29T12:00:02.297+0200: 64.529: [Finalize Marking, 0.0002993 secs] 2020-09-29T12:00:02.297+0200: 64.529: [GC ref-proc, 0.0004824 secs] 2020-09-29T12:00:02.298+0200: 64.529: [Unloading, 0.0007025 secs], 0.0019132 secs]
 [Times: user=0.00 sys=0.00, real=0.00 secs] 
2020-09-29T12:00:02.300+0200: 64.531: [GC cleanup 1137M->23M(2048M), 0.0016110 secs]
 [Times: user=0.11 sys=0.00, real=0.00 secs] 
2020-09-29T12:00:02.301+0200: 64.533: [GC concurrent-cleanup-start]
2020-09-29T12:00:02.303+0200: 64.535: [GC concurrent-cleanup-end, 0.0020296 secs]
2020-09-29T12:00:02.425+0200: 64.656: [GC pause (G1 Evacuation Pause) (young), 0.1409206 secs]
   [Parallel Time: 139.5 ms, GC Workers: 8]
      [GC Worker Start (ms): Min: 64656.1, Avg: 64656.2, Max: 64656.3, Diff: 0.1]
      [Ext Root Scanning (ms): Min: 0.0, Avg: 0.1, Max: 0.2, Diff: 0.1, Sum: 0.9]
      [Update RS (ms): Min: 17.5, Avg: 18.3, Max: 18.8, Diff: 1.3, Sum: 146.5]
         [Processed Buffers: Min: 11, Avg: 12.1, Max: 14, Diff: 3, Sum: 97]
      [Scan RS (ms): Min: 13.3, Avg: 13.7, Max: 14.5, Diff: 1.3, Sum: 109.8]
      [Code Root Scanning (ms): Min: 0.0, Avg: 0.0, Max: 0.0, Diff: 0.0, Sum: 0.0]
      [Object Copy (ms): Min: 106.7, Avg: 106.9, Max: 107.1, Diff: 0.3, Sum: 854.9]
      [Termination (ms): Min: 0.0, Avg: 0.2, Max: 0.3, Diff: 0.3, Sum: 1.4]
         [Termination Attempts: Min: 1, Avg: 692.3, Max: 931, Diff: 930, Sum: 5538]
      [GC Worker Other (ms): Min: 0.0, Avg: 0.0, Max: 0.1, Diff: 0.1, Sum: 0.3]
      [GC Worker Total (ms): Min: 139.2, Avg: 139.2, Max: 139.3, Diff: 0.1, Sum: 1113.9]
      [GC Worker End (ms): Min: 64795.4, Avg: 64795.4, Max: 64795.5, Diff: 0.1]
   [Code Root Fixup: 0.0 ms]
   [Code Root Purge: 0.0 ms]
   [Clear CT: 0.3 ms]
   [Other: 1.2 ms]
      [Choose CSet: 0.0 ms]
      [Ref Proc: 0.3 ms]
      [Ref Enq: 0.0 ms]
      [Redirty Cards: 0.3 ms]
      [Humongous Register: 0.0 ms]
      [Humongous Reclaim: 0.0 ms]
      [Free CSet: 0.2 ms]
   [Eden: 159.0M(159.0M)->0.0B(154.0M) Survivors: 8192.0K->21.0M Heap: 199.2M(2048.0M)->193.2M(2048.0M)]
 [Times: user=1.11 sys=0.01, real=0.14 secs] 
2020-09-29T12:00:02.689+0200: 64.921: [GC pause (G1 Evacuation Pause) (young), 0.1421849 secs]
   [Parallel Time: 140.7 ms, GC Workers: 8]
      [GC Worker Start (ms): Min: 64920.8, Avg: 64920.9, Max: 64921.0, Diff: 0.2]
      [Ext Root Scanning (ms): Min: 0.0, Avg: 0.1, Max: 0.2, Diff: 0.2, Sum: 0.8]
      [Update RS (ms): Min: 17.8, Avg: 18.1, Max: 18.8, Diff: 1.0, Sum: 144.9]
         [Processed Buffers: Min: 13, Avg: 13.9, Max: 15, Diff: 2, Sum: 111]
      [Scan RS (ms): Min: 11.2, Avg: 11.9, Max: 12.5, Diff: 1.3, Sum: 95.1]
      [Code Root Scanning (ms): Min: 0.0, Avg: 0.0, Max: 0.0, Diff: 0.0, Sum: 0.0]
      [Object Copy (ms): Min: 110.0, Avg: 110.2, Max: 110.3, Diff: 0.3, Sum: 881.7]
      [Termination (ms): Min: 0.0, Avg: 0.0, Max: 0.0, Diff: 0.0, Sum: 0.1]
         [Termination Attempts: Min: 1, Avg: 55.9, Max: 75, Diff: 74, Sum: 447]
      [GC Worker Other (ms): Min: 0.0, Avg: 0.0, Max: 0.1, Diff: 0.0, Sum: 0.3]
      [GC Worker Total (ms): Min: 140.3, Avg: 140.4, Max: 140.5, Diff: 0.2, Sum: 1123.0]
      [GC Worker End (ms): Min: 65061.2, Avg: 65061.3, Max: 65061.3, Diff: 0.0]
   [Code Root Fixup: 0.0 ms]
   [Code Root Purge: 0.0 ms]
   [Clear CT: 0.4 ms]
   [Other: 1.1 ms]
      [Choose CSet: 0.0 ms]
      [Ref Proc: 0.3 ms]
      [Ref Enq: 0.0 ms]
      [Redirty Cards: 0.4 ms]
      [Humongous Register: 0.1 ms]
      [Humongous Reclaim: 0.0 ms]
      [Free CSet: 0.2 ms]
   [Eden: 154.0M(154.0M)->0.0B(165.0M) Survivors: 21.0M->22.0M Heap: 373.9M(2048.0M)->375.9M(2048.0M)]
 [Times: user=1.11 sys=0.02, real=0.14 secs] 
2020-09-29T12:00:02.964+0200: 65.196: [GC pause (G1 Evacuation Pause) (young), 0.1584885 secs]
   [Parallel Time: 157.1 ms, GC Workers: 8]
      [GC Worker Start (ms): Min: 65195.9, Avg: 65196.0, Max: 65196.1, Diff: 0.2]
      [Ext Root Scanning (ms): Min: 0.0, Avg: 0.1, Max: 0.2, Diff: 0.2, Sum: 0.8]
      [Update RS (ms): Min: 20.7, Avg: 21.0, Max: 21.2, Diff: 0.6, Sum: 167.6]
         [Processed Buffers: Min: 13, Avg: 14.8, Max: 16, Diff: 3, Sum: 118]
      [Scan RS (ms): Min: 11.2, Avg: 11.6, Max: 12.0, Diff: 0.7, Sum: 92.6]
      [Code Root Scanning (ms): Min: 0.0, Avg: 0.0, Max: 0.0, Diff: 0.0, Sum: 0.0]
      [Object Copy (ms): Min: 123.8, Avg: 123.9, Max: 124.1, Diff: 0.3, Sum: 991.2]
      [Termination (ms): Min: 0.0, Avg: 0.2, Max: 0.2, Diff: 0.2, Sum: 1.3]
         [Termination Attempts: Min: 1, Avg: 647.3, Max: 822, Diff: 821, Sum: 5178]
      [GC Worker Other (ms): Min: 0.0, Avg: 0.1, Max: 0.1, Diff: 0.1, Sum: 0.4]
      [GC Worker Total (ms): Min: 156.7, Avg: 156.7, Max: 156.9, Diff: 0.2, Sum: 1253.9]
      [GC Worker End (ms): Min: 65352.7, Avg: 65352.7, Max: 65352.8, Diff: 0.1]
   [Code Root Fixup: 0.0 ms]
   [Code Root Purge: 0.0 ms]
   [Clear CT: 0.3 ms]
   [Other: 1.1 ms]
      [Choose CSet: 0.0 ms]
      [Ref Proc: 0.3 ms]
      [Ref Enq: 0.0 ms]
      [Redirty Cards: 0.4 ms]
      [Humongous Register: 0.1 ms]
      [Humongous Reclaim: 0.0 ms]
      [Free CSet: 0.2 ms]
   [Eden: 165.0M(165.0M)->0.0B(171.0M) Survivors: 22.0M->24.0M Heap: 567.6M(2048.0M)->569.6M(2048.0M)]
 [Times: user=1.25 sys=0.00, real=0.16 secs] 
2020-09-29T12:00:03.265+0200: 65.496: [GC pause (G1 Evacuation Pause) (young), 0.1578386 secs]
   [Parallel Time: 156.4 ms, GC Workers: 8]
      [GC Worker Start (ms): Min: 65496.5, Avg: 65496.6, Max: 65496.8, Diff: 0.3]
      [Ext Root Scanning (ms): Min: 0.0, Avg: 0.1, Max: 0.2, Diff: 0.2, Sum: 0.9]
      [Update RS (ms): Min: 18.3, Avg: 18.6, Max: 19.0, Diff: 0.8, Sum: 149.2]
         [Processed Buffers: Min: 12, Avg: 13.4, Max: 14, Diff: 2, Sum: 107]
      [Scan RS (ms): Min: 12.3, Avg: 12.7, Max: 13.1, Diff: 0.8, Sum: 101.5]
      [Code Root Scanning (ms): Min: 0.0, Avg: 0.0, Max: 0.0, Diff: 0.0, Sum: 0.0]
      [Object Copy (ms): Min: 124.4, Avg: 124.5, Max: 124.7, Diff: 0.2, Sum: 996.2]
      [Termination (ms): Min: 0.0, Avg: 0.1, Max: 0.1, Diff: 0.1, Sum: 0.6]
         [Termination Attempts: Min: 1, Avg: 313.6, Max: 445, Diff: 444, Sum: 2509]
      [GC Worker Other (ms): Min: 0.0, Avg: 0.0, Max: 0.1, Diff: 0.1, Sum: 0.3]
      [GC Worker Total (ms): Min: 156.0, Avg: 156.1, Max: 156.2, Diff: 0.2, Sum: 1248.7]
      [GC Worker End (ms): Min: 65652.7, Avg: 65652.7, Max: 65652.7, Diff: 0.1]
   [Code Root Fixup: 0.0 ms]
   [Code Root Purge: 0.0 ms]
   [Clear CT: 0.3 ms]
   [Other: 1.1 ms]
      [Choose CSet: 0.0 ms]
      [Ref Proc: 0.3 ms]
      [Ref Enq: 0.0 ms]
      [Redirty Cards: 0.3 ms]
      [Humongous Register: 0.1 ms]
      [Humongous Reclaim: 0.0 ms]
      [Free CSet: 0.2 ms]
   [Eden: 171.0M(171.0M)->0.0B(179.0M) Survivors: 24.0M->25.0M Heap: 769.2M(2048.0M)->770.7M(2048.0M)]
 [Times: user=1.25 sys=0.00, real=0.16 secs] 
2020-09-29T12:00:03.573+0200: 65.804: [GC pause (G1 Evacuation Pause) (young), 0.1648150 secs]
   [Parallel Time: 163.4 ms, GC Workers: 8]
      [GC Worker Start (ms): Min: 65804.2, Avg: 65804.3, Max: 65804.5, Diff: 0.3]
      [Ext Root Scanning (ms): Min: 0.0, Avg: 0.1, Max: 0.2, Diff: 0.2, Sum: 0.7]
      [Update RS (ms): Min: 18.3, Avg: 18.5, Max: 19.2, Diff: 0.9, Sum: 148.2]
         [Processed Buffers: Min: 13, Avg: 14.4, Max: 17, Diff: 4, Sum: 115]
      [Scan RS (ms): Min: 13.3, Avg: 13.9, Max: 14.3, Diff: 1.0, Sum: 111.5]
      [Code Root Scanning (ms): Min: 0.0, Avg: 0.0, Max: 0.0, Diff: 0.0, Sum: 0.0]
      [Object Copy (ms): Min: 130.1, Avg: 130.3, Max: 130.6, Diff: 0.5, Sum: 1042.7]
      [Termination (ms): Min: 0.0, Avg: 0.0, Max: 0.0, Diff: 0.0, Sum: 0.1]
         [Termination Attempts: Min: 1, Avg: 40.5, Max: 54, Diff: 53, Sum: 324]
      [GC Worker Other (ms): Min: 0.0, Avg: 0.1, Max: 0.1, Diff: 0.1, Sum: 0.5]
      [GC Worker Total (ms): Min: 162.8, Avg: 163.0, Max: 163.1, Diff: 0.3, Sum: 1303.8]
      [GC Worker End (ms): Min: 65967.3, Avg: 65967.3, Max: 65967.4, Diff: 0.1]
   [Code Root Fixup: 0.0 ms]
   [Code Root Purge: 0.0 ms]
   [Clear CT: 0.3 ms]
   [Other: 1.1 ms]
      [Choose CSet: 0.0 ms]
      [Ref Proc: 0.2 ms]
      [Ref Enq: 0.0 ms]
      [Redirty Cards: 0.4 ms]
      [Humongous Register: 0.1 ms]
      [Humongous Reclaim: 0.0 ms]
      [Free CSet: 0.3 ms]
   [Eden: 179.0M(179.0M)->0.0B(185.0M) Survivors: 25.0M->26.0M Heap: 980.2M(2048.0M)->981.7M(2048.0M)]
 [Times: user=1.25 sys=0.00, real=0.16 secs] 
2020-09-29T12:00:03.745+0200: 65.976: [GC pause (G1 Humongous Allocation) (young) (initial-mark), 0.0663472 secs]
   [Parallel Time: 64.8 ms, GC Workers: 8]
      [GC Worker Start (ms): Min: 65976.7, Avg: 65976.8, Max: 65976.8, Diff: 0.1]
      [Ext Root Scanning (ms): Min: 0.1, Avg: 0.1, Max: 0.2, Diff: 0.1, Sum: 1.1]
      [Update RS (ms): Min: 37.2, Avg: 37.7, Max: 38.4, Diff: 1.3, Sum: 301.4]
         [Processed Buffers: Min: 28, Avg: 30.3, Max: 31, Diff: 3, Sum: 242]
      [Scan RS (ms): Min: 1.4, Avg: 2.2, Max: 2.7, Diff: 1.3, Sum: 17.8]
      [Code Root Scanning (ms): Min: 0.0, Avg: 0.0, Max: 0.0, Diff: 0.0, Sum: 0.0]
      [Object Copy (ms): Min: 24.5, Avg: 24.5, Max: 24.6, Diff: 0.1, Sum: 196.4]
      [Termination (ms): Min: 0.0, Avg: 0.0, Max: 0.1, Diff: 0.1, Sum: 0.3]
         [Termination Attempts: Min: 1, Avg: 123.4, Max: 171, Diff: 170, Sum: 987]
      [GC Worker Other (ms): Min: 0.0, Avg: 0.0, Max: 0.0, Diff: 0.0, Sum: 0.1]
      [GC Worker Total (ms): Min: 64.6, Avg: 64.6, Max: 64.7, Diff: 0.1, Sum: 517.1]
      [GC Worker End (ms): Min: 66041.4, Avg: 66041.4, Max: 66041.4, Diff: 0.0]
   [Code Root Fixup: 0.0 ms]
   [Code Root Purge: 0.0 ms]
   [Clear CT: 0.5 ms]
   [Other: 1.1 ms]
      [Choose CSet: 0.0 ms]
      [Ref Proc: 0.2 ms]
      [Ref Enq: 0.0 ms]
      [Redirty Cards: 0.3 ms]
      [Humongous Register: 0.1 ms]
      [Humongous Reclaim: 0.0 ms]
      [Free CSet: 0.1 ms]
   [Eden: 8192.0K(185.0M)->0.0B(199.0M) Survivors: 26.0M->10.0M Heap: 989.2M(2048.0M)->993.7M(2048.0M)]
 [Times: user=0.50 sys=0.00, real=0.07 secs] 
2020-09-29T12:00:03.812+0200: 66.043: [GC concurrent-root-region-scan-start]
2020-09-29T12:00:03.816+0200: 66.047: [GC concurrent-root-region-scan-end, 0.0037959 secs]
2020-09-29T12:00:03.816+0200: 66.047: [GC concurrent-mark-start]
2020-09-29T12:00:03.819+0200: 66.051: [GC concurrent-mark-end, 0.0038247 secs]
2020-09-29T12:00:03.820+0200: 66.051: [GC remark 2020-09-29T12:00:03.820+0200: 66.051: [Finalize Marking, 0.0004124 secs] 2020-09-29T12:00:03.820+0200: 66.051: [GC ref-proc, 0.0004524 secs] 2020-09-29T12:00:03.821+0200: 66.052: [Unloading, 0.0004817 secs], 0.0018076 secs]
 [Times: user=0.00 sys=0.00, real=0.00 secs] 
2020-09-29T12:00:03.822+0200: 66.053: [GC cleanup 1004M->26M(2048M), 0.0017440 secs]
 [Times: user=0.00 sys=0.00, real=0.00 secs] 
2020-09-29T12:00:03.824+0200: 66.055: [GC concurrent-cleanup-start]
2020-09-29T12:00:03.826+0200: 66.057: [GC concurrent-cleanup-end, 0.0016920 secs]
2020-09-29T12:00:03.977+0200: 66.209: [GC pause (G1 Evacuation Pause) (young), 0.1608349 secs]
   [Parallel Time: 158.1 ms, GC Workers: 8]
      [GC Worker Start (ms): Min: 66208.8, Avg: 66209.0, Max: 66209.1, Diff: 0.3]
      [Ext Root Scanning (ms): Min: 0.0, Avg: 0.1, Max: 0.2, Diff: 0.2, Sum: 0.7]
      [Update RS (ms): Min: 17.4, Avg: 17.4, Max: 17.6, Diff: 0.2, Sum: 139.6]
         [Processed Buffers: Min: 12, Avg: 13.6, Max: 15, Diff: 3, Sum: 109]
      [Scan RS (ms): Min: 13.0, Avg: 13.2, Max: 13.4, Diff: 0.3, Sum: 105.6]
      [Code Root Scanning (ms): Min: 0.0, Avg: 0.0, Max: 0.0, Diff: 0.0, Sum: 0.0]
      [Object Copy (ms): Min: 126.9, Avg: 127.0, Max: 127.0, Diff: 0.1, Sum: 1015.7]
      [Termination (ms): Min: 0.0, Avg: 0.0, Max: 0.0, Diff: 0.0, Sum: 0.0]
         [Termination Attempts: Min: 1, Avg: 7.4, Max: 10, Diff: 9, Sum: 59]
      [GC Worker Other (ms): Min: 0.0, Avg: 0.0, Max: 0.1, Diff: 0.0, Sum: 0.3]
      [GC Worker Total (ms): Min: 157.7, Avg: 157.7, Max: 157.9, Diff: 0.3, Sum: 1262.0]
      [GC Worker End (ms): Min: 66366.7, Avg: 66366.7, Max: 66366.7, Diff: 0.0]
   [Code Root Fixup: 0.0 ms]
   [Code Root Purge: 0.0 ms]
   [Clear CT: 1.1 ms]
   [Other: 1.6 ms]
      [Choose CSet: 0.0 ms]
      [Ref Proc: 0.4 ms]
      [Ref Enq: 0.0 ms]
      [Redirty Cards: 0.7 ms]
      [Humongous Register: 0.1 ms]
      [Humongous Reclaim: 0.0 ms]
      [Free CSet: 0.2 ms]
   [Eden: 199.0M(199.0M)->0.0B(190.0M) Survivors: 10.0M->27.0M Heap: 249.3M(2048.0M)->240.8M(2048.0M)]
 [Times: user=1.25 sys=0.00, real=0.16 secs] 
2020-09-29T12:00:04.358+0200: 66.589: [GC pause (G1 Evacuation Pause) (young), 0.2592334 secs]
   [Parallel Time: 257.0 ms, GC Workers: 8]
      [GC Worker Start (ms): Min: 66589.0, Avg: 66589.2, Max: 66589.3, Diff: 0.3]
      [Ext Root Scanning (ms): Min: 0.0, Avg: 0.1, Max: 0.3, Diff: 0.3, Sum: 1.0]
      [Update RS (ms): Min: 27.3, Avg: 28.2, Max: 29.0, Diff: 1.8, Sum: 225.9]
         [Processed Buffers: Min: 13, Avg: 13.9, Max: 15, Diff: 2, Sum: 111]
      [Scan RS (ms): Min: 21.0, Avg: 21.6, Max: 22.5, Diff: 1.5, Sum: 172.9]
      [Code Root Scanning (ms): Min: 0.0, Avg: 0.0, Max: 0.0, Diff: 0.0, Sum: 0.0]
      [Object Copy (ms): Min: 206.0, Avg: 206.3, Max: 206.6, Diff: 0.6, Sum: 1650.7]
      [Termination (ms): Min: 0.0, Avg: 0.1, Max: 0.2, Diff: 0.2, Sum: 1.1]
         [Termination Attempts: Min: 1, Avg: 377.0, Max: 471, Diff: 470, Sum: 3016]
      [GC Worker Other (ms): Min: 0.0, Avg: 0.1, Max: 0.1, Diff: 0.1, Sum: 0.5]
      [GC Worker Total (ms): Min: 256.4, Avg: 256.5, Max: 256.7, Diff: 0.3, Sum: 2052.2]
      [GC Worker End (ms): Min: 66845.6, Avg: 66845.7, Max: 66845.7, Diff: 0.1]
   [Code Root Fixup: 0.0 ms]
   [Code Root Purge: 0.0 ms]
   [Clear CT: 0.4 ms]
   [Other: 1.8 ms]
      [Choose CSet: 0.0 ms]
      [Ref Proc: 0.4 ms]
      [Ref Enq: 0.0 ms]
      [Redirty Cards: 0.8 ms]
      [Humongous Register: 0.1 ms]
      [Humongous Reclaim: 0.0 ms]
      [Free CSet: 0.3 ms]
   [Eden: 190.0M(190.0M)->0.0B(139.0M) Survivors: 27.0M->28.0M Heap: 461.4M(2048.0M)->463.4M(2048.0M)]
 [Times: user=2.13 sys=0.00, real=0.26 secs] 
2020-09-29T12:00:04.792+0200: 67.024: [GC pause (G1 Evacuation Pause) (young), 0.2135966 secs]
   [Parallel Time: 211.5 ms, GC Workers: 8]
      [GC Worker Start (ms): Min: 67023.7, Avg: 67023.9, Max: 67024.1, Diff: 0.3]
      [Ext Root Scanning (ms): Min: 0.0, Avg: 0.1, Max: 0.3, Diff: 0.3, Sum: 1.1]
      [Update RS (ms): Min: 26.0, Avg: 26.3, Max: 27.3, Diff: 1.3, Sum: 210.5]
         [Processed Buffers: Min: 13, Avg: 14.6, Max: 17, Diff: 4, Sum: 117]
      [Scan RS (ms): Min: 12.8, Avg: 13.9, Max: 14.3, Diff: 1.5, Sum: 111.0]
      [Code Root Scanning (ms): Min: 0.0, Avg: 0.0, Max: 0.0, Diff: 0.0, Sum: 0.0]
      [Object Copy (ms): Min: 170.4, Avg: 170.5, Max: 170.5, Diff: 0.2, Sum: 1363.7]
      [Termination (ms): Min: 0.0, Avg: 0.1, Max: 0.1, Diff: 0.1, Sum: 0.4]
         [Termination Attempts: Min: 1, Avg: 136.8, Max: 180, Diff: 179, Sum: 1094]
      [GC Worker Other (ms): Min: 0.0, Avg: 0.1, Max: 0.2, Diff: 0.1, Sum: 0.7]
      [GC Worker Total (ms): Min: 210.8, Avg: 210.9, Max: 211.1, Diff: 0.4, Sum: 1687.4]
      [GC Worker End (ms): Min: 67234.8, Avg: 67234.8, Max: 67234.9, Diff: 0.1]
   [Code Root Fixup: 0.0 ms]
   [Code Root Purge: 0.0 ms]
   [Clear CT: 0.6 ms]
   [Other: 1.5 ms]
      [Choose CSet: 0.0 ms]
      [Ref Proc: 0.4 ms]
      [Ref Enq: 0.0 ms]
      [Redirty Cards: 0.5 ms]
      [Humongous Register: 0.1 ms]
      [Humongous Reclaim: 0.0 ms]
      [Free CSet: 0.3 ms]
   [Eden: 139.0M(139.0M)->0.0B(127.0M) Survivors: 28.0M->21.0M Heap: 627.1M(2048.0M)->628.6M(2048.0M)]
 [Times: user=1.59 sys=0.01, real=0.21 secs] 
2020-09-29T12:00:05.169+0200: 67.400: [GC pause (G1 Evacuation Pause) (young), 0.2276851 secs]
   [Parallel Time: 225.5 ms, GC Workers: 8]
      [GC Worker Start (ms): Min: 67400.6, Avg: 67403.4, Max: 67421.2, Diff: 20.6]
      [Ext Root Scanning (ms): Min: 0.0, Avg: 0.2, Max: 0.4, Diff: 0.4, Sum: 1.5]
      [Update RS (ms): Min: 15.8, Avg: 32.5, Max: 36.0, Diff: 20.2, Sum: 259.7]
         [Processed Buffers: Min: 9, Avg: 15.9, Max: 19, Diff: 10, Sum: 127]
      [Scan RS (ms): Min: 11.0, Avg: 12.2, Max: 14.0, Diff: 2.9, Sum: 97.3]
      [Code Root Scanning (ms): Min: 0.0, Avg: 0.0, Max: 0.0, Diff: 0.0, Sum: 0.0]
      [Object Copy (ms): Min: 174.7, Avg: 177.4, Max: 177.9, Diff: 3.1, Sum: 1419.0]
      [Termination (ms): Min: 0.0, Avg: 0.0, Max: 0.0, Diff: 0.0, Sum: 0.2]
         [Termination Attempts: Min: 1, Avg: 60.8, Max: 78, Diff: 77, Sum: 486]
      [GC Worker Other (ms): Min: 0.0, Avg: 0.1, Max: 0.2, Diff: 0.1, Sum: 0.6]
      [GC Worker Total (ms): Min: 204.6, Avg: 222.3, Max: 225.2, Diff: 20.7, Sum: 1778.3]
      [GC Worker End (ms): Min: 67625.7, Avg: 67625.7, Max: 67625.8, Diff: 0.1]
   [Code Root Fixup: 0.0 ms]
   [Code Root Purge: 0.0 ms]
   [Clear CT: 0.4 ms]
   [Other: 1.8 ms]
      [Choose CSet: 0.0 ms]
      [Ref Proc: 0.4 ms]
      [Ref Enq: 0.0 ms]
      [Redirty Cards: 0.6 ms]
      [Humongous Register: 0.1 ms]
      [Humongous Reclaim: 0.0 ms]
      [Free CSet: 0.2 ms]
   [Eden: 127.0M(127.0M)->0.0B(106.0M) Survivors: 21.0M->19.0M Heap: 776.6M(2048.0M)->778.6M(2048.0M)]
 [Times: user=1.59 sys=0.02, real=0.23 secs] 
2020-09-29T12:00:05.532+0200: 67.764: [GC pause (G1 Evacuation Pause) (young), 0.1825157 secs]
   [Parallel Time: 180.2 ms, GC Workers: 8]
      [GC Worker Start (ms): Min: 67764.4, Avg: 67764.6, Max: 67764.8, Diff: 0.4]
      [Ext Root Scanning (ms): Min: 0.0, Avg: 0.2, Max: 1.0, Diff: 1.0, Sum: 1.9]
      [Update RS (ms): Min: 27.8, Avg: 28.2, Max: 28.8, Diff: 1.0, Sum: 225.7]
         [Processed Buffers: Min: 8, Avg: 13.6, Max: 17, Diff: 9, Sum: 109]
      [Scan RS (ms): Min: 7.5, Avg: 8.7, Max: 9.9, Diff: 2.4, Sum: 69.8]
      [Code Root Scanning (ms): Min: 0.0, Avg: 0.0, Max: 0.0, Diff: 0.0, Sum: 0.0]
      [Object Copy (ms): Min: 141.7, Avg: 142.4, Max: 142.7, Diff: 0.9, Sum: 1139.1]
      [Termination (ms): Min: 0.0, Avg: 0.2, Max: 0.3, Diff: 0.3, Sum: 1.9]
         [Termination Attempts: Min: 1, Avg: 619.8, Max: 785, Diff: 784, Sum: 4958]
      [GC Worker Other (ms): Min: 0.0, Avg: 0.1, Max: 0.1, Diff: 0.1, Sum: 0.6]
      [GC Worker Total (ms): Min: 179.7, Avg: 179.9, Max: 180.1, Diff: 0.4, Sum: 1438.9]
      [GC Worker End (ms): Min: 67944.4, Avg: 67944.5, Max: 67944.5, Diff: 0.1]
   [Code Root Fixup: 0.0 ms]
   [Code Root Purge: 0.0 ms]
   [Clear CT: 0.5 ms]
   [Other: 1.8 ms]
      [Choose CSet: 0.0 ms]
      [Ref Proc: 0.4 ms]
      [Ref Enq: 0.0 ms]
      [Redirty Cards: 0.9 ms]
      [Humongous Register: 0.1 ms]
      [Humongous Reclaim: 0.0 ms]
      [Free CSet: 0.2 ms]
   [Eden: 106.0M(106.0M)->0.0B(106.0M) Survivors: 19.0M->16.0M Heap: 901.8M(2048.0M)->903.8M(2048.0M)]
 [Times: user=1.39 sys=0.00, real=0.18 secs] 
2020-09-29T12:00:05.845+0200: 68.077: [GC pause (G1 Evacuation Pause) (young), 0.1912575 secs]
   [Parallel Time: 189.5 ms, GC Workers: 8]
      [GC Worker Start (ms): Min: 68077.1, Avg: 68077.3, Max: 68077.4, Diff: 0.3]
      [Ext Root Scanning (ms): Min: 0.0, Avg: 0.2, Max: 0.3, Diff: 0.3, Sum: 1.2]
      [Update RS (ms): Min: 29.2, Avg: 29.5, Max: 30.4, Diff: 1.3, Sum: 236.4]
         [Processed Buffers: Min: 0, Avg: 12.6, Max: 17, Diff: 17, Sum: 101]
      [Scan RS (ms): Min: 7.3, Avg: 8.2, Max: 8.8, Diff: 1.6, Sum: 65.5]
      [Code Root Scanning (ms): Min: 0.0, Avg: 0.1, Max: 1.1, Diff: 1.1, Sum: 1.1]
      [Object Copy (ms): Min: 150.6, Avg: 150.7, Max: 150.8, Diff: 0.2, Sum: 1205.5]
      [Termination (ms): Min: 0.0, Avg: 0.2, Max: 0.2, Diff: 0.2, Sum: 1.2]
         [Termination Attempts: Min: 1, Avg: 445.1, Max: 544, Diff: 543, Sum: 3561]
      [GC Worker Other (ms): Min: 0.0, Avg: 0.1, Max: 0.2, Diff: 0.1, Sum: 0.7]
      [GC Worker Total (ms): Min: 188.8, Avg: 189.0, Max: 189.2, Diff: 0.4, Sum: 1511.7]
      [GC Worker End (ms): Min: 68266.1, Avg: 68266.2, Max: 68266.3, Diff: 0.1]
   [Code Root Fixup: 0.0 ms]
   [Code Root Purge: 0.0 ms]
   [Clear CT: 0.5 ms]
   [Other: 1.3 ms]
      [Choose CSet: 0.0 ms]
      [Ref Proc: 0.3 ms]
      [Ref Enq: 0.0 ms]
      [Redirty Cards: 0.4 ms]
      [Humongous Register: 0.1 ms]
      [Humongous Reclaim: 0.0 ms]
      [Free CSet: 0.2 ms]
   [Eden: 106.0M(106.0M)->0.0B(102.0M) Survivors: 16.0M->16.0M Heap: 1027.0M(2048.0M)->1029.5M(2048.0M)]
 [Times: user=1.34 sys=0.02, real=0.19 secs] 
2020-09-29T12:00:06.043+0200: 68.274: [GC pause (G1 Humongous Allocation) (young) (initial-mark), 0.0671875 secs]
   [Parallel Time: 65.1 ms, GC Workers: 8]
      [GC Worker Start (ms): Min: 68274.0, Avg: 68274.2, Max: 68274.4, Diff: 0.4]
      [Ext Root Scanning (ms): Min: 0.0, Avg: 0.3, Max: 0.5, Diff: 0.5, Sum: 2.6]
      [Update RS (ms): Min: 36.3, Avg: 37.6, Max: 38.3, Diff: 2.1, Sum: 300.4]
         [Processed Buffers: Min: 16, Avg: 19.1, Max: 22, Diff: 6, Sum: 153]
      [Scan RS (ms): Min: 0.0, Avg: 0.8, Max: 2.2, Diff: 2.1, Sum: 6.5]
      [Code Root Scanning (ms): Min: 0.0, Avg: 0.0, Max: 0.0, Diff: 0.0, Sum: 0.0]
      [Object Copy (ms): Min: 25.7, Avg: 25.8, Max: 25.9, Diff: 0.2, Sum: 206.0]
      [Termination (ms): Min: 0.1, Avg: 0.2, Max: 0.3, Diff: 0.2, Sum: 1.4]
         [Termination Attempts: Min: 1, Avg: 243.1, Max: 315, Diff: 314, Sum: 1945]
      [GC Worker Other (ms): Min: 0.0, Avg: 0.0, Max: 0.0, Diff: 0.0, Sum: 0.1]
      [GC Worker Total (ms): Min: 64.4, Avg: 64.6, Max: 64.9, Diff: 0.5, Sum: 517.1]
      [GC Worker End (ms): Min: 68338.8, Avg: 68338.8, Max: 68338.9, Diff: 0.1]
   [Code Root Fixup: 0.0 ms]
   [Code Root Purge: 0.0 ms]
   [Clear CT: 0.4 ms]
   [Other: 1.7 ms]
      [Choose CSet: 0.0 ms]
      [Ref Proc: 0.4 ms]
      [Ref Enq: 0.0 ms]
      [Redirty Cards: 0.3 ms]
      [Humongous Register: 0.1 ms]
      [Humongous Reclaim: 0.0 ms]
      [Free CSet: 0.3 ms]
   [Eden: 3072.0K(102.0M)->0.0B(113.0M) Survivors: 16.0M->5120.0K Heap: 1032.5M(2048.0M)->1035.5M(2048.0M)]
 [Times: user=0.44 sys=0.00, real=0.07 secs] 
2020-09-29T12:00:06.109+0200: 68.341: [GC concurrent-root-region-scan-start]
2020-09-29T12:00:06.112+0200: 68.343: [GC concurrent-root-region-scan-end, 0.0022125 secs]
2020-09-29T12:00:06.112+0200: 68.343: [GC concurrent-mark-start]
2020-09-29T12:00:06.117+0200: 68.349: [GC concurrent-mark-end, 0.0051531 secs]
2020-09-29T12:00:06.117+0200: 68.349: [GC remark 2020-09-29T12:00:06.117+0200: 68.349: [Finalize Marking, 0.0004628 secs] 2020-09-29T12:00:06.118+0200: 68.349: [GC ref-proc, 0.0006328 secs] 2020-09-29T12:00:06.118+0200: 68.350: [Unloading, 0.0013059 secs], 0.0030337 secs]
 [Times: user=0.00 sys=0.00, real=0.00 secs] 
2020-09-29T12:00:06.121+0200: 68.353: [GC cleanup 1043M->18M(2048M), 0.0026639 secs]
 [Times: user=0.00 sys=0.00, real=0.00 secs] 
2020-09-29T12:00:06.124+0200: 68.356: [GC concurrent-cleanup-start]
2020-09-29T12:00:06.126+0200: 68.358: [GC concurrent-cleanup-end, 0.0025661 secs]
2020-09-29T12:00:06.250+0200: 68.481: [GC pause (G1 Evacuation Pause) (young), 0.1624571 secs]
   [Parallel Time: 160.5 ms, GC Workers: 8]
      [GC Worker Start (ms): Min: 68481.6, Avg: 68481.8, Max: 68481.9, Diff: 0.3]
      [Ext Root Scanning (ms): Min: 0.0, Avg: 0.1, Max: 0.3, Diff: 0.3, Sum: 1.0]
      [Update RS (ms): Min: 14.1, Avg: 14.4, Max: 15.6, Diff: 1.5, Sum: 115.2]
         [Processed Buffers: Min: 6, Avg: 7.3, Max: 8, Diff: 2, Sum: 58]
      [Scan RS (ms): Min: 10.7, Avg: 11.3, Max: 11.6, Diff: 1.0, Sum: 90.8]
      [Code Root Scanning (ms): Min: 0.0, Avg: 0.0, Max: 0.0, Diff: 0.0, Sum: 0.0]
      [Object Copy (ms): Min: 133.3, Avg: 133.8, Max: 134.1, Diff: 0.8, Sum: 1070.3]
      [Termination (ms): Min: 0.0, Avg: 0.3, Max: 0.4, Diff: 0.4, Sum: 2.2]
         [Termination Attempts: Min: 1, Avg: 733.1, Max: 952, Diff: 951, Sum: 5865]
      [GC Worker Other (ms): Min: 0.0, Avg: 0.0, Max: 0.1, Diff: 0.1, Sum: 0.3]
      [GC Worker Total (ms): Min: 159.8, Avg: 160.0, Max: 160.2, Diff: 0.4, Sum: 1279.9]
      [GC Worker End (ms): Min: 68641.8, Avg: 68641.8, Max: 68641.8, Diff: 0.1]
   [Code Root Fixup: 0.0 ms]
   [Code Root Purge: 0.0 ms]
   [Clear CT: 0.4 ms]
   [Other: 1.6 ms]
      [Choose CSet: 0.0 ms]
      [Ref Proc: 0.5 ms]
      [Ref Enq: 0.0 ms]
      [Redirty Cards: 0.4 ms]
      [Humongous Register: 0.1 ms]
      [Humongous Reclaim: 0.0 ms]
      [Free CSet: 0.2 ms]
   [Eden: 113.0M(113.0M)->0.0B(106.0M) Survivors: 5120.0K->15.0M Heap: 142.6M(2048.0M)->140.1M(2048.0M)]
 [Times: user=1.27 sys=0.00, real=0.16 secs] 
2020-09-29T12:00:06.550+0200: 68.782: [GC pause (G1 Evacuation Pause) (young), 0.1965048 secs]
   [Parallel Time: 194.1 ms, GC Workers: 8]
      [GC Worker Start (ms): Min: 68782.0, Avg: 68783.0, Max: 68788.2, Diff: 6.2]
      [Ext Root Scanning (ms): Min: 0.0, Avg: 0.1, Max: 0.3, Diff: 0.3, Sum: 1.1]
      [Update RS (ms): Min: 14.4, Avg: 19.7, Max: 21.1, Diff: 6.7, Sum: 157.9]
         [Processed Buffers: Min: 9, Avg: 10.9, Max: 14, Diff: 5, Sum: 87]
      [Scan RS (ms): Min: 9.8, Avg: 10.5, Max: 11.2, Diff: 1.4, Sum: 84.0]
      [Code Root Scanning (ms): Min: 0.0, Avg: 0.0, Max: 0.0, Diff: 0.0, Sum: 0.0]
      [Object Copy (ms): Min: 161.9, Avg: 162.3, Max: 162.5, Diff: 0.6, Sum: 1298.7]
      [Termination (ms): Min: 0.0, Avg: 0.1, Max: 0.2, Diff: 0.2, Sum: 1.0]
         [Termination Attempts: Min: 1, Avg: 19.5, Max: 37, Diff: 36, Sum: 156]
      [GC Worker Other (ms): Min: 0.0, Avg: 0.0, Max: 0.1, Diff: 0.1, Sum: 0.3]
      [GC Worker Total (ms): Min: 187.7, Avg: 192.9, Max: 193.9, Diff: 6.2, Sum: 1543.1]
      [GC Worker End (ms): Min: 68975.8, Avg: 68975.9, Max: 68976.0, Diff: 0.2]
   [Code Root Fixup: 0.0 ms]
   [Code Root Purge: 0.0 ms]
   [Clear CT: 0.7 ms]
   [Other: 1.7 ms]
      [Choose CSet: 0.0 ms]
      [Ref Proc: 0.4 ms]
      [Ref Enq: 0.0 ms]
      [Redirty Cards: 0.5 ms]
      [Humongous Register: 0.1 ms]
      [Humongous Reclaim: 0.0 ms]
      [Free CSet: 0.3 ms]
   [Eden: 106.0M(106.0M)->0.0B(100.0M) Survivors: 15.0M->16.0M Heap: 265.1M(2048.0M)->267.1M(2048.0M)]
 [Times: user=1.26 sys=0.00, real=0.20 secs] 
2020-09-29T12:00:06.902+0200: 69.133: [GC pause (G1 Evacuation Pause) (young), 0.1707507 secs]
   [Parallel Time: 168.4 ms, GC Workers: 8]
      [GC Worker Start (ms): Min: 69133.2, Avg: 69134.0, Max: 69136.3, Diff: 3.0]
      [Ext Root Scanning (ms): Min: 0.0, Avg: 0.1, Max: 0.3, Diff: 0.3, Sum: 1.1]
      [Update RS (ms): Min: 15.4, Avg: 18.0, Max: 18.9, Diff: 3.5, Sum: 143.9]
         [Processed Buffers: Min: 8, Avg: 9.0, Max: 11, Diff: 3, Sum: 72]
      [Scan RS (ms): Min: 9.7, Avg: 10.1, Max: 10.6, Diff: 0.9, Sum: 80.4]
      [Code Root Scanning (ms): Min: 0.0, Avg: 0.0, Max: 0.0, Diff: 0.0, Sum: 0.0]
      [Object Copy (ms): Min: 138.9, Avg: 139.0, Max: 139.2, Diff: 0.3, Sum: 1112.0]
      [Termination (ms): Min: 0.0, Avg: 0.2, Max: 0.3, Diff: 0.3, Sum: 1.9]
         [Termination Attempts: Min: 1, Avg: 477.8, Max: 610, Diff: 609, Sum: 3822]
      [GC Worker Other (ms): Min: 0.0, Avg: 0.0, Max: 0.0, Diff: 0.0, Sum: 0.2]
      [GC Worker Total (ms): Min: 165.1, Avg: 167.5, Max: 168.2, Diff: 3.0, Sum: 1339.6]
      [GC Worker End (ms): Min: 69301.4, Avg: 69301.4, Max: 69301.4, Diff: 0.1]
   [Code Root Fixup: 0.0 ms]
   [Code Root Purge: 0.0 ms]
   [Clear CT: 0.4 ms]
   [Other: 1.9 ms]
      [Choose CSet: 0.0 ms]
      [Ref Proc: 0.6 ms]
      [Ref Enq: 0.0 ms]
      [Redirty Cards: 0.6 ms]
      [Humongous Register: 0.1 ms]
      [Humongous Reclaim: 0.0 ms]
      [Free CSet: 0.3 ms]
   [Eden: 100.0M(100.0M)->0.0B(104.0M) Survivors: 16.0M->15.0M Heap: 382.4M(2048.0M)->384.9M(2048.0M)]
 [Times: user=1.28 sys=0.00, real=0.17 secs] 
2020-09-29T12:00:07.207+0200: 69.439: [GC pause (G1 Evacuation Pause) (young), 0.1507866 secs]
   [Parallel Time: 148.6 ms, GC Workers: 8]
      [GC Worker Start (ms): Min: 69439.2, Avg: 69439.3, Max: 69439.5, Diff: 0.4]
      [Ext Root Scanning (ms): Min: 0.0, Avg: 0.1, Max: 0.3, Diff: 0.3, Sum: 1.2]
      [Update RS (ms): Min: 22.0, Avg: 22.7, Max: 23.5, Diff: 1.5, Sum: 181.4]
         [Processed Buffers: Min: 8, Avg: 10.5, Max: 11, Diff: 3, Sum: 84]
      [Scan RS (ms): Min: 8.1, Avg: 9.4, Max: 10.5, Diff: 2.4, Sum: 74.8]
      [Code Root Scanning (ms): Min: 0.0, Avg: 0.0, Max: 0.0, Diff: 0.0, Sum: 0.0]
      [Object Copy (ms): Min: 115.1, Avg: 115.8, Max: 116.3, Diff: 1.2, Sum: 926.4]
      [Termination (ms): Min: 0.0, Avg: 0.0, Max: 0.0, Diff: 0.0, Sum: 0.2]
         [Termination Attempts: Min: 1, Avg: 53.1, Max: 69, Diff: 68, Sum: 425]
      [GC Worker Other (ms): Min: 0.0, Avg: 0.1, Max: 0.1, Diff: 0.1, Sum: 0.4]
      [GC Worker Total (ms): Min: 147.8, Avg: 148.1, Max: 148.2, Diff: 0.4, Sum: 1184.4]
      [GC Worker End (ms): Min: 69587.4, Avg: 69587.4, Max: 69587.4, Diff: 0.1]
   [Code Root Fixup: 0.0 ms]
   [Code Root Purge: 0.0 ms]
   [Clear CT: 0.4 ms]
   [Other: 1.8 ms]
      [Choose CSet: 0.0 ms]
      [Ref Proc: 0.5 ms]
      [Ref Enq: 0.0 ms]
      [Redirty Cards: 0.7 ms]
      [Humongous Register: 0.1 ms]
      [Humongous Reclaim: 0.0 ms]
      [Free CSet: 0.2 ms]
   [Eden: 104.0M(104.0M)->0.0B(111.0M) Survivors: 15.0M->15.0M Heap: 506.1M(2048.0M)->508.1M(2048.0M)]
 [Times: user=1.06 sys=0.02, real=0.15 secs] 
2020-09-29T12:00:07.505+0200: 69.736: [GC pause (G1 Evacuation Pause) (young), 0.1625049 secs]
   [Parallel Time: 160.7 ms, GC Workers: 8]
      [GC Worker Start (ms): Min: 69736.0, Avg: 69736.2, Max: 69736.3, Diff: 0.3]
      [Ext Root Scanning (ms): Min: 0.0, Avg: 0.1, Max: 0.3, Diff: 0.3, Sum: 1.2]
      [Update RS (ms): Min: 16.5, Avg: 17.2, Max: 17.8, Diff: 1.3, Sum: 137.5]
         [Processed Buffers: Min: 7, Avg: 9.0, Max: 11, Diff: 4, Sum: 72]
      [Scan RS (ms): Min: 11.5, Avg: 12.2, Max: 13.0, Diff: 1.5, Sum: 97.4]
      [Code Root Scanning (ms): Min: 0.0, Avg: 0.0, Max: 0.0, Diff: 0.0, Sum: 0.0]
      [Object Copy (ms): Min: 130.6, Avg: 130.7, Max: 130.8, Diff: 0.2, Sum: 1045.6]
      [Termination (ms): Min: 0.0, Avg: 0.0, Max: 0.0, Diff: 0.0, Sum: 0.0]
         [Termination Attempts: Min: 1, Avg: 8.1, Max: 13, Diff: 12, Sum: 65]
      [GC Worker Other (ms): Min: 0.0, Avg: 0.0, Max: 0.1, Diff: 0.1, Sum: 0.3]
      [GC Worker Total (ms): Min: 160.1, Avg: 160.2, Max: 160.4, Diff: 0.3, Sum: 1282.0]
      [GC Worker End (ms): Min: 69896.4, Avg: 69896.4, Max: 69896.5, Diff: 0.1]
   [Code Root Fixup: 0.0 ms]
   [Code Root Purge: 0.0 ms]
   [Clear CT: 0.5 ms]
   [Other: 1.3 ms]
      [Choose CSet: 0.0 ms]
      [Ref Proc: 0.3 ms]
      [Ref Enq: 0.0 ms]
      [Redirty Cards: 0.4 ms]
      [Humongous Register: 0.1 ms]
      [Humongous Reclaim: 0.0 ms]
      [Free CSet: 0.2 ms]
   [Eden: 111.0M(111.0M)->0.0B(115.0M) Survivors: 15.0M->16.0M Heap: 638.1M(2048.0M)->640.6M(2048.0M)]
 [Times: user=1.20 sys=0.00, real=0.16 secs] 
2020-09-29T12:00:07.804+0200: 70.035: [GC pause (G1 Evacuation Pause) (young), 0.1752967 secs]
   [Parallel Time: 173.2 ms, GC Workers: 8]
      [GC Worker Start (ms): Min: 70034.7, Avg: 70034.9, Max: 70035.0, Diff: 0.3]
      [Ext Root Scanning (ms): Min: 0.0, Avg: 0.1, Max: 0.3, Diff: 0.3, Sum: 1.1]
      [Update RS (ms): Min: 19.8, Avg: 20.3, Max: 21.1, Diff: 1.3, Sum: 162.6]
         [Processed Buffers: Min: 8, Avg: 9.8, Max: 12, Diff: 4, Sum: 78]
      [Scan RS (ms): Min: 11.7, Avg: 12.6, Max: 13.1, Diff: 1.4, Sum: 100.5]
      [Code Root Scanning (ms): Min: 0.0, Avg: 0.0, Max: 0.0, Diff: 0.0, Sum: 0.0]
      [Object Copy (ms): Min: 139.5, Avg: 139.6, Max: 139.8, Diff: 0.2, Sum: 1117.1]
      [Termination (ms): Min: 0.0, Avg: 0.0, Max: 0.1, Diff: 0.1, Sum: 0.3]
         [Termination Attempts: Min: 1, Avg: 109.8, Max: 142, Diff: 141, Sum: 878]
      [GC Worker Other (ms): Min: 0.0, Avg: 0.1, Max: 0.1, Diff: 0.1, Sum: 0.4]
      [GC Worker Total (ms): Min: 172.6, Avg: 172.8, Max: 172.9, Diff: 0.3, Sum: 1382.2]
      [GC Worker End (ms): Min: 70207.7, Avg: 70207.7, Max: 70207.7, Diff: 0.1]
   [Code Root Fixup: 0.0 ms]
   [Code Root Purge: 0.0 ms]
   [Clear CT: 0.6 ms]
   [Other: 1.5 ms]
      [Choose CSet: 0.0 ms]
      [Ref Proc: 0.3 ms]
      [Ref Enq: 0.0 ms]
      [Redirty Cards: 0.5 ms]
      [Humongous Register: 0.1 ms]
      [Humongous Reclaim: 0.0 ms]
      [Free CSet: 0.3 ms]
   [Eden: 115.0M(115.0M)->0.0B(117.0M) Survivors: 16.0M->17.0M Heap: 774.7M(2048.0M)->777.2M(2048.0M)]
 [Times: user=1.30 sys=0.00, real=0.18 secs] 
2020-09-29T12:00:08.122+0200: 70.353: [GC pause (G1 Evacuation Pause) (young), 0.1952953 secs]
   [Parallel Time: 193.4 ms, GC Workers: 8]
      [GC Worker Start (ms): Min: 70352.8, Avg: 70353.0, Max: 70353.3, Diff: 0.5]
      [Ext Root Scanning (ms): Min: 0.0, Avg: 0.2, Max: 0.3, Diff: 0.3, Sum: 1.3]
      [Update RS (ms): Min: 18.7, Avg: 19.2, Max: 19.7, Diff: 1.0, Sum: 153.9]
         [Processed Buffers: Min: 8, Avg: 9.0, Max: 12, Diff: 4, Sum: 72]
      [Scan RS (ms): Min: 12.3, Avg: 12.9, Max: 13.6, Diff: 1.3, Sum: 102.8]
      [Code Root Scanning (ms): Min: 0.0, Avg: 0.0, Max: 0.0, Diff: 0.0, Sum: 0.0]
      [Object Copy (ms): Min: 160.3, Avg: 160.5, Max: 160.6, Diff: 0.3, Sum: 1283.6]
      [Termination (ms): Min: 0.0, Avg: 0.3, Max: 0.3, Diff: 0.3, Sum: 2.2]
         [Termination Attempts: Min: 1, Avg: 743.9, Max: 901, Diff: 900, Sum: 5951]
      [GC Worker Other (ms): Min: 0.0, Avg: 0.0, Max: 0.1, Diff: 0.1, Sum: 0.3]
      [GC Worker Total (ms): Min: 192.7, Avg: 193.0, Max: 193.2, Diff: 0.5, Sum: 1544.2]
      [GC Worker End (ms): Min: 70546.0, Avg: 70546.1, Max: 70546.1, Diff: 0.1]
   [Code Root Fixup: 0.0 ms]
   [Code Root Purge: 0.0 ms]
   [Clear CT: 0.4 ms]
   [Other: 1.5 ms]
      [Choose CSet: 0.0 ms]
      [Ref Proc: 0.5 ms]
      [Ref Enq: 0.0 ms]
      [Redirty Cards: 0.4 ms]
      [Humongous Register: 0.1 ms]
      [Humongous Reclaim: 0.0 ms]
      [Free CSet: 0.3 ms]
   [Eden: 117.0M(117.0M)->0.0B(113.0M) Survivors: 17.0M->17.0M Heap: 913.3M(2048.0M)->914.3M(2048.0M)]
 [Times: user=1.36 sys=0.02, real=0.19 secs] 
2020-09-29T12:00:08.449+0200: 70.680: [GC pause (G1 Humongous Allocation) (young) (initial-mark), 0.1804908 secs]
   [Parallel Time: 178.4 ms, GC Workers: 8]
      [GC Worker Start (ms): Min: 70680.4, Avg: 70680.6, Max: 70680.8, Diff: 0.4]
      [Ext Root Scanning (ms): Min: 0.0, Avg: 3.9, Max: 23.6, Diff: 23.6, Sum: 31.0]
      [Update RS (ms): Min: 1.2, Avg: 21.0, Max: 25.1, Diff: 23.9, Sum: 168.0]
         [Processed Buffers: Min: 1, Avg: 10.0, Max: 13, Diff: 12, Sum: 80]
      [Scan RS (ms): Min: 7.6, Avg: 8.9, Max: 14.5, Diff: 7.0, Sum: 71.0]
      [Code Root Scanning (ms): Min: 0.0, Avg: 0.0, Max: 0.0, Diff: 0.0, Sum: 0.0]
      [Object Copy (ms): Min: 138.9, Avg: 144.0, Max: 145.1, Diff: 6.2, Sum: 1152.0]
      [Termination (ms): Min: 0.0, Avg: 0.3, Max: 0.4, Diff: 0.4, Sum: 2.2]
         [Termination Attempts: Min: 1, Avg: 486.6, Max: 612, Diff: 611, Sum: 3893]
      [GC Worker Other (ms): Min: 0.0, Avg: 0.0, Max: 0.0, Diff: 0.0, Sum: 0.2]
      [GC Worker Total (ms): Min: 177.9, Avg: 178.1, Max: 178.3, Diff: 0.4, Sum: 1424.5]
      [GC Worker End (ms): Min: 70858.7, Avg: 70858.7, Max: 70858.7, Diff: 0.1]
   [Code Root Fixup: 0.0 ms]
   [Code Root Purge: 0.0 ms]
   [Clear CT: 0.4 ms]
   [Other: 1.7 ms]
      [Choose CSet: 0.0 ms]
      [Ref Proc: 0.5 ms]
      [Ref Enq: 0.0 ms]
      [Redirty Cards: 0.4 ms]
      [Humongous Register: 0.1 ms]
      [Humongous Reclaim: 0.0 ms]
      [Free CSet: 0.2 ms]
   [Eden: 93.0M(113.0M)->0.0B(106.0M) Survivors: 17.0M->17.0M Heap: 1022.1M(2048.0M)->1024.1M(2048.0M)]
 [Times: user=1.33 sys=0.00, real=0.18 secs] 
2020-09-29T12:00:08.630+0200: 70.861: [GC concurrent-root-region-scan-start]
2020-09-29T12:00:08.646+0200: 70.877: [GC concurrent-root-region-scan-end, 0.0162895 secs]
2020-09-29T12:00:08.646+0200: 70.877: [GC concurrent-mark-start]
2020-09-29T12:00:08.656+0200: 70.887: [GC concurrent-mark-end, 0.0093714 secs]
2020-09-29T12:00:08.658+0200: 70.890: [GC remark 2020-09-29T12:00:08.659+0200: 70.890: [Finalize Marking, 0.0004996 secs] 2020-09-29T12:00:08.659+0200: 70.890: [GC ref-proc, 0.0008738 secs] 2020-09-29T12:00:08.660+0200: 70.891: [Unloading, 0.0010933 secs], 0.0044159 secs]
 [Times: user=0.11 sys=0.00, real=0.01 secs] 
2020-09-29T12:00:08.665+0200: 70.897: [GC cleanup 1040M->39M(2048M), 0.0035798 secs]
 [Times: user=0.00 sys=0.00, real=0.00 secs] 
2020-09-29T12:00:08.669+0200: 70.900: [GC concurrent-cleanup-start]
2020-09-29T12:00:08.673+0200: 70.904: [GC concurrent-cleanup-end, 0.0035787 secs]
2020-09-29T12:00:08.805+0200: 71.036: [GC pause (G1 Evacuation Pause) (young), 0.1574809 secs]
   [Parallel Time: 155.3 ms, GC Workers: 8]
      [GC Worker Start (ms): Min: 71036.1, Avg: 71036.7, Max: 71038.2, Diff: 2.0]
      [Ext Root Scanning (ms): Min: 0.0, Avg: 0.2, Max: 0.3, Diff: 0.3, Sum: 1.3]
      [Update RS (ms): Min: 19.3, Avg: 21.1, Max: 22.6, Diff: 3.3, Sum: 168.9]
         [Processed Buffers: Min: 9, Avg: 11.0, Max: 13, Diff: 4, Sum: 88]
      [Scan RS (ms): Min: 6.8, Avg: 7.9, Max: 8.4, Diff: 1.6, Sum: 63.4]
      [Code Root Scanning (ms): Min: 0.0, Avg: 0.0, Max: 0.0, Diff: 0.0, Sum: 0.0]
      [Object Copy (ms): Min: 125.1, Avg: 125.2, Max: 125.3, Diff: 0.2, Sum: 1001.8]
      [Termination (ms): Min: 0.0, Avg: 0.0, Max: 0.1, Diff: 0.1, Sum: 0.3]
         [Termination Attempts: Min: 1, Avg: 99.1, Max: 158, Diff: 157, Sum: 793]
      [GC Worker Other (ms): Min: 0.0, Avg: 0.0, Max: 0.1, Diff: 0.1, Sum: 0.3]
      [GC Worker Total (ms): Min: 153.0, Avg: 154.5, Max: 155.1, Diff: 2.1, Sum: 1236.0]
      [GC Worker End (ms): Min: 71191.2, Avg: 71191.2, Max: 71191.2, Diff: 0.1]
   [Code Root Fixup: 0.0 ms]
   [Code Root Purge: 0.0 ms]
   [Clear CT: 0.4 ms]
   [Other: 1.8 ms]
      [Choose CSet: 0.0 ms]
      [Ref Proc: 0.4 ms]
      [Ref Enq: 0.0 ms]
      [Redirty Cards: 0.6 ms]
      [Humongous Register: 0.1 ms]
      [Humongous Reclaim: 0.0 ms]
      [Free CSet: 0.2 ms]
   [Eden: 106.0M(106.0M)->0.0B(112.0M) Survivors: 17.0M->16.0M Heap: 148.1M(2048.0M)->133.6M(2048.0M)]
 [Times: user=1.19 sys=0.00, real=0.16 secs] 
2020-09-29T12:00:09.115+0200: 71.346: [GC pause (G1 Evacuation Pause) (young), 0.2428155 secs]
   [Parallel Time: 240.6 ms, GC Workers: 8]
      [GC Worker Start (ms): Min: 71346.1, Avg: 71350.3, Max: 71378.8, Diff: 32.7]
      [Ext Root Scanning (ms): Min: 0.0, Avg: 0.2, Max: 0.3, Diff: 0.3, Sum: 1.3]
      [Update RS (ms): Min: 0.0, Avg: 16.2, Max: 18.7, Diff: 18.7, Sum: 129.6]
         [Processed Buffers: Min: 0, Avg: 9.4, Max: 13, Diff: 13, Sum: 75]
      [Scan RS (ms): Min: 2.2, Avg: 15.5, Max: 20.9, Diff: 18.7, Sum: 124.4]
      [Code Root Scanning (ms): Min: 0.0, Avg: 0.0, Max: 0.0, Diff: 0.0, Sum: 0.0]
      [Object Copy (ms): Min: 200.5, Avg: 204.1, Max: 205.3, Diff: 4.8, Sum: 1632.8]
      [Termination (ms): Min: 0.0, Avg: 0.0, Max: 0.1, Diff: 0.0, Sum: 0.3]
         [Termination Attempts: Min: 1, Avg: 85.5, Max: 117, Diff: 116, Sum: 684]
      [GC Worker Other (ms): Min: 0.0, Avg: 0.1, Max: 0.1, Diff: 0.1, Sum: 0.4]
      [GC Worker Total (ms): Min: 207.6, Avg: 236.1, Max: 240.4, Diff: 32.8, Sum: 1888.7]
      [GC Worker End (ms): Min: 71586.4, Avg: 71586.4, Max: 71586.5, Diff: 0.1]
   [Code Root Fixup: 0.0 ms]
   [Code Root Purge: 0.0 ms]
   [Clear CT: 0.4 ms]
   [Other: 1.8 ms]
      [Choose CSet: 0.0 ms]
      [Ref Proc: 0.5 ms]
      [Ref Enq: 0.0 ms]
      [Redirty Cards: 0.4 ms]
      [Humongous Register: 0.1 ms]
      [Humongous Reclaim: 0.0 ms]
      [Free CSet: 0.4 ms]
   [Eden: 112.0M(112.0M)->0.0B(92.0M) Survivors: 16.0M->16.0M Heap: 264.6M(2048.0M)->266.6M(2048.0M)]
 [Times: user=1.50 sys=0.00, real=0.24 secs] 
2020-09-29T12:00:09.424+0200: 71.655: [GC pause (G1 Evacuation Pause) (young), 0.0667213 secs]
   [Parallel Time: 65.9 ms, GC Workers: 8]
      [GC Worker Start (ms): Min: 71655.5, Avg: 71655.7, Max: 71656.2, Diff: 0.7]
      [Ext Root Scanning (ms): Min: 0.0, Avg: 0.1, Max: 0.2, Diff: 0.1, Sum: 0.7]
      [Update RS (ms): Min: 8.4, Avg: 8.7, Max: 8.9, Diff: 0.6, Sum: 69.9]
         [Processed Buffers: Min: 6, Avg: 9.5, Max: 12, Diff: 6, Sum: 76]
      [Scan RS (ms): Min: 4.0, Avg: 4.3, Max: 5.0, Diff: 1.1, Sum: 34.3]
      [Code Root Scanning (ms): Min: 0.0, Avg: 0.0, Max: 0.0, Diff: 0.0, Sum: 0.0]
      [Object Copy (ms): Min: 51.8, Avg: 52.5, Max: 52.6, Diff: 0.8, Sum: 419.7]
      [Termination (ms): Min: 0.0, Avg: 0.0, Max: 0.0, Diff: 0.0, Sum: 0.0]
         [Termination Attempts: Min: 1, Avg: 21.4, Max: 34, Diff: 33, Sum: 171]
      [GC Worker Other (ms): Min: 0.0, Avg: 0.0, Max: 0.0, Diff: 0.0, Sum: 0.2]
      [GC Worker Total (ms): Min: 65.1, Avg: 65.6, Max: 65.8, Diff: 0.7, Sum: 524.8]
      [GC Worker End (ms): Min: 71721.3, Avg: 71721.3, Max: 71721.3, Diff: 0.0]
   [Code Root Fixup: 0.0 ms]
   [Code Root Purge: 0.0 ms]
   [Clear CT: 0.2 ms]
   [Other: 0.6 ms]
      [Choose CSet: 0.0 ms]
      [Ref Proc: 0.1 ms]
      [Ref Enq: 0.0 ms]
      [Redirty Cards: 0.2 ms]
      [Humongous Register: 0.0 ms]
      [Humongous Reclaim: 0.0 ms]
      [Free CSet: 0.1 ms]
   [Eden: 92.0M(92.0M)->0.0B(113.0M) Survivors: 16.0M->14.0M Heap: 373.9M(2048.0M)->374.9M(2048.0M)]
 [Times: user=0.56 sys=0.00, real=0.07 secs] 
2020-09-29T12:00:09.560+0200: 71.792: [GC pause (G1 Evacuation Pause) (young), 0.0749111 secs]
   [Parallel Time: 74.1 ms, GC Workers: 8]
      [GC Worker Start (ms): Min: 71791.7, Avg: 71791.7, Max: 71791.8, Diff: 0.2]
      [Ext Root Scanning (ms): Min: 0.0, Avg: 0.1, Max: 0.1, Diff: 0.1, Sum: 0.6]
      [Update RS (ms): Min: 7.8, Avg: 8.3, Max: 9.7, Diff: 1.9, Sum: 66.0]
         [Processed Buffers: Min: 8, Avg: 8.6, Max: 10, Diff: 2, Sum: 69]
      [Scan RS (ms): Min: 3.8, Avg: 5.2, Max: 5.6, Diff: 1.9, Sum: 41.6]
      [Code Root Scanning (ms): Min: 0.0, Avg: 0.0, Max: 0.0, Diff: 0.0, Sum: 0.0]
      [Object Copy (ms): Min: 60.3, Avg: 60.4, Max: 60.4, Diff: 0.1, Sum: 482.9]
      [Termination (ms): Min: 0.0, Avg: 0.1, Max: 0.1, Diff: 0.1, Sum: 0.6]
         [Termination Attempts: Min: 1, Avg: 512.6, Max: 682, Diff: 681, Sum: 4101]
      [GC Worker Other (ms): Min: 0.0, Avg: 0.0, Max: 0.1, Diff: 0.0, Sum: 0.2]
      [GC Worker Total (ms): Min: 73.9, Avg: 74.0, Max: 74.1, Diff: 0.2, Sum: 591.9]
      [GC Worker End (ms): Min: 71865.7, Avg: 71865.7, Max: 71865.7, Diff: 0.0]
   [Code Root Fixup: 0.0 ms]
   [Code Root Purge: 0.0 ms]
   [Clear CT: 0.2 ms]
   [Other: 0.6 ms]
      [Choose CSet: 0.0 ms]
      [Ref Proc: 0.2 ms]
      [Ref Enq: 0.0 ms]
      [Redirty Cards: 0.1 ms]
      [Humongous Register: 0.0 ms]
      [Humongous Reclaim: 0.0 ms]
      [Free CSet: 0.1 ms]
   [Eden: 113.0M(113.0M)->0.0B(135.0M) Survivors: 14.0M->16.0M Heap: 505.1M(2048.0M)->507.1M(2048.0M)]
 [Times: user=0.59 sys=0.00, real=0.08 secs] 
2020-09-29T12:00:09.722+0200: 71.953: [GC pause (G1 Evacuation Pause) (young), 0.0867642 secs]
   [Parallel Time: 85.7 ms, GC Workers: 8]
      [GC Worker Start (ms): Min: 71953.0, Avg: 71953.1, Max: 71953.2, Diff: 0.2]
      [Ext Root Scanning (ms): Min: 0.0, Avg: 0.1, Max: 0.2, Diff: 0.2, Sum: 0.6]
      [Update RS (ms): Min: 13.0, Avg: 13.2, Max: 13.4, Diff: 0.5, Sum: 105.2]
         [Processed Buffers: Min: 6, Avg: 12.3, Max: 17, Diff: 11, Sum: 98]
      [Scan RS (ms): Min: 5.6, Avg: 6.0, Max: 6.6, Diff: 1.0, Sum: 47.8]
      [Code Root Scanning (ms): Min: 0.0, Avg: 0.0, Max: 0.0, Diff: 0.0, Sum: 0.0]
      [Object Copy (ms): Min: 65.6, Avg: 66.2, Max: 66.3, Diff: 0.7, Sum: 529.6]
      [Termination (ms): Min: 0.0, Avg: 0.0, Max: 0.0, Diff: 0.0, Sum: 0.2]
         [Termination Attempts: Min: 1, Avg: 172.8, Max: 210, Diff: 209, Sum: 1382]
      [GC Worker Other (ms): Min: 0.0, Avg: 0.0, Max: 0.0, Diff: 0.0, Sum: 0.2]
      [GC Worker Total (ms): Min: 85.4, Avg: 85.5, Max: 85.5, Diff: 0.2, Sum: 683.6]
      [GC Worker End (ms): Min: 72038.5, Avg: 72038.5, Max: 72038.5, Diff: 0.0]
   [Code Root Fixup: 0.0 ms]
   [Code Root Purge: 0.0 ms]
   [Clear CT: 0.1 ms]
   [Other: 1.0 ms]
      [Choose CSet: 0.0 ms]
      [Ref Proc: 0.2 ms]
      [Ref Enq: 0.0 ms]
      [Redirty Cards: 0.3 ms]
      [Humongous Register: 0.0 ms]
      [Humongous Reclaim: 0.0 ms]
      [Free CSet: 0.2 ms]
   [Eden: 135.0M(135.0M)->0.0B(158.0M) Survivors: 16.0M->19.0M Heap: 665.0M(2048.0M)->667.0M(2048.0M)]
 [Times: user=0.69 sys=0.00, real=0.09 secs] 
2020-09-29T12:00:09.901+0200: 72.133: [GC pause (G1 Evacuation Pause) (young), 0.1009876 secs]
   [Parallel Time: 100.1 ms, GC Workers: 8]
      [GC Worker Start (ms): Min: 72132.8, Avg: 72132.8, Max: 72132.9, Diff: 0.1]
      [Ext Root Scanning (ms): Min: 0.0, Avg: 0.1, Max: 0.1, Diff: 0.1, Sum: 0.7]
      [Update RS (ms): Min: 9.9, Avg: 10.2, Max: 11.4, Diff: 1.5, Sum: 81.8]
         [Processed Buffers: Min: 9, Avg: 11.0, Max: 13, Diff: 4, Sum: 88]
      [Scan RS (ms): Min: 6.7, Avg: 7.9, Max: 8.2, Diff: 1.6, Sum: 63.0]
      [Code Root Scanning (ms): Min: 0.0, Avg: 0.0, Max: 0.0, Diff: 0.0, Sum: 0.0]
      [Object Copy (ms): Min: 81.5, Avg: 81.5, Max: 81.7, Diff: 0.2, Sum: 652.4]
      [Termination (ms): Min: 0.0, Avg: 0.2, Max: 0.2, Diff: 0.2, Sum: 1.5]
         [Termination Attempts: Min: 1, Avg: 1152.5, Max: 1455, Diff: 1454, Sum: 9220]
      [GC Worker Other (ms): Min: 0.0, Avg: 0.0, Max: 0.0, Diff: 0.0, Sum: 0.2]
      [GC Worker Total (ms): Min: 99.9, Avg: 99.9, Max: 100.0, Diff: 0.1, Sum: 799.6]
      [GC Worker End (ms): Min: 72232.7, Avg: 72232.8, Max: 72232.8, Diff: 0.0]
   [Code Root Fixup: 0.0 ms]
   [Code Root Purge: 0.0 ms]
   [Clear CT: 0.2 ms]
   [Other: 0.7 ms]
      [Choose CSet: 0.0 ms]
      [Ref Proc: 0.1 ms]
      [Ref Enq: 0.0 ms]
      [Redirty Cards: 0.2 ms]
      [Humongous Register: 0.0 ms]
      [Humongous Reclaim: 0.0 ms]
      [Free CSet: 0.1 ms]
   [Eden: 158.0M(158.0M)->0.0B(176.0M) Survivors: 19.0M->23.0M Heap: 851.7M(2048.0M)->853.7M(2048.0M)]
 [Times: user=0.74 sys=0.00, real=0.10 secs] 
2020-09-29T12:00:10.094+0200: 72.325: [GC pause (G1 Evacuation Pause) (young), 0.0946938 secs]
   [Parallel Time: 93.7 ms, GC Workers: 8]
      [GC Worker Start (ms): Min: 72325.1, Avg: 72325.2, Max: 72325.2, Diff: 0.2]
      [Ext Root Scanning (ms): Min: 0.0, Avg: 0.1, Max: 0.1, Diff: 0.1, Sum: 0.5]
      [Update RS (ms): Min: 10.5, Avg: 10.9, Max: 11.2, Diff: 0.7, Sum: 87.1]
         [Processed Buffers: Min: 11, Avg: 12.6, Max: 14, Diff: 3, Sum: 101]
      [Scan RS (ms): Min: 7.4, Avg: 7.8, Max: 8.2, Diff: 0.8, Sum: 62.1]
      [Code Root Scanning (ms): Min: 0.0, Avg: 0.0, Max: 0.0, Diff: 0.0, Sum: 0.0]
      [Object Copy (ms): Min: 74.7, Avg: 74.7, Max: 74.7, Diff: 0.1, Sum: 597.6]
      [Termination (ms): Min: 0.0, Avg: 0.0, Max: 0.0, Diff: 0.0, Sum: 0.1]
         [Termination Attempts: Min: 1, Avg: 45.5, Max: 71, Diff: 70, Sum: 364]
      [GC Worker Other (ms): Min: 0.0, Avg: 0.0, Max: 0.1, Diff: 0.0, Sum: 0.2]
      [GC Worker Total (ms): Min: 93.4, Avg: 93.4, Max: 93.6, Diff: 0.2, Sum: 747.6]
      [GC Worker End (ms): Min: 72418.6, Avg: 72418.6, Max: 72418.6, Diff: 0.0]
   [Code Root Fixup: 0.0 ms]
   [Code Root Purge: 0.0 ms]
   [Clear CT: 0.4 ms]
   [Other: 0.6 ms]
      [Choose CSet: 0.0 ms]
      [Ref Proc: 0.2 ms]
      [Ref Enq: 0.0 ms]
      [Redirty Cards: 0.2 ms]
      [Humongous Register: 0.0 ms]
      [Humongous Reclaim: 0.0 ms]
      [Free CSet: 0.1 ms]
   [Eden: 176.0M(176.0M)->0.0B(202.0M) Survivors: 23.0M->25.0M Heap: 1058.3M(2048.0M)->1059.8M(2048.0M)]
 [Times: user=0.75 sys=0.00, real=0.09 secs] 
2020-09-29T12:00:10.191+0200: 72.422: [GC pause (G1 Humongous Allocation) (young) (initial-mark), 0.0352771 secs]
   [Parallel Time: 34.6 ms, GC Workers: 8]
      [GC Worker Start (ms): Min: 72422.3, Avg: 72422.3, Max: 72422.4, Diff: 0.1]
      [Ext Root Scanning (ms): Min: 0.1, Avg: 0.1, Max: 0.1, Diff: 0.1, Sum: 0.7]
      [Update RS (ms): Min: 22.3, Avg: 22.4, Max: 23.0, Diff: 0.8, Sum: 179.5]
         [Processed Buffers: Min: 26, Avg: 29.9, Max: 32, Diff: 6, Sum: 239]
      [Scan RS (ms): Min: 0.2, Avg: 0.9, Max: 1.0, Diff: 0.8, Sum: 6.9]
      [Code Root Scanning (ms): Min: 0.0, Avg: 0.0, Max: 0.0, Diff: 0.0, Sum: 0.0]
      [Object Copy (ms): Min: 10.9, Avg: 11.0, Max: 11.0, Diff: 0.1, Sum: 87.7]
      [Termination (ms): Min: 0.0, Avg: 0.0, Max: 0.0, Diff: 0.0, Sum: 0.1]
         [Termination Attempts: Min: 1, Avg: 45.9, Max: 65, Diff: 64, Sum: 367]
      [GC Worker Other (ms): Min: 0.0, Avg: 0.0, Max: 0.0, Diff: 0.0, Sum: 0.1]
      [GC Worker Total (ms): Min: 34.3, Avg: 34.4, Max: 34.4, Diff: 0.1, Sum: 275.1]
      [GC Worker End (ms): Min: 72456.7, Avg: 72456.7, Max: 72456.7, Diff: 0.0]
   [Code Root Fixup: 0.0 ms]
   [Code Root Purge: 0.0 ms]
   [Clear CT: 0.1 ms]
   [Other: 0.6 ms]
      [Choose CSet: 0.0 ms]
      [Ref Proc: 0.2 ms]
      [Ref Enq: 0.0 ms]
      [Redirty Cards: 0.1 ms]
      [Humongous Register: 0.0 ms]
      [Humongous Reclaim: 0.0 ms]
      [Free CSet: 0.0 ms]
   [Eden: 1024.0K(202.0M)->0.0B(254.0M) Survivors: 25.0M->2048.0K Heap: 1060.8M(2048.0M)->1063.8M(2048.0M)]
 [Times: user=0.38 sys=0.00, real=0.04 secs] 
2020-09-29T12:00:10.226+0200: 72.458: [GC concurrent-root-region-scan-start]
2020-09-29T12:00:10.227+0200: 72.458: [GC concurrent-root-region-scan-end, 0.0003676 secs]
2020-09-29T12:00:10.227+0200: 72.458: [GC concurrent-mark-start]
2020-09-29T12:00:10.230+0200: 72.461: [GC concurrent-mark-end, 0.0028510 secs]
2020-09-29T12:00:10.230+0200: 72.461: [GC remark 2020-09-29T12:00:10.230+0200: 72.461: [Finalize Marking, 0.0002352 secs] 2020-09-29T12:00:10.230+0200: 72.461: [GC ref-proc, 0.0003483 secs] 2020-09-29T12:00:10.230+0200: 72.462: [Unloading, 0.0004294 secs], 0.0013140 secs]
 [Times: user=0.00 sys=0.00, real=0.00 secs] 
2020-09-29T12:00:10.232+0200: 72.463: [GC cleanup 1072M->16M(2048M), 0.0013349 secs]
 [Times: user=0.00 sys=0.00, real=0.00 secs] 
2020-09-29T12:00:10.233+0200: 72.464: [GC concurrent-cleanup-start]
2020-09-29T12:00:10.234+0200: 72.466: [GC concurrent-cleanup-end, 0.0012856 secs]
2020-09-29T12:00:10.380+0200: 72.611: [GC pause (G1 Evacuation Pause) (young), 0.1685890 secs]
   [Parallel Time: 167.4 ms, GC Workers: 8]
      [GC Worker Start (ms): Min: 72611.6, Avg: 72611.7, Max: 72611.8, Diff: 0.2]
      [Ext Root Scanning (ms): Min: 0.0, Avg: 0.1, Max: 0.2, Diff: 0.2, Sum: 0.5]
      [Update RS (ms): Min: 13.4, Avg: 14.1, Max: 17.7, Diff: 4.2, Sum: 112.5]
         [Processed Buffers: Min: 7, Avg: 13.4, Max: 18, Diff: 11, Sum: 107]
      [Scan RS (ms): Min: 12.6, Avg: 16.6, Max: 19.8, Diff: 7.2, Sum: 132.5]
      [Code Root Scanning (ms): Min: 0.0, Avg: 0.0, Max: 0.0, Diff: 0.0, Sum: 0.0]
      [Object Copy (ms): Min: 133.5, Avg: 136.0, Max: 136.8, Diff: 3.3, Sum: 1088.3]
      [Termination (ms): Min: 0.0, Avg: 0.4, Max: 0.5, Diff: 0.5, Sum: 3.3]
         [Termination Attempts: Min: 1, Avg: 2651.3, Max: 3169, Diff: 3168, Sum: 21210]
      [GC Worker Other (ms): Min: 0.0, Avg: 0.0, Max: 0.0, Diff: 0.0, Sum: 0.1]
      [GC Worker Total (ms): Min: 167.1, Avg: 167.2, Max: 167.3, Diff: 0.2, Sum: 1337.3]
      [GC Worker End (ms): Min: 72778.9, Avg: 72778.9, Max: 72778.9, Diff: 0.0]
   [Code Root Fixup: 0.0 ms]
   [Code Root Purge: 0.0 ms]
   [Clear CT: 0.2 ms]
   [Other: 1.0 ms]
      [Choose CSet: 0.0 ms]
      [Ref Proc: 0.3 ms]
      [Ref Enq: 0.0 ms]
      [Redirty Cards: 0.2 ms]
      [Humongous Register: 0.0 ms]
      [Humongous Reclaim: 0.0 ms]
      [Free CSet: 0.3 ms]
   [Eden: 254.0M(254.0M)->0.0B(222.0M) Survivors: 2048.0K->32.0M Heap: 305.4M(2048.0M)->304.9M(2048.0M)]
 [Times: user=1.19 sys=0.01, real=0.17 secs] 
2020-09-29T12:00:10.663+0200: 72.894: [GC pause (G1 Evacuation Pause) (young), 0.1184807 secs]
   [Parallel Time: 117.5 ms, GC Workers: 8]
      [GC Worker Start (ms): Min: 72894.2, Avg: 72894.4, Max: 72894.4, Diff: 0.2]
      [Ext Root Scanning (ms): Min: 0.0, Avg: 0.0, Max: 0.2, Diff: 0.2, Sum: 0.3]
      [Update RS (ms): Min: 12.0, Avg: 12.2, Max: 12.6, Diff: 0.5, Sum: 97.9]
         [Processed Buffers: Min: 13, Avg: 15.0, Max: 17, Diff: 4, Sum: 120]
      [Scan RS (ms): Min: 10.4, Avg: 10.8, Max: 11.0, Diff: 0.5, Sum: 86.3]
      [Code Root Scanning (ms): Min: 0.0, Avg: 0.0, Max: 0.0, Diff: 0.0, Sum: 0.0]
      [Object Copy (ms): Min: 94.1, Avg: 94.2, Max: 94.2, Diff: 0.1, Sum: 753.5]
      [Termination (ms): Min: 0.0, Avg: 0.0, Max: 0.0, Diff: 0.0, Sum: 0.0]
         [Termination Attempts: Min: 1, Avg: 7.1, Max: 10, Diff: 9, Sum: 57]
      [GC Worker Other (ms): Min: 0.0, Avg: 0.0, Max: 0.1, Diff: 0.0, Sum: 0.2]
      [GC Worker Total (ms): Min: 117.2, Avg: 117.3, Max: 117.4, Diff: 0.2, Sum: 938.2]
      [GC Worker End (ms): Min: 73011.6, Avg: 73011.7, Max: 73011.7, Diff: 0.0]
   [Code Root Fixup: 0.0 ms]
   [Code Root Purge: 0.0 ms]
   [Clear CT: 0.2 ms]
   [Other: 0.8 ms]
      [Choose CSet: 0.0 ms]
      [Ref Proc: 0.2 ms]
      [Ref Enq: 0.0 ms]
      [Redirty Cards: 0.2 ms]
      [Humongous Register: 0.0 ms]
      [Humongous Reclaim: 0.0 ms]
      [Free CSet: 0.2 ms]
   [Eden: 222.0M(222.0M)->0.0B(247.0M) Survivors: 32.0M->32.0M Heap: 563.1M(2048.0M)->565.1M(2048.0M)]
 [Times: user=0.86 sys=0.02, real=0.12 secs] 
2020-09-29T12:00:10.911+0200: 73.142: [GC pause (G1 Evacuation Pause) (young), 0.1746819 secs]
   [Parallel Time: 173.6 ms, GC Workers: 8]
      [GC Worker Start (ms): Min: 73142.3, Avg: 73142.4, Max: 73142.5, Diff: 0.2]
      [Ext Root Scanning (ms): Min: 0.0, Avg: 0.1, Max: 0.2, Diff: 0.2, Sum: 0.5]
      [Update RS (ms): Min: 20.3, Avg: 20.6, Max: 21.0, Diff: 0.7, Sum: 164.9]
         [Processed Buffers: Min: 15, Avg: 19.9, Max: 24, Diff: 9, Sum: 159]
      [Scan RS (ms): Min: 13.3, Avg: 13.8, Max: 14.1, Diff: 0.8, Sum: 110.2]
      [Code Root Scanning (ms): Min: 0.0, Avg: 0.0, Max: 0.0, Diff: 0.0, Sum: 0.0]
      [Object Copy (ms): Min: 138.7, Avg: 138.9, Max: 138.9, Diff: 0.2, Sum: 1110.9]
      [Termination (ms): Min: 0.0, Avg: 0.0, Max: 0.0, Diff: 0.0, Sum: 0.1]
         [Termination Attempts: Min: 1, Avg: 42.8, Max: 66, Diff: 65, Sum: 342]
      [GC Worker Other (ms): Min: 0.0, Avg: 0.0, Max: 0.1, Diff: 0.0, Sum: 0.3]
      [GC Worker Total (ms): Min: 173.3, Avg: 173.4, Max: 173.5, Diff: 0.2, Sum: 1387.0]
      [GC Worker End (ms): Min: 73315.8, Avg: 73315.8, Max: 73315.8, Diff: 0.0]
   [Code Root Fixup: 0.0 ms]
   [Code Root Purge: 0.0 ms]
   [Clear CT: 0.2 ms]
   [Other: 0.9 ms]
      [Choose CSet: 0.0 ms]
      [Ref Proc: 0.1 ms]
      [Ref Enq: 0.0 ms]
      [Redirty Cards: 0.2 ms]
      [Humongous Register: 0.0 ms]
      [Humongous Reclaim: 0.0 ms]
      [Free CSet: 0.3 ms]
   [Eden: 247.0M(247.0M)->0.0B(238.0M) Survivors: 32.0M->35.0M Heap: 854.1M(2048.0M)->856.1M(2048.0M)]
 [Times: user=1.20 sys=0.00, real=0.17 secs] 
2020-09-29T12:00:11.266+0200: 73.497: [GC pause (G1 Evacuation Pause) (young), 0.1616777 secs]
   [Parallel Time: 160.7 ms, GC Workers: 8]
      [GC Worker Start (ms): Min: 73497.5, Avg: 73497.6, Max: 73497.6, Diff: 0.1]
      [Ext Root Scanning (ms): Min: 0.0, Avg: 0.1, Max: 0.2, Diff: 0.1, Sum: 0.7]
      [Update RS (ms): Min: 11.6, Avg: 11.9, Max: 12.2, Diff: 0.5, Sum: 95.2]
         [Processed Buffers: Min: 10, Avg: 11.5, Max: 13, Diff: 3, Sum: 92]
      [Scan RS (ms): Min: 13.5, Avg: 13.8, Max: 14.1, Diff: 0.6, Sum: 110.5]
      [Code Root Scanning (ms): Min: 0.0, Avg: 0.0, Max: 0.0, Diff: 0.0, Sum: 0.0]
      [Object Copy (ms): Min: 134.4, Avg: 134.5, Max: 134.5, Diff: 0.1, Sum: 1075.8]
      [Termination (ms): Min: 0.0, Avg: 0.1, Max: 0.1, Diff: 0.1, Sum: 0.5]
         [Termination Attempts: Min: 1, Avg: 375.0, Max: 500, Diff: 499, Sum: 3000]
      [GC Worker Other (ms): Min: 0.0, Avg: 0.1, Max: 0.1, Diff: 0.1, Sum: 0.7]
      [GC Worker Total (ms): Min: 160.3, Avg: 160.4, Max: 160.5, Diff: 0.2, Sum: 1283.5]
      [GC Worker End (ms): Min: 73658.0, Avg: 73658.0, Max: 73658.1, Diff: 0.1]
   [Code Root Fixup: 0.0 ms]
   [Code Root Purge: 0.0 ms]
   [Clear CT: 0.2 ms]
   [Other: 0.8 ms]
      [Choose CSet: 0.0 ms]
      [Ref Proc: 0.1 ms]
      [Ref Enq: 0.0 ms]
      [Redirty Cards: 0.3 ms]
      [Humongous Register: 0.1 ms]
      [Humongous Reclaim: 0.0 ms]
      [Free CSet: 0.2 ms]
   [Eden: 238.0M(238.0M)->0.0B(241.0M) Survivors: 35.0M->35.0M Heap: 1132.2M(2048.0M)->1134.2M(2048.0M)]
 [Times: user=1.19 sys=0.01, real=0.16 secs] 
2020-09-29T12:00:11.442+0200: 73.673: [GC pause (G1 Humongous Allocation) (young) (initial-mark), 0.0536226 secs]
   [Parallel Time: 52.7 ms, GC Workers: 8]
      [GC Worker Start (ms): Min: 73673.6, Avg: 73673.7, Max: 73673.8, Diff: 0.2]
      [Ext Root Scanning (ms): Min: 0.0, Avg: 0.9, Max: 2.5, Diff: 2.5, Sum: 6.8]
      [Update RS (ms): Min: 23.2, Avg: 25.1, Max: 26.3, Diff: 3.0, Sum: 200.7]
         [Processed Buffers: Min: 19, Avg: 26.4, Max: 29, Diff: 10, Sum: 211]
      [Scan RS (ms): Min: 2.4, Avg: 2.8, Max: 3.1, Diff: 0.7, Sum: 22.7]
      [Code Root Scanning (ms): Min: 0.0, Avg: 0.0, Max: 0.0, Diff: 0.0, Sum: 0.0]
      [Object Copy (ms): Min: 23.5, Avg: 23.6, Max: 23.6, Diff: 0.1, Sum: 188.7]
      [Termination (ms): Min: 0.0, Avg: 0.0, Max: 0.0, Diff: 0.0, Sum: 0.1]
         [Termination Attempts: Min: 1, Avg: 65.9, Max: 90, Diff: 89, Sum: 527]
      [GC Worker Other (ms): Min: 0.0, Avg: 0.0, Max: 0.0, Diff: 0.0, Sum: 0.2]
      [GC Worker Total (ms): Min: 52.3, Avg: 52.4, Max: 52.5, Diff: 0.2, Sum: 419.2]
      [GC Worker End (ms): Min: 73726.1, Avg: 73726.1, Max: 73726.1, Diff: 0.0]
   [Code Root Fixup: 0.0 ms]
   [Code Root Purge: 0.0 ms]
   [Clear CT: 0.2 ms]
   [Other: 0.7 ms]
      [Choose CSet: 0.0 ms]
      [Ref Proc: 0.2 ms]
      [Ref Enq: 0.0 ms]
      [Redirty Cards: 0.2 ms]
      [Humongous Register: 0.1 ms]
      [Humongous Reclaim: 0.0 ms]
      [Free CSet: 0.1 ms]
   [Eden: 1024.0K(241.0M)->0.0B(284.0M) Survivors: 35.0M->3072.0K Heap: 1134.7M(2048.0M)->1139.2M(2048.0M)]
 [Times: user=0.31 sys=0.00, real=0.05 secs] 
2020-09-29T12:00:11.496+0200: 73.727: [GC concurrent-root-region-scan-start]
2020-09-29T12:00:11.496+0200: 73.727: [GC concurrent-root-region-scan-end, 0.0002625 secs]
2020-09-29T12:00:11.496+0200: 73.727: [GC concurrent-mark-start]
2020-09-29T12:00:11.499+0200: 73.730: [GC concurrent-mark-end, 0.0030240 secs]
2020-09-29T12:00:11.499+0200: 73.731: [GC remark 2020-09-29T12:00:11.499+0200: 73.731: [Finalize Marking, 0.0002121 secs] 2020-09-29T12:00:11.500+0200: 73.731: [GC ref-proc, 0.0002857 secs] 2020-09-29T12:00:11.500+0200: 73.731: [Unloading, 0.0005155 secs], 0.0016002 secs]
 [Times: user=0.00 sys=0.00, real=0.00 secs] 
2020-09-29T12:00:11.501+0200: 73.733: [GC cleanup 1146M->15M(2048M), 0.0013241 secs]
 [Times: user=0.00 sys=0.00, real=0.00 secs] 
2020-09-29T12:00:11.503+0200: 73.734: [GC concurrent-cleanup-start]
2020-09-29T12:00:11.504+0200: 73.736: [GC concurrent-cleanup-end, 0.0016499 secs]
2020-09-29T12:00:11.669+0200: 73.900: [GC pause (G1 Evacuation Pause) (young), 0.2078382 secs]
   [Parallel Time: 206.5 ms, GC Workers: 8]
      [GC Worker Start (ms): Min: 73900.4, Avg: 73900.6, Max: 73900.6, Diff: 0.2]
      [Ext Root Scanning (ms): Min: 0.0, Avg: 0.1, Max: 0.2, Diff: 0.2, Sum: 0.5]
      [Update RS (ms): Min: 17.1, Avg: 17.4, Max: 17.8, Diff: 0.8, Sum: 139.2]
         [Processed Buffers: Min: 13, Avg: 14.9, Max: 16, Diff: 3, Sum: 119]
      [Scan RS (ms): Min: 23.1, Avg: 23.6, Max: 24.1, Diff: 1.0, Sum: 188.7]
      [Code Root Scanning (ms): Min: 0.0, Avg: 0.0, Max: 0.0, Diff: 0.0, Sum: 0.0]
      [Object Copy (ms): Min: 164.6, Avg: 164.9, Max: 165.2, Diff: 0.6, Sum: 1319.2]
      [Termination (ms): Min: 0.0, Avg: 0.2, Max: 0.3, Diff: 0.3, Sum: 1.9]
         [Termination Attempts: Min: 1, Avg: 1197.6, Max: 1727, Diff: 1726, Sum: 9581]
      [GC Worker Other (ms): Min: 0.0, Avg: 0.0, Max: 0.0, Diff: 0.0, Sum: 0.1]
      [GC Worker Total (ms): Min: 206.1, Avg: 206.2, Max: 206.3, Diff: 0.2, Sum: 1649.6]
      [GC Worker End (ms): Min: 74106.7, Avg: 74106.8, Max: 74106.8, Diff: 0.0]
   [Code Root Fixup: 0.0 ms]
   [Code Root Purge: 0.0 ms]
   [Clear CT: 0.2 ms]
   [Other: 1.1 ms]
      [Choose CSet: 0.0 ms]
      [Ref Proc: 0.2 ms]
      [Ref Enq: 0.0 ms]
      [Redirty Cards: 0.3 ms]
      [Humongous Register: 0.0 ms]
      [Humongous Reclaim: 0.0 ms]
      [Free CSet: 0.3 ms]
   [Eden: 284.0M(284.0M)->0.0B(221.0M) Survivors: 3072.0K->36.0M Heap: 340.7M(2048.0M)->340.2M(2048.0M)]
 [Times: user=1.28 sys=0.05, real=0.21 secs] 
2020-09-29T12:00:12.027+0200: 74.258: [GC pause (G1 Evacuation Pause) (young), 0.1355223 secs]
   [Parallel Time: 134.4 ms, GC Workers: 8]
      [GC Worker Start (ms): Min: 74258.0, Avg: 74258.0, Max: 74258.1, Diff: 0.1]
      [Ext Root Scanning (ms): Min: 0.0, Avg: 0.1, Max: 0.1, Diff: 0.1, Sum: 0.7]
      [Update RS (ms): Min: 13.7, Avg: 13.9, Max: 14.7, Diff: 1.1, Sum: 111.5]
         [Processed Buffers: Min: 13, Avg: 15.8, Max: 18, Diff: 5, Sum: 126]
      [Scan RS (ms): Min: 10.6, Avg: 11.4, Max: 11.7, Diff: 1.0, Sum: 91.0]
      [Code Root Scanning (ms): Min: 0.0, Avg: 0.0, Max: 0.0, Diff: 0.0, Sum: 0.0]
      [Object Copy (ms): Min: 108.8, Avg: 108.8, Max: 108.9, Diff: 0.1, Sum: 870.6]
      [Termination (ms): Min: 0.0, Avg: 0.0, Max: 0.0, Diff: 0.0, Sum: 0.3]
         [Termination Attempts: Min: 1, Avg: 214.6, Max: 278, Diff: 277, Sum: 1717]
      [GC Worker Other (ms): Min: 0.0, Avg: 0.0, Max: 0.1, Diff: 0.1, Sum: 0.3]
      [GC Worker Total (ms): Min: 134.2, Avg: 134.3, Max: 134.4, Diff: 0.1, Sum: 1074.4]
      [GC Worker End (ms): Min: 74392.3, Avg: 74392.3, Max: 74392.4, Diff: 0.1]
   [Code Root Fixup: 0.0 ms]
   [Code Root Purge: 0.0 ms]
   [Clear CT: 0.2 ms]
   [Other: 0.9 ms]
      [Choose CSet: 0.0 ms]
      [Ref Proc: 0.2 ms]
      [Ref Enq: 0.0 ms]
      [Redirty Cards: 0.2 ms]
      [Humongous Register: 0.0 ms]
      [Humongous Reclaim: 0.0 ms]
      [Free CSet: 0.3 ms]
   [Eden: 221.0M(221.0M)->0.0B(237.0M) Survivors: 36.0M->33.0M Heap: 599.3M(2048.0M)->601.3M(2048.0M)]
 [Times: user=1.06 sys=0.00, real=0.13 secs] 
2020-09-29T12:00:12.320+0200: 74.552: [GC pause (G1 Evacuation Pause) (young), 0.1522136 secs]
   [Parallel Time: 151.1 ms, GC Workers: 8]
      [GC Worker Start (ms): Min: 74551.8, Avg: 74552.0, Max: 74553.1, Diff: 1.3]
      [Ext Root Scanning (ms): Min: 0.0, Avg: 0.1, Max: 0.2, Diff: 0.2, Sum: 0.7]
      [Update RS (ms): Min: 14.7, Avg: 15.9, Max: 16.4, Diff: 1.7, Sum: 127.2]
         [Processed Buffers: Min: 13, Avg: 16.0, Max: 17, Diff: 4, Sum: 128]
      [Scan RS (ms): Min: 14.8, Avg: 15.1, Max: 15.3, Diff: 0.5, Sum: 120.5]
      [Code Root Scanning (ms): Min: 0.0, Avg: 0.0, Max: 0.0, Diff: 0.0, Sum: 0.0]
      [Object Copy (ms): Min: 119.5, Avg: 119.6, Max: 119.7, Diff: 0.3, Sum: 956.5]
      [Termination (ms): Min: 0.0, Avg: 0.1, Max: 0.3, Diff: 0.3, Sum: 1.1]
         [Termination Attempts: Min: 1, Avg: 885.3, Max: 1089, Diff: 1088, Sum: 7082]
      [GC Worker Other (ms): Min: 0.0, Avg: 0.0, Max: 0.1, Diff: 0.0, Sum: 0.3]
      [GC Worker Total (ms): Min: 149.7, Avg: 150.8, Max: 151.0, Diff: 1.3, Sum: 1206.2]
      [GC Worker End (ms): Min: 74702.8, Avg: 74702.8, Max: 74702.8, Diff: 0.0]
   [Code Root Fixup: 0.0 ms]
   [Code Root Purge: 0.0 ms]
   [Clear CT: 0.2 ms]
   [Other: 1.0 ms]
      [Choose CSet: 0.0 ms]
      [Ref Proc: 0.2 ms]
      [Ref Enq: 0.0 ms]
      [Redirty Cards: 0.2 ms]
      [Humongous Register: 0.1 ms]
      [Humongous Reclaim: 0.0 ms]
      [Free CSet: 0.2 ms]
   [Eden: 237.0M(237.0M)->0.0B(248.0M) Survivors: 33.0M->34.0M Heap: 876.5M(2048.0M)->878.5M(2048.0M)]
 [Times: user=1.11 sys=0.00, real=0.15 secs] 
2020-09-29T12:00:12.630+0200: 74.861: [GC pause (G1 Evacuation Pause) (young), 0.1900875 secs]
   [Parallel Time: 188.9 ms, GC Workers: 8]
      [GC Worker Start (ms): Min: 74861.5, Avg: 74861.6, Max: 74861.8, Diff: 0.3]
      [Ext Root Scanning (ms): Min: 0.0, Avg: 0.1, Max: 0.2, Diff: 0.2, Sum: 0.8]
      [Update RS (ms): Min: 19.9, Avg: 20.0, Max: 20.2, Diff: 0.3, Sum: 160.3]
         [Processed Buffers: Min: 16, Avg: 18.6, Max: 23, Diff: 7, Sum: 149]
      [Scan RS (ms): Min: 12.8, Avg: 13.4, Max: 16.5, Diff: 3.6, Sum: 107.5]
      [Code Root Scanning (ms): Min: 0.0, Avg: 0.0, Max: 0.0, Diff: 0.0, Sum: 0.0]
      [Object Copy (ms): Min: 152.1, Avg: 154.9, Max: 155.4, Diff: 3.4, Sum: 1239.5]
      [Termination (ms): Min: 0.0, Avg: 0.2, Max: 0.3, Diff: 0.3, Sum: 1.4]
         [Termination Attempts: Min: 1, Avg: 642.6, Max: 952, Diff: 951, Sum: 5141]
      [GC Worker Other (ms): Min: 0.0, Avg: 0.0, Max: 0.0, Diff: 0.0, Sum: 0.1]
      [GC Worker Total (ms): Min: 188.5, Avg: 188.7, Max: 188.8, Diff: 0.3, Sum: 1509.6]
      [GC Worker End (ms): Min: 75050.3, Avg: 75050.3, Max: 75050.3, Diff: 0.0]
   [Code Root Fixup: 0.0 ms]
   [Code Root Purge: 0.0 ms]
   [Clear CT: 0.2 ms]
   [Other: 1.0 ms]
      [Choose CSet: 0.0 ms]
      [Ref Proc: 0.2 ms]
      [Ref Enq: 0.0 ms]
      [Redirty Cards: 0.3 ms]
      [Humongous Register: 0.1 ms]
      [Humongous Reclaim: 0.0 ms]
      [Free CSet: 0.3 ms]
   [Eden: 248.0M(248.0M)->0.0B(239.0M) Survivors: 34.0M->36.0M Heap: 1168.4M(2048.0M)->1169.9M(2048.0M)]
 [Times: user=1.30 sys=0.00, real=0.19 secs] 
2020-09-29T12:00:12.834+0200: 75.066: [GC pause (G1 Humongous Allocation) (young) (initial-mark), 0.0686908 secs]
   [Parallel Time: 67.5 ms, GC Workers: 8]
      [GC Worker Start (ms): Min: 75065.8, Avg: 75065.9, Max: 75066.0, Diff: 0.2]
      [Ext Root Scanning (ms): Min: 0.0, Avg: 6.0, Max: 23.3, Diff: 23.3, Sum: 48.0]
      [Update RS (ms): Min: 10.9, Avg: 28.7, Max: 35.6, Diff: 24.7, Sum: 229.3]
         [Processed Buffers: Min: 13, Avg: 29.9, Max: 38, Diff: 25, Sum: 239]
      [Scan RS (ms): Min: 1.9, Avg: 3.4, Max: 6.6, Diff: 4.8, Sum: 27.1]
      [Code Root Scanning (ms): Min: 0.0, Avg: 0.0, Max: 0.0, Diff: 0.0, Sum: 0.0]
      [Object Copy (ms): Min: 26.4, Avg: 29.2, Max: 29.7, Diff: 3.2, Sum: 233.5]
      [Termination (ms): Min: 0.0, Avg: 0.1, Max: 0.1, Diff: 0.1, Sum: 0.7]
         [Termination Attempts: Min: 1, Avg: 644.3, Max: 859, Diff: 858, Sum: 5154]
      [GC Worker Other (ms): Min: 0.0, Avg: 0.0, Max: 0.0, Diff: 0.0, Sum: 0.2]
      [GC Worker Total (ms): Min: 67.2, Avg: 67.3, Max: 67.4, Diff: 0.2, Sum: 538.7]
      [GC Worker End (ms): Min: 75133.2, Avg: 75133.2, Max: 75133.3, Diff: 0.0]
   [Code Root Fixup: 0.0 ms]
   [Code Root Purge: 0.0 ms]
   [Clear CT: 0.2 ms]
   [Other: 1.0 ms]
      [Choose CSet: 0.0 ms]
      [Ref Proc: 0.2 ms]
      [Ref Enq: 0.0 ms]
      [Redirty Cards: 0.2 ms]
      [Humongous Register: 0.1 ms]
      [Humongous Reclaim: 0.0 ms]
      [Free CSet: 0.1 ms]
   [Eden: 6144.0K(239.0M)->0.0B(238.0M) Survivors: 36.0M->8192.0K Heap: 1175.9M(2048.0M)->1179.4M(2048.0M)]
 [Times: user=0.39 sys=0.00, real=0.07 secs] 
2020-09-29T12:00:12.903+0200: 75.134: [GC concurrent-root-region-scan-start]
2020-09-29T12:00:12.905+0200: 75.136: [GC concurrent-root-region-scan-end, 0.0017645 secs]
2020-09-29T12:00:12.905+0200: 75.136: [GC concurrent-mark-start]
2020-09-29T12:00:12.909+0200: 75.140: [GC concurrent-mark-end, 0.0039921 secs]
2020-09-29T12:00:12.909+0200: 75.141: [GC remark 2020-09-29T12:00:12.909+0200: 75.141: [Finalize Marking, 0.0003298 secs] 2020-09-29T12:00:12.910+0200: 75.141: [GC ref-proc, 0.0004250 secs] 2020-09-29T12:00:12.910+0200: 75.141: [Unloading, 0.0006137 secs], 0.0018501 secs]
 [Times: user=0.09 sys=0.00, real=0.00 secs] 
2020-09-29T12:00:12.912+0200: 75.143: [GC cleanup 1192M->26M(2048M), 0.0019701 secs]
 [Times: user=0.00 sys=0.00, real=0.00 secs] 
2020-09-29T12:00:12.914+0200: 75.145: [GC concurrent-cleanup-start]
2020-09-29T12:00:12.917+0200: 75.148: [GC concurrent-cleanup-end, 0.0030383 secs]
2020-09-29T12:00:13.060+0200: 75.291: [GC pause (G1 Evacuation Pause) (young), 0.2151811 secs]
   [Parallel Time: 213.6 ms, GC Workers: 8]
      [GC Worker Start (ms): Min: 75291.2, Avg: 75295.0, Max: 75319.6, Diff: 28.4]
      [Ext Root Scanning (ms): Min: 0.0, Avg: 0.1, Max: 0.2, Diff: 0.2, Sum: 0.7]
      [Update RS (ms): Min: 0.0, Avg: 17.7, Max: 23.8, Diff: 23.8, Sum: 141.9]
         [Processed Buffers: Min: 0, Avg: 15.5, Max: 19, Diff: 19, Sum: 124]
      [Scan RS (ms): Min: 7.7, Avg: 14.7, Max: 17.5, Diff: 9.8, Sum: 117.6]
      [Code Root Scanning (ms): Min: 0.0, Avg: 0.0, Max: 0.0, Diff: 0.0, Sum: 0.0]
      [Object Copy (ms): Min: 169.3, Avg: 175.8, Max: 177.4, Diff: 8.1, Sum: 1406.2]
      [Termination (ms): Min: 0.0, Avg: 1.3, Max: 7.2, Diff: 7.2, Sum: 10.3]
         [Termination Attempts: Min: 1, Avg: 2084.1, Max: 2705, Diff: 2704, Sum: 16673]
      [GC Worker Other (ms): Min: 0.0, Avg: 0.1, Max: 0.1, Diff: 0.1, Sum: 0.5]
      [GC Worker Total (ms): Min: 185.1, Avg: 209.7, Max: 213.4, Diff: 28.4, Sum: 1677.3]
      [GC Worker End (ms): Min: 75504.6, Avg: 75504.7, Max: 75504.7, Diff: 0.1]
   [Code Root Fixup: 0.0 ms]
   [Code Root Purge: 0.0 ms]
   [Clear CT: 0.4 ms]
   [Other: 1.2 ms]
      [Choose CSet: 0.0 ms]
      [Ref Proc: 0.3 ms]
      [Ref Enq: 0.0 ms]
      [Redirty Cards: 0.3 ms]
      [Humongous Register: 0.0 ms]
      [Humongous Reclaim: 0.0 ms]
      [Free CSet: 0.2 ms]
   [Eden: 238.0M(238.0M)->0.0B(192.0M) Survivors: 8192.0K->31.0M Heap: 292.1M(2048.0M)->285.6M(2048.0M)]
 [Times: user=1.42 sys=0.00, real=0.22 secs] 
2020-09-29T12:00:13.397+0200: 75.629: [GC pause (G1 Evacuation Pause) (young), 0.1705116 secs]
   [Parallel Time: 169.3 ms, GC Workers: 8]
      [GC Worker Start (ms): Min: 75628.8, Avg: 75631.9, Max: 75653.3, Diff: 24.5]
      [Ext Root Scanning (ms): Min: 0.0, Avg: 0.1, Max: 0.2, Diff: 0.2, Sum: 0.6]
      [Update RS (ms): Min: 0.0, Avg: 16.2, Max: 18.7, Diff: 18.7, Sum: 129.4]
         [Processed Buffers: Min: 0, Avg: 15.3, Max: 20, Diff: 20, Sum: 122]
      [Scan RS (ms): Min: 7.5, Avg: 12.4, Max: 13.7, Diff: 6.2, Sum: 99.3]
      [Code Root Scanning (ms): Min: 0.0, Avg: 0.0, Max: 0.0, Diff: 0.0, Sum: 0.0]
      [Object Copy (ms): Min: 135.3, Avg: 136.8, Max: 137.4, Diff: 2.2, Sum: 1094.7]
      [Termination (ms): Min: 0.0, Avg: 0.5, Max: 2.1, Diff: 2.1, Sum: 3.9]
         [Termination Attempts: Min: 1, Avg: 1929.5, Max: 2372, Diff: 2371, Sum: 15436]
      [GC Worker Other (ms): Min: 0.0, Avg: 0.1, Max: 0.1, Diff: 0.0, Sum: 0.4]
      [GC Worker Total (ms): Min: 144.7, Avg: 166.1, Max: 169.2, Diff: 24.5, Sum: 1328.5]
      [GC Worker End (ms): Min: 75798.0, Avg: 75798.0, Max: 75798.0, Diff: 0.0]
   [Code Root Fixup: 0.0 ms]
   [Code Root Purge: 0.0 ms]
   [Clear CT: 0.3 ms]
   [Other: 0.9 ms]
      [Choose CSet: 0.0 ms]
      [Ref Proc: 0.2 ms]
      [Ref Enq: 0.0 ms]
      [Redirty Cards: 0.2 ms]
      [Humongous Register: 0.1 ms]
      [Humongous Reclaim: 0.0 ms]
      [Free CSet: 0.2 ms]
   [Eden: 192.0M(192.0M)->0.0B(197.0M) Survivors: 31.0M->28.0M Heap: 510.0M(2048.0M)->512.0M(2048.0M)]
 [Times: user=1.25 sys=0.00, real=0.17 secs] 
2020-09-29T12:00:13.695+0200: 75.926: [GC pause (G1 Evacuation Pause) (young), 0.1255073 secs]
   [Parallel Time: 124.4 ms, GC Workers: 8]
      [GC Worker Start (ms): Min: 75926.0, Avg: 75926.4, Max: 75928.4, Diff: 2.4]
      [Ext Root Scanning (ms): Min: 0.0, Avg: 0.1, Max: 0.2, Diff: 0.2, Sum: 0.6]
      [Update RS (ms): Min: 16.3, Avg: 18.0, Max: 18.6, Diff: 2.2, Sum: 144.1]
         [Processed Buffers: Min: 13, Avg: 16.9, Max: 20, Diff: 7, Sum: 135]
      [Scan RS (ms): Min: 8.4, Avg: 8.7, Max: 9.1, Diff: 0.7, Sum: 69.8]
      [Code Root Scanning (ms): Min: 0.0, Avg: 0.0, Max: 0.0, Diff: 0.0, Sum: 0.0]
      [Object Copy (ms): Min: 96.9, Avg: 97.0, Max: 97.1, Diff: 0.2, Sum: 776.1]
      [Termination (ms): Min: 0.0, Avg: 0.2, Max: 0.3, Diff: 0.3, Sum: 1.2]
         [Termination Attempts: Min: 1, Avg: 864.9, Max: 1290, Diff: 1289, Sum: 6919]
      [GC Worker Other (ms): Min: 0.0, Avg: 0.0, Max: 0.0, Diff: 0.0, Sum: 0.1]
      [GC Worker Total (ms): Min: 121.9, Avg: 124.0, Max: 124.4, Diff: 2.4, Sum: 991.9]
      [GC Worker End (ms): Min: 76050.4, Avg: 76050.4, Max: 76050.4, Diff: 0.0]
   [Code Root Fixup: 0.0 ms]
   [Code Root Purge: 0.0 ms]
   [Clear CT: 0.2 ms]
   [Other: 0.9 ms]
      [Choose CSet: 0.0 ms]
      [Ref Proc: 0.2 ms]
      [Ref Enq: 0.0 ms]
      [Redirty Cards: 0.2 ms]
      [Humongous Register: 0.1 ms]
      [Humongous Reclaim: 0.0 ms]
      [Free CSet: 0.2 ms]
   [Eden: 197.0M(197.0M)->0.0B(220.0M) Survivors: 28.0M->29.0M Heap: 741.4M(2048.0M)->743.9M(2048.0M)]
 [Times: user=0.97 sys=0.00, real=0.13 secs] 
2020-09-29T12:00:13.951+0200: 76.183: [GC pause (G1 Evacuation Pause) (young), 0.1565311 secs]
   [Parallel Time: 155.2 ms, GC Workers: 8]
      [GC Worker Start (ms): Min: 76182.8, Avg: 76182.9, Max: 76183.1, Diff: 0.4]
      [Ext Root Scanning (ms): Min: 0.0, Avg: 0.1, Max: 0.2, Diff: 0.2, Sum: 0.7]
      [Update RS (ms): Min: 18.4, Avg: 18.9, Max: 20.5, Diff: 2.1, Sum: 151.3]
         [Processed Buffers: Min: 11, Avg: 18.5, Max: 23, Diff: 12, Sum: 148]
      [Scan RS (ms): Min: 9.8, Avg: 11.4, Max: 11.8, Diff: 2.0, Sum: 91.2]
      [Code Root Scanning (ms): Min: 0.0, Avg: 0.0, Max: 0.0, Diff: 0.0, Sum: 0.0]
      [Object Copy (ms): Min: 124.1, Avg: 124.3, Max: 124.6, Diff: 0.5, Sum: 994.0]
      [Termination (ms): Min: 0.0, Avg: 0.3, Max: 0.5, Diff: 0.5, Sum: 2.5]
         [Termination Attempts: Min: 1, Avg: 1682.6, Max: 2260, Diff: 2259, Sum: 13461]
      [GC Worker Other (ms): Min: 0.0, Avg: 0.0, Max: 0.1, Diff: 0.0, Sum: 0.2]
      [GC Worker Total (ms): Min: 154.7, Avg: 155.0, Max: 155.1, Diff: 0.4, Sum: 1240.0]
      [GC Worker End (ms): Min: 76337.9, Avg: 76337.9, Max: 76337.9, Diff: 0.0]
   [Code Root Fixup: 0.0 ms]
   [Code Root Purge: 0.0 ms]
   [Clear CT: 0.2 ms]
   [Other: 1.1 ms]
      [Choose CSet: 0.0 ms]
      [Ref Proc: 0.2 ms]
      [Ref Enq: 0.0 ms]
      [Redirty Cards: 0.3 ms]
      [Humongous Register: 0.0 ms]
      [Humongous Reclaim: 0.0 ms]
      [Free CSet: 0.3 ms]
   [Eden: 220.0M(220.0M)->0.0B(229.0M) Survivors: 29.0M->32.0M Heap: 1002.1M(2048.0M)->1003.1M(2048.0M)]
 [Times: user=1.19 sys=0.00, real=0.16 secs] 
2020-09-29T12:00:14.116+0200: 76.348: [GC pause (G1 Humongous Allocation) (young) (initial-mark), 0.0623094 secs]
   [Parallel Time: 61.5 ms, GC Workers: 8]
      [GC Worker Start (ms): Min: 76348.2, Avg: 76348.2, Max: 76348.3, Diff: 0.2]
      [Ext Root Scanning (ms): Min: 0.0, Avg: 0.3, Max: 1.1, Diff: 1.1, Sum: 2.3]
      [Update RS (ms): Min: 33.4, Avg: 34.5, Max: 35.2, Diff: 1.8, Sum: 275.7]
         [Processed Buffers: Min: 33, Avg: 34.8, Max: 37, Diff: 4, Sum: 278]
      [Scan RS (ms): Min: 2.1, Avg: 3.2, Max: 7.1, Diff: 5.0, Sum: 26.0]
      [Code Root Scanning (ms): Min: 0.0, Avg: 0.0, Max: 0.0, Diff: 0.0, Sum: 0.0]
      [Object Copy (ms): Min: 18.7, Avg: 23.2, Max: 23.9, Diff: 5.3, Sum: 185.5]
      [Termination (ms): Min: 0.0, Avg: 0.1, Max: 0.1, Diff: 0.1, Sum: 0.5]
         [Termination Attempts: Min: 1, Avg: 474.1, Max: 622, Diff: 621, Sum: 3793]
      [GC Worker Other (ms): Min: 0.0, Avg: 0.0, Max: 0.0, Diff: 0.0, Sum: 0.2]
      [GC Worker Total (ms): Min: 61.2, Avg: 61.3, Max: 61.3, Diff: 0.2, Sum: 490.1]
      [GC Worker End (ms): Min: 76409.5, Avg: 76409.5, Max: 76409.5, Diff: 0.0]
   [Code Root Fixup: 0.0 ms]
   [Code Root Purge: 0.0 ms]
   [Clear CT: 0.1 ms]
   [Other: 0.7 ms]
      [Choose CSet: 0.0 ms]
      [Ref Proc: 0.2 ms]
      [Ref Enq: 0.0 ms]
      [Redirty Cards: 0.2 ms]
      [Humongous Register: 0.0 ms]
      [Humongous Reclaim: 0.0 ms]
      [Free CSet: 0.1 ms]
   [Eden: 12.0M(229.0M)->0.0B(249.0M) Survivors: 32.0M->13.0M Heap: 1014.6M(2048.0M)->1018.6M(2048.0M)]
 [Times: user=0.44 sys=0.00, real=0.06 secs] 
2020-09-29T12:00:14.179+0200: 76.410: [GC concurrent-root-region-scan-start]
2020-09-29T12:00:14.182+0200: 76.414: [GC concurrent-root-region-scan-end, 0.0035825 secs]
2020-09-29T12:00:14.182+0200: 76.414: [GC concurrent-mark-start]
2020-09-29T12:00:14.185+0200: 76.417: [GC concurrent-mark-end, 0.0025247 secs]
2020-09-29T12:00:14.185+0200: 76.417: [GC remark 2020-09-29T12:00:14.185+0200: 76.417: [Finalize Marking, 0.0002410 secs] 2020-09-29T12:00:14.185+0200: 76.417: [GC ref-proc, 0.0003058 secs] 2020-09-29T12:00:14.186+0200: 76.417: [Unloading, 0.0004899 secs], 0.0014166 secs]
 [Times: user=0.00 sys=0.00, real=0.00 secs] 
2020-09-29T12:00:14.187+0200: 76.418: [GC cleanup 1033M->34M(2048M), 0.0014178 secs]
 [Times: user=0.00 sys=0.00, real=0.00 secs] 
2020-09-29T12:00:14.188+0200: 76.420: [GC concurrent-cleanup-start]
2020-09-29T12:00:14.190+0200: 76.421: [GC concurrent-cleanup-end, 0.0014982 secs]
2020-09-29T12:00:14.332+0200: 76.564: [GC pause (G1 Evacuation Pause) (young), 0.1639068 secs]
   [Parallel Time: 162.8 ms, GC Workers: 8]
      [GC Worker Start (ms): Min: 76563.9, Avg: 76564.0, Max: 76564.1, Diff: 0.2]
      [Ext Root Scanning (ms): Min: 0.0, Avg: 0.1, Max: 0.2, Diff: 0.2, Sum: 0.5]
      [Update RS (ms): Min: 23.1, Avg: 23.5, Max: 24.2, Diff: 1.0, Sum: 188.2]
         [Processed Buffers: Min: 16, Avg: 20.9, Max: 23, Diff: 7, Sum: 167]
      [Scan RS (ms): Min: 10.4, Avg: 11.1, Max: 11.8, Diff: 1.4, Sum: 88.5]
      [Code Root Scanning (ms): Min: 0.0, Avg: 0.0, Max: 0.0, Diff: 0.0, Sum: 0.0]
      [Object Copy (ms): Min: 127.5, Avg: 127.9, Max: 128.0, Diff: 0.5, Sum: 1023.2]
      [Termination (ms): Min: 0.0, Avg: 0.0, Max: 0.0, Diff: 0.0, Sum: 0.1]
         [Termination Attempts: Min: 1, Avg: 90.0, Max: 131, Diff: 130, Sum: 720]
      [GC Worker Other (ms): Min: 0.0, Avg: 0.0, Max: 0.1, Diff: 0.0, Sum: 0.3]
      [GC Worker Total (ms): Min: 162.5, Avg: 162.6, Max: 162.7, Diff: 0.2, Sum: 1300.8]
      [GC Worker End (ms): Min: 76726.6, Avg: 76726.6, Max: 76726.7, Diff: 0.0]
   [Code Root Fixup: 0.0 ms]
   [Code Root Purge: 0.0 ms]
   [Clear CT: 0.2 ms]
   [Other: 0.9 ms]
      [Choose CSet: 0.0 ms]
      [Ref Proc: 0.2 ms]
      [Ref Enq: 0.0 ms]
      [Redirty Cards: 0.3 ms]
      [Humongous Register: 0.0 ms]
      [Humongous Reclaim: 0.0 ms]
      [Free CSet: 0.2 ms]
   [Eden: 249.0M(249.0M)->0.0B(239.0M) Survivors: 13.0M->33.0M Heap: 310.0M(2048.0M)->299.0M(2048.0M)]
 [Times: user=1.13 sys=0.00, real=0.16 secs] 
2020-09-29T12:00:14.639+0200: 76.871: [GC pause (G1 Evacuation Pause) (young), 0.1636853 secs]
   [Parallel Time: 162.8 ms, GC Workers: 8]
      [GC Worker Start (ms): Min: 76871.2, Avg: 76871.3, Max: 76871.4, Diff: 0.1]
      [Ext Root Scanning (ms): Min: 0.0, Avg: 0.1, Max: 0.2, Diff: 0.1, Sum: 0.8]
      [Update RS (ms): Min: 21.7, Avg: 21.9, Max: 22.4, Diff: 0.6, Sum: 175.6]
         [Processed Buffers: Min: 17, Avg: 19.4, Max: 21, Diff: 4, Sum: 155]
      [Scan RS (ms): Min: 12.3, Avg: 12.7, Max: 13.0, Diff: 0.7, Sum: 101.8]
      [Code Root Scanning (ms): Min: 0.0, Avg: 0.0, Max: 0.0, Diff: 0.0, Sum: 0.0]
      [Object Copy (ms): Min: 127.5, Avg: 127.5, Max: 127.8, Diff: 0.3, Sum: 1020.2]
      [Termination (ms): Min: 0.0, Avg: 0.3, Max: 0.3, Diff: 0.3, Sum: 2.2]
         [Termination Attempts: Min: 1, Avg: 1957.3, Max: 2393, Diff: 2392, Sum: 15658]
      [GC Worker Other (ms): Min: 0.0, Avg: 0.0, Max: 0.1, Diff: 0.0, Sum: 0.3]
      [GC Worker Total (ms): Min: 162.5, Avg: 162.6, Max: 162.7, Diff: 0.2, Sum: 1300.9]
      [GC Worker End (ms): Min: 77033.9, Avg: 77033.9, Max: 77033.9, Diff: 0.0]
   [Code Root Fixup: 0.0 ms]
   [Code Root Purge: 0.0 ms]
   [Clear CT: 0.1 ms]
   [Other: 0.8 ms]
      [Choose CSet: 0.0 ms]
      [Ref Proc: 0.2 ms]
      [Ref Enq: 0.0 ms]
      [Redirty Cards: 0.1 ms]
      [Humongous Register: 0.0 ms]
      [Humongous Reclaim: 0.0 ms]
      [Free CSet: 0.2 ms]
   [Eden: 239.0M(239.0M)->0.0B(245.0M) Survivors: 33.0M->34.0M Heap: 578.0M(2048.0M)->579.5M(2048.0M)]
 [Times: user=1.30 sys=0.00, real=0.16 secs] 
2020-09-29T12:00:14.945+0200: 77.177: [GC pause (G1 Evacuation Pause) (young), 0.1502135 secs]
   [Parallel Time: 149.4 ms, GC Workers: 8]
      [GC Worker Start (ms): Min: 77176.7, Avg: 77176.8, Max: 77176.9, Diff: 0.2]
      [Ext Root Scanning (ms): Min: 0.0, Avg: 0.1, Max: 0.2, Diff: 0.2, Sum: 0.4]
      [Update RS (ms): Min: 15.4, Avg: 15.6, Max: 16.0, Diff: 0.6, Sum: 125.1]
         [Processed Buffers: Min: 13, Avg: 16.6, Max: 20, Diff: 7, Sum: 133]
      [Scan RS (ms): Min: 13.3, Avg: 13.6, Max: 13.8, Diff: 0.6, Sum: 109.0]
      [Code Root Scanning (ms): Min: 0.0, Avg: 0.0, Max: 0.0, Diff: 0.0, Sum: 0.0]
      [Object Copy (ms): Min: 119.5, Avg: 119.6, Max: 119.9, Diff: 0.3, Sum: 956.9]
      [Termination (ms): Min: 0.0, Avg: 0.2, Max: 0.2, Diff: 0.2, Sum: 1.6]
         [Termination Attempts: Min: 1, Avg: 1392.0, Max: 1802, Diff: 1801, Sum: 11136]
      [GC Worker Other (ms): Min: 0.0, Avg: 0.0, Max: 0.1, Diff: 0.0, Sum: 0.3]
      [GC Worker Total (ms): Min: 149.1, Avg: 149.2, Max: 149.3, Diff: 0.2, Sum: 1193.3]
      [GC Worker End (ms): Min: 77325.9, Avg: 77325.9, Max: 77326.0, Diff: 0.0]
   [Code Root Fixup: 0.0 ms]
   [Code Root Purge: 0.0 ms]
   [Clear CT: 0.2 ms]
   [Other: 0.7 ms]
      [Choose CSet: 0.0 ms]
      [Ref Proc: 0.1 ms]
      [Ref Enq: 0.0 ms]
      [Redirty Cards: 0.2 ms]
      [Humongous Register: 0.0 ms]
      [Humongous Reclaim: 0.0 ms]
      [Free CSet: 0.1 ms]
   [Eden: 245.0M(245.0M)->0.0B(257.0M) Survivors: 34.0M->35.0M Heap: 866.5M(2048.0M)->869.0M(2048.0M)]
 [Times: user=1.08 sys=0.00, real=0.15 secs] 
2020-09-29T12:00:15.257+0200: 77.488: [GC pause (G1 Evacuation Pause) (young), 0.1665972 secs]
   [Parallel Time: 165.3 ms, GC Workers: 8]
      [GC Worker Start (ms): Min: 77488.5, Avg: 77488.6, Max: 77488.7, Diff: 0.2]
      [Ext Root Scanning (ms): Min: 0.0, Avg: 0.1, Max: 0.2, Diff: 0.2, Sum: 0.5]
      [Update RS (ms): Min: 19.0, Avg: 19.4, Max: 20.0, Diff: 1.0, Sum: 155.1]
         [Processed Buffers: Min: 11, Avg: 16.3, Max: 20, Diff: 9, Sum: 130]
      [Scan RS (ms): Min: 17.2, Avg: 17.9, Max: 18.3, Diff: 1.1, Sum: 142.9]
      [Code Root Scanning (ms): Min: 0.0, Avg: 0.0, Max: 0.0, Diff: 0.0, Sum: 0.0]
      [Object Copy (ms): Min: 127.5, Avg: 127.6, Max: 127.7, Diff: 0.1, Sum: 1021.0]
      [Termination (ms): Min: 0.0, Avg: 0.1, Max: 0.1, Diff: 0.1, Sum: 0.9]
         [Termination Attempts: Min: 1, Avg: 684.1, Max: 852, Diff: 851, Sum: 5473]
      [GC Worker Other (ms): Min: 0.0, Avg: 0.0, Max: 0.1, Diff: 0.1, Sum: 0.3]
      [GC Worker Total (ms): Min: 165.0, Avg: 165.1, Max: 165.2, Diff: 0.2, Sum: 1320.7]
      [GC Worker End (ms): Min: 77653.7, Avg: 77653.7, Max: 77653.7, Diff: 0.1]
   [Code Root Fixup: 0.0 ms]
   [Code Root Purge: 0.0 ms]
   [Clear CT: 0.2 ms]
   [Other: 1.0 ms]
      [Choose CSet: 0.0 ms]
      [Ref Proc: 0.1 ms]
      [Ref Enq: 0.0 ms]
      [Redirty Cards: 0.5 ms]
      [Humongous Register: 0.0 ms]
      [Humongous Reclaim: 0.0 ms]
      [Free CSet: 0.2 ms]
   [Eden: 257.0M(257.0M)->0.0B(259.0M) Survivors: 35.0M->37.0M Heap: 1167.9M(2048.0M)->1169.4M(2048.0M)]
 [Times: user=1.22 sys=0.00, real=0.17 secs] 
2020-09-29T12:00:15.441+0200: 77.673: [GC pause (G1 Humongous Allocation) (young) (initial-mark), 0.0455430 secs]
   [Parallel Time: 44.5 ms, GC Workers: 8]
      [GC Worker Start (ms): Min: 77672.9, Avg: 77673.0, Max: 77673.1, Diff: 0.2]
      [Ext Root Scanning (ms): Min: 0.0, Avg: 0.7, Max: 4.2, Diff: 4.2, Sum: 5.4]
      [Update RS (ms): Min: 20.1, Avg: 23.5, Max: 24.4, Diff: 4.2, Sum: 188.3]
         [Processed Buffers: Min: 12, Avg: 25.9, Max: 30, Diff: 18, Sum: 207]
      [Scan RS (ms): Min: 2.0, Avg: 2.3, Max: 2.6, Diff: 0.6, Sum: 18.7]
      [Code Root Scanning (ms): Min: 0.0, Avg: 0.0, Max: 0.0, Diff: 0.0, Sum: 0.0]
      [Object Copy (ms): Min: 17.4, Avg: 17.7, Max: 17.8, Diff: 0.4, Sum: 141.6]
      [Termination (ms): Min: 0.0, Avg: 0.0, Max: 0.0, Diff: 0.0, Sum: 0.0]
         [Termination Attempts: Min: 1, Avg: 13.3, Max: 18, Diff: 17, Sum: 106]
      [GC Worker Other (ms): Min: 0.0, Avg: 0.0, Max: 0.0, Diff: 0.0, Sum: 0.2]
      [GC Worker Total (ms): Min: 44.2, Avg: 44.3, Max: 44.3, Diff: 0.1, Sum: 354.3]
      [GC Worker End (ms): Min: 77717.3, Avg: 77717.3, Max: 77717.3, Diff: 0.0]
   [Code Root Fixup: 0.0 ms]
   [Code Root Purge: 0.0 ms]
   [Clear CT: 0.2 ms]
   [Other: 0.9 ms]
      [Choose CSet: 0.0 ms]
      [Ref Proc: 0.1 ms]
      [Ref Enq: 0.0 ms]
      [Redirty Cards: 0.4 ms]
      [Humongous Register: 0.0 ms]
      [Humongous Reclaim: 0.0 ms]
      [Free CSet: 0.1 ms]
   [Eden: 6144.0K(259.0M)->0.0B(313.0M) Survivors: 37.0M->8192.0K Heap: 1175.4M(2048.0M)->1178.4M(2048.0M)]
 [Times: user=0.36 sys=0.00, real=0.05 secs] 
2020-09-29T12:00:15.487+0200: 77.718: [GC concurrent-root-region-scan-start]
2020-09-29T12:00:15.490+0200: 77.722: [GC concurrent-root-region-scan-end, 0.0031192 secs]
2020-09-29T12:00:15.490+0200: 77.722: [GC concurrent-mark-start]
2020-09-29T12:00:15.494+0200: 77.726: [GC concurrent-mark-end, 0.0043210 secs]
2020-09-29T12:00:15.495+0200: 77.726: [GC remark 2020-09-29T12:00:15.495+0200: 77.726: [Finalize Marking, 0.0001677 secs] 2020-09-29T12:00:15.495+0200: 77.726: [GC ref-proc, 0.0003186 secs] 2020-09-29T12:00:15.495+0200: 77.727: [Unloading, 0.0004545 secs], 0.0012588 secs]
 [Times: user=0.00 sys=0.00, real=0.00 secs] 
2020-09-29T12:00:15.496+0200: 77.728: [GC cleanup 1188M->23M(2048M), 0.0011867 secs]
 [Times: user=0.00 sys=0.00, real=0.00 secs] 
2020-09-29T12:00:15.498+0200: 77.729: [GC concurrent-cleanup-start]
2020-09-29T12:00:15.500+0200: 77.731: [GC concurrent-cleanup-end, 0.0021752 secs]
2020-09-29T12:00:15.695+0200: 77.927: [GC pause (G1 Evacuation Pause) (young), 0.1912225 secs]
   [Parallel Time: 190.1 ms, GC Workers: 8]
      [GC Worker Start (ms): Min: 77926.9, Avg: 77927.0, Max: 77927.0, Diff: 0.1]
      [Ext Root Scanning (ms): Min: 0.0, Avg: 0.1, Max: 0.1, Diff: 0.1, Sum: 0.7]
      [Update RS (ms): Min: 15.5, Avg: 17.3, Max: 29.1, Diff: 13.6, Sum: 138.3]
         [Processed Buffers: Min: 0, Avg: 15.0, Max: 20, Diff: 20, Sum: 120]
      [Scan RS (ms): Min: 6.9, Avg: 18.9, Max: 21.8, Diff: 14.9, Sum: 151.1]
      [Code Root Scanning (ms): Min: 0.0, Avg: 0.0, Max: 0.0, Diff: 0.0, Sum: 0.0]
      [Object Copy (ms): Min: 152.0, Avg: 153.5, Max: 153.8, Diff: 1.8, Sum: 1228.1]
      [Termination (ms): Min: 0.0, Avg: 0.1, Max: 0.1, Diff: 0.1, Sum: 0.7]
         [Termination Attempts: Min: 1, Avg: 657.8, Max: 921, Diff: 920, Sum: 5262]
      [GC Worker Other (ms): Min: 0.0, Avg: 0.0, Max: 0.1, Diff: 0.1, Sum: 0.3]
      [GC Worker Total (ms): Min: 189.8, Avg: 189.9, Max: 190.0, Diff: 0.1, Sum: 1519.3]
      [GC Worker End (ms): Min: 78116.8, Avg: 78116.9, Max: 78116.9, Diff: 0.1]
   [Code Root Fixup: 0.0 ms]
   [Code Root Purge: 0.0 ms]
   [Clear CT: 0.2 ms]
   [Other: 1.0 ms]
      [Choose CSet: 0.0 ms]
      [Ref Proc: 0.1 ms]
      [Ref Enq: 0.0 ms]
      [Redirty Cards: 0.2 ms]
      [Humongous Register: 0.0 ms]
      [Humongous Reclaim: 0.0 ms]
      [Free CSet: 0.3 ms]
   [Eden: 313.0M(313.0M)->0.0B(267.0M) Survivors: 8192.0K->41.0M Heap: 379.9M(2048.0M)->375.4M(2048.0M)]
 [Times: user=1.41 sys=0.00, real=0.19 secs] 
2020-09-29T12:00:16.080+0200: 78.312: [GC pause (G1 Evacuation Pause) (young), 0.2306614 secs]
   [Parallel Time: 229.4 ms, GC Workers: 8]
      [GC Worker Start (ms): Min: 78312.2, Avg: 78312.3, Max: 78312.4, Diff: 0.2]
      [Ext Root Scanning (ms): Min: 0.0, Avg: 0.1, Max: 0.2, Diff: 0.2, Sum: 0.9]
      [Update RS (ms): Min: 22.2, Avg: 23.0, Max: 26.5, Diff: 4.3, Sum: 184.2]
         [Processed Buffers: Min: 2, Avg: 17.0, Max: 22, Diff: 20, Sum: 136]
      [Scan RS (ms): Min: 15.9, Avg: 19.4, Max: 20.3, Diff: 4.4, Sum: 155.4]
      [Code Root Scanning (ms): Min: 0.0, Avg: 0.0, Max: 0.0, Diff: 0.0, Sum: 0.0]
      [Object Copy (ms): Min: 186.2, Avg: 186.4, Max: 186.6, Diff: 0.4, Sum: 1491.5]
      [Termination (ms): Min: 0.0, Avg: 0.2, Max: 0.3, Diff: 0.3, Sum: 1.6]
         [Termination Attempts: Min: 1, Avg: 889.3, Max: 1276, Diff: 1275, Sum: 7114]
      [GC Worker Other (ms): Min: 0.0, Avg: 0.0, Max: 0.0, Diff: 0.0, Sum: 0.1]
      [GC Worker Total (ms): Min: 229.1, Avg: 229.2, Max: 229.3, Diff: 0.1, Sum: 1833.7]
      [GC Worker End (ms): Min: 78541.5, Avg: 78541.5, Max: 78541.6, Diff: 0.1]
   [Code Root Fixup: 0.0 ms]
   [Code Root Purge: 0.0 ms]
   [Clear CT: 0.2 ms]
   [Other: 1.1 ms]
      [Choose CSet: 0.0 ms]
      [Ref Proc: 0.2 ms]
      [Ref Enq: 0.0 ms]
      [Redirty Cards: 0.3 ms]
      [Humongous Register: 0.1 ms]
      [Humongous Reclaim: 0.0 ms]
      [Free CSet: 0.3 ms]
   [Eden: 267.0M(267.0M)->0.0B(224.0M) Survivors: 41.0M->39.0M Heap: 686.3M(2048.0M)->687.8M(2048.0M)]
 [Times: user=1.58 sys=0.00, real=0.23 secs] 
2020-09-29T12:00:16.527+0200: 78.759: [GC pause (G1 Evacuation Pause) (young), 0.1494620 secs]
   [Parallel Time: 148.3 ms, GC Workers: 8]
      [GC Worker Start (ms): Min: 78758.8, Avg: 78758.9, Max: 78759.0, Diff: 0.2]
      [Ext Root Scanning (ms): Min: 0.0, Avg: 0.1, Max: 0.2, Diff: 0.2, Sum: 0.7]
      [Update RS (ms): Min: 15.0, Avg: 15.1, Max: 15.5, Diff: 0.5, Sum: 120.8]
         [Processed Buffers: Min: 14, Avg: 15.4, Max: 18, Diff: 4, Sum: 123]
      [Scan RS (ms): Min: 11.5, Avg: 11.9, Max: 12.0, Diff: 0.5, Sum: 95.1]
      [Code Root Scanning (ms): Min: 0.0, Avg: 0.0, Max: 0.0, Diff: 0.0, Sum: 0.0]
      [Object Copy (ms): Min: 120.8, Avg: 120.9, Max: 121.0, Diff: 0.2, Sum: 967.3]
      [Termination (ms): Min: 0.0, Avg: 0.1, Max: 0.2, Diff: 0.2, Sum: 1.1]
         [Termination Attempts: Min: 1, Avg: 680.4, Max: 961, Diff: 960, Sum: 5443]
      [GC Worker Other (ms): Min: 0.0, Avg: 0.0, Max: 0.0, Diff: 0.0, Sum: 0.1]
      [GC Worker Total (ms): Min: 148.0, Avg: 148.1, Max: 148.2, Diff: 0.2, Sum: 1185.1]
      [GC Worker End (ms): Min: 78907.0, Avg: 78907.1, Max: 78907.1, Diff: 0.0]
   [Code Root Fixup: 0.0 ms]
   [Code Root Purge: 0.0 ms]
   [Clear CT: 0.2 ms]
   [Other: 1.0 ms]
      [Choose CSet: 0.0 ms]
      [Ref Proc: 0.2 ms]
      [Ref Enq: 0.0 ms]
      [Redirty Cards: 0.2 ms]
      [Humongous Register: 0.0 ms]
      [Humongous Reclaim: 0.0 ms]
      [Free CSet: 0.3 ms]
   [Eden: 224.0M(224.0M)->0.0B(245.0M) Survivors: 39.0M->33.0M Heap: 949.9M(2048.0M)->951.9M(2048.0M)]
 [Times: user=1.17 sys=0.02, real=0.15 secs] 
2020-09-29T12:00:16.689+0200: 78.920: [GC pause (G1 Humongous Allocation) (young) (initial-mark), 0.0493839 secs]
   [Parallel Time: 48.4 ms, GC Workers: 8]
      [GC Worker Start (ms): Min: 78920.5, Avg: 78920.5, Max: 78920.6, Diff: 0.2]
      [Ext Root Scanning (ms): Min: 0.0, Avg: 0.3, Max: 0.7, Diff: 0.7, Sum: 2.1]
      [Update RS (ms): Min: 25.1, Avg: 25.7, Max: 25.9, Diff: 0.8, Sum: 205.3]
         [Processed Buffers: Min: 26, Avg: 29.3, Max: 32, Diff: 6, Sum: 234]
      [Scan RS (ms): Min: 2.3, Avg: 2.4, Max: 2.6, Diff: 0.3, Sum: 19.5]
      [Code Root Scanning (ms): Min: 0.0, Avg: 0.0, Max: 0.0, Diff: 0.0, Sum: 0.0]
      [Object Copy (ms): Min: 19.8, Avg: 19.8, Max: 19.9, Diff: 0.1, Sum: 158.5]
      [Termination (ms): Min: 0.0, Avg: 0.1, Max: 0.1, Diff: 0.1, Sum: 0.5]
         [Termination Attempts: Min: 1, Avg: 423.6, Max: 546, Diff: 545, Sum: 3389]
      [GC Worker Other (ms): Min: 0.0, Avg: 0.0, Max: 0.0, Diff: 0.0, Sum: 0.2]
      [GC Worker Total (ms): Min: 48.1, Avg: 48.3, Max: 48.3, Diff: 0.2, Sum: 386.0]
      [GC Worker End (ms): Min: 78968.8, Avg: 78968.8, Max: 78968.8, Diff: 0.0]
   [Code Root Fixup: 0.0 ms]
   [Code Root Purge: 0.0 ms]
   [Clear CT: 0.2 ms]
   [Other: 0.8 ms]
      [Choose CSet: 0.0 ms]
      [Ref Proc: 0.2 ms]
      [Ref Enq: 0.0 ms]
      [Redirty Cards: 0.2 ms]
      [Humongous Register: 0.1 ms]
      [Humongous Reclaim: 0.0 ms]
      [Free CSet: 0.1 ms]
   [Eden: 9216.0K(245.0M)->0.0B(281.0M) Survivors: 33.0M->11.0M Heap: 960.9M(2048.0M)->964.9M(2048.0M)]
 [Times: user=0.38 sys=0.00, real=0.05 secs] 
2020-09-29T12:00:16.738+0200: 78.970: [GC concurrent-root-region-scan-start]
2020-09-29T12:00:16.742+0200: 78.973: [GC concurrent-root-region-scan-end, 0.0035137 secs]
2020-09-29T12:00:16.742+0200: 78.973: [GC concurrent-mark-start]
2020-09-29T12:00:16.746+0200: 78.977: [GC concurrent-mark-end, 0.0035244 secs]
2020-09-29T12:00:16.746+0200: 78.977: [GC remark 2020-09-29T12:00:16.746+0200: 78.977: [Finalize Marking, 0.0002353 secs] 2020-09-29T12:00:16.746+0200: 78.978: [GC ref-proc, 0.0005244 secs] 2020-09-29T12:00:16.747+0200: 78.978: [Unloading, 0.0006366 secs], 0.0018182 secs]
 [Times: user=0.00 sys=0.00, real=0.00 secs] 
2020-09-29T12:00:16.748+0200: 78.979: [GC cleanup 978M->30M(2048M), 0.0015087 secs]
 [Times: user=0.00 sys=0.00, real=0.00 secs] 
2020-09-29T12:00:16.750+0200: 78.981: [GC concurrent-cleanup-start]
2020-09-29T12:00:16.752+0200: 78.983: [GC concurrent-cleanup-end, 0.0022127 secs]
2020-09-29T12:00:17.076+0200: 79.308: [GC pause (G1 Evacuation Pause) (young), 0.1843356 secs]
   [Parallel Time: 181.8 ms, GC Workers: 8]
      [GC Worker Start (ms): Min: 79307.9, Avg: 79308.4, Max: 79309.5, Diff: 1.5]
      [Ext Root Scanning (ms): Min: 0.0, Avg: 0.1, Max: 0.2, Diff: 0.2, Sum: 0.8]
      [Update RS (ms): Min: 16.7, Avg: 17.8, Max: 18.4, Diff: 1.7, Sum: 142.8]
         [Processed Buffers: Min: 13, Avg: 16.6, Max: 19, Diff: 6, Sum: 133]
      [Scan RS (ms): Min: 13.1, Avg: 13.3, Max: 13.5, Diff: 0.4, Sum: 106.6]
      [Code Root Scanning (ms): Min: 0.0, Avg: 0.0, Max: 0.0, Diff: 0.0, Sum: 0.0]
      [Object Copy (ms): Min: 149.8, Avg: 149.9, Max: 149.9, Diff: 0.1, Sum: 1198.8]
      [Termination (ms): Min: 0.0, Avg: 0.1, Max: 0.2, Diff: 0.1, Sum: 1.0]
         [Termination Attempts: Min: 1, Avg: 502.9, Max: 679, Diff: 678, Sum: 4023]
      [GC Worker Other (ms): Min: 0.0, Avg: 0.0, Max: 0.0, Diff: 0.0, Sum: 0.1]
      [GC Worker Total (ms): Min: 180.2, Avg: 181.3, Max: 181.7, Diff: 1.5, Sum: 1450.1]
      [GC Worker End (ms): Min: 79489.6, Avg: 79489.6, Max: 79489.7, Diff: 0.0]
   [Code Root Fixup: 0.0 ms]
   [Code Root Purge: 0.0 ms]
   [Clear CT: 0.2 ms]
   [Other: 2.3 ms]
      [Choose CSet: 0.0 ms]
      [Ref Proc: 0.2 ms]
      [Ref Enq: 0.0 ms]
      [Redirty Cards: 1.5 ms]
      [Humongous Register: 0.1 ms]
      [Humongous Reclaim: 0.0 ms]
      [Free CSet: 0.3 ms]
   [Eden: 281.0M(281.0M)->0.0B(256.0M) Survivors: 11.0M->37.0M Heap: 345.7M(2048.0M)->337.2M(2048.0M)]
 [Times: user=1.30 sys=0.00, real=0.18 secs] 
2020-09-29T12:00:17.490+0200: 79.721: [GC pause (G1 Evacuation Pause) (young), 0.1511346 secs]
   [Parallel Time: 150.0 ms, GC Workers: 8]
      [GC Worker Start (ms): Min: 79721.5, Avg: 79722.0, Max: 79722.6, Diff: 1.1]
      [Ext Root Scanning (ms): Min: 0.0, Avg: 0.1, Max: 0.1, Diff: 0.1, Sum: 0.5]
      [Update RS (ms): Min: 16.7, Avg: 17.3, Max: 17.7, Diff: 1.0, Sum: 138.4]
         [Processed Buffers: Min: 16, Avg: 17.3, Max: 21, Diff: 5, Sum: 138]
      [Scan RS (ms): Min: 12.5, Avg: 12.8, Max: 13.1, Diff: 0.6, Sum: 102.6]
      [Code Root Scanning (ms): Min: 0.0, Avg: 0.0, Max: 0.0, Diff: 0.0, Sum: 0.0]
      [Object Copy (ms): Min: 118.9, Avg: 119.1, Max: 119.2, Diff: 0.4, Sum: 953.0]
      [Termination (ms): Min: 0.0, Avg: 0.0, Max: 0.0, Diff: 0.0, Sum: 0.2]
         [Termination Attempts: Min: 1, Avg: 205.9, Max: 258, Diff: 257, Sum: 1647]
      [GC Worker Other (ms): Min: 0.0, Avg: 0.0, Max: 0.1, Diff: 0.1, Sum: 0.3]
      [GC Worker Total (ms): Min: 148.8, Avg: 149.4, Max: 149.9, Diff: 1.1, Sum: 1195.2]
      [GC Worker End (ms): Min: 79871.4, Avg: 79871.4, Max: 79871.4, Diff: 0.1]
   [Code Root Fixup: 0.0 ms]
   [Code Root Purge: 0.0 ms]
   [Clear CT: 0.2 ms]
   [Other: 1.0 ms]
      [Choose CSet: 0.0 ms]
      [Ref Proc: 0.1 ms]
      [Ref Enq: 0.0 ms]
      [Redirty Cards: 0.3 ms]
      [Humongous Register: 0.1 ms]
      [Humongous Reclaim: 0.0 ms]
      [Free CSet: 0.3 ms]
   [Eden: 256.0M(256.0M)->0.0B(270.0M) Survivors: 37.0M->37.0M Heap: 635.1M(2048.0M)->637.1M(2048.0M)]
 [Times: user=1.06 sys=0.00, real=0.15 secs] 
2020-09-29T12:00:17.835+0200: 80.067: [GC pause (G1 Evacuation Pause) (young), 0.2009436 secs]
   [Parallel Time: 199.6 ms, GC Workers: 8]
      [GC Worker Start (ms): Min: 80066.8, Avg: 80066.9, Max: 80066.9, Diff: 0.1]
      [Ext Root Scanning (ms): Min: 0.0, Avg: 0.1, Max: 0.1, Diff: 0.1, Sum: 0.8]
      [Update RS (ms): Min: 17.6, Avg: 17.7, Max: 18.0, Diff: 0.4, Sum: 141.5]
         [Processed Buffers: Min: 17, Avg: 19.1, Max: 22, Diff: 5, Sum: 153]
      [Scan RS (ms): Min: 13.1, Avg: 13.4, Max: 13.5, Diff: 0.5, Sum: 106.8]
      [Code Root Scanning (ms): Min: 0.0, Avg: 0.0, Max: 0.0, Diff: 0.0, Sum: 0.0]
      [Object Copy (ms): Min: 167.0, Avg: 167.7, Max: 168.2, Diff: 1.3, Sum: 1341.7]
      [Termination (ms): Min: 0.0, Avg: 0.5, Max: 1.3, Diff: 1.3, Sum: 3.9]
         [Termination Attempts: Min: 1, Avg: 2608.4, Max: 4044, Diff: 4043, Sum: 20867]
      [GC Worker Other (ms): Min: 0.0, Avg: 0.0, Max: 0.0, Diff: 0.0, Sum: 0.1]
      [GC Worker Total (ms): Min: 199.3, Avg: 199.4, Max: 199.4, Diff: 0.1, Sum: 1594.9]
      [GC Worker End (ms): Min: 80266.2, Avg: 80266.2, Max: 80266.3, Diff: 0.0]
   [Code Root Fixup: 0.0 ms]
   [Code Root Purge: 0.0 ms]
   [Clear CT: 0.2 ms]
   [Other: 1.2 ms]
      [Choose CSet: 0.0 ms]
      [Ref Proc: 0.2 ms]
      [Ref Enq: 0.0 ms]
      [Redirty Cards: 0.2 ms]
      [Humongous Register: 0.1 ms]
      [Humongous Reclaim: 0.0 ms]
      [Free CSet: 0.4 ms]
   [Eden: 270.0M(270.0M)->0.0B(251.0M) Survivors: 37.0M->39.0M Heap: 952.9M(2048.0M)->955.9M(2048.0M)]
 [Times: user=1.34 sys=0.02, real=0.20 secs] 
2020-09-29T12:00:18.047+0200: 80.279: [GC pause (G1 Humongous Allocation) (young) (initial-mark), 0.0774027 secs]
   [Parallel Time: 76.4 ms, GC Workers: 8]
      [GC Worker Start (ms): Min: 80279.3, Avg: 80279.3, Max: 80279.4, Diff: 0.2]
      [Ext Root Scanning (ms): Min: 0.0, Avg: 1.9, Max: 13.6, Diff: 13.6, Sum: 15.1]
      [Update RS (ms): Min: 22.8, Avg: 35.9, Max: 46.4, Diff: 23.7, Sum: 286.8]
         [Processed Buffers: Min: 14, Avg: 37.0, Max: 47, Diff: 33, Sum: 296]
      [Scan RS (ms): Min: 0.0, Avg: 2.5, Max: 3.0, Diff: 3.0, Sum: 20.2]
      [Code Root Scanning (ms): Min: 0.0, Avg: 0.0, Max: 0.0, Diff: 0.0, Sum: 0.0]
      [Object Copy (ms): Min: 29.5, Avg: 35.8, Max: 36.8, Diff: 7.2, Sum: 286.3]
      [Termination (ms): Min: 0.1, Avg: 0.1, Max: 0.2, Diff: 0.2, Sum: 1.0]
         [Termination Attempts: Min: 1, Avg: 492.9, Max: 721, Diff: 720, Sum: 3943]
      [GC Worker Other (ms): Min: 0.0, Avg: 0.0, Max: 0.0, Diff: 0.0, Sum: 0.1]
      [GC Worker Total (ms): Min: 76.1, Avg: 76.2, Max: 76.3, Diff: 0.2, Sum: 609.7]
      [GC Worker End (ms): Min: 80355.5, Avg: 80355.5, Max: 80355.5, Diff: 0.0]
   [Code Root Fixup: 0.0 ms]
   [Code Root Purge: 0.0 ms]
   [Clear CT: 0.2 ms]
   [Other: 0.8 ms]
      [Choose CSet: 0.0 ms]
      [Ref Proc: 0.1 ms]
      [Ref Enq: 0.0 ms]
      [Redirty Cards: 0.2 ms]
      [Humongous Register: 0.1 ms]
      [Humongous Reclaim: 0.0 ms]
      [Free CSet: 0.1 ms]
   [Eden: 6144.0K(251.0M)->0.0B(228.0M) Survivors: 39.0M->7168.0K Heap: 961.9M(2048.0M)->964.9M(2048.0M)]
 [Times: user=0.53 sys=0.00, real=0.08 secs] 
2020-09-29T12:00:18.125+0200: 80.357: [GC concurrent-root-region-scan-start]
2020-09-29T12:00:18.127+0200: 80.359: [GC concurrent-root-region-scan-end, 0.0024333 secs]
2020-09-29T12:00:18.128+0200: 80.359: [GC concurrent-mark-start]
2020-09-29T12:00:18.132+0200: 80.363: [GC concurrent-mark-end, 0.0041893 secs]
2020-09-29T12:00:18.132+0200: 80.364: [GC remark 2020-09-29T12:00:18.132+0200: 80.364: [Finalize Marking, 0.0002028 secs] 2020-09-29T12:00:18.133+0200: 80.364: [GC ref-proc, 0.0004218 secs] 2020-09-29T12:00:18.133+0200: 80.365: [Unloading, 0.0005143 secs], 0.0015259 secs]
 [Times: user=0.00 sys=0.00, real=0.00 secs] 
2020-09-29T12:00:18.134+0200: 80.366: [GC cleanup 976M->24M(2048M), 0.0015239 secs]
 [Times: user=0.00 sys=0.00, real=0.00 secs] 
2020-09-29T12:00:18.136+0200: 80.367: [GC concurrent-cleanup-start]
2020-09-29T12:00:18.138+0200: 80.369: [GC concurrent-cleanup-end, 0.0020474 secs]
2020-09-29T12:00:18.299+0200: 80.531: [GC pause (G1 Evacuation Pause) (young), 0.1659503 secs]
   [Parallel Time: 164.8 ms, GC Workers: 8]
      [GC Worker Start (ms): Min: 80530.7, Avg: 80539.4, Max: 80563.1, Diff: 32.4]
      [Ext Root Scanning (ms): Min: 0.0, Avg: 0.1, Max: 0.2, Diff: 0.2, Sum: 0.5]
      [Update RS (ms): Min: 0.0, Avg: 18.9, Max: 26.0, Diff: 26.0, Sum: 151.3]
         [Processed Buffers: Min: 0, Avg: 18.1, Max: 27, Diff: 27, Sum: 145]
      [Scan RS (ms): Min: 5.8, Avg: 14.3, Max: 38.2, Diff: 32.4, Sum: 114.3]
      [Code Root Scanning (ms): Min: 0.0, Avg: 0.0, Max: 0.0, Diff: 0.0, Sum: 0.0]
      [Object Copy (ms): Min: 100.2, Avg: 122.7, Max: 126.5, Diff: 26.3, Sum: 981.8]
      [Termination (ms): Min: 0.0, Avg: 0.0, Max: 0.0, Diff: 0.0, Sum: 0.3]
         [Termination Attempts: Min: 1, Avg: 261.6, Max: 340, Diff: 339, Sum: 2093]
      [GC Worker Other (ms): Min: 0.0, Avg: 0.0, Max: 0.1, Diff: 0.0, Sum: 0.3]
      [GC Worker Total (ms): Min: 132.3, Avg: 156.1, Max: 164.7, Diff: 32.4, Sum: 1248.5]
      [GC Worker End (ms): Min: 80695.4, Avg: 80695.4, Max: 80695.4, Diff: 0.0]
   [Code Root Fixup: 0.0 ms]
   [Code Root Purge: 0.0 ms]
   [Clear CT: 0.1 ms]
   [Other: 1.0 ms]
      [Choose CSet: 0.0 ms]
      [Ref Proc: 0.1 ms]
      [Ref Enq: 0.0 ms]
      [Redirty Cards: 0.2 ms]
      [Humongous Register: 0.1 ms]
      [Humongous Reclaim: 0.0 ms]
      [Free CSet: 0.3 ms]
   [Eden: 228.0M(228.0M)->0.0B(206.0M) Survivors: 7168.0K->30.0M Heap: 279.1M(2048.0M)->273.6M(2048.0M)]
 [Times: user=1.22 sys=0.01, real=0.17 secs] 
2020-09-29T12:00:18.688+0200: 80.919: [GC pause (G1 Evacuation Pause) (young), 0.1855834 secs]
   [Parallel Time: 184.3 ms, GC Workers: 8]
      [GC Worker Start (ms): Min: 80919.4, Avg: 80919.5, Max: 80919.6, Diff: 0.2]
      [Ext Root Scanning (ms): Min: 0.0, Avg: 0.1, Max: 0.1, Diff: 0.1, Sum: 0.7]
      [Update RS (ms): Min: 21.3, Avg: 22.1, Max: 23.5, Diff: 2.2, Sum: 176.6]
         [Processed Buffers: Min: 0, Avg: 17.5, Max: 23, Diff: 23, Sum: 140]
      [Scan RS (ms): Min: 9.5, Avg: 11.2, Max: 12.6, Diff: 3.0, Sum: 89.3]
      [Code Root Scanning (ms): Min: 0.0, Avg: 0.0, Max: 0.0, Diff: 0.0, Sum: 0.0]
      [Object Copy (ms): Min: 149.1, Avg: 150.2, Max: 150.9, Diff: 1.7, Sum: 1201.9]
      [Termination (ms): Min: 0.1, Avg: 0.6, Max: 0.7, Diff: 0.7, Sum: 4.6]
         [Termination Attempts: Min: 1, Avg: 3860.5, Max: 5463, Diff: 5462, Sum: 30884]
      [GC Worker Other (ms): Min: 0.0, Avg: 0.0, Max: 0.0, Diff: 0.0, Sum: 0.2]
      [GC Worker Total (ms): Min: 184.1, Avg: 184.1, Max: 184.2, Diff: 0.1, Sum: 1473.2]
      [GC Worker End (ms): Min: 81103.6, Avg: 81103.6, Max: 81103.6, Diff: 0.0]
   [Code Root Fixup: 0.0 ms]
   [Code Root Purge: 0.0 ms]
   [Clear CT: 0.2 ms]
   [Other: 1.1 ms]
      [Choose CSet: 0.0 ms]
      [Ref Proc: 0.2 ms]
      [Ref Enq: 0.0 ms]
      [Redirty Cards: 0.2 ms]
      [Humongous Register: 0.1 ms]
      [Humongous Reclaim: 0.0 ms]
      [Free CSet: 0.3 ms]
   [Eden: 206.0M(206.0M)->0.0B(199.0M) Survivors: 30.0M->30.0M Heap: 514.0M(2048.0M)->516.0M(2048.0M)]
 [Times: user=1.33 sys=0.00, real=0.19 secs] 
2020-09-29T12:00:19.057+0200: 81.288: [GC pause (G1 Evacuation Pause) (young), 0.1248013 secs]
   [Parallel Time: 123.6 ms, GC Workers: 8]
      [GC Worker Start (ms): Min: 81288.4, Avg: 81288.5, Max: 81288.6, Diff: 0.1]
      [Ext Root Scanning (ms): Min: 0.0, Avg: 0.1, Max: 0.1, Diff: 0.1, Sum: 0.7]
      [Update RS (ms): Min: 16.5, Avg: 16.6, Max: 16.9, Diff: 0.4, Sum: 132.8]
         [Processed Buffers: Min: 14, Avg: 17.0, Max: 20, Diff: 6, Sum: 136]
      [Scan RS (ms): Min: 8.5, Avg: 8.8, Max: 8.9, Diff: 0.5, Sum: 70.4]
      [Code Root Scanning (ms): Min: 0.0, Avg: 0.0, Max: 0.0, Diff: 0.0, Sum: 0.0]
      [Object Copy (ms): Min: 97.9, Avg: 97.9, Max: 97.9, Diff: 0.1, Sum: 783.2]
      [Termination (ms): Min: 0.0, Avg: 0.0, Max: 0.1, Diff: 0.1, Sum: 0.3]
         [Termination Attempts: Min: 1, Avg: 49.9, Max: 81, Diff: 80, Sum: 399]
      [GC Worker Other (ms): Min: 0.0, Avg: 0.0, Max: 0.0, Diff: 0.0, Sum: 0.1]
      [GC Worker Total (ms): Min: 123.4, Avg: 123.4, Max: 123.5, Diff: 0.1, Sum: 987.5]
      [GC Worker End (ms): Min: 81411.9, Avg: 81411.9, Max: 81411.9, Diff: 0.0]
   [Code Root Fixup: 0.0 ms]
   [Code Root Purge: 0.0 ms]
   [Clear CT: 0.2 ms]
   [Other: 1.0 ms]
      [Choose CSet: 0.0 ms]
      [Ref Proc: 0.3 ms]
      [Ref Enq: 0.0 ms]
      [Redirty Cards: 0.2 ms]
      [Humongous Register: 0.1 ms]
      [Humongous Reclaim: 0.0 ms]
      [Free CSet: 0.2 ms]
   [Eden: 199.0M(199.0M)->0.0B(224.0M) Survivors: 30.0M->29.0M Heap: 749.3M(2048.0M)->750.8M(2048.0M)]
 [Times: user=0.99 sys=0.00, real=0.13 secs] 
2020-09-29T12:00:19.425+0200: 81.657: [GC pause (G1 Evacuation Pause) (young), 0.1400543 secs]
   [Parallel Time: 139.0 ms, GC Workers: 8]
      [GC Worker Start (ms): Min: 81657.2, Avg: 81657.2, Max: 81657.3, Diff: 0.1]
      [Ext Root Scanning (ms): Min: 0.1, Avg: 0.1, Max: 0.1, Diff: 0.1, Sum: 0.8]
      [Update RS (ms): Min: 18.8, Avg: 19.1, Max: 19.5, Diff: 0.6, Sum: 152.9]
         [Processed Buffers: Min: 18, Avg: 19.6, Max: 22, Diff: 4, Sum: 157]
      [Scan RS (ms): Min: 8.7, Avg: 9.0, Max: 9.3, Diff: 0.6, Sum: 71.9]
      [Code Root Scanning (ms): Min: 0.0, Avg: 0.0, Max: 0.0, Diff: 0.0, Sum: 0.0]
      [Object Copy (ms): Min: 110.5, Avg: 110.6, Max: 110.6, Diff: 0.1, Sum: 884.4]
      [Termination (ms): Min: 0.0, Avg: 0.1, Max: 0.1, Diff: 0.1, Sum: 0.4]
         [Termination Attempts: Min: 1, Avg: 365.5, Max: 459, Diff: 458, Sum: 2924]
      [GC Worker Other (ms): Min: 0.0, Avg: 0.0, Max: 0.1, Diff: 0.1, Sum: 0.3]
      [GC Worker Total (ms): Min: 138.8, Avg: 138.8, Max: 138.9, Diff: 0.1, Sum: 1110.8]
      [GC Worker End (ms): Min: 81796.1, Avg: 81796.1, Max: 81796.1, Diff: 0.1]
   [Code Root Fixup: 0.0 ms]
   [Code Root Purge: 0.0 ms]
   [Clear CT: 0.2 ms]
   [Other: 0.9 ms]
      [Choose CSet: 0.0 ms]
      [Ref Proc: 0.2 ms]
      [Ref Enq: 0.0 ms]
      [Redirty Cards: 0.2 ms]
      [Humongous Register: 0.1 ms]
      [Humongous Reclaim: 0.0 ms]
      [Free CSet: 0.2 ms]
   [Eden: 224.0M(224.0M)->0.0B(241.0M) Survivors: 29.0M->32.0M Heap: 1011.1M(2048.0M)->1013.6M(2048.0M)]
 [Times: user=0.97 sys=0.02, real=0.14 secs] 
2020-09-29T12:00:19.567+0200: 81.798: [GC pause (G1 Humongous Allocation) (young) (initial-mark), 0.0500140 secs]
   [Parallel Time: 48.9 ms, GC Workers: 8]
      [GC Worker Start (ms): Min: 81798.5, Avg: 81798.5, Max: 81798.5, Diff: 0.1]
      [Ext Root Scanning (ms): Min: 0.0, Avg: 0.1, Max: 0.1, Diff: 0.1, Sum: 0.7]
      [Update RS (ms): Min: 31.9, Avg: 32.2, Max: 32.6, Diff: 0.7, Sum: 257.3]
         [Processed Buffers: Min: 39, Avg: 42.1, Max: 45, Diff: 6, Sum: 337]
      [Scan RS (ms): Min: 0.0, Avg: 0.0, Max: 0.0, Diff: 0.0, Sum: 0.0]
      [Code Root Scanning (ms): Min: 0.0, Avg: 0.0, Max: 0.0, Diff: 0.0, Sum: 0.0]
      [Object Copy (ms): Min: 16.1, Avg: 16.5, Max: 16.8, Diff: 0.7, Sum: 132.1]
      [Termination (ms): Min: 0.0, Avg: 0.0, Max: 0.0, Diff: 0.0, Sum: 0.2]
         [Termination Attempts: Min: 1, Avg: 177.0, Max: 251, Diff: 250, Sum: 1416]
      [GC Worker Other (ms): Min: 0.0, Avg: 0.0, Max: 0.0, Diff: 0.0, Sum: 0.1]
      [GC Worker Total (ms): Min: 48.8, Avg: 48.8, Max: 48.8, Diff: 0.1, Sum: 390.4]
      [GC Worker End (ms): Min: 81847.3, Avg: 81847.3, Max: 81847.3, Diff: 0.0]
   [Code Root Fixup: 0.0 ms]
   [Code Root Purge: 0.0 ms]
   [Clear CT: 0.3 ms]
   [Other: 0.9 ms]
      [Choose CSet: 0.0 ms]
      [Ref Proc: 0.1 ms]
      [Ref Enq: 0.0 ms]
      [Redirty Cards: 0.3 ms]
      [Humongous Register: 0.1 ms]
      [Humongous Reclaim: 0.0 ms]
      [Free CSet: 0.1 ms]
   [Eden: 2048.0K(241.0M)->0.0B(276.0M) Survivors: 32.0M->3072.0K Heap: 1015.1M(2048.0M)->1019.1M(2048.0M)]
 [Times: user=0.38 sys=0.00, real=0.05 secs] 
2020-09-29T12:00:19.617+0200: 81.848: [GC concurrent-root-region-scan-start]
2020-09-29T12:00:19.617+0200: 81.849: [GC concurrent-root-region-scan-end, 0.0006480 secs]
2020-09-29T12:00:19.617+0200: 81.849: [GC concurrent-mark-start]
2020-09-29T12:00:19.621+0200: 81.853: [GC concurrent-mark-end, 0.0032477 secs]
2020-09-29T12:00:19.621+0200: 81.853: [GC remark 2020-09-29T12:00:19.621+0200: 81.853: [Finalize Marking, 0.0004243 secs] 2020-09-29T12:00:19.622+0200: 81.854: [GC ref-proc, 0.0005049 secs] 2020-09-29T12:00:19.622+0200: 81.854: [Unloading, 0.0005364 secs], 0.0017949 secs]
 [Times: user=0.00 sys=0.00, real=0.00 secs] 
2020-09-29T12:00:19.625+0200: 81.857: [GC cleanup 1031M->21M(2048M), 0.0022293 secs]
 [Times: user=0.00 sys=0.00, real=0.00 secs] 
2020-09-29T12:00:19.628+0200: 81.859: [GC concurrent-cleanup-start]
2020-09-29T12:00:19.630+0200: 81.861: [GC concurrent-cleanup-end, 0.0018408 secs]
2020-09-29T12:00:20.009+0200: 82.240: [GC pause (G1 Evacuation Pause) (young), 0.1446874 secs]
   [Parallel Time: 143.5 ms, GC Workers: 8]
      [GC Worker Start (ms): Min: 82240.5, Avg: 82240.6, Max: 82240.7, Diff: 0.2]
      [Ext Root Scanning (ms): Min: 0.0, Avg: 0.1, Max: 0.1, Diff: 0.1, Sum: 0.7]
      [Update RS (ms): Min: 20.6, Avg: 20.8, Max: 21.5, Diff: 0.9, Sum: 166.1]
         [Processed Buffers: Min: 17, Avg: 20.9, Max: 24, Diff: 7, Sum: 167]
      [Scan RS (ms): Min: 14.3, Avg: 15.0, Max: 15.2, Diff: 1.0, Sum: 120.1]
      [Code Root Scanning (ms): Min: 0.0, Avg: 0.0, Max: 0.0, Diff: 0.0, Sum: 0.0]
      [Object Copy (ms): Min: 107.4, Avg: 107.5, Max: 107.5, Diff: 0.2, Sum: 859.8]
      [Termination (ms): Min: 0.0, Avg: 0.0, Max: 0.0, Diff: 0.0, Sum: 0.2]
         [Termination Attempts: Min: 1, Avg: 150.1, Max: 214, Diff: 213, Sum: 1201]
      [GC Worker Other (ms): Min: 0.0, Avg: 0.0, Max: 0.1, Diff: 0.1, Sum: 0.4]
      [GC Worker Total (ms): Min: 143.3, Avg: 143.4, Max: 143.5, Diff: 0.1, Sum: 1147.3]
      [GC Worker End (ms): Min: 82384.0, Avg: 82384.0, Max: 82384.0, Diff: 0.1]
   [Code Root Fixup: 0.0 ms]
   [Code Root Purge: 0.0 ms]
   [Clear CT: 0.2 ms]
   [Other: 1.0 ms]
      [Choose CSet: 0.0 ms]
      [Ref Proc: 0.2 ms]
      [Ref Enq: 0.0 ms]
      [Redirty Cards: 0.2 ms]
      [Humongous Register: 0.1 ms]
      [Humongous Reclaim: 0.0 ms]
      [Free CSet: 0.2 ms]
   [Eden: 276.0M(276.0M)->0.0B(266.0M) Survivors: 3072.0K->35.0M Heap: 332.7M(2048.0M)->331.2M(2048.0M)]
 [Times: user=1.09 sys=0.03, real=0.14 secs] 
2020-09-29T12:00:20.483+0200: 82.714: [GC pause (G1 Evacuation Pause) (young), 0.1570051 secs]
   [Parallel Time: 155.9 ms, GC Workers: 8]
      [GC Worker Start (ms): Min: 82714.2, Avg: 82716.3, Max: 82722.7, Diff: 8.5]
      [Ext Root Scanning (ms): Min: 0.0, Avg: 0.1, Max: 0.1, Diff: 0.1, Sum: 0.7]
      [Update RS (ms): Min: 8.7, Avg: 15.1, Max: 18.0, Diff: 9.3, Sum: 121.0]
         [Processed Buffers: Min: 9, Avg: 15.9, Max: 20, Diff: 11, Sum: 127]
      [Scan RS (ms): Min: 14.3, Avg: 15.1, Max: 15.3, Diff: 1.0, Sum: 120.4]
      [Code Root Scanning (ms): Min: 0.0, Avg: 0.0, Max: 0.0, Diff: 0.0, Sum: 0.0]
      [Object Copy (ms): Min: 123.2, Avg: 123.4, Max: 123.5, Diff: 0.2, Sum: 986.9]
      [Termination (ms): Min: 0.0, Avg: 0.1, Max: 0.1, Diff: 0.1, Sum: 0.5]
         [Termination Attempts: Min: 1, Avg: 432.9, Max: 604, Diff: 603, Sum: 3463]
      [GC Worker Other (ms): Min: 0.0, Avg: 0.0, Max: 0.1, Diff: 0.1, Sum: 0.4]
      [GC Worker Total (ms): Min: 147.3, Avg: 153.7, Max: 155.9, Diff: 8.5, Sum: 1229.9]
      [GC Worker End (ms): Min: 82870.0, Avg: 82870.0, Max: 82870.1, Diff: 0.1]
   [Code Root Fixup: 0.0 ms]
   [Code Root Purge: 0.0 ms]
   [Clear CT: 0.2 ms]
   [Other: 0.9 ms]
      [Choose CSet: 0.0 ms]
      [Ref Proc: 0.1 ms]
      [Ref Enq: 0.0 ms]
      [Redirty Cards: 0.3 ms]
      [Humongous Register: 0.1 ms]
      [Humongous Reclaim: 0.0 ms]
      [Free CSet: 0.2 ms]
   [Eden: 266.0M(266.0M)->0.0B(270.0M) Survivors: 35.0M->38.0M Heap: 641.1M(2048.0M)->642.6M(2048.0M)]
 [Times: user=1.22 sys=0.00, real=0.16 secs] 
2020-09-29T12:00:20.978+0200: 83.209: [GC pause (G1 Evacuation Pause) (young), 0.1659672 secs]
   [Parallel Time: 164.9 ms, GC Workers: 8]
      [GC Worker Start (ms): Min: 83209.3, Avg: 83209.3, Max: 83209.4, Diff: 0.1]
      [Ext Root Scanning (ms): Min: 0.0, Avg: 0.1, Max: 0.1, Diff: 0.1, Sum: 0.7]
      [Update RS (ms): Min: 21.5, Avg: 21.8, Max: 22.0, Diff: 0.5, Sum: 174.8]
         [Processed Buffers: Min: 6, Avg: 19.5, Max: 25, Diff: 19, Sum: 156]
      [Scan RS (ms): Min: 12.5, Avg: 12.7, Max: 13.0, Diff: 0.5, Sum: 101.6]
      [Code Root Scanning (ms): Min: 0.0, Avg: 0.0, Max: 0.0, Diff: 0.0, Sum: 0.0]
      [Object Copy (ms): Min: 129.9, Avg: 130.0, Max: 130.1, Diff: 0.2, Sum: 1040.2]
      [Termination (ms): Min: 0.0, Avg: 0.0, Max: 0.1, Diff: 0.1, Sum: 0.3]
         [Termination Attempts: Min: 1, Avg: 275.0, Max: 368, Diff: 367, Sum: 2200]
      [GC Worker Other (ms): Min: 0.0, Avg: 0.0, Max: 0.1, Diff: 0.1, Sum: 0.3]
      [GC Worker Total (ms): Min: 164.7, Avg: 164.7, Max: 164.8, Diff: 0.2, Sum: 1317.9]
      [GC Worker End (ms): Min: 83374.0, Avg: 83374.0, Max: 83374.1, Diff: 0.1]
   [Code Root Fixup: 0.0 ms]
   [Code Root Purge: 0.0 ms]
   [Clear CT: 0.2 ms]
   [Other: 0.9 ms]
      [Choose CSet: 0.0 ms]
      [Ref Proc: 0.2 ms]
      [Ref Enq: 0.0 ms]
      [Redirty Cards: 0.2 ms]
      [Humongous Register: 0.1 ms]
      [Humongous Reclaim: 0.0 ms]
      [Free CSet: 0.2 ms]
   [Eden: 270.0M(270.0M)->0.0B(280.0M) Survivors: 38.0M->39.0M Heap: 956.4M(2048.0M)->958.9M(2048.0M)]
 [Times: user=1.17 sys=0.02, real=0.17 secs] 
2020-09-29T12:00:21.147+0200: 83.378: [GC pause (G1 Humongous Allocation) (young) (initial-mark), 0.0670751 secs]
   [Parallel Time: 66.1 ms, GC Workers: 8]
      [GC Worker Start (ms): Min: 83378.1, Avg: 83378.1, Max: 83378.2, Diff: 0.1]
      [Ext Root Scanning (ms): Min: 0.0, Avg: 0.1, Max: 0.1, Diff: 0.1, Sum: 0.7]
      [Update RS (ms): Min: 46.8, Avg: 47.1, Max: 47.4, Diff: 0.6, Sum: 376.6]
         [Processed Buffers: Min: 33, Avg: 48.3, Max: 55, Diff: 22, Sum: 386]
      [Scan RS (ms): Min: 0.2, Avg: 0.5, Max: 0.8, Diff: 0.6, Sum: 4.4]
      [Code Root Scanning (ms): Min: 0.0, Avg: 0.0, Max: 0.0, Diff: 0.0, Sum: 0.0]
      [Object Copy (ms): Min: 18.2, Avg: 18.2, Max: 18.3, Diff: 0.1, Sum: 145.8]
      [Termination (ms): Min: 0.0, Avg: 0.0, Max: 0.0, Diff: 0.0, Sum: 0.1]
         [Termination Attempts: Min: 1, Avg: 69.3, Max: 84, Diff: 83, Sum: 554]
      [GC Worker Other (ms): Min: 0.0, Avg: 0.0, Max: 0.0, Diff: 0.0, Sum: 0.2]
      [GC Worker Total (ms): Min: 65.9, Avg: 66.0, Max: 66.0, Diff: 0.1, Sum: 527.7]
      [GC Worker End (ms): Min: 83444.1, Avg: 83444.1, Max: 83444.1, Diff: 0.0]
   [Code Root Fixup: 0.0 ms]
   [Code Root Purge: 0.0 ms]
   [Clear CT: 0.2 ms]
   [Other: 0.8 ms]
      [Choose CSet: 0.0 ms]
      [Ref Proc: 0.2 ms]
      [Ref Enq: 0.0 ms]
      [Redirty Cards: 0.2 ms]
      [Humongous Register: 0.0 ms]
      [Humongous Reclaim: 0.0 ms]
      [Free CSet: 0.1 ms]
   [Eden: 1024.0K(280.0M)->0.0B(325.0M) Survivors: 39.0M->2048.0K Heap: 959.9M(2048.0M)->963.4M(2048.0M)]
 [Times: user=0.44 sys=0.00, real=0.07 secs] 
2020-09-29T12:00:21.214+0200: 83.445: [GC concurrent-root-region-scan-start]
2020-09-29T12:00:21.214+0200: 83.446: [GC concurrent-root-region-scan-end, 0.0003818 secs]
2020-09-29T12:00:21.214+0200: 83.446: [GC concurrent-mark-start]
2020-09-29T12:00:21.220+0200: 83.451: [GC concurrent-mark-end, 0.0052997 secs]
2020-09-29T12:00:21.220+0200: 83.452: [GC remark 2020-09-29T12:00:21.220+0200: 83.452: [Finalize Marking, 0.0002791 secs] 2020-09-29T12:00:21.221+0200: 83.452: [GC ref-proc, 0.0003916 secs] 2020-09-29T12:00:21.221+0200: 83.452: [Unloading, 0.0005604 secs], 0.0016374 secs]
 [Times: user=0.00 sys=0.00, real=0.00 secs] 
2020-09-29T12:00:21.222+0200: 83.454: [GC cleanup 976M->20M(2048M), 0.0015859 secs]
 [Times: user=0.00 sys=0.02, real=0.00 secs] 
2020-09-29T12:00:21.224+0200: 83.455: [GC concurrent-cleanup-start]
2020-09-29T12:00:21.226+0200: 83.457: [GC concurrent-cleanup-end, 0.0018923 secs]
2020-09-29T12:00:21.435+0200: 83.666: [GC pause (G1 Evacuation Pause) (young), 0.1896537 secs]
   [Parallel Time: 188.5 ms, GC Workers: 8]
      [GC Worker Start (ms): Min: 83666.0, Avg: 83668.7, Max: 83687.0, Diff: 21.0]
      [Ext Root Scanning (ms): Min: 0.0, Avg: 0.1, Max: 0.1, Diff: 0.1, Sum: 0.7]
      [Update RS (ms): Min: 0.0, Avg: 16.4, Max: 19.3, Diff: 19.3, Sum: 130.9]
         [Processed Buffers: Min: 0, Avg: 17.0, Max: 21, Diff: 21, Sum: 136]
      [Scan RS (ms): Min: 17.6, Avg: 20.4, Max: 27.4, Diff: 9.8, Sum: 163.4]
      [Code Root Scanning (ms): Min: 0.0, Avg: 0.0, Max: 0.0, Diff: 0.0, Sum: 0.0]
      [Object Copy (ms): Min: 142.2, Avg: 148.8, Max: 149.8, Diff: 7.6, Sum: 1190.1]
      [Termination (ms): Min: 0.0, Avg: 0.0, Max: 0.0, Diff: 0.0, Sum: 0.1]
         [Termination Attempts: Min: 1, Avg: 56.9, Max: 85, Diff: 84, Sum: 455]
      [GC Worker Other (ms): Min: 0.0, Avg: 0.0, Max: 0.1, Diff: 0.0, Sum: 0.3]
      [GC Worker Total (ms): Min: 167.3, Avg: 185.7, Max: 188.4, Diff: 21.0, Sum: 1485.5]
      [GC Worker End (ms): Min: 83854.4, Avg: 83854.4, Max: 83854.4, Diff: 0.0]
   [Code Root Fixup: 0.0 ms]
   [Code Root Purge: 0.0 ms]
   [Clear CT: 0.1 ms]
   [Other: 1.0 ms]
      [Choose CSet: 0.0 ms]
      [Ref Proc: 0.2 ms]
      [Ref Enq: 0.0 ms]
      [Redirty Cards: 0.2 ms]
      [Humongous Register: 0.1 ms]
      [Humongous Reclaim: 0.0 ms]
      [Free CSet: 0.3 ms]
   [Eden: 325.0M(325.0M)->0.0B(269.0M) Survivors: 2048.0K->41.0M Heap: 388.3M(2048.0M)->387.8M(2048.0M)]
 [Times: user=1.33 sys=0.08, real=0.19 secs] 
2020-09-29T12:00:21.823+0200: 84.055: [GC pause (G1 Evacuation Pause) (young), 0.1617430 secs]
   [Parallel Time: 160.6 ms, GC Workers: 8]
      [GC Worker Start (ms): Min: 84055.5, Avg: 84055.6, Max: 84055.7, Diff: 0.2]
      [Ext Root Scanning (ms): Min: 0.0, Avg: 0.1, Max: 0.2, Diff: 0.2, Sum: 0.6]
      [Update RS (ms): Min: 15.7, Avg: 16.0, Max: 16.4, Diff: 0.7, Sum: 128.3]
         [Processed Buffers: Min: 16, Avg: 17.1, Max: 18, Diff: 2, Sum: 137]
      [Scan RS (ms): Min: 13.6, Avg: 13.9, Max: 14.2, Diff: 0.6, Sum: 111.5]
      [Code Root Scanning (ms): Min: 0.0, Avg: 0.0, Max: 0.0, Diff: 0.0, Sum: 0.0]
      [Object Copy (ms): Min: 130.0, Avg: 130.1, Max: 130.2, Diff: 0.2, Sum: 1041.0]
      [Termination (ms): Min: 0.0, Avg: 0.1, Max: 0.2, Diff: 0.2, Sum: 1.0]
         [Termination Attempts: Min: 1, Avg: 884.5, Max: 1194, Diff: 1193, Sum: 7076]
      [GC Worker Other (ms): Min: 0.0, Avg: 0.1, Max: 0.1, Diff: 0.1, Sum: 0.4]
      [GC Worker Total (ms): Min: 160.2, Avg: 160.4, Max: 160.5, Diff: 0.2, Sum: 1282.9]
      [GC Worker End (ms): Min: 84215.9, Avg: 84216.0, Max: 84216.0, Diff: 0.1]
   [Code Root Fixup: 0.0 ms]
   [Code Root Purge: 0.0 ms]
   [Clear CT: 0.2 ms]
   [Other: 1.0 ms]
      [Choose CSet: 0.0 ms]
      [Ref Proc: 0.2 ms]
      [Ref Enq: 0.0 ms]
      [Redirty Cards: 0.2 ms]
      [Humongous Register: 0.1 ms]
      [Humongous Reclaim: 0.0 ms]
      [Free CSet: 0.3 ms]
   [Eden: 269.0M(269.0M)->0.0B(274.0M) Survivors: 41.0M->39.0M Heap: 700.7M(2048.0M)->702.7M(2048.0M)]
 [Times: user=1.22 sys=0.00, real=0.16 secs] 
2020-09-29T12:00:22.161+0200: 84.393: [GC pause (G1 Evacuation Pause) (young), 0.1636357 secs]
   [Parallel Time: 162.5 ms, GC Workers: 8]
      [GC Worker Start (ms): Min: 84393.2, Avg: 84393.2, Max: 84393.3, Diff: 0.1]
      [Ext Root Scanning (ms): Min: 0.0, Avg: 0.1, Max: 0.1, Diff: 0.1, Sum: 0.7]
      [Update RS (ms): Min: 16.4, Avg: 16.7, Max: 17.1, Diff: 0.6, Sum: 134.0]
         [Processed Buffers: Min: 17, Avg: 18.5, Max: 20, Diff: 3, Sum: 148]
      [Scan RS (ms): Min: 13.0, Avg: 13.3, Max: 13.6, Diff: 0.6, Sum: 106.3]
      [Code Root Scanning (ms): Min: 0.0, Avg: 0.0, Max: 0.0, Diff: 0.0, Sum: 0.0]
      [Object Copy (ms): Min: 132.1, Avg: 132.2, Max: 132.2, Diff: 0.1, Sum: 1057.3]
      [Termination (ms): Min: 0.0, Avg: 0.0, Max: 0.0, Diff: 0.0, Sum: 0.1]
         [Termination Attempts: Min: 1, Avg: 114.4, Max: 148, Diff: 147, Sum: 915]
      [GC Worker Other (ms): Min: 0.0, Avg: 0.0, Max: 0.1, Diff: 0.1, Sum: 0.4]
      [GC Worker Total (ms): Min: 162.3, Avg: 162.3, Max: 162.4, Diff: 0.1, Sum: 1298.8]
      [GC Worker End (ms): Min: 84555.5, Avg: 84555.6, Max: 84555.6, Diff: 0.1]
   [Code Root Fixup: 0.0 ms]
   [Code Root Purge: 0.0 ms]
   [Clear CT: 0.2 ms]
   [Other: 1.0 ms]
      [Choose CSet: 0.0 ms]
      [Ref Proc: 0.2 ms]
      [Ref Enq: 0.0 ms]
      [Redirty Cards: 0.2 ms]
      [Humongous Register: 0.1 ms]
      [Humongous Reclaim: 0.0 ms]
      [Free CSet: 0.3 ms]
   [Eden: 274.0M(274.0M)->0.0B(281.0M) Survivors: 39.0M->40.0M Heap: 1022.5M(2048.0M)->1024.5M(2048.0M)]
 [Times: user=1.19 sys=0.00, real=0.16 secs] 
2020-09-29T12:00:22.333+0200: 84.564: [GC pause (G1 Humongous Allocation) (young) (initial-mark), 0.0555554 secs]
   [Parallel Time: 53.9 ms, GC Workers: 8]
      [GC Worker Start (ms): Min: 84564.6, Avg: 84564.6, Max: 84564.7, Diff: 0.1]
      [Ext Root Scanning (ms): Min: 0.0, Avg: 0.1, Max: 0.1, Diff: 0.1, Sum: 0.7]
      [Update RS (ms): Min: 32.3, Avg: 32.6, Max: 32.9, Diff: 0.6, Sum: 260.4]
         [Processed Buffers: Min: 38, Avg: 40.5, Max: 44, Diff: 6, Sum: 324]
      [Scan RS (ms): Min: 2.0, Avg: 2.3, Max: 2.6, Diff: 0.6, Sum: 18.7]
      [Code Root Scanning (ms): Min: 0.0, Avg: 0.0, Max: 0.0, Diff: 0.0, Sum: 0.0]
      [Object Copy (ms): Min: 18.7, Avg: 18.8, Max: 18.8, Diff: 0.0, Sum: 150.2]
      [Termination (ms): Min: 0.0, Avg: 0.0, Max: 0.0, Diff: 0.0, Sum: 0.1]
         [Termination Attempts: Min: 1, Avg: 94.5, Max: 114, Diff: 113, Sum: 756]
      [GC Worker Other (ms): Min: 0.0, Avg: 0.0, Max: 0.0, Diff: 0.0, Sum: 0.1]
      [GC Worker Total (ms): Min: 53.7, Avg: 53.8, Max: 53.8, Diff: 0.1, Sum: 430.3]
      [GC Worker End (ms): Min: 84618.4, Avg: 84618.4, Max: 84618.4, Diff: 0.0]
   [Code Root Fixup: 0.0 ms]
   [Code Root Purge: 0.0 ms]
   [Clear CT: 0.2 ms]
   [Other: 1.5 ms]
      [Choose CSet: 0.0 ms]
      [Ref Proc: 0.2 ms]
      [Ref Enq: 0.0 ms]
      [Redirty Cards: 0.9 ms]
      [Humongous Register: 0.1 ms]
      [Humongous Reclaim: 0.0 ms]
      [Free CSet: 0.1 ms]
   [Eden: 2048.0K(281.0M)->0.0B(323.0M) Survivors: 40.0M->4096.0K Heap: 1026.5M(2048.0M)->1029.5M(2048.0M)]
 [Times: user=0.38 sys=0.00, real=0.06 secs] 
2020-09-29T12:00:22.388+0200: 84.620: [GC concurrent-root-region-scan-start]
2020-09-29T12:00:22.389+0200: 84.621: [GC concurrent-root-region-scan-end, 0.0009673 secs]
2020-09-29T12:00:22.389+0200: 84.621: [GC concurrent-mark-start]
2020-09-29T12:00:22.394+0200: 84.625: [GC concurrent-mark-end, 0.0039623 secs]
2020-09-29T12:00:22.394+0200: 84.626: [GC remark 2020-09-29T12:00:22.394+0200: 84.626: [Finalize Marking, 0.0002443 secs] 2020-09-29T12:00:22.394+0200: 84.626: [GC ref-proc, 0.0004036 secs] 2020-09-29T12:00:22.395+0200: 84.626: [Unloading, 0.0005274 secs], 0.0016089 secs]
 [Times: user=0.00 sys=0.02, real=0.00 secs] 
2020-09-29T12:00:22.396+0200: 84.628: [GC cleanup 1041M->21M(2048M), 0.0023397 secs]
 [Times: user=0.00 sys=0.00, real=0.00 secs] 
2020-09-29T12:00:22.398+0200: 84.630: [GC concurrent-cleanup-start]
2020-09-29T12:00:22.401+0200: 84.632: [GC concurrent-cleanup-end, 0.0022832 secs]
2020-09-29T12:00:22.673+0200: 84.904: [GC pause (G1 Evacuation Pause) (young), 0.1824143 secs]
   [Parallel Time: 181.3 ms, GC Workers: 8]
      [GC Worker Start (ms): Min: 84903.9, Avg: 84904.0, Max: 84904.1, Diff: 0.2]
      [Ext Root Scanning (ms): Min: 0.0, Avg: 0.1, Max: 0.1, Diff: 0.1, Sum: 0.6]
      [Update RS (ms): Min: 16.4, Avg: 18.0, Max: 26.5, Diff: 10.1, Sum: 144.3]
         [Processed Buffers: Min: 0, Avg: 16.4, Max: 19, Diff: 19, Sum: 131]
      [Scan RS (ms): Min: 7.3, Avg: 15.7, Max: 17.2, Diff: 10.0, Sum: 125.7]
      [Code Root Scanning (ms): Min: 0.0, Avg: 0.0, Max: 0.0, Diff: 0.0, Sum: 0.0]
      [Object Copy (ms): Min: 147.1, Avg: 147.2, Max: 147.3, Diff: 0.2, Sum: 1177.8]
      [Termination (ms): Min: 0.0, Avg: 0.0, Max: 0.0, Diff: 0.0, Sum: 0.2]
         [Termination Attempts: Min: 1, Avg: 145.0, Max: 181, Diff: 180, Sum: 1160]
      [GC Worker Other (ms): Min: 0.0, Avg: 0.0, Max: 0.1, Diff: 0.0, Sum: 0.3]
      [GC Worker Total (ms): Min: 180.9, Avg: 181.1, Max: 181.2, Diff: 0.3, Sum: 1448.8]
      [GC Worker End (ms): Min: 85085.1, Avg: 85085.1, Max: 85085.1, Diff: 0.0]
   [Code Root Fixup: 0.0 ms]
   [Code Root Purge: 0.0 ms]
   [Clear CT: 0.1 ms]
   [Other: 1.0 ms]
      [Choose CSet: 0.0 ms]
      [Ref Proc: 0.2 ms]
      [Ref Enq: 0.0 ms]
      [Redirty Cards: 0.2 ms]
      [Humongous Register: 0.1 ms]
      [Humongous Reclaim: 0.0 ms]
      [Free CSet: 0.3 ms]
   [Eden: 319.0M(319.0M)->0.0B(289.0M) Survivors: 4096.0K->41.0M Heap: 381.9M(2048.0M)->380.4M(2048.0M)]
 [Times: user=1.45 sys=0.00, real=0.18 secs] 
2020-09-29T12:00:23.135+0200: 85.367: [GC pause (G1 Evacuation Pause) (young), 0.1813589 secs]
   [Parallel Time: 180.1 ms, GC Workers: 8]
      [GC Worker Start (ms): Min: 85367.0, Avg: 85367.1, Max: 85367.2, Diff: 0.2]
      [Ext Root Scanning (ms): Min: 0.0, Avg: 0.1, Max: 0.1, Diff: 0.1, Sum: 0.7]
      [Update RS (ms): Min: 16.6, Avg: 16.7, Max: 17.0, Diff: 0.4, Sum: 133.6]
         [Processed Buffers: Min: 18, Avg: 19.8, Max: 22, Diff: 4, Sum: 158]
      [Scan RS (ms): Min: 16.5, Avg: 16.8, Max: 17.1, Diff: 0.6, Sum: 134.3]
      [Code Root Scanning (ms): Min: 0.0, Avg: 0.0, Max: 0.0, Diff: 0.0, Sum: 0.0]
      [Object Copy (ms): Min: 145.9, Avg: 146.2, Max: 146.4, Diff: 0.4, Sum: 1169.3]
      [Termination (ms): Min: 0.0, Avg: 0.2, Max: 0.2, Diff: 0.2, Sum: 1.3]
         [Termination Attempts: Min: 1, Avg: 1226.3, Max: 1486, Diff: 1485, Sum: 9810]
      [GC Worker Other (ms): Min: 0.0, Avg: 0.0, Max: 0.1, Diff: 0.1, Sum: 0.3]
      [GC Worker Total (ms): Min: 179.8, Avg: 180.0, Max: 180.0, Diff: 0.2, Sum: 1439.7]
      [GC Worker End (ms): Min: 85547.0, Avg: 85547.0, Max: 85547.1, Diff: 0.1]
   [Code Root Fixup: 0.0 ms]
   [Code Root Purge: 0.0 ms]
   [Clear CT: 0.2 ms]
   [Other: 1.1 ms]
      [Choose CSet: 0.0 ms]
      [Ref Proc: 0.2 ms]
      [Ref Enq: 0.0 ms]
      [Redirty Cards: 0.3 ms]
      [Humongous Register: 0.1 ms]
      [Humongous Reclaim: 0.0 ms]
      [Free CSet: 0.3 ms]
   [Eden: 289.0M(289.0M)->0.0B(284.0M) Survivors: 41.0M->42.0M Heap: 719.0M(2048.0M)->721.0M(2048.0M)]
 [Times: user=1.30 sys=0.00, real=0.18 secs] 
2020-09-29T12:00:23.591+0200: 85.823: [GC pause (G1 Evacuation Pause) (young), 0.1752817 secs]
   [Parallel Time: 174.1 ms, GC Workers: 8]
      [GC Worker Start (ms): Min: 85822.9, Avg: 85823.0, Max: 85823.1, Diff: 0.2]
      [Ext Root Scanning (ms): Min: 0.0, Avg: 0.1, Max: 0.1, Diff: 0.1, Sum: 0.7]
      [Update RS (ms): Min: 22.2, Avg: 23.0, Max: 25.0, Diff: 2.8, Sum: 184.1]
         [Processed Buffers: Min: 15, Avg: 21.1, Max: 24, Diff: 9, Sum: 169]
      [Scan RS (ms): Min: 12.9, Avg: 14.9, Max: 15.8, Diff: 2.9, Sum: 119.5]
      [Code Root Scanning (ms): Min: 0.0, Avg: 0.0, Max: 0.0, Diff: 0.0, Sum: 0.0]
      [Object Copy (ms): Min: 135.8, Avg: 135.9, Max: 135.9, Diff: 0.1, Sum: 1086.8]
      [Termination (ms): Min: 0.0, Avg: 0.0, Max: 0.0, Diff: 0.0, Sum: 0.0]
         [Termination Attempts: Min: 1, Avg: 5.6, Max: 10, Diff: 9, Sum: 45]
      [GC Worker Other (ms): Min: 0.0, Avg: 0.0, Max: 0.1, Diff: 0.0, Sum: 0.4]
      [GC Worker Total (ms): Min: 173.8, Avg: 173.9, Max: 174.0, Diff: 0.2, Sum: 1391.5]
      [GC Worker End (ms): Min: 85996.9, Avg: 85996.9, Max: 85996.9, Diff: 0.1]
   [Code Root Fixup: 0.0 ms]
   [Code Root Purge: 0.0 ms]
   [Clear CT: 0.2 ms]
   [Other: 1.0 ms]
      [Choose CSet: 0.0 ms]
      [Ref Proc: 0.2 ms]
      [Ref Enq: 0.0 ms]
      [Redirty Cards: 0.2 ms]
      [Humongous Register: 0.1 ms]
      [Humongous Reclaim: 0.0 ms]
      [Free CSet: 0.3 ms]
   [Eden: 284.0M(284.0M)->0.0B(284.0M) Survivors: 42.0M->41.0M Heap: 1050.8M(2048.0M)->1052.8M(2048.0M)]
 [Times: user=1.28 sys=0.06, real=0.18 secs] 
2020-09-29T12:00:23.777+0200: 86.008: [GC pause (G1 Humongous Allocation) (young) (initial-mark), 0.0642664 secs]
   [Parallel Time: 63.3 ms, GC Workers: 8]
      [GC Worker Start (ms): Min: 86008.7, Avg: 86008.7, Max: 86008.8, Diff: 0.1]
      [Ext Root Scanning (ms): Min: 0.1, Avg: 0.1, Max: 0.1, Diff: 0.1, Sum: 0.7]
      [Update RS (ms): Min: 32.6, Avg: 32.9, Max: 33.5, Diff: 0.9, Sum: 263.1]
         [Processed Buffers: Min: 30, Avg: 36.9, Max: 43, Diff: 13, Sum: 295]
      [Scan RS (ms): Min: 2.6, Avg: 3.3, Max: 3.7, Diff: 1.1, Sum: 26.1]
      [Code Root Scanning (ms): Min: 0.0, Avg: 0.0, Max: 0.0, Diff: 0.0, Sum: 0.0]
      [Object Copy (ms): Min: 26.7, Avg: 26.8, Max: 26.9, Diff: 0.2, Sum: 214.7]
      [Termination (ms): Min: 0.0, Avg: 0.1, Max: 0.2, Diff: 0.1, Sum: 0.9]
         [Termination Attempts: Min: 1, Avg: 585.3, Max: 787, Diff: 786, Sum: 4682]
      [GC Worker Other (ms): Min: 0.0, Avg: 0.0, Max: 0.0, Diff: 0.0, Sum: 0.1]
      [GC Worker Total (ms): Min: 63.2, Avg: 63.2, Max: 63.3, Diff: 0.1, Sum: 505.7]
      [GC Worker End (ms): Min: 86071.9, Avg: 86071.9, Max: 86072.0, Diff: 0.0]
   [Code Root Fixup: 0.0 ms]
   [Code Root Purge: 0.0 ms]
   [Clear CT: 0.1 ms]
   [Other: 0.8 ms]
      [Choose CSet: 0.0 ms]
      [Ref Proc: 0.2 ms]
      [Ref Enq: 0.0 ms]
      [Redirty Cards: 0.1 ms]
      [Humongous Register: 0.1 ms]
      [Humongous Reclaim: 0.0 ms]
      [Free CSet: 0.1 ms]
   [Eden: 1024.0K(284.0M)->0.0B(286.0M) Survivors: 41.0M->3072.0K Heap: 1053.8M(2048.0M)->1057.3M(2048.0M)]
 [Times: user=0.44 sys=0.00, real=0.07 secs] 
2020-09-29T12:00:23.842+0200: 86.073: [GC concurrent-root-region-scan-start]
2020-09-29T12:00:23.842+0200: 86.073: [GC concurrent-root-region-scan-end, 0.0003625 secs]
2020-09-29T12:00:23.842+0200: 86.073: [GC concurrent-mark-start]
2020-09-29T12:00:23.846+0200: 86.077: [GC concurrent-mark-end, 0.0035664 secs]
2020-09-29T12:00:23.846+0200: 86.077: [GC remark 2020-09-29T12:00:23.846+0200: 86.077: [Finalize Marking, 0.0002558 secs] 2020-09-29T12:00:23.846+0200: 86.078: [GC ref-proc, 0.0004147 secs] 2020-09-29T12:00:23.847+0200: 86.078: [Unloading, 0.0005035 secs], 0.0015175 secs]
 [Times: user=0.00 sys=0.00, real=0.00 secs] 
2020-09-29T12:00:23.848+0200: 86.079: [GC cleanup 1066M->17M(2048M), 0.0015388 secs]
 [Times: user=0.00 sys=0.00, real=0.00 secs] 
2020-09-29T12:00:23.850+0200: 86.081: [GC concurrent-cleanup-start]
2020-09-29T12:00:23.852+0200: 86.083: [GC concurrent-cleanup-end, 0.0020652 secs]
2020-09-29T12:00:24.123+0200: 86.354: [GC pause (G1 Evacuation Pause) (young), 0.1673731 secs]
   [Parallel Time: 166.2 ms, GC Workers: 8]
      [GC Worker Start (ms): Min: 86354.1, Avg: 86354.6, Max: 86356.0, Diff: 1.9]
      [Ext Root Scanning (ms): Min: 0.0, Avg: 0.1, Max: 0.2, Diff: 0.2, Sum: 0.7]
      [Update RS (ms): Min: 14.9, Avg: 16.1, Max: 16.6, Diff: 1.7, Sum: 128.7]
         [Processed Buffers: Min: 12, Avg: 15.5, Max: 18, Diff: 6, Sum: 124]
      [Scan RS (ms): Min: 14.0, Avg: 14.5, Max: 17.1, Diff: 3.1, Sum: 116.3]
      [Code Root Scanning (ms): Min: 0.0, Avg: 0.0, Max: 0.0, Diff: 0.0, Sum: 0.0]
      [Object Copy (ms): Min: 132.0, Avg: 134.8, Max: 135.3, Diff: 3.2, Sum: 1078.6]
      [Termination (ms): Min: 0.0, Avg: 0.0, Max: 0.1, Diff: 0.1, Sum: 0.3]
         [Termination Attempts: Min: 1, Avg: 17.1, Max: 31, Diff: 30, Sum: 137]
      [GC Worker Other (ms): Min: 0.0, Avg: 0.0, Max: 0.1, Diff: 0.1, Sum: 0.2]
      [GC Worker Total (ms): Min: 164.2, Avg: 165.6, Max: 166.1, Diff: 2.0, Sum: 1324.8]
      [GC Worker End (ms): Min: 86520.2, Avg: 86520.2, Max: 86520.2, Diff: 0.1]
   [Code Root Fixup: 0.0 ms]
   [Code Root Purge: 0.0 ms]
   [Clear CT: 0.2 ms]
   [Other: 1.0 ms]
      [Choose CSet: 0.0 ms]
      [Ref Proc: 0.2 ms]
      [Ref Enq: 0.0 ms]
      [Redirty Cards: 0.2 ms]
      [Humongous Register: 0.1 ms]
      [Humongous Reclaim: 0.0 ms]
      [Free CSet: 0.2 ms]
   [Eden: 286.0M(286.0M)->0.0B(264.0M) Survivors: 3072.0K->37.0M Heap: 342.2M(2048.0M)->341.7M(2048.0M)]
 [Times: user=1.20 sys=0.01, real=0.17 secs] 
2020-09-29T12:00:24.483+0200: 86.714: [GC pause (G1 Evacuation Pause) (young), 0.2050125 secs]
   [Parallel Time: 203.9 ms, GC Workers: 8]
      [GC Worker Start (ms): Min: 86713.8, Avg: 86713.8, Max: 86713.9, Diff: 0.2]
      [Ext Root Scanning (ms): Min: 0.0, Avg: 0.1, Max: 0.1, Diff: 0.1, Sum: 0.6]
      [Update RS (ms): Min: 23.1, Avg: 23.3, Max: 24.8, Diff: 1.7, Sum: 186.4]
         [Processed Buffers: Min: 0, Avg: 22.3, Max: 29, Diff: 29, Sum: 178]
      [Scan RS (ms): Min: 13.9, Avg: 15.5, Max: 16.6, Diff: 2.7, Sum: 124.4]
      [Code Root Scanning (ms): Min: 0.0, Avg: 0.0, Max: 0.0, Diff: 0.0, Sum: 0.0]
      [Object Copy (ms): Min: 163.8, Avg: 164.6, Max: 164.9, Diff: 1.1, Sum: 1317.0]
      [Termination (ms): Min: 0.0, Avg: 0.1, Max: 0.2, Diff: 0.2, Sum: 1.2]
         [Termination Attempts: Min: 1, Avg: 651.6, Max: 964, Diff: 963, Sum: 5213]
      [GC Worker Other (ms): Min: 0.0, Avg: 0.0, Max: 0.0, Diff: 0.0, Sum: 0.1]
      [GC Worker Total (ms): Min: 203.6, Avg: 203.7, Max: 203.8, Diff: 0.2, Sum: 1629.7]
      [GC Worker End (ms): Min: 86917.5, Avg: 86917.5, Max: 86917.6, Diff: 0.0]
   [Code Root Fixup: 0.0 ms]
   [Code Root Purge: 0.0 ms]
   [Clear CT: 0.2 ms]
   [Other: 0.9 ms]
      [Choose CSet: 0.0 ms]
      [Ref Proc: 0.1 ms]
      [Ref Enq: 0.0 ms]
      [Redirty Cards: 0.3 ms]
      [Humongous Register: 0.0 ms]
      [Humongous Reclaim: 0.0 ms]
      [Free CSet: 0.3 ms]
   [Eden: 264.0M(264.0M)->0.0B(242.0M) Survivors: 37.0M->38.0M Heap: 651.5M(2048.0M)->653.5M(2048.0M)]
 [Times: user=1.36 sys=0.00, real=0.20 secs] 
2020-09-29T12:00:24.850+0200: 87.081: [GC pause (G1 Evacuation Pause) (young), 0.2114879 secs]
   [Parallel Time: 210.2 ms, GC Workers: 8]
      [GC Worker Start (ms): Min: 87081.5, Avg: 87084.4, Max: 87104.6, Diff: 23.1]
      [Ext Root Scanning (ms): Min: 0.0, Avg: 0.1, Max: 0.2, Diff: 0.2, Sum: 0.7]
      [Update RS (ms): Min: 0.0, Avg: 18.8, Max: 23.6, Diff: 23.6, Sum: 150.7]
         [Processed Buffers: Min: 0, Avg: 18.0, Max: 24, Diff: 24, Sum: 144]
      [Scan RS (ms): Min: 15.3, Avg: 17.6, Max: 21.6, Diff: 6.2, Sum: 141.0]
      [Code Root Scanning (ms): Min: 0.0, Avg: 0.0, Max: 0.0, Diff: 0.0, Sum: 0.0]
      [Object Copy (ms): Min: 167.0, Avg: 170.3, Max: 170.9, Diff: 3.9, Sum: 1362.8]
      [Termination (ms): Min: 0.1, Avg: 0.2, Max: 0.2, Diff: 0.2, Sum: 1.3]
         [Termination Attempts: Min: 1, Avg: 786.9, Max: 1112, Diff: 1111, Sum: 6295]
      [GC Worker Other (ms): Min: 0.0, Avg: 0.0, Max: 0.0, Diff: 0.0, Sum: 0.1]
      [GC Worker Total (ms): Min: 186.9, Avg: 207.1, Max: 210.0, Diff: 23.1, Sum: 1656.5]
      [GC Worker End (ms): Min: 87291.5, Avg: 87291.5, Max: 87291.5, Diff: 0.0]
   [Code Root Fixup: 0.0 ms]
   [Code Root Purge: 0.0 ms]
   [Clear CT: 0.3 ms]
   [Other: 1.0 ms]
      [Choose CSet: 0.0 ms]
      [Ref Proc: 0.2 ms]
      [Ref Enq: 0.0 ms]
      [Redirty Cards: 0.2 ms]
      [Humongous Register: 0.1 ms]
      [Humongous Reclaim: 0.0 ms]
      [Free CSet: 0.3 ms]
   [Eden: 242.0M(242.0M)->0.0B(220.0M) Survivors: 38.0M->35.0M Heap: 935.5M(2048.0M)->937.5M(2048.0M)]
 [Times: user=1.33 sys=0.02, real=0.21 secs] 
2020-09-29T12:00:25.123+0200: 87.354: [GC pause (G1 Humongous Allocation) (young) (initial-mark), 0.0643422 secs]
   [Parallel Time: 63.4 ms, GC Workers: 8]
      [GC Worker Start (ms): Min: 87354.5, Avg: 87354.6, Max: 87354.6, Diff: 0.1]
      [Ext Root Scanning (ms): Min: 0.0, Avg: 0.1, Max: 0.2, Diff: 0.1, Sum: 0.8]
      [Update RS (ms): Min: 15.9, Avg: 16.1, Max: 16.6, Diff: 0.7, Sum: 129.2]
         [Processed Buffers: Min: 17, Avg: 18.1, Max: 19, Diff: 2, Sum: 145]
      [Scan RS (ms): Min: 1.8, Avg: 2.2, Max: 2.5, Diff: 0.6, Sum: 17.8]
      [Code Root Scanning (ms): Min: 0.0, Avg: 0.0, Max: 0.0, Diff: 0.0, Sum: 0.0]
      [Object Copy (ms): Min: 44.7, Avg: 44.7, Max: 44.8, Diff: 0.1, Sum: 357.5]
      [Termination (ms): Min: 0.0, Avg: 0.0, Max: 0.1, Diff: 0.1, Sum: 0.3]
         [Termination Attempts: Min: 1, Avg: 228.4, Max: 346, Diff: 345, Sum: 1827]
      [GC Worker Other (ms): Min: 0.0, Avg: 0.0, Max: 0.0, Diff: 0.0, Sum: 0.1]
      [GC Worker Total (ms): Min: 63.1, Avg: 63.2, Max: 63.3, Diff: 0.1, Sum: 505.7]
      [GC Worker End (ms): Min: 87417.8, Avg: 87417.8, Max: 87417.8, Diff: 0.0]
   [Code Root Fixup: 0.0 ms]
   [Code Root Purge: 0.0 ms]
   [Clear CT: 0.2 ms]
   [Other: 0.7 ms]
      [Choose CSet: 0.0 ms]
      [Ref Proc: 0.1 ms]
      [Ref Enq: 0.0 ms]
      [Redirty Cards: 0.2 ms]
      [Humongous Register: 0.0 ms]
      [Humongous Reclaim: 0.0 ms]
      [Free CSet: 0.1 ms]
   [Eden: 78.0M(220.0M)->0.0B(256.0M) Survivors: 35.0M->32.0M Heap: 1027.0M(2048.0M)->1028.5M(2048.0M)]
 [Times: user=0.50 sys=0.00, real=0.07 secs] 
2020-09-29T12:00:25.188+0200: 87.419: [GC concurrent-root-region-scan-start]
2020-09-29T12:00:25.197+0200: 87.428: [GC concurrent-root-region-scan-end, 0.0087684 secs]
2020-09-29T12:00:25.197+0200: 87.428: [GC concurrent-mark-start]
2020-09-29T12:00:25.200+0200: 87.431: [GC concurrent-mark-end, 0.0038133 secs]
2020-09-29T12:00:25.201+0200: 87.432: [GC remark 2020-09-29T12:00:25.201+0200: 87.432: [Finalize Marking, 0.0002314 secs] 2020-09-29T12:00:25.201+0200: 87.432: [GC ref-proc, 0.0003014 secs] 2020-09-29T12:00:25.201+0200: 87.432: [Unloading, 0.0003722 secs], 0.0012847 secs]
 [Times: user=0.00 sys=0.00, real=0.00 secs] 
2020-09-29T12:00:25.202+0200: 87.433: [GC cleanup 1050M->59M(2048M), 0.0012639 secs]
 [Times: user=0.00 sys=0.00, real=0.00 secs] 
2020-09-29T12:00:25.204+0200: 87.435: [GC concurrent-cleanup-start]
2020-09-29T12:00:25.205+0200: 87.436: [GC concurrent-cleanup-end, 0.0016642 secs]
2020-09-29T12:00:25.347+0200: 87.579: [GC pause (G1 Evacuation Pause) (young), 0.1259068 secs]
   [Parallel Time: 124.7 ms, GC Workers: 8]
      [GC Worker Start (ms): Min: 87578.6, Avg: 87578.7, Max: 87578.7, Diff: 0.1]
      [Ext Root Scanning (ms): Min: 0.0, Avg: 0.1, Max: 0.1, Diff: 0.1, Sum: 0.6]
      [Update RS (ms): Min: 15.4, Avg: 15.5, Max: 15.6, Diff: 0.2, Sum: 123.8]
         [Processed Buffers: Min: 17, Avg: 18.1, Max: 19, Diff: 2, Sum: 145]
      [Scan RS (ms): Min: 10.1, Avg: 10.2, Max: 10.3, Diff: 0.1, Sum: 81.6]
      [Code Root Scanning (ms): Min: 0.0, Avg: 0.0, Max: 0.0, Diff: 0.0, Sum: 0.0]
      [Object Copy (ms): Min: 98.8, Avg: 98.8, Max: 98.8, Diff: 0.1, Sum: 790.4]
      [Termination (ms): Min: 0.0, Avg: 0.0, Max: 0.0, Diff: 0.0, Sum: 0.2]
         [Termination Attempts: Min: 1, Avg: 161.6, Max: 234, Diff: 233, Sum: 1293]
      [GC Worker Other (ms): Min: 0.0, Avg: 0.0, Max: 0.1, Diff: 0.1, Sum: 0.3]
      [GC Worker Total (ms): Min: 124.6, Avg: 124.6, Max: 124.7, Diff: 0.1, Sum: 996.9]
      [GC Worker End (ms): Min: 87703.3, Avg: 87703.3, Max: 87703.3, Diff: 0.1]
   [Code Root Fixup: 0.0 ms]
   [Code Root Purge: 0.0 ms]
   [Clear CT: 0.2 ms]
   [Other: 1.0 ms]
      [Choose CSet: 0.0 ms]
      [Ref Proc: 0.2 ms]
      [Ref Enq: 0.0 ms]
      [Redirty Cards: 0.2 ms]
      [Humongous Register: 0.0 ms]
      [Humongous Reclaim: 0.0 ms]
      [Free CSet: 0.3 ms]
   [Eden: 256.0M(256.0M)->0.0B(280.0M) Survivors: 32.0M->36.0M Heap: 337.9M(2048.0M)->307.4M(2048.0M)]
 [Times: user=1.00 sys=0.00, real=0.13 secs] 
2020-09-29T12:00:25.631+0200: 87.863: [GC pause (G1 Evacuation Pause) (young), 0.1564063 secs]
   [Parallel Time: 155.1 ms, GC Workers: 8]
      [GC Worker Start (ms): Min: 87863.2, Avg: 87863.2, Max: 87863.3, Diff: 0.1]
      [Ext Root Scanning (ms): Min: 0.0, Avg: 0.1, Max: 0.1, Diff: 0.1, Sum: 0.7]
      [Update RS (ms): Min: 21.0, Avg: 21.1, Max: 21.4, Diff: 0.5, Sum: 169.0]
         [Processed Buffers: Min: 21, Avg: 23.9, Max: 28, Diff: 7, Sum: 191]
      [Scan RS (ms): Min: 12.0, Avg: 12.2, Max: 12.3, Diff: 0.3, Sum: 97.8]
      [Code Root Scanning (ms): Min: 0.0, Avg: 0.0, Max: 0.0, Diff: 0.0, Sum: 0.0]
      [Object Copy (ms): Min: 121.3, Avg: 121.4, Max: 121.5, Diff: 0.2, Sum: 971.3]
      [Termination (ms): Min: 0.0, Avg: 0.0, Max: 0.0, Diff: 0.0, Sum: 0.1]
         [Termination Attempts: Min: 1, Avg: 51.9, Max: 68, Diff: 67, Sum: 415]
      [GC Worker Other (ms): Min: 0.0, Avg: 0.1, Max: 0.1, Diff: 0.1, Sum: 0.4]
      [GC Worker Total (ms): Min: 154.8, Avg: 154.9, Max: 155.0, Diff: 0.2, Sum: 1239.3]
      [GC Worker End (ms): Min: 88018.1, Avg: 88018.1, Max: 88018.2, Diff: 0.1]
   [Code Root Fixup: 0.0 ms]
   [Code Root Purge: 0.0 ms]
   [Clear CT: 0.3 ms]
   [Other: 1.0 ms]
      [Choose CSet: 0.0 ms]
      [Ref Proc: 0.2 ms]
      [Ref Enq: 0.0 ms]
      [Redirty Cards: 0.2 ms]
      [Humongous Register: 0.0 ms]
      [Humongous Reclaim: 0.0 ms]
      [Free CSet: 0.3 ms]
   [Eden: 280.0M(280.0M)->0.0B(285.0M) Survivors: 36.0M->40.0M Heap: 633.1M(2048.0M)->635.1M(2048.0M)]
 [Times: user=1.23 sys=0.00, real=0.16 secs] 
2020-09-29T12:00:25.990+0200: 88.221: [GC pause (G1 Evacuation Pause) (young), 0.3150623 secs]
   [Parallel Time: 313.8 ms, GC Workers: 8]
      [GC Worker Start (ms): Min: 88221.5, Avg: 88221.6, Max: 88221.7, Diff: 0.2]
      [Ext Root Scanning (ms): Min: 0.0, Avg: 0.1, Max: 0.1, Diff: 0.1, Sum: 0.7]
      [Update RS (ms): Min: 29.2, Avg: 29.5, Max: 30.0, Diff: 0.8, Sum: 236.4]
         [Processed Buffers: Min: 2, Avg: 22.0, Max: 30, Diff: 28, Sum: 176]
      [Scan RS (ms): Min: 20.0, Avg: 21.8, Max: 31.1, Diff: 11.1, Sum: 174.0]
      [Code Root Scanning (ms): Min: 0.0, Avg: 0.0, Max: 0.0, Diff: 0.0, Sum: 0.0]
      [Object Copy (ms): Min: 252.3, Avg: 261.8, Max: 263.4, Diff: 11.1, Sum: 2094.8]
      [Termination (ms): Min: 0.1, Avg: 0.2, Max: 0.3, Diff: 0.3, Sum: 1.6]
         [Termination Attempts: Min: 1, Avg: 721.6, Max: 1337, Diff: 1336, Sum: 5773]
      [GC Worker Other (ms): Min: 0.0, Avg: 0.0, Max: 0.0, Diff: 0.0, Sum: 0.2]
      [GC Worker Total (ms): Min: 313.3, Avg: 313.5, Max: 313.5, Diff: 0.3, Sum: 2507.6]
      [GC Worker End (ms): Min: 88535.0, Avg: 88535.0, Max: 88535.0, Diff: 0.0]
   [Code Root Fixup: 0.0 ms]
   [Code Root Purge: 0.0 ms]
   [Clear CT: 0.2 ms]
   [Other: 1.0 ms]
      [Choose CSet: 0.0 ms]
      [Ref Proc: 0.2 ms]
      [Ref Enq: 0.0 ms]
      [Redirty Cards: 0.3 ms]
      [Humongous Register: 0.1 ms]
      [Humongous Reclaim: 0.0 ms]
      [Free CSet: 0.3 ms]
   [Eden: 285.0M(285.0M)->0.0B(184.0M) Survivors: 40.0M->41.0M Heap: 967.8M(2048.0M)->969.8M(2048.0M)]
 [Times: user=1.83 sys=0.00, real=0.32 secs] 
2020-09-29T12:00:26.319+0200: 88.550: [GC pause (G1 Humongous Allocation) (young) (initial-mark), 0.0554993 secs]
   [Parallel Time: 54.6 ms, GC Workers: 8]
      [GC Worker Start (ms): Min: 88550.7, Avg: 88550.7, Max: 88550.8, Diff: 0.2]
      [Ext Root Scanning (ms): Min: 0.0, Avg: 0.8, Max: 2.3, Diff: 2.3, Sum: 6.4]
      [Update RS (ms): Min: 28.3, Avg: 29.9, Max: 30.7, Diff: 2.3, Sum: 239.2]
         [Processed Buffers: Min: 27, Avg: 33.4, Max: 37, Diff: 10, Sum: 267]
      [Scan RS (ms): Min: 2.7, Avg: 3.2, Max: 3.9, Diff: 1.2, Sum: 25.6]
      [Code Root Scanning (ms): Min: 0.0, Avg: 0.0, Max: 0.0, Diff: 0.0, Sum: 0.0]
      [Object Copy (ms): Min: 19.9, Avg: 20.4, Max: 20.5, Diff: 0.7, Sum: 163.5]
      [Termination (ms): Min: 0.0, Avg: 0.0, Max: 0.0, Diff: 0.0, Sum: 0.1]
         [Termination Attempts: Min: 1, Avg: 78.0, Max: 111, Diff: 110, Sum: 624]
      [GC Worker Other (ms): Min: 0.0, Avg: 0.0, Max: 0.0, Diff: 0.0, Sum: 0.2]
      [GC Worker Total (ms): Min: 54.3, Avg: 54.4, Max: 54.4, Diff: 0.2, Sum: 435.0]
      [GC Worker End (ms): Min: 88605.1, Avg: 88605.1, Max: 88605.1, Diff: 0.0]
   [Code Root Fixup: 0.0 ms]
   [Code Root Purge: 0.0 ms]
   [Clear CT: 0.1 ms]
   [Other: 0.8 ms]
      [Choose CSet: 0.0 ms]
      [Ref Proc: 0.2 ms]
      [Ref Enq: 0.0 ms]
      [Redirty Cards: 0.2 ms]
      [Humongous Register: 0.1 ms]
      [Humongous Reclaim: 0.0 ms]
      [Free CSet: 0.1 ms]
   [Eden: 4096.0K(184.0M)->0.0B(239.0M) Survivors: 41.0M->6144.0K Heap: 973.3M(2048.0M)->977.3M(2048.0M)]
 [Times: user=0.38 sys=0.00, real=0.06 secs] 
2020-09-29T12:00:26.374+0200: 88.606: [GC concurrent-root-region-scan-start]
2020-09-29T12:00:26.376+0200: 88.607: [GC concurrent-root-region-scan-end, 0.0011298 secs]
2020-09-29T12:00:26.376+0200: 88.607: [GC concurrent-mark-start]
2020-09-29T12:00:26.380+0200: 88.612: [GC concurrent-mark-end, 0.0040930 secs]
2020-09-29T12:00:26.380+0200: 88.612: [GC remark 2020-09-29T12:00:26.380+0200: 88.612: [Finalize Marking, 0.0002452 secs] 2020-09-29T12:00:26.380+0200: 88.612: [GC ref-proc, 0.0004124 secs] 2020-09-29T12:00:26.381+0200: 88.613: [Unloading, 0.0004633 secs], 0.0014860 secs]
 [Times: user=0.00 sys=0.00, real=0.00 secs] 
2020-09-29T12:00:26.382+0200: 88.614: [GC cleanup 979M->13M(2048M), 0.0012411 secs]
 [Times: user=0.00 sys=0.00, real=0.00 secs] 
2020-09-29T12:00:26.383+0200: 88.615: [GC concurrent-cleanup-start]
2020-09-29T12:00:26.385+0200: 88.616: [GC concurrent-cleanup-end, 0.0015751 secs]
2020-09-29T12:00:26.570+0200: 88.801: [GC pause (G1 Evacuation Pause) (young), 0.1212767 secs]
   [Parallel Time: 120.0 ms, GC Workers: 8]
      [GC Worker Start (ms): Min: 88801.4, Avg: 88801.7, Max: 88802.1, Diff: 0.6]
      [Ext Root Scanning (ms): Min: 0.0, Avg: 0.1, Max: 0.2, Diff: 0.2, Sum: 0.6]
      [Update RS (ms): Min: 13.9, Avg: 14.5, Max: 15.1, Diff: 1.1, Sum: 115.6]
         [Processed Buffers: Min: 14, Avg: 15.4, Max: 18, Diff: 4, Sum: 123]
      [Scan RS (ms): Min: 8.9, Avg: 9.3, Max: 9.6, Diff: 0.7, Sum: 74.8]
      [Code Root Scanning (ms): Min: 0.0, Avg: 0.0, Max: 0.0, Diff: 0.0, Sum: 0.0]
      [Object Copy (ms): Min: 95.6, Avg: 95.6, Max: 95.7, Diff: 0.1, Sum: 765.1]
      [Termination (ms): Min: 0.0, Avg: 0.1, Max: 0.1, Diff: 0.1, Sum: 0.5]
         [Termination Attempts: Min: 1, Avg: 465.9, Max: 689, Diff: 688, Sum: 3727]
      [GC Worker Other (ms): Min: 0.0, Avg: 0.0, Max: 0.1, Diff: 0.0, Sum: 0.2]
      [GC Worker Total (ms): Min: 119.3, Avg: 119.6, Max: 119.9, Diff: 0.7, Sum: 956.8]
      [GC Worker End (ms): Min: 88921.3, Avg: 88921.3, Max: 88921.4, Diff: 0.0]
   [Code Root Fixup: 0.0 ms]
   [Code Root Purge: 0.0 ms]
   [Clear CT: 0.1 ms]
   [Other: 1.1 ms]
      [Choose CSet: 0.0 ms]
      [Ref Proc: 0.2 ms]
      [Ref Enq: 0.0 ms]
      [Redirty Cards: 0.2 ms]
      [Humongous Register: 0.1 ms]
      [Humongous Reclaim: 0.0 ms]
      [Free CSet: 0.3 ms]
   [Eden: 239.0M(239.0M)->0.0B(247.0M) Survivors: 6144.0K->31.0M Heap: 290.6M(2048.0M)->287.1M(2048.0M)]
 [Times: user=0.84 sys=0.00, real=0.12 secs] 
2020-09-29T12:00:26.850+0200: 89.081: [GC pause (G1 Evacuation Pause) (young), 0.1871514 secs]
   [Parallel Time: 186.0 ms, GC Workers: 8]
      [GC Worker Start (ms): Min: 89081.5, Avg: 89081.6, Max: 89081.7, Diff: 0.2]
      [Ext Root Scanning (ms): Min: 0.0, Avg: 0.1, Max: 0.1, Diff: 0.1, Sum: 0.7]
      [Update RS (ms): Min: 25.4, Avg: 25.9, Max: 27.2, Diff: 1.7, Sum: 207.0]
         [Processed Buffers: Min: 1, Avg: 18.6, Max: 27, Diff: 26, Sum: 149]
      [Scan RS (ms): Min: 13.2, Avg: 15.6, Max: 29.4, Diff: 16.2, Sum: 124.8]
      [Code Root Scanning (ms): Min: 0.0, Avg: 0.0, Max: 0.0, Diff: 0.0, Sum: 0.0]
      [Object Copy (ms): Min: 129.0, Avg: 144.1, Max: 146.4, Diff: 17.4, Sum: 1152.8]
      [Termination (ms): Min: 0.0, Avg: 0.2, Max: 0.3, Diff: 0.3, Sum: 1.5]
         [Termination Attempts: Min: 1, Avg: 1283.0, Max: 2056, Diff: 2055, Sum: 10264]
      [GC Worker Other (ms): Min: 0.0, Avg: 0.0, Max: 0.0, Diff: 0.0, Sum: 0.1]
      [GC Worker Total (ms): Min: 185.8, Avg: 185.9, Max: 185.9, Diff: 0.2, Sum: 1486.9]
      [GC Worker End (ms): Min: 89267.5, Avg: 89267.5, Max: 89267.5, Diff: 0.0]
   [Code Root Fixup: 0.0 ms]
   [Code Root Purge: 0.0 ms]
   [Clear CT: 0.2 ms]
   [Other: 0.9 ms]
      [Choose CSet: 0.0 ms]
      [Ref Proc: 0.1 ms]
      [Ref Enq: 0.0 ms]
      [Redirty Cards: 0.3 ms]
      [Humongous Register: 0.0 ms]
      [Humongous Reclaim: 0.0 ms]
      [Free CSet: 0.3 ms]
   [Eden: 247.0M(247.0M)->0.0B(230.0M) Survivors: 31.0M->35.0M Heap: 576.0M(2048.0M)->577.5M(2048.0M)]
 [Times: user=1.27 sys=0.02, real=0.19 secs] 
2020-09-29T12:00:27.192+0200: 89.424: [GC pause (G1 Evacuation Pause) (young), 0.1770670 secs]
   [Parallel Time: 175.7 ms, GC Workers: 8]
      [GC Worker Start (ms): Min: 89424.2, Avg: 89424.3, Max: 89424.3, Diff: 0.1]
      [Ext Root Scanning (ms): Min: 0.0, Avg: 0.1, Max: 0.1, Diff: 0.1, Sum: 0.7]
      [Update RS (ms): Min: 14.9, Avg: 15.0, Max: 15.5, Diff: 0.6, Sum: 120.3]
         [Processed Buffers: Min: 8, Avg: 15.4, Max: 18, Diff: 10, Sum: 123]
      [Scan RS (ms): Min: 11.0, Avg: 11.5, Max: 11.6, Diff: 0.6, Sum: 91.6]
      [Code Root Scanning (ms): Min: 0.0, Avg: 0.0, Max: 0.0, Diff: 0.0, Sum: 0.0]
      [Object Copy (ms): Min: 148.4, Avg: 148.5, Max: 148.8, Diff: 0.4, Sum: 1188.3]
      [Termination (ms): Min: 0.1, Avg: 0.4, Max: 0.4, Diff: 0.4, Sum: 2.8]
         [Termination Attempts: Min: 1, Avg: 2031.5, Max: 2691, Diff: 2690, Sum: 16252]
      [GC Worker Other (ms): Min: 0.0, Avg: 0.0, Max: 0.0, Diff: 0.0, Sum: 0.1]
      [GC Worker Total (ms): Min: 175.4, Avg: 175.5, Max: 175.5, Diff: 0.1, Sum: 1403.8]
      [GC Worker End (ms): Min: 89599.7, Avg: 89599.8, Max: 89599.8, Diff: 0.0]
   [Code Root Fixup: 0.0 ms]
   [Code Root Purge: 0.0 ms]
   [Clear CT: 0.2 ms]
   [Other: 1.2 ms]
      [Choose CSet: 0.0 ms]
      [Ref Proc: 0.2 ms]
      [Ref Enq: 0.0 ms]
      [Redirty Cards: 0.5 ms]
      [Humongous Register: 0.1 ms]
      [Humongous Reclaim: 0.0 ms]
      [Free CSet: 0.3 ms]
   [Eden: 230.0M(230.0M)->0.0B(229.0M) Survivors: 35.0M->34.0M Heap: 845.7M(2048.0M)->848.2M(2048.0M)]
 [Times: user=1.27 sys=0.00, real=0.18 secs] 
2020-09-29T12:00:27.516+0200: 89.748: [GC pause (G1 Evacuation Pause) (young), 0.1896355 secs]
   [Parallel Time: 188.7 ms, GC Workers: 8]
      [GC Worker Start (ms): Min: 89748.4, Avg: 89748.5, Max: 89748.6, Diff: 0.2]
      [Ext Root Scanning (ms): Min: 0.0, Avg: 0.1, Max: 0.1, Diff: 0.1, Sum: 0.7]
      [Update RS (ms): Min: 14.5, Avg: 14.8, Max: 15.1, Diff: 0.6, Sum: 118.0]
         [Processed Buffers: Min: 16, Avg: 17.3, Max: 19, Diff: 3, Sum: 138]
      [Scan RS (ms): Min: 9.8, Avg: 10.2, Max: 10.5, Diff: 0.7, Sum: 81.8]
      [Code Root Scanning (ms): Min: 0.0, Avg: 0.0, Max: 0.0, Diff: 0.0, Sum: 0.0]
      [Object Copy (ms): Min: 162.8, Avg: 163.0, Max: 163.4, Diff: 0.6, Sum: 1304.0]
      [Termination (ms): Min: 0.1, Avg: 0.4, Max: 0.6, Diff: 0.6, Sum: 3.2]
         [Termination Attempts: Min: 1, Avg: 2228.9, Max: 3624, Diff: 3623, Sum: 17831]
      [GC Worker Other (ms): Min: 0.0, Avg: 0.0, Max: 0.0, Diff: 0.0, Sum: 0.1]
      [GC Worker Total (ms): Min: 188.4, Avg: 188.5, Max: 188.5, Diff: 0.2, Sum: 1507.9]
      [GC Worker End (ms): Min: 89936.9, Avg: 89936.9, Max: 89936.9, Diff: 0.0]
   [Code Root Fixup: 0.0 ms]
   [Code Root Purge: 0.0 ms]
   [Clear CT: 0.1 ms]
   [Other: 0.8 ms]
      [Choose CSet: 0.0 ms]
      [Ref Proc: 0.1 ms]
      [Ref Enq: 0.0 ms]
      [Redirty Cards: 0.2 ms]
      [Humongous Register: 0.1 ms]
      [Humongous Reclaim: 0.0 ms]
      [Free CSet: 0.2 ms]
   [Eden: 229.0M(229.0M)->0.0B(222.0M) Survivors: 34.0M->33.0M Heap: 1115.3M(2048.0M)->1116.8M(2048.0M)]
 [Times: user=1.30 sys=0.00, real=0.19 secs] 
2020-09-29T12:00:27.723+0200: 89.954: [GC pause (G1 Humongous Allocation) (young) (initial-mark), 0.0594963 secs]
   [Parallel Time: 58.2 ms, GC Workers: 8]
      [GC Worker Start (ms): Min: 89954.6, Avg: 89954.6, Max: 89954.8, Diff: 0.2]
      [Ext Root Scanning (ms): Min: 0.0, Avg: 0.8, Max: 2.8, Diff: 2.8, Sum: 6.5]
      [Update RS (ms): Min: 19.5, Avg: 21.6, Max: 22.6, Diff: 3.1, Sum: 173.2]
         [Processed Buffers: Min: 22, Avg: 25.0, Max: 28, Diff: 6, Sum: 200]
      [Scan RS (ms): Min: 2.0, Avg: 2.3, Max: 3.2, Diff: 1.2, Sum: 18.8]
      [Code Root Scanning (ms): Min: 0.0, Avg: 0.0, Max: 0.0, Diff: 0.0, Sum: 0.0]
      [Object Copy (ms): Min: 31.8, Avg: 32.9, Max: 33.2, Diff: 1.4, Sum: 263.1]
      [Termination (ms): Min: 0.1, Avg: 0.3, Max: 0.3, Diff: 0.2, Sum: 2.1]
         [Termination Attempts: Min: 1, Avg: 791.5, Max: 1230, Diff: 1229, Sum: 6332]
      [GC Worker Other (ms): Min: 0.0, Avg: 0.0, Max: 0.0, Diff: 0.0, Sum: 0.1]
      [GC Worker Total (ms): Min: 57.9, Avg: 58.0, Max: 58.0, Diff: 0.2, Sum: 463.8]
      [GC Worker End (ms): Min: 90012.6, Avg: 90012.6, Max: 90012.6, Diff: 0.0]
   [Code Root Fixup: 0.0 ms]
   [Code Root Purge: 0.0 ms]
   [Clear CT: 0.4 ms]
   [Other: 1.0 ms]
      [Choose CSet: 0.0 ms]
      [Ref Proc: 0.2 ms]
      [Ref Enq: 0.0 ms]
      [Redirty Cards: 0.3 ms]
      [Humongous Register: 0.1 ms]
      [Humongous Reclaim: 0.0 ms]
      [Free CSet: 0.1 ms]
   [Eden: 5120.0K(222.0M)->0.0B(219.0M) Survivors: 33.0M->7168.0K Heap: 1121.8M(2048.0M)->1125.8M(2048.0M)]
 [Times: user=0.34 sys=0.02, real=0.06 secs] 
2020-09-29T12:00:27.782+0200: 90.014: [GC concurrent-root-region-scan-start]
2020-09-29T12:00:27.784+0200: 90.016: [GC concurrent-root-region-scan-end, 0.0021346 secs]
2020-09-29T12:00:27.784+0200: 90.016: [GC concurrent-mark-start]
2020-09-29T12:00:27.789+0200: 90.021: [GC concurrent-mark-end, 0.0043067 secs]
2020-09-29T12:00:27.790+0200: 90.021: [GC remark 2020-09-29T12:00:27.790+0200: 90.021: [Finalize Marking, 0.0001629 secs] 2020-09-29T12:00:27.790+0200: 90.021: [GC ref-proc, 0.0003979 secs] 2020-09-29T12:00:27.790+0200: 90.022: [Unloading, 0.0005096 secs], 0.0016110 secs]
 [Times: user=0.00 sys=0.00, real=0.00 secs] 
2020-09-29T12:00:27.791+0200: 90.023: [GC cleanup 1136M->23M(2048M), 0.0015662 secs]
 [Times: user=0.00 sys=0.00, real=0.00 secs] 
2020-09-29T12:00:27.793+0200: 90.025: [GC concurrent-cleanup-start]
2020-09-29T12:00:27.796+0200: 90.027: [GC concurrent-cleanup-end, 0.0024070 secs]
2020-09-29T12:00:27.921+0200: 90.152: [GC pause (G1 Evacuation Pause) (young), 0.1208885 secs]
   [Parallel Time: 119.8 ms, GC Workers: 8]
      [GC Worker Start (ms): Min: 90152.4, Avg: 90152.4, Max: 90152.5, Diff: 0.1]
      [Ext Root Scanning (ms): Min: 0.0, Avg: 0.1, Max: 0.1, Diff: 0.1, Sum: 0.6]
      [Update RS (ms): Min: 18.1, Avg: 18.5, Max: 20.9, Diff: 2.8, Sum: 148.0]
         [Processed Buffers: Min: 12, Avg: 18.4, Max: 24, Diff: 12, Sum: 147]
      [Scan RS (ms): Min: 8.9, Avg: 11.3, Max: 11.9, Diff: 2.9, Sum: 90.5]
      [Code Root Scanning (ms): Min: 0.0, Avg: 0.0, Max: 0.0, Diff: 0.0, Sum: 0.0]
      [Object Copy (ms): Min: 89.4, Avg: 89.6, Max: 89.7, Diff: 0.3, Sum: 716.5]
      [Termination (ms): Min: 0.0, Avg: 0.1, Max: 0.1, Diff: 0.1, Sum: 0.8]
         [Termination Attempts: Min: 1, Avg: 622.1, Max: 809, Diff: 808, Sum: 4977]
      [GC Worker Other (ms): Min: 0.0, Avg: 0.0, Max: 0.1, Diff: 0.1, Sum: 0.3]
      [GC Worker Total (ms): Min: 119.5, Avg: 119.6, Max: 119.6, Diff: 0.1, Sum: 956.7]
      [GC Worker End (ms): Min: 90272.0, Avg: 90272.0, Max: 90272.0, Diff: 0.1]
   [Code Root Fixup: 0.0 ms]
   [Code Root Purge: 0.0 ms]
   [Clear CT: 0.2 ms]
   [Other: 0.9 ms]
      [Choose CSet: 0.0 ms]
      [Ref Proc: 0.1 ms]
      [Ref Enq: 0.0 ms]
      [Redirty Cards: 0.2 ms]
      [Humongous Register: 0.0 ms]
      [Humongous Reclaim: 0.0 ms]
      [Free CSet: 0.2 ms]
   [Eden: 219.0M(219.0M)->0.0B(222.0M) Survivors: 7168.0K->29.0M Heap: 269.6M(2048.0M)->264.6M(2048.0M)]
 [Times: user=0.95 sys=0.02, real=0.12 secs] 
2020-09-29T12:00:28.166+0200: 90.398: [GC pause (G1 Evacuation Pause) (young), 0.1556972 secs]
   [Parallel Time: 154.6 ms, GC Workers: 8]
      [GC Worker Start (ms): Min: 90397.7, Avg: 90397.7, Max: 90397.8, Diff: 0.1]
      [Ext Root Scanning (ms): Min: 0.0, Avg: 0.1, Max: 0.1, Diff: 0.1, Sum: 0.7]
      [Update RS (ms): Min: 17.3, Avg: 18.9, Max: 28.2, Diff: 10.8, Sum: 151.1]
         [Processed Buffers: Min: 16, Avg: 17.9, Max: 21, Diff: 5, Sum: 143]
      [Scan RS (ms): Min: 2.9, Avg: 12.3, Max: 13.9, Diff: 11.1, Sum: 98.2]
      [Code Root Scanning (ms): Min: 0.0, Avg: 0.0, Max: 0.0, Diff: 0.0, Sum: 0.0]
      [Object Copy (ms): Min: 123.0, Avg: 123.1, Max: 123.2, Diff: 0.2, Sum: 984.9]
      [Termination (ms): Min: 0.0, Avg: 0.1, Max: 0.1, Diff: 0.1, Sum: 0.4]
         [Termination Attempts: Min: 1, Avg: 385.9, Max: 492, Diff: 491, Sum: 3087]
      [GC Worker Other (ms): Min: 0.0, Avg: 0.0, Max: 0.1, Diff: 0.1, Sum: 0.4]
      [GC Worker Total (ms): Min: 154.4, Avg: 154.5, Max: 154.5, Diff: 0.1, Sum: 1235.7]
      [GC Worker End (ms): Min: 90552.2, Avg: 90552.2, Max: 90552.2, Diff: 0.1]
   [Code Root Fixup: 0.0 ms]
   [Code Root Purge: 0.0 ms]
   [Clear CT: 0.2 ms]
   [Other: 0.9 ms]
      [Choose CSet: 0.0 ms]
      [Ref Proc: 0.2 ms]
      [Ref Enq: 0.0 ms]
      [Redirty Cards: 0.2 ms]
      [Humongous Register: 0.0 ms]
      [Humongous Reclaim: 0.0 ms]
      [Free CSet: 0.2 ms]
   [Eden: 222.0M(222.0M)->0.0B(227.0M) Survivors: 29.0M->32.0M Heap: 522.9M(2048.0M)->523.9M(2048.0M)]
 [Times: user=1.14 sys=0.02, real=0.16 secs] 
2020-09-29T12:00:28.457+0200: 90.688: [GC pause (G1 Evacuation Pause) (young), 0.1651444 secs]
   [Parallel Time: 164.1 ms, GC Workers: 8]
      [GC Worker Start (ms): Min: 90688.5, Avg: 90688.6, Max: 90688.7, Diff: 0.1]
      [Ext Root Scanning (ms): Min: 0.0, Avg: 0.1, Max: 0.1, Diff: 0.1, Sum: 0.5]
      [Update RS (ms): Min: 18.1, Avg: 19.8, Max: 30.6, Diff: 12.4, Sum: 158.1]
         [Processed Buffers: Min: 0, Avg: 17.6, Max: 23, Diff: 23, Sum: 141]
      [Scan RS (ms): Min: 0.0, Avg: 10.8, Max: 12.4, Diff: 12.4, Sum: 86.4]
      [Code Root Scanning (ms): Min: 0.0, Avg: 0.0, Max: 0.0, Diff: 0.0, Sum: 0.0]
      [Object Copy (ms): Min: 132.8, Avg: 132.9, Max: 132.9, Diff: 0.1, Sum: 1063.1]
      [Termination (ms): Min: 0.0, Avg: 0.1, Max: 0.1, Diff: 0.1, Sum: 0.5]
         [Termination Attempts: Min: 1, Avg: 482.1, Max: 614, Diff: 613, Sum: 3857]
      [GC Worker Other (ms): Min: 0.0, Avg: 0.3, Max: 0.4, Diff: 0.4, Sum: 2.0]
      [GC Worker Total (ms): Min: 163.5, Avg: 163.8, Max: 164.0, Diff: 0.5, Sum: 1310.6]
      [GC Worker End (ms): Min: 90852.2, Avg: 90852.4, Max: 90852.6, Diff: 0.4]
   [Code Root Fixup: 0.0 ms]
   [Code Root Purge: 0.0 ms]
   [Clear CT: 0.1 ms]
   [Other: 0.9 ms]
      [Choose CSet: 0.0 ms]
      [Ref Proc: 0.2 ms]
      [Ref Enq: 0.0 ms]
      [Redirty Cards: 0.2 ms]
      [Humongous Register: 0.0 ms]
      [Humongous Reclaim: 0.0 ms]
      [Free CSet: 0.2 ms]
   [Eden: 227.0M(227.0M)->0.0B(233.0M) Survivors: 32.0M->33.0M Heap: 789.0M(2048.0M)->791.5M(2048.0M)]
 [Times: user=1.33 sys=0.00, real=0.16 secs] 
2020-09-29T12:00:28.762+0200: 90.994: [GC pause (G1 Evacuation Pause) (young), 0.1397843 secs]
   [Parallel Time: 138.6 ms, GC Workers: 8]
      [GC Worker Start (ms): Min: 90993.7, Avg: 90993.7, Max: 90993.8, Diff: 0.1]
      [Ext Root Scanning (ms): Min: 0.0, Avg: 0.1, Max: 0.1, Diff: 0.1, Sum: 0.6]
      [Update RS (ms): Min: 18.6, Avg: 18.7, Max: 18.9, Diff: 0.3, Sum: 149.9]
         [Processed Buffers: Min: 12, Avg: 18.8, Max: 22, Diff: 10, Sum: 150]
      [Scan RS (ms): Min: 10.1, Avg: 10.4, Max: 11.0, Diff: 0.9, Sum: 83.2]
      [Code Root Scanning (ms): Min: 0.0, Avg: 0.0, Max: 0.0, Diff: 0.0, Sum: 0.0]
      [Object Copy (ms): Min: 108.7, Avg: 109.3, Max: 109.4, Diff: 0.7, Sum: 874.2]
      [Termination (ms): Min: 0.0, Avg: 0.0, Max: 0.0, Diff: 0.0, Sum: 0.1]
         [Termination Attempts: Min: 1, Avg: 48.6, Max: 75, Diff: 74, Sum: 389]
      [GC Worker Other (ms): Min: 0.0, Avg: 0.0, Max: 0.1, Diff: 0.0, Sum: 0.3]
      [GC Worker Total (ms): Min: 138.4, Avg: 138.5, Max: 138.6, Diff: 0.2, Sum: 1108.3]
      [GC Worker End (ms): Min: 91132.3, Avg: 91132.3, Max: 91132.3, Diff: 0.0]
   [Code Root Fixup: 0.0 ms]
   [Code Root Purge: 0.0 ms]
   [Clear CT: 0.2 ms]
   [Other: 0.9 ms]
      [Choose CSet: 0.0 ms]
      [Ref Proc: 0.1 ms]
      [Ref Enq: 0.0 ms]
      [Redirty Cards: 0.3 ms]
      [Humongous Register: 0.0 ms]
      [Humongous Reclaim: 0.0 ms]
      [Free CSet: 0.3 ms]
   [Eden: 233.0M(233.0M)->0.0B(253.0M) Survivors: 33.0M->34.0M Heap: 1062.7M(2048.0M)->1065.2M(2048.0M)]
 [Times: user=1.08 sys=0.00, real=0.14 secs] 
2020-09-29T12:00:28.904+0200: 91.135: [GC pause (G1 Humongous Allocation) (young) (initial-mark), 0.0509740 secs]
   [Parallel Time: 50.0 ms, GC Workers: 8]
      [GC Worker Start (ms): Min: 91135.5, Avg: 91135.5, Max: 91135.5, Diff: 0.1]
      [Ext Root Scanning (ms): Min: 0.1, Avg: 0.1, Max: 0.1, Diff: 0.1, Sum: 0.7]
      [Update RS (ms): Min: 33.0, Avg: 33.3, Max: 33.6, Diff: 0.6, Sum: 266.7]
         [Processed Buffers: Min: 43, Avg: 44.3, Max: 46, Diff: 3, Sum: 354]
      [Scan RS (ms): Min: 0.0, Avg: 0.0, Max: 0.1, Diff: 0.1, Sum: 0.1]
      [Code Root Scanning (ms): Min: 0.0, Avg: 0.0, Max: 0.0, Diff: 0.0, Sum: 0.0]
      [Object Copy (ms): Min: 16.2, Avg: 16.5, Max: 16.7, Diff: 0.5, Sum: 131.7]
      [Termination (ms): Min: 0.0, Avg: 0.0, Max: 0.0, Diff: 0.0, Sum: 0.2]
         [Termination Attempts: Min: 1, Avg: 171.5, Max: 227, Diff: 226, Sum: 1372]
      [GC Worker Other (ms): Min: 0.0, Avg: 0.0, Max: 0.0, Diff: 0.0, Sum: 0.1]
      [GC Worker Total (ms): Min: 49.9, Avg: 49.9, Max: 50.0, Diff: 0.1, Sum: 399.5]
      [GC Worker End (ms): Min: 91185.4, Avg: 91185.4, Max: 91185.4, Diff: 0.0]
   [Code Root Fixup: 0.0 ms]
   [Code Root Purge: 0.0 ms]
   [Clear CT: 0.2 ms]
   [Other: 0.8 ms]
      [Choose CSet: 0.0 ms]
      [Ref Proc: 0.2 ms]
      [Ref Enq: 0.0 ms]
      [Redirty Cards: 0.2 ms]
      [Humongous Register: 0.1 ms]
      [Humongous Reclaim: 0.0 ms]
      [Free CSet: 0.1 ms]
   [Eden: 4096.0K(253.0M)->0.0B(285.0M) Survivors: 34.0M->5120.0K Heap: 1068.7M(2048.0M)->1072.2M(2048.0M)]
 [Times: user=0.38 sys=0.00, real=0.05 secs] 
2020-09-29T12:00:28.955+0200: 91.186: [GC concurrent-root-region-scan-start]
2020-09-29T12:00:28.956+0200: 91.187: [GC concurrent-root-region-scan-end, 0.0009243 secs]
2020-09-29T12:00:28.956+0200: 91.187: [GC concurrent-mark-start]
2020-09-29T12:00:28.960+0200: 91.191: [GC concurrent-mark-end, 0.0035358 secs]
2020-09-29T12:00:28.960+0200: 91.191: [GC remark 2020-09-29T12:00:28.960+0200: 91.191: [Finalize Marking, 0.0002164 secs] 2020-09-29T12:00:28.960+0200: 91.191: [GC ref-proc, 0.0002820 secs] 2020-09-29T12:00:28.960+0200: 91.192: [Unloading, 0.0004619 secs], 0.0013351 secs]
 [Times: user=0.00 sys=0.00, real=0.00 secs] 
2020-09-29T12:00:28.962+0200: 91.193: [GC cleanup 1083M->21M(2048M), 0.0013310 secs]
 [Times: user=0.00 sys=0.00, real=0.00 secs] 
2020-09-29T12:00:28.963+0200: 91.194: [GC concurrent-cleanup-start]
2020-09-29T12:00:28.964+0200: 91.196: [GC concurrent-cleanup-end, 0.0012578 secs]
2020-09-29T12:00:29.110+0200: 91.341: [GC pause (G1 Evacuation Pause) (young), 0.1452620 secs]
   [Parallel Time: 144.0 ms, GC Workers: 8]
      [GC Worker Start (ms): Min: 91341.3, Avg: 91341.5, Max: 91341.5, Diff: 0.2]
      [Ext Root Scanning (ms): Min: 0.0, Avg: 0.1, Max: 0.2, Diff: 0.2, Sum: 0.4]
      [Update RS (ms): Min: 18.5, Avg: 18.7, Max: 19.1, Diff: 0.6, Sum: 150.0]
         [Processed Buffers: Min: 11, Avg: 19.8, Max: 23, Diff: 12, Sum: 158]
      [Scan RS (ms): Min: 10.6, Avg: 10.9, Max: 11.2, Diff: 0.6, Sum: 87.5]
      [Code Root Scanning (ms): Min: 0.0, Avg: 0.0, Max: 0.0, Diff: 0.0, Sum: 0.0]
      [Object Copy (ms): Min: 113.9, Avg: 114.0, Max: 114.1, Diff: 0.2, Sum: 912.3]
      [Termination (ms): Min: 0.0, Avg: 0.0, Max: 0.0, Diff: 0.0, Sum: 0.1]
         [Termination Attempts: Min: 1, Avg: 57.8, Max: 84, Diff: 83, Sum: 462]
      [GC Worker Other (ms): Min: 0.0, Avg: 0.0, Max: 0.1, Diff: 0.1, Sum: 0.3]
      [GC Worker Total (ms): Min: 143.7, Avg: 143.8, Max: 144.0, Diff: 0.2, Sum: 1150.6]
      [GC Worker End (ms): Min: 91485.3, Avg: 91485.3, Max: 91485.3, Diff: 0.1]
   [Code Root Fixup: 0.0 ms]
   [Code Root Purge: 0.0 ms]
   [Clear CT: 0.3 ms]
   [Other: 1.0 ms]
      [Choose CSet: 0.0 ms]
      [Ref Proc: 0.1 ms]
      [Ref Enq: 0.0 ms]
      [Redirty Cards: 0.3 ms]
      [Humongous Register: 0.0 ms]
      [Humongous Reclaim: 0.0 ms]
      [Free CSet: 0.3 ms]
   [Eden: 285.0M(285.0M)->0.0B(275.0M) Survivors: 5120.0K->37.0M Heap: 343.7M(2048.0M)->340.7M(2048.0M)]
 [Times: user=1.11 sys=0.00, real=0.15 secs] 
2020-09-29T12:00:29.426+0200: 91.657: [GC pause (G1 Evacuation Pause) (young), 0.1598059 secs]
   [Parallel Time: 158.7 ms, GC Workers: 8]
      [GC Worker Start (ms): Min: 91657.4, Avg: 91657.4, Max: 91657.5, Diff: 0.1]
      [Ext Root Scanning (ms): Min: 0.0, Avg: 0.1, Max: 0.1, Diff: 0.1, Sum: 0.7]
      [Update RS (ms): Min: 23.6, Avg: 24.0, Max: 24.4, Diff: 0.8, Sum: 192.0]
         [Processed Buffers: Min: 24, Avg: 26.5, Max: 28, Diff: 4, Sum: 212]
      [Scan RS (ms): Min: 10.5, Avg: 11.3, Max: 13.1, Diff: 2.6, Sum: 90.2]
      [Code Root Scanning (ms): Min: 0.0, Avg: 0.0, Max: 0.0, Diff: 0.0, Sum: 0.0]
      [Object Copy (ms): Min: 121.4, Avg: 123.1, Max: 123.5, Diff: 2.1, Sum: 984.8]
      [Termination (ms): Min: 0.0, Avg: 0.0, Max: 0.0, Diff: 0.0, Sum: 0.1]
         [Termination Attempts: Min: 1, Avg: 102.9, Max: 127, Diff: 126, Sum: 823]
      [GC Worker Other (ms): Min: 0.0, Avg: 0.1, Max: 0.1, Diff: 0.1, Sum: 0.4]
      [GC Worker Total (ms): Min: 158.5, Avg: 158.5, Max: 158.6, Diff: 0.1, Sum: 1268.3]
      [GC Worker End (ms): Min: 91815.9, Avg: 91815.9, Max: 91816.0, Diff: 0.1]
   [Code Root Fixup: 0.0 ms]
   [Code Root Purge: 0.0 ms]
   [Clear CT: 0.2 ms]
   [Other: 0.9 ms]
      [Choose CSet: 0.0 ms]
      [Ref Proc: 0.2 ms]
      [Ref Enq: 0.0 ms]
      [Redirty Cards: 0.2 ms]
      [Humongous Register: 0.0 ms]
      [Humongous Reclaim: 0.0 ms]
      [Free CSet: 0.3 ms]
   [Eden: 275.0M(275.0M)->0.0B(284.0M) Survivors: 37.0M->39.0M Heap: 661.5M(2048.0M)->663.5M(2048.0M)]
 [Times: user=1.36 sys=0.00, real=0.16 secs] 
2020-09-29T12:00:29.771+0200: 92.002: [GC pause (G1 Evacuation Pause) (young), 0.1991666 secs]
   [Parallel Time: 197.8 ms, GC Workers: 8]
      [GC Worker Start (ms): Min: 92002.0, Avg: 92002.1, Max: 92002.2, Diff: 0.2]
      [Ext Root Scanning (ms): Min: 0.0, Avg: 0.1, Max: 0.1, Diff: 0.1, Sum: 0.7]
      [Update RS (ms): Min: 21.1, Avg: 22.7, Max: 31.6, Diff: 10.5, Sum: 181.7]
         [Processed Buffers: Min: 0, Avg: 18.4, Max: 25, Diff: 25, Sum: 147]
      [Scan RS (ms): Min: 8.0, Avg: 17.0, Max: 18.7, Diff: 10.8, Sum: 135.8]
      [Code Root Scanning (ms): Min: 0.0, Avg: 0.0, Max: 0.0, Diff: 0.0, Sum: 0.0]
      [Object Copy (ms): Min: 157.4, Avg: 157.6, Max: 157.9, Diff: 0.5, Sum: 1260.9]
      [Termination (ms): Min: 0.1, Avg: 0.3, Max: 0.4, Diff: 0.3, Sum: 2.1]
         [Termination Attempts: Min: 1, Avg: 1639.1, Max: 2249, Diff: 2248, Sum: 13113]
      [GC Worker Other (ms): Min: 0.0, Avg: 0.0, Max: 0.0, Diff: 0.0, Sum: 0.1]
      [GC Worker Total (ms): Min: 197.6, Avg: 197.7, Max: 197.7, Diff: 0.2, Sum: 1581.4]
      [GC Worker End (ms): Min: 92199.7, Avg: 92199.7, Max: 92199.8, Diff: 0.0]
   [Code Root Fixup: 0.0 ms]
   [Code Root Purge: 0.0 ms]
   [Clear CT: 0.3 ms]
   [Other: 1.0 ms]
      [Choose CSet: 0.0 ms]
      [Ref Proc: 0.2 ms]
      [Ref Enq: 0.0 ms]
      [Redirty Cards: 0.2 ms]
      [Humongous Register: 0.1 ms]
      [Humongous Reclaim: 0.0 ms]
      [Free CSet: 0.3 ms]
   [Eden: 284.0M(284.0M)->0.0B(261.0M) Survivors: 39.0M->41.0M Heap: 995.1M(2048.0M)->997.1M(2048.0M)]
 [Times: user=1.44 sys=0.00, real=0.20 secs] 
2020-09-29T12:00:29.986+0200: 92.218: [GC pause (G1 Humongous Allocation) (young) (initial-mark), 0.0448209 secs]
   [Parallel Time: 44.0 ms, GC Workers: 8]
      [GC Worker Start (ms): Min: 92217.9, Avg: 92217.9, Max: 92218.0, Diff: 0.2]
      [Ext Root Scanning (ms): Min: 0.0, Avg: 0.1, Max: 0.2, Diff: 0.2, Sum: 1.1]
      [Update RS (ms): Min: 23.2, Avg: 23.5, Max: 23.7, Diff: 0.5, Sum: 187.8]
         [Processed Buffers: Min: 27, Avg: 30.0, Max: 32, Diff: 5, Sum: 240]
      [Scan RS (ms): Min: 2.2, Avg: 2.5, Max: 2.8, Diff: 0.6, Sum: 20.3]
      [Code Root Scanning (ms): Min: 0.0, Avg: 0.0, Max: 0.0, Diff: 0.0, Sum: 0.0]
      [Object Copy (ms): Min: 17.7, Avg: 17.7, Max: 17.7, Diff: 0.1, Sum: 141.6]
      [Termination (ms): Min: 0.0, Avg: 0.0, Max: 0.0, Diff: 0.0, Sum: 0.1]
         [Termination Attempts: Min: 1, Avg: 42.0, Max: 59, Diff: 58, Sum: 336]
      [GC Worker Other (ms): Min: 0.0, Avg: 0.0, Max: 0.1, Diff: 0.0, Sum: 0.2]
      [GC Worker Total (ms): Min: 43.8, Avg: 43.9, Max: 43.9, Diff: 0.2, Sum: 351.0]
      [GC Worker End (ms): Min: 92261.8, Avg: 92261.8, Max: 92261.8, Diff: 0.0]
   [Code Root Fixup: 0.0 ms]
   [Code Root Purge: 0.0 ms]
   [Clear CT: 0.2 ms]
   [Other: 0.6 ms]
      [Choose CSet: 0.0 ms]
      [Ref Proc: 0.2 ms]
      [Ref Enq: 0.0 ms]
      [Redirty Cards: 0.1 ms]
      [Humongous Register: 0.0 ms]
      [Humongous Reclaim: 0.0 ms]
      [Free CSet: 0.1 ms]
   [Eden: 3072.0K(261.0M)->0.0B(323.0M) Survivors: 41.0M->6144.0K Heap: 1000.1M(2048.0M)->1004.1M(2048.0M)]
 [Times: user=0.38 sys=0.00, real=0.04 secs] 
2020-09-29T12:00:30.031+0200: 92.263: [GC concurrent-root-region-scan-start]
2020-09-29T12:00:30.032+0200: 92.264: [GC concurrent-root-region-scan-end, 0.0009777 secs]
2020-09-29T12:00:30.032+0200: 92.264: [GC concurrent-mark-start]
2020-09-29T12:00:30.036+0200: 92.267: [GC concurrent-mark-end, 0.0034829 secs]
2020-09-29T12:00:30.036+0200: 92.267: [GC remark 2020-09-29T12:00:30.036+0200: 92.267: [Finalize Marking, 0.0002265 secs] 2020-09-29T12:00:30.036+0200: 92.268: [GC ref-proc, 0.0003107 secs] 2020-09-29T12:00:30.037+0200: 92.268: [Unloading, 0.0003287 secs], 0.0012239 secs]
 [Times: user=0.00 sys=0.00, real=0.00 secs] 
2020-09-29T12:00:30.038+0200: 92.269: [GC cleanup 1015M->22M(2048M), 0.0014148 secs]
 [Times: user=0.00 sys=0.00, real=0.00 secs] 
2020-09-29T12:00:30.039+0200: 92.270: [GC concurrent-cleanup-start]
2020-09-29T12:00:30.040+0200: 92.272: [GC concurrent-cleanup-end, 0.0010981 secs]
2020-09-29T12:00:30.213+0200: 92.445: [GC pause (G1 Evacuation Pause) (young), 0.1771674 secs]
   [Parallel Time: 175.9 ms, GC Workers: 8]
      [GC Worker Start (ms): Min: 92444.8, Avg: 92444.9, Max: 92444.9, Diff: 0.1]
      [Ext Root Scanning (ms): Min: 0.0, Avg: 0.1, Max: 0.1, Diff: 0.1, Sum: 0.5]
      [Update RS (ms): Min: 15.5, Avg: 15.6, Max: 15.8, Diff: 0.3, Sum: 124.6]
         [Processed Buffers: Min: 3, Avg: 15.4, Max: 21, Diff: 18, Sum: 123]
      [Scan RS (ms): Min: 16.1, Avg: 16.4, Max: 16.5, Diff: 0.4, Sum: 130.8]
      [Code Root Scanning (ms): Min: 0.0, Avg: 0.0, Max: 0.0, Diff: 0.0, Sum: 0.0]
      [Object Copy (ms): Min: 143.4, Avg: 143.5, Max: 143.7, Diff: 0.3, Sum: 1147.9]
      [Termination (ms): Min: 0.0, Avg: 0.2, Max: 0.2, Diff: 0.2, Sum: 1.5]
         [Termination Attempts: Min: 1, Avg: 1292.4, Max: 1593, Diff: 1592, Sum: 10339]
      [GC Worker Other (ms): Min: 0.0, Avg: 0.0, Max: 0.1, Diff: 0.1, Sum: 0.3]
      [GC Worker Total (ms): Min: 175.6, Avg: 175.7, Max: 175.8, Diff: 0.2, Sum: 1405.6]
      [GC Worker End (ms): Min: 92620.5, Avg: 92620.6, Max: 92620.6, Diff: 0.1]
   [Code Root Fixup: 0.0 ms]
   [Code Root Purge: 0.0 ms]
   [Clear CT: 0.2 ms]
   [Other: 1.1 ms]
      [Choose CSet: 0.0 ms]
      [Ref Proc: 0.3 ms]
      [Ref Enq: 0.0 ms]
      [Redirty Cards: 0.3 ms]
      [Humongous Register: 0.0 ms]
      [Humongous Reclaim: 0.0 ms]
      [Free CSet: 0.3 ms]
   [Eden: 323.0M(323.0M)->0.0B(286.0M) Survivors: 6144.0K->42.0M Heap: 389.8M(2048.0M)->385.8M(2048.0M)]
 [Times: user=1.36 sys=0.00, real=0.18 secs] 
2020-09-29T12:00:30.565+0200: 92.796: [GC pause (G1 Evacuation Pause) (young), 0.2101841 secs]
   [Parallel Time: 209.0 ms, GC Workers: 8]
      [GC Worker Start (ms): Min: 92796.2, Avg: 92796.3, Max: 92796.4, Diff: 0.2]
      [Ext Root Scanning (ms): Min: 0.0, Avg: 0.1, Max: 0.1, Diff: 0.1, Sum: 0.5]
      [Update RS (ms): Min: 14.1, Avg: 14.2, Max: 14.4, Diff: 0.3, Sum: 113.5]
         [Processed Buffers: Min: 16, Avg: 17.4, Max: 19, Diff: 3, Sum: 139]
      [Scan RS (ms): Min: 15.2, Avg: 15.5, Max: 15.6, Diff: 0.4, Sum: 123.8]
      [Code Root Scanning (ms): Min: 0.0, Avg: 0.0, Max: 0.0, Diff: 0.0, Sum: 0.0]
      [Object Copy (ms): Min: 177.9, Avg: 178.3, Max: 179.0, Diff: 1.1, Sum: 1426.1]
      [Termination (ms): Min: 0.0, Avg: 0.8, Max: 1.1, Diff: 1.1, Sum: 6.2]
         [Termination Attempts: Min: 1, Avg: 5098.1, Max: 6481, Diff: 6480, Sum: 40785]
      [GC Worker Other (ms): Min: 0.0, Avg: 0.0, Max: 0.1, Diff: 0.1, Sum: 0.3]
      [GC Worker Total (ms): Min: 208.7, Avg: 208.8, Max: 208.9, Diff: 0.2, Sum: 1670.6]
      [GC Worker End (ms): Min: 93005.1, Avg: 93005.1, Max: 93005.2, Diff: 0.1]
   [Code Root Fixup: 0.0 ms]
   [Code Root Purge: 0.0 ms]
   [Clear CT: 0.1 ms]
   [Other: 1.0 ms]
      [Choose CSet: 0.0 ms]
      [Ref Proc: 0.2 ms]
      [Ref Enq: 0.0 ms]
      [Redirty Cards: 0.2 ms]
      [Humongous Register: 0.0 ms]
      [Humongous Reclaim: 0.0 ms]
      [Free CSet: 0.3 ms]
   [Eden: 286.0M(286.0M)->0.0B(258.0M) Survivors: 42.0M->41.0M Heap: 719.5M(2048.0M)->721.5M(2048.0M)]
 [Times: user=1.61 sys=0.00, real=0.21 secs] 
2020-09-29T12:00:30.923+0200: 93.155: [GC pause (G1 Evacuation Pause) (young), 0.1771895 secs]
   [Parallel Time: 176.1 ms, GC Workers: 8]
      [GC Worker Start (ms): Min: 93155.1, Avg: 93155.2, Max: 93155.2, Diff: 0.1]
      [Ext Root Scanning (ms): Min: 0.0, Avg: 0.1, Max: 0.1, Diff: 0.1, Sum: 0.5]
      [Update RS (ms): Min: 17.9, Avg: 19.7, Max: 30.5, Diff: 12.6, Sum: 157.4]
         [Processed Buffers: Min: 0, Avg: 18.9, Max: 24, Diff: 24, Sum: 151]
      [Scan RS (ms): Min: 2.4, Avg: 13.2, Max: 15.0, Diff: 12.7, Sum: 105.8]
      [Code Root Scanning (ms): Min: 0.0, Avg: 0.0, Max: 0.0, Diff: 0.0, Sum: 0.0]
      [Object Copy (ms): Min: 142.8, Avg: 142.9, Max: 143.0, Diff: 0.1, Sum: 1143.1]
      [Termination (ms): Min: 0.0, Avg: 0.1, Max: 0.1, Diff: 0.1, Sum: 0.8]
         [Termination Attempts: Min: 1, Avg: 715.6, Max: 912, Diff: 911, Sum: 5725]
      [GC Worker Other (ms): Min: 0.0, Avg: 0.0, Max: 0.0, Diff: 0.0, Sum: 0.2]
      [GC Worker Total (ms): Min: 175.9, Avg: 176.0, Max: 176.1, Diff: 0.1, Sum: 1407.8]
      [GC Worker End (ms): Min: 93331.2, Avg: 93331.2, Max: 93331.2, Diff: 0.0]
   [Code Root Fixup: 0.0 ms]
   [Code Root Purge: 0.0 ms]
   [Clear CT: 0.2 ms]
   [Other: 0.8 ms]
      [Choose CSet: 0.0 ms]
      [Ref Proc: 0.2 ms]
      [Ref Enq: 0.0 ms]
      [Redirty Cards: 0.2 ms]
      [Humongous Register: 0.0 ms]
      [Humongous Reclaim: 0.0 ms]
      [Free CSet: 0.2 ms]
   [Eden: 258.0M(258.0M)->0.0B(260.0M) Survivors: 41.0M->38.0M Heap: 1021.5M(2048.0M)->1023.5M(2048.0M)]
 [Times: user=1.47 sys=0.00, real=0.18 secs] 
2020-09-29T12:00:31.105+0200: 93.337: [GC pause (G1 Humongous Allocation) (young) (initial-mark), 0.0522215 secs]
   [Parallel Time: 51.4 ms, GC Workers: 8]
      [GC Worker Start (ms): Min: 93337.2, Avg: 93337.3, Max: 93337.3, Diff: 0.1]
      [Ext Root Scanning (ms): Min: 0.1, Avg: 0.1, Max: 0.1, Diff: 0.1, Sum: 0.7]
      [Update RS (ms): Min: 33.1, Avg: 33.3, Max: 33.6, Diff: 0.5, Sum: 266.1]
         [Processed Buffers: Min: 41, Avg: 43.4, Max: 46, Diff: 5, Sum: 347]
      [Scan RS (ms): Min: 1.3, Avg: 1.7, Max: 1.8, Diff: 0.5, Sum: 13.2]
      [Code Root Scanning (ms): Min: 0.0, Avg: 0.0, Max: 0.0, Diff: 0.0, Sum: 0.0]
      [Object Copy (ms): Min: 16.2, Avg: 16.2, Max: 16.3, Diff: 0.1, Sum: 129.9]
      [Termination (ms): Min: 0.0, Avg: 0.0, Max: 0.0, Diff: 0.0, Sum: 0.2]
         [Termination Attempts: Min: 1, Avg: 208.8, Max: 303, Diff: 302, Sum: 1670]
      [GC Worker Other (ms): Min: 0.0, Avg: 0.0, Max: 0.0, Diff: 0.0, Sum: 0.2]
      [GC Worker Total (ms): Min: 51.3, Avg: 51.3, Max: 51.3, Diff: 0.1, Sum: 410.3]
      [GC Worker End (ms): Min: 93388.5, Avg: 93388.6, Max: 93388.6, Diff: 0.0]
   [Code Root Fixup: 0.0 ms]
   [Code Root Purge: 0.0 ms]
   [Clear CT: 0.1 ms]
   [Other: 0.7 ms]
      [Choose CSet: 0.0 ms]
      [Ref Proc: 0.2 ms]
      [Ref Enq: 0.0 ms]
      [Redirty Cards: 0.1 ms]
      [Humongous Register: 0.1 ms]
      [Humongous Reclaim: 0.0 ms]
      [Free CSet: 0.1 ms]
   [Eden: 3072.0K(260.0M)->0.0B(306.0M) Survivors: 38.0M->4096.0K Heap: 1026.5M(2048.0M)->1030.0M(2048.0M)]
 [Times: user=0.38 sys=0.00, real=0.05 secs] 
2020-09-29T12:00:31.158+0200: 93.389: [GC concurrent-root-region-scan-start]
2020-09-29T12:00:31.159+0200: 93.391: [GC concurrent-root-region-scan-end, 0.0014917 secs]
2020-09-29T12:00:31.159+0200: 93.391: [GC concurrent-mark-start]
2020-09-29T12:00:31.172+0200: 93.403: [GC concurrent-mark-end, 0.0054125 secs]
2020-09-29T12:00:31.172+0200: 93.404: [GC remark 2020-09-29T12:00:31.172+0200: 93.404: [Finalize Marking, 0.0002092 secs] 2020-09-29T12:00:31.172+0200: 93.404: [GC ref-proc, 0.0003532 secs] 2020-09-29T12:00:31.172+0200: 93.404: [Unloading, 0.0004665 secs], 0.0013630 secs]
 [Times: user=0.00 sys=0.00, real=0.00 secs] 
2020-09-29T12:00:31.175+0200: 93.407: [GC cleanup 1059M->39M(2048M), 0.0014357 secs]
 [Times: user=0.08 sys=0.00, real=0.00 secs] 
2020-09-29T12:00:31.177+0200: 93.408: [GC concurrent-cleanup-start]
2020-09-29T12:00:31.178+0200: 93.410: [GC concurrent-cleanup-end, 0.0013932 secs]
2020-09-29T12:00:31.341+0200: 93.573: [GC pause (G1 Evacuation Pause) (young), 0.1515545 secs]
   [Parallel Time: 150.5 ms, GC Workers: 8]
      [GC Worker Start (ms): Min: 93573.3, Avg: 93573.5, Max: 93573.5, Diff: 0.2]
      [Ext Root Scanning (ms): Min: 0.0, Avg: 0.1, Max: 0.2, Diff: 0.2, Sum: 0.4]
      [Update RS (ms): Min: 19.5, Avg: 19.8, Max: 20.1, Diff: 0.6, Sum: 158.7]
         [Processed Buffers: Min: 18, Avg: 20.8, Max: 23, Diff: 5, Sum: 166]
      [Scan RS (ms): Min: 13.6, Avg: 13.9, Max: 14.2, Diff: 0.6, Sum: 111.0]
      [Code Root Scanning (ms): Min: 0.0, Avg: 0.0, Max: 0.0, Diff: 0.0, Sum: 0.0]
      [Object Copy (ms): Min: 116.3, Avg: 116.5, Max: 116.6, Diff: 0.3, Sum: 931.8]
      [Termination (ms): Min: 0.0, Avg: 0.0, Max: 0.0, Diff: 0.0, Sum: 0.2]
         [Termination Attempts: Min: 1, Avg: 208.3, Max: 318, Diff: 317, Sum: 1666]
      [GC Worker Other (ms): Min: 0.0, Avg: 0.0, Max: 0.1, Diff: 0.0, Sum: 0.3]
      [GC Worker Total (ms): Min: 150.2, Avg: 150.3, Max: 150.4, Diff: 0.2, Sum: 1202.5]
      [GC Worker End (ms): Min: 93723.7, Avg: 93723.8, Max: 93723.8, Diff: 0.0]
   [Code Root Fixup: 0.0 ms]
   [Code Root Purge: 0.0 ms]
   [Clear CT: 0.2 ms]
   [Other: 0.9 ms]
      [Choose CSet: 0.0 ms]
      [Ref Proc: 0.1 ms]
      [Ref Enq: 0.0 ms]
      [Redirty Cards: 0.2 ms]
      [Humongous Register: 0.0 ms]
      [Humongous Reclaim: 0.0 ms]
      [Free CSet: 0.2 ms]
   [Eden: 306.0M(306.0M)->0.0B(291.0M) Survivors: 4096.0K->39.0M Heap: 367.5M(2048.0M)->365.5M(2048.0M)]
 [Times: user=1.25 sys=0.00, real=0.15 secs] 
2020-09-29T12:00:31.655+0200: 93.887: [GC pause (G1 Evacuation Pause) (young), 0.1573170 secs]
   [Parallel Time: 156.1 ms, GC Workers: 8]
      [GC Worker Start (ms): Min: 93887.4, Avg: 93887.4, Max: 93887.5, Diff: 0.2]
      [Ext Root Scanning (ms): Min: 0.0, Avg: 0.1, Max: 0.1, Diff: 0.1, Sum: 0.5]
      [Update RS (ms): Min: 17.8, Avg: 17.9, Max: 18.1, Diff: 0.3, Sum: 143.0]
         [Processed Buffers: Min: 20, Avg: 22.3, Max: 24, Diff: 4, Sum: 178]
      [Scan RS (ms): Min: 14.5, Avg: 14.7, Max: 14.8, Diff: 0.3, Sum: 117.3]
      [Code Root Scanning (ms): Min: 0.0, Avg: 0.0, Max: 0.0, Diff: 0.0, Sum: 0.0]
      [Object Copy (ms): Min: 123.1, Avg: 123.2, Max: 123.3, Diff: 0.2, Sum: 986.0]
      [Termination (ms): Min: 0.0, Avg: 0.0, Max: 0.0, Diff: 0.0, Sum: 0.2]
         [Termination Attempts: Min: 1, Avg: 214.3, Max: 287, Diff: 286, Sum: 1714]
      [GC Worker Other (ms): Min: 0.0, Avg: 0.0, Max: 0.1, Diff: 0.1, Sum: 0.3]
      [GC Worker Total (ms): Min: 155.8, Avg: 155.9, Max: 156.0, Diff: 0.1, Sum: 1247.3]
      [GC Worker End (ms): Min: 94043.3, Avg: 94043.4, Max: 94043.4, Diff: 0.1]
   [Code Root Fixup: 0.0 ms]
   [Code Root Purge: 0.0 ms]
   [Clear CT: 0.1 ms]
   [Other: 1.1 ms]
      [Choose CSet: 0.0 ms]
      [Ref Proc: 0.2 ms]
      [Ref Enq: 0.0 ms]
      [Redirty Cards: 0.2 ms]
      [Humongous Register: 0.1 ms]
      [Humongous Reclaim: 0.0 ms]
      [Free CSet: 0.3 ms]
   [Eden: 291.0M(291.0M)->0.0B(298.0M) Survivors: 39.0M->42.0M Heap: 706.1M(2048.0M)->707.6M(2048.0M)]
 [Times: user=1.23 sys=0.01, real=0.16 secs] 
2020-09-29T12:00:31.996+0200: 94.228: [GC pause (G1 Evacuation Pause) (young), 0.1845808 secs]
   [Parallel Time: 183.4 ms, GC Workers: 8]
      [GC Worker Start (ms): Min: 94228.2, Avg: 94228.3, Max: 94228.4, Diff: 0.2]
      [Ext Root Scanning (ms): Min: 0.0, Avg: 0.1, Max: 0.2, Diff: 0.2, Sum: 0.5]
      [Update RS (ms): Min: 20.3, Avg: 20.5, Max: 20.9, Diff: 0.6, Sum: 163.7]
         [Processed Buffers: Min: 21, Avg: 23.9, Max: 26, Diff: 5, Sum: 191]
      [Scan RS (ms): Min: 17.2, Avg: 18.6, Max: 24.5, Diff: 7.3, Sum: 148.6]
      [Code Root Scanning (ms): Min: 0.0, Avg: 0.0, Max: 0.0, Diff: 0.0, Sum: 0.0]
      [Object Copy (ms): Min: 138.3, Avg: 144.1, Max: 145.0, Diff: 6.8, Sum: 1152.8]
      [Termination (ms): Min: 0.0, Avg: 0.0, Max: 0.0, Diff: 0.0, Sum: 0.2]
         [Termination Attempts: Min: 1, Avg: 198.0, Max: 245, Diff: 244, Sum: 1584]
      [GC Worker Other (ms): Min: 0.0, Avg: 0.0, Max: 0.1, Diff: 0.0, Sum: 0.3]
      [GC Worker Total (ms): Min: 183.2, Avg: 183.3, Max: 183.4, Diff: 0.2, Sum: 1466.2]
      [GC Worker End (ms): Min: 94411.6, Avg: 94411.6, Max: 94411.6, Diff: 0.0]
   [Code Root Fixup: 0.0 ms]
   [Code Root Purge: 0.0 ms]
   [Clear CT: 0.2 ms]
   [Other: 0.9 ms]
      [Choose CSet: 0.0 ms]
      [Ref Proc: 0.2 ms]
      [Ref Enq: 0.0 ms]
      [Redirty Cards: 0.2 ms]
      [Humongous Register: 0.0 ms]
      [Humongous Reclaim: 0.0 ms]
      [Free CSet: 0.3 ms]
   [Eden: 298.0M(298.0M)->0.0B(285.0M) Survivors: 42.0M->43.0M Heap: 1055.2M(2048.0M)->1057.2M(2048.0M)]
 [Times: user=1.38 sys=0.03, real=0.19 secs] 
2020-09-29T12:00:32.187+0200: 94.418: [GC pause (G1 Humongous Allocation) (young) (initial-mark), 0.0663805 secs]
   [Parallel Time: 65.4 ms, GC Workers: 8]
      [GC Worker Start (ms): Min: 94418.7, Avg: 94418.7, Max: 94418.7, Diff: 0.1]
      [Ext Root Scanning (ms): Min: 0.1, Avg: 0.1, Max: 0.1, Diff: 0.1, Sum: 0.7]
      [Update RS (ms): Min: 39.8, Avg: 40.0, Max: 40.3, Diff: 0.4, Sum: 320.1]
         [Processed Buffers: Min: 51, Avg: 52.3, Max: 56, Diff: 5, Sum: 418]
      [Scan RS (ms): Min: 1.3, Avg: 1.6, Max: 1.8, Diff: 0.4, Sum: 12.6]
      [Code Root Scanning (ms): Min: 0.0, Avg: 0.0, Max: 0.0, Diff: 0.0, Sum: 0.0]
      [Object Copy (ms): Min: 23.4, Avg: 23.5, Max: 23.5, Diff: 0.1, Sum: 187.7]
      [Termination (ms): Min: 0.0, Avg: 0.1, Max: 0.1, Diff: 0.1, Sum: 0.6]
         [Termination Attempts: Min: 1, Avg: 230.9, Max: 279, Diff: 278, Sum: 1847]
      [GC Worker Other (ms): Min: 0.0, Avg: 0.0, Max: 0.0, Diff: 0.0, Sum: 0.1]
      [GC Worker Total (ms): Min: 65.2, Avg: 65.2, Max: 65.3, Diff: 0.1, Sum: 521.8]
      [GC Worker End (ms): Min: 94483.9, Avg: 94483.9, Max: 94483.9, Diff: 0.0]
   [Code Root Fixup: 0.0 ms]
   [Code Root Purge: 0.0 ms]
   [Clear CT: 0.2 ms]
   [Other: 0.8 ms]
      [Choose CSet: 0.0 ms]
      [Ref Proc: 0.2 ms]
      [Ref Enq: 0.0 ms]
      [Redirty Cards: 0.2 ms]
      [Humongous Register: 0.0 ms]
      [Humongous Reclaim: 0.0 ms]
      [Free CSet: 0.1 ms]
   [Eden: 10.0M(285.0M)->0.0B(312.0M) Survivors: 43.0M->12.0M Heap: 1066.7M(2048.0M)->1071.7M(2048.0M)]
 [Times: user=0.42 sys=0.02, real=0.07 secs] 
2020-09-29T12:00:32.253+0200: 94.485: [GC concurrent-root-region-scan-start]
2020-09-29T12:00:32.256+0200: 94.488: [GC concurrent-root-region-scan-end, 0.0032307 secs]
2020-09-29T12:00:32.256+0200: 94.488: [GC concurrent-mark-start]
2020-09-29T12:00:32.261+0200: 94.493: [GC concurrent-mark-end, 0.0049079 secs]
2020-09-29T12:00:32.262+0200: 94.494: [GC remark 2020-09-29T12:00:32.262+0200: 94.494: [Finalize Marking, 0.0002175 secs] 2020-09-29T12:00:32.262+0200: 94.494: [GC ref-proc, 0.0004046 secs] 2020-09-29T12:00:32.263+0200: 94.495: [Unloading, 0.0005062 secs], 0.0015185 secs]
 [Times: user=0.00 sys=0.00, real=0.00 secs] 
2020-09-29T12:00:32.264+0200: 94.496: [GC cleanup 1088M->34M(2048M), 0.0013916 secs]
 [Times: user=0.00 sys=0.00, real=0.00 secs] 
2020-09-29T12:00:32.265+0200: 94.497: [GC concurrent-cleanup-start]
2020-09-29T12:00:32.267+0200: 94.499: [GC concurrent-cleanup-end, 0.0016466 secs]
2020-09-29T12:00:32.438+0200: 94.670: [GC pause (G1 Evacuation Pause) (young), 0.1751387 secs]
   [Parallel Time: 174.0 ms, GC Workers: 8]
      [GC Worker Start (ms): Min: 94670.2, Avg: 94670.3, Max: 94670.4, Diff: 0.2]
      [Ext Root Scanning (ms): Min: 0.0, Avg: 0.1, Max: 0.2, Diff: 0.2, Sum: 0.6]
      [Update RS (ms): Min: 15.3, Avg: 15.4, Max: 15.7, Diff: 0.4, Sum: 123.3]
         [Processed Buffers: Min: 16, Avg: 18.1, Max: 20, Diff: 4, Sum: 145]
      [Scan RS (ms): Min: 17.1, Avg: 17.5, Max: 17.9, Diff: 0.7, Sum: 140.0]
      [Code Root Scanning (ms): Min: 0.0, Avg: 0.0, Max: 0.0, Diff: 0.0, Sum: 0.0]
      [Object Copy (ms): Min: 140.5, Avg: 140.7, Max: 140.8, Diff: 0.4, Sum: 1125.7]
      [Termination (ms): Min: 0.0, Avg: 0.0, Max: 0.1, Diff: 0.1, Sum: 0.3]
         [Termination Attempts: Min: 1, Avg: 64.1, Max: 97, Diff: 96, Sum: 513]
      [GC Worker Other (ms): Min: 0.0, Avg: 0.0, Max: 0.0, Diff: 0.0, Sum: 0.1]
      [GC Worker Total (ms): Min: 173.7, Avg: 173.7, Max: 173.8, Diff: 0.2, Sum: 1390.0]
      [GC Worker End (ms): Min: 94844.0, Avg: 94844.1, Max: 94844.1, Diff: 0.0]
   [Code Root Fixup: 0.0 ms]
   [Code Root Purge: 0.0 ms]
   [Clear CT: 0.2 ms]
   [Other: 1.0 ms]
      [Choose CSet: 0.0 ms]
      [Ref Proc: 0.2 ms]
      [Ref Enq: 0.0 ms]
      [Redirty Cards: 0.2 ms]
      [Humongous Register: 0.0 ms]
      [Humongous Reclaim: 0.0 ms]
      [Free CSet: 0.3 ms]
   [Eden: 312.0M(312.0M)->0.0B(283.0M) Survivors: 12.0M->41.0M Heap: 383.4M(2048.0M)->373.4M(2048.0M)]
 [Times: user=1.30 sys=0.00, real=0.18 secs] 
2020-09-29T12:00:32.801+0200: 95.033: [GC pause (G1 Evacuation Pause) (young), 0.1860705 secs]
   [Parallel Time: 184.9 ms, GC Workers: 8]
      [GC Worker Start (ms): Min: 95033.3, Avg: 95036.0, Max: 95053.7, Diff: 20.4]
      [Ext Root Scanning (ms): Min: 0.0, Avg: 0.1, Max: 0.2, Diff: 0.2, Sum: 0.8]
      [Update RS (ms): Min: 0.0, Avg: 17.4, Max: 20.2, Diff: 20.2, Sum: 139.2]
         [Processed Buffers: Min: 0, Avg: 17.5, Max: 22, Diff: 22, Sum: 140]
      [Scan RS (ms): Min: 17.4, Avg: 17.7, Max: 18.2, Diff: 0.9, Sum: 141.3]
      [Code Root Scanning (ms): Min: 0.0, Avg: 0.0, Max: 0.0, Diff: 0.0, Sum: 0.0]
      [Object Copy (ms): Min: 146.5, Avg: 146.7, Max: 147.0, Diff: 0.5, Sum: 1173.7]
      [Termination (ms): Min: 0.0, Avg: 0.2, Max: 0.3, Diff: 0.3, Sum: 2.0]
         [Termination Attempts: Min: 1, Avg: 1736.8, Max: 2272, Diff: 2271, Sum: 13894]
      [GC Worker Other (ms): Min: 0.0, Avg: 0.0, Max: 0.1, Diff: 0.1, Sum: 0.4]
      [GC Worker Total (ms): Min: 164.4, Avg: 182.2, Max: 184.9, Diff: 20.5, Sum: 1457.5]
      [GC Worker End (ms): Min: 95218.1, Avg: 95218.1, Max: 95218.2, Diff: 0.1]
   [Code Root Fixup: 0.0 ms]
   [Code Root Purge: 0.0 ms]
   [Clear CT: 0.2 ms]
   [Other: 1.0 ms]
      [Choose CSet: 0.0 ms]
      [Ref Proc: 0.2 ms]
      [Ref Enq: 0.0 ms]
      [Redirty Cards: 0.2 ms]
      [Humongous Register: 0.0 ms]
      [Humongous Reclaim: 0.0 ms]
      [Free CSet: 0.3 ms]
   [Eden: 283.0M(283.0M)->0.0B(268.0M) Survivors: 41.0M->41.0M Heap: 702.2M(2048.0M)->704.2M(2048.0M)]
 [Times: user=1.33 sys=0.00, real=0.19 secs] 
2020-09-29T12:00:33.148+0200: 95.380: [GC pause (G1 Evacuation Pause) (young), 0.1846219 secs]
   [Parallel Time: 183.3 ms, GC Workers: 8]
      [GC Worker Start (ms): Min: 95380.4, Avg: 95380.5, Max: 95380.6, Diff: 0.2]
      [Ext Root Scanning (ms): Min: 0.0, Avg: 0.1, Max: 0.2, Diff: 0.2, Sum: 0.5]
      [Update RS (ms): Min: 20.5, Avg: 20.6, Max: 21.0, Diff: 0.5, Sum: 165.2]
         [Processed Buffers: Min: 8, Avg: 20.4, Max: 25, Diff: 17, Sum: 163]
      [Scan RS (ms): Min: 13.4, Avg: 15.2, Max: 24.9, Diff: 11.5, Sum: 121.5]
      [Code Root Scanning (ms): Min: 0.0, Avg: 0.0, Max: 0.0, Diff: 0.0, Sum: 0.0]
      [Object Copy (ms): Min: 137.1, Avg: 146.9, Max: 148.4, Diff: 11.3, Sum: 1174.9]
      [Termination (ms): Min: 0.1, Avg: 0.3, Max: 0.3, Diff: 0.2, Sum: 2.1]
         [Termination Attempts: Min: 1, Avg: 1491.9, Max: 1797, Diff: 1796, Sum: 11935]
      [GC Worker Other (ms): Min: 0.0, Avg: 0.0, Max: 0.0, Diff: 0.0, Sum: 0.1]
      [GC Worker Total (ms): Min: 183.0, Avg: 183.0, Max: 183.1, Diff: 0.2, Sum: 1464.3]
      [GC Worker End (ms): Min: 95563.6, Avg: 95563.6, Max: 95563.6, Diff: 0.0]
   [Code Root Fixup: 0.0 ms]
   [Code Root Purge: 0.0 ms]
   [Clear CT: 0.2 ms]
   [Other: 1.2 ms]
      [Choose CSet: 0.0 ms]
      [Ref Proc: 0.3 ms]
      [Ref Enq: 0.0 ms]
      [Redirty Cards: 0.2 ms]
      [Humongous Register: 0.0 ms]
      [Humongous Reclaim: 0.0 ms]
      [Free CSet: 0.3 ms]
   [Eden: 268.0M(268.0M)->0.0B(261.0M) Survivors: 41.0M->39.0M Heap: 1018.0M(2048.0M)->1020.0M(2048.0M)]
 [Times: user=1.41 sys=0.02, real=0.18 secs] 
2020-09-29T12:00:33.343+0200: 95.575: [GC pause (G1 Humongous Allocation) (young) (initial-mark), 0.0568706 secs]
   [Parallel Time: 55.3 ms, GC Workers: 8]
      [GC Worker Start (ms): Min: 95575.2, Avg: 95575.3, Max: 95575.4, Diff: 0.2]
      [Ext Root Scanning (ms): Min: 0.0, Avg: 5.6, Max: 24.2, Diff: 24.2, Sum: 45.1]
      [Update RS (ms): Min: 10.7, Avg: 29.3, Max: 35.1, Diff: 24.3, Sum: 234.5]
         [Processed Buffers: Min: 14, Avg: 37.3, Max: 45, Diff: 31, Sum: 298]
      [Scan RS (ms): Min: 2.1, Avg: 2.3, Max: 2.6, Diff: 0.5, Sum: 18.5]
      [Code Root Scanning (ms): Min: 0.0, Avg: 0.0, Max: 0.0, Diff: 0.0, Sum: 0.0]
      [Object Copy (ms): Min: 17.8, Avg: 17.8, Max: 17.9, Diff: 0.1, Sum: 142.7]
      [Termination (ms): Min: 0.0, Avg: 0.0, Max: 0.0, Diff: 0.0, Sum: 0.0]
         [Termination Attempts: Min: 1, Avg: 3.9, Max: 7, Diff: 6, Sum: 31]
      [GC Worker Other (ms): Min: 0.0, Avg: 0.0, Max: 0.0, Diff: 0.0, Sum: 0.2]
      [GC Worker Total (ms): Min: 55.0, Avg: 55.1, Max: 55.2, Diff: 0.2, Sum: 441.0]
      [GC Worker End (ms): Min: 95630.4, Avg: 95630.4, Max: 95630.5, Diff: 0.0]
   [Code Root Fixup: 0.0 ms]
   [Code Root Purge: 0.0 ms]
   [Clear CT: 0.2 ms]
   [Other: 1.4 ms]
      [Choose CSet: 0.0 ms]
      [Ref Proc: 0.2 ms]
      [Ref Enq: 0.0 ms]
      [Redirty Cards: 0.8 ms]
      [Humongous Register: 0.1 ms]
      [Humongous Reclaim: 0.0 ms]
      [Free CSet: 0.1 ms]
   [Eden: 7168.0K(261.0M)->0.0B(308.0M) Survivors: 39.0M->8192.0K Heap: 1027.0M(2048.0M)->1030.0M(2048.0M)]
 [Times: user=0.45 sys=0.00, real=0.06 secs] 
2020-09-29T12:00:33.400+0200: 95.632: [GC concurrent-root-region-scan-start]
2020-09-29T12:00:33.403+0200: 95.634: [GC concurrent-root-region-scan-end, 0.0022187 secs]
2020-09-29T12:00:33.403+0200: 95.634: [GC concurrent-mark-start]
2020-09-29T12:00:33.407+0200: 95.639: [GC concurrent-mark-end, 0.0040278 secs]
2020-09-29T12:00:33.407+0200: 95.639: [GC remark 2020-09-29T12:00:33.407+0200: 95.639: [Finalize Marking, 0.0003697 secs] 2020-09-29T12:00:33.407+0200: 95.639: [GC ref-proc, 0.0035609 secs] 2020-09-29T12:00:33.411+0200: 95.643: [Unloading, 0.0006435 secs], 0.0049872 secs]
 [Times: user=0.00 sys=0.00, real=0.00 secs] 
2020-09-29T12:00:33.412+0200: 95.644: [GC cleanup 1040M->24M(2048M), 0.0017224 secs]
 [Times: user=0.00 sys=0.00, real=0.00 secs] 
2020-09-29T12:00:33.414+0200: 95.646: [GC concurrent-cleanup-start]
2020-09-29T12:00:33.416+0200: 95.648: [GC concurrent-cleanup-end, 0.0016711 secs]
2020-09-29T12:00:33.704+0200: 95.936: [GC pause (G1 Evacuation Pause) (young), 0.3210075 secs]
   [Parallel Time: 319.4 ms, GC Workers: 8]
      [GC Worker Start (ms): Min: 95936.2, Avg: 95936.3, Max: 95936.4, Diff: 0.2]
      [Ext Root Scanning (ms): Min: 0.0, Avg: 0.1, Max: 0.2, Diff: 0.2, Sum: 1.0]
      [Update RS (ms): Min: 31.1, Avg: 31.7, Max: 32.5, Diff: 1.4, Sum: 253.4]
         [Processed Buffers: Min: 0, Avg: 17.6, Max: 22, Diff: 22, Sum: 141]
      [Scan RS (ms): Min: 23.9, Avg: 25.0, Max: 27.3, Diff: 3.4, Sum: 199.7]
      [Code Root Scanning (ms): Min: 0.0, Avg: 0.0, Max: 0.0, Diff: 0.0, Sum: 0.0]
      [Object Copy (ms): Min: 259.1, Avg: 262.0, Max: 262.8, Diff: 3.7, Sum: 2095.7]
      [Termination (ms): Min: 0.0, Avg: 0.4, Max: 0.5, Diff: 0.5, Sum: 3.4]
         [Termination Attempts: Min: 1, Avg: 1509.4, Max: 1883, Diff: 1882, Sum: 12075]
      [GC Worker Other (ms): Min: 0.0, Avg: 0.0, Max: 0.1, Diff: 0.1, Sum: 0.3]
      [GC Worker Total (ms): Min: 319.0, Avg: 319.2, Max: 319.3, Diff: 0.2, Sum: 2553.5]
      [GC Worker End (ms): Min: 96255.5, Avg: 96255.5, Max: 96255.5, Diff: 0.1]
   [Code Root Fixup: 0.0 ms]
   [Code Root Purge: 0.0 ms]
   [Clear CT: 0.3 ms]
   [Other: 1.3 ms]
      [Choose CSet: 0.0 ms]
      [Ref Proc: 0.2 ms]
      [Ref Enq: 0.0 ms]
      [Redirty Cards: 0.3 ms]
      [Humongous Register: 0.1 ms]
      [Humongous Reclaim: 0.0 ms]
      [Free CSet: 0.4 ms]
   [Eden: 308.0M(308.0M)->0.0B(164.0M) Survivors: 8192.0K->40.0M Heap: 373.5M(2048.0M)->367.5M(2048.0M)]
 [Times: user=2.42 sys=0.00, real=0.32 secs] 
2020-09-29T12:00:34.208+0200: 96.439: [GC pause (G1 Evacuation Pause) (young), 0.1839025 secs]
   [Parallel Time: 182.3 ms, GC Workers: 8]
      [GC Worker Start (ms): Min: 96439.0, Avg: 96439.1, Max: 96439.1, Diff: 0.1]
      [Ext Root Scanning (ms): Min: 0.1, Avg: 0.1, Max: 0.2, Diff: 0.1, Sum: 1.0]
      [Update RS (ms): Min: 25.5, Avg: 25.7, Max: 26.2, Diff: 0.7, Sum: 205.9]
         [Processed Buffers: Min: 14, Avg: 18.0, Max: 22, Diff: 8, Sum: 144]
      [Scan RS (ms): Min: 11.5, Avg: 12.1, Max: 12.3, Diff: 0.8, Sum: 96.5]
      [Code Root Scanning (ms): Min: 0.0, Avg: 0.0, Max: 0.0, Diff: 0.0, Sum: 0.0]
      [Object Copy (ms): Min: 144.0, Avg: 144.0, Max: 144.1, Diff: 0.1, Sum: 1152.1]
      [Termination (ms): Min: 0.0, Avg: 0.0, Max: 0.0, Diff: 0.0, Sum: 0.3]
         [Termination Attempts: Min: 1, Avg: 130.5, Max: 167, Diff: 166, Sum: 1044]
      [GC Worker Other (ms): Min: 0.0, Avg: 0.1, Max: 0.2, Diff: 0.2, Sum: 0.5]
      [GC Worker Total (ms): Min: 182.0, Avg: 182.0, Max: 182.1, Diff: 0.2, Sum: 1456.3]
      [GC Worker End (ms): Min: 96621.1, Avg: 96621.1, Max: 96621.2, Diff: 0.2]
   [Code Root Fixup: 0.0 ms]
   [Code Root Purge: 0.0 ms]
   [Clear CT: 0.3 ms]
   [Other: 1.3 ms]
      [Choose CSet: 0.0 ms]
      [Ref Proc: 0.3 ms]
      [Ref Enq: 0.0 ms]
      [Redirty Cards: 0.3 ms]
      [Humongous Register: 0.1 ms]
      [Humongous Reclaim: 0.0 ms]
      [Free CSet: 0.3 ms]
   [Eden: 164.0M(164.0M)->0.0B(166.0M) Survivors: 40.0M->26.0M Heap: 560.1M(2048.0M)->562.6M(2048.0M)]
 [Times: user=1.28 sys=0.00, real=0.18 secs] 
2020-09-29T12:00:34.603+0200: 96.834: [GC pause (G1 Evacuation Pause) (young), 0.2234942 secs]
   [Parallel Time: 221.9 ms, GC Workers: 8]
      [GC Worker Start (ms): Min: 96834.0, Avg: 96842.0, Max: 96865.5, Diff: 31.5]
      [Ext Root Scanning (ms): Min: 0.0, Avg: 0.1, Max: 0.2, Diff: 0.2, Sum: 0.9]
      [Update RS (ms): Min: 0.0, Avg: 19.1, Max: 26.1, Diff: 26.1, Sum: 153.1]
         [Processed Buffers: Min: 0, Avg: 13.0, Max: 19, Diff: 19, Sum: 104]
      [Scan RS (ms): Min: 9.3, Avg: 13.6, Max: 15.4, Diff: 6.1, Sum: 109.0]
      [Code Root Scanning (ms): Min: 0.0, Avg: 0.0, Max: 0.0, Diff: 0.0, Sum: 0.0]
      [Object Copy (ms): Min: 180.6, Avg: 180.6, Max: 180.7, Diff: 0.2, Sum: 1445.1]
      [Termination (ms): Min: 0.0, Avg: 0.1, Max: 0.1, Diff: 0.1, Sum: 0.6]
         [Termination Attempts: Min: 1, Avg: 305.5, Max: 376, Diff: 375, Sum: 2444]
      [GC Worker Other (ms): Min: 0.0, Avg: 0.0, Max: 0.1, Diff: 0.1, Sum: 0.4]
      [GC Worker Total (ms): Min: 190.2, Avg: 213.6, Max: 221.6, Diff: 31.5, Sum: 1709.0]
      [GC Worker End (ms): Min: 97055.6, Avg: 97055.7, Max: 97055.7, Diff: 0.1]
   [Code Root Fixup: 0.0 ms]
   [Code Root Purge: 0.0 ms]
   [Clear CT: 0.3 ms]
   [Other: 1.4 ms]
      [Choose CSet: 0.0 ms]
      [Ref Proc: 0.3 ms]
      [Ref Enq: 0.0 ms]
      [Redirty Cards: 0.4 ms]
      [Humongous Register: 0.1 ms]
      [Humongous Reclaim: 0.0 ms]
      [Free CSet: 0.2 ms]
   [Eden: 166.0M(166.0M)->0.0B(138.0M) Survivors: 26.0M->24.0M Heap: 755.3M(2048.0M)->757.3M(2048.0M)]
 [Times: user=1.63 sys=0.02, real=0.22 secs] 
2020-09-29T12:00:34.957+0200: 97.188: [GC pause (G1 Evacuation Pause) (young), 0.1635723 secs]
   [Parallel Time: 161.4 ms, GC Workers: 8]
      [GC Worker Start (ms): Min: 97187.8, Avg: 97187.8, Max: 97188.0, Diff: 0.2]
      [Ext Root Scanning (ms): Min: 0.0, Avg: 0.1, Max: 0.2, Diff: 0.2, Sum: 1.0]
      [Update RS (ms): Min: 28.9, Avg: 29.8, Max: 30.6, Diff: 1.7, Sum: 238.6]
         [Processed Buffers: Min: 5, Avg: 16.9, Max: 20, Diff: 15, Sum: 135]
      [Scan RS (ms): Min: 9.6, Avg: 10.3, Max: 11.2, Diff: 1.6, Sum: 82.3]
      [Code Root Scanning (ms): Min: 0.0, Avg: 0.0, Max: 0.0, Diff: 0.0, Sum: 0.0]
      [Object Copy (ms): Min: 120.6, Avg: 120.8, Max: 121.0, Diff: 0.3, Sum: 966.8]
      [Termination (ms): Min: 0.0, Avg: 0.0, Max: 0.0, Diff: 0.0, Sum: 0.1]
         [Termination Attempts: Min: 1, Avg: 46.6, Max: 63, Diff: 62, Sum: 373]
      [GC Worker Other (ms): Min: 0.0, Avg: 0.0, Max: 0.1, Diff: 0.1, Sum: 0.3]
      [GC Worker Total (ms): Min: 161.0, Avg: 161.1, Max: 161.2, Diff: 0.2, Sum: 1289.1]
      [GC Worker End (ms): Min: 97349.0, Avg: 97349.0, Max: 97349.0, Diff: 0.1]
   [Code Root Fixup: 0.0 ms]
   [Code Root Purge: 0.0 ms]
   [Clear CT: 0.7 ms]
   [Other: 1.4 ms]
      [Choose CSet: 0.0 ms]
      [Ref Proc: 0.3 ms]
      [Ref Enq: 0.0 ms]
      [Redirty Cards: 0.5 ms]
      [Humongous Register: 0.1 ms]
      [Humongous Reclaim: 0.0 ms]
      [Free CSet: 0.2 ms]
   [Eden: 138.0M(138.0M)->0.0B(138.0M) Survivors: 24.0M->21.0M Heap: 918.2M(2048.0M)->920.2M(2048.0M)]
 [Times: user=1.28 sys=0.03, real=0.16 secs] 
2020-09-29T12:00:35.196+0200: 97.427: [GC pause (G1 Humongous Allocation) (young) (initial-mark), 0.0964494 secs]
   [Parallel Time: 95.1 ms, GC Workers: 8]
      [GC Worker Start (ms): Min: 97426.8, Avg: 97426.8, Max: 97426.9, Diff: 0.1]
      [Ext Root Scanning (ms): Min: 0.1, Avg: 0.1, Max: 0.2, Diff: 0.1, Sum: 1.0]
      [Update RS (ms): Min: 18.4, Avg: 19.1, Max: 20.0, Diff: 1.5, Sum: 153.2]
         [Processed Buffers: Min: 12, Avg: 12.8, Max: 15, Diff: 3, Sum: 102]
      [Scan RS (ms): Min: 2.3, Avg: 3.1, Max: 3.8, Diff: 1.5, Sum: 25.2]
      [Code Root Scanning (ms): Min: 0.0, Avg: 0.0, Max: 0.0, Diff: 0.0, Sum: 0.0]
      [Object Copy (ms): Min: 72.2, Avg: 72.3, Max: 72.4, Diff: 0.2, Sum: 578.5]
      [Termination (ms): Min: 0.0, Avg: 0.1, Max: 0.1, Diff: 0.1, Sum: 0.7]
         [Termination Attempts: Min: 1, Avg: 20.3, Max: 32, Diff: 31, Sum: 162]
      [GC Worker Other (ms): Min: 0.0, Avg: 0.0, Max: 0.0, Diff: 0.0, Sum: 0.2]
      [GC Worker Total (ms): Min: 94.8, Avg: 94.8, Max: 94.9, Diff: 0.2, Sum: 758.8]
      [GC Worker End (ms): Min: 97521.6, Avg: 97521.7, Max: 97521.7, Diff: 0.1]
   [Code Root Fixup: 0.0 ms]
   [Code Root Purge: 0.0 ms]
   [Clear CT: 0.3 ms]
   [Other: 1.0 ms]
      [Choose CSet: 0.0 ms]
      [Ref Proc: 0.2 ms]
      [Ref Enq: 0.0 ms]
      [Redirty Cards: 0.3 ms]
      [Humongous Register: 0.0 ms]
      [Humongous Reclaim: 0.0 ms]
      [Free CSet: 0.1 ms]
   [Eden: 83.0M(138.0M)->0.0B(158.0M) Survivors: 21.0M->20.0M Heap: 1016.1M(2048.0M)->1017.6M(2048.0M)]
 [Times: user=0.72 sys=0.00, real=0.10 secs] 
2020-09-29T12:00:35.292+0200: 97.523: [GC concurrent-root-region-scan-start]
2020-09-29T12:00:35.304+0200: 97.535: [GC concurrent-root-region-scan-end, 0.0118894 secs]
2020-09-29T12:00:35.304+0200: 97.535: [GC concurrent-mark-start]
2020-09-29T12:00:35.310+0200: 97.541: [GC concurrent-mark-end, 0.0053910 secs]
2020-09-29T12:00:35.310+0200: 97.541: [GC remark 2020-09-29T12:00:35.310+0200: 97.541: [Finalize Marking, 0.0003141 secs] 2020-09-29T12:00:35.310+0200: 97.541: [GC ref-proc, 0.0004476 secs] 2020-09-29T12:00:35.311+0200: 97.542: [Unloading, 0.0006891 secs], 0.0019974 secs]
 [Times: user=0.00 sys=0.00, real=0.00 secs] 
2020-09-29T12:00:35.313+0200: 97.544: [GC cleanup 1038M->46M(2048M), 0.0022521 secs]
 [Times: user=0.00 sys=0.00, real=0.00 secs] 
2020-09-29T12:00:35.315+0200: 97.546: [GC concurrent-cleanup-start]
2020-09-29T12:00:35.317+0200: 97.548: [GC concurrent-cleanup-end, 0.0018112 secs]
2020-09-29T12:00:35.430+0200: 97.661: [GC pause (G1 Evacuation Pause) (young), 0.1405683 secs]
   [Parallel Time: 139.3 ms, GC Workers: 8]
      [GC Worker Start (ms): Min: 97661.5, Avg: 97661.6, Max: 97661.6, Diff: 0.2]
      [Ext Root Scanning (ms): Min: 0.0, Avg: 0.1, Max: 0.2, Diff: 0.2, Sum: 0.8]
      [Update RS (ms): Min: 23.3, Avg: 23.5, Max: 23.9, Diff: 0.5, Sum: 188.3]
         [Processed Buffers: Min: 15, Avg: 16.6, Max: 18, Diff: 3, Sum: 133]
      [Scan RS (ms): Min: 7.3, Avg: 7.7, Max: 8.3, Diff: 1.0, Sum: 61.4]
      [Code Root Scanning (ms): Min: 0.0, Avg: 0.0, Max: 0.0, Diff: 0.0, Sum: 0.0]
      [Object Copy (ms): Min: 106.9, Avg: 107.6, Max: 107.8, Diff: 0.9, Sum: 860.8]
      [Termination (ms): Min: 0.0, Avg: 0.0, Max: 0.0, Diff: 0.0, Sum: 0.1]
         [Termination Attempts: Min: 1, Avg: 49.4, Max: 67, Diff: 66, Sum: 395]
      [GC Worker Other (ms): Min: 0.0, Avg: 0.0, Max: 0.1, Diff: 0.0, Sum: 0.3]
      [GC Worker Total (ms): Min: 138.9, Avg: 139.0, Max: 139.1, Diff: 0.2, Sum: 1111.8]
      [GC Worker End (ms): Min: 97800.5, Avg: 97800.5, Max: 97800.6, Diff: 0.0]
   [Code Root Fixup: 0.0 ms]
   [Code Root Purge: 0.0 ms]
   [Clear CT: 0.2 ms]
   [Other: 1.0 ms]
      [Choose CSet: 0.0 ms]
      [Ref Proc: 0.3 ms]
      [Ref Enq: 0.0 ms]
      [Redirty Cards: 0.1 ms]
      [Humongous Register: 0.1 ms]
      [Humongous Reclaim: 0.0 ms]
      [Free CSet: 0.2 ms]
   [Eden: 158.0M(158.0M)->0.0B(169.0M) Survivors: 20.0M->23.0M Heap: 210.7M(2048.0M)->192.2M(2048.0M)]
 [Times: user=1.13 sys=0.00, real=0.14 secs] 
2020-09-29T12:00:35.714+0200: 97.945: [GC pause (G1 Evacuation Pause) (young), 0.1948276 secs]
   [Parallel Time: 193.3 ms, GC Workers: 8]
      [GC Worker Start (ms): Min: 97945.1, Avg: 97945.2, Max: 97945.3, Diff: 0.2]
      [Ext Root Scanning (ms): Min: 0.0, Avg: 0.1, Max: 0.2, Diff: 0.2, Sum: 0.8]
      [Update RS (ms): Min: 17.6, Avg: 17.8, Max: 18.3, Diff: 0.7, Sum: 142.4]
         [Processed Buffers: Min: 12, Avg: 13.4, Max: 15, Diff: 3, Sum: 107]
      [Scan RS (ms): Min: 13.2, Avg: 13.4, Max: 13.6, Diff: 0.5, Sum: 107.2]
      [Code Root Scanning (ms): Min: 0.0, Avg: 0.0, Max: 0.0, Diff: 0.0, Sum: 0.0]
      [Object Copy (ms): Min: 161.2, Avg: 161.5, Max: 161.8, Diff: 0.6, Sum: 1292.0]
      [Termination (ms): Min: 0.0, Avg: 0.2, Max: 0.3, Diff: 0.3, Sum: 1.4]
         [Termination Attempts: Min: 1, Avg: 730.0, Max: 950, Diff: 949, Sum: 5840]
      [GC Worker Other (ms): Min: 0.0, Avg: 0.0, Max: 0.1, Diff: 0.1, Sum: 0.3]
      [GC Worker Total (ms): Min: 192.9, Avg: 193.0, Max: 193.1, Diff: 0.2, Sum: 1544.3]
      [GC Worker End (ms): Min: 98138.2, Avg: 98138.2, Max: 98138.3, Diff: 0.1]
   [Code Root Fixup: 0.0 ms]
   [Code Root Purge: 0.0 ms]
   [Clear CT: 0.3 ms]
   [Other: 1.2 ms]
      [Choose CSet: 0.0 ms]
      [Ref Proc: 0.2 ms]
      [Ref Enq: 0.0 ms]
      [Redirty Cards: 0.4 ms]
      [Humongous Register: 0.1 ms]
      [Humongous Reclaim: 0.0 ms]
      [Free CSet: 0.3 ms]
   [Eden: 169.0M(169.0M)->0.0B(158.0M) Survivors: 23.0M->24.0M Heap: 389.8M(2048.0M)->391.3M(2048.0M)]
 [Times: user=1.36 sys=0.00, real=0.19 secs] 
2020-09-29T12:00:36.044+0200: 98.275: [GC pause (G1 Evacuation Pause) (young), 0.1682644 secs]
   [Parallel Time: 166.7 ms, GC Workers: 8]
      [GC Worker Start (ms): Min: 98275.0, Avg: 98275.0, Max: 98275.2, Diff: 0.2]
      [Ext Root Scanning (ms): Min: 0.0, Avg: 0.1, Max: 0.2, Diff: 0.2, Sum: 0.9]
      [Update RS (ms): Min: 20.9, Avg: 21.2, Max: 21.4, Diff: 0.5, Sum: 169.3]
         [Processed Buffers: Min: 12, Avg: 15.3, Max: 18, Diff: 6, Sum: 122]
      [Scan RS (ms): Min: 11.0, Avg: 11.2, Max: 11.4, Diff: 0.4, Sum: 89.5]
      [Code Root Scanning (ms): Min: 0.0, Avg: 0.0, Max: 0.0, Diff: 0.0, Sum: 0.0]
      [Object Copy (ms): Min: 133.5, Avg: 133.7, Max: 134.0, Diff: 0.5, Sum: 1069.4]
      [Termination (ms): Min: 0.0, Avg: 0.3, Max: 0.4, Diff: 0.4, Sum: 2.4]
         [Termination Attempts: Min: 1, Avg: 1205.8, Max: 1553, Diff: 1552, Sum: 9646]
      [GC Worker Other (ms): Min: 0.0, Avg: 0.0, Max: 0.1, Diff: 0.1, Sum: 0.3]
      [GC Worker Total (ms): Min: 166.3, Avg: 166.5, Max: 166.6, Diff: 0.3, Sum: 1331.9]
      [GC Worker End (ms): Min: 98441.5, Avg: 98441.5, Max: 98441.6, Diff: 0.1]
   [Code Root Fixup: 0.0 ms]
   [Code Root Purge: 0.0 ms]
   [Clear CT: 0.3 ms]
   [Other: 1.2 ms]
      [Choose CSet: 0.0 ms]
      [Ref Proc: 0.2 ms]
      [Ref Enq: 0.0 ms]
      [Redirty Cards: 0.3 ms]
      [Humongous Register: 0.1 ms]
      [Humongous Reclaim: 0.0 ms]
      [Free CSet: 0.2 ms]
   [Eden: 158.0M(158.0M)->0.0B(163.0M) Survivors: 24.0M->23.0M Heap: 576.0M(2048.0M)->577.5M(2048.0M)]
 [Times: user=1.34 sys=0.00, real=0.17 secs] 
2020-09-29T12:00:36.367+0200: 98.598: [GC pause (G1 Evacuation Pause) (young), 0.1756992 secs]
   [Parallel Time: 174.1 ms, GC Workers: 8]
      [GC Worker Start (ms): Min: 98598.4, Avg: 98601.5, Max: 98610.6, Diff: 12.2]
      [Ext Root Scanning (ms): Min: 0.0, Avg: 0.1, Max: 0.2, Diff: 0.2, Sum: 0.9]
      [Update RS (ms): Min: 11.6, Avg: 20.7, Max: 24.5, Diff: 12.9, Sum: 165.9]
         [Processed Buffers: Min: 10, Avg: 15.0, Max: 18, Diff: 8, Sum: 120]
      [Scan RS (ms): Min: 10.6, Avg: 12.4, Max: 20.1, Diff: 9.6, Sum: 99.6]
      [Code Root Scanning (ms): Min: 0.0, Avg: 0.0, Max: 0.0, Diff: 0.0, Sum: 0.0]
      [Object Copy (ms): Min: 129.8, Avg: 137.4, Max: 138.6, Diff: 8.7, Sum: 1099.5]
      [Termination (ms): Min: 0.0, Avg: 0.1, Max: 0.2, Diff: 0.1, Sum: 0.8]
         [Termination Attempts: Min: 1, Avg: 206.4, Max: 285, Diff: 284, Sum: 1651]
      [GC Worker Other (ms): Min: 0.0, Avg: 0.0, Max: 0.0, Diff: 0.0, Sum: 0.1]
      [GC Worker Total (ms): Min: 161.8, Avg: 170.9, Max: 173.9, Diff: 12.2, Sum: 1366.9]
      [GC Worker End (ms): Min: 98772.4, Avg: 98772.4, Max: 98772.4, Diff: 0.0]
   [Code Root Fixup: 0.0 ms]
   [Code Root Purge: 0.0 ms]
   [Clear CT: 0.2 ms]
   [Other: 1.3 ms]
      [Choose CSet: 0.0 ms]
      [Ref Proc: 0.3 ms]
      [Ref Enq: 0.0 ms]
      [Redirty Cards: 0.3 ms]
      [Humongous Register: 0.1 ms]
      [Humongous Reclaim: 0.0 ms]
      [Free CSet: 0.2 ms]
   [Eden: 163.0M(163.0M)->0.0B(164.0M) Survivors: 23.0M->24.0M Heap: 767.2M(2048.0M)->768.7M(2048.0M)]
 [Times: user=1.33 sys=0.00, real=0.18 secs] 
2020-09-29T12:00:36.706+0200: 98.937: [GC pause (G1 Evacuation Pause) (young), 0.2172496 secs]
   [Parallel Time: 215.9 ms, GC Workers: 8]
      [GC Worker Start (ms): Min: 98937.0, Avg: 98937.1, Max: 98937.2, Diff: 0.2]
      [Ext Root Scanning (ms): Min: 0.0, Avg: 0.1, Max: 0.2, Diff: 0.2, Sum: 0.9]
      [Update RS (ms): Min: 16.7, Avg: 19.1, Max: 31.3, Diff: 14.6, Sum: 152.9]
         [Processed Buffers: Min: 0, Avg: 10.8, Max: 13, Diff: 13, Sum: 86]
      [Scan RS (ms): Min: 1.9, Avg: 18.1, Max: 46.4, Diff: 44.5, Sum: 145.1]
      [Code Root Scanning (ms): Min: 0.0, Avg: 0.0, Max: 0.0, Diff: 0.0, Sum: 0.0]
      [Object Copy (ms): Min: 152.1, Avg: 178.1, Max: 182.2, Diff: 30.1, Sum: 1424.9]
      [Termination (ms): Min: 0.0, Avg: 0.2, Max: 0.2, Diff: 0.2, Sum: 1.3]
         [Termination Attempts: Min: 1, Avg: 403.8, Max: 497, Diff: 496, Sum: 3230]
      [GC Worker Other (ms): Min: 0.0, Avg: 0.0, Max: 0.0, Diff: 0.0, Sum: 0.1]
      [GC Worker Total (ms): Min: 215.5, Avg: 215.7, Max: 215.8, Diff: 0.3, Sum: 1725.4]
      [GC Worker End (ms): Min: 99152.7, Avg: 99152.7, Max: 99152.8, Diff: 0.1]
   [Code Root Fixup: 0.0 ms]
   [Code Root Purge: 0.0 ms]
   [Clear CT: 0.2 ms]
   [Other: 1.1 ms]
      [Choose CSet: 0.0 ms]
      [Ref Proc: 0.3 ms]
      [Ref Enq: 0.0 ms]
      [Redirty Cards: 0.3 ms]
      [Humongous Register: 0.1 ms]
      [Humongous Reclaim: 0.0 ms]
      [Free CSet: 0.2 ms]
   [Eden: 164.0M(164.0M)->0.0B(142.0M) Survivors: 24.0M->24.0M Heap: 959.4M(2048.0M)->961.4M(2048.0M)]
 [Times: user=1.47 sys=0.00, real=0.22 secs] 
2020-09-29T12:00:36.928+0200: 99.159: [GC pause (G1 Humongous Allocation) (young) (initial-mark), 0.0624570 secs]
   [Parallel Time: 61.1 ms, GC Workers: 8]
      [GC Worker Start (ms): Min: 99159.0, Avg: 99159.0, Max: 99159.1, Diff: 0.2]
      [Ext Root Scanning (ms): Min: 0.0, Avg: 0.1, Max: 0.2, Diff: 0.2, Sum: 1.0]
      [Update RS (ms): Min: 35.3, Avg: 36.0, Max: 36.6, Diff: 1.3, Sum: 288.1]
         [Processed Buffers: Min: 27, Avg: 28.1, Max: 29, Diff: 2, Sum: 225]
      [Scan RS (ms): Min: 0.9, Avg: 1.5, Max: 2.3, Diff: 1.4, Sum: 12.1]
      [Code Root Scanning (ms): Min: 0.0, Avg: 0.0, Max: 0.0, Diff: 0.0, Sum: 0.0]
      [Object Copy (ms): Min: 23.1, Avg: 23.2, Max: 23.2, Diff: 0.2, Sum: 185.3]
      [Termination (ms): Min: 0.1, Avg: 0.2, Max: 0.2, Diff: 0.1, Sum: 1.3]
         [Termination Attempts: Min: 1, Avg: 351.5, Max: 462, Diff: 461, Sum: 2812]
      [GC Worker Other (ms): Min: 0.0, Avg: 0.0, Max: 0.0, Diff: 0.0, Sum: 0.1]
      [GC Worker Total (ms): Min: 60.9, Avg: 61.0, Max: 61.1, Diff: 0.2, Sum: 488.0]
      [GC Worker End (ms): Min: 99220.0, Avg: 99220.0, Max: 99220.1, Diff: 0.1]
   [Code Root Fixup: 0.0 ms]
   [Code Root Purge: 0.0 ms]
   [Clear CT: 0.3 ms]
   [Other: 1.1 ms]
      [Choose CSet: 0.0 ms]
      [Ref Proc: 0.3 ms]
      [Ref Enq: 0.0 ms]
      [Redirty Cards: 0.3 ms]
      [Humongous Register: 0.1 ms]
      [Humongous Reclaim: 0.0 ms]
      [Free CSet: 0.1 ms]
   [Eden: 1024.0K(142.0M)->0.0B(169.0M) Survivors: 24.0M->2048.0K Heap: 962.4M(2048.0M)->964.4M(2048.0M)]
 [Times: user=0.48 sys=0.00, real=0.06 secs] 
2020-09-29T12:00:36.990+0200: 99.221: [GC concurrent-root-region-scan-start]
2020-09-29T12:00:36.991+0200: 99.222: [GC concurrent-root-region-scan-end, 0.0007292 secs]
2020-09-29T12:00:36.991+0200: 99.222: [GC concurrent-mark-start]
2020-09-29T12:00:36.995+0200: 99.226: [GC concurrent-mark-end, 0.0042860 secs]
2020-09-29T12:00:36.996+0200: 99.227: [GC remark 2020-09-29T12:00:36.996+0200: 99.227: [Finalize Marking, 0.0002454 secs] 2020-09-29T12:00:36.996+0200: 99.227: [GC ref-proc, 0.0004552 secs] 2020-09-29T12:00:36.997+0200: 99.228: [Unloading, 0.0005913 secs], 0.0016987 secs]
 [Times: user=0.00 sys=0.00, real=0.00 secs] 
2020-09-29T12:00:36.998+0200: 99.229: [GC cleanup 972M->15M(2048M), 0.0016684 secs]
 [Times: user=0.00 sys=0.00, real=0.00 secs] 
2020-09-29T12:00:37.000+0200: 99.231: [GC concurrent-cleanup-start]
2020-09-29T12:00:37.001+0200: 99.232: [GC concurrent-cleanup-end, 0.0015116 secs]
2020-09-29T12:00:37.132+0200: 99.363: [GC pause (G1 Evacuation Pause) (young), 0.2480173 secs]
   [Parallel Time: 244.5 ms, GC Workers: 8]
      [GC Worker Start (ms): Min: 99363.0, Avg: 99367.1, Max: 99394.5, Diff: 31.5]
      [Ext Root Scanning (ms): Min: 0.0, Avg: 0.1, Max: 0.2, Diff: 0.2, Sum: 0.8]
      [Update RS (ms): Min: 0.0, Avg: 18.3, Max: 31.2, Diff: 31.2, Sum: 146.1]
         [Processed Buffers: Min: 0, Avg: 10.5, Max: 16, Diff: 16, Sum: 84]
      [Scan RS (ms): Min: 2.9, Avg: 19.3, Max: 44.2, Diff: 41.3, Sum: 154.5]
      [Code Root Scanning (ms): Min: 0.0, Avg: 0.0, Max: 0.0, Diff: 0.0, Sum: 0.0]
      [Object Copy (ms): Min: 180.4, Avg: 202.3, Max: 209.8, Diff: 29.4, Sum: 1618.5]
      [Termination (ms): Min: 0.1, Avg: 0.3, Max: 0.4, Diff: 0.3, Sum: 2.1]
         [Termination Attempts: Min: 1, Avg: 865.9, Max: 1182, Diff: 1181, Sum: 6927]
      [GC Worker Other (ms): Min: 0.0, Avg: 0.0, Max: 0.0, Diff: 0.0, Sum: 0.1]
      [GC Worker Total (ms): Min: 212.8, Avg: 240.3, Max: 244.3, Diff: 31.5, Sum: 1922.2]
      [GC Worker End (ms): Min: 99607.3, Avg: 99607.3, Max: 99607.4, Diff: 0.0]
   [Code Root Fixup: 0.0 ms]
   [Code Root Purge: 0.0 ms]
   [Clear CT: 0.2 ms]
   [Other: 3.3 ms]
      [Choose CSet: 0.0 ms]
      [Ref Proc: 0.3 ms]
      [Ref Enq: 0.0 ms]
      [Redirty Cards: 2.4 ms]
      [Humongous Register: 0.0 ms]
      [Humongous Reclaim: 0.0 ms]
      [Free CSet: 0.2 ms]
   [Eden: 169.0M(169.0M)->0.0B(115.0M) Survivors: 2048.0K->22.0M Heap: 205.1M(2048.0M)->205.6M(2048.0M)]
 [Times: user=1.50 sys=0.00, real=0.25 secs] 
2020-09-29T12:00:37.479+0200: 99.710: [GC pause (G1 Evacuation Pause) (young), 0.1145877 secs]
   [Parallel Time: 113.1 ms, GC Workers: 8]
      [GC Worker Start (ms): Min: 99710.1, Avg: 99710.2, Max: 99710.3, Diff: 0.1]
      [Ext Root Scanning (ms): Min: 0.1, Avg: 0.1, Max: 0.2, Diff: 0.1, Sum: 1.0]
      [Update RS (ms): Min: 18.0, Avg: 18.3, Max: 18.6, Diff: 0.6, Sum: 146.1]
         [Processed Buffers: Min: 11, Avg: 13.0, Max: 14, Diff: 3, Sum: 104]
      [Scan RS (ms): Min: 6.4, Avg: 6.6, Max: 7.0, Diff: 0.6, Sum: 53.1]
      [Code Root Scanning (ms): Min: 0.0, Avg: 0.0, Max: 0.0, Diff: 0.0, Sum: 0.0]
      [Object Copy (ms): Min: 87.7, Avg: 87.8, Max: 87.8, Diff: 0.1, Sum: 702.4]
      [Termination (ms): Min: 0.0, Avg: 0.0, Max: 0.1, Diff: 0.1, Sum: 0.3]
         [Termination Attempts: Min: 1, Avg: 141.3, Max: 179, Diff: 178, Sum: 1130]
      [GC Worker Other (ms): Min: 0.0, Avg: 0.0, Max: 0.1, Diff: 0.1, Sum: 0.3]
      [GC Worker Total (ms): Min: 112.8, Avg: 112.9, Max: 113.0, Diff: 0.2, Sum: 903.2]
      [GC Worker End (ms): Min: 99823.1, Avg: 99823.1, Max: 99823.1, Diff: 0.1]
   [Code Root Fixup: 0.0 ms]
   [Code Root Purge: 0.0 ms]
   [Clear CT: 0.2 ms]
   [Other: 1.2 ms]
      [Choose CSet: 0.0 ms]
      [Ref Proc: 0.3 ms]
      [Ref Enq: 0.0 ms]
      [Redirty Cards: 0.3 ms]
      [Humongous Register: 0.1 ms]
      [Humongous Reclaim: 0.0 ms]
      [Free CSet: 0.2 ms]
   [Eden: 115.0M(115.0M)->0.0B(136.0M) Survivors: 22.0M->18.0M Heap: 339.7M(2048.0M)->341.2M(2048.0M)]
 [Times: user=0.88 sys=0.00, real=0.12 secs] 
2020-09-29T12:00:37.717+0200: 99.948: [GC pause (G1 Evacuation Pause) (young), 0.1375308 secs]
   [Parallel Time: 136.2 ms, GC Workers: 8]
      [GC Worker Start (ms): Min: 99948.5, Avg: 99948.6, Max: 99948.6, Diff: 0.1]
      [Ext Root Scanning (ms): Min: 0.1, Avg: 0.1, Max: 0.2, Diff: 0.1, Sum: 1.0]
      [Update RS (ms): Min: 21.3, Avg: 21.6, Max: 22.5, Diff: 1.3, Sum: 172.7]
         [Processed Buffers: Min: 14, Avg: 15.4, Max: 17, Diff: 3, Sum: 123]
      [Scan RS (ms): Min: 6.1, Avg: 7.0, Max: 7.4, Diff: 1.3, Sum: 55.7]
      [Code Root Scanning (ms): Min: 0.0, Avg: 0.0, Max: 0.0, Diff: 0.0, Sum: 0.0]
      [Object Copy (ms): Min: 106.9, Avg: 107.0, Max: 107.2, Diff: 0.3, Sum: 856.1]
      [Termination (ms): Min: 0.1, Avg: 0.2, Max: 0.3, Diff: 0.2, Sum: 2.0]
         [Termination Attempts: Min: 1, Avg: 692.6, Max: 881, Diff: 880, Sum: 5541]
      [GC Worker Other (ms): Min: 0.0, Avg: 0.0, Max: 0.0, Diff: 0.0, Sum: 0.1]
      [GC Worker Total (ms): Min: 135.9, Avg: 136.0, Max: 136.0, Diff: 0.2, Sum: 1087.6]
      [GC Worker End (ms): Min: 100084.5, Avg: 100084.5, Max: 100084.5, Diff: 0.0]
   [Code Root Fixup: 0.0 ms]
   [Code Root Purge: 0.0 ms]
   [Clear CT: 0.3 ms]
   [Other: 1.1 ms]
      [Choose CSet: 0.0 ms]
      [Ref Proc: 0.3 ms]
      [Ref Enq: 0.0 ms]
      [Redirty Cards: 0.3 ms]
      [Humongous Register: 0.1 ms]
      [Humongous Reclaim: 0.0 ms]
      [Free CSet: 0.2 ms]
   [Eden: 136.0M(136.0M)->0.0B(149.0M) Survivors: 18.0M->20.0M Heap: 500.1M(2048.0M)->502.6M(2048.0M)]
 [Times: user=1.08 sys=0.01, real=0.14 secs] 
2020-09-29T12:00:37.984+0200: 100.215: [GC pause (G1 Evacuation Pause) (young), 0.1576019 secs]
   [Parallel Time: 156.1 ms, GC Workers: 8]
      [GC Worker Start (ms): Min: 100215.5, Avg: 100218.6, Max: 100240.1, Diff: 24.6]
      [Ext Root Scanning (ms): Min: 0.0, Avg: 0.1, Max: 0.2, Diff: 0.2, Sum: 1.0]
      [Update RS (ms): Min: 0.0, Avg: 18.6, Max: 21.7, Diff: 21.7, Sum: 148.6]
         [Processed Buffers: Min: 0, Avg: 13.9, Max: 17, Diff: 17, Sum: 111]
      [Scan RS (ms): Min: 6.7, Avg: 9.5, Max: 10.3, Diff: 3.6, Sum: 76.4]
      [Code Root Scanning (ms): Min: 0.0, Avg: 0.0, Max: 0.0, Diff: 0.0, Sum: 0.0]
      [Object Copy (ms): Min: 124.4, Avg: 124.5, Max: 124.6, Diff: 0.2, Sum: 996.1]
      [Termination (ms): Min: 0.0, Avg: 0.0, Max: 0.0, Diff: 0.0, Sum: 0.0]
         [Termination Attempts: Min: 1, Avg: 5.0, Max: 7, Diff: 6, Sum: 40]
      [GC Worker Other (ms): Min: 0.0, Avg: 0.0, Max: 0.1, Diff: 0.1, Sum: 0.3]
      [GC Worker Total (ms): Min: 131.3, Avg: 152.8, Max: 155.9, Diff: 24.7, Sum: 1222.5]
      [GC Worker End (ms): Min: 100371.4, Avg: 100371.4, Max: 100371.5, Diff: 0.1]
   [Code Root Fixup: 0.0 ms]
   [Code Root Purge: 0.0 ms]
   [Clear CT: 0.4 ms]
   [Other: 1.1 ms]
      [Choose CSet: 0.0 ms]
      [Ref Proc: 0.3 ms]
      [Ref Enq: 0.0 ms]
      [Redirty Cards: 0.3 ms]
      [Humongous Register: 0.1 ms]
      [Humongous Reclaim: 0.0 ms]
      [Free CSet: 0.2 ms]
   [Eden: 149.0M(149.0M)->0.0B(155.0M) Survivors: 20.0M->22.0M Heap: 676.4M(2048.0M)->678.4M(2048.0M)]
 [Times: user=1.22 sys=0.00, real=0.16 secs] 
2020-09-29T12:00:38.274+0200: 100.505: [GC pause (G1 Evacuation Pause) (young), 0.1485640 secs]
   [Parallel Time: 147.1 ms, GC Workers: 8]
      [GC Worker Start (ms): Min: 100504.7, Avg: 100505.0, Max: 100506.0, Diff: 1.4]
      [Ext Root Scanning (ms): Min: 0.0, Avg: 0.1, Max: 0.2, Diff: 0.2, Sum: 0.9]
      [Update RS (ms): Min: 21.9, Avg: 22.9, Max: 23.9, Diff: 2.0, Sum: 183.5]
         [Processed Buffers: Min: 14, Avg: 17.0, Max: 18, Diff: 4, Sum: 136]
      [Scan RS (ms): Min: 8.7, Avg: 9.2, Max: 9.5, Diff: 0.8, Sum: 73.9]
      [Code Root Scanning (ms): Min: 0.0, Avg: 0.0, Max: 0.0, Diff: 0.0, Sum: 0.0]
      [Object Copy (ms): Min: 114.1, Avg: 114.2, Max: 114.3, Diff: 0.2, Sum: 913.8]
      [Termination (ms): Min: 0.0, Avg: 0.0, Max: 0.0, Diff: 0.0, Sum: 0.2]
         [Termination Attempts: Min: 1, Avg: 92.5, Max: 130, Diff: 129, Sum: 740]
      [GC Worker Other (ms): Min: 0.0, Avg: 0.0, Max: 0.1, Diff: 0.0, Sum: 0.3]
      [GC Worker Total (ms): Min: 145.6, Avg: 146.6, Max: 147.0, Diff: 1.4, Sum: 1172.5]
      [GC Worker End (ms): Min: 100651.6, Avg: 100651.6, Max: 100651.6, Diff: 0.0]
   [Code Root Fixup: 0.0 ms]
   [Code Root Purge: 0.0 ms]
   [Clear CT: 0.3 ms]
   [Other: 1.1 ms]
      [Choose CSet: 0.0 ms]
      [Ref Proc: 0.3 ms]
      [Ref Enq: 0.0 ms]
      [Redirty Cards: 0.3 ms]
      [Humongous Register: 0.1 ms]
      [Humongous Reclaim: 0.0 ms]
      [Free CSet: 0.2 ms]
   [Eden: 155.0M(155.0M)->0.0B(165.0M) Survivors: 22.0M->23.0M Heap: 860.1M(2048.0M)->862.6M(2048.0M)]
 [Times: user=1.11 sys=0.02, real=0.15 secs] 
2020-09-29T12:00:38.620+0200: 100.851: [GC pause (G1 Evacuation Pause) (young), 0.2452023 secs]
   [Parallel Time: 242.9 ms, GC Workers: 8]
      [GC Worker Start (ms): Min: 100851.4, Avg: 100851.5, Max: 100851.7, Diff: 0.3]
      [Ext Root Scanning (ms): Min: 0.0, Avg: 0.1, Max: 0.3, Diff: 0.3, Sum: 1.1]
      [Update RS (ms): Min: 24.4, Avg: 25.8, Max: 31.1, Diff: 6.7, Sum: 206.3]
         [Processed Buffers: Min: 0, Avg: 11.3, Max: 15, Diff: 15, Sum: 90]
      [Scan RS (ms): Min: 13.9, Avg: 19.1, Max: 20.5, Diff: 6.6, Sum: 152.7]
      [Code Root Scanning (ms): Min: 0.0, Avg: 0.0, Max: 0.0, Diff: 0.0, Sum: 0.0]
      [Object Copy (ms): Min: 197.3, Avg: 197.4, Max: 197.6, Diff: 0.2, Sum: 1579.6]
      [Termination (ms): Min: 0.0, Avg: 0.1, Max: 0.2, Diff: 0.1, Sum: 0.9]
         [Termination Attempts: Min: 1, Avg: 66.8, Max: 101, Diff: 100, Sum: 534]
      [GC Worker Other (ms): Min: 0.0, Avg: 0.0, Max: 0.0, Diff: 0.0, Sum: 0.2]
      [GC Worker Total (ms): Min: 242.5, Avg: 242.6, Max: 242.8, Diff: 0.3, Sum: 1940.8]
      [GC Worker End (ms): Min: 101094.1, Avg: 101094.1, Max: 101094.2, Diff: 0.1]
   [Code Root Fixup: 0.0 ms]
   [Code Root Purge: 0.0 ms]
   [Clear CT: 0.3 ms]
   [Other: 1.9 ms]
      [Choose CSet: 0.0 ms]
      [Ref Proc: 0.6 ms]
      [Ref Enq: 0.0 ms]
      [Redirty Cards: 0.7 ms]
      [Humongous Register: 0.1 ms]
      [Humongous Reclaim: 0.0 ms]
      [Free CSet: 0.3 ms]
   [Eden: 165.0M(165.0M)->0.0B(131.0M) Survivors: 23.0M->24.0M Heap: 1054.3M(2048.0M)->1056.3M(2048.0M)]
 [Times: user=1.75 sys=0.01, real=0.25 secs] 
2020-09-29T12:00:38.882+0200: 101.113: [GC pause (G1 Humongous Allocation) (young) (initial-mark), 0.0957726 secs]
   [Parallel Time: 93.8 ms, GC Workers: 8]
      [GC Worker Start (ms): Min: 101113.5, Avg: 101113.7, Max: 101113.9, Diff: 0.4]
      [Ext Root Scanning (ms): Min: 0.0, Avg: 1.5, Max: 8.4, Diff: 8.3, Sum: 11.9]
      [Update RS (ms): Min: 32.4, Avg: 40.3, Max: 44.0, Diff: 11.6, Sum: 322.3]
         [Processed Buffers: Min: 15, Avg: 21.3, Max: 23, Diff: 8, Sum: 170]
      [Scan RS (ms): Min: 0.6, Avg: 3.5, Max: 4.6, Diff: 4.0, Sum: 27.9]
      [Code Root Scanning (ms): Min: 0.0, Avg: 0.0, Max: 0.0, Diff: 0.0, Sum: 0.0]
      [Object Copy (ms): Min: 48.0, Avg: 48.1, Max: 48.1, Diff: 0.2, Sum: 384.5]
      [Termination (ms): Min: 0.0, Avg: 0.1, Max: 0.2, Diff: 0.2, Sum: 0.9]
         [Termination Attempts: Min: 1, Avg: 9.5, Max: 14, Diff: 13, Sum: 76]
      [GC Worker Other (ms): Min: 0.0, Avg: 0.0, Max: 0.0, Diff: 0.0, Sum: 0.1]
      [GC Worker Total (ms): Min: 93.2, Avg: 93.5, Max: 93.7, Diff: 0.5, Sum: 747.7]
      [GC Worker End (ms): Min: 101207.1, Avg: 101207.2, Max: 101207.2, Diff: 0.1]
   [Code Root Fixup: 0.0 ms]
   [Code Root Purge: 0.0 ms]
   [Clear CT: 0.4 ms]
   [Other: 1.5 ms]
      [Choose CSet: 0.0 ms]
      [Ref Proc: 0.4 ms]
      [Ref Enq: 0.0 ms]
      [Redirty Cards: 0.4 ms]
      [Humongous Register: 0.1 ms]
      [Humongous Reclaim: 0.0 ms]
      [Free CSet: 0.1 ms]
   [Eden: 4096.0K(131.0M)->0.0B(109.0M) Survivors: 24.0M->5120.0K Heap: 1060.3M(2048.0M)->1062.8M(2048.0M)]
 [Times: user=0.70 sys=0.02, real=0.10 secs] 
2020-09-29T12:00:38.978+0200: 101.209: [GC concurrent-root-region-scan-start]
2020-09-29T12:00:38.981+0200: 101.213: [GC concurrent-root-region-scan-end, 0.0036021 secs]
2020-09-29T12:00:38.981+0200: 101.213: [GC concurrent-mark-start]
2020-09-29T12:00:38.988+0200: 101.220: [GC concurrent-mark-end, 0.0070181 secs]
2020-09-29T12:00:38.989+0200: 101.220: [GC remark 2020-09-29T12:00:38.989+0200: 101.220: [Finalize Marking, 0.0002976 secs] 2020-09-29T12:00:38.989+0200: 101.221: [GC ref-proc, 0.0008206 secs] 2020-09-29T12:00:38.990+0200: 101.222: [Unloading, 0.0009459 secs], 0.0028417 secs]
 [Times: user=0.00 sys=0.00, real=0.00 secs] 
2020-09-29T12:00:38.993+0200: 101.224: [GC cleanup 1073M->21M(2048M), 0.0026827 secs]
 [Times: user=0.00 sys=0.00, real=0.00 secs] 
2020-09-29T12:00:38.995+0200: 101.227: [GC concurrent-cleanup-start]
2020-09-29T12:00:39.000+0200: 101.232: [GC concurrent-cleanup-end, 0.0045887 secs]
2020-09-29T12:00:39.116+0200: 101.348: [GC pause (G1 Evacuation Pause) (young), 0.1587840 secs]
   [Parallel Time: 156.5 ms, GC Workers: 8]
      [GC Worker Start (ms): Min: 101348.0, Avg: 101348.1, Max: 101348.2, Diff: 0.3]
      [Ext Root Scanning (ms): Min: 0.0, Avg: 0.3, Max: 0.8, Diff: 0.8, Sum: 2.0]
      [Update RS (ms): Min: 19.1, Avg: 19.6, Max: 20.2, Diff: 1.0, Sum: 157.0]
         [Processed Buffers: Min: 9, Avg: 9.6, Max: 11, Diff: 2, Sum: 77]
      [Scan RS (ms): Min: 13.2, Avg: 13.9, Max: 14.6, Diff: 1.4, Sum: 111.0]
      [Code Root Scanning (ms): Min: 0.0, Avg: 0.0, Max: 0.0, Diff: 0.0, Sum: 0.0]
      [Object Copy (ms): Min: 121.8, Avg: 122.2, Max: 122.5, Diff: 0.8, Sum: 977.4]
      [Termination (ms): Min: 0.0, Avg: 0.1, Max: 0.2, Diff: 0.2, Sum: 1.2]
         [Termination Attempts: Min: 1, Avg: 167.5, Max: 219, Diff: 218, Sum: 1340]
      [GC Worker Other (ms): Min: 0.0, Avg: 0.0, Max: 0.0, Diff: 0.0, Sum: 0.2]
      [GC Worker Total (ms): Min: 156.0, Avg: 156.1, Max: 156.2, Diff: 0.3, Sum: 1248.8]
      [GC Worker End (ms): Min: 101504.2, Avg: 101504.2, Max: 101504.2, Diff: 0.0]
   [Code Root Fixup: 0.0 ms]
   [Code Root Purge: 0.0 ms]
   [Clear CT: 0.4 ms]
   [Other: 1.9 ms]
      [Choose CSet: 0.0 ms]
      [Ref Proc: 0.8 ms]
      [Ref Enq: 0.0 ms]
      [Redirty Cards: 0.5 ms]
      [Humongous Register: 0.1 ms]
      [Humongous Reclaim: 0.0 ms]
      [Free CSet: 0.2 ms]
   [Eden: 109.0M(109.0M)->0.0B(99.0M) Survivors: 5120.0K->15.0M Heap: 139.1M(2048.0M)->136.1M(2048.0M)]
 [Times: user=1.13 sys=0.05, real=0.16 secs] 
2020-09-29T12:00:39.402+0200: 101.633: [GC pause (G1 Evacuation Pause) (young), 0.1640736 secs]
   [Parallel Time: 162.1 ms, GC Workers: 8]
      [GC Worker Start (ms): Min: 101633.6, Avg: 101633.7, Max: 101633.9, Diff: 0.3]
      [Ext Root Scanning (ms): Min: 0.0, Avg: 0.1, Max: 0.3, Diff: 0.3, Sum: 1.1]
      [Update RS (ms): Min: 27.8, Avg: 28.5, Max: 29.5, Diff: 1.7, Sum: 228.0]
         [Processed Buffers: Min: 12, Avg: 14.4, Max: 18, Diff: 6, Sum: 115]
      [Scan RS (ms): Min: 6.4, Avg: 7.9, Max: 8.8, Diff: 2.4, Sum: 63.0]
      [Code Root Scanning (ms): Min: 0.0, Avg: 0.0, Max: 0.0, Diff: 0.0, Sum: 0.0]
      [Object Copy (ms): Min: 123.1, Avg: 125.0, Max: 125.5, Diff: 2.5, Sum: 999.8]
      [Termination (ms): Min: 0.0, Avg: 0.2, Max: 0.2, Diff: 0.2, Sum: 1.3]
         [Termination Attempts: Min: 1, Avg: 167.0, Max: 208, Diff: 207, Sum: 1336]
      [GC Worker Other (ms): Min: 0.0, Avg: 0.0, Max: 0.0, Diff: 0.0, Sum: 0.2]
      [GC Worker Total (ms): Min: 161.5, Avg: 161.7, Max: 161.8, Diff: 0.4, Sum: 1293.3]
      [GC Worker End (ms): Min: 101795.4, Avg: 101795.4, Max: 101795.4, Diff: 0.1]
   [Code Root Fixup: 0.0 ms]
   [Code Root Purge: 0.0 ms]
   [Clear CT: 0.4 ms]
   [Other: 1.6 ms]
      [Choose CSet: 0.0 ms]
      [Ref Proc: 0.4 ms]
      [Ref Enq: 0.0 ms]
      [Redirty Cards: 0.4 ms]
      [Humongous Register: 0.1 ms]
      [Humongous Reclaim: 0.0 ms]
      [Free CSet: 0.3 ms]
   [Eden: 99.0M(99.0M)->0.0B(101.0M) Survivors: 15.0M->15.0M Heap: 252.2M(2048.0M)->253.2M(2048.0M)]
 [Times: user=1.17 sys=0.00, real=0.16 secs] 
2020-09-29T12:00:39.706+0200: 101.938: [GC pause (G1 Evacuation Pause) (young), 0.1622170 secs]
   [Parallel Time: 159.8 ms, GC Workers: 8]
      [GC Worker Start (ms): Min: 101937.8, Avg: 101938.0, Max: 101938.1, Diff: 0.2]
      [Ext Root Scanning (ms): Min: 0.1, Avg: 0.2, Max: 0.3, Diff: 0.2, Sum: 1.3]
      [Update RS (ms): Min: 20.1, Avg: 20.7, Max: 22.0, Diff: 1.9, Sum: 165.7]
         [Processed Buffers: Min: 8, Avg: 9.4, Max: 11, Diff: 3, Sum: 75]
      [Scan RS (ms): Min: 8.8, Avg: 10.2, Max: 11.0, Diff: 2.1, Sum: 82.0]
      [Code Root Scanning (ms): Min: 0.0, Avg: 0.0, Max: 0.0, Diff: 0.0, Sum: 0.0]
      [Object Copy (ms): Min: 128.1, Avg: 128.2, Max: 128.3, Diff: 0.2, Sum: 1025.6]
      [Termination (ms): Min: 0.0, Avg: 0.1, Max: 0.1, Diff: 0.1, Sum: 0.5]
         [Termination Attempts: Min: 1, Avg: 163.0, Max: 214, Diff: 213, Sum: 1304]
      [GC Worker Other (ms): Min: 0.0, Avg: 0.1, Max: 0.1, Diff: 0.1, Sum: 0.5]
      [GC Worker Total (ms): Min: 159.4, Avg: 159.4, Max: 159.6, Diff: 0.2, Sum: 1275.5]
      [GC Worker End (ms): Min: 102097.4, Avg: 102097.4, Max: 102097.4, Diff: 0.1]
   [Code Root Fixup: 0.0 ms]
   [Code Root Purge: 0.0 ms]
   [Clear CT: 0.7 ms]
   [Other: 1.7 ms]
      [Choose CSet: 0.0 ms]
      [Ref Proc: 0.3 ms]
      [Ref Enq: 0.0 ms]
      [Redirty Cards: 0.7 ms]
      [Humongous Register: 0.1 ms]
      [Humongous Reclaim: 0.0 ms]
      [Free CSet: 0.3 ms]
   [Eden: 101.0M(101.0M)->0.0B(105.0M) Survivors: 15.0M->15.0M Heap: 369.5M(2048.0M)->371.0M(2048.0M)]
 [Times: user=1.34 sys=0.00, real=0.16 secs] 
2020-09-29T12:00:39.992+0200: 102.224: [GC pause (G1 Evacuation Pause) (young), 0.1432574 secs]
   [Parallel Time: 141.4 ms, GC Workers: 8]
      [GC Worker Start (ms): Min: 102224.3, Avg: 102224.5, Max: 102224.6, Diff: 0.3]
      [Ext Root Scanning (ms): Min: 0.0, Avg: 0.1, Max: 0.3, Diff: 0.3, Sum: 1.1]
      [Update RS (ms): Min: 16.5, Avg: 16.8, Max: 17.8, Diff: 1.4, Sum: 134.2]
         [Processed Buffers: Min: 7, Avg: 9.3, Max: 13, Diff: 6, Sum: 74]
      [Scan RS (ms): Min: 10.9, Avg: 12.2, Max: 12.8, Diff: 1.9, Sum: 97.6]
      [Code Root Scanning (ms): Min: 0.0, Avg: 0.0, Max: 0.0, Diff: 0.0, Sum: 0.0]
      [Object Copy (ms): Min: 111.4, Avg: 111.8, Max: 112.0, Diff: 0.6, Sum: 894.5]
      [Termination (ms): Min: 0.0, Avg: 0.0, Max: 0.0, Diff: 0.0, Sum: 0.1]
         [Termination Attempts: Min: 1, Avg: 23.0, Max: 31, Diff: 30, Sum: 184]
      [GC Worker Other (ms): Min: 0.0, Avg: 0.0, Max: 0.1, Diff: 0.0, Sum: 0.3]
      [GC Worker Total (ms): Min: 140.9, Avg: 141.0, Max: 141.2, Diff: 0.3, Sum: 1127.8]
      [GC Worker End (ms): Min: 102365.4, Avg: 102365.4, Max: 102365.5, Diff: 0.0]
   [Code Root Fixup: 0.0 ms]
   [Code Root Purge: 0.0 ms]
   [Clear CT: 0.4 ms]
   [Other: 1.4 ms]
      [Choose CSet: 0.0 ms]
      [Ref Proc: 0.3 ms]
      [Ref Enq: 0.0 ms]
      [Redirty Cards: 0.4 ms]
      [Humongous Register: 0.1 ms]
      [Humongous Reclaim: 0.0 ms]
      [Free CSet: 0.2 ms]
   [Eden: 105.0M(105.0M)->0.0B(114.0M) Survivors: 15.0M->15.0M Heap: 495.1M(2048.0M)->496.6M(2048.0M)]
 [Times: user=1.11 sys=0.00, real=0.14 secs] 
2020-09-29T12:00:40.322+0200: 102.553: [GC pause (G1 Evacuation Pause) (young), 0.1648173 secs]
   [Parallel Time: 161.5 ms, GC Workers: 8]
      [GC Worker Start (ms): Min: 102553.5, Avg: 102553.7, Max: 102553.8, Diff: 0.3]
      [Ext Root Scanning (ms): Min: 0.0, Avg: 0.1, Max: 0.3, Diff: 0.3, Sum: 1.2]
      [Update RS (ms): Min: 19.4, Avg: 19.5, Max: 19.7, Diff: 0.3, Sum: 156.0]
         [Processed Buffers: Min: 7, Avg: 10.5, Max: 15, Diff: 8, Sum: 84]
      [Scan RS (ms): Min: 13.0, Avg: 13.7, Max: 17.8, Diff: 4.8, Sum: 110.0]
      [Code Root Scanning (ms): Min: 0.0, Avg: 0.0, Max: 0.0, Diff: 0.0, Sum: 0.0]
      [Object Copy (ms): Min: 123.4, Avg: 127.6, Max: 128.4, Diff: 4.9, Sum: 1020.9]
      [Termination (ms): Min: 0.0, Avg: 0.0, Max: 0.0, Diff: 0.0, Sum: 0.0]
         [Termination Attempts: Min: 1, Avg: 2.4, Max: 4, Diff: 3, Sum: 19]
      [GC Worker Other (ms): Min: 0.0, Avg: 0.0, Max: 0.1, Diff: 0.1, Sum: 0.4]
      [GC Worker Total (ms): Min: 160.9, Avg: 161.1, Max: 161.3, Diff: 0.3, Sum: 1288.5]
      [GC Worker End (ms): Min: 102714.7, Avg: 102714.7, Max: 102714.8, Diff: 0.1]
   [Code Root Fixup: 0.0 ms]
   [Code Root Purge: 0.0 ms]
   [Clear CT: 1.0 ms]
   [Other: 2.3 ms]
      [Choose CSet: 0.0 ms]
      [Ref Proc: 1.2 ms]
      [Ref Enq: 0.0 ms]
      [Redirty Cards: 0.6 ms]
      [Humongous Register: 0.1 ms]
      [Humongous Reclaim: 0.0 ms]
      [Free CSet: 0.2 ms]
   [Eden: 114.0M(114.0M)->0.0B(116.0M) Survivors: 15.0M->17.0M Heap: 629.6M(2048.0M)->631.6M(2048.0M)]
 [Times: user=1.23 sys=0.00, real=0.16 secs] 
2020-09-29T12:00:40.635+0200: 102.867: [GC pause (G1 Evacuation Pause) (young), 0.1616827 secs]
   [Parallel Time: 159.3 ms, GC Workers: 8]
      [GC Worker Start (ms): Min: 102867.3, Avg: 102867.6, Max: 102868.1, Diff: 0.8]
      [Ext Root Scanning (ms): Min: 0.0, Avg: 0.2, Max: 0.3, Diff: 0.3, Sum: 1.3]
      [Update RS (ms): Min: 22.8, Avg: 23.4, Max: 23.9, Diff: 1.1, Sum: 186.9]
         [Processed Buffers: Min: 10, Avg: 12.4, Max: 15, Diff: 5, Sum: 99]
      [Scan RS (ms): Min: 10.5, Avg: 10.7, Max: 10.9, Diff: 0.4, Sum: 85.9]
      [Code Root Scanning (ms): Min: 0.0, Avg: 0.0, Max: 0.0, Diff: 0.0, Sum: 0.0]
      [Object Copy (ms): Min: 124.0, Avg: 124.3, Max: 124.5, Diff: 0.5, Sum: 994.7]
      [Termination (ms): Min: 0.0, Avg: 0.0, Max: 0.0, Diff: 0.0, Sum: 0.1]
         [Termination Attempts: Min: 1, Avg: 22.3, Max: 31, Diff: 30, Sum: 178]
      [GC Worker Other (ms): Min: 0.0, Avg: 0.0, Max: 0.1, Diff: 0.0, Sum: 0.4]
      [GC Worker Total (ms): Min: 158.1, Avg: 158.6, Max: 158.9, Diff: 0.8, Sum: 1269.1]
      [GC Worker End (ms): Min: 103026.2, Avg: 103026.2, Max: 103026.2, Diff: 0.0]
   [Code Root Fixup: 0.0 ms]
   [Code Root Purge: 0.0 ms]
   [Clear CT: 0.5 ms]
   [Other: 1.9 ms]
      [Choose CSet: 0.0 ms]
      [Ref Proc: 0.4 ms]
      [Ref Enq: 0.0 ms]
      [Redirty Cards: 0.8 ms]
      [Humongous Register: 0.1 ms]
      [Humongous Reclaim: 0.0 ms]
      [Free CSet: 0.2 ms]
   [Eden: 116.0M(116.0M)->0.0B(123.0M) Survivors: 17.0M->17.0M Heap: 766.7M(2048.0M)->768.7M(2048.0M)]
 [Times: user=1.23 sys=0.00, real=0.16 secs] 
2020-09-29T12:00:40.949+0200: 103.181: [GC pause (G1 Evacuation Pause) (young), 0.1745333 secs]
   [Parallel Time: 172.6 ms, GC Workers: 8]
      [GC Worker Start (ms): Min: 103180.8, Avg: 103180.9, Max: 103181.0, Diff: 0.3]
      [Ext Root Scanning (ms): Min: 0.0, Avg: 0.2, Max: 0.3, Diff: 0.3, Sum: 1.3]
      [Update RS (ms): Min: 19.0, Avg: 19.6, Max: 22.7, Diff: 3.7, Sum: 156.4]
         [Processed Buffers: Min: 6, Avg: 10.9, Max: 15, Diff: 9, Sum: 87]
      [Scan RS (ms): Min: 10.9, Avg: 13.8, Max: 14.7, Diff: 3.8, Sum: 110.7]
      [Code Root Scanning (ms): Min: 0.0, Avg: 0.0, Max: 0.0, Diff: 0.0, Sum: 0.0]
      [Object Copy (ms): Min: 138.1, Avg: 138.5, Max: 138.6, Diff: 0.5, Sum: 1107.7]
      [Termination (ms): Min: 0.0, Avg: 0.1, Max: 0.1, Diff: 0.1, Sum: 0.7]
         [Termination Attempts: Min: 1, Avg: 244.1, Max: 315, Diff: 314, Sum: 1953]
      [GC Worker Other (ms): Min: 0.0, Avg: 0.1, Max: 0.1, Diff: 0.1, Sum: 0.5]
      [GC Worker Total (ms): Min: 172.0, Avg: 172.2, Max: 172.3, Diff: 0.3, Sum: 1377.4]
      [GC Worker End (ms): Min: 103353.1, Avg: 103353.1, Max: 103353.2, Diff: 0.1]
   [Code Root Fixup: 0.0 ms]
   [Code Root Purge: 0.0 ms]
   [Clear CT: 0.4 ms]
   [Other: 1.5 ms]
      [Choose CSet: 0.0 ms]
      [Ref Proc: 0.4 ms]
      [Ref Enq: 0.0 ms]
      [Redirty Cards: 0.5 ms]
      [Humongous Register: 0.1 ms]
      [Humongous Reclaim: 0.0 ms]
      [Free CSet: 0.2 ms]
   [Eden: 123.0M(123.0M)->0.0B(124.0M) Survivors: 17.0M->18.0M Heap: 912.7M(2048.0M)->914.2M(2048.0M)]
 [Times: user=1.36 sys=0.01, real=0.18 secs] 
2020-09-29T12:00:41.268+0200: 103.500: [GC pause (G1 Humongous Allocation) (young) (initial-mark), 0.1672414 secs]
   [Parallel Time: 165.0 ms, GC Workers: 8]
      [GC Worker Start (ms): Min: 103500.3, Avg: 103500.4, Max: 103500.6, Diff: 0.3]
      [Ext Root Scanning (ms): Min: 0.0, Avg: 1.9, Max: 6.8, Diff: 6.8, Sum: 15.0]
      [Update RS (ms): Min: 11.8, Avg: 16.6, Max: 18.8, Diff: 7.1, Sum: 132.8]
         [Processed Buffers: Min: 6, Avg: 8.5, Max: 10, Diff: 4, Sum: 68]
      [Scan RS (ms): Min: 11.8, Avg: 12.4, Max: 13.0, Diff: 1.2, Sum: 99.1]
      [Code Root Scanning (ms): Min: 0.0, Avg: 0.0, Max: 0.0, Diff: 0.0, Sum: 0.0]
      [Object Copy (ms): Min: 133.4, Avg: 133.5, Max: 133.6, Diff: 0.3, Sum: 1067.9]
      [Termination (ms): Min: 0.0, Avg: 0.0, Max: 0.0, Diff: 0.0, Sum: 0.2]
         [Termination Attempts: Min: 1, Avg: 61.0, Max: 75, Diff: 74, Sum: 488]
      [GC Worker Other (ms): Min: 0.0, Avg: 0.1, Max: 0.1, Diff: 0.1, Sum: 0.5]
      [GC Worker Total (ms): Min: 164.2, Avg: 164.4, Max: 164.6, Diff: 0.4, Sum: 1315.5]
      [GC Worker End (ms): Min: 103664.8, Avg: 103664.9, Max: 103664.9, Diff: 0.1]
   [Code Root Fixup: 0.0 ms]
   [Code Root Purge: 0.0 ms]
   [Clear CT: 0.4 ms]
   [Other: 1.8 ms]
      [Choose CSet: 0.0 ms]
      [Ref Proc: 0.6 ms]
      [Ref Enq: 0.0 ms]
      [Redirty Cards: 0.4 ms]
      [Humongous Register: 0.1 ms]
      [Humongous Reclaim: 0.0 ms]
      [Free CSet: 0.2 ms]
   [Eden: 115.0M(124.0M)->0.0B(124.0M) Survivors: 18.0M->18.0M Heap: 1045.9M(2048.0M)->1047.4M(2048.0M)]
 [Times: user=1.30 sys=0.00, real=0.17 secs] 
2020-09-29T12:00:41.436+0200: 103.668: [GC concurrent-root-region-scan-start]
2020-09-29T12:00:41.450+0200: 103.682: [GC concurrent-root-region-scan-end, 0.0141669 secs]
2020-09-29T12:00:41.450+0200: 103.682: [GC concurrent-mark-start]
2020-09-29T12:00:41.458+0200: 103.689: [GC concurrent-mark-end, 0.0059826 secs]
2020-09-29T12:00:41.465+0200: 103.696: [GC remark 2020-09-29T12:00:41.465+0200: 103.696: [Finalize Marking, 0.0008748 secs] 2020-09-29T12:00:41.466+0200: 103.697: [GC ref-proc, 0.0008075 secs] 2020-09-29T12:00:41.467+0200: 103.698: [Unloading, 0.0031796 secs], 0.0068304 secs]
 [Times: user=0.00 sys=0.00, real=0.01 secs] 
2020-09-29T12:00:41.473+0200: 103.705: [GC cleanup 1070M->46M(2048M), 0.0027138 secs]
 [Times: user=0.00 sys=0.00, real=0.00 secs] 
2020-09-29T12:00:41.476+0200: 103.708: [GC concurrent-cleanup-start]
2020-09-29T12:00:41.480+0200: 103.711: [GC concurrent-cleanup-end, 0.0036864 secs]
2020-09-29T12:00:41.605+0200: 103.837: [GC pause (G1 Evacuation Pause) (young), 0.1469253 secs]
   [Parallel Time: 143.7 ms, GC Workers: 8]
      [GC Worker Start (ms): Min: 103836.9, Avg: 103837.1, Max: 103837.2, Diff: 0.3]
      [Ext Root Scanning (ms): Min: 0.1, Avg: 0.2, Max: 0.3, Diff: 0.3, Sum: 1.3]
      [Update RS (ms): Min: 18.5, Avg: 18.9, Max: 19.5, Diff: 1.1, Sum: 151.2]
         [Processed Buffers: Min: 9, Avg: 9.6, Max: 10, Diff: 1, Sum: 77]
      [Scan RS (ms): Min: 10.0, Avg: 10.5, Max: 10.9, Diff: 0.9, Sum: 84.3]
      [Code Root Scanning (ms): Min: 0.0, Avg: 0.0, Max: 0.0, Diff: 0.0, Sum: 0.0]
      [Object Copy (ms): Min: 113.5, Avg: 113.6, Max: 113.7, Diff: 0.2, Sum: 908.7]
      [Termination (ms): Min: 0.0, Avg: 0.1, Max: 0.1, Diff: 0.1, Sum: 0.6]
         [Termination Attempts: Min: 1, Avg: 170.1, Max: 209, Diff: 208, Sum: 1361]
      [GC Worker Other (ms): Min: 0.0, Avg: 0.0, Max: 0.1, Diff: 0.1, Sum: 0.3]
      [GC Worker Total (ms): Min: 143.2, Avg: 143.3, Max: 143.5, Diff: 0.3, Sum: 1146.5]
      [GC Worker End (ms): Min: 103980.4, Avg: 103980.4, Max: 103980.4, Diff: 0.1]
   [Code Root Fixup: 0.0 ms]
   [Code Root Purge: 0.0 ms]
   [Clear CT: 0.4 ms]
   [Other: 2.7 ms]
      [Choose CSet: 0.0 ms]
      [Ref Proc: 0.4 ms]
      [Ref Enq: 0.0 ms]
      [Redirty Cards: 1.8 ms]
      [Humongous Register: 0.1 ms]
      [Humongous Reclaim: 0.0 ms]
      [Free CSet: 0.1 ms]
   [Eden: 124.0M(124.0M)->0.0B(133.0M) Survivors: 18.0M->18.0M Heap: 169.0M(2048.0M)->153.5M(2048.0M)]
 [Times: user=1.13 sys=0.00, real=0.15 secs] 
2020-09-29T12:00:41.916+0200: 104.147: [GC pause (G1 Evacuation Pause) (young), 0.2119342 secs]
   [Parallel Time: 210.0 ms, GC Workers: 8]
      [GC Worker Start (ms): Min: 104147.4, Avg: 104147.7, Max: 104148.4, Diff: 1.0]
      [Ext Root Scanning (ms): Min: 0.0, Avg: 0.1, Max: 0.3, Diff: 0.3, Sum: 1.1]
      [Update RS (ms): Min: 25.6, Avg: 25.9, Max: 26.4, Diff: 0.8, Sum: 207.2]
         [Processed Buffers: Min: 9, Avg: 12.5, Max: 16, Diff: 7, Sum: 100]
      [Scan RS (ms): Min: 14.7, Avg: 15.5, Max: 18.1, Diff: 3.4, Sum: 124.1]
      [Code Root Scanning (ms): Min: 0.0, Avg: 0.0, Max: 0.0, Diff: 0.0, Sum: 0.0]
      [Object Copy (ms): Min: 164.9, Avg: 168.0, Max: 168.5, Diff: 3.6, Sum: 1343.6]
      [Termination (ms): Min: 0.0, Avg: 0.0, Max: 0.0, Diff: 0.0, Sum: 0.1]
         [Termination Attempts: Min: 1, Avg: 42.8, Max: 58, Diff: 57, Sum: 342]
      [GC Worker Other (ms): Min: 0.0, Avg: 0.1, Max: 0.1, Diff: 0.1, Sum: 0.4]
      [GC Worker Total (ms): Min: 208.8, Avg: 209.6, Max: 209.8, Diff: 1.0, Sum: 1676.6]
      [GC Worker End (ms): Min: 104357.2, Avg: 104357.2, Max: 104357.3, Diff: 0.1]
   [Code Root Fixup: 0.0 ms]
   [Code Root Purge: 0.0 ms]
   [Clear CT: 0.4 ms]
   [Other: 1.6 ms]
      [Choose CSet: 0.0 ms]
      [Ref Proc: 0.3 ms]
      [Ref Enq: 0.0 ms]
      [Redirty Cards: 0.6 ms]
      [Humongous Register: 0.1 ms]
      [Humongous Reclaim: 0.0 ms]
      [Free CSet: 0.2 ms]
   [Eden: 133.0M(133.0M)->0.0B(120.0M) Survivors: 18.0M->19.0M Heap: 309.4M(2048.0M)->311.4M(2048.0M)]
 [Times: user=1.59 sys=0.00, real=0.21 secs] 
2020-09-29T12:00:42.289+0200: 104.521: [GC pause (G1 Evacuation Pause) (young), 0.1918332 secs]
   [Parallel Time: 185.8 ms, GC Workers: 8]
      [GC Worker Start (ms): Min: 104521.4, Avg: 104524.1, Max: 104542.5, Diff: 21.2]
      [Ext Root Scanning (ms): Min: 0.0, Avg: 0.2, Max: 0.4, Diff: 0.4, Sum: 1.6]
      [Update RS (ms): Min: 2.0, Avg: 19.8, Max: 23.4, Diff: 21.3, Sum: 158.8]
         [Processed Buffers: Min: 1, Avg: 9.9, Max: 12, Diff: 11, Sum: 79]
      [Scan RS (ms): Min: 11.7, Avg: 13.0, Max: 14.1, Diff: 2.4, Sum: 104.2]
      [Code Root Scanning (ms): Min: 0.0, Avg: 0.0, Max: 0.0, Diff: 0.0, Sum: 0.0]
      [Object Copy (ms): Min: 149.2, Avg: 149.6, Max: 150.0, Diff: 0.8, Sum: 1196.7]
      [Termination (ms): Min: 0.0, Avg: 0.0, Max: 0.0, Diff: 0.0, Sum: 0.2]
         [Termination Attempts: Min: 1, Avg: 51.9, Max: 79, Diff: 78, Sum: 415]
      [GC Worker Other (ms): Min: 0.0, Avg: 0.1, Max: 0.1, Diff: 0.1, Sum: 0.5]
      [GC Worker Total (ms): Min: 164.3, Avg: 182.7, Max: 185.5, Diff: 21.2, Sum: 1462.0]
      [GC Worker End (ms): Min: 104706.8, Avg: 104706.8, Max: 104706.9, Diff: 0.1]
   [Code Root Fixup: 0.0 ms]
   [Code Root Purge: 0.0 ms]
   [Clear CT: 4.3 ms]
   [Other: 1.7 ms]
      [Choose CSet: 0.0 ms]
      [Ref Proc: 0.4 ms]
      [Ref Enq: 0.0 ms]
      [Redirty Cards: 0.5 ms]
      [Humongous Register: 0.1 ms]
      [Humongous Reclaim: 0.0 ms]
      [Free CSet: 0.3 ms]
   [Eden: 120.0M(120.0M)->0.0B(117.0M) Survivors: 19.0M->18.0M Heap: 450.4M(2048.0M)->452.4M(2048.0M)]
 [Times: user=1.44 sys=0.02, real=0.19 secs] 
2020-09-29T12:00:42.632+0200: 104.864: [GC pause (G1 Evacuation Pause) (young), 0.2033271 secs]
   [Parallel Time: 201.3 ms, GC Workers: 8]
      [GC Worker Start (ms): Min: 104863.8, Avg: 104864.0, Max: 104864.1, Diff: 0.3]
      [Ext Root Scanning (ms): Min: 0.0, Avg: 0.1, Max: 0.3, Diff: 0.3, Sum: 1.1]
      [Update RS (ms): Min: 25.0, Avg: 26.0, Max: 31.0, Diff: 6.0, Sum: 208.3]
         [Processed Buffers: Min: 0, Avg: 12.1, Max: 18, Diff: 18, Sum: 97]
      [Scan RS (ms): Min: 7.5, Avg: 13.6, Max: 20.6, Diff: 13.1, Sum: 109.1]
      [Code Root Scanning (ms): Min: 0.0, Avg: 0.0, Max: 0.0, Diff: 0.0, Sum: 0.0]
      [Object Copy (ms): Min: 154.8, Avg: 160.9, Max: 162.0, Diff: 7.3, Sum: 1286.9]
      [Termination (ms): Min: 0.0, Avg: 0.1, Max: 0.1, Diff: 0.1, Sum: 0.6]
         [Termination Attempts: Min: 1, Avg: 191.5, Max: 278, Diff: 277, Sum: 1532]
      [GC Worker Other (ms): Min: 0.0, Avg: 0.1, Max: 0.1, Diff: 0.1, Sum: 0.6]
      [GC Worker Total (ms): Min: 200.7, Avg: 200.8, Max: 201.0, Diff: 0.2, Sum: 1606.7]
      [GC Worker End (ms): Min: 105064.8, Avg: 105064.8, Max: 105064.9, Diff: 0.1]
   [Code Root Fixup: 0.0 ms]
   [Code Root Purge: 0.0 ms]
   [Clear CT: 0.4 ms]
   [Other: 1.7 ms]
      [Choose CSet: 0.0 ms]
      [Ref Proc: 0.5 ms]
      [Ref Enq: 0.0 ms]
      [Redirty Cards: 0.5 ms]
      [Humongous Register: 0.1 ms]
      [Humongous Reclaim: 0.0 ms]
      [Free CSet: 0.2 ms]
   [Eden: 117.0M(117.0M)->0.0B(110.0M) Survivors: 18.0M->17.0M Heap: 590.4M(2048.0M)->592.4M(2048.0M)]
 [Times: user=1.50 sys=0.00, real=0.20 secs] 
2020-09-29T12:00:42.969+0200: 105.200: [GC pause (G1 Evacuation Pause) (young), 0.1629412 secs]
   [Parallel Time: 160.7 ms, GC Workers: 8]
      [GC Worker Start (ms): Min: 105200.6, Avg: 105200.7, Max: 105200.9, Diff: 0.3]
      [Ext Root Scanning (ms): Min: 0.0, Avg: 0.1, Max: 0.3, Diff: 0.3, Sum: 1.1]
      [Update RS (ms): Min: 18.5, Avg: 19.0, Max: 19.8, Diff: 1.2, Sum: 152.3]
         [Processed Buffers: Min: 8, Avg: 9.6, Max: 11, Diff: 3, Sum: 77]
      [Scan RS (ms): Min: 10.9, Avg: 11.6, Max: 12.1, Diff: 1.2, Sum: 92.7]
      [Code Root Scanning (ms): Min: 0.0, Avg: 0.0, Max: 0.0, Diff: 0.0, Sum: 0.0]
      [Object Copy (ms): Min: 129.2, Avg: 129.3, Max: 129.4, Diff: 0.2, Sum: 1034.3]
      [Termination (ms): Min: 0.0, Avg: 0.1, Max: 0.1, Diff: 0.1, Sum: 0.6]
         [Termination Attempts: Min: 1, Avg: 203.5, Max: 259, Diff: 258, Sum: 1628]
      [GC Worker Other (ms): Min: 0.0, Avg: 0.0, Max: 0.1, Diff: 0.1, Sum: 0.4]
      [GC Worker Total (ms): Min: 160.1, Avg: 160.2, Max: 160.4, Diff: 0.3, Sum: 1281.5]
      [GC Worker End (ms): Min: 105360.9, Avg: 105360.9, Max: 105361.0, Diff: 0.1]
   [Code Root Fixup: 0.0 ms]
   [Code Root Purge: 0.0 ms]
   [Clear CT: 0.4 ms]
   [Other: 1.9 ms]
      [Choose CSet: 0.0 ms]
      [Ref Proc: 0.5 ms]
      [Ref Enq: 0.0 ms]
      [Redirty Cards: 0.9 ms]
      [Humongous Register: 0.1 ms]
      [Humongous Reclaim: 0.0 ms]
      [Free CSet: 0.2 ms]
   [Eden: 110.0M(110.0M)->0.0B(117.0M) Survivors: 17.0M->16.0M Heap: 719.6M(2048.0M)->721.1M(2048.0M)]
 [Times: user=1.34 sys=0.00, real=0.16 secs] 
2020-09-29T12:00:43.269+0200: 105.500: [GC pause (G1 Evacuation Pause) (young), 0.1586771 secs]
   [Parallel Time: 156.9 ms, GC Workers: 8]
      [GC Worker Start (ms): Min: 105500.6, Avg: 105500.7, Max: 105500.8, Diff: 0.3]
      [Ext Root Scanning (ms): Min: 0.0, Avg: 0.1, Max: 0.3, Diff: 0.3, Sum: 1.0]
      [Update RS (ms): Min: 20.7, Avg: 21.4, Max: 22.7, Diff: 1.9, Sum: 170.9]
         [Processed Buffers: Min: 9, Avg: 10.5, Max: 12, Diff: 3, Sum: 84]
      [Scan RS (ms): Min: 10.5, Avg: 11.8, Max: 15.0, Diff: 4.5, Sum: 94.8]
      [Code Root Scanning (ms): Min: 0.0, Avg: 0.0, Max: 0.0, Diff: 0.0, Sum: 0.0]
      [Object Copy (ms): Min: 118.5, Avg: 123.0, Max: 123.7, Diff: 5.2, Sum: 983.7]
      [Termination (ms): Min: 0.0, Avg: 0.0, Max: 0.0, Diff: 0.0, Sum: 0.2]
         [Termination Attempts: Min: 1, Avg: 71.9, Max: 98, Diff: 97, Sum: 575]
      [GC Worker Other (ms): Min: 0.0, Avg: 0.1, Max: 0.1, Diff: 0.1, Sum: 0.4]
      [GC Worker Total (ms): Min: 156.3, Avg: 156.4, Max: 156.5, Diff: 0.2, Sum: 1251.0]
      [GC Worker End (ms): Min: 105657.1, Avg: 105657.1, Max: 105657.1, Diff: 0.1]
   [Code Root Fixup: 0.0 ms]
   [Code Root Purge: 0.0 ms]
   [Clear CT: 0.4 ms]
   [Other: 1.4 ms]
      [Choose CSet: 0.0 ms]
      [Ref Proc: 0.4 ms]
      [Ref Enq: 0.0 ms]
      [Redirty Cards: 0.4 ms]
      [Humongous Register: 0.1 ms]
      [Humongous Reclaim: 0.0 ms]
      [Free CSet: 0.2 ms]
   [Eden: 117.0M(117.0M)->0.0B(123.0M) Survivors: 16.0M->17.0M Heap: 857.2M(2048.0M)->859.2M(2048.0M)]
 [Times: user=1.25 sys=0.00, real=0.16 secs] 
2020-09-29T12:00:43.534+0200: 105.765: [GC pause (G1 Evacuation Pause) (young), 0.0993252 secs]
   [Parallel Time: 98.2 ms, GC Workers: 8]
      [GC Worker Start (ms): Min: 105765.5, Avg: 105765.6, Max: 105765.7, Diff: 0.2]
      [Ext Root Scanning (ms): Min: 0.0, Avg: 0.1, Max: 0.2, Diff: 0.2, Sum: 0.6]
      [Update RS (ms): Min: 11.3, Avg: 11.6, Max: 12.0, Diff: 0.7, Sum: 93.0]
         [Processed Buffers: Min: 8, Avg: 9.9, Max: 12, Diff: 4, Sum: 79]
      [Scan RS (ms): Min: 7.2, Avg: 7.6, Max: 8.0, Diff: 0.8, Sum: 61.0]
      [Code Root Scanning (ms): Min: 0.0, Avg: 0.0, Max: 0.0, Diff: 0.0, Sum: 0.0]
      [Object Copy (ms): Min: 78.5, Avg: 78.5, Max: 78.6, Diff: 0.2, Sum: 628.3]
      [Termination (ms): Min: 0.0, Avg: 0.0, Max: 0.0, Diff: 0.0, Sum: 0.2]
         [Termination Attempts: Min: 1, Avg: 102.6, Max: 142, Diff: 141, Sum: 821]
      [GC Worker Other (ms): Min: 0.0, Avg: 0.0, Max: 0.1, Diff: 0.0, Sum: 0.2]
      [GC Worker Total (ms): Min: 97.8, Avg: 97.9, Max: 98.0, Diff: 0.2, Sum: 783.3]
      [GC Worker End (ms): Min: 105863.5, Avg: 105863.5, Max: 105863.5, Diff: 0.0]
   [Code Root Fixup: 0.0 ms]
   [Code Root Purge: 0.0 ms]
   [Clear CT: 0.2 ms]
   [Other: 0.9 ms]
      [Choose CSet: 0.0 ms]
      [Ref Proc: 0.3 ms]
      [Ref Enq: 0.0 ms]
      [Redirty Cards: 0.3 ms]
      [Humongous Register: 0.0 ms]
      [Humongous Reclaim: 0.0 ms]
      [Free CSet: 0.2 ms]
   [Eden: 123.0M(123.0M)->0.0B(138.0M) Survivors: 17.0M->18.0M Heap: 1003.1M(2048.0M)->1005.6M(2048.0M)]
 [Times: user=0.84 sys=0.00, real=0.10 secs] 
2020-09-29T12:00:43.640+0200: 105.872: [GC pause (G1 Humongous Allocation) (young) (initial-mark), 0.0424951 secs]
   [Parallel Time: 41.2 ms, GC Workers: 8]
      [GC Worker Start (ms): Min: 105872.2, Avg: 105872.3, Max: 105872.4, Diff: 0.2]
      [Ext Root Scanning (ms): Min: 0.0, Avg: 0.4, Max: 1.0, Diff: 0.9, Sum: 3.2]
      [Update RS (ms): Min: 20.3, Avg: 22.2, Max: 32.0, Diff: 11.8, Sum: 178.0]
         [Processed Buffers: Min: 1, Avg: 17.8, Max: 23, Diff: 22, Sum: 142]
      [Scan RS (ms): Min: 0.0, Avg: 1.5, Max: 2.1, Diff: 2.1, Sum: 11.9]
      [Code Root Scanning (ms): Min: 0.0, Avg: 0.0, Max: 0.0, Diff: 0.0, Sum: 0.0]
      [Object Copy (ms): Min: 8.7, Avg: 16.8, Max: 18.0, Diff: 9.3, Sum: 134.1]
      [Termination (ms): Min: 0.0, Avg: 0.1, Max: 0.1, Diff: 0.1, Sum: 0.9]
         [Termination Attempts: Min: 1, Avg: 307.3, Max: 413, Diff: 412, Sum: 2458]
      [GC Worker Other (ms): Min: 0.0, Avg: 0.0, Max: 0.0, Diff: 0.0, Sum: 0.1]
      [GC Worker Total (ms): Min: 40.9, Avg: 41.0, Max: 41.1, Diff: 0.2, Sum: 328.2]
      [GC Worker End (ms): Min: 105913.3, Avg: 105913.3, Max: 105913.3, Diff: 0.0]
   [Code Root Fixup: 0.0 ms]
   [Code Root Purge: 0.0 ms]
   [Clear CT: 0.4 ms]
   [Other: 0.9 ms]
      [Choose CSet: 0.0 ms]
      [Ref Proc: 0.2 ms]
      [Ref Enq: 0.0 ms]
      [Redirty Cards: 0.2 ms]
      [Humongous Register: 0.1 ms]
      [Humongous Reclaim: 0.0 ms]
      [Free CSet: 0.1 ms]
   [Eden: 3072.0K(138.0M)->0.0B(163.0M) Survivors: 18.0M->5120.0K Heap: 1008.6M(2048.0M)->1011.6M(2048.0M)]
 [Times: user=0.31 sys=0.00, real=0.04 secs] 
2020-09-29T12:00:43.683+0200: 105.915: [GC concurrent-root-region-scan-start]
2020-09-29T12:00:43.684+0200: 105.916: [GC concurrent-root-region-scan-end, 0.0011537 secs]
2020-09-29T12:00:43.684+0200: 105.916: [GC concurrent-mark-start]
2020-09-29T12:00:43.688+0200: 105.920: [GC concurrent-mark-end, 0.0039472 secs]
2020-09-29T12:00:43.688+0200: 105.920: [GC remark 2020-09-29T12:00:43.688+0200: 105.920: [Finalize Marking, 0.0002393 secs] 2020-09-29T12:00:43.689+0200: 105.920: [GC ref-proc, 0.0004312 secs] 2020-09-29T12:00:43.689+0200: 105.921: [Unloading, 0.0006627 secs], 0.0017324 secs]
 [Times: user=0.00 sys=0.00, real=0.00 secs] 
2020-09-29T12:00:43.691+0200: 105.922: [GC cleanup 1021M->20M(2048M), 0.0014952 secs]
 [Times: user=0.09 sys=0.00, real=0.00 secs] 
2020-09-29T12:00:43.692+0200: 105.924: [GC concurrent-cleanup-start]
2020-09-29T12:00:43.694+0200: 105.925: [GC concurrent-cleanup-end, 0.0014098 secs]
2020-09-29T12:00:43.797+0200: 106.029: [GC pause (G1 Evacuation Pause) (young), 0.1189048 secs]
   [Parallel Time: 117.3 ms, GC Workers: 8]
      [GC Worker Start (ms): Min: 106028.7, Avg: 106028.8, Max: 106028.9, Diff: 0.2]
      [Ext Root Scanning (ms): Min: 0.0, Avg: 0.1, Max: 0.2, Diff: 0.2, Sum: 0.6]
      [Update RS (ms): Min: 11.6, Avg: 11.7, Max: 12.1, Diff: 0.5, Sum: 93.7]
         [Processed Buffers: Min: 10, Avg: 11.1, Max: 14, Diff: 4, Sum: 89]
      [Scan RS (ms): Min: 9.8, Avg: 10.1, Max: 10.3, Diff: 0.5, Sum: 80.7]
      [Code Root Scanning (ms): Min: 0.0, Avg: 0.0, Max: 0.0, Diff: 0.0, Sum: 0.0]
      [Object Copy (ms): Min: 94.7, Avg: 95.0, Max: 95.1, Diff: 0.4, Sum: 760.3]
      [Termination (ms): Min: 0.1, Avg: 0.1, Max: 0.5, Diff: 0.4, Sum: 1.1]
         [Termination Attempts: Min: 1, Avg: 203.4, Max: 257, Diff: 256, Sum: 1627]
      [GC Worker Other (ms): Min: 0.0, Avg: 0.0, Max: 0.0, Diff: 0.0, Sum: 0.1]
      [GC Worker Total (ms): Min: 117.0, Avg: 117.1, Max: 117.2, Diff: 0.2, Sum: 936.5]
      [GC Worker End (ms): Min: 106145.9, Avg: 106145.9, Max: 106145.9, Diff: 0.0]
   [Code Root Fixup: 0.0 ms]
   [Code Root Purge: 0.0 ms]
   [Clear CT: 0.5 ms]
   [Other: 1.1 ms]
      [Choose CSet: 0.0 ms]
      [Ref Proc: 0.4 ms]
      [Ref Enq: 0.0 ms]
      [Redirty Cards: 0.3 ms]
      [Humongous Register: 0.0 ms]
      [Humongous Reclaim: 0.0 ms]
      [Free CSet: 0.2 ms]
   [Eden: 163.0M(163.0M)->0.0B(167.0M) Survivors: 5120.0K->21.0M Heap: 202.1M(2048.0M)->199.6M(2048.0M)]
 [Times: user=0.98 sys=0.00, real=0.12 secs] 
2020-09-29T12:00:44.033+0200: 106.265: [GC pause (G1 Evacuation Pause) (young), 0.1250417 secs]
   [Parallel Time: 123.8 ms, GC Workers: 8]
      [GC Worker Start (ms): Min: 106265.1, Avg: 106265.1, Max: 106265.2, Diff: 0.2]
      [Ext Root Scanning (ms): Min: 0.0, Avg: 0.1, Max: 0.2, Diff: 0.2, Sum: 0.7]
      [Update RS (ms): Min: 15.0, Avg: 15.2, Max: 15.6, Diff: 0.6, Sum: 121.9]
         [Processed Buffers: Min: 12, Avg: 13.3, Max: 15, Diff: 3, Sum: 106]
      [Scan RS (ms): Min: 10.3, Avg: 10.5, Max: 10.9, Diff: 0.6, Sum: 84.4]
      [Code Root Scanning (ms): Min: 0.0, Avg: 0.0, Max: 0.0, Diff: 0.0, Sum: 0.0]
      [Object Copy (ms): Min: 97.5, Avg: 97.7, Max: 97.8, Diff: 0.3, Sum: 781.4]
      [Termination (ms): Min: 0.0, Avg: 0.0, Max: 0.0, Diff: 0.0, Sum: 0.1]
         [Termination Attempts: Min: 1, Avg: 72.8, Max: 102, Diff: 101, Sum: 582]
      [GC Worker Other (ms): Min: 0.0, Avg: 0.0, Max: 0.1, Diff: 0.1, Sum: 0.4]
      [GC Worker Total (ms): Min: 123.5, Avg: 123.6, Max: 123.7, Diff: 0.2, Sum: 988.9]
      [GC Worker End (ms): Min: 106388.7, Avg: 106388.8, Max: 106388.8, Diff: 0.1]
   [Code Root Fixup: 0.0 ms]
   [Code Root Purge: 0.0 ms]
   [Clear CT: 0.3 ms]
   [Other: 0.9 ms]
      [Choose CSet: 0.0 ms]
      [Ref Proc: 0.2 ms]
      [Ref Enq: 0.0 ms]
      [Redirty Cards: 0.3 ms]
      [Humongous Register: 0.0 ms]
      [Humongous Reclaim: 0.0 ms]
      [Free CSet: 0.1 ms]
   [Eden: 167.0M(167.0M)->0.0B(179.0M) Survivors: 21.0M->24.0M Heap: 393.3M(2048.0M)->395.8M(2048.0M)]
 [Times: user=1.00 sys=0.00, real=0.13 secs] 
2020-09-29T12:00:44.278+0200: 106.510: [GC pause (G1 Evacuation Pause) (young), 0.1682806 secs]
   [Parallel Time: 165.1 ms, GC Workers: 8]
      [GC Worker Start (ms): Min: 106510.2, Avg: 106510.3, Max: 106510.5, Diff: 0.3]
      [Ext Root Scanning (ms): Min: 0.0, Avg: 0.1, Max: 0.3, Diff: 0.2, Sum: 0.8]
      [Update RS (ms): Min: 16.8, Avg: 17.0, Max: 17.7, Diff: 0.9, Sum: 136.1]
         [Processed Buffers: Min: 4, Avg: 13.5, Max: 17, Diff: 13, Sum: 108]
      [Scan RS (ms): Min: 11.7, Avg: 12.3, Max: 12.6, Diff: 0.9, Sum: 98.8]
      [Code Root Scanning (ms): Min: 0.0, Avg: 0.0, Max: 0.0, Diff: 0.0, Sum: 0.0]
      [Object Copy (ms): Min: 135.1, Avg: 135.3, Max: 135.4, Diff: 0.2, Sum: 1082.2]
      [Termination (ms): Min: 0.0, Avg: 0.0, Max: 0.0, Diff: 0.0, Sum: 0.3]
         [Termination Attempts: Min: 1, Avg: 183.3, Max: 239, Diff: 238, Sum: 1466]
      [GC Worker Other (ms): Min: 0.0, Avg: 0.0, Max: 0.1, Diff: 0.1, Sum: 0.4]
      [GC Worker Total (ms): Min: 164.7, Avg: 164.8, Max: 164.9, Diff: 0.3, Sum: 1318.7]
      [GC Worker End (ms): Min: 106675.1, Avg: 106675.1, Max: 106675.2, Diff: 0.1]
   [Code Root Fixup: 0.0 ms]
   [Code Root Purge: 0.0 ms]
   [Clear CT: 0.7 ms]
   [Other: 2.5 ms]
      [Choose CSet: 0.0 ms]
      [Ref Proc: 0.2 ms]
      [Ref Enq: 0.0 ms]
      [Redirty Cards: 0.3 ms]
      [Humongous Register: 0.0 ms]
      [Humongous Reclaim: 0.0 ms]
      [Free CSet: 0.9 ms]
   [Eden: 179.0M(179.0M)->0.0B(178.0M) Survivors: 24.0M->26.0M Heap: 605.3M(2048.0M)->607.3M(2048.0M)]
 [Times: user=1.31 sys=0.00, real=0.17 secs] 
2020-09-29T12:00:44.576+0200: 106.808: [GC pause (G1 Evacuation Pause) (young), 0.1536143 secs]
   [Parallel Time: 152.0 ms, GC Workers: 8]
      [GC Worker Start (ms): Min: 106808.1, Avg: 106808.2, Max: 106808.3, Diff: 0.2]
      [Ext Root Scanning (ms): Min: 0.0, Avg: 0.1, Max: 0.2, Diff: 0.2, Sum: 0.7]
      [Update RS (ms): Min: 14.6, Avg: 14.7, Max: 14.9, Diff: 0.3, Sum: 117.7]
         [Processed Buffers: Min: 10, Avg: 13.1, Max: 17, Diff: 7, Sum: 105]
      [Scan RS (ms): Min: 12.2, Avg: 12.5, Max: 12.7, Diff: 0.5, Sum: 99.8]
      [Code Root Scanning (ms): Min: 0.0, Avg: 0.0, Max: 0.0, Diff: 0.0, Sum: 0.0]
      [Object Copy (ms): Min: 124.0, Avg: 124.2, Max: 124.4, Diff: 0.4, Sum: 993.6]
      [Termination (ms): Min: 0.0, Avg: 0.1, Max: 0.1, Diff: 0.1, Sum: 0.8]
         [Termination Attempts: Min: 1, Avg: 217.5, Max: 319, Diff: 318, Sum: 1740]
      [GC Worker Other (ms): Min: 0.0, Avg: 0.0, Max: 0.0, Diff: 0.0, Sum: 0.1]
      [GC Worker Total (ms): Min: 151.5, Avg: 151.6, Max: 151.7, Diff: 0.2, Sum: 1212.7]
      [GC Worker End (ms): Min: 106959.8, Avg: 106959.8, Max: 106959.8, Diff: 0.0]
   [Code Root Fixup: 0.0 ms]
   [Code Root Purge: 0.0 ms]
   [Clear CT: 0.6 ms]
   [Other: 1.0 ms]
      [Choose CSet: 0.0 ms]
      [Ref Proc: 0.2 ms]
      [Ref Enq: 0.0 ms]
      [Redirty Cards: 0.3 ms]
      [Humongous Register: 0.1 ms]
      [Humongous Reclaim: 0.0 ms]
      [Free CSet: 0.2 ms]
   [Eden: 178.0M(178.0M)->0.0B(187.0M) Survivors: 26.0M->26.0M Heap: 815.8M(2048.0M)->817.3M(2048.0M)]
 [Times: user=1.16 sys=0.00, real=0.15 secs] 
2020-09-29T12:00:44.866+0200: 107.098: [GC pause (G1 Evacuation Pause) (young), 0.1433367 secs]
   [Parallel Time: 142.1 ms, GC Workers: 8]
      [GC Worker Start (ms): Min: 107098.4, Avg: 107098.5, Max: 107098.6, Diff: 0.2]
      [Ext Root Scanning (ms): Min: 0.0, Avg: 0.1, Max: 0.2, Diff: 0.2, Sum: 0.6]
      [Update RS (ms): Min: 15.0, Avg: 15.2, Max: 15.5, Diff: 0.5, Sum: 121.9]
         [Processed Buffers: Min: 12, Avg: 13.6, Max: 16, Diff: 4, Sum: 109]
      [Scan RS (ms): Min: 12.9, Avg: 13.2, Max: 13.5, Diff: 0.7, Sum: 105.4]
      [Code Root Scanning (ms): Min: 0.0, Avg: 0.0, Max: 0.0, Diff: 0.0, Sum: 0.0]
      [Object Copy (ms): Min: 113.1, Avg: 113.2, Max: 113.3, Diff: 0.2, Sum: 905.8]
      [Termination (ms): Min: 0.0, Avg: 0.0, Max: 0.0, Diff: 0.0, Sum: 0.1]
         [Termination Attempts: Min: 1, Avg: 62.8, Max: 92, Diff: 91, Sum: 502]
      [GC Worker Other (ms): Min: 0.0, Avg: 0.0, Max: 0.1, Diff: 0.0, Sum: 0.2]
      [GC Worker Total (ms): Min: 141.7, Avg: 141.8, Max: 141.9, Diff: 0.3, Sum: 1134.1]
      [GC Worker End (ms): Min: 107240.3, Avg: 107240.3, Max: 107240.3, Diff: 0.0]
   [Code Root Fixup: 0.0 ms]
   [Code Root Purge: 0.0 ms]
   [Clear CT: 0.2 ms]
   [Other: 1.0 ms]
      [Choose CSet: 0.0 ms]
      [Ref Proc: 0.3 ms]
      [Ref Enq: 0.0 ms]
      [Redirty Cards: 0.2 ms]
      [Humongous Register: 0.0 ms]
      [Humongous Reclaim: 0.0 ms]
      [Free CSet: 0.2 ms]
   [Eden: 187.0M(187.0M)->0.0B(200.0M) Survivors: 26.0M->27.0M Heap: 1034.9M(2048.0M)->1036.9M(2048.0M)]
 [Times: user=1.11 sys=0.02, real=0.14 secs] 
2020-09-29T12:00:45.015+0200: 107.247: [GC pause (G1 Humongous Allocation) (young) (initial-mark), 0.0556838 secs]
   [Parallel Time: 54.5 ms, GC Workers: 8]
      [GC Worker Start (ms): Min: 107247.4, Avg: 107247.5, Max: 107247.6, Diff: 0.2]
      [Ext Root Scanning (ms): Min: 0.0, Avg: 0.2, Max: 0.3, Diff: 0.3, Sum: 1.5]
      [Update RS (ms): Min: 33.1, Avg: 33.4, Max: 33.9, Diff: 0.7, Sum: 267.3]
         [Processed Buffers: Min: 27, Avg: 31.8, Max: 34, Diff: 7, Sum: 254]
      [Scan RS (ms): Min: 1.4, Avg: 1.8, Max: 2.1, Diff: 0.7, Sum: 14.7]
      [Code Root Scanning (ms): Min: 0.0, Avg: 0.0, Max: 0.0, Diff: 0.0, Sum: 0.0]
      [Object Copy (ms): Min: 18.8, Avg: 18.8, Max: 18.9, Diff: 0.1, Sum: 150.7]
      [Termination (ms): Min: 0.0, Avg: 0.0, Max: 0.0, Diff: 0.0, Sum: 0.1]
         [Termination Attempts: Min: 1, Avg: 32.1, Max: 43, Diff: 42, Sum: 257]
      [GC Worker Other (ms): Min: 0.0, Avg: 0.0, Max: 0.1, Diff: 0.0, Sum: 0.2]
      [GC Worker Total (ms): Min: 54.2, Avg: 54.3, Max: 54.4, Diff: 0.2, Sum: 434.5]
      [GC Worker End (ms): Min: 107301.8, Avg: 107301.8, Max: 107301.9, Diff: 0.0]
   [Code Root Fixup: 0.0 ms]
   [Code Root Purge: 0.0 ms]
   [Clear CT: 0.2 ms]
   [Other: 0.9 ms]
      [Choose CSet: 0.0 ms]
      [Ref Proc: 0.2 ms]
      [Ref Enq: 0.0 ms]
      [Redirty Cards: 0.2 ms]
      [Humongous Register: 0.1 ms]
      [Humongous Reclaim: 0.0 ms]
      [Free CSet: 0.1 ms]
   [Eden: 8192.0K(200.0M)->0.0B(225.0M) Survivors: 27.0M->10.0M Heap: 1044.4M(2048.0M)->1047.9M(2048.0M)]
 [Times: user=0.50 sys=0.00, real=0.06 secs] 
2020-09-29T12:00:45.071+0200: 107.303: [GC concurrent-root-region-scan-start]
2020-09-29T12:00:45.075+0200: 107.307: [GC concurrent-root-region-scan-end, 0.0035121 secs]
2020-09-29T12:00:45.075+0200: 107.307: [GC concurrent-mark-start]
2020-09-29T12:00:45.079+0200: 107.311: [GC concurrent-mark-end, 0.0038464 secs]
2020-09-29T12:00:45.079+0200: 107.311: [GC remark 2020-09-29T12:00:45.079+0200: 107.311: [Finalize Marking, 0.0002800 secs] 2020-09-29T12:00:45.079+0200: 107.311: [GC ref-proc, 0.0004160 secs] 2020-09-29T12:00:45.080+0200: 107.311: [Unloading, 0.0006130 secs], 0.0017305 secs]
 [Times: user=0.00 sys=0.00, real=0.00 secs] 
2020-09-29T12:00:45.081+0200: 107.313: [GC cleanup 1060M->28M(2048M), 0.0016196 secs]
 [Times: user=0.08 sys=0.00, real=0.00 secs] 
2020-09-29T12:00:45.083+0200: 107.315: [GC concurrent-cleanup-start]
2020-09-29T12:00:45.084+0200: 107.316: [GC concurrent-cleanup-end, 0.0016865 secs]
2020-09-29T12:00:45.228+0200: 107.460: [GC pause (G1 Evacuation Pause) (young), 0.1527988 secs]
   [Parallel Time: 151.4 ms, GC Workers: 8]
      [GC Worker Start (ms): Min: 107459.9, Avg: 107460.1, Max: 107460.2, Diff: 0.2]
      [Ext Root Scanning (ms): Min: 0.0, Avg: 0.1, Max: 0.2, Diff: 0.2, Sum: 0.6]
      [Update RS (ms): Min: 18.2, Avg: 18.4, Max: 19.0, Diff: 0.8, Sum: 147.5]
         [Processed Buffers: Min: 15, Avg: 15.9, Max: 17, Diff: 2, Sum: 127]
      [Scan RS (ms): Min: 12.0, Avg: 12.5, Max: 12.9, Diff: 0.9, Sum: 100.1]
      [Code Root Scanning (ms): Min: 0.0, Avg: 0.0, Max: 0.0, Diff: 0.0, Sum: 0.0]
      [Object Copy (ms): Min: 119.8, Avg: 120.0, Max: 120.1, Diff: 0.3, Sum: 960.1]
      [Termination (ms): Min: 0.0, Avg: 0.0, Max: 0.0, Diff: 0.0, Sum: 0.1]
         [Termination Attempts: Min: 1, Avg: 37.8, Max: 54, Diff: 53, Sum: 302]
      [GC Worker Other (ms): Min: 0.0, Avg: 0.0, Max: 0.1, Diff: 0.0, Sum: 0.2]
      [GC Worker Total (ms): Min: 151.0, Avg: 151.1, Max: 151.2, Diff: 0.3, Sum: 1208.6]
      [GC Worker End (ms): Min: 107611.1, Avg: 107611.2, Max: 107611.2, Diff: 0.0]
   [Code Root Fixup: 0.0 ms]
   [Code Root Purge: 0.0 ms]
   [Clear CT: 0.2 ms]
   [Other: 1.2 ms]
      [Choose CSet: 0.0 ms]
      [Ref Proc: 0.3 ms]
      [Ref Enq: 0.0 ms]
      [Redirty Cards: 0.3 ms]
      [Humongous Register: 0.0 ms]
      [Humongous Reclaim: 0.0 ms]
      [Free CSet: 0.3 ms]
   [Eden: 225.0M(225.0M)->0.0B(216.0M) Survivors: 10.0M->30.0M Heap: 278.6M(2048.0M)->271.1M(2048.0M)]
 [Times: user=1.25 sys=0.00, real=0.15 secs] 
2020-09-29T12:00:45.532+0200: 107.764: [GC pause (G1 Evacuation Pause) (young), 0.1659521 secs]
   [Parallel Time: 164.6 ms, GC Workers: 8]
      [GC Worker Start (ms): Min: 107764.4, Avg: 107764.4, Max: 107764.5, Diff: 0.1]
      [Ext Root Scanning (ms): Min: 0.0, Avg: 0.1, Max: 0.2, Diff: 0.1, Sum: 0.8]
      [Update RS (ms): Min: 16.8, Avg: 17.0, Max: 17.5, Diff: 0.6, Sum: 136.0]
         [Processed Buffers: Min: 13, Avg: 14.6, Max: 18, Diff: 5, Sum: 117]
      [Scan RS (ms): Min: 14.9, Avg: 15.4, Max: 15.7, Diff: 0.7, Sum: 123.6]
      [Code Root Scanning (ms): Min: 0.0, Avg: 0.0, Max: 0.0, Diff: 0.0, Sum: 0.0]
      [Object Copy (ms): Min: 131.7, Avg: 131.8, Max: 131.9, Diff: 0.2, Sum: 1054.3]
      [Termination (ms): Min: 0.0, Avg: 0.0, Max: 0.0, Diff: 0.0, Sum: 0.2]
         [Termination Attempts: Min: 1, Avg: 84.9, Max: 110, Diff: 109, Sum: 679]
      [GC Worker Other (ms): Min: 0.0, Avg: 0.1, Max: 0.1, Diff: 0.1, Sum: 0.5]
      [GC Worker Total (ms): Min: 164.4, Avg: 164.4, Max: 164.4, Diff: 0.1, Sum: 1315.3]
      [GC Worker End (ms): Min: 107928.8, Avg: 107928.9, Max: 107928.9, Diff: 0.1]
   [Code Root Fixup: 0.0 ms]
   [Code Root Purge: 0.0 ms]
   [Clear CT: 0.2 ms]
   [Other: 1.1 ms]
      [Choose CSet: 0.0 ms]
      [Ref Proc: 0.3 ms]
      [Ref Enq: 0.0 ms]
      [Redirty Cards: 0.3 ms]
      [Humongous Register: 0.0 ms]
      [Humongous Reclaim: 0.0 ms]
      [Free CSet: 0.3 ms]
   [Eden: 216.0M(216.0M)->0.0B(219.0M) Survivors: 30.0M->31.0M Heap: 523.4M(2048.0M)->524.9M(2048.0M)]
 [Times: user=1.36 sys=0.00, real=0.17 secs] 
2020-09-29T12:00:45.852+0200: 108.084: [GC pause (G1 Evacuation Pause) (young), 0.1763883 secs]
   [Parallel Time: 174.6 ms, GC Workers: 8]
      [GC Worker Start (ms): Min: 108083.6, Avg: 108083.8, Max: 108083.9, Diff: 0.2]
      [Ext Root Scanning (ms): Min: 0.0, Avg: 0.1, Max: 0.2, Diff: 0.2, Sum: 0.5]
      [Update RS (ms): Min: 21.5, Avg: 21.9, Max: 22.4, Diff: 0.9, Sum: 175.4]
         [Processed Buffers: Min: 16, Avg: 18.3, Max: 22, Diff: 6, Sum: 146]
      [Scan RS (ms): Min: 13.1, Avg: 13.6, Max: 14.0, Diff: 0.9, Sum: 108.5]
      [Code Root Scanning (ms): Min: 0.0, Avg: 0.0, Max: 0.0, Diff: 0.0, Sum: 0.0]
      [Object Copy (ms): Min: 138.4, Avg: 138.6, Max: 138.7, Diff: 0.3, Sum: 1109.0]
      [Termination (ms): Min: 0.0, Avg: 0.1, Max: 0.1, Diff: 0.1, Sum: 0.6]
         [Termination Attempts: Min: 1, Avg: 374.5, Max: 509, Diff: 508, Sum: 2996]
      [GC Worker Other (ms): Min: 0.0, Avg: 0.0, Max: 0.1, Diff: 0.1, Sum: 0.4]
      [GC Worker Total (ms): Min: 174.2, Avg: 174.3, Max: 174.5, Diff: 0.3, Sum: 1394.4]
      [GC Worker End (ms): Min: 108258.1, Avg: 108258.1, Max: 108258.1, Diff: 0.1]
   [Code Root Fixup: 0.0 ms]
   [Code Root Purge: 0.0 ms]
   [Clear CT: 0.3 ms]
   [Other: 1.4 ms]
      [Choose CSet: 0.0 ms]
      [Ref Proc: 0.2 ms]
      [Ref Enq: 0.0 ms]
      [Redirty Cards: 0.7 ms]
      [Humongous Register: 0.0 ms]
      [Humongous Reclaim: 0.0 ms]
      [Free CSet: 0.2 ms]
   [Eden: 219.0M(219.0M)->0.0B(218.0M) Survivors: 31.0M->32.0M Heap: 780.1M(2048.0M)->781.6M(2048.0M)]
 [Times: user=1.34 sys=0.00, real=0.18 secs] 
2020-09-29T12:00:46.178+0200: 108.410: [GC pause (G1 Evacuation Pause) (young), 0.1772156 secs]
   [Parallel Time: 175.9 ms, GC Workers: 8]
      [GC Worker Start (ms): Min: 108409.9, Avg: 108410.0, Max: 108410.1, Diff: 0.2]
      [Ext Root Scanning (ms): Min: 0.0, Avg: 0.1, Max: 0.2, Diff: 0.2, Sum: 0.7]
      [Update RS (ms): Min: 17.1, Avg: 17.9, Max: 22.9, Diff: 5.8, Sum: 143.5]
         [Processed Buffers: Min: 12, Avg: 14.1, Max: 17, Diff: 5, Sum: 113]
      [Scan RS (ms): Min: 10.5, Avg: 15.4, Max: 16.3, Diff: 5.8, Sum: 123.4]
      [Code Root Scanning (ms): Min: 0.0, Avg: 0.0, Max: 0.0, Diff: 0.0, Sum: 0.0]
      [Object Copy (ms): Min: 141.9, Avg: 142.1, Max: 142.1, Diff: 0.2, Sum: 1136.5]
      [Termination (ms): Min: 0.0, Avg: 0.1, Max: 0.1, Diff: 0.1, Sum: 0.7]
         [Termination Attempts: Min: 1, Avg: 462.4, Max: 581, Diff: 580, Sum: 3699]
      [GC Worker Other (ms): Min: 0.0, Avg: 0.1, Max: 0.1, Diff: 0.1, Sum: 0.5]
      [GC Worker Total (ms): Min: 175.6, Avg: 175.7, Max: 175.8, Diff: 0.1, Sum: 1405.4]
      [GC Worker End (ms): Min: 108585.7, Avg: 108585.7, Max: 108585.7, Diff: 0.1]
   [Code Root Fixup: 0.0 ms]
   [Code Root Purge: 0.0 ms]
   [Clear CT: 0.2 ms]
   [Other: 1.1 ms]
      [Choose CSet: 0.0 ms]
      [Ref Proc: 0.2 ms]
      [Ref Enq: 0.0 ms]
      [Redirty Cards: 0.3 ms]
      [Humongous Register: 0.1 ms]
      [Humongous Reclaim: 0.0 ms]
      [Free CSet: 0.3 ms]
   [Eden: 218.0M(218.0M)->0.0B(217.0M) Survivors: 32.0M->32.0M Heap: 1035.9M(2048.0M)->1038.4M(2048.0M)]
 [Times: user=1.30 sys=0.00, real=0.18 secs] 
2020-09-29T12:00:46.369+0200: 108.601: [GC pause (G1 Humongous Allocation) (young) (initial-mark), 0.0692174 secs]
   [Parallel Time: 68.0 ms, GC Workers: 8]
      [GC Worker Start (ms): Min: 108600.8, Avg: 108600.9, Max: 108601.0, Diff: 0.2]
      [Ext Root Scanning (ms): Min: 0.0, Avg: 0.3, Max: 0.8, Diff: 0.8, Sum: 2.1]
      [Update RS (ms): Min: 30.9, Avg: 31.3, Max: 31.6, Diff: 0.7, Sum: 250.8]
         [Processed Buffers: Min: 16, Avg: 27.3, Max: 30, Diff: 14, Sum: 218]
      [Scan RS (ms): Min: 2.4, Avg: 2.7, Max: 2.8, Diff: 0.4, Sum: 21.3]
      [Code Root Scanning (ms): Min: 0.0, Avg: 0.0, Max: 0.0, Diff: 0.0, Sum: 0.0]
      [Object Copy (ms): Min: 33.4, Avg: 33.5, Max: 33.5, Diff: 0.1, Sum: 267.7]
      [Termination (ms): Min: 0.0, Avg: 0.0, Max: 0.0, Diff: 0.0, Sum: 0.1]
         [Termination Attempts: Min: 1, Avg: 36.8, Max: 55, Diff: 54, Sum: 294]
      [GC Worker Other (ms): Min: 0.0, Avg: 0.0, Max: 0.1, Diff: 0.0, Sum: 0.2]
      [GC Worker Total (ms): Min: 67.6, Avg: 67.8, Max: 67.9, Diff: 0.2, Sum: 542.1]
      [GC Worker End (ms): Min: 108668.7, Avg: 108668.7, Max: 108668.7, Diff: 0.0]
   [Code Root Fixup: 0.0 ms]
   [Code Root Purge: 0.0 ms]
   [Clear CT: 0.2 ms]
   [Other: 1.0 ms]
      [Choose CSet: 0.0 ms]
      [Ref Proc: 0.3 ms]
      [Ref Enq: 0.0 ms]
      [Redirty Cards: 0.2 ms]
      [Humongous Register: 0.1 ms]
      [Humongous Reclaim: 0.0 ms]
      [Free CSet: 0.1 ms]
   [Eden: 4096.0K(217.0M)->0.0B(198.0M) Survivors: 32.0M->5120.0K Heap: 1041.9M(2048.0M)->1044.4M(2048.0M)]
 [Times: user=0.44 sys=0.02, real=0.07 secs] 
2020-09-29T12:00:46.439+0200: 108.670: [GC concurrent-root-region-scan-start]
2020-09-29T12:00:46.441+0200: 108.673: [GC concurrent-root-region-scan-end, 0.0024800 secs]
2020-09-29T12:00:46.441+0200: 108.673: [GC concurrent-mark-start]
2020-09-29T12:00:46.447+0200: 108.679: [GC concurrent-mark-end, 0.0063054 secs]
2020-09-29T12:00:46.448+0200: 108.679: [GC remark 2020-09-29T12:00:46.448+0200: 108.679: [Finalize Marking, 0.0002765 secs] 2020-09-29T12:00:46.448+0200: 108.679: [GC ref-proc, 0.0003652 secs] 2020-09-29T12:00:46.448+0200: 108.680: [Unloading, 0.0005640 secs], 0.0016244 secs]
 [Times: user=0.00 sys=0.00, real=0.00 secs] 
2020-09-29T12:00:46.450+0200: 108.681: [GC cleanup 1061M->27M(2048M), 0.0013191 secs]
 [Times: user=0.00 sys=0.00, real=0.00 secs] 
2020-09-29T12:00:46.451+0200: 108.682: [GC concurrent-cleanup-start]
2020-09-29T12:00:46.452+0200: 108.684: [GC concurrent-cleanup-end, 0.0014373 secs]
2020-09-29T12:00:46.576+0200: 108.807: [GC pause (G1 Evacuation Pause) (young), 0.1676411 secs]
   [Parallel Time: 163.4 ms, GC Workers: 8]
      [GC Worker Start (ms): Min: 108807.0, Avg: 108808.3, Max: 108816.2, Diff: 9.2]
      [Ext Root Scanning (ms): Min: 0.0, Avg: 0.1, Max: 0.2, Diff: 0.2, Sum: 0.8]
      [Update RS (ms): Min: 10.2, Avg: 18.0, Max: 19.8, Diff: 9.6, Sum: 143.7]
         [Processed Buffers: Min: 7, Avg: 14.0, Max: 18, Diff: 11, Sum: 112]
      [Scan RS (ms): Min: 16.3, Avg: 18.2, Max: 25.7, Diff: 9.5, Sum: 145.2]
      [Code Root Scanning (ms): Min: 0.0, Avg: 0.0, Max: 0.0, Diff: 0.0, Sum: 0.0]
      [Object Copy (ms): Min: 118.2, Avg: 125.4, Max: 126.6, Diff: 8.4, Sum: 1003.1]
      [Termination (ms): Min: 0.0, Avg: 0.1, Max: 0.2, Diff: 0.1, Sum: 0.7]
         [Termination Attempts: Min: 1, Avg: 444.6, Max: 650, Diff: 649, Sum: 3557]
      [GC Worker Other (ms): Min: 0.0, Avg: 0.0, Max: 0.1, Diff: 0.1, Sum: 0.3]
      [GC Worker Total (ms): Min: 153.8, Avg: 161.7, Max: 163.0, Diff: 9.1, Sum: 1293.9]
      [GC Worker End (ms): Min: 108970.0, Avg: 108970.0, Max: 108970.0, Diff: 0.1]
   [Code Root Fixup: 0.0 ms]
   [Code Root Purge: 0.0 ms]
   [Clear CT: 1.8 ms]
   [Other: 2.4 ms]
      [Choose CSet: 0.0 ms]
      [Ref Proc: 0.2 ms]
      [Ref Enq: 0.0 ms]
      [Redirty Cards: 1.7 ms]
      [Humongous Register: 0.0 ms]
      [Humongous Reclaim: 0.0 ms]
      [Free CSet: 0.1 ms]
   [Eden: 198.0M(198.0M)->0.0B(176.0M) Survivors: 5120.0K->26.0M Heap: 242.8M(2048.0M)->240.8M(2048.0M)]
 [Times: user=1.33 sys=0.00, real=0.17 secs] 
2020-09-29T12:00:46.861+0200: 109.092: [GC pause (G1 Evacuation Pause) (young), 0.1375844 secs]
   [Parallel Time: 136.3 ms, GC Workers: 8]
      [GC Worker Start (ms): Min: 109091.7, Avg: 109091.8, Max: 109091.9, Diff: 0.2]
      [Ext Root Scanning (ms): Min: 0.0, Avg: 0.1, Max: 0.2, Diff: 0.2, Sum: 0.7]
      [Update RS (ms): Min: 17.7, Avg: 18.0, Max: 18.6, Diff: 0.9, Sum: 144.0]
         [Processed Buffers: Min: 13, Avg: 15.4, Max: 17, Diff: 4, Sum: 123]
      [Scan RS (ms): Min: 10.3, Avg: 10.8, Max: 11.2, Diff: 0.9, Sum: 86.4]
      [Code Root Scanning (ms): Min: 0.0, Avg: 0.0, Max: 0.0, Diff: 0.0, Sum: 0.0]
      [Object Copy (ms): Min: 106.9, Avg: 107.1, Max: 107.3, Diff: 0.4, Sum: 856.9]
      [Termination (ms): Min: 0.0, Avg: 0.0, Max: 0.0, Diff: 0.0, Sum: 0.2]
         [Termination Attempts: Min: 1, Avg: 123.0, Max: 165, Diff: 164, Sum: 984]
      [GC Worker Other (ms): Min: 0.0, Avg: 0.1, Max: 0.1, Diff: 0.1, Sum: 0.4]
      [GC Worker Total (ms): Min: 136.0, Avg: 136.1, Max: 136.2, Diff: 0.1, Sum: 1088.7]
      [GC Worker End (ms): Min: 109227.9, Avg: 109227.9, Max: 109228.0, Diff: 0.1]
   [Code Root Fixup: 0.0 ms]
   [Code Root Purge: 0.0 ms]
   [Clear CT: 0.2 ms]
   [Other: 1.0 ms]
      [Choose CSet: 0.0 ms]
      [Ref Proc: 0.2 ms]
      [Ref Enq: 0.0 ms]
      [Redirty Cards: 0.3 ms]
      [Humongous Register: 0.0 ms]
      [Humongous Reclaim: 0.0 ms]
      [Free CSet: 0.2 ms]
   [Eden: 176.0M(176.0M)->0.0B(192.0M) Survivors: 26.0M->26.0M Heap: 445.4M(2048.0M)->446.9M(2048.0M)]
 [Times: user=1.13 sys=0.00, real=0.14 secs] 
2020-09-29T12:00:47.126+0200: 109.357: [GC pause (G1 Evacuation Pause) (young), 0.1494396 secs]
   [Parallel Time: 148.1 ms, GC Workers: 8]
      [GC Worker Start (ms): Min: 109357.4, Avg: 109357.4, Max: 109357.5, Diff: 0.1]
      [Ext Root Scanning (ms): Min: 0.0, Avg: 0.1, Max: 0.2, Diff: 0.1, Sum: 0.8]
      [Update RS (ms): Min: 21.1, Avg: 21.3, Max: 21.8, Diff: 0.7, Sum: 170.0]
         [Processed Buffers: Min: 15, Avg: 18.3, Max: 20, Diff: 5, Sum: 146]
      [Scan RS (ms): Min: 10.4, Avg: 11.0, Max: 11.2, Diff: 0.7, Sum: 88.0]
      [Code Root Scanning (ms): Min: 0.0, Avg: 0.0, Max: 0.0, Diff: 0.0, Sum: 0.0]
      [Object Copy (ms): Min: 115.4, Avg: 115.5, Max: 115.5, Diff: 0.1, Sum: 924.0]
      [Termination (ms): Min: 0.0, Avg: 0.1, Max: 0.1, Diff: 0.1, Sum: 0.4]
         [Termination Attempts: Min: 1, Avg: 264.0, Max: 383, Diff: 382, Sum: 2112]
      [GC Worker Other (ms): Min: 0.0, Avg: 0.0, Max: 0.1, Diff: 0.1, Sum: 0.3]
      [GC Worker Total (ms): Min: 147.9, Avg: 148.0, Max: 148.0, Diff: 0.1, Sum: 1183.6]
      [GC Worker End (ms): Min: 109505.3, Avg: 109505.4, Max: 109505.4, Diff: 0.1]
   [Code Root Fixup: 0.0 ms]
   [Code Root Purge: 0.0 ms]
   [Clear CT: 0.3 ms]
   [Other: 1.1 ms]
      [Choose CSet: 0.0 ms]
      [Ref Proc: 0.2 ms]
      [Ref Enq: 0.0 ms]
      [Redirty Cards: 0.3 ms]
      [Humongous Register: 0.1 ms]
      [Humongous Reclaim: 0.0 ms]
      [Free CSet: 0.2 ms]
   [Eden: 192.0M(192.0M)->0.0B(204.0M) Survivors: 26.0M->28.0M Heap: 671.4M(2048.0M)->672.9M(2048.0M)]
 [Times: user=1.25 sys=0.00, real=0.15 secs] 
2020-09-29T12:00:47.417+0200: 109.649: [GC pause (G1 Evacuation Pause) (young), 0.1674971 secs]
   [Parallel Time: 166.3 ms, GC Workers: 8]
      [GC Worker Start (ms): Min: 109649.1, Avg: 109649.3, Max: 109649.4, Diff: 0.2]
      [Ext Root Scanning (ms): Min: 0.0, Avg: 0.1, Max: 0.2, Diff: 0.2, Sum: 0.6]
      [Update RS (ms): Min: 20.0, Avg: 20.2, Max: 21.1, Diff: 1.1, Sum: 161.6]
         [Processed Buffers: Min: 14, Avg: 17.6, Max: 21, Diff: 7, Sum: 141]
      [Scan RS (ms): Min: 12.0, Avg: 12.8, Max: 13.1, Diff: 1.1, Sum: 102.5]
      [Code Root Scanning (ms): Min: 0.0, Avg: 0.0, Max: 0.0, Diff: 0.0, Sum: 0.0]
      [Object Copy (ms): Min: 132.5, Avg: 132.6, Max: 132.8, Diff: 0.3, Sum: 1061.0]
      [Termination (ms): Min: 0.0, Avg: 0.2, Max: 0.4, Diff: 0.4, Sum: 1.8]
         [Termination Attempts: Min: 1, Avg: 1145.9, Max: 1645, Diff: 1644, Sum: 9167]
      [GC Worker Other (ms): Min: 0.0, Avg: 0.0, Max: 0.1, Diff: 0.1, Sum: 0.4]
      [GC Worker Total (ms): Min: 165.9, Avg: 166.0, Max: 166.1, Diff: 0.3, Sum: 1327.9]
      [GC Worker End (ms): Min: 109815.2, Avg: 109815.3, Max: 109815.3, Diff: 0.1]
   [Code Root Fixup: 0.0 ms]
   [Code Root Purge: 0.0 ms]
   [Clear CT: 0.2 ms]
   [Other: 1.0 ms]
      [Choose CSet: 0.0 ms]
      [Ref Proc: 0.2 ms]
      [Ref Enq: 0.0 ms]
      [Redirty Cards: 0.2 ms]
      [Humongous Register: 0.1 ms]
      [Humongous Reclaim: 0.0 ms]
      [Free CSet: 0.3 ms]
   [Eden: 204.0M(204.0M)->0.0B(210.0M) Survivors: 28.0M->29.0M Heap: 911.2M(2048.0M)->912.7M(2048.0M)]
 [Times: user=1.38 sys=0.00, real=0.17 secs] 
2020-09-29T12:00:47.713+0200: 109.944: [GC pause (G1 Humongous Allocation) (young) (initial-mark), 0.1449193 secs]
   [Parallel Time: 143.3 ms, GC Workers: 8]
      [GC Worker Start (ms): Min: 109944.7, Avg: 109944.8, Max: 109944.9, Diff: 0.2]
      [Ext Root Scanning (ms): Min: 0.0, Avg: 0.1, Max: 0.3, Diff: 0.3, Sum: 1.2]
      [Update RS (ms): Min: 15.6, Avg: 16.2, Max: 16.9, Diff: 1.3, Sum: 130.0]
         [Processed Buffers: Min: 11, Avg: 12.8, Max: 15, Diff: 4, Sum: 102]
      [Scan RS (ms): Min: 11.3, Avg: 12.0, Max: 12.6, Diff: 1.3, Sum: 95.7]
      [Code Root Scanning (ms): Min: 0.0, Avg: 0.0, Max: 0.0, Diff: 0.0, Sum: 0.0]
      [Object Copy (ms): Min: 114.6, Avg: 114.6, Max: 114.7, Diff: 0.1, Sum: 917.0]
      [Termination (ms): Min: 0.0, Avg: 0.0, Max: 0.1, Diff: 0.1, Sum: 0.3]
         [Termination Attempts: Min: 1, Avg: 196.0, Max: 276, Diff: 275, Sum: 1568]
      [GC Worker Other (ms): Min: 0.0, Avg: 0.0, Max: 0.1, Diff: 0.1, Sum: 0.3]
      [GC Worker Total (ms): Min: 143.0, Avg: 143.1, Max: 143.2, Diff: 0.2, Sum: 1144.6]
      [GC Worker End (ms): Min: 110087.8, Avg: 110087.9, Max: 110087.9, Diff: 0.1]
   [Code Root Fixup: 0.0 ms]
   [Code Root Purge: 0.0 ms]
   [Clear CT: 0.4 ms]
   [Other: 1.2 ms]
      [Choose CSet: 0.0 ms]
      [Ref Proc: 0.3 ms]
      [Ref Enq: 0.0 ms]
      [Redirty Cards: 0.5 ms]
      [Humongous Register: 0.0 ms]
      [Humongous Reclaim: 0.0 ms]
      [Free CSet: 0.2 ms]
   [Eden: 180.0M(210.0M)->0.0B(220.0M) Survivors: 29.0M->30.0M Heap: 1121.3M(2048.0M)->1124.3M(2048.0M)]
 [Times: user=1.13 sys=0.00, real=0.14 secs] 
2020-09-29T12:00:47.858+0200: 110.090: [GC concurrent-root-region-scan-start]
2020-09-29T12:00:47.872+0200: 110.104: [GC concurrent-root-region-scan-end, 0.0142284 secs]
2020-09-29T12:00:47.872+0200: 110.104: [GC concurrent-mark-start]
2020-09-29T12:00:47.878+0200: 110.109: [GC concurrent-mark-end, 0.0054734 secs]
2020-09-29T12:00:47.878+0200: 110.110: [GC remark 2020-09-29T12:00:47.878+0200: 110.110: [Finalize Marking, 0.0002950 secs] 2020-09-29T12:00:47.878+0200: 110.110: [GC ref-proc, 0.0003790 secs] 2020-09-29T12:00:47.879+0200: 110.110: [Unloading, 0.0005336 secs], 0.0015364 secs]
 [Times: user=0.01 sys=0.00, real=0.00 secs] 
2020-09-29T12:00:47.880+0200: 110.112: [GC cleanup 1159M->70M(2048M), 0.0013263 secs]
 [Times: user=0.00 sys=0.00, real=0.00 secs] 
2020-09-29T12:00:47.882+0200: 110.113: [GC concurrent-cleanup-start]
2020-09-29T12:00:47.883+0200: 110.115: [GC concurrent-cleanup-end, 0.0016267 secs]
2020-09-29T12:00:48.010+0200: 110.241: [GC pause (G1 Evacuation Pause) (young), 0.1526890 secs]
   [Parallel Time: 151.4 ms, GC Workers: 8]
      [GC Worker Start (ms): Min: 110241.1, Avg: 110241.2, Max: 110241.3, Diff: 0.2]
      [Ext Root Scanning (ms): Min: 0.0, Avg: 0.1, Max: 0.2, Diff: 0.2, Sum: 0.6]
      [Update RS (ms): Min: 16.2, Avg: 16.3, Max: 16.6, Diff: 0.4, Sum: 130.4]
         [Processed Buffers: Min: 14, Avg: 15.3, Max: 17, Diff: 3, Sum: 122]
      [Scan RS (ms): Min: 12.2, Avg: 12.6, Max: 12.7, Diff: 0.4, Sum: 100.6]
      [Code Root Scanning (ms): Min: 0.0, Avg: 0.0, Max: 0.0, Diff: 0.0, Sum: 0.0]
      [Object Copy (ms): Min: 122.0, Avg: 122.0, Max: 122.1, Diff: 0.1, Sum: 976.1]
      [Termination (ms): Min: 0.0, Avg: 0.0, Max: 0.1, Diff: 0.1, Sum: 0.4]
         [Termination Attempts: Min: 1, Avg: 215.0, Max: 271, Diff: 270, Sum: 1720]
      [GC Worker Other (ms): Min: 0.0, Avg: 0.0, Max: 0.1, Diff: 0.1, Sum: 0.2]
      [GC Worker Total (ms): Min: 151.0, Avg: 151.0, Max: 151.2, Diff: 0.2, Sum: 1208.3]
      [GC Worker End (ms): Min: 110392.2, Avg: 110392.2, Max: 110392.3, Diff: 0.0]
   [Code Root Fixup: 0.0 ms]
   [Code Root Purge: 0.0 ms]
   [Clear CT: 0.2 ms]
   [Other: 1.1 ms]
      [Choose CSet: 0.0 ms]
      [Ref Proc: 0.1 ms]
      [Ref Enq: 0.0 ms]
      [Redirty Cards: 0.3 ms]
      [Humongous Register: 0.0 ms]
      [Humongous Reclaim: 0.0 ms]
      [Free CSet: 0.3 ms]
   [Eden: 220.0M(220.0M)->0.0B(232.0M) Survivors: 30.0M->32.0M Heap: 294.1M(2048.0M)->266.1M(2048.0M)]
 [Times: user=1.23 sys=0.00, real=0.15 secs] 
2020-09-29T12:00:48.318+0200: 110.550: [GC pause (G1 Evacuation Pause) (young), 0.1790603 secs]
   [Parallel Time: 177.7 ms, GC Workers: 8]
      [GC Worker Start (ms): Min: 110550.0, Avg: 110550.1, Max: 110550.2, Diff: 0.2]
      [Ext Root Scanning (ms): Min: 0.0, Avg: 0.1, Max: 0.2, Diff: 0.2, Sum: 0.7]
      [Update RS (ms): Min: 17.1, Avg: 17.5, Max: 17.9, Diff: 0.8, Sum: 139.8]
         [Processed Buffers: Min: 15, Avg: 15.8, Max: 18, Diff: 3, Sum: 126]
      [Scan RS (ms): Min: 16.3, Avg: 16.6, Max: 17.0, Diff: 0.7, Sum: 132.6]
      [Code Root Scanning (ms): Min: 0.0, Avg: 0.0, Max: 0.0, Diff: 0.0, Sum: 0.0]
      [Object Copy (ms): Min: 142.8, Avg: 143.1, Max: 143.2, Diff: 0.4, Sum: 1144.5]
      [Termination (ms): Min: 0.0, Avg: 0.2, Max: 0.3, Diff: 0.3, Sum: 1.7]
         [Termination Attempts: Min: 1, Avg: 991.4, Max: 1232, Diff: 1231, Sum: 7931]
      [GC Worker Other (ms): Min: 0.0, Avg: 0.0, Max: 0.1, Diff: 0.1, Sum: 0.3]
      [GC Worker Total (ms): Min: 177.4, Avg: 177.5, Max: 177.5, Diff: 0.2, Sum: 1419.6]
      [GC Worker End (ms): Min: 110727.5, Avg: 110727.6, Max: 110727.6, Diff: 0.1]
   [Code Root Fixup: 0.0 ms]
   [Code Root Purge: 0.0 ms]
   [Clear CT: 0.2 ms]
   [Other: 1.1 ms]
      [Choose CSet: 0.0 ms]
      [Ref Proc: 0.2 ms]
      [Ref Enq: 0.0 ms]
      [Redirty Cards: 0.3 ms]
      [Humongous Register: 0.0 ms]
      [Humongous Reclaim: 0.0 ms]
      [Free CSet: 0.3 ms]
   [Eden: 232.0M(232.0M)->0.0B(232.0M) Survivors: 32.0M->33.0M Heap: 536.3M(2048.0M)->537.8M(2048.0M)]
 [Times: user=1.38 sys=0.00, real=0.18 secs] 
2020-09-29T12:00:48.624+0200: 110.856: [GC pause (G1 Evacuation Pause) (young), 0.1266890 secs]
   [Parallel Time: 125.7 ms, GC Workers: 8]
      [GC Worker Start (ms): Min: 110856.1, Avg: 110856.1, Max: 110856.2, Diff: 0.1]
      [Ext Root Scanning (ms): Min: 0.0, Avg: 0.1, Max: 0.2, Diff: 0.1, Sum: 0.6]
      [Update RS (ms): Min: 15.0, Avg: 15.2, Max: 15.5, Diff: 0.4, Sum: 121.6]
         [Processed Buffers: Min: 16, Avg: 17.8, Max: 19, Diff: 3, Sum: 142]
      [Scan RS (ms): Min: 9.9, Avg: 10.2, Max: 10.4, Diff: 0.5, Sum: 81.3]
      [Code Root Scanning (ms): Min: 0.0, Avg: 0.0, Max: 0.0, Diff: 0.0, Sum: 0.0]
      [Object Copy (ms): Min: 99.9, Avg: 100.0, Max: 100.0, Diff: 0.1, Sum: 799.9]
      [Termination (ms): Min: 0.0, Avg: 0.0, Max: 0.0, Diff: 0.0, Sum: 0.0]
         [Termination Attempts: Min: 1, Avg: 18.4, Max: 29, Diff: 28, Sum: 147]
      [GC Worker Other (ms): Min: 0.0, Avg: 0.0, Max: 0.1, Diff: 0.1, Sum: 0.3]
      [GC Worker Total (ms): Min: 125.4, Avg: 125.5, Max: 125.5, Diff: 0.1, Sum: 1003.9]
      [GC Worker End (ms): Min: 110981.6, Avg: 110981.6, Max: 110981.6, Diff: 0.1]
   [Code Root Fixup: 0.0 ms]
   [Code Root Purge: 0.0 ms]
   [Clear CT: 0.2 ms]
   [Other: 0.9 ms]
      [Choose CSet: 0.0 ms]
      [Ref Proc: 0.2 ms]
      [Ref Enq: 0.0 ms]
      [Redirty Cards: 0.2 ms]
      [Humongous Register: 0.0 ms]
      [Humongous Reclaim: 0.0 ms]
      [Free CSet: 0.2 ms]
   [Eden: 232.0M(232.0M)->0.0B(251.0M) Survivors: 33.0M->34.0M Heap: 807.9M(2048.0M)->810.4M(2048.0M)]
 [Times: user=1.00 sys=0.00, real=0.13 secs] 
2020-09-29T12:00:48.877+0200: 111.108: [GC pause (G1 Evacuation Pause) (young), 0.1313069 secs]
   [Parallel Time: 130.3 ms, GC Workers: 8]
      [GC Worker Start (ms): Min: 111108.4, Avg: 111108.4, Max: 111108.5, Diff: 0.1]
      [Ext Root Scanning (ms): Min: 0.0, Avg: 0.1, Max: 0.1, Diff: 0.1, Sum: 0.6]
      [Update RS (ms): Min: 16.2, Avg: 16.5, Max: 16.7, Diff: 0.6, Sum: 131.6]
         [Processed Buffers: Min: 16, Avg: 18.8, Max: 20, Diff: 4, Sum: 150]
      [Scan RS (ms): Min: 10.4, Avg: 10.7, Max: 11.1, Diff: 0.7, Sum: 85.8]
      [Code Root Scanning (ms): Min: 0.0, Avg: 0.0, Max: 0.0, Diff: 0.0, Sum: 0.0]
      [Object Copy (ms): Min: 102.7, Avg: 102.9, Max: 103.0, Diff: 0.2, Sum: 823.0]
      [Termination (ms): Min: 0.0, Avg: 0.0, Max: 0.0, Diff: 0.0, Sum: 0.0]
         [Termination Attempts: Min: 1, Avg: 36.6, Max: 51, Diff: 50, Sum: 293]
      [GC Worker Other (ms): Min: 0.0, Avg: 0.0, Max: 0.1, Diff: 0.1, Sum: 0.4]
      [GC Worker Total (ms): Min: 130.1, Avg: 130.2, Max: 130.3, Diff: 0.2, Sum: 1041.6]
      [GC Worker End (ms): Min: 111238.6, Avg: 111238.6, Max: 111238.6, Diff: 0.1]
   [Code Root Fixup: 0.0 ms]
   [Code Root Purge: 0.0 ms]
   [Clear CT: 0.1 ms]
   [Other: 0.8 ms]
      [Choose CSet: 0.0 ms]
      [Ref Proc: 0.2 ms]
      [Ref Enq: 0.0 ms]
      [Redirty Cards: 0.2 ms]
      [Humongous Register: 0.1 ms]
      [Humongous Reclaim: 0.0 ms]
      [Free CSet: 0.2 ms]
   [Eden: 243.0M(243.0M)->0.0B(277.0M) Survivors: 34.0M->35.0M Heap: 1093.5M(2048.0M)->1095.0M(2048.0M)]
 [Times: user=1.13 sys=0.00, real=0.13 secs] 
2020-09-29T12:00:49.008+0200: 111.240: [GC pause (G1 Humongous Allocation) (young) (initial-mark), 0.0515708 secs]
   [Parallel Time: 50.7 ms, GC Workers: 8]
      [GC Worker Start (ms): Min: 111240.0, Avg: 111240.1, Max: 111240.1, Diff: 0.1]
      [Ext Root Scanning (ms): Min: 0.0, Avg: 0.1, Max: 0.2, Diff: 0.1, Sum: 0.7]
      [Update RS (ms): Min: 35.2, Avg: 35.4, Max: 35.6, Diff: 0.4, Sum: 282.8]
         [Processed Buffers: Min: 44, Avg: 46.9, Max: 49, Diff: 5, Sum: 375]
      [Scan RS (ms): Min: 0.0, Avg: 0.0, Max: 0.0, Diff: 0.0, Sum: 0.0]
      [Code Root Scanning (ms): Min: 0.0, Avg: 0.0, Max: 0.0, Diff: 0.0, Sum: 0.0]
      [Object Copy (ms): Min: 14.8, Avg: 15.0, Max: 15.1, Diff: 0.4, Sum: 120.2]
      [Termination (ms): Min: 0.0, Avg: 0.0, Max: 0.0, Diff: 0.0, Sum: 0.2]
         [Termination Attempts: Min: 1, Avg: 172.5, Max: 210, Diff: 209, Sum: 1380]
      [GC Worker Other (ms): Min: 0.0, Avg: 0.0, Max: 0.0, Diff: 0.0, Sum: 0.1]
      [GC Worker Total (ms): Min: 50.5, Avg: 50.5, Max: 50.6, Diff: 0.1, Sum: 404.1]
      [GC Worker End (ms): Min: 111290.6, Avg: 111290.6, Max: 111290.6, Diff: 0.0]
   [Code Root Fixup: 0.0 ms]
   [Code Root Purge: 0.0 ms]
   [Clear CT: 0.2 ms]
   [Other: 0.6 ms]
      [Choose CSet: 0.0 ms]
      [Ref Proc: 0.2 ms]
      [Ref Enq: 0.0 ms]
      [Redirty Cards: 0.2 ms]
      [Humongous Register: 0.0 ms]
      [Humongous Reclaim: 0.0 ms]
      [Free CSet: 0.1 ms]
   [Eden: 1024.0K(277.0M)->0.0B(346.0M) Survivors: 35.0M->2048.0K Heap: 1095.5M(2048.0M)->1099.5M(2048.0M)]
 [Times: user=0.38 sys=0.00, real=0.05 secs] 
2020-09-29T12:00:49.060+0200: 111.292: [GC concurrent-root-region-scan-start]
2020-09-29T12:00:49.060+0200: 111.292: [GC concurrent-root-region-scan-end, 0.0000934 secs]
2020-09-29T12:00:49.060+0200: 111.292: [GC concurrent-mark-start]
2020-09-29T12:00:49.062+0200: 111.294: [GC concurrent-mark-end, 0.0023054 secs]
2020-09-29T12:00:49.062+0200: 111.294: [GC remark 2020-09-29T12:00:49.062+0200: 111.294: [Finalize Marking, 0.0001366 secs] 2020-09-29T12:00:49.063+0200: 111.294: [GC ref-proc, 0.0002944 secs] 2020-09-29T12:00:49.063+0200: 111.295: [Unloading, 0.0004123 secs], 0.0011055 secs]
 [Times: user=0.00 sys=0.00, real=0.00 secs] 
2020-09-29T12:00:49.064+0200: 111.296: [GC cleanup 1107M->15M(2048M), 0.0011223 secs]
 [Times: user=0.00 sys=0.00, real=0.00 secs] 
2020-09-29T12:00:49.065+0200: 111.297: [GC concurrent-cleanup-start]
2020-09-29T12:00:49.066+0200: 111.298: [GC concurrent-cleanup-end, 0.0013190 secs]
2020-09-29T12:00:49.235+0200: 111.466: [GC pause (G1 Evacuation Pause) (young), 0.1891311 secs]
   [Parallel Time: 187.9 ms, GC Workers: 8]
      [GC Worker Start (ms): Min: 111466.5, Avg: 111466.6, Max: 111466.7, Diff: 0.2]
      [Ext Root Scanning (ms): Min: 0.0, Avg: 0.1, Max: 0.2, Diff: 0.2, Sum: 0.4]
      [Update RS (ms): Min: 16.9, Avg: 17.1, Max: 17.3, Diff: 0.3, Sum: 136.5]
         [Processed Buffers: Min: 20, Avg: 21.4, Max: 23, Diff: 3, Sum: 171]
      [Scan RS (ms): Min: 16.1, Avg: 16.3, Max: 16.5, Diff: 0.4, Sum: 130.5]
      [Code Root Scanning (ms): Min: 0.0, Avg: 0.0, Max: 0.0, Diff: 0.0, Sum: 0.0]
      [Object Copy (ms): Min: 153.5, Avg: 153.7, Max: 154.2, Diff: 0.8, Sum: 1229.5]
      [Termination (ms): Min: 0.0, Avg: 0.5, Max: 0.6, Diff: 0.6, Sum: 3.9]
         [Termination Attempts: Min: 1, Avg: 3290.9, Max: 4036, Diff: 4035, Sum: 26327]
      [GC Worker Other (ms): Min: 0.0, Avg: 0.0, Max: 0.1, Diff: 0.1, Sum: 0.3]
      [GC Worker Total (ms): Min: 187.5, Avg: 187.6, Max: 187.8, Diff: 0.2, Sum: 1501.1]
      [GC Worker End (ms): Min: 111654.3, Avg: 111654.3, Max: 111654.3, Diff: 0.1]
   [Code Root Fixup: 0.0 ms]
   [Code Root Purge: 0.0 ms]
   [Clear CT: 0.2 ms]
   [Other: 1.1 ms]
      [Choose CSet: 0.0 ms]
      [Ref Proc: 0.2 ms]
      [Ref Enq: 0.0 ms]
      [Redirty Cards: 0.5 ms]
      [Humongous Register: 0.0 ms]
      [Humongous Reclaim: 0.0 ms]
      [Free CSet: 0.2 ms]
   [Eden: 346.0M(346.0M)->0.0B(288.0M) Survivors: 2048.0K->44.0M Heap: 412.6M(2048.0M)->413.6M(2048.0M)]
 [Times: user=1.48 sys=0.00, real=0.19 secs] 
2020-09-29T12:00:49.579+0200: 111.810: [GC pause (G1 Evacuation Pause) (young), 0.1567255 secs]
   [Parallel Time: 155.6 ms, GC Workers: 8]
      [GC Worker Start (ms): Min: 111810.6, Avg: 111810.6, Max: 111810.7, Diff: 0.1]
      [Ext Root Scanning (ms): Min: 0.0, Avg: 0.1, Max: 0.1, Diff: 0.1, Sum: 0.5]
      [Update RS (ms): Min: 17.0, Avg: 17.2, Max: 17.9, Diff: 0.9, Sum: 137.8]
         [Processed Buffers: Min: 17, Avg: 20.3, Max: 22, Diff: 5, Sum: 162]
      [Scan RS (ms): Min: 14.2, Avg: 14.9, Max: 15.2, Diff: 1.0, Sum: 119.4]
      [Code Root Scanning (ms): Min: 0.0, Avg: 0.0, Max: 0.0, Diff: 0.0, Sum: 0.0]
      [Object Copy (ms): Min: 123.0, Avg: 123.1, Max: 123.2, Diff: 0.2, Sum: 984.9]
      [Termination (ms): Min: 0.0, Avg: 0.0, Max: 0.1, Diff: 0.1, Sum: 0.3]
         [Termination Attempts: Min: 1, Avg: 238.3, Max: 358, Diff: 357, Sum: 1906]
      [GC Worker Other (ms): Min: 0.0, Avg: 0.0, Max: 0.1, Diff: 0.0, Sum: 0.3]
      [GC Worker Total (ms): Min: 155.3, Avg: 155.4, Max: 155.5, Diff: 0.2, Sum: 1243.2]
      [GC Worker End (ms): Min: 111966.0, Avg: 111966.0, Max: 111966.1, Diff: 0.0]
   [Code Root Fixup: 0.0 ms]
   [Code Root Purge: 0.0 ms]
   [Clear CT: 0.2 ms]
   [Other: 0.9 ms]
      [Choose CSet: 0.0 ms]
      [Ref Proc: 0.2 ms]
      [Ref Enq: 0.0 ms]
      [Redirty Cards: 0.2 ms]
      [Humongous Register: 0.0 ms]
      [Humongous Reclaim: 0.0 ms]
      [Free CSet: 0.3 ms]
   [Eden: 288.0M(288.0M)->0.0B(288.0M) Survivors: 44.0M->42.0M Heap: 749.3M(2048.0M)->751.8M(2048.0M)]
 [Times: user=1.25 sys=0.00, real=0.16 secs] 
2020-09-29T12:00:49.881+0200: 112.112: [GC pause (G1 Evacuation Pause) (young), 0.1791263 secs]
   [Parallel Time: 178.1 ms, GC Workers: 8]
      [GC Worker Start (ms): Min: 112112.5, Avg: 112112.6, Max: 112112.6, Diff: 0.1]
      [Ext Root Scanning (ms): Min: 0.0, Avg: 0.1, Max: 0.1, Diff: 0.1, Sum: 0.6]
      [Update RS (ms): Min: 28.8, Avg: 29.5, Max: 32.7, Diff: 3.9, Sum: 235.6]
         [Processed Buffers: Min: 22, Avg: 28.1, Max: 32, Diff: 10, Sum: 225]
      [Scan RS (ms): Min: 10.2, Avg: 13.5, Max: 14.1, Diff: 3.9, Sum: 107.7]
      [Code Root Scanning (ms): Min: 0.0, Avg: 0.0, Max: 0.0, Diff: 0.0, Sum: 0.0]
      [Object Copy (ms): Min: 134.7, Avg: 134.9, Max: 135.0, Diff: 0.2, Sum: 1079.2]
      [Termination (ms): Min: 0.0, Avg: 0.0, Max: 0.0, Diff: 0.0, Sum: 0.1]
         [Termination Attempts: Min: 1, Avg: 63.0, Max: 92, Diff: 91, Sum: 504]
      [GC Worker Other (ms): Min: 0.0, Avg: 0.0, Max: 0.1, Diff: 0.0, Sum: 0.3]
      [GC Worker Total (ms): Min: 177.9, Avg: 177.9, Max: 178.0, Diff: 0.1, Sum: 1423.5]
      [GC Worker End (ms): Min: 112290.5, Avg: 112290.5, Max: 112290.5, Diff: 0.0]
   [Code Root Fixup: 0.0 ms]
   [Code Root Purge: 0.0 ms]
   [Clear CT: 0.2 ms]
   [Other: 0.9 ms]
      [Choose CSet: 0.0 ms]
      [Ref Proc: 0.2 ms]
      [Ref Enq: 0.0 ms]
      [Redirty Cards: 0.2 ms]
      [Humongous Register: 0.1 ms]
      [Humongous Reclaim: 0.0 ms]
      [Free CSet: 0.3 ms]
   [Eden: 288.0M(288.0M)->0.0B(286.0M) Survivors: 42.0M->42.0M Heap: 1087.5M(2048.0M)->1089.0M(2048.0M)]
 [Times: user=1.36 sys=0.00, real=0.18 secs] 
2020-09-29T12:00:50.063+0200: 112.295: [GC pause (G1 Humongous Allocation) (young) (initial-mark), 0.0637239 secs]
   [Parallel Time: 62.9 ms, GC Workers: 8]
      [GC Worker Start (ms): Min: 112294.7, Avg: 112294.7, Max: 112294.8, Diff: 0.2]
      [Ext Root Scanning (ms): Min: 0.0, Avg: 0.2, Max: 0.4, Diff: 0.3, Sum: 1.5]
      [Update RS (ms): Min: 39.9, Avg: 40.3, Max: 40.8, Diff: 0.9, Sum: 322.4]
         [Processed Buffers: Min: 52, Avg: 52.9, Max: 54, Diff: 2, Sum: 423]
      [Scan RS (ms): Min: 0.0, Avg: 0.1, Max: 0.3, Diff: 0.3, Sum: 1.1]
      [Code Root Scanning (ms): Min: 0.0, Avg: 0.0, Max: 0.0, Diff: 0.0, Sum: 0.0]
      [Object Copy (ms): Min: 21.8, Avg: 22.0, Max: 22.2, Diff: 0.4, Sum: 176.3]
      [Termination (ms): Min: 0.0, Avg: 0.0, Max: 0.0, Diff: 0.0, Sum: 0.2]
         [Termination Attempts: Min: 1, Avg: 224.0, Max: 291, Diff: 290, Sum: 1792]
      [GC Worker Other (ms): Min: 0.0, Avg: 0.0, Max: 0.0, Diff: 0.0, Sum: 0.2]
      [GC Worker Total (ms): Min: 62.6, Avg: 62.7, Max: 62.8, Diff: 0.1, Sum: 501.7]
      [GC Worker End (ms): Min: 112357.5, Avg: 112357.5, Max: 112357.5, Diff: 0.0]
   [Code Root Fixup: 0.0 ms]
   [Code Root Purge: 0.0 ms]
   [Clear CT: 0.1 ms]
   [Other: 0.7 ms]
      [Choose CSet: 0.0 ms]
      [Ref Proc: 0.2 ms]
      [Ref Enq: 0.0 ms]
      [Redirty Cards: 0.2 ms]
      [Humongous Register: 0.0 ms]
      [Humongous Reclaim: 0.0 ms]
      [Free CSet: 0.1 ms]
   [Eden: 6144.0K(286.0M)->0.0B(314.0M) Survivors: 42.0M->7168.0K Heap: 1094.5M(2048.0M)->1098.5M(2048.0M)]
 [Times: user=0.50 sys=0.00, real=0.06 secs] 
2020-09-29T12:00:50.127+0200: 112.358: [GC concurrent-root-region-scan-start]
2020-09-29T12:00:50.128+0200: 112.360: [GC concurrent-root-region-scan-end, 0.0011503 secs]
2020-09-29T12:00:50.128+0200: 112.360: [GC concurrent-mark-start]
2020-09-29T12:00:50.131+0200: 112.362: [GC concurrent-mark-end, 0.0024605 secs]
2020-09-29T12:00:50.131+0200: 112.362: [GC remark 2020-09-29T12:00:50.131+0200: 112.362: [Finalize Marking, 0.0001913 secs] 2020-09-29T12:00:50.131+0200: 112.362: [GC ref-proc, 0.0002891 secs] 2020-09-29T12:00:50.131+0200: 112.363: [Unloading, 0.0004371 secs], 0.0012012 secs]
 [Times: user=0.00 sys=0.00, real=0.00 secs] 
2020-09-29T12:00:50.132+0200: 112.364: [GC cleanup 1107M->21M(2048M), 0.0010677 secs]
 [Times: user=0.00 sys=0.00, real=0.00 secs] 
2020-09-29T12:00:50.133+0200: 112.365: [GC concurrent-cleanup-start]
2020-09-29T12:00:50.135+0200: 112.366: [GC concurrent-cleanup-end, 0.0014196 secs]
2020-09-29T12:00:50.300+0200: 112.531: [GC pause (G1 Evacuation Pause) (young), 0.1601911 secs]
   [Parallel Time: 158.9 ms, GC Workers: 8]
      [GC Worker Start (ms): Min: 112531.4, Avg: 112531.5, Max: 112531.6, Diff: 0.2]
      [Ext Root Scanning (ms): Min: 0.0, Avg: 0.1, Max: 0.2, Diff: 0.2, Sum: 0.6]
      [Update RS (ms): Min: 20.3, Avg: 20.6, Max: 21.1, Diff: 0.8, Sum: 164.5]
         [Processed Buffers: Min: 20, Avg: 22.9, Max: 26, Diff: 6, Sum: 183]
      [Scan RS (ms): Min: 11.8, Avg: 12.3, Max: 12.5, Diff: 0.7, Sum: 98.4]
      [Code Root Scanning (ms): Min: 0.0, Avg: 0.0, Max: 0.0, Diff: 0.0, Sum: 0.0]
      [Object Copy (ms): Min: 125.5, Avg: 125.6, Max: 125.7, Diff: 0.3, Sum: 1004.5]
      [Termination (ms): Min: 0.0, Avg: 0.2, Max: 0.3, Diff: 0.2, Sum: 1.8]
         [Termination Attempts: Min: 1, Avg: 1181.8, Max: 1443, Diff: 1442, Sum: 9454]
      [GC Worker Other (ms): Min: 0.0, Avg: 0.0, Max: 0.0, Diff: 0.0, Sum: 0.1]
      [GC Worker Total (ms): Min: 158.6, Avg: 158.7, Max: 158.8, Diff: 0.2, Sum: 1269.9]
      [GC Worker End (ms): Min: 112690.2, Avg: 112690.2, Max: 112690.2, Diff: 0.0]
   [Code Root Fixup: 0.0 ms]
   [Code Root Purge: 0.0 ms]
   [Clear CT: 0.2 ms]
   [Other: 1.1 ms]
      [Choose CSet: 0.0 ms]
      [Ref Proc: 0.2 ms]
      [Ref Enq: 0.0 ms]
      [Redirty Cards: 0.2 ms]
      [Humongous Register: 0.0 ms]
      [Humongous Reclaim: 0.0 ms]
      [Free CSet: 0.3 ms]
   [Eden: 314.0M(314.0M)->0.0B(295.0M) Survivors: 7168.0K->41.0M Heap: 380.4M(2048.0M)->374.9M(2048.0M)]
 [Times: user=1.34 sys=0.00, real=0.16 secs] 
2020-09-29T12:00:50.614+0200: 112.845: [GC pause (G1 Evacuation Pause) (young), 0.1569011 secs]
   [Parallel Time: 155.8 ms, GC Workers: 8]
      [GC Worker Start (ms): Min: 112845.1, Avg: 112845.2, Max: 112845.2, Diff: 0.2]
      [Ext Root Scanning (ms): Min: 0.0, Avg: 0.1, Max: 0.2, Diff: 0.2, Sum: 0.5]
      [Update RS (ms): Min: 17.4, Avg: 17.6, Max: 18.1, Diff: 0.7, Sum: 140.7]
         [Processed Buffers: Min: 20, Avg: 21.8, Max: 23, Diff: 3, Sum: 174]
      [Scan RS (ms): Min: 13.8, Avg: 14.4, Max: 14.7, Diff: 0.9, Sum: 114.8]
      [Code Root Scanning (ms): Min: 0.0, Avg: 0.0, Max: 0.0, Diff: 0.0, Sum: 0.0]
      [Object Copy (ms): Min: 123.5, Avg: 123.6, Max: 123.7, Diff: 0.2, Sum: 988.6]
      [Termination (ms): Min: 0.0, Avg: 0.0, Max: 0.0, Diff: 0.0, Sum: 0.0]
         [Termination Attempts: Min: 1, Avg: 2.1, Max: 4, Diff: 3, Sum: 17]
      [GC Worker Other (ms): Min: 0.0, Avg: 0.0, Max: 0.1, Diff: 0.1, Sum: 0.4]
      [GC Worker Total (ms): Min: 155.6, Avg: 155.6, Max: 155.7, Diff: 0.2, Sum: 1245.1]
      [GC Worker End (ms): Min: 113000.8, Avg: 113000.8, Max: 113000.8, Diff: 0.1]
   [Code Root Fixup: 0.0 ms]
   [Code Root Purge: 0.0 ms]
   [Clear CT: 0.2 ms]
   [Other: 0.9 ms]
      [Choose CSet: 0.0 ms]
      [Ref Proc: 0.1 ms]
      [Ref Enq: 0.0 ms]
      [Redirty Cards: 0.2 ms]
      [Humongous Register: 0.0 ms]
      [Humongous Reclaim: 0.0 ms]
      [Free CSet: 0.3 ms]
   [Eden: 295.0M(295.0M)->0.0B(303.0M) Survivors: 41.0M->42.0M Heap: 719.5M(2048.0M)->722.0M(2048.0M)]
 [Times: user=1.13 sys=0.05, real=0.16 secs] 
2020-09-29T12:00:50.938+0200: 113.169: [GC pause (G1 Evacuation Pause) (young), 0.2449117 secs]
   [Parallel Time: 243.8 ms, GC Workers: 8]
      [GC Worker Start (ms): Min: 113169.5, Avg: 113169.6, Max: 113169.6, Diff: 0.1]
      [Ext Root Scanning (ms): Min: 0.0, Avg: 0.1, Max: 0.2, Diff: 0.1, Sum: 0.6]
      [Update RS (ms): Min: 24.1, Avg: 25.0, Max: 29.9, Diff: 5.8, Sum: 200.2]
         [Processed Buffers: Min: 12, Avg: 18.8, Max: 23, Diff: 11, Sum: 150]
      [Scan RS (ms): Min: 13.4, Avg: 18.3, Max: 19.3, Diff: 5.9, Sum: 146.1]
      [Code Root Scanning (ms): Min: 0.0, Avg: 0.0, Max: 0.0, Diff: 0.0, Sum: 0.0]
      [Object Copy (ms): Min: 199.2, Avg: 199.4, Max: 200.1, Diff: 0.9, Sum: 1595.6]
      [Termination (ms): Min: 0.0, Avg: 0.7, Max: 0.9, Diff: 0.9, Sum: 5.8]
         [Termination Attempts: Min: 1, Avg: 4979.3, Max: 6246, Diff: 6245, Sum: 39834]
      [GC Worker Other (ms): Min: 0.0, Avg: 0.0, Max: 0.0, Diff: 0.0, Sum: 0.1]
      [GC Worker Total (ms): Min: 243.5, Avg: 243.6, Max: 243.6, Diff: 0.1, Sum: 1948.5]
      [GC Worker End (ms): Min: 113413.1, Avg: 113413.1, Max: 113413.1, Diff: 0.0]
   [Code Root Fixup: 0.0 ms]
   [Code Root Purge: 0.0 ms]
   [Clear CT: 0.2 ms]
   [Other: 1.0 ms]
      [Choose CSet: 0.0 ms]
      [Ref Proc: 0.2 ms]
      [Ref Enq: 0.0 ms]
      [Redirty Cards: 0.2 ms]
      [Humongous Register: 0.1 ms]
      [Humongous Reclaim: 0.0 ms]
      [Free CSet: 0.3 ms]
   [Eden: 303.0M(303.0M)->0.0B(235.0M) Survivors: 42.0M->44.0M Heap: 1074.6M(2048.0M)->1076.1M(2048.0M)]
 [Times: user=1.86 sys=0.02, real=0.25 secs] 
2020-09-29T12:00:51.204+0200: 113.435: [GC pause (G1 Humongous Allocation) (young) (initial-mark), 0.0503172 secs]
   [Parallel Time: 49.1 ms, GC Workers: 8]
      [GC Worker Start (ms): Min: 113435.2, Avg: 113435.2, Max: 113435.3, Diff: 0.1]
      [Ext Root Scanning (ms): Min: 0.0, Avg: 0.1, Max: 0.3, Diff: 0.2, Sum: 0.8]
      [Update RS (ms): Min: 24.2, Avg: 24.3, Max: 24.4, Diff: 0.3, Sum: 194.6]
         [Processed Buffers: Min: 25, Avg: 27.9, Max: 32, Diff: 7, Sum: 223]
      [Scan RS (ms): Min: 2.5, Avg: 2.8, Max: 3.4, Diff: 0.9, Sum: 22.7]
      [Code Root Scanning (ms): Min: 0.0, Avg: 0.0, Max: 0.0, Diff: 0.0, Sum: 0.0]
      [Object Copy (ms): Min: 21.2, Avg: 21.7, Max: 21.8, Diff: 0.6, Sum: 173.4]
      [Termination (ms): Min: 0.0, Avg: 0.0, Max: 0.0, Diff: 0.0, Sum: 0.1]
         [Termination Attempts: Min: 1, Avg: 90.3, Max: 112, Diff: 111, Sum: 722]
      [GC Worker Other (ms): Min: 0.0, Avg: 0.0, Max: 0.0, Diff: 0.0, Sum: 0.2]
      [GC Worker Total (ms): Min: 48.9, Avg: 49.0, Max: 49.0, Diff: 0.1, Sum: 391.9]
      [GC Worker End (ms): Min: 113484.2, Avg: 113484.2, Max: 113484.2, Diff: 0.0]
   [Code Root Fixup: 0.0 ms]
   [Code Root Purge: 0.0 ms]
   [Clear CT: 0.2 ms]
   [Other: 1.0 ms]
      [Choose CSet: 0.0 ms]
      [Ref Proc: 0.2 ms]
      [Ref Enq: 0.0 ms]
      [Redirty Cards: 0.3 ms]
      [Humongous Register: 0.1 ms]
      [Humongous Reclaim: 0.0 ms]
      [Free CSet: 0.1 ms]
   [Eden: 4096.0K(235.0M)->0.0B(295.0M) Survivors: 44.0M->6144.0K Heap: 1080.1M(2048.0M)->1083.1M(2048.0M)]
 [Times: user=0.30 sys=0.00, real=0.05 secs] 
2020-09-29T12:00:51.254+0200: 113.485: [GC concurrent-root-region-scan-start]
2020-09-29T12:00:51.256+0200: 113.487: [GC concurrent-root-region-scan-end, 0.0011810 secs]
2020-09-29T12:00:51.256+0200: 113.487: [GC concurrent-mark-start]
2020-09-29T12:00:51.260+0200: 113.490: [GC concurrent-mark-end, 0.0038443 secs]
2020-09-29T12:00:51.260+0200: 113.491: [GC remark 2020-09-29T12:00:51.260+0200: 113.491: [Finalize Marking, 0.0003371 secs] 2020-09-29T12:00:51.260+0200: 113.491: [GC ref-proc, 0.0004181 secs] 2020-09-29T12:00:51.261+0200: 113.492: [Unloading, 0.0006111 secs], 0.0017668 secs]
 [Times: user=0.00 sys=0.00, real=0.00 secs] 
2020-09-29T12:00:51.262+0200: 113.493: [GC cleanup 1093M->22M(2048M), 0.0017839 secs]
 [Times: user=0.00 sys=0.00, real=0.00 secs] 
2020-09-29T12:00:51.264+0200: 113.495: [GC concurrent-cleanup-start]
2020-09-29T12:00:51.266+0200: 113.497: [GC concurrent-cleanup-end, 0.0024802 secs]
2020-09-29T12:00:51.444+0200: 113.675: [GC pause (G1 Evacuation Pause) (young), 0.1659769 secs]
   [Parallel Time: 164.7 ms, GC Workers: 8]
      [GC Worker Start (ms): Min: 113674.9, Avg: 113675.0, Max: 113675.0, Diff: 0.2]
      [Ext Root Scanning (ms): Min: 0.0, Avg: 0.1, Max: 0.2, Diff: 0.2, Sum: 0.5]
      [Update RS (ms): Min: 17.3, Avg: 17.9, Max: 19.8, Diff: 2.5, Sum: 143.2]
         [Processed Buffers: Min: 10, Avg: 15.0, Max: 18, Diff: 8, Sum: 120]
      [Scan RS (ms): Min: 15.7, Avg: 17.6, Max: 18.2, Diff: 2.5, Sum: 140.9]
      [Code Root Scanning (ms): Min: 0.0, Avg: 0.0, Max: 0.0, Diff: 0.0, Sum: 0.0]
      [Object Copy (ms): Min: 128.7, Avg: 128.9, Max: 128.9, Diff: 0.2, Sum: 1030.9]
      [Termination (ms): Min: 0.0, Avg: 0.0, Max: 0.0, Diff: 0.0, Sum: 0.2]
         [Termination Attempts: Min: 1, Avg: 193.5, Max: 232, Diff: 231, Sum: 1548]
      [GC Worker Other (ms): Min: 0.0, Avg: 0.0, Max: 0.1, Diff: 0.0, Sum: 0.2]
      [GC Worker Total (ms): Min: 164.4, Avg: 164.5, Max: 164.6, Diff: 0.2, Sum: 1316.0]
      [GC Worker End (ms): Min: 113839.5, Avg: 113839.5, Max: 113839.5, Diff: 0.0]
   [Code Root Fixup: 0.0 ms]
   [Code Root Purge: 0.0 ms]
   [Clear CT: 0.2 ms]
   [Other: 1.1 ms]
      [Choose CSet: 0.0 ms]
      [Ref Proc: 0.2 ms]
      [Ref Enq: 0.0 ms]
      [Redirty Cards: 0.2 ms]
      [Humongous Register: 0.0 ms]
      [Humongous Reclaim: 0.0 ms]
      [Free CSet: 0.3 ms]
   [Eden: 295.0M(295.0M)->0.0B(267.0M) Survivors: 6144.0K->38.0M Heap: 356.1M(2048.0M)->352.6M(2048.0M)]
 [Times: user=1.20 sys=0.00, real=0.17 secs] 
2020-09-29T12:00:51.769+0200: 114.000: [GC pause (G1 Evacuation Pause) (young), 0.1893702 secs]
   [Parallel Time: 188.3 ms, GC Workers: 8]
      [GC Worker Start (ms): Min: 114000.6, Avg: 114000.7, Max: 114000.7, Diff: 0.2]
      [Ext Root Scanning (ms): Min: 0.0, Avg: 0.1, Max: 0.2, Diff: 0.2, Sum: 0.5]
      [Update RS (ms): Min: 20.6, Avg: 21.5, Max: 26.7, Diff: 6.0, Sum: 172.4]
         [Processed Buffers: Min: 14, Avg: 19.3, Max: 24, Diff: 10, Sum: 154]
      [Scan RS (ms): Min: 13.4, Avg: 19.1, Max: 23.5, Diff: 10.1, Sum: 152.4]
      [Code Root Scanning (ms): Min: 0.0, Avg: 0.0, Max: 0.0, Diff: 0.0, Sum: 0.0]
      [Object Copy (ms): Min: 143.2, Avg: 147.1, Max: 148.0, Diff: 4.8, Sum: 1176.7]
      [Termination (ms): Min: 0.0, Avg: 0.3, Max: 0.3, Diff: 0.3, Sum: 2.1]
         [Termination Attempts: Min: 1, Avg: 1676.3, Max: 2140, Diff: 2139, Sum: 13410]
      [GC Worker Other (ms): Min: 0.0, Avg: 0.0, Max: 0.1, Diff: 0.1, Sum: 0.3]
      [GC Worker Total (ms): Min: 188.0, Avg: 188.1, Max: 188.1, Diff: 0.1, Sum: 1504.5]
      [GC Worker End (ms): Min: 114188.7, Avg: 114188.7, Max: 114188.8, Diff: 0.1]
   [Code Root Fixup: 0.0 ms]
   [Code Root Purge: 0.0 ms]
   [Clear CT: 0.1 ms]
   [Other: 1.0 ms]
      [Choose CSet: 0.0 ms]
      [Ref Proc: 0.1 ms]
      [Ref Enq: 0.0 ms]
      [Redirty Cards: 0.2 ms]
      [Humongous Register: 0.0 ms]
      [Humongous Reclaim: 0.0 ms]
      [Free CSet: 0.3 ms]
   [Eden: 267.0M(267.0M)->0.0B(251.0M) Survivors: 38.0M->39.0M Heap: 665.4M(2048.0M)->667.4M(2048.0M)]
 [Times: user=1.48 sys=0.00, real=0.19 secs] 
2020-09-29T12:00:52.116+0200: 114.347: [GC pause (G1 Evacuation Pause) (young), 0.1415985 secs]
   [Parallel Time: 140.4 ms, GC Workers: 8]
      [GC Worker Start (ms): Min: 114346.7, Avg: 114346.8, Max: 114346.9, Diff: 0.1]
      [Ext Root Scanning (ms): Min: 0.0, Avg: 0.1, Max: 0.2, Diff: 0.1, Sum: 0.6]
      [Update RS (ms): Min: 13.8, Avg: 14.0, Max: 14.5, Diff: 0.6, Sum: 112.1]
         [Processed Buffers: Min: 12, Avg: 14.9, Max: 17, Diff: 5, Sum: 119]
      [Scan RS (ms): Min: 14.2, Avg: 14.6, Max: 14.8, Diff: 0.6, Sum: 117.0]
      [Code Root Scanning (ms): Min: 0.0, Avg: 0.0, Max: 0.0, Diff: 0.0, Sum: 0.0]
      [Object Copy (ms): Min: 111.3, Avg: 111.4, Max: 111.4, Diff: 0.1, Sum: 891.0]
      [Termination (ms): Min: 0.0, Avg: 0.0, Max: 0.0, Diff: 0.0, Sum: 0.3]
         [Termination Attempts: Min: 1, Avg: 270.4, Max: 354, Diff: 353, Sum: 2163]
      [GC Worker Other (ms): Min: 0.0, Avg: 0.0, Max: 0.1, Diff: 0.1, Sum: 0.3]
      [GC Worker Total (ms): Min: 140.1, Avg: 140.2, Max: 140.3, Diff: 0.1, Sum: 1121.4]
      [GC Worker End (ms): Min: 114486.9, Avg: 114487.0, Max: 114487.0, Diff: 0.1]
   [Code Root Fixup: 0.0 ms]
   [Code Root Purge: 0.0 ms]
   [Clear CT: 0.3 ms]
   [Other: 1.0 ms]
      [Choose CSet: 0.0 ms]
      [Ref Proc: 0.3 ms]
      [Ref Enq: 0.0 ms]
      [Redirty Cards: 0.3 ms]
      [Humongous Register: 0.0 ms]
      [Humongous Reclaim: 0.0 ms]
      [Free CSet: 0.2 ms]
   [Eden: 251.0M(251.0M)->0.0B(271.0M) Survivors: 39.0M->37.0M Heap: 960.3M(2048.0M)->961.3M(2048.0M)]
 [Times: user=1.13 sys=0.00, real=0.14 secs] 
2020-09-29T12:00:52.270+0200: 114.501: [GC pause (G1 Humongous Allocation) (young) (initial-mark), 0.0432613 secs]
   [Parallel Time: 42.5 ms, GC Workers: 8]
      [GC Worker Start (ms): Min: 114501.5, Avg: 114501.6, Max: 114501.7, Diff: 0.2]
      [Ext Root Scanning (ms): Min: 0.0, Avg: 0.1, Max: 0.2, Diff: 0.2, Sum: 0.9]
      [Update RS (ms): Min: 21.1, Avg: 21.3, Max: 21.6, Diff: 0.5, Sum: 170.4]
         [Processed Buffers: Min: 27, Avg: 28.1, Max: 30, Diff: 3, Sum: 225]
      [Scan RS (ms): Min: 1.9, Avg: 2.3, Max: 2.5, Diff: 0.6, Sum: 18.3]
      [Code Root Scanning (ms): Min: 0.0, Avg: 0.0, Max: 0.0, Diff: 0.0, Sum: 0.0]
      [Object Copy (ms): Min: 18.5, Avg: 18.6, Max: 18.6, Diff: 0.1, Sum: 148.6]
      [Termination (ms): Min: 0.0, Avg: 0.0, Max: 0.0, Diff: 0.0, Sum: 0.0]
         [Termination Attempts: Min: 1, Avg: 24.0, Max: 33, Diff: 32, Sum: 192]
      [GC Worker Other (ms): Min: 0.0, Avg: 0.0, Max: 0.0, Diff: 0.0, Sum: 0.2]
      [GC Worker Total (ms): Min: 42.2, Avg: 42.3, Max: 42.4, Diff: 0.2, Sum: 338.4]
      [GC Worker End (ms): Min: 114543.9, Avg: 114543.9, Max: 114543.9, Diff: 0.0]
   [Code Root Fixup: 0.0 ms]
   [Code Root Purge: 0.0 ms]
   [Clear CT: 0.2 ms]
   [Other: 0.5 ms]
      [Choose CSet: 0.0 ms]
      [Ref Proc: 0.1 ms]
      [Ref Enq: 0.0 ms]
      [Redirty Cards: 0.1 ms]
      [Humongous Register: 0.0 ms]
      [Humongous Reclaim: 0.0 ms]
      [Free CSet: 0.1 ms]
   [Eden: 12.0M(271.0M)->0.0B(324.0M) Survivors: 37.0M->13.0M Heap: 972.8M(2048.0M)->976.8M(2048.0M)]
 [Times: user=0.26 sys=0.00, real=0.04 secs] 
2020-09-29T12:00:52.314+0200: 114.545: [GC concurrent-root-region-scan-start]
2020-09-29T12:00:52.316+0200: 114.547: [GC concurrent-root-region-scan-end, 0.0026282 secs]
2020-09-29T12:00:52.316+0200: 114.547: [GC concurrent-mark-start]
2020-09-29T12:00:52.320+0200: 114.551: [GC concurrent-mark-end, 0.0033010 secs]
2020-09-29T12:00:52.320+0200: 114.551: [GC remark 2020-09-29T12:00:52.320+0200: 114.551: [Finalize Marking, 0.0001853 secs] 2020-09-29T12:00:52.320+0200: 114.551: [GC ref-proc, 0.0002839 secs] 2020-09-29T12:00:52.320+0200: 114.551: [Unloading, 0.0005093 secs], 0.0012797 secs]
 [Times: user=0.00 sys=0.00, real=0.00 secs] 
2020-09-29T12:00:52.321+0200: 114.552: [GC cleanup 992M->34M(2048M), 0.0012023 secs]
 [Times: user=0.00 sys=0.00, real=0.00 secs] 
2020-09-29T12:00:52.323+0200: 114.554: [GC concurrent-cleanup-start]
2020-09-29T12:00:52.324+0200: 114.555: [GC concurrent-cleanup-end, 0.0010374 secs]
2020-09-29T12:00:52.482+0200: 114.713: [GC pause (G1 Evacuation Pause) (young), 0.1727061 secs]
   [Parallel Time: 171.2 ms, GC Workers: 8]
      [GC Worker Start (ms): Min: 114713.2, Avg: 114713.3, Max: 114713.3, Diff: 0.1]
      [Ext Root Scanning (ms): Min: 0.0, Avg: 0.1, Max: 0.1, Diff: 0.1, Sum: 0.5]
      [Update RS (ms): Min: 15.0, Avg: 15.3, Max: 15.5, Diff: 0.5, Sum: 122.1]
         [Processed Buffers: Min: 17, Avg: 19.0, Max: 21, Diff: 4, Sum: 152]
      [Scan RS (ms): Min: 14.1, Avg: 14.5, Max: 14.6, Diff: 0.5, Sum: 115.6]
      [Code Root Scanning (ms): Min: 0.0, Avg: 0.0, Max: 0.0, Diff: 0.0, Sum: 0.0]
      [Object Copy (ms): Min: 140.9, Avg: 141.1, Max: 141.2, Diff: 0.3, Sum: 1128.4]
      [Termination (ms): Min: 0.1, Avg: 0.1, Max: 0.2, Diff: 0.2, Sum: 1.2]
         [Termination Attempts: Min: 1, Avg: 937.0, Max: 1315, Diff: 1314, Sum: 7496]
      [GC Worker Other (ms): Min: 0.0, Avg: 0.0, Max: 0.0, Diff: 0.0, Sum: 0.2]
      [GC Worker Total (ms): Min: 171.0, Avg: 171.0, Max: 171.1, Diff: 0.1, Sum: 1368.1]
      [GC Worker End (ms): Min: 114884.3, Avg: 114884.3, Max: 114884.3, Diff: 0.0]
   [Code Root Fixup: 0.0 ms]
   [Code Root Purge: 0.0 ms]
   [Clear CT: 0.3 ms]
   [Other: 1.2 ms]
      [Choose CSet: 0.0 ms]
      [Ref Proc: 0.3 ms]
      [Ref Enq: 0.0 ms]
      [Redirty Cards: 0.5 ms]
      [Humongous Register: 0.0 ms]
      [Humongous Reclaim: 0.0 ms]
      [Free CSet: 0.2 ms]
   [Eden: 324.0M(324.0M)->0.0B(299.0M) Survivors: 13.0M->43.0M Heap: 398.3M(2048.0M)->386.8M(2048.0M)]
 [Times: user=1.23 sys=0.02, real=0.17 secs] 
2020-09-29T12:00:52.810+0200: 115.041: [GC pause (G1 Evacuation Pause) (young), 0.1744270 secs]
   [Parallel Time: 173.2 ms, GC Workers: 8]
      [GC Worker Start (ms): Min: 115040.9, Avg: 115040.9, Max: 115041.0, Diff: 0.1]
      [Ext Root Scanning (ms): Min: 0.0, Avg: 0.1, Max: 0.1, Diff: 0.1, Sum: 0.5]
      [Update RS (ms): Min: 13.0, Avg: 13.1, Max: 13.7, Diff: 0.7, Sum: 104.7]
         [Processed Buffers: Min: 13, Avg: 14.9, Max: 17, Diff: 4, Sum: 119]
      [Scan RS (ms): Min: 24.9, Avg: 28.6, Max: 50.8, Diff: 25.9, Sum: 228.9]
      [Code Root Scanning (ms): Min: 0.0, Avg: 0.0, Max: 0.0, Diff: 0.0, Sum: 0.0]
      [Object Copy (ms): Min: 109.2, Avg: 131.2, Max: 134.4, Diff: 25.2, Sum: 1049.7]
      [Termination (ms): Min: 0.0, Avg: 0.0, Max: 0.0, Diff: 0.0, Sum: 0.1]
         [Termination Attempts: Min: 1, Avg: 69.6, Max: 90, Diff: 89, Sum: 557]
      [GC Worker Other (ms): Min: 0.0, Avg: 0.0, Max: 0.1, Diff: 0.1, Sum: 0.3]
      [GC Worker Total (ms): Min: 173.0, Avg: 173.0, Max: 173.1, Diff: 0.1, Sum: 1384.2]
      [GC Worker End (ms): Min: 115213.9, Avg: 115214.0, Max: 115214.0, Diff: 0.1]
   [Code Root Fixup: 0.0 ms]
   [Code Root Purge: 0.0 ms]
   [Clear CT: 0.3 ms]
   [Other: 0.9 ms]
      [Choose CSet: 0.0 ms]
      [Ref Proc: 0.1 ms]
      [Ref Enq: 0.0 ms]
      [Redirty Cards: 0.3 ms]
      [Humongous Register: 0.0 ms]
      [Humongous Reclaim: 0.0 ms]
      [Free CSet: 0.3 ms]
   [Eden: 299.0M(299.0M)->0.0B(282.0M) Survivors: 43.0M->43.0M Heap: 735.4M(2048.0M)->737.4M(2048.0M)]
 [Times: user=1.28 sys=0.05, real=0.17 secs] 
2020-09-29T12:00:53.130+0200: 115.362: [GC pause (G1 Evacuation Pause) (young), 0.1583533 secs]
   [Parallel Time: 157.3 ms, GC Workers: 8]
      [GC Worker Start (ms): Min: 115362.0, Avg: 115362.1, Max: 115362.1, Diff: 0.1]
      [Ext Root Scanning (ms): Min: 0.0, Avg: 0.1, Max: 0.1, Diff: 0.1, Sum: 0.6]
      [Update RS (ms): Min: 18.4, Avg: 18.5, Max: 18.6, Diff: 0.2, Sum: 147.7]
         [Processed Buffers: Min: 19, Avg: 22.6, Max: 26, Diff: 7, Sum: 181]
      [Scan RS (ms): Min: 13.3, Avg: 13.4, Max: 13.5, Diff: 0.2, Sum: 107.4]
      [Code Root Scanning (ms): Min: 0.0, Avg: 0.0, Max: 0.0, Diff: 0.0, Sum: 0.0]
      [Object Copy (ms): Min: 125.0, Avg: 125.0, Max: 125.1, Diff: 0.1, Sum: 1000.1]
      [Termination (ms): Min: 0.0, Avg: 0.1, Max: 0.1, Diff: 0.1, Sum: 0.6]
         [Termination Attempts: Min: 1, Avg: 573.0, Max: 718, Diff: 717, Sum: 4584]
      [GC Worker Other (ms): Min: 0.0, Avg: 0.1, Max: 0.1, Diff: 0.1, Sum: 0.4]
      [GC Worker Total (ms): Min: 157.0, Avg: 157.1, Max: 157.2, Diff: 0.2, Sum: 1256.9]
      [GC Worker End (ms): Min: 115519.2, Avg: 115519.2, Max: 115519.2, Diff: 0.1]
   [Code Root Fixup: 0.0 ms]
   [Code Root Purge: 0.0 ms]
   [Clear CT: 0.2 ms]
   [Other: 0.8 ms]
      [Choose CSet: 0.0 ms]
      [Ref Proc: 0.2 ms]
      [Ref Enq: 0.0 ms]
      [Redirty Cards: 0.2 ms]
      [Humongous Register: 0.0 ms]
      [Humongous Reclaim: 0.0 ms]
      [Free CSet: 0.2 ms]
   [Eden: 282.0M(282.0M)->0.0B(296.0M) Survivors: 43.0M->41.0M Heap: 1067.1M(2048.0M)->1069.1M(2048.0M)]
 [Times: user=1.19 sys=0.03, real=0.16 secs] 
2020-09-29T12:00:53.306+0200: 115.538: [GC pause (G1 Humongous Allocation) (young) (initial-mark), 0.0684632 secs]
   [Parallel Time: 67.5 ms, GC Workers: 8]
      [GC Worker Start (ms): Min: 115538.1, Avg: 115538.3, Max: 115538.3, Diff: 0.2]
      [Ext Root Scanning (ms): Min: 0.0, Avg: 0.2, Max: 0.5, Diff: 0.5, Sum: 1.6]
      [Update RS (ms): Min: 28.3, Avg: 29.3, Max: 34.2, Diff: 6.0, Sum: 234.6]
         [Processed Buffers: Min: 5, Avg: 31.1, Max: 40, Diff: 35, Sum: 249]
      [Scan RS (ms): Min: 0.0, Avg: 4.5, Max: 8.4, Diff: 8.3, Sum: 36.0]
      [Code Root Scanning (ms): Min: 0.0, Avg: 0.0, Max: 0.0, Diff: 0.0, Sum: 0.0]
      [Object Copy (ms): Min: 30.3, Avg: 33.2, Max: 33.9, Diff: 3.6, Sum: 265.7]
      [Termination (ms): Min: 0.0, Avg: 0.0, Max: 0.1, Diff: 0.1, Sum: 0.4]
         [Termination Attempts: Min: 1, Avg: 312.6, Max: 416, Diff: 415, Sum: 2501]
      [GC Worker Other (ms): Min: 0.0, Avg: 0.0, Max: 0.1, Diff: 0.0, Sum: 0.2]
      [GC Worker Total (ms): Min: 67.2, Avg: 67.3, Max: 67.4, Diff: 0.2, Sum: 538.5]
      [GC Worker End (ms): Min: 115605.6, Avg: 115605.6, Max: 115605.6, Diff: 0.0]
   [Code Root Fixup: 0.0 ms]
   [Code Root Purge: 0.0 ms]
   [Clear CT: 0.2 ms]
   [Other: 0.8 ms]
      [Choose CSet: 0.0 ms]
      [Ref Proc: 0.3 ms]
      [Ref Enq: 0.0 ms]
      [Redirty Cards: 0.1 ms]
      [Humongous Register: 0.0 ms]
      [Humongous Reclaim: 0.0 ms]
      [Free CSet: 0.1 ms]
   [Eden: 11.0M(296.0M)->0.0B(264.0M) Survivors: 41.0M->13.0M Heap: 1080.1M(2048.0M)->1083.6M(2048.0M)]
 [Times: user=0.45 sys=0.00, real=0.07 secs] 
2020-09-29T12:00:53.375+0200: 115.607: [GC concurrent-root-region-scan-start]
2020-09-29T12:00:53.379+0200: 115.610: [GC concurrent-root-region-scan-end, 0.0036480 secs]
2020-09-29T12:00:53.379+0200: 115.610: [GC concurrent-mark-start]
2020-09-29T12:00:53.381+0200: 115.613: [GC concurrent-mark-end, 0.0024414 secs]
2020-09-29T12:00:53.381+0200: 115.613: [GC remark 2020-09-29T12:00:53.381+0200: 115.613: [Finalize Marking, 0.0002001 secs] 2020-09-29T12:00:53.382+0200: 115.613: [GC ref-proc, 0.0003129 secs] 2020-09-29T12:00:53.382+0200: 115.614: [Unloading, 0.0004228 secs], 0.0012293 secs]
 [Times: user=0.00 sys=0.00, real=0.00 secs] 
2020-09-29T12:00:53.383+0200: 115.615: [GC cleanup 1096M->31M(2048M), 0.0011797 secs]
 [Times: user=0.00 sys=0.00, real=0.00 secs] 
2020-09-29T12:00:53.384+0200: 115.616: [GC concurrent-cleanup-start]
2020-09-29T12:00:53.386+0200: 115.618: [GC concurrent-cleanup-end, 0.0018673 secs]
2020-09-29T12:00:53.537+0200: 115.768: [GC pause (G1 Evacuation Pause) (young), 0.1378697 secs]
   [Parallel Time: 136.7 ms, GC Workers: 8]
      [GC Worker Start (ms): Min: 115768.6, Avg: 115768.7, Max: 115768.8, Diff: 0.2]
      [Ext Root Scanning (ms): Min: 0.0, Avg: 0.1, Max: 0.2, Diff: 0.2, Sum: 0.5]
      [Update RS (ms): Min: 15.2, Avg: 15.4, Max: 15.5, Diff: 0.3, Sum: 122.8]
         [Processed Buffers: Min: 15, Avg: 18.4, Max: 22, Diff: 7, Sum: 147]
      [Scan RS (ms): Min: 10.3, Avg: 10.5, Max: 10.6, Diff: 0.3, Sum: 84.0]
      [Code Root Scanning (ms): Min: 0.0, Avg: 0.0, Max: 0.0, Diff: 0.0, Sum: 0.0]
      [Object Copy (ms): Min: 110.2, Avg: 110.3, Max: 110.4, Diff: 0.3, Sum: 882.2]
      [Termination (ms): Min: 0.0, Avg: 0.2, Max: 0.3, Diff: 0.3, Sum: 1.3]
         [Termination Attempts: Min: 1, Avg: 1135.3, Max: 1689, Diff: 1688, Sum: 9082]
      [GC Worker Other (ms): Min: 0.0, Avg: 0.0, Max: 0.1, Diff: 0.1, Sum: 0.3]
      [GC Worker Total (ms): Min: 136.3, Avg: 136.4, Max: 136.5, Diff: 0.2, Sum: 1091.2]
      [GC Worker End (ms): Min: 115905.1, Avg: 115905.1, Max: 115905.1, Diff: 0.1]
   [Code Root Fixup: 0.0 ms]
   [Code Root Purge: 0.0 ms]
   [Clear CT: 0.2 ms]
   [Other: 1.0 ms]
      [Choose CSet: 0.0 ms]
      [Ref Proc: 0.2 ms]
      [Ref Enq: 0.0 ms]
      [Redirty Cards: 0.2 ms]
      [Humongous Register: 0.0 ms]
      [Humongous Reclaim: 0.0 ms]
      [Free CSet: 0.3 ms]
   [Eden: 264.0M(264.0M)->0.0B(269.0M) Survivors: 13.0M->35.0M Heap: 328.3M(2048.0M)->318.8M(2048.0M)]
 [Times: user=0.98 sys=0.01, real=0.14 secs] 
2020-09-29T12:00:53.837+0200: 116.069: [GC pause (G1 Evacuation Pause) (young), 0.1955681 secs]
   [Parallel Time: 194.4 ms, GC Workers: 8]
      [GC Worker Start (ms): Min: 116069.2, Avg: 116073.3, Max: 116101.3, Diff: 32.2]
      [Ext Root Scanning (ms): Min: 0.0, Avg: 0.1, Max: 0.2, Diff: 0.1, Sum: 0.6]
      [Update RS (ms): Min: 0.0, Avg: 22.4, Max: 25.8, Diff: 25.8, Sum: 179.0]
         [Processed Buffers: Min: 0, Avg: 20.0, Max: 26, Diff: 26, Sum: 160]
      [Scan RS (ms): Min: 17.2, Avg: 23.5, Max: 28.9, Diff: 11.7, Sum: 188.2]
      [Code Root Scanning (ms): Min: 0.0, Avg: 0.0, Max: 0.0, Diff: 0.0, Sum: 0.0]
      [Object Copy (ms): Min: 139.6, Avg: 144.2, Max: 144.9, Diff: 5.3, Sum: 1153.3]
      [Termination (ms): Min: 0.0, Avg: 0.1, Max: 0.1, Diff: 0.1, Sum: 0.6]
         [Termination Attempts: Min: 1, Avg: 546.4, Max: 686, Diff: 685, Sum: 4371]
      [GC Worker Other (ms): Min: 0.0, Avg: 0.0, Max: 0.1, Diff: 0.0, Sum: 0.3]
      [GC Worker Total (ms): Min: 162.2, Avg: 190.3, Max: 194.3, Diff: 32.1, Sum: 1522.1]
      [GC Worker End (ms): Min: 116263.5, Avg: 116263.5, Max: 116263.6, Diff: 0.0]
   [Code Root Fixup: 0.0 ms]
   [Code Root Purge: 0.0 ms]
   [Clear CT: 0.2 ms]
   [Other: 1.0 ms]
      [Choose CSet: 0.0 ms]
      [Ref Proc: 0.2 ms]
      [Ref Enq: 0.0 ms]
      [Redirty Cards: 0.3 ms]
      [Humongous Register: 0.0 ms]
      [Humongous Reclaim: 0.0 ms]
      [Free CSet: 0.2 ms]
   [Eden: 269.0M(269.0M)->0.0B(240.0M) Survivors: 35.0M->38.0M Heap: 631.6M(2048.0M)->633.6M(2048.0M)]
 [Times: user=1.34 sys=0.05, real=0.20 secs] 
2020-09-29T12:00:54.201+0200: 116.432: [GC pause (G1 Evacuation Pause) (young), 0.1976155 secs]
   [Parallel Time: 196.5 ms, GC Workers: 8]
      [GC Worker Start (ms): Min: 116432.2, Avg: 116432.3, Max: 116432.4, Diff: 0.2]
      [Ext Root Scanning (ms): Min: 0.0, Avg: 0.1, Max: 0.1, Diff: 0.1, Sum: 0.7]
      [Update RS (ms): Min: 18.6, Avg: 18.9, Max: 19.9, Diff: 1.3, Sum: 151.5]
         [Processed Buffers: Min: 2, Avg: 18.6, Max: 25, Diff: 23, Sum: 149]
      [Scan RS (ms): Min: 11.2, Avg: 12.3, Max: 12.9, Diff: 1.7, Sum: 98.4]
      [Code Root Scanning (ms): Min: 0.0, Avg: 0.0, Max: 0.0, Diff: 0.0, Sum: 0.0]
      [Object Copy (ms): Min: 164.6, Avg: 164.7, Max: 165.0, Diff: 0.3, Sum: 1317.7]
      [Termination (ms): Min: 0.0, Avg: 0.3, Max: 0.4, Diff: 0.4, Sum: 2.4]
         [Termination Attempts: Min: 1, Avg: 1940.4, Max: 2951, Diff: 2950, Sum: 15523]
      [GC Worker Other (ms): Min: 0.0, Avg: 0.0, Max: 0.0, Diff: 0.0, Sum: 0.1]
      [GC Worker Total (ms): Min: 196.3, Avg: 196.3, Max: 196.4, Diff: 0.1, Sum: 1570.8]
      [GC Worker End (ms): Min: 116628.6, Avg: 116628.6, Max: 116628.6, Diff: 0.0]
   [Code Root Fixup: 0.0 ms]
   [Code Root Purge: 0.0 ms]
   [Clear CT: 0.1 ms]
   [Other: 0.9 ms]
      [Choose CSet: 0.0 ms]
      [Ref Proc: 0.2 ms]
      [Ref Enq: 0.0 ms]
      [Redirty Cards: 0.2 ms]
      [Humongous Register: 0.1 ms]
      [Humongous Reclaim: 0.0 ms]
      [Free CSet: 0.3 ms]
   [Eden: 240.0M(240.0M)->0.0B(225.0M) Survivors: 38.0M->35.0M Heap: 913.7M(2048.0M)->915.7M(2048.0M)]
 [Times: user=1.36 sys=0.00, real=0.20 secs] 
2020-09-29T12:00:54.536+0200: 116.767: [GC pause (G1 Humongous Allocation) (young) (initial-mark), 0.1953303 secs]
   [Parallel Time: 194.2 ms, GC Workers: 8]
      [GC Worker Start (ms): Min: 116767.3, Avg: 116767.4, Max: 116767.5, Diff: 0.2]
      [Ext Root Scanning (ms): Min: 0.0, Avg: 4.1, Max: 31.4, Diff: 31.4, Sum: 33.0]
      [Update RS (ms): Min: 0.0, Avg: 19.7, Max: 22.8, Diff: 22.8, Sum: 157.4]
         [Processed Buffers: Min: 0, Avg: 19.3, Max: 23, Diff: 23, Sum: 154]
      [Scan RS (ms): Min: 1.6, Avg: 9.3, Max: 10.7, Diff: 9.1, Sum: 74.3]
      [Code Root Scanning (ms): Min: 0.0, Avg: 0.0, Max: 0.0, Diff: 0.0, Sum: 0.0]
      [Object Copy (ms): Min: 159.1, Avg: 159.8, Max: 160.8, Diff: 1.7, Sum: 1278.2]
      [Termination (ms): Min: 0.0, Avg: 1.1, Max: 1.7, Diff: 1.7, Sum: 8.7]
         [Termination Attempts: Min: 1, Avg: 6512.3, Max: 7910, Diff: 7909, Sum: 52098]
      [GC Worker Other (ms): Min: 0.0, Avg: 0.1, Max: 0.1, Diff: 0.1, Sum: 0.4]
      [GC Worker Total (ms): Min: 193.9, Avg: 194.0, Max: 194.1, Diff: 0.2, Sum: 1552.1]
      [GC Worker End (ms): Min: 116961.4, Avg: 116961.4, Max: 116961.4, Diff: 0.1]
   [Code Root Fixup: 0.0 ms]
   [Code Root Purge: 0.0 ms]
   [Clear CT: 0.2 ms]
   [Other: 1.0 ms]
      [Choose CSet: 0.0 ms]
      [Ref Proc: 0.2 ms]
      [Ref Enq: 0.0 ms]
      [Redirty Cards: 0.2 ms]
      [Humongous Register: 0.0 ms]
      [Humongous Reclaim: 0.0 ms]
      [Free CSet: 0.2 ms]
   [Eden: 200.0M(225.0M)->0.0B(205.0M) Survivors: 35.0M->33.0M Heap: 1148.1M(2048.0M)->1150.1M(2048.0M)]
 [Times: user=1.42 sys=0.00, real=0.19 secs] 
2020-09-29T12:00:54.731+0200: 116.963: [GC concurrent-root-region-scan-start]
2020-09-29T12:00:54.744+0200: 116.975: [GC concurrent-root-region-scan-end, 0.0123771 secs]
2020-09-29T12:00:54.744+0200: 116.975: [GC concurrent-mark-start]
2020-09-29T12:00:54.748+0200: 116.979: [GC concurrent-mark-end, 0.0031827 secs]
2020-09-29T12:00:54.749+0200: 116.981: [GC remark 2020-09-29T12:00:54.749+0200: 116.981: [Finalize Marking, 0.0001685 secs] 2020-09-29T12:00:54.749+0200: 116.981: [GC ref-proc, 0.0004429 secs] 2020-09-29T12:00:54.750+0200: 116.981: [Unloading, 0.0004120 secs], 0.0014600 secs]
 [Times: user=0.00 sys=0.00, real=0.00 secs] 
2020-09-29T12:00:54.751+0200: 116.982: [GC cleanup 1184M->73M(2048M), 0.0016595 secs]
 [Times: user=0.00 sys=0.00, real=0.00 secs] 
2020-09-29T12:00:54.753+0200: 116.984: [GC concurrent-cleanup-start]
2020-09-29T12:00:54.755+0200: 116.987: [GC concurrent-cleanup-end, 0.0025415 secs]
2020-09-29T12:00:54.895+0200: 117.126: [GC pause (G1 Evacuation Pause) (young), 0.1097379 secs]
   [Parallel Time: 108.6 ms, GC Workers: 8]
      [GC Worker Start (ms): Min: 117126.7, Avg: 117126.7, Max: 117126.8, Diff: 0.2]
      [Ext Root Scanning (ms): Min: 0.0, Avg: 0.1, Max: 0.1, Diff: 0.1, Sum: 0.7]
      [Update RS (ms): Min: 20.6, Avg: 21.3, Max: 22.9, Diff: 2.2, Sum: 170.3]
         [Processed Buffers: Min: 17, Avg: 20.6, Max: 23, Diff: 6, Sum: 165]
      [Scan RS (ms): Min: 3.8, Avg: 5.3, Max: 6.0, Diff: 2.2, Sum: 42.5]
      [Code Root Scanning (ms): Min: 0.0, Avg: 0.0, Max: 0.0, Diff: 0.0, Sum: 0.0]
      [Object Copy (ms): Min: 81.6, Avg: 81.7, Max: 81.7, Diff: 0.1, Sum: 653.2]
      [Termination (ms): Min: 0.0, Avg: 0.0, Max: 0.0, Diff: 0.0, Sum: 0.2]
         [Termination Attempts: Min: 1, Avg: 137.3, Max: 191, Diff: 190, Sum: 1098]
      [GC Worker Other (ms): Min: 0.0, Avg: 0.0, Max: 0.1, Diff: 0.0, Sum: 0.3]
      [GC Worker Total (ms): Min: 108.3, Avg: 108.4, Max: 108.5, Diff: 0.2, Sum: 867.1]
      [GC Worker End (ms): Min: 117235.1, Avg: 117235.1, Max: 117235.2, Diff: 0.0]
   [Code Root Fixup: 0.0 ms]
   [Code Root Purge: 0.0 ms]
   [Clear CT: 0.1 ms]
   [Other: 1.0 ms]
      [Choose CSet: 0.0 ms]
      [Ref Proc: 0.2 ms]
      [Ref Enq: 0.0 ms]
      [Redirty Cards: 0.2 ms]
      [Humongous Register: 0.1 ms]
      [Humongous Reclaim: 0.0 ms]
      [Free CSet: 0.2 ms]
   [Eden: 205.0M(205.0M)->0.0B(243.0M) Survivors: 33.0M->30.0M Heap: 278.3M(2048.0M)->247.8M(2048.0M)]
 [Times: user=0.75 sys=0.02, real=0.11 secs] 
2020-09-29T12:00:55.170+0200: 117.401: [GC pause (G1 Evacuation Pause) (young), 0.1397795 secs]
   [Parallel Time: 138.6 ms, GC Workers: 8]
      [GC Worker Start (ms): Min: 117401.2, Avg: 117402.2, Max: 117403.8, Diff: 2.7]
      [Ext Root Scanning (ms): Min: 0.0, Avg: 0.1, Max: 0.1, Diff: 0.1, Sum: 0.6]
      [Update RS (ms): Min: 17.3, Avg: 19.0, Max: 20.1, Diff: 2.8, Sum: 151.6]
         [Processed Buffers: Min: 19, Avg: 21.8, Max: 25, Diff: 6, Sum: 174]
      [Scan RS (ms): Min: 9.3, Avg: 9.6, Max: 9.7, Diff: 0.3, Sum: 76.6]
      [Code Root Scanning (ms): Min: 0.0, Avg: 0.0, Max: 0.0, Diff: 0.0, Sum: 0.0]
      [Object Copy (ms): Min: 108.8, Avg: 108.8, Max: 108.9, Diff: 0.2, Sum: 870.5]
      [Termination (ms): Min: 0.0, Avg: 0.1, Max: 0.1, Diff: 0.1, Sum: 0.6]
         [Termination Attempts: Min: 1, Avg: 498.8, Max: 604, Diff: 603, Sum: 3990]
      [GC Worker Other (ms): Min: 0.0, Avg: 0.0, Max: 0.1, Diff: 0.1, Sum: 0.3]
      [GC Worker Total (ms): Min: 135.9, Avg: 137.5, Max: 138.6, Diff: 2.7, Sum: 1100.2]
      [GC Worker End (ms): Min: 117539.7, Avg: 117539.7, Max: 117539.7, Diff: 0.1]
   [Code Root Fixup: 0.0 ms]
   [Code Root Purge: 0.0 ms]
   [Clear CT: 0.2 ms]
   [Other: 1.0 ms]
      [Choose CSet: 0.0 ms]
      [Ref Proc: 0.2 ms]
      [Ref Enq: 0.0 ms]
      [Redirty Cards: 0.2 ms]
      [Humongous Register: 0.1 ms]
      [Humongous Reclaim: 0.0 ms]
      [Free CSet: 0.2 ms]
   [Eden: 243.0M(243.0M)->0.0B(259.0M) Survivors: 30.0M->35.0M Heap: 532.8M(2048.0M)->534.8M(2048.0M)]
 [Times: user=1.13 sys=0.00, real=0.14 secs] 
2020-09-29T12:00:55.494+0200: 117.725: [GC pause (G1 Evacuation Pause) (young), 0.2656896 secs]
   [Parallel Time: 264.4 ms, GC Workers: 8]
      [GC Worker Start (ms): Min: 117725.6, Avg: 117725.7, Max: 117725.8, Diff: 0.2]
      [Ext Root Scanning (ms): Min: 0.0, Avg: 0.1, Max: 0.2, Diff: 0.2, Sum: 0.7]
      [Update RS (ms): Min: 30.3, Avg: 30.5, Max: 30.9, Diff: 0.7, Sum: 244.4]
         [Processed Buffers: Min: 22, Avg: 24.8, Max: 28, Diff: 6, Sum: 198]
      [Scan RS (ms): Min: 15.0, Avg: 17.7, Max: 32.9, Diff: 17.9, Sum: 141.3]
      [Code Root Scanning (ms): Min: 0.0, Avg: 0.0, Max: 0.0, Diff: 0.0, Sum: 0.0]
      [Object Copy (ms): Min: 200.3, Avg: 215.5, Max: 217.8, Diff: 17.5, Sum: 1724.1]
      [Termination (ms): Min: 0.0, Avg: 0.3, Max: 0.5, Diff: 0.4, Sum: 2.3]
         [Termination Attempts: Min: 1, Avg: 1340.6, Max: 1940, Diff: 1939, Sum: 10725]
      [GC Worker Other (ms): Min: 0.0, Avg: 0.0, Max: 0.0, Diff: 0.0, Sum: 0.1]
      [GC Worker Total (ms): Min: 264.0, Avg: 264.1, Max: 264.2, Diff: 0.2, Sum: 2112.9]
      [GC Worker End (ms): Min: 117989.8, Avg: 117989.8, Max: 117989.9, Diff: 0.0]
   [Code Root Fixup: 0.0 ms]
   [Code Root Purge: 0.0 ms]
   [Clear CT: 0.2 ms]
   [Other: 1.1 ms]
      [Choose CSet: 0.0 ms]
      [Ref Proc: 0.2 ms]
      [Ref Enq: 0.0 ms]
      [Redirty Cards: 0.2 ms]
      [Humongous Register: 0.1 ms]
      [Humongous Reclaim: 0.0 ms]
      [Free CSet: 0.3 ms]
   [Eden: 259.0M(259.0M)->0.0B(197.0M) Survivors: 35.0M->37.0M Heap: 835.8M(2048.0M)->837.8M(2048.0M)]
 [Times: user=1.86 sys=0.00, real=0.27 secs] 
2020-09-29T12:00:55.960+0200: 118.191: [GC pause (G1 Evacuation Pause) (young), 0.2150498 secs]
   [Parallel Time: 213.8 ms, GC Workers: 8]
      [GC Worker Start (ms): Min: 118191.6, Avg: 118196.0, Max: 118223.8, Diff: 32.2]
      [Ext Root Scanning (ms): Min: 0.0, Avg: 0.1, Max: 0.2, Diff: 0.2, Sum: 0.8]
      [Update RS (ms): Min: 0.0, Avg: 23.9, Max: 28.1, Diff: 28.1, Sum: 191.2]
         [Processed Buffers: Min: 0, Avg: 19.1, Max: 23, Diff: 23, Sum: 153]
      [Scan RS (ms): Min: 8.3, Avg: 13.4, Max: 22.7, Diff: 14.4, Sum: 107.4]
      [Code Root Scanning (ms): Min: 0.0, Avg: 0.0, Max: 0.0, Diff: 0.0, Sum: 0.0]
      [Object Copy (ms): Min: 162.5, Avg: 171.7, Max: 173.2, Diff: 10.7, Sum: 1373.9]
      [Termination (ms): Min: 0.0, Avg: 0.2, Max: 0.2, Diff: 0.2, Sum: 1.3]
         [Termination Attempts: Min: 1, Avg: 834.5, Max: 1037, Diff: 1036, Sum: 6676]
      [GC Worker Other (ms): Min: 0.0, Avg: 0.0, Max: 0.1, Diff: 0.1, Sum: 0.3]
      [GC Worker Total (ms): Min: 181.6, Avg: 209.4, Max: 213.7, Diff: 32.2, Sum: 1674.9]
      [GC Worker End (ms): Min: 118405.3, Avg: 118405.4, Max: 118405.4, Diff: 0.0]
   [Code Root Fixup: 0.0 ms]
   [Code Root Purge: 0.0 ms]
   [Clear CT: 0.2 ms]
   [Other: 1.0 ms]
      [Choose CSet: 0.0 ms]
      [Ref Proc: 0.2 ms]
      [Ref Enq: 0.0 ms]
      [Redirty Cards: 0.2 ms]
      [Humongous Register: 0.1 ms]
      [Humongous Reclaim: 0.0 ms]
      [Free CSet: 0.3 ms]
   [Eden: 197.0M(197.0M)->0.0B(180.0M) Survivors: 37.0M->30.0M Heap: 1067.2M(2048.0M)->1069.7M(2048.0M)]
 [Times: user=1.52 sys=0.00, real=0.22 secs] 
2020-09-29T12:00:56.182+0200: 118.413: [GC pause (G1 Humongous Allocation) (young) (initial-mark), 0.0571935 secs]
   [Parallel Time: 56.1 ms, GC Workers: 8]
      [GC Worker Start (ms): Min: 118413.5, Avg: 118413.6, Max: 118413.7, Diff: 0.2]
      [Ext Root Scanning (ms): Min: 0.0, Avg: 0.2, Max: 0.3, Diff: 0.3, Sum: 1.5]
      [Update RS (ms): Min: 34.2, Avg: 34.5, Max: 34.8, Diff: 0.6, Sum: 275.9]
         [Processed Buffers: Min: 30, Avg: 31.3, Max: 33, Diff: 3, Sum: 250]
      [Scan RS (ms): Min: 1.4, Avg: 1.7, Max: 2.1, Diff: 0.7, Sum: 13.7]
      [Code Root Scanning (ms): Min: 0.0, Avg: 0.0, Max: 0.0, Diff: 0.0, Sum: 0.0]
      [Object Copy (ms): Min: 19.4, Avg: 19.4, Max: 19.5, Diff: 0.1, Sum: 155.6]
      [Termination (ms): Min: 0.0, Avg: 0.0, Max: 0.1, Diff: 0.1, Sum: 0.3]
         [Termination Attempts: Min: 1, Avg: 195.1, Max: 270, Diff: 269, Sum: 1561]
      [GC Worker Other (ms): Min: 0.0, Avg: 0.0, Max: 0.0, Diff: 0.0, Sum: 0.1]
      [GC Worker Total (ms): Min: 55.7, Avg: 55.9, Max: 56.0, Diff: 0.2, Sum: 447.0]
      [GC Worker End (ms): Min: 118469.4, Avg: 118469.4, Max: 118469.5, Diff: 0.0]
   [Code Root Fixup: 0.0 ms]
   [Code Root Purge: 0.0 ms]
   [Clear CT: 0.2 ms]
   [Other: 0.8 ms]
      [Choose CSet: 0.0 ms]
      [Ref Proc: 0.2 ms]
      [Ref Enq: 0.0 ms]
      [Redirty Cards: 0.2 ms]
      [Humongous Register: 0.1 ms]
      [Humongous Reclaim: 0.0 ms]
      [Free CSet: 0.1 ms]
   [Eden: 1024.0K(180.0M)->0.0B(239.0M) Survivors: 30.0M->2048.0K Heap: 1070.2M(2048.0M)->1073.7M(2048.0M)]
 [Times: user=0.39 sys=0.00, real=0.06 secs] 
2020-09-29T12:00:56.240+0200: 118.471: [GC concurrent-root-region-scan-start]
2020-09-29T12:00:56.240+0200: 118.471: [GC concurrent-root-region-scan-end, 0.0002166 secs]
2020-09-29T12:00:56.240+0200: 118.471: [GC concurrent-mark-start]
2020-09-29T12:00:56.244+0200: 118.475: [GC concurrent-mark-end, 0.0039775 secs]
2020-09-29T12:00:56.244+0200: 118.475: [GC remark 2020-09-29T12:00:56.244+0200: 118.475: [Finalize Marking, 0.0001877 secs] 2020-09-29T12:00:56.244+0200: 118.475: [GC ref-proc, 0.0005173 secs] 2020-09-29T12:00:56.245+0200: 118.476: [Unloading, 0.0005991 secs], 0.0019193 secs]
 [Times: user=0.00 sys=0.00, real=0.00 secs] 
2020-09-29T12:00:56.247+0200: 118.478: [GC cleanup 1081M->15M(2048M), 0.0025168 secs]
 [Times: user=0.00 sys=0.00, real=0.00 secs] 
2020-09-29T12:00:56.249+0200: 118.480: [GC concurrent-cleanup-start]
2020-09-29T12:00:56.251+0200: 118.483: [GC concurrent-cleanup-end, 0.0023260 secs]
2020-09-29T12:00:56.443+0200: 118.674: [GC pause (G1 Evacuation Pause) (young), 0.1984629 secs]
   [Parallel Time: 197.1 ms, GC Workers: 8]
      [GC Worker Start (ms): Min: 118674.2, Avg: 118674.3, Max: 118674.5, Diff: 0.2]
      [Ext Root Scanning (ms): Min: 0.0, Avg: 0.1, Max: 0.2, Diff: 0.2, Sum: 0.8]
      [Update RS (ms): Min: 22.5, Avg: 23.9, Max: 27.9, Diff: 5.4, Sum: 191.5]
         [Processed Buffers: Min: 5, Avg: 15.8, Max: 20, Diff: 15, Sum: 126]
      [Scan RS (ms): Min: 10.0, Avg: 14.0, Max: 15.4, Diff: 5.4, Sum: 112.4]
      [Code Root Scanning (ms): Min: 0.0, Avg: 0.0, Max: 0.0, Diff: 0.0, Sum: 0.0]
      [Object Copy (ms): Min: 158.7, Avg: 158.7, Max: 158.8, Diff: 0.1, Sum: 1269.8]
      [Termination (ms): Min: 0.0, Avg: 0.0, Max: 0.1, Diff: 0.1, Sum: 0.3]
         [Termination Attempts: Min: 1, Avg: 137.9, Max: 174, Diff: 173, Sum: 1103]
      [GC Worker Other (ms): Min: 0.0, Avg: 0.1, Max: 0.1, Diff: 0.1, Sum: 0.4]
      [GC Worker Total (ms): Min: 196.8, Avg: 196.9, Max: 197.0, Diff: 0.2, Sum: 1575.1]
      [GC Worker End (ms): Min: 118871.2, Avg: 118871.2, Max: 118871.3, Diff: 0.1]
   [Code Root Fixup: 0.0 ms]
   [Code Root Purge: 0.0 ms]
   [Clear CT: 0.2 ms]
   [Other: 1.1 ms]
      [Choose CSet: 0.0 ms]
      [Ref Proc: 0.2 ms]
      [Ref Enq: 0.0 ms]
      [Redirty Cards: 0.3 ms]
      [Humongous Register: 0.1 ms]
      [Humongous Reclaim: 0.0 ms]
      [Free CSet: 0.3 ms]
   [Eden: 239.0M(239.0M)->0.0B(190.0M) Survivors: 2048.0K->31.0M Heap: 286.6M(2048.0M)->287.1M(2048.0M)]
 [Times: user=1.38 sys=0.00, real=0.20 secs] 
2020-09-29T12:00:56.799+0200: 119.031: [GC pause (G1 Evacuation Pause) (young), 0.1648452 secs]
   [Parallel Time: 163.4 ms, GC Workers: 8]
      [GC Worker Start (ms): Min: 119030.6, Avg: 119030.7, Max: 119030.8, Diff: 0.2]
      [Ext Root Scanning (ms): Min: 0.0, Avg: 0.1, Max: 0.2, Diff: 0.2, Sum: 0.7]
      [Update RS (ms): Min: 15.3, Avg: 15.6, Max: 15.8, Diff: 0.5, Sum: 124.4]
         [Processed Buffers: Min: 11, Avg: 13.3, Max: 16, Diff: 5, Sum: 106]
      [Scan RS (ms): Min: 13.8, Avg: 14.0, Max: 14.3, Diff: 0.5, Sum: 112.3]
      [Code Root Scanning (ms): Min: 0.0, Avg: 0.0, Max: 0.0, Diff: 0.0, Sum: 0.0]
      [Object Copy (ms): Min: 133.4, Avg: 133.5, Max: 133.5, Diff: 0.1, Sum: 1067.7]
      [Termination (ms): Min: 0.0, Avg: 0.0, Max: 0.0, Diff: 0.0, Sum: 0.1]
         [Termination Attempts: Min: 1, Avg: 44.3, Max: 61, Diff: 60, Sum: 354]
      [GC Worker Other (ms): Min: 0.0, Avg: 0.0, Max: 0.1, Diff: 0.0, Sum: 0.3]
      [GC Worker Total (ms): Min: 163.1, Avg: 163.2, Max: 163.3, Diff: 0.2, Sum: 1305.4]
      [GC Worker End (ms): Min: 119193.9, Avg: 119193.9, Max: 119193.9, Diff: 0.0]
   [Code Root Fixup: 0.0 ms]
   [Code Root Purge: 0.0 ms]
   [Clear CT: 0.2 ms]
   [Other: 1.2 ms]
      [Choose CSet: 0.0 ms]
      [Ref Proc: 0.3 ms]
      [Ref Enq: 0.0 ms]
      [Redirty Cards: 0.3 ms]
      [Humongous Register: 0.0 ms]
      [Humongous Reclaim: 0.0 ms]
      [Free CSet: 0.3 ms]
   [Eden: 190.0M(190.0M)->0.0B(191.0M) Survivors: 31.0M->28.0M Heap: 509.5M(2048.0M)->511.5M(2048.0M)]
 [Times: user=1.28 sys=0.00, real=0.17 secs] 
2020-09-29T12:00:57.119+0200: 119.350: [GC pause (G1 Evacuation Pause) (young), 0.1582264 secs]
   [Parallel Time: 156.8 ms, GC Workers: 8]
      [GC Worker Start (ms): Min: 119350.5, Avg: 119351.1, Max: 119353.1, Diff: 2.7]
      [Ext Root Scanning (ms): Min: 0.0, Avg: 0.1, Max: 0.2, Diff: 0.2, Sum: 0.8]
      [Update RS (ms): Min: 16.3, Avg: 18.3, Max: 18.9, Diff: 2.6, Sum: 146.0]
         [Processed Buffers: Min: 13, Avg: 16.4, Max: 19, Diff: 6, Sum: 131]
      [Scan RS (ms): Min: 11.3, Avg: 11.8, Max: 12.0, Diff: 0.7, Sum: 94.7]
      [Code Root Scanning (ms): Min: 0.0, Avg: 0.0, Max: 0.0, Diff: 0.0, Sum: 0.0]
      [Object Copy (ms): Min: 125.7, Avg: 125.8, Max: 125.9, Diff: 0.2, Sum: 1006.1]
      [Termination (ms): Min: 0.0, Avg: 0.1, Max: 0.1, Diff: 0.1, Sum: 0.4]
         [Termination Attempts: Min: 1, Avg: 258.8, Max: 324, Diff: 323, Sum: 2070]
      [GC Worker Other (ms): Min: 0.0, Avg: 0.0, Max: 0.1, Diff: 0.0, Sum: 0.3]
      [GC Worker Total (ms): Min: 154.0, Avg: 156.0, Max: 156.7, Diff: 2.7, Sum: 1248.3]
      [GC Worker End (ms): Min: 119507.2, Avg: 119507.2, Max: 119507.2, Diff: 0.0]
   [Code Root Fixup: 0.0 ms]
   [Code Root Purge: 0.0 ms]
   [Clear CT: 0.2 ms]
   [Other: 1.2 ms]
      [Choose CSet: 0.0 ms]
      [Ref Proc: 0.2 ms]
      [Ref Enq: 0.0 ms]
      [Redirty Cards: 0.4 ms]
      [Humongous Register: 0.1 ms]
      [Humongous Reclaim: 0.0 ms]
      [Free CSet: 0.2 ms]
   [Eden: 191.0M(191.0M)->0.0B(200.0M) Survivors: 28.0M->28.0M Heap: 734.9M(2048.0M)->736.4M(2048.0M)]
 [Times: user=1.25 sys=0.00, real=0.16 secs] 
2020-09-29T12:00:57.448+0200: 119.680: [GC pause (G1 Evacuation Pause) (young), 0.1827268 secs]
   [Parallel Time: 180.5 ms, GC Workers: 8]
      [GC Worker Start (ms): Min: 119680.2, Avg: 119681.4, Max: 119684.8, Diff: 4.7]
      [Ext Root Scanning (ms): Min: 0.0, Avg: 0.1, Max: 0.2, Diff: 0.2, Sum: 0.7]
      [Update RS (ms): Min: 19.6, Avg: 23.1, Max: 24.6, Diff: 5.0, Sum: 185.2]
         [Processed Buffers: Min: 10, Avg: 18.1, Max: 23, Diff: 13, Sum: 145]
      [Scan RS (ms): Min: 13.4, Avg: 15.3, Max: 25.7, Diff: 12.3, Sum: 122.7]
      [Code Root Scanning (ms): Min: 0.0, Avg: 0.0, Max: 0.0, Diff: 0.0, Sum: 0.0]
      [Object Copy (ms): Min: 129.9, Avg: 140.5, Max: 142.5, Diff: 12.6, Sum: 1124.1]
      [Termination (ms): Min: 0.0, Avg: 0.0, Max: 0.1, Diff: 0.1, Sum: 0.3]
         [Termination Attempts: Min: 1, Avg: 158.1, Max: 231, Diff: 230, Sum: 1265]
      [GC Worker Other (ms): Min: 0.0, Avg: 0.0, Max: 0.1, Diff: 0.0, Sum: 0.3]
      [GC Worker Total (ms): Min: 175.7, Avg: 179.2, Max: 180.4, Diff: 4.7, Sum: 1433.3]
      [GC Worker End (ms): Min: 119860.5, Avg: 119860.5, Max: 119860.6, Diff: 0.0]
   [Code Root Fixup: 0.0 ms]
   [Code Root Purge: 0.0 ms]
   [Clear CT: 1.0 ms]
   [Other: 1.2 ms]
      [Choose CSet: 0.0 ms]
      [Ref Proc: 0.3 ms]
      [Ref Enq: 0.0 ms]
      [Redirty Cards: 0.3 ms]
      [Humongous Register: 0.1 ms]
      [Humongous Reclaim: 0.0 ms]
      [Free CSet: 0.2 ms]
   [Eden: 200.0M(200.0M)->0.0B(195.0M) Survivors: 28.0M->29.0M Heap: 968.8M(2048.0M)->970.8M(2048.0M)]
 [Times: user=1.26 sys=0.02, real=0.18 secs] 
2020-09-29T12:00:57.645+0200: 119.876: [GC pause (G1 Humongous Allocation) (young) (initial-mark), 0.0543141 secs]
   [Parallel Time: 53.2 ms, GC Workers: 8]
      [GC Worker Start (ms): Min: 119876.6, Avg: 119876.6, Max: 119876.8, Diff: 0.2]
      [Ext Root Scanning (ms): Min: 0.0, Avg: 0.2, Max: 0.8, Diff: 0.7, Sum: 1.8]
      [Update RS (ms): Min: 25.9, Avg: 26.3, Max: 27.3, Diff: 1.4, Sum: 210.4]
         [Processed Buffers: Min: 22, Avg: 24.1, Max: 26, Diff: 4, Sum: 193]
      [Scan RS (ms): Min: 2.3, Avg: 2.6, Max: 3.0, Diff: 0.7, Sum: 21.0]
      [Code Root Scanning (ms): Min: 0.0, Avg: 0.0, Max: 0.0, Diff: 0.0, Sum: 0.0]
      [Object Copy (ms): Min: 23.1, Avg: 23.8, Max: 23.9, Diff: 0.8, Sum: 190.1]
      [Termination (ms): Min: 0.0, Avg: 0.0, Max: 0.0, Diff: 0.0, Sum: 0.1]
         [Termination Attempts: Min: 1, Avg: 56.1, Max: 83, Diff: 82, Sum: 449]
      [GC Worker Other (ms): Min: 0.0, Avg: 0.0, Max: 0.0, Diff: 0.0, Sum: 0.2]
      [GC Worker Total (ms): Min: 52.8, Avg: 53.0, Max: 53.0, Diff: 0.2, Sum: 423.6]
      [GC Worker End (ms): Min: 119929.6, Avg: 119929.6, Max: 119929.6, Diff: 0.0]
   [Code Root Fixup: 0.0 ms]
   [Code Root Purge: 0.0 ms]
   [Clear CT: 0.3 ms]
   [Other: 0.9 ms]
      [Choose CSet: 0.0 ms]
      [Ref Proc: 0.2 ms]
      [Ref Enq: 0.0 ms]
      [Redirty Cards: 0.2 ms]
      [Humongous Register: 0.1 ms]
      [Humongous Reclaim: 0.0 ms]
      [Free CSet: 0.1 ms]
   [Eden: 5120.0K(195.0M)->0.0B(222.0M) Survivors: 29.0M->6144.0K Heap: 975.3M(2048.0M)->978.8M(2048.0M)]
 [Times: user=0.38 sys=0.00, real=0.05 secs] 
2020-09-29T12:00:57.699+0200: 119.931: [GC concurrent-root-region-scan-start]
2020-09-29T12:00:57.702+0200: 119.934: [GC concurrent-root-region-scan-end, 0.0030691 secs]
2020-09-29T12:00:57.702+0200: 119.934: [GC concurrent-mark-start]
2020-09-29T12:00:57.710+0200: 119.942: [GC concurrent-mark-end, 0.0068001 secs]
2020-09-29T12:00:57.711+0200: 119.942: [GC remark 2020-09-29T12:00:57.711+0200: 119.942: [Finalize Marking, 0.0003035 secs] 2020-09-29T12:00:57.711+0200: 119.943: [GC ref-proc, 0.0005122 secs] 2020-09-29T12:00:57.712+0200: 119.943: [Unloading, 0.0005615 secs], 0.0018772 secs]
 [Times: user=0.00 sys=0.00, real=0.00 secs] 
2020-09-29T12:00:57.716+0200: 119.948: [GC cleanup 1001M->34M(2048M), 0.0024630 secs]
 [Times: user=0.00 sys=0.00, real=0.00 secs] 
2020-09-29T12:00:57.719+0200: 119.950: [GC concurrent-cleanup-start]
2020-09-29T12:00:57.721+0200: 119.952: [GC concurrent-cleanup-end, 0.0020428 secs]
2020-09-29T12:00:57.871+0200: 120.103: [GC pause (G1 Evacuation Pause) (young), 0.1600195 secs]
   [Parallel Time: 158.6 ms, GC Workers: 8]
      [GC Worker Start (ms): Min: 120103.3, Avg: 120103.4, Max: 120103.5, Diff: 0.2]
      [Ext Root Scanning (ms): Min: 0.0, Avg: 0.1, Max: 0.2, Diff: 0.2, Sum: 0.7]
      [Update RS (ms): Min: 14.6, Avg: 15.0, Max: 16.0, Diff: 1.4, Sum: 119.6]
         [Processed Buffers: Min: 10, Avg: 13.0, Max: 15, Diff: 5, Sum: 104]
      [Scan RS (ms): Min: 13.4, Avg: 14.5, Max: 14.8, Diff: 1.4, Sum: 115.8]
      [Code Root Scanning (ms): Min: 0.0, Avg: 0.0, Max: 0.0, Diff: 0.0, Sum: 0.0]
      [Object Copy (ms): Min: 128.7, Avg: 128.8, Max: 128.9, Diff: 0.2, Sum: 1030.2]
      [Termination (ms): Min: 0.0, Avg: 0.1, Max: 0.1, Diff: 0.1, Sum: 0.6]
         [Termination Attempts: Min: 1, Avg: 365.8, Max: 468, Diff: 467, Sum: 2926]
      [GC Worker Other (ms): Min: 0.0, Avg: 0.0, Max: 0.1, Diff: 0.1, Sum: 0.3]
      [GC Worker Total (ms): Min: 158.4, Avg: 158.4, Max: 158.5, Diff: 0.2, Sum: 1267.3]
      [GC Worker End (ms): Min: 120261.8, Avg: 120261.8, Max: 120261.8, Diff: 0.1]
   [Code Root Fixup: 0.0 ms]
   [Code Root Purge: 0.0 ms]
   [Clear CT: 0.2 ms]
   [Other: 1.2 ms]
      [Choose CSet: 0.0 ms]
      [Ref Proc: 0.2 ms]
      [Ref Enq: 0.0 ms]
      [Redirty Cards: 0.3 ms]
      [Humongous Register: 0.1 ms]
      [Humongous Reclaim: 0.0 ms]
      [Free CSet: 0.2 ms]
   [Eden: 222.0M(222.0M)->0.0B(208.0M) Survivors: 6144.0K->29.0M Heap: 272.1M(2048.0M)->267.6M(2048.0M)]
 [Times: user=1.17 sys=0.00, real=0.16 secs] 
2020-09-29T12:00:58.182+0200: 120.414: [GC pause (G1 Evacuation Pause) (young), 0.1808305 secs]
   [Parallel Time: 179.5 ms, GC Workers: 8]
      [GC Worker Start (ms): Min: 120414.3, Avg: 120414.4, Max: 120414.5, Diff: 0.2]
      [Ext Root Scanning (ms): Min: 0.0, Avg: 0.1, Max: 0.2, Diff: 0.2, Sum: 0.7]
      [Update RS (ms): Min: 14.4, Avg: 14.6, Max: 14.9, Diff: 0.5, Sum: 116.9]
         [Processed Buffers: Min: 11, Avg: 12.6, Max: 16, Diff: 5, Sum: 101]
      [Scan RS (ms): Min: 14.9, Avg: 15.3, Max: 15.5, Diff: 0.5, Sum: 122.3]
      [Code Root Scanning (ms): Min: 0.0, Avg: 0.0, Max: 0.0, Diff: 0.0, Sum: 0.0]
      [Object Copy (ms): Min: 148.5, Avg: 148.7, Max: 149.2, Diff: 0.7, Sum: 1189.8]
      [Termination (ms): Min: 0.0, Avg: 0.5, Max: 0.6, Diff: 0.6, Sum: 3.8]
         [Termination Attempts: Min: 1, Avg: 2306.0, Max: 2991, Diff: 2990, Sum: 18448]
      [GC Worker Other (ms): Min: 0.0, Avg: 0.1, Max: 0.1, Diff: 0.1, Sum: 0.4]
      [GC Worker Total (ms): Min: 179.2, Avg: 179.2, Max: 179.3, Diff: 0.2, Sum: 1434.0]
      [GC Worker End (ms): Min: 120593.6, Avg: 120593.6, Max: 120593.6, Diff: 0.1]
   [Code Root Fixup: 0.0 ms]
   [Code Root Purge: 0.0 ms]
   [Clear CT: 0.2 ms]
   [Other: 1.1 ms]
      [Choose CSet: 0.0 ms]
      [Ref Proc: 0.2 ms]
      [Ref Enq: 0.0 ms]
      [Redirty Cards: 0.3 ms]
      [Humongous Register: 0.0 ms]
      [Humongous Reclaim: 0.0 ms]
      [Free CSet: 0.3 ms]
   [Eden: 208.0M(208.0M)->0.0B(204.0M) Survivors: 29.0M->30.0M Heap: 510.0M(2048.0M)->512.0M(2048.0M)]
 [Times: user=1.31 sys=0.00, real=0.18 secs] 
2020-09-29T12:00:58.538+0200: 120.769: [GC pause (G1 Evacuation Pause) (young), 0.1849435 secs]
   [Parallel Time: 183.6 ms, GC Workers: 8]
      [GC Worker Start (ms): Min: 120769.5, Avg: 120769.6, Max: 120769.7, Diff: 0.1]
      [Ext Root Scanning (ms): Min: 0.0, Avg: 0.1, Max: 0.2, Diff: 0.1, Sum: 0.8]
      [Update RS (ms): Min: 19.4, Avg: 19.8, Max: 20.4, Diff: 1.0, Sum: 158.1]
         [Processed Buffers: Min: 15, Avg: 16.6, Max: 19, Diff: 4, Sum: 133]
      [Scan RS (ms): Min: 12.5, Avg: 13.3, Max: 14.1, Diff: 1.6, Sum: 106.4]
      [Code Root Scanning (ms): Min: 0.0, Avg: 0.0, Max: 0.0, Diff: 0.0, Sum: 0.0]
      [Object Copy (ms): Min: 148.9, Avg: 149.6, Max: 150.3, Diff: 1.4, Sum: 1197.1]
      [Termination (ms): Min: 0.0, Avg: 0.5, Max: 0.7, Diff: 0.7, Sum: 4.2]
         [Termination Attempts: Min: 1, Avg: 2236.1, Max: 2873, Diff: 2872, Sum: 17889]
      [GC Worker Other (ms): Min: 0.0, Avg: 0.0, Max: 0.1, Diff: 0.0, Sum: 0.3]
      [GC Worker Total (ms): Min: 183.3, Avg: 183.4, Max: 183.4, Diff: 0.1, Sum: 1466.8]
      [GC Worker End (ms): Min: 120952.9, Avg: 120953.0, Max: 120953.0, Diff: 0.0]
   [Code Root Fixup: 0.0 ms]
   [Code Root Purge: 0.0 ms]
   [Clear CT: 0.2 ms]
   [Other: 1.2 ms]
      [Choose CSet: 0.0 ms]
      [Ref Proc: 0.3 ms]
      [Ref Enq: 0.0 ms]
      [Redirty Cards: 0.3 ms]
      [Humongous Register: 0.1 ms]
      [Humongous Reclaim: 0.0 ms]
      [Free CSet: 0.3 ms]
   [Eden: 204.0M(204.0M)->0.0B(201.0M) Survivors: 30.0M->30.0M Heap: 750.3M(2048.0M)->752.8M(2048.0M)]
 [Times: user=1.33 sys=0.00, real=0.18 secs] 
2020-09-29T12:00:58.892+0200: 121.124: [GC pause (G1 Evacuation Pause) (young), 0.1726309 secs]
   [Parallel Time: 171.3 ms, GC Workers: 8]
      [GC Worker Start (ms): Min: 121123.7, Avg: 121123.9, Max: 121124.4, Diff: 0.8]
      [Ext Root Scanning (ms): Min: 0.0, Avg: 0.1, Max: 0.2, Diff: 0.2, Sum: 0.6]
      [Update RS (ms): Min: 21.2, Avg: 21.6, Max: 22.2, Diff: 1.0, Sum: 172.9]
         [Processed Buffers: Min: 15, Avg: 16.9, Max: 18, Diff: 3, Sum: 135]
      [Scan RS (ms): Min: 11.7, Avg: 12.6, Max: 14.8, Diff: 3.0, Sum: 100.9]
      [Code Root Scanning (ms): Min: 0.0, Avg: 0.0, Max: 0.0, Diff: 0.0, Sum: 0.0]
      [Object Copy (ms): Min: 134.8, Avg: 136.5, Max: 136.9, Diff: 2.1, Sum: 1091.8]
      [Termination (ms): Min: 0.0, Avg: 0.1, Max: 0.1, Diff: 0.1, Sum: 0.8]
         [Termination Attempts: Min: 1, Avg: 436.8, Max: 554, Diff: 553, Sum: 3494]
      [GC Worker Other (ms): Min: 0.0, Avg: 0.1, Max: 0.2, Diff: 0.2, Sum: 0.5]
      [GC Worker Total (ms): Min: 170.4, Avg: 170.9, Max: 171.2, Diff: 0.7, Sum: 1367.6]
      [GC Worker End (ms): Min: 121294.8, Avg: 121294.8, Max: 121294.8, Diff: 0.1]
   [Code Root Fixup: 0.0 ms]
   [Code Root Purge: 0.0 ms]
   [Clear CT: 0.2 ms]
   [Other: 1.1 ms]
      [Choose CSet: 0.0 ms]
      [Ref Proc: 0.3 ms]
      [Ref Enq: 0.0 ms]
      [Redirty Cards: 0.2 ms]
      [Humongous Register: 0.0 ms]
      [Humongous Reclaim: 0.0 ms]
      [Free CSet: 0.3 ms]
   [Eden: 201.0M(201.0M)->0.0B(206.0M) Survivors: 30.0M->29.0M Heap: 986.2M(2048.0M)->988.2M(2048.0M)]
 [Times: user=1.34 sys=0.00, real=0.17 secs] 
2020-09-29T12:00:59.066+0200: 121.297: [GC pause (G1 Humongous Allocation) (young) (initial-mark), 0.0673588 secs]
   [Parallel Time: 66.2 ms, GC Workers: 8]
      [GC Worker Start (ms): Min: 121297.3, Avg: 121297.3, Max: 121297.5, Diff: 0.2]
      [Ext Root Scanning (ms): Min: 0.0, Avg: 0.4, Max: 1.9, Diff: 1.9, Sum: 3.1]
      [Update RS (ms): Min: 41.8, Avg: 42.9, Max: 43.3, Diff: 1.5, Sum: 343.5]
         [Processed Buffers: Min: 37, Avg: 39.3, Max: 41, Diff: 4, Sum: 314]
      [Scan RS (ms): Min: 0.0, Avg: 0.0, Max: 0.0, Diff: 0.0, Sum: 0.0]
      [Code Root Scanning (ms): Min: 0.0, Avg: 0.0, Max: 0.0, Diff: 0.0, Sum: 0.0]
      [Object Copy (ms): Min: 22.3, Avg: 22.5, Max: 22.8, Diff: 0.5, Sum: 180.2]
      [Termination (ms): Min: 0.0, Avg: 0.1, Max: 0.1, Diff: 0.1, Sum: 0.6]
         [Termination Attempts: Min: 1, Avg: 361.4, Max: 486, Diff: 485, Sum: 2891]
      [GC Worker Other (ms): Min: 0.0, Avg: 0.0, Max: 0.0, Diff: 0.0, Sum: 0.2]
      [GC Worker Total (ms): Min: 65.8, Avg: 66.0, Max: 66.0, Diff: 0.2, Sum: 527.6]
      [GC Worker End (ms): Min: 121363.3, Avg: 121363.3, Max: 121363.3, Diff: 0.0]
   [Code Root Fixup: 0.0 ms]
   [Code Root Purge: 0.0 ms]
   [Clear CT: 0.2 ms]
   [Other: 0.9 ms]
      [Choose CSet: 0.0 ms]
      [Ref Proc: 0.3 ms]
      [Ref Enq: 0.0 ms]
      [Redirty Cards: 0.2 ms]
      [Humongous Register: 0.1 ms]
      [Humongous Reclaim: 0.0 ms]
      [Free CSet: 0.1 ms]
   [Eden: 1024.0K(206.0M)->0.0B(224.0M) Survivors: 29.0M->2048.0K Heap: 988.7M(2048.0M)->991.2M(2048.0M)]
 [Times: user=0.59 sys=0.00, real=0.07 secs] 
2020-09-29T12:00:59.133+0200: 121.365: [GC concurrent-root-region-scan-start]
2020-09-29T12:00:59.134+0200: 121.365: [GC concurrent-root-region-scan-end, 0.0004673 secs]
2020-09-29T12:00:59.134+0200: 121.365: [GC concurrent-mark-start]
2020-09-29T12:00:59.137+0200: 121.368: [GC concurrent-mark-end, 0.0031492 secs]
2020-09-29T12:00:59.137+0200: 121.369: [GC remark 2020-09-29T12:00:59.137+0200: 121.369: [Finalize Marking, 0.0004462 secs] 2020-09-29T12:00:59.138+0200: 121.369: [GC ref-proc, 0.0003695 secs] 2020-09-29T12:00:59.138+0200: 121.369: [Unloading, 0.0006694 secs], 0.0019442 secs]
 [Times: user=0.00 sys=0.00, real=0.00 secs] 
2020-09-29T12:00:59.140+0200: 121.371: [GC cleanup 999M->15M(2048M), 0.0019443 secs]
 [Times: user=0.00 sys=0.00, real=0.00 secs] 
2020-09-29T12:00:59.142+0200: 121.373: [GC concurrent-cleanup-start]
2020-09-29T12:00:59.144+0200: 121.375: [GC concurrent-cleanup-end, 0.0017869 secs]
2020-09-29T12:00:59.290+0200: 121.522: [GC pause (G1 Evacuation Pause) (young), 0.2362029 secs]
   [Parallel Time: 234.8 ms, GC Workers: 8]
      [GC Worker Start (ms): Min: 121521.8, Avg: 121521.9, Max: 121522.0, Diff: 0.2]
      [Ext Root Scanning (ms): Min: 0.0, Avg: 0.1, Max: 0.2, Diff: 0.2, Sum: 0.7]
      [Update RS (ms): Min: 18.4, Avg: 19.3, Max: 24.3, Diff: 6.0, Sum: 154.1]
         [Processed Buffers: Min: 0, Avg: 14.4, Max: 20, Diff: 20, Sum: 115]
      [Scan RS (ms): Min: 9.0, Avg: 14.4, Max: 16.9, Diff: 7.9, Sum: 114.9]
      [Code Root Scanning (ms): Min: 0.0, Avg: 0.0, Max: 0.0, Diff: 0.0, Sum: 0.0]
      [Object Copy (ms): Min: 198.6, Avg: 200.8, Max: 201.1, Diff: 2.5, Sum: 1606.1]
      [Termination (ms): Min: 0.0, Avg: 0.1, Max: 0.2, Diff: 0.2, Sum: 1.1]
         [Termination Attempts: Min: 1, Avg: 373.8, Max: 570, Diff: 569, Sum: 2990]
      [GC Worker Other (ms): Min: 0.0, Avg: 0.0, Max: 0.0, Diff: 0.0, Sum: 0.1]
      [GC Worker Total (ms): Min: 234.5, Avg: 234.6, Max: 234.7, Diff: 0.2, Sum: 1877.0]
      [GC Worker End (ms): Min: 121756.5, Avg: 121756.6, Max: 121756.6, Diff: 0.1]
   [Code Root Fixup: 0.0 ms]
   [Code Root Purge: 0.0 ms]
   [Clear CT: 0.2 ms]
   [Other: 1.2 ms]
      [Choose CSet: 0.0 ms]
      [Ref Proc: 0.3 ms]
      [Ref Enq: 0.0 ms]
      [Redirty Cards: 0.2 ms]
      [Humongous Register: 0.1 ms]
      [Humongous Reclaim: 0.0 ms]
      [Free CSet: 0.3 ms]
   [Eden: 224.0M(224.0M)->0.0B(162.0M) Survivors: 2048.0K->29.0M Heap: 269.6M(2048.0M)->270.6M(2048.0M)]
 [Times: user=1.44 sys=0.01, real=0.24 secs] 
2020-09-29T12:00:59.659+0200: 121.891: [GC pause (G1 Evacuation Pause) (young), 0.1452386 secs]
   [Parallel Time: 143.7 ms, GC Workers: 8]
      [GC Worker Start (ms): Min: 121890.7, Avg: 121890.9, Max: 121891.2, Diff: 0.5]
      [Ext Root Scanning (ms): Min: 0.0, Avg: 0.1, Max: 0.2, Diff: 0.2, Sum: 0.6]
      [Update RS (ms): Min: 19.2, Avg: 19.4, Max: 19.9, Diff: 0.7, Sum: 155.4]
         [Processed Buffers: Min: 14, Avg: 16.4, Max: 18, Diff: 4, Sum: 131]
      [Scan RS (ms): Min: 8.5, Avg: 8.9, Max: 9.3, Diff: 0.8, Sum: 71.3]
      [Code Root Scanning (ms): Min: 0.0, Avg: 0.0, Max: 0.0, Diff: 0.0, Sum: 0.0]
      [Object Copy (ms): Min: 114.8, Avg: 114.8, Max: 114.9, Diff: 0.1, Sum: 918.7]
      [Termination (ms): Min: 0.0, Avg: 0.1, Max: 0.1, Diff: 0.1, Sum: 0.7]
         [Termination Attempts: Min: 1, Avg: 460.4, Max: 589, Diff: 588, Sum: 3683]
      [GC Worker Other (ms): Min: 0.0, Avg: 0.0, Max: 0.1, Diff: 0.1, Sum: 0.3]
      [GC Worker Total (ms): Min: 143.1, Avg: 143.4, Max: 143.6, Diff: 0.5, Sum: 1147.1]
      [GC Worker End (ms): Min: 122034.3, Avg: 122034.3, Max: 122034.3, Diff: 0.1]
   [Code Root Fixup: 0.0 ms]
   [Code Root Purge: 0.0 ms]
   [Clear CT: 0.2 ms]
   [Other: 1.3 ms]
      [Choose CSet: 0.0 ms]
      [Ref Proc: 0.3 ms]
      [Ref Enq: 0.0 ms]
      [Redirty Cards: 0.4 ms]
      [Humongous Register: 0.1 ms]
      [Humongous Reclaim: 0.0 ms]
      [Free CSet: 0.2 ms]
   [Eden: 162.0M(162.0M)->0.0B(177.0M) Survivors: 29.0M->24.0M Heap: 459.4M(2048.0M)->461.4M(2048.0M)]
 [Times: user=1.17 sys=0.00, real=0.15 secs] 
2020-09-29T12:00:59.943+0200: 122.174: [GC pause (G1 Evacuation Pause) (young), 0.1502425 secs]
   [Parallel Time: 149.0 ms, GC Workers: 8]
      [GC Worker Start (ms): Min: 122174.1, Avg: 122174.2, Max: 122174.2, Diff: 0.1]
      [Ext Root Scanning (ms): Min: 0.1, Avg: 0.1, Max: 0.2, Diff: 0.1, Sum: 0.9]
      [Update RS (ms): Min: 21.3, Avg: 21.6, Max: 22.5, Diff: 1.1, Sum: 172.5]
         [Processed Buffers: Min: 16, Avg: 18.9, Max: 23, Diff: 7, Sum: 151]
      [Scan RS (ms): Min: 8.1, Avg: 9.0, Max: 9.5, Diff: 1.4, Sum: 72.3]
      [Code Root Scanning (ms): Min: 0.0, Avg: 0.0, Max: 0.0, Diff: 0.0, Sum: 0.0]
      [Object Copy (ms): Min: 117.7, Avg: 118.1, Max: 118.2, Diff: 0.5, Sum: 944.4]
      [Termination (ms): Min: 0.0, Avg: 0.0, Max: 0.0, Diff: 0.0, Sum: 0.0]
         [Termination Attempts: Min: 1, Avg: 14.9, Max: 22, Diff: 21, Sum: 119]
      [GC Worker Other (ms): Min: 0.0, Avg: 0.1, Max: 0.1, Diff: 0.1, Sum: 0.5]
      [GC Worker Total (ms): Min: 148.8, Avg: 148.8, Max: 148.9, Diff: 0.2, Sum: 1190.6]
      [GC Worker End (ms): Min: 122323.0, Avg: 122323.0, Max: 122323.0, Diff: 0.1]
   [Code Root Fixup: 0.0 ms]
   [Code Root Purge: 0.0 ms]
   [Clear CT: 0.3 ms]
   [Other: 1.0 ms]
      [Choose CSet: 0.0 ms]
      [Ref Proc: 0.1 ms]
      [Ref Enq: 0.0 ms]
      [Redirty Cards: 0.3 ms]
      [Humongous Register: 0.1 ms]
      [Humongous Reclaim: 0.0 ms]
      [Free CSet: 0.2 ms]
   [Eden: 177.0M(177.0M)->0.0B(188.0M) Survivors: 24.0M->26.0M Heap: 668.9M(2048.0M)->669.9M(2048.0M)]
 [Times: user=1.02 sys=0.00, real=0.15 secs] 
2020-09-29T12:01:00.248+0200: 122.479: [GC pause (G1 Evacuation Pause) (young), 0.1631189 secs]
   [Parallel Time: 161.6 ms, GC Workers: 8]
      [GC Worker Start (ms): Min: 122479.5, Avg: 122479.5, Max: 122479.7, Diff: 0.2]
      [Ext Root Scanning (ms): Min: 0.0, Avg: 0.1, Max: 0.2, Diff: 0.2, Sum: 0.8]
      [Update RS (ms): Min: 18.5, Avg: 18.7, Max: 19.4, Diff: 0.9, Sum: 149.9]
         [Processed Buffers: Min: 14, Avg: 15.8, Max: 17, Diff: 3, Sum: 126]
      [Scan RS (ms): Min: 10.8, Avg: 11.5, Max: 11.8, Diff: 0.9, Sum: 91.7]
      [Code Root Scanning (ms): Min: 0.0, Avg: 0.0, Max: 0.0, Diff: 0.0, Sum: 0.0]
      [Object Copy (ms): Min: 130.5, Avg: 130.9, Max: 131.1, Diff: 0.5, Sum: 1047.4]
      [Termination (ms): Min: 0.0, Avg: 0.1, Max: 0.4, Diff: 0.4, Sum: 0.8]
         [Termination Attempts: Min: 1, Avg: 259.8, Max: 362, Diff: 361, Sum: 2078]
      [GC Worker Other (ms): Min: 0.0, Avg: 0.1, Max: 0.1, Diff: 0.1, Sum: 0.5]
      [GC Worker Total (ms): Min: 161.2, Avg: 161.4, Max: 161.5, Diff: 0.2, Sum: 1291.1]
      [GC Worker End (ms): Min: 122640.9, Avg: 122640.9, Max: 122641.0, Diff: 0.1]
   [Code Root Fixup: 0.0 ms]
   [Code Root Purge: 0.0 ms]
   [Clear CT: 0.3 ms]
   [Other: 1.3 ms]
      [Choose CSet: 0.0 ms]
      [Ref Proc: 0.3 ms]
      [Ref Enq: 0.0 ms]
      [Redirty Cards: 0.3 ms]
      [Humongous Register: 0.1 ms]
      [Humongous Reclaim: 0.0 ms]
      [Free CSet: 0.3 ms]
   [Eden: 188.0M(188.0M)->0.0B(195.0M) Survivors: 26.0M->27.0M Heap: 888.4M(2048.0M)->889.9M(2048.0M)]
 [Times: user=1.28 sys=0.02, real=0.16 secs] 
2020-09-29T12:01:00.636+0200: 122.867: [GC pause (G1 Evacuation Pause) (young), 0.1861883 secs]
   [Parallel Time: 184.7 ms, GC Workers: 8]
      [GC Worker Start (ms): Min: 122867.4, Avg: 122867.5, Max: 122867.6, Diff: 0.1]
      [Ext Root Scanning (ms): Min: 0.1, Avg: 0.1, Max: 0.2, Diff: 0.1, Sum: 1.0]
      [Update RS (ms): Min: 21.0, Avg: 21.7, Max: 22.8, Diff: 1.7, Sum: 173.9]
         [Processed Buffers: Min: 14, Avg: 15.9, Max: 17, Diff: 3, Sum: 127]
      [Scan RS (ms): Min: 13.4, Avg: 14.4, Max: 15.2, Diff: 1.7, Sum: 115.6]
      [Code Root Scanning (ms): Min: 0.0, Avg: 0.0, Max: 0.0, Diff: 0.0, Sum: 0.0]
      [Object Copy (ms): Min: 148.1, Avg: 148.1, Max: 148.2, Diff: 0.1, Sum: 1184.8]
      [Termination (ms): Min: 0.0, Avg: 0.0, Max: 0.1, Diff: 0.1, Sum: 0.3]
         [Termination Attempts: Min: 1, Avg: 133.0, Max: 183, Diff: 182, Sum: 1064]
      [GC Worker Other (ms): Min: 0.0, Avg: 0.0, Max: 0.1, Diff: 0.1, Sum: 0.3]
      [GC Worker Total (ms): Min: 184.4, Avg: 184.5, Max: 184.5, Diff: 0.1, Sum: 1475.8]
      [GC Worker End (ms): Min: 123052.0, Avg: 123052.0, Max: 123052.0, Diff: 0.1]
   [Code Root Fixup: 0.0 ms]
   [Code Root Purge: 0.0 ms]
   [Clear CT: 0.3 ms]
   [Other: 1.2 ms]
      [Choose CSet: 0.0 ms]
      [Ref Proc: 0.3 ms]
      [Ref Enq: 0.0 ms]
      [Redirty Cards: 0.3 ms]
      [Humongous Register: 0.1 ms]
      [Humongous Reclaim: 0.0 ms]
      [Free CSet: 0.2 ms]
   [Eden: 195.0M(195.0M)->0.0B(190.0M) Survivors: 27.0M->28.0M Heap: 1117.3M(2048.0M)->1119.3M(2048.0M)]
 [Times: user=1.39 sys=0.02, real=0.19 secs] 
2020-09-29T12:01:00.833+0200: 123.064: [GC pause (G1 Humongous Allocation) (young) (initial-mark), 0.0655156 secs]
   [Parallel Time: 64.0 ms, GC Workers: 8]
      [GC Worker Start (ms): Min: 123064.1, Avg: 123064.1, Max: 123064.2, Diff: 0.1]
      [Ext Root Scanning (ms): Min: 0.1, Avg: 0.1, Max: 0.2, Diff: 0.1, Sum: 1.0]
      [Update RS (ms): Min: 32.8, Avg: 33.6, Max: 36.0, Diff: 3.3, Sum: 268.4]
         [Processed Buffers: Min: 26, Avg: 27.8, Max: 30, Diff: 4, Sum: 222]
      [Scan RS (ms): Min: 0.4, Avg: 2.9, Max: 3.7, Diff: 3.3, Sum: 23.3]
      [Code Root Scanning (ms): Min: 0.0, Avg: 0.0, Max: 0.0, Diff: 0.0, Sum: 0.0]
      [Object Copy (ms): Min: 27.0, Avg: 27.1, Max: 27.1, Diff: 0.1, Sum: 216.7]
      [Termination (ms): Min: 0.0, Avg: 0.0, Max: 0.0, Diff: 0.0, Sum: 0.2]
         [Termination Attempts: Min: 1, Avg: 118.0, Max: 147, Diff: 146, Sum: 944]
      [GC Worker Other (ms): Min: 0.0, Avg: 0.0, Max: 0.1, Diff: 0.1, Sum: 0.3]
      [GC Worker Total (ms): Min: 63.7, Avg: 63.8, Max: 63.8, Diff: 0.1, Sum: 510.0]
      [GC Worker End (ms): Min: 123127.9, Avg: 123127.9, Max: 123127.9, Diff: 0.1]
   [Code Root Fixup: 0.0 ms]
   [Code Root Purge: 0.0 ms]
   [Clear CT: 0.3 ms]
   [Other: 1.2 ms]
      [Choose CSet: 0.0 ms]
      [Ref Proc: 0.3 ms]
      [Ref Enq: 0.0 ms]
      [Redirty Cards: 0.4 ms]
      [Humongous Register: 0.1 ms]
      [Humongous Reclaim: 0.0 ms]
      [Free CSet: 0.1 ms]
   [Eden: 4096.0K(190.0M)->0.0B(202.0M) Survivors: 28.0M->6144.0K Heap: 1123.3M(2048.0M)->1127.8M(2048.0M)]
 [Times: user=0.50 sys=0.00, real=0.07 secs] 
2020-09-29T12:01:00.898+0200: 123.130: [GC concurrent-root-region-scan-start]
2020-09-29T12:01:00.901+0200: 123.132: [GC concurrent-root-region-scan-end, 0.0023329 secs]
2020-09-29T12:01:00.901+0200: 123.132: [GC concurrent-mark-start]
2020-09-29T12:01:00.907+0200: 123.139: [GC concurrent-mark-end, 0.0065953 secs]
2020-09-29T12:01:00.908+0200: 123.140: [GC remark 2020-09-29T12:01:00.908+0200: 123.140: [Finalize Marking, 0.0002958 secs] 2020-09-29T12:01:00.909+0200: 123.140: [GC ref-proc, 0.0005628 secs] 2020-09-29T12:01:00.909+0200: 123.141: [Unloading, 0.0006787 secs], 0.0020244 secs]
 [Times: user=0.00 sys=0.00, real=0.00 secs] 
2020-09-29T12:01:00.912+0200: 123.144: [GC cleanup 1144M->28M(2048M), 0.0016657 secs]
 [Times: user=0.00 sys=0.00, real=0.00 secs] 
2020-09-29T12:01:00.914+0200: 123.145: [GC concurrent-cleanup-start]
2020-09-29T12:01:00.917+0200: 123.148: [GC concurrent-cleanup-end, 0.0028092 secs]
2020-09-29T12:01:01.079+0200: 123.310: [GC pause (G1 Evacuation Pause) (young), 0.2246849 secs]
   [Parallel Time: 223.0 ms, GC Workers: 8]
      [GC Worker Start (ms): Min: 123310.6, Avg: 123310.7, Max: 123310.9, Diff: 0.2]
      [Ext Root Scanning (ms): Min: 0.0, Avg: 0.1, Max: 0.2, Diff: 0.2, Sum: 0.9]
      [Update RS (ms): Min: 21.5, Avg: 21.7, Max: 22.3, Diff: 0.9, Sum: 173.8]
         [Processed Buffers: Min: 0, Avg: 13.8, Max: 18, Diff: 18, Sum: 110]
      [Scan RS (ms): Min: 13.1, Avg: 13.7, Max: 14.0, Diff: 0.9, Sum: 109.6]
      [Code Root Scanning (ms): Min: 0.0, Avg: 0.0, Max: 0.0, Diff: 0.0, Sum: 0.0]
      [Object Copy (ms): Min: 186.6, Avg: 186.8, Max: 187.2, Diff: 0.6, Sum: 1494.0]
      [Termination (ms): Min: 0.0, Avg: 0.4, Max: 0.6, Diff: 0.6, Sum: 3.5]
         [Termination Attempts: Min: 1, Avg: 1914.4, Max: 2609, Diff: 2608, Sum: 15315]
      [GC Worker Other (ms): Min: 0.0, Avg: 0.0, Max: 0.1, Diff: 0.1, Sum: 0.3]
      [GC Worker Total (ms): Min: 222.6, Avg: 222.8, Max: 222.9, Diff: 0.2, Sum: 1782.2]
      [GC Worker End (ms): Min: 123533.5, Avg: 123533.5, Max: 123533.5, Diff: 0.1]
   [Code Root Fixup: 0.0 ms]
   [Code Root Purge: 0.0 ms]
   [Clear CT: 0.3 ms]
   [Other: 1.4 ms]
      [Choose CSet: 0.0 ms]
      [Ref Proc: 0.3 ms]
      [Ref Enq: 0.0 ms]
      [Redirty Cards: 0.3 ms]
      [Humongous Register: 0.1 ms]
      [Humongous Reclaim: 0.0 ms]
      [Free CSet: 0.3 ms]
   [Eden: 202.0M(202.0M)->0.0B(157.0M) Survivors: 6144.0K->26.0M Heap: 248.3M(2048.0M)->243.8M(2048.0M)]
 [Times: user=1.59 sys=0.03, real=0.22 secs] 
2020-09-29T12:01:01.434+0200: 123.666: [GC pause (G1 Evacuation Pause) (young), 0.1626505 secs]
   [Parallel Time: 160.9 ms, GC Workers: 8]
      [GC Worker Start (ms): Min: 123665.8, Avg: 123666.6, Max: 123668.0, Diff: 2.2]
      [Ext Root Scanning (ms): Min: 0.0, Avg: 0.1, Max: 0.2, Diff: 0.2, Sum: 0.8]
      [Update RS (ms): Min: 16.9, Avg: 18.6, Max: 19.9, Diff: 2.9, Sum: 148.5]
         [Processed Buffers: Min: 10, Avg: 12.5, Max: 15, Diff: 5, Sum: 100]
      [Scan RS (ms): Min: 18.1, Avg: 18.7, Max: 19.0, Diff: 0.9, Sum: 149.3]
      [Code Root Scanning (ms): Min: 0.0, Avg: 0.0, Max: 0.0, Diff: 0.0, Sum: 0.0]
      [Object Copy (ms): Min: 122.4, Avg: 122.5, Max: 122.6, Diff: 0.2, Sum: 980.2]
      [Termination (ms): Min: 0.0, Avg: 0.0, Max: 0.1, Diff: 0.1, Sum: 0.3]
         [Termination Attempts: Min: 1, Avg: 175.6, Max: 209, Diff: 208, Sum: 1405]
      [GC Worker Other (ms): Min: 0.0, Avg: 0.0, Max: 0.1, Diff: 0.1, Sum: 0.4]
      [GC Worker Total (ms): Min: 158.5, Avg: 159.9, Max: 160.8, Diff: 2.3, Sum: 1279.4]
      [GC Worker End (ms): Min: 123826.5, Avg: 123826.5, Max: 123826.6, Diff: 0.1]
   [Code Root Fixup: 0.0 ms]
   [Code Root Purge: 0.0 ms]
   [Clear CT: 0.3 ms]
   [Other: 1.4 ms]
      [Choose CSet: 0.0 ms]
      [Ref Proc: 0.4 ms]
      [Ref Enq: 0.0 ms]
      [Redirty Cards: 0.4 ms]
      [Humongous Register: 0.1 ms]
      [Humongous Reclaim: 0.0 ms]
      [Free CSet: 0.2 ms]
   [Eden: 157.0M(157.0M)->0.0B(158.0M) Survivors: 26.0M->23.0M Heap: 427.5M(2048.0M)->430.0M(2048.0M)]
 [Times: user=1.19 sys=0.03, real=0.16 secs] 
2020-09-29T12:01:01.737+0200: 123.968: [GC pause (G1 Evacuation Pause) (young), 0.1680277 secs]
   [Parallel Time: 165.7 ms, GC Workers: 8]
      [GC Worker Start (ms): Min: 123968.5, Avg: 123971.4, Max: 123991.6, Diff: 23.1]
      [Ext Root Scanning (ms): Min: 0.0, Avg: 0.1, Max: 0.2, Diff: 0.2, Sum: 0.9]
      [Update RS (ms): Min: 0.0, Avg: 16.0, Max: 18.4, Diff: 18.4, Sum: 128.2]
         [Processed Buffers: Min: 0, Avg: 12.6, Max: 19, Diff: 19, Sum: 101]
      [Scan RS (ms): Min: 9.4, Avg: 12.6, Max: 13.2, Diff: 3.8, Sum: 101.0]
      [Code Root Scanning (ms): Min: 0.0, Avg: 0.0, Max: 0.0, Diff: 0.0, Sum: 0.0]
      [Object Copy (ms): Min: 132.8, Avg: 133.6, Max: 133.9, Diff: 1.1, Sum: 1069.0]
      [Termination (ms): Min: 0.0, Avg: 0.1, Max: 0.2, Diff: 0.2, Sum: 1.0]
         [Termination Attempts: Min: 1, Avg: 562.3, Max: 775, Diff: 774, Sum: 4498]
      [GC Worker Other (ms): Min: 0.0, Avg: 0.0, Max: 0.1, Diff: 0.1, Sum: 0.4]
      [GC Worker Total (ms): Min: 142.4, Avg: 162.6, Max: 165.5, Diff: 23.1, Sum: 1300.6]
      [GC Worker End (ms): Min: 124134.0, Avg: 124134.0, Max: 124134.0, Diff: 0.1]
   [Code Root Fixup: 0.0 ms]
   [Code Root Purge: 0.0 ms]
   [Clear CT: 0.9 ms]
   [Other: 1.4 ms]
      [Choose CSet: 0.0 ms]
      [Ref Proc: 0.3 ms]
      [Ref Enq: 0.0 ms]
      [Redirty Cards: 0.6 ms]
      [Humongous Register: 0.1 ms]
      [Humongous Reclaim: 0.0 ms]
      [Free CSet: 0.2 ms]
   [Eden: 158.0M(158.0M)->0.0B(162.0M) Survivors: 23.0M->23.0M Heap: 614.7M(2048.0M)->616.7M(2048.0M)]
 [Times: user=1.28 sys=0.00, real=0.17 secs] 
2020-09-29T12:01:02.039+0200: 124.271: [GC pause (G1 Evacuation Pause) (young), 0.1723768 secs]
   [Parallel Time: 171.1 ms, GC Workers: 8]
      [GC Worker Start (ms): Min: 124270.7, Avg: 124270.8, Max: 124270.9, Diff: 0.2]
      [Ext Root Scanning (ms): Min: 0.0, Avg: 0.1, Max: 0.2, Diff: 0.2, Sum: 1.0]
      [Update RS (ms): Min: 21.4, Avg: 22.8, Max: 31.9, Diff: 10.5, Sum: 182.4]
         [Processed Buffers: Min: 0, Avg: 15.0, Max: 20, Diff: 20, Sum: 120]
      [Scan RS (ms): Min: 1.5, Avg: 10.6, Max: 12.0, Diff: 10.5, Sum: 85.1]
      [Code Root Scanning (ms): Min: 0.0, Avg: 0.0, Max: 0.0, Diff: 0.0, Sum: 0.0]
      [Object Copy (ms): Min: 137.2, Avg: 137.3, Max: 137.3, Diff: 0.1, Sum: 1098.1]
      [Termination (ms): Min: 0.0, Avg: 0.0, Max: 0.0, Diff: 0.0, Sum: 0.1]
         [Termination Attempts: Min: 1, Avg: 21.0, Max: 31, Diff: 30, Sum: 168]
      [GC Worker Other (ms): Min: 0.0, Avg: 0.0, Max: 0.1, Diff: 0.1, Sum: 0.3]
      [GC Worker Total (ms): Min: 170.7, Avg: 170.9, Max: 170.9, Diff: 0.2, Sum: 1367.0]
      [GC Worker End (ms): Min: 124441.6, Avg: 124441.6, Max: 124441.7, Diff: 0.1]
   [Code Root Fixup: 0.0 ms]
   [Code Root Purge: 0.0 ms]
   [Clear CT: 0.2 ms]
   [Other: 1.0 ms]
      [Choose CSet: 0.0 ms]
      [Ref Proc: 0.3 ms]
      [Ref Enq: 0.0 ms]
      [Redirty Cards: 0.2 ms]
      [Humongous Register: 0.1 ms]
      [Humongous Reclaim: 0.0 ms]
      [Free CSet: 0.2 ms]
   [Eden: 162.0M(162.0M)->0.0B(165.0M) Survivors: 23.0M->24.0M Heap: 805.4M(2048.0M)->807.4M(2048.0M)]
 [Times: user=1.31 sys=0.00, real=0.17 secs] 
2020-09-29T12:01:02.355+0200: 124.586: [GC pause (G1 Evacuation Pause) (young), 0.1592715 secs]
   [Parallel Time: 157.7 ms, GC Workers: 8]
      [GC Worker Start (ms): Min: 124586.1, Avg: 124586.2, Max: 124586.3, Diff: 0.2]
      [Ext Root Scanning (ms): Min: 0.0, Avg: 0.1, Max: 0.2, Diff: 0.2, Sum: 0.9]
      [Update RS (ms): Min: 18.2, Avg: 19.0, Max: 23.3, Diff: 5.1, Sum: 152.2]
         [Processed Buffers: Min: 12, Avg: 13.6, Max: 17, Diff: 5, Sum: 109]
      [Scan RS (ms): Min: 7.1, Avg: 11.4, Max: 12.2, Diff: 5.1, Sum: 91.1]
      [Code Root Scanning (ms): Min: 0.0, Avg: 0.0, Max: 0.0, Diff: 0.0, Sum: 0.0]
      [Object Copy (ms): Min: 126.6, Avg: 126.8, Max: 126.9, Diff: 0.3, Sum: 1014.8]
      [Termination (ms): Min: 0.0, Avg: 0.0, Max: 0.0, Diff: 0.0, Sum: 0.1]
         [Termination Attempts: Min: 1, Avg: 22.5, Max: 33, Diff: 32, Sum: 180]
      [GC Worker Other (ms): Min: 0.0, Avg: 0.0, Max: 0.1, Diff: 0.0, Sum: 0.2]
      [GC Worker Total (ms): Min: 157.3, Avg: 157.4, Max: 157.5, Diff: 0.2, Sum: 1259.3]
      [GC Worker End (ms): Min: 124743.6, Avg: 124743.6, Max: 124743.6, Diff: 0.0]
   [Code Root Fixup: 0.0 ms]
   [Code Root Purge: 0.0 ms]
   [Clear CT: 0.3 ms]
   [Other: 1.3 ms]
      [Choose CSet: 0.0 ms]
      [Ref Proc: 0.3 ms]
      [Ref Enq: 0.0 ms]
      [Redirty Cards: 0.4 ms]
      [Humongous Register: 0.1 ms]
      [Humongous Reclaim: 0.0 ms]
      [Free CSet: 0.3 ms]
   [Eden: 165.0M(165.0M)->0.0B(175.0M) Survivors: 24.0M->24.0M Heap: 999.1M(2048.0M)->1001.1M(2048.0M)]
 [Times: user=1.25 sys=0.00, real=0.16 secs] 
2020-09-29T12:01:02.520+0200: 124.751: [GC pause (G1 Humongous Allocation) (young) (initial-mark), 0.0576192 secs]
   [Parallel Time: 56.3 ms, GC Workers: 8]
      [GC Worker Start (ms): Min: 124751.6, Avg: 124751.7, Max: 124751.9, Diff: 0.3]
      [Ext Root Scanning (ms): Min: 0.0, Avg: 0.4, Max: 0.5, Diff: 0.5, Sum: 2.8]
      [Update RS (ms): Min: 31.9, Avg: 32.5, Max: 33.3, Diff: 1.4, Sum: 260.1]
         [Processed Buffers: Min: 26, Avg: 26.8, Max: 28, Diff: 2, Sum: 214]
      [Scan RS (ms): Min: 1.5, Avg: 2.2, Max: 2.7, Diff: 1.1, Sum: 17.6]
      [Code Root Scanning (ms): Min: 0.0, Avg: 0.0, Max: 0.0, Diff: 0.0, Sum: 0.0]
      [Object Copy (ms): Min: 20.8, Avg: 20.8, Max: 20.9, Diff: 0.1, Sum: 166.6]
      [Termination (ms): Min: 0.0, Avg: 0.1, Max: 0.1, Diff: 0.1, Sum: 0.5]
         [Termination Attempts: Min: 1, Avg: 213.6, Max: 273, Diff: 272, Sum: 1709]
      [GC Worker Other (ms): Min: 0.0, Avg: 0.0, Max: 0.0, Diff: 0.0, Sum: 0.2]
      [GC Worker Total (ms): Min: 55.8, Avg: 56.0, Max: 56.1, Diff: 0.3, Sum: 447.8]
      [GC Worker End (ms): Min: 124807.7, Avg: 124807.7, Max: 124807.7, Diff: 0.0]
   [Code Root Fixup: 0.0 ms]
   [Code Root Purge: 0.0 ms]
   [Clear CT: 0.3 ms]
   [Other: 1.1 ms]
      [Choose CSet: 0.0 ms]
      [Ref Proc: 0.3 ms]
      [Ref Enq: 0.0 ms]
      [Redirty Cards: 0.2 ms]
      [Humongous Register: 0.1 ms]
      [Humongous Reclaim: 0.0 ms]
      [Free CSet: 0.1 ms]
   [Eden: 3072.0K(175.0M)->0.0B(197.0M) Survivors: 24.0M->5120.0K Heap: 1004.1M(2048.0M)->1009.1M(2048.0M)]
 [Times: user=0.38 sys=0.00, real=0.06 secs] 
2020-09-29T12:01:02.578+0200: 124.809: [GC concurrent-root-region-scan-start]
2020-09-29T12:01:02.580+0200: 124.811: [GC concurrent-root-region-scan-end, 0.0020512 secs]
2020-09-29T12:01:02.580+0200: 124.811: [GC concurrent-mark-start]
2020-09-29T12:01:02.586+0200: 124.817: [GC concurrent-mark-end, 0.0056529 secs]
2020-09-29T12:01:02.586+0200: 124.818: [GC remark 2020-09-29T12:01:02.586+0200: 124.818: [Finalize Marking, 0.0003404 secs] 2020-09-29T12:01:02.587+0200: 124.818: [GC ref-proc, 0.0005491 secs] 2020-09-29T12:01:02.587+0200: 124.819: [Unloading, 0.0009116 secs], 0.0022378 secs]
 [Times: user=0.00 sys=0.00, real=0.00 secs] 
2020-09-29T12:01:02.591+0200: 124.822: [GC cleanup 1022M->24M(2048M), 0.0021854 secs]
 [Times: user=0.00 sys=0.00, real=0.00 secs] 
2020-09-29T12:01:02.593+0200: 124.824: [GC concurrent-cleanup-start]
2020-09-29T12:01:02.597+0200: 124.828: [GC concurrent-cleanup-end, 0.0037081 secs]
2020-09-29T12:01:02.755+0200: 124.986: [GC pause (G1 Evacuation Pause) (young), 0.2043535 secs]
   [Parallel Time: 202.4 ms, GC Workers: 8]
      [GC Worker Start (ms): Min: 124986.0, Avg: 124994.7, Max: 125017.8, Diff: 31.9]
      [Ext Root Scanning (ms): Min: 0.0, Avg: 0.1, Max: 0.2, Diff: 0.2, Sum: 0.6]
      [Update RS (ms): Min: 0.0, Avg: 17.5, Max: 25.4, Diff: 25.4, Sum: 139.8]
         [Processed Buffers: Min: 0, Avg: 13.6, Max: 23, Diff: 23, Sum: 109]
      [Scan RS (ms): Min: 8.2, Avg: 14.0, Max: 15.1, Diff: 6.9, Sum: 111.8]
      [Code Root Scanning (ms): Min: 0.0, Avg: 0.0, Max: 0.0, Diff: 0.0, Sum: 0.0]
      [Object Copy (ms): Min: 161.4, Avg: 161.6, Max: 161.8, Diff: 0.4, Sum: 1292.8]
      [Termination (ms): Min: 0.0, Avg: 0.2, Max: 0.3, Diff: 0.3, Sum: 1.9]
         [Termination Attempts: Min: 1, Avg: 1076.1, Max: 1354, Diff: 1353, Sum: 8609]
      [GC Worker Other (ms): Min: 0.0, Avg: 0.1, Max: 0.1, Diff: 0.1, Sum: 0.5]
      [GC Worker Total (ms): Min: 170.2, Avg: 193.4, Max: 202.2, Diff: 31.9, Sum: 1547.4]
      [GC Worker End (ms): Min: 125188.1, Avg: 125188.1, Max: 125188.2, Diff: 0.1]
   [Code Root Fixup: 0.0 ms]
   [Code Root Purge: 0.0 ms]
   [Clear CT: 0.7 ms]
   [Other: 1.3 ms]
      [Choose CSet: 0.0 ms]
      [Ref Proc: 0.5 ms]
      [Ref Enq: 0.0 ms]
      [Redirty Cards: 0.2 ms]
      [Humongous Register: 0.0 ms]
      [Humongous Reclaim: 0.0 ms]
      [Free CSet: 0.3 ms]
   [Eden: 197.0M(197.0M)->0.0B(163.0M) Survivors: 5120.0K->26.0M Heap: 242.3M(2048.0M)->238.8M(2048.0M)]
 [Times: user=1.47 sys=0.02, real=0.20 secs] 
2020-09-29T12:01:03.112+0200: 125.343: [GC pause (G1 Evacuation Pause) (young), 0.1739982 secs]
   [Parallel Time: 172.6 ms, GC Workers: 8]
      [GC Worker Start (ms): Min: 125343.3, Avg: 125343.4, Max: 125343.7, Diff: 0.4]
      [Ext Root Scanning (ms): Min: 0.0, Avg: 0.1, Max: 0.2, Diff: 0.2, Sum: 1.0]
      [Update RS (ms): Min: 19.7, Avg: 20.0, Max: 20.3, Diff: 0.6, Sum: 159.6]
         [Processed Buffers: Min: 5, Avg: 14.6, Max: 17, Diff: 12, Sum: 117]
      [Scan RS (ms): Min: 12.1, Avg: 13.6, Max: 22.5, Diff: 10.4, Sum: 109.1]
      [Code Root Scanning (ms): Min: 0.0, Avg: 0.0, Max: 0.0, Diff: 0.0, Sum: 0.0]
      [Object Copy (ms): Min: 129.7, Avg: 138.5, Max: 139.8, Diff: 10.1, Sum: 1107.7]
      [Termination (ms): Min: 0.0, Avg: 0.1, Max: 0.1, Diff: 0.1, Sum: 0.9]
         [Termination Attempts: Min: 1, Avg: 438.5, Max: 546, Diff: 545, Sum: 3508]
      [GC Worker Other (ms): Min: 0.0, Avg: 0.0, Max: 0.1, Diff: 0.1, Sum: 0.3]
      [GC Worker Total (ms): Min: 172.0, Avg: 172.3, Max: 172.4, Diff: 0.4, Sum: 1378.6]
      [GC Worker End (ms): Min: 125515.7, Avg: 125515.8, Max: 125515.8, Diff: 0.1]
   [Code Root Fixup: 0.0 ms]
   [Code Root Purge: 0.0 ms]
   [Clear CT: 0.2 ms]
   [Other: 1.1 ms]
      [Choose CSet: 0.0 ms]
      [Ref Proc: 0.2 ms]
      [Ref Enq: 0.0 ms]
      [Redirty Cards: 0.3 ms]
      [Humongous Register: 0.1 ms]
      [Humongous Reclaim: 0.0 ms]
      [Free CSet: 0.3 ms]
   [Eden: 163.0M(163.0M)->0.0B(166.0M) Survivors: 26.0M->24.0M Heap: 428.5M(2048.0M)->430.5M(2048.0M)]
 [Times: user=1.34 sys=0.00, real=0.17 secs] 
2020-09-29T12:01:03.432+0200: 125.663: [GC pause (G1 Evacuation Pause) (young), 0.1845172 secs]
   [Parallel Time: 182.4 ms, GC Workers: 8]
      [GC Worker Start (ms): Min: 125663.5, Avg: 125665.8, Max: 125672.5, Diff: 9.0]
      [Ext Root Scanning (ms): Min: 0.0, Avg: 0.1, Max: 0.2, Diff: 0.2, Sum: 0.7]
      [Update RS (ms): Min: 14.4, Avg: 21.4, Max: 24.2, Diff: 9.8, Sum: 171.1]
         [Processed Buffers: Min: 11, Avg: 15.1, Max: 18, Diff: 7, Sum: 121]
      [Scan RS (ms): Min: 11.6, Avg: 12.3, Max: 13.1, Diff: 1.6, Sum: 98.1]
      [Code Root Scanning (ms): Min: 0.0, Avg: 0.0, Max: 0.0, Diff: 0.0, Sum: 0.0]
      [Object Copy (ms): Min: 145.1, Avg: 145.8, Max: 146.3, Diff: 1.2, Sum: 1166.6]
      [Termination (ms): Min: 0.0, Avg: 0.3, Max: 0.4, Diff: 0.4, Sum: 2.7]
         [Termination Attempts: Min: 1, Avg: 1417.3, Max: 1696, Diff: 1695, Sum: 11338]
      [GC Worker Other (ms): Min: 0.0, Avg: 0.0, Max: 0.1, Diff: 0.1, Sum: 0.4]
      [GC Worker Total (ms): Min: 173.2, Avg: 180.0, Max: 182.3, Diff: 9.1, Sum: 1439.8]
      [GC Worker End (ms): Min: 125845.8, Avg: 125845.8, Max: 125845.8, Diff: 0.1]
   [Code Root Fixup: 0.0 ms]
   [Code Root Purge: 0.0 ms]
   [Clear CT: 0.3 ms]
   [Other: 1.8 ms]
      [Choose CSet: 0.0 ms]
      [Ref Proc: 0.3 ms]
      [Ref Enq: 0.0 ms]
      [Redirty Cards: 1.0 ms]
      [Humongous Register: 0.1 ms]
      [Humongous Reclaim: 0.0 ms]
      [Free CSet: 0.2 ms]
   [Eden: 166.0M(166.0M)->0.0B(163.0M) Survivors: 24.0M->24.0M Heap: 623.2M(2048.0M)->624.7M(2048.0M)]
 [Times: user=1.50 sys=0.00, real=0.19 secs] 
2020-09-29T12:01:03.776+0200: 126.008: [GC pause (G1 Evacuation Pause) (young), 0.1954464 secs]
   [Parallel Time: 193.8 ms, GC Workers: 8]
      [GC Worker Start (ms): Min: 126007.8, Avg: 126011.9, Max: 126039.8, Diff: 32.1]
      [Ext Root Scanning (ms): Min: 0.0, Avg: 0.1, Max: 0.2, Diff: 0.2, Sum: 1.0]
      [Update RS (ms): Min: 0.0, Avg: 17.3, Max: 20.4, Diff: 20.4, Sum: 138.1]
         [Processed Buffers: Min: 0, Avg: 14.3, Max: 19, Diff: 19, Sum: 114]
      [Scan RS (ms): Min: 1.0, Avg: 15.5, Max: 44.5, Diff: 43.5, Sum: 123.8]
      [Code Root Scanning (ms): Min: 0.0, Avg: 0.0, Max: 0.0, Diff: 0.0, Sum: 0.0]
      [Object Copy (ms): Min: 129.5, Avg: 156.4, Max: 160.4, Diff: 31.0, Sum: 1251.3]
      [Termination (ms): Min: 0.0, Avg: 0.3, Max: 0.4, Diff: 0.4, Sum: 2.4]
         [Termination Attempts: Min: 1, Avg: 1162.3, Max: 1537, Diff: 1536, Sum: 9298]
      [GC Worker Other (ms): Min: 0.0, Avg: 0.0, Max: 0.1, Diff: 0.1, Sum: 0.4]
      [GC Worker Total (ms): Min: 161.7, Avg: 189.6, Max: 193.7, Diff: 32.1, Sum: 1517.1]
      [GC Worker End (ms): Min: 126201.5, Avg: 126201.5, Max: 126201.5, Diff: 0.1]
   [Code Root Fixup: 0.0 ms]
   [Code Root Purge: 0.0 ms]
   [Clear CT: 0.4 ms]
   [Other: 1.2 ms]
      [Choose CSet: 0.0 ms]
      [Ref Proc: 0.3 ms]
      [Ref Enq: 0.0 ms]
      [Redirty Cards: 0.3 ms]
      [Humongous Register: 0.1 ms]
      [Humongous Reclaim: 0.0 ms]
      [Free CSet: 0.3 ms]
   [Eden: 163.0M(163.0M)->0.0B(155.0M) Survivors: 24.0M->24.0M Heap: 816.3M(2048.0M)->818.8M(2048.0M)]
 [Times: user=1.41 sys=0.00, real=0.20 secs] 
2020-09-29T12:01:04.111+0200: 126.342: [GC pause (G1 Evacuation Pause) (young), 0.2032061 secs]
   [Parallel Time: 201.9 ms, GC Workers: 8]
      [GC Worker Start (ms): Min: 126342.4, Avg: 126346.6, Max: 126374.8, Diff: 32.4]
      [Ext Root Scanning (ms): Min: 0.0, Avg: 0.1, Max: 0.2, Diff: 0.2, Sum: 1.0]
      [Update RS (ms): Min: 0.0, Avg: 19.9, Max: 23.2, Diff: 23.2, Sum: 159.2]
         [Processed Buffers: Min: 0, Avg: 14.5, Max: 18, Diff: 18, Sum: 116]
      [Scan RS (ms): Min: 2.3, Avg: 10.6, Max: 12.0, Diff: 9.7, Sum: 84.7]
      [Code Root Scanning (ms): Min: 0.0, Avg: 0.0, Max: 0.0, Diff: 0.0, Sum: 0.0]
      [Object Copy (ms): Min: 166.9, Avg: 166.9, Max: 167.0, Diff: 0.2, Sum: 1335.4]
      [Termination (ms): Min: 0.0, Avg: 0.1, Max: 0.1, Diff: 0.1, Sum: 0.7]
         [Termination Attempts: Min: 1, Avg: 118.3, Max: 182, Diff: 181, Sum: 946]
      [GC Worker Other (ms): Min: 0.0, Avg: 0.0, Max: 0.0, Diff: 0.0, Sum: 0.2]
      [GC Worker Total (ms): Min: 169.3, Avg: 197.6, Max: 201.8, Diff: 32.4, Sum: 1581.1]
      [GC Worker End (ms): Min: 126544.2, Avg: 126544.2, Max: 126544.2, Diff: 0.0]
   [Code Root Fixup: 0.0 ms]
   [Code Root Purge: 0.0 ms]
   [Clear CT: 0.2 ms]
   [Other: 1.0 ms]
      [Choose CSet: 0.0 ms]
      [Ref Proc: 0.2 ms]
      [Ref Enq: 0.0 ms]
      [Redirty Cards: 0.3 ms]
      [Humongous Register: 0.1 ms]
      [Humongous Reclaim: 0.0 ms]
      [Free CSet: 0.2 ms]
   [Eden: 155.0M(155.0M)->0.0B(146.0M) Survivors: 24.0M->23.0M Heap: 998.6M(2048.0M)->1000.1M(2048.0M)]
 [Times: user=1.41 sys=0.00, real=0.20 secs] 
2020-09-29T12:01:04.325+0200: 126.556: [GC pause (G1 Humongous Allocation) (young) (initial-mark), 0.0590913 secs]
   [Parallel Time: 57.7 ms, GC Workers: 8]
      [GC Worker Start (ms): Min: 126556.7, Avg: 126556.7, Max: 126556.8, Diff: 0.1]
      [Ext Root Scanning (ms): Min: 0.1, Avg: 0.1, Max: 0.2, Diff: 0.1, Sum: 1.1]
      [Update RS (ms): Min: 28.6, Avg: 29.0, Max: 29.4, Diff: 0.8, Sum: 231.6]
         [Processed Buffers: Min: 22, Avg: 23.4, Max: 25, Diff: 3, Sum: 187]
      [Scan RS (ms): Min: 1.6, Avg: 2.2, Max: 2.6, Diff: 1.0, Sum: 17.3]
      [Code Root Scanning (ms): Min: 0.0, Avg: 0.0, Max: 0.0, Diff: 0.0, Sum: 0.0]
      [Object Copy (ms): Min: 25.9, Avg: 26.0, Max: 26.1, Diff: 0.2, Sum: 208.1]
      [Termination (ms): Min: 0.0, Avg: 0.1, Max: 0.2, Diff: 0.2, Sum: 1.1]
         [Termination Attempts: Min: 1, Avg: 578.9, Max: 780, Diff: 779, Sum: 4631]
      [GC Worker Other (ms): Min: 0.0, Avg: 0.0, Max: 0.1, Diff: 0.0, Sum: 0.3]
      [GC Worker Total (ms): Min: 57.4, Avg: 57.4, Max: 57.5, Diff: 0.1, Sum: 459.5]
      [GC Worker End (ms): Min: 126614.2, Avg: 126614.2, Max: 126614.2, Diff: 0.0]
   [Code Root Fixup: 0.0 ms]
   [Code Root Purge: 0.0 ms]
   [Clear CT: 0.2 ms]
   [Other: 1.2 ms]
      [Choose CSet: 0.0 ms]
      [Ref Proc: 0.3 ms]
      [Ref Enq: 0.0 ms]
      [Redirty Cards: 0.3 ms]
      [Humongous Register: 0.1 ms]
      [Humongous Reclaim: 0.0 ms]
      [Free CSet: 0.1 ms]
   [Eden: 3072.0K(146.0M)->0.0B(166.0M) Survivors: 23.0M->6144.0K Heap: 1003.1M(2048.0M)->1008.6M(2048.0M)]
 [Times: user=0.50 sys=0.00, real=0.06 secs] 
2020-09-29T12:01:04.384+0200: 126.616: [GC concurrent-root-region-scan-start]
2020-09-29T12:01:04.386+0200: 126.618: [GC concurrent-root-region-scan-end, 0.0017819 secs]
2020-09-29T12:01:04.386+0200: 126.618: [GC concurrent-mark-start]
2020-09-29T12:01:04.392+0200: 126.623: [GC concurrent-mark-end, 0.0052615 secs]
2020-09-29T12:01:04.392+0200: 126.624: [GC remark 2020-09-29T12:01:04.392+0200: 126.624: [Finalize Marking, 0.0003426 secs] 2020-09-29T12:01:04.393+0200: 126.624: [GC ref-proc, 0.0005285 secs] 2020-09-29T12:01:04.393+0200: 126.625: [Unloading, 0.0006300 secs], 0.0020413 secs]
 [Times: user=0.00 sys=0.00, real=0.00 secs] 
2020-09-29T12:01:04.395+0200: 126.626: [GC cleanup 1019M->22M(2048M), 0.0023428 secs]
 [Times: user=0.00 sys=0.00, real=0.00 secs] 
2020-09-29T12:01:04.397+0200: 126.629: [GC concurrent-cleanup-start]
2020-09-29T12:01:04.400+0200: 126.631: [GC concurrent-cleanup-end, 0.0022615 secs]
2020-09-29T12:01:04.535+0200: 126.766: [GC pause (G1 Evacuation Pause) (young), 0.1314676 secs]
   [Parallel Time: 130.0 ms, GC Workers: 8]
      [GC Worker Start (ms): Min: 126766.4, Avg: 126766.5, Max: 126766.5, Diff: 0.1]
      [Ext Root Scanning (ms): Min: 0.1, Avg: 0.1, Max: 0.2, Diff: 0.1, Sum: 1.0]
      [Update RS (ms): Min: 19.7, Avg: 19.9, Max: 20.8, Diff: 1.1, Sum: 159.0]
         [Processed Buffers: Min: 13, Avg: 14.6, Max: 18, Diff: 5, Sum: 117]
      [Scan RS (ms): Min: 7.7, Avg: 8.7, Max: 8.9, Diff: 1.2, Sum: 69.3]
      [Code Root Scanning (ms): Min: 0.0, Avg: 0.0, Max: 0.0, Diff: 0.0, Sum: 0.0]
      [Object Copy (ms): Min: 100.9, Avg: 101.0, Max: 101.1, Diff: 0.1, Sum: 808.1]
      [Termination (ms): Min: 0.0, Avg: 0.0, Max: 0.0, Diff: 0.0, Sum: 0.2]
         [Termination Attempts: Min: 1, Avg: 81.6, Max: 101, Diff: 100, Sum: 653]
      [GC Worker Other (ms): Min: 0.0, Avg: 0.0, Max: 0.1, Diff: 0.1, Sum: 0.4]
      [GC Worker Total (ms): Min: 129.7, Avg: 129.7, Max: 129.8, Diff: 0.1, Sum: 1037.9]
      [GC Worker End (ms): Min: 126896.2, Avg: 126896.2, Max: 126896.3, Diff: 0.1]
   [Code Root Fixup: 0.0 ms]
   [Code Root Purge: 0.0 ms]
   [Clear CT: 0.3 ms]
   [Other: 1.2 ms]
      [Choose CSet: 0.0 ms]
      [Ref Proc: 0.3 ms]
      [Ref Enq: 0.0 ms]
      [Redirty Cards: 0.3 ms]
      [Humongous Register: 0.1 ms]
      [Humongous Reclaim: 0.0 ms]
      [Free CSet: 0.2 ms]
   [Eden: 166.0M(166.0M)->0.0B(167.0M) Survivors: 6144.0K->22.0M Heap: 206.6M(2048.0M)->202.6M(2048.0M)]
 [Times: user=1.13 sys=0.00, real=0.13 secs] 
2020-09-29T12:01:04.814+0200: 127.045: [GC pause (G1 Evacuation Pause) (young), 0.1764412 secs]
   [Parallel Time: 175.0 ms, GC Workers: 8]
      [GC Worker Start (ms): Min: 127045.0, Avg: 127049.2, Max: 127061.8, Diff: 16.8]
      [Ext Root Scanning (ms): Min: 0.0, Avg: 0.1, Max: 0.2, Diff: 0.2, Sum: 0.9]
      [Update RS (ms): Min: 9.1, Avg: 22.6, Max: 33.0, Diff: 23.9, Sum: 180.9]
         [Processed Buffers: Min: 8, Avg: 16.4, Max: 24, Diff: 16, Sum: 131]
      [Scan RS (ms): Min: 5.7, Avg: 11.9, Max: 12.9, Diff: 7.2, Sum: 95.6]
      [Code Root Scanning (ms): Min: 0.0, Avg: 0.0, Max: 0.0, Diff: 0.0, Sum: 0.0]
      [Object Copy (ms): Min: 135.9, Avg: 135.9, Max: 136.0, Diff: 0.1, Sum: 1087.4]
      [Termination (ms): Min: 0.0, Avg: 0.0, Max: 0.1, Diff: 0.1, Sum: 0.3]
         [Termination Attempts: Min: 1, Avg: 175.8, Max: 241, Diff: 240, Sum: 1406]
      [GC Worker Other (ms): Min: 0.0, Avg: 0.1, Max: 0.1, Diff: 0.1, Sum: 0.4]
      [GC Worker Total (ms): Min: 158.1, Avg: 170.7, Max: 174.9, Diff: 16.8, Sum: 1365.4]
      [GC Worker End (ms): Min: 127219.9, Avg: 127219.9, Max: 127220.0, Diff: 0.1]
   [Code Root Fixup: 0.0 ms]
   [Code Root Purge: 0.0 ms]
   [Clear CT: 0.3 ms]
   [Other: 1.1 ms]
      [Choose CSet: 0.0 ms]
      [Ref Proc: 0.2 ms]
      [Ref Enq: 0.0 ms]
      [Redirty Cards: 0.3 ms]
      [Humongous Register: 0.1 ms]
      [Humongous Reclaim: 0.0 ms]
      [Free CSet: 0.2 ms]
   [Eden: 167.0M(167.0M)->0.0B(165.0M) Survivors: 22.0M->24.0M Heap: 398.2M(2048.0M)->399.7M(2048.0M)]
 [Times: user=1.38 sys=0.02, real=0.18 secs] 
2020-09-29T12:01:05.146+0200: 127.377: [GC pause (G1 Evacuation Pause) (young), 0.2200635 secs]
   [Parallel Time: 218.5 ms, GC Workers: 8]
      [GC Worker Start (ms): Min: 127377.0, Avg: 127377.6, Max: 127379.2, Diff: 2.2]
      [Ext Root Scanning (ms): Min: 0.0, Avg: 0.1, Max: 0.2, Diff: 0.2, Sum: 0.7]
      [Update RS (ms): Min: 18.4, Avg: 20.1, Max: 21.0, Diff: 2.5, Sum: 161.2]
         [Processed Buffers: Min: 13, Avg: 15.0, Max: 16, Diff: 3, Sum: 120]
      [Scan RS (ms): Min: 10.5, Avg: 10.9, Max: 11.2, Diff: 0.7, Sum: 87.1]
      [Code Root Scanning (ms): Min: 0.0, Avg: 0.0, Max: 0.0, Diff: 0.0, Sum: 0.0]
      [Object Copy (ms): Min: 186.1, Avg: 186.3, Max: 186.4, Diff: 0.3, Sum: 1490.1]
      [Termination (ms): Min: 0.1, Avg: 0.3, Max: 0.5, Diff: 0.3, Sum: 2.7]
         [Termination Attempts: Min: 1, Avg: 1150.5, Max: 1598, Diff: 1597, Sum: 9204]
      [GC Worker Other (ms): Min: 0.0, Avg: 0.0, Max: 0.0, Diff: 0.0, Sum: 0.1]
      [GC Worker Total (ms): Min: 216.1, Avg: 217.7, Max: 218.4, Diff: 2.2, Sum: 1742.0]
      [GC Worker End (ms): Min: 127595.4, Avg: 127595.4, Max: 127595.4, Diff: 0.0]
   [Code Root Fixup: 0.0 ms]
   [Code Root Purge: 0.0 ms]
   [Clear CT: 0.3 ms]
   [Other: 1.2 ms]
      [Choose CSet: 0.0 ms]
      [Ref Proc: 0.3 ms]
      [Ref Enq: 0.0 ms]
      [Redirty Cards: 0.4 ms]
      [Humongous Register: 0.1 ms]
      [Humongous Reclaim: 0.0 ms]
      [Free CSet: 0.2 ms]
   [Eden: 165.0M(165.0M)->0.0B(146.0M) Survivors: 24.0M->24.0M Heap: 591.4M(2048.0M)->592.9M(2048.0M)]
 [Times: user=1.45 sys=0.00, real=0.22 secs] 
2020-09-29T12:01:05.488+0200: 127.719: [GC pause (G1 Evacuation Pause) (young), 0.0919895 secs]
   [Parallel Time: 90.7 ms, GC Workers: 8]
      [GC Worker Start (ms): Min: 127719.4, Avg: 127719.5, Max: 127719.6, Diff: 0.1]
      [Ext Root Scanning (ms): Min: 0.0, Avg: 0.1, Max: 0.2, Diff: 0.1, Sum: 0.7]
      [Update RS (ms): Min: 11.9, Avg: 12.0, Max: 12.2, Diff: 0.3, Sum: 95.9]
         [Processed Buffers: Min: 11, Avg: 13.8, Max: 16, Diff: 5, Sum: 110]
      [Scan RS (ms): Min: 6.0, Avg: 6.2, Max: 6.3, Diff: 0.3, Sum: 49.4]
      [Code Root Scanning (ms): Min: 0.0, Avg: 0.0, Max: 0.0, Diff: 0.0, Sum: 0.0]
      [Object Copy (ms): Min: 72.2, Avg: 72.2, Max: 72.3, Diff: 0.1, Sum: 577.8]
      [Termination (ms): Min: 0.0, Avg: 0.0, Max: 0.0, Diff: 0.0, Sum: 0.1]
         [Termination Attempts: Min: 1, Avg: 51.1, Max: 72, Diff: 71, Sum: 409]
      [GC Worker Other (ms): Min: 0.0, Avg: 0.0, Max: 0.1, Diff: 0.0, Sum: 0.2]
      [GC Worker Total (ms): Min: 90.4, Avg: 90.5, Max: 90.6, Diff: 0.2, Sum: 724.0]
      [GC Worker End (ms): Min: 127810.0, Avg: 127810.0, Max: 127810.0, Diff: 0.0]
   [Code Root Fixup: 0.0 ms]
   [Code Root Purge: 0.0 ms]
   [Clear CT: 0.1 ms]
   [Other: 1.1 ms]
      [Choose CSet: 0.0 ms]
      [Ref Proc: 0.2 ms]
      [Ref Enq: 0.0 ms]
      [Redirty Cards: 0.5 ms]
      [Humongous Register: 0.1 ms]
      [Humongous Reclaim: 0.0 ms]
      [Free CSet: 0.2 ms]
   [Eden: 146.0M(146.0M)->0.0B(173.0M) Survivors: 24.0M->22.0M Heap: 763.7M(2048.0M)->765.7M(2048.0M)]
 [Times: user=0.75 sys=0.00, real=0.09 secs] 
2020-09-29T12:01:05.742+0200: 127.973: [GC pause (G1 Evacuation Pause) (young), 0.0994272 secs]
   [Parallel Time: 98.4 ms, GC Workers: 8]
      [GC Worker Start (ms): Min: 127973.1, Avg: 127973.2, Max: 127973.3, Diff: 0.2]
      [Ext Root Scanning (ms): Min: 0.0, Avg: 0.1, Max: 0.1, Diff: 0.1, Sum: 0.7]
      [Update RS (ms): Min: 14.1, Avg: 14.2, Max: 14.3, Diff: 0.2, Sum: 113.3]
         [Processed Buffers: Min: 13, Avg: 15.1, Max: 19, Diff: 6, Sum: 121]
      [Scan RS (ms): Min: 6.9, Avg: 7.1, Max: 7.3, Diff: 0.3, Sum: 57.0]
      [Code Root Scanning (ms): Min: 0.0, Avg: 0.0, Max: 0.0, Diff: 0.0, Sum: 0.0]
      [Object Copy (ms): Min: 76.8, Avg: 76.8, Max: 76.9, Diff: 0.1, Sum: 614.6]
      [Termination (ms): Min: 0.0, Avg: 0.0, Max: 0.0, Diff: 0.0, Sum: 0.0]
         [Termination Attempts: Min: 1, Avg: 23.5, Max: 33, Diff: 32, Sum: 188]
      [GC Worker Other (ms): Min: 0.0, Avg: 0.0, Max: 0.1, Diff: 0.0, Sum: 0.2]
      [GC Worker Total (ms): Min: 98.1, Avg: 98.2, Max: 98.3, Diff: 0.2, Sum: 786.0]
      [GC Worker End (ms): Min: 128071.4, Avg: 128071.4, Max: 128071.5, Diff: 0.0]
   [Code Root Fixup: 0.0 ms]
   [Code Root Purge: 0.0 ms]
   [Clear CT: 0.2 ms]
   [Other: 0.9 ms]
      [Choose CSet: 0.0 ms]
      [Ref Proc: 0.2 ms]
      [Ref Enq: 0.0 ms]
      [Redirty Cards: 0.2 ms]
      [Humongous Register: 0.1 ms]
      [Humongous Reclaim: 0.0 ms]
      [Free CSet: 0.2 ms]
   [Eden: 173.0M(173.0M)->0.0B(200.0M) Survivors: 22.0M->25.0M Heap: 967.3M(2048.0M)->969.8M(2048.0M)]
 [Times: user=0.75 sys=0.00, real=0.10 secs] 
2020-09-29T12:01:05.852+0200: 128.083: [GC pause (G1 Humongous Allocation) (young) (initial-mark), 0.0326495 secs]
   [Parallel Time: 31.7 ms, GC Workers: 8]
      [GC Worker Start (ms): Min: 128083.7, Avg: 128083.7, Max: 128083.8, Diff: 0.1]
      [Ext Root Scanning (ms): Min: 0.0, Avg: 0.2, Max: 0.8, Diff: 0.7, Sum: 1.3]
      [Update RS (ms): Min: 15.9, Avg: 16.2, Max: 16.4, Diff: 0.6, Sum: 129.3]
         [Processed Buffers: Min: 20, Avg: 20.5, Max: 22, Diff: 2, Sum: 164]
      [Scan RS (ms): Min: 1.4, Avg: 1.7, Max: 2.0, Diff: 0.5, Sum: 13.4]
      [Code Root Scanning (ms): Min: 0.0, Avg: 0.0, Max: 0.0, Diff: 0.0, Sum: 0.0]
      [Object Copy (ms): Min: 13.5, Avg: 13.5, Max: 13.5, Diff: 0.1, Sum: 108.0]
      [Termination (ms): Min: 0.0, Avg: 0.0, Max: 0.1, Diff: 0.1, Sum: 0.4]
         [Termination Attempts: Min: 1, Avg: 88.6, Max: 132, Diff: 131, Sum: 709]
      [GC Worker Other (ms): Min: 0.0, Avg: 0.0, Max: 0.0, Diff: 0.0, Sum: 0.1]
      [GC Worker Total (ms): Min: 31.5, Avg: 31.6, Max: 31.6, Diff: 0.1, Sum: 252.6]
      [GC Worker End (ms): Min: 128115.3, Avg: 128115.3, Max: 128115.3, Diff: 0.0]
   [Code Root Fixup: 0.0 ms]
   [Code Root Purge: 0.0 ms]
   [Clear CT: 0.2 ms]
   [Other: 0.7 ms]
      [Choose CSet: 0.0 ms]
      [Ref Proc: 0.1 ms]
      [Ref Enq: 0.0 ms]
      [Redirty Cards: 0.2 ms]
      [Humongous Register: 0.1 ms]
      [Humongous Reclaim: 0.0 ms]
      [Free CSet: 0.1 ms]
   [Eden: 8192.0K(200.0M)->0.0B(248.0M) Survivors: 25.0M->9216.0K Heap: 977.3M(2048.0M)->981.3M(2048.0M)]
 [Times: user=0.25 sys=0.00, real=0.03 secs] 
2020-09-29T12:01:05.885+0200: 128.116: [GC concurrent-root-region-scan-start]
2020-09-29T12:01:05.887+0200: 128.119: [GC concurrent-root-region-scan-end, 0.0023350 secs]
2020-09-29T12:01:05.887+0200: 128.119: [GC concurrent-mark-start]
2020-09-29T12:01:05.892+0200: 128.123: [GC concurrent-mark-end, 0.0047379 secs]
2020-09-29T12:01:05.892+0200: 128.124: [GC remark 2020-09-29T12:01:05.892+0200: 128.124: [Finalize Marking, 0.0003363 secs] 2020-09-29T12:01:05.893+0200: 128.124: [GC ref-proc, 0.0003596 secs] 2020-09-29T12:01:05.893+0200: 128.124: [Unloading, 0.0004705 secs], 0.0015797 secs]
 [Times: user=0.00 sys=0.00, real=0.00 secs] 
2020-09-29T12:01:05.894+0200: 128.126: [GC cleanup 998M->31M(2048M), 0.0012966 secs]
 [Times: user=0.09 sys=0.02, real=0.00 secs] 
2020-09-29T12:01:05.896+0200: 128.127: [GC concurrent-cleanup-start]
2020-09-29T12:01:05.897+0200: 128.129: [GC concurrent-cleanup-end, 0.0016456 secs]
2020-09-29T12:01:06.038+0200: 128.269: [GC pause (G1 Evacuation Pause) (young), 0.1749602 secs]
   [Parallel Time: 173.8 ms, GC Workers: 8]
      [GC Worker Start (ms): Min: 128268.9, Avg: 128272.9, Max: 128300.4, Diff: 31.5]
      [Ext Root Scanning (ms): Min: 0.0, Avg: 0.1, Max: 0.1, Diff: 0.1, Sum: 0.6]
      [Update RS (ms): Min: 0.0, Avg: 19.0, Max: 29.4, Diff: 29.4, Sum: 151.8]
         [Processed Buffers: Min: 0, Avg: 17.1, Max: 25, Diff: 25, Sum: 137]
      [Scan RS (ms): Min: 3.0, Avg: 11.5, Max: 14.3, Diff: 11.3, Sum: 91.8]
      [Code Root Scanning (ms): Min: 0.0, Avg: 0.0, Max: 0.0, Diff: 0.0, Sum: 0.0]
      [Object Copy (ms): Min: 139.1, Avg: 139.2, Max: 139.3, Diff: 0.2, Sum: 1113.8]
      [Termination (ms): Min: 0.0, Avg: 0.0, Max: 0.0, Diff: 0.0, Sum: 0.1]
         [Termination Attempts: Min: 1, Avg: 59.1, Max: 89, Diff: 88, Sum: 473]
      [GC Worker Other (ms): Min: 0.0, Avg: 0.0, Max: 0.1, Diff: 0.0, Sum: 0.3]
      [GC Worker Total (ms): Min: 142.3, Avg: 169.8, Max: 173.8, Diff: 31.5, Sum: 1358.3]
      [GC Worker End (ms): Min: 128442.7, Avg: 128442.7, Max: 128442.7, Diff: 0.0]
   [Code Root Fixup: 0.0 ms]
   [Code Root Purge: 0.0 ms]
   [Clear CT: 0.2 ms]
   [Other: 0.9 ms]
      [Choose CSet: 0.0 ms]
      [Ref Proc: 0.2 ms]
      [Ref Enq: 0.0 ms]
      [Redirty Cards: 0.2 ms]
      [Humongous Register: 0.0 ms]
      [Humongous Reclaim: 0.0 ms]
      [Free CSet: 0.2 ms]
   [Eden: 248.0M(248.0M)->0.0B(227.0M) Survivors: 9216.0K->33.0M Heap: 305.0M(2048.0M)->298.0M(2048.0M)]
 [Times: user=1.25 sys=0.01, real=0.17 secs] 
2020-09-29T12:01:06.351+0200: 128.582: [GC pause (G1 Evacuation Pause) (young), 0.1994283 secs]
   [Parallel Time: 198.3 ms, GC Workers: 8]
      [GC Worker Start (ms): Min: 128581.8, Avg: 128585.8, Max: 128613.4, Diff: 31.6]
      [Ext Root Scanning (ms): Min: 0.0, Avg: 0.1, Max: 0.1, Diff: 0.1, Sum: 0.6]
      [Update RS (ms): Min: 0.0, Avg: 12.9, Max: 15.2, Diff: 15.2, Sum: 103.3]
         [Processed Buffers: Min: 0, Avg: 15.8, Max: 19, Diff: 19, Sum: 126]
      [Scan RS (ms): Min: 0.0, Avg: 11.2, Max: 13.0, Diff: 12.9, Sum: 89.9]
      [Code Root Scanning (ms): Min: 0.0, Avg: 0.0, Max: 0.0, Diff: 0.0, Sum: 0.0]
      [Object Copy (ms): Min: 165.9, Avg: 169.5, Max: 170.4, Diff: 4.4, Sum: 1355.7]
      [Termination (ms): Min: 0.0, Avg: 0.5, Max: 0.7, Diff: 0.6, Sum: 3.9]
         [Termination Attempts: Min: 1, Avg: 3500.1, Max: 4931, Diff: 4930, Sum: 28001]
      [GC Worker Other (ms): Min: 0.0, Avg: 0.0, Max: 0.0, Diff: 0.0, Sum: 0.1]
      [GC Worker Total (ms): Min: 166.6, Avg: 194.2, Max: 198.2, Diff: 31.6, Sum: 1553.4]
      [GC Worker End (ms): Min: 128780.0, Avg: 128780.0, Max: 128780.0, Diff: 0.0]
   [Code Root Fixup: 0.0 ms]
   [Code Root Purge: 0.0 ms]
   [Clear CT: 0.2 ms]
   [Other: 0.9 ms]
      [Choose CSet: 0.0 ms]
      [Ref Proc: 0.2 ms]
      [Ref Enq: 0.0 ms]
      [Redirty Cards: 0.3 ms]
      [Humongous Register: 0.0 ms]
      [Humongous Reclaim: 0.0 ms]
      [Free CSet: 0.2 ms]
   [Eden: 227.0M(227.0M)->0.0B(214.0M) Survivors: 33.0M->33.0M Heap: 563.1M(2048.0M)->565.1M(2048.0M)]
 [Times: user=1.31 sys=0.00, real=0.20 secs] 
2020-09-29T12:01:06.670+0200: 128.901: [GC pause (G1 Evacuation Pause) (young), 0.1362766 secs]
   [Parallel Time: 135.2 ms, GC Workers: 8]
      [GC Worker Start (ms): Min: 128901.5, Avg: 128901.6, Max: 128901.7, Diff: 0.2]
      [Ext Root Scanning (ms): Min: 0.0, Avg: 0.1, Max: 0.1, Diff: 0.1, Sum: 0.6]
      [Update RS (ms): Min: 16.2, Avg: 16.2, Max: 16.4, Diff: 0.3, Sum: 130.0]
         [Processed Buffers: Min: 16, Avg: 18.5, Max: 22, Diff: 6, Sum: 148]
      [Scan RS (ms): Min: 10.2, Avg: 10.4, Max: 10.5, Diff: 0.3, Sum: 82.9]
      [Code Root Scanning (ms): Min: 0.0, Avg: 0.0, Max: 0.0, Diff: 0.0, Sum: 0.0]
      [Object Copy (ms): Min: 108.3, Avg: 108.3, Max: 108.4, Diff: 0.1, Sum: 866.7]
      [Termination (ms): Min: 0.0, Avg: 0.0, Max: 0.1, Diff: 0.1, Sum: 0.4]
         [Termination Attempts: Min: 1, Avg: 331.0, Max: 483, Diff: 482, Sum: 2648]
      [GC Worker Other (ms): Min: 0.0, Avg: 0.0, Max: 0.1, Diff: 0.1, Sum: 0.3]
      [GC Worker Total (ms): Min: 135.0, Avg: 135.1, Max: 135.2, Diff: 0.2, Sum: 1080.9]
      [GC Worker End (ms): Min: 129036.6, Avg: 129036.7, Max: 129036.7, Diff: 0.1]
   [Code Root Fixup: 0.0 ms]
   [Code Root Purge: 0.0 ms]
   [Clear CT: 0.2 ms]
   [Other: 0.9 ms]
      [Choose CSet: 0.0 ms]
      [Ref Proc: 0.2 ms]
      [Ref Enq: 0.0 ms]
      [Redirty Cards: 0.2 ms]
      [Humongous Register: 0.0 ms]
      [Humongous Reclaim: 0.0 ms]
      [Free CSet: 0.3 ms]
   [Eden: 214.0M(214.0M)->0.0B(235.0M) Survivors: 33.0M->31.0M Heap: 815.3M(2048.0M)->817.8M(2048.0M)]
 [Times: user=1.06 sys=0.02, real=0.14 secs] 
2020-09-29T12:01:06.953+0200: 129.184: [GC pause (G1 Evacuation Pause) (young), 0.1608957 secs]
   [Parallel Time: 159.8 ms, GC Workers: 8]
      [GC Worker Start (ms): Min: 129184.2, Avg: 129185.1, Max: 129188.0, Diff: 3.9]
      [Ext Root Scanning (ms): Min: 0.0, Avg: 0.1, Max: 0.1, Diff: 0.1, Sum: 0.6]
      [Update RS (ms): Min: 14.8, Avg: 17.9, Max: 19.2, Diff: 4.4, Sum: 143.2]
         [Processed Buffers: Min: 16, Avg: 19.1, Max: 21, Diff: 5, Sum: 153]
      [Scan RS (ms): Min: 10.4, Avg: 10.8, Max: 11.1, Diff: 0.7, Sum: 86.2]
      [Code Root Scanning (ms): Min: 0.0, Avg: 0.0, Max: 0.0, Diff: 0.0, Sum: 0.0]
      [Object Copy (ms): Min: 129.6, Avg: 129.8, Max: 129.9, Diff: 0.3, Sum: 1038.1]
      [Termination (ms): Min: 0.0, Avg: 0.1, Max: 0.2, Diff: 0.2, Sum: 1.0]
         [Termination Attempts: Min: 1, Avg: 692.6, Max: 887, Diff: 886, Sum: 5541]
      [GC Worker Other (ms): Min: 0.0, Avg: 0.0, Max: 0.1, Diff: 0.0, Sum: 0.3]
      [GC Worker Total (ms): Min: 155.8, Avg: 158.7, Max: 159.6, Diff: 3.8, Sum: 1269.3]
      [GC Worker End (ms): Min: 129343.8, Avg: 129343.8, Max: 129343.8, Diff: 0.0]
   [Code Root Fixup: 0.0 ms]
   [Code Root Purge: 0.0 ms]
   [Clear CT: 0.2 ms]
   [Other: 1.0 ms]
      [Choose CSet: 0.0 ms]
      [Ref Proc: 0.2 ms]
      [Ref Enq: 0.0 ms]
      [Redirty Cards: 0.3 ms]
      [Humongous Register: 0.1 ms]
      [Humongous Reclaim: 0.0 ms]
      [Free CSet: 0.3 ms]
   [Eden: 235.0M(235.0M)->0.0B(243.0M) Survivors: 31.0M->34.0M Heap: 1091.0M(2048.0M)->1093.5M(2048.0M)]
 [Times: user=1.20 sys=0.00, real=0.16 secs] 
2020-09-29T12:01:07.116+0200: 129.347: [GC pause (G1 Humongous Allocation) (young) (initial-mark), 0.0673034 secs]
   [Parallel Time: 66.3 ms, GC Workers: 8]
      [GC Worker Start (ms): Min: 129347.4, Avg: 129347.5, Max: 129347.6, Diff: 0.2]
      [Ext Root Scanning (ms): Min: 0.0, Avg: 0.1, Max: 0.2, Diff: 0.2, Sum: 1.2]
      [Update RS (ms): Min: 38.0, Avg: 38.4, Max: 38.7, Diff: 0.7, Sum: 307.2]
         [Processed Buffers: Min: 35, Avg: 43.1, Max: 50, Diff: 15, Sum: 345]
      [Scan RS (ms): Min: 0.0, Avg: 0.3, Max: 0.6, Diff: 0.6, Sum: 2.1]
      [Code Root Scanning (ms): Min: 0.0, Avg: 0.0, Max: 0.0, Diff: 0.0, Sum: 0.0]
      [Object Copy (ms): Min: 27.2, Avg: 27.2, Max: 27.4, Diff: 0.2, Sum: 217.9]
      [Termination (ms): Min: 0.0, Avg: 0.1, Max: 0.2, Diff: 0.2, Sum: 1.1]
         [Termination Attempts: Min: 1, Avg: 911.9, Max: 1302, Diff: 1301, Sum: 7295]
      [GC Worker Other (ms): Min: 0.0, Avg: 0.0, Max: 0.0, Diff: 0.0, Sum: 0.1]
      [GC Worker Total (ms): Min: 66.1, Avg: 66.2, Max: 66.3, Diff: 0.2, Sum: 529.5]
      [GC Worker End (ms): Min: 129413.7, Avg: 129413.7, Max: 129413.7, Diff: 0.0]
   [Code Root Fixup: 0.0 ms]
   [Code Root Purge: 0.0 ms]
   [Clear CT: 0.2 ms]
   [Other: 0.8 ms]
      [Choose CSet: 0.0 ms]
      [Ref Proc: 0.2 ms]
      [Ref Enq: 0.0 ms]
      [Redirty Cards: 0.2 ms]
      [Humongous Register: 0.1 ms]
      [Humongous Reclaim: 0.0 ms]
      [Free CSet: 0.1 ms]
   [Eden: 4096.0K(243.0M)->0.0B(241.0M) Survivors: 34.0M->5120.0K Heap: 1097.0M(2048.0M)->1100.5M(2048.0M)]
 [Times: user=0.39 sys=0.00, real=0.07 secs] 
2020-09-29T12:01:07.184+0200: 129.415: [GC concurrent-root-region-scan-start]
2020-09-29T12:01:07.185+0200: 129.416: [GC concurrent-root-region-scan-end, 0.0012389 secs]
2020-09-29T12:01:07.185+0200: 129.416: [GC concurrent-mark-start]
2020-09-29T12:01:07.189+0200: 129.420: [GC concurrent-mark-end, 0.0039119 secs]
2020-09-29T12:01:07.190+0200: 129.421: [GC remark 2020-09-29T12:01:07.190+0200: 129.421: [Finalize Marking, 0.0002380 secs] 2020-09-29T12:01:07.191+0200: 129.421: [GC ref-proc, 0.0004127 secs] 2020-09-29T12:01:07.191+0200: 129.422: [Unloading, 0.0005828 secs], 0.0017162 secs]
 [Times: user=0.00 sys=0.00, real=0.00 secs] 
2020-09-29T12:01:07.199+0200: 129.430: [GC cleanup 1123M->33M(2048M), 0.0020750 secs]
 [Times: user=0.00 sys=0.00, real=0.00 secs] 
2020-09-29T12:01:07.201+0200: 129.432: [GC concurrent-cleanup-start]
2020-09-29T12:01:07.203+0200: 129.434: [GC concurrent-cleanup-end, 0.0021105 secs]
2020-09-29T12:01:07.347+0200: 129.578: [GC pause (G1 Evacuation Pause) (young), 0.1798494 secs]
   [Parallel Time: 178.8 ms, GC Workers: 8]
      [GC Worker Start (ms): Min: 129578.1, Avg: 129578.9, Max: 129583.7, Diff: 5.6]
      [Ext Root Scanning (ms): Min: 0.0, Avg: 0.1, Max: 0.2, Diff: 0.2, Sum: 0.8]
      [Update RS (ms): Min: 21.8, Avg: 26.8, Max: 29.2, Diff: 7.3, Sum: 214.7]
         [Processed Buffers: Min: 6, Avg: 21.4, Max: 29, Diff: 23, Sum: 171]
      [Scan RS (ms): Min: 13.4, Avg: 17.0, Max: 29.1, Diff: 15.7, Sum: 136.4]
      [Code Root Scanning (ms): Min: 0.0, Avg: 0.0, Max: 0.0, Diff: 0.0, Sum: 0.0]
      [Object Copy (ms): Min: 122.0, Avg: 133.8, Max: 135.8, Diff: 13.9, Sum: 1070.6]
      [Termination (ms): Min: 0.0, Avg: 0.2, Max: 0.3, Diff: 0.3, Sum: 1.3]
         [Termination Attempts: Min: 1, Avg: 1059.5, Max: 1481, Diff: 1480, Sum: 8476]
      [GC Worker Other (ms): Min: 0.0, Avg: 0.0, Max: 0.1, Diff: 0.0, Sum: 0.3]
      [GC Worker Total (ms): Min: 173.2, Avg: 178.0, Max: 178.8, Diff: 5.6, Sum: 1424.0]
      [GC Worker End (ms): Min: 129756.8, Avg: 129756.9, Max: 129756.9, Diff: 0.0]
   [Code Root Fixup: 0.0 ms]
   [Code Root Purge: 0.0 ms]
   [Clear CT: 0.1 ms]
   [Other: 0.9 ms]
      [Choose CSet: 0.0 ms]
      [Ref Proc: 0.2 ms]
      [Ref Enq: 0.0 ms]
      [Redirty Cards: 0.2 ms]
      [Humongous Register: 0.0 ms]
      [Humongous Reclaim: 0.0 ms]
      [Free CSet: 0.2 ms]
   [Eden: 241.0M(241.0M)->0.0B(209.0M) Survivors: 5120.0K->31.0M Heap: 294.0M(2048.0M)->291.0M(2048.0M)]
 [Times: user=1.31 sys=0.03, real=0.18 secs] 
2020-09-29T12:01:07.683+0200: 129.914: [GC pause (G1 Evacuation Pause) (young), 0.1624424 secs]
   [Parallel Time: 161.3 ms, GC Workers: 8]
      [GC Worker Start (ms): Min: 129914.5, Avg: 129914.6, Max: 129914.7, Diff: 0.2]
      [Ext Root Scanning (ms): Min: 0.0, Avg: 0.1, Max: 0.2, Diff: 0.2, Sum: 0.7]
      [Update RS (ms): Min: 21.0, Avg: 21.2, Max: 21.6, Diff: 0.6, Sum: 169.5]
         [Processed Buffers: Min: 11, Avg: 19.5, Max: 25, Diff: 14, Sum: 156]
      [Scan RS (ms): Min: 9.8, Avg: 10.3, Max: 11.9, Diff: 2.1, Sum: 82.5]
      [Code Root Scanning (ms): Min: 0.0, Avg: 0.0, Max: 0.0, Diff: 0.0, Sum: 0.0]
      [Object Copy (ms): Min: 127.6, Avg: 129.1, Max: 129.7, Diff: 2.1, Sum: 1033.1]
      [Termination (ms): Min: 0.0, Avg: 0.3, Max: 0.4, Diff: 0.4, Sum: 2.2]
         [Termination Attempts: Min: 1, Avg: 1777.4, Max: 2297, Diff: 2296, Sum: 14219]
      [GC Worker Other (ms): Min: 0.0, Avg: 0.0, Max: 0.1, Diff: 0.1, Sum: 0.3]
      [GC Worker Total (ms): Min: 160.9, Avg: 161.0, Max: 161.2, Diff: 0.3, Sum: 1288.3]
      [GC Worker End (ms): Min: 130075.6, Avg: 130075.6, Max: 130075.6, Diff: 0.1]
   [Code Root Fixup: 0.0 ms]
   [Code Root Purge: 0.0 ms]
   [Clear CT: 0.1 ms]
   [Other: 1.0 ms]
      [Choose CSet: 0.0 ms]
      [Ref Proc: 0.2 ms]
      [Ref Enq: 0.0 ms]
      [Redirty Cards: 0.2 ms]
      [Humongous Register: 0.1 ms]
      [Humongous Reclaim: 0.0 ms]
      [Free CSet: 0.3 ms]
   [Eden: 209.0M(209.0M)->0.0B(215.0M) Survivors: 31.0M->30.0M Heap: 534.3M(2048.0M)->535.8M(2048.0M)]
 [Times: user=1.13 sys=0.00, real=0.16 secs] 
2020-09-29T12:01:07.977+0200: 130.208: [GC pause (G1 Evacuation Pause) (young), 0.1654477 secs]
   [Parallel Time: 164.3 ms, GC Workers: 8]
      [GC Worker Start (ms): Min: 130208.5, Avg: 130208.5, Max: 130208.6, Diff: 0.1]
      [Ext Root Scanning (ms): Min: 0.0, Avg: 0.1, Max: 0.1, Diff: 0.1, Sum: 0.6]
      [Update RS (ms): Min: 15.9, Avg: 17.3, Max: 26.7, Diff: 10.8, Sum: 138.4]
         [Processed Buffers: Min: 0, Avg: 17.9, Max: 23, Diff: 23, Sum: 143]
      [Scan RS (ms): Min: 0.1, Avg: 10.2, Max: 15.9, Diff: 15.8, Sum: 81.3]
      [Code Root Scanning (ms): Min: 0.0, Avg: 0.0, Max: 0.0, Diff: 0.0, Sum: 0.0]
      [Object Copy (ms): Min: 131.9, Avg: 136.4, Max: 137.3, Diff: 5.4, Sum: 1091.3]
      [Termination (ms): Min: 0.0, Avg: 0.2, Max: 0.3, Diff: 0.3, Sum: 1.6]
         [Termination Attempts: Min: 1, Avg: 1451.6, Max: 1828, Diff: 1827, Sum: 11613]
      [GC Worker Other (ms): Min: 0.0, Avg: 0.0, Max: 0.0, Diff: 0.0, Sum: 0.2]
      [GC Worker Total (ms): Min: 164.1, Avg: 164.2, Max: 164.2, Diff: 0.1, Sum: 1313.5]
      [GC Worker End (ms): Min: 130372.7, Avg: 130372.7, Max: 130372.7, Diff: 0.0]
   [Code Root Fixup: 0.0 ms]
   [Code Root Purge: 0.0 ms]
   [Clear CT: 0.1 ms]
   [Other: 1.0 ms]
      [Choose CSet: 0.0 ms]
      [Ref Proc: 0.2 ms]
      [Ref Enq: 0.0 ms]
      [Redirty Cards: 0.2 ms]
      [Humongous Register: 0.0 ms]
      [Humongous Reclaim: 0.0 ms]
      [Free CSet: 0.3 ms]
   [Eden: 215.0M(215.0M)->0.0B(220.0M) Survivors: 30.0M->31.0M Heap: 787.0M(2048.0M)->789.5M(2048.0M)]
 [Times: user=1.14 sys=0.00, real=0.17 secs] 
2020-09-29T12:01:08.278+0200: 130.509: [GC pause (G1 Evacuation Pause) (young), 0.1963292 secs]
   [Parallel Time: 195.3 ms, GC Workers: 8]
      [GC Worker Start (ms): Min: 130509.0, Avg: 130509.1, Max: 130509.2, Diff: 0.2]
      [Ext Root Scanning (ms): Min: 0.0, Avg: 0.1, Max: 0.1, Diff: 0.1, Sum: 0.6]
      [Update RS (ms): Min: 18.1, Avg: 20.0, Max: 32.3, Diff: 14.2, Sum: 159.6]
         [Processed Buffers: Min: 1, Avg: 17.3, Max: 23, Diff: 22, Sum: 138]
      [Scan RS (ms): Min: 0.0, Avg: 10.8, Max: 12.5, Diff: 12.4, Sum: 86.5]
      [Code Root Scanning (ms): Min: 0.0, Avg: 0.0, Max: 0.0, Diff: 0.0, Sum: 0.0]
      [Object Copy (ms): Min: 162.2, Avg: 163.9, Max: 164.4, Diff: 2.2, Sum: 1311.1]
      [Termination (ms): Min: 0.0, Avg: 0.3, Max: 0.5, Diff: 0.5, Sum: 2.6]
         [Termination Attempts: Min: 1, Avg: 2087.1, Max: 2955, Diff: 2954, Sum: 16697]
      [GC Worker Other (ms): Min: 0.0, Avg: 0.0, Max: 0.1, Diff: 0.1, Sum: 0.3]
      [GC Worker Total (ms): Min: 195.0, Avg: 195.1, Max: 195.2, Diff: 0.2, Sum: 1560.8]
      [GC Worker End (ms): Min: 130704.2, Avg: 130704.2, Max: 130704.2, Diff: 0.1]
   [Code Root Fixup: 0.0 ms]
   [Code Root Purge: 0.0 ms]
   [Clear CT: 0.1 ms]
   [Other: 0.9 ms]
      [Choose CSet: 0.0 ms]
      [Ref Proc: 0.1 ms]
      [Ref Enq: 0.0 ms]
      [Redirty Cards: 0.3 ms]
      [Humongous Register: 0.0 ms]
      [Humongous Reclaim: 0.0 ms]
      [Free CSet: 0.2 ms]
   [Eden: 220.0M(220.0M)->0.0B(209.0M) Survivors: 31.0M->32.0M Heap: 1045.8M(2048.0M)->1048.3M(2048.0M)]
 [Times: user=1.25 sys=0.03, real=0.20 secs] 
2020-09-29T12:01:08.480+0200: 130.711: [GC pause (G1 Humongous Allocation) (young) (initial-mark), 0.0516865 secs]
   [Parallel Time: 50.7 ms, GC Workers: 8]
      [GC Worker Start (ms): Min: 130711.0, Avg: 130711.1, Max: 130711.1, Diff: 0.1]
      [Ext Root Scanning (ms): Min: 0.1, Avg: 0.2, Max: 0.7, Diff: 0.6, Sum: 1.4]
      [Update RS (ms): Min: 30.5, Avg: 31.0, Max: 31.4, Diff: 0.9, Sum: 248.4]
         [Processed Buffers: Min: 35, Avg: 38.0, Max: 43, Diff: 8, Sum: 304]
      [Scan RS (ms): Min: 1.4, Avg: 1.6, Max: 1.9, Diff: 0.5, Sum: 13.0]
      [Code Root Scanning (ms): Min: 0.0, Avg: 0.0, Max: 0.0, Diff: 0.0, Sum: 0.0]
      [Object Copy (ms): Min: 17.6, Avg: 17.6, Max: 17.6, Diff: 0.1, Sum: 140.9]
      [Termination (ms): Min: 0.0, Avg: 0.0, Max: 0.0, Diff: 0.0, Sum: 0.1]
         [Termination Attempts: Min: 1, Avg: 60.9, Max: 84, Diff: 83, Sum: 487]
      [GC Worker Other (ms): Min: 0.0, Avg: 0.0, Max: 0.0, Diff: 0.0, Sum: 0.2]
      [GC Worker Total (ms): Min: 50.4, Avg: 50.5, Max: 50.5, Diff: 0.1, Sum: 404.0]
      [GC Worker End (ms): Min: 130761.6, Avg: 130761.6, Max: 130761.6, Diff: 0.0]
   [Code Root Fixup: 0.0 ms]
   [Code Root Purge: 0.0 ms]
   [Clear CT: 0.2 ms]
   [Other: 0.9 ms]
      [Choose CSet: 0.0 ms]
      [Ref Proc: 0.2 ms]
      [Ref Enq: 0.0 ms]
      [Redirty Cards: 0.2 ms]
      [Humongous Register: 0.1 ms]
      [Humongous Reclaim: 0.0 ms]
      [Free CSet: 0.1 ms]
   [Eden: 8192.0K(209.0M)->0.0B(248.0M) Survivors: 32.0M->10.0M Heap: 1056.3M(2048.0M)->1060.8M(2048.0M)]
 [Times: user=0.38 sys=0.00, real=0.05 secs] 
2020-09-29T12:01:08.532+0200: 130.763: [GC concurrent-root-region-scan-start]
2020-09-29T12:01:08.535+0200: 130.766: [GC concurrent-root-region-scan-end, 0.0031648 secs]
2020-09-29T12:01:08.535+0200: 130.766: [GC concurrent-mark-start]
2020-09-29T12:01:08.540+0200: 130.771: [GC concurrent-mark-end, 0.0053540 secs]
2020-09-29T12:01:08.541+0200: 130.772: [GC remark 2020-09-29T12:01:08.541+0200: 130.772: [Finalize Marking, 0.0002844 secs] 2020-09-29T12:01:08.541+0200: 130.772: [GC ref-proc, 0.0008777 secs] 2020-09-29T12:01:08.542+0200: 130.773: [Unloading, 0.0008028 secs], 0.0024146 secs]
 [Times: user=0.00 sys=0.00, real=0.00 secs] 
2020-09-29T12:01:08.543+0200: 130.774: [GC cleanup 1078M->33M(2048M), 0.0025886 secs]
 [Times: user=0.00 sys=0.00, real=0.00 secs] 
2020-09-29T12:01:08.546+0200: 130.777: [GC concurrent-cleanup-start]
2020-09-29T12:01:08.548+0200: 130.779: [GC concurrent-cleanup-end, 0.0019209 secs]
2020-09-29T12:01:08.673+0200: 130.904: [GC pause (G1 Evacuation Pause) (young), 0.1602431 secs]
   [Parallel Time: 159.2 ms, GC Workers: 8]
      [GC Worker Start (ms): Min: 130904.5, Avg: 130907.6, Max: 130928.7, Diff: 24.2]
      [Ext Root Scanning (ms): Min: 0.0, Avg: 0.1, Max: 0.1, Diff: 0.1, Sum: 0.7]
      [Update RS (ms): Min: 0.0, Avg: 18.8, Max: 22.0, Diff: 22.0, Sum: 150.7]
         [Processed Buffers: Min: 0, Avg: 18.5, Max: 24, Diff: 24, Sum: 148]
      [Scan RS (ms): Min: 8.8, Avg: 11.3, Max: 13.1, Diff: 4.2, Sum: 90.3]
      [Code Root Scanning (ms): Min: 0.0, Avg: 0.0, Max: 0.0, Diff: 0.0, Sum: 0.0]
      [Object Copy (ms): Min: 124.1, Avg: 125.6, Max: 126.1, Diff: 2.0, Sum: 1005.1]
      [Termination (ms): Min: 0.0, Avg: 0.1, Max: 0.1, Diff: 0.1, Sum: 0.5]
         [Termination Attempts: Min: 1, Avg: 393.0, Max: 509, Diff: 508, Sum: 3144]
      [GC Worker Other (ms): Min: 0.0, Avg: 0.0, Max: 0.1, Diff: 0.1, Sum: 0.3]
      [GC Worker Total (ms): Min: 134.9, Avg: 156.0, Max: 159.0, Diff: 24.2, Sum: 1247.7]
      [GC Worker End (ms): Min: 131063.5, Avg: 131063.5, Max: 131063.6, Diff: 0.1]
   [Code Root Fixup: 0.0 ms]
   [Code Root Purge: 0.0 ms]
   [Clear CT: 0.2 ms]
   [Other: 0.9 ms]
      [Choose CSet: 0.0 ms]
      [Ref Proc: 0.1 ms]
      [Ref Enq: 0.0 ms]
      [Redirty Cards: 0.2 ms]
      [Humongous Register: 0.0 ms]
      [Humongous Reclaim: 0.0 ms]
      [Free CSet: 0.3 ms]
   [Eden: 248.0M(248.0M)->0.0B(236.0M) Survivors: 10.0M->33.0M Heap: 306.0M(2048.0M)->297.5M(2048.0M)]
 [Times: user=1.25 sys=0.00, real=0.16 secs] 
2020-09-29T12:01:08.969+0200: 131.200: [GC pause (G1 Evacuation Pause) (young), 0.1322894 secs]
   [Parallel Time: 131.2 ms, GC Workers: 8]
      [GC Worker Start (ms): Min: 131200.2, Avg: 131200.4, Max: 131201.4, Diff: 1.2]
      [Ext Root Scanning (ms): Min: 0.0, Avg: 0.1, Max: 0.1, Diff: 0.1, Sum: 0.6]
      [Update RS (ms): Min: 15.5, Avg: 16.5, Max: 17.2, Diff: 1.7, Sum: 131.9]
         [Processed Buffers: Min: 17, Avg: 19.3, Max: 24, Diff: 7, Sum: 154]
      [Scan RS (ms): Min: 10.4, Avg: 10.8, Max: 11.2, Diff: 0.8, Sum: 86.5]
      [Code Root Scanning (ms): Min: 0.0, Avg: 0.0, Max: 0.0, Diff: 0.0, Sum: 0.0]
      [Object Copy (ms): Min: 103.2, Avg: 103.4, Max: 103.5, Diff: 0.4, Sum: 827.3]
      [Termination (ms): Min: 0.0, Avg: 0.1, Max: 0.1, Diff: 0.1, Sum: 0.4]
         [Termination Attempts: Min: 1, Avg: 351.1, Max: 507, Diff: 506, Sum: 2809]
      [GC Worker Other (ms): Min: 0.0, Avg: 0.0, Max: 0.1, Diff: 0.0, Sum: 0.3]
      [GC Worker Total (ms): Min: 129.9, Avg: 130.9, Max: 131.1, Diff: 1.2, Sum: 1047.1]
      [GC Worker End (ms): Min: 131331.2, Avg: 131331.2, Max: 131331.3, Diff: 0.0]
   [Code Root Fixup: 0.0 ms]
   [Code Root Purge: 0.0 ms]
   [Clear CT: 0.2 ms]
   [Other: 0.9 ms]
      [Choose CSet: 0.0 ms]
      [Ref Proc: 0.2 ms]
      [Ref Enq: 0.0 ms]
      [Redirty Cards: 0.2 ms]
      [Humongous Register: 0.0 ms]
      [Humongous Reclaim: 0.0 ms]
      [Free CSet: 0.3 ms]
   [Eden: 236.0M(236.0M)->0.0B(254.0M) Survivors: 33.0M->34.0M Heap: 573.5M(2048.0M)->575.0M(2048.0M)]
 [Times: user=1.13 sys=0.00, real=0.13 secs] 
2020-09-29T12:01:09.236+0200: 131.467: [GC pause (G1 Evacuation Pause) (young), 0.1386088 secs]
   [Parallel Time: 137.6 ms, GC Workers: 8]
      [GC Worker Start (ms): Min: 131467.2, Avg: 131467.3, Max: 131467.3, Diff: 0.1]
      [Ext Root Scanning (ms): Min: 0.0, Avg: 0.1, Max: 0.1, Diff: 0.1, Sum: 0.6]
      [Update RS (ms): Min: 16.4, Avg: 16.5, Max: 16.9, Diff: 0.5, Sum: 131.8]
         [Processed Buffers: Min: 18, Avg: 19.8, Max: 22, Diff: 4, Sum: 158]
      [Scan RS (ms): Min: 11.8, Avg: 12.3, Max: 12.5, Diff: 0.7, Sum: 98.5]
      [Code Root Scanning (ms): Min: 0.0, Avg: 0.0, Max: 0.0, Diff: 0.0, Sum: 0.0]
      [Object Copy (ms): Min: 108.4, Avg: 108.5, Max: 108.7, Diff: 0.4, Sum: 868.2]
      [Termination (ms): Min: 0.0, Avg: 0.1, Max: 0.1, Diff: 0.1, Sum: 0.4]
         [Termination Attempts: Min: 1, Avg: 406.6, Max: 565, Diff: 564, Sum: 3253]
      [GC Worker Other (ms): Min: 0.0, Avg: 0.0, Max: 0.1, Diff: 0.0, Sum: 0.3]
      [GC Worker Total (ms): Min: 137.4, Avg: 137.5, Max: 137.5, Diff: 0.1, Sum: 1099.8]
      [GC Worker End (ms): Min: 131604.7, Avg: 131604.7, Max: 131604.8, Diff: 0.1]
   [Code Root Fixup: 0.0 ms]
   [Code Root Purge: 0.0 ms]
   [Clear CT: 0.2 ms]
   [Other: 0.8 ms]
      [Choose CSet: 0.0 ms]
      [Ref Proc: 0.2 ms]
      [Ref Enq: 0.0 ms]
      [Redirty Cards: 0.2 ms]
      [Humongous Register: 0.0 ms]
      [Humongous Reclaim: 0.0 ms]
      [Free CSet: 0.2 ms]
   [Eden: 254.0M(254.0M)->0.0B(273.0M) Survivors: 34.0M->36.0M Heap: 871.0M(2048.0M)->873.0M(2048.0M)]
 [Times: user=1.13 sys=0.00, real=0.14 secs] 
2020-09-29T12:01:09.530+0200: 131.761: [GC pause (G1 Evacuation Pause) (young), 0.2153255 secs]
   [Parallel Time: 214.2 ms, GC Workers: 8]
      [GC Worker Start (ms): Min: 131760.9, Avg: 131760.9, Max: 131761.0, Diff: 0.1]
      [Ext Root Scanning (ms): Min: 0.0, Avg: 0.1, Max: 0.1, Diff: 0.1, Sum: 0.5]
      [Update RS (ms): Min: 22.8, Avg: 22.9, Max: 23.1, Diff: 0.2, Sum: 183.4]
         [Processed Buffers: Min: 8, Avg: 24.1, Max: 32, Diff: 24, Sum: 193]
      [Scan RS (ms): Min: 13.7, Avg: 14.1, Max: 15.4, Diff: 1.7, Sum: 112.7]
      [Code Root Scanning (ms): Min: 0.0, Avg: 0.0, Max: 0.0, Diff: 0.0, Sum: 0.0]
      [Object Copy (ms): Min: 175.4, Avg: 176.8, Max: 177.1, Diff: 1.7, Sum: 1414.3]
      [Termination (ms): Min: 0.0, Avg: 0.1, Max: 0.2, Diff: 0.2, Sum: 0.8]
         [Termination Attempts: Min: 1, Avg: 460.8, Max: 610, Diff: 609, Sum: 3686]
      [GC Worker Other (ms): Min: 0.0, Avg: 0.1, Max: 0.1, Diff: 0.1, Sum: 0.5]
      [GC Worker Total (ms): Min: 214.0, Avg: 214.0, Max: 214.1, Diff: 0.1, Sum: 1712.3]
      [GC Worker End (ms): Min: 131974.9, Avg: 131975.0, Max: 131975.0, Diff: 0.1]
   [Code Root Fixup: 0.0 ms]
   [Code Root Purge: 0.0 ms]
   [Clear CT: 0.2 ms]
   [Other: 0.9 ms]
      [Choose CSet: 0.0 ms]
      [Ref Proc: 0.1 ms]
      [Ref Enq: 0.0 ms]
      [Redirty Cards: 0.2 ms]
      [Humongous Register: 0.1 ms]
      [Humongous Reclaim: 0.0 ms]
      [Free CSet: 0.3 ms]
   [Eden: 273.0M(273.0M)->0.0B(245.0M) Survivors: 36.0M->39.0M Heap: 1191.8M(2048.0M)->1193.8M(2048.0M)]
 [Times: user=1.41 sys=0.09, real=0.21 secs] 
2020-09-29T12:01:09.755+0200: 131.987: [GC pause (G1 Humongous Allocation) (young) (initial-mark), 0.0719870 secs]
   [Parallel Time: 70.9 ms, GC Workers: 8]
      [GC Worker Start (ms): Min: 131986.8, Avg: 131986.9, Max: 131987.0, Diff: 0.3]
      [Ext Root Scanning (ms): Min: 0.0, Avg: 2.5, Max: 17.1, Diff: 17.1, Sum: 20.0]
      [Update RS (ms): Min: 25.2, Avg: 39.7, Max: 42.2, Diff: 17.0, Sum: 317.7]
         [Processed Buffers: Min: 26, Avg: 40.1, Max: 46, Diff: 20, Sum: 321]
      [Scan RS (ms): Min: 3.0, Avg: 3.3, Max: 3.6, Diff: 0.5, Sum: 26.1]
      [Code Root Scanning (ms): Min: 0.0, Avg: 0.0, Max: 0.0, Diff: 0.0, Sum: 0.0]
      [Object Copy (ms): Min: 25.1, Avg: 25.2, Max: 25.2, Diff: 0.1, Sum: 201.7]
      [Termination (ms): Min: 0.0, Avg: 0.0, Max: 0.0, Diff: 0.0, Sum: 0.1]
         [Termination Attempts: Min: 1, Avg: 58.6, Max: 78, Diff: 77, Sum: 469]
      [GC Worker Other (ms): Min: 0.0, Avg: 0.0, Max: 0.0, Diff: 0.0, Sum: 0.1]
      [GC Worker Total (ms): Min: 70.6, Avg: 70.7, Max: 70.9, Diff: 0.3, Sum: 565.7]
      [GC Worker End (ms): Min: 132057.6, Avg: 132057.6, Max: 132057.6, Diff: 0.0]
   [Code Root Fixup: 0.0 ms]
   [Code Root Purge: 0.0 ms]
   [Clear CT: 0.2 ms]
   [Other: 0.9 ms]
      [Choose CSet: 0.0 ms]
      [Ref Proc: 0.2 ms]
      [Ref Enq: 0.0 ms]
      [Redirty Cards: 0.1 ms]
      [Humongous Register: 0.1 ms]
      [Humongous Reclaim: 0.0 ms]
      [Free CSet: 0.1 ms]
   [Eden: 8192.0K(245.0M)->0.0B(267.0M) Survivors: 39.0M->10.0M Heap: 1201.8M(2048.0M)->1206.3M(2048.0M)]
 [Times: user=0.42 sys=0.02, real=0.07 secs] 
2020-09-29T12:01:09.827+0200: 132.059: [GC concurrent-root-region-scan-start]
2020-09-29T12:01:09.830+0200: 132.062: [GC concurrent-root-region-scan-end, 0.0028570 secs]
2020-09-29T12:01:09.830+0200: 132.062: [GC concurrent-mark-start]
2020-09-29T12:01:09.833+0200: 132.065: [GC concurrent-mark-end, 0.0032672 secs]
2020-09-29T12:01:09.833+0200: 132.065: [GC remark 2020-09-29T12:01:09.833+0200: 132.065: [Finalize Marking, 0.0002187 secs] 2020-09-29T12:01:09.834+0200: 132.065: [GC ref-proc, 0.0003033 secs] 2020-09-29T12:01:09.834+0200: 132.066: [Unloading, 0.0004567 secs], 0.0014147 secs]
 [Times: user=0.00 sys=0.00, real=0.00 secs] 
2020-09-29T12:01:09.835+0200: 132.067: [GC cleanup 1218M->27M(2048M), 0.0014785 secs]
 [Times: user=0.00 sys=0.00, real=0.00 secs] 
2020-09-29T12:01:09.837+0200: 132.068: [GC concurrent-cleanup-start]
2020-09-29T12:01:09.840+0200: 132.072: [GC concurrent-cleanup-end, 0.0032098 secs]
2020-09-29T12:01:09.979+0200: 132.210: [GC pause (G1 Evacuation Pause) (young), 0.1636248 secs]
   [Parallel Time: 162.0 ms, GC Workers: 8]
      [GC Worker Start (ms): Min: 132210.6, Avg: 132211.0, Max: 132212.4, Diff: 1.8]
      [Ext Root Scanning (ms): Min: 0.0, Avg: 0.1, Max: 0.1, Diff: 0.1, Sum: 0.5]
      [Update RS (ms): Min: 19.0, Avg: 19.9, Max: 21.4, Diff: 2.5, Sum: 159.2]
         [Processed Buffers: Min: 16, Avg: 19.5, Max: 25, Diff: 9, Sum: 156]
      [Scan RS (ms): Min: 17.5, Avg: 18.7, Max: 19.1, Diff: 1.5, Sum: 149.7]
      [Code Root Scanning (ms): Min: 0.0, Avg: 0.0, Max: 0.0, Diff: 0.0, Sum: 0.0]
      [Object Copy (ms): Min: 122.6, Avg: 122.7, Max: 122.8, Diff: 0.2, Sum: 981.9]
      [Termination (ms): Min: 0.0, Avg: 0.0, Max: 0.0, Diff: 0.0, Sum: 0.1]
         [Termination Attempts: Min: 1, Avg: 122.9, Max: 185, Diff: 184, Sum: 983]
      [GC Worker Other (ms): Min: 0.0, Avg: 0.0, Max: 0.1, Diff: 0.0, Sum: 0.3]
      [GC Worker Total (ms): Min: 160.1, Avg: 161.5, Max: 161.9, Diff: 1.8, Sum: 1291.7]
      [GC Worker End (ms): Min: 132372.5, Avg: 132372.5, Max: 132372.5, Diff: 0.0]
   [Code Root Fixup: 0.0 ms]
   [Code Root Purge: 0.0 ms]
   [Clear CT: 0.2 ms]
   [Other: 1.4 ms]
      [Choose CSet: 0.0 ms]
      [Ref Proc: 0.5 ms]
      [Ref Enq: 0.0 ms]
      [Redirty Cards: 0.2 ms]
      [Humongous Register: 0.0 ms]
      [Humongous Reclaim: 0.0 ms]
      [Free CSet: 0.3 ms]
   [Eden: 267.0M(267.0M)->0.0B(246.0M) Survivors: 10.0M->35.0M Heap: 328.8M(2048.0M)->319.8M(2048.0M)]
 [Times: user=1.13 sys=0.00, real=0.16 secs] 
2020-09-29T12:01:10.293+0200: 132.524: [GC pause (G1 Evacuation Pause) (young), 0.1610523 secs]
   [Parallel Time: 159.9 ms, GC Workers: 8]
      [GC Worker Start (ms): Min: 132524.2, Avg: 132524.2, Max: 132524.3, Diff: 0.1]
      [Ext Root Scanning (ms): Min: 0.0, Avg: 0.1, Max: 0.1, Diff: 0.1, Sum: 0.7]
      [Update RS (ms): Min: 17.3, Avg: 17.6, Max: 17.9, Diff: 0.6, Sum: 140.8]
         [Processed Buffers: Min: 17, Avg: 19.6, Max: 22, Diff: 5, Sum: 157]
      [Scan RS (ms): Min: 11.4, Avg: 11.6, Max: 11.9, Diff: 0.5, Sum: 92.8]
      [Code Root Scanning (ms): Min: 0.0, Avg: 0.0, Max: 0.0, Diff: 0.0, Sum: 0.0]
      [Object Copy (ms): Min: 130.1, Avg: 130.2, Max: 130.5, Diff: 0.4, Sum: 1041.6]
      [Termination (ms): Min: 0.0, Avg: 0.2, Max: 0.3, Diff: 0.3, Sum: 1.9]
         [Termination Attempts: Min: 1, Avg: 1427.6, Max: 1882, Diff: 1881, Sum: 11421]
      [GC Worker Other (ms): Min: 0.0, Avg: 0.0, Max: 0.1, Diff: 0.0, Sum: 0.3]
      [GC Worker Total (ms): Min: 159.7, Avg: 159.8, Max: 159.8, Diff: 0.1, Sum: 1278.0]
      [GC Worker End (ms): Min: 132684.0, Avg: 132684.0, Max: 132684.0, Diff: 0.0]
   [Code Root Fixup: 0.0 ms]
   [Code Root Purge: 0.0 ms]
   [Clear CT: 0.2 ms]
   [Other: 1.0 ms]
      [Choose CSet: 0.0 ms]
      [Ref Proc: 0.2 ms]
      [Ref Enq: 0.0 ms]
      [Redirty Cards: 0.2 ms]
      [Humongous Register: 0.0 ms]
      [Humongous Reclaim: 0.0 ms]
      [Free CSet: 0.3 ms]
   [Eden: 246.0M(246.0M)->0.0B(253.0M) Survivors: 35.0M->36.0M Heap: 605.8M(2048.0M)->607.8M(2048.0M)]
 [Times: user=1.17 sys=0.00, real=0.16 secs] 
2020-09-29T12:01:10.630+0200: 132.862: [GC pause (G1 Evacuation Pause) (young), 0.1661556 secs]
   [Parallel Time: 165.0 ms, GC Workers: 8]
      [GC Worker Start (ms): Min: 132861.7, Avg: 132862.0, Max: 132862.5, Diff: 0.9]
      [Ext Root Scanning (ms): Min: 0.0, Avg: 0.1, Max: 0.2, Diff: 0.2, Sum: 0.7]
      [Update RS (ms): Min: 22.1, Avg: 22.9, Max: 23.6, Diff: 1.5, Sum: 183.1]
         [Processed Buffers: Min: 21, Avg: 23.6, Max: 26, Diff: 5, Sum: 189]
      [Scan RS (ms): Min: 10.0, Avg: 10.5, Max: 10.8, Diff: 0.8, Sum: 84.3]
      [Code Root Scanning (ms): Min: 0.0, Avg: 0.0, Max: 0.0, Diff: 0.0, Sum: 0.0]
      [Object Copy (ms): Min: 130.9, Avg: 131.0, Max: 131.0, Diff: 0.1, Sum: 1047.6]
      [Termination (ms): Min: 0.0, Avg: 0.1, Max: 0.1, Diff: 0.1, Sum: 0.6]
         [Termination Attempts: Min: 1, Avg: 228.3, Max: 310, Diff: 309, Sum: 1826]
      [GC Worker Other (ms): Min: 0.0, Avg: 0.0, Max: 0.0, Diff: 0.0, Sum: 0.1]
      [GC Worker Total (ms): Min: 164.0, Avg: 164.6, Max: 164.8, Diff: 0.9, Sum: 1316.5]
      [GC Worker End (ms): Min: 133026.5, Avg: 133026.5, Max: 133026.5, Diff: 0.0]
   [Code Root Fixup: 0.0 ms]
   [Code Root Purge: 0.0 ms]
   [Clear CT: 0.2 ms]
   [Other: 1.0 ms]
      [Choose CSet: 0.0 ms]
      [Ref Proc: 0.2 ms]
      [Ref Enq: 0.0 ms]
      [Redirty Cards: 0.2 ms]
      [Humongous Register: 0.1 ms]
      [Humongous Reclaim: 0.0 ms]
      [Free CSet: 0.3 ms]
   [Eden: 253.0M(253.0M)->0.0B(260.0M) Survivors: 36.0M->37.0M Heap: 902.8M(2048.0M)->905.3M(2048.0M)]
 [Times: user=1.13 sys=0.02, real=0.17 secs] 
2020-09-29T12:01:10.949+0200: 133.180: [GC pause (G1 Evacuation Pause) (young), 0.1514241 secs]
   [Parallel Time: 150.1 ms, GC Workers: 8]
      [GC Worker Start (ms): Min: 133180.6, Avg: 133180.8, Max: 133182.1, Diff: 1.5]
      [Ext Root Scanning (ms): Min: 0.0, Avg: 0.1, Max: 0.1, Diff: 0.1, Sum: 0.6]
      [Update RS (ms): Min: 15.5, Avg: 16.4, Max: 16.7, Diff: 1.2, Sum: 131.5]
         [Processed Buffers: Min: 18, Avg: 19.9, Max: 23, Diff: 5, Sum: 159]
      [Scan RS (ms): Min: 11.3, Avg: 11.5, Max: 11.8, Diff: 0.4, Sum: 92.4]
      [Code Root Scanning (ms): Min: 0.0, Avg: 0.0, Max: 0.0, Diff: 0.0, Sum: 0.0]
      [Object Copy (ms): Min: 121.4, Avg: 121.5, Max: 121.7, Diff: 0.3, Sum: 971.8]
      [Termination (ms): Min: 0.0, Avg: 0.2, Max: 0.3, Diff: 0.3, Sum: 1.5]
         [Termination Attempts: Min: 1, Avg: 945.8, Max: 1146, Diff: 1145, Sum: 7566]
      [GC Worker Other (ms): Min: 0.0, Avg: 0.1, Max: 0.1, Diff: 0.1, Sum: 0.5]
      [GC Worker Total (ms): Min: 148.5, Avg: 149.8, Max: 150.0, Diff: 1.5, Sum: 1198.3]
      [GC Worker End (ms): Min: 133330.5, Avg: 133330.6, Max: 133330.7, Diff: 0.1]
   [Code Root Fixup: 0.0 ms]
   [Code Root Purge: 0.0 ms]
   [Clear CT: 0.2 ms]
   [Other: 1.0 ms]
      [Choose CSet: 0.0 ms]
      [Ref Proc: 0.2 ms]
      [Ref Enq: 0.0 ms]
      [Redirty Cards: 0.3 ms]
      [Humongous Register: 0.1 ms]
      [Humongous Reclaim: 0.0 ms]
      [Free CSet: 0.3 ms]
   [Eden: 260.0M(260.0M)->0.0B(274.0M) Survivors: 37.0M->38.0M Heap: 1209.2M(2048.0M)->1211.2M(2048.0M)]
 [Times: user=1.25 sys=0.00, real=0.15 secs] 
2020-09-29T12:01:11.108+0200: 133.340: [GC pause (G1 Humongous Allocation) (young) (initial-mark), 0.0561868 secs]
   [Parallel Time: 55.3 ms, GC Workers: 8]
      [GC Worker Start (ms): Min: 133339.9, Avg: 133340.0, Max: 133340.1, Diff: 0.2]
      [Ext Root Scanning (ms): Min: 0.0, Avg: 0.2, Max: 0.5, Diff: 0.5, Sum: 1.3]
      [Update RS (ms): Min: 31.0, Avg: 31.4, Max: 31.9, Diff: 1.0, Sum: 251.0]
         [Processed Buffers: Min: 36, Avg: 38.6, Max: 40, Diff: 4, Sum: 309]
      [Scan RS (ms): Min: 2.0, Avg: 2.6, Max: 2.8, Diff: 0.7, Sum: 20.5]
      [Code Root Scanning (ms): Min: 0.0, Avg: 0.0, Max: 0.0, Diff: 0.0, Sum: 0.0]
      [Object Copy (ms): Min: 21.0, Avg: 21.0, Max: 21.0, Diff: 0.1, Sum: 168.1]
      [Termination (ms): Min: 0.0, Avg: 0.0, Max: 0.0, Diff: 0.0, Sum: 0.2]
         [Termination Attempts: Min: 1, Avg: 206.0, Max: 301, Diff: 300, Sum: 1648]
      [GC Worker Other (ms): Min: 0.0, Avg: 0.0, Max: 0.0, Diff: 0.0, Sum: 0.1]
      [GC Worker Total (ms): Min: 55.1, Avg: 55.2, Max: 55.2, Diff: 0.2, Sum: 441.2]
      [GC Worker End (ms): Min: 133395.1, Avg: 133395.1, Max: 133395.1, Diff: 0.0]
   [Code Root Fixup: 0.0 ms]
   [Code Root Purge: 0.0 ms]
   [Clear CT: 0.1 ms]
   [Other: 0.8 ms]
      [Choose CSet: 0.0 ms]
      [Ref Proc: 0.2 ms]
      [Ref Enq: 0.0 ms]
      [Redirty Cards: 0.2 ms]
      [Humongous Register: 0.0 ms]
      [Humongous Reclaim: 0.0 ms]
      [Free CSet: 0.1 ms]
   [Eden: 5120.0K(274.0M)->0.0B(307.0M) Survivors: 38.0M->6144.0K Heap: 1215.7M(2048.0M)->1219.2M(2048.0M)]
 [Times: user=0.50 sys=0.00, real=0.06 secs] 
2020-09-29T12:01:11.165+0200: 133.396: [GC concurrent-root-region-scan-start]
2020-09-29T12:01:11.166+0200: 133.398: [GC concurrent-root-region-scan-end, 0.0016565 secs]
2020-09-29T12:01:11.166+0200: 133.398: [GC concurrent-mark-start]
2020-09-29T12:01:11.170+0200: 133.402: [GC concurrent-mark-end, 0.0041229 secs]
2020-09-29T12:01:11.171+0200: 133.402: [GC remark 2020-09-29T12:01:11.171+0200: 133.402: [Finalize Marking, 0.0001410 secs] 2020-09-29T12:01:11.171+0200: 133.402: [GC ref-proc, 0.0004030 secs] 2020-09-29T12:01:11.171+0200: 133.403: [Unloading, 0.0006122 secs], 0.0015889 secs]
 [Times: user=0.00 sys=0.00, real=0.00 secs] 
2020-09-29T12:01:11.173+0200: 133.404: [GC cleanup 1229M->21M(2048M), 0.0014960 secs]
 [Times: user=0.00 sys=0.00, real=0.00 secs] 
2020-09-29T12:01:11.174+0200: 133.406: [GC concurrent-cleanup-start]
2020-09-29T12:01:11.177+0200: 133.409: [GC concurrent-cleanup-end, 0.0027262 secs]
2020-09-29T12:01:11.344+0200: 133.576: [GC pause (G1 Evacuation Pause) (young), 0.1906578 secs]
   [Parallel Time: 189.4 ms, GC Workers: 8]
      [GC Worker Start (ms): Min: 133575.9, Avg: 133575.9, Max: 133576.0, Diff: 0.1]
      [Ext Root Scanning (ms): Min: 0.0, Avg: 0.1, Max: 0.1, Diff: 0.1, Sum: 0.5]
      [Update RS (ms): Min: 18.7, Avg: 18.9, Max: 19.4, Diff: 0.7, Sum: 151.6]
         [Processed Buffers: Min: 17, Avg: 20.9, Max: 24, Diff: 7, Sum: 167]
      [Scan RS (ms): Min: 12.8, Avg: 13.5, Max: 14.8, Diff: 1.9, Sum: 108.0]
      [Code Root Scanning (ms): Min: 0.0, Avg: 0.0, Max: 0.0, Diff: 0.0, Sum: 0.0]
      [Object Copy (ms): Min: 154.2, Avg: 156.1, Max: 157.0, Diff: 2.8, Sum: 1248.5]
      [Termination (ms): Min: 0.0, Avg: 0.6, Max: 0.9, Diff: 0.9, Sum: 5.0]
         [Termination Attempts: Min: 1, Avg: 4076.9, Max: 5235, Diff: 5234, Sum: 32615]
      [GC Worker Other (ms): Min: 0.0, Avg: 0.0, Max: 0.1, Diff: 0.1, Sum: 0.4]
      [GC Worker Total (ms): Min: 189.1, Avg: 189.3, Max: 189.3, Diff: 0.2, Sum: 1514.1]
      [GC Worker End (ms): Min: 133765.1, Avg: 133765.2, Max: 133765.2, Diff: 0.1]
   [Code Root Fixup: 0.0 ms]
   [Code Root Purge: 0.0 ms]
   [Clear CT: 0.2 ms]
   [Other: 1.1 ms]
      [Choose CSet: 0.0 ms]
      [Ref Proc: 0.3 ms]
      [Ref Enq: 0.0 ms]
      [Redirty Cards: 0.2 ms]
      [Humongous Register: 0.0 ms]
      [Humongous Reclaim: 0.0 ms]
      [Free CSet: 0.3 ms]
   [Eden: 307.0M(307.0M)->0.0B(268.0M) Survivors: 6144.0K->40.0M Heap: 370.0M(2048.0M)->367.0M(2048.0M)]
 [Times: user=1.39 sys=0.00, real=0.19 secs] 
2020-09-29T12:01:11.735+0200: 133.967: [GC pause (G1 Evacuation Pause) (young), 0.2194899 secs]
   [Parallel Time: 218.1 ms, GC Workers: 8]
      [GC Worker Start (ms): Min: 133966.8, Avg: 133966.9, Max: 133966.9, Diff: 0.1]
      [Ext Root Scanning (ms): Min: 0.0, Avg: 0.1, Max: 0.2, Diff: 0.1, Sum: 0.8]
      [Update RS (ms): Min: 24.5, Avg: 24.6, Max: 25.0, Diff: 0.4, Sum: 197.1]
         [Processed Buffers: Min: 19, Avg: 21.9, Max: 24, Diff: 5, Sum: 175]
      [Scan RS (ms): Min: 17.9, Avg: 18.1, Max: 18.3, Diff: 0.4, Sum: 144.8]
      [Code Root Scanning (ms): Min: 0.0, Avg: 0.0, Max: 0.0, Diff: 0.0, Sum: 0.0]
      [Object Copy (ms): Min: 174.8, Avg: 175.0, Max: 175.1, Diff: 0.2, Sum: 1399.8]
      [Termination (ms): Min: 0.0, Avg: 0.1, Max: 0.1, Diff: 0.1, Sum: 0.7]
         [Termination Attempts: Min: 1, Avg: 473.4, Max: 609, Diff: 608, Sum: 3787]
      [GC Worker Other (ms): Min: 0.0, Avg: 0.1, Max: 0.1, Diff: 0.1, Sum: 0.4]
      [GC Worker Total (ms): Min: 217.9, Avg: 217.9, Max: 218.0, Diff: 0.1, Sum: 1743.6]
      [GC Worker End (ms): Min: 134184.8, Avg: 134184.8, Max: 134184.9, Diff: 0.1]
   [Code Root Fixup: 0.0 ms]
   [Code Root Purge: 0.0 ms]
   [Clear CT: 0.2 ms]
   [Other: 1.1 ms]
      [Choose CSet: 0.0 ms]
      [Ref Proc: 0.2 ms]
      [Ref Enq: 0.0 ms]
      [Redirty Cards: 0.3 ms]
      [Humongous Register: 0.1 ms]
      [Humongous Reclaim: 0.0 ms]
      [Free CSet: 0.3 ms]
   [Eden: 268.0M(268.0M)->0.0B(233.0M) Survivors: 40.0M->39.0M Heap: 680.8M(2048.0M)->683.3M(2048.0M)]
 [Times: user=1.66 sys=0.00, real=0.22 secs] 
2020-09-29T12:01:12.115+0200: 134.347: [GC pause (G1 Evacuation Pause) (young), 0.1748511 secs]
   [Parallel Time: 173.4 ms, GC Workers: 8]
      [GC Worker Start (ms): Min: 134347.3, Avg: 134347.4, Max: 134347.4, Diff: 0.2]
      [Ext Root Scanning (ms): Min: 0.0, Avg: 0.1, Max: 0.2, Diff: 0.2, Sum: 0.6]
      [Update RS (ms): Min: 19.3, Avg: 19.5, Max: 19.8, Diff: 0.5, Sum: 156.1]
         [Processed Buffers: Min: 17, Avg: 18.1, Max: 19, Diff: 2, Sum: 145]
      [Scan RS (ms): Min: 13.9, Avg: 14.2, Max: 14.4, Diff: 0.5, Sum: 113.6]
      [Code Root Scanning (ms): Min: 0.0, Avg: 0.0, Max: 0.0, Diff: 0.0, Sum: 0.0]
      [Object Copy (ms): Min: 139.2, Avg: 139.3, Max: 139.4, Diff: 0.2, Sum: 1114.3]
      [Termination (ms): Min: 0.0, Avg: 0.1, Max: 0.1, Diff: 0.1, Sum: 0.5]
         [Termination Attempts: Min: 1, Avg: 325.1, Max: 417, Diff: 416, Sum: 2601]
      [GC Worker Other (ms): Min: 0.0, Avg: 0.0, Max: 0.1, Diff: 0.1, Sum: 0.3]
      [GC Worker Total (ms): Min: 173.1, Avg: 173.2, Max: 173.3, Diff: 0.2, Sum: 1385.4]
      [GC Worker End (ms): Min: 134520.5, Avg: 134520.5, Max: 134520.6, Diff: 0.1]
   [Code Root Fixup: 0.0 ms]
   [Code Root Purge: 0.0 ms]
   [Clear CT: 0.2 ms]
   [Other: 1.3 ms]
      [Choose CSet: 0.0 ms]
      [Ref Proc: 0.4 ms]
      [Ref Enq: 0.0 ms]
      [Redirty Cards: 0.2 ms]
      [Humongous Register: 0.0 ms]
      [Humongous Reclaim: 0.0 ms]
      [Free CSet: 0.3 ms]
   [Eden: 233.0M(233.0M)->0.0B(238.0M) Survivors: 39.0M->34.0M Heap: 954.4M(2048.0M)->955.9M(2048.0M)]
 [Times: user=1.33 sys=0.00, real=0.18 secs] 
2020-09-29T12:01:12.294+0200: 134.526: [GC pause (G1 Humongous Allocation) (young) (initial-mark), 0.0780453 secs]
   [Parallel Time: 76.8 ms, GC Workers: 8]
      [GC Worker Start (ms): Min: 134526.0, Avg: 134526.1, Max: 134526.2, Diff: 0.2]
      [Ext Root Scanning (ms): Min: 0.0, Avg: 3.5, Max: 22.9, Diff: 22.9, Sum: 27.9]
      [Update RS (ms): Min: 24.1, Avg: 43.9, Max: 47.6, Diff: 23.5, Sum: 351.0]
         [Processed Buffers: Min: 26, Avg: 42.6, Max: 49, Diff: 23, Sum: 341]
      [Scan RS (ms): Min: 0.1, Avg: 0.5, Max: 0.8, Diff: 0.7, Sum: 4.0]
      [Code Root Scanning (ms): Min: 0.0, Avg: 0.0, Max: 0.0, Diff: 0.0, Sum: 0.0]
      [Object Copy (ms): Min: 28.6, Avg: 28.7, Max: 28.8, Diff: 0.1, Sum: 229.5]
      [Termination (ms): Min: 0.0, Avg: 0.1, Max: 0.1, Diff: 0.1, Sum: 0.4]
         [Termination Attempts: Min: 1, Avg: 277.4, Max: 360, Diff: 359, Sum: 2219]
      [GC Worker Other (ms): Min: 0.0, Avg: 0.0, Max: 0.0, Diff: 0.0, Sum: 0.2]
      [GC Worker Total (ms): Min: 76.5, Avg: 76.6, Max: 76.7, Diff: 0.2, Sum: 613.0]
      [GC Worker End (ms): Min: 134602.7, Avg: 134602.7, Max: 134602.7, Diff: 0.0]
   [Code Root Fixup: 0.0 ms]
   [Code Root Purge: 0.0 ms]
   [Clear CT: 0.2 ms]
   [Other: 1.0 ms]
      [Choose CSet: 0.0 ms]
      [Ref Proc: 0.3 ms]
      [Ref Enq: 0.0 ms]
      [Redirty Cards: 0.2 ms]
      [Humongous Register: 0.1 ms]
      [Humongous Reclaim: 0.0 ms]
      [Free CSet: 0.1 ms]
   [Eden: 5120.0K(238.0M)->0.0B(224.0M) Survivors: 34.0M->6144.0K Heap: 960.9M(2048.0M)->963.9M(2048.0M)]
 [Times: user=0.59 sys=0.00, real=0.08 secs] 
2020-09-29T12:01:12.372+0200: 134.604: [GC concurrent-root-region-scan-start]
2020-09-29T12:01:12.374+0200: 134.606: [GC concurrent-root-region-scan-end, 0.0018298 secs]
2020-09-29T12:01:12.374+0200: 134.606: [GC concurrent-mark-start]
2020-09-29T12:01:12.377+0200: 134.609: [GC concurrent-mark-end, 0.0028445 secs]
2020-09-29T12:01:12.377+0200: 134.609: [GC remark 2020-09-29T12:01:12.377+0200: 134.609: [Finalize Marking, 0.0002205 secs] 2020-09-29T12:01:12.378+0200: 134.609: [GC ref-proc, 0.0003721 secs] 2020-09-29T12:01:12.378+0200: 134.610: [Unloading, 0.0005737 secs], 0.0015990 secs]
 [Times: user=0.00 sys=0.01, real=0.00 secs] 
2020-09-29T12:01:12.379+0200: 134.611: [GC cleanup 973M->21M(2048M), 0.0016683 secs]
 [Times: user=0.00 sys=0.00, real=0.00 secs] 
2020-09-29T12:01:12.381+0200: 134.613: [GC concurrent-cleanup-start]
2020-09-29T12:01:12.383+0200: 134.614: [GC concurrent-cleanup-end, 0.0016990 secs]
2020-09-29T12:01:12.519+0200: 134.750: [GC pause (G1 Evacuation Pause) (young), 0.1875898 secs]
   [Parallel Time: 186.2 ms, GC Workers: 8]
      [GC Worker Start (ms): Min: 134750.5, Avg: 134751.0, Max: 134752.2, Diff: 1.8]
      [Ext Root Scanning (ms): Min: 0.0, Avg: 0.1, Max: 0.2, Diff: 0.2, Sum: 0.6]
      [Update RS (ms): Min: 21.2, Avg: 22.5, Max: 23.3, Diff: 2.1, Sum: 180.2]
         [Processed Buffers: Min: 16, Avg: 19.6, Max: 22, Diff: 6, Sum: 157]
      [Scan RS (ms): Min: 9.0, Avg: 9.4, Max: 9.6, Diff: 0.6, Sum: 75.1]
      [Code Root Scanning (ms): Min: 0.0, Avg: 0.0, Max: 0.0, Diff: 0.0, Sum: 0.0]
      [Object Copy (ms): Min: 153.3, Avg: 153.4, Max: 153.5, Diff: 0.2, Sum: 1227.0]
      [Termination (ms): Min: 0.0, Avg: 0.1, Max: 0.2, Diff: 0.2, Sum: 1.0]
         [Termination Attempts: Min: 1, Avg: 675.5, Max: 918, Diff: 917, Sum: 5404]
      [GC Worker Other (ms): Min: 0.0, Avg: 0.0, Max: 0.1, Diff: 0.0, Sum: 0.3]
      [GC Worker Total (ms): Min: 184.2, Avg: 185.5, Max: 186.0, Diff: 1.8, Sum: 1484.1]
      [GC Worker End (ms): Min: 134936.5, Avg: 134936.5, Max: 134936.5, Diff: 0.0]
   [Code Root Fixup: 0.0 ms]
   [Code Root Purge: 0.0 ms]
   [Clear CT: 0.2 ms]
   [Other: 1.2 ms]
      [Choose CSet: 0.0 ms]
      [Ref Proc: 0.3 ms]
      [Ref Enq: 0.0 ms]
      [Redirty Cards: 0.3 ms]
      [Humongous Register: 0.0 ms]
      [Humongous Reclaim: 0.0 ms]
      [Free CSet: 0.2 ms]
   [Eden: 224.0M(224.0M)->0.0B(197.0M) Survivors: 6144.0K->29.0M Heap: 274.1M(2048.0M)->270.6M(2048.0M)]
 [Times: user=1.31 sys=0.02, real=0.19 secs] 
2020-09-29T12:01:12.859+0200: 135.090: [GC pause (G1 Evacuation Pause) (young), 0.1841117 secs]
   [Parallel Time: 182.7 ms, GC Workers: 8]
      [GC Worker Start (ms): Min: 135090.3, Avg: 135090.4, Max: 135090.5, Diff: 0.2]
      [Ext Root Scanning (ms): Min: 0.0, Avg: 0.1, Max: 0.2, Diff: 0.2, Sum: 0.8]
      [Update RS (ms): Min: 23.6, Avg: 23.9, Max: 24.3, Diff: 0.7, Sum: 191.4]
         [Processed Buffers: Min: 16, Avg: 20.0, Max: 23, Diff: 7, Sum: 160]
      [Scan RS (ms): Min: 9.3, Avg: 9.9, Max: 10.4, Diff: 1.1, Sum: 78.8]
      [Code Root Scanning (ms): Min: 0.0, Avg: 0.0, Max: 0.0, Diff: 0.0, Sum: 0.0]
      [Object Copy (ms): Min: 147.6, Avg: 148.1, Max: 148.6, Diff: 1.0, Sum: 1184.7]
      [Termination (ms): Min: 0.0, Avg: 0.5, Max: 0.6, Diff: 0.6, Sum: 3.9]
         [Termination Attempts: Min: 1, Avg: 2001.5, Max: 2599, Diff: 2598, Sum: 16012]
      [GC Worker Other (ms): Min: 0.0, Avg: 0.0, Max: 0.0, Diff: 0.0, Sum: 0.1]
      [GC Worker Total (ms): Min: 182.4, Avg: 182.5, Max: 182.5, Diff: 0.2, Sum: 1459.7]
      [GC Worker End (ms): Min: 135272.9, Avg: 135272.9, Max: 135272.9, Diff: 0.0]
   [Code Root Fixup: 0.0 ms]
   [Code Root Purge: 0.0 ms]
   [Clear CT: 0.2 ms]
   [Other: 1.2 ms]
      [Choose CSet: 0.0 ms]
      [Ref Proc: 0.3 ms]
      [Ref Enq: 0.0 ms]
      [Redirty Cards: 0.4 ms]
      [Humongous Register: 0.0 ms]
      [Humongous Reclaim: 0.0 ms]
      [Free CSet: 0.2 ms]
   [Eden: 197.0M(197.0M)->0.0B(193.0M) Survivors: 29.0M->29.0M Heap: 500.1M(2048.0M)->502.1M(2048.0M)]
 [Times: user=1.39 sys=0.00, real=0.18 secs] 
2020-09-29T12:01:13.179+0200: 135.410: [GC pause (G1 Evacuation Pause) (young), 0.1502502 secs]
   [Parallel Time: 149.0 ms, GC Workers: 8]
      [GC Worker Start (ms): Min: 135410.5, Avg: 135410.6, Max: 135410.7, Diff: 0.1]
      [Ext Root Scanning (ms): Min: 0.0, Avg: 0.1, Max: 0.2, Diff: 0.1, Sum: 0.7]
      [Update RS (ms): Min: 17.5, Avg: 17.8, Max: 18.6, Diff: 1.0, Sum: 142.5]
         [Processed Buffers: Min: 14, Avg: 15.9, Max: 19, Diff: 5, Sum: 127]
      [Scan RS (ms): Min: 10.1, Avg: 10.9, Max: 11.2, Diff: 1.0, Sum: 87.2]
      [Code Root Scanning (ms): Min: 0.0, Avg: 0.0, Max: 0.0, Diff: 0.0, Sum: 0.0]
      [Object Copy (ms): Min: 119.8, Avg: 119.9, Max: 119.9, Diff: 0.1, Sum: 958.8]
      [Termination (ms): Min: 0.0, Avg: 0.1, Max: 0.1, Diff: 0.1, Sum: 0.5]
         [Termination Attempts: Min: 1, Avg: 323.6, Max: 461, Diff: 460, Sum: 2589]
      [GC Worker Other (ms): Min: 0.0, Avg: 0.0, Max: 0.1, Diff: 0.0, Sum: 0.3]
      [GC Worker Total (ms): Min: 148.7, Avg: 148.7, Max: 148.8, Diff: 0.2, Sum: 1190.0]
      [GC Worker End (ms): Min: 135559.3, Avg: 135559.4, Max: 135559.4, Diff: 0.0]
   [Code Root Fixup: 0.0 ms]
   [Code Root Purge: 0.0 ms]
   [Clear CT: 0.2 ms]
   [Other: 1.1 ms]
      [Choose CSet: 0.0 ms]
      [Ref Proc: 0.3 ms]
      [Ref Enq: 0.0 ms]
      [Redirty Cards: 0.3 ms]
      [Humongous Register: 0.1 ms]
      [Humongous Reclaim: 0.0 ms]
      [Free CSet: 0.2 ms]
   [Eden: 193.0M(193.0M)->0.0B(206.0M) Survivors: 29.0M->28.0M Heap: 727.5M(2048.0M)->730.0M(2048.0M)]
 [Times: user=1.08 sys=0.00, real=0.15 secs] 
2020-09-29T12:01:13.487+0200: 135.718: [GC pause (G1 Evacuation Pause) (young), 0.1645247 secs]
   [Parallel Time: 163.3 ms, GC Workers: 8]
      [GC Worker Start (ms): Min: 135718.5, Avg: 135718.6, Max: 135718.7, Diff: 0.2]
      [Ext Root Scanning (ms): Min: 0.0, Avg: 0.1, Max: 0.2, Diff: 0.2, Sum: 0.7]
      [Update RS (ms): Min: 21.0, Avg: 21.4, Max: 21.7, Diff: 0.7, Sum: 171.1]
         [Processed Buffers: Min: 16, Avg: 18.0, Max: 20, Diff: 4, Sum: 144]
      [Scan RS (ms): Min: 11.9, Avg: 12.6, Max: 13.6, Diff: 1.7, Sum: 100.4]
      [Code Root Scanning (ms): Min: 0.0, Avg: 0.0, Max: 0.0, Diff: 0.0, Sum: 0.0]
      [Object Copy (ms): Min: 128.2, Avg: 129.0, Max: 129.4, Diff: 1.2, Sum: 1031.9]
      [Termination (ms): Min: 0.0, Avg: 0.0, Max: 0.1, Diff: 0.1, Sum: 0.4]
         [Termination Attempts: Min: 1, Avg: 209.3, Max: 265, Diff: 264, Sum: 1674]
      [GC Worker Other (ms): Min: 0.0, Avg: 0.0, Max: 0.1, Diff: 0.1, Sum: 0.3]
      [GC Worker Total (ms): Min: 163.0, Avg: 163.1, Max: 163.2, Diff: 0.2, Sum: 1304.8]
      [GC Worker End (ms): Min: 135881.7, Avg: 135881.7, Max: 135881.7, Diff: 0.1]
   [Code Root Fixup: 0.0 ms]
   [Code Root Purge: 0.0 ms]
   [Clear CT: 0.2 ms]
   [Other: 1.1 ms]
      [Choose CSet: 0.0 ms]
      [Ref Proc: 0.2 ms]
      [Ref Enq: 0.0 ms]
      [Redirty Cards: 0.2 ms]
      [Humongous Register: 0.1 ms]
      [Humongous Reclaim: 0.0 ms]
      [Free CSet: 0.3 ms]
   [Eden: 206.0M(206.0M)->0.0B(211.0M) Survivors: 28.0M->30.0M Heap: 970.3M(2048.0M)->972.8M(2048.0M)]
 [Times: user=1.34 sys=0.00, real=0.16 secs] 
2020-09-29T12:01:13.667+0200: 135.899: [GC pause (G1 Humongous Allocation) (young) (initial-mark), 0.0632840 secs]
   [Parallel Time: 61.8 ms, GC Workers: 8]
      [GC Worker Start (ms): Min: 135899.1, Avg: 135899.1, Max: 135899.3, Diff: 0.2]
      [Ext Root Scanning (ms): Min: 0.0, Avg: 0.7, Max: 1.3, Diff: 1.3, Sum: 5.7]
      [Update RS (ms): Min: 23.7, Avg: 24.5, Max: 25.2, Diff: 1.4, Sum: 195.9]
         [Processed Buffers: Min: 16, Avg: 23.0, Max: 27, Diff: 11, Sum: 184]
      [Scan RS (ms): Min: 2.2, Avg: 2.3, Max: 2.5, Diff: 0.3, Sum: 18.5]
      [Code Root Scanning (ms): Min: 0.0, Avg: 0.0, Max: 0.0, Diff: 0.0, Sum: 0.0]
      [Object Copy (ms): Min: 33.7, Avg: 33.8, Max: 34.1, Diff: 0.5, Sum: 270.3]
      [Termination (ms): Min: 0.0, Avg: 0.3, Max: 0.4, Diff: 0.4, Sum: 2.4]
         [Termination Attempts: Min: 1, Avg: 1350.1, Max: 1646, Diff: 1645, Sum: 10801]
      [GC Worker Other (ms): Min: 0.0, Avg: 0.0, Max: 0.0, Diff: 0.0, Sum: 0.2]
      [GC Worker Total (ms): Min: 61.5, Avg: 61.6, Max: 61.7, Diff: 0.2, Sum: 492.8]
      [GC Worker End (ms): Min: 135960.7, Avg: 135960.8, Max: 135960.8, Diff: 0.0]
   [Code Root Fixup: 0.0 ms]
   [Code Root Purge: 0.0 ms]
   [Clear CT: 0.2 ms]
   [Other: 1.3 ms]
      [Choose CSet: 0.0 ms]
      [Ref Proc: 0.5 ms]
      [Ref Enq: 0.0 ms]
      [Redirty Cards: 0.2 ms]
      [Humongous Register: 0.1 ms]
      [Humongous Reclaim: 0.0 ms]
      [Free CSet: 0.1 ms]
   [Eden: 5120.0K(211.0M)->0.0B(199.0M) Survivors: 30.0M->6144.0K Heap: 977.3M(2048.0M)->980.8M(2048.0M)]
 [Times: user=0.47 sys=0.01, real=0.06 secs] 
2020-09-29T12:01:13.731+0200: 135.962: [GC concurrent-root-region-scan-start]
2020-09-29T12:01:13.733+0200: 135.964: [GC concurrent-root-region-scan-end, 0.0020339 secs]
2020-09-29T12:01:13.733+0200: 135.964: [GC concurrent-mark-start]
2020-09-29T12:01:13.737+0200: 135.969: [GC concurrent-mark-end, 0.0040623 secs]
2020-09-29T12:01:13.737+0200: 135.969: [GC remark 2020-09-29T12:01:13.737+0200: 135.969: [Finalize Marking, 0.0009593 secs] 2020-09-29T12:01:13.738+0200: 135.970: [GC ref-proc, 0.0004655 secs] 2020-09-29T12:01:13.740+0200: 135.971: [Unloading, 0.0007227 secs], 0.0028772 secs]
 [Times: user=0.02 sys=0.00, real=0.00 secs] 
2020-09-29T12:01:13.741+0200: 135.973: [GC cleanup 991M->22M(2048M), 0.0023234 secs]
 [Times: user=0.00 sys=0.00, real=0.00 secs] 
2020-09-29T12:01:13.743+0200: 135.975: [GC concurrent-cleanup-start]
2020-09-29T12:01:13.745+0200: 135.977: [GC concurrent-cleanup-end, 0.0016475 secs]
2020-09-29T12:01:13.880+0200: 136.112: [GC pause (G1 Evacuation Pause) (young), 0.1575958 secs]
   [Parallel Time: 156.1 ms, GC Workers: 8]
      [GC Worker Start (ms): Min: 136111.8, Avg: 136111.9, Max: 136112.0, Diff: 0.2]
      [Ext Root Scanning (ms): Min: 0.0, Avg: 0.1, Max: 0.1, Diff: 0.1, Sum: 0.7]
      [Update RS (ms): Min: 18.9, Avg: 19.7, Max: 23.5, Diff: 4.6, Sum: 157.9]
         [Processed Buffers: Min: 11, Avg: 14.8, Max: 17, Diff: 6, Sum: 118]
      [Scan RS (ms): Min: 11.6, Avg: 15.4, Max: 16.3, Diff: 4.7, Sum: 123.4]
      [Code Root Scanning (ms): Min: 0.0, Avg: 0.0, Max: 0.0, Diff: 0.0, Sum: 0.0]
      [Object Copy (ms): Min: 120.2, Avg: 120.4, Max: 120.6, Diff: 0.4, Sum: 963.3]
      [Termination (ms): Min: 0.0, Avg: 0.1, Max: 0.2, Diff: 0.2, Sum: 1.1]
         [Termination Attempts: Min: 1, Avg: 765.5, Max: 1015, Diff: 1014, Sum: 6124]
      [GC Worker Other (ms): Min: 0.0, Avg: 0.0, Max: 0.1, Diff: 0.1, Sum: 0.3]
      [GC Worker Total (ms): Min: 155.7, Avg: 155.8, Max: 155.9, Diff: 0.2, Sum: 1246.7]
      [GC Worker End (ms): Min: 136267.7, Avg: 136267.7, Max: 136267.7, Diff: 0.1]
   [Code Root Fixup: 0.0 ms]
   [Code Root Purge: 0.0 ms]
   [Clear CT: 0.2 ms]
   [Other: 1.3 ms]
      [Choose CSet: 0.0 ms]
      [Ref Proc: 0.2 ms]
      [Ref Enq: 0.0 ms]
      [Redirty Cards: 0.5 ms]
      [Humongous Register: 0.0 ms]
      [Humongous Reclaim: 0.0 ms]
      [Free CSet: 0.2 ms]
   [Eden: 199.0M(199.0M)->0.0B(184.0M) Survivors: 6144.0K->26.0M Heap: 245.3M(2048.0M)->241.3M(2048.0M)]
 [Times: user=1.05 sys=0.05, real=0.16 secs] 
2020-09-29T12:01:14.208+0200: 136.439: [GC pause (G1 Evacuation Pause) (young), 0.1450518 secs]
   [Parallel Time: 143.7 ms, GC Workers: 8]
      [GC Worker Start (ms): Min: 136439.6, Avg: 136439.6, Max: 136439.7, Diff: 0.1]
      [Ext Root Scanning (ms): Min: 0.1, Avg: 0.1, Max: 0.1, Diff: 0.1, Sum: 0.8]
      [Update RS (ms): Min: 15.3, Avg: 15.5, Max: 16.3, Diff: 1.1, Sum: 123.6]
         [Processed Buffers: Min: 13, Avg: 14.1, Max: 15, Diff: 2, Sum: 113]
      [Scan RS (ms): Min: 11.4, Avg: 12.3, Max: 12.5, Diff: 1.0, Sum: 98.2]
      [Code Root Scanning (ms): Min: 0.0, Avg: 0.0, Max: 0.0, Diff: 0.0, Sum: 0.0]
      [Object Copy (ms): Min: 115.6, Avg: 115.7, Max: 115.7, Diff: 0.1, Sum: 925.4]
      [Termination (ms): Min: 0.0, Avg: 0.0, Max: 0.1, Diff: 0.1, Sum: 0.4]
         [Termination Attempts: Min: 1, Avg: 234.1, Max: 330, Diff: 329, Sum: 1873]
      [GC Worker Other (ms): Min: 0.0, Avg: 0.0, Max: 0.1, Diff: 0.0, Sum: 0.3]
      [GC Worker Total (ms): Min: 143.5, Avg: 143.6, Max: 143.6, Diff: 0.1, Sum: 1148.7]
      [GC Worker End (ms): Min: 136583.2, Avg: 136583.2, Max: 136583.3, Diff: 0.0]
   [Code Root Fixup: 0.0 ms]
   [Code Root Purge: 0.0 ms]
   [Clear CT: 0.2 ms]
   [Other: 1.1 ms]
      [Choose CSet: 0.0 ms]
      [Ref Proc: 0.2 ms]
      [Ref Enq: 0.0 ms]
      [Redirty Cards: 0.3 ms]
      [Humongous Register: 0.1 ms]
      [Humongous Reclaim: 0.0 ms]
      [Free CSet: 0.2 ms]
   [Eden: 184.0M(184.0M)->0.0B(195.0M) Survivors: 26.0M->27.0M Heap: 455.9M(2048.0M)->457.9M(2048.0M)]
 [Times: user=1.03 sys=0.02, real=0.14 secs] 
2020-09-29T12:01:14.534+0200: 136.766: [GC pause (G1 Evacuation Pause) (young), 0.1611859 secs]
   [Parallel Time: 159.7 ms, GC Workers: 8]
      [GC Worker Start (ms): Min: 136766.1, Avg: 136766.4, Max: 136767.4, Diff: 1.3]
      [Ext Root Scanning (ms): Min: 0.0, Avg: 0.1, Max: 0.2, Diff: 0.2, Sum: 0.7]
      [Update RS (ms): Min: 16.2, Avg: 17.3, Max: 17.9, Diff: 1.7, Sum: 138.2]
         [Processed Buffers: Min: 15, Avg: 16.6, Max: 20, Diff: 5, Sum: 133]
      [Scan RS (ms): Min: 10.3, Avg: 10.9, Max: 11.1, Diff: 0.8, Sum: 87.5]
      [Code Root Scanning (ms): Min: 0.0, Avg: 0.0, Max: 0.0, Diff: 0.0, Sum: 0.0]
      [Object Copy (ms): Min: 130.6, Avg: 130.7, Max: 131.0, Diff: 0.5, Sum: 1045.3]
      [Termination (ms): Min: 0.0, Avg: 0.3, Max: 0.4, Diff: 0.4, Sum: 2.7]
         [Termination Attempts: Min: 1, Avg: 1866.3, Max: 2233, Diff: 2232, Sum: 14930]
      [GC Worker Other (ms): Min: 0.0, Avg: 0.0, Max: 0.1, Diff: 0.1, Sum: 0.3]
      [GC Worker Total (ms): Min: 158.3, Avg: 159.3, Max: 159.6, Diff: 1.3, Sum: 1274.7]
      [GC Worker End (ms): Min: 136925.7, Avg: 136925.7, Max: 136925.7, Diff: 0.1]
   [Code Root Fixup: 0.0 ms]
   [Code Root Purge: 0.0 ms]
   [Clear CT: 0.2 ms]
   [Other: 1.3 ms]
      [Choose CSet: 0.0 ms]
      [Ref Proc: 0.3 ms]
      [Ref Enq: 0.0 ms]
      [Redirty Cards: 0.3 ms]
      [Humongous Register: 0.1 ms]
      [Humongous Reclaim: 0.0 ms]
      [Free CSet: 0.4 ms]
   [Eden: 195.0M(195.0M)->0.0B(202.0M) Survivors: 27.0M->28.0M Heap: 685.3M(2048.0M)->687.3M(2048.0M)]
 [Times: user=1.34 sys=0.00, real=0.16 secs] 
2020-09-29T12:01:14.867+0200: 137.099: [GC pause (G1 Evacuation Pause) (young), 0.1552738 secs]
   [Parallel Time: 154.0 ms, GC Workers: 8]
      [GC Worker Start (ms): Min: 137099.0, Avg: 137100.1, Max: 137107.5, Diff: 8.5]
      [Ext Root Scanning (ms): Min: 0.0, Avg: 0.1, Max: 0.2, Diff: 0.2, Sum: 0.8]
      [Update RS (ms): Min: 12.9, Avg: 20.3, Max: 22.3, Diff: 9.3, Sum: 162.8]
         [Processed Buffers: Min: 14, Avg: 19.4, Max: 22, Diff: 8, Sum: 155]
      [Scan RS (ms): Min: 9.4, Avg: 10.3, Max: 10.5, Diff: 1.1, Sum: 82.4]
      [Code Root Scanning (ms): Min: 0.0, Avg: 0.0, Max: 0.0, Diff: 0.0, Sum: 0.0]
      [Object Copy (ms): Min: 122.0, Avg: 122.0, Max: 122.1, Diff: 0.1, Sum: 976.1]
      [Termination (ms): Min: 0.0, Avg: 0.0, Max: 0.0, Diff: 0.0, Sum: 0.0]
         [Termination Attempts: Min: 1, Avg: 1.3, Max: 2, Diff: 1, Sum: 10]
      [GC Worker Other (ms): Min: 0.0, Avg: 0.0, Max: 0.1, Diff: 0.0, Sum: 0.3]
      [GC Worker Total (ms): Min: 145.4, Avg: 152.8, Max: 153.9, Diff: 8.5, Sum: 1222.4]
      [GC Worker End (ms): Min: 137252.9, Avg: 137252.9, Max: 137252.9, Diff: 0.0]
   [Code Root Fixup: 0.0 ms]
   [Code Root Purge: 0.0 ms]
   [Clear CT: 0.2 ms]
   [Other: 1.0 ms]
      [Choose CSet: 0.0 ms]
      [Ref Proc: 0.2 ms]
      [Ref Enq: 0.0 ms]
      [Redirty Cards: 0.3 ms]
      [Humongous Register: 0.1 ms]
      [Humongous Reclaim: 0.0 ms]
      [Free CSet: 0.2 ms]
   [Eden: 202.0M(202.0M)->0.0B(212.0M) Survivors: 28.0M->29.0M Heap: 923.6M(2048.0M)->926.1M(2048.0M)]
 [Times: user=1.22 sys=0.00, real=0.16 secs] 
2020-09-29T12:01:15.107+0200: 137.338: [GC pause (G1 Humongous Allocation) (young) (initial-mark), 0.1319155 secs]
   [Parallel Time: 130.4 ms, GC Workers: 8]
      [GC Worker Start (ms): Min: 137338.5, Avg: 137338.6, Max: 137338.7, Diff: 0.2]
      [Ext Root Scanning (ms): Min: 0.0, Avg: 5.5, Max: 30.0, Diff: 30.0, Sum: 44.4]
      [Update RS (ms): Min: 0.0, Avg: 17.9, Max: 22.7, Diff: 22.7, Sum: 143.3]
         [Processed Buffers: Min: 0, Avg: 14.8, Max: 21, Diff: 21, Sum: 118]
      [Scan RS (ms): Min: 0.0, Avg: 4.2, Max: 8.6, Diff: 8.6, Sum: 33.9]
      [Code Root Scanning (ms): Min: 0.0, Avg: 0.0, Max: 0.0, Diff: 0.0, Sum: 0.0]
      [Object Copy (ms): Min: 98.3, Avg: 102.5, Max: 103.6, Diff: 5.3, Sum: 819.9]
      [Termination (ms): Min: 0.0, Avg: 0.0, Max: 0.1, Diff: 0.1, Sum: 0.3]
         [Termination Attempts: Min: 1, Avg: 208.6, Max: 263, Diff: 262, Sum: 1669]
      [GC Worker Other (ms): Min: 0.0, Avg: 0.0, Max: 0.1, Diff: 0.0, Sum: 0.2]
      [GC Worker Total (ms): Min: 130.1, Avg: 130.2, Max: 130.3, Diff: 0.2, Sum: 1042.0]
      [GC Worker End (ms): Min: 137468.8, Avg: 137468.8, Max: 137468.8, Diff: 0.0]
   [Code Root Fixup: 0.0 ms]
   [Code Root Purge: 0.0 ms]
   [Clear CT: 0.2 ms]
   [Other: 1.3 ms]
      [Choose CSet: 0.0 ms]
      [Ref Proc: 0.2 ms]
      [Ref Enq: 0.0 ms]
      [Redirty Cards: 0.5 ms]
      [Humongous Register: 0.0 ms]
      [Humongous Reclaim: 0.0 ms]
      [Free CSet: 0.2 ms]
   [Eden: 102.0M(212.0M)->0.0B(188.0M) Survivors: 29.0M->31.0M Heap: 1042.9M(2048.0M)->1044.9M(2048.0M)]
 [Times: user=0.89 sys=0.00, real=0.13 secs] 
2020-09-29T12:01:15.239+0200: 137.470: [GC concurrent-root-region-scan-start]
2020-09-29T12:01:15.252+0200: 137.484: [GC concurrent-root-region-scan-end, 0.0131389 secs]
2020-09-29T12:01:15.252+0200: 137.484: [GC concurrent-mark-start]
2020-09-29T12:01:15.257+0200: 137.489: [GC concurrent-mark-end, 0.0047487 secs]
2020-09-29T12:01:15.258+0200: 137.489: [GC remark 2020-09-29T12:01:15.258+0200: 137.489: [Finalize Marking, 0.0003410 secs] 2020-09-29T12:01:15.258+0200: 137.490: [GC ref-proc, 0.0004650 secs] 2020-09-29T12:01:15.258+0200: 137.490: [Unloading, 0.0006986 secs], 0.0019587 secs]
 [Times: user=0.00 sys=0.00, real=0.00 secs] 
2020-09-29T12:01:15.260+0200: 137.492: [GC cleanup 1076M->68M(2048M), 0.0016464 secs]
 [Times: user=0.00 sys=0.00, real=0.00 secs] 
2020-09-29T12:01:15.262+0200: 137.493: [GC concurrent-cleanup-start]
2020-09-29T12:01:15.263+0200: 137.495: [GC concurrent-cleanup-end, 0.0014489 secs]
2020-09-29T12:01:15.377+0200: 137.609: [GC pause (G1 Evacuation Pause) (young), 0.1682716 secs]
   [Parallel Time: 167.0 ms, GC Workers: 8]
      [GC Worker Start (ms): Min: 137609.1, Avg: 137609.1, Max: 137609.2, Diff: 0.2]
      [Ext Root Scanning (ms): Min: 0.0, Avg: 0.1, Max: 0.2, Diff: 0.2, Sum: 0.7]
      [Update RS (ms): Min: 20.4, Avg: 22.2, Max: 33.1, Diff: 12.7, Sum: 177.3]
         [Processed Buffers: Min: 1, Avg: 17.1, Max: 22, Diff: 21, Sum: 137]
      [Scan RS (ms): Min: 0.0, Avg: 7.5, Max: 8.8, Diff: 8.8, Sum: 59.8]
      [Code Root Scanning (ms): Min: 0.0, Avg: 0.0, Max: 0.0, Diff: 0.0, Sum: 0.0]
      [Object Copy (ms): Min: 133.5, Avg: 137.0, Max: 137.5, Diff: 4.0, Sum: 1095.6]
      [Termination (ms): Min: 0.0, Avg: 0.0, Max: 0.0, Diff: 0.0, Sum: 0.3]
         [Termination Attempts: Min: 1, Avg: 180.6, Max: 226, Diff: 225, Sum: 1445]
      [GC Worker Other (ms): Min: 0.0, Avg: 0.0, Max: 0.1, Diff: 0.1, Sum: 0.3]
      [GC Worker Total (ms): Min: 166.7, Avg: 166.8, Max: 166.8, Diff: 0.2, Sum: 1334.0]
      [GC Worker End (ms): Min: 137775.9, Avg: 137775.9, Max: 137775.9, Diff: 0.1]
   [Code Root Fixup: 0.0 ms]
   [Code Root Purge: 0.0 ms]
   [Clear CT: 0.2 ms]
   [Other: 1.1 ms]
      [Choose CSet: 0.0 ms]
      [Ref Proc: 0.3 ms]
      [Ref Enq: 0.0 ms]
      [Redirty Cards: 0.3 ms]
      [Humongous Register: 0.0 ms]
      [Humongous Reclaim: 0.0 ms]
      [Free CSet: 0.2 ms]
   [Eden: 188.0M(188.0M)->0.0B(192.0M) Survivors: 31.0M->28.0M Heap: 257.4M(2048.0M)->228.4M(2048.0M)]
 [Times: user=1.19 sys=0.00, real=0.17 secs] 
2020-09-29T12:01:15.684+0200: 137.916: [GC pause (G1 Evacuation Pause) (young), 0.1515610 secs]
   [Parallel Time: 150.2 ms, GC Workers: 8]
      [GC Worker Start (ms): Min: 137915.6, Avg: 137915.7, Max: 137915.8, Diff: 0.2]
      [Ext Root Scanning (ms): Min: 0.0, Avg: 0.1, Max: 0.1, Diff: 0.1, Sum: 0.8]
      [Update RS (ms): Min: 16.5, Avg: 16.7, Max: 17.6, Diff: 1.2, Sum: 133.4]
         [Processed Buffers: Min: 6, Avg: 14.9, Max: 19, Diff: 13, Sum: 119]
      [Scan RS (ms): Min: 11.1, Avg: 12.1, Max: 12.3, Diff: 1.2, Sum: 96.8]
      [Code Root Scanning (ms): Min: 0.0, Avg: 0.0, Max: 0.0, Diff: 0.0, Sum: 0.0]
      [Object Copy (ms): Min: 121.0, Avg: 121.0, Max: 121.1, Diff: 0.1, Sum: 968.2]
      [Termination (ms): Min: 0.0, Avg: 0.1, Max: 0.2, Diff: 0.2, Sum: 0.9]
         [Termination Attempts: Min: 1, Avg: 525.5, Max: 708, Diff: 707, Sum: 4204]
      [GC Worker Other (ms): Min: 0.0, Avg: 0.0, Max: 0.1, Diff: 0.1, Sum: 0.3]
      [GC Worker Total (ms): Min: 149.9, Avg: 150.0, Max: 150.1, Diff: 0.2, Sum: 1200.3]
      [GC Worker End (ms): Min: 138065.7, Avg: 138065.7, Max: 138065.7, Diff: 0.1]
   [Code Root Fixup: 0.0 ms]
   [Code Root Purge: 0.0 ms]
   [Clear CT: 0.2 ms]
   [Other: 1.1 ms]
      [Choose CSet: 0.0 ms]
      [Ref Proc: 0.2 ms]
      [Ref Enq: 0.0 ms]
      [Redirty Cards: 0.3 ms]
      [Humongous Register: 0.1 ms]
      [Humongous Reclaim: 0.0 ms]
      [Free CSet: 0.2 ms]
   [Eden: 192.0M(192.0M)->0.0B(203.0M) Survivors: 28.0M->28.0M Heap: 452.9M(2048.0M)->453.9M(2048.0M)]
 [Times: user=1.24 sys=0.00, real=0.15 secs] 
2020-09-29T12:01:15.977+0200: 138.208: [GC pause (G1 Evacuation Pause) (young), 0.1589166 secs]
   [Parallel Time: 157.5 ms, GC Workers: 8]
      [GC Worker Start (ms): Min: 138208.5, Avg: 138208.9, Max: 138210.8, Diff: 2.2]
      [Ext Root Scanning (ms): Min: 0.0, Avg: 0.1, Max: 0.2, Diff: 0.2, Sum: 0.8]
      [Update RS (ms): Min: 17.1, Avg: 19.2, Max: 19.8, Diff: 2.7, Sum: 153.5]
         [Processed Buffers: Min: 14, Avg: 16.3, Max: 18, Diff: 4, Sum: 130]
      [Scan RS (ms): Min: 11.3, Avg: 11.7, Max: 12.1, Diff: 0.7, Sum: 93.8]
      [Code Root Scanning (ms): Min: 0.0, Avg: 0.0, Max: 0.0, Diff: 0.0, Sum: 0.0]
      [Object Copy (ms): Min: 126.0, Avg: 126.0, Max: 126.1, Diff: 0.2, Sum: 1008.4]
      [Termination (ms): Min: 0.0, Avg: 0.0, Max: 0.1, Diff: 0.1, Sum: 0.3]
         [Termination Attempts: Min: 1, Avg: 199.6, Max: 276, Diff: 275, Sum: 1597]
      [GC Worker Other (ms): Min: 0.0, Avg: 0.0, Max: 0.1, Diff: 0.1, Sum: 0.4]
      [GC Worker Total (ms): Min: 155.2, Avg: 157.1, Max: 157.5, Diff: 2.3, Sum: 1257.1]
      [GC Worker End (ms): Min: 138366.0, Avg: 138366.0, Max: 138366.0, Diff: 0.1]
   [Code Root Fixup: 0.0 ms]
   [Code Root Purge: 0.0 ms]
   [Clear CT: 0.2 ms]
   [Other: 1.2 ms]
      [Choose CSet: 0.0 ms]
      [Ref Proc: 0.2 ms]
      [Ref Enq: 0.0 ms]
      [Redirty Cards: 0.4 ms]
      [Humongous Register: 0.1 ms]
      [Humongous Reclaim: 0.0 ms]
      [Free CSet: 0.3 ms]
   [Eden: 203.0M(203.0M)->0.0B(213.0M) Survivors: 28.0M->29.0M Heap: 689.3M(2048.0M)->691.3M(2048.0M)]
 [Times: user=1.20 sys=0.00, real=0.16 secs] 
2020-09-29T12:01:16.281+0200: 138.512: [GC pause (G1 Evacuation Pause) (young), 0.1603662 secs]
   [Parallel Time: 159.1 ms, GC Workers: 8]
      [GC Worker Start (ms): Min: 138512.6, Avg: 138512.6, Max: 138512.7, Diff: 0.1]
      [Ext Root Scanning (ms): Min: 0.0, Avg: 0.1, Max: 0.2, Diff: 0.1, Sum: 0.8]
      [Update RS (ms): Min: 22.3, Avg: 22.5, Max: 23.2, Diff: 0.9, Sum: 180.2]
         [Processed Buffers: Min: 15, Avg: 20.0, Max: 23, Diff: 8, Sum: 160]
      [Scan RS (ms): Min: 11.0, Avg: 11.6, Max: 11.8, Diff: 0.8, Sum: 92.4]
      [Code Root Scanning (ms): Min: 0.0, Avg: 0.0, Max: 0.0, Diff: 0.0, Sum: 0.0]
      [Object Copy (ms): Min: 124.3, Avg: 124.5, Max: 124.5, Diff: 0.2, Sum: 995.7]
      [Termination (ms): Min: 0.0, Avg: 0.1, Max: 0.1, Diff: 0.1, Sum: 0.7]
         [Termination Attempts: Min: 1, Avg: 438.6, Max: 621, Diff: 620, Sum: 3509]
      [GC Worker Other (ms): Min: 0.0, Avg: 0.0, Max: 0.1, Diff: 0.1, Sum: 0.4]
      [GC Worker Total (ms): Min: 158.7, Avg: 158.8, Max: 158.9, Diff: 0.2, Sum: 1270.3]
      [GC Worker End (ms): Min: 138671.4, Avg: 138671.4, Max: 138671.4, Diff: 0.1]
   [Code Root Fixup: 0.0 ms]
   [Code Root Purge: 0.0 ms]
   [Clear CT: 0.2 ms]
   [Other: 1.1 ms]
      [Choose CSet: 0.0 ms]
      [Ref Proc: 0.3 ms]
      [Ref Enq: 0.0 ms]
      [Redirty Cards: 0.3 ms]
      [Humongous Register: 0.1 ms]
      [Humongous Reclaim: 0.0 ms]
      [Free CSet: 0.2 ms]
   [Eden: 213.0M(213.0M)->0.0B(223.0M) Survivors: 29.0M->31.0M Heap: 940.5M(2048.0M)->942.5M(2048.0M)]
 [Times: user=1.22 sys=0.00, real=0.16 secs] 
2020-09-29T12:01:16.458+0200: 138.690: [GC pause (G1 Humongous Allocation) (young) (initial-mark), 0.0895939 secs]
   [Parallel Time: 88.4 ms, GC Workers: 8]
      [GC Worker Start (ms): Min: 138690.1, Avg: 138690.1, Max: 138690.3, Diff: 0.2]
      [Ext Root Scanning (ms): Min: 0.2, Avg: 3.9, Max: 30.0, Diff: 29.9, Sum: 31.3]
      [Update RS (ms): Min: 0.0, Avg: 23.8, Max: 27.5, Diff: 27.5, Sum: 190.1]
         [Processed Buffers: Min: 0, Avg: 24.6, Max: 29, Diff: 29, Sum: 197]
      [Scan RS (ms): Min: 0.0, Avg: 2.5, Max: 3.1, Diff: 3.1, Sum: 19.8]
      [Code Root Scanning (ms): Min: 0.0, Avg: 0.0, Max: 0.0, Diff: 0.0, Sum: 0.0]
      [Object Copy (ms): Min: 57.2, Avg: 57.5, Max: 58.0, Diff: 0.7, Sum: 459.8]
      [Termination (ms): Min: 0.1, Avg: 0.5, Max: 0.7, Diff: 0.6, Sum: 4.0]
         [Termination Attempts: Min: 1, Avg: 2467.5, Max: 3488, Diff: 3487, Sum: 19740]
      [GC Worker Other (ms): Min: 0.0, Avg: 0.0, Max: 0.0, Diff: 0.0, Sum: 0.1]
      [GC Worker Total (ms): Min: 88.0, Avg: 88.1, Max: 88.2, Diff: 0.2, Sum: 705.2]
      [GC Worker End (ms): Min: 138778.3, Avg: 138778.3, Max: 138778.3, Diff: 0.0]
   [Code Root Fixup: 0.0 ms]
   [Code Root Purge: 0.0 ms]
   [Clear CT: 0.4 ms]
   [Other: 0.9 ms]
      [Choose CSet: 0.0 ms]
      [Ref Proc: 0.2 ms]
      [Ref Enq: 0.0 ms]
      [Redirty Cards: 0.2 ms]
      [Humongous Register: 0.1 ms]
      [Humongous Reclaim: 0.0 ms]
      [Free CSet: 0.1 ms]
   [Eden: 17.0M(223.0M)->0.0B(164.0M) Survivors: 31.0M->19.0M Heap: 961.4M(2048.0M)->964.9M(2048.0M)]
 [Times: user=0.52 sys=0.03, real=0.09 secs] 
2020-09-29T12:01:16.548+0200: 138.780: [GC concurrent-root-region-scan-start]
2020-09-29T12:01:16.555+0200: 138.787: [GC concurrent-root-region-scan-end, 0.0070895 secs]
2020-09-29T12:01:16.555+0200: 138.787: [GC concurrent-mark-start]
2020-09-29T12:01:16.559+0200: 138.791: [GC concurrent-mark-end, 0.0038162 secs]
2020-09-29T12:01:16.559+0200: 138.791: [GC remark 2020-09-29T12:01:16.559+0200: 138.791: [Finalize Marking, 0.0002403 secs] 2020-09-29T12:01:16.560+0200: 138.791: [GC ref-proc, 0.0004917 secs] 2020-09-29T12:01:16.560+0200: 138.792: [Unloading, 0.0005770 secs], 0.0017822 secs]
 [Times: user=0.00 sys=0.00, real=0.00 secs] 
2020-09-29T12:01:16.561+0200: 138.793: [GC cleanup 985M->45M(2048M), 0.0019860 secs]
 [Times: user=0.00 sys=0.00, real=0.00 secs] 
2020-09-29T12:01:16.564+0200: 138.795: [GC concurrent-cleanup-start]
2020-09-29T12:01:16.565+0200: 138.797: [GC concurrent-cleanup-end, 0.0016614 secs]
2020-09-29T12:01:16.672+0200: 138.903: [GC pause (G1 Evacuation Pause) (young), 0.1747117 secs]
   [Parallel Time: 173.4 ms, GC Workers: 8]
      [GC Worker Start (ms): Min: 138903.4, Avg: 138907.5, Max: 138935.3, Diff: 31.9]
      [Ext Root Scanning (ms): Min: 0.0, Avg: 0.1, Max: 0.2, Diff: 0.2, Sum: 0.8]
      [Update RS (ms): Min: 0.0, Avg: 17.8, Max: 20.5, Diff: 20.5, Sum: 142.5]
         [Processed Buffers: Min: 0, Avg: 15.6, Max: 19, Diff: 19, Sum: 125]
      [Scan RS (ms): Min: 0.0, Avg: 7.0, Max: 8.2, Diff: 8.2, Sum: 56.3]
      [Code Root Scanning (ms): Min: 0.0, Avg: 0.0, Max: 0.0, Diff: 0.0, Sum: 0.0]
      [Object Copy (ms): Min: 141.3, Avg: 144.1, Max: 144.7, Diff: 3.5, Sum: 1153.1]
      [Termination (ms): Min: 0.0, Avg: 0.1, Max: 0.2, Diff: 0.2, Sum: 1.1]
         [Termination Attempts: Min: 1, Avg: 480.4, Max: 695, Diff: 694, Sum: 3843]
      [GC Worker Other (ms): Min: 0.0, Avg: 0.0, Max: 0.0, Diff: 0.0, Sum: 0.1]
      [GC Worker Total (ms): Min: 141.4, Avg: 169.2, Max: 173.3, Diff: 31.9, Sum: 1353.8]
      [GC Worker End (ms): Min: 139076.7, Avg: 139076.7, Max: 139076.7, Diff: 0.0]
   [Code Root Fixup: 0.0 ms]
   [Code Root Purge: 0.0 ms]
   [Clear CT: 0.2 ms]
   [Other: 1.0 ms]
      [Choose CSet: 0.0 ms]
      [Ref Proc: 0.2 ms]
      [Ref Enq: 0.0 ms]
      [Redirty Cards: 0.3 ms]
      [Humongous Register: 0.0 ms]
      [Humongous Reclaim: 0.0 ms]
      [Free CSet: 0.2 ms]
   [Eden: 164.0M(164.0M)->0.0B(159.0M) Survivors: 19.0M->23.0M Heap: 217.6M(2048.0M)->200.1M(2048.0M)]
 [Times: user=1.17 sys=0.00, real=0.17 secs] 
2020-09-29T12:01:16.960+0200: 139.191: [GC pause (G1 Evacuation Pause) (young), 0.1910143 secs]
   [Parallel Time: 189.6 ms, GC Workers: 8]
      [GC Worker Start (ms): Min: 139191.7, Avg: 139200.2, Max: 139225.4, Diff: 33.7]
      [Ext Root Scanning (ms): Min: 0.0, Avg: 0.1, Max: 0.2, Diff: 0.2, Sum: 1.0]
      [Update RS (ms): Min: 0.0, Avg: 21.7, Max: 29.2, Diff: 29.2, Sum: 173.5]
         [Processed Buffers: Min: 0, Avg: 17.4, Max: 26, Diff: 26, Sum: 139]
      [Scan RS (ms): Min: 6.5, Avg: 13.2, Max: 36.4, Diff: 29.9, Sum: 105.4]
      [Code Root Scanning (ms): Min: 0.0, Avg: 0.0, Max: 0.0, Diff: 0.0, Sum: 0.0]
      [Object Copy (ms): Min: 123.7, Avg: 145.8, Max: 149.2, Diff: 25.5, Sum: 1166.0]
      [Termination (ms): Min: 0.0, Avg: 0.1, Max: 0.1, Diff: 0.1, Sum: 0.4]
         [Termination Attempts: Min: 1, Avg: 274.9, Max: 336, Diff: 335, Sum: 2199]
      [GC Worker Other (ms): Min: 0.0, Avg: 0.0, Max: 0.1, Diff: 0.0, Sum: 0.3]
      [GC Worker Total (ms): Min: 155.7, Avg: 180.8, Max: 189.4, Diff: 33.7, Sum: 1446.6]
      [GC Worker End (ms): Min: 139381.1, Avg: 139381.1, Max: 139381.1, Diff: 0.0]
   [Code Root Fixup: 0.0 ms]
   [Code Root Purge: 0.0 ms]
   [Clear CT: 0.4 ms]
   [Other: 1.1 ms]
      [Choose CSet: 0.0 ms]
      [Ref Proc: 0.2 ms]
      [Ref Enq: 0.0 ms]
      [Redirty Cards: 0.2 ms]
      [Humongous Register: 0.1 ms]
      [Humongous Reclaim: 0.0 ms]
      [Free CSet: 0.2 ms]
   [Eden: 159.0M(159.0M)->0.0B(151.0M) Survivors: 23.0M->23.0M Heap: 385.8M(2048.0M)->387.8M(2048.0M)]
 [Times: user=1.36 sys=0.00, real=0.19 secs] 
2020-09-29T12:01:17.276+0200: 139.508: [GC pause (G1 Evacuation Pause) (young), 0.1269678 secs]
   [Parallel Time: 125.6 ms, GC Workers: 8]
      [GC Worker Start (ms): Min: 139508.0, Avg: 139508.0, Max: 139508.1, Diff: 0.1]
      [Ext Root Scanning (ms): Min: 0.1, Avg: 0.1, Max: 0.2, Diff: 0.1, Sum: 0.9]
      [Update RS (ms): Min: 16.2, Avg: 16.4, Max: 17.1, Diff: 0.9, Sum: 131.4]
         [Processed Buffers: Min: 12, Avg: 14.3, Max: 16, Diff: 4, Sum: 114]
      [Scan RS (ms): Min: 8.0, Avg: 8.7, Max: 9.0, Diff: 1.0, Sum: 69.7]
      [Code Root Scanning (ms): Min: 0.0, Avg: 0.0, Max: 0.0, Diff: 0.0, Sum: 0.0]
      [Object Copy (ms): Min: 99.9, Avg: 100.0, Max: 100.0, Diff: 0.1, Sum: 799.9]
      [Termination (ms): Min: 0.0, Avg: 0.1, Max: 0.1, Diff: 0.1, Sum: 0.5]
         [Termination Attempts: Min: 1, Avg: 241.8, Max: 339, Diff: 338, Sum: 1934]
      [GC Worker Other (ms): Min: 0.0, Avg: 0.0, Max: 0.0, Diff: 0.0, Sum: 0.2]
      [GC Worker Total (ms): Min: 125.3, Avg: 125.3, Max: 125.4, Diff: 0.1, Sum: 1002.6]
      [GC Worker End (ms): Min: 139633.4, Avg: 139633.4, Max: 139633.4, Diff: 0.0]
   [Code Root Fixup: 0.0 ms]
   [Code Root Purge: 0.0 ms]
   [Clear CT: 0.2 ms]
   [Other: 1.2 ms]
      [Choose CSet: 0.0 ms]
      [Ref Proc: 0.3 ms]
      [Ref Enq: 0.0 ms]
      [Redirty Cards: 0.3 ms]
      [Humongous Register: 0.1 ms]
      [Humongous Reclaim: 0.0 ms]
      [Free CSet: 0.2 ms]
   [Eden: 151.0M(151.0M)->0.0B(169.0M) Survivors: 23.0M->22.0M Heap: 563.6M(2048.0M)->565.1M(2048.0M)]
 [Times: user=1.00 sys=0.00, real=0.13 secs] 
2020-09-29T12:01:17.534+0200: 139.765: [GC pause (G1 Evacuation Pause) (young), 0.2007229 secs]
   [Parallel Time: 199.6 ms, GC Workers: 8]
      [GC Worker Start (ms): Min: 139765.4, Avg: 139773.3, Max: 139796.8, Diff: 31.4]
      [Ext Root Scanning (ms): Min: 0.0, Avg: 0.1, Max: 0.4, Diff: 0.4, Sum: 1.0]
      [Update RS (ms): Min: 0.0, Avg: 20.8, Max: 28.6, Diff: 28.6, Sum: 166.5]
         [Processed Buffers: Min: 0, Avg: 18.0, Max: 26, Diff: 26, Sum: 144]
      [Scan RS (ms): Min: 7.3, Avg: 13.5, Max: 39.3, Diff: 32.0, Sum: 107.9]
      [Code Root Scanning (ms): Min: 0.0, Avg: 0.0, Max: 0.0, Diff: 0.0, Sum: 0.0]
      [Object Copy (ms): Min: 131.7, Avg: 156.9, Max: 160.6, Diff: 28.9, Sum: 1255.3]
      [Termination (ms): Min: 0.0, Avg: 0.2, Max: 0.2, Diff: 0.2, Sum: 1.3]
         [Termination Attempts: Min: 1, Avg: 762.9, Max: 963, Diff: 962, Sum: 6103]
      [GC Worker Other (ms): Min: 0.0, Avg: 0.0, Max: 0.1, Diff: 0.1, Sum: 0.3]
      [GC Worker Total (ms): Min: 168.1, Avg: 191.5, Max: 199.4, Diff: 31.4, Sum: 1532.3]
      [GC Worker End (ms): Min: 139964.8, Avg: 139964.9, Max: 139964.9, Diff: 0.0]
   [Code Root Fixup: 0.0 ms]
   [Code Root Purge: 0.0 ms]
   [Clear CT: 0.2 ms]
   [Other: 0.9 ms]
      [Choose CSet: 0.0 ms]
      [Ref Proc: 0.2 ms]
      [Ref Enq: 0.0 ms]
      [Redirty Cards: 0.3 ms]
      [Humongous Register: 0.1 ms]
      [Humongous Reclaim: 0.0 ms]
      [Free CSet: 0.2 ms]
   [Eden: 169.0M(169.0M)->0.0B(158.0M) Survivors: 22.0M->24.0M Heap: 762.7M(2048.0M)->764.2M(2048.0M)]
 [Times: user=1.47 sys=0.00, real=0.20 secs] 
2020-09-29T12:01:17.873+0200: 140.105: [GC pause (G1 Evacuation Pause) (young), 0.1713798 secs]
   [Parallel Time: 170.1 ms, GC Workers: 8]
      [GC Worker Start (ms): Min: 140105.0, Avg: 140105.0, Max: 140105.1, Diff: 0.2]
      [Ext Root Scanning (ms): Min: 0.0, Avg: 0.1, Max: 0.2, Diff: 0.2, Sum: 0.8]
      [Update RS (ms): Min: 19.9, Avg: 21.8, Max: 31.8, Diff: 11.9, Sum: 174.1]
         [Processed Buffers: Min: 6, Avg: 14.3, Max: 18, Diff: 12, Sum: 114]
      [Scan RS (ms): Min: 0.0, Avg: 8.7, Max: 10.4, Diff: 10.4, Sum: 69.8]
      [Code Root Scanning (ms): Min: 0.0, Avg: 0.0, Max: 0.0, Diff: 0.0, Sum: 0.0]
      [Object Copy (ms): Min: 137.7, Avg: 139.0, Max: 139.4, Diff: 1.8, Sum: 1111.9]
      [Termination (ms): Min: 0.0, Avg: 0.2, Max: 0.4, Diff: 0.4, Sum: 1.7]
         [Termination Attempts: Min: 1, Avg: 854.9, Max: 1049, Diff: 1048, Sum: 6839]
      [GC Worker Other (ms): Min: 0.0, Avg: 0.0, Max: 0.1, Diff: 0.0, Sum: 0.4]
      [GC Worker Total (ms): Min: 169.7, Avg: 169.8, Max: 169.9, Diff: 0.2, Sum: 1358.8]
      [GC Worker End (ms): Min: 140274.9, Avg: 140274.9, Max: 140274.9, Diff: 0.0]
   [Code Root Fixup: 0.0 ms]
   [Code Root Purge: 0.0 ms]
   [Clear CT: 0.2 ms]
   [Other: 1.1 ms]
      [Choose CSet: 0.0 ms]
      [Ref Proc: 0.3 ms]
      [Ref Enq: 0.0 ms]
      [Redirty Cards: 0.3 ms]
      [Humongous Register: 0.0 ms]
      [Humongous Reclaim: 0.0 ms]
      [Free CSet: 0.2 ms]
   [Eden: 158.0M(158.0M)->0.0B(162.0M) Survivors: 24.0M->23.0M Heap: 947.0M(2048.0M)->949.0M(2048.0M)]
 [Times: user=1.20 sys=0.00, real=0.17 secs] 
2020-09-29T12:01:18.045+0200: 140.277: [GC pause (G1 Humongous Allocation) (young) (initial-mark), 0.0534686 secs]
   [Parallel Time: 52.3 ms, GC Workers: 8]
      [GC Worker Start (ms): Min: 140276.9, Avg: 140277.0, Max: 140277.1, Diff: 0.2]
      [Ext Root Scanning (ms): Min: 0.0, Avg: 0.2, Max: 0.2, Diff: 0.2, Sum: 1.5]
      [Update RS (ms): Min: 34.1, Avg: 34.3, Max: 35.0, Diff: 0.9, Sum: 274.6]
         [Processed Buffers: Min: 27, Avg: 31.1, Max: 33, Diff: 6, Sum: 249]
      [Scan RS (ms): Min: 0.0, Avg: 0.0, Max: 0.0, Diff: 0.0, Sum: 0.0]
      [Code Root Scanning (ms): Min: 0.0, Avg: 0.0, Max: 0.0, Diff: 0.0, Sum: 0.0]
      [Object Copy (ms): Min: 16.8, Avg: 17.5, Max: 17.8, Diff: 1.0, Sum: 139.9]
      [Termination (ms): Min: 0.0, Avg: 0.0, Max: 0.0, Diff: 0.0, Sum: 0.0]
         [Termination Attempts: Min: 1, Avg: 21.4, Max: 32, Diff: 31, Sum: 171]
      [GC Worker Other (ms): Min: 0.0, Avg: 0.0, Max: 0.1, Diff: 0.0, Sum: 0.2]
      [GC Worker Total (ms): Min: 51.9, Avg: 52.0, Max: 52.1, Diff: 0.2, Sum: 416.3]
      [GC Worker End (ms): Min: 140329.0, Avg: 140329.0, Max: 140329.0, Diff: 0.0]
   [Code Root Fixup: 0.0 ms]
   [Code Root Purge: 0.0 ms]
   [Clear CT: 0.2 ms]
   [Other: 0.9 ms]
      [Choose CSet: 0.0 ms]
      [Ref Proc: 0.3 ms]
      [Ref Enq: 0.0 ms]
      [Redirty Cards: 0.2 ms]
      [Humongous Register: 0.0 ms]
      [Humongous Reclaim: 0.0 ms]
      [Free CSet: 0.1 ms]
   [Eden: 1024.0K(162.0M)->0.0B(207.0M) Survivors: 23.0M->2048.0K Heap: 949.5M(2048.0M)->953.0M(2048.0M)]
 [Times: user=0.47 sys=0.00, real=0.05 secs] 
2020-09-29T12:01:18.099+0200: 140.330: [GC concurrent-root-region-scan-start]
2020-09-29T12:01:18.099+0200: 140.331: [GC concurrent-root-region-scan-end, 0.0001853 secs]
2020-09-29T12:01:18.099+0200: 140.331: [GC concurrent-mark-start]
2020-09-29T12:01:18.104+0200: 140.335: [GC concurrent-mark-end, 0.0045563 secs]
2020-09-29T12:01:18.104+0200: 140.336: [GC remark 2020-09-29T12:01:18.104+0200: 140.336: [Finalize Marking, 0.0002292 secs] 2020-09-29T12:01:18.105+0200: 140.336: [GC ref-proc, 0.0004448 secs] 2020-09-29T12:01:18.105+0200: 140.336: [Unloading, 0.0012465 secs], 0.0023978 secs]
 [Times: user=0.00 sys=0.00, real=0.00 secs] 
2020-09-29T12:01:18.107+0200: 140.339: [GC cleanup 961M->16M(2048M), 0.0014246 secs]
 [Times: user=0.00 sys=0.00, real=0.00 secs] 
2020-09-29T12:01:18.109+0200: 140.340: [GC concurrent-cleanup-start]
2020-09-29T12:01:18.111+0200: 140.342: [GC concurrent-cleanup-end, 0.0018732 secs]
2020-09-29T12:01:18.245+0200: 140.477: [GC pause (G1 Evacuation Pause) (young), 0.1504987 secs]
   [Parallel Time: 149.2 ms, GC Workers: 8]
      [GC Worker Start (ms): Min: 140476.9, Avg: 140477.0, Max: 140477.1, Diff: 0.2]
      [Ext Root Scanning (ms): Min: 0.0, Avg: 0.1, Max: 0.2, Diff: 0.2, Sum: 0.7]
      [Update RS (ms): Min: 14.3, Avg: 14.5, Max: 15.2, Diff: 0.9, Sum: 116.1]
         [Processed Buffers: Min: 10, Avg: 13.3, Max: 16, Diff: 6, Sum: 106]
      [Scan RS (ms): Min: 12.5, Avg: 13.1, Max: 13.5, Diff: 1.0, Sum: 105.0]
      [Code Root Scanning (ms): Min: 0.0, Avg: 0.0, Max: 0.0, Diff: 0.0, Sum: 0.0]
      [Object Copy (ms): Min: 120.7, Avg: 121.0, Max: 121.2, Diff: 0.5, Sum: 968.3]
      [Termination (ms): Min: 0.0, Avg: 0.1, Max: 0.1, Diff: 0.1, Sum: 0.7]
         [Termination Attempts: Min: 1, Avg: 409.8, Max: 527, Diff: 526, Sum: 3278]
      [GC Worker Other (ms): Min: 0.0, Avg: 0.0, Max: 0.1, Diff: 0.1, Sum: 0.2]
      [GC Worker Total (ms): Min: 148.8, Avg: 148.9, Max: 149.0, Diff: 0.2, Sum: 1191.0]
      [GC Worker End (ms): Min: 140625.9, Avg: 140625.9, Max: 140625.9, Diff: 0.0]
   [Code Root Fixup: 0.0 ms]
   [Code Root Purge: 0.0 ms]
   [Clear CT: 0.2 ms]
   [Other: 1.1 ms]
      [Choose CSet: 0.0 ms]
      [Ref Proc: 0.3 ms]
      [Ref Enq: 0.0 ms]
      [Redirty Cards: 0.2 ms]
      [Humongous Register: 0.0 ms]
      [Humongous Reclaim: 0.0 ms]
      [Free CSet: 0.2 ms]
   [Eden: 207.0M(207.0M)->0.0B(183.0M) Survivors: 2048.0K->27.0M Heap: 250.7M(2048.0M)->250.7M(2048.0M)]
 [Times: user=1.22 sys=0.00, real=0.15 secs] 
2020-09-29T12:01:18.537+0200: 140.769: [GC pause (G1 Evacuation Pause) (young), 0.1594595 secs]
   [Parallel Time: 158.1 ms, GC Workers: 8]
      [GC Worker Start (ms): Min: 140768.9, Avg: 140769.0, Max: 140769.1, Diff: 0.1]
      [Ext Root Scanning (ms): Min: 0.0, Avg: 0.1, Max: 0.2, Diff: 0.1, Sum: 0.7]
      [Update RS (ms): Min: 17.5, Avg: 17.6, Max: 17.7, Diff: 0.2, Sum: 140.6]
         [Processed Buffers: Min: 13, Avg: 16.4, Max: 20, Diff: 7, Sum: 131]
      [Scan RS (ms): Min: 11.6, Avg: 11.7, Max: 11.8, Diff: 0.2, Sum: 93.7]
      [Code Root Scanning (ms): Min: 0.0, Avg: 0.0, Max: 0.0, Diff: 0.0, Sum: 0.0]
      [Object Copy (ms): Min: 128.3, Avg: 128.3, Max: 128.4, Diff: 0.2, Sum: 1026.6]
      [Termination (ms): Min: 0.0, Avg: 0.1, Max: 0.1, Diff: 0.1, Sum: 0.8]
         [Termination Attempts: Min: 1, Avg: 522.5, Max: 640, Diff: 639, Sum: 4180]
      [GC Worker Other (ms): Min: 0.0, Avg: 0.0, Max: 0.1, Diff: 0.0, Sum: 0.3]
      [GC Worker Total (ms): Min: 157.8, Avg: 157.8, Max: 157.9, Diff: 0.1, Sum: 1262.8]
      [GC Worker End (ms): Min: 140926.8, Avg: 140926.9, Max: 140926.9, Diff: 0.0]
   [Code Root Fixup: 0.0 ms]
   [Code Root Purge: 0.0 ms]
   [Clear CT: 0.2 ms]
   [Other: 1.2 ms]
      [Choose CSet: 0.0 ms]
      [Ref Proc: 0.3 ms]
      [Ref Enq: 0.0 ms]
      [Redirty Cards: 0.3 ms]
      [Humongous Register: 0.1 ms]
      [Humongous Reclaim: 0.0 ms]
      [Free CSet: 0.2 ms]
   [Eden: 183.0M(183.0M)->0.0B(185.0M) Survivors: 27.0M->27.0M Heap: 464.3M(2048.0M)->465.8M(2048.0M)]
 [Times: user=1.20 sys=0.00, real=0.16 secs] 
2020-09-29T12:01:18.834+0200: 141.065: [GC pause (G1 Evacuation Pause) (young), 0.1552908 secs]
   [Parallel Time: 154.0 ms, GC Workers: 8]
      [GC Worker Start (ms): Min: 141065.2, Avg: 141065.4, Max: 141065.5, Diff: 0.2]
      [Ext Root Scanning (ms): Min: 0.0, Avg: 0.1, Max: 0.2, Diff: 0.2, Sum: 0.6]
      [Update RS (ms): Min: 18.9, Avg: 19.1, Max: 20.1, Diff: 1.2, Sum: 152.5]
         [Processed Buffers: Min: 15, Avg: 16.1, Max: 19, Diff: 4, Sum: 129]
      [Scan RS (ms): Min: 10.7, Avg: 11.7, Max: 11.9, Diff: 1.2, Sum: 93.6]
      [Code Root Scanning (ms): Min: 0.0, Avg: 0.0, Max: 0.0, Diff: 0.0, Sum: 0.0]
      [Object Copy (ms): Min: 122.8, Avg: 122.9, Max: 122.9, Diff: 0.2, Sum: 982.8]
      [Termination (ms): Min: 0.0, Avg: 0.1, Max: 0.1, Diff: 0.1, Sum: 0.4]
         [Termination Attempts: Min: 1, Avg: 234.8, Max: 323, Diff: 322, Sum: 1878]
      [GC Worker Other (ms): Min: 0.0, Avg: 0.0, Max: 0.1, Diff: 0.0, Sum: 0.2]
      [GC Worker Total (ms): Min: 153.7, Avg: 153.8, Max: 153.9, Diff: 0.2, Sum: 1230.2]
      [GC Worker End (ms): Min: 141219.1, Avg: 141219.2, Max: 141219.2, Diff: 0.0]
   [Code Root Fixup: 0.0 ms]
   [Code Root Purge: 0.0 ms]
   [Clear CT: 0.2 ms]
   [Other: 1.1 ms]
      [Choose CSet: 0.0 ms]
      [Ref Proc: 0.3 ms]
      [Ref Enq: 0.0 ms]
      [Redirty Cards: 0.3 ms]
      [Humongous Register: 0.0 ms]
      [Humongous Reclaim: 0.0 ms]
      [Free CSet: 0.2 ms]
   [Eden: 185.0M(185.0M)->0.0B(195.0M) Survivors: 27.0M->27.0M Heap: 681.3M(2048.0M)->683.3M(2048.0M)]
 [Times: user=1.20 sys=0.00, real=0.15 secs] 
2020-09-29T12:01:19.138+0200: 141.369: [GC pause (G1 Evacuation Pause) (young), 0.1826380 secs]
   [Parallel Time: 181.4 ms, GC Workers: 8]
      [GC Worker Start (ms): Min: 141368.8, Avg: 141368.8, Max: 141369.0, Diff: 0.2]
      [Ext Root Scanning (ms): Min: 0.0, Avg: 0.1, Max: 0.2, Diff: 0.2, Sum: 0.7]
      [Update RS (ms): Min: 17.4, Avg: 17.7, Max: 18.4, Diff: 1.0, Sum: 141.3]
         [Processed Buffers: Min: 13, Avg: 15.3, Max: 17, Diff: 4, Sum: 122]
      [Scan RS (ms): Min: 12.4, Avg: 13.1, Max: 13.4, Diff: 1.0, Sum: 104.8]
      [Code Root Scanning (ms): Min: 0.0, Avg: 0.0, Max: 0.0, Diff: 0.0, Sum: 0.0]
      [Object Copy (ms): Min: 150.0, Avg: 150.1, Max: 150.1, Diff: 0.1, Sum: 1200.4]
      [Termination (ms): Min: 0.0, Avg: 0.1, Max: 0.3, Diff: 0.3, Sum: 1.1]
         [Termination Attempts: Min: 1, Avg: 180.6, Max: 274, Diff: 273, Sum: 1445]
      [GC Worker Other (ms): Min: 0.0, Avg: 0.0, Max: 0.0, Diff: 0.0, Sum: 0.1]
      [GC Worker Total (ms): Min: 180.9, Avg: 181.1, Max: 181.3, Diff: 0.4, Sum: 1448.4]
      [GC Worker End (ms): Min: 141549.8, Avg: 141549.9, Max: 141550.1, Diff: 0.2]
   [Code Root Fixup: 0.0 ms]
   [Code Root Purge: 0.0 ms]
   [Clear CT: 0.2 ms]
   [Other: 1.0 ms]
      [Choose CSet: 0.0 ms]
      [Ref Proc: 0.2 ms]
      [Ref Enq: 0.0 ms]
      [Redirty Cards: 0.3 ms]
      [Humongous Register: 0.0 ms]
      [Humongous Reclaim: 0.0 ms]
      [Free CSet: 0.3 ms]
   [Eden: 195.0M(195.0M)->0.0B(193.0M) Survivors: 27.0M->28.0M Heap: 910.7M(2048.0M)->912.7M(2048.0M)]
 [Times: user=1.27 sys=0.01, real=0.18 secs] 
2020-09-29T12:01:19.451+0200: 141.683: [GC pause (G1 Humongous Allocation) (young) (initial-mark), 0.1716871 secs]
   [Parallel Time: 170.3 ms, GC Workers: 8]
      [GC Worker Start (ms): Min: 141683.5, Avg: 141683.6, Max: 141683.7, Diff: 0.2]
      [Ext Root Scanning (ms): Min: 0.0, Avg: 3.7, Max: 28.4, Diff: 28.4, Sum: 29.7]
      [Update RS (ms): Min: 0.0, Avg: 20.1, Max: 23.6, Diff: 23.6, Sum: 161.0]
         [Processed Buffers: Min: 0, Avg: 15.8, Max: 20, Diff: 20, Sum: 126]
      [Scan RS (ms): Min: 6.5, Avg: 11.1, Max: 12.7, Diff: 6.2, Sum: 89.1]
      [Code Root Scanning (ms): Min: 0.0, Avg: 0.0, Max: 0.0, Diff: 0.0, Sum: 0.0]
      [Object Copy (ms): Min: 134.1, Avg: 135.1, Max: 135.3, Diff: 1.2, Sum: 1080.4]
      [Termination (ms): Min: 0.0, Avg: 0.1, Max: 0.1, Diff: 0.1, Sum: 0.4]
         [Termination Attempts: Min: 1, Avg: 276.5, Max: 399, Diff: 398, Sum: 2212]
      [GC Worker Other (ms): Min: 0.0, Avg: 0.1, Max: 0.1, Diff: 0.1, Sum: 0.4]
      [GC Worker Total (ms): Min: 170.0, Avg: 170.1, Max: 170.2, Diff: 0.2, Sum: 1361.2]
      [GC Worker End (ms): Min: 141853.7, Avg: 141853.8, Max: 141853.8, Diff: 0.1]
   [Code Root Fixup: 0.0 ms]
   [Code Root Purge: 0.0 ms]
   [Clear CT: 0.3 ms]
   [Other: 1.1 ms]
      [Choose CSet: 0.0 ms]
      [Ref Proc: 0.2 ms]
      [Ref Enq: 0.0 ms]
      [Redirty Cards: 0.3 ms]
      [Humongous Register: 0.0 ms]
      [Humongous Reclaim: 0.0 ms]
      [Free CSet: 0.2 ms]
   [Eden: 180.0M(193.0M)->0.0B(195.0M) Survivors: 28.0M->28.0M Heap: 1121.3M(2048.0M)->1123.3M(2048.0M)]
 [Times: user=1.27 sys=0.00, real=0.17 secs] 
2020-09-29T12:01:19.623+0200: 141.855: [GC concurrent-root-region-scan-start]
2020-09-29T12:01:19.637+0200: 141.869: [GC concurrent-root-region-scan-end, 0.0132823 secs]
2020-09-29T12:01:19.637+0200: 141.869: [GC concurrent-mark-start]
2020-09-29T12:01:19.642+0200: 141.874: [GC concurrent-mark-end, 0.0048194 secs]
2020-09-29T12:01:19.645+0200: 141.877: [GC remark 2020-09-29T12:01:19.645+0200: 141.877: [Finalize Marking, 0.0002628 secs] 2020-09-29T12:01:19.645+0200: 141.877: [GC ref-proc, 0.0004855 secs] 2020-09-29T12:01:19.646+0200: 141.877: [Unloading, 0.0005959 secs], 0.0019135 secs]
 [Times: user=0.00 sys=0.00, real=0.00 secs] 
2020-09-29T12:01:19.647+0200: 141.879: [GC cleanup 1158M->68M(2048M), 0.0032797 secs]
 [Times: user=0.00 sys=0.00, real=0.00 secs] 
2020-09-29T12:01:19.651+0200: 141.882: [GC concurrent-cleanup-start]
2020-09-29T12:01:19.653+0200: 141.885: [GC concurrent-cleanup-end, 0.0024753 secs]
2020-09-29T12:01:19.767+0200: 141.999: [GC pause (G1 Evacuation Pause) (young), 0.1493176 secs]
   [Parallel Time: 148.0 ms, GC Workers: 8]
      [GC Worker Start (ms): Min: 141999.4, Avg: 141999.4, Max: 141999.5, Diff: 0.1]
      [Ext Root Scanning (ms): Min: 0.1, Avg: 0.1, Max: 0.2, Diff: 0.1, Sum: 0.8]
      [Update RS (ms): Min: 18.6, Avg: 18.7, Max: 18.9, Diff: 0.3, Sum: 149.7]
         [Processed Buffers: Min: 13, Avg: 16.3, Max: 19, Diff: 6, Sum: 130]
      [Scan RS (ms): Min: 10.7, Avg: 11.1, Max: 13.2, Diff: 2.5, Sum: 88.9]
      [Code Root Scanning (ms): Min: 0.0, Avg: 0.0, Max: 0.0, Diff: 0.0, Sum: 0.0]
      [Object Copy (ms): Min: 115.6, Avg: 117.8, Max: 118.2, Diff: 2.6, Sum: 942.4]
      [Termination (ms): Min: 0.0, Avg: 0.0, Max: 0.0, Diff: 0.0, Sum: 0.1]
         [Termination Attempts: Min: 1, Avg: 62.3, Max: 88, Diff: 87, Sum: 498]
      [GC Worker Other (ms): Min: 0.0, Avg: 0.0, Max: 0.1, Diff: 0.1, Sum: 0.3]
      [GC Worker Total (ms): Min: 147.7, Avg: 147.8, Max: 147.9, Diff: 0.1, Sum: 1182.3]
      [GC Worker End (ms): Min: 142147.2, Avg: 142147.2, Max: 142147.2, Diff: 0.1]
   [Code Root Fixup: 0.0 ms]
   [Code Root Purge: 0.0 ms]
   [Clear CT: 0.2 ms]
   [Other: 1.1 ms]
      [Choose CSet: 0.0 ms]
      [Ref Proc: 0.2 ms]
      [Ref Enq: 0.0 ms]
      [Redirty Cards: 0.3 ms]
      [Humongous Register: 0.0 ms]
      [Humongous Reclaim: 0.0 ms]
      [Free CSet: 0.2 ms]
   [Eden: 195.0M(195.0M)->0.0B(207.0M) Survivors: 28.0M->28.0M Heap: 263.3M(2048.0M)->237.3M(2048.0M)]
 [Times: user=1.20 sys=0.00, real=0.15 secs] 
2020-09-29T12:01:20.068+0200: 142.299: [GC pause (G1 Evacuation Pause) (young), 0.1733022 secs]
   [Parallel Time: 171.9 ms, GC Workers: 8]
      [GC Worker Start (ms): Min: 142299.1, Avg: 142299.2, Max: 142299.3, Diff: 0.2]
      [Ext Root Scanning (ms): Min: 0.0, Avg: 0.1, Max: 0.2, Diff: 0.2, Sum: 0.6]
      [Update RS (ms): Min: 17.7, Avg: 17.9, Max: 18.7, Diff: 1.1, Sum: 143.4]
         [Processed Buffers: Min: 14, Avg: 16.0, Max: 19, Diff: 5, Sum: 128]
      [Scan RS (ms): Min: 12.5, Avg: 13.4, Max: 13.7, Diff: 1.1, Sum: 106.9]
      [Code Root Scanning (ms): Min: 0.0, Avg: 0.0, Max: 0.0, Diff: 0.0, Sum: 0.0]
      [Object Copy (ms): Min: 140.2, Avg: 140.3, Max: 140.3, Diff: 0.1, Sum: 1122.1]
      [Termination (ms): Min: 0.0, Avg: 0.0, Max: 0.1, Diff: 0.1, Sum: 0.4]
         [Termination Attempts: Min: 1, Avg: 220.8, Max: 278, Diff: 277, Sum: 1766]
      [GC Worker Other (ms): Min: 0.0, Avg: 0.0, Max: 0.1, Diff: 0.1, Sum: 0.3]
      [GC Worker Total (ms): Min: 171.6, Avg: 171.7, Max: 171.8, Diff: 0.2, Sum: 1373.8]
      [GC Worker End (ms): Min: 142470.9, Avg: 142470.9, Max: 142470.9, Diff: 0.1]
   [Code Root Fixup: 0.0 ms]
   [Code Root Purge: 0.0 ms]
   [Clear CT: 0.2 ms]
   [Other: 1.1 ms]
      [Choose CSet: 0.0 ms]
      [Ref Proc: 0.3 ms]
      [Ref Enq: 0.0 ms]
      [Redirty Cards: 0.3 ms]
      [Humongous Register: 0.0 ms]
      [Humongous Reclaim: 0.0 ms]
      [Free CSet: 0.3 ms]
   [Eden: 207.0M(207.0M)->0.0B(208.0M) Survivors: 28.0M->30.0M Heap: 478.7M(2048.0M)->481.2M(2048.0M)]
 [Times: user=1.36 sys=0.00, real=0.17 secs] 
2020-09-29T12:01:20.389+0200: 142.620: [GC pause (G1 Evacuation Pause) (young), 0.1903590 secs]
   [Parallel Time: 189.0 ms, GC Workers: 8]
      [GC Worker Start (ms): Min: 142620.6, Avg: 142620.6, Max: 142620.7, Diff: 0.1]
      [Ext Root Scanning (ms): Min: 0.0, Avg: 0.1, Max: 0.2, Diff: 0.1, Sum: 0.8]
      [Update RS (ms): Min: 21.5, Avg: 21.8, Max: 22.4, Diff: 0.9, Sum: 174.2]
         [Processed Buffers: Min: 17, Avg: 18.5, Max: 21, Diff: 4, Sum: 148]
      [Scan RS (ms): Min: 14.3, Avg: 15.4, Max: 19.0, Diff: 4.6, Sum: 123.3]
      [Code Root Scanning (ms): Min: 0.0, Avg: 0.0, Max: 0.0, Diff: 0.0, Sum: 0.0]
      [Object Copy (ms): Min: 147.8, Avg: 151.1, Max: 151.7, Diff: 4.0, Sum: 1208.5]
      [Termination (ms): Min: 0.0, Avg: 0.2, Max: 0.4, Diff: 0.4, Sum: 1.9]
         [Termination Attempts: Min: 1, Avg: 588.0, Max: 734, Diff: 733, Sum: 4704]
      [GC Worker Other (ms): Min: 0.0, Avg: 0.0, Max: 0.1, Diff: 0.0, Sum: 0.1]
      [GC Worker Total (ms): Min: 188.5, Avg: 188.6, Max: 188.7, Diff: 0.3, Sum: 1508.9]
      [GC Worker End (ms): Min: 142809.2, Avg: 142809.2, Max: 142809.4, Diff: 0.2]
   [Code Root Fixup: 0.0 ms]
   [Code Root Purge: 0.0 ms]
   [Clear CT: 0.2 ms]
   [Other: 1.1 ms]
      [Choose CSet: 0.0 ms]
      [Ref Proc: 0.3 ms]
      [Ref Enq: 0.0 ms]
      [Redirty Cards: 0.3 ms]
      [Humongous Register: 0.0 ms]
      [Humongous Reclaim: 0.0 ms]
      [Free CSet: 0.3 ms]
   [Eden: 208.0M(208.0M)->0.0B(203.0M) Survivors: 30.0M->30.0M Heap: 723.5M(2048.0M)->725.5M(2048.0M)]
 [Times: user=1.42 sys=0.00, real=0.19 secs] 
2020-09-29T12:01:20.731+0200: 142.962: [GC pause (G1 Evacuation Pause) (young), 0.1833474 secs]
   [Parallel Time: 181.8 ms, GC Workers: 8]
      [GC Worker Start (ms): Min: 142962.0, Avg: 142962.2, Max: 142962.3, Diff: 0.2]
      [Ext Root Scanning (ms): Min: 0.0, Avg: 0.1, Max: 0.2, Diff: 0.2, Sum: 0.5]
      [Update RS (ms): Min: 23.4, Avg: 23.5, Max: 24.2, Diff: 0.8, Sum: 188.2]
         [Processed Buffers: Min: 17, Avg: 19.1, Max: 22, Diff: 5, Sum: 153]
      [Scan RS (ms): Min: 12.0, Avg: 12.6, Max: 12.8, Diff: 0.9, Sum: 100.9]
      [Code Root Scanning (ms): Min: 0.0, Avg: 0.0, Max: 0.0, Diff: 0.0, Sum: 0.0]
      [Object Copy (ms): Min: 145.0, Avg: 145.1, Max: 145.3, Diff: 0.2, Sum: 1161.1]
      [Termination (ms): Min: 0.0, Avg: 0.1, Max: 0.1, Diff: 0.1, Sum: 0.9]
         [Termination Attempts: Min: 1, Avg: 555.1, Max: 716, Diff: 715, Sum: 4441]
      [GC Worker Other (ms): Min: 0.0, Avg: 0.1, Max: 0.1, Diff: 0.1, Sum: 0.4]
      [GC Worker Total (ms): Min: 181.4, Avg: 181.5, Max: 181.6, Diff: 0.3, Sum: 1452.0]
      [GC Worker End (ms): Min: 143143.6, Avg: 143143.7, Max: 143143.7, Diff: 0.1]
   [Code Root Fixup: 0.0 ms]
   [Code Root Purge: 0.0 ms]
   [Clear CT: 0.2 ms]
   [Other: 1.3 ms]
      [Choose CSet: 0.0 ms]
      [Ref Proc: 0.4 ms]
      [Ref Enq: 0.0 ms]
      [Redirty Cards: 0.4 ms]
      [Humongous Register: 0.0 ms]
      [Humongous Reclaim: 0.0 ms]
      [Free CSet: 0.2 ms]
   [Eden: 203.0M(203.0M)->0.0B(204.0M) Survivors: 30.0M->30.0M Heap: 962.8M(2048.0M)->965.3M(2048.0M)]
 [Times: user=1.42 sys=0.00, real=0.18 secs] 
2020-09-29T12:01:20.931+0200: 143.162: [GC pause (G1 Humongous Allocation) (young) (initial-mark), 0.0562635 secs]
   [Parallel Time: 55.3 ms, GC Workers: 8]
      [GC Worker Start (ms): Min: 143161.8, Avg: 143162.0, Max: 143162.1, Diff: 0.2]
      [Ext Root Scanning (ms): Min: 0.0, Avg: 2.3, Max: 16.6, Diff: 16.5, Sum: 18.2]
      [Update RS (ms): Min: 11.1, Avg: 25.7, Max: 28.2, Diff: 17.1, Sum: 205.5]
         [Processed Buffers: Min: 11, Avg: 22.5, Max: 28, Diff: 17, Sum: 180]
      [Scan RS (ms): Min: 2.3, Avg: 2.8, Max: 3.7, Diff: 1.4, Sum: 22.2]
      [Code Root Scanning (ms): Min: 0.0, Avg: 0.0, Max: 0.0, Diff: 0.0, Sum: 0.0]
      [Object Copy (ms): Min: 23.2, Avg: 24.2, Max: 24.4, Diff: 1.2, Sum: 193.4]
      [Termination (ms): Min: 0.0, Avg: 0.0, Max: 0.0, Diff: 0.0, Sum: 0.2]
         [Termination Attempts: Min: 1, Avg: 108.0, Max: 153, Diff: 152, Sum: 864]
      [GC Worker Other (ms): Min: 0.0, Avg: 0.0, Max: 0.0, Diff: 0.0, Sum: 0.2]
      [GC Worker Total (ms): Min: 54.9, Avg: 55.0, Max: 55.1, Diff: 0.2, Sum: 439.7]
      [GC Worker End (ms): Min: 143216.9, Avg: 143216.9, Max: 143217.0, Diff: 0.0]
   [Code Root Fixup: 0.0 ms]
   [Code Root Purge: 0.0 ms]
   [Clear CT: 0.2 ms]
   [Other: 0.8 ms]
      [Choose CSet: 0.0 ms]
      [Ref Proc: 0.3 ms]
      [Ref Enq: 0.0 ms]
      [Redirty Cards: 0.2 ms]
      [Humongous Register: 0.0 ms]
      [Humongous Reclaim: 0.0 ms]
      [Free CSet: 0.1 ms]
   [Eden: 12.0M(204.0M)->0.0B(232.0M) Survivors: 30.0M->12.0M Heap: 976.8M(2048.0M)->979.8M(2048.0M)]
 [Times: user=0.34 sys=0.00, real=0.06 secs] 
2020-09-29T12:01:20.987+0200: 143.218: [GC concurrent-root-region-scan-start]
2020-09-29T12:01:20.990+0200: 143.221: [GC concurrent-root-region-scan-end, 0.0031561 secs]
2020-09-29T12:01:20.990+0200: 143.221: [GC concurrent-mark-start]
2020-09-29T12:01:20.994+0200: 143.225: [GC concurrent-mark-end, 0.0039154 secs]
2020-09-29T12:01:20.994+0200: 143.226: [GC remark 2020-09-29T12:01:20.994+0200: 143.226: [Finalize Marking, 0.0003611 secs] 2020-09-29T12:01:20.995+0200: 143.226: [GC ref-proc, 0.0003638 secs] 2020-09-29T12:01:20.995+0200: 143.226: [Unloading, 0.0009067 secs], 0.0020071 secs]
 [Times: user=0.00 sys=0.00, real=0.00 secs] 
2020-09-29T12:01:20.997+0200: 143.228: [GC cleanup 992M->30M(2048M), 0.0013863 secs]
 [Times: user=0.00 sys=0.00, real=0.00 secs] 
2020-09-29T12:01:20.998+0200: 143.230: [GC concurrent-cleanup-start]
2020-09-29T12:01:21.000+0200: 143.231: [GC concurrent-cleanup-end, 0.0015180 secs]
2020-09-29T12:01:21.149+0200: 143.380: [GC pause (G1 Evacuation Pause) (young), 0.1787864 secs]
   [Parallel Time: 177.4 ms, GC Workers: 8]
      [GC Worker Start (ms): Min: 143380.2, Avg: 143380.3, Max: 143380.4, Diff: 0.2]
      [Ext Root Scanning (ms): Min: 0.0, Avg: 0.1, Max: 0.2, Diff: 0.2, Sum: 0.6]
      [Update RS (ms): Min: 14.8, Avg: 14.9, Max: 15.3, Diff: 0.5, Sum: 119.4]
         [Processed Buffers: Min: 10, Avg: 12.8, Max: 16, Diff: 6, Sum: 102]
      [Scan RS (ms): Min: 14.9, Avg: 15.1, Max: 15.6, Diff: 0.7, Sum: 121.1]
      [Code Root Scanning (ms): Min: 0.0, Avg: 0.0, Max: 0.0, Diff: 0.0, Sum: 0.0]
      [Object Copy (ms): Min: 145.9, Avg: 146.8, Max: 147.1, Diff: 1.3, Sum: 1174.1]
      [Termination (ms): Min: 0.0, Avg: 0.2, Max: 0.3, Diff: 0.3, Sum: 1.8]
         [Termination Attempts: Min: 1, Avg: 1132.6, Max: 1510, Diff: 1509, Sum: 9061]
      [GC Worker Other (ms): Min: 0.0, Avg: 0.0, Max: 0.1, Diff: 0.1, Sum: 0.3]
      [GC Worker Total (ms): Min: 177.1, Avg: 177.2, Max: 177.3, Diff: 0.2, Sum: 1417.3]
      [GC Worker End (ms): Min: 143557.5, Avg: 143557.5, Max: 143557.5, Diff: 0.1]
   [Code Root Fixup: 0.0 ms]
   [Code Root Purge: 0.0 ms]
   [Clear CT: 0.2 ms]
   [Other: 1.1 ms]
      [Choose CSet: 0.0 ms]
      [Ref Proc: 0.3 ms]
      [Ref Enq: 0.0 ms]
      [Redirty Cards: 0.3 ms]
      [Humongous Register: 0.0 ms]
      [Humongous Reclaim: 0.0 ms]
      [Free CSet: 0.3 ms]
   [Eden: 232.0M(232.0M)->0.0B(211.0M) Survivors: 12.0M->31.0M Heap: 290.1M(2048.0M)->279.6M(2048.0M)]
 [Times: user=1.27 sys=0.00, real=0.18 secs] 
2020-09-29T12:01:21.489+0200: 143.721: [GC pause (G1 Evacuation Pause) (young), 0.1857660 secs]
   [Parallel Time: 184.2 ms, GC Workers: 8]
      [GC Worker Start (ms): Min: 143720.8, Avg: 143720.9, Max: 143721.0, Diff: 0.2]
      [Ext Root Scanning (ms): Min: 0.0, Avg: 0.1, Max: 0.2, Diff: 0.2, Sum: 0.7]
      [Update RS (ms): Min: 18.3, Avg: 18.7, Max: 19.3, Diff: 1.0, Sum: 149.4]
         [Processed Buffers: Min: 12, Avg: 14.0, Max: 16, Diff: 4, Sum: 112]
      [Scan RS (ms): Min: 15.5, Avg: 16.0, Max: 16.4, Diff: 0.9, Sum: 128.3]
      [Code Root Scanning (ms): Min: 0.0, Avg: 0.0, Max: 0.0, Diff: 0.0, Sum: 0.0]
      [Object Copy (ms): Min: 148.9, Avg: 149.1, Max: 149.2, Diff: 0.2, Sum: 1192.5]
      [Termination (ms): Min: 0.0, Avg: 0.1, Max: 0.1, Diff: 0.1, Sum: 0.5]
         [Termination Attempts: Min: 1, Avg: 344.6, Max: 485, Diff: 484, Sum: 2757]
      [GC Worker Other (ms): Min: 0.0, Avg: 0.1, Max: 0.1, Diff: 0.1, Sum: 0.4]
      [GC Worker Total (ms): Min: 183.8, Avg: 184.0, Max: 184.1, Diff: 0.3, Sum: 1471.9]
      [GC Worker End (ms): Min: 143904.9, Avg: 143904.9, Max: 143905.0, Diff: 0.1]
   [Code Root Fixup: 0.0 ms]
   [Code Root Purge: 0.0 ms]
   [Clear CT: 0.2 ms]
   [Other: 1.3 ms]
      [Choose CSet: 0.0 ms]
      [Ref Proc: 0.3 ms]
      [Ref Enq: 0.0 ms]
      [Redirty Cards: 0.4 ms]
      [Humongous Register: 0.0 ms]
      [Humongous Reclaim: 0.0 ms]
      [Free CSet: 0.3 ms]
   [Eden: 211.0M(211.0M)->0.0B(205.0M) Survivors: 31.0M->31.0M Heap: 524.9M(2048.0M)->527.4M(2048.0M)]
 [Times: user=1.34 sys=0.00, real=0.19 secs] 
2020-09-29T12:01:21.813+0200: 144.045: [GC pause (G1 Evacuation Pause) (young), 0.1518426 secs]
   [Parallel Time: 150.7 ms, GC Workers: 8]
      [GC Worker Start (ms): Min: 144045.2, Avg: 144045.2, Max: 144045.3, Diff: 0.2]
      [Ext Root Scanning (ms): Min: 0.0, Avg: 0.1, Max: 0.1, Diff: 0.1, Sum: 0.7]
      [Update RS (ms): Min: 16.0, Avg: 16.2, Max: 16.5, Diff: 0.6, Sum: 129.3]
         [Processed Buffers: Min: 14, Avg: 17.3, Max: 20, Diff: 6, Sum: 138]
      [Scan RS (ms): Min: 8.5, Avg: 8.8, Max: 9.1, Diff: 0.6, Sum: 70.8]
      [Code Root Scanning (ms): Min: 0.0, Avg: 0.0, Max: 0.0, Diff: 0.0, Sum: 0.0]
      [Object Copy (ms): Min: 124.7, Avg: 124.8, Max: 125.4, Diff: 0.7, Sum: 998.7]
      [Termination (ms): Min: 0.0, Avg: 0.6, Max: 0.7, Diff: 0.7, Sum: 4.5]
         [Termination Attempts: Min: 1, Avg: 3318.1, Max: 4230, Diff: 4229, Sum: 26545]
      [GC Worker Other (ms): Min: 0.0, Avg: 0.0, Max: 0.1, Diff: 0.0, Sum: 0.3]
      [GC Worker Total (ms): Min: 150.4, Avg: 150.5, Max: 150.6, Diff: 0.2, Sum: 1204.3]
      [GC Worker End (ms): Min: 144195.8, Avg: 144195.8, Max: 144195.8, Diff: 0.0]
   [Code Root Fixup: 0.0 ms]
   [Code Root Purge: 0.0 ms]
   [Clear CT: 0.2 ms]
   [Other: 1.0 ms]
      [Choose CSet: 0.0 ms]
      [Ref Proc: 0.2 ms]
      [Ref Enq: 0.0 ms]
      [Redirty Cards: 0.3 ms]
      [Humongous Register: 0.1 ms]
      [Humongous Reclaim: 0.0 ms]
      [Free CSet: 0.2 ms]
   [Eden: 205.0M(205.0M)->0.0B(217.0M) Survivors: 31.0M->30.0M Heap: 766.7M(2048.0M)->768.7M(2048.0M)]
 [Times: user=1.19 sys=0.00, real=0.15 secs] 
2020-09-29T12:01:22.096+0200: 144.327: [GC pause (G1 Evacuation Pause) (young), 0.1406733 secs]
   [Parallel Time: 139.7 ms, GC Workers: 8]
      [GC Worker Start (ms): Min: 144327.6, Avg: 144327.7, Max: 144327.7, Diff: 0.2]
      [Ext Root Scanning (ms): Min: 0.0, Avg: 0.1, Max: 0.2, Diff: 0.2, Sum: 0.6]
      [Update RS (ms): Min: 17.0, Avg: 17.1, Max: 17.5, Diff: 0.5, Sum: 137.1]
         [Processed Buffers: Min: 14, Avg: 16.8, Max: 19, Diff: 5, Sum: 134]
      [Scan RS (ms): Min: 12.5, Avg: 12.8, Max: 13.0, Diff: 0.5, Sum: 102.8]
      [Code Root Scanning (ms): Min: 0.0, Avg: 0.0, Max: 0.0, Diff: 0.0, Sum: 0.0]
      [Object Copy (ms): Min: 109.1, Avg: 109.2, Max: 109.3, Diff: 0.2, Sum: 873.7]
      [Termination (ms): Min: 0.0, Avg: 0.1, Max: 0.1, Diff: 0.1, Sum: 0.9]
         [Termination Attempts: Min: 1, Avg: 728.3, Max: 934, Diff: 933, Sum: 5826]
      [GC Worker Other (ms): Min: 0.0, Avg: 0.0, Max: 0.1, Diff: 0.0, Sum: 0.3]
      [GC Worker Total (ms): Min: 139.4, Avg: 139.4, Max: 139.5, Diff: 0.1, Sum: 1115.3]
      [GC Worker End (ms): Min: 144467.1, Avg: 144467.1, Max: 144467.1, Diff: 0.0]
   [Code Root Fixup: 0.0 ms]
   [Code Root Purge: 0.0 ms]
   [Clear CT: 0.2 ms]
   [Other: 0.8 ms]
      [Choose CSet: 0.0 ms]
      [Ref Proc: 0.1 ms]
      [Ref Enq: 0.0 ms]
      [Redirty Cards: 0.2 ms]
      [Humongous Register: 0.0 ms]
      [Humongous Reclaim: 0.0 ms]
      [Free CSet: 0.3 ms]
   [Eden: 217.0M(217.0M)->0.0B(232.0M) Survivors: 30.0M->31.0M Heap: 1022.0M(2048.0M)->1024.0M(2048.0M)]
 [Times: user=1.11 sys=0.00, real=0.14 secs] 
2020-09-29T12:01:22.240+0200: 144.471: [GC pause (G1 Humongous Allocation) (young) (initial-mark), 0.0520453 secs]
   [Parallel Time: 50.9 ms, GC Workers: 8]
      [GC Worker Start (ms): Min: 144471.2, Avg: 144471.2, Max: 144471.2, Diff: 0.1]
      [Ext Root Scanning (ms): Min: 0.1, Avg: 0.1, Max: 0.1, Diff: 0.1, Sum: 0.7]
      [Update RS (ms): Min: 30.3, Avg: 30.6, Max: 31.0, Diff: 0.6, Sum: 244.8]
         [Processed Buffers: Min: 37, Avg: 39.5, Max: 41, Diff: 4, Sum: 316]
      [Scan RS (ms): Min: 0.1, Avg: 0.5, Max: 0.8, Diff: 0.7, Sum: 4.3]
      [Code Root Scanning (ms): Min: 0.0, Avg: 0.0, Max: 0.0, Diff: 0.0, Sum: 0.0]
      [Object Copy (ms): Min: 19.4, Avg: 19.5, Max: 19.5, Diff: 0.1, Sum: 155.8]
      [Termination (ms): Min: 0.0, Avg: 0.0, Max: 0.1, Diff: 0.1, Sum: 0.3]
         [Termination Attempts: Min: 1, Avg: 257.9, Max: 322, Diff: 321, Sum: 2063]
      [GC Worker Other (ms): Min: 0.0, Avg: 0.0, Max: 0.0, Diff: 0.0, Sum: 0.2]
      [GC Worker Total (ms): Min: 50.7, Avg: 50.8, Max: 50.8, Diff: 0.1, Sum: 406.1]
      [GC Worker End (ms): Min: 144522.0, Avg: 144522.0, Max: 144522.0, Diff: 0.0]
   [Code Root Fixup: 0.0 ms]
   [Code Root Purge: 0.0 ms]
   [Clear CT: 0.2 ms]
   [Other: 0.9 ms]
      [Choose CSet: 0.0 ms]
      [Ref Proc: 0.2 ms]
      [Ref Enq: 0.0 ms]
      [Redirty Cards: 0.3 ms]
      [Humongous Register: 0.1 ms]
      [Humongous Reclaim: 0.0 ms]
      [Free CSet: 0.1 ms]
   [Eden: 5120.0K(232.0M)->0.0B(257.0M) Survivors: 31.0M->7168.0K Heap: 1029.0M(2048.0M)->1032.5M(2048.0M)]
 [Times: user=0.38 sys=0.00, real=0.05 secs] 
2020-09-29T12:01:22.292+0200: 144.523: [GC concurrent-root-region-scan-start]
2020-09-29T12:01:22.294+0200: 144.525: [GC concurrent-root-region-scan-end, 0.0017788 secs]
2020-09-29T12:01:22.294+0200: 144.525: [GC concurrent-mark-start]
2020-09-29T12:01:22.296+0200: 144.527: [GC concurrent-mark-end, 0.0023596 secs]
2020-09-29T12:01:22.296+0200: 144.527: [GC remark 2020-09-29T12:01:22.296+0200: 144.528: [Finalize Marking, 0.0002095 secs] 2020-09-29T12:01:22.297+0200: 144.528: [GC ref-proc, 0.0002919 secs] 2020-09-29T12:01:22.297+0200: 144.528: [Unloading, 0.0004077 secs], 0.0013664 secs]
 [Times: user=0.00 sys=0.00, real=0.00 secs] 
2020-09-29T12:01:22.298+0200: 144.529: [GC cleanup 1043M->23M(2048M), 0.0013728 secs]
 [Times: user=0.00 sys=0.00, real=0.00 secs] 
2020-09-29T12:01:22.299+0200: 144.531: [GC concurrent-cleanup-start]
2020-09-29T12:01:22.301+0200: 144.532: [GC concurrent-cleanup-end, 0.0012464 secs]
2020-09-29T12:01:22.425+0200: 144.656: [GC pause (G1 Evacuation Pause) (young), 0.1371061 secs]
   [Parallel Time: 136.0 ms, GC Workers: 8]
      [GC Worker Start (ms): Min: 144656.2, Avg: 144656.2, Max: 144656.3, Diff: 0.1]
      [Ext Root Scanning (ms): Min: 0.0, Avg: 0.1, Max: 0.2, Diff: 0.1, Sum: 0.6]
      [Update RS (ms): Min: 17.6, Avg: 17.8, Max: 18.1, Diff: 0.4, Sum: 142.2]
         [Processed Buffers: Min: 16, Avg: 18.1, Max: 21, Diff: 5, Sum: 145]
      [Scan RS (ms): Min: 10.5, Avg: 10.7, Max: 10.9, Diff: 0.4, Sum: 85.2]
      [Code Root Scanning (ms): Min: 0.0, Avg: 0.0, Max: 0.0, Diff: 0.0, Sum: 0.0]
      [Object Copy (ms): Min: 107.0, Avg: 107.2, Max: 107.3, Diff: 0.3, Sum: 857.4]
      [Termination (ms): Min: 0.0, Avg: 0.1, Max: 0.1, Diff: 0.1, Sum: 0.4]
         [Termination Attempts: Min: 1, Avg: 346.6, Max: 453, Diff: 452, Sum: 2773]
      [GC Worker Other (ms): Min: 0.0, Avg: 0.0, Max: 0.1, Diff: 0.1, Sum: 0.3]
      [GC Worker Total (ms): Min: 135.7, Avg: 135.8, Max: 135.9, Diff: 0.1, Sum: 1086.2]
      [GC Worker End (ms): Min: 144792.0, Avg: 144792.0, Max: 144792.0, Diff: 0.0]
   [Code Root Fixup: 0.0 ms]
   [Code Root Purge: 0.0 ms]
   [Clear CT: 0.1 ms]
   [Other: 1.0 ms]
      [Choose CSet: 0.0 ms]
      [Ref Proc: 0.1 ms]
      [Ref Enq: 0.0 ms]
      [Redirty Cards: 0.2 ms]
      [Humongous Register: 0.0 ms]
      [Humongous Reclaim: 0.0 ms]
      [Free CSet: 0.3 ms]
   [Eden: 257.0M(257.0M)->0.0B(254.0M) Survivors: 7168.0K->33.0M Heap: 313.9M(2048.0M)->308.9M(2048.0M)]
 [Times: user=1.08 sys=0.00, real=0.14 secs] 
2020-09-29T12:01:22.720+0200: 144.952: [GC pause (G1 Evacuation Pause) (young), 0.1706618 secs]
   [Parallel Time: 169.6 ms, GC Workers: 8]
      [GC Worker Start (ms): Min: 144951.9, Avg: 144952.1, Max: 144952.1, Diff: 0.2]
      [Ext Root Scanning (ms): Min: 0.0, Avg: 0.1, Max: 0.2, Diff: 0.2, Sum: 0.5]
      [Update RS (ms): Min: 23.5, Avg: 23.7, Max: 23.9, Diff: 0.4, Sum: 189.6]
         [Processed Buffers: Min: 17, Avg: 20.5, Max: 24, Diff: 7, Sum: 164]
      [Scan RS (ms): Min: 15.6, Avg: 16.6, Max: 22.2, Diff: 6.5, Sum: 132.9]
      [Code Root Scanning (ms): Min: 0.0, Avg: 0.0, Max: 0.0, Diff: 0.0, Sum: 0.0]
      [Object Copy (ms): Min: 123.6, Avg: 129.0, Max: 129.8, Diff: 6.2, Sum: 1031.7]
      [Termination (ms): Min: 0.0, Avg: 0.0, Max: 0.0, Diff: 0.0, Sum: 0.2]
         [Termination Attempts: Min: 1, Avg: 168.5, Max: 220, Diff: 219, Sum: 1348]
      [GC Worker Other (ms): Min: 0.0, Avg: 0.0, Max: 0.1, Diff: 0.1, Sum: 0.4]
      [GC Worker Total (ms): Min: 169.3, Avg: 169.4, Max: 169.6, Diff: 0.2, Sum: 1355.4]
      [GC Worker End (ms): Min: 145121.5, Avg: 145121.5, Max: 145121.5, Diff: 0.1]
   [Code Root Fixup: 0.0 ms]
   [Code Root Purge: 0.0 ms]
   [Clear CT: 0.2 ms]
   [Other: 0.9 ms]
      [Choose CSet: 0.0 ms]
      [Ref Proc: 0.1 ms]
      [Ref Enq: 0.0 ms]
      [Redirty Cards: 0.2 ms]
      [Humongous Register: 0.0 ms]
      [Humongous Reclaim: 0.0 ms]
      [Free CSet: 0.3 ms]
   [Eden: 254.0M(254.0M)->0.0B(251.0M) Survivors: 33.0M->36.0M Heap: 604.8M(2048.0M)->606.3M(2048.0M)]
 [Times: user=1.33 sys=0.00, real=0.17 secs] 
2020-09-29T12:01:23.035+0200: 145.267: [GC pause (G1 Evacuation Pause) (young), 0.1350939 secs]
   [Parallel Time: 134.0 ms, GC Workers: 8]
      [GC Worker Start (ms): Min: 145266.9, Avg: 145267.0, Max: 145267.1, Diff: 0.2]
      [Ext Root Scanning (ms): Min: 0.0, Avg: 0.1, Max: 0.2, Diff: 0.2, Sum: 0.6]
      [Update RS (ms): Min: 13.0, Avg: 13.2, Max: 13.7, Diff: 0.6, Sum: 106.0]
         [Processed Buffers: Min: 13, Avg: 15.0, Max: 17, Diff: 4, Sum: 120]
      [Scan RS (ms): Min: 12.5, Avg: 13.0, Max: 13.2, Diff: 0.7, Sum: 103.8]
      [Code Root Scanning (ms): Min: 0.0, Avg: 0.0, Max: 0.0, Diff: 0.0, Sum: 0.0]
      [Object Copy (ms): Min: 107.4, Avg: 107.4, Max: 107.5, Diff: 0.1, Sum: 859.1]
      [Termination (ms): Min: 0.0, Avg: 0.0, Max: 0.1, Diff: 0.1, Sum: 0.3]
         [Termination Attempts: Min: 1, Avg: 273.6, Max: 385, Diff: 384, Sum: 2189]
      [GC Worker Other (ms): Min: 0.0, Avg: 0.0, Max: 0.1, Diff: 0.1, Sum: 0.3]
      [GC Worker Total (ms): Min: 133.7, Avg: 133.8, Max: 133.8, Diff: 0.2, Sum: 1070.1]
      [GC Worker End (ms): Min: 145400.8, Avg: 145400.8, Max: 145400.8, Diff: 0.1]
   [Code Root Fixup: 0.0 ms]
   [Code Root Purge: 0.0 ms]
   [Clear CT: 0.2 ms]
   [Other: 1.0 ms]
      [Choose CSet: 0.0 ms]
      [Ref Proc: 0.2 ms]
      [Ref Enq: 0.0 ms]
      [Redirty Cards: 0.3 ms]
      [Humongous Register: 0.0 ms]
      [Humongous Reclaim: 0.0 ms]
      [Free CSet: 0.3 ms]
   [Eden: 251.0M(251.0M)->0.0B(271.0M) Survivors: 36.0M->36.0M Heap: 899.3M(2048.0M)->901.3M(2048.0M)]
 [Times: user=1.13 sys=0.00, real=0.13 secs] 
2020-09-29T12:01:23.330+0200: 145.562: [GC pause (G1 Evacuation Pause) (young), 0.1480724 secs]
   [Parallel Time: 147.0 ms, GC Workers: 8]
      [GC Worker Start (ms): Min: 145562.0, Avg: 145562.0, Max: 145562.1, Diff: 0.1]
      [Ext Root Scanning (ms): Min: 0.0, Avg: 0.1, Max: 0.1, Diff: 0.1, Sum: 0.7]
      [Update RS (ms): Min: 13.9, Avg: 14.1, Max: 14.4, Diff: 0.5, Sum: 112.5]
         [Processed Buffers: Min: 14, Avg: 16.9, Max: 19, Diff: 5, Sum: 135]
      [Scan RS (ms): Min: 13.7, Avg: 14.1, Max: 14.3, Diff: 0.6, Sum: 112.9]
      [Code Root Scanning (ms): Min: 0.0, Avg: 0.0, Max: 0.0, Diff: 0.0, Sum: 0.0]
      [Object Copy (ms): Min: 118.5, Avg: 118.6, Max: 118.6, Diff: 0.1, Sum: 948.8]
      [Termination (ms): Min: 0.0, Avg: 0.0, Max: 0.0, Diff: 0.0, Sum: 0.0]
         [Termination Attempts: Min: 1, Avg: 18.1, Max: 28, Diff: 27, Sum: 145]
      [GC Worker Other (ms): Min: 0.0, Avg: 0.0, Max: 0.1, Diff: 0.1, Sum: 0.3]
      [GC Worker Total (ms): Min: 146.8, Avg: 146.9, Max: 147.0, Diff: 0.1, Sum: 1175.2]
      [GC Worker End (ms): Min: 145708.9, Avg: 145708.9, Max: 145709.0, Diff: 0.1]
   [Code Root Fixup: 0.0 ms]
   [Code Root Purge: 0.0 ms]
   [Clear CT: 0.2 ms]
   [Other: 0.8 ms]
      [Choose CSet: 0.0 ms]
      [Ref Proc: 0.1 ms]
      [Ref Enq: 0.0 ms]
      [Redirty Cards: 0.2 ms]
      [Humongous Register: 0.0 ms]
      [Humongous Reclaim: 0.0 ms]
      [Free CSet: 0.3 ms]
   [Eden: 271.0M(271.0M)->0.0B(286.0M) Survivors: 36.0M->39.0M Heap: 1218.1M(2048.0M)->1220.1M(2048.0M)]
 [Times: user=1.22 sys=0.00, real=0.15 secs] 
2020-09-29T12:01:23.491+0200: 145.723: [GC pause (G1 Humongous Allocation) (young) (initial-mark), 0.0483092 secs]
   [Parallel Time: 47.4 ms, GC Workers: 8]
      [GC Worker Start (ms): Min: 145722.9, Avg: 145722.9, Max: 145723.0, Diff: 0.1]
      [Ext Root Scanning (ms): Min: 0.0, Avg: 0.1, Max: 0.1, Diff: 0.1, Sum: 0.7]
      [Update RS (ms): Min: 25.3, Avg: 25.5, Max: 25.6, Diff: 0.3, Sum: 204.2]
         [Processed Buffers: Min: 31, Avg: 32.6, Max: 34, Diff: 3, Sum: 261]
      [Scan RS (ms): Min: 2.2, Avg: 2.3, Max: 2.4, Diff: 0.3, Sum: 18.4]
      [Code Root Scanning (ms): Min: 0.0, Avg: 0.0, Max: 0.0, Diff: 0.0, Sum: 0.0]
      [Object Copy (ms): Min: 19.2, Avg: 19.3, Max: 19.3, Diff: 0.1, Sum: 154.3]
      [Termination (ms): Min: 0.0, Avg: 0.0, Max: 0.0, Diff: 0.0, Sum: 0.1]
         [Termination Attempts: Min: 1, Avg: 51.8, Max: 70, Diff: 69, Sum: 414]
      [GC Worker Other (ms): Min: 0.0, Avg: 0.0, Max: 0.0, Diff: 0.0, Sum: 0.1]
      [GC Worker Total (ms): Min: 47.2, Avg: 47.2, Max: 47.3, Diff: 0.1, Sum: 377.7]
      [GC Worker End (ms): Min: 145770.1, Avg: 145770.1, Max: 145770.2, Diff: 0.0]
   [Code Root Fixup: 0.0 ms]
   [Code Root Purge: 0.0 ms]
   [Clear CT: 0.2 ms]
   [Other: 0.7 ms]
      [Choose CSet: 0.0 ms]
      [Ref Proc: 0.2 ms]
      [Ref Enq: 0.0 ms]
      [Redirty Cards: 0.2 ms]
      [Humongous Register: 0.1 ms]
      [Humongous Reclaim: 0.0 ms]
      [Free CSet: 0.1 ms]
   [Eden: 9216.0K(286.0M)->0.0B(301.0M) Survivors: 39.0M->10.0M Heap: 1229.1M(2048.0M)->1232.1M(2048.0M)]
 [Times: user=0.38 sys=0.00, real=0.05 secs] 
2020-09-29T12:01:23.539+0200: 145.771: [GC concurrent-root-region-scan-start]
2020-09-29T12:01:23.542+0200: 145.774: [GC concurrent-root-region-scan-end, 0.0029445 secs]
2020-09-29T12:01:23.542+0200: 145.774: [GC concurrent-mark-start]
2020-09-29T12:01:23.546+0200: 145.778: [GC concurrent-mark-end, 0.0037442 secs]
2020-09-29T12:01:23.546+0200: 145.778: [GC remark 2020-09-29T12:01:23.546+0200: 145.778: [Finalize Marking, 0.0002146 secs] 2020-09-29T12:01:23.547+0200: 145.778: [GC ref-proc, 0.0003646 secs] 2020-09-29T12:01:23.547+0200: 145.779: [Unloading, 0.0005333 secs], 0.0015354 secs]
 [Times: user=0.00 sys=0.00, real=0.00 secs] 
2020-09-29T12:01:23.548+0200: 145.780: [GC cleanup 1245M->29M(2048M), 0.0013132 secs]
 [Times: user=0.00 sys=0.00, real=0.00 secs] 
2020-09-29T12:01:23.550+0200: 145.781: [GC concurrent-cleanup-start]
2020-09-29T12:01:23.552+0200: 145.784: [GC concurrent-cleanup-end, 0.0026850 secs]
2020-09-29T12:01:23.722+0200: 145.954: [GC pause (G1 Evacuation Pause) (young), 0.1934954 secs]
   [Parallel Time: 192.4 ms, GC Workers: 8]
      [GC Worker Start (ms): Min: 145953.7, Avg: 145953.8, Max: 145953.9, Diff: 0.2]
      [Ext Root Scanning (ms): Min: 0.0, Avg: 0.1, Max: 0.2, Diff: 0.1, Sum: 0.6]
      [Update RS (ms): Min: 15.7, Avg: 16.8, Max: 23.6, Diff: 8.0, Sum: 134.2]
         [Processed Buffers: Min: 0, Avg: 16.3, Max: 21, Diff: 21, Sum: 130]
      [Scan RS (ms): Min: 7.8, Avg: 14.9, Max: 16.7, Diff: 8.8, Sum: 118.9]
      [Code Root Scanning (ms): Min: 0.0, Avg: 0.0, Max: 0.0, Diff: 0.0, Sum: 0.0]
      [Object Copy (ms): Min: 159.5, Avg: 160.3, Max: 160.6, Diff: 1.1, Sum: 1282.2]
      [Termination (ms): Min: 0.0, Avg: 0.2, Max: 0.3, Diff: 0.3, Sum: 1.5]
         [Termination Attempts: Min: 1, Avg: 1097.4, Max: 1581, Diff: 1580, Sum: 8779]
      [GC Worker Other (ms): Min: 0.0, Avg: 0.0, Max: 0.1, Diff: 0.1, Sum: 0.2]
      [GC Worker Total (ms): Min: 192.1, Avg: 192.2, Max: 192.3, Diff: 0.2, Sum: 1537.6]
      [GC Worker End (ms): Min: 146146.0, Avg: 146146.0, Max: 146146.0, Diff: 0.0]
   [Code Root Fixup: 0.0 ms]
   [Code Root Purge: 0.0 ms]
   [Clear CT: 0.2 ms]
   [Other: 0.9 ms]
      [Choose CSet: 0.0 ms]
      [Ref Proc: 0.2 ms]
      [Ref Enq: 0.0 ms]
      [Redirty Cards: 0.2 ms]
      [Humongous Register: 0.0 ms]
      [Humongous Reclaim: 0.0 ms]
      [Free CSet: 0.3 ms]
   [Eden: 301.0M(301.0M)->0.0B(276.0M) Survivors: 10.0M->39.0M Heap: 368.5M(2048.0M)->360.5M(2048.0M)]
 [Times: user=1.39 sys=0.05, real=0.19 secs] 
2020-09-29T12:01:24.072+0200: 146.303: [GC pause (G1 Evacuation Pause) (young), 0.1864649 secs]
   [Parallel Time: 185.3 ms, GC Workers: 8]
      [GC Worker Start (ms): Min: 146303.5, Avg: 146303.5, Max: 146303.6, Diff: 0.1]
      [Ext Root Scanning (ms): Min: 0.0, Avg: 0.1, Max: 0.1, Diff: 0.1, Sum: 0.6]
      [Update RS (ms): Min: 20.0, Avg: 20.1, Max: 20.3, Diff: 0.4, Sum: 160.5]
         [Processed Buffers: Min: 21, Avg: 23.8, Max: 27, Diff: 6, Sum: 190]
      [Scan RS (ms): Min: 11.7, Avg: 12.1, Max: 12.6, Diff: 0.9, Sum: 96.6]
      [Code Root Scanning (ms): Min: 0.0, Avg: 0.0, Max: 0.0, Diff: 0.0, Sum: 0.0]
      [Object Copy (ms): Min: 152.4, Avg: 152.9, Max: 153.0, Diff: 0.6, Sum: 1223.4]
      [Termination (ms): Min: 0.0, Avg: 0.1, Max: 0.1, Diff: 0.1, Sum: 0.5]
         [Termination Attempts: Min: 1, Avg: 130.8, Max: 200, Diff: 199, Sum: 1046]
      [GC Worker Other (ms): Min: 0.0, Avg: 0.0, Max: 0.1, Diff: 0.1, Sum: 0.3]
      [GC Worker Total (ms): Min: 185.2, Avg: 185.2, Max: 185.3, Diff: 0.1, Sum: 1482.0]
      [GC Worker End (ms): Min: 146488.8, Avg: 146488.8, Max: 146488.8, Diff: 0.1]
   [Code Root Fixup: 0.0 ms]
   [Code Root Purge: 0.0 ms]
   [Clear CT: 0.2 ms]
   [Other: 1.0 ms]
      [Choose CSet: 0.0 ms]
      [Ref Proc: 0.2 ms]
      [Ref Enq: 0.0 ms]
      [Redirty Cards: 0.2 ms]
      [Humongous Register: 0.0 ms]
      [Humongous Reclaim: 0.0 ms]
      [Free CSet: 0.3 ms]
   [Eden: 276.0M(276.0M)->0.0B(268.0M) Survivors: 39.0M->40.0M Heap: 682.3M(2048.0M)->683.8M(2048.0M)]
 [Times: user=1.38 sys=0.00, real=0.19 secs] 
2020-09-29T12:01:24.457+0200: 146.689: [GC pause (G1 Evacuation Pause) (young), 0.2148534 secs]
   [Parallel Time: 213.6 ms, GC Workers: 8]
      [GC Worker Start (ms): Min: 146688.9, Avg: 146694.8, Max: 146722.2, Diff: 33.3]
      [Ext Root Scanning (ms): Min: 0.0, Avg: 0.1, Max: 0.2, Diff: 0.1, Sum: 0.6]
      [Update RS (ms): Min: 0.0, Avg: 17.8, Max: 22.4, Diff: 22.4, Sum: 142.5]
         [Processed Buffers: Min: 0, Avg: 17.9, Max: 24, Diff: 24, Sum: 143]
      [Scan RS (ms): Min: 5.6, Avg: 15.2, Max: 16.7, Diff: 11.2, Sum: 121.3]
      [Code Root Scanning (ms): Min: 0.0, Avg: 0.0, Max: 0.0, Diff: 0.0, Sum: 0.0]
      [Object Copy (ms): Min: 174.2, Avg: 174.3, Max: 174.5, Diff: 0.3, Sum: 1394.8]
      [Termination (ms): Min: 0.0, Avg: 0.1, Max: 0.2, Diff: 0.2, Sum: 1.0]
         [Termination Attempts: Min: 1, Avg: 616.5, Max: 919, Diff: 918, Sum: 4932]
      [GC Worker Other (ms): Min: 0.0, Avg: 0.0, Max: 0.0, Diff: 0.0, Sum: 0.1]
      [GC Worker Total (ms): Min: 180.1, Avg: 207.5, Max: 213.4, Diff: 33.3, Sum: 1660.4]
      [GC Worker End (ms): Min: 146902.3, Avg: 146902.3, Max: 146902.3, Diff: 0.0]
   [Code Root Fixup: 0.0 ms]
   [Code Root Purge: 0.0 ms]
   [Clear CT: 0.2 ms]
   [Other: 1.1 ms]
      [Choose CSet: 0.0 ms]
      [Ref Proc: 0.2 ms]
      [Ref Enq: 0.0 ms]
      [Redirty Cards: 0.3 ms]
      [Humongous Register: 0.1 ms]
      [Humongous Reclaim: 0.0 ms]
      [Free CSet: 0.4 ms]
   [Eden: 268.0M(268.0M)->0.0B(239.0M) Survivors: 40.0M->39.0M Heap: 995.6M(2048.0M)->997.1M(2048.0M)]
 [Times: user=1.41 sys=0.00, real=0.21 secs] 
2020-09-29T12:01:24.680+0200: 146.912: [GC pause (G1 Humongous Allocation) (young) (initial-mark), 0.0617762 secs]
   [Parallel Time: 60.5 ms, GC Workers: 8]
      [GC Worker Start (ms): Min: 146912.4, Avg: 146912.5, Max: 146912.6, Diff: 0.2]
      [Ext Root Scanning (ms): Min: 0.0, Avg: 1.0, Max: 3.0, Diff: 3.0, Sum: 7.6]
      [Update RS (ms): Min: 31.8, Avg: 34.1, Max: 35.2, Diff: 3.3, Sum: 272.6]
         [Processed Buffers: Min: 36, Avg: 38.4, Max: 40, Diff: 4, Sum: 307]
      [Scan RS (ms): Min: 2.5, Avg: 5.5, Max: 25.2, Diff: 22.7, Sum: 44.3]
      [Code Root Scanning (ms): Min: 0.0, Avg: 0.0, Max: 0.0, Diff: 0.0, Sum: 0.0]
      [Object Copy (ms): Min: 0.4, Avg: 19.6, Max: 22.5, Diff: 22.1, Sum: 156.5]
      [Termination (ms): Min: 0.0, Avg: 0.2, Max: 0.8, Diff: 0.8, Sum: 1.6]
         [Termination Attempts: Min: 1, Avg: 255.3, Max: 372, Diff: 371, Sum: 2042]
      [GC Worker Other (ms): Min: 0.0, Avg: 0.0, Max: 0.0, Diff: 0.0, Sum: 0.1]
      [GC Worker Total (ms): Min: 60.2, Avg: 60.3, Max: 60.4, Diff: 0.2, Sum: 482.7]
      [GC Worker End (ms): Min: 146972.8, Avg: 146972.8, Max: 146972.8, Diff: 0.0]
   [Code Root Fixup: 0.0 ms]
   [Code Root Purge: 0.0 ms]
   [Clear CT: 0.5 ms]
   [Other: 0.8 ms]
      [Choose CSet: 0.0 ms]
      [Ref Proc: 0.2 ms]
      [Ref Enq: 0.0 ms]
      [Redirty Cards: 0.2 ms]
      [Humongous Register: 0.1 ms]
      [Humongous Reclaim: 0.0 ms]
      [Free CSet: 0.1 ms]
   [Eden: 2048.0K(239.0M)->0.0B(260.0M) Survivors: 39.0M->4096.0K Heap: 999.1M(2048.0M)->1003.1M(2048.0M)]
 [Times: user=0.38 sys=0.00, real=0.06 secs] 
2020-09-29T12:01:24.742+0200: 146.974: [GC concurrent-root-region-scan-start]
2020-09-29T12:01:24.744+0200: 146.976: [GC concurrent-root-region-scan-end, 0.0017149 secs]
2020-09-29T12:01:24.744+0200: 146.976: [GC concurrent-mark-start]
2020-09-29T12:01:24.748+0200: 146.980: [GC concurrent-mark-end, 0.0037908 secs]
2020-09-29T12:01:24.748+0200: 146.980: [GC remark 2020-09-29T12:01:24.748+0200: 146.980: [Finalize Marking, 0.0002278 secs] 2020-09-29T12:01:24.749+0200: 146.980: [GC ref-proc, 0.0003965 secs] 2020-09-29T12:01:24.749+0200: 146.981: [Unloading, 0.0004378 secs], 0.0014022 secs]
 [Times: user=0.00 sys=0.00, real=0.00 secs] 
2020-09-29T12:01:24.750+0200: 146.982: [GC cleanup 1015M->21M(2048M), 0.0015482 secs]
 [Times: user=0.00 sys=0.00, real=0.00 secs] 
2020-09-29T12:01:24.752+0200: 146.984: [GC concurrent-cleanup-start]
2020-09-29T12:01:24.754+0200: 146.986: [GC concurrent-cleanup-end, 0.0020250 secs]
2020-09-29T12:01:24.925+0200: 147.157: [GC pause (G1 Evacuation Pause) (young), 0.1990481 secs]
   [Parallel Time: 197.9 ms, GC Workers: 8]
      [GC Worker Start (ms): Min: 147156.8, Avg: 147157.8, Max: 147164.5, Diff: 7.7]
      [Ext Root Scanning (ms): Min: 0.0, Avg: 0.1, Max: 0.1, Diff: 0.1, Sum: 0.6]
      [Update RS (ms): Min: 10.9, Avg: 19.3, Max: 33.2, Diff: 22.3, Sum: 154.7]
         [Processed Buffers: Min: 8, Avg: 17.8, Max: 23, Diff: 15, Sum: 142]
      [Scan RS (ms): Min: 0.0, Avg: 10.3, Max: 11.9, Diff: 11.9, Sum: 82.3]
      [Code Root Scanning (ms): Min: 0.0, Avg: 0.0, Max: 0.0, Diff: 0.0, Sum: 0.0]
      [Object Copy (ms): Min: 164.3, Avg: 167.0, Max: 167.4, Diff: 3.1, Sum: 1335.7]
      [Termination (ms): Min: 0.0, Avg: 0.1, Max: 0.2, Diff: 0.1, Sum: 0.9]
         [Termination Attempts: Min: 1, Avg: 293.1, Max: 468, Diff: 467, Sum: 2345]
      [GC Worker Other (ms): Min: 0.0, Avg: 0.0, Max: 0.0, Diff: 0.0, Sum: 0.2]
      [GC Worker Total (ms): Min: 190.1, Avg: 196.8, Max: 197.8, Diff: 7.7, Sum: 1574.5]
      [GC Worker End (ms): Min: 147354.6, Avg: 147354.6, Max: 147354.7, Diff: 0.0]
   [Code Root Fixup: 0.0 ms]
   [Code Root Purge: 0.0 ms]
   [Clear CT: 0.2 ms]
   [Other: 0.9 ms]
      [Choose CSet: 0.0 ms]
      [Ref Proc: 0.2 ms]
      [Ref Enq: 0.0 ms]
      [Redirty Cards: 0.2 ms]
      [Humongous Register: 0.0 ms]
      [Humongous Reclaim: 0.0 ms]
      [Free CSet: 0.2 ms]
   [Eden: 260.0M(260.0M)->0.0B(215.0M) Survivors: 4096.0K->33.0M Heap: 313.9M(2048.0M)->311.9M(2048.0M)]
 [Times: user=1.30 sys=0.00, real=0.20 secs] 
2020-09-29T12:01:25.269+0200: 147.501: [GC pause (G1 Evacuation Pause) (young), 0.1780458 secs]
   [Parallel Time: 176.8 ms, GC Workers: 8]
      [GC Worker Start (ms): Min: 147501.3, Avg: 147501.3, Max: 147501.4, Diff: 0.2]
      [Ext Root Scanning (ms): Min: 0.0, Avg: 0.1, Max: 0.1, Diff: 0.1, Sum: 0.7]
      [Update RS (ms): Min: 19.6, Avg: 19.7, Max: 19.9, Diff: 0.4, Sum: 157.4]
         [Processed Buffers: Min: 18, Avg: 21.3, Max: 24, Diff: 6, Sum: 170]
      [Scan RS (ms): Min: 9.0, Avg: 9.3, Max: 9.4, Diff: 0.4, Sum: 74.3]
      [Code Root Scanning (ms): Min: 0.0, Avg: 0.0, Max: 0.0, Diff: 0.0, Sum: 0.0]
      [Object Copy (ms): Min: 147.2, Avg: 147.3, Max: 147.6, Diff: 0.4, Sum: 1178.6]
      [Termination (ms): Min: 0.0, Avg: 0.3, Max: 0.3, Diff: 0.3, Sum: 2.1]
         [Termination Attempts: Min: 1, Avg: 1470.3, Max: 1856, Diff: 1855, Sum: 11762]
      [GC Worker Other (ms): Min: 0.0, Avg: 0.0, Max: 0.0, Diff: 0.0, Sum: 0.1]
      [GC Worker Total (ms): Min: 176.5, Avg: 176.6, Max: 176.7, Diff: 0.2, Sum: 1413.2]
      [GC Worker End (ms): Min: 147678.0, Avg: 147678.0, Max: 147678.0, Diff: 0.0]
   [Code Root Fixup: 0.0 ms]
   [Code Root Purge: 0.0 ms]
   [Clear CT: 0.1 ms]
   [Other: 1.1 ms]
      [Choose CSet: 0.0 ms]
      [Ref Proc: 0.3 ms]
      [Ref Enq: 0.0 ms]
      [Redirty Cards: 0.2 ms]
      [Humongous Register: 0.0 ms]
      [Humongous Reclaim: 0.0 ms]
      [Free CSet: 0.2 ms]
   [Eden: 215.0M(215.0M)->0.0B(216.0M) Survivors: 33.0M->31.0M Heap: 563.1M(2048.0M)->564.6M(2048.0M)]
 [Times: user=1.14 sys=0.02, real=0.18 secs] 
2020-09-29T12:01:25.603+0200: 147.835: [GC pause (G1 Evacuation Pause) (young), 0.1662214 secs]
   [Parallel Time: 165.0 ms, GC Workers: 8]
      [GC Worker Start (ms): Min: 147835.4, Avg: 147835.4, Max: 147835.5, Diff: 0.1]
      [Ext Root Scanning (ms): Min: 0.0, Avg: 0.1, Max: 0.1, Diff: 0.1, Sum: 0.7]
      [Update RS (ms): Min: 22.0, Avg: 22.3, Max: 22.7, Diff: 0.7, Sum: 178.0]
         [Processed Buffers: Min: 21, Avg: 23.8, Max: 27, Diff: 6, Sum: 190]
      [Scan RS (ms): Min: 7.5, Avg: 7.7, Max: 7.9, Diff: 0.4, Sum: 61.7]
      [Code Root Scanning (ms): Min: 0.0, Avg: 0.0, Max: 0.0, Diff: 0.0, Sum: 0.0]
      [Object Copy (ms): Min: 134.3, Avg: 134.5, Max: 134.7, Diff: 0.4, Sum: 1076.4]
      [Termination (ms): Min: 0.0, Avg: 0.2, Max: 0.3, Diff: 0.3, Sum: 1.5]
         [Termination Attempts: Min: 1, Avg: 565.1, Max: 800, Diff: 799, Sum: 4521]
      [GC Worker Other (ms): Min: 0.0, Avg: 0.0, Max: 0.0, Diff: 0.0, Sum: 0.2]
      [GC Worker Total (ms): Min: 164.6, Avg: 164.8, Max: 164.9, Diff: 0.3, Sum: 1318.5]
      [GC Worker End (ms): Min: 148000.2, Avg: 148000.2, Max: 148000.4, Diff: 0.2]
   [Code Root Fixup: 0.0 ms]
   [Code Root Purge: 0.0 ms]
   [Clear CT: 0.2 ms]
   [Other: 1.0 ms]
      [Choose CSet: 0.0 ms]
      [Ref Proc: 0.2 ms]
      [Ref Enq: 0.0 ms]
      [Redirty Cards: 0.2 ms]
      [Humongous Register: 0.1 ms]
      [Humongous Reclaim: 0.0 ms]
      [Free CSet: 0.2 ms]
   [Eden: 216.0M(216.0M)->0.0B(225.0M) Survivors: 31.0M->31.0M Heap: 816.8M(2048.0M)->818.8M(2048.0M)]
 [Times: user=1.13 sys=0.00, real=0.17 secs] 
2020-09-29T12:01:25.934+0200: 148.165: [GC pause (G1 Evacuation Pause) (young), 0.1706122 secs]
   [Parallel Time: 169.5 ms, GC Workers: 8]
      [GC Worker Start (ms): Min: 148165.6, Avg: 148165.7, Max: 148165.7, Diff: 0.1]
      [Ext Root Scanning (ms): Min: 0.1, Avg: 0.1, Max: 0.2, Diff: 0.1, Sum: 0.8]
      [Update RS (ms): Min: 18.7, Avg: 18.7, Max: 18.8, Diff: 0.1, Sum: 150.0]
         [Processed Buffers: Min: 16, Avg: 20.6, Max: 26, Diff: 10, Sum: 165]
      [Scan RS (ms): Min: 10.4, Avg: 10.4, Max: 10.5, Diff: 0.2, Sum: 83.3]
      [Code Root Scanning (ms): Min: 0.0, Avg: 0.0, Max: 0.0, Diff: 0.0, Sum: 0.0]
      [Object Copy (ms): Min: 139.7, Avg: 139.8, Max: 140.1, Diff: 0.4, Sum: 1118.4]
      [Termination (ms): Min: 0.0, Avg: 0.2, Max: 0.3, Diff: 0.3, Sum: 1.9]
         [Termination Attempts: Min: 1, Avg: 1754.3, Max: 2125, Diff: 2124, Sum: 14034]
      [GC Worker Other (ms): Min: 0.0, Avg: 0.0, Max: 0.1, Diff: 0.1, Sum: 0.3]
      [GC Worker Total (ms): Min: 169.3, Avg: 169.4, Max: 169.4, Diff: 0.1, Sum: 1354.9]
      [GC Worker End (ms): Min: 148335.0, Avg: 148335.0, Max: 148335.1, Diff: 0.1]
   [Code Root Fixup: 0.0 ms]
   [Code Root Purge: 0.0 ms]
   [Clear CT: 0.2 ms]
   [Other: 1.0 ms]
      [Choose CSet: 0.0 ms]
      [Ref Proc: 0.2 ms]
      [Ref Enq: 0.0 ms]
      [Redirty Cards: 0.2 ms]
      [Humongous Register: 0.1 ms]
      [Humongous Reclaim: 0.0 ms]
      [Free CSet: 0.2 ms]
   [Eden: 225.0M(225.0M)->0.0B(229.0M) Survivors: 31.0M->32.0M Heap: 1082.0M(2048.0M)->1083.5M(2048.0M)]
 [Times: user=1.17 sys=0.02, real=0.17 secs] 
2020-09-29T12:01:26.111+0200: 148.342: [GC pause (G1 Humongous Allocation) (young) (initial-mark), 0.0622140 secs]
   [Parallel Time: 61.2 ms, GC Workers: 8]
      [GC Worker Start (ms): Min: 148342.7, Avg: 148342.7, Max: 148342.8, Diff: 0.1]
      [Ext Root Scanning (ms): Min: 0.0, Avg: 0.2, Max: 0.4, Diff: 0.4, Sum: 1.3]
      [Update RS (ms): Min: 31.9, Avg: 32.3, Max: 33.5, Diff: 1.6, Sum: 258.7]
         [Processed Buffers: Min: 32, Avg: 36.3, Max: 40, Diff: 8, Sum: 290]
      [Scan RS (ms): Min: 1.4, Avg: 2.5, Max: 3.1, Diff: 1.7, Sum: 20.1]
      [Code Root Scanning (ms): Min: 0.0, Avg: 0.0, Max: 0.0, Diff: 0.0, Sum: 0.0]
      [Object Copy (ms): Min: 25.7, Avg: 25.9, Max: 26.0, Diff: 0.3, Sum: 207.1]
      [Termination (ms): Min: 0.0, Avg: 0.1, Max: 0.3, Diff: 0.3, Sum: 1.0]
         [Termination Attempts: Min: 1, Avg: 488.6, Max: 621, Diff: 620, Sum: 3909]
      [GC Worker Other (ms): Min: 0.0, Avg: 0.0, Max: 0.0, Diff: 0.0, Sum: 0.1]
      [GC Worker Total (ms): Min: 60.9, Avg: 61.0, Max: 61.1, Diff: 0.1, Sum: 488.3]
      [GC Worker End (ms): Min: 148403.7, Avg: 148403.7, Max: 148403.8, Diff: 0.0]
   [Code Root Fixup: 0.0 ms]
   [Code Root Purge: 0.0 ms]
   [Clear CT: 0.2 ms]
   [Other: 0.8 ms]
      [Choose CSet: 0.0 ms]
      [Ref Proc: 0.2 ms]
      [Ref Enq: 0.0 ms]
      [Redirty Cards: 0.2 ms]
      [Humongous Register: 0.1 ms]
      [Humongous Reclaim: 0.0 ms]
      [Free CSet: 0.1 ms]
   [Eden: 12.0M(229.0M)->0.0B(248.0M) Survivors: 32.0M->13.0M Heap: 1095.0M(2048.0M)->1098.5M(2048.0M)]
 [Times: user=0.45 sys=0.03, real=0.06 secs] 
2020-09-29T12:01:26.173+0200: 148.405: [GC concurrent-root-region-scan-start]
2020-09-29T12:01:26.177+0200: 148.409: [GC concurrent-root-region-scan-end, 0.0041748 secs]
2020-09-29T12:01:26.177+0200: 148.409: [GC concurrent-mark-start]
2020-09-29T12:01:26.181+0200: 148.412: [GC concurrent-mark-end, 0.0033723 secs]
2020-09-29T12:01:26.181+0200: 148.413: [GC remark 2020-09-29T12:01:26.181+0200: 148.413: [Finalize Marking, 0.0002397 secs] 2020-09-29T12:01:26.181+0200: 148.413: [GC ref-proc, 0.0006114 secs] 2020-09-29T12:01:26.182+0200: 148.414: [Unloading, 0.0005932 secs], 0.0020526 secs]
 [Times: user=0.00 sys=0.00, real=0.00 secs] 
2020-09-29T12:01:26.184+0200: 148.415: [GC cleanup 1116M->36M(2048M), 0.0015685 secs]
 [Times: user=0.00 sys=0.00, real=0.00 secs] 
2020-09-29T12:01:26.185+0200: 148.417: [GC concurrent-cleanup-start]
2020-09-29T12:01:26.187+0200: 148.419: [GC concurrent-cleanup-end, 0.0019850 secs]
2020-09-29T12:01:26.333+0200: 148.565: [GC pause (G1 Evacuation Pause) (young), 0.1426195 secs]
   [Parallel Time: 141.5 ms, GC Workers: 8]
      [GC Worker Start (ms): Min: 148565.2, Avg: 148565.3, Max: 148565.3, Diff: 0.1]
      [Ext Root Scanning (ms): Min: 0.0, Avg: 0.1, Max: 0.1, Diff: 0.1, Sum: 0.8]
      [Update RS (ms): Min: 19.8, Avg: 20.1, Max: 20.4, Diff: 0.6, Sum: 160.8]
         [Processed Buffers: Min: 15, Avg: 18.8, Max: 22, Diff: 7, Sum: 150]
      [Scan RS (ms): Min: 13.8, Avg: 14.2, Max: 14.5, Diff: 0.7, Sum: 113.3]
      [Code Root Scanning (ms): Min: 0.0, Avg: 0.0, Max: 0.0, Diff: 0.0, Sum: 0.0]
      [Object Copy (ms): Min: 106.8, Avg: 107.0, Max: 107.0, Diff: 0.2, Sum: 855.7]
      [Termination (ms): Min: 0.0, Avg: 0.0, Max: 0.1, Diff: 0.0, Sum: 0.4]
         [Termination Attempts: Min: 1, Avg: 114.4, Max: 158, Diff: 157, Sum: 915]
      [GC Worker Other (ms): Min: 0.0, Avg: 0.0, Max: 0.0, Diff: 0.0, Sum: 0.1]
      [GC Worker Total (ms): Min: 141.3, Avg: 141.4, Max: 141.4, Diff: 0.1, Sum: 1131.1]
      [GC Worker End (ms): Min: 148706.7, Avg: 148706.7, Max: 148706.7, Diff: 0.0]
   [Code Root Fixup: 0.0 ms]
   [Code Root Purge: 0.0 ms]
   [Clear CT: 0.2 ms]
   [Other: 0.9 ms]
      [Choose CSet: 0.0 ms]
      [Ref Proc: 0.2 ms]
      [Ref Enq: 0.0 ms]
      [Redirty Cards: 0.2 ms]
      [Humongous Register: 0.0 ms]
      [Humongous Reclaim: 0.0 ms]
      [Free CSet: 0.2 ms]
   [Eden: 248.0M(248.0M)->0.0B(243.0M) Survivors: 13.0M->33.0M Heap: 309.0M(2048.0M)->298.5M(2048.0M)]
 [Times: user=1.09 sys=0.01, real=0.14 secs] 
2020-09-29T12:01:26.645+0200: 148.876: [GC pause (G1 Evacuation Pause) (young), 0.1554550 secs]
   [Parallel Time: 154.2 ms, GC Workers: 8]
      [GC Worker Start (ms): Min: 148876.0, Avg: 148876.0, Max: 148876.1, Diff: 0.1]
      [Ext Root Scanning (ms): Min: 0.0, Avg: 0.1, Max: 0.1, Diff: 0.1, Sum: 0.7]
      [Update RS (ms): Min: 15.8, Avg: 16.0, Max: 16.4, Diff: 0.6, Sum: 128.3]
         [Processed Buffers: Min: 15, Avg: 16.8, Max: 18, Diff: 3, Sum: 134]
      [Scan RS (ms): Min: 14.1, Avg: 14.8, Max: 17.1, Diff: 3.0, Sum: 118.7]
      [Code Root Scanning (ms): Min: 0.0, Avg: 0.0, Max: 0.0, Diff: 0.0, Sum: 0.0]
      [Object Copy (ms): Min: 120.8, Avg: 123.0, Max: 123.4, Diff: 2.7, Sum: 984.3]
      [Termination (ms): Min: 0.0, Avg: 0.0, Max: 0.0, Diff: 0.0, Sum: 0.0]
         [Termination Attempts: Min: 1, Avg: 3.3, Max: 7, Diff: 6, Sum: 26]
      [GC Worker Other (ms): Min: 0.0, Avg: 0.0, Max: 0.1, Diff: 0.1, Sum: 0.3]
      [GC Worker Total (ms): Min: 154.0, Avg: 154.1, Max: 154.1, Diff: 0.1, Sum: 1232.4]
      [GC Worker End (ms): Min: 149030.0, Avg: 149030.1, Max: 149030.1, Diff: 0.1]
   [Code Root Fixup: 0.0 ms]
   [Code Root Purge: 0.0 ms]
   [Clear CT: 0.2 ms]
   [Other: 1.1 ms]
      [Choose CSet: 0.0 ms]
      [Ref Proc: 0.2 ms]
      [Ref Enq: 0.0 ms]
      [Redirty Cards: 0.2 ms]
      [Humongous Register: 0.0 ms]
      [Humongous Reclaim: 0.0 ms]
      [Free CSet: 0.3 ms]
   [Eden: 243.0M(243.0M)->0.0B(248.0M) Survivors: 33.0M->35.0M Heap: 581.5M(2048.0M)->583.5M(2048.0M)]
 [Times: user=1.13 sys=0.00, real=0.16 secs] 
2020-09-29T12:01:26.989+0200: 149.220: [GC pause (G1 Evacuation Pause) (young), 0.1468418 secs]
   [Parallel Time: 145.7 ms, GC Workers: 8]
      [GC Worker Start (ms): Min: 149220.1, Avg: 149220.2, Max: 149220.2, Diff: 0.1]
      [Ext Root Scanning (ms): Min: 0.0, Avg: 0.1, Max: 0.1, Diff: 0.1, Sum: 0.6]
      [Update RS (ms): Min: 16.2, Avg: 16.5, Max: 17.2, Diff: 1.0, Sum: 132.2]
         [Processed Buffers: Min: 16, Avg: 18.5, Max: 21, Diff: 5, Sum: 148]
      [Scan RS (ms): Min: 11.2, Avg: 11.8, Max: 12.2, Diff: 1.0, Sum: 94.3]
      [Code Root Scanning (ms): Min: 0.0, Avg: 0.0, Max: 0.0, Diff: 0.0, Sum: 0.0]
      [Object Copy (ms): Min: 117.0, Avg: 117.1, Max: 117.2, Diff: 0.2, Sum: 936.6]
      [Termination (ms): Min: 0.0, Avg: 0.0, Max: 0.1, Diff: 0.1, Sum: 0.3]
         [Termination Attempts: Min: 1, Avg: 299.0, Max: 412, Diff: 411, Sum: 2392]
      [GC Worker Other (ms): Min: 0.0, Avg: 0.0, Max: 0.1, Diff: 0.1, Sum: 0.3]
      [GC Worker Total (ms): Min: 145.5, Avg: 145.6, Max: 145.6, Diff: 0.1, Sum: 1164.4]
      [GC Worker End (ms): Min: 149365.7, Avg: 149365.7, Max: 149365.8, Diff: 0.1]
   [Code Root Fixup: 0.0 ms]
   [Code Root Purge: 0.0 ms]
   [Clear CT: 0.2 ms]
   [Other: 1.0 ms]
      [Choose CSet: 0.0 ms]
      [Ref Proc: 0.2 ms]
      [Ref Enq: 0.0 ms]
      [Redirty Cards: 0.3 ms]
      [Humongous Register: 0.1 ms]
      [Humongous Reclaim: 0.0 ms]
      [Free CSet: 0.2 ms]
   [Eden: 248.0M(248.0M)->0.0B(262.0M) Survivors: 35.0M->36.0M Heap: 873.5M(2048.0M)->876.0M(2048.0M)]
 [Times: user=1.13 sys=0.00, real=0.15 secs] 
2020-09-29T12:01:27.305+0200: 149.536: [GC pause (G1 Evacuation Pause) (young), 0.2099698 secs]
   [Parallel Time: 208.9 ms, GC Workers: 8]
      [GC Worker Start (ms): Min: 149535.9, Avg: 149542.0, Max: 149568.0, Diff: 32.1]
      [Ext Root Scanning (ms): Min: 0.0, Avg: 0.1, Max: 0.1, Diff: 0.1, Sum: 0.6]
      [Update RS (ms): Min: 0.0, Avg: 21.9, Max: 27.6, Diff: 27.6, Sum: 175.0]
         [Processed Buffers: Min: 0, Avg: 22.0, Max: 28, Diff: 28, Sum: 176]
      [Scan RS (ms): Min: 10.8, Avg: 15.8, Max: 21.9, Diff: 11.1, Sum: 126.2]
      [Code Root Scanning (ms): Min: 0.0, Avg: 0.0, Max: 0.0, Diff: 0.0, Sum: 0.0]
      [Object Copy (ms): Min: 159.3, Avg: 164.8, Max: 165.7, Diff: 6.4, Sum: 1318.2]
      [Termination (ms): Min: 0.0, Avg: 0.1, Max: 0.2, Diff: 0.2, Sum: 0.9]
         [Termination Attempts: Min: 1, Avg: 659.8, Max: 1003, Diff: 1002, Sum: 5278]
      [GC Worker Other (ms): Min: 0.0, Avg: 0.0, Max: 0.0, Diff: 0.0, Sum: 0.1]
      [GC Worker Total (ms): Min: 176.6, Avg: 202.6, Max: 208.7, Diff: 32.2, Sum: 1621.0]
      [GC Worker End (ms): Min: 149744.6, Avg: 149744.6, Max: 149744.6, Diff: 0.1]
   [Code Root Fixup: 0.0 ms]
   [Code Root Purge: 0.0 ms]
   [Clear CT: 0.2 ms]
   [Other: 0.9 ms]
      [Choose CSet: 0.0 ms]
      [Ref Proc: 0.1 ms]
      [Ref Enq: 0.0 ms]
      [Redirty Cards: 0.3 ms]
      [Humongous Register: 0.0 ms]
      [Humongous Reclaim: 0.0 ms]
      [Free CSet: 0.2 ms]
   [Eden: 262.0M(262.0M)->0.0B(236.0M) Survivors: 36.0M->38.0M Heap: 1181.8M(2048.0M)->1183.8M(2048.0M)]
 [Times: user=1.34 sys=0.00, real=0.21 secs] 
2020-09-29T12:01:27.534+0200: 149.765: [GC pause (G1 Humongous Allocation) (young) (initial-mark), 0.0689810 secs]
   [Parallel Time: 67.8 ms, GC Workers: 8]
      [GC Worker Start (ms): Min: 149765.4, Avg: 149765.4, Max: 149765.5, Diff: 0.1]
      [Ext Root Scanning (ms): Min: 0.1, Avg: 0.1, Max: 0.1, Diff: 0.1, Sum: 0.8]
      [Update RS (ms): Min: 22.0, Avg: 22.2, Max: 22.5, Diff: 0.5, Sum: 177.5]
         [Processed Buffers: Min: 23, Avg: 25.4, Max: 29, Diff: 6, Sum: 203]
      [Scan RS (ms): Min: 2.1, Avg: 2.3, Max: 2.5, Diff: 0.5, Sum: 18.8]
      [Code Root Scanning (ms): Min: 0.0, Avg: 0.0, Max: 0.0, Diff: 0.0, Sum: 0.0]
      [Object Copy (ms): Min: 31.8, Avg: 33.7, Max: 43.0, Diff: 11.2, Sum: 269.7]
      [Termination (ms): Min: 0.0, Avg: 9.3, Max: 11.2, Diff: 11.2, Sum: 74.3]
         [Termination Attempts: Min: 1, Avg: 2018.5, Max: 2400, Diff: 2399, Sum: 16148]
      [GC Worker Other (ms): Min: 0.0, Avg: 0.0, Max: 0.0, Diff: 0.0, Sum: 0.1]
      [GC Worker Total (ms): Min: 67.6, Avg: 67.6, Max: 67.7, Diff: 0.1, Sum: 541.1]
      [GC Worker End (ms): Min: 149833.0, Avg: 149833.1, Max: 149833.1, Diff: 0.0]
   [Code Root Fixup: 0.0 ms]
   [Code Root Purge: 0.0 ms]
   [Clear CT: 0.5 ms]
   [Other: 0.7 ms]
      [Choose CSet: 0.0 ms]
      [Ref Proc: 0.2 ms]
      [Ref Enq: 0.0 ms]
      [Redirty Cards: 0.2 ms]
      [Humongous Register: 0.1 ms]
      [Humongous Reclaim: 0.0 ms]
      [Free CSet: 0.1 ms]
   [Eden: 7168.0K(236.0M)->0.0B(237.0M) Survivors: 38.0M->8192.0K Heap: 1190.3M(2048.0M)->1193.3M(2048.0M)]
 [Times: user=0.53 sys=0.02, real=0.07 secs] 
2020-09-29T12:01:27.603+0200: 149.834: [GC concurrent-root-region-scan-start]
2020-09-29T12:01:27.605+0200: 149.836: [GC concurrent-root-region-scan-end, 0.0019580 secs]
2020-09-29T12:01:27.605+0200: 149.836: [GC concurrent-mark-start]
2020-09-29T12:01:27.610+0200: 149.841: [GC concurrent-mark-end, 0.0038892 secs]
2020-09-29T12:01:27.610+0200: 149.841: [GC remark 2020-09-29T12:01:27.610+0200: 149.841: [Finalize Marking, 0.0002021 secs] 2020-09-29T12:01:27.610+0200: 149.841: [GC ref-proc, 0.0003946 secs] 2020-09-29T12:01:27.611+0200: 149.842: [Unloading, 0.0004861 secs], 0.0015211 secs]
 [Times: user=0.00 sys=0.00, real=0.00 secs] 
2020-09-29T12:01:27.613+0200: 149.844: [GC cleanup 1210M->30M(2048M), 0.0022487 secs]
 [Times: user=0.03 sys=0.00, real=0.00 secs] 
2020-09-29T12:01:27.616+0200: 149.847: [GC concurrent-cleanup-start]
2020-09-29T12:01:27.618+0200: 149.849: [GC concurrent-cleanup-end, 0.0025348 secs]
2020-09-29T12:01:27.809+0200: 150.041: [GC pause (G1 Evacuation Pause) (young), 0.2305091 secs]
   [Parallel Time: 229.0 ms, GC Workers: 8]
      [GC Worker Start (ms): Min: 150040.9, Avg: 150046.7, Max: 150070.0, Diff: 29.1]
      [Ext Root Scanning (ms): Min: 0.0, Avg: 0.1, Max: 0.2, Diff: 0.2, Sum: 0.8]
      [Update RS (ms): Min: 0.0, Avg: 22.0, Max: 27.9, Diff: 27.9, Sum: 176.0]
         [Processed Buffers: Min: 0, Avg: 15.9, Max: 23, Diff: 23, Sum: 127]
      [Scan RS (ms): Min: 20.0, Avg: 21.4, Max: 22.1, Diff: 2.1, Sum: 171.3]
      [Code Root Scanning (ms): Min: 0.0, Avg: 0.0, Max: 0.0, Diff: 0.0, Sum: 0.0]
      [Object Copy (ms): Min: 179.1, Avg: 179.3, Max: 179.5, Diff: 0.4, Sum: 1434.3]
      [Termination (ms): Min: 0.1, Avg: 0.3, Max: 0.4, Diff: 0.3, Sum: 2.1]
         [Termination Attempts: Min: 1, Avg: 992.3, Max: 1476, Diff: 1475, Sum: 7938]
      [GC Worker Other (ms): Min: 0.0, Avg: 0.0, Max: 0.0, Diff: 0.0, Sum: 0.1]
      [GC Worker Total (ms): Min: 199.7, Avg: 223.1, Max: 228.8, Diff: 29.1, Sum: 1784.6]
      [GC Worker End (ms): Min: 150269.7, Avg: 150269.7, Max: 150269.7, Diff: 0.0]
   [Code Root Fixup: 0.0 ms]
   [Code Root Purge: 0.0 ms]
   [Clear CT: 0.2 ms]
   [Other: 1.3 ms]
      [Choose CSet: 0.0 ms]
      [Ref Proc: 0.2 ms]
      [Ref Enq: 0.0 ms]
      [Redirty Cards: 0.4 ms]
      [Humongous Register: 0.1 ms]
      [Humongous Reclaim: 0.0 ms]
      [Free CSet: 0.3 ms]
   [Eden: 237.0M(237.0M)->0.0B(175.0M) Survivors: 8192.0K->31.0M Heap: 291.1M(2048.0M)->285.1M(2048.0M)]
 [Times: user=1.48 sys=0.05, real=0.23 secs] 
2020-09-29T12:01:28.191+0200: 150.422: [GC pause (G1 Evacuation Pause) (young), 0.1952841 secs]
   [Parallel Time: 194.0 ms, GC Workers: 8]
      [GC Worker Start (ms): Min: 150422.5, Avg: 150422.5, Max: 150422.7, Diff: 0.2]
      [Ext Root Scanning (ms): Min: 0.0, Avg: 0.1, Max: 0.2, Diff: 0.2, Sum: 0.7]
      [Update RS (ms): Min: 18.1, Avg: 19.0, Max: 23.2, Diff: 5.1, Sum: 152.1]
         [Processed Buffers: Min: 0, Avg: 12.8, Max: 16, Diff: 16, Sum: 102]
      [Scan RS (ms): Min: 10.2, Avg: 14.6, Max: 16.9, Diff: 6.7, Sum: 116.9]
      [Code Root Scanning (ms): Min: 0.0, Avg: 0.0, Max: 0.0, Diff: 0.0, Sum: 0.0]
      [Object Copy (ms): Min: 152.6, Avg: 158.8, Max: 160.1, Diff: 7.5, Sum: 1270.7]
      [Termination (ms): Min: 0.0, Avg: 1.2, Max: 7.7, Diff: 7.7, Sum: 9.4]
         [Termination Attempts: Min: 1, Avg: 1118.9, Max: 1613, Diff: 1612, Sum: 8951]
      [GC Worker Other (ms): Min: 0.0, Avg: 0.0, Max: 0.0, Diff: 0.0, Sum: 0.2]
      [GC Worker Total (ms): Min: 193.6, Avg: 193.7, Max: 193.8, Diff: 0.2, Sum: 1549.9]
      [GC Worker End (ms): Min: 150616.3, Avg: 150616.3, Max: 150616.3, Diff: 0.0]
   [Code Root Fixup: 0.0 ms]
   [Code Root Purge: 0.0 ms]
   [Clear CT: 0.2 ms]
   [Other: 1.1 ms]
      [Choose CSet: 0.0 ms]
      [Ref Proc: 0.2 ms]
      [Ref Enq: 0.0 ms]
      [Redirty Cards: 0.3 ms]
      [Humongous Register: 0.0 ms]
      [Humongous Reclaim: 0.0 ms]
      [Free CSet: 0.2 ms]
   [Eden: 175.0M(175.0M)->0.0B(165.0M) Survivors: 31.0M->26.0M Heap: 488.7M(2048.0M)->490.7M(2048.0M)]
 [Times: user=1.39 sys=0.00, real=0.20 secs] 
2020-09-29T12:01:28.526+0200: 150.757: [GC pause (G1 Evacuation Pause) (young), 0.1722981 secs]
   [Parallel Time: 171.0 ms, GC Workers: 8]
      [GC Worker Start (ms): Min: 150757.6, Avg: 150757.7, Max: 150757.7, Diff: 0.1]
      [Ext Root Scanning (ms): Min: 0.0, Avg: 0.1, Max: 0.2, Diff: 0.1, Sum: 0.8]
      [Update RS (ms): Min: 18.9, Avg: 19.2, Max: 19.6, Diff: 0.7, Sum: 153.2]
         [Processed Buffers: Min: 14, Avg: 15.6, Max: 19, Diff: 5, Sum: 125]
      [Scan RS (ms): Min: 9.6, Avg: 10.1, Max: 10.4, Diff: 0.7, Sum: 80.6]
      [Code Root Scanning (ms): Min: 0.0, Avg: 0.0, Max: 0.0, Diff: 0.0, Sum: 0.0]
      [Object Copy (ms): Min: 140.3, Avg: 140.4, Max: 140.5, Diff: 0.2, Sum: 1123.1]
      [Termination (ms): Min: 0.0, Avg: 0.3, Max: 1.0, Diff: 1.0, Sum: 2.3]
         [Termination Attempts: Min: 1, Avg: 709.9, Max: 903, Diff: 902, Sum: 5679]
      [GC Worker Other (ms): Min: 0.0, Avg: 0.0, Max: 0.0, Diff: 0.0, Sum: 0.1]
      [GC Worker Total (ms): Min: 169.9, Avg: 170.0, Max: 170.8, Diff: 0.9, Sum: 1360.2]
      [GC Worker End (ms): Min: 150927.6, Avg: 150927.7, Max: 150928.4, Diff: 0.8]
   [Code Root Fixup: 0.0 ms]
   [Code Root Purge: 0.0 ms]
   [Clear CT: 0.2 ms]
   [Other: 1.1 ms]
      [Choose CSet: 0.0 ms]
      [Ref Proc: 0.3 ms]
      [Ref Enq: 0.0 ms]
      [Redirty Cards: 0.2 ms]
      [Humongous Register: 0.1 ms]
      [Humongous Reclaim: 0.0 ms]
      [Free CSet: 0.2 ms]
   [Eden: 165.0M(165.0M)->0.0B(169.0M) Survivors: 26.0M->24.0M Heap: 684.3M(2048.0M)->685.8M(2048.0M)]
 [Times: user=1.19 sys=0.00, real=0.17 secs] 
2020-09-29T12:01:28.840+0200: 151.071: [GC pause (G1 Evacuation Pause) (young), 0.1887212 secs]
   [Parallel Time: 187.0 ms, GC Workers: 8]
      [GC Worker Start (ms): Min: 151071.6, Avg: 151071.7, Max: 151071.8, Diff: 0.2]
      [Ext Root Scanning (ms): Min: 0.0, Avg: 0.1, Max: 0.2, Diff: 0.2, Sum: 0.8]
      [Update RS (ms): Min: 23.7, Avg: 23.9, Max: 24.1, Diff: 0.4, Sum: 191.1]
         [Processed Buffers: Min: 17, Avg: 19.4, Max: 23, Diff: 6, Sum: 155]
      [Scan RS (ms): Min: 7.5, Avg: 7.8, Max: 8.0, Diff: 0.5, Sum: 62.7]
      [Code Root Scanning (ms): Min: 0.0, Avg: 0.0, Max: 0.0, Diff: 0.0, Sum: 0.0]
      [Object Copy (ms): Min: 154.5, Avg: 154.6, Max: 154.8, Diff: 0.3, Sum: 1237.1]
      [Termination (ms): Min: 0.0, Avg: 0.3, Max: 0.4, Diff: 0.3, Sum: 2.2]
         [Termination Attempts: Min: 1, Avg: 1134.5, Max: 1625, Diff: 1624, Sum: 9076]
      [GC Worker Other (ms): Min: 0.0, Avg: 0.0, Max: 0.0, Diff: 0.0, Sum: 0.1]
      [GC Worker Total (ms): Min: 186.7, Avg: 186.8, Max: 186.8, Diff: 0.2, Sum: 1494.1]
      [GC Worker End (ms): Min: 151258.4, Avg: 151258.4, Max: 151258.5, Diff: 0.0]
   [Code Root Fixup: 0.0 ms]
   [Code Root Purge: 0.0 ms]
   [Clear CT: 0.2 ms]
   [Other: 1.5 ms]
      [Choose CSet: 0.0 ms]
      [Ref Proc: 0.3 ms]
      [Ref Enq: 0.0 ms]
      [Redirty Cards: 0.6 ms]
      [Humongous Register: 0.1 ms]
      [Humongous Reclaim: 0.0 ms]
      [Free CSet: 0.2 ms]
   [Eden: 169.0M(169.0M)->0.0B(164.0M) Survivors: 24.0M->25.0M Heap: 883.4M(2048.0M)->884.9M(2048.0M)]
 [Times: user=1.33 sys=0.00, real=0.19 secs] 
2020-09-29T12:01:29.160+0200: 151.391: [GC pause (G1 Evacuation Pause) (young), 0.1994857 secs]
   [Parallel Time: 198.4 ms, GC Workers: 8]
      [GC Worker Start (ms): Min: 151391.3, Avg: 151391.4, Max: 151391.5, Diff: 0.2]
      [Ext Root Scanning (ms): Min: 0.0, Avg: 0.1, Max: 0.2, Diff: 0.2, Sum: 0.7]
      [Update RS (ms): Min: 20.8, Avg: 22.5, Max: 32.2, Diff: 11.4, Sum: 179.8]
         [Processed Buffers: Min: 0, Avg: 15.9, Max: 20, Diff: 20, Sum: 127]
      [Scan RS (ms): Min: 0.0, Avg: 9.0, Max: 10.5, Diff: 10.5, Sum: 71.9]
      [Code Root Scanning (ms): Min: 0.0, Avg: 0.0, Max: 0.0, Diff: 0.0, Sum: 0.0]
      [Object Copy (ms): Min: 165.8, Avg: 166.5, Max: 166.7, Diff: 0.9, Sum: 1331.9]
      [Termination (ms): Min: 0.0, Avg: 0.1, Max: 0.2, Diff: 0.2, Sum: 1.2]
         [Termination Attempts: Min: 1, Avg: 368.8, Max: 540, Diff: 539, Sum: 2950]
      [GC Worker Other (ms): Min: 0.0, Avg: 0.0, Max: 0.0, Diff: 0.0, Sum: 0.1]
      [GC Worker Total (ms): Min: 198.1, Avg: 198.2, Max: 198.3, Diff: 0.2, Sum: 1585.6]
      [GC Worker End (ms): Min: 151589.5, Avg: 151589.6, Max: 151589.6, Diff: 0.0]
   [Code Root Fixup: 0.0 ms]
   [Code Root Purge: 0.0 ms]
   [Clear CT: 0.2 ms]
   [Other: 0.9 ms]
      [Choose CSet: 0.0 ms]
      [Ref Proc: 0.2 ms]
      [Ref Enq: 0.0 ms]
      [Redirty Cards: 0.3 ms]
      [Humongous Register: 0.1 ms]
      [Humongous Reclaim: 0.0 ms]
      [Free CSet: 0.2 ms]
   [Eden: 164.0M(164.0M)->0.0B(157.0M) Survivors: 25.0M->24.0M Heap: 1075.6M(2048.0M)->1077.6M(2048.0M)]
 [Times: user=1.39 sys=0.00, real=0.20 secs] 
2020-09-29T12:01:29.370+0200: 151.601: [GC pause (G1 Humongous Allocation) (young) (initial-mark), 0.0596192 secs]
   [Parallel Time: 58.2 ms, GC Workers: 8]
      [GC Worker Start (ms): Min: 151601.0, Avg: 151601.1, Max: 151601.2, Diff: 0.3]
      [Ext Root Scanning (ms): Min: 0.0, Avg: 0.2, Max: 0.3, Diff: 0.3, Sum: 1.4]
      [Update RS (ms): Min: 24.4, Avg: 24.8, Max: 25.1, Diff: 0.7, Sum: 198.7]
         [Processed Buffers: Min: 22, Avg: 22.9, Max: 24, Diff: 2, Sum: 183]
      [Scan RS (ms): Min: 1.9, Avg: 2.2, Max: 2.6, Diff: 0.7, Sum: 17.4]
      [Code Root Scanning (ms): Min: 0.0, Avg: 0.0, Max: 0.0, Diff: 0.0, Sum: 0.0]
      [Object Copy (ms): Min: 30.4, Avg: 30.5, Max: 30.8, Diff: 0.4, Sum: 244.2]
      [Termination (ms): Min: 0.0, Avg: 0.3, Max: 0.4, Diff: 0.4, Sum: 2.3]
         [Termination Attempts: Min: 1, Avg: 1061.4, Max: 1294, Diff: 1293, Sum: 8491]
      [GC Worker Other (ms): Min: 0.0, Avg: 0.0, Max: 0.0, Diff: 0.0, Sum: 0.1]
      [GC Worker Total (ms): Min: 57.9, Avg: 58.0, Max: 58.2, Diff: 0.3, Sum: 464.1]
      [GC Worker End (ms): Min: 151659.1, Avg: 151659.1, Max: 151659.2, Diff: 0.0]
   [Code Root Fixup: 0.0 ms]
   [Code Root Purge: 0.0 ms]
   [Clear CT: 0.2 ms]
   [Other: 1.1 ms]
      [Choose CSet: 0.0 ms]
      [Ref Proc: 0.4 ms]
      [Ref Enq: 0.0 ms]
      [Redirty Cards: 0.2 ms]
      [Humongous Register: 0.1 ms]
      [Humongous Reclaim: 0.0 ms]
      [Free CSet: 0.1 ms]
   [Eden: 6144.0K(157.0M)->0.0B(167.0M) Survivors: 24.0M->8192.0K Heap: 1083.6M(2048.0M)->1087.1M(2048.0M)]
 [Times: user=0.47 sys=0.00, real=0.06 secs] 
2020-09-29T12:01:29.429+0200: 151.661: [GC concurrent-root-region-scan-start]
2020-09-29T12:01:29.432+0200: 151.663: [GC concurrent-root-region-scan-end, 0.0027655 secs]
2020-09-29T12:01:29.432+0200: 151.663: [GC concurrent-mark-start]
2020-09-29T12:01:29.437+0200: 151.668: [GC concurrent-mark-end, 0.0046941 secs]
2020-09-29T12:01:29.438+0200: 151.669: [GC remark 2020-09-29T12:01:29.438+0200: 151.669: [Finalize Marking, 0.0003325 secs] 2020-09-29T12:01:29.438+0200: 151.669: [GC ref-proc, 0.0004678 secs] 2020-09-29T12:01:29.438+0200: 151.670: [Unloading, 0.0005228 secs], 0.0017021 secs]
 [Times: user=0.00 sys=0.00, real=0.00 secs] 
2020-09-29T12:01:29.440+0200: 151.671: [GC cleanup 1099M->26M(2048M), 0.0015818 secs]
 [Times: user=0.00 sys=0.00, real=0.00 secs] 
2020-09-29T12:01:29.442+0200: 151.673: [GC concurrent-cleanup-start]
2020-09-29T12:01:29.445+0200: 151.676: [GC concurrent-cleanup-end, 0.0030381 secs]
2020-09-29T12:01:29.557+0200: 151.788: [GC pause (G1 Evacuation Pause) (young), 0.1543072 secs]
   [Parallel Time: 153.0 ms, GC Workers: 8]
      [GC Worker Start (ms): Min: 151788.0, Avg: 151788.1, Max: 151788.2, Diff: 0.2]
      [Ext Root Scanning (ms): Min: 0.0, Avg: 0.1, Max: 0.2, Diff: 0.2, Sum: 0.7]
      [Update RS (ms): Min: 13.1, Avg: 13.2, Max: 13.4, Diff: 0.3, Sum: 105.8]
         [Processed Buffers: Min: 10, Avg: 11.5, Max: 14, Diff: 4, Sum: 92]
      [Scan RS (ms): Min: 9.3, Avg: 9.5, Max: 9.7, Diff: 0.3, Sum: 76.2]
      [Code Root Scanning (ms): Min: 0.0, Avg: 0.0, Max: 0.0, Diff: 0.0, Sum: 0.0]
      [Object Copy (ms): Min: 129.8, Avg: 129.8, Max: 129.9, Diff: 0.1, Sum: 1038.6]
      [Termination (ms): Min: 0.0, Avg: 0.0, Max: 0.0, Diff: 0.0, Sum: 0.1]
         [Termination Attempts: Min: 1, Avg: 52.3, Max: 81, Diff: 80, Sum: 418]
      [GC Worker Other (ms): Min: 0.0, Avg: 0.0, Max: 0.1, Diff: 0.0, Sum: 0.3]
      [GC Worker Total (ms): Min: 152.6, Avg: 152.7, Max: 152.8, Diff: 0.2, Sum: 1221.7]
      [GC Worker End (ms): Min: 151940.8, Avg: 151940.8, Max: 151940.9, Diff: 0.0]
   [Code Root Fixup: 0.0 ms]
   [Code Root Purge: 0.0 ms]
   [Clear CT: 0.2 ms]
   [Other: 1.1 ms]
      [Choose CSet: 0.0 ms]
      [Ref Proc: 0.2 ms]
      [Ref Enq: 0.0 ms]
      [Redirty Cards: 0.2 ms]
      [Humongous Register: 0.0 ms]
      [Humongous Reclaim: 0.0 ms]
      [Free CSet: 0.2 ms]
   [Eden: 167.0M(167.0M)->0.0B(163.0M) Survivors: 8192.0K->22.0M Heap: 209.6M(2048.0M)->203.6M(2048.0M)]
 [Times: user=1.14 sys=0.01, real=0.15 secs] 
2020-09-29T12:01:29.842+0200: 152.073: [GC pause (G1 Evacuation Pause) (young), 0.1697501 secs]
   [Parallel Time: 168.4 ms, GC Workers: 8]
      [GC Worker Start (ms): Min: 152073.0, Avg: 152073.1, Max: 152073.5, Diff: 0.5]
      [Ext Root Scanning (ms): Min: 0.0, Avg: 0.1, Max: 0.2, Diff: 0.2, Sum: 0.7]
      [Update RS (ms): Min: 16.7, Avg: 17.1, Max: 17.6, Diff: 0.9, Sum: 136.8]
         [Processed Buffers: Min: 12, Avg: 14.0, Max: 15, Diff: 3, Sum: 112]
      [Scan RS (ms): Min: 8.9, Avg: 9.4, Max: 9.7, Diff: 0.9, Sum: 74.9]
      [Code Root Scanning (ms): Min: 0.0, Avg: 0.0, Max: 0.0, Diff: 0.0, Sum: 0.0]
      [Object Copy (ms): Min: 141.4, Avg: 141.5, Max: 141.6, Diff: 0.1, Sum: 1131.9]
      [Termination (ms): Min: 0.0, Avg: 0.1, Max: 0.2, Diff: 0.2, Sum: 0.9]
         [Termination Attempts: Min: 1, Avg: 327.5, Max: 528, Diff: 527, Sum: 2620]
      [GC Worker Other (ms): Min: 0.0, Avg: 0.0, Max: 0.0, Diff: 0.0, Sum: 0.1]
      [GC Worker Total (ms): Min: 167.8, Avg: 168.2, Max: 168.3, Diff: 0.5, Sum: 1345.4]
      [GC Worker End (ms): Min: 152241.3, Avg: 152241.3, Max: 152241.3, Diff: 0.0]
   [Code Root Fixup: 0.0 ms]
   [Code Root Purge: 0.0 ms]
   [Clear CT: 0.2 ms]
   [Other: 1.1 ms]
      [Choose CSet: 0.0 ms]
      [Ref Proc: 0.2 ms]
      [Ref Enq: 0.0 ms]
      [Redirty Cards: 0.3 ms]
      [Humongous Register: 0.0 ms]
      [Humongous Reclaim: 0.0 ms]
      [Free CSet: 0.2 ms]
   [Eden: 163.0M(163.0M)->0.0B(166.0M) Survivors: 22.0M->24.0M Heap: 393.3M(2048.0M)->395.3M(2048.0M)]
 [Times: user=1.23 sys=0.00, real=0.17 secs] 
2020-09-29T12:01:30.150+0200: 152.381: [GC pause (G1 Evacuation Pause) (young), 0.1414011 secs]
   [Parallel Time: 140.1 ms, GC Workers: 8]
      [GC Worker Start (ms): Min: 152381.5, Avg: 152381.6, Max: 152381.7, Diff: 0.2]
      [Ext Root Scanning (ms): Min: 0.0, Avg: 0.1, Max: 0.2, Diff: 0.2, Sum: 0.6]
      [Update RS (ms): Min: 17.3, Avg: 17.5, Max: 18.3, Diff: 1.0, Sum: 140.2]
         [Processed Buffers: Min: 13, Avg: 14.9, Max: 17, Diff: 4, Sum: 119]
      [Scan RS (ms): Min: 9.0, Avg: 9.8, Max: 10.1, Diff: 1.1, Sum: 78.2]
      [Code Root Scanning (ms): Min: 0.0, Avg: 0.0, Max: 0.0, Diff: 0.0, Sum: 0.0]
      [Object Copy (ms): Min: 112.3, Avg: 112.4, Max: 112.5, Diff: 0.2, Sum: 898.9]
      [Termination (ms): Min: 0.0, Avg: 0.1, Max: 0.1, Diff: 0.1, Sum: 0.6]
         [Termination Attempts: Min: 1, Avg: 356.6, Max: 463, Diff: 462, Sum: 2853]
      [GC Worker Other (ms): Min: 0.0, Avg: 0.0, Max: 0.1, Diff: 0.0, Sum: 0.2]
      [GC Worker Total (ms): Min: 139.8, Avg: 139.9, Max: 140.0, Diff: 0.2, Sum: 1118.8]
      [GC Worker End (ms): Min: 152521.4, Avg: 152521.4, Max: 152521.5, Diff: 0.0]
   [Code Root Fixup: 0.0 ms]
   [Code Root Purge: 0.0 ms]
   [Clear CT: 0.2 ms]
   [Other: 1.1 ms]
      [Choose CSet: 0.0 ms]
      [Ref Proc: 0.3 ms]
      [Ref Enq: 0.0 ms]
      [Redirty Cards: 0.3 ms]
      [Humongous Register: 0.0 ms]
      [Humongous Reclaim: 0.0 ms]
      [Free CSet: 0.2 ms]
   [Eden: 166.0M(166.0M)->0.0B(177.0M) Survivors: 24.0M->24.0M Heap: 589.9M(2048.0M)->591.4M(2048.0M)]
 [Times: user=1.08 sys=0.00, real=0.14 secs] 
2020-09-29T12:01:30.437+0200: 152.668: [GC pause (G1 Evacuation Pause) (young), 0.1786394 secs]
   [Parallel Time: 177.0 ms, GC Workers: 8]
      [GC Worker Start (ms): Min: 152668.3, Avg: 152673.2, Max: 152687.8, Diff: 19.5]
      [Ext Root Scanning (ms): Min: 0.0, Avg: 0.1, Max: 0.2, Diff: 0.2, Sum: 0.6]
      [Update RS (ms): Min: 10.3, Avg: 25.0, Max: 30.7, Diff: 20.4, Sum: 199.8]
         [Processed Buffers: Min: 2, Avg: 16.3, Max: 25, Diff: 23, Sum: 130]
      [Scan RS (ms): Min: 9.9, Avg: 10.8, Max: 11.4, Diff: 1.4, Sum: 86.5]
      [Code Root Scanning (ms): Min: 0.0, Avg: 0.0, Max: 0.0, Diff: 0.0, Sum: 0.0]
      [Object Copy (ms): Min: 135.8, Avg: 135.9, Max: 136.0, Diff: 0.2, Sum: 1087.3]
      [Termination (ms): Min: 0.0, Avg: 0.1, Max: 0.1, Diff: 0.1, Sum: 0.8]
         [Termination Attempts: Min: 1, Avg: 124.3, Max: 166, Diff: 165, Sum: 994]
      [GC Worker Other (ms): Min: 0.0, Avg: 0.0, Max: 0.0, Diff: 0.0, Sum: 0.1]
      [GC Worker Total (ms): Min: 157.3, Avg: 171.9, Max: 176.8, Diff: 19.5, Sum: 1375.2]
      [GC Worker End (ms): Min: 152845.1, Avg: 152845.1, Max: 152845.2, Diff: 0.0]
   [Code Root Fixup: 0.0 ms]
   [Code Root Purge: 0.0 ms]
   [Clear CT: 0.4 ms]
   [Other: 1.2 ms]
      [Choose CSet: 0.0 ms]
      [Ref Proc: 0.4 ms]
      [Ref Enq: 0.0 ms]
      [Redirty Cards: 0.3 ms]
      [Humongous Register: 0.1 ms]
      [Humongous Reclaim: 0.0 ms]
      [Free CSet: 0.2 ms]
   [Eden: 177.0M(177.0M)->0.0B(175.0M) Survivors: 24.0M->26.0M Heap: 797.0M(2048.0M)->798.5M(2048.0M)]
 [Times: user=1.36 sys=0.00, real=0.18 secs] 
2020-09-29T12:01:30.788+0200: 153.019: [GC pause (G1 Evacuation Pause) (young), 0.1479100 secs]
   [Parallel Time: 146.7 ms, GC Workers: 8]
      [GC Worker Start (ms): Min: 153019.6, Avg: 153019.7, Max: 153019.8, Diff: 0.2]
      [Ext Root Scanning (ms): Min: 0.0, Avg: 0.1, Max: 0.2, Diff: 0.2, Sum: 0.8]
      [Update RS (ms): Min: 16.9, Avg: 17.1, Max: 18.0, Diff: 1.1, Sum: 136.7]
         [Processed Buffers: Min: 12, Avg: 14.6, Max: 16, Diff: 4, Sum: 117]
      [Scan RS (ms): Min: 10.5, Avg: 11.3, Max: 11.6, Diff: 1.1, Sum: 90.5]
      [Code Root Scanning (ms): Min: 0.0, Avg: 0.0, Max: 0.0, Diff: 0.0, Sum: 0.0]
      [Object Copy (ms): Min: 117.7, Avg: 117.8, Max: 117.9, Diff: 0.2, Sum: 942.5]
      [Termination (ms): Min: 0.0, Avg: 0.0, Max: 0.1, Diff: 0.1, Sum: 0.3]
         [Termination Attempts: Min: 1, Avg: 182.1, Max: 277, Diff: 276, Sum: 1457]
      [GC Worker Other (ms): Min: 0.0, Avg: 0.1, Max: 0.1, Diff: 0.1, Sum: 0.5]
      [GC Worker Total (ms): Min: 146.3, Avg: 146.4, Max: 146.5, Diff: 0.1, Sum: 1171.3]
      [GC Worker End (ms): Min: 153166.0, Avg: 153166.1, Max: 153166.1, Diff: 0.1]
   [Code Root Fixup: 0.0 ms]
   [Code Root Purge: 0.0 ms]
   [Clear CT: 0.2 ms]
   [Other: 1.1 ms]
      [Choose CSet: 0.0 ms]
      [Ref Proc: 0.2 ms]
      [Ref Enq: 0.0 ms]
      [Redirty Cards: 0.3 ms]
      [Humongous Register: 0.1 ms]
      [Humongous Reclaim: 0.0 ms]
      [Free CSet: 0.2 ms]
   [Eden: 175.0M(175.0M)->0.0B(188.0M) Survivors: 26.0M->26.0M Heap: 1004.1M(2048.0M)->1006.6M(2048.0M)]
 [Times: user=1.05 sys=0.00, real=0.15 secs] 
2020-09-29T12:01:30.945+0200: 153.177: [GC pause (G1 Humongous Allocation) (young) (initial-mark), 0.0614833 secs]
   [Parallel Time: 60.3 ms, GC Workers: 8]
      [GC Worker Start (ms): Min: 153176.9, Avg: 153177.0, Max: 153177.1, Diff: 0.2]
      [Ext Root Scanning (ms): Min: 0.0, Avg: 0.2, Max: 0.3, Diff: 0.3, Sum: 1.4]
      [Update RS (ms): Min: 28.7, Avg: 29.2, Max: 30.1, Diff: 1.4, Sum: 233.8]
         [Processed Buffers: Min: 22, Avg: 26.3, Max: 29, Diff: 7, Sum: 210]
      [Scan RS (ms): Min: 1.5, Avg: 2.3, Max: 2.9, Diff: 1.3, Sum: 18.8]
      [Code Root Scanning (ms): Min: 0.0, Avg: 0.0, Max: 0.0, Diff: 0.0, Sum: 0.0]
      [Object Copy (ms): Min: 28.2, Avg: 28.3, Max: 28.3, Diff: 0.1, Sum: 226.1]
      [Termination (ms): Min: 0.0, Avg: 0.1, Max: 0.1, Diff: 0.1, Sum: 0.4]
         [Termination Attempts: Min: 1, Avg: 289.5, Max: 419, Diff: 418, Sum: 2316]
      [GC Worker Other (ms): Min: 0.0, Avg: 0.0, Max: 0.1, Diff: 0.0, Sum: 0.2]
      [GC Worker Total (ms): Min: 60.0, Avg: 60.1, Max: 60.2, Diff: 0.2, Sum: 480.8]
      [GC Worker End (ms): Min: 153237.0, Avg: 153237.1, Max: 153237.1, Diff: 0.0]
   [Code Root Fixup: 0.0 ms]
   [Code Root Purge: 0.0 ms]
   [Clear CT: 0.2 ms]
   [Other: 1.0 ms]
      [Choose CSet: 0.0 ms]
      [Ref Proc: 0.2 ms]
      [Ref Enq: 0.0 ms]
      [Redirty Cards: 0.2 ms]
      [Humongous Register: 0.1 ms]
      [Humongous Reclaim: 0.0 ms]
      [Free CSet: 0.1 ms]
   [Eden: 11.0M(188.0M)->0.0B(200.0M) Survivors: 26.0M->13.0M Heap: 1017.1M(2048.0M)->1021.6M(2048.0M)]
 [Times: user=0.42 sys=0.00, real=0.06 secs] 
2020-09-29T12:01:31.007+0200: 153.238: [GC concurrent-root-region-scan-start]
2020-09-29T12:01:31.012+0200: 153.243: [GC concurrent-root-region-scan-end, 0.0049979 secs]
2020-09-29T12:01:31.012+0200: 153.243: [GC concurrent-mark-start]
2020-09-29T12:01:31.017+0200: 153.248: [GC concurrent-mark-end, 0.0048696 secs]
2020-09-29T12:01:31.019+0200: 153.250: [GC remark 2020-09-29T12:01:31.019+0200: 153.250: [Finalize Marking, 0.0002958 secs] 2020-09-29T12:01:31.019+0200: 153.251: [GC ref-proc, 0.0004843 secs] 2020-09-29T12:01:31.020+0200: 153.251: [Unloading, 0.0005611 secs], 0.0017235 secs]
 [Times: user=0.01 sys=0.00, real=0.00 secs] 
2020-09-29T12:01:31.021+0200: 153.253: [GC cleanup 1041M->38M(2048M), 0.0020675 secs]
 [Times: user=0.00 sys=0.00, real=0.00 secs] 
2020-09-29T12:01:31.023+0200: 153.255: [GC concurrent-cleanup-start]
2020-09-29T12:01:31.026+0200: 153.257: [GC concurrent-cleanup-end, 0.0020643 secs]
2020-09-29T12:01:31.159+0200: 153.391: [GC pause (G1 Evacuation Pause) (young), 0.1423492 secs]
   [Parallel Time: 141.2 ms, GC Workers: 8]
      [GC Worker Start (ms): Min: 153390.7, Avg: 153390.8, Max: 153390.9, Diff: 0.1]
      [Ext Root Scanning (ms): Min: 0.0, Avg: 0.1, Max: 0.2, Diff: 0.1, Sum: 0.7]
      [Update RS (ms): Min: 16.2, Avg: 16.4, Max: 16.8, Diff: 0.6, Sum: 131.1]
         [Processed Buffers: Min: 12, Avg: 13.8, Max: 18, Diff: 6, Sum: 110]
      [Scan RS (ms): Min: 11.1, Avg: 11.4, Max: 11.5, Diff: 0.5, Sum: 91.2]
      [Code Root Scanning (ms): Min: 0.0, Avg: 0.0, Max: 0.0, Diff: 0.0, Sum: 0.0]
      [Object Copy (ms): Min: 112.9, Avg: 113.0, Max: 113.0, Diff: 0.1, Sum: 903.8]
      [Termination (ms): Min: 0.0, Avg: 0.1, Max: 0.1, Diff: 0.1, Sum: 0.6]
         [Termination Attempts: Min: 1, Avg: 317.0, Max: 398, Diff: 397, Sum: 2536]
      [GC Worker Other (ms): Min: 0.0, Avg: 0.0, Max: 0.1, Diff: 0.1, Sum: 0.3]
      [GC Worker Total (ms): Min: 140.9, Avg: 141.0, Max: 141.1, Diff: 0.2, Sum: 1127.8]
      [GC Worker End (ms): Min: 153531.7, Avg: 153531.8, Max: 153531.8, Diff: 0.1]
   [Code Root Fixup: 0.0 ms]
   [Code Root Purge: 0.0 ms]
   [Clear CT: 0.2 ms]
   [Other: 1.0 ms]
      [Choose CSet: 0.0 ms]
      [Ref Proc: 0.2 ms]
      [Ref Enq: 0.0 ms]
      [Redirty Cards: 0.2 ms]
      [Humongous Register: 0.0 ms]
      [Humongous Reclaim: 0.0 ms]
      [Free CSet: 0.2 ms]
   [Eden: 200.0M(200.0M)->0.0B(201.0M) Survivors: 13.0M->27.0M Heap: 252.8M(2048.0M)->242.3M(2048.0M)]
 [Times: user=1.16 sys=0.02, real=0.14 secs] 
2020-09-29T12:01:31.456+0200: 153.687: [GC pause (G1 Evacuation Pause) (young), 0.1776716 secs]
   [Parallel Time: 176.2 ms, GC Workers: 8]
      [GC Worker Start (ms): Min: 153687.5, Avg: 153687.6, Max: 153687.7, Diff: 0.2]
      [Ext Root Scanning (ms): Min: 0.0, Avg: 0.1, Max: 0.2, Diff: 0.2, Sum: 0.8]
      [Update RS (ms): Min: 19.4, Avg: 19.4, Max: 19.5, Diff: 0.1, Sum: 155.4]
         [Processed Buffers: Min: 10, Avg: 17.3, Max: 20, Diff: 10, Sum: 138]
      [Scan RS (ms): Min: 13.9, Avg: 14.8, Max: 20.1, Diff: 6.2, Sum: 118.1]
      [Code Root Scanning (ms): Min: 0.0, Avg: 0.0, Max: 0.0, Diff: 0.0, Sum: 0.0]
      [Object Copy (ms): Min: 136.2, Avg: 141.6, Max: 142.4, Diff: 6.2, Sum: 1132.6]
      [Termination (ms): Min: 0.0, Avg: 0.2, Max: 0.2, Diff: 0.2, Sum: 1.2]
         [Termination Attempts: Min: 1, Avg: 775.0, Max: 966, Diff: 965, Sum: 6200]
      [GC Worker Other (ms): Min: 0.0, Avg: 0.0, Max: 0.1, Diff: 0.1, Sum: 0.4]
      [GC Worker Total (ms): Min: 176.0, Avg: 176.1, Max: 176.2, Diff: 0.2, Sum: 1408.5]
      [GC Worker End (ms): Min: 153863.6, Avg: 153863.7, Max: 153863.7, Diff: 0.1]
   [Code Root Fixup: 0.0 ms]
   [Code Root Purge: 0.0 ms]
   [Clear CT: 0.2 ms]
   [Other: 1.2 ms]
      [Choose CSet: 0.0 ms]
      [Ref Proc: 0.2 ms]
      [Ref Enq: 0.0 ms]
      [Redirty Cards: 0.4 ms]
      [Humongous Register: 0.0 ms]
      [Humongous Reclaim: 0.0 ms]
      [Free CSet: 0.2 ms]
   [Eden: 201.0M(201.0M)->0.0B(197.0M) Survivors: 27.0M->29.0M Heap: 477.7M(2048.0M)->480.2M(2048.0M)]
 [Times: user=1.38 sys=0.05, real=0.18 secs] 
2020-09-29T12:01:31.781+0200: 154.013: [GC pause (G1 Evacuation Pause) (young), 0.1562269 secs]
   [Parallel Time: 155.0 ms, GC Workers: 8]
      [GC Worker Start (ms): Min: 154013.2, Avg: 154013.2, Max: 154013.3, Diff: 0.1]
      [Ext Root Scanning (ms): Min: 0.0, Avg: 0.1, Max: 0.2, Diff: 0.1, Sum: 0.8]
      [Update RS (ms): Min: 21.7, Avg: 22.0, Max: 22.8, Diff: 1.1, Sum: 176.0]
         [Processed Buffers: Min: 15, Avg: 18.8, Max: 23, Diff: 8, Sum: 150]
      [Scan RS (ms): Min: 10.5, Avg: 11.3, Max: 11.6, Diff: 1.1, Sum: 90.3]
      [Code Root Scanning (ms): Min: 0.0, Avg: 0.0, Max: 0.0, Diff: 0.0, Sum: 0.0]
      [Object Copy (ms): Min: 121.3, Avg: 121.4, Max: 121.5, Diff: 0.1, Sum: 971.2]
      [Termination (ms): Min: 0.0, Avg: 0.0, Max: 0.0, Diff: 0.0, Sum: 0.2]
         [Termination Attempts: Min: 1, Avg: 109.6, Max: 167, Diff: 166, Sum: 877]
      [GC Worker Other (ms): Min: 0.0, Avg: 0.0, Max: 0.1, Diff: 0.1, Sum: 0.4]
      [GC Worker Total (ms): Min: 154.8, Avg: 154.9, Max: 154.9, Diff: 0.2, Sum: 1239.0]
      [GC Worker End (ms): Min: 154168.1, Avg: 154168.1, Max: 154168.2, Diff: 0.1]
   [Code Root Fixup: 0.0 ms]
   [Code Root Purge: 0.0 ms]
   [Clear CT: 0.3 ms]
   [Other: 0.9 ms]
      [Choose CSet: 0.0 ms]
      [Ref Proc: 0.2 ms]
      [Ref Enq: 0.0 ms]
      [Redirty Cards: 0.1 ms]
      [Humongous Register: 0.1 ms]
      [Humongous Reclaim: 0.0 ms]
      [Free CSet: 0.3 ms]
   [Eden: 197.0M(197.0M)->0.0B(206.0M) Survivors: 29.0M->29.0M Heap: 709.6M(2048.0M)->712.1M(2048.0M)]
 [Times: user=1.25 sys=0.00, real=0.16 secs] 
2020-09-29T12:01:32.099+0200: 154.330: [GC pause (G1 Evacuation Pause) (young), 0.1636761 secs]
   [Parallel Time: 162.0 ms, GC Workers: 8]
      [GC Worker Start (ms): Min: 154330.5, Avg: 154330.5, Max: 154330.6, Diff: 0.1]
      [Ext Root Scanning (ms): Min: 0.0, Avg: 0.1, Max: 0.2, Diff: 0.1, Sum: 0.8]
      [Update RS (ms): Min: 18.9, Avg: 19.0, Max: 19.2, Diff: 0.3, Sum: 152.4]
         [Processed Buffers: Min: 12, Avg: 16.8, Max: 20, Diff: 8, Sum: 134]
      [Scan RS (ms): Min: 13.4, Avg: 13.6, Max: 13.7, Diff: 0.4, Sum: 108.4]
      [Code Root Scanning (ms): Min: 0.0, Avg: 0.0, Max: 0.0, Diff: 0.0, Sum: 0.0]
      [Object Copy (ms): Min: 129.0, Avg: 129.1, Max: 129.2, Diff: 0.2, Sum: 1032.9]
      [Termination (ms): Min: 0.0, Avg: 0.0, Max: 0.0, Diff: 0.0, Sum: 0.1]
         [Termination Attempts: Min: 1, Avg: 43.1, Max: 59, Diff: 58, Sum: 345]
      [GC Worker Other (ms): Min: 0.0, Avg: 0.0, Max: 0.1, Diff: 0.1, Sum: 0.4]
      [GC Worker Total (ms): Min: 161.8, Avg: 161.9, Max: 161.9, Diff: 0.1, Sum: 1295.0]
      [GC Worker End (ms): Min: 154492.4, Avg: 154492.4, Max: 154492.5, Diff: 0.1]
   [Code Root Fixup: 0.0 ms]
   [Code Root Purge: 0.0 ms]
   [Clear CT: 0.4 ms]
   [Other: 1.2 ms]
      [Choose CSet: 0.0 ms]
      [Ref Proc: 0.3 ms]
      [Ref Enq: 0.0 ms]
      [Redirty Cards: 0.4 ms]
      [Humongous Register: 0.1 ms]
      [Humongous Reclaim: 0.0 ms]
      [Free CSet: 0.2 ms]
   [Eden: 206.0M(206.0M)->0.0B(212.0M) Survivors: 29.0M->30.0M Heap: 952.4M(2048.0M)->953.9M(2048.0M)]
 [Times: user=1.20 sys=0.00, real=0.16 secs] 
2020-09-29T12:01:32.274+0200: 154.505: [GC pause (G1 Humongous Allocation) (young) (initial-mark), 0.0558819 secs]
   [Parallel Time: 54.6 ms, GC Workers: 8]
      [GC Worker Start (ms): Min: 154505.5, Avg: 154505.6, Max: 154505.7, Diff: 0.1]
      [Ext Root Scanning (ms): Min: 0.0, Avg: 0.1, Max: 0.2, Diff: 0.1, Sum: 0.9]
      [Update RS (ms): Min: 29.6, Avg: 29.8, Max: 30.0, Diff: 0.4, Sum: 238.4]
         [Processed Buffers: Min: 27, Avg: 28.6, Max: 30, Diff: 3, Sum: 229]
      [Scan RS (ms): Min: 2.5, Avg: 2.7, Max: 2.9, Diff: 0.4, Sum: 21.6]
      [Code Root Scanning (ms): Min: 0.0, Avg: 0.0, Max: 0.0, Diff: 0.0, Sum: 0.0]
      [Object Copy (ms): Min: 21.7, Avg: 21.7, Max: 21.8, Diff: 0.1, Sum: 173.8]
      [Termination (ms): Min: 0.0, Avg: 0.0, Max: 0.0, Diff: 0.0, Sum: 0.0]
         [Termination Attempts: Min: 1, Avg: 14.4, Max: 21, Diff: 20, Sum: 115]
      [GC Worker Other (ms): Min: 0.0, Avg: 0.0, Max: 0.0, Diff: 0.0, Sum: 0.2]
      [GC Worker Total (ms): Min: 54.3, Avg: 54.4, Max: 54.4, Diff: 0.1, Sum: 435.0]
      [GC Worker End (ms): Min: 154560.0, Avg: 154560.0, Max: 154560.0, Diff: 0.0]
   [Code Root Fixup: 0.0 ms]
   [Code Root Purge: 0.0 ms]
   [Clear CT: 0.2 ms]
   [Other: 1.0 ms]
      [Choose CSet: 0.0 ms]
      [Ref Proc: 0.3 ms]
      [Ref Enq: 0.0 ms]
      [Redirty Cards: 0.2 ms]
      [Humongous Register: 0.1 ms]
      [Humongous Reclaim: 0.0 ms]
      [Free CSet: 0.1 ms]
   [Eden: 9216.0K(212.0M)->0.0B(240.0M) Survivors: 30.0M->10.0M Heap: 962.9M(2048.0M)->965.9M(2048.0M)]
 [Times: user=0.38 sys=0.00, real=0.06 secs] 
2020-09-29T12:01:32.330+0200: 154.561: [GC concurrent-root-region-scan-start]
2020-09-29T12:01:32.334+0200: 154.565: [GC concurrent-root-region-scan-end, 0.0040795 secs]
2020-09-29T12:01:32.334+0200: 154.565: [GC concurrent-mark-start]
2020-09-29T12:01:32.338+0200: 154.569: [GC concurrent-mark-end, 0.0031264 secs]
2020-09-29T12:01:32.338+0200: 154.569: [GC remark 2020-09-29T12:01:32.338+0200: 154.569: [Finalize Marking, 0.0002412 secs] 2020-09-29T12:01:32.338+0200: 154.569: [GC ref-proc, 0.0003864 secs] 2020-09-29T12:01:32.339+0200: 154.570: [Unloading, 0.0006051 secs], 0.0016841 secs]
 [Times: user=0.00 sys=0.00, real=0.00 secs] 
2020-09-29T12:01:32.340+0200: 154.571: [GC cleanup 978M->28M(2048M), 0.0015947 secs]
 [Times: user=0.00 sys=0.00, real=0.00 secs] 
2020-09-29T12:01:32.342+0200: 154.573: [GC concurrent-cleanup-start]
2020-09-29T12:01:32.344+0200: 154.575: [GC concurrent-cleanup-end, 0.0023012 secs]
2020-09-29T12:01:32.501+0200: 154.732: [GC pause (G1 Evacuation Pause) (young), 0.2139020 secs]
   [Parallel Time: 212.4 ms, GC Workers: 8]
      [GC Worker Start (ms): Min: 154732.2, Avg: 154736.2, Max: 154763.5, Diff: 31.3]
      [Ext Root Scanning (ms): Min: 0.0, Avg: 0.1, Max: 0.2, Diff: 0.2, Sum: 0.8]
      [Update RS (ms): Min: 0.0, Avg: 21.6, Max: 25.4, Diff: 25.4, Sum: 172.6]
         [Processed Buffers: Min: 0, Avg: 18.1, Max: 22, Diff: 22, Sum: 145]
      [Scan RS (ms): Min: 8.0, Avg: 13.7, Max: 15.0, Diff: 7.1, Sum: 109.7]
      [Code Root Scanning (ms): Min: 0.0, Avg: 0.0, Max: 0.0, Diff: 0.0, Sum: 0.0]
      [Object Copy (ms): Min: 172.4, Avg: 172.7, Max: 172.8, Diff: 0.4, Sum: 1381.3]
      [Termination (ms): Min: 0.0, Avg: 0.1, Max: 0.2, Diff: 0.2, Sum: 1.1]
         [Termination Attempts: Min: 1, Avg: 658.6, Max: 778, Diff: 777, Sum: 5269]
      [GC Worker Other (ms): Min: 0.0, Avg: 0.0, Max: 0.1, Diff: 0.1, Sum: 0.3]
      [GC Worker Total (ms): Min: 180.9, Avg: 208.2, Max: 212.2, Diff: 31.3, Sum: 1665.8]
      [GC Worker End (ms): Min: 154944.4, Avg: 154944.4, Max: 154944.4, Diff: 0.1]
   [Code Root Fixup: 0.0 ms]
   [Code Root Purge: 0.0 ms]
   [Clear CT: 0.2 ms]
   [Other: 1.2 ms]
      [Choose CSet: 0.0 ms]
      [Ref Proc: 0.3 ms]
      [Ref Enq: 0.0 ms]
      [Redirty Cards: 0.3 ms]
      [Humongous Register: 0.0 ms]
      [Humongous Reclaim: 0.0 ms]
      [Free CSet: 0.4 ms]
   [Eden: 240.0M(240.0M)->0.0B(198.0M) Survivors: 10.0M->32.0M Heap: 296.1M(2048.0M)->288.6M(2048.0M)]
 [Times: user=1.66 sys=0.00, real=0.21 secs] 
2020-09-29T12:01:32.902+0200: 155.133: [GC pause (G1 Evacuation Pause) (young), 0.1920151 secs]
   [Parallel Time: 189.1 ms, GC Workers: 8]
      [GC Worker Start (ms): Min: 155133.2, Avg: 155133.3, Max: 155133.4, Diff: 0.2]
      [Ext Root Scanning (ms): Min: 0.0, Avg: 0.1, Max: 0.2, Diff: 0.2, Sum: 0.7]
      [Update RS (ms): Min: 19.3, Avg: 19.6, Max: 20.1, Diff: 0.8, Sum: 156.7]
         [Processed Buffers: Min: 13, Avg: 14.9, Max: 17, Diff: 4, Sum: 119]
      [Scan RS (ms): Min: 15.8, Avg: 16.4, Max: 16.6, Diff: 0.9, Sum: 130.8]
      [Code Root Scanning (ms): Min: 0.0, Avg: 0.0, Max: 0.0, Diff: 0.0, Sum: 0.0]
      [Object Copy (ms): Min: 152.4, Avg: 152.5, Max: 152.7, Diff: 0.3, Sum: 1220.1]
      [Termination (ms): Min: 0.0, Avg: 0.2, Max: 0.2, Diff: 0.2, Sum: 1.2]
         [Termination Attempts: Min: 1, Avg: 582.1, Max: 752, Diff: 751, Sum: 4657]
      [GC Worker Other (ms): Min: 0.0, Avg: 0.0, Max: 0.1, Diff: 0.1, Sum: 0.3]
      [GC Worker Total (ms): Min: 188.6, Avg: 188.7, Max: 188.9, Diff: 0.2, Sum: 1509.9]
      [GC Worker End (ms): Min: 155322.0, Avg: 155322.0, Max: 155322.1, Diff: 0.1]
   [Code Root Fixup: 0.0 ms]
   [Code Root Purge: 0.0 ms]
   [Clear CT: 0.3 ms]
   [Other: 2.6 ms]
      [Choose CSet: 0.0 ms]
      [Ref Proc: 0.2 ms]
      [Ref Enq: 0.0 ms]
      [Redirty Cards: 1.4 ms]
      [Humongous Register: 0.0 ms]
      [Humongous Reclaim: 0.0 ms]
      [Free CSet: 0.2 ms]
   [Eden: 198.0M(198.0M)->0.0B(190.0M) Survivors: 32.0M->29.0M Heap: 520.9M(2048.0M)->522.4M(2048.0M)]
 [Times: user=1.50 sys=0.00, real=0.19 secs] 
2020-09-29T12:01:33.262+0200: 155.494: [GC pause (G1 Evacuation Pause) (young), 0.1889417 secs]
   [Parallel Time: 187.4 ms, GC Workers: 8]
      [GC Worker Start (ms): Min: 155494.1, Avg: 155494.2, Max: 155494.3, Diff: 0.2]
      [Ext Root Scanning (ms): Min: 0.0, Avg: 0.1, Max: 0.2, Diff: 0.2, Sum: 0.7]
      [Update RS (ms): Min: 23.5, Avg: 23.8, Max: 24.2, Diff: 0.8, Sum: 190.4]
         [Processed Buffers: Min: 15, Avg: 16.8, Max: 19, Diff: 4, Sum: 134]
      [Scan RS (ms): Min: 12.8, Avg: 14.4, Max: 22.5, Diff: 9.7, Sum: 114.8]
      [Code Root Scanning (ms): Min: 0.0, Avg: 0.0, Max: 0.0, Diff: 0.0, Sum: 0.0]
      [Object Copy (ms): Min: 140.7, Avg: 148.6, Max: 150.0, Diff: 9.3, Sum: 1188.6]
      [Termination (ms): Min: 0.0, Avg: 0.3, Max: 0.3, Diff: 0.3, Sum: 2.0]
         [Termination Attempts: Min: 1, Avg: 1128.8, Max: 1431, Diff: 1430, Sum: 9030]
      [GC Worker Other (ms): Min: 0.0, Avg: 0.0, Max: 0.1, Diff: 0.0, Sum: 0.3]
      [GC Worker Total (ms): Min: 187.0, Avg: 187.1, Max: 187.2, Diff: 0.2, Sum: 1496.8]
      [GC Worker End (ms): Min: 155681.3, Avg: 155681.3, Max: 155681.3, Diff: 0.0]
   [Code Root Fixup: 0.0 ms]
   [Code Root Purge: 0.0 ms]
   [Clear CT: 0.3 ms]
   [Other: 1.3 ms]
      [Choose CSet: 0.0 ms]
      [Ref Proc: 0.3 ms]
      [Ref Enq: 0.0 ms]
      [Redirty Cards: 0.4 ms]
      [Humongous Register: 0.0 ms]
      [Humongous Reclaim: 0.0 ms]
      [Free CSet: 0.3 ms]
   [Eden: 190.0M(190.0M)->0.0B(184.0M) Survivors: 29.0M->28.0M Heap: 742.9M(2048.0M)->744.9M(2048.0M)]
 [Times: user=1.44 sys=0.00, real=0.19 secs] 
2020-09-29T12:01:33.608+0200: 155.839: [GC pause (G1 Evacuation Pause) (young), 0.1775081 secs]
   [Parallel Time: 176.1 ms, GC Workers: 8]
      [GC Worker Start (ms): Min: 155839.6, Avg: 155839.8, Max: 155839.9, Diff: 0.2]
      [Ext Root Scanning (ms): Min: 0.0, Avg: 0.1, Max: 0.2, Diff: 0.2, Sum: 0.7]
      [Update RS (ms): Min: 16.2, Avg: 17.1, Max: 18.4, Diff: 2.2, Sum: 136.6]
         [Processed Buffers: Min: 1, Avg: 11.3, Max: 14, Diff: 13, Sum: 90]
      [Scan RS (ms): Min: 14.0, Avg: 15.4, Max: 16.2, Diff: 2.2, Sum: 122.8]
      [Code Root Scanning (ms): Min: 0.0, Avg: 0.0, Max: 0.0, Diff: 0.0, Sum: 0.0]
      [Object Copy (ms): Min: 143.1, Avg: 143.2, Max: 143.3, Diff: 0.2, Sum: 1145.6]
      [Termination (ms): Min: 0.0, Avg: 0.0, Max: 0.0, Diff: 0.0, Sum: 0.3]
         [Termination Attempts: Min: 1, Avg: 162.4, Max: 215, Diff: 214, Sum: 1299]
      [GC Worker Other (ms): Min: 0.0, Avg: 0.0, Max: 0.1, Diff: 0.1, Sum: 0.3]
      [GC Worker Total (ms): Min: 175.7, Avg: 175.8, Max: 176.0, Diff: 0.3, Sum: 1406.4]
      [GC Worker End (ms): Min: 156015.5, Avg: 156015.6, Max: 156015.6, Diff: 0.1]
   [Code Root Fixup: 0.0 ms]
   [Code Root Purge: 0.0 ms]
   [Clear CT: 0.2 ms]
   [Other: 1.1 ms]
      [Choose CSet: 0.0 ms]
      [Ref Proc: 0.3 ms]
      [Ref Enq: 0.0 ms]
      [Redirty Cards: 0.3 ms]
      [Humongous Register: 0.1 ms]
      [Humongous Reclaim: 0.0 ms]
      [Free CSet: 0.3 ms]
   [Eden: 184.0M(184.0M)->0.0B(182.0M) Survivors: 28.0M->27.0M Heap: 959.4M(2048.0M)->960.9M(2048.0M)]
 [Times: user=1.38 sys=0.00, real=0.18 secs] 
2020-09-29T12:01:33.793+0200: 156.024: [GC pause (G1 Humongous Allocation) (young) (initial-mark), 0.0587418 secs]
   [Parallel Time: 56.6 ms, GC Workers: 8]
      [GC Worker Start (ms): Min: 156024.5, Avg: 156024.6, Max: 156024.8, Diff: 0.2]
      [Ext Root Scanning (ms): Min: 0.0, Avg: 0.7, Max: 1.3, Diff: 1.3, Sum: 5.8]
      [Update RS (ms): Min: 34.0, Avg: 34.7, Max: 35.8, Diff: 1.7, Sum: 277.4]
         [Processed Buffers: Min: 26, Avg: 28.5, Max: 31, Diff: 5, Sum: 228]
      [Scan RS (ms): Min: 1.9, Avg: 2.4, Max: 2.8, Diff: 1.0, Sum: 19.4]
      [Code Root Scanning (ms): Min: 0.0, Avg: 0.0, Max: 0.0, Diff: 0.0, Sum: 0.0]
      [Object Copy (ms): Min: 18.4, Avg: 18.5, Max: 18.5, Diff: 0.1, Sum: 147.9]
      [Termination (ms): Min: 0.0, Avg: 0.0, Max: 0.0, Diff: 0.0, Sum: 0.2]
         [Termination Attempts: Min: 1, Avg: 74.5, Max: 95, Diff: 94, Sum: 596]
      [GC Worker Other (ms): Min: 0.0, Avg: 0.0, Max: 0.0, Diff: 0.0, Sum: 0.2]
      [GC Worker Total (ms): Min: 56.2, Avg: 56.4, Max: 56.5, Diff: 0.3, Sum: 450.9]
      [GC Worker End (ms): Min: 156081.0, Avg: 156081.0, Max: 156081.0, Diff: 0.0]
   [Code Root Fixup: 0.0 ms]
   [Code Root Purge: 0.0 ms]
   [Clear CT: 0.3 ms]
   [Other: 1.8 ms]
      [Choose CSet: 0.0 ms]
      [Ref Proc: 1.1 ms]
      [Ref Enq: 0.0 ms]
      [Redirty Cards: 0.2 ms]
      [Humongous Register: 0.1 ms]
      [Humongous Reclaim: 0.0 ms]
      [Free CSet: 0.1 ms]
   [Eden: 1024.0K(182.0M)->0.0B(222.0M) Survivors: 27.0M->3072.0K Heap: 961.9M(2048.0M)->965.9M(2048.0M)]
 [Times: user=0.50 sys=0.00, real=0.06 secs] 
2020-09-29T12:01:33.852+0200: 156.083: [GC concurrent-root-region-scan-start]
2020-09-29T12:01:33.852+0200: 156.084: [GC concurrent-root-region-scan-end, 0.0006997 secs]
2020-09-29T12:01:33.852+0200: 156.084: [GC concurrent-mark-start]
2020-09-29T12:01:33.858+0200: 156.089: [GC concurrent-mark-end, 0.0049821 secs]
2020-09-29T12:01:33.858+0200: 156.089: [GC remark 2020-09-29T12:01:33.858+0200: 156.089: [Finalize Marking, 0.0003598 secs] 2020-09-29T12:01:33.858+0200: 156.090: [GC ref-proc, 0.0005779 secs] 2020-09-29T12:01:33.859+0200: 156.090: [Unloading, 0.0007102 secs], 0.0022371 secs]
 [Times: user=0.00 sys=0.00, real=0.00 secs] 
2020-09-29T12:01:33.861+0200: 156.092: [GC cleanup 975M->18M(2048M), 0.0022948 secs]
 [Times: user=0.00 sys=0.00, real=0.00 secs] 
2020-09-29T12:01:33.863+0200: 156.095: [GC concurrent-cleanup-start]
2020-09-29T12:01:33.865+0200: 156.097: [GC concurrent-cleanup-end, 0.0022157 secs]
2020-09-29T12:01:34.029+0200: 156.260: [GC pause (G1 Evacuation Pause) (young), 0.1752579 secs]
   [Parallel Time: 173.7 ms, GC Workers: 8]
      [GC Worker Start (ms): Min: 156260.3, Avg: 156260.5, Max: 156260.5, Diff: 0.2]
      [Ext Root Scanning (ms): Min: 0.0, Avg: 0.1, Max: 0.2, Diff: 0.2, Sum: 0.7]
      [Update RS (ms): Min: 17.3, Avg: 17.7, Max: 18.2, Diff: 0.9, Sum: 141.5]
         [Processed Buffers: Min: 12, Avg: 13.8, Max: 15, Diff: 3, Sum: 110]
      [Scan RS (ms): Min: 14.4, Avg: 14.9, Max: 15.3, Diff: 0.9, Sum: 119.3]
      [Code Root Scanning (ms): Min: 0.0, Avg: 0.0, Max: 0.0, Diff: 0.0, Sum: 0.0]
      [Object Copy (ms): Min: 140.4, Avg: 140.5, Max: 140.6, Diff: 0.1, Sum: 1124.0]
      [Termination (ms): Min: 0.0, Avg: 0.1, Max: 0.2, Diff: 0.2, Sum: 0.9]
         [Termination Attempts: Min: 1, Avg: 449.6, Max: 616, Diff: 615, Sum: 3597]
      [GC Worker Other (ms): Min: 0.0, Avg: 0.0, Max: 0.1, Diff: 0.1, Sum: 0.3]
      [GC Worker Total (ms): Min: 173.2, Avg: 173.3, Max: 173.5, Diff: 0.3, Sum: 1386.7]
      [GC Worker End (ms): Min: 156433.8, Avg: 156433.8, Max: 156433.8, Diff: 0.1]
   [Code Root Fixup: 0.0 ms]
   [Code Root Purge: 0.0 ms]
   [Clear CT: 0.3 ms]
   [Other: 1.3 ms]
      [Choose CSet: 0.0 ms]
      [Ref Proc: 0.3 ms]
      [Ref Enq: 0.0 ms]
      [Redirty Cards: 0.3 ms]
      [Humongous Register: 0.0 ms]
      [Humongous Reclaim: 0.0 ms]
      [Free CSet: 0.3 ms]
   [Eden: 222.0M(222.0M)->0.0B(196.0M) Survivors: 3072.0K->29.0M Heap: 268.6M(2048.0M)->268.6M(2048.0M)]
 [Times: user=1.38 sys=0.00, real=0.17 secs] 
2020-09-29T12:01:34.369+0200: 156.600: [GC pause (G1 Evacuation Pause) (young), 0.1799714 secs]
   [Parallel Time: 178.4 ms, GC Workers: 8]
      [GC Worker Start (ms): Min: 156600.6, Avg: 156600.7, Max: 156600.8, Diff: 0.2]
      [Ext Root Scanning (ms): Min: 0.0, Avg: 0.1, Max: 0.2, Diff: 0.2, Sum: 0.7]
      [Update RS (ms): Min: 17.3, Avg: 17.5, Max: 17.9, Diff: 0.7, Sum: 140.3]
         [Processed Buffers: Min: 11, Avg: 13.5, Max: 15, Diff: 4, Sum: 108]
      [Scan RS (ms): Min: 14.8, Avg: 15.2, Max: 15.6, Diff: 0.8, Sum: 121.9]
      [Code Root Scanning (ms): Min: 0.0, Avg: 0.0, Max: 0.0, Diff: 0.0, Sum: 0.0]
      [Object Copy (ms): Min: 145.0, Avg: 145.1, Max: 145.3, Diff: 0.3, Sum: 1160.8]
      [Termination (ms): Min: 0.0, Avg: 0.1, Max: 0.2, Diff: 0.2, Sum: 1.1]
         [Termination Attempts: Min: 1, Avg: 626.9, Max: 824, Diff: 823, Sum: 5015]
      [GC Worker Other (ms): Min: 0.0, Avg: 0.0, Max: 0.1, Diff: 0.1, Sum: 0.3]
      [GC Worker Total (ms): Min: 178.0, Avg: 178.1, Max: 178.3, Diff: 0.3, Sum: 1425.2]
      [GC Worker End (ms): Min: 156778.9, Avg: 156778.9, Max: 156778.9, Diff: 0.1]
   [Code Root Fixup: 0.0 ms]
   [Code Root Purge: 0.0 ms]
   [Clear CT: 0.3 ms]
   [Other: 1.3 ms]
      [Choose CSet: 0.0 ms]
      [Ref Proc: 0.4 ms]
      [Ref Enq: 0.0 ms]
      [Redirty Cards: 0.3 ms]
      [Humongous Register: 0.0 ms]
      [Humongous Reclaim: 0.0 ms]
      [Free CSet: 0.3 ms]
   [Eden: 196.0M(196.0M)->0.0B(192.0M) Survivors: 29.0M->29.0M Heap: 497.1M(2048.0M)->499.1M(2048.0M)]
 [Times: user=1.33 sys=0.00, real=0.18 secs] 
2020-09-29T12:01:34.721+0200: 156.953: [GC pause (G1 Evacuation Pause) (young), 0.1892870 secs]
   [Parallel Time: 187.5 ms, GC Workers: 8]
      [GC Worker Start (ms): Min: 156952.7, Avg: 156952.9, Max: 156953.0, Diff: 0.2]
      [Ext Root Scanning (ms): Min: 0.0, Avg: 0.1, Max: 0.2, Diff: 0.2, Sum: 0.7]
      [Update RS (ms): Min: 21.5, Avg: 21.6, Max: 21.7, Diff: 0.1, Sum: 173.1]
         [Processed Buffers: Min: 15, Avg: 17.0, Max: 23, Diff: 8, Sum: 136]
      [Scan RS (ms): Min: 13.0, Avg: 13.1, Max: 13.3, Diff: 0.2, Sum: 105.0]
      [Code Root Scanning (ms): Min: 0.0, Avg: 0.0, Max: 0.0, Diff: 0.0, Sum: 0.0]
      [Object Copy (ms): Min: 152.0, Avg: 152.1, Max: 152.3, Diff: 0.3, Sum: 1216.9]
      [Termination (ms): Min: 0.0, Avg: 0.2, Max: 0.3, Diff: 0.3, Sum: 1.7]
         [Termination Attempts: Min: 1, Avg: 910.9, Max: 1078, Diff: 1077, Sum: 7287]
      [GC Worker Other (ms): Min: 0.0, Avg: 0.1, Max: 0.1, Diff: 0.1, Sum: 0.4]
      [GC Worker Total (ms): Min: 187.1, Avg: 187.2, Max: 187.4, Diff: 0.3, Sum: 1497.9]
      [GC Worker End (ms): Min: 157140.1, Avg: 157140.1, Max: 157140.2, Diff: 0.1]
   [Code Root Fixup: 0.0 ms]
   [Code Root Purge: 0.0 ms]
   [Clear CT: 0.3 ms]
   [Other: 1.5 ms]
      [Choose CSet: 0.0 ms]
      [Ref Proc: 0.3 ms]
      [Ref Enq: 0.0 ms]
      [Redirty Cards: 0.6 ms]
      [Humongous Register: 0.0 ms]
      [Humongous Reclaim: 0.0 ms]
      [Free CSet: 0.3 ms]
   [Eden: 192.0M(192.0M)->0.0B(188.0M) Survivors: 29.0M->28.0M Heap: 723.5M(2048.0M)->725.5M(2048.0M)]
 [Times: user=1.47 sys=0.02, real=0.19 secs] 
2020-09-29T12:01:35.068+0200: 157.299: [GC pause (G1 Evacuation Pause) (young), 0.1740159 secs]
   [Parallel Time: 172.6 ms, GC Workers: 8]
      [GC Worker Start (ms): Min: 157299.5, Avg: 157299.6, Max: 157299.7, Diff: 0.2]
      [Ext Root Scanning (ms): Min: 0.0, Avg: 0.2, Max: 0.5, Diff: 0.5, Sum: 1.2]
      [Update RS (ms): Min: 18.0, Avg: 18.3, Max: 18.9, Diff: 0.9, Sum: 146.2]
         [Processed Buffers: Min: 11, Avg: 12.6, Max: 15, Diff: 4, Sum: 101]
      [Scan RS (ms): Min: 14.6, Avg: 15.2, Max: 15.4, Diff: 0.8, Sum: 121.4]
      [Code Root Scanning (ms): Min: 0.0, Avg: 0.0, Max: 0.0, Diff: 0.0, Sum: 0.0]
      [Object Copy (ms): Min: 138.5, Avg: 138.6, Max: 138.8, Diff: 0.3, Sum: 1108.4]
      [Termination (ms): Min: 0.0, Avg: 0.2, Max: 0.2, Diff: 0.2, Sum: 1.3]
         [Termination Attempts: Min: 1, Avg: 617.6, Max: 833, Diff: 832, Sum: 4941]
      [GC Worker Other (ms): Min: 0.0, Avg: 0.1, Max: 0.1, Diff: 0.1, Sum: 0.4]
      [GC Worker Total (ms): Min: 172.3, Avg: 172.4, Max: 172.5, Diff: 0.2, Sum: 1379.0]
      [GC Worker End (ms): Min: 157471.9, Avg: 157472.0, Max: 157472.0, Diff: 0.1]
   [Code Root Fixup: 0.0 ms]
   [Code Root Purge: 0.0 ms]
   [Clear CT: 0.3 ms]
   [Other: 1.2 ms]
      [Choose CSet: 0.0 ms]
      [Ref Proc: 0.2 ms]
      [Ref Enq: 0.0 ms]
      [Redirty Cards: 0.4 ms]
      [Humongous Register: 0.1 ms]
      [Humongous Reclaim: 0.0 ms]
      [Free CSet: 0.3 ms]
   [Eden: 188.0M(188.0M)->0.0B(190.0M) Survivors: 28.0M->27.0M Heap: 944.0M(2048.0M)->945.5M(2048.0M)]
 [Times: user=1.38 sys=0.00, real=0.17 secs] 
2020-09-29T12:01:35.248+0200: 157.480: [GC pause (G1 Humongous Allocation) (young) (initial-mark), 0.0637359 secs]
   [Parallel Time: 62.4 ms, GC Workers: 8]
      [GC Worker Start (ms): Min: 157480.0, Avg: 157480.0, Max: 157480.1, Diff: 0.1]
      [Ext Root Scanning (ms): Min: 0.0, Avg: 0.1, Max: 0.2, Diff: 0.2, Sum: 1.0]
      [Update RS (ms): Min: 37.8, Avg: 38.2, Max: 38.5, Diff: 0.7, Sum: 305.2]
         [Processed Buffers: Min: 30, Avg: 31.9, Max: 33, Diff: 3, Sum: 255]
      [Scan RS (ms): Min: 1.5, Avg: 1.9, Max: 2.2, Diff: 0.7, Sum: 14.9]
      [Code Root Scanning (ms): Min: 0.0, Avg: 0.0, Max: 0.0, Diff: 0.0, Sum: 0.0]
      [Object Copy (ms): Min: 21.9, Avg: 22.0, Max: 22.0, Diff: 0.1, Sum: 175.6]
      [Termination (ms): Min: 0.0, Avg: 0.0, Max: 0.0, Diff: 0.0, Sum: 0.2]
         [Termination Attempts: Min: 1, Avg: 78.6, Max: 96, Diff: 95, Sum: 629]
      [GC Worker Other (ms): Min: 0.0, Avg: 0.0, Max: 0.1, Diff: 0.1, Sum: 0.3]
      [GC Worker Total (ms): Min: 62.1, Avg: 62.2, Max: 62.2, Diff: 0.2, Sum: 497.2]
      [GC Worker End (ms): Min: 157542.2, Avg: 157542.2, Max: 157542.2, Diff: 0.1]
   [Code Root Fixup: 0.0 ms]
   [Code Root Purge: 0.0 ms]
   [Clear CT: 0.3 ms]
   [Other: 1.1 ms]
      [Choose CSet: 0.0 ms]
      [Ref Proc: 0.3 ms]
      [Ref Enq: 0.0 ms]
      [Redirty Cards: 0.3 ms]
      [Humongous Register: 0.1 ms]
      [Humongous Reclaim: 0.0 ms]
      [Free CSet: 0.1 ms]
   [Eden: 4096.0K(190.0M)->0.0B(208.0M) Survivors: 27.0M->4096.0K Heap: 949.0M(2048.0M)->951.5M(2048.0M)]
 [Times: user=0.50 sys=0.00, real=0.06 secs] 
2020-09-29T12:01:35.312+0200: 157.544: [GC concurrent-root-region-scan-start]
2020-09-29T12:01:35.313+0200: 157.545: [GC concurrent-root-region-scan-end, 0.0010350 secs]
2020-09-29T12:01:35.313+0200: 157.545: [GC concurrent-mark-start]
2020-09-29T12:01:35.317+0200: 157.548: [GC concurrent-mark-end, 0.0035328 secs]
2020-09-29T12:01:35.317+0200: 157.549: [GC remark 2020-09-29T12:01:35.317+0200: 157.549: [Finalize Marking, 0.0002351 secs] 2020-09-29T12:01:35.317+0200: 157.549: [GC ref-proc, 0.0004422 secs] 2020-09-29T12:01:35.318+0200: 157.550: [Unloading, 0.0005997 secs], 0.0016518 secs]
 [Times: user=0.00 sys=0.00, real=0.00 secs] 
2020-09-29T12:01:35.319+0200: 157.551: [GC cleanup 960M->18M(2048M), 0.0016715 secs]
 [Times: user=0.00 sys=0.00, real=0.00 secs] 
2020-09-29T12:01:35.321+0200: 157.553: [GC concurrent-cleanup-start]
2020-09-29T12:01:35.322+0200: 157.554: [GC concurrent-cleanup-end, 0.0013962 secs]
2020-09-29T12:01:35.476+0200: 157.708: [GC pause (G1 Evacuation Pause) (young), 0.1635634 secs]
   [Parallel Time: 162.1 ms, GC Workers: 8]
      [GC Worker Start (ms): Min: 157708.3, Avg: 157708.5, Max: 157708.6, Diff: 0.3]
      [Ext Root Scanning (ms): Min: 0.0, Avg: 0.1, Max: 0.2, Diff: 0.2, Sum: 0.6]
      [Update RS (ms): Min: 17.1, Avg: 17.3, Max: 17.8, Diff: 0.6, Sum: 138.7]
         [Processed Buffers: Min: 11, Avg: 13.9, Max: 19, Diff: 8, Sum: 111]
      [Scan RS (ms): Min: 13.5, Avg: 13.9, Max: 14.2, Diff: 0.7, Sum: 111.2]
      [Code Root Scanning (ms): Min: 0.0, Avg: 0.0, Max: 0.0, Diff: 0.0, Sum: 0.0]
      [Object Copy (ms): Min: 130.2, Avg: 130.3, Max: 130.4, Diff: 0.2, Sum: 1042.5]
      [Termination (ms): Min: 0.0, Avg: 0.1, Max: 0.1, Diff: 0.1, Sum: 0.6]
         [Termination Attempts: Min: 1, Avg: 302.0, Max: 407, Diff: 406, Sum: 2416]
      [GC Worker Other (ms): Min: 0.0, Avg: 0.1, Max: 0.1, Diff: 0.1, Sum: 0.4]
      [GC Worker Total (ms): Min: 161.6, Avg: 161.8, Max: 162.0, Diff: 0.3, Sum: 1294.2]
      [GC Worker End (ms): Min: 157870.2, Avg: 157870.3, Max: 157870.3, Diff: 0.1]
   [Code Root Fixup: 0.0 ms]
   [Code Root Purge: 0.0 ms]
   [Clear CT: 0.2 ms]
   [Other: 1.3 ms]
      [Choose CSet: 0.0 ms]
      [Ref Proc: 0.3 ms]
      [Ref Enq: 0.0 ms]
      [Redirty Cards: 0.3 ms]
      [Humongous Register: 0.0 ms]
      [Humongous Reclaim: 0.0 ms]
      [Free CSet: 0.2 ms]
   [Eden: 208.0M(208.0M)->0.0B(194.0M) Survivors: 4096.0K->27.0M Heap: 254.2M(2048.0M)->252.2M(2048.0M)]
 [Times: user=1.24 sys=0.00, real=0.16 secs] 
2020-09-29T12:01:35.798+0200: 158.030: [GC pause (G1 Evacuation Pause) (young), 0.1754040 secs]
   [Parallel Time: 173.9 ms, GC Workers: 8]
      [GC Worker Start (ms): Min: 158030.1, Avg: 158030.2, Max: 158030.3, Diff: 0.2]
      [Ext Root Scanning (ms): Min: 0.0, Avg: 0.1, Max: 0.2, Diff: 0.2, Sum: 0.8]
      [Update RS (ms): Min: 20.9, Avg: 21.0, Max: 21.2, Diff: 0.3, Sum: 167.8]
         [Processed Buffers: Min: 13, Avg: 16.3, Max: 19, Diff: 6, Sum: 130]
      [Scan RS (ms): Min: 13.7, Avg: 13.9, Max: 14.1, Diff: 0.4, Sum: 111.5]
      [Code Root Scanning (ms): Min: 0.0, Avg: 0.0, Max: 0.0, Diff: 0.0, Sum: 0.0]
      [Object Copy (ms): Min: 138.3, Avg: 138.5, Max: 138.5, Diff: 0.2, Sum: 1107.8]
      [Termination (ms): Min: 0.0, Avg: 0.1, Max: 0.1, Diff: 0.1, Sum: 0.5]
         [Termination Attempts: Min: 1, Avg: 257.6, Max: 361, Diff: 360, Sum: 2061]
      [GC Worker Other (ms): Min: 0.0, Avg: 0.0, Max: 0.1, Diff: 0.1, Sum: 0.3]
      [GC Worker Total (ms): Min: 173.5, Avg: 173.6, Max: 173.7, Diff: 0.2, Sum: 1388.6]
      [GC Worker End (ms): Min: 158203.7, Avg: 158203.8, Max: 158203.8, Diff: 0.1]
   [Code Root Fixup: 0.0 ms]
   [Code Root Purge: 0.0 ms]
   [Clear CT: 0.4 ms]
   [Other: 1.1 ms]
      [Choose CSet: 0.0 ms]
      [Ref Proc: 0.2 ms]
      [Ref Enq: 0.0 ms]
      [Redirty Cards: 0.3 ms]
      [Humongous Register: 0.1 ms]
      [Humongous Reclaim: 0.0 ms]
      [Free CSet: 0.3 ms]
   [Eden: 194.0M(194.0M)->0.0B(194.0M) Survivors: 27.0M->28.0M Heap: 478.7M(2048.0M)->480.7M(2048.0M)]
 [Times: user=1.34 sys=0.00, real=0.18 secs] 
2020-09-29T12:01:36.132+0200: 158.364: [GC pause (G1 Evacuation Pause) (young), 0.1762818 secs]
   [Parallel Time: 174.7 ms, GC Workers: 8]
      [GC Worker Start (ms): Min: 158363.7, Avg: 158363.9, Max: 158364.0, Diff: 0.3]
      [Ext Root Scanning (ms): Min: 0.0, Avg: 0.1, Max: 0.2, Diff: 0.2, Sum: 0.7]
      [Update RS (ms): Min: 20.9, Avg: 21.0, Max: 21.2, Diff: 0.3, Sum: 168.0]
         [Processed Buffers: Min: 15, Avg: 16.8, Max: 20, Diff: 5, Sum: 134]
      [Scan RS (ms): Min: 13.6, Avg: 13.8, Max: 13.9, Diff: 0.4, Sum: 110.3]
      [Code Root Scanning (ms): Min: 0.0, Avg: 0.0, Max: 0.0, Diff: 0.0, Sum: 0.0]
      [Object Copy (ms): Min: 139.4, Avg: 139.5, Max: 139.5, Diff: 0.1, Sum: 1115.7]
      [Termination (ms): Min: 0.0, Avg: 0.1, Max: 0.1, Diff: 0.1, Sum: 0.5]
         [Termination Attempts: Min: 1, Avg: 237.3, Max: 309, Diff: 308, Sum: 1898]
      [GC Worker Other (ms): Min: 0.0, Avg: 0.0, Max: 0.1, Diff: 0.1, Sum: 0.3]
      [GC Worker Total (ms): Min: 174.3, Avg: 174.4, Max: 174.6, Diff: 0.2, Sum: 1395.5]
      [GC Worker End (ms): Min: 158538.3, Avg: 158538.3, Max: 158538.3, Diff: 0.1]
   [Code Root Fixup: 0.0 ms]
   [Code Root Purge: 0.0 ms]
   [Clear CT: 0.3 ms]
   [Other: 1.3 ms]
      [Choose CSet: 0.0 ms]
      [Ref Proc: 0.3 ms]
      [Ref Enq: 0.0 ms]
      [Redirty Cards: 0.4 ms]
      [Humongous Register: 0.0 ms]
      [Humongous Reclaim: 0.0 ms]
      [Free CSet: 0.3 ms]
   [Eden: 194.0M(194.0M)->0.0B(196.0M) Survivors: 28.0M->28.0M Heap: 707.1M(2048.0M)->709.1M(2048.0M)]
 [Times: user=1.38 sys=0.00, real=0.18 secs] 
2020-09-29T12:01:36.474+0200: 158.706: [GC pause (G1 Evacuation Pause) (young), 0.1733768 secs]
   [Parallel Time: 171.9 ms, GC Workers: 8]
      [GC Worker Start (ms): Min: 158706.0, Avg: 158706.2, Max: 158706.3, Diff: 0.2]
      [Ext Root Scanning (ms): Min: 0.0, Avg: 0.1, Max: 0.2, Diff: 0.2, Sum: 0.8]
      [Update RS (ms): Min: 13.9, Avg: 14.0, Max: 14.2, Diff: 0.3, Sum: 111.7]
         [Processed Buffers: Min: 11, Avg: 11.9, Max: 13, Diff: 2, Sum: 95]
      [Scan RS (ms): Min: 16.4, Avg: 16.6, Max: 16.7, Diff: 0.2, Sum: 132.8]
      [Code Root Scanning (ms): Min: 0.0, Avg: 0.0, Max: 0.0, Diff: 0.0, Sum: 0.0]
      [Object Copy (ms): Min: 140.6, Avg: 140.7, Max: 140.9, Diff: 0.3, Sum: 1125.7]
      [Termination (ms): Min: 0.0, Avg: 0.2, Max: 0.2, Diff: 0.2, Sum: 1.4]
         [Termination Attempts: Min: 1, Avg: 719.3, Max: 865, Diff: 864, Sum: 5754]
      [GC Worker Other (ms): Min: 0.0, Avg: 0.0, Max: 0.1, Diff: 0.1, Sum: 0.3]
      [GC Worker Total (ms): Min: 171.5, Avg: 171.6, Max: 171.7, Diff: 0.2, Sum: 1372.6]
      [GC Worker End (ms): Min: 158877.7, Avg: 158877.7, Max: 158877.8, Diff: 0.1]
   [Code Root Fixup: 0.0 ms]
   [Code Root Purge: 0.0 ms]
   [Clear CT: 0.2 ms]
   [Other: 1.2 ms]
      [Choose CSet: 0.0 ms]
      [Ref Proc: 0.3 ms]
      [Ref Enq: 0.0 ms]
      [Redirty Cards: 0.4 ms]
      [Humongous Register: 0.1 ms]
      [Humongous Reclaim: 0.0 ms]
      [Free CSet: 0.3 ms]
   [Eden: 196.0M(196.0M)->0.0B(197.0M) Survivors: 28.0M->28.0M Heap: 937.5M(2048.0M)->939.0M(2048.0M)]
 [Times: user=1.34 sys=0.00, real=0.17 secs] 
2020-09-29T12:01:36.685+0200: 158.916: [GC pause (G1 Humongous Allocation) (young) (initial-mark), 0.0534703 secs]
   [Parallel Time: 52.2 ms, GC Workers: 8]
      [GC Worker Start (ms): Min: 158916.5, Avg: 158916.5, Max: 158916.6, Diff: 0.1]
      [Ext Root Scanning (ms): Min: 0.1, Avg: 0.1, Max: 0.2, Diff: 0.1, Sum: 1.0]
      [Update RS (ms): Min: 16.6, Avg: 17.1, Max: 17.5, Diff: 0.9, Sum: 136.8]
         [Processed Buffers: Min: 13, Avg: 14.3, Max: 16, Diff: 3, Sum: 114]
      [Scan RS (ms): Min: 2.4, Avg: 2.9, Max: 3.4, Diff: 1.0, Sum: 23.5]
      [Code Root Scanning (ms): Min: 0.0, Avg: 0.0, Max: 0.0, Diff: 0.0, Sum: 0.0]
      [Object Copy (ms): Min: 31.6, Avg: 31.7, Max: 31.8, Diff: 0.1, Sum: 253.7]
      [Termination (ms): Min: 0.0, Avg: 0.0, Max: 0.1, Diff: 0.1, Sum: 0.4]
         [Termination Attempts: Min: 1, Avg: 183.3, Max: 241, Diff: 240, Sum: 1466]
      [GC Worker Other (ms): Min: 0.0, Avg: 0.0, Max: 0.0, Diff: 0.0, Sum: 0.2]
      [GC Worker Total (ms): Min: 51.9, Avg: 51.9, Max: 52.0, Diff: 0.1, Sum: 415.5]
      [GC Worker End (ms): Min: 158968.5, Avg: 158968.5, Max: 158968.5, Diff: 0.0]
   [Code Root Fixup: 0.0 ms]
   [Code Root Purge: 0.0 ms]
   [Clear CT: 0.2 ms]
   [Other: 1.1 ms]
      [Choose CSet: 0.0 ms]
      [Ref Proc: 0.3 ms]
      [Ref Enq: 0.0 ms]
      [Redirty Cards: 0.2 ms]
      [Humongous Register: 0.1 ms]
      [Humongous Reclaim: 0.0 ms]
      [Free CSet: 0.1 ms]
   [Eden: 21.0M(197.0M)->0.0B(215.0M) Survivors: 28.0M->23.0M Heap: 961.9M(2048.0M)->965.9M(2048.0M)]
 [Times: user=0.38 sys=0.02, real=0.05 secs] 
2020-09-29T12:01:36.739+0200: 158.970: [GC concurrent-root-region-scan-start]
2020-09-29T12:01:36.749+0200: 158.981: [GC concurrent-root-region-scan-end, 0.0107525 secs]
2020-09-29T12:01:36.749+0200: 158.981: [GC concurrent-mark-start]
2020-09-29T12:01:36.754+0200: 158.985: [GC concurrent-mark-end, 0.0042881 secs]
2020-09-29T12:01:36.754+0200: 158.986: [GC remark 2020-09-29T12:01:36.754+0200: 158.986: [Finalize Marking, 0.0002086 secs] 2020-09-29T12:01:36.754+0200: 158.986: [GC ref-proc, 0.0005923 secs] 2020-09-29T12:01:36.755+0200: 158.986: [Unloading, 0.0007460 secs], 0.0021280 secs]
 [Times: user=0.01 sys=0.01, real=0.00 secs] 
2020-09-29T12:01:36.757+0200: 158.988: [GC cleanup 987M->50M(2048M), 0.0019635 secs]
 [Times: user=0.00 sys=0.00, real=0.00 secs] 
2020-09-29T12:01:36.759+0200: 158.990: [GC concurrent-cleanup-start]
2020-09-29T12:01:36.761+0200: 158.992: [GC concurrent-cleanup-end, 0.0018310 secs]
2020-09-29T12:01:36.914+0200: 159.145: [GC pause (G1 Evacuation Pause) (young), 0.1799166 secs]
   [Parallel Time: 178.6 ms, GC Workers: 8]
      [GC Worker Start (ms): Min: 159145.2, Avg: 159145.3, Max: 159145.6, Diff: 0.4]
      [Ext Root Scanning (ms): Min: 0.0, Avg: 0.1, Max: 0.2, Diff: 0.2, Sum: 0.7]
      [Update RS (ms): Min: 22.7, Avg: 23.1, Max: 23.4, Diff: 0.7, Sum: 185.0]
         [Processed Buffers: Min: 17, Avg: 17.5, Max: 18, Diff: 1, Sum: 140]
      [Scan RS (ms): Min: 11.4, Avg: 11.7, Max: 11.9, Diff: 0.5, Sum: 93.3]
      [Code Root Scanning (ms): Min: 0.0, Avg: 0.0, Max: 0.0, Diff: 0.0, Sum: 0.0]
      [Object Copy (ms): Min: 143.0, Avg: 143.1, Max: 143.3, Diff: 0.3, Sum: 1145.0]
      [Termination (ms): Min: 0.0, Avg: 0.2, Max: 0.2, Diff: 0.2, Sum: 1.5]
         [Termination Attempts: Min: 1, Avg: 795.8, Max: 949, Diff: 948, Sum: 6366]
      [GC Worker Other (ms): Min: 0.0, Avg: 0.0, Max: 0.1, Diff: 0.1, Sum: 0.3]
      [GC Worker Total (ms): Min: 178.0, Avg: 178.2, Max: 178.4, Diff: 0.4, Sum: 1425.8]
      [GC Worker End (ms): Min: 159323.5, Avg: 159323.6, Max: 159323.6, Diff: 0.1]
   [Code Root Fixup: 0.0 ms]
   [Code Root Purge: 0.0 ms]
   [Clear CT: 0.2 ms]
   [Other: 1.1 ms]
      [Choose CSet: 0.0 ms]
      [Ref Proc: 0.3 ms]
      [Ref Enq: 0.0 ms]
      [Redirty Cards: 0.2 ms]
      [Humongous Register: 0.0 ms]
      [Humongous Reclaim: 0.0 ms]
      [Free CSet: 0.3 ms]
   [Eden: 215.0M(215.0M)->0.0B(206.0M) Survivors: 23.0M->30.0M Heap: 280.2M(2048.0M)->259.2M(2048.0M)]
 [Times: user=1.36 sys=0.00, real=0.18 secs] 
2020-09-29T12:01:37.267+0200: 159.498: [GC pause (G1 Evacuation Pause) (young), 0.1828937 secs]
   [Parallel Time: 181.2 ms, GC Workers: 8]
      [GC Worker Start (ms): Min: 159498.2, Avg: 159498.2, Max: 159498.3, Diff: 0.2]
      [Ext Root Scanning (ms): Min: 0.0, Avg: 0.1, Max: 0.2, Diff: 0.2, Sum: 0.8]
      [Update RS (ms): Min: 14.0, Avg: 14.3, Max: 14.9, Diff: 0.9, Sum: 114.4]
         [Processed Buffers: Min: 9, Avg: 10.8, Max: 12, Diff: 3, Sum: 86]
      [Scan RS (ms): Min: 17.4, Avg: 18.0, Max: 18.4, Diff: 0.9, Sum: 144.0]
      [Code Root Scanning (ms): Min: 0.0, Avg: 0.0, Max: 0.0, Diff: 0.0, Sum: 0.0]
      [Object Copy (ms): Min: 148.4, Avg: 148.5, Max: 148.5, Diff: 0.0, Sum: 1187.7]
      [Termination (ms): Min: 0.0, Avg: 0.1, Max: 0.1, Diff: 0.1, Sum: 0.4]
         [Termination Attempts: Min: 1, Avg: 224.9, Max: 312, Diff: 311, Sum: 1799]
      [GC Worker Other (ms): Min: 0.0, Avg: 0.0, Max: 0.1, Diff: 0.1, Sum: 0.4]
      [GC Worker Total (ms): Min: 180.9, Avg: 181.0, Max: 181.0, Diff: 0.2, Sum: 1447.7]
      [GC Worker End (ms): Min: 159679.2, Avg: 159679.2, Max: 159679.2, Diff: 0.1]
   [Code Root Fixup: 0.0 ms]
   [Code Root Purge: 0.0 ms]
   [Clear CT: 0.3 ms]
   [Other: 1.4 ms]
      [Choose CSet: 0.0 ms]
      [Ref Proc: 0.3 ms]
      [Ref Enq: 0.0 ms]
      [Redirty Cards: 0.4 ms]
      [Humongous Register: 0.1 ms]
      [Humongous Reclaim: 0.0 ms]
      [Free CSet: 0.3 ms]
   [Eden: 206.0M(206.0M)->0.0B(201.0M) Survivors: 30.0M->30.0M Heap: 499.6M(2048.0M)->501.6M(2048.0M)]
 [Times: user=1.50 sys=0.00, real=0.18 secs] 
2020-09-29T12:01:37.617+0200: 159.848: [GC pause (G1 Evacuation Pause) (young), 0.2066656 secs]
   [Parallel Time: 205.1 ms, GC Workers: 8]
      [GC Worker Start (ms): Min: 159848.1, Avg: 159848.2, Max: 159848.3, Diff: 0.2]
      [Ext Root Scanning (ms): Min: 0.0, Avg: 0.1, Max: 0.2, Diff: 0.2, Sum: 0.8]
      [Update RS (ms): Min: 18.2, Avg: 18.4, Max: 18.8, Diff: 0.7, Sum: 147.1]
         [Processed Buffers: Min: 12, Avg: 14.4, Max: 16, Diff: 4, Sum: 115]
      [Scan RS (ms): Min: 15.5, Avg: 15.9, Max: 16.2, Diff: 0.7, Sum: 127.5]
      [Code Root Scanning (ms): Min: 0.0, Avg: 0.0, Max: 0.0, Diff: 0.0, Sum: 0.0]
      [Object Copy (ms): Min: 169.7, Avg: 169.8, Max: 170.2, Diff: 0.5, Sum: 1358.5]
      [Termination (ms): Min: 0.0, Avg: 0.5, Max: 0.6, Diff: 0.6, Sum: 3.9]
         [Termination Attempts: Min: 1, Avg: 2158.5, Max: 2625, Diff: 2624, Sum: 17268]
      [GC Worker Other (ms): Min: 0.0, Avg: 0.0, Max: 0.1, Diff: 0.1, Sum: 0.3]
      [GC Worker Total (ms): Min: 204.7, Avg: 204.8, Max: 204.9, Diff: 0.2, Sum: 1638.1]
      [GC Worker End (ms): Min: 160052.9, Avg: 160052.9, Max: 160053.0, Diff: 0.1]
   [Code Root Fixup: 0.0 ms]
   [Code Root Purge: 0.0 ms]
   [Clear CT: 0.3 ms]
   [Other: 1.3 ms]
      [Choose CSet: 0.0 ms]
      [Ref Proc: 0.3 ms]
      [Ref Enq: 0.0 ms]
      [Redirty Cards: 0.4 ms]
      [Humongous Register: 0.1 ms]
      [Humongous Reclaim: 0.0 ms]
      [Free CSet: 0.3 ms]
   [Eden: 201.0M(201.0M)->0.0B(185.0M) Survivors: 30.0M->29.0M Heap: 736.9M(2048.0M)->738.9M(2048.0M)]
 [Times: user=1.59 sys=0.00, real=0.21 secs] 
2020-09-29T12:01:37.939+0200: 160.170: [GC pause (G1 Evacuation Pause) (young), 0.1058408 secs]
   [Parallel Time: 104.9 ms, GC Workers: 8]
      [GC Worker Start (ms): Min: 160170.0, Avg: 160170.1, Max: 160170.2, Diff: 0.2]
      [Ext Root Scanning (ms): Min: 0.0, Avg: 0.1, Max: 0.2, Diff: 0.2, Sum: 0.5]
      [Update RS (ms): Min: 13.5, Avg: 13.6, Max: 13.8, Diff: 0.3, Sum: 108.8]
         [Processed Buffers: Min: 14, Avg: 15.9, Max: 18, Diff: 4, Sum: 127]
      [Scan RS (ms): Min: 7.9, Avg: 8.1, Max: 8.3, Diff: 0.4, Sum: 65.0]
      [Code Root Scanning (ms): Min: 0.0, Avg: 0.0, Max: 0.0, Diff: 0.0, Sum: 0.0]
      [Object Copy (ms): Min: 82.7, Avg: 82.8, Max: 82.9, Diff: 0.1, Sum: 662.4]
      [Termination (ms): Min: 0.0, Avg: 0.0, Max: 0.1, Diff: 0.1, Sum: 0.4]
         [Termination Attempts: Min: 1, Avg: 361.0, Max: 549, Diff: 548, Sum: 2888]
      [GC Worker Other (ms): Min: 0.0, Avg: 0.0, Max: 0.1, Diff: 0.1, Sum: 0.3]
      [GC Worker Total (ms): Min: 104.6, Avg: 104.7, Max: 104.8, Diff: 0.2, Sum: 837.5]
      [GC Worker End (ms): Min: 160274.8, Avg: 160274.8, Max: 160274.8, Diff: 0.1]
   [Code Root Fixup: 0.0 ms]
   [Code Root Purge: 0.0 ms]
   [Clear CT: 0.2 ms]
   [Other: 0.8 ms]
      [Choose CSet: 0.0 ms]
      [Ref Proc: 0.2 ms]
      [Ref Enq: 0.0 ms]
      [Redirty Cards: 0.2 ms]
      [Humongous Register: 0.0 ms]
      [Humongous Reclaim: 0.0 ms]
      [Free CSet: 0.2 ms]
   [Eden: 185.0M(185.0M)->0.0B(208.0M) Survivors: 29.0M->27.0M Heap: 954.4M(2048.0M)->956.4M(2048.0M)]
 [Times: user=0.88 sys=0.00, real=0.11 secs] 
2020-09-29T12:01:38.048+0200: 160.279: [GC pause (G1 Humongous Allocation) (young) (initial-mark), 0.0453654 secs]
   [Parallel Time: 41.0 ms, GC Workers: 8]
      [GC Worker Start (ms): Min: 160279.2, Avg: 160279.3, Max: 160279.3, Diff: 0.1]
      [Ext Root Scanning (ms): Min: 0.0, Avg: 0.1, Max: 0.2, Diff: 0.1, Sum: 0.7]
      [Update RS (ms): Min: 25.6, Avg: 25.9, Max: 26.5, Diff: 1.0, Sum: 207.4]
         [Processed Buffers: Min: 31, Avg: 32.8, Max: 34, Diff: 3, Sum: 262]
      [Scan RS (ms): Min: 0.1, Avg: 0.8, Max: 1.1, Diff: 1.0, Sum: 6.3]
      [Code Root Scanning (ms): Min: 0.0, Avg: 0.0, Max: 0.0, Diff: 0.0, Sum: 0.0]
      [Object Copy (ms): Min: 14.0, Avg: 14.0, Max: 14.0, Diff: 0.1, Sum: 112.2]
      [Termination (ms): Min: 0.0, Avg: 0.0, Max: 0.0, Diff: 0.0, Sum: 0.0]
         [Termination Attempts: Min: 1, Avg: 6.9, Max: 12, Diff: 11, Sum: 55]
      [GC Worker Other (ms): Min: 0.0, Avg: 0.0, Max: 0.0, Diff: 0.0, Sum: 0.1]
      [GC Worker Total (ms): Min: 40.8, Avg: 40.8, Max: 40.9, Diff: 0.1, Sum: 326.7]
      [GC Worker End (ms): Min: 160320.1, Avg: 160320.1, Max: 160320.1, Diff: 0.0]
   [Code Root Fixup: 0.0 ms]
   [Code Root Purge: 0.0 ms]
   [Clear CT: 2.5 ms]
   [Other: 1.8 ms]
      [Choose CSet: 0.0 ms]
      [Ref Proc: 0.3 ms]
      [Ref Enq: 0.9 ms]
      [Redirty Cards: 0.4 ms]
      [Humongous Register: 0.0 ms]
      [Humongous Reclaim: 0.0 ms]
      [Free CSet: 0.0 ms]
   [Eden: 6144.0K(208.0M)->0.0B(246.0M) Survivors: 27.0M->8192.0K Heap: 962.4M(2048.0M)->965.9M(2048.0M)]
 [Times: user=0.38 sys=0.00, real=0.04 secs] 
2020-09-29T12:01:38.094+0200: 160.325: [GC concurrent-root-region-scan-start]
2020-09-29T12:01:38.096+0200: 160.328: [GC concurrent-root-region-scan-end, 0.0029414 secs]
2020-09-29T12:01:38.096+0200: 160.328: [GC concurrent-mark-start]
2020-09-29T12:01:38.099+0200: 160.330: [GC concurrent-mark-end, 0.0021764 secs]
2020-09-29T12:01:38.099+0200: 160.330: [GC remark 2020-09-29T12:01:38.099+0200: 160.330: [Finalize Marking, 0.0001905 secs] 2020-09-29T12:01:38.099+0200: 160.331: [GC ref-proc, 0.0002826 secs] 2020-09-29T12:01:38.099+0200: 160.331: [Unloading, 0.0004768 secs], 0.0012447 secs]
 [Times: user=0.00 sys=0.00, real=0.00 secs] 
2020-09-29T12:01:38.101+0200: 160.332: [GC cleanup 979M->26M(2048M), 0.0010934 secs]
 [Times: user=0.00 sys=0.00, real=0.00 secs] 
2020-09-29T12:01:38.102+0200: 160.333: [GC concurrent-cleanup-start]
2020-09-29T12:01:38.103+0200: 160.334: [GC concurrent-cleanup-end, 0.0013419 secs]
2020-09-29T12:01:38.240+0200: 160.472: [GC pause (G1 Evacuation Pause) (young), 0.1289814 secs]
   [Parallel Time: 127.9 ms, GC Workers: 8]
      [GC Worker Start (ms): Min: 160471.8, Avg: 160471.9, Max: 160472.0, Diff: 0.2]
      [Ext Root Scanning (ms): Min: 0.0, Avg: 0.1, Max: 0.2, Diff: 0.2, Sum: 0.6]
      [Update RS (ms): Min: 13.7, Avg: 14.0, Max: 14.5, Diff: 0.8, Sum: 112.4]
         [Processed Buffers: Min: 12, Avg: 15.3, Max: 18, Diff: 6, Sum: 122]
      [Scan RS (ms): Min: 10.4, Avg: 10.9, Max: 11.3, Diff: 0.9, Sum: 87.0]
      [Code Root Scanning (ms): Min: 0.0, Avg: 0.0, Max: 0.0, Diff: 0.0, Sum: 0.0]
      [Object Copy (ms): Min: 102.5, Avg: 102.6, Max: 102.7, Diff: 0.1, Sum: 821.0]
      [Termination (ms): Min: 0.0, Avg: 0.0, Max: 0.0, Diff: 0.0, Sum: 0.1]
         [Termination Attempts: Min: 1, Avg: 77.5, Max: 99, Diff: 98, Sum: 620]
      [GC Worker Other (ms): Min: 0.0, Avg: 0.0, Max: 0.1, Diff: 0.0, Sum: 0.2]
      [GC Worker Total (ms): Min: 127.6, Avg: 127.7, Max: 127.8, Diff: 0.2, Sum: 1021.3]
      [GC Worker End (ms): Min: 160599.6, Avg: 160599.6, Max: 160599.6, Diff: 0.0]
   [Code Root Fixup: 0.0 ms]
   [Code Root Purge: 0.0 ms]
   [Clear CT: 0.2 ms]
   [Other: 0.9 ms]
      [Choose CSet: 0.0 ms]
      [Ref Proc: 0.1 ms]
      [Ref Enq: 0.0 ms]
      [Redirty Cards: 0.2 ms]
      [Humongous Register: 0.0 ms]
      [Humongous Reclaim: 0.0 ms]
      [Free CSet: 0.3 ms]
   [Eden: 246.0M(246.0M)->0.0B(248.0M) Survivors: 8192.0K->32.0M Heap: 301.5M(2048.0M)->297.0M(2048.0M)]
 [Times: user=0.94 sys=0.00, real=0.13 secs] 
2020-09-29T12:01:38.540+0200: 160.772: [GC pause (G1 Evacuation Pause) (young), 0.1453733 secs]
   [Parallel Time: 144.2 ms, GC Workers: 8]
      [GC Worker Start (ms): Min: 160772.3, Avg: 160772.4, Max: 160772.5, Diff: 0.2]
      [Ext Root Scanning (ms): Min: 0.0, Avg: 0.1, Max: 0.2, Diff: 0.1, Sum: 0.7]
      [Update RS (ms): Min: 17.0, Avg: 17.1, Max: 17.4, Diff: 0.5, Sum: 136.9]
         [Processed Buffers: Min: 16, Avg: 18.9, Max: 22, Diff: 6, Sum: 151]
      [Scan RS (ms): Min: 12.3, Avg: 13.1, Max: 16.0, Diff: 3.6, Sum: 104.8]
      [Code Root Scanning (ms): Min: 0.0, Avg: 0.0, Max: 0.0, Diff: 0.0, Sum: 0.0]
      [Object Copy (ms): Min: 110.8, Avg: 113.7, Max: 114.1, Diff: 3.3, Sum: 909.2]
      [Termination (ms): Min: 0.0, Avg: 0.0, Max: 0.1, Diff: 0.1, Sum: 0.4]
         [Termination Attempts: Min: 1, Avg: 339.0, Max: 499, Diff: 498, Sum: 2712]
      [GC Worker Other (ms): Min: 0.0, Avg: 0.0, Max: 0.1, Diff: 0.0, Sum: 0.3]
      [GC Worker Total (ms): Min: 143.9, Avg: 144.0, Max: 144.1, Diff: 0.2, Sum: 1152.3]
      [GC Worker End (ms): Min: 160916.4, Avg: 160916.4, Max: 160916.5, Diff: 0.0]
   [Code Root Fixup: 0.0 ms]
   [Code Root Purge: 0.0 ms]
   [Clear CT: 0.2 ms]
   [Other: 1.0 ms]
      [Choose CSet: 0.0 ms]
      [Ref Proc: 0.2 ms]
      [Ref Enq: 0.0 ms]
      [Redirty Cards: 0.3 ms]
      [Humongous Register: 0.0 ms]
      [Humongous Reclaim: 0.0 ms]
      [Free CSet: 0.3 ms]
   [Eden: 248.0M(248.0M)->0.0B(261.0M) Survivors: 32.0M->35.0M Heap: 586.9M(2048.0M)->588.9M(2048.0M)]
 [Times: user=1.11 sys=0.00, real=0.15 secs] 
2020-09-29T12:01:38.849+0200: 161.081: [GC pause (G1 Evacuation Pause) (young), 0.1694838 secs]
   [Parallel Time: 168.5 ms, GC Workers: 8]
      [GC Worker Start (ms): Min: 161080.9, Avg: 161081.0, Max: 161081.1, Diff: 0.2]
      [Ext Root Scanning (ms): Min: 0.0, Avg: 0.1, Max: 0.2, Diff: 0.2, Sum: 0.6]
      [Update RS (ms): Min: 19.9, Avg: 20.2, Max: 20.6, Diff: 0.7, Sum: 161.7]
         [Processed Buffers: Min: 16, Avg: 17.6, Max: 20, Diff: 4, Sum: 141]
      [Scan RS (ms): Min: 16.9, Avg: 19.6, Max: 34.3, Diff: 17.4, Sum: 156.7]
      [Code Root Scanning (ms): Min: 0.0, Avg: 0.0, Max: 0.0, Diff: 0.0, Sum: 0.0]
      [Object Copy (ms): Min: 113.1, Avg: 128.2, Max: 130.6, Diff: 17.5, Sum: 1025.8]
      [Termination (ms): Min: 0.0, Avg: 0.2, Max: 0.2, Diff: 0.2, Sum: 1.3]
         [Termination Attempts: Min: 1, Avg: 1204.0, Max: 1485, Diff: 1484, Sum: 9632]
      [GC Worker Other (ms): Min: 0.0, Avg: 0.0, Max: 0.1, Diff: 0.1, Sum: 0.3]
      [GC Worker Total (ms): Min: 168.2, Avg: 168.3, Max: 168.4, Diff: 0.2, Sum: 1346.4]
      [GC Worker End (ms): Min: 161249.3, Avg: 161249.3, Max: 161249.3, Diff: 0.0]
   [Code Root Fixup: 0.0 ms]
   [Code Root Purge: 0.0 ms]
   [Clear CT: 0.2 ms]
   [Other: 0.8 ms]
      [Choose CSet: 0.0 ms]
      [Ref Proc: 0.1 ms]
      [Ref Enq: 0.0 ms]
      [Redirty Cards: 0.2 ms]
      [Humongous Register: 0.0 ms]
      [Humongous Reclaim: 0.0 ms]
      [Free CSet: 0.2 ms]
   [Eden: 261.0M(261.0M)->0.0B(258.0M) Survivors: 35.0M->37.0M Heap: 891.9M(2048.0M)->894.4M(2048.0M)]
 [Times: user=1.17 sys=0.03, real=0.17 secs] 
2020-09-29T12:01:39.190+0200: 161.421: [GC pause (G1 Evacuation Pause) (young), 0.1461672 secs]
   [Parallel Time: 144.8 ms, GC Workers: 8]
      [GC Worker Start (ms): Min: 161421.6, Avg: 161421.7, Max: 161421.8, Diff: 0.2]
      [Ext Root Scanning (ms): Min: 0.0, Avg: 0.1, Max: 0.2, Diff: 0.2, Sum: 0.6]
      [Update RS (ms): Min: 12.9, Avg: 13.1, Max: 13.4, Diff: 0.4, Sum: 104.8]
         [Processed Buffers: Min: 13, Avg: 14.4, Max: 16, Diff: 3, Sum: 115]
      [Scan RS (ms): Min: 13.8, Avg: 13.9, Max: 14.1, Diff: 0.3, Sum: 111.6]
      [Code Root Scanning (ms): Min: 0.0, Avg: 0.0, Max: 0.0, Diff: 0.0, Sum: 0.0]
      [Object Copy (ms): Min: 117.3, Avg: 117.4, Max: 117.5, Diff: 0.2, Sum: 938.9]
      [Termination (ms): Min: 0.0, Avg: 0.1, Max: 0.1, Diff: 0.1, Sum: 0.7]
         [Termination Attempts: Min: 1, Avg: 606.9, Max: 782, Diff: 781, Sum: 4855]
      [GC Worker Other (ms): Min: 0.0, Avg: 0.0, Max: 0.1, Diff: 0.0, Sum: 0.3]
      [GC Worker Total (ms): Min: 144.5, Avg: 144.6, Max: 144.7, Diff: 0.2, Sum: 1156.9]
      [GC Worker End (ms): Min: 161566.3, Avg: 161566.3, Max: 161566.3, Diff: 0.0]
   [Code Root Fixup: 0.0 ms]
   [Code Root Purge: 0.0 ms]
   [Clear CT: 0.4 ms]
   [Other: 1.0 ms]
      [Choose CSet: 0.0 ms]
      [Ref Proc: 0.2 ms]
      [Ref Enq: 0.0 ms]
      [Redirty Cards: 0.2 ms]
      [Humongous Register: 0.1 ms]
      [Humongous Reclaim: 0.0 ms]
      [Free CSet: 0.3 ms]
   [Eden: 258.0M(258.0M)->0.0B(274.0M) Survivors: 37.0M->37.0M Heap: 1196.3M(2048.0M)->1197.8M(2048.0M)]
 [Times: user=1.25 sys=0.00, real=0.15 secs] 
2020-09-29T12:01:39.347+0200: 161.579: [GC pause (G1 Humongous Allocation) (young) (initial-mark), 0.0487195 secs]
   [Parallel Time: 47.7 ms, GC Workers: 8]
      [GC Worker Start (ms): Min: 161579.5, Avg: 161579.5, Max: 161579.6, Diff: 0.2]
      [Ext Root Scanning (ms): Min: 0.0, Avg: 0.3, Max: 0.6, Diff: 0.6, Sum: 2.1]
      [Update RS (ms): Min: 25.5, Avg: 26.1, Max: 26.6, Diff: 1.1, Sum: 208.7]
         [Processed Buffers: Min: 27, Avg: 32.0, Max: 34, Diff: 7, Sum: 256]
      [Scan RS (ms): Min: 1.9, Avg: 2.3, Max: 2.6, Diff: 0.7, Sum: 18.2]
      [Code Root Scanning (ms): Min: 0.0, Avg: 0.0, Max: 0.0, Diff: 0.0, Sum: 0.0]
      [Object Copy (ms): Min: 18.8, Avg: 18.9, Max: 19.0, Diff: 0.1, Sum: 151.3]
      [Termination (ms): Min: 0.0, Avg: 0.0, Max: 0.0, Diff: 0.0, Sum: 0.2]
         [Termination Attempts: Min: 1, Avg: 148.1, Max: 206, Diff: 205, Sum: 1185]
      [GC Worker Other (ms): Min: 0.0, Avg: 0.0, Max: 0.0, Diff: 0.0, Sum: 0.2]
      [GC Worker Total (ms): Min: 47.5, Avg: 47.6, Max: 47.6, Diff: 0.2, Sum: 380.5]
      [GC Worker End (ms): Min: 161627.1, Avg: 161627.1, Max: 161627.1, Diff: 0.0]
   [Code Root Fixup: 0.0 ms]
   [Code Root Purge: 0.0 ms]
   [Clear CT: 0.2 ms]
   [Other: 0.8 ms]
      [Choose CSet: 0.0 ms]
      [Ref Proc: 0.2 ms]
      [Ref Enq: 0.0 ms]
      [Redirty Cards: 0.2 ms]
      [Humongous Register: 0.1 ms]
      [Humongous Reclaim: 0.0 ms]
      [Free CSet: 0.1 ms]
   [Eden: 6144.0K(274.0M)->0.0B(313.0M) Survivors: 37.0M->8192.0K Heap: 1203.8M(2048.0M)->1207.8M(2048.0M)]
 [Times: user=0.39 sys=0.00, real=0.05 secs] 
2020-09-29T12:01:39.396+0200: 161.628: [GC concurrent-root-region-scan-start]
2020-09-29T12:01:39.398+0200: 161.630: [GC concurrent-root-region-scan-end, 0.0019872 secs]
2020-09-29T12:01:39.398+0200: 161.630: [GC concurrent-mark-start]
2020-09-29T12:01:39.403+0200: 161.634: [GC concurrent-mark-end, 0.0036356 secs]
2020-09-29T12:01:39.403+0200: 161.634: [GC remark 2020-09-29T12:01:39.403+0200: 161.634: [Finalize Marking, 0.0002445 secs] 2020-09-29T12:01:39.403+0200: 161.634: [GC ref-proc, 0.0003376 secs] 2020-09-29T12:01:39.403+0200: 161.634: [Unloading, 0.0005730 secs], 0.0015446 secs]
 [Times: user=0.00 sys=0.00, real=0.00 secs] 
2020-09-29T12:01:39.404+0200: 161.636: [GC cleanup 1219M->25M(2048M), 0.0017256 secs]
 [Times: user=0.00 sys=0.00, real=0.00 secs] 
2020-09-29T12:01:39.406+0200: 161.638: [GC concurrent-cleanup-start]
2020-09-29T12:01:39.409+0200: 161.641: [GC concurrent-cleanup-end, 0.0029662 secs]
2020-09-29T12:01:39.602+0200: 161.833: [GC pause (G1 Evacuation Pause) (young), 0.1682968 secs]
   [Parallel Time: 167.1 ms, GC Workers: 8]
      [GC Worker Start (ms): Min: 161833.3, Avg: 161833.4, Max: 161833.5, Diff: 0.2]
      [Ext Root Scanning (ms): Min: 0.0, Avg: 0.1, Max: 0.2, Diff: 0.2, Sum: 0.5]
      [Update RS (ms): Min: 19.4, Avg: 19.6, Max: 20.1, Diff: 0.8, Sum: 156.8]
         [Processed Buffers: Min: 16, Avg: 18.5, Max: 22, Diff: 6, Sum: 148]
      [Scan RS (ms): Min: 17.5, Avg: 18.1, Max: 18.6, Diff: 1.1, Sum: 144.8]
      [Code Root Scanning (ms): Min: 0.0, Avg: 0.0, Max: 0.0, Diff: 0.0, Sum: 0.0]
      [Object Copy (ms): Min: 128.8, Avg: 129.0, Max: 129.1, Diff: 0.3, Sum: 1032.2]
      [Termination (ms): Min: 0.0, Avg: 0.0, Max: 0.0, Diff: 0.0, Sum: 0.1]
         [Termination Attempts: Min: 1, Avg: 98.1, Max: 130, Diff: 129, Sum: 785]
      [GC Worker Other (ms): Min: 0.0, Avg: 0.0, Max: 0.1, Diff: 0.1, Sum: 0.3]
      [GC Worker Total (ms): Min: 166.7, Avg: 166.8, Max: 167.0, Diff: 0.2, Sum: 1334.8]
      [GC Worker End (ms): Min: 162000.2, Avg: 162000.3, Max: 162000.3, Diff: 0.1]
   [Code Root Fixup: 0.0 ms]
   [Code Root Purge: 0.0 ms]
   [Clear CT: 0.2 ms]
   [Other: 1.0 ms]
      [Choose CSet: 0.0 ms]
      [Ref Proc: 0.3 ms]
      [Ref Enq: 0.0 ms]
      [Redirty Cards: 0.2 ms]
      [Humongous Register: 0.0 ms]
      [Humongous Reclaim: 0.0 ms]
      [Free CSet: 0.3 ms]
   [Eden: 313.0M(313.0M)->0.0B(287.0M) Survivors: 8192.0K->41.0M Heap: 380.4M(2048.0M)->374.4M(2048.0M)]
 [Times: user=1.25 sys=0.00, real=0.17 secs] 
2020-09-29T12:01:39.973+0200: 162.204: [GC pause (G1 Evacuation Pause) (young), 0.1700087 secs]
   [Parallel Time: 168.7 ms, GC Workers: 8]
      [GC Worker Start (ms): Min: 162204.4, Avg: 162204.5, Max: 162204.6, Diff: 0.2]
      [Ext Root Scanning (ms): Min: 0.0, Avg: 0.1, Max: 0.2, Diff: 0.2, Sum: 0.5]
      [Update RS (ms): Min: 17.7, Avg: 17.9, Max: 18.3, Diff: 0.6, Sum: 143.3]
         [Processed Buffers: Min: 16, Avg: 17.8, Max: 21, Diff: 5, Sum: 142]
      [Scan RS (ms): Min: 18.8, Avg: 19.2, Max: 19.5, Diff: 0.7, Sum: 153.5]
      [Code Root Scanning (ms): Min: 0.0, Avg: 0.0, Max: 0.0, Diff: 0.0, Sum: 0.0]
      [Object Copy (ms): Min: 131.1, Avg: 131.2, Max: 131.3, Diff: 0.2, Sum: 1050.0]
      [Termination (ms): Min: 0.0, Avg: 0.0, Max: 0.0, Diff: 0.0, Sum: 0.2]
         [Termination Attempts: Min: 1, Avg: 198.1, Max: 265, Diff: 264, Sum: 1585]
      [GC Worker Other (ms): Min: 0.0, Avg: 0.0, Max: 0.1, Diff: 0.1, Sum: 0.3]
      [GC Worker Total (ms): Min: 168.4, Avg: 168.5, Max: 168.6, Diff: 0.2, Sum: 1347.9]
      [GC Worker End (ms): Min: 162372.9, Avg: 162373.0, Max: 162373.0, Diff: 0.1]
   [Code Root Fixup: 0.0 ms]
   [Code Root Purge: 0.0 ms]
   [Clear CT: 0.2 ms]
   [Other: 1.1 ms]
      [Choose CSet: 0.0 ms]
      [Ref Proc: 0.2 ms]
      [Ref Enq: 0.0 ms]
      [Redirty Cards: 0.4 ms]
      [Humongous Register: 0.0 ms]
      [Humongous Reclaim: 0.0 ms]
      [Free CSet: 0.2 ms]
   [Eden: 287.0M(287.0M)->0.0B(285.0M) Survivors: 41.0M->41.0M Heap: 709.1M(2048.0M)->711.6M(2048.0M)]
 [Times: user=1.27 sys=0.02, real=0.17 secs] 
2020-09-29T12:01:40.307+0200: 162.538: [GC pause (G1 Evacuation Pause) (young), 0.1776479 secs]
   [Parallel Time: 176.5 ms, GC Workers: 8]
      [GC Worker Start (ms): Min: 162538.5, Avg: 162538.6, Max: 162538.7, Diff: 0.2]
      [Ext Root Scanning (ms): Min: 0.0, Avg: 0.1, Max: 0.1, Diff: 0.1, Sum: 0.5]
      [Update RS (ms): Min: 19.2, Avg: 19.4, Max: 19.9, Diff: 0.7, Sum: 155.1]
         [Processed Buffers: Min: 20, Avg: 21.6, Max: 25, Diff: 5, Sum: 173]
      [Scan RS (ms): Min: 13.5, Avg: 14.0, Max: 14.2, Diff: 0.7, Sum: 111.9]
      [Code Root Scanning (ms): Min: 0.0, Avg: 0.0, Max: 0.0, Diff: 0.0, Sum: 0.0]
      [Object Copy (ms): Min: 142.3, Avg: 142.4, Max: 142.7, Diff: 0.3, Sum: 1139.5]
      [Termination (ms): Min: 0.0, Avg: 0.3, Max: 0.5, Diff: 0.4, Sum: 2.7]
         [Termination Attempts: Min: 1, Avg: 2157.1, Max: 3061, Diff: 3060, Sum: 17257]
      [GC Worker Other (ms): Min: 0.0, Avg: 0.0, Max: 0.0, Diff: 0.0, Sum: 0.2]
      [GC Worker Total (ms): Min: 176.1, Avg: 176.2, Max: 176.3, Diff: 0.2, Sum: 1409.9]
      [GC Worker End (ms): Min: 162714.8, Avg: 162714.8, Max: 162714.8, Diff: 0.0]
   [Code Root Fixup: 0.0 ms]
   [Code Root Purge: 0.0 ms]
   [Clear CT: 0.2 ms]
   [Other: 1.0 ms]
      [Choose CSet: 0.0 ms]
      [Ref Proc: 0.2 ms]
      [Ref Enq: 0.0 ms]
      [Redirty Cards: 0.2 ms]
      [Humongous Register: 0.1 ms]
      [Humongous Reclaim: 0.0 ms]
      [Free CSet: 0.3 ms]
   [Eden: 285.0M(285.0M)->0.0B(283.0M) Survivors: 41.0M->41.0M Heap: 1044.3M(2048.0M)->1045.8M(2048.0M)]
 [Times: user=1.33 sys=0.01, real=0.18 secs] 
2020-09-29T12:01:40.496+0200: 162.727: [GC pause (G1 Humongous Allocation) (young) (initial-mark), 0.0547737 secs]
   [Parallel Time: 53.7 ms, GC Workers: 8]
      [GC Worker Start (ms): Min: 162727.7, Avg: 162727.8, Max: 162727.8, Diff: 0.1]
      [Ext Root Scanning (ms): Min: 0.0, Avg: 0.1, Max: 0.1, Diff: 0.1, Sum: 0.7]
      [Update RS (ms): Min: 30.4, Avg: 30.6, Max: 30.9, Diff: 0.6, Sum: 245.2]
         [Processed Buffers: Min: 36, Avg: 38.0, Max: 40, Diff: 4, Sum: 304]
      [Scan RS (ms): Min: 2.4, Avg: 2.7, Max: 3.0, Diff: 0.6, Sum: 21.7]
      [Code Root Scanning (ms): Min: 0.0, Avg: 0.0, Max: 0.0, Diff: 0.0, Sum: 0.0]
      [Object Copy (ms): Min: 20.0, Avg: 20.1, Max: 20.1, Diff: 0.1, Sum: 160.7]
      [Termination (ms): Min: 0.0, Avg: 0.0, Max: 0.0, Diff: 0.0, Sum: 0.1]
         [Termination Attempts: Min: 1, Avg: 71.0, Max: 91, Diff: 90, Sum: 568]
      [GC Worker Other (ms): Min: 0.0, Avg: 0.0, Max: 0.0, Diff: 0.0, Sum: 0.2]
      [GC Worker Total (ms): Min: 53.5, Avg: 53.6, Max: 53.6, Diff: 0.1, Sum: 428.6]
      [GC Worker End (ms): Min: 162781.3, Avg: 162781.3, Max: 162781.4, Diff: 0.0]
   [Code Root Fixup: 0.0 ms]
   [Code Root Purge: 0.0 ms]
   [Clear CT: 0.2 ms]
   [Other: 0.9 ms]
      [Choose CSet: 0.0 ms]
      [Ref Proc: 0.2 ms]
      [Ref Enq: 0.0 ms]
      [Redirty Cards: 0.1 ms]
      [Humongous Register: 0.1 ms]
      [Humongous Reclaim: 0.0 ms]
      [Free CSet: 0.1 ms]
   [Eden: 8192.0K(283.0M)->0.0B(325.0M) Survivors: 41.0M->10.0M Heap: 1053.8M(2048.0M)->1057.8M(2048.0M)]
 [Times: user=0.38 sys=0.00, real=0.05 secs] 
2020-09-29T12:01:40.551+0200: 162.782: [GC concurrent-root-region-scan-start]
2020-09-29T12:01:40.553+0200: 162.785: [GC concurrent-root-region-scan-end, 0.0027227 secs]
2020-09-29T12:01:40.553+0200: 162.785: [GC concurrent-mark-start]
2020-09-29T12:01:40.557+0200: 162.788: [GC concurrent-mark-end, 0.0032171 secs]
2020-09-29T12:01:40.557+0200: 162.789: [GC remark 2020-09-29T12:01:40.557+0200: 162.789: [Finalize Marking, 0.0002292 secs] 2020-09-29T12:01:40.557+0200: 162.789: [GC ref-proc, 0.0003999 secs] 2020-09-29T12:01:40.557+0200: 162.789: [Unloading, 0.0004947 secs], 0.0015156 secs]
 [Times: user=0.00 sys=0.00, real=0.00 secs] 
2020-09-29T12:01:40.559+0200: 162.791: [GC cleanup 1071M->29M(2048M), 0.0011787 secs]
 [Times: user=0.00 sys=0.00, real=0.00 secs] 
2020-09-29T12:01:40.560+0200: 162.792: [GC concurrent-cleanup-start]
2020-09-29T12:01:40.563+0200: 162.795: [GC concurrent-cleanup-end, 0.0025203 secs]
2020-09-29T12:01:40.756+0200: 162.987: [GC pause (G1 Evacuation Pause) (young), 0.1747252 secs]
   [Parallel Time: 173.2 ms, GC Workers: 8]
      [GC Worker Start (ms): Min: 162987.6, Avg: 162987.7, Max: 162987.8, Diff: 0.2]
      [Ext Root Scanning (ms): Min: 0.0, Avg: 0.1, Max: 0.2, Diff: 0.2, Sum: 0.5]
      [Update RS (ms): Min: 21.6, Avg: 21.7, Max: 21.9, Diff: 0.3, Sum: 173.7]
         [Processed Buffers: Min: 19, Avg: 21.4, Max: 23, Diff: 4, Sum: 171]
      [Scan RS (ms): Min: 17.6, Avg: 17.8, Max: 18.0, Diff: 0.5, Sum: 142.1]
      [Code Root Scanning (ms): Min: 0.0, Avg: 0.0, Max: 0.0, Diff: 0.0, Sum: 0.0]
      [Object Copy (ms): Min: 133.1, Avg: 133.3, Max: 133.4, Diff: 0.3, Sum: 1066.3]
      [Termination (ms): Min: 0.0, Avg: 0.0, Max: 0.1, Diff: 0.1, Sum: 0.4]
         [Termination Attempts: Min: 1, Avg: 350.3, Max: 420, Diff: 419, Sum: 2802]
      [GC Worker Other (ms): Min: 0.0, Avg: 0.0, Max: 0.1, Diff: 0.1, Sum: 0.3]
      [GC Worker Total (ms): Min: 172.8, Avg: 172.9, Max: 173.0, Diff: 0.2, Sum: 1383.4]
      [GC Worker End (ms): Min: 163160.6, Avg: 163160.6, Max: 163160.7, Diff: 0.1]
   [Code Root Fixup: 0.0 ms]
   [Code Root Purge: 0.0 ms]
   [Clear CT: 0.3 ms]
   [Other: 1.2 ms]
      [Choose CSet: 0.0 ms]
      [Ref Proc: 0.3 ms]
      [Ref Enq: 0.0 ms]
      [Redirty Cards: 0.3 ms]
      [Humongous Register: 0.0 ms]
      [Humongous Reclaim: 0.0 ms]
      [Free CSet: 0.3 ms]
   [Eden: 325.0M(325.0M)->0.0B(295.0M) Survivors: 10.0M->42.0M Heap: 396.3M(2048.0M)->387.8M(2048.0M)]
 [Times: user=1.34 sys=0.03, real=0.17 secs] 
2020-09-29T12:01:41.124+0200: 163.356: [GC pause (G1 Evacuation Pause) (young), 0.1967015 secs]
   [Parallel Time: 195.5 ms, GC Workers: 8]
      [GC Worker Start (ms): Min: 163355.8, Avg: 163355.9, Max: 163356.0, Diff: 0.2]
      [Ext Root Scanning (ms): Min: 0.0, Avg: 0.1, Max: 0.1, Diff: 0.1, Sum: 0.7]
      [Update RS (ms): Min: 16.0, Avg: 16.0, Max: 16.1, Diff: 0.2, Sum: 128.2]
         [Processed Buffers: Min: 15, Avg: 18.0, Max: 20, Diff: 5, Sum: 144]
      [Scan RS (ms): Min: 16.9, Avg: 17.0, Max: 17.6, Diff: 0.7, Sum: 136.1]
      [Code Root Scanning (ms): Min: 0.0, Avg: 0.0, Max: 0.0, Diff: 0.0, Sum: 0.0]
      [Object Copy (ms): Min: 161.3, Avg: 161.9, Max: 162.3, Diff: 1.1, Sum: 1295.1]
      [Termination (ms): Min: 0.0, Avg: 0.3, Max: 0.4, Diff: 0.4, Sum: 2.4]
         [Termination Attempts: Min: 1, Avg: 2180.3, Max: 2794, Diff: 2793, Sum: 17442]
      [GC Worker Other (ms): Min: 0.0, Avg: 0.0, Max: 0.1, Diff: 0.1, Sum: 0.4]
      [GC Worker Total (ms): Min: 195.3, Avg: 195.4, Max: 195.4, Diff: 0.1, Sum: 1562.9]
      [GC Worker End (ms): Min: 163551.2, Avg: 163551.2, Max: 163551.3, Diff: 0.1]
   [Code Root Fixup: 0.0 ms]
   [Code Root Purge: 0.0 ms]
   [Clear CT: 0.2 ms]
   [Other: 1.0 ms]
      [Choose CSet: 0.0 ms]
      [Ref Proc: 0.2 ms]
      [Ref Enq: 0.0 ms]
      [Redirty Cards: 0.2 ms]
      [Humongous Register: 0.0 ms]
      [Humongous Reclaim: 0.0 ms]
      [Free CSet: 0.3 ms]
   [Eden: 295.0M(295.0M)->0.0B(272.0M) Survivors: 42.0M->43.0M Heap: 732.4M(2048.0M)->733.9M(2048.0M)]
 [Times: user=1.48 sys=0.00, real=0.20 secs] 
2020-09-29T12:01:41.507+0200: 163.739: [GC pause (G1 Evacuation Pause) (young), 0.1890805 secs]
   [Parallel Time: 187.9 ms, GC Workers: 8]
      [GC Worker Start (ms): Min: 163738.6, Avg: 163738.7, Max: 163738.7, Diff: 0.1]
      [Ext Root Scanning (ms): Min: 0.0, Avg: 0.1, Max: 0.1, Diff: 0.1, Sum: 0.7]
      [Update RS (ms): Min: 19.3, Avg: 21.1, Max: 31.6, Diff: 12.3, Sum: 169.0]
         [Processed Buffers: Min: 0, Avg: 18.5, Max: 23, Diff: 23, Sum: 148]
      [Scan RS (ms): Min: 3.0, Avg: 16.1, Max: 35.2, Diff: 32.1, Sum: 128.6]
      [Code Root Scanning (ms): Min: 0.0, Avg: 0.0, Max: 0.0, Diff: 0.0, Sum: 0.0]
      [Object Copy (ms): Min: 133.1, Avg: 150.3, Max: 152.8, Diff: 19.6, Sum: 1202.1]
      [Termination (ms): Min: 0.0, Avg: 0.1, Max: 0.2, Diff: 0.2, Sum: 1.0]
         [Termination Attempts: Min: 1, Avg: 466.0, Max: 623, Diff: 622, Sum: 3728]
      [GC Worker Other (ms): Min: 0.0, Avg: 0.0, Max: 0.0, Diff: 0.0, Sum: 0.2]
      [GC Worker Total (ms): Min: 187.6, Avg: 187.7, Max: 187.8, Diff: 0.1, Sum: 1501.6]
      [GC Worker End (ms): Min: 163926.4, Avg: 163926.4, Max: 163926.4, Diff: 0.0]
   [Code Root Fixup: 0.0 ms]
   [Code Root Purge: 0.0 ms]
   [Clear CT: 0.2 ms]
   [Other: 1.1 ms]
      [Choose CSet: 0.0 ms]
      [Ref Proc: 0.2 ms]
      [Ref Enq: 0.0 ms]
      [Redirty Cards: 0.2 ms]
      [Humongous Register: 0.1 ms]
      [Humongous Reclaim: 0.0 ms]
      [Free CSet: 0.4 ms]
   [Eden: 272.0M(272.0M)->0.0B(263.0M) Survivors: 43.0M->40.0M Heap: 1049.8M(2048.0M)->1052.3M(2048.0M)]
 [Times: user=1.44 sys=0.00, real=0.19 secs] 
2020-09-29T12:01:41.698+0200: 163.930: [GC pause (G1 Humongous Allocation) (young) (initial-mark), 0.0669757 secs]
   [Parallel Time: 66.0 ms, GC Workers: 8]
      [GC Worker Start (ms): Min: 163930.6, Avg: 163930.7, Max: 163930.8, Diff: 0.2]
      [Ext Root Scanning (ms): Min: 0.0, Avg: 1.4, Max: 3.3, Diff: 3.3, Sum: 11.0]
      [Update RS (ms): Min: 40.1, Avg: 42.4, Max: 44.0, Diff: 3.9, Sum: 339.4]
         [Processed Buffers: Min: 47, Avg: 50.8, Max: 53, Diff: 6, Sum: 406]
      [Scan RS (ms): Min: 0.0, Avg: 0.1, Max: 0.3, Diff: 0.3, Sum: 0.9]
      [Code Root Scanning (ms): Min: 0.0, Avg: 0.0, Max: 0.0, Diff: 0.0, Sum: 0.0]
      [Object Copy (ms): Min: 21.5, Avg: 21.8, Max: 21.9, Diff: 0.4, Sum: 174.2]
      [Termination (ms): Min: 0.0, Avg: 0.0, Max: 0.0, Diff: 0.0, Sum: 0.1]
         [Termination Attempts: Min: 1, Avg: 75.3, Max: 102, Diff: 101, Sum: 602]
      [GC Worker Other (ms): Min: 0.0, Avg: 0.0, Max: 0.0, Diff: 0.0, Sum: 0.2]
      [GC Worker Total (ms): Min: 65.6, Avg: 65.7, Max: 65.9, Diff: 0.2, Sum: 525.9]
      [GC Worker End (ms): Min: 163996.5, Avg: 163996.5, Max: 163996.5, Diff: 0.0]
   [Code Root Fixup: 0.0 ms]
   [Code Root Purge: 0.0 ms]
   [Clear CT: 0.2 ms]
   [Other: 0.8 ms]
      [Choose CSet: 0.0 ms]
      [Ref Proc: 0.2 ms]
      [Ref Enq: 0.0 ms]
      [Redirty Cards: 0.2 ms]
      [Humongous Register: 0.1 ms]
      [Humongous Reclaim: 0.0 ms]
      [Free CSet: 0.1 ms]
   [Eden: 1024.0K(263.0M)->0.0B(287.0M) Survivors: 40.0M->2048.0K Heap: 1053.3M(2048.0M)->1056.3M(2048.0M)]
 [Times: user=0.50 sys=0.00, real=0.07 secs] 
2020-09-29T12:01:41.766+0200: 163.997: [GC concurrent-root-region-scan-start]
2020-09-29T12:01:41.766+0200: 163.998: [GC concurrent-root-region-scan-end, 0.0004082 secs]
2020-09-29T12:01:41.766+0200: 163.998: [GC concurrent-mark-start]
2020-09-29T12:01:41.770+0200: 164.002: [GC concurrent-mark-end, 0.0036487 secs]
2020-09-29T12:01:41.770+0200: 164.002: [GC remark 2020-09-29T12:01:41.770+0200: 164.002: [Finalize Marking, 0.0002178 secs] 2020-09-29T12:01:41.770+0200: 164.002: [GC ref-proc, 0.0004609 secs] 2020-09-29T12:01:41.771+0200: 164.003: [Unloading, 0.0006633 secs], 0.0018091 secs]
 [Times: user=0.00 sys=0.00, real=0.00 secs] 
2020-09-29T12:01:41.772+0200: 164.004: [GC cleanup 1066M->17M(2048M), 0.0015388 secs]
 [Times: user=0.00 sys=0.00, real=0.00 secs] 
2020-09-29T12:01:41.774+0200: 164.006: [GC concurrent-cleanup-start]
2020-09-29T12:01:41.776+0200: 164.008: [GC concurrent-cleanup-end, 0.0021052 secs]
2020-09-29T12:01:41.948+0200: 164.180: [GC pause (G1 Evacuation Pause) (young), 0.1391381 secs]
   [Parallel Time: 138.1 ms, GC Workers: 8]
      [GC Worker Start (ms): Min: 164179.7, Avg: 164179.8, Max: 164179.8, Diff: 0.1]
      [Ext Root Scanning (ms): Min: 0.0, Avg: 0.1, Max: 0.1, Diff: 0.1, Sum: 0.7]
      [Update RS (ms): Min: 14.3, Avg: 14.4, Max: 14.6, Diff: 0.3, Sum: 115.4]
         [Processed Buffers: Min: 15, Avg: 17.0, Max: 19, Diff: 4, Sum: 136]
      [Scan RS (ms): Min: 12.1, Avg: 12.3, Max: 12.4, Diff: 0.3, Sum: 98.2]
      [Code Root Scanning (ms): Min: 0.0, Avg: 0.0, Max: 0.0, Diff: 0.0, Sum: 0.0]
      [Object Copy (ms): Min: 111.0, Avg: 111.0, Max: 111.1, Diff: 0.1, Sum: 888.3]
      [Termination (ms): Min: 0.0, Avg: 0.1, Max: 0.1, Diff: 0.1, Sum: 0.4]
         [Termination Attempts: Min: 1, Avg: 380.4, Max: 472, Diff: 471, Sum: 3043]
      [GC Worker Other (ms): Min: 0.0, Avg: 0.0, Max: 0.1, Diff: 0.0, Sum: 0.2]
      [GC Worker Total (ms): Min: 137.9, Avg: 137.9, Max: 138.0, Diff: 0.1, Sum: 1103.3]
      [GC Worker End (ms): Min: 164317.7, Avg: 164317.7, Max: 164317.7, Diff: 0.0]
   [Code Root Fixup: 0.0 ms]
   [Code Root Purge: 0.0 ms]
   [Clear CT: 0.3 ms]
   [Other: 0.8 ms]
      [Choose CSet: 0.0 ms]
      [Ref Proc: 0.2 ms]
      [Ref Enq: 0.0 ms]
      [Redirty Cards: 0.2 ms]
      [Humongous Register: 0.0 ms]
      [Humongous Reclaim: 0.0 ms]
      [Free CSet: 0.2 ms]
   [Eden: 287.0M(287.0M)->0.0B(276.0M) Survivors: 2048.0K->37.0M Heap: 344.6M(2048.0M)->344.6M(2048.0M)]
 [Times: user=1.06 sys=0.00, real=0.14 secs] 
2020-09-29T12:01:42.234+0200: 164.465: [GC pause (G1 Evacuation Pause) (young), 0.1556629 secs]
   [Parallel Time: 154.5 ms, GC Workers: 8]
      [GC Worker Start (ms): Min: 164465.1, Avg: 164465.2, Max: 164465.3, Diff: 0.2]
      [Ext Root Scanning (ms): Min: 0.0, Avg: 0.1, Max: 0.2, Diff: 0.2, Sum: 0.5]
      [Update RS (ms): Min: 12.5, Avg: 12.6, Max: 13.3, Diff: 0.8, Sum: 101.1]
         [Processed Buffers: Min: 14, Avg: 16.3, Max: 18, Diff: 4, Sum: 130]
      [Scan RS (ms): Min: 13.9, Avg: 14.6, Max: 14.8, Diff: 0.8, Sum: 116.7]
      [Code Root Scanning (ms): Min: 0.0, Avg: 0.0, Max: 0.0, Diff: 0.0, Sum: 0.0]
      [Object Copy (ms): Min: 126.8, Avg: 126.9, Max: 126.9, Diff: 0.1, Sum: 1014.9]
      [Termination (ms): Min: 0.0, Avg: 0.1, Max: 0.1, Diff: 0.1, Sum: 0.4]
         [Termination Attempts: Min: 1, Avg: 378.1, Max: 502, Diff: 501, Sum: 3025]
      [GC Worker Other (ms): Min: 0.0, Avg: 0.0, Max: 0.1, Diff: 0.1, Sum: 0.3]
      [GC Worker Total (ms): Min: 154.2, Avg: 154.3, Max: 154.3, Diff: 0.1, Sum: 1234.1]
      [GC Worker End (ms): Min: 164619.5, Avg: 164619.5, Max: 164619.5, Diff: 0.1]
   [Code Root Fixup: 0.0 ms]
   [Code Root Purge: 0.0 ms]
   [Clear CT: 0.2 ms]
   [Other: 1.0 ms]
      [Choose CSet: 0.0 ms]
      [Ref Proc: 0.2 ms]
      [Ref Enq: 0.0 ms]
      [Redirty Cards: 0.2 ms]
      [Humongous Register: 0.0 ms]
      [Humongous Reclaim: 0.0 ms]
      [Free CSet: 0.3 ms]
   [Eden: 276.0M(276.0M)->0.0B(281.0M) Survivors: 37.0M->40.0M Heap: 666.4M(2048.0M)->668.9M(2048.0M)]
 [Times: user=1.17 sys=0.00, real=0.15 secs] 
2020-09-29T12:01:42.557+0200: 164.788: [GC pause (G1 Evacuation Pause) (young), 0.1612729 secs]
   [Parallel Time: 160.0 ms, GC Workers: 8]
      [GC Worker Start (ms): Min: 164787.7, Avg: 164787.8, Max: 164787.9, Diff: 0.2]
      [Ext Root Scanning (ms): Min: 0.0, Avg: 0.1, Max: 0.2, Diff: 0.2, Sum: 0.5]
      [Update RS (ms): Min: 21.1, Avg: 21.4, Max: 21.8, Diff: 0.7, Sum: 170.9]
         [Processed Buffers: Min: 18, Avg: 20.5, Max: 23, Diff: 5, Sum: 164]
      [Scan RS (ms): Min: 13.9, Avg: 14.3, Max: 14.6, Diff: 0.7, Sum: 114.7]
      [Code Root Scanning (ms): Min: 0.0, Avg: 0.0, Max: 0.0, Diff: 0.0, Sum: 0.0]
      [Object Copy (ms): Min: 123.9, Avg: 123.9, Max: 124.0, Diff: 0.1, Sum: 991.4]
      [Termination (ms): Min: 0.0, Avg: 0.0, Max: 0.1, Diff: 0.1, Sum: 0.2]
         [Termination Attempts: Min: 1, Avg: 153.0, Max: 219, Diff: 218, Sum: 1224]
      [GC Worker Other (ms): Min: 0.0, Avg: 0.0, Max: 0.1, Diff: 0.1, Sum: 0.3]
      [GC Worker Total (ms): Min: 159.6, Avg: 159.8, Max: 159.9, Diff: 0.2, Sum: 1278.0]
      [GC Worker End (ms): Min: 164947.6, Avg: 164947.6, Max: 164947.6, Diff: 0.1]
   [Code Root Fixup: 0.0 ms]
   [Code Root Purge: 0.0 ms]
   [Clear CT: 0.2 ms]
   [Other: 1.1 ms]
      [Choose CSet: 0.0 ms]
      [Ref Proc: 0.2 ms]
      [Ref Enq: 0.0 ms]
      [Redirty Cards: 0.3 ms]
      [Humongous Register: 0.0 ms]
      [Humongous Reclaim: 0.0 ms]
      [Free CSet: 0.3 ms]
   [Eden: 281.0M(281.0M)->0.0B(287.0M) Survivors: 40.0M->41.0M Heap: 995.6M(2048.0M)->997.1M(2048.0M)]
 [Times: user=1.22 sys=0.02, real=0.16 secs] 
2020-09-29T12:01:42.731+0200: 164.963: [GC pause (G1 Humongous Allocation) (young) (initial-mark), 0.0500305 secs]
   [Parallel Time: 49.1 ms, GC Workers: 8]
      [GC Worker Start (ms): Min: 164963.5, Avg: 164963.5, Max: 164963.6, Diff: 0.2]
      [Ext Root Scanning (ms): Min: 0.0, Avg: 0.2, Max: 0.3, Diff: 0.3, Sum: 1.4]
      [Update RS (ms): Min: 25.4, Avg: 25.6, Max: 26.1, Diff: 0.7, Sum: 205.1]
         [Processed Buffers: Min: 26, Avg: 30.5, Max: 34, Diff: 8, Sum: 244]
      [Scan RS (ms): Min: 2.2, Avg: 2.5, Max: 2.8, Diff: 0.6, Sum: 20.2]
      [Code Root Scanning (ms): Min: 0.0, Avg: 0.0, Max: 0.0, Diff: 0.0, Sum: 0.0]
      [Object Copy (ms): Min: 20.4, Avg: 20.5, Max: 20.5, Diff: 0.1, Sum: 163.8]
      [Termination (ms): Min: 0.0, Avg: 0.0, Max: 0.0, Diff: 0.0, Sum: 0.2]
         [Termination Attempts: Min: 1, Avg: 164.6, Max: 248, Diff: 247, Sum: 1317]
      [GC Worker Other (ms): Min: 0.0, Avg: 0.0, Max: 0.0, Diff: 0.0, Sum: 0.2]
      [GC Worker Total (ms): Min: 48.8, Avg: 48.9, Max: 48.9, Diff: 0.2, Sum: 390.9]
      [GC Worker End (ms): Min: 165012.4, Avg: 165012.4, Max: 165012.4, Diff: 0.0]
   [Code Root Fixup: 0.0 ms]
   [Code Root Purge: 0.0 ms]
   [Clear CT: 0.1 ms]
   [Other: 0.8 ms]
      [Choose CSet: 0.0 ms]
      [Ref Proc: 0.2 ms]
      [Ref Enq: 0.0 ms]
      [Redirty Cards: 0.2 ms]
      [Humongous Register: 0.1 ms]
      [Humongous Reclaim: 0.0 ms]
      [Free CSet: 0.1 ms]
   [Eden: 3072.0K(287.0M)->0.0B(333.0M) Survivors: 41.0M->5120.0K Heap: 1000.1M(2048.0M)->1004.6M(2048.0M)]
 [Times: user=0.38 sys=0.00, real=0.05 secs] 
2020-09-29T12:01:42.782+0200: 165.013: [GC concurrent-root-region-scan-start]
2020-09-29T12:01:42.783+0200: 165.015: [GC concurrent-root-region-scan-end, 0.0011682 secs]
2020-09-29T12:01:42.783+0200: 165.015: [GC concurrent-mark-start]
2020-09-29T12:01:42.787+0200: 165.018: [GC concurrent-mark-end, 0.0038671 secs]
2020-09-29T12:01:42.787+0200: 165.019: [GC remark 2020-09-29T12:01:42.787+0200: 165.019: [Finalize Marking, 0.0001914 secs] 2020-09-29T12:01:42.787+0200: 165.019: [GC ref-proc, 0.0003027 secs] 2020-09-29T12:01:42.787+0200: 165.019: [Unloading, 0.0005096 secs], 0.0015492 secs]
 [Times: user=0.00 sys=0.00, real=0.00 secs] 
2020-09-29T12:01:42.789+0200: 165.021: [GC cleanup 1014M->20M(2048M), 0.0017552 secs]
 [Times: user=0.00 sys=0.00, real=0.00 secs] 
2020-09-29T12:01:42.791+0200: 165.023: [GC concurrent-cleanup-start]
2020-09-29T12:01:42.792+0200: 165.024: [GC concurrent-cleanup-end, 0.0015293 secs]
2020-09-29T12:01:42.975+0200: 165.207: [GC pause (G1 Evacuation Pause) (young), 0.1805205 secs]
   [Parallel Time: 179.3 ms, GC Workers: 8]
      [GC Worker Start (ms): Min: 165207.2, Avg: 165207.3, Max: 165207.4, Diff: 0.2]
      [Ext Root Scanning (ms): Min: 0.0, Avg: 0.1, Max: 0.2, Diff: 0.2, Sum: 0.7]
      [Update RS (ms): Min: 11.2, Avg: 11.4, Max: 12.0, Diff: 0.8, Sum: 90.9]
         [Processed Buffers: Min: 12, Avg: 14.6, Max: 17, Diff: 5, Sum: 117]
      [Scan RS (ms): Min: 16.8, Avg: 17.5, Max: 17.9, Diff: 1.1, Sum: 139.6]
      [Code Root Scanning (ms): Min: 0.0, Avg: 0.0, Max: 0.0, Diff: 0.0, Sum: 0.0]
      [Object Copy (ms): Min: 149.2, Avg: 149.7, Max: 150.2, Diff: 0.9, Sum: 1197.3]
      [Termination (ms): Min: 0.0, Avg: 0.4, Max: 0.7, Diff: 0.7, Sum: 3.5]
         [Termination Attempts: Min: 1, Avg: 3067.8, Max: 4323, Diff: 4322, Sum: 24542]
      [GC Worker Other (ms): Min: 0.0, Avg: 0.1, Max: 0.1, Diff: 0.1, Sum: 0.4]
      [GC Worker Total (ms): Min: 179.0, Avg: 179.1, Max: 179.1, Diff: 0.2, Sum: 1432.5]
      [GC Worker End (ms): Min: 165386.3, Avg: 165386.3, Max: 165386.4, Diff: 0.1]
   [Code Root Fixup: 0.0 ms]
   [Code Root Purge: 0.0 ms]
   [Clear CT: 0.2 ms]
   [Other: 1.1 ms]
      [Choose CSet: 0.0 ms]
      [Ref Proc: 0.3 ms]
      [Ref Enq: 0.0 ms]
      [Redirty Cards: 0.2 ms]
      [Humongous Register: 0.0 ms]
      [Humongous Reclaim: 0.0 ms]
      [Free CSet: 0.2 ms]
   [Eden: 333.0M(333.0M)->0.0B(295.0M) Survivors: 5120.0K->43.0M Heap: 401.2M(2048.0M)->398.2M(2048.0M)]
 [Times: user=1.33 sys=0.03, real=0.18 secs] 
2020-09-29T12:01:43.308+0200: 165.539: [GC pause (G1 Evacuation Pause) (young), 0.1775278 secs]
   [Parallel Time: 176.3 ms, GC Workers: 8]
      [GC Worker Start (ms): Min: 165539.1, Avg: 165539.2, Max: 165539.3, Diff: 0.2]
      [Ext Root Scanning (ms): Min: 0.0, Avg: 0.1, Max: 0.2, Diff: 0.2, Sum: 0.5]
      [Update RS (ms): Min: 12.4, Avg: 12.6, Max: 12.8, Diff: 0.4, Sum: 100.9]
         [Processed Buffers: Min: 14, Avg: 14.9, Max: 17, Diff: 3, Sum: 119]
      [Scan RS (ms): Min: 18.1, Avg: 18.3, Max: 18.6, Diff: 0.5, Sum: 146.5]
      [Code Root Scanning (ms): Min: 0.0, Avg: 0.0, Max: 0.0, Diff: 0.0, Sum: 0.0]
      [Object Copy (ms): Min: 144.7, Avg: 144.9, Max: 145.2, Diff: 0.5, Sum: 1158.9]
      [Termination (ms): Min: 0.0, Avg: 0.2, Max: 0.2, Diff: 0.2, Sum: 1.4]
         [Termination Attempts: Min: 1, Avg: 1252.5, Max: 1479, Diff: 1478, Sum: 10020]
      [GC Worker Other (ms): Min: 0.0, Avg: 0.0, Max: 0.1, Diff: 0.1, Sum: 0.3]
      [GC Worker Total (ms): Min: 176.0, Avg: 176.1, Max: 176.2, Diff: 0.2, Sum: 1408.6]
      [GC Worker End (ms): Min: 165715.2, Avg: 165715.3, Max: 165715.3, Diff: 0.0]
   [Code Root Fixup: 0.0 ms]
   [Code Root Purge: 0.0 ms]
   [Clear CT: 0.2 ms]
   [Other: 1.0 ms]
      [Choose CSet: 0.0 ms]
      [Ref Proc: 0.2 ms]
      [Ref Enq: 0.0 ms]
      [Redirty Cards: 0.2 ms]
      [Humongous Register: 0.0 ms]
      [Humongous Reclaim: 0.0 ms]
      [Free CSet: 0.3 ms]
   [Eden: 295.0M(295.0M)->0.0B(290.0M) Survivors: 43.0M->43.0M Heap: 740.9M(2048.0M)->742.9M(2048.0M)]
 [Times: user=1.38 sys=0.00, real=0.18 secs] 
2020-09-29T12:01:43.657+0200: 165.889: [GC pause (G1 Evacuation Pause) (young), 0.1916870 secs]
   [Parallel Time: 190.3 ms, GC Workers: 8]
      [GC Worker Start (ms): Min: 165888.7, Avg: 165888.7, Max: 165888.9, Diff: 0.2]
      [Ext Root Scanning (ms): Min: 0.0, Avg: 0.1, Max: 0.1, Diff: 0.1, Sum: 0.7]
      [Update RS (ms): Min: 18.4, Avg: 18.6, Max: 19.3, Diff: 0.9, Sum: 148.9]
         [Processed Buffers: Min: 0, Avg: 18.9, Max: 25, Diff: 25, Sum: 151]
      [Scan RS (ms): Min: 18.8, Avg: 19.7, Max: 20.1, Diff: 1.2, Sum: 157.3]
      [Code Root Scanning (ms): Min: 0.0, Avg: 0.0, Max: 0.0, Diff: 0.0, Sum: 0.0]
      [Object Copy (ms): Min: 151.4, Avg: 151.6, Max: 151.7, Diff: 0.3, Sum: 1212.9]
      [Termination (ms): Min: 0.0, Avg: 0.1, Max: 0.2, Diff: 0.2, Sum: 1.1]
         [Termination Attempts: Min: 1, Avg: 874.5, Max: 1123, Diff: 1122, Sum: 6996]
      [GC Worker Other (ms): Min: 0.0, Avg: 0.0, Max: 0.1, Diff: 0.1, Sum: 0.4]
      [GC Worker Total (ms): Min: 190.1, Avg: 190.2, Max: 190.2, Diff: 0.2, Sum: 1521.3]
      [GC Worker End (ms): Min: 166078.9, Avg: 166078.9, Max: 166078.9, Diff: 0.1]
   [Code Root Fixup: 0.0 ms]
   [Code Root Purge: 0.0 ms]
   [Clear CT: 0.2 ms]
   [Other: 1.2 ms]
      [Choose CSet: 0.0 ms]
      [Ref Proc: 0.2 ms]
      [Ref Enq: 0.0 ms]
      [Redirty Cards: 0.3 ms]
      [Humongous Register: 0.1 ms]
      [Humongous Reclaim: 0.0 ms]
      [Free CSet: 0.4 ms]
   [Eden: 290.0M(290.0M)->0.0B(275.0M) Survivors: 43.0M->42.0M Heap: 1082.5M(2048.0M)->1084.5M(2048.0M)]
 [Times: user=1.48 sys=0.00, real=0.19 secs] 
2020-09-29T12:01:43.872+0200: 166.103: [GC pause (G1 Humongous Allocation) (young) (initial-mark), 0.0512301 secs]
   [Parallel Time: 50.2 ms, GC Workers: 8]
      [GC Worker Start (ms): Min: 166103.5, Avg: 166103.6, Max: 166103.7, Diff: 0.2]
      [Ext Root Scanning (ms): Min: 0.0, Avg: 3.4, Max: 12.2, Diff: 12.2, Sum: 27.0]
      [Update RS (ms): Min: 14.5, Avg: 23.2, Max: 26.7, Diff: 12.1, Sum: 185.8]
         [Processed Buffers: Min: 17, Avg: 25.9, Max: 31, Diff: 14, Sum: 207]
      [Scan RS (ms): Min: 2.5, Avg: 2.8, Max: 3.1, Diff: 0.6, Sum: 22.1]
      [Code Root Scanning (ms): Min: 0.0, Avg: 0.0, Max: 0.0, Diff: 0.0, Sum: 0.0]
      [Object Copy (ms): Min: 20.6, Avg: 20.6, Max: 20.7, Diff: 0.1, Sum: 165.1]
      [Termination (ms): Min: 0.0, Avg: 0.0, Max: 0.0, Diff: 0.0, Sum: 0.1]
         [Termination Attempts: Min: 1, Avg: 47.8, Max: 65, Diff: 64, Sum: 382]
      [GC Worker Other (ms): Min: 0.0, Avg: 0.0, Max: 0.0, Diff: 0.0, Sum: 0.1]
      [GC Worker Total (ms): Min: 49.9, Avg: 50.0, Max: 50.1, Diff: 0.2, Sum: 400.1]
      [GC Worker End (ms): Min: 166153.6, Avg: 166153.6, Max: 166153.6, Diff: 0.0]
   [Code Root Fixup: 0.0 ms]
   [Code Root Purge: 0.0 ms]
   [Clear CT: 0.2 ms]
   [Other: 0.8 ms]
      [Choose CSet: 0.0 ms]
      [Ref Proc: 0.1 ms]
      [Ref Enq: 0.0 ms]
      [Redirty Cards: 0.2 ms]
      [Humongous Register: 0.1 ms]
      [Humongous Reclaim: 0.0 ms]
      [Free CSet: 0.1 ms]
   [Eden: 10.0M(275.0M)->0.0B(325.0M) Survivors: 42.0M->11.0M Heap: 1094.0M(2048.0M)->1098.0M(2048.0M)]
 [Times: user=0.31 sys=0.00, real=0.05 secs] 
2020-09-29T12:01:43.923+0200: 166.155: [GC concurrent-root-region-scan-start]
2020-09-29T12:01:43.926+0200: 166.158: [GC concurrent-root-region-scan-end, 0.0030873 secs]
2020-09-29T12:01:43.926+0200: 166.158: [GC concurrent-mark-start]
2020-09-29T12:01:43.932+0200: 166.163: [GC concurrent-mark-end, 0.0051882 secs]
2020-09-29T12:01:43.932+0200: 166.163: [GC remark 2020-09-29T12:01:43.932+0200: 166.163: [Finalize Marking, 0.0002416 secs] 2020-09-29T12:01:43.932+0200: 166.164: [GC ref-proc, 0.0004113 secs] 2020-09-29T12:01:43.932+0200: 166.164: [Unloading, 0.0005225 secs], 0.0015671 secs]
 [Times: user=0.00 sys=0.00, real=0.00 secs] 
2020-09-29T12:01:43.934+0200: 166.165: [GC cleanup 1116M->35M(2048M), 0.0017855 secs]
 [Times: user=0.00 sys=0.00, real=0.00 secs] 
2020-09-29T12:01:43.936+0200: 166.167: [GC concurrent-cleanup-start]
2020-09-29T12:01:43.938+0200: 166.169: [GC concurrent-cleanup-end, 0.0020588 secs]
2020-09-29T12:01:44.164+0200: 166.396: [GC pause (G1 Evacuation Pause) (young), 0.1725281 secs]
   [Parallel Time: 171.3 ms, GC Workers: 8]
      [GC Worker Start (ms): Min: 166395.7, Avg: 166396.5, Max: 166401.7, Diff: 6.0]
      [Ext Root Scanning (ms): Min: 0.0, Avg: 0.1, Max: 0.1, Diff: 0.1, Sum: 0.7]
      [Update RS (ms): Min: 11.1, Avg: 16.2, Max: 17.1, Diff: 6.0, Sum: 130.0]
         [Processed Buffers: Min: 12, Avg: 16.1, Max: 20, Diff: 8, Sum: 129]
      [Scan RS (ms): Min: 17.1, Avg: 17.5, Max: 18.4, Diff: 1.3, Sum: 140.1]
      [Code Root Scanning (ms): Min: 0.0, Avg: 0.0, Max: 0.0, Diff: 0.0, Sum: 0.0]
      [Object Copy (ms): Min: 135.2, Avg: 136.3, Max: 136.7, Diff: 1.5, Sum: 1090.3]
      [Termination (ms): Min: 0.1, Avg: 0.3, Max: 0.3, Diff: 0.2, Sum: 2.0]
         [Termination Attempts: Min: 1, Avg: 796.0, Max: 1136, Diff: 1135, Sum: 6368]
      [GC Worker Other (ms): Min: 0.0, Avg: 0.0, Max: 0.1, Diff: 0.1, Sum: 0.4]
      [GC Worker Total (ms): Min: 165.2, Avg: 170.4, Max: 171.2, Diff: 6.0, Sum: 1363.5]
      [GC Worker End (ms): Min: 166566.9, Avg: 166566.9, Max: 166566.9, Diff: 0.1]
   [Code Root Fixup: 0.0 ms]
   [Code Root Purge: 0.0 ms]
   [Clear CT: 0.2 ms]
   [Other: 1.0 ms]
      [Choose CSet: 0.0 ms]
      [Ref Proc: 0.2 ms]
      [Ref Enq: 0.0 ms]
      [Redirty Cards: 0.2 ms]
      [Humongous Register: 0.1 ms]
      [Humongous Reclaim: 0.0 ms]
      [Free CSet: 0.3 ms]
   [Eden: 324.0M(314.0M)->0.0B(310.0M) Survivors: 11.0M->41.0M Heap: 396.3M(2048.0M)->387.3M(2048.0M)]
 [Times: user=1.28 sys=0.00, real=0.17 secs] 
2020-09-29T12:01:44.552+0200: 166.783: [GC pause (G1 Evacuation Pause) (young), 0.2273686 secs]
   [Parallel Time: 226.0 ms, GC Workers: 8]
      [GC Worker Start (ms): Min: 166783.4, Avg: 166783.5, Max: 166783.5, Diff: 0.2]
      [Ext Root Scanning (ms): Min: 0.0, Avg: 0.1, Max: 0.2, Diff: 0.2, Sum: 0.7]
      [Update RS (ms): Min: 16.7, Avg: 16.8, Max: 17.2, Diff: 0.5, Sum: 134.4]
         [Processed Buffers: Min: 16, Avg: 18.3, Max: 21, Diff: 5, Sum: 146]
      [Scan RS (ms): Min: 18.9, Avg: 22.8, Max: 41.6, Diff: 22.7, Sum: 182.0]
      [Code Root Scanning (ms): Min: 0.0, Avg: 0.0, Max: 0.0, Diff: 0.0, Sum: 0.0]
      [Object Copy (ms): Min: 167.4, Avg: 185.7, Max: 189.2, Diff: 21.9, Sum: 1485.7]
      [Termination (ms): Min: 0.0, Avg: 0.5, Max: 0.7, Diff: 0.7, Sum: 3.6]
         [Termination Attempts: Min: 1, Avg: 3205.8, Max: 4573, Diff: 4572, Sum: 25646]
      [GC Worker Other (ms): Min: 0.0, Avg: 0.0, Max: 0.0, Diff: 0.0, Sum: 0.2]
      [GC Worker Total (ms): Min: 225.8, Avg: 225.8, Max: 225.9, Diff: 0.1, Sum: 1806.7]
      [GC Worker End (ms): Min: 167009.3, Avg: 167009.3, Max: 167009.3, Diff: 0.0]
   [Code Root Fixup: 0.0 ms]
   [Code Root Purge: 0.0 ms]
   [Clear CT: 0.3 ms]
   [Other: 1.0 ms]
      [Choose CSet: 0.0 ms]
      [Ref Proc: 0.2 ms]
      [Ref Enq: 0.0 ms]
      [Redirty Cards: 0.3 ms]
      [Humongous Register: 0.0 ms]
      [Humongous Reclaim: 0.0 ms]
      [Free CSet: 0.3 ms]
   [Eden: 310.0M(310.0M)->0.0B(265.0M) Survivors: 41.0M->44.0M Heap: 748.8M(2048.0M)->751.3M(2048.0M)]
 [Times: user=1.55 sys=0.01, real=0.23 secs] 
2020-09-29T12:01:44.950+0200: 167.181: [GC pause (G1 Evacuation Pause) (young), 0.1678863 secs]
   [Parallel Time: 166.7 ms, GC Workers: 8]
      [GC Worker Start (ms): Min: 167180.9, Avg: 167181.0, Max: 167181.1, Diff: 0.2]
      [Ext Root Scanning (ms): Min: 0.0, Avg: 0.1, Max: 0.1, Diff: 0.1, Sum: 0.6]
      [Update RS (ms): Min: 25.3, Avg: 25.5, Max: 25.7, Diff: 0.5, Sum: 203.8]
         [Processed Buffers: Min: 15, Avg: 23.4, Max: 28, Diff: 13, Sum: 187]
      [Scan RS (ms): Min: 12.4, Avg: 12.6, Max: 13.0, Diff: 0.7, Sum: 101.1]
      [Code Root Scanning (ms): Min: 0.0, Avg: 0.0, Max: 0.0, Diff: 0.0, Sum: 0.0]
      [Object Copy (ms): Min: 127.9, Avg: 128.2, Max: 128.3, Diff: 0.4, Sum: 1025.7]
      [Termination (ms): Min: 0.0, Avg: 0.1, Max: 0.1, Diff: 0.1, Sum: 0.9]
         [Termination Attempts: Min: 1, Avg: 518.6, Max: 699, Diff: 698, Sum: 4149]
      [GC Worker Other (ms): Min: 0.0, Avg: 0.0, Max: 0.0, Diff: 0.0, Sum: 0.1]
      [GC Worker Total (ms): Min: 166.4, Avg: 166.5, Max: 166.6, Diff: 0.2, Sum: 1332.2]
      [GC Worker End (ms): Min: 167347.5, Avg: 167347.5, Max: 167347.5, Diff: 0.0]
   [Code Root Fixup: 0.0 ms]
   [Code Root Purge: 0.0 ms]
   [Clear CT: 0.2 ms]
   [Other: 1.0 ms]
      [Choose CSet: 0.0 ms]
      [Ref Proc: 0.2 ms]
      [Ref Enq: 0.0 ms]
      [Redirty Cards: 0.3 ms]
      [Humongous Register: 0.0 ms]
      [Humongous Reclaim: 0.0 ms]
      [Free CSet: 0.3 ms]
   [Eden: 265.0M(265.0M)->0.0B(276.0M) Survivors: 44.0M->39.0M Heap: 1060.2M(2048.0M)->1062.2M(2048.0M)]
 [Times: user=1.33 sys=0.00, real=0.17 secs] 
2020-09-29T12:01:45.129+0200: 167.360: [GC pause (G1 Humongous Allocation) (young) (initial-mark), 0.0502822 secs]
   [Parallel Time: 49.3 ms, GC Workers: 8]
      [GC Worker Start (ms): Min: 167360.6, Avg: 167360.7, Max: 167360.7, Diff: 0.1]
      [Ext Root Scanning (ms): Min: 0.0, Avg: 0.1, Max: 0.1, Diff: 0.1, Sum: 0.8]
      [Update RS (ms): Min: 27.3, Avg: 27.6, Max: 27.9, Diff: 0.7, Sum: 221.1]
         [Processed Buffers: Min: 31, Avg: 33.8, Max: 36, Diff: 5, Sum: 270]
      [Scan RS (ms): Min: 2.1, Avg: 2.4, Max: 2.7, Diff: 0.7, Sum: 19.0]
      [Code Root Scanning (ms): Min: 0.0, Avg: 0.0, Max: 0.0, Diff: 0.0, Sum: 0.0]
      [Object Copy (ms): Min: 19.0, Avg: 19.0, Max: 19.0, Diff: 0.1, Sum: 152.0]
      [Termination (ms): Min: 0.0, Avg: 0.0, Max: 0.0, Diff: 0.0, Sum: 0.1]
         [Termination Attempts: Min: 1, Avg: 49.0, Max: 62, Diff: 61, Sum: 392]
      [GC Worker Other (ms): Min: 0.0, Avg: 0.0, Max: 0.0, Diff: 0.0, Sum: 0.1]
      [GC Worker Total (ms): Min: 49.1, Avg: 49.1, Max: 49.2, Diff: 0.1, Sum: 393.0]
      [GC Worker End (ms): Min: 167409.8, Avg: 167409.8, Max: 167409.8, Diff: 0.0]
   [Code Root Fixup: 0.0 ms]
   [Code Root Purge: 0.0 ms]
   [Clear CT: 0.2 ms]
   [Other: 0.8 ms]
      [Choose CSet: 0.0 ms]
      [Ref Proc: 0.2 ms]
      [Ref Enq: 0.0 ms]
      [Redirty Cards: 0.2 ms]
      [Humongous Register: 0.1 ms]
      [Humongous Reclaim: 0.0 ms]
      [Free CSet: 0.1 ms]
   [Eden: 6144.0K(276.0M)->0.0B(323.0M) Survivors: 39.0M->7168.0K Heap: 1067.7M(2048.0M)->1071.2M(2048.0M)]
 [Times: user=0.38 sys=0.02, real=0.05 secs] 
2020-09-29T12:01:45.180+0200: 167.411: [GC concurrent-root-region-scan-start]
2020-09-29T12:01:45.182+0200: 167.413: [GC concurrent-root-region-scan-end, 0.0019918 secs]
2020-09-29T12:01:45.182+0200: 167.413: [GC concurrent-mark-start]
2020-09-29T12:01:45.187+0200: 167.418: [GC concurrent-mark-end, 0.0052221 secs]
2020-09-29T12:01:45.187+0200: 167.418: [GC remark 2020-09-29T12:01:45.187+0200: 167.419: [Finalize Marking, 0.0002336 secs] 2020-09-29T12:01:45.188+0200: 167.419: [GC ref-proc, 0.0003961 secs] 2020-09-29T12:01:45.188+0200: 167.419: [Unloading, 0.0005092 secs], 0.0014630 secs]
 [Times: user=0.00 sys=0.00, real=0.00 secs] 
2020-09-29T12:01:45.189+0200: 167.420: [GC cleanup 1086M->28M(2048M), 0.0013957 secs]
 [Times: user=0.00 sys=0.00, real=0.00 secs] 
2020-09-29T12:01:45.191+0200: 167.422: [GC concurrent-cleanup-start]
2020-09-29T12:01:45.192+0200: 167.424: [GC concurrent-cleanup-end, 0.0018646 secs]
2020-09-29T12:01:45.380+0200: 167.611: [GC pause (G1 Evacuation Pause) (young), 0.1677090 secs]
   [Parallel Time: 166.7 ms, GC Workers: 8]
      [GC Worker Start (ms): Min: 167610.9, Avg: 167611.0, Max: 167611.4, Diff: 0.5]
      [Ext Root Scanning (ms): Min: 0.0, Avg: 0.1, Max: 0.2, Diff: 0.2, Sum: 0.7]
      [Update RS (ms): Min: 18.5, Avg: 18.9, Max: 19.6, Diff: 1.1, Sum: 151.4]
         [Processed Buffers: Min: 17, Avg: 20.5, Max: 23, Diff: 6, Sum: 164]
      [Scan RS (ms): Min: 14.2, Avg: 14.9, Max: 15.1, Diff: 0.9, Sum: 119.0]
      [Code Root Scanning (ms): Min: 0.0, Avg: 0.0, Max: 0.0, Diff: 0.0, Sum: 0.0]
      [Object Copy (ms): Min: 132.4, Avg: 132.5, Max: 132.5, Diff: 0.2, Sum: 1059.7]
      [Termination (ms): Min: 0.0, Avg: 0.0, Max: 0.1, Diff: 0.0, Sum: 0.3]
         [Termination Attempts: Min: 1, Avg: 252.0, Max: 344, Diff: 343, Sum: 2016]
      [GC Worker Other (ms): Min: 0.0, Avg: 0.0, Max: 0.1, Diff: 0.1, Sum: 0.3]
      [GC Worker Total (ms): Min: 166.1, Avg: 166.4, Max: 166.5, Diff: 0.4, Sum: 1331.5]
      [GC Worker End (ms): Min: 167777.4, Avg: 167777.4, Max: 167777.5, Diff: 0.0]
   [Code Root Fixup: 0.0 ms]
   [Code Root Purge: 0.0 ms]
   [Clear CT: 0.2 ms]
   [Other: 0.9 ms]
      [Choose CSet: 0.0 ms]
      [Ref Proc: 0.2 ms]
      [Ref Enq: 0.0 ms]
      [Redirty Cards: 0.1 ms]
      [Humongous Register: 0.0 ms]
      [Humongous Reclaim: 0.0 ms]
      [Free CSet: 0.3 ms]
   [Eden: 323.0M(323.0M)->0.0B(298.0M) Survivors: 7168.0K->42.0M Heap: 391.3M(2048.0M)->385.8M(2048.0M)]
 [Times: user=1.17 sys=0.05, real=0.17 secs] 
2020-09-29T12:01:45.739+0200: 167.970: [GC pause (G1 Evacuation Pause) (young), 0.1898230 secs]
   [Parallel Time: 188.5 ms, GC Workers: 8]
      [GC Worker Start (ms): Min: 167970.1, Avg: 167970.2, Max: 167970.3, Diff: 0.2]
      [Ext Root Scanning (ms): Min: 0.0, Avg: 0.1, Max: 0.2, Diff: 0.2, Sum: 0.5]
      [Update RS (ms): Min: 16.6, Avg: 16.7, Max: 17.1, Diff: 0.5, Sum: 133.9]
         [Processed Buffers: Min: 15, Avg: 16.4, Max: 19, Diff: 4, Sum: 131]
      [Scan RS (ms): Min: 23.3, Avg: 23.6, Max: 24.0, Diff: 0.6, Sum: 188.8]
      [Code Root Scanning (ms): Min: 0.0, Avg: 0.0, Max: 0.0, Diff: 0.0, Sum: 0.0]
      [Object Copy (ms): Min: 147.6, Avg: 147.7, Max: 147.8, Diff: 0.2, Sum: 1181.6]
      [Termination (ms): Min: 0.0, Avg: 0.2, Max: 0.2, Diff: 0.2, Sum: 1.6]
         [Termination Attempts: Min: 1, Avg: 1464.4, Max: 1872, Diff: 1871, Sum: 11715]
      [GC Worker Other (ms): Min: 0.0, Avg: 0.0, Max: 0.1, Diff: 0.0, Sum: 0.2]
      [GC Worker Total (ms): Min: 188.3, Avg: 188.3, Max: 188.4, Diff: 0.2, Sum: 1506.7]
      [GC Worker End (ms): Min: 168158.5, Avg: 168158.6, Max: 168158.6, Diff: 0.0]
   [Code Root Fixup: 0.0 ms]
   [Code Root Purge: 0.0 ms]
   [Clear CT: 0.2 ms]
   [Other: 1.1 ms]
      [Choose CSet: 0.0 ms]
      [Ref Proc: 0.3 ms]
      [Ref Enq: 0.0 ms]
      [Redirty Cards: 0.2 ms]
      [Humongous Register: 0.0 ms]
      [Humongous Reclaim: 0.0 ms]
      [Free CSet: 0.3 ms]
   [Eden: 298.0M(298.0M)->0.0B(277.0M) Survivors: 42.0M->43.0M Heap: 733.4M(2048.0M)->734.9M(2048.0M)]
 [Times: user=1.49 sys=0.02, real=0.19 secs] 
2020-09-29T12:01:46.125+0200: 168.357: [GC pause (G1 Evacuation Pause) (young), 0.2440585 secs]
   [Parallel Time: 242.5 ms, GC Workers: 8]
      [GC Worker Start (ms): Min: 168357.0, Avg: 168360.1, Max: 168381.6, Diff: 24.7]
      [Ext Root Scanning (ms): Min: 0.0, Avg: 0.1, Max: 0.2, Diff: 0.2, Sum: 0.6]
      [Update RS (ms): Min: 0.0, Avg: 21.1, Max: 24.3, Diff: 24.3, Sum: 168.8]
         [Processed Buffers: Min: 0, Avg: 19.4, Max: 24, Diff: 24, Sum: 155]
      [Scan RS (ms): Min: 20.1, Avg: 22.2, Max: 35.9, Diff: 15.8, Sum: 178.0]
      [Code Root Scanning (ms): Min: 0.0, Avg: 0.0, Max: 0.0, Diff: 0.0, Sum: 0.0]
      [Object Copy (ms): Min: 181.9, Avg: 195.5, Max: 197.7, Diff: 15.8, Sum: 1564.2]
      [Termination (ms): Min: 0.0, Avg: 0.3, Max: 0.4, Diff: 0.3, Sum: 2.2]
         [Termination Attempts: Min: 1, Avg: 1727.1, Max: 2342, Diff: 2341, Sum: 13817]
      [GC Worker Other (ms): Min: 0.0, Avg: 0.0, Max: 0.0, Diff: 0.0, Sum: 0.1]
      [GC Worker Total (ms): Min: 217.7, Avg: 239.2, Max: 242.4, Diff: 24.7, Sum: 1914.0]
      [GC Worker End (ms): Min: 168599.4, Avg: 168599.4, Max: 168599.4, Diff: 0.0]
   [Code Root Fixup: 0.0 ms]
   [Code Root Purge: 0.0 ms]
   [Clear CT: 0.2 ms]
   [Other: 1.3 ms]
      [Choose CSet: 0.0 ms]
      [Ref Proc: 0.3 ms]
      [Ref Enq: 0.0 ms]
      [Redirty Cards: 0.3 ms]
      [Humongous Register: 0.1 ms]
      [Humongous Reclaim: 0.0 ms]
      [Free CSet: 0.4 ms]
   [Eden: 277.0M(277.0M)->0.0B(217.0M) Survivors: 43.0M->40.0M Heap: 1057.7M(2048.0M)->1059.7M(2048.0M)]
 [Times: user=1.64 sys=0.00, real=0.24 secs] 
2020-09-29T12:01:46.385+0200: 168.616: [GC pause (G1 Humongous Allocation) (young) (initial-mark), 0.0602819 secs]
   [Parallel Time: 59.1 ms, GC Workers: 8]
      [GC Worker Start (ms): Min: 168616.7, Avg: 168616.8, Max: 168616.9, Diff: 0.3]
      [Ext Root Scanning (ms): Min: 0.0, Avg: 0.3, Max: 0.8, Diff: 0.7, Sum: 2.2]
      [Update RS (ms): Min: 29.3, Avg: 29.9, Max: 30.5, Diff: 1.2, Sum: 239.0]
         [Processed Buffers: Min: 29, Avg: 32.8, Max: 36, Diff: 7, Sum: 262]
      [Scan RS (ms): Min: 2.4, Avg: 3.0, Max: 3.5, Diff: 1.1, Sum: 24.2]
      [Code Root Scanning (ms): Min: 0.0, Avg: 0.0, Max: 0.0, Diff: 0.0, Sum: 0.0]
      [Object Copy (ms): Min: 25.2, Avg: 25.4, Max: 25.5, Diff: 0.2, Sum: 203.1]
      [Termination (ms): Min: 0.0, Avg: 0.1, Max: 0.1, Diff: 0.1, Sum: 0.5]
         [Termination Attempts: Min: 1, Avg: 425.0, Max: 626, Diff: 625, Sum: 3400]
      [GC Worker Other (ms): Min: 0.0, Avg: 0.0, Max: 0.0, Diff: 0.0, Sum: 0.1]
      [GC Worker Total (ms): Min: 58.5, Avg: 58.6, Max: 58.7, Diff: 0.3, Sum: 469.0]
      [GC Worker End (ms): Min: 168675.4, Avg: 168675.4, Max: 168675.4, Diff: 0.0]
   [Code Root Fixup: 0.0 ms]
   [Code Root Purge: 0.0 ms]
   [Clear CT: 0.4 ms]
   [Other: 0.8 ms]
      [Choose CSet: 0.0 ms]
      [Ref Proc: 0.2 ms]
      [Ref Enq: 0.0 ms]
      [Redirty Cards: 0.2 ms]
      [Humongous Register: 0.1 ms]
      [Humongous Reclaim: 0.0 ms]
      [Free CSet: 0.1 ms]
   [Eden: 7168.0K(217.0M)->0.0B(255.0M) Survivors: 40.0M->8192.0K Heap: 1066.2M(2048.0M)->1069.7M(2048.0M)]
 [Times: user=0.50 sys=0.00, real=0.06 secs] 
2020-09-29T12:01:46.445+0200: 168.677: [GC concurrent-root-region-scan-start]
2020-09-29T12:01:46.448+0200: 168.679: [GC concurrent-root-region-scan-end, 0.0027970 secs]
2020-09-29T12:01:46.448+0200: 168.679: [GC concurrent-mark-start]
2020-09-29T12:01:46.453+0200: 168.684: [GC concurrent-mark-end, 0.0042848 secs]
2020-09-29T12:01:46.453+0200: 168.684: [GC remark 2020-09-29T12:01:46.453+0200: 168.684: [Finalize Marking, 0.0001777 secs] 2020-09-29T12:01:46.453+0200: 168.685: [GC ref-proc, 0.0004314 secs] 2020-09-29T12:01:46.454+0200: 168.685: [Unloading, 0.0006734 secs], 0.0017177 secs]
 [Times: user=0.00 sys=0.00, real=0.00 secs] 
2020-09-29T12:01:46.455+0200: 168.687: [GC cleanup 1086M->30M(2048M), 0.0025933 secs]
 [Times: user=0.00 sys=0.01, real=0.00 secs] 
2020-09-29T12:01:46.458+0200: 168.689: [GC concurrent-cleanup-start]
2020-09-29T12:01:46.460+0200: 168.691: [GC concurrent-cleanup-end, 0.0021425 secs]
2020-09-29T12:01:46.625+0200: 168.857: [GC pause (G1 Evacuation Pause) (young), 0.1274285 secs]
   [Parallel Time: 126.3 ms, GC Workers: 8]
      [GC Worker Start (ms): Min: 168857.0, Avg: 168857.1, Max: 168857.1, Diff: 0.1]
      [Ext Root Scanning (ms): Min: 0.1, Avg: 0.1, Max: 0.2, Diff: 0.1, Sum: 0.9]
      [Update RS (ms): Min: 14.1, Avg: 14.3, Max: 14.4, Diff: 0.3, Sum: 114.1]
         [Processed Buffers: Min: 14, Avg: 16.5, Max: 18, Diff: 4, Sum: 132]
      [Scan RS (ms): Min: 10.2, Avg: 10.4, Max: 10.5, Diff: 0.2, Sum: 83.1]
      [Code Root Scanning (ms): Min: 0.0, Avg: 0.0, Max: 0.0, Diff: 0.0, Sum: 0.0]
      [Object Copy (ms): Min: 101.3, Avg: 101.4, Max: 101.4, Diff: 0.1, Sum: 810.9]
      [Termination (ms): Min: 0.0, Avg: 0.0, Max: 0.0, Diff: 0.0, Sum: 0.2]
         [Termination Attempts: Min: 1, Avg: 136.4, Max: 183, Diff: 182, Sum: 1091]
      [GC Worker Other (ms): Min: 0.0, Avg: 0.0, Max: 0.1, Diff: 0.1, Sum: 0.3]
      [GC Worker Total (ms): Min: 126.2, Avg: 126.2, Max: 126.2, Diff: 0.1, Sum: 1009.6]
      [GC Worker End (ms): Min: 168983.2, Avg: 168983.3, Max: 168983.3, Diff: 0.1]
   [Code Root Fixup: 0.0 ms]
   [Code Root Purge: 0.0 ms]
   [Clear CT: 0.1 ms]
   [Other: 1.0 ms]
      [Choose CSet: 0.0 ms]
      [Ref Proc: 0.2 ms]
      [Ref Enq: 0.0 ms]
      [Redirty Cards: 0.2 ms]
      [Humongous Register: 0.1 ms]
      [Humongous Reclaim: 0.0 ms]
      [Free CSet: 0.3 ms]
   [Eden: 255.0M(255.0M)->0.0B(263.0M) Survivors: 8192.0K->33.0M Heap: 312.9M(2048.0M)->306.9M(2048.0M)]
 [Times: user=1.00 sys=0.00, real=0.13 secs] 
2020-09-29T12:01:46.927+0200: 169.159: [GC pause (G1 Evacuation Pause) (young), 0.1626231 secs]
   [Parallel Time: 161.5 ms, GC Workers: 8]
      [GC Worker Start (ms): Min: 169159.2, Avg: 169159.3, Max: 169159.4, Diff: 0.2]
      [Ext Root Scanning (ms): Min: 0.0, Avg: 0.1, Max: 0.2, Diff: 0.2, Sum: 0.7]
      [Update RS (ms): Min: 17.6, Avg: 17.7, Max: 17.8, Diff: 0.3, Sum: 141.3]
         [Processed Buffers: Min: 16, Avg: 18.5, Max: 21, Diff: 5, Sum: 148]
      [Scan RS (ms): Min: 13.6, Avg: 13.8, Max: 14.0, Diff: 0.3, Sum: 110.4]
      [Code Root Scanning (ms): Min: 0.0, Avg: 0.0, Max: 0.0, Diff: 0.0, Sum: 0.0]
      [Object Copy (ms): Min: 129.5, Avg: 129.6, Max: 129.7, Diff: 0.3, Sum: 1036.8]
      [Termination (ms): Min: 0.0, Avg: 0.1, Max: 0.1, Diff: 0.1, Sum: 0.8]
         [Termination Attempts: Min: 1, Avg: 743.1, Max: 993, Diff: 992, Sum: 5945]
      [GC Worker Other (ms): Min: 0.0, Avg: 0.0, Max: 0.1, Diff: 0.1, Sum: 0.3]
      [GC Worker Total (ms): Min: 161.2, Avg: 161.3, Max: 161.4, Diff: 0.2, Sum: 1290.4]
      [GC Worker End (ms): Min: 169320.6, Avg: 169320.6, Max: 169320.7, Diff: 0.1]
   [Code Root Fixup: 0.0 ms]
   [Code Root Purge: 0.0 ms]
   [Clear CT: 0.2 ms]
   [Other: 1.0 ms]
      [Choose CSet: 0.0 ms]
      [Ref Proc: 0.2 ms]
      [Ref Enq: 0.0 ms]
      [Redirty Cards: 0.3 ms]
      [Humongous Register: 0.0 ms]
      [Humongous Reclaim: 0.0 ms]
      [Free CSet: 0.3 ms]
   [Eden: 263.0M(263.0M)->0.0B(266.0M) Survivors: 33.0M->37.0M Heap: 613.7M(2048.0M)->615.7M(2048.0M)]
 [Times: user=1.20 sys=0.00, real=0.16 secs] 
2020-09-29T12:01:47.312+0200: 169.543: [GC pause (G1 Evacuation Pause) (young), 0.2269153 secs]
   [Parallel Time: 225.5 ms, GC Workers: 8]
      [GC Worker Start (ms): Min: 169543.1, Avg: 169549.4, Max: 169573.8, Diff: 30.7]
      [Ext Root Scanning (ms): Min: 0.0, Avg: 0.1, Max: 0.2, Diff: 0.1, Sum: 0.7]
      [Update RS (ms): Min: 0.0, Avg: 22.1, Max: 28.6, Diff: 28.6, Sum: 176.5]
         [Processed Buffers: Min: 0, Avg: 20.4, Max: 29, Diff: 29, Sum: 163]
      [Scan RS (ms): Min: 11.8, Avg: 16.8, Max: 36.3, Diff: 24.5, Sum: 134.3]
      [Code Root Scanning (ms): Min: 0.0, Avg: 0.0, Max: 0.0, Diff: 0.0, Sum: 0.0]
      [Object Copy (ms): Min: 160.7, Avg: 180.0, Max: 182.8, Diff: 22.1, Sum: 1439.9]
      [Termination (ms): Min: 0.0, Avg: 0.1, Max: 0.1, Diff: 0.1, Sum: 0.7]
         [Termination Attempts: Min: 1, Avg: 68.4, Max: 117, Diff: 116, Sum: 547]
      [GC Worker Other (ms): Min: 0.0, Avg: 0.0, Max: 0.0, Diff: 0.0, Sum: 0.1]
      [GC Worker Total (ms): Min: 194.6, Avg: 219.0, Max: 225.3, Diff: 30.7, Sum: 1752.2]
      [GC Worker End (ms): Min: 169768.4, Avg: 169768.5, Max: 169768.5, Diff: 0.1]
   [Code Root Fixup: 0.0 ms]
   [Code Root Purge: 0.0 ms]
   [Clear CT: 0.2 ms]
   [Other: 1.2 ms]
      [Choose CSet: 0.0 ms]
      [Ref Proc: 0.2 ms]
      [Ref Enq: 0.0 ms]
      [Redirty Cards: 0.3 ms]
      [Humongous Register: 0.1 ms]
      [Humongous Reclaim: 0.0 ms]
      [Free CSet: 0.3 ms]
   [Eden: 266.0M(266.0M)->0.0B(225.0M) Survivors: 37.0M->38.0M Heap: 925.6M(2048.0M)->927.6M(2048.0M)]
 [Times: user=1.53 sys=0.00, real=0.23 secs] 
2020-09-29T12:01:47.689+0200: 169.920: [GC pause (G1 Humongous Allocation) (young) (initial-mark), 0.1320292 secs]
   [Parallel Time: 131.0 ms, GC Workers: 8]
      [GC Worker Start (ms): Min: 169919.9, Avg: 169919.9, Max: 169920.0, Diff: 0.1]
      [Ext Root Scanning (ms): Min: 0.2, Avg: 0.2, Max: 0.2, Diff: 0.1, Sum: 1.7]
      [Update RS (ms): Min: 22.3, Avg: 22.8, Max: 23.1, Diff: 0.7, Sum: 182.5]
         [Processed Buffers: Min: 13, Avg: 19.9, Max: 23, Diff: 10, Sum: 159]
      [Scan RS (ms): Min: 3.7, Avg: 4.0, Max: 4.5, Diff: 0.8, Sum: 31.9]
      [Code Root Scanning (ms): Min: 0.0, Avg: 0.0, Max: 0.0, Diff: 0.0, Sum: 0.0]
      [Object Copy (ms): Min: 103.3, Avg: 103.5, Max: 103.8, Diff: 0.5, Sum: 827.8]
      [Termination (ms): Min: 0.0, Avg: 0.3, Max: 0.5, Diff: 0.5, Sum: 2.6]
         [Termination Attempts: Min: 1, Avg: 2032.5, Max: 2616, Diff: 2615, Sum: 16260]
      [GC Worker Other (ms): Min: 0.0, Avg: 0.0, Max: 0.1, Diff: 0.1, Sum: 0.4]
      [GC Worker Total (ms): Min: 130.8, Avg: 130.9, Max: 130.9, Diff: 0.1, Sum: 1046.9]
      [GC Worker End (ms): Min: 170050.8, Avg: 170050.8, Max: 170050.8, Diff: 0.1]
   [Code Root Fixup: 0.0 ms]
   [Code Root Purge: 0.0 ms]
   [Clear CT: 0.1 ms]
   [Other: 0.9 ms]
      [Choose CSet: 0.0 ms]
      [Ref Proc: 0.1 ms]
      [Ref Enq: 0.0 ms]
      [Redirty Cards: 0.2 ms]
      [Humongous Register: 0.1 ms]
      [Humongous Reclaim: 0.0 ms]
      [Free CSet: 0.2 ms]
   [Eden: 144.0M(225.0M)->0.0B(231.0M) Survivors: 38.0M->33.0M Heap: 1094.0M(2048.0M)->1095.0M(2048.0M)]
 [Times: user=1.00 sys=0.00, real=0.13 secs] 
2020-09-29T12:01:47.821+0200: 170.052: [GC concurrent-root-region-scan-start]
2020-09-29T12:01:47.833+0200: 170.064: [GC concurrent-root-region-scan-end, 0.0124971 secs]
2020-09-29T12:01:47.833+0200: 170.064: [GC concurrent-mark-start]
2020-09-29T12:01:47.837+0200: 170.068: [GC concurrent-mark-end, 0.0036752 secs]
2020-09-29T12:01:47.837+0200: 170.068: [GC remark 2020-09-29T12:01:47.837+0200: 170.068: [Finalize Marking, 0.0002517 secs] 2020-09-29T12:01:47.838+0200: 170.069: [GC ref-proc, 0.0003733 secs] 2020-09-29T12:01:47.838+0200: 170.069: [Unloading, 0.0005460 secs], 0.0015955 secs]
 [Times: user=0.00 sys=0.00, real=0.00 secs] 
2020-09-29T12:01:47.839+0200: 170.070: [GC cleanup 1123M->67M(2048M), 0.0014869 secs]
 [Times: user=0.00 sys=0.00, real=0.00 secs] 
2020-09-29T12:01:47.841+0200: 170.072: [GC concurrent-cleanup-start]
2020-09-29T12:01:47.843+0200: 170.074: [GC concurrent-cleanup-end, 0.0017799 secs]
2020-09-29T12:01:47.968+0200: 170.199: [GC pause (G1 Evacuation Pause) (young), 0.1625619 secs]
   [Parallel Time: 161.5 ms, GC Workers: 8]
      [GC Worker Start (ms): Min: 170199.3, Avg: 170199.4, Max: 170199.4, Diff: 0.1]
      [Ext Root Scanning (ms): Min: 0.0, Avg: 0.1, Max: 0.1, Diff: 0.1, Sum: 0.7]
      [Update RS (ms): Min: 16.2, Avg: 17.2, Max: 23.5, Diff: 7.3, Sum: 137.7]
         [Processed Buffers: Min: 0, Avg: 15.4, Max: 20, Diff: 20, Sum: 123]
      [Scan RS (ms): Min: 5.3, Avg: 11.7, Max: 12.9, Diff: 7.6, Sum: 93.2]
      [Code Root Scanning (ms): Min: 0.0, Avg: 0.0, Max: 0.0, Diff: 0.0, Sum: 0.0]
      [Object Copy (ms): Min: 131.9, Avg: 132.1, Max: 132.3, Diff: 0.4, Sum: 1056.7]
      [Termination (ms): Min: 0.0, Avg: 0.2, Max: 0.3, Diff: 0.3, Sum: 1.9]
         [Termination Attempts: Min: 1, Avg: 1510.9, Max: 2052, Diff: 2051, Sum: 12087]
      [GC Worker Other (ms): Min: 0.0, Avg: 0.0, Max: 0.0, Diff: 0.0, Sum: 0.1]
      [GC Worker Total (ms): Min: 161.2, Avg: 161.3, Max: 161.3, Diff: 0.1, Sum: 1290.3]
      [GC Worker End (ms): Min: 170360.6, Avg: 170360.6, Max: 170360.7, Diff: 0.0]
   [Code Root Fixup: 0.0 ms]
   [Code Root Purge: 0.0 ms]
   [Clear CT: 0.2 ms]
   [Other: 0.9 ms]
      [Choose CSet: 0.0 ms]
      [Ref Proc: 0.1 ms]
      [Ref Enq: 0.0 ms]
      [Redirty Cards: 0.2 ms]
      [Humongous Register: 0.0 ms]
      [Humongous Reclaim: 0.0 ms]
      [Free CSet: 0.2 ms]
   [Eden: 231.0M(231.0M)->0.0B(235.0M) Survivors: 33.0M->33.0M Heap: 310.1M(2048.0M)->278.6M(2048.0M)]
 [Times: user=1.19 sys=0.00, real=0.16 secs] 
2020-09-29T12:01:48.292+0200: 170.523: [GC pause (G1 Evacuation Pause) (young), 0.2065801 secs]
   [Parallel Time: 205.3 ms, GC Workers: 8]
      [GC Worker Start (ms): Min: 170522.8, Avg: 170522.9, Max: 170522.9, Diff: 0.1]
      [Ext Root Scanning (ms): Min: 0.0, Avg: 0.1, Max: 0.1, Diff: 0.1, Sum: 0.6]
      [Update RS (ms): Min: 14.0, Avg: 15.7, Max: 26.8, Diff: 12.9, Sum: 126.0]
         [Processed Buffers: Min: 2, Avg: 15.4, Max: 20, Diff: 18, Sum: 123]
      [Scan RS (ms): Min: 0.0, Avg: 11.1, Max: 12.9, Diff: 12.9, Sum: 88.9]
      [Code Root Scanning (ms): Min: 0.0, Avg: 0.0, Max: 0.0, Diff: 0.0, Sum: 0.0]
      [Object Copy (ms): Min: 177.4, Avg: 177.7, Max: 178.2, Diff: 0.7, Sum: 1421.4]
      [Termination (ms): Min: 0.1, Avg: 0.6, Max: 0.8, Diff: 0.8, Sum: 4.5]
         [Termination Attempts: Min: 1, Avg: 3240.3, Max: 5017, Diff: 5016, Sum: 25922]
      [GC Worker Other (ms): Min: 0.0, Avg: 0.0, Max: 0.0, Diff: 0.0, Sum: 0.1]
      [GC Worker Total (ms): Min: 205.1, Avg: 205.2, Max: 205.3, Diff: 0.1, Sum: 1641.5]
      [GC Worker End (ms): Min: 170728.0, Avg: 170728.0, Max: 170728.1, Diff: 0.1]
   [Code Root Fixup: 0.0 ms]
   [Code Root Purge: 0.0 ms]
   [Clear CT: 0.3 ms]
   [Other: 0.9 ms]
      [Choose CSet: 0.0 ms]
      [Ref Proc: 0.1 ms]
      [Ref Enq: 0.0 ms]
      [Redirty Cards: 0.2 ms]
      [Humongous Register: 0.0 ms]
      [Humongous Reclaim: 0.0 ms]
      [Free CSet: 0.3 ms]
   [Eden: 235.0M(235.0M)->0.0B(217.0M) Survivors: 33.0M->34.0M Heap: 551.7M(2048.0M)->553.7M(2048.0M)]
 [Times: user=1.41 sys=0.00, real=0.21 secs] 
2020-09-29T12:01:48.644+0200: 170.875: [GC pause (G1 Evacuation Pause) (young), 0.1618002 secs]
   [Parallel Time: 160.7 ms, GC Workers: 8]
      [GC Worker Start (ms): Min: 170874.7, Avg: 170874.8, Max: 170874.8, Diff: 0.1]
      [Ext Root Scanning (ms): Min: 0.0, Avg: 0.1, Max: 0.1, Diff: 0.1, Sum: 0.7]
      [Update RS (ms): Min: 17.2, Avg: 17.4, Max: 17.7, Diff: 0.5, Sum: 139.5]
         [Processed Buffers: Min: 17, Avg: 19.5, Max: 23, Diff: 6, Sum: 156]
      [Scan RS (ms): Min: 8.8, Avg: 9.1, Max: 9.3, Diff: 0.5, Sum: 72.5]
      [Code Root Scanning (ms): Min: 0.0, Avg: 0.0, Max: 0.0, Diff: 0.0, Sum: 0.0]
      [Object Copy (ms): Min: 133.6, Avg: 133.7, Max: 133.9, Diff: 0.3, Sum: 1069.8]
      [Termination (ms): Min: 0.0, Avg: 0.2, Max: 0.3, Diff: 0.3, Sum: 1.5]
         [Termination Attempts: Min: 1, Avg: 1358.3, Max: 1922, Diff: 1921, Sum: 10866]
      [GC Worker Other (ms): Min: 0.0, Avg: 0.0, Max: 0.1, Diff: 0.1, Sum: 0.4]
      [GC Worker Total (ms): Min: 160.5, Avg: 160.5, Max: 160.6, Diff: 0.1, Sum: 1284.2]
      [GC Worker End (ms): Min: 171035.3, Avg: 171035.3, Max: 171035.4, Diff: 0.1]
   [Code Root Fixup: 0.0 ms]
   [Code Root Purge: 0.0 ms]
   [Clear CT: 0.2 ms]
   [Other: 1.0 ms]
      [Choose CSet: 0.0 ms]
      [Ref Proc: 0.2 ms]
      [Ref Enq: 0.0 ms]
      [Redirty Cards: 0.2 ms]
      [Humongous Register: 0.0 ms]
      [Humongous Reclaim: 0.0 ms]
      [Free CSet: 0.3 ms]
   [Eden: 217.0M(217.0M)->0.0B(229.0M) Survivors: 34.0M->32.0M Heap: 806.9M(2048.0M)->809.4M(2048.0M)]
 [Times: user=1.22 sys=0.00, real=0.16 secs] 
2020-09-29T12:01:48.974+0200: 171.205: [GC pause (G1 Evacuation Pause) (young), 0.2073744 secs]
   [Parallel Time: 206.3 ms, GC Workers: 8]
      [GC Worker Start (ms): Min: 171205.5, Avg: 171209.6, Max: 171237.5, Diff: 32.0]
      [Ext Root Scanning (ms): Min: 0.0, Avg: 0.1, Max: 0.2, Diff: 0.2, Sum: 0.7]
      [Update RS (ms): Min: 0.0, Avg: 21.7, Max: 25.0, Diff: 25.0, Sum: 173.4]
         [Processed Buffers: Min: 0, Avg: 24.0, Max: 32, Diff: 32, Sum: 192]
      [Scan RS (ms): Min: 2.3, Avg: 8.5, Max: 10.0, Diff: 7.8, Sum: 67.6]
      [Code Root Scanning (ms): Min: 0.0, Avg: 0.0, Max: 0.0, Diff: 0.0, Sum: 0.0]
      [Object Copy (ms): Min: 170.0, Avg: 171.3, Max: 171.9, Diff: 1.9, Sum: 1370.7]
      [Termination (ms): Min: 0.0, Avg: 0.5, Max: 1.1, Diff: 1.1, Sum: 4.3]
         [Termination Attempts: Min: 1, Avg: 3199.5, Max: 4603, Diff: 4602, Sum: 25596]
      [GC Worker Other (ms): Min: 0.0, Avg: 0.0, Max: 0.0, Diff: 0.0, Sum: 0.1]
      [GC Worker Total (ms): Min: 174.2, Avg: 202.1, Max: 206.2, Diff: 31.9, Sum: 1616.8]
      [GC Worker End (ms): Min: 171411.7, Avg: 171411.7, Max: 171411.7, Diff: 0.0]
   [Code Root Fixup: 0.0 ms]
   [Code Root Purge: 0.0 ms]
   [Clear CT: 0.2 ms]
   [Other: 0.9 ms]
      [Choose CSet: 0.0 ms]
      [Ref Proc: 0.2 ms]
      [Ref Enq: 0.0 ms]
      [Redirty Cards: 0.2 ms]
      [Humongous Register: 0.1 ms]
      [Humongous Reclaim: 0.0 ms]
      [Free CSet: 0.2 ms]
   [Eden: 229.0M(229.0M)->0.0B(213.0M) Survivors: 32.0M->33.0M Heap: 1076.6M(2048.0M)->1078.6M(2048.0M)]
 [Times: user=1.38 sys=0.00, real=0.21 secs] 
2020-09-29T12:01:49.193+0200: 171.424: [GC pause (G1 Humongous Allocation) (young) (initial-mark), 0.0621893 secs]
   [Parallel Time: 61.0 ms, GC Workers: 8]
      [GC Worker Start (ms): Min: 171424.3, Avg: 171424.4, Max: 171424.5, Diff: 0.2]
      [Ext Root Scanning (ms): Min: 0.0, Avg: 0.2, Max: 0.3, Diff: 0.3, Sum: 1.4]
      [Update RS (ms): Min: 25.4, Avg: 26.1, Max: 29.3, Diff: 3.9, Sum: 209.1]
         [Processed Buffers: Min: 27, Avg: 29.1, Max: 31, Diff: 4, Sum: 233]
      [Scan RS (ms): Min: 0.0, Avg: 2.3, Max: 2.9, Diff: 2.9, Sum: 18.1]
      [Code Root Scanning (ms): Min: 0.0, Avg: 0.0, Max: 0.0, Diff: 0.0, Sum: 0.0]
      [Object Copy (ms): Min: 31.1, Avg: 32.1, Max: 32.4, Diff: 1.2, Sum: 256.6]
      [Termination (ms): Min: 0.1, Avg: 0.2, Max: 0.3, Diff: 0.3, Sum: 1.7]
         [Termination Attempts: Min: 1, Avg: 741.1, Max: 911, Diff: 910, Sum: 5929]
      [GC Worker Other (ms): Min: 0.0, Avg: 0.0, Max: 0.0, Diff: 0.0, Sum: 0.1]
      [GC Worker Total (ms): Min: 60.7, Avg: 60.9, Max: 61.0, Diff: 0.2, Sum: 486.9]
      [GC Worker End (ms): Min: 171485.3, Avg: 171485.3, Max: 171485.3, Diff: 0.0]
   [Code Root Fixup: 0.0 ms]
   [Code Root Purge: 0.0 ms]
   [Clear CT: 0.4 ms]
   [Other: 0.8 ms]
      [Choose CSet: 0.0 ms]
      [Ref Proc: 0.2 ms]
      [Ref Enq: 0.0 ms]
      [Redirty Cards: 0.2 ms]
      [Humongous Register: 0.1 ms]
      [Humongous Reclaim: 0.0 ms]
      [Free CSet: 0.1 ms]
   [Eden: 4096.0K(213.0M)->0.0B(214.0M) Survivors: 33.0M->5120.0K Heap: 1082.6M(2048.0M)->1085.6M(2048.0M)]
 [Times: user=0.34 sys=0.00, real=0.06 secs] 
2020-09-29T12:01:49.256+0200: 171.486: [GC concurrent-root-region-scan-start]
2020-09-29T12:01:49.257+0200: 171.488: [GC concurrent-root-region-scan-end, 0.0012774 secs]
2020-09-29T12:01:49.257+0200: 171.488: [GC concurrent-mark-start]
2020-09-29T12:01:49.260+0200: 171.491: [GC concurrent-mark-end, 0.0035473 secs]
2020-09-29T12:01:49.261+0200: 171.492: [GC remark 2020-09-29T12:01:49.261+0200: 171.492: [Finalize Marking, 0.0002251 secs] 2020-09-29T12:01:49.261+0200: 171.492: [GC ref-proc, 0.0002946 secs] 2020-09-29T12:01:49.261+0200: 171.492: [Unloading, 0.0005253 secs], 0.0015081 secs]
 [Times: user=0.00 sys=0.00, real=0.00 secs] 
2020-09-29T12:01:49.263+0200: 171.494: [GC cleanup 1095M->20M(2048M), 0.0019957 secs]
 [Times: user=0.00 sys=0.00, real=0.00 secs] 
2020-09-29T12:01:49.265+0200: 171.496: [GC concurrent-cleanup-start]
2020-09-29T12:01:49.266+0200: 171.497: [GC concurrent-cleanup-end, 0.0015370 secs]
2020-09-29T12:01:49.394+0200: 171.625: [GC pause (G1 Evacuation Pause) (young), 0.2142402 secs]
   [Parallel Time: 213.0 ms, GC Workers: 8]
      [GC Worker Start (ms): Min: 171625.1, Avg: 171630.0, Max: 171644.4, Diff: 19.2]
      [Ext Root Scanning (ms): Min: 0.0, Avg: 0.1, Max: 0.1, Diff: 0.1, Sum: 0.6]
      [Update RS (ms): Min: 3.0, Avg: 17.3, Max: 22.3, Diff: 19.4, Sum: 138.5]
         [Processed Buffers: Min: 3, Avg: 15.6, Max: 22, Diff: 19, Sum: 125]
      [Scan RS (ms): Min: 8.6, Avg: 8.8, Max: 9.0, Diff: 0.4, Sum: 70.2]
      [Code Root Scanning (ms): Min: 0.0, Avg: 0.0, Max: 0.0, Diff: 0.0, Sum: 0.0]
      [Object Copy (ms): Min: 177.7, Avg: 180.6, Max: 181.8, Diff: 4.1, Sum: 1444.7]
      [Termination (ms): Min: 0.0, Avg: 1.2, Max: 4.1, Diff: 4.1, Sum: 9.9]
         [Termination Attempts: Min: 1, Avg: 621.1, Max: 1155, Diff: 1154, Sum: 4969]
      [GC Worker Other (ms): Min: 0.0, Avg: 0.0, Max: 0.1, Diff: 0.0, Sum: 0.2]
      [GC Worker Total (ms): Min: 193.7, Avg: 208.0, Max: 212.9, Diff: 19.2, Sum: 1664.3]
      [GC Worker End (ms): Min: 171838.0, Avg: 171838.1, Max: 171838.1, Diff: 0.1]
   [Code Root Fixup: 0.0 ms]
   [Code Root Purge: 0.0 ms]
   [Clear CT: 0.2 ms]
   [Other: 1.1 ms]
      [Choose CSet: 0.0 ms]
      [Ref Proc: 0.2 ms]
      [Ref Enq: 0.0 ms]
      [Redirty Cards: 0.2 ms]
      [Humongous Register: 0.0 ms]
      [Humongous Reclaim: 0.0 ms]
      [Free CSet: 0.3 ms]
   [Eden: 214.0M(214.0M)->0.0B(177.0M) Survivors: 5120.0K->28.0M Heap: 261.2M(2048.0M)->258.2M(2048.0M)]
 [Times: user=1.30 sys=0.02, real=0.21 secs] 
2020-09-29T12:01:49.744+0200: 171.975: [GC pause (G1 Evacuation Pause) (young), 0.2265391 secs]
   [Parallel Time: 224.5 ms, GC Workers: 8]
      [GC Worker Start (ms): Min: 171975.2, Avg: 171978.2, Max: 171998.8, Diff: 23.7]
      [Ext Root Scanning (ms): Min: 0.0, Avg: 0.1, Max: 0.2, Diff: 0.2, Sum: 0.6]
      [Update RS (ms): Min: 0.0, Avg: 19.4, Max: 22.2, Diff: 22.2, Sum: 154.9]
         [Processed Buffers: Min: 0, Avg: 17.6, Max: 26, Diff: 26, Sum: 141]
      [Scan RS (ms): Min: 8.7, Avg: 10.4, Max: 13.1, Diff: 4.4, Sum: 83.5]
      [Code Root Scanning (ms): Min: 0.0, Avg: 0.0, Max: 0.0, Diff: 0.0, Sum: 0.0]
      [Object Copy (ms): Min: 188.9, Avg: 191.3, Max: 191.8, Diff: 3.0, Sum: 1530.1]
      [Termination (ms): Min: 0.0, Avg: 0.1, Max: 0.2, Diff: 0.2, Sum: 0.8]
         [Termination Attempts: Min: 1, Avg: 274.5, Max: 414, Diff: 413, Sum: 2196]
      [GC Worker Other (ms): Min: 0.0, Avg: 0.0, Max: 0.1, Diff: 0.1, Sum: 0.3]
      [GC Worker Total (ms): Min: 200.7, Avg: 221.3, Max: 224.4, Diff: 23.7, Sum: 1770.4]
      [GC Worker End (ms): Min: 172199.5, Avg: 172199.5, Max: 172199.5, Diff: 0.0]
   [Code Root Fixup: 0.0 ms]
   [Code Root Purge: 0.0 ms]
   [Clear CT: 0.2 ms]
   [Other: 1.8 ms]
      [Choose CSet: 0.0 ms]
      [Ref Proc: 0.2 ms]
      [Ref Enq: 0.0 ms]
      [Redirty Cards: 0.3 ms]
      [Humongous Register: 0.3 ms]
      [Humongous Reclaim: 0.0 ms]
      [Free CSet: 0.5 ms]
   [Eden: 177.0M(177.0M)->0.0B(156.0M) Survivors: 28.0M->26.0M Heap: 465.8M(2048.0M)->467.8M(2048.0M)]
 [Times: user=1.36 sys=0.00, real=0.23 secs] 
2020-09-29T12:01:50.085+0200: 172.317: [GC pause (G1 Evacuation Pause) (young), 0.1540934 secs]
   [Parallel Time: 153.0 ms, GC Workers: 8]
      [GC Worker Start (ms): Min: 172316.8, Avg: 172316.9, Max: 172317.0, Diff: 0.2]
      [Ext Root Scanning (ms): Min: 0.0, Avg: 0.1, Max: 0.2, Diff: 0.2, Sum: 0.7]
      [Update RS (ms): Min: 23.3, Avg: 23.7, Max: 24.2, Diff: 0.9, Sum: 189.3]
         [Processed Buffers: Min: 11, Avg: 16.5, Max: 19, Diff: 8, Sum: 132]
      [Scan RS (ms): Min: 6.9, Avg: 8.0, Max: 11.4, Diff: 4.5, Sum: 63.7]
      [Code Root Scanning (ms): Min: 0.0, Avg: 0.0, Max: 0.0, Diff: 0.0, Sum: 0.0]
      [Object Copy (ms): Min: 117.8, Avg: 121.0, Max: 121.6, Diff: 3.9, Sum: 967.9]
      [Termination (ms): Min: 0.0, Avg: 0.1, Max: 0.1, Diff: 0.1, Sum: 0.5]
         [Termination Attempts: Min: 1, Avg: 159.5, Max: 223, Diff: 222, Sum: 1276]
      [GC Worker Other (ms): Min: 0.0, Avg: 0.0, Max: 0.0, Diff: 0.0, Sum: 0.1]
      [GC Worker Total (ms): Min: 152.7, Avg: 152.8, Max: 152.9, Diff: 0.2, Sum: 1222.2]
      [GC Worker End (ms): Min: 172469.6, Avg: 172469.7, Max: 172469.7, Diff: 0.0]
   [Code Root Fixup: 0.0 ms]
   [Code Root Purge: 0.0 ms]
   [Clear CT: 0.2 ms]
   [Other: 0.9 ms]
      [Choose CSet: 0.0 ms]
      [Ref Proc: 0.2 ms]
      [Ref Enq: 0.0 ms]
      [Redirty Cards: 0.2 ms]
      [Humongous Register: 0.1 ms]
      [Humongous Reclaim: 0.0 ms]
      [Free CSet: 0.2 ms]
   [Eden: 156.0M(156.0M)->0.0B(166.0M) Survivors: 26.0M->23.0M Heap: 648.6M(2048.0M)->650.6M(2048.0M)]
 [Times: user=0.91 sys=0.00, real=0.15 secs] 
2020-09-29T12:01:50.332+0200: 172.563: [GC pause (G1 Evacuation Pause) (young), 0.1597121 secs]
   [Parallel Time: 158.7 ms, GC Workers: 8]
      [GC Worker Start (ms): Min: 172563.4, Avg: 172563.5, Max: 172563.9, Diff: 0.4]
      [Ext Root Scanning (ms): Min: 0.0, Avg: 0.1, Max: 0.2, Diff: 0.2, Sum: 0.8]
      [Update RS (ms): Min: 22.1, Avg: 22.5, Max: 23.3, Diff: 1.1, Sum: 180.0]
         [Processed Buffers: Min: 18, Avg: 20.9, Max: 26, Diff: 8, Sum: 167]
      [Scan RS (ms): Min: 5.0, Avg: 5.7, Max: 6.0, Diff: 1.0, Sum: 45.9]
      [Code Root Scanning (ms): Min: 0.0, Avg: 0.0, Max: 0.0, Diff: 0.0, Sum: 0.0]
      [Object Copy (ms): Min: 128.7, Avg: 129.2, Max: 130.1, Diff: 1.4, Sum: 1033.8]
      [Termination (ms): Min: 0.0, Avg: 1.0, Max: 1.5, Diff: 1.5, Sum: 7.7]
         [Termination Attempts: Min: 1, Avg: 5782.0, Max: 8819, Diff: 8818, Sum: 46256]
      [GC Worker Other (ms): Min: 0.0, Avg: 0.0, Max: 0.0, Diff: 0.0, Sum: 0.1]
      [GC Worker Total (ms): Min: 158.2, Avg: 158.5, Max: 158.6, Diff: 0.4, Sum: 1268.2]
      [GC Worker End (ms): Min: 172722.1, Avg: 172722.1, Max: 172722.1, Diff: 0.0]
   [Code Root Fixup: 0.0 ms]
   [Code Root Purge: 0.0 ms]
   [Clear CT: 0.2 ms]
   [Other: 0.9 ms]
      [Choose CSet: 0.0 ms]
      [Ref Proc: 0.2 ms]
      [Ref Enq: 0.0 ms]
      [Redirty Cards: 0.3 ms]
      [Humongous Register: 0.0 ms]
      [Humongous Reclaim: 0.0 ms]
      [Free CSet: 0.2 ms]
   [Eden: 166.0M(166.0M)->0.0B(175.0M) Survivors: 23.0M->24.0M Heap: 845.2M(2048.0M)->847.2M(2048.0M)]
 [Times: user=1.22 sys=0.00, real=0.16 secs] 
2020-09-29T12:01:50.593+0200: 172.825: [GC pause (G1 Evacuation Pause) (young), 0.1570421 secs]
   [Parallel Time: 156.1 ms, GC Workers: 8]
      [GC Worker Start (ms): Min: 172825.0, Avg: 172825.0, Max: 172825.1, Diff: 0.1]
      [Ext Root Scanning (ms): Min: 0.0, Avg: 0.1, Max: 0.1, Diff: 0.1, Sum: 0.6]
      [Update RS (ms): Min: 17.3, Avg: 19.2, Max: 31.8, Diff: 14.5, Sum: 153.7]
         [Processed Buffers: Min: 0, Avg: 16.4, Max: 20, Diff: 20, Sum: 131]
      [Scan RS (ms): Min: 0.0, Avg: 6.7, Max: 7.8, Diff: 7.7, Sum: 53.4]
      [Code Root Scanning (ms): Min: 0.0, Avg: 0.0, Max: 0.0, Diff: 0.0, Sum: 0.0]
      [Object Copy (ms): Min: 124.0, Avg: 129.9, Max: 130.8, Diff: 6.8, Sum: 1039.0]
      [Termination (ms): Min: 0.0, Avg: 0.1, Max: 0.2, Diff: 0.2, Sum: 1.0]
         [Termination Attempts: Min: 1, Avg: 630.4, Max: 993, Diff: 992, Sum: 5043]
      [GC Worker Other (ms): Min: 0.0, Avg: 0.0, Max: 0.0, Diff: 0.0, Sum: 0.1]
      [GC Worker Total (ms): Min: 155.9, Avg: 156.0, Max: 156.0, Diff: 0.1, Sum: 1247.6]
      [GC Worker End (ms): Min: 172981.0, Avg: 172981.0, Max: 172981.0, Diff: 0.0]
   [Code Root Fixup: 0.0 ms]
   [Code Root Purge: 0.0 ms]
   [Clear CT: 0.2 ms]
   [Other: 0.8 ms]
      [Choose CSet: 0.0 ms]
      [Ref Proc: 0.2 ms]
      [Ref Enq: 0.0 ms]
      [Redirty Cards: 0.2 ms]
      [Humongous Register: 0.0 ms]
      [Humongous Reclaim: 0.0 ms]
      [Free CSet: 0.2 ms]
   [Eden: 175.0M(175.0M)->0.0B(187.0M) Survivors: 24.0M->25.0M Heap: 1050.8M(2048.0M)->1053.3M(2048.0M)]
 [Times: user=1.03 sys=0.00, real=0.16 secs] 
2020-09-29T12:01:50.763+0200: 172.995: [GC pause (G1 Humongous Allocation) (young) (initial-mark), 0.0495820 secs]
   [Parallel Time: 48.6 ms, GC Workers: 8]
      [GC Worker Start (ms): Min: 172994.9, Avg: 172995.0, Max: 172995.1, Diff: 0.2]
      [Ext Root Scanning (ms): Min: 0.0, Avg: 0.2, Max: 0.3, Diff: 0.3, Sum: 1.4]
      [Update RS (ms): Min: 22.9, Avg: 23.1, Max: 23.6, Diff: 0.7, Sum: 185.2]
         [Processed Buffers: Min: 19, Avg: 22.9, Max: 26, Diff: 7, Sum: 183]
      [Scan RS (ms): Min: 1.3, Avg: 1.7, Max: 2.0, Diff: 0.7, Sum: 14.0]
      [Code Root Scanning (ms): Min: 0.0, Avg: 0.0, Max: 0.0, Diff: 0.0, Sum: 0.0]
      [Object Copy (ms): Min: 23.2, Avg: 23.2, Max: 23.3, Diff: 0.1, Sum: 186.0]
      [Termination (ms): Min: 0.0, Avg: 0.1, Max: 0.1, Diff: 0.1, Sum: 0.4]
         [Termination Attempts: Min: 1, Avg: 366.9, Max: 479, Diff: 478, Sum: 2935]
      [GC Worker Other (ms): Min: 0.0, Avg: 0.0, Max: 0.0, Diff: 0.0, Sum: 0.2]
      [GC Worker Total (ms): Min: 48.3, Avg: 48.4, Max: 48.5, Diff: 0.2, Sum: 387.1]
      [GC Worker End (ms): Min: 173043.4, Avg: 173043.4, Max: 173043.4, Diff: 0.0]
   [Code Root Fixup: 0.0 ms]
   [Code Root Purge: 0.0 ms]
   [Clear CT: 0.2 ms]
   [Other: 0.8 ms]
      [Choose CSet: 0.0 ms]
      [Ref Proc: 0.1 ms]
      [Ref Enq: 0.0 ms]
      [Redirty Cards: 0.2 ms]
      [Humongous Register: 0.1 ms]
      [Humongous Reclaim: 0.0 ms]
      [Free CSet: 0.1 ms]
   [Eden: 5120.0K(187.0M)->0.0B(212.0M) Survivors: 25.0M->7168.0K Heap: 1058.3M(2048.0M)->1062.3M(2048.0M)]
 [Times: user=0.28 sys=0.00, real=0.05 secs] 
2020-09-29T12:01:50.814+0200: 173.044: [GC concurrent-root-region-scan-start]
2020-09-29T12:01:50.815+0200: 173.046: [GC concurrent-root-region-scan-end, 0.0012308 secs]
2020-09-29T12:01:50.815+0200: 173.046: [GC concurrent-mark-start]
2020-09-29T12:01:50.818+0200: 173.049: [GC concurrent-mark-end, 0.0030137 secs]
2020-09-29T12:01:50.818+0200: 173.049: [GC remark 2020-09-29T12:01:50.818+0200: 173.049: [Finalize Marking, 0.0002311 secs] 2020-09-29T12:01:50.818+0200: 173.049: [GC ref-proc, 0.0003213 secs] 2020-09-29T12:01:50.819+0200: 173.050: [Unloading, 0.0005536 secs], 0.0015398 secs]
 [Times: user=0.00 sys=0.00, real=0.00 secs] 
2020-09-29T12:01:50.820+0200: 173.051: [GC cleanup 1073M->23M(2048M), 0.0018752 secs]
 [Times: user=0.00 sys=0.00, real=0.00 secs] 
2020-09-29T12:01:50.822+0200: 173.053: [GC concurrent-cleanup-start]
2020-09-29T12:01:50.824+0200: 173.055: [GC concurrent-cleanup-end, 0.0022205 secs]
Heap
 garbage-first heap   total 2097152K, used 80933K [0x0000000080000000, 0x0000000080104000, 0x0000000100000000)
  region size 1024K, 65 young (66560K), 7 survivors (7168K)
 Metaspace       used 2594K, capacity 4486K, committed 4864K, reserved 1056768K
  class space    used 285K, capacity 386K, committed 512K, reserved 1048576K
