Java HotSpot(TM) 64-Bit Server VM (25.261-b12) for windows-amd64 JRE (1.8.0_261-b12), built on Jun 18 2020 06:56:32 by "" with unknown MS VC++:1916
Memory: 4k page, physical 16659684k(8720496k free), swap 23213284k(8199644k free)
CommandLine flags: -XX:InitialHeapSize=2147483648 -XX:MaxHeapSize=2147483648 -XX:+PrintGC -XX:+PrintGCDateStamps -XX:+PrintGCDetails -XX:+PrintGCTimeStamps -XX:+UseCompressedClassPointers -XX:+UseCompressedOops -XX:+UseG1GC -XX:-UseLargePagesIndividualAllocation 
2020-09-29T11:29:06.866+0200: 0.298: [GC pause (G1 Evacuation Pause) (young), 0.0753482 secs]
   [Parallel Time: 74.0 ms, GC Workers: 8]
      [GC Worker Start (ms): Min: 298.4, Avg: 298.5, Max: 298.6, Diff: 0.2]
      [Ext Root Scanning (ms): Min: 0.0, Avg: 0.1, Max: 0.2, Diff: 0.2, Sum: 1.0]
      [Update RS (ms): Min: 1.2, Avg: 1.7, Max: 2.3, Diff: 1.1, Sum: 13.4]
         [Processed Buffers: Min: 1, Avg: 1.9, Max: 3, Diff: 2, Sum: 15]
      [Scan RS (ms): Min: 10.1, Avg: 10.7, Max: 11.1, Diff: 1.0, Sum: 85.7]
      [Code Root Scanning (ms): Min: 0.0, Avg: 0.0, Max: 0.0, Diff: 0.0, Sum: 0.0]
      [Object Copy (ms): Min: 60.8, Avg: 61.0, Max: 61.1, Diff: 0.3, Sum: 488.1]
      [Termination (ms): Min: 0.0, Avg: 0.1, Max: 0.1, Diff: 0.1, Sum: 0.5]
         [Termination Attempts: Min: 1, Avg: 145.8, Max: 197, Diff: 196, Sum: 1166]
      [GC Worker Other (ms): Min: 0.0, Avg: 0.0, Max: 0.0, Diff: 0.0, Sum: 0.3]
      [GC Worker Total (ms): Min: 73.5, Avg: 73.6, Max: 73.7, Diff: 0.2, Sum: 589.0]
      [GC Worker End (ms): Min: 372.1, Avg: 372.1, Max: 372.2, Diff: 0.0]
   [Code Root Fixup: 0.0 ms]
   [Code Root Purge: 0.0 ms]
   [Clear CT: 0.3 ms]
   [Other: 1.1 ms]
      [Choose CSet: 0.0 ms]
      [Ref Proc: 0.2 ms]
      [Ref Enq: 0.0 ms]
      [Redirty Cards: 0.4 ms]
      [Humongous Register: 0.0 ms]
      [Humongous Reclaim: 0.0 ms]
      [Free CSet: 0.1 ms]
   [Eden: 102.0M(102.0M)->0.0B(89.0M) Survivors: 0.0B->13.0M Heap: 119.2M(2048.0M)->118.9M(2048.0M)]
 [Times: user=0.42 sys=0.08, real=0.08 secs] 
2020-09-29T11:29:07.015+0200: 0.448: [GC pause (G1 Evacuation Pause) (young), 0.0729825 secs]
   [Parallel Time: 71.6 ms, GC Workers: 8]
      [GC Worker Start (ms): Min: 447.7, Avg: 447.8, Max: 447.9, Diff: 0.2]
      [Ext Root Scanning (ms): Min: 0.0, Avg: 0.1, Max: 0.2, Diff: 0.2, Sum: 0.7]
      [Update RS (ms): Min: 0.2, Avg: 0.9, Max: 1.2, Diff: 1.0, Sum: 6.9]
         [Processed Buffers: Min: 1, Avg: 1.8, Max: 3, Diff: 2, Sum: 14]
      [Scan RS (ms): Min: 10.2, Avg: 10.6, Max: 11.1, Diff: 0.9, Sum: 84.5]
      [Code Root Scanning (ms): Min: 0.0, Avg: 0.0, Max: 0.0, Diff: 0.0, Sum: 0.0]
      [Object Copy (ms): Min: 59.6, Avg: 59.7, Max: 59.8, Diff: 0.3, Sum: 477.3]
      [Termination (ms): Min: 0.0, Avg: 0.0, Max: 0.0, Diff: 0.0, Sum: 0.1]
         [Termination Attempts: Min: 1, Avg: 39.9, Max: 54, Diff: 53, Sum: 319]
      [GC Worker Other (ms): Min: 0.0, Avg: 0.0, Max: 0.0, Diff: 0.0, Sum: 0.2]
      [GC Worker Total (ms): Min: 71.1, Avg: 71.2, Max: 71.3, Diff: 0.2, Sum: 569.7]
      [GC Worker End (ms): Min: 519.0, Avg: 519.0, Max: 519.1, Diff: 0.0]
   [Code Root Fixup: 0.0 ms]
   [Code Root Purge: 0.0 ms]
   [Clear CT: 0.4 ms]
   [Other: 1.0 ms]
      [Choose CSet: 0.0 ms]
      [Ref Proc: 0.5 ms]
      [Ref Enq: 0.0 ms]
      [Redirty Cards: 0.3 ms]
      [Humongous Register: 0.0 ms]
      [Humongous Reclaim: 0.0 ms]
      [Free CSet: 0.1 ms]
   [Eden: 89.0M(89.0M)->0.0B(89.0M) Survivors: 13.0M->13.0M Heap: 223.2M(2048.0M)->225.4M(2048.0M)]
 [Times: user=0.56 sys=0.06, real=0.07 secs] 
2020-09-29T11:29:07.158+0200: 0.591: [GC pause (G1 Evacuation Pause) (young), 0.0609360 secs]
   [Parallel Time: 59.8 ms, GC Workers: 8]
      [GC Worker Start (ms): Min: 591.4, Avg: 591.5, Max: 591.6, Diff: 0.2]
      [Ext Root Scanning (ms): Min: 0.0, Avg: 0.1, Max: 0.2, Diff: 0.2, Sum: 0.5]
      [Update RS (ms): Min: 0.2, Avg: 0.3, Max: 0.9, Diff: 0.7, Sum: 2.6]
         [Processed Buffers: Min: 1, Avg: 1.6, Max: 2, Diff: 1, Sum: 13]
      [Scan RS (ms): Min: 9.4, Avg: 9.9, Max: 10.1, Diff: 0.7, Sum: 78.8]
      [Code Root Scanning (ms): Min: 0.0, Avg: 0.0, Max: 0.0, Diff: 0.0, Sum: 0.0]
      [Object Copy (ms): Min: 49.2, Avg: 49.3, Max: 49.3, Diff: 0.2, Sum: 394.3]
      [Termination (ms): Min: 0.0, Avg: 0.0, Max: 0.0, Diff: 0.0, Sum: 0.3]
         [Termination Attempts: Min: 1, Avg: 253.9, Max: 302, Diff: 301, Sum: 2031]
      [GC Worker Other (ms): Min: 0.0, Avg: 0.0, Max: 0.0, Diff: 0.0, Sum: 0.2]
      [GC Worker Total (ms): Min: 59.5, Avg: 59.6, Max: 59.7, Diff: 0.2, Sum: 476.6]
      [GC Worker End (ms): Min: 651.1, Avg: 651.1, Max: 651.1, Diff: 0.0]
   [Code Root Fixup: 0.0 ms]
   [Code Root Purge: 0.0 ms]
   [Clear CT: 0.4 ms]
   [Other: 0.7 ms]
      [Choose CSet: 0.0 ms]
      [Ref Proc: 0.1 ms]
      [Ref Enq: 0.0 ms]
      [Redirty Cards: 0.3 ms]
      [Humongous Register: 0.0 ms]
      [Humongous Reclaim: 0.0 ms]
      [Free CSet: 0.1 ms]
   [Eden: 89.0M(89.0M)->0.0B(89.0M) Survivors: 13.0M->13.0M Heap: 329.7M(2048.0M)->331.2M(2048.0M)]
 [Times: user=0.47 sys=0.03, real=0.06 secs] 
2020-09-29T11:29:07.285+0200: 0.718: [GC pause (G1 Evacuation Pause) (young), 0.0747234 secs]
   [Parallel Time: 73.8 ms, GC Workers: 8]
      [GC Worker Start (ms): Min: 717.9, Avg: 717.9, Max: 718.0, Diff: 0.1]
      [Ext Root Scanning (ms): Min: 0.0, Avg: 0.1, Max: 0.1, Diff: 0.1, Sum: 0.6]
      [Update RS (ms): Min: 0.5, Avg: 0.8, Max: 1.1, Diff: 0.6, Sum: 6.4]
         [Processed Buffers: Min: 1, Avg: 2.6, Max: 5, Diff: 4, Sum: 21]
      [Scan RS (ms): Min: 9.2, Avg: 10.5, Max: 17.9, Diff: 8.7, Sum: 83.9]
      [Code Root Scanning (ms): Min: 0.0, Avg: 0.0, Max: 0.0, Diff: 0.0, Sum: 0.0]
      [Object Copy (ms): Min: 54.5, Avg: 62.1, Max: 63.2, Diff: 8.7, Sum: 496.6]
      [Termination (ms): Min: 0.0, Avg: 0.1, Max: 0.1, Diff: 0.1, Sum: 0.5]
         [Termination Attempts: Min: 1, Avg: 333.3, Max: 432, Diff: 431, Sum: 2666]
      [GC Worker Other (ms): Min: 0.0, Avg: 0.0, Max: 0.0, Diff: 0.0, Sum: 0.2]
      [GC Worker Total (ms): Min: 73.5, Avg: 73.5, Max: 73.6, Diff: 0.1, Sum: 588.2]
      [GC Worker End (ms): Min: 791.5, Avg: 791.5, Max: 791.5, Diff: 0.0]
   [Code Root Fixup: 0.0 ms]
   [Code Root Purge: 0.0 ms]
   [Clear CT: 0.3 ms]
   [Other: 0.7 ms]
      [Choose CSet: 0.0 ms]
      [Ref Proc: 0.2 ms]
      [Ref Enq: 0.0 ms]
      [Redirty Cards: 0.2 ms]
      [Humongous Register: 0.0 ms]
      [Humongous Reclaim: 0.0 ms]
      [Free CSet: 0.1 ms]
   [Eden: 89.0M(89.0M)->0.0B(89.0M) Survivors: 13.0M->13.0M Heap: 435.4M(2048.0M)->437.4M(2048.0M)]
 [Times: user=0.44 sys=0.05, real=0.07 secs] 
2020-09-29T11:29:07.420+0200: 0.852: [GC pause (G1 Evacuation Pause) (young), 0.0632303 secs]
   [Parallel Time: 62.2 ms, GC Workers: 8]
      [GC Worker Start (ms): Min: 851.8, Avg: 851.9, Max: 852.0, Diff: 0.2]
      [Ext Root Scanning (ms): Min: 0.0, Avg: 0.1, Max: 0.2, Diff: 0.2, Sum: 0.5]
      [Update RS (ms): Min: 0.9, Avg: 1.3, Max: 1.7, Diff: 0.9, Sum: 10.4]
         [Processed Buffers: Min: 1, Avg: 1.8, Max: 2, Diff: 1, Sum: 14]
      [Scan RS (ms): Min: 8.2, Avg: 8.7, Max: 9.3, Diff: 1.1, Sum: 69.9]
      [Code Root Scanning (ms): Min: 0.0, Avg: 0.0, Max: 0.0, Diff: 0.0, Sum: 0.0]
      [Object Copy (ms): Min: 51.7, Avg: 51.8, Max: 51.9, Diff: 0.2, Sum: 414.4]
      [Termination (ms): Min: 0.0, Avg: 0.0, Max: 0.0, Diff: 0.0, Sum: 0.2]
         [Termination Attempts: Min: 1, Avg: 136.4, Max: 187, Diff: 186, Sum: 1091]
      [GC Worker Other (ms): Min: 0.0, Avg: 0.0, Max: 0.1, Diff: 0.0, Sum: 0.3]
      [GC Worker Total (ms): Min: 61.9, Avg: 62.0, Max: 62.1, Diff: 0.2, Sum: 495.7]
      [GC Worker End (ms): Min: 913.8, Avg: 913.8, Max: 913.9, Diff: 0.0]
   [Code Root Fixup: 0.0 ms]
   [Code Root Purge: 0.0 ms]
   [Clear CT: 0.2 ms]
   [Other: 0.8 ms]
      [Choose CSet: 0.0 ms]
      [Ref Proc: 0.3 ms]
      [Ref Enq: 0.0 ms]
      [Redirty Cards: 0.3 ms]
      [Humongous Register: 0.0 ms]
      [Humongous Reclaim: 0.0 ms]
      [Free CSet: 0.1 ms]
   [Eden: 89.0M(89.0M)->0.0B(89.0M) Survivors: 13.0M->13.0M Heap: 539.8M(2048.0M)->541.8M(2048.0M)]
 [Times: user=0.44 sys=0.06, real=0.06 secs] 
2020-09-29T11:29:07.551+0200: 0.983: [GC pause (G1 Evacuation Pause) (young), 0.0669535 secs]
   [Parallel Time: 65.8 ms, GC Workers: 8]
      [GC Worker Start (ms): Min: 983.1, Avg: 983.2, Max: 983.3, Diff: 0.2]
      [Ext Root Scanning (ms): Min: 0.0, Avg: 0.1, Max: 0.2, Diff: 0.2, Sum: 0.5]
      [Update RS (ms): Min: 0.9, Avg: 1.1, Max: 1.6, Diff: 0.7, Sum: 8.6]
         [Processed Buffers: Min: 1, Avg: 1.9, Max: 2, Diff: 1, Sum: 15]
      [Scan RS (ms): Min: 8.2, Avg: 8.7, Max: 8.9, Diff: 0.8, Sum: 69.8]
      [Code Root Scanning (ms): Min: 0.0, Avg: 0.0, Max: 0.0, Diff: 0.0, Sum: 0.0]
      [Object Copy (ms): Min: 55.6, Avg: 55.7, Max: 55.7, Diff: 0.1, Sum: 445.3]
      [Termination (ms): Min: 0.0, Avg: 0.0, Max: 0.0, Diff: 0.0, Sum: 0.1]
         [Termination Attempts: Min: 1, Avg: 50.5, Max: 64, Diff: 63, Sum: 404]
      [GC Worker Other (ms): Min: 0.0, Avg: 0.0, Max: 0.0, Diff: 0.0, Sum: 0.2]
      [GC Worker Total (ms): Min: 65.5, Avg: 65.6, Max: 65.7, Diff: 0.2, Sum: 524.4]
      [GC Worker End (ms): Min: 1048.8, Avg: 1048.8, Max: 1048.8, Diff: 0.0]
   [Code Root Fixup: 0.0 ms]
   [Code Root Purge: 0.0 ms]
   [Clear CT: 0.4 ms]
   [Other: 0.7 ms]
      [Choose CSet: 0.0 ms]
      [Ref Proc: 0.2 ms]
      [Ref Enq: 0.0 ms]
      [Redirty Cards: 0.3 ms]
      [Humongous Register: 0.0 ms]
      [Humongous Reclaim: 0.0 ms]
      [Free CSet: 0.1 ms]
   [Eden: 89.0M(89.0M)->0.0B(89.0M) Survivors: 13.0M->13.0M Heap: 646.1M(2048.0M)->648.1M(2048.0M)]
 [Times: user=0.58 sys=0.05, real=0.07 secs] 
2020-09-29T11:29:07.685+0200: 1.118: [GC pause (G1 Evacuation Pause) (young), 0.0758650 secs]
   [Parallel Time: 75.0 ms, GC Workers: 8]
      [GC Worker Start (ms): Min: 1118.1, Avg: 1118.2, Max: 1118.3, Diff: 0.2]
      [Ext Root Scanning (ms): Min: 0.0, Avg: 0.1, Max: 0.1, Diff: 0.1, Sum: 0.6]
      [Update RS (ms): Min: 1.0, Avg: 1.1, Max: 1.9, Diff: 0.9, Sum: 9.1]
         [Processed Buffers: Min: 1, Avg: 2.1, Max: 7, Diff: 6, Sum: 17]
      [Scan RS (ms): Min: 9.5, Avg: 11.5, Max: 24.4, Diff: 14.9, Sum: 91.7]
      [Code Root Scanning (ms): Min: 0.0, Avg: 0.0, Max: 0.0, Diff: 0.0, Sum: 0.0]
      [Object Copy (ms): Min: 48.3, Avg: 62.0, Max: 64.0, Diff: 15.7, Sum: 495.8]
      [Termination (ms): Min: 0.0, Avg: 0.0, Max: 0.0, Diff: 0.0, Sum: 0.3]
         [Termination Attempts: Min: 1, Avg: 239.1, Max: 311, Diff: 310, Sum: 1913]
      [GC Worker Other (ms): Min: 0.0, Avg: 0.1, Max: 0.1, Diff: 0.1, Sum: 0.5]
      [GC Worker Total (ms): Min: 74.6, Avg: 74.8, Max: 74.8, Diff: 0.2, Sum: 598.0]
      [GC Worker End (ms): Min: 1192.9, Avg: 1193.0, Max: 1193.0, Diff: 0.1]
   [Code Root Fixup: 0.0 ms]
   [Code Root Purge: 0.0 ms]
   [Clear CT: 0.2 ms]
   [Other: 0.7 ms]
      [Choose CSet: 0.0 ms]
      [Ref Proc: 0.1 ms]
      [Ref Enq: 0.0 ms]
      [Redirty Cards: 0.2 ms]
      [Humongous Register: 0.0 ms]
      [Humongous Reclaim: 0.0 ms]
      [Free CSet: 0.1 ms]
   [Eden: 89.0M(89.0M)->0.0B(89.0M) Survivors: 13.0M->13.0M Heap: 752.3M(2048.0M)->754.8M(2048.0M)]
 [Times: user=0.58 sys=0.03, real=0.08 secs] 
2020-09-29T11:29:07.828+0200: 1.261: [GC pause (G1 Evacuation Pause) (young), 0.0632249 secs]
   [Parallel Time: 62.4 ms, GC Workers: 8]
      [GC Worker Start (ms): Min: 1261.4, Avg: 1261.4, Max: 1261.5, Diff: 0.1]
      [Ext Root Scanning (ms): Min: 0.0, Avg: 0.1, Max: 0.2, Diff: 0.1, Sum: 0.7]
      [Update RS (ms): Min: 1.3, Avg: 1.7, Max: 2.1, Diff: 0.8, Sum: 13.4]
         [Processed Buffers: Min: 1, Avg: 3.0, Max: 4, Diff: 3, Sum: 24]
      [Scan RS (ms): Min: 9.0, Avg: 9.3, Max: 9.6, Diff: 0.7, Sum: 74.4]
      [Code Root Scanning (ms): Min: 0.0, Avg: 0.0, Max: 0.0, Diff: 0.0, Sum: 0.0]
      [Object Copy (ms): Min: 51.0, Avg: 51.1, Max: 51.2, Diff: 0.2, Sum: 409.0]
      [Termination (ms): Min: 0.0, Avg: 0.0, Max: 0.0, Diff: 0.0, Sum: 0.2]
         [Termination Attempts: Min: 1, Avg: 143.6, Max: 195, Diff: 194, Sum: 1149]
      [GC Worker Other (ms): Min: 0.0, Avg: 0.0, Max: 0.0, Diff: 0.0, Sum: 0.2]
      [GC Worker Total (ms): Min: 62.2, Avg: 62.2, Max: 62.3, Diff: 0.1, Sum: 497.9]
      [GC Worker End (ms): Min: 1323.7, Avg: 1323.7, Max: 1323.7, Diff: 0.0]
   [Code Root Fixup: 0.0 ms]
   [Code Root Purge: 0.0 ms]
   [Clear CT: 0.2 ms]
   [Other: 0.6 ms]
      [Choose CSet: 0.0 ms]
      [Ref Proc: 0.2 ms]
      [Ref Enq: 0.0 ms]
      [Redirty Cards: 0.2 ms]
      [Humongous Register: 0.0 ms]
      [Humongous Reclaim: 0.0 ms]
      [Free CSet: 0.1 ms]
   [Eden: 89.0M(89.0M)->0.0B(89.0M) Survivors: 13.0M->13.0M Heap: 859.1M(2048.0M)->860.6M(2048.0M)]
 [Times: user=0.44 sys=0.06, real=0.06 secs] 
2020-09-29T11:29:07.959+0200: 1.392: [GC pause (G1 Evacuation Pause) (young), 0.0618517 secs]
   [Parallel Time: 60.9 ms, GC Workers: 8]
      [GC Worker Start (ms): Min: 1392.1, Avg: 1392.2, Max: 1392.3, Diff: 0.3]
      [Ext Root Scanning (ms): Min: 0.0, Avg: 0.1, Max: 0.2, Diff: 0.2, Sum: 0.5]
      [Update RS (ms): Min: 2.3, Avg: 2.5, Max: 3.0, Diff: 0.6, Sum: 19.7]
         [Processed Buffers: Min: 4, Avg: 4.0, Max: 4, Diff: 0, Sum: 32]
      [Scan RS (ms): Min: 8.3, Avg: 8.8, Max: 9.1, Diff: 0.8, Sum: 70.8]
      [Code Root Scanning (ms): Min: 0.0, Avg: 0.0, Max: 0.0, Diff: 0.0, Sum: 0.0]
      [Object Copy (ms): Min: 49.0, Avg: 49.1, Max: 49.2, Diff: 0.2, Sum: 393.0]
      [Termination (ms): Min: 0.0, Avg: 0.0, Max: 0.1, Diff: 0.1, Sum: 0.3]
         [Termination Attempts: Min: 1, Avg: 4.0, Max: 6, Diff: 5, Sum: 32]
      [GC Worker Other (ms): Min: 0.0, Avg: 0.1, Max: 0.2, Diff: 0.2, Sum: 0.7]
      [GC Worker Total (ms): Min: 60.4, Avg: 60.6, Max: 60.8, Diff: 0.4, Sum: 484.8]
      [GC Worker End (ms): Min: 1452.8, Avg: 1452.8, Max: 1452.9, Diff: 0.1]
   [Code Root Fixup: 0.0 ms]
   [Code Root Purge: 0.0 ms]
   [Clear CT: 0.2 ms]
   [Other: 0.7 ms]
      [Choose CSet: 0.0 ms]
      [Ref Proc: 0.2 ms]
      [Ref Enq: 0.0 ms]
      [Redirty Cards: 0.3 ms]
      [Humongous Register: 0.0 ms]
      [Humongous Reclaim: 0.0 ms]
      [Free CSet: 0.1 ms]
   [Eden: 89.0M(89.0M)->0.0B(89.0M) Survivors: 13.0M->13.0M Heap: 964.8M(2048.0M)->966.8M(2048.0M)]
 [Times: user=0.42 sys=0.05, real=0.06 secs] 
2020-09-29T11:29:08.028+0200: 1.461: [GC pause (G1 Humongous Allocation) (young) (initial-mark), 0.0215112 secs]
   [Parallel Time: 20.6 ms, GC Workers: 8]
      [GC Worker Start (ms): Min: 1461.0, Avg: 1461.0, Max: 1461.1, Diff: 0.1]
      [Ext Root Scanning (ms): Min: 0.0, Avg: 0.1, Max: 0.1, Diff: 0.1, Sum: 0.6]
      [Update RS (ms): Min: 6.7, Avg: 7.0, Max: 7.4, Diff: 0.7, Sum: 56.3]
         [Processed Buffers: Min: 8, Avg: 8.9, Max: 10, Diff: 2, Sum: 71]
      [Scan RS (ms): Min: 0.4, Avg: 0.8, Max: 1.1, Diff: 0.8, Sum: 6.1]
      [Code Root Scanning (ms): Min: 0.0, Avg: 0.0, Max: 0.0, Diff: 0.0, Sum: 0.0]
      [Object Copy (ms): Min: 12.6, Avg: 12.6, Max: 12.7, Diff: 0.1, Sum: 101.0]
      [Termination (ms): Min: 0.0, Avg: 0.0, Max: 0.0, Diff: 0.0, Sum: 0.0]
         [Termination Attempts: Min: 1, Avg: 23.1, Max: 35, Diff: 34, Sum: 185]
      [GC Worker Other (ms): Min: 0.0, Avg: 0.0, Max: 0.0, Diff: 0.0, Sum: 0.1]
      [GC Worker Total (ms): Min: 20.5, Avg: 20.5, Max: 20.6, Diff: 0.1, Sum: 164.2]
      [GC Worker End (ms): Min: 1481.6, Avg: 1481.6, Max: 1481.6, Diff: 0.0]
   [Code Root Fixup: 0.0 ms]
   [Code Root Purge: 0.0 ms]
   [Clear CT: 0.3 ms]
   [Other: 0.6 ms]
      [Choose CSet: 0.0 ms]
      [Ref Proc: 0.1 ms]
      [Ref Enq: 0.0 ms]
      [Redirty Cards: 0.2 ms]
      [Humongous Register: 0.0 ms]
      [Humongous Reclaim: 0.0 ms]
      [Free CSet: 0.0 ms]
   [Eden: 12.0M(89.0M)->0.0B(98.0M) Survivors: 13.0M->13.0M Heap: 978.3M(2048.0M)->981.3M(2048.0M)]
 [Times: user=0.13 sys=0.00, real=0.02 secs] 
2020-09-29T11:29:08.050+0200: 1.483: [GC concurrent-root-region-scan-start]
2020-09-29T11:29:08.052+0200: 1.485: [GC concurrent-root-region-scan-end, 0.0027304 secs]
2020-09-29T11:29:08.052+0200: 1.485: [GC concurrent-mark-start]
2020-09-29T11:29:08.057+0200: 1.489: [GC concurrent-mark-end, 0.0041677 secs]
2020-09-29T11:29:08.057+0200: 1.490: [GC remark 2020-09-29T11:29:08.057+0200: 1.490: [Finalize Marking, 0.0002672 secs] 2020-09-29T11:29:08.058+0200: 1.490: [GC ref-proc, 0.0002824 secs] 2020-09-29T11:29:08.058+0200: 1.491: [Unloading, 0.0004947 secs], 0.0014896 secs]
 [Times: user=0.00 sys=0.00, real=0.00 secs] 
2020-09-29T11:29:08.059+0200: 1.492: [GC cleanup 997M->38M(2048M), 0.0013367 secs]
 [Times: user=0.00 sys=0.00, real=0.00 secs] 
2020-09-29T11:29:08.061+0200: 1.493: [GC concurrent-cleanup-start]
2020-09-29T11:29:08.062+0200: 1.495: [GC concurrent-cleanup-end, 0.0012273 secs]
2020-09-29T11:29:08.111+0200: 1.544: [GC pause (G1 Evacuation Pause) (young), 0.0517922 secs]
   [Parallel Time: 50.5 ms, GC Workers: 8]
      [GC Worker Start (ms): Min: 1543.9, Avg: 1544.0, Max: 1544.0, Diff: 0.1]
      [Ext Root Scanning (ms): Min: 0.0, Avg: 0.1, Max: 0.1, Diff: 0.1, Sum: 0.6]
      [Update RS (ms): Min: 1.3, Avg: 1.6, Max: 2.0, Diff: 0.8, Sum: 13.2]
         [Processed Buffers: Min: 2, Avg: 2.5, Max: 3, Diff: 1, Sum: 20]
      [Scan RS (ms): Min: 7.7, Avg: 8.1, Max: 8.5, Diff: 0.8, Sum: 65.1]
      [Code Root Scanning (ms): Min: 0.0, Avg: 0.0, Max: 0.0, Diff: 0.0, Sum: 0.0]
      [Object Copy (ms): Min: 40.3, Avg: 40.3, Max: 40.4, Diff: 0.1, Sum: 322.8]
      [Termination (ms): Min: 0.0, Avg: 0.0, Max: 0.1, Diff: 0.1, Sum: 0.3]
         [Termination Attempts: Min: 1, Avg: 301.9, Max: 368, Diff: 367, Sum: 2415]
      [GC Worker Other (ms): Min: 0.0, Avg: 0.1, Max: 0.1, Diff: 0.1, Sum: 0.8]
      [GC Worker Total (ms): Min: 50.2, Avg: 50.3, Max: 50.4, Diff: 0.2, Sum: 402.8]
      [GC Worker End (ms): Min: 1594.2, Avg: 1594.3, Max: 1594.4, Diff: 0.1]
   [Code Root Fixup: 0.0 ms]
   [Code Root Purge: 0.0 ms]
   [Clear CT: 0.4 ms]
   [Other: 0.9 ms]
      [Choose CSet: 0.0 ms]
      [Ref Proc: 0.3 ms]
      [Ref Enq: 0.0 ms]
      [Redirty Cards: 0.3 ms]
      [Humongous Register: 0.0 ms]
      [Humongous Reclaim: 0.0 ms]
      [Free CSet: 0.1 ms]
   [Eden: 98.0M(98.0M)->0.0B(121.0M) Survivors: 13.0M->14.0M Heap: 137.7M(2048.0M)->127.2M(2048.0M)]
 [Times: user=0.50 sys=0.00, real=0.05 secs] 
2020-09-29T11:29:08.236+0200: 1.669: [GC pause (G1 Evacuation Pause) (young), 0.0722397 secs]
   [Parallel Time: 71.3 ms, GC Workers: 8]
      [GC Worker Start (ms): Min: 1669.3, Avg: 1669.3, Max: 1669.4, Diff: 0.2]
      [Ext Root Scanning (ms): Min: 0.0, Avg: 0.1, Max: 0.2, Diff: 0.2, Sum: 0.7]
      [Update RS (ms): Min: 1.4, Avg: 1.6, Max: 2.0, Diff: 0.6, Sum: 13.0]
         [Processed Buffers: Min: 2, Avg: 3.4, Max: 5, Diff: 3, Sum: 27]
      [Scan RS (ms): Min: 13.2, Avg: 13.6, Max: 13.9, Diff: 0.7, Sum: 108.7]
      [Code Root Scanning (ms): Min: 0.0, Avg: 0.0, Max: 0.0, Diff: 0.0, Sum: 0.0]
      [Object Copy (ms): Min: 55.7, Avg: 55.8, Max: 55.8, Diff: 0.1, Sum: 446.1]
      [Termination (ms): Min: 0.0, Avg: 0.0, Max: 0.0, Diff: 0.0, Sum: 0.1]
         [Termination Attempts: Min: 1, Avg: 84.0, Max: 122, Diff: 121, Sum: 672]
      [GC Worker Other (ms): Min: 0.0, Avg: 0.0, Max: 0.1, Diff: 0.1, Sum: 0.3]
      [GC Worker Total (ms): Min: 71.0, Avg: 71.1, Max: 71.2, Diff: 0.2, Sum: 569.0]
      [GC Worker End (ms): Min: 1740.4, Avg: 1740.5, Max: 1740.5, Diff: 0.1]
   [Code Root Fixup: 0.0 ms]
   [Code Root Purge: 0.0 ms]
   [Clear CT: 0.3 ms]
   [Other: 0.7 ms]
      [Choose CSet: 0.0 ms]
      [Ref Proc: 0.1 ms]
      [Ref Enq: 0.0 ms]
      [Redirty Cards: 0.2 ms]
      [Humongous Register: 0.0 ms]
      [Humongous Reclaim: 0.0 ms]
      [Free CSet: 0.1 ms]
   [Eden: 121.0M(121.0M)->0.0B(134.0M) Survivors: 14.0M->17.0M Heap: 269.1M(2048.0M)->270.1M(2048.0M)]
 [Times: user=0.59 sys=0.02, real=0.07 secs] 
2020-09-29T11:29:08.395+0200: 1.828: [GC pause (G1 Evacuation Pause) (young), 0.0789144 secs]
   [Parallel Time: 77.8 ms, GC Workers: 8]
      [GC Worker Start (ms): Min: 1828.0, Avg: 1828.1, Max: 1828.1, Diff: 0.1]
      [Ext Root Scanning (ms): Min: 0.0, Avg: 0.1, Max: 0.1, Diff: 0.1, Sum: 0.6]
      [Update RS (ms): Min: 1.9, Avg: 2.1, Max: 2.8, Diff: 0.9, Sum: 17.2]
         [Processed Buffers: Min: 2, Avg: 2.8, Max: 3, Diff: 1, Sum: 22]
      [Scan RS (ms): Min: 12.2, Avg: 12.9, Max: 13.3, Diff: 1.1, Sum: 103.4]
      [Code Root Scanning (ms): Min: 0.0, Avg: 0.0, Max: 0.0, Diff: 0.0, Sum: 0.0]
      [Object Copy (ms): Min: 62.2, Avg: 62.4, Max: 62.4, Diff: 0.2, Sum: 498.9]
      [Termination (ms): Min: 0.0, Avg: 0.0, Max: 0.0, Diff: 0.0, Sum: 0.2]
         [Termination Attempts: Min: 1, Avg: 166.4, Max: 239, Diff: 238, Sum: 1331]
      [GC Worker Other (ms): Min: 0.0, Avg: 0.0, Max: 0.0, Diff: 0.0, Sum: 0.2]
      [GC Worker Total (ms): Min: 77.5, Avg: 77.6, Max: 77.6, Diff: 0.1, Sum: 620.5]
      [GC Worker End (ms): Min: 1905.6, Avg: 1905.6, Max: 1905.6, Diff: 0.0]
   [Code Root Fixup: 0.0 ms]
   [Code Root Purge: 0.0 ms]
   [Clear CT: 0.2 ms]
   [Other: 0.9 ms]
      [Choose CSet: 0.0 ms]
      [Ref Proc: 0.3 ms]
      [Ref Enq: 0.0 ms]
      [Redirty Cards: 0.2 ms]
      [Humongous Register: 0.0 ms]
      [Humongous Reclaim: 0.0 ms]
      [Free CSet: 0.1 ms]
   [Eden: 134.0M(134.0M)->0.0B(157.0M) Survivors: 17.0M->19.0M Heap: 425.1M(2048.0M)->427.1M(2048.0M)]
 [Times: user=0.61 sys=0.02, real=0.08 secs] 
2020-09-29T11:29:08.580+0200: 2.012: [GC pause (G1 Evacuation Pause) (young), 0.1039567 secs]
   [Parallel Time: 102.4 ms, GC Workers: 8]
      [GC Worker Start (ms): Min: 2012.3, Avg: 2012.4, Max: 2012.4, Diff: 0.1]
      [Ext Root Scanning (ms): Min: 0.0, Avg: 0.1, Max: 0.1, Diff: 0.1, Sum: 0.6]
      [Update RS (ms): Min: 1.9, Avg: 2.0, Max: 2.0, Diff: 0.1, Sum: 15.9]
         [Processed Buffers: Min: 2, Avg: 3.0, Max: 6, Diff: 4, Sum: 24]
      [Scan RS (ms): Min: 17.5, Avg: 17.6, Max: 17.7, Diff: 0.2, Sum: 140.6]
      [Code Root Scanning (ms): Min: 0.0, Avg: 0.0, Max: 0.0, Diff: 0.0, Sum: 0.0]
      [Object Copy (ms): Min: 82.1, Avg: 82.1, Max: 82.2, Diff: 0.1, Sum: 657.1]
      [Termination (ms): Min: 0.0, Avg: 0.0, Max: 0.0, Diff: 0.0, Sum: 0.1]
         [Termination Attempts: Min: 1, Avg: 81.3, Max: 110, Diff: 109, Sum: 650]
      [GC Worker Other (ms): Min: 0.0, Avg: 0.1, Max: 0.4, Diff: 0.4, Sum: 0.7]
      [GC Worker Total (ms): Min: 101.8, Avg: 101.9, Max: 102.3, Diff: 0.5, Sum: 815.1]
      [GC Worker End (ms): Min: 2114.2, Avg: 2114.3, Max: 2114.6, Diff: 0.4]
   [Code Root Fixup: 0.0 ms]
   [Code Root Purge: 0.0 ms]
   [Clear CT: 0.1 ms]
   [Other: 1.4 ms]
      [Choose CSet: 0.0 ms]
      [Ref Proc: 0.3 ms]
      [Ref Enq: 0.0 ms]
      [Redirty Cards: 0.8 ms]
      [Humongous Register: 0.0 ms]
      [Humongous Reclaim: 0.0 ms]
      [Free CSet: 0.1 ms]
   [Eden: 157.0M(157.0M)->0.0B(163.0M) Survivors: 19.0M->22.0M Heap: 610.8M(2048.0M)->612.8M(2048.0M)]
 [Times: user=0.81 sys=0.06, real=0.10 secs] 
2020-09-29T11:29:08.776+0200: 2.209: [GC pause (G1 Evacuation Pause) (young), 0.0931482 secs]
   [Parallel Time: 92.2 ms, GC Workers: 8]
      [GC Worker Start (ms): Min: 2209.3, Avg: 2209.4, Max: 2209.4, Diff: 0.1]
      [Ext Root Scanning (ms): Min: 0.0, Avg: 0.1, Max: 0.1, Diff: 0.1, Sum: 0.6]
      [Update RS (ms): Min: 1.9, Avg: 2.3, Max: 2.5, Diff: 0.6, Sum: 18.1]
         [Processed Buffers: Min: 3, Avg: 3.3, Max: 4, Diff: 1, Sum: 26]
      [Scan RS (ms): Min: 15.1, Avg: 15.3, Max: 15.8, Diff: 0.7, Sum: 122.5]
      [Code Root Scanning (ms): Min: 0.0, Avg: 0.0, Max: 0.0, Diff: 0.0, Sum: 0.0]
      [Object Copy (ms): Min: 74.3, Avg: 74.3, Max: 74.4, Diff: 0.1, Sum: 594.7]
      [Termination (ms): Min: 0.0, Avg: 0.0, Max: 0.0, Diff: 0.0, Sum: 0.0]
         [Termination Attempts: Min: 1, Avg: 6.8, Max: 9, Diff: 8, Sum: 54]
      [GC Worker Other (ms): Min: 0.0, Avg: 0.0, Max: 0.1, Diff: 0.1, Sum: 0.3]
      [GC Worker Total (ms): Min: 92.0, Avg: 92.0, Max: 92.1, Diff: 0.1, Sum: 736.3]
      [GC Worker End (ms): Min: 2301.4, Avg: 2301.4, Max: 2301.4, Diff: 0.1]
   [Code Root Fixup: 0.0 ms]
   [Code Root Purge: 0.0 ms]
   [Clear CT: 0.2 ms]
   [Other: 0.7 ms]
      [Choose CSet: 0.0 ms]
      [Ref Proc: 0.2 ms]
      [Ref Enq: 0.0 ms]
      [Redirty Cards: 0.2 ms]
      [Humongous Register: 0.0 ms]
      [Humongous Reclaim: 0.0 ms]
      [Free CSet: 0.1 ms]
   [Eden: 163.0M(163.0M)->0.0B(182.0M) Survivors: 22.0M->24.0M Heap: 802.5M(2048.0M)->804.0M(2048.0M)]
 [Times: user=0.72 sys=0.03, real=0.09 secs] 
2020-09-29T11:29:08.978+0200: 2.410: [GC pause (G1 Evacuation Pause) (young), 0.1061646 secs]
   [Parallel Time: 105.1 ms, GC Workers: 8]
      [GC Worker Start (ms): Min: 2410.6, Avg: 2410.7, Max: 2410.7, Diff: 0.2]
      [Ext Root Scanning (ms): Min: 0.0, Avg: 0.1, Max: 0.2, Diff: 0.2, Sum: 0.6]
      [Update RS (ms): Min: 2.0, Avg: 2.3, Max: 2.5, Diff: 0.5, Sum: 18.6]
         [Processed Buffers: Min: 3, Avg: 3.5, Max: 5, Diff: 2, Sum: 28]
      [Scan RS (ms): Min: 17.2, Avg: 17.4, Max: 17.7, Diff: 0.5, Sum: 139.4]
      [Code Root Scanning (ms): Min: 0.0, Avg: 0.0, Max: 0.0, Diff: 0.0, Sum: 0.0]
      [Object Copy (ms): Min: 84.9, Avg: 85.1, Max: 85.1, Diff: 0.2, Sum: 680.5]
      [Termination (ms): Min: 0.0, Avg: 0.0, Max: 0.0, Diff: 0.0, Sum: 0.0]
         [Termination Attempts: Min: 1, Avg: 23.3, Max: 34, Diff: 33, Sum: 186]
      [GC Worker Other (ms): Min: 0.0, Avg: 0.0, Max: 0.0, Diff: 0.0, Sum: 0.2]
      [GC Worker Total (ms): Min: 104.9, Avg: 104.9, Max: 105.0, Diff: 0.1, Sum: 839.3]
      [GC Worker End (ms): Min: 2515.6, Avg: 2515.6, Max: 2515.6, Diff: 0.0]
   [Code Root Fixup: 0.0 ms]
   [Code Root Purge: 0.0 ms]
   [Clear CT: 0.2 ms]
   [Other: 0.8 ms]
      [Choose CSet: 0.0 ms]
      [Ref Proc: 0.2 ms]
      [Ref Enq: 0.0 ms]
      [Redirty Cards: 0.2 ms]
      [Humongous Register: 0.0 ms]
      [Humongous Reclaim: 0.0 ms]
      [Free CSet: 0.2 ms]
   [Eden: 182.0M(182.0M)->0.0B(195.0M) Survivors: 24.0M->26.0M Heap: 1016.6M(2048.0M)->1018.1M(2048.0M)]
 [Times: user=0.80 sys=0.06, real=0.11 secs] 
2020-09-29T11:29:09.100+0200: 2.532: [GC pause (G1 Humongous Allocation) (young) (initial-mark), 0.0237561 secs]
   [Parallel Time: 23.0 ms, GC Workers: 8]
      [GC Worker Start (ms): Min: 2532.7, Avg: 2532.7, Max: 2532.8, Diff: 0.1]
      [Ext Root Scanning (ms): Min: 0.0, Avg: 0.7, Max: 4.6, Diff: 4.6, Sum: 5.4]
      [Update RS (ms): Min: 1.8, Avg: 5.9, Max: 6.7, Diff: 4.9, Sum: 46.9]
         [Processed Buffers: Min: 2, Avg: 7.8, Max: 10, Diff: 8, Sum: 62]
      [Scan RS (ms): Min: 1.3, Avg: 1.6, Max: 1.9, Diff: 0.6, Sum: 12.9]
      [Code Root Scanning (ms): Min: 0.0, Avg: 0.0, Max: 0.0, Diff: 0.0, Sum: 0.0]
      [Object Copy (ms): Min: 14.5, Avg: 14.5, Max: 14.6, Diff: 0.1, Sum: 116.4]
      [Termination (ms): Min: 0.0, Avg: 0.1, Max: 0.1, Diff: 0.1, Sum: 0.5]
         [Termination Attempts: Min: 1, Avg: 81.4, Max: 108, Diff: 107, Sum: 651]
      [GC Worker Other (ms): Min: 0.0, Avg: 0.0, Max: 0.0, Diff: 0.0, Sum: 0.1]
      [GC Worker Total (ms): Min: 22.7, Avg: 22.8, Max: 22.8, Diff: 0.2, Sum: 182.2]
      [GC Worker End (ms): Min: 2555.5, Avg: 2555.5, Max: 2555.5, Diff: 0.0]
   [Code Root Fixup: 0.0 ms]
   [Code Root Purge: 0.0 ms]
   [Clear CT: 0.1 ms]
   [Other: 0.7 ms]
      [Choose CSet: 0.0 ms]
      [Ref Proc: 0.2 ms]
      [Ref Enq: 0.0 ms]
      [Redirty Cards: 0.1 ms]
      [Humongous Register: 0.1 ms]
      [Humongous Reclaim: 0.0 ms]
      [Free CSet: 0.0 ms]
   [Eden: 4096.0K(195.0M)->0.0B(248.0M) Survivors: 26.0M->6144.0K Heap: 1021.6M(2048.0M)->1026.1M(2048.0M)]
 [Times: user=0.13 sys=0.00, real=0.02 secs] 
2020-09-29T11:29:09.123+0200: 2.556: [GC concurrent-root-region-scan-start]
2020-09-29T11:29:09.124+0200: 2.557: [GC concurrent-root-region-scan-end, 0.0010341 secs]
2020-09-29T11:29:09.124+0200: 2.557: [GC concurrent-mark-start]
2020-09-29T11:29:09.128+0200: 2.561: [GC concurrent-mark-end, 0.0032084 secs]
2020-09-29T11:29:09.128+0200: 2.561: [GC remark 2020-09-29T11:29:09.128+0200: 2.561: [Finalize Marking, 0.0002804 secs] 2020-09-29T11:29:09.128+0200: 2.561: [GC ref-proc, 0.0002817 secs] 2020-09-29T11:29:09.128+0200: 2.561: [Unloading, 0.0005193 secs], 0.0013589 secs]
 [Times: user=0.02 sys=0.00, real=0.00 secs] 
2020-09-29T11:29:09.130+0200: 2.562: [GC cleanup 1033M->23M(2048M), 0.0018067 secs]
 [Times: user=0.00 sys=0.00, real=0.00 secs] 
2020-09-29T11:29:09.131+0200: 2.564: [GC concurrent-cleanup-start]
2020-09-29T11:29:09.133+0200: 2.566: [GC concurrent-cleanup-end, 0.0011631 secs]
2020-09-29T11:29:09.273+0200: 2.706: [GC pause (G1 Evacuation Pause) (young), 0.1286435 secs]
   [Parallel Time: 127.0 ms, GC Workers: 8]
      [GC Worker Start (ms): Min: 2706.1, Avg: 2706.2, Max: 2706.3, Diff: 0.2]
      [Ext Root Scanning (ms): Min: 0.0, Avg: 0.1, Max: 0.2, Diff: 0.2, Sum: 0.5]
      [Update RS (ms): Min: 3.1, Avg: 3.3, Max: 3.9, Diff: 0.8, Sum: 26.1]
         [Processed Buffers: Min: 4, Avg: 4.0, Max: 4, Diff: 0, Sum: 32]
      [Scan RS (ms): Min: 21.0, Avg: 21.6, Max: 21.8, Diff: 0.8, Sum: 172.6]
      [Code Root Scanning (ms): Min: 0.0, Avg: 0.0, Max: 0.0, Diff: 0.0, Sum: 0.0]
      [Object Copy (ms): Min: 101.7, Avg: 101.7, Max: 101.8, Diff: 0.2, Sum: 813.9]
      [Termination (ms): Min: 0.0, Avg: 0.0, Max: 0.0, Diff: 0.0, Sum: 0.0]
         [Termination Attempts: Min: 1, Avg: 16.8, Max: 23, Diff: 22, Sum: 134]
      [GC Worker Other (ms): Min: 0.0, Avg: 0.0, Max: 0.1, Diff: 0.0, Sum: 0.2]
      [GC Worker Total (ms): Min: 126.6, Avg: 126.7, Max: 126.8, Diff: 0.2, Sum: 1013.3]
      [GC Worker End (ms): Min: 2832.8, Avg: 2832.8, Max: 2832.9, Diff: 0.0]
   [Code Root Fixup: 0.0 ms]
   [Code Root Purge: 0.0 ms]
   [Clear CT: 0.4 ms]
   [Other: 1.2 ms]
      [Choose CSet: 0.0 ms]
      [Ref Proc: 0.5 ms]
      [Ref Enq: 0.0 ms]
      [Redirty Cards: 0.3 ms]
      [Humongous Register: 0.0 ms]
      [Humongous Reclaim: 0.0 ms]
      [Free CSet: 0.1 ms]
   [Eden: 248.0M(248.0M)->0.0B(228.0M) Survivors: 6144.0K->32.0M Heap: 305.5M(2048.0M)->302.5M(2048.0M)]
 [Times: user=0.94 sys=0.06, real=0.13 secs] 
2020-09-29T11:29:09.521+0200: 2.953: [GC pause (G1 Evacuation Pause) (young), 0.1484849 secs]
   [Parallel Time: 147.3 ms, GC Workers: 8]
      [GC Worker Start (ms): Min: 2953.0, Avg: 2953.1, Max: 2953.2, Diff: 0.2]
      [Ext Root Scanning (ms): Min: 0.0, Avg: 0.1, Max: 0.2, Diff: 0.2, Sum: 0.6]
      [Update RS (ms): Min: 5.5, Avg: 5.8, Max: 6.4, Diff: 0.9, Sum: 46.3]
         [Processed Buffers: Min: 5, Avg: 6.3, Max: 7, Diff: 2, Sum: 50]
      [Scan RS (ms): Min: 25.3, Avg: 25.9, Max: 26.3, Diff: 1.0, Sum: 207.5]
      [Code Root Scanning (ms): Min: 0.0, Avg: 0.0, Max: 0.0, Diff: 0.0, Sum: 0.0]
      [Object Copy (ms): Min: 115.0, Avg: 115.1, Max: 115.2, Diff: 0.2, Sum: 920.5]
      [Termination (ms): Min: 0.0, Avg: 0.1, Max: 0.1, Diff: 0.1, Sum: 0.9]
         [Termination Attempts: Min: 1, Avg: 844.0, Max: 1123, Diff: 1122, Sum: 6752]
      [GC Worker Other (ms): Min: 0.0, Avg: 0.0, Max: 0.1, Diff: 0.1, Sum: 0.4]
      [GC Worker Total (ms): Min: 146.9, Avg: 147.0, Max: 147.2, Diff: 0.2, Sum: 1176.2]
      [GC Worker End (ms): Min: 3100.1, Avg: 3100.1, Max: 3100.2, Diff: 0.0]
   [Code Root Fixup: 0.0 ms]
   [Code Root Purge: 0.0 ms]
   [Clear CT: 0.2 ms]
   [Other: 1.0 ms]
      [Choose CSet: 0.0 ms]
      [Ref Proc: 0.3 ms]
      [Ref Enq: 0.0 ms]
      [Redirty Cards: 0.3 ms]
      [Humongous Register: 0.0 ms]
      [Humongous Reclaim: 0.0 ms]
      [Free CSet: 0.2 ms]
   [Eden: 228.0M(228.0M)->0.0B(223.0M) Survivors: 32.0M->33.0M Heap: 568.6M(2048.0M)->570.6M(2048.0M)]
 [Times: user=1.09 sys=0.03, real=0.15 secs] 
2020-09-29T11:29:09.804+0200: 3.237: [GC pause (G1 Evacuation Pause) (young), 0.1452947 secs]
   [Parallel Time: 144.4 ms, GC Workers: 8]
      [GC Worker Start (ms): Min: 3237.1, Avg: 3237.2, Max: 3237.2, Diff: 0.2]
      [Ext Root Scanning (ms): Min: 0.0, Avg: 0.1, Max: 0.2, Diff: 0.2, Sum: 0.5]
      [Update RS (ms): Min: 6.7, Avg: 6.9, Max: 7.3, Diff: 0.6, Sum: 55.5]
         [Processed Buffers: Min: 7, Avg: 8.6, Max: 10, Diff: 3, Sum: 69]
      [Scan RS (ms): Min: 23.4, Avg: 23.8, Max: 24.1, Diff: 0.6, Sum: 190.6]
      [Code Root Scanning (ms): Min: 0.0, Avg: 0.0, Max: 0.0, Diff: 0.0, Sum: 0.0]
      [Object Copy (ms): Min: 113.0, Avg: 113.2, Max: 113.4, Diff: 0.4, Sum: 905.5]
      [Termination (ms): Min: 0.0, Avg: 0.2, Max: 0.2, Diff: 0.2, Sum: 1.4]
         [Termination Attempts: Min: 1, Avg: 1155.3, Max: 1410, Diff: 1409, Sum: 9242]
      [GC Worker Other (ms): Min: 0.0, Avg: 0.0, Max: 0.1, Diff: 0.0, Sum: 0.4]
      [GC Worker Total (ms): Min: 144.2, Avg: 144.2, Max: 144.3, Diff: 0.2, Sum: 1153.9]
      [GC Worker End (ms): Min: 3381.4, Avg: 3381.4, Max: 3381.4, Diff: 0.0]
   [Code Root Fixup: 0.0 ms]
   [Code Root Purge: 0.0 ms]
   [Clear CT: 0.2 ms]
   [Other: 0.7 ms]
      [Choose CSet: 0.0 ms]
      [Ref Proc: 0.1 ms]
      [Ref Enq: 0.0 ms]
      [Redirty Cards: 0.2 ms]
      [Humongous Register: 0.0 ms]
      [Humongous Reclaim: 0.0 ms]
      [Free CSet: 0.2 ms]
   [Eden: 223.0M(223.0M)->0.0B(229.0M) Survivors: 33.0M->32.0M Heap: 831.8M(2048.0M)->833.8M(2048.0M)]
 [Times: user=1.02 sys=0.09, real=0.14 secs] 
2020-09-29T11:29:10.085+0200: 3.516: [GC pause (G1 Evacuation Pause) (young), 0.1395350 secs]
   [Parallel Time: 138.5 ms, GC Workers: 8]
      [GC Worker Start (ms): Min: 3516.6, Avg: 3516.7, Max: 3516.7, Diff: 0.2]
      [Ext Root Scanning (ms): Min: 0.0, Avg: 0.1, Max: 0.2, Diff: 0.2, Sum: 0.5]
      [Update RS (ms): Min: 5.4, Avg: 5.4, Max: 5.5, Diff: 0.1, Sum: 43.2]
         [Processed Buffers: Min: 6, Avg: 7.0, Max: 8, Diff: 2, Sum: 56]
      [Scan RS (ms): Min: 21.4, Avg: 21.5, Max: 21.6, Diff: 0.2, Sum: 172.2]
      [Code Root Scanning (ms): Min: 0.0, Avg: 0.0, Max: 0.0, Diff: 0.0, Sum: 0.0]
      [Object Copy (ms): Min: 111.2, Avg: 111.3, Max: 111.3, Diff: 0.2, Sum: 890.1]
      [Termination (ms): Min: 0.0, Avg: 0.0, Max: 0.1, Diff: 0.1, Sum: 0.3]
         [Termination Attempts: Min: 1, Avg: 270.6, Max: 342, Diff: 341, Sum: 2165]
      [GC Worker Other (ms): Min: 0.0, Avg: 0.1, Max: 0.1, Diff: 0.0, Sum: 0.5]
      [GC Worker Total (ms): Min: 138.3, Avg: 138.3, Max: 138.5, Diff: 0.2, Sum: 1106.8]
      [GC Worker End (ms): Min: 3655.0, Avg: 3655.0, Max: 3655.0, Diff: 0.0]
   [Code Root Fixup: 0.0 ms]
   [Code Root Purge: 0.0 ms]
   [Clear CT: 0.2 ms]
   [Other: 0.8 ms]
      [Choose CSet: 0.0 ms]
      [Ref Proc: 0.2 ms]
      [Ref Enq: 0.0 ms]
      [Redirty Cards: 0.2 ms]
      [Humongous Register: 0.0 ms]
      [Humongous Reclaim: 0.0 ms]
      [Free CSet: 0.1 ms]
   [Eden: 229.0M(229.0M)->0.0B(245.0M) Survivors: 32.0M->33.0M Heap: 1100.9M(2048.0M)->1102.9M(2048.0M)]
 [Times: user=0.97 sys=0.06, real=0.14 secs] 
2020-09-29T11:29:10.243+0200: 3.676: [GC pause (G1 Humongous Allocation) (young) (initial-mark), 0.0453876 secs]
   [Parallel Time: 44.6 ms, GC Workers: 8]
      [GC Worker Start (ms): Min: 3676.4, Avg: 3676.5, Max: 3676.6, Diff: 0.1]
      [Ext Root Scanning (ms): Min: 0.0, Avg: 2.0, Max: 15.4, Diff: 15.4, Sum: 16.3]
      [Update RS (ms): Min: 0.0, Avg: 11.4, Max: 13.6, Diff: 13.6, Sum: 91.0]
         [Processed Buffers: Min: 0, Avg: 13.6, Max: 17, Diff: 17, Sum: 109]
      [Scan RS (ms): Min: 0.6, Avg: 2.7, Max: 3.2, Diff: 2.6, Sum: 21.4]
      [Code Root Scanning (ms): Min: 0.0, Avg: 0.0, Max: 0.0, Diff: 0.0, Sum: 0.0]
      [Object Copy (ms): Min: 28.1, Avg: 28.3, Max: 28.3, Diff: 0.2, Sum: 226.3]
      [Termination (ms): Min: 0.0, Avg: 0.0, Max: 0.0, Diff: 0.0, Sum: 0.2]
         [Termination Attempts: Min: 1, Avg: 116.1, Max: 153, Diff: 152, Sum: 929]
      [GC Worker Other (ms): Min: 0.0, Avg: 0.0, Max: 0.1, Diff: 0.0, Sum: 0.2]
      [GC Worker Total (ms): Min: 44.3, Avg: 44.4, Max: 44.5, Diff: 0.1, Sum: 355.3]
      [GC Worker End (ms): Min: 3720.9, Avg: 3720.9, Max: 3720.9, Diff: 0.0]
   [Code Root Fixup: 0.0 ms]
   [Code Root Purge: 0.0 ms]
   [Clear CT: 0.2 ms]
   [Other: 0.6 ms]
      [Choose CSet: 0.0 ms]
      [Ref Proc: 0.2 ms]
      [Ref Enq: 0.0 ms]
      [Redirty Cards: 0.1 ms]
      [Humongous Register: 0.0 ms]
      [Humongous Reclaim: 0.0 ms]
      [Free CSet: 0.0 ms]
   [Eden: 11.0M(245.0M)->0.0B(258.0M) Survivors: 33.0M->12.0M Heap: 1113.4M(2048.0M)->1116.9M(2048.0M)]
 [Times: user=0.34 sys=0.02, real=0.05 secs] 
2020-09-29T11:29:10.289+0200: 3.722: [GC concurrent-root-region-scan-start]
2020-09-29T11:29:10.291+0200: 3.724: [GC concurrent-root-region-scan-end, 0.0021383 secs]
2020-09-29T11:29:10.291+0200: 3.724: [GC concurrent-mark-start]
2020-09-29T11:29:10.293+0200: 3.726: [GC concurrent-mark-end, 0.0023082 secs]
2020-09-29T11:29:10.294+0200: 3.726: [GC remark 2020-09-29T11:29:10.294+0200: 3.726: [Finalize Marking, 0.0001892 secs] 2020-09-29T11:29:10.294+0200: 3.727: [GC ref-proc, 0.0002805 secs] 2020-09-29T11:29:10.294+0200: 3.727: [Unloading, 0.0004462 secs], 0.0011918 secs]
 [Times: user=0.00 sys=0.00, real=0.00 secs] 
2020-09-29T11:29:10.295+0200: 3.728: [GC cleanup 1126M->31M(2048M), 0.0010657 secs]
 [Times: user=0.00 sys=0.00, real=0.00 secs] 
2020-09-29T11:29:10.296+0200: 3.729: [GC concurrent-cleanup-start]
2020-09-29T11:29:10.297+0200: 3.730: [GC concurrent-cleanup-end, 0.0012566 secs]
2020-09-29T11:29:10.425+0200: 3.858: [GC pause (G1 Evacuation Pause) (young), 0.1526650 secs]
   [Parallel Time: 150.8 ms, GC Workers: 8]
      [GC Worker Start (ms): Min: 3858.3, Avg: 3858.4, Max: 3858.5, Diff: 0.2]
      [Ext Root Scanning (ms): Min: 0.0, Avg: 0.1, Max: 0.2, Diff: 0.2, Sum: 0.4]
      [Update RS (ms): Min: 5.0, Avg: 5.4, Max: 6.0, Diff: 1.0, Sum: 43.2]
         [Processed Buffers: Min: 6, Avg: 7.0, Max: 11, Diff: 5, Sum: 56]
      [Scan RS (ms): Min: 21.6, Avg: 22.2, Max: 22.6, Diff: 1.0, Sum: 177.6]
      [Code Root Scanning (ms): Min: 0.0, Avg: 0.0, Max: 0.0, Diff: 0.0, Sum: 0.0]
      [Object Copy (ms): Min: 122.7, Avg: 122.8, Max: 122.9, Diff: 0.2, Sum: 982.5]
      [Termination (ms): Min: 0.0, Avg: 0.1, Max: 0.2, Diff: 0.2, Sum: 1.2]
         [Termination Attempts: Min: 1, Avg: 1061.0, Max: 1279, Diff: 1278, Sum: 8488]
      [GC Worker Other (ms): Min: 0.0, Avg: 0.0, Max: 0.1, Diff: 0.0, Sum: 0.3]
      [GC Worker Total (ms): Min: 150.6, Avg: 150.6, Max: 150.8, Diff: 0.2, Sum: 1205.2]
      [GC Worker End (ms): Min: 4009.0, Avg: 4009.0, Max: 4009.1, Diff: 0.0]
   [Code Root Fixup: 0.0 ms]
   [Code Root Purge: 0.0 ms]
   [Clear CT: 0.2 ms]
   [Other: 1.6 ms]
      [Choose CSet: 0.0 ms]
      [Ref Proc: 0.3 ms]
      [Ref Enq: 0.0 ms]
      [Redirty Cards: 0.9 ms]
      [Humongous Register: 0.0 ms]
      [Humongous Reclaim: 0.0 ms]
      [Free CSet: 0.1 ms]
   [Eden: 258.0M(258.0M)->0.0B(244.0M) Survivors: 12.0M->34.0M Heap: 323.9M(2048.0M)->314.4M(2048.0M)]
 [Times: user=0.99 sys=0.13, real=0.15 secs] 
2020-09-29T11:29:10.717+0200: 4.150: [GC pause (G1 Evacuation Pause) (young), 0.1544133 secs]
   [Parallel Time: 153.1 ms, GC Workers: 8]
      [GC Worker Start (ms): Min: 4149.7, Avg: 4149.8, Max: 4149.9, Diff: 0.2]
      [Ext Root Scanning (ms): Min: 0.0, Avg: 0.1, Max: 0.2, Diff: 0.2, Sum: 0.5]
      [Update RS (ms): Min: 6.0, Avg: 7.0, Max: 11.9, Diff: 5.9, Sum: 56.1]
         [Processed Buffers: Min: 6, Avg: 6.8, Max: 8, Diff: 2, Sum: 54]
      [Scan RS (ms): Min: 19.5, Avg: 24.5, Max: 25.5, Diff: 6.0, Sum: 195.7]
      [Code Root Scanning (ms): Min: 0.0, Avg: 0.0, Max: 0.0, Diff: 0.0, Sum: 0.0]
      [Object Copy (ms): Min: 121.1, Avg: 121.3, Max: 121.4, Diff: 0.3, Sum: 970.2]
      [Termination (ms): Min: 0.0, Avg: 0.0, Max: 0.0, Diff: 0.0, Sum: 0.3]
         [Termination Attempts: Min: 1, Avg: 251.5, Max: 323, Diff: 322, Sum: 2012]
      [GC Worker Other (ms): Min: 0.0, Avg: 0.0, Max: 0.1, Diff: 0.1, Sum: 0.3]
      [GC Worker Total (ms): Min: 152.8, Avg: 152.9, Max: 153.0, Diff: 0.2, Sum: 1223.1]
      [GC Worker End (ms): Min: 4302.7, Avg: 4302.7, Max: 4302.8, Diff: 0.1]
   [Code Root Fixup: 0.0 ms]
   [Code Root Purge: 0.0 ms]
   [Clear CT: 0.1 ms]
   [Other: 1.2 ms]
      [Choose CSet: 0.0 ms]
      [Ref Proc: 0.2 ms]
      [Ref Enq: 0.0 ms]
      [Redirty Cards: 0.4 ms]
      [Humongous Register: 0.0 ms]
      [Humongous Reclaim: 0.0 ms]
      [Free CSet: 0.3 ms]
   [Eden: 244.0M(244.0M)->0.0B(250.0M) Survivors: 34.0M->35.0M Heap: 598.4M(2048.0M)->599.9M(2048.0M)]
 [Times: user=1.14 sys=0.03, real=0.15 secs] 
2020-09-29T11:29:11.014+0200: 4.447: [GC pause (G1 Evacuation Pause) (young), 0.1502260 secs]
   [Parallel Time: 149.1 ms, GC Workers: 8]
      [GC Worker Start (ms): Min: 4447.1, Avg: 4447.2, Max: 4447.2, Diff: 0.2]
      [Ext Root Scanning (ms): Min: 0.0, Avg: 0.1, Max: 0.1, Diff: 0.1, Sum: 0.5]
      [Update RS (ms): Min: 6.3, Avg: 6.4, Max: 6.7, Diff: 0.3, Sum: 51.6]
         [Processed Buffers: Min: 7, Avg: 7.6, Max: 9, Diff: 2, Sum: 61]
      [Scan RS (ms): Min: 22.7, Avg: 22.9, Max: 23.0, Diff: 0.3, Sum: 183.4]
      [Code Root Scanning (ms): Min: 0.0, Avg: 0.0, Max: 0.0, Diff: 0.0, Sum: 0.0]
      [Object Copy (ms): Min: 119.0, Avg: 119.0, Max: 119.1, Diff: 0.2, Sum: 952.3]
      [Termination (ms): Min: 0.0, Avg: 0.1, Max: 0.1, Diff: 0.1, Sum: 0.9]
         [Termination Attempts: Min: 1, Avg: 733.4, Max: 921, Diff: 920, Sum: 5867]
      [GC Worker Other (ms): Min: 0.0, Avg: 0.1, Max: 0.3, Diff: 0.3, Sum: 1.1]
      [GC Worker Total (ms): Min: 148.6, Avg: 148.7, Max: 148.9, Diff: 0.3, Sum: 1190.0]
      [GC Worker End (ms): Min: 4595.8, Avg: 4595.9, Max: 4596.1, Diff: 0.3]
   [Code Root Fixup: 0.0 ms]
   [Code Root Purge: 0.0 ms]
   [Clear CT: 0.2 ms]
   [Other: 1.0 ms]
      [Choose CSet: 0.0 ms]
      [Ref Proc: 0.3 ms]
      [Ref Enq: 0.0 ms]
      [Redirty Cards: 0.3 ms]
      [Humongous Register: 0.0 ms]
      [Humongous Reclaim: 0.0 ms]
      [Free CSet: 0.1 ms]
   [Eden: 250.0M(250.0M)->0.0B(263.0M) Survivors: 35.0M->36.0M Heap: 891.9M(2048.0M)->894.4M(2048.0M)]
 [Times: user=1.16 sys=0.08, real=0.15 secs] 
2020-09-29T11:29:11.301+0200: 4.734: [GC pause (G1 Evacuation Pause) (young), 0.1667625 secs]
   [Parallel Time: 165.5 ms, GC Workers: 8]
      [GC Worker Start (ms): Min: 4734.4, Avg: 4734.4, Max: 4734.5, Diff: 0.1]
      [Ext Root Scanning (ms): Min: 0.0, Avg: 0.1, Max: 0.2, Diff: 0.2, Sum: 0.6]
      [Update RS (ms): Min: 8.8, Avg: 8.9, Max: 9.2, Diff: 0.4, Sum: 71.5]
         [Processed Buffers: Min: 9, Avg: 9.6, Max: 11, Diff: 2, Sum: 77]
      [Scan RS (ms): Min: 24.9, Avg: 25.0, Max: 25.1, Diff: 0.3, Sum: 200.3]
      [Code Root Scanning (ms): Min: 0.0, Avg: 0.0, Max: 0.0, Diff: 0.0, Sum: 0.0]
      [Object Copy (ms): Min: 130.9, Avg: 131.1, Max: 131.2, Diff: 0.3, Sum: 1048.6]
      [Termination (ms): Min: 0.0, Avg: 0.1, Max: 0.1, Diff: 0.1, Sum: 0.6]
         [Termination Attempts: Min: 1, Avg: 531.8, Max: 700, Diff: 699, Sum: 4254]
      [GC Worker Other (ms): Min: 0.0, Avg: 0.1, Max: 0.1, Diff: 0.0, Sum: 0.4]
      [GC Worker Total (ms): Min: 165.2, Avg: 165.3, Max: 165.3, Diff: 0.2, Sum: 1322.0]
      [GC Worker End (ms): Min: 4899.7, Avg: 4899.7, Max: 4899.7, Diff: 0.0]
   [Code Root Fixup: 0.0 ms]
   [Code Root Purge: 0.0 ms]
   [Clear CT: 0.2 ms]
   [Other: 1.1 ms]
      [Choose CSet: 0.0 ms]
      [Ref Proc: 0.3 ms]
      [Ref Enq: 0.0 ms]
      [Redirty Cards: 0.4 ms]
      [Humongous Register: 0.0 ms]
      [Humongous Reclaim: 0.0 ms]
      [Free CSet: 0.2 ms]
   [Eden: 263.0M(263.0M)->0.0B(270.0M) Survivors: 36.0M->38.0M Heap: 1201.3M(2048.0M)->1202.8M(2048.0M)]
 [Times: user=1.13 sys=0.09, real=0.17 secs] 
2020-09-29T11:29:11.470+0200: 4.903: [GC pause (G1 Humongous Allocation) (young) (initial-mark), 0.0670446 secs]
   [Parallel Time: 65.6 ms, GC Workers: 8]
      [GC Worker Start (ms): Min: 4903.1, Avg: 4903.2, Max: 4903.3, Diff: 0.1]
      [Ext Root Scanning (ms): Min: 0.0, Avg: 0.1, Max: 0.2, Diff: 0.2, Sum: 1.1]
      [Update RS (ms): Min: 40.4, Avg: 40.6, Max: 41.2, Diff: 0.8, Sum: 325.1]
         [Processed Buffers: Min: 45, Avg: 48.9, Max: 51, Diff: 6, Sum: 391]
      [Scan RS (ms): Min: 0.1, Avg: 0.7, Max: 0.9, Diff: 0.8, Sum: 5.6]
      [Code Root Scanning (ms): Min: 0.0, Avg: 0.0, Max: 0.0, Diff: 0.0, Sum: 0.0]
      [Object Copy (ms): Min: 23.9, Avg: 23.9, Max: 24.0, Diff: 0.1, Sum: 191.3]
      [Termination (ms): Min: 0.0, Avg: 0.0, Max: 0.1, Diff: 0.1, Sum: 0.3]
         [Termination Attempts: Min: 1, Avg: 289.5, Max: 379, Diff: 378, Sum: 2316]
      [GC Worker Other (ms): Min: 0.0, Avg: 0.0, Max: 0.0, Diff: 0.0, Sum: 0.2]
      [GC Worker Total (ms): Min: 65.4, Avg: 65.5, Max: 65.5, Diff: 0.2, Sum: 523.6]
      [GC Worker End (ms): Min: 4968.6, Avg: 4968.6, Max: 4968.7, Diff: 0.0]
   [Code Root Fixup: 0.0 ms]
   [Code Root Purge: 0.0 ms]
   [Clear CT: 0.2 ms]
   [Other: 1.2 ms]
      [Choose CSet: 0.0 ms]
      [Ref Proc: 0.7 ms]
      [Ref Enq: 0.0 ms]
      [Redirty Cards: 0.2 ms]
      [Humongous Register: 0.1 ms]
      [Humongous Reclaim: 0.0 ms]
      [Free CSet: 0.1 ms]
   [Eden: 4096.0K(270.0M)->0.0B(271.0M) Survivors: 38.0M->6144.0K Heap: 1206.8M(2048.0M)->1209.3M(2048.0M)]
 [Times: user=0.61 sys=0.02, real=0.07 secs] 
2020-09-29T11:29:11.537+0200: 4.970: [GC concurrent-root-region-scan-start]
2020-09-29T11:29:11.538+0200: 4.971: [GC concurrent-root-region-scan-end, 0.0012261 secs]
2020-09-29T11:29:11.538+0200: 4.971: [GC concurrent-mark-start]
2020-09-29T11:29:11.542+0200: 4.975: [GC concurrent-mark-end, 0.0036649 secs]
2020-09-29T11:29:11.542+0200: 4.975: [GC remark 2020-09-29T11:29:11.542+0200: 4.975: [Finalize Marking, 0.0002422 secs] 2020-09-29T11:29:11.544+0200: 4.976: [GC ref-proc, 0.0003001 secs] 2020-09-29T11:29:11.544+0200: 4.976: [Unloading, 0.0004350 secs], 0.0013300 secs]
 [Times: user=0.00 sys=0.00, real=0.00 secs] 
2020-09-29T11:29:11.544+0200: 4.977: [GC cleanup 1218M->24M(2048M), 0.0016931 secs]
 [Times: user=0.00 sys=0.00, real=0.00 secs] 
2020-09-29T11:29:11.546+0200: 4.979: [GC concurrent-cleanup-start]
2020-09-29T11:29:11.548+0200: 4.981: [GC concurrent-cleanup-end, 0.0018020 secs]
2020-09-29T11:29:11.691+0200: 5.123: [GC pause (G1 Evacuation Pause) (young), 0.1500964 secs]
   [Parallel Time: 149.1 ms, GC Workers: 8]
      [GC Worker Start (ms): Min: 5123.1, Avg: 5123.2, Max: 5123.3, Diff: 0.2]
      [Ext Root Scanning (ms): Min: 0.0, Avg: 0.1, Max: 0.2, Diff: 0.2, Sum: 0.5]
      [Update RS (ms): Min: 7.8, Avg: 8.2, Max: 8.6, Diff: 0.7, Sum: 65.4]
         [Processed Buffers: Min: 8, Avg: 8.5, Max: 10, Diff: 2, Sum: 68]
      [Scan RS (ms): Min: 23.7, Avg: 24.1, Max: 25.0, Diff: 1.3, Sum: 193.2]
      [Code Root Scanning (ms): Min: 0.0, Avg: 0.0, Max: 0.0, Diff: 0.0, Sum: 0.0]
      [Object Copy (ms): Min: 116.0, Avg: 116.5, Max: 116.7, Diff: 0.7, Sum: 932.1]
      [Termination (ms): Min: 0.0, Avg: 0.0, Max: 0.0, Diff: 0.0, Sum: 0.0]
         [Termination Attempts: Min: 1, Avg: 17.4, Max: 29, Diff: 28, Sum: 139]
      [GC Worker Other (ms): Min: 0.0, Avg: 0.0, Max: 0.1, Diff: 0.1, Sum: 0.3]
      [GC Worker Total (ms): Min: 148.9, Avg: 148.9, Max: 149.0, Diff: 0.2, Sum: 1191.5]
      [GC Worker End (ms): Min: 5272.1, Avg: 5272.2, Max: 5272.2, Diff: 0.1]
   [Code Root Fixup: 0.0 ms]
   [Code Root Purge: 0.0 ms]
   [Clear CT: 0.1 ms]
   [Other: 0.8 ms]
      [Choose CSet: 0.0 ms]
      [Ref Proc: 0.2 ms]
      [Ref Enq: 0.0 ms]
      [Redirty Cards: 0.2 ms]
      [Humongous Register: 0.0 ms]
      [Humongous Reclaim: 0.0 ms]
      [Free CSet: 0.2 ms]
   [Eden: 271.0M(271.0M)->0.0B(250.0M) Survivors: 6144.0K->35.0M Heap: 332.3M(2048.0M)->328.8M(2048.0M)]
 [Times: user=1.14 sys=0.09, real=0.15 secs] 
2020-09-29T11:29:11.992+0200: 5.424: [GC pause (G1 Evacuation Pause) (young), 0.1451846 secs]
   [Parallel Time: 144.3 ms, GC Workers: 8]
      [GC Worker Start (ms): Min: 5424.0, Avg: 5424.1, Max: 5424.2, Diff: 0.2]
      [Ext Root Scanning (ms): Min: 0.0, Avg: 0.1, Max: 0.1, Diff: 0.1, Sum: 0.5]
      [Update RS (ms): Min: 10.1, Avg: 10.1, Max: 10.4, Diff: 0.3, Sum: 81.1]
         [Processed Buffers: Min: 10, Avg: 11.3, Max: 14, Diff: 4, Sum: 90]
      [Scan RS (ms): Min: 20.4, Avg: 20.6, Max: 20.8, Diff: 0.4, Sum: 165.1]
      [Code Root Scanning (ms): Min: 0.0, Avg: 0.0, Max: 0.0, Diff: 0.0, Sum: 0.0]
      [Object Copy (ms): Min: 113.2, Avg: 113.3, Max: 113.3, Diff: 0.2, Sum: 906.2]
      [Termination (ms): Min: 0.0, Avg: 0.0, Max: 0.0, Diff: 0.0, Sum: 0.0]
         [Termination Attempts: Min: 1, Avg: 11.5, Max: 17, Diff: 16, Sum: 92]
      [GC Worker Other (ms): Min: 0.0, Avg: 0.0, Max: 0.1, Diff: 0.1, Sum: 0.3]
      [GC Worker Total (ms): Min: 144.1, Avg: 144.2, Max: 144.3, Diff: 0.2, Sum: 1153.2]
      [GC Worker End (ms): Min: 5568.3, Avg: 5568.3, Max: 5568.3, Diff: 0.1]
   [Code Root Fixup: 0.0 ms]
   [Code Root Purge: 0.0 ms]
   [Clear CT: 0.2 ms]
   [Other: 0.7 ms]
      [Choose CSet: 0.0 ms]
      [Ref Proc: 0.1 ms]
      [Ref Enq: 0.0 ms]
      [Redirty Cards: 0.2 ms]
      [Humongous Register: 0.0 ms]
      [Humongous Reclaim: 0.0 ms]
      [Free CSet: 0.2 ms]
   [Eden: 250.0M(250.0M)->0.0B(263.0M) Survivors: 35.0M->36.0M Heap: 620.7M(2048.0M)->622.2M(2048.0M)]
 [Times: user=1.09 sys=0.02, real=0.14 secs] 
2020-09-29T11:29:12.272+0200: 5.705: [GC pause (G1 Evacuation Pause) (young), 0.1651511 secs]
   [Parallel Time: 163.8 ms, GC Workers: 8]
      [GC Worker Start (ms): Min: 5704.8, Avg: 5704.8, Max: 5704.9, Diff: 0.2]
      [Ext Root Scanning (ms): Min: 0.0, Avg: 0.1, Max: 0.2, Diff: 0.2, Sum: 0.5]
      [Update RS (ms): Min: 10.0, Avg: 10.2, Max: 10.4, Diff: 0.4, Sum: 81.5]
         [Processed Buffers: Min: 9, Avg: 10.5, Max: 13, Diff: 4, Sum: 84]
      [Scan RS (ms): Min: 24.8, Avg: 24.9, Max: 25.1, Diff: 0.3, Sum: 199.6]
      [Code Root Scanning (ms): Min: 0.0, Avg: 0.0, Max: 0.0, Diff: 0.0, Sum: 0.0]
      [Object Copy (ms): Min: 128.0, Avg: 128.1, Max: 128.3, Diff: 0.4, Sum: 1024.6]
      [Termination (ms): Min: 0.0, Avg: 0.2, Max: 0.3, Diff: 0.3, Sum: 1.8]
         [Termination Attempts: Min: 1, Avg: 1439.0, Max: 1975, Diff: 1974, Sum: 11512]
      [GC Worker Other (ms): Min: 0.0, Avg: 0.0, Max: 0.1, Diff: 0.1, Sum: 0.3]
      [GC Worker Total (ms): Min: 163.5, Avg: 163.5, Max: 163.7, Diff: 0.2, Sum: 1308.4]
      [GC Worker End (ms): Min: 5868.4, Avg: 5868.4, Max: 5868.4, Diff: 0.1]
   [Code Root Fixup: 0.0 ms]
   [Code Root Purge: 0.0 ms]
   [Clear CT: 0.4 ms]
   [Other: 1.0 ms]
      [Choose CSet: 0.0 ms]
      [Ref Proc: 0.2 ms]
      [Ref Enq: 0.0 ms]
      [Redirty Cards: 0.4 ms]
      [Humongous Register: 0.0 ms]
      [Humongous Reclaim: 0.0 ms]
      [Free CSet: 0.2 ms]
   [Eden: 263.0M(263.0M)->0.0B(267.0M) Survivors: 36.0M->38.0M Heap: 929.1M(2048.0M)->930.6M(2048.0M)]
 [Times: user=1.20 sys=0.03, real=0.16 secs] 
2020-09-29T11:29:12.516+0200: 5.948: [GC pause (G1 Humongous Allocation) (young) (initial-mark), 0.0971866 secs]
   [Parallel Time: 96.3 ms, GC Workers: 8]
      [GC Worker Start (ms): Min: 5948.1, Avg: 5948.2, Max: 5948.2, Diff: 0.1]
      [Ext Root Scanning (ms): Min: 0.0, Avg: 0.1, Max: 0.2, Diff: 0.1, Sum: 0.6]
      [Update RS (ms): Min: 10.3, Avg: 10.7, Max: 11.0, Diff: 0.7, Sum: 85.4]
         [Processed Buffers: Min: 10, Avg: 11.1, Max: 12, Diff: 2, Sum: 89]
      [Scan RS (ms): Min: 9.4, Avg: 9.8, Max: 10.1, Diff: 0.7, Sum: 78.2]
      [Code Root Scanning (ms): Min: 0.0, Avg: 0.0, Max: 0.0, Diff: 0.0, Sum: 0.0]
      [Object Copy (ms): Min: 75.3, Avg: 75.4, Max: 75.5, Diff: 0.2, Sum: 603.4]
      [Termination (ms): Min: 0.0, Avg: 0.2, Max: 0.2, Diff: 0.2, Sum: 1.3]
         [Termination Attempts: Min: 1, Avg: 1205.0, Max: 1504, Diff: 1503, Sum: 9640]
      [GC Worker Other (ms): Min: 0.0, Avg: 0.0, Max: 0.0, Diff: 0.0, Sum: 0.2]
      [GC Worker Total (ms): Min: 96.1, Avg: 96.1, Max: 96.2, Diff: 0.1, Sum: 769.1]
      [GC Worker End (ms): Min: 6044.3, Avg: 6044.3, Max: 6044.3, Diff: 0.0]
   [Code Root Fixup: 0.0 ms]
   [Code Root Purge: 0.0 ms]
   [Clear CT: 0.2 ms]
   [Other: 0.7 ms]
      [Choose CSet: 0.0 ms]
      [Ref Proc: 0.2 ms]
      [Ref Enq: 0.0 ms]
      [Redirty Cards: 0.2 ms]
      [Humongous Register: 0.0 ms]
      [Humongous Reclaim: 0.0 ms]
      [Free CSet: 0.1 ms]
   [Eden: 132.0M(267.0M)->0.0B(281.0M) Survivors: 38.0M->39.0M Heap: 1083.6M(2048.0M)->1085.1M(2048.0M)]
 [Times: user=0.72 sys=0.02, real=0.10 secs] 
2020-09-29T11:29:12.613+0200: 6.045: [GC concurrent-root-region-scan-start]
2020-09-29T11:29:12.626+0200: 6.059: [GC concurrent-root-region-scan-end, 0.0134354 secs]
2020-09-29T11:29:12.626+0200: 6.059: [GC concurrent-mark-start]
2020-09-29T11:29:12.630+0200: 6.062: [GC concurrent-mark-end, 0.0033796 secs]
2020-09-29T11:29:12.630+0200: 6.062: [GC remark 2020-09-29T11:29:12.630+0200: 6.062: [Finalize Marking, 0.0001563 secs] 2020-09-29T11:29:12.630+0200: 6.062: [GC ref-proc, 0.0002861 secs] 2020-09-29T11:29:12.630+0200: 6.063: [Unloading, 0.0004543 secs], 0.0012472 secs]
 [Times: user=0.00 sys=0.00, real=0.00 secs] 
2020-09-29T11:29:12.631+0200: 6.064: [GC cleanup 1123M->87M(2048M), 0.0012270 secs]
 [Times: user=0.00 sys=0.00, real=0.00 secs] 
2020-09-29T11:29:12.633+0200: 6.065: [GC concurrent-cleanup-start]
2020-09-29T11:29:12.635+0200: 6.067: [GC concurrent-cleanup-end, 0.0019464 secs]
2020-09-29T11:29:12.762+0200: 6.195: [GC pause (G1 Evacuation Pause) (young), 0.1541416 secs]
   [Parallel Time: 152.9 ms, GC Workers: 8]
      [GC Worker Start (ms): Min: 6195.1, Avg: 6195.2, Max: 6195.3, Diff: 0.2]
      [Ext Root Scanning (ms): Min: 0.0, Avg: 0.0, Max: 0.2, Diff: 0.2, Sum: 0.4]
      [Update RS (ms): Min: 10.2, Avg: 10.3, Max: 10.4, Diff: 0.2, Sum: 82.6]
         [Processed Buffers: Min: 11, Avg: 12.0, Max: 17, Diff: 6, Sum: 96]
      [Scan RS (ms): Min: 20.4, Avg: 20.5, Max: 20.6, Diff: 0.2, Sum: 164.2]
      [Code Root Scanning (ms): Min: 0.0, Avg: 0.0, Max: 0.0, Diff: 0.0, Sum: 0.0]
      [Object Copy (ms): Min: 121.6, Avg: 121.7, Max: 121.8, Diff: 0.1, Sum: 973.8]
      [Termination (ms): Min: 0.0, Avg: 0.0, Max: 0.0, Diff: 0.0, Sum: 0.1]
         [Termination Attempts: Min: 1, Avg: 63.1, Max: 81, Diff: 80, Sum: 505]
      [GC Worker Other (ms): Min: 0.0, Avg: 0.0, Max: 0.1, Diff: 0.1, Sum: 0.3]
      [GC Worker Total (ms): Min: 152.6, Avg: 152.7, Max: 152.8, Diff: 0.2, Sum: 1221.4]
      [GC Worker End (ms): Min: 6347.8, Avg: 6347.9, Max: 6347.9, Diff: 0.0]
   [Code Root Fixup: 0.0 ms]
   [Code Root Purge: 0.0 ms]
   [Clear CT: 0.2 ms]
   [Other: 1.1 ms]
      [Choose CSet: 0.0 ms]
      [Ref Proc: 0.2 ms]
      [Ref Enq: 0.0 ms]
      [Redirty Cards: 0.2 ms]
      [Humongous Register: 0.0 ms]
      [Humongous Reclaim: 0.0 ms]
      [Free CSet: 0.3 ms]
   [Eden: 281.0M(281.0M)->0.0B(287.0M) Survivors: 39.0M->40.0M Heap: 377.7M(2048.0M)->340.7M(2048.0M)]
 [Times: user=1.13 sys=0.08, real=0.15 secs] 
2020-09-29T11:29:13.072+0200: 6.504: [GC pause (G1 Evacuation Pause) (young), 0.1751896 secs]
   [Parallel Time: 174.3 ms, GC Workers: 8]
      [GC Worker Start (ms): Min: 6504.3, Avg: 6504.4, Max: 6504.4, Diff: 0.2]
      [Ext Root Scanning (ms): Min: 0.0, Avg: 0.1, Max: 0.2, Diff: 0.2, Sum: 0.5]
      [Update RS (ms): Min: 14.0, Avg: 14.1, Max: 14.4, Diff: 0.4, Sum: 112.9]
         [Processed Buffers: Min: 14, Avg: 15.0, Max: 18, Diff: 4, Sum: 120]
      [Scan RS (ms): Min: 22.9, Avg: 23.1, Max: 23.3, Diff: 0.4, Sum: 185.1]
      [Code Root Scanning (ms): Min: 0.0, Avg: 0.0, Max: 0.0, Diff: 0.0, Sum: 0.0]
      [Object Copy (ms): Min: 136.5, Avg: 136.6, Max: 136.8, Diff: 0.3, Sum: 1093.2]
      [Termination (ms): Min: 0.0, Avg: 0.1, Max: 0.1, Diff: 0.1, Sum: 0.7]
         [Termination Attempts: Min: 1, Avg: 694.0, Max: 903, Diff: 902, Sum: 5552]
      [GC Worker Other (ms): Min: 0.0, Avg: 0.0, Max: 0.1, Diff: 0.0, Sum: 0.3]
      [GC Worker Total (ms): Min: 174.0, Avg: 174.1, Max: 174.2, Diff: 0.2, Sum: 1392.7]
      [GC Worker End (ms): Min: 6678.5, Avg: 6678.5, Max: 6678.5, Diff: 0.0]
   [Code Root Fixup: 0.0 ms]
   [Code Root Purge: 0.0 ms]
   [Clear CT: 0.2 ms]
   [Other: 0.7 ms]
      [Choose CSet: 0.0 ms]
      [Ref Proc: 0.2 ms]
      [Ref Enq: 0.0 ms]
      [Redirty Cards: 0.2 ms]
      [Humongous Register: 0.0 ms]
      [Humongous Reclaim: 0.0 ms]
      [Free CSet: 0.2 ms]
   [Eden: 287.0M(287.0M)->0.0B(281.0M) Survivors: 40.0M->41.0M Heap: 675.4M(2048.0M)->677.4M(2048.0M)]
 [Times: user=1.23 sys=0.05, real=0.17 secs] 
2020-09-29T11:29:13.394+0200: 6.827: [GC pause (G1 Evacuation Pause) (young), 0.1744983 secs]
   [Parallel Time: 173.3 ms, GC Workers: 8]
      [GC Worker Start (ms): Min: 6827.0, Avg: 6827.1, Max: 6827.2, Diff: 0.2]
      [Ext Root Scanning (ms): Min: 0.0, Avg: 0.1, Max: 0.2, Diff: 0.2, Sum: 0.5]
      [Update RS (ms): Min: 19.7, Avg: 19.9, Max: 20.4, Diff: 0.7, Sum: 159.2]
         [Processed Buffers: Min: 15, Avg: 17.0, Max: 20, Diff: 5, Sum: 136]
      [Scan RS (ms): Min: 24.6, Avg: 25.1, Max: 25.3, Diff: 0.7, Sum: 200.6]
      [Code Root Scanning (ms): Min: 0.0, Avg: 0.0, Max: 0.0, Diff: 0.0, Sum: 0.0]
      [Object Copy (ms): Min: 127.9, Avg: 128.0, Max: 128.0, Diff: 0.1, Sum: 1023.8]
      [Termination (ms): Min: 0.0, Avg: 0.0, Max: 0.0, Diff: 0.0, Sum: 0.0]
         [Termination Attempts: Min: 1, Avg: 29.1, Max: 45, Diff: 44, Sum: 233]
      [GC Worker Other (ms): Min: 0.0, Avg: 0.1, Max: 0.1, Diff: 0.1, Sum: 0.4]
      [GC Worker Total (ms): Min: 173.0, Avg: 173.1, Max: 173.2, Diff: 0.2, Sum: 1384.6]
      [GC Worker End (ms): Min: 7000.2, Avg: 7000.2, Max: 7000.2, Diff: 0.1]
   [Code Root Fixup: 0.0 ms]
   [Code Root Purge: 0.0 ms]
   [Clear CT: 0.2 ms]
   [Other: 1.0 ms]
      [Choose CSet: 0.0 ms]
      [Ref Proc: 0.2 ms]
      [Ref Enq: 0.0 ms]
      [Redirty Cards: 0.2 ms]
      [Humongous Register: 0.0 ms]
      [Humongous Reclaim: 0.0 ms]
      [Free CSet: 0.3 ms]
   [Eden: 281.0M(281.0M)->0.0B(271.0M) Survivors: 41.0M->41.0M Heap: 1006.1M(2048.0M)->1008.1M(2048.0M)]
 [Times: user=1.31 sys=0.06, real=0.17 secs] 
2020-09-29T11:29:13.576+0200: 7.008: [GC pause (G1 Humongous Allocation) (young) (initial-mark), 0.0719119 secs]
   [Parallel Time: 71.2 ms, GC Workers: 8]
      [GC Worker Start (ms): Min: 7008.5, Avg: 7008.6, Max: 7008.7, Diff: 0.2]
      [Ext Root Scanning (ms): Min: 0.0, Avg: 0.6, Max: 3.6, Diff: 3.6, Sum: 4.7]
      [Update RS (ms): Min: 40.0, Avg: 43.1, Max: 43.9, Diff: 3.9, Sum: 345.2]
         [Processed Buffers: Min: 44, Avg: 46.9, Max: 52, Diff: 8, Sum: 375]
      [Scan RS (ms): Min: 2.8, Avg: 3.0, Max: 3.3, Diff: 0.5, Sum: 24.4]
      [Code Root Scanning (ms): Min: 0.0, Avg: 0.0, Max: 0.0, Diff: 0.0, Sum: 0.0]
      [Object Copy (ms): Min: 24.1, Avg: 24.2, Max: 24.2, Diff: 0.1, Sum: 193.3]
      [Termination (ms): Min: 0.0, Avg: 0.0, Max: 0.0, Diff: 0.0, Sum: 0.0]
         [Termination Attempts: Min: 1, Avg: 33.4, Max: 47, Diff: 46, Sum: 267]
      [GC Worker Other (ms): Min: 0.0, Avg: 0.0, Max: 0.0, Diff: 0.0, Sum: 0.2]
      [GC Worker Total (ms): Min: 70.9, Avg: 71.0, Max: 71.1, Diff: 0.2, Sum: 567.8]
      [GC Worker End (ms): Min: 7079.5, Avg: 7079.5, Max: 7079.6, Diff: 0.0]
   [Code Root Fixup: 0.0 ms]
   [Code Root Purge: 0.0 ms]
   [Clear CT: 0.2 ms]
   [Other: 0.6 ms]
      [Choose CSet: 0.0 ms]
      [Ref Proc: 0.1 ms]
      [Ref Enq: 0.0 ms]
      [Redirty Cards: 0.1 ms]
      [Humongous Register: 0.0 ms]
      [Humongous Reclaim: 0.0 ms]
      [Free CSet: 0.1 ms]
   [Eden: 10.0M(271.0M)->0.0B(284.0M) Survivors: 41.0M->11.0M Heap: 1017.6M(2048.0M)->1021.1M(2048.0M)]
 [Times: user=0.55 sys=0.00, real=0.07 secs] 
2020-09-29T11:29:13.648+0200: 7.080: [GC concurrent-root-region-scan-start]
2020-09-29T11:29:13.650+0200: 7.083: [GC concurrent-root-region-scan-end, 0.0022890 secs]
2020-09-29T11:29:13.650+0200: 7.083: [GC concurrent-mark-start]
2020-09-29T11:29:13.653+0200: 7.085: [GC concurrent-mark-end, 0.0024813 secs]
2020-09-29T11:29:13.653+0200: 7.085: [GC remark 2020-09-29T11:29:13.653+0200: 7.086: [Finalize Marking, 0.0001841 secs] 2020-09-29T11:29:13.653+0200: 7.086: [GC ref-proc, 0.0002880 secs] 2020-09-29T11:29:13.654+0200: 7.086: [Unloading, 0.0004294 secs], 0.0012215 secs]
 [Times: user=0.00 sys=0.00, real=0.00 secs] 
2020-09-29T11:29:13.655+0200: 7.087: [GC cleanup 1032M->32M(2048M), 0.0011348 secs]
 [Times: user=0.00 sys=0.00, real=0.00 secs] 
2020-09-29T11:29:13.656+0200: 7.088: [GC concurrent-cleanup-start]
2020-09-29T11:29:13.657+0200: 7.090: [GC concurrent-cleanup-end, 0.0012853 secs]
2020-09-29T11:29:13.796+0200: 7.228: [GC pause (G1 Evacuation Pause) (young), 0.1584364 secs]
   [Parallel Time: 157.3 ms, GC Workers: 8]
      [GC Worker Start (ms): Min: 7228.4, Avg: 7228.5, Max: 7228.5, Diff: 0.2]
      [Ext Root Scanning (ms): Min: 0.0, Avg: 0.1, Max: 0.2, Diff: 0.2, Sum: 0.5]
      [Update RS (ms): Min: 13.0, Avg: 13.3, Max: 13.6, Diff: 0.6, Sum: 106.7]
         [Processed Buffers: Min: 12, Avg: 13.4, Max: 15, Diff: 3, Sum: 107]
      [Scan RS (ms): Min: 20.4, Avg: 20.7, Max: 21.1, Diff: 0.7, Sum: 165.6]
      [Code Root Scanning (ms): Min: 0.0, Avg: 0.0, Max: 0.0, Diff: 0.0, Sum: 0.0]
      [Object Copy (ms): Min: 122.8, Avg: 122.9, Max: 122.9, Diff: 0.2, Sum: 982.9]
      [Termination (ms): Min: 0.0, Avg: 0.1, Max: 0.2, Diff: 0.2, Sum: 1.0]
         [Termination Attempts: Min: 1, Avg: 1001.6, Max: 1201, Diff: 1200, Sum: 8013]
      [GC Worker Other (ms): Min: 0.0, Avg: 0.0, Max: 0.1, Diff: 0.1, Sum: 0.4]
      [GC Worker Total (ms): Min: 157.0, Avg: 157.1, Max: 157.2, Diff: 0.2, Sum: 1257.1]
      [GC Worker End (ms): Min: 7385.6, Avg: 7385.6, Max: 7385.6, Diff: 0.1]
   [Code Root Fixup: 0.0 ms]
   [Code Root Purge: 0.0 ms]
   [Clear CT: 0.2 ms]
   [Other: 0.9 ms]
      [Choose CSet: 0.0 ms]
      [Ref Proc: 0.2 ms]
      [Ref Enq: 0.0 ms]
      [Redirty Cards: 0.4 ms]
      [Humongous Register: 0.0 ms]
      [Humongous Reclaim: 0.0 ms]
      [Free CSet: 0.2 ms]
   [Eden: 284.0M(284.0M)->0.0B(268.0M) Survivors: 11.0M->37.0M Heap: 352.2M(2048.0M)->344.2M(2048.0M)]
 [Times: user=1.19 sys=0.03, real=0.16 secs] 
2020-09-29T11:29:14.104+0200: 7.537: [GC pause (G1 Evacuation Pause) (young), 0.1701060 secs]
   [Parallel Time: 168.3 ms, GC Workers: 8]
      [GC Worker Start (ms): Min: 7537.1, Avg: 7537.2, Max: 7537.3, Diff: 0.2]
      [Ext Root Scanning (ms): Min: 0.0, Avg: 0.1, Max: 0.1, Diff: 0.1, Sum: 0.4]
      [Update RS (ms): Min: 16.9, Avg: 17.0, Max: 17.0, Diff: 0.1, Sum: 135.7]
         [Processed Buffers: Min: 16, Avg: 17.6, Max: 20, Diff: 4, Sum: 141]
      [Scan RS (ms): Min: 20.2, Avg: 20.3, Max: 20.4, Diff: 0.2, Sum: 162.1]
      [Code Root Scanning (ms): Min: 0.0, Avg: 0.0, Max: 0.0, Diff: 0.0, Sum: 0.0]
      [Object Copy (ms): Min: 130.3, Avg: 130.4, Max: 130.6, Diff: 0.3, Sum: 1043.4]
      [Termination (ms): Min: 0.0, Avg: 0.2, Max: 0.2, Diff: 0.2, Sum: 1.4]
         [Termination Attempts: Min: 1, Avg: 1226.5, Max: 1550, Diff: 1549, Sum: 9812]
      [GC Worker Other (ms): Min: 0.0, Avg: 0.1, Max: 0.1, Diff: 0.1, Sum: 0.4]
      [GC Worker Total (ms): Min: 167.8, Avg: 167.9, Max: 168.1, Diff: 0.3, Sum: 1343.5]
      [GC Worker End (ms): Min: 7705.1, Avg: 7705.1, Max: 7705.2, Diff: 0.1]
   [Code Root Fixup: 0.0 ms]
   [Code Root Purge: 0.0 ms]
   [Clear CT: 0.7 ms]
   [Other: 1.2 ms]
      [Choose CSet: 0.0 ms]
      [Ref Proc: 0.2 ms]
      [Ref Enq: 0.0 ms]
      [Redirty Cards: 0.4 ms]
      [Humongous Register: 0.1 ms]
      [Humongous Reclaim: 0.0 ms]
      [Free CSet: 0.2 ms]
   [Eden: 268.0M(268.0M)->0.0B(265.0M) Survivors: 37.0M->39.0M Heap: 658.0M(2048.0M)->659.0M(2048.0M)]
 [Times: user=1.27 sys=0.05, real=0.17 secs] 
2020-09-29T11:29:14.416+0200: 7.848: [GC pause (G1 Evacuation Pause) (young), 0.1801342 secs]
   [Parallel Time: 179.0 ms, GC Workers: 8]
      [GC Worker Start (ms): Min: 7848.6, Avg: 7848.7, Max: 7848.8, Diff: 0.2]
      [Ext Root Scanning (ms): Min: 0.0, Avg: 0.1, Max: 0.2, Diff: 0.2, Sum: 0.6]
      [Update RS (ms): Min: 20.3, Avg: 20.4, Max: 21.2, Diff: 1.0, Sum: 163.5]
         [Processed Buffers: Min: 17, Avg: 18.4, Max: 20, Diff: 3, Sum: 147]
      [Scan RS (ms): Min: 18.3, Avg: 19.2, Max: 19.5, Diff: 1.2, Sum: 154.0]
      [Code Root Scanning (ms): Min: 0.0, Avg: 0.0, Max: 0.0, Diff: 0.0, Sum: 0.0]
      [Object Copy (ms): Min: 138.4, Avg: 138.7, Max: 138.9, Diff: 0.5, Sum: 1109.7]
      [Termination (ms): Min: 0.0, Avg: 0.3, Max: 0.4, Diff: 0.4, Sum: 2.1]
         [Termination Attempts: Min: 1, Avg: 1717.9, Max: 2475, Diff: 2474, Sum: 13743]
      [GC Worker Other (ms): Min: 0.1, Avg: 0.1, Max: 0.1, Diff: 0.1, Sum: 0.6]
      [GC Worker Total (ms): Min: 178.8, Avg: 178.8, Max: 178.9, Diff: 0.2, Sum: 1430.5]
      [GC Worker End (ms): Min: 8027.5, Avg: 8027.5, Max: 8027.5, Diff: 0.1]
   [Code Root Fixup: 0.0 ms]
   [Code Root Purge: 0.0 ms]
   [Clear CT: 0.2 ms]
   [Other: 0.9 ms]
      [Choose CSet: 0.0 ms]
      [Ref Proc: 0.2 ms]
      [Ref Enq: 0.0 ms]
      [Redirty Cards: 0.2 ms]
      [Humongous Register: 0.1 ms]
      [Humongous Reclaim: 0.0 ms]
      [Free CSet: 0.3 ms]
   [Eden: 265.0M(265.0M)->0.0B(259.0M) Survivors: 39.0M->38.0M Heap: 967.8M(2048.0M)->969.8M(2048.0M)]
 [Times: user=1.28 sys=0.05, real=0.18 secs] 
2020-09-29T11:29:14.610+0200: 8.042: [GC pause (G1 Humongous Allocation) (young) (initial-mark), 0.0556368 secs]
   [Parallel Time: 54.5 ms, GC Workers: 8]
      [GC Worker Start (ms): Min: 8042.5, Avg: 8042.6, Max: 8042.7, Diff: 0.2]
      [Ext Root Scanning (ms): Min: 0.0, Avg: 0.3, Max: 0.5, Diff: 0.5, Sum: 2.4]
      [Update RS (ms): Min: 25.3, Avg: 25.7, Max: 25.9, Diff: 0.7, Sum: 205.4]
         [Processed Buffers: Min: 29, Avg: 29.9, Max: 32, Diff: 3, Sum: 239]
      [Scan RS (ms): Min: 2.3, Avg: 2.7, Max: 2.9, Diff: 0.7, Sum: 21.7]
      [Code Root Scanning (ms): Min: 0.0, Avg: 0.0, Max: 0.0, Diff: 0.0, Sum: 0.0]
      [Object Copy (ms): Min: 25.4, Avg: 25.4, Max: 25.6, Diff: 0.3, Sum: 203.5]
      [Termination (ms): Min: 0.0, Avg: 0.2, Max: 0.2, Diff: 0.2, Sum: 1.3]
         [Termination Attempts: Min: 1, Avg: 1012.0, Max: 1260, Diff: 1259, Sum: 8096]
      [GC Worker Other (ms): Min: 0.0, Avg: 0.0, Max: 0.0, Diff: 0.0, Sum: 0.2]
      [GC Worker Total (ms): Min: 54.2, Avg: 54.3, Max: 54.4, Diff: 0.2, Sum: 434.6]
      [GC Worker End (ms): Min: 8096.9, Avg: 8097.0, Max: 8097.0, Diff: 0.0]
   [Code Root Fixup: 0.0 ms]
   [Code Root Purge: 0.0 ms]
   [Clear CT: 0.2 ms]
   [Other: 0.9 ms]
      [Choose CSet: 0.0 ms]
      [Ref Proc: 0.2 ms]
      [Ref Enq: 0.0 ms]
      [Redirty Cards: 0.4 ms]
      [Humongous Register: 0.1 ms]
      [Humongous Reclaim: 0.0 ms]
      [Free CSet: 0.0 ms]
   [Eden: 8192.0K(259.0M)->0.0B(279.0M) Survivors: 38.0M->8192.0K Heap: 977.3M(2048.0M)->980.3M(2048.0M)]
 [Times: user=0.48 sys=0.00, real=0.06 secs] 
2020-09-29T11:29:14.666+0200: 8.099: [GC concurrent-root-region-scan-start]
2020-09-29T11:29:14.669+0200: 8.101: [GC concurrent-root-region-scan-end, 0.0027153 secs]
2020-09-29T11:29:14.669+0200: 8.102: [GC concurrent-mark-start]
2020-09-29T11:29:14.672+0200: 8.104: [GC concurrent-mark-end, 0.0027330 secs]
2020-09-29T11:29:14.672+0200: 8.105: [GC remark 2020-09-29T11:29:14.672+0200: 8.105: [Finalize Marking, 0.0001896 secs] 2020-09-29T11:29:14.672+0200: 8.105: [GC ref-proc, 0.0002900 secs] 2020-09-29T11:29:14.673+0200: 8.105: [Unloading, 0.0004766 secs], 0.0013041 secs]
 [Times: user=0.00 sys=0.00, real=0.00 secs] 
2020-09-29T11:29:14.674+0200: 8.106: [GC cleanup 993M->30M(2048M), 0.0011515 secs]
 [Times: user=0.00 sys=0.00, real=0.00 secs] 
2020-09-29T11:29:14.675+0200: 8.107: [GC concurrent-cleanup-start]
2020-09-29T11:29:14.676+0200: 8.109: [GC concurrent-cleanup-end, 0.0012299 secs]
2020-09-29T11:29:14.822+0200: 8.255: [GC pause (G1 Evacuation Pause) (young), 0.1464692 secs]
   [Parallel Time: 145.5 ms, GC Workers: 8]
      [GC Worker Start (ms): Min: 8254.9, Avg: 8255.0, Max: 8255.1, Diff: 0.1]
      [Ext Root Scanning (ms): Min: 0.0, Avg: 0.1, Max: 0.1, Diff: 0.1, Sum: 0.6]
      [Update RS (ms): Min: 12.7, Avg: 12.8, Max: 13.0, Diff: 0.3, Sum: 102.8]
         [Processed Buffers: Min: 12, Avg: 14.0, Max: 16, Diff: 4, Sum: 112]
      [Scan RS (ms): Min: 18.8, Avg: 19.1, Max: 19.3, Diff: 0.4, Sum: 153.0]
      [Code Root Scanning (ms): Min: 0.0, Avg: 0.0, Max: 0.0, Diff: 0.0, Sum: 0.0]
      [Object Copy (ms): Min: 113.0, Avg: 113.1, Max: 113.2, Diff: 0.2, Sum: 904.9]
      [Termination (ms): Min: 0.0, Avg: 0.0, Max: 0.0, Diff: 0.0, Sum: 0.2]
         [Termination Attempts: Min: 1, Avg: 153.8, Max: 219, Diff: 218, Sum: 1230]
      [GC Worker Other (ms): Min: 0.0, Avg: 0.0, Max: 0.1, Diff: 0.1, Sum: 0.4]
      [GC Worker Total (ms): Min: 145.1, Avg: 145.2, Max: 145.3, Diff: 0.2, Sum: 1161.8]
      [GC Worker End (ms): Min: 8400.2, Avg: 8400.3, Max: 8400.3, Diff: 0.1]
   [Code Root Fixup: 0.0 ms]
   [Code Root Purge: 0.0 ms]
   [Clear CT: 0.2 ms]
   [Other: 0.8 ms]
      [Choose CSet: 0.0 ms]
      [Ref Proc: 0.2 ms]
      [Ref Enq: 0.0 ms]
      [Redirty Cards: 0.2 ms]
      [Humongous Register: 0.0 ms]
      [Humongous Reclaim: 0.0 ms]
      [Free CSet: 0.2 ms]
   [Eden: 279.0M(279.0M)->0.0B(269.0M) Survivors: 8192.0K->36.0M Heap: 344.7M(2048.0M)->338.7M(2048.0M)]
 [Times: user=1.08 sys=0.03, real=0.15 secs] 
2020-09-29T11:29:15.113+0200: 8.545: [GC pause (G1 Evacuation Pause) (young), 0.1589239 secs]
   [Parallel Time: 157.4 ms, GC Workers: 8]
      [GC Worker Start (ms): Min: 8545.6, Avg: 8545.7, Max: 8545.7, Diff: 0.1]
      [Ext Root Scanning (ms): Min: 0.0, Avg: 0.1, Max: 0.1, Diff: 0.1, Sum: 0.6]
      [Update RS (ms): Min: 15.0, Avg: 15.2, Max: 15.4, Diff: 0.5, Sum: 121.7]
         [Processed Buffers: Min: 14, Avg: 15.3, Max: 16, Diff: 2, Sum: 122]
      [Scan RS (ms): Min: 20.0, Avg: 20.2, Max: 20.4, Diff: 0.4, Sum: 161.5]
      [Code Root Scanning (ms): Min: 0.0, Avg: 0.0, Max: 0.0, Diff: 0.0, Sum: 0.0]
      [Object Copy (ms): Min: 121.5, Avg: 121.5, Max: 121.6, Diff: 0.1, Sum: 972.3]
      [Termination (ms): Min: 0.0, Avg: 0.0, Max: 0.0, Diff: 0.0, Sum: 0.1]
         [Termination Attempts: Min: 1, Avg: 62.0, Max: 86, Diff: 85, Sum: 496]
      [GC Worker Other (ms): Min: 0.0, Avg: 0.1, Max: 0.1, Diff: 0.1, Sum: 0.4]
      [GC Worker Total (ms): Min: 157.0, Avg: 157.1, Max: 157.2, Diff: 0.1, Sum: 1256.7]
      [GC Worker End (ms): Min: 8702.7, Avg: 8702.8, Max: 8702.8, Diff: 0.0]
   [Code Root Fixup: 0.0 ms]
   [Code Root Purge: 0.0 ms]
   [Clear CT: 0.4 ms]
   [Other: 1.1 ms]
      [Choose CSet: 0.0 ms]
      [Ref Proc: 0.3 ms]
      [Ref Enq: 0.0 ms]
      [Redirty Cards: 0.3 ms]
      [Humongous Register: 0.0 ms]
      [Humongous Reclaim: 0.0 ms]
      [Free CSet: 0.3 ms]
   [Eden: 269.0M(269.0M)->0.0B(270.0M) Survivors: 36.0M->39.0M Heap: 651.6M(2048.0M)->653.6M(2048.0M)]
 [Times: user=1.27 sys=0.08, real=0.16 secs] 
2020-09-29T11:29:15.409+0200: 8.841: [GC pause (G1 Evacuation Pause) (young), 0.1682220 secs]
   [Parallel Time: 167.3 ms, GC Workers: 8]
      [GC Worker Start (ms): Min: 8841.3, Avg: 8841.4, Max: 8841.4, Diff: 0.2]
      [Ext Root Scanning (ms): Min: 0.0, Avg: 0.1, Max: 0.2, Diff: 0.2, Sum: 0.5]
      [Update RS (ms): Min: 15.5, Avg: 15.7, Max: 16.4, Diff: 0.9, Sum: 125.6]
         [Processed Buffers: Min: 15, Avg: 16.3, Max: 20, Diff: 5, Sum: 130]
      [Scan RS (ms): Min: 19.9, Avg: 20.6, Max: 20.9, Diff: 1.0, Sum: 164.7]
      [Code Root Scanning (ms): Min: 0.0, Avg: 0.0, Max: 0.0, Diff: 0.0, Sum: 0.0]
      [Object Copy (ms): Min: 130.4, Avg: 130.5, Max: 130.6, Diff: 0.2, Sum: 1043.9]
      [Termination (ms): Min: 0.0, Avg: 0.2, Max: 0.2, Diff: 0.2, Sum: 1.2]
         [Termination Attempts: Min: 1, Avg: 1133.1, Max: 1360, Diff: 1359, Sum: 9065]
      [GC Worker Other (ms): Min: 0.0, Avg: 0.0, Max: 0.1, Diff: 0.1, Sum: 0.3]
      [GC Worker Total (ms): Min: 167.0, Avg: 167.0, Max: 167.2, Diff: 0.2, Sum: 1336.3]
      [GC Worker End (ms): Min: 9008.4, Avg: 9008.4, Max: 9008.4, Diff: 0.1]
   [Code Root Fixup: 0.0 ms]
   [Code Root Purge: 0.0 ms]
   [Clear CT: 0.1 ms]
   [Other: 0.8 ms]
      [Choose CSet: 0.0 ms]
      [Ref Proc: 0.1 ms]
      [Ref Enq: 0.0 ms]
      [Redirty Cards: 0.2 ms]
      [Humongous Register: 0.0 ms]
      [Humongous Reclaim: 0.0 ms]
      [Free CSet: 0.3 ms]
   [Eden: 270.0M(270.0M)->0.0B(274.0M) Survivors: 39.0M->39.0M Heap: 969.3M(2048.0M)->971.3M(2048.0M)]
 [Times: user=1.28 sys=0.08, real=0.17 secs] 
2020-09-29T11:29:15.596+0200: 9.028: [GC pause (G1 Humongous Allocation) (young) (initial-mark), 0.0447539 secs]
   [Parallel Time: 43.9 ms, GC Workers: 8]
      [GC Worker Start (ms): Min: 9028.3, Avg: 9028.3, Max: 9028.4, Diff: 0.1]
      [Ext Root Scanning (ms): Min: 0.1, Avg: 0.1, Max: 0.1, Diff: 0.1, Sum: 0.7]
      [Update RS (ms): Min: 21.9, Avg: 22.3, Max: 22.6, Diff: 0.7, Sum: 178.0]
         [Processed Buffers: Min: 24, Avg: 26.0, Max: 28, Diff: 4, Sum: 208]
      [Scan RS (ms): Min: 2.3, Avg: 2.7, Max: 3.0, Diff: 0.7, Sum: 21.8]
      [Code Root Scanning (ms): Min: 0.0, Avg: 0.0, Max: 0.0, Diff: 0.0, Sum: 0.0]
      [Object Copy (ms): Min: 18.5, Avg: 18.6, Max: 18.6, Diff: 0.1, Sum: 148.7]
      [Termination (ms): Min: 0.0, Avg: 0.0, Max: 0.0, Diff: 0.0, Sum: 0.2]
         [Termination Attempts: Min: 1, Avg: 184.9, Max: 253, Diff: 252, Sum: 1479]
      [GC Worker Other (ms): Min: 0.0, Avg: 0.0, Max: 0.0, Diff: 0.0, Sum: 0.1]
      [GC Worker Total (ms): Min: 43.7, Avg: 43.7, Max: 43.7, Diff: 0.1, Sum: 349.6]
      [GC Worker End (ms): Min: 9072.0, Avg: 9072.0, Max: 9072.0, Diff: 0.0]
   [Code Root Fixup: 0.0 ms]
   [Code Root Purge: 0.0 ms]
   [Clear CT: 0.1 ms]
   [Other: 0.7 ms]
      [Choose CSet: 0.0 ms]
      [Ref Proc: 0.2 ms]
      [Ref Enq: 0.0 ms]
      [Redirty Cards: 0.1 ms]
      [Humongous Register: 0.1 ms]
      [Humongous Reclaim: 0.0 ms]
      [Free CSet: 0.1 ms]
   [Eden: 7168.0K(274.0M)->0.0B(330.0M) Survivors: 39.0M->9216.0K Heap: 977.8M(2048.0M)->981.8M(2048.0M)]
 [Times: user=0.38 sys=0.00, real=0.04 secs] 
2020-09-29T11:29:15.641+0200: 9.073: [GC concurrent-root-region-scan-start]
2020-09-29T11:29:15.645+0200: 9.077: [GC concurrent-root-region-scan-end, 0.0038683 secs]
2020-09-29T11:29:15.645+0200: 9.077: [GC concurrent-mark-start]
2020-09-29T11:29:15.648+0200: 9.080: [GC concurrent-mark-end, 0.0034217 secs]
2020-09-29T11:29:15.648+0200: 9.081: [GC remark 2020-09-29T11:29:15.648+0200: 9.081: [Finalize Marking, 0.0002360 secs] 2020-09-29T11:29:15.648+0200: 9.081: [GC ref-proc, 0.0003613 secs] 2020-09-29T11:29:15.649+0200: 9.081: [Unloading, 0.0005428 secs], 0.0017805 secs]
 [Times: user=0.00 sys=0.00, real=0.00 secs] 
2020-09-29T11:29:15.650+0200: 9.083: [GC cleanup 999M->36M(2048M), 0.0028353 secs]
 [Times: user=0.00 sys=0.00, real=0.00 secs] 
2020-09-29T11:29:15.653+0200: 9.086: [GC concurrent-cleanup-start]
2020-09-29T11:29:15.655+0200: 9.087: [GC concurrent-cleanup-end, 0.0013227 secs]
2020-09-29T11:29:15.832+0200: 9.264: [GC pause (G1 Evacuation Pause) (young), 0.1714898 secs]
   [Parallel Time: 170.6 ms, GC Workers: 8]
      [GC Worker Start (ms): Min: 9264.6, Avg: 9264.7, Max: 9264.8, Diff: 0.1]
      [Ext Root Scanning (ms): Min: 0.0, Avg: 0.1, Max: 0.1, Diff: 0.1, Sum: 0.6]
      [Update RS (ms): Min: 17.9, Avg: 18.4, Max: 18.8, Diff: 0.9, Sum: 146.9]
         [Processed Buffers: Min: 16, Avg: 16.1, Max: 17, Diff: 1, Sum: 129]
      [Scan RS (ms): Min: 22.8, Avg: 23.3, Max: 23.8, Diff: 1.0, Sum: 186.5]
      [Code Root Scanning (ms): Min: 0.0, Avg: 0.0, Max: 0.0, Diff: 0.0, Sum: 0.0]
      [Object Copy (ms): Min: 128.5, Avg: 128.6, Max: 128.7, Diff: 0.2, Sum: 1028.7]
      [Termination (ms): Min: 0.0, Avg: 0.0, Max: 0.0, Diff: 0.0, Sum: 0.3]
         [Termination Attempts: Min: 1, Avg: 118.3, Max: 155, Diff: 154, Sum: 946]
      [GC Worker Other (ms): Min: 0.0, Avg: 0.0, Max: 0.1, Diff: 0.0, Sum: 0.2]
      [GC Worker Total (ms): Min: 170.4, Avg: 170.4, Max: 170.5, Diff: 0.1, Sum: 1363.2]
      [GC Worker End (ms): Min: 9435.1, Avg: 9435.1, Max: 9435.1, Diff: 0.0]
   [Code Root Fixup: 0.0 ms]
   [Code Root Purge: 0.0 ms]
   [Clear CT: 0.2 ms]
   [Other: 0.7 ms]
      [Choose CSet: 0.0 ms]
      [Ref Proc: 0.2 ms]
      [Ref Enq: 0.0 ms]
      [Redirty Cards: 0.1 ms]
      [Humongous Register: 0.0 ms]
      [Humongous Reclaim: 0.0 ms]
      [Free CSet: 0.2 ms]
   [Eden: 330.0M(330.0M)->0.0B(294.0M) Survivors: 9216.0K->43.0M Heap: 403.8M(2048.0M)->396.8M(2048.0M)]
 [Times: user=1.25 sys=0.05, real=0.17 secs] 
2020-09-29T11:29:16.150+0200: 9.582: [GC pause (G1 Evacuation Pause) (young), 0.1726142 secs]
   [Parallel Time: 171.6 ms, GC Workers: 8]
      [GC Worker Start (ms): Min: 9582.5, Avg: 9582.6, Max: 9582.6, Diff: 0.1]
      [Ext Root Scanning (ms): Min: 0.0, Avg: 0.1, Max: 0.1, Diff: 0.1, Sum: 0.5]
      [Update RS (ms): Min: 18.3, Avg: 18.5, Max: 18.9, Diff: 0.7, Sum: 147.6]
         [Processed Buffers: Min: 15, Avg: 16.6, Max: 18, Diff: 3, Sum: 133]
      [Scan RS (ms): Min: 24.3, Avg: 24.8, Max: 25.1, Diff: 0.8, Sum: 198.1]
      [Code Root Scanning (ms): Min: 0.0, Avg: 0.0, Max: 0.0, Diff: 0.0, Sum: 0.0]
      [Object Copy (ms): Min: 128.0, Avg: 128.1, Max: 128.1, Diff: 0.2, Sum: 1024.8]
      [Termination (ms): Min: 0.0, Avg: 0.0, Max: 0.0, Diff: 0.0, Sum: 0.0]
         [Termination Attempts: Min: 1, Avg: 13.5, Max: 20, Diff: 19, Sum: 108]
      [GC Worker Other (ms): Min: 0.0, Avg: 0.1, Max: 0.1, Diff: 0.1, Sum: 0.5]
      [GC Worker Total (ms): Min: 171.4, Avg: 171.4, Max: 171.5, Diff: 0.2, Sum: 1371.5]
      [GC Worker End (ms): Min: 9754.0, Avg: 9754.0, Max: 9754.1, Diff: 0.1]
   [Code Root Fixup: 0.0 ms]
   [Code Root Purge: 0.0 ms]
   [Clear CT: 0.2 ms]
   [Other: 0.8 ms]
      [Choose CSet: 0.0 ms]
      [Ref Proc: 0.2 ms]
      [Ref Enq: 0.0 ms]
      [Redirty Cards: 0.2 ms]
      [Humongous Register: 0.0 ms]
      [Humongous Reclaim: 0.0 ms]
      [Free CSet: 0.2 ms]
   [Eden: 294.0M(294.0M)->0.0B(285.0M) Survivors: 43.0M->43.0M Heap: 740.4M(2048.0M)->742.9M(2048.0M)]
 [Times: user=1.30 sys=0.08, real=0.17 secs] 
2020-09-29T11:29:16.484+0200: 9.917: [GC pause (G1 Evacuation Pause) (young), 0.1950586 secs]
   [Parallel Time: 193.9 ms, GC Workers: 8]
      [GC Worker Start (ms): Min: 9916.9, Avg: 9917.0, Max: 9917.1, Diff: 0.2]
      [Ext Root Scanning (ms): Min: 0.0, Avg: 0.1, Max: 0.2, Diff: 0.2, Sum: 0.6]
      [Update RS (ms): Min: 18.3, Avg: 18.4, Max: 18.7, Diff: 0.4, Sum: 147.1]
         [Processed Buffers: Min: 17, Avg: 19.0, Max: 21, Diff: 4, Sum: 152]
      [Scan RS (ms): Min: 22.0, Avg: 22.3, Max: 22.5, Diff: 0.5, Sum: 178.4]
      [Code Root Scanning (ms): Min: 0.0, Avg: 0.0, Max: 0.0, Diff: 0.0, Sum: 0.0]
      [Object Copy (ms): Min: 152.6, Avg: 152.7, Max: 152.8, Diff: 0.2, Sum: 1221.7]
      [Termination (ms): Min: 0.0, Avg: 0.1, Max: 0.2, Diff: 0.2, Sum: 1.2]
         [Termination Attempts: Min: 1, Avg: 924.8, Max: 1191, Diff: 1190, Sum: 7398]
      [GC Worker Other (ms): Min: 0.0, Avg: 0.0, Max: 0.1, Diff: 0.1, Sum: 0.4]
      [GC Worker Total (ms): Min: 193.6, Avg: 193.7, Max: 193.7, Diff: 0.1, Sum: 1549.3]
      [GC Worker End (ms): Min: 10110.6, Avg: 10110.7, Max: 10110.7, Diff: 0.1]
   [Code Root Fixup: 0.0 ms]
   [Code Root Purge: 0.0 ms]
   [Clear CT: 0.2 ms]
   [Other: 1.0 ms]
      [Choose CSet: 0.0 ms]
      [Ref Proc: 0.2 ms]
      [Ref Enq: 0.0 ms]
      [Redirty Cards: 0.4 ms]
      [Humongous Register: 0.0 ms]
      [Humongous Reclaim: 0.0 ms]
      [Free CSet: 0.2 ms]
   [Eden: 285.0M(285.0M)->0.0B(264.0M) Survivors: 43.0M->41.0M Heap: 1075.6M(2048.0M)->1078.1M(2048.0M)]
 [Times: user=1.52 sys=0.02, real=0.19 secs] 
2020-09-29T11:29:16.688+0200: 10.120: [GC pause (G1 Humongous Allocation) (young) (initial-mark), 0.0631213 secs]
   [Parallel Time: 62.2 ms, GC Workers: 8]
      [GC Worker Start (ms): Min: 10120.4, Avg: 10120.5, Max: 10120.5, Diff: 0.1]
      [Ext Root Scanning (ms): Min: 0.0, Avg: 0.2, Max: 0.7, Diff: 0.7, Sum: 1.5]
      [Update RS (ms): Min: 37.6, Avg: 37.9, Max: 38.5, Diff: 0.9, Sum: 303.5]
         [Processed Buffers: Min: 38, Avg: 43.3, Max: 47, Diff: 9, Sum: 346]
      [Scan RS (ms): Min: 2.5, Avg: 3.0, Max: 3.5, Diff: 0.9, Sum: 24.2]
      [Code Root Scanning (ms): Min: 0.0, Avg: 0.0, Max: 0.0, Diff: 0.0, Sum: 0.0]
      [Object Copy (ms): Min: 20.8, Avg: 20.8, Max: 20.9, Diff: 0.1, Sum: 166.5]
      [Termination (ms): Min: 0.0, Avg: 0.0, Max: 0.1, Diff: 0.1, Sum: 0.4]
         [Termination Attempts: Min: 1, Avg: 305.9, Max: 420, Diff: 419, Sum: 2447]
      [GC Worker Other (ms): Min: 0.0, Avg: 0.0, Max: 0.1, Diff: 0.1, Sum: 0.4]
      [GC Worker Total (ms): Min: 62.0, Avg: 62.1, Max: 62.1, Diff: 0.1, Sum: 496.4]
      [GC Worker End (ms): Min: 10182.5, Avg: 10182.5, Max: 10182.5, Diff: 0.1]
   [Code Root Fixup: 0.0 ms]
   [Code Root Purge: 0.0 ms]
   [Clear CT: 0.2 ms]
   [Other: 0.7 ms]
      [Choose CSet: 0.0 ms]
      [Ref Proc: 0.2 ms]
      [Ref Enq: 0.0 ms]
      [Redirty Cards: 0.2 ms]
      [Humongous Register: 0.0 ms]
      [Humongous Reclaim: 0.0 ms]
      [Free CSet: 0.1 ms]
   [Eden: 7168.0K(264.0M)->0.0B(298.0M) Survivors: 41.0M->8192.0K Heap: 1085.1M(2048.0M)->1088.1M(2048.0M)]
 [Times: user=0.50 sys=0.00, real=0.06 secs] 
2020-09-29T11:29:16.751+0200: 10.183: [GC concurrent-root-region-scan-start]
2020-09-29T11:29:16.753+0200: 10.186: [GC concurrent-root-region-scan-end, 0.0022073 secs]
2020-09-29T11:29:16.753+0200: 10.186: [GC concurrent-mark-start]
2020-09-29T11:29:16.757+0200: 10.189: [GC concurrent-mark-end, 0.0036306 secs]
2020-09-29T11:29:16.757+0200: 10.190: [GC remark 2020-09-29T11:29:16.757+0200: 10.190: [Finalize Marking, 0.0002329 secs] 2020-09-29T11:29:16.757+0200: 10.190: [GC ref-proc, 0.0002912 secs] 2020-09-29T11:29:16.758+0200: 10.190: [Unloading, 0.0005144 secs], 0.0014538 secs]
 [Times: user=0.00 sys=0.00, real=0.00 secs] 
2020-09-29T11:29:16.759+0200: 10.191: [GC cleanup 1101M->31M(2048M), 0.0012820 secs]
 [Times: user=0.00 sys=0.00, real=0.00 secs] 
2020-09-29T11:29:16.760+0200: 10.193: [GC concurrent-cleanup-start]
2020-09-29T11:29:16.763+0200: 10.195: [GC concurrent-cleanup-end, 0.0022701 secs]
2020-09-29T11:29:16.918+0200: 10.350: [GC pause (G1 Evacuation Pause) (young), 0.1613172 secs]
   [Parallel Time: 160.4 ms, GC Workers: 8]
      [GC Worker Start (ms): Min: 10350.4, Avg: 10350.5, Max: 10350.6, Diff: 0.2]
      [Ext Root Scanning (ms): Min: 0.0, Avg: 0.1, Max: 0.2, Diff: 0.2, Sum: 0.7]
      [Update RS (ms): Min: 25.8, Avg: 25.9, Max: 26.3, Diff: 0.5, Sum: 207.0]
         [Processed Buffers: Min: 21, Avg: 24.4, Max: 27, Diff: 6, Sum: 195]
      [Scan RS (ms): Min: 16.2, Avg: 16.7, Max: 16.9, Diff: 0.6, Sum: 133.7]
      [Code Root Scanning (ms): Min: 0.0, Avg: 0.0, Max: 0.0, Diff: 0.0, Sum: 0.0]
      [Object Copy (ms): Min: 117.3, Avg: 117.4, Max: 117.5, Diff: 0.2, Sum: 939.6]
      [Termination (ms): Min: 0.0, Avg: 0.0, Max: 0.1, Diff: 0.1, Sum: 0.3]
         [Termination Attempts: Min: 1, Avg: 264.8, Max: 333, Diff: 332, Sum: 2118]
      [GC Worker Other (ms): Min: 0.0, Avg: 0.0, Max: 0.1, Diff: 0.0, Sum: 0.3]
      [GC Worker Total (ms): Min: 160.1, Avg: 160.2, Max: 160.3, Diff: 0.2, Sum: 1281.5]
      [GC Worker End (ms): Min: 10510.7, Avg: 10510.7, Max: 10510.7, Diff: 0.0]
   [Code Root Fixup: 0.0 ms]
   [Code Root Purge: 0.0 ms]
   [Clear CT: 0.1 ms]
   [Other: 0.8 ms]
      [Choose CSet: 0.0 ms]
      [Ref Proc: 0.2 ms]
      [Ref Enq: 0.0 ms]
      [Redirty Cards: 0.2 ms]
      [Humongous Register: 0.0 ms]
      [Humongous Reclaim: 0.0 ms]
      [Free CSet: 0.1 ms]
   [Eden: 298.0M(298.0M)->0.0B(280.0M) Survivors: 8192.0K->39.0M Heap: 367.5M(2048.0M)->361.0M(2048.0M)]
 [Times: user=1.16 sys=0.08, real=0.16 secs] 
2020-09-29T11:29:17.216+0200: 10.648: [GC pause (G1 Evacuation Pause) (young), 0.1695372 secs]
   [Parallel Time: 168.7 ms, GC Workers: 8]
      [GC Worker Start (ms): Min: 10648.5, Avg: 10648.6, Max: 10648.7, Diff: 0.2]
      [Ext Root Scanning (ms): Min: 0.0, Avg: 0.0, Max: 0.2, Diff: 0.2, Sum: 0.4]
      [Update RS (ms): Min: 17.5, Avg: 17.7, Max: 18.6, Diff: 1.0, Sum: 141.9]
         [Processed Buffers: Min: 16, Avg: 18.1, Max: 22, Diff: 6, Sum: 145]
      [Scan RS (ms): Min: 19.3, Avg: 20.1, Max: 20.3, Diff: 1.0, Sum: 161.0]
      [Code Root Scanning (ms): Min: 0.0, Avg: 0.0, Max: 0.0, Diff: 0.0, Sum: 0.0]
      [Object Copy (ms): Min: 130.4, Avg: 130.5, Max: 130.5, Diff: 0.1, Sum: 1043.9]
      [Termination (ms): Min: 0.0, Avg: 0.0, Max: 0.0, Diff: 0.0, Sum: 0.0]
         [Termination Attempts: Min: 1, Avg: 8.6, Max: 17, Diff: 16, Sum: 69]
      [GC Worker Other (ms): Min: 0.0, Avg: 0.0, Max: 0.1, Diff: 0.1, Sum: 0.4]
      [GC Worker Total (ms): Min: 168.4, Avg: 168.5, Max: 168.6, Diff: 0.2, Sum: 1347.6]
      [GC Worker End (ms): Min: 10817.0, Avg: 10817.1, Max: 10817.1, Diff: 0.1]
   [Code Root Fixup: 0.0 ms]
   [Code Root Purge: 0.0 ms]
   [Clear CT: 0.1 ms]
   [Other: 0.7 ms]
      [Choose CSet: 0.0 ms]
      [Ref Proc: 0.2 ms]
      [Ref Enq: 0.0 ms]
      [Redirty Cards: 0.2 ms]
      [Humongous Register: 0.0 ms]
      [Humongous Reclaim: 0.0 ms]
      [Free CSet: 0.2 ms]
   [Eden: 280.0M(280.0M)->0.0B(277.0M) Survivors: 39.0M->40.0M Heap: 686.8M(2048.0M)->688.3M(2048.0M)]
 [Times: user=1.27 sys=0.01, real=0.17 secs] 
2020-09-29T11:29:17.524+0200: 10.957: [GC pause (G1 Evacuation Pause) (young), 0.1739755 secs]
   [Parallel Time: 172.8 ms, GC Workers: 8]
      [GC Worker Start (ms): Min: 10956.8, Avg: 10956.9, Max: 10957.0, Diff: 0.2]
      [Ext Root Scanning (ms): Min: 0.0, Avg: 0.1, Max: 0.2, Diff: 0.2, Sum: 0.5]
      [Update RS (ms): Min: 20.4, Avg: 20.6, Max: 21.0, Diff: 0.7, Sum: 164.7]
         [Processed Buffers: Min: 17, Avg: 17.8, Max: 20, Diff: 3, Sum: 142]
      [Scan RS (ms): Min: 23.3, Avg: 23.8, Max: 24.1, Diff: 0.8, Sum: 190.8]
      [Code Root Scanning (ms): Min: 0.0, Avg: 0.0, Max: 0.0, Diff: 0.0, Sum: 0.0]
      [Object Copy (ms): Min: 127.8, Avg: 127.9, Max: 128.1, Diff: 0.3, Sum: 1023.5]
      [Termination (ms): Min: 0.0, Avg: 0.0, Max: 0.0, Diff: 0.0, Sum: 0.0]
         [Termination Attempts: Min: 1, Avg: 31.6, Max: 43, Diff: 42, Sum: 253]
      [GC Worker Other (ms): Min: 0.0, Avg: 0.1, Max: 0.1, Diff: 0.1, Sum: 0.5]
      [GC Worker Total (ms): Min: 172.4, Avg: 172.5, Max: 172.6, Diff: 0.2, Sum: 1380.2]
      [GC Worker End (ms): Min: 11129.4, Avg: 11129.4, Max: 11129.5, Diff: 0.1]
   [Code Root Fixup: 0.0 ms]
   [Code Root Purge: 0.0 ms]
   [Clear CT: 0.2 ms]
   [Other: 1.0 ms]
      [Choose CSet: 0.0 ms]
      [Ref Proc: 0.2 ms]
      [Ref Enq: 0.0 ms]
      [Redirty Cards: 0.4 ms]
      [Humongous Register: 0.0 ms]
      [Humongous Reclaim: 0.0 ms]
      [Free CSet: 0.2 ms]
   [Eden: 277.0M(277.0M)->0.0B(272.0M) Survivors: 40.0M->40.0M Heap: 1011.1M(2048.0M)->1013.1M(2048.0M)]
 [Times: user=1.33 sys=0.05, real=0.17 secs] 
2020-09-29T11:29:17.709+0200: 11.141: [GC pause (G1 Humongous Allocation) (young) (initial-mark), 0.0554702 secs]
   [Parallel Time: 54.6 ms, GC Workers: 8]
      [GC Worker Start (ms): Min: 11141.5, Avg: 11141.5, Max: 11141.6, Diff: 0.1]
      [Ext Root Scanning (ms): Min: 0.0, Avg: 0.1, Max: 0.1, Diff: 0.1, Sum: 0.6]
      [Update RS (ms): Min: 32.6, Avg: 32.8, Max: 33.2, Diff: 0.6, Sum: 262.3]
         [Processed Buffers: Min: 29, Avg: 36.0, Max: 40, Diff: 11, Sum: 288]
      [Scan RS (ms): Min: 2.5, Avg: 2.8, Max: 3.0, Diff: 0.6, Sum: 22.6]
      [Code Root Scanning (ms): Min: 0.0, Avg: 0.0, Max: 0.0, Diff: 0.0, Sum: 0.0]
      [Object Copy (ms): Min: 18.6, Avg: 18.7, Max: 18.8, Diff: 0.1, Sum: 149.5]
      [Termination (ms): Min: 0.0, Avg: 0.0, Max: 0.0, Diff: 0.0, Sum: 0.1]
         [Termination Attempts: Min: 1, Avg: 40.0, Max: 58, Diff: 57, Sum: 320]
      [GC Worker Other (ms): Min: 0.0, Avg: 0.0, Max: 0.0, Diff: 0.0, Sum: 0.2]
      [GC Worker Total (ms): Min: 54.3, Avg: 54.4, Max: 54.5, Diff: 0.1, Sum: 435.2]
      [GC Worker End (ms): Min: 11195.9, Avg: 11195.9, Max: 11195.9, Diff: 0.0]
   [Code Root Fixup: 0.0 ms]
   [Code Root Purge: 0.0 ms]
   [Clear CT: 0.2 ms]
   [Other: 0.7 ms]
      [Choose CSet: 0.0 ms]
      [Ref Proc: 0.2 ms]
      [Ref Enq: 0.0 ms]
      [Redirty Cards: 0.1 ms]
      [Humongous Register: 0.0 ms]
      [Humongous Reclaim: 0.0 ms]
      [Free CSet: 0.1 ms]
   [Eden: 4096.0K(272.0M)->0.0B(323.0M) Survivors: 40.0M->6144.0K Heap: 1016.6M(2048.0M)->1021.1M(2048.0M)]
 [Times: user=0.38 sys=0.00, real=0.05 secs] 
2020-09-29T11:29:17.764+0200: 11.197: [GC concurrent-root-region-scan-start]
2020-09-29T11:29:17.765+0200: 11.198: [GC concurrent-root-region-scan-end, 0.0006590 secs]
2020-09-29T11:29:17.765+0200: 11.198: [GC concurrent-mark-start]
2020-09-29T11:29:17.768+0200: 11.200: [GC concurrent-mark-end, 0.0027300 secs]
2020-09-29T11:29:17.768+0200: 11.200: [GC remark 2020-09-29T11:29:17.768+0200: 11.201: [Finalize Marking, 0.0004153 secs] 2020-09-29T11:29:17.768+0200: 11.201: [GC ref-proc, 0.0003321 secs] 2020-09-29T11:29:17.769+0200: 11.201: [Unloading, 0.0004628 secs], 0.0015459 secs]
 [Times: user=0.00 sys=0.03, real=0.00 secs] 
2020-09-29T11:29:17.770+0200: 11.202: [GC cleanup 1026M->21M(2048M), 0.0012990 secs]
 [Times: user=0.00 sys=0.00, real=0.00 secs] 
2020-09-29T11:29:17.771+0200: 11.204: [GC concurrent-cleanup-start]
2020-09-29T11:29:17.773+0200: 11.206: [GC concurrent-cleanup-end, 0.0017459 secs]
2020-09-29T11:29:17.949+0200: 11.381: [GC pause (G1 Evacuation Pause) (young), 0.1850357 secs]
   [Parallel Time: 183.9 ms, GC Workers: 8]
      [GC Worker Start (ms): Min: 11381.3, Avg: 11381.4, Max: 11381.4, Diff: 0.2]
      [Ext Root Scanning (ms): Min: 0.0, Avg: 0.1, Max: 0.2, Diff: 0.2, Sum: 0.6]
      [Update RS (ms): Min: 19.9, Avg: 20.2, Max: 21.0, Diff: 1.1, Sum: 161.5]
         [Processed Buffers: Min: 16, Avg: 17.6, Max: 22, Diff: 6, Sum: 141]
      [Scan RS (ms): Min: 24.9, Avg: 25.6, Max: 25.9, Diff: 1.0, Sum: 204.5]
      [Code Root Scanning (ms): Min: 0.0, Avg: 0.0, Max: 0.0, Diff: 0.0, Sum: 0.0]
      [Object Copy (ms): Min: 137.5, Avg: 137.7, Max: 137.8, Diff: 0.3, Sum: 1101.5]
      [Termination (ms): Min: 0.0, Avg: 0.1, Max: 0.2, Diff: 0.2, Sum: 1.1]
         [Termination Attempts: Min: 1, Avg: 931.6, Max: 1189, Diff: 1188, Sum: 7453]
      [GC Worker Other (ms): Min: 0.0, Avg: 0.1, Max: 0.1, Diff: 0.0, Sum: 0.5]
      [GC Worker Total (ms): Min: 183.6, Avg: 183.7, Max: 183.8, Diff: 0.2, Sum: 1469.7]
      [GC Worker End (ms): Min: 11565.0, Avg: 11565.1, Max: 11565.1, Diff: 0.0]
   [Code Root Fixup: 0.0 ms]
   [Code Root Purge: 0.0 ms]
   [Clear CT: 0.2 ms]
   [Other: 0.9 ms]
      [Choose CSet: 0.0 ms]
      [Ref Proc: 0.2 ms]
      [Ref Enq: 0.0 ms]
      [Redirty Cards: 0.2 ms]
      [Humongous Register: 0.0 ms]
      [Humongous Reclaim: 0.0 ms]
      [Free CSet: 0.3 ms]
   [Eden: 323.0M(323.0M)->0.0B(274.0M) Survivors: 6144.0K->42.0M Heap: 394.3M(2048.0M)->390.3M(2048.0M)]
 [Times: user=1.44 sys=0.05, real=0.19 secs] 
2020-09-29T11:29:18.272+0200: 11.705: [GC pause (G1 Evacuation Pause) (young), 0.1674912 secs]
   [Parallel Time: 166.4 ms, GC Workers: 8]
      [GC Worker Start (ms): Min: 11704.7, Avg: 11704.7, Max: 11704.8, Diff: 0.1]
      [Ext Root Scanning (ms): Min: 0.0, Avg: 0.1, Max: 0.1, Diff: 0.1, Sum: 0.6]
      [Update RS (ms): Min: 17.9, Avg: 18.3, Max: 19.0, Diff: 1.0, Sum: 146.0]
         [Processed Buffers: Min: 16, Avg: 19.1, Max: 21, Diff: 5, Sum: 153]
      [Scan RS (ms): Min: 20.2, Avg: 20.9, Max: 21.3, Diff: 1.1, Sum: 167.5]
      [Code Root Scanning (ms): Min: 0.0, Avg: 0.0, Max: 0.0, Diff: 0.0, Sum: 0.0]
      [Object Copy (ms): Min: 126.7, Avg: 126.8, Max: 127.0, Diff: 0.3, Sum: 1014.8]
      [Termination (ms): Min: 0.0, Avg: 0.1, Max: 0.1, Diff: 0.1, Sum: 0.6]
         [Termination Attempts: Min: 1, Avg: 497.8, Max: 629, Diff: 628, Sum: 3982]
      [GC Worker Other (ms): Min: 0.0, Avg: 0.0, Max: 0.1, Diff: 0.1, Sum: 0.4]
      [GC Worker Total (ms): Min: 166.2, Avg: 166.2, Max: 166.3, Diff: 0.1, Sum: 1329.9]
      [GC Worker End (ms): Min: 11870.9, Avg: 11870.9, Max: 11871.0, Diff: 0.1]
   [Code Root Fixup: 0.0 ms]
   [Code Root Purge: 0.0 ms]
   [Clear CT: 0.2 ms]
   [Other: 0.9 ms]
      [Choose CSet: 0.0 ms]
      [Ref Proc: 0.2 ms]
      [Ref Enq: 0.0 ms]
      [Redirty Cards: 0.2 ms]
      [Humongous Register: 0.0 ms]
      [Humongous Reclaim: 0.0 ms]
      [Free CSet: 0.3 ms]
   [Eden: 274.0M(274.0M)->0.0B(276.0M) Survivors: 42.0M->40.0M Heap: 710.1M(2048.0M)->712.1M(2048.0M)]
 [Times: user=1.19 sys=0.06, real=0.17 secs] 
2020-09-29T11:29:18.587+0200: 12.019: [GC pause (G1 Evacuation Pause) (young), 0.1855291 secs]
   [Parallel Time: 184.5 ms, GC Workers: 8]
      [GC Worker Start (ms): Min: 12019.5, Avg: 12019.6, Max: 12019.7, Diff: 0.1]
      [Ext Root Scanning (ms): Min: 0.0, Avg: 0.1, Max: 0.2, Diff: 0.1, Sum: 0.5]
      [Update RS (ms): Min: 13.8, Avg: 13.9, Max: 14.4, Diff: 0.6, Sum: 111.2]
         [Processed Buffers: Min: 14, Avg: 15.6, Max: 20, Diff: 6, Sum: 125]
      [Scan RS (ms): Min: 21.1, Avg: 21.5, Max: 21.7, Diff: 0.5, Sum: 172.4]
      [Code Root Scanning (ms): Min: 0.0, Avg: 0.0, Max: 0.0, Diff: 0.0, Sum: 0.0]
      [Object Copy (ms): Min: 147.8, Avg: 147.9, Max: 148.4, Diff: 0.6, Sum: 1183.5]
      [Termination (ms): Min: 0.0, Avg: 0.4, Max: 0.6, Diff: 0.6, Sum: 3.6]
         [Termination Attempts: Min: 1, Avg: 3158.5, Max: 4204, Diff: 4203, Sum: 25268]
      [GC Worker Other (ms): Min: 0.0, Avg: 0.1, Max: 0.1, Diff: 0.1, Sum: 0.5]
      [GC Worker Total (ms): Min: 183.9, Avg: 184.0, Max: 184.1, Diff: 0.2, Sum: 1471.7]
      [GC Worker End (ms): Min: 12203.5, Avg: 12203.6, Max: 12203.7, Diff: 0.1]
   [Code Root Fixup: 0.0 ms]
   [Code Root Purge: 0.0 ms]
   [Clear CT: 0.2 ms]
   [Other: 0.8 ms]
      [Choose CSet: 0.0 ms]
      [Ref Proc: 0.1 ms]
      [Ref Enq: 0.0 ms]
      [Redirty Cards: 0.3 ms]
      [Humongous Register: 0.0 ms]
      [Humongous Reclaim: 0.0 ms]
      [Free CSet: 0.2 ms]
   [Eden: 276.0M(276.0M)->0.0B(259.0M) Survivors: 40.0M->40.0M Heap: 1033.9M(2048.0M)->1035.9M(2048.0M)]
 [Times: user=1.41 sys=0.08, real=0.19 secs] 
2020-09-29T11:29:18.790+0200: 12.222: [GC pause (G1 Humongous Allocation) (young) (initial-mark), 0.0483128 secs]
   [Parallel Time: 47.5 ms, GC Workers: 8]
      [GC Worker Start (ms): Min: 12222.3, Avg: 12222.4, Max: 12222.4, Diff: 0.1]
      [Ext Root Scanning (ms): Min: 0.0, Avg: 0.5, Max: 3.0, Diff: 3.0, Sum: 4.0]
      [Update RS (ms): Min: 22.2, Avg: 24.7, Max: 25.1, Diff: 2.9, Sum: 197.3]
         [Processed Buffers: Min: 23, Avg: 28.0, Max: 30, Diff: 7, Sum: 224]
      [Scan RS (ms): Min: 2.7, Avg: 2.8, Max: 3.0, Diff: 0.3, Sum: 22.8]
      [Code Root Scanning (ms): Min: 0.0, Avg: 0.0, Max: 0.0, Diff: 0.0, Sum: 0.0]
      [Object Copy (ms): Min: 19.2, Avg: 19.3, Max: 19.4, Diff: 0.1, Sum: 154.5]
      [Termination (ms): Min: 0.0, Avg: 0.0, Max: 0.0, Diff: 0.0, Sum: 0.1]
         [Termination Attempts: Min: 1, Avg: 93.4, Max: 121, Diff: 120, Sum: 747]
      [GC Worker Other (ms): Min: 0.0, Avg: 0.0, Max: 0.0, Diff: 0.0, Sum: 0.2]
      [GC Worker Total (ms): Min: 47.3, Avg: 47.4, Max: 47.4, Diff: 0.2, Sum: 378.9]
      [GC Worker End (ms): Min: 12269.7, Avg: 12269.7, Max: 12269.7, Diff: 0.0]
   [Code Root Fixup: 0.0 ms]
   [Code Root Purge: 0.0 ms]
   [Clear CT: 0.1 ms]
   [Other: 0.6 ms]
      [Choose CSet: 0.0 ms]
      [Ref Proc: 0.2 ms]
      [Ref Enq: 0.0 ms]
      [Redirty Cards: 0.1 ms]
      [Humongous Register: 0.1 ms]
      [Humongous Reclaim: 0.0 ms]
      [Free CSet: 0.0 ms]
   [Eden: 9216.0K(259.0M)->0.0B(316.0M) Survivors: 40.0M->10.0M Heap: 1044.4M(2048.0M)->1046.9M(2048.0M)]
 [Times: user=0.36 sys=0.02, real=0.05 secs] 
2020-09-29T11:29:18.838+0200: 12.271: [GC concurrent-root-region-scan-start]
2020-09-29T11:29:18.840+0200: 12.273: [GC concurrent-root-region-scan-end, 0.0021104 secs]
2020-09-29T11:29:18.840+0200: 12.273: [GC concurrent-mark-start]
2020-09-29T11:29:18.844+0200: 12.276: [GC concurrent-mark-end, 0.0034711 secs]
2020-09-29T11:29:18.844+0200: 12.276: [GC remark 2020-09-29T11:29:18.844+0200: 12.276: [Finalize Marking, 0.0001925 secs] 2020-09-29T11:29:18.844+0200: 12.276: [GC ref-proc, 0.0002804 secs] 2020-09-29T11:29:18.844+0200: 12.277: [Unloading, 0.0004270 secs], 0.0012379 secs]
 [Times: user=0.00 sys=0.00, real=0.00 secs] 
2020-09-29T11:29:18.845+0200: 12.278: [GC cleanup 1060M->32M(2048M), 0.0011159 secs]
 [Times: user=0.00 sys=0.00, real=0.00 secs] 
2020-09-29T11:29:18.847+0200: 12.279: [GC concurrent-cleanup-start]
2020-09-29T11:29:18.848+0200: 12.281: [GC concurrent-cleanup-end, 0.0018544 secs]
2020-09-29T11:29:19.018+0200: 12.450: [GC pause (G1 Evacuation Pause) (young), 0.1702392 secs]
   [Parallel Time: 169.0 ms, GC Workers: 8]
      [GC Worker Start (ms): Min: 12450.2, Avg: 12450.3, Max: 12450.4, Diff: 0.2]
      [Ext Root Scanning (ms): Min: 0.0, Avg: 0.0, Max: 0.2, Diff: 0.2, Sum: 0.4]
      [Update RS (ms): Min: 18.1, Avg: 18.3, Max: 18.5, Diff: 0.5, Sum: 146.1]
         [Processed Buffers: Min: 17, Avg: 18.6, Max: 20, Diff: 3, Sum: 149]
      [Scan RS (ms): Min: 19.6, Avg: 19.8, Max: 19.9, Diff: 0.3, Sum: 158.3]
      [Code Root Scanning (ms): Min: 0.0, Avg: 0.0, Max: 0.0, Diff: 0.0, Sum: 0.0]
      [Object Copy (ms): Min: 130.2, Avg: 130.3, Max: 130.5, Diff: 0.3, Sum: 1042.4]
      [Termination (ms): Min: 0.0, Avg: 0.2, Max: 0.3, Diff: 0.3, Sum: 1.4]
         [Termination Attempts: Min: 1, Avg: 1159.9, Max: 1648, Diff: 1647, Sum: 9279]
      [GC Worker Other (ms): Min: 0.0, Avg: 0.1, Max: 0.1, Diff: 0.1, Sum: 0.5]
      [GC Worker Total (ms): Min: 168.6, Avg: 168.6, Max: 168.8, Diff: 0.2, Sum: 1349.2]
      [GC Worker End (ms): Min: 12618.9, Avg: 12618.9, Max: 12619.0, Diff: 0.1]
   [Code Root Fixup: 0.0 ms]
   [Code Root Purge: 0.0 ms]
   [Clear CT: 0.2 ms]
   [Other: 1.1 ms]
      [Choose CSet: 0.0 ms]
      [Ref Proc: 0.3 ms]
      [Ref Enq: 0.0 ms]
      [Redirty Cards: 0.3 ms]
      [Humongous Register: 0.0 ms]
      [Humongous Reclaim: 0.0 ms]
      [Free CSet: 0.2 ms]
   [Eden: 316.0M(316.0M)->0.0B(290.0M) Survivors: 10.0M->41.0M Heap: 388.9M(2048.0M)->380.9M(2048.0M)]
 [Times: user=1.28 sys=0.03, real=0.17 secs] 
2020-09-29T11:29:19.335+0200: 12.768: [GC pause (G1 Evacuation Pause) (young), 0.1808464 secs]
   [Parallel Time: 179.9 ms, GC Workers: 8]
      [GC Worker Start (ms): Min: 12768.3, Avg: 12768.4, Max: 12768.4, Diff: 0.2]
      [Ext Root Scanning (ms): Min: 0.0, Avg: 0.1, Max: 0.2, Diff: 0.2, Sum: 0.5]
      [Update RS (ms): Min: 16.1, Avg: 16.4, Max: 17.0, Diff: 0.9, Sum: 131.6]
         [Processed Buffers: Min: 15, Avg: 15.6, Max: 16, Diff: 1, Sum: 125]
      [Scan RS (ms): Min: 23.8, Avg: 24.3, Max: 24.8, Diff: 1.0, Sum: 194.6]
      [Code Root Scanning (ms): Min: 0.0, Avg: 0.0, Max: 0.0, Diff: 0.0, Sum: 0.0]
      [Object Copy (ms): Min: 138.5, Avg: 138.6, Max: 138.8, Diff: 0.3, Sum: 1109.2]
      [Termination (ms): Min: 0.0, Avg: 0.1, Max: 0.2, Diff: 0.2, Sum: 1.2]
         [Termination Attempts: Min: 1, Avg: 1107.0, Max: 1406, Diff: 1405, Sum: 8856]
      [GC Worker Other (ms): Min: 0.0, Avg: 0.1, Max: 0.1, Diff: 0.1, Sum: 0.5]
      [GC Worker Total (ms): Min: 179.6, Avg: 179.7, Max: 179.8, Diff: 0.2, Sum: 1437.5]
      [GC Worker End (ms): Min: 12948.0, Avg: 12948.0, Max: 12948.1, Diff: 0.1]
   [Code Root Fixup: 0.0 ms]
   [Code Root Purge: 0.0 ms]
   [Clear CT: 0.2 ms]
   [Other: 0.7 ms]
      [Choose CSet: 0.0 ms]
      [Ref Proc: 0.1 ms]
      [Ref Enq: 0.0 ms]
      [Redirty Cards: 0.2 ms]
      [Humongous Register: 0.0 ms]
      [Humongous Reclaim: 0.0 ms]
      [Free CSet: 0.2 ms]
   [Eden: 290.0M(290.0M)->0.0B(276.0M) Survivors: 41.0M->42.0M Heap: 718.6M(2048.0M)->720.1M(2048.0M)]
 [Times: user=1.27 sys=0.05, real=0.18 secs] 
2020-09-29T11:29:19.654+0200: 13.087: [GC pause (G1 Evacuation Pause) (young), 0.1775161 secs]
   [Parallel Time: 176.6 ms, GC Workers: 8]
      [GC Worker Start (ms): Min: 13087.0, Avg: 13087.0, Max: 13087.1, Diff: 0.1]
      [Ext Root Scanning (ms): Min: 0.0, Avg: 0.1, Max: 0.2, Diff: 0.1, Sum: 0.6]
      [Update RS (ms): Min: 21.0, Avg: 21.2, Max: 21.7, Diff: 0.7, Sum: 169.4]
         [Processed Buffers: Min: 16, Avg: 19.1, Max: 23, Diff: 7, Sum: 153]
      [Scan RS (ms): Min: 20.5, Avg: 21.0, Max: 21.3, Diff: 0.8, Sum: 168.2]
      [Code Root Scanning (ms): Min: 0.0, Avg: 0.0, Max: 0.0, Diff: 0.0, Sum: 0.0]
      [Object Copy (ms): Min: 133.8, Avg: 133.9, Max: 134.1, Diff: 0.3, Sum: 1071.4]
      [Termination (ms): Min: 0.0, Avg: 0.1, Max: 0.2, Diff: 0.2, Sum: 1.0]
         [Termination Attempts: Min: 1, Avg: 861.4, Max: 1134, Diff: 1133, Sum: 6891]
      [GC Worker Other (ms): Min: 0.0, Avg: 0.0, Max: 0.1, Diff: 0.1, Sum: 0.4]
      [GC Worker Total (ms): Min: 176.3, Avg: 176.4, Max: 176.5, Diff: 0.2, Sum: 1411.1]
      [GC Worker End (ms): Min: 13263.4, Avg: 13263.4, Max: 13263.5, Diff: 0.1]
   [Code Root Fixup: 0.0 ms]
   [Code Root Purge: 0.0 ms]
   [Clear CT: 0.1 ms]
   [Other: 0.8 ms]
      [Choose CSet: 0.0 ms]
      [Ref Proc: 0.2 ms]
      [Ref Enq: 0.0 ms]
      [Redirty Cards: 0.2 ms]
      [Humongous Register: 0.0 ms]
      [Humongous Reclaim: 0.0 ms]
      [Free CSet: 0.2 ms]
   [Eden: 276.0M(276.0M)->0.0B(272.0M) Survivors: 42.0M->40.0M Heap: 1043.8M(2048.0M)->1045.3M(2048.0M)]
 [Times: user=1.33 sys=0.06, real=0.18 secs] 
2020-09-29T11:29:19.849+0200: 13.281: [GC pause (G1 Humongous Allocation) (young) (initial-mark), 0.0520839 secs]
   [Parallel Time: 51.2 ms, GC Workers: 8]
      [GC Worker Start (ms): Min: 13281.4, Avg: 13281.5, Max: 13281.5, Diff: 0.1]
      [Ext Root Scanning (ms): Min: 0.0, Avg: 0.1, Max: 0.1, Diff: 0.1, Sum: 0.7]
      [Update RS (ms): Min: 23.2, Avg: 23.3, Max: 23.8, Diff: 0.6, Sum: 186.5]
         [Processed Buffers: Min: 25, Avg: 27.5, Max: 29, Diff: 4, Sum: 220]
      [Scan RS (ms): Min: 2.4, Avg: 3.6, Max: 8.5, Diff: 6.1, Sum: 29.0]
      [Code Root Scanning (ms): Min: 0.0, Avg: 0.0, Max: 0.0, Diff: 0.0, Sum: 0.0]
      [Object Copy (ms): Min: 19.3, Avg: 24.0, Max: 24.8, Diff: 5.5, Sum: 192.3]
      [Termination (ms): Min: 0.0, Avg: 0.0, Max: 0.0, Diff: 0.0, Sum: 0.2]
         [Termination Attempts: Min: 1, Avg: 134.5, Max: 198, Diff: 197, Sum: 1076]
      [GC Worker Other (ms): Min: 0.0, Avg: 0.0, Max: 0.0, Diff: 0.0, Sum: 0.1]
      [GC Worker Total (ms): Min: 51.1, Avg: 51.1, Max: 51.1, Diff: 0.1, Sum: 408.8]
      [GC Worker End (ms): Min: 13332.6, Avg: 13332.6, Max: 13332.6, Diff: 0.0]
   [Code Root Fixup: 0.0 ms]
   [Code Root Purge: 0.0 ms]
   [Clear CT: 0.1 ms]
   [Other: 0.7 ms]
      [Choose CSet: 0.0 ms]
      [Ref Proc: 0.2 ms]
      [Ref Enq: 0.0 ms]
      [Redirty Cards: 0.2 ms]
      [Humongous Register: 0.0 ms]
      [Humongous Reclaim: 0.0 ms]
      [Free CSet: 0.1 ms]
   [Eden: 11.0M(272.0M)->0.0B(304.0M) Survivors: 40.0M->12.0M Heap: 1056.3M(2048.0M)->1058.8M(2048.0M)]
 [Times: user=0.36 sys=0.00, real=0.05 secs] 
2020-09-29T11:29:19.901+0200: 13.333: [GC concurrent-root-region-scan-start]
2020-09-29T11:29:19.904+0200: 13.336: [GC concurrent-root-region-scan-end, 0.0028613 secs]
2020-09-29T11:29:19.904+0200: 13.336: [GC concurrent-mark-start]
2020-09-29T11:29:19.907+0200: 13.339: [GC concurrent-mark-end, 0.0028009 secs]
2020-09-29T11:29:19.907+0200: 13.339: [GC remark 2020-09-29T11:29:19.907+0200: 13.339: [Finalize Marking, 0.0001281 secs] 2020-09-29T11:29:19.907+0200: 13.340: [GC ref-proc, 0.0003518 secs] 2020-09-29T11:29:19.907+0200: 13.340: [Unloading, 0.0005837 secs], 0.0014599 secs]
 [Times: user=0.00 sys=0.00, real=0.00 secs] 
2020-09-29T11:29:19.909+0200: 13.341: [GC cleanup 1072M->35M(2048M), 0.0014538 secs]
 [Times: user=0.00 sys=0.00, real=0.00 secs] 
2020-09-29T11:29:19.910+0200: 13.343: [GC concurrent-cleanup-start]
2020-09-29T11:29:19.912+0200: 13.345: [GC concurrent-cleanup-end, 0.0021266 secs]
2020-09-29T11:29:20.073+0200: 13.505: [GC pause (G1 Evacuation Pause) (young), 0.1576098 secs]
   [Parallel Time: 156.7 ms, GC Workers: 8]
      [GC Worker Start (ms): Min: 13505.6, Avg: 13505.7, Max: 13505.7, Diff: 0.1]
      [Ext Root Scanning (ms): Min: 0.0, Avg: 0.1, Max: 0.1, Diff: 0.1, Sum: 0.6]
      [Update RS (ms): Min: 14.0, Avg: 14.2, Max: 14.5, Diff: 0.5, Sum: 113.7]
         [Processed Buffers: Min: 13, Avg: 14.5, Max: 16, Diff: 3, Sum: 116]
      [Scan RS (ms): Min: 20.6, Avg: 21.0, Max: 21.2, Diff: 0.6, Sum: 167.8]
      [Code Root Scanning (ms): Min: 0.0, Avg: 0.0, Max: 0.0, Diff: 0.0, Sum: 0.0]
      [Object Copy (ms): Min: 121.1, Avg: 121.1, Max: 121.2, Diff: 0.2, Sum: 969.1]
      [Termination (ms): Min: 0.0, Avg: 0.1, Max: 0.2, Diff: 0.2, Sum: 0.8]
         [Termination Attempts: Min: 1, Avg: 627.1, Max: 905, Diff: 904, Sum: 5017]
      [GC Worker Other (ms): Min: 0.0, Avg: 0.0, Max: 0.1, Diff: 0.1, Sum: 0.4]
      [GC Worker Total (ms): Min: 156.5, Avg: 156.5, Max: 156.6, Diff: 0.2, Sum: 1252.3]
      [GC Worker End (ms): Min: 13662.2, Avg: 13662.2, Max: 13662.2, Diff: 0.1]
   [Code Root Fixup: 0.0 ms]
   [Code Root Purge: 0.0 ms]
   [Clear CT: 0.1 ms]
   [Other: 0.7 ms]
      [Choose CSet: 0.0 ms]
      [Ref Proc: 0.1 ms]
      [Ref Enq: 0.0 ms]
      [Redirty Cards: 0.2 ms]
      [Humongous Register: 0.0 ms]
      [Humongous Reclaim: 0.0 ms]
      [Free CSet: 0.2 ms]
   [Eden: 304.0M(304.0M)->0.0B(287.0M) Survivors: 12.0M->40.0M Heap: 377.5M(2048.0M)->367.5M(2048.0M)]
 [Times: user=1.22 sys=0.03, real=0.16 secs] 
2020-09-29T11:29:20.386+0200: 13.818: [GC pause (G1 Evacuation Pause) (young), 0.1834536 secs]
   [Parallel Time: 182.5 ms, GC Workers: 8]
      [GC Worker Start (ms): Min: 13818.3, Avg: 13818.4, Max: 13818.5, Diff: 0.2]
      [Ext Root Scanning (ms): Min: 0.0, Avg: 0.1, Max: 0.1, Diff: 0.1, Sum: 0.4]
      [Update RS (ms): Min: 15.9, Avg: 16.1, Max: 16.7, Diff: 0.8, Sum: 128.9]
         [Processed Buffers: Min: 15, Avg: 16.4, Max: 19, Diff: 4, Sum: 131]
      [Scan RS (ms): Min: 21.4, Avg: 21.9, Max: 22.2, Diff: 0.8, Sum: 175.1]
      [Code Root Scanning (ms): Min: 0.0, Avg: 0.0, Max: 0.0, Diff: 0.0, Sum: 0.0]
      [Object Copy (ms): Min: 144.0, Avg: 144.1, Max: 144.1, Diff: 0.2, Sum: 1152.5]
      [Termination (ms): Min: 0.0, Avg: 0.1, Max: 0.1, Diff: 0.1, Sum: 0.7]
         [Termination Attempts: Min: 1, Avg: 684.0, Max: 839, Diff: 838, Sum: 5472]
      [GC Worker Other (ms): Min: 0.0, Avg: 0.0, Max: 0.1, Diff: 0.1, Sum: 0.3]
      [GC Worker Total (ms): Min: 182.2, Avg: 182.3, Max: 182.4, Diff: 0.2, Sum: 1458.2]
      [GC Worker End (ms): Min: 14000.7, Avg: 14000.7, Max: 14000.7, Diff: 0.1]
   [Code Root Fixup: 0.0 ms]
   [Code Root Purge: 0.0 ms]
   [Clear CT: 0.2 ms]
   [Other: 0.8 ms]
      [Choose CSet: 0.0 ms]
      [Ref Proc: 0.2 ms]
      [Ref Enq: 0.0 ms]
      [Redirty Cards: 0.2 ms]
      [Humongous Register: 0.0 ms]
      [Humongous Reclaim: 0.0 ms]
      [Free CSet: 0.2 ms]
   [Eden: 287.0M(287.0M)->0.0B(275.0M) Survivors: 40.0M->41.0M Heap: 702.2M(2048.0M)->704.7M(2048.0M)]
 [Times: user=1.44 sys=0.03, real=0.18 secs] 
2020-09-29T11:29:20.720+0200: 14.153: [GC pause (G1 Evacuation Pause) (young), 0.1891097 secs]
   [Parallel Time: 188.1 ms, GC Workers: 8]
      [GC Worker Start (ms): Min: 14153.3, Avg: 14153.4, Max: 14153.4, Diff: 0.2]
      [Ext Root Scanning (ms): Min: 0.0, Avg: 0.1, Max: 0.2, Diff: 0.2, Sum: 0.5]
      [Update RS (ms): Min: 21.4, Avg: 21.8, Max: 22.2, Diff: 0.8, Sum: 174.2]
         [Processed Buffers: Min: 16, Avg: 20.5, Max: 23, Diff: 7, Sum: 164]
      [Scan RS (ms): Min: 18.1, Avg: 18.6, Max: 18.9, Diff: 0.8, Sum: 148.6]
      [Code Root Scanning (ms): Min: 0.0, Avg: 0.0, Max: 0.0, Diff: 0.0, Sum: 0.0]
      [Object Copy (ms): Min: 147.2, Avg: 147.3, Max: 147.5, Diff: 0.2, Sum: 1178.7]
      [Termination (ms): Min: 0.0, Avg: 0.2, Max: 0.2, Diff: 0.2, Sum: 1.4]
         [Termination Attempts: Min: 1, Avg: 1298.6, Max: 1590, Diff: 1589, Sum: 10389]
      [GC Worker Other (ms): Min: 0.0, Avg: 0.0, Max: 0.1, Diff: 0.0, Sum: 0.3]
      [GC Worker Total (ms): Min: 187.9, Avg: 188.0, Max: 188.1, Diff: 0.2, Sum: 1503.7]
      [GC Worker End (ms): Min: 14341.3, Avg: 14341.3, Max: 14341.4, Diff: 0.0]
   [Code Root Fixup: 0.0 ms]
   [Code Root Purge: 0.0 ms]
   [Clear CT: 0.2 ms]
   [Other: 0.8 ms]
      [Choose CSet: 0.0 ms]
      [Ref Proc: 0.1 ms]
      [Ref Enq: 0.0 ms]
      [Redirty Cards: 0.2 ms]
      [Humongous Register: 0.0 ms]
      [Humongous Reclaim: 0.0 ms]
      [Free CSet: 0.2 ms]
   [Eden: 275.0M(275.0M)->0.0B(263.0M) Survivors: 41.0M->40.0M Heap: 1025.5M(2048.0M)->1027.5M(2048.0M)]
 [Times: user=1.41 sys=0.05, real=0.19 secs] 
2020-09-29T11:29:20.925+0200: 14.358: [GC pause (G1 Humongous Allocation) (young) (initial-mark), 0.0456453 secs]
   [Parallel Time: 44.8 ms, GC Workers: 8]
      [GC Worker Start (ms): Min: 14358.0, Avg: 14358.0, Max: 14358.0, Diff: 0.1]
      [Ext Root Scanning (ms): Min: 0.0, Avg: 0.1, Max: 0.1, Diff: 0.1, Sum: 0.7]
      [Update RS (ms): Min: 23.5, Avg: 23.7, Max: 24.2, Diff: 0.7, Sum: 189.7]
         [Processed Buffers: Min: 25, Avg: 27.3, Max: 29, Diff: 4, Sum: 218]
      [Scan RS (ms): Min: 2.3, Avg: 2.8, Max: 3.0, Diff: 0.7, Sum: 22.3]
      [Code Root Scanning (ms): Min: 0.0, Avg: 0.0, Max: 0.0, Diff: 0.0, Sum: 0.0]
      [Object Copy (ms): Min: 18.0, Avg: 18.1, Max: 18.1, Diff: 0.1, Sum: 144.4]
      [Termination (ms): Min: 0.0, Avg: 0.0, Max: 0.0, Diff: 0.0, Sum: 0.0]
         [Termination Attempts: Min: 1, Avg: 11.4, Max: 17, Diff: 16, Sum: 91]
      [GC Worker Other (ms): Min: 0.0, Avg: 0.0, Max: 0.0, Diff: 0.0, Sum: 0.1]
      [GC Worker Total (ms): Min: 44.6, Avg: 44.7, Max: 44.7, Diff: 0.1, Sum: 357.3]
      [GC Worker End (ms): Min: 14402.7, Avg: 14402.7, Max: 14402.7, Diff: 0.0]
   [Code Root Fixup: 0.0 ms]
   [Code Root Purge: 0.0 ms]
   [Clear CT: 0.2 ms]
   [Other: 0.7 ms]
      [Choose CSet: 0.0 ms]
      [Ref Proc: 0.2 ms]
      [Ref Enq: 0.0 ms]
      [Redirty Cards: 0.2 ms]
      [Humongous Register: 0.0 ms]
      [Humongous Reclaim: 0.0 ms]
      [Free CSet: 0.1 ms]
   [Eden: 4096.0K(263.0M)->0.0B(320.0M) Survivors: 40.0M->6144.0K Heap: 1031.5M(2048.0M)->1035.0M(2048.0M)]
 [Times: user=0.38 sys=0.00, real=0.05 secs] 
2020-09-29T11:29:20.971+0200: 14.404: [GC concurrent-root-region-scan-start]
2020-09-29T11:29:20.972+0200: 14.405: [GC concurrent-root-region-scan-end, 0.0010849 secs]
2020-09-29T11:29:20.972+0200: 14.405: [GC concurrent-mark-start]
2020-09-29T11:29:20.976+0200: 14.408: [GC concurrent-mark-end, 0.0035759 secs]
2020-09-29T11:29:20.976+0200: 14.408: [GC remark 2020-09-29T11:29:20.976+0200: 14.408: [Finalize Marking, 0.0002118 secs] 2020-09-29T11:29:20.976+0200: 14.409: [GC ref-proc, 0.0002907 secs] 2020-09-29T11:29:20.976+0200: 14.409: [Unloading, 0.0004798 secs], 0.0013275 secs]
 [Times: user=0.00 sys=0.00, real=0.00 secs] 
2020-09-29T11:29:20.977+0200: 14.410: [GC cleanup 1045M->26M(2048M), 0.0012025 secs]
 [Times: user=0.00 sys=0.00, real=0.00 secs] 
2020-09-29T11:29:20.979+0200: 14.411: [GC concurrent-cleanup-start]
2020-09-29T11:29:20.980+0200: 14.413: [GC concurrent-cleanup-end, 0.0015743 secs]
2020-09-29T11:29:21.148+0200: 14.581: [GC pause (G1 Evacuation Pause) (young), 0.1707677 secs]
   [Parallel Time: 169.7 ms, GC Workers: 8]
      [GC Worker Start (ms): Min: 14581.1, Avg: 14581.2, Max: 14581.3, Diff: 0.2]
      [Ext Root Scanning (ms): Min: 0.0, Avg: 0.1, Max: 0.2, Diff: 0.2, Sum: 0.6]
      [Update RS (ms): Min: 13.5, Avg: 13.8, Max: 14.3, Diff: 0.7, Sum: 110.5]
         [Processed Buffers: Min: 13, Avg: 13.3, Max: 14, Diff: 1, Sum: 106]
      [Scan RS (ms): Min: 22.0, Avg: 22.5, Max: 22.7, Diff: 0.7, Sum: 179.8]
      [Code Root Scanning (ms): Min: 0.0, Avg: 0.0, Max: 0.0, Diff: 0.0, Sum: 0.0]
      [Object Copy (ms): Min: 132.7, Avg: 132.8, Max: 133.0, Diff: 0.3, Sum: 1062.7]
      [Termination (ms): Min: 0.0, Avg: 0.2, Max: 0.2, Diff: 0.2, Sum: 1.2]
         [Termination Attempts: Min: 1, Avg: 921.9, Max: 1220, Diff: 1219, Sum: 7375]
      [GC Worker Other (ms): Min: 0.0, Avg: 0.0, Max: 0.1, Diff: 0.1, Sum: 0.4]
      [GC Worker Total (ms): Min: 169.3, Avg: 169.4, Max: 169.5, Diff: 0.2, Sum: 1355.2]
      [GC Worker End (ms): Min: 14750.6, Avg: 14750.6, Max: 14750.7, Diff: 0.1]
   [Code Root Fixup: 0.0 ms]
   [Code Root Purge: 0.0 ms]
   [Clear CT: 0.2 ms]
   [Other: 0.9 ms]
      [Choose CSet: 0.0 ms]
      [Ref Proc: 0.2 ms]
      [Ref Enq: 0.0 ms]
      [Redirty Cards: 0.2 ms]
      [Humongous Register: 0.0 ms]
      [Humongous Reclaim: 0.0 ms]
      [Free CSet: 0.2 ms]
   [Eden: 320.0M(320.0M)->0.0B(287.0M) Survivors: 6144.0K->41.0M Heap: 389.4M(2048.0M)->384.9M(2048.0M)]
 [Times: user=1.28 sys=0.08, real=0.17 secs] 
2020-09-29T11:29:21.482+0200: 14.915: [GC pause (G1 Evacuation Pause) (young), 0.2042232 secs]
   [Parallel Time: 203.0 ms, GC Workers: 8]
      [GC Worker Start (ms): Min: 14914.6, Avg: 14914.7, Max: 14914.8, Diff: 0.2]
      [Ext Root Scanning (ms): Min: 0.0, Avg: 0.1, Max: 0.2, Diff: 0.2, Sum: 0.5]
      [Update RS (ms): Min: 19.1, Avg: 20.0, Max: 24.3, Diff: 5.1, Sum: 159.9]
         [Processed Buffers: Min: 6, Avg: 16.6, Max: 21, Diff: 15, Sum: 133]
      [Scan RS (ms): Min: 20.6, Avg: 24.9, Max: 25.9, Diff: 5.3, Sum: 199.5]
      [Code Root Scanning (ms): Min: 0.0, Avg: 0.0, Max: 0.0, Diff: 0.0, Sum: 0.0]
      [Object Copy (ms): Min: 157.3, Avg: 157.5, Max: 157.8, Diff: 0.5, Sum: 1260.3]
      [Termination (ms): Min: 0.0, Avg: 0.2, Max: 0.3, Diff: 0.3, Sum: 2.0]
         [Termination Attempts: Min: 1, Avg: 1692.8, Max: 2137, Diff: 2136, Sum: 13542]
      [GC Worker Other (ms): Min: 0.0, Avg: 0.0, Max: 0.1, Diff: 0.1, Sum: 0.3]
      [GC Worker Total (ms): Min: 202.7, Avg: 202.8, Max: 203.0, Diff: 0.2, Sum: 1622.5]
      [GC Worker End (ms): Min: 15117.5, Avg: 15117.6, Max: 15117.6, Diff: 0.1]
   [Code Root Fixup: 0.0 ms]
   [Code Root Purge: 0.0 ms]
   [Clear CT: 0.2 ms]
   [Other: 1.0 ms]
      [Choose CSet: 0.0 ms]
      [Ref Proc: 0.2 ms]
      [Ref Enq: 0.0 ms]
      [Redirty Cards: 0.2 ms]
      [Humongous Register: 0.0 ms]
      [Humongous Reclaim: 0.0 ms]
      [Free CSet: 0.3 ms]
   [Eden: 287.0M(287.0M)->0.0B(255.0M) Survivors: 41.0M->41.0M Heap: 721.5M(2048.0M)->723.5M(2048.0M)]
 [Times: user=1.50 sys=0.05, real=0.20 secs] 
2020-09-29T11:29:21.854+0200: 15.286: [GC pause (G1 Evacuation Pause) (young), 0.1786691 secs]
   [Parallel Time: 177.8 ms, GC Workers: 8]
      [GC Worker Start (ms): Min: 15286.3, Avg: 15286.4, Max: 15287.0, Diff: 0.6]
      [Ext Root Scanning (ms): Min: 0.0, Avg: 0.1, Max: 0.2, Diff: 0.2, Sum: 0.9]
      [Update RS (ms): Min: 25.4, Avg: 25.9, Max: 26.6, Diff: 1.2, Sum: 207.0]
         [Processed Buffers: Min: 14, Avg: 19.9, Max: 24, Diff: 10, Sum: 159]
      [Scan RS (ms): Min: 18.7, Avg: 21.7, Max: 38.0, Diff: 19.3, Sum: 173.5]
      [Code Root Scanning (ms): Min: 0.0, Avg: 0.0, Max: 0.0, Diff: 0.0, Sum: 0.0]
      [Object Copy (ms): Min: 113.5, Avg: 129.7, Max: 132.1, Diff: 18.7, Sum: 1037.8]
      [Termination (ms): Min: 0.0, Avg: 0.0, Max: 0.1, Diff: 0.1, Sum: 0.4]
         [Termination Attempts: Min: 1, Avg: 326.1, Max: 396, Diff: 395, Sum: 2609]
      [GC Worker Other (ms): Min: 0.0, Avg: 0.0, Max: 0.1, Diff: 0.1, Sum: 0.4]
      [GC Worker Total (ms): Min: 177.0, Avg: 177.5, Max: 177.6, Diff: 0.7, Sum: 1420.0]
      [GC Worker End (ms): Min: 15463.9, Avg: 15463.9, Max: 15464.0, Diff: 0.1]
   [Code Root Fixup: 0.0 ms]
   [Code Root Purge: 0.0 ms]
   [Clear CT: 0.1 ms]
   [Other: 0.8 ms]
      [Choose CSet: 0.0 ms]
      [Ref Proc: 0.2 ms]
      [Ref Enq: 0.0 ms]
      [Redirty Cards: 0.2 ms]
      [Humongous Register: 0.0 ms]
      [Humongous Reclaim: 0.0 ms]
      [Free CSet: 0.2 ms]
   [Eden: 255.0M(255.0M)->0.0B(248.0M) Survivors: 41.0M->37.0M Heap: 1020.5M(2048.0M)->1022.5M(2048.0M)]
 [Times: user=1.24 sys=0.08, real=0.18 secs] 
2020-09-29T11:29:22.054+0200: 15.487: [GC pause (G1 Humongous Allocation) (young) (initial-mark), 0.0431939 secs]
   [Parallel Time: 42.1 ms, GC Workers: 8]
      [GC Worker Start (ms): Min: 15487.3, Avg: 15487.4, Max: 15487.5, Diff: 0.2]
      [Ext Root Scanning (ms): Min: 0.0, Avg: 0.2, Max: 0.9, Diff: 0.9, Sum: 1.8]
      [Update RS (ms): Min: 19.7, Avg: 20.4, Max: 20.9, Diff: 1.2, Sum: 163.5]
         [Processed Buffers: Min: 21, Avg: 23.0, Max: 24, Diff: 3, Sum: 184]
      [Scan RS (ms): Min: 2.3, Avg: 2.8, Max: 3.2, Diff: 0.9, Sum: 22.1]
      [Code Root Scanning (ms): Min: 0.0, Avg: 0.0, Max: 0.0, Diff: 0.0, Sum: 0.0]
      [Object Copy (ms): Min: 18.4, Avg: 18.4, Max: 18.5, Diff: 0.1, Sum: 147.5]
      [Termination (ms): Min: 0.0, Avg: 0.0, Max: 0.0, Diff: 0.0, Sum: 0.0]
         [Termination Attempts: Min: 1, Avg: 30.4, Max: 51, Diff: 50, Sum: 243]
      [GC Worker Other (ms): Min: 0.0, Avg: 0.0, Max: 0.0, Diff: 0.0, Sum: 0.2]
      [GC Worker Total (ms): Min: 41.8, Avg: 41.9, Max: 42.0, Diff: 0.2, Sum: 335.1]
      [GC Worker End (ms): Min: 15529.3, Avg: 15529.3, Max: 15529.3, Diff: 0.0]
   [Code Root Fixup: 0.0 ms]
   [Code Root Purge: 0.0 ms]
   [Clear CT: 0.2 ms]
   [Other: 0.9 ms]
      [Choose CSet: 0.0 ms]
      [Ref Proc: 0.3 ms]
      [Ref Enq: 0.0 ms]
      [Redirty Cards: 0.1 ms]
      [Humongous Register: 0.1 ms]
      [Humongous Reclaim: 0.0 ms]
      [Free CSet: 0.1 ms]
   [Eden: 8192.0K(248.0M)->0.0B(307.0M) Survivors: 37.0M->10.0M Heap: 1030.5M(2048.0M)->1034.5M(2048.0M)]
 [Times: user=0.27 sys=0.00, real=0.04 secs] 
2020-09-29T11:29:22.098+0200: 15.530: [GC concurrent-root-region-scan-start]
2020-09-29T11:29:22.101+0200: 15.533: [GC concurrent-root-region-scan-end, 0.0027593 secs]
2020-09-29T11:29:22.101+0200: 15.533: [GC concurrent-mark-start]
2020-09-29T11:29:22.104+0200: 15.536: [GC concurrent-mark-end, 0.0030887 secs]
2020-09-29T11:29:22.104+0200: 15.537: [GC remark 2020-09-29T11:29:22.104+0200: 15.537: [Finalize Marking, 0.0002328 secs] 2020-09-29T11:29:22.104+0200: 15.537: [GC ref-proc, 0.0002941 secs] 2020-09-29T11:29:22.105+0200: 15.537: [Unloading, 0.0005354 secs], 0.0014524 secs]
 [Times: user=0.00 sys=0.00, real=0.00 secs] 
2020-09-29T11:29:22.106+0200: 15.538: [GC cleanup 1047M->32M(2048M), 0.0012670 secs]
 [Times: user=0.00 sys=0.00, real=0.00 secs] 
2020-09-29T11:29:22.107+0200: 15.540: [GC concurrent-cleanup-start]
2020-09-29T11:29:22.109+0200: 15.542: [GC concurrent-cleanup-end, 0.0021462 secs]
2020-09-29T11:29:22.277+0200: 15.709: [GC pause (G1 Evacuation Pause) (young), 0.1754149 secs]
   [Parallel Time: 174.5 ms, GC Workers: 8]
      [GC Worker Start (ms): Min: 15709.5, Avg: 15709.6, Max: 15709.7, Diff: 0.2]
      [Ext Root Scanning (ms): Min: 0.0, Avg: 0.1, Max: 0.1, Diff: 0.1, Sum: 0.4]
      [Update RS (ms): Min: 13.9, Avg: 14.4, Max: 14.9, Diff: 1.0, Sum: 115.6]
         [Processed Buffers: Min: 13, Avg: 14.1, Max: 16, Diff: 3, Sum: 113]
      [Scan RS (ms): Min: 21.8, Avg: 22.2, Max: 22.8, Diff: 1.0, Sum: 177.8]
      [Code Root Scanning (ms): Min: 0.0, Avg: 0.0, Max: 0.0, Diff: 0.0, Sum: 0.0]
      [Object Copy (ms): Min: 137.2, Avg: 137.3, Max: 137.5, Diff: 0.3, Sum: 1098.7]
      [Termination (ms): Min: 0.0, Avg: 0.1, Max: 0.2, Diff: 0.2, Sum: 1.0]
         [Termination Attempts: Min: 1, Avg: 744.0, Max: 952, Diff: 951, Sum: 5952]
      [GC Worker Other (ms): Min: 0.0, Avg: 0.0, Max: 0.1, Diff: 0.1, Sum: 0.3]
      [GC Worker Total (ms): Min: 174.2, Avg: 174.2, Max: 174.3, Diff: 0.1, Sum: 1393.8]
      [GC Worker End (ms): Min: 15883.8, Avg: 15883.8, Max: 15883.8, Diff: 0.1]
   [Code Root Fixup: 0.0 ms]
   [Code Root Purge: 0.0 ms]
   [Clear CT: 0.2 ms]
   [Other: 0.8 ms]
      [Choose CSet: 0.0 ms]
      [Ref Proc: 0.2 ms]
      [Ref Enq: 0.0 ms]
      [Redirty Cards: 0.2 ms]
      [Humongous Register: 0.0 ms]
      [Humongous Reclaim: 0.0 ms]
      [Free CSet: 0.2 ms]
   [Eden: 307.0M(307.0M)->0.0B(275.0M) Survivors: 10.0M->40.0M Heap: 378.0M(2048.0M)->370.5M(2048.0M)]
 [Times: user=1.28 sys=0.01, real=0.18 secs] 
2020-09-29T11:29:22.610+0200: 16.042: [GC pause (G1 Evacuation Pause) (young), 0.1728024 secs]
   [Parallel Time: 171.2 ms, GC Workers: 8]
      [GC Worker Start (ms): Min: 16042.1, Avg: 16042.2, Max: 16042.2, Diff: 0.2]
      [Ext Root Scanning (ms): Min: 0.0, Avg: 0.1, Max: 0.2, Diff: 0.2, Sum: 0.6]
      [Update RS (ms): Min: 16.2, Avg: 16.6, Max: 16.9, Diff: 0.7, Sum: 132.4]
         [Processed Buffers: Min: 14, Avg: 15.0, Max: 16, Diff: 2, Sum: 120]
      [Scan RS (ms): Min: 23.3, Avg: 23.9, Max: 24.3, Diff: 0.9, Sum: 190.8]
      [Code Root Scanning (ms): Min: 0.0, Avg: 0.0, Max: 0.0, Diff: 0.0, Sum: 0.0]
      [Object Copy (ms): Min: 130.4, Avg: 130.4, Max: 130.6, Diff: 0.2, Sum: 1043.6]
      [Termination (ms): Min: 0.0, Avg: 0.0, Max: 0.0, Diff: 0.0, Sum: 0.1]
         [Termination Attempts: Min: 1, Avg: 68.6, Max: 98, Diff: 97, Sum: 549]
      [GC Worker Other (ms): Min: 0.0, Avg: 0.0, Max: 0.1, Diff: 0.0, Sum: 0.3]
      [GC Worker Total (ms): Min: 170.9, Avg: 171.0, Max: 171.1, Diff: 0.2, Sum: 1367.8]
      [GC Worker End (ms): Min: 16213.1, Avg: 16213.1, Max: 16213.2, Diff: 0.0]
   [Code Root Fixup: 0.0 ms]
   [Code Root Purge: 0.0 ms]
   [Clear CT: 0.5 ms]
   [Other: 1.0 ms]
      [Choose CSet: 0.0 ms]
      [Ref Proc: 0.1 ms]
      [Ref Enq: 0.0 ms]
      [Redirty Cards: 0.5 ms]
      [Humongous Register: 0.0 ms]
      [Humongous Reclaim: 0.0 ms]
      [Free CSet: 0.2 ms]
   [Eden: 275.0M(275.0M)->0.0B(268.0M) Survivors: 40.0M->40.0M Heap: 691.3M(2048.0M)->692.8M(2048.0M)]
 [Times: user=1.20 sys=0.08, real=0.17 secs] 
2020-09-29T11:29:22.937+0200: 16.369: [GC pause (G1 Evacuation Pause) (young), 0.1765323 secs]
   [Parallel Time: 175.7 ms, GC Workers: 8]
      [GC Worker Start (ms): Min: 16369.1, Avg: 16369.1, Max: 16369.2, Diff: 0.1]
      [Ext Root Scanning (ms): Min: 0.0, Avg: 0.1, Max: 0.1, Diff: 0.1, Sum: 0.5]
      [Update RS (ms): Min: 19.0, Avg: 19.2, Max: 19.9, Diff: 0.9, Sum: 153.5]
         [Processed Buffers: Min: 15, Avg: 17.3, Max: 21, Diff: 6, Sum: 138]
      [Scan RS (ms): Min: 22.6, Avg: 23.3, Max: 23.6, Diff: 1.1, Sum: 186.4]
      [Code Root Scanning (ms): Min: 0.0, Avg: 0.0, Max: 0.0, Diff: 0.0, Sum: 0.0]
      [Object Copy (ms): Min: 132.4, Avg: 132.6, Max: 132.8, Diff: 0.3, Sum: 1061.0]
      [Termination (ms): Min: 0.0, Avg: 0.2, Max: 0.3, Diff: 0.3, Sum: 1.9]
         [Termination Attempts: Min: 1, Avg: 1582.0, Max: 1975, Diff: 1974, Sum: 12656]
      [GC Worker Other (ms): Min: 0.0, Avg: 0.0, Max: 0.1, Diff: 0.1, Sum: 0.3]
      [GC Worker Total (ms): Min: 175.4, Avg: 175.4, Max: 175.5, Diff: 0.1, Sum: 1403.6]
      [GC Worker End (ms): Min: 16544.6, Avg: 16544.6, Max: 16544.6, Diff: 0.1]
   [Code Root Fixup: 0.0 ms]
   [Code Root Purge: 0.0 ms]
   [Clear CT: 0.1 ms]
   [Other: 0.7 ms]
      [Choose CSet: 0.0 ms]
      [Ref Proc: 0.2 ms]
      [Ref Enq: 0.0 ms]
      [Redirty Cards: 0.2 ms]
      [Humongous Register: 0.0 ms]
      [Humongous Reclaim: 0.0 ms]
      [Free CSet: 0.2 ms]
   [Eden: 268.0M(268.0M)->0.0B(263.0M) Survivors: 40.0M->39.0M Heap: 1006.6M(2048.0M)->1008.1M(2048.0M)]
 [Times: user=1.26 sys=0.09, real=0.18 secs] 
2020-09-29T11:29:23.125+0200: 16.557: [GC pause (G1 Humongous Allocation) (young) (initial-mark), 0.0527533 secs]
   [Parallel Time: 52.0 ms, GC Workers: 8]
      [GC Worker Start (ms): Min: 16557.6, Avg: 16557.6, Max: 16557.7, Diff: 0.1]
      [Ext Root Scanning (ms): Min: 0.0, Avg: 0.1, Max: 0.2, Diff: 0.2, Sum: 1.0]
      [Update RS (ms): Min: 28.6, Avg: 29.0, Max: 29.2, Diff: 0.6, Sum: 231.6]
         [Processed Buffers: Min: 31, Avg: 34.3, Max: 37, Diff: 6, Sum: 274]
      [Scan RS (ms): Min: 2.5, Avg: 2.7, Max: 3.1, Diff: 0.6, Sum: 21.8]
      [Code Root Scanning (ms): Min: 0.0, Avg: 0.0, Max: 0.0, Diff: 0.0, Sum: 0.0]
      [Object Copy (ms): Min: 19.9, Avg: 20.0, Max: 20.1, Diff: 0.2, Sum: 160.3]
      [Termination (ms): Min: 0.0, Avg: 0.0, Max: 0.0, Diff: 0.0, Sum: 0.1]
         [Termination Attempts: Min: 1, Avg: 42.8, Max: 63, Diff: 62, Sum: 342]
      [GC Worker Other (ms): Min: 0.0, Avg: 0.0, Max: 0.1, Diff: 0.0, Sum: 0.3]
      [GC Worker Total (ms): Min: 51.8, Avg: 51.9, Max: 51.9, Diff: 0.1, Sum: 415.1]
      [GC Worker End (ms): Min: 16609.5, Avg: 16609.5, Max: 16609.5, Diff: 0.0]
   [Code Root Fixup: 0.0 ms]
   [Code Root Purge: 0.0 ms]
   [Clear CT: 0.1 ms]
   [Other: 0.6 ms]
      [Choose CSet: 0.0 ms]
      [Ref Proc: 0.2 ms]
      [Ref Enq: 0.0 ms]
      [Redirty Cards: 0.1 ms]
      [Humongous Register: 0.0 ms]
      [Humongous Reclaim: 0.0 ms]
      [Free CSet: 0.1 ms]
   [Eden: 9216.0K(263.0M)->0.0B(306.0M) Survivors: 39.0M->11.0M Heap: 1016.6M(2048.0M)->1021.1M(2048.0M)]
 [Times: user=0.50 sys=0.00, real=0.05 secs] 
2020-09-29T11:29:23.178+0200: 16.610: [GC concurrent-root-region-scan-start]
2020-09-29T11:29:23.181+0200: 16.613: [GC concurrent-root-region-scan-end, 0.0025403 secs]
2020-09-29T11:29:23.181+0200: 16.613: [GC concurrent-mark-start]
2020-09-29T11:29:23.183+0200: 16.615: [GC concurrent-mark-end, 0.0025493 secs]
2020-09-29T11:29:23.183+0200: 16.616: [GC remark 2020-09-29T11:29:23.184+0200: 16.616: [Finalize Marking, 0.0001816 secs] 2020-09-29T11:29:23.184+0200: 16.616: [GC ref-proc, 0.0003115 secs] 2020-09-29T11:29:23.184+0200: 16.616: [Unloading, 0.0004260 secs], 0.0012550 secs]
 [Times: user=0.00 sys=0.00, real=0.00 secs] 
2020-09-29T11:29:23.185+0200: 16.617: [GC cleanup 1032M->32M(2048M), 0.0011750 secs]
 [Times: user=0.00 sys=0.00, real=0.00 secs] 
2020-09-29T11:29:23.186+0200: 16.619: [GC concurrent-cleanup-start]
2020-09-29T11:29:23.188+0200: 16.620: [GC concurrent-cleanup-end, 0.0014037 secs]
2020-09-29T11:29:23.339+0200: 16.772: [GC pause (G1 Evacuation Pause) (young), 0.1698029 secs]
   [Parallel Time: 168.9 ms, GC Workers: 8]
      [GC Worker Start (ms): Min: 16771.8, Avg: 16771.9, Max: 16772.0, Diff: 0.2]
      [Ext Root Scanning (ms): Min: 0.0, Avg: 0.0, Max: 0.2, Diff: 0.2, Sum: 0.4]
      [Update RS (ms): Min: 16.4, Avg: 16.8, Max: 17.2, Diff: 0.8, Sum: 134.1]
         [Processed Buffers: Min: 17, Avg: 17.4, Max: 18, Diff: 1, Sum: 139]
      [Scan RS (ms): Min: 18.9, Avg: 20.4, Max: 27.4, Diff: 8.5, Sum: 163.2]
      [Code Root Scanning (ms): Min: 0.0, Avg: 0.0, Max: 0.0, Diff: 0.0, Sum: 0.0]
      [Object Copy (ms): Min: 123.9, Avg: 131.3, Max: 132.4, Diff: 8.4, Sum: 1050.1]
      [Termination (ms): Min: 0.0, Avg: 0.1, Max: 0.1, Diff: 0.1, Sum: 0.4]
         [Termination Attempts: Min: 1, Avg: 341.0, Max: 431, Diff: 430, Sum: 2728]
      [GC Worker Other (ms): Min: 0.0, Avg: 0.1, Max: 0.1, Diff: 0.1, Sum: 0.4]
      [GC Worker Total (ms): Min: 168.5, Avg: 168.6, Max: 168.7, Diff: 0.2, Sum: 1348.7]
      [GC Worker End (ms): Min: 16940.5, Avg: 16940.5, Max: 16940.6, Diff: 0.1]
   [Code Root Fixup: 0.0 ms]
   [Code Root Purge: 0.0 ms]
   [Clear CT: 0.2 ms]
   [Other: 0.8 ms]
      [Choose CSet: 0.0 ms]
      [Ref Proc: 0.1 ms]
      [Ref Enq: 0.0 ms]
      [Redirty Cards: 0.2 ms]
      [Humongous Register: 0.0 ms]
      [Humongous Reclaim: 0.0 ms]
      [Free CSet: 0.2 ms]
   [Eden: 306.0M(306.0M)->0.0B(281.0M) Survivors: 11.0M->40.0M Heap: 378.0M(2048.0M)->369.5M(2048.0M)]
 [Times: user=1.28 sys=0.03, real=0.17 secs] 
2020-09-29T11:29:23.666+0200: 17.098: [GC pause (G1 Evacuation Pause) (young), 0.1789414 secs]
   [Parallel Time: 178.1 ms, GC Workers: 8]
      [GC Worker Start (ms): Min: 17098.4, Avg: 17098.5, Max: 17098.5, Diff: 0.2]
      [Ext Root Scanning (ms): Min: 0.0, Avg: 0.1, Max: 0.1, Diff: 0.1, Sum: 0.5]
      [Update RS (ms): Min: 15.3, Avg: 15.5, Max: 15.8, Diff: 0.6, Sum: 123.9]
         [Processed Buffers: Min: 16, Avg: 16.6, Max: 18, Diff: 2, Sum: 133]
      [Scan RS (ms): Min: 20.9, Avg: 21.3, Max: 21.5, Diff: 0.6, Sum: 170.3]
      [Code Root Scanning (ms): Min: 0.0, Avg: 0.0, Max: 0.0, Diff: 0.0, Sum: 0.0]
      [Object Copy (ms): Min: 140.8, Avg: 140.9, Max: 141.0, Diff: 0.2, Sum: 1127.2]
      [Termination (ms): Min: 0.0, Avg: 0.1, Max: 0.1, Diff: 0.1, Sum: 0.5]
         [Termination Attempts: Min: 1, Avg: 417.8, Max: 548, Diff: 547, Sum: 3342]
      [GC Worker Other (ms): Min: 0.0, Avg: 0.0, Max: 0.1, Diff: 0.1, Sum: 0.3]
      [GC Worker Total (ms): Min: 177.7, Avg: 177.8, Max: 177.9, Diff: 0.2, Sum: 1422.6]
      [GC Worker End (ms): Min: 17276.3, Avg: 17276.3, Max: 17276.3, Diff: 0.1]
   [Code Root Fixup: 0.0 ms]
   [Code Root Purge: 0.0 ms]
   [Clear CT: 0.1 ms]
   [Other: 0.8 ms]
      [Choose CSet: 0.0 ms]
      [Ref Proc: 0.2 ms]
      [Ref Enq: 0.0 ms]
      [Redirty Cards: 0.2 ms]
      [Humongous Register: 0.0 ms]
      [Humongous Reclaim: 0.0 ms]
      [Free CSet: 0.2 ms]
   [Eden: 281.0M(281.0M)->0.0B(271.0M) Survivors: 40.0M->41.0M Heap: 698.2M(2048.0M)->700.2M(2048.0M)]
 [Times: user=1.17 sys=0.05, real=0.18 secs] 
2020-09-29T11:29:23.989+0200: 17.422: [GC pause (G1 Evacuation Pause) (young), 0.1601306 secs]
   [Parallel Time: 159.2 ms, GC Workers: 8]
      [GC Worker Start (ms): Min: 17422.0, Avg: 17422.1, Max: 17422.1, Diff: 0.1]
      [Ext Root Scanning (ms): Min: 0.0, Avg: 0.1, Max: 0.1, Diff: 0.1, Sum: 0.5]
      [Update RS (ms): Min: 17.3, Avg: 17.7, Max: 18.1, Diff: 0.8, Sum: 141.3]
         [Processed Buffers: Min: 17, Avg: 17.3, Max: 18, Diff: 1, Sum: 138]
      [Scan RS (ms): Min: 19.0, Avg: 19.4, Max: 19.8, Diff: 0.8, Sum: 155.5]
      [Code Root Scanning (ms): Min: 0.0, Avg: 0.0, Max: 0.0, Diff: 0.0, Sum: 0.0]
      [Object Copy (ms): Min: 121.7, Avg: 121.8, Max: 121.8, Diff: 0.1, Sum: 974.4]
      [Termination (ms): Min: 0.0, Avg: 0.0, Max: 0.0, Diff: 0.0, Sum: 0.2]
         [Termination Attempts: Min: 1, Avg: 125.0, Max: 169, Diff: 168, Sum: 1000]
      [GC Worker Other (ms): Min: 0.0, Avg: 0.0, Max: 0.1, Diff: 0.1, Sum: 0.4]
      [GC Worker Total (ms): Min: 158.9, Avg: 159.0, Max: 159.1, Diff: 0.2, Sum: 1272.3]
      [GC Worker End (ms): Min: 17581.1, Avg: 17581.1, Max: 17581.1, Diff: 0.1]
   [Code Root Fixup: 0.0 ms]
   [Code Root Purge: 0.0 ms]
   [Clear CT: 0.2 ms]
   [Other: 0.7 ms]
      [Choose CSet: 0.0 ms]
      [Ref Proc: 0.2 ms]
      [Ref Enq: 0.0 ms]
      [Redirty Cards: 0.2 ms]
      [Humongous Register: 0.1 ms]
      [Humongous Reclaim: 0.0 ms]
      [Free CSet: 0.2 ms]
   [Eden: 271.0M(271.0M)->0.0B(280.0M) Survivors: 41.0M->39.0M Heap: 1015.1M(2048.0M)->1017.1M(2048.0M)]
 [Times: user=1.22 sys=0.03, real=0.16 secs] 
2020-09-29T11:29:24.157+0200: 17.589: [GC pause (G1 Humongous Allocation) (young) (initial-mark), 0.0534630 secs]
   [Parallel Time: 52.7 ms, GC Workers: 8]
      [GC Worker Start (ms): Min: 17589.5, Avg: 17589.6, Max: 17589.6, Diff: 0.1]
      [Ext Root Scanning (ms): Min: 0.0, Avg: 0.1, Max: 0.1, Diff: 0.1, Sum: 0.6]
      [Update RS (ms): Min: 33.0, Avg: 33.2, Max: 33.6, Diff: 0.7, Sum: 265.6]
         [Processed Buffers: Min: 36, Avg: 40.1, Max: 43, Diff: 7, Sum: 321]
      [Scan RS (ms): Min: 2.2, Avg: 2.7, Max: 3.0, Diff: 0.8, Sum: 21.5]
      [Code Root Scanning (ms): Min: 0.0, Avg: 0.0, Max: 0.0, Diff: 0.0, Sum: 0.0]
      [Object Copy (ms): Min: 16.5, Avg: 16.6, Max: 16.7, Diff: 0.2, Sum: 132.9]
      [Termination (ms): Min: 0.0, Avg: 0.0, Max: 0.0, Diff: 0.0, Sum: 0.2]
         [Termination Attempts: Min: 1, Avg: 185.3, Max: 264, Diff: 263, Sum: 1482]
      [GC Worker Other (ms): Min: 0.0, Avg: 0.0, Max: 0.0, Diff: 0.0, Sum: 0.1]
      [GC Worker Total (ms): Min: 52.6, Avg: 52.6, Max: 52.7, Diff: 0.1, Sum: 421.0]
      [GC Worker End (ms): Min: 17642.2, Avg: 17642.2, Max: 17642.2, Diff: 0.0]
   [Code Root Fixup: 0.0 ms]
   [Code Root Purge: 0.0 ms]
   [Clear CT: 0.2 ms]
   [Other: 0.6 ms]
      [Choose CSet: 0.0 ms]
      [Ref Proc: 0.2 ms]
      [Ref Enq: 0.0 ms]
      [Redirty Cards: 0.1 ms]
      [Humongous Register: 0.0 ms]
      [Humongous Reclaim: 0.0 ms]
      [Free CSet: 0.0 ms]
   [Eden: 1024.0K(280.0M)->0.0B(349.0M) Survivors: 39.0M->3072.0K Heap: 1017.6M(2048.0M)->1022.6M(2048.0M)]
 [Times: user=0.50 sys=0.00, real=0.05 secs] 
2020-09-29T11:29:24.210+0200: 17.643: [GC concurrent-root-region-scan-start]
2020-09-29T11:29:24.210+0200: 17.643: [GC concurrent-root-region-scan-end, 0.0001802 secs]
2020-09-29T11:29:24.210+0200: 17.643: [GC concurrent-mark-start]
2020-09-29T11:29:24.213+0200: 17.646: [GC concurrent-mark-end, 0.0024601 secs]
2020-09-29T11:29:24.213+0200: 17.646: [GC remark 2020-09-29T11:29:24.213+0200: 17.646: [Finalize Marking, 0.0001331 secs] 2020-09-29T11:29:24.213+0200: 17.646: [GC ref-proc, 0.0003713 secs] 2020-09-29T11:29:24.213+0200: 17.646: [Unloading, 0.0005196 secs], 0.0013510 secs]
 [Times: user=0.00 sys=0.00, real=0.00 secs] 
2020-09-29T11:29:24.215+0200: 17.647: [GC cleanup 1030M->20M(2048M), 0.0013319 secs]
 [Times: user=0.00 sys=0.00, real=0.00 secs] 
2020-09-29T11:29:24.216+0200: 17.649: [GC concurrent-cleanup-start]
2020-09-29T11:29:24.218+0200: 17.651: [GC concurrent-cleanup-end, 0.0018695 secs]
2020-09-29T11:29:24.437+0200: 17.870: [GC pause (G1 Evacuation Pause) (young), 0.3731138 secs]
   [Parallel Time: 371.0 ms, GC Workers: 8]
      [GC Worker Start (ms): Min: 17870.3, Avg: 17870.4, Max: 17870.5, Diff: 0.2]
      [Ext Root Scanning (ms): Min: 0.0, Avg: 0.1, Max: 0.2, Diff: 0.2, Sum: 0.8]
      [Update RS (ms): Min: 32.4, Avg: 32.8, Max: 33.4, Diff: 1.0, Sum: 262.3]
         [Processed Buffers: Min: 17, Avg: 18.6, Max: 21, Diff: 4, Sum: 149]
      [Scan RS (ms): Min: 43.2, Avg: 43.8, Max: 44.3, Diff: 1.1, Sum: 350.7]
      [Code Root Scanning (ms): Min: 0.0, Avg: 0.0, Max: 0.0, Diff: 0.0, Sum: 0.1]
      [Object Copy (ms): Min: 293.7, Avg: 293.8, Max: 293.9, Diff: 0.1, Sum: 2350.5]
      [Termination (ms): Min: 0.0, Avg: 0.1, Max: 0.1, Diff: 0.1, Sum: 0.5]
         [Termination Attempts: Min: 1, Avg: 230.0, Max: 313, Diff: 312, Sum: 1840]
      [GC Worker Other (ms): Min: 0.0, Avg: 0.1, Max: 0.1, Diff: 0.1, Sum: 0.5]
      [GC Worker Total (ms): Min: 370.6, Avg: 370.7, Max: 370.8, Diff: 0.2, Sum: 2965.3]
      [GC Worker End (ms): Min: 18241.1, Avg: 18241.1, Max: 18241.1, Diff: 0.1]
   [Code Root Fixup: 0.0 ms]
   [Code Root Purge: 0.0 ms]
   [Clear CT: 0.3 ms]
   [Other: 1.8 ms]
      [Choose CSet: 0.0 ms]
      [Ref Proc: 0.3 ms]
      [Ref Enq: 0.0 ms]
      [Redirty Cards: 0.6 ms]
      [Humongous Register: 0.1 ms]
      [Humongous Reclaim: 0.0 ms]
      [Free CSet: 0.4 ms]
   [Eden: 349.0M(349.0M)->0.0B(138.0M) Survivors: 3072.0K->44.0M Heap: 421.1M(2048.0M)->420.1M(2048.0M)]
 [Times: user=2.76 sys=0.11, real=0.37 secs] 
2020-09-29T11:29:24.963+0200: 18.396: [GC pause (G1 Evacuation Pause) (young), 0.1829485 secs]
   [Parallel Time: 181.7 ms, GC Workers: 8]
      [GC Worker Start (ms): Min: 18396.3, Avg: 18396.5, Max: 18396.9, Diff: 0.6]
      [Ext Root Scanning (ms): Min: 0.0, Avg: 0.2, Max: 0.3, Diff: 0.3, Sum: 1.2]
      [Update RS (ms): Min: 28.2, Avg: 28.6, Max: 29.1, Diff: 0.8, Sum: 228.9]
         [Processed Buffers: Min: 14, Avg: 16.1, Max: 19, Diff: 5, Sum: 129]
      [Scan RS (ms): Min: 15.2, Avg: 15.9, Max: 16.3, Diff: 1.1, Sum: 126.8]
      [Code Root Scanning (ms): Min: 0.0, Avg: 0.0, Max: 0.0, Diff: 0.0, Sum: 0.0]
      [Object Copy (ms): Min: 136.5, Avg: 136.6, Max: 136.6, Diff: 0.1, Sum: 1092.7]
      [Termination (ms): Min: 0.0, Avg: 0.0, Max: 0.0, Diff: 0.0, Sum: 0.0]
         [Termination Attempts: Min: 1, Avg: 3.4, Max: 7, Diff: 6, Sum: 27]
      [GC Worker Other (ms): Min: 0.0, Avg: 0.0, Max: 0.1, Diff: 0.1, Sum: 0.4]
      [GC Worker Total (ms): Min: 180.9, Avg: 181.3, Max: 181.4, Diff: 0.5, Sum: 1450.1]
      [GC Worker End (ms): Min: 18577.8, Avg: 18577.8, Max: 18577.8, Diff: 0.1]
   [Code Root Fixup: 0.0 ms]
   [Code Root Purge: 0.0 ms]
   [Clear CT: 0.3 ms]
   [Other: 0.9 ms]
      [Choose CSet: 0.0 ms]
      [Ref Proc: 0.2 ms]
      [Ref Enq: 0.0 ms]
      [Redirty Cards: 0.3 ms]
      [Humongous Register: 0.1 ms]
      [Humongous Reclaim: 0.0 ms]
      [Free CSet: 0.2 ms]
   [Eden: 138.0M(138.0M)->0.0B(133.0M) Survivors: 44.0M->23.0M Heap: 581.0M(2048.0M)->583.0M(2048.0M)]
 [Times: user=1.45 sys=0.03, real=0.18 secs] 
2020-09-29T11:29:25.266+0200: 18.699: [GC pause (G1 Evacuation Pause) (young), 0.1612721 secs]
   [Parallel Time: 159.9 ms, GC Workers: 8]
      [GC Worker Start (ms): Min: 18698.9, Avg: 18699.1, Max: 18699.2, Diff: 0.3]
      [Ext Root Scanning (ms): Min: 0.0, Avg: 0.1, Max: 0.3, Diff: 0.2, Sum: 0.8]
      [Update RS (ms): Min: 28.5, Avg: 28.9, Max: 29.5, Diff: 1.0, Sum: 230.9]
         [Processed Buffers: Min: 16, Avg: 17.3, Max: 19, Diff: 3, Sum: 138]
      [Scan RS (ms): Min: 10.5, Avg: 11.2, Max: 11.8, Diff: 1.3, Sum: 89.7]
      [Code Root Scanning (ms): Min: 0.0, Avg: 0.0, Max: 0.0, Diff: 0.0, Sum: 0.0]
      [Object Copy (ms): Min: 119.0, Avg: 119.3, Max: 119.4, Diff: 0.4, Sum: 954.1]
      [Termination (ms): Min: 0.0, Avg: 0.0, Max: 0.0, Diff: 0.0, Sum: 0.3]
         [Termination Attempts: Min: 1, Avg: 126.5, Max: 159, Diff: 158, Sum: 1012]
      [GC Worker Other (ms): Min: 0.0, Avg: 0.0, Max: 0.1, Diff: 0.1, Sum: 0.3]
      [GC Worker Total (ms): Min: 159.4, Avg: 159.5, Max: 159.7, Diff: 0.3, Sum: 1276.1]
      [GC Worker End (ms): Min: 18858.6, Avg: 18858.6, Max: 18858.6, Diff: 0.1]
   [Code Root Fixup: 0.0 ms]
   [Code Root Purge: 0.0 ms]
   [Clear CT: 0.2 ms]
   [Other: 1.2 ms]
      [Choose CSet: 0.0 ms]
      [Ref Proc: 0.3 ms]
      [Ref Enq: 0.0 ms]
      [Redirty Cards: 0.3 ms]
      [Humongous Register: 0.1 ms]
      [Humongous Reclaim: 0.0 ms]
      [Free CSet: 0.2 ms]
   [Eden: 133.0M(133.0M)->0.0B(133.0M) Survivors: 23.0M->20.0M Heap: 738.9M(2048.0M)->740.9M(2048.0M)]
 [Times: user=1.28 sys=0.03, real=0.16 secs] 
2020-09-29T11:29:25.552+0200: 18.984: [GC pause (G1 Evacuation Pause) (young), 0.1575034 secs]
   [Parallel Time: 153.5 ms, GC Workers: 8]
      [GC Worker Start (ms): Min: 18984.2, Avg: 18984.3, Max: 18984.4, Diff: 0.2]
      [Ext Root Scanning (ms): Min: 0.0, Avg: 0.1, Max: 0.2, Diff: 0.2, Sum: 0.9]
      [Update RS (ms): Min: 22.8, Avg: 23.3, Max: 24.3, Diff: 1.5, Sum: 186.7]
         [Processed Buffers: Min: 12, Avg: 13.3, Max: 15, Diff: 3, Sum: 106]
      [Scan RS (ms): Min: 12.4, Avg: 13.4, Max: 13.9, Diff: 1.5, Sum: 107.6]
      [Code Root Scanning (ms): Min: 0.0, Avg: 0.0, Max: 0.0, Diff: 0.0, Sum: 0.0]
      [Object Copy (ms): Min: 115.8, Avg: 116.0, Max: 116.2, Diff: 0.4, Sum: 928.1]
      [Termination (ms): Min: 0.0, Avg: 0.1, Max: 0.1, Diff: 0.1, Sum: 0.5]
         [Termination Attempts: Min: 1, Avg: 222.5, Max: 308, Diff: 307, Sum: 1780]
      [GC Worker Other (ms): Min: 0.0, Avg: 0.0, Max: 0.1, Diff: 0.1, Sum: 0.3]
      [GC Worker Total (ms): Min: 152.9, Avg: 153.0, Max: 153.2, Diff: 0.3, Sum: 1224.1]
      [GC Worker End (ms): Min: 19137.3, Avg: 19137.4, Max: 19137.4, Diff: 0.1]
   [Code Root Fixup: 0.0 ms]
   [Code Root Purge: 0.0 ms]
   [Clear CT: 0.9 ms]
   [Other: 3.2 ms]
      [Choose CSet: 0.0 ms]
      [Ref Proc: 1.2 ms]
      [Ref Enq: 0.0 ms]
      [Redirty Cards: 1.5 ms]
      [Humongous Register: 0.1 ms]
      [Humongous Reclaim: 0.0 ms]
      [Free CSet: 0.1 ms]
   [Eden: 133.0M(133.0M)->0.0B(134.0M) Survivors: 20.0M->20.0M Heap: 894.9M(2048.0M)->896.4M(2048.0M)]
 [Times: user=1.09 sys=0.05, real=0.16 secs] 
2020-09-29T11:29:25.831+0200: 19.263: [GC pause (G1 Evacuation Pause) (young), 0.1794290 secs]
   [Parallel Time: 177.8 ms, GC Workers: 8]
      [GC Worker Start (ms): Min: 19263.1, Avg: 19263.2, Max: 19263.3, Diff: 0.2]
      [Ext Root Scanning (ms): Min: 0.0, Avg: 0.1, Max: 0.2, Diff: 0.2, Sum: 0.8]
      [Update RS (ms): Min: 23.8, Avg: 24.2, Max: 24.5, Diff: 0.8, Sum: 193.4]
         [Processed Buffers: Min: 12, Avg: 14.1, Max: 16, Diff: 4, Sum: 113]
      [Scan RS (ms): Min: 13.1, Avg: 13.5, Max: 13.9, Diff: 0.8, Sum: 107.8]
      [Code Root Scanning (ms): Min: 0.0, Avg: 0.0, Max: 0.0, Diff: 0.0, Sum: 0.0]
      [Object Copy (ms): Min: 139.0, Avg: 139.2, Max: 139.7, Diff: 0.7, Sum: 1113.3]
      [Termination (ms): Min: 0.0, Avg: 0.5, Max: 0.7, Diff: 0.7, Sum: 4.2]
         [Termination Attempts: Min: 1, Avg: 1768.1, Max: 2299, Diff: 2298, Sum: 14145]
      [GC Worker Other (ms): Min: 0.0, Avg: 0.1, Max: 0.1, Diff: 0.1, Sum: 0.5]
      [GC Worker Total (ms): Min: 177.4, Avg: 177.5, Max: 177.7, Diff: 0.3, Sum: 1419.9]
      [GC Worker End (ms): Min: 19440.7, Avg: 19440.7, Max: 19440.8, Diff: 0.1]
   [Code Root Fixup: 0.0 ms]
   [Code Root Purge: 0.0 ms]
   [Clear CT: 0.4 ms]
   [Other: 1.2 ms]
      [Choose CSet: 0.0 ms]
      [Ref Proc: 0.2 ms]
      [Ref Enq: 0.0 ms]
      [Redirty Cards: 0.5 ms]
      [Humongous Register: 0.1 ms]
      [Humongous Reclaim: 0.0 ms]
      [Free CSet: 0.2 ms]
   [Eden: 134.0M(134.0M)->0.0B(130.0M) Survivors: 20.0M->20.0M Heap: 1053.3M(2048.0M)->1055.3M(2048.0M)]
 [Times: user=1.38 sys=0.03, real=0.18 secs] 
2020-09-29T11:29:26.022+0200: 19.455: [GC pause (G1 Humongous Allocation) (young) (initial-mark), 0.0525852 secs]
   [Parallel Time: 51.2 ms, GC Workers: 8]
      [GC Worker Start (ms): Min: 19455.2, Avg: 19455.3, Max: 19455.4, Diff: 0.3]
      [Ext Root Scanning (ms): Min: 0.0, Avg: 0.3, Max: 0.8, Diff: 0.7, Sum: 2.4]
      [Update RS (ms): Min: 25.0, Avg: 26.1, Max: 27.2, Diff: 2.1, Sum: 209.1]
         [Processed Buffers: Min: 16, Avg: 17.9, Max: 19, Diff: 3, Sum: 143]
      [Scan RS (ms): Min: 1.2, Avg: 2.2, Max: 2.6, Diff: 1.4, Sum: 17.4]
      [Code Root Scanning (ms): Min: 0.0, Avg: 0.0, Max: 0.0, Diff: 0.0, Sum: 0.0]
      [Object Copy (ms): Min: 22.2, Avg: 22.2, Max: 22.3, Diff: 0.1, Sum: 177.9]
      [Termination (ms): Min: 0.0, Avg: 0.0, Max: 0.0, Diff: 0.0, Sum: 0.1]
         [Termination Attempts: Min: 1, Avg: 39.0, Max: 53, Diff: 52, Sum: 312]
      [GC Worker Other (ms): Min: 0.0, Avg: 0.0, Max: 0.1, Diff: 0.0, Sum: 0.2]
      [GC Worker Total (ms): Min: 50.7, Avg: 50.9, Max: 51.0, Diff: 0.2, Sum: 407.1]
      [GC Worker End (ms): Min: 19506.2, Avg: 19506.2, Max: 19506.2, Diff: 0.0]
   [Code Root Fixup: 0.0 ms]
   [Code Root Purge: 0.0 ms]
   [Clear CT: 0.3 ms]
   [Other: 1.1 ms]
      [Choose CSet: 0.0 ms]
      [Ref Proc: 0.3 ms]
      [Ref Enq: 0.0 ms]
      [Redirty Cards: 0.3 ms]
      [Humongous Register: 0.1 ms]
      [Humongous Reclaim: 0.0 ms]
      [Free CSet: 0.1 ms]
   [Eden: 6144.0K(130.0M)->0.0B(158.0M) Survivors: 20.0M->7168.0K Heap: 1061.3M(2048.0M)->1064.3M(2048.0M)]
 [Times: user=0.38 sys=0.00, real=0.05 secs] 
2020-09-29T11:29:26.075+0200: 19.508: [GC concurrent-root-region-scan-start]
2020-09-29T11:29:26.078+0200: 19.511: [GC concurrent-root-region-scan-end, 0.0031922 secs]
2020-09-29T11:29:26.079+0200: 19.511: [GC concurrent-mark-start]
2020-09-29T11:29:26.084+0200: 19.517: [GC concurrent-mark-end, 0.0058287 secs]
2020-09-29T11:29:26.085+0200: 19.517: [GC remark 2020-09-29T11:29:26.085+0200: 19.517: [Finalize Marking, 0.0003340 secs] 2020-09-29T11:29:26.085+0200: 19.518: [GC ref-proc, 0.0007040 secs] 2020-09-29T11:29:26.086+0200: 19.518: [Unloading, 0.0008143 secs], 0.0025713 secs]
 [Times: user=0.00 sys=0.00, real=0.00 secs] 
2020-09-29T11:29:26.088+0200: 19.520: [GC cleanup 1075M->27M(2048M), 0.0025756 secs]
 [Times: user=0.00 sys=0.00, real=0.00 secs] 
2020-09-29T11:29:26.091+0200: 19.523: [GC concurrent-cleanup-start]
2020-09-29T11:29:26.093+0200: 19.526: [GC concurrent-cleanup-end, 0.0026445 secs]
2020-09-29T11:29:26.228+0200: 19.660: [GC pause (G1 Evacuation Pause) (young), 0.1685942 secs]
   [Parallel Time: 166.3 ms, GC Workers: 8]
      [GC Worker Start (ms): Min: 19660.2, Avg: 19660.3, Max: 19660.4, Diff: 0.2]
      [Ext Root Scanning (ms): Min: 0.0, Avg: 0.1, Max: 0.2, Diff: 0.2, Sum: 0.9]
      [Update RS (ms): Min: 13.6, Avg: 14.0, Max: 15.2, Diff: 1.6, Sum: 112.3]
         [Processed Buffers: Min: 8, Avg: 8.6, Max: 10, Diff: 2, Sum: 69]
      [Scan RS (ms): Min: 17.1, Avg: 18.3, Max: 18.8, Diff: 1.7, Sum: 146.5]
      [Code Root Scanning (ms): Min: 0.0, Avg: 0.0, Max: 0.0, Diff: 0.0, Sum: 0.0]
      [Object Copy (ms): Min: 133.2, Avg: 133.3, Max: 133.4, Diff: 0.2, Sum: 1066.7]
      [Termination (ms): Min: 0.0, Avg: 0.1, Max: 0.1, Diff: 0.1, Sum: 0.5]
         [Termination Attempts: Min: 1, Avg: 201.8, Max: 258, Diff: 257, Sum: 1614]
      [GC Worker Other (ms): Min: 0.0, Avg: 0.0, Max: 0.1, Diff: 0.1, Sum: 0.3]
      [GC Worker Total (ms): Min: 165.8, Avg: 165.9, Max: 166.1, Diff: 0.3, Sum: 1327.2]
      [GC Worker End (ms): Min: 19826.2, Avg: 19826.2, Max: 19826.2, Diff: 0.1]
   [Code Root Fixup: 0.0 ms]
   [Code Root Purge: 0.0 ms]
   [Clear CT: 0.7 ms]
   [Other: 1.6 ms]
      [Choose CSet: 0.0 ms]
      [Ref Proc: 0.4 ms]
      [Ref Enq: 0.0 ms]
      [Redirty Cards: 0.7 ms]
      [Humongous Register: 0.0 ms]
      [Humongous Reclaim: 0.0 ms]
      [Free CSet: 0.2 ms]
   [Eden: 158.0M(158.0M)->0.0B(143.0M) Survivors: 7168.0K->21.0M Heap: 201.7M(2048.0M)->196.7M(2048.0M)]
 [Times: user=1.11 sys=0.03, real=0.17 secs] 
2020-09-29T11:29:26.533+0200: 19.965: [GC pause (G1 Evacuation Pause) (young), 0.1720525 secs]
   [Parallel Time: 165.8 ms, GC Workers: 8]
      [GC Worker Start (ms): Min: 19965.4, Avg: 19965.6, Max: 19965.7, Diff: 0.3]
      [Ext Root Scanning (ms): Min: 0.0, Avg: 0.3, Max: 1.8, Diff: 1.8, Sum: 2.5]
      [Update RS (ms): Min: 16.0, Avg: 17.3, Max: 18.2, Diff: 2.2, Sum: 138.3]
         [Processed Buffers: Min: 9, Avg: 10.8, Max: 13, Diff: 4, Sum: 86]
      [Scan RS (ms): Min: 18.4, Avg: 19.2, Max: 19.4, Diff: 1.1, Sum: 153.5]
      [Code Root Scanning (ms): Min: 0.0, Avg: 0.0, Max: 0.0, Diff: 0.0, Sum: 0.0]
      [Object Copy (ms): Min: 128.4, Avg: 128.6, Max: 128.7, Diff: 0.3, Sum: 1028.6]
      [Termination (ms): Min: 0.0, Avg: 0.0, Max: 0.0, Diff: 0.0, Sum: 0.0]
         [Termination Attempts: Min: 1, Avg: 1.0, Max: 1, Diff: 0, Sum: 8]
      [GC Worker Other (ms): Min: 0.0, Avg: 0.1, Max: 0.1, Diff: 0.1, Sum: 0.5]
      [GC Worker Total (ms): Min: 165.3, Avg: 165.4, Max: 165.7, Diff: 0.3, Sum: 1323.5]
      [GC Worker End (ms): Min: 20131.0, Avg: 20131.0, Max: 20131.1, Diff: 0.1]
   [Code Root Fixup: 0.0 ms]
   [Code Root Purge: 0.0 ms]
   [Clear CT: 0.9 ms]
   [Other: 5.4 ms]
      [Choose CSet: 0.0 ms]
      [Ref Proc: 0.5 ms]
      [Ref Enq: 0.0 ms]
      [Redirty Cards: 1.6 ms]
      [Humongous Register: 0.0 ms]
      [Humongous Reclaim: 0.0 ms]
      [Free CSet: 1.4 ms]
   [Eden: 143.0M(143.0M)->0.0B(140.0M) Survivors: 21.0M->21.0M Heap: 364.5M(2048.0M)->366.5M(2048.0M)]
 [Times: user=1.31 sys=0.05, real=0.17 secs] 
2020-09-29T11:29:26.836+0200: 20.269: [GC pause (G1 Evacuation Pause) (young), 0.1563590 secs]
   [Parallel Time: 154.7 ms, GC Workers: 8]
      [GC Worker Start (ms): Min: 20269.1, Avg: 20269.2, Max: 20269.3, Diff: 0.2]
      [Ext Root Scanning (ms): Min: 0.0, Avg: 0.1, Max: 0.2, Diff: 0.2, Sum: 0.9]
      [Update RS (ms): Min: 17.8, Avg: 18.3, Max: 18.8, Diff: 1.0, Sum: 146.3]
         [Processed Buffers: Min: 10, Avg: 11.3, Max: 13, Diff: 3, Sum: 90]
      [Scan RS (ms): Min: 16.5, Avg: 17.1, Max: 17.8, Diff: 1.3, Sum: 136.8]
      [Code Root Scanning (ms): Min: 0.0, Avg: 0.0, Max: 0.0, Diff: 0.0, Sum: 0.0]
      [Object Copy (ms): Min: 118.6, Avg: 118.8, Max: 118.9, Diff: 0.3, Sum: 950.2]
      [Termination (ms): Min: 0.0, Avg: 0.0, Max: 0.0, Diff: 0.0, Sum: 0.1]
         [Termination Attempts: Min: 1, Avg: 39.4, Max: 63, Diff: 62, Sum: 315]
      [GC Worker Other (ms): Min: 0.0, Avg: 0.1, Max: 0.1, Diff: 0.1, Sum: 0.4]
      [GC Worker Total (ms): Min: 154.2, Avg: 154.3, Max: 154.5, Diff: 0.3, Sum: 1234.7]
      [GC Worker End (ms): Min: 20423.5, Avg: 20423.6, Max: 20423.6, Diff: 0.1]
   [Code Root Fixup: 0.0 ms]
   [Code Root Purge: 0.0 ms]
   [Clear CT: 0.4 ms]
   [Other: 1.3 ms]
      [Choose CSet: 0.0 ms]
      [Ref Proc: 0.4 ms]
      [Ref Enq: 0.0 ms]
      [Redirty Cards: 0.4 ms]
      [Humongous Register: 0.1 ms]
      [Humongous Reclaim: 0.0 ms]
      [Free CSet: 0.1 ms]
   [Eden: 140.0M(140.0M)->0.0B(146.0M) Survivors: 21.0M->21.0M Heap: 529.4M(2048.0M)->531.4M(2048.0M)]
 [Times: user=1.22 sys=0.03, real=0.16 secs] 
2020-09-29T11:29:27.127+0200: 20.559: [GC pause (G1 Evacuation Pause) (young), 0.1700927 secs]
   [Parallel Time: 168.6 ms, GC Workers: 8]
      [GC Worker Start (ms): Min: 20559.3, Avg: 20559.4, Max: 20559.6, Diff: 0.3]
      [Ext Root Scanning (ms): Min: 0.0, Avg: 0.1, Max: 0.3, Diff: 0.3, Sum: 0.8]
      [Update RS (ms): Min: 21.7, Avg: 22.1, Max: 23.2, Diff: 1.5, Sum: 176.7]
         [Processed Buffers: Min: 12, Avg: 13.3, Max: 17, Diff: 5, Sum: 106]
      [Scan RS (ms): Min: 16.1, Avg: 17.2, Max: 17.7, Diff: 1.6, Sum: 137.9]
      [Code Root Scanning (ms): Min: 0.0, Avg: 0.0, Max: 0.0, Diff: 0.0, Sum: 0.0]
      [Object Copy (ms): Min: 128.6, Avg: 128.7, Max: 129.0, Diff: 0.3, Sum: 1029.9]
      [Termination (ms): Min: 0.0, Avg: 0.1, Max: 0.1, Diff: 0.1, Sum: 0.9]
         [Termination Attempts: Min: 1, Avg: 437.1, Max: 561, Diff: 560, Sum: 3497]
      [GC Worker Other (ms): Min: 0.0, Avg: 0.1, Max: 0.1, Diff: 0.1, Sum: 0.5]
      [GC Worker Total (ms): Min: 168.2, Avg: 168.3, Max: 168.5, Diff: 0.3, Sum: 1346.7]
      [GC Worker End (ms): Min: 20727.7, Avg: 20727.8, Max: 20727.8, Diff: 0.1]
   [Code Root Fixup: 0.0 ms]
   [Code Root Purge: 0.0 ms]
   [Clear CT: 0.3 ms]
   [Other: 1.1 ms]
      [Choose CSet: 0.0 ms]
      [Ref Proc: 0.2 ms]
      [Ref Enq: 0.0 ms]
      [Redirty Cards: 0.4 ms]
      [Humongous Register: 0.1 ms]
      [Humongous Reclaim: 0.0 ms]
      [Free CSet: 0.2 ms]
   [Eden: 146.0M(146.0M)->0.0B(149.0M) Survivors: 21.0M->21.0M Heap: 702.2M(2048.0M)->704.7M(2048.0M)]
 [Times: user=1.33 sys=0.05, real=0.17 secs] 
2020-09-29T11:29:27.438+0200: 20.871: [GC pause (G1 Evacuation Pause) (young), 0.1766668 secs]
   [Parallel Time: 175.2 ms, GC Workers: 8]
      [GC Worker Start (ms): Min: 20871.0, Avg: 20871.1, Max: 20871.3, Diff: 0.2]
      [Ext Root Scanning (ms): Min: 0.0, Avg: 0.1, Max: 0.2, Diff: 0.2, Sum: 0.9]
      [Update RS (ms): Min: 16.9, Avg: 17.3, Max: 17.9, Diff: 1.0, Sum: 138.5]
         [Processed Buffers: Min: 9, Avg: 11.0, Max: 13, Diff: 4, Sum: 88]
      [Scan RS (ms): Min: 19.8, Avg: 20.4, Max: 21.1, Diff: 1.3, Sum: 163.5]
      [Code Root Scanning (ms): Min: 0.0, Avg: 0.0, Max: 0.0, Diff: 0.0, Sum: 0.0]
      [Object Copy (ms): Min: 136.6, Avg: 136.9, Max: 137.1, Diff: 0.4, Sum: 1095.1]
      [Termination (ms): Min: 0.0, Avg: 0.0, Max: 0.0, Diff: 0.0, Sum: 0.2]
         [Termination Attempts: Min: 1, Avg: 102.3, Max: 138, Diff: 137, Sum: 818]
      [GC Worker Other (ms): Min: 0.0, Avg: 0.0, Max: 0.1, Diff: 0.1, Sum: 0.4]
      [GC Worker Total (ms): Min: 174.7, Avg: 174.8, Max: 174.9, Diff: 0.2, Sum: 1398.6]
      [GC Worker End (ms): Min: 21045.9, Avg: 21045.9, Max: 21046.0, Diff: 0.1]
   [Code Root Fixup: 0.0 ms]
   [Code Root Purge: 0.0 ms]
   [Clear CT: 0.3 ms]
   [Other: 1.2 ms]
      [Choose CSet: 0.0 ms]
      [Ref Proc: 0.3 ms]
      [Ref Enq: 0.0 ms]
      [Redirty Cards: 0.3 ms]
      [Humongous Register: 0.1 ms]
      [Humongous Reclaim: 0.0 ms]
      [Free CSet: 0.2 ms]
   [Eden: 149.0M(149.0M)->0.0B(148.0M) Survivors: 21.0M->22.0M Heap: 878.5M(2048.0M)->880.5M(2048.0M)]
 [Times: user=1.28 sys=0.02, real=0.18 secs] 
2020-09-29T11:29:27.754+0200: 21.186: [GC pause (G1 Evacuation Pause) (young), 0.1801973 secs]
   [Parallel Time: 178.5 ms, GC Workers: 8]
      [GC Worker Start (ms): Min: 21186.3, Avg: 21186.5, Max: 21186.6, Diff: 0.3]
      [Ext Root Scanning (ms): Min: 0.0, Avg: 0.1, Max: 0.2, Diff: 0.2, Sum: 0.8]
      [Update RS (ms): Min: 21.5, Avg: 21.6, Max: 21.7, Diff: 0.3, Sum: 172.5]
         [Processed Buffers: Min: 11, Avg: 13.4, Max: 16, Diff: 5, Sum: 107]
      [Scan RS (ms): Min: 16.9, Avg: 17.1, Max: 17.5, Diff: 0.6, Sum: 137.1]
      [Code Root Scanning (ms): Min: 0.0, Avg: 0.0, Max: 0.0, Diff: 0.0, Sum: 0.0]
      [Object Copy (ms): Min: 138.7, Avg: 139.0, Max: 139.3, Diff: 0.5, Sum: 1112.2]
      [Termination (ms): Min: 0.0, Avg: 0.1, Max: 0.2, Diff: 0.2, Sum: 1.0]
         [Termination Attempts: Min: 1, Avg: 501.0, Max: 631, Diff: 630, Sum: 4008]
      [GC Worker Other (ms): Min: 0.0, Avg: 0.1, Max: 0.1, Diff: 0.1, Sum: 0.6]
      [GC Worker Total (ms): Min: 177.9, Avg: 178.0, Max: 178.2, Diff: 0.3, Sum: 1424.3]
      [GC Worker End (ms): Min: 21364.5, Avg: 21364.5, Max: 21364.6, Diff: 0.1]
   [Code Root Fixup: 0.0 ms]
   [Code Root Purge: 0.0 ms]
   [Clear CT: 0.4 ms]
   [Other: 1.3 ms]
      [Choose CSet: 0.0 ms]
      [Ref Proc: 0.5 ms]
      [Ref Enq: 0.0 ms]
      [Redirty Cards: 0.4 ms]
      [Humongous Register: 0.1 ms]
      [Humongous Reclaim: 0.0 ms]
      [Free CSet: 0.2 ms]
   [Eden: 148.0M(148.0M)->0.0B(148.0M) Survivors: 22.0M->22.0M Heap: 1053.3M(2048.0M)->1055.3M(2048.0M)]
 [Times: user=1.28 sys=0.06, real=0.18 secs] 
2020-09-29T11:29:27.954+0200: 21.386: [GC pause (G1 Humongous Allocation) (young) (initial-mark), 0.0520394 secs]
   [Parallel Time: 50.7 ms, GC Workers: 8]
      [GC Worker Start (ms): Min: 21386.3, Avg: 21386.4, Max: 21386.5, Diff: 0.2]
      [Ext Root Scanning (ms): Min: 0.0, Avg: 0.2, Max: 0.3, Diff: 0.3, Sum: 1.8]
      [Update RS (ms): Min: 23.0, Avg: 23.5, Max: 24.0, Diff: 1.0, Sum: 188.1]
         [Processed Buffers: Min: 14, Avg: 16.1, Max: 18, Diff: 4, Sum: 129]
      [Scan RS (ms): Min: 2.0, Avg: 2.5, Max: 3.1, Diff: 1.0, Sum: 20.1]
      [Code Root Scanning (ms): Min: 0.0, Avg: 0.0, Max: 0.0, Diff: 0.0, Sum: 0.0]
      [Object Copy (ms): Min: 24.1, Avg: 24.2, Max: 24.3, Diff: 0.2, Sum: 193.8]
      [Termination (ms): Min: 0.0, Avg: 0.0, Max: 0.0, Diff: 0.0, Sum: 0.1]
         [Termination Attempts: Min: 1, Avg: 14.9, Max: 23, Diff: 22, Sum: 119]
      [GC Worker Other (ms): Min: 0.0, Avg: 0.0, Max: 0.0, Diff: 0.0, Sum: 0.2]
      [GC Worker Total (ms): Min: 50.3, Avg: 50.5, Max: 50.6, Diff: 0.3, Sum: 404.0]
      [GC Worker End (ms): Min: 21436.9, Avg: 21436.9, Max: 21436.9, Diff: 0.0]
   [Code Root Fixup: 0.0 ms]
   [Code Root Purge: 0.0 ms]
   [Clear CT: 0.3 ms]
   [Other: 1.1 ms]
      [Choose CSet: 0.0 ms]
      [Ref Proc: 0.4 ms]
      [Ref Enq: 0.0 ms]
      [Redirty Cards: 0.3 ms]
      [Humongous Register: 0.0 ms]
      [Humongous Reclaim: 0.0 ms]
      [Free CSet: 0.1 ms]
   [Eden: 9216.0K(148.0M)->0.0B(173.0M) Survivors: 22.0M->11.0M Heap: 1064.3M(2048.0M)->1067.8M(2048.0M)]
 [Times: user=0.50 sys=0.00, real=0.05 secs] 
2020-09-29T11:29:28.006+0200: 21.438: [GC concurrent-root-region-scan-start]
2020-09-29T11:29:28.010+0200: 21.443: [GC concurrent-root-region-scan-end, 0.0042472 secs]
2020-09-29T11:29:28.010+0200: 21.443: [GC concurrent-mark-start]
2020-09-29T11:29:28.015+0200: 21.448: [GC concurrent-mark-end, 0.0049079 secs]
2020-09-29T11:29:28.016+0200: 21.448: [GC remark 2020-09-29T11:29:28.016+0200: 21.448: [Finalize Marking, 0.0004274 secs] 2020-09-29T11:29:28.016+0200: 21.448: [GC ref-proc, 0.0006255 secs] 2020-09-29T11:29:28.017+0200: 21.449: [Unloading, 0.0009056 secs], 0.0026017 secs]
 [Times: user=0.00 sys=0.00, real=0.00 secs] 
2020-09-29T11:29:28.019+0200: 21.451: [GC cleanup 1078M->31M(2048M), 0.0018703 secs]
 [Times: user=0.11 sys=0.02, real=0.00 secs] 
2020-09-29T11:29:28.021+0200: 21.453: [GC concurrent-cleanup-start]
2020-09-29T11:29:28.023+0200: 21.455: [GC concurrent-cleanup-end, 0.0018878 secs]
2020-09-29T11:29:28.173+0200: 21.606: [GC pause (G1 Evacuation Pause) (young), 0.1831251 secs]
   [Parallel Time: 181.3 ms, GC Workers: 8]
      [GC Worker Start (ms): Min: 21605.7, Avg: 21605.9, Max: 21606.0, Diff: 0.3]
      [Ext Root Scanning (ms): Min: 0.0, Avg: 0.1, Max: 0.3, Diff: 0.3, Sum: 0.8]
      [Update RS (ms): Min: 15.3, Avg: 15.4, Max: 15.5, Diff: 0.2, Sum: 123.0]
         [Processed Buffers: Min: 8, Avg: 10.4, Max: 13, Diff: 5, Sum: 83]
      [Scan RS (ms): Min: 21.2, Avg: 21.4, Max: 21.7, Diff: 0.5, Sum: 171.6]
      [Code Root Scanning (ms): Min: 0.0, Avg: 0.0, Max: 0.0, Diff: 0.0, Sum: 0.0]
      [Object Copy (ms): Min: 143.6, Avg: 143.7, Max: 143.8, Diff: 0.2, Sum: 1149.9]
      [Termination (ms): Min: 0.0, Avg: 0.2, Max: 0.3, Diff: 0.3, Sum: 1.7]
         [Termination Attempts: Min: 1, Avg: 684.3, Max: 903, Diff: 902, Sum: 5474]
      [GC Worker Other (ms): Min: 0.0, Avg: 0.0, Max: 0.1, Diff: 0.1, Sum: 0.3]
      [GC Worker Total (ms): Min: 180.8, Avg: 180.9, Max: 181.1, Diff: 0.2, Sum: 1447.4]
      [GC Worker End (ms): Min: 21786.8, Avg: 21786.8, Max: 21786.9, Diff: 0.1]
   [Code Root Fixup: 0.0 ms]
   [Code Root Purge: 0.0 ms]
   [Clear CT: 0.4 ms]
   [Other: 1.4 ms]
      [Choose CSet: 0.0 ms]
      [Ref Proc: 0.5 ms]
      [Ref Enq: 0.0 ms]
      [Redirty Cards: 0.4 ms]
      [Humongous Register: 0.0 ms]
      [Humongous Reclaim: 0.0 ms]
      [Free CSet: 0.2 ms]
   [Eden: 173.0M(173.0M)->0.0B(154.0M) Survivors: 11.0M->23.0M Heap: 224.0M(2048.0M)->215.5M(2048.0M)]
 [Times: user=1.36 sys=0.09, real=0.18 secs] 
2020-09-29T11:29:28.494+0200: 21.927: [GC pause (G1 Evacuation Pause) (young), 0.2137679 secs]
   [Parallel Time: 209.8 ms, GC Workers: 8]
      [GC Worker Start (ms): Min: 21927.1, Avg: 21927.2, Max: 21927.5, Diff: 0.5]
      [Ext Root Scanning (ms): Min: 0.0, Avg: 0.2, Max: 0.4, Diff: 0.4, Sum: 1.3]
      [Update RS (ms): Min: 21.4, Avg: 21.6, Max: 21.8, Diff: 0.4, Sum: 172.8]
         [Processed Buffers: Min: 12, Avg: 12.9, Max: 15, Diff: 3, Sum: 103]
      [Scan RS (ms): Min: 17.8, Avg: 18.1, Max: 18.3, Diff: 0.5, Sum: 144.5]
      [Code Root Scanning (ms): Min: 0.0, Avg: 0.0, Max: 0.0, Diff: 0.0, Sum: 0.0]
      [Object Copy (ms): Min: 168.2, Avg: 168.6, Max: 169.6, Diff: 1.4, Sum: 1348.8]
      [Termination (ms): Min: 0.0, Avg: 1.0, Max: 1.4, Diff: 1.4, Sum: 8.1]
         [Termination Attempts: Min: 1, Avg: 3015.4, Max: 4097, Diff: 4096, Sum: 24123]
      [GC Worker Other (ms): Min: 0.0, Avg: 0.1, Max: 0.1, Diff: 0.1, Sum: 0.5]
      [GC Worker Total (ms): Min: 209.2, Avg: 209.5, Max: 209.6, Diff: 0.4, Sum: 1676.0]
      [GC Worker End (ms): Min: 22136.7, Avg: 22136.7, Max: 22136.8, Diff: 0.1]
   [Code Root Fixup: 0.0 ms]
   [Code Root Purge: 0.0 ms]
   [Clear CT: 0.5 ms]
   [Other: 3.4 ms]
      [Choose CSet: 0.0 ms]
      [Ref Proc: 0.3 ms]
      [Ref Enq: 0.0 ms]
      [Redirty Cards: 2.4 ms]
      [Humongous Register: 0.1 ms]
      [Humongous Reclaim: 0.0 ms]
      [Free CSet: 0.2 ms]
   [Eden: 154.0M(154.0M)->0.0B(137.0M) Survivors: 23.0M->23.0M Heap: 394.3M(2048.0M)->396.8M(2048.0M)]
 [Times: user=1.52 sys=0.03, real=0.22 secs] 
2020-09-29T11:29:28.843+0200: 22.275: [GC pause (G1 Evacuation Pause) (young), 0.1972527 secs]
   [Parallel Time: 195.2 ms, GC Workers: 8]
      [GC Worker Start (ms): Min: 22275.4, Avg: 22275.6, Max: 22275.7, Diff: 0.2]
      [Ext Root Scanning (ms): Min: 0.0, Avg: 0.1, Max: 0.2, Diff: 0.2, Sum: 0.8]
      [Update RS (ms): Min: 13.4, Avg: 13.7, Max: 13.9, Diff: 0.5, Sum: 109.2]
         [Processed Buffers: Min: 8, Avg: 8.9, Max: 12, Diff: 4, Sum: 71]
      [Scan RS (ms): Min: 19.0, Avg: 23.0, Max: 49.7, Diff: 30.7, Sum: 183.9]
      [Code Root Scanning (ms): Min: 0.0, Avg: 0.0, Max: 0.0, Diff: 0.0, Sum: 0.0]
      [Object Copy (ms): Min: 131.1, Avg: 157.8, Max: 162.0, Diff: 30.8, Sum: 1262.7]
      [Termination (ms): Min: 0.0, Avg: 0.2, Max: 0.3, Diff: 0.3, Sum: 2.0]
         [Termination Attempts: Min: 1, Avg: 812.5, Max: 984, Diff: 983, Sum: 6500]
      [GC Worker Other (ms): Min: 0.0, Avg: 0.1, Max: 0.1, Diff: 0.1, Sum: 0.4]
      [GC Worker Total (ms): Min: 194.8, Avg: 194.9, Max: 195.1, Diff: 0.3, Sum: 1559.1]
      [GC Worker End (ms): Min: 22470.4, Avg: 22470.5, Max: 22470.5, Diff: 0.1]
   [Code Root Fixup: 0.0 ms]
   [Code Root Purge: 0.0 ms]
   [Clear CT: 0.6 ms]
   [Other: 1.4 ms]
      [Choose CSet: 0.0 ms]
      [Ref Proc: 0.5 ms]
      [Ref Enq: 0.0 ms]
      [Redirty Cards: 0.5 ms]
      [Humongous Register: 0.1 ms]
      [Humongous Reclaim: 0.0 ms]
      [Free CSet: 0.1 ms]
   [Eden: 137.0M(137.0M)->0.0B(127.0M) Survivors: 23.0M->20.0M Heap: 556.7M(2048.0M)->558.2M(2048.0M)]
 [Times: user=1.47 sys=0.06, real=0.20 secs] 
2020-09-29T11:29:29.159+0200: 22.591: [GC pause (G1 Evacuation Pause) (young), 0.1511348 secs]
   [Parallel Time: 149.3 ms, GC Workers: 8]
      [GC Worker Start (ms): Min: 22591.5, Avg: 22591.6, Max: 22591.7, Diff: 0.2]
      [Ext Root Scanning (ms): Min: 0.0, Avg: 0.1, Max: 0.2, Diff: 0.2, Sum: 0.8]
      [Update RS (ms): Min: 15.8, Avg: 16.2, Max: 17.5, Diff: 1.7, Sum: 129.3]
         [Processed Buffers: Min: 9, Avg: 9.9, Max: 12, Diff: 3, Sum: 79]
      [Scan RS (ms): Min: 14.5, Avg: 15.8, Max: 16.2, Diff: 1.7, Sum: 126.0]
      [Code Root Scanning (ms): Min: 0.0, Avg: 0.0, Max: 0.0, Diff: 0.0, Sum: 0.0]
      [Object Copy (ms): Min: 116.6, Avg: 116.8, Max: 117.0, Diff: 0.4, Sum: 934.2]
      [Termination (ms): Min: 0.0, Avg: 0.1, Max: 0.2, Diff: 0.2, Sum: 1.0]
         [Termination Attempts: Min: 1, Avg: 382.6, Max: 482, Diff: 481, Sum: 3061]
      [GC Worker Other (ms): Min: 0.0, Avg: 0.1, Max: 0.1, Diff: 0.1, Sum: 0.4]
      [GC Worker Total (ms): Min: 148.8, Avg: 149.0, Max: 149.1, Diff: 0.3, Sum: 1191.9]
      [GC Worker End (ms): Min: 22740.5, Avg: 22740.6, Max: 22740.6, Diff: 0.1]
   [Code Root Fixup: 0.0 ms]
   [Code Root Purge: 0.0 ms]
   [Clear CT: 0.3 ms]
   [Other: 1.5 ms]
      [Choose CSet: 0.0 ms]
      [Ref Proc: 0.5 ms]
      [Ref Enq: 0.0 ms]
      [Redirty Cards: 0.6 ms]
      [Humongous Register: 0.1 ms]
      [Humongous Reclaim: 0.0 ms]
      [Free CSet: 0.1 ms]
   [Eden: 127.0M(127.0M)->0.0B(136.0M) Survivors: 20.0M->19.0M Heap: 706.2M(2048.0M)->707.7M(2048.0M)]
 [Times: user=1.08 sys=0.06, real=0.15 secs] 
2020-09-29T11:29:29.495+0200: 22.927: [GC pause (G1 Evacuation Pause) (young), 0.2710085 secs]
   [Parallel Time: 267.3 ms, GC Workers: 8]
      [GC Worker Start (ms): Min: 22927.6, Avg: 22927.7, Max: 22927.9, Diff: 0.3]
      [Ext Root Scanning (ms): Min: 0.1, Avg: 0.2, Max: 0.4, Diff: 0.3, Sum: 1.7]
      [Update RS (ms): Min: 32.1, Avg: 33.0, Max: 34.5, Diff: 2.4, Sum: 263.9]
         [Processed Buffers: Min: 11, Avg: 12.0, Max: 14, Diff: 3, Sum: 96]
      [Scan RS (ms): Min: 23.8, Avg: 25.4, Max: 26.7, Diff: 3.0, Sum: 203.5]
      [Code Root Scanning (ms): Min: 0.0, Avg: 0.0, Max: 0.0, Diff: 0.0, Sum: 0.0]
      [Object Copy (ms): Min: 207.7, Avg: 208.1, Max: 208.3, Diff: 0.6, Sum: 1664.6]
      [Termination (ms): Min: 0.0, Avg: 0.1, Max: 0.1, Diff: 0.1, Sum: 0.6]
         [Termination Attempts: Min: 1, Avg: 124.5, Max: 166, Diff: 165, Sum: 996]
      [GC Worker Other (ms): Min: 0.0, Avg: 0.1, Max: 0.1, Diff: 0.1, Sum: 0.6]
      [GC Worker Total (ms): Min: 266.7, Avg: 266.9, Max: 267.0, Diff: 0.3, Sum: 2134.9]
      [GC Worker End (ms): Min: 23194.6, Avg: 23194.6, Max: 23194.7, Diff: 0.1]
   [Code Root Fixup: 0.0 ms]
   [Code Root Purge: 0.0 ms]
   [Clear CT: 0.5 ms]
   [Other: 3.2 ms]
      [Choose CSet: 0.0 ms]
      [Ref Proc: 0.6 ms]
      [Ref Enq: 0.0 ms]
      [Redirty Cards: 1.7 ms]
      [Humongous Register: 0.1 ms]
      [Humongous Reclaim: 0.0 ms]
      [Free CSet: 0.3 ms]
   [Eden: 136.0M(136.0M)->0.0B(93.0M) Survivors: 19.0M->20.0M Heap: 866.6M(2048.0M)->868.6M(2048.0M)]
 [Times: user=1.91 sys=0.09, real=0.27 secs] 
2020-09-29T11:29:29.912+0200: 23.344: [GC pause (G1 Evacuation Pause) (young), 0.2053749 secs]
   [Parallel Time: 203.0 ms, GC Workers: 8]
      [GC Worker Start (ms): Min: 23344.3, Avg: 23344.5, Max: 23344.6, Diff: 0.4]
      [Ext Root Scanning (ms): Min: 0.0, Avg: 0.2, Max: 0.4, Diff: 0.4, Sum: 1.4]
      [Update RS (ms): Min: 23.9, Avg: 24.6, Max: 25.9, Diff: 2.0, Sum: 196.5]
         [Processed Buffers: Min: 8, Avg: 9.3, Max: 10, Diff: 2, Sum: 74]
      [Scan RS (ms): Min: 16.6, Avg: 17.9, Max: 18.7, Diff: 2.1, Sum: 143.4]
      [Code Root Scanning (ms): Min: 0.0, Avg: 0.0, Max: 0.0, Diff: 0.0, Sum: 0.0]
      [Object Copy (ms): Min: 159.0, Avg: 159.2, Max: 159.4, Diff: 0.5, Sum: 1273.6]
      [Termination (ms): Min: 0.0, Avg: 0.5, Max: 0.6, Diff: 0.6, Sum: 3.8]
         [Termination Attempts: Min: 1, Avg: 891.4, Max: 1132, Diff: 1131, Sum: 7131]
      [GC Worker Other (ms): Min: 0.0, Avg: 0.1, Max: 0.2, Diff: 0.1, Sum: 0.9]
      [GC Worker Total (ms): Min: 202.3, Avg: 202.5, Max: 202.7, Diff: 0.4, Sum: 1619.8]
      [GC Worker End (ms): Min: 23546.9, Avg: 23546.9, Max: 23547.0, Diff: 0.1]
   [Code Root Fixup: 0.0 ms]
   [Code Root Purge: 0.0 ms]
   [Clear CT: 0.5 ms]
   [Other: 1.9 ms]
      [Choose CSet: 0.0 ms]
      [Ref Proc: 0.6 ms]
      [Ref Enq: 0.0 ms]
      [Redirty Cards: 0.5 ms]
      [Humongous Register: 0.1 ms]
      [Humongous Reclaim: 0.0 ms]
      [Free CSet: 0.3 ms]
   [Eden: 93.0M(93.0M)->0.0B(87.0M) Survivors: 20.0M->15.0M Heap: 976.8M(2048.0M)->978.8M(2048.0M)]
 [Times: user=1.56 sys=0.03, real=0.21 secs] 
2020-09-29T11:29:30.124+0200: 23.557: [GC pause (G1 Humongous Allocation) (young) (initial-mark), 0.0850601 secs]
   [Parallel Time: 82.9 ms, GC Workers: 8]
      [GC Worker Start (ms): Min: 23556.8, Avg: 23557.0, Max: 23557.3, Diff: 0.5]
      [Ext Root Scanning (ms): Min: 0.0, Avg: 3.5, Max: 25.0, Diff: 25.0, Sum: 27.9]
      [Update RS (ms): Min: 22.3, Avg: 44.7, Max: 48.4, Diff: 26.1, Sum: 357.3]
         [Processed Buffers: Min: 9, Avg: 17.8, Max: 21, Diff: 12, Sum: 142]
      [Scan RS (ms): Min: 0.0, Avg: 0.6, Max: 1.2, Diff: 1.2, Sum: 4.7]
      [Code Root Scanning (ms): Min: 0.0, Avg: 0.0, Max: 0.0, Diff: 0.0, Sum: 0.0]
      [Object Copy (ms): Min: 33.6, Avg: 33.7, Max: 33.8, Diff: 0.2, Sum: 269.7]
      [Termination (ms): Min: 0.0, Avg: 0.0, Max: 0.0, Diff: 0.0, Sum: 0.1]
         [Termination Attempts: Min: 1, Avg: 19.1, Max: 31, Diff: 30, Sum: 153]
      [GC Worker Other (ms): Min: 0.0, Avg: 0.0, Max: 0.1, Diff: 0.0, Sum: 0.3]
      [GC Worker Total (ms): Min: 82.2, Avg: 82.5, Max: 82.7, Diff: 0.5, Sum: 660.0]
      [GC Worker End (ms): Min: 23639.5, Avg: 23639.5, Max: 23639.6, Diff: 0.0]
   [Code Root Fixup: 0.0 ms]
   [Code Root Purge: 0.0 ms]
   [Clear CT: 0.5 ms]
   [Other: 1.6 ms]
      [Choose CSet: 0.0 ms]
      [Ref Proc: 0.6 ms]
      [Ref Enq: 0.0 ms]
      [Redirty Cards: 0.5 ms]
      [Humongous Register: 0.1 ms]
      [Humongous Reclaim: 0.0 ms]
      [Free CSet: 0.1 ms]
   [Eden: 5120.0K(87.0M)->0.0B(96.0M) Survivors: 15.0M->6144.0K Heap: 983.3M(2048.0M)->986.8M(2048.0M)]
 [Times: user=0.59 sys=0.00, real=0.09 secs] 
2020-09-29T11:29:30.209+0200: 23.642: [GC concurrent-root-region-scan-start]
2020-09-29T11:29:30.212+0200: 23.645: [GC concurrent-root-region-scan-end, 0.0030632 secs]
2020-09-29T11:29:30.212+0200: 23.645: [GC concurrent-mark-start]
2020-09-29T11:29:30.220+0200: 23.652: [GC concurrent-mark-end, 0.0072705 secs]
2020-09-29T11:29:30.221+0200: 23.653: [GC remark 2020-09-29T11:29:30.221+0200: 23.653: [Finalize Marking, 0.0008986 secs] 2020-09-29T11:29:30.222+0200: 23.654: [GC ref-proc, 0.0015097 secs] 2020-09-29T11:29:30.223+0200: 23.656: [Unloading, 0.0020713 secs], 0.0056936 secs]
 [Times: user=0.01 sys=0.00, real=0.01 secs] 
2020-09-29T11:29:30.228+0200: 23.660: [GC cleanup 995M->24M(2048M), 0.0034486 secs]
 [Times: user=0.00 sys=0.00, real=0.00 secs] 
2020-09-29T11:29:30.232+0200: 23.664: [GC concurrent-cleanup-start]
2020-09-29T11:29:30.234+0200: 23.667: [GC concurrent-cleanup-end, 0.0027690 secs]
2020-09-29T11:29:30.364+0200: 23.797: [GC pause (G1 Evacuation Pause) (young), 0.1766919 secs]
   [Parallel Time: 174.4 ms, GC Workers: 8]
      [GC Worker Start (ms): Min: 23797.0, Avg: 23797.1, Max: 23797.4, Diff: 0.4]
      [Ext Root Scanning (ms): Min: 0.0, Avg: 0.2, Max: 0.4, Diff: 0.4, Sum: 1.8]
      [Update RS (ms): Min: 22.9, Avg: 23.8, Max: 25.2, Diff: 2.3, Sum: 190.3]
         [Processed Buffers: Min: 8, Avg: 9.4, Max: 12, Diff: 4, Sum: 75]
      [Scan RS (ms): Min: 12.8, Avg: 14.4, Max: 15.4, Diff: 2.6, Sum: 115.5]
      [Code Root Scanning (ms): Min: 0.0, Avg: 0.0, Max: 0.0, Diff: 0.0, Sum: 0.0]
      [Object Copy (ms): Min: 134.5, Avg: 134.8, Max: 135.0, Diff: 0.5, Sum: 1078.6]
      [Termination (ms): Min: 0.0, Avg: 0.4, Max: 0.5, Diff: 0.5, Sum: 3.0]
         [Termination Attempts: Min: 1, Avg: 734.6, Max: 926, Diff: 925, Sum: 5877]
      [GC Worker Other (ms): Min: 0.0, Avg: 0.1, Max: 0.2, Diff: 0.1, Sum: 0.5]
      [GC Worker Total (ms): Min: 173.5, Avg: 173.7, Max: 173.9, Diff: 0.4, Sum: 1389.7]
      [GC Worker End (ms): Min: 23970.8, Avg: 23970.9, Max: 23970.9, Diff: 0.0]
   [Code Root Fixup: 0.0 ms]
   [Code Root Purge: 0.0 ms]
   [Clear CT: 0.5 ms]
   [Other: 1.8 ms]
      [Choose CSet: 0.0 ms]
      [Ref Proc: 0.5 ms]
      [Ref Enq: 0.0 ms]
      [Redirty Cards: 0.5 ms]
      [Humongous Register: 0.1 ms]
      [Humongous Reclaim: 0.0 ms]
      [Free CSet: 0.3 ms]
   [Eden: 96.0M(96.0M)->0.0B(89.0M) Survivors: 6144.0K->13.0M Heap: 129.2M(2048.0M)->124.7M(2048.0M)]
 [Times: user=1.30 sys=0.06, real=0.18 secs] 
2020-09-29T11:29:30.695+0200: 24.127: [GC pause (G1 Evacuation Pause) (young), 0.2229610 secs]
   [Parallel Time: 219.6 ms, GC Workers: 8]
      [GC Worker Start (ms): Min: 24127.6, Avg: 24127.7, Max: 24127.8, Diff: 0.3]
      [Ext Root Scanning (ms): Min: 0.1, Avg: 0.2, Max: 0.3, Diff: 0.3, Sum: 1.7]
      [Update RS (ms): Min: 22.8, Avg: 23.4, Max: 25.2, Diff: 2.5, Sum: 186.9]
         [Processed Buffers: Min: 8, Avg: 9.8, Max: 15, Diff: 7, Sum: 78]
      [Scan RS (ms): Min: 16.4, Avg: 22.0, Max: 43.0, Diff: 26.5, Sum: 175.6]
      [Code Root Scanning (ms): Min: 0.0, Avg: 0.0, Max: 0.0, Diff: 0.0, Sum: 0.0]
      [Object Copy (ms): Min: 152.5, Avg: 173.1, Max: 177.2, Diff: 24.7, Sum: 1385.1]
      [Termination (ms): Min: 0.0, Avg: 0.4, Max: 0.5, Diff: 0.5, Sum: 3.5]
         [Termination Attempts: Min: 1, Avg: 928.9, Max: 1135, Diff: 1134, Sum: 7431]
      [GC Worker Other (ms): Min: 0.0, Avg: 0.1, Max: 0.1, Diff: 0.1, Sum: 0.5]
      [GC Worker Total (ms): Min: 219.0, Avg: 219.2, Max: 219.4, Diff: 0.3, Sum: 1753.4]
      [GC Worker End (ms): Min: 24346.8, Avg: 24346.9, Max: 24346.9, Diff: 0.1]
   [Code Root Fixup: 0.0 ms]
   [Code Root Purge: 0.0 ms]
   [Clear CT: 0.6 ms]
   [Other: 2.7 ms]
      [Choose CSet: 0.0 ms]
      [Ref Proc: 0.5 ms]
      [Ref Enq: 0.0 ms]
      [Redirty Cards: 1.4 ms]
      [Humongous Register: 0.1 ms]
      [Humongous Reclaim: 0.0 ms]
      [Free CSet: 0.3 ms]
   [Eden: 89.0M(89.0M)->0.0B(89.0M) Survivors: 13.0M->13.0M Heap: 228.9M(2048.0M)->231.4M(2048.0M)]
 [Times: user=1.52 sys=0.03, real=0.22 secs] 
2020-09-29T11:29:31.074+0200: 24.506: [GC pause (G1 Evacuation Pause) (young), 0.1654864 secs]
   [Parallel Time: 163.1 ms, GC Workers: 8]
      [GC Worker Start (ms): Min: 24506.0, Avg: 24506.2, Max: 24506.4, Diff: 0.4]
      [Ext Root Scanning (ms): Min: 0.0, Avg: 0.2, Max: 0.4, Diff: 0.4, Sum: 1.4]
      [Update RS (ms): Min: 13.1, Avg: 14.5, Max: 16.1, Diff: 3.0, Sum: 115.9]
         [Processed Buffers: Min: 5, Avg: 5.9, Max: 6, Diff: 1, Sum: 47]
      [Scan RS (ms): Min: 16.9, Avg: 18.7, Max: 20.7, Diff: 3.9, Sum: 149.5]
      [Code Root Scanning (ms): Min: 0.0, Avg: 0.0, Max: 0.0, Diff: 0.0, Sum: 0.0]
      [Object Copy (ms): Min: 128.4, Avg: 129.1, Max: 129.4, Diff: 0.9, Sum: 1033.1]
      [Termination (ms): Min: 0.0, Avg: 0.1, Max: 0.1, Diff: 0.1, Sum: 0.5]
         [Termination Attempts: Min: 1, Avg: 126.1, Max: 169, Diff: 168, Sum: 1009]
      [GC Worker Other (ms): Min: 0.0, Avg: 0.1, Max: 0.1, Diff: 0.1, Sum: 0.5]
      [GC Worker Total (ms): Min: 162.5, Avg: 162.6, Max: 162.8, Diff: 0.3, Sum: 1301.0]
      [GC Worker End (ms): Min: 24668.8, Avg: 24668.8, Max: 24668.9, Diff: 0.1]
   [Code Root Fixup: 0.0 ms]
   [Code Root Purge: 0.0 ms]
   [Clear CT: 0.7 ms]
   [Other: 1.7 ms]
      [Choose CSet: 0.0 ms]
      [Ref Proc: 0.4 ms]
      [Ref Enq: 0.0 ms]
      [Redirty Cards: 0.7 ms]
      [Humongous Register: 0.1 ms]
      [Humongous Reclaim: 0.0 ms]
      [Free CSet: 0.2 ms]
   [Eden: 89.0M(89.0M)->0.0B(89.0M) Survivors: 13.0M->13.0M Heap: 333.8M(2048.0M)->335.8M(2048.0M)]
 [Times: user=1.17 sys=0.06, real=0.17 secs] 
2020-09-29T11:29:31.379+0200: 24.811: [GC pause (G1 Evacuation Pause) (young), 0.1899965 secs]
   [Parallel Time: 187.1 ms, GC Workers: 8]
      [GC Worker Start (ms): Min: 24811.4, Avg: 24814.4, Max: 24835.2, Diff: 23.8]
      [Ext Root Scanning (ms): Min: 0.0, Avg: 0.2, Max: 0.3, Diff: 0.3, Sum: 1.5]
      [Update RS (ms): Min: 0.0, Avg: 18.3, Max: 21.7, Diff: 21.7, Sum: 146.6]
         [Processed Buffers: Min: 0, Avg: 7.1, Max: 10, Diff: 10, Sum: 57]
      [Scan RS (ms): Min: 17.1, Avg: 19.4, Max: 20.8, Diff: 3.7, Sum: 155.0]
      [Code Root Scanning (ms): Min: 0.0, Avg: 0.0, Max: 0.0, Diff: 0.0, Sum: 0.0]
      [Object Copy (ms): Min: 145.5, Avg: 145.7, Max: 145.8, Diff: 0.3, Sum: 1165.5]
      [Termination (ms): Min: 0.0, Avg: 0.1, Max: 0.2, Diff: 0.2, Sum: 0.9]
         [Termination Attempts: Min: 1, Avg: 9.5, Max: 20, Diff: 19, Sum: 76]
      [GC Worker Other (ms): Min: 0.0, Avg: 0.0, Max: 0.0, Diff: 0.0, Sum: 0.2]
      [GC Worker Total (ms): Min: 162.9, Avg: 183.7, Max: 186.8, Diff: 23.9, Sum: 1469.7]
      [GC Worker End (ms): Min: 24998.1, Avg: 24998.2, Max: 24998.2, Diff: 0.1]
   [Code Root Fixup: 0.0 ms]
   [Code Root Purge: 0.0 ms]
   [Clear CT: 0.6 ms]
   [Other: 2.3 ms]
      [Choose CSet: 0.0 ms]
      [Ref Proc: 0.9 ms]
      [Ref Enq: 0.0 ms]
      [Redirty Cards: 0.6 ms]
      [Humongous Register: 0.1 ms]
      [Humongous Reclaim: 0.0 ms]
      [Free CSet: 0.3 ms]
   [Eden: 89.0M(89.0M)->0.0B(89.0M) Survivors: 13.0M->13.0M Heap: 440.0M(2048.0M)->441.5M(2048.0M)]
 [Times: user=1.42 sys=0.09, real=0.19 secs] 
2020-09-29T11:29:31.715+0200: 25.148: [GC pause (G1 Evacuation Pause) (young), 0.1842563 secs]
   [Parallel Time: 181.6 ms, GC Workers: 8]
      [GC Worker Start (ms): Min: 25147.8, Avg: 25148.1, Max: 25148.2, Diff: 0.4]
      [Ext Root Scanning (ms): Min: 0.0, Avg: 0.2, Max: 0.4, Diff: 0.4, Sum: 1.4]
      [Update RS (ms): Min: 21.5, Avg: 22.6, Max: 24.7, Diff: 3.2, Sum: 181.0]
         [Processed Buffers: Min: 4, Avg: 8.5, Max: 11, Diff: 7, Sum: 68]
      [Scan RS (ms): Min: 13.5, Avg: 15.6, Max: 16.6, Diff: 3.1, Sum: 124.8]
      [Code Root Scanning (ms): Min: 0.0, Avg: 0.0, Max: 0.0, Diff: 0.0, Sum: 0.0]
      [Object Copy (ms): Min: 142.1, Avg: 142.3, Max: 142.5, Diff: 0.4, Sum: 1138.5]
      [Termination (ms): Min: 0.0, Avg: 0.1, Max: 0.2, Diff: 0.2, Sum: 1.0]
         [Termination Attempts: Min: 1, Avg: 262.9, Max: 320, Diff: 319, Sum: 2103]
      [GC Worker Other (ms): Min: 0.0, Avg: 0.1, Max: 0.1, Diff: 0.1, Sum: 0.6]
      [GC Worker Total (ms): Min: 180.7, Avg: 180.9, Max: 181.1, Diff: 0.3, Sum: 1447.3]
      [GC Worker End (ms): Min: 25328.9, Avg: 25329.0, Max: 25329.0, Diff: 0.1]
   [Code Root Fixup: 0.0 ms]
   [Code Root Purge: 0.0 ms]
   [Clear CT: 0.7 ms]
   [Other: 2.0 ms]
      [Choose CSet: 0.0 ms]
      [Ref Proc: 0.6 ms]
      [Ref Enq: 0.0 ms]
      [Redirty Cards: 0.7 ms]
      [Humongous Register: 0.1 ms]
      [Humongous Reclaim: 0.0 ms]
      [Free CSet: 0.2 ms]
   [Eden: 89.0M(89.0M)->0.0B(89.0M) Survivors: 13.0M->13.0M Heap: 545.8M(2048.0M)->547.3M(2048.0M)]
 [Times: user=1.47 sys=0.00, real=0.19 secs] 
2020-09-29T11:29:32.044+0200: 25.477: [GC pause (G1 Evacuation Pause) (young), 0.1625317 secs]
   [Parallel Time: 159.8 ms, GC Workers: 8]
      [GC Worker Start (ms): Min: 25477.5, Avg: 25477.8, Max: 25478.0, Diff: 0.4]
      [Ext Root Scanning (ms): Min: 0.0, Avg: 0.2, Max: 0.4, Diff: 0.4, Sum: 1.4]
      [Update RS (ms): Min: 16.8, Avg: 17.4, Max: 18.8, Diff: 2.0, Sum: 139.2]
         [Processed Buffers: Min: 7, Avg: 7.8, Max: 9, Diff: 2, Sum: 62]
      [Scan RS (ms): Min: 16.4, Avg: 17.9, Max: 18.7, Diff: 2.3, Sum: 143.1]
      [Code Root Scanning (ms): Min: 0.0, Avg: 0.0, Max: 0.0, Diff: 0.0, Sum: 0.0]
      [Object Copy (ms): Min: 123.2, Avg: 123.6, Max: 123.9, Diff: 0.7, Sum: 988.6]
      [Termination (ms): Min: 0.0, Avg: 0.1, Max: 0.1, Diff: 0.1, Sum: 0.4]
         [Termination Attempts: Min: 1, Avg: 92.8, Max: 124, Diff: 123, Sum: 742]
      [GC Worker Other (ms): Min: 0.0, Avg: 0.1, Max: 0.1, Diff: 0.1, Sum: 0.6]
      [GC Worker Total (ms): Min: 158.9, Avg: 159.2, Max: 159.4, Diff: 0.4, Sum: 1273.3]
      [GC Worker End (ms): Min: 25636.9, Avg: 25636.9, Max: 25637.0, Diff: 0.1]
   [Code Root Fixup: 0.0 ms]
   [Code Root Purge: 0.0 ms]
   [Clear CT: 0.9 ms]
   [Other: 1.8 ms]
      [Choose CSet: 0.0 ms]
      [Ref Proc: 0.3 ms]
      [Ref Enq: 0.0 ms]
      [Redirty Cards: 0.8 ms]
      [Humongous Register: 0.1 ms]
      [Humongous Reclaim: 0.0 ms]
      [Free CSet: 0.2 ms]
   [Eden: 89.0M(89.0M)->0.0B(89.0M) Survivors: 13.0M->13.0M Heap: 651.6M(2048.0M)->653.1M(2048.0M)]
 [Times: user=1.26 sys=0.00, real=0.16 secs] 
2020-09-29T11:29:32.346+0200: 25.778: [GC pause (G1 Evacuation Pause) (young), 0.1630515 secs]
   [Parallel Time: 160.7 ms, GC Workers: 8]
      [GC Worker Start (ms): Min: 25778.6, Avg: 25778.9, Max: 25779.0, Diff: 0.4]
      [Ext Root Scanning (ms): Min: 0.0, Avg: 0.2, Max: 0.4, Diff: 0.4, Sum: 1.4]
      [Update RS (ms): Min: 17.7, Avg: 18.2, Max: 19.2, Diff: 1.6, Sum: 145.9]
         [Processed Buffers: Min: 7, Avg: 8.4, Max: 10, Diff: 3, Sum: 67]
      [Scan RS (ms): Min: 16.5, Avg: 17.6, Max: 18.5, Diff: 2.0, Sum: 140.7]
      [Code Root Scanning (ms): Min: 0.0, Avg: 0.0, Max: 0.0, Diff: 0.0, Sum: 0.0]
      [Object Copy (ms): Min: 123.5, Avg: 124.0, Max: 124.2, Diff: 0.7, Sum: 991.8]
      [Termination (ms): Min: 0.0, Avg: 0.1, Max: 0.1, Diff: 0.1, Sum: 0.6]
         [Termination Attempts: Min: 1, Avg: 148.8, Max: 187, Diff: 186, Sum: 1190]
      [GC Worker Other (ms): Min: 0.0, Avg: 0.1, Max: 0.1, Diff: 0.1, Sum: 0.5]
      [GC Worker Total (ms): Min: 160.0, Avg: 160.1, Max: 160.4, Diff: 0.4, Sum: 1281.0]
      [GC Worker End (ms): Min: 25939.0, Avg: 25939.0, Max: 25939.1, Diff: 0.1]
   [Code Root Fixup: 0.0 ms]
   [Code Root Purge: 0.0 ms]
   [Clear CT: 0.6 ms]
   [Other: 1.7 ms]
      [Choose CSet: 0.0 ms]
      [Ref Proc: 0.4 ms]
      [Ref Enq: 0.0 ms]
      [Redirty Cards: 0.7 ms]
      [Humongous Register: 0.1 ms]
      [Humongous Reclaim: 0.0 ms]
      [Free CSet: 0.2 ms]
   [Eden: 89.0M(89.0M)->0.0B(89.0M) Survivors: 13.0M->13.0M Heap: 757.3M(2048.0M)->759.3M(2048.0M)]
 [Times: user=1.33 sys=0.02, real=0.16 secs] 
2020-09-29T11:29:32.654+0200: 26.086: [GC pause (G1 Evacuation Pause) (young), 0.2018493 secs]
   [Parallel Time: 198.4 ms, GC Workers: 8]
      [GC Worker Start (ms): Min: 26086.5, Avg: 26086.8, Max: 26086.9, Diff: 0.4]
      [Ext Root Scanning (ms): Min: 0.0, Avg: 0.2, Max: 0.4, Diff: 0.4, Sum: 1.5]
      [Update RS (ms): Min: 21.8, Avg: 22.6, Max: 23.8, Diff: 2.0, Sum: 180.8]
         [Processed Buffers: Min: 8, Avg: 8.8, Max: 10, Diff: 2, Sum: 70]
      [Scan RS (ms): Min: 9.6, Avg: 10.7, Max: 11.6, Diff: 2.0, Sum: 85.6]
      [Code Root Scanning (ms): Min: 0.0, Avg: 0.0, Max: 0.0, Diff: 0.0, Sum: 0.0]
      [Object Copy (ms): Min: 163.3, Avg: 163.6, Max: 164.4, Diff: 1.1, Sum: 1308.6]
      [Termination (ms): Min: 0.0, Avg: 0.7, Max: 0.9, Diff: 0.8, Sum: 5.8]
         [Termination Attempts: Min: 1, Avg: 1341.6, Max: 1623, Diff: 1622, Sum: 10733]
      [GC Worker Other (ms): Min: 0.0, Avg: 0.0, Max: 0.1, Diff: 0.1, Sum: 0.3]
      [GC Worker Total (ms): Min: 197.7, Avg: 197.8, Max: 198.0, Diff: 0.4, Sum: 1582.7]
      [GC Worker End (ms): Min: 26284.6, Avg: 26284.6, Max: 26284.6, Diff: 0.1]
   [Code Root Fixup: 0.0 ms]
   [Code Root Purge: 0.0 ms]
   [Clear CT: 1.5 ms]
   [Other: 1.9 ms]
      [Choose CSet: 0.0 ms]
      [Ref Proc: 0.5 ms]
      [Ref Enq: 0.0 ms]
      [Redirty Cards: 0.8 ms]
      [Humongous Register: 0.1 ms]
      [Humongous Reclaim: 0.0 ms]
      [Free CSet: 0.3 ms]
   [Eden: 89.0M(89.0M)->0.0B(89.0M) Survivors: 13.0M->13.0M Heap: 861.7M(2048.0M)->864.2M(2048.0M)]
 [Times: user=1.50 sys=0.00, real=0.20 secs] 
2020-09-29T11:29:32.997+0200: 26.429: [GC pause (G1 Evacuation Pause) (young), 0.1723700 secs]
   [Parallel Time: 168.4 ms, GC Workers: 8]
      [GC Worker Start (ms): Min: 26429.3, Avg: 26429.6, Max: 26430.4, Diff: 1.1]
      [Ext Root Scanning (ms): Min: 0.0, Avg: 0.2, Max: 0.4, Diff: 0.4, Sum: 1.4]
      [Update RS (ms): Min: 19.6, Avg: 21.1, Max: 23.7, Diff: 4.1, Sum: 168.8]
         [Processed Buffers: Min: 7, Avg: 8.0, Max: 9, Diff: 2, Sum: 64]
      [Scan RS (ms): Min: 14.5, Avg: 17.4, Max: 19.9, Diff: 5.3, Sum: 139.4]
      [Code Root Scanning (ms): Min: 0.0, Avg: 0.0, Max: 0.0, Diff: 0.0, Sum: 0.0]
      [Object Copy (ms): Min: 127.0, Avg: 128.8, Max: 129.2, Diff: 2.2, Sum: 1030.6]
      [Termination (ms): Min: 0.0, Avg: 0.0, Max: 0.0, Diff: 0.0, Sum: 0.1]
         [Termination Attempts: Min: 1, Avg: 26.9, Max: 35, Diff: 34, Sum: 215]
      [GC Worker Other (ms): Min: 0.0, Avg: 0.1, Max: 0.3, Diff: 0.2, Sum: 1.2]
      [GC Worker Total (ms): Min: 166.8, Avg: 167.7, Max: 167.9, Diff: 1.1, Sum: 1341.7]
      [GC Worker End (ms): Min: 26597.2, Avg: 26597.3, Max: 26597.4, Diff: 0.2]
   [Code Root Fixup: 0.0 ms]
   [Code Root Purge: 0.0 ms]
   [Clear CT: 1.5 ms]
   [Other: 2.5 ms]
      [Choose CSet: 0.0 ms]
      [Ref Proc: 0.9 ms]
      [Ref Enq: 0.0 ms]
      [Redirty Cards: 1.0 ms]
      [Humongous Register: 0.1 ms]
      [Humongous Reclaim: 0.0 ms]
      [Free CSet: 0.2 ms]
   [Eden: 89.0M(89.0M)->0.0B(89.0M) Survivors: 13.0M->13.0M Heap: 968.4M(2048.0M)->970.4M(2048.0M)]
 [Times: user=1.20 sys=0.03, real=0.17 secs] 
2020-09-29T11:29:33.184+0200: 26.616: [GC pause (G1 Humongous Allocation) (young) (initial-mark), 0.0788866 secs]
   [Parallel Time: 74.8 ms, GC Workers: 8]
      [GC Worker Start (ms): Min: 26616.5, Avg: 26616.7, Max: 26617.0, Diff: 0.5]
      [Ext Root Scanning (ms): Min: 0.0, Avg: 0.4, Max: 0.7, Diff: 0.6, Sum: 3.2]
      [Update RS (ms): Min: 26.2, Avg: 26.7, Max: 27.5, Diff: 1.4, Sum: 213.2]
         [Processed Buffers: Min: 10, Avg: 11.4, Max: 13, Diff: 3, Sum: 91]
      [Scan RS (ms): Min: 1.5, Avg: 2.4, Max: 2.9, Diff: 1.4, Sum: 19.2]
      [Code Root Scanning (ms): Min: 0.0, Avg: 0.0, Max: 0.0, Diff: 0.0, Sum: 0.0]
      [Object Copy (ms): Min: 44.0, Avg: 44.2, Max: 44.4, Diff: 0.5, Sum: 353.8]
      [Termination (ms): Min: 0.0, Avg: 0.4, Max: 0.5, Diff: 0.5, Sum: 3.1]
         [Termination Attempts: Min: 1, Avg: 728.6, Max: 913, Diff: 912, Sum: 5829]
      [GC Worker Other (ms): Min: 0.0, Avg: 0.1, Max: 0.1, Diff: 0.1, Sum: 0.4]
      [GC Worker Total (ms): Min: 73.8, Avg: 74.1, Max: 74.3, Diff: 0.5, Sum: 592.9]
      [GC Worker End (ms): Min: 26690.8, Avg: 26690.8, Max: 26690.8, Diff: 0.1]
   [Code Root Fixup: 0.0 ms]
   [Code Root Purge: 0.0 ms]
   [Clear CT: 1.2 ms]
   [Other: 2.9 ms]
      [Choose CSet: 0.0 ms]
      [Ref Proc: 1.0 ms]
      [Ref Enq: 0.0 ms]
      [Redirty Cards: 1.2 ms]
      [Humongous Register: 0.1 ms]
      [Humongous Reclaim: 0.0 ms]
      [Free CSet: 0.1 ms]
   [Eden: 5120.0K(89.0M)->0.0B(95.0M) Survivors: 13.0M->7168.0K Heap: 975.4M(2048.0M)->978.9M(2048.0M)]
 [Times: user=0.59 sys=0.00, real=0.08 secs] 
2020-09-29T11:29:33.263+0200: 26.695: [GC concurrent-root-region-scan-start]
2020-09-29T11:29:33.266+0200: 26.698: [GC concurrent-root-region-scan-end, 0.0031103 secs]
2020-09-29T11:29:33.266+0200: 26.698: [GC concurrent-mark-start]
2020-09-29T11:29:33.273+0200: 26.705: [GC concurrent-mark-end, 0.0061730 secs]
2020-09-29T11:29:33.273+0200: 26.705: [GC remark 2020-09-29T11:29:33.273+0200: 26.705: [Finalize Marking, 0.0005929 secs] 2020-09-29T11:29:33.274+0200: 26.706: [GC ref-proc, 0.0008124 secs] 2020-09-29T11:29:33.275+0200: 26.707: [Unloading, 0.0019106 secs], 0.0046284 secs]
 [Times: user=0.00 sys=0.00, real=0.01 secs] 
2020-09-29T11:29:33.279+0200: 26.711: [GC cleanup 987M->25M(2048M), 0.0051856 secs]
 [Times: user=0.00 sys=0.00, real=0.00 secs] 
2020-09-29T11:29:33.284+0200: 26.716: [GC concurrent-cleanup-start]
2020-09-29T11:29:33.287+0200: 26.719: [GC concurrent-cleanup-end, 0.0026597 secs]
2020-09-29T11:29:33.415+0200: 26.847: [GC pause (G1 Evacuation Pause) (young), 0.1561275 secs]
   [Parallel Time: 153.5 ms, GC Workers: 8]
      [GC Worker Start (ms): Min: 26847.1, Avg: 26847.4, Max: 26847.6, Diff: 0.4]
      [Ext Root Scanning (ms): Min: 0.0, Avg: 0.2, Max: 0.4, Diff: 0.4, Sum: 1.4]
      [Update RS (ms): Min: 13.5, Avg: 14.1, Max: 15.8, Diff: 2.2, Sum: 112.6]
         [Processed Buffers: Min: 6, Avg: 6.8, Max: 8, Diff: 2, Sum: 54]
      [Scan RS (ms): Min: 15.4, Avg: 17.2, Max: 17.7, Diff: 2.3, Sum: 137.3]
      [Code Root Scanning (ms): Min: 0.0, Avg: 0.0, Max: 0.0, Diff: 0.0, Sum: 0.0]
      [Object Copy (ms): Min: 121.2, Avg: 121.5, Max: 121.6, Diff: 0.4, Sum: 971.7]
      [Termination (ms): Min: 0.0, Avg: 0.1, Max: 0.1, Diff: 0.1, Sum: 0.7]
         [Termination Attempts: Min: 1, Avg: 157.9, Max: 211, Diff: 210, Sum: 1263]
      [GC Worker Other (ms): Min: 0.0, Avg: 0.1, Max: 0.2, Diff: 0.1, Sum: 0.8]
      [GC Worker Total (ms): Min: 152.8, Avg: 153.1, Max: 153.4, Diff: 0.5, Sum: 1224.5]
      [GC Worker End (ms): Min: 27000.4, Avg: 27000.4, Max: 27000.5, Diff: 0.1]
   [Code Root Fixup: 0.0 ms]
   [Code Root Purge: 0.0 ms]
   [Clear CT: 0.6 ms]
   [Other: 2.0 ms]
      [Choose CSet: 0.0 ms]
      [Ref Proc: 0.6 ms]
      [Ref Enq: 0.0 ms]
      [Redirty Cards: 0.6 ms]
      [Humongous Register: 0.1 ms]
      [Humongous Reclaim: 0.0 ms]
      [Free CSet: 0.2 ms]
   [Eden: 95.0M(95.0M)->0.0B(89.0M) Survivors: 7168.0K->13.0M Heap: 128.7M(2048.0M)->123.7M(2048.0M)]
 [Times: user=1.14 sys=0.03, real=0.16 secs] 
2020-09-29T11:29:33.717+0200: 27.150: [GC pause (G1 Evacuation Pause) (young), 0.1794798 secs]
   [Parallel Time: 176.4 ms, GC Workers: 8]
      [GC Worker Start (ms): Min: 27149.9, Avg: 27150.1, Max: 27150.3, Diff: 0.4]
      [Ext Root Scanning (ms): Min: 0.0, Avg: 0.2, Max: 0.4, Diff: 0.4, Sum: 1.5]
      [Update RS (ms): Min: 15.4, Avg: 16.4, Max: 21.4, Diff: 6.1, Sum: 130.8]
         [Processed Buffers: Min: 2, Avg: 7.1, Max: 12, Diff: 10, Sum: 57]
      [Scan RS (ms): Min: 14.7, Avg: 19.4, Max: 20.4, Diff: 5.7, Sum: 155.3]
      [Code Root Scanning (ms): Min: 0.0, Avg: 0.0, Max: 0.0, Diff: 0.0, Sum: 0.0]
      [Object Copy (ms): Min: 139.6, Avg: 139.9, Max: 140.1, Diff: 0.6, Sum: 1119.2]
      [Termination (ms): Min: 0.0, Avg: 0.1, Max: 0.1, Diff: 0.1, Sum: 0.9]
         [Termination Attempts: Min: 1, Avg: 36.5, Max: 48, Diff: 47, Sum: 292]
      [GC Worker Other (ms): Min: 0.0, Avg: 0.0, Max: 0.0, Diff: 0.0, Sum: 0.2]
      [GC Worker Total (ms): Min: 175.8, Avg: 176.0, Max: 176.2, Diff: 0.4, Sum: 1407.9]
      [GC Worker End (ms): Min: 27326.1, Avg: 27326.1, Max: 27326.1, Diff: 0.0]
   [Code Root Fixup: 0.0 ms]
   [Code Root Purge: 0.0 ms]
   [Clear CT: 1.1 ms]
   [Other: 2.0 ms]
      [Choose CSet: 0.0 ms]
      [Ref Proc: 0.6 ms]
      [Ref Enq: 0.0 ms]
      [Redirty Cards: 0.6 ms]
      [Humongous Register: 0.1 ms]
      [Humongous Reclaim: 0.0 ms]
      [Free CSet: 0.3 ms]
   [Eden: 89.0M(89.0M)->0.0B(89.0M) Survivors: 13.0M->13.0M Heap: 227.9M(2048.0M)->229.4M(2048.0M)]
 [Times: user=1.27 sys=0.03, real=0.18 secs] 
2020-09-29T11:29:34.046+0200: 27.479: [GC pause (G1 Evacuation Pause) (young), 0.1672032 secs]
   [Parallel Time: 163.4 ms, GC Workers: 8]
      [GC Worker Start (ms): Min: 27478.7, Avg: 27479.0, Max: 27479.1, Diff: 0.4]
      [Ext Root Scanning (ms): Min: 0.0, Avg: 0.2, Max: 0.4, Diff: 0.4, Sum: 1.4]
      [Update RS (ms): Min: 13.2, Avg: 14.3, Max: 16.1, Diff: 2.9, Sum: 114.6]
         [Processed Buffers: Min: 5, Avg: 5.8, Max: 7, Diff: 2, Sum: 46]
      [Scan RS (ms): Min: 17.7, Avg: 19.8, Max: 20.8, Diff: 3.1, Sum: 158.6]
      [Code Root Scanning (ms): Min: 0.0, Avg: 0.0, Max: 0.0, Diff: 0.0, Sum: 0.0]
      [Object Copy (ms): Min: 126.7, Avg: 128.3, Max: 128.7, Diff: 2.0, Sum: 1026.5]
      [Termination (ms): Min: 0.0, Avg: 0.1, Max: 0.1, Diff: 0.1, Sum: 0.7]
         [Termination Attempts: Min: 1, Avg: 174.0, Max: 227, Diff: 226, Sum: 1392]
      [GC Worker Other (ms): Min: 0.0, Avg: 0.1, Max: 0.1, Diff: 0.1, Sum: 0.5]
      [GC Worker Total (ms): Min: 162.6, Avg: 162.8, Max: 163.0, Diff: 0.4, Sum: 1302.4]
      [GC Worker End (ms): Min: 27641.7, Avg: 27641.8, Max: 27641.8, Diff: 0.1]
   [Code Root Fixup: 0.0 ms]
   [Code Root Purge: 0.0 ms]
   [Clear CT: 1.2 ms]
   [Other: 2.6 ms]
      [Choose CSet: 0.0 ms]
      [Ref Proc: 0.9 ms]
      [Ref Enq: 0.0 ms]
      [Redirty Cards: 1.1 ms]
      [Humongous Register: 0.1 ms]
      [Humongous Reclaim: 0.0 ms]
      [Free CSet: 0.2 ms]
   [Eden: 89.0M(89.0M)->0.0B(89.0M) Survivors: 13.0M->13.0M Heap: 331.8M(2048.0M)->333.8M(2048.0M)]
 [Times: user=1.22 sys=0.03, real=0.17 secs] 
2020-09-29T11:29:34.353+0200: 27.786: [GC pause (G1 Evacuation Pause) (young), 0.0644906 secs]
   [Parallel Time: 63.3 ms, GC Workers: 8]
      [GC Worker Start (ms): Min: 27786.3, Avg: 27786.4, Max: 27786.5, Diff: 0.3]
      [Ext Root Scanning (ms): Min: 0.0, Avg: 0.1, Max: 0.2, Diff: 0.2, Sum: 0.9]
      [Update RS (ms): Min: 11.5, Avg: 11.8, Max: 12.6, Diff: 1.1, Sum: 94.4]
         [Processed Buffers: Min: 7, Avg: 8.1, Max: 10, Diff: 3, Sum: 65]
      [Scan RS (ms): Min: 6.8, Avg: 7.5, Max: 7.9, Diff: 1.1, Sum: 60.4]
      [Code Root Scanning (ms): Min: 0.0, Avg: 0.0, Max: 0.0, Diff: 0.0, Sum: 0.0]
      [Object Copy (ms): Min: 43.3, Avg: 43.4, Max: 43.5, Diff: 0.1, Sum: 347.4]
      [Termination (ms): Min: 0.0, Avg: 0.0, Max: 0.1, Diff: 0.1, Sum: 0.3]
         [Termination Attempts: Min: 1, Avg: 269.6, Max: 377, Diff: 376, Sum: 2157]
      [GC Worker Other (ms): Min: 0.0, Avg: 0.0, Max: 0.0, Diff: 0.0, Sum: 0.2]
      [GC Worker Total (ms): Min: 62.8, Avg: 63.0, Max: 63.1, Diff: 0.3, Sum: 503.7]
      [GC Worker End (ms): Min: 27849.3, Avg: 27849.3, Max: 27849.4, Diff: 0.0]
   [Code Root Fixup: 0.0 ms]
   [Code Root Purge: 0.0 ms]
   [Clear CT: 0.5 ms]
   [Other: 0.7 ms]
      [Choose CSet: 0.0 ms]
      [Ref Proc: 0.2 ms]
      [Ref Enq: 0.0 ms]
      [Redirty Cards: 0.2 ms]
      [Humongous Register: 0.1 ms]
      [Humongous Reclaim: 0.0 ms]
      [Free CSet: 0.1 ms]
   [Eden: 89.0M(89.0M)->0.0B(98.0M) Survivors: 13.0M->13.0M Heap: 438.0M(2048.0M)->440.5M(2048.0M)]
 [Times: user=0.50 sys=0.00, real=0.07 secs] 
2020-09-29T11:29:34.469+0200: 27.902: [GC pause (G1 Evacuation Pause) (young), 0.0554296 secs]
   [Parallel Time: 54.5 ms, GC Workers: 8]
      [GC Worker Start (ms): Min: 27901.8, Avg: 27901.9, Max: 27902.0, Diff: 0.2]
      [Ext Root Scanning (ms): Min: 0.0, Avg: 0.1, Max: 0.2, Diff: 0.2, Sum: 0.5]
      [Update RS (ms): Min: 6.4, Avg: 6.5, Max: 6.7, Diff: 0.2, Sum: 52.1]
         [Processed Buffers: Min: 7, Avg: 8.6, Max: 12, Diff: 5, Sum: 69]
      [Scan RS (ms): Min: 4.7, Avg: 4.9, Max: 4.9, Diff: 0.2, Sum: 39.0]
      [Code Root Scanning (ms): Min: 0.0, Avg: 0.0, Max: 0.0, Diff: 0.0, Sum: 0.0]
      [Object Copy (ms): Min: 42.7, Avg: 42.7, Max: 42.8, Diff: 0.1, Sum: 341.7]
      [Termination (ms): Min: 0.0, Avg: 0.0, Max: 0.1, Diff: 0.1, Sum: 0.4]
         [Termination Attempts: Min: 1, Avg: 324.6, Max: 397, Diff: 396, Sum: 2597]
      [GC Worker Other (ms): Min: 0.0, Avg: 0.0, Max: 0.0, Diff: 0.0, Sum: 0.2]
      [GC Worker Total (ms): Min: 54.2, Avg: 54.2, Max: 54.3, Diff: 0.2, Sum: 433.7]
      [GC Worker End (ms): Min: 27956.2, Avg: 27956.2, Max: 27956.2, Diff: 0.0]
   [Code Root Fixup: 0.0 ms]
   [Code Root Purge: 0.0 ms]
   [Clear CT: 0.3 ms]
   [Other: 0.7 ms]
      [Choose CSet: 0.0 ms]
      [Ref Proc: 0.2 ms]
      [Ref Enq: 0.0 ms]
      [Redirty Cards: 0.2 ms]
      [Humongous Register: 0.0 ms]
      [Humongous Reclaim: 0.0 ms]
      [Free CSet: 0.1 ms]
   [Eden: 98.0M(98.0M)->0.0B(123.0M) Survivors: 13.0M->14.0M Heap: 555.7M(2048.0M)->558.2M(2048.0M)]
 [Times: user=0.50 sys=0.00, real=0.06 secs] 
2020-09-29T11:29:34.594+0200: 28.026: [GC pause (G1 Evacuation Pause) (young), 0.0713039 secs]
   [Parallel Time: 69.7 ms, GC Workers: 8]
      [GC Worker Start (ms): Min: 28026.4, Avg: 28026.5, Max: 28026.6, Diff: 0.2]
      [Ext Root Scanning (ms): Min: 0.0, Avg: 0.1, Max: 0.1, Diff: 0.1, Sum: 0.5]
      [Update RS (ms): Min: 8.2, Avg: 8.4, Max: 8.8, Diff: 0.6, Sum: 67.1]
         [Processed Buffers: Min: 9, Avg: 9.3, Max: 10, Diff: 1, Sum: 74]
      [Scan RS (ms): Min: 5.5, Avg: 6.0, Max: 6.2, Diff: 0.6, Sum: 47.9]
      [Code Root Scanning (ms): Min: 0.0, Avg: 0.0, Max: 0.0, Diff: 0.0, Sum: 0.0]
      [Object Copy (ms): Min: 55.0, Avg: 55.0, Max: 55.1, Diff: 0.1, Sum: 440.2]
      [Termination (ms): Min: 0.0, Avg: 0.0, Max: 0.0, Diff: 0.0, Sum: 0.0]
         [Termination Attempts: Min: 1, Avg: 18.5, Max: 29, Diff: 28, Sum: 148]
      [GC Worker Other (ms): Min: 0.0, Avg: 0.0, Max: 0.1, Diff: 0.1, Sum: 0.3]
      [GC Worker Total (ms): Min: 69.4, Avg: 69.5, Max: 69.6, Diff: 0.2, Sum: 556.0]
      [GC Worker End (ms): Min: 28096.0, Avg: 28096.0, Max: 28096.0, Diff: 0.1]
   [Code Root Fixup: 0.0 ms]
   [Code Root Purge: 0.0 ms]
   [Clear CT: 0.4 ms]
   [Other: 1.2 ms]
      [Choose CSet: 0.0 ms]
      [Ref Proc: 0.4 ms]
      [Ref Enq: 0.0 ms]
      [Redirty Cards: 0.4 ms]
      [Humongous Register: 0.0 ms]
      [Humongous Reclaim: 0.0 ms]
      [Free CSet: 0.1 ms]
   [Eden: 123.0M(123.0M)->0.0B(146.0M) Survivors: 14.0M->18.0M Heap: 700.3M(2048.0M)->702.3M(2048.0M)]
 [Times: user=0.59 sys=0.00, real=0.07 secs] 
2020-09-29T11:29:34.735+0200: 28.168: [GC pause (G1 Evacuation Pause) (young), 0.0888571 secs]
   [Parallel Time: 87.7 ms, GC Workers: 8]
      [GC Worker Start (ms): Min: 28167.7, Avg: 28167.8, Max: 28168.0, Diff: 0.3]
      [Ext Root Scanning (ms): Min: 0.0, Avg: 0.1, Max: 0.1, Diff: 0.1, Sum: 0.6]
      [Update RS (ms): Min: 8.5, Avg: 8.6, Max: 9.0, Diff: 0.5, Sum: 69.2]
         [Processed Buffers: Min: 9, Avg: 9.9, Max: 12, Diff: 3, Sum: 79]
      [Scan RS (ms): Min: 10.0, Avg: 10.4, Max: 10.6, Diff: 0.6, Sum: 83.1]
      [Code Root Scanning (ms): Min: 0.0, Avg: 0.0, Max: 0.0, Diff: 0.0, Sum: 0.0]
      [Object Copy (ms): Min: 68.1, Avg: 68.2, Max: 68.3, Diff: 0.2, Sum: 545.8]
      [Termination (ms): Min: 0.0, Avg: 0.0, Max: 0.0, Diff: 0.0, Sum: 0.2]
         [Termination Attempts: Min: 1, Avg: 137.9, Max: 166, Diff: 165, Sum: 1103]
      [GC Worker Other (ms): Min: 0.0, Avg: 0.0, Max: 0.1, Diff: 0.1, Sum: 0.4]
      [GC Worker Total (ms): Min: 87.1, Avg: 87.4, Max: 87.5, Diff: 0.4, Sum: 699.2]
      [GC Worker End (ms): Min: 28255.2, Avg: 28255.2, Max: 28255.3, Diff: 0.1]
   [Code Root Fixup: 0.0 ms]
   [Code Root Purge: 0.0 ms]
   [Clear CT: 0.2 ms]
   [Other: 0.9 ms]
      [Choose CSet: 0.0 ms]
      [Ref Proc: 0.3 ms]
      [Ref Enq: 0.0 ms]
      [Redirty Cards: 0.3 ms]
      [Humongous Register: 0.0 ms]
      [Humongous Reclaim: 0.0 ms]
      [Free CSet: 0.1 ms]
   [Eden: 146.0M(146.0M)->0.0B(166.0M) Survivors: 18.0M->21.0M Heap: 873.1M(2048.0M)->875.1M(2048.0M)]
 [Times: user=0.70 sys=0.05, real=0.09 secs] 
2020-09-29T11:29:34.909+0200: 28.342: [GC pause (G1 Evacuation Pause) (young), 0.1141324 secs]
   [Parallel Time: 113.3 ms, GC Workers: 8]
      [GC Worker Start (ms): Min: 28341.6, Avg: 28341.7, Max: 28341.8, Diff: 0.1]
      [Ext Root Scanning (ms): Min: 0.0, Avg: 0.1, Max: 0.1, Diff: 0.1, Sum: 0.4]
      [Update RS (ms): Min: 10.8, Avg: 11.0, Max: 11.2, Diff: 0.4, Sum: 87.7]
         [Processed Buffers: Min: 2, Avg: 10.9, Max: 15, Diff: 13, Sum: 87]
      [Scan RS (ms): Min: 13.7, Avg: 14.0, Max: 14.2, Diff: 0.5, Sum: 112.4]
      [Code Root Scanning (ms): Min: 0.0, Avg: 0.0, Max: 0.0, Diff: 0.0, Sum: 0.0]
      [Object Copy (ms): Min: 87.9, Avg: 88.0, Max: 88.1, Diff: 0.2, Sum: 703.9]
      [Termination (ms): Min: 0.0, Avg: 0.0, Max: 0.0, Diff: 0.0, Sum: 0.3]
         [Termination Attempts: Min: 1, Avg: 240.0, Max: 313, Diff: 312, Sum: 1920]
      [GC Worker Other (ms): Min: 0.0, Avg: 0.0, Max: 0.1, Diff: 0.1, Sum: 0.3]
      [GC Worker Total (ms): Min: 113.1, Avg: 113.1, Max: 113.2, Diff: 0.1, Sum: 905.0]
      [GC Worker End (ms): Min: 28454.8, Avg: 28454.8, Max: 28454.9, Diff: 0.1]
   [Code Root Fixup: 0.0 ms]
   [Code Root Purge: 0.0 ms]
   [Clear CT: 0.2 ms]
   [Other: 0.6 ms]
      [Choose CSet: 0.0 ms]
      [Ref Proc: 0.1 ms]
      [Ref Enq: 0.0 ms]
      [Redirty Cards: 0.2 ms]
      [Humongous Register: 0.0 ms]
      [Humongous Reclaim: 0.0 ms]
      [Free CSet: 0.1 ms]
   [Eden: 166.0M(166.0M)->0.0B(181.0M) Survivors: 21.0M->24.0M Heap: 1069.7M(2048.0M)->1072.2M(2048.0M)]
 [Times: user=0.94 sys=0.02, real=0.11 secs] 
2020-09-29T11:29:35.034+0200: 28.467: [GC pause (G1 Humongous Allocation) (young) (initial-mark), 0.0314852 secs]
   [Parallel Time: 30.8 ms, GC Workers: 8]
      [GC Worker Start (ms): Min: 28467.2, Avg: 28467.2, Max: 28467.4, Diff: 0.2]
      [Ext Root Scanning (ms): Min: 0.0, Avg: 0.3, Max: 1.0, Diff: 1.0, Sum: 2.3]
      [Update RS (ms): Min: 14.3, Avg: 15.0, Max: 15.3, Diff: 0.9, Sum: 119.9]
         [Processed Buffers: Min: 15, Avg: 17.0, Max: 19, Diff: 4, Sum: 136]
      [Scan RS (ms): Min: 1.5, Avg: 1.6, Max: 1.8, Diff: 0.4, Sum: 13.1]
      [Code Root Scanning (ms): Min: 0.0, Avg: 0.0, Max: 0.0, Diff: 0.0, Sum: 0.0]
      [Object Copy (ms): Min: 13.5, Avg: 13.6, Max: 13.7, Diff: 0.1, Sum: 108.9]
      [Termination (ms): Min: 0.0, Avg: 0.0, Max: 0.0, Diff: 0.0, Sum: 0.1]
         [Termination Attempts: Min: 1, Avg: 94.8, Max: 125, Diff: 124, Sum: 758]
      [GC Worker Other (ms): Min: 0.0, Avg: 0.0, Max: 0.0, Diff: 0.0, Sum: 0.2]
      [GC Worker Total (ms): Min: 30.4, Avg: 30.6, Max: 30.6, Diff: 0.2, Sum: 244.5]
      [GC Worker End (ms): Min: 28497.8, Avg: 28497.8, Max: 28497.8, Diff: 0.0]
   [Code Root Fixup: 0.0 ms]
   [Code Root Purge: 0.0 ms]
   [Clear CT: 0.1 ms]
   [Other: 0.6 ms]
      [Choose CSet: 0.0 ms]
      [Ref Proc: 0.2 ms]
      [Ref Enq: 0.0 ms]
      [Redirty Cards: 0.1 ms]
      [Humongous Register: 0.0 ms]
      [Humongous Reclaim: 0.0 ms]
      [Free CSet: 0.0 ms]
   [Eden: 10.0M(181.0M)->0.0B(228.0M) Survivors: 24.0M->11.0M Heap: 1081.7M(2048.0M)->1085.2M(2048.0M)]
 [Times: user=0.22 sys=0.00, real=0.03 secs] 
2020-09-29T11:29:35.066+0200: 28.499: [GC concurrent-root-region-scan-start]
2020-09-29T11:29:35.068+0200: 28.500: [GC concurrent-root-region-scan-end, 0.0017333 secs]
2020-09-29T11:29:35.068+0200: 28.500: [GC concurrent-mark-start]
2020-09-29T11:29:35.070+0200: 28.503: [GC concurrent-mark-end, 0.0023244 secs]
2020-09-29T11:29:35.070+0200: 28.503: [GC remark 2020-09-29T11:29:35.070+0200: 28.503: [Finalize Marking, 0.0001787 secs] 2020-09-29T11:29:35.070+0200: 28.503: [GC ref-proc, 0.0002960 secs] 2020-09-29T11:29:35.071+0200: 28.503: [Unloading, 0.0004194 secs], 0.0011799 secs]
 [Times: user=0.00 sys=0.00, real=0.00 secs] 
2020-09-29T11:29:35.072+0200: 28.504: [GC cleanup 1096M->31M(2048M), 0.0011519 secs]
 [Times: user=0.00 sys=0.00, real=0.00 secs] 
2020-09-29T11:29:35.073+0200: 28.506: [GC concurrent-cleanup-start]
2020-09-29T11:29:35.074+0200: 28.507: [GC concurrent-cleanup-end, 0.0012179 secs]
2020-09-29T11:29:35.182+0200: 28.615: [GC pause (G1 Evacuation Pause) (young), 0.1171776 secs]
   [Parallel Time: 116.3 ms, GC Workers: 8]
      [GC Worker Start (ms): Min: 28615.1, Avg: 28615.2, Max: 28615.3, Diff: 0.2]
      [Ext Root Scanning (ms): Min: 0.0, Avg: 0.0, Max: 0.2, Diff: 0.2, Sum: 0.4]
      [Update RS (ms): Min: 13.9, Avg: 14.3, Max: 14.6, Diff: 0.7, Sum: 114.0]
         [Processed Buffers: Min: 13, Avg: 14.3, Max: 16, Diff: 3, Sum: 114]
      [Scan RS (ms): Min: 12.7, Avg: 13.2, Max: 13.6, Diff: 1.0, Sum: 105.7]
      [Code Root Scanning (ms): Min: 0.0, Avg: 0.0, Max: 0.0, Diff: 0.0, Sum: 0.0]
      [Object Copy (ms): Min: 88.3, Avg: 88.5, Max: 88.6, Diff: 0.4, Sum: 708.1]
      [Termination (ms): Min: 0.0, Avg: 0.0, Max: 0.0, Diff: 0.0, Sum: 0.2]
         [Termination Attempts: Min: 1, Avg: 157.8, Max: 206, Diff: 205, Sum: 1262]
      [GC Worker Other (ms): Min: 0.0, Avg: 0.0, Max: 0.1, Diff: 0.0, Sum: 0.2]
      [GC Worker Total (ms): Min: 116.0, Avg: 116.1, Max: 116.2, Diff: 0.3, Sum: 928.6]
      [GC Worker End (ms): Min: 28731.3, Avg: 28731.3, Max: 28731.3, Diff: 0.0]
   [Code Root Fixup: 0.0 ms]
   [Code Root Purge: 0.0 ms]
   [Clear CT: 0.1 ms]
   [Other: 0.8 ms]
      [Choose CSet: 0.0 ms]
      [Ref Proc: 0.2 ms]
      [Ref Enq: 0.0 ms]
      [Redirty Cards: 0.2 ms]
      [Humongous Register: 0.0 ms]
      [Humongous Reclaim: 0.0 ms]
      [Free CSet: 0.1 ms]
   [Eden: 228.0M(228.0M)->0.0B(236.0M) Survivors: 11.0M->30.0M Heap: 287.1M(2048.0M)->277.6M(2048.0M)]
 [Times: user=0.81 sys=0.03, real=0.12 secs] 
2020-09-29T11:29:35.417+0200: 28.850: [GC pause (G1 Evacuation Pause) (young), 0.1619489 secs]
   [Parallel Time: 161.0 ms, GC Workers: 8]
      [GC Worker Start (ms): Min: 28850.1, Avg: 28850.2, Max: 28850.2, Diff: 0.2]
      [Ext Root Scanning (ms): Min: 0.0, Avg: 0.1, Max: 0.2, Diff: 0.2, Sum: 0.5]
      [Update RS (ms): Min: 12.2, Avg: 12.5, Max: 13.0, Diff: 0.8, Sum: 100.2]
         [Processed Buffers: Min: 13, Avg: 13.6, Max: 15, Diff: 2, Sum: 109]
      [Scan RS (ms): Min: 17.1, Avg: 17.5, Max: 18.0, Diff: 0.9, Sum: 140.4]
      [Code Root Scanning (ms): Min: 0.0, Avg: 0.0, Max: 0.0, Diff: 0.0, Sum: 0.0]
      [Object Copy (ms): Min: 129.9, Avg: 130.1, Max: 130.7, Diff: 0.7, Sum: 1041.0]
      [Termination (ms): Min: 0.0, Avg: 0.5, Max: 0.7, Diff: 0.7, Sum: 3.9]
         [Termination Attempts: Min: 1, Avg: 3279.5, Max: 4239, Diff: 4238, Sum: 26236]
      [GC Worker Other (ms): Min: 0.0, Avg: 0.1, Max: 0.1, Diff: 0.1, Sum: 0.5]
      [GC Worker Total (ms): Min: 160.8, Avg: 160.8, Max: 160.9, Diff: 0.1, Sum: 1286.5]
      [GC Worker End (ms): Min: 29010.9, Avg: 29011.0, Max: 29011.0, Diff: 0.1]
   [Code Root Fixup: 0.0 ms]
   [Code Root Purge: 0.0 ms]
   [Clear CT: 0.1 ms]
   [Other: 0.8 ms]
      [Choose CSet: 0.0 ms]
      [Ref Proc: 0.2 ms]
      [Ref Enq: 0.0 ms]
      [Redirty Cards: 0.2 ms]
      [Humongous Register: 0.0 ms]
      [Humongous Reclaim: 0.0 ms]
      [Free CSet: 0.2 ms]
   [Eden: 236.0M(236.0M)->0.0B(224.0M) Survivors: 30.0M->34.0M Heap: 553.7M(2048.0M)->554.7M(2048.0M)]
 [Times: user=1.08 sys=0.02, real=0.16 secs] 
2020-09-29T11:29:35.697+0200: 29.130: [GC pause (G1 Evacuation Pause) (young), 0.1593314 secs]
   [Parallel Time: 158.6 ms, GC Workers: 8]
      [GC Worker Start (ms): Min: 29130.1, Avg: 29130.3, Max: 29130.3, Diff: 0.2]
      [Ext Root Scanning (ms): Min: 0.0, Avg: 0.0, Max: 0.2, Diff: 0.2, Sum: 0.4]
      [Update RS (ms): Min: 12.8, Avg: 13.0, Max: 13.6, Diff: 0.8, Sum: 103.8]
         [Processed Buffers: Min: 12, Avg: 14.3, Max: 16, Diff: 4, Sum: 114]
      [Scan RS (ms): Min: 17.9, Avg: 18.6, Max: 19.3, Diff: 1.4, Sum: 148.8]
      [Code Root Scanning (ms): Min: 0.0, Avg: 0.0, Max: 0.0, Diff: 0.0, Sum: 0.0]
      [Object Copy (ms): Min: 126.1, Avg: 126.6, Max: 126.8, Diff: 0.7, Sum: 1013.1]
      [Termination (ms): Min: 0.0, Avg: 0.1, Max: 0.1, Diff: 0.1, Sum: 0.6]
         [Termination Attempts: Min: 1, Avg: 238.3, Max: 349, Diff: 348, Sum: 1906]
      [GC Worker Other (ms): Min: 0.0, Avg: 0.0, Max: 0.1, Diff: 0.1, Sum: 0.2]
      [GC Worker Total (ms): Min: 158.3, Avg: 158.4, Max: 158.5, Diff: 0.2, Sum: 1266.8]
      [GC Worker End (ms): Min: 29288.6, Avg: 29288.6, Max: 29288.6, Diff: 0.0]
   [Code Root Fixup: 0.0 ms]
   [Code Root Purge: 0.0 ms]
   [Clear CT: 0.1 ms]
   [Other: 0.6 ms]
      [Choose CSet: 0.0 ms]
      [Ref Proc: 0.2 ms]
      [Ref Enq: 0.0 ms]
      [Redirty Cards: 0.1 ms]
      [Humongous Register: 0.0 ms]
      [Humongous Reclaim: 0.0 ms]
      [Free CSet: 0.2 ms]
   [Eden: 224.0M(224.0M)->0.0B(224.0M) Survivors: 34.0M->33.0M Heap: 816.8M(2048.0M)->819.3M(2048.0M)]
 [Times: user=1.09 sys=0.08, real=0.16 secs] 
2020-09-29T11:29:35.973+0200: 29.405: [GC pause (G1 Evacuation Pause) (young), 0.1492591 secs]
   [Parallel Time: 148.2 ms, GC Workers: 8]
      [GC Worker Start (ms): Min: 29405.4, Avg: 29405.5, Max: 29405.6, Diff: 0.2]
      [Ext Root Scanning (ms): Min: 0.0, Avg: 0.1, Max: 0.2, Diff: 0.2, Sum: 0.5]
      [Update RS (ms): Min: 15.2, Avg: 15.5, Max: 15.8, Diff: 0.6, Sum: 124.0]
         [Processed Buffers: Min: 13, Avg: 14.5, Max: 17, Diff: 4, Sum: 116]
      [Scan RS (ms): Min: 17.9, Avg: 18.2, Max: 18.6, Diff: 0.7, Sum: 145.7]
      [Code Root Scanning (ms): Min: 0.0, Avg: 0.0, Max: 0.0, Diff: 0.0, Sum: 0.0]
      [Object Copy (ms): Min: 114.0, Avg: 114.1, Max: 114.2, Diff: 0.2, Sum: 912.9]
      [Termination (ms): Min: 0.0, Avg: 0.1, Max: 0.1, Diff: 0.1, Sum: 1.0]
         [Termination Attempts: Min: 1, Avg: 768.5, Max: 927, Diff: 926, Sum: 6148]
      [GC Worker Other (ms): Min: 0.0, Avg: 0.0, Max: 0.1, Diff: 0.1, Sum: 0.3]
      [GC Worker Total (ms): Min: 148.0, Avg: 148.1, Max: 148.2, Diff: 0.2, Sum: 1184.4]
      [GC Worker End (ms): Min: 29553.6, Avg: 29553.6, Max: 29553.6, Diff: 0.1]
   [Code Root Fixup: 0.0 ms]
   [Code Root Purge: 0.0 ms]
   [Clear CT: 0.2 ms]
   [Other: 0.8 ms]
      [Choose CSet: 0.0 ms]
      [Ref Proc: 0.3 ms]
      [Ref Enq: 0.0 ms]
      [Redirty Cards: 0.2 ms]
      [Humongous Register: 0.0 ms]
      [Humongous Reclaim: 0.0 ms]
      [Free CSet: 0.1 ms]
   [Eden: 224.0M(224.0M)->0.0B(235.0M) Survivors: 33.0M->33.0M Heap: 1079.6M(2048.0M)->1081.6M(2048.0M)]
 [Times: user=0.92 sys=0.09, real=0.15 secs] 
2020-09-29T11:29:36.130+0200: 29.563: [GC pause (G1 Humongous Allocation) (young) (initial-mark), 0.0475269 secs]
   [Parallel Time: 46.8 ms, GC Workers: 8]
      [GC Worker Start (ms): Min: 29562.9, Avg: 29563.0, Max: 29563.1, Diff: 0.1]
      [Ext Root Scanning (ms): Min: 0.0, Avg: 0.1, Max: 0.2, Diff: 0.2, Sum: 1.0]
      [Update RS (ms): Min: 26.4, Avg: 26.6, Max: 27.0, Diff: 0.6, Sum: 212.7]
         [Processed Buffers: Min: 29, Avg: 31.6, Max: 34, Diff: 5, Sum: 253]
      [Scan RS (ms): Min: 1.8, Avg: 2.1, Max: 2.3, Diff: 0.6, Sum: 16.9]
      [Code Root Scanning (ms): Min: 0.0, Avg: 0.0, Max: 0.0, Diff: 0.0, Sum: 0.0]
      [Object Copy (ms): Min: 17.7, Avg: 17.8, Max: 17.8, Diff: 0.1, Sum: 142.4]
      [Termination (ms): Min: 0.0, Avg: 0.0, Max: 0.0, Diff: 0.0, Sum: 0.2]
         [Termination Attempts: Min: 1, Avg: 183.0, Max: 248, Diff: 247, Sum: 1464]
      [GC Worker Other (ms): Min: 0.0, Avg: 0.0, Max: 0.0, Diff: 0.0, Sum: 0.2]
      [GC Worker Total (ms): Min: 46.6, Avg: 46.7, Max: 46.7, Diff: 0.2, Sum: 373.3]
      [GC Worker End (ms): Min: 29609.7, Avg: 29609.7, Max: 29609.7, Diff: 0.0]
   [Code Root Fixup: 0.0 ms]
   [Code Root Purge: 0.0 ms]
   [Clear CT: 0.1 ms]
   [Other: 0.6 ms]
      [Choose CSet: 0.0 ms]
      [Ref Proc: 0.2 ms]
      [Ref Enq: 0.0 ms]
      [Redirty Cards: 0.1 ms]
      [Humongous Register: 0.0 ms]
      [Humongous Reclaim: 0.0 ms]
      [Free CSet: 0.0 ms]
   [Eden: 4096.0K(235.0M)->0.0B(277.0M) Survivors: 33.0M->5120.0K Heap: 1085.6M(2048.0M)->1089.1M(2048.0M)]
 [Times: user=0.38 sys=0.00, real=0.05 secs] 
2020-09-29T11:29:36.178+0200: 29.610: [GC concurrent-root-region-scan-start]
2020-09-29T11:29:36.179+0200: 29.611: [GC concurrent-root-region-scan-end, 0.0008738 secs]
2020-09-29T11:29:36.179+0200: 29.611: [GC concurrent-mark-start]
2020-09-29T11:29:36.181+0200: 29.614: [GC concurrent-mark-end, 0.0021785 secs]
2020-09-29T11:29:36.181+0200: 29.614: [GC remark 2020-09-29T11:29:36.181+0200: 29.614: [Finalize Marking, 0.0001697 secs] 2020-09-29T11:29:36.181+0200: 29.614: [GC ref-proc, 0.0002562 secs] 2020-09-29T11:29:36.181+0200: 29.614: [Unloading, 0.0003844 secs], 0.0010704 secs]
 [Times: user=0.00 sys=0.00, real=0.00 secs] 
2020-09-29T11:29:36.182+0200: 29.615: [GC cleanup 1097M->23M(2048M), 0.0009326 secs]
 [Times: user=0.00 sys=0.00, real=0.00 secs] 
2020-09-29T11:29:36.183+0200: 29.616: [GC concurrent-cleanup-start]
2020-09-29T11:29:36.185+0200: 29.617: [GC concurrent-cleanup-end, 0.0011885 secs]
2020-09-29T11:29:36.324+0200: 29.756: [GC pause (G1 Evacuation Pause) (young), 0.1631130 secs]
   [Parallel Time: 162.0 ms, GC Workers: 8]
      [GC Worker Start (ms): Min: 29756.6, Avg: 29756.7, Max: 29756.7, Diff: 0.2]
      [Ext Root Scanning (ms): Min: 0.0, Avg: 0.1, Max: 0.2, Diff: 0.2, Sum: 0.6]
      [Update RS (ms): Min: 16.3, Avg: 16.5, Max: 16.7, Diff: 0.4, Sum: 131.7]
         [Processed Buffers: Min: 11, Avg: 15.0, Max: 18, Diff: 7, Sum: 120]
      [Scan RS (ms): Min: 19.3, Avg: 19.6, Max: 19.8, Diff: 0.5, Sum: 156.5]
      [Code Root Scanning (ms): Min: 0.0, Avg: 0.0, Max: 0.0, Diff: 0.0, Sum: 0.0]
      [Object Copy (ms): Min: 125.3, Avg: 125.4, Max: 125.7, Diff: 0.4, Sum: 1003.5]
      [Termination (ms): Min: 0.0, Avg: 0.2, Max: 0.2, Diff: 0.2, Sum: 1.2]
         [Termination Attempts: Min: 1, Avg: 1026.4, Max: 1319, Diff: 1318, Sum: 8211]
      [GC Worker Other (ms): Min: 0.0, Avg: 0.1, Max: 0.1, Diff: 0.1, Sum: 0.5]
      [GC Worker Total (ms): Min: 161.7, Avg: 161.8, Max: 161.9, Diff: 0.2, Sum: 1294.1]
      [GC Worker End (ms): Min: 29918.4, Avg: 29918.4, Max: 29918.5, Diff: 0.1]
   [Code Root Fixup: 0.0 ms]
   [Code Root Purge: 0.0 ms]
   [Clear CT: 0.2 ms]
   [Other: 0.8 ms]
      [Choose CSet: 0.0 ms]
      [Ref Proc: 0.1 ms]
      [Ref Enq: 0.0 ms]
      [Redirty Cards: 0.3 ms]
      [Humongous Register: 0.0 ms]
      [Humongous Reclaim: 0.0 ms]
      [Free CSet: 0.2 ms]
   [Eden: 277.0M(277.0M)->0.0B(249.0M) Survivors: 5120.0K->36.0M Heap: 339.7M(2048.0M)->336.7M(2048.0M)]
 [Times: user=1.14 sys=0.08, real=0.16 secs] 
2020-09-29T11:29:36.618+0200: 30.050: [GC pause (G1 Evacuation Pause) (young), 0.1530685 secs]
   [Parallel Time: 151.6 ms, GC Workers: 8]
      [GC Worker Start (ms): Min: 30050.5, Avg: 30050.6, Max: 30050.7, Diff: 0.1]
      [Ext Root Scanning (ms): Min: 0.0, Avg: 0.1, Max: 0.1, Diff: 0.1, Sum: 0.5]
      [Update RS (ms): Min: 16.7, Avg: 16.9, Max: 17.3, Diff: 0.5, Sum: 135.2]
         [Processed Buffers: Min: 17, Avg: 17.4, Max: 18, Diff: 1, Sum: 139]
      [Scan RS (ms): Min: 16.7, Avg: 17.0, Max: 17.2, Diff: 0.6, Sum: 135.8]
      [Code Root Scanning (ms): Min: 0.0, Avg: 0.0, Max: 0.0, Diff: 0.0, Sum: 0.0]
      [Object Copy (ms): Min: 117.0, Avg: 117.2, Max: 117.3, Diff: 0.2, Sum: 937.2]
      [Termination (ms): Min: 0.0, Avg: 0.0, Max: 0.0, Diff: 0.0, Sum: 0.0]
         [Termination Attempts: Min: 1, Avg: 7.3, Max: 13, Diff: 12, Sum: 58]
      [GC Worker Other (ms): Min: 0.0, Avg: 0.1, Max: 0.3, Diff: 0.3, Sum: 0.9]
      [GC Worker Total (ms): Min: 151.1, Avg: 151.2, Max: 151.4, Diff: 0.4, Sum: 1209.8]
      [GC Worker End (ms): Min: 30201.7, Avg: 30201.8, Max: 30202.0, Diff: 0.3]
   [Code Root Fixup: 0.0 ms]
   [Code Root Purge: 0.0 ms]
   [Clear CT: 0.1 ms]
   [Other: 1.3 ms]
      [Choose CSet: 0.0 ms]
      [Ref Proc: 0.8 ms]
      [Ref Enq: 0.0 ms]
      [Redirty Cards: 0.2 ms]
      [Humongous Register: 0.0 ms]
      [Humongous Reclaim: 0.0 ms]
      [Free CSet: 0.2 ms]
   [Eden: 249.0M(249.0M)->0.0B(259.0M) Survivors: 36.0M->36.0M Heap: 625.7M(2048.0M)->628.2M(2048.0M)]
 [Times: user=1.09 sys=0.05, real=0.15 secs] 
2020-09-29T11:29:36.897+0200: 30.330: [GC pause (G1 Evacuation Pause) (young), 0.1766886 secs]
   [Parallel Time: 175.8 ms, GC Workers: 8]
      [GC Worker Start (ms): Min: 30330.0, Avg: 30330.0, Max: 30330.1, Diff: 0.1]
      [Ext Root Scanning (ms): Min: 0.0, Avg: 0.1, Max: 0.1, Diff: 0.1, Sum: 0.6]
      [Update RS (ms): Min: 17.1, Avg: 17.4, Max: 17.7, Diff: 0.7, Sum: 139.1]
         [Processed Buffers: Min: 16, Avg: 17.6, Max: 20, Diff: 4, Sum: 141]
      [Scan RS (ms): Min: 22.0, Avg: 22.4, Max: 23.1, Diff: 1.1, Sum: 179.2]
      [Code Root Scanning (ms): Min: 0.0, Avg: 0.0, Max: 0.0, Diff: 0.0, Sum: 0.0]
      [Object Copy (ms): Min: 134.8, Avg: 135.7, Max: 135.8, Diff: 1.0, Sum: 1085.3]
      [Termination (ms): Min: 0.0, Avg: 0.0, Max: 0.1, Diff: 0.1, Sum: 0.3]
         [Termination Attempts: Min: 1, Avg: 272.6, Max: 352, Diff: 351, Sum: 2181]
      [GC Worker Other (ms): Min: 0.0, Avg: 0.1, Max: 0.1, Diff: 0.1, Sum: 0.5]
      [GC Worker Total (ms): Min: 175.6, Avg: 175.6, Max: 175.7, Diff: 0.1, Sum: 1404.9]
      [GC Worker End (ms): Min: 30505.6, Avg: 30505.6, Max: 30505.7, Diff: 0.1]
   [Code Root Fixup: 0.0 ms]
   [Code Root Purge: 0.0 ms]
   [Clear CT: 0.1 ms]
   [Other: 0.7 ms]
      [Choose CSet: 0.0 ms]
      [Ref Proc: 0.2 ms]
      [Ref Enq: 0.0 ms]
      [Redirty Cards: 0.2 ms]
      [Humongous Register: 0.0 ms]
      [Humongous Reclaim: 0.0 ms]
      [Free CSet: 0.1 ms]
   [Eden: 259.0M(259.0M)->0.0B(254.0M) Survivors: 36.0M->37.0M Heap: 931.1M(2048.0M)->933.1M(2048.0M)]
 [Times: user=1.36 sys=0.00, real=0.18 secs] 
2020-09-29T11:29:37.131+0200: 30.564: [GC pause (G1 Humongous Allocation) (young) (initial-mark), 0.0816385 secs]
   [Parallel Time: 80.9 ms, GC Workers: 8]
      [GC Worker Start (ms): Min: 30564.0, Avg: 30564.0, Max: 30564.1, Diff: 0.1]
      [Ext Root Scanning (ms): Min: 0.0, Avg: 0.1, Max: 0.2, Diff: 0.1, Sum: 0.7]
      [Update RS (ms): Min: 19.2, Avg: 19.6, Max: 20.1, Diff: 0.9, Sum: 157.1]
         [Processed Buffers: Min: 19, Avg: 20.1, Max: 21, Diff: 2, Sum: 161]
      [Scan RS (ms): Min: 3.0, Avg: 3.4, Max: 3.9, Diff: 0.9, Sum: 27.4]
      [Code Root Scanning (ms): Min: 0.0, Avg: 0.0, Max: 0.0, Diff: 0.0, Sum: 0.0]
      [Object Copy (ms): Min: 57.4, Avg: 57.5, Max: 57.5, Diff: 0.1, Sum: 459.6]
      [Termination (ms): Min: 0.0, Avg: 0.0, Max: 0.0, Diff: 0.0, Sum: 0.3]
         [Termination Attempts: Min: 1, Avg: 285.0, Max: 347, Diff: 346, Sum: 2280]
      [GC Worker Other (ms): Min: 0.0, Avg: 0.0, Max: 0.0, Diff: 0.0, Sum: 0.2]
      [GC Worker Total (ms): Min: 80.6, Avg: 80.7, Max: 80.7, Diff: 0.1, Sum: 645.4]
      [GC Worker End (ms): Min: 30644.7, Avg: 30644.7, Max: 30644.7, Diff: 0.0]
   [Code Root Fixup: 0.0 ms]
   [Code Root Purge: 0.0 ms]
   [Clear CT: 0.1 ms]
   [Other: 0.6 ms]
      [Choose CSet: 0.0 ms]
      [Ref Proc: 0.2 ms]
      [Ref Enq: 0.0 ms]
      [Redirty Cards: 0.2 ms]
      [Humongous Register: 0.0 ms]
      [Humongous Reclaim: 0.0 ms]
      [Free CSet: 0.1 ms]
   [Eden: 108.0M(254.0M)->0.0B(281.0M) Survivors: 37.0M->37.0M Heap: 1058.3M(2048.0M)->1060.3M(2048.0M)]
 [Times: user=0.59 sys=0.03, real=0.08 secs] 
2020-09-29T11:29:37.213+0200: 30.646: [GC concurrent-root-region-scan-start]
2020-09-29T11:29:37.219+0200: 30.652: [GC concurrent-root-region-scan-end, 0.0063249 secs]
2020-09-29T11:29:37.219+0200: 30.652: [GC concurrent-mark-start]
2020-09-29T11:29:37.222+0200: 30.654: [GC concurrent-mark-end, 0.0021102 secs]
2020-09-29T11:29:37.222+0200: 30.654: [GC remark 2020-09-29T11:29:37.222+0200: 30.654: [Finalize Marking, 0.0001632 secs] 2020-09-29T11:29:37.222+0200: 30.654: [GC ref-proc, 0.0002576 secs] 2020-09-29T11:29:37.222+0200: 30.655: [Unloading, 0.0004059 secs], 0.0010729 secs]
 [Times: user=0.00 sys=0.01, real=0.00 secs] 
2020-09-29T11:29:37.223+0200: 30.656: [GC cleanup 1082M->68M(2048M), 0.0010211 secs]
 [Times: user=0.00 sys=0.00, real=0.00 secs] 
2020-09-29T11:29:37.224+0200: 30.657: [GC concurrent-cleanup-start]
2020-09-29T11:29:37.225+0200: 30.658: [GC concurrent-cleanup-end, 0.0010500 secs]
2020-09-29T11:29:37.361+0200: 30.793: [GC pause (G1 Evacuation Pause) (young), 0.1652272 secs]
   [Parallel Time: 163.9 ms, GC Workers: 8]
      [GC Worker Start (ms): Min: 30793.1, Avg: 30793.2, Max: 30793.3, Diff: 0.2]
      [Ext Root Scanning (ms): Min: 0.0, Avg: 0.1, Max: 0.2, Diff: 0.2, Sum: 0.4]
      [Update RS (ms): Min: 22.8, Avg: 23.1, Max: 23.8, Diff: 1.0, Sum: 185.1]
         [Processed Buffers: Min: 21, Avg: 22.0, Max: 25, Diff: 4, Sum: 176]
      [Scan RS (ms): Min: 15.8, Avg: 16.5, Max: 17.0, Diff: 1.3, Sum: 132.1]
      [Code Root Scanning (ms): Min: 0.0, Avg: 0.0, Max: 0.0, Diff: 0.0, Sum: 0.0]
      [Object Copy (ms): Min: 122.7, Avg: 123.4, Max: 123.6, Diff: 0.9, Sum: 987.3]
      [Termination (ms): Min: 0.0, Avg: 0.1, Max: 0.2, Diff: 0.2, Sum: 1.0]
         [Termination Attempts: Min: 1, Avg: 657.8, Max: 1022, Diff: 1021, Sum: 5262]
      [GC Worker Other (ms): Min: 0.0, Avg: 0.1, Max: 0.4, Diff: 0.3, Sum: 0.4]
      [GC Worker Total (ms): Min: 163.2, Avg: 163.3, Max: 163.6, Diff: 0.4, Sum: 1306.4]
      [GC Worker End (ms): Min: 30956.5, Avg: 30956.5, Max: 30956.8, Diff: 0.4]
   [Code Root Fixup: 0.0 ms]
   [Code Root Purge: 0.0 ms]
   [Clear CT: 0.2 ms]
   [Other: 1.2 ms]
      [Choose CSet: 0.0 ms]
      [Ref Proc: 0.3 ms]
      [Ref Enq: 0.0 ms]
      [Redirty Cards: 0.5 ms]
      [Humongous Register: 0.0 ms]
      [Humongous Reclaim: 0.0 ms]
      [Free CSet: 0.2 ms]
   [Eden: 281.0M(281.0M)->0.0B(280.0M) Survivors: 37.0M->40.0M Heap: 375.7M(2048.0M)->341.2M(2048.0M)]
 [Times: user=1.33 sys=0.02, real=0.16 secs] 
2020-09-29T11:29:37.667+0200: 31.100: [GC pause (G1 Evacuation Pause) (young), 0.1762518 secs]
   [Parallel Time: 174.8 ms, GC Workers: 8]
      [GC Worker Start (ms): Min: 31099.8, Avg: 31099.9, Max: 31099.9, Diff: 0.2]
      [Ext Root Scanning (ms): Min: 0.0, Avg: 0.1, Max: 0.1, Diff: 0.1, Sum: 0.5]
      [Update RS (ms): Min: 18.7, Avg: 19.0, Max: 19.8, Diff: 1.1, Sum: 151.6]
         [Processed Buffers: Min: 17, Avg: 20.0, Max: 22, Diff: 5, Sum: 160]
      [Scan RS (ms): Min: 21.1, Avg: 21.8, Max: 22.1, Diff: 0.9, Sum: 174.2]
      [Code Root Scanning (ms): Min: 0.0, Avg: 0.0, Max: 0.0, Diff: 0.0, Sum: 0.0]
      [Object Copy (ms): Min: 133.6, Avg: 133.8, Max: 133.9, Diff: 0.3, Sum: 1070.5]
      [Termination (ms): Min: 0.0, Avg: 0.0, Max: 0.0, Diff: 0.0, Sum: 0.2]
         [Termination Attempts: Min: 1, Avg: 197.9, Max: 270, Diff: 269, Sum: 1583]
      [GC Worker Other (ms): Min: 0.0, Avg: 0.0, Max: 0.1, Diff: 0.1, Sum: 0.3]
      [GC Worker Total (ms): Min: 174.6, Avg: 174.7, Max: 174.8, Diff: 0.2, Sum: 1397.4]
      [GC Worker End (ms): Min: 31274.5, Avg: 31274.5, Max: 31274.6, Diff: 0.1]
   [Code Root Fixup: 0.0 ms]
   [Code Root Purge: 0.0 ms]
   [Clear CT: 0.2 ms]
   [Other: 1.2 ms]
      [Choose CSet: 0.0 ms]
      [Ref Proc: 0.2 ms]
      [Ref Enq: 0.0 ms]
      [Redirty Cards: 0.5 ms]
      [Humongous Register: 0.0 ms]
      [Humongous Reclaim: 0.0 ms]
      [Free CSet: 0.2 ms]
   [Eden: 280.0M(280.0M)->0.0B(271.0M) Survivors: 40.0M->40.0M Heap: 668.9M(2048.0M)->670.4M(2048.0M)]
 [Times: user=1.31 sys=0.06, real=0.18 secs] 
2020-09-29T11:29:37.989+0200: 31.422: [GC pause (G1 Evacuation Pause) (young), 0.1606082 secs]
   [Parallel Time: 159.6 ms, GC Workers: 8]
      [GC Worker Start (ms): Min: 31422.0, Avg: 31422.1, Max: 31422.2, Diff: 0.1]
      [Ext Root Scanning (ms): Min: 0.0, Avg: 0.1, Max: 0.2, Diff: 0.1, Sum: 0.6]
      [Update RS (ms): Min: 19.5, Avg: 19.8, Max: 20.0, Diff: 0.5, Sum: 158.3]
         [Processed Buffers: Min: 20, Avg: 21.9, Max: 25, Diff: 5, Sum: 175]
      [Scan RS (ms): Min: 13.5, Avg: 13.8, Max: 14.1, Diff: 0.6, Sum: 110.4]
      [Code Root Scanning (ms): Min: 0.0, Avg: 0.0, Max: 0.0, Diff: 0.0, Sum: 0.0]
      [Object Copy (ms): Min: 125.7, Avg: 125.7, Max: 125.8, Diff: 0.1, Sum: 1005.7]
      [Termination (ms): Min: 0.0, Avg: 0.0, Max: 0.1, Diff: 0.1, Sum: 0.4]
         [Termination Attempts: Min: 1, Avg: 312.1, Max: 414, Diff: 413, Sum: 2497]
      [GC Worker Other (ms): Min: 0.0, Avg: 0.0, Max: 0.1, Diff: 0.0, Sum: 0.3]
      [GC Worker Total (ms): Min: 159.4, Avg: 159.5, Max: 159.5, Diff: 0.1, Sum: 1275.8]
      [GC Worker End (ms): Min: 31581.6, Avg: 31581.6, Max: 31581.6, Diff: 0.0]
   [Code Root Fixup: 0.0 ms]
   [Code Root Purge: 0.0 ms]
   [Clear CT: 0.2 ms]
   [Other: 0.8 ms]
      [Choose CSet: 0.0 ms]
      [Ref Proc: 0.1 ms]
      [Ref Enq: 0.0 ms]
      [Redirty Cards: 0.2 ms]
      [Humongous Register: 0.0 ms]
      [Humongous Reclaim: 0.0 ms]
      [Free CSet: 0.2 ms]
   [Eden: 271.0M(271.0M)->0.0B(280.0M) Survivors: 40.0M->39.0M Heap: 985.2M(2048.0M)->987.2M(2048.0M)]
 [Times: user=1.19 sys=0.05, real=0.16 secs] 
2020-09-29T11:29:38.153+0200: 31.586: [GC pause (G1 Humongous Allocation) (young) (initial-mark), 0.0600463 secs]
   [Parallel Time: 59.3 ms, GC Workers: 8]
      [GC Worker Start (ms): Min: 31586.0, Avg: 31586.1, Max: 31586.2, Diff: 0.2]
      [Ext Root Scanning (ms): Min: 0.0, Avg: 0.1, Max: 0.2, Diff: 0.2, Sum: 0.7]
      [Update RS (ms): Min: 40.7, Avg: 40.9, Max: 41.1, Diff: 0.4, Sum: 327.3]
         [Processed Buffers: Min: 47, Avg: 49.4, Max: 52, Diff: 5, Sum: 395]
      [Scan RS (ms): Min: 0.1, Avg: 0.3, Max: 0.5, Diff: 0.4, Sum: 2.2]
      [Code Root Scanning (ms): Min: 0.0, Avg: 0.0, Max: 0.0, Diff: 0.0, Sum: 0.0]
      [Object Copy (ms): Min: 17.7, Avg: 17.8, Max: 17.8, Diff: 0.1, Sum: 142.2]
      [Termination (ms): Min: 0.0, Avg: 0.0, Max: 0.0, Diff: 0.0, Sum: 0.1]
         [Termination Attempts: Min: 1, Avg: 84.4, Max: 105, Diff: 104, Sum: 675]
      [GC Worker Other (ms): Min: 0.0, Avg: 0.0, Max: 0.1, Diff: 0.0, Sum: 0.2]
      [GC Worker Total (ms): Min: 59.0, Avg: 59.1, Max: 59.2, Diff: 0.2, Sum: 472.9]
      [GC Worker End (ms): Min: 31645.2, Avg: 31645.2, Max: 31645.2, Diff: 0.0]
   [Code Root Fixup: 0.0 ms]
   [Code Root Purge: 0.0 ms]
   [Clear CT: 0.1 ms]
   [Other: 0.6 ms]
      [Choose CSet: 0.0 ms]
      [Ref Proc: 0.1 ms]
      [Ref Enq: 0.0 ms]
      [Redirty Cards: 0.1 ms]
      [Humongous Register: 0.1 ms]
      [Humongous Reclaim: 0.0 ms]
      [Free CSet: 0.0 ms]
   [Eden: 4096.0K(280.0M)->0.0B(310.0M) Survivors: 39.0M->5120.0K Heap: 990.7M(2048.0M)->993.7M(2048.0M)]
 [Times: user=0.50 sys=0.00, real=0.06 secs] 
2020-09-29T11:29:38.213+0200: 31.646: [GC concurrent-root-region-scan-start]
2020-09-29T11:29:38.214+0200: 31.647: [GC concurrent-root-region-scan-end, 0.0008213 secs]
2020-09-29T11:29:38.214+0200: 31.647: [GC concurrent-mark-start]
2020-09-29T11:29:38.217+0200: 31.649: [GC concurrent-mark-end, 0.0024318 secs]
2020-09-29T11:29:38.217+0200: 31.649: [GC remark 2020-09-29T11:29:38.217+0200: 31.649: [Finalize Marking, 0.0001912 secs] 2020-09-29T11:29:38.218+0200: 31.650: [GC ref-proc, 0.0002970 secs] 2020-09-29T11:29:38.218+0200: 31.650: [Unloading, 0.0004250 secs], 0.0012152 secs]
 [Times: user=0.00 sys=0.00, real=0.00 secs] 
2020-09-29T11:29:38.219+0200: 31.651: [GC cleanup 1002M->23M(2048M), 0.0014103 secs]
 [Times: user=0.00 sys=0.00, real=0.00 secs] 
2020-09-29T11:29:38.220+0200: 31.652: [GC concurrent-cleanup-start]
2020-09-29T11:29:38.222+0200: 31.654: [GC concurrent-cleanup-end, 0.0012925 secs]
2020-09-29T11:29:38.385+0200: 31.818: [GC pause (G1 Evacuation Pause) (young), 0.1969107 secs]
   [Parallel Time: 195.8 ms, GC Workers: 8]
      [GC Worker Start (ms): Min: 31817.7, Avg: 31817.8, Max: 31817.8, Diff: 0.2]
      [Ext Root Scanning (ms): Min: 0.0, Avg: 0.1, Max: 0.3, Diff: 0.3, Sum: 0.6]
      [Update RS (ms): Min: 20.8, Avg: 21.0, Max: 21.3, Diff: 0.5, Sum: 168.3]
         [Processed Buffers: Min: 18, Avg: 20.3, Max: 22, Diff: 4, Sum: 162]
      [Scan RS (ms): Min: 20.7, Avg: 21.0, Max: 21.3, Diff: 0.5, Sum: 168.3]
      [Code Root Scanning (ms): Min: 0.0, Avg: 0.0, Max: 0.0, Diff: 0.0, Sum: 0.0]
      [Object Copy (ms): Min: 152.8, Avg: 153.0, Max: 153.2, Diff: 0.4, Sum: 1223.7]
      [Termination (ms): Min: 0.0, Avg: 0.3, Max: 0.4, Diff: 0.4, Sum: 2.5]
         [Termination Attempts: Min: 1, Avg: 2394.4, Max: 3181, Diff: 3180, Sum: 19155]
      [GC Worker Other (ms): Min: 0.0, Avg: 0.1, Max: 0.1, Diff: 0.1, Sum: 0.6]
      [GC Worker Total (ms): Min: 195.4, Avg: 195.5, Max: 195.6, Diff: 0.2, Sum: 1564.0]
      [GC Worker End (ms): Min: 32013.2, Avg: 32013.3, Max: 32013.3, Diff: 0.1]
   [Code Root Fixup: 0.0 ms]
   [Code Root Purge: 0.0 ms]
   [Clear CT: 0.2 ms]
   [Other: 0.9 ms]
      [Choose CSet: 0.0 ms]
      [Ref Proc: 0.3 ms]
      [Ref Enq: 0.0 ms]
      [Redirty Cards: 0.3 ms]
      [Humongous Register: 0.0 ms]
      [Humongous Reclaim: 0.0 ms]
      [Free CSet: 0.2 ms]
   [Eden: 310.0M(310.0M)->0.0B(255.0M) Survivors: 5120.0K->40.0M Heap: 377.9M(2048.0M)->375.9M(2048.0M)]
 [Times: user=1.38 sys=0.09, real=0.20 secs] 
2020-09-29T11:29:38.713+0200: 32.146: [GC pause (G1 Evacuation Pause) (young), 0.1732378 secs]
   [Parallel Time: 172.1 ms, GC Workers: 8]
      [GC Worker Start (ms): Min: 32145.7, Avg: 32145.8, Max: 32145.8, Diff: 0.2]
      [Ext Root Scanning (ms): Min: 0.0, Avg: 0.1, Max: 0.2, Diff: 0.2, Sum: 0.6]
      [Update RS (ms): Min: 19.8, Avg: 20.1, Max: 20.5, Diff: 0.6, Sum: 160.4]
         [Processed Buffers: Min: 19, Avg: 20.3, Max: 23, Diff: 4, Sum: 162]
      [Scan RS (ms): Min: 17.0, Avg: 17.5, Max: 17.8, Diff: 0.8, Sum: 139.8]
      [Code Root Scanning (ms): Min: 0.0, Avg: 0.0, Max: 0.0, Diff: 0.0, Sum: 0.0]
      [Object Copy (ms): Min: 133.9, Avg: 134.0, Max: 134.1, Diff: 0.3, Sum: 1072.0]
      [Termination (ms): Min: 0.0, Avg: 0.2, Max: 0.3, Diff: 0.3, Sum: 1.8]
         [Termination Attempts: Min: 1, Avg: 1661.4, Max: 2046, Diff: 2045, Sum: 13291]
      [GC Worker Other (ms): Min: 0.0, Avg: 0.0, Max: 0.1, Diff: 0.1, Sum: 0.3]
      [GC Worker Total (ms): Min: 171.8, Avg: 171.9, Max: 172.0, Diff: 0.2, Sum: 1375.0]
      [GC Worker End (ms): Min: 32317.6, Avg: 32317.7, Max: 32317.7, Diff: 0.1]
   [Code Root Fixup: 0.0 ms]
   [Code Root Purge: 0.0 ms]
   [Clear CT: 0.3 ms]
   [Other: 0.8 ms]
      [Choose CSet: 0.0 ms]
      [Ref Proc: 0.2 ms]
      [Ref Enq: 0.0 ms]
      [Redirty Cards: 0.2 ms]
      [Humongous Register: 0.0 ms]
      [Humongous Reclaim: 0.0 ms]
      [Free CSet: 0.2 ms]
   [Eden: 255.0M(255.0M)->0.0B(255.0M) Survivors: 40.0M->37.0M Heap: 672.9M(2048.0M)->674.4M(2048.0M)]
 [Times: user=1.27 sys=0.02, real=0.17 secs] 
2020-09-29T11:29:39.022+0200: 32.455: [GC pause (G1 Evacuation Pause) (young), 0.1568453 secs]
   [Parallel Time: 155.8 ms, GC Workers: 8]
      [GC Worker Start (ms): Min: 32454.7, Avg: 32454.7, Max: 32454.8, Diff: 0.1]
      [Ext Root Scanning (ms): Min: 0.0, Avg: 0.1, Max: 0.1, Diff: 0.1, Sum: 0.6]
      [Update RS (ms): Min: 15.1, Avg: 15.4, Max: 15.7, Diff: 0.7, Sum: 123.1]
         [Processed Buffers: Min: 15, Avg: 16.3, Max: 18, Diff: 3, Sum: 130]
      [Scan RS (ms): Min: 18.1, Avg: 18.6, Max: 19.0, Diff: 0.9, Sum: 148.5]
      [Code Root Scanning (ms): Min: 0.0, Avg: 0.0, Max: 0.0, Diff: 0.0, Sum: 0.0]
      [Object Copy (ms): Min: 121.4, Avg: 121.6, Max: 121.6, Diff: 0.2, Sum: 972.5]
      [Termination (ms): Min: 0.0, Avg: 0.0, Max: 0.0, Diff: 0.0, Sum: 0.3]
         [Termination Attempts: Min: 1, Avg: 229.5, Max: 300, Diff: 299, Sum: 1836]
      [GC Worker Other (ms): Min: 0.0, Avg: 0.0, Max: 0.1, Diff: 0.1, Sum: 0.3]
      [GC Worker Total (ms): Min: 155.6, Avg: 155.7, Max: 155.7, Diff: 0.1, Sum: 1245.2]
      [GC Worker End (ms): Min: 32610.4, Avg: 32610.4, Max: 32610.4, Diff: 0.1]
   [Code Root Fixup: 0.0 ms]
   [Code Root Purge: 0.0 ms]
   [Clear CT: 0.1 ms]
   [Other: 0.9 ms]
      [Choose CSet: 0.0 ms]
      [Ref Proc: 0.2 ms]
      [Ref Enq: 0.0 ms]
      [Redirty Cards: 0.3 ms]
      [Humongous Register: 0.0 ms]
      [Humongous Reclaim: 0.0 ms]
      [Free CSet: 0.2 ms]
   [Eden: 255.0M(255.0M)->0.0B(266.0M) Survivors: 37.0M->37.0M Heap: 971.3M(2048.0M)->973.3M(2048.0M)]
 [Times: user=1.25 sys=0.00, real=0.16 secs] 
2020-09-29T11:29:39.186+0200: 32.619: [GC pause (G1 Humongous Allocation) (young) (initial-mark), 0.0529888 secs]
   [Parallel Time: 52.2 ms, GC Workers: 8]
      [GC Worker Start (ms): Min: 32618.9, Avg: 32619.0, Max: 32619.0, Diff: 0.1]
      [Ext Root Scanning (ms): Min: 0.0, Avg: 0.1, Max: 0.1, Diff: 0.1, Sum: 0.7]
      [Update RS (ms): Min: 32.5, Avg: 32.7, Max: 33.1, Diff: 0.6, Sum: 261.9]
         [Processed Buffers: Min: 35, Avg: 38.3, Max: 40, Diff: 5, Sum: 306]
      [Scan RS (ms): Min: 2.1, Avg: 2.5, Max: 2.7, Diff: 0.6, Sum: 19.7]
      [Code Root Scanning (ms): Min: 0.0, Avg: 0.0, Max: 0.0, Diff: 0.0, Sum: 0.0]
      [Object Copy (ms): Min: 16.6, Avg: 16.7, Max: 16.8, Diff: 0.2, Sum: 133.8]
      [Termination (ms): Min: 0.0, Avg: 0.0, Max: 0.0, Diff: 0.0, Sum: 0.1]
         [Termination Attempts: Min: 1, Avg: 93.3, Max: 126, Diff: 125, Sum: 746]
      [GC Worker Other (ms): Min: 0.0, Avg: 0.0, Max: 0.0, Diff: 0.0, Sum: 0.1]
      [GC Worker Total (ms): Min: 52.0, Avg: 52.0, Max: 52.1, Diff: 0.1, Sum: 416.3]
      [GC Worker End (ms): Min: 32671.0, Avg: 32671.0, Max: 32671.0, Diff: 0.0]
   [Code Root Fixup: 0.0 ms]
   [Code Root Purge: 0.0 ms]
   [Clear CT: 0.2 ms]
   [Other: 0.6 ms]
      [Choose CSet: 0.0 ms]
      [Ref Proc: 0.1 ms]
      [Ref Enq: 0.0 ms]
      [Redirty Cards: 0.2 ms]
      [Humongous Register: 0.0 ms]
      [Humongous Reclaim: 0.0 ms]
      [Free CSet: 0.1 ms]
   [Eden: 5120.0K(266.0M)->0.0B(316.0M) Survivors: 37.0M->6144.0K Heap: 977.8M(2048.0M)->981.8M(2048.0M)]
 [Times: user=0.39 sys=0.00, real=0.05 secs] 
2020-09-29T11:29:39.239+0200: 32.672: [GC concurrent-root-region-scan-start]
2020-09-29T11:29:39.241+0200: 32.673: [GC concurrent-root-region-scan-end, 0.0014701 secs]
2020-09-29T11:29:39.241+0200: 32.673: [GC concurrent-mark-start]
2020-09-29T11:29:39.243+0200: 32.676: [GC concurrent-mark-end, 0.0027690 secs]
2020-09-29T11:29:39.244+0200: 32.676: [GC remark 2020-09-29T11:29:39.244+0200: 32.676: [Finalize Marking, 0.0002033 secs] 2020-09-29T11:29:39.244+0200: 32.677: [GC ref-proc, 0.0002825 secs] 2020-09-29T11:29:39.244+0200: 32.677: [Unloading, 0.0004328 secs], 0.0012685 secs]
 [Times: user=0.00 sys=0.00, real=0.00 secs] 
2020-09-29T11:29:39.245+0200: 32.678: [GC cleanup 991M->25M(2048M), 0.0012369 secs]
 [Times: user=0.00 sys=0.00, real=0.00 secs] 
2020-09-29T11:29:39.246+0200: 32.679: [GC concurrent-cleanup-start]
2020-09-29T11:29:39.247+0200: 32.680: [GC concurrent-cleanup-end, 0.0010777 secs]
2020-09-29T11:29:39.406+0200: 32.839: [GC pause (G1 Evacuation Pause) (young), 0.1797485 secs]
   [Parallel Time: 178.7 ms, GC Workers: 8]
      [GC Worker Start (ms): Min: 32838.9, Avg: 32839.0, Max: 32839.1, Diff: 0.2]
      [Ext Root Scanning (ms): Min: 0.0, Avg: 0.1, Max: 0.2, Diff: 0.2, Sum: 0.5]
      [Update RS (ms): Min: 21.7, Avg: 21.8, Max: 22.1, Diff: 0.4, Sum: 174.6]
         [Processed Buffers: Min: 19, Avg: 20.4, Max: 22, Diff: 3, Sum: 163]
      [Scan RS (ms): Min: 19.5, Avg: 19.7, Max: 19.9, Diff: 0.3, Sum: 157.6]
      [Code Root Scanning (ms): Min: 0.0, Avg: 0.0, Max: 0.0, Diff: 0.0, Sum: 0.0]
      [Object Copy (ms): Min: 136.7, Avg: 136.9, Max: 136.9, Diff: 0.2, Sum: 1095.0]
      [Termination (ms): Min: 0.0, Avg: 0.0, Max: 0.0, Diff: 0.0, Sum: 0.1]
         [Termination Attempts: Min: 1, Avg: 98.5, Max: 124, Diff: 123, Sum: 788]
      [GC Worker Other (ms): Min: 0.0, Avg: 0.1, Max: 0.1, Diff: 0.1, Sum: 0.4]
      [GC Worker Total (ms): Min: 178.4, Avg: 178.5, Max: 178.7, Diff: 0.2, Sum: 1428.2]
      [GC Worker End (ms): Min: 33017.5, Avg: 33017.6, Max: 33017.6, Diff: 0.1]
   [Code Root Fixup: 0.0 ms]
   [Code Root Purge: 0.0 ms]
   [Clear CT: 0.2 ms]
   [Other: 0.8 ms]
      [Choose CSet: 0.0 ms]
      [Ref Proc: 0.2 ms]
      [Ref Enq: 0.0 ms]
      [Redirty Cards: 0.2 ms]
      [Humongous Register: 0.0 ms]
      [Humongous Reclaim: 0.0 ms]
      [Free CSet: 0.2 ms]
   [Eden: 316.0M(316.0M)->0.0B(278.0M) Survivors: 6144.0K->41.0M Heap: 385.4M(2048.0M)->381.4M(2048.0M)]
 [Times: user=1.28 sys=0.08, real=0.18 secs] 
2020-09-29T11:29:39.735+0200: 33.168: [GC pause (G1 Evacuation Pause) (young), 0.1838741 secs]
   [Parallel Time: 181.0 ms, GC Workers: 8]
      [GC Worker Start (ms): Min: 33167.9, Avg: 33168.0, Max: 33168.0, Diff: 0.1]
      [Ext Root Scanning (ms): Min: 0.0, Avg: 0.1, Max: 0.1, Diff: 0.1, Sum: 0.6]
      [Update RS (ms): Min: 13.9, Avg: 14.2, Max: 14.7, Diff: 0.8, Sum: 113.8]
         [Processed Buffers: Min: 14, Avg: 14.6, Max: 16, Diff: 2, Sum: 117]
      [Scan RS (ms): Min: 21.6, Avg: 22.1, Max: 22.5, Diff: 0.8, Sum: 176.5]
      [Code Root Scanning (ms): Min: 0.0, Avg: 0.0, Max: 0.0, Diff: 0.0, Sum: 0.0]
      [Object Copy (ms): Min: 144.2, Avg: 144.2, Max: 144.5, Diff: 0.3, Sum: 1153.8]
      [Termination (ms): Min: 0.0, Avg: 0.3, Max: 0.3, Diff: 0.3, Sum: 2.1]
         [Termination Attempts: Min: 1, Avg: 2015.0, Max: 2533, Diff: 2532, Sum: 16120]
      [GC Worker Other (ms): Min: 0.0, Avg: 0.0, Max: 0.1, Diff: 0.1, Sum: 0.3]
      [GC Worker Total (ms): Min: 180.8, Avg: 180.9, Max: 181.0, Diff: 0.1, Sum: 1447.2]
      [GC Worker End (ms): Min: 33348.9, Avg: 33348.9, Max: 33348.9, Diff: 0.1]
   [Code Root Fixup: 0.0 ms]
   [Code Root Purge: 0.0 ms]
   [Clear CT: 0.2 ms]
   [Other: 2.6 ms]
      [Choose CSet: 0.0 ms]
      [Ref Proc: 0.2 ms]
      [Ref Enq: 0.0 ms]
      [Redirty Cards: 1.9 ms]
      [Humongous Register: 0.0 ms]
      [Humongous Reclaim: 0.0 ms]
      [Free CSet: 0.3 ms]
   [Eden: 278.0M(278.0M)->0.0B(263.0M) Survivors: 41.0M->40.0M Heap: 705.2M(2048.0M)->707.2M(2048.0M)]
 [Times: user=1.45 sys=0.02, real=0.18 secs] 
2020-09-29T11:29:40.064+0200: 33.497: [GC pause (G1 Evacuation Pause) (young), 0.1596343 secs]
   [Parallel Time: 158.7 ms, GC Workers: 8]
      [GC Worker Start (ms): Min: 33496.7, Avg: 33496.7, Max: 33496.8, Diff: 0.1]
      [Ext Root Scanning (ms): Min: 0.0, Avg: 0.1, Max: 0.2, Diff: 0.1, Sum: 0.6]
      [Update RS (ms): Min: 16.9, Avg: 17.3, Max: 17.7, Diff: 0.8, Sum: 138.6]
         [Processed Buffers: Min: 16, Avg: 16.3, Max: 18, Diff: 2, Sum: 130]
      [Scan RS (ms): Min: 19.3, Avg: 19.7, Max: 20.1, Diff: 0.7, Sum: 157.3]
      [Code Root Scanning (ms): Min: 0.0, Avg: 0.0, Max: 0.0, Diff: 0.0, Sum: 0.0]
      [Object Copy (ms): Min: 121.3, Avg: 121.4, Max: 121.5, Diff: 0.2, Sum: 971.3]
      [Termination (ms): Min: 0.0, Avg: 0.0, Max: 0.0, Diff: 0.0, Sum: 0.1]
         [Termination Attempts: Min: 1, Avg: 85.3, Max: 115, Diff: 114, Sum: 682]
      [GC Worker Other (ms): Min: 0.0, Avg: 0.0, Max: 0.1, Diff: 0.0, Sum: 0.3]
      [GC Worker Total (ms): Min: 158.5, Avg: 158.5, Max: 158.6, Diff: 0.1, Sum: 1268.3]
      [GC Worker End (ms): Min: 33655.2, Avg: 33655.3, Max: 33655.3, Diff: 0.0]
   [Code Root Fixup: 0.0 ms]
   [Code Root Purge: 0.0 ms]
   [Clear CT: 0.2 ms]
   [Other: 0.7 ms]
      [Choose CSet: 0.0 ms]
      [Ref Proc: 0.2 ms]
      [Ref Enq: 0.0 ms]
      [Redirty Cards: 0.2 ms]
      [Humongous Register: 0.0 ms]
      [Humongous Reclaim: 0.0 ms]
      [Free CSet: 0.1 ms]
   [Eden: 263.0M(263.0M)->0.0B(271.0M) Survivors: 40.0M->38.0M Heap: 1014.1M(2048.0M)->1016.1M(2048.0M)]
 [Times: user=1.33 sys=0.05, real=0.16 secs] 
2020-09-29T11:29:40.233+0200: 33.665: [GC pause (G1 Humongous Allocation) (young) (initial-mark), 0.0519891 secs]
   [Parallel Time: 51.2 ms, GC Workers: 8]
      [GC Worker Start (ms): Min: 33665.5, Avg: 33665.6, Max: 33665.7, Diff: 0.2]
      [Ext Root Scanning (ms): Min: 0.0, Avg: 0.2, Max: 0.3, Diff: 0.3, Sum: 1.4]
      [Update RS (ms): Min: 31.2, Avg: 31.4, Max: 31.9, Diff: 0.7, Sum: 251.5]
         [Processed Buffers: Min: 32, Avg: 36.8, Max: 39, Diff: 7, Sum: 294]
      [Scan RS (ms): Min: 2.1, Avg: 2.7, Max: 4.5, Diff: 2.4, Sum: 21.9]
      [Code Root Scanning (ms): Min: 0.0, Avg: 0.0, Max: 0.0, Diff: 0.0, Sum: 0.0]
      [Object Copy (ms): Min: 15.1, Avg: 16.7, Max: 17.0, Diff: 1.8, Sum: 133.6]
      [Termination (ms): Min: 0.0, Avg: 0.0, Max: 0.0, Diff: 0.0, Sum: 0.0]
         [Termination Attempts: Min: 1, Avg: 6.1, Max: 10, Diff: 9, Sum: 49]
      [GC Worker Other (ms): Min: 0.0, Avg: 0.0, Max: 0.0, Diff: 0.0, Sum: 0.1]
      [GC Worker Total (ms): Min: 51.0, Avg: 51.1, Max: 51.2, Diff: 0.2, Sum: 408.6]
      [GC Worker End (ms): Min: 33716.7, Avg: 33716.7, Max: 33716.7, Diff: 0.0]
   [Code Root Fixup: 0.0 ms]
   [Code Root Purge: 0.0 ms]
   [Clear CT: 0.2 ms]
   [Other: 0.6 ms]
      [Choose CSet: 0.0 ms]
      [Ref Proc: 0.2 ms]
      [Ref Enq: 0.0 ms]
      [Redirty Cards: 0.1 ms]
      [Humongous Register: 0.0 ms]
      [Humongous Reclaim: 0.0 ms]
      [Free CSet: 0.1 ms]
   [Eden: 2048.0K(271.0M)->0.0B(321.0M) Survivors: 38.0M->4096.0K Heap: 1017.6M(2048.0M)->1022.1M(2048.0M)]
 [Times: user=0.38 sys=0.00, real=0.05 secs] 
2020-09-29T11:29:40.285+0200: 33.717: [GC concurrent-root-region-scan-start]
2020-09-29T11:29:40.286+0200: 33.718: [GC concurrent-root-region-scan-end, 0.0005445 secs]
2020-09-29T11:29:40.286+0200: 33.718: [GC concurrent-mark-start]
2020-09-29T11:29:40.289+0200: 33.721: [GC concurrent-mark-end, 0.0034305 secs]
2020-09-29T11:29:40.289+0200: 33.722: [GC remark 2020-09-29T11:29:40.289+0200: 33.722: [Finalize Marking, 0.0001671 secs] 2020-09-29T11:29:40.289+0200: 33.722: [GC ref-proc, 0.0002896 secs] 2020-09-29T11:29:40.290+0200: 33.722: [Unloading, 0.0003901 secs], 0.0011250 secs]
 [Times: user=0.00 sys=0.00, real=0.00 secs] 
2020-09-29T11:29:40.291+0200: 33.723: [GC cleanup 1032M->24M(2048M), 0.0011672 secs]
 [Times: user=0.00 sys=0.00, real=0.00 secs] 
2020-09-29T11:29:40.292+0200: 33.724: [GC concurrent-cleanup-start]
2020-09-29T11:29:40.293+0200: 33.725: [GC concurrent-cleanup-end, 0.0011031 secs]
2020-09-29T11:29:40.451+0200: 33.883: [GC pause (G1 Evacuation Pause) (young), 0.1802917 secs]
   [Parallel Time: 179.2 ms, GC Workers: 8]
      [GC Worker Start (ms): Min: 33883.4, Avg: 33883.6, Max: 33883.6, Diff: 0.2]
      [Ext Root Scanning (ms): Min: 0.0, Avg: 0.1, Max: 0.2, Diff: 0.2, Sum: 0.5]
      [Update RS (ms): Min: 22.7, Avg: 22.8, Max: 23.0, Diff: 0.3, Sum: 182.2]
         [Processed Buffers: Min: 18, Avg: 19.9, Max: 23, Diff: 5, Sum: 159]
      [Scan RS (ms): Min: 25.1, Avg: 25.3, Max: 25.5, Diff: 0.4, Sum: 202.6]
      [Code Root Scanning (ms): Min: 0.0, Avg: 0.0, Max: 0.0, Diff: 0.0, Sum: 0.0]
      [Object Copy (ms): Min: 130.5, Avg: 130.7, Max: 130.8, Diff: 0.3, Sum: 1045.5]
      [Termination (ms): Min: 0.0, Avg: 0.0, Max: 0.0, Diff: 0.0, Sum: 0.1]
         [Termination Attempts: Min: 1, Avg: 87.3, Max: 121, Diff: 120, Sum: 698]
      [GC Worker Other (ms): Min: 0.0, Avg: 0.0, Max: 0.1, Diff: 0.1, Sum: 0.3]
      [GC Worker Total (ms): Min: 178.8, Avg: 178.9, Max: 179.1, Diff: 0.2, Sum: 1431.4]
      [GC Worker End (ms): Min: 34062.5, Avg: 34062.5, Max: 34062.5, Diff: 0.1]
   [Code Root Fixup: 0.0 ms]
   [Code Root Purge: 0.0 ms]
   [Clear CT: 0.2 ms]
   [Other: 0.9 ms]
      [Choose CSet: 0.0 ms]
      [Ref Proc: 0.2 ms]
      [Ref Enq: 0.0 ms]
      [Redirty Cards: 0.2 ms]
      [Humongous Register: 0.0 ms]
      [Humongous Reclaim: 0.0 ms]
      [Free CSet: 0.3 ms]
   [Eden: 321.0M(321.0M)->0.0B(275.0M) Survivors: 4096.0K->41.0M Heap: 390.3M(2048.0M)->388.8M(2048.0M)]
 [Times: user=1.44 sys=0.06, real=0.18 secs] 
2020-09-29T11:29:40.802+0200: 34.235: [GC pause (G1 Evacuation Pause) (young), 0.1656456 secs]
   [Parallel Time: 164.6 ms, GC Workers: 8]
      [GC Worker Start (ms): Min: 34234.9, Avg: 34235.0, Max: 34235.2, Diff: 0.3]
      [Ext Root Scanning (ms): Min: 0.0, Avg: 0.1, Max: 0.2, Diff: 0.2, Sum: 0.4]
      [Update RS (ms): Min: 17.2, Avg: 17.3, Max: 17.5, Diff: 0.3, Sum: 138.4]
         [Processed Buffers: Min: 18, Avg: 20.3, Max: 23, Diff: 5, Sum: 162]
      [Scan RS (ms): Min: 15.0, Avg: 15.4, Max: 16.7, Diff: 1.7, Sum: 123.3]
      [Code Root Scanning (ms): Min: 0.0, Avg: 0.0, Max: 0.0, Diff: 0.0, Sum: 0.0]
      [Object Copy (ms): Min: 130.1, Avg: 131.4, Max: 131.7, Diff: 1.6, Sum: 1051.6]
      [Termination (ms): Min: 0.0, Avg: 0.1, Max: 0.2, Diff: 0.2, Sum: 0.8]
         [Termination Attempts: Min: 1, Avg: 37.0, Max: 53, Diff: 52, Sum: 296]
      [GC Worker Other (ms): Min: 0.0, Avg: 0.0, Max: 0.1, Diff: 0.0, Sum: 0.2]
      [GC Worker Total (ms): Min: 164.2, Avg: 164.3, Max: 164.4, Diff: 0.2, Sum: 1314.7]
      [GC Worker End (ms): Min: 34399.3, Avg: 34399.4, Max: 34399.5, Diff: 0.2]
   [Code Root Fixup: 0.0 ms]
   [Code Root Purge: 0.0 ms]
   [Clear CT: 0.2 ms]
   [Other: 0.8 ms]
      [Choose CSet: 0.0 ms]
      [Ref Proc: 0.2 ms]
      [Ref Enq: 0.0 ms]
      [Redirty Cards: 0.2 ms]
      [Humongous Register: 0.0 ms]
      [Humongous Reclaim: 0.0 ms]
      [Free CSet: 0.2 ms]
   [Eden: 275.0M(275.0M)->0.0B(280.0M) Survivors: 41.0M->40.0M Heap: 709.6M(2048.0M)->712.1M(2048.0M)]
 [Times: user=1.13 sys=0.03, real=0.17 secs] 
2020-09-29T11:29:41.121+0200: 34.553: [GC pause (G1 Evacuation Pause) (young), 0.1627080 secs]
   [Parallel Time: 161.6 ms, GC Workers: 8]
      [GC Worker Start (ms): Min: 34552.9, Avg: 34553.1, Max: 34553.1, Diff: 0.2]
      [Ext Root Scanning (ms): Min: 0.0, Avg: 0.1, Max: 0.2, Diff: 0.2, Sum: 0.4]
      [Update RS (ms): Min: 18.5, Avg: 18.8, Max: 19.4, Diff: 0.9, Sum: 150.1]
         [Processed Buffers: Min: 17, Avg: 19.1, Max: 22, Diff: 5, Sum: 153]
      [Scan RS (ms): Min: 19.5, Avg: 20.1, Max: 20.4, Diff: 0.9, Sum: 160.6]
      [Code Root Scanning (ms): Min: 0.0, Avg: 0.0, Max: 0.0, Diff: 0.0, Sum: 0.0]
      [Object Copy (ms): Min: 122.2, Avg: 122.4, Max: 122.5, Diff: 0.2, Sum: 979.2]
      [Termination (ms): Min: 0.0, Avg: 0.1, Max: 0.1, Diff: 0.1, Sum: 0.7]
         [Termination Attempts: Min: 1, Avg: 596.9, Max: 853, Diff: 852, Sum: 4775]
      [GC Worker Other (ms): Min: 0.0, Avg: 0.0, Max: 0.1, Diff: 0.1, Sum: 0.3]
      [GC Worker Total (ms): Min: 161.3, Avg: 161.4, Max: 161.5, Diff: 0.2, Sum: 1291.3]
      [GC Worker End (ms): Min: 34714.4, Avg: 34714.5, Max: 34714.5, Diff: 0.1]
   [Code Root Fixup: 0.0 ms]
   [Code Root Purge: 0.0 ms]
   [Clear CT: 0.2 ms]
   [Other: 0.9 ms]
      [Choose CSet: 0.0 ms]
      [Ref Proc: 0.2 ms]
      [Ref Enq: 0.0 ms]
      [Redirty Cards: 0.2 ms]
      [Humongous Register: 0.0 ms]
      [Humongous Reclaim: 0.0 ms]
      [Free CSet: 0.2 ms]
   [Eden: 280.0M(280.0M)->0.0B(284.0M) Survivors: 40.0M->40.0M Heap: 1037.9M(2048.0M)->1039.4M(2048.0M)]
 [Times: user=1.23 sys=0.02, real=0.16 secs] 
2020-09-29T11:29:41.286+0200: 34.718: [GC pause (G1 Humongous Allocation) (young) (initial-mark), 0.0681667 secs]
   [Parallel Time: 67.3 ms, GC Workers: 8]
      [GC Worker Start (ms): Min: 34718.6, Avg: 34718.7, Max: 34718.8, Diff: 0.2]
      [Ext Root Scanning (ms): Min: 0.0, Avg: 0.8, Max: 5.6, Diff: 5.6, Sum: 6.5]
      [Update RS (ms): Min: 38.1, Avg: 42.7, Max: 43.6, Diff: 5.5, Sum: 341.8]
         [Processed Buffers: Min: 47, Avg: 51.3, Max: 54, Diff: 7, Sum: 410]
      [Scan RS (ms): Min: 0.1, Avg: 0.4, Max: 0.7, Diff: 0.6, Sum: 3.0]
      [Code Root Scanning (ms): Min: 0.0, Avg: 0.0, Max: 0.0, Diff: 0.0, Sum: 0.0]
      [Object Copy (ms): Min: 23.1, Avg: 23.1, Max: 23.2, Diff: 0.1, Sum: 184.9]
      [Termination (ms): Min: 0.0, Avg: 0.1, Max: 0.1, Diff: 0.1, Sum: 0.6]
         [Termination Attempts: Min: 1, Avg: 473.5, Max: 585, Diff: 584, Sum: 3788]
      [GC Worker Other (ms): Min: 0.0, Avg: 0.0, Max: 0.0, Diff: 0.0, Sum: 0.1]
      [GC Worker Total (ms): Min: 67.0, Avg: 67.1, Max: 67.2, Diff: 0.2, Sum: 537.0]
      [GC Worker End (ms): Min: 34785.8, Avg: 34785.8, Max: 34785.8, Diff: 0.0]
   [Code Root Fixup: 0.0 ms]
   [Code Root Purge: 0.0 ms]
   [Clear CT: 0.2 ms]
   [Other: 0.7 ms]
      [Choose CSet: 0.0 ms]
      [Ref Proc: 0.2 ms]
      [Ref Enq: 0.0 ms]
      [Redirty Cards: 0.2 ms]
      [Humongous Register: 0.0 ms]
      [Humongous Reclaim: 0.0 ms]
      [Free CSet: 0.1 ms]
   [Eden: 6144.0K(284.0M)->0.0B(292.0M) Survivors: 40.0M->7168.0K Heap: 1044.9M(2048.0M)->1048.4M(2048.0M)]
 [Times: user=0.49 sys=0.00, real=0.07 secs] 
2020-09-29T11:29:41.355+0200: 34.787: [GC concurrent-root-region-scan-start]
2020-09-29T11:29:41.356+0200: 34.788: [GC concurrent-root-region-scan-end, 0.0016507 secs]
2020-09-29T11:29:41.356+0200: 34.788: [GC concurrent-mark-start]
2020-09-29T11:29:41.359+0200: 34.791: [GC concurrent-mark-end, 0.0027234 secs]
2020-09-29T11:29:41.359+0200: 34.791: [GC remark 2020-09-29T11:29:41.359+0200: 34.791: [Finalize Marking, 0.0001280 secs] 2020-09-29T11:29:41.360+0200: 34.792: [GC ref-proc, 0.0002822 secs] 2020-09-29T11:29:41.360+0200: 34.792: [Unloading, 0.0004174 secs], 0.0010988 secs]
 [Times: user=0.00 sys=0.00, real=0.00 secs] 
2020-09-29T11:29:41.361+0200: 34.793: [GC cleanup 1058M->26M(2048M), 0.0011406 secs]
 [Times: user=0.00 sys=0.00, real=0.00 secs] 
2020-09-29T11:29:41.362+0200: 34.794: [GC concurrent-cleanup-start]
2020-09-29T11:29:41.363+0200: 34.795: [GC concurrent-cleanup-end, 0.0012210 secs]
2020-09-29T11:29:41.517+0200: 34.949: [GC pause (G1 Evacuation Pause) (young), 0.1538772 secs]
   [Parallel Time: 152.6 ms, GC Workers: 8]
      [GC Worker Start (ms): Min: 34949.5, Avg: 34949.6, Max: 34949.7, Diff: 0.2]
      [Ext Root Scanning (ms): Min: 0.0, Avg: 0.1, Max: 0.2, Diff: 0.2, Sum: 0.5]
      [Update RS (ms): Min: 17.4, Avg: 17.5, Max: 17.8, Diff: 0.5, Sum: 139.9]
         [Processed Buffers: Min: 15, Avg: 17.3, Max: 19, Diff: 4, Sum: 138]
      [Scan RS (ms): Min: 16.9, Avg: 17.3, Max: 17.5, Diff: 0.7, Sum: 138.0]
      [Code Root Scanning (ms): Min: 0.0, Avg: 0.0, Max: 0.0, Diff: 0.0, Sum: 0.0]
      [Object Copy (ms): Min: 117.4, Avg: 117.6, Max: 117.7, Diff: 0.3, Sum: 940.8]
      [Termination (ms): Min: 0.0, Avg: 0.0, Max: 0.0, Diff: 0.0, Sum: 0.0]
         [Termination Attempts: Min: 1, Avg: 16.5, Max: 24, Diff: 23, Sum: 132]
      [GC Worker Other (ms): Min: 0.0, Avg: 0.0, Max: 0.1, Diff: 0.1, Sum: 0.4]
      [GC Worker Total (ms): Min: 152.3, Avg: 152.4, Max: 152.6, Diff: 0.2, Sum: 1219.6]
      [GC Worker End (ms): Min: 35102.0, Avg: 35102.0, Max: 35102.1, Diff: 0.1]
   [Code Root Fixup: 0.0 ms]
   [Code Root Purge: 0.0 ms]
   [Clear CT: 0.2 ms]
   [Other: 1.0 ms]
      [Choose CSet: 0.0 ms]
      [Ref Proc: 0.2 ms]
      [Ref Enq: 0.0 ms]
      [Redirty Cards: 0.3 ms]
      [Humongous Register: 0.0 ms]
      [Humongous Reclaim: 0.0 ms]
      [Free CSet: 0.2 ms]
   [Eden: 292.0M(292.0M)->0.0B(276.0M) Survivors: 7168.0K->38.0M Heap: 358.6M(2048.0M)->353.6M(2048.0M)]
 [Times: user=1.22 sys=0.01, real=0.15 secs] 
2020-09-29T11:29:41.811+0200: 35.243: [GC pause (G1 Evacuation Pause) (young), 0.1574048 secs]
   [Parallel Time: 154.3 ms, GC Workers: 8]
      [GC Worker Start (ms): Min: 35242.8, Avg: 35242.9, Max: 35243.0, Diff: 0.2]
      [Ext Root Scanning (ms): Min: 0.0, Avg: 0.1, Max: 0.1, Diff: 0.1, Sum: 0.5]
      [Update RS (ms): Min: 18.0, Avg: 18.2, Max: 18.5, Diff: 0.5, Sum: 145.8]
         [Processed Buffers: Min: 16, Avg: 19.1, Max: 23, Diff: 7, Sum: 153]
      [Scan RS (ms): Min: 15.3, Avg: 15.5, Max: 15.8, Diff: 0.5, Sum: 124.0]
      [Code Root Scanning (ms): Min: 0.0, Avg: 0.0, Max: 0.0, Diff: 0.0, Sum: 0.0]
      [Object Copy (ms): Min: 120.1, Avg: 120.2, Max: 120.2, Diff: 0.1, Sum: 961.3]
      [Termination (ms): Min: 0.0, Avg: 0.0, Max: 0.0, Diff: 0.0, Sum: 0.1]
         [Termination Attempts: Min: 1, Avg: 87.6, Max: 116, Diff: 115, Sum: 701]
      [GC Worker Other (ms): Min: 0.0, Avg: 0.0, Max: 0.1, Diff: 0.1, Sum: 0.4]
      [GC Worker Total (ms): Min: 154.0, Avg: 154.0, Max: 154.1, Diff: 0.1, Sum: 1232.2]
      [GC Worker End (ms): Min: 35396.9, Avg: 35396.9, Max: 35396.9, Diff: 0.1]
   [Code Root Fixup: 0.0 ms]
   [Code Root Purge: 0.0 ms]
   [Clear CT: 0.2 ms]
   [Other: 2.9 ms]
      [Choose CSet: 0.0 ms]
      [Ref Proc: 0.2 ms]
      [Ref Enq: 0.0 ms]
      [Redirty Cards: 0.3 ms]
      [Humongous Register: 0.0 ms]
      [Humongous Reclaim: 0.0 ms]
      [Free CSet: 2.2 ms]
   [Eden: 276.0M(276.0M)->0.0B(282.0M) Survivors: 38.0M->40.0M Heap: 675.4M(2048.0M)->677.9M(2048.0M)]
 [Times: user=1.25 sys=0.00, real=0.16 secs] 
2020-09-29T11:29:42.128+0200: 35.560: [GC pause (G1 Evacuation Pause) (young), 0.1577966 secs]
   [Parallel Time: 156.7 ms, GC Workers: 8]
      [GC Worker Start (ms): Min: 35560.4, Avg: 35560.5, Max: 35560.5, Diff: 0.1]
      [Ext Root Scanning (ms): Min: 0.0, Avg: 0.1, Max: 0.2, Diff: 0.1, Sum: 0.6]
      [Update RS (ms): Min: 15.7, Avg: 15.7, Max: 15.9, Diff: 0.2, Sum: 126.0]
         [Processed Buffers: Min: 16, Avg: 18.0, Max: 20, Diff: 4, Sum: 144]
      [Scan RS (ms): Min: 16.9, Avg: 17.1, Max: 17.2, Diff: 0.3, Sum: 136.6]
      [Code Root Scanning (ms): Min: 0.0, Avg: 0.0, Max: 0.0, Diff: 0.0, Sum: 0.0]
      [Object Copy (ms): Min: 123.5, Avg: 123.6, Max: 123.6, Diff: 0.1, Sum: 988.7]
      [Termination (ms): Min: 0.0, Avg: 0.0, Max: 0.0, Diff: 0.0, Sum: 0.1]
         [Termination Attempts: Min: 1, Avg: 91.6, Max: 136, Diff: 135, Sum: 733]
      [GC Worker Other (ms): Min: 0.0, Avg: 0.0, Max: 0.1, Diff: 0.1, Sum: 0.3]
      [GC Worker Total (ms): Min: 156.5, Avg: 156.5, Max: 156.6, Diff: 0.1, Sum: 1252.4]
      [GC Worker End (ms): Min: 35717.0, Avg: 35717.0, Max: 35717.1, Diff: 0.1]
   [Code Root Fixup: 0.0 ms]
   [Code Root Purge: 0.0 ms]
   [Clear CT: 0.2 ms]
   [Other: 0.9 ms]
      [Choose CSet: 0.0 ms]
      [Ref Proc: 0.2 ms]
      [Ref Enq: 0.0 ms]
      [Redirty Cards: 0.2 ms]
      [Humongous Register: 0.0 ms]
      [Humongous Reclaim: 0.0 ms]
      [Free CSet: 0.3 ms]
   [Eden: 282.0M(282.0M)->0.0B(294.0M) Survivors: 40.0M->41.0M Heap: 1007.6M(2048.0M)->1010.1M(2048.0M)]
 [Times: user=1.22 sys=0.05, real=0.16 secs] 
2020-09-29T11:29:42.297+0200: 35.729: [GC pause (G1 Humongous Allocation) (young) (initial-mark), 0.0663659 secs]
   [Parallel Time: 65.3 ms, GC Workers: 8]
      [GC Worker Start (ms): Min: 35729.2, Avg: 35729.2, Max: 35729.3, Diff: 0.1]
      [Ext Root Scanning (ms): Min: 0.0, Avg: 0.1, Max: 0.1, Diff: 0.1, Sum: 0.6]
      [Update RS (ms): Min: 33.0, Avg: 33.2, Max: 33.3, Diff: 0.3, Sum: 265.5]
         [Processed Buffers: Min: 36, Avg: 38.4, Max: 40, Diff: 4, Sum: 307]
      [Scan RS (ms): Min: 2.4, Avg: 2.6, Max: 2.7, Diff: 0.3, Sum: 20.4]
      [Code Root Scanning (ms): Min: 0.0, Avg: 0.0, Max: 0.0, Diff: 0.0, Sum: 0.0]
      [Object Copy (ms): Min: 29.0, Avg: 29.1, Max: 29.4, Diff: 0.4, Sum: 233.0]
      [Termination (ms): Min: 0.0, Avg: 0.2, Max: 0.2, Diff: 0.2, Sum: 1.5]
         [Termination Attempts: Min: 1, Avg: 1321.1, Max: 1597, Diff: 1596, Sum: 10569]
      [GC Worker Other (ms): Min: 0.0, Avg: 0.0, Max: 0.0, Diff: 0.0, Sum: 0.1]
      [GC Worker Total (ms): Min: 65.1, Avg: 65.1, Max: 65.2, Diff: 0.1, Sum: 521.1]
      [GC Worker End (ms): Min: 35794.4, Avg: 35794.4, Max: 35794.4, Diff: 0.0]
   [Code Root Fixup: 0.0 ms]
   [Code Root Purge: 0.0 ms]
   [Clear CT: 0.3 ms]
   [Other: 0.7 ms]
      [Choose CSet: 0.0 ms]
      [Ref Proc: 0.1 ms]
      [Ref Enq: 0.0 ms]
      [Redirty Cards: 0.2 ms]
      [Humongous Register: 0.1 ms]
      [Humongous Reclaim: 0.0 ms]
      [Free CSet: 0.1 ms]
   [Eden: 9216.0K(294.0M)->0.0B(286.0M) Survivors: 41.0M->11.0M Heap: 1018.6M(2048.0M)->1022.6M(2048.0M)]
 [Times: user=0.48 sys=0.02, real=0.07 secs] 
2020-09-29T11:29:42.363+0200: 35.795: [GC concurrent-root-region-scan-start]
2020-09-29T11:29:42.365+0200: 35.797: [GC concurrent-root-region-scan-end, 0.0018535 secs]
2020-09-29T11:29:42.365+0200: 35.797: [GC concurrent-mark-start]
2020-09-29T11:29:42.367+0200: 35.800: [GC concurrent-mark-end, 0.0022078 secs]
2020-09-29T11:29:42.368+0200: 35.800: [GC remark 2020-09-29T11:29:42.368+0200: 35.800: [Finalize Marking, 0.0001289 secs] 2020-09-29T11:29:42.368+0200: 35.800: [GC ref-proc, 0.0002573 secs] 2020-09-29T11:29:42.368+0200: 35.800: [Unloading, 0.0003976 secs], 0.0011287 secs]
 [Times: user=0.00 sys=0.00, real=0.00 secs] 
2020-09-29T11:29:42.369+0200: 35.801: [GC cleanup 1033M->31M(2048M), 0.0010901 secs]
 [Times: user=0.00 sys=0.00, real=0.00 secs] 
2020-09-29T11:29:42.370+0200: 35.802: [GC concurrent-cleanup-start]
2020-09-29T11:29:42.371+0200: 35.803: [GC concurrent-cleanup-end, 0.0011572 secs]
2020-09-29T11:29:42.528+0200: 35.960: [GC pause (G1 Evacuation Pause) (young), 0.1782846 secs]
   [Parallel Time: 177.3 ms, GC Workers: 8]
      [GC Worker Start (ms): Min: 35960.6, Avg: 35960.7, Max: 35960.8, Diff: 0.2]
      [Ext Root Scanning (ms): Min: 0.0, Avg: 0.1, Max: 0.2, Diff: 0.2, Sum: 0.5]
      [Update RS (ms): Min: 22.3, Avg: 22.8, Max: 23.2, Diff: 0.9, Sum: 182.4]
         [Processed Buffers: Min: 18, Avg: 18.5, Max: 20, Diff: 2, Sum: 148]
      [Scan RS (ms): Min: 19.3, Avg: 19.7, Max: 20.4, Diff: 1.1, Sum: 157.6]
      [Code Root Scanning (ms): Min: 0.0, Avg: 0.0, Max: 0.0, Diff: 0.0, Sum: 0.0]
      [Object Copy (ms): Min: 134.2, Avg: 134.3, Max: 134.4, Diff: 0.2, Sum: 1074.5]
      [Termination (ms): Min: 0.0, Avg: 0.2, Max: 0.2, Diff: 0.2, Sum: 1.3]
         [Termination Attempts: Min: 1, Avg: 1171.9, Max: 1425, Diff: 1424, Sum: 9375]
      [GC Worker Other (ms): Min: 0.0, Avg: 0.1, Max: 0.1, Diff: 0.1, Sum: 0.5]
      [GC Worker Total (ms): Min: 177.0, Avg: 177.1, Max: 177.2, Diff: 0.3, Sum: 1416.8]
      [GC Worker End (ms): Min: 36137.8, Avg: 36137.8, Max: 36137.9, Diff: 0.1]
   [Code Root Fixup: 0.0 ms]
   [Code Root Purge: 0.0 ms]
   [Clear CT: 0.2 ms]
   [Other: 0.8 ms]
      [Choose CSet: 0.0 ms]
      [Ref Proc: 0.2 ms]
      [Ref Enq: 0.0 ms]
      [Redirty Cards: 0.2 ms]
      [Humongous Register: 0.0 ms]
      [Humongous Reclaim: 0.0 ms]
      [Free CSet: 0.1 ms]
   [Eden: 286.0M(286.0M)->0.0B(250.0M) Survivors: 11.0M->38.0M Heap: 354.2M(2048.0M)->346.2M(2048.0M)]
 [Times: user=1.31 sys=0.03, real=0.18 secs] 
2020-09-29T11:29:42.833+0200: 36.265: [GC pause (G1 Evacuation Pause) (young), 0.1428202 secs]
   [Parallel Time: 141.7 ms, GC Workers: 8]
      [GC Worker Start (ms): Min: 36265.5, Avg: 36265.6, Max: 36265.6, Diff: 0.1]
      [Ext Root Scanning (ms): Min: 0.0, Avg: 0.1, Max: 0.1, Diff: 0.1, Sum: 0.6]
      [Update RS (ms): Min: 14.4, Avg: 14.6, Max: 15.1, Diff: 0.7, Sum: 117.1]
         [Processed Buffers: Min: 14, Avg: 15.1, Max: 16, Diff: 2, Sum: 121]
      [Scan RS (ms): Min: 17.9, Avg: 18.4, Max: 18.7, Diff: 0.8, Sum: 147.0]
      [Code Root Scanning (ms): Min: 0.0, Avg: 0.0, Max: 0.0, Diff: 0.0, Sum: 0.0]
      [Object Copy (ms): Min: 108.4, Avg: 108.4, Max: 108.4, Diff: 0.0, Sum: 867.3]
      [Termination (ms): Min: 0.0, Avg: 0.0, Max: 0.0, Diff: 0.0, Sum: 0.1]
         [Termination Attempts: Min: 1, Avg: 82.6, Max: 110, Diff: 109, Sum: 661]
      [GC Worker Other (ms): Min: 0.0, Avg: 0.0, Max: 0.1, Diff: 0.1, Sum: 0.3]
      [GC Worker Total (ms): Min: 141.5, Avg: 141.6, Max: 141.6, Diff: 0.1, Sum: 1132.5]
      [GC Worker End (ms): Min: 36407.1, Avg: 36407.1, Max: 36407.2, Diff: 0.1]
   [Code Root Fixup: 0.0 ms]
   [Code Root Purge: 0.0 ms]
   [Clear CT: 0.2 ms]
   [Other: 0.9 ms]
      [Choose CSet: 0.0 ms]
      [Ref Proc: 0.2 ms]
      [Ref Enq: 0.0 ms]
      [Redirty Cards: 0.3 ms]
      [Humongous Register: 0.0 ms]
      [Humongous Reclaim: 0.0 ms]
      [Free CSet: 0.2 ms]
   [Eden: 250.0M(250.0M)->0.0B(265.0M) Survivors: 38.0M->36.0M Heap: 638.1M(2048.0M)->639.6M(2048.0M)]
 [Times: user=1.09 sys=0.03, real=0.14 secs] 
2020-09-29T11:29:43.108+0200: 36.541: [GC pause (G1 Evacuation Pause) (young), 0.1599475 secs]
   [Parallel Time: 159.1 ms, GC Workers: 8]
      [GC Worker Start (ms): Min: 36540.7, Avg: 36540.8, Max: 36540.8, Diff: 0.2]
      [Ext Root Scanning (ms): Min: 0.0, Avg: 0.1, Max: 0.1, Diff: 0.1, Sum: 0.4]
      [Update RS (ms): Min: 14.7, Avg: 15.0, Max: 15.3, Diff: 0.6, Sum: 119.6]
         [Processed Buffers: Min: 15, Avg: 16.6, Max: 17, Diff: 2, Sum: 133]
      [Scan RS (ms): Min: 14.9, Avg: 15.2, Max: 15.5, Diff: 0.6, Sum: 121.9]
      [Code Root Scanning (ms): Min: 0.0, Avg: 0.0, Max: 0.0, Diff: 0.0, Sum: 0.0]
      [Object Copy (ms): Min: 128.5, Avg: 128.6, Max: 128.6, Diff: 0.1, Sum: 1028.6]
      [Termination (ms): Min: 0.0, Avg: 0.1, Max: 0.1, Diff: 0.1, Sum: 0.5]
         [Termination Attempts: Min: 1, Avg: 465.4, Max: 623, Diff: 622, Sum: 3723]
      [GC Worker Other (ms): Min: 0.0, Avg: 0.0, Max: 0.1, Diff: 0.0, Sum: 0.3]
      [GC Worker Total (ms): Min: 158.9, Avg: 158.9, Max: 159.0, Diff: 0.2, Sum: 1271.4]
      [GC Worker End (ms): Min: 36699.7, Avg: 36699.7, Max: 36699.7, Diff: 0.0]
   [Code Root Fixup: 0.0 ms]
   [Code Root Purge: 0.0 ms]
   [Clear CT: 0.2 ms]
   [Other: 0.7 ms]
      [Choose CSet: 0.0 ms]
      [Ref Proc: 0.1 ms]
      [Ref Enq: 0.0 ms]
      [Redirty Cards: 0.2 ms]
      [Humongous Register: 0.0 ms]
      [Humongous Reclaim: 0.0 ms]
      [Free CSet: 0.2 ms]
   [Eden: 265.0M(265.0M)->0.0B(274.0M) Survivors: 36.0M->38.0M Heap: 948.5M(2048.0M)->951.0M(2048.0M)]
 [Times: user=1.23 sys=0.00, real=0.16 secs] 
2020-09-29T11:29:43.272+0200: 36.705: [GC pause (G1 Humongous Allocation) (young) (initial-mark), 0.0541180 secs]
   [Parallel Time: 53.4 ms, GC Workers: 8]
      [GC Worker Start (ms): Min: 36704.8, Avg: 36704.9, Max: 36704.9, Diff: 0.1]
      [Ext Root Scanning (ms): Min: 0.0, Avg: 0.1, Max: 0.1, Diff: 0.1, Sum: 0.6]
      [Update RS (ms): Min: 35.8, Avg: 36.0, Max: 36.4, Diff: 0.6, Sum: 287.8]
         [Processed Buffers: Min: 41, Avg: 43.9, Max: 47, Diff: 6, Sum: 351]
      [Scan RS (ms): Min: 1.5, Avg: 1.9, Max: 2.0, Diff: 0.5, Sum: 14.8]
      [Code Root Scanning (ms): Min: 0.0, Avg: 0.0, Max: 0.0, Diff: 0.0, Sum: 0.0]
      [Object Copy (ms): Min: 15.3, Avg: 15.4, Max: 15.4, Diff: 0.1, Sum: 122.9]
      [Termination (ms): Min: 0.0, Avg: 0.0, Max: 0.0, Diff: 0.0, Sum: 0.0]
         [Termination Attempts: Min: 1, Avg: 11.8, Max: 15, Diff: 14, Sum: 94]
      [GC Worker Other (ms): Min: 0.0, Avg: 0.0, Max: 0.0, Diff: 0.0, Sum: 0.1]
      [GC Worker Total (ms): Min: 53.2, Avg: 53.3, Max: 53.3, Diff: 0.1, Sum: 426.3]
      [GC Worker End (ms): Min: 36758.1, Avg: 36758.2, Max: 36758.2, Diff: 0.0]
   [Code Root Fixup: 0.0 ms]
   [Code Root Purge: 0.0 ms]
   [Clear CT: 0.2 ms]
   [Other: 0.6 ms]
      [Choose CSet: 0.0 ms]
      [Ref Proc: 0.2 ms]
      [Ref Enq: 0.0 ms]
      [Redirty Cards: 0.1 ms]
      [Humongous Register: 0.0 ms]
      [Humongous Reclaim: 0.0 ms]
      [Free CSet: 0.1 ms]
   [Eden: 1024.0K(274.0M)->0.0B(353.0M) Survivors: 38.0M->1024.0K Heap: 951.5M(2048.0M)->954.0M(2048.0M)]
 [Times: user=0.38 sys=0.00, real=0.05 secs] 
2020-09-29T11:29:43.326+0200: 36.759: [GC concurrent-root-region-scan-start]
2020-09-29T11:29:43.326+0200: 36.759: [GC concurrent-root-region-scan-end, 0.0001481 secs]
2020-09-29T11:29:43.326+0200: 36.759: [GC concurrent-mark-start]
2020-09-29T11:29:43.329+0200: 36.761: [GC concurrent-mark-end, 0.0021487 secs]
2020-09-29T11:29:43.329+0200: 36.761: [GC remark 2020-09-29T11:29:43.329+0200: 36.761: [Finalize Marking, 0.0001942 secs] 2020-09-29T11:29:43.329+0200: 36.762: [GC ref-proc, 0.0002725 secs] 2020-09-29T11:29:43.329+0200: 36.762: [Unloading, 0.0004202 secs], 0.0011565 secs]
 [Times: user=0.00 sys=0.00, real=0.00 secs] 
2020-09-29T11:29:43.330+0200: 36.763: [GC cleanup 960M->17M(2048M), 0.0010264 secs]
 [Times: user=0.00 sys=0.00, real=0.00 secs] 
2020-09-29T11:29:43.331+0200: 36.764: [GC concurrent-cleanup-start]
2020-09-29T11:29:43.332+0200: 36.765: [GC concurrent-cleanup-end, 0.0009143 secs]
2020-09-29T11:29:43.515+0200: 36.947: [GC pause (G1 Evacuation Pause) (young), 0.1824838 secs]
   [Parallel Time: 181.2 ms, GC Workers: 8]
      [GC Worker Start (ms): Min: 36947.6, Avg: 36947.7, Max: 36947.8, Diff: 0.2]
      [Ext Root Scanning (ms): Min: 0.0, Avg: 0.1, Max: 0.2, Diff: 0.2, Sum: 0.5]
      [Update RS (ms): Min: 22.6, Avg: 22.8, Max: 23.1, Diff: 0.6, Sum: 182.4]
         [Processed Buffers: Min: 16, Avg: 18.8, Max: 21, Diff: 5, Sum: 150]
      [Scan RS (ms): Min: 23.4, Avg: 23.8, Max: 24.1, Diff: 0.7, Sum: 190.2]
      [Code Root Scanning (ms): Min: 0.0, Avg: 0.0, Max: 0.0, Diff: 0.0, Sum: 0.0]
      [Object Copy (ms): Min: 134.1, Avg: 134.3, Max: 134.3, Diff: 0.2, Sum: 1074.1]
      [Termination (ms): Min: 0.0, Avg: 0.0, Max: 0.0, Diff: 0.0, Sum: 0.0]
         [Termination Attempts: Min: 1, Avg: 30.6, Max: 52, Diff: 51, Sum: 245]
      [GC Worker Other (ms): Min: 0.0, Avg: 0.0, Max: 0.1, Diff: 0.0, Sum: 0.3]
      [GC Worker Total (ms): Min: 180.9, Avg: 181.0, Max: 181.0, Diff: 0.2, Sum: 1447.6]
      [GC Worker End (ms): Min: 37128.6, Avg: 37128.6, Max: 37128.7, Diff: 0.0]
   [Code Root Fixup: 0.0 ms]
   [Code Root Purge: 0.0 ms]
   [Clear CT: 0.2 ms]
   [Other: 1.1 ms]
      [Choose CSet: 0.0 ms]
      [Ref Proc: 0.3 ms]
      [Ref Enq: 0.0 ms]
      [Redirty Cards: 0.3 ms]
      [Humongous Register: 0.0 ms]
      [Humongous Reclaim: 0.0 ms]
      [Free CSet: 0.3 ms]
   [Eden: 353.0M(353.0M)->0.0B(283.0M) Survivors: 1024.0K->45.0M Heap: 423.1M(2048.0M)->423.6M(2048.0M)]
 [Times: user=1.42 sys=0.06, real=0.18 secs] 
2020-09-29T11:29:43.866+0200: 37.298: [GC pause (G1 Evacuation Pause) (young), 0.1570838 secs]
   [Parallel Time: 155.9 ms, GC Workers: 8]
      [GC Worker Start (ms): Min: 37298.2, Avg: 37298.3, Max: 37298.3, Diff: 0.2]
      [Ext Root Scanning (ms): Min: 0.0, Avg: 0.1, Max: 0.2, Diff: 0.1, Sum: 0.5]
      [Update RS (ms): Min: 16.6, Avg: 16.8, Max: 16.9, Diff: 0.3, Sum: 134.3]
         [Processed Buffers: Min: 18, Avg: 19.4, Max: 22, Diff: 4, Sum: 155]
      [Scan RS (ms): Min: 15.7, Avg: 15.8, Max: 16.0, Diff: 0.3, Sum: 126.7]
      [Code Root Scanning (ms): Min: 0.0, Avg: 0.0, Max: 0.0, Diff: 0.0, Sum: 0.0]
      [Object Copy (ms): Min: 122.7, Avg: 122.9, Max: 122.9, Diff: 0.2, Sum: 982.9]
      [Termination (ms): Min: 0.0, Avg: 0.0, Max: 0.1, Diff: 0.1, Sum: 0.4]
         [Termination Attempts: Min: 1, Avg: 335.9, Max: 419, Diff: 418, Sum: 2687]
      [GC Worker Other (ms): Min: 0.0, Avg: 0.1, Max: 0.1, Diff: 0.1, Sum: 0.4]
      [GC Worker Total (ms): Min: 155.6, Avg: 155.7, Max: 155.8, Diff: 0.2, Sum: 1245.3]
      [GC Worker End (ms): Min: 37453.9, Avg: 37453.9, Max: 37454.0, Diff: 0.1]
   [Code Root Fixup: 0.0 ms]
   [Code Root Purge: 0.0 ms]
   [Clear CT: 0.2 ms]
   [Other: 1.0 ms]
      [Choose CSet: 0.0 ms]
      [Ref Proc: 0.2 ms]
      [Ref Enq: 0.0 ms]
      [Redirty Cards: 0.3 ms]
      [Humongous Register: 0.0 ms]
      [Humongous Reclaim: 0.0 ms]
      [Free CSet: 0.3 ms]
   [Eden: 283.0M(283.0M)->0.0B(289.0M) Survivors: 45.0M->41.0M Heap: 754.3M(2048.0M)->756.3M(2048.0M)]
 [Times: user=1.19 sys=0.06, real=0.16 secs] 
2020-09-29T11:29:44.184+0200: 37.616: [GC pause (G1 Evacuation Pause) (young), 0.1643495 secs]
   [Parallel Time: 163.2 ms, GC Workers: 8]
      [GC Worker Start (ms): Min: 37616.3, Avg: 37616.4, Max: 37616.5, Diff: 0.2]
      [Ext Root Scanning (ms): Min: 0.0, Avg: 0.1, Max: 0.2, Diff: 0.2, Sum: 0.5]
      [Update RS (ms): Min: 15.7, Avg: 15.9, Max: 16.4, Diff: 0.7, Sum: 127.5]
         [Processed Buffers: Min: 14, Avg: 16.6, Max: 19, Diff: 5, Sum: 133]
      [Scan RS (ms): Min: 17.0, Avg: 17.5, Max: 17.7, Diff: 0.7, Sum: 139.9]
      [Code Root Scanning (ms): Min: 0.0, Avg: 0.0, Max: 0.0, Diff: 0.0, Sum: 0.0]
      [Object Copy (ms): Min: 129.2, Avg: 129.3, Max: 129.4, Diff: 0.2, Sum: 1034.7]
      [Termination (ms): Min: 0.0, Avg: 0.1, Max: 0.1, Diff: 0.1, Sum: 0.7]
         [Termination Attempts: Min: 1, Avg: 633.0, Max: 798, Diff: 797, Sum: 5064]
      [GC Worker Other (ms): Min: 0.0, Avg: 0.0, Max: 0.1, Diff: 0.1, Sum: 0.4]
      [GC Worker Total (ms): Min: 162.9, Avg: 163.0, Max: 163.1, Diff: 0.2, Sum: 1303.7]
      [GC Worker End (ms): Min: 37779.4, Avg: 37779.4, Max: 37779.4, Diff: 0.1]
   [Code Root Fixup: 0.0 ms]
   [Code Root Purge: 0.0 ms]
   [Clear CT: 0.2 ms]
   [Other: 0.9 ms]
      [Choose CSet: 0.0 ms]
      [Ref Proc: 0.2 ms]
      [Ref Enq: 0.0 ms]
      [Redirty Cards: 0.2 ms]
      [Humongous Register: 0.0 ms]
      [Humongous Reclaim: 0.0 ms]
      [Free CSet: 0.3 ms]
   [Eden: 289.0M(289.0M)->0.0B(293.0M) Survivors: 41.0M->42.0M Heap: 1093.0M(2048.0M)->1096.0M(2048.0M)]
 [Times: user=1.23 sys=0.00, real=0.16 secs] 
2020-09-29T11:29:44.358+0200: 37.790: [GC pause (G1 Humongous Allocation) (young) (initial-mark), 0.0554336 secs]
   [Parallel Time: 54.4 ms, GC Workers: 8]
      [GC Worker Start (ms): Min: 37790.5, Avg: 37790.5, Max: 37790.6, Diff: 0.1]
      [Ext Root Scanning (ms): Min: 0.0, Avg: 0.1, Max: 0.2, Diff: 0.1, Sum: 0.7]
      [Update RS (ms): Min: 33.7, Avg: 33.9, Max: 34.2, Diff: 0.5, Sum: 270.9]
         [Processed Buffers: Min: 39, Avg: 40.1, Max: 42, Diff: 3, Sum: 321]
      [Scan RS (ms): Min: 2.3, Avg: 2.6, Max: 2.8, Diff: 0.6, Sum: 20.7]
      [Code Root Scanning (ms): Min: 0.0, Avg: 0.0, Max: 0.0, Diff: 0.0, Sum: 0.0]
      [Object Copy (ms): Min: 17.6, Avg: 17.7, Max: 17.7, Diff: 0.1, Sum: 141.2]
      [Termination (ms): Min: 0.0, Avg: 0.0, Max: 0.0, Diff: 0.0, Sum: 0.1]
         [Termination Attempts: Min: 1, Avg: 78.0, Max: 108, Diff: 107, Sum: 624]
      [GC Worker Other (ms): Min: 0.0, Avg: 0.0, Max: 0.0, Diff: 0.0, Sum: 0.2]
      [GC Worker Total (ms): Min: 54.2, Avg: 54.2, Max: 54.3, Diff: 0.1, Sum: 433.8]
      [GC Worker End (ms): Min: 37844.7, Avg: 37844.8, Max: 37844.8, Diff: 0.0]
   [Code Root Fixup: 0.0 ms]
   [Code Root Purge: 0.0 ms]
   [Clear CT: 0.4 ms]
   [Other: 0.6 ms]
      [Choose CSet: 0.0 ms]
      [Ref Proc: 0.2 ms]
      [Ref Enq: 0.0 ms]
      [Redirty Cards: 0.1 ms]
      [Humongous Register: 0.1 ms]
      [Humongous Reclaim: 0.0 ms]
      [Free CSet: 0.1 ms]
   [Eden: 3072.0K(293.0M)->0.0B(343.0M) Survivors: 42.0M->5120.0K Heap: 1098.5M(2048.0M)->1103.0M(2048.0M)]
 [Times: user=0.50 sys=0.00, real=0.06 secs] 
2020-09-29T11:29:44.414+0200: 37.846: [GC concurrent-root-region-scan-start]
2020-09-29T11:29:44.414+0200: 37.846: [GC concurrent-root-region-scan-end, 0.0004943 secs]
2020-09-29T11:29:44.414+0200: 37.846: [GC concurrent-mark-start]
2020-09-29T11:29:44.416+0200: 37.849: [GC concurrent-mark-end, 0.0023348 secs]
2020-09-29T11:29:44.417+0200: 37.849: [GC remark 2020-09-29T11:29:44.417+0200: 37.849: [Finalize Marking, 0.0001930 secs] 2020-09-29T11:29:44.417+0200: 37.849: [GC ref-proc, 0.0003000 secs] 2020-09-29T11:29:44.417+0200: 37.849: [Unloading, 0.0003613 secs], 0.0011785 secs]
 [Times: user=0.00 sys=0.00, real=0.00 secs] 
2020-09-29T11:29:44.418+0200: 37.850: [GC cleanup 1111M->23M(2048M), 0.0010998 secs]
 [Times: user=0.00 sys=0.00, real=0.00 secs] 
2020-09-29T11:29:44.419+0200: 37.852: [GC concurrent-cleanup-start]
2020-09-29T11:29:44.421+0200: 37.853: [GC concurrent-cleanup-end, 0.0016076 secs]
2020-09-29T11:29:44.609+0200: 38.041: [GC pause (G1 Evacuation Pause) (young), 0.2119894 secs]
   [Parallel Time: 211.0 ms, GC Workers: 8]
      [GC Worker Start (ms): Min: 38041.2, Avg: 38041.4, Max: 38041.5, Diff: 0.2]
      [Ext Root Scanning (ms): Min: 0.0, Avg: 0.1, Max: 0.2, Diff: 0.2, Sum: 0.6]
      [Update RS (ms): Min: 20.7, Avg: 21.5, Max: 21.9, Diff: 1.2, Sum: 172.1]
         [Processed Buffers: Min: 16, Avg: 17.0, Max: 18, Diff: 2, Sum: 136]
      [Scan RS (ms): Min: 25.9, Avg: 26.3, Max: 27.1, Diff: 1.2, Sum: 210.6]
      [Code Root Scanning (ms): Min: 0.0, Avg: 0.0, Max: 0.0, Diff: 0.0, Sum: 0.0]
      [Object Copy (ms): Min: 162.3, Avg: 162.6, Max: 162.8, Diff: 0.5, Sum: 1300.6]
      [Termination (ms): Min: 0.0, Avg: 0.2, Max: 0.2, Diff: 0.2, Sum: 1.5]
         [Termination Attempts: Min: 1, Avg: 1151.3, Max: 1438, Diff: 1437, Sum: 9210]
      [GC Worker Other (ms): Min: 0.0, Avg: 0.0, Max: 0.1, Diff: 0.1, Sum: 0.3]
      [GC Worker Total (ms): Min: 210.6, Avg: 210.7, Max: 210.8, Diff: 0.2, Sum: 1685.6]
      [GC Worker End (ms): Min: 38252.1, Avg: 38252.1, Max: 38252.1, Diff: 0.1]
   [Code Root Fixup: 0.0 ms]
   [Code Root Purge: 0.0 ms]
   [Clear CT: 0.1 ms]
   [Other: 0.8 ms]
      [Choose CSet: 0.0 ms]
      [Ref Proc: 0.2 ms]
      [Ref Enq: 0.0 ms]
      [Redirty Cards: 0.2 ms]
      [Humongous Register: 0.0 ms]
      [Humongous Reclaim: 0.0 ms]
      [Free CSet: 0.2 ms]
   [Eden: 343.0M(343.0M)->0.0B(261.0M) Survivors: 5120.0K->44.0M Heap: 415.2M(2048.0M)->411.7M(2048.0M)]
 [Times: user=1.64 sys=0.02, real=0.21 secs] 
2020-09-29T11:29:44.980+0200: 38.412: [GC pause (G1 Evacuation Pause) (young), 0.1541913 secs]
   [Parallel Time: 152.9 ms, GC Workers: 8]
      [GC Worker Start (ms): Min: 38412.4, Avg: 38412.5, Max: 38412.6, Diff: 0.2]
      [Ext Root Scanning (ms): Min: 0.0, Avg: 0.1, Max: 0.2, Diff: 0.2, Sum: 0.6]
      [Update RS (ms): Min: 16.0, Avg: 16.3, Max: 16.9, Diff: 0.9, Sum: 130.7]
         [Processed Buffers: Min: 13, Avg: 14.6, Max: 16, Diff: 3, Sum: 117]
      [Scan RS (ms): Min: 20.6, Avg: 21.2, Max: 21.6, Diff: 1.1, Sum: 169.2]
      [Code Root Scanning (ms): Min: 0.0, Avg: 0.0, Max: 0.0, Diff: 0.0, Sum: 0.0]
      [Object Copy (ms): Min: 115.0, Avg: 115.1, Max: 115.1, Diff: 0.1, Sum: 920.7]
      [Termination (ms): Min: 0.0, Avg: 0.0, Max: 0.0, Diff: 0.0, Sum: 0.2]
         [Termination Attempts: Min: 1, Avg: 174.1, Max: 219, Diff: 218, Sum: 1393]
      [GC Worker Other (ms): Min: 0.0, Avg: 0.0, Max: 0.1, Diff: 0.0, Sum: 0.2]
      [GC Worker Total (ms): Min: 152.7, Avg: 152.7, Max: 152.8, Diff: 0.1, Sum: 1221.7]
      [GC Worker End (ms): Min: 38565.2, Avg: 38565.2, Max: 38565.2, Diff: 0.0]
   [Code Root Fixup: 0.0 ms]
   [Code Root Purge: 0.0 ms]
   [Clear CT: 0.2 ms]
   [Other: 1.0 ms]
      [Choose CSet: 0.0 ms]
      [Ref Proc: 0.2 ms]
      [Ref Enq: 0.0 ms]
      [Redirty Cards: 0.3 ms]
      [Humongous Register: 0.0 ms]
      [Humongous Reclaim: 0.0 ms]
      [Free CSet: 0.3 ms]
   [Eden: 261.0M(261.0M)->0.0B(271.0M) Survivors: 44.0M->39.0M Heap: 716.6M(2048.0M)->719.1M(2048.0M)]
 [Times: user=1.16 sys=0.02, real=0.15 secs] 
2020-09-29T11:29:45.279+0200: 38.711: [GC pause (G1 Evacuation Pause) (young), 0.1503287 secs]
   [Parallel Time: 149.1 ms, GC Workers: 8]
      [GC Worker Start (ms): Min: 38710.8, Avg: 38710.9, Max: 38710.9, Diff: 0.2]
      [Ext Root Scanning (ms): Min: 0.0, Avg: 0.1, Max: 0.1, Diff: 0.1, Sum: 0.4]
      [Update RS (ms): Min: 14.1, Avg: 14.2, Max: 14.3, Diff: 0.2, Sum: 113.5]
         [Processed Buffers: Min: 14, Avg: 16.4, Max: 19, Diff: 5, Sum: 131]
      [Scan RS (ms): Min: 15.8, Avg: 15.9, Max: 16.0, Diff: 0.2, Sum: 127.2]
      [Code Root Scanning (ms): Min: 0.0, Avg: 0.0, Max: 0.0, Diff: 0.0, Sum: 0.0]
      [Object Copy (ms): Min: 118.6, Avg: 118.7, Max: 118.7, Diff: 0.1, Sum: 949.2]
      [Termination (ms): Min: 0.0, Avg: 0.1, Max: 0.1, Diff: 0.1, Sum: 0.5]
         [Termination Attempts: Min: 1, Avg: 231.3, Max: 297, Diff: 296, Sum: 1850]
      [GC Worker Other (ms): Min: 0.0, Avg: 0.0, Max: 0.0, Diff: 0.0, Sum: 0.2]
      [GC Worker Total (ms): Min: 148.8, Avg: 148.9, Max: 149.0, Diff: 0.1, Sum: 1191.0]
      [GC Worker End (ms): Min: 38859.7, Avg: 38859.8, Max: 38859.8, Diff: 0.1]
   [Code Root Fixup: 0.0 ms]
   [Code Root Purge: 0.0 ms]
   [Clear CT: 0.2 ms]
   [Other: 1.0 ms]
      [Choose CSet: 0.0 ms]
      [Ref Proc: 0.2 ms]
      [Ref Enq: 0.0 ms]
      [Redirty Cards: 0.3 ms]
      [Humongous Register: 0.0 ms]
      [Humongous Reclaim: 0.0 ms]
      [Free CSet: 0.3 ms]
   [Eden: 271.0M(271.0M)->0.0B(287.0M) Survivors: 39.0M->39.0M Heap: 1035.9M(2048.0M)->1037.9M(2048.0M)]
 [Times: user=1.24 sys=0.02, real=0.15 secs] 
2020-09-29T11:29:45.440+0200: 38.872: [GC pause (G1 Humongous Allocation) (young) (initial-mark), 0.0621684 secs]
   [Parallel Time: 61.3 ms, GC Workers: 8]
      [GC Worker Start (ms): Min: 38872.0, Avg: 38872.0, Max: 38872.1, Diff: 0.2]
      [Ext Root Scanning (ms): Min: 0.0, Avg: 0.2, Max: 0.3, Diff: 0.3, Sum: 1.2]
      [Update RS (ms): Min: 29.9, Avg: 30.1, Max: 30.5, Diff: 0.6, Sum: 241.1]
         [Processed Buffers: Min: 33, Avg: 35.6, Max: 37, Diff: 4, Sum: 285]
      [Scan RS (ms): Min: 2.1, Avg: 2.4, Max: 2.7, Diff: 0.5, Sum: 19.1]
      [Code Root Scanning (ms): Min: 0.0, Avg: 0.0, Max: 0.0, Diff: 0.0, Sum: 0.0]
      [Object Copy (ms): Min: 28.1, Avg: 28.2, Max: 28.3, Diff: 0.2, Sum: 225.2]
      [Termination (ms): Min: 0.0, Avg: 0.2, Max: 0.2, Diff: 0.2, Sum: 1.5]
         [Termination Attempts: Min: 1, Avg: 1417.6, Max: 1826, Diff: 1825, Sum: 11341]
      [GC Worker Other (ms): Min: 0.0, Avg: 0.0, Max: 0.0, Diff: 0.0, Sum: 0.1]
      [GC Worker Total (ms): Min: 60.9, Avg: 61.0, Max: 61.1, Diff: 0.2, Sum: 488.2]
      [GC Worker End (ms): Min: 38933.1, Avg: 38933.1, Max: 38933.1, Diff: 0.0]
   [Code Root Fixup: 0.0 ms]
   [Code Root Purge: 0.0 ms]
   [Clear CT: 0.2 ms]
   [Other: 0.7 ms]
      [Choose CSet: 0.0 ms]
      [Ref Proc: 0.2 ms]
      [Ref Enq: 0.0 ms]
      [Redirty Cards: 0.2 ms]
      [Humongous Register: 0.0 ms]
      [Humongous Reclaim: 0.0 ms]
      [Free CSet: 0.1 ms]
   [Eden: 7168.0K(287.0M)->0.0B(275.0M) Survivors: 39.0M->8192.0K Heap: 1044.4M(2048.0M)->1047.4M(2048.0M)]
 [Times: user=0.48 sys=0.02, real=0.06 secs] 
2020-09-29T11:29:45.502+0200: 38.934: [GC concurrent-root-region-scan-start]
2020-09-29T11:29:45.504+0200: 38.936: [GC concurrent-root-region-scan-end, 0.0022080 secs]
2020-09-29T11:29:45.504+0200: 38.936: [GC concurrent-mark-start]
2020-09-29T11:29:45.508+0200: 38.940: [GC concurrent-mark-end, 0.0036001 secs]
2020-09-29T11:29:45.508+0200: 38.940: [GC remark 2020-09-29T11:29:45.508+0200: 38.940: [Finalize Marking, 0.0002206 secs] 2020-09-29T11:29:45.508+0200: 38.940: [GC ref-proc, 0.0003956 secs] 2020-09-29T11:29:45.509+0200: 38.941: [Unloading, 0.0005584 secs], 0.0016385 secs]
 [Times: user=0.00 sys=0.00, real=0.00 secs] 
2020-09-29T11:29:45.510+0200: 38.942: [GC cleanup 1060M->30M(2048M), 0.0017167 secs]
 [Times: user=0.00 sys=0.00, real=0.00 secs] 
2020-09-29T11:29:45.512+0200: 38.944: [GC concurrent-cleanup-start]
2020-09-29T11:29:45.515+0200: 38.947: [GC concurrent-cleanup-end, 0.0025394 secs]
2020-09-29T11:29:45.668+0200: 39.100: [GC pause (G1 Evacuation Pause) (young), 0.1430046 secs]
   [Parallel Time: 141.9 ms, GC Workers: 8]
      [GC Worker Start (ms): Min: 39099.8, Avg: 39099.9, Max: 39100.0, Diff: 0.2]
      [Ext Root Scanning (ms): Min: 0.0, Avg: 0.1, Max: 0.2, Diff: 0.2, Sum: 0.5]
      [Update RS (ms): Min: 17.2, Avg: 17.4, Max: 18.0, Diff: 0.9, Sum: 139.1]
         [Processed Buffers: Min: 16, Avg: 17.4, Max: 19, Diff: 3, Sum: 139]
      [Scan RS (ms): Min: 17.1, Avg: 17.7, Max: 17.9, Diff: 0.8, Sum: 141.5]
      [Code Root Scanning (ms): Min: 0.0, Avg: 0.0, Max: 0.0, Diff: 0.0, Sum: 0.0]
      [Object Copy (ms): Min: 106.2, Avg: 106.3, Max: 106.4, Diff: 0.3, Sum: 850.7]
      [Termination (ms): Min: 0.1, Avg: 0.2, Max: 0.3, Diff: 0.2, Sum: 1.5]
         [Termination Attempts: Min: 1, Avg: 899.4, Max: 1173, Diff: 1172, Sum: 7195]
      [GC Worker Other (ms): Min: 0.0, Avg: 0.0, Max: 0.0, Diff: 0.0, Sum: 0.1]
      [GC Worker Total (ms): Min: 141.6, Avg: 141.7, Max: 141.8, Diff: 0.1, Sum: 1133.4]
      [GC Worker End (ms): Min: 39241.5, Avg: 39241.6, Max: 39241.6, Diff: 0.0]
   [Code Root Fixup: 0.0 ms]
   [Code Root Purge: 0.0 ms]
   [Clear CT: 0.2 ms]
   [Other: 0.9 ms]
      [Choose CSet: 0.0 ms]
      [Ref Proc: 0.1 ms]
      [Ref Enq: 0.0 ms]
      [Redirty Cards: 0.2 ms]
      [Humongous Register: 0.0 ms]
      [Humongous Reclaim: 0.0 ms]
      [Free CSet: 0.3 ms]
   [Eden: 275.0M(275.0M)->0.0B(266.0M) Survivors: 8192.0K->36.0M Heap: 340.2M(2048.0M)->335.2M(2048.0M)]
 [Times: user=1.09 sys=0.03, real=0.14 secs] 
2020-09-29T11:29:45.958+0200: 39.390: [GC pause (G1 Evacuation Pause) (young), 0.1509200 secs]
   [Parallel Time: 150.0 ms, GC Workers: 8]
      [GC Worker Start (ms): Min: 39389.7, Avg: 39389.8, Max: 39389.9, Diff: 0.2]
      [Ext Root Scanning (ms): Min: 0.0, Avg: 0.1, Max: 0.2, Diff: 0.2, Sum: 0.5]
      [Update RS (ms): Min: 18.4, Avg: 18.6, Max: 19.2, Diff: 0.7, Sum: 148.8]
         [Processed Buffers: Min: 17, Avg: 18.1, Max: 20, Diff: 3, Sum: 145]
      [Scan RS (ms): Min: 16.5, Avg: 17.0, Max: 17.3, Diff: 0.8, Sum: 136.0]
      [Code Root Scanning (ms): Min: 0.0, Avg: 0.0, Max: 0.0, Diff: 0.0, Sum: 0.0]
      [Object Copy (ms): Min: 113.7, Avg: 113.8, Max: 114.0, Diff: 0.3, Sum: 910.8]
      [Termination (ms): Min: 0.0, Avg: 0.0, Max: 0.0, Diff: 0.0, Sum: 0.1]
         [Termination Attempts: Min: 1, Avg: 82.3, Max: 104, Diff: 103, Sum: 658]
      [GC Worker Other (ms): Min: 0.0, Avg: 0.1, Max: 0.3, Diff: 0.2, Sum: 0.7]
      [GC Worker Total (ms): Min: 149.5, Avg: 149.6, Max: 149.8, Diff: 0.2, Sum: 1197.0]
      [GC Worker End (ms): Min: 39539.4, Avg: 39539.5, Max: 39539.7, Diff: 0.2]
   [Code Root Fixup: 0.0 ms]
   [Code Root Purge: 0.0 ms]
   [Clear CT: 0.2 ms]
   [Other: 0.7 ms]
      [Choose CSet: 0.0 ms]
      [Ref Proc: 0.2 ms]
      [Ref Enq: 0.0 ms]
      [Redirty Cards: 0.2 ms]
      [Humongous Register: 0.0 ms]
      [Humongous Reclaim: 0.0 ms]
      [Free CSet: 0.2 ms]
   [Eden: 266.0M(266.0M)->0.0B(275.0M) Survivors: 36.0M->38.0M Heap: 645.1M(2048.0M)->647.1M(2048.0M)]
 [Times: user=1.06 sys=0.03, real=0.15 secs] 
2020-09-29T11:29:46.242+0200: 39.674: [GC pause (G1 Evacuation Pause) (young), 0.1727678 secs]
   [Parallel Time: 171.7 ms, GC Workers: 8]
      [GC Worker Start (ms): Min: 39674.6, Avg: 39674.7, Max: 39674.8, Diff: 0.2]
      [Ext Root Scanning (ms): Min: 0.0, Avg: 0.0, Max: 0.2, Diff: 0.2, Sum: 0.4]
      [Update RS (ms): Min: 17.8, Avg: 17.9, Max: 18.4, Diff: 0.6, Sum: 143.2]
         [Processed Buffers: Min: 18, Avg: 20.9, Max: 23, Diff: 5, Sum: 167]
      [Scan RS (ms): Min: 13.3, Avg: 13.9, Max: 14.0, Diff: 0.8, Sum: 110.8]
      [Code Root Scanning (ms): Min: 0.0, Avg: 0.0, Max: 0.0, Diff: 0.0, Sum: 0.0]
      [Object Copy (ms): Min: 139.1, Avg: 139.3, Max: 139.7, Diff: 0.6, Sum: 1114.0]
      [Termination (ms): Min: 0.0, Avg: 0.4, Max: 0.5, Diff: 0.5, Sum: 3.0]
         [Termination Attempts: Min: 1, Avg: 2804.6, Max: 3717, Diff: 3716, Sum: 22437]
      [GC Worker Other (ms): Min: 0.0, Avg: 0.0, Max: 0.1, Diff: 0.1, Sum: 0.4]
      [GC Worker Total (ms): Min: 171.4, Avg: 171.5, Max: 171.6, Diff: 0.2, Sum: 1371.8]
      [GC Worker End (ms): Min: 39846.2, Avg: 39846.2, Max: 39846.2, Diff: 0.1]
   [Code Root Fixup: 0.0 ms]
   [Code Root Purge: 0.0 ms]
   [Clear CT: 0.2 ms]
   [Other: 0.9 ms]
      [Choose CSet: 0.0 ms]
      [Ref Proc: 0.1 ms]
      [Ref Enq: 0.0 ms]
      [Redirty Cards: 0.3 ms]
      [Humongous Register: 0.0 ms]
      [Humongous Reclaim: 0.0 ms]
      [Free CSet: 0.2 ms]
   [Eden: 275.0M(275.0M)->0.0B(276.0M) Survivors: 38.0M->40.0M Heap: 967.8M(2048.0M)->969.8M(2048.0M)]
 [Times: user=1.28 sys=0.05, real=0.17 secs] 
2020-09-29T11:29:46.423+0200: 39.855: [GC pause (G1 Humongous Allocation) (young) (initial-mark), 0.0619103 secs]
   [Parallel Time: 61.1 ms, GC Workers: 8]
      [GC Worker Start (ms): Min: 39854.8, Avg: 39854.8, Max: 39854.9, Diff: 0.1]
      [Ext Root Scanning (ms): Min: 0.0, Avg: 0.1, Max: 0.1, Diff: 0.1, Sum: 0.6]
      [Update RS (ms): Min: 37.5, Avg: 37.8, Max: 38.2, Diff: 0.8, Sum: 302.6]
         [Processed Buffers: Min: 35, Avg: 42.0, Max: 44, Diff: 9, Sum: 336]
      [Scan RS (ms): Min: 2.0, Avg: 2.4, Max: 2.7, Diff: 0.8, Sum: 19.2]
      [Code Root Scanning (ms): Min: 0.0, Avg: 0.0, Max: 0.0, Diff: 0.0, Sum: 0.0]
      [Object Copy (ms): Min: 20.5, Avg: 20.5, Max: 20.6, Diff: 0.1, Sum: 164.3]
      [Termination (ms): Min: 0.0, Avg: 0.0, Max: 0.1, Diff: 0.1, Sum: 0.3]
         [Termination Attempts: Min: 1, Avg: 284.8, Max: 358, Diff: 357, Sum: 2278]
      [GC Worker Other (ms): Min: 0.0, Avg: 0.0, Max: 0.0, Diff: 0.0, Sum: 0.1]
      [GC Worker Total (ms): Min: 60.9, Avg: 60.9, Max: 61.0, Diff: 0.1, Sum: 487.2]
      [GC Worker End (ms): Min: 39915.7, Avg: 39915.7, Max: 39915.7, Diff: 0.0]
   [Code Root Fixup: 0.0 ms]
   [Code Root Purge: 0.0 ms]
   [Clear CT: 0.1 ms]
   [Other: 0.7 ms]
      [Choose CSet: 0.0 ms]
      [Ref Proc: 0.2 ms]
      [Ref Enq: 0.0 ms]
      [Redirty Cards: 0.2 ms]
      [Humongous Register: 0.0 ms]
      [Humongous Reclaim: 0.0 ms]
      [Free CSet: 0.1 ms]
   [Eden: 9216.0K(276.0M)->0.0B(313.0M) Survivors: 40.0M->10.0M Heap: 978.3M(2048.0M)->982.3M(2048.0M)]
 [Times: user=0.48 sys=0.02, real=0.06 secs] 
2020-09-29T11:29:46.485+0200: 39.917: [GC concurrent-root-region-scan-start]
2020-09-29T11:29:46.487+0200: 39.919: [GC concurrent-root-region-scan-end, 0.0023468 secs]
2020-09-29T11:29:46.487+0200: 39.919: [GC concurrent-mark-start]
2020-09-29T11:29:46.489+0200: 39.921: [GC concurrent-mark-end, 0.0023244 secs]
2020-09-29T11:29:46.489+0200: 39.922: [GC remark 2020-09-29T11:29:46.489+0200: 39.922: [Finalize Marking, 0.0001940 secs] 2020-09-29T11:29:46.490+0200: 39.922: [GC ref-proc, 0.0002870 secs] 2020-09-29T11:29:46.490+0200: 39.922: [Unloading, 0.0004371 secs], 0.0013097 secs]
 [Times: user=0.00 sys=0.00, real=0.00 secs] 
2020-09-29T11:29:46.491+0200: 39.923: [GC cleanup 994M->31M(2048M), 0.0013977 secs]
 [Times: user=0.00 sys=0.00, real=0.00 secs] 
2020-09-29T11:29:46.493+0200: 39.925: [GC concurrent-cleanup-start]
2020-09-29T11:29:46.494+0200: 39.926: [GC concurrent-cleanup-end, 0.0012558 secs]
2020-09-29T11:29:46.787+0200: 40.219: [GC pause (G1 Evacuation Pause) (young), 0.3648909 secs]
   [Parallel Time: 362.4 ms, GC Workers: 8]
      [GC Worker Start (ms): Min: 40219.5, Avg: 40219.7, Max: 40219.8, Diff: 0.3]
      [Ext Root Scanning (ms): Min: 0.0, Avg: 0.1, Max: 0.3, Diff: 0.3, Sum: 1.1]
      [Update RS (ms): Min: 42.7, Avg: 43.0, Max: 44.1, Diff: 1.3, Sum: 344.1]
         [Processed Buffers: Min: 19, Avg: 21.8, Max: 25, Diff: 6, Sum: 174]
      [Scan RS (ms): Min: 32.4, Avg: 33.4, Max: 33.9, Diff: 1.5, Sum: 267.4]
      [Code Root Scanning (ms): Min: 0.0, Avg: 0.0, Max: 0.0, Diff: 0.0, Sum: 0.1]
      [Object Copy (ms): Min: 284.9, Avg: 285.1, Max: 285.3, Diff: 0.4, Sum: 2280.9]
      [Termination (ms): Min: 0.0, Avg: 0.1, Max: 0.2, Diff: 0.2, Sum: 1.2]
         [Termination Attempts: Min: 1, Avg: 367.8, Max: 442, Diff: 441, Sum: 2942]
      [GC Worker Other (ms): Min: 0.0, Avg: 0.1, Max: 0.3, Diff: 0.3, Sum: 1.1]
      [GC Worker Total (ms): Min: 361.8, Avg: 362.0, Max: 362.2, Diff: 0.4, Sum: 2895.9]
      [GC Worker End (ms): Min: 40581.5, Avg: 40581.7, Max: 40581.8, Diff: 0.3]
   [Code Root Fixup: 0.0 ms]
   [Code Root Purge: 0.0 ms]
   [Clear CT: 0.6 ms]
   [Other: 1.9 ms]
      [Choose CSet: 0.0 ms]
      [Ref Proc: 0.5 ms]
      [Ref Enq: 0.0 ms]
      [Redirty Cards: 0.5 ms]
      [Humongous Register: 0.1 ms]
      [Humongous Reclaim: 0.0 ms]
      [Free CSet: 0.5 ms]
   [Eden: 310.0M(307.0M)->0.0B(144.0M) Survivors: 10.0M->40.0M Heap: 383.4M(2048.0M)->376.4M(2048.0M)]
 [Times: user=2.80 sys=0.06, real=0.37 secs] 
2020-09-29T11:29:47.341+0200: 40.773: [GC pause (G1 Evacuation Pause) (young), 0.2357121 secs]
   [Parallel Time: 233.6 ms, GC Workers: 8]
      [GC Worker Start (ms): Min: 40773.0, Avg: 40773.2, Max: 40773.3, Diff: 0.3]
      [Ext Root Scanning (ms): Min: 0.0, Avg: 0.1, Max: 0.3, Diff: 0.3, Sum: 1.0]
      [Update RS (ms): Min: 38.2, Avg: 38.6, Max: 39.9, Diff: 1.6, Sum: 309.0]
         [Processed Buffers: Min: 17, Avg: 18.0, Max: 20, Diff: 3, Sum: 144]
      [Scan RS (ms): Min: 11.9, Avg: 13.0, Max: 13.4, Diff: 1.5, Sum: 104.2]
      [Code Root Scanning (ms): Min: 0.0, Avg: 0.0, Max: 0.0, Diff: 0.0, Sum: 0.0]
      [Object Copy (ms): Min: 181.0, Avg: 181.1, Max: 181.3, Diff: 0.3, Sum: 1449.1]
      [Termination (ms): Min: 0.0, Avg: 0.1, Max: 0.2, Diff: 0.2, Sum: 1.1]
         [Termination Attempts: Min: 1, Avg: 354.8, Max: 428, Diff: 427, Sum: 2838]
      [GC Worker Other (ms): Min: 0.0, Avg: 0.0, Max: 0.1, Diff: 0.1, Sum: 0.3]
      [GC Worker Total (ms): Min: 233.0, Avg: 233.1, Max: 233.3, Diff: 0.3, Sum: 1864.8]
      [GC Worker End (ms): Min: 41006.3, Avg: 41006.3, Max: 41006.3, Diff: 0.1]
   [Code Root Fixup: 0.0 ms]
   [Code Root Purge: 0.0 ms]
   [Clear CT: 0.4 ms]
   [Other: 1.7 ms]
      [Choose CSet: 0.0 ms]
      [Ref Proc: 0.5 ms]
      [Ref Enq: 0.0 ms]
      [Redirty Cards: 0.5 ms]
      [Humongous Register: 0.1 ms]
      [Humongous Reclaim: 0.0 ms]
      [Free CSet: 0.3 ms]
   [Eden: 144.0M(144.0M)->0.0B(117.0M) Survivors: 40.0M->23.0M Heap: 543.3M(2048.0M)->545.3M(2048.0M)]
 [Times: user=1.86 sys=0.02, real=0.24 secs] 
2020-09-29T11:29:47.726+0200: 41.158: [GC pause (G1 Evacuation Pause) (young), 0.1837023 secs]
   [Parallel Time: 180.8 ms, GC Workers: 8]
      [GC Worker Start (ms): Min: 41158.2, Avg: 41158.4, Max: 41158.6, Diff: 0.4]
      [Ext Root Scanning (ms): Min: 0.0, Avg: 0.1, Max: 0.3, Diff: 0.3, Sum: 1.0]
      [Update RS (ms): Min: 34.4, Avg: 35.1, Max: 36.1, Diff: 1.7, Sum: 281.0]
         [Processed Buffers: Min: 12, Avg: 15.5, Max: 18, Diff: 6, Sum: 124]
      [Scan RS (ms): Min: 7.0, Avg: 8.0, Max: 8.9, Diff: 1.8, Sum: 64.2]
      [Code Root Scanning (ms): Min: 0.0, Avg: 0.0, Max: 0.0, Diff: 0.0, Sum: 0.0]
      [Object Copy (ms): Min: 136.8, Avg: 136.9, Max: 137.0, Diff: 0.2, Sum: 1095.3]
      [Termination (ms): Min: 0.0, Avg: 0.0, Max: 0.0, Diff: 0.0, Sum: 0.2]
         [Termination Attempts: Min: 1, Avg: 47.4, Max: 81, Diff: 80, Sum: 379]
      [GC Worker Other (ms): Min: 0.0, Avg: 0.0, Max: 0.1, Diff: 0.1, Sum: 0.4]
      [GC Worker Total (ms): Min: 180.1, Avg: 180.3, Max: 180.4, Diff: 0.4, Sum: 1442.0]
      [GC Worker End (ms): Min: 41338.7, Avg: 41338.7, Max: 41338.7, Diff: 0.1]
   [Code Root Fixup: 0.0 ms]
   [Code Root Purge: 0.0 ms]
   [Clear CT: 0.6 ms]
   [Other: 2.3 ms]
      [Choose CSet: 0.0 ms]
      [Ref Proc: 0.5 ms]
      [Ref Enq: 0.0 ms]
      [Redirty Cards: 1.3 ms]
      [Humongous Register: 0.1 ms]
      [Humongous Reclaim: 0.0 ms]
      [Free CSet: 0.2 ms]
   [Eden: 117.0M(117.0M)->0.0B(110.0M) Survivors: 23.0M->18.0M Heap: 681.4M(2048.0M)->683.4M(2048.0M)]
 [Times: user=1.36 sys=0.00, real=0.18 secs] 
2020-09-29T11:29:48.038+0200: 41.471: [GC pause (G1 Evacuation Pause) (young), 0.1795845 secs]
   [Parallel Time: 177.6 ms, GC Workers: 8]
      [GC Worker Start (ms): Min: 41470.9, Avg: 41471.1, Max: 41471.2, Diff: 0.3]
      [Ext Root Scanning (ms): Min: 0.0, Avg: 0.1, Max: 0.3, Diff: 0.3, Sum: 1.1]
      [Update RS (ms): Min: 26.2, Avg: 26.5, Max: 27.0, Diff: 0.9, Sum: 211.8]
         [Processed Buffers: Min: 12, Avg: 13.5, Max: 15, Diff: 3, Sum: 108]
      [Scan RS (ms): Min: 8.0, Avg: 8.5, Max: 8.8, Diff: 0.8, Sum: 67.9]
      [Code Root Scanning (ms): Min: 0.0, Avg: 0.0, Max: 0.0, Diff: 0.0, Sum: 0.0]
      [Object Copy (ms): Min: 141.3, Avg: 141.6, Max: 142.2, Diff: 0.8, Sum: 1132.5]
      [Termination (ms): Min: 0.0, Avg: 0.5, Max: 0.6, Diff: 0.6, Sum: 4.1]
         [Termination Attempts: Min: 1, Avg: 1269.0, Max: 1534, Diff: 1533, Sum: 10152]
      [GC Worker Other (ms): Min: 0.0, Avg: 0.0, Max: 0.1, Diff: 0.0, Sum: 0.3]
      [GC Worker Total (ms): Min: 177.1, Avg: 177.2, Max: 177.4, Diff: 0.3, Sum: 1417.7]
      [GC Worker End (ms): Min: 41648.3, Avg: 41648.3, Max: 41648.3, Diff: 0.0]
   [Code Root Fixup: 0.0 ms]
   [Code Root Purge: 0.0 ms]
   [Clear CT: 0.4 ms]
   [Other: 1.5 ms]
      [Choose CSet: 0.0 ms]
      [Ref Proc: 0.4 ms]
      [Ref Enq: 0.0 ms]
      [Redirty Cards: 0.5 ms]
      [Humongous Register: 0.1 ms]
      [Humongous Reclaim: 0.0 ms]
      [Free CSet: 0.2 ms]
   [Eden: 110.0M(110.0M)->0.0B(107.0M) Survivors: 18.0M->16.0M Heap: 812.4M(2048.0M)->814.9M(2048.0M)]
 [Times: user=1.34 sys=0.00, real=0.18 secs] 
2020-09-29T11:29:48.344+0200: 41.776: [GC pause (G1 Evacuation Pause) (young), 0.1549889 secs]
   [Parallel Time: 152.9 ms, GC Workers: 8]
      [GC Worker Start (ms): Min: 41776.5, Avg: 41776.7, Max: 41776.9, Diff: 0.3]
      [Ext Root Scanning (ms): Min: 0.0, Avg: 0.1, Max: 0.3, Diff: 0.3, Sum: 1.0]
      [Update RS (ms): Min: 27.5, Avg: 28.3, Max: 29.0, Diff: 1.6, Sum: 226.2]
         [Processed Buffers: Min: 12, Avg: 13.1, Max: 14, Diff: 2, Sum: 105]
      [Scan RS (ms): Min: 6.6, Avg: 7.3, Max: 8.2, Diff: 1.6, Sum: 58.5]
      [Code Root Scanning (ms): Min: 0.0, Avg: 0.0, Max: 0.0, Diff: 0.0, Sum: 0.0]
      [Object Copy (ms): Min: 116.4, Avg: 116.6, Max: 116.6, Diff: 0.2, Sum: 932.4]
      [Termination (ms): Min: 0.0, Avg: 0.1, Max: 0.1, Diff: 0.1, Sum: 0.6]
         [Termination Attempts: Min: 1, Avg: 205.1, Max: 257, Diff: 256, Sum: 1641]
      [GC Worker Other (ms): Min: 0.0, Avg: 0.1, Max: 0.1, Diff: 0.1, Sum: 0.4]
      [GC Worker Total (ms): Min: 152.2, Avg: 152.4, Max: 152.6, Diff: 0.4, Sum: 1219.2]
      [GC Worker End (ms): Min: 41929.1, Avg: 41929.1, Max: 41929.2, Diff: 0.1]
   [Code Root Fixup: 0.0 ms]
   [Code Root Purge: 0.0 ms]
   [Clear CT: 0.4 ms]
   [Other: 1.6 ms]
      [Choose CSet: 0.0 ms]
      [Ref Proc: 0.6 ms]
      [Ref Enq: 0.0 ms]
      [Redirty Cards: 0.5 ms]
      [Humongous Register: 0.1 ms]
      [Humongous Reclaim: 0.0 ms]
      [Free CSet: 0.2 ms]
   [Eden: 107.0M(107.0M)->0.0B(112.0M) Survivors: 16.0M->16.0M Heap: 939.1M(2048.0M)->941.1M(2048.0M)]
 [Times: user=1.20 sys=0.02, real=0.15 secs] 
2020-09-29T11:29:48.502+0200: 41.934: [GC pause (G1 Humongous Allocation) (young) (initial-mark), 0.0729367 secs]
   [Parallel Time: 71.0 ms, GC Workers: 8]
      [GC Worker Start (ms): Min: 41934.2, Avg: 41934.4, Max: 41934.6, Diff: 0.4]
      [Ext Root Scanning (ms): Min: 0.0, Avg: 1.5, Max: 9.3, Diff: 9.3, Sum: 11.8]
      [Update RS (ms): Min: 33.5, Avg: 41.8, Max: 43.3, Diff: 9.9, Sum: 334.3]
         [Processed Buffers: Min: 16, Avg: 21.0, Max: 25, Diff: 9, Sum: 168]
      [Scan RS (ms): Min: 0.0, Avg: 0.0, Max: 0.0, Diff: 0.0, Sum: 0.0]
      [Code Root Scanning (ms): Min: 0.0, Avg: 0.0, Max: 0.0, Diff: 0.0, Sum: 0.0]
      [Object Copy (ms): Min: 26.9, Avg: 27.2, Max: 27.5, Diff: 0.6, Sum: 218.0]
      [Termination (ms): Min: 0.0, Avg: 0.0, Max: 0.1, Diff: 0.1, Sum: 0.4]
         [Termination Attempts: Min: 1, Avg: 139.6, Max: 178, Diff: 177, Sum: 1117]
      [GC Worker Other (ms): Min: 0.0, Avg: 0.0, Max: 0.1, Diff: 0.0, Sum: 0.3]
      [GC Worker Total (ms): Min: 70.4, Avg: 70.6, Max: 70.7, Diff: 0.4, Sum: 564.7]
      [GC Worker End (ms): Min: 42004.9, Avg: 42004.9, Max: 42005.0, Diff: 0.0]
   [Code Root Fixup: 0.0 ms]
   [Code Root Purge: 0.0 ms]
   [Clear CT: 0.4 ms]
   [Other: 1.5 ms]
      [Choose CSet: 0.0 ms]
      [Ref Proc: 0.4 ms]
      [Ref Enq: 0.0 ms]
      [Redirty Cards: 0.6 ms]
      [Humongous Register: 0.0 ms]
      [Humongous Reclaim: 0.0 ms]
      [Free CSet: 0.1 ms]
   [Eden: 2048.0K(112.0M)->0.0B(111.0M) Survivors: 16.0M->3072.0K Heap: 943.1M(2048.0M)->945.6M(2048.0M)]
 [Times: user=0.61 sys=0.00, real=0.08 secs] 
2020-09-29T11:29:48.581+0200: 42.014: [GC concurrent-root-region-scan-start]
2020-09-29T11:29:48.582+0200: 42.015: [GC concurrent-root-region-scan-end, 0.0010236 secs]
2020-09-29T11:29:48.582+0200: 42.015: [GC concurrent-mark-start]
2020-09-29T11:29:48.587+0200: 42.020: [GC concurrent-mark-end, 0.0046346 secs]
2020-09-29T11:29:48.587+0200: 42.020: [GC remark 2020-09-29T11:29:48.587+0200: 42.020: [Finalize Marking, 0.0006446 secs] 2020-09-29T11:29:48.588+0200: 42.021: [GC ref-proc, 0.0006716 secs] 2020-09-29T11:29:48.588+0200: 42.021: [Unloading, 0.0012005 secs], 0.0031765 secs]
 [Times: user=0.00 sys=0.00, real=0.00 secs] 
2020-09-29T11:29:48.591+0200: 42.024: [GC cleanup 952M->19M(2048M), 0.0030829 secs]
 [Times: user=0.00 sys=0.00, real=0.00 secs] 
2020-09-29T11:29:48.594+0200: 42.027: [GC concurrent-cleanup-start]
2020-09-29T11:29:48.596+0200: 42.029: [GC concurrent-cleanup-end, 0.0019565 secs]
2020-09-29T11:29:48.718+0200: 42.150: [GC pause (G1 Evacuation Pause) (young), 0.1431875 secs]
   [Parallel Time: 141.2 ms, GC Workers: 8]
      [GC Worker Start (ms): Min: 42150.6, Avg: 42150.8, Max: 42151.4, Diff: 0.8]
      [Ext Root Scanning (ms): Min: 0.0, Avg: 0.2, Max: 0.3, Diff: 0.3, Sum: 1.4]
      [Update RS (ms): Min: 20.8, Avg: 21.8, Max: 23.3, Diff: 2.6, Sum: 174.7]
         [Processed Buffers: Min: 5, Avg: 10.1, Max: 12, Diff: 7, Sum: 81]
      [Scan RS (ms): Min: 6.9, Avg: 8.2, Max: 9.0, Diff: 2.1, Sum: 65.6]
      [Code Root Scanning (ms): Min: 0.0, Avg: 0.0, Max: 0.0, Diff: 0.0, Sum: 0.0]
      [Object Copy (ms): Min: 110.4, Avg: 110.5, Max: 110.6, Diff: 0.1, Sum: 884.3]
      [Termination (ms): Min: 0.0, Avg: 0.1, Max: 0.2, Diff: 0.2, Sum: 0.8]
         [Termination Attempts: Min: 1, Avg: 8.6, Max: 14, Diff: 13, Sum: 69]
      [GC Worker Other (ms): Min: 0.0, Avg: 0.0, Max: 0.0, Diff: 0.0, Sum: 0.2]
      [GC Worker Total (ms): Min: 140.3, Avg: 140.9, Max: 141.1, Diff: 0.8, Sum: 1127.0]
      [GC Worker End (ms): Min: 42291.6, Avg: 42291.7, Max: 42291.7, Diff: 0.1]
   [Code Root Fixup: 0.0 ms]
   [Code Root Purge: 0.0 ms]
   [Clear CT: 0.4 ms]
   [Other: 1.6 ms]
      [Choose CSet: 0.0 ms]
      [Ref Proc: 0.4 ms]
      [Ref Enq: 0.0 ms]
      [Redirty Cards: 0.5 ms]
      [Humongous Register: 0.1 ms]
      [Humongous Reclaim: 0.0 ms]
      [Free CSet: 0.2 ms]
   [Eden: 111.0M(111.0M)->0.0B(109.0M) Survivors: 3072.0K->15.0M Heap: 143.1M(2048.0M)->142.1M(2048.0M)]
 [Times: user=1.11 sys=0.00, real=0.14 secs] 
2020-09-29T11:29:48.998+0200: 42.431: [GC pause (G1 Evacuation Pause) (young), 0.1579303 secs]
   [Parallel Time: 155.8 ms, GC Workers: 8]
      [GC Worker Start (ms): Min: 42431.2, Avg: 42431.4, Max: 42431.5, Diff: 0.3]
      [Ext Root Scanning (ms): Min: 0.0, Avg: 0.1, Max: 0.3, Diff: 0.3, Sum: 1.1]
      [Update RS (ms): Min: 22.7, Avg: 23.0, Max: 24.6, Diff: 1.8, Sum: 184.4]
         [Processed Buffers: Min: 11, Avg: 12.6, Max: 16, Diff: 5, Sum: 101]
      [Scan RS (ms): Min: 7.8, Avg: 9.2, Max: 10.0, Diff: 2.2, Sum: 73.6]
      [Code Root Scanning (ms): Min: 0.0, Avg: 0.0, Max: 0.0, Diff: 0.0, Sum: 0.0]
      [Object Copy (ms): Min: 122.3, Avg: 122.8, Max: 123.1, Diff: 0.8, Sum: 982.4]
      [Termination (ms): Min: 0.0, Avg: 0.1, Max: 0.1, Diff: 0.1, Sum: 0.6]
         [Termination Attempts: Min: 1, Avg: 207.5, Max: 276, Diff: 275, Sum: 1660]
      [GC Worker Other (ms): Min: 0.0, Avg: 0.1, Max: 0.1, Diff: 0.1, Sum: 0.4]
      [GC Worker Total (ms): Min: 155.2, Avg: 155.3, Max: 155.5, Diff: 0.3, Sum: 1242.5]
      [GC Worker End (ms): Min: 42586.6, Avg: 42586.7, Max: 42586.7, Diff: 0.1]
   [Code Root Fixup: 0.0 ms]
   [Code Root Purge: 0.0 ms]
   [Clear CT: 0.5 ms]
   [Other: 1.6 ms]
      [Choose CSet: 0.0 ms]
      [Ref Proc: 0.5 ms]
      [Ref Enq: 0.0 ms]
      [Redirty Cards: 0.6 ms]
      [Humongous Register: 0.1 ms]
      [Humongous Reclaim: 0.0 ms]
      [Free CSet: 0.1 ms]
   [Eden: 109.0M(109.0M)->0.0B(114.0M) Survivors: 15.0M->16.0M Heap: 270.1M(2048.0M)->271.6M(2048.0M)]
 [Times: user=1.25 sys=0.00, real=0.16 secs] 
2020-09-29T11:29:49.292+0200: 42.724: [GC pause (G1 Evacuation Pause) (young), 0.1496900 secs]
   [Parallel Time: 147.2 ms, GC Workers: 8]
      [GC Worker Start (ms): Min: 42724.2, Avg: 42724.4, Max: 42724.5, Diff: 0.3]
      [Ext Root Scanning (ms): Min: 0.0, Avg: 0.1, Max: 0.3, Diff: 0.3, Sum: 1.1]
      [Update RS (ms): Min: 15.7, Avg: 16.0, Max: 16.9, Diff: 1.2, Sum: 128.2]
         [Processed Buffers: Min: 7, Avg: 8.9, Max: 12, Diff: 5, Sum: 71]
      [Scan RS (ms): Min: 12.7, Avg: 13.4, Max: 13.7, Diff: 1.0, Sum: 107.4]
      [Code Root Scanning (ms): Min: 0.0, Avg: 0.0, Max: 0.0, Diff: 0.0, Sum: 0.0]
      [Object Copy (ms): Min: 117.0, Avg: 117.1, Max: 117.2, Diff: 0.2, Sum: 936.7]
      [Termination (ms): Min: 0.0, Avg: 0.0, Max: 0.0, Diff: 0.0, Sum: 0.0]
         [Termination Attempts: Min: 1, Avg: 6.1, Max: 10, Diff: 9, Sum: 49]
      [GC Worker Other (ms): Min: 0.0, Avg: 0.0, Max: 0.1, Diff: 0.1, Sum: 0.4]
      [GC Worker Total (ms): Min: 146.6, Avg: 146.7, Max: 146.9, Diff: 0.3, Sum: 1173.8]
      [GC Worker End (ms): Min: 42871.1, Avg: 42871.1, Max: 42871.1, Diff: 0.1]
   [Code Root Fixup: 0.0 ms]
   [Code Root Purge: 0.0 ms]
   [Clear CT: 0.5 ms]
   [Other: 2.0 ms]
      [Choose CSet: 0.0 ms]
      [Ref Proc: 0.7 ms]
      [Ref Enq: 0.0 ms]
      [Redirty Cards: 0.5 ms]
      [Humongous Register: 0.1 ms]
      [Humongous Reclaim: 0.0 ms]
      [Free CSet: 0.3 ms]
   [Eden: 114.0M(114.0M)->0.0B(120.0M) Survivors: 16.0M->17.0M Heap: 404.7M(2048.0M)->406.7M(2048.0M)]
 [Times: user=1.13 sys=0.00, real=0.15 secs] 
2020-09-29T11:29:49.590+0200: 43.022: [GC pause (G1 Evacuation Pause) (young), 0.1694388 secs]
   [Parallel Time: 167.5 ms, GC Workers: 8]
      [GC Worker Start (ms): Min: 43021.7, Avg: 43021.9, Max: 43022.0, Diff: 0.3]
      [Ext Root Scanning (ms): Min: 0.0, Avg: 0.1, Max: 0.3, Diff: 0.3, Sum: 1.0]
      [Update RS (ms): Min: 18.4, Avg: 18.7, Max: 18.9, Diff: 0.4, Sum: 149.2]
         [Processed Buffers: Min: 9, Avg: 9.8, Max: 15, Diff: 6, Sum: 78]
      [Scan RS (ms): Min: 12.4, Avg: 12.6, Max: 12.8, Diff: 0.4, Sum: 100.6]
      [Code Root Scanning (ms): Min: 0.0, Avg: 0.0, Max: 0.0, Diff: 0.0, Sum: 0.0]
      [Object Copy (ms): Min: 135.2, Avg: 135.3, Max: 135.5, Diff: 0.4, Sum: 1082.6]
      [Termination (ms): Min: 0.0, Avg: 0.2, Max: 0.3, Diff: 0.3, Sum: 1.8]
         [Termination Attempts: Min: 1, Avg: 575.1, Max: 732, Diff: 731, Sum: 4601]
      [GC Worker Other (ms): Min: 0.0, Avg: 0.0, Max: 0.1, Diff: 0.1, Sum: 0.4]
      [GC Worker Total (ms): Min: 166.8, Avg: 167.0, Max: 167.1, Diff: 0.3, Sum: 1335.6]
      [GC Worker End (ms): Min: 43188.8, Avg: 43188.9, Max: 43188.9, Diff: 0.1]
   [Code Root Fixup: 0.0 ms]
   [Code Root Purge: 0.0 ms]
   [Clear CT: 0.6 ms]
   [Other: 1.4 ms]
      [Choose CSet: 0.0 ms]
      [Ref Proc: 0.3 ms]
      [Ref Enq: 0.0 ms]
      [Redirty Cards: 0.5 ms]
      [Humongous Register: 0.1 ms]
      [Humongous Reclaim: 0.0 ms]
      [Free CSet: 0.2 ms]
   [Eden: 120.0M(120.0M)->0.0B(122.0M) Survivors: 17.0M->18.0M Heap: 545.8M(2048.0M)->547.8M(2048.0M)]
 [Times: user=1.38 sys=0.00, real=0.17 secs] 
2020-09-29T11:29:49.908+0200: 43.340: [GC pause (G1 Evacuation Pause) (young), 0.1748477 secs]
   [Parallel Time: 172.6 ms, GC Workers: 8]
      [GC Worker Start (ms): Min: 43340.3, Avg: 43340.5, Max: 43340.6, Diff: 0.3]
      [Ext Root Scanning (ms): Min: 0.1, Avg: 0.2, Max: 0.3, Diff: 0.3, Sum: 1.3]
      [Update RS (ms): Min: 18.2, Avg: 18.7, Max: 19.6, Diff: 1.4, Sum: 149.5]
         [Processed Buffers: Min: 8, Avg: 9.8, Max: 11, Diff: 3, Sum: 78]
      [Scan RS (ms): Min: 14.7, Avg: 15.7, Max: 16.2, Diff: 1.5, Sum: 125.3]
      [Code Root Scanning (ms): Min: 0.0, Avg: 0.0, Max: 0.0, Diff: 0.0, Sum: 0.0]
      [Object Copy (ms): Min: 137.2, Avg: 137.5, Max: 137.7, Diff: 0.5, Sum: 1100.3]
      [Termination (ms): Min: 0.0, Avg: 0.1, Max: 0.1, Diff: 0.1, Sum: 0.6]
         [Termination Attempts: Min: 1, Avg: 198.9, Max: 250, Diff: 249, Sum: 1591]
      [GC Worker Other (ms): Min: 0.0, Avg: 0.1, Max: 0.2, Diff: 0.1, Sum: 0.6]
      [GC Worker Total (ms): Min: 172.1, Avg: 172.2, Max: 172.3, Diff: 0.2, Sum: 1377.6]
      [GC Worker End (ms): Min: 43512.7, Avg: 43512.7, Max: 43512.8, Diff: 0.1]
   [Code Root Fixup: 0.0 ms]
   [Code Root Purge: 0.0 ms]
   [Clear CT: 0.5 ms]
   [Other: 1.8 ms]
      [Choose CSet: 0.0 ms]
      [Ref Proc: 0.5 ms]
      [Ref Enq: 0.0 ms]
      [Redirty Cards: 0.7 ms]
      [Humongous Register: 0.1 ms]
      [Humongous Reclaim: 0.0 ms]
      [Free CSet: 0.2 ms]
   [Eden: 122.0M(122.0M)->0.0B(124.0M) Survivors: 18.0M->18.0M Heap: 690.8M(2048.0M)->692.8M(2048.0M)]
 [Times: user=1.33 sys=0.00, real=0.18 secs] 
2020-09-29T11:29:50.236+0200: 43.669: [GC pause (G1 Evacuation Pause) (young), 0.1737960 secs]
   [Parallel Time: 172.0 ms, GC Workers: 8]
      [GC Worker Start (ms): Min: 43668.9, Avg: 43669.0, Max: 43669.1, Diff: 0.2]
      [Ext Root Scanning (ms): Min: 0.1, Avg: 0.2, Max: 0.3, Diff: 0.2, Sum: 1.4]
      [Update RS (ms): Min: 23.4, Avg: 23.7, Max: 24.0, Diff: 0.6, Sum: 189.3]
         [Processed Buffers: Min: 10, Avg: 12.5, Max: 15, Diff: 5, Sum: 100]
      [Scan RS (ms): Min: 12.1, Avg: 12.5, Max: 12.9, Diff: 0.7, Sum: 100.2]
      [Code Root Scanning (ms): Min: 0.0, Avg: 0.0, Max: 0.0, Diff: 0.0, Sum: 0.0]
      [Object Copy (ms): Min: 135.1, Avg: 135.2, Max: 135.3, Diff: 0.2, Sum: 1081.6]
      [Termination (ms): Min: 0.0, Avg: 0.0, Max: 0.0, Diff: 0.0, Sum: 0.0]
         [Termination Attempts: Min: 1, Avg: 9.3, Max: 14, Diff: 13, Sum: 74]
      [GC Worker Other (ms): Min: 0.0, Avg: 0.1, Max: 0.1, Diff: 0.1, Sum: 0.5]
      [GC Worker Total (ms): Min: 171.5, Avg: 171.6, Max: 171.8, Diff: 0.3, Sum: 1373.0]
      [GC Worker End (ms): Min: 43840.6, Avg: 43840.6, Max: 43840.7, Diff: 0.1]
   [Code Root Fixup: 0.0 ms]
   [Code Root Purge: 0.0 ms]
   [Clear CT: 0.4 ms]
   [Other: 1.4 ms]
      [Choose CSet: 0.0 ms]
      [Ref Proc: 0.4 ms]
      [Ref Enq: 0.0 ms]
      [Redirty Cards: 0.4 ms]
      [Humongous Register: 0.1 ms]
      [Humongous Reclaim: 0.0 ms]
      [Free CSet: 0.2 ms]
   [Eden: 124.0M(124.0M)->0.0B(127.0M) Survivors: 18.0M->18.0M Heap: 837.8M(2048.0M)->839.3M(2048.0M)]
 [Times: user=1.34 sys=0.00, real=0.17 secs] 
2020-09-29T11:29:50.563+0200: 43.996: [GC pause (G1 Evacuation Pause) (young), 0.1828460 secs]
   [Parallel Time: 180.9 ms, GC Workers: 8]
      [GC Worker Start (ms): Min: 43995.9, Avg: 43996.1, Max: 43996.2, Diff: 0.3]
      [Ext Root Scanning (ms): Min: 0.0, Avg: 0.1, Max: 0.3, Diff: 0.3, Sum: 1.1]
      [Update RS (ms): Min: 19.5, Avg: 19.7, Max: 20.0, Diff: 0.5, Sum: 157.5]
         [Processed Buffers: Min: 10, Avg: 10.8, Max: 12, Diff: 2, Sum: 86]
      [Scan RS (ms): Min: 13.7, Avg: 14.3, Max: 16.4, Diff: 2.7, Sum: 114.4]
      [Code Root Scanning (ms): Min: 0.0, Avg: 0.0, Max: 0.0, Diff: 0.0, Sum: 0.0]
      [Object Copy (ms): Min: 144.1, Avg: 146.2, Max: 146.6, Diff: 2.5, Sum: 1169.7]
      [Termination (ms): Min: 0.0, Avg: 0.1, Max: 0.1, Diff: 0.1, Sum: 0.9]
         [Termination Attempts: Min: 1, Avg: 284.3, Max: 346, Diff: 345, Sum: 2274]
      [GC Worker Other (ms): Min: 0.0, Avg: 0.0, Max: 0.1, Diff: 0.1, Sum: 0.4]
      [GC Worker Total (ms): Min: 180.4, Avg: 180.5, Max: 180.7, Diff: 0.3, Sum: 1444.0]
      [GC Worker End (ms): Min: 44176.5, Avg: 44176.6, Max: 44176.6, Diff: 0.1]
   [Code Root Fixup: 0.0 ms]
   [Code Root Purge: 0.0 ms]
   [Clear CT: 0.4 ms]
   [Other: 1.5 ms]
      [Choose CSet: 0.0 ms]
      [Ref Proc: 0.4 ms]
      [Ref Enq: 0.0 ms]
      [Redirty Cards: 0.5 ms]
      [Humongous Register: 0.1 ms]
      [Humongous Reclaim: 0.0 ms]
      [Free CSet: 0.2 ms]
   [Eden: 127.0M(127.0M)->0.0B(126.0M) Survivors: 18.0M->19.0M Heap: 987.2M(2048.0M)->989.2M(2048.0M)]
 [Times: user=1.47 sys=0.00, real=0.18 secs] 
2020-09-29T11:29:50.766+0200: 44.198: [GC pause (G1 Humongous Allocation) (young) (initial-mark), 0.0640714 secs]
   [Parallel Time: 62.1 ms, GC Workers: 8]
      [GC Worker Start (ms): Min: 44198.8, Avg: 44199.0, Max: 44199.2, Diff: 0.4]
      [Ext Root Scanning (ms): Min: 0.0, Avg: 0.7, Max: 3.5, Diff: 3.5, Sum: 5.9]
      [Update RS (ms): Min: 29.8, Avg: 32.0, Max: 32.7, Diff: 3.0, Sum: 256.1]
         [Processed Buffers: Min: 13, Avg: 15.9, Max: 19, Diff: 6, Sum: 127]
      [Scan RS (ms): Min: 2.0, Avg: 2.7, Max: 3.4, Diff: 1.4, Sum: 21.6]
      [Code Root Scanning (ms): Min: 0.0, Avg: 0.0, Max: 0.0, Diff: 0.0, Sum: 0.0]
      [Object Copy (ms): Min: 26.0, Avg: 26.1, Max: 26.2, Diff: 0.2, Sum: 209.0]
      [Termination (ms): Min: 0.0, Avg: 0.0, Max: 0.0, Diff: 0.0, Sum: 0.1]
         [Termination Attempts: Min: 1, Avg: 12.4, Max: 18, Diff: 17, Sum: 99]
      [GC Worker Other (ms): Min: 0.0, Avg: 0.0, Max: 0.1, Diff: 0.0, Sum: 0.3]
      [GC Worker Total (ms): Min: 61.4, Avg: 61.6, Max: 61.8, Diff: 0.4, Sum: 492.9]
      [GC Worker End (ms): Min: 44260.6, Avg: 44260.6, Max: 44260.6, Diff: 0.0]
   [Code Root Fixup: 0.0 ms]
   [Code Root Purge: 0.0 ms]
   [Clear CT: 0.4 ms]
   [Other: 1.5 ms]
      [Choose CSet: 0.0 ms]
      [Ref Proc: 0.4 ms]
      [Ref Enq: 0.0 ms]
      [Redirty Cards: 0.4 ms]
      [Humongous Register: 0.1 ms]
      [Humongous Reclaim: 0.0 ms]
      [Free CSet: 0.1 ms]
   [Eden: 9216.0K(126.0M)->0.0B(142.0M) Survivors: 19.0M->11.0M Heap: 997.7M(2048.0M)->1002.2M(2048.0M)]
 [Times: user=0.47 sys=0.00, real=0.06 secs] 
2020-09-29T11:29:50.830+0200: 44.263: [GC concurrent-root-region-scan-start]
2020-09-29T11:29:50.836+0200: 44.268: [GC concurrent-root-region-scan-end, 0.0054998 secs]
2020-09-29T11:29:50.836+0200: 44.268: [GC concurrent-mark-start]
2020-09-29T11:29:50.841+0200: 44.273: [GC concurrent-mark-end, 0.0047303 secs]
2020-09-29T11:29:50.841+0200: 44.273: [GC remark 2020-09-29T11:29:50.841+0200: 44.273: [Finalize Marking, 0.0004455 secs] 2020-09-29T11:29:50.841+0200: 44.274: [GC ref-proc, 0.0006461 secs] 2020-09-29T11:29:50.842+0200: 44.275: [Unloading, 0.0009707 secs], 0.0028371 secs]
 [Times: user=0.00 sys=0.00, real=0.00 secs] 
2020-09-29T11:29:50.844+0200: 44.277: [GC cleanup 1012M->30M(2048M), 0.0024679 secs]
 [Times: user=0.00 sys=0.00, real=0.00 secs] 
2020-09-29T11:29:50.847+0200: 44.280: [GC concurrent-cleanup-start]
2020-09-29T11:29:50.849+0200: 44.282: [GC concurrent-cleanup-end, 0.0023323 secs]
2020-09-29T11:29:51.003+0200: 44.435: [GC pause (G1 Evacuation Pause) (young), 0.1689219 secs]
   [Parallel Time: 167.0 ms, GC Workers: 8]
      [GC Worker Start (ms): Min: 44435.6, Avg: 44435.7, Max: 44435.9, Diff: 0.3]
      [Ext Root Scanning (ms): Min: 0.0, Avg: 0.1, Max: 0.3, Diff: 0.3, Sum: 1.1]
      [Update RS (ms): Min: 18.6, Avg: 18.8, Max: 19.4, Diff: 0.8, Sum: 150.8]
         [Processed Buffers: Min: 9, Avg: 10.0, Max: 13, Diff: 4, Sum: 80]
      [Scan RS (ms): Min: 13.3, Avg: 13.9, Max: 14.1, Diff: 0.8, Sum: 110.8]
      [Code Root Scanning (ms): Min: 0.0, Avg: 0.0, Max: 0.0, Diff: 0.0, Sum: 0.0]
      [Object Copy (ms): Min: 133.5, Avg: 133.7, Max: 133.7, Diff: 0.2, Sum: 1069.3]
      [Termination (ms): Min: 0.0, Avg: 0.0, Max: 0.0, Diff: 0.0, Sum: 0.1]
         [Termination Attempts: Min: 1, Avg: 37.3, Max: 48, Diff: 47, Sum: 298]
      [GC Worker Other (ms): Min: 0.0, Avg: 0.1, Max: 0.1, Diff: 0.1, Sum: 0.4]
      [GC Worker Total (ms): Min: 166.4, Avg: 166.6, Max: 166.8, Diff: 0.4, Sum: 1332.5]
      [GC Worker End (ms): Min: 44602.3, Avg: 44602.3, Max: 44602.3, Diff: 0.1]
   [Code Root Fixup: 0.0 ms]
   [Code Root Purge: 0.0 ms]
   [Clear CT: 0.4 ms]
   [Other: 1.5 ms]
      [Choose CSet: 0.0 ms]
      [Ref Proc: 0.4 ms]
      [Ref Enq: 0.0 ms]
      [Redirty Cards: 0.5 ms]
      [Humongous Register: 0.1 ms]
      [Humongous Reclaim: 0.0 ms]
      [Free CSet: 0.2 ms]
   [Eden: 142.0M(142.0M)->0.0B(135.0M) Survivors: 11.0M->20.0M Heap: 187.3M(2048.0M)->178.8M(2048.0M)]
 [Times: user=1.34 sys=0.00, real=0.17 secs] 
2020-09-29T11:29:51.332+0200: 44.764: [GC pause (G1 Evacuation Pause) (young), 0.1841855 secs]
   [Parallel Time: 181.7 ms, GC Workers: 8]
      [GC Worker Start (ms): Min: 44764.6, Avg: 44764.8, Max: 44765.0, Diff: 0.3]
      [Ext Root Scanning (ms): Min: 0.0, Avg: 0.1, Max: 0.3, Diff: 0.3, Sum: 1.0]
      [Update RS (ms): Min: 19.2, Avg: 19.5, Max: 20.5, Diff: 1.4, Sum: 155.8]
         [Processed Buffers: Min: 9, Avg: 10.5, Max: 13, Diff: 4, Sum: 84]
      [Scan RS (ms): Min: 14.9, Avg: 16.0, Max: 16.4, Diff: 1.5, Sum: 127.8]
      [Code Root Scanning (ms): Min: 0.0, Avg: 0.0, Max: 0.0, Diff: 0.0, Sum: 0.0]
      [Object Copy (ms): Min: 145.4, Avg: 145.6, Max: 145.7, Diff: 0.2, Sum: 1164.6]
      [Termination (ms): Min: 0.0, Avg: 0.0, Max: 0.0, Diff: 0.0, Sum: 0.2]
         [Termination Attempts: Min: 1, Avg: 60.3, Max: 91, Diff: 90, Sum: 482]
      [GC Worker Other (ms): Min: 0.0, Avg: 0.1, Max: 0.1, Diff: 0.1, Sum: 0.4]
      [GC Worker Total (ms): Min: 181.1, Avg: 181.2, Max: 181.4, Diff: 0.3, Sum: 1450.0]
      [GC Worker End (ms): Min: 44946.0, Avg: 44946.1, Max: 44946.1, Diff: 0.1]
   [Code Root Fixup: 0.0 ms]
   [Code Root Purge: 0.0 ms]
   [Clear CT: 0.5 ms]
   [Other: 1.9 ms]
      [Choose CSet: 0.0 ms]
      [Ref Proc: 0.4 ms]
      [Ref Enq: 0.0 ms]
      [Redirty Cards: 0.8 ms]
      [Humongous Register: 0.1 ms]
      [Humongous Reclaim: 0.0 ms]
      [Free CSet: 0.3 ms]
   [Eden: 135.0M(135.0M)->0.0B(132.0M) Survivors: 20.0M->20.0M Heap: 336.7M(2048.0M)->338.7M(2048.0M)]
 [Times: user=1.38 sys=0.00, real=0.19 secs] 
2020-09-29T11:29:51.799+0200: 45.232: [GC pause (G1 Evacuation Pause) (young), 0.3363175 secs]
   [Parallel Time: 331.6 ms, GC Workers: 8]
      [GC Worker Start (ms): Min: 45232.2, Avg: 45233.2, Max: 45238.7, Diff: 6.5]
      [Ext Root Scanning (ms): Min: 0.0, Avg: 0.2, Max: 0.5, Diff: 0.5, Sum: 1.8]
      [Update RS (ms): Min: 33.4, Avg: 39.7, Max: 46.9, Diff: 13.5, Sum: 317.2]
         [Processed Buffers: Min: 8, Avg: 10.1, Max: 13, Diff: 5, Sum: 81]
      [Scan RS (ms): Min: 22.3, Avg: 27.3, Max: 29.9, Diff: 7.6, Sum: 218.0]
      [Code Root Scanning (ms): Min: 0.0, Avg: 0.0, Max: 0.0, Diff: 0.0, Sum: 0.0]
      [Object Copy (ms): Min: 261.2, Avg: 262.7, Max: 263.6, Diff: 2.4, Sum: 2101.9]
      [Termination (ms): Min: 0.0, Avg: 0.1, Max: 0.1, Diff: 0.1, Sum: 0.7]
         [Termination Attempts: Min: 1, Avg: 159.5, Max: 202, Diff: 201, Sum: 1276]
      [GC Worker Other (ms): Min: 0.0, Avg: 0.1, Max: 0.2, Diff: 0.2, Sum: 0.8]
      [GC Worker Total (ms): Min: 324.5, Avg: 330.1, Max: 331.1, Diff: 6.6, Sum: 2640.4]
      [GC Worker End (ms): Min: 45563.2, Avg: 45563.3, Max: 45563.4, Diff: 0.1]
   [Code Root Fixup: 0.0 ms]
   [Code Root Purge: 0.0 ms]
   [Clear CT: 0.7 ms]
   [Other: 4.1 ms]
      [Choose CSet: 0.0 ms]
      [Ref Proc: 1.0 ms]
      [Ref Enq: 0.0 ms]
      [Redirty Cards: 2.2 ms]
      [Humongous Register: 0.1 ms]
      [Humongous Reclaim: 0.0 ms]
      [Free CSet: 0.4 ms]
   [Eden: 132.0M(132.0M)->0.0B(83.0M) Survivors: 20.0M->19.0M Heap: 491.7M(2048.0M)->493.7M(2048.0M)]
 [Times: user=2.73 sys=0.00, real=0.34 secs] 
2020-09-29T11:29:52.329+0200: 45.762: [GC pause (G1 Evacuation Pause) (young), 0.2182900 secs]
   [Parallel Time: 215.0 ms, GC Workers: 8]
      [GC Worker Start (ms): Min: 45761.8, Avg: 45762.1, Max: 45762.3, Diff: 0.5]
      [Ext Root Scanning (ms): Min: 0.0, Avg: 0.2, Max: 0.5, Diff: 0.5, Sum: 1.8]
      [Update RS (ms): Min: 29.3, Avg: 31.5, Max: 32.8, Diff: 3.5, Sum: 252.4]
         [Processed Buffers: Min: 8, Avg: 8.6, Max: 9, Diff: 1, Sum: 69]
      [Scan RS (ms): Min: 13.0, Avg: 14.3, Max: 16.6, Diff: 3.7, Sum: 114.2]
      [Code Root Scanning (ms): Min: 0.0, Avg: 0.0, Max: 0.0, Diff: 0.0, Sum: 0.0]
      [Object Copy (ms): Min: 168.0, Avg: 168.2, Max: 168.4, Diff: 0.3, Sum: 1345.7]
      [Termination (ms): Min: 0.0, Avg: 0.0, Max: 0.0, Diff: 0.0, Sum: 0.2]
         [Termination Attempts: Min: 1, Avg: 44.5, Max: 62, Diff: 61, Sum: 356]
      [GC Worker Other (ms): Min: 0.0, Avg: 0.1, Max: 0.2, Diff: 0.1, Sum: 0.7]
      [GC Worker Total (ms): Min: 214.2, Avg: 214.4, Max: 214.7, Diff: 0.6, Sum: 1715.1]
      [GC Worker End (ms): Min: 45976.4, Avg: 45976.5, Max: 45976.5, Diff: 0.1]
   [Code Root Fixup: 0.0 ms]
   [Code Root Purge: 0.0 ms]
   [Clear CT: 0.7 ms]
   [Other: 2.6 ms]
      [Choose CSet: 0.0 ms]
      [Ref Proc: 1.0 ms]
      [Ref Enq: 0.0 ms]
      [Redirty Cards: 1.0 ms]
      [Humongous Register: 0.1 ms]
      [Humongous Reclaim: 0.0 ms]
      [Free CSet: 0.2 ms]
   [Eden: 83.0M(83.0M)->0.0B(89.0M) Survivors: 19.0M->13.0M Heap: 590.0M(2048.0M)->592.0M(2048.0M)]
 [Times: user=1.75 sys=0.00, real=0.22 secs] 
2020-09-29T11:29:52.739+0200: 46.172: [GC pause (G1 Evacuation Pause) (young), 0.2707142 secs]
   [Parallel Time: 266.9 ms, GC Workers: 8]
      [GC Worker Start (ms): Min: 46172.0, Avg: 46174.8, Max: 46192.9, Diff: 20.9]
      [Ext Root Scanning (ms): Min: 0.0, Avg: 0.2, Max: 0.5, Diff: 0.5, Sum: 1.9]
      [Update RS (ms): Min: 15.6, Avg: 32.5, Max: 37.2, Diff: 21.6, Sum: 260.0]
         [Processed Buffers: Min: 4, Avg: 8.9, Max: 12, Diff: 8, Sum: 71]
      [Scan RS (ms): Min: 13.3, Avg: 15.4, Max: 16.4, Diff: 3.1, Sum: 123.4]
      [Code Root Scanning (ms): Min: 0.0, Avg: 0.0, Max: 0.0, Diff: 0.0, Sum: 0.0]
      [Object Copy (ms): Min: 214.9, Avg: 215.2, Max: 215.5, Diff: 0.5, Sum: 1721.3]
      [Termination (ms): Min: 0.0, Avg: 0.1, Max: 0.2, Diff: 0.2, Sum: 1.0]
         [Termination Attempts: Min: 1, Avg: 217.6, Max: 309, Diff: 308, Sum: 1741]
      [GC Worker Other (ms): Min: 0.0, Avg: 0.1, Max: 0.1, Diff: 0.1, Sum: 0.6]
      [GC Worker Total (ms): Min: 245.4, Avg: 263.5, Max: 266.3, Diff: 20.9, Sum: 2108.3]
      [GC Worker End (ms): Min: 46438.3, Avg: 46438.3, Max: 46438.4, Diff: 0.1]
   [Code Root Fixup: 0.0 ms]
   [Code Root Purge: 0.0 ms]
   [Clear CT: 0.9 ms]
   [Other: 2.9 ms]
      [Choose CSet: 0.0 ms]
      [Ref Proc: 1.0 ms]
      [Ref Enq: 0.0 ms]
      [Redirty Cards: 1.1 ms]
      [Humongous Register: 0.1 ms]
      [Humongous Reclaim: 0.0 ms]
      [Free CSet: 0.3 ms]
   [Eden: 89.0M(89.0M)->0.0B(89.0M) Survivors: 13.0M->13.0M Heap: 696.3M(2048.0M)->698.3M(2048.0M)]
 [Times: user=1.98 sys=0.02, real=0.27 secs] 
2020-09-29T11:29:53.204+0200: 46.636: [GC pause (G1 Evacuation Pause) (young), 0.2275006 secs]
   [Parallel Time: 224.2 ms, GC Workers: 8]
      [GC Worker Start (ms): Min: 46636.6, Avg: 46636.8, Max: 46637.1, Diff: 0.5]
      [Ext Root Scanning (ms): Min: 0.0, Avg: 0.2, Max: 0.5, Diff: 0.5, Sum: 1.6]
      [Update RS (ms): Min: 29.9, Avg: 30.4, Max: 31.4, Diff: 1.4, Sum: 243.3]
         [Processed Buffers: Min: 8, Avg: 8.9, Max: 13, Diff: 5, Sum: 71]
      [Scan RS (ms): Min: 19.7, Avg: 20.8, Max: 21.7, Diff: 2.0, Sum: 166.7]
      [Code Root Scanning (ms): Min: 0.0, Avg: 0.0, Max: 0.0, Diff: 0.0, Sum: 0.0]
      [Object Copy (ms): Min: 171.4, Avg: 171.8, Max: 172.1, Diff: 0.7, Sum: 1374.5]
      [Termination (ms): Min: 0.0, Avg: 0.2, Max: 0.2, Diff: 0.2, Sum: 1.2]
         [Termination Attempts: Min: 1, Avg: 244.8, Max: 312, Diff: 311, Sum: 1958]
      [GC Worker Other (ms): Min: 0.0, Avg: 0.1, Max: 0.2, Diff: 0.1, Sum: 0.8]
      [GC Worker Total (ms): Min: 223.3, Avg: 223.5, Max: 223.8, Diff: 0.5, Sum: 1788.2]
      [GC Worker End (ms): Min: 46860.3, Avg: 46860.4, Max: 46860.5, Diff: 0.2]
   [Code Root Fixup: 0.0 ms]
   [Code Root Purge: 0.0 ms]
   [Clear CT: 0.9 ms]
   [Other: 2.4 ms]
      [Choose CSet: 0.0 ms]
      [Ref Proc: 0.8 ms]
      [Ref Enq: 0.0 ms]
      [Redirty Cards: 0.8 ms]
      [Humongous Register: 0.1 ms]
      [Humongous Reclaim: 0.0 ms]
      [Free CSet: 0.3 ms]
   [Eden: 89.0M(89.0M)->0.0B(89.0M) Survivors: 13.0M->13.0M Heap: 802.5M(2048.0M)->804.0M(2048.0M)]
 [Times: user=1.81 sys=0.05, real=0.23 secs] 
2020-09-29T11:29:53.628+0200: 47.061: [GC pause (G1 Evacuation Pause) (young), 0.2188369 secs]
   [Parallel Time: 215.6 ms, GC Workers: 8]
      [GC Worker Start (ms): Min: 47061.3, Avg: 47061.5, Max: 47061.7, Diff: 0.5]
      [Ext Root Scanning (ms): Min: 0.0, Avg: 0.2, Max: 0.5, Diff: 0.5, Sum: 1.7]
      [Update RS (ms): Min: 25.0, Avg: 25.4, Max: 25.8, Diff: 0.8, Sum: 202.9]
         [Processed Buffers: Min: 7, Avg: 8.3, Max: 12, Diff: 5, Sum: 66]
      [Scan RS (ms): Min: 17.3, Avg: 17.7, Max: 18.4, Diff: 1.1, Sum: 141.8]
      [Code Root Scanning (ms): Min: 0.0, Avg: 0.0, Max: 0.0, Diff: 0.0, Sum: 0.0]
      [Object Copy (ms): Min: 171.2, Avg: 171.5, Max: 171.8, Diff: 0.6, Sum: 1372.2]
      [Termination (ms): Min: 0.0, Avg: 0.0, Max: 0.0, Diff: 0.0, Sum: 0.2]
         [Termination Attempts: Min: 1, Avg: 35.4, Max: 46, Diff: 45, Sum: 283]
      [GC Worker Other (ms): Min: 0.0, Avg: 0.1, Max: 0.1, Diff: 0.1, Sum: 0.6]
      [GC Worker Total (ms): Min: 214.7, Avg: 214.9, Max: 215.2, Diff: 0.6, Sum: 1719.4]
      [GC Worker End (ms): Min: 47276.4, Avg: 47276.5, Max: 47276.5, Diff: 0.1]
   [Code Root Fixup: 0.0 ms]
   [Code Root Purge: 0.0 ms]
   [Clear CT: 0.8 ms]
   [Other: 2.4 ms]
      [Choose CSet: 0.0 ms]
      [Ref Proc: 0.8 ms]
      [Ref Enq: 0.0 ms]
      [Redirty Cards: 0.9 ms]
      [Humongous Register: 0.1 ms]
      [Humongous Reclaim: 0.0 ms]
      [Free CSet: 0.3 ms]
   [Eden: 89.0M(89.0M)->0.0B(89.0M) Survivors: 13.0M->13.0M Heap: 908.3M(2048.0M)->910.8M(2048.0M)]
 [Times: user=1.61 sys=0.00, real=0.22 secs] 
2020-09-29T11:29:54.039+0200: 47.472: [GC pause (G1 Evacuation Pause) (young), 0.2123578 secs]
   [Parallel Time: 209.1 ms, GC Workers: 8]
      [GC Worker Start (ms): Min: 47472.5, Avg: 47472.8, Max: 47473.0, Diff: 0.5]
      [Ext Root Scanning (ms): Min: 0.0, Avg: 0.2, Max: 0.5, Diff: 0.5, Sum: 1.6]
      [Update RS (ms): Min: 25.4, Avg: 26.0, Max: 27.4, Diff: 2.0, Sum: 208.4]
         [Processed Buffers: Min: 8, Avg: 9.1, Max: 14, Diff: 6, Sum: 73]
      [Scan RS (ms): Min: 15.6, Avg: 16.6, Max: 17.2, Diff: 1.6, Sum: 133.2]
      [Code Root Scanning (ms): Min: 0.0, Avg: 0.0, Max: 0.0, Diff: 0.0, Sum: 0.0]
      [Object Copy (ms): Min: 165.1, Avg: 165.4, Max: 165.6, Diff: 0.5, Sum: 1323.5]
      [Termination (ms): Min: 0.0, Avg: 0.0, Max: 0.0, Diff: 0.0, Sum: 0.3]
         [Termination Attempts: Min: 1, Avg: 49.6, Max: 66, Diff: 65, Sum: 397]
      [GC Worker Other (ms): Min: 0.0, Avg: 0.1, Max: 0.2, Diff: 0.1, Sum: 0.7]
      [GC Worker Total (ms): Min: 208.2, Avg: 208.5, Max: 208.7, Diff: 0.5, Sum: 1667.7]
      [GC Worker End (ms): Min: 47681.2, Avg: 47681.2, Max: 47681.3, Diff: 0.1]
   [Code Root Fixup: 0.0 ms]
   [Code Root Purge: 0.0 ms]
   [Clear CT: 1.0 ms]
   [Other: 2.3 ms]
      [Choose CSet: 0.0 ms]
      [Ref Proc: 0.6 ms]
      [Ref Enq: 0.0 ms]
      [Redirty Cards: 0.9 ms]
      [Humongous Register: 0.1 ms]
      [Humongous Reclaim: 0.0 ms]
      [Free CSet: 0.3 ms]
   [Eden: 89.0M(89.0M)->0.0B(89.0M) Survivors: 13.0M->13.0M Heap: 1015.1M(2048.0M)->1017.6M(2048.0M)]
 [Times: user=1.63 sys=0.00, real=0.22 secs] 
2020-09-29T11:29:54.292+0200: 47.724: [GC pause (G1 Humongous Allocation) (young) (initial-mark), 0.0936724 secs]
   [Parallel Time: 90.1 ms, GC Workers: 8]
      [GC Worker Start (ms): Min: 47724.7, Avg: 47724.9, Max: 47725.2, Diff: 0.5]
      [Ext Root Scanning (ms): Min: 0.0, Avg: 4.4, Max: 31.9, Diff: 31.9, Sum: 35.0]
      [Update RS (ms): Min: 0.0, Avg: 23.7, Max: 30.0, Diff: 30.0, Sum: 189.6]
         [Processed Buffers: Min: 0, Avg: 7.6, Max: 11, Diff: 11, Sum: 61]
      [Scan RS (ms): Min: 0.0, Avg: 3.5, Max: 5.5, Diff: 5.5, Sum: 27.8]
      [Code Root Scanning (ms): Min: 0.0, Avg: 0.0, Max: 0.0, Diff: 0.0, Sum: 0.0]
      [Object Copy (ms): Min: 57.4, Avg: 57.9, Max: 58.1, Diff: 0.7, Sum: 462.8]
      [Termination (ms): Min: 0.0, Avg: 0.1, Max: 0.1, Diff: 0.1, Sum: 0.6]
         [Termination Attempts: Min: 1, Avg: 118.0, Max: 152, Diff: 151, Sum: 944]
      [GC Worker Other (ms): Min: 0.0, Avg: 0.1, Max: 0.1, Diff: 0.1, Sum: 0.4]
      [GC Worker Total (ms): Min: 89.2, Avg: 89.5, Max: 89.7, Diff: 0.5, Sum: 716.3]
      [GC Worker End (ms): Min: 47814.4, Avg: 47814.4, Max: 47814.5, Diff: 0.1]
   [Code Root Fixup: 0.0 ms]
   [Code Root Purge: 0.0 ms]
   [Clear CT: 1.0 ms]
   [Other: 2.6 ms]
      [Choose CSet: 0.0 ms]
      [Ref Proc: 0.7 ms]
      [Ref Enq: 0.0 ms]
      [Redirty Cards: 1.1 ms]
      [Humongous Register: 0.1 ms]
      [Humongous Reclaim: 0.0 ms]
      [Free CSet: 0.1 ms]
   [Eden: 11.0M(89.0M)->0.0B(89.0M) Survivors: 13.0M->13.0M Heap: 1028.1M(2048.0M)->1032.1M(2048.0M)]
 [Times: user=0.67 sys=0.00, real=0.09 secs] 
2020-09-29T11:29:54.386+0200: 47.819: [GC concurrent-root-region-scan-start]
2020-09-29T11:29:54.399+0200: 47.831: [GC concurrent-root-region-scan-end, 0.0128515 secs]
2020-09-29T11:29:54.399+0200: 47.831: [GC concurrent-mark-start]
2020-09-29T11:29:54.409+0200: 47.841: [GC concurrent-mark-end, 0.0098891 secs]
2020-09-29T11:29:54.409+0200: 47.842: [GC remark 2020-09-29T11:29:54.409+0200: 47.842: [Finalize Marking, 0.0009907 secs] 2020-09-29T11:29:54.410+0200: 47.843: [GC ref-proc, 0.0012009 secs] 2020-09-29T11:29:54.412+0200: 47.844: [Unloading, 0.0023996 secs], 0.0056598 secs]
 [Times: user=0.00 sys=0.03, real=0.01 secs] 
2020-09-29T11:29:54.417+0200: 47.849: [GC cleanup 1044M->35M(2048M), 0.0066259 secs]
 [Times: user=0.00 sys=0.00, real=0.01 secs] 
2020-09-29T11:29:54.424+0200: 47.856: [GC concurrent-cleanup-start]
2020-09-29T11:29:54.429+0200: 47.861: [GC concurrent-cleanup-end, 0.0046899 secs]
2020-09-29T11:29:54.590+0200: 48.023: [GC pause (G1 Evacuation Pause) (young), 0.2035806 secs]
   [Parallel Time: 200.8 ms, GC Workers: 8]
      [GC Worker Start (ms): Min: 48022.8, Avg: 48023.1, Max: 48023.3, Diff: 0.5]
      [Ext Root Scanning (ms): Min: 0.0, Avg: 0.2, Max: 0.5, Diff: 0.5, Sum: 1.6]
      [Update RS (ms): Min: 19.8, Avg: 21.3, Max: 22.1, Diff: 2.3, Sum: 170.2]
         [Processed Buffers: Min: 6, Avg: 6.5, Max: 10, Diff: 4, Sum: 52]
      [Scan RS (ms): Min: 14.0, Avg: 14.8, Max: 16.4, Diff: 2.4, Sum: 118.0]
      [Code Root Scanning (ms): Min: 0.0, Avg: 0.0, Max: 0.0, Diff: 0.0, Sum: 0.0]
      [Object Copy (ms): Min: 163.0, Avg: 163.4, Max: 163.7, Diff: 0.6, Sum: 1306.9]
      [Termination (ms): Min: 0.0, Avg: 0.5, Max: 0.6, Diff: 0.6, Sum: 3.9]
         [Termination Attempts: Min: 1, Avg: 801.5, Max: 1062, Diff: 1061, Sum: 6412]
      [GC Worker Other (ms): Min: 0.0, Avg: 0.1, Max: 0.1, Diff: 0.1, Sum: 0.4]
      [GC Worker Total (ms): Min: 199.9, Avg: 200.1, Max: 200.4, Diff: 0.5, Sum: 1601.0]
      [GC Worker End (ms): Min: 48223.2, Avg: 48223.2, Max: 48223.2, Diff: 0.1]
   [Code Root Fixup: 0.0 ms]
   [Code Root Purge: 0.0 ms]
   [Clear CT: 0.7 ms]
   [Other: 2.0 ms]
      [Choose CSet: 0.0 ms]
      [Ref Proc: 0.5 ms]
      [Ref Enq: 0.0 ms]
      [Redirty Cards: 0.7 ms]
      [Humongous Register: 0.1 ms]
      [Humongous Reclaim: 0.0 ms]
      [Free CSet: 0.2 ms]
   [Eden: 89.0M(89.0M)->0.0B(89.0M) Survivors: 13.0M->13.0M Heap: 126.8M(2048.0M)->116.3M(2048.0M)]
 [Times: user=1.61 sys=0.00, real=0.20 secs] 
2020-09-29T11:29:54.990+0200: 48.423: [GC pause (G1 Evacuation Pause) (young), 0.2062196 secs]
   [Parallel Time: 202.3 ms, GC Workers: 8]
      [GC Worker Start (ms): Min: 48422.9, Avg: 48423.1, Max: 48423.6, Diff: 0.7]
      [Ext Root Scanning (ms): Min: 0.0, Avg: 0.3, Max: 0.5, Diff: 0.5, Sum: 2.3]
      [Update RS (ms): Min: 11.3, Avg: 12.2, Max: 13.8, Diff: 2.4, Sum: 97.8]
         [Processed Buffers: Min: 4, Avg: 4.4, Max: 5, Diff: 1, Sum: 35]
      [Scan RS (ms): Min: 21.9, Avg: 23.2, Max: 24.2, Diff: 2.4, Sum: 185.9]
      [Code Root Scanning (ms): Min: 0.0, Avg: 0.0, Max: 0.0, Diff: 0.0, Sum: 0.0]
      [Object Copy (ms): Min: 165.7, Avg: 165.9, Max: 166.0, Diff: 0.4, Sum: 1327.0]
      [Termination (ms): Min: 0.0, Avg: 0.0, Max: 0.0, Diff: 0.0, Sum: 0.1]
         [Termination Attempts: Min: 1, Avg: 8.4, Max: 13, Diff: 12, Sum: 67]
      [GC Worker Other (ms): Min: 0.0, Avg: 0.1, Max: 0.1, Diff: 0.0, Sum: 0.4]
      [GC Worker Total (ms): Min: 201.2, Avg: 201.7, Max: 201.9, Diff: 0.7, Sum: 1613.5]
      [GC Worker End (ms): Min: 48624.8, Avg: 48624.8, Max: 48624.8, Diff: 0.0]
   [Code Root Fixup: 0.0 ms]
   [Code Root Purge: 0.0 ms]
   [Clear CT: 1.4 ms]
   [Other: 2.5 ms]
      [Choose CSet: 0.0 ms]
      [Ref Proc: 0.6 ms]
      [Ref Enq: 0.0 ms]
      [Redirty Cards: 1.3 ms]
      [Humongous Register: 0.1 ms]
      [Humongous Reclaim: 0.0 ms]
      [Free CSet: 0.2 ms]
   [Eden: 89.0M(89.0M)->0.0B(89.0M) Survivors: 13.0M->13.0M Heap: 220.5M(2048.0M)->222.5M(2048.0M)]
 [Times: user=1.61 sys=0.00, real=0.21 secs] 
2020-09-29T11:29:55.402+0200: 48.835: [GC pause (G1 Evacuation Pause) (young), 0.2346572 secs]
   [Parallel Time: 231.7 ms, GC Workers: 8]
      [GC Worker Start (ms): Min: 48835.0, Avg: 48835.3, Max: 48835.5, Diff: 0.5]
      [Ext Root Scanning (ms): Min: 0.0, Avg: 0.2, Max: 0.5, Diff: 0.5, Sum: 1.7]
      [Update RS (ms): Min: 17.5, Avg: 17.7, Max: 17.9, Diff: 0.4, Sum: 141.9]
         [Processed Buffers: Min: 5, Avg: 6.3, Max: 10, Diff: 5, Sum: 50]
      [Scan RS (ms): Min: 19.1, Avg: 19.3, Max: 19.7, Diff: 0.7, Sum: 154.5]
      [Code Root Scanning (ms): Min: 0.0, Avg: 0.0, Max: 0.0, Diff: 0.0, Sum: 0.0]
      [Object Copy (ms): Min: 192.6, Avg: 192.9, Max: 193.6, Diff: 1.0, Sum: 1543.6]
      [Termination (ms): Min: 0.0, Avg: 0.6, Max: 0.7, Diff: 0.7, Sum: 4.8]
         [Termination Attempts: Min: 1, Avg: 1047.4, Max: 1296, Diff: 1295, Sum: 8379]
      [GC Worker Other (ms): Min: 0.0, Avg: 0.1, Max: 0.2, Diff: 0.1, Sum: 0.6]
      [GC Worker Total (ms): Min: 230.7, Avg: 230.9, Max: 231.2, Diff: 0.4, Sum: 1847.1]
      [GC Worker End (ms): Min: 49066.1, Avg: 49066.2, Max: 49066.3, Diff: 0.1]
   [Code Root Fixup: 0.0 ms]
   [Code Root Purge: 0.0 ms]
   [Clear CT: 0.6 ms]
   [Other: 2.4 ms]
      [Choose CSet: 0.0 ms]
      [Ref Proc: 0.7 ms]
      [Ref Enq: 0.0 ms]
      [Redirty Cards: 0.8 ms]
      [Humongous Register: 0.1 ms]
      [Humongous Reclaim: 0.0 ms]
      [Free CSet: 0.3 ms]
   [Eden: 89.0M(89.0M)->0.0B(89.0M) Survivors: 13.0M->13.0M Heap: 326.8M(2048.0M)->328.8M(2048.0M)]
 [Times: user=1.84 sys=0.00, real=0.24 secs] 
2020-09-29T11:29:55.850+0200: 49.282: [GC pause (G1 Evacuation Pause) (young), 0.2333593 secs]
   [Parallel Time: 222.9 ms, GC Workers: 8]
      [GC Worker Start (ms): Min: 49282.7, Avg: 49282.9, Max: 49283.1, Diff: 0.4]
      [Ext Root Scanning (ms): Min: 0.0, Avg: 0.2, Max: 0.5, Diff: 0.4, Sum: 1.7]
      [Update RS (ms): Min: 15.8, Avg: 16.9, Max: 18.6, Diff: 2.7, Sum: 135.0]
         [Processed Buffers: Min: 5, Avg: 6.5, Max: 9, Diff: 4, Sum: 52]
      [Scan RS (ms): Min: 21.6, Avg: 23.3, Max: 24.3, Diff: 2.7, Sum: 186.6]
      [Code Root Scanning (ms): Min: 0.0, Avg: 0.0, Max: 0.0, Diff: 0.0, Sum: 0.0]
      [Object Copy (ms): Min: 180.8, Avg: 181.5, Max: 181.8, Diff: 1.0, Sum: 1451.9]
      [Termination (ms): Min: 0.0, Avg: 0.2, Max: 0.2, Diff: 0.2, Sum: 1.2]
         [Termination Attempts: Min: 1, Avg: 230.6, Max: 292, Diff: 291, Sum: 1845]
      [GC Worker Other (ms): Min: 0.0, Avg: 0.1, Max: 0.1, Diff: 0.1, Sum: 0.6]
      [GC Worker Total (ms): Min: 221.9, Avg: 222.1, Max: 222.4, Diff: 0.5, Sum: 1777.0]
      [GC Worker End (ms): Min: 49505.0, Avg: 49505.1, Max: 49505.1, Diff: 0.1]
   [Code Root Fixup: 0.0 ms]
   [Code Root Purge: 0.0 ms]
   [Clear CT: 4.7 ms]
   [Other: 5.8 ms]
      [Choose CSet: 0.0 ms]
      [Ref Proc: 0.8 ms]
      [Ref Enq: 0.0 ms]
      [Redirty Cards: 2.6 ms]
      [Humongous Register: 0.1 ms]
      [Humongous Reclaim: 0.0 ms]
      [Free CSet: 1.8 ms]
   [Eden: 89.0M(89.0M)->0.0B(89.0M) Survivors: 13.0M->13.0M Heap: 433.0M(2048.0M)->435.0M(2048.0M)]
 [Times: user=1.72 sys=0.02, real=0.23 secs] 
2020-09-29T11:29:56.282+0200: 49.715: [GC pause (G1 Evacuation Pause) (young), 0.2095632 secs]
   [Parallel Time: 206.6 ms, GC Workers: 8]
      [GC Worker Start (ms): Min: 49714.9, Avg: 49715.2, Max: 49715.4, Diff: 0.5]
      [Ext Root Scanning (ms): Min: 0.0, Avg: 0.2, Max: 0.5, Diff: 0.5, Sum: 1.6]
      [Update RS (ms): Min: 14.9, Avg: 17.1, Max: 17.9, Diff: 3.0, Sum: 137.1]
         [Processed Buffers: Min: 5, Avg: 5.4, Max: 8, Diff: 3, Sum: 43]
      [Scan RS (ms): Min: 18.8, Avg: 19.7, Max: 21.8, Diff: 2.9, Sum: 157.6]
      [Code Root Scanning (ms): Min: 0.0, Avg: 0.0, Max: 0.0, Diff: 0.0, Sum: 0.0]
      [Object Copy (ms): Min: 168.5, Avg: 168.7, Max: 168.8, Diff: 0.3, Sum: 1349.4]
      [Termination (ms): Min: 0.0, Avg: 0.1, Max: 0.1, Diff: 0.1, Sum: 0.6]
         [Termination Attempts: Min: 1, Avg: 105.9, Max: 137, Diff: 136, Sum: 847]
      [GC Worker Other (ms): Min: 0.0, Avg: 0.1, Max: 0.2, Diff: 0.1, Sum: 0.7]
      [GC Worker Total (ms): Min: 205.7, Avg: 205.9, Max: 206.2, Diff: 0.5, Sum: 1647.0]
      [GC Worker End (ms): Min: 49921.0, Avg: 49921.1, Max: 49921.1, Diff: 0.1]
   [Code Root Fixup: 0.0 ms]
   [Code Root Purge: 0.0 ms]
   [Clear CT: 0.7 ms]
   [Other: 2.3 ms]
      [Choose CSet: 0.0 ms]
      [Ref Proc: 0.8 ms]
      [Ref Enq: 0.0 ms]
      [Redirty Cards: 0.6 ms]
      [Humongous Register: 0.1 ms]
      [Humongous Reclaim: 0.0 ms]
      [Free CSet: 0.3 ms]
   [Eden: 89.0M(89.0M)->0.0B(89.0M) Survivors: 13.0M->13.0M Heap: 537.4M(2048.0M)->539.9M(2048.0M)]
 [Times: user=1.61 sys=0.00, real=0.21 secs] 
2020-09-29T11:29:56.602+0200: 50.034: [GC pause (G1 Evacuation Pause) (young), 0.0567936 secs]
   [Parallel Time: 55.4 ms, GC Workers: 8]
      [GC Worker Start (ms): Min: 50034.6, Avg: 50034.7, Max: 50034.7, Diff: 0.2]
      [Ext Root Scanning (ms): Min: 0.0, Avg: 0.1, Max: 0.2, Diff: 0.2, Sum: 0.5]
      [Update RS (ms): Min: 6.1, Avg: 6.2, Max: 6.6, Diff: 0.5, Sum: 49.9]
         [Processed Buffers: Min: 6, Avg: 6.8, Max: 10, Diff: 4, Sum: 54]
      [Scan RS (ms): Min: 4.7, Avg: 5.1, Max: 5.3, Diff: 0.6, Sum: 40.7]
      [Code Root Scanning (ms): Min: 0.0, Avg: 0.0, Max: 0.0, Diff: 0.0, Sum: 0.0]
      [Object Copy (ms): Min: 43.7, Avg: 43.7, Max: 43.8, Diff: 0.1, Sum: 349.9]
      [Termination (ms): Min: 0.0, Avg: 0.0, Max: 0.0, Diff: 0.0, Sum: 0.1]
         [Termination Attempts: Min: 1, Avg: 75.5, Max: 101, Diff: 100, Sum: 604]
      [GC Worker Other (ms): Min: 0.0, Avg: 0.0, Max: 0.0, Diff: 0.0, Sum: 0.1]
      [GC Worker Total (ms): Min: 55.1, Avg: 55.2, Max: 55.3, Diff: 0.2, Sum: 441.3]
      [GC Worker End (ms): Min: 50089.8, Avg: 50089.8, Max: 50089.9, Diff: 0.0]
   [Code Root Fixup: 0.0 ms]
   [Code Root Purge: 0.0 ms]
   [Clear CT: 0.6 ms]
   [Other: 0.8 ms]
      [Choose CSet: 0.0 ms]
      [Ref Proc: 0.2 ms]
      [Ref Enq: 0.0 ms]
      [Redirty Cards: 0.3 ms]
      [Humongous Register: 0.0 ms]
      [Humongous Reclaim: 0.0 ms]
      [Free CSet: 0.1 ms]
   [Eden: 89.0M(89.0M)->0.0B(89.0M) Survivors: 13.0M->13.0M Heap: 644.1M(2048.0M)->646.1M(2048.0M)]
 [Times: user=0.38 sys=0.00, real=0.06 secs] 
2020-09-29T11:29:56.708+0200: 50.141: [GC pause (G1 Evacuation Pause) (young), 0.0632211 secs]
   [Parallel Time: 62.2 ms, GC Workers: 8]
      [GC Worker Start (ms): Min: 50140.9, Avg: 50141.1, Max: 50141.1, Diff: 0.2]
      [Ext Root Scanning (ms): Min: 0.0, Avg: 0.1, Max: 0.2, Diff: 0.2, Sum: 0.5]
      [Update RS (ms): Min: 7.4, Avg: 7.5, Max: 7.7, Diff: 0.3, Sum: 59.9]
         [Processed Buffers: Min: 6, Avg: 7.9, Max: 11, Diff: 5, Sum: 63]
      [Scan RS (ms): Min: 4.7, Avg: 4.8, Max: 4.9, Diff: 0.2, Sum: 38.6]
      [Code Root Scanning (ms): Min: 0.0, Avg: 0.0, Max: 0.0, Diff: 0.0, Sum: 0.0]
      [Object Copy (ms): Min: 49.4, Avg: 49.5, Max: 49.5, Diff: 0.1, Sum: 395.8]
      [Termination (ms): Min: 0.0, Avg: 0.1, Max: 0.1, Diff: 0.1, Sum: 0.7]
         [Termination Attempts: Min: 1, Avg: 509.4, Max: 646, Diff: 645, Sum: 4075]
      [GC Worker Other (ms): Min: 0.0, Avg: 0.0, Max: 0.0, Diff: 0.0, Sum: 0.2]
      [GC Worker Total (ms): Min: 61.9, Avg: 61.9, Max: 62.1, Diff: 0.2, Sum: 495.6]
      [GC Worker End (ms): Min: 50203.0, Avg: 50203.0, Max: 50203.0, Diff: 0.0]
   [Code Root Fixup: 0.0 ms]
   [Code Root Purge: 0.0 ms]
   [Clear CT: 0.2 ms]
   [Other: 0.8 ms]
      [Choose CSet: 0.0 ms]
      [Ref Proc: 0.2 ms]
      [Ref Enq: 0.0 ms]
      [Redirty Cards: 0.3 ms]
      [Humongous Register: 0.1 ms]
      [Humongous Reclaim: 0.0 ms]
      [Free CSet: 0.1 ms]
   [Eden: 89.0M(89.0M)->0.0B(96.0M) Survivors: 13.0M->13.0M Heap: 750.4M(2048.0M)->751.9M(2048.0M)]
 [Times: user=0.50 sys=0.00, real=0.06 secs] 
2020-09-29T11:29:56.822+0200: 50.255: [GC pause (G1 Evacuation Pause) (young), 0.0541781 secs]
   [Parallel Time: 53.3 ms, GC Workers: 8]
      [GC Worker Start (ms): Min: 50254.9, Avg: 50255.0, Max: 50255.1, Diff: 0.2]
      [Ext Root Scanning (ms): Min: 0.0, Avg: 0.1, Max: 0.1, Diff: 0.1, Sum: 0.4]
      [Update RS (ms): Min: 6.9, Avg: 7.1, Max: 7.3, Diff: 0.4, Sum: 56.5]
         [Processed Buffers: Min: 8, Avg: 8.4, Max: 10, Diff: 2, Sum: 67]
      [Scan RS (ms): Min: 3.8, Avg: 4.1, Max: 4.4, Diff: 0.6, Sum: 32.5]
      [Code Root Scanning (ms): Min: 0.0, Avg: 0.0, Max: 0.0, Diff: 0.0, Sum: 0.0]
      [Object Copy (ms): Min: 41.7, Avg: 41.8, Max: 41.9, Diff: 0.2, Sum: 334.5]
      [Termination (ms): Min: 0.0, Avg: 0.0, Max: 0.0, Diff: 0.0, Sum: 0.3]
         [Termination Attempts: Min: 1, Avg: 270.8, Max: 340, Diff: 339, Sum: 2166]
      [GC Worker Other (ms): Min: 0.0, Avg: 0.0, Max: 0.0, Diff: 0.0, Sum: 0.1]
      [GC Worker Total (ms): Min: 53.0, Avg: 53.1, Max: 53.2, Diff: 0.2, Sum: 424.5]
      [GC Worker End (ms): Min: 50308.1, Avg: 50308.1, Max: 50308.1, Diff: 0.0]
   [Code Root Fixup: 0.0 ms]
   [Code Root Purge: 0.0 ms]
   [Clear CT: 0.2 ms]
   [Other: 0.7 ms]
      [Choose CSet: 0.0 ms]
      [Ref Proc: 0.1 ms]
      [Ref Enq: 0.0 ms]
      [Redirty Cards: 0.3 ms]
      [Humongous Register: 0.0 ms]
      [Humongous Reclaim: 0.0 ms]
      [Free CSet: 0.1 ms]
   [Eden: 96.0M(96.0M)->0.0B(124.0M) Survivors: 13.0M->14.0M Heap: 863.2M(2048.0M)->864.7M(2048.0M)]
 [Times: user=0.38 sys=0.00, real=0.05 secs] 
2020-09-29T11:29:56.944+0200: 50.377: [GC pause (G1 Evacuation Pause) (young), 0.0724993 secs]
   [Parallel Time: 68.5 ms, GC Workers: 8]
      [GC Worker Start (ms): Min: 50377.2, Avg: 50377.2, Max: 50377.3, Diff: 0.1]
      [Ext Root Scanning (ms): Min: 0.0, Avg: 0.1, Max: 0.1, Diff: 0.1, Sum: 0.6]
      [Update RS (ms): Min: 7.1, Avg: 7.2, Max: 7.6, Diff: 0.5, Sum: 58.0]
         [Processed Buffers: Min: 7, Avg: 7.9, Max: 9, Diff: 2, Sum: 63]
      [Scan RS (ms): Min: 6.8, Avg: 7.2, Max: 7.8, Diff: 1.0, Sum: 57.3]
      [Code Root Scanning (ms): Min: 0.0, Avg: 0.0, Max: 0.0, Diff: 0.0, Sum: 0.0]
      [Object Copy (ms): Min: 52.9, Avg: 53.8, Max: 54.0, Diff: 1.1, Sum: 430.4]
      [Termination (ms): Min: 0.0, Avg: 0.0, Max: 0.0, Diff: 0.0, Sum: 0.0]
         [Termination Attempts: Min: 1, Avg: 5.3, Max: 12, Diff: 11, Sum: 42]
      [GC Worker Other (ms): Min: 0.0, Avg: 0.0, Max: 0.1, Diff: 0.0, Sum: 0.2]
      [GC Worker Total (ms): Min: 68.2, Avg: 68.3, Max: 68.4, Diff: 0.2, Sum: 546.5]
      [GC Worker End (ms): Min: 50445.5, Avg: 50445.5, Max: 50445.6, Diff: 0.0]
   [Code Root Fixup: 0.0 ms]
   [Code Root Purge: 0.0 ms]
   [Clear CT: 2.2 ms]
   [Other: 1.8 ms]
      [Choose CSet: 0.0 ms]
      [Ref Proc: 1.0 ms]
      [Ref Enq: 0.0 ms]
      [Redirty Cards: 0.6 ms]
      [Humongous Register: 0.0 ms]
      [Humongous Reclaim: 0.0 ms]
      [Free CSet: 0.1 ms]
   [Eden: 124.0M(124.0M)->0.0B(145.0M) Survivors: 14.0M->18.0M Heap: 1009.6M(2048.0M)->1011.6M(2048.0M)]
 [Times: user=0.47 sys=0.00, real=0.07 secs] 
2020-09-29T11:29:57.022+0200: 50.454: [GC pause (G1 Humongous Allocation) (young) (initial-mark), 0.0280395 secs]
   [Parallel Time: 26.1 ms, GC Workers: 8]
      [GC Worker Start (ms): Min: 50454.1, Avg: 50454.1, Max: 50454.2, Diff: 0.1]
      [Ext Root Scanning (ms): Min: 0.0, Avg: 0.1, Max: 0.2, Diff: 0.2, Sum: 1.1]
      [Update RS (ms): Min: 14.1, Avg: 14.4, Max: 14.8, Diff: 0.6, Sum: 114.9]
         [Processed Buffers: Min: 16, Avg: 17.4, Max: 19, Diff: 3, Sum: 139]
      [Scan RS (ms): Min: 0.6, Avg: 1.0, Max: 1.2, Diff: 0.6, Sum: 7.9]
      [Code Root Scanning (ms): Min: 0.0, Avg: 0.0, Max: 0.0, Diff: 0.0, Sum: 0.0]
      [Object Copy (ms): Min: 10.4, Avg: 10.4, Max: 10.4, Diff: 0.1, Sum: 83.2]
      [Termination (ms): Min: 0.0, Avg: 0.0, Max: 0.0, Diff: 0.0, Sum: 0.0]
         [Termination Attempts: Min: 1, Avg: 1.1, Max: 2, Diff: 1, Sum: 9]
      [GC Worker Other (ms): Min: 0.0, Avg: 0.0, Max: 0.0, Diff: 0.0, Sum: 0.1]
      [GC Worker Total (ms): Min: 25.8, Avg: 25.9, Max: 25.9, Diff: 0.1, Sum: 207.1]
      [GC Worker End (ms): Min: 50480.0, Avg: 50480.0, Max: 50480.0, Diff: 0.0]
   [Code Root Fixup: 0.0 ms]
   [Code Root Purge: 0.0 ms]
   [Clear CT: 0.3 ms]
   [Other: 1.7 ms]
      [Choose CSet: 0.0 ms]
      [Ref Proc: 0.1 ms]
      [Ref Enq: 0.0 ms]
      [Redirty Cards: 0.4 ms]
      [Humongous Register: 0.0 ms]
      [Humongous Reclaim: 0.0 ms]
      [Free CSet: 0.1 ms]
   [Eden: 4096.0K(145.0M)->0.0B(184.0M) Survivors: 18.0M->6144.0K Heap: 1015.6M(2048.0M)->1019.1M(2048.0M)]
 [Times: user=0.13 sys=0.00, real=0.03 secs] 
2020-09-29T11:29:57.050+0200: 50.482: [GC concurrent-root-region-scan-start]
2020-09-29T11:29:57.051+0200: 50.483: [GC concurrent-root-region-scan-end, 0.0008337 secs]
2020-09-29T11:29:57.051+0200: 50.483: [GC concurrent-mark-start]
2020-09-29T11:29:57.053+0200: 50.485: [GC concurrent-mark-end, 0.0021626 secs]
2020-09-29T11:29:57.053+0200: 50.485: [GC remark 2020-09-29T11:29:57.053+0200: 50.485: [Finalize Marking, 0.0001853 secs] 2020-09-29T11:29:57.053+0200: 50.485: [GC ref-proc, 0.0002911 secs] 2020-09-29T11:29:57.054+0200: 50.486: [Unloading, 0.0004230 secs], 0.0011745 secs]
 [Times: user=0.00 sys=0.00, real=0.00 secs] 
2020-09-29T11:29:57.055+0200: 50.487: [GC cleanup 1028M->24M(2048M), 0.0010855 secs]
 [Times: user=0.00 sys=0.00, real=0.00 secs] 
2020-09-29T11:29:57.056+0200: 50.488: [GC concurrent-cleanup-start]
2020-09-29T11:29:57.057+0200: 50.489: [GC concurrent-cleanup-end, 0.0010490 secs]
2020-09-29T11:29:57.143+0200: 50.575: [GC pause (G1 Evacuation Pause) (young), 0.0876338 secs]
   [Parallel Time: 86.5 ms, GC Workers: 8]
      [GC Worker Start (ms): Min: 50575.0, Avg: 50575.1, Max: 50575.2, Diff: 0.2]
      [Ext Root Scanning (ms): Min: 0.0, Avg: 0.1, Max: 0.1, Diff: 0.1, Sum: 0.4]
      [Update RS (ms): Min: 7.7, Avg: 7.9, Max: 8.4, Diff: 0.7, Sum: 62.9]
         [Processed Buffers: Min: 9, Avg: 10.5, Max: 14, Diff: 5, Sum: 84]
      [Scan RS (ms): Min: 9.2, Avg: 9.7, Max: 9.9, Diff: 0.7, Sum: 77.7]
      [Code Root Scanning (ms): Min: 0.0, Avg: 0.0, Max: 0.0, Diff: 0.0, Sum: 0.0]
      [Object Copy (ms): Min: 68.5, Avg: 68.6, Max: 68.7, Diff: 0.1, Sum: 549.0]
      [Termination (ms): Min: 0.0, Avg: 0.0, Max: 0.0, Diff: 0.0, Sum: 0.1]
         [Termination Attempts: Min: 1, Avg: 48.6, Max: 76, Diff: 75, Sum: 389]
      [GC Worker Other (ms): Min: 0.0, Avg: 0.0, Max: 0.1, Diff: 0.0, Sum: 0.2]
      [GC Worker Total (ms): Min: 86.2, Avg: 86.3, Max: 86.4, Diff: 0.2, Sum: 690.3]
      [GC Worker End (ms): Min: 50661.4, Avg: 50661.4, Max: 50661.4, Diff: 0.0]
   [Code Root Fixup: 0.0 ms]
   [Code Root Purge: 0.0 ms]
   [Clear CT: 0.3 ms]
   [Other: 0.9 ms]
      [Choose CSet: 0.0 ms]
      [Ref Proc: 0.2 ms]
      [Ref Enq: 0.0 ms]
      [Redirty Cards: 0.3 ms]
      [Humongous Register: 0.0 ms]
      [Humongous Reclaim: 0.0 ms]
      [Free CSet: 0.2 ms]
   [Eden: 184.0M(184.0M)->0.0B(197.0M) Survivors: 6144.0K->24.0M Heap: 231.9M(2048.0M)->228.9M(2048.0M)]
 [Times: user=0.75 sys=0.00, real=0.09 secs] 
2020-09-29T11:29:57.337+0200: 50.769: [GC pause (G1 Evacuation Pause) (young), 0.1084727 secs]
   [Parallel Time: 107.4 ms, GC Workers: 8]
      [GC Worker Start (ms): Min: 50768.9, Avg: 50769.0, Max: 50769.1, Diff: 0.2]
      [Ext Root Scanning (ms): Min: 0.0, Avg: 0.1, Max: 0.2, Diff: 0.2, Sum: 0.5]
      [Update RS (ms): Min: 9.8, Avg: 10.0, Max: 10.7, Diff: 0.8, Sum: 79.9]
         [Processed Buffers: Min: 10, Avg: 11.3, Max: 14, Diff: 4, Sum: 90]
      [Scan RS (ms): Min: 12.2, Avg: 13.0, Max: 13.2, Diff: 1.0, Sum: 103.8]
      [Code Root Scanning (ms): Min: 0.0, Avg: 0.0, Max: 0.0, Diff: 0.0, Sum: 0.0]
      [Object Copy (ms): Min: 84.0, Avg: 84.1, Max: 84.2, Diff: 0.2, Sum: 672.7]
      [Termination (ms): Min: 0.0, Avg: 0.0, Max: 0.0, Diff: 0.0, Sum: 0.1]
         [Termination Attempts: Min: 1, Avg: 39.8, Max: 60, Diff: 59, Sum: 318]
      [GC Worker Other (ms): Min: 0.0, Avg: 0.0, Max: 0.1, Diff: 0.0, Sum: 0.2]
      [GC Worker Total (ms): Min: 107.1, Avg: 107.1, Max: 107.3, Diff: 0.2, Sum: 857.2]
      [GC Worker End (ms): Min: 50876.2, Avg: 50876.2, Max: 50876.2, Diff: 0.0]
   [Code Root Fixup: 0.0 ms]
   [Code Root Purge: 0.0 ms]
   [Clear CT: 0.3 ms]
   [Other: 0.8 ms]
      [Choose CSet: 0.0 ms]
      [Ref Proc: 0.3 ms]
      [Ref Enq: 0.0 ms]
      [Redirty Cards: 0.1 ms]
      [Humongous Register: 0.0 ms]
      [Humongous Reclaim: 0.0 ms]
      [Free CSet: 0.2 ms]
   [Eden: 197.0M(197.0M)->0.0B(210.0M) Survivors: 24.0M->28.0M Heap: 458.4M(2048.0M)->460.9M(2048.0M)]
 [Times: user=0.88 sys=0.00, real=0.11 secs] 
2020-09-29T11:29:57.561+0200: 50.993: [GC pause (G1 Evacuation Pause) (young), 0.1122459 secs]
   [Parallel Time: 111.3 ms, GC Workers: 8]
      [GC Worker Start (ms): Min: 50993.3, Avg: 50993.5, Max: 50993.5, Diff: 0.2]
      [Ext Root Scanning (ms): Min: 0.0, Avg: 0.1, Max: 0.2, Diff: 0.2, Sum: 0.4]
      [Update RS (ms): Min: 10.6, Avg: 10.7, Max: 11.0, Diff: 0.4, Sum: 85.9]
         [Processed Buffers: Min: 11, Avg: 12.4, Max: 14, Diff: 3, Sum: 99]
      [Scan RS (ms): Min: 11.1, Avg: 11.4, Max: 11.5, Diff: 0.4, Sum: 90.9]
      [Code Root Scanning (ms): Min: 0.0, Avg: 0.0, Max: 0.0, Diff: 0.0, Sum: 0.0]
      [Object Copy (ms): Min: 88.8, Avg: 88.9, Max: 88.9, Diff: 0.2, Sum: 710.8]
      [Termination (ms): Min: 0.0, Avg: 0.0, Max: 0.0, Diff: 0.0, Sum: 0.0]
         [Termination Attempts: Min: 1, Avg: 23.4, Max: 31, Diff: 30, Sum: 187]
      [GC Worker Other (ms): Min: 0.0, Avg: 0.0, Max: 0.1, Diff: 0.1, Sum: 0.3]
      [GC Worker Total (ms): Min: 111.0, Avg: 111.1, Max: 111.2, Diff: 0.2, Sum: 888.5]
      [GC Worker End (ms): Min: 51104.5, Avg: 51104.5, Max: 51104.5, Diff: 0.1]
   [Code Root Fixup: 0.0 ms]
   [Code Root Purge: 0.0 ms]
   [Clear CT: 0.2 ms]
   [Other: 0.8 ms]
      [Choose CSet: 0.0 ms]
      [Ref Proc: 0.2 ms]
      [Ref Enq: 0.0 ms]
      [Redirty Cards: 0.2 ms]
      [Humongous Register: 0.0 ms]
      [Humongous Reclaim: 0.0 ms]
      [Free CSet: 0.2 ms]
   [Eden: 210.0M(210.0M)->0.0B(229.0M) Survivors: 28.0M->30.0M Heap: 705.2M(2048.0M)->706.7M(2048.0M)]
 [Times: user=0.86 sys=0.01, real=0.11 secs] 
2020-09-29T11:29:57.804+0200: 51.236: [GC pause (G1 Evacuation Pause) (young), 0.1424586 secs]
   [Parallel Time: 141.5 ms, GC Workers: 8]
      [GC Worker Start (ms): Min: 51235.9, Avg: 51236.0, Max: 51236.1, Diff: 0.2]
      [Ext Root Scanning (ms): Min: 0.0, Avg: 0.1, Max: 0.2, Diff: 0.2, Sum: 0.5]
      [Update RS (ms): Min: 14.5, Avg: 14.8, Max: 15.1, Diff: 0.7, Sum: 118.2]
         [Processed Buffers: Min: 4, Avg: 13.8, Max: 16, Diff: 12, Sum: 110]
      [Scan RS (ms): Min: 13.3, Avg: 13.7, Max: 14.1, Diff: 0.8, Sum: 109.9]
      [Code Root Scanning (ms): Min: 0.0, Avg: 0.0, Max: 0.0, Diff: 0.0, Sum: 0.0]
      [Object Copy (ms): Min: 112.4, Avg: 112.6, Max: 112.7, Diff: 0.3, Sum: 900.5]
      [Termination (ms): Min: 0.0, Avg: 0.1, Max: 0.1, Diff: 0.1, Sum: 0.7]
         [Termination Attempts: Min: 1, Avg: 685.9, Max: 825, Diff: 824, Sum: 5487]
      [GC Worker Other (ms): Min: 0.0, Avg: 0.0, Max: 0.1, Diff: 0.1, Sum: 0.3]
      [GC Worker Total (ms): Min: 141.2, Avg: 141.3, Max: 141.4, Diff: 0.2, Sum: 1130.1]
      [GC Worker End (ms): Min: 51377.3, Avg: 51377.3, Max: 51377.3, Diff: 0.1]
   [Code Root Fixup: 0.0 ms]
   [Code Root Purge: 0.0 ms]
   [Clear CT: 0.2 ms]
   [Other: 0.8 ms]
      [Choose CSet: 0.0 ms]
      [Ref Proc: 0.1 ms]
      [Ref Enq: 0.0 ms]
      [Redirty Cards: 0.2 ms]
      [Humongous Register: 0.0 ms]
      [Humongous Reclaim: 0.0 ms]
      [Free CSet: 0.2 ms]
   [Eden: 229.0M(229.0M)->0.0B(240.0M) Survivors: 30.0M->33.0M Heap: 973.8M(2048.0M)->975.3M(2048.0M)]
 [Times: user=1.13 sys=0.00, real=0.14 secs] 
2020-09-29T11:29:57.959+0200: 51.391: [GC pause (G1 Humongous Allocation) (young) (initial-mark), 0.0503206 secs]
   [Parallel Time: 49.5 ms, GC Workers: 8]
      [GC Worker Start (ms): Min: 51391.4, Avg: 51391.5, Max: 51391.6, Diff: 0.1]
      [Ext Root Scanning (ms): Min: 0.0, Avg: 0.3, Max: 0.9, Diff: 0.9, Sum: 2.2]
      [Update RS (ms): Min: 20.9, Avg: 21.7, Max: 22.1, Diff: 1.3, Sum: 173.6]
         [Processed Buffers: Min: 22, Avg: 24.6, Max: 28, Diff: 6, Sum: 197]
      [Scan RS (ms): Min: 1.7, Avg: 1.9, Max: 2.1, Diff: 0.5, Sum: 15.4]
      [Code Root Scanning (ms): Min: 0.0, Avg: 0.0, Max: 0.0, Diff: 0.0, Sum: 0.0]
      [Object Copy (ms): Min: 25.1, Avg: 25.2, Max: 25.4, Diff: 0.3, Sum: 201.4]
      [Termination (ms): Min: 0.0, Avg: 0.2, Max: 0.2, Diff: 0.2, Sum: 1.6]
         [Termination Attempts: Min: 1, Avg: 1407.9, Max: 1700, Diff: 1699, Sum: 11263]
      [GC Worker Other (ms): Min: 0.0, Avg: 0.0, Max: 0.0, Diff: 0.0, Sum: 0.2]
      [GC Worker Total (ms): Min: 49.2, Avg: 49.3, Max: 49.4, Diff: 0.2, Sum: 394.4]
      [GC Worker End (ms): Min: 51440.8, Avg: 51440.8, Max: 51440.8, Diff: 0.0]
   [Code Root Fixup: 0.0 ms]
   [Code Root Purge: 0.0 ms]
   [Clear CT: 0.2 ms]
   [Other: 0.6 ms]
      [Choose CSet: 0.0 ms]
      [Ref Proc: 0.2 ms]
      [Ref Enq: 0.0 ms]
      [Redirty Cards: 0.2 ms]
      [Humongous Register: 0.0 ms]
      [Humongous Reclaim: 0.0 ms]
      [Free CSet: 0.1 ms]
   [Eden: 5120.0K(240.0M)->0.0B(255.0M) Survivors: 33.0M->7168.0K Heap: 979.8M(2048.0M)->983.8M(2048.0M)]
 [Times: user=0.33 sys=0.00, real=0.05 secs] 
2020-09-29T11:29:58.009+0200: 51.442: [GC concurrent-root-region-scan-start]
2020-09-29T11:29:58.015+0200: 51.447: [GC concurrent-root-region-scan-end, 0.0056023 secs]
2020-09-29T11:29:58.015+0200: 51.447: [GC concurrent-mark-start]
2020-09-29T11:29:58.019+0200: 51.451: [GC concurrent-mark-end, 0.0035435 secs]
2020-09-29T11:29:58.019+0200: 51.451: [GC remark 2020-09-29T11:29:58.019+0200: 51.451: [Finalize Marking, 0.0001959 secs] 2020-09-29T11:29:58.019+0200: 51.451: [GC ref-proc, 0.0003121 secs] 2020-09-29T11:29:58.020+0200: 51.452: [Unloading, 0.0004728 secs], 0.0013507 secs]
 [Times: user=0.00 sys=0.02, real=0.00 secs] 
2020-09-29T11:29:58.021+0200: 51.453: [GC cleanup 1003M->36M(2048M), 0.0016765 secs]
 [Times: user=0.00 sys=0.00, real=0.00 secs] 
2020-09-29T11:29:58.022+0200: 51.455: [GC concurrent-cleanup-start]
2020-09-29T11:29:58.024+0200: 51.456: [GC concurrent-cleanup-end, 0.0010901 secs]
2020-09-29T11:29:58.152+0200: 51.585: [GC pause (G1 Evacuation Pause) (young), 0.1283319 secs]
   [Parallel Time: 127.2 ms, GC Workers: 8]
      [GC Worker Start (ms): Min: 51584.8, Avg: 51584.9, Max: 51584.9, Diff: 0.2]
      [Ext Root Scanning (ms): Min: 0.0, Avg: 0.1, Max: 0.2, Diff: 0.2, Sum: 0.5]
      [Update RS (ms): Min: 13.1, Avg: 13.2, Max: 13.4, Diff: 0.4, Sum: 105.6]
         [Processed Buffers: Min: 11, Avg: 13.0, Max: 16, Diff: 5, Sum: 104]
      [Scan RS (ms): Min: 20.1, Avg: 20.3, Max: 20.5, Diff: 0.4, Sum: 162.2]
      [Code Root Scanning (ms): Min: 0.0, Avg: 0.0, Max: 0.0, Diff: 0.0, Sum: 0.0]
      [Object Copy (ms): Min: 93.2, Avg: 93.3, Max: 93.4, Diff: 0.2, Sum: 746.5]
      [Termination (ms): Min: 0.0, Avg: 0.1, Max: 0.1, Diff: 0.1, Sum: 0.5]
         [Termination Attempts: Min: 1, Avg: 88.6, Max: 124, Diff: 123, Sum: 709]
      [GC Worker Other (ms): Min: 0.0, Avg: 0.0, Max: 0.0, Diff: 0.0, Sum: 0.1]
      [GC Worker Total (ms): Min: 126.9, Avg: 126.9, Max: 127.1, Diff: 0.2, Sum: 1015.5]
      [GC Worker End (ms): Min: 51711.8, Avg: 51711.8, Max: 51711.8, Diff: 0.0]
   [Code Root Fixup: 0.0 ms]
   [Code Root Purge: 0.0 ms]
   [Clear CT: 0.2 ms]
   [Other: 1.0 ms]
      [Choose CSet: 0.0 ms]
      [Ref Proc: 0.2 ms]
      [Ref Enq: 0.0 ms]
      [Redirty Cards: 0.3 ms]
      [Humongous Register: 0.0 ms]
      [Humongous Reclaim: 0.0 ms]
      [Free CSet: 0.2 ms]
   [Eden: 255.0M(255.0M)->0.0B(248.0M) Survivors: 7168.0K->33.0M Heap: 315.4M(2048.0M)->311.4M(2048.0M)]
 [Times: user=0.97 sys=0.03, real=0.13 secs] 
2020-09-29T11:29:58.413+0200: 51.846: [GC pause (G1 Evacuation Pause) (young), 0.1525315 secs]
   [Parallel Time: 151.0 ms, GC Workers: 8]
      [GC Worker Start (ms): Min: 51845.8, Avg: 51845.9, Max: 51846.0, Diff: 0.2]
      [Ext Root Scanning (ms): Min: 0.0, Avg: 0.0, Max: 0.2, Diff: 0.2, Sum: 0.4]
      [Update RS (ms): Min: 12.2, Avg: 12.6, Max: 13.0, Diff: 0.8, Sum: 100.8]
         [Processed Buffers: Min: 13, Avg: 13.9, Max: 14, Diff: 1, Sum: 111]
      [Scan RS (ms): Min: 13.6, Avg: 13.9, Max: 14.3, Diff: 0.7, Sum: 111.1]
      [Code Root Scanning (ms): Min: 0.0, Avg: 0.0, Max: 0.0, Diff: 0.0, Sum: 0.0]
      [Object Copy (ms): Min: 124.0, Avg: 124.1, Max: 124.1, Diff: 0.2, Sum: 992.5]
      [Termination (ms): Min: 0.0, Avg: 0.1, Max: 0.2, Diff: 0.2, Sum: 0.9]
         [Termination Attempts: Min: 1, Avg: 651.4, Max: 925, Diff: 924, Sum: 5211]
      [GC Worker Other (ms): Min: 0.0, Avg: 0.0, Max: 0.1, Diff: 0.0, Sum: 0.3]
      [GC Worker Total (ms): Min: 150.7, Avg: 150.8, Max: 150.9, Diff: 0.2, Sum: 1206.1]
      [GC Worker End (ms): Min: 51996.6, Avg: 51996.7, Max: 51996.7, Diff: 0.0]
   [Code Root Fixup: 0.0 ms]
   [Code Root Purge: 0.0 ms]
   [Clear CT: 0.4 ms]
   [Other: 1.1 ms]
      [Choose CSet: 0.0 ms]
      [Ref Proc: 0.3 ms]
      [Ref Enq: 0.0 ms]
      [Redirty Cards: 0.4 ms]
      [Humongous Register: 0.0 ms]
      [Humongous Reclaim: 0.0 ms]
      [Free CSet: 0.1 ms]
   [Eden: 248.0M(248.0M)->0.0B(258.0M) Survivors: 33.0M->36.0M Heap: 599.4M(2048.0M)->601.4M(2048.0M)]
 [Times: user=1.03 sys=0.02, real=0.15 secs] 
2020-09-29T11:29:58.698+0200: 52.130: [GC pause (G1 Evacuation Pause) (young), 0.1583356 secs]
   [Parallel Time: 157.3 ms, GC Workers: 8]
      [GC Worker Start (ms): Min: 52130.5, Avg: 52130.6, Max: 52130.7, Diff: 0.2]
      [Ext Root Scanning (ms): Min: 0.0, Avg: 0.1, Max: 0.2, Diff: 0.2, Sum: 0.5]
      [Update RS (ms): Min: 16.1, Avg: 16.5, Max: 16.7, Diff: 0.7, Sum: 131.6]
         [Processed Buffers: Min: 15, Avg: 15.9, Max: 18, Diff: 3, Sum: 127]
      [Scan RS (ms): Min: 21.8, Avg: 22.1, Max: 22.5, Diff: 0.7, Sum: 176.6]
      [Code Root Scanning (ms): Min: 0.0, Avg: 0.0, Max: 0.0, Diff: 0.0, Sum: 0.0]
      [Object Copy (ms): Min: 118.2, Avg: 118.2, Max: 118.3, Diff: 0.1, Sum: 945.6]
      [Termination (ms): Min: 0.0, Avg: 0.0, Max: 0.0, Diff: 0.0, Sum: 0.0]
         [Termination Attempts: Min: 1, Avg: 6.1, Max: 14, Diff: 13, Sum: 49]
      [GC Worker Other (ms): Min: 0.1, Avg: 0.2, Max: 0.3, Diff: 0.3, Sum: 1.7]
      [GC Worker Total (ms): Min: 156.8, Avg: 157.0, Max: 157.2, Diff: 0.4, Sum: 1256.1]
      [GC Worker End (ms): Min: 52287.4, Avg: 52287.6, Max: 52287.7, Diff: 0.3]
   [Code Root Fixup: 0.0 ms]
   [Code Root Purge: 0.0 ms]
   [Clear CT: 0.1 ms]
   [Other: 0.9 ms]
      [Choose CSet: 0.0 ms]
      [Ref Proc: 0.2 ms]
      [Ref Enq: 0.0 ms]
      [Redirty Cards: 0.2 ms]
      [Humongous Register: 0.0 ms]
      [Humongous Reclaim: 0.0 ms]
      [Free CSet: 0.3 ms]
   [Eden: 258.0M(258.0M)->0.0B(267.0M) Survivors: 36.0M->37.0M Heap: 903.3M(2048.0M)->905.3M(2048.0M)]
 [Times: user=1.22 sys=0.03, real=0.16 secs] 
2020-09-29T11:29:58.992+0200: 52.425: [GC pause (G1 Evacuation Pause) (young), 0.1420244 secs]
   [Parallel Time: 141.0 ms, GC Workers: 8]
      [GC Worker Start (ms): Min: 52425.0, Avg: 52425.1, Max: 52425.2, Diff: 0.2]
      [Ext Root Scanning (ms): Min: 0.0, Avg: 0.1, Max: 0.1, Diff: 0.1, Sum: 0.5]
      [Update RS (ms): Min: 13.6, Avg: 13.9, Max: 14.2, Diff: 0.6, Sum: 110.8]
         [Processed Buffers: Min: 14, Avg: 15.4, Max: 17, Diff: 3, Sum: 123]
      [Scan RS (ms): Min: 13.5, Avg: 13.9, Max: 14.3, Diff: 0.7, Sum: 111.5]
      [Code Root Scanning (ms): Min: 0.0, Avg: 0.0, Max: 0.0, Diff: 0.0, Sum: 0.0]
      [Object Copy (ms): Min: 112.7, Avg: 112.8, Max: 112.8, Diff: 0.1, Sum: 902.4]
      [Termination (ms): Min: 0.0, Avg: 0.1, Max: 0.1, Diff: 0.1, Sum: 0.8]
         [Termination Attempts: Min: 1, Avg: 672.8, Max: 829, Diff: 828, Sum: 5382]
      [GC Worker Other (ms): Min: 0.0, Avg: 0.0, Max: 0.0, Diff: 0.0, Sum: 0.2]
      [GC Worker Total (ms): Min: 140.7, Avg: 140.8, Max: 140.9, Diff: 0.2, Sum: 1126.2]
      [GC Worker End (ms): Min: 52565.9, Avg: 52565.9, Max: 52565.9, Diff: 0.0]
   [Code Root Fixup: 0.0 ms]
   [Code Root Purge: 0.0 ms]
   [Clear CT: 0.2 ms]
   [Other: 0.9 ms]
      [Choose CSet: 0.0 ms]
      [Ref Proc: 0.2 ms]
      [Ref Enq: 0.0 ms]
      [Redirty Cards: 0.2 ms]
      [Humongous Register: 0.0 ms]
      [Humongous Reclaim: 0.0 ms]
      [Free CSet: 0.2 ms]
   [Eden: 254.0M(253.0M)->0.0B(291.0M) Survivors: 37.0M->37.0M Heap: 1201.3M(2048.0M)->1202.8M(2048.0M)]
 [Times: user=1.11 sys=0.02, real=0.14 secs] 
2020-09-29T11:29:59.145+0200: 52.578: [GC pause (G1 Humongous Allocation) (young) (initial-mark), 0.0590366 secs]
   [Parallel Time: 58.0 ms, GC Workers: 8]
      [GC Worker Start (ms): Min: 52577.9, Avg: 52578.0, Max: 52578.4, Diff: 0.6]
      [Ext Root Scanning (ms): Min: 0.0, Avg: 0.8, Max: 1.9, Diff: 1.8, Sum: 6.1]
      [Update RS (ms): Min: 26.8, Avg: 28.1, Max: 28.7, Diff: 1.9, Sum: 224.9]
         [Processed Buffers: Min: 30, Avg: 33.0, Max: 34, Diff: 4, Sum: 264]
      [Scan RS (ms): Min: 1.9, Avg: 2.2, Max: 2.6, Diff: 0.7, Sum: 17.9]
      [Code Root Scanning (ms): Min: 0.0, Avg: 0.0, Max: 0.0, Diff: 0.0, Sum: 0.0]
      [Object Copy (ms): Min: 26.4, Avg: 26.5, Max: 26.7, Diff: 0.3, Sum: 211.8]
      [Termination (ms): Min: 0.0, Avg: 0.2, Max: 0.2, Diff: 0.2, Sum: 1.2]
         [Termination Attempts: Min: 1, Avg: 1149.0, Max: 1473, Diff: 1472, Sum: 9192]
      [GC Worker Other (ms): Min: 0.0, Avg: 0.0, Max: 0.0, Diff: 0.0, Sum: 0.2]
      [GC Worker Total (ms): Min: 57.4, Avg: 57.8, Max: 57.9, Diff: 0.6, Sum: 462.1]
      [GC Worker End (ms): Min: 52635.8, Avg: 52635.8, Max: 52635.8, Diff: 0.0]
   [Code Root Fixup: 0.0 ms]
   [Code Root Purge: 0.0 ms]
   [Clear CT: 0.2 ms]
   [Other: 0.8 ms]
      [Choose CSet: 0.0 ms]
      [Ref Proc: 0.4 ms]
      [Ref Enq: 0.0 ms]
      [Redirty Cards: 0.2 ms]
      [Humongous Register: 0.0 ms]
      [Humongous Reclaim: 0.0 ms]
      [Free CSet: 0.1 ms]
   [Eden: 4096.0K(291.0M)->0.0B(286.0M) Survivors: 37.0M->6144.0K Heap: 1206.8M(2048.0M)->1210.8M(2048.0M)]
 [Times: user=0.36 sys=0.01, real=0.06 secs] 
2020-09-29T11:29:59.204+0200: 52.637: [GC concurrent-root-region-scan-start]
2020-09-29T11:29:59.205+0200: 52.638: [GC concurrent-root-region-scan-end, 0.0007160 secs]
2020-09-29T11:29:59.205+0200: 52.638: [GC concurrent-mark-start]
2020-09-29T11:29:59.207+0200: 52.640: [GC concurrent-mark-end, 0.0026100 secs]
2020-09-29T11:29:59.208+0200: 52.641: [GC remark 2020-09-29T11:29:59.208+0200: 52.641: [Finalize Marking, 0.0001979 secs] 2020-09-29T11:29:59.208+0200: 52.641: [GC ref-proc, 0.0002809 secs] 2020-09-29T11:29:59.208+0200: 52.641: [Unloading, 0.0004620 secs], 0.0013413 secs]
 [Times: user=0.00 sys=0.00, real=0.00 secs] 
2020-09-29T11:29:59.209+0200: 52.642: [GC cleanup 1218M->23M(2048M), 0.0011469 secs]
 [Times: user=0.00 sys=0.00, real=0.00 secs] 
2020-09-29T11:29:59.211+0200: 52.643: [GC concurrent-cleanup-start]
2020-09-29T11:29:59.212+0200: 52.645: [GC concurrent-cleanup-end, 0.0015294 secs]
2020-09-29T11:29:59.354+0200: 52.787: [GC pause (G1 Evacuation Pause) (young), 0.1442889 secs]
   [Parallel Time: 143.2 ms, GC Workers: 8]
      [GC Worker Start (ms): Min: 52787.0, Avg: 52787.1, Max: 52787.1, Diff: 0.2]
      [Ext Root Scanning (ms): Min: 0.0, Avg: 0.1, Max: 0.2, Diff: 0.2, Sum: 0.5]
      [Update RS (ms): Min: 14.3, Avg: 14.7, Max: 15.4, Diff: 1.1, Sum: 117.9]
         [Processed Buffers: Min: 14, Avg: 14.5, Max: 16, Diff: 2, Sum: 116]
      [Scan RS (ms): Min: 19.4, Avg: 20.1, Max: 20.6, Diff: 1.2, Sum: 161.2]
      [Code Root Scanning (ms): Min: 0.0, Avg: 0.0, Max: 0.0, Diff: 0.0, Sum: 0.0]
      [Object Copy (ms): Min: 107.7, Avg: 107.9, Max: 108.0, Diff: 0.3, Sum: 863.4]
      [Termination (ms): Min: 0.0, Avg: 0.0, Max: 0.0, Diff: 0.0, Sum: 0.2]
         [Termination Attempts: Min: 1, Avg: 167.9, Max: 218, Diff: 217, Sum: 1343]
      [GC Worker Other (ms): Min: 0.0, Avg: 0.0, Max: 0.1, Diff: 0.1, Sum: 0.4]
      [GC Worker Total (ms): Min: 142.9, Avg: 142.9, Max: 143.0, Diff: 0.1, Sum: 1143.6]
      [GC Worker End (ms): Min: 52930.0, Avg: 52930.0, Max: 52930.1, Diff: 0.1]
   [Code Root Fixup: 0.0 ms]
   [Code Root Purge: 0.0 ms]
   [Clear CT: 0.2 ms]
   [Other: 1.0 ms]
      [Choose CSet: 0.0 ms]
      [Ref Proc: 0.2 ms]
      [Ref Enq: 0.0 ms]
      [Redirty Cards: 0.2 ms]
      [Humongous Register: 0.0 ms]
      [Humongous Reclaim: 0.0 ms]
      [Free CSet: 0.3 ms]
   [Eden: 286.0M(286.0M)->0.0B(276.0M) Survivors: 6144.0K->37.0M Heap: 349.2M(2048.0M)->345.2M(2048.0M)]
 [Times: user=1.00 sys=0.13, real=0.14 secs] 
2020-09-29T11:29:59.647+0200: 53.080: [GC pause (G1 Evacuation Pause) (young), 0.1653854 secs]
   [Parallel Time: 164.2 ms, GC Workers: 8]
      [GC Worker Start (ms): Min: 53079.7, Avg: 53079.8, Max: 53079.9, Diff: 0.2]
      [Ext Root Scanning (ms): Min: 0.0, Avg: 0.1, Max: 0.2, Diff: 0.2, Sum: 0.5]
      [Update RS (ms): Min: 16.9, Avg: 17.1, Max: 17.3, Diff: 0.4, Sum: 136.6]
         [Processed Buffers: Min: 16, Avg: 17.9, Max: 21, Diff: 5, Sum: 143]
      [Scan RS (ms): Min: 16.9, Avg: 17.1, Max: 17.3, Diff: 0.5, Sum: 136.6]
      [Code Root Scanning (ms): Min: 0.0, Avg: 0.0, Max: 0.0, Diff: 0.0, Sum: 0.0]
      [Object Copy (ms): Min: 129.4, Avg: 129.5, Max: 129.7, Diff: 0.3, Sum: 1036.0]
      [Termination (ms): Min: 0.0, Avg: 0.2, Max: 0.3, Diff: 0.3, Sum: 1.7]
         [Termination Attempts: Min: 1, Avg: 1377.3, Max: 1760, Diff: 1759, Sum: 11018]
      [GC Worker Other (ms): Min: 0.0, Avg: 0.0, Max: 0.1, Diff: 0.1, Sum: 0.4]
      [GC Worker Total (ms): Min: 163.9, Avg: 164.0, Max: 164.1, Diff: 0.2, Sum: 1311.7]
      [GC Worker End (ms): Min: 53243.7, Avg: 53243.8, Max: 53243.8, Diff: 0.1]
   [Code Root Fixup: 0.0 ms]
   [Code Root Purge: 0.0 ms]
   [Clear CT: 0.2 ms]
   [Other: 1.0 ms]
      [Choose CSet: 0.0 ms]
      [Ref Proc: 0.2 ms]
      [Ref Enq: 0.0 ms]
      [Redirty Cards: 0.2 ms]
      [Humongous Register: 0.0 ms]
      [Humongous Reclaim: 0.0 ms]
      [Free CSet: 0.3 ms]
   [Eden: 276.0M(276.0M)->0.0B(282.0M) Survivors: 37.0M->40.0M Heap: 668.9M(2048.0M)->670.9M(2048.0M)]
 [Times: user=1.23 sys=0.02, real=0.17 secs] 
2020-09-29T11:29:59.990+0200: 53.423: [GC pause (G1 Evacuation Pause) (young), 0.1630055 secs]
   [Parallel Time: 161.6 ms, GC Workers: 8]
      [GC Worker Start (ms): Min: 53422.9, Avg: 53423.0, Max: 53423.1, Diff: 0.2]
      [Ext Root Scanning (ms): Min: 0.0, Avg: 0.1, Max: 0.2, Diff: 0.2, Sum: 0.5]
      [Update RS (ms): Min: 18.9, Avg: 19.2, Max: 19.4, Diff: 0.6, Sum: 153.3]
         [Processed Buffers: Min: 18, Avg: 20.3, Max: 22, Diff: 4, Sum: 162]
      [Scan RS (ms): Min: 15.7, Avg: 16.4, Max: 18.7, Diff: 3.0, Sum: 131.4]
      [Code Root Scanning (ms): Min: 0.0, Avg: 0.0, Max: 0.0, Diff: 0.0, Sum: 0.0]
      [Object Copy (ms): Min: 123.4, Avg: 125.6, Max: 126.0, Diff: 2.6, Sum: 1004.9]
      [Termination (ms): Min: 0.0, Avg: 0.0, Max: 0.0, Diff: 0.0, Sum: 0.3]
         [Termination Attempts: Min: 1, Avg: 267.4, Max: 350, Diff: 349, Sum: 2139]
      [GC Worker Other (ms): Min: 0.0, Avg: 0.0, Max: 0.1, Diff: 0.1, Sum: 0.3]
      [GC Worker Total (ms): Min: 161.3, Avg: 161.3, Max: 161.5, Diff: 0.2, Sum: 1290.7]
      [GC Worker End (ms): Min: 53584.3, Avg: 53584.3, Max: 53584.4, Diff: 0.1]
   [Code Root Fixup: 0.0 ms]
   [Code Root Purge: 0.0 ms]
   [Clear CT: 0.2 ms]
   [Other: 1.3 ms]
      [Choose CSet: 0.0 ms]
      [Ref Proc: 0.5 ms]
      [Ref Enq: 0.0 ms]
      [Redirty Cards: 0.3 ms]
      [Humongous Register: 0.0 ms]
      [Humongous Reclaim: 0.0 ms]
      [Free CSet: 0.2 ms]
   [Eden: 282.0M(282.0M)->0.0B(291.0M) Survivors: 40.0M->41.0M Heap: 998.6M(2048.0M)->1000.1M(2048.0M)]
 [Times: user=1.22 sys=0.03, real=0.16 secs] 
2020-09-29T11:30:00.169+0200: 53.602: [GC pause (G1 Humongous Allocation) (young) (initial-mark), 0.0524436 secs]
   [Parallel Time: 51.4 ms, GC Workers: 8]
      [GC Worker Start (ms): Min: 53601.9, Avg: 53601.9, Max: 53602.0, Diff: 0.1]
      [Ext Root Scanning (ms): Min: 0.0, Avg: 0.5, Max: 0.7, Diff: 0.7, Sum: 4.0]
      [Update RS (ms): Min: 29.6, Avg: 30.0, Max: 30.6, Diff: 1.0, Sum: 239.9]
         [Processed Buffers: Min: 30, Avg: 32.6, Max: 35, Diff: 5, Sum: 261]
      [Scan RS (ms): Min: 1.9, Avg: 2.6, Max: 3.0, Diff: 1.1, Sum: 20.8]
      [Code Root Scanning (ms): Min: 0.0, Avg: 0.0, Max: 0.0, Diff: 0.0, Sum: 0.0]
      [Object Copy (ms): Min: 17.6, Avg: 17.7, Max: 17.7, Diff: 0.1, Sum: 141.4]
      [Termination (ms): Min: 0.0, Avg: 0.0, Max: 0.0, Diff: 0.0, Sum: 0.0]
         [Termination Attempts: Min: 1, Avg: 28.6, Max: 41, Diff: 40, Sum: 229]
      [GC Worker Other (ms): Min: 0.0, Avg: 0.1, Max: 0.5, Diff: 0.5, Sum: 1.1]
      [GC Worker Total (ms): Min: 50.8, Avg: 50.9, Max: 51.2, Diff: 0.4, Sum: 407.3]
      [GC Worker End (ms): Min: 53652.8, Avg: 53652.8, Max: 53653.2, Diff: 0.4]
   [Code Root Fixup: 0.0 ms]
   [Code Root Purge: 0.0 ms]
   [Clear CT: 0.2 ms]
   [Other: 0.9 ms]
      [Choose CSet: 0.0 ms]
      [Ref Proc: 0.2 ms]
      [Ref Enq: 0.0 ms]
      [Redirty Cards: 0.2 ms]
      [Humongous Register: 0.1 ms]
      [Humongous Reclaim: 0.0 ms]
      [Free CSet: 0.1 ms]
   [Eden: 3072.0K(291.0M)->0.0B(342.0M) Survivors: 41.0M->6144.0K Heap: 1003.1M(2048.0M)->1007.6M(2048.0M)]
 [Times: user=0.38 sys=0.00, real=0.05 secs] 
2020-09-29T11:30:00.221+0200: 53.654: [GC concurrent-root-region-scan-start]
2020-09-29T11:30:00.223+0200: 53.655: [GC concurrent-root-region-scan-end, 0.0012289 secs]
2020-09-29T11:30:00.223+0200: 53.655: [GC concurrent-mark-start]
2020-09-29T11:30:00.226+0200: 53.659: [GC concurrent-mark-end, 0.0035428 secs]
2020-09-29T11:30:00.227+0200: 53.659: [GC remark 2020-09-29T11:30:00.227+0200: 53.659: [Finalize Marking, 0.0002220 secs] 2020-09-29T11:30:00.227+0200: 53.660: [GC ref-proc, 0.0004040 secs] 2020-09-29T11:30:00.227+0200: 53.660: [Unloading, 0.0005560 secs], 0.0015962 secs]
 [Times: user=0.00 sys=0.00, real=0.00 secs] 
2020-09-29T11:30:00.229+0200: 53.661: [GC cleanup 1018M->26M(2048M), 0.0014805 secs]
 [Times: user=0.00 sys=0.00, real=0.00 secs] 
2020-09-29T11:30:00.230+0200: 53.663: [GC concurrent-cleanup-start]
2020-09-29T11:30:00.232+0200: 53.665: [GC concurrent-cleanup-end, 0.0016859 secs]
2020-09-29T11:30:00.423+0200: 53.856: [GC pause (G1 Evacuation Pause) (young), 0.1911230 secs]
   [Parallel Time: 189.9 ms, GC Workers: 8]
      [GC Worker Start (ms): Min: 53856.2, Avg: 53856.3, Max: 53856.3, Diff: 0.2]
      [Ext Root Scanning (ms): Min: 0.0, Avg: 0.1, Max: 0.1, Diff: 0.1, Sum: 0.5]
      [Update RS (ms): Min: 22.3, Avg: 22.6, Max: 22.9, Diff: 0.6, Sum: 180.6]
         [Processed Buffers: Min: 21, Avg: 23.9, Max: 25, Diff: 4, Sum: 191]
      [Scan RS (ms): Min: 17.8, Avg: 21.1, Max: 41.2, Diff: 23.4, Sum: 168.7]
      [Code Root Scanning (ms): Min: 0.0, Avg: 0.0, Max: 0.0, Diff: 0.0, Sum: 0.0]
      [Object Copy (ms): Min: 125.3, Avg: 145.7, Max: 148.7, Diff: 23.5, Sum: 1165.6]
      [Termination (ms): Min: 0.0, Avg: 0.1, Max: 0.2, Diff: 0.2, Sum: 1.0]
         [Termination Attempts: Min: 1, Avg: 977.1, Max: 1189, Diff: 1188, Sum: 7817]
      [GC Worker Other (ms): Min: 0.0, Avg: 0.1, Max: 0.1, Diff: 0.1, Sum: 0.5]
      [GC Worker Total (ms): Min: 189.5, Avg: 189.6, Max: 189.7, Diff: 0.2, Sum: 1517.0]
      [GC Worker End (ms): Min: 54045.9, Avg: 54045.9, Max: 54045.9, Diff: 0.1]
   [Code Root Fixup: 0.0 ms]
   [Code Root Purge: 0.0 ms]
   [Clear CT: 0.2 ms]
   [Other: 1.0 ms]
      [Choose CSet: 0.0 ms]
      [Ref Proc: 0.2 ms]
      [Ref Enq: 0.0 ms]
      [Redirty Cards: 0.3 ms]
      [Humongous Register: 0.0 ms]
      [Humongous Reclaim: 0.0 ms]
      [Free CSet: 0.3 ms]
   [Eden: 342.0M(342.0M)->0.0B(291.0M) Survivors: 6144.0K->44.0M Heap: 414.7M(2048.0M)->410.7M(2048.0M)]
 [Times: user=1.41 sys=0.02, real=0.19 secs] 
2020-09-29T11:30:00.796+0200: 54.229: [GC pause (G1 Evacuation Pause) (young), 0.1725513 secs]
   [Parallel Time: 171.4 ms, GC Workers: 8]
      [GC Worker Start (ms): Min: 54229.4, Avg: 54229.5, Max: 54229.6, Diff: 0.2]
      [Ext Root Scanning (ms): Min: 0.0, Avg: 0.1, Max: 0.2, Diff: 0.2, Sum: 0.5]
      [Update RS (ms): Min: 16.3, Avg: 16.5, Max: 16.7, Diff: 0.4, Sum: 131.7]
         [Processed Buffers: Min: 15, Avg: 16.6, Max: 20, Diff: 5, Sum: 133]
      [Scan RS (ms): Min: 20.7, Avg: 21.0, Max: 21.2, Diff: 0.6, Sum: 167.8]
      [Code Root Scanning (ms): Min: 0.0, Avg: 0.0, Max: 0.0, Diff: 0.0, Sum: 0.0]
      [Object Copy (ms): Min: 133.5, Avg: 133.5, Max: 133.6, Diff: 0.1, Sum: 1068.4]
      [Termination (ms): Min: 0.0, Avg: 0.1, Max: 0.1, Diff: 0.1, Sum: 0.6]
         [Termination Attempts: Min: 1, Avg: 467.0, Max: 712, Diff: 711, Sum: 3736]
      [GC Worker Other (ms): Min: 0.0, Avg: 0.1, Max: 0.1, Diff: 0.1, Sum: 0.5]
      [GC Worker Total (ms): Min: 171.1, Avg: 171.2, Max: 171.3, Diff: 0.2, Sum: 1369.5]
      [GC Worker End (ms): Min: 54400.7, Avg: 54400.7, Max: 54400.7, Diff: 0.1]
   [Code Root Fixup: 0.0 ms]
   [Code Root Purge: 0.0 ms]
   [Clear CT: 0.2 ms]
   [Other: 1.0 ms]
      [Choose CSet: 0.0 ms]
      [Ref Proc: 0.2 ms]
      [Ref Enq: 0.0 ms]
      [Redirty Cards: 0.3 ms]
      [Humongous Register: 0.0 ms]
      [Humongous Reclaim: 0.0 ms]
      [Free CSet: 0.3 ms]
   [Eden: 291.0M(291.0M)->0.0B(284.0M) Survivors: 44.0M->42.0M Heap: 751.3M(2048.0M)->753.8M(2048.0M)]
 [Times: user=1.31 sys=0.05, real=0.17 secs] 
2020-09-29T11:30:01.133+0200: 54.566: [GC pause (G1 Evacuation Pause) (young), 0.1644538 secs]
   [Parallel Time: 163.4 ms, GC Workers: 8]
      [GC Worker Start (ms): Min: 54565.9, Avg: 54566.0, Max: 54566.1, Diff: 0.2]
      [Ext Root Scanning (ms): Min: 0.0, Avg: 0.1, Max: 0.2, Diff: 0.2, Sum: 0.4]
      [Update RS (ms): Min: 18.1, Avg: 18.2, Max: 18.7, Diff: 0.7, Sum: 145.9]
         [Processed Buffers: Min: 18, Avg: 19.6, Max: 23, Diff: 5, Sum: 157]
      [Scan RS (ms): Min: 16.9, Avg: 18.2, Max: 23.6, Diff: 6.8, Sum: 145.2]
      [Code Root Scanning (ms): Min: 0.0, Avg: 0.0, Max: 0.0, Diff: 0.0, Sum: 0.0]
      [Object Copy (ms): Min: 121.2, Avg: 126.6, Max: 127.5, Diff: 6.2, Sum: 1013.0]
      [Termination (ms): Min: 0.0, Avg: 0.0, Max: 0.0, Diff: 0.0, Sum: 0.1]
         [Termination Attempts: Min: 1, Avg: 86.5, Max: 129, Diff: 128, Sum: 692]
      [GC Worker Other (ms): Min: 0.0, Avg: 0.1, Max: 0.1, Diff: 0.1, Sum: 0.5]
      [GC Worker Total (ms): Min: 163.1, Avg: 163.2, Max: 163.2, Diff: 0.2, Sum: 1305.2]
      [GC Worker End (ms): Min: 54729.1, Avg: 54729.2, Max: 54729.2, Diff: 0.1]
   [Code Root Fixup: 0.0 ms]
   [Code Root Purge: 0.0 ms]
   [Clear CT: 0.2 ms]
   [Other: 0.9 ms]
      [Choose CSet: 0.0 ms]
      [Ref Proc: 0.2 ms]
      [Ref Enq: 0.0 ms]
      [Redirty Cards: 0.2 ms]
      [Humongous Register: 0.0 ms]
      [Humongous Reclaim: 0.0 ms]
      [Free CSet: 0.3 ms]
   [Eden: 284.0M(284.0M)->0.0B(289.0M) Survivors: 42.0M->41.0M Heap: 1085.5M(2048.0M)->1087.0M(2048.0M)]
 [Times: user=1.25 sys=0.00, real=0.17 secs] 
2020-09-29T11:30:01.310+0200: 54.743: [GC pause (G1 Humongous Allocation) (young) (initial-mark), 0.0548149 secs]
   [Parallel Time: 53.8 ms, GC Workers: 8]
      [GC Worker Start (ms): Min: 54742.8, Avg: 54742.8, Max: 54742.9, Diff: 0.1]
      [Ext Root Scanning (ms): Min: 0.1, Avg: 0.1, Max: 0.1, Diff: 0.1, Sum: 0.8]
      [Update RS (ms): Min: 30.8, Avg: 31.0, Max: 31.2, Diff: 0.4, Sum: 248.3]
         [Processed Buffers: Min: 36, Avg: 37.6, Max: 39, Diff: 3, Sum: 301]
      [Scan RS (ms): Min: 2.3, Avg: 2.5, Max: 2.7, Diff: 0.4, Sum: 19.9]
      [Code Root Scanning (ms): Min: 0.0, Avg: 0.0, Max: 0.0, Diff: 0.0, Sum: 0.0]
      [Object Copy (ms): Min: 19.9, Avg: 19.9, Max: 20.0, Diff: 0.1, Sum: 159.5]
      [Termination (ms): Min: 0.0, Avg: 0.0, Max: 0.0, Diff: 0.0, Sum: 0.1]
         [Termination Attempts: Min: 1, Avg: 138.1, Max: 184, Diff: 183, Sum: 1105]
      [GC Worker Other (ms): Min: 0.0, Avg: 0.0, Max: 0.0, Diff: 0.0, Sum: 0.2]
      [GC Worker Total (ms): Min: 53.6, Avg: 53.6, Max: 53.7, Diff: 0.1, Sum: 428.9]
      [GC Worker End (ms): Min: 54796.4, Avg: 54796.4, Max: 54796.5, Diff: 0.0]
   [Code Root Fixup: 0.0 ms]
   [Code Root Purge: 0.0 ms]
   [Clear CT: 0.3 ms]
   [Other: 0.8 ms]
      [Choose CSet: 0.0 ms]
      [Ref Proc: 0.2 ms]
      [Ref Enq: 0.0 ms]
      [Redirty Cards: 0.2 ms]
      [Humongous Register: 0.1 ms]
      [Humongous Reclaim: 0.0 ms]
      [Free CSet: 0.1 ms]
   [Eden: 11.0M(289.0M)->0.0B(334.0M) Survivors: 41.0M->12.0M Heap: 1097.5M(2048.0M)->1100.5M(2048.0M)]
 [Times: user=0.50 sys=0.00, real=0.06 secs] 
2020-09-29T11:30:01.365+0200: 54.798: [GC concurrent-root-region-scan-start]
2020-09-29T11:30:01.368+0200: 54.800: [GC concurrent-root-region-scan-end, 0.0025931 secs]
2020-09-29T11:30:01.368+0200: 54.800: [GC concurrent-mark-start]
2020-09-29T11:30:01.371+0200: 54.803: [GC concurrent-mark-end, 0.0027273 secs]
2020-09-29T11:30:01.371+0200: 54.803: [GC remark 2020-09-29T11:30:01.371+0200: 54.803: [Finalize Marking, 0.0002651 secs] 2020-09-29T11:30:01.371+0200: 54.804: [GC ref-proc, 0.0003922 secs] 2020-09-29T11:30:01.372+0200: 54.804: [Unloading, 0.0006314 secs], 0.0016438 secs]
 [Times: user=0.00 sys=0.00, real=0.00 secs] 
2020-09-29T11:30:01.373+0200: 54.805: [GC cleanup 1113M->34M(2048M), 0.0014934 secs]
 [Times: user=0.00 sys=0.00, real=0.00 secs] 
2020-09-29T11:30:01.375+0200: 54.807: [GC concurrent-cleanup-start]
2020-09-29T11:30:01.376+0200: 54.809: [GC concurrent-cleanup-end, 0.0018288 secs]
2020-09-29T11:30:01.577+0200: 55.010: [GC pause (G1 Evacuation Pause) (young), 0.1695047 secs]
   [Parallel Time: 168.3 ms, GC Workers: 8]
      [GC Worker Start (ms): Min: 55010.0, Avg: 55010.1, Max: 55010.2, Diff: 0.2]
      [Ext Root Scanning (ms): Min: 0.0, Avg: 0.1, Max: 0.2, Diff: 0.2, Sum: 0.6]
      [Update RS (ms): Min: 22.6, Avg: 22.7, Max: 22.8, Diff: 0.2, Sum: 181.8]
         [Processed Buffers: Min: 19, Avg: 21.4, Max: 24, Diff: 5, Sum: 171]
      [Scan RS (ms): Min: 16.0, Avg: 16.2, Max: 16.3, Diff: 0.3, Sum: 129.5]
      [Code Root Scanning (ms): Min: 0.0, Avg: 0.0, Max: 0.0, Diff: 0.0, Sum: 0.0]
      [Object Copy (ms): Min: 128.8, Avg: 128.9, Max: 129.0, Diff: 0.2, Sum: 1031.1]
      [Termination (ms): Min: 0.0, Avg: 0.1, Max: 0.1, Diff: 0.1, Sum: 0.6]
         [Termination Attempts: Min: 1, Avg: 452.9, Max: 595, Diff: 594, Sum: 3623]
      [GC Worker Other (ms): Min: 0.0, Avg: 0.1, Max: 0.1, Diff: 0.1, Sum: 0.5]
      [GC Worker Total (ms): Min: 167.9, Avg: 168.0, Max: 168.1, Diff: 0.2, Sum: 1344.0]
      [GC Worker End (ms): Min: 55178.1, Avg: 55178.1, Max: 55178.2, Diff: 0.1]
   [Code Root Fixup: 0.0 ms]
   [Code Root Purge: 0.0 ms]
   [Clear CT: 0.2 ms]
   [Other: 1.0 ms]
      [Choose CSet: 0.0 ms]
      [Ref Proc: 0.2 ms]
      [Ref Enq: 0.0 ms]
      [Redirty Cards: 0.2 ms]
      [Humongous Register: 0.0 ms]
      [Humongous Reclaim: 0.0 ms]
      [Free CSet: 0.3 ms]
   [Eden: 334.0M(334.0M)->0.0B(308.0M) Survivors: 12.0M->44.0M Heap: 412.7M(2048.0M)->403.2M(2048.0M)]
 [Times: user=1.33 sys=0.05, real=0.17 secs] 
2020-09-29T11:30:01.956+0200: 55.388: [GC pause (G1 Evacuation Pause) (young), 0.1734136 secs]
   [Parallel Time: 172.1 ms, GC Workers: 8]
      [GC Worker Start (ms): Min: 55388.5, Avg: 55388.5, Max: 55388.6, Diff: 0.1]
      [Ext Root Scanning (ms): Min: 0.0, Avg: 0.1, Max: 0.1, Diff: 0.1, Sum: 0.7]
      [Update RS (ms): Min: 18.4, Avg: 18.5, Max: 18.5, Diff: 0.1, Sum: 147.9]
         [Processed Buffers: Min: 18, Avg: 19.9, Max: 23, Diff: 5, Sum: 159]
      [Scan RS (ms): Min: 19.8, Avg: 19.9, Max: 19.9, Diff: 0.2, Sum: 158.8]
      [Code Root Scanning (ms): Min: 0.0, Avg: 0.0, Max: 0.0, Diff: 0.0, Sum: 0.0]
      [Object Copy (ms): Min: 133.3, Avg: 133.4, Max: 133.5, Diff: 0.2, Sum: 1067.3]
      [Termination (ms): Min: 0.0, Avg: 0.0, Max: 0.1, Diff: 0.1, Sum: 0.3]
         [Termination Attempts: Min: 1, Avg: 276.3, Max: 380, Diff: 379, Sum: 2210]
      [GC Worker Other (ms): Min: 0.0, Avg: 0.1, Max: 0.1, Diff: 0.1, Sum: 0.5]
      [GC Worker Total (ms): Min: 171.9, Avg: 172.0, Max: 172.0, Diff: 0.1, Sum: 1375.6]
      [GC Worker End (ms): Min: 55560.4, Avg: 55560.5, Max: 55560.5, Diff: 0.1]
   [Code Root Fixup: 0.0 ms]
   [Code Root Purge: 0.0 ms]
   [Clear CT: 0.2 ms]
   [Other: 1.1 ms]
      [Choose CSet: 0.0 ms]
      [Ref Proc: 0.2 ms]
      [Ref Enq: 0.0 ms]
      [Redirty Cards: 0.2 ms]
      [Humongous Register: 0.1 ms]
      [Humongous Reclaim: 0.0 ms]
      [Free CSet: 0.3 ms]
   [Eden: 308.0M(308.0M)->0.0B(303.0M) Survivors: 44.0M->44.0M Heap: 762.7M(2048.0M)->764.7M(2048.0M)]
 [Times: user=1.34 sys=0.03, real=0.17 secs] 
2020-09-29T11:30:02.326+0200: 55.758: [GC pause (G1 Evacuation Pause) (young), 0.1720427 secs]
   [Parallel Time: 170.7 ms, GC Workers: 8]
      [GC Worker Start (ms): Min: 55758.1, Avg: 55758.2, Max: 55758.3, Diff: 0.1]
      [Ext Root Scanning (ms): Min: 0.0, Avg: 0.1, Max: 0.2, Diff: 0.1, Sum: 0.6]
      [Update RS (ms): Min: 19.4, Avg: 19.6, Max: 19.9, Diff: 0.5, Sum: 156.6]
         [Processed Buffers: Min: 16, Avg: 18.3, Max: 20, Diff: 4, Sum: 146]
      [Scan RS (ms): Min: 18.1, Avg: 18.5, Max: 18.6, Diff: 0.5, Sum: 147.7]
      [Code Root Scanning (ms): Min: 0.0, Avg: 0.0, Max: 0.0, Diff: 0.0, Sum: 0.0]
      [Object Copy (ms): Min: 132.1, Avg: 132.3, Max: 132.4, Diff: 0.3, Sum: 1058.4]
      [Termination (ms): Min: 0.0, Avg: 0.0, Max: 0.1, Diff: 0.1, Sum: 0.4]
         [Termination Attempts: Min: 1, Avg: 371.3, Max: 467, Diff: 466, Sum: 2970]
      [GC Worker Other (ms): Min: 0.0, Avg: 0.0, Max: 0.1, Diff: 0.1, Sum: 0.3]
      [GC Worker Total (ms): Min: 170.4, Avg: 170.5, Max: 170.6, Diff: 0.1, Sum: 1364.0]
      [GC Worker End (ms): Min: 55928.7, Avg: 55928.7, Max: 55928.7, Diff: 0.1]
   [Code Root Fixup: 0.0 ms]
   [Code Root Purge: 0.0 ms]
   [Clear CT: 0.2 ms]
   [Other: 1.1 ms]
      [Choose CSet: 0.0 ms]
      [Ref Proc: 0.3 ms]
      [Ref Enq: 0.0 ms]
      [Redirty Cards: 0.2 ms]
      [Humongous Register: 0.0 ms]
      [Humongous Reclaim: 0.0 ms]
      [Free CSet: 0.3 ms]
   [Eden: 303.0M(303.0M)->0.0B(302.0M) Survivors: 44.0M->44.0M Heap: 1117.3M(2048.0M)->1119.8M(2048.0M)]
 [Times: user=1.36 sys=0.02, real=0.17 secs] 
2020-09-29T11:30:02.511+0200: 55.943: [GC pause (G1 Humongous Allocation) (young) (initial-mark), 0.0591467 secs]
   [Parallel Time: 58.1 ms, GC Workers: 8]
      [GC Worker Start (ms): Min: 55943.5, Avg: 55943.5, Max: 55943.6, Diff: 0.2]
      [Ext Root Scanning (ms): Min: 0.0, Avg: 1.6, Max: 9.8, Diff: 9.8, Sum: 12.8]
      [Update RS (ms): Min: 24.7, Avg: 33.2, Max: 35.0, Diff: 10.3, Sum: 265.8]
         [Processed Buffers: Min: 30, Avg: 38.3, Max: 41, Diff: 11, Sum: 306]
      [Scan RS (ms): Min: 2.3, Avg: 2.6, Max: 3.0, Diff: 0.6, Sum: 20.7]
      [Code Root Scanning (ms): Min: 0.0, Avg: 0.0, Max: 0.0, Diff: 0.0, Sum: 0.0]
      [Object Copy (ms): Min: 20.5, Avg: 20.6, Max: 20.6, Diff: 0.1, Sum: 164.4]
      [Termination (ms): Min: 0.0, Avg: 0.0, Max: 0.0, Diff: 0.0, Sum: 0.0]
         [Termination Attempts: Min: 1, Avg: 38.4, Max: 57, Diff: 56, Sum: 307]
      [GC Worker Other (ms): Min: 0.0, Avg: 0.0, Max: 0.0, Diff: 0.0, Sum: 0.1]
      [GC Worker Total (ms): Min: 57.9, Avg: 58.0, Max: 58.0, Diff: 0.2, Sum: 463.9]
      [GC Worker End (ms): Min: 56001.5, Avg: 56001.5, Max: 56001.5, Diff: 0.0]
   [Code Root Fixup: 0.0 ms]
   [Code Root Purge: 0.0 ms]
   [Clear CT: 0.2 ms]
   [Other: 0.9 ms]
      [Choose CSet: 0.0 ms]
      [Ref Proc: 0.2 ms]
      [Ref Enq: 0.0 ms]
      [Redirty Cards: 0.2 ms]
      [Humongous Register: 0.1 ms]
      [Humongous Reclaim: 0.0 ms]
      [Free CSet: 0.1 ms]
   [Eden: 5120.0K(302.0M)->0.0B(343.0M) Survivors: 44.0M->8192.0K Heap: 1124.8M(2048.0M)->1129.3M(2048.0M)]
 [Times: user=0.48 sys=0.00, real=0.06 secs] 
2020-09-29T11:30:02.570+0200: 56.003: [GC concurrent-root-region-scan-start]
2020-09-29T11:30:02.572+0200: 56.004: [GC concurrent-root-region-scan-end, 0.0019159 secs]
2020-09-29T11:30:02.572+0200: 56.004: [GC concurrent-mark-start]
2020-09-29T11:30:02.575+0200: 56.008: [GC concurrent-mark-end, 0.0034167 secs]
2020-09-29T11:30:02.576+0200: 56.008: [GC remark 2020-09-29T11:30:02.576+0200: 56.008: [Finalize Marking, 0.0001681 secs] 2020-09-29T11:30:02.576+0200: 56.008: [GC ref-proc, 0.0003729 secs] 2020-09-29T11:30:02.576+0200: 56.009: [Unloading, 0.0004982 secs], 0.0014881 secs]
 [Times: user=0.00 sys=0.00, real=0.00 secs] 
2020-09-29T11:30:02.578+0200: 56.010: [GC cleanup 1140M->28M(2048M), 0.0014813 secs]
 [Times: user=0.00 sys=0.00, real=0.00 secs] 
2020-09-29T11:30:02.579+0200: 56.012: [GC concurrent-cleanup-start]
2020-09-29T11:30:02.582+0200: 56.014: [GC concurrent-cleanup-end, 0.0025355 secs]
2020-09-29T11:30:02.777+0200: 56.209: [GC pause (G1 Evacuation Pause) (young), 0.1654106 secs]
   [Parallel Time: 164.0 ms, GC Workers: 8]
      [GC Worker Start (ms): Min: 56209.4, Avg: 56209.5, Max: 56209.6, Diff: 0.2]
      [Ext Root Scanning (ms): Min: 0.0, Avg: 0.1, Max: 0.2, Diff: 0.2, Sum: 0.5]
      [Update RS (ms): Min: 15.7, Avg: 16.0, Max: 16.4, Diff: 0.7, Sum: 128.0]
         [Processed Buffers: Min: 16, Avg: 16.8, Max: 18, Diff: 2, Sum: 134]
      [Scan RS (ms): Min: 17.7, Avg: 18.0, Max: 18.5, Diff: 0.8, Sum: 144.2]
      [Code Root Scanning (ms): Min: 0.0, Avg: 0.0, Max: 0.0, Diff: 0.0, Sum: 0.0]
      [Object Copy (ms): Min: 129.6, Avg: 129.7, Max: 129.7, Diff: 0.1, Sum: 1037.3]
      [Termination (ms): Min: 0.0, Avg: 0.0, Max: 0.0, Diff: 0.0, Sum: 0.0]
         [Termination Attempts: Min: 1, Avg: 24.1, Max: 34, Diff: 33, Sum: 193]
      [GC Worker Other (ms): Min: 0.0, Avg: 0.1, Max: 0.1, Diff: 0.1, Sum: 0.5]
      [GC Worker Total (ms): Min: 163.7, Avg: 163.8, Max: 164.0, Diff: 0.2, Sum: 1310.6]
      [GC Worker End (ms): Min: 56373.3, Avg: 56373.3, Max: 56373.4, Diff: 0.0]
   [Code Root Fixup: 0.0 ms]
   [Code Root Purge: 0.0 ms]
   [Clear CT: 0.2 ms]
   [Other: 1.2 ms]
      [Choose CSet: 0.0 ms]
      [Ref Proc: 0.2 ms]
      [Ref Enq: 0.0 ms]
      [Redirty Cards: 0.3 ms]
      [Humongous Register: 0.0 ms]
      [Humongous Reclaim: 0.0 ms]
      [Free CSet: 0.4 ms]
   [Eden: 343.0M(343.0M)->0.0B(317.0M) Survivors: 8192.0K->44.0M Heap: 417.7M(2048.0M)->412.7M(2048.0M)]
 [Times: user=1.33 sys=0.00, real=0.16 secs] 
2020-09-29T11:30:03.126+0200: 56.558: [GC pause (G1 Evacuation Pause) (young), 0.1823529 secs]
   [Parallel Time: 181.2 ms, GC Workers: 8]
      [GC Worker Start (ms): Min: 56558.4, Avg: 56558.5, Max: 56558.6, Diff: 0.1]
      [Ext Root Scanning (ms): Min: 0.0, Avg: 0.1, Max: 0.2, Diff: 0.1, Sum: 0.6]
      [Update RS (ms): Min: 20.4, Avg: 20.7, Max: 21.1, Diff: 0.7, Sum: 165.3]
         [Processed Buffers: Min: 19, Avg: 20.1, Max: 22, Diff: 3, Sum: 161]
      [Scan RS (ms): Min: 21.0, Avg: 21.4, Max: 21.7, Diff: 0.7, Sum: 171.1]
      [Code Root Scanning (ms): Min: 0.0, Avg: 0.0, Max: 0.0, Diff: 0.0, Sum: 0.0]
      [Object Copy (ms): Min: 138.8, Avg: 138.8, Max: 138.9, Diff: 0.1, Sum: 1110.6]
      [Termination (ms): Min: 0.0, Avg: 0.0, Max: 0.0, Diff: 0.0, Sum: 0.0]
         [Termination Attempts: Min: 1, Avg: 14.9, Max: 25, Diff: 24, Sum: 119]
      [GC Worker Other (ms): Min: 0.0, Avg: 0.0, Max: 0.1, Diff: 0.1, Sum: 0.4]
      [GC Worker Total (ms): Min: 180.9, Avg: 181.0, Max: 181.1, Diff: 0.2, Sum: 1448.1]
      [GC Worker End (ms): Min: 56739.5, Avg: 56739.5, Max: 56739.5, Diff: 0.1]
   [Code Root Fixup: 0.0 ms]
   [Code Root Purge: 0.0 ms]
   [Clear CT: 0.2 ms]
   [Other: 1.0 ms]
      [Choose CSet: 0.0 ms]
      [Ref Proc: 0.1 ms]
      [Ref Enq: 0.0 ms]
      [Redirty Cards: 0.2 ms]
      [Humongous Register: 0.0 ms]
      [Humongous Reclaim: 0.0 ms]
      [Free CSet: 0.3 ms]
   [Eden: 317.0M(317.0M)->0.0B(303.0M) Survivors: 44.0M->46.0M Heap: 783.1M(2048.0M)->785.1M(2048.0M)]
 [Times: user=1.45 sys=0.03, real=0.18 secs] 
2020-09-29T11:30:03.476+0200: 56.908: [GC pause (G1 Evacuation Pause) (young), 0.1652323 secs]
   [Parallel Time: 164.0 ms, GC Workers: 8]
      [GC Worker Start (ms): Min: 56908.1, Avg: 56908.2, Max: 56908.2, Diff: 0.1]
      [Ext Root Scanning (ms): Min: 0.0, Avg: 0.1, Max: 0.1, Diff: 0.1, Sum: 0.5]
      [Update RS (ms): Min: 14.8, Avg: 15.0, Max: 15.2, Diff: 0.4, Sum: 119.8]
         [Processed Buffers: Min: 16, Avg: 18.1, Max: 21, Diff: 5, Sum: 145]
      [Scan RS (ms): Min: 17.8, Avg: 18.0, Max: 18.2, Diff: 0.4, Sum: 144.2]
      [Code Root Scanning (ms): Min: 0.0, Avg: 0.0, Max: 0.0, Diff: 0.0, Sum: 0.0]
      [Object Copy (ms): Min: 130.4, Avg: 130.7, Max: 130.8, Diff: 0.4, Sum: 1045.4]
      [Termination (ms): Min: 0.0, Avg: 0.0, Max: 0.0, Diff: 0.0, Sum: 0.0]
         [Termination Attempts: Min: 1, Avg: 17.5, Max: 26, Diff: 25, Sum: 140]
      [GC Worker Other (ms): Min: 0.0, Avg: 0.0, Max: 0.1, Diff: 0.1, Sum: 0.4]
      [GC Worker Total (ms): Min: 163.7, Avg: 163.8, Max: 163.9, Diff: 0.2, Sum: 1310.4]
      [GC Worker End (ms): Min: 57071.9, Avg: 57072.0, Max: 57072.0, Diff: 0.1]
   [Code Root Fixup: 0.0 ms]
   [Code Root Purge: 0.0 ms]
   [Clear CT: 0.2 ms]
   [Other: 1.0 ms]
      [Choose CSet: 0.0 ms]
      [Ref Proc: 0.2 ms]
      [Ref Enq: 0.0 ms]
      [Redirty Cards: 0.2 ms]
      [Humongous Register: 0.0 ms]
      [Humongous Reclaim: 0.0 ms]
      [Free CSet: 0.3 ms]
   [Eden: 303.0M(303.0M)->0.0B(310.0M) Survivors: 46.0M->44.0M Heap: 1139.6M(2048.0M)->1141.1M(2048.0M)]
 [Times: user=1.22 sys=0.03, real=0.16 secs] 
2020-09-29T11:30:03.661+0200: 57.093: [GC pause (G1 Humongous Allocation) (young) (initial-mark), 0.0592807 secs]
   [Parallel Time: 58.3 ms, GC Workers: 8]
      [GC Worker Start (ms): Min: 57093.2, Avg: 57093.4, Max: 57093.5, Diff: 0.2]
      [Ext Root Scanning (ms): Min: 0.0, Avg: 1.5, Max: 5.5, Diff: 5.5, Sum: 12.3]
      [Update RS (ms): Min: 24.7, Avg: 29.0, Max: 30.8, Diff: 6.1, Sum: 232.1]
         [Processed Buffers: Min: 29, Avg: 32.9, Max: 36, Diff: 7, Sum: 263]
      [Scan RS (ms): Min: 2.5, Avg: 2.9, Max: 3.2, Diff: 0.6, Sum: 23.5]
      [Code Root Scanning (ms): Min: 0.0, Avg: 0.0, Max: 0.0, Diff: 0.0, Sum: 0.0]
      [Object Copy (ms): Min: 24.4, Avg: 24.5, Max: 24.6, Diff: 0.2, Sum: 196.2]
      [Termination (ms): Min: 0.0, Avg: 0.0, Max: 0.0, Diff: 0.0, Sum: 0.2]
         [Termination Attempts: Min: 1, Avg: 153.4, Max: 195, Diff: 194, Sum: 1227]
      [GC Worker Other (ms): Min: 0.0, Avg: 0.0, Max: 0.0, Diff: 0.0, Sum: 0.2]
      [GC Worker Total (ms): Min: 58.0, Avg: 58.1, Max: 58.2, Diff: 0.2, Sum: 464.5]
      [GC Worker End (ms): Min: 57151.4, Avg: 57151.4, Max: 57151.4, Diff: 0.0]
   [Code Root Fixup: 0.0 ms]
   [Code Root Purge: 0.0 ms]
   [Clear CT: 0.1 ms]
   [Other: 0.8 ms]
      [Choose CSet: 0.0 ms]
      [Ref Proc: 0.2 ms]
      [Ref Enq: 0.0 ms]
      [Redirty Cards: 0.2 ms]
      [Humongous Register: 0.1 ms]
      [Humongous Reclaim: 0.0 ms]
      [Free CSet: 0.1 ms]
   [Eden: 10.0M(310.0M)->0.0B(333.0M) Survivors: 44.0M->12.0M Heap: 1151.1M(2048.0M)->1154.6M(2048.0M)]
 [Times: user=0.38 sys=0.00, real=0.06 secs] 
2020-09-29T11:30:03.720+0200: 57.152: [GC concurrent-root-region-scan-start]
2020-09-29T11:30:03.723+0200: 57.155: [GC concurrent-root-region-scan-end, 0.0021899 secs]
2020-09-29T11:30:03.723+0200: 57.155: [GC concurrent-mark-start]
2020-09-29T11:30:03.725+0200: 57.157: [GC concurrent-mark-end, 0.0027720 secs]
2020-09-29T11:30:03.726+0200: 57.157: [GC remark 2020-09-29T11:30:03.726+0200: 57.157: [Finalize Marking, 0.0001968 secs] 2020-09-29T11:30:03.726+0200: 57.158: [GC ref-proc, 0.0002814 secs] 2020-09-29T11:30:03.726+0200: 57.158: [Unloading, 0.0005338 secs], 0.0013651 secs]
 [Times: user=0.00 sys=0.00, real=0.00 secs] 
2020-09-29T11:30:03.727+0200: 57.159: [GC cleanup 1166M->33M(2048M), 0.0012961 secs]
 [Times: user=0.00 sys=0.00, real=0.00 secs] 
2020-09-29T11:30:03.729+0200: 57.161: [GC concurrent-cleanup-start]
2020-09-29T11:30:03.730+0200: 57.162: [GC concurrent-cleanup-end, 0.0015423 secs]
2020-09-29T11:30:03.890+0200: 57.322: [GC pause (G1 Evacuation Pause) (young), 0.1783961 secs]
   [Parallel Time: 177.0 ms, GC Workers: 8]
      [GC Worker Start (ms): Min: 57322.6, Avg: 57322.7, Max: 57322.9, Diff: 0.3]
      [Ext Root Scanning (ms): Min: 0.0, Avg: 0.1, Max: 0.2, Diff: 0.2, Sum: 0.4]
      [Update RS (ms): Min: 19.0, Avg: 19.2, Max: 19.5, Diff: 0.5, Sum: 153.9]
         [Processed Buffers: Min: 16, Avg: 20.4, Max: 23, Diff: 7, Sum: 163]
      [Scan RS (ms): Min: 17.5, Avg: 20.2, Max: 38.2, Diff: 20.7, Sum: 162.0]
      [Code Root Scanning (ms): Min: 0.0, Avg: 0.0, Max: 0.0, Diff: 0.0, Sum: 0.0]
      [Object Copy (ms): Min: 119.2, Avg: 137.0, Max: 139.6, Diff: 20.4, Sum: 1095.8]
      [Termination (ms): Min: 0.0, Avg: 0.1, Max: 0.1, Diff: 0.1, Sum: 0.8]
         [Termination Attempts: Min: 1, Avg: 656.3, Max: 782, Diff: 781, Sum: 5250]
      [GC Worker Other (ms): Min: 0.0, Avg: 0.0, Max: 0.1, Diff: 0.1, Sum: 0.4]
      [GC Worker Total (ms): Min: 176.5, Avg: 176.7, Max: 176.8, Diff: 0.3, Sum: 1413.3]
      [GC Worker End (ms): Min: 57499.3, Avg: 57499.4, Max: 57499.4, Diff: 0.1]
   [Code Root Fixup: 0.0 ms]
   [Code Root Purge: 0.0 ms]
   [Clear CT: 0.2 ms]
   [Other: 1.2 ms]
      [Choose CSet: 0.0 ms]
      [Ref Proc: 0.2 ms]
      [Ref Enq: 0.0 ms]
      [Redirty Cards: 0.3 ms]
      [Humongous Register: 0.0 ms]
      [Humongous Reclaim: 0.0 ms]
      [Free CSet: 0.3 ms]
   [Eden: 333.0M(333.0M)->0.0B(299.0M) Survivors: 12.0M->44.0M Heap: 412.2M(2048.0M)->402.7M(2048.0M)]
 [Times: user=1.28 sys=0.08, real=0.18 secs] 
2020-09-29T11:30:04.245+0200: 57.678: [GC pause (G1 Evacuation Pause) (young), 0.1699549 secs]
   [Parallel Time: 168.8 ms, GC Workers: 8]
      [GC Worker Start (ms): Min: 57677.7, Avg: 57677.8, Max: 57677.9, Diff: 0.2]
      [Ext Root Scanning (ms): Min: 0.0, Avg: 0.1, Max: 0.2, Diff: 0.2, Sum: 0.5]
      [Update RS (ms): Min: 15.9, Avg: 16.0, Max: 16.1, Diff: 0.2, Sum: 127.7]
         [Processed Buffers: Min: 17, Avg: 18.4, Max: 21, Diff: 4, Sum: 147]
      [Scan RS (ms): Min: 17.8, Avg: 17.9, Max: 18.0, Diff: 0.2, Sum: 143.2]
      [Code Root Scanning (ms): Min: 0.0, Avg: 0.0, Max: 0.0, Diff: 0.0, Sum: 0.0]
      [Object Copy (ms): Min: 134.5, Avg: 134.6, Max: 134.7, Diff: 0.2, Sum: 1077.0]
      [Termination (ms): Min: 0.0, Avg: 0.0, Max: 0.0, Diff: 0.0, Sum: 0.0]
         [Termination Attempts: Min: 1, Avg: 21.8, Max: 35, Diff: 34, Sum: 174]
      [GC Worker Other (ms): Min: 0.0, Avg: 0.0, Max: 0.1, Diff: 0.1, Sum: 0.3]
      [GC Worker Total (ms): Min: 168.5, Avg: 168.6, Max: 168.7, Diff: 0.2, Sum: 1348.8]
      [GC Worker End (ms): Min: 57846.4, Avg: 57846.4, Max: 57846.5, Diff: 0.1]
   [Code Root Fixup: 0.0 ms]
   [Code Root Purge: 0.0 ms]
   [Clear CT: 0.2 ms]
   [Other: 1.0 ms]
      [Choose CSet: 0.0 ms]
      [Ref Proc: 0.1 ms]
      [Ref Enq: 0.0 ms]
      [Redirty Cards: 0.3 ms]
      [Humongous Register: 0.0 ms]
      [Humongous Reclaim: 0.0 ms]
      [Free CSet: 0.3 ms]
   [Eden: 299.0M(299.0M)->0.0B(301.0M) Survivors: 44.0M->43.0M Heap: 751.3M(2048.0M)->753.8M(2048.0M)]
 [Times: user=1.38 sys=0.00, real=0.17 secs] 
2020-09-29T11:30:04.588+0200: 58.021: [GC pause (G1 Evacuation Pause) (young), 0.1735558 secs]
   [Parallel Time: 172.4 ms, GC Workers: 8]
      [GC Worker Start (ms): Min: 58020.8, Avg: 58020.9, Max: 58021.0, Diff: 0.2]
      [Ext Root Scanning (ms): Min: 0.0, Avg: 0.1, Max: 0.1, Diff: 0.1, Sum: 0.5]
      [Update RS (ms): Min: 17.4, Avg: 17.5, Max: 17.8, Diff: 0.4, Sum: 140.1]
         [Processed Buffers: Min: 18, Avg: 19.5, Max: 21, Diff: 3, Sum: 156]
      [Scan RS (ms): Min: 16.6, Avg: 17.0, Max: 17.1, Diff: 0.4, Sum: 135.7]
      [Code Root Scanning (ms): Min: 0.0, Avg: 0.0, Max: 0.0, Diff: 0.0, Sum: 0.0]
      [Object Copy (ms): Min: 137.4, Avg: 137.5, Max: 137.6, Diff: 0.1, Sum: 1100.2]
      [Termination (ms): Min: 0.0, Avg: 0.0, Max: 0.0, Diff: 0.0, Sum: 0.2]
         [Termination Attempts: Min: 1, Avg: 107.3, Max: 144, Diff: 143, Sum: 858]
      [GC Worker Other (ms): Min: 0.0, Avg: 0.1, Max: 0.1, Diff: 0.1, Sum: 0.5]
      [GC Worker Total (ms): Min: 172.0, Avg: 172.1, Max: 172.2, Diff: 0.2, Sum: 1377.1]
      [GC Worker End (ms): Min: 58193.0, Avg: 58193.0, Max: 58193.0, Diff: 0.1]
   [Code Root Fixup: 0.0 ms]
   [Code Root Purge: 0.0 ms]
   [Clear CT: 0.2 ms]
   [Other: 1.0 ms]
      [Choose CSet: 0.0 ms]
      [Ref Proc: 0.2 ms]
      [Ref Enq: 0.0 ms]
      [Redirty Cards: 0.2 ms]
      [Humongous Register: 0.0 ms]
      [Humongous Reclaim: 0.0 ms]
      [Free CSet: 0.3 ms]
   [Eden: 301.0M(301.0M)->0.0B(303.0M) Survivors: 43.0M->43.0M Heap: 1104.4M(2048.0M)->1106.9M(2048.0M)]
 [Times: user=1.38 sys=0.00, real=0.17 secs] 
2020-09-29T11:30:04.772+0200: 58.204: [GC pause (G1 Humongous Allocation) (young) (initial-mark), 0.0634385 secs]
   [Parallel Time: 62.6 ms, GC Workers: 8]
      [GC Worker Start (ms): Min: 58204.2, Avg: 58204.3, Max: 58204.4, Diff: 0.1]
      [Ext Root Scanning (ms): Min: 0.0, Avg: 0.1, Max: 0.2, Diff: 0.1, Sum: 0.6]
      [Update RS (ms): Min: 38.6, Avg: 38.9, Max: 39.2, Diff: 0.6, Sum: 311.1]
         [Processed Buffers: Min: 42, Avg: 44.6, Max: 46, Diff: 4, Sum: 357]
      [Scan RS (ms): Min: 2.7, Avg: 3.0, Max: 3.3, Diff: 0.6, Sum: 24.0]
      [Code Root Scanning (ms): Min: 0.0, Avg: 0.0, Max: 0.0, Diff: 0.0, Sum: 0.0]
      [Object Copy (ms): Min: 20.3, Avg: 20.4, Max: 20.5, Diff: 0.1, Sum: 163.5]
      [Termination (ms): Min: 0.0, Avg: 0.1, Max: 0.1, Diff: 0.1, Sum: 0.4]
         [Termination Attempts: Min: 1, Avg: 317.1, Max: 398, Diff: 397, Sum: 2537]
      [GC Worker Other (ms): Min: 0.0, Avg: 0.0, Max: 0.0, Diff: 0.0, Sum: 0.1]
      [GC Worker Total (ms): Min: 62.4, Avg: 62.5, Max: 62.5, Diff: 0.1, Sum: 499.8]
      [GC Worker End (ms): Min: 58266.8, Avg: 58266.8, Max: 58266.8, Diff: 0.0]
   [Code Root Fixup: 0.0 ms]
   [Code Root Purge: 0.0 ms]
   [Clear CT: 0.2 ms]
   [Other: 0.7 ms]
      [Choose CSet: 0.0 ms]
      [Ref Proc: 0.2 ms]
      [Ref Enq: 0.0 ms]
      [Redirty Cards: 0.2 ms]
      [Humongous Register: 0.0 ms]
      [Humongous Reclaim: 0.0 ms]
      [Free CSet: 0.1 ms]
   [Eden: 6144.0K(303.0M)->0.0B(336.0M) Survivors: 43.0M->8192.0K Heap: 1112.4M(2048.0M)->1117.4M(2048.0M)]
 [Times: user=0.48 sys=0.00, real=0.06 secs] 
2020-09-29T11:30:04.835+0200: 58.268: [GC concurrent-root-region-scan-start]
2020-09-29T11:30:04.837+0200: 58.269: [GC concurrent-root-region-scan-end, 0.0013118 secs]
2020-09-29T11:30:04.837+0200: 58.269: [GC concurrent-mark-start]
2020-09-29T11:30:04.839+0200: 58.272: [GC concurrent-mark-end, 0.0029297 secs]
2020-09-29T11:30:04.840+0200: 58.272: [GC remark 2020-09-29T11:30:04.840+0200: 58.272: [Finalize Marking, 0.0001629 secs] 2020-09-29T11:30:04.840+0200: 58.272: [GC ref-proc, 0.0003043 secs] 2020-09-29T11:30:04.840+0200: 58.273: [Unloading, 0.0004080 secs], 0.0011590 secs]
 [Times: user=0.00 sys=0.00, real=0.00 secs] 
2020-09-29T11:30:04.841+0200: 58.274: [GC cleanup 1128M->28M(2048M), 0.0010855 secs]
 [Times: user=0.00 sys=0.00, real=0.00 secs] 
2020-09-29T11:30:04.842+0200: 58.275: [GC concurrent-cleanup-start]
2020-09-29T11:30:04.844+0200: 58.276: [GC concurrent-cleanup-end, 0.0013230 secs]
2020-09-29T11:30:05.016+0200: 58.448: [GC pause (G1 Evacuation Pause) (young), 0.1713861 secs]
   [Parallel Time: 168.1 ms, GC Workers: 8]
      [GC Worker Start (ms): Min: 58448.1, Avg: 58448.3, Max: 58448.3, Diff: 0.2]
      [Ext Root Scanning (ms): Min: 0.0, Avg: 0.1, Max: 0.2, Diff: 0.2, Sum: 0.4]
      [Update RS (ms): Min: 21.9, Avg: 22.1, Max: 22.6, Diff: 0.6, Sum: 177.1]
         [Processed Buffers: Min: 22, Avg: 22.9, Max: 25, Diff: 3, Sum: 183]
      [Scan RS (ms): Min: 19.0, Avg: 19.6, Max: 19.9, Diff: 0.9, Sum: 157.1]
      [Code Root Scanning (ms): Min: 0.0, Avg: 0.0, Max: 0.0, Diff: 0.0, Sum: 0.0]
      [Object Copy (ms): Min: 125.9, Avg: 126.0, Max: 126.1, Diff: 0.3, Sum: 1007.9]
      [Termination (ms): Min: 0.0, Avg: 0.1, Max: 0.1, Diff: 0.1, Sum: 0.6]
         [Termination Attempts: Min: 1, Avg: 574.5, Max: 726, Diff: 725, Sum: 4596]
      [GC Worker Other (ms): Min: 0.0, Avg: 0.0, Max: 0.1, Diff: 0.1, Sum: 0.3]
      [GC Worker Total (ms): Min: 167.9, Avg: 167.9, Max: 168.1, Diff: 0.2, Sum: 1343.5]
      [GC Worker End (ms): Min: 58616.2, Avg: 58616.2, Max: 58616.2, Diff: 0.1]
   [Code Root Fixup: 0.0 ms]
   [Code Root Purge: 0.0 ms]
   [Clear CT: 0.2 ms]
   [Other: 3.1 ms]
      [Choose CSet: 0.0 ms]
      [Ref Proc: 0.3 ms]
      [Ref Enq: 0.0 ms]
      [Redirty Cards: 2.4 ms]
      [Humongous Register: 0.0 ms]
      [Humongous Reclaim: 0.0 ms]
      [Free CSet: 0.2 ms]
   [Eden: 336.0M(336.0M)->0.0B(304.0M) Survivors: 8192.0K->43.0M Heap: 411.2M(2048.0M)->405.2M(2048.0M)]
 [Times: user=1.38 sys=0.00, real=0.17 secs] 
2020-09-29T11:30:05.346+0200: 58.779: [GC pause (G1 Evacuation Pause) (young), 0.1772911 secs]
   [Parallel Time: 175.9 ms, GC Workers: 8]
      [GC Worker Start (ms): Min: 58779.0, Avg: 58780.3, Max: 58784.1, Diff: 5.1]
      [Ext Root Scanning (ms): Min: 0.0, Avg: 0.1, Max: 0.1, Diff: 0.1, Sum: 0.6]
      [Update RS (ms): Min: 11.8, Avg: 15.7, Max: 17.0, Diff: 5.3, Sum: 125.3]
         [Processed Buffers: Min: 12, Avg: 16.0, Max: 18, Diff: 6, Sum: 128]
      [Scan RS (ms): Min: 18.4, Avg: 18.8, Max: 19.7, Diff: 1.3, Sum: 150.3]
      [Code Root Scanning (ms): Min: 0.0, Avg: 0.0, Max: 0.0, Diff: 0.0, Sum: 0.0]
      [Object Copy (ms): Min: 138.8, Avg: 139.8, Max: 140.1, Diff: 1.3, Sum: 1118.0]
      [Termination (ms): Min: 0.0, Avg: 0.2, Max: 0.2, Diff: 0.2, Sum: 1.4]
         [Termination Attempts: Min: 1, Avg: 1310.4, Max: 1697, Diff: 1696, Sum: 10483]
      [GC Worker Other (ms): Min: 0.0, Avg: 0.1, Max: 0.1, Diff: 0.1, Sum: 0.4]
      [GC Worker Total (ms): Min: 170.7, Avg: 174.5, Max: 175.8, Diff: 5.1, Sum: 1396.1]
      [GC Worker End (ms): Min: 58954.8, Avg: 58954.8, Max: 58954.9, Diff: 0.1]
   [Code Root Fixup: 0.0 ms]
   [Code Root Purge: 0.0 ms]
   [Clear CT: 0.3 ms]
   [Other: 1.1 ms]
      [Choose CSet: 0.0 ms]
      [Ref Proc: 0.2 ms]
      [Ref Enq: 0.0 ms]
      [Redirty Cards: 0.2 ms]
      [Humongous Register: 0.1 ms]
      [Humongous Reclaim: 0.0 ms]
      [Free CSet: 0.3 ms]
   [Eden: 304.0M(304.0M)->0.0B(295.0M) Survivors: 43.0M->44.0M Heap: 758.8M(2048.0M)->760.8M(2048.0M)]
 [Times: user=1.38 sys=0.08, real=0.18 secs] 
2020-09-29T11:30:05.688+0200: 59.121: [GC pause (G1 Evacuation Pause) (young), 0.1835759 secs]
   [Parallel Time: 182.5 ms, GC Workers: 8]
      [GC Worker Start (ms): Min: 59121.0, Avg: 59121.1, Max: 59121.2, Diff: 0.2]
      [Ext Root Scanning (ms): Min: 0.0, Avg: 0.1, Max: 0.2, Diff: 0.2, Sum: 0.5]
      [Update RS (ms): Min: 20.1, Avg: 20.3, Max: 20.5, Diff: 0.4, Sum: 162.3]
         [Processed Buffers: Min: 20, Avg: 21.5, Max: 24, Diff: 4, Sum: 172]
      [Scan RS (ms): Min: 16.9, Avg: 17.4, Max: 19.3, Diff: 2.5, Sum: 139.1]
      [Code Root Scanning (ms): Min: 0.0, Avg: 0.0, Max: 0.0, Diff: 0.0, Sum: 0.0]
      [Object Copy (ms): Min: 142.6, Avg: 144.3, Max: 144.8, Diff: 2.2, Sum: 1154.6]
      [Termination (ms): Min: 0.0, Avg: 0.2, Max: 0.3, Diff: 0.3, Sum: 1.6]
         [Termination Attempts: Min: 1, Avg: 1362.5, Max: 1700, Diff: 1699, Sum: 10900]
      [GC Worker Other (ms): Min: 0.0, Avg: 0.1, Max: 0.1, Diff: 0.1, Sum: 0.4]
      [GC Worker Total (ms): Min: 182.2, Avg: 182.3, Max: 182.4, Diff: 0.2, Sum: 1458.6]
      [GC Worker End (ms): Min: 59303.4, Avg: 59303.5, Max: 59303.5, Diff: 0.1]
   [Code Root Fixup: 0.0 ms]
   [Code Root Purge: 0.0 ms]
   [Clear CT: 0.2 ms]
   [Other: 0.9 ms]
      [Choose CSet: 0.0 ms]
      [Ref Proc: 0.2 ms]
      [Ref Enq: 0.0 ms]
      [Redirty Cards: 0.3 ms]
      [Humongous Register: 0.1 ms]
      [Humongous Reclaim: 0.0 ms]
      [Free CSet: 0.2 ms]
   [Eden: 295.0M(295.0M)->0.0B(287.0M) Survivors: 44.0M->43.0M Heap: 1105.4M(2048.0M)->1107.4M(2048.0M)]
 [Times: user=1.45 sys=0.03, real=0.18 secs] 
2020-09-29T11:30:05.885+0200: 59.317: [GC pause (G1 Humongous Allocation) (young) (initial-mark), 0.0647124 secs]
   [Parallel Time: 64.0 ms, GC Workers: 8]
      [GC Worker Start (ms): Min: 59317.2, Avg: 59317.2, Max: 59317.3, Diff: 0.1]
      [Ext Root Scanning (ms): Min: 0.0, Avg: 1.5, Max: 10.7, Diff: 10.7, Sum: 11.6]
      [Update RS (ms): Min: 23.9, Avg: 33.8, Max: 39.6, Diff: 15.6, Sum: 270.5]
         [Processed Buffers: Min: 15, Avg: 36.0, Max: 48, Diff: 33, Sum: 288]
      [Scan RS (ms): Min: 0.0, Avg: 2.8, Max: 3.5, Diff: 3.4, Sum: 22.6]
      [Code Root Scanning (ms): Min: 0.0, Avg: 0.0, Max: 0.0, Diff: 0.0, Sum: 0.0]
      [Object Copy (ms): Min: 24.0, Avg: 25.6, Max: 25.9, Diff: 1.9, Sum: 204.7]
      [Termination (ms): Min: 0.0, Avg: 0.1, Max: 0.2, Diff: 0.1, Sum: 1.1]
         [Termination Attempts: Min: 1, Avg: 702.5, Max: 846, Diff: 845, Sum: 5620]
      [GC Worker Other (ms): Min: 0.0, Avg: 0.0, Max: 0.0, Diff: 0.0, Sum: 0.1]
      [GC Worker Total (ms): Min: 63.7, Avg: 63.8, Max: 63.9, Diff: 0.2, Sum: 510.7]
      [GC Worker End (ms): Min: 59381.1, Avg: 59381.1, Max: 59381.1, Diff: 0.0]
   [Code Root Fixup: 0.0 ms]
   [Code Root Purge: 0.0 ms]
   [Clear CT: 0.2 ms]
   [Other: 0.5 ms]
      [Choose CSet: 0.0 ms]
      [Ref Proc: 0.1 ms]
      [Ref Enq: 0.0 ms]
      [Redirty Cards: 0.1 ms]
      [Humongous Register: 0.0 ms]
      [Humongous Reclaim: 0.0 ms]
      [Free CSet: 0.1 ms]
   [Eden: 4096.0K(287.0M)->0.0B(300.0M) Survivors: 43.0M->6144.0K Heap: 1110.9M(2048.0M)->1115.9M(2048.0M)]
 [Times: user=0.45 sys=0.00, real=0.06 secs] 
2020-09-29T11:30:05.949+0200: 59.382: [GC concurrent-root-region-scan-start]
2020-09-29T11:30:05.951+0200: 59.383: [GC concurrent-root-region-scan-end, 0.0011706 secs]
2020-09-29T11:30:05.951+0200: 59.383: [GC concurrent-mark-start]
2020-09-29T11:30:05.954+0200: 59.387: [GC concurrent-mark-end, 0.0034112 secs]
2020-09-29T11:30:05.954+0200: 59.387: [GC remark 2020-09-29T11:30:05.954+0200: 59.387: [Finalize Marking, 0.0001306 secs] 2020-09-29T11:30:05.954+0200: 59.387: [GC ref-proc, 0.0003119 secs] 2020-09-29T11:30:05.955+0200: 59.387: [Unloading, 0.0004796 secs], 0.0012592 secs]
 [Times: user=0.00 sys=0.00, real=0.00 secs] 
2020-09-29T11:30:05.956+0200: 59.388: [GC cleanup 1126M->26M(2048M), 0.0017244 secs]
 [Times: user=0.11 sys=0.00, real=0.00 secs] 
2020-09-29T11:30:05.958+0200: 59.390: [GC concurrent-cleanup-start]
2020-09-29T11:30:05.967+0200: 59.400: [GC concurrent-cleanup-end, 0.0097778 secs]
2020-09-29T11:30:06.115+0200: 59.548: [GC pause (G1 Evacuation Pause) (young), 0.1517295 secs]
   [Parallel Time: 150.8 ms, GC Workers: 8]
      [GC Worker Start (ms): Min: 59547.9, Avg: 59548.0, Max: 59548.0, Diff: 0.1]
      [Ext Root Scanning (ms): Min: 0.0, Avg: 0.1, Max: 0.1, Diff: 0.1, Sum: 0.6]
      [Update RS (ms): Min: 15.9, Avg: 16.1, Max: 16.5, Diff: 0.6, Sum: 128.6]
         [Processed Buffers: Min: 14, Avg: 16.5, Max: 19, Diff: 5, Sum: 132]
      [Scan RS (ms): Min: 15.9, Avg: 16.3, Max: 16.4, Diff: 0.5, Sum: 130.1]
      [Code Root Scanning (ms): Min: 0.0, Avg: 0.0, Max: 0.0, Diff: 0.0, Sum: 0.0]
      [Object Copy (ms): Min: 118.0, Avg: 118.1, Max: 118.2, Diff: 0.2, Sum: 945.2]
      [Termination (ms): Min: 0.0, Avg: 0.0, Max: 0.0, Diff: 0.0, Sum: 0.1]
         [Termination Attempts: Min: 1, Avg: 102.5, Max: 130, Diff: 129, Sum: 820]
      [GC Worker Other (ms): Min: 0.0, Avg: 0.0, Max: 0.1, Diff: 0.0, Sum: 0.3]
      [GC Worker Total (ms): Min: 150.5, Avg: 150.6, Max: 150.7, Diff: 0.1, Sum: 1204.9]
      [GC Worker End (ms): Min: 59698.5, Avg: 59698.6, Max: 59698.6, Diff: 0.0]
   [Code Root Fixup: 0.0 ms]
   [Code Root Purge: 0.0 ms]
   [Clear CT: 0.2 ms]
   [Other: 0.8 ms]
      [Choose CSet: 0.0 ms]
      [Ref Proc: 0.2 ms]
      [Ref Enq: 0.0 ms]
      [Redirty Cards: 0.2 ms]
      [Humongous Register: 0.0 ms]
      [Humongous Reclaim: 0.0 ms]
      [Free CSet: 0.2 ms]
   [Eden: 300.0M(300.0M)->0.0B(286.0M) Survivors: 6144.0K->39.0M Heap: 367.5M(2048.0M)->363.5M(2048.0M)]
 [Times: user=1.09 sys=0.01, real=0.15 secs] 
2020-09-29T11:30:06.410+0200: 59.842: [GC pause (G1 Evacuation Pause) (young), 0.1669337 secs]
   [Parallel Time: 165.3 ms, GC Workers: 8]
      [GC Worker Start (ms): Min: 59842.5, Avg: 59842.6, Max: 59842.7, Diff: 0.1]
      [Ext Root Scanning (ms): Min: 0.0, Avg: 0.1, Max: 0.1, Diff: 0.1, Sum: 0.5]
      [Update RS (ms): Min: 15.9, Avg: 16.1, Max: 16.5, Diff: 0.5, Sum: 128.5]
         [Processed Buffers: Min: 14, Avg: 16.9, Max: 19, Diff: 5, Sum: 135]
      [Scan RS (ms): Min: 16.8, Avg: 17.2, Max: 17.4, Diff: 0.6, Sum: 137.8]
      [Code Root Scanning (ms): Min: 0.0, Avg: 0.0, Max: 0.0, Diff: 0.0, Sum: 0.0]
      [Object Copy (ms): Min: 131.2, Avg: 131.4, Max: 131.6, Diff: 0.3, Sum: 1051.0]
      [Termination (ms): Min: 0.0, Avg: 0.2, Max: 0.3, Diff: 0.3, Sum: 1.4]
         [Termination Attempts: Min: 1, Avg: 1149.9, Max: 1560, Diff: 1559, Sum: 9199]
      [GC Worker Other (ms): Min: 0.0, Avg: 0.1, Max: 0.3, Diff: 0.3, Sum: 0.7]
      [GC Worker Total (ms): Min: 164.9, Avg: 165.0, Max: 165.2, Diff: 0.3, Sum: 1319.9]
      [GC Worker End (ms): Min: 60007.5, Avg: 60007.6, Max: 60007.8, Diff: 0.3]
   [Code Root Fixup: 0.0 ms]
   [Code Root Purge: 0.0 ms]
   [Clear CT: 0.2 ms]
   [Other: 1.4 ms]
      [Choose CSet: 0.0 ms]
      [Ref Proc: 0.3 ms]
      [Ref Enq: 0.0 ms]
      [Redirty Cards: 0.4 ms]
      [Humongous Register: 0.0 ms]
      [Humongous Reclaim: 0.0 ms]
      [Free CSet: 0.4 ms]
   [Eden: 286.0M(286.0M)->0.0B(287.0M) Survivors: 39.0M->41.0M Heap: 697.2M(2048.0M)->699.2M(2048.0M)]
 [Times: user=1.31 sys=0.03, real=0.17 secs] 
2020-09-29T11:30:06.738+0200: 60.171: [GC pause (G1 Evacuation Pause) (young), 0.1588889 secs]
   [Parallel Time: 157.7 ms, GC Workers: 8]
      [GC Worker Start (ms): Min: 60170.6, Avg: 60170.7, Max: 60170.8, Diff: 0.2]
      [Ext Root Scanning (ms): Min: 0.0, Avg: 0.1, Max: 0.2, Diff: 0.2, Sum: 0.5]
      [Update RS (ms): Min: 19.4, Avg: 19.5, Max: 19.8, Diff: 0.4, Sum: 156.1]
         [Processed Buffers: Min: 18, Avg: 21.3, Max: 25, Diff: 7, Sum: 170]
      [Scan RS (ms): Min: 15.2, Avg: 15.5, Max: 15.6, Diff: 0.4, Sum: 123.7]
      [Code Root Scanning (ms): Min: 0.0, Avg: 0.0, Max: 0.0, Diff: 0.0, Sum: 0.0]
      [Object Copy (ms): Min: 122.3, Avg: 122.4, Max: 122.4, Diff: 0.1, Sum: 979.0]
      [Termination (ms): Min: 0.0, Avg: 0.0, Max: 0.0, Diff: 0.0, Sum: 0.1]
         [Termination Attempts: Min: 1, Avg: 69.3, Max: 102, Diff: 101, Sum: 554]
      [GC Worker Other (ms): Min: 0.0, Avg: 0.0, Max: 0.1, Diff: 0.1, Sum: 0.3]
      [GC Worker Total (ms): Min: 157.4, Avg: 157.5, Max: 157.6, Diff: 0.2, Sum: 1259.6]
      [GC Worker End (ms): Min: 60328.2, Avg: 60328.2, Max: 60328.2, Diff: 0.1]
   [Code Root Fixup: 0.0 ms]
   [Code Root Purge: 0.0 ms]
   [Clear CT: 0.2 ms]
   [Other: 1.0 ms]
      [Choose CSet: 0.0 ms]
      [Ref Proc: 0.2 ms]
      [Ref Enq: 0.0 ms]
      [Redirty Cards: 0.2 ms]
      [Humongous Register: 0.0 ms]
      [Humongous Reclaim: 0.0 ms]
      [Free CSet: 0.3 ms]
   [Eden: 287.0M(287.0M)->0.0B(298.0M) Survivors: 41.0M->41.0M Heap: 1033.9M(2048.0M)->1035.9M(2048.0M)]
 [Times: user=1.38 sys=0.00, real=0.16 secs] 
2020-09-29T11:30:06.910+0200: 60.343: [GC pause (G1 Humongous Allocation) (young) (initial-mark), 0.0586498 secs]
   [Parallel Time: 57.7 ms, GC Workers: 8]
      [GC Worker Start (ms): Min: 60342.8, Avg: 60342.9, Max: 60343.0, Diff: 0.2]
      [Ext Root Scanning (ms): Min: 0.0, Avg: 0.1, Max: 0.2, Diff: 0.2, Sum: 1.1]
      [Update RS (ms): Min: 31.5, Avg: 31.8, Max: 32.2, Diff: 0.7, Sum: 254.6]
         [Processed Buffers: Min: 30, Avg: 36.5, Max: 39, Diff: 9, Sum: 292]
      [Scan RS (ms): Min: 2.1, Avg: 2.8, Max: 5.3, Diff: 3.2, Sum: 22.7]
      [Code Root Scanning (ms): Min: 0.0, Avg: 0.0, Max: 0.0, Diff: 0.0, Sum: 0.0]
      [Object Copy (ms): Min: 20.2, Avg: 22.6, Max: 23.0, Diff: 2.8, Sum: 181.2]
      [Termination (ms): Min: 0.0, Avg: 0.1, Max: 0.1, Diff: 0.1, Sum: 0.5]
         [Termination Attempts: Min: 1, Avg: 499.9, Max: 634, Diff: 633, Sum: 3999]
      [GC Worker Other (ms): Min: 0.0, Avg: 0.0, Max: 0.0, Diff: 0.0, Sum: 0.2]
      [GC Worker Total (ms): Min: 57.4, Avg: 57.5, Max: 57.6, Diff: 0.2, Sum: 460.3]
      [GC Worker End (ms): Min: 60400.5, Avg: 60400.5, Max: 60400.5, Diff: 0.0]
   [Code Root Fixup: 0.0 ms]
   [Code Root Purge: 0.0 ms]
   [Clear CT: 0.2 ms]
   [Other: 0.7 ms]
      [Choose CSet: 0.0 ms]
      [Ref Proc: 0.2 ms]
      [Ref Enq: 0.0 ms]
      [Redirty Cards: 0.2 ms]
      [Humongous Register: 0.0 ms]
      [Humongous Reclaim: 0.0 ms]
      [Free CSet: 0.1 ms]
   [Eden: 9216.0K(298.0M)->0.0B(326.0M) Survivors: 41.0M->10.0M Heap: 1044.4M(2048.0M)->1047.9M(2048.0M)]
 [Times: user=0.41 sys=0.02, real=0.06 secs] 
2020-09-29T11:30:06.969+0200: 60.401: [GC concurrent-root-region-scan-start]
2020-09-29T11:30:06.971+0200: 60.403: [GC concurrent-root-region-scan-end, 0.0016599 secs]
2020-09-29T11:30:06.971+0200: 60.403: [GC concurrent-mark-start]
2020-09-29T11:30:06.973+0200: 60.405: [GC concurrent-mark-end, 0.0023457 secs]
2020-09-29T11:30:06.973+0200: 60.406: [GC remark 2020-09-29T11:30:06.973+0200: 60.406: [Finalize Marking, 0.0011681 secs] 2020-09-29T11:30:06.974+0200: 60.407: [GC ref-proc, 0.0016839 secs] 2020-09-29T11:30:06.976+0200: 60.408: [Unloading, 0.0006361 secs], 0.0037837 secs]
 [Times: user=0.00 sys=0.00, real=0.00 secs] 
2020-09-29T11:30:06.977+0200: 60.410: [GC cleanup 1056M->28M(2048M), 0.0011387 secs]
 [Times: user=0.00 sys=0.00, real=0.00 secs] 
2020-09-29T11:30:06.978+0200: 60.411: [GC concurrent-cleanup-start]
2020-09-29T11:30:06.979+0200: 60.412: [GC concurrent-cleanup-end, 0.0010917 secs]
2020-09-29T11:30:07.146+0200: 60.579: [GC pause (G1 Evacuation Pause) (young), 0.1558799 secs]
   [Parallel Time: 155.0 ms, GC Workers: 8]
      [GC Worker Start (ms): Min: 60578.8, Avg: 60578.9, Max: 60579.0, Diff: 0.1]
      [Ext Root Scanning (ms): Min: 0.0, Avg: 0.1, Max: 0.1, Diff: 0.1, Sum: 0.5]
      [Update RS (ms): Min: 17.7, Avg: 17.8, Max: 18.0, Diff: 0.4, Sum: 142.7]
         [Processed Buffers: Min: 20, Avg: 21.1, Max: 24, Diff: 4, Sum: 169]
      [Scan RS (ms): Min: 14.0, Avg: 14.2, Max: 14.4, Diff: 0.4, Sum: 113.7]
      [Code Root Scanning (ms): Min: 0.0, Avg: 0.0, Max: 0.0, Diff: 0.0, Sum: 0.0]
      [Object Copy (ms): Min: 122.4, Avg: 122.5, Max: 122.7, Diff: 0.2, Sum: 980.3]
      [Termination (ms): Min: 0.0, Avg: 0.1, Max: 0.1, Diff: 0.1, Sum: 0.8]
         [Termination Attempts: Min: 1, Avg: 602.1, Max: 766, Diff: 765, Sum: 4817]
      [GC Worker Other (ms): Min: 0.0, Avg: 0.0, Max: 0.1, Diff: 0.1, Sum: 0.3]
      [GC Worker Total (ms): Min: 154.7, Avg: 154.8, Max: 154.9, Diff: 0.2, Sum: 1238.4]
      [GC Worker End (ms): Min: 60733.7, Avg: 60733.7, Max: 60733.7, Diff: 0.1]
   [Code Root Fixup: 0.0 ms]
   [Code Root Purge: 0.0 ms]
   [Clear CT: 0.2 ms]
   [Other: 0.7 ms]
      [Choose CSet: 0.0 ms]
      [Ref Proc: 0.1 ms]
      [Ref Enq: 0.0 ms]
      [Redirty Cards: 0.2 ms]
      [Humongous Register: 0.0 ms]
      [Humongous Reclaim: 0.0 ms]
      [Free CSet: 0.2 ms]
   [Eden: 326.0M(326.0M)->0.0B(313.0M) Survivors: 10.0M->42.0M Heap: 401.3M(2048.0M)->392.3M(2048.0M)]
 [Times: user=1.20 sys=0.05, real=0.16 secs] 
2020-09-29T11:30:07.458+0200: 60.891: [GC pause (G1 Evacuation Pause) (young), 0.1840919 secs]
   [Parallel Time: 182.9 ms, GC Workers: 8]
      [GC Worker Start (ms): Min: 60891.1, Avg: 60891.2, Max: 60891.3, Diff: 0.2]
      [Ext Root Scanning (ms): Min: 0.0, Avg: 0.0, Max: 0.2, Diff: 0.2, Sum: 0.4]
      [Update RS (ms): Min: 19.2, Avg: 19.4, Max: 19.6, Diff: 0.4, Sum: 155.4]
         [Processed Buffers: Min: 19, Avg: 21.3, Max: 22, Diff: 3, Sum: 170]
      [Scan RS (ms): Min: 17.7, Avg: 19.0, Max: 25.8, Diff: 8.0, Sum: 152.2]
      [Code Root Scanning (ms): Min: 0.0, Avg: 0.0, Max: 0.0, Diff: 0.0, Sum: 0.0]
      [Object Copy (ms): Min: 137.3, Avg: 144.1, Max: 145.2, Diff: 8.0, Sum: 1152.7]
      [Termination (ms): Min: 0.0, Avg: 0.1, Max: 0.1, Diff: 0.1, Sum: 0.6]
         [Termination Attempts: Min: 1, Avg: 480.6, Max: 698, Diff: 697, Sum: 3845]
      [GC Worker Other (ms): Min: 0.0, Avg: 0.0, Max: 0.1, Diff: 0.1, Sum: 0.3]
      [GC Worker Total (ms): Min: 182.6, Avg: 182.7, Max: 182.8, Diff: 0.2, Sum: 1461.6]
      [GC Worker End (ms): Min: 61073.9, Avg: 61073.9, Max: 61074.0, Diff: 0.1]
   [Code Root Fixup: 0.0 ms]
   [Code Root Purge: 0.0 ms]
   [Clear CT: 0.1 ms]
   [Other: 1.0 ms]
      [Choose CSet: 0.0 ms]
      [Ref Proc: 0.1 ms]
      [Ref Enq: 0.0 ms]
      [Redirty Cards: 0.3 ms]
      [Humongous Register: 0.0 ms]
      [Humongous Reclaim: 0.0 ms]
      [Free CSet: 0.4 ms]
   [Eden: 313.0M(313.0M)->0.0B(300.0M) Survivors: 42.0M->45.0M Heap: 756.8M(2048.0M)->759.3M(2048.0M)]
 [Times: user=1.27 sys=0.05, real=0.18 secs] 
2020-09-29T11:30:07.808+0200: 61.241: [GC pause (G1 Evacuation Pause) (young), 0.1680040 secs]
   [Parallel Time: 166.0 ms, GC Workers: 8]
      [GC Worker Start (ms): Min: 61241.0, Avg: 61241.1, Max: 61241.2, Diff: 0.1]
      [Ext Root Scanning (ms): Min: 0.0, Avg: 0.1, Max: 0.1, Diff: 0.1, Sum: 0.5]
      [Update RS (ms): Min: 18.3, Avg: 18.4, Max: 18.8, Diff: 0.6, Sum: 147.5]
         [Processed Buffers: Min: 20, Avg: 22.0, Max: 24, Diff: 4, Sum: 176]
      [Scan RS (ms): Min: 15.5, Avg: 15.9, Max: 16.1, Diff: 0.6, Sum: 127.1]
      [Code Root Scanning (ms): Min: 0.0, Avg: 0.0, Max: 0.0, Diff: 0.0, Sum: 0.0]
      [Object Copy (ms): Min: 131.0, Avg: 131.0, Max: 131.1, Diff: 0.1, Sum: 1048.2]
      [Termination (ms): Min: 0.0, Avg: 0.1, Max: 0.1, Diff: 0.1, Sum: 0.5]
         [Termination Attempts: Min: 1, Avg: 404.6, Max: 618, Diff: 617, Sum: 3237]
      [GC Worker Other (ms): Min: 0.0, Avg: 0.2, Max: 0.4, Diff: 0.3, Sum: 1.9]
      [GC Worker Total (ms): Min: 165.5, Avg: 165.7, Max: 165.9, Diff: 0.4, Sum: 1325.7]
      [GC Worker End (ms): Min: 61406.6, Avg: 61406.8, Max: 61407.0, Diff: 0.3]
   [Code Root Fixup: 0.0 ms]
   [Code Root Purge: 0.0 ms]
   [Clear CT: 0.2 ms]
   [Other: 1.8 ms]
      [Choose CSet: 0.0 ms]
      [Ref Proc: 0.2 ms]
      [Ref Enq: 0.0 ms]
      [Redirty Cards: 1.2 ms]
      [Humongous Register: 0.0 ms]
      [Humongous Reclaim: 0.0 ms]
      [Free CSet: 0.2 ms]
   [Eden: 300.0M(300.0M)->0.0B(306.0M) Survivors: 45.0M->44.0M Heap: 1110.8M(2048.0M)->1112.8M(2048.0M)]
 [Times: user=1.34 sys=0.01, real=0.17 secs] 
2020-09-29T11:30:07.985+0200: 61.418: [GC pause (G1 Humongous Allocation) (young) (initial-mark), 0.0740535 secs]
   [Parallel Time: 72.5 ms, GC Workers: 8]
      [GC Worker Start (ms): Min: 61418.0, Avg: 61418.1, Max: 61418.2, Diff: 0.2]
      [Ext Root Scanning (ms): Min: 0.7, Avg: 6.0, Max: 21.6, Diff: 20.9, Sum: 48.0]
      [Update RS (ms): Min: 25.8, Avg: 41.5, Max: 47.0, Diff: 21.1, Sum: 332.0]
         [Processed Buffers: Min: 30, Avg: 47.3, Max: 58, Diff: 28, Sum: 378]
      [Scan RS (ms): Min: 2.5, Avg: 2.8, Max: 3.9, Diff: 1.4, Sum: 22.5]
      [Code Root Scanning (ms): Min: 0.0, Avg: 0.0, Max: 0.0, Diff: 0.0, Sum: 0.0]
      [Object Copy (ms): Min: 21.0, Avg: 21.9, Max: 22.1, Diff: 1.1, Sum: 175.3]
      [Termination (ms): Min: 0.0, Avg: 0.0, Max: 0.0, Diff: 0.0, Sum: 0.0]
         [Termination Attempts: Min: 1, Avg: 18.0, Max: 27, Diff: 26, Sum: 144]
      [GC Worker Other (ms): Min: 0.0, Avg: 0.0, Max: 0.0, Diff: 0.0, Sum: 0.2]
      [GC Worker Total (ms): Min: 72.1, Avg: 72.3, Max: 72.3, Diff: 0.2, Sum: 578.0]
      [GC Worker End (ms): Min: 61490.3, Avg: 61490.4, Max: 61490.4, Diff: 0.0]
   [Code Root Fixup: 0.0 ms]
   [Code Root Purge: 0.0 ms]
   [Clear CT: 0.2 ms]
   [Other: 1.4 ms]
      [Choose CSet: 0.0 ms]
      [Ref Proc: 0.3 ms]
      [Ref Enq: 0.0 ms]
      [Redirty Cards: 0.7 ms]
      [Humongous Register: 0.1 ms]
      [Humongous Reclaim: 0.0 ms]
      [Free CSet: 0.1 ms]
   [Eden: 11.0M(306.0M)->0.0B(329.0M) Survivors: 44.0M->14.0M Heap: 1123.8M(2048.0M)->1128.3M(2048.0M)]
 [Times: user=0.56 sys=0.00, real=0.08 secs] 
2020-09-29T11:30:08.067+0200: 61.499: [GC concurrent-root-region-scan-start]
2020-09-29T11:30:08.071+0200: 61.503: [GC concurrent-root-region-scan-end, 0.0041179 secs]
2020-09-29T11:30:08.071+0200: 61.503: [GC concurrent-mark-start]
2020-09-29T11:30:08.073+0200: 61.505: [GC concurrent-mark-end, 0.0025131 secs]
2020-09-29T11:30:08.073+0200: 61.505: [GC remark 2020-09-29T11:30:08.073+0200: 61.505: [Finalize Marking, 0.0001542 secs] 2020-09-29T11:30:08.074+0200: 61.506: [GC ref-proc, 0.0002918 secs] 2020-09-29T11:30:08.074+0200: 61.506: [Unloading, 0.0009324 secs], 0.0020530 secs]
 [Times: user=0.00 sys=0.00, real=0.00 secs] 
2020-09-29T11:30:08.076+0200: 61.508: [GC cleanup 1145M->40M(2048M), 0.0014289 secs]
 [Times: user=0.00 sys=0.00, real=0.00 secs] 
2020-09-29T11:30:08.077+0200: 61.509: [GC concurrent-cleanup-start]
2020-09-29T11:30:08.079+0200: 61.511: [GC concurrent-cleanup-end, 0.0015100 secs]
2020-09-29T11:30:08.233+0200: 61.665: [GC pause (G1 Evacuation Pause) (young), 0.1708471 secs]
   [Parallel Time: 169.7 ms, GC Workers: 8]
      [GC Worker Start (ms): Min: 61665.6, Avg: 61665.7, Max: 61665.8, Diff: 0.2]
      [Ext Root Scanning (ms): Min: 0.0, Avg: 0.1, Max: 0.2, Diff: 0.2, Sum: 0.5]
      [Update RS (ms): Min: 22.6, Avg: 22.7, Max: 22.9, Diff: 0.3, Sum: 181.8]
         [Processed Buffers: Min: 26, Avg: 26.5, Max: 28, Diff: 2, Sum: 212]
      [Scan RS (ms): Min: 12.5, Avg: 13.1, Max: 16.6, Diff: 4.2, Sum: 105.1]
      [Code Root Scanning (ms): Min: 0.0, Avg: 0.0, Max: 0.0, Diff: 0.0, Sum: 0.0]
      [Object Copy (ms): Min: 130.0, Avg: 133.4, Max: 134.1, Diff: 4.2, Sum: 1067.3]
      [Termination (ms): Min: 0.0, Avg: 0.1, Max: 0.2, Diff: 0.2, Sum: 1.2]
         [Termination Attempts: Min: 1, Avg: 933.1, Max: 1352, Diff: 1351, Sum: 7465]
      [GC Worker Other (ms): Min: 0.0, Avg: 0.0, Max: 0.1, Diff: 0.0, Sum: 0.3]
      [GC Worker Total (ms): Min: 169.4, Avg: 169.5, Max: 169.6, Diff: 0.2, Sum: 1356.1]
      [GC Worker End (ms): Min: 61835.2, Avg: 61835.2, Max: 61835.2, Diff: 0.0]
   [Code Root Fixup: 0.0 ms]
   [Code Root Purge: 0.0 ms]
   [Clear CT: 0.2 ms]
   [Other: 0.9 ms]
      [Choose CSet: 0.0 ms]
      [Ref Proc: 0.1 ms]
      [Ref Enq: 0.0 ms]
      [Redirty Cards: 0.3 ms]
      [Humongous Register: 0.0 ms]
      [Humongous Reclaim: 0.0 ms]
      [Free CSet: 0.2 ms]
   [Eden: 329.0M(329.0M)->0.0B(309.0M) Survivors: 14.0M->43.0M Heap: 407.8M(2048.0M)->396.3M(2048.0M)]
 [Times: user=1.33 sys=0.00, real=0.17 secs] 
2020-09-29T11:30:08.567+0200: 61.999: [GC pause (G1 Evacuation Pause) (young), 0.1802521 secs]
   [Parallel Time: 178.9 ms, GC Workers: 8]
      [GC Worker Start (ms): Min: 61999.6, Avg: 61999.7, Max: 61999.8, Diff: 0.2]
      [Ext Root Scanning (ms): Min: 0.0, Avg: 0.1, Max: 0.2, Diff: 0.2, Sum: 0.4]
      [Update RS (ms): Min: 20.7, Avg: 20.9, Max: 21.3, Diff: 0.6, Sum: 167.2]
         [Processed Buffers: Min: 19, Avg: 20.9, Max: 22, Diff: 3, Sum: 167]
      [Scan RS (ms): Min: 18.3, Avg: 18.7, Max: 18.9, Diff: 0.6, Sum: 149.7]
      [Code Root Scanning (ms): Min: 0.0, Avg: 0.0, Max: 0.0, Diff: 0.0, Sum: 0.0]
      [Object Copy (ms): Min: 138.7, Avg: 138.8, Max: 138.9, Diff: 0.2, Sum: 1110.5]
      [Termination (ms): Min: 0.0, Avg: 0.1, Max: 0.1, Diff: 0.1, Sum: 0.5]
         [Termination Attempts: Min: 1, Avg: 414.4, Max: 520, Diff: 519, Sum: 3315]
      [GC Worker Other (ms): Min: 0.0, Avg: 0.1, Max: 0.1, Diff: 0.1, Sum: 0.5]
      [GC Worker Total (ms): Min: 178.5, Avg: 178.6, Max: 178.7, Diff: 0.3, Sum: 1428.8]
      [GC Worker End (ms): Min: 62178.2, Avg: 62178.3, Max: 62178.3, Diff: 0.1]
   [Code Root Fixup: 0.0 ms]
   [Code Root Purge: 0.0 ms]
   [Clear CT: 0.2 ms]
   [Other: 1.2 ms]
      [Choose CSet: 0.0 ms]
      [Ref Proc: 0.2 ms]
      [Ref Enq: 0.0 ms]
      [Redirty Cards: 0.4 ms]
      [Humongous Register: 0.0 ms]
      [Humongous Reclaim: 0.0 ms]
      [Free CSet: 0.3 ms]
   [Eden: 309.0M(309.0M)->0.0B(298.0M) Survivors: 43.0M->44.0M Heap: 756.8M(2048.0M)->758.8M(2048.0M)]
 [Times: user=1.36 sys=0.00, real=0.18 secs] 
2020-09-29T11:30:08.903+0200: 62.335: [GC pause (G1 Evacuation Pause) (young), 0.1653557 secs]
   [Parallel Time: 164.0 ms, GC Workers: 8]
      [GC Worker Start (ms): Min: 62334.8, Avg: 62334.9, Max: 62335.0, Diff: 0.2]
      [Ext Root Scanning (ms): Min: 0.0, Avg: 0.1, Max: 0.1, Diff: 0.1, Sum: 0.5]
      [Update RS (ms): Min: 15.4, Avg: 15.6, Max: 15.9, Diff: 0.6, Sum: 125.0]
         [Processed Buffers: Min: 15, Avg: 17.0, Max: 18, Diff: 3, Sum: 136]
      [Scan RS (ms): Min: 17.1, Avg: 17.4, Max: 17.6, Diff: 0.6, Sum: 139.3]
      [Code Root Scanning (ms): Min: 0.0, Avg: 0.0, Max: 0.0, Diff: 0.0, Sum: 0.0]
      [Object Copy (ms): Min: 130.6, Avg: 130.6, Max: 130.7, Diff: 0.1, Sum: 1045.1]
      [Termination (ms): Min: 0.0, Avg: 0.0, Max: 0.0, Diff: 0.0, Sum: 0.0]
         [Termination Attempts: Min: 1, Avg: 14.3, Max: 21, Diff: 20, Sum: 114]
      [GC Worker Other (ms): Min: 0.0, Avg: 0.0, Max: 0.1, Diff: 0.1, Sum: 0.3]
      [GC Worker Total (ms): Min: 163.7, Avg: 163.8, Max: 163.9, Diff: 0.2, Sum: 1310.3]
      [GC Worker End (ms): Min: 62498.7, Avg: 62498.7, Max: 62498.7, Diff: 0.1]
   [Code Root Fixup: 0.0 ms]
   [Code Root Purge: 0.0 ms]
   [Clear CT: 0.2 ms]
   [Other: 1.2 ms]
      [Choose CSet: 0.0 ms]
      [Ref Proc: 0.2 ms]
      [Ref Enq: 0.0 ms]
      [Redirty Cards: 0.5 ms]
      [Humongous Register: 0.0 ms]
      [Humongous Reclaim: 0.0 ms]
      [Free CSet: 0.3 ms]
   [Eden: 298.0M(298.0M)->0.0B(304.0M) Survivors: 44.0M->43.0M Heap: 1106.4M(2048.0M)->1108.4M(2048.0M)]
 [Times: user=1.36 sys=0.02, real=0.16 secs] 
2020-09-29T11:30:09.085+0200: 62.517: [GC pause (G1 Humongous Allocation) (young) (initial-mark), 0.0634271 secs]
   [Parallel Time: 62.4 ms, GC Workers: 8]
      [GC Worker Start (ms): Min: 62517.3, Avg: 62517.5, Max: 62517.7, Diff: 0.4]
      [Ext Root Scanning (ms): Min: 0.0, Avg: 0.4, Max: 0.8, Diff: 0.7, Sum: 2.9]
      [Update RS (ms): Min: 28.8, Avg: 29.5, Max: 30.1, Diff: 1.2, Sum: 236.2]
         [Processed Buffers: Min: 33, Avg: 35.1, Max: 37, Diff: 4, Sum: 281]
      [Scan RS (ms): Min: 2.3, Avg: 2.7, Max: 2.9, Diff: 0.6, Sum: 21.7]
      [Code Root Scanning (ms): Min: 0.0, Avg: 0.0, Max: 0.0, Diff: 0.0, Sum: 0.0]
      [Object Copy (ms): Min: 29.1, Avg: 29.2, Max: 29.4, Diff: 0.3, Sum: 233.4]
      [Termination (ms): Min: 0.0, Avg: 0.2, Max: 0.3, Diff: 0.3, Sum: 1.8]
         [Termination Attempts: Min: 1, Avg: 1627.4, Max: 1959, Diff: 1958, Sum: 13019]
      [GC Worker Other (ms): Min: 0.0, Avg: 0.0, Max: 0.0, Diff: 0.0, Sum: 0.2]
      [GC Worker Total (ms): Min: 61.9, Avg: 62.0, Max: 62.2, Diff: 0.4, Sum: 496.1]
      [GC Worker End (ms): Min: 62579.5, Avg: 62579.5, Max: 62579.6, Diff: 0.0]
   [Code Root Fixup: 0.0 ms]
   [Code Root Purge: 0.0 ms]
   [Clear CT: 0.2 ms]
   [Other: 0.8 ms]
      [Choose CSet: 0.0 ms]
      [Ref Proc: 0.1 ms]
      [Ref Enq: 0.0 ms]
      [Redirty Cards: 0.3 ms]
      [Humongous Register: 0.1 ms]
      [Humongous Reclaim: 0.0 ms]
      [Free CSet: 0.1 ms]
   [Eden: 3072.0K(304.0M)->0.0B(287.0M) Survivors: 43.0M->5120.0K Heap: 1110.9M(2048.0M)->1115.9M(2048.0M)]
 [Times: user=0.49 sys=0.02, real=0.06 secs] 
2020-09-29T11:30:09.149+0200: 62.581: [GC concurrent-root-region-scan-start]
2020-09-29T11:30:09.149+0200: 62.582: [GC concurrent-root-region-scan-end, 0.0008058 secs]
2020-09-29T11:30:09.149+0200: 62.582: [GC concurrent-mark-start]
2020-09-29T11:30:09.154+0200: 62.586: [GC concurrent-mark-end, 0.0042531 secs]
2020-09-29T11:30:09.154+0200: 62.586: [GC remark 2020-09-29T11:30:09.154+0200: 62.586: [Finalize Marking, 0.0002415 secs] 2020-09-29T11:30:09.154+0200: 62.586: [GC ref-proc, 0.0003186 secs] 2020-09-29T11:30:09.155+0200: 62.587: [Unloading, 0.0005324 secs], 0.0014118 secs]
 [Times: user=0.00 sys=0.00, real=0.00 secs] 
2020-09-29T11:30:09.156+0200: 62.588: [GC cleanup 1127M->26M(2048M), 0.0013642 secs]
 [Times: user=0.00 sys=0.00, real=0.00 secs] 
2020-09-29T11:30:09.157+0200: 62.589: [GC concurrent-cleanup-start]
2020-09-29T11:30:09.159+0200: 62.591: [GC concurrent-cleanup-end, 0.0018955 secs]
2020-09-29T11:30:09.312+0200: 62.744: [GC pause (G1 Evacuation Pause) (young), 0.1493714 secs]
   [Parallel Time: 148.0 ms, GC Workers: 8]
      [GC Worker Start (ms): Min: 62743.9, Avg: 62744.0, Max: 62744.1, Diff: 0.2]
      [Ext Root Scanning (ms): Min: 0.0, Avg: 0.1, Max: 0.2, Diff: 0.2, Sum: 0.4]
      [Update RS (ms): Min: 20.9, Avg: 21.1, Max: 21.4, Diff: 0.5, Sum: 168.9]
         [Processed Buffers: Min: 21, Avg: 22.6, Max: 25, Diff: 4, Sum: 181]
      [Scan RS (ms): Min: 14.7, Avg: 15.0, Max: 15.2, Diff: 0.5, Sum: 120.1]
      [Code Root Scanning (ms): Min: 0.0, Avg: 0.0, Max: 0.0, Diff: 0.0, Sum: 0.0]
      [Object Copy (ms): Min: 111.3, Avg: 111.3, Max: 111.4, Diff: 0.1, Sum: 890.5]
      [Termination (ms): Min: 0.0, Avg: 0.1, Max: 0.1, Diff: 0.1, Sum: 0.7]
         [Termination Attempts: Min: 1, Avg: 569.9, Max: 735, Diff: 734, Sum: 4559]
      [GC Worker Other (ms): Min: 0.0, Avg: 0.0, Max: 0.1, Diff: 0.1, Sum: 0.3]
      [GC Worker Total (ms): Min: 147.5, Avg: 147.6, Max: 147.8, Diff: 0.2, Sum: 1181.0]
      [GC Worker End (ms): Min: 62891.6, Avg: 62891.6, Max: 62891.7, Diff: 0.1]
   [Code Root Fixup: 0.0 ms]
   [Code Root Purge: 0.0 ms]
   [Clear CT: 0.4 ms]
   [Other: 1.0 ms]
      [Choose CSet: 0.0 ms]
      [Ref Proc: 0.2 ms]
      [Ref Enq: 0.0 ms]
      [Redirty Cards: 0.4 ms]
      [Humongous Register: 0.0 ms]
      [Humongous Reclaim: 0.0 ms]
      [Free CSet: 0.2 ms]
   [Eden: 287.0M(287.0M)->0.0B(273.0M) Survivors: 5120.0K->37.0M Heap: 351.6M(2048.0M)->349.1M(2048.0M)]
 [Times: user=1.17 sys=0.06, real=0.15 secs] 
2020-09-29T11:30:09.607+0200: 63.039: [GC pause (G1 Evacuation Pause) (young), 0.1552082 secs]
   [Parallel Time: 153.9 ms, GC Workers: 8]
      [GC Worker Start (ms): Min: 63039.4, Avg: 63039.5, Max: 63039.5, Diff: 0.2]
      [Ext Root Scanning (ms): Min: 0.0, Avg: 0.1, Max: 0.2, Diff: 0.2, Sum: 0.5]
      [Update RS (ms): Min: 12.9, Avg: 13.3, Max: 13.7, Diff: 0.8, Sum: 106.4]
         [Processed Buffers: Min: 14, Avg: 15.0, Max: 17, Diff: 3, Sum: 120]
      [Scan RS (ms): Min: 15.4, Avg: 16.2, Max: 19.4, Diff: 4.0, Sum: 129.3]
      [Code Root Scanning (ms): Min: 0.0, Avg: 0.0, Max: 0.0, Diff: 0.0, Sum: 0.0]
      [Object Copy (ms): Min: 121.2, Avg: 124.0, Max: 124.6, Diff: 3.4, Sum: 992.4]
      [Termination (ms): Min: 0.0, Avg: 0.1, Max: 0.1, Diff: 0.1, Sum: 0.9]
         [Termination Attempts: Min: 1, Avg: 803.5, Max: 971, Diff: 970, Sum: 6428]
      [GC Worker Other (ms): Min: 0.0, Avg: 0.0, Max: 0.1, Diff: 0.1, Sum: 0.4]
      [GC Worker Total (ms): Min: 153.7, Avg: 153.7, Max: 153.8, Diff: 0.1, Sum: 1229.9]
      [GC Worker End (ms): Min: 63193.2, Avg: 63193.2, Max: 63193.2, Diff: 0.1]
   [Code Root Fixup: 0.0 ms]
   [Code Root Purge: 0.0 ms]
   [Clear CT: 0.2 ms]
   [Other: 1.1 ms]
      [Choose CSet: 0.0 ms]
      [Ref Proc: 0.2 ms]
      [Ref Enq: 0.0 ms]
      [Redirty Cards: 0.4 ms]
      [Humongous Register: 0.0 ms]
      [Humongous Reclaim: 0.0 ms]
      [Free CSet: 0.3 ms]
   [Eden: 273.0M(273.0M)->0.0B(280.0M) Survivors: 37.0M->39.0M Heap: 666.0M(2048.0M)->668.5M(2048.0M)]
 [Times: user=1.24 sys=0.00, real=0.15 secs] 
2020-09-29T11:30:09.919+0200: 63.351: [GC pause (G1 Evacuation Pause) (young), 0.1596918 secs]
   [Parallel Time: 158.5 ms, GC Workers: 8]
      [GC Worker Start (ms): Min: 63351.1, Avg: 63351.2, Max: 63351.3, Diff: 0.2]
      [Ext Root Scanning (ms): Min: 0.0, Avg: 0.1, Max: 0.2, Diff: 0.1, Sum: 0.6]
      [Update RS (ms): Min: 19.3, Avg: 19.4, Max: 19.6, Diff: 0.3, Sum: 155.3]
         [Processed Buffers: Min: 18, Avg: 20.9, Max: 23, Diff: 5, Sum: 167]
      [Scan RS (ms): Min: 14.5, Avg: 14.8, Max: 14.9, Diff: 0.4, Sum: 118.0]
      [Code Root Scanning (ms): Min: 0.0, Avg: 0.0, Max: 0.0, Diff: 0.0, Sum: 0.0]
      [Object Copy (ms): Min: 123.8, Avg: 123.9, Max: 124.0, Diff: 0.2, Sum: 991.3]
      [Termination (ms): Min: 0.0, Avg: 0.0, Max: 0.1, Diff: 0.1, Sum: 0.4]
         [Termination Attempts: Min: 1, Avg: 303.4, Max: 445, Diff: 444, Sum: 2427]
      [GC Worker Other (ms): Min: 0.0, Avg: 0.0, Max: 0.1, Diff: 0.1, Sum: 0.3]
      [GC Worker Total (ms): Min: 158.2, Avg: 158.2, Max: 158.3, Diff: 0.2, Sum: 1266.0]
      [GC Worker End (ms): Min: 63509.4, Avg: 63509.5, Max: 63509.5, Diff: 0.1]
   [Code Root Fixup: 0.0 ms]
   [Code Root Purge: 0.0 ms]
   [Clear CT: 0.3 ms]
   [Other: 0.9 ms]
      [Choose CSet: 0.0 ms]
      [Ref Proc: 0.2 ms]
      [Ref Enq: 0.0 ms]
      [Redirty Cards: 0.3 ms]
      [Humongous Register: 0.0 ms]
      [Humongous Reclaim: 0.0 ms]
      [Free CSet: 0.2 ms]
   [Eden: 280.0M(280.0M)->0.0B(291.0M) Survivors: 39.0M->40.0M Heap: 996.1M(2048.0M)->997.6M(2048.0M)]
 [Times: user=1.22 sys=0.02, real=0.16 secs] 
2020-09-29T11:30:10.090+0200: 63.522: [GC pause (G1 Humongous Allocation) (young) (initial-mark), 0.0561131 secs]
   [Parallel Time: 55.3 ms, GC Workers: 8]
      [GC Worker Start (ms): Min: 63522.1, Avg: 63522.1, Max: 63522.2, Diff: 0.2]
      [Ext Root Scanning (ms): Min: 0.0, Avg: 0.1, Max: 0.2, Diff: 0.2, Sum: 1.1]
      [Update RS (ms): Min: 33.5, Avg: 33.8, Max: 34.1, Diff: 0.6, Sum: 270.4]
         [Processed Buffers: Min: 33, Avg: 37.3, Max: 40, Diff: 7, Sum: 298]
      [Scan RS (ms): Min: 2.2, Avg: 2.5, Max: 2.8, Diff: 0.6, Sum: 19.8]
      [Code Root Scanning (ms): Min: 0.0, Avg: 0.0, Max: 0.0, Diff: 0.0, Sum: 0.0]
      [Object Copy (ms): Min: 18.5, Avg: 18.6, Max: 18.6, Diff: 0.1, Sum: 148.7]
      [Termination (ms): Min: 0.0, Avg: 0.0, Max: 0.0, Diff: 0.0, Sum: 0.1]
         [Termination Attempts: Min: 1, Avg: 86.4, Max: 115, Diff: 114, Sum: 691]
      [GC Worker Other (ms): Min: 0.0, Avg: 0.0, Max: 0.0, Diff: 0.0, Sum: 0.1]
      [GC Worker Total (ms): Min: 54.9, Avg: 55.0, Max: 55.1, Diff: 0.2, Sum: 440.3]
      [GC Worker End (ms): Min: 63577.2, Avg: 63577.2, Max: 63577.2, Diff: 0.0]
   [Code Root Fixup: 0.0 ms]
   [Code Root Purge: 0.0 ms]
   [Clear CT: 0.1 ms]
   [Other: 0.7 ms]
      [Choose CSet: 0.0 ms]
      [Ref Proc: 0.3 ms]
      [Ref Enq: 0.0 ms]
      [Redirty Cards: 0.1 ms]
      [Humongous Register: 0.1 ms]
      [Humongous Reclaim: 0.0 ms]
      [Free CSet: 0.1 ms]
   [Eden: 7168.0K(291.0M)->0.0B(337.0M) Survivors: 40.0M->9216.0K Heap: 1004.6M(2048.0M)->1007.6M(2048.0M)]
 [Times: user=0.49 sys=0.00, real=0.06 secs] 
2020-09-29T11:30:10.146+0200: 63.578: [GC concurrent-root-region-scan-start]
2020-09-29T11:30:10.148+0200: 63.580: [GC concurrent-root-region-scan-end, 0.0017300 secs]
2020-09-29T11:30:10.148+0200: 63.580: [GC concurrent-mark-start]
2020-09-29T11:30:10.150+0200: 63.582: [GC concurrent-mark-end, 0.0022680 secs]
2020-09-29T11:30:10.150+0200: 63.582: [GC remark 2020-09-29T11:30:10.150+0200: 63.582: [Finalize Marking, 0.0001857 secs] 2020-09-29T11:30:10.150+0200: 63.582: [GC ref-proc, 0.0002874 secs] 2020-09-29T11:30:10.151+0200: 63.583: [Unloading, 0.0003827 secs], 0.0022021 secs]
 [Times: user=0.00 sys=0.00, real=0.00 secs] 
2020-09-29T11:30:10.153+0200: 63.585: [GC cleanup 1018M->29M(2048M), 0.0011860 secs]
 [Times: user=0.00 sys=0.00, real=0.00 secs] 
2020-09-29T11:30:10.154+0200: 63.586: [GC concurrent-cleanup-start]
2020-09-29T11:30:10.155+0200: 63.587: [GC concurrent-cleanup-end, 0.0009932 secs]
2020-09-29T11:30:10.332+0200: 63.765: [GC pause (G1 Evacuation Pause) (young), 0.1658641 secs]
   [Parallel Time: 164.7 ms, GC Workers: 8]
      [GC Worker Start (ms): Min: 63764.8, Avg: 63764.9, Max: 63765.0, Diff: 0.2]
      [Ext Root Scanning (ms): Min: 0.0, Avg: 0.1, Max: 0.2, Diff: 0.2, Sum: 0.4]
      [Update RS (ms): Min: 14.0, Avg: 14.2, Max: 14.3, Diff: 0.3, Sum: 113.2]
         [Processed Buffers: Min: 14, Avg: 16.1, Max: 19, Diff: 5, Sum: 129]
      [Scan RS (ms): Min: 17.8, Avg: 17.9, Max: 18.1, Diff: 0.3, Sum: 143.5]
      [Code Root Scanning (ms): Min: 0.0, Avg: 0.0, Max: 0.0, Diff: 0.0, Sum: 0.0]
      [Object Copy (ms): Min: 131.8, Avg: 131.9, Max: 132.0, Diff: 0.3, Sum: 1055.3]
      [Termination (ms): Min: 0.0, Avg: 0.1, Max: 0.1, Diff: 0.1, Sum: 0.4]
         [Termination Attempts: Min: 1, Avg: 394.1, Max: 484, Diff: 483, Sum: 3153]
      [GC Worker Other (ms): Min: 0.0, Avg: 0.2, Max: 0.4, Diff: 0.4, Sum: 1.4]
      [GC Worker Total (ms): Min: 164.1, Avg: 164.3, Max: 164.5, Diff: 0.4, Sum: 1314.3]
      [GC Worker End (ms): Min: 63929.0, Avg: 63929.2, Max: 63929.4, Diff: 0.4]
   [Code Root Fixup: 0.0 ms]
   [Code Root Purge: 0.0 ms]
   [Clear CT: 0.2 ms]
   [Other: 1.0 ms]
      [Choose CSet: 0.0 ms]
      [Ref Proc: 0.2 ms]
      [Ref Enq: 0.0 ms]
      [Redirty Cards: 0.2 ms]
      [Humongous Register: 0.0 ms]
      [Humongous Reclaim: 0.0 ms]
      [Free CSet: 0.3 ms]
   [Eden: 337.0M(337.0M)->0.0B(309.0M) Survivors: 9216.0K->44.0M Heap: 412.7M(2048.0M)->406.7M(2048.0M)]
 [Times: user=1.22 sys=0.05, real=0.17 secs] 
2020-09-29T11:30:10.665+0200: 64.097: [GC pause (G1 Evacuation Pause) (young), 0.1708563 secs]
   [Parallel Time: 169.2 ms, GC Workers: 8]
      [GC Worker Start (ms): Min: 64097.6, Avg: 64097.7, Max: 64097.7, Diff: 0.2]
      [Ext Root Scanning (ms): Min: 0.0, Avg: 0.1, Max: 0.2, Diff: 0.2, Sum: 0.5]
      [Update RS (ms): Min: 15.0, Avg: 15.0, Max: 15.1, Diff: 0.2, Sum: 120.2]
         [Processed Buffers: Min: 17, Avg: 17.8, Max: 19, Diff: 2, Sum: 142]
      [Scan RS (ms): Min: 18.4, Avg: 18.5, Max: 18.6, Diff: 0.2, Sum: 147.9]
      [Code Root Scanning (ms): Min: 0.0, Avg: 0.0, Max: 0.0, Diff: 0.0, Sum: 0.0]
      [Object Copy (ms): Min: 135.2, Avg: 135.2, Max: 135.3, Diff: 0.1, Sum: 1082.0]
      [Termination (ms): Min: 0.0, Avg: 0.0, Max: 0.0, Diff: 0.0, Sum: 0.3]
         [Termination Attempts: Min: 1, Avg: 252.0, Max: 352, Diff: 351, Sum: 2016]
      [GC Worker Other (ms): Min: 0.0, Avg: 0.0, Max: 0.1, Diff: 0.1, Sum: 0.4]
      [GC Worker Total (ms): Min: 168.8, Avg: 168.9, Max: 169.0, Diff: 0.2, Sum: 1351.3]
      [GC Worker End (ms): Min: 64266.6, Avg: 64266.6, Max: 64266.6, Diff: 0.1]
   [Code Root Fixup: 0.0 ms]
   [Code Root Purge: 0.0 ms]
   [Clear CT: 0.2 ms]
   [Other: 1.5 ms]
      [Choose CSet: 0.0 ms]
      [Ref Proc: 0.2 ms]
      [Ref Enq: 0.0 ms]
      [Redirty Cards: 0.8 ms]
      [Humongous Register: 0.0 ms]
      [Humongous Reclaim: 0.0 ms]
      [Free CSet: 0.2 ms]
   [Eden: 309.0M(309.0M)->0.0B(307.0M) Survivors: 44.0M->45.0M Heap: 767.2M(2048.0M)->769.2M(2048.0M)]
 [Times: user=1.34 sys=0.00, real=0.17 secs] 
2020-09-29T11:30:11.118+0200: 64.551: [GC pause (G1 Evacuation Pause) (young), 0.3393412 secs]
   [Parallel Time: 337.7 ms, GC Workers: 8]
      [GC Worker Start (ms): Min: 64551.4, Avg: 64551.5, Max: 64551.5, Diff: 0.1]
      [Ext Root Scanning (ms): Min: 0.1, Avg: 0.1, Max: 0.2, Diff: 0.1, Sum: 1.0]
      [Update RS (ms): Min: 35.5, Avg: 35.8, Max: 36.9, Diff: 1.4, Sum: 286.6]
         [Processed Buffers: Min: 20, Avg: 21.6, Max: 25, Diff: 5, Sum: 173]
      [Scan RS (ms): Min: 31.3, Avg: 32.4, Max: 32.7, Diff: 1.4, Sum: 258.9]
      [Code Root Scanning (ms): Min: 0.0, Avg: 0.0, Max: 0.0, Diff: 0.0, Sum: 0.0]
      [Object Copy (ms): Min: 268.8, Avg: 269.0, Max: 269.1, Diff: 0.3, Sum: 2152.2]
      [Termination (ms): Min: 0.0, Avg: 0.1, Max: 0.1, Diff: 0.1, Sum: 0.7]
         [Termination Attempts: Min: 1, Avg: 316.8, Max: 401, Diff: 400, Sum: 2534]
      [GC Worker Other (ms): Min: 0.0, Avg: 0.1, Max: 0.1, Diff: 0.1, Sum: 0.5]
      [GC Worker Total (ms): Min: 337.4, Avg: 337.5, Max: 337.6, Diff: 0.2, Sum: 2700.0]
      [GC Worker End (ms): Min: 64888.9, Avg: 64888.9, Max: 64889.0, Diff: 0.1]
   [Code Root Fixup: 0.0 ms]
   [Code Root Purge: 0.0 ms]
   [Clear CT: 0.3 ms]
   [Other: 1.4 ms]
      [Choose CSet: 0.0 ms]
      [Ref Proc: 0.3 ms]
      [Ref Enq: 0.0 ms]
      [Redirty Cards: 0.4 ms]
      [Humongous Register: 0.1 ms]
      [Humongous Reclaim: 0.0 ms]
      [Free CSet: 0.3 ms]
   [Eden: 307.0M(307.0M)->0.0B(162.0M) Survivors: 45.0M->44.0M Heap: 1127.7M(2048.0M)->1129.7M(2048.0M)]
 [Times: user=2.52 sys=0.03, real=0.34 secs] 
2020-09-29T11:30:11.482+0200: 64.915: [GC pause (G1 Humongous Allocation) (young) (initial-mark), 0.1136160 secs]
   [Parallel Time: 112.2 ms, GC Workers: 8]
      [GC Worker Start (ms): Min: 64914.7, Avg: 64914.8, Max: 64914.8, Diff: 0.1]
      [Ext Root Scanning (ms): Min: 0.2, Avg: 0.3, Max: 0.8, Diff: 0.7, Sum: 2.5]
      [Update RS (ms): Min: 61.9, Avg: 62.4, Max: 63.0, Diff: 1.0, Sum: 499.6]
         [Processed Buffers: Min: 35, Avg: 39.4, Max: 42, Diff: 7, Sum: 315]
      [Scan RS (ms): Min: 5.3, Avg: 5.8, Max: 6.6, Diff: 1.3, Sum: 46.7]
      [Code Root Scanning (ms): Min: 0.0, Avg: 0.0, Max: 0.0, Diff: 0.0, Sum: 0.0]
      [Object Copy (ms): Min: 43.2, Avg: 43.5, Max: 43.6, Diff: 0.4, Sum: 347.8]
      [Termination (ms): Min: 0.0, Avg: 0.0, Max: 0.0, Diff: 0.0, Sum: 0.2]
         [Termination Attempts: Min: 1, Avg: 74.0, Max: 103, Diff: 102, Sum: 592]
      [GC Worker Other (ms): Min: 0.0, Avg: 0.0, Max: 0.0, Diff: 0.0, Sum: 0.2]
      [GC Worker Total (ms): Min: 112.1, Avg: 112.1, Max: 112.2, Diff: 0.1, Sum: 897.0]
      [GC Worker End (ms): Min: 65026.9, Avg: 65026.9, Max: 65026.9, Diff: 0.0]
   [Code Root Fixup: 0.0 ms]
   [Code Root Purge: 0.0 ms]
   [Clear CT: 0.3 ms]
   [Other: 1.1 ms]
      [Choose CSet: 0.0 ms]
      [Ref Proc: 0.2 ms]
      [Ref Enq: 0.0 ms]
      [Redirty Cards: 0.3 ms]
      [Humongous Register: 0.0 ms]
      [Humongous Reclaim: 0.0 ms]
      [Free CSet: 0.1 ms]
   [Eden: 9216.0K(162.0M)->0.0B(151.0M) Survivors: 44.0M->10.0M Heap: 1138.2M(2048.0M)->1141.2M(2048.0M)]
 [Times: user=0.83 sys=0.05, real=0.11 secs] 
2020-09-29T11:30:11.596+0200: 65.028: [GC concurrent-root-region-scan-start]
2020-09-29T11:30:11.601+0200: 65.034: [GC concurrent-root-region-scan-end, 0.0054074 secs]
2020-09-29T11:30:11.601+0200: 65.034: [GC concurrent-mark-start]
2020-09-29T11:30:11.606+0200: 65.039: [GC concurrent-mark-end, 0.0051229 secs]
2020-09-29T11:30:11.607+0200: 65.039: [GC remark 2020-09-29T11:30:11.607+0200: 65.039: [Finalize Marking, 0.0003066 secs] 2020-09-29T11:30:11.607+0200: 65.040: [GC ref-proc, 0.0004959 secs] 2020-09-29T11:30:11.607+0200: 65.040: [Unloading, 0.0006066 secs], 0.0020513 secs]
 [Times: user=0.00 sys=0.00, real=0.00 secs] 
2020-09-29T11:30:11.609+0200: 65.042: [GC cleanup 1153M->31M(2048M), 0.0020753 secs]
 [Times: user=0.00 sys=0.00, real=0.00 secs] 
2020-09-29T11:30:11.611+0200: 65.044: [GC concurrent-cleanup-start]
2020-09-29T11:30:11.614+0200: 65.047: [GC concurrent-cleanup-end, 0.0028928 secs]
2020-09-29T11:30:11.739+0200: 65.171: [GC pause (G1 Evacuation Pause) (young), 0.1492992 secs]
   [Parallel Time: 147.7 ms, GC Workers: 8]
      [GC Worker Start (ms): Min: 65171.6, Avg: 65171.7, Max: 65171.8, Diff: 0.2]
      [Ext Root Scanning (ms): Min: 0.0, Avg: 0.1, Max: 0.2, Diff: 0.2, Sum: 0.9]
      [Update RS (ms): Min: 26.0, Avg: 26.4, Max: 27.7, Diff: 1.6, Sum: 211.2]
         [Processed Buffers: Min: 14, Avg: 15.9, Max: 19, Diff: 5, Sum: 127]
      [Scan RS (ms): Min: 10.3, Avg: 11.5, Max: 11.9, Diff: 1.6, Sum: 91.9]
      [Code Root Scanning (ms): Min: 0.0, Avg: 0.0, Max: 0.0, Diff: 0.0, Sum: 0.0]
      [Object Copy (ms): Min: 108.8, Avg: 109.1, Max: 109.2, Diff: 0.4, Sum: 872.7]
      [Termination (ms): Min: 0.0, Avg: 0.0, Max: 0.0, Diff: 0.0, Sum: 0.1]
         [Termination Attempts: Min: 1, Avg: 36.3, Max: 50, Diff: 49, Sum: 290]
      [GC Worker Other (ms): Min: 0.0, Avg: 0.0, Max: 0.1, Diff: 0.1, Sum: 0.4]
      [GC Worker Total (ms): Min: 147.0, Avg: 147.1, Max: 147.3, Diff: 0.3, Sum: 1177.0]
      [GC Worker End (ms): Min: 65318.8, Avg: 65318.9, Max: 65318.9, Diff: 0.1]
   [Code Root Fixup: 0.0 ms]
   [Code Root Purge: 0.0 ms]
   [Clear CT: 0.3 ms]
   [Other: 1.4 ms]
      [Choose CSet: 0.0 ms]
      [Ref Proc: 0.3 ms]
      [Ref Enq: 0.0 ms]
      [Redirty Cards: 0.5 ms]
      [Humongous Register: 0.0 ms]
      [Humongous Reclaim: 0.0 ms]
      [Free CSet: 0.2 ms]
   [Eden: 151.0M(151.0M)->0.0B(138.0M) Survivors: 10.0M->21.0M Heap: 197.7M(2048.0M)->190.2M(2048.0M)]
 [Times: user=1.09 sys=0.03, real=0.15 secs] 
2020-09-29T11:30:12.018+0200: 65.451: [GC pause (G1 Evacuation Pause) (young), 0.1518531 secs]
   [Parallel Time: 150.0 ms, GC Workers: 8]
      [GC Worker Start (ms): Min: 65451.3, Avg: 65451.4, Max: 65451.5, Diff: 0.2]
      [Ext Root Scanning (ms): Min: 0.0, Avg: 0.1, Max: 0.2, Diff: 0.2, Sum: 0.8]
      [Update RS (ms): Min: 24.6, Avg: 24.9, Max: 25.5, Diff: 0.9, Sum: 199.2]
         [Processed Buffers: Min: 13, Avg: 15.6, Max: 18, Diff: 5, Sum: 125]
      [Scan RS (ms): Min: 9.2, Avg: 9.9, Max: 10.2, Diff: 1.0, Sum: 79.3]
      [Code Root Scanning (ms): Min: 0.0, Avg: 0.0, Max: 0.0, Diff: 0.0, Sum: 0.0]
      [Object Copy (ms): Min: 114.6, Avg: 114.7, Max: 114.8, Diff: 0.2, Sum: 917.5]
      [Termination (ms): Min: 0.0, Avg: 0.0, Max: 0.0, Diff: 0.0, Sum: 0.2]
         [Termination Attempts: Min: 1, Avg: 80.5, Max: 108, Diff: 107, Sum: 644]
      [GC Worker Other (ms): Min: 0.0, Avg: 0.0, Max: 0.1, Diff: 0.1, Sum: 0.4]
      [GC Worker Total (ms): Min: 149.5, Avg: 149.7, Max: 149.8, Diff: 0.3, Sum: 1197.4]
      [GC Worker End (ms): Min: 65601.1, Avg: 65601.1, Max: 65601.1, Diff: 0.1]
   [Code Root Fixup: 0.0 ms]
   [Code Root Purge: 0.0 ms]
   [Clear CT: 0.5 ms]
   [Other: 1.4 ms]
      [Choose CSet: 0.0 ms]
      [Ref Proc: 0.3 ms]
      [Ref Enq: 0.0 ms]
      [Redirty Cards: 0.4 ms]
      [Humongous Register: 0.1 ms]
      [Humongous Reclaim: 0.0 ms]
      [Free CSet: 0.2 ms]
   [Eden: 138.0M(138.0M)->0.0B(146.0M) Survivors: 21.0M->20.0M Heap: 351.1M(2048.0M)->353.6M(2048.0M)]
 [Times: user=1.25 sys=0.00, real=0.15 secs] 
2020-09-29T11:30:12.305+0200: 65.738: [GC pause (G1 Evacuation Pause) (young), 0.1533157 secs]
   [Parallel Time: 151.8 ms, GC Workers: 8]
      [GC Worker Start (ms): Min: 65737.9, Avg: 65738.0, Max: 65738.1, Diff: 0.2]
      [Ext Root Scanning (ms): Min: 0.0, Avg: 0.1, Max: 0.2, Diff: 0.2, Sum: 0.8]
      [Update RS (ms): Min: 20.9, Avg: 21.1, Max: 22.0, Diff: 1.1, Sum: 169.2]
         [Processed Buffers: Min: 12, Avg: 14.5, Max: 18, Diff: 6, Sum: 116]
      [Scan RS (ms): Min: 10.4, Avg: 11.3, Max: 11.5, Diff: 1.1, Sum: 90.3]
      [Code Root Scanning (ms): Min: 0.0, Avg: 0.0, Max: 0.0, Diff: 0.0, Sum: 0.0]
      [Object Copy (ms): Min: 118.7, Avg: 118.9, Max: 119.0, Diff: 0.4, Sum: 951.3]
      [Termination (ms): Min: 0.0, Avg: 0.0, Max: 0.1, Diff: 0.1, Sum: 0.4]
         [Termination Attempts: Min: 1, Avg: 168.9, Max: 210, Diff: 209, Sum: 1351]
      [GC Worker Other (ms): Min: 0.0, Avg: 0.0, Max: 0.1, Diff: 0.1, Sum: 0.4]
      [GC Worker Total (ms): Min: 151.5, Avg: 151.5, Max: 151.7, Diff: 0.2, Sum: 1212.3]
      [GC Worker End (ms): Min: 65889.5, Avg: 65889.5, Max: 65889.6, Diff: 0.1]
   [Code Root Fixup: 0.0 ms]
   [Code Root Purge: 0.0 ms]
   [Clear CT: 0.3 ms]
   [Other: 1.2 ms]
      [Choose CSet: 0.0 ms]
      [Ref Proc: 0.3 ms]
      [Ref Enq: 0.0 ms]
      [Redirty Cards: 0.4 ms]
      [Humongous Register: 0.1 ms]
      [Humongous Reclaim: 0.0 ms]
      [Free CSet: 0.2 ms]
   [Eden: 146.0M(146.0M)->0.0B(154.0M) Survivors: 20.0M->21.0M Heap: 524.4M(2048.0M)->526.4M(2048.0M)]
 [Times: user=1.24 sys=0.00, real=0.15 secs] 
2020-09-29T11:30:12.597+0200: 66.030: [GC pause (G1 Evacuation Pause) (young), 0.1609924 secs]
   [Parallel Time: 159.4 ms, GC Workers: 8]
      [GC Worker Start (ms): Min: 66030.1, Avg: 66030.3, Max: 66030.4, Diff: 0.2]
      [Ext Root Scanning (ms): Min: 0.0, Avg: 0.1, Max: 0.2, Diff: 0.2, Sum: 0.9]
      [Update RS (ms): Min: 18.4, Avg: 18.6, Max: 19.4, Diff: 1.0, Sum: 149.0]
         [Processed Buffers: Min: 11, Avg: 12.3, Max: 14, Diff: 3, Sum: 98]
      [Scan RS (ms): Min: 12.9, Avg: 13.7, Max: 14.1, Diff: 1.2, Sum: 109.2]
      [Code Root Scanning (ms): Min: 0.0, Avg: 0.0, Max: 0.0, Diff: 0.0, Sum: 0.0]
      [Object Copy (ms): Min: 126.4, Avg: 126.6, Max: 126.7, Diff: 0.4, Sum: 1013.0]
      [Termination (ms): Min: 0.0, Avg: 0.0, Max: 0.1, Diff: 0.1, Sum: 0.4]
         [Termination Attempts: Min: 1, Avg: 145.9, Max: 200, Diff: 199, Sum: 1167]
      [GC Worker Other (ms): Min: 0.0, Avg: 0.0, Max: 0.1, Diff: 0.1, Sum: 0.4]
      [GC Worker Total (ms): Min: 159.0, Avg: 159.1, Max: 159.2, Diff: 0.2, Sum: 1272.9]
      [GC Worker End (ms): Min: 66189.4, Avg: 66189.4, Max: 66189.4, Diff: 0.1]
   [Code Root Fixup: 0.0 ms]
   [Code Root Purge: 0.0 ms]
   [Clear CT: 0.3 ms]
   [Other: 1.3 ms]
      [Choose CSet: 0.0 ms]
      [Ref Proc: 0.4 ms]
      [Ref Enq: 0.0 ms]
      [Redirty Cards: 0.3 ms]
      [Humongous Register: 0.1 ms]
      [Humongous Reclaim: 0.0 ms]
      [Free CSet: 0.2 ms]
   [Eden: 154.0M(154.0M)->0.0B(159.0M) Survivors: 21.0M->22.0M Heap: 705.2M(2048.0M)->707.7M(2048.0M)]
 [Times: user=1.30 sys=0.02, real=0.16 secs] 
2020-09-29T11:30:12.906+0200: 66.338: [GC pause (G1 Evacuation Pause) (young), 0.1846115 secs]
   [Parallel Time: 183.2 ms, GC Workers: 8]
      [GC Worker Start (ms): Min: 66338.5, Avg: 66341.9, Max: 66364.4, Diff: 25.9]
      [Ext Root Scanning (ms): Min: 0.0, Avg: 0.1, Max: 0.3, Diff: 0.2, Sum: 0.8]
      [Update RS (ms): Min: 0.0, Avg: 20.1, Max: 23.5, Diff: 23.5, Sum: 160.7]
         [Processed Buffers: Min: 0, Avg: 13.1, Max: 17, Diff: 17, Sum: 105]
      [Scan RS (ms): Min: 11.3, Avg: 14.1, Max: 15.2, Diff: 3.9, Sum: 112.9]
      [Code Root Scanning (ms): Min: 0.0, Avg: 0.0, Max: 0.0, Diff: 0.0, Sum: 0.0]
      [Object Copy (ms): Min: 144.5, Avg: 145.1, Max: 145.4, Diff: 0.8, Sum: 1161.2]
      [Termination (ms): Min: 0.0, Avg: 0.0, Max: 0.1, Diff: 0.1, Sum: 0.3]
         [Termination Attempts: Min: 1, Avg: 151.1, Max: 198, Diff: 197, Sum: 1209]
      [GC Worker Other (ms): Min: 0.0, Avg: 0.1, Max: 0.3, Diff: 0.2, Sum: 0.6]
      [GC Worker Total (ms): Min: 157.0, Avg: 179.6, Max: 182.9, Diff: 25.9, Sum: 1436.6]
      [GC Worker End (ms): Min: 66521.4, Avg: 66521.5, Max: 66521.5, Diff: 0.1]
   [Code Root Fixup: 0.0 ms]
   [Code Root Purge: 0.0 ms]
   [Clear CT: 0.3 ms]
   [Other: 1.2 ms]
      [Choose CSet: 0.0 ms]
      [Ref Proc: 0.3 ms]
      [Ref Enq: 0.0 ms]
      [Redirty Cards: 0.3 ms]
      [Humongous Register: 0.1 ms]
      [Humongous Reclaim: 0.0 ms]
      [Free CSet: 0.2 ms]
   [Eden: 159.0M(159.0M)->0.0B(154.0M) Survivors: 22.0M->23.0M Heap: 893.4M(2048.0M)->895.9M(2048.0M)]
 [Times: user=1.47 sys=0.00, real=0.18 secs] 
2020-09-29T11:30:13.238+0200: 66.671: [GC pause (G1 Evacuation Pause) (young), 0.1596110 secs]
   [Parallel Time: 158.1 ms, GC Workers: 8]
      [GC Worker Start (ms): Min: 66671.1, Avg: 66671.2, Max: 66671.3, Diff: 0.3]
      [Ext Root Scanning (ms): Min: 0.0, Avg: 0.1, Max: 0.3, Diff: 0.3, Sum: 0.8]
      [Update RS (ms): Min: 17.7, Avg: 18.1, Max: 18.7, Diff: 1.0, Sum: 144.4]
         [Processed Buffers: Min: 10, Avg: 11.5, Max: 13, Diff: 3, Sum: 92]
      [Scan RS (ms): Min: 12.8, Avg: 13.4, Max: 13.9, Diff: 1.1, Sum: 107.5]
      [Code Root Scanning (ms): Min: 0.0, Avg: 0.0, Max: 0.0, Diff: 0.0, Sum: 0.0]
      [Object Copy (ms): Min: 125.9, Avg: 126.0, Max: 126.1, Diff: 0.2, Sum: 1008.0]
      [Termination (ms): Min: 0.0, Avg: 0.0, Max: 0.0, Diff: 0.0, Sum: 0.2]
         [Termination Attempts: Min: 1, Avg: 101.0, Max: 132, Diff: 131, Sum: 808]
      [GC Worker Other (ms): Min: 0.0, Avg: 0.0, Max: 0.1, Diff: 0.1, Sum: 0.3]
      [GC Worker Total (ms): Min: 157.6, Avg: 157.7, Max: 157.8, Diff: 0.3, Sum: 1261.4]
      [GC Worker End (ms): Min: 66828.9, Avg: 66828.9, Max: 66828.9, Diff: 0.1]
   [Code Root Fixup: 0.0 ms]
   [Code Root Purge: 0.0 ms]
   [Clear CT: 0.3 ms]
   [Other: 1.2 ms]
      [Choose CSet: 0.0 ms]
      [Ref Proc: 0.3 ms]
      [Ref Enq: 0.0 ms]
      [Redirty Cards: 0.3 ms]
      [Humongous Register: 0.1 ms]
      [Humongous Reclaim: 0.0 ms]
      [Free CSet: 0.3 ms]
   [Eden: 154.0M(154.0M)->0.0B(162.0M) Survivors: 23.0M->23.0M Heap: 1074.7M(2048.0M)->1076.2M(2048.0M)]
 [Times: user=1.33 sys=0.00, real=0.16 secs] 
2020-09-29T11:30:13.406+0200: 66.839: [GC pause (G1 Humongous Allocation) (young) (initial-mark), 0.0629655 secs]
   [Parallel Time: 61.5 ms, GC Workers: 8]
      [GC Worker Start (ms): Min: 66838.9, Avg: 66839.0, Max: 66839.2, Diff: 0.3]
      [Ext Root Scanning (ms): Min: 0.0, Avg: 0.5, Max: 2.1, Diff: 2.1, Sum: 4.0]
      [Update RS (ms): Min: 34.7, Avg: 36.4, Max: 37.1, Diff: 2.4, Sum: 290.8]
         [Processed Buffers: Min: 21, Avg: 23.8, Max: 26, Diff: 5, Sum: 190]
      [Scan RS (ms): Min: 1.9, Avg: 2.4, Max: 2.8, Diff: 1.0, Sum: 19.3]
      [Code Root Scanning (ms): Min: 0.0, Avg: 0.0, Max: 0.0, Diff: 0.0, Sum: 0.0]
      [Object Copy (ms): Min: 21.8, Avg: 21.9, Max: 21.9, Diff: 0.1, Sum: 175.0]
      [Termination (ms): Min: 0.0, Avg: 0.0, Max: 0.0, Diff: 0.0, Sum: 0.2]
         [Termination Attempts: Min: 1, Avg: 93.5, Max: 123, Diff: 122, Sum: 748]
      [GC Worker Other (ms): Min: 0.0, Avg: 0.0, Max: 0.0, Diff: 0.0, Sum: 0.2]
      [GC Worker Total (ms): Min: 61.0, Avg: 61.2, Max: 61.3, Diff: 0.2, Sum: 489.5]
      [GC Worker End (ms): Min: 66900.2, Avg: 66900.2, Max: 66900.2, Diff: 0.0]
   [Code Root Fixup: 0.0 ms]
   [Code Root Purge: 0.0 ms]
   [Clear CT: 0.4 ms]
   [Other: 1.0 ms]
      [Choose CSet: 0.0 ms]
      [Ref Proc: 0.3 ms]
      [Ref Enq: 0.0 ms]
      [Redirty Cards: 0.3 ms]
      [Humongous Register: 0.0 ms]
      [Humongous Reclaim: 0.0 ms]
      [Free CSet: 0.1 ms]
   [Eden: 3072.0K(162.0M)->0.0B(183.0M) Survivors: 23.0M->5120.0K Heap: 1078.7M(2048.0M)->1083.2M(2048.0M)]
 [Times: user=0.49 sys=0.00, real=0.06 secs] 
2020-09-29T11:30:13.469+0200: 66.902: [GC concurrent-root-region-scan-start]
2020-09-29T11:30:13.470+0200: 66.903: [GC concurrent-root-region-scan-end, 0.0010050 secs]
2020-09-29T11:30:13.470+0200: 66.903: [GC concurrent-mark-start]
2020-09-29T11:30:13.476+0200: 66.908: [GC concurrent-mark-end, 0.0053749 secs]
2020-09-29T11:30:13.476+0200: 66.909: [GC remark 2020-09-29T11:30:13.476+0200: 66.909: [Finalize Marking, 0.0003658 secs] 2020-09-29T11:30:13.476+0200: 66.909: [GC ref-proc, 0.0005066 secs] 2020-09-29T11:30:13.477+0200: 66.910: [Unloading, 0.0009030 secs], 0.0022052 secs]
 [Times: user=0.00 sys=0.00, real=0.00 secs] 
2020-09-29T11:30:13.479+0200: 66.911: [GC cleanup 1093M->24M(2048M), 0.0019024 secs]
 [Times: user=0.00 sys=0.00, real=0.00 secs] 
2020-09-29T11:30:13.481+0200: 66.913: [GC concurrent-cleanup-start]
2020-09-29T11:30:13.483+0200: 66.915: [GC concurrent-cleanup-end, 0.0020196 secs]
2020-09-29T11:30:13.641+0200: 67.073: [GC pause (G1 Evacuation Pause) (young), 0.1718300 secs]
   [Parallel Time: 170.1 ms, GC Workers: 8]
      [GC Worker Start (ms): Min: 67073.0, Avg: 67073.1, Max: 67073.2, Diff: 0.3]
      [Ext Root Scanning (ms): Min: 0.0, Avg: 0.1, Max: 0.3, Diff: 0.3, Sum: 0.8]
      [Update RS (ms): Min: 21.6, Avg: 22.5, Max: 23.2, Diff: 1.6, Sum: 179.7]
         [Processed Buffers: Min: 13, Avg: 13.8, Max: 14, Diff: 1, Sum: 110]
      [Scan RS (ms): Min: 11.6, Avg: 12.3, Max: 13.1, Diff: 1.5, Sum: 98.5]
      [Code Root Scanning (ms): Min: 0.0, Avg: 0.0, Max: 0.0, Diff: 0.0, Sum: 0.0]
      [Object Copy (ms): Min: 134.4, Avg: 134.7, Max: 134.8, Diff: 0.4, Sum: 1077.2]
      [Termination (ms): Min: 0.0, Avg: 0.1, Max: 0.2, Diff: 0.2, Sum: 1.1]
         [Termination Attempts: Min: 1, Avg: 489.4, Max: 621, Diff: 620, Sum: 3915]
      [GC Worker Other (ms): Min: 0.0, Avg: 0.0, Max: 0.1, Diff: 0.1, Sum: 0.3]
      [GC Worker Total (ms): Min: 169.6, Avg: 169.7, Max: 169.9, Diff: 0.3, Sum: 1357.6]
      [GC Worker End (ms): Min: 67242.8, Avg: 67242.8, Max: 67242.9, Diff: 0.1]
   [Code Root Fixup: 0.0 ms]
   [Code Root Purge: 0.0 ms]
   [Clear CT: 0.3 ms]
   [Other: 1.4 ms]
      [Choose CSet: 0.0 ms]
      [Ref Proc: 0.3 ms]
      [Ref Enq: 0.0 ms]
      [Redirty Cards: 0.6 ms]
      [Humongous Register: 0.1 ms]
      [Humongous Reclaim: 0.0 ms]
      [Free CSet: 0.2 ms]
   [Eden: 183.0M(183.0M)->0.0B(168.0M) Survivors: 5120.0K->24.0M Heap: 228.0M(2048.0M)->225.5M(2048.0M)]
 [Times: user=1.36 sys=0.02, real=0.17 secs] 
2020-09-29T11:30:13.978+0200: 67.411: [GC pause (G1 Evacuation Pause) (young), 0.1765995 secs]
   [Parallel Time: 173.8 ms, GC Workers: 8]
      [GC Worker Start (ms): Min: 67410.7, Avg: 67410.9, Max: 67411.0, Diff: 0.3]
      [Ext Root Scanning (ms): Min: 0.0, Avg: 0.1, Max: 0.3, Diff: 0.3, Sum: 0.8]
      [Update RS (ms): Min: 20.7, Avg: 21.0, Max: 21.5, Diff: 0.8, Sum: 168.4]
         [Processed Buffers: Min: 11, Avg: 12.8, Max: 16, Diff: 5, Sum: 102]
      [Scan RS (ms): Min: 15.5, Avg: 15.9, Max: 16.2, Diff: 0.7, Sum: 126.9]
      [Code Root Scanning (ms): Min: 0.0, Avg: 0.0, Max: 0.0, Diff: 0.0, Sum: 0.0]
      [Object Copy (ms): Min: 136.2, Avg: 136.4, Max: 136.6, Diff: 0.4, Sum: 1091.1]
      [Termination (ms): Min: 0.0, Avg: 0.0, Max: 0.1, Diff: 0.1, Sum: 0.3]
         [Termination Attempts: Min: 1, Avg: 137.3, Max: 175, Diff: 174, Sum: 1098]
      [GC Worker Other (ms): Min: 0.0, Avg: 0.1, Max: 0.1, Diff: 0.1, Sum: 0.4]
      [GC Worker Total (ms): Min: 173.4, Avg: 173.5, Max: 173.7, Diff: 0.3, Sum: 1388.0]
      [GC Worker End (ms): Min: 67584.3, Avg: 67584.4, Max: 67584.4, Diff: 0.1]
   [Code Root Fixup: 0.0 ms]
   [Code Root Purge: 0.0 ms]
   [Clear CT: 0.7 ms]
   [Other: 2.1 ms]
      [Choose CSet: 0.0 ms]
      [Ref Proc: 0.4 ms]
      [Ref Enq: 0.0 ms]
      [Redirty Cards: 1.2 ms]
      [Humongous Register: 0.1 ms]
      [Humongous Reclaim: 0.0 ms]
      [Free CSet: 0.2 ms]
   [Eden: 168.0M(168.0M)->0.0B(167.0M) Survivors: 24.0M->24.0M Heap: 422.1M(2048.0M)->424.6M(2048.0M)]
 [Times: user=1.36 sys=0.01, real=0.18 secs] 
2020-09-29T11:30:14.309+0200: 67.741: [GC pause (G1 Evacuation Pause) (young), 0.1792665 secs]
   [Parallel Time: 176.7 ms, GC Workers: 8]
      [GC Worker Start (ms): Min: 67741.1, Avg: 67741.2, Max: 67741.4, Diff: 0.3]
      [Ext Root Scanning (ms): Min: 0.0, Avg: 0.1, Max: 0.2, Diff: 0.2, Sum: 0.9]
      [Update RS (ms): Min: 13.0, Avg: 13.2, Max: 13.8, Diff: 0.7, Sum: 105.6]
         [Processed Buffers: Min: 8, Avg: 9.5, Max: 12, Diff: 4, Sum: 76]
      [Scan RS (ms): Min: 17.3, Avg: 17.9, Max: 18.1, Diff: 0.8, Sum: 143.1]
      [Code Root Scanning (ms): Min: 0.0, Avg: 0.0, Max: 0.0, Diff: 0.0, Sum: 0.0]
      [Object Copy (ms): Min: 144.9, Avg: 145.0, Max: 145.2, Diff: 0.3, Sum: 1160.3]
      [Termination (ms): Min: 0.0, Avg: 0.1, Max: 0.2, Diff: 0.2, Sum: 1.0]
         [Termination Attempts: Min: 1, Avg: 446.6, Max: 582, Diff: 581, Sum: 3573]
      [GC Worker Other (ms): Min: 0.0, Avg: 0.0, Max: 0.1, Diff: 0.1, Sum: 0.3]
      [GC Worker Total (ms): Min: 176.3, Avg: 176.4, Max: 176.5, Diff: 0.2, Sum: 1411.2]
      [GC Worker End (ms): Min: 67917.6, Avg: 67917.6, Max: 67917.7, Diff: 0.1]
   [Code Root Fixup: 0.0 ms]
   [Code Root Purge: 0.0 ms]
   [Clear CT: 0.3 ms]
   [Other: 2.3 ms]
      [Choose CSet: 0.0 ms]
      [Ref Proc: 0.3 ms]
      [Ref Enq: 0.0 ms]
      [Redirty Cards: 1.3 ms]
      [Humongous Register: 0.1 ms]
      [Humongous Reclaim: 0.0 ms]
      [Free CSet: 0.3 ms]
   [Eden: 167.0M(167.0M)->0.0B(163.0M) Survivors: 24.0M->24.0M Heap: 620.2M(2048.0M)->622.7M(2048.0M)]
 [Times: user=1.38 sys=0.00, real=0.18 secs] 
2020-09-29T11:30:14.657+0200: 68.089: [GC pause (G1 Evacuation Pause) (young), 0.1790452 secs]
   [Parallel Time: 177.5 ms, GC Workers: 8]
      [GC Worker Start (ms): Min: 68089.6, Avg: 68089.7, Max: 68089.8, Diff: 0.3]
      [Ext Root Scanning (ms): Min: 0.0, Avg: 0.1, Max: 0.3, Diff: 0.3, Sum: 0.8]
      [Update RS (ms): Min: 16.1, Avg: 16.3, Max: 17.0, Diff: 0.9, Sum: 130.5]
         [Processed Buffers: Min: 10, Avg: 11.1, Max: 14, Diff: 4, Sum: 89]
      [Scan RS (ms): Min: 14.0, Avg: 14.8, Max: 15.0, Diff: 1.0, Sum: 118.1]
      [Code Root Scanning (ms): Min: 0.0, Avg: 0.0, Max: 0.0, Diff: 0.0, Sum: 0.0]
      [Object Copy (ms): Min: 145.4, Avg: 145.6, Max: 146.0, Diff: 0.5, Sum: 1164.8]
      [Termination (ms): Min: 0.0, Avg: 0.3, Max: 0.4, Diff: 0.4, Sum: 2.8]
         [Termination Attempts: Min: 1, Avg: 1305.8, Max: 1590, Diff: 1589, Sum: 10446]
      [GC Worker Other (ms): Min: 0.0, Avg: 0.1, Max: 0.1, Diff: 0.1, Sum: 0.4]
      [GC Worker Total (ms): Min: 177.0, Avg: 177.2, Max: 177.3, Diff: 0.3, Sum: 1417.5]
      [GC Worker End (ms): Min: 68266.9, Avg: 68266.9, Max: 68267.0, Diff: 0.1]
   [Code Root Fixup: 0.0 ms]
   [Code Root Purge: 0.0 ms]
   [Clear CT: 0.3 ms]
   [Other: 1.2 ms]
      [Choose CSet: 0.0 ms]
      [Ref Proc: 0.3 ms]
      [Ref Enq: 0.0 ms]
      [Redirty Cards: 0.4 ms]
      [Humongous Register: 0.1 ms]
      [Humongous Reclaim: 0.0 ms]
      [Free CSet: 0.3 ms]
   [Eden: 163.0M(163.0M)->0.0B(163.0M) Survivors: 24.0M->24.0M Heap: 812.4M(2048.0M)->814.4M(2048.0M)]
 [Times: user=1.45 sys=0.00, real=0.18 secs] 
2020-09-29T11:30:14.996+0200: 68.429: [GC pause (G1 Evacuation Pause) (young), 0.1732647 secs]
   [Parallel Time: 171.3 ms, GC Workers: 8]
      [GC Worker Start (ms): Min: 68428.7, Avg: 68428.8, Max: 68428.9, Diff: 0.2]
      [Ext Root Scanning (ms): Min: 0.0, Avg: 0.1, Max: 0.2, Diff: 0.2, Sum: 0.9]
      [Update RS (ms): Min: 15.8, Avg: 16.1, Max: 17.0, Diff: 1.3, Sum: 128.5]
         [Processed Buffers: Min: 8, Avg: 9.8, Max: 12, Diff: 4, Sum: 78]
      [Scan RS (ms): Min: 15.0, Avg: 16.0, Max: 16.4, Diff: 1.4, Sum: 127.6]
      [Code Root Scanning (ms): Min: 0.0, Avg: 0.0, Max: 0.0, Diff: 0.0, Sum: 0.0]
      [Object Copy (ms): Min: 138.5, Avg: 138.7, Max: 138.8, Diff: 0.3, Sum: 1109.5]
      [Termination (ms): Min: 0.0, Avg: 0.1, Max: 0.1, Diff: 0.1, Sum: 0.5]
         [Termination Attempts: Min: 1, Avg: 208.1, Max: 260, Diff: 259, Sum: 1665]
      [GC Worker Other (ms): Min: 0.0, Avg: 0.0, Max: 0.1, Diff: 0.1, Sum: 0.3]
      [GC Worker Total (ms): Min: 170.8, Avg: 170.9, Max: 171.0, Diff: 0.2, Sum: 1367.3]
      [GC Worker End (ms): Min: 68599.7, Avg: 68599.7, Max: 68599.8, Diff: 0.1]
   [Code Root Fixup: 0.0 ms]
   [Code Root Purge: 0.0 ms]
   [Clear CT: 0.5 ms]
   [Other: 1.5 ms]
      [Choose CSet: 0.0 ms]
      [Ref Proc: 0.3 ms]
      [Ref Enq: 0.0 ms]
      [Redirty Cards: 0.7 ms]
      [Humongous Register: 0.1 ms]
      [Humongous Reclaim: 0.0 ms]
      [Free CSet: 0.2 ms]
   [Eden: 163.0M(163.0M)->0.0B(165.0M) Survivors: 24.0M->24.0M Heap: 1004.1M(2048.0M)->1006.1M(2048.0M)]
 [Times: user=1.38 sys=0.00, real=0.17 secs] 
2020-09-29T11:30:15.184+0200: 68.616: [GC pause (G1 Humongous Allocation) (young) (initial-mark), 0.0685579 secs]
   [Parallel Time: 66.9 ms, GC Workers: 8]
      [GC Worker Start (ms): Min: 68616.5, Avg: 68616.6, Max: 68616.8, Diff: 0.3]
      [Ext Root Scanning (ms): Min: 0.0, Avg: 0.4, Max: 1.6, Diff: 1.6, Sum: 3.5]
      [Update RS (ms): Min: 31.1, Avg: 32.6, Max: 34.7, Diff: 3.6, Sum: 261.1]
         [Processed Buffers: Min: 19, Avg: 20.6, Max: 22, Diff: 3, Sum: 165]
      [Scan RS (ms): Min: 1.1, Avg: 3.2, Max: 4.5, Diff: 3.4, Sum: 25.7]
      [Code Root Scanning (ms): Min: 0.0, Avg: 0.0, Max: 0.0, Diff: 0.0, Sum: 0.0]
      [Object Copy (ms): Min: 29.5, Avg: 30.1, Max: 30.2, Diff: 0.7, Sum: 240.8]
      [Termination (ms): Min: 0.0, Avg: 0.0, Max: 0.1, Diff: 0.1, Sum: 0.4]
         [Termination Attempts: Min: 1, Avg: 174.9, Max: 227, Diff: 226, Sum: 1399]
      [GC Worker Other (ms): Min: 0.0, Avg: 0.0, Max: 0.1, Diff: 0.0, Sum: 0.2]
      [GC Worker Total (ms): Min: 66.3, Avg: 66.5, Max: 66.6, Diff: 0.3, Sum: 531.6]
      [GC Worker End (ms): Min: 68683.1, Avg: 68683.1, Max: 68683.1, Diff: 0.0]
   [Code Root Fixup: 0.0 ms]
   [Code Root Purge: 0.0 ms]
   [Clear CT: 0.5 ms]
   [Other: 1.2 ms]
      [Choose CSet: 0.0 ms]
      [Ref Proc: 0.4 ms]
      [Ref Enq: 0.0 ms]
      [Redirty Cards: 0.5 ms]
      [Humongous Register: 0.0 ms]
      [Humongous Reclaim: 0.0 ms]
      [Free CSet: 0.1 ms]
   [Eden: 3072.0K(165.0M)->0.0B(161.0M) Survivors: 24.0M->5120.0K Heap: 1009.1M(2048.0M)->1013.1M(2048.0M)]
 [Times: user=0.48 sys=0.00, real=0.07 secs] 
2020-09-29T11:30:15.253+0200: 68.685: [GC concurrent-root-region-scan-start]
2020-09-29T11:30:15.254+0200: 68.687: [GC concurrent-root-region-scan-end, 0.0016770 secs]
2020-09-29T11:30:15.254+0200: 68.687: [GC concurrent-mark-start]
2020-09-29T11:30:15.258+0200: 68.691: [GC concurrent-mark-end, 0.0039587 secs]
2020-09-29T11:30:15.258+0200: 68.691: [GC remark 2020-09-29T11:30:15.259+0200: 68.691: [Finalize Marking, 0.0002819 secs] 2020-09-29T11:30:15.259+0200: 68.691: [GC ref-proc, 0.0005007 secs] 2020-09-29T11:30:15.259+0200: 68.692: [Unloading, 0.0006848 secs], 0.0025897 secs]
 [Times: user=0.00 sys=0.00, real=0.00 secs] 
2020-09-29T11:30:15.262+0200: 68.694: [GC cleanup 1022M->23M(2048M), 0.0022133 secs]
 [Times: user=0.00 sys=0.00, real=0.00 secs] 
2020-09-29T11:30:15.264+0200: 68.696: [GC concurrent-cleanup-start]
2020-09-29T11:30:15.266+0200: 68.698: [GC concurrent-cleanup-end, 0.0017647 secs]
2020-09-29T11:30:15.402+0200: 68.835: [GC pause (G1 Evacuation Pause) (young), 0.1549772 secs]
   [Parallel Time: 152.5 ms, GC Workers: 8]
      [GC Worker Start (ms): Min: 68835.1, Avg: 68835.2, Max: 68835.3, Diff: 0.2]
      [Ext Root Scanning (ms): Min: 0.0, Avg: 0.1, Max: 0.2, Diff: 0.2, Sum: 0.8]
      [Update RS (ms): Min: 18.6, Avg: 18.8, Max: 19.0, Diff: 0.5, Sum: 150.1]
         [Processed Buffers: Min: 11, Avg: 13.0, Max: 16, Diff: 5, Sum: 104]
      [Scan RS (ms): Min: 11.3, Avg: 11.5, Max: 11.7, Diff: 0.4, Sum: 92.2]
      [Code Root Scanning (ms): Min: 0.0, Avg: 0.0, Max: 0.0, Diff: 0.0, Sum: 0.0]
      [Object Copy (ms): Min: 121.6, Avg: 121.7, Max: 121.7, Diff: 0.1, Sum: 973.3]
      [Termination (ms): Min: 0.0, Avg: 0.1, Max: 0.1, Diff: 0.1, Sum: 0.6]
         [Termination Attempts: Min: 1, Avg: 277.3, Max: 362, Diff: 361, Sum: 2218]
      [GC Worker Other (ms): Min: 0.0, Avg: 0.0, Max: 0.1, Diff: 0.1, Sum: 0.4]
      [GC Worker Total (ms): Min: 152.0, Avg: 152.2, Max: 152.3, Diff: 0.3, Sum: 1217.4]
      [GC Worker End (ms): Min: 68987.4, Avg: 68987.4, Max: 68987.4, Diff: 0.1]
   [Code Root Fixup: 0.0 ms]
   [Code Root Purge: 0.0 ms]
   [Clear CT: 0.3 ms]
   [Other: 2.1 ms]
      [Choose CSet: 0.0 ms]
      [Ref Proc: 0.3 ms]
      [Ref Enq: 0.0 ms]
      [Redirty Cards: 1.2 ms]
      [Humongous Register: 0.1 ms]
      [Humongous Reclaim: 0.0 ms]
      [Free CSet: 0.2 ms]
   [Eden: 161.0M(161.0M)->0.0B(155.0M) Survivors: 5120.0K->21.0M Heap: 204.1M(2048.0M)->202.1M(2048.0M)]
 [Times: user=1.20 sys=0.00, real=0.16 secs] 
2020-09-29T11:30:15.715+0200: 69.148: [GC pause (G1 Evacuation Pause) (young), 0.1821344 secs]
   [Parallel Time: 177.9 ms, GC Workers: 8]
      [GC Worker Start (ms): Min: 69148.0, Avg: 69148.2, Max: 69148.3, Diff: 0.3]
      [Ext Root Scanning (ms): Min: 0.0, Avg: 0.1, Max: 0.3, Diff: 0.3, Sum: 0.8]
      [Update RS (ms): Min: 19.3, Avg: 19.5, Max: 20.0, Diff: 0.7, Sum: 155.9]
         [Processed Buffers: Min: 6, Avg: 11.9, Max: 14, Diff: 8, Sum: 95]
      [Scan RS (ms): Min: 13.0, Avg: 13.4, Max: 13.6, Diff: 0.7, Sum: 106.9]
      [Code Root Scanning (ms): Min: 0.0, Avg: 0.0, Max: 0.0, Diff: 0.0, Sum: 0.0]
      [Object Copy (ms): Min: 144.3, Avg: 144.4, Max: 144.6, Diff: 0.3, Sum: 1155.4]
      [Termination (ms): Min: 0.0, Avg: 0.1, Max: 0.1, Diff: 0.1, Sum: 0.6]
         [Termination Attempts: Min: 1, Avg: 285.8, Max: 353, Diff: 352, Sum: 2286]
      [GC Worker Other (ms): Min: 0.0, Avg: 0.1, Max: 0.1, Diff: 0.1, Sum: 0.5]
      [GC Worker Total (ms): Min: 177.4, Avg: 177.5, Max: 177.7, Diff: 0.4, Sum: 1420.2]
      [GC Worker End (ms): Min: 69325.7, Avg: 69325.7, Max: 69325.8, Diff: 0.1]
   [Code Root Fixup: 0.0 ms]
   [Code Root Purge: 0.0 ms]
   [Clear CT: 0.4 ms]
   [Other: 3.9 ms]
      [Choose CSet: 0.0 ms]
      [Ref Proc: 0.3 ms]
      [Ref Enq: 0.0 ms]
      [Redirty Cards: 2.9 ms]
      [Humongous Register: 0.0 ms]
      [Humongous Reclaim: 0.0 ms]
      [Free CSet: 0.3 ms]
   [Eden: 155.0M(155.0M)->0.0B(152.0M) Survivors: 21.0M->22.0M Heap: 381.9M(2048.0M)->383.4M(2048.0M)]
 [Times: user=1.36 sys=0.00, real=0.18 secs] 
2020-09-29T11:30:16.134+0200: 69.566: [GC pause (G1 Evacuation Pause) (young), 0.2628294 secs]
   [Parallel Time: 259.7 ms, GC Workers: 8]
      [GC Worker Start (ms): Min: 69566.6, Avg: 69566.9, Max: 69567.5, Diff: 0.9]
      [Ext Root Scanning (ms): Min: 0.0, Avg: 0.2, Max: 0.4, Diff: 0.4, Sum: 1.7]
      [Update RS (ms): Min: 32.4, Avg: 33.3, Max: 35.0, Diff: 2.5, Sum: 266.8]
         [Processed Buffers: Min: 11, Avg: 12.1, Max: 13, Diff: 2, Sum: 97]
      [Scan RS (ms): Min: 19.6, Avg: 21.2, Max: 21.7, Diff: 2.1, Sum: 169.6]
      [Code Root Scanning (ms): Min: 0.0, Avg: 0.0, Max: 0.0, Diff: 0.0, Sum: 0.0]
      [Object Copy (ms): Min: 204.1, Avg: 204.2, Max: 204.3, Diff: 0.3, Sum: 1633.7]
      [Termination (ms): Min: 0.0, Avg: 0.1, Max: 0.1, Diff: 0.1, Sum: 0.6]
         [Termination Attempts: Min: 1, Avg: 132.5, Max: 166, Diff: 165, Sum: 1060]
      [GC Worker Other (ms): Min: 0.0, Avg: 0.0, Max: 0.1, Diff: 0.0, Sum: 0.4]
      [GC Worker Total (ms): Min: 258.5, Avg: 259.1, Max: 259.4, Diff: 0.9, Sum: 2072.9]
      [GC Worker End (ms): Min: 69826.0, Avg: 69826.0, Max: 69826.0, Diff: 0.0]
   [Code Root Fixup: 0.0 ms]
   [Code Root Purge: 0.0 ms]
   [Clear CT: 0.6 ms]
   [Other: 2.5 ms]
      [Choose CSet: 0.0 ms]
      [Ref Proc: 0.8 ms]
      [Ref Enq: 0.0 ms]
      [Redirty Cards: 0.7 ms]
      [Humongous Register: 0.1 ms]
      [Humongous Reclaim: 0.0 ms]
      [Free CSet: 0.4 ms]
   [Eden: 152.0M(152.0M)->0.0B(109.0M) Survivors: 22.0M->22.0M Heap: 560.2M(2048.0M)->561.7M(2048.0M)]
 [Times: user=2.00 sys=0.02, real=0.26 secs] 
2020-09-29T11:30:16.565+0200: 69.997: [GC pause (G1 Evacuation Pause) (young), 0.2155466 secs]
   [Parallel Time: 213.1 ms, GC Workers: 8]
      [GC Worker Start (ms): Min: 69997.2, Avg: 69997.4, Max: 69997.6, Diff: 0.4]
      [Ext Root Scanning (ms): Min: 0.0, Avg: 0.2, Max: 0.4, Diff: 0.4, Sum: 1.6]
      [Update RS (ms): Min: 30.0, Avg: 30.3, Max: 30.9, Diff: 0.9, Sum: 242.1]
         [Processed Buffers: Min: 11, Avg: 11.8, Max: 13, Diff: 2, Sum: 94]
      [Scan RS (ms): Min: 13.5, Avg: 14.3, Max: 14.7, Diff: 1.1, Sum: 114.5]
      [Code Root Scanning (ms): Min: 0.0, Avg: 0.0, Max: 0.0, Diff: 0.0, Sum: 0.0]
      [Object Copy (ms): Min: 167.3, Avg: 167.5, Max: 167.6, Diff: 0.3, Sum: 1340.3]
      [Termination (ms): Min: 0.1, Avg: 0.3, Max: 0.4, Diff: 0.2, Sum: 2.0]
         [Termination Attempts: Min: 1, Avg: 326.6, Max: 396, Diff: 395, Sum: 2613]
      [GC Worker Other (ms): Min: 0.0, Avg: 0.0, Max: 0.1, Diff: 0.1, Sum: 0.4]
      [GC Worker Total (ms): Min: 212.5, Avg: 212.6, Max: 212.8, Diff: 0.3, Sum: 1700.9]
      [GC Worker End (ms): Min: 70210.0, Avg: 70210.0, Max: 70210.1, Diff: 0.1]
   [Code Root Fixup: 0.0 ms]
   [Code Root Purge: 0.0 ms]
   [Clear CT: 0.5 ms]
   [Other: 2.0 ms]
      [Choose CSet: 0.0 ms]
      [Ref Proc: 0.5 ms]
      [Ref Enq: 0.0 ms]
      [Redirty Cards: 0.7 ms]
      [Humongous Register: 0.1 ms]
      [Humongous Reclaim: 0.0 ms]
      [Free CSet: 0.3 ms]
   [Eden: 109.0M(109.0M)->0.0B(97.0M) Survivors: 22.0M->17.0M Heap: 689.8M(2048.0M)->691.8M(2048.0M)]
 [Times: user=1.75 sys=0.00, real=0.22 secs] 
2020-09-29T11:30:16.932+0200: 70.364: [GC pause (G1 Evacuation Pause) (young), 0.1977361 secs]
   [Parallel Time: 193.5 ms, GC Workers: 8]
      [GC Worker Start (ms): Min: 70364.1, Avg: 70364.3, Max: 70364.5, Diff: 0.4]
      [Ext Root Scanning (ms): Min: 0.0, Avg: 0.2, Max: 0.3, Diff: 0.3, Sum: 1.7]
      [Update RS (ms): Min: 31.3, Avg: 32.1, Max: 34.3, Diff: 3.1, Sum: 256.6]
         [Processed Buffers: Min: 8, Avg: 10.9, Max: 14, Diff: 6, Sum: 87]
      [Scan RS (ms): Min: 8.1, Avg: 10.3, Max: 11.1, Diff: 3.0, Sum: 82.7]
      [Code Root Scanning (ms): Min: 0.0, Avg: 0.0, Max: 0.0, Diff: 0.0, Sum: 0.0]
      [Object Copy (ms): Min: 149.9, Avg: 150.1, Max: 150.3, Diff: 0.3, Sum: 1200.9]
      [Termination (ms): Min: 0.0, Avg: 0.2, Max: 0.3, Diff: 0.3, Sum: 1.6]
         [Termination Attempts: Min: 1, Avg: 413.8, Max: 535, Diff: 534, Sum: 3310]
      [GC Worker Other (ms): Min: 0.0, Avg: 0.1, Max: 0.1, Diff: 0.1, Sum: 0.4]
      [GC Worker Total (ms): Min: 192.8, Avg: 193.0, Max: 193.1, Diff: 0.4, Sum: 1544.0]
      [GC Worker End (ms): Min: 70557.2, Avg: 70557.3, Max: 70557.3, Diff: 0.1]
   [Code Root Fixup: 0.0 ms]
   [Code Root Purge: 0.0 ms]
   [Clear CT: 0.8 ms]
   [Other: 3.4 ms]
      [Choose CSet: 0.0 ms]
      [Ref Proc: 0.6 ms]
      [Ref Enq: 0.0 ms]
      [Redirty Cards: 2.0 ms]
      [Humongous Register: 0.1 ms]
      [Humongous Reclaim: 0.0 ms]
      [Free CSet: 0.2 ms]
   [Eden: 97.0M(97.0M)->0.0B(91.0M) Survivors: 17.0M->15.0M Heap: 804.0M(2048.0M)->806.5M(2048.0M)]
 [Times: user=1.50 sys=0.00, real=0.20 secs] 
2020-09-29T11:30:17.273+0200: 70.705: [GC pause (G1 Evacuation Pause) (young), 0.1691840 secs]
   [Parallel Time: 166.8 ms, GC Workers: 8]
      [GC Worker Start (ms): Min: 70705.4, Avg: 70705.6, Max: 70705.8, Diff: 0.4]
      [Ext Root Scanning (ms): Min: 0.0, Avg: 0.2, Max: 0.4, Diff: 0.4, Sum: 1.5]
      [Update RS (ms): Min: 25.3, Avg: 26.5, Max: 27.4, Diff: 2.1, Sum: 212.3]
         [Processed Buffers: Min: 9, Avg: 9.9, Max: 11, Diff: 2, Sum: 79]
      [Scan RS (ms): Min: 9.2, Avg: 10.2, Max: 11.3, Diff: 2.2, Sum: 81.4]
      [Code Root Scanning (ms): Min: 0.0, Avg: 0.0, Max: 0.0, Diff: 0.0, Sum: 0.0]
      [Object Copy (ms): Min: 129.2, Avg: 129.3, Max: 129.5, Diff: 0.2, Sum: 1034.8]
      [Termination (ms): Min: 0.0, Avg: 0.0, Max: 0.0, Diff: 0.0, Sum: 0.0]
         [Termination Attempts: Min: 1, Avg: 4.5, Max: 8, Diff: 7, Sum: 36]
      [GC Worker Other (ms): Min: 0.0, Avg: 0.1, Max: 0.1, Diff: 0.1, Sum: 0.5]
      [GC Worker Total (ms): Min: 166.2, Avg: 166.3, Max: 166.6, Diff: 0.4, Sum: 1330.5]
      [GC Worker End (ms): Min: 70871.8, Avg: 70871.9, Max: 70871.9, Diff: 0.1]
   [Code Root Fixup: 0.0 ms]
   [Code Root Purge: 0.0 ms]
   [Clear CT: 0.5 ms]
   [Other: 1.8 ms]
      [Choose CSet: 0.0 ms]
      [Ref Proc: 0.5 ms]
      [Ref Enq: 0.0 ms]
      [Redirty Cards: 0.6 ms]
      [Humongous Register: 0.1 ms]
      [Humongous Reclaim: 0.0 ms]
      [Free CSet: 0.2 ms]
   [Eden: 91.0M(91.0M)->0.0B(93.0M) Survivors: 15.0M->14.0M Heap: 912.8M(2048.0M)->914.8M(2048.0M)]
 [Times: user=1.27 sys=0.00, real=0.17 secs] 
2020-09-29T11:30:17.573+0200: 71.006: [GC pause (G1 Humongous Allocation) (young) (initial-mark), 0.1589664 secs]
   [Parallel Time: 155.6 ms, GC Workers: 8]
      [GC Worker Start (ms): Min: 71005.9, Avg: 71006.2, Max: 71006.4, Diff: 0.5]
      [Ext Root Scanning (ms): Min: 0.0, Avg: 0.4, Max: 0.9, Diff: 0.9, Sum: 3.2]
      [Update RS (ms): Min: 18.1, Avg: 18.8, Max: 19.7, Diff: 1.7, Sum: 150.2]
         [Processed Buffers: Min: 6, Avg: 7.1, Max: 8, Diff: 2, Sum: 57]
      [Scan RS (ms): Min: 10.3, Avg: 11.1, Max: 11.7, Diff: 1.4, Sum: 89.0]
      [Code Root Scanning (ms): Min: 0.0, Avg: 0.0, Max: 0.0, Diff: 0.0, Sum: 0.0]
      [Object Copy (ms): Min: 124.4, Avg: 124.5, Max: 124.6, Diff: 0.3, Sum: 996.2]
      [Termination (ms): Min: 0.0, Avg: 0.1, Max: 0.2, Diff: 0.2, Sum: 1.2]
         [Termination Attempts: Min: 1, Avg: 39.1, Max: 59, Diff: 58, Sum: 313]
      [GC Worker Other (ms): Min: 0.0, Avg: 0.0, Max: 0.0, Diff: 0.0, Sum: 0.2]
      [GC Worker Total (ms): Min: 154.8, Avg: 155.0, Max: 155.2, Diff: 0.4, Sum: 1240.0]
      [GC Worker End (ms): Min: 71161.1, Avg: 71161.2, Max: 71161.2, Diff: 0.1]
   [Code Root Fixup: 0.0 ms]
   [Code Root Purge: 0.0 ms]
   [Clear CT: 1.0 ms]
   [Other: 2.3 ms]
      [Choose CSet: 0.0 ms]
      [Ref Proc: 0.6 ms]
      [Ref Enq: 0.0 ms]
      [Redirty Cards: 0.9 ms]
      [Humongous Register: 0.1 ms]
      [Humongous Reclaim: 0.0 ms]
      [Free CSet: 0.2 ms]
   [Eden: 82.0M(93.0M)->0.0B(94.0M) Survivors: 14.0M->14.0M Heap: 1010.1M(2048.0M)->1012.1M(2048.0M)]
 [Times: user=1.25 sys=0.00, real=0.16 secs] 
2020-09-29T11:30:17.732+0200: 71.165: [GC concurrent-root-region-scan-start]
2020-09-29T11:30:17.746+0200: 71.179: [GC concurrent-root-region-scan-end, 0.0137184 secs]
2020-09-29T11:30:17.746+0200: 71.179: [GC concurrent-mark-start]
2020-09-29T11:30:17.755+0200: 71.188: [GC concurrent-mark-end, 0.0092657 secs]
2020-09-29T11:30:17.756+0200: 71.189: [GC remark 2020-09-29T11:30:17.756+0200: 71.189: [Finalize Marking, 0.0008141 secs] 2020-09-29T11:30:17.757+0200: 71.190: [GC ref-proc, 0.0008854 secs] 2020-09-29T11:30:17.758+0200: 71.191: [Unloading, 0.0018495 secs], 0.0052604 secs]
 [Times: user=0.00 sys=0.00, real=0.00 secs] 
2020-09-29T11:30:17.762+0200: 71.195: [GC cleanup 1024M->35M(2048M), 0.0052640 secs]
 [Times: user=0.00 sys=0.00, real=0.01 secs] 
2020-09-29T11:30:17.768+0200: 71.201: [GC concurrent-cleanup-start]
2020-09-29T11:30:17.771+0200: 71.204: [GC concurrent-cleanup-end, 0.0029873 secs]
2020-09-29T11:30:17.893+0200: 71.326: [GC pause (G1 Evacuation Pause) (young), 0.1580932 secs]
   [Parallel Time: 155.6 ms, GC Workers: 8]
      [GC Worker Start (ms): Min: 71326.0, Avg: 71326.2, Max: 71326.4, Diff: 0.4]
      [Ext Root Scanning (ms): Min: 0.0, Avg: 0.2, Max: 0.4, Diff: 0.4, Sum: 1.6]
      [Update RS (ms): Min: 24.6, Avg: 25.1, Max: 26.9, Diff: 2.3, Sum: 201.1]
         [Processed Buffers: Min: 9, Avg: 11.0, Max: 13, Diff: 4, Sum: 88]
      [Scan RS (ms): Min: 5.8, Avg: 7.6, Max: 8.2, Diff: 2.4, Sum: 60.8]
      [Code Root Scanning (ms): Min: 0.0, Avg: 0.0, Max: 0.0, Diff: 0.0, Sum: 0.0]
      [Object Copy (ms): Min: 121.4, Avg: 121.6, Max: 121.8, Diff: 0.4, Sum: 973.2]
      [Termination (ms): Min: 0.0, Avg: 0.2, Max: 0.3, Diff: 0.3, Sum: 2.0]
         [Termination Attempts: Min: 1, Avg: 534.1, Max: 650, Diff: 649, Sum: 4273]
      [GC Worker Other (ms): Min: 0.0, Avg: 0.0, Max: 0.1, Diff: 0.0, Sum: 0.3]
      [GC Worker Total (ms): Min: 154.7, Avg: 154.9, Max: 155.1, Diff: 0.3, Sum: 1238.8]
      [GC Worker End (ms): Min: 71481.1, Avg: 71481.1, Max: 71481.1, Diff: 0.0]
   [Code Root Fixup: 0.0 ms]
   [Code Root Purge: 0.0 ms]
   [Clear CT: 0.6 ms]
   [Other: 1.9 ms]
      [Choose CSet: 0.0 ms]
      [Ref Proc: 0.6 ms]
      [Ref Enq: 0.0 ms]
      [Redirty Cards: 0.6 ms]
      [Humongous Register: 0.1 ms]
      [Humongous Reclaim: 0.0 ms]
      [Free CSet: 0.2 ms]
   [Eden: 94.0M(94.0M)->0.0B(97.0M) Survivors: 14.0M->14.0M Heap: 135.2M(2048.0M)->122.7M(2048.0M)]
 [Times: user=1.16 sys=0.05, real=0.16 secs] 
2020-09-29T11:30:18.206+0200: 71.638: [GC pause (G1 Evacuation Pause) (young), 0.1768255 secs]
   [Parallel Time: 174.3 ms, GC Workers: 8]
      [GC Worker Start (ms): Min: 71638.0, Avg: 71638.3, Max: 71638.4, Diff: 0.4]
      [Ext Root Scanning (ms): Min: 0.0, Avg: 0.2, Max: 0.4, Diff: 0.4, Sum: 1.4]
      [Update RS (ms): Min: 18.8, Avg: 19.6, Max: 20.6, Diff: 1.9, Sum: 157.2]
         [Processed Buffers: Min: 8, Avg: 8.4, Max: 9, Diff: 1, Sum: 67]
      [Scan RS (ms): Min: 11.9, Avg: 13.1, Max: 13.9, Diff: 2.0, Sum: 105.0]
      [Code Root Scanning (ms): Min: 0.0, Avg: 0.0, Max: 0.0, Diff: 0.0, Sum: 0.0]
      [Object Copy (ms): Min: 138.9, Avg: 140.5, Max: 140.9, Diff: 2.0, Sum: 1124.4]
      [Termination (ms): Min: 0.0, Avg: 0.1, Max: 0.1, Diff: 0.1, Sum: 0.8]
         [Termination Attempts: Min: 1, Avg: 219.8, Max: 267, Diff: 266, Sum: 1758]
      [GC Worker Other (ms): Min: 0.0, Avg: 0.1, Max: 0.1, Diff: 0.1, Sum: 0.4]
      [GC Worker Total (ms): Min: 173.5, Avg: 173.6, Max: 173.9, Diff: 0.5, Sum: 1389.2]
      [GC Worker End (ms): Min: 71811.9, Avg: 71811.9, Max: 71811.9, Diff: 0.1]
   [Code Root Fixup: 0.0 ms]
   [Code Root Purge: 0.0 ms]
   [Clear CT: 0.7 ms]
   [Other: 1.9 ms]
      [Choose CSet: 0.0 ms]
      [Ref Proc: 0.6 ms]
      [Ref Enq: 0.0 ms]
      [Redirty Cards: 0.7 ms]
      [Humongous Register: 0.1 ms]
      [Humongous Reclaim: 0.0 ms]
      [Free CSet: 0.2 ms]
   [Eden: 97.0M(97.0M)->0.0B(98.0M) Survivors: 14.0M->14.0M Heap: 234.9M(2048.0M)->236.4M(2048.0M)]
 [Times: user=1.33 sys=0.02, real=0.18 secs] 
2020-09-29T11:30:18.534+0200: 71.966: [GC pause (G1 Evacuation Pause) (young), 0.1831634 secs]
   [Parallel Time: 180.6 ms, GC Workers: 8]
      [GC Worker Start (ms): Min: 71966.2, Avg: 71967.1, Max: 71969.4, Diff: 3.2]
      [Ext Root Scanning (ms): Min: 0.0, Avg: 0.2, Max: 0.4, Diff: 0.4, Sum: 1.4]
      [Update RS (ms): Min: 20.8, Avg: 23.3, Max: 24.4, Diff: 3.6, Sum: 186.2]
         [Processed Buffers: Min: 7, Avg: 9.6, Max: 13, Diff: 6, Sum: 77]
      [Scan RS (ms): Min: 13.5, Avg: 16.7, Max: 36.4, Diff: 22.9, Sum: 133.5]
      [Code Root Scanning (ms): Min: 0.0, Avg: 0.0, Max: 0.0, Diff: 0.0, Sum: 0.0]
      [Object Copy (ms): Min: 119.4, Avg: 139.1, Max: 142.1, Diff: 22.6, Sum: 1113.0]
      [Termination (ms): Min: 0.0, Avg: 0.0, Max: 0.0, Diff: 0.0, Sum: 0.2]
         [Termination Attempts: Min: 1, Avg: 34.4, Max: 51, Diff: 50, Sum: 275]
      [GC Worker Other (ms): Min: 0.0, Avg: 0.1, Max: 0.1, Diff: 0.1, Sum: 0.4]
      [GC Worker Total (ms): Min: 177.0, Avg: 179.3, Max: 180.3, Diff: 3.3, Sum: 1434.7]
      [GC Worker End (ms): Min: 72146.4, Avg: 72146.5, Max: 72146.5, Diff: 0.1]
   [Code Root Fixup: 0.0 ms]
   [Code Root Purge: 0.0 ms]
   [Clear CT: 0.7 ms]
   [Other: 1.8 ms]
      [Choose CSet: 0.0 ms]
      [Ref Proc: 0.4 ms]
      [Ref Enq: 0.0 ms]
      [Redirty Cards: 0.7 ms]
      [Humongous Register: 0.1 ms]
      [Humongous Reclaim: 0.0 ms]
      [Free CSet: 0.2 ms]
   [Eden: 98.0M(98.0M)->0.0B(96.0M) Survivors: 14.0M->14.0M Heap: 351.6M(2048.0M)->354.1M(2048.0M)]
 [Times: user=1.44 sys=0.00, real=0.18 secs] 
2020-09-29T11:30:18.864+0200: 72.297: [GC pause (G1 Evacuation Pause) (young), 0.1805223 secs]
   [Parallel Time: 175.8 ms, GC Workers: 8]
      [GC Worker Start (ms): Min: 72296.8, Avg: 72296.9, Max: 72297.2, Diff: 0.4]
      [Ext Root Scanning (ms): Min: 0.0, Avg: 0.2, Max: 0.4, Diff: 0.4, Sum: 1.6]
      [Update RS (ms): Min: 22.0, Avg: 22.9, Max: 24.7, Diff: 2.7, Sum: 182.9]
         [Processed Buffers: Min: 8, Avg: 9.1, Max: 10, Diff: 2, Sum: 73]
      [Scan RS (ms): Min: 10.2, Avg: 11.9, Max: 12.7, Diff: 2.5, Sum: 95.4]
      [Code Root Scanning (ms): Min: 0.0, Avg: 0.0, Max: 0.0, Diff: 0.0, Sum: 0.0]
      [Object Copy (ms): Min: 139.9, Avg: 140.0, Max: 140.3, Diff: 0.3, Sum: 1120.3]
      [Termination (ms): Min: 0.0, Avg: 0.2, Max: 0.3, Diff: 0.3, Sum: 1.5]
         [Termination Attempts: Min: 1, Avg: 346.1, Max: 467, Diff: 466, Sum: 2769]
      [GC Worker Other (ms): Min: 0.0, Avg: 0.1, Max: 0.1, Diff: 0.1, Sum: 0.4]
      [GC Worker Total (ms): Min: 175.0, Avg: 175.3, Max: 175.5, Diff: 0.5, Sum: 1402.2]
      [GC Worker End (ms): Min: 72472.2, Avg: 72472.2, Max: 72472.3, Diff: 0.1]
   [Code Root Fixup: 0.0 ms]
   [Code Root Purge: 0.0 ms]
   [Clear CT: 0.9 ms]
   [Other: 3.8 ms]
      [Choose CSet: 0.0 ms]
      [Ref Proc: 0.5 ms]
      [Ref Enq: 0.0 ms]
      [Redirty Cards: 2.6 ms]
      [Humongous Register: 0.1 ms]
      [Humongous Reclaim: 0.0 ms]
      [Free CSet: 0.2 ms]
   [Eden: 96.0M(96.0M)->0.0B(97.0M) Survivors: 14.0M->14.0M Heap: 465.4M(2048.0M)->467.9M(2048.0M)]
 [Times: user=1.34 sys=0.00, real=0.18 secs] 
2020-09-29T11:30:19.210+0200: 72.642: [GC pause (G1 Evacuation Pause) (young), 0.1730081 secs]
   [Parallel Time: 170.6 ms, GC Workers: 8]
      [GC Worker Start (ms): Min: 72642.1, Avg: 72642.3, Max: 72642.5, Diff: 0.4]
      [Ext Root Scanning (ms): Min: 0.0, Avg: 0.2, Max: 0.4, Diff: 0.4, Sum: 1.5]
      [Update RS (ms): Min: 16.7, Avg: 17.1, Max: 18.1, Diff: 1.4, Sum: 136.4]
         [Processed Buffers: Min: 7, Avg: 8.0, Max: 9, Diff: 2, Sum: 64]
      [Scan RS (ms): Min: 13.4, Avg: 14.4, Max: 14.9, Diff: 1.5, Sum: 115.5]
      [Code Root Scanning (ms): Min: 0.0, Avg: 0.0, Max: 0.0, Diff: 0.0, Sum: 0.0]
      [Object Copy (ms): Min: 138.0, Avg: 138.1, Max: 138.3, Diff: 0.3, Sum: 1104.9]
      [Termination (ms): Min: 0.0, Avg: 0.1, Max: 0.2, Diff: 0.2, Sum: 1.2]
         [Termination Attempts: Min: 1, Avg: 283.4, Max: 356, Diff: 355, Sum: 2267]
      [GC Worker Other (ms): Min: 0.0, Avg: 0.1, Max: 0.1, Diff: 0.1, Sum: 0.4]
      [GC Worker Total (ms): Min: 169.8, Avg: 170.0, Max: 170.2, Diff: 0.4, Sum: 1359.9]
      [GC Worker End (ms): Min: 72812.3, Avg: 72812.3, Max: 72812.3, Diff: 0.1]
   [Code Root Fixup: 0.0 ms]
   [Code Root Purge: 0.0 ms]
   [Clear CT: 0.6 ms]
   [Other: 1.8 ms]
      [Choose CSet: 0.0 ms]
      [Ref Proc: 0.5 ms]
      [Ref Enq: 0.0 ms]
      [Redirty Cards: 0.6 ms]
      [Humongous Register: 0.1 ms]
      [Humongous Reclaim: 0.0 ms]
      [Free CSet: 0.3 ms]
   [Eden: 97.0M(97.0M)->0.0B(98.0M) Survivors: 14.0M->14.0M Heap: 582.0M(2048.0M)->583.5M(2048.0M)]
 [Times: user=1.38 sys=0.00, real=0.17 secs] 
2020-09-29T11:30:19.540+0200: 72.973: [GC pause (G1 Evacuation Pause) (young), 0.2010548 secs]
   [Parallel Time: 198.9 ms, GC Workers: 8]
      [GC Worker Start (ms): Min: 72973.2, Avg: 72974.0, Max: 72978.0, Diff: 4.8]
      [Ext Root Scanning (ms): Min: 0.0, Avg: 0.2, Max: 0.4, Diff: 0.4, Sum: 1.5]
      [Update RS (ms): Min: 18.7, Avg: 23.8, Max: 31.6, Diff: 12.9, Sum: 190.6]
         [Processed Buffers: Min: 6, Avg: 8.5, Max: 11, Diff: 5, Sum: 68]
      [Scan RS (ms): Min: 7.2, Avg: 15.2, Max: 21.9, Diff: 14.7, Sum: 121.4]
      [Code Root Scanning (ms): Min: 0.0, Avg: 0.0, Max: 0.0, Diff: 0.0, Sum: 0.0]
      [Object Copy (ms): Min: 152.4, Avg: 158.4, Max: 159.4, Diff: 7.0, Sum: 1267.5]
      [Termination (ms): Min: 0.0, Avg: 0.1, Max: 0.1, Diff: 0.1, Sum: 0.9]
         [Termination Attempts: Min: 1, Avg: 226.4, Max: 278, Diff: 277, Sum: 1811]
      [GC Worker Other (ms): Min: 0.0, Avg: 0.1, Max: 0.1, Diff: 0.1, Sum: 0.4]
      [GC Worker Total (ms): Min: 193.7, Avg: 197.8, Max: 198.5, Diff: 4.8, Sum: 1582.3]
      [GC Worker End (ms): Min: 73171.7, Avg: 73171.8, Max: 73171.8, Diff: 0.1]
   [Code Root Fixup: 0.0 ms]
   [Code Root Purge: 0.0 ms]
   [Clear CT: 0.5 ms]
   [Other: 1.7 ms]
      [Choose CSet: 0.0 ms]
      [Ref Proc: 0.5 ms]
      [Ref Enq: 0.0 ms]
      [Redirty Cards: 0.5 ms]
      [Humongous Register: 0.1 ms]
      [Humongous Reclaim: 0.0 ms]
      [Free CSet: 0.3 ms]
   [Eden: 98.0M(98.0M)->0.0B(92.0M) Survivors: 14.0M->14.0M Heap: 696.8M(2048.0M)->698.3M(2048.0M)]
 [Times: user=1.58 sys=0.00, real=0.20 secs] 
2020-09-29T11:30:19.887+0200: 73.319: [GC pause (G1 Evacuation Pause) (young), 0.1702779 secs]
   [Parallel Time: 165.7 ms, GC Workers: 8]
      [GC Worker Start (ms): Min: 73319.7, Avg: 73319.9, Max: 73320.1, Diff: 0.4]
      [Ext Root Scanning (ms): Min: 0.0, Avg: 0.2, Max: 0.4, Diff: 0.4, Sum: 1.4]
      [Update RS (ms): Min: 18.6, Avg: 19.1, Max: 19.8, Diff: 1.2, Sum: 152.8]
         [Processed Buffers: Min: 7, Avg: 7.9, Max: 10, Diff: 3, Sum: 63]
      [Scan RS (ms): Min: 12.1, Avg: 12.9, Max: 13.5, Diff: 1.4, Sum: 103.0]
      [Code Root Scanning (ms): Min: 0.0, Avg: 0.0, Max: 0.0, Diff: 0.0, Sum: 0.0]
      [Object Copy (ms): Min: 132.7, Avg: 132.8, Max: 133.1, Diff: 0.4, Sum: 1062.6]
      [Termination (ms): Min: 0.0, Avg: 0.1, Max: 0.1, Diff: 0.1, Sum: 0.6]
         [Termination Attempts: Min: 1, Avg: 160.8, Max: 202, Diff: 201, Sum: 1286]
      [GC Worker Other (ms): Min: 0.0, Avg: 0.1, Max: 0.2, Diff: 0.1, Sum: 0.7]
      [GC Worker Total (ms): Min: 164.9, Avg: 165.1, Max: 165.4, Diff: 0.5, Sum: 1321.1]
      [GC Worker End (ms): Min: 73485.0, Avg: 73485.1, Max: 73485.2, Diff: 0.1]
   [Code Root Fixup: 0.0 ms]
   [Code Root Purge: 0.0 ms]
   [Clear CT: 1.5 ms]
   [Other: 3.1 ms]
      [Choose CSet: 0.0 ms]
      [Ref Proc: 1.9 ms]
      [Ref Enq: 0.0 ms]
      [Redirty Cards: 0.6 ms]
      [Humongous Register: 0.1 ms]
      [Humongous Reclaim: 0.0 ms]
      [Free CSet: 0.2 ms]
   [Eden: 92.0M(92.0M)->0.0B(95.0M) Survivors: 14.0M->14.0M Heap: 805.5M(2048.0M)->808.0M(2048.0M)]
 [Times: user=1.38 sys=0.00, real=0.17 secs] 
2020-09-29T11:30:20.208+0200: 73.641: [GC pause (G1 Evacuation Pause) (young), 0.1679704 secs]
   [Parallel Time: 165.7 ms, GC Workers: 8]
      [GC Worker Start (ms): Min: 73640.8, Avg: 73641.0, Max: 73641.1, Diff: 0.3]
      [Ext Root Scanning (ms): Min: 0.1, Avg: 0.2, Max: 0.4, Diff: 0.3, Sum: 1.6]
      [Update RS (ms): Min: 17.4, Avg: 18.0, Max: 19.3, Diff: 1.9, Sum: 144.2]
         [Processed Buffers: Min: 7, Avg: 8.6, Max: 11, Diff: 4, Sum: 69]
      [Scan RS (ms): Min: 13.0, Avg: 14.4, Max: 15.4, Diff: 2.4, Sum: 115.4]
      [Code Root Scanning (ms): Min: 0.0, Avg: 0.0, Max: 0.0, Diff: 0.0, Sum: 0.0]
      [Object Copy (ms): Min: 131.7, Avg: 132.1, Max: 132.3, Diff: 0.6, Sum: 1056.4]
      [Termination (ms): Min: 0.1, Avg: 0.3, Max: 0.4, Diff: 0.3, Sum: 2.4]
         [Termination Attempts: Min: 1, Avg: 111.0, Max: 147, Diff: 146, Sum: 888]
      [GC Worker Other (ms): Min: 0.0, Avg: 0.0, Max: 0.1, Diff: 0.1, Sum: 0.3]
      [GC Worker Total (ms): Min: 164.9, Avg: 165.0, Max: 165.2, Diff: 0.3, Sum: 1320.3]
      [GC Worker End (ms): Min: 73806.0, Avg: 73806.1, Max: 73806.1, Diff: 0.1]
   [Code Root Fixup: 0.0 ms]
   [Code Root Purge: 0.0 ms]
   [Clear CT: 0.7 ms]
   [Other: 1.5 ms]
      [Choose CSet: 0.0 ms]
      [Ref Proc: 0.4 ms]
      [Ref Enq: 0.0 ms]
      [Redirty Cards: 0.5 ms]
      [Humongous Register: 0.1 ms]
      [Humongous Reclaim: 0.0 ms]
      [Free CSet: 0.2 ms]
   [Eden: 95.0M(95.0M)->0.0B(98.0M) Survivors: 14.0M->14.0M Heap: 920.2M(2048.0M)->922.2M(2048.0M)]
 [Times: user=1.22 sys=0.00, real=0.17 secs] 
2020-09-29T11:30:20.450+0200: 73.882: [GC pause (G1 Humongous Allocation) (young) (initial-mark), 0.1021126 secs]
   [Parallel Time: 98.7 ms, GC Workers: 8]
      [GC Worker Start (ms): Min: 73882.4, Avg: 73882.7, Max: 73882.8, Diff: 0.4]
      [Ext Root Scanning (ms): Min: 0.1, Avg: 0.2, Max: 0.4, Diff: 0.4, Sum: 1.7]
      [Update RS (ms): Min: 17.0, Avg: 18.4, Max: 19.4, Diff: 2.3, Sum: 147.2]
         [Processed Buffers: Min: 6, Avg: 6.9, Max: 7, Diff: 1, Sum: 55]
      [Scan RS (ms): Min: 2.6, Avg: 3.7, Max: 5.0, Diff: 2.4, Sum: 29.4]
      [Code Root Scanning (ms): Min: 0.0, Avg: 0.0, Max: 0.0, Diff: 0.0, Sum: 0.0]
      [Object Copy (ms): Min: 75.8, Avg: 75.9, Max: 76.0, Diff: 0.2, Sum: 607.5]
      [Termination (ms): Min: 0.0, Avg: 0.0, Max: 0.0, Diff: 0.0, Sum: 0.1]
         [Termination Attempts: Min: 1, Avg: 20.4, Max: 32, Diff: 31, Sum: 163]
      [GC Worker Other (ms): Min: 0.0, Avg: 0.1, Max: 0.1, Diff: 0.1, Sum: 0.5]
      [GC Worker Total (ms): Min: 98.1, Avg: 98.3, Max: 98.6, Diff: 0.4, Sum: 786.4]
      [GC Worker End (ms): Min: 73980.9, Avg: 73981.0, Max: 73981.0, Diff: 0.1]
   [Code Root Fixup: 0.0 ms]
   [Code Root Purge: 0.0 ms]
   [Clear CT: 0.9 ms]
   [Other: 2.5 ms]
      [Choose CSet: 0.0 ms]
      [Ref Proc: 0.6 ms]
      [Ref Enq: 0.0 ms]
      [Redirty Cards: 1.2 ms]
      [Humongous Register: 0.1 ms]
      [Humongous Reclaim: 0.0 ms]
      [Free CSet: 0.1 ms]
   [Eden: 46.0M(98.0M)->0.0B(102.0M) Survivors: 14.0M->14.0M Heap: 973.9M(2048.0M)->974.9M(2048.0M)]
 [Times: user=0.75 sys=0.02, real=0.11 secs] 
2020-09-29T11:30:20.558+0200: 73.991: [GC concurrent-root-region-scan-start]
2020-09-29T11:30:20.572+0200: 74.005: [GC concurrent-root-region-scan-end, 0.0138148 secs]
2020-09-29T11:30:20.572+0200: 74.005: [GC concurrent-mark-start]
2020-09-29T11:30:20.579+0200: 74.012: [GC concurrent-mark-end, 0.0072199 secs]
2020-09-29T11:30:20.580+0200: 74.012: [GC remark 2020-09-29T11:30:20.580+0200: 74.012: [Finalize Marking, 0.0010888 secs] 2020-09-29T11:30:20.581+0200: 74.014: [GC ref-proc, 0.0008464 secs] 2020-09-29T11:30:20.582+0200: 74.014: [Unloading, 0.0016389 secs], 0.0043940 secs]
 [Times: user=0.02 sys=0.00, real=0.00 secs] 
2020-09-29T11:30:20.585+0200: 74.018: [GC cleanup 991M->40M(2048M), 0.0038858 secs]
 [Times: user=0.00 sys=0.00, real=0.00 secs] 
2020-09-29T11:30:20.589+0200: 74.022: [GC concurrent-cleanup-start]
2020-09-29T11:30:20.592+0200: 74.024: [GC concurrent-cleanup-end, 0.0025261 secs]
2020-09-29T11:30:20.722+0200: 74.154: [GC pause (G1 Evacuation Pause) (young), 0.1670691 secs]
   [Parallel Time: 164.6 ms, GC Workers: 8]
      [GC Worker Start (ms): Min: 74154.6, Avg: 74154.8, Max: 74155.0, Diff: 0.4]
      [Ext Root Scanning (ms): Min: 0.0, Avg: 0.2, Max: 0.4, Diff: 0.4, Sum: 1.4]
      [Update RS (ms): Min: 25.4, Avg: 26.5, Max: 27.5, Diff: 2.1, Sum: 211.9]
         [Processed Buffers: Min: 5, Avg: 9.4, Max: 12, Diff: 7, Sum: 75]
      [Scan RS (ms): Min: 8.7, Avg: 9.6, Max: 10.7, Diff: 2.0, Sum: 76.4]
      [Code Root Scanning (ms): Min: 0.0, Avg: 0.0, Max: 0.0, Diff: 0.0, Sum: 0.0]
      [Object Copy (ms): Min: 127.7, Avg: 127.8, Max: 127.9, Diff: 0.2, Sum: 1022.4]
      [Termination (ms): Min: 0.0, Avg: 0.0, Max: 0.0, Diff: 0.0, Sum: 0.2]
         [Termination Attempts: Min: 1, Avg: 37.9, Max: 53, Diff: 52, Sum: 303]
      [GC Worker Other (ms): Min: 0.0, Avg: 0.1, Max: 0.1, Diff: 0.1, Sum: 0.4]
      [GC Worker Total (ms): Min: 163.9, Avg: 164.1, Max: 164.4, Diff: 0.4, Sum: 1312.7]
      [GC Worker End (ms): Min: 74318.9, Avg: 74318.9, Max: 74318.9, Diff: 0.1]
   [Code Root Fixup: 0.0 ms]
   [Code Root Purge: 0.0 ms]
   [Clear CT: 0.5 ms]
   [Other: 1.9 ms]
      [Choose CSet: 0.0 ms]
      [Ref Proc: 0.6 ms]
      [Ref Enq: 0.0 ms]
      [Redirty Cards: 0.5 ms]
      [Humongous Register: 0.1 ms]
      [Humongous Reclaim: 0.0 ms]
      [Free CSet: 0.3 ms]
   [Eden: 102.0M(102.0M)->0.0B(104.0M) Survivors: 14.0M->15.0M Heap: 143.2M(2048.0M)->130.7M(2048.0M)]
 [Times: user=1.38 sys=0.00, real=0.17 secs] 
2020-09-29T11:30:20.969+0200: 74.402: [GC pause (G1 Evacuation Pause) (young), 0.0583639 secs]
   [Parallel Time: 56.9 ms, GC Workers: 8]
      [GC Worker Start (ms): Min: 74401.9, Avg: 74402.0, Max: 74402.1, Diff: 0.2]
      [Ext Root Scanning (ms): Min: 0.0, Avg: 0.1, Max: 0.2, Diff: 0.1, Sum: 0.5]
      [Update RS (ms): Min: 6.1, Avg: 6.6, Max: 6.8, Diff: 0.7, Sum: 52.7]
         [Processed Buffers: Min: 6, Avg: 6.9, Max: 7, Diff: 1, Sum: 55]
      [Scan RS (ms): Min: 4.8, Avg: 5.0, Max: 5.5, Diff: 0.6, Sum: 40.3]
      [Code Root Scanning (ms): Min: 0.0, Avg: 0.0, Max: 0.0, Diff: 0.0, Sum: 0.0]
      [Object Copy (ms): Min: 44.9, Avg: 45.0, Max: 45.0, Diff: 0.1, Sum: 359.9]
      [Termination (ms): Min: 0.0, Avg: 0.0, Max: 0.0, Diff: 0.0, Sum: 0.0]
         [Termination Attempts: Min: 1, Avg: 27.3, Max: 41, Diff: 40, Sum: 218]
      [GC Worker Other (ms): Min: 0.0, Avg: 0.0, Max: 0.0, Diff: 0.0, Sum: 0.2]
      [GC Worker Total (ms): Min: 56.6, Avg: 56.7, Max: 56.8, Diff: 0.2, Sum: 453.6]
      [GC Worker End (ms): Min: 74458.7, Avg: 74458.7, Max: 74458.7, Diff: 0.0]
   [Code Root Fixup: 0.0 ms]
   [Code Root Purge: 0.0 ms]
   [Clear CT: 0.3 ms]
   [Other: 1.2 ms]
      [Choose CSet: 0.0 ms]
      [Ref Proc: 0.2 ms]
      [Ref Enq: 0.0 ms]
      [Redirty Cards: 0.5 ms]
      [Humongous Register: 0.0 ms]
      [Humongous Reclaim: 0.0 ms]
      [Free CSet: 0.2 ms]
   [Eden: 104.0M(104.0M)->0.0B(117.0M) Survivors: 15.0M->15.0M Heap: 251.8M(2048.0M)->253.3M(2048.0M)]
 [Times: user=0.50 sys=0.00, real=0.06 secs] 
2020-09-29T11:30:21.092+0200: 74.525: [GC pause (G1 Evacuation Pause) (young), 0.0640780 secs]
   [Parallel Time: 62.8 ms, GC Workers: 8]
      [GC Worker Start (ms): Min: 74524.9, Avg: 74525.0, Max: 74525.1, Diff: 0.2]
      [Ext Root Scanning (ms): Min: 0.0, Avg: 0.1, Max: 0.2, Diff: 0.2, Sum: 0.5]
      [Update RS (ms): Min: 7.1, Avg: 7.2, Max: 7.4, Diff: 0.3, Sum: 57.8]
         [Processed Buffers: Min: 8, Avg: 9.3, Max: 12, Diff: 4, Sum: 74]
      [Scan RS (ms): Min: 5.3, Avg: 5.5, Max: 5.6, Diff: 0.3, Sum: 43.8]
      [Code Root Scanning (ms): Min: 0.0, Avg: 0.0, Max: 0.0, Diff: 0.0, Sum: 0.0]
      [Object Copy (ms): Min: 49.8, Avg: 49.8, Max: 49.9, Diff: 0.1, Sum: 398.6]
      [Termination (ms): Min: 0.0, Avg: 0.0, Max: 0.0, Diff: 0.0, Sum: 0.1]
         [Termination Attempts: Min: 1, Avg: 121.4, Max: 170, Diff: 169, Sum: 971]
      [GC Worker Other (ms): Min: 0.0, Avg: 0.0, Max: 0.1, Diff: 0.1, Sum: 0.2]
      [GC Worker Total (ms): Min: 62.6, Avg: 62.6, Max: 62.7, Diff: 0.2, Sum: 501.1]
      [GC Worker End (ms): Min: 74587.6, Avg: 74587.7, Max: 74587.7, Diff: 0.1]
   [Code Root Fixup: 0.0 ms]
   [Code Root Purge: 0.0 ms]
   [Clear CT: 0.4 ms]
   [Other: 0.9 ms]
      [Choose CSet: 0.0 ms]
      [Ref Proc: 0.2 ms]
      [Ref Enq: 0.0 ms]
      [Redirty Cards: 0.4 ms]
      [Humongous Register: 0.0 ms]
      [Humongous Reclaim: 0.0 ms]
      [Free CSet: 0.1 ms]
   [Eden: 117.0M(117.0M)->0.0B(140.0M) Survivors: 15.0M->17.0M Heap: 391.3M(2048.0M)->393.3M(2048.0M)]
 [Times: user=0.50 sys=0.00, real=0.06 secs] 
2020-09-29T11:30:21.232+0200: 74.665: [GC pause (G1 Evacuation Pause) (young), 0.0738009 secs]
   [Parallel Time: 72.9 ms, GC Workers: 8]
      [GC Worker Start (ms): Min: 74665.1, Avg: 74665.2, Max: 74665.3, Diff: 0.2]
      [Ext Root Scanning (ms): Min: 0.0, Avg: 0.1, Max: 0.1, Diff: 0.1, Sum: 0.7]
      [Update RS (ms): Min: 8.1, Avg: 8.4, Max: 8.5, Diff: 0.4, Sum: 67.2]
         [Processed Buffers: Min: 9, Avg: 10.1, Max: 13, Diff: 4, Sum: 81]
      [Scan RS (ms): Min: 6.5, Avg: 6.6, Max: 6.9, Diff: 0.4, Sum: 52.8]
      [Code Root Scanning (ms): Min: 0.0, Avg: 0.0, Max: 0.0, Diff: 0.0, Sum: 0.0]
      [Object Copy (ms): Min: 57.5, Avg: 57.6, Max: 57.6, Diff: 0.1, Sum: 460.4]
      [Termination (ms): Min: 0.0, Avg: 0.0, Max: 0.0, Diff: 0.0, Sum: 0.1]
         [Termination Attempts: Min: 1, Avg: 56.5, Max: 71, Diff: 70, Sum: 452]
      [GC Worker Other (ms): Min: 0.0, Avg: 0.0, Max: 0.1, Diff: 0.0, Sum: 0.2]
      [GC Worker Total (ms): Min: 72.6, Avg: 72.7, Max: 72.8, Diff: 0.2, Sum: 581.3]
      [GC Worker End (ms): Min: 74737.9, Avg: 74737.9, Max: 74737.9, Diff: 0.0]
   [Code Root Fixup: 0.0 ms]
   [Code Root Purge: 0.0 ms]
   [Clear CT: 0.2 ms]
   [Other: 0.7 ms]
      [Choose CSet: 0.0 ms]
      [Ref Proc: 0.2 ms]
      [Ref Enq: 0.0 ms]
      [Redirty Cards: 0.2 ms]
      [Humongous Register: 0.0 ms]
      [Humongous Reclaim: 0.0 ms]
      [Free CSet: 0.1 ms]
   [Eden: 140.0M(140.0M)->0.0B(165.0M) Survivors: 17.0M->20.0M Heap: 556.2M(2048.0M)->558.2M(2048.0M)]
 [Times: user=0.63 sys=0.00, real=0.07 secs] 
2020-09-29T11:30:21.394+0200: 74.826: [GC pause (G1 Evacuation Pause) (young), 0.0974716 secs]
   [Parallel Time: 96.5 ms, GC Workers: 8]
      [GC Worker Start (ms): Min: 74826.6, Avg: 74826.7, Max: 74826.7, Diff: 0.2]
      [Ext Root Scanning (ms): Min: 0.0, Avg: 0.1, Max: 0.2, Diff: 0.2, Sum: 0.4]
      [Update RS (ms): Min: 12.6, Avg: 12.9, Max: 13.5, Diff: 0.8, Sum: 103.5]
         [Processed Buffers: Min: 8, Avg: 12.5, Max: 14, Diff: 6, Sum: 100]
      [Scan RS (ms): Min: 7.5, Avg: 8.0, Max: 8.3, Diff: 0.8, Sum: 64.0]
      [Code Root Scanning (ms): Min: 0.0, Avg: 0.0, Max: 0.0, Diff: 0.0, Sum: 0.0]
      [Object Copy (ms): Min: 75.2, Avg: 75.2, Max: 75.3, Diff: 0.1, Sum: 602.0]
      [Termination (ms): Min: 0.0, Avg: 0.0, Max: 0.1, Diff: 0.1, Sum: 0.3]
         [Termination Attempts: Min: 1, Avg: 265.6, Max: 331, Diff: 330, Sum: 2125]
      [GC Worker Other (ms): Min: 0.0, Avg: 0.0, Max: 0.1, Diff: 0.0, Sum: 0.3]
      [GC Worker Total (ms): Min: 96.2, Avg: 96.3, Max: 96.4, Diff: 0.2, Sum: 770.5]
      [GC Worker End (ms): Min: 74923.0, Avg: 74923.0, Max: 74923.0, Diff: 0.0]
   [Code Root Fixup: 0.0 ms]
   [Code Root Purge: 0.0 ms]
   [Clear CT: 0.2 ms]
   [Other: 0.8 ms]
      [Choose CSet: 0.0 ms]
      [Ref Proc: 0.2 ms]
      [Ref Enq: 0.0 ms]
      [Redirty Cards: 0.2 ms]
      [Humongous Register: 0.0 ms]
      [Humongous Reclaim: 0.0 ms]
      [Free CSet: 0.2 ms]
   [Eden: 165.0M(165.0M)->0.0B(187.0M) Survivors: 20.0M->24.0M Heap: 749.9M(2048.0M)->751.4M(2048.0M)]
 [Times: user=0.86 sys=0.00, real=0.10 secs] 
2020-09-29T11:30:21.592+0200: 75.024: [GC pause (G1 Evacuation Pause) (young), 0.1138837 secs]
   [Parallel Time: 112.9 ms, GC Workers: 8]
      [GC Worker Start (ms): Min: 75024.4, Avg: 75024.5, Max: 75024.6, Diff: 0.2]
      [Ext Root Scanning (ms): Min: 0.0, Avg: 0.1, Max: 0.2, Diff: 0.2, Sum: 0.5]
      [Update RS (ms): Min: 11.7, Avg: 11.9, Max: 12.8, Diff: 1.1, Sum: 95.2]
         [Processed Buffers: Min: 10, Avg: 12.6, Max: 17, Diff: 7, Sum: 101]
      [Scan RS (ms): Min: 11.5, Avg: 12.4, Max: 12.5, Diff: 1.1, Sum: 98.9]
      [Code Root Scanning (ms): Min: 0.0, Avg: 0.0, Max: 0.0, Diff: 0.0, Sum: 0.0]
      [Object Copy (ms): Min: 88.3, Avg: 88.4, Max: 88.4, Diff: 0.1, Sum: 707.1]
      [Termination (ms): Min: 0.0, Avg: 0.0, Max: 0.0, Diff: 0.0, Sum: 0.2]
         [Termination Attempts: Min: 1, Avg: 138.9, Max: 175, Diff: 174, Sum: 1111]
      [GC Worker Other (ms): Min: 0.0, Avg: 0.0, Max: 0.1, Diff: 0.1, Sum: 0.3]
      [GC Worker Total (ms): Min: 112.7, Avg: 112.8, Max: 112.9, Diff: 0.2, Sum: 902.2]
      [GC Worker End (ms): Min: 75137.3, Avg: 75137.3, Max: 75137.3, Diff: 0.1]
   [Code Root Fixup: 0.0 ms]
   [Code Root Purge: 0.0 ms]
   [Clear CT: 0.2 ms]
   [Other: 0.8 ms]
      [Choose CSet: 0.0 ms]
      [Ref Proc: 0.2 ms]
      [Ref Enq: 0.0 ms]
      [Redirty Cards: 0.2 ms]
      [Humongous Register: 0.1 ms]
      [Humongous Reclaim: 0.0 ms]
      [Free CSet: 0.1 ms]
   [Eden: 187.0M(187.0M)->0.0B(202.0M) Survivors: 24.0M->27.0M Heap: 970.8M(2048.0M)->972.3M(2048.0M)]
 [Times: user=0.83 sys=0.00, real=0.11 secs] 
2020-09-29T11:30:21.712+0200: 75.145: [GC pause (G1 Humongous Allocation) (young) (initial-mark), 0.0414369 secs]
   [Parallel Time: 40.4 ms, GC Workers: 8]
      [GC Worker Start (ms): Min: 75144.9, Avg: 75145.0, Max: 75145.0, Diff: 0.1]
      [Ext Root Scanning (ms): Min: 0.0, Avg: 0.1, Max: 0.1, Diff: 0.1, Sum: 0.6]
      [Update RS (ms): Min: 22.4, Avg: 22.5, Max: 22.8, Diff: 0.4, Sum: 180.2]
         [Processed Buffers: Min: 21, Avg: 26.5, Max: 29, Diff: 8, Sum: 212]
      [Scan RS (ms): Min: 1.5, Avg: 1.7, Max: 1.9, Diff: 0.4, Sum: 13.9]
      [Code Root Scanning (ms): Min: 0.0, Avg: 0.0, Max: 0.0, Diff: 0.0, Sum: 0.0]
      [Object Copy (ms): Min: 15.8, Avg: 15.9, Max: 15.9, Diff: 0.1, Sum: 127.0]
      [Termination (ms): Min: 0.0, Avg: 0.0, Max: 0.0, Diff: 0.0, Sum: 0.0]
         [Termination Attempts: Min: 1, Avg: 24.0, Max: 32, Diff: 31, Sum: 192]
      [GC Worker Other (ms): Min: 0.0, Avg: 0.0, Max: 0.0, Diff: 0.0, Sum: 0.1]
      [GC Worker Total (ms): Min: 40.2, Avg: 40.2, Max: 40.3, Diff: 0.1, Sum: 321.8]
      [GC Worker End (ms): Min: 75185.2, Avg: 75185.2, Max: 75185.2, Diff: 0.0]
   [Code Root Fixup: 0.0 ms]
   [Code Root Purge: 0.0 ms]
   [Clear CT: 0.2 ms]
   [Other: 0.8 ms]
      [Choose CSet: 0.0 ms]
      [Ref Proc: 0.2 ms]
      [Ref Enq: 0.0 ms]
      [Redirty Cards: 0.3 ms]
      [Humongous Register: 0.0 ms]
      [Humongous Reclaim: 0.0 ms]
      [Free CSet: 0.1 ms]
   [Eden: 10.0M(202.0M)->0.0B(239.0M) Survivors: 27.0M->11.0M Heap: 981.8M(2048.0M)->984.8M(2048.0M)]
 [Times: user=0.26 sys=0.00, real=0.04 secs] 
2020-09-29T11:30:21.754+0200: 75.186: [GC concurrent-root-region-scan-start]
2020-09-29T11:30:21.755+0200: 75.188: [GC concurrent-root-region-scan-end, 0.0016779 secs]
2020-09-29T11:30:21.755+0200: 75.188: [GC concurrent-mark-start]
2020-09-29T11:30:21.758+0200: 75.190: [GC concurrent-mark-end, 0.0021557 secs]
2020-09-29T11:30:21.758+0200: 75.190: [GC remark 2020-09-29T11:30:21.758+0200: 75.190: [Finalize Marking, 0.0001928 secs] 2020-09-29T11:30:21.758+0200: 75.191: [GC ref-proc, 0.0002807 secs] 2020-09-29T11:30:21.758+0200: 75.191: [Unloading, 0.0004395 secs], 0.0012554 secs]
 [Times: user=0.00 sys=0.00, real=0.00 secs] 
2020-09-29T11:30:21.759+0200: 75.192: [GC cleanup 995M->31M(2048M), 0.0010529 secs]
 [Times: user=0.00 sys=0.00, real=0.00 secs] 
2020-09-29T11:30:21.760+0200: 75.193: [GC concurrent-cleanup-start]
2020-09-29T11:30:21.761+0200: 75.194: [GC concurrent-cleanup-end, 0.0009947 secs]
2020-09-29T11:30:21.879+0200: 75.312: [GC pause (G1 Evacuation Pause) (young), 0.1205824 secs]
   [Parallel Time: 119.4 ms, GC Workers: 8]
      [GC Worker Start (ms): Min: 75311.8, Avg: 75311.9, Max: 75312.0, Diff: 0.2]
      [Ext Root Scanning (ms): Min: 0.0, Avg: 0.1, Max: 0.2, Diff: 0.2, Sum: 0.4]
      [Update RS (ms): Min: 10.4, Avg: 10.5, Max: 10.6, Diff: 0.2, Sum: 84.2]
         [Processed Buffers: Min: 11, Avg: 11.4, Max: 12, Diff: 1, Sum: 91]
      [Scan RS (ms): Min: 12.7, Avg: 12.8, Max: 12.9, Diff: 0.2, Sum: 102.2]
      [Code Root Scanning (ms): Min: 0.0, Avg: 0.0, Max: 0.0, Diff: 0.0, Sum: 0.0]
      [Object Copy (ms): Min: 95.5, Avg: 95.7, Max: 95.8, Diff: 0.3, Sum: 765.2]
      [Termination (ms): Min: 0.0, Avg: 0.1, Max: 0.1, Diff: 0.1, Sum: 0.7]
         [Termination Attempts: Min: 1, Avg: 621.1, Max: 761, Diff: 760, Sum: 4969]
      [GC Worker Other (ms): Min: 0.0, Avg: 0.0, Max: 0.1, Diff: 0.0, Sum: 0.3]
      [GC Worker Total (ms): Min: 119.0, Avg: 119.1, Max: 119.3, Diff: 0.2, Sum: 953.0]
      [GC Worker End (ms): Min: 75431.0, Avg: 75431.1, Max: 75431.1, Diff: 0.0]
   [Code Root Fixup: 0.0 ms]
   [Code Root Purge: 0.0 ms]
   [Clear CT: 0.1 ms]
   [Other: 1.1 ms]
      [Choose CSet: 0.0 ms]
      [Ref Proc: 0.2 ms]
      [Ref Enq: 0.0 ms]
      [Redirty Cards: 0.4 ms]
      [Humongous Register: 0.0 ms]
      [Humongous Reclaim: 0.0 ms]
      [Free CSet: 0.2 ms]
   [Eden: 239.0M(239.0M)->0.0B(240.0M) Survivors: 11.0M->32.0M Heap: 299.6M(2048.0M)->291.1M(2048.0M)]
 [Times: user=0.88 sys=0.00, real=0.13 secs] 
2020-09-29T11:30:22.133+0200: 75.566: [GC pause (G1 Evacuation Pause) (young), 0.1288853 secs]
   [Parallel Time: 127.8 ms, GC Workers: 8]
      [GC Worker Start (ms): Min: 75566.3, Avg: 75566.4, Max: 75566.5, Diff: 0.2]
      [Ext Root Scanning (ms): Min: 0.0, Avg: 0.1, Max: 0.2, Diff: 0.2, Sum: 0.4]
      [Update RS (ms): Min: 10.3, Avg: 10.5, Max: 10.8, Diff: 0.5, Sum: 83.7]
         [Processed Buffers: Min: 11, Avg: 11.5, Max: 13, Diff: 2, Sum: 92]
      [Scan RS (ms): Min: 14.6, Avg: 15.0, Max: 15.3, Diff: 0.6, Sum: 120.2]
      [Code Root Scanning (ms): Min: 0.0, Avg: 0.0, Max: 0.0, Diff: 0.0, Sum: 0.0]
      [Object Copy (ms): Min: 101.8, Avg: 102.0, Max: 102.1, Diff: 0.3, Sum: 816.2]
      [Termination (ms): Min: 0.0, Avg: 0.0, Max: 0.0, Diff: 0.0, Sum: 0.1]
         [Termination Attempts: Min: 1, Avg: 79.5, Max: 102, Diff: 101, Sum: 636]
      [GC Worker Other (ms): Min: 0.0, Avg: 0.0, Max: 0.1, Diff: 0.0, Sum: 0.3]
      [GC Worker Total (ms): Min: 127.5, Avg: 127.6, Max: 127.7, Diff: 0.2, Sum: 1020.9]
      [GC Worker End (ms): Min: 75694.0, Avg: 75694.0, Max: 75694.1, Diff: 0.0]
   [Code Root Fixup: 0.0 ms]
   [Code Root Purge: 0.0 ms]
   [Clear CT: 0.2 ms]
   [Other: 0.8 ms]
      [Choose CSet: 0.0 ms]
      [Ref Proc: 0.2 ms]
      [Ref Enq: 0.0 ms]
      [Redirty Cards: 0.2 ms]
      [Humongous Register: 0.0 ms]
      [Humongous Reclaim: 0.0 ms]
      [Free CSet: 0.2 ms]
   [Eden: 240.0M(240.0M)->0.0B(256.0M) Survivors: 32.0M->34.0M Heap: 571.1M(2048.0M)->573.1M(2048.0M)]
 [Times: user=1.00 sys=0.00, real=0.13 secs] 
2020-09-29T11:30:22.405+0200: 75.838: [GC pause (G1 Evacuation Pause) (young), 0.1422516 secs]
   [Parallel Time: 141.2 ms, GC Workers: 8]
      [GC Worker Start (ms): Min: 75838.0, Avg: 75838.0, Max: 75838.1, Diff: 0.2]
      [Ext Root Scanning (ms): Min: 0.0, Avg: 0.1, Max: 0.1, Diff: 0.1, Sum: 0.5]
      [Update RS (ms): Min: 12.7, Avg: 12.8, Max: 12.9, Diff: 0.1, Sum: 102.4]
         [Processed Buffers: Min: 13, Avg: 13.9, Max: 15, Diff: 2, Sum: 111]
      [Scan RS (ms): Min: 15.5, Avg: 15.6, Max: 15.8, Diff: 0.3, Sum: 125.0]
      [Code Root Scanning (ms): Min: 0.0, Avg: 0.0, Max: 0.0, Diff: 0.0, Sum: 0.0]
      [Object Copy (ms): Min: 112.3, Avg: 112.4, Max: 112.6, Diff: 0.3, Sum: 899.5]
      [Termination (ms): Min: 0.0, Avg: 0.1, Max: 0.1, Diff: 0.1, Sum: 0.7]
         [Termination Attempts: Min: 1, Avg: 702.4, Max: 894, Diff: 893, Sum: 5619]
      [GC Worker Other (ms): Min: 0.0, Avg: 0.0, Max: 0.1, Diff: 0.0, Sum: 0.3]
      [GC Worker Total (ms): Min: 141.0, Avg: 141.1, Max: 141.2, Diff: 0.2, Sum: 1128.5]
      [GC Worker End (ms): Min: 75979.1, Avg: 75979.1, Max: 75979.1, Diff: 0.0]
   [Code Root Fixup: 0.0 ms]
   [Code Root Purge: 0.0 ms]
   [Clear CT: 0.2 ms]
   [Other: 0.9 ms]
      [Choose CSet: 0.0 ms]
      [Ref Proc: 0.2 ms]
      [Ref Enq: 0.0 ms]
      [Redirty Cards: 0.2 ms]
      [Humongous Register: 0.0 ms]
      [Humongous Reclaim: 0.0 ms]
      [Free CSet: 0.3 ms]
   [Eden: 256.0M(256.0M)->0.0B(269.0M) Survivors: 34.0M->37.0M Heap: 873.0M(2048.0M)->875.5M(2048.0M)]
 [Times: user=1.11 sys=0.00, real=0.14 secs] 
2020-09-29T11:30:22.712+0200: 76.145: [GC pause (G1 Evacuation Pause) (young), 0.1481701 secs]
   [Parallel Time: 147.0 ms, GC Workers: 8]
      [GC Worker Start (ms): Min: 76145.2, Avg: 76145.2, Max: 76145.3, Diff: 0.1]
      [Ext Root Scanning (ms): Min: 0.0, Avg: 0.1, Max: 0.1, Diff: 0.1, Sum: 0.5]
      [Update RS (ms): Min: 16.3, Avg: 16.4, Max: 16.8, Diff: 0.5, Sum: 131.6]
         [Processed Buffers: Min: 14, Avg: 17.6, Max: 19, Diff: 5, Sum: 141]
      [Scan RS (ms): Min: 13.5, Avg: 13.8, Max: 14.1, Diff: 0.6, Sum: 110.8]
      [Code Root Scanning (ms): Min: 0.0, Avg: 0.0, Max: 0.0, Diff: 0.0, Sum: 0.0]
      [Object Copy (ms): Min: 116.3, Avg: 116.4, Max: 116.5, Diff: 0.2, Sum: 931.4]
      [Termination (ms): Min: 0.0, Avg: 0.1, Max: 0.1, Diff: 0.1, Sum: 0.4]
         [Termination Attempts: Min: 1, Avg: 363.3, Max: 450, Diff: 449, Sum: 2906]
      [GC Worker Other (ms): Min: 0.0, Avg: 0.0, Max: 0.1, Diff: 0.1, Sum: 0.3]
      [GC Worker Total (ms): Min: 146.8, Avg: 146.9, Max: 146.9, Diff: 0.1, Sum: 1175.1]
      [GC Worker End (ms): Min: 76292.1, Avg: 76292.1, Max: 76292.1, Diff: 0.1]
   [Code Root Fixup: 0.0 ms]
   [Code Root Purge: 0.0 ms]
   [Clear CT: 0.2 ms]
   [Other: 1.0 ms]
      [Choose CSet: 0.0 ms]
      [Ref Proc: 0.1 ms]
      [Ref Enq: 0.0 ms]
      [Redirty Cards: 0.3 ms]
      [Humongous Register: 0.0 ms]
      [Humongous Reclaim: 0.0 ms]
      [Free CSet: 0.3 ms]
   [Eden: 269.0M(269.0M)->0.0B(284.0M) Survivors: 37.0M->39.0M Heap: 1188.3M(2048.0M)->1190.3M(2048.0M)]
 [Times: user=1.11 sys=0.01, real=0.15 secs] 
2020-09-29T11:30:22.873+0200: 76.305: [GC pause (G1 Humongous Allocation) (young) (initial-mark), 0.0488453 secs]
   [Parallel Time: 47.9 ms, GC Workers: 8]
      [GC Worker Start (ms): Min: 76305.7, Avg: 76305.7, Max: 76305.8, Diff: 0.1]
      [Ext Root Scanning (ms): Min: 0.0, Avg: 0.1, Max: 0.2, Diff: 0.2, Sum: 1.0]
      [Update RS (ms): Min: 26.0, Avg: 26.2, Max: 26.4, Diff: 0.4, Sum: 209.3]
         [Processed Buffers: Min: 28, Avg: 30.8, Max: 32, Diff: 4, Sum: 246]
      [Scan RS (ms): Min: 2.2, Avg: 2.4, Max: 2.6, Diff: 0.4, Sum: 19.5]
      [Code Root Scanning (ms): Min: 0.0, Avg: 0.0, Max: 0.0, Diff: 0.0, Sum: 0.0]
      [Object Copy (ms): Min: 18.9, Avg: 18.9, Max: 19.0, Diff: 0.1, Sum: 151.4]
      [Termination (ms): Min: 0.0, Avg: 0.0, Max: 0.0, Diff: 0.0, Sum: 0.1]
         [Termination Attempts: Min: 1, Avg: 82.9, Max: 116, Diff: 115, Sum: 663]
      [GC Worker Other (ms): Min: 0.0, Avg: 0.0, Max: 0.0, Diff: 0.0, Sum: 0.1]
      [GC Worker Total (ms): Min: 47.6, Avg: 47.7, Max: 47.7, Diff: 0.1, Sum: 381.4]
      [GC Worker End (ms): Min: 76353.4, Avg: 76353.4, Max: 76353.4, Diff: 0.0]
   [Code Root Fixup: 0.0 ms]
   [Code Root Purge: 0.0 ms]
   [Clear CT: 0.2 ms]
   [Other: 0.8 ms]
      [Choose CSet: 0.0 ms]
      [Ref Proc: 0.2 ms]
      [Ref Enq: 0.0 ms]
      [Redirty Cards: 0.2 ms]
      [Humongous Register: 0.1 ms]
      [Humongous Reclaim: 0.0 ms]
      [Free CSet: 0.1 ms]
   [Eden: 4096.0K(284.0M)->0.0B(318.0M) Survivors: 39.0M->5120.0K Heap: 1193.8M(2048.0M)->1197.8M(2048.0M)]
 [Times: user=0.38 sys=0.00, real=0.05 secs] 
2020-09-29T11:30:22.922+0200: 76.354: [GC concurrent-root-region-scan-start]
2020-09-29T11:30:22.923+0200: 76.356: [GC concurrent-root-region-scan-end, 0.0013529 secs]
2020-09-29T11:30:22.923+0200: 76.356: [GC concurrent-mark-start]
2020-09-29T11:30:22.927+0200: 76.360: [GC concurrent-mark-end, 0.0040824 secs]
2020-09-29T11:30:22.927+0200: 76.360: [GC remark 2020-09-29T11:30:22.927+0200: 76.360: [Finalize Marking, 0.0002199 secs] 2020-09-29T11:30:22.927+0200: 76.360: [GC ref-proc, 0.0004085 secs] 2020-09-29T11:30:22.928+0200: 76.361: [Unloading, 0.0005187 secs], 0.0016078 secs]
 [Times: user=0.00 sys=0.00, real=0.00 secs] 
2020-09-29T11:30:22.929+0200: 76.362: [GC cleanup 1210M->27M(2048M), 0.0015009 secs]
 [Times: user=0.00 sys=0.00, real=0.00 secs] 
2020-09-29T11:30:22.931+0200: 76.364: [GC concurrent-cleanup-start]
2020-09-29T11:30:22.935+0200: 76.367: [GC concurrent-cleanup-end, 0.0032841 secs]
2020-09-29T11:30:23.110+0200: 76.542: [GC pause (G1 Evacuation Pause) (young), 0.1494799 secs]
   [Parallel Time: 148.2 ms, GC Workers: 8]
      [GC Worker Start (ms): Min: 76542.1, Avg: 76542.1, Max: 76542.2, Diff: 0.1]
      [Ext Root Scanning (ms): Min: 0.0, Avg: 0.1, Max: 0.1, Diff: 0.1, Sum: 0.6]
      [Update RS (ms): Min: 12.0, Avg: 12.2, Max: 12.5, Diff: 0.5, Sum: 97.5]
         [Processed Buffers: Min: 13, Avg: 13.8, Max: 15, Diff: 2, Sum: 110]
      [Scan RS (ms): Min: 16.5, Avg: 16.9, Max: 17.1, Diff: 0.6, Sum: 135.3]
      [Code Root Scanning (ms): Min: 0.0, Avg: 0.0, Max: 0.0, Diff: 0.0, Sum: 0.0]
      [Object Copy (ms): Min: 118.8, Avg: 118.9, Max: 118.9, Diff: 0.2, Sum: 950.9]
      [Termination (ms): Min: 0.0, Avg: 0.0, Max: 0.0, Diff: 0.0, Sum: 0.0]
         [Termination Attempts: Min: 1, Avg: 23.6, Max: 37, Diff: 36, Sum: 189]
      [GC Worker Other (ms): Min: 0.0, Avg: 0.0, Max: 0.1, Diff: 0.1, Sum: 0.3]
      [GC Worker Total (ms): Min: 148.0, Avg: 148.1, Max: 148.1, Diff: 0.1, Sum: 1184.6]
      [GC Worker End (ms): Min: 76690.2, Avg: 76690.2, Max: 76690.2, Diff: 0.1]
   [Code Root Fixup: 0.0 ms]
   [Code Root Purge: 0.0 ms]
   [Clear CT: 0.2 ms]
   [Other: 1.0 ms]
      [Choose CSet: 0.0 ms]
      [Ref Proc: 0.2 ms]
      [Ref Enq: 0.0 ms]
      [Redirty Cards: 0.3 ms]
      [Humongous Register: 0.0 ms]
      [Humongous Reclaim: 0.0 ms]
      [Free CSet: 0.3 ms]
   [Eden: 318.0M(318.0M)->0.0B(302.0M) Survivors: 5120.0K->41.0M Heap: 386.4M(2048.0M)->383.4M(2048.0M)]
 [Times: user=1.25 sys=0.00, real=0.15 secs] 
2020-09-29T11:30:23.429+0200: 76.861: [GC pause (G1 Evacuation Pause) (young), 0.1637935 secs]
   [Parallel Time: 162.5 ms, GC Workers: 8]
      [GC Worker Start (ms): Min: 76860.7, Avg: 76860.7, Max: 76860.8, Diff: 0.1]
      [Ext Root Scanning (ms): Min: 0.0, Avg: 0.1, Max: 0.1, Diff: 0.1, Sum: 0.5]
      [Update RS (ms): Min: 12.5, Avg: 12.6, Max: 12.9, Diff: 0.3, Sum: 101.2]
         [Processed Buffers: Min: 13, Avg: 14.8, Max: 17, Diff: 4, Sum: 118]
      [Scan RS (ms): Min: 18.7, Avg: 19.0, Max: 19.3, Diff: 0.5, Sum: 152.0]
      [Code Root Scanning (ms): Min: 0.0, Avg: 0.0, Max: 0.0, Diff: 0.0, Sum: 0.0]
      [Object Copy (ms): Min: 130.3, Avg: 130.5, Max: 130.7, Diff: 0.3, Sum: 1044.3]
      [Termination (ms): Min: 0.0, Avg: 0.0, Max: 0.1, Diff: 0.1, Sum: 0.4]
         [Termination Attempts: Min: 1, Avg: 351.0, Max: 439, Diff: 438, Sum: 2808]
      [GC Worker Other (ms): Min: 0.0, Avg: 0.0, Max: 0.1, Diff: 0.1, Sum: 0.4]
      [GC Worker Total (ms): Min: 162.2, Avg: 162.3, Max: 162.4, Diff: 0.2, Sum: 1298.7]
      [GC Worker End (ms): Min: 77023.0, Avg: 77023.1, Max: 77023.1, Diff: 0.1]
   [Code Root Fixup: 0.0 ms]
   [Code Root Purge: 0.0 ms]
   [Clear CT: 0.2 ms]
   [Other: 1.1 ms]
      [Choose CSet: 0.0 ms]
      [Ref Proc: 0.2 ms]
      [Ref Enq: 0.0 ms]
      [Redirty Cards: 0.4 ms]
      [Humongous Register: 0.0 ms]
      [Humongous Reclaim: 0.0 ms]
      [Free CSet: 0.3 ms]
   [Eden: 302.0M(302.0M)->0.0B(302.0M) Survivors: 41.0M->43.0M Heap: 736.9M(2048.0M)->738.9M(2048.0M)]
 [Times: user=1.23 sys=0.01, real=0.16 secs] 
2020-09-29T11:30:23.751+0200: 77.183: [GC pause (G1 Evacuation Pause) (young), 0.1676561 secs]
   [Parallel Time: 166.1 ms, GC Workers: 8]
      [GC Worker Start (ms): Min: 77183.3, Avg: 77183.3, Max: 77183.4, Diff: 0.1]
      [Ext Root Scanning (ms): Min: 0.0, Avg: 0.1, Max: 0.2, Diff: 0.1, Sum: 0.7]
      [Update RS (ms): Min: 17.3, Avg: 17.4, Max: 17.7, Diff: 0.3, Sum: 139.5]
         [Processed Buffers: Min: 19, Avg: 19.9, Max: 24, Diff: 5, Sum: 159]
      [Scan RS (ms): Min: 16.6, Avg: 16.9, Max: 17.1, Diff: 0.4, Sum: 135.2]
      [Code Root Scanning (ms): Min: 0.0, Avg: 0.0, Max: 0.0, Diff: 0.0, Sum: 0.0]
      [Object Copy (ms): Min: 131.3, Avg: 131.4, Max: 131.5, Diff: 0.2, Sum: 1051.2]
      [Termination (ms): Min: 0.0, Avg: 0.0, Max: 0.1, Diff: 0.1, Sum: 0.4]
         [Termination Attempts: Min: 1, Avg: 348.0, Max: 443, Diff: 442, Sum: 2784]
      [GC Worker Other (ms): Min: 0.0, Avg: 0.0, Max: 0.1, Diff: 0.0, Sum: 0.3]
      [GC Worker Total (ms): Min: 165.9, Avg: 165.9, Max: 166.0, Diff: 0.2, Sum: 1327.3]
      [GC Worker End (ms): Min: 77349.2, Avg: 77349.2, Max: 77349.3, Diff: 0.0]
   [Code Root Fixup: 0.0 ms]
   [Code Root Purge: 0.0 ms]
   [Clear CT: 0.4 ms]
   [Other: 1.2 ms]
      [Choose CSet: 0.0 ms]
      [Ref Proc: 0.2 ms]
      [Ref Enq: 0.0 ms]
      [Redirty Cards: 0.5 ms]
      [Humongous Register: 0.0 ms]
      [Humongous Reclaim: 0.0 ms]
      [Free CSet: 0.2 ms]
   [Eden: 302.0M(302.0M)->0.0B(302.0M) Survivors: 43.0M->44.0M Heap: 1090.5M(2048.0M)->1092.0M(2048.0M)]
 [Times: user=1.33 sys=0.02, real=0.17 secs] 
2020-09-29T11:30:23.931+0200: 77.364: [GC pause (G1 Humongous Allocation) (young) (initial-mark), 0.0552564 secs]
   [Parallel Time: 54.5 ms, GC Workers: 8]
      [GC Worker Start (ms): Min: 77363.9, Avg: 77363.9, Max: 77364.0, Diff: 0.1]
      [Ext Root Scanning (ms): Min: 0.0, Avg: 0.1, Max: 0.2, Diff: 0.1, Sum: 0.6]
      [Update RS (ms): Min: 29.6, Avg: 29.8, Max: 30.2, Diff: 0.6, Sum: 238.4]
         [Processed Buffers: Min: 33, Avg: 36.0, Max: 37, Diff: 4, Sum: 288]
      [Scan RS (ms): Min: 2.3, Avg: 2.6, Max: 2.8, Diff: 0.6, Sum: 20.9]
      [Code Root Scanning (ms): Min: 0.0, Avg: 0.0, Max: 0.0, Diff: 0.0, Sum: 0.0]
      [Object Copy (ms): Min: 21.7, Avg: 21.7, Max: 21.8, Diff: 0.1, Sum: 173.8]
      [Termination (ms): Min: 0.0, Avg: 0.1, Max: 0.1, Diff: 0.1, Sum: 0.4]
         [Termination Attempts: Min: 1, Avg: 339.6, Max: 416, Diff: 415, Sum: 2717]
      [GC Worker Other (ms): Min: 0.0, Avg: 0.0, Max: 0.0, Diff: 0.0, Sum: 0.1]
      [GC Worker Total (ms): Min: 54.2, Avg: 54.3, Max: 54.3, Diff: 0.1, Sum: 434.3]
      [GC Worker End (ms): Min: 77418.2, Avg: 77418.2, Max: 77418.2, Diff: 0.0]
   [Code Root Fixup: 0.0 ms]
   [Code Root Purge: 0.0 ms]
   [Clear CT: 0.1 ms]
   [Other: 0.6 ms]
      [Choose CSet: 0.0 ms]
      [Ref Proc: 0.2 ms]
      [Ref Enq: 0.0 ms]
      [Redirty Cards: 0.1 ms]
      [Humongous Register: 0.1 ms]
      [Humongous Reclaim: 0.0 ms]
      [Free CSet: 0.1 ms]
   [Eden: 6144.0K(302.0M)->0.0B(339.0M) Survivors: 44.0M->7168.0K Heap: 1097.5M(2048.0M)->1100.5M(2048.0M)]
 [Times: user=0.33 sys=0.00, real=0.06 secs] 
2020-09-29T11:30:23.987+0200: 77.419: [GC concurrent-root-region-scan-start]
2020-09-29T11:30:23.988+0200: 77.420: [GC concurrent-root-region-scan-end, 0.0011762 secs]
2020-09-29T11:30:23.988+0200: 77.420: [GC concurrent-mark-start]
2020-09-29T11:30:23.990+0200: 77.423: [GC concurrent-mark-end, 0.0023442 secs]
2020-09-29T11:30:23.990+0200: 77.423: [GC remark 2020-09-29T11:30:23.990+0200: 77.423: [Finalize Marking, 0.0001977 secs] 2020-09-29T11:30:23.991+0200: 77.423: [GC ref-proc, 0.0002822 secs] 2020-09-29T11:30:23.991+0200: 77.423: [Unloading, 0.0004172 secs], 0.0011739 secs]
 [Times: user=0.00 sys=0.00, real=0.00 secs] 
2020-09-29T11:30:23.992+0200: 77.424: [GC cleanup 1110M->26M(2048M), 0.0011424 secs]
 [Times: user=0.00 sys=0.00, real=0.00 secs] 
2020-09-29T11:30:23.993+0200: 77.426: [GC concurrent-cleanup-start]
2020-09-29T11:30:23.994+0200: 77.427: [GC concurrent-cleanup-end, 0.0012670 secs]
2020-09-29T11:30:24.165+0200: 77.597: [GC pause (G1 Evacuation Pause) (young), 0.1698705 secs]
   [Parallel Time: 166.7 ms, GC Workers: 8]
      [GC Worker Start (ms): Min: 77597.2, Avg: 77597.3, Max: 77597.4, Diff: 0.2]
      [Ext Root Scanning (ms): Min: 0.0, Avg: 0.1, Max: 0.2, Diff: 0.2, Sum: 0.4]
      [Update RS (ms): Min: 16.5, Avg: 16.8, Max: 17.1, Diff: 0.6, Sum: 134.3]
         [Processed Buffers: Min: 15, Avg: 16.5, Max: 18, Diff: 3, Sum: 132]
      [Scan RS (ms): Min: 19.5, Avg: 19.8, Max: 20.1, Diff: 0.5, Sum: 158.7]
      [Code Root Scanning (ms): Min: 0.0, Avg: 0.0, Max: 0.0, Diff: 0.0, Sum: 0.0]
      [Object Copy (ms): Min: 129.5, Avg: 129.7, Max: 129.7, Diff: 0.2, Sum: 1037.3]
      [Termination (ms): Min: 0.0, Avg: 0.0, Max: 0.0, Diff: 0.0, Sum: 0.2]
         [Termination Attempts: Min: 1, Avg: 206.0, Max: 257, Diff: 256, Sum: 1648]
      [GC Worker Other (ms): Min: 0.0, Avg: 0.0, Max: 0.1, Diff: 0.1, Sum: 0.3]
      [GC Worker Total (ms): Min: 166.3, Avg: 166.4, Max: 166.6, Diff: 0.2, Sum: 1331.3]
      [GC Worker End (ms): Min: 77763.7, Avg: 77763.7, Max: 77763.8, Diff: 0.1]
   [Code Root Fixup: 0.0 ms]
   [Code Root Purge: 0.0 ms]
   [Clear CT: 0.2 ms]
   [Other: 2.9 ms]
      [Choose CSet: 0.0 ms]
      [Ref Proc: 0.2 ms]
      [Ref Enq: 0.0 ms]
      [Redirty Cards: 0.3 ms]
      [Humongous Register: 0.1 ms]
      [Humongous Reclaim: 0.0 ms]
      [Free CSet: 0.2 ms]
   [Eden: 339.0M(339.0M)->0.0B(304.0M) Survivors: 7168.0K->44.0M Heap: 412.7M(2048.0M)->408.2M(2048.0M)]
 [Times: user=1.25 sys=0.00, real=0.17 secs] 
2020-09-29T11:30:24.490+0200: 77.922: [GC pause (G1 Evacuation Pause) (young), 0.1843952 secs]
   [Parallel Time: 183.1 ms, GC Workers: 8]
      [GC Worker Start (ms): Min: 77922.3, Avg: 77922.3, Max: 77922.5, Diff: 0.2]
      [Ext Root Scanning (ms): Min: 0.0, Avg: 0.1, Max: 0.1, Diff: 0.1, Sum: 0.6]
      [Update RS (ms): Min: 18.4, Avg: 18.6, Max: 18.9, Diff: 0.5, Sum: 148.5]
         [Processed Buffers: Min: 15, Avg: 19.9, Max: 22, Diff: 7, Sum: 159]
      [Scan RS (ms): Min: 17.7, Avg: 18.0, Max: 18.1, Diff: 0.4, Sum: 143.7]
      [Code Root Scanning (ms): Min: 0.0, Avg: 0.0, Max: 0.0, Diff: 0.0, Sum: 0.0]
      [Object Copy (ms): Min: 145.9, Avg: 146.1, Max: 146.3, Diff: 0.4, Sum: 1168.7]
      [Termination (ms): Min: 0.0, Avg: 0.2, Max: 0.2, Diff: 0.2, Sum: 1.4]
         [Termination Attempts: Min: 1, Avg: 1319.9, Max: 1577, Diff: 1576, Sum: 10559]
      [GC Worker Other (ms): Min: 0.0, Avg: 0.1, Max: 0.1, Diff: 0.1, Sum: 0.5]
      [GC Worker Total (ms): Min: 182.8, Avg: 182.9, Max: 183.0, Diff: 0.2, Sum: 1463.4]
      [GC Worker End (ms): Min: 78105.2, Avg: 78105.3, Max: 78105.3, Diff: 0.1]
   [Code Root Fixup: 0.0 ms]
   [Code Root Purge: 0.0 ms]
   [Clear CT: 0.2 ms]
   [Other: 1.1 ms]
      [Choose CSet: 0.0 ms]
      [Ref Proc: 0.1 ms]
      [Ref Enq: 0.0 ms]
      [Redirty Cards: 0.3 ms]
      [Humongous Register: 0.0 ms]
      [Humongous Reclaim: 0.0 ms]
      [Free CSet: 0.4 ms]
   [Eden: 304.0M(304.0M)->0.0B(293.0M) Survivors: 44.0M->44.0M Heap: 763.7M(2048.0M)->765.7M(2048.0M)]
 [Times: user=1.34 sys=0.00, real=0.18 secs] 
2020-09-29T11:30:24.841+0200: 78.273: [GC pause (G1 Evacuation Pause) (young), 0.1614393 secs]
   [Parallel Time: 160.2 ms, GC Workers: 8]
      [GC Worker Start (ms): Min: 78273.2, Avg: 78273.3, Max: 78273.3, Diff: 0.1]
      [Ext Root Scanning (ms): Min: 0.0, Avg: 0.1, Max: 0.1, Diff: 0.1, Sum: 0.5]
      [Update RS (ms): Min: 15.6, Avg: 15.8, Max: 16.1, Diff: 0.5, Sum: 126.2]
         [Processed Buffers: Min: 16, Avg: 18.0, Max: 21, Diff: 5, Sum: 144]
      [Scan RS (ms): Min: 15.6, Avg: 15.8, Max: 16.0, Diff: 0.4, Sum: 126.7]
      [Code Root Scanning (ms): Min: 0.0, Avg: 0.0, Max: 0.0, Diff: 0.0, Sum: 0.0]
      [Object Copy (ms): Min: 128.1, Avg: 128.3, Max: 128.3, Diff: 0.2, Sum: 1026.1]
      [Termination (ms): Min: 0.0, Avg: 0.0, Max: 0.1, Diff: 0.1, Sum: 0.4]
         [Termination Attempts: Min: 1, Avg: 297.8, Max: 417, Diff: 416, Sum: 2382]
      [GC Worker Other (ms): Min: 0.0, Avg: 0.0, Max: 0.1, Diff: 0.1, Sum: 0.3]
      [GC Worker Total (ms): Min: 159.9, Avg: 160.0, Max: 160.1, Diff: 0.2, Sum: 1280.3]
      [GC Worker End (ms): Min: 78433.3, Avg: 78433.3, Max: 78433.3, Diff: 0.1]
   [Code Root Fixup: 0.0 ms]
   [Code Root Purge: 0.0 ms]
   [Clear CT: 0.3 ms]
   [Other: 0.9 ms]
      [Choose CSet: 0.0 ms]
      [Ref Proc: 0.2 ms]
      [Ref Enq: 0.0 ms]
      [Redirty Cards: 0.2 ms]
      [Humongous Register: 0.0 ms]
      [Humongous Reclaim: 0.0 ms]
      [Free CSet: 0.3 ms]
   [Eden: 293.0M(293.0M)->0.0B(303.0M) Survivors: 44.0M->43.0M Heap: 1106.4M(2048.0M)->1107.9M(2048.0M)]
 [Times: user=1.23 sys=0.00, real=0.16 secs] 
2020-09-29T11:30:25.018+0200: 78.450: [GC pause (G1 Humongous Allocation) (young) (initial-mark), 0.0505020 secs]
   [Parallel Time: 49.6 ms, GC Workers: 8]
      [GC Worker Start (ms): Min: 78450.6, Avg: 78450.7, Max: 78450.8, Diff: 0.2]
      [Ext Root Scanning (ms): Min: 0.0, Avg: 0.1, Max: 0.2, Diff: 0.2, Sum: 1.0]
      [Update RS (ms): Min: 27.8, Avg: 28.1, Max: 28.5, Diff: 0.6, Sum: 225.1]
         [Processed Buffers: Min: 30, Avg: 33.0, Max: 34, Diff: 4, Sum: 264]
      [Scan RS (ms): Min: 2.3, Avg: 2.6, Max: 2.9, Diff: 0.6, Sum: 20.7]
      [Code Root Scanning (ms): Min: 0.0, Avg: 0.0, Max: 0.0, Diff: 0.0, Sum: 0.0]
      [Object Copy (ms): Min: 18.5, Avg: 18.5, Max: 18.6, Diff: 0.1, Sum: 148.3]
      [Termination (ms): Min: 0.0, Avg: 0.0, Max: 0.0, Diff: 0.0, Sum: 0.0]
         [Termination Attempts: Min: 1, Avg: 26.9, Max: 37, Diff: 36, Sum: 215]
      [GC Worker Other (ms): Min: 0.0, Avg: 0.0, Max: 0.0, Diff: 0.0, Sum: 0.1]
      [GC Worker Total (ms): Min: 49.3, Avg: 49.4, Max: 49.5, Diff: 0.2, Sum: 395.3]
      [GC Worker End (ms): Min: 78500.1, Avg: 78500.1, Max: 78500.1, Diff: 0.0]
   [Code Root Fixup: 0.0 ms]
   [Code Root Purge: 0.0 ms]
   [Clear CT: 0.2 ms]
   [Other: 0.7 ms]
      [Choose CSet: 0.0 ms]
      [Ref Proc: 0.2 ms]
      [Ref Enq: 0.0 ms]
      [Redirty Cards: 0.1 ms]
      [Humongous Register: 0.1 ms]
      [Humongous Reclaim: 0.0 ms]
      [Free CSet: 0.1 ms]
   [Eden: 3072.0K(303.0M)->0.0B(354.0M) Survivors: 43.0M->5120.0K Heap: 1110.4M(2048.0M)->1113.9M(2048.0M)]
 [Times: user=0.50 sys=0.00, real=0.05 secs] 
2020-09-29T11:30:25.069+0200: 78.501: [GC concurrent-root-region-scan-start]
2020-09-29T11:30:25.069+0200: 78.502: [GC concurrent-root-region-scan-end, 0.0005713 secs]
2020-09-29T11:30:25.069+0200: 78.502: [GC concurrent-mark-start]
2020-09-29T11:30:25.072+0200: 78.504: [GC concurrent-mark-end, 0.0023352 secs]
2020-09-29T11:30:25.072+0200: 78.504: [GC remark 2020-09-29T11:30:25.072+0200: 78.504: [Finalize Marking, 0.0001780 secs] 2020-09-29T11:30:25.072+0200: 78.504: [GC ref-proc, 0.0002926 secs] 2020-09-29T11:30:25.072+0200: 78.505: [Unloading, 0.0003976 secs], 0.0012378 secs]
 [Times: user=0.00 sys=0.00, real=0.00 secs] 
2020-09-29T11:30:25.074+0200: 78.506: [GC cleanup 1121M->22M(2048M), 0.0012534 secs]
 [Times: user=0.00 sys=0.00, real=0.00 secs] 
2020-09-29T11:30:25.075+0200: 78.507: [GC concurrent-cleanup-start]
2020-09-29T11:30:25.076+0200: 78.508: [GC concurrent-cleanup-end, 0.0014817 secs]
2020-09-29T11:30:25.266+0200: 78.698: [GC pause (G1 Evacuation Pause) (young), 0.1701042 secs]
   [Parallel Time: 168.9 ms, GC Workers: 8]
      [GC Worker Start (ms): Min: 78698.5, Avg: 78698.6, Max: 78698.6, Diff: 0.2]
      [Ext Root Scanning (ms): Min: 0.0, Avg: 0.1, Max: 0.2, Diff: 0.2, Sum: 0.5]
      [Update RS (ms): Min: 16.7, Avg: 16.9, Max: 17.1, Diff: 0.5, Sum: 135.4]
         [Processed Buffers: Min: 17, Avg: 18.8, Max: 21, Diff: 4, Sum: 150]
      [Scan RS (ms): Min: 17.6, Avg: 17.8, Max: 18.1, Diff: 0.5, Sum: 142.5]
      [Code Root Scanning (ms): Min: 0.0, Avg: 0.0, Max: 0.0, Diff: 0.0, Sum: 0.0]
      [Object Copy (ms): Min: 133.6, Avg: 133.7, Max: 133.8, Diff: 0.2, Sum: 1069.9]
      [Termination (ms): Min: 0.0, Avg: 0.0, Max: 0.0, Diff: 0.0, Sum: 0.2]
         [Termination Attempts: Min: 1, Avg: 139.9, Max: 178, Diff: 177, Sum: 1119]
      [GC Worker Other (ms): Min: 0.0, Avg: 0.1, Max: 0.1, Diff: 0.1, Sum: 0.4]
      [GC Worker Total (ms): Min: 168.5, Avg: 168.6, Max: 168.7, Diff: 0.2, Sum: 1349.0]
      [GC Worker End (ms): Min: 78867.2, Avg: 78867.2, Max: 78867.2, Diff: 0.1]
   [Code Root Fixup: 0.0 ms]
   [Code Root Purge: 0.0 ms]
   [Clear CT: 0.2 ms]
   [Other: 1.0 ms]
      [Choose CSet: 0.0 ms]
      [Ref Proc: 0.2 ms]
      [Ref Enq: 0.0 ms]
      [Redirty Cards: 0.3 ms]
      [Humongous Register: 0.0 ms]
      [Humongous Reclaim: 0.0 ms]
      [Free CSet: 0.2 ms]
   [Eden: 354.0M(354.0M)->0.0B(322.0M) Survivors: 5120.0K->45.0M Heap: 427.6M(2048.0M)->424.6M(2048.0M)]
 [Times: user=1.38 sys=0.00, real=0.17 secs] 
2020-09-29T11:30:25.615+0200: 79.047: [GC pause (G1 Evacuation Pause) (young), 0.1774251 secs]
   [Parallel Time: 176.3 ms, GC Workers: 8]
      [GC Worker Start (ms): Min: 79046.9, Avg: 79047.0, Max: 79047.0, Diff: 0.2]
      [Ext Root Scanning (ms): Min: 0.0, Avg: 0.1, Max: 0.2, Diff: 0.1, Sum: 0.5]
      [Update RS (ms): Min: 15.9, Avg: 16.0, Max: 16.0, Diff: 0.1, Sum: 127.6]
         [Processed Buffers: Min: 18, Avg: 19.6, Max: 23, Diff: 5, Sum: 157]
      [Scan RS (ms): Min: 18.5, Avg: 18.6, Max: 18.8, Diff: 0.3, Sum: 148.8]
      [Code Root Scanning (ms): Min: 0.0, Avg: 0.0, Max: 0.0, Diff: 0.0, Sum: 0.0]
      [Object Copy (ms): Min: 141.3, Avg: 141.4, Max: 141.5, Diff: 0.2, Sum: 1131.1]
      [Termination (ms): Min: 0.0, Avg: 0.0, Max: 0.0, Diff: 0.0, Sum: 0.2]
         [Termination Attempts: Min: 1, Avg: 138.9, Max: 179, Diff: 178, Sum: 1111]
      [GC Worker Other (ms): Min: 0.0, Avg: 0.0, Max: 0.1, Diff: 0.1, Sum: 0.3]
      [GC Worker Total (ms): Min: 176.0, Avg: 176.1, Max: 176.1, Diff: 0.1, Sum: 1408.4]
      [GC Worker End (ms): Min: 79223.0, Avg: 79223.0, Max: 79223.0, Diff: 0.1]
   [Code Root Fixup: 0.0 ms]
   [Code Root Purge: 0.0 ms]
   [Clear CT: 0.2 ms]
   [Other: 1.0 ms]
      [Choose CSet: 0.0 ms]
      [Ref Proc: 0.1 ms]
      [Ref Enq: 0.0 ms]
      [Redirty Cards: 0.3 ms]
      [Humongous Register: 0.0 ms]
      [Humongous Reclaim: 0.0 ms]
      [Free CSet: 0.3 ms]
   [Eden: 322.0M(322.0M)->0.0B(316.0M) Survivors: 45.0M->46.0M Heap: 801.9M(2048.0M)->803.9M(2048.0M)]
 [Times: user=1.38 sys=0.00, real=0.18 secs] 
2020-09-29T11:30:25.968+0200: 79.400: [GC pause (G1 Evacuation Pause) (young), 0.1850950 secs]
   [Parallel Time: 183.2 ms, GC Workers: 8]
      [GC Worker Start (ms): Min: 79400.6, Avg: 79400.7, Max: 79400.8, Diff: 0.2]
      [Ext Root Scanning (ms): Min: 0.0, Avg: 0.1, Max: 0.2, Diff: 0.2, Sum: 0.7]
      [Update RS (ms): Min: 24.1, Avg: 24.3, Max: 24.6, Diff: 0.5, Sum: 194.8]
         [Processed Buffers: Min: 21, Avg: 22.6, Max: 26, Diff: 5, Sum: 181]
      [Scan RS (ms): Min: 20.0, Avg: 20.2, Max: 20.5, Diff: 0.6, Sum: 162.0]
      [Code Root Scanning (ms): Min: 0.0, Avg: 0.0, Max: 0.0, Diff: 0.0, Sum: 0.0]
      [Object Copy (ms): Min: 138.1, Avg: 138.3, Max: 138.3, Diff: 0.2, Sum: 1106.1]
      [Termination (ms): Min: 0.0, Avg: 0.0, Max: 0.0, Diff: 0.0, Sum: 0.2]
         [Termination Attempts: Min: 1, Avg: 164.6, Max: 203, Diff: 202, Sum: 1317]
      [GC Worker Other (ms): Min: 0.0, Avg: 0.0, Max: 0.1, Diff: 0.1, Sum: 0.3]
      [GC Worker Total (ms): Min: 182.9, Avg: 183.0, Max: 183.1, Diff: 0.2, Sum: 1464.1]
      [GC Worker End (ms): Min: 79583.7, Avg: 79583.7, Max: 79583.7, Diff: 0.1]
   [Code Root Fixup: 0.0 ms]
   [Code Root Purge: 0.0 ms]
   [Clear CT: 0.2 ms]
   [Other: 1.7 ms]
      [Choose CSet: 0.0 ms]
      [Ref Proc: 0.2 ms]
      [Ref Enq: 0.0 ms]
      [Redirty Cards: 1.0 ms]
      [Humongous Register: 0.0 ms]
      [Humongous Reclaim: 0.0 ms]
      [Free CSet: 0.3 ms]
   [Eden: 316.0M(316.0M)->0.0B(302.0M) Survivors: 46.0M->46.0M Heap: 1171.4M(2048.0M)->1173.9M(2048.0M)]
 [Times: user=1.50 sys=0.00, real=0.19 secs] 
2020-09-29T11:30:26.167+0200: 79.599: [GC pause (G1 Humongous Allocation) (young) (initial-mark), 0.0679216 secs]
   [Parallel Time: 66.5 ms, GC Workers: 8]
      [GC Worker Start (ms): Min: 79599.9, Avg: 79600.0, Max: 79600.1, Diff: 0.2]
      [Ext Root Scanning (ms): Min: 0.0, Avg: 1.7, Max: 11.7, Diff: 11.7, Sum: 13.4]
      [Update RS (ms): Min: 28.9, Avg: 38.9, Max: 40.6, Diff: 11.7, Sum: 311.4]
         [Processed Buffers: Min: 34, Avg: 41.5, Max: 47, Diff: 13, Sum: 332]
      [Scan RS (ms): Min: 2.3, Avg: 2.8, Max: 3.1, Diff: 0.8, Sum: 22.6]
      [Code Root Scanning (ms): Min: 0.0, Avg: 0.0, Max: 0.0, Diff: 0.0, Sum: 0.0]
      [Object Copy (ms): Min: 21.9, Avg: 22.0, Max: 22.1, Diff: 0.1, Sum: 175.9]
      [Termination (ms): Min: 0.0, Avg: 0.0, Max: 0.0, Diff: 0.0, Sum: 0.3]
         [Termination Attempts: Min: 1, Avg: 233.8, Max: 304, Diff: 303, Sum: 1870]
      [GC Worker Other (ms): Min: 0.0, Avg: 0.0, Max: 0.0, Diff: 0.0, Sum: 0.1]
      [GC Worker Total (ms): Min: 65.4, Avg: 65.4, Max: 65.5, Diff: 0.2, Sum: 523.6]
      [GC Worker End (ms): Min: 79665.4, Avg: 79665.4, Max: 79665.4, Diff: 0.0]
   [Code Root Fixup: 0.0 ms]
   [Code Root Purge: 0.0 ms]
   [Clear CT: 0.1 ms]
   [Other: 1.3 ms]
      [Choose CSet: 0.0 ms]
      [Ref Proc: 0.2 ms]
      [Ref Enq: 0.0 ms]
      [Redirty Cards: 0.7 ms]
      [Humongous Register: 0.1 ms]
      [Humongous Reclaim: 0.0 ms]
      [Free CSet: 0.1 ms]
   [Eden: 4096.0K(302.0M)->0.0B(326.0M) Survivors: 46.0M->6144.0K Heap: 1177.9M(2048.0M)->1181.9M(2048.0M)]
 [Times: user=0.48 sys=0.00, real=0.07 secs] 
2020-09-29T11:30:26.236+0200: 79.668: [GC concurrent-root-region-scan-start]
2020-09-29T11:30:26.236+0200: 79.669: [GC concurrent-root-region-scan-end, 0.0008787 secs]
2020-09-29T11:30:26.237+0200: 79.669: [GC concurrent-mark-start]
2020-09-29T11:30:26.239+0200: 79.671: [GC concurrent-mark-end, 0.0027393 secs]
2020-09-29T11:30:26.239+0200: 79.672: [GC remark 2020-09-29T11:30:26.240+0200: 79.672: [Finalize Marking, 0.0001903 secs] 2020-09-29T11:30:26.240+0200: 79.672: [GC ref-proc, 0.0002712 secs] 2020-09-29T11:30:26.240+0200: 79.672: [Unloading, 0.0004337 secs], 0.0017520 secs]
 [Times: user=0.00 sys=0.00, real=0.00 secs] 
2020-09-29T11:30:26.242+0200: 79.674: [GC cleanup 1192M->26M(2048M), 0.0016695 secs]
 [Times: user=0.00 sys=0.00, real=0.00 secs] 
2020-09-29T11:30:26.243+0200: 79.675: [GC concurrent-cleanup-start]
2020-09-29T11:30:26.245+0200: 79.677: [GC concurrent-cleanup-end, 0.0016512 secs]
2020-09-29T11:30:26.406+0200: 79.838: [GC pause (G1 Evacuation Pause) (young), 0.1820091 secs]
   [Parallel Time: 180.9 ms, GC Workers: 8]
      [GC Worker Start (ms): Min: 79838.5, Avg: 79838.6, Max: 79838.6, Diff: 0.1]
      [Ext Root Scanning (ms): Min: 0.0, Avg: 0.1, Max: 0.1, Diff: 0.1, Sum: 0.5]
      [Update RS (ms): Min: 15.3, Avg: 15.6, Max: 16.1, Diff: 0.7, Sum: 124.7]
         [Processed Buffers: Min: 16, Avg: 17.6, Max: 19, Diff: 3, Sum: 141]
      [Scan RS (ms): Min: 15.0, Avg: 15.5, Max: 15.8, Diff: 0.7, Sum: 124.3]
      [Code Root Scanning (ms): Min: 0.0, Avg: 0.0, Max: 0.0, Diff: 0.0, Sum: 0.0]
      [Object Copy (ms): Min: 148.8, Avg: 148.9, Max: 149.4, Diff: 0.6, Sum: 1191.2]
      [Termination (ms): Min: 0.0, Avg: 0.5, Max: 0.7, Diff: 0.7, Sum: 4.3]
         [Termination Attempts: Min: 1, Avg: 3118.0, Max: 3940, Diff: 3939, Sum: 24944]
      [GC Worker Other (ms): Min: 0.0, Avg: 0.0, Max: 0.1, Diff: 0.0, Sum: 0.4]
      [GC Worker Total (ms): Min: 180.6, Avg: 180.7, Max: 180.7, Diff: 0.1, Sum: 1445.3]
      [GC Worker End (ms): Min: 80019.2, Avg: 80019.2, Max: 80019.2, Diff: 0.0]
   [Code Root Fixup: 0.0 ms]
   [Code Root Purge: 0.0 ms]
   [Clear CT: 0.2 ms]
   [Other: 0.9 ms]
      [Choose CSet: 0.0 ms]
      [Ref Proc: 0.2 ms]
      [Ref Enq: 0.0 ms]
      [Redirty Cards: 0.2 ms]
      [Humongous Register: 0.0 ms]
      [Humongous Reclaim: 0.0 ms]
      [Free CSet: 0.2 ms]
   [Eden: 326.0M(326.0M)->0.0B(291.0M) Survivors: 6144.0K->42.0M Heap: 396.8M(2048.0M)->393.8M(2048.0M)]
 [Times: user=1.47 sys=0.00, real=0.18 secs] 
2020-09-29T11:30:26.741+0200: 80.174: [GC pause (G1 Evacuation Pause) (young), 0.1807272 secs]
   [Parallel Time: 179.5 ms, GC Workers: 8]
      [GC Worker Start (ms): Min: 80173.7, Avg: 80173.8, Max: 80173.9, Diff: 0.2]
      [Ext Root Scanning (ms): Min: 0.0, Avg: 0.1, Max: 0.2, Diff: 0.2, Sum: 0.4]
      [Update RS (ms): Min: 26.0, Avg: 26.3, Max: 26.8, Diff: 0.7, Sum: 210.8]
         [Processed Buffers: Min: 24, Avg: 24.9, Max: 26, Diff: 2, Sum: 199]
      [Scan RS (ms): Min: 15.9, Avg: 16.4, Max: 16.7, Diff: 0.8, Sum: 130.9]
      [Code Root Scanning (ms): Min: 0.0, Avg: 0.0, Max: 0.0, Diff: 0.0, Sum: 0.0]
      [Object Copy (ms): Min: 136.3, Avg: 136.4, Max: 136.5, Diff: 0.1, Sum: 1091.2]
      [Termination (ms): Min: 0.0, Avg: 0.0, Max: 0.0, Diff: 0.0, Sum: 0.2]
         [Termination Attempts: Min: 1, Avg: 136.6, Max: 188, Diff: 187, Sum: 1093]
      [GC Worker Other (ms): Min: 0.0, Avg: 0.0, Max: 0.1, Diff: 0.1, Sum: 0.3]
      [GC Worker Total (ms): Min: 179.2, Avg: 179.2, Max: 179.3, Diff: 0.2, Sum: 1433.9]
      [GC Worker End (ms): Min: 80353.0, Avg: 80353.0, Max: 80353.1, Diff: 0.1]
   [Code Root Fixup: 0.0 ms]
   [Code Root Purge: 0.0 ms]
   [Clear CT: 0.2 ms]
   [Other: 1.0 ms]
      [Choose CSet: 0.0 ms]
      [Ref Proc: 0.2 ms]
      [Ref Enq: 0.0 ms]
      [Redirty Cards: 0.2 ms]
      [Humongous Register: 0.0 ms]
      [Humongous Reclaim: 0.0 ms]
      [Free CSet: 0.3 ms]
   [Eden: 291.0M(291.0M)->0.0B(283.0M) Survivors: 42.0M->42.0M Heap: 732.5M(2048.0M)->735.0M(2048.0M)]
 [Times: user=1.38 sys=0.00, real=0.18 secs] 
2020-09-29T11:30:27.088+0200: 80.521: [GC pause (G1 Evacuation Pause) (young), 0.1670826 secs]
   [Parallel Time: 165.9 ms, GC Workers: 8]
      [GC Worker Start (ms): Min: 80521.1, Avg: 80521.2, Max: 80521.2, Diff: 0.2]
      [Ext Root Scanning (ms): Min: 0.0, Avg: 0.1, Max: 0.2, Diff: 0.2, Sum: 0.5]
      [Update RS (ms): Min: 20.7, Avg: 20.8, Max: 21.2, Diff: 0.6, Sum: 166.8]
         [Processed Buffers: Min: 18, Avg: 19.3, Max: 21, Diff: 3, Sum: 154]
      [Scan RS (ms): Min: 17.4, Avg: 18.0, Max: 18.8, Diff: 1.4, Sum: 143.7]
      [Code Root Scanning (ms): Min: 0.0, Avg: 0.0, Max: 0.0, Diff: 0.0, Sum: 0.0]
      [Object Copy (ms): Min: 125.9, Avg: 126.6, Max: 126.9, Diff: 1.0, Sum: 1012.9]
      [Termination (ms): Min: 0.0, Avg: 0.1, Max: 0.2, Diff: 0.2, Sum: 1.1]
         [Termination Attempts: Min: 1, Avg: 840.5, Max: 1149, Diff: 1148, Sum: 6724]
      [GC Worker Other (ms): Min: 0.0, Avg: 0.0, Max: 0.1, Diff: 0.1, Sum: 0.3]
      [GC Worker Total (ms): Min: 165.6, Avg: 165.7, Max: 165.8, Diff: 0.2, Sum: 1325.4]
      [GC Worker End (ms): Min: 80686.8, Avg: 80686.8, Max: 80686.9, Diff: 0.1]
   [Code Root Fixup: 0.0 ms]
   [Code Root Purge: 0.0 ms]
   [Clear CT: 0.2 ms]
   [Other: 1.0 ms]
      [Choose CSet: 0.0 ms]
      [Ref Proc: 0.2 ms]
      [Ref Enq: 0.0 ms]
      [Redirty Cards: 0.5 ms]
      [Humongous Register: 0.0 ms]
      [Humongous Reclaim: 0.0 ms]
      [Free CSet: 0.2 ms]
   [Eden: 283.0M(283.0M)->0.0B(286.0M) Survivors: 42.0M->41.0M Heap: 1065.7M(2048.0M)->1068.7M(2048.0M)]
 [Times: user=1.36 sys=0.00, real=0.17 secs] 
2020-09-29T11:30:27.272+0200: 80.705: [GC pause (G1 Humongous Allocation) (young) (initial-mark), 0.0538538 secs]
   [Parallel Time: 53.1 ms, GC Workers: 8]
      [GC Worker Start (ms): Min: 80705.2, Avg: 80705.2, Max: 80705.3, Diff: 0.1]
      [Ext Root Scanning (ms): Min: 0.0, Avg: 2.5, Max: 18.7, Diff: 18.7, Sum: 20.0]
      [Update RS (ms): Min: 10.3, Avg: 26.2, Max: 28.7, Diff: 18.4, Sum: 209.5]
         [Processed Buffers: Min: 14, Avg: 28.6, Max: 33, Diff: 19, Sum: 229]
      [Scan RS (ms): Min: 2.3, Avg: 2.7, Max: 3.7, Diff: 1.5, Sum: 21.9]
      [Code Root Scanning (ms): Min: 0.0, Avg: 0.0, Max: 0.0, Diff: 0.0, Sum: 0.0]
      [Object Copy (ms): Min: 20.2, Avg: 21.4, Max: 21.6, Diff: 1.4, Sum: 171.0]
      [Termination (ms): Min: 0.0, Avg: 0.0, Max: 0.1, Diff: 0.1, Sum: 0.4]
         [Termination Attempts: Min: 1, Avg: 316.9, Max: 424, Diff: 423, Sum: 2535]
      [GC Worker Other (ms): Min: 0.0, Avg: 0.0, Max: 0.0, Diff: 0.0, Sum: 0.1]
      [GC Worker Total (ms): Min: 52.8, Avg: 52.9, Max: 52.9, Diff: 0.1, Sum: 422.9]
      [GC Worker End (ms): Min: 80758.1, Avg: 80758.1, Max: 80758.1, Diff: 0.0]
   [Code Root Fixup: 0.0 ms]
   [Code Root Purge: 0.0 ms]
   [Clear CT: 0.1 ms]
   [Other: 0.6 ms]
      [Choose CSet: 0.0 ms]
      [Ref Proc: 0.2 ms]
      [Ref Enq: 0.0 ms]
      [Redirty Cards: 0.1 ms]
      [Humongous Register: 0.1 ms]
      [Humongous Reclaim: 0.0 ms]
      [Free CSet: 0.0 ms]
   [Eden: 5120.0K(286.0M)->0.0B(325.0M) Survivors: 41.0M->6144.0K Heap: 1073.2M(2048.0M)->1076.7M(2048.0M)]
 [Times: user=0.36 sys=0.00, real=0.05 secs] 
2020-09-29T11:30:27.326+0200: 80.759: [GC concurrent-root-region-scan-start]
2020-09-29T11:30:27.327+0200: 80.760: [GC concurrent-root-region-scan-end, 0.0007991 secs]
2020-09-29T11:30:27.327+0200: 80.760: [GC concurrent-mark-start]
2020-09-29T11:30:27.329+0200: 80.762: [GC concurrent-mark-end, 0.0021453 secs]
2020-09-29T11:30:27.329+0200: 80.762: [GC remark 2020-09-29T11:30:27.329+0200: 80.762: [Finalize Marking, 0.0001174 secs] 2020-09-29T11:30:27.330+0200: 80.762: [GC ref-proc, 0.0002551 secs] 2020-09-29T11:30:27.330+0200: 80.763: [Unloading, 0.0003812 secs], 0.0010239 secs]
 [Times: user=0.00 sys=0.00, real=0.00 secs] 
2020-09-29T11:30:27.331+0200: 80.763: [GC cleanup 1085M->24M(2048M), 0.0009217 secs]
 [Times: user=0.13 sys=0.00, real=0.00 secs] 
2020-09-29T11:30:27.332+0200: 80.764: [GC concurrent-cleanup-start]
2020-09-29T11:30:27.333+0200: 80.766: [GC concurrent-cleanup-end, 0.0011477 secs]
2020-09-29T11:30:27.490+0200: 80.923: [GC pause (G1 Evacuation Pause) (young), 0.1577703 secs]
   [Parallel Time: 156.6 ms, GC Workers: 8]
      [GC Worker Start (ms): Min: 80922.8, Avg: 80922.9, Max: 80922.9, Diff: 0.1]
      [Ext Root Scanning (ms): Min: 0.0, Avg: 0.1, Max: 0.1, Diff: 0.1, Sum: 0.6]
      [Update RS (ms): Min: 15.4, Avg: 15.4, Max: 15.6, Diff: 0.2, Sum: 123.6]
         [Processed Buffers: Min: 15, Avg: 16.3, Max: 18, Diff: 3, Sum: 130]
      [Scan RS (ms): Min: 16.9, Avg: 17.0, Max: 17.2, Diff: 0.3, Sum: 136.3]
      [Code Root Scanning (ms): Min: 0.0, Avg: 0.0, Max: 0.0, Diff: 0.0, Sum: 0.0]
      [Object Copy (ms): Min: 123.6, Avg: 123.7, Max: 123.8, Diff: 0.2, Sum: 990.0]
      [Termination (ms): Min: 0.0, Avg: 0.1, Max: 0.1, Diff: 0.1, Sum: 0.7]
         [Termination Attempts: Min: 1, Avg: 520.0, Max: 682, Diff: 681, Sum: 4160]
      [GC Worker Other (ms): Min: 0.0, Avg: 0.0, Max: 0.1, Diff: 0.0, Sum: 0.3]
      [GC Worker Total (ms): Min: 156.4, Avg: 156.4, Max: 156.5, Diff: 0.1, Sum: 1251.3]
      [GC Worker End (ms): Min: 81079.3, Avg: 81079.3, Max: 81079.3, Diff: 0.1]
   [Code Root Fixup: 0.0 ms]
   [Code Root Purge: 0.0 ms]
   [Clear CT: 0.2 ms]
   [Other: 1.0 ms]
      [Choose CSet: 0.0 ms]
      [Ref Proc: 0.2 ms]
      [Ref Enq: 0.0 ms]
      [Redirty Cards: 0.2 ms]
      [Humongous Register: 0.0 ms]
      [Humongous Reclaim: 0.0 ms]
      [Free CSet: 0.3 ms]
   [Eden: 325.0M(325.0M)->0.0B(305.0M) Survivors: 6144.0K->42.0M Heap: 396.3M(2048.0M)->392.3M(2048.0M)]
 [Times: user=1.23 sys=0.00, real=0.16 secs] 
2020-09-29T11:30:27.818+0200: 81.251: [GC pause (G1 Evacuation Pause) (young), 0.1672794 secs]
   [Parallel Time: 166.0 ms, GC Workers: 8]
      [GC Worker Start (ms): Min: 81251.2, Avg: 81251.3, Max: 81251.3, Diff: 0.2]
      [Ext Root Scanning (ms): Min: 0.0, Avg: 0.1, Max: 0.2, Diff: 0.2, Sum: 0.5]
      [Update RS (ms): Min: 13.3, Avg: 13.5, Max: 14.0, Diff: 0.7, Sum: 107.8]
         [Processed Buffers: Min: 14, Avg: 16.4, Max: 20, Diff: 6, Sum: 131]
      [Scan RS (ms): Min: 18.1, Avg: 18.7, Max: 18.9, Diff: 0.8, Sum: 149.6]
      [Code Root Scanning (ms): Min: 0.0, Avg: 0.0, Max: 0.0, Diff: 0.0, Sum: 0.0]
      [Object Copy (ms): Min: 133.1, Avg: 133.3, Max: 133.4, Diff: 0.2, Sum: 1066.5]
      [Termination (ms): Min: 0.0, Avg: 0.1, Max: 0.2, Diff: 0.2, Sum: 0.9]
         [Termination Attempts: Min: 1, Avg: 770.1, Max: 1114, Diff: 1113, Sum: 6161]
      [GC Worker Other (ms): Min: 0.0, Avg: 0.0, Max: 0.1, Diff: 0.1, Sum: 0.2]
      [GC Worker Total (ms): Min: 165.6, Avg: 165.7, Max: 165.8, Diff: 0.2, Sum: 1325.5]
      [GC Worker End (ms): Min: 81416.9, Avg: 81417.0, Max: 81417.0, Diff: 0.1]
   [Code Root Fixup: 0.0 ms]
   [Code Root Purge: 0.0 ms]
   [Clear CT: 0.2 ms]
   [Other: 1.2 ms]
      [Choose CSet: 0.0 ms]
      [Ref Proc: 0.3 ms]
      [Ref Enq: 0.0 ms]
      [Redirty Cards: 0.3 ms]
      [Humongous Register: 0.0 ms]
      [Humongous Reclaim: 0.0 ms]
      [Free CSet: 0.3 ms]
   [Eden: 305.0M(305.0M)->0.0B(304.0M) Survivors: 42.0M->44.0M Heap: 748.8M(2048.0M)->750.3M(2048.0M)]
 [Times: user=1.20 sys=0.05, real=0.17 secs] 
2020-09-29T11:30:28.154+0200: 81.587: [GC pause (G1 Evacuation Pause) (young), 0.1690724 secs]
   [Parallel Time: 164.4 ms, GC Workers: 8]
      [GC Worker Start (ms): Min: 81586.8, Avg: 81586.9, Max: 81587.0, Diff: 0.2]
      [Ext Root Scanning (ms): Min: 0.0, Avg: 0.1, Max: 0.2, Diff: 0.2, Sum: 0.6]
      [Update RS (ms): Min: 16.9, Avg: 17.0, Max: 17.0, Diff: 0.1, Sum: 135.6]
         [Processed Buffers: Min: 19, Avg: 20.3, Max: 21, Diff: 2, Sum: 162]
      [Scan RS (ms): Min: 17.5, Avg: 17.6, Max: 17.7, Diff: 0.2, Sum: 140.6]
      [Code Root Scanning (ms): Min: 0.0, Avg: 0.0, Max: 0.0, Diff: 0.0, Sum: 0.0]
      [Object Copy (ms): Min: 129.4, Avg: 129.5, Max: 129.5, Diff: 0.1, Sum: 1035.9]
      [Termination (ms): Min: 0.0, Avg: 0.0, Max: 0.1, Diff: 0.1, Sum: 0.3]
         [Termination Attempts: Min: 1, Avg: 259.5, Max: 342, Diff: 341, Sum: 2076]
      [GC Worker Other (ms): Min: 0.0, Avg: 0.0, Max: 0.1, Diff: 0.1, Sum: 0.3]
      [GC Worker Total (ms): Min: 164.1, Avg: 164.2, Max: 164.3, Diff: 0.2, Sum: 1313.3]
      [GC Worker End (ms): Min: 81751.0, Avg: 81751.1, Max: 81751.1, Diff: 0.1]
   [Code Root Fixup: 0.0 ms]
   [Code Root Purge: 0.0 ms]
   [Clear CT: 0.5 ms]
   [Other: 4.1 ms]
      [Choose CSet: 0.0 ms]
      [Ref Proc: 0.2 ms]
      [Ref Enq: 0.0 ms]
      [Redirty Cards: 1.6 ms]
      [Humongous Register: 0.0 ms]
      [Humongous Reclaim: 0.0 ms]
      [Free CSet: 2.2 ms]
   [Eden: 304.0M(304.0M)->0.0B(305.0M) Survivors: 44.0M->44.0M Heap: 1103.9M(2048.0M)->1105.9M(2048.0M)]
 [Times: user=1.38 sys=0.00, real=0.17 secs] 
2020-09-29T11:30:28.335+0200: 81.768: [GC pause (G1 Humongous Allocation) (young) (initial-mark), 0.0570983 secs]
   [Parallel Time: 55.4 ms, GC Workers: 8]
      [GC Worker Start (ms): Min: 81768.4, Avg: 81768.5, Max: 81768.6, Diff: 0.2]
      [Ext Root Scanning (ms): Min: 0.0, Avg: 0.3, Max: 0.7, Diff: 0.7, Sum: 2.1]
      [Update RS (ms): Min: 33.1, Avg: 33.7, Max: 34.3, Diff: 1.2, Sum: 269.3]
         [Processed Buffers: Min: 36, Avg: 38.5, Max: 43, Diff: 7, Sum: 308]
      [Scan RS (ms): Min: 2.2, Avg: 2.7, Max: 2.9, Diff: 0.8, Sum: 21.6]
      [Code Root Scanning (ms): Min: 0.0, Avg: 0.0, Max: 0.0, Diff: 0.0, Sum: 0.0]
      [Object Copy (ms): Min: 18.5, Avg: 18.6, Max: 18.6, Diff: 0.1, Sum: 148.7]
      [Termination (ms): Min: 0.0, Avg: 0.0, Max: 0.0, Diff: 0.0, Sum: 0.0]
         [Termination Attempts: Min: 1, Avg: 5.1, Max: 8, Diff: 7, Sum: 41]
      [GC Worker Other (ms): Min: 0.0, Avg: 0.0, Max: 0.0, Diff: 0.0, Sum: 0.1]
      [GC Worker Total (ms): Min: 55.1, Avg: 55.2, Max: 55.3, Diff: 0.2, Sum: 441.8]
      [GC Worker End (ms): Min: 81823.7, Avg: 81823.7, Max: 81823.7, Diff: 0.0]
   [Code Root Fixup: 0.0 ms]
   [Code Root Purge: 0.0 ms]
   [Clear CT: 0.2 ms]
   [Other: 1.5 ms]
      [Choose CSet: 0.0 ms]
      [Ref Proc: 0.2 ms]
      [Ref Enq: 0.0 ms]
      [Redirty Cards: 0.8 ms]
      [Humongous Register: 0.1 ms]
      [Humongous Reclaim: 0.0 ms]
      [Free CSet: 0.1 ms]
   [Eden: 5120.0K(305.0M)->0.0B(353.0M) Survivors: 44.0M->8192.0K Heap: 1110.4M(2048.0M)->1115.4M(2048.0M)]
 [Times: user=0.38 sys=0.00, real=0.06 secs] 
2020-09-29T11:30:28.393+0200: 81.825: [GC concurrent-root-region-scan-start]
2020-09-29T11:30:28.394+0200: 81.827: [GC concurrent-root-region-scan-end, 0.0013655 secs]
2020-09-29T11:30:28.394+0200: 81.827: [GC concurrent-mark-start]
2020-09-29T11:30:28.398+0200: 81.830: [GC concurrent-mark-end, 0.0035899 secs]
2020-09-29T11:30:28.398+0200: 81.831: [GC remark 2020-09-29T11:30:28.398+0200: 81.831: [Finalize Marking, 0.0003754 secs] 2020-09-29T11:30:28.398+0200: 81.831: [GC ref-proc, 0.0003383 secs] 2020-09-29T11:30:28.399+0200: 81.832: [Unloading, 0.0005127 secs], 0.0016414 secs]
 [Times: user=0.00 sys=0.00, real=0.00 secs] 
2020-09-29T11:30:28.400+0200: 81.833: [GC cleanup 1125M->27M(2048M), 0.0013696 secs]
 [Times: user=0.00 sys=0.00, real=0.00 secs] 
2020-09-29T11:30:28.402+0200: 81.834: [GC concurrent-cleanup-start]
2020-09-29T11:30:28.403+0200: 81.836: [GC concurrent-cleanup-end, 0.0013814 secs]
2020-09-29T11:30:28.586+0200: 82.019: [GC pause (G1 Evacuation Pause) (young), 0.1909332 secs]
   [Parallel Time: 189.6 ms, GC Workers: 8]
      [GC Worker Start (ms): Min: 82019.0, Avg: 82019.1, Max: 82019.2, Diff: 0.2]
      [Ext Root Scanning (ms): Min: 0.0, Avg: 0.1, Max: 0.2, Diff: 0.2, Sum: 0.4]
      [Update RS (ms): Min: 16.9, Avg: 17.0, Max: 17.2, Diff: 0.3, Sum: 136.2]
         [Processed Buffers: Min: 15, Avg: 17.0, Max: 19, Diff: 4, Sum: 136]
      [Scan RS (ms): Min: 20.7, Avg: 21.0, Max: 21.1, Diff: 0.4, Sum: 167.7]
      [Code Root Scanning (ms): Min: 0.0, Avg: 0.0, Max: 0.0, Diff: 0.0, Sum: 0.0]
      [Object Copy (ms): Min: 151.0, Avg: 151.2, Max: 151.3, Diff: 0.3, Sum: 1209.4]
      [Termination (ms): Min: 0.0, Avg: 0.1, Max: 0.2, Diff: 0.2, Sum: 1.0]
         [Termination Attempts: Min: 1, Avg: 830.5, Max: 1102, Diff: 1101, Sum: 6644]
      [GC Worker Other (ms): Min: 0.0, Avg: 0.0, Max: 0.1, Diff: 0.1, Sum: 0.3]
      [GC Worker Total (ms): Min: 189.3, Avg: 189.4, Max: 189.5, Diff: 0.2, Sum: 1515.2]
      [GC Worker End (ms): Min: 82208.5, Avg: 82208.5, Max: 82208.6, Diff: 0.1]
   [Code Root Fixup: 0.0 ms]
   [Code Root Purge: 0.0 ms]
   [Clear CT: 0.2 ms]
   [Other: 1.1 ms]
      [Choose CSet: 0.0 ms]
      [Ref Proc: 0.1 ms]
      [Ref Enq: 0.0 ms]
      [Redirty Cards: 0.3 ms]
      [Humongous Register: 0.0 ms]
      [Humongous Reclaim: 0.0 ms]
      [Free CSet: 0.4 ms]
   [Eden: 353.0M(353.0M)->0.0B(299.0M) Survivors: 8192.0K->46.0M Heap: 429.6M(2048.0M)->424.1M(2048.0M)]
 [Times: user=1.48 sys=0.02, real=0.19 secs] 
2020-09-29T11:30:28.945+0200: 82.378: [GC pause (G1 Evacuation Pause) (young), 0.1784717 secs]
   [Parallel Time: 177.3 ms, GC Workers: 8]
      [GC Worker Start (ms): Min: 82378.2, Avg: 82378.3, Max: 82378.4, Diff: 0.2]
      [Ext Root Scanning (ms): Min: 0.0, Avg: 0.1, Max: 0.2, Diff: 0.2, Sum: 0.6]
      [Update RS (ms): Min: 23.8, Avg: 24.3, Max: 24.9, Diff: 1.2, Sum: 194.2]
         [Processed Buffers: Min: 19, Avg: 19.9, Max: 21, Diff: 2, Sum: 159]
      [Scan RS (ms): Min: 22.0, Avg: 22.7, Max: 23.2, Diff: 1.2, Sum: 181.7]
      [Code Root Scanning (ms): Min: 0.0, Avg: 0.0, Max: 0.0, Diff: 0.0, Sum: 0.0]
      [Object Copy (ms): Min: 129.9, Avg: 129.9, Max: 129.9, Diff: 0.1, Sum: 1039.3]
      [Termination (ms): Min: 0.0, Avg: 0.0, Max: 0.0, Diff: 0.0, Sum: 0.0]
         [Termination Attempts: Min: 1, Avg: 34.6, Max: 47, Diff: 46, Sum: 277]
      [GC Worker Other (ms): Min: 0.0, Avg: 0.0, Max: 0.1, Diff: 0.1, Sum: 0.4]
      [GC Worker Total (ms): Min: 176.9, Avg: 177.0, Max: 177.1, Diff: 0.2, Sum: 1416.2]
      [GC Worker End (ms): Min: 82555.3, Avg: 82555.4, Max: 82555.4, Diff: 0.1]
   [Code Root Fixup: 0.0 ms]
   [Code Root Purge: 0.0 ms]
   [Clear CT: 0.2 ms]
   [Other: 1.0 ms]
      [Choose CSet: 0.0 ms]
      [Ref Proc: 0.1 ms]
      [Ref Enq: 0.0 ms]
      [Redirty Cards: 0.4 ms]
      [Humongous Register: 0.0 ms]
      [Humongous Reclaim: 0.0 ms]
      [Free CSet: 0.3 ms]
   [Eden: 299.0M(299.0M)->0.0B(284.0M) Survivors: 46.0M->44.0M Heap: 772.7M(2048.0M)->774.2M(2048.0M)]
 [Times: user=1.33 sys=0.05, real=0.18 secs] 
2020-09-29T11:30:29.281+0200: 82.714: [GC pause (G1 Evacuation Pause) (young), 0.1539572 secs]
   [Parallel Time: 153.0 ms, GC Workers: 8]
      [GC Worker Start (ms): Min: 82713.7, Avg: 82713.8, Max: 82713.9, Diff: 0.2]
      [Ext Root Scanning (ms): Min: 0.0, Avg: 0.1, Max: 0.2, Diff: 0.2, Sum: 0.6]
      [Update RS (ms): Min: 16.0, Avg: 16.2, Max: 16.7, Diff: 0.8, Sum: 129.7]
         [Processed Buffers: Min: 18, Avg: 18.9, Max: 21, Diff: 3, Sum: 151]
      [Scan RS (ms): Min: 14.5, Avg: 15.1, Max: 15.3, Diff: 0.8, Sum: 120.5]
      [Code Root Scanning (ms): Min: 0.0, Avg: 0.0, Max: 0.0, Diff: 0.0, Sum: 0.0]
      [Object Copy (ms): Min: 121.3, Avg: 121.3, Max: 121.4, Diff: 0.2, Sum: 970.7]
      [Termination (ms): Min: 0.0, Avg: 0.0, Max: 0.1, Diff: 0.1, Sum: 0.4]
         [Termination Attempts: Min: 1, Avg: 339.4, Max: 418, Diff: 417, Sum: 2715]
      [GC Worker Other (ms): Min: 0.0, Avg: 0.0, Max: 0.1, Diff: 0.0, Sum: 0.3]
      [GC Worker Total (ms): Min: 152.7, Avg: 152.8, Max: 152.9, Diff: 0.2, Sum: 1222.1]
      [GC Worker End (ms): Min: 82866.6, Avg: 82866.6, Max: 82866.6, Diff: 0.0]
   [Code Root Fixup: 0.0 ms]
   [Code Root Purge: 0.0 ms]
   [Clear CT: 0.2 ms]
   [Other: 0.8 ms]
      [Choose CSet: 0.0 ms]
      [Ref Proc: 0.2 ms]
      [Ref Enq: 0.0 ms]
      [Redirty Cards: 0.2 ms]
      [Humongous Register: 0.0 ms]
      [Humongous Reclaim: 0.0 ms]
      [Free CSet: 0.2 ms]
   [Eden: 284.0M(284.0M)->0.0B(303.0M) Survivors: 44.0M->41.0M Heap: 1105.9M(2048.0M)->1107.9M(2048.0M)]
 [Times: user=1.25 sys=0.00, real=0.15 secs] 
2020-09-29T11:30:29.436+0200: 82.869: [GC pause (G1 Humongous Allocation) (young) (initial-mark), 0.0708013 secs]
   [Parallel Time: 69.9 ms, GC Workers: 8]
      [GC Worker Start (ms): Min: 82869.1, Avg: 82869.2, Max: 82869.3, Diff: 0.1]
      [Ext Root Scanning (ms): Min: 0.0, Avg: 1.2, Max: 8.3, Diff: 8.3, Sum: 9.3]
      [Update RS (ms): Min: 37.5, Avg: 44.6, Max: 45.8, Diff: 8.3, Sum: 357.2]
         [Processed Buffers: Min: 46, Avg: 54.4, Max: 57, Diff: 11, Sum: 435]
      [Scan RS (ms): Min: 0.0, Avg: 0.0, Max: 0.0, Diff: 0.0, Sum: 0.0]
      [Code Root Scanning (ms): Min: 0.0, Avg: 0.0, Max: 0.0, Diff: 0.0, Sum: 0.0]
      [Object Copy (ms): Min: 23.7, Avg: 23.8, Max: 23.9, Diff: 0.3, Sum: 190.3]
      [Termination (ms): Min: 0.0, Avg: 0.0, Max: 0.1, Diff: 0.1, Sum: 0.3]
         [Termination Attempts: Min: 1, Avg: 257.5, Max: 320, Diff: 319, Sum: 2060]
      [GC Worker Other (ms): Min: 0.0, Avg: 0.0, Max: 0.0, Diff: 0.0, Sum: 0.2]
      [GC Worker Total (ms): Min: 69.6, Avg: 69.7, Max: 69.7, Diff: 0.2, Sum: 557.3]
      [GC Worker End (ms): Min: 82938.8, Avg: 82938.8, Max: 82938.9, Diff: 0.0]
   [Code Root Fixup: 0.0 ms]
   [Code Root Purge: 0.0 ms]
   [Clear CT: 0.2 ms]
   [Other: 0.8 ms]
      [Choose CSet: 0.0 ms]
      [Ref Proc: 0.2 ms]
      [Ref Enq: 0.0 ms]
      [Redirty Cards: 0.2 ms]
      [Humongous Register: 0.0 ms]
      [Humongous Reclaim: 0.0 ms]
      [Free CSet: 0.1 ms]
   [Eden: 3072.0K(303.0M)->0.0B(282.0M) Survivors: 41.0M->4096.0K Heap: 1110.4M(2048.0M)->1112.9M(2048.0M)]
 [Times: user=0.61 sys=0.00, real=0.07 secs] 
2020-09-29T11:30:29.507+0200: 82.940: [GC concurrent-root-region-scan-start]
2020-09-29T11:30:29.508+0200: 82.941: [GC concurrent-root-region-scan-end, 0.0007527 secs]
2020-09-29T11:30:29.508+0200: 82.941: [GC concurrent-mark-start]
2020-09-29T11:30:29.511+0200: 82.944: [GC concurrent-mark-end, 0.0034903 secs]
2020-09-29T11:30:29.512+0200: 82.945: [GC remark 2020-09-29T11:30:29.512+0200: 82.945: [Finalize Marking, 0.0002397 secs] 2020-09-29T11:30:29.512+0200: 82.945: [GC ref-proc, 0.0002909 secs] 2020-09-29T11:30:29.512+0200: 82.945: [Unloading, 0.0004225 secs], 0.0012750 secs]
 [Times: user=0.00 sys=0.00, real=0.00 secs] 
2020-09-29T11:30:29.513+0200: 82.946: [GC cleanup 1122M->23M(2048M), 0.0016264 secs]
 [Times: user=0.00 sys=0.00, real=0.00 secs] 
2020-09-29T11:30:29.515+0200: 82.948: [GC concurrent-cleanup-start]
2020-09-29T11:30:29.517+0200: 82.950: [GC concurrent-cleanup-end, 0.0019078 secs]
2020-09-29T11:30:29.654+0200: 83.087: [GC pause (G1 Evacuation Pause) (young), 0.1457409 secs]
   [Parallel Time: 144.6 ms, GC Workers: 8]
      [GC Worker Start (ms): Min: 83087.0, Avg: 83087.1, Max: 83087.1, Diff: 0.2]
      [Ext Root Scanning (ms): Min: 0.0, Avg: 0.1, Max: 0.1, Diff: 0.1, Sum: 0.5]
      [Update RS (ms): Min: 15.1, Avg: 15.3, Max: 15.7, Diff: 0.6, Sum: 122.2]
         [Processed Buffers: Min: 13, Avg: 15.3, Max: 17, Diff: 4, Sum: 122]
      [Scan RS (ms): Min: 14.4, Avg: 14.8, Max: 15.0, Diff: 0.6, Sum: 118.4]
      [Code Root Scanning (ms): Min: 0.0, Avg: 0.0, Max: 0.0, Diff: 0.0, Sum: 0.0]
      [Object Copy (ms): Min: 114.1, Avg: 114.2, Max: 114.3, Diff: 0.2, Sum: 913.8]
      [Termination (ms): Min: 0.0, Avg: 0.1, Max: 0.1, Diff: 0.1, Sum: 0.6]
         [Termination Attempts: Min: 1, Avg: 454.0, Max: 648, Diff: 647, Sum: 3632]
      [GC Worker Other (ms): Min: 0.0, Avg: 0.0, Max: 0.1, Diff: 0.1, Sum: 0.3]
      [GC Worker Total (ms): Min: 144.4, Avg: 144.5, Max: 144.6, Diff: 0.2, Sum: 1155.7]
      [GC Worker End (ms): Min: 83231.5, Avg: 83231.5, Max: 83231.6, Diff: 0.1]
   [Code Root Fixup: 0.0 ms]
   [Code Root Purge: 0.0 ms]
   [Clear CT: 0.2 ms]
   [Other: 0.9 ms]
      [Choose CSet: 0.0 ms]
      [Ref Proc: 0.1 ms]
      [Ref Enq: 0.0 ms]
      [Redirty Cards: 0.2 ms]
      [Humongous Register: 0.0 ms]
      [Humongous Reclaim: 0.0 ms]
      [Free CSet: 0.3 ms]
   [Eden: 282.0M(282.0M)->0.0B(272.0M) Survivors: 4096.0K->36.0M Heap: 343.2M(2048.0M)->341.2M(2048.0M)]
 [Times: user=1.13 sys=0.00, real=0.15 secs] 
2020-09-29T11:30:29.940+0200: 83.373: [GC pause (G1 Evacuation Pause) (young), 0.1923029 secs]
   [Parallel Time: 191.0 ms, GC Workers: 8]
      [GC Worker Start (ms): Min: 83373.0, Avg: 83373.1, Max: 83373.2, Diff: 0.2]
      [Ext Root Scanning (ms): Min: 0.0, Avg: 0.1, Max: 0.2, Diff: 0.2, Sum: 0.5]
      [Update RS (ms): Min: 24.4, Avg: 25.5, Max: 30.4, Diff: 6.1, Sum: 203.8]
         [Processed Buffers: Min: 14, Avg: 18.4, Max: 25, Diff: 11, Sum: 147]
      [Scan RS (ms): Min: 16.7, Avg: 21.6, Max: 22.8, Diff: 6.1, Sum: 173.1]
      [Code Root Scanning (ms): Min: 0.0, Avg: 0.0, Max: 0.0, Diff: 0.0, Sum: 0.0]
      [Object Copy (ms): Min: 141.9, Avg: 143.1, Max: 143.6, Diff: 1.7, Sum: 1144.7]
      [Termination (ms): Min: 0.0, Avg: 0.4, Max: 0.5, Diff: 0.5, Sum: 2.9]
         [Termination Attempts: Min: 1, Avg: 2265.6, Max: 3118, Diff: 3117, Sum: 18125]
      [GC Worker Other (ms): Min: 0.0, Avg: 0.1, Max: 0.1, Diff: 0.1, Sum: 0.4]
      [GC Worker Total (ms): Min: 190.6, Avg: 190.7, Max: 190.8, Diff: 0.2, Sum: 1525.5]
      [GC Worker End (ms): Min: 83563.7, Avg: 83563.8, Max: 83563.8, Diff: 0.1]
   [Code Root Fixup: 0.0 ms]
   [Code Root Purge: 0.0 ms]
   [Clear CT: 0.2 ms]
   [Other: 1.1 ms]
      [Choose CSet: 0.0 ms]
      [Ref Proc: 0.2 ms]
      [Ref Enq: 0.0 ms]
      [Redirty Cards: 0.5 ms]
      [Humongous Register: 0.0 ms]
      [Humongous Reclaim: 0.0 ms]
      [Free CSet: 0.2 ms]
   [Eden: 272.0M(272.0M)->0.0B(241.0M) Survivors: 36.0M->39.0M Heap: 659.0M(2048.0M)->661.0M(2048.0M)]
 [Times: user=1.56 sys=0.00, real=0.19 secs] 
2020-09-29T11:30:30.268+0200: 83.701: [GC pause (G1 Evacuation Pause) (young), 0.1338230 secs]
   [Parallel Time: 132.8 ms, GC Workers: 8]
      [GC Worker Start (ms): Min: 83700.7, Avg: 83700.8, Max: 83700.8, Diff: 0.2]
      [Ext Root Scanning (ms): Min: 0.0, Avg: 0.1, Max: 0.2, Diff: 0.1, Sum: 0.5]
      [Update RS (ms): Min: 16.9, Avg: 17.1, Max: 17.3, Diff: 0.3, Sum: 136.5]
         [Processed Buffers: Min: 18, Avg: 19.8, Max: 21, Diff: 3, Sum: 158]
      [Scan RS (ms): Min: 10.6, Avg: 10.8, Max: 10.9, Diff: 0.4, Sum: 86.4]
      [Code Root Scanning (ms): Min: 0.0, Avg: 0.0, Max: 0.0, Diff: 0.0, Sum: 0.0]
      [Object Copy (ms): Min: 104.6, Avg: 104.7, Max: 104.8, Diff: 0.1, Sum: 837.6]
      [Termination (ms): Min: 0.0, Avg: 0.0, Max: 0.0, Diff: 0.0, Sum: 0.2]
         [Termination Attempts: Min: 1, Avg: 205.6, Max: 275, Diff: 274, Sum: 1645]
      [GC Worker Other (ms): Min: 0.0, Avg: 0.0, Max: 0.1, Diff: 0.1, Sum: 0.4]
      [GC Worker Total (ms): Min: 132.7, Avg: 132.7, Max: 132.8, Diff: 0.1, Sum: 1061.5]
      [GC Worker End (ms): Min: 83833.4, Avg: 83833.4, Max: 83833.5, Diff: 0.1]
   [Code Root Fixup: 0.0 ms]
   [Code Root Purge: 0.0 ms]
   [Clear CT: 0.2 ms]
   [Other: 0.7 ms]
      [Choose CSet: 0.0 ms]
      [Ref Proc: 0.2 ms]
      [Ref Enq: 0.0 ms]
      [Redirty Cards: 0.2 ms]
      [Humongous Register: 0.0 ms]
      [Humongous Reclaim: 0.0 ms]
      [Free CSet: 0.2 ms]
   [Eden: 241.0M(241.0M)->0.0B(273.0M) Survivors: 39.0M->35.0M Heap: 942.0M(2048.0M)->944.0M(2048.0M)]
 [Times: user=1.11 sys=0.02, real=0.13 secs] 
2020-09-29T11:30:30.424+0200: 83.856: [GC pause (G1 Humongous Allocation) (young) (initial-mark), 0.0499046 secs]
   [Parallel Time: 49.0 ms, GC Workers: 8]
      [GC Worker Start (ms): Min: 83856.4, Avg: 83856.4, Max: 83856.5, Diff: 0.1]
      [Ext Root Scanning (ms): Min: 0.0, Avg: 0.1, Max: 0.1, Diff: 0.1, Sum: 0.7]
      [Update RS (ms): Min: 20.3, Avg: 20.8, Max: 21.0, Diff: 0.7, Sum: 166.1]
         [Processed Buffers: Min: 21, Avg: 23.8, Max: 28, Diff: 7, Sum: 190]
      [Scan RS (ms): Min: 2.0, Avg: 2.3, Max: 2.7, Diff: 0.7, Sum: 18.5]
      [Code Root Scanning (ms): Min: 0.0, Avg: 0.0, Max: 0.0, Diff: 0.0, Sum: 0.0]
      [Object Copy (ms): Min: 25.5, Avg: 25.6, Max: 25.6, Diff: 0.1, Sum: 204.7]
      [Termination (ms): Min: 0.0, Avg: 0.0, Max: 0.0, Diff: 0.0, Sum: 0.1]
         [Termination Attempts: Min: 1, Avg: 48.8, Max: 59, Diff: 58, Sum: 390]
      [GC Worker Other (ms): Min: 0.0, Avg: 0.0, Max: 0.0, Diff: 0.0, Sum: 0.2]
      [GC Worker Total (ms): Min: 48.7, Avg: 48.8, Max: 48.8, Diff: 0.1, Sum: 390.3]
      [GC Worker End (ms): Min: 83905.2, Avg: 83905.2, Max: 83905.3, Diff: 0.0]
   [Code Root Fixup: 0.0 ms]
   [Code Root Purge: 0.0 ms]
   [Clear CT: 0.2 ms]
   [Other: 0.8 ms]
      [Choose CSet: 0.0 ms]
      [Ref Proc: 0.2 ms]
      [Ref Enq: 0.0 ms]
      [Redirty Cards: 0.2 ms]
      [Humongous Register: 0.1 ms]
      [Humongous Reclaim: 0.0 ms]
      [Free CSet: 0.1 ms]
   [Eden: 30.0M(273.0M)->0.0B(308.0M) Survivors: 35.0M->31.0M Heap: 977.3M(2048.0M)->980.3M(2048.0M)]
 [Times: user=0.44 sys=0.00, real=0.05 secs] 
2020-09-29T11:30:30.473+0200: 83.906: [GC concurrent-root-region-scan-start]
2020-09-29T11:30:30.480+0200: 83.912: [GC concurrent-root-region-scan-end, 0.0061349 secs]
2020-09-29T11:30:30.480+0200: 83.912: [GC concurrent-mark-start]
2020-09-29T11:30:30.482+0200: 83.915: [GC concurrent-mark-end, 0.0023158 secs]
2020-09-29T11:30:30.482+0200: 83.915: [GC remark 2020-09-29T11:30:30.482+0200: 83.915: [Finalize Marking, 0.0002227 secs] 2020-09-29T11:30:30.482+0200: 83.915: [GC ref-proc, 0.0002993 secs] 2020-09-29T11:30:30.483+0200: 83.915: [Unloading, 0.0004119 secs], 0.0012701 secs]
 [Times: user=0.00 sys=0.00, real=0.00 secs] 
2020-09-29T11:30:30.484+0200: 83.917: [GC cleanup 1000M->60M(2048M), 0.0010898 secs]
 [Times: user=0.00 sys=0.00, real=0.00 secs] 
2020-09-29T11:30:30.485+0200: 83.918: [GC concurrent-cleanup-start]
2020-09-29T11:30:30.486+0200: 83.919: [GC concurrent-cleanup-end, 0.0011902 secs]
2020-09-29T11:30:30.657+0200: 84.089: [GC pause (G1 Evacuation Pause) (young), 0.1624986 secs]
   [Parallel Time: 161.2 ms, GC Workers: 8]
      [GC Worker Start (ms): Min: 84089.6, Avg: 84089.7, Max: 84089.8, Diff: 0.2]
      [Ext Root Scanning (ms): Min: 0.0, Avg: 0.1, Max: 0.2, Diff: 0.2, Sum: 0.5]
      [Update RS (ms): Min: 17.6, Avg: 18.0, Max: 18.5, Diff: 0.9, Sum: 143.7]
         [Processed Buffers: Min: 16, Avg: 17.5, Max: 20, Diff: 4, Sum: 140]
      [Scan RS (ms): Min: 15.9, Avg: 16.5, Max: 16.8, Diff: 0.9, Sum: 131.8]
      [Code Root Scanning (ms): Min: 0.0, Avg: 0.0, Max: 0.0, Diff: 0.0, Sum: 0.0]
      [Object Copy (ms): Min: 126.1, Avg: 126.3, Max: 126.5, Diff: 0.4, Sum: 1010.3]
      [Termination (ms): Min: 0.0, Avg: 0.1, Max: 0.2, Diff: 0.1, Sum: 1.1]
         [Termination Attempts: Min: 1, Avg: 713.8, Max: 869, Diff: 868, Sum: 5710]
      [GC Worker Other (ms): Min: 0.0, Avg: 0.0, Max: 0.1, Diff: 0.0, Sum: 0.3]
      [GC Worker Total (ms): Min: 160.9, Avg: 161.0, Max: 161.1, Diff: 0.2, Sum: 1287.7]
      [GC Worker End (ms): Min: 84250.7, Avg: 84250.7, Max: 84250.7, Diff: 0.0]
   [Code Root Fixup: 0.0 ms]
   [Code Root Purge: 0.0 ms]
   [Clear CT: 0.2 ms]
   [Other: 1.1 ms]
      [Choose CSet: 0.0 ms]
      [Ref Proc: 0.2 ms]
      [Ref Enq: 0.0 ms]
      [Redirty Cards: 0.2 ms]
      [Humongous Register: 0.0 ms]
      [Humongous Reclaim: 0.0 ms]
      [Free CSet: 0.3 ms]
   [Eden: 308.0M(308.0M)->0.0B(301.0M) Survivors: 31.0M->43.0M Heap: 400.0M(2048.0M)->371.5M(2048.0M)]
 [Times: user=1.31 sys=0.05, real=0.16 secs] 
2020-09-29T11:30:30.998+0200: 84.430: [GC pause (G1 Evacuation Pause) (young), 0.1988934 secs]
   [Parallel Time: 196.7 ms, GC Workers: 8]
      [GC Worker Start (ms): Min: 84430.6, Avg: 84432.2, Max: 84442.5, Diff: 11.9]
      [Ext Root Scanning (ms): Min: 0.0, Avg: 0.1, Max: 0.2, Diff: 0.2, Sum: 0.6]
      [Update RS (ms): Min: 12.6, Avg: 23.0, Max: 24.9, Diff: 12.3, Sum: 184.0]
         [Processed Buffers: Min: 9, Avg: 18.8, Max: 22, Diff: 13, Sum: 150]
      [Scan RS (ms): Min: 25.6, Avg: 26.1, Max: 26.3, Diff: 0.7, Sum: 208.5]
      [Code Root Scanning (ms): Min: 0.0, Avg: 0.0, Max: 0.0, Diff: 0.0, Sum: 0.0]
      [Object Copy (ms): Min: 145.5, Avg: 145.7, Max: 145.8, Diff: 0.3, Sum: 1165.8]
      [Termination (ms): Min: 0.0, Avg: 0.0, Max: 0.0, Diff: 0.0, Sum: 0.3]
         [Termination Attempts: Min: 1, Avg: 268.9, Max: 330, Diff: 329, Sum: 2151]
      [GC Worker Other (ms): Min: 0.0, Avg: 0.0, Max: 0.1, Diff: 0.1, Sum: 0.3]
      [GC Worker Total (ms): Min: 184.7, Avg: 195.0, Max: 196.5, Diff: 11.8, Sum: 1559.7]
      [GC Worker End (ms): Min: 84627.1, Avg: 84627.2, Max: 84627.2, Diff: 0.1]
   [Code Root Fixup: 0.0 ms]
   [Code Root Purge: 0.0 ms]
   [Clear CT: 0.2 ms]
   [Other: 2.0 ms]
      [Choose CSet: 0.0 ms]
      [Ref Proc: 0.2 ms]
      [Ref Enq: 0.0 ms]
      [Redirty Cards: 1.3 ms]
      [Humongous Register: 0.0 ms]
      [Humongous Reclaim: 0.0 ms]
      [Free CSet: 0.2 ms]
   [Eden: 301.0M(301.0M)->0.0B(270.0M) Survivors: 43.0M->43.0M Heap: 724.0M(2048.0M)->726.5M(2048.0M)]
 [Times: user=1.58 sys=0.02, real=0.20 secs] 
2020-09-29T11:30:31.345+0200: 84.777: [GC pause (G1 Evacuation Pause) (young), 0.1484866 secs]
   [Parallel Time: 147.3 ms, GC Workers: 8]
      [GC Worker Start (ms): Min: 84777.2, Avg: 84777.2, Max: 84777.3, Diff: 0.2]
      [Ext Root Scanning (ms): Min: 0.0, Avg: 0.1, Max: 0.1, Diff: 0.1, Sum: 0.4]
      [Update RS (ms): Min: 14.2, Avg: 14.5, Max: 15.0, Diff: 0.8, Sum: 116.3]
         [Processed Buffers: Min: 15, Avg: 16.3, Max: 17, Diff: 2, Sum: 130]
      [Scan RS (ms): Min: 14.0, Avg: 14.5, Max: 14.9, Diff: 0.9, Sum: 115.9]
      [Code Root Scanning (ms): Min: 0.0, Avg: 0.0, Max: 0.0, Diff: 0.0, Sum: 0.0]
      [Object Copy (ms): Min: 118.0, Avg: 118.0, Max: 118.0, Diff: 0.1, Sum: 944.0]
      [Termination (ms): Min: 0.0, Avg: 0.0, Max: 0.0, Diff: 0.0, Sum: 0.3]
         [Termination Attempts: Min: 1, Avg: 274.3, Max: 344, Diff: 343, Sum: 2194]
      [GC Worker Other (ms): Min: 0.0, Avg: 0.0, Max: 0.1, Diff: 0.0, Sum: 0.3]
      [GC Worker Total (ms): Min: 147.1, Avg: 147.1, Max: 147.3, Diff: 0.2, Sum: 1177.1]
      [GC Worker End (ms): Min: 84924.4, Avg: 84924.4, Max: 84924.4, Diff: 0.0]
   [Code Root Fixup: 0.0 ms]
   [Code Root Purge: 0.0 ms]
   [Clear CT: 0.2 ms]
   [Other: 1.0 ms]
      [Choose CSet: 0.0 ms]
      [Ref Proc: 0.2 ms]
      [Ref Enq: 0.0 ms]
      [Redirty Cards: 0.2 ms]
      [Humongous Register: 0.0 ms]
      [Humongous Reclaim: 0.0 ms]
      [Free CSet: 0.3 ms]
   [Eden: 270.0M(270.0M)->0.0B(289.0M) Survivors: 43.0M->40.0M Heap: 1040.4M(2048.0M)->1042.4M(2048.0M)]
 [Times: user=1.23 sys=0.01, real=0.15 secs] 
2020-09-29T11:30:31.506+0200: 84.938: [GC pause (G1 Humongous Allocation) (young) (initial-mark), 0.0603753 secs]
   [Parallel Time: 59.5 ms, GC Workers: 8]
      [GC Worker Start (ms): Min: 84938.5, Avg: 84938.5, Max: 84938.6, Diff: 0.2]
      [Ext Root Scanning (ms): Min: 0.0, Avg: 0.2, Max: 0.5, Diff: 0.5, Sum: 1.5]
      [Update RS (ms): Min: 28.9, Avg: 29.2, Max: 29.4, Diff: 0.5, Sum: 233.8]
         [Processed Buffers: Min: 31, Avg: 33.3, Max: 35, Diff: 4, Sum: 266]
      [Scan RS (ms): Min: 2.4, Avg: 2.5, Max: 2.6, Diff: 0.2, Sum: 19.8]
      [Code Root Scanning (ms): Min: 0.0, Avg: 0.0, Max: 0.0, Diff: 0.0, Sum: 0.0]
      [Object Copy (ms): Min: 27.2, Avg: 27.3, Max: 27.5, Diff: 0.3, Sum: 218.4]
      [Termination (ms): Min: 0.0, Avg: 0.2, Max: 0.3, Diff: 0.3, Sum: 1.5]
         [Termination Attempts: Min: 1, Avg: 1086.5, Max: 1575, Diff: 1574, Sum: 8692]
      [GC Worker Other (ms): Min: 0.0, Avg: 0.0, Max: 0.0, Diff: 0.0, Sum: 0.2]
      [GC Worker Total (ms): Min: 59.3, Avg: 59.4, Max: 59.5, Diff: 0.2, Sum: 475.2]
      [GC Worker End (ms): Min: 84997.9, Avg: 84997.9, Max: 84997.9, Diff: 0.0]
   [Code Root Fixup: 0.0 ms]
   [Code Root Purge: 0.0 ms]
   [Clear CT: 0.1 ms]
   [Other: 0.7 ms]
      [Choose CSet: 0.0 ms]
      [Ref Proc: 0.2 ms]
      [Ref Enq: 0.0 ms]
      [Redirty Cards: 0.1 ms]
      [Humongous Register: 0.0 ms]
      [Humongous Reclaim: 0.0 ms]
      [Free CSet: 0.1 ms]
   [Eden: 3072.0K(289.0M)->0.0B(279.0M) Survivors: 40.0M->4096.0K Heap: 1044.9M(2048.0M)->1048.9M(2048.0M)]
 [Times: user=0.38 sys=0.02, real=0.06 secs] 
2020-09-29T11:30:31.567+0200: 84.999: [GC concurrent-root-region-scan-start]
2020-09-29T11:30:31.568+0200: 85.000: [GC concurrent-root-region-scan-end, 0.0008212 secs]
2020-09-29T11:30:31.568+0200: 85.000: [GC concurrent-mark-start]
2020-09-29T11:30:31.570+0200: 85.002: [GC concurrent-mark-end, 0.0028024 secs]
2020-09-29T11:30:31.570+0200: 85.003: [GC remark 2020-09-29T11:30:31.571+0200: 85.003: [Finalize Marking, 0.0001957 secs] 2020-09-29T11:30:31.571+0200: 85.003: [GC ref-proc, 0.0002967 secs] 2020-09-29T11:30:31.571+0200: 85.003: [Unloading, 0.0005356 secs], 0.0013412 secs]
 [Times: user=0.00 sys=0.00, real=0.00 secs] 
2020-09-29T11:30:31.572+0200: 85.004: [GC cleanup 1056M->21M(2048M), 0.0011666 secs]
 [Times: user=0.00 sys=0.00, real=0.00 secs] 
2020-09-29T11:30:31.573+0200: 85.006: [GC concurrent-cleanup-start]
2020-09-29T11:30:31.575+0200: 85.007: [GC concurrent-cleanup-end, 0.0011869 secs]
2020-09-29T11:30:31.716+0200: 85.149: [GC pause (G1 Evacuation Pause) (young), 0.1449960 secs]
   [Parallel Time: 143.4 ms, GC Workers: 8]
      [GC Worker Start (ms): Min: 85148.7, Avg: 85148.8, Max: 85148.9, Diff: 0.2]
      [Ext Root Scanning (ms): Min: 0.0, Avg: 0.1, Max: 0.1, Diff: 0.1, Sum: 0.4]
      [Update RS (ms): Min: 14.5, Avg: 14.7, Max: 15.0, Diff: 0.5, Sum: 117.9]
         [Processed Buffers: Min: 13, Avg: 15.0, Max: 18, Diff: 5, Sum: 120]
      [Scan RS (ms): Min: 18.6, Avg: 18.9, Max: 19.1, Diff: 0.5, Sum: 151.1]
      [Code Root Scanning (ms): Min: 0.0, Avg: 0.0, Max: 0.0, Diff: 0.0, Sum: 0.0]
      [Object Copy (ms): Min: 109.3, Avg: 109.4, Max: 109.5, Diff: 0.2, Sum: 875.4]
      [Termination (ms): Min: 0.0, Avg: 0.0, Max: 0.0, Diff: 0.0, Sum: 0.3]
         [Termination Attempts: Min: 1, Avg: 230.1, Max: 307, Diff: 306, Sum: 1841]
      [GC Worker Other (ms): Min: 0.0, Avg: 0.0, Max: 0.1, Diff: 0.1, Sum: 0.3]
      [GC Worker Total (ms): Min: 143.1, Avg: 143.2, Max: 143.3, Diff: 0.2, Sum: 1145.3]
      [GC Worker End (ms): Min: 85292.0, Avg: 85292.0, Max: 85292.0, Diff: 0.1]
   [Code Root Fixup: 0.0 ms]
   [Code Root Purge: 0.0 ms]
   [Clear CT: 0.4 ms]
   [Other: 1.2 ms]
      [Choose CSet: 0.0 ms]
      [Ref Proc: 0.1 ms]
      [Ref Enq: 0.0 ms]
      [Redirty Cards: 0.6 ms]
      [Humongous Register: 0.0 ms]
      [Humongous Reclaim: 0.0 ms]
      [Free CSet: 0.2 ms]
   [Eden: 279.0M(279.0M)->0.0B(266.0M) Survivors: 4096.0K->36.0M Heap: 340.7M(2048.0M)->339.2M(2048.0M)]
 [Times: user=1.11 sys=0.01, real=0.15 secs] 
2020-09-29T11:30:32.006+0200: 85.438: [GC pause (G1 Evacuation Pause) (young), 0.1543136 secs]
   [Parallel Time: 151.8 ms, GC Workers: 8]
      [GC Worker Start (ms): Min: 85438.2, Avg: 85438.3, Max: 85438.4, Diff: 0.1]
      [Ext Root Scanning (ms): Min: 0.0, Avg: 0.1, Max: 0.2, Diff: 0.1, Sum: 0.6]
      [Update RS (ms): Min: 15.2, Avg: 15.2, Max: 15.4, Diff: 0.3, Sum: 122.0]
         [Processed Buffers: Min: 13, Avg: 15.0, Max: 17, Diff: 4, Sum: 120]
      [Scan RS (ms): Min: 15.8, Avg: 16.0, Max: 16.1, Diff: 0.3, Sum: 127.8]
      [Code Root Scanning (ms): Min: 0.0, Avg: 0.0, Max: 0.0, Diff: 0.0, Sum: 0.0]
      [Object Copy (ms): Min: 120.1, Avg: 120.2, Max: 120.2, Diff: 0.1, Sum: 961.6]
      [Termination (ms): Min: 0.0, Avg: 0.0, Max: 0.0, Diff: 0.0, Sum: 0.1]
         [Termination Attempts: Min: 1, Avg: 118.0, Max: 153, Diff: 152, Sum: 944]
      [GC Worker Other (ms): Min: 0.0, Avg: 0.0, Max: 0.1, Diff: 0.0, Sum: 0.3]
      [GC Worker Total (ms): Min: 151.5, Avg: 151.6, Max: 151.7, Diff: 0.2, Sum: 1212.4]
      [GC Worker End (ms): Min: 85589.8, Avg: 85589.9, Max: 85589.9, Diff: 0.0]
   [Code Root Fixup: 0.0 ms]
   [Code Root Purge: 0.0 ms]
   [Clear CT: 0.2 ms]
   [Other: 2.3 ms]
      [Choose CSet: 0.0 ms]
      [Ref Proc: 0.2 ms]
      [Ref Enq: 0.0 ms]
      [Redirty Cards: 1.6 ms]
      [Humongous Register: 0.0 ms]
      [Humongous Reclaim: 0.0 ms]
      [Free CSet: 0.2 ms]
   [Eden: 266.0M(266.0M)->0.0B(275.0M) Survivors: 36.0M->38.0M Heap: 649.1M(2048.0M)->651.6M(2048.0M)]
 [Times: user=1.06 sys=0.02, real=0.15 secs] 
2020-09-29T11:30:32.305+0200: 85.737: [GC pause (G1 Evacuation Pause) (young), 0.1507970 secs]
   [Parallel Time: 149.7 ms, GC Workers: 8]
      [GC Worker Start (ms): Min: 85737.1, Avg: 85737.2, Max: 85737.3, Diff: 0.2]
      [Ext Root Scanning (ms): Min: 0.0, Avg: 0.0, Max: 0.2, Diff: 0.2, Sum: 0.4]
      [Update RS (ms): Min: 15.4, Avg: 15.7, Max: 16.0, Diff: 0.6, Sum: 125.3]
         [Processed Buffers: Min: 16, Avg: 17.8, Max: 20, Diff: 4, Sum: 142]
      [Scan RS (ms): Min: 14.1, Avg: 14.4, Max: 14.7, Diff: 0.6, Sum: 115.6]
      [Code Root Scanning (ms): Min: 0.0, Avg: 0.0, Max: 0.0, Diff: 0.0, Sum: 0.0]
      [Object Copy (ms): Min: 119.3, Avg: 119.3, Max: 119.4, Diff: 0.1, Sum: 954.7]
      [Termination (ms): Min: 0.0, Avg: 0.0, Max: 0.0, Diff: 0.0, Sum: 0.1]
         [Termination Attempts: Min: 1, Avg: 16.9, Max: 25, Diff: 24, Sum: 135]
      [GC Worker Other (ms): Min: 0.0, Avg: 0.0, Max: 0.1, Diff: 0.1, Sum: 0.4]
      [GC Worker Total (ms): Min: 149.5, Avg: 149.6, Max: 149.7, Diff: 0.2, Sum: 1196.4]
      [GC Worker End (ms): Min: 85886.7, Avg: 85886.7, Max: 85886.8, Diff: 0.1]
   [Code Root Fixup: 0.0 ms]
   [Code Root Purge: 0.0 ms]
   [Clear CT: 0.2 ms]
   [Other: 0.8 ms]
      [Choose CSet: 0.0 ms]
      [Ref Proc: 0.2 ms]
      [Ref Enq: 0.0 ms]
      [Redirty Cards: 0.2 ms]
      [Humongous Register: 0.0 ms]
      [Humongous Reclaim: 0.0 ms]
      [Free CSet: 0.2 ms]
   [Eden: 275.0M(275.0M)->0.0B(290.0M) Survivors: 38.0M->40.0M Heap: 972.3M(2048.0M)->974.8M(2048.0M)]
 [Times: user=1.13 sys=0.00, real=0.15 secs] 
2020-09-29T11:30:32.464+0200: 85.897: [GC pause (G1 Humongous Allocation) (young) (initial-mark), 0.0596747 secs]
   [Parallel Time: 58.9 ms, GC Workers: 8]
      [GC Worker Start (ms): Min: 85896.8, Avg: 85896.9, Max: 85897.0, Diff: 0.1]
      [Ext Root Scanning (ms): Min: 0.0, Avg: 0.3, Max: 0.7, Diff: 0.7, Sum: 2.1]
      [Update RS (ms): Min: 32.8, Avg: 33.4, Max: 33.8, Diff: 1.0, Sum: 266.8]
         [Processed Buffers: Min: 33, Avg: 39.6, Max: 42, Diff: 9, Sum: 317]
      [Scan RS (ms): Min: 2.1, Avg: 2.4, Max: 2.6, Diff: 0.6, Sum: 19.1]
      [Code Root Scanning (ms): Min: 0.0, Avg: 0.0, Max: 0.0, Diff: 0.0, Sum: 0.0]
      [Object Copy (ms): Min: 22.6, Avg: 22.6, Max: 22.7, Diff: 0.1, Sum: 180.9]
      [Termination (ms): Min: 0.0, Avg: 0.1, Max: 0.1, Diff: 0.1, Sum: 0.6]
         [Termination Attempts: Min: 1, Avg: 527.8, Max: 634, Diff: 633, Sum: 4222]
      [GC Worker Other (ms): Min: 0.0, Avg: 0.0, Max: 0.0, Diff: 0.0, Sum: 0.1]
      [GC Worker Total (ms): Min: 58.6, Avg: 58.7, Max: 58.8, Diff: 0.1, Sum: 469.7]
      [GC Worker End (ms): Min: 85955.6, Avg: 85955.6, Max: 85955.6, Diff: 0.0]
   [Code Root Fixup: 0.0 ms]
   [Code Root Purge: 0.0 ms]
   [Clear CT: 0.1 ms]
   [Other: 0.7 ms]
      [Choose CSet: 0.0 ms]
      [Ref Proc: 0.2 ms]
      [Ref Enq: 0.0 ms]
      [Redirty Cards: 0.1 ms]
      [Humongous Register: 0.1 ms]
      [Humongous Reclaim: 0.0 ms]
      [Free CSet: 0.1 ms]
   [Eden: 5120.0K(290.0M)->0.0B(310.0M) Survivors: 40.0M->6144.0K Heap: 979.3M(2048.0M)->982.8M(2048.0M)]
 [Times: user=0.48 sys=0.00, real=0.06 secs] 
2020-09-29T11:30:32.524+0200: 85.956: [GC concurrent-root-region-scan-start]
2020-09-29T11:30:32.525+0200: 85.957: [GC concurrent-root-region-scan-end, 0.0008809 secs]
2020-09-29T11:30:32.525+0200: 85.957: [GC concurrent-mark-start]
2020-09-29T11:30:32.527+0200: 85.960: [GC concurrent-mark-end, 0.0023296 secs]
2020-09-29T11:30:32.528+0200: 85.960: [GC remark 2020-09-29T11:30:32.528+0200: 85.960: [Finalize Marking, 0.0001294 secs] 2020-09-29T11:30:32.528+0200: 85.960: [GC ref-proc, 0.0002823 secs] 2020-09-29T11:30:32.528+0200: 85.960: [Unloading, 0.0003777 secs], 0.0011212 secs]
 [Times: user=0.00 sys=0.00, real=0.00 secs] 
2020-09-29T11:30:32.529+0200: 85.961: [GC cleanup 991M->24M(2048M), 0.0010919 secs]
 [Times: user=0.00 sys=0.00, real=0.00 secs] 
2020-09-29T11:30:32.530+0200: 85.963: [GC concurrent-cleanup-start]
2020-09-29T11:30:32.531+0200: 85.964: [GC concurrent-cleanup-end, 0.0009834 secs]
2020-09-29T11:30:32.691+0200: 86.124: [GC pause (G1 Evacuation Pause) (young), 0.1635858 secs]
   [Parallel Time: 162.4 ms, GC Workers: 8]
      [GC Worker Start (ms): Min: 86124.1, Avg: 86124.2, Max: 86124.3, Diff: 0.2]
      [Ext Root Scanning (ms): Min: 0.0, Avg: 0.1, Max: 0.2, Diff: 0.2, Sum: 0.6]
      [Update RS (ms): Min: 17.7, Avg: 17.8, Max: 18.1, Diff: 0.4, Sum: 142.4]
         [Processed Buffers: Min: 17, Avg: 18.8, Max: 21, Diff: 4, Sum: 150]
      [Scan RS (ms): Min: 16.3, Avg: 17.0, Max: 19.9, Diff: 3.6, Sum: 136.2]
      [Code Root Scanning (ms): Min: 0.0, Avg: 0.0, Max: 0.0, Diff: 0.0, Sum: 0.0]
      [Object Copy (ms): Min: 124.3, Avg: 127.1, Max: 127.6, Diff: 3.3, Sum: 1016.9]
      [Termination (ms): Min: 0.0, Avg: 0.1, Max: 0.2, Diff: 0.2, Sum: 1.2]
         [Termination Attempts: Min: 1, Avg: 940.8, Max: 1174, Diff: 1173, Sum: 7526]
      [GC Worker Other (ms): Min: 0.0, Avg: 0.0, Max: 0.1, Diff: 0.1, Sum: 0.3]
      [GC Worker Total (ms): Min: 162.1, Avg: 162.2, Max: 162.3, Diff: 0.2, Sum: 1297.6]
      [GC Worker End (ms): Min: 86286.4, Avg: 86286.4, Max: 86286.4, Diff: 0.1]
   [Code Root Fixup: 0.0 ms]
   [Code Root Purge: 0.0 ms]
   [Clear CT: 0.2 ms]
   [Other: 1.0 ms]
      [Choose CSet: 0.0 ms]
      [Ref Proc: 0.1 ms]
      [Ref Enq: 0.0 ms]
      [Redirty Cards: 0.3 ms]
      [Humongous Register: 0.0 ms]
      [Humongous Reclaim: 0.0 ms]
      [Free CSet: 0.3 ms]
   [Eden: 310.0M(310.0M)->0.0B(287.0M) Survivors: 6144.0K->40.0M Heap: 378.9M(2048.0M)->375.4M(2048.0M)]
 [Times: user=1.31 sys=0.00, real=0.16 secs] 
2020-09-29T11:30:33.017+0200: 86.450: [GC pause (G1 Evacuation Pause) (young), 0.1622259 secs]
   [Parallel Time: 160.2 ms, GC Workers: 8]
      [GC Worker Start (ms): Min: 86450.0, Avg: 86450.1, Max: 86450.2, Diff: 0.2]
      [Ext Root Scanning (ms): Min: 0.0, Avg: 0.1, Max: 0.2, Diff: 0.2, Sum: 0.4]
      [Update RS (ms): Min: 22.6, Avg: 22.8, Max: 23.3, Diff: 0.7, Sum: 182.3]
         [Processed Buffers: Min: 24, Avg: 26.0, Max: 29, Diff: 5, Sum: 208]
      [Scan RS (ms): Min: 12.3, Avg: 12.7, Max: 13.0, Diff: 0.7, Sum: 101.3]
      [Code Root Scanning (ms): Min: 0.0, Avg: 0.0, Max: 0.0, Diff: 0.0, Sum: 0.0]
      [Object Copy (ms): Min: 124.2, Avg: 124.4, Max: 124.5, Diff: 0.3, Sum: 995.1]
      [Termination (ms): Min: 0.0, Avg: 0.0, Max: 0.0, Diff: 0.0, Sum: 0.0]
         [Termination Attempts: Min: 1, Avg: 10.8, Max: 16, Diff: 15, Sum: 86]
      [GC Worker Other (ms): Min: 0.0, Avg: 0.0, Max: 0.1, Diff: 0.0, Sum: 0.2]
      [GC Worker Total (ms): Min: 159.8, Avg: 159.9, Max: 160.1, Diff: 0.2, Sum: 1279.5]
      [GC Worker End (ms): Min: 86610.0, Avg: 86610.1, Max: 86610.1, Diff: 0.0]
   [Code Root Fixup: 0.0 ms]
   [Code Root Purge: 0.0 ms]
   [Clear CT: 0.2 ms]
   [Other: 1.8 ms]
      [Choose CSet: 0.0 ms]
      [Ref Proc: 0.2 ms]
      [Ref Enq: 0.0 ms]
      [Redirty Cards: 0.3 ms]
      [Humongous Register: 0.0 ms]
      [Humongous Reclaim: 0.0 ms]
      [Free CSet: 0.4 ms]
   [Eden: 287.0M(287.0M)->0.0B(294.0M) Survivors: 40.0M->41.0M Heap: 710.1M(2048.0M)->712.1M(2048.0M)]
 [Times: user=1.34 sys=0.02, real=0.16 secs] 
2020-09-29T11:30:33.344+0200: 86.777: [GC pause (G1 Evacuation Pause) (young), 0.1756758 secs]
   [Parallel Time: 174.6 ms, GC Workers: 8]
      [GC Worker Start (ms): Min: 86776.9, Avg: 86777.0, Max: 86777.1, Diff: 0.2]
      [Ext Root Scanning (ms): Min: 0.0, Avg: 0.1, Max: 0.1, Diff: 0.1, Sum: 0.5]
      [Update RS (ms): Min: 21.6, Avg: 22.0, Max: 23.0, Diff: 1.4, Sum: 175.7]
         [Processed Buffers: Min: 19, Avg: 21.0, Max: 22, Diff: 3, Sum: 168]
      [Scan RS (ms): Min: 16.8, Avg: 17.7, Max: 18.1, Diff: 1.3, Sum: 141.3]
      [Code Root Scanning (ms): Min: 0.0, Avg: 0.0, Max: 0.0, Diff: 0.0, Sum: 0.0]
      [Object Copy (ms): Min: 134.4, Avg: 134.6, Max: 134.7, Diff: 0.3, Sum: 1076.8]
      [Termination (ms): Min: 0.0, Avg: 0.0, Max: 0.0, Diff: 0.0, Sum: 0.3]
         [Termination Attempts: Min: 1, Avg: 169.6, Max: 202, Diff: 201, Sum: 1357]
      [GC Worker Other (ms): Min: 0.0, Avg: 0.0, Max: 0.0, Diff: 0.0, Sum: 0.2]
      [GC Worker Total (ms): Min: 174.3, Avg: 174.4, Max: 174.4, Diff: 0.1, Sum: 1394.9]
      [GC Worker End (ms): Min: 86951.3, Avg: 86951.3, Max: 86951.4, Diff: 0.0]
   [Code Root Fixup: 0.0 ms]
   [Code Root Purge: 0.0 ms]
   [Clear CT: 0.2 ms]
   [Other: 0.9 ms]
      [Choose CSet: 0.0 ms]
      [Ref Proc: 0.1 ms]
      [Ref Enq: 0.0 ms]
      [Redirty Cards: 0.2 ms]
      [Humongous Register: 0.0 ms]
      [Humongous Reclaim: 0.0 ms]
      [Free CSet: 0.3 ms]
   [Eden: 294.0M(294.0M)->0.0B(289.0M) Survivors: 41.0M->42.0M Heap: 1053.8M(2048.0M)->1055.3M(2048.0M)]
 [Times: user=1.36 sys=0.00, real=0.18 secs] 
2020-09-29T11:30:33.534+0200: 86.967: [GC pause (G1 Humongous Allocation) (young) (initial-mark), 0.0550037 secs]
   [Parallel Time: 54.0 ms, GC Workers: 8]
      [GC Worker Start (ms): Min: 86966.8, Avg: 86966.9, Max: 86967.0, Diff: 0.2]
      [Ext Root Scanning (ms): Min: 0.0, Avg: 2.3, Max: 17.2, Diff: 17.2, Sum: 18.3]
      [Update RS (ms): Min: 16.5, Avg: 31.6, Max: 34.0, Diff: 17.5, Sum: 252.5]
         [Processed Buffers: Min: 19, Avg: 33.3, Max: 41, Diff: 22, Sum: 266]
      [Scan RS (ms): Min: 2.3, Avg: 2.6, Max: 2.7, Diff: 0.4, Sum: 20.4]
      [Code Root Scanning (ms): Min: 0.0, Avg: 0.0, Max: 0.0, Diff: 0.0, Sum: 0.0]
      [Object Copy (ms): Min: 17.4, Avg: 17.4, Max: 17.4, Diff: 0.1, Sum: 139.3]
      [Termination (ms): Min: 0.0, Avg: 0.0, Max: 0.0, Diff: 0.0, Sum: 0.1]
         [Termination Attempts: Min: 1, Avg: 91.3, Max: 125, Diff: 124, Sum: 730]
      [GC Worker Other (ms): Min: 0.0, Avg: 0.0, Max: 0.0, Diff: 0.0, Sum: 0.2]
      [GC Worker Total (ms): Min: 53.7, Avg: 53.9, Max: 54.0, Diff: 0.2, Sum: 430.8]
      [GC Worker End (ms): Min: 87020.8, Avg: 87020.8, Max: 87020.8, Diff: 0.0]
   [Code Root Fixup: 0.0 ms]
   [Code Root Purge: 0.0 ms]
   [Clear CT: 0.2 ms]
   [Other: 0.8 ms]
      [Choose CSet: 0.0 ms]
      [Ref Proc: 0.2 ms]
      [Ref Enq: 0.0 ms]
      [Redirty Cards: 0.2 ms]
      [Humongous Register: 0.1 ms]
      [Humongous Reclaim: 0.0 ms]
      [Free CSet: 0.1 ms]
   [Eden: 2048.0K(289.0M)->0.0B(343.0M) Survivors: 42.0M->5120.0K Heap: 1057.3M(2048.0M)->1061.8M(2048.0M)]
 [Times: user=0.47 sys=0.00, real=0.06 secs] 
2020-09-29T11:30:33.589+0200: 87.022: [GC concurrent-root-region-scan-start]
2020-09-29T11:30:33.590+0200: 87.022: [GC concurrent-root-region-scan-end, 0.0005304 secs]
2020-09-29T11:30:33.590+0200: 87.022: [GC concurrent-mark-start]
2020-09-29T11:30:33.592+0200: 87.025: [GC concurrent-mark-end, 0.0027542 secs]
2020-09-29T11:30:33.592+0200: 87.025: [GC remark 2020-09-29T11:30:33.592+0200: 87.025: [Finalize Marking, 0.0001730 secs] 2020-09-29T11:30:33.593+0200: 87.025: [GC ref-proc, 0.0003332 secs] 2020-09-29T11:30:33.593+0200: 87.026: [Unloading, 0.0005468 secs], 0.0014121 secs]
 [Times: user=0.00 sys=0.00, real=0.00 secs] 
2020-09-29T11:30:33.594+0200: 87.027: [GC cleanup 1070M->23M(2048M), 0.0012238 secs]
 [Times: user=0.00 sys=0.00, real=0.00 secs] 
2020-09-29T11:30:33.595+0200: 87.028: [GC concurrent-cleanup-start]
2020-09-29T11:30:33.597+0200: 87.029: [GC concurrent-cleanup-end, 0.0012502 secs]
2020-09-29T11:30:33.784+0200: 87.217: [GC pause (G1 Evacuation Pause) (young), 0.1730434 secs]
   [Parallel Time: 171.9 ms, GC Workers: 8]
      [GC Worker Start (ms): Min: 87216.9, Avg: 87217.0, Max: 87217.0, Diff: 0.2]
      [Ext Root Scanning (ms): Min: 0.0, Avg: 0.1, Max: 0.2, Diff: 0.2, Sum: 0.5]
      [Update RS (ms): Min: 15.5, Avg: 16.0, Max: 16.3, Diff: 0.8, Sum: 127.9]
         [Processed Buffers: Min: 15, Avg: 16.0, Max: 17, Diff: 2, Sum: 128]
      [Scan RS (ms): Min: 20.4, Avg: 20.7, Max: 21.2, Diff: 0.8, Sum: 165.5]
      [Code Root Scanning (ms): Min: 0.0, Avg: 0.0, Max: 0.0, Diff: 0.0, Sum: 0.0]
      [Object Copy (ms): Min: 134.6, Avg: 134.8, Max: 134.9, Diff: 0.2, Sum: 1078.3]
      [Termination (ms): Min: 0.0, Avg: 0.0, Max: 0.0, Diff: 0.0, Sum: 0.3]
         [Termination Attempts: Min: 1, Avg: 226.6, Max: 291, Diff: 290, Sum: 1813]
      [GC Worker Other (ms): Min: 0.0, Avg: 0.0, Max: 0.1, Diff: 0.1, Sum: 0.3]
      [GC Worker Total (ms): Min: 171.5, Avg: 171.6, Max: 171.7, Diff: 0.2, Sum: 1372.9]
      [GC Worker End (ms): Min: 87388.5, Avg: 87388.6, Max: 87388.6, Diff: 0.1]
   [Code Root Fixup: 0.0 ms]
   [Code Root Purge: 0.0 ms]
   [Clear CT: 0.2 ms]
   [Other: 1.0 ms]
      [Choose CSet: 0.0 ms]
      [Ref Proc: 0.1 ms]
      [Ref Enq: 0.0 ms]
      [Redirty Cards: 0.3 ms]
      [Humongous Register: 0.0 ms]
      [Humongous Reclaim: 0.0 ms]
      [Free CSet: 0.3 ms]
   [Eden: 343.0M(343.0M)->0.0B(305.0M) Survivors: 5120.0K->44.0M Heap: 414.7M(2048.0M)->411.7M(2048.0M)]
 [Times: user=1.38 sys=0.02, real=0.17 secs] 
2020-09-29T11:30:34.131+0200: 87.563: [GC pause (G1 Evacuation Pause) (young), 0.1693199 secs]
   [Parallel Time: 167.9 ms, GC Workers: 8]
      [GC Worker Start (ms): Min: 87563.0, Avg: 87563.2, Max: 87563.2, Diff: 0.2]
      [Ext Root Scanning (ms): Min: 0.0, Avg: 0.1, Max: 0.2, Diff: 0.2, Sum: 0.4]
      [Update RS (ms): Min: 13.3, Avg: 13.5, Max: 13.9, Diff: 0.6, Sum: 107.9]
         [Processed Buffers: Min: 14, Avg: 14.9, Max: 16, Diff: 2, Sum: 119]
      [Scan RS (ms): Min: 19.2, Avg: 19.6, Max: 19.8, Diff: 0.6, Sum: 156.5]
      [Code Root Scanning (ms): Min: 0.0, Avg: 0.0, Max: 0.0, Diff: 0.0, Sum: 0.0]
      [Object Copy (ms): Min: 134.4, Avg: 134.5, Max: 134.5, Diff: 0.1, Sum: 1076.1]
      [Termination (ms): Min: 0.0, Avg: 0.0, Max: 0.0, Diff: 0.0, Sum: 0.0]
         [Termination Attempts: Min: 1, Avg: 7.0, Max: 13, Diff: 12, Sum: 56]
      [GC Worker Other (ms): Min: 0.0, Avg: 0.0, Max: 0.1, Diff: 0.1, Sum: 0.3]
      [GC Worker Total (ms): Min: 167.6, Avg: 167.7, Max: 167.8, Diff: 0.2, Sum: 1341.2]
      [GC Worker End (ms): Min: 87730.8, Avg: 87730.8, Max: 87730.9, Diff: 0.1]
   [Code Root Fixup: 0.0 ms]
   [Code Root Purge: 0.0 ms]
   [Clear CT: 0.2 ms]
   [Other: 1.1 ms]
      [Choose CSet: 0.0 ms]
      [Ref Proc: 0.2 ms]
      [Ref Enq: 0.0 ms]
      [Redirty Cards: 0.6 ms]
      [Humongous Register: 0.0 ms]
      [Humongous Reclaim: 0.0 ms]
      [Free CSet: 0.2 ms]
   [Eden: 305.0M(305.0M)->0.0B(303.0M) Survivors: 44.0M->44.0M Heap: 768.2M(2048.0M)->770.2M(2048.0M)]
 [Times: user=1.20 sys=0.05, real=0.17 secs] 
2020-09-29T11:30:34.467+0200: 87.899: [GC pause (G1 Evacuation Pause) (young), 0.1671533 secs]
   [Parallel Time: 166.1 ms, GC Workers: 8]
      [GC Worker Start (ms): Min: 87899.2, Avg: 87899.3, Max: 87899.3, Diff: 0.1]
      [Ext Root Scanning (ms): Min: 0.0, Avg: 0.1, Max: 0.1, Diff: 0.1, Sum: 0.5]
      [Update RS (ms): Min: 14.0, Avg: 14.1, Max: 14.2, Diff: 0.2, Sum: 112.5]
         [Processed Buffers: Min: 15, Avg: 17.0, Max: 21, Diff: 6, Sum: 136]
      [Scan RS (ms): Min: 18.6, Avg: 19.1, Max: 21.4, Diff: 2.8, Sum: 152.8]
      [Code Root Scanning (ms): Min: 0.0, Avg: 0.0, Max: 0.0, Diff: 0.0, Sum: 0.0]
      [Object Copy (ms): Min: 130.3, Avg: 132.5, Max: 132.9, Diff: 2.7, Sum: 1060.3]
      [Termination (ms): Min: 0.0, Avg: 0.1, Max: 0.1, Diff: 0.1, Sum: 0.4]
         [Termination Attempts: Min: 1, Avg: 419.5, Max: 522, Diff: 521, Sum: 3356]
      [GC Worker Other (ms): Min: 0.0, Avg: 0.0, Max: 0.1, Diff: 0.1, Sum: 0.4]
      [GC Worker Total (ms): Min: 165.8, Avg: 165.9, Max: 165.9, Diff: 0.1, Sum: 1326.9]
      [GC Worker End (ms): Min: 88065.1, Avg: 88065.1, Max: 88065.2, Diff: 0.1]
   [Code Root Fixup: 0.0 ms]
   [Code Root Purge: 0.0 ms]
   [Clear CT: 0.2 ms]
   [Other: 0.9 ms]
      [Choose CSet: 0.0 ms]
      [Ref Proc: 0.1 ms]
      [Ref Enq: 0.0 ms]
      [Redirty Cards: 0.2 ms]
      [Humongous Register: 0.0 ms]
      [Humongous Reclaim: 0.0 ms]
      [Free CSet: 0.3 ms]
   [Eden: 303.0M(303.0M)->0.0B(306.0M) Survivors: 44.0M->44.0M Heap: 1124.7M(2048.0M)->1126.7M(2048.0M)]
 [Times: user=1.38 sys=0.00, real=0.17 secs] 
2020-09-29T11:30:34.659+0200: 88.091: [GC pause (G1 Humongous Allocation) (young) (initial-mark), 0.0535158 secs]
   [Parallel Time: 52.5 ms, GC Workers: 8]
      [GC Worker Start (ms): Min: 88091.4, Avg: 88091.5, Max: 88091.6, Diff: 0.2]
      [Ext Root Scanning (ms): Min: 0.0, Avg: 1.8, Max: 9.3, Diff: 9.3, Sum: 14.3]
      [Update RS (ms): Min: 16.9, Avg: 24.7, Max: 26.7, Diff: 9.8, Sum: 197.3]
         [Processed Buffers: Min: 18, Avg: 26.4, Max: 31, Diff: 13, Sum: 211]
      [Scan RS (ms): Min: 2.6, Avg: 3.1, Max: 3.7, Diff: 1.1, Sum: 24.4]
      [Code Root Scanning (ms): Min: 0.0, Avg: 0.0, Max: 0.0, Diff: 0.0, Sum: 0.0]
      [Object Copy (ms): Min: 22.3, Avg: 22.8, Max: 22.9, Diff: 0.5, Sum: 182.1]
      [Termination (ms): Min: 0.0, Avg: 0.0, Max: 0.0, Diff: 0.0, Sum: 0.1]
         [Termination Attempts: Min: 1, Avg: 42.3, Max: 58, Diff: 57, Sum: 338]
      [GC Worker Other (ms): Min: 0.0, Avg: 0.0, Max: 0.0, Diff: 0.0, Sum: 0.1]
      [GC Worker Total (ms): Min: 52.2, Avg: 52.3, Max: 52.4, Diff: 0.2, Sum: 418.4]
      [GC Worker End (ms): Min: 88143.8, Avg: 88143.8, Max: 88143.8, Diff: 0.0]
   [Code Root Fixup: 0.0 ms]
   [Code Root Purge: 0.0 ms]
   [Clear CT: 0.2 ms]
   [Other: 0.9 ms]
      [Choose CSet: 0.0 ms]
      [Ref Proc: 0.3 ms]
      [Ref Enq: 0.0 ms]
      [Redirty Cards: 0.2 ms]
      [Humongous Register: 0.1 ms]
      [Humongous Reclaim: 0.0 ms]
      [Free CSet: 0.1 ms]
   [Eden: 11.0M(306.0M)->0.0B(347.0M) Survivors: 44.0M->13.0M Heap: 1137.2M(2048.0M)->1140.7M(2048.0M)]
 [Times: user=0.44 sys=0.00, real=0.05 secs] 
2020-09-29T11:30:34.713+0200: 88.145: [GC concurrent-root-region-scan-start]
2020-09-29T11:30:34.715+0200: 88.147: [GC concurrent-root-region-scan-end, 0.0022883 secs]
2020-09-29T11:30:34.715+0200: 88.147: [GC concurrent-mark-start]
2020-09-29T11:30:34.719+0200: 88.151: [GC concurrent-mark-end, 0.0036774 secs]
2020-09-29T11:30:34.719+0200: 88.151: [GC remark 2020-09-29T11:30:34.719+0200: 88.151: [Finalize Marking, 0.0002282 secs] 2020-09-29T11:30:34.719+0200: 88.151: [GC ref-proc, 0.0002859 secs] 2020-09-29T11:30:34.719+0200: 88.152: [Unloading, 0.0004422 secs], 0.0012936 secs]
 [Times: user=0.00 sys=0.00, real=0.00 secs] 
2020-09-29T11:30:34.720+0200: 88.153: [GC cleanup 1156M->38M(2048M), 0.0014171 secs]
 [Times: user=0.00 sys=0.00, real=0.00 secs] 
2020-09-29T11:30:34.722+0200: 88.154: [GC concurrent-cleanup-start]
2020-09-29T11:30:34.724+0200: 88.156: [GC concurrent-cleanup-end, 0.0022571 secs]
2020-09-29T11:30:34.908+0200: 88.341: [GC pause (G1 Evacuation Pause) (young), 0.2669662 secs]
   [Parallel Time: 265.4 ms, GC Workers: 8]
      [GC Worker Start (ms): Min: 88340.9, Avg: 88341.0, Max: 88341.1, Diff: 0.2]
      [Ext Root Scanning (ms): Min: 0.0, Avg: 0.1, Max: 0.2, Diff: 0.2, Sum: 0.8]
      [Update RS (ms): Min: 24.1, Avg: 24.3, Max: 24.4, Diff: 0.3, Sum: 194.2]
         [Processed Buffers: Min: 16, Avg: 18.5, Max: 22, Diff: 6, Sum: 148]
      [Scan RS (ms): Min: 28.1, Avg: 28.2, Max: 28.5, Diff: 0.4, Sum: 225.8]
      [Code Root Scanning (ms): Min: 0.0, Avg: 0.0, Max: 0.0, Diff: 0.0, Sum: 0.0]
      [Object Copy (ms): Min: 212.1, Avg: 212.4, Max: 212.5, Diff: 0.4, Sum: 1699.1]
      [Termination (ms): Min: 0.0, Avg: 0.1, Max: 0.1, Diff: 0.1, Sum: 0.6]
         [Termination Attempts: Min: 1, Avg: 278.0, Max: 355, Diff: 354, Sum: 2224]
      [GC Worker Other (ms): Min: 0.0, Avg: 0.0, Max: 0.1, Diff: 0.1, Sum: 0.4]
      [GC Worker Total (ms): Min: 265.0, Avg: 265.1, Max: 265.2, Diff: 0.2, Sum: 2120.9]
      [GC Worker End (ms): Min: 88606.0, Avg: 88606.1, Max: 88606.1, Diff: 0.1]
   [Code Root Fixup: 0.0 ms]
   [Code Root Purge: 0.0 ms]
   [Clear CT: 0.2 ms]
   [Other: 1.4 ms]
      [Choose CSet: 0.0 ms]
      [Ref Proc: 0.3 ms]
      [Ref Enq: 0.0 ms]
      [Redirty Cards: 0.3 ms]
      [Humongous Register: 0.0 ms]
      [Humongous Reclaim: 0.0 ms]
      [Free CSet: 0.4 ms]
   [Eden: 347.0M(347.0M)->0.0B(223.0M) Survivors: 13.0M->45.0M Heap: 429.1M(2048.0M)->418.6M(2048.0M)]
 [Times: user=2.09 sys=0.00, real=0.27 secs] 
2020-09-29T11:30:35.357+0200: 88.789: [GC pause (G1 Evacuation Pause) (young), 0.1985967 secs]
   [Parallel Time: 197.1 ms, GC Workers: 8]
      [GC Worker Start (ms): Min: 88789.1, Avg: 88789.3, Max: 88789.4, Diff: 0.2]
      [Ext Root Scanning (ms): Min: 0.0, Avg: 0.1, Max: 0.2, Diff: 0.2, Sum: 0.6]
      [Update RS (ms): Min: 17.9, Avg: 18.4, Max: 18.9, Diff: 1.0, Sum: 147.6]
         [Processed Buffers: Min: 12, Avg: 13.8, Max: 16, Diff: 4, Sum: 110]
      [Scan RS (ms): Min: 18.2, Avg: 18.7, Max: 19.2, Diff: 1.0, Sum: 149.4]
      [Code Root Scanning (ms): Min: 0.0, Avg: 0.0, Max: 0.0, Diff: 0.0, Sum: 0.0]
      [Object Copy (ms): Min: 159.4, Avg: 159.5, Max: 159.6, Diff: 0.1, Sum: 1276.1]
      [Termination (ms): Min: 0.0, Avg: 0.1, Max: 0.2, Diff: 0.2, Sum: 0.8]
         [Termination Attempts: Min: 1, Avg: 424.4, Max: 606, Diff: 605, Sum: 3395]
      [GC Worker Other (ms): Min: 0.0, Avg: 0.1, Max: 0.1, Diff: 0.1, Sum: 0.5]
      [GC Worker Total (ms): Min: 196.8, Avg: 196.9, Max: 197.1, Diff: 0.3, Sum: 1575.0]
      [GC Worker End (ms): Min: 88986.1, Avg: 88986.1, Max: 88986.2, Diff: 0.1]
   [Code Root Fixup: 0.0 ms]
   [Code Root Purge: 0.0 ms]
   [Clear CT: 0.2 ms]
   [Other: 1.2 ms]
      [Choose CSet: 0.0 ms]
      [Ref Proc: 0.3 ms]
      [Ref Enq: 0.0 ms]
      [Redirty Cards: 0.3 ms]
      [Humongous Register: 0.0 ms]
      [Humongous Reclaim: 0.0 ms]
      [Free CSet: 0.3 ms]
   [Eden: 223.0M(223.0M)->0.0B(208.0M) Survivors: 45.0M->34.0M Heap: 677.9M(2048.0M)->679.9M(2048.0M)]
 [Times: user=1.63 sys=0.00, real=0.20 secs] 
2020-09-29T11:30:35.729+0200: 89.161: [GC pause (G1 Evacuation Pause) (young), 0.1821613 secs]
   [Parallel Time: 180.8 ms, GC Workers: 8]
      [GC Worker Start (ms): Min: 89161.1, Avg: 89161.5, Max: 89163.0, Diff: 1.9]
      [Ext Root Scanning (ms): Min: 0.0, Avg: 0.1, Max: 0.2, Diff: 0.2, Sum: 0.7]
      [Update RS (ms): Min: 21.0, Avg: 22.0, Max: 22.8, Diff: 1.8, Sum: 175.7]
         [Processed Buffers: Min: 14, Avg: 15.6, Max: 17, Diff: 3, Sum: 125]
      [Scan RS (ms): Min: 14.3, Avg: 15.0, Max: 15.8, Diff: 1.5, Sum: 119.7]
      [Code Root Scanning (ms): Min: 0.0, Avg: 0.0, Max: 0.0, Diff: 0.0, Sum: 0.0]
      [Object Copy (ms): Min: 143.1, Avg: 143.2, Max: 143.2, Diff: 0.1, Sum: 1145.3]
      [Termination (ms): Min: 0.0, Avg: 0.0, Max: 0.0, Diff: 0.0, Sum: 0.2]
         [Termination Attempts: Min: 1, Avg: 124.9, Max: 154, Diff: 153, Sum: 999]
      [GC Worker Other (ms): Min: 0.0, Avg: 0.0, Max: 0.1, Diff: 0.1, Sum: 0.4]
      [GC Worker Total (ms): Min: 178.7, Avg: 180.3, Max: 180.6, Diff: 1.9, Sum: 1442.0]
      [GC Worker End (ms): Min: 89341.7, Avg: 89341.7, Max: 89341.8, Diff: 0.1]
   [Code Root Fixup: 0.0 ms]
   [Code Root Purge: 0.0 ms]
   [Clear CT: 0.3 ms]
   [Other: 1.1 ms]
      [Choose CSet: 0.0 ms]
      [Ref Proc: 0.2 ms]
      [Ref Enq: 0.0 ms]
      [Redirty Cards: 0.3 ms]
      [Humongous Register: 0.1 ms]
      [Humongous Reclaim: 0.0 ms]
      [Free CSet: 0.3 ms]
   [Eden: 208.0M(208.0M)->0.0B(202.0M) Survivors: 34.0M->31.0M Heap: 922.2M(2048.0M)->923.7M(2048.0M)]
 [Times: user=1.45 sys=0.02, real=0.18 secs] 
2020-09-29T11:30:36.012+0200: 89.444: [GC pause (G1 Humongous Allocation) (young) (initial-mark), 0.1230357 secs]
   [Parallel Time: 121.0 ms, GC Workers: 8]
      [GC Worker Start (ms): Min: 89444.2, Avg: 89444.3, Max: 89444.4, Diff: 0.2]
      [Ext Root Scanning (ms): Min: 0.0, Avg: 0.1, Max: 0.2, Diff: 0.2, Sum: 0.8]
      [Update RS (ms): Min: 20.3, Avg: 20.7, Max: 21.5, Diff: 1.2, Sum: 165.6]
         [Processed Buffers: Min: 14, Avg: 14.8, Max: 15, Diff: 1, Sum: 118]
      [Scan RS (ms): Min: 6.1, Avg: 6.9, Max: 7.3, Diff: 1.2, Sum: 54.9]
      [Code Root Scanning (ms): Min: 0.0, Avg: 0.0, Max: 0.0, Diff: 0.0, Sum: 0.0]
      [Object Copy (ms): Min: 92.9, Avg: 93.0, Max: 93.0, Diff: 0.1, Sum: 743.6]
      [Termination (ms): Min: 0.0, Avg: 0.1, Max: 0.1, Diff: 0.1, Sum: 0.4]
         [Termination Attempts: Min: 1, Avg: 249.6, Max: 336, Diff: 335, Sum: 1997]
      [GC Worker Other (ms): Min: 0.0, Avg: 0.0, Max: 0.1, Diff: 0.1, Sum: 0.3]
      [GC Worker Total (ms): Min: 120.6, Avg: 120.7, Max: 120.8, Diff: 0.2, Sum: 965.6]
      [GC Worker End (ms): Min: 89565.0, Avg: 89565.0, Max: 89565.0, Diff: 0.1]
   [Code Root Fixup: 0.0 ms]
   [Code Root Purge: 0.0 ms]
   [Clear CT: 0.6 ms]
   [Other: 1.4 ms]
      [Choose CSet: 0.0 ms]
      [Ref Proc: 0.4 ms]
      [Ref Enq: 0.0 ms]
      [Redirty Cards: 0.5 ms]
      [Humongous Register: 0.0 ms]
      [Humongous Reclaim: 0.0 ms]
      [Free CSet: 0.1 ms]
   [Eden: 127.0M(202.0M)->0.0B(207.0M) Survivors: 31.0M->30.0M Heap: 1071.2M(2048.0M)->1072.7M(2048.0M)]
 [Times: user=1.00 sys=0.00, real=0.12 secs] 
2020-09-29T11:30:36.135+0200: 89.567: [GC concurrent-root-region-scan-start]
2020-09-29T11:30:36.150+0200: 89.582: [GC concurrent-root-region-scan-end, 0.0145591 secs]
2020-09-29T11:30:36.150+0200: 89.582: [GC concurrent-mark-start]
2020-09-29T11:30:36.154+0200: 89.586: [GC concurrent-mark-end, 0.0037711 secs]
2020-09-29T11:30:36.154+0200: 89.586: [GC remark 2020-09-29T11:30:36.154+0200: 89.586: [Finalize Marking, 0.0004044 secs] 2020-09-29T11:30:36.154+0200: 89.586: [GC ref-proc, 0.0004097 secs] 2020-09-29T11:30:36.155+0200: 89.587: [Unloading, 0.0008336 secs], 0.0021328 secs]
 [Times: user=0.00 sys=0.00, real=0.00 secs] 
2020-09-29T11:30:36.157+0200: 89.589: [GC cleanup 1095M->62M(2048M), 0.0027899 secs]
 [Times: user=0.00 sys=0.00, real=0.00 secs] 
2020-09-29T11:30:36.160+0200: 89.592: [GC concurrent-cleanup-start]
2020-09-29T11:30:36.161+0200: 89.593: [GC concurrent-cleanup-end, 0.0015087 secs]
2020-09-29T11:30:36.299+0200: 89.731: [GC pause (G1 Evacuation Pause) (young), 0.1572201 secs]
   [Parallel Time: 156.0 ms, GC Workers: 8]
      [GC Worker Start (ms): Min: 89731.4, Avg: 89731.6, Max: 89731.7, Diff: 0.3]
      [Ext Root Scanning (ms): Min: 0.0, Avg: 0.1, Max: 0.2, Diff: 0.2, Sum: 0.6]
      [Update RS (ms): Min: 20.8, Avg: 20.9, Max: 21.2, Diff: 0.4, Sum: 167.4]
         [Processed Buffers: Min: 15, Avg: 17.1, Max: 20, Diff: 5, Sum: 137]
      [Scan RS (ms): Min: 11.1, Avg: 11.5, Max: 11.6, Diff: 0.5, Sum: 91.9]
      [Code Root Scanning (ms): Min: 0.0, Avg: 0.0, Max: 0.0, Diff: 0.0, Sum: 0.0]
      [Object Copy (ms): Min: 123.0, Avg: 123.1, Max: 123.2, Diff: 0.2, Sum: 984.9]
      [Termination (ms): Min: 0.0, Avg: 0.1, Max: 0.1, Diff: 0.1, Sum: 0.6]
         [Termination Attempts: Min: 1, Avg: 298.4, Max: 398, Diff: 397, Sum: 2387]
      [GC Worker Other (ms): Min: 0.0, Avg: 0.0, Max: 0.1, Diff: 0.1, Sum: 0.4]
      [GC Worker Total (ms): Min: 155.6, Avg: 155.7, Max: 155.9, Diff: 0.3, Sum: 1245.8]
      [GC Worker End (ms): Min: 89887.3, Avg: 89887.3, Max: 89887.3, Diff: 0.1]
   [Code Root Fixup: 0.0 ms]
   [Code Root Purge: 0.0 ms]
   [Clear CT: 0.2 ms]
   [Other: 1.0 ms]
      [Choose CSet: 0.0 ms]
      [Ref Proc: 0.2 ms]
      [Ref Enq: 0.0 ms]
      [Redirty Cards: 0.3 ms]
      [Humongous Register: 0.0 ms]
      [Humongous Reclaim: 0.0 ms]
      [Free CSet: 0.2 ms]
   [Eden: 207.0M(207.0M)->0.0B(216.0M) Survivors: 30.0M->30.0M Heap: 283.2M(2048.0M)->254.7M(2048.0M)]
 [Times: user=1.25 sys=0.00, real=0.16 secs] 
2020-09-29T11:30:36.618+0200: 90.050: [GC pause (G1 Evacuation Pause) (young), 0.1883010 secs]
   [Parallel Time: 186.9 ms, GC Workers: 8]
      [GC Worker Start (ms): Min: 90049.7, Avg: 90049.9, Max: 90050.0, Diff: 0.2]
      [Ext Root Scanning (ms): Min: 0.0, Avg: 0.1, Max: 0.2, Diff: 0.2, Sum: 0.6]
      [Update RS (ms): Min: 16.1, Avg: 16.5, Max: 17.0, Diff: 0.9, Sum: 132.0]
         [Processed Buffers: Min: 11, Avg: 12.1, Max: 13, Diff: 2, Sum: 97]
      [Scan RS (ms): Min: 16.9, Avg: 17.3, Max: 17.7, Diff: 0.8, Sum: 138.7]
      [Code Root Scanning (ms): Min: 0.0, Avg: 0.0, Max: 0.0, Diff: 0.0, Sum: 0.0]
      [Object Copy (ms): Min: 152.3, Avg: 152.5, Max: 152.7, Diff: 0.3, Sum: 1219.6]
      [Termination (ms): Min: 0.0, Avg: 0.2, Max: 0.2, Diff: 0.2, Sum: 1.4]
         [Termination Attempts: Min: 1, Avg: 832.0, Max: 1047, Diff: 1046, Sum: 6656]
      [GC Worker Other (ms): Min: 0.0, Avg: 0.0, Max: 0.1, Diff: 0.0, Sum: 0.3]
      [GC Worker Total (ms): Min: 186.5, Avg: 186.6, Max: 186.7, Diff: 0.2, Sum: 1492.6]
      [GC Worker End (ms): Min: 90236.4, Avg: 90236.4, Max: 90236.5, Diff: 0.0]
   [Code Root Fixup: 0.0 ms]
   [Code Root Purge: 0.0 ms]
   [Clear CT: 0.2 ms]
   [Other: 1.2 ms]
      [Choose CSet: 0.0 ms]
      [Ref Proc: 0.3 ms]
      [Ref Enq: 0.0 ms]
      [Redirty Cards: 0.3 ms]
      [Humongous Register: 0.0 ms]
      [Humongous Reclaim: 0.0 ms]
      [Free CSet: 0.3 ms]
   [Eden: 216.0M(216.0M)->0.0B(208.0M) Survivors: 30.0M->31.0M Heap: 505.1M(2048.0M)->507.1M(2048.0M)]
 [Times: user=1.50 sys=0.00, real=0.19 secs] 
2020-09-29T11:30:36.984+0200: 90.416: [GC pause (G1 Evacuation Pause) (young), 0.1841299 secs]
   [Parallel Time: 182.7 ms, GC Workers: 8]
      [GC Worker Start (ms): Min: 90416.1, Avg: 90416.2, Max: 90416.3, Diff: 0.2]
      [Ext Root Scanning (ms): Min: 0.0, Avg: 0.1, Max: 0.2, Diff: 0.2, Sum: 0.7]
      [Update RS (ms): Min: 21.0, Avg: 21.7, Max: 24.2, Diff: 3.2, Sum: 173.3]
         [Processed Buffers: Min: 10, Avg: 16.6, Max: 19, Diff: 9, Sum: 133]
      [Scan RS (ms): Min: 12.7, Avg: 15.1, Max: 15.8, Diff: 3.1, Sum: 121.2]
      [Code Root Scanning (ms): Min: 0.0, Avg: 0.0, Max: 0.0, Diff: 0.0, Sum: 0.0]
      [Object Copy (ms): Min: 145.4, Avg: 145.5, Max: 145.5, Diff: 0.1, Sum: 1163.9]
      [Termination (ms): Min: 0.0, Avg: 0.0, Max: 0.0, Diff: 0.0, Sum: 0.2]
         [Termination Attempts: Min: 1, Avg: 113.8, Max: 141, Diff: 140, Sum: 910]
      [GC Worker Other (ms): Min: 0.0, Avg: 0.0, Max: 0.1, Diff: 0.1, Sum: 0.3]
      [GC Worker Total (ms): Min: 182.4, Avg: 182.5, Max: 182.6, Diff: 0.2, Sum: 1459.7]
      [GC Worker End (ms): Min: 90598.6, Avg: 90598.7, Max: 90598.7, Diff: 0.1]
   [Code Root Fixup: 0.0 ms]
   [Code Root Purge: 0.0 ms]
   [Clear CT: 0.3 ms]
   [Other: 1.2 ms]
      [Choose CSet: 0.0 ms]
      [Ref Proc: 0.3 ms]
      [Ref Enq: 0.0 ms]
      [Redirty Cards: 0.3 ms]
      [Humongous Register: 0.1 ms]
      [Humongous Reclaim: 0.0 ms]
      [Free CSet: 0.3 ms]
   [Eden: 208.0M(208.0M)->0.0B(206.0M) Survivors: 31.0M->30.0M Heap: 751.3M(2048.0M)->752.8M(2048.0M)]
 [Times: user=1.49 sys=0.00, real=0.19 secs] 
2020-09-29T11:30:37.337+0200: 90.769: [GC pause (G1 Evacuation Pause) (young), 0.1761334 secs]
   [Parallel Time: 174.8 ms, GC Workers: 8]
      [GC Worker Start (ms): Min: 90769.4, Avg: 90769.6, Max: 90769.6, Diff: 0.2]
      [Ext Root Scanning (ms): Min: 0.0, Avg: 0.1, Max: 0.2, Diff: 0.2, Sum: 0.7]
      [Update RS (ms): Min: 14.6, Avg: 14.8, Max: 15.2, Diff: 0.7, Sum: 118.4]
         [Processed Buffers: Min: 10, Avg: 12.3, Max: 15, Diff: 5, Sum: 98]
      [Scan RS (ms): Min: 17.7, Avg: 18.1, Max: 18.4, Diff: 0.7, Sum: 144.6]
      [Code Root Scanning (ms): Min: 0.0, Avg: 0.0, Max: 0.0, Diff: 0.0, Sum: 0.0]
      [Object Copy (ms): Min: 141.4, Avg: 141.4, Max: 141.5, Diff: 0.1, Sum: 1131.6]
      [Termination (ms): Min: 0.0, Avg: 0.0, Max: 0.0, Diff: 0.0, Sum: 0.1]
         [Termination Attempts: Min: 1, Avg: 83.9, Max: 116, Diff: 115, Sum: 671]
      [GC Worker Other (ms): Min: 0.0, Avg: 0.1, Max: 0.1, Diff: 0.1, Sum: 0.4]
      [GC Worker Total (ms): Min: 174.4, Avg: 174.5, Max: 174.6, Diff: 0.2, Sum: 1395.8]
      [GC Worker End (ms): Min: 90944.0, Avg: 90944.0, Max: 90944.1, Diff: 0.1]
   [Code Root Fixup: 0.0 ms]
   [Code Root Purge: 0.0 ms]
   [Clear CT: 0.2 ms]
   [Other: 1.1 ms]
      [Choose CSet: 0.0 ms]
      [Ref Proc: 0.3 ms]
      [Ref Enq: 0.0 ms]
      [Redirty Cards: 0.4 ms]
      [Humongous Register: 0.1 ms]
      [Humongous Reclaim: 0.0 ms]
      [Free CSet: 0.2 ms]
   [Eden: 206.0M(206.0M)->0.0B(205.0M) Survivors: 30.0M->30.0M Heap: 993.1M(2048.0M)->995.1M(2048.0M)]
 [Times: user=1.38 sys=0.00, real=0.18 secs] 
2020-09-29T11:30:37.531+0200: 90.963: [GC pause (G1 Humongous Allocation) (young) (initial-mark), 0.0592486 secs]
   [Parallel Time: 58.0 ms, GC Workers: 8]
      [GC Worker Start (ms): Min: 90963.2, Avg: 90963.3, Max: 90963.4, Diff: 0.2]
      [Ext Root Scanning (ms): Min: 0.0, Avg: 0.7, Max: 4.0, Diff: 4.0, Sum: 5.3]
      [Update RS (ms): Min: 24.6, Avg: 28.0, Max: 28.9, Diff: 4.3, Sum: 223.7]
         [Processed Buffers: Min: 19, Avg: 22.1, Max: 24, Diff: 5, Sum: 177]
      [Scan RS (ms): Min: 2.6, Avg: 3.0, Max: 3.3, Diff: 0.7, Sum: 24.2]
      [Code Root Scanning (ms): Min: 0.0, Avg: 0.0, Max: 0.0, Diff: 0.0, Sum: 0.0]
      [Object Copy (ms): Min: 26.0, Avg: 26.1, Max: 26.2, Diff: 0.2, Sum: 208.6]
      [Termination (ms): Min: 0.0, Avg: 0.0, Max: 0.0, Diff: 0.0, Sum: 0.3]
         [Termination Attempts: Min: 1, Avg: 154.6, Max: 207, Diff: 206, Sum: 1237]
      [GC Worker Other (ms): Min: 0.0, Avg: 0.0, Max: 0.0, Diff: 0.0, Sum: 0.2]
      [GC Worker Total (ms): Min: 57.7, Avg: 57.8, Max: 57.9, Diff: 0.2, Sum: 462.3]
      [GC Worker End (ms): Min: 91021.1, Avg: 91021.1, Max: 91021.1, Diff: 0.0]
   [Code Root Fixup: 0.0 ms]
   [Code Root Purge: 0.0 ms]
   [Clear CT: 0.3 ms]
   [Other: 1.0 ms]
      [Choose CSet: 0.0 ms]
      [Ref Proc: 0.3 ms]
      [Ref Enq: 0.0 ms]
      [Redirty Cards: 0.3 ms]
      [Humongous Register: 0.0 ms]
      [Humongous Reclaim: 0.0 ms]
      [Free CSet: 0.1 ms]
   [Eden: 10.0M(205.0M)->0.0B(226.0M) Survivors: 30.0M->12.0M Heap: 1005.1M(2048.0M)->1009.1M(2048.0M)]
 [Times: user=0.47 sys=0.00, real=0.06 secs] 
2020-09-29T11:30:37.591+0200: 91.023: [GC concurrent-root-region-scan-start]
2020-09-29T11:30:37.596+0200: 91.028: [GC concurrent-root-region-scan-end, 0.0050614 secs]
2020-09-29T11:30:37.596+0200: 91.028: [GC concurrent-mark-start]
2020-09-29T11:30:37.599+0200: 91.031: [GC concurrent-mark-end, 0.0031502 secs]
2020-09-29T11:30:37.599+0200: 91.031: [GC remark 2020-09-29T11:30:37.599+0200: 91.031: [Finalize Marking, 0.0002763 secs] 2020-09-29T11:30:37.600+0200: 91.032: [GC ref-proc, 0.0003987 secs] 2020-09-29T11:30:37.600+0200: 91.032: [Unloading, 0.0004773 secs], 0.0015649 secs]
 [Times: user=0.00 sys=0.00, real=0.00 secs] 
2020-09-29T11:30:37.601+0200: 91.033: [GC cleanup 1022M->35M(2048M), 0.0015214 secs]
 [Times: user=0.00 sys=0.00, real=0.00 secs] 
2020-09-29T11:30:37.603+0200: 91.035: [GC concurrent-cleanup-start]
2020-09-29T11:30:37.605+0200: 91.037: [GC concurrent-cleanup-end, 0.0018349 secs]
2020-09-29T11:30:37.764+0200: 91.196: [GC pause (G1 Evacuation Pause) (young), 0.1710298 secs]
   [Parallel Time: 169.4 ms, GC Workers: 8]
      [GC Worker Start (ms): Min: 91196.4, Avg: 91196.5, Max: 91196.6, Diff: 0.2]
      [Ext Root Scanning (ms): Min: 0.0, Avg: 0.1, Max: 0.2, Diff: 0.2, Sum: 0.7]
      [Update RS (ms): Min: 17.0, Avg: 17.2, Max: 17.5, Diff: 0.5, Sum: 137.3]
         [Processed Buffers: Min: 12, Avg: 12.9, Max: 15, Diff: 3, Sum: 103]
      [Scan RS (ms): Min: 15.6, Avg: 15.9, Max: 16.1, Diff: 0.4, Sum: 127.3]
      [Code Root Scanning (ms): Min: 0.0, Avg: 0.0, Max: 0.0, Diff: 0.0, Sum: 0.0]
      [Object Copy (ms): Min: 135.8, Avg: 135.9, Max: 135.9, Diff: 0.1, Sum: 1086.8]
      [Termination (ms): Min: 0.0, Avg: 0.0, Max: 0.0, Diff: 0.0, Sum: 0.1]
         [Termination Attempts: Min: 1, Avg: 53.5, Max: 79, Diff: 78, Sum: 428]
      [GC Worker Other (ms): Min: 0.0, Avg: 0.0, Max: 0.1, Diff: 0.1, Sum: 0.4]
      [GC Worker Total (ms): Min: 169.0, Avg: 169.1, Max: 169.2, Diff: 0.2, Sum: 1352.7]
      [GC Worker End (ms): Min: 91365.6, Avg: 91365.6, Max: 91365.6, Diff: 0.1]
   [Code Root Fixup: 0.0 ms]
   [Code Root Purge: 0.0 ms]
   [Clear CT: 0.3 ms]
   [Other: 1.3 ms]
      [Choose CSet: 0.0 ms]
      [Ref Proc: 0.3 ms]
      [Ref Enq: 0.0 ms]
      [Redirty Cards: 0.3 ms]
      [Humongous Register: 0.0 ms]
      [Humongous Reclaim: 0.0 ms]
      [Free CSet: 0.3 ms]
   [Eden: 226.0M(226.0M)->0.0B(212.0M) Survivors: 12.0M->30.0M Heap: 286.1M(2048.0M)->276.1M(2048.0M)]
 [Times: user=1.38 sys=0.00, real=0.17 secs] 
2020-09-29T11:30:38.102+0200: 91.534: [GC pause (G1 Evacuation Pause) (young), 0.1786293 secs]
   [Parallel Time: 177.2 ms, GC Workers: 8]
      [GC Worker Start (ms): Min: 91534.3, Avg: 91534.4, Max: 91534.5, Diff: 0.2]
      [Ext Root Scanning (ms): Min: 0.0, Avg: 0.1, Max: 0.2, Diff: 0.2, Sum: 0.8]
      [Update RS (ms): Min: 15.9, Avg: 16.1, Max: 16.5, Diff: 0.6, Sum: 128.7]
         [Processed Buffers: Min: 12, Avg: 12.9, Max: 15, Diff: 3, Sum: 103]
      [Scan RS (ms): Min: 16.8, Avg: 17.2, Max: 17.4, Diff: 0.6, Sum: 137.9]
      [Code Root Scanning (ms): Min: 0.0, Avg: 0.0, Max: 0.0, Diff: 0.0, Sum: 0.0]
      [Object Copy (ms): Min: 143.3, Avg: 143.3, Max: 143.3, Diff: 0.1, Sum: 1146.4]
      [Termination (ms): Min: 0.0, Avg: 0.1, Max: 0.1, Diff: 0.1, Sum: 0.4]
         [Termination Attempts: Min: 1, Avg: 204.3, Max: 295, Diff: 294, Sum: 1634]
      [GC Worker Other (ms): Min: 0.0, Avg: 0.0, Max: 0.1, Diff: 0.1, Sum: 0.3]
      [GC Worker Total (ms): Min: 176.7, Avg: 176.8, Max: 176.9, Diff: 0.2, Sum: 1414.6]
      [GC Worker End (ms): Min: 91711.2, Avg: 91711.2, Max: 91711.3, Diff: 0.1]
   [Code Root Fixup: 0.0 ms]
   [Code Root Purge: 0.0 ms]
   [Clear CT: 0.2 ms]
   [Other: 1.2 ms]
      [Choose CSet: 0.0 ms]
      [Ref Proc: 0.2 ms]
      [Ref Enq: 0.0 ms]
      [Redirty Cards: 0.6 ms]
      [Humongous Register: 0.0 ms]
      [Humongous Reclaim: 0.0 ms]
      [Free CSet: 0.2 ms]
   [Eden: 212.0M(212.0M)->0.0B(209.0M) Survivors: 30.0M->31.0M Heap: 524.4M(2048.0M)->526.4M(2048.0M)]
 [Times: user=1.36 sys=0.00, real=0.18 secs] 
2020-09-29T11:30:38.443+0200: 91.875: [GC pause (G1 Evacuation Pause) (young), 0.1901018 secs]
   [Parallel Time: 188.6 ms, GC Workers: 8]
      [GC Worker Start (ms): Min: 91875.1, Avg: 91875.2, Max: 91875.3, Diff: 0.2]
      [Ext Root Scanning (ms): Min: 0.0, Avg: 0.1, Max: 0.2, Diff: 0.2, Sum: 0.7]
      [Update RS (ms): Min: 18.1, Avg: 18.3, Max: 18.7, Diff: 0.6, Sum: 146.3]
         [Processed Buffers: Min: 12, Avg: 13.9, Max: 15, Diff: 3, Sum: 111]
      [Scan RS (ms): Min: 17.3, Avg: 17.7, Max: 17.8, Diff: 0.5, Sum: 141.6]
      [Code Root Scanning (ms): Min: 0.0, Avg: 0.0, Max: 0.0, Diff: 0.0, Sum: 0.0]
      [Object Copy (ms): Min: 151.8, Avg: 151.9, Max: 152.1, Diff: 0.3, Sum: 1215.1]
      [Termination (ms): Min: 0.0, Avg: 0.2, Max: 0.3, Diff: 0.3, Sum: 1.8]
         [Termination Attempts: Min: 1, Avg: 981.9, Max: 1220, Diff: 1219, Sum: 7855]
      [GC Worker Other (ms): Min: 0.0, Avg: 0.0, Max: 0.1, Diff: 0.1, Sum: 0.2]
      [GC Worker Total (ms): Min: 188.1, Avg: 188.2, Max: 188.3, Diff: 0.2, Sum: 1505.8]
      [GC Worker End (ms): Min: 92063.4, Avg: 92063.4, Max: 92063.5, Diff: 0.1]
   [Code Root Fixup: 0.0 ms]
   [Code Root Purge: 0.0 ms]
   [Clear CT: 0.2 ms]
   [Other: 1.3 ms]
      [Choose CSet: 0.0 ms]
      [Ref Proc: 0.2 ms]
      [Ref Enq: 0.0 ms]
      [Redirty Cards: 0.4 ms]
      [Humongous Register: 0.1 ms]
      [Humongous Reclaim: 0.0 ms]
      [Free CSet: 0.3 ms]
   [Eden: 209.0M(209.0M)->0.0B(202.0M) Survivors: 31.0M->30.0M Heap: 769.7M(2048.0M)->771.2M(2048.0M)]
 [Times: user=1.47 sys=0.00, real=0.19 secs] 
2020-09-29T11:30:38.793+0200: 92.225: [GC pause (G1 Evacuation Pause) (young), 0.1855169 secs]
   [Parallel Time: 184.1 ms, GC Workers: 8]
      [GC Worker Start (ms): Min: 92225.4, Avg: 92225.5, Max: 92225.6, Diff: 0.2]
      [Ext Root Scanning (ms): Min: 0.0, Avg: 0.1, Max: 0.2, Diff: 0.2, Sum: 0.6]
      [Update RS (ms): Min: 18.2, Avg: 18.3, Max: 18.5, Diff: 0.3, Sum: 146.7]
         [Processed Buffers: Min: 13, Avg: 15.0, Max: 18, Diff: 5, Sum: 120]
      [Scan RS (ms): Min: 14.8, Avg: 14.9, Max: 15.0, Diff: 0.2, Sum: 119.0]
      [Code Root Scanning (ms): Min: 0.0, Avg: 0.0, Max: 0.0, Diff: 0.0, Sum: 0.0]
      [Object Copy (ms): Min: 150.1, Avg: 150.2, Max: 150.5, Diff: 0.4, Sum: 1201.7]
      [Termination (ms): Min: 0.0, Avg: 0.3, Max: 0.3, Diff: 0.3, Sum: 2.2]
         [Termination Attempts: Min: 1, Avg: 1076.5, Max: 1374, Diff: 1373, Sum: 8612]
      [GC Worker Other (ms): Min: 0.0, Avg: 0.0, Max: 0.0, Diff: 0.0, Sum: 0.1]
      [GC Worker Total (ms): Min: 183.7, Avg: 183.8, Max: 183.9, Diff: 0.2, Sum: 1470.3]
      [GC Worker End (ms): Min: 92409.3, Avg: 92409.3, Max: 92409.3, Diff: 0.0]
   [Code Root Fixup: 0.0 ms]
   [Code Root Purge: 0.0 ms]
   [Clear CT: 0.2 ms]
   [Other: 1.2 ms]
      [Choose CSet: 0.0 ms]
      [Ref Proc: 0.2 ms]
      [Ref Enq: 0.0 ms]
      [Redirty Cards: 0.5 ms]
      [Humongous Register: 0.0 ms]
      [Humongous Reclaim: 0.0 ms]
      [Free CSet: 0.2 ms]
   [Eden: 202.0M(202.0M)->0.0B(200.0M) Survivors: 30.0M->29.0M Heap: 1007.6M(2048.0M)->1010.1M(2048.0M)]
 [Times: user=1.45 sys=0.00, real=0.18 secs] 
2020-09-29T11:30:38.986+0200: 92.418: [GC pause (G1 Humongous Allocation) (young) (initial-mark), 0.0743740 secs]
   [Parallel Time: 73.2 ms, GC Workers: 8]
      [GC Worker Start (ms): Min: 92418.3, Avg: 92418.4, Max: 92418.4, Diff: 0.2]
      [Ext Root Scanning (ms): Min: 0.0, Avg: 0.1, Max: 0.2, Diff: 0.2, Sum: 0.9]
      [Update RS (ms): Min: 43.3, Avg: 43.9, Max: 44.6, Diff: 1.3, Sum: 351.3]
         [Processed Buffers: Min: 31, Avg: 33.6, Max: 36, Diff: 5, Sum: 269]
      [Scan RS (ms): Min: 1.9, Avg: 2.6, Max: 3.2, Diff: 1.3, Sum: 20.4]
      [Code Root Scanning (ms): Min: 0.0, Avg: 0.0, Max: 0.0, Diff: 0.0, Sum: 0.0]
      [Object Copy (ms): Min: 26.2, Avg: 26.3, Max: 26.4, Diff: 0.1, Sum: 210.3]
      [Termination (ms): Min: 0.0, Avg: 0.0, Max: 0.0, Diff: 0.0, Sum: 0.1]
         [Termination Attempts: Min: 1, Avg: 35.1, Max: 49, Diff: 48, Sum: 281]
      [GC Worker Other (ms): Min: 0.0, Avg: 0.0, Max: 0.1, Diff: 0.0, Sum: 0.2]
      [GC Worker Total (ms): Min: 72.8, Avg: 72.9, Max: 73.0, Diff: 0.2, Sum: 583.3]
      [GC Worker End (ms): Min: 92491.3, Avg: 92491.3, Max: 92491.3, Diff: 0.0]
   [Code Root Fixup: 0.0 ms]
   [Code Root Purge: 0.0 ms]
   [Clear CT: 0.2 ms]
   [Other: 1.0 ms]
      [Choose CSet: 0.0 ms]
      [Ref Proc: 0.3 ms]
      [Ref Enq: 0.0 ms]
      [Redirty Cards: 0.3 ms]
      [Humongous Register: 0.1 ms]
      [Humongous Reclaim: 0.0 ms]
      [Free CSet: 0.1 ms]
   [Eden: 10.0M(200.0M)->0.0B(209.0M) Survivors: 29.0M->11.0M Heap: 1019.6M(2048.0M)->1023.1M(2048.0M)]
 [Times: user=0.61 sys=0.00, real=0.07 secs] 
2020-09-29T11:30:39.060+0200: 92.493: [GC concurrent-root-region-scan-start]
2020-09-29T11:30:39.065+0200: 92.497: [GC concurrent-root-region-scan-end, 0.0044428 secs]
2020-09-29T11:30:39.065+0200: 92.497: [GC concurrent-mark-start]
2020-09-29T11:30:39.069+0200: 92.502: [GC concurrent-mark-end, 0.0047073 secs]
2020-09-29T11:30:39.070+0200: 92.502: [GC remark 2020-09-29T11:30:39.070+0200: 92.502: [Finalize Marking, 0.0001891 secs] 2020-09-29T11:30:39.070+0200: 92.502: [GC ref-proc, 0.0004180 secs] 2020-09-29T11:30:39.070+0200: 92.503: [Unloading, 0.0005655 secs], 0.0015644 secs]
 [Times: user=0.00 sys=0.00, real=0.00 secs] 
2020-09-29T11:30:39.072+0200: 92.504: [GC cleanup 1036M->34M(2048M), 0.0015762 secs]
 [Times: user=0.00 sys=0.00, real=0.00 secs] 
2020-09-29T11:30:39.073+0200: 92.506: [GC concurrent-cleanup-start]
2020-09-29T11:30:39.075+0200: 92.508: [GC concurrent-cleanup-end, 0.0020476 secs]
2020-09-29T11:30:39.223+0200: 92.655: [GC pause (G1 Evacuation Pause) (young), 0.1611275 secs]
   [Parallel Time: 158.4 ms, GC Workers: 8]
      [GC Worker Start (ms): Min: 92655.2, Avg: 92655.3, Max: 92655.4, Diff: 0.2]
      [Ext Root Scanning (ms): Min: 0.0, Avg: 0.1, Max: 0.2, Diff: 0.2, Sum: 0.7]
      [Update RS (ms): Min: 19.0, Avg: 19.1, Max: 19.2, Diff: 0.2, Sum: 153.0]
         [Processed Buffers: Min: 12, Avg: 14.8, Max: 17, Diff: 5, Sum: 118]
      [Scan RS (ms): Min: 13.1, Avg: 13.3, Max: 13.3, Diff: 0.2, Sum: 106.1]
      [Code Root Scanning (ms): Min: 0.0, Avg: 0.0, Max: 0.0, Diff: 0.0, Sum: 0.0]
      [Object Copy (ms): Min: 125.5, Avg: 125.5, Max: 125.6, Diff: 0.1, Sum: 1004.1]
      [Termination (ms): Min: 0.0, Avg: 0.1, Max: 0.2, Diff: 0.2, Sum: 1.0]
         [Termination Attempts: Min: 1, Avg: 557.5, Max: 722, Diff: 721, Sum: 4460]
      [GC Worker Other (ms): Min: 0.0, Avg: 0.0, Max: 0.1, Diff: 0.1, Sum: 0.4]
      [GC Worker Total (ms): Min: 158.1, Avg: 158.2, Max: 158.3, Diff: 0.2, Sum: 1265.5]
      [GC Worker End (ms): Min: 92813.5, Avg: 92813.5, Max: 92813.6, Diff: 0.1]
   [Code Root Fixup: 0.0 ms]
   [Code Root Purge: 0.0 ms]
   [Clear CT: 0.4 ms]
   [Other: 2.3 ms]
      [Choose CSet: 0.0 ms]
      [Ref Proc: 0.2 ms]
      [Ref Enq: 0.0 ms]
      [Redirty Cards: 0.4 ms]
      [Humongous Register: 0.0 ms]
      [Humongous Reclaim: 0.0 ms]
      [Free CSet: 1.4 ms]
   [Eden: 209.0M(209.0M)->0.0B(202.0M) Survivors: 11.0M->28.0M Heap: 266.2M(2048.0M)->257.2M(2048.0M)]
 [Times: user=1.25 sys=0.00, real=0.16 secs] 
2020-09-29T11:30:39.533+0200: 92.965: [GC pause (G1 Evacuation Pause) (young), 0.1766992 secs]
   [Parallel Time: 175.1 ms, GC Workers: 8]
      [GC Worker Start (ms): Min: 92965.6, Avg: 92965.8, Max: 92965.9, Diff: 0.2]
      [Ext Root Scanning (ms): Min: 0.0, Avg: 0.1, Max: 0.2, Diff: 0.2, Sum: 0.6]
      [Update RS (ms): Min: 21.9, Avg: 22.2, Max: 22.7, Diff: 0.8, Sum: 177.6]
         [Processed Buffers: Min: 15, Avg: 16.3, Max: 18, Diff: 3, Sum: 130]
      [Scan RS (ms): Min: 13.0, Avg: 13.6, Max: 13.9, Diff: 0.9, Sum: 108.5]
      [Code Root Scanning (ms): Min: 0.0, Avg: 0.0, Max: 0.0, Diff: 0.0, Sum: 0.0]
      [Object Copy (ms): Min: 138.9, Avg: 138.9, Max: 139.0, Diff: 0.1, Sum: 1111.6]
      [Termination (ms): Min: 0.0, Avg: 0.0, Max: 0.0, Diff: 0.0, Sum: 0.1]
         [Termination Attempts: Min: 1, Avg: 30.4, Max: 41, Diff: 40, Sum: 243]
      [GC Worker Other (ms): Min: 0.0, Avg: 0.1, Max: 0.1, Diff: 0.1, Sum: 0.4]
      [GC Worker Total (ms): Min: 174.7, Avg: 174.9, Max: 175.0, Diff: 0.3, Sum: 1398.9]
      [GC Worker End (ms): Min: 93140.6, Avg: 93140.6, Max: 93140.7, Diff: 0.1]
   [Code Root Fixup: 0.0 ms]
   [Code Root Purge: 0.0 ms]
   [Clear CT: 0.3 ms]
   [Other: 1.3 ms]
      [Choose CSet: 0.0 ms]
      [Ref Proc: 0.3 ms]
      [Ref Enq: 0.0 ms]
      [Redirty Cards: 0.5 ms]
      [Humongous Register: 0.0 ms]
      [Humongous Reclaim: 0.0 ms]
      [Free CSet: 0.2 ms]
   [Eden: 202.0M(202.0M)->0.0B(202.0M) Survivors: 28.0M->29.0M Heap: 491.7M(2048.0M)->494.2M(2048.0M)]
 [Times: user=1.48 sys=0.02, real=0.18 secs] 
2020-09-29T11:30:39.869+0200: 93.302: [GC pause (G1 Evacuation Pause) (young), 0.1728782 secs]
   [Parallel Time: 171.3 ms, GC Workers: 8]
      [GC Worker Start (ms): Min: 93302.1, Avg: 93302.2, Max: 93302.3, Diff: 0.2]
      [Ext Root Scanning (ms): Min: 0.0, Avg: 0.1, Max: 0.2, Diff: 0.2, Sum: 0.7]
      [Update RS (ms): Min: 19.1, Avg: 19.3, Max: 19.8, Diff: 0.7, Sum: 154.3]
         [Processed Buffers: Min: 13, Avg: 14.6, Max: 17, Diff: 4, Sum: 117]
      [Scan RS (ms): Min: 14.5, Avg: 14.9, Max: 15.2, Diff: 0.7, Sum: 119.6]
      [Code Root Scanning (ms): Min: 0.0, Avg: 0.0, Max: 0.0, Diff: 0.0, Sum: 0.0]
      [Object Copy (ms): Min: 136.4, Avg: 136.4, Max: 136.5, Diff: 0.2, Sum: 1091.5]
      [Termination (ms): Min: 0.0, Avg: 0.1, Max: 0.1, Diff: 0.1, Sum: 0.8]
         [Termination Attempts: Min: 1, Avg: 456.0, Max: 563, Diff: 562, Sum: 3648]
      [GC Worker Other (ms): Min: 0.0, Avg: 0.1, Max: 0.1, Diff: 0.1, Sum: 0.4]
      [GC Worker Total (ms): Min: 170.8, Avg: 170.9, Max: 171.1, Diff: 0.3, Sum: 1367.4]
      [GC Worker End (ms): Min: 93473.1, Avg: 93473.2, Max: 93473.2, Diff: 0.1]
   [Code Root Fixup: 0.0 ms]
   [Code Root Purge: 0.0 ms]
   [Clear CT: 0.4 ms]
   [Other: 1.2 ms]
      [Choose CSet: 0.0 ms]
      [Ref Proc: 0.3 ms]
      [Ref Enq: 0.0 ms]
      [Redirty Cards: 0.5 ms]
      [Humongous Register: 0.1 ms]
      [Humongous Reclaim: 0.0 ms]
      [Free CSet: 0.2 ms]
   [Eden: 202.0M(202.0M)->0.0B(204.0M) Survivors: 29.0M->29.0M Heap: 730.5M(2048.0M)->732.5M(2048.0M)]
 [Times: user=1.38 sys=0.00, real=0.18 secs] 
2020-09-29T11:30:40.251+0200: 93.683: [GC pause (G1 Evacuation Pause) (young), 0.2336048 secs]
   [Parallel Time: 231.4 ms, GC Workers: 8]
      [GC Worker Start (ms): Min: 93683.7, Avg: 93683.8, Max: 93683.9, Diff: 0.3]
      [Ext Root Scanning (ms): Min: 0.0, Avg: 0.1, Max: 0.3, Diff: 0.3, Sum: 0.9]
      [Update RS (ms): Min: 27.7, Avg: 28.0, Max: 28.8, Diff: 1.1, Sum: 223.8]
         [Processed Buffers: Min: 14, Avg: 16.4, Max: 19, Diff: 5, Sum: 131]
      [Scan RS (ms): Min: 18.6, Avg: 19.4, Max: 19.7, Diff: 1.1, Sum: 155.3]
      [Code Root Scanning (ms): Min: 0.0, Avg: 0.0, Max: 0.0, Diff: 0.0, Sum: 0.0]
      [Object Copy (ms): Min: 183.3, Avg: 183.4, Max: 183.5, Diff: 0.2, Sum: 1467.4]
      [Termination (ms): Min: 0.0, Avg: 0.1, Max: 0.1, Diff: 0.1, Sum: 0.4]
         [Termination Attempts: Min: 1, Avg: 172.1, Max: 217, Diff: 216, Sum: 1377]
      [GC Worker Other (ms): Min: 0.0, Avg: 0.0, Max: 0.1, Diff: 0.1, Sum: 0.4]
      [GC Worker Total (ms): Min: 230.9, Avg: 231.0, Max: 231.2, Diff: 0.3, Sum: 1848.1]
      [GC Worker End (ms): Min: 93914.8, Avg: 93914.8, Max: 93914.9, Diff: 0.1]
   [Code Root Fixup: 0.0 ms]
   [Code Root Purge: 0.0 ms]
   [Clear CT: 0.6 ms]
   [Other: 1.5 ms]
      [Choose CSet: 0.0 ms]
      [Ref Proc: 0.4 ms]
      [Ref Enq: 0.0 ms]
      [Redirty Cards: 0.7 ms]
      [Humongous Register: 0.1 ms]
      [Humongous Reclaim: 0.0 ms]
      [Free CSet: 0.2 ms]
   [Eden: 204.0M(204.0M)->0.0B(164.0M) Survivors: 29.0M->30.0M Heap: 970.8M(2048.0M)->973.3M(2048.0M)]
 [Times: user=1.88 sys=0.00, real=0.23 secs] 
2020-09-29T11:30:40.500+0200: 93.932: [GC pause (G1 Humongous Allocation) (young) (initial-mark), 0.0830586 secs]
   [Parallel Time: 81.5 ms, GC Workers: 8]
      [GC Worker Start (ms): Min: 93932.6, Avg: 93932.8, Max: 93933.0, Diff: 0.4]
      [Ext Root Scanning (ms): Min: 0.0, Avg: 1.0, Max: 3.0, Diff: 3.0, Sum: 7.9]
      [Update RS (ms): Min: 41.9, Avg: 44.0, Max: 45.0, Diff: 3.1, Sum: 352.3]
         [Processed Buffers: Min: 25, Avg: 27.1, Max: 28, Diff: 3, Sum: 217]
      [Scan RS (ms): Min: 3.4, Avg: 3.7, Max: 4.0, Diff: 0.6, Sum: 29.5]
      [Code Root Scanning (ms): Min: 0.0, Avg: 0.0, Max: 0.0, Diff: 0.0, Sum: 0.0]
      [Object Copy (ms): Min: 32.2, Avg: 32.4, Max: 32.5, Diff: 0.3, Sum: 259.2]
      [Termination (ms): Min: 0.0, Avg: 0.1, Max: 0.1, Diff: 0.1, Sum: 0.7]
         [Termination Attempts: Min: 1, Avg: 270.0, Max: 355, Diff: 354, Sum: 2160]
      [GC Worker Other (ms): Min: 0.0, Avg: 0.0, Max: 0.0, Diff: 0.0, Sum: 0.2]
      [GC Worker Total (ms): Min: 81.0, Avg: 81.2, Max: 81.4, Diff: 0.4, Sum: 649.7]
      [GC Worker End (ms): Min: 94014.0, Avg: 94014.0, Max: 94014.0, Diff: 0.0]
   [Code Root Fixup: 0.0 ms]
   [Code Root Purge: 0.0 ms]
   [Clear CT: 0.3 ms]
   [Other: 1.3 ms]
      [Choose CSet: 0.0 ms]
      [Ref Proc: 0.4 ms]
      [Ref Enq: 0.0 ms]
      [Redirty Cards: 0.3 ms]
      [Humongous Register: 0.1 ms]
      [Humongous Reclaim: 0.0 ms]
      [Free CSet: 0.1 ms]
   [Eden: 8192.0K(164.0M)->0.0B(171.0M) Survivors: 30.0M->9216.0K Heap: 980.8M(2048.0M)->984.8M(2048.0M)]
 [Times: user=0.63 sys=0.02, real=0.08 secs] 
2020-09-29T11:30:40.584+0200: 94.016: [GC concurrent-root-region-scan-start]
2020-09-29T11:30:40.588+0200: 94.020: [GC concurrent-root-region-scan-end, 0.0041429 secs]
2020-09-29T11:30:40.588+0200: 94.020: [GC concurrent-mark-start]
2020-09-29T11:30:40.593+0200: 94.025: [GC concurrent-mark-end, 0.0049741 secs]
2020-09-29T11:30:40.593+0200: 94.025: [GC remark 2020-09-29T11:30:40.593+0200: 94.025: [Finalize Marking, 0.0002644 secs] 2020-09-29T11:30:40.593+0200: 94.025: [GC ref-proc, 0.0005467 secs] 2020-09-29T11:30:40.594+0200: 94.026: [Unloading, 0.0006711 secs], 0.0020750 secs]
 [Times: user=0.00 sys=0.00, real=0.00 secs] 
2020-09-29T11:30:40.596+0200: 94.028: [GC cleanup 995M->29M(2048M), 0.0022991 secs]
 [Times: user=0.00 sys=0.00, real=0.00 secs] 
2020-09-29T11:30:40.598+0200: 94.031: [GC concurrent-cleanup-start]
2020-09-29T11:30:40.600+0200: 94.032: [GC concurrent-cleanup-end, 0.0019848 secs]
2020-09-29T11:30:40.756+0200: 94.188: [GC pause (G1 Evacuation Pause) (young), 0.1659218 secs]
   [Parallel Time: 164.0 ms, GC Workers: 8]
      [GC Worker Start (ms): Min: 94188.5, Avg: 94188.7, Max: 94188.8, Diff: 0.3]
      [Ext Root Scanning (ms): Min: 0.0, Avg: 0.1, Max: 0.3, Diff: 0.3, Sum: 0.8]
      [Update RS (ms): Min: 20.4, Avg: 20.9, Max: 21.5, Diff: 1.1, Sum: 167.0]
         [Processed Buffers: Min: 11, Avg: 11.9, Max: 13, Diff: 2, Sum: 95]
      [Scan RS (ms): Min: 12.4, Avg: 13.0, Max: 13.4, Diff: 1.0, Sum: 104.0]
      [Code Root Scanning (ms): Min: 0.0, Avg: 0.0, Max: 0.0, Diff: 0.0, Sum: 0.0]
      [Object Copy (ms): Min: 129.5, Avg: 129.6, Max: 129.7, Diff: 0.2, Sum: 1036.9]
      [Termination (ms): Min: 0.0, Avg: 0.0, Max: 0.0, Diff: 0.0, Sum: 0.1]
         [Termination Attempts: Min: 1, Avg: 34.0, Max: 48, Diff: 47, Sum: 272]
      [GC Worker Other (ms): Min: 0.0, Avg: 0.1, Max: 0.1, Diff: 0.1, Sum: 0.4]
      [GC Worker Total (ms): Min: 163.5, Avg: 163.7, Max: 163.8, Diff: 0.3, Sum: 1309.3]
      [GC Worker End (ms): Min: 94352.3, Avg: 94352.3, Max: 94352.4, Diff: 0.1]
   [Code Root Fixup: 0.0 ms]
   [Code Root Purge: 0.0 ms]
   [Clear CT: 0.5 ms]
   [Other: 1.4 ms]
      [Choose CSet: 0.0 ms]
      [Ref Proc: 0.3 ms]
      [Ref Enq: 0.0 ms]
      [Redirty Cards: 0.5 ms]
      [Humongous Register: 0.0 ms]
      [Humongous Reclaim: 0.0 ms]
      [Free CSet: 0.2 ms]
   [Eden: 171.0M(171.0M)->0.0B(160.0M) Survivors: 9216.0K->23.0M Heap: 218.6M(2048.0M)->211.1M(2048.0M)]
 [Times: user=1.17 sys=0.00, real=0.17 secs] 
2020-09-29T11:30:41.082+0200: 94.514: [GC pause (G1 Evacuation Pause) (young), 0.1825891 secs]
   [Parallel Time: 180.6 ms, GC Workers: 8]
      [GC Worker Start (ms): Min: 94514.6, Avg: 94514.8, Max: 94514.9, Diff: 0.3]
      [Ext Root Scanning (ms): Min: 0.0, Avg: 0.1, Max: 0.3, Diff: 0.3, Sum: 0.8]
      [Update RS (ms): Min: 17.8, Avg: 18.4, Max: 19.3, Diff: 1.5, Sum: 147.1]
         [Processed Buffers: Min: 10, Avg: 10.6, Max: 11, Diff: 1, Sum: 85]
      [Scan RS (ms): Min: 15.7, Avg: 16.6, Max: 17.2, Diff: 1.5, Sum: 132.5]
      [Code Root Scanning (ms): Min: 0.0, Avg: 0.0, Max: 0.0, Diff: 0.0, Sum: 0.0]
      [Object Copy (ms): Min: 145.0, Avg: 145.0, Max: 145.1, Diff: 0.1, Sum: 1160.3]
      [Termination (ms): Min: 0.0, Avg: 0.1, Max: 0.1, Diff: 0.1, Sum: 0.6]
         [Termination Attempts: Min: 1, Avg: 238.5, Max: 307, Diff: 306, Sum: 1908]
      [GC Worker Other (ms): Min: 0.0, Avg: 0.0, Max: 0.1, Diff: 0.1, Sum: 0.4]
      [GC Worker Total (ms): Min: 180.1, Avg: 180.2, Max: 180.4, Diff: 0.3, Sum: 1441.8]
      [GC Worker End (ms): Min: 94695.0, Avg: 94695.0, Max: 94695.0, Diff: 0.1]
   [Code Root Fixup: 0.0 ms]
   [Code Root Purge: 0.0 ms]
   [Clear CT: 0.4 ms]
   [Other: 1.6 ms]
      [Choose CSet: 0.0 ms]
      [Ref Proc: 0.3 ms]
      [Ref Enq: 0.0 ms]
      [Redirty Cards: 0.6 ms]
      [Humongous Register: 0.1 ms]
      [Humongous Reclaim: 0.0 ms]
      [Free CSet: 0.3 ms]
   [Eden: 160.0M(160.0M)->0.0B(154.0M) Survivors: 23.0M->23.0M Heap: 397.8M(2048.0M)->399.8M(2048.0M)]
 [Times: user=1.39 sys=0.00, real=0.18 secs] 
2020-09-29T11:30:41.425+0200: 94.857: [GC pause (G1 Evacuation Pause) (young), 0.1676487 secs]
   [Parallel Time: 166.0 ms, GC Workers: 8]
      [GC Worker Start (ms): Min: 94857.4, Avg: 94857.5, Max: 94857.6, Diff: 0.2]
      [Ext Root Scanning (ms): Min: 0.0, Avg: 0.1, Max: 0.2, Diff: 0.2, Sum: 1.1]
      [Update RS (ms): Min: 19.7, Avg: 20.0, Max: 20.6, Diff: 0.9, Sum: 160.4]
         [Processed Buffers: Min: 12, Avg: 12.8, Max: 14, Diff: 2, Sum: 102]
      [Scan RS (ms): Min: 13.2, Avg: 13.7, Max: 14.0, Diff: 0.9, Sum: 109.4]
      [Code Root Scanning (ms): Min: 0.0, Avg: 0.0, Max: 0.0, Diff: 0.0, Sum: 0.0]
      [Object Copy (ms): Min: 131.6, Avg: 131.7, Max: 131.8, Diff: 0.1, Sum: 1053.8]
      [Termination (ms): Min: 0.0, Avg: 0.0, Max: 0.0, Diff: 0.0, Sum: 0.1]
         [Termination Attempts: Min: 1, Avg: 41.1, Max: 56, Diff: 55, Sum: 329]
      [GC Worker Other (ms): Min: 0.0, Avg: 0.0, Max: 0.1, Diff: 0.1, Sum: 0.4]
      [GC Worker Total (ms): Min: 165.6, Avg: 165.6, Max: 165.7, Diff: 0.1, Sum: 1325.1]
      [GC Worker End (ms): Min: 95023.2, Avg: 95023.2, Max: 95023.2, Diff: 0.1]
   [Code Root Fixup: 0.0 ms]
   [Code Root Purge: 0.0 ms]
   [Clear CT: 0.3 ms]
   [Other: 1.3 ms]
      [Choose CSet: 0.0 ms]
      [Ref Proc: 0.3 ms]
      [Ref Enq: 0.0 ms]
      [Redirty Cards: 0.3 ms]
      [Humongous Register: 0.1 ms]
      [Humongous Reclaim: 0.0 ms]
      [Free CSet: 0.3 ms]
   [Eden: 154.0M(154.0M)->0.0B(158.0M) Survivors: 23.0M->23.0M Heap: 580.5M(2048.0M)->582.0M(2048.0M)]
 [Times: user=1.38 sys=0.00, real=0.17 secs] 
2020-09-29T11:30:41.754+0200: 95.187: [GC pause (G1 Evacuation Pause) (young), 0.1723933 secs]
   [Parallel Time: 170.7 ms, GC Workers: 8]
      [GC Worker Start (ms): Min: 95187.2, Avg: 95187.4, Max: 95187.5, Diff: 0.3]
      [Ext Root Scanning (ms): Min: 0.0, Avg: 0.1, Max: 0.3, Diff: 0.3, Sum: 0.8]
      [Update RS (ms): Min: 18.0, Avg: 18.1, Max: 18.4, Diff: 0.3, Sum: 145.1]
         [Processed Buffers: Min: 10, Avg: 11.8, Max: 14, Diff: 4, Sum: 94]
      [Scan RS (ms): Min: 15.2, Avg: 15.3, Max: 15.5, Diff: 0.3, Sum: 122.8]
      [Code Root Scanning (ms): Min: 0.0, Avg: 0.0, Max: 0.0, Diff: 0.0, Sum: 0.0]
      [Object Copy (ms): Min: 136.5, Avg: 136.6, Max: 136.7, Diff: 0.2, Sum: 1093.2]
      [Termination (ms): Min: 0.0, Avg: 0.0, Max: 0.1, Diff: 0.1, Sum: 0.3]
         [Termination Attempts: Min: 1, Avg: 126.9, Max: 173, Diff: 172, Sum: 1015]
      [GC Worker Other (ms): Min: 0.0, Avg: 0.0, Max: 0.1, Diff: 0.1, Sum: 0.3]
      [GC Worker Total (ms): Min: 170.2, Avg: 170.3, Max: 170.5, Diff: 0.3, Sum: 1362.5]
      [GC Worker End (ms): Min: 95357.7, Avg: 95357.7, Max: 95357.8, Diff: 0.1]
   [Code Root Fixup: 0.0 ms]
   [Code Root Purge: 0.0 ms]
   [Clear CT: 0.3 ms]
   [Other: 1.3 ms]
      [Choose CSet: 0.0 ms]
      [Ref Proc: 0.3 ms]
      [Ref Enq: 0.0 ms]
      [Redirty Cards: 0.4 ms]
      [Humongous Register: 0.1 ms]
      [Humongous Reclaim: 0.0 ms]
      [Free CSet: 0.2 ms]
   [Eden: 158.0M(158.0M)->0.0B(160.0M) Survivors: 23.0M->23.0M Heap: 766.7M(2048.0M)->768.2M(2048.0M)]
 [Times: user=1.25 sys=0.02, real=0.17 secs] 
2020-09-29T11:30:42.088+0200: 95.521: [GC pause (G1 Evacuation Pause) (young), 0.1808378 secs]
   [Parallel Time: 179.0 ms, GC Workers: 8]
      [GC Worker Start (ms): Min: 95521.0, Avg: 95521.1, Max: 95521.2, Diff: 0.2]
      [Ext Root Scanning (ms): Min: 0.0, Avg: 0.1, Max: 0.3, Diff: 0.2, Sum: 1.0]
      [Update RS (ms): Min: 21.6, Avg: 21.7, Max: 22.0, Diff: 0.4, Sum: 173.4]
         [Processed Buffers: Min: 12, Avg: 13.6, Max: 16, Diff: 4, Sum: 109]
      [Scan RS (ms): Min: 14.4, Avg: 14.8, Max: 15.0, Diff: 0.6, Sum: 118.4]
      [Code Root Scanning (ms): Min: 0.0, Avg: 0.0, Max: 0.0, Diff: 0.0, Sum: 0.0]
      [Object Copy (ms): Min: 141.8, Avg: 141.9, Max: 142.0, Diff: 0.2, Sum: 1135.5]
      [Termination (ms): Min: 0.0, Avg: 0.0, Max: 0.1, Diff: 0.1, Sum: 0.4]
         [Termination Attempts: Min: 1, Avg: 156.5, Max: 211, Diff: 210, Sum: 1252]
      [GC Worker Other (ms): Min: 0.0, Avg: 0.0, Max: 0.1, Diff: 0.0, Sum: 0.3]
      [GC Worker Total (ms): Min: 178.5, Avg: 178.6, Max: 178.8, Diff: 0.3, Sum: 1428.9]
      [GC Worker End (ms): Min: 95699.7, Avg: 95699.7, Max: 95699.8, Diff: 0.0]
   [Code Root Fixup: 0.0 ms]
   [Code Root Purge: 0.0 ms]
   [Clear CT: 0.5 ms]
   [Other: 1.3 ms]
      [Choose CSet: 0.0 ms]
      [Ref Proc: 0.4 ms]
      [Ref Enq: 0.0 ms]
      [Redirty Cards: 0.5 ms]
      [Humongous Register: 0.1 ms]
      [Humongous Reclaim: 0.0 ms]
      [Free CSet: 0.2 ms]
   [Eden: 160.0M(160.0M)->0.0B(160.0M) Survivors: 23.0M->23.0M Heap: 954.9M(2048.0M)->956.9M(2048.0M)]
 [Times: user=1.34 sys=0.00, real=0.18 secs] 
2020-09-29T11:30:42.292+0200: 95.725: [GC pause (G1 Humongous Allocation) (young) (initial-mark), 0.0620541 secs]
   [Parallel Time: 57.9 ms, GC Workers: 8]
      [GC Worker Start (ms): Min: 95725.3, Avg: 95725.4, Max: 95725.5, Diff: 0.3]
      [Ext Root Scanning (ms): Min: 0.0, Avg: 0.5, Max: 1.7, Diff: 1.7, Sum: 3.9]
      [Update RS (ms): Min: 26.1, Avg: 27.4, Max: 28.4, Diff: 2.3, Sum: 219.1]
         [Processed Buffers: Min: 15, Avg: 15.8, Max: 18, Diff: 3, Sum: 126]
      [Scan RS (ms): Min: 2.0, Avg: 2.7, Max: 3.1, Diff: 1.2, Sum: 21.7]
      [Code Root Scanning (ms): Min: 0.0, Avg: 0.0, Max: 0.0, Diff: 0.0, Sum: 0.0]
      [Object Copy (ms): Min: 26.8, Avg: 26.9, Max: 27.0, Diff: 0.2, Sum: 215.4]
      [Termination (ms): Min: 0.0, Avg: 0.1, Max: 0.1, Diff: 0.1, Sum: 0.8]
         [Termination Attempts: Min: 1, Avg: 107.9, Max: 159, Diff: 158, Sum: 863]
      [GC Worker Other (ms): Min: 0.0, Avg: 0.0, Max: 0.0, Diff: 0.0, Sum: 0.1]
      [GC Worker Total (ms): Min: 57.5, Avg: 57.6, Max: 57.7, Diff: 0.3, Sum: 461.0]
      [GC Worker End (ms): Min: 95783.0, Avg: 95783.0, Max: 95783.0, Diff: 0.0]
   [Code Root Fixup: 0.0 ms]
   [Code Root Purge: 0.0 ms]
   [Clear CT: 1.2 ms]
   [Other: 3.0 ms]
      [Choose CSet: 0.0 ms]
      [Ref Proc: 0.2 ms]
      [Ref Enq: 0.0 ms]
      [Redirty Cards: 2.2 ms]
      [Humongous Register: 0.1 ms]
      [Humongous Reclaim: 0.0 ms]
      [Free CSet: 0.1 ms]
   [Eden: 10.0M(160.0M)->0.0B(175.0M) Survivors: 23.0M->12.0M Heap: 966.9M(2048.0M)->969.9M(2048.0M)]
 [Times: user=0.48 sys=0.00, real=0.06 secs] 
2020-09-29T11:30:42.355+0200: 95.787: [GC concurrent-root-region-scan-start]
2020-09-29T11:30:42.359+0200: 95.792: [GC concurrent-root-region-scan-end, 0.0046159 secs]
2020-09-29T11:30:42.359+0200: 95.792: [GC concurrent-mark-start]
2020-09-29T11:30:42.364+0200: 95.796: [GC concurrent-mark-end, 0.0041618 secs]
2020-09-29T11:30:42.364+0200: 95.796: [GC remark 2020-09-29T11:30:42.364+0200: 95.796: [Finalize Marking, 0.0002366 secs] 2020-09-29T11:30:42.364+0200: 95.797: [GC ref-proc, 0.0007033 secs] 2020-09-29T11:30:42.365+0200: 95.797: [Unloading, 0.0009526 secs], 0.0024387 secs]
 [Times: user=0.00 sys=0.00, real=0.00 secs] 
2020-09-29T11:30:42.367+0200: 95.799: [GC cleanup 980M->32M(2048M), 0.0023514 secs]
 [Times: user=0.00 sys=0.00, real=0.00 secs] 
2020-09-29T11:30:42.369+0200: 95.802: [GC concurrent-cleanup-start]
2020-09-29T11:30:42.371+0200: 95.804: [GC concurrent-cleanup-end, 0.0016744 secs]
2020-09-29T11:30:42.529+0200: 95.961: [GC pause (G1 Evacuation Pause) (young), 0.1854696 secs]
   [Parallel Time: 183.8 ms, GC Workers: 8]
      [GC Worker Start (ms): Min: 95961.4, Avg: 95961.6, Max: 95961.7, Diff: 0.3]
      [Ext Root Scanning (ms): Min: 0.0, Avg: 0.1, Max: 0.3, Diff: 0.3, Sum: 0.8]
      [Update RS (ms): Min: 16.7, Avg: 16.9, Max: 17.3, Diff: 0.6, Sum: 135.4]
         [Processed Buffers: Min: 9, Avg: 10.5, Max: 13, Diff: 4, Sum: 84]
      [Scan RS (ms): Min: 15.9, Avg: 16.3, Max: 16.5, Diff: 0.6, Sum: 130.3]
      [Code Root Scanning (ms): Min: 0.0, Avg: 0.0, Max: 0.0, Diff: 0.0, Sum: 0.0]
      [Object Copy (ms): Min: 149.6, Avg: 149.7, Max: 150.0, Diff: 0.4, Sum: 1197.7]
      [Termination (ms): Min: 0.0, Avg: 0.2, Max: 0.3, Diff: 0.3, Sum: 2.0]
         [Termination Attempts: Min: 1, Avg: 915.8, Max: 1148, Diff: 1147, Sum: 7326]
      [GC Worker Other (ms): Min: 0.0, Avg: 0.1, Max: 0.1, Diff: 0.1, Sum: 0.6]
      [GC Worker Total (ms): Min: 183.2, Avg: 183.4, Max: 183.5, Diff: 0.3, Sum: 1466.8]
      [GC Worker End (ms): Min: 96144.9, Avg: 96144.9, Max: 96145.0, Diff: 0.1]
   [Code Root Fixup: 0.0 ms]
   [Code Root Purge: 0.0 ms]
   [Clear CT: 0.3 ms]
   [Other: 1.4 ms]
      [Choose CSet: 0.0 ms]
      [Ref Proc: 0.3 ms]
      [Ref Enq: 0.0 ms]
      [Redirty Cards: 0.4 ms]
      [Humongous Register: 0.1 ms]
      [Humongous Reclaim: 0.0 ms]
      [Free CSet: 0.2 ms]
   [Eden: 175.0M(175.0M)->0.0B(157.0M) Survivors: 12.0M->24.0M Heap: 227.0M(2048.0M)->217.5M(2048.0M)]
 [Times: user=1.48 sys=0.00, real=0.18 secs] 
2020-09-29T11:30:42.880+0200: 96.312: [GC pause (G1 Evacuation Pause) (young), 0.1975998 secs]
   [Parallel Time: 195.7 ms, GC Workers: 8]
      [GC Worker Start (ms): Min: 96312.4, Avg: 96312.6, Max: 96312.7, Diff: 0.3]
      [Ext Root Scanning (ms): Min: 0.0, Avg: 0.1, Max: 0.3, Diff: 0.3, Sum: 0.8]
      [Update RS (ms): Min: 20.0, Avg: 20.2, Max: 20.6, Diff: 0.6, Sum: 161.9]
         [Processed Buffers: Min: 12, Avg: 13.8, Max: 16, Diff: 4, Sum: 110]
      [Scan RS (ms): Min: 14.1, Avg: 18.0, Max: 43.3, Diff: 29.2, Sum: 143.6]
      [Code Root Scanning (ms): Min: 0.0, Avg: 0.0, Max: 0.0, Diff: 0.0, Sum: 0.0]
      [Object Copy (ms): Min: 131.6, Avg: 156.7, Max: 160.5, Diff: 28.9, Sum: 1253.9]
      [Termination (ms): Min: 0.0, Avg: 0.2, Max: 0.2, Diff: 0.2, Sum: 1.4]
         [Termination Attempts: Min: 1, Avg: 527.5, Max: 651, Diff: 650, Sum: 4220]
      [GC Worker Other (ms): Min: 0.0, Avg: 0.1, Max: 0.1, Diff: 0.1, Sum: 0.5]
      [GC Worker Total (ms): Min: 195.1, Avg: 195.3, Max: 195.4, Diff: 0.3, Sum: 1562.1]
      [GC Worker End (ms): Min: 96507.8, Avg: 96507.8, Max: 96507.9, Diff: 0.1]
   [Code Root Fixup: 0.0 ms]
   [Code Root Purge: 0.0 ms]
   [Clear CT: 0.3 ms]
   [Other: 1.5 ms]
      [Choose CSet: 0.0 ms]
      [Ref Proc: 0.4 ms]
      [Ref Enq: 0.0 ms]
      [Redirty Cards: 0.4 ms]
      [Humongous Register: 0.1 ms]
      [Humongous Reclaim: 0.0 ms]
      [Free CSet: 0.3 ms]
   [Eden: 157.0M(157.0M)->0.0B(147.0M) Survivors: 24.0M->23.0M Heap: 401.2M(2048.0M)->403.2M(2048.0M)]
 [Times: user=1.44 sys=0.01, real=0.20 secs] 
2020-09-29T11:30:43.227+0200: 96.660: [GC pause (G1 Evacuation Pause) (young), 0.1683292 secs]
   [Parallel Time: 166.4 ms, GC Workers: 8]
      [GC Worker Start (ms): Min: 96659.9, Avg: 96660.4, Max: 96660.9, Diff: 1.0]
      [Ext Root Scanning (ms): Min: 0.0, Avg: 0.1, Max: 0.3, Diff: 0.3, Sum: 0.8]
      [Update RS (ms): Min: 16.8, Avg: 17.5, Max: 18.9, Diff: 2.2, Sum: 140.1]
         [Processed Buffers: Min: 9, Avg: 10.1, Max: 11, Diff: 2, Sum: 81]
      [Scan RS (ms): Min: 13.4, Avg: 14.5, Max: 15.3, Diff: 1.9, Sum: 115.9]
      [Code Root Scanning (ms): Min: 0.0, Avg: 0.0, Max: 0.0, Diff: 0.0, Sum: 0.0]
      [Object Copy (ms): Min: 133.2, Avg: 133.6, Max: 133.7, Diff: 0.5, Sum: 1068.8]
      [Termination (ms): Min: 0.0, Avg: 0.0, Max: 0.1, Diff: 0.1, Sum: 0.4]
         [Termination Attempts: Min: 1, Avg: 155.4, Max: 200, Diff: 199, Sum: 1243]
      [GC Worker Other (ms): Min: 0.0, Avg: 0.1, Max: 0.1, Diff: 0.1, Sum: 0.4]
      [GC Worker Total (ms): Min: 165.3, Avg: 165.8, Max: 166.3, Diff: 1.0, Sum: 1326.4]
      [GC Worker End (ms): Min: 96826.1, Avg: 96826.2, Max: 96826.2, Diff: 0.1]
   [Code Root Fixup: 0.0 ms]
   [Code Root Purge: 0.0 ms]
   [Clear CT: 0.3 ms]
   [Other: 1.5 ms]
      [Choose CSet: 0.0 ms]
      [Ref Proc: 0.3 ms]
      [Ref Enq: 0.0 ms]
      [Redirty Cards: 0.7 ms]
      [Humongous Register: 0.1 ms]
      [Humongous Reclaim: 0.0 ms]
      [Free CSet: 0.2 ms]
   [Eden: 147.0M(147.0M)->0.0B(151.0M) Survivors: 23.0M->22.0M Heap: 573.1M(2048.0M)->574.6M(2048.0M)]
 [Times: user=1.25 sys=0.00, real=0.17 secs] 
2020-09-29T11:30:43.547+0200: 96.979: [GC pause (G1 Evacuation Pause) (young), 0.1656953 secs]
   [Parallel Time: 164.0 ms, GC Workers: 8]
      [GC Worker Start (ms): Min: 96979.3, Avg: 96979.5, Max: 96979.6, Diff: 0.3]
      [Ext Root Scanning (ms): Min: 0.0, Avg: 0.1, Max: 0.3, Diff: 0.2, Sum: 0.9]
      [Update RS (ms): Min: 17.8, Avg: 17.9, Max: 18.4, Diff: 0.6, Sum: 143.6]
         [Processed Buffers: Min: 10, Avg: 11.5, Max: 14, Diff: 4, Sum: 92]
      [Scan RS (ms): Min: 14.9, Avg: 15.4, Max: 15.7, Diff: 0.7, Sum: 123.5]
      [Code Root Scanning (ms): Min: 0.0, Avg: 0.0, Max: 0.0, Diff: 0.0, Sum: 0.0]
      [Object Copy (ms): Min: 130.0, Avg: 130.1, Max: 130.2, Diff: 0.1, Sum: 1040.9]
      [Termination (ms): Min: 0.0, Avg: 0.0, Max: 0.0, Diff: 0.0, Sum: 0.0]
         [Termination Attempts: Min: 1, Avg: 9.5, Max: 16, Diff: 15, Sum: 76]
      [GC Worker Other (ms): Min: 0.0, Avg: 0.1, Max: 0.1, Diff: 0.1, Sum: 0.5]
      [GC Worker Total (ms): Min: 163.5, Avg: 163.7, Max: 163.9, Diff: 0.3, Sum: 1309.4]
      [GC Worker End (ms): Min: 97143.1, Avg: 97143.1, Max: 97143.2, Diff: 0.1]
   [Code Root Fixup: 0.0 ms]
   [Code Root Purge: 0.0 ms]
   [Clear CT: 0.3 ms]
   [Other: 1.4 ms]
      [Choose CSet: 0.0 ms]
      [Ref Proc: 0.4 ms]
      [Ref Enq: 0.0 ms]
      [Redirty Cards: 0.4 ms]
      [Humongous Register: 0.1 ms]
      [Humongous Reclaim: 0.0 ms]
      [Free CSet: 0.2 ms]
   [Eden: 151.0M(151.0M)->0.0B(156.0M) Survivors: 22.0M->22.0M Heap: 752.3M(2048.0M)->754.3M(2048.0M)]
 [Times: user=1.38 sys=0.00, real=0.17 secs] 
2020-09-29T11:30:43.868+0200: 97.301: [GC pause (G1 Evacuation Pause) (young), 0.1666150 secs]
   [Parallel Time: 164.9 ms, GC Workers: 8]
      [GC Worker Start (ms): Min: 97301.0, Avg: 97301.2, Max: 97301.3, Diff: 0.3]
      [Ext Root Scanning (ms): Min: 0.0, Avg: 0.1, Max: 0.3, Diff: 0.3, Sum: 0.9]
      [Update RS (ms): Min: 17.2, Avg: 17.7, Max: 18.6, Diff: 1.4, Sum: 141.4]
         [Processed Buffers: Min: 10, Avg: 10.6, Max: 12, Diff: 2, Sum: 85]
      [Scan RS (ms): Min: 14.1, Avg: 15.1, Max: 15.7, Diff: 1.5, Sum: 121.0]
      [Code Root Scanning (ms): Min: 0.0, Avg: 0.0, Max: 0.0, Diff: 0.0, Sum: 0.0]
      [Object Copy (ms): Min: 131.5, Avg: 131.6, Max: 131.7, Diff: 0.2, Sum: 1052.8]
      [Termination (ms): Min: 0.0, Avg: 0.1, Max: 0.1, Diff: 0.1, Sum: 0.7]
         [Termination Attempts: Min: 1, Avg: 19.5, Max: 36, Diff: 35, Sum: 156]
      [GC Worker Other (ms): Min: 0.0, Avg: 0.0, Max: 0.1, Diff: 0.0, Sum: 0.2]
      [GC Worker Total (ms): Min: 164.5, Avg: 164.6, Max: 164.8, Diff: 0.3, Sum: 1316.9]
      [GC Worker End (ms): Min: 97465.8, Avg: 97465.8, Max: 97465.8, Diff: 0.1]
   [Code Root Fixup: 0.0 ms]
   [Code Root Purge: 0.0 ms]
   [Clear CT: 0.6 ms]
   [Other: 1.1 ms]
      [Choose CSet: 0.0 ms]
      [Ref Proc: 0.3 ms]
      [Ref Enq: 0.0 ms]
      [Redirty Cards: 0.4 ms]
      [Humongous Register: 0.1 ms]
      [Humongous Reclaim: 0.0 ms]
      [Free CSet: 0.2 ms]
   [Eden: 156.0M(156.0M)->0.0B(160.0M) Survivors: 22.0M->23.0M Heap: 935.1M(2048.0M)->937.1M(2048.0M)]
 [Times: user=1.26 sys=0.00, real=0.17 secs] 
2020-09-29T11:30:44.042+0200: 97.475: [GC pause (G1 Humongous Allocation) (young) (initial-mark), 0.0713090 secs]
   [Parallel Time: 70.1 ms, GC Workers: 8]
      [GC Worker Start (ms): Min: 97474.9, Avg: 97475.1, Max: 97475.2, Diff: 0.3]
      [Ext Root Scanning (ms): Min: 0.0, Avg: 0.2, Max: 0.3, Diff: 0.3, Sum: 1.7]
      [Update RS (ms): Min: 40.1, Avg: 40.8, Max: 41.7, Diff: 1.5, Sum: 326.3]
         [Processed Buffers: Min: 23, Avg: 25.0, Max: 26, Diff: 3, Sum: 200]
      [Scan RS (ms): Min: 1.6, Avg: 2.5, Max: 3.1, Diff: 1.4, Sum: 20.3]
      [Code Root Scanning (ms): Min: 0.0, Avg: 0.0, Max: 0.0, Diff: 0.0, Sum: 0.0]
      [Object Copy (ms): Min: 26.1, Avg: 26.1, Max: 26.2, Diff: 0.1, Sum: 209.2]
      [Termination (ms): Min: 0.0, Avg: 0.0, Max: 0.1, Diff: 0.1, Sum: 0.4]
         [Termination Attempts: Min: 1, Avg: 142.5, Max: 181, Diff: 180, Sum: 1140]
      [GC Worker Other (ms): Min: 0.0, Avg: 0.0, Max: 0.1, Diff: 0.0, Sum: 0.2]
      [GC Worker Total (ms): Min: 69.6, Avg: 69.8, Max: 69.9, Diff: 0.3, Sum: 558.1]
      [GC Worker End (ms): Min: 97544.8, Avg: 97544.8, Max: 97544.8, Diff: 0.0]
   [Code Root Fixup: 0.0 ms]
   [Code Root Purge: 0.0 ms]
   [Clear CT: 0.3 ms]
   [Other: 0.8 ms]
      [Choose CSet: 0.0 ms]
      [Ref Proc: 0.2 ms]
      [Ref Enq: 0.0 ms]
      [Redirty Cards: 0.3 ms]
      [Humongous Register: 0.0 ms]
      [Humongous Reclaim: 0.0 ms]
      [Free CSet: 0.1 ms]
   [Eden: 4096.0K(160.0M)->0.0B(165.0M) Survivors: 23.0M->6144.0K Heap: 941.1M(2048.0M)->944.6M(2048.0M)]
 [Times: user=0.50 sys=0.00, real=0.07 secs] 
2020-09-29T11:30:44.113+0200: 97.546: [GC concurrent-root-region-scan-start]
2020-09-29T11:30:44.115+0200: 97.548: [GC concurrent-root-region-scan-end, 0.0017332 secs]
2020-09-29T11:30:44.115+0200: 97.548: [GC concurrent-mark-start]
2020-09-29T11:30:44.119+0200: 97.552: [GC concurrent-mark-end, 0.0038006 secs]
2020-09-29T11:30:44.119+0200: 97.552: [GC remark 2020-09-29T11:30:44.119+0200: 97.552: [Finalize Marking, 0.0002422 secs] 2020-09-29T11:30:44.119+0200: 97.552: [GC ref-proc, 0.0005271 secs] 2020-09-29T11:30:44.120+0200: 97.553: [Unloading, 0.0006542 secs], 0.0018492 secs]
 [Times: user=0.00 sys=0.00, real=0.00 secs] 
2020-09-29T11:30:44.122+0200: 97.554: [GC cleanup 952M->23M(2048M), 0.0017246 secs]
 [Times: user=0.00 sys=0.00, real=0.00 secs] 
2020-09-29T11:30:44.123+0200: 97.556: [GC concurrent-cleanup-start]
2020-09-29T11:30:44.125+0200: 97.558: [GC concurrent-cleanup-end, 0.0019238 secs]
2020-09-29T11:30:44.278+0200: 97.711: [GC pause (G1 Evacuation Pause) (young), 0.1625704 secs]
   [Parallel Time: 160.8 ms, GC Workers: 8]
      [GC Worker Start (ms): Min: 97710.8, Avg: 97710.9, Max: 97711.0, Diff: 0.3]
      [Ext Root Scanning (ms): Min: 0.0, Avg: 0.1, Max: 0.3, Diff: 0.3, Sum: 0.9]
      [Update RS (ms): Min: 17.3, Avg: 17.7, Max: 18.6, Diff: 1.3, Sum: 141.8]
         [Processed Buffers: Min: 11, Avg: 11.5, Max: 12, Diff: 1, Sum: 92]
      [Scan RS (ms): Min: 11.8, Avg: 12.7, Max: 13.1, Diff: 1.3, Sum: 101.8]
      [Code Root Scanning (ms): Min: 0.0, Avg: 0.0, Max: 0.0, Diff: 0.0, Sum: 0.0]
      [Object Copy (ms): Min: 129.6, Avg: 129.7, Max: 129.8, Diff: 0.2, Sum: 1037.7]
      [Termination (ms): Min: 0.0, Avg: 0.1, Max: 0.1, Diff: 0.1, Sum: 0.4]
         [Termination Attempts: Min: 1, Avg: 197.6, Max: 251, Diff: 250, Sum: 1581]
      [GC Worker Other (ms): Min: 0.0, Avg: 0.1, Max: 0.1, Diff: 0.1, Sum: 0.6]
      [GC Worker Total (ms): Min: 160.3, Avg: 160.4, Max: 160.6, Diff: 0.3, Sum: 1283.2]
      [GC Worker End (ms): Min: 97871.3, Avg: 97871.3, Max: 97871.4, Diff: 0.1]
   [Code Root Fixup: 0.0 ms]
   [Code Root Purge: 0.0 ms]
   [Clear CT: 0.4 ms]
   [Other: 1.3 ms]
      [Choose CSet: 0.0 ms]
      [Ref Proc: 0.3 ms]
      [Ref Enq: 0.0 ms]
      [Redirty Cards: 0.5 ms]
      [Humongous Register: 0.0 ms]
      [Humongous Reclaim: 0.0 ms]
      [Free CSet: 0.2 ms]
   [Eden: 165.0M(165.0M)->0.0B(157.0M) Survivors: 6144.0K->22.0M Heap: 209.6M(2048.0M)->205.1M(2048.0M)]
 [Times: user=1.25 sys=0.00, real=0.16 secs] 
2020-09-29T11:30:44.593+0200: 98.025: [GC pause (G1 Evacuation Pause) (young), 0.1789260 secs]
   [Parallel Time: 177.0 ms, GC Workers: 8]
      [GC Worker Start (ms): Min: 98025.5, Avg: 98025.7, Max: 98025.8, Diff: 0.3]
      [Ext Root Scanning (ms): Min: 0.0, Avg: 0.1, Max: 0.3, Diff: 0.3, Sum: 0.8]
      [Update RS (ms): Min: 18.0, Avg: 18.4, Max: 19.3, Diff: 1.3, Sum: 147.4]
         [Processed Buffers: Min: 11, Avg: 12.4, Max: 14, Diff: 3, Sum: 99]
      [Scan RS (ms): Min: 13.3, Avg: 14.4, Max: 14.9, Diff: 1.5, Sum: 114.9]
      [Code Root Scanning (ms): Min: 0.0, Avg: 0.0, Max: 0.0, Diff: 0.0, Sum: 0.0]
      [Object Copy (ms): Min: 143.4, Avg: 143.6, Max: 143.7, Diff: 0.2, Sum: 1148.5]
      [Termination (ms): Min: 0.0, Avg: 0.2, Max: 0.2, Diff: 0.2, Sum: 1.3]
         [Termination Attempts: Min: 1, Avg: 519.5, Max: 639, Diff: 638, Sum: 4156]
      [GC Worker Other (ms): Min: 0.0, Avg: 0.1, Max: 0.1, Diff: 0.1, Sum: 0.5]
      [GC Worker Total (ms): Min: 176.5, Avg: 176.7, Max: 176.9, Diff: 0.4, Sum: 1413.4]
      [GC Worker End (ms): Min: 98202.4, Avg: 98202.4, Max: 98202.4, Diff: 0.1]
   [Code Root Fixup: 0.0 ms]
   [Code Root Purge: 0.0 ms]
   [Clear CT: 0.3 ms]
   [Other: 1.6 ms]
      [Choose CSet: 0.0 ms]
      [Ref Proc: 0.4 ms]
      [Ref Enq: 0.0 ms]
      [Redirty Cards: 0.4 ms]
      [Humongous Register: 0.1 ms]
      [Humongous Reclaim: 0.0 ms]
      [Free CSet: 0.3 ms]
   [Eden: 157.0M(157.0M)->0.0B(156.0M) Survivors: 22.0M->23.0M Heap: 388.8M(2048.0M)->391.3M(2048.0M)]
 [Times: user=1.47 sys=0.00, real=0.18 secs] 
2020-09-29T11:30:44.925+0200: 98.357: [GC pause (G1 Evacuation Pause) (young), 0.1717456 secs]
   [Parallel Time: 169.9 ms, GC Workers: 8]
      [GC Worker Start (ms): Min: 98357.5, Avg: 98357.7, Max: 98358.0, Diff: 0.5]
      [Ext Root Scanning (ms): Min: 0.0, Avg: 0.1, Max: 0.3, Diff: 0.3, Sum: 1.0]
      [Update RS (ms): Min: 20.7, Avg: 21.3, Max: 21.8, Diff: 1.1, Sum: 170.0]
         [Processed Buffers: Min: 11, Avg: 12.5, Max: 14, Diff: 3, Sum: 100]
      [Scan RS (ms): Min: 13.8, Avg: 14.4, Max: 14.7, Diff: 0.9, Sum: 115.1]
      [Code Root Scanning (ms): Min: 0.0, Avg: 0.0, Max: 0.0, Diff: 0.0, Sum: 0.0]
      [Object Copy (ms): Min: 133.4, Avg: 133.5, Max: 133.6, Diff: 0.2, Sum: 1068.2]
      [Termination (ms): Min: 0.0, Avg: 0.0, Max: 0.0, Diff: 0.0, Sum: 0.2]
         [Termination Attempts: Min: 1, Avg: 170.0, Max: 235, Diff: 234, Sum: 1360]
      [GC Worker Other (ms): Min: 0.0, Avg: 0.0, Max: 0.1, Diff: 0.0, Sum: 0.3]
      [GC Worker Total (ms): Min: 169.1, Avg: 169.4, Max: 169.6, Diff: 0.5, Sum: 1354.9]
      [GC Worker End (ms): Min: 98527.0, Avg: 98527.1, Max: 98527.1, Diff: 0.0]
   [Code Root Fixup: 0.0 ms]
   [Code Root Purge: 0.0 ms]
   [Clear CT: 0.5 ms]
   [Other: 1.3 ms]
      [Choose CSet: 0.0 ms]
      [Ref Proc: 0.6 ms]
      [Ref Enq: 0.0 ms]
      [Redirty Cards: 0.3 ms]
      [Humongous Register: 0.1 ms]
      [Humongous Reclaim: 0.0 ms]
      [Free CSet: 0.1 ms]
   [Eden: 156.0M(156.0M)->0.0B(157.0M) Survivors: 23.0M->23.0M Heap: 572.1M(2048.0M)->573.6M(2048.0M)]
 [Times: user=1.23 sys=0.02, real=0.17 secs] 
2020-09-29T11:30:45.181+0200: 98.614: [GC pause (G1 Evacuation Pause) (young), 0.0935578 secs]
   [Parallel Time: 91.7 ms, GC Workers: 8]
      [GC Worker Start (ms): Min: 98614.0, Avg: 98614.1, Max: 98614.2, Diff: 0.2]
      [Ext Root Scanning (ms): Min: 0.0, Avg: 0.1, Max: 0.2, Diff: 0.2, Sum: 0.5]
      [Update RS (ms): Min: 10.5, Avg: 10.7, Max: 11.1, Diff: 0.5, Sum: 86.0]
         [Processed Buffers: Min: 10, Avg: 11.6, Max: 14, Diff: 4, Sum: 93]
      [Scan RS (ms): Min: 11.4, Avg: 11.9, Max: 12.2, Diff: 0.7, Sum: 94.8]
      [Code Root Scanning (ms): Min: 0.0, Avg: 0.0, Max: 0.0, Diff: 0.0, Sum: 0.0]
      [Object Copy (ms): Min: 68.6, Avg: 68.7, Max: 68.9, Diff: 0.3, Sum: 550.0]
      [Termination (ms): Min: 0.0, Avg: 0.0, Max: 0.0, Diff: 0.0, Sum: 0.2]
         [Termination Attempts: Min: 1, Avg: 179.8, Max: 239, Diff: 238, Sum: 1438]
      [GC Worker Other (ms): Min: 0.0, Avg: 0.0, Max: 0.0, Diff: 0.0, Sum: 0.2]
      [GC Worker Total (ms): Min: 91.4, Avg: 91.5, Max: 91.6, Diff: 0.2, Sum: 731.7]
      [GC Worker End (ms): Min: 98705.6, Avg: 98705.6, Max: 98705.6, Diff: 0.0]
   [Code Root Fixup: 0.0 ms]
   [Code Root Purge: 0.0 ms]
   [Clear CT: 1.0 ms]
   [Other: 0.8 ms]
      [Choose CSet: 0.0 ms]
      [Ref Proc: 0.2 ms]
      [Ref Enq: 0.0 ms]
      [Redirty Cards: 0.3 ms]
      [Humongous Register: 0.0 ms]
      [Humongous Reclaim: 0.0 ms]
      [Free CSet: 0.1 ms]
   [Eden: 157.0M(157.0M)->0.0B(176.0M) Survivors: 23.0M->23.0M Heap: 757.3M(2048.0M)->759.3M(2048.0M)]
 [Times: user=0.75 sys=0.00, real=0.09 secs] 
2020-09-29T11:30:45.364+0200: 98.796: [GC pause (G1 Evacuation Pause) (young), 0.0967506 secs]
   [Parallel Time: 95.9 ms, GC Workers: 8]
      [GC Worker Start (ms): Min: 98796.5, Avg: 98796.5, Max: 98796.6, Diff: 0.1]
      [Ext Root Scanning (ms): Min: 0.0, Avg: 0.1, Max: 0.1, Diff: 0.1, Sum: 0.6]
      [Update RS (ms): Min: 10.8, Avg: 11.0, Max: 11.2, Diff: 0.4, Sum: 88.3]
         [Processed Buffers: Min: 12, Avg: 12.5, Max: 14, Diff: 2, Sum: 100]
      [Scan RS (ms): Min: 8.6, Avg: 8.8, Max: 8.9, Diff: 0.4, Sum: 70.0]
      [Code Root Scanning (ms): Min: 0.0, Avg: 0.0, Max: 0.0, Diff: 0.0, Sum: 0.0]
      [Object Copy (ms): Min: 75.8, Avg: 75.9, Max: 76.0, Diff: 0.2, Sum: 607.0]
      [Termination (ms): Min: 0.0, Avg: 0.0, Max: 0.0, Diff: 0.0, Sum: 0.3]
         [Termination Attempts: Min: 1, Avg: 207.0, Max: 269, Diff: 268, Sum: 1656]
      [GC Worker Other (ms): Min: 0.0, Avg: 0.0, Max: 0.1, Diff: 0.0, Sum: 0.2]
      [GC Worker Total (ms): Min: 95.7, Avg: 95.8, Max: 95.9, Diff: 0.1, Sum: 766.4]
      [GC Worker End (ms): Min: 98892.3, Avg: 98892.3, Max: 98892.4, Diff: 0.0]
   [Code Root Fixup: 0.0 ms]
   [Code Root Purge: 0.0 ms]
   [Clear CT: 0.2 ms]
   [Other: 0.6 ms]
      [Choose CSet: 0.0 ms]
      [Ref Proc: 0.1 ms]
      [Ref Enq: 0.0 ms]
      [Redirty Cards: 0.2 ms]
      [Humongous Register: 0.0 ms]
      [Humongous Reclaim: 0.0 ms]
      [Free CSet: 0.1 ms]
   [Eden: 176.0M(176.0M)->0.0B(203.0M) Survivors: 23.0M->25.0M Heap: 963.9M(2048.0M)->965.9M(2048.0M)]
 [Times: user=0.75 sys=0.00, real=0.10 secs] 
2020-09-29T11:30:45.462+0200: 98.894: [GC pause (G1 Humongous Allocation) (young) (initial-mark), 0.0424702 secs]
   [Parallel Time: 41.6 ms, GC Workers: 8]
      [GC Worker Start (ms): Min: 98894.2, Avg: 98894.2, Max: 98894.3, Diff: 0.1]
      [Ext Root Scanning (ms): Min: 0.0, Avg: 0.1, Max: 0.1, Diff: 0.1, Sum: 0.6]
      [Update RS (ms): Min: 26.8, Avg: 27.0, Max: 27.1, Diff: 0.3, Sum: 215.9]
         [Processed Buffers: Min: 31, Avg: 33.4, Max: 35, Diff: 4, Sum: 267]
      [Scan RS (ms): Min: 0.0, Avg: 0.0, Max: 0.1, Diff: 0.1, Sum: 0.3]
      [Code Root Scanning (ms): Min: 0.0, Avg: 0.0, Max: 0.0, Diff: 0.0, Sum: 0.0]
      [Object Copy (ms): Min: 14.2, Avg: 14.3, Max: 14.4, Diff: 0.2, Sum: 114.5]
      [Termination (ms): Min: 0.0, Avg: 0.1, Max: 0.1, Diff: 0.1, Sum: 0.7]
         [Termination Attempts: Min: 1, Avg: 618.1, Max: 741, Diff: 740, Sum: 4945]
      [GC Worker Other (ms): Min: 0.0, Avg: 0.0, Max: 0.0, Diff: 0.0, Sum: 0.1]
      [GC Worker Total (ms): Min: 41.5, Avg: 41.5, Max: 41.5, Diff: 0.1, Sum: 332.1]
      [GC Worker End (ms): Min: 98935.7, Avg: 98935.7, Max: 98935.7, Diff: 0.0]
   [Code Root Fixup: 0.0 ms]
   [Code Root Purge: 0.0 ms]
   [Clear CT: 0.2 ms]
   [Other: 0.7 ms]
      [Choose CSet: 0.0 ms]
      [Ref Proc: 0.3 ms]
      [Ref Enq: 0.0 ms]
      [Redirty Cards: 0.2 ms]
      [Humongous Register: 0.0 ms]
      [Humongous Reclaim: 0.0 ms]
      [Free CSet: 0.0 ms]
   [Eden: 2048.0K(203.0M)->0.0B(237.0M) Survivors: 25.0M->3072.0K Heap: 967.9M(2048.0M)->971.9M(2048.0M)]
 [Times: user=0.25 sys=0.00, real=0.05 secs] 
2020-09-29T11:30:45.511+0200: 98.943: [GC concurrent-root-region-scan-start]
2020-09-29T11:30:45.511+0200: 98.944: [GC concurrent-root-region-scan-end, 0.0006149 secs]
2020-09-29T11:30:45.511+0200: 98.944: [GC concurrent-mark-start]
2020-09-29T11:30:45.514+0200: 98.947: [GC concurrent-mark-end, 0.0031042 secs]
2020-09-29T11:30:45.515+0200: 98.947: [GC remark 2020-09-29T11:30:45.515+0200: 98.947: [Finalize Marking, 0.0002451 secs] 2020-09-29T11:30:45.515+0200: 98.947: [GC ref-proc, 0.0003228 secs] 2020-09-29T11:30:45.515+0200: 98.948: [Unloading, 0.0005104 secs], 0.0014938 secs]
 [Times: user=0.00 sys=0.00, real=0.00 secs] 
2020-09-29T11:30:45.517+0200: 98.949: [GC cleanup 980M->21M(2048M), 0.0016178 secs]
 [Times: user=0.00 sys=0.00, real=0.00 secs] 
2020-09-29T11:30:45.518+0200: 98.951: [GC concurrent-cleanup-start]
2020-09-29T11:30:45.520+0200: 98.952: [GC concurrent-cleanup-end, 0.0013555 secs]
2020-09-29T11:30:45.635+0200: 99.067: [GC pause (G1 Evacuation Pause) (young), 0.1190638 secs]
   [Parallel Time: 117.9 ms, GC Workers: 8]
      [GC Worker Start (ms): Min: 99067.4, Avg: 99067.5, Max: 99067.6, Diff: 0.2]
      [Ext Root Scanning (ms): Min: 0.0, Avg: 0.1, Max: 0.2, Diff: 0.2, Sum: 0.5]
      [Update RS (ms): Min: 11.3, Avg: 11.7, Max: 12.0, Diff: 0.7, Sum: 93.4]
         [Processed Buffers: Min: 12, Avg: 13.4, Max: 15, Diff: 3, Sum: 107]
      [Scan RS (ms): Min: 11.0, Avg: 11.3, Max: 11.8, Diff: 0.7, Sum: 90.5]
      [Code Root Scanning (ms): Min: 0.0, Avg: 0.0, Max: 0.0, Diff: 0.0, Sum: 0.0]
      [Object Copy (ms): Min: 94.3, Avg: 94.4, Max: 94.6, Diff: 0.3, Sum: 755.3]
      [Termination (ms): Min: 0.0, Avg: 0.2, Max: 0.2, Diff: 0.2, Sum: 1.2]
         [Termination Attempts: Min: 1, Avg: 1177.9, Max: 1485, Diff: 1484, Sum: 9423]
      [GC Worker Other (ms): Min: 0.0, Avg: 0.0, Max: 0.1, Diff: 0.0, Sum: 0.2]
      [GC Worker Total (ms): Min: 117.6, Avg: 117.6, Max: 117.7, Diff: 0.2, Sum: 941.2]
      [GC Worker End (ms): Min: 99185.1, Avg: 99185.1, Max: 99185.2, Diff: 0.0]
   [Code Root Fixup: 0.0 ms]
   [Code Root Purge: 0.0 ms]
   [Clear CT: 0.3 ms]
   [Other: 0.9 ms]
      [Choose CSet: 0.0 ms]
      [Ref Proc: 0.3 ms]
      [Ref Enq: 0.0 ms]
      [Redirty Cards: 0.2 ms]
      [Humongous Register: 0.0 ms]
      [Humongous Reclaim: 0.0 ms]
      [Free CSet: 0.1 ms]
   [Eden: 237.0M(237.0M)->0.0B(238.0M) Survivors: 3072.0K->30.0M Heap: 290.1M(2048.0M)->289.1M(2048.0M)]
 [Times: user=0.88 sys=0.00, real=0.12 secs] 
2020-09-29T11:30:45.883+0200: 99.315: [GC pause (G1 Evacuation Pause) (young), 0.1366941 secs]
   [Parallel Time: 135.4 ms, GC Workers: 8]
      [GC Worker Start (ms): Min: 99315.5, Avg: 99315.6, Max: 99315.7, Diff: 0.2]
      [Ext Root Scanning (ms): Min: 0.0, Avg: 0.1, Max: 0.2, Diff: 0.2, Sum: 0.4]
      [Update RS (ms): Min: 14.6, Avg: 14.7, Max: 14.9, Diff: 0.3, Sum: 117.7]
         [Processed Buffers: Min: 15, Avg: 15.9, Max: 18, Diff: 3, Sum: 127]
      [Scan RS (ms): Min: 13.2, Avg: 13.4, Max: 13.6, Diff: 0.4, Sum: 107.3]
      [Code Root Scanning (ms): Min: 0.0, Avg: 0.0, Max: 0.0, Diff: 0.0, Sum: 0.0]
      [Object Copy (ms): Min: 107.0, Avg: 107.0, Max: 107.1, Diff: 0.1, Sum: 856.3]
      [Termination (ms): Min: 0.0, Avg: 0.0, Max: 0.0, Diff: 0.0, Sum: 0.1]
         [Termination Attempts: Min: 1, Avg: 91.9, Max: 116, Diff: 115, Sum: 735]
      [GC Worker Other (ms): Min: 0.0, Avg: 0.0, Max: 0.1, Diff: 0.1, Sum: 0.3]
      [GC Worker Total (ms): Min: 135.2, Avg: 135.3, Max: 135.4, Diff: 0.2, Sum: 1082.1]
      [GC Worker End (ms): Min: 99450.9, Avg: 99450.9, Max: 99450.9, Diff: 0.1]
   [Code Root Fixup: 0.0 ms]
   [Code Root Purge: 0.0 ms]
   [Clear CT: 0.2 ms]
   [Other: 1.1 ms]
      [Choose CSet: 0.0 ms]
      [Ref Proc: 0.2 ms]
      [Ref Enq: 0.0 ms]
      [Redirty Cards: 0.5 ms]
      [Humongous Register: 0.0 ms]
      [Humongous Reclaim: 0.0 ms]
      [Free CSet: 0.2 ms]
   [Eden: 238.0M(238.0M)->0.0B(251.0M) Survivors: 30.0M->34.0M Heap: 567.1M(2048.0M)->569.1M(2048.0M)]
 [Times: user=1.02 sys=0.00, real=0.14 secs] 
2020-09-29T11:30:46.154+0200: 99.587: [GC pause (G1 Evacuation Pause) (young), 0.1398558 secs]
   [Parallel Time: 138.7 ms, GC Workers: 8]
      [GC Worker Start (ms): Min: 99586.6, Avg: 99586.8, Max: 99586.8, Diff: 0.2]
      [Ext Root Scanning (ms): Min: 0.0, Avg: 0.1, Max: 0.2, Diff: 0.2, Sum: 0.5]
      [Update RS (ms): Min: 19.0, Avg: 19.3, Max: 19.8, Diff: 0.8, Sum: 154.3]
         [Processed Buffers: Min: 18, Avg: 19.5, Max: 21, Diff: 3, Sum: 156]
      [Scan RS (ms): Min: 12.3, Avg: 12.8, Max: 13.1, Diff: 0.9, Sum: 102.8]
      [Code Root Scanning (ms): Min: 0.0, Avg: 0.0, Max: 0.0, Diff: 0.0, Sum: 0.0]
      [Object Copy (ms): Min: 106.2, Avg: 106.2, Max: 106.2, Diff: 0.1, Sum: 849.6]
      [Termination (ms): Min: 0.0, Avg: 0.0, Max: 0.0, Diff: 0.0, Sum: 0.1]
         [Termination Attempts: Min: 1, Avg: 64.6, Max: 87, Diff: 86, Sum: 517]
      [GC Worker Other (ms): Min: 0.0, Avg: 0.0, Max: 0.1, Diff: 0.0, Sum: 0.3]
      [GC Worker Total (ms): Min: 138.3, Avg: 138.4, Max: 138.5, Diff: 0.2, Sum: 1107.6]
      [GC Worker End (ms): Min: 99725.2, Avg: 99725.2, Max: 99725.2, Diff: 0.0]
   [Code Root Fixup: 0.0 ms]
   [Code Root Purge: 0.0 ms]
   [Clear CT: 0.2 ms]
   [Other: 1.0 ms]
      [Choose CSet: 0.0 ms]
      [Ref Proc: 0.2 ms]
      [Ref Enq: 0.0 ms]
      [Redirty Cards: 0.3 ms]
      [Humongous Register: 0.0 ms]
      [Humongous Reclaim: 0.0 ms]
      [Free CSet: 0.2 ms]
   [Eden: 251.0M(251.0M)->0.0B(268.0M) Survivors: 34.0M->36.0M Heap: 862.1M(2048.0M)->864.6M(2048.0M)]
 [Times: user=1.13 sys=0.00, real=0.14 secs] 
2020-09-29T11:30:46.435+0200: 99.868: [GC pause (G1 Evacuation Pause) (young), 0.1489496 secs]
   [Parallel Time: 147.9 ms, GC Workers: 8]
      [GC Worker Start (ms): Min: 99867.8, Avg: 99867.8, Max: 99867.9, Diff: 0.1]
      [Ext Root Scanning (ms): Min: 0.0, Avg: 0.1, Max: 0.1, Diff: 0.1, Sum: 0.5]
      [Update RS (ms): Min: 16.5, Avg: 16.7, Max: 17.1, Diff: 0.7, Sum: 134.0]
         [Processed Buffers: Min: 17, Avg: 18.3, Max: 20, Diff: 3, Sum: 146]
      [Scan RS (ms): Min: 12.8, Avg: 13.2, Max: 13.5, Diff: 0.7, Sum: 105.9]
      [Code Root Scanning (ms): Min: 0.0, Avg: 0.0, Max: 0.0, Diff: 0.0, Sum: 0.0]
      [Object Copy (ms): Min: 117.3, Avg: 117.5, Max: 117.6, Diff: 0.2, Sum: 939.8]
      [Termination (ms): Min: 0.0, Avg: 0.1, Max: 0.1, Diff: 0.1, Sum: 0.6]
         [Termination Attempts: Min: 1, Avg: 550.3, Max: 723, Diff: 722, Sum: 4402]
      [GC Worker Other (ms): Min: 0.0, Avg: 0.1, Max: 0.1, Diff: 0.1, Sum: 0.5]
      [GC Worker Total (ms): Min: 147.6, Avg: 147.7, Max: 147.7, Diff: 0.1, Sum: 1181.3]
      [GC Worker End (ms): Min: 100015.4, Avg: 100015.5, Max: 100015.5, Diff: 0.1]
   [Code Root Fixup: 0.0 ms]
   [Code Root Purge: 0.0 ms]
   [Clear CT: 0.2 ms]
   [Other: 0.9 ms]
      [Choose CSet: 0.0 ms]
      [Ref Proc: 0.2 ms]
      [Ref Enq: 0.0 ms]
      [Redirty Cards: 0.2 ms]
      [Humongous Register: 0.0 ms]
      [Humongous Reclaim: 0.0 ms]
      [Free CSet: 0.3 ms]
   [Eden: 268.0M(268.0M)->0.0B(285.0M) Survivors: 36.0M->38.0M Heap: 1176.4M(2048.0M)->1177.9M(2048.0M)]
 [Times: user=1.23 sys=0.00, real=0.15 secs] 
2020-09-29T11:30:46.586+0200: 100.018: [GC pause (G1 Humongous Allocation) (young) (initial-mark), 0.0701681 secs]
   [Parallel Time: 69.3 ms, GC Workers: 8]
      [GC Worker Start (ms): Min: 100018.6, Avg: 100018.7, Max: 100018.8, Diff: 0.1]
      [Ext Root Scanning (ms): Min: 0.0, Avg: 0.1, Max: 0.2, Diff: 0.2, Sum: 1.1]
      [Update RS (ms): Min: 41.8, Avg: 41.9, Max: 42.0, Diff: 0.3, Sum: 335.2]
         [Processed Buffers: Min: 48, Avg: 50.1, Max: 52, Diff: 4, Sum: 401]
      [Scan RS (ms): Min: 0.0, Avg: 0.0, Max: 0.0, Diff: 0.0, Sum: 0.1]
      [Code Root Scanning (ms): Min: 0.0, Avg: 0.0, Max: 0.0, Diff: 0.0, Sum: 0.0]
      [Object Copy (ms): Min: 26.7, Avg: 26.9, Max: 27.1, Diff: 0.4, Sum: 215.1]
      [Termination (ms): Min: 0.0, Avg: 0.2, Max: 0.2, Diff: 0.2, Sum: 1.3]
         [Termination Attempts: Min: 1, Avg: 1139.1, Max: 1367, Diff: 1366, Sum: 9113]
      [GC Worker Other (ms): Min: 0.0, Avg: 0.0, Max: 0.0, Diff: 0.0, Sum: 0.2]
      [GC Worker Total (ms): Min: 69.0, Avg: 69.1, Max: 69.2, Diff: 0.1, Sum: 552.9]
      [GC Worker End (ms): Min: 100087.8, Avg: 100087.8, Max: 100087.8, Diff: 0.0]
   [Code Root Fixup: 0.0 ms]
   [Code Root Purge: 0.0 ms]
   [Clear CT: 0.2 ms]
   [Other: 0.7 ms]
      [Choose CSet: 0.0 ms]
      [Ref Proc: 0.1 ms]
      [Ref Enq: 0.0 ms]
      [Redirty Cards: 0.2 ms]
      [Humongous Register: 0.1 ms]
      [Humongous Reclaim: 0.0 ms]
      [Free CSet: 0.1 ms]
   [Eden: 2048.0K(285.0M)->0.0B(249.0M) Survivors: 38.0M->3072.0K Heap: 1179.9M(2048.0M)->1182.4M(2048.0M)]
 [Times: user=0.48 sys=0.01, real=0.07 secs] 
2020-09-29T11:30:46.656+0200: 100.089: [GC concurrent-root-region-scan-start]
2020-09-29T11:30:46.657+0200: 100.090: [GC concurrent-root-region-scan-end, 0.0008741 secs]
2020-09-29T11:30:46.657+0200: 100.090: [GC concurrent-mark-start]
2020-09-29T11:30:46.661+0200: 100.093: [GC concurrent-mark-end, 0.0033966 secs]
2020-09-29T11:30:46.661+0200: 100.093: [GC remark 2020-09-29T11:30:46.661+0200: 100.093: [Finalize Marking, 0.0002448 secs] 2020-09-29T11:30:46.661+0200: 100.094: [GC ref-proc, 0.0003956 secs] 2020-09-29T11:30:46.662+0200: 100.094: [Unloading, 0.0004992 secs], 0.0015909 secs]
 [Times: user=0.00 sys=0.00, real=0.00 secs] 
2020-09-29T11:30:46.663+0200: 100.095: [GC cleanup 1192M->22M(2048M), 0.0014984 secs]
 [Times: user=0.00 sys=0.00, real=0.00 secs] 
2020-09-29T11:30:46.665+0200: 100.097: [GC concurrent-cleanup-start]
2020-09-29T11:30:46.667+0200: 100.099: [GC concurrent-cleanup-end, 0.0021061 secs]
2020-09-29T11:30:46.800+0200: 100.232: [GC pause (G1 Evacuation Pause) (young), 0.1280870 secs]
   [Parallel Time: 126.0 ms, GC Workers: 8]
      [GC Worker Start (ms): Min: 100232.2, Avg: 100232.3, Max: 100232.4, Diff: 0.2]
      [Ext Root Scanning (ms): Min: 0.0, Avg: 0.1, Max: 0.2, Diff: 0.2, Sum: 0.4]
      [Update RS (ms): Min: 17.4, Avg: 17.8, Max: 18.3, Diff: 0.9, Sum: 142.5]
         [Processed Buffers: Min: 17, Avg: 18.1, Max: 19, Diff: 2, Sum: 145]
      [Scan RS (ms): Min: 14.2, Avg: 14.7, Max: 15.0, Diff: 0.8, Sum: 117.2]
      [Code Root Scanning (ms): Min: 0.0, Avg: 0.0, Max: 0.0, Diff: 0.0, Sum: 0.0]
      [Object Copy (ms): Min: 93.1, Avg: 93.2, Max: 93.3, Diff: 0.1, Sum: 745.6]
      [Termination (ms): Min: 0.0, Avg: 0.0, Max: 0.0, Diff: 0.0, Sum: 0.0]
         [Termination Attempts: Min: 1, Avg: 8.3, Max: 15, Diff: 14, Sum: 66]
      [GC Worker Other (ms): Min: 0.0, Avg: 0.0, Max: 0.1, Diff: 0.0, Sum: 0.2]
      [GC Worker Total (ms): Min: 125.7, Avg: 125.7, Max: 125.9, Diff: 0.2, Sum: 1006.0]
      [GC Worker End (ms): Min: 100358.0, Avg: 100358.1, Max: 100358.1, Diff: 0.0]
   [Code Root Fixup: 0.0 ms]
   [Code Root Purge: 0.0 ms]
   [Clear CT: 0.9 ms]
   [Other: 1.1 ms]
      [Choose CSet: 0.0 ms]
      [Ref Proc: 0.1 ms]
      [Ref Enq: 0.0 ms]
      [Redirty Cards: 0.5 ms]
      [Humongous Register: 0.1 ms]
      [Humongous Reclaim: 0.0 ms]
      [Free CSet: 0.2 ms]
   [Eden: 249.0M(249.0M)->0.0B(246.0M) Survivors: 3072.0K->32.0M Heap: 304.0M(2048.0M)->303.5M(2048.0M)]
 [Times: user=1.09 sys=0.03, real=0.13 secs] 
2020-09-29T11:30:47.060+0200: 100.492: [GC pause (G1 Evacuation Pause) (young), 0.1431187 secs]
   [Parallel Time: 141.8 ms, GC Workers: 8]
      [GC Worker Start (ms): Min: 100491.8, Avg: 100491.8, Max: 100491.9, Diff: 0.2]
      [Ext Root Scanning (ms): Min: 0.0, Avg: 0.1, Max: 0.1, Diff: 0.1, Sum: 0.6]
      [Update RS (ms): Min: 16.9, Avg: 17.1, Max: 17.9, Diff: 0.9, Sum: 137.1]
         [Processed Buffers: Min: 15, Avg: 18.0, Max: 21, Diff: 6, Sum: 144]
      [Scan RS (ms): Min: 13.3, Avg: 14.1, Max: 14.7, Diff: 1.4, Sum: 113.0]
      [Code Root Scanning (ms): Min: 0.0, Avg: 0.0, Max: 0.0, Diff: 0.0, Sum: 0.0]
      [Object Copy (ms): Min: 109.7, Avg: 110.2, Max: 110.3, Diff: 0.6, Sum: 881.3]
      [Termination (ms): Min: 0.0, Avg: 0.0, Max: 0.0, Diff: 0.0, Sum: 0.0]
         [Termination Attempts: Min: 1, Avg: 24.3, Max: 35, Diff: 34, Sum: 194]
      [GC Worker Other (ms): Min: 0.0, Avg: 0.0, Max: 0.1, Diff: 0.1, Sum: 0.4]
      [GC Worker Total (ms): Min: 141.4, Avg: 141.6, Max: 141.6, Diff: 0.2, Sum: 1132.5]
      [GC Worker End (ms): Min: 100633.4, Avg: 100633.4, Max: 100633.4, Diff: 0.1]
   [Code Root Fixup: 0.0 ms]
   [Code Root Purge: 0.0 ms]
   [Clear CT: 0.3 ms]
   [Other: 1.1 ms]
      [Choose CSet: 0.0 ms]
      [Ref Proc: 0.2 ms]
      [Ref Enq: 0.0 ms]
      [Redirty Cards: 0.5 ms]
      [Humongous Register: 0.0 ms]
      [Humongous Reclaim: 0.0 ms]
      [Free CSet: 0.2 ms]
   [Eden: 246.0M(246.0M)->0.0B(260.0M) Survivors: 32.0M->35.0M Heap: 591.4M(2048.0M)->593.4M(2048.0M)]
 [Times: user=1.13 sys=0.00, real=0.14 secs] 
2020-09-29T11:30:47.333+0200: 100.766: [GC pause (G1 Evacuation Pause) (young), 0.1517733 secs]
   [Parallel Time: 150.8 ms, GC Workers: 8]
      [GC Worker Start (ms): Min: 100765.9, Avg: 100766.1, Max: 100766.1, Diff: 0.2]
      [Ext Root Scanning (ms): Min: 0.0, Avg: 0.1, Max: 0.2, Diff: 0.2, Sum: 0.4]
      [Update RS (ms): Min: 17.9, Avg: 18.3, Max: 18.6, Diff: 0.7, Sum: 146.1]
         [Processed Buffers: Min: 17, Avg: 19.0, Max: 20, Diff: 3, Sum: 152]
      [Scan RS (ms): Min: 12.0, Avg: 12.4, Max: 12.7, Diff: 0.7, Sum: 99.3]
      [Code Root Scanning (ms): Min: 0.0, Avg: 0.0, Max: 0.0, Diff: 0.0, Sum: 0.0]
      [Object Copy (ms): Min: 119.5, Avg: 119.7, Max: 119.9, Diff: 0.4, Sum: 957.3]
      [Termination (ms): Min: 0.0, Avg: 0.2, Max: 0.2, Diff: 0.2, Sum: 1.4]
         [Termination Attempts: Min: 1, Avg: 1197.9, Max: 1572, Diff: 1571, Sum: 9583]
      [GC Worker Other (ms): Min: 0.0, Avg: 0.0, Max: 0.1, Diff: 0.1, Sum: 0.3]
      [GC Worker Total (ms): Min: 150.5, Avg: 150.6, Max: 150.7, Diff: 0.2, Sum: 1204.8]
      [GC Worker End (ms): Min: 100916.6, Avg: 100916.7, Max: 100916.7, Diff: 0.1]
   [Code Root Fixup: 0.0 ms]
   [Code Root Purge: 0.0 ms]
   [Clear CT: 0.2 ms]
   [Other: 0.8 ms]
      [Choose CSet: 0.0 ms]
      [Ref Proc: 0.2 ms]
      [Ref Enq: 0.0 ms]
      [Redirty Cards: 0.2 ms]
      [Humongous Register: 0.0 ms]
      [Humongous Reclaim: 0.0 ms]
      [Free CSet: 0.2 ms]
   [Eden: 260.0M(260.0M)->0.0B(275.0M) Survivors: 35.0M->37.0M Heap: 895.4M(2048.0M)->896.9M(2048.0M)]
 [Times: user=1.06 sys=0.03, real=0.15 secs] 
2020-09-29T11:30:47.624+0200: 101.056: [GC pause (G1 Evacuation Pause) (young), 0.1572190 secs]
   [Parallel Time: 156.1 ms, GC Workers: 8]
      [GC Worker Start (ms): Min: 101056.1, Avg: 101056.2, Max: 101056.3, Diff: 0.2]
      [Ext Root Scanning (ms): Min: 0.0, Avg: 0.0, Max: 0.2, Diff: 0.2, Sum: 0.4]
      [Update RS (ms): Min: 17.9, Avg: 18.3, Max: 18.7, Diff: 0.9, Sum: 146.3]
         [Processed Buffers: Min: 19, Avg: 20.4, Max: 21, Diff: 2, Sum: 163]
      [Scan RS (ms): Min: 12.3, Avg: 12.8, Max: 13.1, Diff: 0.9, Sum: 102.0]
      [Code Root Scanning (ms): Min: 0.0, Avg: 0.0, Max: 0.0, Diff: 0.0, Sum: 0.0]
      [Object Copy (ms): Min: 124.3, Avg: 124.5, Max: 124.8, Diff: 0.5, Sum: 996.3]
      [Termination (ms): Min: 0.0, Avg: 0.2, Max: 0.2, Diff: 0.2, Sum: 1.5]
         [Termination Attempts: Min: 1, Avg: 1429.8, Max: 1842, Diff: 1841, Sum: 11438]
      [GC Worker Other (ms): Min: 0.0, Avg: 0.1, Max: 0.1, Diff: 0.1, Sum: 0.4]
      [GC Worker Total (ms): Min: 155.8, Avg: 155.9, Max: 156.0, Diff: 0.2, Sum: 1247.0]
      [GC Worker End (ms): Min: 101212.1, Avg: 101212.1, Max: 101212.2, Diff: 0.1]
   [Code Root Fixup: 0.0 ms]
   [Code Root Purge: 0.0 ms]
   [Clear CT: 0.3 ms]
   [Other: 0.8 ms]
      [Choose CSet: 0.0 ms]
      [Ref Proc: 0.2 ms]
      [Ref Enq: 0.0 ms]
      [Redirty Cards: 0.2 ms]
      [Humongous Register: 0.0 ms]
      [Humongous Reclaim: 0.0 ms]
      [Free CSet: 0.2 ms]
   [Eden: 275.0M(275.0M)->0.0B(291.0M) Survivors: 37.0M->39.0M Heap: 1217.7M(2048.0M)->1219.7M(2048.0M)]
 [Times: user=1.25 sys=0.00, real=0.16 secs] 
2020-09-29T11:30:47.782+0200: 101.213: [GC pause (G1 Humongous Allocation) (young) (initial-mark), 0.0632061 secs]
   [Parallel Time: 62.3 ms, GC Workers: 8]
      [GC Worker Start (ms): Min: 101213.6, Avg: 101213.7, Max: 101213.7, Diff: 0.1]
      [Ext Root Scanning (ms): Min: 0.0, Avg: 0.1, Max: 0.1, Diff: 0.1, Sum: 0.7]
      [Update RS (ms): Min: 43.9, Avg: 44.3, Max: 44.6, Diff: 0.6, Sum: 354.2]
         [Processed Buffers: Min: 49, Avg: 52.6, Max: 55, Diff: 6, Sum: 421]
      [Scan RS (ms): Min: 0.0, Avg: 0.0, Max: 0.0, Diff: 0.0, Sum: 0.0]
      [Code Root Scanning (ms): Min: 0.0, Avg: 0.0, Max: 0.0, Diff: 0.0, Sum: 0.0]
      [Object Copy (ms): Min: 17.5, Avg: 17.8, Max: 18.1, Diff: 0.6, Sum: 142.1]
      [Termination (ms): Min: 0.0, Avg: 0.0, Max: 0.0, Diff: 0.0, Sum: 0.1]
         [Termination Attempts: Min: 1, Avg: 101.8, Max: 131, Diff: 130, Sum: 814]
      [GC Worker Other (ms): Min: 0.0, Avg: 0.0, Max: 0.0, Diff: 0.0, Sum: 0.1]
      [GC Worker Total (ms): Min: 62.1, Avg: 62.2, Max: 62.2, Diff: 0.1, Sum: 497.2]
      [GC Worker End (ms): Min: 101275.8, Avg: 101275.8, Max: 101275.8, Diff: 0.0]
   [Code Root Fixup: 0.0 ms]
   [Code Root Purge: 0.0 ms]
   [Clear CT: 0.2 ms]
   [Other: 0.7 ms]
      [Choose CSet: 0.0 ms]
      [Ref Proc: 0.2 ms]
      [Ref Enq: 0.0 ms]
      [Redirty Cards: 0.2 ms]
      [Humongous Register: 0.0 ms]
      [Humongous Reclaim: 0.0 ms]
      [Free CSet: 0.1 ms]
   [Eden: 1024.0K(291.0M)->0.0B(321.0M) Survivors: 39.0M->2048.0K Heap: 1220.2M(2048.0M)->1223.7M(2048.0M)]
 [Times: user=0.50 sys=0.00, real=0.06 secs] 
2020-09-29T11:30:47.845+0200: 101.277: [GC concurrent-root-region-scan-start]
2020-09-29T11:30:47.845+0200: 101.277: [GC concurrent-root-region-scan-end, 0.0001305 secs]
2020-09-29T11:30:47.845+0200: 101.277: [GC concurrent-mark-start]
2020-09-29T11:30:47.849+0200: 101.281: [GC concurrent-mark-end, 0.0038791 secs]
2020-09-29T11:30:47.849+0200: 101.281: [GC remark 2020-09-29T11:30:47.849+0200: 101.281: [Finalize Marking, 0.0002247 secs] 2020-09-29T11:30:47.850+0200: 101.282: [GC ref-proc, 0.0003802 secs] 2020-09-29T11:30:47.850+0200: 101.282: [Unloading, 0.0004407 secs], 0.0013755 secs]
 [Times: user=0.00 sys=0.00, real=0.00 secs] 
2020-09-29T11:30:47.851+0200: 101.283: [GC cleanup 1231M->19M(2048M), 0.0015264 secs]
 [Times: user=0.00 sys=0.00, real=0.00 secs] 
2020-09-29T11:30:47.853+0200: 101.285: [GC concurrent-cleanup-start]
2020-09-29T11:30:47.855+0200: 101.287: [GC concurrent-cleanup-end, 0.0026736 secs]
2020-09-29T11:30:48.028+0200: 101.460: [GC pause (G1 Evacuation Pause) (young), 0.1725910 secs]
   [Parallel Time: 171.3 ms, GC Workers: 8]
      [GC Worker Start (ms): Min: 101459.8, Avg: 101460.0, Max: 101460.0, Diff: 0.2]
      [Ext Root Scanning (ms): Min: 0.0, Avg: 0.1, Max: 0.2, Diff: 0.2, Sum: 0.4]
      [Update RS (ms): Min: 24.6, Avg: 24.7, Max: 24.9, Diff: 0.4, Sum: 197.3]
         [Processed Buffers: Min: 24, Avg: 26.0, Max: 28, Diff: 4, Sum: 208]
      [Scan RS (ms): Min: 14.5, Avg: 15.2, Max: 18.2, Diff: 3.6, Sum: 122.0]
      [Code Root Scanning (ms): Min: 0.0, Avg: 0.0, Max: 0.0, Diff: 0.0, Sum: 0.0]
      [Object Copy (ms): Min: 128.2, Avg: 131.1, Max: 131.5, Diff: 3.3, Sum: 1048.4]
      [Termination (ms): Min: 0.0, Avg: 0.0, Max: 0.0, Diff: 0.0, Sum: 0.1]
         [Termination Attempts: Min: 1, Avg: 107.0, Max: 138, Diff: 137, Sum: 856]
      [GC Worker Other (ms): Min: 0.0, Avg: 0.1, Max: 0.1, Diff: 0.1, Sum: 0.6]
      [GC Worker Total (ms): Min: 171.0, Avg: 171.1, Max: 171.3, Diff: 0.3, Sum: 1368.8]
      [GC Worker End (ms): Min: 101631.0, Avg: 101631.1, Max: 101631.1, Diff: 0.1]
   [Code Root Fixup: 0.0 ms]
   [Code Root Purge: 0.0 ms]
   [Clear CT: 0.4 ms]
   [Other: 0.9 ms]
      [Choose CSet: 0.0 ms]
      [Ref Proc: 0.2 ms]
      [Ref Enq: 0.0 ms]
      [Redirty Cards: 0.2 ms]
      [Humongous Register: 0.0 ms]
      [Humongous Reclaim: 0.0 ms]
      [Free CSet: 0.2 ms]
   [Eden: 321.0M(321.0M)->0.0B(295.0M) Survivors: 2048.0K->41.0M Heap: 387.8M(2048.0M)->388.3M(2048.0M)]
 [Times: user=1.33 sys=0.03, real=0.17 secs] 
2020-09-29T11:30:48.358+0200: 101.791: [GC pause (G1 Evacuation Pause) (young), 0.1637267 secs]
   [Parallel Time: 162.5 ms, GC Workers: 8]
      [GC Worker Start (ms): Min: 101790.8, Avg: 101790.8, Max: 101790.9, Diff: 0.1]
      [Ext Root Scanning (ms): Min: 0.0, Avg: 0.1, Max: 0.1, Diff: 0.1, Sum: 0.6]
      [Update RS (ms): Min: 19.3, Avg: 19.6, Max: 20.0, Diff: 0.7, Sum: 156.6]
         [Processed Buffers: Min: 18, Avg: 20.0, Max: 21, Diff: 3, Sum: 160]
      [Scan RS (ms): Min: 16.0, Avg: 16.4, Max: 16.8, Diff: 0.8, Sum: 131.5]
      [Code Root Scanning (ms): Min: 0.0, Avg: 0.0, Max: 0.0, Diff: 0.0, Sum: 0.0]
      [Object Copy (ms): Min: 126.1, Avg: 126.2, Max: 126.4, Diff: 0.3, Sum: 1010.0]
      [Termination (ms): Min: 0.0, Avg: 0.0, Max: 0.0, Diff: 0.0, Sum: 0.0]
         [Termination Attempts: Min: 1, Avg: 10.5, Max: 15, Diff: 14, Sum: 84]
      [GC Worker Other (ms): Min: 0.0, Avg: 0.0, Max: 0.1, Diff: 0.1, Sum: 0.4]
      [GC Worker Total (ms): Min: 162.3, Avg: 162.4, Max: 162.5, Diff: 0.2, Sum: 1299.0]
      [GC Worker End (ms): Min: 101953.2, Avg: 101953.2, Max: 101953.3, Diff: 0.1]
   [Code Root Fixup: 0.0 ms]
   [Code Root Purge: 0.0 ms]
   [Clear CT: 0.2 ms]
   [Other: 1.0 ms]
      [Choose CSet: 0.0 ms]
      [Ref Proc: 0.2 ms]
      [Ref Enq: 0.0 ms]
      [Redirty Cards: 0.2 ms]
      [Humongous Register: 0.0 ms]
      [Humongous Reclaim: 0.0 ms]
      [Free CSet: 0.3 ms]
   [Eden: 295.0M(295.0M)->0.0B(289.0M) Survivors: 41.0M->42.0M Heap: 731.0M(2048.0M)->734.0M(2048.0M)]
 [Times: user=1.28 sys=0.09, real=0.16 secs] 
2020-09-29T11:30:48.679+0200: 102.112: [GC pause (G1 Evacuation Pause) (young), 0.1730148 secs]
   [Parallel Time: 171.9 ms, GC Workers: 8]
      [GC Worker Start (ms): Min: 102111.8, Avg: 102111.9, Max: 102111.9, Diff: 0.1]
      [Ext Root Scanning (ms): Min: 0.0, Avg: 0.1, Max: 0.1, Diff: 0.1, Sum: 0.6]
      [Update RS (ms): Min: 22.1, Avg: 22.2, Max: 22.3, Diff: 0.2, Sum: 177.2]
         [Processed Buffers: Min: 20, Avg: 22.9, Max: 25, Diff: 5, Sum: 183]
      [Scan RS (ms): Min: 17.4, Avg: 19.9, Max: 36.8, Diff: 19.5, Sum: 159.0]
      [Code Root Scanning (ms): Min: 0.0, Avg: 0.0, Max: 0.0, Diff: 0.0, Sum: 0.0]
      [Object Copy (ms): Min: 112.5, Avg: 129.5, Max: 132.0, Diff: 19.5, Sum: 1036.4]
      [Termination (ms): Min: 0.0, Avg: 0.1, Max: 0.1, Diff: 0.1, Sum: 0.4]
         [Termination Attempts: Min: 1, Avg: 411.4, Max: 538, Diff: 537, Sum: 3291]
      [GC Worker Other (ms): Min: 0.0, Avg: 0.1, Max: 0.1, Diff: 0.1, Sum: 0.4]
      [GC Worker Total (ms): Min: 171.7, Avg: 171.8, Max: 171.8, Diff: 0.1, Sum: 1374.1]
      [GC Worker End (ms): Min: 102283.6, Avg: 102283.6, Max: 102283.6, Diff: 0.1]
   [Code Root Fixup: 0.0 ms]
   [Code Root Purge: 0.0 ms]
   [Clear CT: 0.2 ms]
   [Other: 1.0 ms]
      [Choose CSet: 0.0 ms]
      [Ref Proc: 0.2 ms]
      [Ref Enq: 0.0 ms]
      [Redirty Cards: 0.2 ms]
      [Humongous Register: 0.1 ms]
      [Humongous Reclaim: 0.0 ms]
      [Free CSet: 0.3 ms]
   [Eden: 289.0M(289.0M)->0.0B(285.0M) Survivors: 42.0M->42.0M Heap: 1072.6M(2048.0M)->1074.1M(2048.0M)]
 [Times: user=1.33 sys=0.02, real=0.17 secs] 
2020-09-29T11:30:48.867+0200: 102.300: [GC pause (G1 Humongous Allocation) (young) (initial-mark), 0.0547208 secs]
   [Parallel Time: 53.8 ms, GC Workers: 8]
      [GC Worker Start (ms): Min: 102300.4, Avg: 102300.4, Max: 102300.5, Diff: 0.1]
      [Ext Root Scanning (ms): Min: 0.1, Avg: 0.1, Max: 0.2, Diff: 0.1, Sum: 1.1]
      [Update RS (ms): Min: 28.4, Avg: 28.6, Max: 29.0, Diff: 0.6, Sum: 229.1]
         [Processed Buffers: Min: 31, Avg: 33.4, Max: 35, Diff: 4, Sum: 267]
      [Scan RS (ms): Min: 2.4, Avg: 2.7, Max: 3.0, Diff: 0.7, Sum: 21.8]
      [Code Root Scanning (ms): Min: 0.0, Avg: 0.0, Max: 0.0, Diff: 0.0, Sum: 0.0]
      [Object Copy (ms): Min: 22.1, Avg: 22.1, Max: 22.1, Diff: 0.1, Sum: 176.7]
      [Termination (ms): Min: 0.0, Avg: 0.0, Max: 0.0, Diff: 0.0, Sum: 0.1]
         [Termination Attempts: Min: 1, Avg: 58.5, Max: 79, Diff: 78, Sum: 468]
      [GC Worker Other (ms): Min: 0.0, Avg: 0.0, Max: 0.0, Diff: 0.0, Sum: 0.2]
      [GC Worker Total (ms): Min: 53.5, Avg: 53.6, Max: 53.7, Diff: 0.1, Sum: 429.0]
      [GC Worker End (ms): Min: 102354.1, Avg: 102354.1, Max: 102354.1, Diff: 0.0]
   [Code Root Fixup: 0.0 ms]
   [Code Root Purge: 0.0 ms]
   [Clear CT: 0.1 ms]
   [Other: 0.8 ms]
      [Choose CSet: 0.0 ms]
      [Ref Proc: 0.2 ms]
      [Ref Enq: 0.0 ms]
      [Redirty Cards: 0.2 ms]
      [Humongous Register: 0.1 ms]
      [Humongous Reclaim: 0.0 ms]
      [Free CSet: 0.1 ms]
   [Eden: 11.0M(285.0M)->0.0B(332.0M) Survivors: 42.0M->13.0M Heap: 1085.1M(2048.0M)->1088.6M(2048.0M)]
 [Times: user=0.38 sys=0.00, real=0.05 secs] 
2020-09-29T11:30:48.922+0200: 102.355: [GC concurrent-root-region-scan-start]
2020-09-29T11:30:48.925+0200: 102.358: [GC concurrent-root-region-scan-end, 0.0032076 secs]
2020-09-29T11:30:48.925+0200: 102.358: [GC concurrent-mark-start]
2020-09-29T11:30:48.929+0200: 102.362: [GC concurrent-mark-end, 0.0034050 secs]
2020-09-29T11:30:48.929+0200: 102.362: [GC remark 2020-09-29T11:30:48.929+0200: 102.362: [Finalize Marking, 0.0002594 secs] 2020-09-29T11:30:48.930+0200: 102.362: [GC ref-proc, 0.0004150 secs] 2020-09-29T11:30:48.930+0200: 102.363: [Unloading, 0.0005118 secs], 0.0016423 secs]
 [Times: user=0.00 sys=0.00, real=0.00 secs] 
2020-09-29T11:30:48.931+0200: 102.364: [GC cleanup 1103M->37M(2048M), 0.0015421 secs]
 [Times: user=0.00 sys=0.00, real=0.00 secs] 
2020-09-29T11:30:48.933+0200: 102.365: [GC concurrent-cleanup-start]
2020-09-29T11:30:48.935+0200: 102.368: [GC concurrent-cleanup-end, 0.0020890 secs]
2020-09-29T11:30:49.118+0200: 102.550: [GC pause (G1 Evacuation Pause) (young), 0.1618403 secs]
   [Parallel Time: 160.6 ms, GC Workers: 8]
      [GC Worker Start (ms): Min: 102550.6, Avg: 102550.7, Max: 102550.8, Diff: 0.2]
      [Ext Root Scanning (ms): Min: 0.0, Avg: 0.1, Max: 0.2, Diff: 0.2, Sum: 0.6]
      [Update RS (ms): Min: 17.5, Avg: 17.7, Max: 18.1, Diff: 0.6, Sum: 141.3]
         [Processed Buffers: Min: 18, Avg: 20.3, Max: 23, Diff: 5, Sum: 162]
      [Scan RS (ms): Min: 15.5, Avg: 16.1, Max: 16.3, Diff: 0.8, Sum: 128.4]
      [Code Root Scanning (ms): Min: 0.0, Avg: 0.0, Max: 0.0, Diff: 0.0, Sum: 0.0]
      [Object Copy (ms): Min: 126.2, Avg: 126.4, Max: 126.6, Diff: 0.3, Sum: 1011.1]
      [Termination (ms): Min: 0.0, Avg: 0.2, Max: 0.2, Diff: 0.2, Sum: 1.5]
         [Termination Attempts: Min: 1, Avg: 67.3, Max: 104, Diff: 103, Sum: 538]
      [GC Worker Other (ms): Min: 0.0, Avg: 0.0, Max: 0.0, Diff: 0.0, Sum: 0.1]
      [GC Worker Total (ms): Min: 160.3, Avg: 160.4, Max: 160.5, Diff: 0.2, Sum: 1283.0]
      [GC Worker End (ms): Min: 102711.1, Avg: 102711.1, Max: 102711.1, Diff: 0.0]
   [Code Root Fixup: 0.0 ms]
   [Code Root Purge: 0.0 ms]
   [Clear CT: 0.2 ms]
   [Other: 1.0 ms]
      [Choose CSet: 0.0 ms]
      [Ref Proc: 0.2 ms]
      [Ref Enq: 0.0 ms]
      [Redirty Cards: 0.3 ms]
      [Humongous Register: 0.0 ms]
      [Humongous Reclaim: 0.0 ms]
      [Free CSet: 0.2 ms]
   [Eden: 332.0M(332.0M)->0.0B(312.0M) Survivors: 13.0M->44.0M Heap: 411.7M(2048.0M)->401.2M(2048.0M)]
 [Times: user=1.23 sys=0.00, real=0.16 secs] 
2020-09-29T11:30:49.446+0200: 102.879: [GC pause (G1 Evacuation Pause) (young), 0.1716865 secs]
   [Parallel Time: 170.3 ms, GC Workers: 8]
      [GC Worker Start (ms): Min: 102879.3, Avg: 102879.4, Max: 102879.4, Diff: 0.1]
      [Ext Root Scanning (ms): Min: 0.0, Avg: 0.1, Max: 0.2, Diff: 0.1, Sum: 0.7]
      [Update RS (ms): Min: 20.7, Avg: 20.8, Max: 21.0, Diff: 0.3, Sum: 166.4]
         [Processed Buffers: Min: 22, Avg: 23.6, Max: 28, Diff: 6, Sum: 189]
      [Scan RS (ms): Min: 16.2, Avg: 16.4, Max: 16.5, Diff: 0.3, Sum: 131.1]
      [Code Root Scanning (ms): Min: 0.0, Avg: 0.0, Max: 0.0, Diff: 0.0, Sum: 0.0]
      [Object Copy (ms): Min: 132.5, Avg: 132.6, Max: 132.7, Diff: 0.2, Sum: 1061.0]
      [Termination (ms): Min: 0.0, Avg: 0.0, Max: 0.0, Diff: 0.0, Sum: 0.1]
         [Termination Attempts: Min: 1, Avg: 37.8, Max: 50, Diff: 49, Sum: 302]
      [GC Worker Other (ms): Min: 0.0, Avg: 0.0, Max: 0.1, Diff: 0.0, Sum: 0.2]
      [GC Worker Total (ms): Min: 169.9, Avg: 169.9, Max: 170.0, Diff: 0.1, Sum: 1359.5]
      [GC Worker End (ms): Min: 103049.3, Avg: 103049.3, Max: 103049.3, Diff: 0.0]
   [Code Root Fixup: 0.0 ms]
   [Code Root Purge: 0.0 ms]
   [Clear CT: 0.2 ms]
   [Other: 1.2 ms]
      [Choose CSet: 0.0 ms]
      [Ref Proc: 0.5 ms]
      [Ref Enq: 0.0 ms]
      [Redirty Cards: 0.2 ms]
      [Humongous Register: 0.0 ms]
      [Humongous Reclaim: 0.0 ms]
      [Free CSet: 0.2 ms]
   [Eden: 312.0M(312.0M)->0.0B(311.0M) Survivors: 44.0M->45.0M Heap: 764.7M(2048.0M)->766.7M(2048.0M)]
 [Times: user=1.34 sys=0.01, real=0.17 secs] 
2020-09-29T11:30:49.797+0200: 103.230: [GC pause (G1 Evacuation Pause) (young), 0.1783649 secs]
   [Parallel Time: 177.0 ms, GC Workers: 8]
      [GC Worker Start (ms): Min: 103229.9, Avg: 103230.0, Max: 103230.1, Diff: 0.2]
      [Ext Root Scanning (ms): Min: 0.0, Avg: 0.1, Max: 0.2, Diff: 0.2, Sum: 0.4]
      [Update RS (ms): Min: 18.4, Avg: 18.6, Max: 18.8, Diff: 0.4, Sum: 148.9]
         [Processed Buffers: Min: 18, Avg: 20.3, Max: 23, Diff: 5, Sum: 162]
      [Scan RS (ms): Min: 19.8, Avg: 20.0, Max: 20.2, Diff: 0.4, Sum: 160.4]
      [Code Root Scanning (ms): Min: 0.0, Avg: 0.0, Max: 0.0, Diff: 0.0, Sum: 0.0]
      [Object Copy (ms): Min: 137.9, Avg: 138.0, Max: 138.0, Diff: 0.1, Sum: 1103.8]
      [Termination (ms): Min: 0.0, Avg: 0.1, Max: 0.1, Diff: 0.1, Sum: 0.4]
         [Termination Attempts: Min: 1, Avg: 46.8, Max: 83, Diff: 82, Sum: 374]
      [GC Worker Other (ms): Min: 0.0, Avg: 0.0, Max: 0.0, Diff: 0.0, Sum: 0.1]
      [GC Worker Total (ms): Min: 176.7, Avg: 176.8, Max: 176.9, Diff: 0.2, Sum: 1414.1]
      [GC Worker End (ms): Min: 103406.7, Avg: 103406.7, Max: 103406.8, Diff: 0.0]
   [Code Root Fixup: 0.0 ms]
   [Code Root Purge: 0.0 ms]
   [Clear CT: 0.2 ms]
   [Other: 1.2 ms]
      [Choose CSet: 0.0 ms]
      [Ref Proc: 0.2 ms]
      [Ref Enq: 0.0 ms]
      [Redirty Cards: 0.3 ms]
      [Humongous Register: 0.0 ms]
      [Humongous Reclaim: 0.0 ms]
      [Free CSet: 0.4 ms]
   [Eden: 311.0M(311.0M)->0.0B(304.0M) Survivors: 45.0M->45.0M Heap: 1129.2M(2048.0M)->1131.2M(2048.0M)]
 [Times: user=1.42 sys=0.05, real=0.18 secs] 
2020-09-29T11:30:49.993+0200: 103.426: [GC pause (G1 Humongous Allocation) (young) (initial-mark), 0.0576809 secs]
   [Parallel Time: 56.8 ms, GC Workers: 8]
      [GC Worker Start (ms): Min: 103425.9, Avg: 103426.0, Max: 103426.1, Diff: 0.2]
      [Ext Root Scanning (ms): Min: 0.0, Avg: 4.8, Max: 23.4, Diff: 23.4, Sum: 38.3]
      [Update RS (ms): Min: 10.9, Avg: 29.5, Max: 34.3, Diff: 23.4, Sum: 235.8]
         [Processed Buffers: Min: 13, Avg: 33.1, Max: 42, Diff: 29, Sum: 265]
      [Scan RS (ms): Min: 2.6, Avg: 2.8, Max: 3.0, Diff: 0.4, Sum: 22.7]
      [Code Root Scanning (ms): Min: 0.0, Avg: 0.0, Max: 0.0, Diff: 0.0, Sum: 0.0]
      [Object Copy (ms): Min: 19.5, Avg: 19.5, Max: 19.5, Diff: 0.1, Sum: 156.0]
      [Termination (ms): Min: 0.0, Avg: 0.0, Max: 0.0, Diff: 0.0, Sum: 0.1]
         [Termination Attempts: Min: 1, Avg: 38.4, Max: 56, Diff: 55, Sum: 307]
      [GC Worker Other (ms): Min: 0.0, Avg: 0.0, Max: 0.0, Diff: 0.0, Sum: 0.2]
      [GC Worker Total (ms): Min: 56.6, Avg: 56.6, Max: 56.7, Diff: 0.2, Sum: 453.1]
      [GC Worker End (ms): Min: 103482.6, Avg: 103482.6, Max: 103482.7, Diff: 0.0]
   [Code Root Fixup: 0.0 ms]
   [Code Root Purge: 0.0 ms]
   [Clear CT: 0.2 ms]
   [Other: 0.7 ms]
      [Choose CSet: 0.0 ms]
      [Ref Proc: 0.2 ms]
      [Ref Enq: 0.0 ms]
      [Redirty Cards: 0.2 ms]
      [Humongous Register: 0.0 ms]
      [Humongous Reclaim: 0.0 ms]
      [Free CSet: 0.1 ms]
   [Eden: 7168.0K(304.0M)->0.0B(346.0M) Survivors: 45.0M->9216.0K Heap: 1137.7M(2048.0M)->1141.7M(2048.0M)]
 [Times: user=0.34 sys=0.00, real=0.06 secs] 
2020-09-29T11:30:50.051+0200: 103.484: [GC concurrent-root-region-scan-start]
2020-09-29T11:30:50.053+0200: 103.486: [GC concurrent-root-region-scan-end, 0.0018877 secs]
2020-09-29T11:30:50.053+0200: 103.486: [GC concurrent-mark-start]
2020-09-29T11:30:50.057+0200: 103.489: [GC concurrent-mark-end, 0.0033273 secs]
2020-09-29T11:30:50.057+0200: 103.489: [GC remark 2020-09-29T11:30:50.057+0200: 103.489: [Finalize Marking, 0.0001611 secs] 2020-09-29T11:30:50.057+0200: 103.489: [GC ref-proc, 0.0004153 secs] 2020-09-29T11:30:50.057+0200: 103.490: [Unloading, 0.0005217 secs], 0.0015342 secs]
 [Times: user=0.00 sys=0.00, real=0.00 secs] 
2020-09-29T11:30:50.059+0200: 103.491: [GC cleanup 1153M->30M(2048M), 0.0011455 secs]
 [Times: user=0.00 sys=0.00, real=0.00 secs] 
2020-09-29T11:30:50.060+0200: 103.492: [GC concurrent-cleanup-start]
2020-09-29T11:30:50.062+0200: 103.494: [GC concurrent-cleanup-end, 0.0015727 secs]
2020-09-29T11:30:50.225+0200: 103.657: [GC pause (G1 Evacuation Pause) (young), 0.1704809 secs]
   [Parallel Time: 169.3 ms, GC Workers: 8]
      [GC Worker Start (ms): Min: 103657.6, Avg: 103657.7, Max: 103657.7, Diff: 0.2]
      [Ext Root Scanning (ms): Min: 0.0, Avg: 0.1, Max: 0.1, Diff: 0.1, Sum: 0.4]
      [Update RS (ms): Min: 19.4, Avg: 19.5, Max: 19.5, Diff: 0.1, Sum: 155.9]
         [Processed Buffers: Min: 18, Avg: 19.9, Max: 22, Diff: 4, Sum: 159]
      [Scan RS (ms): Min: 18.9, Avg: 19.0, Max: 19.1, Diff: 0.2, Sum: 151.9]
      [Code Root Scanning (ms): Min: 0.0, Avg: 0.0, Max: 0.0, Diff: 0.0, Sum: 0.0]
      [Object Copy (ms): Min: 130.4, Avg: 130.5, Max: 130.6, Diff: 0.1, Sum: 1044.0]
      [Termination (ms): Min: 0.0, Avg: 0.0, Max: 0.0, Diff: 0.0, Sum: 0.0]
         [Termination Attempts: Min: 1, Avg: 2.6, Max: 4, Diff: 3, Sum: 21]
      [GC Worker Other (ms): Min: 0.0, Avg: 0.1, Max: 0.1, Diff: 0.1, Sum: 0.6]
      [GC Worker Total (ms): Min: 169.0, Avg: 169.1, Max: 169.2, Diff: 0.2, Sum: 1352.8]
      [GC Worker End (ms): Min: 103826.7, Avg: 103826.8, Max: 103826.8, Diff: 0.1]
   [Code Root Fixup: 0.0 ms]
   [Code Root Purge: 0.0 ms]
   [Clear CT: 0.3 ms]
   [Other: 0.9 ms]
      [Choose CSet: 0.0 ms]
      [Ref Proc: 0.2 ms]
      [Ref Enq: 0.0 ms]
      [Redirty Cards: 0.2 ms]
      [Humongous Register: 0.0 ms]
      [Humongous Reclaim: 0.0 ms]
      [Free CSet: 0.3 ms]
   [Eden: 346.0M(346.0M)->0.0B(321.0M) Survivors: 9216.0K->45.0M Heap: 423.6M(2048.0M)->417.1M(2048.0M)]
 [Times: user=1.23 sys=0.02, real=0.17 secs] 
2020-09-29T11:30:50.579+0200: 104.012: [GC pause (G1 Evacuation Pause) (young), 0.1958394 secs]
   [Parallel Time: 194.9 ms, GC Workers: 8]
      [GC Worker Start (ms): Min: 104012.3, Avg: 104013.7, Max: 104022.4, Diff: 10.1]
      [Ext Root Scanning (ms): Min: 0.0, Avg: 0.1, Max: 0.2, Diff: 0.2, Sum: 0.5]
      [Update RS (ms): Min: 9.1, Avg: 17.9, Max: 19.5, Diff: 10.4, Sum: 143.2]
         [Processed Buffers: Min: 9, Avg: 18.1, Max: 22, Diff: 13, Sum: 145]
      [Scan RS (ms): Min: 23.9, Avg: 24.1, Max: 24.2, Diff: 0.3, Sum: 192.8]
      [Code Root Scanning (ms): Min: 0.0, Avg: 0.0, Max: 0.0, Diff: 0.0, Sum: 0.0]
      [Object Copy (ms): Min: 151.1, Avg: 151.3, Max: 151.3, Diff: 0.2, Sum: 1210.1]
      [Termination (ms): Min: 0.0, Avg: 0.0, Max: 0.0, Diff: 0.0, Sum: 0.1]
         [Termination Attempts: Min: 1, Avg: 115.1, Max: 151, Diff: 150, Sum: 921]
      [GC Worker Other (ms): Min: 0.0, Avg: 0.0, Max: 0.1, Diff: 0.0, Sum: 0.3]
      [GC Worker Total (ms): Min: 184.6, Avg: 193.4, Max: 194.8, Diff: 10.1, Sum: 1547.0]
      [GC Worker End (ms): Min: 104207.0, Avg: 104207.1, Max: 104207.1, Diff: 0.1]
   [Code Root Fixup: 0.0 ms]
   [Code Root Purge: 0.0 ms]
   [Clear CT: 0.2 ms]
   [Other: 0.8 ms]
      [Choose CSet: 0.0 ms]
      [Ref Proc: 0.2 ms]
      [Ref Enq: 0.0 ms]
      [Redirty Cards: 0.1 ms]
      [Humongous Register: 0.0 ms]
      [Humongous Reclaim: 0.0 ms]
      [Free CSet: 0.2 ms]
   [Eden: 321.0M(321.0M)->0.0B(292.0M) Survivors: 45.0M->46.0M Heap: 791.5M(2048.0M)->793.5M(2048.0M)]
 [Times: user=1.53 sys=0.06, real=0.20 secs] 
2020-09-29T11:30:50.934+0200: 104.367: [GC pause (G1 Evacuation Pause) (young), 0.1731408 secs]
   [Parallel Time: 172.1 ms, GC Workers: 8]
      [GC Worker Start (ms): Min: 104367.0, Avg: 104367.1, Max: 104367.1, Diff: 0.2]
      [Ext Root Scanning (ms): Min: 0.0, Avg: 0.1, Max: 0.1, Diff: 0.1, Sum: 0.5]
      [Update RS (ms): Min: 17.7, Avg: 18.0, Max: 18.3, Diff: 0.5, Sum: 144.0]
         [Processed Buffers: Min: 15, Avg: 17.1, Max: 19, Diff: 4, Sum: 137]
      [Scan RS (ms): Min: 17.3, Avg: 17.7, Max: 17.9, Diff: 0.6, Sum: 141.2]
      [Code Root Scanning (ms): Min: 0.0, Avg: 0.0, Max: 0.0, Diff: 0.0, Sum: 0.0]
      [Object Copy (ms): Min: 135.9, Avg: 136.1, Max: 136.1, Diff: 0.3, Sum: 1088.4]
      [Termination (ms): Min: 0.0, Avg: 0.1, Max: 0.2, Diff: 0.2, Sum: 0.9]
         [Termination Attempts: Min: 1, Avg: 802.8, Max: 979, Diff: 978, Sum: 6422]
      [GC Worker Other (ms): Min: 0.0, Avg: 0.0, Max: 0.1, Diff: 0.1, Sum: 0.3]
      [GC Worker Total (ms): Min: 171.8, Avg: 171.9, Max: 172.0, Diff: 0.2, Sum: 1375.3]
      [GC Worker End (ms): Min: 104539.0, Avg: 104539.0, Max: 104539.0, Diff: 0.1]
   [Code Root Fixup: 0.0 ms]
   [Code Root Purge: 0.0 ms]
   [Clear CT: 0.2 ms]
   [Other: 0.9 ms]
      [Choose CSet: 0.0 ms]
      [Ref Proc: 0.1 ms]
      [Ref Enq: 0.0 ms]
      [Redirty Cards: 0.3 ms]
      [Humongous Register: 0.0 ms]
      [Humongous Reclaim: 0.0 ms]
      [Free CSet: 0.3 ms]
   [Eden: 292.0M(292.0M)->0.0B(293.0M) Survivors: 46.0M->43.0M Heap: 1133.2M(2048.0M)->1135.2M(2048.0M)]
 [Times: user=1.34 sys=0.00, real=0.17 secs] 
2020-09-29T11:30:51.118+0200: 104.551: [GC pause (G1 Humongous Allocation) (young) (initial-mark), 0.0581829 secs]
   [Parallel Time: 57.4 ms, GC Workers: 8]
      [GC Worker Start (ms): Min: 104551.1, Avg: 104551.1, Max: 104551.2, Diff: 0.1]
      [Ext Root Scanning (ms): Min: 0.0, Avg: 0.1, Max: 0.1, Diff: 0.1, Sum: 0.6]
      [Update RS (ms): Min: 35.1, Avg: 35.4, Max: 35.6, Diff: 0.5, Sum: 283.0]
         [Processed Buffers: Min: 39, Avg: 41.1, Max: 44, Diff: 5, Sum: 329]
      [Scan RS (ms): Min: 2.5, Avg: 2.7, Max: 3.0, Diff: 0.5, Sum: 21.8]
      [Code Root Scanning (ms): Min: 0.0, Avg: 0.0, Max: 0.0, Diff: 0.0, Sum: 0.0]
      [Object Copy (ms): Min: 19.0, Avg: 19.0, Max: 19.0, Diff: 0.1, Sum: 152.0]
      [Termination (ms): Min: 0.0, Avg: 0.0, Max: 0.0, Diff: 0.0, Sum: 0.0]
         [Termination Attempts: Min: 1, Avg: 6.9, Max: 10, Diff: 9, Sum: 55]
      [GC Worker Other (ms): Min: 0.0, Avg: 0.0, Max: 0.0, Diff: 0.0, Sum: 0.1]
      [GC Worker Total (ms): Min: 57.2, Avg: 57.2, Max: 57.2, Diff: 0.1, Sum: 457.6]
      [GC Worker End (ms): Min: 104608.3, Avg: 104608.3, Max: 104608.3, Diff: 0.0]
   [Code Root Fixup: 0.0 ms]
   [Code Root Purge: 0.0 ms]
   [Clear CT: 0.2 ms]
   [Other: 0.6 ms]
      [Choose CSet: 0.0 ms]
      [Ref Proc: 0.1 ms]
      [Ref Enq: 0.0 ms]
      [Redirty Cards: 0.2 ms]
      [Humongous Register: 0.0 ms]
      [Humongous Reclaim: 0.0 ms]
      [Free CSet: 0.1 ms]
   [Eden: 3072.0K(293.0M)->0.0B(337.0M) Survivors: 43.0M->5120.0K Heap: 1137.7M(2048.0M)->1142.2M(2048.0M)]
 [Times: user=0.50 sys=0.00, real=0.06 secs] 
2020-09-29T11:30:51.176+0200: 104.609: [GC concurrent-root-region-scan-start]
2020-09-29T11:30:51.177+0200: 104.610: [GC concurrent-root-region-scan-end, 0.0008906 secs]
2020-09-29T11:30:51.177+0200: 104.610: [GC concurrent-mark-start]
2020-09-29T11:30:51.181+0200: 104.614: [GC concurrent-mark-end, 0.0034175 secs]
2020-09-29T11:30:51.181+0200: 104.614: [GC remark 2020-09-29T11:30:51.181+0200: 104.614: [Finalize Marking, 0.0002983 secs] 2020-09-29T11:30:51.181+0200: 104.614: [GC ref-proc, 0.0004060 secs] 2020-09-29T11:30:51.182+0200: 104.615: [Unloading, 0.0005027 secs], 0.0015967 secs]
 [Times: user=0.00 sys=0.00, real=0.00 secs] 
2020-09-29T11:30:51.183+0200: 104.616: [GC cleanup 1152M->24M(2048M), 0.0012824 secs]
 [Times: user=0.00 sys=0.00, real=0.00 secs] 
2020-09-29T11:30:51.184+0200: 104.617: [GC concurrent-cleanup-start]
2020-09-29T11:30:51.186+0200: 104.619: [GC concurrent-cleanup-end, 0.0019833 secs]
2020-09-29T11:30:51.369+0200: 104.801: [GC pause (G1 Evacuation Pause) (young), 0.1675757 secs]
   [Parallel Time: 166.2 ms, GC Workers: 8]
      [GC Worker Start (ms): Min: 104801.5, Avg: 104802.2, Max: 104806.7, Diff: 5.3]
      [Ext Root Scanning (ms): Min: 0.0, Avg: 0.1, Max: 0.2, Diff: 0.2, Sum: 0.6]
      [Update RS (ms): Min: 13.8, Avg: 18.4, Max: 19.5, Diff: 5.7, Sum: 147.0]
         [Processed Buffers: Min: 14, Avg: 20.5, Max: 23, Diff: 9, Sum: 164]
      [Scan RS (ms): Min: 15.4, Avg: 15.8, Max: 16.0, Diff: 0.6, Sum: 126.7]
      [Code Root Scanning (ms): Min: 0.0, Avg: 0.0, Max: 0.0, Diff: 0.0, Sum: 0.0]
      [Object Copy (ms): Min: 130.9, Avg: 131.0, Max: 131.0, Diff: 0.1, Sum: 1047.9]
      [Termination (ms): Min: 0.0, Avg: 0.0, Max: 0.0, Diff: 0.0, Sum: 0.2]
         [Termination Attempts: Min: 1, Avg: 119.8, Max: 153, Diff: 152, Sum: 958]
      [GC Worker Other (ms): Min: 0.0, Avg: 0.0, Max: 0.1, Diff: 0.0, Sum: 0.3]
      [GC Worker Total (ms): Min: 160.8, Avg: 165.3, Max: 166.0, Diff: 5.2, Sum: 1322.7]
      [GC Worker End (ms): Min: 104967.5, Avg: 104967.5, Max: 104967.6, Diff: 0.0]
   [Code Root Fixup: 0.0 ms]
   [Code Root Purge: 0.0 ms]
   [Clear CT: 0.2 ms]
   [Other: 1.2 ms]
      [Choose CSet: 0.0 ms]
      [Ref Proc: 0.1 ms]
      [Ref Enq: 0.0 ms]
      [Redirty Cards: 0.3 ms]
      [Humongous Register: 0.1 ms]
      [Humongous Reclaim: 0.0 ms]
      [Free CSet: 0.3 ms]
   [Eden: 337.0M(337.0M)->0.0B(312.0M) Survivors: 5120.0K->43.0M Heap: 409.2M(2048.0M)->405.7M(2048.0M)]
 [Times: user=1.38 sys=0.00, real=0.17 secs] 
2020-09-29T11:30:51.709+0200: 105.142: [GC pause (G1 Evacuation Pause) (young), 0.1777280 secs]
   [Parallel Time: 176.4 ms, GC Workers: 8]
      [GC Worker Start (ms): Min: 105142.0, Avg: 105142.1, Max: 105142.2, Diff: 0.2]
      [Ext Root Scanning (ms): Min: 0.0, Avg: 0.0, Max: 0.2, Diff: 0.2, Sum: 0.4]
      [Update RS (ms): Min: 19.6, Avg: 19.8, Max: 20.2, Diff: 0.7, Sum: 158.6]
         [Processed Buffers: Min: 16, Avg: 20.9, Max: 23, Diff: 7, Sum: 167]
      [Scan RS (ms): Min: 17.7, Avg: 18.1, Max: 18.4, Diff: 0.7, Sum: 145.1]
      [Code Root Scanning (ms): Min: 0.0, Avg: 0.0, Max: 0.0, Diff: 0.0, Sum: 0.0]
      [Object Copy (ms): Min: 137.9, Avg: 138.1, Max: 138.2, Diff: 0.2, Sum: 1104.5]
      [Termination (ms): Min: 0.0, Avg: 0.0, Max: 0.0, Diff: 0.0, Sum: 0.2]
         [Termination Attempts: Min: 1, Avg: 176.8, Max: 242, Diff: 241, Sum: 1414]
      [GC Worker Other (ms): Min: 0.0, Avg: 0.0, Max: 0.1, Diff: 0.1, Sum: 0.4]
      [GC Worker Total (ms): Min: 176.1, Avg: 176.1, Max: 176.3, Diff: 0.2, Sum: 1409.2]
      [GC Worker End (ms): Min: 105318.2, Avg: 105318.3, Max: 105318.3, Diff: 0.1]
   [Code Root Fixup: 0.0 ms]
   [Code Root Purge: 0.0 ms]
   [Clear CT: 0.2 ms]
   [Other: 1.1 ms]
      [Choose CSet: 0.0 ms]
      [Ref Proc: 0.2 ms]
      [Ref Enq: 0.0 ms]
      [Redirty Cards: 0.5 ms]
      [Humongous Register: 0.0 ms]
      [Humongous Reclaim: 0.0 ms]
      [Free CSet: 0.2 ms]
   [Eden: 312.0M(312.0M)->0.0B(306.0M) Survivors: 43.0M->45.0M Heap: 769.2M(2048.0M)->771.2M(2048.0M)]
 [Times: user=1.38 sys=0.00, real=0.18 secs] 
2020-09-29T11:30:52.063+0200: 105.495: [GC pause (G1 Evacuation Pause) (young), 0.1764616 secs]
   [Parallel Time: 175.4 ms, GC Workers: 8]
      [GC Worker Start (ms): Min: 105495.4, Avg: 105495.5, Max: 105495.6, Diff: 0.2]
      [Ext Root Scanning (ms): Min: 0.0, Avg: 0.1, Max: 0.2, Diff: 0.2, Sum: 0.5]
      [Update RS (ms): Min: 22.7, Avg: 22.9, Max: 23.2, Diff: 0.5, Sum: 182.9]
         [Processed Buffers: Min: 23, Avg: 24.0, Max: 27, Diff: 4, Sum: 192]
      [Scan RS (ms): Min: 16.9, Avg: 17.4, Max: 17.5, Diff: 0.6, Sum: 139.0]
      [Code Root Scanning (ms): Min: 0.0, Avg: 0.0, Max: 0.0, Diff: 0.0, Sum: 0.0]
      [Object Copy (ms): Min: 134.7, Avg: 134.8, Max: 134.8, Diff: 0.2, Sum: 1078.2]
      [Termination (ms): Min: 0.0, Avg: 0.0, Max: 0.0, Diff: 0.0, Sum: 0.2]
         [Termination Attempts: Min: 1, Avg: 143.9, Max: 177, Diff: 176, Sum: 1151]
      [GC Worker Other (ms): Min: 0.0, Avg: 0.0, Max: 0.1, Diff: 0.1, Sum: 0.4]
      [GC Worker Total (ms): Min: 175.1, Avg: 175.2, Max: 175.3, Diff: 0.2, Sum: 1401.3]
      [GC Worker End (ms): Min: 105670.6, Avg: 105670.7, Max: 105670.7, Diff: 0.1]
   [Code Root Fixup: 0.0 ms]
   [Code Root Purge: 0.0 ms]
   [Clear CT: 0.2 ms]
   [Other: 0.8 ms]
      [Choose CSet: 0.0 ms]
      [Ref Proc: 0.2 ms]
      [Ref Enq: 0.0 ms]
      [Redirty Cards: 0.2 ms]
      [Humongous Register: 0.0 ms]
      [Humongous Reclaim: 0.0 ms]
      [Free CSet: 0.2 ms]
   [Eden: 306.0M(306.0M)->0.0B(306.0M) Survivors: 45.0M->44.0M Heap: 1128.7M(2048.0M)->1131.2M(2048.0M)]
 [Times: user=1.44 sys=0.03, real=0.18 secs] 
2020-09-29T11:30:52.251+0200: 105.683: [GC pause (G1 Humongous Allocation) (young) (initial-mark), 0.0611630 secs]
   [Parallel Time: 60.1 ms, GC Workers: 8]
      [GC Worker Start (ms): Min: 105683.5, Avg: 105683.6, Max: 105683.6, Diff: 0.1]
      [Ext Root Scanning (ms): Min: 0.0, Avg: 0.1, Max: 0.2, Diff: 0.1, Sum: 0.6]
      [Update RS (ms): Min: 35.4, Avg: 35.6, Max: 35.9, Diff: 0.6, Sum: 284.9]
         [Processed Buffers: Min: 32, Avg: 41.1, Max: 43, Diff: 11, Sum: 329]
      [Scan RS (ms): Min: 2.5, Avg: 2.8, Max: 3.0, Diff: 0.6, Sum: 22.4]
      [Code Root Scanning (ms): Min: 0.0, Avg: 0.0, Max: 0.0, Diff: 0.0, Sum: 0.0]
      [Object Copy (ms): Min: 21.4, Avg: 21.4, Max: 21.5, Diff: 0.1, Sum: 171.5]
      [Termination (ms): Min: 0.0, Avg: 0.0, Max: 0.0, Diff: 0.0, Sum: 0.1]
         [Termination Attempts: Min: 1, Avg: 62.0, Max: 88, Diff: 87, Sum: 496]
      [GC Worker Other (ms): Min: 0.0, Avg: 0.0, Max: 0.0, Diff: 0.0, Sum: 0.1]
      [GC Worker Total (ms): Min: 59.9, Avg: 60.0, Max: 60.0, Diff: 0.1, Sum: 479.6]
      [GC Worker End (ms): Min: 105743.5, Avg: 105743.5, Max: 105743.6, Diff: 0.0]
   [Code Root Fixup: 0.0 ms]
   [Code Root Purge: 0.0 ms]
   [Clear CT: 0.2 ms]
   [Other: 0.8 ms]
      [Choose CSet: 0.0 ms]
      [Ref Proc: 0.2 ms]
      [Ref Enq: 0.0 ms]
      [Redirty Cards: 0.3 ms]
      [Humongous Register: 0.0 ms]
      [Humongous Reclaim: 0.0 ms]
      [Free CSet: 0.1 ms]
   [Eden: 7168.0K(306.0M)->0.0B(342.0M) Survivors: 44.0M->9216.0K Heap: 1137.7M(2048.0M)->1141.7M(2048.0M)]
 [Times: user=0.48 sys=0.00, real=0.06 secs] 
2020-09-29T11:30:52.312+0200: 105.745: [GC concurrent-root-region-scan-start]
2020-09-29T11:30:52.314+0200: 105.747: [GC concurrent-root-region-scan-end, 0.0018208 secs]
2020-09-29T11:30:52.314+0200: 105.747: [GC concurrent-mark-start]
2020-09-29T11:30:52.320+0200: 105.753: [GC concurrent-mark-end, 0.0060424 secs]
2020-09-29T11:30:52.320+0200: 105.753: [GC remark 2020-09-29T11:30:52.320+0200: 105.753: [Finalize Marking, 0.0002248 secs] 2020-09-29T11:30:52.320+0200: 105.753: [GC ref-proc, 0.0002931 secs] 2020-09-29T11:30:52.321+0200: 105.753: [Unloading, 0.0004397 secs], 0.0012706 secs]
 [Times: user=0.00 sys=0.00, real=0.00 secs] 
2020-09-29T11:30:52.322+0200: 105.754: [GC cleanup 1160M->37M(2048M), 0.0011241 secs]
 [Times: user=0.00 sys=0.00, real=0.00 secs] 
2020-09-29T11:30:52.323+0200: 105.756: [GC concurrent-cleanup-start]
2020-09-29T11:30:52.325+0200: 105.757: [GC concurrent-cleanup-end, 0.0017456 secs]
2020-09-29T11:30:52.490+0200: 105.923: [GC pause (G1 Evacuation Pause) (young), 0.1702121 secs]
   [Parallel Time: 169.0 ms, GC Workers: 8]
      [GC Worker Start (ms): Min: 105923.3, Avg: 105923.4, Max: 105923.5, Diff: 0.2]
      [Ext Root Scanning (ms): Min: 0.0, Avg: 0.1, Max: 0.2, Diff: 0.2, Sum: 0.5]
      [Update RS (ms): Min: 19.7, Avg: 20.0, Max: 20.4, Diff: 0.7, Sum: 160.2]
         [Processed Buffers: Min: 20, Avg: 21.9, Max: 24, Diff: 4, Sum: 175]
      [Scan RS (ms): Min: 15.0, Avg: 15.5, Max: 16.0, Diff: 1.0, Sum: 123.6]
      [Code Root Scanning (ms): Min: 0.0, Avg: 0.0, Max: 0.0, Diff: 0.0, Sum: 0.0]
      [Object Copy (ms): Min: 132.9, Avg: 133.1, Max: 133.2, Diff: 0.3, Sum: 1065.0]
      [Termination (ms): Min: 0.0, Avg: 0.0, Max: 0.1, Diff: 0.1, Sum: 0.3]
         [Termination Attempts: Min: 1, Avg: 310.9, Max: 384, Diff: 383, Sum: 2487]
      [GC Worker Other (ms): Min: 0.0, Avg: 0.0, Max: 0.1, Diff: 0.1, Sum: 0.4]
      [GC Worker Total (ms): Min: 168.7, Avg: 168.8, Max: 168.8, Diff: 0.2, Sum: 1350.0]
      [GC Worker End (ms): Min: 106092.2, Avg: 106092.2, Max: 106092.2, Diff: 0.1]
   [Code Root Fixup: 0.0 ms]
   [Code Root Purge: 0.0 ms]
   [Clear CT: 0.2 ms]
   [Other: 1.1 ms]
      [Choose CSet: 0.0 ms]
      [Ref Proc: 0.2 ms]
      [Ref Enq: 0.0 ms]
      [Redirty Cards: 0.3 ms]
      [Humongous Register: 0.0 ms]
      [Humongous Reclaim: 0.0 ms]
      [Free CSet: 0.3 ms]
   [Eden: 342.0M(342.0M)->0.0B(318.0M) Survivors: 9216.0K->44.0M Heap: 417.7M(2048.0M)->411.7M(2048.0M)]
 [Times: user=1.31 sys=0.00, real=0.17 secs] 
2020-09-29T11:30:52.852+0200: 106.285: [GC pause (G1 Evacuation Pause) (young), 0.1925189 secs]
   [Parallel Time: 191.2 ms, GC Workers: 8]
      [GC Worker Start (ms): Min: 106284.7, Avg: 106284.8, Max: 106284.9, Diff: 0.2]
      [Ext Root Scanning (ms): Min: 0.0, Avg: 0.1, Max: 0.2, Diff: 0.2, Sum: 0.4]
      [Update RS (ms): Min: 16.5, Avg: 16.7, Max: 17.1, Diff: 0.7, Sum: 133.4]
         [Processed Buffers: Min: 16, Avg: 16.6, Max: 17, Diff: 1, Sum: 133]
      [Scan RS (ms): Min: 21.9, Avg: 22.4, Max: 22.6, Diff: 0.7, Sum: 179.1]
      [Code Root Scanning (ms): Min: 0.0, Avg: 0.0, Max: 0.0, Diff: 0.0, Sum: 0.0]
      [Object Copy (ms): Min: 151.4, Avg: 151.5, Max: 151.8, Diff: 0.4, Sum: 1212.2]
      [Termination (ms): Min: 0.0, Avg: 0.3, Max: 0.4, Diff: 0.4, Sum: 2.2]
         [Termination Attempts: Min: 1, Avg: 1741.3, Max: 2206, Diff: 2205, Sum: 13930]
      [GC Worker Other (ms): Min: 0.0, Avg: 0.0, Max: 0.1, Diff: 0.1, Sum: 0.4]
      [GC Worker Total (ms): Min: 190.9, Avg: 191.0, Max: 191.1, Diff: 0.2, Sum: 1527.7]
      [GC Worker End (ms): Min: 106475.7, Avg: 106475.8, Max: 106475.8, Diff: 0.1]
   [Code Root Fixup: 0.0 ms]
   [Code Root Purge: 0.0 ms]
   [Clear CT: 0.2 ms]
   [Other: 1.1 ms]
      [Choose CSet: 0.0 ms]
      [Ref Proc: 0.2 ms]
      [Ref Enq: 0.0 ms]
      [Redirty Cards: 0.3 ms]
      [Humongous Register: 0.0 ms]
      [Humongous Reclaim: 0.0 ms]
      [Free CSet: 0.4 ms]
   [Eden: 318.0M(318.0M)->0.0B(292.0M) Survivors: 44.0M->46.0M Heap: 783.1M(2048.0M)->785.6M(2048.0M)]
 [Times: user=1.47 sys=0.00, real=0.19 secs] 
2020-09-29T11:30:53.214+0200: 106.646: [GC pause (G1 Evacuation Pause) (young), 0.1700261 secs]
   [Parallel Time: 168.7 ms, GC Workers: 8]
      [GC Worker Start (ms): Min: 106646.1, Avg: 106646.2, Max: 106646.3, Diff: 0.2]
      [Ext Root Scanning (ms): Min: 0.0, Avg: 0.1, Max: 0.2, Diff: 0.2, Sum: 0.5]
      [Update RS (ms): Min: 15.6, Avg: 15.8, Max: 16.0, Diff: 0.3, Sum: 126.1]
         [Processed Buffers: Min: 15, Avg: 17.9, Max: 21, Diff: 6, Sum: 143]
      [Scan RS (ms): Min: 16.4, Avg: 16.8, Max: 17.1, Diff: 0.6, Sum: 134.1]
      [Code Root Scanning (ms): Min: 0.0, Avg: 0.0, Max: 0.0, Diff: 0.0, Sum: 0.0]
      [Object Copy (ms): Min: 135.5, Avg: 135.7, Max: 135.9, Diff: 0.4, Sum: 1085.3]
      [Termination (ms): Min: 0.0, Avg: 0.1, Max: 0.2, Diff: 0.2, Sum: 1.1]
         [Termination Attempts: Min: 1, Avg: 1010.0, Max: 1226, Diff: 1225, Sum: 8080]
      [GC Worker Other (ms): Min: 0.0, Avg: 0.0, Max: 0.1, Diff: 0.1, Sum: 0.3]
      [GC Worker Total (ms): Min: 168.4, Avg: 168.4, Max: 168.5, Diff: 0.2, Sum: 1347.4]
      [GC Worker End (ms): Min: 106814.6, Avg: 106814.7, Max: 106814.7, Diff: 0.1]
   [Code Root Fixup: 0.0 ms]
   [Code Root Purge: 0.0 ms]
   [Clear CT: 0.2 ms]
   [Other: 1.1 ms]
      [Choose CSet: 0.0 ms]
      [Ref Proc: 0.2 ms]
      [Ref Enq: 0.0 ms]
      [Redirty Cards: 0.3 ms]
      [Humongous Register: 0.0 ms]
      [Humongous Reclaim: 0.0 ms]
      [Free CSet: 0.3 ms]
   [Eden: 292.0M(292.0M)->0.0B(298.0M) Survivors: 46.0M->43.0M Heap: 1127.2M(2048.0M)->1129.2M(2048.0M)]
 [Times: user=1.34 sys=0.00, real=0.17 secs] 
2020-09-29T11:30:53.401+0200: 106.834: [GC pause (G1 Humongous Allocation) (young) (initial-mark), 0.0559188 secs]
   [Parallel Time: 55.1 ms, GC Workers: 8]
      [GC Worker Start (ms): Min: 106834.0, Avg: 106834.1, Max: 106834.2, Diff: 0.2]
      [Ext Root Scanning (ms): Min: 0.0, Avg: 0.1, Max: 0.2, Diff: 0.2, Sum: 1.1]
      [Update RS (ms): Min: 30.9, Avg: 31.1, Max: 31.4, Diff: 0.4, Sum: 248.5]
         [Processed Buffers: Min: 34, Avg: 35.5, Max: 36, Diff: 2, Sum: 284]
      [Scan RS (ms): Min: 2.3, Avg: 2.6, Max: 2.8, Diff: 0.5, Sum: 20.9]
      [Code Root Scanning (ms): Min: 0.0, Avg: 0.0, Max: 0.0, Diff: 0.0, Sum: 0.0]
      [Object Copy (ms): Min: 20.9, Avg: 20.9, Max: 21.0, Diff: 0.1, Sum: 167.5]
      [Termination (ms): Min: 0.0, Avg: 0.1, Max: 0.1, Diff: 0.1, Sum: 0.5]
         [Termination Attempts: Min: 1, Avg: 146.5, Max: 191, Diff: 190, Sum: 1172]
      [GC Worker Other (ms): Min: 0.0, Avg: 0.0, Max: 0.0, Diff: 0.0, Sum: 0.1]
      [GC Worker Total (ms): Min: 54.7, Avg: 54.8, Max: 54.9, Diff: 0.2, Sum: 438.6]
      [GC Worker End (ms): Min: 106888.9, Avg: 106888.9, Max: 106888.9, Diff: 0.0]
   [Code Root Fixup: 0.0 ms]
   [Code Root Purge: 0.0 ms]
   [Clear CT: 0.1 ms]
   [Other: 0.7 ms]
      [Choose CSet: 0.0 ms]
      [Ref Proc: 0.2 ms]
      [Ref Enq: 0.0 ms]
      [Redirty Cards: 0.1 ms]
      [Humongous Register: 0.1 ms]
      [Humongous Reclaim: 0.0 ms]
      [Free CSet: 0.1 ms]
   [Eden: 10.0M(298.0M)->0.0B(344.0M) Survivors: 43.0M->11.0M Heap: 1138.7M(2048.0M)->1142.2M(2048.0M)]
 [Times: user=0.33 sys=0.00, real=0.06 secs] 
2020-09-29T11:30:53.457+0200: 106.890: [GC concurrent-root-region-scan-start]
2020-09-29T11:30:53.460+0200: 106.892: [GC concurrent-root-region-scan-end, 0.0022792 secs]
2020-09-29T11:30:53.460+0200: 106.892: [GC concurrent-mark-start]
2020-09-29T11:30:53.463+0200: 106.896: [GC concurrent-mark-end, 0.0036394 secs]
2020-09-29T11:30:53.464+0200: 106.896: [GC remark 2020-09-29T11:30:53.464+0200: 106.896: [Finalize Marking, 0.0001827 secs] 2020-09-29T11:30:53.464+0200: 106.896: [GC ref-proc, 0.0002583 secs] 2020-09-29T11:30:53.464+0200: 106.896: [Unloading, 0.0003680 secs], 0.0010979 secs]
 [Times: user=0.00 sys=0.00, real=0.00 secs] 
2020-09-29T11:30:53.465+0200: 106.897: [GC cleanup 1159M->37M(2048M), 0.0010191 secs]
 [Times: user=0.00 sys=0.00, real=0.00 secs] 
2020-09-29T11:30:53.466+0200: 106.898: [GC concurrent-cleanup-start]
2020-09-29T11:30:53.467+0200: 106.900: [GC concurrent-cleanup-end, 0.0013305 secs]
2020-09-29T11:30:53.643+0200: 107.075: [GC pause (G1 Evacuation Pause) (young), 0.1680989 secs]
   [Parallel Time: 166.5 ms, GC Workers: 8]
      [GC Worker Start (ms): Min: 107075.5, Avg: 107075.7, Max: 107075.7, Diff: 0.2]
      [Ext Root Scanning (ms): Min: 0.0, Avg: 0.1, Max: 0.2, Diff: 0.2, Sum: 0.4]
      [Update RS (ms): Min: 14.7, Avg: 14.8, Max: 15.0, Diff: 0.3, Sum: 118.1]
         [Processed Buffers: Min: 16, Avg: 17.8, Max: 21, Diff: 5, Sum: 142]
      [Scan RS (ms): Min: 17.2, Avg: 17.4, Max: 17.5, Diff: 0.3, Sum: 138.9]
      [Code Root Scanning (ms): Min: 0.0, Avg: 0.0, Max: 0.0, Diff: 0.0, Sum: 0.0]
      [Object Copy (ms): Min: 133.9, Avg: 134.0, Max: 134.1, Diff: 0.2, Sum: 1071.8]
      [Termination (ms): Min: 0.0, Avg: 0.1, Max: 0.1, Diff: 0.1, Sum: 0.7]
         [Termination Attempts: Min: 1, Avg: 580.4, Max: 714, Diff: 713, Sum: 4643]
      [GC Worker Other (ms): Min: 0.0, Avg: 0.0, Max: 0.1, Diff: 0.1, Sum: 0.3]
      [GC Worker Total (ms): Min: 166.2, Avg: 166.3, Max: 166.4, Diff: 0.1, Sum: 1330.2]
      [GC Worker End (ms): Min: 107241.9, Avg: 107241.9, Max: 107242.0, Diff: 0.1]
   [Code Root Fixup: 0.0 ms]
   [Code Root Purge: 0.0 ms]
   [Clear CT: 0.4 ms]
   [Other: 1.2 ms]
      [Choose CSet: 0.0 ms]
      [Ref Proc: 0.4 ms]
      [Ref Enq: 0.0 ms]
      [Redirty Cards: 0.4 ms]
      [Humongous Register: 0.0 ms]
      [Humongous Reclaim: 0.0 ms]
      [Free CSet: 0.2 ms]
   [Eden: 344.0M(344.0M)->0.0B(320.0M) Survivors: 11.0M->45.0M Heap: 424.1M(2048.0M)->415.6M(2048.0M)]
 [Times: user=1.36 sys=0.02, real=0.17 secs] 
2020-09-29T11:30:53.989+0200: 107.422: [GC pause (G1 Evacuation Pause) (young), 0.1960254 secs]
   [Parallel Time: 194.4 ms, GC Workers: 8]
      [GC Worker Start (ms): Min: 107421.7, Avg: 107421.8, Max: 107421.9, Diff: 0.1]
      [Ext Root Scanning (ms): Min: 0.0, Avg: 0.1, Max: 0.1, Diff: 0.1, Sum: 0.6]
      [Update RS (ms): Min: 21.8, Avg: 22.0, Max: 22.5, Diff: 0.7, Sum: 175.8]
         [Processed Buffers: Min: 21, Avg: 23.0, Max: 25, Diff: 4, Sum: 184]
      [Scan RS (ms): Min: 19.1, Avg: 19.7, Max: 19.9, Diff: 0.8, Sum: 157.5]
      [Code Root Scanning (ms): Min: 0.0, Avg: 0.0, Max: 0.0, Diff: 0.0, Sum: 0.0]
      [Object Copy (ms): Min: 152.0, Avg: 152.2, Max: 152.4, Diff: 0.4, Sum: 1217.3]
      [Termination (ms): Min: 0.0, Avg: 0.2, Max: 0.3, Diff: 0.3, Sum: 1.9]
         [Termination Attempts: Min: 1, Avg: 1439.4, Max: 1868, Diff: 1867, Sum: 11515]
      [GC Worker Other (ms): Min: 0.0, Avg: 0.0, Max: 0.1, Diff: 0.0, Sum: 0.3]
      [GC Worker Total (ms): Min: 194.1, Avg: 194.2, Max: 194.2, Diff: 0.2, Sum: 1553.3]
      [GC Worker End (ms): Min: 107616.0, Avg: 107616.0, Max: 107616.0, Diff: 0.0]
   [Code Root Fixup: 0.0 ms]
   [Code Root Purge: 0.0 ms]
   [Clear CT: 0.4 ms]
   [Other: 1.3 ms]
      [Choose CSet: 0.0 ms]
      [Ref Proc: 0.4 ms]
      [Ref Enq: 0.0 ms]
      [Redirty Cards: 0.4 ms]
      [Humongous Register: 0.0 ms]
      [Humongous Reclaim: 0.0 ms]
      [Free CSet: 0.2 ms]
   [Eden: 320.0M(320.0M)->0.0B(297.0M) Survivors: 45.0M->46.0M Heap: 789.0M(2048.0M)->790.5M(2048.0M)]
 [Times: user=1.50 sys=0.00, real=0.20 secs] 
2020-09-29T11:30:54.342+0200: 107.775: [GC pause (G1 Evacuation Pause) (young), 0.1714057 secs]
   [Parallel Time: 170.2 ms, GC Workers: 8]
      [GC Worker Start (ms): Min: 107775.0, Avg: 107775.1, Max: 107775.2, Diff: 0.2]
      [Ext Root Scanning (ms): Min: 0.0, Avg: 0.1, Max: 0.1, Diff: 0.1, Sum: 0.5]
      [Update RS (ms): Min: 18.1, Avg: 18.5, Max: 18.7, Diff: 0.6, Sum: 148.0]
         [Processed Buffers: Min: 19, Avg: 19.3, Max: 21, Diff: 2, Sum: 154]
      [Scan RS (ms): Min: 16.8, Avg: 17.1, Max: 17.4, Diff: 0.5, Sum: 136.4]
      [Code Root Scanning (ms): Min: 0.0, Avg: 0.0, Max: 0.0, Diff: 0.0, Sum: 0.0]
      [Object Copy (ms): Min: 134.0, Avg: 134.2, Max: 134.3, Diff: 0.3, Sum: 1073.4]
      [Termination (ms): Min: 0.0, Avg: 0.1, Max: 0.1, Diff: 0.1, Sum: 0.7]
         [Termination Attempts: Min: 1, Avg: 528.0, Max: 652, Diff: 651, Sum: 4224]
      [GC Worker Other (ms): Min: 0.0, Avg: 0.0, Max: 0.1, Diff: 0.1, Sum: 0.4]
      [GC Worker Total (ms): Min: 169.8, Avg: 169.9, Max: 170.1, Diff: 0.2, Sum: 1359.4]
      [GC Worker End (ms): Min: 107945.0, Avg: 107945.0, Max: 107945.1, Diff: 0.1]
   [Code Root Fixup: 0.0 ms]
   [Code Root Purge: 0.0 ms]
   [Clear CT: 0.2 ms]
   [Other: 1.0 ms]
      [Choose CSet: 0.0 ms]
      [Ref Proc: 0.2 ms]
      [Ref Enq: 0.0 ms]
      [Redirty Cards: 0.3 ms]
      [Humongous Register: 0.0 ms]
      [Humongous Reclaim: 0.0 ms]
      [Free CSet: 0.3 ms]
   [Eden: 297.0M(297.0M)->0.0B(303.0M) Survivors: 46.0M->43.0M Heap: 1135.2M(2048.0M)->1137.2M(2048.0M)]
 [Times: user=1.36 sys=0.02, real=0.17 secs] 
2020-09-29T11:30:54.524+0200: 107.956: [GC pause (G1 Humongous Allocation) (young) (initial-mark), 0.0576215 secs]
   [Parallel Time: 56.6 ms, GC Workers: 8]
      [GC Worker Start (ms): Min: 107956.4, Avg: 107956.4, Max: 107956.5, Diff: 0.2]
      [Ext Root Scanning (ms): Min: 0.0, Avg: 0.2, Max: 0.8, Diff: 0.8, Sum: 1.8]
      [Update RS (ms): Min: 34.7, Avg: 35.6, Max: 36.0, Diff: 1.3, Sum: 284.5]
         [Processed Buffers: Min: 40, Avg: 41.5, Max: 43, Diff: 3, Sum: 332]
      [Scan RS (ms): Min: 2.4, Avg: 2.6, Max: 2.9, Diff: 0.5, Sum: 21.0]
      [Code Root Scanning (ms): Min: 0.0, Avg: 0.0, Max: 0.0, Diff: 0.0, Sum: 0.0]
      [Object Copy (ms): Min: 18.0, Avg: 18.0, Max: 18.0, Diff: 0.1, Sum: 144.1]
      [Termination (ms): Min: 0.0, Avg: 0.0, Max: 0.0, Diff: 0.0, Sum: 0.2]
         [Termination Attempts: Min: 1, Avg: 178.1, Max: 244, Diff: 243, Sum: 1425]
      [GC Worker Other (ms): Min: 0.0, Avg: 0.0, Max: 0.0, Diff: 0.0, Sum: 0.2]
      [GC Worker Total (ms): Min: 56.4, Avg: 56.5, Max: 56.5, Diff: 0.2, Sum: 451.7]
      [GC Worker End (ms): Min: 108012.9, Avg: 108012.9, Max: 108012.9, Diff: 0.0]
   [Code Root Fixup: 0.0 ms]
   [Code Root Purge: 0.0 ms]
   [Clear CT: 0.3 ms]
   [Other: 0.7 ms]
      [Choose CSet: 0.0 ms]
      [Ref Proc: 0.2 ms]
      [Ref Enq: 0.0 ms]
      [Redirty Cards: 0.2 ms]
      [Humongous Register: 0.0 ms]
      [Humongous Reclaim: 0.0 ms]
      [Free CSet: 0.1 ms]
   [Eden: 1024.0K(303.0M)->0.0B(358.0M) Survivors: 43.0M->3072.0K Heap: 1137.7M(2048.0M)->1141.7M(2048.0M)]
 [Times: user=0.38 sys=0.00, real=0.06 secs] 
2020-09-29T11:30:54.582+0200: 108.014: [GC concurrent-root-region-scan-start]
2020-09-29T11:30:54.582+0200: 108.014: [GC concurrent-root-region-scan-end, 0.0002680 secs]
2020-09-29T11:30:54.582+0200: 108.014: [GC concurrent-mark-start]
2020-09-29T11:30:54.586+0200: 108.019: [GC concurrent-mark-end, 0.0045043 secs]
2020-09-29T11:30:54.587+0200: 108.019: [GC remark 2020-09-29T11:30:54.587+0200: 108.019: [Finalize Marking, 0.0001308 secs] 2020-09-29T11:30:54.587+0200: 108.019: [GC ref-proc, 0.0003832 secs] 2020-09-29T11:30:54.587+0200: 108.020: [Unloading, 0.0004274 secs], 0.0012692 secs]
 [Times: user=0.00 sys=0.00, real=0.00 secs] 
2020-09-29T11:30:54.588+0200: 108.021: [GC cleanup 1153M->24M(2048M), 0.0013920 secs]
 [Times: user=0.00 sys=0.00, real=0.00 secs] 
2020-09-29T11:30:54.590+0200: 108.022: [GC concurrent-cleanup-start]
2020-09-29T11:30:54.592+0200: 108.025: [GC concurrent-cleanup-end, 0.0023707 secs]
2020-09-29T11:30:54.772+0200: 108.205: [GC pause (G1 Evacuation Pause) (young), 0.1829075 secs]
   [Parallel Time: 181.8 ms, GC Workers: 8]
      [GC Worker Start (ms): Min: 108204.8, Avg: 108204.9, Max: 108205.0, Diff: 0.2]
      [Ext Root Scanning (ms): Min: 0.0, Avg: 0.1, Max: 0.2, Diff: 0.2, Sum: 0.5]
      [Update RS (ms): Min: 21.8, Avg: 22.0, Max: 22.3, Diff: 0.4, Sum: 175.8]
         [Processed Buffers: Min: 19, Avg: 21.9, Max: 24, Diff: 5, Sum: 175]
      [Scan RS (ms): Min: 20.2, Avg: 20.5, Max: 20.7, Diff: 0.4, Sum: 163.9]
      [Code Root Scanning (ms): Min: 0.0, Avg: 0.0, Max: 0.0, Diff: 0.0, Sum: 0.0]
      [Object Copy (ms): Min: 139.0, Avg: 139.1, Max: 139.1, Diff: 0.1, Sum: 1112.4]
      [Termination (ms): Min: 0.0, Avg: 0.0, Max: 0.0, Diff: 0.0, Sum: 0.1]
         [Termination Attempts: Min: 1, Avg: 45.1, Max: 61, Diff: 60, Sum: 361]
      [GC Worker Other (ms): Min: 0.0, Avg: 0.0, Max: 0.1, Diff: 0.1, Sum: 0.3]
      [GC Worker Total (ms): Min: 181.6, Avg: 181.6, Max: 181.7, Diff: 0.2, Sum: 1453.0]
      [GC Worker End (ms): Min: 108386.5, Avg: 108386.5, Max: 108386.6, Diff: 0.1]
   [Code Root Fixup: 0.0 ms]
   [Code Root Purge: 0.0 ms]
   [Clear CT: 0.2 ms]
   [Other: 0.9 ms]
      [Choose CSet: 0.0 ms]
      [Ref Proc: 0.2 ms]
      [Ref Enq: 0.0 ms]
      [Redirty Cards: 0.2 ms]
      [Humongous Register: 0.0 ms]
      [Humongous Reclaim: 0.0 ms]
      [Free CSet: 0.2 ms]
   [Eden: 358.0M(358.0M)->0.0B(312.0M) Survivors: 3072.0K->46.0M Heap: 432.0M(2048.0M)->430.5M(2048.0M)]
 [Times: user=1.38 sys=0.00, real=0.18 secs] 
2020-09-29T11:30:55.125+0200: 108.557: [GC pause (G1 Evacuation Pause) (young), 0.1705475 secs]
   [Parallel Time: 169.2 ms, GC Workers: 8]
      [GC Worker Start (ms): Min: 108557.4, Avg: 108557.5, Max: 108557.6, Diff: 0.2]
      [Ext Root Scanning (ms): Min: 0.0, Avg: 0.1, Max: 0.2, Diff: 0.2, Sum: 0.5]
      [Update RS (ms): Min: 12.8, Avg: 12.9, Max: 13.4, Diff: 0.6, Sum: 103.3]
         [Processed Buffers: Min: 13, Avg: 14.9, Max: 17, Diff: 4, Sum: 119]
      [Scan RS (ms): Min: 19.2, Avg: 19.8, Max: 20.1, Diff: 0.8, Sum: 158.6]
      [Code Root Scanning (ms): Min: 0.0, Avg: 0.0, Max: 0.0, Diff: 0.0, Sum: 0.0]
      [Object Copy (ms): Min: 136.0, Avg: 136.1, Max: 136.2, Diff: 0.2, Sum: 1088.7]
      [Termination (ms): Min: 0.0, Avg: 0.0, Max: 0.0, Diff: 0.0, Sum: 0.0]
         [Termination Attempts: Min: 1, Avg: 29.9, Max: 45, Diff: 44, Sum: 239]
      [GC Worker Other (ms): Min: 0.0, Avg: 0.1, Max: 0.1, Diff: 0.1, Sum: 0.4]
      [GC Worker Total (ms): Min: 168.9, Avg: 169.0, Max: 169.1, Diff: 0.2, Sum: 1351.7]
      [GC Worker End (ms): Min: 108726.4, Avg: 108726.5, Max: 108726.5, Diff: 0.1]
   [Code Root Fixup: 0.0 ms]
   [Code Root Purge: 0.0 ms]
   [Clear CT: 0.5 ms]
   [Other: 0.9 ms]
      [Choose CSet: 0.0 ms]
      [Ref Proc: 0.2 ms]
      [Ref Enq: 0.0 ms]
      [Redirty Cards: 0.3 ms]
      [Humongous Register: 0.0 ms]
      [Humongous Reclaim: 0.0 ms]
      [Free CSet: 0.2 ms]
   [Eden: 312.0M(312.0M)->0.0B(304.0M) Survivors: 46.0M->45.0M Heap: 794.0M(2048.0M)->795.5M(2048.0M)]
 [Times: user=1.36 sys=0.01, real=0.17 secs] 
2020-09-29T11:30:55.451+0200: 108.884: [GC pause (G1 Evacuation Pause) (young), 0.1704762 secs]
   [Parallel Time: 169.3 ms, GC Workers: 8]
      [GC Worker Start (ms): Min: 108883.8, Avg: 108883.9, Max: 108883.9, Diff: 0.1]
      [Ext Root Scanning (ms): Min: 0.0, Avg: 0.1, Max: 0.1, Diff: 0.1, Sum: 0.5]
      [Update RS (ms): Min: 15.1, Avg: 15.1, Max: 15.2, Diff: 0.1, Sum: 120.9]
         [Processed Buffers: Min: 17, Avg: 18.9, Max: 20, Diff: 3, Sum: 151]
      [Scan RS (ms): Min: 17.1, Avg: 17.1, Max: 17.2, Diff: 0.1, Sum: 136.9]
      [Code Root Scanning (ms): Min: 0.0, Avg: 0.0, Max: 0.0, Diff: 0.0, Sum: 0.0]
      [Object Copy (ms): Min: 136.6, Avg: 136.7, Max: 136.8, Diff: 0.2, Sum: 1093.8]
      [Termination (ms): Min: 0.0, Avg: 0.0, Max: 0.1, Diff: 0.1, Sum: 0.3]
         [Termination Attempts: Min: 1, Avg: 45.1, Max: 65, Diff: 64, Sum: 361]
      [GC Worker Other (ms): Min: 0.0, Avg: 0.0, Max: 0.0, Diff: 0.0, Sum: 0.1]
      [GC Worker Total (ms): Min: 169.0, Avg: 169.1, Max: 169.1, Diff: 0.1, Sum: 1352.5]
      [GC Worker End (ms): Min: 109052.9, Avg: 109052.9, Max: 109052.9, Diff: 0.0]
   [Code Root Fixup: 0.0 ms]
   [Code Root Purge: 0.0 ms]
   [Clear CT: 0.2 ms]
   [Other: 1.0 ms]
      [Choose CSet: 0.0 ms]
      [Ref Proc: 0.2 ms]
      [Ref Enq: 0.0 ms]
      [Redirty Cards: 0.3 ms]
      [Humongous Register: 0.0 ms]
      [Humongous Reclaim: 0.0 ms]
      [Free CSet: 0.3 ms]
   [Eden: 304.0M(304.0M)->0.0B(308.0M) Survivors: 45.0M->44.0M Heap: 1151.0M(2048.0M)->1152.5M(2048.0M)]
 [Times: user=1.31 sys=0.02, real=0.17 secs] 
2020-09-29T11:30:55.640+0200: 109.073: [GC pause (G1 Humongous Allocation) (young) (initial-mark), 0.0571514 secs]
   [Parallel Time: 56.3 ms, GC Workers: 8]
      [GC Worker Start (ms): Min: 109072.8, Avg: 109072.8, Max: 109072.9, Diff: 0.2]
      [Ext Root Scanning (ms): Min: 0.0, Avg: 1.4, Max: 10.1, Diff: 10.1, Sum: 11.1]
      [Update RS (ms): Min: 20.2, Avg: 29.1, Max: 30.7, Diff: 10.4, Sum: 232.7]
         [Processed Buffers: Min: 21, Avg: 32.4, Max: 35, Diff: 14, Sum: 259]
      [Scan RS (ms): Min: 2.5, Avg: 2.8, Max: 3.1, Diff: 0.7, Sum: 22.6]
      [Code Root Scanning (ms): Min: 0.0, Avg: 0.0, Max: 0.0, Diff: 0.0, Sum: 0.0]
      [Object Copy (ms): Min: 22.7, Avg: 22.7, Max: 22.7, Diff: 0.1, Sum: 181.8]
      [Termination (ms): Min: 0.0, Avg: 0.0, Max: 0.1, Diff: 0.1, Sum: 0.3]
         [Termination Attempts: Min: 1, Avg: 226.1, Max: 320, Diff: 319, Sum: 1809]
      [GC Worker Other (ms): Min: 0.0, Avg: 0.0, Max: 0.0, Diff: 0.0, Sum: 0.2]
      [GC Worker Total (ms): Min: 56.0, Avg: 56.1, Max: 56.1, Diff: 0.2, Sum: 448.5]
      [GC Worker End (ms): Min: 109128.9, Avg: 109128.9, Max: 109128.9, Diff: 0.0]
   [Code Root Fixup: 0.0 ms]
   [Code Root Purge: 0.0 ms]
   [Clear CT: 0.2 ms]
   [Other: 0.7 ms]
      [Choose CSet: 0.0 ms]
      [Ref Proc: 0.2 ms]
      [Ref Enq: 0.0 ms]
      [Redirty Cards: 0.2 ms]
      [Humongous Register: 0.1 ms]
      [Humongous Reclaim: 0.0 ms]
      [Free CSet: 0.1 ms]
   [Eden: 11.0M(308.0M)->0.0B(334.0M) Survivors: 44.0M->12.0M Heap: 1163.0M(2048.0M)->1167.0M(2048.0M)]
 [Times: user=0.47 sys=0.00, real=0.06 secs] 
2020-09-29T11:30:55.697+0200: 109.130: [GC concurrent-root-region-scan-start]
2020-09-29T11:30:55.700+0200: 109.132: [GC concurrent-root-region-scan-end, 0.0023375 secs]
2020-09-29T11:30:55.700+0200: 109.132: [GC concurrent-mark-start]
2020-09-29T11:30:55.702+0200: 109.135: [GC concurrent-mark-end, 0.0024990 secs]
2020-09-29T11:30:55.703+0200: 109.135: [GC remark 2020-09-29T11:30:55.703+0200: 109.135: [Finalize Marking, 0.0002006 secs] 2020-09-29T11:30:55.703+0200: 109.135: [GC ref-proc, 0.0003026 secs] 2020-09-29T11:30:55.703+0200: 109.136: [Unloading, 0.0004321 secs], 0.0013103 secs]
 [Times: user=0.00 sys=0.00, real=0.00 secs] 
2020-09-29T11:30:55.704+0200: 109.137: [GC cleanup 1177M->32M(2048M), 0.0013602 secs]
 [Times: user=0.00 sys=0.00, real=0.00 secs] 
2020-09-29T11:30:55.706+0200: 109.138: [GC concurrent-cleanup-start]
2020-09-29T11:30:55.708+0200: 109.140: [GC concurrent-cleanup-end, 0.0016817 secs]
2020-09-29T11:30:55.873+0200: 109.305: [GC pause (G1 Evacuation Pause) (young), 0.1721548 secs]
   [Parallel Time: 171.0 ms, GC Workers: 8]
      [GC Worker Start (ms): Min: 109305.3, Avg: 109305.5, Max: 109305.5, Diff: 0.2]
      [Ext Root Scanning (ms): Min: 0.0, Avg: 0.0, Max: 0.2, Diff: 0.2, Sum: 0.4]
      [Update RS (ms): Min: 16.1, Avg: 16.3, Max: 16.6, Diff: 0.5, Sum: 130.1]
         [Processed Buffers: Min: 18, Avg: 19.1, Max: 20, Diff: 2, Sum: 153]
      [Scan RS (ms): Min: 17.4, Avg: 17.7, Max: 17.9, Diff: 0.5, Sum: 141.2]
      [Code Root Scanning (ms): Min: 0.0, Avg: 0.0, Max: 0.0, Diff: 0.0, Sum: 0.0]
      [Object Copy (ms): Min: 136.6, Avg: 136.7, Max: 136.7, Diff: 0.1, Sum: 1093.4]
      [Termination (ms): Min: 0.0, Avg: 0.1, Max: 0.1, Diff: 0.1, Sum: 0.7]
         [Termination Attempts: Min: 1, Avg: 495.9, Max: 628, Diff: 627, Sum: 3967]
      [GC Worker Other (ms): Min: 0.0, Avg: 0.0, Max: 0.1, Diff: 0.1, Sum: 0.3]
      [GC Worker Total (ms): Min: 170.7, Avg: 170.8, Max: 170.9, Diff: 0.2, Sum: 1366.1]
      [GC Worker End (ms): Min: 109476.2, Avg: 109476.2, Max: 109476.3, Diff: 0.1]
   [Code Root Fixup: 0.0 ms]
   [Code Root Purge: 0.0 ms]
   [Clear CT: 0.2 ms]
   [Other: 1.0 ms]
      [Choose CSet: 0.0 ms]
      [Ref Proc: 0.2 ms]
      [Ref Enq: 0.0 ms]
      [Redirty Cards: 0.3 ms]
      [Humongous Register: 0.0 ms]
      [Humongous Reclaim: 0.0 ms]
      [Free CSet: 0.2 ms]
   [Eden: 334.0M(334.0M)->0.0B(318.0M) Survivors: 12.0M->44.0M Heap: 413.2M(2048.0M)->403.2M(2048.0M)]
 [Times: user=1.36 sys=0.00, real=0.17 secs] 
2020-09-29T11:30:56.225+0200: 109.657: [GC pause (G1 Evacuation Pause) (young), 0.1920619 secs]
   [Parallel Time: 188.5 ms, GC Workers: 8]
      [GC Worker Start (ms): Min: 109656.9, Avg: 109657.0, Max: 109657.0, Diff: 0.2]
      [Ext Root Scanning (ms): Min: 0.0, Avg: 0.1, Max: 0.2, Diff: 0.2, Sum: 0.5]
      [Update RS (ms): Min: 14.3, Avg: 14.6, Max: 14.9, Diff: 0.6, Sum: 116.7]
         [Processed Buffers: Min: 16, Avg: 16.1, Max: 17, Diff: 1, Sum: 129]
      [Scan RS (ms): Min: 18.3, Avg: 18.6, Max: 19.1, Diff: 0.8, Sum: 149.1]
      [Code Root Scanning (ms): Min: 0.0, Avg: 0.0, Max: 0.0, Diff: 0.0, Sum: 0.0]
      [Object Copy (ms): Min: 154.0, Avg: 154.4, Max: 155.1, Diff: 1.1, Sum: 1235.1]
      [Termination (ms): Min: 0.0, Avg: 0.6, Max: 0.8, Diff: 0.8, Sum: 4.5]
         [Termination Attempts: Min: 1, Avg: 3313.9, Max: 4410, Diff: 4409, Sum: 26511]
      [GC Worker Other (ms): Min: 0.0, Avg: 0.0, Max: 0.1, Diff: 0.1, Sum: 0.3]
      [GC Worker Total (ms): Min: 188.2, Avg: 188.3, Max: 188.4, Diff: 0.2, Sum: 1506.3]
      [GC Worker End (ms): Min: 109845.2, Avg: 109845.3, Max: 109845.3, Diff: 0.1]
   [Code Root Fixup: 0.0 ms]
   [Code Root Purge: 0.0 ms]
   [Clear CT: 0.7 ms]
   [Other: 2.9 ms]
      [Choose CSet: 0.0 ms]
      [Ref Proc: 0.2 ms]
      [Ref Enq: 0.0 ms]
      [Redirty Cards: 1.4 ms]
      [Humongous Register: 0.0 ms]
      [Humongous Reclaim: 0.0 ms]
      [Free CSet: 1.1 ms]
   [Eden: 318.0M(318.0M)->0.0B(297.0M) Survivors: 44.0M->46.0M Heap: 772.7M(2048.0M)->774.7M(2048.0M)]
 [Times: user=1.41 sys=0.08, real=0.19 secs] 
2020-09-29T11:30:56.580+0200: 110.012: [GC pause (G1 Evacuation Pause) (young), 0.1876351 secs]
   [Parallel Time: 186.1 ms, GC Workers: 8]
      [GC Worker Start (ms): Min: 110012.6, Avg: 110012.7, Max: 110012.8, Diff: 0.2]
      [Ext Root Scanning (ms): Min: 0.0, Avg: 0.1, Max: 0.1, Diff: 0.1, Sum: 0.6]
      [Update RS (ms): Min: 19.5, Avg: 19.8, Max: 20.3, Diff: 0.8, Sum: 158.2]
         [Processed Buffers: Min: 17, Avg: 19.3, Max: 21, Diff: 4, Sum: 154]
      [Scan RS (ms): Min: 18.3, Avg: 18.9, Max: 19.2, Diff: 0.8, Sum: 151.2]
      [Code Root Scanning (ms): Min: 0.0, Avg: 0.0, Max: 0.0, Diff: 0.0, Sum: 0.0]
      [Object Copy (ms): Min: 146.8, Avg: 147.0, Max: 147.2, Diff: 0.4, Sum: 1175.8]
      [Termination (ms): Min: 0.0, Avg: 0.2, Max: 0.2, Diff: 0.2, Sum: 1.5]
         [Termination Attempts: Min: 1, Avg: 1279.4, Max: 1573, Diff: 1572, Sum: 10235]
      [GC Worker Other (ms): Min: 0.0, Avg: 0.0, Max: 0.1, Diff: 0.1, Sum: 0.3]
      [GC Worker Total (ms): Min: 185.8, Avg: 185.9, Max: 186.0, Diff: 0.2, Sum: 1487.5]
      [GC Worker End (ms): Min: 110198.6, Avg: 110198.6, Max: 110198.7, Diff: 0.1]
   [Code Root Fixup: 0.0 ms]
   [Code Root Purge: 0.0 ms]
   [Clear CT: 0.3 ms]
   [Other: 1.3 ms]
      [Choose CSet: 0.0 ms]
      [Ref Proc: 0.4 ms]
      [Ref Enq: 0.0 ms]
      [Redirty Cards: 0.2 ms]
      [Humongous Register: 0.1 ms]
      [Humongous Reclaim: 0.0 ms]
      [Free CSet: 0.3 ms]
   [Eden: 297.0M(297.0M)->0.0B(287.0M) Survivors: 46.0M->43.0M Heap: 1121.3M(2048.0M)->1123.3M(2048.0M)]
 [Times: user=1.50 sys=0.00, real=0.19 secs] 
2020-09-29T11:30:56.780+0200: 110.212: [GC pause (G1 Humongous Allocation) (young) (initial-mark), 0.0640780 secs]
   [Parallel Time: 63.2 ms, GC Workers: 8]
      [GC Worker Start (ms): Min: 110212.4, Avg: 110212.5, Max: 110212.6, Diff: 0.2]
      [Ext Root Scanning (ms): Min: 0.0, Avg: 0.2, Max: 0.5, Diff: 0.5, Sum: 1.7]
      [Update RS (ms): Min: 42.6, Avg: 43.1, Max: 43.4, Diff: 0.8, Sum: 344.9]
         [Processed Buffers: Min: 45, Avg: 48.6, Max: 50, Diff: 5, Sum: 389]
      [Scan RS (ms): Min: 1.7, Avg: 1.9, Max: 2.1, Diff: 0.4, Sum: 15.1]
      [Code Root Scanning (ms): Min: 0.0, Avg: 0.0, Max: 0.0, Diff: 0.0, Sum: 0.0]
      [Object Copy (ms): Min: 17.8, Avg: 17.8, Max: 17.8, Diff: 0.1, Sum: 142.4]
      [Termination (ms): Min: 0.0, Avg: 0.0, Max: 0.0, Diff: 0.0, Sum: 0.1]
         [Termination Attempts: Min: 1, Avg: 64.8, Max: 95, Diff: 94, Sum: 518]
      [GC Worker Other (ms): Min: 0.0, Avg: 0.0, Max: 0.0, Diff: 0.0, Sum: 0.1]
      [GC Worker Total (ms): Min: 62.9, Avg: 63.0, Max: 63.1, Diff: 0.2, Sum: 504.4]
      [GC Worker End (ms): Min: 110275.5, Avg: 110275.5, Max: 110275.5, Diff: 0.0]
   [Code Root Fixup: 0.0 ms]
   [Code Root Purge: 0.0 ms]
   [Clear CT: 0.2 ms]
   [Other: 0.8 ms]
      [Choose CSet: 0.0 ms]
      [Ref Proc: 0.2 ms]
      [Ref Enq: 0.0 ms]
      [Redirty Cards: 0.2 ms]
      [Humongous Register: 0.1 ms]
      [Humongous Reclaim: 0.0 ms]
      [Free CSet: 0.1 ms]
   [Eden: 1024.0K(287.0M)->0.0B(327.0M) Survivors: 43.0M->3072.0K Heap: 1124.3M(2048.0M)->1127.8M(2048.0M)]
 [Times: user=0.50 sys=0.00, real=0.06 secs] 
2020-09-29T11:30:56.844+0200: 110.276: [GC concurrent-root-region-scan-start]
2020-09-29T11:30:56.845+0200: 110.277: [GC concurrent-root-region-scan-end, 0.0003880 secs]
2020-09-29T11:30:56.845+0200: 110.277: [GC concurrent-mark-start]
2020-09-29T11:30:56.847+0200: 110.279: [GC concurrent-mark-end, 0.0026041 secs]
2020-09-29T11:30:56.848+0200: 110.280: [GC remark 2020-09-29T11:30:56.848+0200: 110.280: [Finalize Marking, 0.0001917 secs] 2020-09-29T11:30:56.848+0200: 110.280: [GC ref-proc, 0.0002823 secs] 2020-09-29T11:30:56.848+0200: 110.280: [Unloading, 0.0004418 secs], 0.0012015 secs]
 [Times: user=0.13 sys=0.00, real=0.00 secs] 
2020-09-29T11:30:56.849+0200: 110.281: [GC cleanup 1135M->20M(2048M), 0.0011550 secs]
 [Times: user=0.00 sys=0.00, real=0.00 secs] 
2020-09-29T11:30:56.851+0200: 110.283: [GC concurrent-cleanup-start]
2020-09-29T11:30:56.852+0200: 110.284: [GC concurrent-cleanup-end, 0.0013398 secs]
2020-09-29T11:30:57.018+0200: 110.450: [GC pause (G1 Evacuation Pause) (young), 0.1639061 secs]
   [Parallel Time: 162.8 ms, GC Workers: 8]
      [GC Worker Start (ms): Min: 110449.9, Avg: 110450.0, Max: 110450.1, Diff: 0.2]
      [Ext Root Scanning (ms): Min: 0.0, Avg: 0.1, Max: 0.2, Diff: 0.2, Sum: 0.4]
      [Update RS (ms): Min: 19.3, Avg: 19.7, Max: 20.2, Diff: 0.8, Sum: 157.7]
         [Processed Buffers: Min: 19, Avg: 21.0, Max: 22, Diff: 3, Sum: 168]
      [Scan RS (ms): Min: 15.0, Avg: 15.4, Max: 15.8, Diff: 0.9, Sum: 123.2]
      [Code Root Scanning (ms): Min: 0.0, Avg: 0.0, Max: 0.0, Diff: 0.0, Sum: 0.0]
      [Object Copy (ms): Min: 127.2, Avg: 127.4, Max: 127.5, Diff: 0.2, Sum: 1018.9]
      [Termination (ms): Min: 0.0, Avg: 0.0, Max: 0.1, Diff: 0.1, Sum: 0.4]
         [Termination Attempts: Min: 1, Avg: 293.0, Max: 357, Diff: 356, Sum: 2344]
      [GC Worker Other (ms): Min: 0.0, Avg: 0.0, Max: 0.1, Diff: 0.1, Sum: 0.3]
      [GC Worker Total (ms): Min: 162.5, Avg: 162.6, Max: 162.8, Diff: 0.2, Sum: 1301.0]
      [GC Worker End (ms): Min: 110612.6, Avg: 110612.7, Max: 110612.7, Diff: 0.1]
   [Code Root Fixup: 0.0 ms]
   [Code Root Purge: 0.0 ms]
   [Clear CT: 0.2 ms]
   [Other: 0.8 ms]
      [Choose CSet: 0.0 ms]
      [Ref Proc: 0.2 ms]
      [Ref Enq: 0.0 ms]
      [Redirty Cards: 0.2 ms]
      [Humongous Register: 0.0 ms]
      [Humongous Reclaim: 0.0 ms]
      [Free CSet: 0.2 ms]
   [Eden: 327.0M(327.0M)->0.0B(303.0M) Survivors: 3072.0K->42.0M Heap: 394.8M(2048.0M)->394.3M(2048.0M)]
 [Times: user=1.34 sys=0.03, real=0.16 secs] 
2020-09-29T11:30:57.356+0200: 110.788: [GC pause (G1 Evacuation Pause) (young), 0.1892716 secs]
   [Parallel Time: 188.4 ms, GC Workers: 8]
      [GC Worker Start (ms): Min: 110788.1, Avg: 110788.3, Max: 110788.3, Diff: 0.2]
      [Ext Root Scanning (ms): Min: 0.0, Avg: 0.1, Max: 0.3, Diff: 0.3, Sum: 0.7]
      [Update RS (ms): Min: 19.6, Avg: 19.9, Max: 20.2, Diff: 0.6, Sum: 159.4]
         [Processed Buffers: Min: 20, Avg: 22.8, Max: 27, Diff: 7, Sum: 182]
      [Scan RS (ms): Min: 15.8, Avg: 16.1, Max: 16.3, Diff: 0.4, Sum: 128.9]
      [Code Root Scanning (ms): Min: 0.0, Avg: 0.0, Max: 0.0, Diff: 0.0, Sum: 0.0]
      [Object Copy (ms): Min: 151.4, Avg: 151.5, Max: 151.6, Diff: 0.2, Sum: 1211.9]
      [Termination (ms): Min: 0.0, Avg: 0.2, Max: 0.2, Diff: 0.2, Sum: 1.4]
         [Termination Attempts: Min: 1, Avg: 1248.1, Max: 1514, Diff: 1513, Sum: 9985]
      [GC Worker Other (ms): Min: 0.3, Avg: 0.3, Max: 0.4, Diff: 0.1, Sum: 2.8]
      [GC Worker Total (ms): Min: 188.1, Avg: 188.1, Max: 188.3, Diff: 0.2, Sum: 1505.1]
      [GC Worker End (ms): Min: 110976.4, Avg: 110976.4, Max: 110976.4, Diff: 0.1]
   [Code Root Fixup: 0.0 ms]
   [Code Root Purge: 0.0 ms]
   [Clear CT: 0.2 ms]
   [Other: 0.7 ms]
      [Choose CSet: 0.0 ms]
      [Ref Proc: 0.1 ms]
      [Ref Enq: 0.0 ms]
      [Redirty Cards: 0.2 ms]
      [Humongous Register: 0.0 ms]
      [Humongous Reclaim: 0.0 ms]
      [Free CSet: 0.2 ms]
   [Eden: 303.0M(303.0M)->0.0B(288.0M) Survivors: 42.0M->44.0M Heap: 748.8M(2048.0M)->750.8M(2048.0M)]
 [Times: user=1.48 sys=0.00, real=0.19 secs] 
2020-09-29T11:30:57.698+0200: 111.130: [GC pause (G1 Evacuation Pause) (young), 0.1965374 secs]
   [Parallel Time: 195.3 ms, GC Workers: 8]
      [GC Worker Start (ms): Min: 111129.8, Avg: 111129.9, Max: 111130.0, Diff: 0.2]
      [Ext Root Scanning (ms): Min: 0.0, Avg: 0.1, Max: 0.2, Diff: 0.2, Sum: 0.6]
      [Update RS (ms): Min: 36.1, Avg: 36.2, Max: 36.6, Diff: 0.5, Sum: 289.9]
         [Processed Buffers: Min: 24, Avg: 26.6, Max: 31, Diff: 7, Sum: 213]
      [Scan RS (ms): Min: 22.7, Avg: 23.1, Max: 23.4, Diff: 0.7, Sum: 184.7]
      [Code Root Scanning (ms): Min: 0.0, Avg: 0.0, Max: 0.0, Diff: 0.0, Sum: 0.0]
      [Object Copy (ms): Min: 135.4, Avg: 135.6, Max: 135.7, Diff: 0.2, Sum: 1084.6]
      [Termination (ms): Min: 0.0, Avg: 0.1, Max: 0.1, Diff: 0.1, Sum: 0.6]
         [Termination Attempts: Min: 1, Avg: 434.0, Max: 584, Diff: 583, Sum: 3472]
      [GC Worker Other (ms): Min: 0.0, Avg: 0.0, Max: 0.1, Diff: 0.0, Sum: 0.3]
      [GC Worker Total (ms): Min: 195.0, Avg: 195.1, Max: 195.2, Diff: 0.2, Sum: 1560.7]
      [GC Worker End (ms): Min: 111325.0, Avg: 111325.0, Max: 111325.1, Diff: 0.1]
   [Code Root Fixup: 0.0 ms]
   [Code Root Purge: 0.0 ms]
   [Clear CT: 0.2 ms]
   [Other: 1.1 ms]
      [Choose CSet: 0.0 ms]
      [Ref Proc: 0.2 ms]
      [Ref Enq: 0.0 ms]
      [Redirty Cards: 0.2 ms]
      [Humongous Register: 0.1 ms]
      [Humongous Reclaim: 0.0 ms]
      [Free CSet: 0.4 ms]
   [Eden: 288.0M(288.0M)->0.0B(253.0M) Survivors: 44.0M->42.0M Heap: 1086.5M(2048.0M)->1089.0M(2048.0M)]
 [Times: user=1.42 sys=0.08, real=0.20 secs] 
2020-09-29T11:30:57.906+0200: 111.338: [GC pause (G1 Humongous Allocation) (young) (initial-mark), 0.0600045 secs]
   [Parallel Time: 59.1 ms, GC Workers: 8]
      [GC Worker Start (ms): Min: 111338.2, Avg: 111338.2, Max: 111338.3, Diff: 0.2]
      [Ext Root Scanning (ms): Min: 0.0, Avg: 0.1, Max: 0.2, Diff: 0.2, Sum: 1.0]
      [Update RS (ms): Min: 34.6, Avg: 34.8, Max: 35.1, Diff: 0.6, Sum: 278.1]
         [Processed Buffers: Min: 38, Avg: 39.8, Max: 42, Diff: 4, Sum: 318]
      [Scan RS (ms): Min: 2.3, Avg: 2.7, Max: 2.9, Diff: 0.6, Sum: 21.6]
      [Code Root Scanning (ms): Min: 0.0, Avg: 0.0, Max: 0.0, Diff: 0.0, Sum: 0.0]
      [Object Copy (ms): Min: 21.1, Avg: 21.2, Max: 21.2, Diff: 0.1, Sum: 169.4]
      [Termination (ms): Min: 0.0, Avg: 0.0, Max: 0.0, Diff: 0.0, Sum: 0.2]
         [Termination Attempts: Min: 1, Avg: 133.8, Max: 179, Diff: 178, Sum: 1070]
      [GC Worker Other (ms): Min: 0.0, Avg: 0.0, Max: 0.0, Diff: 0.0, Sum: 0.1]
      [GC Worker Total (ms): Min: 58.7, Avg: 58.8, Max: 58.8, Diff: 0.1, Sum: 470.4]
      [GC Worker End (ms): Min: 111397.0, Avg: 111397.0, Max: 111397.0, Diff: 0.0]
   [Code Root Fixup: 0.0 ms]
   [Code Root Purge: 0.0 ms]
   [Clear CT: 0.2 ms]
   [Other: 0.7 ms]
      [Choose CSet: 0.0 ms]
      [Ref Proc: 0.1 ms]
      [Ref Enq: 0.0 ms]
      [Redirty Cards: 0.2 ms]
      [Humongous Register: 0.1 ms]
      [Humongous Reclaim: 0.0 ms]
      [Free CSet: 0.1 ms]
   [Eden: 10.0M(253.0M)->0.0B(303.0M) Survivors: 42.0M->12.0M Heap: 1098.5M(2048.0M)->1102.0M(2048.0M)]
 [Times: user=0.50 sys=0.00, real=0.06 secs] 
2020-09-29T11:30:57.966+0200: 111.398: [GC concurrent-root-region-scan-start]
2020-09-29T11:30:57.968+0200: 111.400: [GC concurrent-root-region-scan-end, 0.0021618 secs]
2020-09-29T11:30:57.968+0200: 111.400: [GC concurrent-mark-start]
2020-09-29T11:30:57.971+0200: 111.403: [GC concurrent-mark-end, 0.0029106 secs]
2020-09-29T11:30:57.971+0200: 111.404: [GC remark 2020-09-29T11:30:57.971+0200: 111.404: [Finalize Marking, 0.0001404 secs] 2020-09-29T11:30:57.972+0200: 111.404: [GC ref-proc, 0.0003155 secs] 2020-09-29T11:30:57.972+0200: 111.404: [Unloading, 0.0004640 secs], 0.0013128 secs]
 [Times: user=0.00 sys=0.00, real=0.00 secs] 
2020-09-29T11:30:57.973+0200: 111.405: [GC cleanup 1113M->33M(2048M), 0.0012830 secs]
 [Times: user=0.02 sys=0.00, real=0.00 secs] 
2020-09-29T11:30:57.974+0200: 111.407: [GC concurrent-cleanup-start]
2020-09-29T11:30:57.977+0200: 111.409: [GC concurrent-cleanup-end, 0.0024960 secs]
2020-09-29T11:30:58.140+0200: 111.572: [GC pause (G1 Evacuation Pause) (young), 0.1484428 secs]
   [Parallel Time: 147.1 ms, GC Workers: 8]
      [GC Worker Start (ms): Min: 111571.8, Avg: 111572.0, Max: 111572.2, Diff: 0.3]
      [Ext Root Scanning (ms): Min: 0.0, Avg: 0.1, Max: 0.1, Diff: 0.1, Sum: 0.4]
      [Update RS (ms): Min: 20.4, Avg: 20.7, Max: 21.1, Diff: 0.7, Sum: 165.4]
         [Processed Buffers: Min: 23, Avg: 24.5, Max: 26, Diff: 3, Sum: 196]
      [Scan RS (ms): Min: 9.9, Avg: 10.3, Max: 10.6, Diff: 0.7, Sum: 82.8]
      [Code Root Scanning (ms): Min: 0.0, Avg: 0.0, Max: 0.0, Diff: 0.0, Sum: 0.0]
      [Object Copy (ms): Min: 115.6, Avg: 115.8, Max: 115.8, Diff: 0.2, Sum: 926.0]
      [Termination (ms): Min: 0.0, Avg: 0.1, Max: 0.1, Diff: 0.1, Sum: 0.5]
         [Termination Attempts: Min: 1, Avg: 402.0, Max: 509, Diff: 508, Sum: 3216]
      [GC Worker Other (ms): Min: 0.0, Avg: 0.0, Max: 0.1, Diff: 0.0, Sum: 0.3]
      [GC Worker Total (ms): Min: 146.7, Avg: 146.9, Max: 147.1, Diff: 0.4, Sum: 1175.4]
      [GC Worker End (ms): Min: 111718.9, Avg: 111718.9, Max: 111718.9, Diff: 0.1]
   [Code Root Fixup: 0.0 ms]
   [Code Root Purge: 0.0 ms]
   [Clear CT: 0.3 ms]
   [Other: 1.0 ms]
      [Choose CSet: 0.0 ms]
      [Ref Proc: 0.1 ms]
      [Ref Enq: 0.0 ms]
      [Redirty Cards: 0.3 ms]
      [Humongous Register: 0.0 ms]
      [Humongous Reclaim: 0.0 ms]
      [Free CSet: 0.3 ms]
   [Eden: 303.0M(303.0M)->0.0B(303.0M) Survivors: 12.0M->40.0M Heap: 376.0M(2048.0M)->366.5M(2048.0M)]
 [Times: user=1.22 sys=0.00, real=0.15 secs] 
2020-09-29T11:30:58.449+0200: 111.882: [GC pause (G1 Evacuation Pause) (young), 0.1603393 secs]
   [Parallel Time: 159.2 ms, GC Workers: 8]
      [GC Worker Start (ms): Min: 111881.7, Avg: 111881.8, Max: 111881.9, Diff: 0.1]
      [Ext Root Scanning (ms): Min: 0.0, Avg: 0.1, Max: 0.1, Diff: 0.1, Sum: 0.6]
      [Update RS (ms): Min: 15.1, Avg: 15.4, Max: 15.7, Diff: 0.6, Sum: 123.5]
         [Processed Buffers: Min: 16, Avg: 16.8, Max: 17, Diff: 1, Sum: 134]
      [Scan RS (ms): Min: 16.6, Avg: 17.0, Max: 17.3, Diff: 0.6, Sum: 135.7]
      [Code Root Scanning (ms): Min: 0.0, Avg: 0.0, Max: 0.0, Diff: 0.0, Sum: 0.0]
      [Object Copy (ms): Min: 126.4, Avg: 126.5, Max: 126.5, Diff: 0.2, Sum: 1012.0]
      [Termination (ms): Min: 0.0, Avg: 0.0, Max: 0.0, Diff: 0.0, Sum: 0.0]
         [Termination Attempts: Min: 1, Avg: 11.8, Max: 19, Diff: 18, Sum: 94]
      [GC Worker Other (ms): Min: 0.0, Avg: 0.0, Max: 0.1, Diff: 0.1, Sum: 0.4]
      [GC Worker Total (ms): Min: 158.9, Avg: 159.0, Max: 159.1, Diff: 0.2, Sum: 1272.1]
      [GC Worker End (ms): Min: 112040.8, Avg: 112040.8, Max: 112040.8, Diff: 0.1]
   [Code Root Fixup: 0.0 ms]
   [Code Root Purge: 0.0 ms]
   [Clear CT: 0.2 ms]
   [Other: 0.9 ms]
      [Choose CSet: 0.0 ms]
      [Ref Proc: 0.2 ms]
      [Ref Enq: 0.0 ms]
      [Redirty Cards: 0.2 ms]
      [Humongous Register: 0.1 ms]
      [Humongous Reclaim: 0.0 ms]
      [Free CSet: 0.3 ms]
   [Eden: 303.0M(303.0M)->0.0B(304.0M) Survivors: 40.0M->43.0M Heap: 719.1M(2048.0M)->721.1M(2048.0M)]
 [Times: user=1.25 sys=0.00, real=0.16 secs] 
2020-09-29T11:30:58.772+0200: 112.204: [GC pause (G1 Evacuation Pause) (young), 0.1676398 secs]
   [Parallel Time: 166.6 ms, GC Workers: 8]
      [GC Worker Start (ms): Min: 112204.2, Avg: 112204.3, Max: 112204.4, Diff: 0.2]
      [Ext Root Scanning (ms): Min: 0.0, Avg: 0.1, Max: 0.2, Diff: 0.1, Sum: 0.5]
      [Update RS (ms): Min: 17.9, Avg: 18.1, Max: 18.4, Diff: 0.5, Sum: 144.6]
         [Processed Buffers: Min: 17, Avg: 19.4, Max: 21, Diff: 4, Sum: 155]
      [Scan RS (ms): Min: 17.4, Avg: 17.7, Max: 17.9, Diff: 0.5, Sum: 141.9]
      [Code Root Scanning (ms): Min: 0.0, Avg: 0.0, Max: 0.0, Diff: 0.0, Sum: 0.0]
      [Object Copy (ms): Min: 130.5, Avg: 130.5, Max: 130.6, Diff: 0.1, Sum: 1044.2]
      [Termination (ms): Min: 0.0, Avg: 0.0, Max: 0.0, Diff: 0.0, Sum: 0.2]
         [Termination Attempts: Min: 1, Avg: 150.3, Max: 201, Diff: 200, Sum: 1202]
      [GC Worker Other (ms): Min: 0.0, Avg: 0.0, Max: 0.1, Diff: 0.1, Sum: 0.3]
      [GC Worker Total (ms): Min: 166.4, Avg: 166.5, Max: 166.5, Diff: 0.1, Sum: 1331.7]
      [GC Worker End (ms): Min: 112370.7, Avg: 112370.8, Max: 112370.8, Diff: 0.1]
   [Code Root Fixup: 0.0 ms]
   [Code Root Purge: 0.0 ms]
   [Clear CT: 0.2 ms]
   [Other: 0.8 ms]
      [Choose CSet: 0.0 ms]
      [Ref Proc: 0.2 ms]
      [Ref Enq: 0.0 ms]
      [Redirty Cards: 0.2 ms]
      [Humongous Register: 0.0 ms]
      [Humongous Reclaim: 0.0 ms]
      [Free CSet: 0.2 ms]
   [Eden: 304.0M(304.0M)->0.0B(306.0M) Survivors: 43.0M->44.0M Heap: 1076.6M(2048.0M)->1078.6M(2048.0M)]
 [Times: user=1.25 sys=0.00, real=0.17 secs] 
2020-09-29T11:30:58.953+0200: 112.385: [GC pause (G1 Humongous Allocation) (young) (initial-mark), 0.0593621 secs]
   [Parallel Time: 58.5 ms, GC Workers: 8]
      [GC Worker Start (ms): Min: 112385.4, Avg: 112385.5, Max: 112385.5, Diff: 0.1]
      [Ext Root Scanning (ms): Min: 0.0, Avg: 0.1, Max: 0.1, Diff: 0.1, Sum: 0.7]
      [Update RS (ms): Min: 34.0, Avg: 34.2, Max: 34.5, Diff: 0.5, Sum: 273.7]
         [Processed Buffers: Min: 21, Avg: 37.5, Max: 44, Diff: 23, Sum: 300]
      [Scan RS (ms): Min: 2.4, Avg: 2.7, Max: 3.0, Diff: 0.6, Sum: 21.8]
      [Code Root Scanning (ms): Min: 0.0, Avg: 0.0, Max: 0.0, Diff: 0.0, Sum: 0.0]
      [Object Copy (ms): Min: 21.2, Avg: 21.3, Max: 21.3, Diff: 0.1, Sum: 170.0]
      [Termination (ms): Min: 0.0, Avg: 0.0, Max: 0.0, Diff: 0.0, Sum: 0.2]
         [Termination Attempts: Min: 1, Avg: 144.3, Max: 184, Diff: 183, Sum: 1154]
      [GC Worker Other (ms): Min: 0.0, Avg: 0.0, Max: 0.0, Diff: 0.0, Sum: 0.2]
      [GC Worker Total (ms): Min: 58.3, Avg: 58.3, Max: 58.4, Diff: 0.1, Sum: 466.6]
      [GC Worker End (ms): Min: 112443.8, Avg: 112443.8, Max: 112443.8, Diff: 0.0]
   [Code Root Fixup: 0.0 ms]
   [Code Root Purge: 0.0 ms]
   [Clear CT: 0.2 ms]
   [Other: 0.7 ms]
      [Choose CSet: 0.0 ms]
      [Ref Proc: 0.1 ms]
      [Ref Enq: 0.0 ms]
      [Redirty Cards: 0.2 ms]
      [Humongous Register: 0.0 ms]
      [Humongous Reclaim: 0.0 ms]
      [Free CSet: 0.1 ms]
   [Eden: 6144.0K(306.0M)->0.0B(346.0M) Survivors: 44.0M->8192.0K Heap: 1084.6M(2048.0M)->1088.6M(2048.0M)]
 [Times: user=0.48 sys=0.00, real=0.06 secs] 
2020-09-29T11:30:59.013+0200: 112.445: [GC concurrent-root-region-scan-start]
2020-09-29T11:30:59.015+0200: 112.447: [GC concurrent-root-region-scan-end, 0.0020284 secs]
2020-09-29T11:30:59.015+0200: 112.447: [GC concurrent-mark-start]
2020-09-29T11:30:59.019+0200: 112.451: [GC concurrent-mark-end, 0.0042196 secs]
2020-09-29T11:30:59.019+0200: 112.451: [GC remark 2020-09-29T11:30:59.019+0200: 112.451: [Finalize Marking, 0.0001960 secs] 2020-09-29T11:30:59.019+0200: 112.451: [GC ref-proc, 0.0003854 secs] 2020-09-29T11:30:59.020+0200: 112.452: [Unloading, 0.0004807 secs], 0.0014174 secs]
 [Times: user=0.00 sys=0.02, real=0.00 secs] 
2020-09-29T11:30:59.021+0200: 112.453: [GC cleanup 1101M->30M(2048M), 0.0015721 secs]
 [Times: user=0.00 sys=0.00, real=0.00 secs] 
2020-09-29T11:30:59.022+0200: 112.455: [GC concurrent-cleanup-start]
2020-09-29T11:30:59.025+0200: 112.457: [GC concurrent-cleanup-end, 0.0023399 secs]
2020-09-29T11:30:59.263+0200: 112.695: [GC pause (G1 Evacuation Pause) (young), 0.2554792 secs]
   [Parallel Time: 253.8 ms, GC Workers: 8]
      [GC Worker Start (ms): Min: 112695.2, Avg: 112695.4, Max: 112695.4, Diff: 0.2]
      [Ext Root Scanning (ms): Min: 0.0, Avg: 0.1, Max: 0.2, Diff: 0.2, Sum: 0.7]
      [Update RS (ms): Min: 23.9, Avg: 24.2, Max: 24.9, Diff: 1.0, Sum: 193.5]
         [Processed Buffers: Min: 18, Avg: 18.6, Max: 20, Diff: 2, Sum: 149]
      [Scan RS (ms): Min: 23.6, Avg: 24.4, Max: 24.9, Diff: 1.3, Sum: 195.2]
      [Code Root Scanning (ms): Min: 0.0, Avg: 0.0, Max: 0.0, Diff: 0.0, Sum: 0.0]
      [Object Copy (ms): Min: 204.3, Avg: 204.6, Max: 204.7, Diff: 0.4, Sum: 1636.4]
      [Termination (ms): Min: 0.0, Avg: 0.2, Max: 0.2, Diff: 0.2, Sum: 1.4]
         [Termination Attempts: Min: 1, Avg: 837.1, Max: 1007, Diff: 1006, Sum: 6697]
      [GC Worker Other (ms): Min: 0.0, Avg: 0.1, Max: 0.1, Diff: 0.1, Sum: 0.4]
      [GC Worker Total (ms): Min: 253.4, Avg: 253.5, Max: 253.6, Diff: 0.2, Sum: 2027.8]
      [GC Worker End (ms): Min: 112948.8, Avg: 112948.8, Max: 112948.9, Diff: 0.1]
   [Code Root Fixup: 0.0 ms]
   [Code Root Purge: 0.0 ms]
   [Clear CT: 0.3 ms]
   [Other: 1.4 ms]
      [Choose CSet: 0.0 ms]
      [Ref Proc: 0.2 ms]
      [Ref Enq: 0.0 ms]
      [Redirty Cards: 0.5 ms]
      [Humongous Register: 0.0 ms]
      [Humongous Reclaim: 0.0 ms]
      [Free CSet: 0.4 ms]
   [Eden: 339.0M(339.0M)->0.0B(236.0M) Survivors: 8192.0K->44.0M Heap: 413.7M(2048.0M)->407.7M(2048.0M)]
 [Times: user=1.98 sys=0.00, real=0.26 secs] 
2020-09-29T11:30:59.723+0200: 113.155: [GC pause (G1 Evacuation Pause) (young), 0.2236320 secs]
   [Parallel Time: 222.2 ms, GC Workers: 8]
      [GC Worker Start (ms): Min: 113155.6, Avg: 113156.8, Max: 113165.1, Diff: 9.5]
      [Ext Root Scanning (ms): Min: 0.0, Avg: 0.1, Max: 0.2, Diff: 0.2, Sum: 0.8]
      [Update RS (ms): Min: 14.2, Avg: 22.4, Max: 23.8, Diff: 9.6, Sum: 179.1]
         [Processed Buffers: Min: 10, Avg: 17.1, Max: 21, Diff: 11, Sum: 137]
      [Scan RS (ms): Min: 19.4, Avg: 20.6, Max: 26.7, Diff: 7.3, Sum: 164.4]
      [Code Root Scanning (ms): Min: 0.0, Avg: 0.0, Max: 0.0, Diff: 0.0, Sum: 0.0]
      [Object Copy (ms): Min: 171.5, Avg: 177.5, Max: 178.5, Diff: 7.0, Sum: 1420.2]
      [Termination (ms): Min: 0.0, Avg: 0.1, Max: 0.1, Diff: 0.1, Sum: 0.7]
         [Termination Attempts: Min: 1, Avg: 375.8, Max: 507, Diff: 506, Sum: 3006]
      [GC Worker Other (ms): Min: 0.0, Avg: 0.0, Max: 0.1, Diff: 0.1, Sum: 0.4]
      [GC Worker Total (ms): Min: 212.4, Avg: 220.7, Max: 222.0, Diff: 9.6, Sum: 1765.8]
      [GC Worker End (ms): Min: 113377.5, Avg: 113377.5, Max: 113377.6, Diff: 0.1]
   [Code Root Fixup: 0.0 ms]
   [Code Root Purge: 0.0 ms]
   [Clear CT: 0.3 ms]
   [Other: 1.2 ms]
      [Choose CSet: 0.0 ms]
      [Ref Proc: 0.2 ms]
      [Ref Enq: 0.0 ms]
      [Redirty Cards: 0.3 ms]
      [Humongous Register: 0.1 ms]
      [Humongous Reclaim: 0.0 ms]
      [Free CSet: 0.3 ms]
   [Eden: 236.0M(236.0M)->0.0B(203.0M) Survivors: 44.0M->35.0M Heap: 683.8M(2048.0M)->684.8M(2048.0M)]
 [Times: user=1.73 sys=0.00, real=0.22 secs] 
2020-09-29T11:31:00.124+0200: 113.556: [GC pause (G1 Evacuation Pause) (young), 0.1782758 secs]
   [Parallel Time: 176.5 ms, GC Workers: 8]
      [GC Worker Start (ms): Min: 113556.4, Avg: 113556.5, Max: 113556.6, Diff: 0.2]
      [Ext Root Scanning (ms): Min: 0.0, Avg: 0.1, Max: 0.2, Diff: 0.2, Sum: 0.8]
      [Update RS (ms): Min: 22.7, Avg: 23.1, Max: 23.7, Diff: 1.0, Sum: 184.7]
         [Processed Buffers: Min: 15, Avg: 16.5, Max: 19, Diff: 4, Sum: 132]
      [Scan RS (ms): Min: 13.4, Avg: 13.9, Max: 14.3, Diff: 1.0, Sum: 111.5]
      [Code Root Scanning (ms): Min: 0.0, Avg: 0.0, Max: 0.0, Diff: 0.0, Sum: 0.0]
      [Object Copy (ms): Min: 139.0, Avg: 139.1, Max: 139.1, Diff: 0.1, Sum: 1112.4]
      [Termination (ms): Min: 0.0, Avg: 0.0, Max: 0.0, Diff: 0.0, Sum: 0.3]
         [Termination Attempts: Min: 1, Avg: 160.0, Max: 221, Diff: 220, Sum: 1280]
      [GC Worker Other (ms): Min: 0.0, Avg: 0.1, Max: 0.1, Diff: 0.1, Sum: 0.4]
      [GC Worker Total (ms): Min: 176.1, Avg: 176.3, Max: 176.4, Diff: 0.3, Sum: 1410.1]
      [GC Worker End (ms): Min: 113732.7, Avg: 113732.8, Max: 113732.8, Diff: 0.1]
   [Code Root Fixup: 0.0 ms]
   [Code Root Purge: 0.0 ms]
   [Clear CT: 0.2 ms]
   [Other: 1.6 ms]
      [Choose CSet: 0.0 ms]
      [Ref Proc: 0.3 ms]
      [Ref Enq: 0.0 ms]
      [Redirty Cards: 0.3 ms]
      [Humongous Register: 0.1 ms]
      [Humongous Reclaim: 0.0 ms]
      [Free CSet: 0.7 ms]
   [Eden: 203.0M(203.0M)->0.0B(201.0M) Survivors: 35.0M->30.0M Heap: 920.2M(2048.0M)->921.7M(2048.0M)]
 [Times: user=1.38 sys=0.00, real=0.18 secs] 
2020-09-29T11:31:00.409+0200: 113.842: [GC pause (G1 Humongous Allocation) (young) (initial-mark), 0.1242563 secs]
   [Parallel Time: 122.5 ms, GC Workers: 8]
      [GC Worker Start (ms): Min: 113842.0, Avg: 113842.1, Max: 113842.2, Diff: 0.2]
      [Ext Root Scanning (ms): Min: 0.0, Avg: 0.6, Max: 3.9, Diff: 3.9, Sum: 5.1]
      [Update RS (ms): Min: 13.7, Avg: 17.0, Max: 17.6, Diff: 4.0, Sum: 135.7]
         [Processed Buffers: Min: 9, Avg: 12.0, Max: 14, Diff: 5, Sum: 96]
      [Scan RS (ms): Min: 8.5, Avg: 8.7, Max: 8.9, Diff: 0.5, Sum: 69.6]
      [Code Root Scanning (ms): Min: 0.0, Avg: 0.0, Max: 0.0, Diff: 0.0, Sum: 0.0]
      [Object Copy (ms): Min: 95.8, Avg: 95.9, Max: 96.0, Diff: 0.2, Sum: 767.1]
      [Termination (ms): Min: 0.0, Avg: 0.1, Max: 0.1, Diff: 0.1, Sum: 0.4]
         [Termination Attempts: Min: 1, Avg: 244.3, Max: 308, Diff: 307, Sum: 1954]
      [GC Worker Other (ms): Min: 0.0, Avg: 0.1, Max: 0.1, Diff: 0.1, Sum: 0.4]
      [GC Worker Total (ms): Min: 122.1, Avg: 122.3, Max: 122.4, Diff: 0.3, Sum: 978.4]
      [GC Worker End (ms): Min: 113964.4, Avg: 113964.4, Max: 113964.4, Diff: 0.1]
   [Code Root Fixup: 0.0 ms]
   [Code Root Purge: 0.0 ms]
   [Clear CT: 0.3 ms]
   [Other: 1.4 ms]
      [Choose CSet: 0.0 ms]
      [Ref Proc: 0.4 ms]
      [Ref Enq: 0.0 ms]
      [Redirty Cards: 0.5 ms]
      [Humongous Register: 0.0 ms]
      [Humongous Reclaim: 0.0 ms]
      [Free CSet: 0.2 ms]
   [Eden: 127.0M(201.0M)->0.0B(203.0M) Survivors: 30.0M->29.0M Heap: 1069.2M(2048.0M)->1070.7M(2048.0M)]
 [Times: user=0.97 sys=0.02, real=0.13 secs] 
2020-09-29T11:31:00.534+0200: 113.966: [GC concurrent-root-region-scan-start]
2020-09-29T11:31:00.549+0200: 113.981: [GC concurrent-root-region-scan-end, 0.0146695 secs]
2020-09-29T11:31:00.549+0200: 113.981: [GC concurrent-mark-start]
2020-09-29T11:31:00.554+0200: 113.986: [GC concurrent-mark-end, 0.0048689 secs]
2020-09-29T11:31:00.554+0200: 113.986: [GC remark 2020-09-29T11:31:00.554+0200: 113.986: [Finalize Marking, 0.0002460 secs] 2020-09-29T11:31:00.555+0200: 113.987: [GC ref-proc, 0.0004147 secs] 2020-09-29T11:31:00.555+0200: 113.987: [Unloading, 0.0006050 secs], 0.0016988 secs]
 [Times: user=0.00 sys=0.00, real=0.00 secs] 
2020-09-29T11:31:00.556+0200: 113.988: [GC cleanup 1097M->65M(2048M), 0.0017327 secs]
 [Times: user=0.00 sys=0.00, real=0.00 secs] 
2020-09-29T11:31:00.558+0200: 113.990: [GC concurrent-cleanup-start]
2020-09-29T11:31:00.562+0200: 113.994: [GC concurrent-cleanup-end, 0.0034115 secs]
2020-09-29T11:31:00.701+0200: 114.133: [GC pause (G1 Evacuation Pause) (young), 0.1727629 secs]
   [Parallel Time: 171.3 ms, GC Workers: 8]
      [GC Worker Start (ms): Min: 114132.9, Avg: 114133.0, Max: 114133.1, Diff: 0.2]
      [Ext Root Scanning (ms): Min: 0.0, Avg: 0.1, Max: 0.2, Diff: 0.2, Sum: 0.8]
      [Update RS (ms): Min: 22.3, Avg: 22.6, Max: 22.9, Diff: 0.6, Sum: 180.7]
         [Processed Buffers: Min: 14, Avg: 16.4, Max: 19, Diff: 5, Sum: 131]
      [Scan RS (ms): Min: 11.6, Avg: 12.0, Max: 12.3, Diff: 0.7, Sum: 96.0]
      [Code Root Scanning (ms): Min: 0.0, Avg: 0.0, Max: 0.0, Diff: 0.0, Sum: 0.0]
      [Object Copy (ms): Min: 136.0, Avg: 136.1, Max: 136.2, Diff: 0.1, Sum: 1088.7]
      [Termination (ms): Min: 0.0, Avg: 0.2, Max: 0.2, Diff: 0.2, Sum: 1.2]
         [Termination Attempts: Min: 1, Avg: 644.3, Max: 820, Diff: 819, Sum: 5154]
      [GC Worker Other (ms): Min: 0.0, Avg: 0.0, Max: 0.1, Diff: 0.1, Sum: 0.4]
      [GC Worker Total (ms): Min: 170.9, Avg: 171.0, Max: 171.1, Diff: 0.2, Sum: 1367.8]
      [GC Worker End (ms): Min: 114303.9, Avg: 114304.0, Max: 114304.0, Diff: 0.1]
   [Code Root Fixup: 0.0 ms]
   [Code Root Purge: 0.0 ms]
   [Clear CT: 0.3 ms]
   [Other: 1.2 ms]
      [Choose CSet: 0.0 ms]
      [Ref Proc: 0.3 ms]
      [Ref Enq: 0.0 ms]
      [Redirty Cards: 0.3 ms]
      [Humongous Register: 0.0 ms]
      [Humongous Reclaim: 0.0 ms]
      [Free CSet: 0.3 ms]
   [Eden: 203.0M(203.0M)->0.0B(199.0M) Survivors: 29.0M->29.0M Heap: 276.3M(2048.0M)->248.3M(2048.0M)]
 [Times: user=1.38 sys=0.00, real=0.17 secs] 
2020-09-29T11:31:01.024+0200: 114.456: [GC pause (G1 Evacuation Pause) (young), 0.1660733 secs]
   [Parallel Time: 164.5 ms, GC Workers: 8]
      [GC Worker Start (ms): Min: 114456.2, Avg: 114456.3, Max: 114456.4, Diff: 0.2]
      [Ext Root Scanning (ms): Min: 0.0, Avg: 0.1, Max: 0.2, Diff: 0.2, Sum: 0.8]
      [Update RS (ms): Min: 17.1, Avg: 17.3, Max: 17.9, Diff: 0.9, Sum: 138.5]
         [Processed Buffers: Min: 12, Avg: 13.8, Max: 16, Diff: 4, Sum: 110]
      [Scan RS (ms): Min: 14.8, Avg: 15.5, Max: 15.8, Diff: 1.0, Sum: 124.0]
      [Code Root Scanning (ms): Min: 0.0, Avg: 0.0, Max: 0.0, Diff: 0.0, Sum: 0.0]
      [Object Copy (ms): Min: 131.3, Avg: 131.4, Max: 131.4, Diff: 0.1, Sum: 1050.9]
      [Termination (ms): Min: 0.0, Avg: 0.0, Max: 0.0, Diff: 0.0, Sum: 0.0]
         [Termination Attempts: Min: 1, Avg: 7.6, Max: 11, Diff: 10, Sum: 61]
      [GC Worker Other (ms): Min: 0.0, Avg: 0.0, Max: 0.1, Diff: 0.1, Sum: 0.3]
      [GC Worker Total (ms): Min: 164.2, Avg: 164.3, Max: 164.4, Diff: 0.2, Sum: 1314.6]
      [GC Worker End (ms): Min: 114620.6, Avg: 114620.6, Max: 114620.6, Diff: 0.1]
   [Code Root Fixup: 0.0 ms]
   [Code Root Purge: 0.0 ms]
   [Clear CT: 0.2 ms]
   [Other: 1.3 ms]
      [Choose CSet: 0.0 ms]
      [Ref Proc: 0.4 ms]
      [Ref Enq: 0.0 ms]
      [Redirty Cards: 0.4 ms]
      [Humongous Register: 0.1 ms]
      [Humongous Reclaim: 0.0 ms]
      [Free CSet: 0.3 ms]
   [Eden: 199.0M(199.0M)->0.0B(204.0M) Survivors: 29.0M->29.0M Heap: 481.7M(2048.0M)->484.2M(2048.0M)]
 [Times: user=1.25 sys=0.00, real=0.17 secs] 
2020-09-29T11:31:01.350+0200: 114.782: [GC pause (G1 Evacuation Pause) (young), 0.1817692 secs]
   [Parallel Time: 179.8 ms, GC Workers: 8]
      [GC Worker Start (ms): Min: 114781.7, Avg: 114781.8, Max: 114781.9, Diff: 0.2]
      [Ext Root Scanning (ms): Min: 0.0, Avg: 0.1, Max: 0.2, Diff: 0.2, Sum: 0.8]
      [Update RS (ms): Min: 19.8, Avg: 20.3, Max: 20.8, Diff: 1.0, Sum: 162.4]
         [Processed Buffers: Min: 13, Avg: 14.6, Max: 16, Diff: 3, Sum: 117]
      [Scan RS (ms): Min: 14.6, Avg: 15.2, Max: 15.6, Diff: 1.0, Sum: 121.3]
      [Code Root Scanning (ms): Min: 0.0, Avg: 0.0, Max: 0.0, Diff: 0.0, Sum: 0.0]
      [Object Copy (ms): Min: 143.6, Avg: 143.7, Max: 143.9, Diff: 0.3, Sum: 1149.9]
      [Termination (ms): Min: 0.0, Avg: 0.2, Max: 0.2, Diff: 0.2, Sum: 1.4]
         [Termination Attempts: Min: 1, Avg: 865.8, Max: 1069, Diff: 1068, Sum: 6926]
      [GC Worker Other (ms): Min: 0.0, Avg: 0.0, Max: 0.1, Diff: 0.1, Sum: 0.3]
      [GC Worker Total (ms): Min: 179.4, Avg: 179.5, Max: 179.6, Diff: 0.2, Sum: 1436.1]
      [GC Worker End (ms): Min: 114961.3, Avg: 114961.3, Max: 114961.4, Diff: 0.1]
   [Code Root Fixup: 0.0 ms]
   [Code Root Purge: 0.0 ms]
   [Clear CT: 0.2 ms]
   [Other: 1.7 ms]
      [Choose CSet: 0.0 ms]
      [Ref Proc: 0.2 ms]
      [Ref Enq: 0.0 ms]
      [Redirty Cards: 0.9 ms]
      [Humongous Register: 0.0 ms]
      [Humongous Reclaim: 0.0 ms]
      [Free CSet: 0.2 ms]
   [Eden: 204.0M(204.0M)->0.0B(201.0M) Survivors: 29.0M->30.0M Heap: 720.6M(2048.0M)->722.1M(2048.0M)]
 [Times: user=1.34 sys=0.01, real=0.18 secs] 
2020-09-29T11:31:01.700+0200: 115.132: [GC pause (G1 Evacuation Pause) (young), 0.1824155 secs]
   [Parallel Time: 181.1 ms, GC Workers: 8]
      [GC Worker Start (ms): Min: 115131.8, Avg: 115131.9, Max: 115132.1, Diff: 0.2]
      [Ext Root Scanning (ms): Min: 0.0, Avg: 0.1, Max: 0.2, Diff: 0.2, Sum: 0.8]
      [Update RS (ms): Min: 17.9, Avg: 18.3, Max: 19.1, Diff: 1.2, Sum: 146.7]
         [Processed Buffers: Min: 12, Avg: 14.1, Max: 17, Diff: 5, Sum: 113]
      [Scan RS (ms): Min: 15.3, Avg: 16.0, Max: 16.4, Diff: 1.1, Sum: 128.2]
      [Code Root Scanning (ms): Min: 0.0, Avg: 0.0, Max: 0.0, Diff: 0.0, Sum: 0.0]
      [Object Copy (ms): Min: 146.2, Avg: 146.2, Max: 146.3, Diff: 0.1, Sum: 1169.9]
      [Termination (ms): Min: 0.0, Avg: 0.0, Max: 0.1, Diff: 0.1, Sum: 0.3]
         [Termination Attempts: Min: 1, Avg: 168.6, Max: 242, Diff: 241, Sum: 1349]
      [GC Worker Other (ms): Min: 0.0, Avg: 0.0, Max: 0.1, Diff: 0.1, Sum: 0.3]
      [GC Worker Total (ms): Min: 180.6, Avg: 180.8, Max: 180.9, Diff: 0.3, Sum: 1446.4]
      [GC Worker End (ms): Min: 115312.7, Avg: 115312.7, Max: 115312.7, Diff: 0.1]
   [Code Root Fixup: 0.0 ms]
   [Code Root Purge: 0.0 ms]
   [Clear CT: 0.2 ms]
   [Other: 1.1 ms]
      [Choose CSet: 0.0 ms]
      [Ref Proc: 0.3 ms]
      [Ref Enq: 0.0 ms]
      [Redirty Cards: 0.3 ms]
      [Humongous Register: 0.1 ms]
      [Humongous Reclaim: 0.0 ms]
      [Free CSet: 0.3 ms]
   [Eden: 201.0M(201.0M)->0.0B(199.0M) Survivors: 30.0M->29.0M Heap: 957.4M(2048.0M)->959.9M(2048.0M)]
 [Times: user=1.50 sys=0.00, real=0.18 secs] 
2020-09-29T11:31:01.893+0200: 115.325: [GC pause (G1 Humongous Allocation) (young) (initial-mark), 0.0626003 secs]
   [Parallel Time: 61.2 ms, GC Workers: 8]
      [GC Worker Start (ms): Min: 115325.6, Avg: 115325.7, Max: 115325.7, Diff: 0.1]
      [Ext Root Scanning (ms): Min: 0.1, Avg: 0.1, Max: 0.2, Diff: 0.1, Sum: 1.0]
      [Update RS (ms): Min: 34.2, Avg: 34.5, Max: 34.8, Diff: 0.7, Sum: 276.2]
         [Processed Buffers: Min: 25, Avg: 27.0, Max: 28, Diff: 3, Sum: 216]
      [Scan RS (ms): Min: 2.2, Avg: 2.6, Max: 2.9, Diff: 0.7, Sum: 20.7]
      [Code Root Scanning (ms): Min: 0.0, Avg: 0.0, Max: 0.0, Diff: 0.0, Sum: 0.0]
      [Object Copy (ms): Min: 23.7, Avg: 23.7, Max: 23.8, Diff: 0.1, Sum: 190.0]
      [Termination (ms): Min: 0.0, Avg: 0.0, Max: 0.0, Diff: 0.0, Sum: 0.3]
         [Termination Attempts: Min: 1, Avg: 134.4, Max: 188, Diff: 187, Sum: 1075]
      [GC Worker Other (ms): Min: 0.0, Avg: 0.0, Max: 0.0, Diff: 0.0, Sum: 0.2]
      [GC Worker Total (ms): Min: 61.0, Avg: 61.0, Max: 61.1, Diff: 0.1, Sum: 488.3]
      [GC Worker End (ms): Min: 115386.7, Avg: 115386.7, Max: 115386.7, Diff: 0.0]
   [Code Root Fixup: 0.0 ms]
   [Code Root Purge: 0.0 ms]
   [Clear CT: 0.2 ms]
   [Other: 1.1 ms]
      [Choose CSet: 0.0 ms]
      [Ref Proc: 0.3 ms]
      [Ref Enq: 0.0 ms]
      [Redirty Cards: 0.2 ms]
      [Humongous Register: 0.1 ms]
      [Humongous Reclaim: 0.0 ms]
      [Free CSet: 0.1 ms]
   [Eden: 6144.0K(199.0M)->0.0B(219.0M) Survivors: 29.0M->7168.0K Heap: 965.9M(2048.0M)->968.9M(2048.0M)]
 [Times: user=0.47 sys=0.00, real=0.06 secs] 
2020-09-29T11:31:01.956+0200: 115.388: [GC concurrent-root-region-scan-start]
2020-09-29T11:31:01.958+0200: 115.391: [GC concurrent-root-region-scan-end, 0.0026019 secs]
2020-09-29T11:31:01.959+0200: 115.391: [GC concurrent-mark-start]
2020-09-29T11:31:01.963+0200: 115.395: [GC concurrent-mark-end, 0.0040090 secs]
2020-09-29T11:31:01.963+0200: 115.395: [GC remark 2020-09-29T11:31:01.963+0200: 115.395: [Finalize Marking, 0.0002241 secs] 2020-09-29T11:31:01.963+0200: 115.395: [GC ref-proc, 0.0005196 secs] 2020-09-29T11:31:01.964+0200: 115.396: [Unloading, 0.0007338 secs], 0.0019157 secs]
 [Times: user=0.00 sys=0.00, real=0.00 secs] 
2020-09-29T11:31:01.965+0200: 115.397: [GC cleanup 979M->27M(2048M), 0.0017536 secs]
 [Times: user=0.00 sys=0.00, real=0.00 secs] 
2020-09-29T11:31:01.967+0200: 115.399: [GC concurrent-cleanup-start]
2020-09-29T11:31:01.969+0200: 115.401: [GC concurrent-cleanup-end, 0.0021782 secs]
2020-09-29T11:31:02.129+0200: 115.561: [GC pause (G1 Evacuation Pause) (young), 0.1839743 secs]
   [Parallel Time: 182.4 ms, GC Workers: 8]
      [GC Worker Start (ms): Min: 115560.9, Avg: 115563.0, Max: 115577.0, Diff: 16.1]
      [Ext Root Scanning (ms): Min: 0.0, Avg: 0.1, Max: 0.2, Diff: 0.2, Sum: 0.7]
      [Update RS (ms): Min: 1.8, Avg: 15.9, Max: 18.0, Diff: 16.2, Sum: 127.0]
         [Processed Buffers: Min: 3, Avg: 13.6, Max: 17, Diff: 14, Sum: 109]
      [Scan RS (ms): Min: 14.9, Avg: 16.8, Max: 29.4, Diff: 14.5, Sum: 134.7]
      [Code Root Scanning (ms): Min: 0.0, Avg: 0.0, Max: 0.0, Diff: 0.0, Sum: 0.0]
      [Object Copy (ms): Min: 134.8, Avg: 147.1, Max: 148.9, Diff: 14.1, Sum: 1176.9]
      [Termination (ms): Min: 0.0, Avg: 0.1, Max: 0.2, Diff: 0.2, Sum: 1.1]
         [Termination Attempts: Min: 1, Avg: 687.4, Max: 862, Diff: 861, Sum: 5499]
      [GC Worker Other (ms): Min: 0.0, Avg: 0.0, Max: 0.1, Diff: 0.0, Sum: 0.3]
      [GC Worker Total (ms): Min: 166.0, Avg: 180.1, Max: 182.2, Diff: 16.1, Sum: 1440.7]
      [GC Worker End (ms): Min: 115743.0, Avg: 115743.1, Max: 115743.1, Diff: 0.1]
   [Code Root Fixup: 0.0 ms]
   [Code Root Purge: 0.0 ms]
   [Clear CT: 0.2 ms]
   [Other: 1.4 ms]
      [Choose CSet: 0.0 ms]
      [Ref Proc: 0.2 ms]
      [Ref Enq: 0.0 ms]
      [Redirty Cards: 0.5 ms]
      [Humongous Register: 0.0 ms]
      [Humongous Reclaim: 0.0 ms]
      [Free CSet: 0.3 ms]
   [Eden: 219.0M(219.0M)->0.0B(194.0M) Survivors: 7168.0K->29.0M Heap: 274.1M(2048.0M)->269.1M(2048.0M)]
 [Times: user=1.45 sys=0.02, real=0.18 secs] 
2020-09-29T11:31:02.468+0200: 115.900: [GC pause (G1 Evacuation Pause) (young), 0.1665153 secs]
   [Parallel Time: 165.1 ms, GC Workers: 8]
      [GC Worker Start (ms): Min: 115900.4, Avg: 115900.4, Max: 115900.5, Diff: 0.1]
      [Ext Root Scanning (ms): Min: 0.0, Avg: 0.1, Max: 0.2, Diff: 0.1, Sum: 0.8]
      [Update RS (ms): Min: 19.5, Avg: 19.6, Max: 20.2, Diff: 0.7, Sum: 156.9]
         [Processed Buffers: Min: 14, Avg: 15.8, Max: 19, Diff: 5, Sum: 126]
      [Scan RS (ms): Min: 13.2, Avg: 13.7, Max: 13.8, Diff: 0.6, Sum: 109.5]
      [Code Root Scanning (ms): Min: 0.0, Avg: 0.0, Max: 0.0, Diff: 0.0, Sum: 0.0]
      [Object Copy (ms): Min: 131.4, Avg: 131.4, Max: 131.5, Diff: 0.1, Sum: 1051.5]
      [Termination (ms): Min: 0.0, Avg: 0.0, Max: 0.0, Diff: 0.0, Sum: 0.1]
         [Termination Attempts: Min: 1, Avg: 23.9, Max: 34, Diff: 33, Sum: 191]
      [GC Worker Other (ms): Min: 0.0, Avg: 0.0, Max: 0.1, Diff: 0.1, Sum: 0.4]
      [GC Worker Total (ms): Min: 164.8, Avg: 164.9, Max: 165.0, Diff: 0.2, Sum: 1319.1]
      [GC Worker End (ms): Min: 116065.3, Avg: 116065.3, Max: 116065.4, Diff: 0.1]
   [Code Root Fixup: 0.0 ms]
   [Code Root Purge: 0.0 ms]
   [Clear CT: 0.2 ms]
   [Other: 1.2 ms]
      [Choose CSet: 0.0 ms]
      [Ref Proc: 0.3 ms]
      [Ref Enq: 0.0 ms]
      [Redirty Cards: 0.3 ms]
      [Humongous Register: 0.1 ms]
      [Humongous Reclaim: 0.0 ms]
      [Free CSet: 0.3 ms]
   [Eden: 194.0M(194.0M)->0.0B(199.0M) Survivors: 29.0M->28.0M Heap: 495.6M(2048.0M)->497.1M(2048.0M)]
 [Times: user=1.38 sys=0.00, real=0.17 secs] 
2020-09-29T11:31:02.795+0200: 116.227: [GC pause (G1 Evacuation Pause) (young), 0.1751474 secs]
   [Parallel Time: 173.8 ms, GC Workers: 8]
      [GC Worker Start (ms): Min: 116227.4, Avg: 116227.5, Max: 116227.6, Diff: 0.1]
      [Ext Root Scanning (ms): Min: 0.0, Avg: 0.1, Max: 0.2, Diff: 0.1, Sum: 0.8]
      [Update RS (ms): Min: 20.6, Avg: 20.8, Max: 21.3, Diff: 0.7, Sum: 166.5]
         [Processed Buffers: Min: 15, Avg: 15.9, Max: 18, Diff: 3, Sum: 127]
      [Scan RS (ms): Min: 14.2, Avg: 14.7, Max: 14.9, Diff: 0.7, Sum: 117.7]
      [Code Root Scanning (ms): Min: 0.0, Avg: 0.0, Max: 0.0, Diff: 0.0, Sum: 0.0]
      [Object Copy (ms): Min: 137.8, Avg: 137.8, Max: 138.0, Diff: 0.2, Sum: 1102.6]
      [Termination (ms): Min: 0.0, Avg: 0.1, Max: 0.1, Diff: 0.1, Sum: 0.6]
         [Termination Attempts: Min: 1, Avg: 366.4, Max: 509, Diff: 508, Sum: 2931]
      [GC Worker Other (ms): Min: 0.0, Avg: 0.0, Max: 0.1, Diff: 0.0, Sum: 0.4]
      [GC Worker Total (ms): Min: 173.5, Avg: 173.6, Max: 173.7, Diff: 0.2, Sum: 1388.6]
      [GC Worker End (ms): Min: 116401.1, Avg: 116401.1, Max: 116401.1, Diff: 0.0]
   [Code Root Fixup: 0.0 ms]
   [Code Root Purge: 0.0 ms]
   [Clear CT: 0.2 ms]
   [Other: 1.1 ms]
      [Choose CSet: 0.0 ms]
      [Ref Proc: 0.2 ms]
      [Ref Enq: 0.0 ms]
      [Redirty Cards: 0.3 ms]
      [Humongous Register: 0.0 ms]
      [Humongous Reclaim: 0.0 ms]
      [Free CSet: 0.3 ms]
   [Eden: 199.0M(199.0M)->0.0B(199.0M) Survivors: 28.0M->29.0M Heap: 728.5M(2048.0M)->730.0M(2048.0M)]
 [Times: user=1.38 sys=0.00, real=0.17 secs] 
2020-09-29T11:31:03.131+0200: 116.564: [GC pause (G1 Evacuation Pause) (young), 0.1866311 secs]
   [Parallel Time: 185.1 ms, GC Workers: 8]
      [GC Worker Start (ms): Min: 116564.3, Avg: 116564.4, Max: 116564.5, Diff: 0.2]
      [Ext Root Scanning (ms): Min: 0.0, Avg: 0.1, Max: 0.2, Diff: 0.2, Sum: 0.8]
      [Update RS (ms): Min: 15.6, Avg: 16.0, Max: 16.5, Diff: 0.9, Sum: 128.3]
         [Processed Buffers: Min: 11, Avg: 11.9, Max: 14, Diff: 3, Sum: 95]
      [Scan RS (ms): Min: 15.6, Avg: 16.1, Max: 16.5, Diff: 0.8, Sum: 128.7]
      [Code Root Scanning (ms): Min: 0.0, Avg: 0.0, Max: 0.0, Diff: 0.0, Sum: 0.0]
      [Object Copy (ms): Min: 152.1, Avg: 152.2, Max: 152.6, Diff: 0.6, Sum: 1217.9]
      [Termination (ms): Min: 0.0, Avg: 0.4, Max: 0.4, Diff: 0.4, Sum: 2.8]
         [Termination Attempts: Min: 1, Avg: 1603.8, Max: 1902, Diff: 1901, Sum: 12830]
      [GC Worker Other (ms): Min: 0.0, Avg: 0.0, Max: 0.1, Diff: 0.1, Sum: 0.4]
      [GC Worker Total (ms): Min: 184.8, Avg: 184.9, Max: 184.9, Diff: 0.1, Sum: 1479.0]
      [GC Worker End (ms): Min: 116749.2, Avg: 116749.3, Max: 116749.3, Diff: 0.1]
   [Code Root Fixup: 0.0 ms]
   [Code Root Purge: 0.0 ms]
   [Clear CT: 0.3 ms]
   [Other: 1.2 ms]
      [Choose CSet: 0.0 ms]
      [Ref Proc: 0.2 ms]
      [Ref Enq: 0.0 ms]
      [Redirty Cards: 0.5 ms]
      [Humongous Register: 0.1 ms]
      [Humongous Reclaim: 0.0 ms]
      [Free CSet: 0.2 ms]
   [Eden: 199.0M(199.0M)->0.0B(193.0M) Survivors: 29.0M->29.0M Heap: 961.4M(2048.0M)->963.4M(2048.0M)]
 [Times: user=1.28 sys=0.02, real=0.19 secs] 
2020-09-29T11:31:03.325+0200: 116.757: [GC pause (G1 Humongous Allocation) (young) (initial-mark), 0.0820647 secs]
   [Parallel Time: 80.8 ms, GC Workers: 8]
      [GC Worker Start (ms): Min: 116757.5, Avg: 116757.6, Max: 116757.8, Diff: 0.2]
      [Ext Root Scanning (ms): Min: 0.0, Avg: 0.5, Max: 1.5, Diff: 1.5, Sum: 4.2]
      [Update RS (ms): Min: 40.0, Avg: 41.1, Max: 41.7, Diff: 1.7, Sum: 328.9]
         [Processed Buffers: Min: 30, Avg: 32.1, Max: 34, Diff: 4, Sum: 257]
      [Scan RS (ms): Min: 1.9, Avg: 5.0, Max: 21.1, Diff: 19.2, Sum: 39.9]
      [Code Root Scanning (ms): Min: 0.0, Avg: 0.0, Max: 0.0, Diff: 0.0, Sum: 0.0]
      [Object Copy (ms): Min: 17.7, Avg: 33.7, Max: 36.1, Diff: 18.4, Sum: 269.4]
      [Termination (ms): Min: 0.1, Avg: 0.2, Max: 0.4, Diff: 0.3, Sum: 1.8]
         [Termination Attempts: Min: 1, Avg: 847.0, Max: 1406, Diff: 1405, Sum: 6776]
      [GC Worker Other (ms): Min: 0.0, Avg: 0.0, Max: 0.0, Diff: 0.0, Sum: 0.1]
      [GC Worker Total (ms): Min: 80.4, Avg: 80.5, Max: 80.6, Diff: 0.2, Sum: 644.2]
      [GC Worker End (ms): Min: 116838.1, Avg: 116838.1, Max: 116838.2, Diff: 0.0]
   [Code Root Fixup: 0.0 ms]
   [Code Root Purge: 0.0 ms]
   [Clear CT: 0.2 ms]
   [Other: 1.0 ms]
      [Choose CSet: 0.0 ms]
      [Ref Proc: 0.3 ms]
      [Ref Enq: 0.0 ms]
      [Redirty Cards: 0.3 ms]
      [Humongous Register: 0.1 ms]
      [Humongous Reclaim: 0.0 ms]
      [Free CSet: 0.1 ms]
   [Eden: 2048.0K(193.0M)->0.0B(161.0M) Survivors: 29.0M->5120.0K Heap: 965.4M(2048.0M)->970.4M(2048.0M)]
 [Times: user=0.59 sys=0.00, real=0.08 secs] 
2020-09-29T11:31:03.407+0200: 116.840: [GC concurrent-root-region-scan-start]
2020-09-29T11:31:03.408+0200: 116.841: [GC concurrent-root-region-scan-end, 0.0009289 secs]
2020-09-29T11:31:03.408+0200: 116.841: [GC concurrent-mark-start]
2020-09-29T11:31:03.415+0200: 116.847: [GC concurrent-mark-end, 0.0068502 secs]
2020-09-29T11:31:03.415+0200: 116.848: [GC remark 2020-09-29T11:31:03.415+0200: 116.848: [Finalize Marking, 0.0019007 secs] 2020-09-29T11:31:03.417+0200: 116.850: [GC ref-proc, 0.0024523 secs] 2020-09-29T11:31:03.419+0200: 116.852: [Unloading, 0.0006594 secs], 0.0054082 secs]
 [Times: user=0.00 sys=0.00, real=0.01 secs] 
2020-09-29T11:31:03.421+0200: 116.854: [GC cleanup 983M->27M(2048M), 0.0019162 secs]
 [Times: user=0.00 sys=0.00, real=0.00 secs] 
2020-09-29T11:31:03.423+0200: 116.856: [GC concurrent-cleanup-start]
2020-09-29T11:31:03.425+0200: 116.858: [GC concurrent-cleanup-end, 0.0021175 secs]
2020-09-29T11:31:03.544+0200: 116.976: [GC pause (G1 Evacuation Pause) (young), 0.1287786 secs]
   [Parallel Time: 127.3 ms, GC Workers: 8]
      [GC Worker Start (ms): Min: 116976.5, Avg: 116976.6, Max: 116976.7, Diff: 0.2]
      [Ext Root Scanning (ms): Min: 0.0, Avg: 0.1, Max: 0.2, Diff: 0.2, Sum: 0.8]
      [Update RS (ms): Min: 20.4, Avg: 20.6, Max: 20.9, Diff: 0.5, Sum: 164.7]
         [Processed Buffers: Min: 13, Avg: 16.0, Max: 20, Diff: 7, Sum: 128]
      [Scan RS (ms): Min: 7.5, Avg: 8.3, Max: 10.9, Diff: 3.3, Sum: 66.1]
      [Code Root Scanning (ms): Min: 0.0, Avg: 0.0, Max: 0.0, Diff: 0.0, Sum: 0.0]
      [Object Copy (ms): Min: 95.2, Avg: 98.1, Max: 98.6, Diff: 3.4, Sum: 784.8]
      [Termination (ms): Min: 0.0, Avg: 0.0, Max: 0.0, Diff: 0.0, Sum: 0.0]
         [Termination Attempts: Min: 1, Avg: 25.5, Max: 38, Diff: 37, Sum: 204]
      [GC Worker Other (ms): Min: 0.0, Avg: 0.0, Max: 0.1, Diff: 0.1, Sum: 0.3]
      [GC Worker Total (ms): Min: 127.0, Avg: 127.1, Max: 127.2, Diff: 0.3, Sum: 1016.7]
      [GC Worker End (ms): Min: 117103.7, Avg: 117103.7, Max: 117103.7, Diff: 0.0]
   [Code Root Fixup: 0.0 ms]
   [Code Root Purge: 0.0 ms]
   [Clear CT: 0.5 ms]
   [Other: 0.9 ms]
      [Choose CSet: 0.0 ms]
      [Ref Proc: 0.3 ms]
      [Ref Enq: 0.0 ms]
      [Redirty Cards: 0.2 ms]
      [Humongous Register: 0.0 ms]
      [Humongous Reclaim: 0.0 ms]
      [Free CSet: 0.1 ms]
   [Eden: 161.0M(161.0M)->0.0B(168.0M) Survivors: 5120.0K->21.0M Heap: 204.1M(2048.0M)->201.6M(2048.0M)]
 [Times: user=0.97 sys=0.00, real=0.13 secs] 
2020-09-29T11:31:03.804+0200: 117.237: [GC pause (G1 Evacuation Pause) (young), 0.1426695 secs]
   [Parallel Time: 141.4 ms, GC Workers: 8]
      [GC Worker Start (ms): Min: 117236.7, Avg: 117236.8, Max: 117236.9, Diff: 0.2]
      [Ext Root Scanning (ms): Min: 0.0, Avg: 0.1, Max: 0.2, Diff: 0.2, Sum: 0.7]
      [Update RS (ms): Min: 15.7, Avg: 16.0, Max: 16.5, Diff: 0.8, Sum: 128.0]
         [Processed Buffers: Min: 12, Avg: 12.0, Max: 12, Diff: 0, Sum: 96]
      [Scan RS (ms): Min: 11.7, Avg: 12.2, Max: 12.5, Diff: 0.7, Sum: 97.5]
      [Code Root Scanning (ms): Min: 0.0, Avg: 0.0, Max: 0.0, Diff: 0.0, Sum: 0.0]
      [Object Copy (ms): Min: 112.6, Avg: 112.7, Max: 112.7, Diff: 0.2, Sum: 901.3]
      [Termination (ms): Min: 0.0, Avg: 0.1, Max: 0.1, Diff: 0.1, Sum: 0.8]
         [Termination Attempts: Min: 1, Avg: 439.4, Max: 551, Diff: 550, Sum: 3515]
      [GC Worker Other (ms): Min: 0.0, Avg: 0.0, Max: 0.0, Diff: 0.0, Sum: 0.2]
      [GC Worker Total (ms): Min: 141.0, Avg: 141.1, Max: 141.2, Diff: 0.2, Sum: 1128.6]
      [GC Worker End (ms): Min: 117377.9, Avg: 117377.9, Max: 117377.9, Diff: 0.0]
   [Code Root Fixup: 0.0 ms]
   [Code Root Purge: 0.0 ms]
   [Clear CT: 0.3 ms]
   [Other: 1.0 ms]
      [Choose CSet: 0.0 ms]
      [Ref Proc: 0.2 ms]
      [Ref Enq: 0.0 ms]
      [Redirty Cards: 0.3 ms]
      [Humongous Register: 0.0 ms]
      [Humongous Reclaim: 0.0 ms]
      [Free CSet: 0.2 ms]
   [Eden: 168.0M(168.0M)->0.0B(177.0M) Survivors: 21.0M->24.0M Heap: 396.3M(2048.0M)->398.3M(2048.0M)]
 [Times: user=1.13 sys=0.00, real=0.14 secs] 
2020-09-29T11:31:04.091+0200: 117.523: [GC pause (G1 Evacuation Pause) (young), 0.1961393 secs]
   [Parallel Time: 194.5 ms, GC Workers: 8]
      [GC Worker Start (ms): Min: 117523.2, Avg: 117523.3, Max: 117523.4, Diff: 0.2]
      [Ext Root Scanning (ms): Min: 0.0, Avg: 0.1, Max: 0.2, Diff: 0.2, Sum: 1.0]
      [Update RS (ms): Min: 21.5, Avg: 22.0, Max: 23.3, Diff: 1.8, Sum: 175.8]
         [Processed Buffers: Min: 11, Avg: 13.6, Max: 16, Diff: 5, Sum: 109]
      [Scan RS (ms): Min: 15.3, Avg: 16.7, Max: 17.1, Diff: 1.9, Sum: 133.3]
      [Code Root Scanning (ms): Min: 0.0, Avg: 0.0, Max: 0.0, Diff: 0.0, Sum: 0.0]
      [Object Copy (ms): Min: 155.2, Avg: 155.3, Max: 155.4, Diff: 0.1, Sum: 1242.5]
      [Termination (ms): Min: 0.0, Avg: 0.0, Max: 0.0, Diff: 0.0, Sum: 0.1]
         [Termination Attempts: Min: 1, Avg: 28.6, Max: 42, Diff: 41, Sum: 229]
      [GC Worker Other (ms): Min: 0.0, Avg: 0.0, Max: 0.1, Diff: 0.1, Sum: 0.4]
      [GC Worker Total (ms): Min: 194.0, Avg: 194.1, Max: 194.3, Diff: 0.2, Sum: 1553.2]
      [GC Worker End (ms): Min: 117717.4, Avg: 117717.4, Max: 117717.5, Diff: 0.1]
   [Code Root Fixup: 0.0 ms]
   [Code Root Purge: 0.0 ms]
   [Clear CT: 0.3 ms]
   [Other: 1.3 ms]
      [Choose CSet: 0.0 ms]
      [Ref Proc: 0.2 ms]
      [Ref Enq: 0.0 ms]
      [Redirty Cards: 0.6 ms]
      [Humongous Register: 0.1 ms]
      [Humongous Reclaim: 0.0 ms]
      [Free CSet: 0.2 ms]
   [Eden: 177.0M(177.0M)->0.0B(163.0M) Survivors: 24.0M->26.0M Heap: 605.8M(2048.0M)->608.3M(2048.0M)]
 [Times: user=1.50 sys=0.02, real=0.20 secs] 
2020-09-29T11:31:04.448+0200: 117.880: [GC pause (G1 Evacuation Pause) (young), 0.2185329 secs]
   [Parallel Time: 216.9 ms, GC Workers: 8]
      [GC Worker Start (ms): Min: 117880.5, Avg: 117884.5, Max: 117912.0, Diff: 31.5]
      [Ext Root Scanning (ms): Min: 0.0, Avg: 0.1, Max: 0.2, Diff: 0.2, Sum: 1.0]
      [Update RS (ms): Min: 0.0, Avg: 21.8, Max: 26.1, Diff: 26.1, Sum: 174.1]
         [Processed Buffers: Min: 0, Avg: 13.0, Max: 17, Diff: 17, Sum: 104]
      [Scan RS (ms): Min: 10.8, Avg: 16.3, Max: 17.5, Diff: 6.7, Sum: 130.0]
      [Code Root Scanning (ms): Min: 0.0, Avg: 0.0, Max: 0.0, Diff: 0.0, Sum: 0.0]
      [Object Copy (ms): Min: 174.1, Avg: 174.2, Max: 174.5, Diff: 0.5, Sum: 1393.7]
      [Termination (ms): Min: 0.0, Avg: 0.3, Max: 0.3, Diff: 0.3, Sum: 2.1]
         [Termination Attempts: Min: 1, Avg: 865.3, Max: 1127, Diff: 1126, Sum: 6922]
      [GC Worker Other (ms): Min: 0.0, Avg: 0.1, Max: 0.1, Diff: 0.1, Sum: 0.5]
      [GC Worker Total (ms): Min: 185.2, Avg: 212.7, Max: 216.7, Diff: 31.5, Sum: 1701.5]
      [GC Worker End (ms): Min: 118097.2, Avg: 118097.2, Max: 118097.3, Diff: 0.1]
   [Code Root Fixup: 0.0 ms]
   [Code Root Purge: 0.0 ms]
   [Clear CT: 0.3 ms]
   [Other: 1.3 ms]
      [Choose CSet: 0.0 ms]
      [Ref Proc: 0.2 ms]
      [Ref Enq: 0.0 ms]
      [Redirty Cards: 0.4 ms]
      [Humongous Register: 0.1 ms]
      [Humongous Reclaim: 0.0 ms]
      [Free CSet: 0.3 ms]
   [Eden: 163.0M(163.0M)->0.0B(144.0M) Survivors: 26.0M->24.0M Heap: 798.0M(2048.0M)->799.5M(2048.0M)]
 [Times: user=1.70 sys=0.00, real=0.22 secs] 
2020-09-29T11:31:04.835+0200: 118.268: [GC pause (G1 Evacuation Pause) (young), 0.1920810 secs]
   [Parallel Time: 190.5 ms, GC Workers: 8]
      [GC Worker Start (ms): Min: 118268.3, Avg: 118271.4, Max: 118292.6, Diff: 24.3]
      [Ext Root Scanning (ms): Min: 0.0, Avg: 0.1, Max: 0.2, Diff: 0.2, Sum: 1.0]
      [Update RS (ms): Min: 0.0, Avg: 18.6, Max: 21.8, Diff: 21.8, Sum: 148.4]
         [Processed Buffers: Min: 0, Avg: 12.9, Max: 16, Diff: 16, Sum: 103]
      [Scan RS (ms): Min: 11.5, Avg: 14.8, Max: 20.5, Diff: 9.0, Sum: 118.5]
      [Code Root Scanning (ms): Min: 0.0, Avg: 0.0, Max: 0.0, Diff: 0.0, Sum: 0.0]
      [Object Copy (ms): Min: 148.4, Avg: 153.6, Max: 154.4, Diff: 6.0, Sum: 1228.7]
      [Termination (ms): Min: 0.0, Avg: 0.0, Max: 0.0, Diff: 0.0, Sum: 0.1]
         [Termination Attempts: Min: 1, Avg: 30.9, Max: 51, Diff: 50, Sum: 247]
      [GC Worker Other (ms): Min: 0.0, Avg: 0.0, Max: 0.1, Diff: 0.1, Sum: 0.3]
      [GC Worker Total (ms): Min: 165.9, Avg: 187.1, Max: 190.2, Diff: 24.3, Sum: 1497.1]
      [GC Worker End (ms): Min: 118458.5, Avg: 118458.5, Max: 118458.6, Diff: 0.1]
   [Code Root Fixup: 0.0 ms]
   [Code Root Purge: 0.0 ms]
   [Clear CT: 0.4 ms]
   [Other: 1.2 ms]
      [Choose CSet: 0.0 ms]
      [Ref Proc: 0.2 ms]
      [Ref Enq: 0.0 ms]
      [Redirty Cards: 0.4 ms]
      [Humongous Register: 0.1 ms]
      [Humongous Reclaim: 0.0 ms]
      [Free CSet: 0.3 ms]
   [Eden: 144.0M(144.0M)->0.0B(140.0M) Survivors: 24.0M->21.0M Heap: 968.3M(2048.0M)->969.8M(2048.0M)]
 [Times: user=1.48 sys=0.00, real=0.19 secs] 
2020-09-29T11:31:05.042+0200: 118.474: [GC pause (G1 Humongous Allocation) (young) (initial-mark), 0.0659677 secs]
   [Parallel Time: 64.3 ms, GC Workers: 8]
      [GC Worker Start (ms): Min: 118474.6, Avg: 118474.7, Max: 118474.8, Diff: 0.1]
      [Ext Root Scanning (ms): Min: 0.1, Avg: 0.2, Max: 0.2, Diff: 0.1, Sum: 1.3]
      [Update RS (ms): Min: 32.0, Avg: 32.4, Max: 32.9, Diff: 0.8, Sum: 259.2]
         [Processed Buffers: Min: 18, Avg: 19.5, Max: 21, Diff: 3, Sum: 156]
      [Scan RS (ms): Min: 2.1, Avg: 2.6, Max: 2.9, Diff: 0.8, Sum: 21.0]
      [Code Root Scanning (ms): Min: 0.0, Avg: 0.0, Max: 0.0, Diff: 0.0, Sum: 0.0]
      [Object Copy (ms): Min: 28.8, Avg: 28.9, Max: 29.0, Diff: 0.2, Sum: 231.2]
      [Termination (ms): Min: 0.0, Avg: 0.0, Max: 0.0, Diff: 0.0, Sum: 0.1]
         [Termination Attempts: Min: 1, Avg: 50.0, Max: 71, Diff: 70, Sum: 400]
      [GC Worker Other (ms): Min: 0.0, Avg: 0.0, Max: 0.0, Diff: 0.0, Sum: 0.2]
      [GC Worker Total (ms): Min: 64.1, Avg: 64.1, Max: 64.2, Diff: 0.2, Sum: 513.1]
      [GC Worker End (ms): Min: 118538.8, Avg: 118538.8, Max: 118538.8, Diff: 0.0]
   [Code Root Fixup: 0.0 ms]
   [Code Root Purge: 0.0 ms]
   [Clear CT: 0.4 ms]
   [Other: 1.3 ms]
      [Choose CSet: 0.0 ms]
      [Ref Proc: 0.4 ms]
      [Ref Enq: 0.0 ms]
      [Redirty Cards: 0.4 ms]
      [Humongous Register: 0.1 ms]
      [Humongous Reclaim: 0.0 ms]
      [Free CSet: 0.1 ms]
   [Eden: 12.0M(140.0M)->0.0B(153.0M) Survivors: 21.0M->14.0M Heap: 981.3M(2048.0M)->985.8M(2048.0M)]
 [Times: user=0.50 sys=0.00, real=0.07 secs] 
2020-09-29T11:31:05.108+0200: 118.541: [GC concurrent-root-region-scan-start]
2020-09-29T11:31:05.114+0200: 118.547: [GC concurrent-root-region-scan-end, 0.0064068 secs]
2020-09-29T11:31:05.114+0200: 118.547: [GC concurrent-mark-start]
2020-09-29T11:31:05.119+0200: 118.552: [GC concurrent-mark-end, 0.0049756 secs]
2020-09-29T11:31:05.120+0200: 118.552: [GC remark 2020-09-29T11:31:05.120+0200: 118.553: [Finalize Marking, 0.0003573 secs] 2020-09-29T11:31:05.120+0200: 118.553: [GC ref-proc, 0.0006631 secs] 2020-09-29T11:31:05.121+0200: 118.554: [Unloading, 0.0011376 secs], 0.0027095 secs]
 [Times: user=0.00 sys=0.00, real=0.00 secs] 
2020-09-29T11:31:05.123+0200: 118.556: [GC cleanup 998M->36M(2048M), 0.0024142 secs]
 [Times: user=0.00 sys=0.00, real=0.00 secs] 
2020-09-29T11:31:05.126+0200: 118.559: [GC concurrent-cleanup-start]
2020-09-29T11:31:05.130+0200: 118.562: [GC concurrent-cleanup-end, 0.0038190 secs]
2020-09-29T11:31:05.267+0200: 118.700: [GC pause (G1 Evacuation Pause) (young), 0.1458885 secs]
   [Parallel Time: 144.3 ms, GC Workers: 8]
      [GC Worker Start (ms): Min: 118699.8, Avg: 118699.9, Max: 118700.0, Diff: 0.2]
      [Ext Root Scanning (ms): Min: 0.0, Avg: 0.1, Max: 0.2, Diff: 0.2, Sum: 1.0]
      [Update RS (ms): Min: 16.4, Avg: 16.7, Max: 17.4, Diff: 1.0, Sum: 133.7]
         [Processed Buffers: Min: 9, Avg: 10.8, Max: 12, Diff: 3, Sum: 86]
      [Scan RS (ms): Min: 11.8, Avg: 12.5, Max: 12.8, Diff: 1.1, Sum: 99.8]
      [Code Root Scanning (ms): Min: 0.0, Avg: 0.0, Max: 0.0, Diff: 0.0, Sum: 0.0]
      [Object Copy (ms): Min: 114.5, Avg: 114.6, Max: 114.7, Diff: 0.2, Sum: 917.2]
      [Termination (ms): Min: 0.0, Avg: 0.0, Max: 0.0, Diff: 0.0, Sum: 0.0]
         [Termination Attempts: Min: 1, Avg: 5.5, Max: 9, Diff: 8, Sum: 44]
      [GC Worker Other (ms): Min: 0.0, Avg: 0.1, Max: 0.1, Diff: 0.1, Sum: 0.5]
      [GC Worker Total (ms): Min: 143.9, Avg: 144.0, Max: 144.1, Diff: 0.1, Sum: 1152.2]
      [GC Worker End (ms): Min: 118843.9, Avg: 118843.9, Max: 118844.0, Diff: 0.1]
   [Code Root Fixup: 0.0 ms]
   [Code Root Purge: 0.0 ms]
   [Clear CT: 0.3 ms]
   [Other: 1.3 ms]
      [Choose CSet: 0.0 ms]
      [Ref Proc: 0.4 ms]
      [Ref Enq: 0.0 ms]
      [Redirty Cards: 0.3 ms]
      [Humongous Register: 0.1 ms]
      [Humongous Reclaim: 0.0 ms]
      [Free CSet: 0.2 ms]
   [Eden: 153.0M(153.0M)->0.0B(156.0M) Survivors: 14.0M->21.0M Heap: 203.2M(2048.0M)->191.7M(2048.0M)]
 [Times: user=1.25 sys=0.00, real=0.15 secs] 
2020-09-29T11:31:05.581+0200: 119.013: [GC pause (G1 Evacuation Pause) (young), 0.1988652 secs]
   [Parallel Time: 197.2 ms, GC Workers: 8]
      [GC Worker Start (ms): Min: 119013.5, Avg: 119013.7, Max: 119013.8, Diff: 0.3]
      [Ext Root Scanning (ms): Min: 0.0, Avg: 0.1, Max: 0.3, Diff: 0.3, Sum: 1.0]
      [Update RS (ms): Min: 19.0, Avg: 19.8, Max: 20.4, Diff: 1.4, Sum: 158.5]
         [Processed Buffers: Min: 6, Avg: 10.6, Max: 13, Diff: 7, Sum: 85]
      [Scan RS (ms): Min: 15.0, Avg: 15.6, Max: 16.4, Diff: 1.4, Sum: 125.2]
      [Code Root Scanning (ms): Min: 0.0, Avg: 0.0, Max: 0.0, Diff: 0.0, Sum: 0.0]
      [Object Copy (ms): Min: 160.7, Avg: 160.9, Max: 161.1, Diff: 0.5, Sum: 1287.2]
      [Termination (ms): Min: 0.1, Avg: 0.3, Max: 0.4, Diff: 0.3, Sum: 2.6]
         [Termination Attempts: Min: 1, Avg: 853.6, Max: 1087, Diff: 1086, Sum: 6829]
      [GC Worker Other (ms): Min: 0.0, Avg: 0.0, Max: 0.0, Diff: 0.0, Sum: 0.2]
      [GC Worker Total (ms): Min: 196.7, Avg: 196.8, Max: 197.0, Diff: 0.3, Sum: 1574.6]
      [GC Worker End (ms): Min: 119210.5, Avg: 119210.5, Max: 119210.5, Diff: 0.1]
   [Code Root Fixup: 0.0 ms]
   [Code Root Purge: 0.0 ms]
   [Clear CT: 0.4 ms]
   [Other: 1.3 ms]
      [Choose CSet: 0.0 ms]
      [Ref Proc: 0.3 ms]
      [Ref Enq: 0.0 ms]
      [Redirty Cards: 0.3 ms]
      [Humongous Register: 0.1 ms]
      [Humongous Reclaim: 0.0 ms]
      [Free CSet: 0.2 ms]
   [Eden: 156.0M(156.0M)->0.0B(143.0M) Survivors: 21.0M->23.0M Heap: 372.5M(2048.0M)->374.0M(2048.0M)]
 [Times: user=1.51 sys=0.00, real=0.20 secs] 
2020-09-29T11:31:05.939+0200: 119.371: [GC pause (G1 Evacuation Pause) (young), 0.1752645 secs]
   [Parallel Time: 173.6 ms, GC Workers: 8]
      [GC Worker Start (ms): Min: 119371.2, Avg: 119371.3, Max: 119371.4, Diff: 0.2]
      [Ext Root Scanning (ms): Min: 0.1, Avg: 0.1, Max: 0.2, Diff: 0.2, Sum: 1.1]
      [Update RS (ms): Min: 26.1, Avg: 26.4, Max: 27.3, Diff: 1.3, Sum: 211.2]
         [Processed Buffers: Min: 13, Avg: 14.8, Max: 17, Diff: 4, Sum: 118]
      [Scan RS (ms): Min: 11.4, Avg: 12.2, Max: 12.6, Diff: 1.2, Sum: 97.8]
      [Code Root Scanning (ms): Min: 0.0, Avg: 0.0, Max: 0.0, Diff: 0.0, Sum: 0.0]
      [Object Copy (ms): Min: 134.4, Avg: 134.5, Max: 134.6, Diff: 0.1, Sum: 1076.1]
      [Termination (ms): Min: 0.0, Avg: 0.0, Max: 0.0, Diff: 0.0, Sum: 0.1]
         [Termination Attempts: Min: 1, Avg: 24.9, Max: 33, Diff: 32, Sum: 199]
      [GC Worker Other (ms): Min: 0.0, Avg: 0.1, Max: 0.1, Diff: 0.1, Sum: 0.5]
      [GC Worker Total (ms): Min: 173.3, Avg: 173.4, Max: 173.5, Diff: 0.2, Sum: 1386.8]
      [GC Worker End (ms): Min: 119544.6, Avg: 119544.7, Max: 119544.7, Diff: 0.1]
   [Code Root Fixup: 0.0 ms]
   [Code Root Purge: 0.0 ms]
   [Clear CT: 0.3 ms]
   [Other: 1.3 ms]
      [Choose CSet: 0.0 ms]
      [Ref Proc: 0.4 ms]
      [Ref Enq: 0.0 ms]
      [Redirty Cards: 0.3 ms]
      [Humongous Register: 0.1 ms]
      [Humongous Reclaim: 0.0 ms]
      [Free CSet: 0.3 ms]
   [Eden: 143.0M(143.0M)->0.0B(146.0M) Survivors: 23.0M->21.0M Heap: 541.8M(2048.0M)->544.3M(2048.0M)]
 [Times: user=1.45 sys=0.02, real=0.18 secs] 
2020-09-29T11:31:06.262+0200: 119.695: [GC pause (G1 Evacuation Pause) (young), 0.2490255 secs]
   [Parallel Time: 247.2 ms, GC Workers: 8]
      [GC Worker Start (ms): Min: 119694.7, Avg: 119702.8, Max: 119726.7, Diff: 32.0]
      [Ext Root Scanning (ms): Min: 0.0, Avg: 0.1, Max: 0.2, Diff: 0.2, Sum: 1.0]
      [Update RS (ms): Min: 0.0, Avg: 20.2, Max: 27.3, Diff: 27.3, Sum: 161.7]
         [Processed Buffers: Min: 0, Avg: 13.4, Max: 21, Diff: 21, Sum: 107]
      [Scan RS (ms): Min: 9.6, Avg: 16.0, Max: 36.7, Diff: 27.0, Sum: 128.4]
      [Code Root Scanning (ms): Min: 0.0, Avg: 0.0, Max: 0.0, Diff: 0.0, Sum: 0.0]
      [Object Copy (ms): Min: 182.6, Avg: 202.2, Max: 205.1, Diff: 22.6, Sum: 1617.4]
      [Termination (ms): Min: 0.0, Avg: 0.2, Max: 0.3, Diff: 0.3, Sum: 1.5]
         [Termination Attempts: Min: 1, Avg: 612.3, Max: 806, Diff: 805, Sum: 4898]
      [GC Worker Other (ms): Min: 0.0, Avg: 0.1, Max: 0.1, Diff: 0.1, Sum: 0.4]
      [GC Worker Total (ms): Min: 214.9, Avg: 238.8, Max: 246.8, Diff: 32.0, Sum: 1910.5]
      [GC Worker End (ms): Min: 119941.5, Avg: 119941.6, Max: 119941.6, Diff: 0.1]
   [Code Root Fixup: 0.0 ms]
   [Code Root Purge: 0.0 ms]
   [Clear CT: 0.3 ms]
   [Other: 1.5 ms]
      [Choose CSet: 0.0 ms]
      [Ref Proc: 0.4 ms]
      [Ref Enq: 0.0 ms]
      [Redirty Cards: 0.4 ms]
      [Humongous Register: 0.1 ms]
      [Humongous Reclaim: 0.0 ms]
      [Free CSet: 0.3 ms]
   [Eden: 146.0M(146.0M)->0.0B(115.0M) Survivors: 21.0M->21.0M Heap: 715.1M(2048.0M)->717.1M(2048.0M)]
 [Times: user=1.83 sys=0.00, real=0.25 secs] 
2020-09-29T11:31:06.641+0200: 120.073: [GC pause (G1 Evacuation Pause) (young), 0.1533562 secs]
   [Parallel Time: 151.7 ms, GC Workers: 8]
      [GC Worker Start (ms): Min: 120073.0, Avg: 120073.0, Max: 120073.1, Diff: 0.2]
      [Ext Root Scanning (ms): Min: 0.1, Avg: 0.1, Max: 0.2, Diff: 0.2, Sum: 1.2]
      [Update RS (ms): Min: 20.6, Avg: 21.1, Max: 22.3, Diff: 1.6, Sum: 168.7]
         [Processed Buffers: Min: 10, Avg: 12.4, Max: 16, Diff: 6, Sum: 99]
      [Scan RS (ms): Min: 7.9, Avg: 9.1, Max: 9.9, Diff: 2.0, Sum: 72.8]
      [Code Root Scanning (ms): Min: 0.0, Avg: 0.0, Max: 0.0, Diff: 0.0, Sum: 0.0]
      [Object Copy (ms): Min: 120.3, Avg: 120.7, Max: 121.1, Diff: 0.8, Sum: 965.7]
      [Termination (ms): Min: 0.0, Avg: 0.3, Max: 0.4, Diff: 0.4, Sum: 2.3]
         [Termination Attempts: Min: 1, Avg: 900.1, Max: 1106, Diff: 1105, Sum: 7201]
      [GC Worker Other (ms): Min: 0.0, Avg: 0.0, Max: 0.1, Diff: 0.0, Sum: 0.3]
      [GC Worker Total (ms): Min: 151.3, Avg: 151.4, Max: 151.5, Diff: 0.2, Sum: 1210.9]
      [GC Worker End (ms): Min: 120224.4, Avg: 120224.4, Max: 120224.4, Diff: 0.0]
   [Code Root Fixup: 0.0 ms]
   [Code Root Purge: 0.0 ms]
   [Clear CT: 0.3 ms]
   [Other: 1.4 ms]
      [Choose CSet: 0.0 ms]
      [Ref Proc: 0.4 ms]
      [Ref Enq: 0.0 ms]
      [Redirty Cards: 0.3 ms]
      [Humongous Register: 0.1 ms]
      [Humongous Reclaim: 0.0 ms]
      [Free CSet: 0.2 ms]
   [Eden: 115.0M(115.0M)->0.0B(127.0M) Survivors: 21.0M->17.0M Heap: 851.2M(2048.0M)->852.2M(2048.0M)]
 [Times: user=1.11 sys=0.02, real=0.15 secs] 
2020-09-29T11:31:06.926+0200: 120.359: [GC pause (G1 Evacuation Pause) (young), 0.2001376 secs]
   [Parallel Time: 198.4 ms, GC Workers: 8]
      [GC Worker Start (ms): Min: 120358.7, Avg: 120358.8, Max: 120358.9, Diff: 0.3]
      [Ext Root Scanning (ms): Min: 0.0, Avg: 0.1, Max: 0.2, Diff: 0.2, Sum: 1.1]
      [Update RS (ms): Min: 19.1, Avg: 20.9, Max: 32.0, Diff: 12.8, Sum: 166.8]
         [Processed Buffers: Min: 0, Avg: 10.5, Max: 14, Diff: 14, Sum: 84]
      [Scan RS (ms): Min: 1.0, Avg: 16.0, Max: 44.8, Diff: 43.8, Sum: 128.0]
      [Code Root Scanning (ms): Min: 0.0, Avg: 0.0, Max: 0.0, Diff: 0.0, Sum: 0.0]
      [Object Copy (ms): Min: 134.0, Avg: 160.5, Max: 164.5, Diff: 30.5, Sum: 1284.0]
      [Termination (ms): Min: 0.0, Avg: 0.6, Max: 0.8, Diff: 0.8, Sum: 5.1]
         [Termination Attempts: Min: 1, Avg: 1885.3, Max: 2391, Diff: 2390, Sum: 15082]
      [GC Worker Other (ms): Min: 0.0, Avg: 0.0, Max: 0.1, Diff: 0.1, Sum: 0.4]
      [GC Worker Total (ms): Min: 198.0, Avg: 198.2, Max: 198.3, Diff: 0.3, Sum: 1585.4]
      [GC Worker End (ms): Min: 120556.9, Avg: 120556.9, Max: 120557.0, Diff: 0.1]
   [Code Root Fixup: 0.0 ms]
   [Code Root Purge: 0.0 ms]
   [Clear CT: 0.4 ms]
   [Other: 1.3 ms]
      [Choose CSet: 0.0 ms]
      [Ref Proc: 0.4 ms]
      [Ref Enq: 0.0 ms]
      [Redirty Cards: 0.4 ms]
      [Humongous Register: 0.1 ms]
      [Humongous Reclaim: 0.0 ms]
      [Free CSet: 0.2 ms]
   [Eden: 127.0M(127.0M)->0.0B(117.0M) Survivors: 17.0M->18.0M Heap: 1000.1M(2048.0M)->1002.1M(2048.0M)]
 [Times: user=1.53 sys=0.00, real=0.20 secs] 
2020-09-29T11:31:07.142+0200: 120.574: [GC pause (G1 Humongous Allocation) (young) (initial-mark), 0.0519165 secs]
   [Parallel Time: 48.8 ms, GC Workers: 8]
      [GC Worker Start (ms): Min: 120574.3, Avg: 120574.4, Max: 120574.6, Diff: 0.2]
      [Ext Root Scanning (ms): Min: 0.0, Avg: 0.2, Max: 0.3, Diff: 0.3, Sum: 1.8]
      [Update RS (ms): Min: 21.8, Avg: 22.6, Max: 23.2, Diff: 1.4, Sum: 181.1]
         [Processed Buffers: Min: 13, Avg: 14.3, Max: 15, Diff: 2, Sum: 114]
      [Scan RS (ms): Min: 1.7, Avg: 2.2, Max: 3.0, Diff: 1.4, Sum: 17.8]
      [Code Root Scanning (ms): Min: 0.0, Avg: 0.0, Max: 0.0, Diff: 0.0, Sum: 0.0]
      [Object Copy (ms): Min: 23.2, Avg: 23.3, Max: 23.3, Diff: 0.2, Sum: 186.2]
      [Termination (ms): Min: 0.0, Avg: 0.0, Max: 0.0, Diff: 0.0, Sum: 0.1]
         [Termination Attempts: Min: 1, Avg: 24.1, Max: 33, Diff: 32, Sum: 193]
      [GC Worker Other (ms): Min: 0.0, Avg: 0.0, Max: 0.1, Diff: 0.0, Sum: 0.2]
      [GC Worker Total (ms): Min: 48.2, Avg: 48.4, Max: 48.5, Diff: 0.2, Sum: 387.2]
      [GC Worker End (ms): Min: 120622.8, Avg: 120622.8, Max: 120622.8, Diff: 0.0]
   [Code Root Fixup: 0.0 ms]
   [Code Root Purge: 0.0 ms]
   [Clear CT: 1.7 ms]
   [Other: 1.4 ms]
      [Choose CSet: 0.0 ms]
      [Ref Proc: 0.4 ms]
      [Ref Enq: 0.0 ms]
      [Redirty Cards: 0.4 ms]
      [Humongous Register: 0.1 ms]
      [Humongous Reclaim: 0.0 ms]
      [Free CSet: 0.1 ms]
   [Eden: 7168.0K(117.0M)->0.0B(140.0M) Survivors: 18.0M->10.0M Heap: 1009.1M(2048.0M)->1013.6M(2048.0M)]
 [Times: user=0.38 sys=0.00, real=0.05 secs] 
2020-09-29T11:31:07.194+0200: 120.626: [GC concurrent-root-region-scan-start]
2020-09-29T11:31:07.198+0200: 120.630: [GC concurrent-root-region-scan-end, 0.0039006 secs]
2020-09-29T11:31:07.198+0200: 120.630: [GC concurrent-mark-start]
2020-09-29T11:31:07.203+0200: 120.635: [GC concurrent-mark-end, 0.0051893 secs]
2020-09-29T11:31:07.203+0200: 120.636: [GC remark 2020-09-29T11:31:07.203+0200: 120.636: [Finalize Marking, 0.0004296 secs] 2020-09-29T11:31:07.204+0200: 120.636: [GC ref-proc, 0.0005808 secs] 2020-09-29T11:31:07.204+0200: 120.637: [Unloading, 0.0007869 secs], 0.0023311 secs]
 [Times: user=0.00 sys=0.00, real=0.00 secs] 
2020-09-29T11:31:07.206+0200: 120.639: [GC cleanup 1024M->30M(2048M), 0.0026788 secs]
 [Times: user=0.06 sys=0.00, real=0.00 secs] 
2020-09-29T11:31:07.209+0200: 120.641: [GC concurrent-cleanup-start]
2020-09-29T11:31:07.212+0200: 120.644: [GC concurrent-cleanup-end, 0.0029368 secs]
2020-09-29T11:31:07.359+0200: 120.791: [GC pause (G1 Evacuation Pause) (young), 0.1753911 secs]
   [Parallel Time: 173.7 ms, GC Workers: 8]
      [GC Worker Start (ms): Min: 120791.5, Avg: 120795.6, Max: 120823.5, Diff: 32.0]
      [Ext Root Scanning (ms): Min: 0.0, Avg: 0.1, Max: 0.2, Diff: 0.2, Sum: 1.1]
      [Update RS (ms): Min: 0.0, Avg: 10.2, Max: 12.5, Diff: 12.5, Sum: 81.7]
         [Processed Buffers: Min: 0, Avg: 7.6, Max: 12, Diff: 12, Sum: 61]
      [Scan RS (ms): Min: 0.0, Avg: 12.8, Max: 14.9, Diff: 14.9, Sum: 102.6]
      [Code Root Scanning (ms): Min: 0.0, Avg: 0.0, Max: 0.0, Diff: 0.0, Sum: 0.0]
      [Object Copy (ms): Min: 141.3, Avg: 146.1, Max: 146.9, Diff: 5.6, Sum: 1169.1]
      [Termination (ms): Min: 0.0, Avg: 0.0, Max: 0.0, Diff: 0.0, Sum: 0.1]
         [Termination Attempts: Min: 1, Avg: 28.5, Max: 37, Diff: 36, Sum: 228]
      [GC Worker Other (ms): Min: 0.0, Avg: 0.0, Max: 0.1, Diff: 0.1, Sum: 0.4]
      [GC Worker Total (ms): Min: 141.4, Avg: 169.4, Max: 173.5, Diff: 32.1, Sum: 1355.0]
      [GC Worker End (ms): Min: 120965.0, Avg: 120965.0, Max: 120965.0, Diff: 0.1]
   [Code Root Fixup: 0.0 ms]
   [Code Root Purge: 0.0 ms]
   [Clear CT: 0.3 ms]
   [Other: 1.4 ms]
      [Choose CSet: 0.0 ms]
      [Ref Proc: 0.4 ms]
      [Ref Enq: 0.0 ms]
      [Redirty Cards: 0.4 ms]
      [Humongous Register: 0.1 ms]
      [Humongous Reclaim: 0.0 ms]
      [Free CSet: 0.2 ms]
   [Eden: 140.0M(140.0M)->0.0B(129.0M) Survivors: 10.0M->19.0M Heap: 184.3M(2048.0M)->176.3M(2048.0M)]
 [Times: user=1.23 sys=0.00, real=0.18 secs] 
2020-09-29T11:31:07.685+0200: 121.117: [GC pause (G1 Evacuation Pause) (young), 0.1785766 secs]
   [Parallel Time: 176.1 ms, GC Workers: 8]
      [GC Worker Start (ms): Min: 121117.3, Avg: 121117.4, Max: 121117.6, Diff: 0.3]
      [Ext Root Scanning (ms): Min: 0.0, Avg: 0.1, Max: 0.2, Diff: 0.2, Sum: 1.1]
      [Update RS (ms): Min: 15.6, Avg: 16.7, Max: 22.6, Diff: 7.0, Sum: 133.8]
         [Processed Buffers: Min: 0, Avg: 8.9, Max: 11, Diff: 11, Sum: 71]
      [Scan RS (ms): Min: 6.9, Avg: 12.7, Max: 13.8, Diff: 6.9, Sum: 101.9]
      [Code Root Scanning (ms): Min: 0.0, Avg: 0.0, Max: 0.0, Diff: 0.0, Sum: 0.0]
      [Object Copy (ms): Min: 145.8, Avg: 145.9, Max: 146.1, Diff: 0.4, Sum: 1167.2]
      [Termination (ms): Min: 0.0, Avg: 0.3, Max: 0.4, Diff: 0.4, Sum: 2.4]
         [Termination Attempts: Min: 1, Avg: 1054.4, Max: 1273, Diff: 1272, Sum: 8435]
      [GC Worker Other (ms): Min: 0.0, Avg: 0.1, Max: 0.1, Diff: 0.1, Sum: 0.5]
      [GC Worker Total (ms): Min: 175.7, Avg: 175.8, Max: 176.0, Diff: 0.3, Sum: 1406.7]
      [GC Worker End (ms): Min: 121293.2, Avg: 121293.3, Max: 121293.3, Diff: 0.1]
   [Code Root Fixup: 0.0 ms]
   [Code Root Purge: 0.0 ms]
   [Clear CT: 1.2 ms]
   [Other: 1.2 ms]
      [Choose CSet: 0.0 ms]
      [Ref Proc: 0.3 ms]
      [Ref Enq: 0.0 ms]
      [Redirty Cards: 0.3 ms]
      [Humongous Register: 0.1 ms]
      [Humongous Reclaim: 0.0 ms]
      [Free CSet: 0.2 ms]
   [Eden: 129.0M(129.0M)->0.0B(128.0M) Survivors: 19.0M->19.0M Heap: 326.3M(2048.0M)->328.8M(2048.0M)]
 [Times: user=1.36 sys=0.00, real=0.18 secs] 
2020-09-29T11:31:08.007+0200: 121.439: [GC pause (G1 Evacuation Pause) (young), 0.1530497 secs]
   [Parallel Time: 151.3 ms, GC Workers: 8]
      [GC Worker Start (ms): Min: 121438.8, Avg: 121438.9, Max: 121439.0, Diff: 0.2]
      [Ext Root Scanning (ms): Min: 0.1, Avg: 0.1, Max: 0.2, Diff: 0.2, Sum: 1.1]
      [Update RS (ms): Min: 15.6, Avg: 16.2, Max: 17.7, Diff: 2.1, Sum: 129.4]
         [Processed Buffers: Min: 9, Avg: 9.4, Max: 11, Diff: 2, Sum: 75]
      [Scan RS (ms): Min: 11.4, Avg: 12.8, Max: 13.5, Diff: 2.1, Sum: 102.7]
      [Code Root Scanning (ms): Min: 0.0, Avg: 0.0, Max: 0.0, Diff: 0.0, Sum: 0.0]
      [Object Copy (ms): Min: 121.6, Avg: 121.7, Max: 121.9, Diff: 0.2, Sum: 973.9]
      [Termination (ms): Min: 0.0, Avg: 0.1, Max: 0.1, Diff: 0.1, Sum: 0.8]
         [Termination Attempts: Min: 1, Avg: 383.4, Max: 471, Diff: 470, Sum: 3067]
      [GC Worker Other (ms): Min: 0.0, Avg: 0.1, Max: 0.1, Diff: 0.1, Sum: 0.4]
      [GC Worker Total (ms): Min: 150.9, Avg: 151.1, Max: 151.1, Diff: 0.2, Sum: 1208.4]
      [GC Worker End (ms): Min: 121589.9, Avg: 121590.0, Max: 121590.0, Diff: 0.1]
   [Code Root Fixup: 0.0 ms]
   [Code Root Purge: 0.0 ms]
   [Clear CT: 0.3 ms]
   [Other: 1.4 ms]
      [Choose CSet: 0.0 ms]
      [Ref Proc: 0.3 ms]
      [Ref Enq: 0.0 ms]
      [Redirty Cards: 0.4 ms]
      [Humongous Register: 0.1 ms]
      [Humongous Reclaim: 0.0 ms]
      [Free CSet: 0.2 ms]
   [Eden: 128.0M(128.0M)->0.0B(134.0M) Survivors: 19.0M->19.0M Heap: 477.8M(2048.0M)->479.3M(2048.0M)]
 [Times: user=1.11 sys=0.00, real=0.15 secs] 
2020-09-29T11:31:08.327+0200: 121.759: [GC pause (G1 Evacuation Pause) (young), 0.2255945 secs]
   [Parallel Time: 223.9 ms, GC Workers: 8]
      [GC Worker Start (ms): Min: 121759.2, Avg: 121759.3, Max: 121759.4, Diff: 0.3]
      [Ext Root Scanning (ms): Min: 0.0, Avg: 0.1, Max: 0.2, Diff: 0.2, Sum: 1.0]
      [Update RS (ms): Min: 18.9, Avg: 20.8, Max: 32.2, Diff: 13.3, Sum: 166.3]
         [Processed Buffers: Min: 0, Avg: 10.4, Max: 13, Diff: 13, Sum: 83]
      [Scan RS (ms): Min: 1.1, Avg: 12.6, Max: 15.0, Diff: 13.9, Sum: 101.2]
      [Code Root Scanning (ms): Min: 0.0, Avg: 0.0, Max: 0.0, Diff: 0.0, Sum: 0.0]
      [Object Copy (ms): Min: 188.5, Avg: 189.4, Max: 190.0, Diff: 1.5, Sum: 1515.5]
      [Termination (ms): Min: 0.1, Avg: 0.5, Max: 0.8, Diff: 0.7, Sum: 4.3]
         [Termination Attempts: Min: 1, Avg: 1775.6, Max: 2608, Diff: 2607, Sum: 14205]
      [GC Worker Other (ms): Min: 0.0, Avg: 0.0, Max: 0.0, Diff: 0.0, Sum: 0.2]
      [GC Worker Total (ms): Min: 223.4, Avg: 223.6, Max: 223.7, Diff: 0.3, Sum: 1788.5]
      [GC Worker End (ms): Min: 121982.8, Avg: 121982.8, Max: 121982.9, Diff: 0.0]
   [Code Root Fixup: 0.0 ms]
   [Code Root Purge: 0.0 ms]
   [Clear CT: 0.4 ms]
   [Other: 1.2 ms]
      [Choose CSet: 0.0 ms]
      [Ref Proc: 0.3 ms]
      [Ref Enq: 0.0 ms]
      [Redirty Cards: 0.4 ms]
      [Humongous Register: 0.1 ms]
      [Humongous Reclaim: 0.0 ms]
      [Free CSet: 0.2 ms]
   [Eden: 134.0M(134.0M)->0.0B(117.0M) Survivors: 19.0M->20.0M Heap: 636.1M(2048.0M)->638.1M(2048.0M)]
 [Times: user=1.52 sys=0.01, real=0.23 secs] 
2020-09-29T11:31:08.683+0200: 122.115: [GC pause (G1 Evacuation Pause) (young), 0.1516131 secs]
   [Parallel Time: 149.8 ms, GC Workers: 8]
      [GC Worker Start (ms): Min: 122114.9, Avg: 122115.0, Max: 122115.2, Diff: 0.3]
      [Ext Root Scanning (ms): Min: 0.0, Avg: 0.1, Max: 0.3, Diff: 0.3, Sum: 1.0]
      [Update RS (ms): Min: 14.8, Avg: 15.4, Max: 15.8, Diff: 1.1, Sum: 123.4]
         [Processed Buffers: Min: 7, Avg: 9.1, Max: 11, Diff: 4, Sum: 73]
      [Scan RS (ms): Min: 11.1, Avg: 11.5, Max: 12.2, Diff: 1.1, Sum: 92.2]
      [Code Root Scanning (ms): Min: 0.0, Avg: 0.0, Max: 0.0, Diff: 0.0, Sum: 0.0]
      [Object Copy (ms): Min: 121.9, Avg: 122.0, Max: 122.4, Diff: 0.5, Sum: 975.8]
      [Termination (ms): Min: 0.0, Avg: 0.3, Max: 0.3, Diff: 0.3, Sum: 2.3]
         [Termination Attempts: Min: 1, Avg: 1018.6, Max: 1222, Diff: 1221, Sum: 8149]
      [GC Worker Other (ms): Min: 0.0, Avg: 0.1, Max: 0.1, Diff: 0.1, Sum: 0.5]
      [GC Worker Total (ms): Min: 149.2, Avg: 149.4, Max: 149.5, Diff: 0.3, Sum: 1195.1]
      [GC Worker End (ms): Min: 122264.4, Avg: 122264.4, Max: 122264.4, Diff: 0.1]
   [Code Root Fixup: 0.0 ms]
   [Code Root Purge: 0.0 ms]
   [Clear CT: 0.4 ms]
   [Other: 1.5 ms]
      [Choose CSet: 0.0 ms]
      [Ref Proc: 0.6 ms]
      [Ref Enq: 0.0 ms]
      [Redirty Cards: 0.4 ms]
      [Humongous Register: 0.1 ms]
      [Humongous Reclaim: 0.0 ms]
      [Free CSet: 0.2 ms]
   [Eden: 117.0M(117.0M)->0.0B(127.0M) Survivors: 20.0M->18.0M Heap: 774.2M(2048.0M)->776.7M(2048.0M)]
 [Times: user=1.13 sys=0.02, real=0.15 secs] 
2020-09-29T11:31:08.961+0200: 122.393: [GC pause (G1 Evacuation Pause) (young), 0.1850575 secs]
   [Parallel Time: 183.4 ms, GC Workers: 8]
      [GC Worker Start (ms): Min: 122393.0, Avg: 122393.1, Max: 122393.2, Diff: 0.2]
      [Ext Root Scanning (ms): Min: 0.0, Avg: 0.1, Max: 0.2, Diff: 0.2, Sum: 1.0]
      [Update RS (ms): Min: 17.9, Avg: 19.8, Max: 31.5, Diff: 13.6, Sum: 158.2]
         [Processed Buffers: Min: 0, Avg: 9.6, Max: 13, Diff: 13, Sum: 77]
      [Scan RS (ms): Min: 0.0, Avg: 11.5, Max: 13.4, Diff: 13.4, Sum: 92.0]
      [Code Root Scanning (ms): Min: 0.0, Avg: 0.0, Max: 0.0, Diff: 0.0, Sum: 0.0]
      [Object Copy (ms): Min: 151.4, Avg: 151.7, Max: 151.8, Diff: 0.4, Sum: 1213.3]
      [Termination (ms): Min: 0.0, Avg: 0.0, Max: 0.0, Diff: 0.0, Sum: 0.0]
         [Termination Attempts: Min: 1, Avg: 6.4, Max: 12, Diff: 11, Sum: 51]
      [GC Worker Other (ms): Min: 0.0, Avg: 0.0, Max: 0.1, Diff: 0.1, Sum: 0.4]
      [GC Worker Total (ms): Min: 182.9, Avg: 183.1, Max: 183.2, Diff: 0.2, Sum: 1464.8]
      [GC Worker End (ms): Min: 122576.2, Avg: 122576.2, Max: 122576.2, Diff: 0.1]
   [Code Root Fixup: 0.0 ms]
   [Code Root Purge: 0.0 ms]
   [Clear CT: 0.3 ms]
   [Other: 1.3 ms]
      [Choose CSet: 0.0 ms]
      [Ref Proc: 0.4 ms]
      [Ref Enq: 0.0 ms]
      [Redirty Cards: 0.4 ms]
      [Humongous Register: 0.1 ms]
      [Humongous Reclaim: 0.0 ms]
      [Free CSet: 0.2 ms]
   [Eden: 127.0M(127.0M)->0.0B(126.0M) Survivors: 18.0M->19.0M Heap: 924.7M(2048.0M)->926.2M(2048.0M)]
 [Times: user=1.31 sys=0.00, real=0.18 secs] 
2020-09-29T11:31:09.174+0200: 122.606: [GC pause (G1 Humongous Allocation) (young) (initial-mark), 0.0396089 secs]
   [Parallel Time: 38.3 ms, GC Workers: 8]
      [GC Worker Start (ms): Min: 122606.2, Avg: 122606.2, Max: 122606.3, Diff: 0.1]
      [Ext Root Scanning (ms): Min: 0.0, Avg: 0.1, Max: 0.2, Diff: 0.1, Sum: 0.8]
      [Update RS (ms): Min: 11.2, Avg: 11.5, Max: 11.9, Diff: 0.6, Sum: 91.9]
         [Processed Buffers: Min: 9, Avg: 11.0, Max: 12, Diff: 3, Sum: 88]
      [Scan RS (ms): Min: 1.1, Avg: 1.5, Max: 1.7, Diff: 0.6, Sum: 11.8]
      [Code Root Scanning (ms): Min: 0.0, Avg: 0.0, Max: 0.0, Diff: 0.0, Sum: 0.0]
      [Object Copy (ms): Min: 25.1, Avg: 25.1, Max: 25.2, Diff: 0.1, Sum: 200.9]
      [Termination (ms): Min: 0.0, Avg: 0.0, Max: 0.1, Diff: 0.1, Sum: 0.4]
         [Termination Attempts: Min: 1, Avg: 114.9, Max: 147, Diff: 146, Sum: 919]
      [GC Worker Other (ms): Min: 0.0, Avg: 0.0, Max: 0.0, Diff: 0.0, Sum: 0.1]
      [GC Worker Total (ms): Min: 38.2, Avg: 38.2, Max: 38.3, Diff: 0.1, Sum: 306.0]
      [GC Worker End (ms): Min: 122644.5, Avg: 122644.5, Max: 122644.5, Diff: 0.0]
   [Code Root Fixup: 0.0 ms]
   [Code Root Purge: 0.0 ms]
   [Clear CT: 0.4 ms]
   [Other: 0.8 ms]
      [Choose CSet: 0.0 ms]
      [Ref Proc: 0.3 ms]
      [Ref Enq: 0.0 ms]
      [Redirty Cards: 0.2 ms]
      [Humongous Register: 0.0 ms]
      [Humongous Reclaim: 0.0 ms]
      [Free CSet: 0.1 ms]
   [Eden: 38.0M(126.0M)->0.0B(150.0M) Survivors: 19.0M->19.0M Heap: 969.9M(2048.0M)->971.9M(2048.0M)]
 [Times: user=0.33 sys=0.00, real=0.04 secs] 
2020-09-29T11:31:09.214+0200: 122.646: [GC concurrent-root-region-scan-start]
2020-09-29T11:31:09.221+0200: 122.653: [GC concurrent-root-region-scan-end, 0.0069738 secs]
2020-09-29T11:31:09.221+0200: 122.653: [GC concurrent-mark-start]
2020-09-29T11:31:09.224+0200: 122.656: [GC concurrent-mark-end, 0.0032363 secs]
2020-09-29T11:31:09.224+0200: 122.656: [GC remark 2020-09-29T11:31:09.224+0200: 122.656: [Finalize Marking, 0.0001864 secs] 2020-09-29T11:31:09.224+0200: 122.657: [GC ref-proc, 0.0004063 secs] 2020-09-29T11:31:09.225+0200: 122.657: [Unloading, 0.0004943 secs], 0.0014267 secs]
 [Times: user=0.00 sys=0.00, real=0.00 secs] 
2020-09-29T11:31:09.226+0200: 122.658: [GC cleanup 992M->49M(2048M), 0.0016442 secs]
 [Times: user=0.00 sys=0.00, real=0.00 secs] 
2020-09-29T11:31:09.228+0200: 122.660: [GC concurrent-cleanup-start]
2020-09-29T11:31:09.229+0200: 122.661: [GC concurrent-cleanup-end, 0.0011153 secs]
2020-09-29T11:31:09.300+0200: 122.733: [GC pause (G1 Evacuation Pause) (young), 0.1079034 secs]
   [Parallel Time: 107.0 ms, GC Workers: 8]
      [GC Worker Start (ms): Min: 122732.7, Avg: 122734.8, Max: 122748.9, Diff: 16.3]
      [Ext Root Scanning (ms): Min: 0.0, Avg: 0.1, Max: 0.1, Diff: 0.1, Sum: 0.5]
      [Update RS (ms): Min: 0.0, Avg: 9.3, Max: 11.2, Diff: 11.2, Sum: 74.5]
         [Processed Buffers: Min: 0, Avg: 12.5, Max: 19, Diff: 19, Sum: 100]
      [Scan RS (ms): Min: 0.5, Avg: 7.2, Max: 20.8, Diff: 20.3, Sum: 57.9]
      [Code Root Scanning (ms): Min: 0.0, Avg: 0.0, Max: 0.0, Diff: 0.0, Sum: 0.0]
      [Object Copy (ms): Min: 74.6, Avg: 88.0, Max: 90.0, Diff: 15.5, Sum: 703.8]
      [Termination (ms): Min: 0.0, Avg: 0.2, Max: 0.3, Diff: 0.3, Sum: 1.2]
         [Termination Attempts: Min: 1, Avg: 958.0, Max: 1783, Diff: 1782, Sum: 7664]
      [GC Worker Other (ms): Min: 0.0, Avg: 0.0, Max: 0.0, Diff: 0.0, Sum: 0.1]
      [GC Worker Total (ms): Min: 90.6, Avg: 104.8, Max: 106.8, Diff: 16.3, Sum: 838.1]
      [GC Worker End (ms): Min: 122839.5, Avg: 122839.5, Max: 122839.5, Diff: 0.0]
   [Code Root Fixup: 0.0 ms]
   [Code Root Purge: 0.0 ms]
   [Clear CT: 0.2 ms]
   [Other: 0.8 ms]
      [Choose CSet: 0.0 ms]
      [Ref Proc: 0.2 ms]
      [Ref Enq: 0.0 ms]
      [Redirty Cards: 0.2 ms]
      [Humongous Register: 0.0 ms]
      [Humongous Reclaim: 0.0 ms]
      [Free CSet: 0.2 ms]
   [Eden: 150.0M(150.0M)->0.0B(167.0M) Survivors: 19.0M->22.0M Heap: 205.7M(2048.0M)->188.7M(2048.0M)]
 [Times: user=0.75 sys=0.00, real=0.11 secs] 
2020-09-29T11:31:09.494+0200: 122.927: [GC pause (G1 Evacuation Pause) (young), 0.0856114 secs]
   [Parallel Time: 84.4 ms, GC Workers: 8]
      [GC Worker Start (ms): Min: 122926.7, Avg: 122926.7, Max: 122926.8, Diff: 0.1]
      [Ext Root Scanning (ms): Min: 0.0, Avg: 0.1, Max: 0.1, Diff: 0.1, Sum: 0.6]
      [Update RS (ms): Min: 9.2, Avg: 9.4, Max: 9.6, Diff: 0.4, Sum: 74.9]
         [Processed Buffers: Min: 10, Avg: 12.3, Max: 15, Diff: 5, Sum: 98]
      [Scan RS (ms): Min: 7.3, Avg: 7.6, Max: 7.7, Diff: 0.4, Sum: 60.5]
      [Code Root Scanning (ms): Min: 0.0, Avg: 0.0, Max: 0.0, Diff: 0.0, Sum: 0.0]
      [Object Copy (ms): Min: 67.0, Avg: 67.1, Max: 67.1, Diff: 0.1, Sum: 536.7]
      [Termination (ms): Min: 0.0, Avg: 0.0, Max: 0.0, Diff: 0.0, Sum: 0.0]
         [Termination Attempts: Min: 1, Avg: 11.8, Max: 19, Diff: 18, Sum: 94]
      [GC Worker Other (ms): Min: 0.0, Avg: 0.0, Max: 0.1, Diff: 0.1, Sum: 0.3]
      [GC Worker Total (ms): Min: 84.0, Avg: 84.1, Max: 84.2, Diff: 0.2, Sum: 673.0]
      [GC Worker End (ms): Min: 123010.8, Avg: 123010.8, Max: 123010.9, Diff: 0.1]
   [Code Root Fixup: 0.0 ms]
   [Code Root Purge: 0.0 ms]
   [Clear CT: 0.2 ms]
   [Other: 1.1 ms]
      [Choose CSet: 0.0 ms]
      [Ref Proc: 0.2 ms]
      [Ref Enq: 0.0 ms]
      [Redirty Cards: 0.4 ms]
      [Humongous Register: 0.0 ms]
      [Humongous Reclaim: 0.0 ms]
      [Free CSet: 0.2 ms]
   [Eden: 161.0M(161.0M)->0.0B(195.0M) Survivors: 22.0M->23.0M Heap: 376.4M(2048.0M)->377.9M(2048.0M)]
 [Times: user=0.63 sys=0.00, real=0.09 secs] 
2020-09-29T11:31:09.690+0200: 123.123: [GC pause (G1 Evacuation Pause) (young), 0.1153408 secs]
   [Parallel Time: 114.3 ms, GC Workers: 8]
      [GC Worker Start (ms): Min: 123123.0, Avg: 123123.1, Max: 123123.2, Diff: 0.2]
      [Ext Root Scanning (ms): Min: 0.0, Avg: 0.1, Max: 0.2, Diff: 0.2, Sum: 0.7]
      [Update RS (ms): Min: 13.9, Avg: 14.1, Max: 14.7, Diff: 0.8, Sum: 112.8]
         [Processed Buffers: Min: 6, Avg: 13.5, Max: 19, Diff: 13, Sum: 108]
      [Scan RS (ms): Min: 8.8, Avg: 9.4, Max: 9.6, Diff: 0.8, Sum: 75.4]
      [Code Root Scanning (ms): Min: 0.0, Avg: 0.0, Max: 0.0, Diff: 0.0, Sum: 0.0]
      [Object Copy (ms): Min: 90.3, Avg: 90.4, Max: 90.4, Diff: 0.1, Sum: 723.1]
      [Termination (ms): Min: 0.0, Avg: 0.1, Max: 0.1, Diff: 0.1, Sum: 0.5]
         [Termination Attempts: Min: 1, Avg: 471.9, Max: 586, Diff: 585, Sum: 3775]
      [GC Worker Other (ms): Min: 0.0, Avg: 0.0, Max: 0.1, Diff: 0.0, Sum: 0.3]
      [GC Worker Total (ms): Min: 114.0, Avg: 114.1, Max: 114.2, Diff: 0.2, Sum: 912.8]
      [GC Worker End (ms): Min: 123237.1, Avg: 123237.2, Max: 123237.2, Diff: 0.0]
   [Code Root Fixup: 0.0 ms]
   [Code Root Purge: 0.0 ms]
   [Clear CT: 0.1 ms]
   [Other: 0.9 ms]
      [Choose CSet: 0.0 ms]
      [Ref Proc: 0.2 ms]
      [Ref Enq: 0.0 ms]
      [Redirty Cards: 0.2 ms]
      [Humongous Register: 0.1 ms]
      [Humongous Reclaim: 0.0 ms]
      [Free CSet: 0.2 ms]
   [Eden: 195.0M(195.0M)->0.0B(209.0M) Survivors: 23.0M->28.0M Heap: 605.3M(2048.0M)->606.8M(2048.0M)]
 [Times: user=0.94 sys=0.00, real=0.12 secs] 
2020-09-29T11:31:09.921+0200: 123.353: [GC pause (G1 Evacuation Pause) (young), 0.1412887 secs]
   [Parallel Time: 140.3 ms, GC Workers: 8]
      [GC Worker Start (ms): Min: 123353.2, Avg: 123353.3, Max: 123353.4, Diff: 0.1]
      [Ext Root Scanning (ms): Min: 0.0, Avg: 0.1, Max: 0.1, Diff: 0.1, Sum: 0.5]
      [Update RS (ms): Min: 12.7, Avg: 13.6, Max: 19.0, Diff: 6.3, Sum: 108.8]
         [Processed Buffers: Min: 0, Avg: 13.5, Max: 18, Diff: 18, Sum: 108]
      [Scan RS (ms): Min: 5.7, Avg: 12.0, Max: 18.7, Diff: 13.0, Sum: 96.1]
      [Code Root Scanning (ms): Min: 0.0, Avg: 0.0, Max: 0.0, Diff: 0.0, Sum: 0.0]
      [Object Copy (ms): Min: 108.5, Avg: 114.4, Max: 115.3, Diff: 6.7, Sum: 915.1]
      [Termination (ms): Min: 0.0, Avg: 0.0, Max: 0.0, Diff: 0.0, Sum: 0.1]
         [Termination Attempts: Min: 1, Avg: 81.1, Max: 100, Diff: 99, Sum: 649]
      [GC Worker Other (ms): Min: 0.0, Avg: 0.0, Max: 0.1, Diff: 0.0, Sum: 0.3]
      [GC Worker Total (ms): Min: 140.0, Avg: 140.1, Max: 140.2, Diff: 0.2, Sum: 1120.9]
      [GC Worker End (ms): Min: 123493.4, Avg: 123493.4, Max: 123493.4, Diff: 0.0]
   [Code Root Fixup: 0.0 ms]
   [Code Root Purge: 0.0 ms]
   [Clear CT: 0.1 ms]
   [Other: 0.9 ms]
      [Choose CSet: 0.0 ms]
      [Ref Proc: 0.2 ms]
      [Ref Enq: 0.0 ms]
      [Redirty Cards: 0.2 ms]
      [Humongous Register: 0.0 ms]
      [Humongous Reclaim: 0.0 ms]
      [Free CSet: 0.2 ms]
   [Eden: 209.0M(209.0M)->0.0B(219.0M) Survivors: 28.0M->30.0M Heap: 850.2M(2048.0M)->851.7M(2048.0M)]
 [Times: user=1.08 sys=0.00, real=0.14 secs] 
2020-09-29T11:31:10.184+0200: 123.616: [GC pause (G1 Evacuation Pause) (young), 0.1171076 secs]
   [Parallel Time: 116.1 ms, GC Workers: 8]
      [GC Worker Start (ms): Min: 123616.6, Avg: 123616.6, Max: 123616.7, Diff: 0.1]
      [Ext Root Scanning (ms): Min: 0.0, Avg: 0.1, Max: 0.1, Diff: 0.1, Sum: 0.5]
      [Update RS (ms): Min: 12.8, Avg: 13.0, Max: 13.3, Diff: 0.4, Sum: 103.9]
         [Processed Buffers: Min: 14, Avg: 15.1, Max: 17, Diff: 3, Sum: 121]
      [Scan RS (ms): Min: 10.3, Avg: 10.5, Max: 10.6, Diff: 0.4, Sum: 84.0]
      [Code Root Scanning (ms): Min: 0.0, Avg: 0.0, Max: 0.0, Diff: 0.0, Sum: 0.0]
      [Object Copy (ms): Min: 92.4, Avg: 92.4, Max: 92.4, Diff: 0.1, Sum: 739.2]
      [Termination (ms): Min: 0.0, Avg: 0.0, Max: 0.0, Diff: 0.0, Sum: 0.1]
         [Termination Attempts: Min: 1, Avg: 53.5, Max: 76, Diff: 75, Sum: 428]
      [GC Worker Other (ms): Min: 0.0, Avg: 0.0, Max: 0.1, Diff: 0.0, Sum: 0.3]
      [GC Worker Total (ms): Min: 115.9, Avg: 116.0, Max: 116.1, Diff: 0.2, Sum: 928.0]
      [GC Worker End (ms): Min: 123732.6, Avg: 123732.6, Max: 123732.7, Diff: 0.0]
   [Code Root Fixup: 0.0 ms]
   [Code Root Purge: 0.0 ms]
   [Clear CT: 0.2 ms]
   [Other: 0.8 ms]
      [Choose CSet: 0.0 ms]
      [Ref Proc: 0.2 ms]
      [Ref Enq: 0.0 ms]
      [Redirty Cards: 0.2 ms]
      [Humongous Register: 0.0 ms]
      [Humongous Reclaim: 0.0 ms]
      [Free CSet: 0.2 ms]
   [Eden: 219.0M(219.0M)->0.0B(243.0M) Survivors: 30.0M->32.0M Heap: 1106.9M(2048.0M)->1108.9M(2048.0M)]
 [Times: user=0.88 sys=0.00, real=0.12 secs] 
2020-09-29T11:31:10.304+0200: 123.736: [GC pause (G1 Humongous Allocation) (young) (initial-mark), 0.0572755 secs]
   [Parallel Time: 56.3 ms, GC Workers: 8]
      [GC Worker Start (ms): Min: 123736.2, Avg: 123736.3, Max: 123736.4, Diff: 0.2]
      [Ext Root Scanning (ms): Min: 0.0, Avg: 2.1, Max: 7.8, Diff: 7.8, Sum: 16.6]
      [Update RS (ms): Min: 27.4, Avg: 33.4, Max: 35.7, Diff: 8.3, Sum: 266.8]
         [Processed Buffers: Min: 34, Avg: 40.1, Max: 43, Diff: 9, Sum: 321]
      [Scan RS (ms): Min: 0.0, Avg: 0.3, Max: 0.7, Diff: 0.7, Sum: 2.2]
      [Code Root Scanning (ms): Min: 0.0, Avg: 0.0, Max: 0.0, Diff: 0.0, Sum: 0.0]
      [Object Copy (ms): Min: 20.4, Avg: 20.5, Max: 20.5, Diff: 0.1, Sum: 163.9]
      [Termination (ms): Min: 0.0, Avg: 0.0, Max: 0.0, Diff: 0.0, Sum: 0.1]
         [Termination Attempts: Min: 1, Avg: 70.9, Max: 97, Diff: 96, Sum: 567]
      [GC Worker Other (ms): Min: 0.0, Avg: 0.0, Max: 0.0, Diff: 0.0, Sum: 0.1]
      [GC Worker Total (ms): Min: 56.1, Avg: 56.2, Max: 56.3, Diff: 0.2, Sum: 449.8]
      [GC Worker End (ms): Min: 123792.5, Avg: 123792.5, Max: 123792.6, Diff: 0.0]
   [Code Root Fixup: 0.0 ms]
   [Code Root Purge: 0.0 ms]
   [Clear CT: 0.1 ms]
   [Other: 0.8 ms]
      [Choose CSet: 0.0 ms]
      [Ref Proc: 0.2 ms]
      [Ref Enq: 0.0 ms]
      [Redirty Cards: 0.1 ms]
      [Humongous Register: 0.1 ms]
      [Humongous Reclaim: 0.0 ms]
      [Free CSet: 0.1 ms]
   [Eden: 5120.0K(243.0M)->0.0B(259.0M) Survivors: 32.0M->6144.0K Heap: 1113.4M(2048.0M)->1117.4M(2048.0M)]
 [Times: user=0.34 sys=0.00, real=0.06 secs] 
2020-09-29T11:31:10.361+0200: 123.794: [GC concurrent-root-region-scan-start]
2020-09-29T11:31:10.363+0200: 123.795: [GC concurrent-root-region-scan-end, 0.0014226 secs]
2020-09-29T11:31:10.363+0200: 123.795: [GC concurrent-mark-start]
2020-09-29T11:31:10.366+0200: 123.799: [GC concurrent-mark-end, 0.0035665 secs]
2020-09-29T11:31:10.366+0200: 123.799: [GC remark 2020-09-29T11:31:10.366+0200: 123.799: [Finalize Marking, 0.0001604 secs] 2020-09-29T11:31:10.367+0200: 123.799: [GC ref-proc, 0.0003345 secs] 2020-09-29T11:31:10.367+0200: 123.799: [Unloading, 0.0004699 secs], 0.0013269 secs]
 [Times: user=0.00 sys=0.00, real=0.00 secs] 
2020-09-29T11:31:10.368+0200: 123.800: [GC cleanup 1128M->26M(2048M), 0.0011609 secs]
 [Times: user=0.00 sys=0.00, real=0.00 secs] 
2020-09-29T11:31:10.369+0200: 123.802: [GC concurrent-cleanup-start]
2020-09-29T11:31:10.371+0200: 123.804: [GC concurrent-cleanup-end, 0.0021506 secs]
2020-09-29T11:31:10.497+0200: 123.929: [GC pause (G1 Evacuation Pause) (young), 0.1272310 secs]
   [Parallel Time: 126.0 ms, GC Workers: 8]
      [GC Worker Start (ms): Min: 123929.3, Avg: 123929.4, Max: 123929.4, Diff: 0.2]
      [Ext Root Scanning (ms): Min: 0.0, Avg: 0.1, Max: 0.2, Diff: 0.2, Sum: 0.5]
      [Update RS (ms): Min: 14.3, Avg: 14.4, Max: 14.8, Diff: 0.5, Sum: 115.2]
         [Processed Buffers: Min: 12, Avg: 15.0, Max: 17, Diff: 5, Sum: 120]
      [Scan RS (ms): Min: 12.1, Avg: 12.5, Max: 12.6, Diff: 0.6, Sum: 99.9]
      [Code Root Scanning (ms): Min: 0.0, Avg: 0.0, Max: 0.0, Diff: 0.0, Sum: 0.0]
      [Object Copy (ms): Min: 98.8, Avg: 98.8, Max: 98.9, Diff: 0.1, Sum: 790.4]
      [Termination (ms): Min: 0.0, Avg: 0.0, Max: 0.0, Diff: 0.0, Sum: 0.0]
         [Termination Attempts: Min: 1, Avg: 19.8, Max: 27, Diff: 26, Sum: 158]
      [GC Worker Other (ms): Min: 0.0, Avg: 0.0, Max: 0.1, Diff: 0.0, Sum: 0.3]
      [GC Worker Total (ms): Min: 125.7, Avg: 125.8, Max: 125.9, Diff: 0.2, Sum: 1006.3]
      [GC Worker End (ms): Min: 124055.1, Avg: 124055.2, Max: 124055.2, Diff: 0.0]
   [Code Root Fixup: 0.0 ms]
   [Code Root Purge: 0.0 ms]
   [Clear CT: 0.2 ms]
   [Other: 1.0 ms]
      [Choose CSet: 0.0 ms]
      [Ref Proc: 0.2 ms]
      [Ref Enq: 0.0 ms]
      [Redirty Cards: 0.3 ms]
      [Humongous Register: 0.0 ms]
      [Humongous Reclaim: 0.0 ms]
      [Free CSet: 0.3 ms]
   [Eden: 259.0M(259.0M)->0.0B(257.0M) Survivors: 6144.0K->34.0M Heap: 318.9M(2048.0M)->314.9M(2048.0M)]
 [Times: user=1.00 sys=0.00, real=0.13 secs] 
2020-09-29T11:31:10.759+0200: 124.192: [GC pause (G1 Evacuation Pause) (young), 0.1451377 secs]
   [Parallel Time: 144.0 ms, GC Workers: 8]
      [GC Worker Start (ms): Min: 124191.8, Avg: 124192.0, Max: 124192.0, Diff: 0.2]
      [Ext Root Scanning (ms): Min: 0.0, Avg: 0.1, Max: 0.2, Diff: 0.2, Sum: 0.4]
      [Update RS (ms): Min: 17.4, Avg: 17.4, Max: 17.5, Diff: 0.1, Sum: 139.4]
         [Processed Buffers: Min: 18, Avg: 19.9, Max: 22, Diff: 4, Sum: 159]
      [Scan RS (ms): Min: 12.8, Avg: 12.9, Max: 13.0, Diff: 0.3, Sum: 102.8]
      [Code Root Scanning (ms): Min: 0.0, Avg: 0.0, Max: 0.0, Diff: 0.0, Sum: 0.0]
      [Object Copy (ms): Min: 113.2, Avg: 113.4, Max: 113.5, Diff: 0.2, Sum: 907.1]
      [Termination (ms): Min: 0.0, Avg: 0.0, Max: 0.0, Diff: 0.0, Sum: 0.1]
         [Termination Attempts: Min: 1, Avg: 95.6, Max: 116, Diff: 115, Sum: 765]
      [GC Worker Other (ms): Min: 0.0, Avg: 0.0, Max: 0.1, Diff: 0.1, Sum: 0.3]
      [GC Worker Total (ms): Min: 143.7, Avg: 143.8, Max: 143.9, Diff: 0.2, Sum: 1150.2]
      [GC Worker End (ms): Min: 124335.7, Avg: 124335.7, Max: 124335.8, Diff: 0.1]
   [Code Root Fixup: 0.0 ms]
   [Code Root Purge: 0.0 ms]
   [Clear CT: 0.2 ms]
   [Other: 1.0 ms]
      [Choose CSet: 0.0 ms]
      [Ref Proc: 0.2 ms]
      [Ref Enq: 0.0 ms]
      [Redirty Cards: 0.3 ms]
      [Humongous Register: 0.0 ms]
      [Humongous Reclaim: 0.0 ms]
      [Free CSet: 0.3 ms]
   [Eden: 257.0M(257.0M)->0.0B(274.0M) Survivors: 34.0M->37.0M Heap: 615.7M(2048.0M)->617.7M(2048.0M)]
 [Times: user=1.13 sys=0.00, real=0.15 secs] 
2020-09-29T11:31:11.047+0200: 124.479: [GC pause (G1 Evacuation Pause) (young), 0.1419719 secs]
   [Parallel Time: 141.0 ms, GC Workers: 8]
      [GC Worker Start (ms): Min: 124479.5, Avg: 124479.6, Max: 124479.7, Diff: 0.2]
      [Ext Root Scanning (ms): Min: 0.0, Avg: 0.1, Max: 0.2, Diff: 0.2, Sum: 0.4]
      [Update RS (ms): Min: 14.0, Avg: 14.3, Max: 14.5, Diff: 0.5, Sum: 114.1]
         [Processed Buffers: Min: 14, Avg: 15.6, Max: 18, Diff: 4, Sum: 125]
      [Scan RS (ms): Min: 13.6, Avg: 13.9, Max: 14.1, Diff: 0.5, Sum: 111.4]
      [Code Root Scanning (ms): Min: 0.0, Avg: 0.0, Max: 0.0, Diff: 0.0, Sum: 0.0]
      [Object Copy (ms): Min: 112.3, Avg: 112.4, Max: 112.5, Diff: 0.2, Sum: 899.2]
      [Termination (ms): Min: 0.0, Avg: 0.0, Max: 0.0, Diff: 0.0, Sum: 0.1]
         [Termination Attempts: Min: 1, Avg: 116.8, Max: 162, Diff: 161, Sum: 934]
      [GC Worker Other (ms): Min: 0.0, Avg: 0.0, Max: 0.1, Diff: 0.1, Sum: 0.3]
      [GC Worker Total (ms): Min: 140.6, Avg: 140.7, Max: 140.8, Diff: 0.2, Sum: 1125.5]
      [GC Worker End (ms): Min: 124620.3, Avg: 124620.3, Max: 124620.3, Diff: 0.1]
   [Code Root Fixup: 0.0 ms]
   [Code Root Purge: 0.0 ms]
   [Clear CT: 0.2 ms]
   [Other: 0.8 ms]
      [Choose CSet: 0.0 ms]
      [Ref Proc: 0.1 ms]
      [Ref Enq: 0.0 ms]
      [Redirty Cards: 0.2 ms]
      [Humongous Register: 0.0 ms]
      [Humongous Reclaim: 0.0 ms]
      [Free CSet: 0.3 ms]
   [Eden: 260.0M(259.0M)->0.0B(297.0M) Survivors: 37.0M->37.0M Heap: 919.7M(2048.0M)->922.2M(2048.0M)]
 [Times: user=1.13 sys=0.00, real=0.14 secs] 
2020-09-29T11:31:11.276+0200: 124.708: [GC pause (G1 Humongous Allocation) (young) (initial-mark), 0.1027985 secs]
   [Parallel Time: 101.8 ms, GC Workers: 8]
      [GC Worker Start (ms): Min: 124708.6, Avg: 124708.7, Max: 124708.7, Diff: 0.1]
      [Ext Root Scanning (ms): Min: 0.0, Avg: 0.1, Max: 0.1, Diff: 0.1, Sum: 0.6]
      [Update RS (ms): Min: 18.7, Avg: 19.2, Max: 19.5, Diff: 0.8, Sum: 153.8]
         [Processed Buffers: Min: 19, Avg: 20.8, Max: 22, Diff: 3, Sum: 166]
      [Scan RS (ms): Min: 4.6, Avg: 4.9, Max: 5.4, Diff: 0.8, Sum: 38.9]
      [Code Root Scanning (ms): Min: 0.0, Avg: 0.0, Max: 0.0, Diff: 0.0, Sum: 0.0]
      [Object Copy (ms): Min: 77.3, Avg: 77.4, Max: 77.4, Diff: 0.1, Sum: 619.0]
      [Termination (ms): Min: 0.0, Avg: 0.1, Max: 0.1, Diff: 0.1, Sum: 0.5]
         [Termination Attempts: Min: 1, Avg: 437.8, Max: 566, Diff: 565, Sum: 3502]
      [GC Worker Other (ms): Min: 0.0, Avg: 0.0, Max: 0.0, Diff: 0.0, Sum: 0.2]
      [GC Worker Total (ms): Min: 101.6, Avg: 101.6, Max: 101.7, Diff: 0.1, Sum: 812.9]
      [GC Worker End (ms): Min: 124810.3, Avg: 124810.3, Max: 124810.3, Diff: 0.0]
   [Code Root Fixup: 0.0 ms]
   [Code Root Purge: 0.0 ms]
   [Clear CT: 0.2 ms]
   [Other: 0.8 ms]
      [Choose CSet: 0.0 ms]
      [Ref Proc: 0.1 ms]
      [Ref Enq: 0.0 ms]
      [Redirty Cards: 0.3 ms]
      [Humongous Register: 0.0 ms]
      [Humongous Reclaim: 0.0 ms]
      [Free CSet: 0.1 ms]
   [Eden: 163.0M(297.0M)->0.0B(311.0M) Survivors: 37.0M->42.0M Heap: 1111.4M(2048.0M)->1112.9M(2048.0M)]
 [Times: user=0.75 sys=0.00, real=0.10 secs] 
2020-09-29T11:31:11.379+0200: 124.811: [GC concurrent-root-region-scan-start]
2020-09-29T11:31:11.391+0200: 124.824: [GC concurrent-root-region-scan-end, 0.0122752 secs]
2020-09-29T11:31:11.391+0200: 124.824: [GC concurrent-mark-start]
2020-09-29T11:31:11.395+0200: 124.827: [GC concurrent-mark-end, 0.0034312 secs]
2020-09-29T11:31:11.395+0200: 124.827: [GC remark 2020-09-29T11:31:11.395+0200: 124.827: [Finalize Marking, 0.0003481 secs] 2020-09-29T11:31:11.395+0200: 124.828: [GC ref-proc, 0.0002758 secs] 2020-09-29T11:31:11.396+0200: 124.828: [Unloading, 0.0006448 secs], 0.0015776 secs]
 [Times: user=0.00 sys=0.00, real=0.00 secs] 
2020-09-29T11:31:11.397+0200: 124.829: [GC cleanup 1148M->87M(2048M), 0.0018342 secs]
 [Times: user=0.00 sys=0.00, real=0.00 secs] 
2020-09-29T11:31:11.399+0200: 124.831: [GC concurrent-cleanup-start]
2020-09-29T11:31:11.400+0200: 124.832: [GC concurrent-cleanup-end, 0.0012588 secs]
2020-09-29T11:31:11.550+0200: 124.982: [GC pause (G1 Evacuation Pause) (young), 0.1672885 secs]
   [Parallel Time: 166.3 ms, GC Workers: 8]
      [GC Worker Start (ms): Min: 124982.5, Avg: 124982.6, Max: 124982.6, Diff: 0.2]
      [Ext Root Scanning (ms): Min: 0.0, Avg: 0.1, Max: 0.2, Diff: 0.2, Sum: 0.5]
      [Update RS (ms): Min: 23.8, Avg: 23.9, Max: 24.3, Diff: 0.5, Sum: 191.5]
         [Processed Buffers: Min: 22, Avg: 23.5, Max: 26, Diff: 4, Sum: 188]
      [Scan RS (ms): Min: 14.6, Avg: 14.9, Max: 15.2, Diff: 0.6, Sum: 119.5]
      [Code Root Scanning (ms): Min: 0.0, Avg: 0.0, Max: 0.0, Diff: 0.0, Sum: 0.0]
      [Object Copy (ms): Min: 126.9, Avg: 127.0, Max: 127.1, Diff: 0.2, Sum: 1016.4]
      [Termination (ms): Min: 0.0, Avg: 0.0, Max: 0.0, Diff: 0.0, Sum: 0.2]
         [Termination Attempts: Min: 1, Avg: 125.4, Max: 168, Diff: 167, Sum: 1003]
      [GC Worker Other (ms): Min: 0.0, Avg: 0.0, Max: 0.1, Diff: 0.1, Sum: 0.3]
      [GC Worker Total (ms): Min: 166.0, Avg: 166.0, Max: 166.2, Diff: 0.2, Sum: 1328.4]
      [GC Worker End (ms): Min: 125148.6, Avg: 125148.6, Max: 125148.7, Diff: 0.1]
   [Code Root Fixup: 0.0 ms]
   [Code Root Purge: 0.0 ms]
   [Clear CT: 0.2 ms]
   [Other: 0.8 ms]
      [Choose CSet: 0.0 ms]
      [Ref Proc: 0.1 ms]
      [Ref Enq: 0.0 ms]
      [Redirty Cards: 0.2 ms]
      [Humongous Register: 0.0 ms]
      [Humongous Reclaim: 0.0 ms]
      [Free CSet: 0.2 ms]
   [Eden: 311.0M(311.0M)->0.0B(307.0M) Survivors: 42.0M->45.0M Heap: 416.4M(2048.0M)->376.4M(2048.0M)]
 [Times: user=1.38 sys=0.00, real=0.17 secs] 
2020-09-29T11:31:11.896+0200: 125.329: [GC pause (G1 Evacuation Pause) (young), 0.1745959 secs]
   [Parallel Time: 173.3 ms, GC Workers: 8]
      [GC Worker Start (ms): Min: 125328.7, Avg: 125328.8, Max: 125328.8, Diff: 0.2]
      [Ext Root Scanning (ms): Min: 0.0, Avg: 0.1, Max: 0.2, Diff: 0.2, Sum: 0.5]
      [Update RS (ms): Min: 17.1, Avg: 17.5, Max: 17.9, Diff: 0.8, Sum: 139.7]
         [Processed Buffers: Min: 17, Avg: 18.6, Max: 19, Diff: 2, Sum: 149]
      [Scan RS (ms): Min: 17.7, Avg: 18.2, Max: 18.8, Diff: 1.1, Sum: 145.7]
      [Code Root Scanning (ms): Min: 0.0, Avg: 0.0, Max: 0.0, Diff: 0.0, Sum: 0.0]
      [Object Copy (ms): Min: 137.1, Avg: 137.3, Max: 137.4, Diff: 0.3, Sum: 1098.2]
      [Termination (ms): Min: 0.0, Avg: 0.1, Max: 0.1, Diff: 0.1, Sum: 0.6]
         [Termination Attempts: Min: 1, Avg: 564.4, Max: 679, Diff: 678, Sum: 4515]
      [GC Worker Other (ms): Min: 0.0, Avg: 0.0, Max: 0.1, Diff: 0.1, Sum: 0.4]
      [GC Worker Total (ms): Min: 173.0, Avg: 173.1, Max: 173.3, Diff: 0.2, Sum: 1385.1]
      [GC Worker End (ms): Min: 125501.9, Avg: 125501.9, Max: 125501.9, Diff: 0.1]
   [Code Root Fixup: 0.0 ms]
   [Code Root Purge: 0.0 ms]
   [Clear CT: 0.2 ms]
   [Other: 1.1 ms]
      [Choose CSet: 0.0 ms]
      [Ref Proc: 0.2 ms]
      [Ref Enq: 0.0 ms]
      [Redirty Cards: 0.3 ms]
      [Humongous Register: 0.0 ms]
      [Humongous Reclaim: 0.0 ms]
      [Free CSet: 0.3 ms]
   [Eden: 307.0M(307.0M)->0.0B(301.0M) Survivors: 45.0M->44.0M Heap: 733.0M(2048.0M)->735.0M(2048.0M)]
 [Times: user=1.38 sys=0.00, real=0.18 secs] 
2020-09-29T11:31:12.234+0200: 125.666: [GC pause (G1 Evacuation Pause) (young), 0.1787980 secs]
   [Parallel Time: 177.8 ms, GC Workers: 8]
      [GC Worker Start (ms): Min: 125666.3, Avg: 125666.4, Max: 125666.5, Diff: 0.2]
      [Ext Root Scanning (ms): Min: 0.0, Avg: 0.1, Max: 0.2, Diff: 0.2, Sum: 0.5]
      [Update RS (ms): Min: 21.1, Avg: 21.2, Max: 22.0, Diff: 0.9, Sum: 169.8]
         [Processed Buffers: Min: 22, Avg: 23.6, Max: 25, Diff: 3, Sum: 189]
      [Scan RS (ms): Min: 16.1, Avg: 17.4, Max: 21.1, Diff: 5.0, Sum: 138.9]
      [Code Root Scanning (ms): Min: 0.0, Avg: 0.0, Max: 0.0, Diff: 0.0, Sum: 0.0]
      [Object Copy (ms): Min: 134.9, Avg: 138.6, Max: 139.4, Diff: 4.4, Sum: 1109.1]
      [Termination (ms): Min: 0.0, Avg: 0.2, Max: 0.2, Diff: 0.2, Sum: 1.3]
         [Termination Attempts: Min: 1, Avg: 1215.0, Max: 1551, Diff: 1550, Sum: 9720]
      [GC Worker Other (ms): Min: 0.0, Avg: 0.0, Max: 0.1, Diff: 0.1, Sum: 0.3]
      [GC Worker Total (ms): Min: 177.4, Avg: 177.5, Max: 177.6, Diff: 0.1, Sum: 1419.9]
      [GC Worker End (ms): Min: 125843.9, Avg: 125843.9, Max: 125843.9, Diff: 0.1]
   [Code Root Fixup: 0.0 ms]
   [Code Root Purge: 0.0 ms]
   [Clear CT: 0.2 ms]
   [Other: 0.8 ms]
      [Choose CSet: 0.0 ms]
      [Ref Proc: 0.2 ms]
      [Ref Enq: 0.0 ms]
      [Redirty Cards: 0.3 ms]
      [Humongous Register: 0.0 ms]
      [Humongous Reclaim: 0.0 ms]
      [Free CSet: 0.2 ms]
   [Eden: 301.0M(301.0M)->0.0B(295.0M) Survivors: 44.0M->44.0M Heap: 1087.5M(2048.0M)->1090.0M(2048.0M)]
 [Times: user=1.48 sys=0.00, real=0.18 secs] 
2020-09-29T11:31:12.427+0200: 125.859: [GC pause (G1 Humongous Allocation) (young) (initial-mark), 0.0559694 secs]
   [Parallel Time: 55.2 ms, GC Workers: 8]
      [GC Worker Start (ms): Min: 125859.1, Avg: 125859.2, Max: 125859.2, Diff: 0.1]
      [Ext Root Scanning (ms): Min: 0.0, Avg: 0.1, Max: 0.1, Diff: 0.1, Sum: 0.7]
      [Update RS (ms): Min: 30.5, Avg: 30.8, Max: 31.1, Diff: 0.6, Sum: 246.2]
         [Processed Buffers: Min: 33, Avg: 35.9, Max: 38, Diff: 5, Sum: 287]
      [Scan RS (ms): Min: 2.5, Avg: 2.8, Max: 3.1, Diff: 0.5, Sum: 22.4]
      [Code Root Scanning (ms): Min: 0.0, Avg: 0.0, Max: 0.0, Diff: 0.0, Sum: 0.0]
      [Object Copy (ms): Min: 21.3, Avg: 21.3, Max: 21.4, Diff: 0.1, Sum: 170.8]
      [Termination (ms): Min: 0.0, Avg: 0.0, Max: 0.0, Diff: 0.0, Sum: 0.1]
         [Termination Attempts: Min: 1, Avg: 101.9, Max: 135, Diff: 134, Sum: 815]
      [GC Worker Other (ms): Min: 0.0, Avg: 0.0, Max: 0.1, Diff: 0.0, Sum: 0.2]
      [GC Worker Total (ms): Min: 55.0, Avg: 55.1, Max: 55.1, Diff: 0.1, Sum: 440.4]
      [GC Worker End (ms): Min: 125914.2, Avg: 125914.2, Max: 125914.2, Diff: 0.0]
   [Code Root Fixup: 0.0 ms]
   [Code Root Purge: 0.0 ms]
   [Clear CT: 0.1 ms]
   [Other: 0.6 ms]
      [Choose CSet: 0.0 ms]
      [Ref Proc: 0.2 ms]
      [Ref Enq: 0.0 ms]
      [Redirty Cards: 0.1 ms]
      [Humongous Register: 0.0 ms]
      [Humongous Reclaim: 0.0 ms]
      [Free CSet: 0.1 ms]
   [Eden: 9216.0K(295.0M)->0.0B(340.0M) Survivors: 44.0M->10.0M Heap: 1098.5M(2048.0M)->1102.5M(2048.0M)]
 [Times: user=0.38 sys=0.00, real=0.06 secs] 
2020-09-29T11:31:12.483+0200: 125.915: [GC concurrent-root-region-scan-start]
2020-09-29T11:31:12.485+0200: 125.917: [GC concurrent-root-region-scan-end, 0.0017949 secs]
2020-09-29T11:31:12.485+0200: 125.917: [GC concurrent-mark-start]
2020-09-29T11:31:12.488+0200: 125.920: [GC concurrent-mark-end, 0.0033494 secs]
2020-09-29T11:31:12.488+0200: 125.920: [GC remark 2020-09-29T11:31:12.488+0200: 125.920: [Finalize Marking, 0.0016868 secs] 2020-09-29T11:31:12.490+0200: 125.922: [GC ref-proc, 0.0006158 secs] 2020-09-29T11:31:12.491+0200: 125.923: [Unloading, 0.0004058 secs], 0.0030162 secs]
 [Times: user=0.00 sys=0.00, real=0.00 secs] 
2020-09-29T11:31:12.492+0200: 125.924: [GC cleanup 1115M->32M(2048M), 0.0012126 secs]
 [Times: user=0.00 sys=0.00, real=0.00 secs] 
2020-09-29T11:31:12.493+0200: 125.925: [GC concurrent-cleanup-start]
2020-09-29T11:31:12.495+0200: 125.927: [GC concurrent-cleanup-end, 0.0016556 secs]
2020-09-29T11:31:12.667+0200: 126.099: [GC pause (G1 Evacuation Pause) (young), 0.1622857 secs]
   [Parallel Time: 161.1 ms, GC Workers: 8]
      [GC Worker Start (ms): Min: 126099.4, Avg: 126099.5, Max: 126099.5, Diff: 0.1]
      [Ext Root Scanning (ms): Min: 0.0, Avg: 0.1, Max: 0.2, Diff: 0.1, Sum: 0.6]
      [Update RS (ms): Min: 18.4, Avg: 18.6, Max: 18.8, Diff: 0.5, Sum: 148.5]
         [Processed Buffers: Min: 18, Avg: 20.5, Max: 23, Diff: 5, Sum: 164]
      [Scan RS (ms): Min: 15.0, Avg: 15.3, Max: 15.4, Diff: 0.5, Sum: 122.4]
      [Code Root Scanning (ms): Min: 0.0, Avg: 0.0, Max: 0.0, Diff: 0.0, Sum: 0.0]
      [Object Copy (ms): Min: 126.7, Avg: 126.9, Max: 127.0, Diff: 0.2, Sum: 1015.1]
      [Termination (ms): Min: 0.0, Avg: 0.0, Max: 0.0, Diff: 0.0, Sum: 0.1]
         [Termination Attempts: Min: 1, Avg: 66.6, Max: 91, Diff: 90, Sum: 533]
      [GC Worker Other (ms): Min: 0.0, Avg: 0.0, Max: 0.1, Diff: 0.1, Sum: 0.3]
      [GC Worker Total (ms): Min: 160.8, Avg: 160.9, Max: 161.0, Diff: 0.2, Sum: 1287.0]
      [GC Worker End (ms): Min: 126260.3, Avg: 126260.4, Max: 126260.4, Diff: 0.1]
   [Code Root Fixup: 0.0 ms]
   [Code Root Purge: 0.0 ms]
   [Clear CT: 0.2 ms]
   [Other: 1.0 ms]
      [Choose CSet: 0.0 ms]
      [Ref Proc: 0.2 ms]
      [Ref Enq: 0.0 ms]
      [Redirty Cards: 0.3 ms]
      [Humongous Register: 0.0 ms]
      [Humongous Reclaim: 0.0 ms]
      [Free CSet: 0.3 ms]
   [Eden: 340.0M(340.0M)->0.0B(320.0M) Survivors: 10.0M->44.0M Heap: 417.2M(2048.0M)->409.2M(2048.0M)]
 [Times: user=1.25 sys=0.00, real=0.16 secs] 
2020-09-29T11:31:13.011+0200: 126.443: [GC pause (G1 Evacuation Pause) (young), 0.1935565 secs]
   [Parallel Time: 192.3 ms, GC Workers: 8]
      [GC Worker Start (ms): Min: 126443.0, Avg: 126443.1, Max: 126443.2, Diff: 0.1]
      [Ext Root Scanning (ms): Min: 0.0, Avg: 0.1, Max: 0.2, Diff: 0.1, Sum: 0.6]
      [Update RS (ms): Min: 24.3, Avg: 24.6, Max: 24.8, Diff: 0.5, Sum: 196.5]
         [Processed Buffers: Min: 21, Avg: 23.9, Max: 25, Diff: 4, Sum: 191]
      [Scan RS (ms): Min: 18.6, Avg: 19.1, Max: 19.4, Diff: 0.8, Sum: 152.6]
      [Code Root Scanning (ms): Min: 0.0, Avg: 0.0, Max: 0.0, Diff: 0.0, Sum: 0.0]
      [Object Copy (ms): Min: 148.2, Avg: 148.4, Max: 148.6, Diff: 0.3, Sum: 1186.9]
      [Termination (ms): Min: 0.0, Avg: 0.0, Max: 0.0, Diff: 0.0, Sum: 0.2]
         [Termination Attempts: Min: 1, Avg: 142.6, Max: 178, Diff: 177, Sum: 1141]
      [GC Worker Other (ms): Min: 0.0, Avg: 0.0, Max: 0.1, Diff: 0.0, Sum: 0.3]
      [GC Worker Total (ms): Min: 192.1, Avg: 192.1, Max: 192.2, Diff: 0.2, Sum: 1537.0]
      [GC Worker End (ms): Min: 126635.2, Avg: 126635.2, Max: 126635.2, Diff: 0.0]
   [Code Root Fixup: 0.0 ms]
   [Code Root Purge: 0.0 ms]
   [Clear CT: 0.2 ms]
   [Other: 1.1 ms]
      [Choose CSet: 0.0 ms]
      [Ref Proc: 0.2 ms]
      [Ref Enq: 0.0 ms]
      [Redirty Cards: 0.3 ms]
      [Humongous Register: 0.0 ms]
      [Humongous Reclaim: 0.0 ms]
      [Free CSet: 0.3 ms]
   [Eden: 320.0M(320.0M)->0.0B(299.0M) Survivors: 44.0M->46.0M Heap: 782.6M(2048.0M)->785.6M(2048.0M)]
 [Times: user=1.44 sys=0.05, real=0.19 secs] 
2020-09-29T11:31:13.379+0200: 126.811: [GC pause (G1 Evacuation Pause) (young), 0.1855381 secs]
   [Parallel Time: 184.5 ms, GC Workers: 8]
      [GC Worker Start (ms): Min: 126811.3, Avg: 126811.4, Max: 126811.5, Diff: 0.2]
      [Ext Root Scanning (ms): Min: 0.0, Avg: 0.1, Max: 0.2, Diff: 0.2, Sum: 0.5]
      [Update RS (ms): Min: 18.1, Avg: 18.2, Max: 18.4, Diff: 0.4, Sum: 145.6]
         [Processed Buffers: Min: 15, Avg: 17.6, Max: 20, Diff: 5, Sum: 141]
      [Scan RS (ms): Min: 19.6, Avg: 19.8, Max: 20.0, Diff: 0.5, Sum: 158.7]
      [Code Root Scanning (ms): Min: 0.0, Avg: 0.0, Max: 0.0, Diff: 0.0, Sum: 0.0]
      [Object Copy (ms): Min: 145.9, Avg: 146.0, Max: 146.1, Diff: 0.1, Sum: 1168.0]
      [Termination (ms): Min: 0.0, Avg: 0.1, Max: 0.1, Diff: 0.1, Sum: 0.9]
         [Termination Attempts: Min: 1, Avg: 793.9, Max: 971, Diff: 970, Sum: 6351]
      [GC Worker Other (ms): Min: 0.0, Avg: 0.0, Max: 0.1, Diff: 0.1, Sum: 0.3]
      [GC Worker Total (ms): Min: 184.2, Avg: 184.3, Max: 184.4, Diff: 0.2, Sum: 1474.1]
      [GC Worker End (ms): Min: 126995.7, Avg: 126995.7, Max: 126995.7, Diff: 0.1]
   [Code Root Fixup: 0.0 ms]
   [Code Root Purge: 0.0 ms]
   [Clear CT: 0.2 ms]
   [Other: 0.9 ms]
      [Choose CSet: 0.0 ms]
      [Ref Proc: 0.2 ms]
      [Ref Enq: 0.0 ms]
      [Redirty Cards: 0.3 ms]
      [Humongous Register: 0.0 ms]
      [Humongous Reclaim: 0.0 ms]
      [Free CSet: 0.2 ms]
   [Eden: 299.0M(299.0M)->0.0B(288.0M) Survivors: 46.0M->44.0M Heap: 1134.2M(2048.0M)->1135.7M(2048.0M)]
 [Times: user=1.41 sys=0.00, real=0.18 secs] 
2020-09-29T11:31:13.566+0200: 126.998: [GC pause (G1 Humongous Allocation) (young) (initial-mark), 0.0784670 secs]
   [Parallel Time: 75.9 ms, GC Workers: 8]
      [GC Worker Start (ms): Min: 126998.3, Avg: 126998.4, Max: 126998.5, Diff: 0.2]
      [Ext Root Scanning (ms): Min: 0.0, Avg: 0.4, Max: 2.2, Diff: 2.2, Sum: 3.5]
      [Update RS (ms): Min: 50.4, Avg: 52.4, Max: 52.9, Diff: 2.5, Sum: 419.0]
         [Processed Buffers: Min: 46, Avg: 57.6, Max: 62, Diff: 16, Sum: 461]
      [Scan RS (ms): Min: 0.0, Avg: 0.0, Max: 0.0, Diff: 0.0, Sum: 0.0]
      [Code Root Scanning (ms): Min: 0.0, Avg: 0.0, Max: 0.0, Diff: 0.0, Sum: 0.0]
      [Object Copy (ms): Min: 22.6, Avg: 22.9, Max: 23.0, Diff: 0.4, Sum: 182.8]
      [Termination (ms): Min: 0.0, Avg: 0.0, Max: 0.0, Diff: 0.0, Sum: 0.3]
         [Termination Attempts: Min: 1, Avg: 267.0, Max: 364, Diff: 363, Sum: 2136]
      [GC Worker Other (ms): Min: 0.0, Avg: 0.0, Max: 0.0, Diff: 0.0, Sum: 0.2]
      [GC Worker Total (ms): Min: 75.6, Avg: 75.7, Max: 75.8, Diff: 0.2, Sum: 605.8]
      [GC Worker End (ms): Min: 127074.1, Avg: 127074.1, Max: 127074.1, Diff: 0.0]
   [Code Root Fixup: 0.0 ms]
   [Code Root Purge: 0.0 ms]
   [Clear CT: 0.2 ms]
   [Other: 2.4 ms]
      [Choose CSet: 0.0 ms]
      [Ref Proc: 0.2 ms]
      [Ref Enq: 0.0 ms]
      [Redirty Cards: 0.4 ms]
      [Humongous Register: 0.0 ms]
      [Humongous Reclaim: 0.0 ms]
      [Free CSet: 0.0 ms]
   [Eden: 3072.0K(288.0M)->0.0B(294.0M) Survivors: 44.0M->4096.0K Heap: 1138.2M(2048.0M)->1142.2M(2048.0M)]
 [Times: user=0.58 sys=0.00, real=0.08 secs] 
2020-09-29T11:31:13.645+0200: 127.078: [GC concurrent-root-region-scan-start]
2020-09-29T11:31:13.646+0200: 127.078: [GC concurrent-root-region-scan-end, 0.0005242 secs]
2020-09-29T11:31:13.646+0200: 127.078: [GC concurrent-mark-start]
2020-09-29T11:31:13.649+0200: 127.082: [GC concurrent-mark-end, 0.0034900 secs]
2020-09-29T11:31:13.649+0200: 127.082: [GC remark 2020-09-29T11:31:13.649+0200: 127.082: [Finalize Marking, 0.0008719 secs] 2020-09-29T11:31:13.650+0200: 127.083: [GC ref-proc, 0.0003089 secs] 2020-09-29T11:31:13.651+0200: 127.083: [Unloading, 0.0011604 secs], 0.0033264 secs]
 [Times: user=0.00 sys=0.00, real=0.00 secs] 
2020-09-29T11:31:13.653+0200: 127.086: [GC cleanup 1151M->22M(2048M), 0.0012049 secs]
 [Times: user=0.00 sys=0.00, real=0.00 secs] 
2020-09-29T11:31:13.654+0200: 127.087: [GC concurrent-cleanup-start]
2020-09-29T11:31:13.656+0200: 127.088: [GC concurrent-cleanup-end, 0.0014258 secs]
2020-09-29T11:31:13.808+0200: 127.241: [GC pause (G1 Evacuation Pause) (young), 0.1390569 secs]
   [Parallel Time: 137.9 ms, GC Workers: 8]
      [GC Worker Start (ms): Min: 127240.8, Avg: 127240.9, Max: 127240.9, Diff: 0.1]
      [Ext Root Scanning (ms): Min: 0.0, Avg: 0.1, Max: 0.1, Diff: 0.1, Sum: 0.6]
      [Update RS (ms): Min: 13.9, Avg: 14.1, Max: 14.5, Diff: 0.6, Sum: 112.8]
         [Processed Buffers: Min: 13, Avg: 15.3, Max: 17, Diff: 4, Sum: 122]
      [Scan RS (ms): Min: 12.8, Avg: 13.2, Max: 13.4, Diff: 0.6, Sum: 105.8]
      [Code Root Scanning (ms): Min: 0.0, Avg: 0.0, Max: 0.0, Diff: 0.0, Sum: 0.0]
      [Object Copy (ms): Min: 110.2, Avg: 110.3, Max: 110.3, Diff: 0.1, Sum: 882.0]
      [Termination (ms): Min: 0.0, Avg: 0.0, Max: 0.0, Diff: 0.0, Sum: 0.2]
         [Termination Attempts: Min: 1, Avg: 208.0, Max: 257, Diff: 256, Sum: 1664]
      [GC Worker Other (ms): Min: 0.0, Avg: 0.0, Max: 0.1, Diff: 0.1, Sum: 0.3]
      [GC Worker Total (ms): Min: 137.7, Avg: 137.7, Max: 137.8, Diff: 0.1, Sum: 1101.9]
      [GC Worker End (ms): Min: 127378.6, Avg: 127378.6, Max: 127378.6, Diff: 0.1]
   [Code Root Fixup: 0.0 ms]
   [Code Root Purge: 0.0 ms]
   [Clear CT: 0.3 ms]
   [Other: 0.8 ms]
      [Choose CSet: 0.0 ms]
      [Ref Proc: 0.1 ms]
      [Ref Enq: 0.0 ms]
      [Redirty Cards: 0.2 ms]
      [Humongous Register: 0.0 ms]
      [Humongous Reclaim: 0.0 ms]
      [Free CSet: 0.2 ms]
   [Eden: 294.0M(294.0M)->0.0B(289.0M) Survivors: 4096.0K->38.0M Heap: 357.6M(2048.0M)->355.6M(2048.0M)]
 [Times: user=1.11 sys=0.00, real=0.14 secs] 
2020-09-29T11:31:14.115+0200: 127.547: [GC pause (G1 Evacuation Pause) (young), 0.2066789 secs]
   [Parallel Time: 205.5 ms, GC Workers: 8]
      [GC Worker Start (ms): Min: 127547.3, Avg: 127547.4, Max: 127547.4, Diff: 0.2]
      [Ext Root Scanning (ms): Min: 0.0, Avg: 0.1, Max: 0.2, Diff: 0.2, Sum: 0.5]
      [Update RS (ms): Min: 20.2, Avg: 20.5, Max: 20.9, Diff: 0.7, Sum: 164.3]
         [Processed Buffers: Min: 16, Avg: 18.3, Max: 19, Diff: 3, Sum: 146]
      [Scan RS (ms): Min: 19.9, Avg: 20.2, Max: 20.4, Diff: 0.5, Sum: 161.2]
      [Code Root Scanning (ms): Min: 0.0, Avg: 0.0, Max: 0.0, Diff: 0.0, Sum: 0.0]
      [Object Copy (ms): Min: 163.7, Avg: 164.0, Max: 164.5, Diff: 0.7, Sum: 1312.0]
      [Termination (ms): Min: 0.0, Avg: 0.5, Max: 0.8, Diff: 0.8, Sum: 4.2]
         [Termination Attempts: Min: 1, Avg: 3323.3, Max: 4883, Diff: 4882, Sum: 26586]
      [GC Worker Other (ms): Min: 0.0, Avg: 0.0, Max: 0.1, Diff: 0.1, Sum: 0.4]
      [GC Worker Total (ms): Min: 205.2, Avg: 205.3, Max: 205.4, Diff: 0.2, Sum: 1642.7]
      [GC Worker End (ms): Min: 127752.7, Avg: 127752.7, Max: 127752.7, Diff: 0.1]
   [Code Root Fixup: 0.0 ms]
   [Code Root Purge: 0.0 ms]
   [Clear CT: 0.2 ms]
   [Other: 1.0 ms]
      [Choose CSet: 0.0 ms]
      [Ref Proc: 0.1 ms]
      [Ref Enq: 0.0 ms]
      [Redirty Cards: 0.3 ms]
      [Humongous Register: 0.0 ms]
      [Humongous Reclaim: 0.0 ms]
      [Free CSet: 0.3 ms]
   [Eden: 289.0M(289.0M)->0.0B(250.0M) Survivors: 38.0M->41.0M Heap: 692.3M(2048.0M)->694.8M(2048.0M)]
 [Times: user=1.58 sys=0.00, real=0.21 secs] 
2020-09-29T11:31:14.457+0200: 127.889: [GC pause (G1 Evacuation Pause) (young), 0.1517386 secs]
   [Parallel Time: 150.5 ms, GC Workers: 8]
      [GC Worker Start (ms): Min: 127889.4, Avg: 127889.5, Max: 127889.6, Diff: 0.2]
      [Ext Root Scanning (ms): Min: 0.0, Avg: 0.1, Max: 0.2, Diff: 0.2, Sum: 0.5]
      [Update RS (ms): Min: 15.5, Avg: 15.9, Max: 16.3, Diff: 0.7, Sum: 127.3]
         [Processed Buffers: Min: 15, Avg: 16.0, Max: 18, Diff: 3, Sum: 128]
      [Scan RS (ms): Min: 19.1, Avg: 19.4, Max: 20.0, Diff: 0.9, Sum: 155.4]
      [Code Root Scanning (ms): Min: 0.0, Avg: 0.0, Max: 0.0, Diff: 0.0, Sum: 0.0]
      [Object Copy (ms): Min: 114.6, Avg: 114.7, Max: 114.8, Diff: 0.3, Sum: 917.8]
      [Termination (ms): Min: 0.0, Avg: 0.1, Max: 0.1, Diff: 0.1, Sum: 0.6]
         [Termination Attempts: Min: 1, Avg: 519.1, Max: 636, Diff: 635, Sum: 4153]
      [GC Worker Other (ms): Min: 0.0, Avg: 0.0, Max: 0.1, Diff: 0.0, Sum: 0.2]
      [GC Worker Total (ms): Min: 150.2, Avg: 150.2, Max: 150.3, Diff: 0.2, Sum: 1201.9]
      [GC Worker End (ms): Min: 128039.7, Avg: 128039.7, Max: 128039.7, Diff: 0.0]
   [Code Root Fixup: 0.0 ms]
   [Code Root Purge: 0.0 ms]
   [Clear CT: 0.2 ms]
   [Other: 1.1 ms]
      [Choose CSet: 0.0 ms]
      [Ref Proc: 0.2 ms]
      [Ref Enq: 0.0 ms]
      [Redirty Cards: 0.4 ms]
      [Humongous Register: 0.0 ms]
      [Humongous Reclaim: 0.0 ms]
      [Free CSet: 0.3 ms]
   [Eden: 250.0M(250.0M)->0.0B(262.0M) Survivors: 41.0M->37.0M Heap: 986.7M(2048.0M)->988.7M(2048.0M)]
 [Times: user=1.13 sys=0.03, real=0.15 secs] 
2020-09-29T11:31:14.611+0200: 128.043: [GC pause (G1 Humongous Allocation) (young) (initial-mark), 0.0722966 secs]
   [Parallel Time: 71.4 ms, GC Workers: 8]
      [GC Worker Start (ms): Min: 128043.7, Avg: 128043.7, Max: 128043.8, Diff: 0.1]
      [Ext Root Scanning (ms): Min: 0.8, Avg: 1.6, Max: 7.3, Diff: 6.5, Sum: 13.0]
      [Update RS (ms): Min: 34.8, Avg: 40.5, Max: 41.6, Diff: 6.8, Sum: 323.9]
         [Processed Buffers: Min: 40, Avg: 47.1, Max: 50, Diff: 10, Sum: 377]
      [Scan RS (ms): Min: 0.0, Avg: 0.1, Max: 0.3, Diff: 0.3, Sum: 0.8]
      [Code Root Scanning (ms): Min: 0.0, Avg: 0.0, Max: 0.0, Diff: 0.0, Sum: 0.0]
      [Object Copy (ms): Min: 28.6, Avg: 28.8, Max: 29.0, Diff: 0.4, Sum: 230.2]
      [Termination (ms): Min: 0.0, Avg: 0.2, Max: 0.3, Diff: 0.3, Sum: 1.5]
         [Termination Attempts: Min: 1, Avg: 1242.6, Max: 1673, Diff: 1672, Sum: 9941]
      [GC Worker Other (ms): Min: 0.0, Avg: 0.0, Max: 0.0, Diff: 0.0, Sum: 0.2]
      [GC Worker Total (ms): Min: 71.1, Avg: 71.2, Max: 71.2, Diff: 0.1, Sum: 569.5]
      [GC Worker End (ms): Min: 128114.9, Avg: 128114.9, Max: 128114.9, Diff: 0.0]
   [Code Root Fixup: 0.0 ms]
   [Code Root Purge: 0.0 ms]
   [Clear CT: 0.1 ms]
   [Other: 0.8 ms]
      [Choose CSet: 0.0 ms]
      [Ref Proc: 0.2 ms]
      [Ref Enq: 0.0 ms]
      [Redirty Cards: 0.2 ms]
      [Humongous Register: 0.1 ms]
      [Humongous Reclaim: 0.0 ms]
      [Free CSet: 0.1 ms]
   [Eden: 3072.0K(262.0M)->0.0B(238.0M) Survivors: 37.0M->4096.0K Heap: 991.2M(2048.0M)->994.7M(2048.0M)]
 [Times: user=0.61 sys=0.00, real=0.07 secs] 
2020-09-29T11:31:14.684+0200: 128.116: [GC concurrent-root-region-scan-start]
2020-09-29T11:31:14.685+0200: 128.117: [GC concurrent-root-region-scan-end, 0.0010318 secs]
2020-09-29T11:31:14.685+0200: 128.117: [GC concurrent-mark-start]
2020-09-29T11:31:14.689+0200: 128.121: [GC concurrent-mark-end, 0.0036077 secs]
2020-09-29T11:31:14.689+0200: 128.121: [GC remark 2020-09-29T11:31:14.689+0200: 128.121: [Finalize Marking, 0.0006617 secs] 2020-09-29T11:31:14.690+0200: 128.122: [GC ref-proc, 0.0003152 secs] 2020-09-29T11:31:14.690+0200: 128.122: [Unloading, 0.0005620 secs], 0.0018736 secs]
 [Times: user=0.00 sys=0.00, real=0.00 secs] 
2020-09-29T11:31:14.691+0200: 128.123: [GC cleanup 1003M->22M(2048M), 0.0011929 secs]
 [Times: user=0.00 sys=0.00, real=0.00 secs] 
2020-09-29T11:31:14.692+0200: 128.124: [GC concurrent-cleanup-start]
2020-09-29T11:31:14.693+0200: 128.125: [GC concurrent-cleanup-end, 0.0011262 secs]
2020-09-29T11:31:14.817+0200: 128.249: [GC pause (G1 Evacuation Pause) (young), 0.1242835 secs]
   [Parallel Time: 123.3 ms, GC Workers: 8]
      [GC Worker Start (ms): Min: 128249.2, Avg: 128249.4, Max: 128249.4, Diff: 0.2]
      [Ext Root Scanning (ms): Min: 0.0, Avg: 0.1, Max: 0.2, Diff: 0.2, Sum: 0.4]
      [Update RS (ms): Min: 15.5, Avg: 15.8, Max: 16.2, Diff: 0.7, Sum: 126.1]
         [Processed Buffers: Min: 14, Avg: 14.8, Max: 16, Diff: 2, Sum: 118]
      [Scan RS (ms): Min: 15.8, Avg: 16.1, Max: 16.3, Diff: 0.5, Sum: 128.4]
      [Code Root Scanning (ms): Min: 0.0, Avg: 0.0, Max: 0.0, Diff: 0.0, Sum: 0.0]
      [Object Copy (ms): Min: 90.9, Avg: 91.1, Max: 91.2, Diff: 0.3, Sum: 728.9]
      [Termination (ms): Min: 0.0, Avg: 0.1, Max: 0.1, Diff: 0.1, Sum: 0.5]
         [Termination Attempts: Min: 1, Avg: 363.9, Max: 503, Diff: 502, Sum: 2911]
      [GC Worker Other (ms): Min: 0.0, Avg: 0.0, Max: 0.1, Diff: 0.1, Sum: 0.3]
      [GC Worker Total (ms): Min: 123.0, Avg: 123.1, Max: 123.2, Diff: 0.2, Sum: 984.5]
      [GC Worker End (ms): Min: 128372.4, Avg: 128372.4, Max: 128372.5, Diff: 0.1]
   [Code Root Fixup: 0.0 ms]
   [Code Root Purge: 0.0 ms]
   [Clear CT: 0.2 ms]
   [Other: 0.8 ms]
      [Choose CSet: 0.0 ms]
      [Ref Proc: 0.2 ms]
      [Ref Enq: 0.0 ms]
      [Redirty Cards: 0.2 ms]
      [Humongous Register: 0.0 ms]
      [Humongous Reclaim: 0.0 ms]
      [Free CSet: 0.2 ms]
   [Eden: 238.0M(238.0M)->0.0B(237.0M) Survivors: 4096.0K->31.0M Heap: 292.1M(2048.0M)->291.1M(2048.0M)]
 [Times: user=0.97 sys=0.03, real=0.13 secs] 
2020-09-29T11:31:15.061+0200: 128.493: [GC pause (G1 Evacuation Pause) (young), 0.1303483 secs]
   [Parallel Time: 128.7 ms, GC Workers: 8]
      [GC Worker Start (ms): Min: 128492.7, Avg: 128492.8, Max: 128492.9, Diff: 0.2]
      [Ext Root Scanning (ms): Min: 0.0, Avg: 0.1, Max: 0.2, Diff: 0.2, Sum: 0.5]
      [Update RS (ms): Min: 14.6, Avg: 14.8, Max: 15.0, Diff: 0.4, Sum: 118.8]
         [Processed Buffers: Min: 17, Avg: 17.9, Max: 20, Diff: 3, Sum: 143]
      [Scan RS (ms): Min: 11.7, Avg: 11.9, Max: 12.3, Diff: 0.6, Sum: 95.5]
      [Code Root Scanning (ms): Min: 0.0, Avg: 0.0, Max: 0.0, Diff: 0.0, Sum: 0.0]
      [Object Copy (ms): Min: 101.4, Avg: 101.6, Max: 101.7, Diff: 0.3, Sum: 812.7]
      [Termination (ms): Min: 0.0, Avg: 0.0, Max: 0.0, Diff: 0.0, Sum: 0.0]
         [Termination Attempts: Min: 1, Avg: 10.9, Max: 19, Diff: 18, Sum: 87]
      [GC Worker Other (ms): Min: 0.0, Avg: 0.0, Max: 0.1, Diff: 0.1, Sum: 0.3]
      [GC Worker Total (ms): Min: 128.4, Avg: 128.5, Max: 128.6, Diff: 0.2, Sum: 1027.8]
      [GC Worker End (ms): Min: 128621.3, Avg: 128621.3, Max: 128621.3, Diff: 0.1]
   [Code Root Fixup: 0.0 ms]
   [Code Root Purge: 0.0 ms]
   [Clear CT: 0.2 ms]
   [Other: 1.4 ms]
      [Choose CSet: 0.0 ms]
      [Ref Proc: 0.2 ms]
      [Ref Enq: 0.0 ms]
      [Redirty Cards: 0.9 ms]
      [Humongous Register: 0.0 ms]
      [Humongous Reclaim: 0.0 ms]
      [Free CSet: 0.2 ms]
   [Eden: 237.0M(237.0M)->0.0B(260.0M) Survivors: 31.0M->34.0M Heap: 568.1M(2048.0M)->569.6M(2048.0M)]
 [Times: user=1.00 sys=0.00, real=0.13 secs] 
2020-09-29T11:31:15.328+0200: 128.760: [GC pause (G1 Evacuation Pause) (young), 0.1419858 secs]
   [Parallel Time: 141.0 ms, GC Workers: 8]
      [GC Worker Start (ms): Min: 128760.3, Avg: 128760.4, Max: 128760.5, Diff: 0.2]
      [Ext Root Scanning (ms): Min: 0.0, Avg: 0.1, Max: 0.2, Diff: 0.2, Sum: 0.4]
      [Update RS (ms): Min: 15.9, Avg: 16.1, Max: 16.5, Diff: 0.5, Sum: 128.8]
         [Processed Buffers: Min: 15, Avg: 18.0, Max: 21, Diff: 6, Sum: 144]
      [Scan RS (ms): Min: 13.2, Avg: 13.6, Max: 13.7, Diff: 0.5, Sum: 108.4]
      [Code Root Scanning (ms): Min: 0.0, Avg: 0.0, Max: 0.0, Diff: 0.0, Sum: 0.0]
      [Object Copy (ms): Min: 110.9, Avg: 111.0, Max: 111.1, Diff: 0.2, Sum: 887.8]
      [Termination (ms): Min: 0.0, Avg: 0.0, Max: 0.0, Diff: 0.0, Sum: 0.2]
         [Termination Attempts: Min: 1, Avg: 231.6, Max: 281, Diff: 280, Sum: 1853]
      [GC Worker Other (ms): Min: 0.0, Avg: 0.0, Max: 0.1, Diff: 0.1, Sum: 0.3]
      [GC Worker Total (ms): Min: 140.6, Avg: 140.7, Max: 140.9, Diff: 0.2, Sum: 1126.0]
      [GC Worker End (ms): Min: 128901.1, Avg: 128901.2, Max: 128901.2, Diff: 0.1]
   [Code Root Fixup: 0.0 ms]
   [Code Root Purge: 0.0 ms]
   [Clear CT: 0.2 ms]
   [Other: 0.8 ms]
      [Choose CSet: 0.0 ms]
      [Ref Proc: 0.2 ms]
      [Ref Enq: 0.0 ms]
      [Redirty Cards: 0.2 ms]
      [Humongous Register: 0.0 ms]
      [Humongous Reclaim: 0.0 ms]
      [Free CSet: 0.2 ms]
   [Eden: 260.0M(260.0M)->0.0B(282.0M) Survivors: 34.0M->37.0M Heap: 873.5M(2048.0M)->876.0M(2048.0M)]
 [Times: user=1.13 sys=0.00, real=0.14 secs] 
2020-09-29T11:31:15.611+0200: 129.043: [GC pause (G1 Evacuation Pause) (young), 0.1586138 secs]
   [Parallel Time: 157.6 ms, GC Workers: 8]
      [GC Worker Start (ms): Min: 129043.3, Avg: 129043.4, Max: 129043.4, Diff: 0.2]
      [Ext Root Scanning (ms): Min: 0.0, Avg: 0.1, Max: 0.2, Diff: 0.2, Sum: 0.4]
      [Update RS (ms): Min: 18.0, Avg: 18.2, Max: 18.5, Diff: 0.5, Sum: 145.7]
         [Processed Buffers: Min: 18, Avg: 20.6, Max: 24, Diff: 6, Sum: 165]
      [Scan RS (ms): Min: 13.6, Avg: 13.9, Max: 14.2, Diff: 0.5, Sum: 111.5]
      [Code Root Scanning (ms): Min: 0.0, Avg: 0.0, Max: 0.0, Diff: 0.0, Sum: 0.0]
      [Object Copy (ms): Min: 124.9, Avg: 125.0, Max: 125.1, Diff: 0.2, Sum: 1000.1]
      [Termination (ms): Min: 0.0, Avg: 0.1, Max: 0.1, Diff: 0.1, Sum: 0.5]
         [Termination Attempts: Min: 1, Avg: 396.0, Max: 532, Diff: 531, Sum: 3168]
      [GC Worker Other (ms): Min: 0.0, Avg: 0.0, Max: 0.1, Diff: 0.1, Sum: 0.4]
      [GC Worker Total (ms): Min: 157.3, Avg: 157.3, Max: 157.5, Diff: 0.2, Sum: 1258.7]
      [GC Worker End (ms): Min: 129200.7, Avg: 129200.7, Max: 129200.7, Diff: 0.1]
   [Code Root Fixup: 0.0 ms]
   [Code Root Purge: 0.0 ms]
   [Clear CT: 0.2 ms]
   [Other: 0.9 ms]
      [Choose CSet: 0.0 ms]
      [Ref Proc: 0.1 ms]
      [Ref Enq: 0.0 ms]
      [Redirty Cards: 0.3 ms]
      [Humongous Register: 0.0 ms]
      [Humongous Reclaim: 0.0 ms]
      [Free CSet: 0.3 ms]
   [Eden: 278.0M(270.0M)->0.0B(298.0M) Survivors: 37.0M->39.0M Heap: 1199.8M(2048.0M)->1201.8M(2048.0M)]
 [Times: user=1.23 sys=0.00, real=0.16 secs] 
2020-09-29T11:31:15.775+0200: 129.207: [GC pause (G1 Humongous Allocation) (young) (initial-mark), 0.0618829 secs]
   [Parallel Time: 61.0 ms, GC Workers: 8]
      [GC Worker Start (ms): Min: 129207.1, Avg: 129207.2, Max: 129207.3, Diff: 0.2]
      [Ext Root Scanning (ms): Min: 0.0, Avg: 0.4, Max: 2.2, Diff: 2.2, Sum: 3.2]
      [Update RS (ms): Min: 38.1, Avg: 40.2, Max: 40.8, Diff: 2.7, Sum: 321.5]
         [Processed Buffers: Min: 43, Avg: 46.9, Max: 50, Diff: 7, Sum: 375]
      [Scan RS (ms): Min: 1.2, Avg: 1.6, Max: 2.1, Diff: 0.9, Sum: 12.9]
      [Code Root Scanning (ms): Min: 0.0, Avg: 0.0, Max: 0.0, Diff: 0.0, Sum: 0.0]
      [Object Copy (ms): Min: 18.3, Avg: 18.6, Max: 18.6, Diff: 0.3, Sum: 148.5]
      [Termination (ms): Min: 0.0, Avg: 0.0, Max: 0.0, Diff: 0.0, Sum: 0.0]
         [Termination Attempts: Min: 1, Avg: 18.6, Max: 28, Diff: 27, Sum: 149]
      [GC Worker Other (ms): Min: 0.0, Avg: 0.0, Max: 0.0, Diff: 0.0, Sum: 0.2]
      [GC Worker Total (ms): Min: 60.7, Avg: 60.8, Max: 60.8, Diff: 0.2, Sum: 486.3]
      [GC Worker End (ms): Min: 129268.0, Avg: 129268.0, Max: 129268.0, Diff: 0.0]
   [Code Root Fixup: 0.0 ms]
   [Code Root Purge: 0.0 ms]
   [Clear CT: 0.2 ms]
   [Other: 0.8 ms]
      [Choose CSet: 0.0 ms]
      [Ref Proc: 0.2 ms]
      [Ref Enq: 0.0 ms]
      [Redirty Cards: 0.2 ms]
      [Humongous Register: 0.1 ms]
      [Humongous Reclaim: 0.0 ms]
      [Free CSet: 0.1 ms]
   [Eden: 6144.0K(298.0M)->0.0B(311.0M) Survivors: 39.0M->8192.0K Heap: 1207.8M(2048.0M)->1211.3M(2048.0M)]
 [Times: user=0.47 sys=0.00, real=0.06 secs] 
2020-09-29T11:31:15.837+0200: 129.269: [GC concurrent-root-region-scan-start]
2020-09-29T11:31:15.838+0200: 129.270: [GC concurrent-root-region-scan-end, 0.0012876 secs]
2020-09-29T11:31:15.838+0200: 129.270: [GC concurrent-mark-start]
2020-09-29T11:31:15.841+0200: 129.273: [GC concurrent-mark-end, 0.0025524 secs]
2020-09-29T11:31:15.841+0200: 129.273: [GC remark 2020-09-29T11:31:15.841+0200: 129.273: [Finalize Marking, 0.0002493 secs] 2020-09-29T11:31:15.841+0200: 129.273: [GC ref-proc, 0.0002808 secs] 2020-09-29T11:31:15.842+0200: 129.274: [Unloading, 0.0004212 secs], 0.0012211 secs]
 [Times: user=0.00 sys=0.00, real=0.00 secs] 
2020-09-29T11:31:15.842+0200: 129.274: [GC cleanup 1221M->27M(2048M), 0.0011079 secs]
 [Times: user=0.00 sys=0.00, real=0.00 secs] 
2020-09-29T11:31:15.844+0200: 129.276: [GC concurrent-cleanup-start]
2020-09-29T11:31:15.845+0200: 129.277: [GC concurrent-cleanup-end, 0.0016166 secs]
2020-09-29T11:31:15.998+0200: 129.430: [GC pause (G1 Evacuation Pause) (young), 0.1492578 secs]
   [Parallel Time: 148.3 ms, GC Workers: 8]
      [GC Worker Start (ms): Min: 129430.0, Avg: 129430.1, Max: 129430.1, Diff: 0.2]
      [Ext Root Scanning (ms): Min: 0.0, Avg: 0.1, Max: 0.1, Diff: 0.1, Sum: 0.5]
      [Update RS (ms): Min: 18.3, Avg: 18.4, Max: 18.5, Diff: 0.2, Sum: 147.0]
         [Processed Buffers: Min: 18, Avg: 19.8, Max: 23, Diff: 5, Sum: 158]
      [Scan RS (ms): Min: 14.6, Avg: 14.8, Max: 15.0, Diff: 0.3, Sum: 118.1]
      [Code Root Scanning (ms): Min: 0.0, Avg: 0.0, Max: 0.0, Diff: 0.0, Sum: 0.0]
      [Object Copy (ms): Min: 114.7, Avg: 114.9, Max: 115.0, Diff: 0.2, Sum: 918.9]
      [Termination (ms): Min: 0.0, Avg: 0.0, Max: 0.0, Diff: 0.0, Sum: 0.0]
         [Termination Attempts: Min: 1, Avg: 14.6, Max: 19, Diff: 18, Sum: 117]
      [GC Worker Other (ms): Min: 0.0, Avg: 0.0, Max: 0.1, Diff: 0.1, Sum: 0.3]
      [GC Worker Total (ms): Min: 148.0, Avg: 148.1, Max: 148.2, Diff: 0.2, Sum: 1184.9]
      [GC Worker End (ms): Min: 129578.1, Avg: 129578.2, Max: 129578.2, Diff: 0.1]
   [Code Root Fixup: 0.0 ms]
   [Code Root Purge: 0.0 ms]
   [Clear CT: 0.2 ms]
   [Other: 0.7 ms]
      [Choose CSet: 0.0 ms]
      [Ref Proc: 0.1 ms]
      [Ref Enq: 0.0 ms]
      [Redirty Cards: 0.2 ms]
      [Humongous Register: 0.0 ms]
      [Humongous Reclaim: 0.0 ms]
      [Free CSet: 0.2 ms]
   [Eden: 311.0M(311.0M)->0.0B(313.0M) Survivors: 8192.0K->40.0M Heap: 381.9M(2048.0M)->377.4M(2048.0M)]
 [Times: user=1.25 sys=0.00, real=0.15 secs] 
2020-09-29T11:31:16.307+0200: 129.739: [GC pause (G1 Evacuation Pause) (young), 0.1778764 secs]
   [Parallel Time: 176.3 ms, GC Workers: 8]
      [GC Worker Start (ms): Min: 129739.2, Avg: 129739.3, Max: 129739.4, Diff: 0.2]
      [Ext Root Scanning (ms): Min: 0.0, Avg: 0.1, Max: 0.2, Diff: 0.2, Sum: 0.4]
      [Update RS (ms): Min: 21.5, Avg: 21.7, Max: 21.9, Diff: 0.4, Sum: 173.3]
         [Processed Buffers: Min: 19, Avg: 21.5, Max: 25, Diff: 6, Sum: 172]
      [Scan RS (ms): Min: 18.5, Avg: 18.7, Max: 19.0, Diff: 0.5, Sum: 149.9]
      [Code Root Scanning (ms): Min: 0.0, Avg: 0.0, Max: 0.0, Diff: 0.0, Sum: 0.0]
      [Object Copy (ms): Min: 135.3, Avg: 135.5, Max: 135.5, Diff: 0.2, Sum: 1083.7]
      [Termination (ms): Min: 0.0, Avg: 0.0, Max: 0.0, Diff: 0.0, Sum: 0.1]
         [Termination Attempts: Min: 1, Avg: 41.4, Max: 61, Diff: 60, Sum: 331]
      [GC Worker Other (ms): Min: 0.0, Avg: 0.1, Max: 0.1, Diff: 0.1, Sum: 0.4]
      [GC Worker Total (ms): Min: 175.9, Avg: 176.0, Max: 176.1, Diff: 0.2, Sum: 1407.9]
      [GC Worker End (ms): Min: 129915.2, Avg: 129915.3, Max: 129915.3, Diff: 0.1]
   [Code Root Fixup: 0.0 ms]
   [Code Root Purge: 0.0 ms]
   [Clear CT: 0.3 ms]
   [Other: 1.3 ms]
      [Choose CSet: 0.0 ms]
      [Ref Proc: 0.4 ms]
      [Ref Enq: 0.0 ms]
      [Redirty Cards: 0.4 ms]
      [Humongous Register: 0.0 ms]
      [Humongous Reclaim: 0.0 ms]
      [Free CSet: 0.2 ms]
   [Eden: 313.0M(313.0M)->0.0B(302.0M) Survivors: 40.0M->45.0M Heap: 741.9M(2048.0M)->743.9M(2048.0M)]
 [Times: user=1.38 sys=0.00, real=0.18 secs] 
2020-09-29T11:31:16.647+0200: 130.080: [GC pause (G1 Evacuation Pause) (young), 0.1692815 secs]
   [Parallel Time: 168.0 ms, GC Workers: 8]
      [GC Worker Start (ms): Min: 130080.1, Avg: 130080.2, Max: 130080.2, Diff: 0.2]
      [Ext Root Scanning (ms): Min: 0.0, Avg: 0.1, Max: 0.1, Diff: 0.1, Sum: 0.5]
      [Update RS (ms): Min: 15.4, Avg: 15.8, Max: 16.0, Diff: 0.6, Sum: 126.5]
         [Processed Buffers: Min: 18, Avg: 18.3, Max: 20, Diff: 2, Sum: 146]
      [Scan RS (ms): Min: 16.2, Avg: 16.4, Max: 16.8, Diff: 0.6, Sum: 131.4]
      [Code Root Scanning (ms): Min: 0.0, Avg: 0.0, Max: 0.0, Diff: 0.0, Sum: 0.0]
      [Object Copy (ms): Min: 135.2, Avg: 135.3, Max: 135.4, Diff: 0.3, Sum: 1082.1]
      [Termination (ms): Min: 0.0, Avg: 0.2, Max: 0.2, Diff: 0.2, Sum: 1.5]
         [Termination Attempts: Min: 1, Avg: 1419.6, Max: 1690, Diff: 1689, Sum: 11357]
      [GC Worker Other (ms): Min: 0.0, Avg: 0.0, Max: 0.1, Diff: 0.1, Sum: 0.3]
      [GC Worker Total (ms): Min: 167.7, Avg: 167.8, Max: 167.9, Diff: 0.2, Sum: 1342.3]
      [GC Worker End (ms): Min: 130247.9, Avg: 130248.0, Max: 130248.0, Diff: 0.1]
   [Code Root Fixup: 0.0 ms]
   [Code Root Purge: 0.0 ms]
   [Clear CT: 0.2 ms]
   [Other: 1.1 ms]
      [Choose CSet: 0.0 ms]
      [Ref Proc: 0.3 ms]
      [Ref Enq: 0.0 ms]
      [Redirty Cards: 0.3 ms]
      [Humongous Register: 0.1 ms]
      [Humongous Reclaim: 0.0 ms]
      [Free CSet: 0.3 ms]
   [Eden: 302.0M(302.0M)->0.0B(307.0M) Survivors: 45.0M->44.0M Heap: 1095.5M(2048.0M)->1097.5M(2048.0M)]
 [Times: user=1.23 sys=0.03, real=0.17 secs] 
2020-09-29T11:31:16.823+0200: 130.256: [GC pause (G1 Humongous Allocation) (young) (initial-mark), 0.0629286 secs]
   [Parallel Time: 62.1 ms, GC Workers: 8]
      [GC Worker Start (ms): Min: 130256.2, Avg: 130256.2, Max: 130256.3, Diff: 0.1]
      [Ext Root Scanning (ms): Min: 0.0, Avg: 0.1, Max: 0.2, Diff: 0.1, Sum: 0.8]
      [Update RS (ms): Min: 40.2, Avg: 40.4, Max: 40.6, Diff: 0.4, Sum: 323.0]
         [Processed Buffers: Min: 45, Avg: 47.5, Max: 51, Diff: 6, Sum: 380]
      [Scan RS (ms): Min: 2.4, Avg: 2.6, Max: 2.7, Diff: 0.3, Sum: 20.6]
      [Code Root Scanning (ms): Min: 0.0, Avg: 0.0, Max: 0.0, Diff: 0.0, Sum: 0.0]
      [Object Copy (ms): Min: 18.9, Avg: 18.9, Max: 18.9, Diff: 0.1, Sum: 151.3]
      [Termination (ms): Min: 0.0, Avg: 0.0, Max: 0.0, Diff: 0.0, Sum: 0.1]
         [Termination Attempts: Min: 1, Avg: 61.8, Max: 77, Diff: 76, Sum: 494]
      [GC Worker Other (ms): Min: 0.0, Avg: 0.0, Max: 0.0, Diff: 0.0, Sum: 0.1]
      [GC Worker Total (ms): Min: 61.9, Avg: 62.0, Max: 62.0, Diff: 0.1, Sum: 495.9]
      [GC Worker End (ms): Min: 130318.2, Avg: 130318.2, Max: 130318.2, Diff: 0.0]
   [Code Root Fixup: 0.0 ms]
   [Code Root Purge: 0.0 ms]
   [Clear CT: 0.2 ms]
   [Other: 0.6 ms]
      [Choose CSet: 0.0 ms]
      [Ref Proc: 0.2 ms]
      [Ref Enq: 0.0 ms]
      [Redirty Cards: 0.1 ms]
      [Humongous Register: 0.0 ms]
      [Humongous Reclaim: 0.0 ms]
      [Free CSet: 0.1 ms]
   [Eden: 2048.0K(307.0M)->0.0B(347.0M) Survivors: 44.0M->4096.0K Heap: 1099.0M(2048.0M)->1103.5M(2048.0M)]
 [Times: user=0.50 sys=0.00, real=0.06 secs] 
2020-09-29T11:31:16.887+0200: 130.319: [GC concurrent-root-region-scan-start]
2020-09-29T11:31:16.887+0200: 130.319: [GC concurrent-root-region-scan-end, 0.0002682 secs]
2020-09-29T11:31:16.887+0200: 130.319: [GC concurrent-mark-start]
2020-09-29T11:31:16.890+0200: 130.322: [GC concurrent-mark-end, 0.0031498 secs]
2020-09-29T11:31:16.890+0200: 130.323: [GC remark 2020-09-29T11:31:16.890+0200: 130.323: [Finalize Marking, 0.0001432 secs] 2020-09-29T11:31:16.890+0200: 130.323: [GC ref-proc, 0.0003444 secs] 2020-09-29T11:31:16.891+0200: 130.323: [Unloading, 0.0005202 secs], 0.0013850 secs]
 [Times: user=0.00 sys=0.00, real=0.00 secs] 
2020-09-29T11:31:16.892+0200: 130.325: [GC cleanup 1112M->22M(2048M), 0.0013672 secs]
 [Times: user=0.00 sys=0.00, real=0.00 secs] 
2020-09-29T11:31:16.894+0200: 130.326: [GC concurrent-cleanup-start]
2020-09-29T11:31:16.895+0200: 130.328: [GC concurrent-cleanup-end, 0.0019662 secs]
2020-09-29T11:31:17.099+0200: 130.532: [GC pause (G1 Evacuation Pause) (young), 0.1786691 secs]
   [Parallel Time: 176.9 ms, GC Workers: 8]
      [GC Worker Start (ms): Min: 130531.9, Avg: 130532.0, Max: 130532.1, Diff: 0.2]
      [Ext Root Scanning (ms): Min: 0.0, Avg: 0.1, Max: 0.2, Diff: 0.2, Sum: 0.6]
      [Update RS (ms): Min: 21.1, Avg: 21.4, Max: 22.1, Diff: 0.9, Sum: 171.2]
         [Processed Buffers: Min: 19, Avg: 20.9, Max: 23, Diff: 4, Sum: 167]
      [Scan RS (ms): Min: 17.4, Avg: 18.1, Max: 18.5, Diff: 1.1, Sum: 145.1]
      [Code Root Scanning (ms): Min: 0.0, Avg: 0.0, Max: 0.0, Diff: 0.0, Sum: 0.0]
      [Object Copy (ms): Min: 136.8, Avg: 137.0, Max: 137.1, Diff: 0.4, Sum: 1095.8]
      [Termination (ms): Min: 0.0, Avg: 0.1, Max: 0.1, Diff: 0.1, Sum: 0.6]
         [Termination Attempts: Min: 1, Avg: 548.0, Max: 654, Diff: 653, Sum: 4384]
      [GC Worker Other (ms): Min: 0.0, Avg: 0.0, Max: 0.1, Diff: 0.0, Sum: 0.3]
      [GC Worker Total (ms): Min: 176.6, Avg: 176.7, Max: 176.8, Diff: 0.2, Sum: 1413.7]
      [GC Worker End (ms): Min: 130708.7, Avg: 130708.7, Max: 130708.8, Diff: 0.0]
   [Code Root Fixup: 0.0 ms]
   [Code Root Purge: 0.0 ms]
   [Clear CT: 0.6 ms]
   [Other: 1.1 ms]
      [Choose CSet: 0.0 ms]
      [Ref Proc: 0.1 ms]
      [Ref Enq: 0.0 ms]
      [Redirty Cards: 0.5 ms]
      [Humongous Register: 0.0 ms]
      [Humongous Reclaim: 0.0 ms]
      [Free CSet: 0.2 ms]
   [Eden: 347.0M(347.0M)->0.0B(305.0M) Survivors: 4096.0K->44.0M Heap: 420.1M(2048.0M)->417.6M(2048.0M)]
 [Times: user=1.36 sys=0.02, real=0.18 secs] 
2020-09-29T11:31:17.437+0200: 130.870: [GC pause (G1 Evacuation Pause) (young), 0.1697595 secs]
   [Parallel Time: 168.5 ms, GC Workers: 8]
      [GC Worker Start (ms): Min: 130869.6, Avg: 130869.8, Max: 130869.8, Diff: 0.2]
      [Ext Root Scanning (ms): Min: 0.0, Avg: 0.0, Max: 0.2, Diff: 0.2, Sum: 0.4]
      [Update RS (ms): Min: 16.4, Avg: 16.7, Max: 17.1, Diff: 0.7, Sum: 133.9]
         [Processed Buffers: Min: 17, Avg: 17.8, Max: 19, Diff: 2, Sum: 142]
      [Scan RS (ms): Min: 16.9, Avg: 17.3, Max: 17.7, Diff: 0.8, Sum: 138.5]
      [Code Root Scanning (ms): Min: 0.0, Avg: 0.0, Max: 0.0, Diff: 0.0, Sum: 0.0]
      [Object Copy (ms): Min: 134.0, Avg: 134.1, Max: 134.2, Diff: 0.2, Sum: 1072.9]
      [Termination (ms): Min: 0.0, Avg: 0.1, Max: 0.1, Diff: 0.1, Sum: 0.7]
         [Termination Attempts: Min: 1, Avg: 584.0, Max: 730, Diff: 729, Sum: 4672]
      [GC Worker Other (ms): Min: 0.0, Avg: 0.0, Max: 0.1, Diff: 0.1, Sum: 0.3]
      [GC Worker Total (ms): Min: 168.2, Avg: 168.3, Max: 168.5, Diff: 0.3, Sum: 1346.6]
      [GC Worker End (ms): Min: 131038.1, Avg: 131038.1, Max: 131038.1, Diff: 0.1]
   [Code Root Fixup: 0.0 ms]
   [Code Root Purge: 0.0 ms]
   [Clear CT: 0.2 ms]
   [Other: 1.0 ms]
      [Choose CSet: 0.0 ms]
      [Ref Proc: 0.2 ms]
      [Ref Enq: 0.0 ms]
      [Redirty Cards: 0.2 ms]
      [Humongous Register: 0.0 ms]
      [Humongous Reclaim: 0.0 ms]
      [Free CSet: 0.3 ms]
   [Eden: 305.0M(305.0M)->0.0B(305.0M) Survivors: 44.0M->44.0M Heap: 772.2M(2048.0M)->774.2M(2048.0M)]
 [Times: user=1.38 sys=0.00, real=0.17 secs] 
2020-09-29T11:31:17.779+0200: 131.211: [GC pause (G1 Evacuation Pause) (young), 0.1733788 secs]
   [Parallel Time: 172.0 ms, GC Workers: 8]
      [GC Worker Start (ms): Min: 131211.5, Avg: 131211.6, Max: 131211.6, Diff: 0.1]
      [Ext Root Scanning (ms): Min: 0.0, Avg: 0.1, Max: 0.1, Diff: 0.1, Sum: 0.6]
      [Update RS (ms): Min: 19.0, Avg: 19.1, Max: 19.5, Diff: 0.5, Sum: 152.9]
         [Processed Buffers: Min: 19, Avg: 20.0, Max: 22, Diff: 3, Sum: 160]
      [Scan RS (ms): Min: 18.2, Avg: 18.6, Max: 18.7, Diff: 0.5, Sum: 148.4]
      [Code Root Scanning (ms): Min: 0.0, Avg: 0.0, Max: 0.0, Diff: 0.0, Sum: 0.0]
      [Object Copy (ms): Min: 133.8, Avg: 133.9, Max: 133.9, Diff: 0.1, Sum: 1071.2]
      [Termination (ms): Min: 0.0, Avg: 0.1, Max: 0.1, Diff: 0.1, Sum: 0.5]
         [Termination Attempts: Min: 1, Avg: 443.1, Max: 561, Diff: 560, Sum: 3545]
      [GC Worker Other (ms): Min: 0.0, Avg: 0.0, Max: 0.1, Diff: 0.1, Sum: 0.3]
      [GC Worker Total (ms): Min: 171.7, Avg: 171.7, Max: 171.8, Diff: 0.1, Sum: 1373.9]
      [GC Worker End (ms): Min: 131383.3, Avg: 131383.3, Max: 131383.3, Diff: 0.1]
   [Code Root Fixup: 0.0 ms]
   [Code Root Purge: 0.0 ms]
   [Clear CT: 0.2 ms]
   [Other: 1.2 ms]
      [Choose CSet: 0.0 ms]
      [Ref Proc: 0.2 ms]
      [Ref Enq: 0.0 ms]
      [Redirty Cards: 0.5 ms]
      [Humongous Register: 0.1 ms]
      [Humongous Reclaim: 0.0 ms]
      [Free CSet: 0.3 ms]
   [Eden: 305.0M(305.0M)->0.0B(304.0M) Survivors: 44.0M->44.0M Heap: 1130.7M(2048.0M)->1132.7M(2048.0M)]
 [Times: user=1.33 sys=0.05, real=0.17 secs] 
2020-09-29T11:31:17.966+0200: 131.398: [GC pause (G1 Humongous Allocation) (young) (initial-mark), 0.0587644 secs]
   [Parallel Time: 57.8 ms, GC Workers: 8]
      [GC Worker Start (ms): Min: 131398.1, Avg: 131398.1, Max: 131398.2, Diff: 0.2]
      [Ext Root Scanning (ms): Min: 0.0, Avg: 1.6, Max: 11.7, Diff: 11.7, Sum: 12.6]
      [Update RS (ms): Min: 23.9, Avg: 34.0, Max: 35.8, Diff: 12.0, Sum: 271.7]
         [Processed Buffers: Min: 28, Avg: 39.0, Max: 42, Diff: 14, Sum: 312]
      [Scan RS (ms): Min: 2.2, Avg: 2.6, Max: 3.0, Diff: 0.7, Sum: 21.2]
      [Code Root Scanning (ms): Min: 0.0, Avg: 0.0, Max: 0.0, Diff: 0.0, Sum: 0.0]
      [Object Copy (ms): Min: 19.4, Avg: 19.5, Max: 19.5, Diff: 0.1, Sum: 155.6]
      [Termination (ms): Min: 0.0, Avg: 0.0, Max: 0.0, Diff: 0.0, Sum: 0.1]
         [Termination Attempts: Min: 1, Avg: 71.8, Max: 96, Diff: 95, Sum: 574]
      [GC Worker Other (ms): Min: 0.0, Avg: 0.0, Max: 0.0, Diff: 0.0, Sum: 0.1]
      [GC Worker Total (ms): Min: 57.6, Avg: 57.7, Max: 57.7, Diff: 0.1, Sum: 461.3]
      [GC Worker End (ms): Min: 131455.8, Avg: 131455.8, Max: 131455.8, Diff: 0.0]
   [Code Root Fixup: 0.0 ms]
   [Code Root Purge: 0.0 ms]
   [Clear CT: 0.2 ms]
   [Other: 0.8 ms]
      [Choose CSet: 0.0 ms]
      [Ref Proc: 0.2 ms]
      [Ref Enq: 0.0 ms]
      [Redirty Cards: 0.2 ms]
      [Humongous Register: 0.0 ms]
      [Humongous Reclaim: 0.0 ms]
      [Free CSet: 0.1 ms]
   [Eden: 5120.0K(304.0M)->0.0B(347.0M) Survivors: 44.0M->6144.0K Heap: 1137.2M(2048.0M)->1140.7M(2048.0M)]
 [Times: user=0.48 sys=0.00, real=0.06 secs] 
2020-09-29T11:31:18.025+0200: 131.457: [GC concurrent-root-region-scan-start]
2020-09-29T11:31:18.026+0200: 131.458: [GC concurrent-root-region-scan-end, 0.0015911 secs]
2020-09-29T11:31:18.026+0200: 131.458: [GC concurrent-mark-start]
2020-09-29T11:31:18.030+0200: 131.462: [GC concurrent-mark-end, 0.0034920 secs]
2020-09-29T11:31:18.030+0200: 131.462: [GC remark 2020-09-29T11:31:18.030+0200: 131.462: [Finalize Marking, 0.0001619 secs] 2020-09-29T11:31:18.030+0200: 131.462: [GC ref-proc, 0.0003682 secs] 2020-09-29T11:31:18.031+0200: 131.463: [Unloading, 0.0004563 secs], 0.0012947 secs]
 [Times: user=0.00 sys=0.00, real=0.00 secs] 
2020-09-29T11:31:18.032+0200: 131.464: [GC cleanup 1151M->26M(2048M), 0.0011941 secs]
 [Times: user=0.00 sys=0.00, real=0.00 secs] 
2020-09-29T11:31:18.033+0200: 131.465: [GC concurrent-cleanup-start]
2020-09-29T11:31:18.034+0200: 131.466: [GC concurrent-cleanup-end, 0.0014162 secs]
2020-09-29T11:31:18.204+0200: 131.637: [GC pause (G1 Evacuation Pause) (young), 0.1689676 secs]
   [Parallel Time: 167.5 ms, GC Workers: 8]
      [GC Worker Start (ms): Min: 131637.1, Avg: 131637.3, Max: 131637.3, Diff: 0.2]
      [Ext Root Scanning (ms): Min: 0.0, Avg: 0.1, Max: 0.2, Diff: 0.2, Sum: 0.4]
      [Update RS (ms): Min: 18.5, Avg: 18.6, Max: 18.9, Diff: 0.5, Sum: 148.6]
         [Processed Buffers: Min: 18, Avg: 19.9, Max: 21, Diff: 3, Sum: 159]
      [Scan RS (ms): Min: 17.0, Avg: 17.3, Max: 17.5, Diff: 0.5, Sum: 138.8]
      [Code Root Scanning (ms): Min: 0.0, Avg: 0.0, Max: 0.0, Diff: 0.0, Sum: 0.0]
      [Object Copy (ms): Min: 131.1, Avg: 131.2, Max: 131.2, Diff: 0.1, Sum: 1049.5]
      [Termination (ms): Min: 0.0, Avg: 0.0, Max: 0.0, Diff: 0.0, Sum: 0.1]
         [Termination Attempts: Min: 1, Avg: 119.9, Max: 158, Diff: 157, Sum: 959]
      [GC Worker Other (ms): Min: 0.0, Avg: 0.0, Max: 0.1, Diff: 0.1, Sum: 0.3]
      [GC Worker Total (ms): Min: 167.2, Avg: 167.2, Max: 167.4, Diff: 0.2, Sum: 1337.9]
      [GC Worker End (ms): Min: 131804.5, Avg: 131804.5, Max: 131804.5, Diff: 0.1]
   [Code Root Fixup: 0.0 ms]
   [Code Root Purge: 0.0 ms]
   [Clear CT: 0.3 ms]
   [Other: 1.2 ms]
      [Choose CSet: 0.0 ms]
      [Ref Proc: 0.1 ms]
      [Ref Enq: 0.0 ms]
      [Redirty Cards: 0.6 ms]
      [Humongous Register: 0.0 ms]
      [Humongous Reclaim: 0.0 ms]
      [Free CSet: 0.2 ms]
   [Eden: 347.0M(347.0M)->0.0B(320.0M) Survivors: 6144.0K->45.0M Heap: 422.1M(2048.0M)->418.6M(2048.0M)]
 [Times: user=1.34 sys=0.03, real=0.17 secs] 
2020-09-29T11:31:18.557+0200: 131.989: [GC pause (G1 Evacuation Pause) (young), 0.1759172 secs]
   [Parallel Time: 174.7 ms, GC Workers: 8]
      [GC Worker Start (ms): Min: 131989.3, Avg: 131989.4, Max: 131989.5, Diff: 0.2]
      [Ext Root Scanning (ms): Min: 0.0, Avg: 0.1, Max: 0.2, Diff: 0.2, Sum: 0.6]
      [Update RS (ms): Min: 19.1, Avg: 19.3, Max: 19.7, Diff: 0.5, Sum: 154.1]
         [Processed Buffers: Min: 20, Avg: 22.4, Max: 24, Diff: 4, Sum: 179]
      [Scan RS (ms): Min: 16.8, Avg: 17.2, Max: 17.3, Diff: 0.5, Sum: 137.5]
      [Code Root Scanning (ms): Min: 0.0, Avg: 0.0, Max: 0.0, Diff: 0.0, Sum: 0.0]
      [Object Copy (ms): Min: 137.7, Avg: 137.8, Max: 137.8, Diff: 0.2, Sum: 1102.1]
      [Termination (ms): Min: 0.0, Avg: 0.0, Max: 0.1, Diff: 0.1, Sum: 0.4]
         [Termination Attempts: Min: 1, Avg: 306.3, Max: 386, Diff: 385, Sum: 2450]
      [GC Worker Other (ms): Min: 0.0, Avg: 0.0, Max: 0.1, Diff: 0.1, Sum: 0.3]
      [GC Worker Total (ms): Min: 174.3, Avg: 174.4, Max: 174.5, Diff: 0.2, Sum: 1395.0]
      [GC Worker End (ms): Min: 132163.7, Avg: 132163.8, Max: 132163.8, Diff: 0.1]
   [Code Root Fixup: 0.0 ms]
   [Code Root Purge: 0.0 ms]
   [Clear CT: 0.2 ms]
   [Other: 1.1 ms]
      [Choose CSet: 0.0 ms]
      [Ref Proc: 0.2 ms]
      [Ref Enq: 0.0 ms]
      [Redirty Cards: 0.3 ms]
      [Humongous Register: 0.0 ms]
      [Humongous Reclaim: 0.0 ms]
      [Free CSet: 0.3 ms]
   [Eden: 320.0M(320.0M)->0.0B(317.0M) Survivors: 45.0M->46.0M Heap: 792.0M(2048.0M)->794.0M(2048.0M)]
 [Times: user=1.38 sys=0.00, real=0.18 secs] 
2020-09-29T11:31:18.919+0200: 132.352: [GC pause (G1 Evacuation Pause) (young), 0.2109702 secs]
   [Parallel Time: 209.8 ms, GC Workers: 8]
      [GC Worker Start (ms): Min: 132351.8, Avg: 132351.9, Max: 132352.0, Diff: 0.2]
      [Ext Root Scanning (ms): Min: 0.0, Avg: 0.1, Max: 0.2, Diff: 0.2, Sum: 0.4]
      [Update RS (ms): Min: 20.8, Avg: 21.1, Max: 21.4, Diff: 0.6, Sum: 168.6]
         [Processed Buffers: Min: 21, Avg: 23.0, Max: 25, Diff: 4, Sum: 184]
      [Scan RS (ms): Min: 17.2, Avg: 20.4, Max: 40.7, Diff: 23.5, Sum: 163.3]
      [Code Root Scanning (ms): Min: 0.0, Avg: 0.0, Max: 0.0, Diff: 0.0, Sum: 0.0]
      [Object Copy (ms): Min: 147.7, Avg: 167.4, Max: 170.4, Diff: 22.6, Sum: 1339.0]
      [Termination (ms): Min: 0.1, Avg: 0.6, Max: 0.9, Diff: 0.8, Sum: 5.1]
         [Termination Attempts: Min: 1, Avg: 4280.8, Max: 5789, Diff: 5788, Sum: 34246]
      [GC Worker Other (ms): Min: 0.0, Avg: 0.0, Max: 0.0, Diff: 0.0, Sum: 0.1]
      [GC Worker Total (ms): Min: 209.5, Avg: 209.6, Max: 209.7, Diff: 0.2, Sum: 1676.5]
      [GC Worker End (ms): Min: 132561.5, Avg: 132561.5, Max: 132561.5, Diff: 0.0]
   [Code Root Fixup: 0.0 ms]
   [Code Root Purge: 0.0 ms]
   [Clear CT: 0.2 ms]
   [Other: 1.1 ms]
      [Choose CSet: 0.0 ms]
      [Ref Proc: 0.2 ms]
      [Ref Enq: 0.0 ms]
      [Redirty Cards: 0.2 ms]
      [Humongous Register: 0.0 ms]
      [Humongous Reclaim: 0.0 ms]
      [Free CSet: 0.4 ms]
   [Eden: 317.0M(317.0M)->0.0B(277.0M) Survivors: 46.0M->46.0M Heap: 1162.5M(2048.0M)->1164.0M(2048.0M)]
 [Times: user=1.61 sys=0.06, real=0.21 secs] 
2020-09-29T11:31:19.140+0200: 132.572: [GC pause (G1 Humongous Allocation) (young) (initial-mark), 0.0635442 secs]
   [Parallel Time: 62.6 ms, GC Workers: 8]
      [GC Worker Start (ms): Min: 132572.3, Avg: 132572.4, Max: 132572.4, Diff: 0.1]
      [Ext Root Scanning (ms): Min: 0.0, Avg: 0.1, Max: 0.1, Diff: 0.1, Sum: 0.6]
      [Update RS (ms): Min: 40.5, Avg: 40.7, Max: 41.0, Diff: 0.5, Sum: 325.8]
         [Processed Buffers: Min: 41, Avg: 45.8, Max: 49, Diff: 8, Sum: 366]
      [Scan RS (ms): Min: 2.4, Avg: 2.7, Max: 2.9, Diff: 0.5, Sum: 21.8]
      [Code Root Scanning (ms): Min: 0.0, Avg: 0.0, Max: 0.0, Diff: 0.0, Sum: 0.0]
      [Object Copy (ms): Min: 18.9, Avg: 19.0, Max: 19.0, Diff: 0.1, Sum: 151.7]
      [Termination (ms): Min: 0.0, Avg: 0.0, Max: 0.0, Diff: 0.0, Sum: 0.0]
         [Termination Attempts: Min: 1, Avg: 35.8, Max: 45, Diff: 44, Sum: 286]
      [GC Worker Other (ms): Min: 0.0, Avg: 0.0, Max: 0.0, Diff: 0.0, Sum: 0.2]
      [GC Worker Total (ms): Min: 62.4, Avg: 62.5, Max: 62.6, Diff: 0.1, Sum: 500.1]
      [GC Worker End (ms): Min: 132634.9, Avg: 132634.9, Max: 132634.9, Diff: 0.0]
   [Code Root Fixup: 0.0 ms]
   [Code Root Purge: 0.0 ms]
   [Clear CT: 0.2 ms]
   [Other: 0.8 ms]
      [Choose CSet: 0.0 ms]
      [Ref Proc: 0.2 ms]
      [Ref Enq: 0.0 ms]
      [Redirty Cards: 0.1 ms]
      [Humongous Register: 0.1 ms]
      [Humongous Reclaim: 0.0 ms]
      [Free CSet: 0.1 ms]
   [Eden: 1024.0K(277.0M)->0.0B(345.0M) Survivors: 46.0M->3072.0K Heap: 1164.5M(2048.0M)->1169.5M(2048.0M)]
 [Times: user=0.47 sys=0.00, real=0.06 secs] 
2020-09-29T11:31:19.204+0200: 132.636: [GC concurrent-root-region-scan-start]
2020-09-29T11:31:19.204+0200: 132.636: [GC concurrent-root-region-scan-end, 0.0002550 secs]
2020-09-29T11:31:19.204+0200: 132.636: [GC concurrent-mark-start]
2020-09-29T11:31:19.208+0200: 132.640: [GC concurrent-mark-end, 0.0038413 secs]
2020-09-29T11:31:19.208+0200: 132.640: [GC remark 2020-09-29T11:31:19.208+0200: 132.640: [Finalize Marking, 0.0002679 secs] 2020-09-29T11:31:19.208+0200: 132.641: [GC ref-proc, 0.0003521 secs] 2020-09-29T11:31:19.209+0200: 132.641: [Unloading, 0.0005454 secs], 0.0015456 secs]
 [Times: user=0.00 sys=0.00, real=0.00 secs] 
2020-09-29T11:31:19.210+0200: 132.642: [GC cleanup 1179M->22M(2048M), 0.0015320 secs]
 [Times: user=0.00 sys=0.00, real=0.00 secs] 
2020-09-29T11:31:19.212+0200: 132.644: [GC concurrent-cleanup-start]
2020-09-29T11:31:19.213+0200: 132.646: [GC concurrent-cleanup-end, 0.0017823 secs]
2020-09-29T11:31:19.397+0200: 132.829: [GC pause (G1 Evacuation Pause) (young), 0.1778570 secs]
   [Parallel Time: 176.5 ms, GC Workers: 8]
      [GC Worker Start (ms): Min: 132829.1, Avg: 132829.3, Max: 132829.3, Diff: 0.2]
      [Ext Root Scanning (ms): Min: 0.0, Avg: 0.1, Max: 0.2, Diff: 0.2, Sum: 0.4]
      [Update RS (ms): Min: 18.5, Avg: 18.6, Max: 19.3, Diff: 0.8, Sum: 148.7]
         [Processed Buffers: Min: 16, Avg: 19.1, Max: 22, Diff: 6, Sum: 153]
      [Scan RS (ms): Min: 19.3, Avg: 19.9, Max: 20.0, Diff: 0.7, Sum: 158.9]
      [Code Root Scanning (ms): Min: 0.0, Avg: 0.0, Max: 0.0, Diff: 0.0, Sum: 0.0]
      [Object Copy (ms): Min: 137.4, Avg: 137.6, Max: 137.7, Diff: 0.3, Sum: 1100.9]
      [Termination (ms): Min: 0.0, Avg: 0.1, Max: 0.1, Diff: 0.1, Sum: 0.5]
         [Termination Attempts: Min: 1, Avg: 448.0, Max: 573, Diff: 572, Sum: 3584]
      [GC Worker Other (ms): Min: 0.0, Avg: 0.0, Max: 0.1, Diff: 0.1, Sum: 0.3]
      [GC Worker Total (ms): Min: 176.1, Avg: 176.2, Max: 176.4, Diff: 0.2, Sum: 1409.7]
      [GC Worker End (ms): Min: 133005.4, Avg: 133005.5, Max: 133005.5, Diff: 0.1]
   [Code Root Fixup: 0.0 ms]
   [Code Root Purge: 0.0 ms]
   [Clear CT: 0.3 ms]
   [Other: 1.1 ms]
      [Choose CSet: 0.0 ms]
      [Ref Proc: 0.2 ms]
      [Ref Enq: 0.0 ms]
      [Redirty Cards: 0.3 ms]
      [Humongous Register: 0.0 ms]
      [Humongous Reclaim: 0.0 ms]
      [Free CSet: 0.3 ms]
   [Eden: 345.0M(345.0M)->0.0B(301.0M) Survivors: 3072.0K->44.0M Heap: 417.1M(2048.0M)->416.1M(2048.0M)]
 [Times: user=1.36 sys=0.00, real=0.18 secs] 
2020-09-29T11:31:19.751+0200: 133.183: [GC pause (G1 Evacuation Pause) (young), 0.1720368 secs]
   [Parallel Time: 170.9 ms, GC Workers: 8]
      [GC Worker Start (ms): Min: 133183.1, Avg: 133183.3, Max: 133183.3, Diff: 0.2]
      [Ext Root Scanning (ms): Min: 0.0, Avg: 0.1, Max: 0.2, Diff: 0.2, Sum: 0.4]
      [Update RS (ms): Min: 17.9, Avg: 18.1, Max: 18.5, Diff: 0.6, Sum: 144.6]
         [Processed Buffers: Min: 18, Avg: 19.0, Max: 20, Diff: 2, Sum: 152]
      [Scan RS (ms): Min: 18.1, Avg: 18.5, Max: 18.8, Diff: 0.7, Sum: 148.2]
      [Code Root Scanning (ms): Min: 0.0, Avg: 0.0, Max: 0.0, Diff: 0.0, Sum: 0.0]
      [Object Copy (ms): Min: 133.7, Avg: 133.9, Max: 134.0, Diff: 0.3, Sum: 1070.9]
      [Termination (ms): Min: 0.0, Avg: 0.1, Max: 0.2, Diff: 0.2, Sum: 1.0]
         [Termination Attempts: Min: 1, Avg: 817.4, Max: 1171, Diff: 1170, Sum: 6539]
      [GC Worker Other (ms): Min: 0.0, Avg: 0.0, Max: 0.1, Diff: 0.1, Sum: 0.3]
      [GC Worker Total (ms): Min: 170.6, Avg: 170.7, Max: 170.8, Diff: 0.2, Sum: 1365.5]
      [GC Worker End (ms): Min: 133353.9, Avg: 133354.0, Max: 133354.0, Diff: 0.1]
   [Code Root Fixup: 0.0 ms]
   [Code Root Purge: 0.0 ms]
   [Clear CT: 0.2 ms]
   [Other: 0.9 ms]
      [Choose CSet: 0.0 ms]
      [Ref Proc: 0.2 ms]
      [Ref Enq: 0.0 ms]
      [Redirty Cards: 0.3 ms]
      [Humongous Register: 0.0 ms]
      [Humongous Reclaim: 0.0 ms]
      [Free CSet: 0.2 ms]
   [Eden: 301.0M(301.0M)->0.0B(293.0M) Survivors: 44.0M->44.0M Heap: 766.7M(2048.0M)->767.7M(2048.0M)]
 [Times: user=1.31 sys=0.06, real=0.17 secs] 
2020-09-29T11:31:20.097+0200: 133.530: [GC pause (G1 Evacuation Pause) (young), 0.1727447 secs]
   [Parallel Time: 171.7 ms, GC Workers: 8]
      [GC Worker Start (ms): Min: 133529.6, Avg: 133529.7, Max: 133529.8, Diff: 0.2]
      [Ext Root Scanning (ms): Min: 0.0, Avg: 0.1, Max: 0.2, Diff: 0.2, Sum: 0.6]
      [Update RS (ms): Min: 28.9, Avg: 29.0, Max: 29.3, Diff: 0.4, Sum: 232.0]
         [Processed Buffers: Min: 27, Avg: 29.1, Max: 31, Diff: 4, Sum: 233]
      [Scan RS (ms): Min: 13.8, Avg: 14.1, Max: 14.2, Diff: 0.5, Sum: 112.8]
      [Code Root Scanning (ms): Min: 0.0, Avg: 0.0, Max: 0.0, Diff: 0.0, Sum: 0.0]
      [Object Copy (ms): Min: 128.1, Avg: 128.2, Max: 128.3, Diff: 0.2, Sum: 1025.7]
      [Termination (ms): Min: 0.0, Avg: 0.0, Max: 0.0, Diff: 0.0, Sum: 0.1]
         [Termination Attempts: Min: 1, Avg: 38.9, Max: 56, Diff: 55, Sum: 311]
      [GC Worker Other (ms): Min: 0.0, Avg: 0.0, Max: 0.1, Diff: 0.1, Sum: 0.4]
      [GC Worker Total (ms): Min: 171.4, Avg: 171.4, Max: 171.6, Diff: 0.2, Sum: 1371.5]
      [GC Worker End (ms): Min: 133701.1, Avg: 133701.2, Max: 133701.2, Diff: 0.1]
   [Code Root Fixup: 0.0 ms]
   [Code Root Purge: 0.0 ms]
   [Clear CT: 0.2 ms]
   [Other: 0.8 ms]
      [Choose CSet: 0.0 ms]
      [Ref Proc: 0.2 ms]
      [Ref Enq: 0.0 ms]
      [Redirty Cards: 0.2 ms]
      [Humongous Register: 0.0 ms]
      [Humongous Reclaim: 0.0 ms]
      [Free CSet: 0.2 ms]
   [Eden: 293.0M(293.0M)->0.0B(296.0M) Survivors: 44.0M->43.0M Heap: 1110.3M(2048.0M)->1112.3M(2048.0M)]
 [Times: user=1.39 sys=0.00, real=0.17 secs] 
2020-09-29T11:31:20.277+0200: 133.709: [GC pause (G1 Humongous Allocation) (young) (initial-mark), 0.0637152 secs]
   [Parallel Time: 63.0 ms, GC Workers: 8]
      [GC Worker Start (ms): Min: 133709.5, Avg: 133709.5, Max: 133709.6, Diff: 0.1]
      [Ext Root Scanning (ms): Min: 0.0, Avg: 0.1, Max: 0.1, Diff: 0.1, Sum: 0.7]
      [Update RS (ms): Min: 40.3, Avg: 40.6, Max: 40.9, Diff: 0.6, Sum: 324.9]
         [Processed Buffers: Min: 45, Avg: 49.9, Max: 53, Diff: 8, Sum: 399]
      [Scan RS (ms): Min: 1.5, Avg: 1.7, Max: 2.1, Diff: 0.6, Sum: 13.8]
      [Code Root Scanning (ms): Min: 0.0, Avg: 0.0, Max: 0.0, Diff: 0.0, Sum: 0.0]
      [Object Copy (ms): Min: 20.3, Avg: 20.4, Max: 20.4, Diff: 0.1, Sum: 163.0]
      [Termination (ms): Min: 0.0, Avg: 0.0, Max: 0.0, Diff: 0.0, Sum: 0.0]
         [Termination Attempts: Min: 1, Avg: 19.8, Max: 29, Diff: 28, Sum: 158]
      [GC Worker Other (ms): Min: 0.0, Avg: 0.0, Max: 0.0, Diff: 0.0, Sum: 0.1]
      [GC Worker Total (ms): Min: 62.8, Avg: 62.8, Max: 62.9, Diff: 0.1, Sum: 502.6]
      [GC Worker End (ms): Min: 133772.4, Avg: 133772.4, Max: 133772.4, Diff: 0.0]
   [Code Root Fixup: 0.0 ms]
   [Code Root Purge: 0.0 ms]
   [Clear CT: 0.1 ms]
   [Other: 0.6 ms]
      [Choose CSet: 0.0 ms]
      [Ref Proc: 0.2 ms]
      [Ref Enq: 0.0 ms]
      [Redirty Cards: 0.1 ms]
      [Humongous Register: 0.0 ms]
      [Humongous Reclaim: 0.0 ms]
      [Free CSet: 0.1 ms]
   [Eden: 11.0M(296.0M)->0.0B(332.0M) Survivors: 43.0M->14.0M Heap: 1123.3M(2048.0M)->1128.3M(2048.0M)]
 [Times: user=0.50 sys=0.00, real=0.06 secs] 
2020-09-29T11:31:20.341+0200: 133.773: [GC concurrent-root-region-scan-start]
2020-09-29T11:31:20.343+0200: 133.776: [GC concurrent-root-region-scan-end, 0.0023253 secs]
2020-09-29T11:31:20.343+0200: 133.776: [GC concurrent-mark-start]
2020-09-29T11:31:20.346+0200: 133.778: [GC concurrent-mark-end, 0.0025700 secs]
2020-09-29T11:31:20.346+0200: 133.778: [GC remark 2020-09-29T11:31:20.346+0200: 133.778: [Finalize Marking, 0.0001579 secs] 2020-09-29T11:31:20.346+0200: 133.778: [GC ref-proc, 0.0002825 secs] 2020-09-29T11:31:20.346+0200: 133.779: [Unloading, 0.0004236 secs], 0.0011323 secs]
 [Times: user=0.00 sys=0.00, real=0.00 secs] 
2020-09-29T11:31:20.347+0200: 133.780: [GC cleanup 1140M->35M(2048M), 0.0010584 secs]
 [Times: user=0.05 sys=0.02, real=0.00 secs] 
2020-09-29T11:31:20.349+0200: 133.781: [GC concurrent-cleanup-start]
2020-09-29T11:31:20.350+0200: 133.782: [GC concurrent-cleanup-end, 0.0014765 secs]
2020-09-29T11:31:20.512+0200: 133.944: [GC pause (G1 Evacuation Pause) (young), 0.1889113 secs]
   [Parallel Time: 187.5 ms, GC Workers: 8]
      [GC Worker Start (ms): Min: 133944.3, Avg: 133944.3, Max: 133944.4, Diff: 0.2]
      [Ext Root Scanning (ms): Min: 0.0, Avg: 0.1, Max: 0.1, Diff: 0.1, Sum: 0.5]
      [Update RS (ms): Min: 18.0, Avg: 18.1, Max: 18.7, Diff: 0.7, Sum: 145.0]
         [Processed Buffers: Min: 11, Avg: 18.4, Max: 20, Diff: 9, Sum: 147]
      [Scan RS (ms): Min: 17.4, Avg: 19.6, Max: 31.5, Diff: 14.1, Sum: 157.1]
      [Code Root Scanning (ms): Min: 0.0, Avg: 0.0, Max: 0.0, Diff: 0.0, Sum: 0.0]
      [Object Copy (ms): Min: 137.7, Avg: 149.1, Max: 150.9, Diff: 13.2, Sum: 1192.6]
      [Termination (ms): Min: 0.0, Avg: 0.4, Max: 0.5, Diff: 0.5, Sum: 2.9]
         [Termination Attempts: Min: 1, Avg: 2694.0, Max: 3625, Diff: 3624, Sum: 21552]
      [GC Worker Other (ms): Min: 0.0, Avg: 0.1, Max: 0.1, Diff: 0.1, Sum: 0.4]
      [GC Worker Total (ms): Min: 187.3, Avg: 187.3, Max: 187.4, Diff: 0.2, Sum: 1498.7]
      [GC Worker End (ms): Min: 134131.6, Avg: 134131.7, Max: 134131.7, Diff: 0.1]
   [Code Root Fixup: 0.0 ms]
   [Code Root Purge: 0.0 ms]
   [Clear CT: 0.2 ms]
   [Other: 1.2 ms]
      [Choose CSet: 0.0 ms]
      [Ref Proc: 0.5 ms]
      [Ref Enq: 0.0 ms]
      [Redirty Cards: 0.2 ms]
      [Humongous Register: 0.0 ms]
      [Humongous Reclaim: 0.0 ms]
      [Free CSet: 0.2 ms]
   [Eden: 332.0M(332.0M)->0.0B(284.0M) Survivors: 14.0M->44.0M Heap: 413.2M(2048.0M)->401.7M(2048.0M)]
 [Times: user=1.42 sys=0.00, real=0.19 secs] 
2020-09-29T11:31:20.845+0200: 134.278: [GC pause (G1 Evacuation Pause) (young), 0.1563877 secs]
   [Parallel Time: 154.9 ms, GC Workers: 8]
      [GC Worker Start (ms): Min: 134277.7, Avg: 134277.8, Max: 134277.9, Diff: 0.2]
      [Ext Root Scanning (ms): Min: 0.0, Avg: 0.1, Max: 0.2, Diff: 0.2, Sum: 0.6]
      [Update RS (ms): Min: 18.7, Avg: 19.0, Max: 19.4, Diff: 0.7, Sum: 152.1]
         [Processed Buffers: Min: 21, Avg: 22.0, Max: 23, Diff: 2, Sum: 176]
      [Scan RS (ms): Min: 12.8, Avg: 13.2, Max: 13.5, Diff: 0.7, Sum: 105.8]
      [Code Root Scanning (ms): Min: 0.0, Avg: 0.0, Max: 0.0, Diff: 0.0, Sum: 0.0]
      [Object Copy (ms): Min: 122.2, Avg: 122.3, Max: 122.3, Diff: 0.1, Sum: 978.4]
      [Termination (ms): Min: 0.0, Avg: 0.0, Max: 0.0, Diff: 0.0, Sum: 0.3]
         [Termination Attempts: Min: 1, Avg: 283.6, Max: 343, Diff: 342, Sum: 2269]
      [GC Worker Other (ms): Min: 0.0, Avg: 0.0, Max: 0.1, Diff: 0.1, Sum: 0.3]
      [GC Worker Total (ms): Min: 154.6, Avg: 154.7, Max: 154.8, Diff: 0.1, Sum: 1237.6]
      [GC Worker End (ms): Min: 134432.5, Avg: 134432.5, Max: 134432.5, Diff: 0.1]
   [Code Root Fixup: 0.0 ms]
   [Code Root Purge: 0.0 ms]
   [Clear CT: 0.4 ms]
   [Other: 1.0 ms]
      [Choose CSet: 0.0 ms]
      [Ref Proc: 0.2 ms]
      [Ref Enq: 0.0 ms]
      [Redirty Cards: 0.4 ms]
      [Humongous Register: 0.0 ms]
      [Humongous Reclaim: 0.0 ms]
      [Free CSet: 0.2 ms]
   [Eden: 284.0M(284.0M)->0.0B(300.0M) Survivors: 44.0M->41.0M Heap: 731.5M(2048.0M)->733.5M(2048.0M)]
 [Times: user=1.25 sys=0.00, real=0.16 secs] 
2020-09-29T11:31:21.172+0200: 134.604: [GC pause (G1 Evacuation Pause) (young), 0.1779800 secs]
   [Parallel Time: 176.9 ms, GC Workers: 8]
      [GC Worker Start (ms): Min: 134604.1, Avg: 134604.2, Max: 134604.3, Diff: 0.2]
      [Ext Root Scanning (ms): Min: 0.0, Avg: 0.1, Max: 0.2, Diff: 0.2, Sum: 0.4]
      [Update RS (ms): Min: 17.8, Avg: 17.8, Max: 18.0, Diff: 0.2, Sum: 142.7]
         [Processed Buffers: Min: 19, Avg: 20.9, Max: 23, Diff: 4, Sum: 167]
      [Scan RS (ms): Min: 15.7, Avg: 15.9, Max: 16.1, Diff: 0.4, Sum: 127.4]
      [Code Root Scanning (ms): Min: 0.0, Avg: 0.0, Max: 0.0, Diff: 0.0, Sum: 0.0]
      [Object Copy (ms): Min: 142.4, Avg: 142.6, Max: 142.9, Diff: 0.5, Sum: 1140.6]
      [Termination (ms): Min: 0.0, Avg: 0.2, Max: 0.3, Diff: 0.3, Sum: 2.0]
         [Termination Attempts: Min: 1, Avg: 1891.9, Max: 2410, Diff: 2409, Sum: 15135]
      [GC Worker Other (ms): Min: 0.0, Avg: 0.0, Max: 0.1, Diff: 0.1, Sum: 0.3]
      [GC Worker Total (ms): Min: 176.6, Avg: 176.7, Max: 176.8, Diff: 0.2, Sum: 1413.5]
      [GC Worker End (ms): Min: 134780.9, Avg: 134780.9, Max: 134780.9, Diff: 0.1]
   [Code Root Fixup: 0.0 ms]
   [Code Root Purge: 0.0 ms]
   [Clear CT: 0.2 ms]
   [Other: 0.9 ms]
      [Choose CSet: 0.0 ms]
      [Ref Proc: 0.2 ms]
      [Ref Enq: 0.0 ms]
      [Redirty Cards: 0.3 ms]
      [Humongous Register: 0.0 ms]
      [Humongous Reclaim: 0.0 ms]
      [Free CSet: 0.2 ms]
   [Eden: 300.0M(300.0M)->0.0B(295.0M) Survivors: 41.0M->43.0M Heap: 1085.0M(2048.0M)->1087.0M(2048.0M)]
 [Times: user=1.50 sys=0.00, real=0.18 secs] 
2020-09-29T11:31:21.359+0200: 134.791: [GC pause (G1 Humongous Allocation) (young) (initial-mark), 0.0634232 secs]
   [Parallel Time: 62.7 ms, GC Workers: 8]
      [GC Worker Start (ms): Min: 134791.2, Avg: 134791.3, Max: 134791.3, Diff: 0.1]
      [Ext Root Scanning (ms): Min: 0.0, Avg: 0.1, Max: 0.1, Diff: 0.1, Sum: 0.6]
      [Update RS (ms): Min: 37.7, Avg: 37.9, Max: 38.4, Diff: 0.7, Sum: 303.4]
         [Processed Buffers: Min: 44, Avg: 45.6, Max: 47, Diff: 3, Sum: 365]
      [Scan RS (ms): Min: 2.1, Avg: 2.6, Max: 2.9, Diff: 0.8, Sum: 21.2]
      [Code Root Scanning (ms): Min: 0.0, Avg: 0.0, Max: 0.0, Diff: 0.0, Sum: 0.0]
      [Object Copy (ms): Min: 21.9, Avg: 21.9, Max: 21.9, Diff: 0.1, Sum: 175.2]
      [Termination (ms): Min: 0.0, Avg: 0.0, Max: 0.0, Diff: 0.0, Sum: 0.1]
         [Termination Attempts: Min: 1, Avg: 91.3, Max: 123, Diff: 122, Sum: 730]
      [GC Worker Other (ms): Min: 0.0, Avg: 0.0, Max: 0.0, Diff: 0.0, Sum: 0.2]
      [GC Worker Total (ms): Min: 62.5, Avg: 62.6, Max: 62.7, Diff: 0.1, Sum: 500.6]
      [GC Worker End (ms): Min: 134853.9, Avg: 134853.9, Max: 134853.9, Diff: 0.0]
   [Code Root Fixup: 0.0 ms]
   [Code Root Purge: 0.0 ms]
   [Clear CT: 0.2 ms]
   [Other: 0.5 ms]
      [Choose CSet: 0.0 ms]
      [Ref Proc: 0.1 ms]
      [Ref Enq: 0.0 ms]
      [Redirty Cards: 0.1 ms]
      [Humongous Register: 0.0 ms]
      [Humongous Reclaim: 0.0 ms]
      [Free CSet: 0.1 ms]
   [Eden: 12.0M(295.0M)->0.0B(331.0M) Survivors: 43.0M->13.0M Heap: 1098.5M(2048.0M)->1102.0M(2048.0M)]
 [Times: user=0.50 sys=0.00, real=0.06 secs] 
2020-09-29T11:31:21.422+0200: 134.855: [GC concurrent-root-region-scan-start]
2020-09-29T11:31:21.424+0200: 134.857: [GC concurrent-root-region-scan-end, 0.0020117 secs]
2020-09-29T11:31:21.424+0200: 134.857: [GC concurrent-mark-start]
2020-09-29T11:31:21.426+0200: 134.859: [GC concurrent-mark-end, 0.0021178 secs]
2020-09-29T11:31:21.427+0200: 134.859: [GC remark 2020-09-29T11:31:21.427+0200: 134.859: [Finalize Marking, 0.0001283 secs] 2020-09-29T11:31:21.427+0200: 134.859: [GC ref-proc, 0.0002558 secs] 2020-09-29T11:31:21.427+0200: 134.859: [Unloading, 0.0003896 secs], 0.0010260 secs]
 [Times: user=0.00 sys=0.00, real=0.00 secs] 
2020-09-29T11:31:21.428+0200: 134.860: [GC cleanup 1113M->34M(2048M), 0.0009626 secs]
 [Times: user=0.00 sys=0.00, real=0.00 secs] 
2020-09-29T11:31:21.429+0200: 134.861: [GC concurrent-cleanup-start]
2020-09-29T11:31:21.430+0200: 134.863: [GC concurrent-cleanup-end, 0.0012693 secs]
2020-09-29T11:31:21.592+0200: 135.024: [GC pause (G1 Evacuation Pause) (young), 0.1775250 secs]
   [Parallel Time: 176.4 ms, GC Workers: 8]
      [GC Worker Start (ms): Min: 135024.5, Avg: 135024.6, Max: 135024.6, Diff: 0.1]
      [Ext Root Scanning (ms): Min: 0.0, Avg: 0.1, Max: 0.1, Diff: 0.1, Sum: 0.6]
      [Update RS (ms): Min: 25.2, Avg: 25.6, Max: 26.1, Diff: 0.9, Sum: 204.7]
         [Processed Buffers: Min: 22, Avg: 24.3, Max: 26, Diff: 4, Sum: 194]
      [Scan RS (ms): Min: 14.7, Avg: 15.2, Max: 15.7, Diff: 1.0, Sum: 121.9]
      [Code Root Scanning (ms): Min: 0.0, Avg: 0.0, Max: 0.0, Diff: 0.0, Sum: 0.0]
      [Object Copy (ms): Min: 135.2, Avg: 135.3, Max: 135.4, Diff: 0.1, Sum: 1082.5]
      [Termination (ms): Min: 0.0, Avg: 0.0, Max: 0.0, Diff: 0.0, Sum: 0.1]
         [Termination Attempts: Min: 1, Avg: 91.5, Max: 124, Diff: 123, Sum: 732]
      [GC Worker Other (ms): Min: 0.0, Avg: 0.0, Max: 0.1, Diff: 0.1, Sum: 0.3]
      [GC Worker Total (ms): Min: 176.2, Avg: 176.3, Max: 176.3, Diff: 0.1, Sum: 1410.2]
      [GC Worker End (ms): Min: 135200.8, Avg: 135200.9, Max: 135200.9, Diff: 0.1]
   [Code Root Fixup: 0.0 ms]
   [Code Root Purge: 0.0 ms]
   [Clear CT: 0.2 ms]
   [Other: 0.9 ms]
      [Choose CSet: 0.0 ms]
      [Ref Proc: 0.2 ms]
      [Ref Enq: 0.0 ms]
      [Redirty Cards: 0.2 ms]
      [Humongous Register: 0.0 ms]
      [Humongous Reclaim: 0.0 ms]
      [Free CSet: 0.2 ms]
   [Eden: 331.0M(331.0M)->0.0B(301.0M) Survivors: 13.0M->43.0M Heap: 409.3M(2048.0M)->398.3M(2048.0M)]
 [Times: user=1.31 sys=0.08, real=0.18 secs] 
2020-09-29T11:31:21.929+0200: 135.361: [GC pause (G1 Evacuation Pause) (young), 0.1652445 secs]
   [Parallel Time: 164.1 ms, GC Workers: 8]
      [GC Worker Start (ms): Min: 135361.0, Avg: 135361.0, Max: 135361.1, Diff: 0.1]
      [Ext Root Scanning (ms): Min: 0.0, Avg: 0.1, Max: 0.1, Diff: 0.1, Sum: 0.5]
      [Update RS (ms): Min: 15.8, Avg: 15.8, Max: 16.0, Diff: 0.3, Sum: 126.8]
         [Processed Buffers: Min: 17, Avg: 18.5, Max: 21, Diff: 4, Sum: 148]
      [Scan RS (ms): Min: 16.8, Avg: 16.9, Max: 17.0, Diff: 0.3, Sum: 135.4]
      [Code Root Scanning (ms): Min: 0.0, Avg: 0.0, Max: 0.0, Diff: 0.0, Sum: 0.0]
      [Object Copy (ms): Min: 131.0, Avg: 131.0, Max: 131.1, Diff: 0.1, Sum: 1048.2]
      [Termination (ms): Min: 0.0, Avg: 0.0, Max: 0.0, Diff: 0.0, Sum: 0.3]
         [Termination Attempts: Min: 1, Avg: 274.1, Max: 343, Diff: 342, Sum: 2193]
      [GC Worker Other (ms): Min: 0.0, Avg: 0.0, Max: 0.1, Diff: 0.1, Sum: 0.3]
      [GC Worker Total (ms): Min: 163.9, Avg: 163.9, Max: 164.0, Diff: 0.2, Sum: 1311.6]
      [GC Worker End (ms): Min: 135525.0, Avg: 135525.0, Max: 135525.0, Diff: 0.1]
   [Code Root Fixup: 0.0 ms]
   [Code Root Purge: 0.0 ms]
   [Clear CT: 0.2 ms]
   [Other: 0.9 ms]
      [Choose CSet: 0.0 ms]
      [Ref Proc: 0.2 ms]
      [Ref Enq: 0.0 ms]
      [Redirty Cards: 0.2 ms]
      [Humongous Register: 0.0 ms]
      [Humongous Reclaim: 0.0 ms]
      [Free CSet: 0.3 ms]
   [Eden: 301.0M(301.0M)->0.0B(304.0M) Survivors: 43.0M->43.0M Heap: 750.8M(2048.0M)->753.3M(2048.0M)]
 [Times: user=1.20 sys=0.05, real=0.17 secs] 
2020-09-29T11:31:22.264+0200: 135.696: [GC pause (G1 Evacuation Pause) (young), 0.1656695 secs]
   [Parallel Time: 164.6 ms, GC Workers: 8]
      [GC Worker Start (ms): Min: 135695.9, Avg: 135696.0, Max: 135696.1, Diff: 0.2]
      [Ext Root Scanning (ms): Min: 0.0, Avg: 0.1, Max: 0.2, Diff: 0.2, Sum: 0.5]
      [Update RS (ms): Min: 18.6, Avg: 18.8, Max: 19.4, Diff: 0.8, Sum: 150.3]
         [Processed Buffers: Min: 20, Avg: 20.6, Max: 22, Diff: 2, Sum: 165]
      [Scan RS (ms): Min: 16.4, Avg: 17.0, Max: 17.3, Diff: 0.9, Sum: 135.8]
      [Code Root Scanning (ms): Min: 0.0, Avg: 0.0, Max: 0.0, Diff: 0.0, Sum: 0.0]
      [Object Copy (ms): Min: 128.3, Avg: 128.5, Max: 128.5, Diff: 0.2, Sum: 1027.6]
      [Termination (ms): Min: 0.0, Avg: 0.0, Max: 0.0, Diff: 0.0, Sum: 0.2]
         [Termination Attempts: Min: 1, Avg: 161.1, Max: 193, Diff: 192, Sum: 1289]
      [GC Worker Other (ms): Min: 0.0, Avg: 0.0, Max: 0.1, Diff: 0.1, Sum: 0.4]
      [GC Worker Total (ms): Min: 164.3, Avg: 164.3, Max: 164.4, Diff: 0.2, Sum: 1314.8]
      [GC Worker End (ms): Min: 135860.4, Avg: 135860.4, Max: 135860.4, Diff: 0.1]
   [Code Root Fixup: 0.0 ms]
   [Code Root Purge: 0.0 ms]
   [Clear CT: 0.2 ms]
   [Other: 0.9 ms]
      [Choose CSet: 0.0 ms]
      [Ref Proc: 0.1 ms]
      [Ref Enq: 0.0 ms]
      [Redirty Cards: 0.2 ms]
      [Humongous Register: 0.0 ms]
      [Humongous Reclaim: 0.0 ms]
      [Free CSet: 0.3 ms]
   [Eden: 304.0M(304.0M)->0.0B(309.0M) Survivors: 43.0M->44.0M Heap: 1106.9M(2048.0M)->1108.9M(2048.0M)]
 [Times: user=1.38 sys=0.00, real=0.16 secs] 
2020-09-29T11:31:22.430+0200: 135.863: [GC pause (G1 Humongous Allocation) (young) (initial-mark), 0.0747230 secs]
   [Parallel Time: 73.9 ms, GC Workers: 8]
      [GC Worker Start (ms): Min: 135863.2, Avg: 135863.3, Max: 135863.3, Diff: 0.1]
      [Ext Root Scanning (ms): Min: 0.0, Avg: 0.1, Max: 0.2, Diff: 0.2, Sum: 1.0]
      [Update RS (ms): Min: 47.5, Avg: 47.6, Max: 47.8, Diff: 0.3, Sum: 381.1]
         [Processed Buffers: Min: 56, Avg: 57.5, Max: 59, Diff: 3, Sum: 460]
      [Scan RS (ms): Min: 0.0, Avg: 0.0, Max: 0.1, Diff: 0.1, Sum: 0.2]
      [Code Root Scanning (ms): Min: 0.0, Avg: 0.0, Max: 0.0, Diff: 0.0, Sum: 0.0]
      [Object Copy (ms): Min: 25.6, Avg: 25.7, Max: 25.9, Diff: 0.3, Sum: 205.9]
      [Termination (ms): Min: 0.0, Avg: 0.1, Max: 0.2, Diff: 0.2, Sum: 1.1]
         [Termination Attempts: Min: 1, Avg: 892.5, Max: 1058, Diff: 1057, Sum: 7140]
      [GC Worker Other (ms): Min: 0.0, Avg: 0.0, Max: 0.0, Diff: 0.0, Sum: 0.2]
      [GC Worker Total (ms): Min: 73.6, Avg: 73.7, Max: 73.7, Diff: 0.1, Sum: 589.6]
      [GC Worker End (ms): Min: 135936.9, Avg: 135936.9, Max: 135937.0, Diff: 0.0]
   [Code Root Fixup: 0.0 ms]
   [Code Root Purge: 0.0 ms]
   [Clear CT: 0.2 ms]
   [Other: 0.7 ms]
      [Choose CSet: 0.0 ms]
      [Ref Proc: 0.2 ms]
      [Ref Enq: 0.0 ms]
      [Redirty Cards: 0.2 ms]
      [Humongous Register: 0.0 ms]
      [Humongous Reclaim: 0.0 ms]
      [Free CSet: 0.1 ms]
   [Eden: 3072.0K(309.0M)->0.0B(291.0M) Survivors: 44.0M->4096.0K Heap: 1111.4M(2048.0M)->1114.4M(2048.0M)]
 [Times: user=0.63 sys=0.00, real=0.08 secs] 
2020-09-29T11:31:22.505+0200: 135.938: [GC concurrent-root-region-scan-start]
2020-09-29T11:31:22.506+0200: 135.939: [GC concurrent-root-region-scan-end, 0.0006527 secs]
2020-09-29T11:31:22.506+0200: 135.939: [GC concurrent-mark-start]
2020-09-29T11:31:22.509+0200: 135.942: [GC concurrent-mark-end, 0.0029897 secs]
2020-09-29T11:31:22.509+0200: 135.942: [GC remark 2020-09-29T11:31:22.509+0200: 135.942: [Finalize Marking, 0.0001735 secs] 2020-09-29T11:31:22.509+0200: 135.942: [GC ref-proc, 0.0003205 secs] 2020-09-29T11:31:22.510+0200: 135.942: [Unloading, 0.0004074 secs], 0.0012990 secs]
 [Times: user=0.00 sys=0.00, real=0.00 secs] 
2020-09-29T11:31:22.511+0200: 135.944: [GC cleanup 1123M->22M(2048M), 0.0014302 secs]
 [Times: user=0.00 sys=0.00, real=0.00 secs] 
2020-09-29T11:31:22.512+0200: 135.945: [GC concurrent-cleanup-start]
2020-09-29T11:31:22.514+0200: 135.947: [GC concurrent-cleanup-end, 0.0017884 secs]
2020-09-29T11:31:22.672+0200: 136.104: [GC pause (G1 Evacuation Pause) (young), 0.1457034 secs]
   [Parallel Time: 144.6 ms, GC Workers: 8]
      [GC Worker Start (ms): Min: 136103.7, Avg: 136103.8, Max: 136103.9, Diff: 0.2]
      [Ext Root Scanning (ms): Min: 0.0, Avg: 0.1, Max: 0.1, Diff: 0.1, Sum: 0.5]
      [Update RS (ms): Min: 18.2, Avg: 18.4, Max: 18.7, Diff: 0.6, Sum: 147.6]
         [Processed Buffers: Min: 21, Avg: 21.8, Max: 23, Diff: 2, Sum: 174]
      [Scan RS (ms): Min: 10.1, Avg: 10.5, Max: 11.0, Diff: 0.9, Sum: 84.0]
      [Code Root Scanning (ms): Min: 0.0, Avg: 0.0, Max: 0.0, Diff: 0.0, Sum: 0.0]
      [Object Copy (ms): Min: 114.6, Avg: 115.2, Max: 115.3, Diff: 0.7, Sum: 921.5]
      [Termination (ms): Min: 0.0, Avg: 0.2, Max: 0.3, Diff: 0.3, Sum: 1.7]
         [Termination Attempts: Min: 1, Avg: 1405.0, Max: 1695, Diff: 1694, Sum: 11240]
      [GC Worker Other (ms): Min: 0.0, Avg: 0.0, Max: 0.1, Diff: 0.1, Sum: 0.3]
      [GC Worker Total (ms): Min: 144.4, Avg: 144.4, Max: 144.6, Diff: 0.2, Sum: 1155.6]
      [GC Worker End (ms): Min: 136248.2, Avg: 136248.3, Max: 136248.3, Diff: 0.1]
   [Code Root Fixup: 0.0 ms]
   [Code Root Purge: 0.0 ms]
   [Clear CT: 0.2 ms]
   [Other: 0.9 ms]
      [Choose CSet: 0.0 ms]
      [Ref Proc: 0.1 ms]
      [Ref Enq: 0.0 ms]
      [Redirty Cards: 0.3 ms]
      [Humongous Register: 0.0 ms]
      [Humongous Reclaim: 0.0 ms]
      [Free CSet: 0.2 ms]
   [Eden: 291.0M(291.0M)->0.0B(285.0M) Survivors: 4096.0K->37.0M Heap: 354.1M(2048.0M)->353.1M(2048.0M)]
 [Times: user=1.13 sys=0.02, real=0.14 secs] 
2020-09-29T11:31:22.966+0200: 136.399: [GC pause (G1 Evacuation Pause) (young), 0.1625847 secs]
   [Parallel Time: 161.0 ms, GC Workers: 8]
      [GC Worker Start (ms): Min: 136399.1, Avg: 136399.3, Max: 136399.3, Diff: 0.2]
      [Ext Root Scanning (ms): Min: 0.0, Avg: 0.1, Max: 0.2, Diff: 0.2, Sum: 0.7]
      [Update RS (ms): Min: 24.4, Avg: 24.7, Max: 25.2, Diff: 0.8, Sum: 197.5]
         [Processed Buffers: Min: 22, Avg: 24.3, Max: 28, Diff: 6, Sum: 194]
      [Scan RS (ms): Min: 13.6, Avg: 14.2, Max: 14.6, Diff: 0.9, Sum: 113.8]
      [Code Root Scanning (ms): Min: 0.0, Avg: 0.0, Max: 0.0, Diff: 0.0, Sum: 0.0]
      [Object Copy (ms): Min: 121.5, Avg: 121.7, Max: 121.7, Diff: 0.2, Sum: 973.2]
      [Termination (ms): Min: 0.0, Avg: 0.0, Max: 0.0, Diff: 0.0, Sum: 0.0]
         [Termination Attempts: Min: 1, Avg: 3.9, Max: 7, Diff: 6, Sum: 31]
      [GC Worker Other (ms): Min: 0.0, Avg: 0.0, Max: 0.1, Diff: 0.1, Sum: 0.4]
      [GC Worker Total (ms): Min: 160.6, Avg: 160.7, Max: 160.8, Diff: 0.2, Sum: 1285.7]
      [GC Worker End (ms): Min: 136559.9, Avg: 136560.0, Max: 136560.0, Diff: 0.1]
   [Code Root Fixup: 0.0 ms]
   [Code Root Purge: 0.0 ms]
   [Clear CT: 0.2 ms]
   [Other: 1.4 ms]
      [Choose CSet: 0.0 ms]
      [Ref Proc: 0.2 ms]
      [Ref Enq: 0.0 ms]
      [Redirty Cards: 0.6 ms]
      [Humongous Register: 0.1 ms]
      [Humongous Reclaim: 0.0 ms]
      [Free CSet: 0.3 ms]
   [Eden: 285.0M(285.0M)->0.0B(286.0M) Survivors: 37.0M->41.0M Heap: 685.8M(2048.0M)->687.8M(2048.0M)]
 [Times: user=1.27 sys=0.00, real=0.16 secs] 
2020-09-29T11:31:23.334+0200: 136.766: [GC pause (G1 Evacuation Pause) (young), 0.2983999 secs]
   [Parallel Time: 295.8 ms, GC Workers: 8]
      [GC Worker Start (ms): Min: 136766.1, Avg: 136766.2, Max: 136766.3, Diff: 0.3]
      [Ext Root Scanning (ms): Min: 0.0, Avg: 0.1, Max: 0.3, Diff: 0.3, Sum: 0.8]
      [Update RS (ms): Min: 30.7, Avg: 31.0, Max: 31.6, Diff: 0.9, Sum: 247.9]
         [Processed Buffers: Min: 17, Avg: 19.6, Max: 22, Diff: 5, Sum: 157]
      [Scan RS (ms): Min: 26.9, Avg: 27.6, Max: 27.9, Diff: 1.0, Sum: 220.7]
      [Code Root Scanning (ms): Min: 0.0, Avg: 0.0, Max: 0.0, Diff: 0.0, Sum: 0.0]
      [Object Copy (ms): Min: 236.6, Avg: 236.7, Max: 236.7, Diff: 0.2, Sum: 1893.2]
      [Termination (ms): Min: 0.0, Avg: 0.0, Max: 0.0, Diff: 0.0, Sum: 0.2]
         [Termination Attempts: Min: 1, Avg: 109.5, Max: 138, Diff: 137, Sum: 876]
      [GC Worker Other (ms): Min: 0.0, Avg: 0.1, Max: 0.1, Diff: 0.1, Sum: 0.5]
      [GC Worker Total (ms): Min: 295.3, Avg: 295.4, Max: 295.6, Diff: 0.4, Sum: 2363.3]
      [GC Worker End (ms): Min: 137061.6, Avg: 137061.6, Max: 137061.7, Diff: 0.1]
   [Code Root Fixup: 0.0 ms]
   [Code Root Purge: 0.0 ms]
   [Clear CT: 0.3 ms]
   [Other: 2.3 ms]
      [Choose CSet: 0.0 ms]
      [Ref Proc: 0.2 ms]
      [Ref Enq: 0.0 ms]
      [Redirty Cards: 1.3 ms]
      [Humongous Register: 0.1 ms]
      [Humongous Reclaim: 0.0 ms]
      [Free CSet: 0.4 ms]
   [Eden: 286.0M(286.0M)->0.0B(171.0M) Survivors: 41.0M->41.0M Heap: 1021.5M(2048.0M)->1023.0M(2048.0M)]
 [Times: user=2.36 sys=0.00, real=0.30 secs] 
2020-09-29T11:31:23.662+0200: 137.095: [GC pause (G1 Humongous Allocation) (young) (initial-mark), 0.0989294 secs]
   [Parallel Time: 97.2 ms, GC Workers: 8]
      [GC Worker Start (ms): Min: 137095.2, Avg: 137095.4, Max: 137095.6, Diff: 0.4]
      [Ext Root Scanning (ms): Min: 0.0, Avg: 2.4, Max: 17.2, Diff: 17.2, Sum: 19.4]
      [Update RS (ms): Min: 32.8, Avg: 47.6, Max: 50.2, Diff: 17.5, Sum: 380.7]
         [Processed Buffers: Min: 21, Avg: 30.1, Max: 33, Diff: 12, Sum: 241]
      [Scan RS (ms): Min: 4.2, Avg: 4.7, Max: 5.4, Diff: 1.2, Sum: 37.7]
      [Code Root Scanning (ms): Min: 0.0, Avg: 0.0, Max: 0.0, Diff: 0.0, Sum: 0.0]
      [Object Copy (ms): Min: 40.6, Avg: 41.8, Max: 42.1, Diff: 1.5, Sum: 334.7]
      [Termination (ms): Min: 0.0, Avg: 0.3, Max: 1.6, Diff: 1.6, Sum: 2.1]
         [Termination Attempts: Min: 1, Avg: 234.0, Max: 332, Diff: 331, Sum: 1872]
      [GC Worker Other (ms): Min: 0.0, Avg: 0.0, Max: 0.1, Diff: 0.0, Sum: 0.2]
      [GC Worker Total (ms): Min: 96.6, Avg: 96.9, Max: 97.1, Diff: 0.4, Sum: 774.8]
      [GC Worker End (ms): Min: 137192.2, Avg: 137192.2, Max: 137192.3, Diff: 0.0]
   [Code Root Fixup: 0.0 ms]
   [Code Root Purge: 0.0 ms]
   [Clear CT: 0.3 ms]
   [Other: 1.3 ms]
      [Choose CSet: 0.0 ms]
      [Ref Proc: 0.5 ms]
      [Ref Enq: 0.0 ms]
      [Redirty Cards: 0.3 ms]
      [Humongous Register: 0.1 ms]
      [Humongous Reclaim: 0.0 ms]
      [Free CSet: 0.1 ms]
   [Eden: 8192.0K(171.0M)->0.0B(165.0M) Survivors: 41.0M->10.0M Heap: 1031.0M(2048.0M)->1034.5M(2048.0M)]
 [Times: user=0.72 sys=0.00, real=0.10 secs] 
2020-09-29T11:31:23.762+0200: 137.194: [GC concurrent-root-region-scan-start]
2020-09-29T11:31:23.766+0200: 137.199: [GC concurrent-root-region-scan-end, 0.0045275 secs]
2020-09-29T11:31:23.766+0200: 137.199: [GC concurrent-mark-start]
2020-09-29T11:31:23.774+0200: 137.207: [GC concurrent-mark-end, 0.0082037 secs]
2020-09-29T11:31:23.775+0200: 137.208: [GC remark 2020-09-29T11:31:23.775+0200: 137.208: [Finalize Marking, 0.0005770 secs] 2020-09-29T11:31:23.776+0200: 137.208: [GC ref-proc, 0.0005722 secs] 2020-09-29T11:31:23.776+0200: 137.209: [Unloading, 0.0007884 secs], 0.0024624 secs]
 [Times: user=0.00 sys=0.00, real=0.00 secs] 
2020-09-29T11:31:23.778+0200: 137.211: [GC cleanup 1047M->32M(2048M), 0.0020927 secs]
 [Times: user=0.00 sys=0.00, real=0.00 secs] 
2020-09-29T11:31:23.780+0200: 137.213: [GC concurrent-cleanup-start]
2020-09-29T11:31:23.783+0200: 137.215: [GC concurrent-cleanup-end, 0.0021874 secs]
2020-09-29T11:31:23.921+0200: 137.354: [GC pause (G1 Evacuation Pause) (young), 0.1860324 secs]
   [Parallel Time: 184.2 ms, GC Workers: 8]
      [GC Worker Start (ms): Min: 137353.7, Avg: 137353.9, Max: 137354.0, Diff: 0.3]
      [Ext Root Scanning (ms): Min: 0.0, Avg: 0.1, Max: 0.3, Diff: 0.2, Sum: 0.7]
      [Update RS (ms): Min: 25.8, Avg: 26.1, Max: 26.8, Diff: 1.0, Sum: 208.8]
         [Processed Buffers: Min: 14, Avg: 16.4, Max: 19, Diff: 5, Sum: 131]
      [Scan RS (ms): Min: 8.6, Avg: 9.4, Max: 9.7, Diff: 1.0, Sum: 75.0]
      [Code Root Scanning (ms): Min: 0.0, Avg: 0.0, Max: 0.0, Diff: 0.0, Sum: 0.0]
      [Object Copy (ms): Min: 147.6, Avg: 147.7, Max: 148.1, Diff: 0.5, Sum: 1181.8]
      [Termination (ms): Min: 0.0, Avg: 0.4, Max: 0.5, Diff: 0.5, Sum: 3.2]
         [Termination Attempts: Min: 1, Avg: 1493.0, Max: 1768, Diff: 1767, Sum: 11944]
      [GC Worker Other (ms): Min: 0.0, Avg: 0.1, Max: 0.1, Diff: 0.1, Sum: 0.5]
      [GC Worker Total (ms): Min: 183.7, Avg: 183.8, Max: 183.9, Diff: 0.2, Sum: 1470.1]
      [GC Worker End (ms): Min: 137537.6, Avg: 137537.6, Max: 137537.7, Diff: 0.1]
   [Code Root Fixup: 0.0 ms]
   [Code Root Purge: 0.0 ms]
   [Clear CT: 0.3 ms]
   [Other: 1.6 ms]
      [Choose CSet: 0.0 ms]
      [Ref Proc: 0.4 ms]
      [Ref Enq: 0.0 ms]
      [Redirty Cards: 0.6 ms]
      [Humongous Register: 0.0 ms]
      [Humongous Reclaim: 0.0 ms]
      [Free CSet: 0.2 ms]
   [Eden: 165.0M(165.0M)->0.0B(140.0M) Survivors: 10.0M->22.0M Heap: 213.1M(2048.0M)->206.1M(2048.0M)]
 [Times: user=1.44 sys=0.00, real=0.19 secs] 
2020-09-29T11:31:24.236+0200: 137.668: [GC pause (G1 Evacuation Pause) (young), 0.1595508 secs]
   [Parallel Time: 157.5 ms, GC Workers: 8]
      [GC Worker Start (ms): Min: 137668.4, Avg: 137668.5, Max: 137668.7, Diff: 0.3]
      [Ext Root Scanning (ms): Min: 0.0, Avg: 0.1, Max: 0.3, Diff: 0.3, Sum: 0.8]
      [Update RS (ms): Min: 30.7, Avg: 31.2, Max: 31.9, Diff: 1.2, Sum: 249.7]
         [Processed Buffers: Min: 18, Avg: 18.6, Max: 21, Diff: 3, Sum: 149]
      [Scan RS (ms): Min: 6.1, Avg: 6.8, Max: 7.4, Diff: 1.3, Sum: 54.7]
      [Code Root Scanning (ms): Min: 0.0, Avg: 0.0, Max: 0.0, Diff: 0.0, Sum: 0.0]
      [Object Copy (ms): Min: 118.8, Avg: 118.9, Max: 118.9, Diff: 0.1, Sum: 951.0]
      [Termination (ms): Min: 0.0, Avg: 0.1, Max: 0.1, Diff: 0.1, Sum: 0.5]
         [Termination Attempts: Min: 1, Avg: 261.4, Max: 335, Diff: 334, Sum: 2091]
      [GC Worker Other (ms): Min: 0.0, Avg: 0.0, Max: 0.1, Diff: 0.1, Sum: 0.3]
      [GC Worker Total (ms): Min: 157.0, Avg: 157.1, Max: 157.3, Diff: 0.2, Sum: 1257.1]
      [GC Worker End (ms): Min: 137825.7, Avg: 137825.7, Max: 137825.7, Diff: 0.1]
   [Code Root Fixup: 0.0 ms]
   [Code Root Purge: 0.0 ms]
   [Clear CT: 0.3 ms]
   [Other: 1.7 ms]
      [Choose CSet: 0.0 ms]
      [Ref Proc: 0.4 ms]
      [Ref Enq: 0.0 ms]
      [Redirty Cards: 0.8 ms]
      [Humongous Register: 0.1 ms]
      [Humongous Reclaim: 0.0 ms]
      [Free CSet: 0.1 ms]
   [Eden: 140.0M(140.0M)->0.0B(144.0M) Survivors: 22.0M->21.0M Heap: 369.0M(2048.0M)->370.5M(2048.0M)]
 [Times: user=1.23 sys=0.02, real=0.16 secs] 
2020-09-29T11:31:24.528+0200: 137.961: [GC pause (G1 Evacuation Pause) (young), 0.1656787 secs]
   [Parallel Time: 164.1 ms, GC Workers: 8]
      [GC Worker Start (ms): Min: 137960.8, Avg: 137962.1, Max: 137970.0, Diff: 9.2]
      [Ext Root Scanning (ms): Min: 0.0, Avg: 0.1, Max: 0.3, Diff: 0.3, Sum: 0.9]
      [Update RS (ms): Min: 14.2, Avg: 20.8, Max: 22.2, Diff: 8.0, Sum: 166.4]
         [Processed Buffers: Min: 10, Avg: 13.8, Max: 16, Diff: 6, Sum: 110]
      [Scan RS (ms): Min: 10.4, Avg: 11.7, Max: 12.0, Diff: 1.6, Sum: 93.3]
      [Code Root Scanning (ms): Min: 0.0, Avg: 0.0, Max: 0.0, Diff: 0.0, Sum: 0.0]
      [Object Copy (ms): Min: 129.7, Avg: 129.8, Max: 130.0, Diff: 0.3, Sum: 1038.5]
      [Termination (ms): Min: 0.0, Avg: 0.2, Max: 0.2, Diff: 0.2, Sum: 1.3]
         [Termination Attempts: Min: 1, Avg: 546.4, Max: 699, Diff: 698, Sum: 4371]
      [GC Worker Other (ms): Min: 0.0, Avg: 0.0, Max: 0.1, Diff: 0.0, Sum: 0.3]
      [GC Worker Total (ms): Min: 154.7, Avg: 162.6, Max: 163.8, Diff: 9.2, Sum: 1300.6]
      [GC Worker End (ms): Min: 138124.6, Avg: 138124.6, Max: 138124.7, Diff: 0.0]
   [Code Root Fixup: 0.0 ms]
   [Code Root Purge: 0.0 ms]
   [Clear CT: 0.4 ms]
   [Other: 1.3 ms]
      [Choose CSet: 0.0 ms]
      [Ref Proc: 0.3 ms]
      [Ref Enq: 0.0 ms]
      [Redirty Cards: 0.4 ms]
      [Humongous Register: 0.1 ms]
      [Humongous Reclaim: 0.0 ms]
      [Free CSet: 0.2 ms]
   [Eden: 144.0M(144.0M)->0.0B(147.0M) Survivors: 21.0M->21.0M Heap: 539.3M(2048.0M)->541.8M(2048.0M)]
 [Times: user=1.36 sys=0.00, real=0.17 secs] 
2020-09-29T11:31:24.828+0200: 138.260: [GC pause (G1 Evacuation Pause) (young), 0.1576688 secs]
   [Parallel Time: 156.2 ms, GC Workers: 8]
      [GC Worker Start (ms): Min: 138260.5, Avg: 138260.6, Max: 138260.7, Diff: 0.2]
      [Ext Root Scanning (ms): Min: 0.0, Avg: 0.1, Max: 0.2, Diff: 0.2, Sum: 0.9]
      [Update RS (ms): Min: 24.3, Avg: 24.4, Max: 24.7, Diff: 0.5, Sum: 195.6]
         [Processed Buffers: Min: 14, Avg: 16.1, Max: 19, Diff: 5, Sum: 129]
      [Scan RS (ms): Min: 10.1, Avg: 12.1, Max: 24.4, Diff: 14.4, Sum: 96.8]
      [Code Root Scanning (ms): Min: 0.0, Avg: 0.0, Max: 0.0, Diff: 0.0, Sum: 0.0]
      [Object Copy (ms): Min: 106.9, Avg: 119.1, Max: 120.9, Diff: 14.1, Sum: 953.1]
      [Termination (ms): Min: 0.0, Avg: 0.0, Max: 0.0, Diff: 0.0, Sum: 0.1]
         [Termination Attempts: Min: 1, Avg: 50.0, Max: 74, Diff: 73, Sum: 400]
      [GC Worker Other (ms): Min: 0.0, Avg: 0.1, Max: 0.1, Diff: 0.1, Sum: 0.4]
      [GC Worker Total (ms): Min: 155.7, Avg: 155.9, Max: 156.0, Diff: 0.2, Sum: 1246.9]
      [GC Worker End (ms): Min: 138416.4, Avg: 138416.5, Max: 138416.5, Diff: 0.1]
   [Code Root Fixup: 0.0 ms]
   [Code Root Purge: 0.0 ms]
   [Clear CT: 0.5 ms]
   [Other: 1.0 ms]
      [Choose CSet: 0.0 ms]
      [Ref Proc: 0.2 ms]
      [Ref Enq: 0.0 ms]
      [Redirty Cards: 0.4 ms]
      [Humongous Register: 0.1 ms]
      [Humongous Reclaim: 0.0 ms]
      [Free CSet: 0.1 ms]
   [Eden: 147.0M(147.0M)->0.0B(154.0M) Survivors: 21.0M->21.0M Heap: 713.6M(2048.0M)->715.6M(2048.0M)]
 [Times: user=1.23 sys=0.00, real=0.16 secs] 
2020-09-29T11:31:25.135+0200: 138.567: [GC pause (G1 Evacuation Pause) (young), 0.1624558 secs]
   [Parallel Time: 160.8 ms, GC Workers: 8]
      [GC Worker Start (ms): Min: 138567.5, Avg: 138567.6, Max: 138567.8, Diff: 0.2]
      [Ext Root Scanning (ms): Min: 0.0, Avg: 0.1, Max: 0.2, Diff: 0.2, Sum: 0.8]
      [Update RS (ms): Min: 18.0, Avg: 18.4, Max: 19.1, Diff: 1.1, Sum: 146.9]
         [Processed Buffers: Min: 10, Avg: 11.9, Max: 14, Diff: 4, Sum: 95]
      [Scan RS (ms): Min: 12.8, Avg: 13.6, Max: 13.9, Diff: 1.1, Sum: 109.0]
      [Code Root Scanning (ms): Min: 0.0, Avg: 0.0, Max: 0.0, Diff: 0.0, Sum: 0.0]
      [Object Copy (ms): Min: 128.3, Avg: 128.3, Max: 128.4, Diff: 0.1, Sum: 1026.8]
      [Termination (ms): Min: 0.0, Avg: 0.0, Max: 0.1, Diff: 0.0, Sum: 0.3]
         [Termination Attempts: Min: 1, Avg: 98.9, Max: 137, Diff: 136, Sum: 791]
      [GC Worker Other (ms): Min: 0.0, Avg: 0.0, Max: 0.0, Diff: 0.0, Sum: 0.2]
      [GC Worker Total (ms): Min: 160.4, Avg: 160.5, Max: 160.6, Diff: 0.2, Sum: 1284.0]
      [GC Worker End (ms): Min: 138728.1, Avg: 138728.2, Max: 138728.2, Diff: 0.0]
   [Code Root Fixup: 0.0 ms]
   [Code Root Purge: 0.0 ms]
   [Clear CT: 0.4 ms]
   [Other: 1.2 ms]
      [Choose CSet: 0.0 ms]
      [Ref Proc: 0.3 ms]
      [Ref Enq: 0.0 ms]
      [Redirty Cards: 0.4 ms]
      [Humongous Register: 0.1 ms]
      [Humongous Reclaim: 0.0 ms]
      [Free CSet: 0.3 ms]
   [Eden: 154.0M(154.0M)->0.0B(159.0M) Survivors: 21.0M->22.0M Heap: 894.4M(2048.0M)->896.4M(2048.0M)]
 [Times: user=1.23 sys=0.00, real=0.16 secs] 
2020-09-29T11:31:25.451+0200: 138.884: [GC pause (G1 Evacuation Pause) (young), 0.1688167 secs]
   [Parallel Time: 167.2 ms, GC Workers: 8]
      [GC Worker Start (ms): Min: 138884.0, Avg: 138884.1, Max: 138884.3, Diff: 0.3]
      [Ext Root Scanning (ms): Min: 0.0, Avg: 0.1, Max: 0.2, Diff: 0.2, Sum: 0.9]
      [Update RS (ms): Min: 18.2, Avg: 18.5, Max: 19.0, Diff: 0.7, Sum: 148.1]
         [Processed Buffers: Min: 10, Avg: 12.0, Max: 14, Diff: 4, Sum: 96]
      [Scan RS (ms): Min: 14.1, Avg: 14.6, Max: 14.8, Diff: 0.7, Sum: 116.4]
      [Code Root Scanning (ms): Min: 0.0, Avg: 0.0, Max: 0.0, Diff: 0.0, Sum: 0.0]
      [Object Copy (ms): Min: 133.5, Avg: 133.6, Max: 133.6, Diff: 0.1, Sum: 1068.5]
      [Termination (ms): Min: 0.0, Avg: 0.0, Max: 0.0, Diff: 0.0, Sum: 0.3]
         [Termination Attempts: Min: 1, Avg: 105.9, Max: 145, Diff: 144, Sum: 847]
      [GC Worker Other (ms): Min: 0.0, Avg: 0.1, Max: 0.1, Diff: 0.1, Sum: 0.6]
      [GC Worker Total (ms): Min: 166.7, Avg: 166.9, Max: 167.0, Diff: 0.2, Sum: 1334.8]
      [GC Worker End (ms): Min: 139050.9, Avg: 139051.0, Max: 139051.0, Diff: 0.1]
   [Code Root Fixup: 0.0 ms]
   [Code Root Purge: 0.0 ms]
   [Clear CT: 0.3 ms]
   [Other: 1.4 ms]
      [Choose CSet: 0.0 ms]
      [Ref Proc: 0.3 ms]
      [Ref Enq: 0.0 ms]
      [Redirty Cards: 0.4 ms]
      [Humongous Register: 0.1 ms]
      [Humongous Reclaim: 0.0 ms]
      [Free CSet: 0.2 ms]
   [Eden: 159.0M(159.0M)->0.0B(162.0M) Survivors: 22.0M->23.0M Heap: 1082.1M(2048.0M)->1083.6M(2048.0M)]
 [Times: user=1.38 sys=0.00, real=0.17 secs] 
2020-09-29T11:31:25.638+0200: 139.070: [GC pause (G1 Humongous Allocation) (young) (initial-mark), 0.0656224 secs]
   [Parallel Time: 64.0 ms, GC Workers: 8]
      [GC Worker Start (ms): Min: 139070.8, Avg: 139070.9, Max: 139071.0, Diff: 0.3]
      [Ext Root Scanning (ms): Min: 0.0, Avg: 3.5, Max: 26.3, Diff: 26.2, Sum: 28.4]
      [Update RS (ms): Min: 7.4, Avg: 29.9, Max: 34.5, Diff: 27.2, Sum: 239.5]
         [Processed Buffers: Min: 5, Avg: 19.3, Max: 23, Diff: 18, Sum: 154]
      [Scan RS (ms): Min: 1.3, Avg: 2.6, Max: 3.6, Diff: 2.3, Sum: 20.4]
      [Code Root Scanning (ms): Min: 0.0, Avg: 0.0, Max: 0.0, Diff: 0.0, Sum: 0.0]
      [Object Copy (ms): Min: 27.4, Avg: 27.5, Max: 27.6, Diff: 0.1, Sum: 220.3]
      [Termination (ms): Min: 0.0, Avg: 0.0, Max: 0.1, Diff: 0.1, Sum: 0.4]
         [Termination Attempts: Min: 1, Avg: 149.6, Max: 185, Diff: 184, Sum: 1197]
      [GC Worker Other (ms): Min: 0.0, Avg: 0.0, Max: 0.1, Diff: 0.0, Sum: 0.3]
      [GC Worker Total (ms): Min: 63.5, Avg: 63.7, Max: 63.8, Diff: 0.3, Sum: 509.3]
      [GC Worker End (ms): Min: 139134.5, Avg: 139134.5, Max: 139134.6, Diff: 0.0]
   [Code Root Fixup: 0.0 ms]
   [Code Root Purge: 0.0 ms]
   [Clear CT: 0.4 ms]
   [Other: 1.2 ms]
      [Choose CSet: 0.0 ms]
      [Ref Proc: 0.4 ms]
      [Ref Enq: 0.0 ms]
      [Redirty Cards: 0.4 ms]
      [Humongous Register: 0.1 ms]
      [Humongous Reclaim: 0.0 ms]
      [Free CSet: 0.1 ms]
   [Eden: 7168.0K(162.0M)->0.0B(174.0M) Survivors: 23.0M->9216.0K Heap: 1090.6M(2048.0M)->1095.1M(2048.0M)]
 [Times: user=0.45 sys=0.00, real=0.07 secs] 
2020-09-29T11:31:25.704+0200: 139.136: [GC concurrent-root-region-scan-start]
2020-09-29T11:31:25.707+0200: 139.140: [GC concurrent-root-region-scan-end, 0.0032581 secs]
2020-09-29T11:31:25.707+0200: 139.140: [GC concurrent-mark-start]
2020-09-29T11:31:25.711+0200: 139.144: [GC concurrent-mark-end, 0.0044746 secs]
2020-09-29T11:31:25.712+0200: 139.144: [GC remark 2020-09-29T11:31:25.712+0200: 139.144: [Finalize Marking, 0.0006517 secs] 2020-09-29T11:31:25.712+0200: 139.145: [GC ref-proc, 0.0004955 secs] 2020-09-29T11:31:25.713+0200: 139.146: [Unloading, 0.0008397 secs], 0.0024590 secs]
 [Times: user=0.00 sys=0.00, real=0.00 secs] 
2020-09-29T11:31:25.715+0200: 139.147: [GC cleanup 1105M->29M(2048M), 0.0019320 secs]
 [Times: user=0.00 sys=0.00, real=0.00 secs] 
2020-09-29T11:31:25.717+0200: 139.149: [GC concurrent-cleanup-start]
2020-09-29T11:31:25.719+0200: 139.151: [GC concurrent-cleanup-end, 0.0020006 secs]
2020-09-29T11:31:25.867+0200: 139.300: [GC pause (G1 Evacuation Pause) (young), 0.1648278 secs]
   [Parallel Time: 162.7 ms, GC Workers: 8]
      [GC Worker Start (ms): Min: 139299.7, Avg: 139299.9, Max: 139300.0, Diff: 0.3]
      [Ext Root Scanning (ms): Min: 0.0, Avg: 0.1, Max: 0.3, Diff: 0.3, Sum: 0.8]
      [Update RS (ms): Min: 18.1, Avg: 18.2, Max: 18.4, Diff: 0.4, Sum: 145.5]
         [Processed Buffers: Min: 10, Avg: 12.5, Max: 17, Diff: 7, Sum: 100]
      [Scan RS (ms): Min: 13.6, Avg: 13.9, Max: 14.1, Diff: 0.5, Sum: 111.3]
      [Code Root Scanning (ms): Min: 0.0, Avg: 0.0, Max: 0.0, Diff: 0.0, Sum: 0.0]
      [Object Copy (ms): Min: 129.9, Avg: 130.1, Max: 130.2, Diff: 0.4, Sum: 1041.0]
      [Termination (ms): Min: 0.0, Avg: 0.0, Max: 0.0, Diff: 0.0, Sum: 0.2]
         [Termination Attempts: Min: 1, Avg: 72.8, Max: 101, Diff: 100, Sum: 582]
      [GC Worker Other (ms): Min: 0.0, Avg: 0.1, Max: 0.1, Diff: 0.1, Sum: 0.5]
      [GC Worker Total (ms): Min: 162.3, Avg: 162.4, Max: 162.6, Diff: 0.4, Sum: 1299.3]
      [GC Worker End (ms): Min: 139462.2, Avg: 139462.3, Max: 139462.3, Diff: 0.1]
   [Code Root Fixup: 0.0 ms]
   [Code Root Purge: 0.0 ms]
   [Clear CT: 0.4 ms]
   [Other: 1.8 ms]
      [Choose CSet: 0.0 ms]
      [Ref Proc: 0.6 ms]
      [Ref Enq: 0.0 ms]
      [Redirty Cards: 0.6 ms]
      [Humongous Register: 0.0 ms]
      [Humongous Reclaim: 0.0 ms]
      [Free CSet: 0.2 ms]
   [Eden: 174.0M(174.0M)->0.0B(166.0M) Survivors: 9216.0K->23.0M Heap: 223.5M(2048.0M)->217.0M(2048.0M)]
 [Times: user=1.23 sys=0.00, real=0.16 secs] 
2020-09-29T11:31:26.183+0200: 139.616: [GC pause (G1 Evacuation Pause) (young), 0.1696072 secs]
   [Parallel Time: 168.0 ms, GC Workers: 8]
      [GC Worker Start (ms): Min: 139616.2, Avg: 139616.3, Max: 139616.4, Diff: 0.2]
      [Ext Root Scanning (ms): Min: 0.0, Avg: 0.1, Max: 0.2, Diff: 0.2, Sum: 0.9]
      [Update RS (ms): Min: 17.7, Avg: 18.1, Max: 18.4, Diff: 0.8, Sum: 144.6]
         [Processed Buffers: Min: 10, Avg: 11.3, Max: 13, Diff: 3, Sum: 90]
      [Scan RS (ms): Min: 14.8, Avg: 15.2, Max: 15.6, Diff: 0.8, Sum: 122.0]
      [Code Root Scanning (ms): Min: 0.0, Avg: 0.0, Max: 0.0, Diff: 0.0, Sum: 0.0]
      [Object Copy (ms): Min: 134.0, Avg: 134.1, Max: 134.2, Diff: 0.2, Sum: 1072.9]
      [Termination (ms): Min: 0.0, Avg: 0.1, Max: 0.1, Diff: 0.1, Sum: 0.6]
         [Termination Attempts: Min: 1, Avg: 271.1, Max: 351, Diff: 350, Sum: 2169]
      [GC Worker Other (ms): Min: 0.0, Avg: 0.0, Max: 0.1, Diff: 0.1, Sum: 0.3]
      [GC Worker Total (ms): Min: 167.5, Avg: 167.6, Max: 167.8, Diff: 0.3, Sum: 1341.2]
      [GC Worker End (ms): Min: 139783.9, Avg: 139783.9, Max: 139784.0, Diff: 0.1]
   [Code Root Fixup: 0.0 ms]
   [Code Root Purge: 0.0 ms]
   [Clear CT: 0.3 ms]
   [Other: 1.3 ms]
      [Choose CSet: 0.0 ms]
      [Ref Proc: 0.4 ms]
      [Ref Enq: 0.0 ms]
      [Redirty Cards: 0.4 ms]
      [Humongous Register: 0.1 ms]
      [Humongous Reclaim: 0.0 ms]
      [Free CSet: 0.2 ms]
   [Eden: 166.0M(166.0M)->0.0B(166.0M) Survivors: 23.0M->24.0M Heap: 409.7M(2048.0M)->412.2M(2048.0M)]
 [Times: user=1.38 sys=0.00, real=0.17 secs] 
2020-09-29T11:31:26.502+0200: 139.935: [GC pause (G1 Evacuation Pause) (young), 0.1758101 secs]
   [Parallel Time: 174.2 ms, GC Workers: 8]
      [GC Worker Start (ms): Min: 139934.9, Avg: 139935.1, Max: 139935.2, Diff: 0.3]
      [Ext Root Scanning (ms): Min: 0.0, Avg: 0.1, Max: 0.3, Diff: 0.3, Sum: 0.8]
      [Update RS (ms): Min: 22.1, Avg: 22.2, Max: 22.6, Diff: 0.5, Sum: 177.5]
         [Processed Buffers: Min: 13, Avg: 14.4, Max: 16, Diff: 3, Sum: 115]
      [Scan RS (ms): Min: 13.8, Avg: 14.2, Max: 14.4, Diff: 0.6, Sum: 113.9]
      [Code Root Scanning (ms): Min: 0.0, Avg: 0.0, Max: 0.0, Diff: 0.0, Sum: 0.0]
      [Object Copy (ms): Min: 137.1, Avg: 137.2, Max: 137.3, Diff: 0.1, Sum: 1097.8]
      [Termination (ms): Min: 0.0, Avg: 0.0, Max: 0.0, Diff: 0.0, Sum: 0.2]
         [Termination Attempts: Min: 1, Avg: 102.5, Max: 128, Diff: 127, Sum: 820]
      [GC Worker Other (ms): Min: 0.0, Avg: 0.1, Max: 0.1, Diff: 0.1, Sum: 0.4]
      [GC Worker Total (ms): Min: 173.7, Avg: 173.8, Max: 174.0, Diff: 0.3, Sum: 1390.5]
      [GC Worker End (ms): Min: 140108.9, Avg: 140108.9, Max: 140109.0, Diff: 0.1]
   [Code Root Fixup: 0.0 ms]
   [Code Root Purge: 0.0 ms]
   [Clear CT: 0.3 ms]
   [Other: 1.3 ms]
      [Choose CSet: 0.0 ms]
      [Ref Proc: 0.3 ms]
      [Ref Enq: 0.0 ms]
      [Redirty Cards: 0.4 ms]
      [Humongous Register: 0.1 ms]
      [Humongous Reclaim: 0.0 ms]
      [Free CSet: 0.3 ms]
   [Eden: 166.0M(166.0M)->0.0B(167.0M) Survivors: 24.0M->24.0M Heap: 606.8M(2048.0M)->608.3M(2048.0M)]
 [Times: user=1.50 sys=0.00, real=0.18 secs] 
2020-09-29T11:31:26.839+0200: 140.272: [GC pause (G1 Evacuation Pause) (young), 0.1770749 secs]
   [Parallel Time: 175.5 ms, GC Workers: 8]
      [GC Worker Start (ms): Min: 140272.1, Avg: 140272.3, Max: 140272.4, Diff: 0.3]
      [Ext Root Scanning (ms): Min: 0.0, Avg: 0.1, Max: 0.3, Diff: 0.3, Sum: 0.8]
      [Update RS (ms): Min: 18.7, Avg: 19.0, Max: 19.5, Diff: 0.8, Sum: 152.2]
         [Processed Buffers: Min: 11, Avg: 11.8, Max: 13, Diff: 2, Sum: 94]
      [Scan RS (ms): Min: 14.8, Avg: 15.3, Max: 15.7, Diff: 0.9, Sum: 122.7]
      [Code Root Scanning (ms): Min: 0.0, Avg: 0.0, Max: 0.0, Diff: 0.0, Sum: 0.0]
      [Object Copy (ms): Min: 140.5, Avg: 140.5, Max: 140.6, Diff: 0.1, Sum: 1124.2]
      [Termination (ms): Min: 0.0, Avg: 0.0, Max: 0.0, Diff: 0.0, Sum: 0.3]
         [Termination Attempts: Min: 1, Avg: 111.5, Max: 140, Diff: 139, Sum: 892]
      [GC Worker Other (ms): Min: 0.0, Avg: 0.0, Max: 0.1, Diff: 0.1, Sum: 0.3]
      [GC Worker Total (ms): Min: 175.0, Avg: 175.1, Max: 175.2, Diff: 0.3, Sum: 1400.6]
      [GC Worker End (ms): Min: 140447.3, Avg: 140447.3, Max: 140447.4, Diff: 0.1]
   [Code Root Fixup: 0.0 ms]
   [Code Root Purge: 0.0 ms]
   [Clear CT: 0.3 ms]
   [Other: 1.3 ms]
      [Choose CSet: 0.0 ms]
      [Ref Proc: 0.3 ms]
      [Ref Enq: 0.0 ms]
      [Redirty Cards: 0.5 ms]
      [Humongous Register: 0.1 ms]
      [Humongous Reclaim: 0.0 ms]
      [Free CSet: 0.2 ms]
   [Eden: 167.0M(167.0M)->0.0B(168.0M) Survivors: 24.0M->24.0M Heap: 802.0M(2048.0M)->804.5M(2048.0M)]
 [Times: user=1.38 sys=0.00, real=0.18 secs] 
2020-09-29T11:31:27.179+0200: 140.611: [GC pause (G1 Evacuation Pause) (young), 0.1731420 secs]
   [Parallel Time: 171.6 ms, GC Workers: 8]
      [GC Worker Start (ms): Min: 140611.2, Avg: 140611.3, Max: 140611.5, Diff: 0.3]
      [Ext Root Scanning (ms): Min: 0.0, Avg: 0.1, Max: 0.2, Diff: 0.2, Sum: 1.0]
      [Update RS (ms): Min: 21.9, Avg: 22.2, Max: 22.7, Diff: 0.8, Sum: 177.9]
         [Processed Buffers: Min: 12, Avg: 14.0, Max: 17, Diff: 5, Sum: 112]
      [Scan RS (ms): Min: 13.4, Avg: 13.8, Max: 14.1, Diff: 0.7, Sum: 110.3]
      [Code Root Scanning (ms): Min: 0.0, Avg: 0.0, Max: 0.0, Diff: 0.0, Sum: 0.0]
      [Object Copy (ms): Min: 134.9, Avg: 135.0, Max: 135.1, Diff: 0.2, Sum: 1080.4]
      [Termination (ms): Min: 0.0, Avg: 0.0, Max: 0.0, Diff: 0.0, Sum: 0.1]
         [Termination Attempts: Min: 1, Avg: 56.3, Max: 76, Diff: 75, Sum: 450]
      [GC Worker Other (ms): Min: 0.0, Avg: 0.1, Max: 0.1, Diff: 0.1, Sum: 0.4]
      [GC Worker Total (ms): Min: 171.1, Avg: 171.3, Max: 171.4, Diff: 0.3, Sum: 1370.1]
      [GC Worker End (ms): Min: 140782.6, Avg: 140782.6, Max: 140782.6, Diff: 0.1]
   [Code Root Fixup: 0.0 ms]
   [Code Root Purge: 0.0 ms]
   [Clear CT: 0.4 ms]
   [Other: 1.2 ms]
      [Choose CSet: 0.0 ms]
      [Ref Proc: 0.3 ms]
      [Ref Enq: 0.0 ms]
      [Redirty Cards: 0.4 ms]
      [Humongous Register: 0.1 ms]
      [Humongous Reclaim: 0.0 ms]
      [Free CSet: 0.2 ms]
   [Eden: 168.0M(168.0M)->0.0B(171.0M) Survivors: 24.0M->24.0M Heap: 1001.1M(2048.0M)->1002.6M(2048.0M)]
 [Times: user=1.38 sys=0.00, real=0.17 secs] 
2020-09-29T11:31:27.366+0200: 140.798: [GC pause (G1 Humongous Allocation) (young) (initial-mark), 0.0623693 secs]
   [Parallel Time: 60.9 ms, GC Workers: 8]
      [GC Worker Start (ms): Min: 140798.6, Avg: 140798.7, Max: 140798.8, Diff: 0.2]
      [Ext Root Scanning (ms): Min: 0.1, Avg: 0.1, Max: 0.3, Diff: 0.2, Sum: 1.1]
      [Update RS (ms): Min: 33.2, Avg: 33.7, Max: 34.6, Diff: 1.4, Sum: 269.8]
         [Processed Buffers: Min: 17, Avg: 21.3, Max: 23, Diff: 6, Sum: 170]
      [Scan RS (ms): Min: 1.7, Avg: 2.6, Max: 3.1, Diff: 1.4, Sum: 21.2]
      [Code Root Scanning (ms): Min: 0.0, Avg: 0.0, Max: 0.0, Diff: 0.0, Sum: 0.0]
      [Object Copy (ms): Min: 23.9, Avg: 24.0, Max: 24.1, Diff: 0.2, Sum: 192.2]
      [Termination (ms): Min: 0.0, Avg: 0.0, Max: 0.0, Diff: 0.0, Sum: 0.3]
         [Termination Attempts: Min: 1, Avg: 117.4, Max: 148, Diff: 147, Sum: 939]
      [GC Worker Other (ms): Min: 0.0, Avg: 0.0, Max: 0.0, Diff: 0.0, Sum: 0.2]
      [GC Worker Total (ms): Min: 60.5, Avg: 60.6, Max: 60.7, Diff: 0.2, Sum: 484.7]
      [GC Worker End (ms): Min: 140859.3, Avg: 140859.3, Max: 140859.3, Diff: 0.0]
   [Code Root Fixup: 0.0 ms]
   [Code Root Purge: 0.0 ms]
   [Clear CT: 0.3 ms]
   [Other: 1.1 ms]
      [Choose CSet: 0.0 ms]
      [Ref Proc: 0.4 ms]
      [Ref Enq: 0.0 ms]
      [Redirty Cards: 0.3 ms]
      [Humongous Register: 0.0 ms]
      [Humongous Reclaim: 0.0 ms]
      [Free CSet: 0.1 ms]
   [Eden: 6144.0K(171.0M)->0.0B(189.0M) Survivors: 24.0M->8192.0K Heap: 1008.6M(2048.0M)->1012.6M(2048.0M)]
 [Times: user=0.50 sys=0.00, real=0.06 secs] 
2020-09-29T11:31:27.429+0200: 140.861: [GC concurrent-root-region-scan-start]
2020-09-29T11:31:27.432+0200: 140.865: [GC concurrent-root-region-scan-end, 0.0038262 secs]
2020-09-29T11:31:27.432+0200: 140.865: [GC concurrent-mark-start]
2020-09-29T11:31:27.438+0200: 140.871: [GC concurrent-mark-end, 0.0059003 secs]
2020-09-29T11:31:27.439+0200: 140.871: [GC remark 2020-09-29T11:31:27.439+0200: 140.871: [Finalize Marking, 0.0003649 secs] 2020-09-29T11:31:27.439+0200: 140.872: [GC ref-proc, 0.0006265 secs] 2020-09-29T11:31:27.440+0200: 140.872: [Unloading, 0.0006405 secs], 0.0022631 secs]
 [Times: user=0.00 sys=0.00, real=0.00 secs] 
2020-09-29T11:31:27.442+0200: 140.874: [GC cleanup 1025M->30M(2048M), 0.0022505 secs]
 [Times: user=0.09 sys=0.00, real=0.00 secs] 
2020-09-29T11:31:27.444+0200: 140.876: [GC concurrent-cleanup-start]
2020-09-29T11:31:27.447+0200: 140.879: [GC concurrent-cleanup-end, 0.0029783 secs]
2020-09-29T11:31:27.611+0200: 141.043: [GC pause (G1 Evacuation Pause) (young), 0.1707749 secs]
   [Parallel Time: 167.1 ms, GC Workers: 8]
      [GC Worker Start (ms): Min: 141043.2, Avg: 141043.4, Max: 141043.5, Diff: 0.3]
      [Ext Root Scanning (ms): Min: 0.0, Avg: 0.1, Max: 0.3, Diff: 0.3, Sum: 0.9]
      [Update RS (ms): Min: 15.1, Avg: 15.6, Max: 16.0, Diff: 0.9, Sum: 124.5]
         [Processed Buffers: Min: 9, Avg: 10.5, Max: 12, Diff: 3, Sum: 84]
      [Scan RS (ms): Min: 15.5, Avg: 16.0, Max: 16.5, Diff: 1.0, Sum: 128.4]
      [Code Root Scanning (ms): Min: 0.0, Avg: 0.0, Max: 0.0, Diff: 0.0, Sum: 0.0]
      [Object Copy (ms): Min: 134.9, Avg: 135.0, Max: 135.0, Diff: 0.2, Sum: 1079.7]
      [Termination (ms): Min: 0.0, Avg: 0.0, Max: 0.1, Diff: 0.1, Sum: 0.4]
         [Termination Attempts: Min: 1, Avg: 161.3, Max: 207, Diff: 206, Sum: 1290]
      [GC Worker Other (ms): Min: 0.0, Avg: 0.1, Max: 0.1, Diff: 0.1, Sum: 0.5]
      [GC Worker Total (ms): Min: 166.6, Avg: 166.8, Max: 167.0, Diff: 0.4, Sum: 1334.3]
      [GC Worker End (ms): Min: 141210.1, Avg: 141210.2, Max: 141210.2, Diff: 0.1]
   [Code Root Fixup: 0.0 ms]
   [Code Root Purge: 0.0 ms]
   [Clear CT: 1.3 ms]
   [Other: 2.4 ms]
      [Choose CSet: 0.0 ms]
      [Ref Proc: 0.3 ms]
      [Ref Enq: 0.0 ms]
      [Redirty Cards: 1.4 ms]
      [Humongous Register: 0.0 ms]
      [Humongous Reclaim: 0.0 ms]
      [Free CSet: 0.3 ms]
   [Eden: 189.0M(189.0M)->0.0B(175.0M) Survivors: 8192.0K->25.0M Heap: 239.4M(2048.0M)->233.4M(2048.0M)]
 [Times: user=1.38 sys=0.00, real=0.17 secs] 
2020-09-29T11:31:27.954+0200: 141.386: [GC pause (G1 Evacuation Pause) (young), 0.2008322 secs]
   [Parallel Time: 199.2 ms, GC Workers: 8]
      [GC Worker Start (ms): Min: 141386.4, Avg: 141386.5, Max: 141386.6, Diff: 0.2]
      [Ext Root Scanning (ms): Min: 0.0, Avg: 0.1, Max: 0.2, Diff: 0.2, Sum: 1.0]
      [Update RS (ms): Min: 25.5, Avg: 25.9, Max: 26.6, Diff: 1.1, Sum: 207.3]
         [Processed Buffers: Min: 7, Avg: 14.0, Max: 16, Diff: 9, Sum: 112]
      [Scan RS (ms): Min: 14.8, Avg: 15.4, Max: 15.8, Diff: 1.0, Sum: 122.9]
      [Code Root Scanning (ms): Min: 0.0, Avg: 0.0, Max: 0.0, Diff: 0.0, Sum: 0.0]
      [Object Copy (ms): Min: 157.4, Avg: 157.5, Max: 157.5, Diff: 0.2, Sum: 1259.6]
      [Termination (ms): Min: 0.0, Avg: 0.0, Max: 0.0, Diff: 0.0, Sum: 0.1]
         [Termination Attempts: Min: 1, Avg: 56.8, Max: 87, Diff: 86, Sum: 454]
      [GC Worker Other (ms): Min: 0.0, Avg: 0.0, Max: 0.1, Diff: 0.1, Sum: 0.4]
      [GC Worker Total (ms): Min: 198.9, Avg: 198.9, Max: 199.0, Diff: 0.1, Sum: 1591.4]
      [GC Worker End (ms): Min: 141585.4, Avg: 141585.4, Max: 141585.5, Diff: 0.1]
   [Code Root Fixup: 0.0 ms]
   [Code Root Purge: 0.0 ms]
   [Clear CT: 0.3 ms]
   [Other: 1.3 ms]
      [Choose CSet: 0.0 ms]
      [Ref Proc: 0.3 ms]
      [Ref Enq: 0.0 ms]
      [Redirty Cards: 0.4 ms]
      [Humongous Register: 0.1 ms]
      [Humongous Reclaim: 0.0 ms]
      [Free CSet: 0.3 ms]
   [Eden: 175.0M(175.0M)->0.0B(163.0M) Survivors: 25.0M->25.0M Heap: 437.0M(2048.0M)->438.0M(2048.0M)]
 [Times: user=1.56 sys=0.00, real=0.20 secs] 
2020-09-29T11:31:28.392+0200: 141.824: [GC pause (G1 Evacuation Pause) (young), 0.2770354 secs]
   [Parallel Time: 274.1 ms, GC Workers: 8]
      [GC Worker Start (ms): Min: 141824.6, Avg: 141824.8, Max: 141825.0, Diff: 0.4]
      [Ext Root Scanning (ms): Min: 0.0, Avg: 0.2, Max: 0.4, Diff: 0.4, Sum: 1.4]
      [Update RS (ms): Min: 24.2, Avg: 24.4, Max: 24.6, Diff: 0.3, Sum: 195.0]
         [Processed Buffers: Min: 10, Avg: 11.0, Max: 12, Diff: 2, Sum: 88]
      [Scan RS (ms): Min: 26.0, Avg: 26.2, Max: 26.4, Diff: 0.5, Sum: 209.6]
      [Code Root Scanning (ms): Min: 0.0, Avg: 0.0, Max: 0.0, Diff: 0.0, Sum: 0.1]
      [Object Copy (ms): Min: 222.4, Avg: 222.6, Max: 222.7, Diff: 0.3, Sum: 1780.4]
      [Termination (ms): Min: 0.0, Avg: 0.1, Max: 0.2, Diff: 0.2, Sum: 1.0]
         [Termination Attempts: Min: 1, Avg: 268.1, Max: 331, Diff: 330, Sum: 2145]
      [GC Worker Other (ms): Min: 0.0, Avg: 0.1, Max: 0.1, Diff: 0.1, Sum: 0.6]
      [GC Worker Total (ms): Min: 273.3, Avg: 273.5, Max: 273.7, Diff: 0.4, Sum: 2188.2]
      [GC Worker End (ms): Min: 142098.3, Avg: 142098.3, Max: 142098.4, Diff: 0.1]
   [Code Root Fixup: 0.0 ms]
   [Code Root Purge: 0.0 ms]
   [Clear CT: 0.5 ms]
   [Other: 2.3 ms]
      [Choose CSet: 0.0 ms]
      [Ref Proc: 0.5 ms]
      [Ref Enq: 0.0 ms]
      [Redirty Cards: 0.9 ms]
      [Humongous Register: 0.1 ms]
      [Humongous Reclaim: 0.0 ms]
      [Free CSet: 0.4 ms]
   [Eden: 163.0M(163.0M)->0.0B(110.0M) Survivors: 25.0M->24.0M Heap: 629.6M(2048.0M)->631.6M(2048.0M)]
 [Times: user=2.23 sys=0.00, real=0.28 secs] 
2020-09-29T11:31:28.857+0200: 142.289: [GC pause (G1 Evacuation Pause) (young), 0.2022755 secs]
   [Parallel Time: 199.6 ms, GC Workers: 8]
      [GC Worker Start (ms): Min: 142289.2, Avg: 142289.5, Max: 142289.6, Diff: 0.4]
      [Ext Root Scanning (ms): Min: 0.0, Avg: 0.2, Max: 0.4, Diff: 0.4, Sum: 1.6]
      [Update RS (ms): Min: 23.0, Avg: 23.7, Max: 24.8, Diff: 1.8, Sum: 189.9]
         [Processed Buffers: Min: 8, Avg: 9.4, Max: 11, Diff: 3, Sum: 75]
      [Scan RS (ms): Min: 15.3, Avg: 16.4, Max: 17.2, Diff: 1.9, Sum: 130.9]
      [Code Root Scanning (ms): Min: 0.0, Avg: 0.0, Max: 0.0, Diff: 0.0, Sum: 0.0]
      [Object Copy (ms): Min: 158.3, Avg: 158.4, Max: 158.6, Diff: 0.3, Sum: 1267.3]
      [Termination (ms): Min: 0.0, Avg: 0.1, Max: 0.1, Diff: 0.1, Sum: 0.7]
         [Termination Attempts: Min: 1, Avg: 169.3, Max: 225, Diff: 224, Sum: 1354]
      [GC Worker Other (ms): Min: 0.0, Avg: 0.1, Max: 0.1, Diff: 0.1, Sum: 0.5]
      [GC Worker Total (ms): Min: 198.7, Avg: 198.9, Max: 199.2, Diff: 0.5, Sum: 1591.0]
      [GC Worker End (ms): Min: 142488.3, Avg: 142488.3, Max: 142488.4, Diff: 0.1]
   [Code Root Fixup: 0.0 ms]
   [Code Root Purge: 0.0 ms]
   [Clear CT: 0.8 ms]
   [Other: 1.9 ms]
      [Choose CSet: 0.0 ms]
      [Ref Proc: 0.5 ms]
      [Ref Enq: 0.0 ms]
      [Redirty Cards: 0.7 ms]
      [Humongous Register: 0.1 ms]
      [Humongous Reclaim: 0.0 ms]
      [Free CSet: 0.2 ms]
   [Eden: 110.0M(110.0M)->0.0B(102.0M) Survivors: 24.0M->17.0M Heap: 758.8M(2048.0M)->760.3M(2048.0M)]
 [Times: user=1.63 sys=0.00, real=0.20 secs] 
2020-09-29T11:31:29.230+0200: 142.663: [GC pause (G1 Evacuation Pause) (young), 0.1823205 secs]
   [Parallel Time: 180.1 ms, GC Workers: 8]
      [GC Worker Start (ms): Min: 142662.8, Avg: 142663.1, Max: 142663.6, Diff: 0.8]
      [Ext Root Scanning (ms): Min: 0.0, Avg: 0.2, Max: 0.4, Diff: 0.4, Sum: 1.7]
      [Update RS (ms): Min: 19.2, Avg: 19.9, Max: 21.0, Diff: 1.8, Sum: 159.0]
         [Processed Buffers: Min: 7, Avg: 8.1, Max: 11, Diff: 4, Sum: 65]
      [Scan RS (ms): Min: 14.5, Avg: 15.6, Max: 16.4, Diff: 1.8, Sum: 124.5]
      [Code Root Scanning (ms): Min: 0.0, Avg: 0.0, Max: 0.0, Diff: 0.0, Sum: 0.0]
      [Object Copy (ms): Min: 143.5, Avg: 143.6, Max: 143.8, Diff: 0.3, Sum: 1149.1]
      [Termination (ms): Min: 0.0, Avg: 0.0, Max: 0.1, Diff: 0.1, Sum: 0.3]
         [Termination Attempts: Min: 1, Avg: 76.1, Max: 111, Diff: 110, Sum: 609]
      [GC Worker Other (ms): Min: 0.0, Avg: 0.1, Max: 0.1, Diff: 0.1, Sum: 0.4]
      [GC Worker Total (ms): Min: 178.9, Avg: 179.4, Max: 179.7, Diff: 0.8, Sum: 1435.1]
      [GC Worker End (ms): Min: 142842.4, Avg: 142842.5, Max: 142842.5, Diff: 0.1]
   [Code Root Fixup: 0.0 ms]
   [Code Root Purge: 0.0 ms]
   [Clear CT: 0.6 ms]
   [Other: 1.6 ms]
      [Choose CSet: 0.0 ms]
      [Ref Proc: 0.3 ms]
      [Ref Enq: 0.0 ms]
      [Redirty Cards: 0.6 ms]
      [Humongous Register: 0.1 ms]
      [Humongous Reclaim: 0.0 ms]
      [Free CSet: 0.3 ms]
   [Eden: 102.0M(102.0M)->0.0B(99.0M) Survivors: 17.0M->15.0M Heap: 879.5M(2048.0M)->881.5M(2048.0M)]
 [Times: user=1.42 sys=0.01, real=0.18 secs] 
2020-09-29T11:31:29.562+0200: 142.994: [GC pause (G1 Evacuation Pause) (young), 0.1825641 secs]
   [Parallel Time: 179.7 ms, GC Workers: 8]
      [GC Worker Start (ms): Min: 142994.2, Avg: 142994.4, Max: 142994.6, Diff: 0.4]
      [Ext Root Scanning (ms): Min: 0.0, Avg: 0.2, Max: 0.4, Diff: 0.4, Sum: 1.4]
      [Update RS (ms): Min: 23.5, Avg: 23.8, Max: 24.3, Diff: 0.9, Sum: 190.4]
         [Processed Buffers: Min: 8, Avg: 9.8, Max: 14, Diff: 6, Sum: 78]
      [Scan RS (ms): Min: 12.8, Avg: 13.3, Max: 13.6, Diff: 0.8, Sum: 106.2]
      [Code Root Scanning (ms): Min: 0.0, Avg: 0.0, Max: 0.0, Diff: 0.0, Sum: 0.0]
      [Object Copy (ms): Min: 141.5, Avg: 141.7, Max: 141.8, Diff: 0.3, Sum: 1133.2]
      [Termination (ms): Min: 0.0, Avg: 0.2, Max: 0.2, Diff: 0.2, Sum: 1.4]
         [Termination Attempts: Min: 1, Avg: 334.0, Max: 435, Diff: 434, Sum: 2672]
      [GC Worker Other (ms): Min: 0.0, Avg: 0.1, Max: 0.1, Diff: 0.1, Sum: 0.4]
      [GC Worker Total (ms): Min: 179.0, Avg: 179.1, Max: 179.3, Diff: 0.4, Sum: 1433.0]
      [GC Worker End (ms): Min: 143173.5, Avg: 143173.5, Max: 143173.6, Diff: 0.1]
   [Code Root Fixup: 0.0 ms]
   [Code Root Purge: 0.0 ms]
   [Clear CT: 0.6 ms]
   [Other: 2.2 ms]
      [Choose CSet: 0.0 ms]
      [Ref Proc: 0.6 ms]
      [Ref Enq: 0.0 ms]
      [Redirty Cards: 0.9 ms]
      [Humongous Register: 0.1 ms]
      [Humongous Reclaim: 0.0 ms]
      [Free CSet: 0.3 ms]
   [Eden: 99.0M(99.0M)->0.0B(96.0M) Survivors: 15.0M->15.0M Heap: 997.6M(2048.0M)->999.6M(2048.0M)]
 [Times: user=1.48 sys=0.00, real=0.18 secs] 
2020-09-29T11:31:29.763+0200: 143.195: [GC pause (G1 Humongous Allocation) (young) (initial-mark), 0.0743608 secs]
   [Parallel Time: 70.1 ms, GC Workers: 8]
      [GC Worker Start (ms): Min: 143195.3, Avg: 143195.4, Max: 143195.6, Diff: 0.3]
      [Ext Root Scanning (ms): Min: 0.1, Avg: 0.2, Max: 0.4, Diff: 0.3, Sum: 1.7]
      [Update RS (ms): Min: 30.3, Avg: 31.6, Max: 32.6, Diff: 2.3, Sum: 253.2]
         [Processed Buffers: Min: 12, Avg: 13.1, Max: 14, Diff: 2, Sum: 105]
      [Scan RS (ms): Min: 1.6, Avg: 2.7, Max: 3.9, Diff: 2.3, Sum: 21.7]
      [Code Root Scanning (ms): Min: 0.0, Avg: 0.0, Max: 0.0, Diff: 0.0, Sum: 0.0]
      [Object Copy (ms): Min: 34.7, Avg: 34.8, Max: 35.0, Diff: 0.3, Sum: 278.8]
      [Termination (ms): Min: 0.0, Avg: 0.0, Max: 0.1, Diff: 0.1, Sum: 0.3]
         [Termination Attempts: Min: 1, Avg: 78.3, Max: 111, Diff: 110, Sum: 626]
      [GC Worker Other (ms): Min: 0.0, Avg: 0.0, Max: 0.1, Diff: 0.1, Sum: 0.3]
      [GC Worker Total (ms): Min: 69.4, Avg: 69.5, Max: 69.7, Diff: 0.3, Sum: 556.0]
      [GC Worker End (ms): Min: 143264.9, Avg: 143265.0, Max: 143265.0, Diff: 0.1]
   [Code Root Fixup: 0.0 ms]
   [Code Root Purge: 0.0 ms]
   [Clear CT: 1.6 ms]
   [Other: 2.7 ms]
      [Choose CSet: 0.0 ms]
      [Ref Proc: 1.4 ms]
      [Ref Enq: 0.0 ms]
      [Redirty Cards: 0.6 ms]
      [Humongous Register: 0.1 ms]
      [Humongous Reclaim: 0.0 ms]
      [Free CSet: 0.1 ms]
   [Eden: 9216.0K(96.0M)->0.0B(98.0M) Survivors: 15.0M->11.0M Heap: 1008.6M(2048.0M)->1012.1M(2048.0M)]
 [Times: user=0.63 sys=0.00, real=0.07 secs] 
2020-09-29T11:31:29.837+0200: 143.270: [GC concurrent-root-region-scan-start]
2020-09-29T11:31:29.847+0200: 143.279: [GC concurrent-root-region-scan-end, 0.0093796 secs]
2020-09-29T11:31:29.847+0200: 143.279: [GC concurrent-mark-start]
2020-09-29T11:31:29.855+0200: 143.287: [GC concurrent-mark-end, 0.0079089 secs]
2020-09-29T11:31:29.855+0200: 143.287: [GC remark 2020-09-29T11:31:29.855+0200: 143.287: [Finalize Marking, 0.0004651 secs] 2020-09-29T11:31:29.856+0200: 143.288: [GC ref-proc, 0.0008619 secs] 2020-09-29T11:31:29.856+0200: 143.289: [Unloading, 0.0014656 secs], 0.0035957 secs]
 [Times: user=0.00 sys=0.00, real=0.00 secs] 
2020-09-29T11:31:29.860+0200: 143.292: [GC cleanup 1025M->33M(2048M), 0.0033250 secs]
 [Times: user=0.00 sys=0.00, real=0.00 secs] 
2020-09-29T11:31:29.863+0200: 143.296: [GC concurrent-cleanup-start]
2020-09-29T11:31:29.867+0200: 143.299: [GC concurrent-cleanup-end, 0.0037150 secs]
2020-09-29T11:31:29.995+0200: 143.427: [GC pause (G1 Evacuation Pause) (young), 0.1532571 secs]
   [Parallel Time: 150.7 ms, GC Workers: 8]
      [GC Worker Start (ms): Min: 143427.7, Avg: 143427.9, Max: 143428.1, Diff: 0.4]
      [Ext Root Scanning (ms): Min: 0.0, Avg: 0.2, Max: 0.4, Diff: 0.4, Sum: 1.6]
      [Update RS (ms): Min: 19.0, Avg: 19.9, Max: 21.7, Diff: 2.7, Sum: 158.8]
         [Processed Buffers: Min: 6, Avg: 7.9, Max: 10, Diff: 4, Sum: 63]
      [Scan RS (ms): Min: 9.5, Avg: 11.3, Max: 12.1, Diff: 2.6, Sum: 90.0]
      [Code Root Scanning (ms): Min: 0.0, Avg: 0.0, Max: 0.0, Diff: 0.0, Sum: 0.0]
      [Object Copy (ms): Min: 118.8, Avg: 118.9, Max: 119.1, Diff: 0.2, Sum: 951.6]
      [Termination (ms): Min: 0.0, Avg: 0.0, Max: 0.1, Diff: 0.1, Sum: 0.4]
         [Termination Attempts: Min: 1, Avg: 101.4, Max: 130, Diff: 129, Sum: 811]
      [GC Worker Other (ms): Min: 0.0, Avg: 0.0, Max: 0.1, Diff: 0.0, Sum: 0.3]
      [GC Worker Total (ms): Min: 150.2, Avg: 150.3, Max: 150.6, Diff: 0.4, Sum: 1202.7]
      [GC Worker End (ms): Min: 143578.3, Avg: 143578.3, Max: 143578.3, Diff: 0.0]
   [Code Root Fixup: 0.0 ms]
   [Code Root Purge: 0.0 ms]
   [Clear CT: 0.5 ms]
   [Other: 2.0 ms]
      [Choose CSet: 0.0 ms]
      [Ref Proc: 0.5 ms]
      [Ref Enq: 0.0 ms]
      [Redirty Cards: 0.7 ms]
      [Humongous Register: 0.1 ms]
      [Humongous Reclaim: 0.0 ms]
      [Free CSet: 0.2 ms]
   [Eden: 98.0M(98.0M)->0.0B(100.0M) Survivors: 11.0M->14.0M Heap: 136.2M(2048.0M)->126.7M(2048.0M)]
 [Times: user=1.25 sys=0.00, real=0.15 secs] 
2020-09-29T11:31:30.304+0200: 143.736: [GC pause (G1 Evacuation Pause) (young), 0.1710214 secs]
   [Parallel Time: 167.4 ms, GC Workers: 8]
      [GC Worker Start (ms): Min: 143736.3, Avg: 143736.5, Max: 143736.7, Diff: 0.4]
      [Ext Root Scanning (ms): Min: 0.0, Avg: 0.2, Max: 0.4, Diff: 0.4, Sum: 1.5]
      [Update RS (ms): Min: 19.7, Avg: 20.3, Max: 21.1, Diff: 1.4, Sum: 162.2]
         [Processed Buffers: Min: 7, Avg: 8.5, Max: 11, Diff: 4, Sum: 68]
      [Scan RS (ms): Min: 13.8, Avg: 14.5, Max: 15.0, Diff: 1.2, Sum: 116.2]
      [Code Root Scanning (ms): Min: 0.0, Avg: 0.0, Max: 0.0, Diff: 0.0, Sum: 0.0]
      [Object Copy (ms): Min: 131.7, Avg: 131.8, Max: 131.9, Diff: 0.2, Sum: 1054.5]
      [Termination (ms): Min: 0.0, Avg: 0.0, Max: 0.0, Diff: 0.0, Sum: 0.1]
         [Termination Attempts: Min: 1, Avg: 20.1, Max: 32, Diff: 31, Sum: 161]
      [GC Worker Other (ms): Min: 0.0, Avg: 0.1, Max: 0.1, Diff: 0.1, Sum: 0.4]
      [GC Worker Total (ms): Min: 166.7, Avg: 166.9, Max: 167.1, Diff: 0.4, Sum: 1334.9]
      [GC Worker End (ms): Min: 143903.3, Avg: 143903.4, Max: 143903.4, Diff: 0.1]
   [Code Root Fixup: 0.0 ms]
   [Code Root Purge: 0.0 ms]
   [Clear CT: 1.1 ms]
   [Other: 2.4 ms]
      [Choose CSet: 0.0 ms]
      [Ref Proc: 0.6 ms]
      [Ref Enq: 0.0 ms]
      [Redirty Cards: 1.2 ms]
      [Humongous Register: 0.1 ms]
      [Humongous Reclaim: 0.0 ms]
      [Free CSet: 0.2 ms]
   [Eden: 100.0M(100.0M)->0.0B(100.0M) Survivors: 14.0M->15.0M Heap: 243.8M(2048.0M)->245.8M(2048.0M)]
 [Times: user=1.23 sys=0.00, real=0.17 secs] 
2020-09-29T11:31:30.638+0200: 144.071: [GC pause (G1 Evacuation Pause) (young), 0.1966332 secs]
   [Parallel Time: 193.2 ms, GC Workers: 8]
      [GC Worker Start (ms): Min: 144071.2, Avg: 144071.4, Max: 144071.7, Diff: 0.4]
      [Ext Root Scanning (ms): Min: 0.0, Avg: 0.2, Max: 0.4, Diff: 0.4, Sum: 1.4]
      [Update RS (ms): Min: 16.8, Avg: 17.3, Max: 18.1, Diff: 1.3, Sum: 138.1]
         [Processed Buffers: Min: 6, Avg: 7.9, Max: 10, Diff: 4, Sum: 63]
      [Scan RS (ms): Min: 15.4, Avg: 16.6, Max: 17.3, Diff: 1.9, Sum: 132.5]
      [Code Root Scanning (ms): Min: 0.0, Avg: 0.0, Max: 0.0, Diff: 0.0, Sum: 0.0]
      [Object Copy (ms): Min: 156.6, Avg: 157.9, Max: 158.7, Diff: 2.2, Sum: 1263.2]
      [Termination (ms): Min: 0.2, Avg: 0.6, Max: 2.1, Diff: 1.9, Sum: 5.2]
         [Termination Attempts: Min: 1, Avg: 656.0, Max: 818, Diff: 817, Sum: 5248]
      [GC Worker Other (ms): Min: 0.0, Avg: 0.0, Max: 0.1, Diff: 0.1, Sum: 0.3]
      [GC Worker Total (ms): Min: 192.3, Avg: 192.6, Max: 192.8, Diff: 0.5, Sum: 1540.6]
      [GC Worker End (ms): Min: 144264.0, Avg: 144264.0, Max: 144264.1, Diff: 0.2]
   [Code Root Fixup: 0.0 ms]
   [Code Root Purge: 0.0 ms]
   [Clear CT: 0.4 ms]
   [Other: 3.0 ms]
      [Choose CSet: 0.0 ms]
      [Ref Proc: 0.6 ms]
      [Ref Enq: 0.0 ms]
      [Redirty Cards: 1.5 ms]
      [Humongous Register: 0.1 ms]
      [Humongous Reclaim: 0.0 ms]
      [Free CSet: 0.3 ms]
   [Eden: 100.0M(100.0M)->0.0B(94.0M) Survivors: 15.0M->15.0M Heap: 363.0M(2048.0M)->365.0M(2048.0M)]
 [Times: user=1.51 sys=0.03, real=0.20 secs] 
2020-09-29T11:31:30.993+0200: 144.425: [GC pause (G1 Evacuation Pause) (young), 0.1801809 secs]
   [Parallel Time: 176.7 ms, GC Workers: 8]
      [GC Worker Start (ms): Min: 144425.6, Avg: 144426.6, Max: 144432.2, Diff: 6.6]
      [Ext Root Scanning (ms): Min: 0.0, Avg: 0.2, Max: 0.4, Diff: 0.4, Sum: 1.4]
      [Update RS (ms): Min: 14.9, Avg: 20.4, Max: 21.8, Diff: 6.9, Sum: 163.4]
         [Processed Buffers: Min: 7, Avg: 8.4, Max: 10, Diff: 3, Sum: 67]
      [Scan RS (ms): Min: 14.3, Avg: 14.8, Max: 15.0, Diff: 0.7, Sum: 118.0]
      [Code Root Scanning (ms): Min: 0.0, Avg: 0.0, Max: 0.0, Diff: 0.0, Sum: 0.0]
      [Object Copy (ms): Min: 139.7, Avg: 139.9, Max: 140.2, Diff: 0.5, Sum: 1119.6]
      [Termination (ms): Min: 0.0, Avg: 0.0, Max: 0.0, Diff: 0.0, Sum: 0.2]
         [Termination Attempts: Min: 1, Avg: 48.8, Max: 64, Diff: 63, Sum: 390]
      [GC Worker Other (ms): Min: 0.0, Avg: 0.1, Max: 0.1, Diff: 0.1, Sum: 0.5]
      [GC Worker Total (ms): Min: 169.8, Avg: 175.4, Max: 176.4, Diff: 6.5, Sum: 1403.1]
      [GC Worker End (ms): Min: 144601.9, Avg: 144602.0, Max: 144602.0, Diff: 0.1]
   [Code Root Fixup: 0.0 ms]
   [Code Root Purge: 0.0 ms]
   [Clear CT: 1.1 ms]
   [Other: 2.4 ms]
      [Choose CSet: 0.0 ms]
      [Ref Proc: 0.7 ms]
      [Ref Enq: 0.0 ms]
      [Redirty Cards: 1.1 ms]
      [Humongous Register: 0.1 ms]
      [Humongous Reclaim: 0.0 ms]
      [Free CSet: 0.2 ms]
   [Eden: 94.0M(94.0M)->0.0B(94.0M) Survivors: 15.0M->14.0M Heap: 474.3M(2048.0M)->475.8M(2048.0M)]
 [Times: user=1.36 sys=0.00, real=0.18 secs] 
2020-09-29T11:31:31.324+0200: 144.757: [GC pause (G1 Evacuation Pause) (young), 0.1660341 secs]
   [Parallel Time: 163.8 ms, GC Workers: 8]
      [GC Worker Start (ms): Min: 144757.1, Avg: 144757.3, Max: 144757.6, Diff: 0.5]
      [Ext Root Scanning (ms): Min: 0.0, Avg: 0.2, Max: 0.4, Diff: 0.4, Sum: 1.7]
      [Update RS (ms): Min: 17.6, Avg: 18.5, Max: 20.1, Diff: 2.5, Sum: 147.8]
         [Processed Buffers: Min: 7, Avg: 8.1, Max: 11, Diff: 4, Sum: 65]
      [Scan RS (ms): Min: 11.8, Avg: 13.3, Max: 14.1, Diff: 2.4, Sum: 106.6]
      [Code Root Scanning (ms): Min: 0.0, Avg: 0.0, Max: 0.0, Diff: 0.0, Sum: 0.0]
      [Object Copy (ms): Min: 130.7, Avg: 131.0, Max: 131.2, Diff: 0.5, Sum: 1048.3]
      [Termination (ms): Min: 0.0, Avg: 0.1, Max: 0.1, Diff: 0.1, Sum: 0.7]
         [Termination Attempts: Min: 1, Avg: 173.8, Max: 221, Diff: 220, Sum: 1390]
      [GC Worker Other (ms): Min: 0.0, Avg: 0.0, Max: 0.1, Diff: 0.1, Sum: 0.4]
      [GC Worker Total (ms): Min: 162.8, Avg: 163.2, Max: 163.4, Diff: 0.5, Sum: 1305.5]
      [GC Worker End (ms): Min: 144920.5, Avg: 144920.5, Max: 144920.5, Diff: 0.1]
   [Code Root Fixup: 0.0 ms]
   [Code Root Purge: 0.0 ms]
   [Clear CT: 0.5 ms]
   [Other: 1.8 ms]
      [Choose CSet: 0.0 ms]
      [Ref Proc: 0.5 ms]
      [Ref Enq: 0.0 ms]
      [Redirty Cards: 0.5 ms]
      [Humongous Register: 0.1 ms]
      [Humongous Reclaim: 0.0 ms]
      [Free CSet: 0.3 ms]
   [Eden: 94.0M(94.0M)->0.0B(98.0M) Survivors: 14.0M->14.0M Heap: 585.0M(2048.0M)->586.5M(2048.0M)]
 [Times: user=1.27 sys=0.00, real=0.17 secs] 
2020-09-29T11:31:31.655+0200: 145.088: [GC pause (G1 Evacuation Pause) (young), 0.1864338 secs]
   [Parallel Time: 184.0 ms, GC Workers: 8]
      [GC Worker Start (ms): Min: 145088.0, Avg: 145088.2, Max: 145088.4, Diff: 0.4]
      [Ext Root Scanning (ms): Min: 0.0, Avg: 0.2, Max: 0.4, Diff: 0.3, Sum: 1.6]
      [Update RS (ms): Min: 16.9, Avg: 17.6, Max: 18.9, Diff: 2.0, Sum: 140.5]
         [Processed Buffers: Min: 6, Avg: 8.1, Max: 10, Diff: 4, Sum: 65]
      [Scan RS (ms): Min: 14.0, Avg: 15.3, Max: 16.1, Diff: 2.1, Sum: 122.7]
      [Code Root Scanning (ms): Min: 0.0, Avg: 0.0, Max: 0.0, Diff: 0.0, Sum: 0.0]
      [Object Copy (ms): Min: 149.9, Avg: 150.0, Max: 150.4, Diff: 0.5, Sum: 1200.3]
      [Termination (ms): Min: 0.0, Avg: 0.3, Max: 0.3, Diff: 0.3, Sum: 2.2]
         [Termination Attempts: Min: 1, Avg: 585.4, Max: 736, Diff: 735, Sum: 4683]
      [GC Worker Other (ms): Min: 0.0, Avg: 0.1, Max: 0.1, Diff: 0.1, Sum: 0.5]
      [GC Worker Total (ms): Min: 183.3, Avg: 183.5, Max: 183.7, Diff: 0.4, Sum: 1467.8]
      [GC Worker End (ms): Min: 145271.6, Avg: 145271.7, Max: 145271.7, Diff: 0.1]
   [Code Root Fixup: 0.0 ms]
   [Code Root Purge: 0.0 ms]
   [Clear CT: 0.8 ms]
   [Other: 1.6 ms]
      [Choose CSet: 0.0 ms]
      [Ref Proc: 0.3 ms]
      [Ref Enq: 0.0 ms]
      [Redirty Cards: 0.5 ms]
      [Humongous Register: 0.1 ms]
      [Humongous Reclaim: 0.0 ms]
      [Free CSet: 0.3 ms]
   [Eden: 98.0M(98.0M)->0.0B(96.0M) Survivors: 14.0M->14.0M Heap: 701.7M(2048.0M)->703.2M(2048.0M)]
 [Times: user=1.48 sys=0.00, real=0.19 secs] 
2020-09-29T11:31:31.996+0200: 145.429: [GC pause (G1 Evacuation Pause) (young), 0.1799803 secs]
   [Parallel Time: 177.8 ms, GC Workers: 8]
      [GC Worker Start (ms): Min: 145428.8, Avg: 145429.4, Max: 145432.0, Diff: 3.2]
      [Ext Root Scanning (ms): Min: 0.0, Avg: 0.2, Max: 0.4, Diff: 0.4, Sum: 1.6]
      [Update RS (ms): Min: 21.4, Avg: 24.3, Max: 26.0, Diff: 4.6, Sum: 194.2]
         [Processed Buffers: Min: 6, Avg: 9.5, Max: 11, Diff: 5, Sum: 76]
      [Scan RS (ms): Min: 11.5, Avg: 12.9, Max: 13.5, Diff: 2.0, Sum: 102.9]
      [Code Root Scanning (ms): Min: 0.0, Avg: 0.0, Max: 0.0, Diff: 0.0, Sum: 0.0]
      [Object Copy (ms): Min: 139.2, Avg: 139.4, Max: 139.5, Diff: 0.3, Sum: 1115.2]
      [Termination (ms): Min: 0.0, Avg: 0.0, Max: 0.1, Diff: 0.1, Sum: 0.3]
         [Termination Attempts: Min: 1, Avg: 68.5, Max: 87, Diff: 86, Sum: 548]
      [GC Worker Other (ms): Min: 0.0, Avg: 0.1, Max: 0.1, Diff: 0.1, Sum: 0.6]
      [GC Worker Total (ms): Min: 174.2, Avg: 176.8, Max: 177.5, Diff: 3.3, Sum: 1414.8]
      [GC Worker End (ms): Min: 145606.2, Avg: 145606.2, Max: 145606.3, Diff: 0.1]
   [Code Root Fixup: 0.0 ms]
   [Code Root Purge: 0.0 ms]
   [Clear CT: 0.4 ms]
   [Other: 1.7 ms]
      [Choose CSet: 0.0 ms]
      [Ref Proc: 0.5 ms]
      [Ref Enq: 0.0 ms]
      [Redirty Cards: 0.5 ms]
      [Humongous Register: 0.1 ms]
      [Humongous Reclaim: 0.0 ms]
      [Free CSet: 0.3 ms]
   [Eden: 96.0M(96.0M)->0.0B(97.0M) Survivors: 14.0M->14.0M Heap: 814.4M(2048.0M)->816.9M(2048.0M)]
 [Times: user=1.39 sys=0.00, real=0.18 secs] 
2020-09-29T11:31:32.331+0200: 145.764: [GC pause (G1 Evacuation Pause) (young), 0.2097330 secs]
   [Parallel Time: 207.6 ms, GC Workers: 8]
      [GC Worker Start (ms): Min: 145764.2, Avg: 145764.6, Max: 145765.9, Diff: 1.7]
      [Ext Root Scanning (ms): Min: 0.0, Avg: 0.2, Max: 0.4, Diff: 0.4, Sum: 2.0]
      [Update RS (ms): Min: 34.0, Avg: 36.5, Max: 46.6, Diff: 12.6, Sum: 292.2]
         [Processed Buffers: Min: 2, Avg: 7.4, Max: 10, Diff: 8, Sum: 59]
      [Scan RS (ms): Min: 6.1, Avg: 15.9, Max: 18.8, Diff: 12.6, Sum: 127.3]
      [Code Root Scanning (ms): Min: 0.0, Avg: 0.0, Max: 0.0, Diff: 0.0, Sum: 0.0]
      [Object Copy (ms): Min: 153.6, Avg: 153.8, Max: 154.1, Diff: 0.5, Sum: 1230.2]
      [Termination (ms): Min: 0.0, Avg: 0.3, Max: 0.4, Diff: 0.4, Sum: 2.7]
         [Termination Attempts: Min: 1, Avg: 705.5, Max: 863, Diff: 862, Sum: 5644]
      [GC Worker Other (ms): Min: 0.0, Avg: 0.1, Max: 0.1, Diff: 0.1, Sum: 0.4]
      [GC Worker Total (ms): Min: 205.6, Avg: 206.9, Max: 207.2, Diff: 1.6, Sum: 1654.8]
      [GC Worker End (ms): Min: 145971.4, Avg: 145971.4, Max: 145971.5, Diff: 0.1]
   [Code Root Fixup: 0.0 ms]
   [Code Root Purge: 0.0 ms]
   [Clear CT: 0.5 ms]
   [Other: 1.6 ms]
      [Choose CSet: 0.0 ms]
      [Ref Proc: 0.4 ms]
      [Ref Enq: 0.0 ms]
      [Redirty Cards: 0.6 ms]
      [Humongous Register: 0.1 ms]
      [Humongous Reclaim: 0.0 ms]
      [Free CSet: 0.2 ms]
   [Eden: 97.0M(97.0M)->0.0B(88.0M) Survivors: 14.0M->14.0M Heap: 929.2M(2048.0M)->930.7M(2048.0M)]
 [Times: user=1.67 sys=0.00, real=0.21 secs] 
2020-09-29T11:31:32.544+0200: 145.976: [GC pause (G1 Humongous Allocation) (young) (initial-mark), 0.0794701 secs]
   [Parallel Time: 77.0 ms, GC Workers: 8]
      [GC Worker Start (ms): Min: 145976.7, Avg: 145976.9, Max: 145977.2, Diff: 0.5]
      [Ext Root Scanning (ms): Min: 0.0, Avg: 0.5, Max: 0.9, Diff: 0.9, Sum: 3.8]
      [Update RS (ms): Min: 46.5, Avg: 47.8, Max: 48.5, Diff: 2.0, Sum: 382.2]
         [Processed Buffers: Min: 17, Avg: 18.8, Max: 20, Diff: 3, Sum: 150]
      [Scan RS (ms): Min: 0.0, Avg: 0.2, Max: 0.5, Diff: 0.5, Sum: 1.2]
      [Code Root Scanning (ms): Min: 0.0, Avg: 0.0, Max: 0.0, Diff: 0.0, Sum: 0.0]
      [Object Copy (ms): Min: 27.3, Avg: 27.7, Max: 28.1, Diff: 0.8, Sum: 221.7]
      [Termination (ms): Min: 0.0, Avg: 0.1, Max: 0.2, Diff: 0.2, Sum: 1.1]
         [Termination Attempts: Min: 1, Avg: 271.8, Max: 346, Diff: 345, Sum: 2174]
      [GC Worker Other (ms): Min: 0.0, Avg: 0.0, Max: 0.1, Diff: 0.1, Sum: 0.3]
      [GC Worker Total (ms): Min: 76.0, Avg: 76.3, Max: 76.5, Diff: 0.5, Sum: 610.4]
      [GC Worker End (ms): Min: 146053.2, Avg: 146053.2, Max: 146053.3, Diff: 0.0]
   [Code Root Fixup: 0.0 ms]
   [Code Root Purge: 0.0 ms]
   [Clear CT: 0.6 ms]
   [Other: 1.9 ms]
      [Choose CSet: 0.0 ms]
      [Ref Proc: 0.6 ms]
      [Ref Enq: 0.0 ms]
      [Redirty Cards: 0.6 ms]
      [Humongous Register: 0.1 ms]
      [Humongous Reclaim: 0.0 ms]
      [Free CSet: 0.1 ms]
   [Eden: 2048.0K(88.0M)->0.0B(99.0M) Survivors: 14.0M->3072.0K Heap: 932.2M(2048.0M)->935.2M(2048.0M)]
 [Times: user=0.61 sys=0.00, real=0.08 secs] 
2020-09-29T11:31:32.624+0200: 146.056: [GC concurrent-root-region-scan-start]
2020-09-29T11:31:32.625+0200: 146.058: [GC concurrent-root-region-scan-end, 0.0013068 secs]
2020-09-29T11:31:32.625+0200: 146.058: [GC concurrent-mark-start]
2020-09-29T11:31:32.631+0200: 146.064: [GC concurrent-mark-end, 0.0064465 secs]
2020-09-29T11:31:32.632+0200: 146.065: [GC remark 2020-09-29T11:31:32.632+0200: 146.065: [Finalize Marking, 0.0005277 secs] 2020-09-29T11:31:32.633+0200: 146.065: [GC ref-proc, 0.0010276 secs] 2020-09-29T11:31:32.634+0200: 146.066: [Unloading, 0.0015671 secs], 0.0039796 secs]
 [Times: user=0.00 sys=0.00, real=0.00 secs] 
2020-09-29T11:31:32.637+0200: 146.070: [GC cleanup 943M->20M(2048M), 0.0035972 secs]
 [Times: user=0.00 sys=0.00, real=0.00 secs] 
2020-09-29T11:31:32.641+0200: 146.073: [GC concurrent-cleanup-start]
2020-09-29T11:31:32.644+0200: 146.077: [GC concurrent-cleanup-end, 0.0035725 secs]
2020-09-29T11:31:32.780+0200: 146.212: [GC pause (G1 Evacuation Pause) (young), 0.1511770 secs]
   [Parallel Time: 148.7 ms, GC Workers: 8]
      [GC Worker Start (ms): Min: 146212.5, Avg: 146212.7, Max: 146212.9, Diff: 0.4]
      [Ext Root Scanning (ms): Min: 0.0, Avg: 0.2, Max: 0.4, Diff: 0.4, Sum: 1.5]
      [Update RS (ms): Min: 11.4, Avg: 12.7, Max: 13.5, Diff: 2.0, Sum: 101.7]
         [Processed Buffers: Min: 5, Avg: 5.8, Max: 9, Diff: 4, Sum: 46]
      [Scan RS (ms): Min: 12.7, Avg: 13.5, Max: 14.8, Diff: 2.0, Sum: 108.3]
      [Code Root Scanning (ms): Min: 0.0, Avg: 0.0, Max: 0.0, Diff: 0.0, Sum: 0.0]
      [Object Copy (ms): Min: 121.5, Avg: 121.6, Max: 121.7, Diff: 0.2, Sum: 972.8]
      [Termination (ms): Min: 0.0, Avg: 0.0, Max: 0.1, Diff: 0.0, Sum: 0.3]
         [Termination Attempts: Min: 1, Avg: 57.3, Max: 86, Diff: 85, Sum: 458]
      [GC Worker Other (ms): Min: 0.0, Avg: 0.0, Max: 0.1, Diff: 0.0, Sum: 0.3]
      [GC Worker Total (ms): Min: 147.9, Avg: 148.1, Max: 148.3, Diff: 0.4, Sum: 1184.9]
      [GC Worker End (ms): Min: 146360.8, Avg: 146360.8, Max: 146360.8, Diff: 0.0]
   [Code Root Fixup: 0.0 ms]
   [Code Root Purge: 0.0 ms]
   [Clear CT: 0.5 ms]
   [Other: 2.0 ms]
      [Choose CSet: 0.0 ms]
      [Ref Proc: 0.5 ms]
      [Ref Enq: 0.0 ms]
      [Redirty Cards: 0.8 ms]
      [Humongous Register: 0.1 ms]
      [Humongous Reclaim: 0.0 ms]
      [Free CSet: 0.3 ms]
   [Eden: 99.0M(99.0M)->0.0B(89.0M) Survivors: 3072.0K->13.0M Heap: 128.7M(2048.0M)->128.2M(2048.0M)]
 [Times: user=1.23 sys=0.00, real=0.15 secs] 
2020-09-29T11:31:33.079+0200: 146.511: [GC pause (G1 Evacuation Pause) (young), 0.1665481 secs]
   [Parallel Time: 164.0 ms, GC Workers: 8]
      [GC Worker Start (ms): Min: 146511.4, Avg: 146511.6, Max: 146511.8, Diff: 0.4]
      [Ext Root Scanning (ms): Min: 0.0, Avg: 0.2, Max: 0.4, Diff: 0.4, Sum: 1.4]
      [Update RS (ms): Min: 13.9, Avg: 14.7, Max: 16.1, Diff: 2.2, Sum: 117.7]
         [Processed Buffers: Min: 6, Avg: 6.9, Max: 8, Diff: 2, Sum: 55]
      [Scan RS (ms): Min: 12.5, Avg: 13.8, Max: 14.6, Diff: 2.1, Sum: 110.4]
      [Code Root Scanning (ms): Min: 0.0, Avg: 0.0, Max: 0.0, Diff: 0.0, Sum: 0.0]
      [Object Copy (ms): Min: 134.2, Avg: 134.3, Max: 134.6, Diff: 0.4, Sum: 1074.7]
      [Termination (ms): Min: 0.0, Avg: 0.2, Max: 0.3, Diff: 0.3, Sum: 1.9]
         [Termination Attempts: Min: 1, Avg: 435.4, Max: 550, Diff: 549, Sum: 3483]
      [GC Worker Other (ms): Min: 0.0, Avg: 0.1, Max: 0.2, Diff: 0.1, Sum: 0.6]
      [GC Worker Total (ms): Min: 163.1, Avg: 163.3, Max: 163.5, Diff: 0.4, Sum: 1306.7]
      [GC Worker End (ms): Min: 146674.9, Avg: 146675.0, Max: 146675.1, Diff: 0.1]
   [Code Root Fixup: 0.0 ms]
   [Code Root Purge: 0.0 ms]
   [Clear CT: 0.7 ms]
   [Other: 1.9 ms]
      [Choose CSet: 0.0 ms]
      [Ref Proc: 0.7 ms]
      [Ref Enq: 0.0 ms]
      [Redirty Cards: 0.6 ms]
      [Humongous Register: 0.1 ms]
      [Humongous Reclaim: 0.0 ms]
      [Free CSet: 0.2 ms]
   [Eden: 89.0M(89.0M)->0.0B(89.0M) Survivors: 13.0M->13.0M Heap: 232.4M(2048.0M)->234.4M(2048.0M)]
 [Times: user=1.36 sys=0.00, real=0.17 secs] 
2020-09-29T11:31:33.305+0200: 146.737: [GC pause (G1 Evacuation Pause) (young), 0.0523814 secs]
   [Parallel Time: 51.5 ms, GC Workers: 8]
      [GC Worker Start (ms): Min: 146737.3, Avg: 146737.4, Max: 146737.4, Diff: 0.2]
      [Ext Root Scanning (ms): Min: 0.0, Avg: 0.1, Max: 0.2, Diff: 0.2, Sum: 0.5]
      [Update RS (ms): Min: 5.4, Avg: 5.7, Max: 6.3, Diff: 0.8, Sum: 45.6]
         [Processed Buffers: Min: 6, Avg: 7.3, Max: 10, Diff: 4, Sum: 58]
      [Scan RS (ms): Min: 4.4, Avg: 4.9, Max: 5.2, Diff: 0.9, Sum: 39.2]
      [Code Root Scanning (ms): Min: 0.0, Avg: 0.0, Max: 0.0, Diff: 0.0, Sum: 0.0]
      [Object Copy (ms): Min: 40.4, Avg: 40.5, Max: 40.5, Diff: 0.1, Sum: 324.0]
      [Termination (ms): Min: 0.0, Avg: 0.0, Max: 0.0, Diff: 0.0, Sum: 0.1]
         [Termination Attempts: Min: 1, Avg: 72.6, Max: 108, Diff: 107, Sum: 581]
      [GC Worker Other (ms): Min: 0.0, Avg: 0.0, Max: 0.0, Diff: 0.0, Sum: 0.2]
      [GC Worker Total (ms): Min: 51.1, Avg: 51.2, Max: 51.3, Diff: 0.1, Sum: 409.7]
      [GC Worker End (ms): Min: 146788.6, Avg: 146788.6, Max: 146788.6, Diff: 0.0]
   [Code Root Fixup: 0.0 ms]
   [Code Root Purge: 0.0 ms]
   [Clear CT: 0.2 ms]
   [Other: 0.8 ms]
      [Choose CSet: 0.0 ms]
      [Ref Proc: 0.1 ms]
      [Ref Enq: 0.0 ms]
      [Redirty Cards: 0.2 ms]
      [Humongous Register: 0.0 ms]
      [Humongous Reclaim: 0.0 ms]
      [Free CSet: 0.1 ms]
   [Eden: 89.0M(89.0M)->0.0B(107.0M) Survivors: 13.0M->13.0M Heap: 338.7M(2048.0M)->340.7M(2048.0M)]
 [Times: user=0.36 sys=0.00, real=0.05 secs] 
2020-09-29T11:31:33.413+0200: 146.845: [GC pause (G1 Evacuation Pause) (young), 0.0589629 secs]
   [Parallel Time: 58.1 ms, GC Workers: 8]
      [GC Worker Start (ms): Min: 146845.5, Avg: 146845.6, Max: 146845.7, Diff: 0.2]
      [Ext Root Scanning (ms): Min: 0.0, Avg: 0.1, Max: 0.2, Diff: 0.2, Sum: 0.4]
      [Update RS (ms): Min: 5.9, Avg: 6.1, Max: 6.3, Diff: 0.4, Sum: 48.4]
         [Processed Buffers: Min: 6, Avg: 7.3, Max: 9, Diff: 3, Sum: 58]
      [Scan RS (ms): Min: 5.6, Avg: 5.8, Max: 6.0, Diff: 0.4, Sum: 46.6]
      [Code Root Scanning (ms): Min: 0.0, Avg: 0.0, Max: 0.0, Diff: 0.0, Sum: 0.0]
      [Object Copy (ms): Min: 45.8, Avg: 45.9, Max: 45.9, Diff: 0.1, Sum: 366.9]
      [Termination (ms): Min: 0.0, Avg: 0.0, Max: 0.0, Diff: 0.0, Sum: 0.0]
         [Termination Attempts: Min: 1, Avg: 2.0, Max: 4, Diff: 3, Sum: 16]
      [GC Worker Other (ms): Min: 0.0, Avg: 0.0, Max: 0.0, Diff: 0.0, Sum: 0.2]
      [GC Worker Total (ms): Min: 57.7, Avg: 57.8, Max: 57.9, Diff: 0.2, Sum: 462.5]
      [GC Worker End (ms): Min: 146903.4, Avg: 146903.5, Max: 146903.5, Diff: 0.0]
   [Code Root Fixup: 0.0 ms]
   [Code Root Purge: 0.0 ms]
   [Clear CT: 0.2 ms]
   [Other: 0.7 ms]
      [Choose CSet: 0.0 ms]
      [Ref Proc: 0.2 ms]
      [Ref Enq: 0.0 ms]
      [Redirty Cards: 0.2 ms]
      [Humongous Register: 0.0 ms]
      [Humongous Reclaim: 0.0 ms]
      [Free CSet: 0.1 ms]
   [Eden: 107.0M(107.0M)->0.0B(133.0M) Survivors: 13.0M->15.0M Heap: 464.9M(2048.0M)->467.4M(2048.0M)]
 [Times: user=0.38 sys=0.00, real=0.06 secs] 
2020-09-29T11:31:33.540+0200: 146.973: [GC pause (G1 Evacuation Pause) (young), 0.0778595 secs]
   [Parallel Time: 77.0 ms, GC Workers: 8]
      [GC Worker Start (ms): Min: 146972.7, Avg: 146972.8, Max: 146972.8, Diff: 0.2]
      [Ext Root Scanning (ms): Min: 0.0, Avg: 0.1, Max: 0.2, Diff: 0.2, Sum: 0.5]
      [Update RS (ms): Min: 6.9, Avg: 7.1, Max: 7.4, Diff: 0.5, Sum: 56.7]
         [Processed Buffers: Min: 7, Avg: 8.4, Max: 11, Diff: 4, Sum: 67]
      [Scan RS (ms): Min: 7.9, Avg: 8.1, Max: 8.4, Diff: 0.5, Sum: 64.9]
      [Code Root Scanning (ms): Min: 0.0, Avg: 0.0, Max: 0.0, Diff: 0.0, Sum: 0.0]
      [Object Copy (ms): Min: 61.4, Avg: 61.4, Max: 61.5, Diff: 0.1, Sum: 491.2]
      [Termination (ms): Min: 0.0, Avg: 0.0, Max: 0.0, Diff: 0.0, Sum: 0.1]
         [Termination Attempts: Min: 1, Avg: 114.1, Max: 152, Diff: 151, Sum: 913]
      [GC Worker Other (ms): Min: 0.0, Avg: 0.0, Max: 0.1, Diff: 0.0, Sum: 0.2]
      [GC Worker Total (ms): Min: 76.6, Avg: 76.7, Max: 76.8, Diff: 0.2, Sum: 613.8]
      [GC Worker End (ms): Min: 147049.5, Avg: 147049.5, Max: 147049.5, Diff: 0.0]
   [Code Root Fixup: 0.0 ms]
   [Code Root Purge: 0.0 ms]
   [Clear CT: 0.2 ms]
   [Other: 0.7 ms]
      [Choose CSet: 0.0 ms]
      [Ref Proc: 0.2 ms]
      [Ref Enq: 0.0 ms]
      [Redirty Cards: 0.2 ms]
      [Humongous Register: 0.0 ms]
      [Humongous Reclaim: 0.0 ms]
      [Free CSet: 0.1 ms]
   [Eden: 133.0M(133.0M)->0.0B(155.0M) Survivors: 15.0M->19.0M Heap: 623.2M(2048.0M)->625.7M(2048.0M)]
 [Times: user=0.59 sys=0.00, real=0.08 secs] 
2020-09-29T11:31:33.696+0200: 147.128: [GC pause (G1 Evacuation Pause) (young), 0.0833217 secs]
   [Parallel Time: 82.4 ms, GC Workers: 8]
      [GC Worker Start (ms): Min: 147128.4, Avg: 147128.4, Max: 147128.4, Diff: 0.1]
      [Ext Root Scanning (ms): Min: 0.0, Avg: 0.1, Max: 0.1, Diff: 0.1, Sum: 0.6]
      [Update RS (ms): Min: 7.5, Avg: 7.7, Max: 8.1, Diff: 0.6, Sum: 61.4]
         [Processed Buffers: Min: 7, Avg: 8.9, Max: 11, Diff: 4, Sum: 71]
      [Scan RS (ms): Min: 7.8, Avg: 8.2, Max: 8.4, Diff: 0.6, Sum: 65.7]
      [Code Root Scanning (ms): Min: 0.0, Avg: 0.0, Max: 0.0, Diff: 0.0, Sum: 0.0]
      [Object Copy (ms): Min: 66.2, Avg: 66.2, Max: 66.3, Diff: 0.1, Sum: 530.0]
      [Termination (ms): Min: 0.0, Avg: 0.0, Max: 0.1, Diff: 0.1, Sum: 0.4]
         [Termination Attempts: Min: 1, Avg: 323.5, Max: 388, Diff: 387, Sum: 2588]
      [GC Worker Other (ms): Min: 0.0, Avg: 0.0, Max: 0.1, Diff: 0.0, Sum: 0.3]
      [GC Worker Total (ms): Min: 82.2, Avg: 82.3, Max: 82.3, Diff: 0.1, Sum: 658.3]
      [GC Worker End (ms): Min: 147210.7, Avg: 147210.7, Max: 147210.7, Diff: 0.0]
   [Code Root Fixup: 0.0 ms]
   [Code Root Purge: 0.0 ms]
   [Clear CT: 0.2 ms]
   [Other: 0.7 ms]
      [Choose CSet: 0.0 ms]
      [Ref Proc: 0.1 ms]
      [Ref Enq: 0.0 ms]
      [Redirty Cards: 0.2 ms]
      [Humongous Register: 0.0 ms]
      [Humongous Reclaim: 0.0 ms]
      [Free CSet: 0.2 ms]
   [Eden: 155.0M(155.0M)->0.0B(180.0M) Survivors: 19.0M->22.0M Heap: 805.5M(2048.0M)->807.5M(2048.0M)]
 [Times: user=0.63 sys=0.00, real=0.08 secs] 
2020-09-29T11:31:33.875+0200: 147.307: [GC pause (G1 Evacuation Pause) (young), 0.1166978 secs]
   [Parallel Time: 115.9 ms, GC Workers: 8]
      [GC Worker Start (ms): Min: 147307.3, Avg: 147307.4, Max: 147307.5, Diff: 0.1]
      [Ext Root Scanning (ms): Min: 0.0, Avg: 0.1, Max: 0.1, Diff: 0.1, Sum: 0.5]
      [Update RS (ms): Min: 11.4, Avg: 12.5, Max: 18.0, Diff: 6.6, Sum: 99.9]
         [Processed Buffers: Min: 8, Avg: 11.8, Max: 17, Diff: 9, Sum: 94]
      [Scan RS (ms): Min: 5.0, Avg: 10.5, Max: 11.6, Diff: 6.6, Sum: 83.9]
      [Code Root Scanning (ms): Min: 0.0, Avg: 0.0, Max: 0.0, Diff: 0.0, Sum: 0.0]
      [Object Copy (ms): Min: 92.4, Avg: 92.5, Max: 92.6, Diff: 0.2, Sum: 740.1]
      [Termination (ms): Min: 0.0, Avg: 0.1, Max: 0.1, Diff: 0.1, Sum: 0.6]
         [Termination Attempts: Min: 1, Avg: 508.5, Max: 603, Diff: 602, Sum: 4068]
      [GC Worker Other (ms): Min: 0.0, Avg: 0.0, Max: 0.1, Diff: 0.1, Sum: 0.3]
      [GC Worker Total (ms): Min: 115.6, Avg: 115.7, Max: 115.8, Diff: 0.2, Sum: 925.4]
      [GC Worker End (ms): Min: 147423.1, Avg: 147423.1, Max: 147423.1, Diff: 0.1]
   [Code Root Fixup: 0.0 ms]
   [Code Root Purge: 0.0 ms]
   [Clear CT: 0.2 ms]
   [Other: 0.7 ms]
      [Choose CSet: 0.0 ms]
      [Ref Proc: 0.2 ms]
      [Ref Enq: 0.0 ms]
      [Redirty Cards: 0.2 ms]
      [Humongous Register: 0.0 ms]
      [Humongous Reclaim: 0.0 ms]
      [Free CSet: 0.1 ms]
   [Eden: 180.0M(180.0M)->0.0B(194.0M) Survivors: 22.0M->26.0M Heap: 1018.1M(2048.0M)->1020.1M(2048.0M)]
 [Times: user=1.00 sys=0.00, real=0.12 secs] 
2020-09-29T11:31:34.004+0200: 147.436: [GC pause (G1 Humongous Allocation) (young) (initial-mark), 0.0299261 secs]
   [Parallel Time: 29.2 ms, GC Workers: 8]
      [GC Worker Start (ms): Min: 147436.3, Avg: 147436.3, Max: 147436.4, Diff: 0.1]
      [Ext Root Scanning (ms): Min: 0.0, Avg: 0.2, Max: 0.7, Diff: 0.7, Sum: 1.6]
      [Update RS (ms): Min: 14.2, Avg: 14.4, Max: 14.7, Diff: 0.6, Sum: 115.6]
         [Processed Buffers: Min: 16, Avg: 17.0, Max: 18, Diff: 2, Sum: 136]
      [Scan RS (ms): Min: 1.3, Avg: 1.6, Max: 1.7, Diff: 0.4, Sum: 12.4]
      [Code Root Scanning (ms): Min: 0.0, Avg: 0.0, Max: 0.0, Diff: 0.0, Sum: 0.0]
      [Object Copy (ms): Min: 12.7, Avg: 12.7, Max: 12.8, Diff: 0.1, Sum: 101.9]
      [Termination (ms): Min: 0.0, Avg: 0.0, Max: 0.0, Diff: 0.0, Sum: 0.0]
         [Termination Attempts: Min: 1, Avg: 8.5, Max: 16, Diff: 15, Sum: 68]
      [GC Worker Other (ms): Min: 0.0, Avg: 0.0, Max: 0.0, Diff: 0.0, Sum: 0.1]
      [GC Worker Total (ms): Min: 28.9, Avg: 29.0, Max: 29.0, Diff: 0.2, Sum: 231.6]
      [GC Worker End (ms): Min: 147465.3, Avg: 147465.3, Max: 147465.3, Diff: 0.0]
   [Code Root Fixup: 0.0 ms]
   [Code Root Purge: 0.0 ms]
   [Clear CT: 0.2 ms]
   [Other: 0.6 ms]
      [Choose CSet: 0.0 ms]
      [Ref Proc: 0.2 ms]
      [Ref Enq: 0.0 ms]
      [Redirty Cards: 0.2 ms]
      [Humongous Register: 0.0 ms]
      [Humongous Reclaim: 0.0 ms]
      [Free CSet: 0.0 ms]
   [Eden: 7168.0K(194.0M)->0.0B(247.0M) Survivors: 26.0M->9216.0K Heap: 1026.6M(2048.0M)->1031.1M(2048.0M)]
 [Times: user=0.13 sys=0.00, real=0.03 secs] 
2020-09-29T11:31:34.034+0200: 147.466: [GC concurrent-root-region-scan-start]
2020-09-29T11:31:34.035+0200: 147.468: [GC concurrent-root-region-scan-end, 0.0013323 secs]
2020-09-29T11:31:34.035+0200: 147.468: [GC concurrent-mark-start]
2020-09-29T11:31:34.038+0200: 147.470: [GC concurrent-mark-end, 0.0028696 secs]
2020-09-29T11:31:34.038+0200: 147.471: [GC remark 2020-09-29T11:31:34.038+0200: 147.471: [Finalize Marking, 0.0002336 secs] 2020-09-29T11:31:34.039+0200: 147.471: [GC ref-proc, 0.0003832 secs] 2020-09-29T11:31:34.039+0200: 147.471: [Unloading, 0.0005218 secs], 0.0015031 secs]
 [Times: user=0.00 sys=0.00, real=0.00 secs] 
2020-09-29T11:31:34.040+0200: 147.473: [GC cleanup 1041M->29M(2048M), 0.0015879 secs]
 [Times: user=0.00 sys=0.00, real=0.00 secs] 
2020-09-29T11:31:34.042+0200: 147.474: [GC concurrent-cleanup-start]
2020-09-29T11:31:34.044+0200: 147.476: [GC concurrent-cleanup-end, 0.0016793 secs]
2020-09-29T11:31:34.175+0200: 147.607: [GC pause (G1 Evacuation Pause) (young), 0.1237822 secs]
   [Parallel Time: 122.8 ms, GC Workers: 8]
      [GC Worker Start (ms): Min: 147607.0, Avg: 147607.1, Max: 147607.2, Diff: 0.2]
      [Ext Root Scanning (ms): Min: 0.0, Avg: 0.1, Max: 0.2, Diff: 0.2, Sum: 0.5]
      [Update RS (ms): Min: 10.5, Avg: 10.8, Max: 11.4, Diff: 0.8, Sum: 86.2]
         [Processed Buffers: Min: 10, Avg: 11.6, Max: 14, Diff: 4, Sum: 93]
      [Scan RS (ms): Min: 12.9, Avg: 13.5, Max: 13.7, Diff: 0.8, Sum: 107.8]
      [Code Root Scanning (ms): Min: 0.0, Avg: 0.0, Max: 0.0, Diff: 0.0, Sum: 0.0]
      [Object Copy (ms): Min: 98.1, Avg: 98.2, Max: 98.2, Diff: 0.1, Sum: 785.5]
      [Termination (ms): Min: 0.0, Avg: 0.0, Max: 0.0, Diff: 0.0, Sum: 0.2]
         [Termination Attempts: Min: 1, Avg: 145.0, Max: 186, Diff: 185, Sum: 1160]
      [GC Worker Other (ms): Min: 0.0, Avg: 0.0, Max: 0.1, Diff: 0.1, Sum: 0.4]
      [GC Worker Total (ms): Min: 122.5, Avg: 122.6, Max: 122.7, Diff: 0.1, Sum: 980.6]
      [GC Worker End (ms): Min: 147729.7, Avg: 147729.7, Max: 147729.8, Diff: 0.1]
   [Code Root Fixup: 0.0 ms]
   [Code Root Purge: 0.0 ms]
   [Clear CT: 0.2 ms]
   [Other: 0.8 ms]
      [Choose CSet: 0.0 ms]
      [Ref Proc: 0.2 ms]
      [Ref Enq: 0.0 ms]
      [Redirty Cards: 0.2 ms]
      [Humongous Register: 0.0 ms]
      [Humongous Reclaim: 0.0 ms]
      [Free CSet: 0.2 ms]
   [Eden: 247.0M(247.0M)->0.0B(243.0M) Survivors: 9216.0K->32.0M Heap: 308.0M(2048.0M)->301.5M(2048.0M)]
 [Times: user=1.00 sys=0.00, real=0.12 secs] 
2020-09-29T11:31:34.433+0200: 147.865: [GC pause (G1 Evacuation Pause) (young), 0.1266716 secs]
   [Parallel Time: 125.5 ms, GC Workers: 8]
      [GC Worker Start (ms): Min: 147865.4, Avg: 147865.5, Max: 147865.6, Diff: 0.2]
      [Ext Root Scanning (ms): Min: 0.0, Avg: 0.1, Max: 0.1, Diff: 0.1, Sum: 0.4]
      [Update RS (ms): Min: 9.4, Avg: 9.8, Max: 10.1, Diff: 0.7, Sum: 78.1]
         [Processed Buffers: Min: 10, Avg: 10.8, Max: 12, Diff: 2, Sum: 86]
      [Scan RS (ms): Min: 13.2, Avg: 13.6, Max: 13.9, Diff: 0.7, Sum: 108.8]
      [Code Root Scanning (ms): Min: 0.0, Avg: 0.0, Max: 0.0, Diff: 0.0, Sum: 0.0]
      [Object Copy (ms): Min: 101.8, Avg: 101.8, Max: 101.9, Diff: 0.1, Sum: 814.5]
      [Termination (ms): Min: 0.0, Avg: 0.0, Max: 0.0, Diff: 0.0, Sum: 0.1]
         [Termination Attempts: Min: 1, Avg: 109.4, Max: 143, Diff: 142, Sum: 875]
      [GC Worker Other (ms): Min: 0.0, Avg: 0.0, Max: 0.1, Diff: 0.0, Sum: 0.3]
      [GC Worker Total (ms): Min: 125.2, Avg: 125.3, Max: 125.4, Diff: 0.2, Sum: 1002.3]
      [GC Worker End (ms): Min: 147990.7, Avg: 147990.8, Max: 147990.8, Diff: 0.0]
   [Code Root Fixup: 0.0 ms]
   [Code Root Purge: 0.0 ms]
   [Clear CT: 0.2 ms]
   [Other: 1.0 ms]
      [Choose CSet: 0.0 ms]
      [Ref Proc: 0.2 ms]
      [Ref Enq: 0.0 ms]
      [Redirty Cards: 0.2 ms]
      [Humongous Register: 0.0 ms]
      [Humongous Reclaim: 0.0 ms]
      [Free CSet: 0.3 ms]
   [Eden: 243.0M(243.0M)->0.0B(256.0M) Survivors: 32.0M->35.0M Heap: 584.5M(2048.0M)->586.5M(2048.0M)]
 [Times: user=1.00 sys=0.00, real=0.13 secs] 
2020-09-29T11:31:34.705+0200: 148.137: [GC pause (G1 Evacuation Pause) (young), 0.1512184 secs]
   [Parallel Time: 150.1 ms, GC Workers: 8]
      [GC Worker Start (ms): Min: 148137.1, Avg: 148137.2, Max: 148137.2, Diff: 0.1]
      [Ext Root Scanning (ms): Min: 0.0, Avg: 0.1, Max: 0.1, Diff: 0.1, Sum: 0.6]
      [Update RS (ms): Min: 13.7, Avg: 13.8, Max: 14.2, Diff: 0.5, Sum: 110.8]
         [Processed Buffers: Min: 14, Avg: 15.4, Max: 18, Diff: 4, Sum: 123]
      [Scan RS (ms): Min: 14.9, Avg: 15.3, Max: 15.4, Diff: 0.5, Sum: 122.3]
      [Code Root Scanning (ms): Min: 0.0, Avg: 0.0, Max: 0.0, Diff: 0.0, Sum: 0.0]
      [Object Copy (ms): Min: 120.4, Avg: 120.6, Max: 120.7, Diff: 0.3, Sum: 964.5]
      [Termination (ms): Min: 0.0, Avg: 0.1, Max: 0.1, Diff: 0.1, Sum: 0.7]
         [Termination Attempts: Min: 1, Avg: 593.8, Max: 772, Diff: 771, Sum: 4750]
      [GC Worker Other (ms): Min: 0.0, Avg: 0.0, Max: 0.1, Diff: 0.1, Sum: 0.3]
      [GC Worker Total (ms): Min: 149.9, Avg: 149.9, Max: 150.0, Diff: 0.1, Sum: 1199.3]
      [GC Worker End (ms): Min: 148287.1, Avg: 148287.1, Max: 148287.1, Diff: 0.1]
   [Code Root Fixup: 0.0 ms]
   [Code Root Purge: 0.0 ms]
   [Clear CT: 0.2 ms]
   [Other: 1.0 ms]
      [Choose CSet: 0.0 ms]
      [Ref Proc: 0.2 ms]
      [Ref Enq: 0.0 ms]
      [Redirty Cards: 0.3 ms]
      [Humongous Register: 0.0 ms]
      [Humongous Reclaim: 0.0 ms]
      [Free CSet: 0.3 ms]
   [Eden: 256.0M(256.0M)->0.0B(262.0M) Survivors: 35.0M->37.0M Heap: 886.4M(2048.0M)->888.4M(2048.0M)]
 [Times: user=1.25 sys=0.00, real=0.15 secs] 
2020-09-29T11:31:35.015+0200: 148.448: [GC pause (G1 Evacuation Pause) (young), 0.1472109 secs]
   [Parallel Time: 146.2 ms, GC Workers: 8]
      [GC Worker Start (ms): Min: 148447.9, Avg: 148448.0, Max: 148448.1, Diff: 0.2]
      [Ext Root Scanning (ms): Min: 0.0, Avg: 0.1, Max: 0.2, Diff: 0.2, Sum: 0.6]
      [Update RS (ms): Min: 18.5, Avg: 18.5, Max: 18.7, Diff: 0.2, Sum: 148.4]
         [Processed Buffers: Min: 15, Avg: 18.1, Max: 22, Diff: 7, Sum: 145]
      [Scan RS (ms): Min: 15.7, Avg: 15.9, Max: 16.1, Diff: 0.4, Sum: 127.5]
      [Code Root Scanning (ms): Min: 0.0, Avg: 0.0, Max: 0.0, Diff: 0.0, Sum: 0.0]
      [Object Copy (ms): Min: 111.2, Avg: 111.4, Max: 111.4, Diff: 0.2, Sum: 891.0]
      [Termination (ms): Min: 0.0, Avg: 0.0, Max: 0.0, Diff: 0.0, Sum: 0.0]
         [Termination Attempts: Min: 1, Avg: 19.3, Max: 26, Diff: 25, Sum: 154]
      [GC Worker Other (ms): Min: 0.0, Avg: 0.0, Max: 0.1, Diff: 0.1, Sum: 0.3]
      [GC Worker Total (ms): Min: 145.9, Avg: 146.0, Max: 146.1, Diff: 0.2, Sum: 1167.8]
      [GC Worker End (ms): Min: 148594.0, Avg: 148594.0, Max: 148594.0, Diff: 0.1]
   [Code Root Fixup: 0.0 ms]
   [Code Root Purge: 0.0 ms]
   [Clear CT: 0.2 ms]
   [Other: 0.8 ms]
      [Choose CSet: 0.0 ms]
      [Ref Proc: 0.2 ms]
      [Ref Enq: 0.0 ms]
      [Redirty Cards: 0.2 ms]
      [Humongous Register: 0.0 ms]
      [Humongous Reclaim: 0.0 ms]
      [Free CSet: 0.2 ms]
   [Eden: 262.0M(262.0M)->0.0B(274.0M) Survivors: 37.0M->38.0M Heap: 1194.3M(2048.0M)->1195.8M(2048.0M)]
 [Times: user=1.25 sys=0.00, real=0.15 secs] 
2020-09-29T11:31:35.168+0200: 148.600: [GC pause (G1 Humongous Allocation) (young) (initial-mark), 0.0694201 secs]
   [Parallel Time: 68.7 ms, GC Workers: 8]
      [GC Worker Start (ms): Min: 148600.6, Avg: 148600.7, Max: 148600.8, Diff: 0.2]
      [Ext Root Scanning (ms): Min: 0.0, Avg: 0.1, Max: 0.2, Diff: 0.2, Sum: 1.1]
      [Update RS (ms): Min: 38.5, Avg: 38.7, Max: 39.2, Diff: 0.8, Sum: 310.0]
         [Processed Buffers: Min: 40, Avg: 44.8, Max: 46, Diff: 6, Sum: 358]
      [Scan RS (ms): Min: 1.4, Avg: 1.9, Max: 2.1, Diff: 0.7, Sum: 15.0]
      [Code Root Scanning (ms): Min: 0.0, Avg: 0.0, Max: 0.0, Diff: 0.0, Sum: 0.0]
      [Object Copy (ms): Min: 27.4, Avg: 27.5, Max: 27.7, Diff: 0.3, Sum: 220.3]
      [Termination (ms): Min: 0.0, Avg: 0.2, Max: 0.3, Diff: 0.3, Sum: 1.5]
         [Termination Attempts: Min: 1, Avg: 1217.9, Max: 1536, Diff: 1535, Sum: 9743]
      [GC Worker Other (ms): Min: 0.0, Avg: 0.0, Max: 0.0, Diff: 0.0, Sum: 0.1]
      [GC Worker Total (ms): Min: 68.4, Avg: 68.5, Max: 68.5, Diff: 0.2, Sum: 547.9]
      [GC Worker End (ms): Min: 148669.2, Avg: 148669.2, Max: 148669.2, Diff: 0.0]
   [Code Root Fixup: 0.0 ms]
   [Code Root Purge: 0.0 ms]
   [Clear CT: 0.1 ms]
   [Other: 0.6 ms]
      [Choose CSet: 0.0 ms]
      [Ref Proc: 0.2 ms]
      [Ref Enq: 0.0 ms]
      [Redirty Cards: 0.2 ms]
      [Humongous Register: 0.0 ms]
      [Humongous Reclaim: 0.0 ms]
      [Free CSet: 0.1 ms]
   [Eden: 11.0M(274.0M)->0.0B(268.0M) Survivors: 38.0M->12.0M Heap: 1206.8M(2048.0M)->1209.8M(2048.0M)]
 [Times: user=0.48 sys=0.00, real=0.07 secs] 
2020-09-29T11:31:35.238+0200: 148.670: [GC concurrent-root-region-scan-start]
2020-09-29T11:31:35.240+0200: 148.672: [GC concurrent-root-region-scan-end, 0.0022256 secs]
2020-09-29T11:31:35.240+0200: 148.672: [GC concurrent-mark-start]
2020-09-29T11:31:35.242+0200: 148.675: [GC concurrent-mark-end, 0.0026235 secs]
2020-09-29T11:31:35.243+0200: 148.675: [GC remark 2020-09-29T11:31:35.243+0200: 148.675: [Finalize Marking, 0.0001821 secs] 2020-09-29T11:31:35.243+0200: 148.675: [GC ref-proc, 0.0002819 secs] 2020-09-29T11:31:35.243+0200: 148.676: [Unloading, 0.0004380 secs], 0.0011772 secs]
 [Times: user=0.00 sys=0.00, real=0.00 secs] 
2020-09-29T11:31:35.244+0200: 148.677: [GC cleanup 1221M->33M(2048M), 0.0011315 secs]
 [Times: user=0.00 sys=0.00, real=0.00 secs] 
2020-09-29T11:31:35.245+0200: 148.678: [GC concurrent-cleanup-start]
2020-09-29T11:31:35.247+0200: 148.680: [GC concurrent-cleanup-end, 0.0017714 secs]
2020-09-29T11:31:35.381+0200: 148.813: [GC pause (G1 Evacuation Pause) (young), 0.1328104 secs]
   [Parallel Time: 131.8 ms, GC Workers: 8]
      [GC Worker Start (ms): Min: 148813.4, Avg: 148813.5, Max: 148813.6, Diff: 0.2]
      [Ext Root Scanning (ms): Min: 0.0, Avg: 0.1, Max: 0.2, Diff: 0.2, Sum: 0.5]
      [Update RS (ms): Min: 12.5, Avg: 12.7, Max: 12.8, Diff: 0.3, Sum: 101.6]
         [Processed Buffers: Min: 13, Avg: 14.0, Max: 17, Diff: 4, Sum: 112]
      [Scan RS (ms): Min: 13.4, Avg: 13.5, Max: 13.7, Diff: 0.3, Sum: 107.9]
      [Code Root Scanning (ms): Min: 0.0, Avg: 0.0, Max: 0.0, Diff: 0.0, Sum: 0.0]
      [Object Copy (ms): Min: 105.2, Avg: 105.2, Max: 105.3, Diff: 0.1, Sum: 841.9]
      [Termination (ms): Min: 0.0, Avg: 0.0, Max: 0.0, Diff: 0.0, Sum: 0.3]
         [Termination Attempts: Min: 1, Avg: 289.5, Max: 352, Diff: 351, Sum: 2316]
      [GC Worker Other (ms): Min: 0.0, Avg: 0.0, Max: 0.1, Diff: 0.1, Sum: 0.3]
      [GC Worker Total (ms): Min: 131.5, Avg: 131.6, Max: 131.7, Diff: 0.2, Sum: 1052.6]
      [GC Worker End (ms): Min: 148945.1, Avg: 148945.1, Max: 148945.1, Diff: 0.1]
   [Code Root Fixup: 0.0 ms]
   [Code Root Purge: 0.0 ms]
   [Clear CT: 0.1 ms]
   [Other: 0.9 ms]
      [Choose CSet: 0.0 ms]
      [Ref Proc: 0.2 ms]
      [Ref Enq: 0.0 ms]
      [Redirty Cards: 0.2 ms]
      [Humongous Register: 0.0 ms]
      [Humongous Reclaim: 0.0 ms]
      [Free CSet: 0.2 ms]
   [Eden: 268.0M(268.0M)->0.0B(270.0M) Survivors: 12.0M->35.0M Heap: 335.8M(2048.0M)->325.8M(2048.0M)]
 [Times: user=1.00 sys=0.00, real=0.13 secs] 
2020-09-29T11:31:35.661+0200: 149.094: [GC pause (G1 Evacuation Pause) (young), 0.1530811 secs]
   [Parallel Time: 151.9 ms, GC Workers: 8]
      [GC Worker Start (ms): Min: 149094.0, Avg: 149094.2, Max: 149094.3, Diff: 0.2]
      [Ext Root Scanning (ms): Min: 0.0, Avg: 0.0, Max: 0.2, Diff: 0.2, Sum: 0.4]
      [Update RS (ms): Min: 13.4, Avg: 13.5, Max: 13.7, Diff: 0.3, Sum: 108.2]
         [Processed Buffers: Min: 14, Avg: 16.6, Max: 19, Diff: 5, Sum: 133]
      [Scan RS (ms): Min: 15.2, Avg: 15.3, Max: 15.7, Diff: 0.5, Sum: 122.3]
      [Code Root Scanning (ms): Min: 0.0, Avg: 0.0, Max: 0.0, Diff: 0.0, Sum: 0.0]
      [Object Copy (ms): Min: 122.2, Avg: 122.6, Max: 122.8, Diff: 0.7, Sum: 980.5]
      [Termination (ms): Min: 0.0, Avg: 0.1, Max: 0.1, Diff: 0.1, Sum: 0.9]
         [Termination Attempts: Min: 1, Avg: 824.9, Max: 1029, Diff: 1028, Sum: 6599]
      [GC Worker Other (ms): Min: 0.0, Avg: 0.0, Max: 0.1, Diff: 0.1, Sum: 0.4]
      [GC Worker Total (ms): Min: 151.5, Avg: 151.6, Max: 151.7, Diff: 0.2, Sum: 1212.7]
      [GC Worker End (ms): Min: 149245.7, Avg: 149245.8, Max: 149245.8, Diff: 0.1]
   [Code Root Fixup: 0.0 ms]
   [Code Root Purge: 0.0 ms]
   [Clear CT: 0.2 ms]
   [Other: 1.0 ms]
      [Choose CSet: 0.0 ms]
      [Ref Proc: 0.2 ms]
      [Ref Enq: 0.0 ms]
      [Redirty Cards: 0.2 ms]
      [Humongous Register: 0.0 ms]
      [Humongous Reclaim: 0.0 ms]
      [Free CSet: 0.3 ms]
   [Eden: 270.0M(270.0M)->0.0B(278.0M) Survivors: 35.0M->39.0M Heap: 641.6M(2048.0M)->643.6M(2048.0M)]
 [Times: user=1.13 sys=0.00, real=0.15 secs] 
2020-09-29T11:31:35.969+0200: 149.402: [GC pause (G1 Evacuation Pause) (young), 0.1629698 secs]
   [Parallel Time: 162.0 ms, GC Workers: 8]
      [GC Worker Start (ms): Min: 149401.8, Avg: 149401.9, Max: 149402.0, Diff: 0.2]
      [Ext Root Scanning (ms): Min: 0.0, Avg: 0.1, Max: 0.2, Diff: 0.2, Sum: 0.5]
      [Update RS (ms): Min: 18.9, Avg: 19.1, Max: 19.7, Diff: 0.8, Sum: 152.9]
         [Processed Buffers: Min: 19, Avg: 21.1, Max: 24, Diff: 5, Sum: 169]
      [Scan RS (ms): Min: 15.4, Avg: 16.0, Max: 16.3, Diff: 0.9, Sum: 127.9]
      [Code Root Scanning (ms): Min: 0.0, Avg: 0.0, Max: 0.0, Diff: 0.0, Sum: 0.0]
      [Object Copy (ms): Min: 126.4, Avg: 126.4, Max: 126.5, Diff: 0.1, Sum: 1011.5]
      [Termination (ms): Min: 0.0, Avg: 0.1, Max: 0.2, Diff: 0.2, Sum: 0.8]
         [Termination Attempts: Min: 1, Avg: 664.0, Max: 966, Diff: 965, Sum: 5312]
      [GC Worker Other (ms): Min: 0.0, Avg: 0.0, Max: 0.1, Diff: 0.1, Sum: 0.4]
      [GC Worker Total (ms): Min: 161.7, Avg: 161.7, Max: 161.9, Diff: 0.2, Sum: 1294.0]
      [GC Worker End (ms): Min: 149563.6, Avg: 149563.6, Max: 149563.7, Diff: 0.1]
   [Code Root Fixup: 0.0 ms]
   [Code Root Purge: 0.0 ms]
   [Clear CT: 0.2 ms]
   [Other: 0.8 ms]
      [Choose CSet: 0.0 ms]
      [Ref Proc: 0.2 ms]
      [Ref Enq: 0.0 ms]
      [Redirty Cards: 0.2 ms]
      [Humongous Register: 0.0 ms]
      [Humongous Reclaim: 0.0 ms]
      [Free CSet: 0.2 ms]
   [Eden: 278.0M(278.0M)->0.0B(284.0M) Survivors: 39.0M->40.0M Heap: 967.3M(2048.0M)->969.8M(2048.0M)]
 [Times: user=1.36 sys=0.02, real=0.16 secs] 
2020-09-29T11:31:36.146+0200: 149.579: [GC pause (G1 Humongous Allocation) (young) (initial-mark), 0.0498233 secs]
   [Parallel Time: 49.0 ms, GC Workers: 8]
      [GC Worker Start (ms): Min: 149579.0, Avg: 149579.0, Max: 149579.1, Diff: 0.1]
      [Ext Root Scanning (ms): Min: 0.0, Avg: 0.1, Max: 0.1, Diff: 0.1, Sum: 0.7]
      [Update RS (ms): Min: 26.7, Avg: 27.0, Max: 27.3, Diff: 0.6, Sum: 215.8]
         [Processed Buffers: Min: 30, Avg: 31.9, Max: 35, Diff: 5, Sum: 255]
      [Scan RS (ms): Min: 2.2, Avg: 2.6, Max: 2.8, Diff: 0.6, Sum: 20.5]
      [Code Root Scanning (ms): Min: 0.0, Avg: 0.0, Max: 0.0, Diff: 0.0, Sum: 0.0]
      [Object Copy (ms): Min: 18.6, Avg: 19.1, Max: 19.2, Diff: 0.7, Sum: 153.1]
      [Termination (ms): Min: 0.0, Avg: 0.0, Max: 0.0, Diff: 0.0, Sum: 0.1]
         [Termination Attempts: Min: 1, Avg: 38.6, Max: 52, Diff: 51, Sum: 309]
      [GC Worker Other (ms): Min: 0.0, Avg: 0.0, Max: 0.0, Diff: 0.0, Sum: 0.1]
      [GC Worker Total (ms): Min: 48.7, Avg: 48.8, Max: 48.8, Diff: 0.1, Sum: 390.3]
      [GC Worker End (ms): Min: 149627.8, Avg: 149627.8, Max: 149627.8, Diff: 0.0]
   [Code Root Fixup: 0.0 ms]
   [Code Root Purge: 0.0 ms]
   [Clear CT: 0.2 ms]
   [Other: 0.7 ms]
      [Choose CSet: 0.0 ms]
      [Ref Proc: 0.2 ms]
      [Ref Enq: 0.0 ms]
      [Redirty Cards: 0.2 ms]
      [Humongous Register: 0.0 ms]
      [Humongous Reclaim: 0.0 ms]
      [Free CSet: 0.1 ms]
   [Eden: 9216.0K(284.0M)->0.0B(333.0M) Survivors: 40.0M->10.0M Heap: 978.3M(2048.0M)->981.3M(2048.0M)]
 [Times: user=0.38 sys=0.00, real=0.05 secs] 
2020-09-29T11:31:36.196+0200: 149.629: [GC concurrent-root-region-scan-start]
2020-09-29T11:31:36.199+0200: 149.632: [GC concurrent-root-region-scan-end, 0.0029324 secs]
2020-09-29T11:31:36.199+0200: 149.632: [GC concurrent-mark-start]
2020-09-29T11:31:36.201+0200: 149.634: [GC concurrent-mark-end, 0.0025434 secs]
2020-09-29T11:31:36.202+0200: 149.634: [GC remark 2020-09-29T11:31:36.202+0200: 149.634: [Finalize Marking, 0.0002282 secs] 2020-09-29T11:31:36.202+0200: 149.635: [GC ref-proc, 0.0002835 secs] 2020-09-29T11:31:36.202+0200: 149.635: [Unloading, 0.0003924 secs], 0.0011791 secs]
 [Times: user=0.00 sys=0.00, real=0.00 secs] 
2020-09-29T11:31:36.203+0200: 149.636: [GC cleanup 994M->32M(2048M), 0.0011766 secs]
 [Times: user=0.00 sys=0.00, real=0.00 secs] 
2020-09-29T11:31:36.204+0200: 149.637: [GC concurrent-cleanup-start]
2020-09-29T11:31:36.206+0200: 149.639: [GC concurrent-cleanup-end, 0.0013175 secs]
2020-09-29T11:31:36.388+0200: 149.821: [GC pause (G1 Evacuation Pause) (young), 0.1730134 secs]
   [Parallel Time: 171.8 ms, GC Workers: 8]
      [GC Worker Start (ms): Min: 149820.8, Avg: 149820.8, Max: 149820.9, Diff: 0.1]
      [Ext Root Scanning (ms): Min: 0.0, Avg: 0.1, Max: 0.1, Diff: 0.1, Sum: 0.5]
      [Update RS (ms): Min: 14.8, Avg: 15.0, Max: 15.2, Diff: 0.4, Sum: 119.8]
         [Processed Buffers: Min: 15, Avg: 17.4, Max: 19, Diff: 4, Sum: 139]
      [Scan RS (ms): Min: 17.1, Avg: 17.4, Max: 17.8, Diff: 0.7, Sum: 138.9]
      [Code Root Scanning (ms): Min: 0.0, Avg: 0.0, Max: 0.0, Diff: 0.0, Sum: 0.0]
      [Object Copy (ms): Min: 138.6, Avg: 138.8, Max: 139.2, Diff: 0.7, Sum: 1110.6]
      [Termination (ms): Min: 0.0, Avg: 0.3, Max: 0.5, Diff: 0.5, Sum: 2.8]
         [Termination Attempts: Min: 1, Avg: 2256.1, Max: 2927, Diff: 2926, Sum: 18049]
      [GC Worker Other (ms): Min: 0.0, Avg: 0.0, Max: 0.1, Diff: 0.1, Sum: 0.3]
      [GC Worker Total (ms): Min: 171.6, Avg: 171.6, Max: 171.7, Diff: 0.2, Sum: 1373.1]
      [GC Worker End (ms): Min: 149992.4, Avg: 149992.5, Max: 149992.5, Diff: 0.1]
   [Code Root Fixup: 0.0 ms]
   [Code Root Purge: 0.0 ms]
   [Clear CT: 0.2 ms]
   [Other: 1.0 ms]
      [Choose CSet: 0.0 ms]
      [Ref Proc: 0.1 ms]
      [Ref Enq: 0.0 ms]
      [Redirty Cards: 0.2 ms]
      [Humongous Register: 0.1 ms]
      [Humongous Reclaim: 0.0 ms]
      [Free CSet: 0.3 ms]
   [Eden: 333.0M(333.0M)->0.0B(302.0M) Survivors: 10.0M->43.0M Heap: 410.2M(2048.0M)->402.7M(2048.0M)]
 [Times: user=1.36 sys=0.00, real=0.17 secs] 
2020-09-29T11:31:36.743+0200: 150.176: [GC pause (G1 Evacuation Pause) (young), 0.1899010 secs]
   [Parallel Time: 188.7 ms, GC Workers: 8]
      [GC Worker Start (ms): Min: 150176.1, Avg: 150176.2, Max: 150176.3, Diff: 0.2]
      [Ext Root Scanning (ms): Min: 0.0, Avg: 0.1, Max: 0.2, Diff: 0.2, Sum: 0.5]
      [Update RS (ms): Min: 18.9, Avg: 19.1, Max: 19.7, Diff: 0.8, Sum: 152.8]
         [Processed Buffers: Min: 18, Avg: 19.0, Max: 23, Diff: 5, Sum: 152]
      [Scan RS (ms): Min: 19.5, Avg: 21.1, Max: 28.7, Diff: 9.2, Sum: 168.5]
      [Code Root Scanning (ms): Min: 0.0, Avg: 0.0, Max: 0.0, Diff: 0.0, Sum: 0.0]
      [Object Copy (ms): Min: 140.5, Avg: 148.1, Max: 149.4, Diff: 9.0, Sum: 1184.9]
      [Termination (ms): Min: 0.0, Avg: 0.2, Max: 0.2, Diff: 0.2, Sum: 1.2]
         [Termination Attempts: Min: 1, Avg: 1131.3, Max: 1396, Diff: 1395, Sum: 9050]
      [GC Worker Other (ms): Min: 0.0, Avg: 0.0, Max: 0.1, Diff: 0.1, Sum: 0.4]
      [GC Worker Total (ms): Min: 188.5, Avg: 188.5, Max: 188.6, Diff: 0.2, Sum: 1508.3]
      [GC Worker End (ms): Min: 150364.7, Avg: 150364.7, Max: 150364.8, Diff: 0.1]
   [Code Root Fixup: 0.0 ms]
   [Code Root Purge: 0.0 ms]
   [Clear CT: 0.2 ms]
   [Other: 1.0 ms]
      [Choose CSet: 0.0 ms]
      [Ref Proc: 0.2 ms]
      [Ref Enq: 0.0 ms]
      [Redirty Cards: 0.3 ms]
      [Humongous Register: 0.0 ms]
      [Humongous Reclaim: 0.0 ms]
      [Free CSet: 0.3 ms]
   [Eden: 302.0M(302.0M)->0.0B(283.0M) Survivors: 43.0M->44.0M Heap: 754.3M(2048.0M)->755.8M(2048.0M)]
 [Times: user=1.48 sys=0.00, real=0.19 secs] 
2020-09-29T11:31:37.090+0200: 150.523: [GC pause (G1 Evacuation Pause) (young), 0.1617610 secs]
   [Parallel Time: 160.7 ms, GC Workers: 8]
      [GC Worker Start (ms): Min: 150523.3, Avg: 150523.4, Max: 150523.5, Diff: 0.2]
      [Ext Root Scanning (ms): Min: 0.0, Avg: 0.1, Max: 0.2, Diff: 0.2, Sum: 0.7]
      [Update RS (ms): Min: 19.9, Avg: 20.0, Max: 20.3, Diff: 0.4, Sum: 160.2]
         [Processed Buffers: Min: 17, Avg: 19.8, Max: 23, Diff: 6, Sum: 158]
      [Scan RS (ms): Min: 16.6, Avg: 16.8, Max: 17.0, Diff: 0.4, Sum: 134.5]
      [Code Root Scanning (ms): Min: 0.0, Avg: 0.0, Max: 0.0, Diff: 0.0, Sum: 0.0]
      [Object Copy (ms): Min: 123.3, Avg: 123.5, Max: 123.6, Diff: 0.3, Sum: 988.0]
      [Termination (ms): Min: 0.0, Avg: 0.0, Max: 0.0, Diff: 0.0, Sum: 0.2]
         [Termination Attempts: Min: 1, Avg: 148.1, Max: 184, Diff: 183, Sum: 1185]
      [GC Worker Other (ms): Min: 0.0, Avg: 0.0, Max: 0.1, Diff: 0.1, Sum: 0.4]
      [GC Worker Total (ms): Min: 160.4, Avg: 160.5, Max: 160.6, Diff: 0.2, Sum: 1284.0]
      [GC Worker End (ms): Min: 150683.9, Avg: 150683.9, Max: 150683.9, Diff: 0.0]
   [Code Root Fixup: 0.0 ms]
   [Code Root Purge: 0.0 ms]
   [Clear CT: 0.2 ms]
   [Other: 0.9 ms]
      [Choose CSet: 0.0 ms]
      [Ref Proc: 0.2 ms]
      [Ref Enq: 0.0 ms]
      [Redirty Cards: 0.2 ms]
      [Humongous Register: 0.0 ms]
      [Humongous Reclaim: 0.0 ms]
      [Free CSet: 0.3 ms]
   [Eden: 283.0M(283.0M)->0.0B(292.0M) Survivors: 44.0M->41.0M Heap: 1086.5M(2048.0M)->1088.0M(2048.0M)]
 [Times: user=1.25 sys=0.00, real=0.16 secs] 
2020-09-29T11:31:37.272+0200: 150.705: [GC pause (G1 Humongous Allocation) (young) (initial-mark), 0.0527783 secs]
   [Parallel Time: 51.4 ms, GC Workers: 8]
      [GC Worker Start (ms): Min: 150705.4, Avg: 150705.5, Max: 150705.5, Diff: 0.1]
      [Ext Root Scanning (ms): Min: 0.0, Avg: 0.1, Max: 0.1, Diff: 0.1, Sum: 0.7]
      [Update RS (ms): Min: 23.0, Avg: 23.1, Max: 23.5, Diff: 0.5, Sum: 184.9]
         [Processed Buffers: Min: 24, Avg: 26.6, Max: 29, Diff: 5, Sum: 213]
      [Scan RS (ms): Min: 2.1, Avg: 2.5, Max: 2.7, Diff: 0.6, Sum: 19.9]
      [Code Root Scanning (ms): Min: 0.0, Avg: 0.0, Max: 0.0, Diff: 0.0, Sum: 0.0]
      [Object Copy (ms): Min: 25.3, Avg: 25.4, Max: 25.5, Diff: 0.2, Sum: 202.9]
      [Termination (ms): Min: 0.0, Avg: 0.1, Max: 0.1, Diff: 0.1, Sum: 0.7]
         [Termination Attempts: Min: 1, Avg: 645.4, Max: 796, Diff: 795, Sum: 5163]
      [GC Worker Other (ms): Min: 0.0, Avg: 0.0, Max: 0.0, Diff: 0.0, Sum: 0.2]
      [GC Worker Total (ms): Min: 51.1, Avg: 51.2, Max: 51.2, Diff: 0.1, Sum: 409.3]
      [GC Worker End (ms): Min: 150756.6, Avg: 150756.6, Max: 150756.6, Diff: 0.0]
   [Code Root Fixup: 0.0 ms]
   [Code Root Purge: 0.0 ms]
   [Clear CT: 0.2 ms]
   [Other: 1.2 ms]
      [Choose CSet: 0.0 ms]
      [Ref Proc: 0.6 ms]
      [Ref Enq: 0.0 ms]
      [Redirty Cards: 0.2 ms]
      [Humongous Register: 0.0 ms]
      [Humongous Reclaim: 0.0 ms]
      [Free CSet: 0.1 ms]
   [Eden: 10.0M(292.0M)->0.0B(318.0M) Survivors: 41.0M->11.0M Heap: 1097.5M(2048.0M)->1101.0M(2048.0M)]
 [Times: user=0.36 sys=0.00, real=0.05 secs] 
2020-09-29T11:31:37.325+0200: 150.758: [GC concurrent-root-region-scan-start]
2020-09-29T11:31:37.328+0200: 150.761: [GC concurrent-root-region-scan-end, 0.0024250 secs]
2020-09-29T11:31:37.328+0200: 150.761: [GC concurrent-mark-start]
2020-09-29T11:31:37.331+0200: 150.764: [GC concurrent-mark-end, 0.0034754 secs]
2020-09-29T11:31:37.332+0200: 150.765: [GC remark 2020-09-29T11:31:37.332+0200: 150.765: [Finalize Marking, 0.0002225 secs] 2020-09-29T11:31:37.332+0200: 150.765: [GC ref-proc, 0.0003028 secs] 2020-09-29T11:31:37.332+0200: 150.765: [Unloading, 0.0004820 secs], 0.0014304 secs]
 [Times: user=0.00 sys=0.00, real=0.00 secs] 
2020-09-29T11:31:37.333+0200: 150.766: [GC cleanup 1114M->34M(2048M), 0.0013901 secs]
 [Times: user=0.00 sys=0.00, real=0.00 secs] 
2020-09-29T11:31:37.335+0200: 150.768: [GC concurrent-cleanup-start]
2020-09-29T11:31:37.337+0200: 150.770: [GC concurrent-cleanup-end, 0.0022017 secs]
2020-09-29T11:31:37.491+0200: 150.923: [GC pause (G1 Evacuation Pause) (young), 0.1609372 secs]
   [Parallel Time: 159.3 ms, GC Workers: 8]
      [GC Worker Start (ms): Min: 150922.9, Avg: 150923.0, Max: 150923.1, Diff: 0.2]
      [Ext Root Scanning (ms): Min: 0.0, Avg: 0.1, Max: 0.2, Diff: 0.2, Sum: 0.5]
      [Update RS (ms): Min: 17.5, Avg: 17.9, Max: 18.5, Diff: 0.9, Sum: 143.3]
         [Processed Buffers: Min: 16, Avg: 17.6, Max: 18, Diff: 2, Sum: 141]
      [Scan RS (ms): Min: 16.1, Avg: 16.8, Max: 17.3, Diff: 1.2, Sum: 134.3]
      [Code Root Scanning (ms): Min: 0.0, Avg: 0.0, Max: 0.0, Diff: 0.0, Sum: 0.0]
      [Object Copy (ms): Min: 124.1, Avg: 124.2, Max: 124.4, Diff: 0.3, Sum: 994.0]
      [Termination (ms): Min: 0.0, Avg: 0.0, Max: 0.0, Diff: 0.0, Sum: 0.0]
         [Termination Attempts: Min: 1, Avg: 35.1, Max: 50, Diff: 49, Sum: 281]
      [GC Worker Other (ms): Min: 0.0, Avg: 0.1, Max: 0.1, Diff: 0.1, Sum: 0.4]
      [GC Worker Total (ms): Min: 159.0, Avg: 159.1, Max: 159.1, Diff: 0.1, Sum: 1272.6]
      [GC Worker End (ms): Min: 151082.1, Avg: 151082.1, Max: 151082.1, Diff: 0.1]
   [Code Root Fixup: 0.0 ms]
   [Code Root Purge: 0.0 ms]
   [Clear CT: 0.5 ms]
   [Other: 1.1 ms]
      [Choose CSet: 0.0 ms]
      [Ref Proc: 0.2 ms]
      [Ref Enq: 0.0 ms]
      [Redirty Cards: 0.3 ms]
      [Humongous Register: 0.0 ms]
      [Humongous Reclaim: 0.0 ms]
      [Free CSet: 0.3 ms]
   [Eden: 318.0M(318.0M)->0.0B(300.0M) Survivors: 11.0M->42.0M Heap: 392.4M(2048.0M)->383.4M(2048.0M)]
 [Times: user=1.22 sys=0.00, real=0.16 secs] 
2020-09-29T11:31:37.817+0200: 151.249: [GC pause (G1 Evacuation Pause) (young), 0.1668527 secs]
   [Parallel Time: 165.6 ms, GC Workers: 8]
      [GC Worker Start (ms): Min: 151248.7, Avg: 151248.8, Max: 151248.9, Diff: 0.2]
      [Ext Root Scanning (ms): Min: 0.0, Avg: 0.1, Max: 0.2, Diff: 0.2, Sum: 0.5]
      [Update RS (ms): Min: 15.0, Avg: 15.3, Max: 15.8, Diff: 0.8, Sum: 122.2]
         [Processed Buffers: Min: 14, Avg: 15.3, Max: 16, Diff: 2, Sum: 122]
      [Scan RS (ms): Min: 18.3, Avg: 18.9, Max: 19.2, Diff: 0.9, Sum: 151.0]
      [Code Root Scanning (ms): Min: 0.0, Avg: 0.0, Max: 0.0, Diff: 0.0, Sum: 0.0]
      [Object Copy (ms): Min: 131.0, Avg: 131.0, Max: 131.1, Diff: 0.1, Sum: 1048.2]
      [Termination (ms): Min: 0.0, Avg: 0.1, Max: 0.1, Diff: 0.1, Sum: 0.6]
         [Termination Attempts: Min: 1, Avg: 570.8, Max: 732, Diff: 731, Sum: 4566]
      [GC Worker Other (ms): Min: 0.0, Avg: 0.0, Max: 0.1, Diff: 0.1, Sum: 0.3]
      [GC Worker Total (ms): Min: 165.3, Avg: 165.3, Max: 165.5, Diff: 0.2, Sum: 1322.8]
      [GC Worker End (ms): Min: 151414.1, Avg: 151414.1, Max: 151414.2, Diff: 0.1]
   [Code Root Fixup: 0.0 ms]
   [Code Root Purge: 0.0 ms]
   [Clear CT: 0.2 ms]
   [Other: 1.0 ms]
      [Choose CSet: 0.0 ms]
      [Ref Proc: 0.2 ms]
      [Ref Enq: 0.0 ms]
      [Redirty Cards: 0.4 ms]
      [Humongous Register: 0.0 ms]
      [Humongous Reclaim: 0.0 ms]
      [Free CSet: 0.2 ms]
   [Eden: 300.0M(300.0M)->0.0B(299.0M) Survivors: 42.0M->43.0M Heap: 733.0M(2048.0M)->735.0M(2048.0M)]
 [Times: user=1.34 sys=0.03, real=0.17 secs] 
2020-09-29T11:31:38.145+0200: 151.577: [GC pause (G1 Evacuation Pause) (young), 0.1670547 secs]
   [Parallel Time: 166.0 ms, GC Workers: 8]
      [GC Worker Start (ms): Min: 151576.9, Avg: 151577.0, Max: 151577.1, Diff: 0.2]
      [Ext Root Scanning (ms): Min: 0.0, Avg: 0.1, Max: 0.2, Diff: 0.2, Sum: 0.4]
      [Update RS (ms): Min: 15.3, Avg: 15.4, Max: 15.5, Diff: 0.2, Sum: 123.3]
         [Processed Buffers: Min: 16, Avg: 18.4, Max: 21, Diff: 5, Sum: 147]
      [Scan RS (ms): Min: 17.1, Avg: 17.2, Max: 17.4, Diff: 0.2, Sum: 138.0]
      [Code Root Scanning (ms): Min: 0.0, Avg: 0.0, Max: 0.0, Diff: 0.0, Sum: 0.0]
      [Object Copy (ms): Min: 132.9, Avg: 133.0, Max: 133.1, Diff: 0.3, Sum: 1064.1]
      [Termination (ms): Min: 0.0, Avg: 0.0, Max: 0.0, Diff: 0.0, Sum: 0.0]
         [Termination Attempts: Min: 1, Avg: 33.8, Max: 44, Diff: 43, Sum: 270]
      [GC Worker Other (ms): Min: 0.0, Avg: 0.1, Max: 0.1, Diff: 0.1, Sum: 0.5]
      [GC Worker Total (ms): Min: 165.7, Avg: 165.8, Max: 165.9, Diff: 0.2, Sum: 1326.3]
      [GC Worker End (ms): Min: 151742.8, Avg: 151742.8, Max: 151742.9, Diff: 0.1]
   [Code Root Fixup: 0.0 ms]
   [Code Root Purge: 0.0 ms]
   [Clear CT: 0.2 ms]
   [Other: 0.8 ms]
      [Choose CSet: 0.0 ms]
      [Ref Proc: 0.2 ms]
      [Ref Enq: 0.0 ms]
      [Redirty Cards: 0.3 ms]
      [Humongous Register: 0.0 ms]
      [Humongous Reclaim: 0.0 ms]
      [Free CSet: 0.2 ms]
   [Eden: 299.0M(299.0M)->0.0B(303.0M) Survivors: 43.0M->43.0M Heap: 1085.5M(2048.0M)->1087.5M(2048.0M)]
 [Times: user=1.36 sys=0.01, real=0.17 secs] 
2020-09-29T11:31:38.317+0200: 151.749: [GC pause (G1 Humongous Allocation) (young) (initial-mark), 0.0713023 secs]
   [Parallel Time: 70.6 ms, GC Workers: 8]
      [GC Worker Start (ms): Min: 151749.2, Avg: 151749.3, Max: 151749.3, Diff: 0.1]
      [Ext Root Scanning (ms): Min: 0.0, Avg: 0.1, Max: 0.1, Diff: 0.1, Sum: 0.6]
      [Update RS (ms): Min: 44.2, Avg: 44.4, Max: 44.8, Diff: 0.6, Sum: 354.9]
         [Processed Buffers: Min: 48, Avg: 52.6, Max: 55, Diff: 7, Sum: 421]
      [Scan RS (ms): Min: 1.1, Avg: 1.4, Max: 1.6, Diff: 0.5, Sum: 11.5]
      [Code Root Scanning (ms): Min: 0.0, Avg: 0.0, Max: 0.0, Diff: 0.0, Sum: 0.0]
      [Object Copy (ms): Min: 24.4, Avg: 24.4, Max: 24.5, Diff: 0.1, Sum: 195.5]
      [Termination (ms): Min: 0.0, Avg: 0.0, Max: 0.0, Diff: 0.0, Sum: 0.3]
         [Termination Attempts: Min: 1, Avg: 222.9, Max: 275, Diff: 274, Sum: 1783]
      [GC Worker Other (ms): Min: 0.0, Avg: 0.0, Max: 0.1, Diff: 0.0, Sum: 0.2]
      [GC Worker Total (ms): Min: 70.3, Avg: 70.4, Max: 70.4, Diff: 0.1, Sum: 563.0]
      [GC Worker End (ms): Min: 151819.6, Avg: 151819.6, Max: 151819.7, Diff: 0.0]
   [Code Root Fixup: 0.0 ms]
   [Code Root Purge: 0.0 ms]
   [Clear CT: 0.1 ms]
   [Other: 0.6 ms]
      [Choose CSet: 0.0 ms]
      [Ref Proc: 0.2 ms]
      [Ref Enq: 0.0 ms]
      [Redirty Cards: 0.1 ms]
      [Humongous Register: 0.0 ms]
      [Humongous Reclaim: 0.0 ms]
      [Free CSet: 0.1 ms]
   [Eden: 11.0M(303.0M)->0.0B(310.0M) Survivors: 43.0M->13.0M Heap: 1098.0M(2048.0M)->1101.5M(2048.0M)]
 [Times: user=0.61 sys=0.00, real=0.07 secs] 
2020-09-29T11:31:38.389+0200: 151.821: [GC concurrent-root-region-scan-start]
2020-09-29T11:31:38.392+0200: 151.824: [GC concurrent-root-region-scan-end, 0.0032005 secs]
2020-09-29T11:31:38.392+0200: 151.824: [GC concurrent-mark-start]
2020-09-29T11:31:38.395+0200: 151.827: [GC concurrent-mark-end, 0.0031576 secs]
2020-09-29T11:31:38.395+0200: 151.827: [GC remark 2020-09-29T11:31:38.395+0200: 151.827: [Finalize Marking, 0.0003229 secs] 2020-09-29T11:31:38.396+0200: 151.827: [GC ref-proc, 0.0002927 secs] 2020-09-29T11:31:38.396+0200: 151.828: [Unloading, 0.0004686 secs], 0.0014722 secs]
 [Times: user=0.00 sys=0.02, real=0.00 secs] 
2020-09-29T11:31:38.397+0200: 151.829: [GC cleanup 1114M->36M(2048M), 0.0012993 secs]
 [Times: user=0.00 sys=0.00, real=0.00 secs] 
2020-09-29T11:31:38.398+0200: 151.830: [GC concurrent-cleanup-start]
2020-09-29T11:31:38.402+0200: 151.834: [GC concurrent-cleanup-end, 0.0032441 secs]
2020-09-29T11:31:38.570+0200: 152.003: [GC pause (G1 Evacuation Pause) (young), 0.1635810 secs]
   [Parallel Time: 162.0 ms, GC Workers: 8]
      [GC Worker Start (ms): Min: 152002.6, Avg: 152002.7, Max: 152002.8, Diff: 0.2]
      [Ext Root Scanning (ms): Min: 0.0, Avg: 0.1, Max: 0.1, Diff: 0.1, Sum: 0.5]
      [Update RS (ms): Min: 20.3, Avg: 20.5, Max: 21.2, Diff: 1.0, Sum: 163.8]
         [Processed Buffers: Min: 17, Avg: 20.3, Max: 24, Diff: 7, Sum: 162]
      [Scan RS (ms): Min: 14.8, Avg: 15.6, Max: 15.9, Diff: 1.1, Sum: 124.9]
      [Code Root Scanning (ms): Min: 0.0, Avg: 0.0, Max: 0.0, Diff: 0.0, Sum: 0.0]
      [Object Copy (ms): Min: 125.4, Avg: 125.6, Max: 125.7, Diff: 0.2, Sum: 1004.6]
      [Termination (ms): Min: 0.0, Avg: 0.1, Max: 0.1, Diff: 0.1, Sum: 0.5]
         [Termination Attempts: Min: 1, Avg: 408.6, Max: 510, Diff: 509, Sum: 3269]
      [GC Worker Other (ms): Min: 0.0, Avg: 0.1, Max: 0.1, Diff: 0.1, Sum: 0.4]
      [GC Worker Total (ms): Min: 161.7, Avg: 161.8, Max: 161.9, Diff: 0.2, Sum: 1294.6]
      [GC Worker End (ms): Min: 152164.5, Avg: 152164.5, Max: 152164.6, Diff: 0.1]
   [Code Root Fixup: 0.0 ms]
   [Code Root Purge: 0.0 ms]
   [Clear CT: 0.3 ms]
   [Other: 1.3 ms]
      [Choose CSet: 0.0 ms]
      [Ref Proc: 0.3 ms]
      [Ref Enq: 0.0 ms]
      [Redirty Cards: 0.3 ms]
      [Humongous Register: 0.0 ms]
      [Humongous Reclaim: 0.0 ms]
      [Free CSet: 0.3 ms]
   [Eden: 310.0M(310.0M)->0.0B(293.0M) Survivors: 13.0M->41.0M Heap: 386.4M(2048.0M)->375.4M(2048.0M)]
 [Times: user=1.23 sys=0.00, real=0.16 secs] 
2020-09-29T11:31:38.882+0200: 152.315: [GC pause (G1 Evacuation Pause) (young), 0.1697384 secs]
   [Parallel Time: 168.7 ms, GC Workers: 8]
      [GC Worker Start (ms): Min: 152314.6, Avg: 152314.7, Max: 152314.8, Diff: 0.1]
      [Ext Root Scanning (ms): Min: 0.0, Avg: 0.1, Max: 0.2, Diff: 0.1, Sum: 0.6]
      [Update RS (ms): Min: 14.0, Avg: 14.1, Max: 14.4, Diff: 0.4, Sum: 113.1]
         [Processed Buffers: Min: 16, Avg: 16.3, Max: 17, Diff: 1, Sum: 130]
      [Scan RS (ms): Min: 16.5, Avg: 16.7, Max: 16.9, Diff: 0.4, Sum: 133.8]
      [Code Root Scanning (ms): Min: 0.0, Avg: 0.0, Max: 0.0, Diff: 0.0, Sum: 0.0]
      [Object Copy (ms): Min: 137.4, Avg: 137.5, Max: 137.5, Diff: 0.1, Sum: 1099.6]
      [Termination (ms): Min: 0.0, Avg: 0.1, Max: 0.1, Diff: 0.1, Sum: 0.5]
         [Termination Attempts: Min: 1, Avg: 433.5, Max: 533, Diff: 532, Sum: 3468]
      [GC Worker Other (ms): Min: 0.0, Avg: 0.0, Max: 0.1, Diff: 0.1, Sum: 0.4]
      [GC Worker Total (ms): Min: 168.4, Avg: 168.5, Max: 168.6, Diff: 0.2, Sum: 1348.0]
      [GC Worker End (ms): Min: 152483.2, Avg: 152483.2, Max: 152483.3, Diff: 0.1]
   [Code Root Fixup: 0.0 ms]
   [Code Root Purge: 0.0 ms]
   [Clear CT: 0.1 ms]
   [Other: 0.9 ms]
      [Choose CSet: 0.0 ms]
      [Ref Proc: 0.1 ms]
      [Ref Enq: 0.0 ms]
      [Redirty Cards: 0.2 ms]
      [Humongous Register: 0.0 ms]
      [Humongous Reclaim: 0.0 ms]
      [Free CSet: 0.3 ms]
   [Eden: 293.0M(293.0M)->0.0B(293.0M) Survivors: 41.0M->42.0M Heap: 716.1M(2048.0M)->717.6M(2048.0M)]
 [Times: user=1.36 sys=0.01, real=0.17 secs] 
2020-09-29T11:31:39.215+0200: 152.648: [GC pause (G1 Evacuation Pause) (young), 0.1654985 secs]
   [Parallel Time: 164.1 ms, GC Workers: 8]
      [GC Worker Start (ms): Min: 152647.9, Avg: 152648.0, Max: 152648.1, Diff: 0.2]
      [Ext Root Scanning (ms): Min: 0.0, Avg: 0.1, Max: 0.2, Diff: 0.2, Sum: 0.6]
      [Update RS (ms): Min: 15.6, Avg: 15.6, Max: 15.8, Diff: 0.2, Sum: 125.0]
         [Processed Buffers: Min: 17, Avg: 18.5, Max: 21, Diff: 4, Sum: 148]
      [Scan RS (ms): Min: 16.1, Avg: 16.4, Max: 16.6, Diff: 0.5, Sum: 130.9]
      [Code Root Scanning (ms): Min: 0.0, Avg: 0.0, Max: 0.0, Diff: 0.0, Sum: 0.0]
      [Object Copy (ms): Min: 131.6, Avg: 131.7, Max: 131.8, Diff: 0.3, Sum: 1053.7]
      [Termination (ms): Min: 0.0, Avg: 0.1, Max: 0.1, Diff: 0.1, Sum: 0.4]
         [Termination Attempts: Min: 1, Avg: 356.9, Max: 443, Diff: 442, Sum: 2855]
      [GC Worker Other (ms): Min: 0.0, Avg: 0.0, Max: 0.1, Diff: 0.1, Sum: 0.3]
      [GC Worker Total (ms): Min: 163.8, Avg: 163.9, Max: 164.0, Diff: 0.2, Sum: 1310.9]
      [GC Worker End (ms): Min: 152811.8, Avg: 152811.9, Max: 152811.9, Diff: 0.1]
   [Code Root Fixup: 0.0 ms]
   [Code Root Purge: 0.0 ms]
   [Clear CT: 0.3 ms]
   [Other: 1.1 ms]
      [Choose CSet: 0.0 ms]
      [Ref Proc: 0.2 ms]
      [Ref Enq: 0.0 ms]
      [Redirty Cards: 0.5 ms]
      [Humongous Register: 0.0 ms]
      [Humongous Reclaim: 0.0 ms]
      [Free CSet: 0.2 ms]
   [Eden: 293.0M(293.0M)->0.0B(299.0M) Survivors: 42.0M->42.0M Heap: 1060.2M(2048.0M)->1062.7M(2048.0M)]
 [Times: user=1.38 sys=0.00, real=0.17 secs] 
2020-09-29T11:31:39.392+0200: 152.824: [GC pause (G1 Humongous Allocation) (young) (initial-mark), 0.0613542 secs]
   [Parallel Time: 60.5 ms, GC Workers: 8]
      [GC Worker Start (ms): Min: 152824.6, Avg: 152824.7, Max: 152824.7, Diff: 0.2]
      [Ext Root Scanning (ms): Min: 0.0, Avg: 0.2, Max: 0.3, Diff: 0.3, Sum: 1.4]
      [Update RS (ms): Min: 32.9, Avg: 33.3, Max: 33.6, Diff: 0.7, Sum: 266.4]
         [Processed Buffers: Min: 38, Avg: 40.5, Max: 45, Diff: 7, Sum: 324]
      [Scan RS (ms): Min: 2.4, Avg: 2.8, Max: 3.1, Diff: 0.7, Sum: 22.2]
      [Code Root Scanning (ms): Min: 0.0, Avg: 0.0, Max: 0.0, Diff: 0.0, Sum: 0.0]
      [Object Copy (ms): Min: 23.9, Avg: 24.0, Max: 24.0, Diff: 0.1, Sum: 191.8]
      [Termination (ms): Min: 0.0, Avg: 0.0, Max: 0.0, Diff: 0.0, Sum: 0.2]
         [Termination Attempts: Min: 1, Avg: 166.1, Max: 206, Diff: 205, Sum: 1329]
      [GC Worker Other (ms): Min: 0.0, Avg: 0.0, Max: 0.0, Diff: 0.0, Sum: 0.2]
      [GC Worker Total (ms): Min: 60.2, Avg: 60.3, Max: 60.4, Diff: 0.2, Sum: 482.2]
      [GC Worker End (ms): Min: 152884.9, Avg: 152884.9, Max: 152884.9, Diff: 0.0]
   [Code Root Fixup: 0.0 ms]
   [Code Root Purge: 0.0 ms]
   [Clear CT: 0.2 ms]
   [Other: 0.7 ms]
      [Choose CSet: 0.0 ms]
      [Ref Proc: 0.2 ms]
      [Ref Enq: 0.0 ms]
      [Redirty Cards: 0.2 ms]
      [Humongous Register: 0.0 ms]
      [Humongous Reclaim: 0.0 ms]
      [Free CSet: 0.1 ms]
   [Eden: 9216.0K(299.0M)->0.0B(321.0M) Survivors: 42.0M->10.0M Heap: 1071.2M(2048.0M)->1074.7M(2048.0M)]
 [Times: user=0.47 sys=0.02, real=0.06 secs] 
2020-09-29T11:31:39.453+0200: 152.886: [GC concurrent-root-region-scan-start]
2020-09-29T11:31:39.455+0200: 152.888: [GC concurrent-root-region-scan-end, 0.0018312 secs]
2020-09-29T11:31:39.455+0200: 152.888: [GC concurrent-mark-start]
2020-09-29T11:31:39.458+0200: 152.891: [GC concurrent-mark-end, 0.0030614 secs]
2020-09-29T11:31:39.458+0200: 152.891: [GC remark 2020-09-29T11:31:39.458+0200: 152.891: [Finalize Marking, 0.0001366 secs] 2020-09-29T11:31:39.458+0200: 152.891: [GC ref-proc, 0.0003139 secs] 2020-09-29T11:31:39.459+0200: 152.891: [Unloading, 0.0004858 secs], 0.0012330 secs]
 [Times: user=0.00 sys=0.00, real=0.00 secs] 
2020-09-29T11:31:39.460+0200: 152.892: [GC cleanup 1086M->31M(2048M), 0.0012195 secs]
 [Times: user=0.00 sys=0.00, real=0.00 secs] 
2020-09-29T11:31:39.461+0200: 152.894: [GC concurrent-cleanup-start]
2020-09-29T11:31:39.463+0200: 152.896: [GC concurrent-cleanup-end, 0.0017340 secs]
2020-09-29T11:31:39.635+0200: 153.068: [GC pause (G1 Evacuation Pause) (young), 0.1647201 secs]
   [Parallel Time: 162.5 ms, GC Workers: 8]
      [GC Worker Start (ms): Min: 153068.2, Avg: 153068.3, Max: 153068.3, Diff: 0.2]
      [Ext Root Scanning (ms): Min: 0.0, Avg: 0.1, Max: 0.2, Diff: 0.1, Sum: 0.5]
      [Update RS (ms): Min: 16.5, Avg: 16.5, Max: 16.6, Diff: 0.1, Sum: 132.4]
         [Processed Buffers: Min: 16, Avg: 17.6, Max: 20, Diff: 4, Sum: 141]
      [Scan RS (ms): Min: 16.6, Avg: 16.7, Max: 16.8, Diff: 0.2, Sum: 133.6]
      [Code Root Scanning (ms): Min: 0.0, Avg: 0.0, Max: 0.0, Diff: 0.0, Sum: 0.0]
      [Object Copy (ms): Min: 128.5, Avg: 128.7, Max: 128.9, Diff: 0.4, Sum: 1029.3]
      [Termination (ms): Min: 0.0, Avg: 0.2, Max: 0.3, Diff: 0.3, Sum: 1.7]
         [Termination Attempts: Min: 1, Avg: 1459.6, Max: 1868, Diff: 1867, Sum: 11677]
      [GC Worker Other (ms): Min: 0.0, Avg: 0.1, Max: 0.1, Diff: 0.1, Sum: 0.4]
      [GC Worker Total (ms): Min: 162.2, Avg: 162.2, Max: 162.3, Diff: 0.1, Sum: 1298.0]
      [GC Worker End (ms): Min: 153230.5, Avg: 153230.5, Max: 153230.6, Diff: 0.1]
   [Code Root Fixup: 0.0 ms]
   [Code Root Purge: 0.0 ms]
   [Clear CT: 1.0 ms]
   [Other: 1.2 ms]
      [Choose CSet: 0.0 ms]
      [Ref Proc: 0.2 ms]
      [Ref Enq: 0.0 ms]
      [Redirty Cards: 0.5 ms]
      [Humongous Register: 0.0 ms]
      [Humongous Reclaim: 0.0 ms]
      [Free CSet: 0.2 ms]
   [Eden: 321.0M(321.0M)->0.0B(300.0M) Survivors: 10.0M->42.0M Heap: 396.3M(2048.0M)->388.8M(2048.0M)]
 [Times: user=1.25 sys=0.00, real=0.16 secs] 
2020-09-29T11:31:39.954+0200: 153.387: [GC pause (G1 Evacuation Pause) (young), 0.1691698 secs]
   [Parallel Time: 168.0 ms, GC Workers: 8]
      [GC Worker Start (ms): Min: 153387.3, Avg: 153387.4, Max: 153387.4, Diff: 0.1]
      [Ext Root Scanning (ms): Min: 0.0, Avg: 0.1, Max: 0.1, Diff: 0.1, Sum: 0.6]
      [Update RS (ms): Min: 17.6, Avg: 17.7, Max: 18.0, Diff: 0.4, Sum: 141.8]
         [Processed Buffers: Min: 16, Avg: 18.9, Max: 21, Diff: 5, Sum: 151]
      [Scan RS (ms): Min: 18.8, Avg: 19.1, Max: 19.2, Diff: 0.5, Sum: 152.5]
      [Code Root Scanning (ms): Min: 0.0, Avg: 0.0, Max: 0.0, Diff: 0.0, Sum: 0.0]
      [Object Copy (ms): Min: 130.8, Avg: 130.9, Max: 131.0, Diff: 0.2, Sum: 1047.2]
      [Termination (ms): Min: 0.0, Avg: 0.0, Max: 0.0, Diff: 0.0, Sum: 0.1]
         [Termination Attempts: Min: 1, Avg: 76.6, Max: 106, Diff: 105, Sum: 613]
      [GC Worker Other (ms): Min: 0.0, Avg: 0.0, Max: 0.1, Diff: 0.1, Sum: 0.3]
      [GC Worker Total (ms): Min: 167.8, Avg: 167.8, Max: 167.9, Diff: 0.1, Sum: 1342.6]
      [GC Worker End (ms): Min: 153555.2, Avg: 153555.2, Max: 153555.2, Diff: 0.1]
   [Code Root Fixup: 0.0 ms]
   [Code Root Purge: 0.0 ms]
   [Clear CT: 0.2 ms]
   [Other: 1.0 ms]
      [Choose CSet: 0.0 ms]
      [Ref Proc: 0.1 ms]
      [Ref Enq: 0.0 ms]
      [Redirty Cards: 0.3 ms]
      [Humongous Register: 0.0 ms]
      [Humongous Reclaim: 0.0 ms]
      [Free CSet: 0.3 ms]
   [Eden: 300.0M(300.0M)->0.0B(298.0M) Survivors: 42.0M->43.0M Heap: 738.4M(2048.0M)->740.9M(2048.0M)]
 [Times: user=1.38 sys=0.00, real=0.18 secs] 
2020-09-29T11:31:40.286+0200: 153.718: [GC pause (G1 Evacuation Pause) (young), 0.1760187 secs]
   [Parallel Time: 174.9 ms, GC Workers: 8]
      [GC Worker Start (ms): Min: 153717.7, Avg: 153717.8, Max: 153717.9, Diff: 0.2]
      [Ext Root Scanning (ms): Min: 0.0, Avg: 0.1, Max: 0.2, Diff: 0.2, Sum: 0.4]
      [Update RS (ms): Min: 21.9, Avg: 22.0, Max: 22.2, Diff: 0.3, Sum: 176.2]
         [Processed Buffers: Min: 21, Avg: 23.1, Max: 26, Diff: 5, Sum: 185]
      [Scan RS (ms): Min: 16.4, Avg: 16.6, Max: 16.9, Diff: 0.5, Sum: 132.7]
      [Code Root Scanning (ms): Min: 0.0, Avg: 0.0, Max: 0.0, Diff: 0.0, Sum: 0.0]
      [Object Copy (ms): Min: 135.7, Avg: 135.8, Max: 136.0, Diff: 0.3, Sum: 1086.6]
      [Termination (ms): Min: 0.0, Avg: 0.1, Max: 0.1, Diff: 0.1, Sum: 0.6]
         [Termination Attempts: Min: 1, Avg: 544.0, Max: 691, Diff: 690, Sum: 4352]
      [GC Worker Other (ms): Min: 0.1, Avg: 0.1, Max: 0.1, Diff: 0.0, Sum: 0.6]
      [GC Worker Total (ms): Min: 174.5, Avg: 174.6, Max: 174.8, Diff: 0.2, Sum: 1397.1]
      [GC Worker End (ms): Min: 153892.4, Avg: 153892.4, Max: 153892.4, Diff: 0.0]
   [Code Root Fixup: 0.0 ms]
   [Code Root Purge: 0.0 ms]
   [Clear CT: 0.2 ms]
   [Other: 0.9 ms]
      [Choose CSet: 0.0 ms]
      [Ref Proc: 0.2 ms]
      [Ref Enq: 0.0 ms]
      [Redirty Cards: 0.2 ms]
      [Humongous Register: 0.0 ms]
      [Humongous Reclaim: 0.0 ms]
      [Free CSet: 0.3 ms]
   [Eden: 298.0M(298.0M)->0.0B(297.0M) Survivors: 43.0M->43.0M Heap: 1088.5M(2048.0M)->1090.5M(2048.0M)]
 [Times: user=1.36 sys=0.00, real=0.18 secs] 
2020-09-29T11:31:40.474+0200: 153.906: [GC pause (G1 Humongous Allocation) (young) (initial-mark), 0.0557105 secs]
   [Parallel Time: 54.7 ms, GC Workers: 8]
      [GC Worker Start (ms): Min: 153906.2, Avg: 153906.3, Max: 153906.3, Diff: 0.1]
      [Ext Root Scanning (ms): Min: 0.0, Avg: 0.1, Max: 0.1, Diff: 0.1, Sum: 0.7]
      [Update RS (ms): Min: 30.3, Avg: 30.7, Max: 31.0, Diff: 0.7, Sum: 245.7]
         [Processed Buffers: Min: 35, Avg: 37.6, Max: 39, Diff: 4, Sum: 301]
      [Scan RS (ms): Min: 2.3, Avg: 2.6, Max: 3.0, Diff: 0.7, Sum: 20.5]
      [Code Root Scanning (ms): Min: 0.0, Avg: 0.0, Max: 0.0, Diff: 0.0, Sum: 0.0]
      [Object Copy (ms): Min: 21.1, Avg: 21.2, Max: 21.2, Diff: 0.1, Sum: 169.5]
      [Termination (ms): Min: 0.0, Avg: 0.0, Max: 0.0, Diff: 0.0, Sum: 0.0]
         [Termination Attempts: Min: 1, Avg: 9.1, Max: 18, Diff: 17, Sum: 73]
      [GC Worker Other (ms): Min: 0.0, Avg: 0.0, Max: 0.0, Diff: 0.0, Sum: 0.1]
      [GC Worker Total (ms): Min: 54.5, Avg: 54.6, Max: 54.6, Diff: 0.1, Sum: 436.6]
      [GC Worker End (ms): Min: 153960.8, Avg: 153960.8, Max: 153960.8, Diff: 0.0]
   [Code Root Fixup: 0.0 ms]
   [Code Root Purge: 0.0 ms]
   [Clear CT: 0.2 ms]
   [Other: 0.8 ms]
      [Choose CSet: 0.0 ms]
      [Ref Proc: 0.1 ms]
      [Ref Enq: 0.0 ms]
      [Redirty Cards: 0.2 ms]
      [Humongous Register: 0.1 ms]
      [Humongous Reclaim: 0.0 ms]
      [Free CSet: 0.1 ms]
   [Eden: 9216.0K(297.0M)->0.0B(340.0M) Survivors: 43.0M->10.0M Heap: 1099.0M(2048.0M)->1102.0M(2048.0M)]
 [Times: user=0.38 sys=0.00, real=0.06 secs] 
2020-09-29T11:31:40.530+0200: 153.962: [GC concurrent-root-region-scan-start]
2020-09-29T11:31:40.533+0200: 153.965: [GC concurrent-root-region-scan-end, 0.0029214 secs]
2020-09-29T11:31:40.533+0200: 153.965: [GC concurrent-mark-start]
2020-09-29T11:31:40.536+0200: 153.968: [GC concurrent-mark-end, 0.0033794 secs]
2020-09-29T11:31:40.537+0200: 153.968: [GC remark 2020-09-29T11:31:40.537+0200: 153.969: [Finalize Marking, 0.0002349 secs] 2020-09-29T11:31:40.537+0200: 153.969: [GC ref-proc, 0.0003074 secs] 2020-09-29T11:31:40.537+0200: 153.969: [Unloading, 0.0005160 secs], 0.0014685 secs]
 [Times: user=0.00 sys=0.00, real=0.00 secs] 
2020-09-29T11:31:40.538+0200: 153.970: [GC cleanup 1115M->32M(2048M), 0.0020037 secs]
 [Times: user=0.00 sys=0.00, real=0.00 secs] 
2020-09-29T11:31:40.541+0200: 153.972: [GC concurrent-cleanup-start]
2020-09-29T11:31:40.543+0200: 153.975: [GC concurrent-cleanup-end, 0.0027103 secs]
2020-09-29T11:31:40.711+0200: 154.143: [GC pause (G1 Evacuation Pause) (young), 0.1734371 secs]
   [Parallel Time: 171.4 ms, GC Workers: 8]
      [GC Worker Start (ms): Min: 154142.8, Avg: 154142.8, Max: 154142.9, Diff: 0.1]
      [Ext Root Scanning (ms): Min: 0.0, Avg: 0.1, Max: 0.1, Diff: 0.1, Sum: 0.6]
      [Update RS (ms): Min: 17.0, Avg: 17.4, Max: 18.6, Diff: 1.6, Sum: 139.1]
         [Processed Buffers: Min: 13, Avg: 18.8, Max: 21, Diff: 8, Sum: 150]
      [Scan RS (ms): Min: 15.0, Avg: 17.1, Max: 23.1, Diff: 8.1, Sum: 137.1]
      [Code Root Scanning (ms): Min: 0.0, Avg: 0.0, Max: 0.0, Diff: 0.0, Sum: 0.0]
      [Object Copy (ms): Min: 130.7, Avg: 136.6, Max: 137.5, Diff: 6.8, Sum: 1092.4]
      [Termination (ms): Min: 0.0, Avg: 0.1, Max: 0.1, Diff: 0.1, Sum: 0.5]
         [Termination Attempts: Min: 1, Avg: 371.9, Max: 508, Diff: 507, Sum: 2975]
      [GC Worker Other (ms): Min: 0.0, Avg: 0.0, Max: 0.1, Diff: 0.1, Sum: 0.3]
      [GC Worker Total (ms): Min: 171.2, Avg: 171.2, Max: 171.3, Diff: 0.1, Sum: 1370.0]
      [GC Worker End (ms): Min: 154314.0, Avg: 154314.1, Max: 154314.1, Diff: 0.1]
   [Code Root Fixup: 0.0 ms]
   [Code Root Purge: 0.0 ms]
   [Clear CT: 0.2 ms]
   [Other: 1.8 ms]
      [Choose CSet: 0.0 ms]
      [Ref Proc: 0.2 ms]
      [Ref Enq: 0.0 ms]
      [Redirty Cards: 0.4 ms]
      [Humongous Register: 0.0 ms]
      [Humongous Reclaim: 0.0 ms]
      [Free CSet: 0.2 ms]
   [Eden: 340.0M(340.0M)->0.0B(311.0M) Survivors: 10.0M->44.0M Heap: 416.7M(2048.0M)->409.2M(2048.0M)]
 [Times: user=1.38 sys=0.00, real=0.17 secs] 
2020-09-29T11:31:41.055+0200: 154.487: [GC pause (G1 Evacuation Pause) (young), 0.1693145 secs]
   [Parallel Time: 168.0 ms, GC Workers: 8]
      [GC Worker Start (ms): Min: 154486.7, Avg: 154486.8, Max: 154486.9, Diff: 0.2]
      [Ext Root Scanning (ms): Min: 0.0, Avg: 0.1, Max: 0.2, Diff: 0.2, Sum: 0.4]
      [Update RS (ms): Min: 16.8, Avg: 17.0, Max: 17.3, Diff: 0.5, Sum: 135.8]
         [Processed Buffers: Min: 17, Avg: 18.0, Max: 19, Diff: 2, Sum: 144]
      [Scan RS (ms): Min: 16.8, Avg: 17.2, Max: 17.6, Diff: 0.7, Sum: 137.6]
      [Code Root Scanning (ms): Min: 0.0, Avg: 0.0, Max: 0.0, Diff: 0.0, Sum: 0.0]
      [Object Copy (ms): Min: 133.3, Avg: 133.5, Max: 133.6, Diff: 0.2, Sum: 1068.0]
      [Termination (ms): Min: 0.0, Avg: 0.0, Max: 0.0, Diff: 0.0, Sum: 0.0]
         [Termination Attempts: Min: 1, Avg: 17.9, Max: 30, Diff: 29, Sum: 143]
      [GC Worker Other (ms): Min: 0.0, Avg: 0.0, Max: 0.1, Diff: 0.1, Sum: 0.3]
      [GC Worker Total (ms): Min: 167.7, Avg: 167.8, Max: 167.9, Diff: 0.2, Sum: 1342.1]
      [GC Worker End (ms): Min: 154654.6, Avg: 154654.6, Max: 154654.6, Diff: 0.1]
   [Code Root Fixup: 0.0 ms]
   [Code Root Purge: 0.0 ms]
   [Clear CT: 0.2 ms]
   [Other: 1.0 ms]
      [Choose CSet: 0.0 ms]
      [Ref Proc: 0.2 ms]
      [Ref Enq: 0.0 ms]
      [Redirty Cards: 0.3 ms]
      [Humongous Register: 0.0 ms]
      [Humongous Reclaim: 0.0 ms]
      [Free CSet: 0.3 ms]
   [Eden: 311.0M(311.0M)->0.0B(311.0M) Survivors: 44.0M->45.0M Heap: 771.7M(2048.0M)->774.7M(2048.0M)]
 [Times: user=1.27 sys=0.02, real=0.17 secs] 
2020-09-29T11:31:41.403+0200: 154.835: [GC pause (G1 Evacuation Pause) (young), 0.1753523 secs]
   [Parallel Time: 174.3 ms, GC Workers: 8]
      [GC Worker Start (ms): Min: 154835.1, Avg: 154835.2, Max: 154835.3, Diff: 0.2]
      [Ext Root Scanning (ms): Min: 0.0, Avg: 0.1, Max: 0.2, Diff: 0.2, Sum: 0.5]
      [Update RS (ms): Min: 18.4, Avg: 18.5, Max: 18.7, Diff: 0.3, Sum: 148.0]
         [Processed Buffers: Min: 20, Avg: 21.6, Max: 27, Diff: 7, Sum: 173]
      [Scan RS (ms): Min: 17.0, Avg: 17.2, Max: 17.4, Diff: 0.4, Sum: 137.8]
      [Code Root Scanning (ms): Min: 0.0, Avg: 0.0, Max: 0.0, Diff: 0.0, Sum: 0.0]
      [Object Copy (ms): Min: 138.0, Avg: 138.1, Max: 138.2, Diff: 0.2, Sum: 1104.8]
      [Termination (ms): Min: 0.0, Avg: 0.1, Max: 0.1, Diff: 0.1, Sum: 0.5]
         [Termination Attempts: Min: 1, Avg: 412.8, Max: 501, Diff: 500, Sum: 3302]
      [GC Worker Other (ms): Min: 0.0, Avg: 0.0, Max: 0.1, Diff: 0.1, Sum: 0.4]
      [GC Worker Total (ms): Min: 173.9, Avg: 174.0, Max: 174.1, Diff: 0.2, Sum: 1392.0]
      [GC Worker End (ms): Min: 155009.2, Avg: 155009.2, Max: 155009.2, Diff: 0.1]
   [Code Root Fixup: 0.0 ms]
   [Code Root Purge: 0.0 ms]
   [Clear CT: 0.2 ms]
   [Other: 0.9 ms]
      [Choose CSet: 0.0 ms]
      [Ref Proc: 0.1 ms]
      [Ref Enq: 0.0 ms]
      [Redirty Cards: 0.2 ms]
      [Humongous Register: 0.0 ms]
      [Humongous Reclaim: 0.0 ms]
      [Free CSet: 0.3 ms]
   [Eden: 311.0M(311.0M)->0.0B(311.0M) Survivors: 45.0M->45.0M Heap: 1139.1M(2048.0M)->1141.1M(2048.0M)]
 [Times: user=1.38 sys=0.00, real=0.18 secs] 
2020-09-29T11:31:41.593+0200: 155.025: [GC pause (G1 Humongous Allocation) (young) (initial-mark), 0.0786953 secs]
   [Parallel Time: 77.9 ms, GC Workers: 8]
      [GC Worker Start (ms): Min: 155024.7, Avg: 155024.8, Max: 155024.9, Diff: 0.2]
      [Ext Root Scanning (ms): Min: 0.0, Avg: 0.5, Max: 1.4, Diff: 1.4, Sum: 3.7]
      [Update RS (ms): Min: 50.1, Avg: 51.0, Max: 51.5, Diff: 1.5, Sum: 407.8]
         [Processed Buffers: Min: 49, Avg: 54.1, Max: 57, Diff: 8, Sum: 433]
      [Scan RS (ms): Min: 1.4, Avg: 1.6, Max: 1.8, Diff: 0.4, Sum: 13.0]
      [Code Root Scanning (ms): Min: 0.0, Avg: 0.0, Max: 0.0, Diff: 0.0, Sum: 0.0]
      [Object Copy (ms): Min: 24.7, Avg: 24.7, Max: 24.7, Diff: 0.1, Sum: 197.7]
      [Termination (ms): Min: 0.0, Avg: 0.0, Max: 0.0, Diff: 0.0, Sum: 0.0]
         [Termination Attempts: Min: 1, Avg: 36.3, Max: 49, Diff: 48, Sum: 290]
      [GC Worker Other (ms): Min: 0.0, Avg: 0.0, Max: 0.0, Diff: 0.0, Sum: 0.2]
      [GC Worker Total (ms): Min: 77.7, Avg: 77.8, Max: 77.9, Diff: 0.2, Sum: 622.4]
      [GC Worker End (ms): Min: 155102.6, Avg: 155102.6, Max: 155102.6, Diff: 0.0]
   [Code Root Fixup: 0.0 ms]
   [Code Root Purge: 0.0 ms]
   [Clear CT: 0.2 ms]
   [Other: 0.6 ms]
      [Choose CSet: 0.0 ms]
      [Ref Proc: 0.1 ms]
      [Ref Enq: 0.0 ms]
      [Redirty Cards: 0.1 ms]
      [Humongous Register: 0.0 ms]
      [Humongous Reclaim: 0.0 ms]
      [Free CSet: 0.1 ms]
   [Eden: 11.0M(311.0M)->0.0B(321.0M) Survivors: 45.0M->14.0M Heap: 1152.1M(2048.0M)->1157.1M(2048.0M)]
 [Times: user=0.55 sys=0.00, real=0.08 secs] 
2020-09-29T11:31:41.671+0200: 155.103: [GC concurrent-root-region-scan-start]
2020-09-29T11:31:41.674+0200: 155.106: [GC concurrent-root-region-scan-end, 0.0024452 secs]
2020-09-29T11:31:41.674+0200: 155.106: [GC concurrent-mark-start]
2020-09-29T11:31:41.677+0200: 155.109: [GC concurrent-mark-end, 0.0027377 secs]
2020-09-29T11:31:41.677+0200: 155.109: [GC remark 2020-09-29T11:31:41.677+0200: 155.109: [Finalize Marking, 0.0001859 secs] 2020-09-29T11:31:41.677+0200: 155.109: [GC ref-proc, 0.0002831 secs] 2020-09-29T11:31:41.677+0200: 155.109: [Unloading, 0.0004888 secs], 0.0012411 secs]
 [Times: user=0.00 sys=0.00, real=0.00 secs] 
2020-09-29T11:31:41.678+0200: 155.110: [GC cleanup 1170M->37M(2048M), 0.0012924 secs]
 [Times: user=0.00 sys=0.00, real=0.00 secs] 
2020-09-29T11:31:41.680+0200: 155.112: [GC concurrent-cleanup-start]
2020-09-29T11:31:41.682+0200: 155.114: [GC concurrent-cleanup-end, 0.0020477 secs]
2020-09-29T11:31:41.844+0200: 155.276: [GC pause (G1 Evacuation Pause) (young), 0.1629617 secs]
   [Parallel Time: 161.9 ms, GC Workers: 8]
      [GC Worker Start (ms): Min: 155276.0, Avg: 155276.0, Max: 155276.1, Diff: 0.2]
      [Ext Root Scanning (ms): Min: 0.0, Avg: 0.1, Max: 0.2, Diff: 0.2, Sum: 0.5]
      [Update RS (ms): Min: 21.6, Avg: 21.7, Max: 22.2, Diff: 0.6, Sum: 173.8]
         [Processed Buffers: Min: 19, Avg: 22.3, Max: 26, Diff: 7, Sum: 178]
      [Scan RS (ms): Min: 14.5, Avg: 15.0, Max: 15.2, Diff: 0.7, Sum: 120.1]
      [Code Root Scanning (ms): Min: 0.0, Avg: 0.0, Max: 0.0, Diff: 0.0, Sum: 0.0]
      [Object Copy (ms): Min: 124.8, Avg: 124.8, Max: 124.8, Diff: 0.1, Sum: 998.4]
      [Termination (ms): Min: 0.0, Avg: 0.0, Max: 0.0, Diff: 0.0, Sum: 0.1]
         [Termination Attempts: Min: 1, Avg: 95.9, Max: 116, Diff: 115, Sum: 767]
      [GC Worker Other (ms): Min: 0.0, Avg: 0.0, Max: 0.1, Diff: 0.0, Sum: 0.2]
      [GC Worker Total (ms): Min: 161.6, Avg: 161.7, Max: 161.7, Diff: 0.2, Sum: 1293.3]
      [GC Worker End (ms): Min: 155437.7, Avg: 155437.7, Max: 155437.7, Diff: 0.0]
   [Code Root Fixup: 0.0 ms]
   [Code Root Purge: 0.0 ms]
   [Clear CT: 0.2 ms]
   [Other: 0.9 ms]
      [Choose CSet: 0.0 ms]
      [Ref Proc: 0.2 ms]
      [Ref Enq: 0.0 ms]
      [Redirty Cards: 0.2 ms]
      [Humongous Register: 0.0 ms]
      [Humongous Reclaim: 0.0 ms]
      [Free CSet: 0.2 ms]
   [Eden: 321.0M(321.0M)->0.0B(306.0M) Survivors: 14.0M->42.0M Heap: 400.3M(2048.0M)->387.8M(2048.0M)]
 [Times: user=1.36 sys=0.02, real=0.16 secs] 
2020-09-29T11:31:42.171+0200: 155.603: [GC pause (G1 Evacuation Pause) (young), 0.1772107 secs]
   [Parallel Time: 176.0 ms, GC Workers: 8]
      [GC Worker Start (ms): Min: 155602.7, Avg: 155602.8, Max: 155602.9, Diff: 0.2]
      [Ext Root Scanning (ms): Min: 0.0, Avg: 0.1, Max: 0.2, Diff: 0.2, Sum: 0.5]
      [Update RS (ms): Min: 21.5, Avg: 21.7, Max: 22.2, Diff: 0.8, Sum: 173.8]
         [Processed Buffers: Min: 20, Avg: 21.6, Max: 23, Diff: 3, Sum: 173]
      [Scan RS (ms): Min: 16.9, Avg: 17.4, Max: 17.7, Diff: 0.8, Sum: 138.9]
      [Code Root Scanning (ms): Min: 0.0, Avg: 0.0, Max: 0.0, Diff: 0.0, Sum: 0.0]
      [Object Copy (ms): Min: 136.5, Avg: 136.6, Max: 136.7, Diff: 0.2, Sum: 1092.9]
      [Termination (ms): Min: 0.0, Avg: 0.0, Max: 0.0, Diff: 0.0, Sum: 0.2]
         [Termination Attempts: Min: 1, Avg: 176.3, Max: 236, Diff: 235, Sum: 1410]
      [GC Worker Other (ms): Min: 0.0, Avg: 0.0, Max: 0.1, Diff: 0.0, Sum: 0.2]
      [GC Worker Total (ms): Min: 175.8, Avg: 175.8, Max: 176.0, Diff: 0.2, Sum: 1406.7]
      [GC Worker End (ms): Min: 155778.6, Avg: 155778.7, Max: 155778.7, Diff: 0.0]
   [Code Root Fixup: 0.0 ms]
   [Code Root Purge: 0.0 ms]
   [Clear CT: 0.2 ms]
   [Other: 1.0 ms]
      [Choose CSet: 0.0 ms]
      [Ref Proc: 0.2 ms]
      [Ref Enq: 0.0 ms]
      [Redirty Cards: 0.3 ms]
      [Humongous Register: 0.0 ms]
      [Humongous Reclaim: 0.0 ms]
      [Free CSet: 0.3 ms]
   [Eden: 306.0M(306.0M)->0.0B(299.0M) Survivors: 42.0M->44.0M Heap: 743.4M(2048.0M)->745.4M(2048.0M)]
 [Times: user=1.36 sys=0.00, real=0.18 secs] 
2020-09-29T11:31:42.525+0200: 155.958: [GC pause (G1 Evacuation Pause) (young), 0.1640256 secs]
   [Parallel Time: 163.0 ms, GC Workers: 8]
      [GC Worker Start (ms): Min: 155957.6, Avg: 155957.7, Max: 155957.8, Diff: 0.1]
      [Ext Root Scanning (ms): Min: 0.0, Avg: 0.1, Max: 0.2, Diff: 0.1, Sum: 0.6]
      [Update RS (ms): Min: 15.9, Avg: 16.3, Max: 16.6, Diff: 0.7, Sum: 130.4]
         [Processed Buffers: Min: 16, Avg: 17.0, Max: 19, Diff: 3, Sum: 136]
      [Scan RS (ms): Min: 17.0, Avg: 17.4, Max: 17.8, Diff: 0.8, Sum: 139.3]
      [Code Root Scanning (ms): Min: 0.0, Avg: 0.0, Max: 0.0, Diff: 0.0, Sum: 0.0]
      [Object Copy (ms): Min: 128.9, Avg: 129.0, Max: 129.0, Diff: 0.2, Sum: 1031.7]
      [Termination (ms): Min: 0.0, Avg: 0.0, Max: 0.0, Diff: 0.0, Sum: 0.1]
         [Termination Attempts: Min: 1, Avg: 77.0, Max: 115, Diff: 114, Sum: 616]
      [GC Worker Other (ms): Min: 0.0, Avg: 0.0, Max: 0.1, Diff: 0.1, Sum: 0.3]
      [GC Worker Total (ms): Min: 162.8, Avg: 162.8, Max: 162.9, Diff: 0.1, Sum: 1302.6]
      [GC Worker End (ms): Min: 156120.5, Avg: 156120.5, Max: 156120.6, Diff: 0.1]
   [Code Root Fixup: 0.0 ms]
   [Code Root Purge: 0.0 ms]
   [Clear CT: 0.2 ms]
   [Other: 0.8 ms]
      [Choose CSet: 0.0 ms]
      [Ref Proc: 0.2 ms]
      [Ref Enq: 0.0 ms]
      [Redirty Cards: 0.2 ms]
      [Humongous Register: 0.1 ms]
      [Humongous Reclaim: 0.0 ms]
      [Free CSet: 0.2 ms]
   [Eden: 299.0M(299.0M)->0.0B(306.0M) Survivors: 44.0M->43.0M Heap: 1094.0M(2048.0M)->1096.0M(2048.0M)]
 [Times: user=1.25 sys=0.00, real=0.16 secs] 
2020-09-29T11:31:42.696+0200: 156.128: [GC pause (G1 Humongous Allocation) (young) (initial-mark), 0.0641857 secs]
   [Parallel Time: 63.2 ms, GC Workers: 8]
      [GC Worker Start (ms): Min: 156127.9, Avg: 156127.9, Max: 156128.0, Diff: 0.1]
      [Ext Root Scanning (ms): Min: 0.0, Avg: 0.1, Max: 0.2, Diff: 0.2, Sum: 1.0]
      [Update RS (ms): Min: 40.8, Avg: 41.0, Max: 41.3, Diff: 0.4, Sum: 327.8]
         [Processed Buffers: Min: 45, Avg: 48.4, Max: 51, Diff: 6, Sum: 387]
      [Scan RS (ms): Min: 2.1, Avg: 2.4, Max: 2.6, Diff: 0.5, Sum: 18.9]
      [Code Root Scanning (ms): Min: 0.0, Avg: 0.0, Max: 0.0, Diff: 0.0, Sum: 0.0]
      [Object Copy (ms): Min: 19.5, Avg: 19.6, Max: 19.6, Diff: 0.1, Sum: 156.5]
      [Termination (ms): Min: 0.0, Avg: 0.0, Max: 0.0, Diff: 0.0, Sum: 0.2]
         [Termination Attempts: Min: 1, Avg: 179.9, Max: 224, Diff: 223, Sum: 1439]
      [GC Worker Other (ms): Min: 0.0, Avg: 0.0, Max: 0.0, Diff: 0.0, Sum: 0.2]
      [GC Worker Total (ms): Min: 63.0, Avg: 63.1, Max: 63.1, Diff: 0.2, Sum: 504.5]
      [GC Worker End (ms): Min: 156191.0, Avg: 156191.0, Max: 156191.0, Diff: 0.0]
   [Code Root Fixup: 0.0 ms]
   [Code Root Purge: 0.0 ms]
   [Clear CT: 0.2 ms]
   [Other: 0.8 ms]
      [Choose CSet: 0.0 ms]
      [Ref Proc: 0.3 ms]
      [Ref Enq: 0.0 ms]
      [Redirty Cards: 0.2 ms]
      [Humongous Register: 0.0 ms]
      [Humongous Reclaim: 0.0 ms]
      [Free CSet: 0.1 ms]
   [Eden: 2048.0K(306.0M)->0.0B(338.0M) Survivors: 43.0M->5120.0K Heap: 1097.5M(2048.0M)->1102.5M(2048.0M)]
 [Times: user=0.50 sys=0.00, real=0.06 secs] 
2020-09-29T11:31:42.760+0200: 156.192: [GC concurrent-root-region-scan-start]
2020-09-29T11:31:42.761+0200: 156.193: [GC concurrent-root-region-scan-end, 0.0005331 secs]
2020-09-29T11:31:42.761+0200: 156.193: [GC concurrent-mark-start]
2020-09-29T11:31:42.764+0200: 156.196: [GC concurrent-mark-end, 0.0031771 secs]
2020-09-29T11:31:42.764+0200: 156.196: [GC remark 2020-09-29T11:31:42.764+0200: 156.196: [Finalize Marking, 0.0009083 secs] 2020-09-29T11:31:42.765+0200: 156.197: [GC ref-proc, 0.0003864 secs] 2020-09-29T11:31:42.765+0200: 156.197: [Unloading, 0.0007206 secs], 0.0023665 secs]
 [Times: user=0.00 sys=0.00, real=0.00 secs] 
2020-09-29T11:31:42.767+0200: 156.199: [GC cleanup 1112M->24M(2048M), 0.0025155 secs]
 [Times: user=0.00 sys=0.00, real=0.00 secs] 
2020-09-29T11:31:42.769+0200: 156.201: [GC concurrent-cleanup-start]
2020-09-29T11:31:42.771+0200: 156.203: [GC concurrent-cleanup-end, 0.0017709 secs]
2020-09-29T11:31:42.948+0200: 156.380: [GC pause (G1 Evacuation Pause) (young), 0.1699638 secs]
   [Parallel Time: 168.7 ms, GC Workers: 8]
      [GC Worker Start (ms): Min: 156379.9, Avg: 156380.0, Max: 156380.1, Diff: 0.1]
      [Ext Root Scanning (ms): Min: 0.0, Avg: 0.1, Max: 0.2, Diff: 0.1, Sum: 0.6]
      [Update RS (ms): Min: 19.4, Avg: 19.5, Max: 19.7, Diff: 0.3, Sum: 156.2]
         [Processed Buffers: Min: 19, Avg: 19.6, Max: 21, Diff: 2, Sum: 157]
      [Scan RS (ms): Min: 16.4, Avg: 16.6, Max: 16.8, Diff: 0.4, Sum: 132.5]
      [Code Root Scanning (ms): Min: 0.0, Avg: 0.0, Max: 0.0, Diff: 0.0, Sum: 0.0]
      [Object Copy (ms): Min: 132.2, Avg: 132.3, Max: 132.3, Diff: 0.1, Sum: 1058.2]
      [Termination (ms): Min: 0.0, Avg: 0.0, Max: 0.0, Diff: 0.0, Sum: 0.1]
         [Termination Attempts: Min: 1, Avg: 102.8, Max: 129, Diff: 128, Sum: 822]
      [GC Worker Other (ms): Min: 0.0, Avg: 0.0, Max: 0.1, Diff: 0.1, Sum: 0.3]
      [GC Worker Total (ms): Min: 168.5, Avg: 168.5, Max: 168.6, Diff: 0.1, Sum: 1348.0]
      [GC Worker End (ms): Min: 156548.5, Avg: 156548.5, Max: 156548.5, Diff: 0.1]
   [Code Root Fixup: 0.0 ms]
   [Code Root Purge: 0.0 ms]
   [Clear CT: 0.2 ms]
   [Other: 1.1 ms]
      [Choose CSet: 0.0 ms]
      [Ref Proc: 0.1 ms]
      [Ref Enq: 0.0 ms]
      [Redirty Cards: 0.4 ms]
      [Humongous Register: 0.0 ms]
      [Humongous Reclaim: 0.0 ms]
      [Free CSet: 0.3 ms]
   [Eden: 338.0M(338.0M)->0.0B(309.0M) Survivors: 5120.0K->43.0M Heap: 409.7M(2048.0M)->407.2M(2048.0M)]
 [Times: user=1.38 sys=0.00, real=0.17 secs] 
2020-09-29T11:31:43.291+0200: 156.723: [GC pause (G1 Evacuation Pause) (young), 0.1738232 secs]
   [Parallel Time: 172.6 ms, GC Workers: 8]
      [GC Worker Start (ms): Min: 156723.1, Avg: 156723.2, Max: 156723.3, Diff: 0.2]
      [Ext Root Scanning (ms): Min: 0.0, Avg: 0.1, Max: 0.2, Diff: 0.2, Sum: 0.5]
      [Update RS (ms): Min: 18.0, Avg: 18.2, Max: 18.9, Diff: 1.0, Sum: 145.7]
         [Processed Buffers: Min: 16, Avg: 18.5, Max: 20, Diff: 4, Sum: 148]
      [Scan RS (ms): Min: 17.4, Avg: 18.1, Max: 18.3, Diff: 1.0, Sum: 144.6]
      [Code Root Scanning (ms): Min: 0.0, Avg: 0.0, Max: 0.0, Diff: 0.0, Sum: 0.0]
      [Object Copy (ms): Min: 135.9, Avg: 135.9, Max: 136.0, Diff: 0.1, Sum: 1087.5]
      [Termination (ms): Min: 0.0, Avg: 0.0, Max: 0.1, Diff: 0.1, Sum: 0.4]
         [Termination Attempts: Min: 1, Avg: 327.9, Max: 407, Diff: 406, Sum: 2623]
      [GC Worker Other (ms): Min: 0.0, Avg: 0.0, Max: 0.1, Diff: 0.0, Sum: 0.3]
      [GC Worker Total (ms): Min: 172.3, Avg: 172.4, Max: 172.5, Diff: 0.2, Sum: 1379.0]
      [GC Worker End (ms): Min: 156895.5, Avg: 156895.6, Max: 156895.6, Diff: 0.1]
   [Code Root Fixup: 0.0 ms]
   [Code Root Purge: 0.0 ms]
   [Clear CT: 0.2 ms]
   [Other: 1.1 ms]
      [Choose CSet: 0.0 ms]
      [Ref Proc: 0.2 ms]
      [Ref Enq: 0.0 ms]
      [Redirty Cards: 0.2 ms]
      [Humongous Register: 0.1 ms]
      [Humongous Reclaim: 0.0 ms]
      [Free CSet: 0.3 ms]
   [Eden: 309.0M(309.0M)->0.0B(306.0M) Survivors: 43.0M->44.0M Heap: 767.7M(2048.0M)->770.2M(2048.0M)]
 [Times: user=1.36 sys=0.02, real=0.17 secs] 
2020-09-29T11:31:43.639+0200: 157.071: [GC pause (G1 Evacuation Pause) (young), 0.1774733 secs]
   [Parallel Time: 175.6 ms, GC Workers: 8]
      [GC Worker Start (ms): Min: 157070.8, Avg: 157071.0, Max: 157071.0, Diff: 0.2]
      [Ext Root Scanning (ms): Min: 0.0, Avg: 0.1, Max: 0.2, Diff: 0.2, Sum: 0.4]
      [Update RS (ms): Min: 22.7, Avg: 22.8, Max: 23.1, Diff: 0.4, Sum: 182.6]
         [Processed Buffers: Min: 22, Avg: 24.5, Max: 27, Diff: 5, Sum: 196]
      [Scan RS (ms): Min: 16.2, Avg: 16.4, Max: 16.6, Diff: 0.4, Sum: 131.5]
      [Code Root Scanning (ms): Min: 0.0, Avg: 0.0, Max: 0.0, Diff: 0.0, Sum: 0.0]
      [Object Copy (ms): Min: 136.0, Avg: 136.1, Max: 136.1, Diff: 0.1, Sum: 1088.5]
      [Termination (ms): Min: 0.0, Avg: 0.0, Max: 0.0, Diff: 0.0, Sum: 0.1]
         [Termination Attempts: Min: 1, Avg: 92.1, Max: 130, Diff: 129, Sum: 737]
      [GC Worker Other (ms): Min: 0.0, Avg: 0.0, Max: 0.1, Diff: 0.0, Sum: 0.3]
      [GC Worker Total (ms): Min: 175.3, Avg: 175.4, Max: 175.5, Diff: 0.2, Sum: 1403.4]
      [GC Worker End (ms): Min: 157246.4, Avg: 157246.4, Max: 157246.4, Diff: 0.0]
   [Code Root Fixup: 0.0 ms]
   [Code Root Purge: 0.0 ms]
   [Clear CT: 0.2 ms]
   [Other: 1.6 ms]
      [Choose CSet: 0.0 ms]
      [Ref Proc: 0.2 ms]
      [Ref Enq: 0.0 ms]
      [Redirty Cards: 1.0 ms]
      [Humongous Register: 0.0 ms]
      [Humongous Reclaim: 0.0 ms]
      [Free CSet: 0.2 ms]
   [Eden: 306.0M(306.0M)->0.0B(304.0M) Survivors: 44.0M->44.0M Heap: 1127.7M(2048.0M)->1130.2M(2048.0M)]
 [Times: user=1.31 sys=0.06, real=0.18 secs] 
2020-09-29T11:31:43.832+0200: 157.264: [GC pause (G1 Humongous Allocation) (young) (initial-mark), 0.0573395 secs]
   [Parallel Time: 56.4 ms, GC Workers: 8]
      [GC Worker Start (ms): Min: 157264.6, Avg: 157264.6, Max: 157264.7, Diff: 0.2]
      [Ext Root Scanning (ms): Min: 0.0, Avg: 0.2, Max: 0.5, Diff: 0.5, Sum: 1.8]
      [Update RS (ms): Min: 30.2, Avg: 30.4, Max: 30.7, Diff: 0.5, Sum: 243.6]
         [Processed Buffers: Min: 32, Avg: 35.4, Max: 37, Diff: 5, Sum: 283]
      [Scan RS (ms): Min: 2.6, Avg: 2.8, Max: 2.9, Diff: 0.4, Sum: 22.2]
      [Code Root Scanning (ms): Min: 0.0, Avg: 0.0, Max: 0.0, Diff: 0.0, Sum: 0.0]
      [Object Copy (ms): Min: 22.7, Avg: 22.7, Max: 22.8, Diff: 0.1, Sum: 181.8]
      [Termination (ms): Min: 0.0, Avg: 0.0, Max: 0.1, Diff: 0.1, Sum: 0.3]
         [Termination Attempts: Min: 1, Avg: 245.4, Max: 355, Diff: 354, Sum: 1963]
      [GC Worker Other (ms): Min: 0.0, Avg: 0.0, Max: 0.0, Diff: 0.0, Sum: 0.2]
      [GC Worker Total (ms): Min: 56.1, Avg: 56.2, Max: 56.3, Diff: 0.2, Sum: 449.8]
      [GC Worker End (ms): Min: 157320.9, Avg: 157320.9, Max: 157320.9, Diff: 0.0]
   [Code Root Fixup: 0.0 ms]
   [Code Root Purge: 0.0 ms]
   [Clear CT: 0.2 ms]
   [Other: 0.8 ms]
      [Choose CSet: 0.0 ms]
      [Ref Proc: 0.2 ms]
      [Ref Enq: 0.0 ms]
      [Redirty Cards: 0.2 ms]
      [Humongous Register: 0.1 ms]
      [Humongous Reclaim: 0.0 ms]
      [Free CSet: 0.1 ms]
   [Eden: 9216.0K(304.0M)->0.0B(343.0M) Survivors: 44.0M->11.0M Heap: 1138.7M(2048.0M)->1142.7M(2048.0M)]
 [Times: user=0.39 sys=0.00, real=0.06 secs] 
2020-09-29T11:31:43.890+0200: 157.322: [GC concurrent-root-region-scan-start]
2020-09-29T11:31:43.892+0200: 157.324: [GC concurrent-root-region-scan-end, 0.0018246 secs]
2020-09-29T11:31:43.892+0200: 157.324: [GC concurrent-mark-start]
2020-09-29T11:31:43.895+0200: 157.327: [GC concurrent-mark-end, 0.0034409 secs]
2020-09-29T11:31:43.895+0200: 157.327: [GC remark 2020-09-29T11:31:43.895+0200: 157.327: [Finalize Marking, 0.0002028 secs] 2020-09-29T11:31:43.895+0200: 157.328: [GC ref-proc, 0.0002804 secs] 2020-09-29T11:31:43.896+0200: 157.328: [Unloading, 0.0005480 secs], 0.0014507 secs]
 [Times: user=0.01 sys=0.00, real=0.00 secs] 
2020-09-29T11:31:43.897+0200: 157.329: [GC cleanup 1154M->32M(2048M), 0.0015889 secs]
 [Times: user=0.00 sys=0.00, real=0.00 secs] 
2020-09-29T11:31:43.899+0200: 157.331: [GC concurrent-cleanup-start]
2020-09-29T11:31:43.900+0200: 157.332: [GC concurrent-cleanup-end, 0.0017290 secs]
2020-09-29T11:31:44.075+0200: 157.508: [GC pause (G1 Evacuation Pause) (young), 0.1643214 secs]
   [Parallel Time: 162.8 ms, GC Workers: 8]
      [GC Worker Start (ms): Min: 157507.7, Avg: 157507.8, Max: 157507.9, Diff: 0.2]
      [Ext Root Scanning (ms): Min: 0.0, Avg: 0.1, Max: 0.2, Diff: 0.2, Sum: 0.5]
      [Update RS (ms): Min: 15.7, Avg: 15.9, Max: 16.1, Diff: 0.5, Sum: 127.4]
         [Processed Buffers: Min: 16, Avg: 16.5, Max: 17, Diff: 1, Sum: 132]
      [Scan RS (ms): Min: 17.7, Avg: 17.9, Max: 18.1, Diff: 0.4, Sum: 143.3]
      [Code Root Scanning (ms): Min: 0.0, Avg: 0.0, Max: 0.0, Diff: 0.0, Sum: 0.0]
      [Object Copy (ms): Min: 128.6, Avg: 128.7, Max: 128.7, Diff: 0.2, Sum: 1029.4]
      [Termination (ms): Min: 0.0, Avg: 0.0, Max: 0.0, Diff: 0.0, Sum: 0.0]
         [Termination Attempts: Min: 1, Avg: 2.6, Max: 4, Diff: 3, Sum: 21]
      [GC Worker Other (ms): Min: 0.0, Avg: 0.0, Max: 0.1, Diff: 0.1, Sum: 0.3]
      [GC Worker Total (ms): Min: 162.5, Avg: 162.6, Max: 162.7, Diff: 0.2, Sum: 1301.0]
      [GC Worker End (ms): Min: 157670.4, Avg: 157670.4, Max: 157670.4, Diff: 0.0]
   [Code Root Fixup: 0.0 ms]
   [Code Root Purge: 0.0 ms]
   [Clear CT: 0.5 ms]
   [Other: 1.1 ms]
      [Choose CSet: 0.0 ms]
      [Ref Proc: 0.2 ms]
      [Ref Enq: 0.0 ms]
      [Redirty Cards: 0.3 ms]
      [Humongous Register: 0.0 ms]
      [Humongous Reclaim: 0.0 ms]
      [Free CSet: 0.2 ms]
   [Eden: 343.0M(343.0M)->0.0B(318.0M) Survivors: 11.0M->45.0M Heap: 420.7M(2048.0M)->412.2M(2048.0M)]
 [Times: user=1.27 sys=0.00, real=0.16 secs] 
2020-09-29T11:31:44.398+0200: 157.831: [GC pause (G1 Evacuation Pause) (young), 0.1889000 secs]
   [Parallel Time: 187.8 ms, GC Workers: 8]
      [GC Worker Start (ms): Min: 157831.1, Avg: 157831.3, Max: 157831.3, Diff: 0.2]
      [Ext Root Scanning (ms): Min: 0.0, Avg: 0.1, Max: 0.2, Diff: 0.2, Sum: 0.5]
      [Update RS (ms): Min: 16.4, Avg: 16.7, Max: 17.0, Diff: 0.6, Sum: 133.8]
         [Processed Buffers: Min: 18, Avg: 19.3, Max: 21, Diff: 3, Sum: 154]
      [Scan RS (ms): Min: 17.5, Avg: 17.8, Max: 18.3, Diff: 0.7, Sum: 142.5]
      [Code Root Scanning (ms): Min: 0.0, Avg: 0.0, Max: 0.0, Diff: 0.0, Sum: 0.0]
      [Object Copy (ms): Min: 152.9, Avg: 152.9, Max: 153.0, Diff: 0.2, Sum: 1223.6]
      [Termination (ms): Min: 0.0, Avg: 0.0, Max: 0.0, Diff: 0.0, Sum: 0.2]
         [Termination Attempts: Min: 1, Avg: 162.8, Max: 217, Diff: 216, Sum: 1302]
      [GC Worker Other (ms): Min: 0.0, Avg: 0.0, Max: 0.1, Diff: 0.1, Sum: 0.3]
      [GC Worker Total (ms): Min: 187.5, Avg: 187.6, Max: 187.7, Diff: 0.2, Sum: 1500.9]
      [GC Worker End (ms): Min: 158018.9, Avg: 158018.9, Max: 158018.9, Diff: 0.0]
   [Code Root Fixup: 0.0 ms]
   [Code Root Purge: 0.0 ms]
   [Clear CT: 0.2 ms]
   [Other: 0.9 ms]
      [Choose CSet: 0.0 ms]
      [Ref Proc: 0.1 ms]
      [Ref Enq: 0.0 ms]
      [Redirty Cards: 0.3 ms]
      [Humongous Register: 0.0 ms]
      [Humongous Reclaim: 0.0 ms]
      [Free CSet: 0.3 ms]
   [Eden: 318.0M(318.0M)->0.0B(302.0M) Survivors: 45.0M->46.0M Heap: 783.6M(2048.0M)->785.6M(2048.0M)]
 [Times: user=1.44 sys=0.02, real=0.19 secs] 
2020-09-29T11:31:44.764+0200: 158.197: [GC pause (G1 Evacuation Pause) (young), 0.1840182 secs]
   [Parallel Time: 182.9 ms, GC Workers: 8]
      [GC Worker Start (ms): Min: 158197.0, Avg: 158197.0, Max: 158197.0, Diff: 0.1]
      [Ext Root Scanning (ms): Min: 0.0, Avg: 0.1, Max: 0.1, Diff: 0.1, Sum: 0.6]
      [Update RS (ms): Min: 24.1, Avg: 24.5, Max: 25.2, Diff: 1.0, Sum: 195.8]
         [Processed Buffers: Min: 24, Avg: 25.3, Max: 28, Diff: 4, Sum: 202]
      [Scan RS (ms): Min: 19.1, Avg: 19.8, Max: 20.1, Diff: 1.0, Sum: 158.2]
      [Code Root Scanning (ms): Min: 0.0, Avg: 0.0, Max: 0.0, Diff: 0.0, Sum: 0.0]
      [Object Copy (ms): Min: 138.1, Avg: 138.2, Max: 138.3, Diff: 0.2, Sum: 1105.3]
      [Termination (ms): Min: 0.0, Avg: 0.2, Max: 0.2, Diff: 0.2, Sum: 1.4]
         [Termination Attempts: Min: 1, Avg: 1245.9, Max: 1498, Diff: 1497, Sum: 9967]
      [GC Worker Other (ms): Min: 0.0, Avg: 0.1, Max: 0.1, Diff: 0.1, Sum: 0.4]
      [GC Worker Total (ms): Min: 182.7, Avg: 182.7, Max: 182.8, Diff: 0.1, Sum: 1461.8]
      [GC Worker End (ms): Min: 158379.7, Avg: 158379.7, Max: 158379.8, Diff: 0.1]
   [Code Root Fixup: 0.0 ms]
   [Code Root Purge: 0.0 ms]
   [Clear CT: 0.2 ms]
   [Other: 0.9 ms]
      [Choose CSet: 0.0 ms]
      [Ref Proc: 0.2 ms]
      [Ref Enq: 0.0 ms]
      [Redirty Cards: 0.2 ms]
      [Humongous Register: 0.0 ms]
      [Humongous Reclaim: 0.0 ms]
      [Free CSet: 0.3 ms]
   [Eden: 302.0M(302.0M)->0.0B(291.0M) Survivors: 46.0M->44.0M Heap: 1139.1M(2048.0M)->1141.1M(2048.0M)]
 [Times: user=1.47 sys=0.03, real=0.18 secs] 
2020-09-29T11:31:44.966+0200: 158.399: [GC pause (G1 Humongous Allocation) (young) (initial-mark), 0.0545906 secs]
   [Parallel Time: 53.6 ms, GC Workers: 8]
      [GC Worker Start (ms): Min: 158398.8, Avg: 158398.9, Max: 158398.9, Diff: 0.1]
      [Ext Root Scanning (ms): Min: 0.0, Avg: 0.1, Max: 0.1, Diff: 0.1, Sum: 0.7]
      [Update RS (ms): Min: 26.6, Avg: 26.8, Max: 27.3, Diff: 0.8, Sum: 214.2]
         [Processed Buffers: Min: 29, Avg: 31.3, Max: 33, Diff: 4, Sum: 250]
      [Scan RS (ms): Min: 2.5, Avg: 3.1, Max: 3.4, Diff: 0.9, Sum: 24.5]
      [Code Root Scanning (ms): Min: 0.0, Avg: 0.0, Max: 0.0, Diff: 0.0, Sum: 0.0]
      [Object Copy (ms): Min: 23.5, Avg: 23.6, Max: 23.6, Diff: 0.1, Sum: 188.6]
      [Termination (ms): Min: 0.0, Avg: 0.0, Max: 0.0, Diff: 0.0, Sum: 0.2]
         [Termination Attempts: Min: 1, Avg: 216.8, Max: 270, Diff: 269, Sum: 1734]
      [GC Worker Other (ms): Min: 0.0, Avg: 0.0, Max: 0.0, Diff: 0.0, Sum: 0.1]
      [GC Worker Total (ms): Min: 53.5, Avg: 53.5, Max: 53.6, Diff: 0.1, Sum: 428.4]
      [GC Worker End (ms): Min: 158452.4, Avg: 158452.4, Max: 158452.4, Diff: 0.0]
   [Code Root Fixup: 0.0 ms]
   [Code Root Purge: 0.0 ms]
   [Clear CT: 0.1 ms]
   [Other: 0.8 ms]
      [Choose CSet: 0.0 ms]
      [Ref Proc: 0.2 ms]
      [Ref Enq: 0.0 ms]
      [Redirty Cards: 0.2 ms]
      [Humongous Register: 0.1 ms]
      [Humongous Reclaim: 0.0 ms]
      [Free CSet: 0.1 ms]
   [Eden: 10.0M(291.0M)->0.0B(336.0M) Survivors: 44.0M->13.0M Heap: 1151.1M(2048.0M)->1156.1M(2048.0M)]
 [Times: user=0.50 sys=0.00, real=0.05 secs] 
2020-09-29T11:31:45.021+0200: 158.453: [GC concurrent-root-region-scan-start]
2020-09-29T11:31:45.024+0200: 158.457: [GC concurrent-root-region-scan-end, 0.0035729 secs]
2020-09-29T11:31:45.024+0200: 158.457: [GC concurrent-mark-start]
2020-09-29T11:31:45.028+0200: 158.461: [GC concurrent-mark-end, 0.0035628 secs]
2020-09-29T11:31:45.028+0200: 158.461: [GC remark 2020-09-29T11:31:45.028+0200: 158.461: [Finalize Marking, 0.0001943 secs] 2020-09-29T11:31:45.028+0200: 158.461: [GC ref-proc, 0.0002901 secs] 2020-09-29T11:31:45.029+0200: 158.461: [Unloading, 0.0004403 secs], 0.0012176 secs]
 [Times: user=0.00 sys=0.00, real=0.00 secs] 
2020-09-29T11:31:45.030+0200: 158.462: [GC cleanup 1172M->39M(2048M), 0.0012796 secs]
 [Times: user=0.00 sys=0.00, real=0.00 secs] 
2020-09-29T11:31:45.031+0200: 158.464: [GC concurrent-cleanup-start]
2020-09-29T11:31:45.033+0200: 158.466: [GC concurrent-cleanup-end, 0.0020393 secs]
2020-09-29T11:31:45.202+0200: 158.635: [GC pause (G1 Evacuation Pause) (young), 0.1767588 secs]
   [Parallel Time: 175.6 ms, GC Workers: 8]
      [GC Worker Start (ms): Min: 158635.0, Avg: 158635.1, Max: 158635.1, Diff: 0.1]
      [Ext Root Scanning (ms): Min: 0.0, Avg: 0.1, Max: 0.1, Diff: 0.1, Sum: 0.6]
      [Update RS (ms): Min: 14.6, Avg: 14.7, Max: 15.0, Diff: 0.5, Sum: 117.5]
         [Processed Buffers: Min: 15, Avg: 16.0, Max: 18, Diff: 3, Sum: 128]
      [Scan RS (ms): Min: 26.5, Avg: 26.9, Max: 27.0, Diff: 0.6, Sum: 214.9]
      [Code Root Scanning (ms): Min: 0.0, Avg: 0.0, Max: 0.0, Diff: 0.0, Sum: 0.0]
      [Object Copy (ms): Min: 133.6, Avg: 133.7, Max: 133.8, Diff: 0.2, Sum: 1069.7]
      [Termination (ms): Min: 0.0, Avg: 0.1, Max: 0.1, Diff: 0.1, Sum: 0.5]
         [Termination Attempts: Min: 1, Avg: 445.3, Max: 577, Diff: 576, Sum: 3562]
      [GC Worker Other (ms): Min: 0.0, Avg: 0.0, Max: 0.1, Diff: 0.1, Sum: 0.3]
      [GC Worker Total (ms): Min: 175.4, Avg: 175.4, Max: 175.5, Diff: 0.2, Sum: 1403.5]
      [GC Worker End (ms): Min: 158810.5, Avg: 158810.5, Max: 158810.5, Diff: 0.0]
   [Code Root Fixup: 0.0 ms]
   [Code Root Purge: 0.0 ms]
   [Clear CT: 0.2 ms]
   [Other: 0.9 ms]
      [Choose CSet: 0.0 ms]
      [Ref Proc: 0.2 ms]
      [Ref Enq: 0.0 ms]
      [Redirty Cards: 0.3 ms]
      [Humongous Register: 0.0 ms]
      [Humongous Reclaim: 0.0 ms]
      [Free CSet: 0.2 ms]
   [Eden: 336.0M(336.0M)->0.0B(296.0M) Survivors: 13.0M->44.0M Heap: 415.7M(2048.0M)->405.2M(2048.0M)]
 [Times: user=1.34 sys=0.05, real=0.18 secs] 
2020-09-29T11:31:45.538+0200: 158.971: [GC pause (G1 Evacuation Pause) (young), 0.1663173 secs]
   [Parallel Time: 165.1 ms, GC Workers: 8]
      [GC Worker Start (ms): Min: 158971.4, Avg: 158971.4, Max: 158971.5, Diff: 0.2]
      [Ext Root Scanning (ms): Min: 0.0, Avg: 0.1, Max: 0.1, Diff: 0.1, Sum: 0.6]
      [Update RS (ms): Min: 18.3, Avg: 18.5, Max: 18.8, Diff: 0.5, Sum: 147.6]
         [Processed Buffers: Min: 17, Avg: 18.3, Max: 20, Diff: 3, Sum: 146]
      [Scan RS (ms): Min: 18.0, Avg: 18.3, Max: 18.5, Diff: 0.6, Sum: 146.8]
      [Code Root Scanning (ms): Min: 0.0, Avg: 0.0, Max: 0.0, Diff: 0.0, Sum: 0.0]
      [Object Copy (ms): Min: 127.8, Avg: 127.9, Max: 127.9, Diff: 0.2, Sum: 1023.1]
      [Termination (ms): Min: 0.0, Avg: 0.0, Max: 0.0, Diff: 0.0, Sum: 0.1]
         [Termination Attempts: Min: 1, Avg: 48.4, Max: 71, Diff: 70, Sum: 387]
      [GC Worker Other (ms): Min: 0.0, Avg: 0.1, Max: 0.1, Diff: 0.1, Sum: 0.4]
      [GC Worker Total (ms): Min: 164.8, Avg: 164.8, Max: 164.9, Diff: 0.1, Sum: 1318.6]
      [GC Worker End (ms): Min: 159136.2, Avg: 159136.3, Max: 159136.3, Diff: 0.1]
   [Code Root Fixup: 0.0 ms]
   [Code Root Purge: 0.0 ms]
   [Clear CT: 0.2 ms]
   [Other: 1.1 ms]
      [Choose CSet: 0.0 ms]
      [Ref Proc: 0.1 ms]
      [Ref Enq: 0.0 ms]
      [Redirty Cards: 0.3 ms]
      [Humongous Register: 0.0 ms]
      [Humongous Reclaim: 0.0 ms]
      [Free CSet: 0.4 ms]
   [Eden: 296.0M(296.0M)->0.0B(298.0M) Survivors: 44.0M->43.0M Heap: 750.8M(2048.0M)->752.3M(2048.0M)]
 [Times: user=1.23 sys=0.00, real=0.17 secs] 
2020-09-29T11:31:45.868+0200: 159.301: [GC pause (G1 Evacuation Pause) (young), 0.1578042 secs]
   [Parallel Time: 156.5 ms, GC Workers: 8]
      [GC Worker Start (ms): Min: 159300.9, Avg: 159301.0, Max: 159301.1, Diff: 0.2]
      [Ext Root Scanning (ms): Min: 0.0, Avg: 0.1, Max: 0.2, Diff: 0.2, Sum: 0.5]
      [Update RS (ms): Min: 16.9, Avg: 17.1, Max: 17.2, Diff: 0.3, Sum: 136.6]
         [Processed Buffers: Min: 19, Avg: 20.3, Max: 23, Diff: 4, Sum: 162]
      [Scan RS (ms): Min: 15.4, Avg: 15.5, Max: 15.6, Diff: 0.2, Sum: 124.0]
      [Code Root Scanning (ms): Min: 0.0, Avg: 0.0, Max: 0.0, Diff: 0.0, Sum: 0.0]
      [Object Copy (ms): Min: 123.5, Avg: 123.6, Max: 123.7, Diff: 0.2, Sum: 989.0]
      [Termination (ms): Min: 0.0, Avg: 0.0, Max: 0.0, Diff: 0.0, Sum: 0.1]
         [Termination Attempts: Min: 1, Avg: 104.9, Max: 131, Diff: 130, Sum: 839]
      [GC Worker Other (ms): Min: 0.0, Avg: 0.0, Max: 0.1, Diff: 0.1, Sum: 0.3]
      [GC Worker Total (ms): Min: 156.2, Avg: 156.3, Max: 156.4, Diff: 0.2, Sum: 1250.5]
      [GC Worker End (ms): Min: 159457.3, Avg: 159457.4, Max: 159457.4, Diff: 0.1]
   [Code Root Fixup: 0.0 ms]
   [Code Root Purge: 0.0 ms]
   [Clear CT: 0.2 ms]
   [Other: 1.1 ms]
      [Choose CSet: 0.0 ms]
      [Ref Proc: 0.2 ms]
      [Ref Enq: 0.0 ms]
      [Redirty Cards: 0.4 ms]
      [Humongous Register: 0.0 ms]
      [Humongous Reclaim: 0.0 ms]
      [Free CSet: 0.2 ms]
   [Eden: 298.0M(298.0M)->0.0B(309.0M) Survivors: 43.0M->43.0M Heap: 1099.9M(2048.0M)->1101.9M(2048.0M)]
 [Times: user=1.23 sys=0.02, real=0.16 secs] 
2020-09-29T11:31:46.037+0200: 159.470: [GC pause (G1 Humongous Allocation) (young) (initial-mark), 0.0614264 secs]
   [Parallel Time: 60.6 ms, GC Workers: 8]
      [GC Worker Start (ms): Min: 159470.4, Avg: 159470.4, Max: 159470.5, Diff: 0.1]
      [Ext Root Scanning (ms): Min: 0.0, Avg: 0.1, Max: 0.2, Diff: 0.1, Sum: 0.7]
      [Update RS (ms): Min: 32.4, Avg: 32.8, Max: 33.6, Diff: 1.3, Sum: 262.8]
         [Processed Buffers: Min: 36, Avg: 39.9, Max: 42, Diff: 6, Sum: 319]
      [Scan RS (ms): Min: 2.0, Avg: 2.8, Max: 3.3, Diff: 1.2, Sum: 22.7]
      [Code Root Scanning (ms): Min: 0.0, Avg: 0.0, Max: 0.0, Diff: 0.0, Sum: 0.0]
      [Object Copy (ms): Min: 24.5, Avg: 24.5, Max: 24.6, Diff: 0.1, Sum: 196.3]
      [Termination (ms): Min: 0.0, Avg: 0.1, Max: 0.1, Diff: 0.1, Sum: 0.5]
         [Termination Attempts: Min: 1, Avg: 127.9, Max: 166, Diff: 165, Sum: 1023]
      [GC Worker Other (ms): Min: 0.0, Avg: 0.0, Max: 0.1, Diff: 0.1, Sum: 0.2]
      [GC Worker Total (ms): Min: 60.3, Avg: 60.4, Max: 60.5, Diff: 0.2, Sum: 483.3]
      [GC Worker End (ms): Min: 159530.8, Avg: 159530.8, Max: 159530.9, Diff: 0.1]
   [Code Root Fixup: 0.0 ms]
   [Code Root Purge: 0.0 ms]
   [Clear CT: 0.2 ms]
   [Other: 0.6 ms]
      [Choose CSet: 0.0 ms]
      [Ref Proc: 0.2 ms]
      [Ref Enq: 0.0 ms]
      [Redirty Cards: 0.2 ms]
      [Humongous Register: 0.0 ms]
      [Humongous Reclaim: 0.0 ms]
      [Free CSet: 0.1 ms]
   [Eden: 9216.0K(309.0M)->0.0B(325.0M) Survivors: 43.0M->10.0M Heap: 1110.4M(2048.0M)->1114.4M(2048.0M)]
 [Times: user=0.50 sys=0.00, real=0.06 secs] 
2020-09-29T11:31:46.099+0200: 159.532: [GC concurrent-root-region-scan-start]
2020-09-29T11:31:46.101+0200: 159.534: [GC concurrent-root-region-scan-end, 0.0024380 secs]
2020-09-29T11:31:46.101+0200: 159.534: [GC concurrent-mark-start]
2020-09-29T11:31:46.104+0200: 159.537: [GC concurrent-mark-end, 0.0026700 secs]
2020-09-29T11:31:46.104+0200: 159.537: [GC remark 2020-09-29T11:31:46.104+0200: 159.537: [Finalize Marking, 0.0002446 secs] 2020-09-29T11:31:46.104+0200: 159.537: [GC ref-proc, 0.0003040 secs] 2020-09-29T11:31:46.105+0200: 159.538: [Unloading, 0.0004237 secs], 0.0012733 secs]
 [Times: user=0.00 sys=0.00, real=0.00 secs] 
2020-09-29T11:31:46.106+0200: 159.539: [GC cleanup 1127M->32M(2048M), 0.0014230 secs]
 [Times: user=0.00 sys=0.00, real=0.00 secs] 
2020-09-29T11:31:46.107+0200: 159.540: [GC concurrent-cleanup-start]
2020-09-29T11:31:46.110+0200: 159.543: [GC concurrent-cleanup-end, 0.0024246 secs]
2020-09-29T11:31:46.274+0200: 159.707: [GC pause (G1 Evacuation Pause) (young), 0.1516993 secs]
   [Parallel Time: 150.6 ms, GC Workers: 8]
      [GC Worker Start (ms): Min: 159706.9, Avg: 159706.9, Max: 159707.0, Diff: 0.1]
      [Ext Root Scanning (ms): Min: 0.0, Avg: 0.1, Max: 0.1, Diff: 0.1, Sum: 0.6]
      [Update RS (ms): Min: 14.0, Avg: 14.1, Max: 14.3, Diff: 0.3, Sum: 112.7]
         [Processed Buffers: Min: 16, Avg: 17.1, Max: 20, Diff: 4, Sum: 137]
      [Scan RS (ms): Min: 14.6, Avg: 14.7, Max: 14.9, Diff: 0.3, Sum: 117.6]
      [Code Root Scanning (ms): Min: 0.0, Avg: 0.0, Max: 0.0, Diff: 0.0, Sum: 0.0]
      [Object Copy (ms): Min: 121.3, Avg: 121.4, Max: 121.6, Diff: 0.3, Sum: 971.6]
      [Termination (ms): Min: 0.0, Avg: 0.1, Max: 0.1, Diff: 0.1, Sum: 0.5]
         [Termination Attempts: Min: 1, Avg: 423.3, Max: 511, Diff: 510, Sum: 3386]
      [GC Worker Other (ms): Min: 0.0, Avg: 0.0, Max: 0.1, Diff: 0.1, Sum: 0.4]
      [GC Worker Total (ms): Min: 150.3, Avg: 150.4, Max: 150.5, Diff: 0.2, Sum: 1203.4]
      [GC Worker End (ms): Min: 159857.3, Avg: 159857.4, Max: 159857.4, Diff: 0.1]
   [Code Root Fixup: 0.0 ms]
   [Code Root Purge: 0.0 ms]
   [Clear CT: 0.1 ms]
   [Other: 0.9 ms]
      [Choose CSet: 0.0 ms]
      [Ref Proc: 0.2 ms]
      [Ref Enq: 0.0 ms]
      [Redirty Cards: 0.3 ms]
      [Humongous Register: 0.0 ms]
      [Humongous Reclaim: 0.0 ms]
      [Free CSet: 0.2 ms]
   [Eden: 325.0M(325.0M)->0.0B(314.0M) Survivors: 10.0M->42.0M Heap: 400.3M(2048.0M)->392.8M(2048.0M)]
 [Times: user=1.14 sys=0.00, real=0.15 secs] 
2020-09-29T11:31:46.591+0200: 160.024: [GC pause (G1 Evacuation Pause) (young), 0.1821368 secs]
   [Parallel Time: 180.8 ms, GC Workers: 8]
      [GC Worker Start (ms): Min: 160024.5, Avg: 160024.6, Max: 160024.6, Diff: 0.2]
      [Ext Root Scanning (ms): Min: 0.0, Avg: 0.1, Max: 0.1, Diff: 0.1, Sum: 0.5]
      [Update RS (ms): Min: 18.2, Avg: 18.3, Max: 18.5, Diff: 0.2, Sum: 146.7]
         [Processed Buffers: Min: 17, Avg: 18.8, Max: 20, Diff: 3, Sum: 150]
      [Scan RS (ms): Min: 17.9, Avg: 18.1, Max: 18.3, Diff: 0.3, Sum: 145.0]
      [Code Root Scanning (ms): Min: 0.0, Avg: 0.0, Max: 0.0, Diff: 0.0, Sum: 0.0]
      [Object Copy (ms): Min: 143.7, Avg: 143.9, Max: 144.1, Diff: 0.4, Sum: 1151.2]
      [Termination (ms): Min: 0.0, Avg: 0.2, Max: 0.2, Diff: 0.2, Sum: 1.2]
         [Termination Attempts: Min: 1, Avg: 1166.9, Max: 1445, Diff: 1444, Sum: 9335]
      [GC Worker Other (ms): Min: 0.0, Avg: 0.0, Max: 0.1, Diff: 0.1, Sum: 0.3]
      [GC Worker Total (ms): Min: 180.5, Avg: 180.6, Max: 180.7, Diff: 0.2, Sum: 1444.9]
      [GC Worker End (ms): Min: 160205.1, Avg: 160205.2, Max: 160205.2, Diff: 0.1]
   [Code Root Fixup: 0.0 ms]
   [Code Root Purge: 0.0 ms]
   [Clear CT: 0.2 ms]
   [Other: 1.1 ms]
      [Choose CSet: 0.0 ms]
      [Ref Proc: 0.2 ms]
      [Ref Enq: 0.0 ms]
      [Redirty Cards: 0.3 ms]
      [Humongous Register: 0.1 ms]
      [Humongous Reclaim: 0.0 ms]
      [Free CSet: 0.4 ms]
   [Eden: 314.0M(314.0M)->0.0B(302.0M) Survivors: 42.0M->45.0M Heap: 758.3M(2048.0M)->760.8M(2048.0M)]
 [Times: user=1.50 sys=0.00, real=0.18 secs] 
2020-09-29T11:31:46.937+0200: 160.370: [GC pause (G1 Evacuation Pause) (young), 0.1661954 secs]
   [Parallel Time: 165.0 ms, GC Workers: 8]
      [GC Worker Start (ms): Min: 160369.8, Avg: 160369.9, Max: 160369.9, Diff: 0.1]
      [Ext Root Scanning (ms): Min: 0.0, Avg: 0.1, Max: 0.1, Diff: 0.1, Sum: 0.6]
      [Update RS (ms): Min: 17.7, Avg: 17.8, Max: 17.9, Diff: 0.2, Sum: 142.2]
         [Processed Buffers: Min: 18, Avg: 20.5, Max: 23, Diff: 5, Sum: 164]
      [Scan RS (ms): Min: 16.2, Avg: 16.3, Max: 16.4, Diff: 0.2, Sum: 130.6]
      [Code Root Scanning (ms): Min: 0.0, Avg: 0.0, Max: 0.0, Diff: 0.0, Sum: 0.0]
      [Object Copy (ms): Min: 130.4, Avg: 130.6, Max: 130.7, Diff: 0.3, Sum: 1044.6]
      [Termination (ms): Min: 0.0, Avg: 0.0, Max: 0.0, Diff: 0.0, Sum: 0.0]
         [Termination Attempts: Min: 1, Avg: 41.9, Max: 58, Diff: 57, Sum: 335]
      [GC Worker Other (ms): Min: 0.0, Avg: 0.0, Max: 0.1, Diff: 0.1, Sum: 0.4]
      [GC Worker Total (ms): Min: 164.7, Avg: 164.8, Max: 164.9, Diff: 0.1, Sum: 1318.5]
      [GC Worker End (ms): Min: 160534.7, Avg: 160534.7, Max: 160534.7, Diff: 0.1]
   [Code Root Fixup: 0.0 ms]
   [Code Root Purge: 0.0 ms]
   [Clear CT: 0.2 ms]
   [Other: 1.0 ms]
      [Choose CSet: 0.0 ms]
      [Ref Proc: 0.1 ms]
      [Ref Enq: 0.0 ms]
      [Redirty Cards: 0.2 ms]
      [Humongous Register: 0.0 ms]
      [Humongous Reclaim: 0.0 ms]
      [Free CSet: 0.5 ms]
   [Eden: 302.0M(302.0M)->0.0B(309.0M) Survivors: 45.0M->44.0M Heap: 1114.3M(2048.0M)->1116.3M(2048.0M)]
 [Times: user=1.38 sys=0.00, real=0.17 secs] 
2020-09-29T11:31:47.117+0200: 160.550: [GC pause (G1 Humongous Allocation) (young) (initial-mark), 0.0612736 secs]
   [Parallel Time: 60.4 ms, GC Workers: 8]
      [GC Worker Start (ms): Min: 160550.1, Avg: 160550.2, Max: 160550.2, Diff: 0.1]
      [Ext Root Scanning (ms): Min: 0.0, Avg: 0.1, Max: 0.1, Diff: 0.1, Sum: 0.6]
      [Update RS (ms): Min: 34.5, Avg: 34.8, Max: 35.2, Diff: 0.7, Sum: 278.2]
         [Processed Buffers: Min: 36, Avg: 39.6, Max: 41, Diff: 5, Sum: 317]
      [Scan RS (ms): Min: 2.3, Avg: 2.8, Max: 3.1, Diff: 0.8, Sum: 22.1]
      [Code Root Scanning (ms): Min: 0.0, Avg: 0.0, Max: 0.0, Diff: 0.0, Sum: 0.0]
      [Object Copy (ms): Min: 22.4, Avg: 22.5, Max: 22.5, Diff: 0.1, Sum: 180.0]
      [Termination (ms): Min: 0.0, Avg: 0.0, Max: 0.0, Diff: 0.0, Sum: 0.0]
         [Termination Attempts: Min: 1, Avg: 23.1, Max: 33, Diff: 32, Sum: 185]
      [GC Worker Other (ms): Min: 0.0, Avg: 0.0, Max: 0.0, Diff: 0.0, Sum: 0.2]
      [GC Worker Total (ms): Min: 60.1, Avg: 60.1, Max: 60.2, Diff: 0.1, Sum: 481.1]
      [GC Worker End (ms): Min: 160610.3, Avg: 160610.3, Max: 160610.3, Diff: 0.0]
   [Code Root Fixup: 0.0 ms]
   [Code Root Purge: 0.0 ms]
   [Clear CT: 0.2 ms]
   [Other: 0.7 ms]
      [Choose CSet: 0.0 ms]
      [Ref Proc: 0.2 ms]
      [Ref Enq: 0.0 ms]
      [Redirty Cards: 0.2 ms]
      [Humongous Register: 0.0 ms]
      [Humongous Reclaim: 0.0 ms]
      [Free CSet: 0.1 ms]
   [Eden: 9216.0K(309.0M)->0.0B(342.0M) Survivors: 44.0M->11.0M Heap: 1125.3M(2048.0M)->1128.8M(2048.0M)]
 [Times: user=0.49 sys=0.00, real=0.06 secs] 
2020-09-29T11:31:47.179+0200: 160.611: [GC concurrent-root-region-scan-start]
2020-09-29T11:31:47.181+0200: 160.614: [GC concurrent-root-region-scan-end, 0.0027705 secs]
2020-09-29T11:31:47.181+0200: 160.614: [GC concurrent-mark-start]
2020-09-29T11:31:47.185+0200: 160.618: [GC concurrent-mark-end, 0.0034390 secs]
2020-09-29T11:31:47.185+0200: 160.618: [GC remark 2020-09-29T11:31:47.185+0200: 160.618: [Finalize Marking, 0.0004443 secs] 2020-09-29T11:31:47.186+0200: 160.618: [GC ref-proc, 0.0002925 secs] 2020-09-29T11:31:47.186+0200: 160.619: [Unloading, 0.0005155 secs], 0.0016303 secs]
 [Times: user=0.00 sys=0.00, real=0.00 secs] 
2020-09-29T11:31:47.187+0200: 160.620: [GC cleanup 1142M->33M(2048M), 0.0013276 secs]
 [Times: user=0.00 sys=0.00, real=0.00 secs] 
2020-09-29T11:31:47.189+0200: 160.621: [GC concurrent-cleanup-start]
2020-09-29T11:31:47.190+0200: 160.623: [GC concurrent-cleanup-end, 0.0017911 secs]
2020-09-29T11:31:47.359+0200: 160.792: [GC pause (G1 Evacuation Pause) (young), 0.1817267 secs]
   [Parallel Time: 180.1 ms, GC Workers: 8]
      [GC Worker Start (ms): Min: 160792.0, Avg: 160792.2, Max: 160792.2, Diff: 0.2]
      [Ext Root Scanning (ms): Min: 0.0, Avg: 0.1, Max: 0.2, Diff: 0.2, Sum: 0.4]
      [Update RS (ms): Min: 21.5, Avg: 21.7, Max: 22.1, Diff: 0.7, Sum: 173.8]
         [Processed Buffers: Min: 20, Avg: 22.1, Max: 23, Diff: 3, Sum: 177]
      [Scan RS (ms): Min: 15.4, Avg: 15.8, Max: 16.1, Diff: 0.7, Sum: 126.5]
      [Code Root Scanning (ms): Min: 0.0, Avg: 0.0, Max: 0.0, Diff: 0.0, Sum: 0.0]
      [Object Copy (ms): Min: 141.8, Avg: 141.9, Max: 142.1, Diff: 0.3, Sum: 1134.8]
      [Termination (ms): Min: 0.0, Avg: 0.2, Max: 0.3, Diff: 0.3, Sum: 1.8]
         [Termination Attempts: Min: 1, Avg: 1534.0, Max: 1860, Diff: 1859, Sum: 12272]
      [GC Worker Other (ms): Min: 0.0, Avg: 0.0, Max: 0.1, Diff: 0.1, Sum: 0.3]
      [GC Worker Total (ms): Min: 179.6, Avg: 179.7, Max: 179.9, Diff: 0.3, Sum: 1437.7]
      [GC Worker End (ms): Min: 160971.8, Avg: 160971.9, Max: 160971.9, Diff: 0.1]
   [Code Root Fixup: 0.0 ms]
   [Code Root Purge: 0.0 ms]
   [Clear CT: 0.2 ms]
   [Other: 1.4 ms]
      [Choose CSet: 0.0 ms]
      [Ref Proc: 0.5 ms]
      [Ref Enq: 0.0 ms]
      [Redirty Cards: 0.3 ms]
      [Humongous Register: 0.0 ms]
      [Humongous Reclaim: 0.0 ms]
      [Free CSet: 0.3 ms]
   [Eden: 342.0M(342.0M)->0.0B(307.0M) Survivors: 11.0M->45.0M Heap: 419.7M(2048.0M)->411.7M(2048.0M)]
 [Times: user=1.39 sys=0.05, real=0.18 secs] 
2020-09-29T11:31:47.773+0200: 161.206: [GC pause (G1 Evacuation Pause) (young), 0.2672049 secs]
   [Parallel Time: 265.6 ms, GC Workers: 8]
      [GC Worker Start (ms): Min: 161206.5, Avg: 161206.6, Max: 161206.7, Diff: 0.2]
      [Ext Root Scanning (ms): Min: 0.0, Avg: 0.1, Max: 0.2, Diff: 0.2, Sum: 0.7]
      [Update RS (ms): Min: 33.6, Avg: 34.1, Max: 34.5, Diff: 1.0, Sum: 272.7]
         [Processed Buffers: Min: 21, Avg: 24.0, Max: 27, Diff: 6, Sum: 192]
      [Scan RS (ms): Min: 22.7, Avg: 23.1, Max: 23.6, Diff: 0.9, Sum: 184.7]
      [Code Root Scanning (ms): Min: 0.0, Avg: 0.0, Max: 0.0, Diff: 0.0, Sum: 0.0]
      [Object Copy (ms): Min: 207.6, Avg: 208.0, Max: 208.3, Diff: 0.6, Sum: 1663.8]
      [Termination (ms): Min: 0.0, Avg: 0.0, Max: 0.0, Diff: 0.0, Sum: 0.1]
         [Termination Attempts: Min: 1, Avg: 67.8, Max: 90, Diff: 89, Sum: 542]
      [GC Worker Other (ms): Min: 0.0, Avg: 0.1, Max: 0.1, Diff: 0.1, Sum: 0.5]
      [GC Worker Total (ms): Min: 265.2, Avg: 265.3, Max: 265.4, Diff: 0.2, Sum: 2122.5]
      [GC Worker End (ms): Min: 161471.9, Avg: 161471.9, Max: 161471.9, Diff: 0.1]
   [Code Root Fixup: 0.0 ms]
   [Code Root Purge: 0.0 ms]
   [Clear CT: 0.3 ms]
   [Other: 1.4 ms]
      [Choose CSet: 0.0 ms]
      [Ref Proc: 0.2 ms]
      [Ref Enq: 0.0 ms]
      [Redirty Cards: 0.5 ms]
      [Humongous Register: 0.1 ms]
      [Humongous Reclaim: 0.0 ms]
      [Free CSet: 0.3 ms]
   [Eden: 307.0M(307.0M)->0.0B(216.0M) Survivors: 45.0M->44.0M Heap: 770.2M(2048.0M)->771.2M(2048.0M)]
 [Times: user=2.13 sys=0.00, real=0.27 secs] 
2020-09-29T11:31:48.223+0200: 161.656: [GC pause (G1 Evacuation Pause) (young), 0.1996805 secs]
   [Parallel Time: 198.4 ms, GC Workers: 8]
      [GC Worker Start (ms): Min: 161655.8, Avg: 161656.0, Max: 161656.1, Diff: 0.2]
      [Ext Root Scanning (ms): Min: 0.0, Avg: 0.1, Max: 0.2, Diff: 0.2, Sum: 0.6]
      [Update RS (ms): Min: 22.8, Avg: 23.0, Max: 23.3, Diff: 0.5, Sum: 183.7]
         [Processed Buffers: Min: 14, Avg: 16.6, Max: 18, Diff: 4, Sum: 133]
      [Scan RS (ms): Min: 16.1, Avg: 16.4, Max: 16.6, Diff: 0.5, Sum: 131.1]
      [Code Root Scanning (ms): Min: 0.0, Avg: 0.0, Max: 0.0, Diff: 0.0, Sum: 0.0]
      [Object Copy (ms): Min: 158.4, Avg: 158.5, Max: 158.6, Diff: 0.2, Sum: 1267.9]
      [Termination (ms): Min: 0.0, Avg: 0.1, Max: 0.2, Diff: 0.2, Sum: 1.1]
         [Termination Attempts: Min: 1, Avg: 684.9, Max: 915, Diff: 914, Sum: 5479]
      [GC Worker Other (ms): Min: 0.0, Avg: 0.0, Max: 0.1, Diff: 0.1, Sum: 0.4]
      [GC Worker Total (ms): Min: 198.0, Avg: 198.1, Max: 198.3, Diff: 0.3, Sum: 1584.8]
      [GC Worker End (ms): Min: 161854.0, Avg: 161854.1, Max: 161854.1, Diff: 0.1]
   [Code Root Fixup: 0.0 ms]
   [Code Root Purge: 0.0 ms]
   [Clear CT: 0.2 ms]
   [Other: 1.1 ms]
      [Choose CSet: 0.0 ms]
      [Ref Proc: 0.2 ms]
      [Ref Enq: 0.0 ms]
      [Redirty Cards: 0.3 ms]
      [Humongous Register: 0.1 ms]
      [Humongous Reclaim: 0.0 ms]
      [Free CSet: 0.3 ms]
   [Eden: 216.0M(216.0M)->0.0B(202.0M) Survivors: 44.0M->33.0M Heap: 1023.5M(2048.0M)->1025.5M(2048.0M)]
 [Times: user=1.47 sys=0.00, real=0.20 secs] 
2020-09-29T11:31:48.433+0200: 161.866: [GC pause (G1 Humongous Allocation) (young) (initial-mark), 0.0789622 secs]
   [Parallel Time: 77.8 ms, GC Workers: 8]
      [GC Worker Start (ms): Min: 161866.0, Avg: 161866.1, Max: 161866.1, Diff: 0.2]
      [Ext Root Scanning (ms): Min: 0.0, Avg: 0.1, Max: 0.2, Diff: 0.2, Sum: 0.9]
      [Update RS (ms): Min: 43.4, Avg: 45.5, Max: 56.3, Diff: 12.9, Sum: 363.7]
         [Processed Buffers: Min: 33, Avg: 34.1, Max: 35, Diff: 2, Sum: 273]
      [Scan RS (ms): Min: 0.0, Avg: 3.3, Max: 4.2, Diff: 4.2, Sum: 26.1]
      [Code Root Scanning (ms): Min: 0.0, Avg: 0.0, Max: 0.0, Diff: 0.0, Sum: 0.0]
      [Object Copy (ms): Min: 21.2, Avg: 28.8, Max: 29.9, Diff: 8.7, Sum: 230.2]
      [Termination (ms): Min: 0.0, Avg: 0.0, Max: 0.0, Diff: 0.0, Sum: 0.2]
         [Termination Attempts: Min: 1, Avg: 99.9, Max: 132, Diff: 131, Sum: 799]
      [GC Worker Other (ms): Min: 0.0, Avg: 0.0, Max: 0.0, Diff: 0.0, Sum: 0.2]
      [GC Worker Total (ms): Min: 77.6, Avg: 77.7, Max: 77.8, Diff: 0.2, Sum: 621.3]
      [GC Worker End (ms): Min: 161943.7, Avg: 161943.7, Max: 161943.7, Diff: 0.0]
   [Code Root Fixup: 0.0 ms]
   [Code Root Purge: 0.0 ms]
   [Clear CT: 0.2 ms]
   [Other: 0.9 ms]
      [Choose CSet: 0.0 ms]
      [Ref Proc: 0.3 ms]
      [Ref Enq: 0.0 ms]
      [Redirty Cards: 0.2 ms]
      [Humongous Register: 0.0 ms]
      [Humongous Reclaim: 0.0 ms]
      [Free CSet: 0.1 ms]
   [Eden: 5120.0K(202.0M)->0.0B(203.0M) Survivors: 33.0M->8192.0K Heap: 1030.5M(2048.0M)->1035.5M(2048.0M)]
 [Times: user=0.63 sys=0.00, real=0.08 secs] 
2020-09-29T11:31:48.512+0200: 161.945: [GC concurrent-root-region-scan-start]
2020-09-29T11:31:48.515+0200: 161.948: [GC concurrent-root-region-scan-end, 0.0026295 secs]
2020-09-29T11:31:48.515+0200: 161.948: [GC concurrent-mark-start]
2020-09-29T11:31:48.519+0200: 161.952: [GC concurrent-mark-end, 0.0042604 secs]
2020-09-29T11:31:48.519+0200: 161.952: [GC remark 2020-09-29T11:31:48.519+0200: 161.952: [Finalize Marking, 0.0002884 secs] 2020-09-29T11:31:48.520+0200: 161.953: [GC ref-proc, 0.0005989 secs] 2020-09-29T11:31:48.520+0200: 161.953: [Unloading, 0.0006105 secs], 0.0019580 secs]
 [Times: user=0.06 sys=0.01, real=0.00 secs] 
2020-09-29T11:31:48.522+0200: 161.955: [GC cleanup 1047M->29M(2048M), 0.0021257 secs]
 [Times: user=0.00 sys=0.00, real=0.00 secs] 
2020-09-29T11:31:48.524+0200: 161.957: [GC concurrent-cleanup-start]
2020-09-29T11:31:48.527+0200: 161.960: [GC concurrent-cleanup-end, 0.0023727 secs]
2020-09-29T11:31:48.671+0200: 162.104: [GC pause (G1 Evacuation Pause) (young), 0.1612358 secs]
   [Parallel Time: 159.8 ms, GC Workers: 8]
      [GC Worker Start (ms): Min: 162104.3, Avg: 162104.4, Max: 162104.5, Diff: 0.2]
      [Ext Root Scanning (ms): Min: 0.0, Avg: 0.1, Max: 0.2, Diff: 0.2, Sum: 0.9]
      [Update RS (ms): Min: 20.7, Avg: 21.0, Max: 21.6, Diff: 0.9, Sum: 168.4]
         [Processed Buffers: Min: 15, Avg: 15.6, Max: 18, Diff: 3, Sum: 125]
      [Scan RS (ms): Min: 10.9, Avg: 11.4, Max: 11.8, Diff: 0.9, Sum: 91.4]
      [Code Root Scanning (ms): Min: 0.0, Avg: 0.0, Max: 0.0, Diff: 0.0, Sum: 0.0]
      [Object Copy (ms): Min: 126.5, Avg: 126.6, Max: 126.8, Diff: 0.2, Sum: 1013.0]
      [Termination (ms): Min: 0.0, Avg: 0.2, Max: 0.2, Diff: 0.2, Sum: 1.4]
         [Termination Attempts: Min: 1, Avg: 714.1, Max: 916, Diff: 915, Sum: 5713]
      [GC Worker Other (ms): Min: 0.0, Avg: 0.0, Max: 0.1, Diff: 0.1, Sum: 0.3]
      [GC Worker Total (ms): Min: 159.4, Avg: 159.4, Max: 159.5, Diff: 0.2, Sum: 1275.5]
      [GC Worker End (ms): Min: 162263.8, Avg: 162263.8, Max: 162263.9, Diff: 0.1]
   [Code Root Fixup: 0.0 ms]
   [Code Root Purge: 0.0 ms]
   [Clear CT: 0.3 ms]
   [Other: 1.2 ms]
      [Choose CSet: 0.0 ms]
      [Ref Proc: 0.3 ms]
      [Ref Enq: 0.0 ms]
      [Redirty Cards: 0.3 ms]
      [Humongous Register: 0.0 ms]
      [Humongous Reclaim: 0.0 ms]
      [Free CSet: 0.2 ms]
   [Eden: 203.0M(203.0M)->0.0B(191.0M) Survivors: 8192.0K->27.0M Heap: 254.8M(2048.0M)->249.3M(2048.0M)]
 [Times: user=1.23 sys=0.02, real=0.16 secs] 
2020-09-29T11:31:48.981+0200: 162.414: [GC pause (G1 Evacuation Pause) (young), 0.1709906 secs]
   [Parallel Time: 169.7 ms, GC Workers: 8]
      [GC Worker Start (ms): Min: 162414.4, Avg: 162414.5, Max: 162414.6, Diff: 0.2]
      [Ext Root Scanning (ms): Min: 0.0, Avg: 0.1, Max: 0.2, Diff: 0.2, Sum: 0.7]
      [Update RS (ms): Min: 19.1, Avg: 19.5, Max: 20.5, Diff: 1.4, Sum: 155.8]
         [Processed Buffers: Min: 13, Avg: 14.9, Max: 17, Diff: 4, Sum: 119]
      [Scan RS (ms): Min: 13.2, Avg: 14.4, Max: 14.7, Diff: 1.5, Sum: 114.9]
      [Code Root Scanning (ms): Min: 0.0, Avg: 0.0, Max: 0.0, Diff: 0.0, Sum: 0.0]
      [Object Copy (ms): Min: 135.3, Avg: 135.4, Max: 135.5, Diff: 0.1, Sum: 1083.1]
      [Termination (ms): Min: 0.0, Avg: 0.1, Max: 0.1, Diff: 0.1, Sum: 0.5]
         [Termination Attempts: Min: 1, Avg: 254.1, Max: 340, Diff: 339, Sum: 2033]
      [GC Worker Other (ms): Min: 0.0, Avg: 0.0, Max: 0.1, Diff: 0.1, Sum: 0.4]
      [GC Worker Total (ms): Min: 169.3, Avg: 169.4, Max: 169.5, Diff: 0.2, Sum: 1355.4]
      [GC Worker End (ms): Min: 162583.9, Avg: 162583.9, Max: 162583.9, Diff: 0.1]
   [Code Root Fixup: 0.0 ms]
   [Code Root Purge: 0.0 ms]
   [Clear CT: 0.2 ms]
   [Other: 1.0 ms]
      [Choose CSet: 0.0 ms]
      [Ref Proc: 0.2 ms]
      [Ref Enq: 0.0 ms]
      [Redirty Cards: 0.3 ms]
      [Humongous Register: 0.0 ms]
      [Humongous Reclaim: 0.0 ms]
      [Free CSet: 0.2 ms]
   [Eden: 191.0M(191.0M)->0.0B(190.0M) Survivors: 27.0M->28.0M Heap: 472.8M(2048.0M)->474.8M(2048.0M)]
 [Times: user=1.34 sys=0.00, real=0.17 secs] 
2020-09-29T11:31:49.306+0200: 162.738: [GC pause (G1 Evacuation Pause) (young), 0.1663540 secs]
   [Parallel Time: 164.4 ms, GC Workers: 8]
      [GC Worker Start (ms): Min: 162738.5, Avg: 162738.7, Max: 162738.8, Diff: 0.2]
      [Ext Root Scanning (ms): Min: 0.0, Avg: 0.1, Max: 0.2, Diff: 0.2, Sum: 0.6]
      [Update RS (ms): Min: 18.4, Avg: 18.5, Max: 18.8, Diff: 0.4, Sum: 148.4]
         [Processed Buffers: Min: 13, Avg: 15.0, Max: 17, Diff: 4, Sum: 120]
      [Scan RS (ms): Min: 14.1, Avg: 14.3, Max: 14.5, Diff: 0.4, Sum: 114.3]
      [Code Root Scanning (ms): Min: 0.0, Avg: 0.0, Max: 0.0, Diff: 0.0, Sum: 0.0]
      [Object Copy (ms): Min: 131.0, Avg: 131.1, Max: 131.2, Diff: 0.2, Sum: 1048.9]
      [Termination (ms): Min: 0.0, Avg: 0.1, Max: 0.1, Diff: 0.1, Sum: 0.5]
         [Termination Attempts: Min: 1, Avg: 289.6, Max: 394, Diff: 393, Sum: 2317]
      [GC Worker Other (ms): Min: 0.0, Avg: 0.1, Max: 0.1, Diff: 0.1, Sum: 0.4]
      [GC Worker Total (ms): Min: 164.0, Avg: 164.1, Max: 164.3, Diff: 0.3, Sum: 1313.1]
      [GC Worker End (ms): Min: 162902.8, Avg: 162902.8, Max: 162902.9, Diff: 0.1]
   [Code Root Fixup: 0.0 ms]
   [Code Root Purge: 0.0 ms]
   [Clear CT: 0.8 ms]
   [Other: 1.2 ms]
      [Choose CSet: 0.0 ms]
      [Ref Proc: 0.2 ms]
      [Ref Enq: 0.0 ms]
      [Redirty Cards: 0.5 ms]
      [Humongous Register: 0.0 ms]
      [Humongous Reclaim: 0.0 ms]
      [Free CSet: 0.2 ms]
   [Eden: 190.0M(190.0M)->0.0B(194.0M) Survivors: 28.0M->28.0M Heap: 697.2M(2048.0M)->699.2M(2048.0M)]
 [Times: user=1.23 sys=0.01, real=0.17 secs] 
2020-09-29T11:31:49.622+0200: 163.054: [GC pause (G1 Evacuation Pause) (young), 0.1678678 secs]
   [Parallel Time: 166.3 ms, GC Workers: 8]
      [GC Worker Start (ms): Min: 163054.1, Avg: 163054.3, Max: 163054.4, Diff: 0.2]
      [Ext Root Scanning (ms): Min: 0.0, Avg: 0.1, Max: 0.2, Diff: 0.2, Sum: 0.6]
      [Update RS (ms): Min: 17.3, Avg: 17.9, Max: 18.3, Diff: 1.1, Sum: 143.2]
         [Processed Buffers: Min: 12, Avg: 13.1, Max: 14, Diff: 2, Sum: 105]
      [Scan RS (ms): Min: 14.0, Avg: 14.4, Max: 15.2, Diff: 1.2, Sum: 115.4]
      [Code Root Scanning (ms): Min: 0.0, Avg: 0.0, Max: 0.0, Diff: 0.0, Sum: 0.0]
      [Object Copy (ms): Min: 133.3, Avg: 133.5, Max: 133.6, Diff: 0.3, Sum: 1067.8]
      [Termination (ms): Min: 0.0, Avg: 0.1, Max: 0.2, Diff: 0.2, Sum: 1.1]
         [Termination Attempts: Min: 1, Avg: 629.0, Max: 790, Diff: 789, Sum: 5032]
      [GC Worker Other (ms): Min: 0.0, Avg: 0.0, Max: 0.1, Diff: 0.1, Sum: 0.3]
      [GC Worker Total (ms): Min: 165.9, Avg: 166.0, Max: 166.2, Diff: 0.3, Sum: 1328.4]
      [GC Worker End (ms): Min: 163220.3, Avg: 163220.3, Max: 163220.3, Diff: 0.1]
   [Code Root Fixup: 0.0 ms]
   [Code Root Purge: 0.0 ms]
   [Clear CT: 0.3 ms]
   [Other: 1.3 ms]
      [Choose CSet: 0.0 ms]
      [Ref Proc: 0.3 ms]
      [Ref Enq: 0.0 ms]
      [Redirty Cards: 0.4 ms]
      [Humongous Register: 0.0 ms]
      [Humongous Reclaim: 0.0 ms]
      [Free CSet: 0.3 ms]
   [Eden: 194.0M(194.0M)->0.0B(198.0M) Survivors: 28.0M->28.0M Heap: 923.7M(2048.0M)->925.2M(2048.0M)]
 [Times: user=1.36 sys=0.02, real=0.17 secs] 
2020-09-29T11:31:49.870+0200: 163.303: [GC pause (G1 Humongous Allocation) (young) (initial-mark), 0.0950296 secs]
   [Parallel Time: 93.8 ms, GC Workers: 8]
      [GC Worker Start (ms): Min: 163302.7, Avg: 163302.8, Max: 163302.8, Diff: 0.2]
      [Ext Root Scanning (ms): Min: 0.0, Avg: 0.1, Max: 0.2, Diff: 0.2, Sum: 0.9]
      [Update RS (ms): Min: 18.6, Avg: 19.0, Max: 19.6, Diff: 1.0, Sum: 151.6]
         [Processed Buffers: Min: 13, Avg: 14.0, Max: 15, Diff: 2, Sum: 112]
      [Scan RS (ms): Min: 3.0, Avg: 3.6, Max: 4.1, Diff: 1.1, Sum: 29.1]
      [Code Root Scanning (ms): Min: 0.0, Avg: 0.0, Max: 0.0, Diff: 0.0, Sum: 0.0]
      [Object Copy (ms): Min: 70.8, Avg: 70.8, Max: 70.9, Diff: 0.1, Sum: 566.7]
      [Termination (ms): Min: 0.0, Avg: 0.0, Max: 0.0, Diff: 0.0, Sum: 0.1]
         [Termination Attempts: Min: 1, Avg: 26.5, Max: 41, Diff: 40, Sum: 212]
      [GC Worker Other (ms): Min: 0.0, Avg: 0.0, Max: 0.1, Diff: 0.0, Sum: 0.3]
      [GC Worker Total (ms): Min: 93.5, Avg: 93.6, Max: 93.7, Diff: 0.2, Sum: 748.6]
      [GC Worker End (ms): Min: 163396.3, Avg: 163396.3, Max: 163396.4, Diff: 0.0]
   [Code Root Fixup: 0.0 ms]
   [Code Root Purge: 0.0 ms]
   [Clear CT: 0.3 ms]
   [Other: 0.9 ms]
      [Choose CSet: 0.0 ms]
      [Ref Proc: 0.2 ms]
      [Ref Enq: 0.0 ms]
      [Redirty Cards: 0.3 ms]
      [Humongous Register: 0.0 ms]
      [Humongous Reclaim: 0.0 ms]
      [Free CSet: 0.1 ms]
   [Eden: 92.0M(198.0M)->0.0B(210.0M) Survivors: 28.0M->29.0M Heap: 1032.5M(2048.0M)->1034.0M(2048.0M)]
 [Times: user=0.75 sys=0.00, real=0.10 secs] 
2020-09-29T11:31:49.965+0200: 163.398: [GC concurrent-root-region-scan-start]
2020-09-29T11:31:49.973+0200: 163.406: [GC concurrent-root-region-scan-end, 0.0078689 secs]
2020-09-29T11:31:49.973+0200: 163.406: [GC concurrent-mark-start]
2020-09-29T11:31:49.976+0200: 163.409: [GC concurrent-mark-end, 0.0031879 secs]
2020-09-29T11:31:49.977+0200: 163.409: [GC remark 2020-09-29T11:31:49.977+0200: 163.409: [Finalize Marking, 0.0002979 secs] 2020-09-29T11:31:49.977+0200: 163.409: [GC ref-proc, 0.0004102 secs] 2020-09-29T11:31:49.978+0200: 163.410: [Unloading, 0.0006360 secs], 0.0018013 secs]
 [Times: user=0.00 sys=0.00, real=0.00 secs] 
2020-09-29T11:31:49.979+0200: 163.411: [GC cleanup 1052M->57M(2048M), 0.0015861 secs]
 [Times: user=0.00 sys=0.00, real=0.00 secs] 
2020-09-29T11:31:49.981+0200: 163.413: [GC concurrent-cleanup-start]
2020-09-29T11:31:49.982+0200: 163.415: [GC concurrent-cleanup-end, 0.0014222 secs]
2020-09-29T11:31:50.126+0200: 163.558: [GC pause (G1 Evacuation Pause) (young), 0.1629637 secs]
   [Parallel Time: 161.1 ms, GC Workers: 8]
      [GC Worker Start (ms): Min: 163558.1, Avg: 163558.2, Max: 163558.3, Diff: 0.2]
      [Ext Root Scanning (ms): Min: 0.0, Avg: 0.1, Max: 0.2, Diff: 0.2, Sum: 0.6]
      [Update RS (ms): Min: 29.1, Avg: 29.4, Max: 29.7, Diff: 0.6, Sum: 235.1]
         [Processed Buffers: Min: 18, Avg: 21.8, Max: 24, Diff: 6, Sum: 174]
      [Scan RS (ms): Min: 8.6, Avg: 9.0, Max: 9.3, Diff: 0.7, Sum: 71.7]
      [Code Root Scanning (ms): Min: 0.0, Avg: 0.0, Max: 0.0, Diff: 0.0, Sum: 0.0]
      [Object Copy (ms): Min: 122.2, Avg: 122.3, Max: 122.3, Diff: 0.1, Sum: 978.3]
      [Termination (ms): Min: 0.0, Avg: 0.0, Max: 0.1, Diff: 0.1, Sum: 0.3]
         [Termination Attempts: Min: 1, Avg: 173.5, Max: 230, Diff: 229, Sum: 1388]
      [GC Worker Other (ms): Min: 0.0, Avg: 0.0, Max: 0.1, Diff: 0.1, Sum: 0.3]
      [GC Worker Total (ms): Min: 160.7, Avg: 160.8, Max: 160.9, Diff: 0.3, Sum: 1286.4]
      [GC Worker End (ms): Min: 163719.0, Avg: 163719.0, Max: 163719.1, Diff: 0.1]
   [Code Root Fixup: 0.0 ms]
   [Code Root Purge: 0.0 ms]
   [Clear CT: 0.6 ms]
   [Other: 1.3 ms]
      [Choose CSet: 0.0 ms]
      [Ref Proc: 0.2 ms]
      [Ref Enq: 0.0 ms]
      [Redirty Cards: 0.6 ms]
      [Humongous Register: 0.0 ms]
      [Humongous Reclaim: 0.0 ms]
      [Free CSet: 0.2 ms]
   [Eden: 210.0M(210.0M)->0.0B(218.0M) Survivors: 29.0M->30.0M Heap: 285.2M(2048.0M)->258.2M(2048.0M)]
 [Times: user=1.38 sys=0.00, real=0.16 secs] 
2020-09-29T11:31:50.456+0200: 163.889: [GC pause (G1 Evacuation Pause) (young), 0.1858742 secs]
   [Parallel Time: 183.8 ms, GC Workers: 8]
      [GC Worker Start (ms): Min: 163888.7, Avg: 163888.8, Max: 163888.9, Diff: 0.2]
      [Ext Root Scanning (ms): Min: 0.0, Avg: 0.1, Max: 0.2, Diff: 0.2, Sum: 0.8]
      [Update RS (ms): Min: 19.5, Avg: 19.7, Max: 20.0, Diff: 0.5, Sum: 157.7]
         [Processed Buffers: Min: 13, Avg: 15.1, Max: 19, Diff: 6, Sum: 121]
      [Scan RS (ms): Min: 16.2, Avg: 16.5, Max: 16.7, Diff: 0.5, Sum: 132.0]
      [Code Root Scanning (ms): Min: 0.0, Avg: 0.0, Max: 0.0, Diff: 0.0, Sum: 0.0]
      [Object Copy (ms): Min: 146.9, Avg: 147.0, Max: 147.2, Diff: 0.3, Sum: 1176.3]
      [Termination (ms): Min: 0.0, Avg: 0.1, Max: 0.2, Diff: 0.2, Sum: 1.0]
         [Termination Attempts: Min: 1, Avg: 512.8, Max: 722, Diff: 721, Sum: 4102]
      [GC Worker Other (ms): Min: 0.0, Avg: 0.0, Max: 0.1, Diff: 0.0, Sum: 0.3]
      [GC Worker Total (ms): Min: 183.4, Avg: 183.5, Max: 183.6, Diff: 0.2, Sum: 1468.0]
      [GC Worker End (ms): Min: 164072.3, Avg: 164072.3, Max: 164072.3, Diff: 0.0]
   [Code Root Fixup: 0.0 ms]
   [Code Root Purge: 0.0 ms]
   [Clear CT: 0.2 ms]
   [Other: 1.8 ms]
      [Choose CSet: 0.0 ms]
      [Ref Proc: 0.3 ms]
      [Ref Enq: 0.0 ms]
      [Redirty Cards: 0.9 ms]
      [Humongous Register: 0.0 ms]
      [Humongous Reclaim: 0.0 ms]
      [Free CSet: 0.3 ms]
   [Eden: 218.0M(218.0M)->0.0B(215.0M) Survivors: 30.0M->31.0M Heap: 512.5M(2048.0M)->515.0M(2048.0M)]
 [Times: user=1.48 sys=0.02, real=0.19 secs] 
2020-09-29T11:31:50.806+0200: 164.239: [GC pause (G1 Evacuation Pause) (young), 0.2130911 secs]
   [Parallel Time: 211.9 ms, GC Workers: 8]
      [GC Worker Start (ms): Min: 164239.1, Avg: 164239.2, Max: 164239.3, Diff: 0.2]
      [Ext Root Scanning (ms): Min: 0.0, Avg: 0.1, Max: 0.2, Diff: 0.2, Sum: 0.7]
      [Update RS (ms): Min: 24.7, Avg: 24.9, Max: 25.8, Diff: 1.1, Sum: 199.0]
         [Processed Buffers: Min: 15, Avg: 18.1, Max: 20, Diff: 5, Sum: 145]
      [Scan RS (ms): Min: 16.0, Avg: 16.9, Max: 17.2, Diff: 1.1, Sum: 135.6]
      [Code Root Scanning (ms): Min: 0.0, Avg: 0.0, Max: 0.0, Diff: 0.0, Sum: 0.0]
      [Object Copy (ms): Min: 168.9, Avg: 169.1, Max: 169.6, Diff: 0.7, Sum: 1352.9]
      [Termination (ms): Min: 0.0, Avg: 0.5, Max: 0.7, Diff: 0.7, Sum: 4.1]
         [Termination Attempts: Min: 1, Avg: 2197.8, Max: 2816, Diff: 2815, Sum: 17582]
      [GC Worker Other (ms): Min: 0.0, Avg: 0.0, Max: 0.1, Diff: 0.1, Sum: 0.4]
      [GC Worker Total (ms): Min: 211.5, Avg: 211.6, Max: 211.7, Diff: 0.2, Sum: 1692.6]
      [GC Worker End (ms): Min: 164450.7, Avg: 164450.7, Max: 164450.8, Diff: 0.1]
   [Code Root Fixup: 0.0 ms]
   [Code Root Purge: 0.0 ms]
   [Clear CT: 0.3 ms]
   [Other: 0.9 ms]
      [Choose CSet: 0.0 ms]
      [Ref Proc: 0.2 ms]
      [Ref Enq: 0.0 ms]
      [Redirty Cards: 0.2 ms]
      [Humongous Register: 0.0 ms]
      [Humongous Reclaim: 0.0 ms]
      [Free CSet: 0.2 ms]
   [Eden: 215.0M(215.0M)->0.0B(195.0M) Survivors: 31.0M->31.0M Heap: 766.2M(2048.0M)->768.2M(2048.0M)]
 [Times: user=1.56 sys=0.00, real=0.21 secs] 
2020-09-29T11:31:51.169+0200: 164.602: [GC pause (G1 Evacuation Pause) (young), 0.1711335 secs]
   [Parallel Time: 169.9 ms, GC Workers: 8]
      [GC Worker Start (ms): Min: 164602.6, Avg: 164602.7, Max: 164602.8, Diff: 0.2]
      [Ext Root Scanning (ms): Min: 0.0, Avg: 0.1, Max: 0.3, Diff: 0.2, Sum: 0.9]
      [Update RS (ms): Min: 18.9, Avg: 19.0, Max: 19.2, Diff: 0.3, Sum: 152.4]
         [Processed Buffers: Min: 14, Avg: 15.1, Max: 19, Diff: 5, Sum: 121]
      [Scan RS (ms): Min: 14.8, Avg: 14.9, Max: 15.1, Diff: 0.3, Sum: 119.4]
      [Code Root Scanning (ms): Min: 0.0, Avg: 0.0, Max: 0.0, Diff: 0.0, Sum: 0.0]
      [Object Copy (ms): Min: 135.4, Avg: 135.5, Max: 135.5, Diff: 0.1, Sum: 1083.8]
      [Termination (ms): Min: 0.0, Avg: 0.0, Max: 0.0, Diff: 0.0, Sum: 0.2]
         [Termination Attempts: Min: 1, Avg: 145.4, Max: 190, Diff: 189, Sum: 1163]
      [GC Worker Other (ms): Min: 0.0, Avg: 0.0, Max: 0.1, Diff: 0.1, Sum: 0.3]
      [GC Worker Total (ms): Min: 169.5, Avg: 169.6, Max: 169.8, Diff: 0.2, Sum: 1357.1]
      [GC Worker End (ms): Min: 164772.3, Avg: 164772.3, Max: 164772.4, Diff: 0.1]
   [Code Root Fixup: 0.0 ms]
   [Code Root Purge: 0.0 ms]
   [Clear CT: 0.3 ms]
   [Other: 1.0 ms]
      [Choose CSet: 0.0 ms]
      [Ref Proc: 0.2 ms]
      [Ref Enq: 0.0 ms]
      [Redirty Cards: 0.4 ms]
      [Humongous Register: 0.1 ms]
      [Humongous Reclaim: 0.0 ms]
      [Free CSet: 0.2 ms]
   [Eden: 195.0M(195.0M)->0.0B(202.0M) Survivors: 31.0M->29.0M Heap: 995.6M(2048.0M)->997.1M(2048.0M)]
 [Times: user=1.38 sys=0.00, real=0.17 secs] 
2020-09-29T11:31:51.348+0200: 164.781: [GC pause (G1 Humongous Allocation) (young) (initial-mark), 0.0869118 secs]
   [Parallel Time: 85.8 ms, GC Workers: 8]
      [GC Worker Start (ms): Min: 164781.3, Avg: 164781.4, Max: 164781.5, Diff: 0.3]
      [Ext Root Scanning (ms): Min: 0.0, Avg: 0.3, Max: 0.5, Diff: 0.5, Sum: 2.4]
      [Update RS (ms): Min: 40.2, Avg: 40.6, Max: 41.2, Diff: 1.0, Sum: 324.5]
         [Processed Buffers: Min: 31, Avg: 32.3, Max: 33, Diff: 2, Sum: 258]
      [Scan RS (ms): Min: 1.9, Avg: 2.6, Max: 2.8, Diff: 1.0, Sum: 20.5]
      [Code Root Scanning (ms): Min: 0.0, Avg: 0.0, Max: 0.0, Diff: 0.0, Sum: 0.0]
      [Object Copy (ms): Min: 41.7, Avg: 41.8, Max: 42.1, Diff: 0.4, Sum: 334.4]
      [Termination (ms): Min: 0.0, Avg: 0.3, Max: 0.4, Diff: 0.4, Sum: 2.2]
         [Termination Attempts: Min: 1, Avg: 1207.4, Max: 1544, Diff: 1543, Sum: 9659]
      [GC Worker Other (ms): Min: 0.0, Avg: 0.0, Max: 0.0, Diff: 0.0, Sum: 0.2]
      [GC Worker Total (ms): Min: 85.4, Avg: 85.5, Max: 85.6, Diff: 0.3, Sum: 684.2]
      [GC Worker End (ms): Min: 164866.9, Avg: 164866.9, Max: 164866.9, Diff: 0.0]
   [Code Root Fixup: 0.0 ms]
   [Code Root Purge: 0.0 ms]
   [Clear CT: 0.2 ms]
   [Other: 0.9 ms]
      [Choose CSet: 0.0 ms]
      [Ref Proc: 0.3 ms]
      [Ref Enq: 0.0 ms]
      [Redirty Cards: 0.2 ms]
      [Humongous Register: 0.1 ms]
      [Humongous Reclaim: 0.0 ms]
      [Free CSet: 0.1 ms]
   [Eden: 9216.0K(202.0M)->0.0B(167.0M) Survivors: 29.0M->12.0M Heap: 1006.1M(2048.0M)->1010.6M(2048.0M)]
 [Times: user=0.61 sys=0.02, real=0.09 secs] 
2020-09-29T11:31:51.435+0200: 164.868: [GC concurrent-root-region-scan-start]
2020-09-29T11:31:51.438+0200: 164.871: [GC concurrent-root-region-scan-end, 0.0027284 secs]
2020-09-29T11:31:51.438+0200: 164.871: [GC concurrent-mark-start]
2020-09-29T11:31:51.441+0200: 164.874: [GC concurrent-mark-end, 0.0032013 secs]
2020-09-29T11:31:51.441+0200: 164.874: [GC remark 2020-09-29T11:31:51.441+0200: 164.874: [Finalize Marking, 0.0003078 secs] 2020-09-29T11:31:51.442+0200: 164.875: [GC ref-proc, 0.0004144 secs] 2020-09-29T11:31:51.442+0200: 164.875: [Unloading, 0.0006590 secs], 0.0018177 secs]
 [Times: user=0.09 sys=0.02, real=0.00 secs] 
2020-09-29T11:31:51.444+0200: 164.877: [GC cleanup 1020M->31M(2048M), 0.0017214 secs]
 [Times: user=0.00 sys=0.00, real=0.00 secs] 
2020-09-29T11:31:51.445+0200: 164.878: [GC concurrent-cleanup-start]
2020-09-29T11:31:51.447+0200: 164.880: [GC concurrent-cleanup-end, 0.0015272 secs]
2020-09-29T11:31:51.564+0200: 164.996: [GC pause (G1 Evacuation Pause) (young), 0.1302026 secs]
   [Parallel Time: 128.2 ms, GC Workers: 8]
      [GC Worker Start (ms): Min: 164996.2, Avg: 164996.3, Max: 164996.4, Diff: 0.2]
      [Ext Root Scanning (ms): Min: 0.0, Avg: 0.1, Max: 0.2, Diff: 0.2, Sum: 0.7]
      [Update RS (ms): Min: 19.6, Avg: 20.0, Max: 21.0, Diff: 1.4, Sum: 159.9]
         [Processed Buffers: Min: 13, Avg: 14.3, Max: 16, Diff: 3, Sum: 114]
      [Scan RS (ms): Min: 11.3, Avg: 12.3, Max: 12.8, Diff: 1.5, Sum: 98.4]
      [Code Root Scanning (ms): Min: 0.0, Avg: 0.0, Max: 0.0, Diff: 0.0, Sum: 0.0]
      [Object Copy (ms): Min: 95.3, Avg: 95.5, Max: 95.5, Diff: 0.2, Sum: 763.8]
      [Termination (ms): Min: 0.0, Avg: 0.0, Max: 0.0, Diff: 0.0, Sum: 0.0]
         [Termination Attempts: Min: 1, Avg: 5.8, Max: 10, Diff: 9, Sum: 46]
      [GC Worker Other (ms): Min: 0.0, Avg: 0.0, Max: 0.1, Diff: 0.1, Sum: 0.3]
      [GC Worker Total (ms): Min: 127.8, Avg: 127.9, Max: 128.0, Diff: 0.2, Sum: 1023.1]
      [GC Worker End (ms): Min: 165124.2, Avg: 165124.2, Max: 165124.2, Diff: 0.1]
   [Code Root Fixup: 0.0 ms]
   [Code Root Purge: 0.0 ms]
   [Clear CT: 0.8 ms]
   [Other: 1.3 ms]
      [Choose CSet: 0.0 ms]
      [Ref Proc: 0.2 ms]
      [Ref Enq: 0.0 ms]
      [Redirty Cards: 0.6 ms]
      [Humongous Register: 0.0 ms]
      [Humongous Reclaim: 0.0 ms]
      [Free CSet: 0.1 ms]
   [Eden: 167.0M(167.0M)->0.0B(170.0M) Survivors: 12.0M->23.0M Heap: 217.1M(2048.0M)->207.6M(2048.0M)]
 [Times: user=1.05 sys=0.05, real=0.13 secs] 
2020-09-29T11:31:51.818+0200: 165.251: [GC pause (G1 Evacuation Pause) (young), 0.1492419 secs]
   [Parallel Time: 148.0 ms, GC Workers: 8]
      [GC Worker Start (ms): Min: 165251.3, Avg: 165251.3, Max: 165251.4, Diff: 0.1]
      [Ext Root Scanning (ms): Min: 0.0, Avg: 0.1, Max: 0.2, Diff: 0.1, Sum: 0.9]
      [Update RS (ms): Min: 24.0, Avg: 24.1, Max: 24.3, Diff: 0.3, Sum: 193.2]
         [Processed Buffers: Min: 18, Avg: 19.1, Max: 23, Diff: 5, Sum: 153]
      [Scan RS (ms): Min: 9.7, Avg: 9.9, Max: 10.2, Diff: 0.5, Sum: 79.5]
      [Code Root Scanning (ms): Min: 0.0, Avg: 0.0, Max: 0.0, Diff: 0.0, Sum: 0.0]
      [Object Copy (ms): Min: 113.4, Avg: 113.5, Max: 113.7, Diff: 0.3, Sum: 908.3]
      [Termination (ms): Min: 0.0, Avg: 0.0, Max: 0.0, Diff: 0.0, Sum: 0.3]
         [Termination Attempts: Min: 1, Avg: 192.0, Max: 234, Diff: 233, Sum: 1536]
      [GC Worker Other (ms): Min: 0.0, Avg: 0.0, Max: 0.1, Diff: 0.1, Sum: 0.4]
      [GC Worker Total (ms): Min: 147.7, Avg: 147.8, Max: 147.9, Diff: 0.2, Sum: 1182.6]
      [GC Worker End (ms): Min: 165399.1, Avg: 165399.1, Max: 165399.2, Diff: 0.1]
   [Code Root Fixup: 0.0 ms]
   [Code Root Purge: 0.0 ms]
   [Clear CT: 0.2 ms]
   [Other: 1.0 ms]
      [Choose CSet: 0.0 ms]
      [Ref Proc: 0.3 ms]
      [Ref Enq: 0.0 ms]
      [Redirty Cards: 0.2 ms]
      [Humongous Register: 0.0 ms]
      [Humongous Reclaim: 0.0 ms]
      [Free CSet: 0.1 ms]
   [Eden: 170.0M(170.0M)->0.0B(180.0M) Survivors: 23.0M->25.0M Heap: 406.2M(2048.0M)->408.7M(2048.0M)]
 [Times: user=1.11 sys=0.00, real=0.15 secs] 
2020-09-29T11:31:52.105+0200: 165.537: [GC pause (G1 Evacuation Pause) (young), 0.1573108 secs]
   [Parallel Time: 155.8 ms, GC Workers: 8]
      [GC Worker Start (ms): Min: 165536.7, Avg: 165536.8, Max: 165536.9, Diff: 0.2]
      [Ext Root Scanning (ms): Min: 0.0, Avg: 0.1, Max: 0.2, Diff: 0.2, Sum: 0.7]
      [Update RS (ms): Min: 21.7, Avg: 21.9, Max: 22.4, Diff: 0.7, Sum: 175.4]
         [Processed Buffers: Min: 14, Avg: 16.8, Max: 19, Diff: 5, Sum: 134]
      [Scan RS (ms): Min: 11.4, Avg: 11.8, Max: 12.3, Diff: 1.0, Sum: 94.7]
      [Code Root Scanning (ms): Min: 0.0, Avg: 0.0, Max: 0.0, Diff: 0.0, Sum: 0.0]
      [Object Copy (ms): Min: 121.3, Avg: 121.5, Max: 121.6, Diff: 0.4, Sum: 972.1]
      [Termination (ms): Min: 0.0, Avg: 0.1, Max: 0.1, Diff: 0.1, Sum: 0.5]
         [Termination Attempts: Min: 1, Avg: 279.4, Max: 351, Diff: 350, Sum: 2235]
      [GC Worker Other (ms): Min: 0.0, Avg: 0.0, Max: 0.1, Diff: 0.1, Sum: 0.4]
      [GC Worker Total (ms): Min: 155.3, Avg: 155.5, Max: 155.6, Diff: 0.2, Sum: 1243.7]
      [GC Worker End (ms): Min: 165692.2, Avg: 165692.2, Max: 165692.3, Diff: 0.1]
   [Code Root Fixup: 0.0 ms]
   [Code Root Purge: 0.0 ms]
   [Clear CT: 0.4 ms]
   [Other: 1.1 ms]
      [Choose CSet: 0.0 ms]
      [Ref Proc: 0.3 ms]
      [Ref Enq: 0.0 ms]
      [Redirty Cards: 0.4 ms]
      [Humongous Register: 0.1 ms]
      [Humongous Reclaim: 0.0 ms]
      [Free CSet: 0.2 ms]
   [Eden: 180.0M(180.0M)->0.0B(188.0M) Survivors: 25.0M->26.0M Heap: 619.2M(2048.0M)->621.2M(2048.0M)]
 [Times: user=1.23 sys=0.00, real=0.16 secs] 
2020-09-29T11:31:52.406+0200: 165.839: [GC pause (G1 Evacuation Pause) (young), 0.1670031 secs]
   [Parallel Time: 165.6 ms, GC Workers: 8]
      [GC Worker Start (ms): Min: 165839.0, Avg: 165839.1, Max: 165839.2, Diff: 0.2]
      [Ext Root Scanning (ms): Min: 0.0, Avg: 0.1, Max: 0.2, Diff: 0.2, Sum: 0.6]
      [Update RS (ms): Min: 20.2, Avg: 20.5, Max: 20.9, Diff: 0.7, Sum: 163.9]
         [Processed Buffers: Min: 14, Avg: 15.4, Max: 18, Diff: 4, Sum: 123]
      [Scan RS (ms): Min: 13.1, Avg: 13.8, Max: 16.0, Diff: 3.0, Sum: 110.5]
      [Code Root Scanning (ms): Min: 0.0, Avg: 0.0, Max: 0.0, Diff: 0.0, Sum: 0.0]
      [Object Copy (ms): Min: 128.8, Avg: 130.7, Max: 131.1, Diff: 2.4, Sum: 1045.7]
      [Termination (ms): Min: 0.0, Avg: 0.1, Max: 0.2, Diff: 0.2, Sum: 1.0]
         [Termination Attempts: Min: 1, Avg: 476.1, Max: 627, Diff: 626, Sum: 3809]
      [GC Worker Other (ms): Min: 0.0, Avg: 0.0, Max: 0.1, Diff: 0.1, Sum: 0.3]
      [GC Worker Total (ms): Min: 165.2, Avg: 165.3, Max: 165.4, Diff: 0.3, Sum: 1322.1]
      [GC Worker End (ms): Min: 166004.4, Avg: 166004.4, Max: 166004.4, Diff: 0.1]
   [Code Root Fixup: 0.0 ms]
   [Code Root Purge: 0.0 ms]
   [Clear CT: 0.2 ms]
   [Other: 1.2 ms]
      [Choose CSet: 0.0 ms]
      [Ref Proc: 0.3 ms]
      [Ref Enq: 0.0 ms]
      [Redirty Cards: 0.3 ms]
      [Humongous Register: 0.1 ms]
      [Humongous Reclaim: 0.0 ms]
      [Free CSet: 0.2 ms]
   [Eden: 188.0M(188.0M)->0.0B(193.0M) Survivors: 26.0M->27.0M Heap: 839.8M(2048.0M)->841.3M(2048.0M)]
 [Times: user=1.34 sys=0.00, real=0.17 secs] 
2020-09-29T11:31:52.776+0200: 166.209: [GC pause (G1 Evacuation Pause) (young), 0.2172727 secs]
   [Parallel Time: 215.2 ms, GC Workers: 8]
      [GC Worker Start (ms): Min: 166208.8, Avg: 166209.0, Max: 166209.1, Diff: 0.3]
      [Ext Root Scanning (ms): Min: 0.0, Avg: 0.1, Max: 0.3, Diff: 0.3, Sum: 1.0]
      [Update RS (ms): Min: 19.3, Avg: 19.6, Max: 20.2, Diff: 0.9, Sum: 156.9]
         [Processed Buffers: Min: 10, Avg: 11.9, Max: 13, Diff: 3, Sum: 95]
      [Scan RS (ms): Min: 20.3, Avg: 21.0, Max: 21.3, Diff: 1.0, Sum: 167.8]
      [Code Root Scanning (ms): Min: 0.0, Avg: 0.0, Max: 0.0, Diff: 0.0, Sum: 0.0]
      [Object Copy (ms): Min: 173.8, Avg: 174.0, Max: 174.1, Diff: 0.4, Sum: 1392.2]
      [Termination (ms): Min: 0.0, Avg: 0.1, Max: 0.1, Diff: 0.1, Sum: 0.4]
         [Termination Attempts: Min: 1, Avg: 152.9, Max: 219, Diff: 218, Sum: 1223]
      [GC Worker Other (ms): Min: 0.0, Avg: 0.1, Max: 0.1, Diff: 0.1, Sum: 0.6]
      [GC Worker Total (ms): Min: 214.7, Avg: 214.9, Max: 215.0, Diff: 0.2, Sum: 1718.9]
      [GC Worker End (ms): Min: 166423.8, Avg: 166423.9, Max: 166423.9, Diff: 0.1]
   [Code Root Fixup: 0.0 ms]
   [Code Root Purge: 0.0 ms]
   [Clear CT: 0.3 ms]
   [Other: 1.8 ms]
      [Choose CSet: 0.0 ms]
      [Ref Proc: 0.4 ms]
      [Ref Enq: 0.0 ms]
      [Redirty Cards: 0.4 ms]
      [Humongous Register: 0.1 ms]
      [Humongous Reclaim: 0.0 ms]
      [Free CSet: 0.6 ms]
   [Eden: 193.0M(193.0M)->0.0B(167.0M) Survivors: 27.0M->28.0M Heap: 1066.7M(2048.0M)->1068.7M(2048.0M)]
 [Times: user=1.70 sys=0.05, real=0.22 secs] 
2020-09-29T11:31:53.009+0200: 166.441: [GC pause (G1 Humongous Allocation) (young) (initial-mark), 0.0786019 secs]
   [Parallel Time: 74.0 ms, GC Workers: 8]
      [GC Worker Start (ms): Min: 166441.2, Avg: 166441.3, Max: 166441.5, Diff: 0.3]
      [Ext Root Scanning (ms): Min: 0.0, Avg: 0.3, Max: 0.9, Diff: 0.9, Sum: 2.3]
      [Update RS (ms): Min: 41.4, Avg: 41.8, Max: 42.3, Diff: 1.0, Sum: 334.4]
         [Processed Buffers: Min: 24, Avg: 26.0, Max: 28, Diff: 4, Sum: 208]
      [Scan RS (ms): Min: 3.0, Avg: 3.4, Max: 3.9, Diff: 0.9, Sum: 27.2]
      [Code Root Scanning (ms): Min: 0.0, Avg: 0.0, Max: 0.0, Diff: 0.0, Sum: 0.0]
      [Object Copy (ms): Min: 27.9, Avg: 28.0, Max: 28.0, Diff: 0.2, Sum: 223.9]
      [Termination (ms): Min: 0.0, Avg: 0.0, Max: 0.0, Diff: 0.0, Sum: 0.0]
         [Termination Attempts: Min: 1, Avg: 2.1, Max: 4, Diff: 3, Sum: 17]
      [GC Worker Other (ms): Min: 0.0, Avg: 0.0, Max: 0.0, Diff: 0.0, Sum: 0.2]
      [GC Worker Total (ms): Min: 73.3, Avg: 73.5, Max: 73.7, Diff: 0.3, Sum: 588.1]
      [GC Worker End (ms): Min: 166514.8, Avg: 166514.8, Max: 166514.9, Diff: 0.0]
   [Code Root Fixup: 0.0 ms]
   [Code Root Purge: 0.0 ms]
   [Clear CT: 0.4 ms]
   [Other: 4.2 ms]
      [Choose CSet: 0.0 ms]
      [Ref Proc: 0.2 ms]
      [Ref Enq: 0.0 ms]
      [Redirty Cards: 3.5 ms]
      [Humongous Register: 0.1 ms]
      [Humongous Reclaim: 0.0 ms]
      [Free CSet: 0.1 ms]
   [Eden: 7168.0K(167.0M)->0.0B(178.0M) Survivors: 28.0M->9216.0K Heap: 1075.2M(2048.0M)->1078.7M(2048.0M)]
 [Times: user=0.63 sys=0.00, real=0.08 secs] 
2020-09-29T11:31:53.088+0200: 166.520: [GC concurrent-root-region-scan-start]
2020-09-29T11:31:53.093+0200: 166.525: [GC concurrent-root-region-scan-end, 0.0048326 secs]
2020-09-29T11:31:53.093+0200: 166.525: [GC concurrent-mark-start]
2020-09-29T11:31:53.099+0200: 166.531: [GC concurrent-mark-end, 0.0061731 secs]
2020-09-29T11:31:53.099+0200: 166.531: [GC remark 2020-09-29T11:31:53.099+0200: 166.531: [Finalize Marking, 0.0004130 secs] 2020-09-29T11:31:53.100+0200: 166.532: [GC ref-proc, 0.0005161 secs] 2020-09-29T11:31:53.100+0200: 166.532: [Unloading, 0.0007899 secs], 0.0022283 secs]
 [Times: user=0.00 sys=0.00, real=0.00 secs] 
2020-09-29T11:31:53.102+0200: 166.534: [GC cleanup 1091M->31M(2048M), 0.0019190 secs]
 [Times: user=0.00 sys=0.00, real=0.00 secs] 
2020-09-29T11:31:53.104+0200: 166.536: [GC concurrent-cleanup-start]
2020-09-29T11:31:53.107+0200: 166.539: [GC concurrent-cleanup-end, 0.0025562 secs]
2020-09-29T11:31:53.267+0200: 166.699: [GC pause (G1 Evacuation Pause) (young), 0.1719542 secs]
   [Parallel Time: 170.4 ms, GC Workers: 8]
      [GC Worker Start (ms): Min: 166699.2, Avg: 166699.3, Max: 166699.4, Diff: 0.3]
      [Ext Root Scanning (ms): Min: 0.0, Avg: 0.1, Max: 0.3, Diff: 0.3, Sum: 0.8]
      [Update RS (ms): Min: 19.2, Avg: 19.5, Max: 20.1, Diff: 0.9, Sum: 156.0]
         [Processed Buffers: Min: 11, Avg: 12.0, Max: 15, Diff: 4, Sum: 96]
      [Scan RS (ms): Min: 13.7, Avg: 14.4, Max: 14.7, Diff: 1.0, Sum: 114.9]
      [Code Root Scanning (ms): Min: 0.0, Avg: 0.0, Max: 0.0, Diff: 0.0, Sum: 0.0]
      [Object Copy (ms): Min: 135.9, Avg: 136.0, Max: 136.1, Diff: 0.1, Sum: 1088.2]
      [Termination (ms): Min: 0.0, Avg: 0.0, Max: 0.0, Diff: 0.0, Sum: 0.0]
         [Termination Attempts: Min: 1, Avg: 1.5, Max: 2, Diff: 1, Sum: 12]
      [GC Worker Other (ms): Min: 0.0, Avg: 0.1, Max: 0.1, Diff: 0.1, Sum: 0.5]
      [GC Worker Total (ms): Min: 169.9, Avg: 170.1, Max: 170.3, Diff: 0.3, Sum: 1360.5]
      [GC Worker End (ms): Min: 166869.3, Avg: 166869.4, Max: 166869.5, Diff: 0.1]
   [Code Root Fixup: 0.0 ms]
   [Code Root Purge: 0.0 ms]
   [Clear CT: 0.3 ms]
   [Other: 1.3 ms]
      [Choose CSet: 0.0 ms]
      [Ref Proc: 0.2 ms]
      [Ref Enq: 0.0 ms]
      [Redirty Cards: 0.5 ms]
      [Humongous Register: 0.0 ms]
      [Humongous Reclaim: 0.0 ms]
      [Free CSet: 0.2 ms]
   [Eden: 178.0M(178.0M)->0.0B(163.0M) Survivors: 9216.0K->24.0M Heap: 227.0M(2048.0M)->220.0M(2048.0M)]
 [Times: user=1.38 sys=0.00, real=0.17 secs] 
2020-09-29T11:31:53.600+0200: 167.032: [GC pause (G1 Evacuation Pause) (young), 0.1849671 secs]
   [Parallel Time: 183.4 ms, GC Workers: 8]
      [GC Worker Start (ms): Min: 167032.4, Avg: 167032.5, Max: 167032.6, Diff: 0.2]
      [Ext Root Scanning (ms): Min: 0.0, Avg: 0.1, Max: 0.3, Diff: 0.2, Sum: 1.1]
      [Update RS (ms): Min: 20.4, Avg: 20.7, Max: 21.6, Diff: 1.2, Sum: 165.8]
         [Processed Buffers: Min: 10, Avg: 12.0, Max: 14, Diff: 4, Sum: 96]
      [Scan RS (ms): Min: 15.0, Avg: 15.8, Max: 16.1, Diff: 1.1, Sum: 126.7]
      [Code Root Scanning (ms): Min: 0.0, Avg: 0.0, Max: 0.0, Diff: 0.0, Sum: 0.0]
      [Object Copy (ms): Min: 146.2, Avg: 146.3, Max: 146.3, Diff: 0.2, Sum: 1170.0]
      [Termination (ms): Min: 0.0, Avg: 0.0, Max: 0.0, Diff: 0.0, Sum: 0.2]
         [Termination Attempts: Min: 1, Avg: 35.3, Max: 50, Diff: 49, Sum: 282]
      [GC Worker Other (ms): Min: 0.0, Avg: 0.1, Max: 0.2, Diff: 0.1, Sum: 0.4]
      [GC Worker Total (ms): Min: 182.9, Avg: 183.0, Max: 183.2, Diff: 0.3, Sum: 1464.2]
      [GC Worker End (ms): Min: 167215.5, Avg: 167215.5, Max: 167215.6, Diff: 0.1]
   [Code Root Fixup: 0.0 ms]
   [Code Root Purge: 0.0 ms]
   [Clear CT: 0.3 ms]
   [Other: 1.3 ms]
      [Choose CSet: 0.0 ms]
      [Ref Proc: 0.2 ms]
      [Ref Enq: 0.0 ms]
      [Redirty Cards: 0.4 ms]
      [Humongous Register: 0.1 ms]
      [Humongous Reclaim: 0.0 ms]
      [Free CSet: 0.3 ms]
   [Eden: 163.0M(163.0M)->0.0B(157.0M) Survivors: 24.0M->24.0M Heap: 409.7M(2048.0M)->411.7M(2048.0M)]
 [Times: user=1.38 sys=0.00, real=0.19 secs] 
2020-09-29T11:31:53.944+0200: 167.376: [GC pause (G1 Evacuation Pause) (young), 0.1757614 secs]
   [Parallel Time: 174.2 ms, GC Workers: 8]
      [GC Worker Start (ms): Min: 167376.0, Avg: 167376.2, Max: 167376.3, Diff: 0.2]
      [Ext Root Scanning (ms): Min: 0.0, Avg: 0.1, Max: 0.2, Diff: 0.2, Sum: 0.9]
      [Update RS (ms): Min: 19.7, Avg: 19.9, Max: 20.5, Diff: 0.8, Sum: 159.2]
         [Processed Buffers: Min: 11, Avg: 12.0, Max: 14, Diff: 3, Sum: 96]
      [Scan RS (ms): Min: 14.0, Avg: 14.6, Max: 14.8, Diff: 0.7, Sum: 116.5]
      [Code Root Scanning (ms): Min: 0.0, Avg: 0.0, Max: 0.0, Diff: 0.0, Sum: 0.0]
      [Object Copy (ms): Min: 139.1, Avg: 139.2, Max: 139.2, Diff: 0.2, Sum: 1113.2]
      [Termination (ms): Min: 0.0, Avg: 0.0, Max: 0.0, Diff: 0.0, Sum: 0.1]
         [Termination Attempts: Min: 1, Avg: 29.3, Max: 40, Diff: 39, Sum: 234]
      [GC Worker Other (ms): Min: 0.0, Avg: 0.0, Max: 0.1, Diff: 0.1, Sum: 0.3]
      [GC Worker Total (ms): Min: 173.7, Avg: 173.8, Max: 173.9, Diff: 0.2, Sum: 1390.3]
      [GC Worker End (ms): Min: 167549.9, Avg: 167550.0, Max: 167550.0, Diff: 0.1]
   [Code Root Fixup: 0.0 ms]
   [Code Root Purge: 0.0 ms]
   [Clear CT: 0.4 ms]
   [Other: 1.2 ms]
      [Choose CSet: 0.0 ms]
      [Ref Proc: 0.2 ms]
      [Ref Enq: 0.0 ms]
      [Redirty Cards: 0.4 ms]
      [Humongous Register: 0.1 ms]
      [Humongous Reclaim: 0.0 ms]
      [Free CSet: 0.3 ms]
   [Eden: 157.0M(157.0M)->0.0B(158.0M) Survivors: 24.0M->23.0M Heap: 595.4M(2048.0M)->596.9M(2048.0M)]
 [Times: user=1.38 sys=0.00, real=0.17 secs] 
2020-09-29T11:31:54.281+0200: 167.714: [GC pause (G1 Evacuation Pause) (young), 0.1731937 secs]
   [Parallel Time: 171.1 ms, GC Workers: 8]
      [GC Worker Start (ms): Min: 167713.7, Avg: 167713.9, Max: 167714.0, Diff: 0.3]
      [Ext Root Scanning (ms): Min: 0.0, Avg: 0.1, Max: 0.3, Diff: 0.3, Sum: 0.9]
      [Update RS (ms): Min: 21.7, Avg: 21.9, Max: 22.5, Diff: 0.8, Sum: 175.4]
         [Processed Buffers: Min: 12, Avg: 13.6, Max: 17, Diff: 5, Sum: 109]
      [Scan RS (ms): Min: 13.4, Avg: 14.0, Max: 14.2, Diff: 0.8, Sum: 111.7]
      [Code Root Scanning (ms): Min: 0.0, Avg: 0.0, Max: 0.0, Diff: 0.0, Sum: 0.0]
      [Object Copy (ms): Min: 134.6, Avg: 134.7, Max: 134.7, Diff: 0.1, Sum: 1077.2]
      [Termination (ms): Min: 0.0, Avg: 0.0, Max: 0.0, Diff: 0.0, Sum: 0.2]
         [Termination Attempts: Min: 1, Avg: 81.3, Max: 105, Diff: 104, Sum: 650]
      [GC Worker Other (ms): Min: 0.0, Avg: 0.0, Max: 0.1, Diff: 0.1, Sum: 0.3]
      [GC Worker Total (ms): Min: 170.6, Avg: 170.7, Max: 170.9, Diff: 0.3, Sum: 1365.7]
      [GC Worker End (ms): Min: 167884.6, Avg: 167884.6, Max: 167884.7, Diff: 0.1]
   [Code Root Fixup: 0.0 ms]
   [Code Root Purge: 0.0 ms]
   [Clear CT: 0.5 ms]
   [Other: 1.6 ms]
      [Choose CSet: 0.0 ms]
      [Ref Proc: 0.4 ms]
      [Ref Enq: 0.0 ms]
      [Redirty Cards: 0.7 ms]
      [Humongous Register: 0.1 ms]
      [Humongous Reclaim: 0.0 ms]
      [Free CSet: 0.2 ms]
   [Eden: 158.0M(158.0M)->0.0B(161.0M) Survivors: 23.0M->23.0M Heap: 781.6M(2048.0M)->783.6M(2048.0M)]
 [Times: user=1.38 sys=0.00, real=0.17 secs] 
2020-09-29T11:31:54.609+0200: 168.041: [GC pause (G1 Evacuation Pause) (young), 0.1792301 secs]
   [Parallel Time: 177.4 ms, GC Workers: 8]
      [GC Worker Start (ms): Min: 168041.5, Avg: 168041.6, Max: 168041.7, Diff: 0.3]
      [Ext Root Scanning (ms): Min: 0.0, Avg: 0.1, Max: 0.3, Diff: 0.3, Sum: 0.9]
      [Update RS (ms): Min: 16.9, Avg: 17.2, Max: 18.7, Diff: 1.8, Sum: 137.7]
         [Processed Buffers: Min: 9, Avg: 11.0, Max: 13, Diff: 4, Sum: 88]
      [Scan RS (ms): Min: 15.1, Avg: 16.6, Max: 16.9, Diff: 1.8, Sum: 132.6]
      [Code Root Scanning (ms): Min: 0.0, Avg: 0.0, Max: 0.0, Diff: 0.0, Sum: 0.0]
      [Object Copy (ms): Min: 143.0, Avg: 143.2, Max: 143.2, Diff: 0.2, Sum: 1145.3]
      [Termination (ms): Min: 0.0, Avg: 0.0, Max: 0.0, Diff: 0.0, Sum: 0.0]
         [Termination Attempts: Min: 1, Avg: 3.9, Max: 7, Diff: 6, Sum: 31]
      [GC Worker Other (ms): Min: 0.0, Avg: 0.0, Max: 0.1, Diff: 0.1, Sum: 0.4]
      [GC Worker Total (ms): Min: 177.0, Avg: 177.1, Max: 177.3, Diff: 0.3, Sum: 1416.9]
      [GC Worker End (ms): Min: 168218.7, Avg: 168218.7, Max: 168218.8, Diff: 0.1]
   [Code Root Fixup: 0.0 ms]
   [Code Root Purge: 0.0 ms]
   [Clear CT: 0.4 ms]
   [Other: 1.4 ms]
      [Choose CSet: 0.0 ms]
      [Ref Proc: 0.3 ms]
      [Ref Enq: 0.0 ms]
      [Redirty Cards: 0.5 ms]
      [Humongous Register: 0.1 ms]
      [Humongous Reclaim: 0.0 ms]
      [Free CSet: 0.3 ms]
   [Eden: 161.0M(161.0M)->0.0B(160.0M) Survivors: 23.0M->23.0M Heap: 971.3M(2048.0M)->973.3M(2048.0M)]
 [Times: user=1.50 sys=0.00, real=0.18 secs] 
2020-09-29T11:31:54.801+0200: 168.234: [GC pause (G1 Humongous Allocation) (young) (initial-mark), 0.0656456 secs]
   [Parallel Time: 64.1 ms, GC Workers: 8]
      [GC Worker Start (ms): Min: 168233.9, Avg: 168234.0, Max: 168234.2, Diff: 0.3]
      [Ext Root Scanning (ms): Min: 0.0, Avg: 0.2, Max: 0.3, Diff: 0.3, Sum: 1.9]
      [Update RS (ms): Min: 36.0, Avg: 36.4, Max: 36.9, Diff: 1.0, Sum: 291.1]
         [Processed Buffers: Min: 20, Avg: 22.3, Max: 24, Diff: 4, Sum: 178]
      [Scan RS (ms): Min: 2.1, Avg: 2.7, Max: 3.1, Diff: 1.0, Sum: 21.3]
      [Code Root Scanning (ms): Min: 0.0, Avg: 0.0, Max: 0.0, Diff: 0.0, Sum: 0.0]
      [Object Copy (ms): Min: 24.4, Avg: 24.5, Max: 24.5, Diff: 0.1, Sum: 195.6]
      [Termination (ms): Min: 0.0, Avg: 0.0, Max: 0.1, Diff: 0.1, Sum: 0.3]
         [Termination Attempts: Min: 1, Avg: 107.9, Max: 156, Diff: 155, Sum: 863]
      [GC Worker Other (ms): Min: 0.0, Avg: 0.0, Max: 0.1, Diff: 0.1, Sum: 0.3]
      [GC Worker Total (ms): Min: 63.6, Avg: 63.8, Max: 63.9, Diff: 0.3, Sum: 510.5]
      [GC Worker End (ms): Min: 168297.8, Avg: 168297.8, Max: 168297.9, Diff: 0.0]
   [Code Root Fixup: 0.0 ms]
   [Code Root Purge: 0.0 ms]
   [Clear CT: 0.4 ms]
   [Other: 1.1 ms]
      [Choose CSet: 0.0 ms]
      [Ref Proc: 0.3 ms]
      [Ref Enq: 0.0 ms]
      [Redirty Cards: 0.4 ms]
      [Humongous Register: 0.0 ms]
      [Humongous Reclaim: 0.0 ms]
      [Free CSet: 0.1 ms]
   [Eden: 8192.0K(160.0M)->0.0B(177.0M) Survivors: 23.0M->10.0M Heap: 980.8M(2048.0M)->984.8M(2048.0M)]
 [Times: user=0.50 sys=0.00, real=0.07 secs] 
2020-09-29T11:31:54.867+0200: 168.300: [GC concurrent-root-region-scan-start]
2020-09-29T11:31:54.872+0200: 168.305: [GC concurrent-root-region-scan-end, 0.0049548 secs]
2020-09-29T11:31:54.872+0200: 168.305: [GC concurrent-mark-start]
2020-09-29T11:31:54.878+0200: 168.310: [GC concurrent-mark-end, 0.0055460 secs]
2020-09-29T11:31:54.878+0200: 168.310: [GC remark 2020-09-29T11:31:54.878+0200: 168.311: [Finalize Marking, 0.0002769 secs] 2020-09-29T11:31:54.878+0200: 168.311: [GC ref-proc, 0.0006822 secs] 2020-09-29T11:31:54.879+0200: 168.312: [Unloading, 0.0007666 secs], 0.0023206 secs]
 [Times: user=0.11 sys=0.00, real=0.00 secs] 
2020-09-29T11:31:54.881+0200: 168.314: [GC cleanup 997M->32M(2048M), 0.0029704 secs]
 [Times: user=0.00 sys=0.00, real=0.00 secs] 
2020-09-29T11:31:54.884+0200: 168.317: [GC concurrent-cleanup-start]
2020-09-29T11:31:54.887+0200: 168.320: [GC concurrent-cleanup-end, 0.0030871 secs]
2020-09-29T11:31:55.049+0200: 168.481: [GC pause (G1 Evacuation Pause) (young), 0.1976095 secs]
   [Parallel Time: 196.0 ms, GC Workers: 8]
      [GC Worker Start (ms): Min: 168481.2, Avg: 168481.3, Max: 168481.4, Diff: 0.3]
      [Ext Root Scanning (ms): Min: 0.0, Avg: 0.1, Max: 0.3, Diff: 0.3, Sum: 0.8]
      [Update RS (ms): Min: 17.1, Avg: 17.4, Max: 18.0, Diff: 0.9, Sum: 138.8]
         [Processed Buffers: Min: 10, Avg: 11.1, Max: 13, Diff: 3, Sum: 89]
      [Scan RS (ms): Min: 14.2, Avg: 14.9, Max: 15.2, Diff: 1.0, Sum: 118.9]
      [Code Root Scanning (ms): Min: 0.0, Avg: 0.0, Max: 0.0, Diff: 0.0, Sum: 0.0]
      [Object Copy (ms): Min: 162.4, Avg: 162.6, Max: 163.2, Diff: 0.8, Sum: 1300.7]
      [Termination (ms): Min: 0.0, Avg: 0.6, Max: 0.8, Diff: 0.8, Sum: 5.0]
         [Termination Attempts: Min: 1, Avg: 2003.9, Max: 2565, Diff: 2564, Sum: 16031]
      [GC Worker Other (ms): Min: 0.0, Avg: 0.1, Max: 0.1, Diff: 0.1, Sum: 0.6]
      [GC Worker Total (ms): Min: 195.5, Avg: 195.6, Max: 195.8, Diff: 0.2, Sum: 1564.9]
      [GC Worker End (ms): Min: 168676.9, Avg: 168676.9, Max: 168677.0, Diff: 0.1]
   [Code Root Fixup: 0.0 ms]
   [Code Root Purge: 0.0 ms]
   [Clear CT: 0.3 ms]
   [Other: 1.3 ms]
      [Choose CSet: 0.0 ms]
      [Ref Proc: 0.3 ms]
      [Ref Enq: 0.0 ms]
      [Redirty Cards: 0.5 ms]
      [Humongous Register: 0.0 ms]
      [Humongous Reclaim: 0.0 ms]
      [Free CSet: 0.2 ms]
   [Eden: 177.0M(177.0M)->0.0B(151.0M) Survivors: 10.0M->24.0M Heap: 227.0M(2048.0M)->219.5M(2048.0M)]
 [Times: user=1.61 sys=0.00, real=0.20 secs] 
2020-09-29T11:31:55.397+0200: 168.829: [GC pause (G1 Evacuation Pause) (young), 0.1628522 secs]
   [Parallel Time: 160.9 ms, GC Workers: 8]
      [GC Worker Start (ms): Min: 168829.2, Avg: 168829.3, Max: 168829.5, Diff: 0.3]
      [Ext Root Scanning (ms): Min: 0.0, Avg: 0.1, Max: 0.3, Diff: 0.3, Sum: 0.8]
      [Update RS (ms): Min: 18.4, Avg: 18.7, Max: 18.9, Diff: 0.4, Sum: 149.2]
         [Processed Buffers: Min: 11, Avg: 11.8, Max: 15, Diff: 4, Sum: 94]
      [Scan RS (ms): Min: 13.9, Avg: 14.0, Max: 14.3, Diff: 0.5, Sum: 112.2]
      [Code Root Scanning (ms): Min: 0.0, Avg: 0.0, Max: 0.0, Diff: 0.0, Sum: 0.0]
      [Object Copy (ms): Min: 127.6, Avg: 127.7, Max: 127.8, Diff: 0.1, Sum: 1021.5]
      [Termination (ms): Min: 0.0, Avg: 0.0, Max: 0.0, Diff: 0.0, Sum: 0.0]
         [Termination Attempts: Min: 1, Avg: 10.3, Max: 18, Diff: 17, Sum: 82]
      [GC Worker Other (ms): Min: 0.0, Avg: 0.1, Max: 0.1, Diff: 0.1, Sum: 0.5]
      [GC Worker Total (ms): Min: 160.4, Avg: 160.5, Max: 160.7, Diff: 0.3, Sum: 1284.4]
      [GC Worker End (ms): Min: 168989.8, Avg: 168989.9, Max: 168989.9, Diff: 0.1]
   [Code Root Fixup: 0.0 ms]
   [Code Root Purge: 0.0 ms]
   [Clear CT: 0.4 ms]
   [Other: 1.6 ms]
      [Choose CSet: 0.0 ms]
      [Ref Proc: 0.4 ms]
      [Ref Enq: 0.0 ms]
      [Redirty Cards: 0.6 ms]
      [Humongous Register: 0.1 ms]
      [Humongous Reclaim: 0.0 ms]
      [Free CSet: 0.3 ms]
   [Eden: 151.0M(151.0M)->0.0B(158.0M) Survivors: 24.0M->22.0M Heap: 395.3M(2048.0M)->397.3M(2048.0M)]
 [Times: user=1.25 sys=0.00, real=0.16 secs] 
2020-09-29T11:31:55.729+0200: 169.161: [GC pause (G1 Evacuation Pause) (young), 0.1766462 secs]
   [Parallel Time: 174.5 ms, GC Workers: 8]
      [GC Worker Start (ms): Min: 169161.5, Avg: 169161.7, Max: 169161.8, Diff: 0.3]
      [Ext Root Scanning (ms): Min: 0.0, Avg: 0.1, Max: 0.2, Diff: 0.2, Sum: 0.9]
      [Update RS (ms): Min: 25.4, Avg: 25.7, Max: 26.1, Diff: 0.7, Sum: 205.8]
         [Processed Buffers: Min: 13, Avg: 15.0, Max: 18, Diff: 5, Sum: 120]
      [Scan RS (ms): Min: 12.3, Avg: 12.7, Max: 13.1, Diff: 0.8, Sum: 101.8]
      [Code Root Scanning (ms): Min: 0.0, Avg: 0.0, Max: 0.0, Diff: 0.0, Sum: 0.0]
      [Object Copy (ms): Min: 135.4, Avg: 135.5, Max: 135.6, Diff: 0.2, Sum: 1083.8]
      [Termination (ms): Min: 0.0, Avg: 0.0, Max: 0.0, Diff: 0.0, Sum: 0.2]
         [Termination Attempts: Min: 1, Avg: 86.1, Max: 116, Diff: 115, Sum: 689]
      [GC Worker Other (ms): Min: 0.0, Avg: 0.1, Max: 0.1, Diff: 0.1, Sum: 0.4]
      [GC Worker Total (ms): Min: 174.0, Avg: 174.1, Max: 174.3, Diff: 0.2, Sum: 1393.0]
      [GC Worker End (ms): Min: 169335.8, Avg: 169335.8, Max: 169335.9, Diff: 0.1]
   [Code Root Fixup: 0.0 ms]
   [Code Root Purge: 0.0 ms]
   [Clear CT: 0.4 ms]
   [Other: 1.7 ms]
      [Choose CSet: 0.0 ms]
      [Ref Proc: 0.4 ms]
      [Ref Enq: 0.0 ms]
      [Redirty Cards: 0.6 ms]
      [Humongous Register: 0.1 ms]
      [Humongous Reclaim: 0.0 ms]
      [Free CSet: 0.3 ms]
   [Eden: 158.0M(158.0M)->0.0B(158.0M) Survivors: 22.0M->23.0M Heap: 582.0M(2048.0M)->584.5M(2048.0M)]
 [Times: user=1.38 sys=0.00, real=0.18 secs] 
2020-09-29T11:31:56.071+0200: 169.503: [GC pause (G1 Evacuation Pause) (young), 0.1782460 secs]
   [Parallel Time: 176.5 ms, GC Workers: 8]
      [GC Worker Start (ms): Min: 169503.0, Avg: 169503.2, Max: 169503.3, Diff: 0.3]
      [Ext Root Scanning (ms): Min: 0.0, Avg: 0.1, Max: 0.3, Diff: 0.3, Sum: 0.8]
      [Update RS (ms): Min: 18.8, Avg: 19.1, Max: 19.8, Diff: 1.0, Sum: 153.2]
         [Processed Buffers: Min: 10, Avg: 12.0, Max: 15, Diff: 5, Sum: 96]
      [Scan RS (ms): Min: 15.0, Avg: 16.2, Max: 19.2, Diff: 4.1, Sum: 129.6]
      [Code Root Scanning (ms): Min: 0.0, Avg: 0.0, Max: 0.0, Diff: 0.0, Sum: 0.0]
      [Object Copy (ms): Min: 136.9, Avg: 140.4, Max: 141.1, Diff: 4.2, Sum: 1123.6]
      [Termination (ms): Min: 0.0, Avg: 0.1, Max: 0.1, Diff: 0.1, Sum: 0.8]
         [Termination Attempts: Min: 1, Avg: 374.1, Max: 448, Diff: 447, Sum: 2993]
      [GC Worker Other (ms): Min: 0.0, Avg: 0.0, Max: 0.1, Diff: 0.1, Sum: 0.3]
      [GC Worker Total (ms): Min: 175.9, Avg: 176.0, Max: 176.3, Diff: 0.4, Sum: 1408.3]
      [GC Worker End (ms): Min: 169679.2, Avg: 169679.3, Max: 169679.3, Diff: 0.1]
   [Code Root Fixup: 0.0 ms]
   [Code Root Purge: 0.0 ms]
   [Clear CT: 0.3 ms]
   [Other: 1.5 ms]
      [Choose CSet: 0.0 ms]
      [Ref Proc: 0.3 ms]
      [Ref Enq: 0.0 ms]
      [Redirty Cards: 0.5 ms]
      [Humongous Register: 0.1 ms]
      [Humongous Reclaim: 0.0 ms]
      [Free CSet: 0.3 ms]
   [Eden: 158.0M(158.0M)->0.0B(158.0M) Survivors: 23.0M->23.0M Heap: 769.2M(2048.0M)->771.2M(2048.0M)]
 [Times: user=1.36 sys=0.00, real=0.18 secs] 
2020-09-29T11:31:56.415+0200: 169.847: [GC pause (G1 Evacuation Pause) (young), 0.1778662 secs]
   [Parallel Time: 176.0 ms, GC Workers: 8]
      [GC Worker Start (ms): Min: 169846.7, Avg: 169846.9, Max: 169847.0, Diff: 0.3]
      [Ext Root Scanning (ms): Min: 0.0, Avg: 0.1, Max: 0.3, Diff: 0.3, Sum: 0.8]
      [Update RS (ms): Min: 22.1, Avg: 22.3, Max: 22.8, Diff: 0.7, Sum: 178.6]
         [Processed Buffers: Min: 13, Avg: 14.4, Max: 16, Diff: 3, Sum: 115]
      [Scan RS (ms): Min: 13.0, Avg: 13.5, Max: 13.7, Diff: 0.8, Sum: 107.8]
      [Code Root Scanning (ms): Min: 0.0, Avg: 0.0, Max: 0.0, Diff: 0.0, Sum: 0.0]
      [Object Copy (ms): Min: 139.6, Avg: 139.7, Max: 139.8, Diff: 0.1, Sum: 1117.6]
      [Termination (ms): Min: 0.0, Avg: 0.0, Max: 0.0, Diff: 0.0, Sum: 0.1]
         [Termination Attempts: Min: 1, Avg: 46.9, Max: 70, Diff: 69, Sum: 375]
      [GC Worker Other (ms): Min: 0.0, Avg: 0.1, Max: 0.1, Diff: 0.1, Sum: 0.5]
      [GC Worker Total (ms): Min: 175.6, Avg: 175.7, Max: 175.8, Diff: 0.2, Sum: 1405.5]
      [GC Worker End (ms): Min: 170022.6, Avg: 170022.6, Max: 170022.7, Diff: 0.1]
   [Code Root Fixup: 0.0 ms]
   [Code Root Purge: 0.0 ms]
   [Clear CT: 0.3 ms]
   [Other: 1.6 ms]
      [Choose CSet: 0.0 ms]
      [Ref Proc: 0.3 ms]
      [Ref Enq: 0.0 ms]
      [Redirty Cards: 0.7 ms]
      [Humongous Register: 0.1 ms]
      [Humongous Reclaim: 0.0 ms]
      [Free CSet: 0.3 ms]
   [Eden: 158.0M(158.0M)->0.0B(160.0M) Survivors: 23.0M->23.0M Heap: 955.9M(2048.0M)->957.9M(2048.0M)]
 [Times: user=1.38 sys=0.00, real=0.18 secs] 
2020-09-29T11:31:56.614+0200: 170.046: [GC pause (G1 Humongous Allocation) (young) (initial-mark), 0.0718605 secs]
   [Parallel Time: 70.5 ms, GC Workers: 8]
      [GC Worker Start (ms): Min: 170046.1, Avg: 170046.2, Max: 170046.4, Diff: 0.3]
      [Ext Root Scanning (ms): Min: 0.0, Avg: 4.8, Max: 30.6, Diff: 30.6, Sum: 38.7]
      [Update RS (ms): Min: 2.5, Avg: 28.2, Max: 33.3, Diff: 30.8, Sum: 226.0]
         [Processed Buffers: Min: 2, Avg: 17.6, Max: 22, Diff: 20, Sum: 141]
      [Scan RS (ms): Min: 2.5, Avg: 3.0, Max: 3.3, Diff: 0.8, Sum: 23.9]
      [Code Root Scanning (ms): Min: 0.0, Avg: 0.0, Max: 0.0, Diff: 0.0, Sum: 0.0]
      [Object Copy (ms): Min: 33.8, Avg: 34.0, Max: 34.0, Diff: 0.2, Sum: 271.6]
      [Termination (ms): Min: 0.0, Avg: 0.1, Max: 0.1, Diff: 0.1, Sum: 0.7]
         [Termination Attempts: Min: 1, Avg: 272.6, Max: 351, Diff: 350, Sum: 2181]
      [GC Worker Other (ms): Min: 0.0, Avg: 0.0, Max: 0.1, Diff: 0.0, Sum: 0.3]
      [GC Worker Total (ms): Min: 70.0, Avg: 70.1, Max: 70.2, Diff: 0.3, Sum: 561.2]
      [GC Worker End (ms): Min: 170116.3, Avg: 170116.4, Max: 170116.4, Diff: 0.0]
   [Code Root Fixup: 0.0 ms]
   [Code Root Purge: 0.0 ms]
   [Clear CT: 0.3 ms]
   [Other: 1.1 ms]
      [Choose CSet: 0.0 ms]
      [Ref Proc: 0.4 ms]
      [Ref Enq: 0.0 ms]
      [Redirty Cards: 0.3 ms]
      [Humongous Register: 0.0 ms]
      [Humongous Reclaim: 0.0 ms]
      [Free CSet: 0.1 ms]
   [Eden: 11.0M(160.0M)->0.0B(160.0M) Survivors: 23.0M->13.0M Heap: 968.9M(2048.0M)->972.9M(2048.0M)]
 [Times: user=0.48 sys=0.00, real=0.07 secs] 
2020-09-29T11:31:56.686+0200: 170.118: [GC concurrent-root-region-scan-start]
2020-09-29T11:31:56.690+0200: 170.122: [GC concurrent-root-region-scan-end, 0.0040423 secs]
2020-09-29T11:31:56.690+0200: 170.122: [GC concurrent-mark-start]
2020-09-29T11:31:56.694+0200: 170.126: [GC concurrent-mark-end, 0.0041091 secs]
2020-09-29T11:31:56.694+0200: 170.126: [GC remark 2020-09-29T11:31:56.694+0200: 170.126: [Finalize Marking, 0.0003110 secs] 2020-09-29T11:31:56.695+0200: 170.127: [GC ref-proc, 0.0005141 secs] 2020-09-29T11:31:56.695+0200: 170.127: [Unloading, 0.0007793 secs], 0.0020485 secs]
 [Times: user=0.00 sys=0.00, real=0.00 secs] 
2020-09-29T11:31:56.697+0200: 170.129: [GC cleanup 983M->33M(2048M), 0.0020309 secs]
 [Times: user=0.00 sys=0.00, real=0.00 secs] 
2020-09-29T11:31:56.699+0200: 170.131: [GC concurrent-cleanup-start]
2020-09-29T11:31:56.701+0200: 170.133: [GC concurrent-cleanup-end, 0.0016393 secs]
2020-09-29T11:31:56.843+0200: 170.275: [GC pause (G1 Evacuation Pause) (young), 0.1755085 secs]
   [Parallel Time: 172.5 ms, GC Workers: 8]
      [GC Worker Start (ms): Min: 170275.5, Avg: 170275.7, Max: 170275.9, Diff: 0.5]
      [Ext Root Scanning (ms): Min: 0.0, Avg: 0.1, Max: 0.3, Diff: 0.3, Sum: 0.8]
      [Update RS (ms): Min: 17.7, Avg: 18.7, Max: 20.4, Diff: 2.8, Sum: 149.2]
         [Processed Buffers: Min: 10, Avg: 10.5, Max: 11, Diff: 1, Sum: 84]
      [Scan RS (ms): Min: 12.2, Avg: 13.8, Max: 15.0, Diff: 2.8, Sum: 110.5]
      [Code Root Scanning (ms): Min: 0.0, Avg: 0.0, Max: 0.0, Diff: 0.0, Sum: 0.0]
      [Object Copy (ms): Min: 138.0, Avg: 138.2, Max: 138.6, Diff: 0.6, Sum: 1105.8]
      [Termination (ms): Min: 0.0, Avg: 0.3, Max: 0.5, Diff: 0.5, Sum: 2.6]
         [Termination Attempts: Min: 1, Avg: 1018.4, Max: 1354, Diff: 1353, Sum: 8147]
      [GC Worker Other (ms): Min: 0.0, Avg: 0.2, Max: 1.3, Diff: 1.3, Sum: 1.7]
      [GC Worker Total (ms): Min: 171.0, Avg: 171.3, Max: 171.5, Diff: 0.5, Sum: 1370.6]
      [GC Worker End (ms): Min: 170447.0, Avg: 170447.0, Max: 170447.0, Diff: 0.1]
   [Code Root Fixup: 0.0 ms]
   [Code Root Purge: 0.0 ms]
   [Clear CT: 1.1 ms]
   [Other: 1.9 ms]
      [Choose CSet: 0.0 ms]
      [Ref Proc: 0.3 ms]
      [Ref Enq: 0.0 ms]
      [Redirty Cards: 1.1 ms]
      [Humongous Register: 0.1 ms]
      [Humongous Reclaim: 0.0 ms]
      [Free CSet: 0.2 ms]
   [Eden: 160.0M(160.0M)->0.0B(150.0M) Survivors: 13.0M->22.0M Heap: 209.2M(2048.0M)->199.7M(2048.0M)]
 [Times: user=1.31 sys=0.01, real=0.18 secs] 
2020-09-29T11:31:57.173+0200: 170.605: [GC pause (G1 Evacuation Pause) (young), 0.1690211 secs]
   [Parallel Time: 167.4 ms, GC Workers: 8]
      [GC Worker Start (ms): Min: 170605.5, Avg: 170605.6, Max: 170605.7, Diff: 0.2]
      [Ext Root Scanning (ms): Min: 0.0, Avg: 0.1, Max: 0.2, Diff: 0.2, Sum: 1.1]
      [Update RS (ms): Min: 19.8, Avg: 20.0, Max: 20.9, Diff: 1.1, Sum: 160.2]
         [Processed Buffers: Min: 12, Avg: 13.1, Max: 15, Diff: 3, Sum: 105]
      [Scan RS (ms): Min: 12.7, Avg: 13.7, Max: 14.0, Diff: 1.2, Sum: 109.4]
      [Code Root Scanning (ms): Min: 0.0, Avg: 0.0, Max: 0.0, Diff: 0.0, Sum: 0.0]
      [Object Copy (ms): Min: 133.1, Avg: 133.2, Max: 133.2, Diff: 0.1, Sum: 1065.2]
      [Termination (ms): Min: 0.0, Avg: 0.0, Max: 0.0, Diff: 0.0, Sum: 0.0]
         [Termination Attempts: Min: 1, Avg: 5.6, Max: 11, Diff: 10, Sum: 45]
      [GC Worker Other (ms): Min: 0.0, Avg: 0.1, Max: 0.1, Diff: 0.1, Sum: 0.5]
      [GC Worker Total (ms): Min: 167.0, Avg: 167.0, Max: 167.2, Diff: 0.2, Sum: 1336.4]
      [GC Worker End (ms): Min: 170772.6, Avg: 170772.6, Max: 170772.7, Diff: 0.1]
   [Code Root Fixup: 0.0 ms]
   [Code Root Purge: 0.0 ms]
   [Clear CT: 0.3 ms]
   [Other: 1.4 ms]
      [Choose CSet: 0.0 ms]
      [Ref Proc: 0.3 ms]
      [Ref Enq: 0.0 ms]
      [Redirty Cards: 0.4 ms]
      [Humongous Register: 0.1 ms]
      [Humongous Reclaim: 0.0 ms]
      [Free CSet: 0.2 ms]
   [Eden: 150.0M(150.0M)->0.0B(153.0M) Survivors: 22.0M->22.0M Heap: 376.4M(2048.0M)->378.4M(2048.0M)]
 [Times: user=1.34 sys=0.00, real=0.17 secs] 
2020-09-29T11:31:57.504+0200: 170.936: [GC pause (G1 Evacuation Pause) (young), 0.1782419 secs]
   [Parallel Time: 176.5 ms, GC Workers: 8]
      [GC Worker Start (ms): Min: 170936.4, Avg: 170936.6, Max: 170936.7, Diff: 0.3]
      [Ext Root Scanning (ms): Min: 0.0, Avg: 0.1, Max: 0.3, Diff: 0.3, Sum: 1.0]
      [Update RS (ms): Min: 17.9, Avg: 18.2, Max: 19.0, Diff: 1.1, Sum: 145.9]
         [Processed Buffers: Min: 10, Avg: 11.0, Max: 14, Diff: 4, Sum: 88]
      [Scan RS (ms): Min: 14.3, Avg: 15.1, Max: 15.4, Diff: 1.0, Sum: 121.0]
      [Code Root Scanning (ms): Min: 0.0, Avg: 0.0, Max: 0.0, Diff: 0.0, Sum: 0.0]
      [Object Copy (ms): Min: 142.1, Avg: 142.5, Max: 142.6, Diff: 0.5, Sum: 1140.1]
      [Termination (ms): Min: 0.0, Avg: 0.0, Max: 0.0, Diff: 0.0, Sum: 0.3]
         [Termination Attempts: Min: 1, Avg: 115.9, Max: 149, Diff: 148, Sum: 927]
      [GC Worker Other (ms): Min: 0.0, Avg: 0.0, Max: 0.1, Diff: 0.1, Sum: 0.3]
      [GC Worker Total (ms): Min: 175.9, Avg: 176.1, Max: 176.3, Diff: 0.3, Sum: 1408.6]
      [GC Worker End (ms): Min: 171112.6, Avg: 171112.6, Max: 171112.7, Diff: 0.1]
   [Code Root Fixup: 0.0 ms]
   [Code Root Purge: 0.0 ms]
   [Clear CT: 0.3 ms]
   [Other: 1.5 ms]
      [Choose CSet: 0.0 ms]
      [Ref Proc: 0.4 ms]
      [Ref Enq: 0.0 ms]
      [Redirty Cards: 0.4 ms]
      [Humongous Register: 0.1 ms]
      [Humongous Reclaim: 0.0 ms]
      [Free CSet: 0.3 ms]
   [Eden: 153.0M(153.0M)->0.0B(153.0M) Survivors: 22.0M->22.0M Heap: 556.2M(2048.0M)->558.7M(2048.0M)]
 [Times: user=1.38 sys=0.00, real=0.18 secs] 
2020-09-29T11:31:57.778+0200: 171.210: [GC pause (G1 Evacuation Pause) (young), 0.0869537 secs]
   [Parallel Time: 85.9 ms, GC Workers: 8]
      [GC Worker Start (ms): Min: 171210.5, Avg: 171210.6, Max: 171210.7, Diff: 0.2]
      [Ext Root Scanning (ms): Min: 0.0, Avg: 0.1, Max: 0.2, Diff: 0.2, Sum: 0.5]
      [Update RS (ms): Min: 11.2, Avg: 11.3, Max: 11.7, Diff: 0.5, Sum: 90.6]
         [Processed Buffers: Min: 11, Avg: 12.5, Max: 14, Diff: 3, Sum: 100]
      [Scan RS (ms): Min: 6.3, Avg: 6.6, Max: 6.8, Diff: 0.5, Sum: 52.9]
      [Code Root Scanning (ms): Min: 0.0, Avg: 0.0, Max: 0.0, Diff: 0.0, Sum: 0.0]
      [Object Copy (ms): Min: 67.6, Avg: 67.6, Max: 67.7, Diff: 0.1, Sum: 541.1]
      [Termination (ms): Min: 0.0, Avg: 0.1, Max: 0.1, Diff: 0.1, Sum: 0.4]
         [Termination Attempts: Min: 1, Avg: 332.5, Max: 398, Diff: 397, Sum: 2660]
      [GC Worker Other (ms): Min: 0.0, Avg: 0.0, Max: 0.1, Diff: 0.0, Sum: 0.3]
      [GC Worker Total (ms): Min: 85.7, Avg: 85.7, Max: 85.8, Diff: 0.1, Sum: 685.8]
      [GC Worker End (ms): Min: 171296.3, Avg: 171296.4, Max: 171296.4, Diff: 0.0]
   [Code Root Fixup: 0.0 ms]
   [Code Root Purge: 0.0 ms]
   [Clear CT: 0.2 ms]
   [Other: 0.8 ms]
      [Choose CSet: 0.0 ms]
      [Ref Proc: 0.1 ms]
      [Ref Enq: 0.0 ms]
      [Redirty Cards: 0.2 ms]
      [Humongous Register: 0.0 ms]
      [Humongous Reclaim: 0.0 ms]
      [Free CSet: 0.2 ms]
   [Eden: 153.0M(153.0M)->0.0B(173.0M) Survivors: 22.0M->22.0M Heap: 736.5M(2048.0M)->739.0M(2048.0M)]
 [Times: user=0.75 sys=0.00, real=0.09 secs] 
Heap
 garbage-first heap   total 2097152K, used 949965K [0x0000000080000000, 0x0000000080104000, 0x0000000100000000)
  region size 1024K, 185 young (189440K), 22 survivors (22528K)
 Metaspace       used 2594K, capacity 4486K, committed 4864K, reserved 1056768K
  class space    used 285K, capacity 386K, committed 512K, reserved 1048576K
