Java HotSpot(TM) 64-Bit Server VM (25.261-b12) for windows-amd64 JRE (1.8.0_261-b12), built on Jun 18 2020 06:56:32 by "" with unknown MS VC++:1916
Memory: 4k page, physical 16659684k(9167996k free), swap 23213284k(8303020k free)
CommandLine flags: -XX:InitialHeapSize=2147483648 -XX:MaxHeapSize=2147483648 -XX:+PrintGC -XX:+PrintGCDateStamps -XX:+PrintGCDetails -XX:+PrintGCTimeStamps -XX:+UseCompressedClassPointers -XX:+UseCompressedOops -XX:+UseG1GC -XX:-UseLargePagesIndividualAllocation 
2020-09-29T12:30:03.019+0200: 0.279: [GC pause (G1 Evacuation Pause) (young), 0.0784909 secs]
   [Parallel Time: 76.3 ms, GC Workers: 8]
      [GC Worker Start (ms): Min: 279.0, Avg: 279.1, Max: 279.2, Diff: 0.2]
      [Ext Root Scanning (ms): Min: 0.1, Avg: 0.1, Max: 0.3, Diff: 0.2, Sum: 1.2]
      [Update RS (ms): Min: 1.3, Avg: 2.0, Max: 2.7, Diff: 1.4, Sum: 16.2]
         [Processed Buffers: Min: 1, Avg: 1.9, Max: 2, Diff: 1, Sum: 15]
      [Scan RS (ms): Min: 10.4, Avg: 11.1, Max: 11.7, Diff: 1.3, Sum: 88.7]
      [Code Root Scanning (ms): Min: 0.0, Avg: 0.0, Max: 0.1, Diff: 0.1, Sum: 0.1]
      [Object Copy (ms): Min: 62.7, Avg: 62.8, Max: 62.9, Diff: 0.3, Sum: 502.2]
      [Termination (ms): Min: 0.0, Avg: 0.0, Max: 0.0, Diff: 0.0, Sum: 0.1]
         [Termination Attempts: Min: 1, Avg: 72.6, Max: 90, Diff: 89, Sum: 581]
      [GC Worker Other (ms): Min: 0.0, Avg: 0.0, Max: 0.1, Diff: 0.0, Sum: 0.3]
      [GC Worker Total (ms): Min: 76.0, Avg: 76.1, Max: 76.2, Diff: 0.2, Sum: 608.8]
      [GC Worker End (ms): Min: 355.2, Avg: 355.2, Max: 355.3, Diff: 0.0]
   [Code Root Fixup: 0.0 ms]
   [Code Root Purge: 0.0 ms]
   [Clear CT: 0.9 ms]
   [Other: 1.3 ms]
      [Choose CSet: 0.0 ms]
      [Ref Proc: 0.2 ms]
      [Ref Enq: 0.0 ms]
      [Redirty Cards: 0.7 ms]
      [Humongous Register: 0.1 ms]
      [Humongous Reclaim: 0.0 ms]
      [Free CSet: 0.1 ms]
   [Eden: 102.0M(102.0M)->0.0B(89.0M) Survivors: 0.0B->13.0M Heap: 119.2M(2048.0M)->118.9M(2048.0M)]
 [Times: user=0.48 sys=0.05, real=0.08 secs] 
2020-09-29T12:30:03.157+0200: 0.416: [GC pause (G1 Evacuation Pause) (young), 0.0773902 secs]
   [Parallel Time: 75.6 ms, GC Workers: 8]
      [GC Worker Start (ms): Min: 416.3, Avg: 416.4, Max: 416.5, Diff: 0.2]
      [Ext Root Scanning (ms): Min: 0.0, Avg: 0.1, Max: 0.2, Diff: 0.2, Sum: 0.6]
      [Update RS (ms): Min: 0.1, Avg: 0.5, Max: 1.0, Diff: 0.8, Sum: 4.1]
         [Processed Buffers: Min: 1, Avg: 1.4, Max: 2, Diff: 1, Sum: 11]
      [Scan RS (ms): Min: 9.0, Avg: 9.4, Max: 9.7, Diff: 0.7, Sum: 75.5]
      [Code Root Scanning (ms): Min: 0.0, Avg: 0.0, Max: 0.0, Diff: 0.0, Sum: 0.0]
      [Object Copy (ms): Min: 64.8, Avg: 65.0, Max: 65.3, Diff: 0.5, Sum: 520.4]
      [Termination (ms): Min: 0.1, Avg: 0.3, Max: 0.3, Diff: 0.3, Sum: 2.2]
         [Termination Attempts: Min: 1, Avg: 1375.4, Max: 1665, Diff: 1664, Sum: 11003]
      [GC Worker Other (ms): Min: 0.0, Avg: 0.0, Max: 0.0, Diff: 0.0, Sum: 0.1]
      [GC Worker Total (ms): Min: 75.3, Avg: 75.4, Max: 75.5, Diff: 0.2, Sum: 602.9]
      [GC Worker End (ms): Min: 491.7, Avg: 491.8, Max: 491.8, Diff: 0.0]
   [Code Root Fixup: 0.0 ms]
   [Code Root Purge: 0.0 ms]
   [Clear CT: 0.7 ms]
   [Other: 1.1 ms]
      [Choose CSet: 0.0 ms]
      [Ref Proc: 0.2 ms]
      [Ref Enq: 0.0 ms]
      [Redirty Cards: 0.5 ms]
      [Humongous Register: 0.0 ms]
      [Humongous Reclaim: 0.0 ms]
      [Free CSet: 0.1 ms]
   [Eden: 89.0M(89.0M)->0.0B(89.0M) Survivors: 13.0M->13.0M Heap: 223.2M(2048.0M)->225.9M(2048.0M)]
 [Times: user=0.52 sys=0.06, real=0.08 secs] 
2020-09-29T12:30:03.291+0200: 0.551: [GC pause (G1 Evacuation Pause) (young), 0.0585033 secs]
   [Parallel Time: 57.4 ms, GC Workers: 8]
      [GC Worker Start (ms): Min: 550.6, Avg: 550.8, Max: 550.8, Diff: 0.2]
      [Ext Root Scanning (ms): Min: 0.0, Avg: 0.0, Max: 0.2, Diff: 0.2, Sum: 0.4]
      [Update RS (ms): Min: 0.1, Avg: 0.3, Max: 0.8, Diff: 0.7, Sum: 2.3]
         [Processed Buffers: Min: 1, Avg: 1.5, Max: 2, Diff: 1, Sum: 12]
      [Scan RS (ms): Min: 8.0, Avg: 8.6, Max: 8.9, Diff: 0.8, Sum: 68.7]
      [Code Root Scanning (ms): Min: 0.0, Avg: 0.0, Max: 0.0, Diff: 0.0, Sum: 0.0]
      [Object Copy (ms): Min: 48.1, Avg: 48.2, Max: 48.2, Diff: 0.1, Sum: 385.5]
      [Termination (ms): Min: 0.0, Avg: 0.0, Max: 0.0, Diff: 0.0, Sum: 0.2]
         [Termination Attempts: Min: 1, Avg: 165.1, Max: 204, Diff: 203, Sum: 1321]
      [GC Worker Other (ms): Min: 0.0, Avg: 0.0, Max: 0.0, Diff: 0.0, Sum: 0.1]
      [GC Worker Total (ms): Min: 57.1, Avg: 57.2, Max: 57.3, Diff: 0.2, Sum: 457.3]
      [GC Worker End (ms): Min: 607.9, Avg: 607.9, Max: 607.9, Diff: 0.0]
   [Code Root Fixup: 0.0 ms]
   [Code Root Purge: 0.0 ms]
   [Clear CT: 0.3 ms]
   [Other: 0.8 ms]
      [Choose CSet: 0.0 ms]
      [Ref Proc: 0.2 ms]
      [Ref Enq: 0.0 ms]
      [Redirty Cards: 0.3 ms]
      [Humongous Register: 0.0 ms]
      [Humongous Reclaim: 0.0 ms]
      [Free CSet: 0.1 ms]
   [Eden: 89.0M(89.0M)->0.0B(89.0M) Survivors: 13.0M->13.0M Heap: 330.2M(2048.0M)->331.7M(2048.0M)]
 [Times: user=0.44 sys=0.05, real=0.06 secs] 
2020-09-29T12:30:03.417+0200: 0.677: [GC pause (G1 Evacuation Pause) (young), 0.0694952 secs]
   [Parallel Time: 68.6 ms, GC Workers: 8]
      [GC Worker Start (ms): Min: 676.9, Avg: 676.9, Max: 677.0, Diff: 0.2]
      [Ext Root Scanning (ms): Min: 0.0, Avg: 0.1, Max: 0.1, Diff: 0.1, Sum: 0.7]
      [Update RS (ms): Min: 0.9, Avg: 1.5, Max: 5.5, Diff: 4.6, Sum: 12.4]
         [Processed Buffers: Min: 1, Avg: 2.9, Max: 6, Diff: 5, Sum: 23]
      [Scan RS (ms): Min: 5.8, Avg: 9.9, Max: 10.5, Diff: 4.7, Sum: 78.8]
      [Code Root Scanning (ms): Min: 0.0, Avg: 0.0, Max: 0.0, Diff: 0.0, Sum: 0.0]
      [Object Copy (ms): Min: 56.9, Avg: 57.0, Max: 57.1, Diff: 0.1, Sum: 456.0]
      [Termination (ms): Min: 0.0, Avg: 0.0, Max: 0.0, Diff: 0.0, Sum: 0.1]
         [Termination Attempts: Min: 1, Avg: 92.1, Max: 127, Diff: 126, Sum: 737]
      [GC Worker Other (ms): Min: 0.0, Avg: 0.0, Max: 0.0, Diff: 0.0, Sum: 0.1]
      [GC Worker Total (ms): Min: 68.4, Avg: 68.5, Max: 68.6, Diff: 0.2, Sum: 548.2]
      [GC Worker End (ms): Min: 745.4, Avg: 745.4, Max: 745.5, Diff: 0.0]
   [Code Root Fixup: 0.0 ms]
   [Code Root Purge: 0.0 ms]
   [Clear CT: 0.2 ms]
   [Other: 0.7 ms]
      [Choose CSet: 0.0 ms]
      [Ref Proc: 0.2 ms]
      [Ref Enq: 0.0 ms]
      [Redirty Cards: 0.2 ms]
      [Humongous Register: 0.0 ms]
      [Humongous Reclaim: 0.0 ms]
      [Free CSet: 0.1 ms]
   [Eden: 89.0M(89.0M)->0.0B(89.0M) Survivors: 13.0M->13.0M Heap: 435.9M(2048.0M)->437.4M(2048.0M)]
 [Times: user=0.39 sys=0.11, real=0.07 secs] 
2020-09-29T12:30:03.567+0200: 0.827: [GC pause (G1 Evacuation Pause) (young), 0.0709392 secs]
   [Parallel Time: 70.1 ms, GC Workers: 8]
      [GC Worker Start (ms): Min: 827.0, Avg: 827.5, Max: 830.8, Diff: 3.7]
      [Ext Root Scanning (ms): Min: 0.0, Avg: 0.1, Max: 0.1, Diff: 0.1, Sum: 0.7]
      [Update RS (ms): Min: 0.0, Avg: 1.9, Max: 2.9, Diff: 2.9, Sum: 15.3]
         [Processed Buffers: Min: 0, Avg: 1.8, Max: 3, Diff: 3, Sum: 14]
      [Scan RS (ms): Min: 9.6, Avg: 10.9, Max: 11.4, Diff: 1.8, Sum: 87.0]
      [Code Root Scanning (ms): Min: 0.0, Avg: 0.0, Max: 0.0, Diff: 0.0, Sum: 0.0]
      [Object Copy (ms): Min: 56.4, Avg: 56.5, Max: 56.6, Diff: 0.2, Sum: 452.0]
      [Termination (ms): Min: 0.0, Avg: 0.0, Max: 0.0, Diff: 0.0, Sum: 0.0]
         [Termination Attempts: Min: 1, Avg: 31.8, Max: 44, Diff: 43, Sum: 254]
      [GC Worker Other (ms): Min: 0.0, Avg: 0.0, Max: 0.0, Diff: 0.0, Sum: 0.2]
      [GC Worker Total (ms): Min: 66.2, Avg: 69.4, Max: 69.9, Diff: 3.7, Sum: 555.3]
      [GC Worker End (ms): Min: 896.9, Avg: 897.0, Max: 897.0, Diff: 0.0]
   [Code Root Fixup: 0.0 ms]
   [Code Root Purge: 0.0 ms]
   [Clear CT: 0.2 ms]
   [Other: 0.7 ms]
      [Choose CSet: 0.0 ms]
      [Ref Proc: 0.1 ms]
      [Ref Enq: 0.0 ms]
      [Redirty Cards: 0.1 ms]
      [Humongous Register: 0.1 ms]
      [Humongous Reclaim: 0.0 ms]
      [Free CSet: 0.1 ms]
   [Eden: 89.0M(89.0M)->0.0B(89.0M) Survivors: 13.0M->13.0M Heap: 539.8M(2048.0M)->541.8M(2048.0M)]
 [Times: user=0.47 sys=0.03, real=0.07 secs] 
2020-09-29T12:30:03.706+0200: 0.965: [GC pause (G1 Evacuation Pause) (young), 0.0586637 secs]
   [Parallel Time: 57.9 ms, GC Workers: 8]
      [GC Worker Start (ms): Min: 965.2, Avg: 965.2, Max: 965.3, Diff: 0.1]
      [Ext Root Scanning (ms): Min: 0.0, Avg: 0.1, Max: 0.1, Diff: 0.1, Sum: 0.7]
      [Update RS (ms): Min: 0.9, Avg: 1.0, Max: 1.5, Diff: 0.6, Sum: 8.3]
         [Processed Buffers: Min: 1, Avg: 1.9, Max: 3, Diff: 2, Sum: 15]
      [Scan RS (ms): Min: 7.6, Avg: 8.1, Max: 8.3, Diff: 0.7, Sum: 64.7]
      [Code Root Scanning (ms): Min: 0.0, Avg: 0.0, Max: 0.0, Diff: 0.0, Sum: 0.0]
      [Object Copy (ms): Min: 48.4, Avg: 48.5, Max: 48.5, Diff: 0.1, Sum: 387.7]
      [Termination (ms): Min: 0.0, Avg: 0.0, Max: 0.0, Diff: 0.0, Sum: 0.3]
         [Termination Attempts: Min: 1, Avg: 267.1, Max: 348, Diff: 347, Sum: 2137]
      [GC Worker Other (ms): Min: 0.0, Avg: 0.0, Max: 0.0, Diff: 0.0, Sum: 0.1]
      [GC Worker Total (ms): Min: 57.7, Avg: 57.7, Max: 57.8, Diff: 0.1, Sum: 461.8]
      [GC Worker End (ms): Min: 1022.9, Avg: 1022.9, Max: 1023.0, Diff: 0.0]
   [Code Root Fixup: 0.0 ms]
   [Code Root Purge: 0.0 ms]
   [Clear CT: 0.2 ms]
   [Other: 0.6 ms]
      [Choose CSet: 0.0 ms]
      [Ref Proc: 0.2 ms]
      [Ref Enq: 0.0 ms]
      [Redirty Cards: 0.2 ms]
      [Humongous Register: 0.0 ms]
      [Humongous Reclaim: 0.0 ms]
      [Free CSet: 0.1 ms]
   [Eden: 89.0M(89.0M)->0.0B(89.0M) Survivors: 13.0M->13.0M Heap: 646.1M(2048.0M)->648.6M(2048.0M)]
 [Times: user=0.39 sys=0.11, real=0.06 secs] 
2020-09-29T12:30:03.821+0200: 1.080: [GC pause (G1 Evacuation Pause) (young), 0.0623673 secs]
   [Parallel Time: 61.5 ms, GC Workers: 8]
      [GC Worker Start (ms): Min: 1080.0, Avg: 1080.1, Max: 1080.2, Diff: 0.1]
      [Ext Root Scanning (ms): Min: 0.0, Avg: 0.1, Max: 0.1, Diff: 0.1, Sum: 0.5]
      [Update RS (ms): Min: 0.7, Avg: 0.8, Max: 0.8, Diff: 0.1, Sum: 6.3]
         [Processed Buffers: Min: 1, Avg: 2.0, Max: 6, Diff: 5, Sum: 16]
      [Scan RS (ms): Min: 8.1, Avg: 8.2, Max: 8.3, Diff: 0.2, Sum: 65.4]
      [Code Root Scanning (ms): Min: 0.0, Avg: 0.0, Max: 0.0, Diff: 0.0, Sum: 0.0]
      [Object Copy (ms): Min: 52.1, Avg: 52.2, Max: 52.3, Diff: 0.2, Sum: 417.6]
      [Termination (ms): Min: 0.0, Avg: 0.1, Max: 0.1, Diff: 0.1, Sum: 0.5]
         [Termination Attempts: Min: 1, Avg: 431.1, Max: 543, Diff: 542, Sum: 3449]
      [GC Worker Other (ms): Min: 0.0, Avg: 0.0, Max: 0.0, Diff: 0.0, Sum: 0.2]
      [GC Worker Total (ms): Min: 61.3, Avg: 61.3, Max: 61.4, Diff: 0.1, Sum: 490.5]
      [GC Worker End (ms): Min: 1141.4, Avg: 1141.4, Max: 1141.5, Diff: 0.0]
   [Code Root Fixup: 0.0 ms]
   [Code Root Purge: 0.0 ms]
   [Clear CT: 0.2 ms]
   [Other: 0.7 ms]
      [Choose CSet: 0.0 ms]
      [Ref Proc: 0.2 ms]
      [Ref Enq: 0.0 ms]
      [Redirty Cards: 0.2 ms]
      [Humongous Register: 0.0 ms]
      [Humongous Reclaim: 0.0 ms]
      [Free CSet: 0.1 ms]
   [Eden: 89.0M(89.0M)->0.0B(89.0M) Survivors: 13.0M->13.0M Heap: 752.8M(2048.0M)->754.3M(2048.0M)]
 [Times: user=0.45 sys=0.05, real=0.06 secs] 
2020-09-29T12:30:03.943+0200: 1.203: [GC pause (G1 Evacuation Pause) (young), 0.0688598 secs]
   [Parallel Time: 68.1 ms, GC Workers: 8]
      [GC Worker Start (ms): Min: 1202.7, Avg: 1202.7, Max: 1202.8, Diff: 0.1]
      [Ext Root Scanning (ms): Min: 0.0, Avg: 0.1, Max: 0.1, Diff: 0.1, Sum: 0.5]
      [Update RS (ms): Min: 1.1, Avg: 1.7, Max: 4.4, Diff: 3.3, Sum: 13.4]
         [Processed Buffers: Min: 0, Avg: 2.8, Max: 4, Diff: 4, Sum: 22]
      [Scan RS (ms): Min: 6.0, Avg: 8.1, Max: 8.7, Diff: 2.7, Sum: 64.9]
      [Code Root Scanning (ms): Min: 0.0, Avg: 0.0, Max: 0.0, Diff: 0.0, Sum: 0.0]
      [Object Copy (ms): Min: 57.3, Avg: 58.0, Max: 58.2, Diff: 0.9, Sum: 463.9]
      [Termination (ms): Min: 0.0, Avg: 0.0, Max: 0.1, Diff: 0.1, Sum: 0.3]
         [Termination Attempts: Min: 1, Avg: 270.4, Max: 326, Diff: 325, Sum: 2163]
      [GC Worker Other (ms): Min: 0.0, Avg: 0.0, Max: 0.0, Diff: 0.0, Sum: 0.1]
      [GC Worker Total (ms): Min: 67.8, Avg: 67.9, Max: 68.0, Diff: 0.1, Sum: 543.2]
      [GC Worker End (ms): Min: 1270.6, Avg: 1270.6, Max: 1270.6, Diff: 0.0]
   [Code Root Fixup: 0.0 ms]
   [Code Root Purge: 0.0 ms]
   [Clear CT: 0.2 ms]
   [Other: 0.5 ms]
      [Choose CSet: 0.0 ms]
      [Ref Proc: 0.1 ms]
      [Ref Enq: 0.0 ms]
      [Redirty Cards: 0.2 ms]
      [Humongous Register: 0.0 ms]
      [Humongous Reclaim: 0.0 ms]
      [Free CSet: 0.1 ms]
   [Eden: 89.0M(89.0M)->0.0B(89.0M) Survivors: 13.0M->13.0M Heap: 858.6M(2048.0M)->860.6M(2048.0M)]
 [Times: user=0.45 sys=0.05, real=0.07 secs] 
2020-09-29T12:30:04.076+0200: 1.335: [GC pause (G1 Evacuation Pause) (young), 0.0781151 secs]
   [Parallel Time: 77.2 ms, GC Workers: 8]
      [GC Worker Start (ms): Min: 1335.3, Avg: 1335.4, Max: 1335.5, Diff: 0.2]
      [Ext Root Scanning (ms): Min: 0.0, Avg: 0.1, Max: 0.1, Diff: 0.1, Sum: 0.6]
      [Update RS (ms): Min: 2.3, Avg: 2.6, Max: 3.5, Diff: 1.2, Sum: 21.0]
         [Processed Buffers: Min: 0, Avg: 4.0, Max: 6, Diff: 6, Sum: 32]
      [Scan RS (ms): Min: 9.5, Avg: 10.6, Max: 16.3, Diff: 6.8, Sum: 84.5]
      [Code Root Scanning (ms): Min: 0.0, Avg: 0.0, Max: 0.0, Diff: 0.0, Sum: 0.0]
      [Object Copy (ms): Min: 57.1, Avg: 63.7, Max: 64.8, Diff: 7.7, Sum: 509.8]
      [Termination (ms): Min: 0.0, Avg: 0.0, Max: 0.1, Diff: 0.1, Sum: 0.4]
         [Termination Attempts: Min: 1, Avg: 271.9, Max: 330, Diff: 329, Sum: 2175]
      [GC Worker Other (ms): Min: 0.0, Avg: 0.0, Max: 0.0, Diff: 0.0, Sum: 0.1]
      [GC Worker Total (ms): Min: 77.0, Avg: 77.1, Max: 77.1, Diff: 0.2, Sum: 616.5]
      [GC Worker End (ms): Min: 1412.5, Avg: 1412.5, Max: 1412.5, Diff: 0.0]
   [Code Root Fixup: 0.0 ms]
   [Code Root Purge: 0.0 ms]
   [Clear CT: 0.2 ms]
   [Other: 0.6 ms]
      [Choose CSet: 0.0 ms]
      [Ref Proc: 0.1 ms]
      [Ref Enq: 0.0 ms]
      [Redirty Cards: 0.2 ms]
      [Humongous Register: 0.1 ms]
      [Humongous Reclaim: 0.0 ms]
      [Free CSet: 0.1 ms]
   [Eden: 89.0M(89.0M)->0.0B(89.0M) Survivors: 13.0M->13.0M Heap: 964.8M(2048.0M)->967.3M(2048.0M)]
 [Times: user=0.53 sys=0.06, real=0.08 secs] 
2020-09-29T12:30:04.168+0200: 1.427: [GC pause (G1 Humongous Allocation) (young) (initial-mark), 0.0168231 secs]
   [Parallel Time: 16.1 ms, GC Workers: 8]
      [GC Worker Start (ms): Min: 1427.5, Avg: 1427.6, Max: 1427.7, Diff: 0.1]
      [Ext Root Scanning (ms): Min: 0.0, Avg: 0.1, Max: 0.2, Diff: 0.2, Sum: 1.1]
      [Update RS (ms): Min: 1.7, Avg: 2.0, Max: 2.5, Diff: 0.7, Sum: 16.3]
         [Processed Buffers: Min: 2, Avg: 2.5, Max: 3, Diff: 1, Sum: 20]
      [Scan RS (ms): Min: 0.4, Avg: 0.8, Max: 1.2, Diff: 0.8, Sum: 6.7]
      [Code Root Scanning (ms): Min: 0.0, Avg: 0.0, Max: 0.0, Diff: 0.0, Sum: 0.0]
      [Object Copy (ms): Min: 12.9, Avg: 13.0, Max: 13.0, Diff: 0.1, Sum: 103.7]
      [Termination (ms): Min: 0.0, Avg: 0.0, Max: 0.0, Diff: 0.0, Sum: 0.1]
         [Termination Attempts: Min: 1, Avg: 86.6, Max: 113, Diff: 112, Sum: 693]
      [GC Worker Other (ms): Min: 0.0, Avg: 0.0, Max: 0.0, Diff: 0.0, Sum: 0.1]
      [GC Worker Total (ms): Min: 15.9, Avg: 16.0, Max: 16.1, Diff: 0.1, Sum: 128.0]
      [GC Worker End (ms): Min: 1443.6, Avg: 1443.6, Max: 1443.6, Diff: 0.0]
   [Code Root Fixup: 0.0 ms]
   [Code Root Purge: 0.0 ms]
   [Clear CT: 0.2 ms]
   [Other: 0.5 ms]
      [Choose CSet: 0.0 ms]
      [Ref Proc: 0.1 ms]
      [Ref Enq: 0.0 ms]
      [Redirty Cards: 0.1 ms]
      [Humongous Register: 0.0 ms]
      [Humongous Reclaim: 0.0 ms]
      [Free CSet: 0.0 ms]
   [Eden: 12.0M(89.0M)->0.0B(99.0M) Survivors: 13.0M->13.0M Heap: 978.8M(2048.0M)->982.3M(2048.0M)]
 [Times: user=0.11 sys=0.02, real=0.02 secs] 
2020-09-29T12:30:04.185+0200: 1.444: [GC concurrent-root-region-scan-start]
2020-09-29T12:30:04.188+0200: 1.448: [GC concurrent-root-region-scan-end, 0.0036051 secs]
2020-09-29T12:30:04.188+0200: 1.448: [GC concurrent-mark-start]
2020-09-29T12:30:04.192+0200: 1.452: [GC concurrent-mark-end, 0.0039792 secs]
2020-09-29T12:30:04.193+0200: 1.452: [GC remark 2020-09-29T12:30:04.193+0200: 1.452: [Finalize Marking, 0.0001739 secs] 2020-09-29T12:30:04.193+0200: 1.453: [GC ref-proc, 0.0002811 secs] 2020-09-29T12:30:04.193+0200: 1.453: [Unloading, 0.0004978 secs], 0.0013339 secs]
 [Times: user=0.00 sys=0.00, real=0.00 secs] 
2020-09-29T12:30:04.194+0200: 1.454: [GC cleanup 995M->35M(2048M), 0.0012373 secs]
 [Times: user=0.00 sys=0.00, real=0.00 secs] 
2020-09-29T12:30:04.196+0200: 1.455: [GC concurrent-cleanup-start]
2020-09-29T12:30:04.197+0200: 1.456: [GC concurrent-cleanup-end, 0.0011892 secs]
2020-09-29T12:30:04.243+0200: 1.502: [GC pause (G1 Evacuation Pause) (young), 0.0501591 secs]
   [Parallel Time: 49.1 ms, GC Workers: 8]
      [GC Worker Start (ms): Min: 1502.6, Avg: 1502.6, Max: 1502.7, Diff: 0.1]
      [Ext Root Scanning (ms): Min: 0.0, Avg: 0.1, Max: 0.1, Diff: 0.1, Sum: 0.6]
      [Update RS (ms): Min: 1.1, Avg: 1.5, Max: 1.7, Diff: 0.6, Sum: 11.7]
         [Processed Buffers: Min: 2, Avg: 2.5, Max: 4, Diff: 2, Sum: 20]
      [Scan RS (ms): Min: 7.4, Avg: 7.7, Max: 8.3, Diff: 0.9, Sum: 61.6]
      [Code Root Scanning (ms): Min: 0.0, Avg: 0.0, Max: 0.0, Diff: 0.0, Sum: 0.0]
      [Object Copy (ms): Min: 39.4, Avg: 39.6, Max: 39.7, Diff: 0.3, Sum: 316.7]
      [Termination (ms): Min: 0.0, Avg: 0.0, Max: 0.0, Diff: 0.0, Sum: 0.3]
         [Termination Attempts: Min: 1, Avg: 233.9, Max: 285, Diff: 284, Sum: 1871]
      [GC Worker Other (ms): Min: 0.0, Avg: 0.0, Max: 0.0, Diff: 0.0, Sum: 0.2]
      [GC Worker Total (ms): Min: 48.8, Avg: 48.9, Max: 48.9, Diff: 0.1, Sum: 391.1]
      [GC Worker End (ms): Min: 1551.5, Avg: 1551.5, Max: 1551.5, Diff: 0.0]
   [Code Root Fixup: 0.0 ms]
   [Code Root Purge: 0.0 ms]
   [Clear CT: 0.2 ms]
   [Other: 0.9 ms]
      [Choose CSet: 0.0 ms]
      [Ref Proc: 0.3 ms]
      [Ref Enq: 0.0 ms]
      [Redirty Cards: 0.2 ms]
      [Humongous Register: 0.0 ms]
      [Humongous Reclaim: 0.0 ms]
      [Free CSet: 0.1 ms]
   [Eden: 99.0M(99.0M)->0.0B(121.0M) Survivors: 13.0M->14.0M Heap: 139.2M(2048.0M)->128.7M(2048.0M)]
 [Times: user=0.38 sys=0.00, real=0.05 secs] 
2020-09-29T12:30:04.361+0200: 1.620: [GC pause (G1 Evacuation Pause) (young), 0.0798800 secs]
   [Parallel Time: 79.0 ms, GC Workers: 8]
      [GC Worker Start (ms): Min: 1620.1, Avg: 1620.2, Max: 1620.2, Diff: 0.1]
      [Ext Root Scanning (ms): Min: 0.0, Avg: 0.1, Max: 0.1, Diff: 0.1, Sum: 0.5]
      [Update RS (ms): Min: 1.0, Avg: 1.2, Max: 1.5, Diff: 0.5, Sum: 9.5]
         [Processed Buffers: Min: 2, Avg: 2.9, Max: 3, Diff: 1, Sum: 23]
      [Scan RS (ms): Min: 11.8, Avg: 12.2, Max: 12.4, Diff: 0.6, Sum: 97.5]
      [Code Root Scanning (ms): Min: 0.0, Avg: 0.0, Max: 0.0, Diff: 0.0, Sum: 0.0]
      [Object Copy (ms): Min: 65.1, Avg: 65.3, Max: 65.4, Diff: 0.2, Sum: 522.3]
      [Termination (ms): Min: 0.0, Avg: 0.1, Max: 0.1, Diff: 0.1, Sum: 0.9]
         [Termination Attempts: Min: 1, Avg: 810.9, Max: 1009, Diff: 1008, Sum: 6487]
      [GC Worker Other (ms): Min: 0.0, Avg: 0.0, Max: 0.0, Diff: 0.0, Sum: 0.2]
      [GC Worker Total (ms): Min: 78.8, Avg: 78.9, Max: 78.9, Diff: 0.1, Sum: 631.0]
      [GC Worker End (ms): Min: 1699.0, Avg: 1699.1, Max: 1699.1, Diff: 0.0]
   [Code Root Fixup: 0.0 ms]
   [Code Root Purge: 0.0 ms]
   [Clear CT: 0.2 ms]
   [Other: 0.7 ms]
      [Choose CSet: 0.0 ms]
      [Ref Proc: 0.2 ms]
      [Ref Enq: 0.0 ms]
      [Redirty Cards: 0.2 ms]
      [Humongous Register: 0.0 ms]
      [Humongous Reclaim: 0.0 ms]
      [Free CSet: 0.1 ms]
   [Eden: 121.0M(121.0M)->0.0B(132.0M) Survivors: 14.0M->17.0M Heap: 270.6M(2048.0M)->272.6M(2048.0M)]
 [Times: user=0.59 sys=0.02, real=0.08 secs] 
2020-09-29T12:30:04.509+0200: 1.769: [GC pause (G1 Evacuation Pause) (young), 0.0952373 secs]
   [Parallel Time: 94.2 ms, GC Workers: 8]
      [GC Worker Start (ms): Min: 1769.2, Avg: 1769.2, Max: 1769.3, Diff: 0.1]
      [Ext Root Scanning (ms): Min: 0.0, Avg: 0.1, Max: 0.2, Diff: 0.1, Sum: 0.6]
      [Update RS (ms): Min: 2.0, Avg: 4.1, Max: 16.8, Diff: 14.8, Sum: 33.1]
         [Processed Buffers: Min: 0, Avg: 2.8, Max: 4, Diff: 4, Sum: 22]
      [Scan RS (ms): Min: 1.1, Avg: 13.7, Max: 16.0, Diff: 14.9, Sum: 109.6]
      [Code Root Scanning (ms): Min: 0.0, Avg: 0.0, Max: 0.0, Diff: 0.0, Sum: 0.0]
      [Object Copy (ms): Min: 75.8, Avg: 76.0, Max: 76.0, Diff: 0.2, Sum: 607.8]
      [Termination (ms): Min: 0.0, Avg: 0.0, Max: 0.0, Diff: 0.0, Sum: 0.2]
         [Termination Attempts: Min: 1, Avg: 150.0, Max: 189, Diff: 188, Sum: 1200]
      [GC Worker Other (ms): Min: 0.0, Avg: 0.0, Max: 0.0, Diff: 0.0, Sum: 0.2]
      [GC Worker Total (ms): Min: 93.9, Avg: 93.9, Max: 94.0, Diff: 0.1, Sum: 751.5]
      [GC Worker End (ms): Min: 1863.2, Avg: 1863.2, Max: 1863.2, Diff: 0.0]
   [Code Root Fixup: 0.0 ms]
   [Code Root Purge: 0.0 ms]
   [Clear CT: 0.2 ms]
   [Other: 0.8 ms]
      [Choose CSet: 0.0 ms]
      [Ref Proc: 0.2 ms]
      [Ref Enq: 0.0 ms]
      [Redirty Cards: 0.2 ms]
      [Humongous Register: 0.0 ms]
      [Humongous Reclaim: 0.0 ms]
      [Free CSet: 0.1 ms]
   [Eden: 132.0M(132.0M)->0.0B(143.0M) Survivors: 17.0M->19.0M Heap: 425.6M(2048.0M)->427.6M(2048.0M)]
 [Times: user=0.69 sys=0.05, real=0.10 secs] 
2020-09-29T12:30:04.701+0200: 1.961: [GC pause (G1 Evacuation Pause) (young), 0.0909921 secs]
   [Parallel Time: 90.1 ms, GC Workers: 8]
      [GC Worker Start (ms): Min: 1961.3, Avg: 1961.4, Max: 1961.4, Diff: 0.1]
      [Ext Root Scanning (ms): Min: 0.0, Avg: 0.1, Max: 0.1, Diff: 0.1, Sum: 0.7]
      [Update RS (ms): Min: 2.1, Avg: 2.2, Max: 3.0, Diff: 0.9, Sum: 17.8]
         [Processed Buffers: Min: 2, Avg: 3.8, Max: 8, Diff: 6, Sum: 30]
      [Scan RS (ms): Min: 14.2, Avg: 15.0, Max: 15.2, Diff: 1.1, Sum: 120.2]
      [Code Root Scanning (ms): Min: 0.0, Avg: 0.0, Max: 0.0, Diff: 0.0, Sum: 0.0]
      [Object Copy (ms): Min: 72.3, Avg: 72.5, Max: 72.6, Diff: 0.2, Sum: 579.7]
      [Termination (ms): Min: 0.0, Avg: 0.1, Max: 0.1, Diff: 0.1, Sum: 0.8]
         [Termination Attempts: Min: 1, Avg: 773.4, Max: 951, Diff: 950, Sum: 6187]
      [GC Worker Other (ms): Min: 0.0, Avg: 0.0, Max: 0.0, Diff: 0.0, Sum: 0.2]
      [GC Worker Total (ms): Min: 89.9, Avg: 89.9, Max: 90.0, Diff: 0.1, Sum: 719.4]
      [GC Worker End (ms): Min: 2051.3, Avg: 2051.3, Max: 2051.3, Diff: 0.0]
   [Code Root Fixup: 0.0 ms]
   [Code Root Purge: 0.0 ms]
   [Clear CT: 0.2 ms]
   [Other: 0.8 ms]
      [Choose CSet: 0.0 ms]
      [Ref Proc: 0.2 ms]
      [Ref Enq: 0.0 ms]
      [Redirty Cards: 0.2 ms]
      [Humongous Register: 0.0 ms]
      [Humongous Reclaim: 0.0 ms]
      [Free CSet: 0.1 ms]
   [Eden: 143.0M(143.0M)->0.0B(158.0M) Survivors: 19.0M->21.0M Heap: 595.4M(2048.0M)->596.9M(2048.0M)]
 [Times: user=0.73 sys=0.00, real=0.09 secs] 
2020-09-29T12:30:04.887+0200: 2.146: [GC pause (G1 Evacuation Pause) (young), 0.0929585 secs]
   [Parallel Time: 91.9 ms, GC Workers: 8]
      [GC Worker Start (ms): Min: 2145.8, Avg: 2145.9, Max: 2145.9, Diff: 0.1]
      [Ext Root Scanning (ms): Min: 0.0, Avg: 0.1, Max: 0.2, Diff: 0.1, Sum: 0.6]
      [Update RS (ms): Min: 2.8, Avg: 2.8, Max: 2.9, Diff: 0.1, Sum: 22.7]
         [Processed Buffers: Min: 5, Avg: 5.3, Max: 6, Diff: 1, Sum: 42]
      [Scan RS (ms): Min: 15.0, Avg: 15.1, Max: 15.3, Diff: 0.3, Sum: 121.1]
      [Code Root Scanning (ms): Min: 0.0, Avg: 0.0, Max: 0.0, Diff: 0.0, Sum: 0.0]
      [Object Copy (ms): Min: 73.4, Avg: 73.6, Max: 73.7, Diff: 0.2, Sum: 588.6]
      [Termination (ms): Min: 0.0, Avg: 0.0, Max: 0.0, Diff: 0.0, Sum: 0.1]
         [Termination Attempts: Min: 1, Avg: 99.6, Max: 137, Diff: 136, Sum: 797]
      [GC Worker Other (ms): Min: 0.0, Avg: 0.0, Max: 0.0, Diff: 0.0, Sum: 0.3]
      [GC Worker Total (ms): Min: 91.6, Avg: 91.7, Max: 91.8, Diff: 0.1, Sum: 733.5]
      [GC Worker End (ms): Min: 2237.6, Avg: 2237.6, Max: 2237.6, Diff: 0.0]
   [Code Root Fixup: 0.0 ms]
   [Code Root Purge: 0.0 ms]
   [Clear CT: 0.2 ms]
   [Other: 0.9 ms]
      [Choose CSet: 0.0 ms]
      [Ref Proc: 0.2 ms]
      [Ref Enq: 0.0 ms]
      [Redirty Cards: 0.4 ms]
      [Humongous Register: 0.0 ms]
      [Humongous Reclaim: 0.0 ms]
      [Free CSet: 0.1 ms]
   [Eden: 158.0M(158.0M)->0.0B(176.0M) Survivors: 21.0M->23.0M Heap: 781.6M(2048.0M)->783.6M(2048.0M)]
 [Times: user=0.69 sys=0.05, real=0.09 secs] 
2020-09-29T12:30:05.088+0200: 2.348: [GC pause (G1 Evacuation Pause) (young), 0.0990801 secs]
   [Parallel Time: 97.6 ms, GC Workers: 8]
      [GC Worker Start (ms): Min: 2347.7, Avg: 2347.8, Max: 2347.9, Diff: 0.2]
      [Ext Root Scanning (ms): Min: 0.0, Avg: 0.1, Max: 0.2, Diff: 0.2, Sum: 0.5]
      [Update RS (ms): Min: 2.1, Avg: 2.5, Max: 2.9, Diff: 0.7, Sum: 19.8]
         [Processed Buffers: Min: 3, Avg: 3.9, Max: 5, Diff: 2, Sum: 31]
      [Scan RS (ms): Min: 16.4, Avg: 16.9, Max: 17.3, Diff: 0.9, Sum: 135.3]
      [Code Root Scanning (ms): Min: 0.0, Avg: 0.0, Max: 0.0, Diff: 0.0, Sum: 0.0]
      [Object Copy (ms): Min: 77.8, Avg: 77.9, Max: 78.0, Diff: 0.2, Sum: 623.0]
      [Termination (ms): Min: 0.0, Avg: 0.0, Max: 0.0, Diff: 0.0, Sum: 0.2]
         [Termination Attempts: Min: 1, Avg: 148.8, Max: 199, Diff: 198, Sum: 1190]
      [GC Worker Other (ms): Min: 0.0, Avg: 0.0, Max: 0.0, Diff: 0.0, Sum: 0.2]
      [GC Worker Total (ms): Min: 97.3, Avg: 97.4, Max: 97.5, Diff: 0.2, Sum: 779.0]
      [GC Worker End (ms): Min: 2445.2, Avg: 2445.2, Max: 2445.2, Diff: 0.0]
   [Code Root Fixup: 0.0 ms]
   [Code Root Purge: 0.0 ms]
   [Clear CT: 0.4 ms]
   [Other: 1.0 ms]
      [Choose CSet: 0.0 ms]
      [Ref Proc: 0.4 ms]
      [Ref Enq: 0.0 ms]
      [Redirty Cards: 0.3 ms]
      [Humongous Register: 0.0 ms]
      [Humongous Reclaim: 0.0 ms]
      [Free CSet: 0.1 ms]
   [Eden: 176.0M(176.0M)->0.0B(193.0M) Survivors: 23.0M->25.0M Heap: 988.2M(2048.0M)->990.7M(2048.0M)]
 [Times: user=0.72 sys=0.03, real=0.10 secs] 
2020-09-29T12:30:05.205+0200: 2.464: [GC pause (G1 Humongous Allocation) (young) (initial-mark), 0.0254937 secs]
   [Parallel Time: 24.5 ms, GC Workers: 8]
      [GC Worker Start (ms): Min: 2464.0, Avg: 2464.1, Max: 2464.2, Diff: 0.2]
      [Ext Root Scanning (ms): Min: 0.0, Avg: 0.1, Max: 0.2, Diff: 0.2, Sum: 1.1]
      [Update RS (ms): Min: 3.9, Avg: 4.3, Max: 4.6, Diff: 0.7, Sum: 34.3]
         [Processed Buffers: Min: 5, Avg: 5.9, Max: 7, Diff: 2, Sum: 47]
      [Scan RS (ms): Min: 1.4, Avg: 1.6, Max: 2.0, Diff: 0.6, Sum: 12.9]
      [Code Root Scanning (ms): Min: 0.0, Avg: 0.0, Max: 0.0, Diff: 0.0, Sum: 0.0]
      [Object Copy (ms): Min: 18.1, Avg: 18.2, Max: 18.3, Diff: 0.2, Sum: 145.3]
      [Termination (ms): Min: 0.0, Avg: 0.1, Max: 0.1, Diff: 0.1, Sum: 0.8]
         [Termination Attempts: Min: 1, Avg: 535.3, Max: 702, Diff: 701, Sum: 4282]
      [GC Worker Other (ms): Min: 0.0, Avg: 0.0, Max: 0.0, Diff: 0.0, Sum: 0.1]
      [GC Worker Total (ms): Min: 24.2, Avg: 24.3, Max: 24.4, Diff: 0.2, Sum: 194.5]
      [GC Worker End (ms): Min: 2488.4, Avg: 2488.4, Max: 2488.4, Diff: 0.0]
   [Code Root Fixup: 0.0 ms]
   [Code Root Purge: 0.0 ms]
   [Clear CT: 0.3 ms]
   [Other: 0.8 ms]
      [Choose CSet: 0.0 ms]
      [Ref Proc: 0.2 ms]
      [Ref Enq: 0.0 ms]
      [Redirty Cards: 0.3 ms]
      [Humongous Register: 0.0 ms]
      [Humongous Reclaim: 0.0 ms]
      [Free CSet: 0.0 ms]
   [Eden: 7168.0K(193.0M)->0.0B(234.0M) Survivors: 25.0M->9216.0K Heap: 997.2M(2048.0M)->1001.2M(2048.0M)]
 [Times: user=0.23 sys=0.00, real=0.03 secs] 
2020-09-29T12:30:05.230+0200: 2.490: [GC concurrent-root-region-scan-start]
2020-09-29T12:30:05.232+0200: 2.491: [GC concurrent-root-region-scan-end, 0.0017429 secs]
2020-09-29T12:30:05.232+0200: 2.491: [GC concurrent-mark-start]
2020-09-29T12:30:05.235+0200: 2.494: [GC concurrent-mark-end, 0.0028031 secs]
2020-09-29T12:30:05.235+0200: 2.494: [GC remark 2020-09-29T12:30:05.235+0200: 2.494: [Finalize Marking, 0.0002699 secs] 2020-09-29T12:30:05.235+0200: 2.495: [GC ref-proc, 0.0002876 secs] 2020-09-29T12:30:05.236+0200: 2.495: [Unloading, 0.0004496 secs], 0.0013324 secs]
 [Times: user=0.00 sys=0.00, real=0.00 secs] 
2020-09-29T12:30:05.237+0200: 2.496: [GC cleanup 1010M->27M(2048M), 0.0010028 secs]
 [Times: user=0.00 sys=0.00, real=0.00 secs] 
2020-09-29T12:30:05.238+0200: 2.497: [GC concurrent-cleanup-start]
2020-09-29T12:30:05.239+0200: 2.498: [GC concurrent-cleanup-end, 0.0010337 secs]
2020-09-29T12:30:05.360+0200: 2.619: [GC pause (G1 Evacuation Pause) (young), 0.1154937 secs]
   [Parallel Time: 114.5 ms, GC Workers: 8]
      [GC Worker Start (ms): Min: 2619.6, Avg: 2619.7, Max: 2619.8, Diff: 0.2]
      [Ext Root Scanning (ms): Min: 0.0, Avg: 0.1, Max: 0.1, Diff: 0.1, Sum: 0.4]
      [Update RS (ms): Min: 2.1, Avg: 2.3, Max: 2.4, Diff: 0.3, Sum: 18.8]
         [Processed Buffers: Min: 3, Avg: 4.0, Max: 7, Diff: 4, Sum: 32]
      [Scan RS (ms): Min: 19.8, Avg: 20.1, Max: 20.4, Diff: 0.5, Sum: 160.5]
      [Code Root Scanning (ms): Min: 0.0, Avg: 0.0, Max: 0.0, Diff: 0.0, Sum: 0.0]
      [Object Copy (ms): Min: 91.6, Avg: 91.7, Max: 91.9, Diff: 0.3, Sum: 733.9]
      [Termination (ms): Min: 0.0, Avg: 0.0, Max: 0.0, Diff: 0.0, Sum: 0.1]
         [Termination Attempts: Min: 1, Avg: 61.9, Max: 88, Diff: 87, Sum: 495]
      [GC Worker Other (ms): Min: 0.0, Avg: 0.0, Max: 0.1, Diff: 0.0, Sum: 0.2]
      [GC Worker Total (ms): Min: 114.2, Avg: 114.2, Max: 114.3, Diff: 0.2, Sum: 913.9]
      [GC Worker End (ms): Min: 2733.9, Avg: 2733.9, Max: 2734.0, Diff: 0.0]
   [Code Root Fixup: 0.0 ms]
   [Code Root Purge: 0.0 ms]
   [Clear CT: 0.2 ms]
   [Other: 0.8 ms]
      [Choose CSet: 0.0 ms]
      [Ref Proc: 0.1 ms]
      [Ref Enq: 0.0 ms]
      [Redirty Cards: 0.2 ms]
      [Humongous Register: 0.0 ms]
      [Humongous Reclaim: 0.0 ms]
      [Free CSet: 0.2 ms]
   [Eden: 234.0M(234.0M)->0.0B(230.0M) Survivors: 9216.0K->31.0M Heap: 292.6M(2048.0M)->286.6M(2048.0M)]
 [Times: user=0.91 sys=0.09, real=0.12 secs] 
2020-09-29T12:30:05.616+0200: 2.876: [GC pause (G1 Evacuation Pause) (young), 0.1378799 secs]
   [Parallel Time: 136.9 ms, GC Workers: 8]
      [GC Worker Start (ms): Min: 2875.7, Avg: 2875.7, Max: 2875.8, Diff: 0.1]
      [Ext Root Scanning (ms): Min: 0.0, Avg: 0.1, Max: 0.1, Diff: 0.1, Sum: 0.6]
      [Update RS (ms): Min: 3.3, Avg: 3.4, Max: 3.8, Diff: 0.5, Sum: 27.4]
         [Processed Buffers: Min: 5, Avg: 5.3, Max: 6, Diff: 1, Sum: 42]
      [Scan RS (ms): Min: 21.8, Avg: 22.2, Max: 22.4, Diff: 0.6, Sum: 177.6]
      [Code Root Scanning (ms): Min: 0.0, Avg: 0.0, Max: 0.0, Diff: 0.0, Sum: 0.0]
      [Object Copy (ms): Min: 110.7, Avg: 110.9, Max: 111.0, Diff: 0.3, Sum: 887.2]
      [Termination (ms): Min: 0.0, Avg: 0.1, Max: 0.1, Diff: 0.1, Sum: 0.8]
         [Termination Attempts: Min: 1, Avg: 742.1, Max: 902, Diff: 901, Sum: 5937]
      [GC Worker Other (ms): Min: 0.0, Avg: 0.0, Max: 0.1, Diff: 0.1, Sum: 0.4]
      [GC Worker Total (ms): Min: 136.7, Avg: 136.8, Max: 136.8, Diff: 0.1, Sum: 1094.0]
      [GC Worker End (ms): Min: 3012.5, Avg: 3012.5, Max: 3012.5, Diff: 0.1]
   [Code Root Fixup: 0.0 ms]
   [Code Root Purge: 0.0 ms]
   [Clear CT: 0.2 ms]
   [Other: 0.7 ms]
      [Choose CSet: 0.0 ms]
      [Ref Proc: 0.1 ms]
      [Ref Enq: 0.0 ms]
      [Redirty Cards: 0.2 ms]
      [Humongous Register: 0.0 ms]
      [Humongous Reclaim: 0.0 ms]
      [Free CSet: 0.1 ms]
   [Eden: 230.0M(230.0M)->0.0B(241.0M) Survivors: 31.0M->33.0M Heap: 554.7M(2048.0M)->556.7M(2048.0M)]
 [Times: user=0.94 sys=0.03, real=0.14 secs] 
2020-09-29T12:30:05.884+0200: 3.143: [GC pause (G1 Evacuation Pause) (young), 0.1357092 secs]
   [Parallel Time: 134.7 ms, GC Workers: 8]
      [GC Worker Start (ms): Min: 3143.3, Avg: 3143.3, Max: 3143.4, Diff: 0.2]
      [Ext Root Scanning (ms): Min: 0.0, Avg: 0.1, Max: 0.1, Diff: 0.1, Sum: 0.4]
      [Update RS (ms): Min: 4.3, Avg: 4.4, Max: 5.0, Diff: 0.7, Sum: 35.6]
         [Processed Buffers: Min: 6, Avg: 6.5, Max: 9, Diff: 3, Sum: 52]
      [Scan RS (ms): Min: 21.4, Avg: 22.0, Max: 22.2, Diff: 0.8, Sum: 175.6]
      [Code Root Scanning (ms): Min: 0.0, Avg: 0.0, Max: 0.0, Diff: 0.0, Sum: 0.0]
      [Object Copy (ms): Min: 107.7, Avg: 107.8, Max: 108.0, Diff: 0.3, Sum: 862.7]
      [Termination (ms): Min: 0.0, Avg: 0.1, Max: 0.2, Diff: 0.2, Sum: 0.8]
         [Termination Attempts: Min: 1, Avg: 717.5, Max: 1117, Diff: 1116, Sum: 5740]
      [GC Worker Other (ms): Min: 0.0, Avg: 0.1, Max: 0.1, Diff: 0.1, Sum: 0.4]
      [GC Worker Total (ms): Min: 134.4, Avg: 134.4, Max: 134.5, Diff: 0.2, Sum: 1075.6]
      [GC Worker End (ms): Min: 3277.7, Avg: 3277.8, Max: 3277.8, Diff: 0.1]
   [Code Root Fixup: 0.0 ms]
   [Code Root Purge: 0.0 ms]
   [Clear CT: 0.2 ms]
   [Other: 0.9 ms]
      [Choose CSet: 0.0 ms]
      [Ref Proc: 0.2 ms]
      [Ref Enq: 0.0 ms]
      [Redirty Cards: 0.2 ms]
      [Humongous Register: 0.0 ms]
      [Humongous Reclaim: 0.0 ms]
      [Free CSet: 0.2 ms]
   [Eden: 227.0M(227.0M)->0.0B(258.0M) Survivors: 33.0M->33.0M Heap: 821.8M(2048.0M)->823.3M(2048.0M)]
 [Times: user=0.95 sys=0.05, real=0.14 secs] 
2020-09-29T12:30:06.175+0200: 3.434: [GC pause (G1 Evacuation Pause) (young), 0.1591717 secs]
   [Parallel Time: 157.9 ms, GC Workers: 8]
      [GC Worker Start (ms): Min: 3434.4, Avg: 3434.5, Max: 3434.6, Diff: 0.2]
      [Ext Root Scanning (ms): Min: 0.0, Avg: 0.1, Max: 0.2, Diff: 0.2, Sum: 0.5]
      [Update RS (ms): Min: 3.5, Avg: 4.1, Max: 4.4, Diff: 0.8, Sum: 32.7]
         [Processed Buffers: Min: 5, Avg: 5.3, Max: 7, Diff: 2, Sum: 42]
      [Scan RS (ms): Min: 25.0, Avg: 25.3, Max: 25.9, Diff: 0.8, Sum: 202.5]
      [Code Root Scanning (ms): Min: 0.0, Avg: 0.0, Max: 0.0, Diff: 0.0, Sum: 0.0]
      [Object Copy (ms): Min: 127.9, Avg: 128.0, Max: 128.1, Diff: 0.2, Sum: 1023.7]
      [Termination (ms): Min: 0.0, Avg: 0.1, Max: 0.2, Diff: 0.2, Sum: 1.0]
         [Termination Attempts: Min: 1, Avg: 934.8, Max: 1173, Diff: 1172, Sum: 7478]
      [GC Worker Other (ms): Min: 0.0, Avg: 0.1, Max: 0.1, Diff: 0.1, Sum: 0.4]
      [GC Worker Total (ms): Min: 157.5, Avg: 157.6, Max: 157.7, Diff: 0.2, Sum: 1260.9]
      [GC Worker End (ms): Min: 3592.1, Avg: 3592.1, Max: 3592.1, Diff: 0.1]
   [Code Root Fixup: 0.0 ms]
   [Code Root Purge: 0.0 ms]
   [Clear CT: 0.2 ms]
   [Other: 1.1 ms]
      [Choose CSet: 0.0 ms]
      [Ref Proc: 0.2 ms]
      [Ref Enq: 0.0 ms]
      [Redirty Cards: 0.4 ms]
      [Humongous Register: 0.0 ms]
      [Humongous Reclaim: 0.0 ms]
      [Free CSet: 0.3 ms]
   [Eden: 258.0M(258.0M)->0.0B(245.0M) Survivors: 33.0M->37.0M Heap: 1123.3M(2048.0M)->1125.3M(2048.0M)]
 [Times: user=1.27 sys=0.11, real=0.16 secs] 
2020-09-29T12:30:06.335+0200: 3.594: [GC pause (G1 Humongous Allocation) (young) (initial-mark), 0.0619579 secs]
   [Parallel Time: 61.1 ms, GC Workers: 8]
      [GC Worker Start (ms): Min: 3594.3, Avg: 3594.4, Max: 3594.4, Diff: 0.1]
      [Ext Root Scanning (ms): Min: 0.0, Avg: 0.1, Max: 0.2, Diff: 0.1, Sum: 0.6]
      [Update RS (ms): Min: 40.3, Avg: 40.5, Max: 40.8, Diff: 0.5, Sum: 323.6]
         [Processed Buffers: Min: 44, Avg: 49.3, Max: 51, Diff: 7, Sum: 394]
      [Scan RS (ms): Min: 0.0, Avg: 0.0, Max: 0.2, Diff: 0.2, Sum: 0.4]
      [Code Root Scanning (ms): Min: 0.0, Avg: 0.0, Max: 0.0, Diff: 0.0, Sum: 0.0]
      [Object Copy (ms): Min: 20.0, Avg: 20.2, Max: 20.4, Diff: 0.4, Sum: 162.0]
      [Termination (ms): Min: 0.0, Avg: 0.0, Max: 0.1, Diff: 0.1, Sum: 0.3]
         [Termination Attempts: Min: 1, Avg: 291.8, Max: 378, Diff: 377, Sum: 2334]
      [GC Worker Other (ms): Min: 0.0, Avg: 0.0, Max: 0.0, Diff: 0.0, Sum: 0.1]
      [GC Worker Total (ms): Min: 60.8, Avg: 60.9, Max: 60.9, Diff: 0.1, Sum: 487.0]
      [GC Worker End (ms): Min: 3655.3, Avg: 3655.3, Max: 3655.3, Diff: 0.0]
   [Code Root Fixup: 0.0 ms]
   [Code Root Purge: 0.0 ms]
   [Clear CT: 0.2 ms]
   [Other: 0.7 ms]
      [Choose CSet: 0.0 ms]
      [Ref Proc: 0.2 ms]
      [Ref Enq: 0.0 ms]
      [Redirty Cards: 0.2 ms]
      [Humongous Register: 0.0 ms]
      [Humongous Reclaim: 0.0 ms]
      [Free CSet: 0.1 ms]
   [Eden: 1024.0K(245.0M)->0.0B(264.0M) Survivors: 37.0M->2048.0K Heap: 1126.3M(2048.0M)->1128.3M(2048.0M)]
 [Times: user=0.44 sys=0.06, real=0.06 secs] 
2020-09-29T12:30:06.398+0200: 3.656: [GC concurrent-root-region-scan-start]
2020-09-29T12:30:06.398+0200: 3.657: [GC concurrent-root-region-scan-end, 0.0004725 secs]
2020-09-29T12:30:06.398+0200: 3.657: [GC concurrent-mark-start]
2020-09-29T12:30:06.401+0200: 3.660: [GC concurrent-mark-end, 0.0031883 secs]
2020-09-29T12:30:06.401+0200: 3.660: [GC remark 2020-09-29T12:30:06.402+0200: 3.660: [Finalize Marking, 0.0002119 secs] 2020-09-29T12:30:06.402+0200: 3.661: [GC ref-proc, 0.0002843 secs] 2020-09-29T12:30:06.402+0200: 3.661: [Unloading, 0.0004155 secs], 0.0013529 secs]
 [Times: user=0.00 sys=0.00, real=0.00 secs] 
2020-09-29T12:30:06.403+0200: 3.662: [GC cleanup 1135M->18M(2048M), 0.0014216 secs]
 [Times: user=0.00 sys=0.00, real=0.00 secs] 
2020-09-29T12:30:06.405+0200: 3.664: [GC concurrent-cleanup-start]
2020-09-29T12:30:06.407+0200: 3.666: [GC concurrent-cleanup-end, 0.0022021 secs]
2020-09-29T12:30:06.542+0200: 3.800: [GC pause (G1 Evacuation Pause) (young), 0.1456033 secs]
   [Parallel Time: 144.4 ms, GC Workers: 8]
      [GC Worker Start (ms): Min: 3800.6, Avg: 3800.7, Max: 3800.7, Diff: 0.2]
      [Ext Root Scanning (ms): Min: 0.0, Avg: 0.1, Max: 0.2, Diff: 0.2, Sum: 0.5]
      [Update RS (ms): Min: 6.1, Avg: 6.4, Max: 6.5, Diff: 0.5, Sum: 51.0]
         [Processed Buffers: Min: 7, Avg: 8.8, Max: 10, Diff: 3, Sum: 70]
      [Scan RS (ms): Min: 22.3, Avg: 22.9, Max: 25.3, Diff: 3.0, Sum: 183.2]
      [Code Root Scanning (ms): Min: 0.0, Avg: 0.0, Max: 0.0, Diff: 0.0, Sum: 0.0]
      [Object Copy (ms): Min: 112.2, Avg: 114.7, Max: 115.2, Diff: 3.0, Sum: 917.7]
      [Termination (ms): Min: 0.0, Avg: 0.1, Max: 0.1, Diff: 0.1, Sum: 0.8]
         [Termination Attempts: Min: 1, Avg: 635.6, Max: 776, Diff: 775, Sum: 5085]
      [GC Worker Other (ms): Min: 0.0, Avg: 0.0, Max: 0.1, Diff: 0.0, Sum: 0.3]
      [GC Worker Total (ms): Min: 144.1, Avg: 144.2, Max: 144.3, Diff: 0.1, Sum: 1153.5]
      [GC Worker End (ms): Min: 3944.8, Avg: 3944.8, Max: 3944.9, Diff: 0.0]
   [Code Root Fixup: 0.0 ms]
   [Code Root Purge: 0.0 ms]
   [Clear CT: 0.4 ms]
   [Other: 0.8 ms]
      [Choose CSet: 0.0 ms]
      [Ref Proc: 0.2 ms]
      [Ref Enq: 0.0 ms]
      [Redirty Cards: 0.2 ms]
      [Humongous Register: 0.0 ms]
      [Humongous Reclaim: 0.0 ms]
      [Free CSet: 0.2 ms]
   [Eden: 264.0M(264.0M)->0.0B(240.0M) Survivors: 2048.0K->34.0M Heap: 321.3M(2048.0M)->321.8M(2048.0M)]
 [Times: user=0.94 sys=0.11, real=0.14 secs] 
2020-09-29T12:30:06.839+0200: 4.098: [GC pause (G1 Evacuation Pause) (young), 0.1379226 secs]
   [Parallel Time: 137.0 ms, GC Workers: 8]
      [GC Worker Start (ms): Min: 4098.0, Avg: 4098.1, Max: 4098.1, Diff: 0.2]
      [Ext Root Scanning (ms): Min: 0.0, Avg: 0.1, Max: 0.2, Diff: 0.2, Sum: 0.5]
      [Update RS (ms): Min: 4.9, Avg: 5.1, Max: 5.7, Diff: 0.8, Sum: 40.5]
         [Processed Buffers: Min: 6, Avg: 7.1, Max: 8, Diff: 2, Sum: 57]
      [Scan RS (ms): Min: 24.4, Avg: 25.1, Max: 25.3, Diff: 0.9, Sum: 200.8]
      [Code Root Scanning (ms): Min: 0.0, Avg: 0.0, Max: 0.0, Diff: 0.0, Sum: 0.0]
      [Object Copy (ms): Min: 106.3, Avg: 106.5, Max: 106.6, Diff: 0.2, Sum: 851.6]
      [Termination (ms): Min: 0.0, Avg: 0.0, Max: 0.0, Diff: 0.0, Sum: 0.3]
         [Termination Attempts: Min: 1, Avg: 292.1, Max: 353, Diff: 352, Sum: 2337]
      [GC Worker Other (ms): Min: 0.0, Avg: 0.0, Max: 0.1, Diff: 0.0, Sum: 0.3]
      [GC Worker Total (ms): Min: 136.7, Avg: 136.8, Max: 136.9, Diff: 0.2, Sum: 1094.2]
      [GC Worker End (ms): Min: 4234.8, Avg: 4234.8, Max: 4234.9, Diff: 0.0]
   [Code Root Fixup: 0.0 ms]
   [Code Root Purge: 0.0 ms]
   [Clear CT: 0.1 ms]
   [Other: 0.8 ms]
      [Choose CSet: 0.0 ms]
      [Ref Proc: 0.2 ms]
      [Ref Enq: 0.0 ms]
      [Redirty Cards: 0.2 ms]
      [Humongous Register: 0.0 ms]
      [Humongous Reclaim: 0.0 ms]
      [Free CSet: 0.2 ms]
   [Eden: 240.0M(240.0M)->0.0B(247.0M) Survivors: 34.0M->35.0M Heap: 601.8M(2048.0M)->603.3M(2048.0M)]
 [Times: user=0.98 sys=0.09, real=0.14 secs] 
2020-09-29T12:30:07.109+0200: 4.368: [GC pause (G1 Evacuation Pause) (young), 0.1508312 secs]
   [Parallel Time: 150.0 ms, GC Workers: 8]
      [GC Worker Start (ms): Min: 4368.1, Avg: 4368.2, Max: 4368.3, Diff: 0.2]
      [Ext Root Scanning (ms): Min: 0.0, Avg: 0.1, Max: 0.2, Diff: 0.2, Sum: 0.4]
      [Update RS (ms): Min: 4.5, Avg: 5.0, Max: 5.3, Diff: 0.8, Sum: 40.0]
         [Processed Buffers: Min: 6, Avg: 6.6, Max: 8, Diff: 2, Sum: 53]
      [Scan RS (ms): Min: 23.3, Avg: 23.6, Max: 24.2, Diff: 1.0, Sum: 189.0]
      [Code Root Scanning (ms): Min: 0.0, Avg: 0.0, Max: 0.0, Diff: 0.0, Sum: 0.0]
      [Object Copy (ms): Min: 120.5, Avg: 120.7, Max: 121.0, Diff: 0.5, Sum: 965.7]
      [Termination (ms): Min: 0.0, Avg: 0.3, Max: 0.3, Diff: 0.3, Sum: 2.0]
         [Termination Attempts: Min: 1, Avg: 1651.0, Max: 2157, Diff: 2156, Sum: 13208]
      [GC Worker Other (ms): Min: 0.0, Avg: 0.0, Max: 0.1, Diff: 0.1, Sum: 0.4]
      [GC Worker Total (ms): Min: 149.6, Avg: 149.7, Max: 149.8, Diff: 0.2, Sum: 1197.5]
      [GC Worker End (ms): Min: 4517.9, Avg: 4517.9, Max: 4517.9, Diff: 0.1]
   [Code Root Fixup: 0.0 ms]
   [Code Root Purge: 0.0 ms]
   [Clear CT: 0.2 ms]
   [Other: 0.7 ms]
      [Choose CSet: 0.0 ms]
      [Ref Proc: 0.1 ms]
      [Ref Enq: 0.0 ms]
      [Redirty Cards: 0.2 ms]
      [Humongous Register: 0.0 ms]
      [Humongous Reclaim: 0.0 ms]
      [Free CSet: 0.1 ms]
   [Eden: 247.0M(247.0M)->0.0B(253.0M) Survivors: 35.0M->36.0M Heap: 890.4M(2048.0M)->892.9M(2048.0M)]
 [Times: user=1.23 sys=0.00, real=0.15 secs] 
2020-09-29T12:30:07.385+0200: 4.644: [GC pause (G1 Evacuation Pause) (young), 0.1446960 secs]
   [Parallel Time: 143.6 ms, GC Workers: 8]
      [GC Worker Start (ms): Min: 4644.2, Avg: 4644.3, Max: 4644.4, Diff: 0.2]
      [Ext Root Scanning (ms): Min: 0.0, Avg: 0.0, Max: 0.2, Diff: 0.2, Sum: 0.4]
      [Update RS (ms): Min: 6.2, Avg: 6.5, Max: 7.0, Diff: 0.8, Sum: 52.4]
         [Processed Buffers: Min: 8, Avg: 8.1, Max: 9, Diff: 1, Sum: 65]
      [Scan RS (ms): Min: 22.3, Avg: 22.8, Max: 23.2, Diff: 0.8, Sum: 182.6]
      [Code Root Scanning (ms): Min: 0.0, Avg: 0.0, Max: 0.0, Diff: 0.0, Sum: 0.0]
      [Object Copy (ms): Min: 113.8, Avg: 113.9, Max: 113.9, Diff: 0.1, Sum: 911.0]
      [Termination (ms): Min: 0.0, Avg: 0.0, Max: 0.0, Diff: 0.0, Sum: 0.2]
         [Termination Attempts: Min: 1, Avg: 187.8, Max: 240, Diff: 239, Sum: 1502]
      [GC Worker Other (ms): Min: 0.0, Avg: 0.0, Max: 0.1, Diff: 0.0, Sum: 0.3]
      [GC Worker Total (ms): Min: 143.3, Avg: 143.4, Max: 143.5, Diff: 0.2, Sum: 1146.9]
      [GC Worker End (ms): Min: 4787.7, Avg: 4787.7, Max: 4787.7, Diff: 0.0]
   [Code Root Fixup: 0.0 ms]
   [Code Root Purge: 0.0 ms]
   [Clear CT: 0.2 ms]
   [Other: 0.9 ms]
      [Choose CSet: 0.0 ms]
      [Ref Proc: 0.2 ms]
      [Ref Enq: 0.0 ms]
      [Redirty Cards: 0.2 ms]
      [Humongous Register: 0.0 ms]
      [Humongous Reclaim: 0.0 ms]
      [Free CSet: 0.3 ms]
   [Eden: 253.0M(253.0M)->0.0B(269.0M) Survivors: 36.0M->37.0M Heap: 1187.8M(2048.0M)->1189.8M(2048.0M)]
 [Times: user=1.05 sys=0.06, real=0.14 secs] 
2020-09-29T12:30:07.554+0200: 4.812: [GC pause (G1 Humongous Allocation) (young) (initial-mark), 0.0359232 secs]
   [Parallel Time: 34.6 ms, GC Workers: 8]
      [GC Worker Start (ms): Min: 4812.6, Avg: 4812.6, Max: 4812.7, Diff: 0.1]
      [Ext Root Scanning (ms): Min: 0.0, Avg: 0.9, Max: 6.4, Diff: 6.4, Sum: 7.3]
      [Update RS (ms): Min: 5.5, Avg: 10.9, Max: 11.8, Diff: 6.4, Sum: 87.2]
         [Processed Buffers: Min: 7, Avg: 13.8, Max: 16, Diff: 9, Sum: 110]
      [Scan RS (ms): Min: 2.4, Avg: 2.5, Max: 2.8, Diff: 0.4, Sum: 20.0]
      [Code Root Scanning (ms): Min: 0.0, Avg: 0.0, Max: 0.0, Diff: 0.0, Sum: 0.0]
      [Object Copy (ms): Min: 20.1, Avg: 20.2, Max: 20.3, Diff: 0.2, Sum: 161.5]
      [Termination (ms): Min: 0.0, Avg: 0.0, Max: 0.0, Diff: 0.0, Sum: 0.0]
         [Termination Attempts: Min: 1, Avg: 28.9, Max: 47, Diff: 46, Sum: 231]
      [GC Worker Other (ms): Min: 0.0, Avg: 0.0, Max: 0.0, Diff: 0.0, Sum: 0.1]
      [GC Worker Total (ms): Min: 34.4, Avg: 34.5, Max: 34.6, Diff: 0.1, Sum: 276.1]
      [GC Worker End (ms): Min: 4847.1, Avg: 4847.1, Max: 4847.2, Diff: 0.0]
   [Code Root Fixup: 0.0 ms]
   [Code Root Purge: 0.0 ms]
   [Clear CT: 0.2 ms]
   [Other: 1.1 ms]
      [Choose CSet: 0.0 ms]
      [Ref Proc: 0.6 ms]
      [Ref Enq: 0.0 ms]
      [Redirty Cards: 0.2 ms]
      [Humongous Register: 0.1 ms]
      [Humongous Reclaim: 0.0 ms]
      [Free CSet: 0.1 ms]
   [Eden: 4096.0K(269.0M)->0.0B(316.0M) Survivors: 37.0M->5120.0K Heap: 1193.3M(2048.0M)->1196.3M(2048.0M)]
 [Times: user=0.22 sys=0.03, real=0.04 secs] 
2020-09-29T12:30:07.590+0200: 4.848: [GC concurrent-root-region-scan-start]
2020-09-29T12:30:07.591+0200: 4.849: [GC concurrent-root-region-scan-end, 0.0010036 secs]
2020-09-29T12:30:07.591+0200: 4.849: [GC concurrent-mark-start]
2020-09-29T12:30:07.594+0200: 4.853: [GC concurrent-mark-end, 0.0033658 secs]
2020-09-29T12:30:07.594+0200: 4.853: [GC remark 2020-09-29T12:30:07.594+0200: 4.853: [Finalize Marking, 0.0002338 secs] 2020-09-29T12:30:07.595+0200: 4.853: [GC ref-proc, 0.0003045 secs] 2020-09-29T12:30:07.595+0200: 4.854: [Unloading, 0.0003988 secs], 0.0012786 secs]
 [Times: user=0.00 sys=0.00, real=0.00 secs] 
2020-09-29T12:30:07.596+0200: 4.855: [GC cleanup 1205M->23M(2048M), 0.0011601 secs]
 [Times: user=0.00 sys=0.00, real=0.00 secs] 
2020-09-29T12:30:07.597+0200: 4.856: [GC concurrent-cleanup-start]
2020-09-29T12:30:07.599+0200: 4.858: [GC concurrent-cleanup-end, 0.0017267 secs]
2020-09-29T12:30:07.775+0200: 5.034: [GC pause (G1 Evacuation Pause) (young), 0.1748019 secs]
   [Parallel Time: 173.7 ms, GC Workers: 8]
      [GC Worker Start (ms): Min: 5033.8, Avg: 5033.9, Max: 5034.0, Diff: 0.2]
      [Ext Root Scanning (ms): Min: 0.0, Avg: 0.1, Max: 0.1, Diff: 0.1, Sum: 0.5]
      [Update RS (ms): Min: 9.8, Avg: 10.1, Max: 10.4, Diff: 0.6, Sum: 81.1]
         [Processed Buffers: Min: 3, Avg: 9.8, Max: 12, Diff: 9, Sum: 78]
      [Scan RS (ms): Min: 28.1, Avg: 28.4, Max: 28.8, Diff: 0.6, Sum: 227.3]
      [Code Root Scanning (ms): Min: 0.0, Avg: 0.0, Max: 0.0, Diff: 0.0, Sum: 0.0]
      [Object Copy (ms): Min: 134.6, Avg: 134.8, Max: 134.8, Diff: 0.2, Sum: 1078.3]
      [Termination (ms): Min: 0.0, Avg: 0.0, Max: 0.0, Diff: 0.0, Sum: 0.2]
         [Termination Attempts: Min: 1, Avg: 134.0, Max: 173, Diff: 172, Sum: 1072]
      [GC Worker Other (ms): Min: 0.0, Avg: 0.0, Max: 0.1, Diff: 0.0, Sum: 0.3]
      [GC Worker Total (ms): Min: 173.4, Avg: 173.5, Max: 173.6, Diff: 0.2, Sum: 1387.7]
      [GC Worker End (ms): Min: 5207.4, Avg: 5207.4, Max: 5207.4, Diff: 0.0]
   [Code Root Fixup: 0.0 ms]
   [Code Root Purge: 0.0 ms]
   [Clear CT: 0.2 ms]
   [Other: 1.0 ms]
      [Choose CSet: 0.0 ms]
      [Ref Proc: 0.2 ms]
      [Ref Enq: 0.0 ms]
      [Redirty Cards: 0.2 ms]
      [Humongous Register: 0.0 ms]
      [Humongous Reclaim: 0.0 ms]
      [Free CSet: 0.3 ms]
   [Eden: 316.0M(316.0M)->0.0B(271.0M) Survivors: 5120.0K->41.0M Heap: 384.4M(2048.0M)->381.4M(2048.0M)]
 [Times: user=1.31 sys=0.05, real=0.17 secs] 
2020-09-29T12:30:08.114+0200: 5.373: [GC pause (G1 Evacuation Pause) (young), 0.1621109 secs]
   [Parallel Time: 161.1 ms, GC Workers: 8]
      [GC Worker Start (ms): Min: 5372.9, Avg: 5373.0, Max: 5373.1, Diff: 0.2]
      [Ext Root Scanning (ms): Min: 0.0, Avg: 0.1, Max: 0.2, Diff: 0.2, Sum: 0.4]
      [Update RS (ms): Min: 9.5, Avg: 9.9, Max: 10.5, Diff: 1.0, Sum: 78.8]
         [Processed Buffers: Min: 10, Avg: 12.1, Max: 13, Diff: 3, Sum: 97]
      [Scan RS (ms): Min: 22.3, Avg: 22.9, Max: 23.3, Diff: 1.0, Sum: 183.6]
      [Code Root Scanning (ms): Min: 0.0, Avg: 0.0, Max: 0.0, Diff: 0.0, Sum: 0.0]
      [Object Copy (ms): Min: 127.7, Avg: 127.7, Max: 128.0, Diff: 0.3, Sum: 1022.0]
      [Termination (ms): Min: 0.0, Avg: 0.3, Max: 0.4, Diff: 0.3, Sum: 2.3]
         [Termination Attempts: Min: 1, Avg: 1850.0, Max: 2237, Diff: 2236, Sum: 14800]
      [GC Worker Other (ms): Min: 0.0, Avg: 0.0, Max: 0.0, Diff: 0.0, Sum: 0.1]
      [GC Worker Total (ms): Min: 160.8, Avg: 160.9, Max: 161.0, Diff: 0.2, Sum: 1287.3]
      [GC Worker End (ms): Min: 5533.9, Avg: 5533.9, Max: 5533.9, Diff: 0.0]
   [Code Root Fixup: 0.0 ms]
   [Code Root Purge: 0.0 ms]
   [Clear CT: 0.2 ms]
   [Other: 0.8 ms]
      [Choose CSet: 0.0 ms]
      [Ref Proc: 0.2 ms]
      [Ref Enq: 0.0 ms]
      [Redirty Cards: 0.2 ms]
      [Humongous Register: 0.0 ms]
      [Humongous Reclaim: 0.0 ms]
      [Free CSet: 0.2 ms]
   [Eden: 271.0M(271.0M)->0.0B(272.0M) Survivors: 41.0M->39.0M Heap: 698.2M(2048.0M)->700.2M(2048.0M)]
 [Times: user=1.11 sys=0.11, real=0.16 secs] 
2020-09-29T12:30:08.426+0200: 5.684: [GC pause (G1 Evacuation Pause) (young), 0.1621596 secs]
   [Parallel Time: 161.1 ms, GC Workers: 8]
      [GC Worker Start (ms): Min: 5684.5, Avg: 5684.6, Max: 5684.6, Diff: 0.1]
      [Ext Root Scanning (ms): Min: 0.0, Avg: 0.1, Max: 0.2, Diff: 0.1, Sum: 0.6]
      [Update RS (ms): Min: 9.9, Avg: 10.0, Max: 10.2, Diff: 0.3, Sum: 80.0]
         [Processed Buffers: Min: 11, Avg: 12.6, Max: 17, Diff: 6, Sum: 101]
      [Scan RS (ms): Min: 23.1, Avg: 23.3, Max: 23.5, Diff: 0.3, Sum: 186.5]
      [Code Root Scanning (ms): Min: 0.0, Avg: 0.0, Max: 0.0, Diff: 0.0, Sum: 0.0]
      [Object Copy (ms): Min: 127.3, Avg: 127.3, Max: 127.4, Diff: 0.1, Sum: 1018.4]
      [Termination (ms): Min: 0.0, Avg: 0.1, Max: 0.1, Diff: 0.1, Sum: 0.9]
         [Termination Attempts: Min: 1, Avg: 612.0, Max: 756, Diff: 755, Sum: 4896]
      [GC Worker Other (ms): Min: 0.0, Avg: 0.0, Max: 0.0, Diff: 0.0, Sum: 0.2]
      [GC Worker Total (ms): Min: 160.8, Avg: 160.8, Max: 160.9, Diff: 0.1, Sum: 1286.6]
      [GC Worker End (ms): Min: 5845.4, Avg: 5845.4, Max: 5845.4, Diff: 0.0]
   [Code Root Fixup: 0.0 ms]
   [Code Root Purge: 0.0 ms]
   [Clear CT: 0.2 ms]
   [Other: 0.9 ms]
      [Choose CSet: 0.0 ms]
      [Ref Proc: 0.2 ms]
      [Ref Enq: 0.0 ms]
      [Redirty Cards: 0.3 ms]
      [Humongous Register: 0.0 ms]
      [Humongous Reclaim: 0.0 ms]
      [Free CSet: 0.2 ms]
   [Eden: 272.0M(272.0M)->0.0B(274.0M) Survivors: 39.0M->39.0M Heap: 1018.0M(2048.0M)->1020.0M(2048.0M)]
 [Times: user=1.27 sys=0.09, real=0.16 secs] 
2020-09-29T12:30:08.609+0200: 5.868: [GC pause (G1 Humongous Allocation) (young) (initial-mark), 0.0402608 secs]
   [Parallel Time: 39.3 ms, GC Workers: 8]
      [GC Worker Start (ms): Min: 5867.8, Avg: 5867.8, Max: 5867.9, Diff: 0.1]
      [Ext Root Scanning (ms): Min: 0.0, Avg: 0.1, Max: 0.1, Diff: 0.1, Sum: 0.7]
      [Update RS (ms): Min: 14.4, Avg: 14.7, Max: 15.0, Diff: 0.6, Sum: 117.5]
         [Processed Buffers: Min: 17, Avg: 17.9, Max: 20, Diff: 3, Sum: 143]
      [Scan RS (ms): Min: 2.6, Avg: 2.9, Max: 3.1, Diff: 0.5, Sum: 23.0]
      [Code Root Scanning (ms): Min: 0.0, Avg: 0.0, Max: 0.0, Diff: 0.0, Sum: 0.0]
      [Object Copy (ms): Min: 21.3, Avg: 21.4, Max: 21.4, Diff: 0.1, Sum: 170.9]
      [Termination (ms): Min: 0.0, Avg: 0.1, Max: 0.1, Diff: 0.1, Sum: 0.4]
         [Termination Attempts: Min: 1, Avg: 355.0, Max: 503, Diff: 502, Sum: 2840]
      [GC Worker Other (ms): Min: 0.0, Avg: 0.0, Max: 0.0, Diff: 0.0, Sum: 0.1]
      [GC Worker Total (ms): Min: 39.0, Avg: 39.1, Max: 39.1, Diff: 0.1, Sum: 312.6]
      [GC Worker End (ms): Min: 5906.9, Avg: 5906.9, Max: 5906.9, Diff: 0.0]
   [Code Root Fixup: 0.0 ms]
   [Code Root Purge: 0.0 ms]
   [Clear CT: 0.1 ms]
   [Other: 0.9 ms]
      [Choose CSet: 0.0 ms]
      [Ref Proc: 0.2 ms]
      [Ref Enq: 0.0 ms]
      [Redirty Cards: 0.3 ms]
      [Humongous Register: 0.1 ms]
      [Humongous Reclaim: 0.0 ms]
      [Free CSet: 0.1 ms]
   [Eden: 11.0M(274.0M)->0.0B(326.0M) Survivors: 39.0M->13.0M Heap: 1031.0M(2048.0M)->1034.0M(2048.0M)]
 [Times: user=0.38 sys=0.00, real=0.04 secs] 
2020-09-29T12:30:08.649+0200: 5.908: [GC concurrent-root-region-scan-start]
2020-09-29T12:30:08.651+0200: 5.910: [GC concurrent-root-region-scan-end, 0.0022462 secs]
2020-09-29T12:30:08.651+0200: 5.910: [GC concurrent-mark-start]
2020-09-29T12:30:08.655+0200: 5.914: [GC concurrent-mark-end, 0.0037351 secs]
2020-09-29T12:30:08.656+0200: 5.914: [GC remark 2020-09-29T12:30:08.656+0200: 5.914: [Finalize Marking, 0.0002167 secs] 2020-09-29T12:30:08.656+0200: 5.915: [GC ref-proc, 0.0004646 secs] 2020-09-29T12:30:08.656+0200: 5.915: [Unloading, 0.0005031 secs], 0.0015538 secs]
 [Times: user=0.00 sys=0.00, real=0.00 secs] 
2020-09-29T12:30:08.657+0200: 5.916: [GC cleanup 1046M->35M(2048M), 0.0014562 secs]
 [Times: user=0.00 sys=0.00, real=0.00 secs] 
2020-09-29T12:30:08.659+0200: 5.918: [GC concurrent-cleanup-start]
2020-09-29T12:30:08.661+0200: 5.920: [GC concurrent-cleanup-end, 0.0018163 secs]
2020-09-29T12:30:08.840+0200: 6.099: [GC pause (G1 Evacuation Pause) (young), 0.1743693 secs]
   [Parallel Time: 173.4 ms, GC Workers: 8]
      [GC Worker Start (ms): Min: 6099.6, Avg: 6099.7, Max: 6099.8, Diff: 0.2]
      [Ext Root Scanning (ms): Min: 0.0, Avg: 0.1, Max: 0.2, Diff: 0.2, Sum: 0.5]
      [Update RS (ms): Min: 11.9, Avg: 12.1, Max: 12.8, Diff: 0.9, Sum: 96.9]
         [Processed Buffers: Min: 11, Avg: 12.4, Max: 14, Diff: 3, Sum: 99]
      [Scan RS (ms): Min: 27.1, Avg: 27.8, Max: 28.1, Diff: 0.9, Sum: 222.4]
      [Code Root Scanning (ms): Min: 0.0, Avg: 0.0, Max: 0.0, Diff: 0.0, Sum: 0.0]
      [Object Copy (ms): Min: 132.8, Avg: 132.9, Max: 133.1, Diff: 0.3, Sum: 1063.5]
      [Termination (ms): Min: 0.0, Avg: 0.1, Max: 0.2, Diff: 0.2, Sum: 1.2]
         [Termination Attempts: Min: 1, Avg: 984.1, Max: 1193, Diff: 1192, Sum: 7873]
      [GC Worker Other (ms): Min: 0.0, Avg: 0.0, Max: 0.1, Diff: 0.0, Sum: 0.3]
      [GC Worker Total (ms): Min: 173.0, Avg: 173.1, Max: 173.2, Diff: 0.2, Sum: 1384.8]
      [GC Worker End (ms): Min: 6272.8, Avg: 6272.8, Max: 6272.8, Diff: 0.0]
   [Code Root Fixup: 0.0 ms]
   [Code Root Purge: 0.0 ms]
   [Clear CT: 0.2 ms]
   [Other: 0.8 ms]
      [Choose CSet: 0.0 ms]
      [Ref Proc: 0.2 ms]
      [Ref Enq: 0.0 ms]
      [Redirty Cards: 0.2 ms]
      [Humongous Register: 0.0 ms]
      [Humongous Reclaim: 0.0 ms]
      [Free CSet: 0.2 ms]
   [Eden: 326.0M(326.0M)->0.0B(289.0M) Survivors: 13.0M->43.0M Heap: 403.8M(2048.0M)->393.3M(2048.0M)]
 [Times: user=1.25 sys=0.09, real=0.18 secs] 
2020-09-29T12:30:09.183+0200: 6.442: [GC pause (G1 Evacuation Pause) (young), 0.1685754 secs]
   [Parallel Time: 167.7 ms, GC Workers: 8]
      [GC Worker Start (ms): Min: 6442.2, Avg: 6442.3, Max: 6442.4, Diff: 0.2]
      [Ext Root Scanning (ms): Min: 0.0, Avg: 0.1, Max: 0.2, Diff: 0.2, Sum: 0.5]
      [Update RS (ms): Min: 12.7, Avg: 13.0, Max: 13.3, Diff: 0.6, Sum: 103.7]
         [Processed Buffers: Min: 12, Avg: 12.9, Max: 14, Diff: 2, Sum: 103]
      [Scan RS (ms): Min: 25.8, Avg: 26.2, Max: 26.6, Diff: 0.8, Sum: 209.6]
      [Code Root Scanning (ms): Min: 0.0, Avg: 0.0, Max: 0.0, Diff: 0.0, Sum: 0.0]
      [Object Copy (ms): Min: 128.0, Avg: 128.2, Max: 128.3, Diff: 0.2, Sum: 1025.5]
      [Termination (ms): Min: 0.0, Avg: 0.0, Max: 0.0, Diff: 0.0, Sum: 0.3]
         [Termination Attempts: Min: 1, Avg: 255.9, Max: 335, Diff: 334, Sum: 2047]
      [GC Worker Other (ms): Min: 0.0, Avg: 0.0, Max: 0.0, Diff: 0.0, Sum: 0.2]
      [GC Worker Total (ms): Min: 167.4, Avg: 167.5, Max: 167.6, Diff: 0.2, Sum: 1339.9]
      [GC Worker End (ms): Min: 6609.8, Avg: 6609.8, Max: 6609.8, Diff: 0.0]
   [Code Root Fixup: 0.0 ms]
   [Code Root Purge: 0.0 ms]
   [Clear CT: 0.2 ms]
   [Other: 0.7 ms]
      [Choose CSet: 0.0 ms]
      [Ref Proc: 0.1 ms]
      [Ref Enq: 0.0 ms]
      [Redirty Cards: 0.2 ms]
      [Humongous Register: 0.0 ms]
      [Humongous Reclaim: 0.0 ms]
      [Free CSet: 0.2 ms]
   [Eden: 289.0M(289.0M)->0.0B(284.0M) Survivors: 43.0M->42.0M Heap: 730.0M(2048.0M)->733.0M(2048.0M)]
 [Times: user=1.31 sys=0.03, real=0.17 secs] 
2020-09-29T12:30:09.506+0200: 6.765: [GC pause (G1 Evacuation Pause) (young), 0.1718054 secs]
   [Parallel Time: 168.9 ms, GC Workers: 8]
      [GC Worker Start (ms): Min: 6765.1, Avg: 6765.2, Max: 6765.3, Diff: 0.1]
      [Ext Root Scanning (ms): Min: 0.0, Avg: 0.1, Max: 0.1, Diff: 0.1, Sum: 0.6]
      [Update RS (ms): Min: 14.4, Avg: 14.6, Max: 15.1, Diff: 0.6, Sum: 117.2]
         [Processed Buffers: Min: 14, Avg: 16.1, Max: 18, Diff: 4, Sum: 129]
      [Scan RS (ms): Min: 21.8, Avg: 22.2, Max: 22.4, Diff: 0.6, Sum: 177.8]
      [Code Root Scanning (ms): Min: 0.0, Avg: 0.0, Max: 0.0, Diff: 0.0, Sum: 0.0]
      [Object Copy (ms): Min: 131.6, Avg: 131.6, Max: 131.7, Diff: 0.1, Sum: 1053.2]
      [Termination (ms): Min: 0.0, Avg: 0.0, Max: 0.0, Diff: 0.0, Sum: 0.1]
         [Termination Attempts: Min: 1, Avg: 64.8, Max: 78, Diff: 77, Sum: 518]
      [GC Worker Other (ms): Min: 0.0, Avg: 0.1, Max: 0.1, Diff: 0.1, Sum: 0.4]
      [GC Worker Total (ms): Min: 168.6, Avg: 168.7, Max: 168.7, Diff: 0.1, Sum: 1349.3]
      [GC Worker End (ms): Min: 6933.8, Avg: 6933.9, Max: 6933.9, Diff: 0.1]
   [Code Root Fixup: 0.0 ms]
   [Code Root Purge: 0.0 ms]
   [Clear CT: 0.7 ms]
   [Other: 2.2 ms]
      [Choose CSet: 0.0 ms]
      [Ref Proc: 0.7 ms]
      [Ref Enq: 0.0 ms]
      [Redirty Cards: 1.1 ms]
      [Humongous Register: 0.1 ms]
      [Humongous Reclaim: 0.0 ms]
      [Free CSet: 0.2 ms]
   [Eden: 284.0M(284.0M)->0.0B(281.0M) Survivors: 42.0M->41.0M Heap: 1064.7M(2048.0M)->1065.7M(2048.0M)]
 [Times: user=1.19 sys=0.01, real=0.17 secs] 
2020-09-29T12:30:09.692+0200: 6.951: [GC pause (G1 Humongous Allocation) (young) (initial-mark), 0.0549922 secs]
   [Parallel Time: 54.0 ms, GC Workers: 8]
      [GC Worker Start (ms): Min: 6951.7, Avg: 6951.8, Max: 6951.9, Diff: 0.1]
      [Ext Root Scanning (ms): Min: 0.0, Avg: 3.3, Max: 25.2, Diff: 25.2, Sum: 26.0]
      [Update RS (ms): Min: 4.9, Avg: 26.9, Max: 31.5, Diff: 26.6, Sum: 215.0]
         [Processed Buffers: Min: 7, Avg: 30.4, Max: 37, Diff: 30, Sum: 243]
      [Scan RS (ms): Min: 1.6, Avg: 3.2, Max: 3.7, Diff: 2.0, Sum: 25.6]
      [Code Root Scanning (ms): Min: 0.0, Avg: 0.0, Max: 0.0, Diff: 0.0, Sum: 0.0]
      [Object Copy (ms): Min: 20.4, Avg: 20.4, Max: 20.5, Diff: 0.1, Sum: 163.5]
      [Termination (ms): Min: 0.0, Avg: 0.0, Max: 0.0, Diff: 0.0, Sum: 0.3]
         [Termination Attempts: Min: 1, Avg: 211.5, Max: 283, Diff: 282, Sum: 1692]
      [GC Worker Other (ms): Min: 0.0, Avg: 0.0, Max: 0.0, Diff: 0.0, Sum: 0.1]
      [GC Worker Total (ms): Min: 53.7, Avg: 53.8, Max: 53.9, Diff: 0.2, Sum: 430.5]
      [GC Worker End (ms): Min: 7005.6, Avg: 7005.6, Max: 7005.6, Diff: 0.0]
   [Code Root Fixup: 0.0 ms]
   [Code Root Purge: 0.0 ms]
   [Clear CT: 0.2 ms]
   [Other: 0.8 ms]
      [Choose CSet: 0.0 ms]
      [Ref Proc: 0.2 ms]
      [Ref Enq: 0.0 ms]
      [Redirty Cards: 0.2 ms]
      [Humongous Register: 0.1 ms]
      [Humongous Reclaim: 0.0 ms]
      [Free CSet: 0.1 ms]
   [Eden: 6144.0K(281.0M)->0.0B(322.0M) Survivors: 41.0M->8192.0K Heap: 1071.2M(2048.0M)->1075.2M(2048.0M)]
 [Times: user=0.33 sys=0.00, real=0.06 secs] 
2020-09-29T12:30:09.747+0200: 7.007: [GC concurrent-root-region-scan-start]
2020-09-29T12:30:09.749+0200: 7.008: [GC concurrent-root-region-scan-end, 0.0014967 secs]
2020-09-29T12:30:09.749+0200: 7.008: [GC concurrent-mark-start]
2020-09-29T12:30:09.753+0200: 7.012: [GC concurrent-mark-end, 0.0040970 secs]
2020-09-29T12:30:09.753+0200: 7.013: [GC remark 2020-09-29T12:30:09.753+0200: 7.013: [Finalize Marking, 0.0005733 secs] 2020-09-29T12:30:09.754+0200: 7.013: [GC ref-proc, 0.0003387 secs] 2020-09-29T12:30:09.754+0200: 7.014: [Unloading, 0.0012779 secs], 0.0032416 secs]
 [Times: user=0.06 sys=0.00, real=0.00 secs] 
2020-09-29T12:30:09.757+0200: 7.016: [GC cleanup 1088M->30M(2048M), 0.0030840 secs]
 [Times: user=0.00 sys=0.00, real=0.00 secs] 
2020-09-29T12:30:09.760+0200: 7.019: [GC concurrent-cleanup-start]
2020-09-29T12:30:09.762+0200: 7.022: [GC concurrent-cleanup-end, 0.0022370 secs]
2020-09-29T12:30:09.926+0200: 7.185: [GC pause (G1 Evacuation Pause) (young), 0.1668533 secs]
   [Parallel Time: 165.7 ms, GC Workers: 8]
      [GC Worker Start (ms): Min: 7185.5, Avg: 7185.5, Max: 7185.6, Diff: 0.1]
      [Ext Root Scanning (ms): Min: 0.0, Avg: 0.1, Max: 0.1, Diff: 0.1, Sum: 0.6]
      [Update RS (ms): Min: 12.1, Avg: 12.2, Max: 12.7, Diff: 0.7, Sum: 97.4]
         [Processed Buffers: Min: 13, Avg: 14.8, Max: 19, Diff: 6, Sum: 118]
      [Scan RS (ms): Min: 22.2, Avg: 22.8, Max: 22.9, Diff: 0.7, Sum: 182.2]
      [Code Root Scanning (ms): Min: 0.0, Avg: 0.0, Max: 0.0, Diff: 0.0, Sum: 0.0]
      [Object Copy (ms): Min: 129.9, Avg: 130.0, Max: 130.0, Diff: 0.1, Sum: 1039.8]
      [Termination (ms): Min: 0.0, Avg: 0.0, Max: 0.0, Diff: 0.0, Sum: 0.2]
         [Termination Attempts: Min: 1, Avg: 196.6, Max: 241, Diff: 240, Sum: 1573]
      [GC Worker Other (ms): Min: 0.0, Avg: 0.3, Max: 0.4, Diff: 0.4, Sum: 2.2]
      [GC Worker Total (ms): Min: 165.0, Avg: 165.3, Max: 165.5, Diff: 0.5, Sum: 1322.4]
      [GC Worker End (ms): Min: 7350.6, Avg: 7350.8, Max: 7351.0, Diff: 0.4]
   [Code Root Fixup: 0.0 ms]
   [Code Root Purge: 0.0 ms]
   [Clear CT: 0.2 ms]
   [Other: 0.9 ms]
      [Choose CSet: 0.0 ms]
      [Ref Proc: 0.2 ms]
      [Ref Enq: 0.0 ms]
      [Redirty Cards: 0.2 ms]
      [Humongous Register: 0.0 ms]
      [Humongous Reclaim: 0.0 ms]
      [Free CSet: 0.2 ms]
   [Eden: 322.0M(322.0M)->0.0B(293.0M) Survivors: 8192.0K->42.0M Heap: 394.8M(2048.0M)->388.3M(2048.0M)]
 [Times: user=1.20 sys=0.02, real=0.17 secs] 
2020-09-29T12:30:10.259+0200: 7.518: [GC pause (G1 Evacuation Pause) (young), 0.1855595 secs]
   [Parallel Time: 184.3 ms, GC Workers: 8]
      [GC Worker Start (ms): Min: 7518.3, Avg: 7518.4, Max: 7518.5, Diff: 0.2]
      [Ext Root Scanning (ms): Min: 0.0, Avg: 0.1, Max: 0.2, Diff: 0.2, Sum: 0.5]
      [Update RS (ms): Min: 13.6, Avg: 13.9, Max: 14.4, Diff: 0.8, Sum: 111.2]
         [Processed Buffers: Min: 14, Avg: 15.1, Max: 16, Diff: 2, Sum: 121]
      [Scan RS (ms): Min: 22.5, Avg: 23.0, Max: 23.4, Diff: 0.8, Sum: 183.8]
      [Code Root Scanning (ms): Min: 0.0, Avg: 0.0, Max: 0.0, Diff: 0.0, Sum: 0.0]
      [Object Copy (ms): Min: 146.6, Avg: 146.8, Max: 146.9, Diff: 0.3, Sum: 1174.5]
      [Termination (ms): Min: 0.0, Avg: 0.3, Max: 0.4, Diff: 0.4, Sum: 2.6]
         [Termination Attempts: Min: 1, Avg: 2085.5, Max: 2509, Diff: 2508, Sum: 16684]
      [GC Worker Other (ms): Min: 0.0, Avg: 0.0, Max: 0.1, Diff: 0.1, Sum: 0.3]
      [GC Worker Total (ms): Min: 184.1, Avg: 184.1, Max: 184.3, Diff: 0.2, Sum: 1472.9]
      [GC Worker End (ms): Min: 7702.5, Avg: 7702.5, Max: 7702.6, Diff: 0.1]
   [Code Root Fixup: 0.0 ms]
   [Code Root Purge: 0.0 ms]
   [Clear CT: 0.2 ms]
   [Other: 1.1 ms]
      [Choose CSet: 0.0 ms]
      [Ref Proc: 0.5 ms]
      [Ref Enq: 0.0 ms]
      [Redirty Cards: 0.2 ms]
      [Humongous Register: 0.0 ms]
      [Humongous Reclaim: 0.0 ms]
      [Free CSet: 0.2 ms]
   [Eden: 293.0M(293.0M)->0.0B(277.0M) Survivors: 42.0M->42.0M Heap: 729.0M(2048.0M)->730.5M(2048.0M)]
 [Times: user=1.42 sys=0.03, real=0.19 secs] 
2020-09-29T12:30:10.611+0200: 7.870: [GC pause (G1 Evacuation Pause) (young), 0.1648379 secs]
   [Parallel Time: 163.7 ms, GC Workers: 8]
      [GC Worker Start (ms): Min: 7870.6, Avg: 7870.7, Max: 7870.8, Diff: 0.2]
      [Ext Root Scanning (ms): Min: 0.0, Avg: 0.1, Max: 0.2, Diff: 0.2, Sum: 0.6]
      [Update RS (ms): Min: 15.5, Avg: 15.8, Max: 16.2, Diff: 0.7, Sum: 126.4]
         [Processed Buffers: Min: 16, Avg: 16.3, Max: 17, Diff: 1, Sum: 130]
      [Scan RS (ms): Min: 20.5, Avg: 20.9, Max: 21.2, Diff: 0.7, Sum: 167.4]
      [Code Root Scanning (ms): Min: 0.0, Avg: 0.0, Max: 0.0, Diff: 0.0, Sum: 0.0]
      [Object Copy (ms): Min: 126.5, Avg: 126.7, Max: 126.8, Diff: 0.2, Sum: 1013.5]
      [Termination (ms): Min: 0.0, Avg: 0.0, Max: 0.0, Diff: 0.0, Sum: 0.1]
         [Termination Attempts: Min: 1, Avg: 49.5, Max: 65, Diff: 64, Sum: 396]
      [GC Worker Other (ms): Min: 0.0, Avg: 0.1, Max: 0.1, Diff: 0.0, Sum: 0.5]
      [GC Worker Total (ms): Min: 163.5, Avg: 163.5, Max: 163.6, Diff: 0.2, Sum: 1308.4]
      [GC Worker End (ms): Min: 8034.2, Avg: 8034.2, Max: 8034.3, Diff: 0.0]
   [Code Root Fixup: 0.0 ms]
   [Code Root Purge: 0.0 ms]
   [Clear CT: 0.2 ms]
   [Other: 0.9 ms]
      [Choose CSet: 0.0 ms]
      [Ref Proc: 0.2 ms]
      [Ref Enq: 0.0 ms]
      [Redirty Cards: 0.2 ms]
      [Humongous Register: 0.0 ms]
      [Humongous Reclaim: 0.0 ms]
      [Free CSet: 0.3 ms]
   [Eden: 277.0M(277.0M)->0.0B(283.0M) Survivors: 42.0M->40.0M Heap: 1053.3M(2048.0M)->1055.8M(2048.0M)]
 [Times: user=1.27 sys=0.05, real=0.16 secs] 
2020-09-29T12:30:10.785+0200: 8.044: [GC pause (G1 Humongous Allocation) (young) (initial-mark), 0.0533435 secs]
   [Parallel Time: 52.3 ms, GC Workers: 8]
      [GC Worker Start (ms): Min: 8044.7, Avg: 8044.7, Max: 8044.8, Diff: 0.1]
      [Ext Root Scanning (ms): Min: 0.0, Avg: 0.1, Max: 0.1, Diff: 0.1, Sum: 0.7]
      [Update RS (ms): Min: 32.5, Avg: 32.8, Max: 33.3, Diff: 0.8, Sum: 262.5]
         [Processed Buffers: Min: 36, Avg: 39.3, Max: 42, Diff: 6, Sum: 314]
      [Scan RS (ms): Min: 2.0, Avg: 2.5, Max: 2.8, Diff: 0.8, Sum: 20.3]
      [Code Root Scanning (ms): Min: 0.0, Avg: 0.0, Max: 0.0, Diff: 0.0, Sum: 0.0]
      [Object Copy (ms): Min: 16.6, Avg: 16.7, Max: 16.7, Diff: 0.1, Sum: 133.4]
      [Termination (ms): Min: 0.0, Avg: 0.0, Max: 0.0, Diff: 0.0, Sum: 0.1]
         [Termination Attempts: Min: 1, Avg: 41.0, Max: 56, Diff: 55, Sum: 328]
      [GC Worker Other (ms): Min: 0.0, Avg: 0.0, Max: 0.0, Diff: 0.0, Sum: 0.1]
      [GC Worker Total (ms): Min: 52.1, Avg: 52.1, Max: 52.2, Diff: 0.1, Sum: 417.0]
      [GC Worker End (ms): Min: 8096.8, Avg: 8096.8, Max: 8096.9, Diff: 0.0]
   [Code Root Fixup: 0.0 ms]
   [Code Root Purge: 0.0 ms]
   [Clear CT: 0.3 ms]
   [Other: 0.8 ms]
      [Choose CSet: 0.0 ms]
      [Ref Proc: 0.1 ms]
      [Ref Enq: 0.0 ms]
      [Redirty Cards: 0.2 ms]
      [Humongous Register: 0.1 ms]
      [Humongous Reclaim: 0.0 ms]
      [Free CSet: 0.1 ms]
   [Eden: 1024.0K(283.0M)->0.0B(340.0M) Survivors: 40.0M->2048.0K Heap: 1056.8M(2048.0M)->1059.8M(2048.0M)]
 [Times: user=0.39 sys=0.00, real=0.05 secs] 
2020-09-29T12:30:10.839+0200: 8.098: [GC concurrent-root-region-scan-start]
2020-09-29T12:30:10.839+0200: 8.098: [GC concurrent-root-region-scan-end, 0.0003367 secs]
2020-09-29T12:30:10.839+0200: 8.098: [GC concurrent-mark-start]
2020-09-29T12:30:10.843+0200: 8.102: [GC concurrent-mark-end, 0.0038469 secs]
2020-09-29T12:30:10.843+0200: 8.102: [GC remark 2020-09-29T12:30:10.844+0200: 8.103: [Finalize Marking, 0.0003472 secs] 2020-09-29T12:30:10.844+0200: 8.103: [GC ref-proc, 0.0003582 secs] 2020-09-29T12:30:10.844+0200: 8.103: [Unloading, 0.0009418 secs], 0.0021956 secs]
 [Times: user=0.00 sys=0.00, real=0.00 secs] 
2020-09-29T12:30:10.846+0200: 8.105: [GC cleanup 1069M->21M(2048M), 0.0017927 secs]
 [Times: user=0.00 sys=0.00, real=0.00 secs] 
2020-09-29T12:30:10.848+0200: 8.107: [GC concurrent-cleanup-start]
2020-09-29T12:30:10.850+0200: 8.109: [GC concurrent-cleanup-end, 0.0020964 secs]
2020-09-29T12:30:11.023+0200: 8.282: [GC pause (G1 Evacuation Pause) (young), 0.1842846 secs]
   [Parallel Time: 183.1 ms, GC Workers: 8]
      [GC Worker Start (ms): Min: 8282.1, Avg: 8282.2, Max: 8282.3, Diff: 0.2]
      [Ext Root Scanning (ms): Min: 0.0, Avg: 0.1, Max: 0.2, Diff: 0.2, Sum: 0.5]
      [Update RS (ms): Min: 20.5, Avg: 20.8, Max: 21.2, Diff: 0.7, Sum: 166.1]
         [Processed Buffers: Min: 18, Avg: 19.9, Max: 22, Diff: 4, Sum: 159]
      [Scan RS (ms): Min: 23.4, Avg: 24.0, Max: 26.4, Diff: 3.0, Sum: 191.8]
      [Code Root Scanning (ms): Min: 0.0, Avg: 0.0, Max: 0.0, Diff: 0.0, Sum: 0.0]
      [Object Copy (ms): Min: 135.1, Avg: 138.0, Max: 138.5, Diff: 3.4, Sum: 1104.3]
      [Termination (ms): Min: 0.0, Avg: 0.0, Max: 0.1, Diff: 0.1, Sum: 0.4]
         [Termination Attempts: Min: 1, Avg: 296.4, Max: 371, Diff: 370, Sum: 2371]
      [GC Worker Other (ms): Min: 0.0, Avg: 0.0, Max: 0.1, Diff: 0.1, Sum: 0.4]
      [GC Worker Total (ms): Min: 182.8, Avg: 182.9, Max: 183.0, Diff: 0.2, Sum: 1463.4]
      [GC Worker End (ms): Min: 8465.1, Avg: 8465.1, Max: 8465.2, Diff: 0.1]
   [Code Root Fixup: 0.0 ms]
   [Code Root Purge: 0.0 ms]
   [Clear CT: 0.1 ms]
   [Other: 1.0 ms]
      [Choose CSet: 0.0 ms]
      [Ref Proc: 0.2 ms]
      [Ref Enq: 0.0 ms]
      [Redirty Cards: 0.4 ms]
      [Humongous Register: 0.0 ms]
      [Humongous Reclaim: 0.0 ms]
      [Free CSet: 0.2 ms]
   [Eden: 340.0M(340.0M)->0.0B(287.0M) Survivors: 2048.0K->43.0M Heap: 409.2M(2048.0M)->409.7M(2048.0M)]
 [Times: user=1.28 sys=0.08, real=0.18 secs] 
2020-09-29T12:30:11.350+0200: 8.609: [GC pause (G1 Evacuation Pause) (young), 0.1932248 secs]
   [Parallel Time: 192.3 ms, GC Workers: 8]
      [GC Worker Start (ms): Min: 8609.6, Avg: 8609.6, Max: 8609.7, Diff: 0.1]
      [Ext Root Scanning (ms): Min: 0.0, Avg: 0.1, Max: 0.1, Diff: 0.1, Sum: 0.6]
      [Update RS (ms): Min: 11.8, Avg: 12.1, Max: 12.4, Diff: 0.6, Sum: 96.9]
         [Processed Buffers: Min: 13, Avg: 13.6, Max: 16, Diff: 3, Sum: 109]
      [Scan RS (ms): Min: 23.0, Avg: 23.3, Max: 23.6, Diff: 0.6, Sum: 186.7]
      [Code Root Scanning (ms): Min: 0.0, Avg: 0.0, Max: 0.0, Diff: 0.0, Sum: 0.0]
      [Object Copy (ms): Min: 155.7, Avg: 156.0, Max: 156.6, Diff: 0.9, Sum: 1248.0]
      [Termination (ms): Min: 0.0, Avg: 0.5, Max: 0.8, Diff: 0.8, Sum: 4.4]
         [Termination Attempts: Min: 1, Avg: 3976.9, Max: 5870, Diff: 5869, Sum: 31815]
      [GC Worker Other (ms): Min: 0.0, Avg: 0.0, Max: 0.1, Diff: 0.1, Sum: 0.3]
      [GC Worker Total (ms): Min: 192.1, Avg: 192.1, Max: 192.2, Diff: 0.1, Sum: 1537.0]
      [GC Worker End (ms): Min: 8801.7, Avg: 8801.7, Max: 8801.8, Diff: 0.1]
   [Code Root Fixup: 0.0 ms]
   [Code Root Purge: 0.0 ms]
   [Clear CT: 0.1 ms]
   [Other: 0.8 ms]
      [Choose CSet: 0.0 ms]
      [Ref Proc: 0.2 ms]
      [Ref Enq: 0.0 ms]
      [Redirty Cards: 0.2 ms]
      [Humongous Register: 0.0 ms]
      [Humongous Reclaim: 0.0 ms]
      [Free CSet: 0.2 ms]
   [Eden: 287.0M(287.0M)->0.0B(260.0M) Survivors: 43.0M->42.0M Heap: 744.4M(2048.0M)->746.4M(2048.0M)]
 [Times: user=1.34 sys=0.06, real=0.19 secs] 
2020-09-29T12:30:11.676+0200: 8.935: [GC pause (G1 Evacuation Pause) (young), 0.1755163 secs]
   [Parallel Time: 173.6 ms, GC Workers: 8]
      [GC Worker Start (ms): Min: 8934.9, Avg: 8934.9, Max: 8935.0, Diff: 0.1]
      [Ext Root Scanning (ms): Min: 0.0, Avg: 0.1, Max: 0.1, Diff: 0.1, Sum: 0.6]
      [Update RS (ms): Min: 17.8, Avg: 18.1, Max: 18.3, Diff: 0.5, Sum: 144.5]
         [Processed Buffers: Min: 18, Avg: 19.8, Max: 22, Diff: 4, Sum: 158]
      [Scan RS (ms): Min: 18.1, Avg: 18.4, Max: 18.7, Diff: 0.5, Sum: 147.3]
      [Code Root Scanning (ms): Min: 0.0, Avg: 0.0, Max: 0.0, Diff: 0.0, Sum: 0.0]
      [Object Copy (ms): Min: 136.2, Avg: 136.4, Max: 136.8, Diff: 0.6, Sum: 1091.6]
      [Termination (ms): Min: 0.0, Avg: 0.4, Max: 0.5, Diff: 0.5, Sum: 2.9]
         [Termination Attempts: Min: 1, Avg: 2503.6, Max: 3350, Diff: 3349, Sum: 20029]
      [GC Worker Other (ms): Min: 0.1, Avg: 0.1, Max: 0.1, Diff: 0.1, Sum: 0.7]
      [GC Worker Total (ms): Min: 173.4, Avg: 173.4, Max: 173.5, Diff: 0.1, Sum: 1387.6]
      [GC Worker End (ms): Min: 9108.4, Avg: 9108.4, Max: 9108.4, Diff: 0.1]
   [Code Root Fixup: 0.0 ms]
   [Code Root Purge: 0.0 ms]
   [Clear CT: 0.8 ms]
   [Other: 1.1 ms]
      [Choose CSet: 0.0 ms]
      [Ref Proc: 0.5 ms]
      [Ref Enq: 0.0 ms]
      [Redirty Cards: 0.2 ms]
      [Humongous Register: 0.0 ms]
      [Humongous Reclaim: 0.0 ms]
      [Free CSet: 0.2 ms]
   [Eden: 260.0M(260.0M)->0.0B(261.0M) Survivors: 42.0M->38.0M Heap: 1050.3M(2048.0M)->1052.3M(2048.0M)]
 [Times: user=1.38 sys=0.05, real=0.18 secs] 
2020-09-29T12:30:11.867+0200: 9.126: [GC pause (G1 Humongous Allocation) (young) (initial-mark), 0.0511656 secs]
   [Parallel Time: 50.5 ms, GC Workers: 8]
      [GC Worker Start (ms): Min: 9126.0, Avg: 9126.0, Max: 9126.0, Diff: 0.1]
      [Ext Root Scanning (ms): Min: 0.0, Avg: 0.1, Max: 0.1, Diff: 0.1, Sum: 0.7]
      [Update RS (ms): Min: 30.2, Avg: 30.6, Max: 30.9, Diff: 0.7, Sum: 244.9]
         [Processed Buffers: Min: 33, Avg: 35.8, Max: 37, Diff: 4, Sum: 286]
      [Scan RS (ms): Min: 2.3, Avg: 2.6, Max: 3.0, Diff: 0.7, Sum: 20.9]
      [Code Root Scanning (ms): Min: 0.0, Avg: 0.0, Max: 0.0, Diff: 0.0, Sum: 0.0]
      [Object Copy (ms): Min: 17.0, Avg: 17.0, Max: 17.1, Diff: 0.1, Sum: 136.4]
      [Termination (ms): Min: 0.0, Avg: 0.0, Max: 0.0, Diff: 0.0, Sum: 0.1]
         [Termination Attempts: Min: 1, Avg: 52.3, Max: 76, Diff: 75, Sum: 418]
      [GC Worker Other (ms): Min: 0.0, Avg: 0.0, Max: 0.0, Diff: 0.0, Sum: 0.1]
      [GC Worker Total (ms): Min: 50.3, Avg: 50.4, Max: 50.4, Diff: 0.1, Sum: 403.0]
      [GC Worker End (ms): Min: 9176.4, Avg: 9176.4, Max: 9176.4, Diff: 0.0]
   [Code Root Fixup: 0.0 ms]
   [Code Root Purge: 0.0 ms]
   [Clear CT: 0.2 ms]
   [Other: 0.5 ms]
      [Choose CSet: 0.0 ms]
      [Ref Proc: 0.1 ms]
      [Ref Enq: 0.0 ms]
      [Redirty Cards: 0.1 ms]
      [Humongous Register: 0.0 ms]
      [Humongous Reclaim: 0.0 ms]
      [Free CSet: 0.0 ms]
   [Eden: 6144.0K(261.0M)->0.0B(313.0M) Survivors: 38.0M->8192.0K Heap: 1058.3M(2048.0M)->1061.3M(2048.0M)]
 [Times: user=0.38 sys=0.00, real=0.05 secs] 
2020-09-29T12:30:11.918+0200: 9.177: [GC concurrent-root-region-scan-start]
2020-09-29T12:30:11.919+0200: 9.178: [GC concurrent-root-region-scan-end, 0.0010667 secs]
2020-09-29T12:30:11.919+0200: 9.178: [GC concurrent-mark-start]
2020-09-29T12:30:11.922+0200: 9.181: [GC concurrent-mark-end, 0.0026662 secs]
2020-09-29T12:30:11.922+0200: 9.181: [GC remark 2020-09-29T12:30:11.922+0200: 9.181: [Finalize Marking, 0.0001914 secs] 2020-09-29T12:30:11.922+0200: 9.181: [GC ref-proc, 0.0002717 secs] 2020-09-29T12:30:11.923+0200: 9.182: [Unloading, 0.0004780 secs], 0.0012181 secs]
 [Times: user=0.00 sys=0.00, real=0.00 secs] 
2020-09-29T12:30:11.924+0200: 9.183: [GC cleanup 1070M->26M(2048M), 0.0011410 secs]
 [Times: user=0.00 sys=0.00, real=0.00 secs] 
2020-09-29T12:30:11.925+0200: 9.184: [GC concurrent-cleanup-start]
2020-09-29T12:30:11.926+0200: 9.185: [GC concurrent-cleanup-end, 0.0012329 secs]
2020-09-29T12:30:12.094+0200: 9.352: [GC pause (G1 Evacuation Pause) (young), 0.1732983 secs]
   [Parallel Time: 172.5 ms, GC Workers: 8]
      [GC Worker Start (ms): Min: 9352.5, Avg: 9352.6, Max: 9352.7, Diff: 0.2]
      [Ext Root Scanning (ms): Min: 0.0, Avg: 0.1, Max: 0.2, Diff: 0.2, Sum: 0.5]
      [Update RS (ms): Min: 17.5, Avg: 17.6, Max: 18.0, Diff: 0.5, Sum: 140.7]
         [Processed Buffers: Min: 16, Avg: 17.6, Max: 20, Diff: 4, Sum: 141]
      [Scan RS (ms): Min: 21.7, Avg: 22.2, Max: 22.4, Diff: 0.7, Sum: 177.4]
      [Code Root Scanning (ms): Min: 0.0, Avg: 0.0, Max: 0.0, Diff: 0.0, Sum: 0.0]
      [Object Copy (ms): Min: 132.0, Avg: 132.2, Max: 132.4, Diff: 0.4, Sum: 1057.4]
      [Termination (ms): Min: 0.0, Avg: 0.1, Max: 0.1, Diff: 0.1, Sum: 0.9]
         [Termination Attempts: Min: 1, Avg: 878.3, Max: 1048, Diff: 1047, Sum: 7026]
      [GC Worker Other (ms): Min: 0.0, Avg: 0.0, Max: 0.1, Diff: 0.1, Sum: 0.4]
      [GC Worker Total (ms): Min: 172.1, Avg: 172.2, Max: 172.3, Diff: 0.2, Sum: 1377.3]
      [GC Worker End (ms): Min: 9524.7, Avg: 9524.8, Max: 9524.8, Diff: 0.1]
   [Code Root Fixup: 0.0 ms]
   [Code Root Purge: 0.0 ms]
   [Clear CT: 0.1 ms]
   [Other: 0.7 ms]
      [Choose CSet: 0.0 ms]
      [Ref Proc: 0.2 ms]
      [Ref Enq: 0.0 ms]
      [Redirty Cards: 0.1 ms]
      [Humongous Register: 0.0 ms]
      [Humongous Reclaim: 0.0 ms]
      [Free CSet: 0.2 ms]
   [Eden: 313.0M(313.0M)->0.0B(279.0M) Survivors: 8192.0K->41.0M Heap: 383.9M(2048.0M)->378.9M(2048.0M)]
 [Times: user=1.27 sys=0.08, real=0.17 secs] 
2020-09-29T12:30:12.456+0200: 9.715: [GC pause (G1 Evacuation Pause) (young), 0.2342823 secs]
   [Parallel Time: 232.5 ms, GC Workers: 8]
      [GC Worker Start (ms): Min: 9714.7, Avg: 9714.8, Max: 9714.9, Diff: 0.2]
      [Ext Root Scanning (ms): Min: 0.0, Avg: 0.1, Max: 0.2, Diff: 0.2, Sum: 0.6]
      [Update RS (ms): Min: 24.4, Avg: 24.7, Max: 25.1, Diff: 0.7, Sum: 197.4]
         [Processed Buffers: Min: 17, Avg: 18.9, Max: 20, Diff: 3, Sum: 151]
      [Scan RS (ms): Min: 28.0, Avg: 28.5, Max: 28.8, Diff: 0.7, Sum: 228.1]
      [Code Root Scanning (ms): Min: 0.0, Avg: 0.0, Max: 0.0, Diff: 0.0, Sum: 0.0]
      [Object Copy (ms): Min: 178.7, Avg: 178.8, Max: 178.8, Diff: 0.1, Sum: 1430.1]
      [Termination (ms): Min: 0.0, Avg: 0.0, Max: 0.1, Diff: 0.1, Sum: 0.4]
         [Termination Attempts: Min: 1, Avg: 243.5, Max: 299, Diff: 298, Sum: 1948]
      [GC Worker Other (ms): Min: 0.1, Avg: 0.1, Max: 0.1, Diff: 0.1, Sum: 0.6]
      [GC Worker Total (ms): Min: 232.1, Avg: 232.2, Max: 232.3, Diff: 0.3, Sum: 1857.3]
      [GC Worker End (ms): Min: 9947.0, Avg: 9947.0, Max: 9947.0, Diff: 0.1]
   [Code Root Fixup: 0.0 ms]
   [Code Root Purge: 0.0 ms]
   [Clear CT: 0.2 ms]
   [Other: 1.6 ms]
      [Choose CSet: 0.0 ms]
      [Ref Proc: 0.3 ms]
      [Ref Enq: 0.0 ms]
      [Redirty Cards: 0.6 ms]
      [Humongous Register: 0.0 ms]
      [Humongous Reclaim: 0.0 ms]
      [Free CSet: 0.4 ms]
   [Eden: 279.0M(279.0M)->0.0B(215.0M) Survivors: 41.0M->40.0M Heap: 703.7M(2048.0M)->706.2M(2048.0M)]
 [Times: user=1.78 sys=0.08, real=0.23 secs] 
2020-09-29T12:30:12.861+0200: 10.120: [GC pause (G1 Evacuation Pause) (young), 0.1925971 secs]
   [Parallel Time: 191.4 ms, GC Workers: 8]
      [GC Worker Start (ms): Min: 10120.4, Avg: 10120.6, Max: 10121.1, Diff: 0.7]
      [Ext Root Scanning (ms): Min: 0.0, Avg: 0.1, Max: 0.2, Diff: 0.2, Sum: 0.8]
      [Update RS (ms): Min: 24.9, Avg: 25.4, Max: 25.9, Diff: 1.0, Sum: 203.6]
         [Processed Buffers: Min: 17, Avg: 19.3, Max: 21, Diff: 4, Sum: 154]
      [Scan RS (ms): Min: 18.9, Avg: 19.4, Max: 19.7, Diff: 0.8, Sum: 155.3]
      [Code Root Scanning (ms): Min: 0.0, Avg: 0.0, Max: 0.0, Diff: 0.0, Sum: 0.0]
      [Object Copy (ms): Min: 145.8, Avg: 146.0, Max: 146.2, Diff: 0.4, Sum: 1168.1]
      [Termination (ms): Min: 0.0, Avg: 0.1, Max: 0.2, Diff: 0.2, Sum: 1.0]
         [Termination Attempts: Min: 1, Avg: 673.3, Max: 833, Diff: 832, Sum: 5386]
      [GC Worker Other (ms): Min: 0.0, Avg: 0.0, Max: 0.1, Diff: 0.0, Sum: 0.3]
      [GC Worker Total (ms): Min: 190.6, Avg: 191.1, Max: 191.3, Diff: 0.7, Sum: 1529.0]
      [GC Worker End (ms): Min: 10311.7, Avg: 10311.7, Max: 10311.7, Diff: 0.1]
   [Code Root Fixup: 0.0 ms]
   [Code Root Purge: 0.0 ms]
   [Clear CT: 0.3 ms]
   [Other: 0.9 ms]
      [Choose CSet: 0.0 ms]
      [Ref Proc: 0.2 ms]
      [Ref Enq: 0.0 ms]
      [Redirty Cards: 0.3 ms]
      [Humongous Register: 0.0 ms]
      [Humongous Reclaim: 0.0 ms]
      [Free CSet: 0.2 ms]
   [Eden: 215.0M(215.0M)->0.0B(201.0M) Survivors: 40.0M->32.0M Heap: 957.4M(2048.0M)->960.4M(2048.0M)]
 [Times: user=1.53 sys=0.06, real=0.19 secs] 
2020-09-29T12:30:13.070+0200: 10.329: [GC pause (G1 Humongous Allocation) (young) (initial-mark), 0.0575934 secs]
   [Parallel Time: 56.5 ms, GC Workers: 8]
      [GC Worker Start (ms): Min: 10329.2, Avg: 10329.3, Max: 10329.3, Diff: 0.1]
      [Ext Root Scanning (ms): Min: 0.1, Avg: 0.1, Max: 0.2, Diff: 0.1, Sum: 0.9]
      [Update RS (ms): Min: 29.5, Avg: 30.1, Max: 30.5, Diff: 1.0, Sum: 240.4]
         [Processed Buffers: Min: 23, Avg: 25.5, Max: 27, Diff: 4, Sum: 204]
      [Scan RS (ms): Min: 2.6, Avg: 3.0, Max: 3.5, Diff: 0.9, Sum: 23.7]
      [Code Root Scanning (ms): Min: 0.0, Avg: 0.0, Max: 0.0, Diff: 0.0, Sum: 0.0]
      [Object Copy (ms): Min: 23.1, Avg: 23.1, Max: 23.2, Diff: 0.1, Sum: 185.2]
      [Termination (ms): Min: 0.0, Avg: 0.0, Max: 0.0, Diff: 0.0, Sum: 0.1]
         [Termination Attempts: Min: 1, Avg: 32.8, Max: 41, Diff: 40, Sum: 262]
      [GC Worker Other (ms): Min: 0.0, Avg: 0.0, Max: 0.0, Diff: 0.0, Sum: 0.2]
      [GC Worker Total (ms): Min: 56.3, Avg: 56.3, Max: 56.4, Diff: 0.1, Sum: 450.4]
      [GC Worker End (ms): Min: 10385.5, Avg: 10385.6, Max: 10385.6, Diff: 0.0]
   [Code Root Fixup: 0.0 ms]
   [Code Root Purge: 0.0 ms]
   [Clear CT: 0.2 ms]
   [Other: 0.8 ms]
      [Choose CSet: 0.0 ms]
      [Ref Proc: 0.2 ms]
      [Ref Enq: 0.0 ms]
      [Redirty Cards: 0.2 ms]
      [Humongous Register: 0.1 ms]
      [Humongous Reclaim: 0.0 ms]
      [Free CSet: 0.1 ms]
   [Eden: 6144.0K(201.0M)->0.0B(234.0M) Survivors: 32.0M->8192.0K Heap: 966.4M(2048.0M)->970.4M(2048.0M)]
 [Times: user=0.38 sys=0.00, real=0.06 secs] 
2020-09-29T12:30:13.128+0200: 10.387: [GC concurrent-root-region-scan-start]
2020-09-29T12:30:13.131+0200: 10.389: [GC concurrent-root-region-scan-end, 0.0027063 secs]
2020-09-29T12:30:13.131+0200: 10.390: [GC concurrent-mark-start]
2020-09-29T12:30:13.134+0200: 10.393: [GC concurrent-mark-end, 0.0031382 secs]
2020-09-29T12:30:13.134+0200: 10.393: [GC remark 2020-09-29T12:30:13.134+0200: 10.393: [Finalize Marking, 0.0002892 secs] 2020-09-29T12:30:13.134+0200: 10.393: [GC ref-proc, 0.0004790 secs] 2020-09-29T12:30:13.135+0200: 10.394: [Unloading, 0.0005890 secs], 0.0017298 secs]
 [Times: user=0.00 sys=0.00, real=0.00 secs] 
2020-09-29T12:30:13.136+0200: 10.395: [GC cleanup 981M->28M(2048M), 0.0014237 secs]
 [Times: user=0.00 sys=0.00, real=0.00 secs] 
2020-09-29T12:30:13.138+0200: 10.397: [GC concurrent-cleanup-start]
2020-09-29T12:30:13.139+0200: 10.398: [GC concurrent-cleanup-end, 0.0012585 secs]
2020-09-29T12:30:13.293+0200: 10.552: [GC pause (G1 Evacuation Pause) (young), 0.1919687 secs]
   [Parallel Time: 190.7 ms, GC Workers: 8]
      [GC Worker Start (ms): Min: 10552.1, Avg: 10552.2, Max: 10552.3, Diff: 0.2]
      [Ext Root Scanning (ms): Min: 0.0, Avg: 0.1, Max: 0.2, Diff: 0.2, Sum: 0.6]
      [Update RS (ms): Min: 17.0, Avg: 17.3, Max: 17.8, Diff: 0.8, Sum: 138.2]
         [Processed Buffers: Min: 5, Avg: 13.3, Max: 18, Diff: 13, Sum: 106]
      [Scan RS (ms): Min: 21.5, Avg: 22.0, Max: 22.3, Diff: 0.8, Sum: 176.2]
      [Code Root Scanning (ms): Min: 0.0, Avg: 0.0, Max: 0.0, Diff: 0.0, Sum: 0.0]
      [Object Copy (ms): Min: 150.4, Avg: 150.6, Max: 151.1, Diff: 0.6, Sum: 1204.6]
      [Termination (ms): Min: 0.0, Avg: 0.5, Max: 0.6, Diff: 0.6, Sum: 3.7]
         [Termination Attempts: Min: 1, Avg: 2380.1, Max: 2936, Diff: 2935, Sum: 19041]
      [GC Worker Other (ms): Min: 0.0, Avg: 0.0, Max: 0.1, Diff: 0.0, Sum: 0.2]
      [GC Worker Total (ms): Min: 190.3, Avg: 190.4, Max: 190.6, Diff: 0.2, Sum: 1523.6]
      [GC Worker End (ms): Min: 10742.7, Avg: 10742.7, Max: 10742.7, Diff: 0.0]
   [Code Root Fixup: 0.0 ms]
   [Code Root Purge: 0.0 ms]
   [Clear CT: 0.3 ms]
   [Other: 0.9 ms]
      [Choose CSet: 0.0 ms]
      [Ref Proc: 0.2 ms]
      [Ref Enq: 0.0 ms]
      [Redirty Cards: 0.3 ms]
      [Humongous Register: 0.0 ms]
      [Humongous Reclaim: 0.0 ms]
      [Free CSet: 0.2 ms]
   [Eden: 234.0M(234.0M)->0.0B(194.0M) Survivors: 8192.0K->31.0M Heap: 292.1M(2048.0M)->285.6M(2048.0M)]
 [Times: user=1.44 sys=0.05, real=0.19 secs] 
2020-09-29T12:30:13.631+0200: 10.890: [GC pause (G1 Evacuation Pause) (young), 0.1749327 secs]
   [Parallel Time: 173.6 ms, GC Workers: 8]
      [GC Worker Start (ms): Min: 10889.9, Avg: 10890.0, Max: 10890.1, Diff: 0.2]
      [Ext Root Scanning (ms): Min: 0.0, Avg: 0.1, Max: 0.2, Diff: 0.2, Sum: 0.7]
      [Update RS (ms): Min: 21.2, Avg: 21.5, Max: 22.1, Diff: 0.9, Sum: 171.9]
         [Processed Buffers: Min: 16, Avg: 17.5, Max: 19, Diff: 3, Sum: 140]
      [Scan RS (ms): Min: 16.7, Avg: 17.5, Max: 17.9, Diff: 1.2, Sum: 140.3]
      [Code Root Scanning (ms): Min: 0.0, Avg: 0.0, Max: 0.0, Diff: 0.0, Sum: 0.0]
      [Object Copy (ms): Min: 133.9, Avg: 134.0, Max: 134.4, Diff: 0.5, Sum: 1072.3]
      [Termination (ms): Min: 0.0, Avg: 0.1, Max: 0.1, Diff: 0.1, Sum: 0.9]
         [Termination Attempts: Min: 1, Avg: 614.0, Max: 746, Diff: 745, Sum: 4912]
      [GC Worker Other (ms): Min: 0.0, Avg: 0.0, Max: 0.1, Diff: 0.0, Sum: 0.3]
      [GC Worker Total (ms): Min: 173.2, Avg: 173.3, Max: 173.4, Diff: 0.2, Sum: 1386.4]
      [GC Worker End (ms): Min: 11063.2, Avg: 11063.3, Max: 11063.3, Diff: 0.1]
   [Code Root Fixup: 0.0 ms]
   [Code Root Purge: 0.0 ms]
   [Clear CT: 0.2 ms]
   [Other: 1.1 ms]
      [Choose CSet: 0.0 ms]
      [Ref Proc: 0.2 ms]
      [Ref Enq: 0.0 ms]
      [Redirty Cards: 0.3 ms]
      [Humongous Register: 0.0 ms]
      [Humongous Reclaim: 0.0 ms]
      [Free CSet: 0.3 ms]
   [Eden: 194.0M(194.0M)->0.0B(192.0M) Survivors: 31.0M->29.0M Heap: 512.0M(2048.0M)->514.5M(2048.0M)]
 [Times: user=1.30 sys=0.03, real=0.17 secs] 
2020-09-29T12:30:13.953+0200: 11.212: [GC pause (G1 Evacuation Pause) (young), 0.1802602 secs]
   [Parallel Time: 178.9 ms, GC Workers: 8]
      [GC Worker Start (ms): Min: 11211.8, Avg: 11212.0, Max: 11212.0, Diff: 0.2]
      [Ext Root Scanning (ms): Min: 0.0, Avg: 0.1, Max: 0.2, Diff: 0.2, Sum: 0.6]
      [Update RS (ms): Min: 14.4, Avg: 14.8, Max: 15.6, Diff: 1.2, Sum: 118.2]
         [Processed Buffers: Min: 11, Avg: 13.1, Max: 16, Diff: 5, Sum: 105]
      [Scan RS (ms): Min: 20.4, Avg: 21.3, Max: 21.8, Diff: 1.4, Sum: 170.0]
      [Code Root Scanning (ms): Min: 0.0, Avg: 0.0, Max: 0.0, Diff: 0.0, Sum: 0.0]
      [Object Copy (ms): Min: 142.1, Avg: 142.3, Max: 142.4, Diff: 0.3, Sum: 1138.5]
      [Termination (ms): Min: 0.0, Avg: 0.1, Max: 0.1, Diff: 0.1, Sum: 0.9]
         [Termination Attempts: Min: 1, Avg: 541.5, Max: 641, Diff: 640, Sum: 4332]
      [GC Worker Other (ms): Min: 0.0, Avg: 0.0, Max: 0.1, Diff: 0.0, Sum: 0.2]
      [GC Worker Total (ms): Min: 178.5, Avg: 178.6, Max: 178.7, Diff: 0.3, Sum: 1428.5]
      [GC Worker End (ms): Min: 11390.5, Avg: 11390.5, Max: 11390.5, Diff: 0.0]
   [Code Root Fixup: 0.0 ms]
   [Code Root Purge: 0.0 ms]
   [Clear CT: 0.3 ms]
   [Other: 1.0 ms]
      [Choose CSet: 0.0 ms]
      [Ref Proc: 0.2 ms]
      [Ref Enq: 0.0 ms]
      [Redirty Cards: 0.4 ms]
      [Humongous Register: 0.0 ms]
      [Humongous Reclaim: 0.0 ms]
      [Free CSet: 0.2 ms]
   [Eden: 192.0M(192.0M)->0.0B(185.0M) Survivors: 29.0M->28.0M Heap: 738.9M(2048.0M)->740.4M(2048.0M)]
 [Times: user=1.44 sys=0.03, real=0.18 secs] 
2020-09-29T12:30:14.265+0200: 11.524: [GC pause (G1 Evacuation Pause) (young), 0.1521523 secs]
   [Parallel Time: 150.8 ms, GC Workers: 8]
      [GC Worker Start (ms): Min: 11524.2, Avg: 11524.4, Max: 11524.5, Diff: 0.2]
      [Ext Root Scanning (ms): Min: 0.0, Avg: 0.1, Max: 0.2, Diff: 0.2, Sum: 0.6]
      [Update RS (ms): Min: 18.9, Avg: 19.2, Max: 20.1, Diff: 1.2, Sum: 154.0]
         [Processed Buffers: Min: 15, Avg: 16.0, Max: 18, Diff: 3, Sum: 128]
      [Scan RS (ms): Min: 15.1, Avg: 16.0, Max: 16.3, Diff: 1.2, Sum: 128.1]
      [Code Root Scanning (ms): Min: 0.0, Avg: 0.0, Max: 0.0, Diff: 0.0, Sum: 0.0]
      [Object Copy (ms): Min: 115.0, Avg: 115.1, Max: 115.2, Diff: 0.2, Sum: 921.1]
      [Termination (ms): Min: 0.0, Avg: 0.0, Max: 0.0, Diff: 0.0, Sum: 0.0]
         [Termination Attempts: Min: 1, Avg: 13.3, Max: 19, Diff: 18, Sum: 106]
      [GC Worker Other (ms): Min: 0.0, Avg: 0.0, Max: 0.0, Diff: 0.0, Sum: 0.2]
      [GC Worker Total (ms): Min: 150.4, Avg: 150.5, Max: 150.6, Diff: 0.2, Sum: 1204.0]
      [GC Worker End (ms): Min: 11674.9, Avg: 11674.9, Max: 11674.9, Diff: 0.0]
   [Code Root Fixup: 0.0 ms]
   [Code Root Purge: 0.0 ms]
   [Clear CT: 0.4 ms]
   [Other: 0.9 ms]
      [Choose CSet: 0.0 ms]
      [Ref Proc: 0.2 ms]
      [Ref Enq: 0.0 ms]
      [Redirty Cards: 0.3 ms]
      [Humongous Register: 0.0 ms]
      [Humongous Reclaim: 0.0 ms]
      [Free CSet: 0.1 ms]
   [Eden: 185.0M(185.0M)->0.0B(197.0M) Survivors: 28.0M->27.0M Heap: 955.9M(2048.0M)->958.4M(2048.0M)]
 [Times: user=1.16 sys=0.05, real=0.15 secs] 
2020-09-29T12:30:14.428+0200: 11.688: [GC pause (G1 Humongous Allocation) (young) (initial-mark), 0.0543841 secs]
   [Parallel Time: 53.4 ms, GC Workers: 8]
      [GC Worker Start (ms): Min: 11688.4, Avg: 11688.5, Max: 11688.7, Diff: 0.2]
      [Ext Root Scanning (ms): Min: 0.0, Avg: 0.2, Max: 0.6, Diff: 0.5, Sum: 2.0]
      [Update RS (ms): Min: 28.7, Avg: 29.7, Max: 30.1, Diff: 1.4, Sum: 237.3]
         [Processed Buffers: Min: 23, Avg: 24.6, Max: 27, Diff: 4, Sum: 197]
      [Scan RS (ms): Min: 2.0, Avg: 2.5, Max: 2.9, Diff: 0.9, Sum: 19.7]
      [Code Root Scanning (ms): Min: 0.0, Avg: 0.0, Max: 0.0, Diff: 0.0, Sum: 0.0]
      [Object Copy (ms): Min: 20.3, Avg: 20.8, Max: 20.9, Diff: 0.6, Sum: 166.3]
      [Termination (ms): Min: 0.0, Avg: 0.0, Max: 0.0, Diff: 0.0, Sum: 0.3]
         [Termination Attempts: Min: 1, Avg: 165.4, Max: 207, Diff: 206, Sum: 1323]
      [GC Worker Other (ms): Min: 0.0, Avg: 0.0, Max: 0.0, Diff: 0.0, Sum: 0.1]
      [GC Worker Total (ms): Min: 53.1, Avg: 53.2, Max: 53.3, Diff: 0.2, Sum: 425.7]
      [GC Worker End (ms): Min: 11741.8, Avg: 11741.8, Max: 11741.8, Diff: 0.0]
   [Code Root Fixup: 0.0 ms]
   [Code Root Purge: 0.0 ms]
   [Clear CT: 0.2 ms]
   [Other: 0.8 ms]
      [Choose CSet: 0.0 ms]
      [Ref Proc: 0.2 ms]
      [Ref Enq: 0.0 ms]
      [Redirty Cards: 0.2 ms]
      [Humongous Register: 0.1 ms]
      [Humongous Reclaim: 0.0 ms]
      [Free CSet: 0.0 ms]
   [Eden: 8192.0K(197.0M)->0.0B(229.0M) Survivors: 27.0M->10.0M Heap: 966.4M(2048.0M)->969.9M(2048.0M)]
 [Times: user=0.38 sys=0.00, real=0.06 secs] 
2020-09-29T12:30:14.483+0200: 11.743: [GC concurrent-root-region-scan-start]
2020-09-29T12:30:14.485+0200: 11.745: [GC concurrent-root-region-scan-end, 0.0019418 secs]
2020-09-29T12:30:14.485+0200: 11.745: [GC concurrent-mark-start]
2020-09-29T12:30:14.488+0200: 11.747: [GC concurrent-mark-end, 0.0027311 secs]
2020-09-29T12:30:14.488+0200: 11.748: [GC remark 2020-09-29T12:30:14.488+0200: 11.748: [Finalize Marking, 0.0002601 secs] 2020-09-29T12:30:14.488+0200: 11.748: [GC ref-proc, 0.0003822 secs] 2020-09-29T12:30:14.489+0200: 11.748: [Unloading, 0.0005247 secs], 0.0015750 secs]
 [Times: user=0.00 sys=0.02, real=0.00 secs] 
2020-09-29T12:30:14.490+0200: 11.750: [GC cleanup 979M->29M(2048M), 0.0015189 secs]
 [Times: user=0.00 sys=0.00, real=0.00 secs] 
2020-09-29T12:30:14.492+0200: 11.751: [GC concurrent-cleanup-start]
2020-09-29T12:30:14.493+0200: 11.753: [GC concurrent-cleanup-end, 0.0013118 secs]
2020-09-29T12:30:14.647+0200: 11.906: [GC pause (G1 Evacuation Pause) (young), 0.1979824 secs]
   [Parallel Time: 196.6 ms, GC Workers: 8]
      [GC Worker Start (ms): Min: 11905.8, Avg: 11905.9, Max: 11906.0, Diff: 0.2]
      [Ext Root Scanning (ms): Min: 0.0, Avg: 0.1, Max: 0.2, Diff: 0.2, Sum: 0.6]
      [Update RS (ms): Min: 17.0, Avg: 17.1, Max: 17.7, Diff: 0.7, Sum: 137.0]
         [Processed Buffers: Min: 13, Avg: 14.6, Max: 17, Diff: 4, Sum: 117]
      [Scan RS (ms): Min: 19.4, Avg: 20.1, Max: 20.3, Diff: 0.9, Sum: 160.7]
      [Code Root Scanning (ms): Min: 0.0, Avg: 0.0, Max: 0.0, Diff: 0.0, Sum: 0.0]
      [Object Copy (ms): Min: 157.9, Avg: 158.2, Max: 159.0, Diff: 1.1, Sum: 1266.0]
      [Termination (ms): Min: 0.0, Avg: 0.7, Max: 1.0, Diff: 1.0, Sum: 5.7]
         [Termination Attempts: Min: 1, Avg: 3330.8, Max: 4374, Diff: 4373, Sum: 26646]
      [GC Worker Other (ms): Min: 0.0, Avg: 0.0, Max: 0.0, Diff: 0.0, Sum: 0.2]
      [GC Worker Total (ms): Min: 196.2, Avg: 196.3, Max: 196.4, Diff: 0.3, Sum: 1570.2]
      [GC Worker End (ms): Min: 12102.2, Avg: 12102.2, Max: 12102.2, Diff: 0.0]
   [Code Root Fixup: 0.0 ms]
   [Code Root Purge: 0.0 ms]
   [Clear CT: 0.2 ms]
   [Other: 1.2 ms]
      [Choose CSet: 0.0 ms]
      [Ref Proc: 0.2 ms]
      [Ref Enq: 0.0 ms]
      [Redirty Cards: 0.3 ms]
      [Humongous Register: 0.0 ms]
      [Humongous Reclaim: 0.0 ms]
      [Free CSet: 0.2 ms]
   [Eden: 229.0M(229.0M)->0.0B(194.0M) Survivors: 10.0M->30.0M Heap: 289.1M(2048.0M)->281.6M(2048.0M)]
 [Times: user=1.38 sys=0.03, real=0.20 secs] 
2020-09-29T12:30:14.985+0200: 12.244: [GC pause (G1 Evacuation Pause) (young), 0.1797045 secs]
   [Parallel Time: 178.4 ms, GC Workers: 8]
      [GC Worker Start (ms): Min: 12243.8, Avg: 12243.9, Max: 12244.0, Diff: 0.2]
      [Ext Root Scanning (ms): Min: 0.0, Avg: 0.1, Max: 0.2, Diff: 0.2, Sum: 0.6]
      [Update RS (ms): Min: 18.8, Avg: 19.6, Max: 20.3, Diff: 1.4, Sum: 156.8]
         [Processed Buffers: Min: 13, Avg: 14.5, Max: 16, Diff: 3, Sum: 116]
      [Scan RS (ms): Min: 19.1, Avg: 20.3, Max: 24.4, Diff: 5.4, Sum: 162.6]
      [Code Root Scanning (ms): Min: 0.0, Avg: 0.0, Max: 0.0, Diff: 0.0, Sum: 0.0]
      [Object Copy (ms): Min: 133.5, Avg: 137.9, Max: 138.8, Diff: 5.3, Sum: 1103.1]
      [Termination (ms): Min: 0.0, Avg: 0.3, Max: 0.4, Diff: 0.4, Sum: 2.3]
         [Termination Attempts: Min: 1, Avg: 1431.1, Max: 1789, Diff: 1788, Sum: 11449]
      [GC Worker Other (ms): Min: 0.0, Avg: 0.0, Max: 0.1, Diff: 0.1, Sum: 0.3]
      [GC Worker Total (ms): Min: 178.1, Avg: 178.2, Max: 178.3, Diff: 0.2, Sum: 1425.6]
      [GC Worker End (ms): Min: 12422.1, Avg: 12422.2, Max: 12422.2, Diff: 0.1]
   [Code Root Fixup: 0.0 ms]
   [Code Root Purge: 0.0 ms]
   [Clear CT: 0.2 ms]
   [Other: 1.0 ms]
      [Choose CSet: 0.0 ms]
      [Ref Proc: 0.3 ms]
      [Ref Enq: 0.0 ms]
      [Redirty Cards: 0.2 ms]
      [Humongous Register: 0.0 ms]
      [Humongous Reclaim: 0.0 ms]
      [Free CSet: 0.2 ms]
   [Eden: 194.0M(194.0M)->0.0B(189.0M) Survivors: 30.0M->28.0M Heap: 506.1M(2048.0M)->508.6M(2048.0M)]
 [Times: user=1.38 sys=0.08, real=0.18 secs] 
2020-09-29T12:30:15.300+0200: 12.558: [GC pause (G1 Evacuation Pause) (young), 0.1609229 secs]
   [Parallel Time: 159.7 ms, GC Workers: 8]
      [GC Worker Start (ms): Min: 12558.6, Avg: 12558.7, Max: 12558.8, Diff: 0.2]
      [Ext Root Scanning (ms): Min: 0.0, Avg: 0.1, Max: 0.2, Diff: 0.2, Sum: 0.5]
      [Update RS (ms): Min: 20.7, Avg: 21.0, Max: 21.5, Diff: 0.7, Sum: 168.2]
         [Processed Buffers: Min: 16, Avg: 17.0, Max: 19, Diff: 3, Sum: 136]
      [Scan RS (ms): Min: 15.3, Avg: 15.8, Max: 16.3, Diff: 0.9, Sum: 126.5]
      [Code Root Scanning (ms): Min: 0.0, Avg: 0.0, Max: 0.0, Diff: 0.0, Sum: 0.0]
      [Object Copy (ms): Min: 122.2, Avg: 122.4, Max: 122.5, Diff: 0.3, Sum: 979.1]
      [Termination (ms): Min: 0.0, Avg: 0.1, Max: 0.1, Diff: 0.1, Sum: 0.8]
         [Termination Attempts: Min: 1, Avg: 511.1, Max: 639, Diff: 638, Sum: 4089]
      [GC Worker Other (ms): Min: 0.0, Avg: 0.0, Max: 0.1, Diff: 0.0, Sum: 0.3]
      [GC Worker Total (ms): Min: 159.4, Avg: 159.4, Max: 159.6, Diff: 0.2, Sum: 1275.5]
      [GC Worker End (ms): Min: 12718.1, Avg: 12718.2, Max: 12718.2, Diff: 0.0]
   [Code Root Fixup: 0.0 ms]
   [Code Root Purge: 0.0 ms]
   [Clear CT: 0.2 ms]
   [Other: 1.0 ms]
      [Choose CSet: 0.0 ms]
      [Ref Proc: 0.3 ms]
      [Ref Enq: 0.0 ms]
      [Redirty Cards: 0.2 ms]
      [Humongous Register: 0.0 ms]
      [Humongous Reclaim: 0.0 ms]
      [Free CSet: 0.2 ms]
   [Eden: 189.0M(189.0M)->0.0B(196.0M) Survivors: 28.0M->28.0M Heap: 730.0M(2048.0M)->732.5M(2048.0M)]
 [Times: user=1.33 sys=0.03, real=0.16 secs] 
2020-09-29T12:30:15.605+0200: 12.864: [GC pause (G1 Evacuation Pause) (young), 0.1639471 secs]
   [Parallel Time: 162.9 ms, GC Workers: 8]
      [GC Worker Start (ms): Min: 12863.8, Avg: 12863.9, Max: 12864.0, Diff: 0.2]
      [Ext Root Scanning (ms): Min: 0.0, Avg: 0.1, Max: 0.2, Diff: 0.2, Sum: 0.6]
      [Update RS (ms): Min: 15.7, Avg: 16.2, Max: 16.7, Diff: 1.1, Sum: 129.7]
         [Processed Buffers: Min: 13, Avg: 13.5, Max: 15, Diff: 2, Sum: 108]
      [Scan RS (ms): Min: 18.4, Avg: 19.0, Max: 19.4, Diff: 1.0, Sum: 151.8]
      [Code Root Scanning (ms): Min: 0.0, Avg: 0.0, Max: 0.0, Diff: 0.0, Sum: 0.0]
      [Object Copy (ms): Min: 126.8, Avg: 127.2, Max: 127.3, Diff: 0.5, Sum: 1017.5]
      [Termination (ms): Min: 0.0, Avg: 0.1, Max: 0.2, Diff: 0.2, Sum: 0.7]
         [Termination Attempts: Min: 1, Avg: 306.1, Max: 364, Diff: 363, Sum: 2449]
      [GC Worker Other (ms): Min: 0.0, Avg: 0.0, Max: 0.1, Diff: 0.1, Sum: 0.3]
      [GC Worker Total (ms): Min: 162.5, Avg: 162.6, Max: 162.7, Diff: 0.2, Sum: 1300.7]
      [GC Worker End (ms): Min: 13026.5, Avg: 13026.5, Max: 13026.6, Diff: 0.1]
   [Code Root Fixup: 0.0 ms]
   [Code Root Purge: 0.0 ms]
   [Clear CT: 0.3 ms]
   [Other: 0.8 ms]
      [Choose CSet: 0.0 ms]
      [Ref Proc: 0.2 ms]
      [Ref Enq: 0.0 ms]
      [Redirty Cards: 0.3 ms]
      [Humongous Register: 0.0 ms]
      [Humongous Reclaim: 0.0 ms]
      [Free CSet: 0.1 ms]
   [Eden: 196.0M(196.0M)->0.0B(202.0M) Survivors: 28.0M->28.0M Heap: 960.9M(2048.0M)->962.9M(2048.0M)]
 [Times: user=1.20 sys=0.05, real=0.16 secs] 
2020-09-29T12:30:15.776+0200: 13.035: [GC pause (G1 Humongous Allocation) (young) (initial-mark), 0.0610958 secs]
   [Parallel Time: 60.0 ms, GC Workers: 8]
      [GC Worker Start (ms): Min: 13034.8, Avg: 13034.9, Max: 13035.1, Diff: 0.2]
      [Ext Root Scanning (ms): Min: 0.0, Avg: 0.9, Max: 3.3, Diff: 3.3, Sum: 7.6]
      [Update RS (ms): Min: 34.4, Avg: 37.1, Max: 38.0, Diff: 3.6, Sum: 296.9]
         [Processed Buffers: Min: 18, Avg: 30.5, Max: 35, Diff: 17, Sum: 244]
      [Scan RS (ms): Min: 2.2, Avg: 2.4, Max: 2.6, Diff: 0.4, Sum: 19.3]
      [Code Root Scanning (ms): Min: 0.0, Avg: 0.0, Max: 0.0, Diff: 0.0, Sum: 0.0]
      [Object Copy (ms): Min: 19.1, Avg: 19.3, Max: 19.3, Diff: 0.2, Sum: 154.0]
      [Termination (ms): Min: 0.0, Avg: 0.0, Max: 0.0, Diff: 0.0, Sum: 0.1]
         [Termination Attempts: Min: 1, Avg: 45.5, Max: 63, Diff: 62, Sum: 364]
      [GC Worker Other (ms): Min: 0.0, Avg: 0.0, Max: 0.0, Diff: 0.0, Sum: 0.2]
      [GC Worker Total (ms): Min: 59.6, Avg: 59.8, Max: 59.8, Diff: 0.2, Sum: 478.0]
      [GC Worker End (ms): Min: 13094.7, Avg: 13094.7, Max: 13094.7, Diff: 0.0]
   [Code Root Fixup: 0.0 ms]
   [Code Root Purge: 0.0 ms]
   [Clear CT: 0.2 ms]
   [Other: 0.9 ms]
      [Choose CSet: 0.0 ms]
      [Ref Proc: 0.3 ms]
      [Ref Enq: 0.0 ms]
      [Redirty Cards: 0.2 ms]
      [Humongous Register: 0.0 ms]
      [Humongous Reclaim: 0.0 ms]
      [Free CSet: 0.1 ms]
   [Eden: 5120.0K(202.0M)->0.0B(230.0M) Survivors: 28.0M->7168.0K Heap: 967.9M(2048.0M)->971.4M(2048.0M)]
 [Times: user=0.47 sys=0.00, real=0.06 secs] 
2020-09-29T12:30:15.837+0200: 13.096: [GC concurrent-root-region-scan-start]
2020-09-29T12:30:15.839+0200: 13.098: [GC concurrent-root-region-scan-end, 0.0017984 secs]
2020-09-29T12:30:15.839+0200: 13.098: [GC concurrent-mark-start]
2020-09-29T12:30:15.842+0200: 13.101: [GC concurrent-mark-end, 0.0029638 secs]
2020-09-29T12:30:15.842+0200: 13.101: [GC remark 2020-09-29T12:30:15.842+0200: 13.101: [Finalize Marking, 0.0002356 secs] 2020-09-29T12:30:15.843+0200: 13.101: [GC ref-proc, 0.0003623 secs] 2020-09-29T12:30:15.843+0200: 13.102: [Unloading, 0.0005750 secs], 0.0014867 secs]
 [Times: user=0.00 sys=0.00, real=0.00 secs] 
2020-09-29T12:30:15.844+0200: 13.103: [GC cleanup 981M->26M(2048M), 0.0016045 secs]
 [Times: user=0.00 sys=0.00, real=0.00 secs] 
2020-09-29T12:30:15.846+0200: 13.105: [GC concurrent-cleanup-start]
2020-09-29T12:30:15.847+0200: 13.106: [GC concurrent-cleanup-end, 0.0013192 secs]
2020-09-29T12:30:15.998+0200: 13.258: [GC pause (G1 Evacuation Pause) (young), 0.1688647 secs]
   [Parallel Time: 167.7 ms, GC Workers: 8]
      [GC Worker Start (ms): Min: 13258.0, Avg: 13258.1, Max: 13258.4, Diff: 0.4]
      [Ext Root Scanning (ms): Min: 0.0, Avg: 0.1, Max: 0.2, Diff: 0.2, Sum: 0.8]
      [Update RS (ms): Min: 20.0, Avg: 20.2, Max: 20.5, Diff: 0.5, Sum: 161.7]
         [Processed Buffers: Min: 13, Avg: 16.3, Max: 20, Diff: 7, Sum: 130]
      [Scan RS (ms): Min: 18.6, Avg: 18.8, Max: 19.1, Diff: 0.5, Sum: 150.5]
      [Code Root Scanning (ms): Min: 0.0, Avg: 0.0, Max: 0.0, Diff: 0.0, Sum: 0.0]
      [Object Copy (ms): Min: 128.1, Avg: 128.2, Max: 128.3, Diff: 0.2, Sum: 1025.5]
      [Termination (ms): Min: 0.0, Avg: 0.1, Max: 0.1, Diff: 0.1, Sum: 0.6]
         [Termination Attempts: Min: 1, Avg: 384.9, Max: 565, Diff: 564, Sum: 3079]
      [GC Worker Other (ms): Min: 0.0, Avg: 0.0, Max: 0.1, Diff: 0.1, Sum: 0.3]
      [GC Worker Total (ms): Min: 167.2, Avg: 167.4, Max: 167.5, Diff: 0.3, Sum: 1339.4]
      [GC Worker End (ms): Min: 13425.5, Avg: 13425.6, Max: 13425.6, Diff: 0.1]
   [Code Root Fixup: 0.0 ms]
   [Code Root Purge: 0.0 ms]
   [Clear CT: 0.3 ms]
   [Other: 0.9 ms]
      [Choose CSet: 0.0 ms]
      [Ref Proc: 0.1 ms]
      [Ref Enq: 0.0 ms]
      [Redirty Cards: 0.3 ms]
      [Humongous Register: 0.0 ms]
      [Humongous Reclaim: 0.0 ms]
      [Free CSet: 0.2 ms]
   [Eden: 230.0M(230.0M)->0.0B(211.0M) Survivors: 7168.0K->30.0M Heap: 286.6M(2048.0M)->281.6M(2048.0M)]
 [Times: user=1.30 sys=0.06, real=0.17 secs] 
2020-09-29T12:30:16.319+0200: 13.579: [GC pause (G1 Evacuation Pause) (young), 0.1764094 secs]
   [Parallel Time: 175.0 ms, GC Workers: 8]
      [GC Worker Start (ms): Min: 13579.2, Avg: 13579.3, Max: 13579.4, Diff: 0.2]
      [Ext Root Scanning (ms): Min: 0.0, Avg: 0.1, Max: 0.2, Diff: 0.2, Sum: 0.6]
      [Update RS (ms): Min: 17.2, Avg: 17.3, Max: 18.1, Diff: 0.9, Sum: 138.8]
         [Processed Buffers: Min: 14, Avg: 14.4, Max: 16, Diff: 2, Sum: 115]
      [Scan RS (ms): Min: 20.6, Avg: 21.4, Max: 21.6, Diff: 1.0, Sum: 170.9]
      [Code Root Scanning (ms): Min: 0.0, Avg: 0.0, Max: 0.0, Diff: 0.0, Sum: 0.0]
      [Object Copy (ms): Min: 135.7, Avg: 135.8, Max: 135.9, Diff: 0.2, Sum: 1086.0]
      [Termination (ms): Min: 0.1, Avg: 0.2, Max: 0.3, Diff: 0.2, Sum: 1.7]
         [Termination Attempts: Min: 1, Avg: 870.4, Max: 1189, Diff: 1188, Sum: 6963]
      [GC Worker Other (ms): Min: 0.0, Avg: 0.0, Max: 0.0, Diff: 0.0, Sum: 0.1]
      [GC Worker Total (ms): Min: 174.7, Avg: 174.8, Max: 174.9, Diff: 0.2, Sum: 1398.1]
      [GC Worker End (ms): Min: 13754.0, Avg: 13754.1, Max: 13754.1, Diff: 0.0]
   [Code Root Fixup: 0.0 ms]
   [Code Root Purge: 0.0 ms]
   [Clear CT: 0.3 ms]
   [Other: 1.1 ms]
      [Choose CSet: 0.0 ms]
      [Ref Proc: 0.4 ms]
      [Ref Enq: 0.0 ms]
      [Redirty Cards: 0.3 ms]
      [Humongous Register: 0.0 ms]
      [Humongous Reclaim: 0.0 ms]
      [Free CSet: 0.2 ms]
   [Eden: 211.0M(211.0M)->0.0B(205.0M) Survivors: 30.0M->31.0M Heap: 526.9M(2048.0M)->527.9M(2048.0M)]
 [Times: user=1.22 sys=0.06, real=0.18 secs] 
2020-09-29T12:30:16.650+0200: 13.909: [GC pause (G1 Evacuation Pause) (young), 0.2043593 secs]
   [Parallel Time: 203.3 ms, GC Workers: 8]
      [GC Worker Start (ms): Min: 13909.5, Avg: 13909.6, Max: 13909.7, Diff: 0.2]
      [Ext Root Scanning (ms): Min: 0.0, Avg: 0.1, Max: 0.2, Diff: 0.2, Sum: 0.7]
      [Update RS (ms): Min: 18.6, Avg: 18.9, Max: 19.5, Diff: 0.9, Sum: 151.3]
         [Processed Buffers: Min: 15, Avg: 15.6, Max: 17, Diff: 2, Sum: 125]
      [Scan RS (ms): Min: 21.4, Avg: 22.1, Max: 22.3, Diff: 0.9, Sum: 176.4]
      [Code Root Scanning (ms): Min: 0.0, Avg: 0.0, Max: 0.0, Diff: 0.0, Sum: 0.0]
      [Object Copy (ms): Min: 161.3, Avg: 161.5, Max: 162.0, Diff: 0.7, Sum: 1292.2]
      [Termination (ms): Min: 0.0, Avg: 0.4, Max: 0.5, Diff: 0.5, Sum: 3.0]
         [Termination Attempts: Min: 1, Avg: 1960.1, Max: 2406, Diff: 2405, Sum: 15681]
      [GC Worker Other (ms): Min: 0.0, Avg: 0.0, Max: 0.1, Diff: 0.0, Sum: 0.3]
      [GC Worker Total (ms): Min: 202.9, Avg: 203.0, Max: 203.1, Diff: 0.2, Sum: 1623.9]
      [GC Worker End (ms): Min: 14112.6, Avg: 14112.6, Max: 14112.6, Diff: 0.0]
   [Code Root Fixup: 0.0 ms]
   [Code Root Purge: 0.0 ms]
   [Clear CT: 0.1 ms]
   [Other: 0.9 ms]
      [Choose CSet: 0.0 ms]
      [Ref Proc: 0.1 ms]
      [Ref Enq: 0.0 ms]
      [Redirty Cards: 0.2 ms]
      [Humongous Register: 0.0 ms]
      [Humongous Reclaim: 0.0 ms]
      [Free CSet: 0.2 ms]
   [Eden: 205.0M(205.0M)->0.0B(183.0M) Survivors: 31.0M->30.0M Heap: 767.2M(2048.0M)->768.7M(2048.0M)]
 [Times: user=1.55 sys=0.00, real=0.20 secs] 
2020-09-29T12:30:16.994+0200: 14.254: [GC pause (G1 Evacuation Pause) (young), 0.1594687 secs]
   [Parallel Time: 158.3 ms, GC Workers: 8]
      [GC Worker Start (ms): Min: 14254.1, Avg: 14254.2, Max: 14254.3, Diff: 0.2]
      [Ext Root Scanning (ms): Min: 0.0, Avg: 0.1, Max: 0.2, Diff: 0.2, Sum: 0.6]
      [Update RS (ms): Min: 18.0, Avg: 18.3, Max: 18.7, Diff: 0.7, Sum: 146.2]
         [Processed Buffers: Min: 11, Avg: 14.6, Max: 17, Diff: 6, Sum: 117]
      [Scan RS (ms): Min: 17.0, Avg: 17.4, Max: 17.7, Diff: 0.8, Sum: 139.3]
      [Code Root Scanning (ms): Min: 0.0, Avg: 0.0, Max: 0.0, Diff: 0.0, Sum: 0.0]
      [Object Copy (ms): Min: 122.0, Avg: 122.1, Max: 122.2, Diff: 0.2, Sum: 976.9]
      [Termination (ms): Min: 0.0, Avg: 0.0, Max: 0.0, Diff: 0.0, Sum: 0.0]
         [Termination Attempts: Min: 1, Avg: 24.9, Max: 35, Diff: 34, Sum: 199]
      [GC Worker Other (ms): Min: 0.0, Avg: 0.0, Max: 0.1, Diff: 0.0, Sum: 0.3]
      [GC Worker Total (ms): Min: 157.8, Avg: 157.9, Max: 158.0, Diff: 0.2, Sum: 1263.3]
      [GC Worker End (ms): Min: 14412.1, Avg: 14412.1, Max: 14412.2, Diff: 0.0]
   [Code Root Fixup: 0.0 ms]
   [Code Root Purge: 0.0 ms]
   [Clear CT: 0.2 ms]
   [Other: 0.9 ms]
      [Choose CSet: 0.0 ms]
      [Ref Proc: 0.3 ms]
      [Ref Enq: 0.0 ms]
      [Redirty Cards: 0.2 ms]
      [Humongous Register: 0.0 ms]
      [Humongous Reclaim: 0.0 ms]
      [Free CSet: 0.2 ms]
   [Eden: 183.0M(183.0M)->0.0B(194.0M) Survivors: 30.0M->27.0M Heap: 982.2M(2048.0M)->984.7M(2048.0M)]
 [Times: user=1.11 sys=0.09, real=0.16 secs] 
2020-09-29T12:30:17.162+0200: 14.422: [GC pause (G1 Humongous Allocation) (young) (initial-mark), 0.0558511 secs]
   [Parallel Time: 54.9 ms, GC Workers: 8]
      [GC Worker Start (ms): Min: 14422.0, Avg: 14422.0, Max: 14422.1, Diff: 0.1]
      [Ext Root Scanning (ms): Min: 0.0, Avg: 0.1, Max: 0.2, Diff: 0.1, Sum: 0.8]
      [Update RS (ms): Min: 33.0, Avg: 33.3, Max: 33.7, Diff: 0.7, Sum: 266.3]
         [Processed Buffers: Min: 27, Avg: 28.5, Max: 29, Diff: 2, Sum: 228]
      [Scan RS (ms): Min: 1.8, Avg: 2.3, Max: 2.6, Diff: 0.8, Sum: 18.1]
      [Code Root Scanning (ms): Min: 0.0, Avg: 0.0, Max: 0.0, Diff: 0.0, Sum: 0.0]
      [Object Copy (ms): Min: 19.0, Avg: 19.0, Max: 19.1, Diff: 0.1, Sum: 152.4]
      [Termination (ms): Min: 0.0, Avg: 0.0, Max: 0.0, Diff: 0.0, Sum: 0.0]
         [Termination Attempts: Min: 1, Avg: 4.6, Max: 7, Diff: 6, Sum: 37]
      [GC Worker Other (ms): Min: 0.0, Avg: 0.0, Max: 0.0, Diff: 0.0, Sum: 0.2]
      [GC Worker Total (ms): Min: 54.7, Avg: 54.7, Max: 54.8, Diff: 0.1, Sum: 437.8]
      [GC Worker End (ms): Min: 14476.8, Avg: 14476.8, Max: 14476.8, Diff: 0.0]
   [Code Root Fixup: 0.0 ms]
   [Code Root Purge: 0.0 ms]
   [Clear CT: 0.3 ms]
   [Other: 0.7 ms]
      [Choose CSet: 0.0 ms]
      [Ref Proc: 0.2 ms]
      [Ref Enq: 0.0 ms]
      [Redirty Cards: 0.2 ms]
      [Humongous Register: 0.0 ms]
      [Humongous Reclaim: 0.0 ms]
      [Free CSet: 0.1 ms]
   [Eden: 7168.0K(194.0M)->0.0B(227.0M) Survivors: 27.0M->9216.0K Heap: 991.2M(2048.0M)->995.7M(2048.0M)]
 [Times: user=0.34 sys=0.00, real=0.06 secs] 
2020-09-29T12:30:17.218+0200: 14.478: [GC concurrent-root-region-scan-start]
2020-09-29T12:30:17.220+0200: 14.480: [GC concurrent-root-region-scan-end, 0.0017840 secs]
2020-09-29T12:30:17.220+0200: 14.480: [GC concurrent-mark-start]
2020-09-29T12:30:17.223+0200: 14.482: [GC concurrent-mark-end, 0.0028352 secs]
2020-09-29T12:30:17.223+0200: 14.483: [GC remark 2020-09-29T12:30:17.223+0200: 14.483: [Finalize Marking, 0.0002763 secs] 2020-09-29T12:30:17.223+0200: 14.483: [GC ref-proc, 0.0003749 secs] 2020-09-29T12:30:17.224+0200: 14.483: [Unloading, 0.0005354 secs], 0.0016643 secs]
 [Times: user=0.00 sys=0.00, real=0.00 secs] 
2020-09-29T12:30:17.225+0200: 14.485: [GC cleanup 1005M->28M(2048M), 0.0014676 secs]
 [Times: user=0.00 sys=0.00, real=0.00 secs] 
2020-09-29T12:30:17.227+0200: 14.486: [GC concurrent-cleanup-start]
2020-09-29T12:30:17.228+0200: 14.488: [GC concurrent-cleanup-end, 0.0013698 secs]
2020-09-29T12:30:17.390+0200: 14.650: [GC pause (G1 Evacuation Pause) (young), 0.2065816 secs]
   [Parallel Time: 205.1 ms, GC Workers: 8]
      [GC Worker Start (ms): Min: 14649.7, Avg: 14650.0, Max: 14651.6, Diff: 1.9]
      [Ext Root Scanning (ms): Min: 0.0, Avg: 0.1, Max: 0.2, Diff: 0.2, Sum: 0.7]
      [Update RS (ms): Min: 20.8, Avg: 22.6, Max: 23.5, Diff: 2.7, Sum: 180.9]
         [Processed Buffers: Min: 14, Avg: 15.5, Max: 17, Diff: 3, Sum: 124]
      [Scan RS (ms): Min: 20.2, Avg: 20.8, Max: 21.3, Diff: 1.2, Sum: 166.7]
      [Code Root Scanning (ms): Min: 0.0, Avg: 0.0, Max: 0.0, Diff: 0.0, Sum: 0.0]
      [Object Copy (ms): Min: 160.7, Avg: 161.0, Max: 161.1, Diff: 0.4, Sum: 1287.8]
      [Termination (ms): Min: 0.0, Avg: 0.1, Max: 0.2, Diff: 0.1, Sum: 0.8]
         [Termination Attempts: Min: 1, Avg: 236.0, Max: 351, Diff: 350, Sum: 1888]
      [GC Worker Other (ms): Min: 0.0, Avg: 0.0, Max: 0.0, Diff: 0.0, Sum: 0.1]
      [GC Worker Total (ms): Min: 203.1, Avg: 204.6, Max: 205.0, Diff: 1.9, Sum: 1637.1]
      [GC Worker End (ms): Min: 14854.6, Avg: 14854.6, Max: 14854.7, Diff: 0.0]
   [Code Root Fixup: 0.0 ms]
   [Code Root Purge: 0.0 ms]
   [Clear CT: 0.3 ms]
   [Other: 1.2 ms]
      [Choose CSet: 0.0 ms]
      [Ref Proc: 0.3 ms]
      [Ref Enq: 0.0 ms]
      [Redirty Cards: 0.3 ms]
      [Humongous Register: 0.0 ms]
      [Humongous Reclaim: 0.0 ms]
      [Free CSet: 0.3 ms]
   [Eden: 227.0M(227.0M)->0.0B(183.0M) Survivors: 9216.0K->30.0M Heap: 283.6M(2048.0M)->278.1M(2048.0M)]
 [Times: user=1.45 sys=0.06, real=0.21 secs] 
2020-09-29T12:30:17.764+0200: 15.023: [GC pause (G1 Evacuation Pause) (young), 0.1870533 secs]
   [Parallel Time: 184.4 ms, GC Workers: 8]
      [GC Worker Start (ms): Min: 15023.6, Avg: 15023.7, Max: 15023.8, Diff: 0.2]
      [Ext Root Scanning (ms): Min: 0.0, Avg: 0.1, Max: 0.2, Diff: 0.2, Sum: 0.8]
      [Update RS (ms): Min: 15.9, Avg: 16.4, Max: 17.4, Diff: 1.5, Sum: 131.6]
         [Processed Buffers: Min: 11, Avg: 11.9, Max: 13, Diff: 2, Sum: 95]
      [Scan RS (ms): Min: 21.4, Avg: 24.0, Max: 36.1, Diff: 14.7, Sum: 192.3]
      [Code Root Scanning (ms): Min: 0.0, Avg: 0.0, Max: 0.0, Diff: 0.0, Sum: 0.0]
      [Object Copy (ms): Min: 131.8, Avg: 143.5, Max: 145.2, Diff: 13.3, Sum: 1147.7]
      [Termination (ms): Min: 0.0, Avg: 0.1, Max: 0.1, Diff: 0.1, Sum: 0.9]
         [Termination Attempts: Min: 1, Avg: 481.9, Max: 575, Diff: 574, Sum: 3855]
      [GC Worker Other (ms): Min: 0.0, Avg: 0.0, Max: 0.1, Diff: 0.0, Sum: 0.2]
      [GC Worker Total (ms): Min: 184.1, Avg: 184.2, Max: 184.3, Diff: 0.2, Sum: 1473.5]
      [GC Worker End (ms): Min: 15207.9, Avg: 15207.9, Max: 15207.9, Diff: 0.0]
   [Code Root Fixup: 0.0 ms]
   [Code Root Purge: 0.0 ms]
   [Clear CT: 0.3 ms]
   [Other: 2.3 ms]
      [Choose CSet: 0.0 ms]
      [Ref Proc: 0.4 ms]
      [Ref Enq: 0.0 ms]
      [Redirty Cards: 1.3 ms]
      [Humongous Register: 0.0 ms]
      [Humongous Reclaim: 0.0 ms]
      [Free CSet: 0.3 ms]
   [Eden: 183.0M(183.0M)->0.0B(172.0M) Survivors: 30.0M->27.0M Heap: 491.7M(2048.0M)->493.7M(2048.0M)]
 [Times: user=1.34 sys=0.08, real=0.19 secs] 
2020-09-29T12:30:18.092+0200: 15.352: [GC pause (G1 Evacuation Pause) (young), 0.1696490 secs]
   [Parallel Time: 168.2 ms, GC Workers: 8]
      [GC Worker Start (ms): Min: 15352.2, Avg: 15352.4, Max: 15352.5, Diff: 0.2]
      [Ext Root Scanning (ms): Min: 0.0, Avg: 0.1, Max: 0.2, Diff: 0.2, Sum: 0.6]
      [Update RS (ms): Min: 27.5, Avg: 27.8, Max: 28.3, Diff: 0.8, Sum: 222.2]
         [Processed Buffers: Min: 17, Avg: 18.4, Max: 20, Diff: 3, Sum: 147]
      [Scan RS (ms): Min: 13.1, Avg: 13.6, Max: 13.9, Diff: 0.8, Sum: 109.2]
      [Code Root Scanning (ms): Min: 0.0, Avg: 0.0, Max: 0.0, Diff: 0.0, Sum: 0.0]
      [Object Copy (ms): Min: 126.1, Avg: 126.3, Max: 126.4, Diff: 0.3, Sum: 1010.1]
      [Termination (ms): Min: 0.0, Avg: 0.1, Max: 0.1, Diff: 0.1, Sum: 0.7]
         [Termination Attempts: Min: 1, Avg: 278.9, Max: 347, Diff: 346, Sum: 2231]
      [GC Worker Other (ms): Min: 0.0, Avg: 0.0, Max: 0.1, Diff: 0.1, Sum: 0.3]
      [GC Worker Total (ms): Min: 167.8, Avg: 167.9, Max: 168.0, Diff: 0.2, Sum: 1343.1]
      [GC Worker End (ms): Min: 15520.2, Avg: 15520.3, Max: 15520.3, Diff: 0.1]
   [Code Root Fixup: 0.0 ms]
   [Code Root Purge: 0.0 ms]
   [Clear CT: 0.3 ms]
   [Other: 1.1 ms]
      [Choose CSet: 0.0 ms]
      [Ref Proc: 0.4 ms]
      [Ref Enq: 0.0 ms]
      [Redirty Cards: 0.3 ms]
      [Humongous Register: 0.1 ms]
      [Humongous Reclaim: 0.0 ms]
      [Free CSet: 0.1 ms]
   [Eden: 172.0M(172.0M)->0.0B(176.0M) Survivors: 27.0M->25.0M Heap: 694.3M(2048.0M)->696.3M(2048.0M)]
 [Times: user=1.31 sys=0.03, real=0.17 secs] 
2020-09-29T12:30:18.405+0200: 15.665: [GC pause (G1 Evacuation Pause) (young), 0.1687048 secs]
   [Parallel Time: 167.2 ms, GC Workers: 8]
      [GC Worker Start (ms): Min: 15665.0, Avg: 15665.1, Max: 15665.2, Diff: 0.3]
      [Ext Root Scanning (ms): Min: 0.0, Avg: 0.1, Max: 0.2, Diff: 0.2, Sum: 0.7]
      [Update RS (ms): Min: 19.1, Avg: 19.3, Max: 19.9, Diff: 0.9, Sum: 154.1]
         [Processed Buffers: Min: 13, Avg: 14.5, Max: 17, Diff: 4, Sum: 116]
      [Scan RS (ms): Min: 17.8, Avg: 18.4, Max: 18.6, Diff: 0.8, Sum: 147.4]
      [Code Root Scanning (ms): Min: 0.0, Avg: 0.0, Max: 0.0, Diff: 0.0, Sum: 0.0]
      [Object Copy (ms): Min: 128.9, Avg: 129.0, Max: 129.1, Diff: 0.2, Sum: 1032.0]
      [Termination (ms): Min: 0.0, Avg: 0.1, Max: 0.1, Diff: 0.1, Sum: 0.6]
         [Termination Attempts: Min: 1, Avg: 323.0, Max: 418, Diff: 417, Sum: 2584]
      [GC Worker Other (ms): Min: 0.0, Avg: 0.0, Max: 0.1, Diff: 0.1, Sum: 0.3]
      [GC Worker Total (ms): Min: 166.8, Avg: 166.9, Max: 167.1, Diff: 0.3, Sum: 1335.1]
      [GC Worker End (ms): Min: 15832.0, Avg: 15832.0, Max: 15832.0, Diff: 0.1]
   [Code Root Fixup: 0.0 ms]
   [Code Root Purge: 0.0 ms]
   [Clear CT: 0.3 ms]
   [Other: 1.2 ms]
      [Choose CSet: 0.0 ms]
      [Ref Proc: 0.3 ms]
      [Ref Enq: 0.0 ms]
      [Redirty Cards: 0.4 ms]
      [Humongous Register: 0.1 ms]
      [Humongous Reclaim: 0.0 ms]
      [Free CSet: 0.3 ms]
   [Eden: 176.0M(176.0M)->0.0B(178.0M) Survivors: 25.0M->26.0M Heap: 902.8M(2048.0M)->905.3M(2048.0M)]
 [Times: user=1.36 sys=0.02, real=0.17 secs] 
2020-09-29T12:30:18.720+0200: 15.979: [GC pause (G1 Evacuation Pause) (young), 0.1732954 secs]
   [Parallel Time: 172.1 ms, GC Workers: 8]
      [GC Worker Start (ms): Min: 15978.8, Avg: 15978.9, Max: 15979.0, Diff: 0.2]
      [Ext Root Scanning (ms): Min: 0.0, Avg: 0.1, Max: 0.2, Diff: 0.2, Sum: 0.8]
      [Update RS (ms): Min: 20.0, Avg: 20.4, Max: 20.8, Diff: 0.8, Sum: 163.4]
         [Processed Buffers: Min: 13, Avg: 14.3, Max: 15, Diff: 2, Sum: 114]
      [Scan RS (ms): Min: 18.4, Avg: 18.8, Max: 19.3, Diff: 0.9, Sum: 150.3]
      [Code Root Scanning (ms): Min: 0.0, Avg: 0.0, Max: 0.0, Diff: 0.0, Sum: 0.0]
      [Object Copy (ms): Min: 132.2, Avg: 132.4, Max: 132.5, Diff: 0.3, Sum: 1059.4]
      [Termination (ms): Min: 0.0, Avg: 0.0, Max: 0.0, Diff: 0.0, Sum: 0.1]
         [Termination Attempts: Min: 1, Avg: 61.0, Max: 77, Diff: 76, Sum: 488]
      [GC Worker Other (ms): Min: 0.0, Avg: 0.0, Max: 0.1, Diff: 0.1, Sum: 0.3]
      [GC Worker Total (ms): Min: 171.7, Avg: 171.8, Max: 171.9, Diff: 0.2, Sum: 1374.4]
      [GC Worker End (ms): Min: 16150.7, Avg: 16150.7, Max: 16150.7, Diff: 0.1]
   [Code Root Fixup: 0.0 ms]
   [Code Root Purge: 0.0 ms]
   [Clear CT: 0.3 ms]
   [Other: 0.9 ms]
      [Choose CSet: 0.0 ms]
      [Ref Proc: 0.2 ms]
      [Ref Enq: 0.0 ms]
      [Redirty Cards: 0.3 ms]
      [Humongous Register: 0.1 ms]
      [Humongous Reclaim: 0.0 ms]
      [Free CSet: 0.2 ms]
   [Eden: 178.0M(178.0M)->0.0B(180.0M) Survivors: 26.0M->26.0M Heap: 1111.9M(2048.0M)->1113.9M(2048.0M)]
 [Times: user=1.31 sys=0.05, real=0.17 secs] 
2020-09-29T12:30:18.895+0200: 16.154: [GC pause (G1 Humongous Allocation) (young) (initial-mark), 0.0710584 secs]
   [Parallel Time: 69.7 ms, GC Workers: 8]
      [GC Worker Start (ms): Min: 16154.5, Avg: 16154.6, Max: 16154.7, Diff: 0.2]
      [Ext Root Scanning (ms): Min: 0.0, Avg: 0.2, Max: 0.4, Diff: 0.4, Sum: 1.6]
      [Update RS (ms): Min: 44.5, Avg: 44.8, Max: 45.1, Diff: 0.6, Sum: 358.0]
         [Processed Buffers: Min: 32, Avg: 33.6, Max: 35, Diff: 3, Sum: 269]
      [Scan RS (ms): Min: 0.0, Avg: 0.2, Max: 0.5, Diff: 0.5, Sum: 1.5]
      [Code Root Scanning (ms): Min: 0.0, Avg: 0.0, Max: 0.0, Diff: 0.0, Sum: 0.0]
      [Object Copy (ms): Min: 24.1, Avg: 24.3, Max: 24.4, Diff: 0.2, Sum: 194.1]
      [Termination (ms): Min: 0.0, Avg: 0.1, Max: 0.1, Diff: 0.1, Sum: 0.5]
         [Termination Attempts: Min: 1, Avg: 266.3, Max: 326, Diff: 325, Sum: 2130]
      [GC Worker Other (ms): Min: 0.0, Avg: 0.0, Max: 0.0, Diff: 0.0, Sum: 0.2]
      [GC Worker Total (ms): Min: 69.4, Avg: 69.5, Max: 69.6, Diff: 0.2, Sum: 556.0]
      [GC Worker End (ms): Min: 16224.1, Avg: 16224.1, Max: 16224.1, Diff: 0.0]
   [Code Root Fixup: 0.0 ms]
   [Code Root Purge: 0.0 ms]
   [Clear CT: 0.3 ms]
   [Other: 1.0 ms]
      [Choose CSet: 0.0 ms]
      [Ref Proc: 0.2 ms]
      [Ref Enq: 0.0 ms]
      [Redirty Cards: 0.3 ms]
      [Humongous Register: 0.1 ms]
      [Humongous Reclaim: 0.0 ms]
      [Free CSet: 0.1 ms]
   [Eden: 3072.0K(180.0M)->0.0B(182.0M) Survivors: 26.0M->4096.0K Heap: 1116.4M(2048.0M)->1118.9M(2048.0M)]
 [Times: user=0.48 sys=0.00, real=0.07 secs] 
2020-09-29T12:30:18.966+0200: 16.226: [GC concurrent-root-region-scan-start]
2020-09-29T12:30:18.968+0200: 16.227: [GC concurrent-root-region-scan-end, 0.0013527 secs]
2020-09-29T12:30:18.968+0200: 16.227: [GC concurrent-mark-start]
2020-09-29T12:30:18.972+0200: 16.231: [GC concurrent-mark-end, 0.0043038 secs]
2020-09-29T12:30:18.973+0200: 16.232: [GC remark 2020-09-29T12:30:18.973+0200: 16.232: [Finalize Marking, 0.0009871 secs] 2020-09-29T12:30:18.974+0200: 16.233: [GC ref-proc, 0.0005215 secs] 2020-09-29T12:30:18.974+0200: 16.233: [Unloading, 0.0014867 secs], 0.0036611 secs]
 [Times: user=0.00 sys=0.00, real=0.00 secs] 
2020-09-29T12:30:18.977+0200: 16.236: [GC cleanup 1126M->21M(2048M), 0.0019189 secs]
 [Times: user=0.00 sys=0.00, real=0.00 secs] 
2020-09-29T12:30:18.979+0200: 16.238: [GC concurrent-cleanup-start]
2020-09-29T12:30:18.981+0200: 16.241: [GC concurrent-cleanup-end, 0.0025203 secs]
2020-09-29T12:30:19.121+0200: 16.380: [GC pause (G1 Evacuation Pause) (young), 0.1536564 secs]
   [Parallel Time: 151.9 ms, GC Workers: 8]
      [GC Worker Start (ms): Min: 16380.3, Avg: 16380.5, Max: 16380.6, Diff: 0.3]
      [Ext Root Scanning (ms): Min: 0.0, Avg: 0.1, Max: 0.2, Diff: 0.2, Sum: 0.6]
      [Update RS (ms): Min: 15.9, Avg: 16.6, Max: 17.1, Diff: 1.2, Sum: 132.9]
         [Processed Buffers: Min: 10, Avg: 11.5, Max: 14, Diff: 4, Sum: 92]
      [Scan RS (ms): Min: 16.6, Avg: 16.9, Max: 17.6, Diff: 0.9, Sum: 135.1]
      [Code Root Scanning (ms): Min: 0.0, Avg: 0.0, Max: 0.0, Diff: 0.0, Sum: 0.0]
      [Object Copy (ms): Min: 117.6, Avg: 117.8, Max: 117.9, Diff: 0.3, Sum: 942.7]
      [Termination (ms): Min: 0.0, Avg: 0.1, Max: 0.1, Diff: 0.1, Sum: 0.8]
         [Termination Attempts: Min: 1, Avg: 424.4, Max: 543, Diff: 542, Sum: 3395]
      [GC Worker Other (ms): Min: 0.0, Avg: 0.0, Max: 0.1, Diff: 0.1, Sum: 0.3]
      [GC Worker Total (ms): Min: 151.5, Avg: 151.5, Max: 151.8, Diff: 0.3, Sum: 1212.4]
      [GC Worker End (ms): Min: 16532.0, Avg: 16532.0, Max: 16532.1, Diff: 0.1]
   [Code Root Fixup: 0.0 ms]
   [Code Root Purge: 0.0 ms]
   [Clear CT: 0.6 ms]
   [Other: 1.2 ms]
      [Choose CSet: 0.0 ms]
      [Ref Proc: 0.4 ms]
      [Ref Enq: 0.0 ms]
      [Redirty Cards: 0.4 ms]
      [Humongous Register: 0.0 ms]
      [Humongous Reclaim: 0.0 ms]
      [Free CSet: 0.1 ms]
   [Eden: 182.0M(182.0M)->0.0B(171.0M) Survivors: 4096.0K->24.0M Heap: 226.0M(2048.0M)->224.0M(2048.0M)]
 [Times: user=1.20 sys=0.03, real=0.15 secs] 
2020-09-29T12:30:19.417+0200: 16.676: [GC pause (G1 Evacuation Pause) (young), 0.1782943 secs]
   [Parallel Time: 176.9 ms, GC Workers: 8]
      [GC Worker Start (ms): Min: 16676.4, Avg: 16676.5, Max: 16676.6, Diff: 0.2]
      [Ext Root Scanning (ms): Min: 0.0, Avg: 0.1, Max: 0.2, Diff: 0.2, Sum: 0.7]
      [Update RS (ms): Min: 18.1, Avg: 18.6, Max: 19.6, Diff: 1.5, Sum: 149.2]
         [Processed Buffers: Min: 12, Avg: 13.0, Max: 14, Diff: 2, Sum: 104]
      [Scan RS (ms): Min: 16.7, Avg: 17.6, Max: 18.2, Diff: 1.5, Sum: 140.6]
      [Code Root Scanning (ms): Min: 0.0, Avg: 0.0, Max: 0.0, Diff: 0.0, Sum: 0.0]
      [Object Copy (ms): Min: 139.8, Avg: 140.0, Max: 140.4, Diff: 0.5, Sum: 1119.9]
      [Termination (ms): Min: 0.0, Avg: 0.2, Max: 0.3, Diff: 0.3, Sum: 2.0]
         [Termination Attempts: Min: 1, Avg: 1151.9, Max: 1389, Diff: 1388, Sum: 9215]
      [GC Worker Other (ms): Min: 0.0, Avg: 0.0, Max: 0.1, Diff: 0.1, Sum: 0.3]
      [GC Worker Total (ms): Min: 176.5, Avg: 176.6, Max: 176.7, Diff: 0.2, Sum: 1412.7]
      [GC Worker End (ms): Min: 16853.1, Avg: 16853.1, Max: 16853.1, Diff: 0.1]
   [Code Root Fixup: 0.0 ms]
   [Code Root Purge: 0.0 ms]
   [Clear CT: 0.3 ms]
   [Other: 1.1 ms]
      [Choose CSet: 0.0 ms]
      [Ref Proc: 0.2 ms]
      [Ref Enq: 0.0 ms]
      [Redirty Cards: 0.4 ms]
      [Humongous Register: 0.0 ms]
      [Humongous Reclaim: 0.0 ms]
      [Free CSet: 0.2 ms]
   [Eden: 171.0M(171.0M)->0.0B(166.0M) Survivors: 24.0M->25.0M Heap: 423.6M(2048.0M)->425.6M(2048.0M)]
 [Times: user=1.17 sys=0.09, real=0.18 secs] 
2020-09-29T12:30:19.732+0200: 16.991: [GC pause (G1 Evacuation Pause) (young), 0.1604072 secs]
   [Parallel Time: 159.1 ms, GC Workers: 8]
      [GC Worker Start (ms): Min: 16991.2, Avg: 16991.3, Max: 16991.3, Diff: 0.2]
      [Ext Root Scanning (ms): Min: 0.0, Avg: 0.1, Max: 0.2, Diff: 0.2, Sum: 0.8]
      [Update RS (ms): Min: 21.5, Avg: 21.8, Max: 22.2, Diff: 0.7, Sum: 174.2]
         [Processed Buffers: Min: 14, Avg: 15.8, Max: 17, Diff: 3, Sum: 126]
      [Scan RS (ms): Min: 15.0, Avg: 15.4, Max: 15.7, Diff: 0.7, Sum: 123.3]
      [Code Root Scanning (ms): Min: 0.0, Avg: 0.0, Max: 0.0, Diff: 0.0, Sum: 0.0]
      [Object Copy (ms): Min: 121.4, Avg: 121.5, Max: 121.5, Diff: 0.1, Sum: 971.6]
      [Termination (ms): Min: 0.0, Avg: 0.0, Max: 0.0, Diff: 0.0, Sum: 0.2]
         [Termination Attempts: Min: 1, Avg: 86.3, Max: 106, Diff: 105, Sum: 690]
      [GC Worker Other (ms): Min: 0.0, Avg: 0.0, Max: 0.1, Diff: 0.0, Sum: 0.2]
      [GC Worker Total (ms): Min: 158.7, Avg: 158.8, Max: 158.9, Diff: 0.2, Sum: 1270.3]
      [GC Worker End (ms): Min: 17150.0, Avg: 17150.0, Max: 17150.1, Diff: 0.0]
   [Code Root Fixup: 0.0 ms]
   [Code Root Purge: 0.0 ms]
   [Clear CT: 0.3 ms]
   [Other: 1.0 ms]
      [Choose CSet: 0.0 ms]
      [Ref Proc: 0.3 ms]
      [Ref Enq: 0.0 ms]
      [Redirty Cards: 0.3 ms]
      [Humongous Register: 0.0 ms]
      [Humongous Reclaim: 0.0 ms]
      [Free CSet: 0.1 ms]
   [Eden: 166.0M(166.0M)->0.0B(173.0M) Survivors: 25.0M->24.0M Heap: 620.2M(2048.0M)->622.2M(2048.0M)]
 [Times: user=1.23 sys=0.00, real=0.16 secs] 
2020-09-29T12:30:20.036+0200: 17.296: [GC pause (G1 Evacuation Pause) (young), 0.1716773 secs]
   [Parallel Time: 169.8 ms, GC Workers: 8]
      [GC Worker Start (ms): Min: 17295.8, Avg: 17296.0, Max: 17296.6, Diff: 0.8]
      [Ext Root Scanning (ms): Min: 0.0, Avg: 0.1, Max: 0.2, Diff: 0.2, Sum: 0.7]
      [Update RS (ms): Min: 18.7, Avg: 19.2, Max: 20.3, Diff: 1.6, Sum: 154.0]
         [Processed Buffers: Min: 12, Avg: 13.6, Max: 16, Diff: 4, Sum: 109]
      [Scan RS (ms): Min: 17.2, Avg: 18.5, Max: 19.1, Diff: 1.9, Sum: 147.9]
      [Code Root Scanning (ms): Min: 0.0, Avg: 0.0, Max: 0.0, Diff: 0.0, Sum: 0.0]
      [Object Copy (ms): Min: 131.2, Avg: 131.2, Max: 131.3, Diff: 0.2, Sum: 1049.9]
      [Termination (ms): Min: 0.0, Avg: 0.2, Max: 0.2, Diff: 0.2, Sum: 1.2]
         [Termination Attempts: Min: 1, Avg: 675.0, Max: 852, Diff: 851, Sum: 5400]
      [GC Worker Other (ms): Min: 0.0, Avg: 0.0, Max: 0.1, Diff: 0.0, Sum: 0.3]
      [GC Worker Total (ms): Min: 168.6, Avg: 169.2, Max: 169.5, Diff: 0.9, Sum: 1353.9]
      [GC Worker End (ms): Min: 17465.2, Avg: 17465.2, Max: 17465.3, Diff: 0.0]
   [Code Root Fixup: 0.0 ms]
   [Code Root Purge: 0.0 ms]
   [Clear CT: 0.6 ms]
   [Other: 1.3 ms]
      [Choose CSet: 0.0 ms]
      [Ref Proc: 0.4 ms]
      [Ref Enq: 0.0 ms]
      [Redirty Cards: 0.4 ms]
      [Humongous Register: 0.1 ms]
      [Humongous Reclaim: 0.0 ms]
      [Free CSet: 0.2 ms]
   [Eden: 173.0M(173.0M)->0.0B(175.0M) Survivors: 24.0M->25.0M Heap: 823.8M(2048.0M)->825.8M(2048.0M)]
 [Times: user=1.20 sys=0.05, real=0.17 secs] 
2020-09-29T12:30:20.353+0200: 17.612: [GC pause (G1 Evacuation Pause) (young), 0.1729730 secs]
   [Parallel Time: 171.5 ms, GC Workers: 8]
      [GC Worker Start (ms): Min: 17612.3, Avg: 17612.4, Max: 17612.5, Diff: 0.2]
      [Ext Root Scanning (ms): Min: 0.0, Avg: 0.1, Max: 0.2, Diff: 0.2, Sum: 0.9]
      [Update RS (ms): Min: 21.0, Avg: 21.4, Max: 22.1, Diff: 1.0, Sum: 171.0]
         [Processed Buffers: Min: 12, Avg: 14.1, Max: 17, Diff: 5, Sum: 113]
      [Scan RS (ms): Min: 17.0, Avg: 17.7, Max: 18.1, Diff: 1.1, Sum: 141.2]
      [Code Root Scanning (ms): Min: 0.0, Avg: 0.0, Max: 0.0, Diff: 0.0, Sum: 0.0]
      [Object Copy (ms): Min: 131.8, Avg: 132.0, Max: 132.1, Diff: 0.3, Sum: 1055.7]
      [Termination (ms): Min: 0.0, Avg: 0.1, Max: 0.1, Diff: 0.1, Sum: 0.8]
         [Termination Attempts: Min: 1, Avg: 390.0, Max: 491, Diff: 490, Sum: 3120]
      [GC Worker Other (ms): Min: 0.0, Avg: 0.0, Max: 0.1, Diff: 0.1, Sum: 0.3]
      [GC Worker Total (ms): Min: 171.1, Avg: 171.2, Max: 171.3, Diff: 0.2, Sum: 1369.9]
      [GC Worker End (ms): Min: 17783.6, Avg: 17783.7, Max: 17783.7, Diff: 0.1]
   [Code Root Fixup: 0.0 ms]
   [Code Root Purge: 0.0 ms]
   [Clear CT: 0.4 ms]
   [Other: 1.1 ms]
      [Choose CSet: 0.0 ms]
      [Ref Proc: 0.3 ms]
      [Ref Enq: 0.0 ms]
      [Redirty Cards: 0.4 ms]
      [Humongous Register: 0.1 ms]
      [Humongous Reclaim: 0.0 ms]
      [Free CSet: 0.2 ms]
   [Eden: 175.0M(175.0M)->0.0B(178.0M) Survivors: 25.0M->25.0M Heap: 1029.5M(2048.0M)->1031.5M(2048.0M)]
 [Times: user=1.30 sys=0.03, real=0.17 secs] 
2020-09-29T12:30:20.542+0200: 17.801: [GC pause (G1 Humongous Allocation) (young) (initial-mark), 0.0564019 secs]
   [Parallel Time: 55.1 ms, GC Workers: 8]
      [GC Worker Start (ms): Min: 17801.5, Avg: 17801.6, Max: 17801.7, Diff: 0.2]
      [Ext Root Scanning (ms): Min: 0.0, Avg: 3.7, Max: 26.9, Diff: 26.9, Sum: 29.6]
      [Update RS (ms): Min: 3.8, Avg: 27.2, Max: 31.0, Diff: 27.3, Sum: 217.2]
         [Processed Buffers: Min: 4, Avg: 19.6, Max: 25, Diff: 21, Sum: 157]
      [Scan RS (ms): Min: 2.0, Avg: 2.4, Max: 2.7, Diff: 0.8, Sum: 19.0]
      [Code Root Scanning (ms): Min: 0.0, Avg: 0.0, Max: 0.0, Diff: 0.0, Sum: 0.0]
      [Object Copy (ms): Min: 21.1, Avg: 21.6, Max: 21.7, Diff: 0.6, Sum: 172.5]
      [Termination (ms): Min: 0.0, Avg: 0.0, Max: 0.0, Diff: 0.0, Sum: 0.1]
         [Termination Attempts: Min: 1, Avg: 42.3, Max: 52, Diff: 51, Sum: 338]
      [GC Worker Other (ms): Min: 0.0, Avg: 0.0, Max: 0.1, Diff: 0.0, Sum: 0.2]
      [GC Worker Total (ms): Min: 54.7, Avg: 54.8, Max: 54.9, Diff: 0.2, Sum: 438.6]
      [GC Worker End (ms): Min: 17856.4, Avg: 17856.4, Max: 17856.4, Diff: 0.0]
   [Code Root Fixup: 0.0 ms]
   [Code Root Purge: 0.0 ms]
   [Clear CT: 0.3 ms]
   [Other: 1.0 ms]
      [Choose CSet: 0.0 ms]
      [Ref Proc: 0.3 ms]
      [Ref Enq: 0.0 ms]
      [Redirty Cards: 0.3 ms]
      [Humongous Register: 0.1 ms]
      [Humongous Reclaim: 0.0 ms]
      [Free CSet: 0.1 ms]
   [Eden: 3072.0K(178.0M)->0.0B(203.0M) Survivors: 25.0M->5120.0K Heap: 1034.5M(2048.0M)->1038.5M(2048.0M)]
 [Times: user=0.36 sys=0.00, real=0.06 secs] 
2020-09-29T12:30:20.599+0200: 17.858: [GC concurrent-root-region-scan-start]
2020-09-29T12:30:20.600+0200: 17.859: [GC concurrent-root-region-scan-end, 0.0014151 secs]
2020-09-29T12:30:20.600+0200: 17.859: [GC concurrent-mark-start]
2020-09-29T12:30:20.605+0200: 17.864: [GC concurrent-mark-end, 0.0050590 secs]
2020-09-29T12:30:20.606+0200: 17.865: [GC remark 2020-09-29T12:30:20.606+0200: 17.865: [Finalize Marking, 0.0005331 secs] 2020-09-29T12:30:20.607+0200: 17.866: [GC ref-proc, 0.0005257 secs] 2020-09-29T12:30:20.607+0200: 17.866: [Unloading, 0.0007852 secs], 0.0023386 secs]
 [Times: user=0.00 sys=0.00, real=0.00 secs] 
2020-09-29T12:30:20.609+0200: 17.868: [GC cleanup 1048M->24M(2048M), 0.0018838 secs]
 [Times: user=0.00 sys=0.00, real=0.00 secs] 
2020-09-29T12:30:20.611+0200: 17.870: [GC concurrent-cleanup-start]
2020-09-29T12:30:20.613+0200: 17.872: [GC concurrent-cleanup-end, 0.0023486 secs]
2020-09-29T12:30:20.765+0200: 18.024: [GC pause (G1 Evacuation Pause) (young), 0.1718073 secs]
   [Parallel Time: 170.4 ms, GC Workers: 8]
      [GC Worker Start (ms): Min: 18024.3, Avg: 18024.4, Max: 18024.5, Diff: 0.2]
      [Ext Root Scanning (ms): Min: 0.0, Avg: 0.1, Max: 0.2, Diff: 0.2, Sum: 0.8]
      [Update RS (ms): Min: 14.8, Avg: 15.3, Max: 16.1, Diff: 1.3, Sum: 122.6]
         [Processed Buffers: Min: 11, Avg: 11.1, Max: 12, Diff: 1, Sum: 89]
      [Scan RS (ms): Min: 20.8, Avg: 21.4, Max: 21.8, Diff: 1.0, Sum: 171.0]
      [Code Root Scanning (ms): Min: 0.0, Avg: 0.0, Max: 0.0, Diff: 0.0, Sum: 0.0]
      [Object Copy (ms): Min: 133.0, Avg: 133.2, Max: 133.2, Diff: 0.3, Sum: 1065.3]
      [Termination (ms): Min: 0.0, Avg: 0.0, Max: 0.1, Diff: 0.0, Sum: 0.3]
         [Termination Attempts: Min: 1, Avg: 160.3, Max: 201, Diff: 200, Sum: 1282]
      [GC Worker Other (ms): Min: 0.0, Avg: 0.1, Max: 0.1, Diff: 0.1, Sum: 0.4]
      [GC Worker Total (ms): Min: 169.9, Avg: 170.0, Max: 170.2, Diff: 0.2, Sum: 1360.4]
      [GC Worker End (ms): Min: 18194.4, Avg: 18194.5, Max: 18194.5, Diff: 0.1]
   [Code Root Fixup: 0.0 ms]
   [Code Root Purge: 0.0 ms]
   [Clear CT: 0.2 ms]
   [Other: 1.2 ms]
      [Choose CSet: 0.0 ms]
      [Ref Proc: 0.4 ms]
      [Ref Enq: 0.0 ms]
      [Redirty Cards: 0.3 ms]
      [Humongous Register: 0.0 ms]
      [Humongous Reclaim: 0.0 ms]
      [Free CSet: 0.2 ms]
   [Eden: 203.0M(203.0M)->0.0B(182.0M) Survivors: 5120.0K->26.0M Heap: 252.3M(2048.0M)->249.3M(2048.0M)]
 [Times: user=1.26 sys=0.06, real=0.17 secs] 
2020-09-29T12:30:21.093+0200: 18.352: [GC pause (G1 Evacuation Pause) (young), 0.1909422 secs]
   [Parallel Time: 189.4 ms, GC Workers: 8]
      [GC Worker Start (ms): Min: 18352.6, Avg: 18352.7, Max: 18352.8, Diff: 0.2]
      [Ext Root Scanning (ms): Min: 0.0, Avg: 0.1, Max: 0.2, Diff: 0.2, Sum: 0.8]
      [Update RS (ms): Min: 14.6, Avg: 15.0, Max: 15.7, Diff: 1.1, Sum: 119.7]
         [Processed Buffers: Min: 11, Avg: 11.4, Max: 12, Diff: 1, Sum: 91]
      [Scan RS (ms): Min: 20.8, Avg: 21.5, Max: 21.9, Diff: 1.2, Sum: 171.8]
      [Code Root Scanning (ms): Min: 0.0, Avg: 0.0, Max: 0.0, Diff: 0.0, Sum: 0.0]
      [Object Copy (ms): Min: 151.9, Avg: 152.1, Max: 152.6, Diff: 0.6, Sum: 1216.5]
      [Termination (ms): Min: 0.0, Avg: 0.5, Max: 0.6, Diff: 0.6, Sum: 4.0]
         [Termination Attempts: Min: 1, Avg: 1868.9, Max: 2293, Diff: 2292, Sum: 14951]
      [GC Worker Other (ms): Min: 0.0, Avg: 0.0, Max: 0.0, Diff: 0.0, Sum: 0.1]
      [GC Worker Total (ms): Min: 189.0, Avg: 189.1, Max: 189.2, Diff: 0.2, Sum: 1513.0]
      [GC Worker End (ms): Min: 18541.8, Avg: 18541.8, Max: 18541.8, Diff: 0.0]
   [Code Root Fixup: 0.0 ms]
   [Code Root Purge: 0.0 ms]
   [Clear CT: 0.5 ms]
   [Other: 1.0 ms]
      [Choose CSet: 0.0 ms]
      [Ref Proc: 0.2 ms]
      [Ref Enq: 0.0 ms]
      [Redirty Cards: 0.3 ms]
      [Humongous Register: 0.0 ms]
      [Humongous Reclaim: 0.0 ms]
      [Free CSet: 0.2 ms]
   [Eden: 182.0M(182.0M)->0.0B(171.0M) Survivors: 26.0M->26.0M Heap: 461.9M(2048.0M)->464.4M(2048.0M)]
 [Times: user=1.41 sys=0.06, real=0.19 secs] 
2020-09-29T12:30:21.421+0200: 18.680: [GC pause (G1 Evacuation Pause) (young), 0.1736749 secs]
   [Parallel Time: 172.2 ms, GC Workers: 8]
      [GC Worker Start (ms): Min: 18679.9, Avg: 18680.0, Max: 18680.0, Diff: 0.2]
      [Ext Root Scanning (ms): Min: 0.0, Avg: 0.1, Max: 0.2, Diff: 0.2, Sum: 0.9]
      [Update RS (ms): Min: 21.0, Avg: 21.2, Max: 21.8, Diff: 0.8, Sum: 169.7]
         [Processed Buffers: Min: 14, Avg: 14.9, Max: 17, Diff: 3, Sum: 119]
      [Scan RS (ms): Min: 16.0, Avg: 16.7, Max: 17.0, Diff: 1.0, Sum: 133.3]
      [Code Root Scanning (ms): Min: 0.0, Avg: 0.0, Max: 0.0, Diff: 0.0, Sum: 0.0]
      [Object Copy (ms): Min: 133.7, Avg: 133.8, Max: 134.0, Diff: 0.3, Sum: 1070.8]
      [Termination (ms): Min: 0.0, Avg: 0.1, Max: 0.1, Diff: 0.1, Sum: 0.7]
         [Termination Attempts: Min: 1, Avg: 394.0, Max: 509, Diff: 508, Sum: 3152]
      [GC Worker Other (ms): Min: 0.0, Avg: 0.1, Max: 0.1, Diff: 0.1, Sum: 0.5]
      [GC Worker Total (ms): Min: 171.9, Avg: 172.0, Max: 172.1, Diff: 0.2, Sum: 1375.9]
      [GC Worker End (ms): Min: 18851.9, Avg: 18852.0, Max: 18852.0, Diff: 0.1]
   [Code Root Fixup: 0.0 ms]
   [Code Root Purge: 0.0 ms]
   [Clear CT: 0.3 ms]
   [Other: 1.2 ms]
      [Choose CSet: 0.0 ms]
      [Ref Proc: 0.3 ms]
      [Ref Enq: 0.0 ms]
      [Redirty Cards: 0.4 ms]
      [Humongous Register: 0.1 ms]
      [Humongous Reclaim: 0.0 ms]
      [Free CSet: 0.2 ms]
   [Eden: 171.0M(171.0M)->0.0B(173.0M) Survivors: 26.0M->25.0M Heap: 664.0M(2048.0M)->666.0M(2048.0M)]
 [Times: user=1.28 sys=0.03, real=0.17 secs] 
2020-09-29T12:30:21.746+0200: 19.005: [GC pause (G1 Evacuation Pause) (young), 0.1762760 secs]
   [Parallel Time: 175.1 ms, GC Workers: 8]
      [GC Worker Start (ms): Min: 19005.6, Avg: 19005.7, Max: 19005.8, Diff: 0.2]
      [Ext Root Scanning (ms): Min: 0.0, Avg: 0.1, Max: 0.2, Diff: 0.2, Sum: 0.9]
      [Update RS (ms): Min: 15.2, Avg: 15.6, Max: 16.0, Diff: 0.8, Sum: 124.9]
         [Processed Buffers: Min: 11, Avg: 11.6, Max: 14, Diff: 3, Sum: 93]
      [Scan RS (ms): Min: 19.7, Avg: 22.9, Max: 43.7, Diff: 23.9, Sum: 183.5]
      [Code Root Scanning (ms): Min: 0.0, Avg: 0.0, Max: 0.0, Diff: 0.0, Sum: 0.0]
      [Object Copy (ms): Min: 115.6, Avg: 136.0, Max: 138.9, Diff: 23.3, Sum: 1087.8]
      [Termination (ms): Min: 0.0, Avg: 0.1, Max: 0.1, Diff: 0.1, Sum: 0.9]
         [Termination Attempts: Min: 1, Avg: 511.0, Max: 638, Diff: 637, Sum: 4088]
      [GC Worker Other (ms): Min: 0.0, Avg: 0.0, Max: 0.1, Diff: 0.0, Sum: 0.3]
      [GC Worker Total (ms): Min: 174.7, Avg: 174.8, Max: 174.9, Diff: 0.2, Sum: 1398.2]
      [GC Worker End (ms): Min: 19180.5, Avg: 19180.5, Max: 19180.5, Diff: 0.0]
   [Code Root Fixup: 0.0 ms]
   [Code Root Purge: 0.0 ms]
   [Clear CT: 0.3 ms]
   [Other: 0.9 ms]
      [Choose CSet: 0.0 ms]
      [Ref Proc: 0.2 ms]
      [Ref Enq: 0.0 ms]
      [Redirty Cards: 0.3 ms]
      [Humongous Register: 0.1 ms]
      [Humongous Reclaim: 0.0 ms]
      [Free CSet: 0.1 ms]
   [Eden: 173.0M(173.0M)->0.0B(170.0M) Survivors: 25.0M->25.0M Heap: 867.6M(2048.0M)->869.6M(2048.0M)]
 [Times: user=1.25 sys=0.06, real=0.18 secs] 
2020-09-29T12:30:22.059+0200: 19.318: [GC pause (G1 Evacuation Pause) (young), 0.1610154 secs]
   [Parallel Time: 159.3 ms, GC Workers: 8]
      [GC Worker Start (ms): Min: 19318.6, Avg: 19318.8, Max: 19318.9, Diff: 0.2]
      [Ext Root Scanning (ms): Min: 0.0, Avg: 0.1, Max: 0.2, Diff: 0.2, Sum: 0.7]
      [Update RS (ms): Min: 19.8, Avg: 20.2, Max: 20.9, Diff: 1.1, Sum: 161.6]
         [Processed Buffers: Min: 13, Avg: 14.5, Max: 16, Diff: 3, Sum: 116]
      [Scan RS (ms): Min: 16.1, Avg: 16.7, Max: 17.1, Diff: 1.0, Sum: 133.8]
      [Code Root Scanning (ms): Min: 0.0, Avg: 0.0, Max: 0.0, Diff: 0.0, Sum: 0.0]
      [Object Copy (ms): Min: 121.8, Avg: 121.9, Max: 122.0, Diff: 0.2, Sum: 975.2]
      [Termination (ms): Min: 0.0, Avg: 0.1, Max: 0.1, Diff: 0.1, Sum: 0.7]
         [Termination Attempts: Min: 1, Avg: 48.8, Max: 64, Diff: 63, Sum: 390]
      [GC Worker Other (ms): Min: 0.0, Avg: 0.0, Max: 0.0, Diff: 0.0, Sum: 0.1]
      [GC Worker Total (ms): Min: 158.9, Avg: 159.0, Max: 159.2, Diff: 0.2, Sum: 1272.1]
      [GC Worker End (ms): Min: 19477.8, Avg: 19477.8, Max: 19477.8, Diff: 0.1]
   [Code Root Fixup: 0.0 ms]
   [Code Root Purge: 0.0 ms]
   [Clear CT: 0.7 ms]
   [Other: 1.1 ms]
      [Choose CSet: 0.0 ms]
      [Ref Proc: 0.3 ms]
      [Ref Enq: 0.0 ms]
      [Redirty Cards: 0.3 ms]
      [Humongous Register: 0.1 ms]
      [Humongous Reclaim: 0.0 ms]
      [Free CSet: 0.1 ms]
   [Eden: 170.0M(170.0M)->0.0B(177.0M) Survivors: 25.0M->25.0M Heap: 1068.2M(2048.0M)->1070.7M(2048.0M)]
 [Times: user=1.20 sys=0.03, real=0.16 secs] 
2020-09-29T12:30:22.232+0200: 19.491: [GC pause (G1 Humongous Allocation) (young) (initial-mark), 0.0536779 secs]
   [Parallel Time: 52.4 ms, GC Workers: 8]
      [GC Worker Start (ms): Min: 19491.7, Avg: 19491.8, Max: 19491.8, Diff: 0.1]
      [Ext Root Scanning (ms): Min: 0.1, Avg: 0.1, Max: 0.2, Diff: 0.1, Sum: 1.0]
      [Update RS (ms): Min: 28.5, Avg: 29.0, Max: 29.5, Diff: 1.1, Sum: 231.7]
         [Processed Buffers: Min: 20, Avg: 22.1, Max: 23, Diff: 3, Sum: 177]
      [Scan RS (ms): Min: 1.9, Avg: 2.5, Max: 3.0, Diff: 1.1, Sum: 19.9]
      [Code Root Scanning (ms): Min: 0.0, Avg: 0.0, Max: 0.0, Diff: 0.0, Sum: 0.0]
      [Object Copy (ms): Min: 20.5, Avg: 20.6, Max: 20.7, Diff: 0.2, Sum: 164.8]
      [Termination (ms): Min: 0.0, Avg: 0.0, Max: 0.0, Diff: 0.0, Sum: 0.0]
         [Termination Attempts: Min: 1, Avg: 3.5, Max: 6, Diff: 5, Sum: 28]
      [GC Worker Other (ms): Min: 0.0, Avg: 0.0, Max: 0.0, Diff: 0.0, Sum: 0.1]
      [GC Worker Total (ms): Min: 52.1, Avg: 52.2, Max: 52.3, Diff: 0.1, Sum: 417.5]
      [GC Worker End (ms): Min: 19543.9, Avg: 19543.9, Max: 19544.0, Diff: 0.0]
   [Code Root Fixup: 0.0 ms]
   [Code Root Purge: 0.0 ms]
   [Clear CT: 0.3 ms]
   [Other: 1.0 ms]
      [Choose CSet: 0.0 ms]
      [Ref Proc: 0.3 ms]
      [Ref Enq: 0.0 ms]
      [Redirty Cards: 0.3 ms]
      [Humongous Register: 0.1 ms]
      [Humongous Reclaim: 0.0 ms]
      [Free CSet: 0.1 ms]
   [Eden: 6144.0K(177.0M)->0.0B(205.0M) Survivors: 25.0M->7168.0K Heap: 1076.2M(2048.0M)->1079.7M(2048.0M)]
 [Times: user=0.39 sys=0.00, real=0.05 secs] 
2020-09-29T12:30:22.286+0200: 19.545: [GC concurrent-root-region-scan-start]
2020-09-29T12:30:22.288+0200: 19.547: [GC concurrent-root-region-scan-end, 0.0020001 secs]
2020-09-29T12:30:22.288+0200: 19.547: [GC concurrent-mark-start]
2020-09-29T12:30:22.292+0200: 19.551: [GC concurrent-mark-end, 0.0038116 secs]
2020-09-29T12:30:22.292+0200: 19.552: [GC remark 2020-09-29T12:30:22.292+0200: 19.552: [Finalize Marking, 0.0003542 secs] 2020-09-29T12:30:22.293+0200: 19.552: [GC ref-proc, 0.0004179 secs] 2020-09-29T12:30:22.293+0200: 19.552: [Unloading, 0.0007452 secs], 0.0020615 secs]
 [Times: user=0.00 sys=0.00, real=0.00 secs] 
2020-09-29T12:30:22.295+0200: 19.554: [GC cleanup 1089M->26M(2048M), 0.0027220 secs]
 [Times: user=0.00 sys=0.00, real=0.00 secs] 
2020-09-29T12:30:22.298+0200: 19.557: [GC concurrent-cleanup-start]
2020-09-29T12:30:22.300+0200: 19.559: [GC concurrent-cleanup-end, 0.0022420 secs]
2020-09-29T12:30:22.406+0200: 19.666: [GC pause (G1 Evacuation Pause) (young), 0.1053323 secs]
   [Parallel Time: 103.8 ms, GC Workers: 8]
      [GC Worker Start (ms): Min: 19665.7, Avg: 19665.8, Max: 19665.9, Diff: 0.1]
      [Ext Root Scanning (ms): Min: 0.0, Avg: 0.1, Max: 0.1, Diff: 0.1, Sum: 0.5]
      [Update RS (ms): Min: 8.6, Avg: 8.8, Max: 9.4, Diff: 0.8, Sum: 70.5]
         [Processed Buffers: Min: 9, Avg: 9.8, Max: 10, Diff: 1, Sum: 78]
      [Scan RS (ms): Min: 13.5, Avg: 14.0, Max: 14.3, Diff: 0.8, Sum: 111.8]
      [Code Root Scanning (ms): Min: 0.0, Avg: 0.0, Max: 0.0, Diff: 0.0, Sum: 0.0]
      [Object Copy (ms): Min: 80.6, Avg: 80.7, Max: 80.8, Diff: 0.2, Sum: 645.4]
      [Termination (ms): Min: 0.0, Avg: 0.0, Max: 0.0, Diff: 0.0, Sum: 0.3]
         [Termination Attempts: Min: 1, Avg: 270.6, Max: 337, Diff: 336, Sum: 2165]
      [GC Worker Other (ms): Min: 0.0, Avg: 0.0, Max: 0.1, Diff: 0.1, Sum: 0.3]
      [GC Worker Total (ms): Min: 103.5, Avg: 103.6, Max: 103.7, Diff: 0.2, Sum: 828.7]
      [GC Worker End (ms): Min: 19769.4, Avg: 19769.4, Max: 19769.4, Diff: 0.1]
   [Code Root Fixup: 0.0 ms]
   [Code Root Purge: 0.0 ms]
   [Clear CT: 0.6 ms]
   [Other: 1.0 ms]
      [Choose CSet: 0.0 ms]
      [Ref Proc: 0.2 ms]
      [Ref Enq: 0.0 ms]
      [Redirty Cards: 0.3 ms]
      [Humongous Register: 0.1 ms]
      [Humongous Reclaim: 0.0 ms]
      [Free CSet: 0.1 ms]
   [Eden: 205.0M(205.0M)->0.0B(206.0M) Survivors: 7168.0K->27.0M Heap: 256.3M(2048.0M)->250.8M(2048.0M)]
 [Times: user=0.81 sys=0.06, real=0.11 secs] 
2020-09-29T12:30:22.628+0200: 19.888: [GC pause (G1 Evacuation Pause) (young), 0.1345629 secs]
   [Parallel Time: 133.5 ms, GC Workers: 8]
      [GC Worker Start (ms): Min: 19888.2, Avg: 19888.9, Max: 19893.7, Diff: 5.5]
      [Ext Root Scanning (ms): Min: 0.0, Avg: 0.1, Max: 0.1, Diff: 0.1, Sum: 0.7]
      [Update RS (ms): Min: 7.7, Avg: 12.3, Max: 13.4, Diff: 5.7, Sum: 98.3]
         [Processed Buffers: Min: 7, Avg: 10.5, Max: 15, Diff: 8, Sum: 84]
      [Scan RS (ms): Min: 17.6, Avg: 18.1, Max: 18.5, Diff: 1.0, Sum: 144.9]
      [Code Root Scanning (ms): Min: 0.0, Avg: 0.0, Max: 0.0, Diff: 0.0, Sum: 0.0]
      [Object Copy (ms): Min: 102.0, Avg: 102.1, Max: 102.2, Diff: 0.2, Sum: 817.0]
      [Termination (ms): Min: 0.0, Avg: 0.1, Max: 0.1, Diff: 0.1, Sum: 0.5]
         [Termination Attempts: Min: 1, Avg: 410.9, Max: 633, Diff: 632, Sum: 3287]
      [GC Worker Other (ms): Min: 0.0, Avg: 0.0, Max: 0.0, Diff: 0.0, Sum: 0.2]
      [GC Worker Total (ms): Min: 127.9, Avg: 132.7, Max: 133.4, Diff: 5.5, Sum: 1061.7]
      [GC Worker End (ms): Min: 20021.6, Avg: 20021.6, Max: 20021.6, Diff: 0.0]
   [Code Root Fixup: 0.0 ms]
   [Code Root Purge: 0.0 ms]
   [Clear CT: 0.2 ms]
   [Other: 0.8 ms]
      [Choose CSet: 0.0 ms]
      [Ref Proc: 0.2 ms]
      [Ref Enq: 0.0 ms]
      [Redirty Cards: 0.1 ms]
      [Humongous Register: 0.1 ms]
      [Humongous Reclaim: 0.0 ms]
      [Free CSet: 0.2 ms]
   [Eden: 206.0M(206.0M)->0.0B(223.0M) Survivors: 27.0M->30.0M Heap: 491.2M(2048.0M)->492.7M(2048.0M)]
 [Times: user=0.84 sys=0.08, real=0.14 secs] 
2020-09-29T12:30:22.903+0200: 20.162: [GC pause (G1 Evacuation Pause) (young), 0.1578455 secs]
   [Parallel Time: 155.9 ms, GC Workers: 8]
      [GC Worker Start (ms): Min: 20162.1, Avg: 20162.2, Max: 20162.2, Diff: 0.2]
      [Ext Root Scanning (ms): Min: 0.0, Avg: 0.1, Max: 0.1, Diff: 0.1, Sum: 0.5]
      [Update RS (ms): Min: 10.2, Avg: 10.5, Max: 11.0, Diff: 0.7, Sum: 84.0]
         [Processed Buffers: Min: 11, Avg: 11.9, Max: 13, Diff: 2, Sum: 95]
      [Scan RS (ms): Min: 18.4, Avg: 18.9, Max: 19.1, Diff: 0.8, Sum: 151.0]
      [Code Root Scanning (ms): Min: 0.0, Avg: 0.0, Max: 0.0, Diff: 0.0, Sum: 0.0]
      [Object Copy (ms): Min: 125.1, Avg: 125.5, Max: 126.2, Diff: 1.1, Sum: 1003.8]
      [Termination (ms): Min: 0.0, Avg: 0.7, Max: 1.0, Diff: 1.0, Sum: 5.7]
         [Termination Attempts: Min: 1, Avg: 4697.6, Max: 6546, Diff: 6545, Sum: 37581]
      [GC Worker Other (ms): Min: 0.0, Avg: 0.0, Max: 0.1, Diff: 0.1, Sum: 0.3]
      [GC Worker Total (ms): Min: 155.6, Avg: 155.7, Max: 155.8, Diff: 0.2, Sum: 1245.3]
      [GC Worker End (ms): Min: 20317.8, Avg: 20317.8, Max: 20317.9, Diff: 0.1]
   [Code Root Fixup: 0.0 ms]
   [Code Root Purge: 0.0 ms]
   [Clear CT: 0.2 ms]
   [Other: 1.8 ms]
      [Choose CSet: 0.0 ms]
      [Ref Proc: 0.2 ms]
      [Ref Enq: 0.0 ms]
      [Redirty Cards: 1.1 ms]
      [Humongous Register: 0.0 ms]
      [Humongous Reclaim: 0.0 ms]
      [Free CSet: 0.2 ms]
   [Eden: 223.0M(223.0M)->0.0B(223.0M) Survivors: 30.0M->32.0M Heap: 753.8M(2048.0M)->756.3M(2048.0M)]
 [Times: user=1.11 sys=0.09, real=0.16 secs] 
2020-09-29T12:30:23.182+0200: 20.442: [GC pause (G1 Evacuation Pause) (young), 0.1333305 secs]
   [Parallel Time: 132.4 ms, GC Workers: 8]
      [GC Worker Start (ms): Min: 20441.7, Avg: 20441.8, Max: 20441.8, Diff: 0.2]
      [Ext Root Scanning (ms): Min: 0.0, Avg: 0.1, Max: 0.2, Diff: 0.2, Sum: 0.6]
      [Update RS (ms): Min: 11.6, Avg: 11.8, Max: 12.0, Diff: 0.5, Sum: 94.6]
         [Processed Buffers: Min: 13, Avg: 13.3, Max: 14, Diff: 1, Sum: 106]
      [Scan RS (ms): Min: 16.0, Avg: 16.2, Max: 16.4, Diff: 0.4, Sum: 129.8]
      [Code Root Scanning (ms): Min: 0.0, Avg: 0.0, Max: 0.0, Diff: 0.0, Sum: 0.0]
      [Object Copy (ms): Min: 103.8, Avg: 104.0, Max: 104.0, Diff: 0.2, Sum: 831.9]
      [Termination (ms): Min: 0.0, Avg: 0.0, Max: 0.0, Diff: 0.0, Sum: 0.3]
         [Termination Attempts: Min: 1, Avg: 231.5, Max: 313, Diff: 312, Sum: 1852]
      [GC Worker Other (ms): Min: 0.0, Avg: 0.0, Max: 0.1, Diff: 0.1, Sum: 0.3]
      [GC Worker Total (ms): Min: 132.1, Avg: 132.2, Max: 132.3, Diff: 0.2, Sum: 1057.6]
      [GC Worker End (ms): Min: 20573.9, Avg: 20573.9, Max: 20574.0, Diff: 0.1]
   [Code Root Fixup: 0.0 ms]
   [Code Root Purge: 0.0 ms]
   [Clear CT: 0.1 ms]
   [Other: 0.8 ms]
      [Choose CSet: 0.0 ms]
      [Ref Proc: 0.2 ms]
      [Ref Enq: 0.0 ms]
      [Redirty Cards: 0.2 ms]
      [Humongous Register: 0.0 ms]
      [Humongous Reclaim: 0.0 ms]
      [Free CSet: 0.2 ms]
   [Eden: 223.0M(223.0M)->0.0B(241.0M) Survivors: 32.0M->32.0M Heap: 1015.6M(2048.0M)->1017.6M(2048.0M)]
 [Times: user=0.92 sys=0.00, real=0.13 secs] 
2020-09-29T12:30:23.323+0200: 20.582: [GC pause (G1 Humongous Allocation) (young) (initial-mark), 0.0428526 secs]
   [Parallel Time: 42.0 ms, GC Workers: 8]
      [GC Worker Start (ms): Min: 20582.0, Avg: 20582.1, Max: 20582.1, Diff: 0.1]
      [Ext Root Scanning (ms): Min: 0.0, Avg: 0.1, Max: 0.2, Diff: 0.2, Sum: 1.1]
      [Update RS (ms): Min: 25.8, Avg: 26.1, Max: 26.5, Diff: 0.7, Sum: 208.8]
         [Processed Buffers: Min: 29, Avg: 31.3, Max: 33, Diff: 4, Sum: 250]
      [Scan RS (ms): Min: 1.5, Avg: 2.0, Max: 2.3, Diff: 0.8, Sum: 15.8]
      [Code Root Scanning (ms): Min: 0.0, Avg: 0.0, Max: 0.0, Diff: 0.0, Sum: 0.0]
      [Object Copy (ms): Min: 13.5, Avg: 13.6, Max: 13.7, Diff: 0.1, Sum: 108.9]
      [Termination (ms): Min: 0.0, Avg: 0.0, Max: 0.0, Diff: 0.0, Sum: 0.0]
         [Termination Attempts: Min: 1, Avg: 8.8, Max: 12, Diff: 11, Sum: 70]
      [GC Worker Other (ms): Min: 0.0, Avg: 0.0, Max: 0.0, Diff: 0.0, Sum: 0.1]
      [GC Worker Total (ms): Min: 41.8, Avg: 41.8, Max: 41.9, Diff: 0.1, Sum: 334.7]
      [GC Worker End (ms): Min: 20623.9, Avg: 20623.9, Max: 20623.9, Diff: 0.0]
   [Code Root Fixup: 0.0 ms]
   [Code Root Purge: 0.0 ms]
   [Clear CT: 0.2 ms]
   [Other: 0.7 ms]
      [Choose CSet: 0.0 ms]
      [Ref Proc: 0.2 ms]
      [Ref Enq: 0.0 ms]
      [Redirty Cards: 0.1 ms]
      [Humongous Register: 0.0 ms]
      [Humongous Reclaim: 0.0 ms]
      [Free CSet: 0.1 ms]
   [Eden: 2048.0K(241.0M)->0.0B(292.0M) Survivors: 32.0M->4096.0K Heap: 1019.1M(2048.0M)->1022.6M(2048.0M)]
 [Times: user=0.38 sys=0.00, real=0.04 secs] 
2020-09-29T12:30:23.366+0200: 20.625: [GC concurrent-root-region-scan-start]
2020-09-29T12:30:23.366+0200: 20.625: [GC concurrent-root-region-scan-end, 0.0003901 secs]
2020-09-29T12:30:23.366+0200: 20.625: [GC concurrent-mark-start]
2020-09-29T12:30:23.368+0200: 20.627: [GC concurrent-mark-end, 0.0021800 secs]
2020-09-29T12:30:23.368+0200: 20.628: [GC remark 2020-09-29T12:30:23.368+0200: 20.628: [Finalize Marking, 0.0001751 secs] 2020-09-29T12:30:23.369+0200: 20.628: [GC ref-proc, 0.0002732 secs] 2020-09-29T12:30:23.369+0200: 20.628: [Unloading, 0.0003434 secs], 0.0011536 secs]
 [Times: user=0.00 sys=0.00, real=0.00 secs] 
2020-09-29T12:30:23.370+0200: 20.629: [GC cleanup 1030M->21M(2048M), 0.0011264 secs]
 [Times: user=0.00 sys=0.00, real=0.00 secs] 
2020-09-29T12:30:23.371+0200: 20.630: [GC concurrent-cleanup-start]
2020-09-29T12:30:23.372+0200: 20.631: [GC concurrent-cleanup-end, 0.0011052 secs]
2020-09-29T12:30:23.523+0200: 20.782: [GC pause (G1 Evacuation Pause) (young), 0.1787386 secs]
   [Parallel Time: 177.8 ms, GC Workers: 8]
      [GC Worker Start (ms): Min: 20782.1, Avg: 20782.2, Max: 20782.2, Diff: 0.1]
      [Ext Root Scanning (ms): Min: 0.0, Avg: 0.1, Max: 0.1, Diff: 0.1, Sum: 0.6]
      [Update RS (ms): Min: 12.8, Avg: 13.0, Max: 13.3, Diff: 0.5, Sum: 104.2]
         [Processed Buffers: Min: 14, Avg: 14.8, Max: 17, Diff: 3, Sum: 118]
      [Scan RS (ms): Min: 19.2, Avg: 20.0, Max: 23.9, Diff: 4.7, Sum: 160.2]
      [Code Root Scanning (ms): Min: 0.0, Avg: 0.0, Max: 0.0, Diff: 0.0, Sum: 0.0]
      [Object Copy (ms): Min: 139.4, Avg: 143.7, Max: 145.1, Diff: 5.7, Sum: 1149.3]
      [Termination (ms): Min: 0.0, Avg: 0.8, Max: 1.1, Diff: 1.1, Sum: 6.4]
         [Termination Attempts: Min: 1, Avg: 5190.5, Max: 6776, Diff: 6775, Sum: 41524]
      [GC Worker Other (ms): Min: 0.0, Avg: 0.0, Max: 0.1, Diff: 0.0, Sum: 0.3]
      [GC Worker Total (ms): Min: 177.6, Avg: 177.6, Max: 177.7, Diff: 0.1, Sum: 1421.0]
      [GC Worker End (ms): Min: 20959.8, Avg: 20959.8, Max: 20959.8, Diff: 0.0]
   [Code Root Fixup: 0.0 ms]
   [Code Root Purge: 0.0 ms]
   [Clear CT: 0.1 ms]
   [Other: 0.8 ms]
      [Choose CSet: 0.0 ms]
      [Ref Proc: 0.2 ms]
      [Ref Enq: 0.0 ms]
      [Redirty Cards: 0.2 ms]
      [Humongous Register: 0.1 ms]
      [Humongous Reclaim: 0.0 ms]
      [Free CSet: 0.2 ms]
   [Eden: 292.0M(292.0M)->0.0B(254.0M) Survivors: 4096.0K->37.0M Heap: 355.6M(2048.0M)->353.6M(2048.0M)]
 [Times: user=1.28 sys=0.03, real=0.18 secs] 
2020-09-29T12:30:23.842+0200: 21.101: [GC pause (G1 Evacuation Pause) (young), 0.1481750 secs]
   [Parallel Time: 147.2 ms, GC Workers: 8]
      [GC Worker Start (ms): Min: 21101.3, Avg: 21101.4, Max: 21101.5, Diff: 0.2]
      [Ext Root Scanning (ms): Min: 0.0, Avg: 0.1, Max: 0.2, Diff: 0.2, Sum: 0.4]
      [Update RS (ms): Min: 10.3, Avg: 10.7, Max: 11.0, Diff: 0.8, Sum: 85.5]
         [Processed Buffers: Min: 11, Avg: 12.4, Max: 14, Diff: 3, Sum: 99]
      [Scan RS (ms): Min: 20.4, Avg: 20.8, Max: 21.3, Diff: 0.8, Sum: 166.5]
      [Code Root Scanning (ms): Min: 0.0, Avg: 0.0, Max: 0.0, Diff: 0.0, Sum: 0.0]
      [Object Copy (ms): Min: 115.2, Avg: 115.3, Max: 115.4, Diff: 0.2, Sum: 922.6]
      [Termination (ms): Min: 0.0, Avg: 0.0, Max: 0.0, Diff: 0.0, Sum: 0.0]
         [Termination Attempts: Min: 1, Avg: 9.1, Max: 20, Diff: 19, Sum: 73]
      [GC Worker Other (ms): Min: 0.0, Avg: 0.0, Max: 0.0, Diff: 0.0, Sum: 0.2]
      [GC Worker Total (ms): Min: 146.8, Avg: 146.9, Max: 147.0, Diff: 0.2, Sum: 1175.2]
      [GC Worker End (ms): Min: 21248.3, Avg: 21248.3, Max: 21248.3, Diff: 0.0]
   [Code Root Fixup: 0.0 ms]
   [Code Root Purge: 0.0 ms]
   [Clear CT: 0.2 ms]
   [Other: 0.8 ms]
      [Choose CSet: 0.0 ms]
      [Ref Proc: 0.2 ms]
      [Ref Enq: 0.0 ms]
      [Redirty Cards: 0.2 ms]
      [Humongous Register: 0.0 ms]
      [Humongous Reclaim: 0.0 ms]
      [Free CSet: 0.2 ms]
   [Eden: 254.0M(254.0M)->0.0B(262.0M) Survivors: 37.0M->37.0M Heap: 649.6M(2048.0M)->651.6M(2048.0M)]
 [Times: user=1.13 sys=0.05, real=0.15 secs] 
2020-09-29T12:30:24.120+0200: 21.380: [GC pause (G1 Evacuation Pause) (young), 0.1601263 secs]
   [Parallel Time: 159.2 ms, GC Workers: 8]
      [GC Worker Start (ms): Min: 21380.0, Avg: 21380.1, Max: 21380.2, Diff: 0.1]
      [Ext Root Scanning (ms): Min: 0.0, Avg: 0.1, Max: 0.2, Diff: 0.1, Sum: 0.6]
      [Update RS (ms): Min: 13.2, Avg: 13.4, Max: 13.7, Diff: 0.5, Sum: 107.5]
         [Processed Buffers: Min: 14, Avg: 15.1, Max: 17, Diff: 3, Sum: 121]
      [Scan RS (ms): Min: 19.7, Avg: 20.0, Max: 20.4, Diff: 0.7, Sum: 160.4]
      [Code Root Scanning (ms): Min: 0.0, Avg: 0.0, Max: 0.0, Diff: 0.0, Sum: 0.0]
      [Object Copy (ms): Min: 125.2, Avg: 125.3, Max: 125.4, Diff: 0.2, Sum: 1002.4]
      [Termination (ms): Min: 0.0, Avg: 0.1, Max: 0.2, Diff: 0.2, Sum: 1.0]
         [Termination Attempts: Min: 1, Avg: 950.4, Max: 1218, Diff: 1217, Sum: 7603]
      [GC Worker Other (ms): Min: 0.0, Avg: 0.0, Max: 0.1, Diff: 0.0, Sum: 0.2]
      [GC Worker Total (ms): Min: 159.0, Avg: 159.0, Max: 159.1, Diff: 0.2, Sum: 1272.2]
      [GC Worker End (ms): Min: 21539.1, Avg: 21539.1, Max: 21539.2, Diff: 0.0]
   [Code Root Fixup: 0.0 ms]
   [Code Root Purge: 0.0 ms]
   [Clear CT: 0.2 ms]
   [Other: 0.7 ms]
      [Choose CSet: 0.0 ms]
      [Ref Proc: 0.2 ms]
      [Ref Enq: 0.0 ms]
      [Redirty Cards: 0.2 ms]
      [Humongous Register: 0.0 ms]
      [Humongous Reclaim: 0.0 ms]
      [Free CSet: 0.2 ms]
   [Eden: 262.0M(262.0M)->0.0B(268.0M) Survivors: 37.0M->38.0M Heap: 957.4M(2048.0M)->959.4M(2048.0M)]
 [Times: user=1.16 sys=0.06, real=0.16 secs] 
2020-09-29T12:30:24.289+0200: 21.548: [GC pause (G1 Humongous Allocation) (young) (initial-mark), 0.0515402 secs]
   [Parallel Time: 50.8 ms, GC Workers: 8]
      [GC Worker Start (ms): Min: 21548.6, Avg: 21548.6, Max: 21548.6, Diff: 0.1]
      [Ext Root Scanning (ms): Min: 0.0, Avg: 0.1, Max: 0.1, Diff: 0.1, Sum: 0.6]
      [Update RS (ms): Min: 30.2, Avg: 30.4, Max: 30.7, Diff: 0.5, Sum: 243.1]
         [Processed Buffers: Min: 33, Avg: 36.9, Max: 39, Diff: 6, Sum: 295]
      [Scan RS (ms): Min: 2.2, Avg: 2.5, Max: 2.7, Diff: 0.5, Sum: 20.4]
      [Code Root Scanning (ms): Min: 0.0, Avg: 0.0, Max: 0.0, Diff: 0.0, Sum: 0.0]
      [Object Copy (ms): Min: 17.6, Avg: 17.7, Max: 17.7, Diff: 0.1, Sum: 141.5]
      [Termination (ms): Min: 0.0, Avg: 0.0, Max: 0.0, Diff: 0.0, Sum: 0.0]
         [Termination Attempts: Min: 1, Avg: 39.3, Max: 61, Diff: 60, Sum: 314]
      [GC Worker Other (ms): Min: 0.0, Avg: 0.0, Max: 0.0, Diff: 0.0, Sum: 0.1]
      [GC Worker Total (ms): Min: 50.7, Avg: 50.7, Max: 50.8, Diff: 0.1, Sum: 405.7]
      [GC Worker End (ms): Min: 21599.3, Avg: 21599.3, Max: 21599.3, Diff: 0.0]
   [Code Root Fixup: 0.0 ms]
   [Code Root Purge: 0.0 ms]
   [Clear CT: 0.1 ms]
   [Other: 0.6 ms]
      [Choose CSet: 0.0 ms]
      [Ref Proc: 0.2 ms]
      [Ref Enq: 0.0 ms]
      [Redirty Cards: 0.2 ms]
      [Humongous Register: 0.0 ms]
      [Humongous Reclaim: 0.0 ms]
      [Free CSet: 0.1 ms]
   [Eden: 5120.0K(268.0M)->0.0B(315.0M) Survivors: 38.0M->7168.0K Heap: 964.4M(2048.0M)->967.9M(2048.0M)]
 [Times: user=0.38 sys=0.00, real=0.05 secs] 
2020-09-29T12:30:24.341+0200: 21.600: [GC concurrent-root-region-scan-start]
2020-09-29T12:30:24.342+0200: 21.601: [GC concurrent-root-region-scan-end, 0.0010808 secs]
2020-09-29T12:30:24.342+0200: 21.601: [GC concurrent-mark-start]
2020-09-29T12:30:24.344+0200: 21.603: [GC concurrent-mark-end, 0.0022227 secs]
2020-09-29T12:30:24.345+0200: 21.604: [GC remark 2020-09-29T12:30:24.345+0200: 21.604: [Finalize Marking, 0.0001942 secs] 2020-09-29T12:30:24.345+0200: 21.604: [GC ref-proc, 0.0002904 secs] 2020-09-29T12:30:24.345+0200: 21.604: [Unloading, 0.0004237 secs], 0.0012274 secs]
 [Times: user=0.00 sys=0.00, real=0.00 secs] 
2020-09-29T12:30:24.346+0200: 21.605: [GC cleanup 977M->26M(2048M), 0.0012568 secs]
 [Times: user=0.00 sys=0.00, real=0.00 secs] 
2020-09-29T12:30:24.347+0200: 21.607: [GC concurrent-cleanup-start]
2020-09-29T12:30:24.349+0200: 21.608: [GC concurrent-cleanup-end, 0.0010888 secs]
2020-09-29T12:30:24.510+0200: 21.769: [GC pause (G1 Evacuation Pause) (young), 0.1906171 secs]
   [Parallel Time: 189.5 ms, GC Workers: 8]
      [GC Worker Start (ms): Min: 21769.5, Avg: 21769.6, Max: 21769.7, Diff: 0.1]
      [Ext Root Scanning (ms): Min: 0.0, Avg: 0.1, Max: 0.2, Diff: 0.1, Sum: 0.6]
      [Update RS (ms): Min: 16.1, Avg: 16.2, Max: 16.4, Diff: 0.4, Sum: 129.8]
         [Processed Buffers: Min: 15, Avg: 15.8, Max: 17, Diff: 2, Sum: 126]
      [Scan RS (ms): Min: 26.4, Avg: 26.7, Max: 27.0, Diff: 0.6, Sum: 213.9]
      [Code Root Scanning (ms): Min: 0.0, Avg: 0.0, Max: 0.0, Diff: 0.0, Sum: 0.0]
      [Object Copy (ms): Min: 146.0, Avg: 146.1, Max: 146.2, Diff: 0.3, Sum: 1169.0]
      [Termination (ms): Min: 0.0, Avg: 0.1, Max: 0.1, Diff: 0.1, Sum: 0.5]
         [Termination Attempts: Min: 1, Avg: 449.5, Max: 560, Diff: 559, Sum: 3596]
      [GC Worker Other (ms): Min: 0.0, Avg: 0.1, Max: 0.1, Diff: 0.0, Sum: 0.4]
      [GC Worker Total (ms): Min: 189.2, Avg: 189.3, Max: 189.4, Diff: 0.1, Sum: 1514.1]
      [GC Worker End (ms): Min: 21958.9, Avg: 21958.9, Max: 21958.9, Diff: 0.0]
   [Code Root Fixup: 0.0 ms]
   [Code Root Purge: 0.0 ms]
   [Clear CT: 0.2 ms]
   [Other: 0.9 ms]
      [Choose CSet: 0.0 ms]
      [Ref Proc: 0.2 ms]
      [Ref Enq: 0.0 ms]
      [Redirty Cards: 0.3 ms]
      [Humongous Register: 0.1 ms]
      [Humongous Reclaim: 0.0 ms]
      [Free CSet: 0.2 ms]
   [Eden: 315.0M(315.0M)->0.0B(262.0M) Survivors: 7168.0K->41.0M Heap: 384.9M(2048.0M)->380.4M(2048.0M)]
 [Times: user=1.38 sys=0.05, real=0.19 secs] 
2020-09-29T12:30:24.841+0200: 22.100: [GC pause (G1 Evacuation Pause) (young), 0.1619214 secs]
   [Parallel Time: 160.9 ms, GC Workers: 8]
      [GC Worker Start (ms): Min: 22099.8, Avg: 22099.9, Max: 22100.0, Diff: 0.1]
      [Ext Root Scanning (ms): Min: 0.0, Avg: 0.1, Max: 0.1, Diff: 0.1, Sum: 0.5]
      [Update RS (ms): Min: 14.7, Avg: 15.0, Max: 15.6, Diff: 1.0, Sum: 119.9]
         [Processed Buffers: Min: 16, Avg: 16.9, Max: 19, Diff: 3, Sum: 135]
      [Scan RS (ms): Min: 20.5, Avg: 21.2, Max: 21.7, Diff: 1.2, Sum: 169.7]
      [Code Root Scanning (ms): Min: 0.0, Avg: 0.0, Max: 0.0, Diff: 0.0, Sum: 0.0]
      [Object Copy (ms): Min: 124.3, Avg: 124.4, Max: 124.5, Diff: 0.2, Sum: 995.6]
      [Termination (ms): Min: 0.0, Avg: 0.0, Max: 0.0, Diff: 0.0, Sum: 0.0]
         [Termination Attempts: Min: 1, Avg: 9.1, Max: 13, Diff: 12, Sum: 73]
      [GC Worker Other (ms): Min: 0.0, Avg: 0.0, Max: 0.1, Diff: 0.0, Sum: 0.3]
      [GC Worker Total (ms): Min: 160.7, Avg: 160.7, Max: 160.8, Diff: 0.2, Sum: 1285.8]
      [GC Worker End (ms): Min: 22260.6, Avg: 22260.6, Max: 22260.7, Diff: 0.0]
   [Code Root Fixup: 0.0 ms]
   [Code Root Purge: 0.0 ms]
   [Clear CT: 0.2 ms]
   [Other: 0.8 ms]
      [Choose CSet: 0.0 ms]
      [Ref Proc: 0.2 ms]
      [Ref Enq: 0.0 ms]
      [Redirty Cards: 0.2 ms]
      [Humongous Register: 0.0 ms]
      [Humongous Reclaim: 0.0 ms]
      [Free CSet: 0.2 ms]
   [Eden: 262.0M(262.0M)->0.0B(267.0M) Survivors: 41.0M->38.0M Heap: 686.3M(2048.0M)->688.3M(2048.0M)]
 [Times: user=1.14 sys=0.06, real=0.16 secs] 
2020-09-29T12:30:25.154+0200: 22.413: [GC pause (G1 Evacuation Pause) (young), 0.1635294 secs]
   [Parallel Time: 162.4 ms, GC Workers: 8]
      [GC Worker Start (ms): Min: 22413.2, Avg: 22413.2, Max: 22413.3, Diff: 0.2]
      [Ext Root Scanning (ms): Min: 0.0, Avg: 0.1, Max: 0.1, Diff: 0.1, Sum: 0.5]
      [Update RS (ms): Min: 18.0, Avg: 18.4, Max: 18.8, Diff: 0.9, Sum: 146.9]
         [Processed Buffers: Min: 19, Avg: 19.8, Max: 22, Diff: 3, Sum: 158]
      [Scan RS (ms): Min: 17.0, Avg: 17.5, Max: 18.0, Diff: 1.0, Sum: 140.2]
      [Code Root Scanning (ms): Min: 0.0, Avg: 0.0, Max: 0.0, Diff: 0.0, Sum: 0.0]
      [Object Copy (ms): Min: 125.9, Avg: 126.0, Max: 126.2, Diff: 0.3, Sum: 1007.9]
      [Termination (ms): Min: 0.0, Avg: 0.2, Max: 0.2, Diff: 0.2, Sum: 1.4]
         [Termination Attempts: Min: 1, Avg: 1211.4, Max: 1421, Diff: 1420, Sum: 9691]
      [GC Worker Other (ms): Min: 0.0, Avg: 0.0, Max: 0.1, Diff: 0.0, Sum: 0.2]
      [GC Worker Total (ms): Min: 162.1, Avg: 162.2, Max: 162.2, Diff: 0.2, Sum: 1297.2]
      [GC Worker End (ms): Min: 22575.4, Avg: 22575.4, Max: 22575.4, Diff: 0.0]
   [Code Root Fixup: 0.0 ms]
   [Code Root Purge: 0.0 ms]
   [Clear CT: 0.2 ms]
   [Other: 0.9 ms]
      [Choose CSet: 0.0 ms]
      [Ref Proc: 0.3 ms]
      [Ref Enq: 0.0 ms]
      [Redirty Cards: 0.3 ms]
      [Humongous Register: 0.0 ms]
      [Humongous Reclaim: 0.0 ms]
      [Free CSet: 0.2 ms]
   [Eden: 267.0M(267.0M)->0.0B(275.0M) Survivors: 38.0M->39.0M Heap: 999.1M(2048.0M)->1000.6M(2048.0M)]
 [Times: user=1.19 sys=0.05, real=0.16 secs] 
2020-09-29T12:30:25.323+0200: 22.582: [GC pause (G1 Humongous Allocation) (young) (initial-mark), 0.0577354 secs]
   [Parallel Time: 57.1 ms, GC Workers: 8]
      [GC Worker Start (ms): Min: 22582.0, Avg: 22582.1, Max: 22582.1, Diff: 0.1]
      [Ext Root Scanning (ms): Min: 0.0, Avg: 0.1, Max: 0.1, Diff: 0.1, Sum: 0.6]
      [Update RS (ms): Min: 34.9, Avg: 35.2, Max: 35.7, Diff: 0.7, Sum: 281.3]
         [Processed Buffers: Min: 38, Avg: 43.3, Max: 48, Diff: 10, Sum: 346]
      [Scan RS (ms): Min: 1.8, Avg: 2.4, Max: 2.7, Diff: 0.8, Sum: 18.8]
      [Code Root Scanning (ms): Min: 0.0, Avg: 0.0, Max: 0.0, Diff: 0.0, Sum: 0.0]
      [Object Copy (ms): Min: 19.2, Avg: 19.3, Max: 19.4, Diff: 0.1, Sum: 154.5]
      [Termination (ms): Min: 0.0, Avg: 0.0, Max: 0.0, Diff: 0.0, Sum: 0.3]
         [Termination Attempts: Min: 1, Avg: 235.0, Max: 284, Diff: 283, Sum: 1880]
      [GC Worker Other (ms): Min: 0.0, Avg: 0.0, Max: 0.0, Diff: 0.0, Sum: 0.1]
      [GC Worker Total (ms): Min: 56.9, Avg: 57.0, Max: 57.0, Diff: 0.1, Sum: 455.6]
      [GC Worker End (ms): Min: 22639.0, Avg: 22639.0, Max: 22639.0, Diff: 0.0]
   [Code Root Fixup: 0.0 ms]
   [Code Root Purge: 0.0 ms]
   [Clear CT: 0.2 ms]
   [Other: 0.5 ms]
      [Choose CSet: 0.0 ms]
      [Ref Proc: 0.1 ms]
      [Ref Enq: 0.0 ms]
      [Redirty Cards: 0.1 ms]
      [Humongous Register: 0.0 ms]
      [Humongous Reclaim: 0.0 ms]
      [Free CSet: 0.0 ms]
   [Eden: 3072.0K(275.0M)->0.0B(310.0M) Survivors: 39.0M->5120.0K Heap: 1003.6M(2048.0M)->1006.6M(2048.0M)]
 [Times: user=0.50 sys=0.00, real=0.06 secs] 
2020-09-29T12:30:25.381+0200: 22.640: [GC concurrent-root-region-scan-start]
2020-09-29T12:30:25.382+0200: 22.640: [GC concurrent-root-region-scan-end, 0.0006312 secs]
2020-09-29T12:30:25.382+0200: 22.640: [GC concurrent-mark-start]
2020-09-29T12:30:25.384+0200: 22.643: [GC concurrent-mark-end, 0.0021654 secs]
2020-09-29T12:30:25.384+0200: 22.643: [GC remark 2020-09-29T12:30:25.384+0200: 22.643: [Finalize Marking, 0.0001254 secs] 2020-09-29T12:30:25.384+0200: 22.643: [GC ref-proc, 0.0002744 secs] 2020-09-29T12:30:25.385+0200: 22.643: [Unloading, 0.0004159 secs], 0.0010721 secs]
 [Times: user=0.00 sys=0.00, real=0.00 secs] 
2020-09-29T12:30:25.385+0200: 22.644: [GC cleanup 1015M->23M(2048M), 0.0010207 secs]
 [Times: user=0.00 sys=0.00, real=0.00 secs] 
2020-09-29T12:30:25.387+0200: 22.645: [GC concurrent-cleanup-start]
2020-09-29T12:30:25.388+0200: 22.646: [GC concurrent-cleanup-end, 0.0010575 secs]
2020-09-29T12:30:25.549+0200: 22.808: [GC pause (G1 Evacuation Pause) (young), 0.1792777 secs]
   [Parallel Time: 178.2 ms, GC Workers: 8]
      [GC Worker Start (ms): Min: 22808.3, Avg: 22808.3, Max: 22808.4, Diff: 0.1]
      [Ext Root Scanning (ms): Min: 0.1, Avg: 0.1, Max: 0.1, Diff: 0.1, Sum: 0.7]
      [Update RS (ms): Min: 14.6, Avg: 14.7, Max: 15.1, Diff: 0.6, Sum: 117.4]
         [Processed Buffers: Min: 16, Avg: 17.1, Max: 19, Diff: 3, Sum: 137]
      [Scan RS (ms): Min: 19.7, Avg: 20.2, Max: 20.4, Diff: 0.6, Sum: 161.8]
      [Code Root Scanning (ms): Min: 0.0, Avg: 0.0, Max: 0.0, Diff: 0.0, Sum: 0.0]
      [Object Copy (ms): Min: 142.4, Avg: 142.6, Max: 143.1, Diff: 0.6, Sum: 1141.1]
      [Termination (ms): Min: 0.0, Avg: 0.4, Max: 0.6, Diff: 0.6, Sum: 3.5]
         [Termination Attempts: Min: 1, Avg: 2890.1, Max: 3905, Diff: 3904, Sum: 23121]
      [GC Worker Other (ms): Min: 0.0, Avg: 0.0, Max: 0.1, Diff: 0.0, Sum: 0.3]
      [GC Worker Total (ms): Min: 178.1, Avg: 178.1, Max: 178.1, Diff: 0.1, Sum: 1424.8]
      [GC Worker End (ms): Min: 22986.4, Avg: 22986.4, Max: 22986.5, Diff: 0.0]
   [Code Root Fixup: 0.0 ms]
   [Code Root Purge: 0.0 ms]
   [Clear CT: 0.2 ms]
   [Other: 0.9 ms]
      [Choose CSet: 0.0 ms]
      [Ref Proc: 0.2 ms]
      [Ref Enq: 0.0 ms]
      [Redirty Cards: 0.2 ms]
      [Humongous Register: 0.0 ms]
      [Humongous Reclaim: 0.0 ms]
      [Free CSet: 0.2 ms]
   [Eden: 310.0M(310.0M)->0.0B(272.0M) Survivors: 5120.0K->40.0M Heap: 377.9M(2048.0M)->375.4M(2048.0M)]
 [Times: user=1.42 sys=0.03, real=0.18 secs] 
2020-09-29T12:30:25.879+0200: 23.137: [GC pause (G1 Evacuation Pause) (young), 0.1645018 secs]
   [Parallel Time: 162.2 ms, GC Workers: 8]
      [GC Worker Start (ms): Min: 23137.4, Avg: 23137.5, Max: 23137.6, Diff: 0.2]
      [Ext Root Scanning (ms): Min: 0.0, Avg: 0.1, Max: 0.2, Diff: 0.2, Sum: 0.4]
      [Update RS (ms): Min: 17.2, Avg: 17.6, Max: 18.1, Diff: 0.9, Sum: 140.6]
         [Processed Buffers: Min: 18, Avg: 18.6, Max: 20, Diff: 2, Sum: 149]
      [Scan RS (ms): Min: 18.1, Avg: 18.6, Max: 18.9, Diff: 0.8, Sum: 148.7]
      [Code Root Scanning (ms): Min: 0.0, Avg: 0.0, Max: 0.0, Diff: 0.0, Sum: 0.0]
      [Object Copy (ms): Min: 125.4, Avg: 125.5, Max: 125.7, Diff: 0.3, Sum: 1004.1]
      [Termination (ms): Min: 0.0, Avg: 0.1, Max: 0.2, Diff: 0.2, Sum: 1.0]
         [Termination Attempts: Min: 1, Avg: 897.4, Max: 1092, Diff: 1091, Sum: 7179]
      [GC Worker Other (ms): Min: 0.0, Avg: 0.1, Max: 0.1, Diff: 0.1, Sum: 0.5]
      [GC Worker Total (ms): Min: 161.8, Avg: 161.9, Max: 162.0, Diff: 0.2, Sum: 1295.3]
      [GC Worker End (ms): Min: 23299.4, Avg: 23299.5, Max: 23299.5, Diff: 0.1]
   [Code Root Fixup: 0.0 ms]
   [Code Root Purge: 0.0 ms]
   [Clear CT: 0.2 ms]
   [Other: 2.1 ms]
      [Choose CSet: 0.0 ms]
      [Ref Proc: 0.2 ms]
      [Ref Enq: 0.0 ms]
      [Redirty Cards: 1.4 ms]
      [Humongous Register: 0.0 ms]
      [Humongous Reclaim: 0.0 ms]
      [Free CSet: 0.2 ms]
   [Eden: 272.0M(272.0M)->0.0B(275.0M) Survivors: 40.0M->39.0M Heap: 691.3M(2048.0M)->693.3M(2048.0M)]
 [Times: user=1.33 sys=0.03, real=0.16 secs] 
2020-09-29T12:30:26.197+0200: 23.457: [GC pause (G1 Evacuation Pause) (young), 0.1658266 secs]
   [Parallel Time: 165.0 ms, GC Workers: 8]
      [GC Worker Start (ms): Min: 23456.7, Avg: 23456.8, Max: 23456.9, Diff: 0.2]
      [Ext Root Scanning (ms): Min: 0.0, Avg: 0.1, Max: 0.2, Diff: 0.2, Sum: 0.5]
      [Update RS (ms): Min: 22.1, Avg: 22.4, Max: 22.8, Diff: 0.7, Sum: 179.5]
         [Processed Buffers: Min: 20, Avg: 21.9, Max: 24, Diff: 4, Sum: 175]
      [Scan RS (ms): Min: 18.3, Avg: 18.7, Max: 19.0, Diff: 0.8, Sum: 149.4]
      [Code Root Scanning (ms): Min: 0.0, Avg: 0.0, Max: 0.0, Diff: 0.0, Sum: 0.0]
      [Object Copy (ms): Min: 123.4, Avg: 123.5, Max: 123.6, Diff: 0.2, Sum: 987.8]
      [Termination (ms): Min: 0.0, Avg: 0.0, Max: 0.1, Diff: 0.1, Sum: 0.4]
         [Termination Attempts: Min: 1, Avg: 312.0, Max: 419, Diff: 418, Sum: 2496]
      [GC Worker Other (ms): Min: 0.0, Avg: 0.0, Max: 0.1, Diff: 0.1, Sum: 0.4]
      [GC Worker Total (ms): Min: 164.6, Avg: 164.7, Max: 164.9, Diff: 0.2, Sum: 1318.0]
      [GC Worker End (ms): Min: 23621.5, Avg: 23621.5, Max: 23621.6, Diff: 0.1]
   [Code Root Fixup: 0.0 ms]
   [Code Root Purge: 0.0 ms]
   [Clear CT: 0.1 ms]
   [Other: 0.7 ms]
      [Choose CSet: 0.0 ms]
      [Ref Proc: 0.2 ms]
      [Ref Enq: 0.0 ms]
      [Redirty Cards: 0.2 ms]
      [Humongous Register: 0.0 ms]
      [Humongous Reclaim: 0.0 ms]
      [Free CSet: 0.1 ms]
   [Eden: 275.0M(275.0M)->0.0B(276.0M) Survivors: 39.0M->40.0M Heap: 1014.1M(2048.0M)->1016.1M(2048.0M)]
 [Times: user=1.17 sys=0.06, real=0.17 secs] 
2020-09-29T12:30:26.370+0200: 23.629: [GC pause (G1 Humongous Allocation) (young) (initial-mark), 0.0539172 secs]
   [Parallel Time: 53.2 ms, GC Workers: 8]
      [GC Worker Start (ms): Min: 23629.3, Avg: 23629.4, Max: 23629.4, Diff: 0.1]
      [Ext Root Scanning (ms): Min: 0.0, Avg: 0.1, Max: 0.1, Diff: 0.1, Sum: 0.6]
      [Update RS (ms): Min: 33.6, Avg: 33.8, Max: 34.3, Diff: 0.7, Sum: 270.7]
         [Processed Buffers: Min: 36, Avg: 41.1, Max: 44, Diff: 8, Sum: 329]
      [Scan RS (ms): Min: 2.3, Avg: 2.7, Max: 2.9, Diff: 0.6, Sum: 21.4]
      [Code Root Scanning (ms): Min: 0.0, Avg: 0.0, Max: 0.0, Diff: 0.0, Sum: 0.0]
      [Object Copy (ms): Min: 16.4, Avg: 16.5, Max: 16.5, Diff: 0.1, Sum: 131.7]
      [Termination (ms): Min: 0.0, Avg: 0.0, Max: 0.0, Diff: 0.0, Sum: 0.0]
         [Termination Attempts: Min: 1, Avg: 30.1, Max: 42, Diff: 41, Sum: 241]
      [GC Worker Other (ms): Min: 0.0, Avg: 0.0, Max: 0.0, Diff: 0.0, Sum: 0.1]
      [GC Worker Total (ms): Min: 53.0, Avg: 53.1, Max: 53.1, Diff: 0.1, Sum: 424.6]
      [GC Worker End (ms): Min: 23682.4, Avg: 23682.4, Max: 23682.4, Diff: 0.0]
   [Code Root Fixup: 0.0 ms]
   [Code Root Purge: 0.0 ms]
   [Clear CT: 0.2 ms]
   [Other: 0.6 ms]
      [Choose CSet: 0.0 ms]
      [Ref Proc: 0.2 ms]
      [Ref Enq: 0.0 ms]
      [Redirty Cards: 0.1 ms]
      [Humongous Register: 0.0 ms]
      [Humongous Reclaim: 0.0 ms]
      [Free CSet: 0.1 ms]
   [Eden: 2048.0K(276.0M)->0.0B(328.0M) Survivors: 40.0M->4096.0K Heap: 1017.6M(2048.0M)->1021.6M(2048.0M)]
 [Times: user=0.38 sys=0.00, real=0.05 secs] 
2020-09-29T12:30:26.424+0200: 23.683: [GC concurrent-root-region-scan-start]
2020-09-29T12:30:26.424+0200: 23.684: [GC concurrent-root-region-scan-end, 0.0004427 secs]
2020-09-29T12:30:26.424+0200: 23.684: [GC concurrent-mark-start]
2020-09-29T12:30:26.427+0200: 23.686: [GC concurrent-mark-end, 0.0022756 secs]
2020-09-29T12:30:26.427+0200: 23.686: [GC remark 2020-09-29T12:30:26.427+0200: 23.686: [Finalize Marking, 0.0002063 secs] 2020-09-29T12:30:26.427+0200: 23.686: [GC ref-proc, 0.0002737 secs] 2020-09-29T12:30:26.427+0200: 23.687: [Unloading, 0.0004417 secs], 0.0012203 secs]
 [Times: user=0.00 sys=0.00, real=0.00 secs] 
2020-09-29T12:30:26.428+0200: 23.688: [GC cleanup 1029M->21M(2048M), 0.0012262 secs]
 [Times: user=0.00 sys=0.00, real=0.00 secs] 
2020-09-29T12:30:26.430+0200: 23.689: [GC concurrent-cleanup-start]
2020-09-29T12:30:26.431+0200: 23.690: [GC concurrent-cleanup-end, 0.0012250 secs]
2020-09-29T12:30:26.615+0200: 23.874: [GC pause (G1 Evacuation Pause) (young), 0.1842023 secs]
   [Parallel Time: 182.9 ms, GC Workers: 8]
      [GC Worker Start (ms): Min: 23874.5, Avg: 23874.5, Max: 23874.6, Diff: 0.1]
      [Ext Root Scanning (ms): Min: 0.0, Avg: 0.1, Max: 0.2, Diff: 0.1, Sum: 0.6]
      [Update RS (ms): Min: 18.9, Avg: 19.1, Max: 19.4, Diff: 0.5, Sum: 152.5]
         [Processed Buffers: Min: 16, Avg: 16.8, Max: 18, Diff: 2, Sum: 134]
      [Scan RS (ms): Min: 26.5, Avg: 26.9, Max: 27.2, Diff: 0.7, Sum: 215.2]
      [Code Root Scanning (ms): Min: 0.0, Avg: 0.0, Max: 0.0, Diff: 0.0, Sum: 0.0]
      [Object Copy (ms): Min: 136.5, Avg: 136.6, Max: 136.8, Diff: 0.3, Sum: 1092.9]
      [Termination (ms): Min: 0.0, Avg: 0.1, Max: 0.1, Diff: 0.1, Sum: 0.5]
         [Termination Attempts: Min: 1, Avg: 71.0, Max: 115, Diff: 114, Sum: 568]
      [GC Worker Other (ms): Min: 0.0, Avg: 0.0, Max: 0.0, Diff: 0.0, Sum: 0.1]
      [GC Worker Total (ms): Min: 182.7, Avg: 182.7, Max: 182.8, Diff: 0.1, Sum: 1461.8]
      [GC Worker End (ms): Min: 24057.2, Avg: 24057.3, Max: 24057.3, Diff: 0.0]
   [Code Root Fixup: 0.0 ms]
   [Code Root Purge: 0.0 ms]
   [Clear CT: 0.3 ms]
   [Other: 0.9 ms]
      [Choose CSet: 0.0 ms]
      [Ref Proc: 0.2 ms]
      [Ref Enq: 0.0 ms]
      [Redirty Cards: 0.3 ms]
      [Humongous Register: 0.0 ms]
      [Humongous Reclaim: 0.0 ms]
      [Free CSet: 0.2 ms]
   [Eden: 328.0M(328.0M)->0.0B(274.0M) Survivors: 4096.0K->42.0M Heap: 397.3M(2048.0M)->394.3M(2048.0M)]
 [Times: user=1.22 sys=0.09, real=0.18 secs] 
2020-09-29T12:30:26.944+0200: 24.203: [GC pause (G1 Evacuation Pause) (young), 0.1770178 secs]
   [Parallel Time: 175.8 ms, GC Workers: 8]
      [GC Worker Start (ms): Min: 24203.3, Avg: 24203.4, Max: 24203.4, Diff: 0.1]
      [Ext Root Scanning (ms): Min: 0.0, Avg: 0.1, Max: 0.1, Diff: 0.1, Sum: 0.6]
      [Update RS (ms): Min: 23.5, Avg: 23.8, Max: 24.2, Diff: 0.7, Sum: 190.0]
         [Processed Buffers: Min: 23, Avg: 23.9, Max: 25, Diff: 2, Sum: 191]
      [Scan RS (ms): Min: 17.3, Avg: 17.6, Max: 17.9, Diff: 0.6, Sum: 141.1]
      [Code Root Scanning (ms): Min: 0.0, Avg: 0.0, Max: 0.0, Diff: 0.0, Sum: 0.0]
      [Object Copy (ms): Min: 133.7, Avg: 133.8, Max: 133.9, Diff: 0.2, Sum: 1070.7]
      [Termination (ms): Min: 0.0, Avg: 0.0, Max: 0.1, Diff: 0.1, Sum: 0.4]
         [Termination Attempts: Min: 1, Avg: 335.6, Max: 413, Diff: 412, Sum: 2685]
      [GC Worker Other (ms): Min: 0.0, Avg: 0.2, Max: 0.3, Diff: 0.3, Sum: 1.5]
      [GC Worker Total (ms): Min: 175.3, Avg: 175.5, Max: 175.7, Diff: 0.4, Sum: 1404.3]
      [GC Worker End (ms): Min: 24378.7, Avg: 24378.9, Max: 24379.1, Diff: 0.3]
   [Code Root Fixup: 0.0 ms]
   [Code Root Purge: 0.0 ms]
   [Clear CT: 0.3 ms]
   [Other: 1.0 ms]
      [Choose CSet: 0.0 ms]
      [Ref Proc: 0.3 ms]
      [Ref Enq: 0.0 ms]
      [Redirty Cards: 0.2 ms]
      [Humongous Register: 0.0 ms]
      [Humongous Reclaim: 0.0 ms]
      [Free CSet: 0.2 ms]
   [Eden: 274.0M(274.0M)->0.0B(271.0M) Survivors: 42.0M->40.0M Heap: 714.1M(2048.0M)->716.1M(2048.0M)]
 [Times: user=1.17 sys=0.08, real=0.18 secs] 
2020-09-29T12:30:27.275+0200: 24.535: [GC pause (G1 Evacuation Pause) (young), 0.1700170 secs]
   [Parallel Time: 169.2 ms, GC Workers: 8]
      [GC Worker Start (ms): Min: 24534.8, Avg: 24534.9, Max: 24535.0, Diff: 0.2]
      [Ext Root Scanning (ms): Min: 0.0, Avg: 0.1, Max: 0.1, Diff: 0.1, Sum: 0.4]
      [Update RS (ms): Min: 16.2, Avg: 16.4, Max: 16.6, Diff: 0.4, Sum: 130.9]
         [Processed Buffers: Min: 17, Avg: 18.5, Max: 22, Diff: 5, Sum: 148]
      [Scan RS (ms): Min: 19.1, Avg: 19.4, Max: 19.5, Diff: 0.4, Sum: 155.3]
      [Code Root Scanning (ms): Min: 0.0, Avg: 0.0, Max: 0.0, Diff: 0.0, Sum: 0.0]
      [Object Copy (ms): Min: 132.6, Avg: 132.8, Max: 133.0, Diff: 0.4, Sum: 1062.0]
      [Termination (ms): Min: 0.0, Avg: 0.2, Max: 0.3, Diff: 0.3, Sum: 1.7]
         [Termination Attempts: Min: 1, Avg: 1446.6, Max: 1836, Diff: 1835, Sum: 11573]
      [GC Worker Other (ms): Min: 0.0, Avg: 0.1, Max: 0.2, Diff: 0.2, Sum: 0.9]
      [GC Worker Total (ms): Min: 168.8, Avg: 168.9, Max: 169.1, Diff: 0.3, Sum: 1351.3]
      [GC Worker End (ms): Min: 24703.7, Avg: 24703.9, Max: 24704.0, Diff: 0.2]
   [Code Root Fixup: 0.0 ms]
   [Code Root Purge: 0.0 ms]
   [Clear CT: 0.1 ms]
   [Other: 0.7 ms]
      [Choose CSet: 0.0 ms]
      [Ref Proc: 0.2 ms]
      [Ref Enq: 0.0 ms]
      [Redirty Cards: 0.2 ms]
      [Humongous Register: 0.0 ms]
      [Humongous Reclaim: 0.0 ms]
      [Free CSet: 0.2 ms]
   [Eden: 271.0M(271.0M)->0.0B(272.0M) Survivors: 40.0M->39.0M Heap: 1032.9M(2048.0M)->1034.4M(2048.0M)]
 [Times: user=1.31 sys=0.03, real=0.17 secs] 
2020-09-29T12:30:27.453+0200: 24.712: [GC pause (G1 Humongous Allocation) (young) (initial-mark), 0.0602643 secs]
   [Parallel Time: 59.5 ms, GC Workers: 8]
      [GC Worker Start (ms): Min: 24712.4, Avg: 24712.5, Max: 24712.5, Diff: 0.1]
      [Ext Root Scanning (ms): Min: 0.0, Avg: 0.1, Max: 0.1, Diff: 0.1, Sum: 0.6]
      [Update RS (ms): Min: 34.2, Avg: 34.4, Max: 35.0, Diff: 0.8, Sum: 275.4]
         [Processed Buffers: Min: 37, Avg: 41.1, Max: 43, Diff: 6, Sum: 329]
      [Scan RS (ms): Min: 2.5, Avg: 3.5, Max: 6.6, Diff: 4.1, Sum: 27.8]
      [Code Root Scanning (ms): Min: 0.0, Avg: 0.0, Max: 0.0, Diff: 0.0, Sum: 0.0]
      [Object Copy (ms): Min: 18.4, Avg: 21.3, Max: 21.7, Diff: 3.3, Sum: 170.3]
      [Termination (ms): Min: 0.0, Avg: 0.1, Max: 0.1, Diff: 0.1, Sum: 0.4]
         [Termination Attempts: Min: 1, Avg: 416.6, Max: 506, Diff: 505, Sum: 3333]
      [GC Worker Other (ms): Min: 0.0, Avg: 0.0, Max: 0.0, Diff: 0.0, Sum: 0.1]
      [GC Worker Total (ms): Min: 59.3, Avg: 59.3, Max: 59.4, Diff: 0.1, Sum: 474.7]
      [GC Worker End (ms): Min: 24771.8, Avg: 24771.8, Max: 24771.8, Diff: 0.0]
   [Code Root Fixup: 0.0 ms]
   [Code Root Purge: 0.0 ms]
   [Clear CT: 0.2 ms]
   [Other: 0.6 ms]
      [Choose CSet: 0.0 ms]
      [Ref Proc: 0.2 ms]
      [Ref Enq: 0.0 ms]
      [Redirty Cards: 0.2 ms]
      [Humongous Register: 0.0 ms]
      [Humongous Reclaim: 0.0 ms]
      [Free CSet: 0.1 ms]
   [Eden: 9216.0K(272.0M)->0.0B(305.0M) Survivors: 39.0M->10.0M Heap: 1042.9M(2048.0M)->1046.4M(2048.0M)]
 [Times: user=0.50 sys=0.00, real=0.06 secs] 
2020-09-29T12:30:27.513+0200: 24.773: [GC concurrent-root-region-scan-start]
2020-09-29T12:30:27.515+0200: 24.774: [GC concurrent-root-region-scan-end, 0.0016724 secs]
2020-09-29T12:30:27.515+0200: 24.774: [GC concurrent-mark-start]
2020-09-29T12:30:27.518+0200: 24.777: [GC concurrent-mark-end, 0.0025799 secs]
2020-09-29T12:30:27.518+0200: 24.777: [GC remark 2020-09-29T12:30:27.518+0200: 24.777: [Finalize Marking, 0.0001353 secs] 2020-09-29T12:30:27.518+0200: 24.777: [GC ref-proc, 0.0002906 secs] 2020-09-29T12:30:27.518+0200: 24.778: [Unloading, 0.0004531 secs], 0.0012312 secs]
 [Times: user=0.00 sys=0.00, real=0.00 secs] 
2020-09-29T12:30:27.519+0200: 24.779: [GC cleanup 1057M->30M(2048M), 0.0012960 secs]
 [Times: user=0.11 sys=0.00, real=0.00 secs] 
2020-09-29T12:30:27.521+0200: 24.780: [GC concurrent-cleanup-start]
2020-09-29T12:30:27.522+0200: 24.782: [GC concurrent-cleanup-end, 0.0014808 secs]
2020-09-29T12:30:27.687+0200: 24.946: [GC pause (G1 Evacuation Pause) (young), 0.1611097 secs]
   [Parallel Time: 159.8 ms, GC Workers: 8]
      [GC Worker Start (ms): Min: 24946.4, Avg: 24946.5, Max: 24946.6, Diff: 0.2]
      [Ext Root Scanning (ms): Min: 0.0, Avg: 0.1, Max: 0.2, Diff: 0.2, Sum: 0.4]
      [Update RS (ms): Min: 14.6, Avg: 15.1, Max: 15.6, Diff: 1.0, Sum: 120.6]
         [Processed Buffers: Min: 15, Avg: 16.4, Max: 18, Diff: 3, Sum: 131]
      [Scan RS (ms): Min: 18.9, Avg: 20.2, Max: 24.9, Diff: 6.0, Sum: 161.5]
      [Code Root Scanning (ms): Min: 0.0, Avg: 0.0, Max: 0.0, Diff: 0.0, Sum: 0.0]
      [Object Copy (ms): Min: 119.3, Avg: 124.1, Max: 124.9, Diff: 5.6, Sum: 993.2]
      [Termination (ms): Min: 0.0, Avg: 0.1, Max: 0.1, Diff: 0.1, Sum: 0.7]
         [Termination Attempts: Min: 1, Avg: 588.0, Max: 792, Diff: 791, Sum: 4704]
      [GC Worker Other (ms): Min: 0.0, Avg: 0.0, Max: 0.1, Diff: 0.0, Sum: 0.3]
      [GC Worker Total (ms): Min: 159.5, Avg: 159.6, Max: 159.7, Diff: 0.2, Sum: 1276.7]
      [GC Worker End (ms): Min: 25106.1, Avg: 25106.1, Max: 25106.1, Diff: 0.0]
   [Code Root Fixup: 0.0 ms]
   [Code Root Purge: 0.0 ms]
   [Clear CT: 0.2 ms]
   [Other: 1.1 ms]
      [Choose CSet: 0.0 ms]
      [Ref Proc: 0.2 ms]
      [Ref Enq: 0.0 ms]
      [Redirty Cards: 0.3 ms]
      [Humongous Register: 0.0 ms]
      [Humongous Reclaim: 0.0 ms]
      [Free CSet: 0.3 ms]
   [Eden: 305.0M(305.0M)->0.0B(285.0M) Survivors: 10.0M->40.0M Heap: 376.5M(2048.0M)->368.5M(2048.0M)]
 [Times: user=1.14 sys=0.05, real=0.16 secs] 
2020-09-29T12:30:28.014+0200: 25.273: [GC pause (G1 Evacuation Pause) (young), 0.1739204 secs]
   [Parallel Time: 173.0 ms, GC Workers: 8]
      [GC Worker Start (ms): Min: 25273.3, Avg: 25273.4, Max: 25273.4, Diff: 0.2]
      [Ext Root Scanning (ms): Min: 0.0, Avg: 0.1, Max: 0.2, Diff: 0.1, Sum: 0.5]
      [Update RS (ms): Min: 22.2, Avg: 22.4, Max: 22.9, Diff: 0.7, Sum: 179.4]
         [Processed Buffers: Min: 23, Avg: 23.4, Max: 24, Diff: 1, Sum: 187]
      [Scan RS (ms): Min: 17.3, Avg: 17.6, Max: 17.9, Diff: 0.6, Sum: 141.1]
      [Code Root Scanning (ms): Min: 0.0, Avg: 0.0, Max: 0.0, Diff: 0.0, Sum: 0.0]
      [Object Copy (ms): Min: 132.4, Avg: 132.6, Max: 132.7, Diff: 0.2, Sum: 1060.5]
      [Termination (ms): Min: 0.0, Avg: 0.1, Max: 0.1, Diff: 0.1, Sum: 0.6]
         [Termination Attempts: Min: 1, Avg: 582.6, Max: 711, Diff: 710, Sum: 4661]
      [GC Worker Other (ms): Min: 0.0, Avg: 0.0, Max: 0.0, Diff: 0.0, Sum: 0.2]
      [GC Worker Total (ms): Min: 172.7, Avg: 172.8, Max: 172.9, Diff: 0.1, Sum: 1382.4]
      [GC Worker End (ms): Min: 25446.2, Avg: 25446.2, Max: 25446.2, Diff: 0.0]
   [Code Root Fixup: 0.0 ms]
   [Code Root Purge: 0.0 ms]
   [Clear CT: 0.1 ms]
   [Other: 0.8 ms]
      [Choose CSet: 0.0 ms]
      [Ref Proc: 0.2 ms]
      [Ref Enq: 0.0 ms]
      [Redirty Cards: 0.2 ms]
      [Humongous Register: 0.0 ms]
      [Humongous Reclaim: 0.0 ms]
      [Free CSet: 0.2 ms]
   [Eden: 285.0M(285.0M)->0.0B(283.0M) Survivors: 40.0M->41.0M Heap: 701.2M(2048.0M)->703.7M(2048.0M)]
 [Times: user=1.33 sys=0.05, real=0.17 secs] 
2020-09-29T12:30:28.333+0200: 25.593: [GC pause (G1 Evacuation Pause) (young), 0.1725925 secs]
   [Parallel Time: 171.7 ms, GC Workers: 8]
      [GC Worker Start (ms): Min: 25592.7, Avg: 25592.8, Max: 25592.8, Diff: 0.2]
      [Ext Root Scanning (ms): Min: 0.0, Avg: 0.1, Max: 0.1, Diff: 0.1, Sum: 0.4]
      [Update RS (ms): Min: 15.4, Avg: 15.6, Max: 16.1, Diff: 0.6, Sum: 125.1]
         [Processed Buffers: Min: 16, Avg: 17.9, Max: 19, Diff: 3, Sum: 143]
      [Scan RS (ms): Min: 20.6, Avg: 21.0, Max: 21.2, Diff: 0.6, Sum: 168.1]
      [Code Root Scanning (ms): Min: 0.0, Avg: 0.0, Max: 0.0, Diff: 0.0, Sum: 0.0]
      [Object Copy (ms): Min: 134.2, Avg: 134.3, Max: 134.4, Diff: 0.2, Sum: 1074.8]
      [Termination (ms): Min: 0.0, Avg: 0.1, Max: 0.1, Diff: 0.1, Sum: 0.8]
         [Termination Attempts: Min: 1, Avg: 719.1, Max: 888, Diff: 887, Sum: 5753]
      [GC Worker Other (ms): Min: 0.1, Avg: 0.1, Max: 0.1, Diff: 0.1, Sum: 0.7]
      [GC Worker Total (ms): Min: 171.2, Avg: 171.2, Max: 171.3, Diff: 0.2, Sum: 1369.9]
      [GC Worker End (ms): Min: 25764.0, Avg: 25764.0, Max: 25764.0, Diff: 0.1]
   [Code Root Fixup: 0.0 ms]
   [Code Root Purge: 0.0 ms]
   [Clear CT: 0.1 ms]
   [Other: 0.7 ms]
      [Choose CSet: 0.0 ms]
      [Ref Proc: 0.2 ms]
      [Ref Enq: 0.0 ms]
      [Redirty Cards: 0.2 ms]
      [Humongous Register: 0.0 ms]
      [Humongous Reclaim: 0.0 ms]
      [Free CSet: 0.2 ms]
   [Eden: 283.0M(283.0M)->0.0B(281.0M) Survivors: 41.0M->41.0M Heap: 1034.4M(2048.0M)->1035.9M(2048.0M)]
 [Times: user=1.25 sys=0.08, real=0.17 secs] 
2020-09-29T12:30:28.516+0200: 25.775: [GC pause (G1 Humongous Allocation) (young) (initial-mark), 0.0570695 secs]
   [Parallel Time: 56.2 ms, GC Workers: 8]
      [GC Worker Start (ms): Min: 25775.6, Avg: 25775.6, Max: 25775.7, Diff: 0.1]
      [Ext Root Scanning (ms): Min: 0.0, Avg: 0.1, Max: 0.2, Diff: 0.2, Sum: 1.0]
      [Update RS (ms): Min: 32.3, Avg: 32.5, Max: 32.8, Diff: 0.5, Sum: 259.8]
         [Processed Buffers: Min: 38, Avg: 38.9, Max: 41, Diff: 3, Sum: 311]
      [Scan RS (ms): Min: 2.4, Avg: 2.8, Max: 3.1, Diff: 0.7, Sum: 22.4]
      [Code Root Scanning (ms): Min: 0.0, Avg: 0.0, Max: 0.0, Diff: 0.0, Sum: 0.0]
      [Object Copy (ms): Min: 20.5, Avg: 20.6, Max: 20.7, Diff: 0.2, Sum: 165.0]
      [Termination (ms): Min: 0.0, Avg: 0.0, Max: 0.0, Diff: 0.0, Sum: 0.2]
         [Termination Attempts: Min: 1, Avg: 163.3, Max: 235, Diff: 234, Sum: 1306]
      [GC Worker Other (ms): Min: 0.0, Avg: 0.0, Max: 0.0, Diff: 0.0, Sum: 0.1]
      [GC Worker Total (ms): Min: 56.0, Avg: 56.1, Max: 56.1, Diff: 0.1, Sum: 448.5]
      [GC Worker End (ms): Min: 25831.7, Avg: 25831.7, Max: 25831.7, Diff: 0.0]
   [Code Root Fixup: 0.0 ms]
   [Code Root Purge: 0.0 ms]
   [Clear CT: 0.2 ms]
   [Other: 0.7 ms]
      [Choose CSet: 0.0 ms]
      [Ref Proc: 0.2 ms]
      [Ref Enq: 0.0 ms]
      [Redirty Cards: 0.2 ms]
      [Humongous Register: 0.0 ms]
      [Humongous Reclaim: 0.0 ms]
      [Free CSet: 0.1 ms]
   [Eden: 9216.0K(281.0M)->0.0B(324.0M) Survivors: 41.0M->11.0M Heap: 1044.4M(2048.0M)->1048.9M(2048.0M)]
 [Times: user=0.48 sys=0.02, real=0.06 secs] 
2020-09-29T12:30:28.573+0200: 25.833: [GC concurrent-root-region-scan-start]
2020-09-29T12:30:28.575+0200: 25.834: [GC concurrent-root-region-scan-end, 0.0016670 secs]
2020-09-29T12:30:28.575+0200: 25.834: [GC concurrent-mark-start]
2020-09-29T12:30:28.578+0200: 25.838: [GC concurrent-mark-end, 0.0035381 secs]
2020-09-29T12:30:28.579+0200: 25.838: [GC remark 2020-09-29T12:30:28.579+0200: 25.838: [Finalize Marking, 0.0002119 secs] 2020-09-29T12:30:28.579+0200: 25.838: [GC ref-proc, 0.0002830 secs] 2020-09-29T12:30:28.579+0200: 25.839: [Unloading, 0.0004543 secs], 0.0013012 secs]
 [Times: user=0.00 sys=0.00, real=0.00 secs] 
2020-09-29T12:30:28.580+0200: 25.840: [GC cleanup 1060M->32M(2048M), 0.0013622 secs]
 [Times: user=0.08 sys=0.00, real=0.00 secs] 
2020-09-29T12:30:28.582+0200: 25.841: [GC concurrent-cleanup-start]
2020-09-29T12:30:28.583+0200: 25.843: [GC concurrent-cleanup-end, 0.0013734 secs]
2020-09-29T12:30:28.744+0200: 26.003: [GC pause (G1 Evacuation Pause) (young), 0.1755434 secs]
   [Parallel Time: 174.6 ms, GC Workers: 8]
      [GC Worker Start (ms): Min: 26003.2, Avg: 26003.3, Max: 26003.4, Diff: 0.1]
      [Ext Root Scanning (ms): Min: 0.0, Avg: 0.1, Max: 0.1, Diff: 0.1, Sum: 0.6]
      [Update RS (ms): Min: 18.0, Avg: 18.2, Max: 18.6, Diff: 0.5, Sum: 145.7]
         [Processed Buffers: Min: 19, Avg: 20.3, Max: 23, Diff: 4, Sum: 162]
      [Scan RS (ms): Min: 19.8, Avg: 20.2, Max: 20.3, Diff: 0.5, Sum: 161.2]
      [Code Root Scanning (ms): Min: 0.0, Avg: 0.0, Max: 0.0, Diff: 0.0, Sum: 0.0]
      [Object Copy (ms): Min: 135.7, Avg: 135.8, Max: 135.8, Diff: 0.1, Sum: 1086.1]
      [Termination (ms): Min: 0.1, Avg: 0.1, Max: 0.1, Diff: 0.1, Sum: 0.8]
         [Termination Attempts: Min: 1, Avg: 392.3, Max: 482, Diff: 481, Sum: 3138]
      [GC Worker Other (ms): Min: 0.0, Avg: 0.0, Max: 0.1, Diff: 0.1, Sum: 0.4]
      [GC Worker Total (ms): Min: 174.3, Avg: 174.3, Max: 174.5, Diff: 0.2, Sum: 1394.8]
      [GC Worker End (ms): Min: 26177.6, Avg: 26177.7, Max: 26177.7, Diff: 0.1]
   [Code Root Fixup: 0.0 ms]
   [Code Root Purge: 0.0 ms]
   [Clear CT: 0.1 ms]
   [Other: 0.8 ms]
      [Choose CSet: 0.0 ms]
      [Ref Proc: 0.2 ms]
      [Ref Enq: 0.0 ms]
      [Redirty Cards: 0.2 ms]
      [Humongous Register: 0.0 ms]
      [Humongous Reclaim: 0.0 ms]
      [Free CSet: 0.2 ms]
   [Eden: 324.0M(324.0M)->0.0B(294.0M) Survivors: 11.0M->42.0M Heap: 399.8M(2048.0M)->391.8M(2048.0M)]
 [Times: user=1.28 sys=0.08, real=0.18 secs] 
2020-09-29T12:30:29.088+0200: 26.347: [GC pause (G1 Evacuation Pause) (young), 0.1855518 secs]
   [Parallel Time: 184.6 ms, GC Workers: 8]
      [GC Worker Start (ms): Min: 26346.9, Avg: 26347.0, Max: 26347.1, Diff: 0.2]
      [Ext Root Scanning (ms): Min: 0.0, Avg: 0.0, Max: 0.2, Diff: 0.2, Sum: 0.4]
      [Update RS (ms): Min: 19.7, Avg: 20.2, Max: 20.6, Diff: 0.9, Sum: 161.3]
         [Processed Buffers: Min: 20, Avg: 20.9, Max: 22, Diff: 2, Sum: 167]
      [Scan RS (ms): Min: 20.7, Avg: 21.1, Max: 21.6, Diff: 0.9, Sum: 169.2]
      [Code Root Scanning (ms): Min: 0.0, Avg: 0.0, Max: 0.0, Diff: 0.0, Sum: 0.0]
      [Object Copy (ms): Min: 142.6, Avg: 142.7, Max: 142.9, Diff: 0.3, Sum: 1141.8]
      [Termination (ms): Min: 0.0, Avg: 0.2, Max: 0.3, Diff: 0.3, Sum: 1.8]
         [Termination Attempts: Min: 1, Avg: 1510.5, Max: 1955, Diff: 1954, Sum: 12084]
      [GC Worker Other (ms): Min: 0.0, Avg: 0.0, Max: 0.1, Diff: 0.1, Sum: 0.4]
      [GC Worker Total (ms): Min: 184.3, Avg: 184.4, Max: 184.5, Diff: 0.2, Sum: 1474.9]
      [GC Worker End (ms): Min: 26531.3, Avg: 26531.4, Max: 26531.4, Diff: 0.1]
   [Code Root Fixup: 0.0 ms]
   [Code Root Purge: 0.0 ms]
   [Clear CT: 0.1 ms]
   [Other: 0.8 ms]
      [Choose CSet: 0.0 ms]
      [Ref Proc: 0.2 ms]
      [Ref Enq: 0.0 ms]
      [Redirty Cards: 0.2 ms]
      [Humongous Register: 0.0 ms]
      [Humongous Reclaim: 0.0 ms]
      [Free CSet: 0.2 ms]
   [Eden: 294.0M(294.0M)->0.0B(281.0M) Survivors: 42.0M->42.0M Heap: 733.5M(2048.0M)->735.5M(2048.0M)]
 [Times: user=1.48 sys=0.00, real=0.18 secs] 
2020-09-29T12:30:29.427+0200: 26.686: [GC pause (G1 Evacuation Pause) (young), 0.1731685 secs]
   [Parallel Time: 172.1 ms, GC Workers: 8]
      [GC Worker Start (ms): Min: 26685.9, Avg: 26686.0, Max: 26686.0, Diff: 0.2]
      [Ext Root Scanning (ms): Min: 0.0, Avg: 0.1, Max: 0.2, Diff: 0.2, Sum: 0.5]
      [Update RS (ms): Min: 14.3, Avg: 14.6, Max: 14.9, Diff: 0.6, Sum: 116.8]
         [Processed Buffers: Min: 15, Avg: 15.5, Max: 17, Diff: 2, Sum: 124]
      [Scan RS (ms): Min: 22.9, Avg: 23.3, Max: 23.5, Diff: 0.6, Sum: 186.2]
      [Code Root Scanning (ms): Min: 0.0, Avg: 0.0, Max: 0.0, Diff: 0.0, Sum: 0.0]
      [Object Copy (ms): Min: 133.7, Avg: 133.8, Max: 133.9, Diff: 0.2, Sum: 1070.3]
      [Termination (ms): Min: 0.0, Avg: 0.1, Max: 0.1, Diff: 0.1, Sum: 0.8]
         [Termination Attempts: Min: 1, Avg: 672.3, Max: 822, Diff: 821, Sum: 5378]
      [GC Worker Other (ms): Min: 0.0, Avg: 0.1, Max: 0.1, Diff: 0.1, Sum: 0.4]
      [GC Worker Total (ms): Min: 171.8, Avg: 171.9, Max: 172.0, Diff: 0.2, Sum: 1374.9]
      [GC Worker End (ms): Min: 26857.8, Avg: 26857.8, Max: 26857.9, Diff: 0.1]
   [Code Root Fixup: 0.0 ms]
   [Code Root Purge: 0.0 ms]
   [Clear CT: 0.2 ms]
   [Other: 0.9 ms]
      [Choose CSet: 0.0 ms]
      [Ref Proc: 0.1 ms]
      [Ref Enq: 0.0 ms]
      [Redirty Cards: 0.2 ms]
      [Humongous Register: 0.0 ms]
      [Humongous Reclaim: 0.0 ms]
      [Free CSet: 0.3 ms]
   [Eden: 281.0M(281.0M)->0.0B(276.0M) Survivors: 42.0M->41.0M Heap: 1064.2M(2048.0M)->1065.2M(2048.0M)]
 [Times: user=1.22 sys=0.05, real=0.17 secs] 
2020-09-29T12:30:29.613+0200: 26.872: [GC pause (G1 Humongous Allocation) (young) (initial-mark), 0.0557369 secs]
   [Parallel Time: 54.9 ms, GC Workers: 8]
      [GC Worker Start (ms): Min: 26871.8, Avg: 26871.9, Max: 26872.0, Diff: 0.2]
      [Ext Root Scanning (ms): Min: 0.0, Avg: 0.2, Max: 0.6, Diff: 0.6, Sum: 1.6]
      [Update RS (ms): Min: 28.5, Avg: 28.9, Max: 29.4, Diff: 0.8, Sum: 231.3]
         [Processed Buffers: Min: 30, Avg: 33.5, Max: 35, Diff: 5, Sum: 268]
      [Scan RS (ms): Min: 2.5, Avg: 3.0, Max: 3.2, Diff: 0.7, Sum: 24.1]
      [Code Root Scanning (ms): Min: 0.0, Avg: 0.0, Max: 0.0, Diff: 0.0, Sum: 0.0]
      [Object Copy (ms): Min: 22.4, Avg: 22.4, Max: 22.6, Diff: 0.2, Sum: 179.5]
      [Termination (ms): Min: 0.0, Avg: 0.1, Max: 0.2, Diff: 0.2, Sum: 1.1]
         [Termination Attempts: Min: 1, Avg: 630.4, Max: 752, Diff: 751, Sum: 5043]
      [GC Worker Other (ms): Min: 0.0, Avg: 0.0, Max: 0.0, Diff: 0.0, Sum: 0.1]
      [GC Worker Total (ms): Min: 54.6, Avg: 54.7, Max: 54.8, Diff: 0.2, Sum: 437.6]
      [GC Worker End (ms): Min: 26926.6, Avg: 26926.6, Max: 26926.6, Diff: 0.0]
   [Code Root Fixup: 0.0 ms]
   [Code Root Purge: 0.0 ms]
   [Clear CT: 0.1 ms]
   [Other: 0.7 ms]
      [Choose CSet: 0.0 ms]
      [Ref Proc: 0.1 ms]
      [Ref Enq: 0.0 ms]
      [Redirty Cards: 0.2 ms]
      [Humongous Register: 0.0 ms]
      [Humongous Reclaim: 0.0 ms]
      [Free CSet: 0.1 ms]
   [Eden: 6144.0K(276.0M)->0.0B(309.0M) Survivors: 41.0M->7168.0K Heap: 1070.7M(2048.0M)->1073.2M(2048.0M)]
 [Times: user=0.48 sys=0.02, real=0.06 secs] 
2020-09-29T12:30:29.668+0200: 26.927: [GC concurrent-root-region-scan-start]
2020-09-29T12:30:29.670+0200: 26.929: [GC concurrent-root-region-scan-end, 0.0012652 secs]
2020-09-29T12:30:29.670+0200: 26.929: [GC concurrent-mark-start]
2020-09-29T12:30:29.673+0200: 26.932: [GC concurrent-mark-end, 0.0036458 secs]
2020-09-29T12:30:29.673+0200: 26.933: [GC remark 2020-09-29T12:30:29.673+0200: 26.933: [Finalize Marking, 0.0002054 secs] 2020-09-29T12:30:29.674+0200: 26.933: [GC ref-proc, 0.0003643 secs] 2020-09-29T12:30:29.674+0200: 26.933: [Unloading, 0.0005205 secs], 0.0013787 secs]
 [Times: user=0.00 sys=0.00, real=0.00 secs] 
2020-09-29T12:30:29.675+0200: 26.934: [GC cleanup 1085M->28M(2048M), 0.0013201 secs]
 [Times: user=0.02 sys=0.00, real=0.00 secs] 
2020-09-29T12:30:29.677+0200: 26.936: [GC concurrent-cleanup-start]
2020-09-29T12:30:29.678+0200: 26.937: [GC concurrent-cleanup-end, 0.0017526 secs]
2020-09-29T12:30:29.843+0200: 27.102: [GC pause (G1 Evacuation Pause) (young), 0.1613137 secs]
   [Parallel Time: 160.4 ms, GC Workers: 8]
      [GC Worker Start (ms): Min: 27102.3, Avg: 27102.4, Max: 27102.5, Diff: 0.2]
      [Ext Root Scanning (ms): Min: 0.0, Avg: 0.1, Max: 0.1, Diff: 0.1, Sum: 0.4]
      [Update RS (ms): Min: 14.6, Avg: 15.1, Max: 15.5, Diff: 0.9, Sum: 121.0]
         [Processed Buffers: Min: 15, Avg: 15.9, Max: 16, Diff: 1, Sum: 127]
      [Scan RS (ms): Min: 20.0, Avg: 20.4, Max: 20.9, Diff: 0.9, Sum: 162.8]
      [Code Root Scanning (ms): Min: 0.0, Avg: 0.0, Max: 0.0, Diff: 0.0, Sum: 0.0]
      [Object Copy (ms): Min: 124.5, Avg: 124.6, Max: 124.6, Diff: 0.1, Sum: 996.7]
      [Termination (ms): Min: 0.0, Avg: 0.0, Max: 0.0, Diff: 0.0, Sum: 0.2]
         [Termination Attempts: Min: 1, Avg: 138.6, Max: 204, Diff: 203, Sum: 1109]
      [GC Worker Other (ms): Min: 0.0, Avg: 0.1, Max: 0.1, Diff: 0.1, Sum: 0.5]
      [GC Worker Total (ms): Min: 160.1, Avg: 160.2, Max: 160.3, Diff: 0.2, Sum: 1281.6]
      [GC Worker End (ms): Min: 27262.6, Avg: 27262.6, Max: 27262.7, Diff: 0.1]
   [Code Root Fixup: 0.0 ms]
   [Code Root Purge: 0.0 ms]
   [Clear CT: 0.1 ms]
   [Other: 0.7 ms]
      [Choose CSet: 0.0 ms]
      [Ref Proc: 0.2 ms]
      [Ref Enq: 0.0 ms]
      [Redirty Cards: 0.2 ms]
      [Humongous Register: 0.0 ms]
      [Humongous Reclaim: 0.0 ms]
      [Free CSet: 0.2 ms]
   [Eden: 309.0M(309.0M)->0.0B(286.0M) Survivors: 7168.0K->40.0M Heap: 377.0M(2048.0M)->372.5M(2048.0M)]
 [Times: user=1.17 sys=0.02, real=0.16 secs] 
2020-09-29T12:30:30.168+0200: 27.427: [GC pause (G1 Evacuation Pause) (young), 0.1745834 secs]
   [Parallel Time: 173.5 ms, GC Workers: 8]
      [GC Worker Start (ms): Min: 27427.4, Avg: 27427.5, Max: 27427.5, Diff: 0.1]
      [Ext Root Scanning (ms): Min: 0.0, Avg: 0.1, Max: 0.2, Diff: 0.1, Sum: 0.6]
      [Update RS (ms): Min: 16.5, Avg: 16.8, Max: 17.1, Diff: 0.5, Sum: 134.4]
         [Processed Buffers: Min: 15, Avg: 16.1, Max: 17, Diff: 2, Sum: 129]
      [Scan RS (ms): Min: 22.9, Avg: 23.3, Max: 23.7, Diff: 0.7, Sum: 186.6]
      [Code Root Scanning (ms): Min: 0.0, Avg: 0.0, Max: 0.0, Diff: 0.0, Sum: 0.0]
      [Object Copy (ms): Min: 132.9, Avg: 133.0, Max: 133.1, Diff: 0.2, Sum: 1063.9]
      [Termination (ms): Min: 0.0, Avg: 0.0, Max: 0.0, Diff: 0.0, Sum: 0.1]
         [Termination Attempts: Min: 1, Avg: 96.9, Max: 127, Diff: 126, Sum: 775]
      [GC Worker Other (ms): Min: 0.0, Avg: 0.0, Max: 0.1, Diff: 0.1, Sum: 0.3]
      [GC Worker Total (ms): Min: 173.2, Avg: 173.2, Max: 173.3, Diff: 0.2, Sum: 1385.9]
      [GC Worker End (ms): Min: 27600.7, Avg: 27600.7, Max: 27600.7, Diff: 0.1]
   [Code Root Fixup: 0.0 ms]
   [Code Root Purge: 0.0 ms]
   [Clear CT: 0.3 ms]
   [Other: 0.9 ms]
      [Choose CSet: 0.0 ms]
      [Ref Proc: 0.2 ms]
      [Ref Enq: 0.0 ms]
      [Redirty Cards: 0.3 ms]
      [Humongous Register: 0.0 ms]
      [Humongous Reclaim: 0.0 ms]
      [Free CSet: 0.2 ms]
   [Eden: 286.0M(286.0M)->0.0B(277.0M) Survivors: 40.0M->41.0M Heap: 706.2M(2048.0M)->708.2M(2048.0M)]
 [Times: user=1.34 sys=0.03, real=0.17 secs] 
2020-09-29T12:30:30.494+0200: 27.753: [GC pause (G1 Evacuation Pause) (young), 0.1896078 secs]
   [Parallel Time: 188.6 ms, GC Workers: 8]
      [GC Worker Start (ms): Min: 27753.1, Avg: 27753.1, Max: 27753.2, Diff: 0.2]
      [Ext Root Scanning (ms): Min: 0.0, Avg: 0.1, Max: 0.2, Diff: 0.2, Sum: 0.6]
      [Update RS (ms): Min: 24.1, Avg: 24.3, Max: 25.0, Diff: 0.9, Sum: 194.6]
         [Processed Buffers: Min: 23, Avg: 25.0, Max: 27, Diff: 4, Sum: 200]
      [Scan RS (ms): Min: 17.7, Avg: 20.8, Max: 38.2, Diff: 20.5, Sum: 166.0]
      [Code Root Scanning (ms): Min: 0.0, Avg: 0.0, Max: 0.0, Diff: 0.0, Sum: 0.0]
      [Object Copy (ms): Min: 125.0, Avg: 142.9, Max: 145.5, Diff: 20.5, Sum: 1143.3]
      [Termination (ms): Min: 0.0, Avg: 0.2, Max: 0.3, Diff: 0.3, Sum: 1.8]
         [Termination Attempts: Min: 1, Avg: 1631.9, Max: 2049, Diff: 2048, Sum: 13055]
      [GC Worker Other (ms): Min: 0.0, Avg: 0.1, Max: 0.1, Diff: 0.1, Sum: 0.5]
      [GC Worker Total (ms): Min: 188.2, Avg: 188.4, Max: 188.4, Diff: 0.2, Sum: 1506.8]
      [GC Worker End (ms): Min: 27941.5, Avg: 27941.5, Max: 27941.5, Diff: 0.1]
   [Code Root Fixup: 0.0 ms]
   [Code Root Purge: 0.0 ms]
   [Clear CT: 0.1 ms]
   [Other: 0.8 ms]
      [Choose CSet: 0.0 ms]
      [Ref Proc: 0.2 ms]
      [Ref Enq: 0.0 ms]
      [Redirty Cards: 0.2 ms]
      [Humongous Register: 0.1 ms]
      [Humongous Reclaim: 0.0 ms]
      [Free CSet: 0.2 ms]
   [Eden: 277.0M(277.0M)->0.0B(260.0M) Survivors: 41.0M->40.0M Heap: 1032.9M(2048.0M)->1034.9M(2048.0M)]
 [Times: user=1.34 sys=0.09, real=0.19 secs] 
2020-09-29T12:30:30.700+0200: 27.959: [GC pause (G1 Humongous Allocation) (young) (initial-mark), 0.0529639 secs]
   [Parallel Time: 52.0 ms, GC Workers: 8]
      [GC Worker Start (ms): Min: 27959.2, Avg: 27959.3, Max: 27959.4, Diff: 0.1]
      [Ext Root Scanning (ms): Min: 0.0, Avg: 0.1, Max: 0.1, Diff: 0.1, Sum: 0.7]
      [Update RS (ms): Min: 23.9, Avg: 24.1, Max: 24.2, Diff: 0.3, Sum: 192.6]
         [Processed Buffers: Min: 25, Avg: 28.1, Max: 31, Diff: 6, Sum: 225]
      [Scan RS (ms): Min: 2.7, Avg: 2.9, Max: 3.0, Diff: 0.4, Sum: 23.0]
      [Code Root Scanning (ms): Min: 0.0, Avg: 0.0, Max: 0.0, Diff: 0.0, Sum: 0.0]
      [Object Copy (ms): Min: 24.7, Avg: 24.8, Max: 24.8, Diff: 0.2, Sum: 198.1]
      [Termination (ms): Min: 0.0, Avg: 0.1, Max: 0.1, Diff: 0.1, Sum: 0.5]
         [Termination Attempts: Min: 1, Avg: 381.0, Max: 497, Diff: 496, Sum: 3048]
      [GC Worker Other (ms): Min: 0.0, Avg: 0.0, Max: 0.0, Diff: 0.0, Sum: 0.1]
      [GC Worker Total (ms): Min: 51.8, Avg: 51.9, Max: 51.9, Diff: 0.1, Sum: 414.9]
      [GC Worker End (ms): Min: 28011.2, Avg: 28011.2, Max: 28011.2, Diff: 0.0]
   [Code Root Fixup: 0.0 ms]
   [Code Root Purge: 0.0 ms]
   [Clear CT: 0.2 ms]
   [Other: 0.8 ms]
      [Choose CSet: 0.0 ms]
      [Ref Proc: 0.1 ms]
      [Ref Enq: 0.0 ms]
      [Redirty Cards: 0.2 ms]
      [Humongous Register: 0.1 ms]
      [Humongous Reclaim: 0.0 ms]
      [Free CSet: 0.1 ms]
   [Eden: 10.0M(260.0M)->0.0B(296.0M) Survivors: 40.0M->11.0M Heap: 1044.4M(2048.0M)->1047.4M(2048.0M)]
 [Times: user=0.38 sys=0.00, real=0.05 secs] 
2020-09-29T12:30:30.753+0200: 28.012: [GC concurrent-root-region-scan-start]
2020-09-29T12:30:30.756+0200: 28.016: [GC concurrent-root-region-scan-end, 0.0033859 secs]
2020-09-29T12:30:30.756+0200: 28.016: [GC concurrent-mark-start]
2020-09-29T12:30:30.760+0200: 28.019: [GC concurrent-mark-end, 0.0036896 secs]
2020-09-29T12:30:30.760+0200: 28.019: [GC remark 2020-09-29T12:30:30.760+0200: 28.019: [Finalize Marking, 0.0001647 secs] 2020-09-29T12:30:30.761+0200: 28.020: [GC ref-proc, 0.0003663 secs] 2020-09-29T12:30:30.761+0200: 28.020: [Unloading, 0.0005064 secs], 0.0014561 secs]
 [Times: user=0.00 sys=0.00, real=0.00 secs] 
2020-09-29T12:30:30.762+0200: 28.021: [GC cleanup 1064M->37M(2048M), 0.0012586 secs]
 [Times: user=0.00 sys=0.00, real=0.00 secs] 
2020-09-29T12:30:30.764+0200: 28.023: [GC concurrent-cleanup-start]
2020-09-29T12:30:30.766+0200: 28.025: [GC concurrent-cleanup-end, 0.0020552 secs]
2020-09-29T12:30:30.930+0200: 28.189: [GC pause (G1 Evacuation Pause) (young), 0.1651153 secs]
   [Parallel Time: 163.9 ms, GC Workers: 8]
      [GC Worker Start (ms): Min: 28188.8, Avg: 28189.0, Max: 28189.1, Diff: 0.2]
      [Ext Root Scanning (ms): Min: 0.0, Avg: 0.1, Max: 0.2, Diff: 0.2, Sum: 0.4]
      [Update RS (ms): Min: 17.4, Avg: 17.7, Max: 18.1, Diff: 0.7, Sum: 141.8]
         [Processed Buffers: Min: 16, Avg: 16.9, Max: 18, Diff: 2, Sum: 135]
      [Scan RS (ms): Min: 20.6, Avg: 21.0, Max: 21.4, Diff: 0.8, Sum: 168.1]
      [Code Root Scanning (ms): Min: 0.0, Avg: 0.0, Max: 0.0, Diff: 0.0, Sum: 0.0]
      [Object Copy (ms): Min: 124.7, Avg: 124.7, Max: 124.8, Diff: 0.1, Sum: 998.0]
      [Termination (ms): Min: 0.0, Avg: 0.0, Max: 0.0, Diff: 0.0, Sum: 0.2]
         [Termination Attempts: Min: 1, Avg: 166.1, Max: 210, Diff: 209, Sum: 1329]
      [GC Worker Other (ms): Min: 0.0, Avg: 0.0, Max: 0.1, Diff: 0.0, Sum: 0.2]
      [GC Worker Total (ms): Min: 163.5, Avg: 163.6, Max: 163.7, Diff: 0.2, Sum: 1308.7]
      [GC Worker End (ms): Min: 28352.6, Avg: 28352.6, Max: 28352.6, Diff: 0.0]
   [Code Root Fixup: 0.0 ms]
   [Code Root Purge: 0.0 ms]
   [Clear CT: 0.2 ms]
   [Other: 1.0 ms]
      [Choose CSet: 0.0 ms]
      [Ref Proc: 0.2 ms]
      [Ref Enq: 0.0 ms]
      [Redirty Cards: 0.2 ms]
      [Humongous Register: 0.0 ms]
      [Humongous Reclaim: 0.0 ms]
      [Free CSet: 0.3 ms]
   [Eden: 296.0M(296.0M)->0.0B(273.0M) Survivors: 11.0M->39.0M Heap: 366.6M(2048.0M)->357.6M(2048.0M)]
 [Times: user=1.06 sys=0.11, real=0.16 secs] 
2020-09-29T12:30:31.244+0200: 28.503: [GC pause (G1 Evacuation Pause) (young), 0.1670316 secs]
   [Parallel Time: 166.2 ms, GC Workers: 8]
      [GC Worker Start (ms): Min: 28503.4, Avg: 28503.5, Max: 28503.6, Diff: 0.2]
      [Ext Root Scanning (ms): Min: 0.0, Avg: 0.1, Max: 0.2, Diff: 0.2, Sum: 0.5]
      [Update RS (ms): Min: 18.1, Avg: 18.5, Max: 18.8, Diff: 0.7, Sum: 147.7]
         [Processed Buffers: Min: 16, Avg: 17.6, Max: 21, Diff: 5, Sum: 141]
      [Scan RS (ms): Min: 21.3, Avg: 21.7, Max: 22.1, Diff: 0.8, Sum: 173.2]
      [Code Root Scanning (ms): Min: 0.0, Avg: 0.0, Max: 0.0, Diff: 0.0, Sum: 0.0]
      [Object Copy (ms): Min: 125.5, Avg: 125.7, Max: 125.8, Diff: 0.3, Sum: 1005.4]
      [Termination (ms): Min: 0.0, Avg: 0.1, Max: 0.1, Diff: 0.1, Sum: 0.5]
         [Termination Attempts: Min: 1, Avg: 438.5, Max: 526, Diff: 525, Sum: 3508]
      [GC Worker Other (ms): Min: 0.0, Avg: 0.0, Max: 0.1, Diff: 0.1, Sum: 0.3]
      [GC Worker Total (ms): Min: 165.9, Avg: 166.0, Max: 166.1, Diff: 0.2, Sum: 1327.6]
      [GC Worker End (ms): Min: 28669.5, Avg: 28669.5, Max: 28669.5, Diff: 0.1]
   [Code Root Fixup: 0.0 ms]
   [Code Root Purge: 0.0 ms]
   [Clear CT: 0.2 ms]
   [Other: 0.7 ms]
      [Choose CSet: 0.0 ms]
      [Ref Proc: 0.1 ms]
      [Ref Enq: 0.0 ms]
      [Redirty Cards: 0.2 ms]
      [Humongous Register: 0.0 ms]
      [Humongous Reclaim: 0.0 ms]
      [Free CSet: 0.2 ms]
   [Eden: 273.0M(273.0M)->0.0B(271.0M) Survivors: 39.0M->39.0M Heap: 676.4M(2048.0M)->678.4M(2048.0M)]
 [Times: user=1.17 sys=0.05, real=0.17 secs] 
2020-09-29T12:30:31.553+0200: 28.812: [GC pause (G1 Evacuation Pause) (young), 0.1773002 secs]
   [Parallel Time: 176.0 ms, GC Workers: 8]
      [GC Worker Start (ms): Min: 28811.8, Avg: 28811.9, Max: 28811.9, Diff: 0.2]
      [Ext Root Scanning (ms): Min: 0.0, Avg: 0.1, Max: 0.2, Diff: 0.2, Sum: 0.5]
      [Update RS (ms): Min: 16.8, Avg: 17.1, Max: 17.9, Diff: 1.1, Sum: 136.5]
         [Processed Buffers: Min: 14, Avg: 18.3, Max: 21, Diff: 7, Sum: 146]
      [Scan RS (ms): Min: 20.7, Avg: 21.2, Max: 21.9, Diff: 1.2, Sum: 169.8]
      [Code Root Scanning (ms): Min: 0.0, Avg: 0.0, Max: 0.0, Diff: 0.0, Sum: 0.0]
      [Object Copy (ms): Min: 135.7, Avg: 137.2, Max: 137.5, Diff: 1.9, Sum: 1097.3]
      [Termination (ms): Min: 0.0, Avg: 0.0, Max: 0.0, Diff: 0.0, Sum: 0.1]
         [Termination Attempts: Min: 1, Avg: 79.0, Max: 105, Diff: 104, Sum: 632]
      [GC Worker Other (ms): Min: 0.0, Avg: 0.1, Max: 0.1, Diff: 0.1, Sum: 0.5]
      [GC Worker Total (ms): Min: 175.5, Avg: 175.6, Max: 175.7, Diff: 0.2, Sum: 1404.7]
      [GC Worker End (ms): Min: 28987.4, Avg: 28987.5, Max: 28987.5, Diff: 0.1]
   [Code Root Fixup: 0.0 ms]
   [Code Root Purge: 0.0 ms]
   [Clear CT: 0.2 ms]
   [Other: 1.1 ms]
      [Choose CSet: 0.0 ms]
      [Ref Proc: 0.2 ms]
      [Ref Enq: 0.0 ms]
      [Redirty Cards: 0.4 ms]
      [Humongous Register: 0.0 ms]
      [Humongous Reclaim: 0.0 ms]
      [Free CSet: 0.2 ms]
   [Eden: 271.0M(271.0M)->0.0B(266.0M) Survivors: 39.0M->39.0M Heap: 995.1M(2048.0M)->997.6M(2048.0M)]
 [Times: user=1.25 sys=0.05, real=0.18 secs] 
2020-09-29T12:30:31.740+0200: 28.999: [GC pause (G1 Humongous Allocation) (young) (initial-mark), 0.0557704 secs]
   [Parallel Time: 54.2 ms, GC Workers: 8]
      [GC Worker Start (ms): Min: 28999.5, Avg: 28999.6, Max: 28999.7, Diff: 0.2]
      [Ext Root Scanning (ms): Min: 0.0, Avg: 0.1, Max: 0.2, Diff: 0.2, Sum: 1.0]
      [Update RS (ms): Min: 32.2, Avg: 32.4, Max: 32.8, Diff: 0.6, Sum: 258.8]
         [Processed Buffers: Min: 34, Avg: 37.6, Max: 40, Diff: 6, Sum: 301]
      [Scan RS (ms): Min: 2.9, Avg: 3.2, Max: 4.4, Diff: 1.5, Sum: 25.4]
      [Code Root Scanning (ms): Min: 0.0, Avg: 0.0, Max: 0.0, Diff: 0.0, Sum: 0.0]
      [Object Copy (ms): Min: 16.9, Avg: 18.5, Max: 18.7, Diff: 1.8, Sum: 147.7]
      [Termination (ms): Min: 0.0, Avg: 0.0, Max: 0.0, Diff: 0.0, Sum: 0.1]
         [Termination Attempts: Min: 1, Avg: 107.9, Max: 161, Diff: 160, Sum: 863]
      [GC Worker Other (ms): Min: 0.0, Avg: 0.0, Max: 0.0, Diff: 0.0, Sum: 0.1]
      [GC Worker Total (ms): Min: 54.1, Avg: 54.1, Max: 54.2, Diff: 0.2, Sum: 433.2]
      [GC Worker End (ms): Min: 29053.7, Avg: 29053.7, Max: 29053.7, Diff: 0.0]
   [Code Root Fixup: 0.0 ms]
   [Code Root Purge: 0.0 ms]
   [Clear CT: 0.3 ms]
   [Other: 1.3 ms]
      [Choose CSet: 0.0 ms]
      [Ref Proc: 0.1 ms]
      [Ref Enq: 0.0 ms]
      [Redirty Cards: 0.8 ms]
      [Humongous Register: 0.0 ms]
      [Humongous Reclaim: 0.0 ms]
      [Free CSet: 0.1 ms]
   [Eden: 7168.0K(266.0M)->0.0B(310.0M) Survivors: 39.0M->10.0M Heap: 1004.6M(2048.0M)->1009.6M(2048.0M)]
 [Times: user=0.36 sys=0.02, real=0.06 secs] 
2020-09-29T12:30:31.796+0200: 29.056: [GC concurrent-root-region-scan-start]
2020-09-29T12:30:31.799+0200: 29.058: [GC concurrent-root-region-scan-end, 0.0022569 secs]
2020-09-29T12:30:31.799+0200: 29.058: [GC concurrent-mark-start]
2020-09-29T12:30:31.803+0200: 29.062: [GC concurrent-mark-end, 0.0046744 secs]
2020-09-29T12:30:31.804+0200: 29.063: [GC remark 2020-09-29T12:30:31.804+0200: 29.063: [Finalize Marking, 0.0001896 secs] 2020-09-29T12:30:31.804+0200: 29.063: [GC ref-proc, 0.0003455 secs] 2020-09-29T12:30:31.804+0200: 29.063: [Unloading, 0.0005358 secs], 0.0015046 secs]
 [Times: user=0.00 sys=0.00, real=0.00 secs] 
2020-09-29T12:30:31.806+0200: 29.065: [GC cleanup 1026M->36M(2048M), 0.0015429 secs]
 [Times: user=0.00 sys=0.00, real=0.00 secs] 
2020-09-29T12:30:31.807+0200: 29.066: [GC concurrent-cleanup-start]
2020-09-29T12:30:31.809+0200: 29.068: [GC concurrent-cleanup-end, 0.0016180 secs]
2020-09-29T12:30:31.964+0200: 29.223: [GC pause (G1 Evacuation Pause) (young), 0.1772326 secs]
   [Parallel Time: 176.3 ms, GC Workers: 8]
      [GC Worker Start (ms): Min: 29223.2, Avg: 29223.3, Max: 29223.3, Diff: 0.1]
      [Ext Root Scanning (ms): Min: 0.0, Avg: 0.1, Max: 0.1, Diff: 0.1, Sum: 0.5]
      [Update RS (ms): Min: 14.8, Avg: 15.0, Max: 15.7, Diff: 1.0, Sum: 120.1]
         [Processed Buffers: Min: 16, Avg: 17.4, Max: 19, Diff: 3, Sum: 139]
      [Scan RS (ms): Min: 21.2, Avg: 22.0, Max: 22.8, Diff: 1.6, Sum: 175.9]
      [Code Root Scanning (ms): Min: 0.0, Avg: 0.0, Max: 0.0, Diff: 0.0, Sum: 0.0]
      [Object Copy (ms): Min: 138.3, Avg: 138.9, Max: 139.1, Diff: 0.8, Sum: 1111.3]
      [Termination (ms): Min: 0.0, Avg: 0.1, Max: 0.2, Diff: 0.2, Sum: 0.7]
         [Termination Attempts: Min: 1, Avg: 529.8, Max: 644, Diff: 643, Sum: 4238]
      [GC Worker Other (ms): Min: 0.0, Avg: 0.1, Max: 0.1, Diff: 0.1, Sum: 0.6]
      [GC Worker Total (ms): Min: 176.1, Avg: 176.1, Max: 176.2, Diff: 0.1, Sum: 1409.1]
      [GC Worker End (ms): Min: 29399.4, Avg: 29399.4, Max: 29399.4, Diff: 0.0]
   [Code Root Fixup: 0.0 ms]
   [Code Root Purge: 0.0 ms]
   [Clear CT: 0.1 ms]
   [Other: 0.8 ms]
      [Choose CSet: 0.0 ms]
      [Ref Proc: 0.2 ms]
      [Ref Enq: 0.0 ms]
      [Redirty Cards: 0.2 ms]
      [Humongous Register: 0.0 ms]
      [Humongous Reclaim: 0.0 ms]
      [Free CSet: 0.2 ms]
   [Eden: 310.0M(310.0M)->0.0B(276.0M) Survivors: 10.0M->40.0M Heap: 382.9M(2048.0M)->374.9M(2048.0M)]
 [Times: user=1.30 sys=0.05, real=0.18 secs] 
2020-09-29T12:30:32.290+0200: 29.549: [GC pause (G1 Evacuation Pause) (young), 0.1723323 secs]
   [Parallel Time: 171.0 ms, GC Workers: 8]
      [GC Worker Start (ms): Min: 29549.4, Avg: 29549.5, Max: 29549.5, Diff: 0.2]
      [Ext Root Scanning (ms): Min: 0.0, Avg: 0.1, Max: 0.2, Diff: 0.2, Sum: 0.5]
      [Update RS (ms): Min: 22.3, Avg: 22.5, Max: 22.8, Diff: 0.6, Sum: 179.9]
         [Processed Buffers: Min: 23, Avg: 24.4, Max: 27, Diff: 4, Sum: 195]
      [Scan RS (ms): Min: 16.4, Avg: 16.7, Max: 17.0, Diff: 0.7, Sum: 133.9]
      [Code Root Scanning (ms): Min: 0.0, Avg: 0.0, Max: 0.0, Diff: 0.0, Sum: 0.0]
      [Object Copy (ms): Min: 131.1, Avg: 131.2, Max: 131.5, Diff: 0.4, Sum: 1049.7]
      [Termination (ms): Min: 0.0, Avg: 0.2, Max: 0.2, Diff: 0.2, Sum: 1.4]
         [Termination Attempts: Min: 1, Avg: 1306.6, Max: 1598, Diff: 1597, Sum: 10453]
      [GC Worker Other (ms): Min: 0.0, Avg: 0.1, Max: 0.2, Diff: 0.1, Sum: 0.8]
      [GC Worker Total (ms): Min: 170.7, Avg: 170.8, Max: 170.9, Diff: 0.2, Sum: 1366.2]
      [GC Worker End (ms): Min: 29720.2, Avg: 29720.2, Max: 29720.3, Diff: 0.1]
   [Code Root Fixup: 0.0 ms]
   [Code Root Purge: 0.0 ms]
   [Clear CT: 0.4 ms]
   [Other: 1.0 ms]
      [Choose CSet: 0.0 ms]
      [Ref Proc: 0.3 ms]
      [Ref Enq: 0.0 ms]
      [Redirty Cards: 0.3 ms]
      [Humongous Register: 0.0 ms]
      [Humongous Reclaim: 0.0 ms]
      [Free CSet: 0.2 ms]
   [Eden: 276.0M(276.0M)->0.0B(277.0M) Survivors: 40.0M->40.0M Heap: 696.7M(2048.0M)->698.7M(2048.0M)]
 [Times: user=1.31 sys=0.01, real=0.17 secs] 
2020-09-29T12:30:32.607+0200: 29.866: [GC pause (G1 Evacuation Pause) (young), 0.1716509 secs]
   [Parallel Time: 170.2 ms, GC Workers: 8]
      [GC Worker Start (ms): Min: 29866.6, Avg: 29866.7, Max: 29866.8, Diff: 0.2]
      [Ext Root Scanning (ms): Min: 0.0, Avg: 0.1, Max: 0.2, Diff: 0.2, Sum: 0.6]
      [Update RS (ms): Min: 21.8, Avg: 22.0, Max: 22.5, Diff: 0.7, Sum: 175.8]
         [Processed Buffers: Min: 20, Avg: 20.8, Max: 23, Diff: 3, Sum: 166]
      [Scan RS (ms): Min: 19.3, Avg: 19.8, Max: 20.1, Diff: 0.7, Sum: 158.2]
      [Code Root Scanning (ms): Min: 0.0, Avg: 0.0, Max: 0.0, Diff: 0.0, Sum: 0.0]
      [Object Copy (ms): Min: 128.0, Avg: 128.2, Max: 128.3, Diff: 0.3, Sum: 1025.4]
      [Termination (ms): Min: 0.0, Avg: 0.0, Max: 0.0, Diff: 0.0, Sum: 0.0]
         [Termination Attempts: Min: 1, Avg: 28.5, Max: 48, Diff: 47, Sum: 228]
      [GC Worker Other (ms): Min: 0.0, Avg: 0.0, Max: 0.1, Diff: 0.0, Sum: 0.3]
      [GC Worker Total (ms): Min: 170.0, Avg: 170.1, Max: 170.2, Diff: 0.2, Sum: 1360.4]
      [GC Worker End (ms): Min: 30036.7, Avg: 30036.7, Max: 30036.8, Diff: 0.0]
   [Code Root Fixup: 0.0 ms]
   [Code Root Purge: 0.0 ms]
   [Clear CT: 0.3 ms]
   [Other: 1.1 ms]
      [Choose CSet: 0.0 ms]
      [Ref Proc: 0.2 ms]
      [Ref Enq: 0.0 ms]
      [Redirty Cards: 0.3 ms]
      [Humongous Register: 0.0 ms]
      [Humongous Reclaim: 0.0 ms]
      [Free CSet: 0.4 ms]
   [Eden: 277.0M(277.0M)->0.0B(275.0M) Survivors: 40.0M->40.0M Heap: 1021.5M(2048.0M)->1023.0M(2048.0M)]
 [Times: user=1.27 sys=0.09, real=0.17 secs] 
2020-09-29T12:30:32.796+0200: 30.055: [GC pause (G1 Humongous Allocation) (young) (initial-mark), 0.0505126 secs]
   [Parallel Time: 49.6 ms, GC Workers: 8]
      [GC Worker Start (ms): Min: 30055.3, Avg: 30055.3, Max: 30055.5, Diff: 0.2]
      [Ext Root Scanning (ms): Min: 0.0, Avg: 0.2, Max: 0.3, Diff: 0.3, Sum: 1.4]
      [Update RS (ms): Min: 27.4, Avg: 27.7, Max: 27.9, Diff: 0.5, Sum: 221.6]
         [Processed Buffers: Min: 28, Avg: 31.0, Max: 33, Diff: 5, Sum: 248]
      [Scan RS (ms): Min: 2.4, Avg: 2.7, Max: 3.0, Diff: 0.5, Sum: 21.4]
      [Code Root Scanning (ms): Min: 0.0, Avg: 0.0, Max: 0.0, Diff: 0.0, Sum: 0.0]
      [Object Copy (ms): Min: 18.7, Avg: 18.8, Max: 18.8, Diff: 0.1, Sum: 150.3]
      [Termination (ms): Min: 0.0, Avg: 0.0, Max: 0.0, Diff: 0.0, Sum: 0.1]
         [Termination Attempts: Min: 1, Avg: 107.3, Max: 139, Diff: 138, Sum: 858]
      [GC Worker Other (ms): Min: 0.0, Avg: 0.0, Max: 0.0, Diff: 0.0, Sum: 0.1]
      [GC Worker Total (ms): Min: 49.3, Avg: 49.4, Max: 49.4, Diff: 0.2, Sum: 395.0]
      [GC Worker End (ms): Min: 30104.7, Avg: 30104.7, Max: 30104.7, Diff: 0.0]
   [Code Root Fixup: 0.0 ms]
   [Code Root Purge: 0.0 ms]
   [Clear CT: 0.2 ms]
   [Other: 0.7 ms]
      [Choose CSet: 0.0 ms]
      [Ref Proc: 0.2 ms]
      [Ref Enq: 0.0 ms]
      [Redirty Cards: 0.2 ms]
      [Humongous Register: 0.1 ms]
      [Humongous Reclaim: 0.0 ms]
      [Free CSet: 0.1 ms]
   [Eden: 7168.0K(275.0M)->0.0B(329.0M) Survivors: 40.0M->9216.0K Heap: 1030.0M(2048.0M)->1033.5M(2048.0M)]
 [Times: user=0.38 sys=0.00, real=0.05 secs] 
2020-09-29T12:30:32.847+0200: 30.106: [GC concurrent-root-region-scan-start]
2020-09-29T12:30:32.850+0200: 30.109: [GC concurrent-root-region-scan-end, 0.0032191 secs]
2020-09-29T12:30:32.850+0200: 30.109: [GC concurrent-mark-start]
2020-09-29T12:30:32.853+0200: 30.112: [GC concurrent-mark-end, 0.0034933 secs]
2020-09-29T12:30:32.854+0200: 30.113: [GC remark 2020-09-29T12:30:32.854+0200: 30.113: [Finalize Marking, 0.0001873 secs] 2020-09-29T12:30:32.854+0200: 30.113: [GC ref-proc, 0.0002821 secs] 2020-09-29T12:30:32.854+0200: 30.113: [Unloading, 0.0004694 secs], 0.0012116 secs]
 [Times: user=0.00 sys=0.00, real=0.00 secs] 
2020-09-29T12:30:32.855+0200: 30.114: [GC cleanup 1050M->35M(2048M), 0.0012386 secs]
 [Times: user=0.00 sys=0.00, real=0.00 secs] 
2020-09-29T12:30:32.856+0200: 30.116: [GC concurrent-cleanup-start]
2020-09-29T12:30:32.858+0200: 30.117: [GC concurrent-cleanup-end, 0.0011420 secs]
2020-09-29T12:30:33.027+0200: 30.286: [GC pause (G1 Evacuation Pause) (young), 0.1917304 secs]
   [Parallel Time: 190.8 ms, GC Workers: 8]
      [GC Worker Start (ms): Min: 30286.4, Avg: 30286.6, Max: 30286.6, Diff: 0.2]
      [Ext Root Scanning (ms): Min: 0.0, Avg: 0.1, Max: 0.2, Diff: 0.2, Sum: 0.5]
      [Update RS (ms): Min: 12.4, Avg: 12.7, Max: 13.3, Diff: 0.9, Sum: 101.5]
         [Processed Buffers: Min: 12, Avg: 12.9, Max: 14, Diff: 2, Sum: 103]
      [Scan RS (ms): Min: 25.5, Avg: 26.2, Max: 26.5, Diff: 1.0, Sum: 209.4]
      [Code Root Scanning (ms): Min: 0.0, Avg: 0.0, Max: 0.0, Diff: 0.0, Sum: 0.0]
      [Object Copy (ms): Min: 151.1, Avg: 151.2, Max: 151.5, Diff: 0.4, Sum: 1209.8]
      [Termination (ms): Min: 0.0, Avg: 0.2, Max: 0.3, Diff: 0.3, Sum: 1.9]
         [Termination Attempts: Min: 1, Avg: 1576.6, Max: 2070, Diff: 2069, Sum: 12613]
      [GC Worker Other (ms): Min: 0.0, Avg: 0.1, Max: 0.2, Diff: 0.2, Sum: 0.6]
      [GC Worker Total (ms): Min: 190.4, Avg: 190.5, Max: 190.7, Diff: 0.3, Sum: 1523.8]
      [GC Worker End (ms): Min: 30477.0, Avg: 30477.0, Max: 30477.2, Diff: 0.2]
   [Code Root Fixup: 0.0 ms]
   [Code Root Purge: 0.0 ms]
   [Clear CT: 0.1 ms]
   [Other: 0.7 ms]
      [Choose CSet: 0.0 ms]
      [Ref Proc: 0.2 ms]
      [Ref Enq: 0.0 ms]
      [Redirty Cards: 0.2 ms]
      [Humongous Register: 0.0 ms]
      [Humongous Reclaim: 0.0 ms]
      [Free CSet: 0.2 ms]
   [Eden: 329.0M(329.0M)->0.0B(274.0M) Survivors: 9216.0K->43.0M Heap: 402.8M(2048.0M)->396.8M(2048.0M)]
 [Times: user=1.38 sys=0.06, real=0.19 secs] 
2020-09-29T12:30:33.377+0200: 30.636: [GC pause (G1 Evacuation Pause) (young), 0.1650230 secs]
   [Parallel Time: 164.0 ms, GC Workers: 8]
      [GC Worker Start (ms): Min: 30635.9, Avg: 30636.0, Max: 30636.0, Diff: 0.1]
      [Ext Root Scanning (ms): Min: 0.0, Avg: 0.1, Max: 0.1, Diff: 0.1, Sum: 0.5]
      [Update RS (ms): Min: 13.3, Avg: 13.8, Max: 15.3, Diff: 2.0, Sum: 110.1]
         [Processed Buffers: Min: 14, Avg: 15.1, Max: 18, Diff: 4, Sum: 121]
      [Scan RS (ms): Min: 19.8, Avg: 21.3, Max: 21.7, Diff: 2.0, Sum: 170.7]
      [Code Root Scanning (ms): Min: 0.0, Avg: 0.0, Max: 0.0, Diff: 0.0, Sum: 0.0]
      [Object Copy (ms): Min: 128.5, Avg: 128.6, Max: 128.7, Diff: 0.2, Sum: 1028.8]
      [Termination (ms): Min: 0.0, Avg: 0.0, Max: 0.0, Diff: 0.0, Sum: 0.2]
         [Termination Attempts: Min: 1, Avg: 135.8, Max: 174, Diff: 173, Sum: 1086]
      [GC Worker Other (ms): Min: 0.0, Avg: 0.1, Max: 0.1, Diff: 0.1, Sum: 0.5]
      [GC Worker Total (ms): Min: 163.8, Avg: 163.8, Max: 163.9, Diff: 0.1, Sum: 1310.7]
      [GC Worker End (ms): Min: 30799.7, Avg: 30799.8, Max: 30799.8, Diff: 0.1]
   [Code Root Fixup: 0.0 ms]
   [Code Root Purge: 0.0 ms]
   [Clear CT: 0.1 ms]
   [Other: 0.8 ms]
      [Choose CSet: 0.0 ms]
      [Ref Proc: 0.2 ms]
      [Ref Enq: 0.0 ms]
      [Redirty Cards: 0.2 ms]
      [Humongous Register: 0.0 ms]
      [Humongous Reclaim: 0.0 ms]
      [Free CSet: 0.2 ms]
   [Eden: 274.0M(274.0M)->0.0B(277.0M) Survivors: 43.0M->40.0M Heap: 716.6M(2048.0M)->718.6M(2048.0M)]
 [Times: user=1.27 sys=0.06, real=0.16 secs] 
2020-09-29T12:30:33.694+0200: 30.953: [GC pause (G1 Evacuation Pause) (young), 0.1715969 secs]
   [Parallel Time: 170.7 ms, GC Workers: 8]
      [GC Worker Start (ms): Min: 30952.8, Avg: 30952.8, Max: 30952.9, Diff: 0.1]
      [Ext Root Scanning (ms): Min: 0.0, Avg: 0.1, Max: 0.1, Diff: 0.1, Sum: 0.6]
      [Update RS (ms): Min: 16.0, Avg: 16.4, Max: 16.9, Diff: 0.9, Sum: 130.8]
         [Processed Buffers: Min: 16, Avg: 16.8, Max: 17, Diff: 1, Sum: 134]
      [Scan RS (ms): Min: 19.7, Avg: 20.4, Max: 20.8, Diff: 1.1, Sum: 162.8]
      [Code Root Scanning (ms): Min: 0.0, Avg: 0.0, Max: 0.0, Diff: 0.0, Sum: 0.0]
      [Object Copy (ms): Min: 133.5, Avg: 133.6, Max: 133.6, Diff: 0.2, Sum: 1068.6]
      [Termination (ms): Min: 0.0, Avg: 0.1, Max: 0.1, Diff: 0.1, Sum: 0.7]
         [Termination Attempts: Min: 1, Avg: 616.3, Max: 870, Diff: 869, Sum: 4930]
      [GC Worker Other (ms): Min: 0.0, Avg: 0.0, Max: 0.0, Diff: 0.0, Sum: 0.2]
      [GC Worker Total (ms): Min: 170.4, Avg: 170.5, Max: 170.5, Diff: 0.1, Sum: 1363.9]
      [GC Worker End (ms): Min: 31123.3, Avg: 31123.3, Max: 31123.4, Diff: 0.0]
   [Code Root Fixup: 0.0 ms]
   [Code Root Purge: 0.0 ms]
   [Clear CT: 0.1 ms]
   [Other: 0.8 ms]
      [Choose CSet: 0.0 ms]
      [Ref Proc: 0.2 ms]
      [Ref Enq: 0.0 ms]
      [Redirty Cards: 0.2 ms]
      [Humongous Register: 0.0 ms]
      [Humongous Reclaim: 0.0 ms]
      [Free CSet: 0.2 ms]
   [Eden: 277.0M(277.0M)->0.0B(276.0M) Survivors: 40.0M->40.0M Heap: 1041.4M(2048.0M)->1043.4M(2048.0M)]
 [Times: user=1.26 sys=0.03, real=0.17 secs] 
2020-09-29T12:30:33.875+0200: 31.134: [GC pause (G1 Humongous Allocation) (young) (initial-mark), 0.0655632 secs]
   [Parallel Time: 64.8 ms, GC Workers: 8]
      [GC Worker Start (ms): Min: 31134.3, Avg: 31134.3, Max: 31134.4, Diff: 0.1]
      [Ext Root Scanning (ms): Min: 0.0, Avg: 0.1, Max: 0.1, Diff: 0.1, Sum: 0.6]
      [Update RS (ms): Min: 30.5, Avg: 30.7, Max: 31.1, Diff: 0.5, Sum: 245.8]
         [Processed Buffers: Min: 34, Avg: 36.3, Max: 38, Diff: 4, Sum: 290]
      [Scan RS (ms): Min: 2.4, Avg: 3.1, Max: 5.8, Diff: 3.5, Sum: 24.9]
      [Code Root Scanning (ms): Min: 0.0, Avg: 0.0, Max: 0.0, Diff: 0.0, Sum: 0.0]
      [Object Copy (ms): Min: 27.4, Avg: 30.4, Max: 31.2, Diff: 3.8, Sum: 243.1]
      [Termination (ms): Min: 0.0, Avg: 0.3, Max: 0.5, Diff: 0.5, Sum: 2.8]
         [Termination Attempts: Min: 1, Avg: 2452.9, Max: 3203, Diff: 3202, Sum: 19623]
      [GC Worker Other (ms): Min: 0.0, Avg: 0.0, Max: 0.0, Diff: 0.0, Sum: 0.2]
      [GC Worker Total (ms): Min: 64.6, Avg: 64.7, Max: 64.7, Diff: 0.1, Sum: 517.4]
      [GC Worker End (ms): Min: 31199.0, Avg: 31199.0, Max: 31199.0, Diff: 0.0]
   [Code Root Fixup: 0.0 ms]
   [Code Root Purge: 0.0 ms]
   [Clear CT: 0.2 ms]
   [Other: 0.5 ms]
      [Choose CSet: 0.0 ms]
      [Ref Proc: 0.2 ms]
      [Ref Enq: 0.0 ms]
      [Redirty Cards: 0.1 ms]
      [Humongous Register: 0.0 ms]
      [Humongous Reclaim: 0.0 ms]
      [Free CSet: 0.0 ms]
   [Eden: 2048.0K(276.0M)->0.0B(247.0M) Survivors: 40.0M->4096.0K Heap: 1044.9M(2048.0M)->1047.9M(2048.0M)]
 [Times: user=0.49 sys=0.00, real=0.07 secs] 
2020-09-29T12:30:33.940+0200: 31.200: [GC concurrent-root-region-scan-start]
2020-09-29T12:30:33.941+0200: 31.200: [GC concurrent-root-region-scan-end, 0.0004437 secs]
2020-09-29T12:30:33.941+0200: 31.200: [GC concurrent-mark-start]
2020-09-29T12:30:33.943+0200: 31.203: [GC concurrent-mark-end, 0.0023720 secs]
2020-09-29T12:30:33.943+0200: 31.203: [GC remark 2020-09-29T12:30:33.943+0200: 31.203: [Finalize Marking, 0.0001913 secs] 2020-09-29T12:30:33.943+0200: 31.203: [GC ref-proc, 0.0002988 secs] 2020-09-29T12:30:33.944+0200: 31.203: [Unloading, 0.0003750 secs], 0.0012352 secs]
 [Times: user=0.00 sys=0.00, real=0.00 secs] 
2020-09-29T12:30:33.945+0200: 31.204: [GC cleanup 1055M->21M(2048M), 0.0011431 secs]
 [Times: user=0.00 sys=0.00, real=0.00 secs] 
2020-09-29T12:30:33.946+0200: 31.206: [GC concurrent-cleanup-start]
2020-09-29T12:30:33.947+0200: 31.207: [GC concurrent-cleanup-end, 0.0012680 secs]
2020-09-29T12:30:34.080+0200: 31.340: [GC pause (G1 Evacuation Pause) (young), 0.1308099 secs]
   [Parallel Time: 129.1 ms, GC Workers: 8]
      [GC Worker Start (ms): Min: 31340.1, Avg: 31340.2, Max: 31340.3, Diff: 0.2]
      [Ext Root Scanning (ms): Min: 0.0, Avg: 0.1, Max: 0.2, Diff: 0.2, Sum: 0.5]
      [Update RS (ms): Min: 14.8, Avg: 15.1, Max: 15.5, Diff: 0.7, Sum: 120.7]
         [Processed Buffers: Min: 15, Avg: 16.4, Max: 18, Diff: 3, Sum: 131]
      [Scan RS (ms): Min: 14.1, Avg: 14.4, Max: 14.7, Diff: 0.6, Sum: 115.2]
      [Code Root Scanning (ms): Min: 0.0, Avg: 0.0, Max: 0.0, Diff: 0.0, Sum: 0.0]
      [Object Copy (ms): Min: 98.8, Avg: 99.0, Max: 99.0, Diff: 0.2, Sum: 791.6]
      [Termination (ms): Min: 0.0, Avg: 0.0, Max: 0.1, Diff: 0.1, Sum: 0.4]
         [Termination Attempts: Min: 1, Avg: 311.9, Max: 437, Diff: 436, Sum: 2495]
      [GC Worker Other (ms): Min: 0.0, Avg: 0.1, Max: 0.2, Diff: 0.2, Sum: 0.5]
      [GC Worker Total (ms): Min: 128.5, Avg: 128.6, Max: 128.7, Diff: 0.2, Sum: 1028.9]
      [GC Worker End (ms): Min: 31468.8, Avg: 31468.9, Max: 31469.0, Diff: 0.2]
   [Code Root Fixup: 0.0 ms]
   [Code Root Purge: 0.0 ms]
   [Clear CT: 0.5 ms]
   [Other: 1.2 ms]
      [Choose CSet: 0.0 ms]
      [Ref Proc: 0.4 ms]
      [Ref Enq: 0.0 ms]
      [Redirty Cards: 0.4 ms]
      [Humongous Register: 0.0 ms]
      [Humongous Reclaim: 0.0 ms]
      [Free CSet: 0.1 ms]
   [Eden: 247.0M(247.0M)->0.0B(246.0M) Survivors: 4096.0K->32.0M Heap: 302.5M(2048.0M)->301.5M(2048.0M)]
 [Times: user=1.09 sys=0.03, real=0.13 secs] 
2020-09-29T12:30:34.341+0200: 31.600: [GC pause (G1 Evacuation Pause) (young), 0.1383918 secs]
   [Parallel Time: 137.1 ms, GC Workers: 8]
      [GC Worker Start (ms): Min: 31600.5, Avg: 31600.7, Max: 31600.8, Diff: 0.2]
      [Ext Root Scanning (ms): Min: 0.0, Avg: 0.0, Max: 0.2, Diff: 0.2, Sum: 0.4]
      [Update RS (ms): Min: 19.1, Avg: 19.2, Max: 19.3, Diff: 0.1, Sum: 153.6]
         [Processed Buffers: Min: 19, Avg: 21.4, Max: 25, Diff: 6, Sum: 171]
      [Scan RS (ms): Min: 15.2, Avg: 15.3, Max: 15.3, Diff: 0.2, Sum: 122.1]
      [Code Root Scanning (ms): Min: 0.0, Avg: 0.0, Max: 0.0, Diff: 0.0, Sum: 0.0]
      [Object Copy (ms): Min: 102.2, Avg: 102.3, Max: 102.4, Diff: 0.2, Sum: 818.6]
      [Termination (ms): Min: 0.0, Avg: 0.0, Max: 0.0, Diff: 0.0, Sum: 0.0]
         [Termination Attempts: Min: 1, Avg: 4.6, Max: 7, Diff: 6, Sum: 37]
      [GC Worker Other (ms): Min: 0.0, Avg: 0.0, Max: 0.1, Diff: 0.0, Sum: 0.2]
      [GC Worker Total (ms): Min: 136.8, Avg: 136.9, Max: 137.0, Diff: 0.2, Sum: 1095.0]
      [GC Worker End (ms): Min: 31737.5, Avg: 31737.5, Max: 31737.6, Diff: 0.0]
   [Code Root Fixup: 0.0 ms]
   [Code Root Purge: 0.0 ms]
   [Clear CT: 0.2 ms]
   [Other: 1.1 ms]
      [Choose CSet: 0.0 ms]
      [Ref Proc: 0.2 ms]
      [Ref Enq: 0.0 ms]
      [Redirty Cards: 0.4 ms]
      [Humongous Register: 0.0 ms]
      [Humongous Reclaim: 0.0 ms]
      [Free CSet: 0.2 ms]
   [Eden: 246.0M(246.0M)->0.0B(261.0M) Survivors: 32.0M->35.0M Heap: 589.4M(2048.0M)->591.4M(2048.0M)]
 [Times: user=1.11 sys=0.02, real=0.14 secs] 
2020-09-29T12:30:34.618+0200: 31.878: [GC pause (G1 Evacuation Pause) (young), 0.1406140 secs]
   [Parallel Time: 139.4 ms, GC Workers: 8]
      [GC Worker Start (ms): Min: 31878.1, Avg: 31878.2, Max: 31878.3, Diff: 0.2]
      [Ext Root Scanning (ms): Min: 0.0, Avg: 0.1, Max: 0.2, Diff: 0.2, Sum: 0.6]
      [Update RS (ms): Min: 14.4, Avg: 14.7, Max: 15.0, Diff: 0.5, Sum: 117.8]
         [Processed Buffers: Min: 17, Avg: 17.3, Max: 18, Diff: 1, Sum: 138]
      [Scan RS (ms): Min: 13.0, Avg: 13.3, Max: 13.6, Diff: 0.6, Sum: 106.4]
      [Code Root Scanning (ms): Min: 0.0, Avg: 0.0, Max: 0.0, Diff: 0.0, Sum: 0.0]
      [Object Copy (ms): Min: 110.9, Avg: 111.1, Max: 111.2, Diff: 0.3, Sum: 888.7]
      [Termination (ms): Min: 0.0, Avg: 0.0, Max: 0.0, Diff: 0.0, Sum: 0.0]
         [Termination Attempts: Min: 1, Avg: 23.9, Max: 36, Diff: 35, Sum: 191]
      [GC Worker Other (ms): Min: 0.0, Avg: 0.0, Max: 0.1, Diff: 0.0, Sum: 0.2]
      [GC Worker Total (ms): Min: 139.1, Avg: 139.2, Max: 139.3, Diff: 0.2, Sum: 1113.7]
      [GC Worker End (ms): Min: 32017.4, Avg: 32017.4, Max: 32017.4, Diff: 0.0]
   [Code Root Fixup: 0.0 ms]
   [Code Root Purge: 0.0 ms]
   [Clear CT: 0.2 ms]
   [Other: 0.9 ms]
      [Choose CSet: 0.0 ms]
      [Ref Proc: 0.2 ms]
      [Ref Enq: 0.0 ms]
      [Redirty Cards: 0.3 ms]
      [Humongous Register: 0.0 ms]
      [Humongous Reclaim: 0.0 ms]
      [Free CSet: 0.2 ms]
   [Eden: 261.0M(261.0M)->0.0B(280.0M) Survivors: 35.0M->37.0M Heap: 894.4M(2048.0M)->895.9M(2048.0M)]
 [Times: user=1.11 sys=0.02, real=0.14 secs] 
2020-09-29T12:30:34.909+0200: 32.169: [GC pause (G1 Evacuation Pause) (young), 0.1664066 secs]
   [Parallel Time: 165.2 ms, GC Workers: 8]
      [GC Worker Start (ms): Min: 32169.1, Avg: 32169.2, Max: 32169.2, Diff: 0.1]
      [Ext Root Scanning (ms): Min: 0.0, Avg: 0.1, Max: 0.1, Diff: 0.1, Sum: 0.6]
      [Update RS (ms): Min: 17.8, Avg: 17.9, Max: 18.2, Diff: 0.4, Sum: 143.1]
         [Processed Buffers: Min: 21, Avg: 22.5, Max: 25, Diff: 4, Sum: 180]
      [Scan RS (ms): Min: 12.4, Avg: 12.8, Max: 12.9, Diff: 0.5, Sum: 102.1]
      [Code Root Scanning (ms): Min: 0.0, Avg: 0.0, Max: 0.0, Diff: 0.0, Sum: 0.0]
      [Object Copy (ms): Min: 133.9, Avg: 134.1, Max: 134.2, Diff: 0.3, Sum: 1072.5]
      [Termination (ms): Min: 0.0, Avg: 0.2, Max: 0.2, Diff: 0.2, Sum: 1.2]
         [Termination Attempts: Min: 1, Avg: 1009.9, Max: 1287, Diff: 1286, Sum: 8079]
      [GC Worker Other (ms): Min: 0.0, Avg: 0.0, Max: 0.1, Diff: 0.1, Sum: 0.3]
      [GC Worker Total (ms): Min: 164.9, Avg: 165.0, Max: 165.1, Diff: 0.1, Sum: 1319.8]
      [GC Worker End (ms): Min: 32334.1, Avg: 32334.1, Max: 32334.2, Diff: 0.1]
   [Code Root Fixup: 0.0 ms]
   [Code Root Purge: 0.0 ms]
   [Clear CT: 0.2 ms]
   [Other: 1.1 ms]
      [Choose CSet: 0.0 ms]
      [Ref Proc: 0.1 ms]
      [Ref Enq: 0.0 ms]
      [Redirty Cards: 0.4 ms]
      [Humongous Register: 0.0 ms]
      [Humongous Reclaim: 0.0 ms]
      [Free CSet: 0.3 ms]
   [Eden: 280.0M(280.0M)->0.0B(284.0M) Survivors: 37.0M->40.0M Heap: 1223.6M(2048.0M)->1225.1M(2048.0M)]
 [Times: user=1.30 sys=0.05, real=0.17 secs] 
2020-09-29T12:30:35.081+0200: 32.341: [GC pause (G1 Humongous Allocation) (young) (initial-mark), 0.0691550 secs]
   [Parallel Time: 68.2 ms, GC Workers: 8]
      [GC Worker Start (ms): Min: 32340.9, Avg: 32341.0, Max: 32341.1, Diff: 0.2]
      [Ext Root Scanning (ms): Min: 0.0, Avg: 0.4, Max: 1.3, Diff: 1.3, Sum: 3.0]
      [Update RS (ms): Min: 38.8, Avg: 39.8, Max: 40.1, Diff: 1.3, Sum: 318.7]
         [Processed Buffers: Min: 43, Avg: 47.9, Max: 50, Diff: 7, Sum: 383]
      [Scan RS (ms): Min: 1.5, Avg: 1.7, Max: 1.9, Diff: 0.4, Sum: 14.0]
      [Code Root Scanning (ms): Min: 0.0, Avg: 0.0, Max: 0.0, Diff: 0.0, Sum: 0.0]
      [Object Copy (ms): Min: 25.9, Avg: 26.0, Max: 26.1, Diff: 0.1, Sum: 208.0]
      [Termination (ms): Min: 0.0, Avg: 0.0, Max: 0.0, Diff: 0.0, Sum: 0.2]
         [Termination Attempts: Min: 1, Avg: 155.8, Max: 192, Diff: 191, Sum: 1246]
      [GC Worker Other (ms): Min: 0.0, Avg: 0.0, Max: 0.1, Diff: 0.1, Sum: 0.2]
      [GC Worker Total (ms): Min: 67.9, Avg: 68.0, Max: 68.1, Diff: 0.2, Sum: 544.1]
      [GC Worker End (ms): Min: 32409.0, Avg: 32409.0, Max: 32409.0, Diff: 0.0]
   [Code Root Fixup: 0.0 ms]
   [Code Root Purge: 0.0 ms]
   [Clear CT: 0.2 ms]
   [Other: 0.8 ms]
      [Choose CSet: 0.0 ms]
      [Ref Proc: 0.2 ms]
      [Ref Enq: 0.0 ms]
      [Redirty Cards: 0.2 ms]
      [Humongous Register: 0.1 ms]
      [Humongous Reclaim: 0.0 ms]
      [Free CSet: 0.1 ms]
   [Eden: 8192.0K(284.0M)->0.0B(289.0M) Survivors: 40.0M->10.0M Heap: 1233.1M(2048.0M)->1237.1M(2048.0M)]
 [Times: user=0.53 sys=0.00, real=0.07 secs] 
2020-09-29T12:30:35.150+0200: 32.410: [GC concurrent-root-region-scan-start]
2020-09-29T12:30:35.153+0200: 32.412: [GC concurrent-root-region-scan-end, 0.0022913 secs]
2020-09-29T12:30:35.153+0200: 32.412: [GC concurrent-mark-start]
2020-09-29T12:30:35.156+0200: 32.416: [GC concurrent-mark-end, 0.0031454 secs]
2020-09-29T12:30:35.156+0200: 32.416: [GC remark 2020-09-29T12:30:35.156+0200: 32.416: [Finalize Marking, 0.0002069 secs] 2020-09-29T12:30:35.156+0200: 32.416: [GC ref-proc, 0.0003191 secs] 2020-09-29T12:30:35.157+0200: 32.416: [Unloading, 0.0004732 secs], 0.0013001 secs]
 [Times: user=0.00 sys=0.00, real=0.00 secs] 
2020-09-29T12:30:35.158+0200: 32.418: [GC cleanup 1247M->30M(2048M), 0.0011768 secs]
 [Times: user=0.00 sys=0.00, real=0.00 secs] 
2020-09-29T12:30:35.159+0200: 32.419: [GC concurrent-cleanup-start]
2020-09-29T12:30:35.161+0200: 32.421: [GC concurrent-cleanup-end, 0.0019055 secs]
2020-09-29T12:30:35.307+0200: 32.567: [GC pause (G1 Evacuation Pause) (young), 0.1615725 secs]
   [Parallel Time: 160.6 ms, GC Workers: 8]
      [GC Worker Start (ms): Min: 32566.8, Avg: 32566.9, Max: 32567.0, Diff: 0.2]
      [Ext Root Scanning (ms): Min: 0.0, Avg: 0.1, Max: 0.2, Diff: 0.2, Sum: 0.5]
      [Update RS (ms): Min: 24.8, Avg: 25.0, Max: 25.3, Diff: 0.4, Sum: 199.9]
         [Processed Buffers: Min: 25, Avg: 26.0, Max: 28, Diff: 3, Sum: 208]
      [Scan RS (ms): Min: 13.3, Avg: 13.6, Max: 13.8, Diff: 0.5, Sum: 109.0]
      [Code Root Scanning (ms): Min: 0.0, Avg: 0.0, Max: 0.0, Diff: 0.0, Sum: 0.0]
      [Object Copy (ms): Min: 121.3, Avg: 121.5, Max: 121.7, Diff: 0.4, Sum: 971.8]
      [Termination (ms): Min: 0.0, Avg: 0.1, Max: 0.2, Diff: 0.2, Sum: 1.1]
         [Termination Attempts: Min: 1, Avg: 920.0, Max: 1131, Diff: 1130, Sum: 7360]
      [GC Worker Other (ms): Min: 0.0, Avg: 0.0, Max: 0.1, Diff: 0.0, Sum: 0.2]
      [GC Worker Total (ms): Min: 160.2, Avg: 160.3, Max: 160.4, Diff: 0.2, Sum: 1282.6]
      [GC Worker End (ms): Min: 32727.2, Avg: 32727.2, Max: 32727.2, Diff: 0.0]
   [Code Root Fixup: 0.0 ms]
   [Code Root Purge: 0.0 ms]
   [Clear CT: 0.2 ms]
   [Other: 0.8 ms]
      [Choose CSet: 0.0 ms]
      [Ref Proc: 0.3 ms]
      [Ref Enq: 0.0 ms]
      [Redirty Cards: 0.2 ms]
      [Humongous Register: 0.0 ms]
      [Humongous Reclaim: 0.0 ms]
      [Free CSet: 0.1 ms]
   [Eden: 289.0M(289.0M)->0.0B(272.0M) Survivors: 10.0M->38.0M Heap: 358.6M(2048.0M)->351.1M(2048.0M)]
 [Times: user=1.19 sys=0.05, real=0.16 secs] 
2020-09-29T12:30:35.613+0200: 32.872: [GC pause (G1 Evacuation Pause) (young), 0.1535828 secs]
   [Parallel Time: 152.4 ms, GC Workers: 8]
      [GC Worker Start (ms): Min: 32872.3, Avg: 32872.5, Max: 32872.5, Diff: 0.2]
      [Ext Root Scanning (ms): Min: 0.0, Avg: 0.1, Max: 0.2, Diff: 0.2, Sum: 0.5]
      [Update RS (ms): Min: 21.5, Avg: 21.7, Max: 22.2, Diff: 0.7, Sum: 173.7]
         [Processed Buffers: Min: 22, Avg: 24.1, Max: 26, Diff: 4, Sum: 193]
      [Scan RS (ms): Min: 15.8, Avg: 16.3, Max: 16.5, Diff: 0.7, Sum: 130.3]
      [Code Root Scanning (ms): Min: 0.0, Avg: 0.0, Max: 0.0, Diff: 0.0, Sum: 0.0]
      [Object Copy (ms): Min: 113.9, Avg: 114.0, Max: 114.1, Diff: 0.2, Sum: 912.2]
      [Termination (ms): Min: 0.0, Avg: 0.0, Max: 0.0, Diff: 0.0, Sum: 0.1]
         [Termination Attempts: Min: 1, Avg: 54.3, Max: 71, Diff: 70, Sum: 434]
      [GC Worker Other (ms): Min: 0.0, Avg: 0.1, Max: 0.2, Diff: 0.2, Sum: 0.5]
      [GC Worker Total (ms): Min: 152.1, Avg: 152.1, Max: 152.3, Diff: 0.2, Sum: 1217.2]
      [GC Worker End (ms): Min: 33024.6, Avg: 33024.6, Max: 33024.6, Diff: 0.0]
   [Code Root Fixup: 0.0 ms]
   [Code Root Purge: 0.0 ms]
   [Clear CT: 0.2 ms]
   [Other: 1.0 ms]
      [Choose CSet: 0.0 ms]
      [Ref Proc: 0.2 ms]
      [Ref Enq: 0.0 ms]
      [Redirty Cards: 0.4 ms]
      [Humongous Register: 0.0 ms]
      [Humongous Reclaim: 0.0 ms]
      [Free CSet: 0.2 ms]
   [Eden: 272.0M(272.0M)->0.0B(281.0M) Survivors: 38.0M->39.0M Heap: 668.9M(2048.0M)->671.4M(2048.0M)]
 [Times: user=1.19 sys=0.06, real=0.15 secs] 
2020-09-29T12:30:35.922+0200: 33.182: [GC pause (G1 Evacuation Pause) (young), 0.1702511 secs]
   [Parallel Time: 169.0 ms, GC Workers: 8]
      [GC Worker Start (ms): Min: 33181.7, Avg: 33181.7, Max: 33181.8, Diff: 0.1]
      [Ext Root Scanning (ms): Min: 0.0, Avg: 0.1, Max: 0.1, Diff: 0.1, Sum: 0.6]
      [Update RS (ms): Min: 15.7, Avg: 16.1, Max: 17.4, Diff: 1.6, Sum: 129.0]
         [Processed Buffers: Min: 17, Avg: 19.1, Max: 21, Diff: 4, Sum: 153]
      [Scan RS (ms): Min: 13.4, Avg: 14.7, Max: 15.1, Diff: 1.7, Sum: 117.2]
      [Code Root Scanning (ms): Min: 0.0, Avg: 0.0, Max: 0.0, Diff: 0.0, Sum: 0.0]
      [Object Copy (ms): Min: 137.7, Avg: 137.9, Max: 138.0, Diff: 0.3, Sum: 1103.0]
      [Termination (ms): Min: 0.0, Avg: 0.1, Max: 0.2, Diff: 0.2, Sum: 0.7]
         [Termination Attempts: Min: 1, Avg: 593.3, Max: 786, Diff: 785, Sum: 4746]
      [GC Worker Other (ms): Min: 0.0, Avg: 0.1, Max: 0.1, Diff: 0.1, Sum: 0.4]
      [GC Worker Total (ms): Min: 168.8, Avg: 168.9, Max: 169.0, Diff: 0.2, Sum: 1351.1]
      [GC Worker End (ms): Min: 33350.6, Avg: 33350.6, Max: 33350.7, Diff: 0.1]
   [Code Root Fixup: 0.0 ms]
   [Code Root Purge: 0.0 ms]
   [Clear CT: 0.2 ms]
   [Other: 1.0 ms]
      [Choose CSet: 0.0 ms]
      [Ref Proc: 0.2 ms]
      [Ref Enq: 0.0 ms]
      [Redirty Cards: 0.2 ms]
      [Humongous Register: 0.1 ms]
      [Humongous Reclaim: 0.0 ms]
      [Free CSet: 0.3 ms]
   [Eden: 281.0M(281.0M)->0.0B(282.0M) Survivors: 39.0M->40.0M Heap: 998.1M(2048.0M)->1000.1M(2048.0M)]
 [Times: user=1.23 sys=0.03, real=0.17 secs] 
2020-09-29T12:30:36.106+0200: 33.365: [GC pause (G1 Humongous Allocation) (young) (initial-mark), 0.0549384 secs]
   [Parallel Time: 54.2 ms, GC Workers: 8]
      [GC Worker Start (ms): Min: 33365.0, Avg: 33365.0, Max: 33365.0, Diff: 0.1]
      [Ext Root Scanning (ms): Min: 0.0, Avg: 0.1, Max: 0.1, Diff: 0.1, Sum: 0.6]
      [Update RS (ms): Min: 30.6, Avg: 30.9, Max: 31.2, Diff: 0.6, Sum: 246.8]
         [Processed Buffers: Min: 29, Avg: 35.0, Max: 37, Diff: 8, Sum: 280]
      [Scan RS (ms): Min: 2.4, Avg: 2.8, Max: 3.1, Diff: 0.7, Sum: 22.3]
      [Code Root Scanning (ms): Min: 0.0, Avg: 0.0, Max: 0.0, Diff: 0.0, Sum: 0.0]
      [Object Copy (ms): Min: 20.1, Avg: 20.2, Max: 20.3, Diff: 0.1, Sum: 162.0]
      [Termination (ms): Min: 0.0, Avg: 0.0, Max: 0.0, Diff: 0.0, Sum: 0.2]
         [Termination Attempts: Min: 1, Avg: 158.5, Max: 195, Diff: 194, Sum: 1268]
      [GC Worker Other (ms): Min: 0.0, Avg: 0.0, Max: 0.0, Diff: 0.0, Sum: 0.1]
      [GC Worker Total (ms): Min: 54.0, Avg: 54.0, Max: 54.0, Diff: 0.1, Sum: 432.0]
      [GC Worker End (ms): Min: 33419.0, Avg: 33419.0, Max: 33419.0, Diff: 0.0]
   [Code Root Fixup: 0.0 ms]
   [Code Root Purge: 0.0 ms]
   [Clear CT: 0.2 ms]
   [Other: 0.6 ms]
      [Choose CSet: 0.0 ms]
      [Ref Proc: 0.2 ms]
      [Ref Enq: 0.0 ms]
      [Redirty Cards: 0.2 ms]
      [Humongous Register: 0.0 ms]
      [Humongous Reclaim: 0.0 ms]
      [Free CSet: 0.1 ms]
   [Eden: 5120.0K(282.0M)->0.0B(326.0M) Survivors: 40.0M->7168.0K Heap: 1005.1M(2048.0M)->1009.1M(2048.0M)]
 [Times: user=0.38 sys=0.00, real=0.06 secs] 
2020-09-29T12:30:36.161+0200: 33.420: [GC concurrent-root-region-scan-start]
2020-09-29T12:30:36.162+0200: 33.421: [GC concurrent-root-region-scan-end, 0.0010908 secs]
2020-09-29T12:30:36.162+0200: 33.421: [GC concurrent-mark-start]
2020-09-29T12:30:36.164+0200: 33.424: [GC concurrent-mark-end, 0.0025711 secs]
2020-09-29T12:30:36.165+0200: 33.424: [GC remark 2020-09-29T12:30:36.165+0200: 33.424: [Finalize Marking, 0.0001969 secs] 2020-09-29T12:30:36.165+0200: 33.424: [GC ref-proc, 0.0003036 secs] 2020-09-29T12:30:36.165+0200: 33.424: [Unloading, 0.0005340 secs], 0.0013138 secs]
 [Times: user=0.00 sys=0.00, real=0.00 secs] 
2020-09-29T12:30:36.166+0200: 33.426: [GC cleanup 1019M->26M(2048M), 0.0013756 secs]
 [Times: user=0.00 sys=0.00, real=0.00 secs] 
2020-09-29T12:30:36.168+0200: 33.427: [GC concurrent-cleanup-start]
2020-09-29T12:30:36.169+0200: 33.428: [GC concurrent-cleanup-end, 0.0011660 secs]
2020-09-29T12:30:36.332+0200: 33.591: [GC pause (G1 Evacuation Pause) (young), 0.1688716 secs]
   [Parallel Time: 167.6 ms, GC Workers: 8]
      [GC Worker Start (ms): Min: 33590.9, Avg: 33591.0, Max: 33591.1, Diff: 0.2]
      [Ext Root Scanning (ms): Min: 0.0, Avg: 0.1, Max: 0.1, Diff: 0.1, Sum: 0.5]
      [Update RS (ms): Min: 20.5, Avg: 20.7, Max: 21.0, Diff: 0.6, Sum: 165.5]
         [Processed Buffers: Min: 19, Avg: 20.4, Max: 23, Diff: 4, Sum: 163]
      [Scan RS (ms): Min: 21.3, Avg: 21.6, Max: 22.0, Diff: 0.7, Sum: 172.8]
      [Code Root Scanning (ms): Min: 0.0, Avg: 0.0, Max: 0.0, Diff: 0.0, Sum: 0.0]
      [Object Copy (ms): Min: 124.5, Avg: 124.7, Max: 124.8, Diff: 0.2, Sum: 997.6]
      [Termination (ms): Min: 0.0, Avg: 0.0, Max: 0.0, Diff: 0.0, Sum: 0.2]
         [Termination Attempts: Min: 1, Avg: 161.1, Max: 203, Diff: 202, Sum: 1289]
      [GC Worker Other (ms): Min: 0.3, Avg: 0.3, Max: 0.4, Diff: 0.1, Sum: 2.6]
      [GC Worker Total (ms): Min: 167.3, Avg: 167.4, Max: 167.5, Diff: 0.3, Sum: 1339.2]
      [GC Worker End (ms): Min: 33758.3, Avg: 33758.4, Max: 33758.4, Diff: 0.1]
   [Code Root Fixup: 0.0 ms]
   [Code Root Purge: 0.0 ms]
   [Clear CT: 0.2 ms]
   [Other: 1.1 ms]
      [Choose CSet: 0.0 ms]
      [Ref Proc: 0.2 ms]
      [Ref Enq: 0.0 ms]
      [Redirty Cards: 0.3 ms]
      [Humongous Register: 0.0 ms]
      [Humongous Reclaim: 0.0 ms]
      [Free CSet: 0.3 ms]
   [Eden: 326.0M(326.0M)->0.0B(292.0M) Survivors: 7168.0K->42.0M Heap: 398.3M(2048.0M)->392.8M(2048.0M)]
 [Times: user=1.33 sys=0.05, real=0.17 secs] 
2020-09-29T12:30:36.753+0200: 34.012: [GC pause (G1 Evacuation Pause) (young), 0.3083663 secs]
   [Parallel Time: 304.7 ms, GC Workers: 8]
      [GC Worker Start (ms): Min: 34012.1, Avg: 34012.3, Max: 34012.4, Diff: 0.3]
      [Ext Root Scanning (ms): Min: 0.0, Avg: 0.1, Max: 0.2, Diff: 0.2, Sum: 0.7]
      [Update RS (ms): Min: 25.9, Avg: 26.4, Max: 27.0, Diff: 1.0, Sum: 211.1]
         [Processed Buffers: Min: 18, Avg: 18.9, Max: 19, Diff: 1, Sum: 151]
      [Scan RS (ms): Min: 25.9, Avg: 26.5, Max: 26.9, Diff: 1.1, Sum: 212.1]
      [Code Root Scanning (ms): Min: 0.0, Avg: 0.0, Max: 0.0, Diff: 0.0, Sum: 0.0]
      [Object Copy (ms): Min: 250.9, Avg: 251.0, Max: 251.3, Diff: 0.4, Sum: 2008.0]
      [Termination (ms): Min: 0.0, Avg: 0.2, Max: 0.3, Diff: 0.3, Sum: 1.7]
         [Termination Attempts: Min: 1, Avg: 694.9, Max: 961, Diff: 960, Sum: 5559]
      [GC Worker Other (ms): Min: 0.1, Avg: 0.2, Max: 0.2, Diff: 0.1, Sum: 1.3]
      [GC Worker Total (ms): Min: 304.2, Avg: 304.4, Max: 304.6, Diff: 0.4, Sum: 2435.0]
      [GC Worker End (ms): Min: 34316.6, Avg: 34316.7, Max: 34316.7, Diff: 0.1]
   [Code Root Fixup: 0.0 ms]
   [Code Root Purge: 0.0 ms]
   [Clear CT: 1.3 ms]
   [Other: 2.3 ms]
      [Choose CSet: 0.0 ms]
      [Ref Proc: 0.4 ms]
      [Ref Enq: 0.0 ms]
      [Redirty Cards: 1.3 ms]
      [Humongous Register: 0.0 ms]
      [Humongous Reclaim: 0.0 ms]
      [Free CSet: 0.3 ms]
   [Eden: 292.0M(292.0M)->0.0B(178.0M) Survivors: 42.0M->42.0M Heap: 732.5M(2048.0M)->734.5M(2048.0M)]
 [Times: user=2.28 sys=0.08, real=0.31 secs] 
2020-09-29T12:30:37.237+0200: 34.497: [GC pause (G1 Evacuation Pause) (young), 0.1879862 secs]
   [Parallel Time: 186.3 ms, GC Workers: 8]
      [GC Worker Start (ms): Min: 34497.3, Avg: 34497.4, Max: 34497.5, Diff: 0.2]
      [Ext Root Scanning (ms): Min: 0.0, Avg: 0.1, Max: 0.2, Diff: 0.2, Sum: 0.8]
      [Update RS (ms): Min: 22.7, Avg: 23.0, Max: 23.6, Diff: 0.8, Sum: 183.9]
         [Processed Buffers: Min: 14, Avg: 15.3, Max: 17, Diff: 3, Sum: 122]
      [Scan RS (ms): Min: 20.9, Avg: 21.5, Max: 21.7, Diff: 0.9, Sum: 171.6]
      [Code Root Scanning (ms): Min: 0.0, Avg: 0.0, Max: 0.0, Diff: 0.0, Sum: 0.0]
      [Object Copy (ms): Min: 141.2, Avg: 141.4, Max: 141.5, Diff: 0.3, Sum: 1131.1]
      [Termination (ms): Min: 0.0, Avg: 0.1, Max: 0.1, Diff: 0.1, Sum: 0.8]
         [Termination Attempts: Min: 1, Avg: 368.0, Max: 468, Diff: 467, Sum: 2944]
      [GC Worker Other (ms): Min: 0.0, Avg: 0.0, Max: 0.1, Diff: 0.1, Sum: 0.3]
      [GC Worker Total (ms): Min: 185.9, Avg: 186.1, Max: 186.2, Diff: 0.3, Sum: 1488.6]
      [GC Worker End (ms): Min: 34683.4, Avg: 34683.5, Max: 34683.5, Diff: 0.1]
   [Code Root Fixup: 0.0 ms]
   [Code Root Purge: 0.0 ms]
   [Clear CT: 0.5 ms]
   [Other: 1.1 ms]
      [Choose CSet: 0.0 ms]
      [Ref Proc: 0.3 ms]
      [Ref Enq: 0.0 ms]
      [Redirty Cards: 0.4 ms]
      [Humongous Register: 0.1 ms]
      [Humongous Reclaim: 0.0 ms]
      [Free CSet: 0.2 ms]
   [Eden: 178.0M(178.0M)->0.0B(167.0M) Survivors: 42.0M->28.0M Heap: 943.0M(2048.0M)->945.0M(2048.0M)]
 [Times: user=1.48 sys=0.03, real=0.19 secs] 
2020-09-29T12:30:37.444+0200: 34.704: [GC pause (G1 Humongous Allocation) (young) (initial-mark), 0.0677390 secs]
   [Parallel Time: 66.6 ms, GC Workers: 8]
      [GC Worker Start (ms): Min: 34704.1, Avg: 34704.2, Max: 34704.3, Diff: 0.2]
      [Ext Root Scanning (ms): Min: 0.0, Avg: 0.3, Max: 0.7, Diff: 0.7, Sum: 2.5]
      [Update RS (ms): Min: 28.7, Avg: 29.2, Max: 29.9, Diff: 1.3, Sum: 233.7]
         [Processed Buffers: Min: 20, Avg: 20.8, Max: 21, Diff: 1, Sum: 166]
      [Scan RS (ms): Min: 2.3, Avg: 3.0, Max: 3.5, Diff: 1.3, Sum: 23.6]
      [Code Root Scanning (ms): Min: 0.0, Avg: 0.0, Max: 0.0, Diff: 0.0, Sum: 0.0]
      [Object Copy (ms): Min: 33.4, Avg: 34.0, Max: 34.1, Diff: 0.7, Sum: 271.6]
      [Termination (ms): Min: 0.0, Avg: 0.0, Max: 0.0, Diff: 0.0, Sum: 0.1]
         [Termination Attempts: Min: 1, Avg: 55.9, Max: 72, Diff: 71, Sum: 447]
      [GC Worker Other (ms): Min: 0.0, Avg: 0.0, Max: 0.0, Diff: 0.0, Sum: 0.2]
      [GC Worker Total (ms): Min: 66.3, Avg: 66.5, Max: 66.6, Diff: 0.2, Sum: 531.8]
      [GC Worker End (ms): Min: 34770.6, Avg: 34770.6, Max: 34770.7, Diff: 0.0]
   [Code Root Fixup: 0.0 ms]
   [Code Root Purge: 0.0 ms]
   [Clear CT: 0.2 ms]
   [Other: 0.9 ms]
      [Choose CSet: 0.0 ms]
      [Ref Proc: 0.3 ms]
      [Ref Enq: 0.0 ms]
      [Redirty Cards: 0.2 ms]
      [Humongous Register: 0.0 ms]
      [Humongous Reclaim: 0.0 ms]
      [Free CSet: 0.1 ms]
   [Eden: 6144.0K(167.0M)->0.0B(166.0M) Survivors: 28.0M->8192.0K Heap: 950.5M(2048.0M)->955.0M(2048.0M)]
 [Times: user=0.45 sys=0.02, real=0.07 secs] 
2020-09-29T12:30:37.512+0200: 34.772: [GC concurrent-root-region-scan-start]
2020-09-29T12:30:37.514+0200: 34.774: [GC concurrent-root-region-scan-end, 0.0020277 secs]
2020-09-29T12:30:37.514+0200: 34.774: [GC concurrent-mark-start]
2020-09-29T12:30:37.517+0200: 34.777: [GC concurrent-mark-end, 0.0032508 secs]
2020-09-29T12:30:37.518+0200: 34.777: [GC remark 2020-09-29T12:30:37.518+0200: 34.777: [Finalize Marking, 0.0002865 secs] 2020-09-29T12:30:37.518+0200: 34.778: [GC ref-proc, 0.0004380 secs] 2020-09-29T12:30:37.518+0200: 34.778: [Unloading, 0.0006182 secs], 0.0017424 secs]
 [Times: user=0.00 sys=0.00, real=0.00 secs] 
2020-09-29T12:30:37.520+0200: 34.780: [GC cleanup 963M->26M(2048M), 0.0015395 secs]
 [Times: user=0.00 sys=0.00, real=0.00 secs] 
2020-09-29T12:30:37.522+0200: 34.781: [GC concurrent-cleanup-start]
2020-09-29T12:30:37.523+0200: 34.783: [GC concurrent-cleanup-end, 0.0014292 secs]
2020-09-29T12:30:37.653+0200: 34.913: [GC pause (G1 Evacuation Pause) (young), 0.1371329 secs]
   [Parallel Time: 135.4 ms, GC Workers: 8]
      [GC Worker Start (ms): Min: 34912.9, Avg: 34913.0, Max: 34913.1, Diff: 0.2]
      [Ext Root Scanning (ms): Min: 0.0, Avg: 0.1, Max: 0.2, Diff: 0.2, Sum: 0.8]
      [Update RS (ms): Min: 14.2, Avg: 14.5, Max: 14.9, Diff: 0.7, Sum: 115.6]
         [Processed Buffers: Min: 9, Avg: 10.6, Max: 13, Diff: 4, Sum: 85]
      [Scan RS (ms): Min: 16.2, Avg: 16.6, Max: 17.1, Diff: 1.0, Sum: 133.0]
      [Code Root Scanning (ms): Min: 0.0, Avg: 0.0, Max: 0.0, Diff: 0.0, Sum: 0.0]
      [Object Copy (ms): Min: 103.6, Avg: 103.8, Max: 103.9, Diff: 0.3, Sum: 830.3]
      [Termination (ms): Min: 0.0, Avg: 0.0, Max: 0.0, Diff: 0.0, Sum: 0.1]
         [Termination Attempts: Min: 1, Avg: 36.5, Max: 51, Diff: 50, Sum: 292]
      [GC Worker Other (ms): Min: 0.0, Avg: 0.0, Max: 0.1, Diff: 0.1, Sum: 0.4]
      [GC Worker Total (ms): Min: 134.9, Avg: 135.0, Max: 135.2, Diff: 0.3, Sum: 1080.3]
      [GC Worker End (ms): Min: 35048.0, Avg: 35048.1, Max: 35048.1, Diff: 0.1]
   [Code Root Fixup: 0.0 ms]
   [Code Root Purge: 0.0 ms]
   [Clear CT: 0.4 ms]
   [Other: 1.3 ms]
      [Choose CSet: 0.0 ms]
      [Ref Proc: 0.3 ms]
      [Ref Enq: 0.0 ms]
      [Redirty Cards: 0.4 ms]
      [Humongous Register: 0.0 ms]
      [Humongous Reclaim: 0.0 ms]
      [Free CSet: 0.2 ms]
   [Eden: 166.0M(166.0M)->0.0B(164.0M) Survivors: 8192.0K->22.0M Heap: 212.1M(2048.0M)->207.1M(2048.0M)]
 [Times: user=1.08 sys=0.03, real=0.14 secs] 
2020-09-29T12:30:37.932+0200: 35.192: [GC pause (G1 Evacuation Pause) (young), 0.1466576 secs]
   [Parallel Time: 145.1 ms, GC Workers: 8]
      [GC Worker Start (ms): Min: 35191.8, Avg: 35191.9, Max: 35192.0, Diff: 0.2]
      [Ext Root Scanning (ms): Min: 0.0, Avg: 0.1, Max: 0.2, Diff: 0.2, Sum: 0.8]
      [Update RS (ms): Min: 15.7, Avg: 16.5, Max: 16.9, Diff: 1.2, Sum: 131.7]
         [Processed Buffers: Min: 12, Avg: 12.3, Max: 13, Diff: 1, Sum: 98]
      [Scan RS (ms): Min: 12.8, Avg: 13.2, Max: 14.0, Diff: 1.2, Sum: 105.6]
      [Code Root Scanning (ms): Min: 0.0, Avg: 0.0, Max: 0.0, Diff: 0.0, Sum: 0.0]
      [Object Copy (ms): Min: 114.9, Avg: 115.0, Max: 115.0, Diff: 0.1, Sum: 919.7]
      [Termination (ms): Min: 0.0, Avg: 0.0, Max: 0.1, Diff: 0.1, Sum: 0.4]
         [Termination Attempts: Min: 1, Avg: 165.9, Max: 225, Diff: 224, Sum: 1327]
      [GC Worker Other (ms): Min: 0.0, Avg: 0.0, Max: 0.1, Diff: 0.0, Sum: 0.2]
      [GC Worker Total (ms): Min: 144.7, Avg: 144.8, Max: 144.9, Diff: 0.2, Sum: 1158.4]
      [GC Worker End (ms): Min: 35336.7, Avg: 35336.7, Max: 35336.7, Diff: 0.0]
   [Code Root Fixup: 0.0 ms]
   [Code Root Purge: 0.0 ms]
   [Clear CT: 0.2 ms]
   [Other: 1.3 ms]
      [Choose CSet: 0.0 ms]
      [Ref Proc: 0.3 ms]
      [Ref Enq: 0.0 ms]
      [Redirty Cards: 0.4 ms]
      [Humongous Register: 0.0 ms]
      [Humongous Reclaim: 0.0 ms]
      [Free CSet: 0.2 ms]
   [Eden: 164.0M(164.0M)->0.0B(172.0M) Survivors: 22.0M->24.0M Heap: 397.8M(2048.0M)->398.8M(2048.0M)]
 [Times: user=1.09 sys=0.03, real=0.15 secs] 
2020-09-29T12:30:38.234+0200: 35.493: [GC pause (G1 Evacuation Pause) (young), 0.1697101 secs]
   [Parallel Time: 168.3 ms, GC Workers: 8]
      [GC Worker Start (ms): Min: 35493.6, Avg: 35493.8, Max: 35493.9, Diff: 0.2]
      [Ext Root Scanning (ms): Min: 0.0, Avg: 0.1, Max: 0.2, Diff: 0.2, Sum: 0.7]
      [Update RS (ms): Min: 16.6, Avg: 17.0, Max: 17.5, Diff: 0.9, Sum: 135.8]
         [Processed Buffers: Min: 8, Avg: 11.4, Max: 13, Diff: 5, Sum: 91]
      [Scan RS (ms): Min: 13.6, Avg: 14.1, Max: 14.4, Diff: 0.8, Sum: 113.0]
      [Code Root Scanning (ms): Min: 0.0, Avg: 0.0, Max: 0.0, Diff: 0.0, Sum: 0.0]
      [Object Copy (ms): Min: 136.5, Avg: 136.6, Max: 136.7, Diff: 0.3, Sum: 1092.6]
      [Termination (ms): Min: 0.0, Avg: 0.2, Max: 0.2, Diff: 0.2, Sum: 1.3]
         [Termination Attempts: Min: 1, Avg: 326.3, Max: 405, Diff: 404, Sum: 2610]
      [GC Worker Other (ms): Min: 0.0, Avg: 0.0, Max: 0.0, Diff: 0.0, Sum: 0.1]
      [GC Worker Total (ms): Min: 167.8, Avg: 167.9, Max: 168.1, Diff: 0.2, Sum: 1343.5]
      [GC Worker End (ms): Min: 35661.7, Avg: 35661.7, Max: 35661.7, Diff: 0.1]
   [Code Root Fixup: 0.0 ms]
   [Code Root Purge: 0.0 ms]
   [Clear CT: 0.3 ms]
   [Other: 1.1 ms]
      [Choose CSet: 0.0 ms]
      [Ref Proc: 0.3 ms]
      [Ref Enq: 0.0 ms]
      [Redirty Cards: 0.3 ms]
      [Humongous Register: 0.0 ms]
      [Humongous Reclaim: 0.0 ms]
      [Free CSet: 0.2 ms]
   [Eden: 172.0M(172.0M)->0.0B(173.0M) Survivors: 24.0M->25.0M Heap: 599.4M(2048.0M)->600.9M(2048.0M)]
 [Times: user=1.34 sys=0.00, real=0.17 secs] 
2020-09-29T12:30:38.555+0200: 35.815: [GC pause (G1 Evacuation Pause) (young), 0.2016753 secs]
   [Parallel Time: 200.2 ms, GC Workers: 8]
      [GC Worker Start (ms): Min: 35814.7, Avg: 35814.8, Max: 35814.9, Diff: 0.2]
      [Ext Root Scanning (ms): Min: 0.0, Avg: 0.1, Max: 0.2, Diff: 0.2, Sum: 0.8]
      [Update RS (ms): Min: 21.2, Avg: 22.0, Max: 22.5, Diff: 1.3, Sum: 175.8]
         [Processed Buffers: Min: 14, Avg: 14.3, Max: 16, Diff: 2, Sum: 114]
      [Scan RS (ms): Min: 17.0, Avg: 17.6, Max: 18.4, Diff: 1.3, Sum: 141.1]
      [Code Root Scanning (ms): Min: 0.0, Avg: 0.0, Max: 0.0, Diff: 0.0, Sum: 0.0]
      [Object Copy (ms): Min: 159.8, Avg: 160.0, Max: 160.2, Diff: 0.3, Sum: 1279.9]
      [Termination (ms): Min: 0.0, Avg: 0.1, Max: 0.2, Diff: 0.2, Sum: 1.1]
         [Termination Attempts: Min: 1, Avg: 571.8, Max: 682, Diff: 681, Sum: 4574]
      [GC Worker Other (ms): Min: 0.0, Avg: 0.0, Max: 0.1, Diff: 0.1, Sum: 0.3]
      [GC Worker Total (ms): Min: 199.8, Avg: 199.9, Max: 200.0, Diff: 0.2, Sum: 1599.1]
      [GC Worker End (ms): Min: 36014.7, Avg: 36014.7, Max: 36014.7, Diff: 0.1]
   [Code Root Fixup: 0.0 ms]
   [Code Root Purge: 0.0 ms]
   [Clear CT: 0.3 ms]
   [Other: 1.2 ms]
      [Choose CSet: 0.0 ms]
      [Ref Proc: 0.3 ms]
      [Ref Enq: 0.0 ms]
      [Redirty Cards: 0.4 ms]
      [Humongous Register: 0.1 ms]
      [Humongous Reclaim: 0.0 ms]
      [Free CSet: 0.2 ms]
   [Eden: 173.0M(173.0M)->0.0B(158.0M) Survivors: 25.0M->25.0M Heap: 802.5M(2048.0M)->805.5M(2048.0M)]
 [Times: user=1.50 sys=0.02, real=0.20 secs] 
2020-09-29T12:30:38.900+0200: 36.160: [GC pause (G1 Evacuation Pause) (young), 0.1484896 secs]
   [Parallel Time: 145.9 ms, GC Workers: 8]
      [GC Worker Start (ms): Min: 36159.9, Avg: 36160.0, Max: 36160.1, Diff: 0.2]
      [Ext Root Scanning (ms): Min: 0.0, Avg: 0.1, Max: 0.2, Diff: 0.2, Sum: 0.7]
      [Update RS (ms): Min: 17.1, Avg: 17.7, Max: 18.2, Diff: 1.1, Sum: 141.3]
         [Processed Buffers: Min: 11, Avg: 13.0, Max: 15, Diff: 4, Sum: 104]
      [Scan RS (ms): Min: 11.4, Avg: 11.9, Max: 12.4, Diff: 1.0, Sum: 95.4]
      [Code Root Scanning (ms): Min: 0.0, Avg: 0.0, Max: 0.0, Diff: 0.0, Sum: 0.0]
      [Object Copy (ms): Min: 115.8, Avg: 115.9, Max: 116.0, Diff: 0.1, Sum: 927.5]
      [Termination (ms): Min: 0.0, Avg: 0.0, Max: 0.0, Diff: 0.0, Sum: 0.0]
         [Termination Attempts: Min: 1, Avg: 13.3, Max: 20, Diff: 19, Sum: 106]
      [GC Worker Other (ms): Min: 0.0, Avg: 0.0, Max: 0.1, Diff: 0.1, Sum: 0.4]
      [GC Worker Total (ms): Min: 145.5, Avg: 145.7, Max: 145.8, Diff: 0.3, Sum: 1165.3]
      [GC Worker End (ms): Min: 36305.6, Avg: 36305.7, Max: 36305.7, Diff: 0.1]
   [Code Root Fixup: 0.0 ms]
   [Code Root Purge: 0.0 ms]
   [Clear CT: 0.5 ms]
   [Other: 2.0 ms]
      [Choose CSet: 0.0 ms]
      [Ref Proc: 0.3 ms]
      [Ref Enq: 0.0 ms]
      [Redirty Cards: 1.1 ms]
      [Humongous Register: 0.1 ms]
      [Humongous Reclaim: 0.0 ms]
      [Free CSet: 0.1 ms]
   [Eden: 158.0M(158.0M)->0.0B(172.0M) Survivors: 25.0M->23.0M Heap: 990.2M(2048.0M)->992.2M(2048.0M)]
 [Times: user=1.11 sys=0.00, real=0.15 secs] 
2020-09-29T12:30:39.056+0200: 36.315: [GC pause (G1 Humongous Allocation) (young) (initial-mark), 0.0704013 secs]
   [Parallel Time: 68.2 ms, GC Workers: 8]
      [GC Worker Start (ms): Min: 36315.6, Avg: 36315.7, Max: 36315.8, Diff: 0.3]
      [Ext Root Scanning (ms): Min: 0.0, Avg: 0.4, Max: 0.6, Diff: 0.6, Sum: 3.6]
      [Update RS (ms): Min: 34.6, Avg: 35.0, Max: 35.7, Diff: 1.1, Sum: 280.2]
         [Processed Buffers: Min: 22, Avg: 25.3, Max: 26, Diff: 4, Sum: 202]
      [Scan RS (ms): Min: 1.5, Avg: 2.1, Max: 2.4, Diff: 0.9, Sum: 17.1]
      [Code Root Scanning (ms): Min: 0.0, Avg: 0.0, Max: 0.0, Diff: 0.0, Sum: 0.0]
      [Object Copy (ms): Min: 29.9, Avg: 30.0, Max: 30.1, Diff: 0.2, Sum: 239.8]
      [Termination (ms): Min: 0.0, Avg: 0.2, Max: 0.2, Diff: 0.2, Sum: 1.3]
         [Termination Attempts: Min: 1, Avg: 673.0, Max: 835, Diff: 834, Sum: 5384]
      [GC Worker Other (ms): Min: 0.0, Avg: 0.1, Max: 0.3, Diff: 0.3, Sum: 0.4]
      [GC Worker Total (ms): Min: 67.7, Avg: 67.8, Max: 67.9, Diff: 0.3, Sum: 542.4]
      [GC Worker End (ms): Min: 36383.5, Avg: 36383.5, Max: 36383.5, Diff: 0.0]
   [Code Root Fixup: 0.0 ms]
   [Code Root Purge: 0.0 ms]
   [Clear CT: 0.4 ms]
   [Other: 1.8 ms]
      [Choose CSet: 0.0 ms]
      [Ref Proc: 0.2 ms]
      [Ref Enq: 0.0 ms]
      [Redirty Cards: 1.2 ms]
      [Humongous Register: 0.0 ms]
      [Humongous Reclaim: 0.0 ms]
      [Free CSet: 0.1 ms]
   [Eden: 3072.0K(172.0M)->0.0B(163.0M) Survivors: 23.0M->5120.0K Heap: 994.7M(2048.0M)->999.2M(2048.0M)]
 [Times: user=0.48 sys=0.02, real=0.07 secs] 
2020-09-29T12:30:39.128+0200: 36.387: [GC concurrent-root-region-scan-start]
2020-09-29T12:30:39.130+0200: 36.389: [GC concurrent-root-region-scan-end, 0.0023223 secs]
2020-09-29T12:30:39.130+0200: 36.389: [GC concurrent-mark-start]
2020-09-29T12:30:39.134+0200: 36.392: [GC concurrent-mark-end, 0.0034631 secs]
2020-09-29T12:30:39.134+0200: 36.393: [GC remark 2020-09-29T12:30:39.134+0200: 36.393: [Finalize Marking, 0.0003571 secs] 2020-09-29T12:30:39.135+0200: 36.393: [GC ref-proc, 0.0004379 secs] 2020-09-29T12:30:39.135+0200: 36.394: [Unloading, 0.0007100 secs], 0.0019964 secs]
 [Times: user=0.00 sys=0.00, real=0.00 secs] 
2020-09-29T12:30:39.137+0200: 36.396: [GC cleanup 1010M->25M(2048M), 0.0022354 secs]
 [Times: user=0.00 sys=0.00, real=0.00 secs] 
2020-09-29T12:30:39.139+0200: 36.398: [GC concurrent-cleanup-start]
2020-09-29T12:30:39.141+0200: 36.400: [GC concurrent-cleanup-end, 0.0024976 secs]
2020-09-29T12:30:39.268+0200: 36.527: [GC pause (G1 Evacuation Pause) (young), 0.1584835 secs]
   [Parallel Time: 156.2 ms, GC Workers: 8]
      [GC Worker Start (ms): Min: 36527.2, Avg: 36527.3, Max: 36527.4, Diff: 0.2]
      [Ext Root Scanning (ms): Min: 0.0, Avg: 0.1, Max: 0.2, Diff: 0.2, Sum: 0.7]
      [Update RS (ms): Min: 22.7, Avg: 22.9, Max: 23.4, Diff: 0.6, Sum: 183.2]
         [Processed Buffers: Min: 10, Avg: 14.5, Max: 16, Diff: 6, Sum: 116]
      [Scan RS (ms): Min: 13.3, Avg: 14.9, Max: 22.4, Diff: 9.1, Sum: 119.1]
      [Code Root Scanning (ms): Min: 0.0, Avg: 0.0, Max: 0.0, Diff: 0.0, Sum: 0.0]
      [Object Copy (ms): Min: 110.4, Avg: 117.8, Max: 118.9, Diff: 8.5, Sum: 942.5]
      [Termination (ms): Min: 0.0, Avg: 0.1, Max: 0.1, Diff: 0.1, Sum: 0.5]
         [Termination Attempts: Min: 1, Avg: 247.4, Max: 303, Diff: 302, Sum: 1979]
      [GC Worker Other (ms): Min: 0.0, Avg: 0.0, Max: 0.1, Diff: 0.0, Sum: 0.3]
      [GC Worker Total (ms): Min: 155.7, Avg: 155.8, Max: 155.9, Diff: 0.2, Sum: 1246.3]
      [GC Worker End (ms): Min: 36683.1, Avg: 36683.1, Max: 36683.1, Diff: 0.1]
   [Code Root Fixup: 0.0 ms]
   [Code Root Purge: 0.0 ms]
   [Clear CT: 0.7 ms]
   [Other: 1.6 ms]
      [Choose CSet: 0.0 ms]
      [Ref Proc: 0.5 ms]
      [Ref Enq: 0.0 ms]
      [Redirty Cards: 0.6 ms]
      [Humongous Register: 0.0 ms]
      [Humongous Reclaim: 0.0 ms]
      [Free CSet: 0.1 ms]
   [Eden: 163.0M(163.0M)->0.0B(151.0M) Survivors: 5120.0K->21.0M Heap: 206.1M(2048.0M)->203.6M(2048.0M)]
 [Times: user=1.16 sys=0.03, real=0.16 secs] 
2020-09-29T12:30:39.552+0200: 36.811: [GC pause (G1 Evacuation Pause) (young), 0.1807020 secs]
   [Parallel Time: 178.9 ms, GC Workers: 8]
      [GC Worker Start (ms): Min: 36811.2, Avg: 36811.4, Max: 36811.5, Diff: 0.3]
      [Ext Root Scanning (ms): Min: 0.0, Avg: 0.1, Max: 0.2, Diff: 0.2, Sum: 0.7]
      [Update RS (ms): Min: 15.4, Avg: 15.8, Max: 16.5, Diff: 1.1, Sum: 126.7]
         [Processed Buffers: Min: 10, Avg: 11.5, Max: 13, Diff: 3, Sum: 92]
      [Scan RS (ms): Min: 17.3, Avg: 18.5, Max: 23.3, Diff: 6.0, Sum: 147.6]
      [Code Root Scanning (ms): Min: 0.0, Avg: 0.0, Max: 0.0, Diff: 0.0, Sum: 0.0]
      [Object Copy (ms): Min: 139.6, Avg: 143.7, Max: 144.5, Diff: 5.0, Sum: 1149.7]
      [Termination (ms): Min: 0.0, Avg: 0.4, Max: 0.6, Diff: 0.6, Sum: 3.6]
         [Termination Attempts: Min: 1, Avg: 1797.9, Max: 2237, Diff: 2236, Sum: 14383]
      [GC Worker Other (ms): Min: 0.0, Avg: 0.0, Max: 0.1, Diff: 0.0, Sum: 0.2]
      [GC Worker Total (ms): Min: 178.5, Avg: 178.6, Max: 178.7, Diff: 0.3, Sum: 1428.7]
      [GC Worker End (ms): Min: 36990.0, Avg: 36990.0, Max: 36990.0, Diff: 0.0]
   [Code Root Fixup: 0.0 ms]
   [Code Root Purge: 0.0 ms]
   [Clear CT: 0.5 ms]
   [Other: 1.3 ms]
      [Choose CSet: 0.0 ms]
      [Ref Proc: 0.3 ms]
      [Ref Enq: 0.0 ms]
      [Redirty Cards: 0.6 ms]
      [Humongous Register: 0.0 ms]
      [Humongous Reclaim: 0.0 ms]
      [Free CSet: 0.2 ms]
   [Eden: 151.0M(151.0M)->0.0B(147.0M) Survivors: 21.0M->22.0M Heap: 379.4M(2048.0M)->381.9M(2048.0M)]
 [Times: user=1.25 sys=0.03, real=0.18 secs] 
2020-09-29T12:30:39.861+0200: 37.121: [GC pause (G1 Evacuation Pause) (young), 0.1337973 secs]
   [Parallel Time: 132.5 ms, GC Workers: 8]
      [GC Worker Start (ms): Min: 37120.9, Avg: 37120.9, Max: 37121.0, Diff: 0.1]
      [Ext Root Scanning (ms): Min: 0.0, Avg: 0.1, Max: 0.2, Diff: 0.1, Sum: 1.0]
      [Update RS (ms): Min: 15.8, Avg: 16.0, Max: 16.5, Diff: 0.6, Sum: 127.9]
         [Processed Buffers: Min: 10, Avg: 12.5, Max: 16, Diff: 6, Sum: 100]
      [Scan RS (ms): Min: 10.6, Avg: 11.0, Max: 11.2, Diff: 0.6, Sum: 88.3]
      [Code Root Scanning (ms): Min: 0.0, Avg: 0.0, Max: 0.0, Diff: 0.0, Sum: 0.0]
      [Object Copy (ms): Min: 104.9, Avg: 105.0, Max: 105.1, Diff: 0.1, Sum: 839.9]
      [Termination (ms): Min: 0.0, Avg: 0.0, Max: 0.0, Diff: 0.0, Sum: 0.2]
         [Termination Attempts: Min: 1, Avg: 76.9, Max: 95, Diff: 94, Sum: 615]
      [GC Worker Other (ms): Min: 0.0, Avg: 0.0, Max: 0.1, Diff: 0.1, Sum: 0.4]
      [GC Worker Total (ms): Min: 132.1, Avg: 132.2, Max: 132.3, Diff: 0.2, Sum: 1057.7]
      [GC Worker End (ms): Min: 37253.1, Avg: 37253.2, Max: 37253.2, Diff: 0.1]
   [Code Root Fixup: 0.0 ms]
   [Code Root Purge: 0.0 ms]
   [Clear CT: 0.4 ms]
   [Other: 0.9 ms]
      [Choose CSet: 0.0 ms]
      [Ref Proc: 0.2 ms]
      [Ref Enq: 0.0 ms]
      [Redirty Cards: 0.3 ms]
      [Humongous Register: 0.1 ms]
      [Humongous Reclaim: 0.0 ms]
      [Free CSet: 0.2 ms]
   [Eden: 147.0M(147.0M)->0.0B(163.0M) Survivors: 22.0M->22.0M Heap: 553.7M(2048.0M)->556.7M(2048.0M)]
 [Times: user=1.13 sys=0.00, real=0.13 secs] 
2020-09-29T12:30:40.133+0200: 37.391: [GC pause (G1 Evacuation Pause) (young), 0.1529662 secs]
   [Parallel Time: 151.6 ms, GC Workers: 8]
      [GC Worker Start (ms): Min: 37391.6, Avg: 37391.7, Max: 37391.8, Diff: 0.2]
      [Ext Root Scanning (ms): Min: 0.0, Avg: 0.1, Max: 0.2, Diff: 0.2, Sum: 0.8]
      [Update RS (ms): Min: 20.0, Avg: 20.3, Max: 20.9, Diff: 0.9, Sum: 162.8]
         [Processed Buffers: Min: 14, Avg: 15.3, Max: 17, Diff: 3, Sum: 122]
      [Scan RS (ms): Min: 10.9, Avg: 11.5, Max: 11.8, Diff: 0.9, Sum: 91.9]
      [Code Root Scanning (ms): Min: 0.0, Avg: 0.0, Max: 0.0, Diff: 0.0, Sum: 0.0]
      [Object Copy (ms): Min: 119.2, Avg: 119.3, Max: 119.4, Diff: 0.1, Sum: 954.4]
      [Termination (ms): Min: 0.0, Avg: 0.0, Max: 0.0, Diff: 0.0, Sum: 0.2]
         [Termination Attempts: Min: 1, Avg: 68.3, Max: 92, Diff: 91, Sum: 546]
      [GC Worker Other (ms): Min: 0.0, Avg: 0.0, Max: 0.1, Diff: 0.1, Sum: 0.4]
      [GC Worker Total (ms): Min: 151.2, Avg: 151.3, Max: 151.4, Diff: 0.2, Sum: 1210.3]
      [GC Worker End (ms): Min: 37543.0, Avg: 37543.0, Max: 37543.0, Diff: 0.1]
   [Code Root Fixup: 0.0 ms]
   [Code Root Purge: 0.0 ms]
   [Clear CT: 0.3 ms]
   [Other: 1.1 ms]
      [Choose CSet: 0.0 ms]
      [Ref Proc: 0.3 ms]
      [Ref Enq: 0.0 ms]
      [Redirty Cards: 0.3 ms]
      [Humongous Register: 0.1 ms]
      [Humongous Reclaim: 0.0 ms]
      [Free CSet: 0.2 ms]
   [Eden: 163.0M(163.0M)->0.0B(172.0M) Survivors: 22.0M->24.0M Heap: 746.4M(2048.0M)->747.9M(2048.0M)]
 [Times: user=1.14 sys=0.00, real=0.15 secs] 
2020-09-29T12:30:40.441+0200: 37.700: [GC pause (G1 Evacuation Pause) (young), 0.1600043 secs]
   [Parallel Time: 158.5 ms, GC Workers: 8]
      [GC Worker Start (ms): Min: 37699.7, Avg: 37699.9, Max: 37700.0, Diff: 0.3]
      [Ext Root Scanning (ms): Min: 0.0, Avg: 0.1, Max: 0.2, Diff: 0.2, Sum: 0.7]
      [Update RS (ms): Min: 14.4, Avg: 14.6, Max: 15.0, Diff: 0.5, Sum: 117.0]
         [Processed Buffers: Min: 10, Avg: 11.4, Max: 13, Diff: 3, Sum: 91]
      [Scan RS (ms): Min: 14.5, Avg: 14.8, Max: 15.1, Diff: 0.6, Sum: 118.1]
      [Code Root Scanning (ms): Min: 0.0, Avg: 0.0, Max: 0.0, Diff: 0.0, Sum: 0.0]
      [Object Copy (ms): Min: 128.3, Avg: 128.5, Max: 128.6, Diff: 0.4, Sum: 1028.2]
      [Termination (ms): Min: 0.0, Avg: 0.2, Max: 0.2, Diff: 0.2, Sum: 1.2]
         [Termination Attempts: Min: 1, Avg: 564.3, Max: 681, Diff: 680, Sum: 4514]
      [GC Worker Other (ms): Min: 0.0, Avg: 0.0, Max: 0.0, Diff: 0.0, Sum: 0.2]
      [GC Worker Total (ms): Min: 158.1, Avg: 158.2, Max: 158.3, Diff: 0.3, Sum: 1265.4]
      [GC Worker End (ms): Min: 37858.1, Avg: 37858.1, Max: 37858.1, Diff: 0.0]
   [Code Root Fixup: 0.0 ms]
   [Code Root Purge: 0.0 ms]
   [Clear CT: 0.3 ms]
   [Other: 1.1 ms]
      [Choose CSet: 0.0 ms]
      [Ref Proc: 0.3 ms]
      [Ref Enq: 0.0 ms]
      [Redirty Cards: 0.4 ms]
      [Humongous Register: 0.1 ms]
      [Humongous Reclaim: 0.0 ms]
      [Free CSet: 0.2 ms]
   [Eden: 172.0M(172.0M)->0.0B(177.0M) Survivors: 24.0M->25.0M Heap: 948.5M(2048.0M)->949.5M(2048.0M)]
 [Times: user=1.38 sys=0.00, real=0.16 secs] 
2020-09-29T12:30:40.614+0200: 37.874: [GC pause (G1 Humongous Allocation) (young) (initial-mark), 0.0717541 secs]
   [Parallel Time: 70.3 ms, GC Workers: 8]
      [GC Worker Start (ms): Min: 37874.1, Avg: 37874.2, Max: 37874.4, Diff: 0.3]
      [Ext Root Scanning (ms): Min: 0.0, Avg: 0.3, Max: 0.9, Diff: 0.9, Sum: 2.4]
      [Update RS (ms): Min: 31.9, Avg: 32.3, Max: 33.0, Diff: 1.1, Sum: 258.8]
         [Processed Buffers: Min: 21, Avg: 22.5, Max: 24, Diff: 3, Sum: 180]
      [Scan RS (ms): Min: 1.8, Avg: 2.6, Max: 3.4, Diff: 1.5, Sum: 21.0]
      [Code Root Scanning (ms): Min: 0.0, Avg: 0.0, Max: 0.0, Diff: 0.0, Sum: 0.0]
      [Object Copy (ms): Min: 33.8, Avg: 34.7, Max: 34.9, Diff: 1.1, Sum: 277.2]
      [Termination (ms): Min: 0.0, Avg: 0.1, Max: 0.1, Diff: 0.1, Sum: 0.5]
         [Termination Attempts: Min: 1, Avg: 43.0, Max: 62, Diff: 61, Sum: 344]
      [GC Worker Other (ms): Min: 0.0, Avg: 0.0, Max: 0.0, Diff: 0.0, Sum: 0.1]
      [GC Worker Total (ms): Min: 69.9, Avg: 70.0, Max: 70.1, Diff: 0.3, Sum: 560.1]
      [GC Worker End (ms): Min: 37944.2, Avg: 37944.2, Max: 37944.3, Diff: 0.0]
   [Code Root Fixup: 0.0 ms]
   [Code Root Purge: 0.0 ms]
   [Clear CT: 0.3 ms]
   [Other: 1.1 ms]
      [Choose CSet: 0.0 ms]
      [Ref Proc: 0.4 ms]
      [Ref Enq: 0.0 ms]
      [Redirty Cards: 0.3 ms]
      [Humongous Register: 0.1 ms]
      [Humongous Reclaim: 0.0 ms]
      [Free CSet: 0.1 ms]
   [Eden: 6144.0K(177.0M)->0.0B(165.0M) Survivors: 25.0M->7168.0K Heap: 955.0M(2048.0M)->958.5M(2048.0M)]
 [Times: user=0.45 sys=0.02, real=0.07 secs] 
2020-09-29T12:30:40.686+0200: 37.946: [GC concurrent-root-region-scan-start]
2020-09-29T12:30:40.688+0200: 37.948: [GC concurrent-root-region-scan-end, 0.0017742 secs]
2020-09-29T12:30:40.688+0200: 37.948: [GC concurrent-mark-start]
2020-09-29T12:30:40.691+0200: 37.951: [GC concurrent-mark-end, 0.0033260 secs]
2020-09-29T12:30:40.692+0200: 37.951: [GC remark 2020-09-29T12:30:40.692+0200: 37.951: [Finalize Marking, 0.0003707 secs] 2020-09-29T12:30:40.692+0200: 37.952: [GC ref-proc, 0.0004391 secs] 2020-09-29T12:30:40.692+0200: 37.952: [Unloading, 0.0008802 secs], 0.0022347 secs]
 [Times: user=0.00 sys=0.00, real=0.00 secs] 
2020-09-29T12:30:40.694+0200: 37.954: [GC cleanup 967M->25M(2048M), 0.0018471 secs]
 [Times: user=0.00 sys=0.00, real=0.00 secs] 
2020-09-29T12:30:40.696+0200: 37.956: [GC concurrent-cleanup-start]
2020-09-29T12:30:40.698+0200: 37.958: [GC concurrent-cleanup-end, 0.0017582 secs]
2020-09-29T12:30:40.830+0200: 38.089: [GC pause (G1 Evacuation Pause) (young), 0.1494648 secs]
   [Parallel Time: 144.5 ms, GC Workers: 8]
      [GC Worker Start (ms): Min: 38089.3, Avg: 38089.4, Max: 38089.5, Diff: 0.2]
      [Ext Root Scanning (ms): Min: 0.0, Avg: 0.1, Max: 0.2, Diff: 0.2, Sum: 0.8]
      [Update RS (ms): Min: 18.7, Avg: 18.9, Max: 19.6, Diff: 0.9, Sum: 151.3]
         [Processed Buffers: Min: 12, Avg: 12.8, Max: 14, Diff: 2, Sum: 102]
      [Scan RS (ms): Min: 14.1, Avg: 14.9, Max: 15.1, Diff: 1.0, Sum: 118.8]
      [Code Root Scanning (ms): Min: 0.0, Avg: 0.0, Max: 0.0, Diff: 0.0, Sum: 0.0]
      [Object Copy (ms): Min: 109.9, Avg: 110.1, Max: 110.3, Diff: 0.4, Sum: 881.0]
      [Termination (ms): Min: 0.0, Avg: 0.1, Max: 0.1, Diff: 0.1, Sum: 0.9]
         [Termination Attempts: Min: 1, Avg: 454.0, Max: 569, Diff: 568, Sum: 3632]
      [GC Worker Other (ms): Min: 0.0, Avg: 0.0, Max: 0.1, Diff: 0.1, Sum: 0.3]
      [GC Worker Total (ms): Min: 144.1, Avg: 144.1, Max: 144.3, Diff: 0.3, Sum: 1153.1]
      [GC Worker End (ms): Min: 38233.6, Avg: 38233.6, Max: 38233.6, Diff: 0.1]
   [Code Root Fixup: 0.0 ms]
   [Code Root Purge: 0.0 ms]
   [Clear CT: 2.2 ms]
   [Other: 2.7 ms]
      [Choose CSet: 0.0 ms]
      [Ref Proc: 1.8 ms]
      [Ref Enq: 0.0 ms]
      [Redirty Cards: 0.4 ms]
      [Humongous Register: 0.0 ms]
      [Humongous Reclaim: 0.0 ms]
      [Free CSet: 0.2 ms]
   [Eden: 165.0M(165.0M)->0.0B(158.0M) Survivors: 7168.0K->22.0M Heap: 210.1M(2048.0M)->205.6M(2048.0M)]
 [Times: user=1.19 sys=0.06, real=0.15 secs] 
2020-09-29T12:30:41.121+0200: 38.380: [GC pause (G1 Evacuation Pause) (young), 0.1444050 secs]
   [Parallel Time: 142.9 ms, GC Workers: 8]
      [GC Worker Start (ms): Min: 38380.6, Avg: 38380.8, Max: 38380.9, Diff: 0.3]
      [Ext Root Scanning (ms): Min: 0.0, Avg: 0.1, Max: 0.2, Diff: 0.2, Sum: 0.7]
      [Update RS (ms): Min: 15.6, Avg: 15.8, Max: 16.4, Diff: 0.8, Sum: 126.1]
         [Processed Buffers: Min: 12, Avg: 12.8, Max: 15, Diff: 3, Sum: 102]
      [Scan RS (ms): Min: 12.6, Avg: 13.2, Max: 13.4, Diff: 0.8, Sum: 105.9]
      [Code Root Scanning (ms): Min: 0.0, Avg: 0.0, Max: 0.0, Diff: 0.0, Sum: 0.0]
      [Object Copy (ms): Min: 113.3, Avg: 113.3, Max: 113.4, Diff: 0.2, Sum: 906.7]
      [Termination (ms): Min: 0.0, Avg: 0.1, Max: 0.1, Diff: 0.1, Sum: 0.6]
         [Termination Attempts: Min: 1, Avg: 318.4, Max: 401, Diff: 400, Sum: 2547]
      [GC Worker Other (ms): Min: 0.0, Avg: 0.0, Max: 0.1, Diff: 0.0, Sum: 0.3]
      [GC Worker Total (ms): Min: 142.4, Avg: 142.5, Max: 142.7, Diff: 0.3, Sum: 1140.3]
      [GC Worker End (ms): Min: 38523.3, Avg: 38523.3, Max: 38523.4, Diff: 0.0]
   [Code Root Fixup: 0.0 ms]
   [Code Root Purge: 0.0 ms]
   [Clear CT: 0.3 ms]
   [Other: 1.2 ms]
      [Choose CSet: 0.0 ms]
      [Ref Proc: 0.3 ms]
      [Ref Enq: 0.0 ms]
      [Redirty Cards: 0.5 ms]
      [Humongous Register: 0.0 ms]
      [Humongous Reclaim: 0.0 ms]
      [Free CSet: 0.2 ms]
   [Eden: 158.0M(158.0M)->0.0B(169.0M) Survivors: 22.0M->23.0M Heap: 390.3M(2048.0M)->392.3M(2048.0M)]
 [Times: user=1.13 sys=0.00, real=0.14 secs] 
2020-09-29T12:30:41.407+0200: 38.666: [GC pause (G1 Evacuation Pause) (young), 0.1595797 secs]
   [Parallel Time: 158.1 ms, GC Workers: 8]
      [GC Worker Start (ms): Min: 38666.5, Avg: 38666.6, Max: 38666.7, Diff: 0.2]
      [Ext Root Scanning (ms): Min: 0.0, Avg: 0.1, Max: 0.2, Diff: 0.2, Sum: 0.7]
      [Update RS (ms): Min: 17.2, Avg: 17.6, Max: 18.0, Diff: 0.8, Sum: 140.5]
         [Processed Buffers: Min: 10, Avg: 12.3, Max: 13, Diff: 3, Sum: 98]
      [Scan RS (ms): Min: 13.1, Avg: 13.5, Max: 14.0, Diff: 0.9, Sum: 107.9]
      [Code Root Scanning (ms): Min: 0.0, Avg: 0.0, Max: 0.0, Diff: 0.0, Sum: 0.0]
      [Object Copy (ms): Min: 126.5, Avg: 126.6, Max: 126.6, Diff: 0.1, Sum: 1012.5]
      [Termination (ms): Min: 0.0, Avg: 0.0, Max: 0.0, Diff: 0.0, Sum: 0.1]
         [Termination Attempts: Min: 1, Avg: 32.6, Max: 44, Diff: 43, Sum: 261]
      [GC Worker Other (ms): Min: 0.0, Avg: 0.0, Max: 0.1, Diff: 0.1, Sum: 0.4]
      [GC Worker Total (ms): Min: 157.6, Avg: 157.8, Max: 157.9, Diff: 0.2, Sum: 1262.1]
      [GC Worker End (ms): Min: 38824.3, Avg: 38824.4, Max: 38824.4, Diff: 0.1]
   [Code Root Fixup: 0.0 ms]
   [Code Root Purge: 0.0 ms]
   [Clear CT: 0.3 ms]
   [Other: 1.2 ms]
      [Choose CSet: 0.0 ms]
      [Ref Proc: 0.3 ms]
      [Ref Enq: 0.0 ms]
      [Redirty Cards: 0.4 ms]
      [Humongous Register: 0.0 ms]
      [Humongous Reclaim: 0.0 ms]
      [Free CSet: 0.2 ms]
   [Eden: 169.0M(169.0M)->0.0B(174.0M) Survivors: 23.0M->24.0M Heap: 588.0M(2048.0M)->589.5M(2048.0M)]
 [Times: user=1.25 sys=0.00, real=0.16 secs] 
2020-09-29T12:30:41.779+0200: 39.038: [GC pause (G1 Evacuation Pause) (young), 0.2850496 secs]
   [Parallel Time: 279.2 ms, GC Workers: 8]
      [GC Worker Start (ms): Min: 39038.5, Avg: 39038.7, Max: 39038.9, Diff: 0.3]
      [Ext Root Scanning (ms): Min: 0.0, Avg: 0.7, Max: 4.1, Diff: 4.1, Sum: 5.2]
      [Update RS (ms): Min: 26.5, Avg: 30.2, Max: 31.2, Diff: 4.7, Sum: 241.3]
         [Processed Buffers: Min: 8, Avg: 15.5, Max: 18, Diff: 10, Sum: 124]
      [Scan RS (ms): Min: 18.4, Avg: 19.4, Max: 20.0, Diff: 1.7, Sum: 155.4]
      [Code Root Scanning (ms): Min: 0.0, Avg: 0.0, Max: 0.0, Diff: 0.0, Sum: 0.0]
      [Object Copy (ms): Min: 227.3, Avg: 227.9, Max: 228.3, Diff: 1.0, Sum: 1823.4]
      [Termination (ms): Min: 0.0, Avg: 0.4, Max: 0.5, Diff: 0.5, Sum: 3.4]
         [Termination Attempts: Min: 1, Avg: 1229.9, Max: 1473, Diff: 1472, Sum: 9839]
      [GC Worker Other (ms): Min: 0.0, Avg: 0.0, Max: 0.1, Diff: 0.1, Sum: 0.4]
      [GC Worker Total (ms): Min: 278.5, Avg: 278.6, Max: 278.8, Diff: 0.3, Sum: 2229.0]
      [GC Worker End (ms): Min: 39317.3, Avg: 39317.3, Max: 39317.3, Diff: 0.1]
   [Code Root Fixup: 0.0 ms]
   [Code Root Purge: 0.0 ms]
   [Clear CT: 0.9 ms]
   [Other: 5.0 ms]
      [Choose CSet: 0.0 ms]
      [Ref Proc: 0.4 ms]
      [Ref Enq: 0.0 ms]
      [Redirty Cards: 1.8 ms]
      [Humongous Register: 0.1 ms]
      [Humongous Reclaim: 0.0 ms]
      [Free CSet: 0.4 ms]
   [Eden: 174.0M(174.0M)->0.0B(124.0M) Survivors: 24.0M->25.0M Heap: 794.0M(2048.0M)->796.0M(2048.0M)]
 [Times: user=2.17 sys=0.02, real=0.29 secs] 
2020-09-29T12:30:42.232+0200: 39.492: [GC pause (G1 Evacuation Pause) (young), 0.1961659 secs]
   [Parallel Time: 194.1 ms, GC Workers: 8]
      [GC Worker Start (ms): Min: 39491.9, Avg: 39492.0, Max: 39492.2, Diff: 0.3]
      [Ext Root Scanning (ms): Min: 0.0, Avg: 0.2, Max: 0.3, Diff: 0.3, Sum: 1.3]
      [Update RS (ms): Min: 38.6, Avg: 38.9, Max: 39.8, Diff: 1.2, Sum: 310.9]
         [Processed Buffers: Min: 14, Avg: 17.8, Max: 19, Diff: 5, Sum: 142]
      [Scan RS (ms): Min: 11.2, Avg: 12.1, Max: 12.4, Diff: 1.2, Sum: 96.7]
      [Code Root Scanning (ms): Min: 0.0, Avg: 0.0, Max: 0.0, Diff: 0.0, Sum: 0.0]
      [Object Copy (ms): Min: 142.4, Avg: 142.5, Max: 142.6, Diff: 0.2, Sum: 1140.0]
      [Termination (ms): Min: 0.0, Avg: 0.0, Max: 0.0, Diff: 0.0, Sum: 0.2]
         [Termination Attempts: Min: 1, Avg: 59.3, Max: 76, Diff: 75, Sum: 474]
      [GC Worker Other (ms): Min: 0.0, Avg: 0.1, Max: 0.1, Diff: 0.1, Sum: 0.4]
      [GC Worker Total (ms): Min: 193.5, Avg: 193.7, Max: 193.8, Diff: 0.3, Sum: 1549.5]
      [GC Worker End (ms): Min: 39685.6, Avg: 39685.7, Max: 39685.8, Diff: 0.1]
   [Code Root Fixup: 0.0 ms]
   [Code Root Purge: 0.0 ms]
   [Clear CT: 0.4 ms]
   [Other: 1.7 ms]
      [Choose CSet: 0.0 ms]
      [Ref Proc: 0.4 ms]
      [Ref Enq: 0.0 ms]
      [Redirty Cards: 0.6 ms]
      [Humongous Register: 0.1 ms]
      [Humongous Reclaim: 0.0 ms]
      [Free CSet: 0.2 ms]
   [Eden: 124.0M(124.0M)->0.0B(118.0M) Survivors: 25.0M->19.0M Heap: 941.0M(2048.0M)->943.0M(2048.0M)]
 [Times: user=1.44 sys=0.00, real=0.20 secs] 
2020-09-29T12:30:42.446+0200: 39.706: [GC pause (G1 Humongous Allocation) (young) (initial-mark), 0.0889659 secs]
   [Parallel Time: 86.9 ms, GC Workers: 8]
      [GC Worker Start (ms): Min: 39705.7, Avg: 39705.8, Max: 39705.9, Diff: 0.2]
      [Ext Root Scanning (ms): Min: 0.0, Avg: 0.2, Max: 0.3, Diff: 0.2, Sum: 1.4]
      [Update RS (ms): Min: 37.4, Avg: 38.1, Max: 39.0, Diff: 1.6, Sum: 305.1]
         [Processed Buffers: Min: 17, Avg: 18.8, Max: 21, Diff: 4, Sum: 150]
      [Scan RS (ms): Min: 1.8, Avg: 2.7, Max: 3.5, Diff: 1.8, Sum: 21.6]
      [Code Root Scanning (ms): Min: 0.0, Avg: 0.0, Max: 0.0, Diff: 0.0, Sum: 0.0]
      [Object Copy (ms): Min: 45.6, Avg: 45.7, Max: 45.8, Diff: 0.2, Sum: 365.5]
      [Termination (ms): Min: 0.0, Avg: 0.0, Max: 0.0, Diff: 0.0, Sum: 0.1]
         [Termination Attempts: Min: 1, Avg: 32.9, Max: 47, Diff: 46, Sum: 263]
      [GC Worker Other (ms): Min: 0.0, Avg: 0.0, Max: 0.1, Diff: 0.1, Sum: 0.3]
      [GC Worker Total (ms): Min: 86.7, Avg: 86.7, Max: 86.8, Diff: 0.2, Sum: 693.9]
      [GC Worker End (ms): Min: 39792.6, Avg: 39792.6, Max: 39792.6, Diff: 0.0]
   [Code Root Fixup: 0.0 ms]
   [Code Root Purge: 0.0 ms]
   [Clear CT: 0.5 ms]
   [Other: 1.6 ms]
      [Choose CSet: 0.0 ms]
      [Ref Proc: 0.5 ms]
      [Ref Enq: 0.0 ms]
      [Redirty Cards: 0.6 ms]
      [Humongous Register: 0.0 ms]
      [Humongous Reclaim: 0.0 ms]
      [Free CSet: 0.1 ms]
   [Eden: 12.0M(118.0M)->0.0B(107.0M) Survivors: 19.0M->14.0M Heap: 954.5M(2048.0M)->959.0M(2048.0M)]
 [Times: user=0.59 sys=0.02, real=0.09 secs] 
2020-09-29T12:30:42.535+0200: 39.795: [GC concurrent-root-region-scan-start]
2020-09-29T12:30:42.543+0200: 39.802: [GC concurrent-root-region-scan-end, 0.0073729 secs]
2020-09-29T12:30:42.543+0200: 39.802: [GC concurrent-mark-start]
2020-09-29T12:30:42.549+0200: 39.808: [GC concurrent-mark-end, 0.0059082 secs]
2020-09-29T12:30:42.550+0200: 39.809: [GC remark 2020-09-29T12:30:42.550+0200: 39.809: [Finalize Marking, 0.0004421 secs] 2020-09-29T12:30:42.550+0200: 39.810: [GC ref-proc, 0.0006776 secs] 2020-09-29T12:30:42.551+0200: 39.810: [Unloading, 0.0011183 secs], 0.0035691 secs]
 [Times: user=0.02 sys=0.00, real=0.00 secs] 
2020-09-29T12:30:42.554+0200: 39.813: [GC cleanup 972M->36M(2048M), 0.0032565 secs]
 [Times: user=0.00 sys=0.00, real=0.00 secs] 
2020-09-29T12:30:42.558+0200: 39.817: [GC concurrent-cleanup-start]
2020-09-29T12:30:42.562+0200: 39.821: [GC concurrent-cleanup-end, 0.0043537 secs]
2020-09-29T12:30:42.677+0200: 39.936: [GC pause (G1 Evacuation Pause) (young), 0.1449906 secs]
   [Parallel Time: 142.7 ms, GC Workers: 8]
      [GC Worker Start (ms): Min: 39936.1, Avg: 39936.2, Max: 39936.3, Diff: 0.3]
      [Ext Root Scanning (ms): Min: 0.0, Avg: 0.1, Max: 0.3, Diff: 0.3, Sum: 1.2]
      [Update RS (ms): Min: 22.9, Avg: 23.5, Max: 24.5, Diff: 1.7, Sum: 188.0]
         [Processed Buffers: Min: 9, Avg: 11.6, Max: 15, Diff: 6, Sum: 93]
      [Scan RS (ms): Min: 9.6, Avg: 10.6, Max: 11.3, Diff: 1.7, Sum: 84.4]
      [Code Root Scanning (ms): Min: 0.0, Avg: 0.0, Max: 0.0, Diff: 0.0, Sum: 0.0]
      [Object Copy (ms): Min: 107.3, Avg: 107.7, Max: 107.9, Diff: 0.6, Sum: 861.3]
      [Termination (ms): Min: 0.0, Avg: 0.3, Max: 0.3, Diff: 0.3, Sum: 2.3]
         [Termination Attempts: Min: 1, Avg: 802.0, Max: 964, Diff: 963, Sum: 6416]
      [GC Worker Other (ms): Min: 0.0, Avg: 0.1, Max: 0.1, Diff: 0.1, Sum: 0.4]
      [GC Worker Total (ms): Min: 142.1, Avg: 142.2, Max: 142.4, Diff: 0.3, Sum: 1137.7]
      [GC Worker End (ms): Min: 40078.4, Avg: 40078.4, Max: 40078.5, Diff: 0.1]
   [Code Root Fixup: 0.0 ms]
   [Code Root Purge: 0.0 ms]
   [Clear CT: 0.7 ms]
   [Other: 1.6 ms]
      [Choose CSet: 0.0 ms]
      [Ref Proc: 0.4 ms]
      [Ref Enq: 0.0 ms]
      [Redirty Cards: 0.6 ms]
      [Humongous Register: 0.1 ms]
      [Humongous Reclaim: 0.0 ms]
      [Free CSet: 0.2 ms]
   [Eden: 107.0M(107.0M)->0.0B(110.0M) Survivors: 14.0M->16.0M Heap: 149.6M(2048.0M)->138.1M(2048.0M)]
 [Times: user=1.08 sys=0.05, real=0.14 secs] 
2020-09-29T12:30:42.957+0200: 40.216: [GC pause (G1 Evacuation Pause) (young), 0.1458351 secs]
   [Parallel Time: 143.6 ms, GC Workers: 8]
      [GC Worker Start (ms): Min: 40216.2, Avg: 40216.4, Max: 40216.6, Diff: 0.3]
      [Ext Root Scanning (ms): Min: 0.0, Avg: 0.1, Max: 0.3, Diff: 0.3, Sum: 1.1]
      [Update RS (ms): Min: 16.7, Avg: 17.6, Max: 18.2, Diff: 1.5, Sum: 140.8]
         [Processed Buffers: Min: 9, Avg: 9.3, Max: 11, Diff: 2, Sum: 74]
      [Scan RS (ms): Min: 12.1, Avg: 12.6, Max: 13.6, Diff: 1.5, Sum: 101.0]
      [Code Root Scanning (ms): Min: 0.0, Avg: 0.0, Max: 0.0, Diff: 0.0, Sum: 0.0]
      [Object Copy (ms): Min: 112.6, Avg: 112.7, Max: 112.8, Diff: 0.2, Sum: 901.4]
      [Termination (ms): Min: 0.0, Avg: 0.0, Max: 0.0, Diff: 0.0, Sum: 0.1]
         [Termination Attempts: Min: 1, Avg: 37.5, Max: 52, Diff: 51, Sum: 300]
      [GC Worker Other (ms): Min: 0.0, Avg: 0.1, Max: 0.1, Diff: 0.1, Sum: 0.4]
      [GC Worker Total (ms): Min: 143.0, Avg: 143.1, Max: 143.3, Diff: 0.4, Sum: 1144.9]
      [GC Worker End (ms): Min: 40359.5, Avg: 40359.6, Max: 40359.6, Diff: 0.1]
   [Code Root Fixup: 0.0 ms]
   [Code Root Purge: 0.0 ms]
   [Clear CT: 0.4 ms]
   [Other: 1.9 ms]
      [Choose CSet: 0.0 ms]
      [Ref Proc: 0.4 ms]
      [Ref Enq: 0.0 ms]
      [Redirty Cards: 0.9 ms]
      [Humongous Register: 0.1 ms]
      [Humongous Reclaim: 0.0 ms]
      [Free CSet: 0.2 ms]
   [Eden: 110.0M(110.0M)->0.0B(117.0M) Survivors: 16.0M->16.0M Heap: 265.2M(2048.0M)->267.2M(2048.0M)]
 [Times: user=1.25 sys=0.00, real=0.15 secs] 
2020-09-29T12:30:43.245+0200: 40.504: [GC pause (G1 Evacuation Pause) (young), 0.1604241 secs]
   [Parallel Time: 157.9 ms, GC Workers: 8]
      [GC Worker Start (ms): Min: 40504.7, Avg: 40504.8, Max: 40505.0, Diff: 0.3]
      [Ext Root Scanning (ms): Min: 0.0, Avg: 0.1, Max: 0.3, Diff: 0.3, Sum: 1.2]
      [Update RS (ms): Min: 22.9, Avg: 23.3, Max: 24.5, Diff: 1.6, Sum: 186.3]
         [Processed Buffers: Min: 10, Avg: 12.4, Max: 16, Diff: 6, Sum: 99]
      [Scan RS (ms): Min: 9.7, Avg: 10.6, Max: 11.0, Diff: 1.3, Sum: 84.6]
      [Code Root Scanning (ms): Min: 0.0, Avg: 0.0, Max: 0.0, Diff: 0.0, Sum: 0.0]
      [Object Copy (ms): Min: 122.9, Avg: 123.3, Max: 123.4, Diff: 0.5, Sum: 986.2]
      [Termination (ms): Min: 0.0, Avg: 0.1, Max: 0.1, Diff: 0.1, Sum: 0.7]
         [Termination Attempts: Min: 1, Avg: 252.1, Max: 328, Diff: 327, Sum: 2017]
      [GC Worker Other (ms): Min: 0.0, Avg: 0.0, Max: 0.1, Diff: 0.0, Sum: 0.3]
      [GC Worker Total (ms): Min: 157.3, Avg: 157.4, Max: 157.6, Diff: 0.3, Sum: 1259.3]
      [GC Worker End (ms): Min: 40662.2, Avg: 40662.2, Max: 40662.3, Diff: 0.0]
   [Code Root Fixup: 0.0 ms]
   [Code Root Purge: 0.0 ms]
   [Clear CT: 0.7 ms]
   [Other: 1.9 ms]
      [Choose CSet: 0.0 ms]
      [Ref Proc: 0.4 ms]
      [Ref Enq: 0.0 ms]
      [Redirty Cards: 0.9 ms]
      [Humongous Register: 0.1 ms]
      [Humongous Reclaim: 0.0 ms]
      [Free CSet: 0.2 ms]
   [Eden: 117.0M(117.0M)->0.0B(122.0M) Survivors: 16.0M->17.0M Heap: 405.2M(2048.0M)->407.7M(2048.0M)]
 [Times: user=1.25 sys=0.00, real=0.16 secs] 
2020-09-29T12:30:43.557+0200: 40.817: [GC pause (G1 Evacuation Pause) (young), 0.1614851 secs]
   [Parallel Time: 159.8 ms, GC Workers: 8]
      [GC Worker Start (ms): Min: 40817.3, Avg: 40817.5, Max: 40817.6, Diff: 0.3]
      [Ext Root Scanning (ms): Min: 0.0, Avg: 0.1, Max: 0.3, Diff: 0.3, Sum: 1.0]
      [Update RS (ms): Min: 19.0, Avg: 19.8, Max: 20.2, Diff: 1.2, Sum: 158.3]
         [Processed Buffers: Min: 10, Avg: 10.4, Max: 13, Diff: 3, Sum: 83]
      [Scan RS (ms): Min: 12.4, Avg: 12.9, Max: 13.7, Diff: 1.3, Sum: 102.9]
      [Code Root Scanning (ms): Min: 0.0, Avg: 0.0, Max: 0.0, Diff: 0.0, Sum: 0.0]
      [Object Copy (ms): Min: 126.1, Avg: 126.4, Max: 126.5, Diff: 0.4, Sum: 1011.0]
      [Termination (ms): Min: 0.0, Avg: 0.1, Max: 0.1, Diff: 0.1, Sum: 0.6]
         [Termination Attempts: Min: 1, Avg: 209.3, Max: 259, Diff: 258, Sum: 1674]
      [GC Worker Other (ms): Min: 0.0, Avg: 0.1, Max: 0.1, Diff: 0.1, Sum: 0.4]
      [GC Worker Total (ms): Min: 159.2, Avg: 159.3, Max: 159.5, Diff: 0.3, Sum: 1274.3]
      [GC Worker End (ms): Min: 40976.8, Avg: 40976.8, Max: 40976.8, Diff: 0.1]
   [Code Root Fixup: 0.0 ms]
   [Code Root Purge: 0.0 ms]
   [Clear CT: 0.3 ms]
   [Other: 1.4 ms]
      [Choose CSet: 0.0 ms]
      [Ref Proc: 0.3 ms]
      [Ref Enq: 0.0 ms]
      [Redirty Cards: 0.4 ms]
      [Humongous Register: 0.1 ms]
      [Humongous Reclaim: 0.0 ms]
      [Free CSet: 0.3 ms]
   [Eden: 122.0M(122.0M)->0.0B(127.0M) Survivors: 17.0M->18.0M Heap: 548.8M(2048.0M)->550.3M(2048.0M)]
 [Times: user=1.25 sys=0.00, real=0.16 secs] 
2020-09-29T12:30:43.884+0200: 41.144: [GC pause (G1 Evacuation Pause) (young), 0.1657035 secs]
   [Parallel Time: 163.8 ms, GC Workers: 8]
      [GC Worker Start (ms): Min: 41143.9, Avg: 41144.0, Max: 41144.2, Diff: 0.3]
      [Ext Root Scanning (ms): Min: 0.0, Avg: 0.2, Max: 0.3, Diff: 0.3, Sum: 1.3]
      [Update RS (ms): Min: 19.3, Avg: 19.7, Max: 20.2, Diff: 0.9, Sum: 157.3]
         [Processed Buffers: Min: 10, Avg: 10.3, Max: 12, Diff: 2, Sum: 82]
      [Scan RS (ms): Min: 13.1, Avg: 13.7, Max: 14.0, Diff: 1.0, Sum: 109.6]
      [Code Root Scanning (ms): Min: 0.0, Avg: 0.0, Max: 0.0, Diff: 0.0, Sum: 0.0]
      [Object Copy (ms): Min: 129.6, Avg: 129.9, Max: 130.0, Diff: 0.3, Sum: 1038.9]
      [Termination (ms): Min: 0.0, Avg: 0.0, Max: 0.0, Diff: 0.0, Sum: 0.3]
         [Termination Attempts: Min: 1, Avg: 86.1, Max: 108, Diff: 107, Sum: 689]
      [GC Worker Other (ms): Min: 0.0, Avg: 0.0, Max: 0.1, Diff: 0.1, Sum: 0.3]
      [GC Worker Total (ms): Min: 163.3, Avg: 163.5, Max: 163.6, Diff: 0.4, Sum: 1307.8]
      [GC Worker End (ms): Min: 41307.4, Avg: 41307.5, Max: 41307.5, Diff: 0.0]
   [Code Root Fixup: 0.0 ms]
   [Code Root Purge: 0.0 ms]
   [Clear CT: 0.4 ms]
   [Other: 1.5 ms]
      [Choose CSet: 0.0 ms]
      [Ref Proc: 0.4 ms]
      [Ref Enq: 0.0 ms]
      [Redirty Cards: 0.4 ms]
      [Humongous Register: 0.1 ms]
      [Humongous Reclaim: 0.0 ms]
      [Free CSet: 0.2 ms]
   [Eden: 127.0M(127.0M)->0.0B(131.0M) Survivors: 18.0M->19.0M Heap: 698.3M(2048.0M)->700.3M(2048.0M)]
 [Times: user=1.25 sys=0.00, real=0.17 secs] 
2020-09-29T12:30:44.210+0200: 41.470: [GC pause (G1 Evacuation Pause) (young), 0.1714387 secs]
   [Parallel Time: 169.5 ms, GC Workers: 8]
      [GC Worker Start (ms): Min: 41469.9, Avg: 41470.1, Max: 41470.2, Diff: 0.3]
      [Ext Root Scanning (ms): Min: 0.0, Avg: 0.1, Max: 0.3, Diff: 0.3, Sum: 1.1]
      [Update RS (ms): Min: 21.4, Avg: 21.8, Max: 22.8, Diff: 1.4, Sum: 174.0]
         [Processed Buffers: Min: 11, Avg: 12.1, Max: 16, Diff: 5, Sum: 97]
      [Scan RS (ms): Min: 12.0, Avg: 13.1, Max: 13.7, Diff: 1.7, Sum: 104.9]
      [Code Root Scanning (ms): Min: 0.0, Avg: 0.0, Max: 0.0, Diff: 0.0, Sum: 0.0]
      [Object Copy (ms): Min: 133.7, Avg: 134.0, Max: 134.1, Diff: 0.5, Sum: 1071.9]
      [Termination (ms): Min: 0.0, Avg: 0.0, Max: 0.0, Diff: 0.0, Sum: 0.0]
         [Termination Attempts: Min: 1, Avg: 8.4, Max: 13, Diff: 12, Sum: 67]
      [GC Worker Other (ms): Min: 0.0, Avg: 0.0, Max: 0.1, Diff: 0.1, Sum: 0.4]
      [GC Worker Total (ms): Min: 168.9, Avg: 169.0, Max: 169.2, Diff: 0.3, Sum: 1352.3]
      [GC Worker End (ms): Min: 41639.1, Avg: 41639.1, Max: 41639.1, Diff: 0.1]
   [Code Root Fixup: 0.0 ms]
   [Code Root Purge: 0.0 ms]
   [Clear CT: 0.4 ms]
   [Other: 1.5 ms]
      [Choose CSet: 0.0 ms]
      [Ref Proc: 0.6 ms]
      [Ref Enq: 0.0 ms]
      [Redirty Cards: 0.5 ms]
      [Humongous Register: 0.1 ms]
      [Humongous Reclaim: 0.0 ms]
      [Free CSet: 0.2 ms]
   [Eden: 131.0M(131.0M)->0.0B(133.0M) Survivors: 19.0M->19.0M Heap: 854.2M(2048.0M)->855.2M(2048.0M)]
 [Times: user=1.38 sys=0.00, real=0.17 secs] 
2020-09-29T12:30:44.541+0200: 41.800: [GC pause (G1 Evacuation Pause) (young), 0.1800842 secs]
   [Parallel Time: 178.1 ms, GC Workers: 8]
      [GC Worker Start (ms): Min: 41800.7, Avg: 41800.9, Max: 41801.0, Diff: 0.3]
      [Ext Root Scanning (ms): Min: 0.0, Avg: 0.1, Max: 0.3, Diff: 0.3, Sum: 1.1]
      [Update RS (ms): Min: 18.9, Avg: 19.1, Max: 19.5, Diff: 0.6, Sum: 153.1]
         [Processed Buffers: Min: 8, Avg: 10.9, Max: 13, Diff: 5, Sum: 87]
      [Scan RS (ms): Min: 15.1, Avg: 15.6, Max: 16.2, Diff: 1.1, Sum: 125.2]
      [Code Root Scanning (ms): Min: 0.0, Avg: 0.0, Max: 0.0, Diff: 0.0, Sum: 0.0]
      [Object Copy (ms): Min: 142.3, Avg: 142.5, Max: 142.7, Diff: 0.3, Sum: 1139.9]
      [Termination (ms): Min: 0.0, Avg: 0.2, Max: 0.2, Diff: 0.2, Sum: 1.3]
         [Termination Attempts: Min: 1, Avg: 453.5, Max: 568, Diff: 567, Sum: 3628]
      [GC Worker Other (ms): Min: 0.0, Avg: 0.1, Max: 0.1, Diff: 0.1, Sum: 0.4]
      [GC Worker Total (ms): Min: 177.5, Avg: 177.6, Max: 177.8, Diff: 0.3, Sum: 1421.1]
      [GC Worker End (ms): Min: 41978.5, Avg: 41978.5, Max: 41978.6, Diff: 0.1]
   [Code Root Fixup: 0.0 ms]
   [Code Root Purge: 0.0 ms]
   [Clear CT: 0.5 ms]
   [Other: 1.5 ms]
      [Choose CSet: 0.0 ms]
      [Ref Proc: 0.3 ms]
      [Ref Enq: 0.0 ms]
      [Redirty Cards: 0.5 ms]
      [Humongous Register: 0.1 ms]
      [Humongous Reclaim: 0.0 ms]
      [Free CSet: 0.3 ms]
   [Eden: 133.0M(133.0M)->0.0B(132.0M) Survivors: 19.0M->19.0M Heap: 1011.1M(2048.0M)->1013.1M(2048.0M)]
 [Times: user=1.34 sys=0.00, real=0.18 secs] 
2020-09-29T12:30:44.744+0200: 42.004: [GC pause (G1 Humongous Allocation) (young) (initial-mark), 0.0773145 secs]
   [Parallel Time: 75.3 ms, GC Workers: 8]
      [GC Worker Start (ms): Min: 42003.7, Avg: 42003.9, Max: 42004.1, Diff: 0.4]
      [Ext Root Scanning (ms): Min: 0.0, Avg: 0.4, Max: 0.6, Diff: 0.6, Sum: 2.8]
      [Update RS (ms): Min: 31.6, Avg: 32.2, Max: 32.9, Diff: 1.3, Sum: 257.7]
         [Processed Buffers: Min: 15, Avg: 16.3, Max: 18, Diff: 3, Sum: 130]
      [Scan RS (ms): Min: 2.3, Avg: 3.3, Max: 6.5, Diff: 4.2, Sum: 26.2]
      [Code Root Scanning (ms): Min: 0.0, Avg: 0.0, Max: 0.0, Diff: 0.0, Sum: 0.0]
      [Object Copy (ms): Min: 36.0, Avg: 38.9, Max: 39.6, Diff: 3.6, Sum: 311.4]
      [Termination (ms): Min: 0.0, Avg: 0.2, Max: 0.3, Diff: 0.3, Sum: 1.9]
         [Termination Attempts: Min: 1, Avg: 625.3, Max: 786, Diff: 785, Sum: 5002]
      [GC Worker Other (ms): Min: 0.0, Avg: 0.0, Max: 0.0, Diff: 0.0, Sum: 0.2]
      [GC Worker Total (ms): Min: 74.8, Avg: 75.0, Max: 75.2, Diff: 0.4, Sum: 600.2]
      [GC Worker End (ms): Min: 42079.0, Avg: 42079.0, Max: 42079.0, Diff: 0.0]
   [Code Root Fixup: 0.0 ms]
   [Code Root Purge: 0.0 ms]
   [Clear CT: 0.5 ms]
   [Other: 1.5 ms]
      [Choose CSet: 0.0 ms]
      [Ref Proc: 0.6 ms]
      [Ref Enq: 0.0 ms]
      [Redirty Cards: 0.4 ms]
      [Humongous Register: 0.0 ms]
      [Humongous Reclaim: 0.0 ms]
      [Free CSet: 0.1 ms]
   [Eden: 12.0M(132.0M)->0.0B(125.0M) Survivors: 19.0M->14.0M Heap: 1024.6M(2048.0M)->1028.1M(2048.0M)]
 [Times: user=0.59 sys=0.00, real=0.08 secs] 
2020-09-29T12:30:44.821+0200: 42.081: [GC concurrent-root-region-scan-start]
2020-09-29T12:30:44.831+0200: 42.091: [GC concurrent-root-region-scan-end, 0.0096310 secs]
2020-09-29T12:30:44.831+0200: 42.091: [GC concurrent-mark-start]
2020-09-29T12:30:44.838+0200: 42.097: [GC concurrent-mark-end, 0.0063919 secs]
2020-09-29T12:30:44.838+0200: 42.098: [GC remark 2020-09-29T12:30:44.838+0200: 42.098: [Finalize Marking, 0.0004666 secs] 2020-09-29T12:30:44.839+0200: 42.098: [GC ref-proc, 0.0008559 secs] 2020-09-29T12:30:44.840+0200: 42.099: [Unloading, 0.0010874 secs], 0.0031161 secs]
 [Times: user=0.00 sys=0.00, real=0.00 secs] 
2020-09-29T12:30:44.842+0200: 42.102: [GC cleanup 1044M->40M(2048M), 0.0027950 secs]
 [Times: user=0.00 sys=0.00, real=0.00 secs] 
2020-09-29T12:30:44.845+0200: 42.105: [GC concurrent-cleanup-start]
2020-09-29T12:30:44.847+0200: 42.107: [GC concurrent-cleanup-end, 0.0023999 secs]
2020-09-29T12:30:44.979+0200: 42.238: [GC pause (G1 Evacuation Pause) (young), 0.1894978 secs]
   [Parallel Time: 183.3 ms, GC Workers: 8]
      [GC Worker Start (ms): Min: 42238.3, Avg: 42238.4, Max: 42238.6, Diff: 0.3]
      [Ext Root Scanning (ms): Min: 0.0, Avg: 0.1, Max: 0.3, Diff: 0.3, Sum: 1.1]
      [Update RS (ms): Min: 24.8, Avg: 25.3, Max: 25.8, Diff: 0.9, Sum: 202.6]
         [Processed Buffers: Min: 11, Avg: 12.6, Max: 13, Diff: 2, Sum: 101]
      [Scan RS (ms): Min: 7.8, Avg: 8.5, Max: 10.7, Diff: 2.9, Sum: 68.2]
      [Code Root Scanning (ms): Min: 0.0, Avg: 0.0, Max: 0.0, Diff: 0.0, Sum: 0.0]
      [Object Copy (ms): Min: 146.3, Avg: 148.5, Max: 149.0, Diff: 2.8, Sum: 1187.8]
      [Termination (ms): Min: 0.0, Avg: 0.3, Max: 0.4, Diff: 0.4, Sum: 2.7]
         [Termination Attempts: Min: 1, Avg: 983.3, Max: 1194, Diff: 1193, Sum: 7866]
      [GC Worker Other (ms): Min: 0.0, Avg: 0.2, Max: 0.2, Diff: 0.2, Sum: 1.2]
      [GC Worker Total (ms): Min: 182.8, Avg: 183.0, Max: 183.1, Diff: 0.2, Sum: 1463.7]
      [GC Worker End (ms): Min: 42421.3, Avg: 42421.4, Max: 42421.5, Diff: 0.2]
   [Code Root Fixup: 0.0 ms]
   [Code Root Purge: 0.0 ms]
   [Clear CT: 2.5 ms]
   [Other: 3.7 ms]
      [Choose CSet: 0.0 ms]
      [Ref Proc: 0.3 ms]
      [Ref Enq: 0.0 ms]
      [Redirty Cards: 2.6 ms]
      [Humongous Register: 0.1 ms]
      [Humongous Reclaim: 0.0 ms]
      [Free CSet: 0.4 ms]
   [Eden: 125.0M(125.0M)->0.0B(115.0M) Survivors: 14.0M->18.0M Heap: 169.5M(2048.0M)->158.0M(2048.0M)]
 [Times: user=1.45 sys=0.02, real=0.19 secs] 
2020-09-29T12:30:45.309+0200: 42.568: [GC pause (G1 Evacuation Pause) (young), 0.1644822 secs]
   [Parallel Time: 161.5 ms, GC Workers: 8]
      [GC Worker Start (ms): Min: 42568.4, Avg: 42568.6, Max: 42568.7, Diff: 0.3]
      [Ext Root Scanning (ms): Min: 0.0, Avg: 0.1, Max: 0.3, Diff: 0.3, Sum: 1.1]
      [Update RS (ms): Min: 20.4, Avg: 21.6, Max: 22.6, Diff: 2.2, Sum: 173.0]
         [Processed Buffers: Min: 9, Avg: 9.9, Max: 10, Diff: 1, Sum: 79]
      [Scan RS (ms): Min: 15.7, Avg: 16.8, Max: 17.9, Diff: 2.1, Sum: 134.1]
      [Code Root Scanning (ms): Min: 0.0, Avg: 0.0, Max: 0.0, Diff: 0.0, Sum: 0.0]
      [Object Copy (ms): Min: 122.2, Avg: 122.3, Max: 122.5, Diff: 0.3, Sum: 978.4]
      [Termination (ms): Min: 0.0, Avg: 0.1, Max: 0.1, Diff: 0.1, Sum: 0.9]
         [Termination Attempts: Min: 1, Avg: 286.0, Max: 371, Diff: 370, Sum: 2288]
      [GC Worker Other (ms): Min: 0.0, Avg: 0.0, Max: 0.1, Diff: 0.1, Sum: 0.4]
      [GC Worker Total (ms): Min: 160.8, Avg: 161.0, Max: 161.2, Diff: 0.4, Sum: 1287.8]
      [GC Worker End (ms): Min: 42729.5, Avg: 42729.5, Max: 42729.6, Diff: 0.1]
   [Code Root Fixup: 0.0 ms]
   [Code Root Purge: 0.0 ms]
   [Clear CT: 1.1 ms]
   [Other: 1.9 ms]
      [Choose CSet: 0.0 ms]
      [Ref Proc: 0.4 ms]
      [Ref Enq: 0.0 ms]
      [Redirty Cards: 0.9 ms]
      [Humongous Register: 0.1 ms]
      [Humongous Reclaim: 0.0 ms]
      [Free CSet: 0.2 ms]
   [Eden: 115.0M(115.0M)->0.0B(116.0M) Survivors: 18.0M->17.0M Heap: 292.1M(2048.0M)->294.1M(2048.0M)]
 [Times: user=1.27 sys=0.00, real=0.16 secs] 
2020-09-29T12:30:45.622+0200: 42.880: [GC pause (G1 Evacuation Pause) (young), 0.1678583 secs]
   [Parallel Time: 165.8 ms, GC Workers: 8]
      [GC Worker Start (ms): Min: 42880.6, Avg: 42880.8, Max: 42880.9, Diff: 0.3]
      [Ext Root Scanning (ms): Min: 0.0, Avg: 0.1, Max: 0.3, Diff: 0.3, Sum: 1.1]
      [Update RS (ms): Min: 14.4, Avg: 14.6, Max: 15.0, Diff: 0.6, Sum: 117.0]
         [Processed Buffers: Min: 7, Avg: 9.0, Max: 10, Diff: 3, Sum: 72]
      [Scan RS (ms): Min: 13.4, Avg: 14.3, Max: 16.9, Diff: 3.5, Sum: 114.2]
      [Code Root Scanning (ms): Min: 0.0, Avg: 0.0, Max: 0.0, Diff: 0.0, Sum: 0.0]
      [Object Copy (ms): Min: 133.6, Avg: 136.2, Max: 136.9, Diff: 3.4, Sum: 1089.8]
      [Termination (ms): Min: 0.0, Avg: 0.1, Max: 0.2, Diff: 0.2, Sum: 1.0]
         [Termination Attempts: Min: 1, Avg: 358.1, Max: 458, Diff: 457, Sum: 2865]
      [GC Worker Other (ms): Min: 0.0, Avg: 0.1, Max: 0.1, Diff: 0.1, Sum: 0.4]
      [GC Worker Total (ms): Min: 165.3, Avg: 165.4, Max: 165.6, Diff: 0.3, Sum: 1323.5]
      [GC Worker End (ms): Min: 43046.2, Avg: 43046.2, Max: 43046.3, Diff: 0.1]
   [Code Root Fixup: 0.0 ms]
   [Code Root Purge: 0.0 ms]
   [Clear CT: 0.4 ms]
   [Other: 1.7 ms]
      [Choose CSet: 0.0 ms]
      [Ref Proc: 0.4 ms]
      [Ref Enq: 0.0 ms]
      [Redirty Cards: 0.5 ms]
      [Humongous Register: 0.1 ms]
      [Humongous Reclaim: 0.0 ms]
      [Free CSet: 0.3 ms]
   [Eden: 116.0M(116.0M)->0.0B(118.0M) Survivors: 17.0M->17.0M Heap: 431.0M(2048.0M)->432.5M(2048.0M)]
 [Times: user=1.34 sys=0.00, real=0.17 secs] 
2020-09-29T12:30:45.946+0200: 43.205: [GC pause (G1 Evacuation Pause) (young), 0.1601745 secs]
   [Parallel Time: 155.8 ms, GC Workers: 8]
      [GC Worker Start (ms): Min: 43205.0, Avg: 43205.2, Max: 43205.3, Diff: 0.3]
      [Ext Root Scanning (ms): Min: 0.0, Avg: 0.1, Max: 0.3, Diff: 0.3, Sum: 1.1]
      [Update RS (ms): Min: 16.6, Avg: 17.2, Max: 18.0, Diff: 1.4, Sum: 137.8]
         [Processed Buffers: Min: 9, Avg: 9.9, Max: 11, Diff: 2, Sum: 79]
      [Scan RS (ms): Min: 11.9, Avg: 12.7, Max: 13.3, Diff: 1.4, Sum: 101.9]
      [Code Root Scanning (ms): Min: 0.0, Avg: 0.0, Max: 0.0, Diff: 0.0, Sum: 0.0]
      [Object Copy (ms): Min: 125.0, Avg: 125.1, Max: 125.3, Diff: 0.3, Sum: 1000.8]
      [Termination (ms): Min: 0.0, Avg: 0.1, Max: 0.1, Diff: 0.1, Sum: 0.7]
         [Termination Attempts: Min: 1, Avg: 230.5, Max: 286, Diff: 285, Sum: 1844]
      [GC Worker Other (ms): Min: 0.0, Avg: 0.0, Max: 0.1, Diff: 0.1, Sum: 0.4]
      [GC Worker Total (ms): Min: 155.2, Avg: 155.3, Max: 155.6, Diff: 0.4, Sum: 1242.7]
      [GC Worker End (ms): Min: 43360.5, Avg: 43360.5, Max: 43360.6, Diff: 0.1]
   [Code Root Fixup: 0.0 ms]
   [Code Root Purge: 0.0 ms]
   [Clear CT: 0.5 ms]
   [Other: 3.8 ms]
      [Choose CSet: 0.0 ms]
      [Ref Proc: 0.4 ms]
      [Ref Enq: 0.0 ms]
      [Redirty Cards: 2.9 ms]
      [Humongous Register: 0.1 ms]
      [Humongous Reclaim: 0.0 ms]
      [Free CSet: 0.2 ms]
   [Eden: 118.0M(118.0M)->0.0B(123.0M) Survivors: 17.0M->17.0M Heap: 569.6M(2048.0M)->572.1M(2048.0M)]
 [Times: user=1.23 sys=0.00, real=0.16 secs] 
2020-09-29T12:30:46.263+0200: 43.522: [GC pause (G1 Evacuation Pause) (young), 0.1633971 secs]
   [Parallel Time: 161.7 ms, GC Workers: 8]
      [GC Worker Start (ms): Min: 43521.9, Avg: 43522.1, Max: 43522.2, Diff: 0.3]
      [Ext Root Scanning (ms): Min: 0.0, Avg: 0.1, Max: 0.3, Diff: 0.3, Sum: 1.0]
      [Update RS (ms): Min: 17.6, Avg: 17.7, Max: 17.9, Diff: 0.4, Sum: 141.6]
         [Processed Buffers: Min: 8, Avg: 10.1, Max: 14, Diff: 6, Sum: 81]
      [Scan RS (ms): Min: 14.3, Avg: 14.7, Max: 15.0, Diff: 0.7, Sum: 117.9]
      [Code Root Scanning (ms): Min: 0.0, Avg: 0.0, Max: 0.0, Diff: 0.0, Sum: 0.0]
      [Object Copy (ms): Min: 128.4, Avg: 128.6, Max: 128.9, Diff: 0.5, Sum: 1028.9]
      [Termination (ms): Min: 0.0, Avg: 0.0, Max: 0.0, Diff: 0.0, Sum: 0.3]
         [Termination Attempts: Min: 1, Avg: 82.1, Max: 106, Diff: 105, Sum: 657]
      [GC Worker Other (ms): Min: 0.0, Avg: 0.1, Max: 0.1, Diff: 0.1, Sum: 0.5]
      [GC Worker Total (ms): Min: 161.1, Avg: 161.3, Max: 161.4, Diff: 0.3, Sum: 1290.2]
      [GC Worker End (ms): Min: 43683.3, Avg: 43683.4, Max: 43683.4, Diff: 0.1]
   [Code Root Fixup: 0.0 ms]
   [Code Root Purge: 0.0 ms]
   [Clear CT: 0.3 ms]
   [Other: 1.3 ms]
      [Choose CSet: 0.0 ms]
      [Ref Proc: 0.3 ms]
      [Ref Enq: 0.0 ms]
      [Redirty Cards: 0.4 ms]
      [Humongous Register: 0.1 ms]
      [Humongous Reclaim: 0.0 ms]
      [Free CSet: 0.2 ms]
   [Eden: 123.0M(123.0M)->0.0B(127.0M) Survivors: 17.0M->18.0M Heap: 716.1M(2048.0M)->718.1M(2048.0M)]
 [Times: user=1.25 sys=0.02, real=0.16 secs] 
2020-09-29T12:30:46.588+0200: 43.847: [GC pause (G1 Evacuation Pause) (young), 0.1271812 secs]
   [Parallel Time: 126.3 ms, GC Workers: 8]
      [GC Worker Start (ms): Min: 43846.8, Avg: 43851.0, Max: 43878.4, Diff: 31.6]
      [Ext Root Scanning (ms): Min: 0.0, Avg: 0.2, Max: 0.3, Diff: 0.3, Sum: 1.2]
      [Update RS (ms): Min: 0.0, Avg: 20.5, Max: 24.2, Diff: 24.2, Sum: 163.9]
         [Processed Buffers: Min: 0, Avg: 11.1, Max: 15, Diff: 15, Sum: 89]
      [Scan RS (ms): Min: 7.8, Avg: 17.6, Max: 39.9, Diff: 32.1, Sum: 140.7]
      [Code Root Scanning (ms): Min: 0.0, Avg: 0.0, Max: 0.0, Diff: 0.0, Sum: 0.0]
      [Object Copy (ms): Min: 62.3, Avg: 83.6, Max: 86.8, Diff: 24.5, Sum: 668.9]
      [Termination (ms): Min: 0.0, Avg: 0.1, Max: 0.1, Diff: 0.1, Sum: 0.8]
         [Termination Attempts: Min: 1, Avg: 680.0, Max: 886, Diff: 885, Sum: 5440]
      [GC Worker Other (ms): Min: 0.0, Avg: 0.0, Max: 0.1, Diff: 0.0, Sum: 0.3]
      [GC Worker Total (ms): Min: 94.5, Avg: 122.0, Max: 126.2, Diff: 31.6, Sum: 975.7]
      [GC Worker End (ms): Min: 43972.9, Avg: 43972.9, Max: 43973.0, Diff: 0.0]
   [Code Root Fixup: 0.0 ms]
   [Code Root Purge: 0.0 ms]
   [Clear CT: 0.2 ms]
   [Other: 0.7 ms]
      [Choose CSet: 0.0 ms]
      [Ref Proc: 0.2 ms]
      [Ref Enq: 0.0 ms]
      [Redirty Cards: 0.2 ms]
      [Humongous Register: 0.1 ms]
      [Humongous Reclaim: 0.0 ms]
      [Free CSet: 0.1 ms]
   [Eden: 127.0M(127.0M)->0.0B(134.0M) Survivors: 18.0M->19.0M Heap: 866.1M(2048.0M)->868.6M(2048.0M)]
 [Times: user=0.91 sys=0.02, real=0.13 secs] 
2020-09-29T12:30:46.790+0200: 44.049: [GC pause (G1 Evacuation Pause) (young), 0.0776507 secs]
   [Parallel Time: 76.7 ms, GC Workers: 8]
      [GC Worker Start (ms): Min: 44048.9, Avg: 44049.0, Max: 44049.1, Diff: 0.2]
      [Ext Root Scanning (ms): Min: 0.0, Avg: 0.1, Max: 0.2, Diff: 0.2, Sum: 0.5]
      [Update RS (ms): Min: 8.9, Avg: 9.3, Max: 9.7, Diff: 0.8, Sum: 74.5]
         [Processed Buffers: Min: 9, Avg: 9.8, Max: 11, Diff: 2, Sum: 78]
      [Scan RS (ms): Min: 7.3, Avg: 7.7, Max: 8.1, Diff: 0.8, Sum: 61.7]
      [Code Root Scanning (ms): Min: 0.0, Avg: 0.0, Max: 0.0, Diff: 0.0, Sum: 0.0]
      [Object Copy (ms): Min: 59.2, Avg: 59.3, Max: 59.4, Diff: 0.2, Sum: 474.6]
      [Termination (ms): Min: 0.0, Avg: 0.0, Max: 0.0, Diff: 0.0, Sum: 0.2]
         [Termination Attempts: Min: 1, Avg: 158.4, Max: 235, Diff: 234, Sum: 1267]
      [GC Worker Other (ms): Min: 0.0, Avg: 0.0, Max: 0.1, Diff: 0.0, Sum: 0.2]
      [GC Worker Total (ms): Min: 76.4, Avg: 76.5, Max: 76.6, Diff: 0.2, Sum: 611.7]
      [GC Worker End (ms): Min: 44125.5, Avg: 44125.5, Max: 44125.5, Diff: 0.0]
   [Code Root Fixup: 0.0 ms]
   [Code Root Purge: 0.0 ms]
   [Clear CT: 0.1 ms]
   [Other: 0.8 ms]
      [Choose CSet: 0.0 ms]
      [Ref Proc: 0.2 ms]
      [Ref Enq: 0.0 ms]
      [Redirty Cards: 0.3 ms]
      [Humongous Register: 0.0 ms]
      [Humongous Reclaim: 0.0 ms]
      [Free CSet: 0.1 ms]
   [Eden: 134.0M(134.0M)->0.0B(160.0M) Survivors: 19.0M->20.0M Heap: 1023.6M(2048.0M)->1026.1M(2048.0M)]
 [Times: user=0.61 sys=0.00, real=0.08 secs] 
2020-09-29T12:30:46.870+0200: 44.129: [GC pause (G1 Humongous Allocation) (young) (initial-mark), 0.0317211 secs]
   [Parallel Time: 29.5 ms, GC Workers: 8]
      [GC Worker Start (ms): Min: 44129.1, Avg: 44129.2, Max: 44129.2, Diff: 0.1]
      [Ext Root Scanning (ms): Min: 0.0, Avg: 0.1, Max: 0.1, Diff: 0.1, Sum: 0.6]
      [Update RS (ms): Min: 19.1, Avg: 19.2, Max: 19.5, Diff: 0.5, Sum: 154.0]
         [Processed Buffers: Min: 20, Avg: 22.4, Max: 24, Diff: 4, Sum: 179]
      [Scan RS (ms): Min: 0.6, Avg: 0.9, Max: 1.1, Diff: 0.5, Sum: 7.0]
      [Code Root Scanning (ms): Min: 0.0, Avg: 0.0, Max: 0.0, Diff: 0.0, Sum: 0.0]
      [Object Copy (ms): Min: 9.1, Avg: 9.1, Max: 9.1, Diff: 0.0, Sum: 72.7]
      [Termination (ms): Min: 0.0, Avg: 0.0, Max: 0.0, Diff: 0.0, Sum: 0.1]
         [Termination Attempts: Min: 1, Avg: 87.0, Max: 116, Diff: 115, Sum: 696]
      [GC Worker Other (ms): Min: 0.0, Avg: 0.0, Max: 0.0, Diff: 0.0, Sum: 0.1]
      [GC Worker Total (ms): Min: 29.3, Avg: 29.3, Max: 29.4, Diff: 0.1, Sum: 234.5]
      [GC Worker End (ms): Min: 44158.5, Avg: 44158.5, Max: 44158.5, Diff: 0.0]
   [Code Root Fixup: 0.0 ms]
   [Code Root Purge: 0.0 ms]
   [Clear CT: 0.2 ms]
   [Other: 2.0 ms]
      [Choose CSet: 0.0 ms]
      [Ref Proc: 0.4 ms]
      [Ref Enq: 0.0 ms]
      [Redirty Cards: 1.4 ms]
      [Humongous Register: 0.0 ms]
      [Humongous Reclaim: 0.0 ms]
      [Free CSet: 0.0 ms]
   [Eden: 1024.0K(160.0M)->0.0B(220.0M) Survivors: 20.0M->2048.0K Heap: 1026.6M(2048.0M)->1029.6M(2048.0M)]
 [Times: user=0.25 sys=0.00, real=0.03 secs] 
2020-09-29T12:30:46.902+0200: 44.161: [GC concurrent-root-region-scan-start]
2020-09-29T12:30:46.902+0200: 44.161: [GC concurrent-root-region-scan-end, 0.0002709 secs]
2020-09-29T12:30:46.902+0200: 44.161: [GC concurrent-mark-start]
2020-09-29T12:30:46.905+0200: 44.163: [GC concurrent-mark-end, 0.0024010 secs]
2020-09-29T12:30:46.905+0200: 44.164: [GC remark 2020-09-29T12:30:46.905+0200: 44.164: [Finalize Marking, 0.0009382 secs] 2020-09-29T12:30:46.906+0200: 44.165: [GC ref-proc, 0.0002809 secs] 2020-09-29T12:30:46.906+0200: 44.165: [Unloading, 0.0007174 secs], 0.0021980 secs]
 [Times: user=0.00 sys=0.00, real=0.00 secs] 
2020-09-29T12:30:46.908+0200: 44.166: [GC cleanup 1033M->15M(2048M), 0.0010816 secs]
 [Times: user=0.00 sys=0.00, real=0.00 secs] 
2020-09-29T12:30:46.909+0200: 44.168: [GC concurrent-cleanup-start]
2020-09-29T12:30:46.910+0200: 44.169: [GC concurrent-cleanup-end, 0.0011429 secs]
2020-09-29T12:30:47.029+0200: 44.288: [GC pause (G1 Evacuation Pause) (young), 0.1067591 secs]
   [Parallel Time: 101.5 ms, GC Workers: 8]
      [GC Worker Start (ms): Min: 44288.5, Avg: 44288.6, Max: 44288.6, Diff: 0.2]
      [Ext Root Scanning (ms): Min: 0.0, Avg: 0.1, Max: 0.2, Diff: 0.2, Sum: 0.5]
      [Update RS (ms): Min: 8.3, Avg: 8.5, Max: 8.9, Diff: 0.6, Sum: 68.0]
         [Processed Buffers: Min: 10, Avg: 11.4, Max: 14, Diff: 4, Sum: 91]
      [Scan RS (ms): Min: 11.7, Avg: 12.1, Max: 12.3, Diff: 0.6, Sum: 96.7]
      [Code Root Scanning (ms): Min: 0.0, Avg: 0.0, Max: 0.0, Diff: 0.0, Sum: 0.0]
      [Object Copy (ms): Min: 80.6, Avg: 80.6, Max: 80.6, Diff: 0.1, Sum: 644.9]
      [Termination (ms): Min: 0.0, Avg: 0.0, Max: 0.0, Diff: 0.0, Sum: 0.1]
         [Termination Attempts: Min: 1, Avg: 42.9, Max: 60, Diff: 59, Sum: 343]
      [GC Worker Other (ms): Min: 0.0, Avg: 0.0, Max: 0.0, Diff: 0.0, Sum: 0.2]
      [GC Worker Total (ms): Min: 101.2, Avg: 101.3, Max: 101.4, Diff: 0.2, Sum: 810.4]
      [GC Worker End (ms): Min: 44389.9, Avg: 44389.9, Max: 44389.9, Diff: 0.0]
   [Code Root Fixup: 0.0 ms]
   [Code Root Purge: 0.0 ms]
   [Clear CT: 0.3 ms]
   [Other: 4.9 ms]
      [Choose CSet: 0.0 ms]
      [Ref Proc: 0.2 ms]
      [Ref Enq: 0.0 ms]
      [Redirty Cards: 2.6 ms]
      [Humongous Register: 0.0 ms]
      [Humongous Reclaim: 0.0 ms]
      [Free CSet: 1.9 ms]
   [Eden: 220.0M(220.0M)->0.0B(207.0M) Survivors: 2048.0K->28.0M Heap: 269.6M(2048.0M)->270.1M(2048.0M)]
 [Times: user=0.88 sys=0.00, real=0.11 secs] 
2020-09-29T12:30:47.248+0200: 44.507: [GC pause (G1 Evacuation Pause) (young), 0.1141173 secs]
   [Parallel Time: 112.3 ms, GC Workers: 8]
      [GC Worker Start (ms): Min: 44507.5, Avg: 44507.6, Max: 44507.6, Diff: 0.1]
      [Ext Root Scanning (ms): Min: 0.0, Avg: 0.1, Max: 0.1, Diff: 0.1, Sum: 0.5]
      [Update RS (ms): Min: 10.4, Avg: 10.5, Max: 10.7, Diff: 0.3, Sum: 84.0]
         [Processed Buffers: Min: 12, Avg: 13.8, Max: 15, Diff: 3, Sum: 110]
      [Scan RS (ms): Min: 11.0, Avg: 11.1, Max: 11.3, Diff: 0.3, Sum: 88.9]
      [Code Root Scanning (ms): Min: 0.0, Avg: 0.0, Max: 0.0, Diff: 0.0, Sum: 0.0]
      [Object Copy (ms): Min: 90.1, Avg: 90.3, Max: 90.4, Diff: 0.3, Sum: 722.4]
      [Termination (ms): Min: 0.0, Avg: 0.1, Max: 0.1, Diff: 0.1, Sum: 0.4]
         [Termination Attempts: Min: 1, Avg: 342.0, Max: 474, Diff: 473, Sum: 2736]
      [GC Worker Other (ms): Min: 0.0, Avg: 0.0, Max: 0.1, Diff: 0.0, Sum: 0.3]
      [GC Worker Total (ms): Min: 112.0, Avg: 112.1, Max: 112.1, Diff: 0.1, Sum: 896.5]
      [GC Worker End (ms): Min: 44619.6, Avg: 44619.6, Max: 44619.6, Diff: 0.0]
   [Code Root Fixup: 0.0 ms]
   [Code Root Purge: 0.0 ms]
   [Clear CT: 0.4 ms]
   [Other: 1.5 ms]
      [Choose CSet: 0.0 ms]
      [Ref Proc: 0.8 ms]
      [Ref Enq: 0.0 ms]
      [Redirty Cards: 0.4 ms]
      [Humongous Register: 0.0 ms]
      [Humongous Reclaim: 0.0 ms]
      [Free CSet: 0.1 ms]
   [Eden: 207.0M(207.0M)->0.0B(222.0M) Survivors: 28.0M->30.0M Heap: 511.5M(2048.0M)->513.5M(2048.0M)]
 [Times: user=0.88 sys=0.00, real=0.12 secs] 
2020-09-29T12:30:47.482+0200: 44.741: [GC pause (G1 Evacuation Pause) (young), 0.1270703 secs]
   [Parallel Time: 126.0 ms, GC Workers: 8]
      [GC Worker Start (ms): Min: 44740.9, Avg: 44741.0, Max: 44741.1, Diff: 0.2]
      [Ext Root Scanning (ms): Min: 0.0, Avg: 0.1, Max: 0.2, Diff: 0.2, Sum: 0.5]
      [Update RS (ms): Min: 11.4, Avg: 12.0, Max: 14.1, Diff: 2.7, Sum: 96.1]
         [Processed Buffers: Min: 8, Avg: 13.8, Max: 16, Diff: 8, Sum: 110]
      [Scan RS (ms): Min: 9.7, Avg: 11.6, Max: 12.1, Diff: 2.5, Sum: 92.7]
      [Code Root Scanning (ms): Min: 0.0, Avg: 0.0, Max: 0.0, Diff: 0.0, Sum: 0.0]
      [Object Copy (ms): Min: 101.7, Avg: 102.0, Max: 102.2, Diff: 0.4, Sum: 815.8]
      [Termination (ms): Min: 0.0, Avg: 0.1, Max: 0.2, Diff: 0.2, Sum: 1.1]
         [Termination Attempts: Min: 1, Avg: 891.6, Max: 1160, Diff: 1159, Sum: 7133]
      [GC Worker Other (ms): Min: 0.0, Avg: 0.0, Max: 0.1, Diff: 0.0, Sum: 0.3]
      [GC Worker Total (ms): Min: 125.7, Avg: 125.8, Max: 125.9, Diff: 0.2, Sum: 1006.4]
      [GC Worker End (ms): Min: 44866.8, Avg: 44866.8, Max: 44866.8, Diff: 0.0]
   [Code Root Fixup: 0.0 ms]
   [Code Root Purge: 0.0 ms]
   [Clear CT: 0.1 ms]
   [Other: 0.9 ms]
      [Choose CSet: 0.0 ms]
      [Ref Proc: 0.1 ms]
      [Ref Enq: 0.0 ms]
      [Redirty Cards: 0.2 ms]
      [Humongous Register: 0.0 ms]
      [Humongous Reclaim: 0.0 ms]
      [Free CSet: 0.3 ms]
   [Eden: 222.0M(222.0M)->0.0B(246.0M) Survivors: 30.0M->32.0M Heap: 771.7M(2048.0M)->774.2M(2048.0M)]
 [Times: user=0.98 sys=0.02, real=0.13 secs] 
2020-09-29T12:30:47.753+0200: 45.012: [GC pause (G1 Evacuation Pause) (young), 0.1376519 secs]
   [Parallel Time: 136.0 ms, GC Workers: 8]
      [GC Worker Start (ms): Min: 45012.4, Avg: 45012.5, Max: 45012.6, Diff: 0.2]
      [Ext Root Scanning (ms): Min: 0.0, Avg: 0.1, Max: 0.2, Diff: 0.2, Sum: 0.5]
      [Update RS (ms): Min: 15.7, Avg: 15.8, Max: 15.9, Diff: 0.1, Sum: 126.2]
         [Processed Buffers: Min: 17, Avg: 18.6, Max: 21, Diff: 4, Sum: 149]
      [Scan RS (ms): Min: 13.1, Avg: 13.1, Max: 13.2, Diff: 0.2, Sum: 105.1]
      [Code Root Scanning (ms): Min: 0.0, Avg: 0.0, Max: 0.0, Diff: 0.0, Sum: 0.0]
      [Object Copy (ms): Min: 106.6, Avg: 106.7, Max: 106.8, Diff: 0.2, Sum: 853.9]
      [Termination (ms): Min: 0.0, Avg: 0.1, Max: 0.1, Diff: 0.1, Sum: 0.8]
         [Termination Attempts: Min: 1, Avg: 706.4, Max: 897, Diff: 896, Sum: 5651]
      [GC Worker Other (ms): Min: 0.0, Avg: 0.0, Max: 0.1, Diff: 0.1, Sum: 0.3]
      [GC Worker Total (ms): Min: 135.8, Avg: 135.9, Max: 136.0, Diff: 0.2, Sum: 1086.8]
      [GC Worker End (ms): Min: 45148.3, Avg: 45148.4, Max: 45148.4, Diff: 0.1]
   [Code Root Fixup: 0.0 ms]
   [Code Root Purge: 0.0 ms]
   [Clear CT: 0.7 ms]
   [Other: 0.9 ms]
      [Choose CSet: 0.0 ms]
      [Ref Proc: 0.2 ms]
      [Ref Enq: 0.0 ms]
      [Redirty Cards: 0.2 ms]
      [Humongous Register: 0.0 ms]
      [Humongous Reclaim: 0.0 ms]
      [Free CSet: 0.3 ms]
   [Eden: 246.0M(246.0M)->0.0B(258.0M) Survivors: 32.0M->35.0M Heap: 1062.2M(2048.0M)->1064.2M(2048.0M)]
 [Times: user=1.06 sys=0.01, real=0.14 secs] 
2020-09-29T12:30:47.907+0200: 45.166: [GC pause (G1 Humongous Allocation) (young) (initial-mark), 0.0506531 secs]
   [Parallel Time: 49.7 ms, GC Workers: 8]
      [GC Worker Start (ms): Min: 45166.0, Avg: 45166.1, Max: 45166.2, Diff: 0.2]
      [Ext Root Scanning (ms): Min: 0.0, Avg: 1.2, Max: 7.8, Diff: 7.8, Sum: 9.4]
      [Update RS (ms): Min: 15.7, Avg: 23.0, Max: 25.4, Diff: 9.7, Sum: 184.1]
         [Processed Buffers: Min: 17, Avg: 26.0, Max: 28, Diff: 11, Sum: 208]
      [Scan RS (ms): Min: 1.0, Avg: 2.4, Max: 3.0, Diff: 2.0, Sum: 19.4]
      [Code Root Scanning (ms): Min: 0.0, Avg: 0.0, Max: 0.0, Diff: 0.0, Sum: 0.0]
      [Object Copy (ms): Min: 22.8, Avg: 22.8, Max: 22.9, Diff: 0.1, Sum: 182.3]
      [Termination (ms): Min: 0.0, Avg: 0.1, Max: 0.1, Diff: 0.1, Sum: 0.7]
         [Termination Attempts: Min: 1, Avg: 617.8, Max: 774, Diff: 773, Sum: 4942]
      [GC Worker Other (ms): Min: 0.0, Avg: 0.0, Max: 0.0, Diff: 0.0, Sum: 0.1]
      [GC Worker Total (ms): Min: 49.4, Avg: 49.5, Max: 49.6, Diff: 0.2, Sum: 396.0]
      [GC Worker End (ms): Min: 45215.6, Avg: 45215.6, Max: 45215.6, Diff: 0.0]
   [Code Root Fixup: 0.0 ms]
   [Code Root Purge: 0.0 ms]
   [Clear CT: 0.2 ms]
   [Other: 0.7 ms]
      [Choose CSet: 0.0 ms]
      [Ref Proc: 0.1 ms]
      [Ref Enq: 0.0 ms]
      [Redirty Cards: 0.2 ms]
      [Humongous Register: 0.1 ms]
      [Humongous Reclaim: 0.0 ms]
      [Free CSet: 0.1 ms]
   [Eden: 10.0M(258.0M)->0.0B(286.0M) Survivors: 35.0M->12.0M Heap: 1073.7M(2048.0M)->1077.2M(2048.0M)]
 [Times: user=0.36 sys=0.00, real=0.05 secs] 
2020-09-29T12:30:47.958+0200: 45.217: [GC concurrent-root-region-scan-start]
2020-09-29T12:30:47.961+0200: 45.220: [GC concurrent-root-region-scan-end, 0.0032569 secs]
2020-09-29T12:30:47.961+0200: 45.220: [GC concurrent-mark-start]
2020-09-29T12:30:47.965+0200: 45.224: [GC concurrent-mark-end, 0.0038648 secs]
2020-09-29T12:30:47.965+0200: 45.224: [GC remark 2020-09-29T12:30:47.965+0200: 45.224: [Finalize Marking, 0.0001545 secs] 2020-09-29T12:30:47.965+0200: 45.224: [GC ref-proc, 0.0004402 secs] 2020-09-29T12:30:47.966+0200: 45.225: [Unloading, 0.0005511 secs], 0.0015586 secs]
 [Times: user=0.00 sys=0.00, real=0.00 secs] 
2020-09-29T12:30:47.967+0200: 45.226: [GC cleanup 1090M->34M(2048M), 0.0013852 secs]
 [Times: user=0.00 sys=0.00, real=0.00 secs] 
2020-09-29T12:30:47.968+0200: 45.227: [GC concurrent-cleanup-start]
2020-09-29T12:30:47.971+0200: 45.230: [GC concurrent-cleanup-end, 0.0027159 secs]
2020-09-29T12:30:48.132+0200: 45.391: [GC pause (G1 Evacuation Pause) (young), 0.1311620 secs]
   [Parallel Time: 130.1 ms, GC Workers: 8]
      [GC Worker Start (ms): Min: 45391.2, Avg: 45391.4, Max: 45391.4, Diff: 0.2]
      [Ext Root Scanning (ms): Min: 0.0, Avg: 0.1, Max: 0.2, Diff: 0.2, Sum: 0.4]
      [Update RS (ms): Min: 11.1, Avg: 11.4, Max: 11.8, Diff: 0.7, Sum: 91.5]
         [Processed Buffers: Min: 13, Avg: 13.6, Max: 14, Diff: 1, Sum: 109]
      [Scan RS (ms): Min: 12.9, Avg: 13.2, Max: 13.5, Diff: 0.7, Sum: 105.9]
      [Code Root Scanning (ms): Min: 0.0, Avg: 0.0, Max: 0.0, Diff: 0.0, Sum: 0.0]
      [Object Copy (ms): Min: 105.0, Avg: 105.0, Max: 105.1, Diff: 0.1, Sum: 840.1]
      [Termination (ms): Min: 0.0, Avg: 0.1, Max: 0.1, Diff: 0.1, Sum: 0.4]
         [Termination Attempts: Min: 1, Avg: 379.0, Max: 458, Diff: 457, Sum: 3032]
      [GC Worker Other (ms): Min: 0.0, Avg: 0.0, Max: 0.1, Diff: 0.1, Sum: 0.3]
      [GC Worker Total (ms): Min: 129.8, Avg: 129.8, Max: 130.0, Diff: 0.2, Sum: 1038.8]
      [GC Worker End (ms): Min: 45521.2, Avg: 45521.2, Max: 45521.2, Diff: 0.1]
   [Code Root Fixup: 0.0 ms]
   [Code Root Purge: 0.0 ms]
   [Clear CT: 0.2 ms]
   [Other: 0.8 ms]
      [Choose CSet: 0.0 ms]
      [Ref Proc: 0.2 ms]
      [Ref Enq: 0.0 ms]
      [Redirty Cards: 0.2 ms]
      [Humongous Register: 0.0 ms]
      [Humongous Reclaim: 0.0 ms]
      [Free CSet: 0.2 ms]
   [Eden: 286.0M(286.0M)->0.0B(283.0M) Survivors: 12.0M->38.0M Heap: 355.2M(2048.0M)->345.2M(2048.0M)]
 [Times: user=1.00 sys=0.00, real=0.13 secs] 
2020-09-29T12:30:48.417+0200: 45.676: [GC pause (G1 Evacuation Pause) (young), 0.1556919 secs]
   [Parallel Time: 154.5 ms, GC Workers: 8]
      [GC Worker Start (ms): Min: 45676.2, Avg: 45676.3, Max: 45676.3, Diff: 0.1]
      [Ext Root Scanning (ms): Min: 0.0, Avg: 0.1, Max: 0.1, Diff: 0.1, Sum: 0.6]
      [Update RS (ms): Min: 11.5, Avg: 11.7, Max: 11.8, Diff: 0.3, Sum: 93.4]
         [Processed Buffers: Min: 14, Avg: 14.6, Max: 16, Diff: 2, Sum: 117]
      [Scan RS (ms): Min: 16.5, Avg: 16.7, Max: 17.2, Diff: 0.7, Sum: 133.6]
      [Code Root Scanning (ms): Min: 0.0, Avg: 0.0, Max: 0.0, Diff: 0.0, Sum: 0.0]
      [Object Copy (ms): Min: 125.3, Avg: 125.6, Max: 125.8, Diff: 0.6, Sum: 1005.0]
      [Termination (ms): Min: 0.0, Avg: 0.1, Max: 0.2, Diff: 0.2, Sum: 1.1]
         [Termination Attempts: Min: 1, Avg: 974.6, Max: 1162, Diff: 1161, Sum: 7797]
      [GC Worker Other (ms): Min: 0.0, Avg: 0.0, Max: 0.1, Diff: 0.1, Sum: 0.4]
      [GC Worker Total (ms): Min: 154.2, Avg: 154.3, Max: 154.4, Diff: 0.2, Sum: 1234.2]
      [GC Worker End (ms): Min: 45830.5, Avg: 45830.5, Max: 45830.6, Diff: 0.1]
   [Code Root Fixup: 0.0 ms]
   [Code Root Purge: 0.0 ms]
   [Clear CT: 0.2 ms]
   [Other: 1.0 ms]
      [Choose CSet: 0.0 ms]
      [Ref Proc: 0.2 ms]
      [Ref Enq: 0.0 ms]
      [Redirty Cards: 0.2 ms]
      [Humongous Register: 0.0 ms]
      [Humongous Reclaim: 0.0 ms]
      [Free CSet: 0.3 ms]
   [Eden: 283.0M(283.0M)->0.0B(285.0M) Survivors: 38.0M->41.0M Heap: 675.9M(2048.0M)->678.4M(2048.0M)]
 [Times: user=1.23 sys=0.01, real=0.16 secs] 
2020-09-29T12:30:48.738+0200: 45.997: [GC pause (G1 Evacuation Pause) (young), 0.1805525 secs]
   [Parallel Time: 178.6 ms, GC Workers: 8]
      [GC Worker Start (ms): Min: 45997.1, Avg: 45997.3, Max: 45997.3, Diff: 0.2]
      [Ext Root Scanning (ms): Min: 0.0, Avg: 0.1, Max: 0.2, Diff: 0.2, Sum: 0.5]
      [Update RS (ms): Min: 18.4, Avg: 18.5, Max: 18.9, Diff: 0.5, Sum: 148.0]
         [Processed Buffers: Min: 20, Avg: 20.6, Max: 22, Diff: 2, Sum: 165]
      [Scan RS (ms): Min: 16.3, Avg: 16.6, Max: 16.7, Diff: 0.5, Sum: 132.6]
      [Code Root Scanning (ms): Min: 0.0, Avg: 0.0, Max: 0.0, Diff: 0.0, Sum: 0.0]
      [Object Copy (ms): Min: 143.0, Avg: 143.1, Max: 143.2, Diff: 0.2, Sum: 1144.6]
      [Termination (ms): Min: 0.0, Avg: 0.1, Max: 0.2, Diff: 0.2, Sum: 1.0]
         [Termination Attempts: Min: 1, Avg: 847.3, Max: 1070, Diff: 1069, Sum: 6778]
      [GC Worker Other (ms): Min: 0.0, Avg: 0.1, Max: 0.1, Diff: 0.1, Sum: 0.4]
      [GC Worker Total (ms): Min: 178.3, Avg: 178.4, Max: 178.5, Diff: 0.1, Sum: 1427.1]
      [GC Worker End (ms): Min: 46175.6, Avg: 46175.6, Max: 46175.7, Diff: 0.1]
   [Code Root Fixup: 0.0 ms]
   [Code Root Purge: 0.0 ms]
   [Clear CT: 0.9 ms]
   [Other: 1.1 ms]
      [Choose CSet: 0.0 ms]
      [Ref Proc: 0.4 ms]
      [Ref Enq: 0.0 ms]
      [Redirty Cards: 0.3 ms]
      [Humongous Register: 0.0 ms]
      [Humongous Reclaim: 0.0 ms]
      [Free CSet: 0.2 ms]
   [Eden: 285.0M(285.0M)->0.0B(279.0M) Survivors: 41.0M->41.0M Heap: 1011.1M(2048.0M)->1013.6M(2048.0M)]
 [Times: user=1.42 sys=0.02, real=0.18 secs] 
2020-09-29T12:30:48.929+0200: 46.188: [GC pause (G1 Humongous Allocation) (young) (initial-mark), 0.0593318 secs]
   [Parallel Time: 58.2 ms, GC Workers: 8]
      [GC Worker Start (ms): Min: 46188.5, Avg: 46188.6, Max: 46188.6, Diff: 0.1]
      [Ext Root Scanning (ms): Min: 0.0, Avg: 0.1, Max: 0.1, Diff: 0.1, Sum: 0.6]
      [Update RS (ms): Min: 36.5, Avg: 36.9, Max: 37.2, Diff: 0.7, Sum: 294.9]
         [Processed Buffers: Min: 40, Avg: 41.3, Max: 43, Diff: 3, Sum: 330]
      [Scan RS (ms): Min: 2.5, Avg: 2.8, Max: 3.1, Diff: 0.6, Sum: 22.4]
      [Code Root Scanning (ms): Min: 0.0, Avg: 0.0, Max: 0.0, Diff: 0.0, Sum: 0.0]
      [Object Copy (ms): Min: 18.1, Avg: 18.2, Max: 18.3, Diff: 0.2, Sum: 145.8]
      [Termination (ms): Min: 0.0, Avg: 0.0, Max: 0.0, Diff: 0.0, Sum: 0.2]
         [Termination Attempts: Min: 1, Avg: 185.9, Max: 273, Diff: 272, Sum: 1487]
      [GC Worker Other (ms): Min: 0.0, Avg: 0.0, Max: 0.0, Diff: 0.0, Sum: 0.1]
      [GC Worker Total (ms): Min: 57.9, Avg: 58.0, Max: 58.1, Diff: 0.1, Sum: 464.1]
      [GC Worker End (ms): Min: 46246.6, Avg: 46246.6, Max: 46246.6, Diff: 0.0]
   [Code Root Fixup: 0.0 ms]
   [Code Root Purge: 0.0 ms]
   [Clear CT: 0.5 ms]
   [Other: 0.6 ms]
      [Choose CSet: 0.0 ms]
      [Ref Proc: 0.1 ms]
      [Ref Enq: 0.0 ms]
      [Redirty Cards: 0.2 ms]
      [Humongous Register: 0.0 ms]
      [Humongous Reclaim: 0.0 ms]
      [Free CSet: 0.1 ms]
   [Eden: 5120.0K(279.0M)->0.0B(321.0M) Survivors: 41.0M->7168.0K Heap: 1018.1M(2048.0M)->1022.1M(2048.0M)]
 [Times: user=0.39 sys=0.00, real=0.06 secs] 
2020-09-29T12:30:48.989+0200: 46.248: [GC concurrent-root-region-scan-start]
2020-09-29T12:30:48.990+0200: 46.249: [GC concurrent-root-region-scan-end, 0.0013219 secs]
2020-09-29T12:30:48.990+0200: 46.249: [GC concurrent-mark-start]
2020-09-29T12:30:48.994+0200: 46.253: [GC concurrent-mark-end, 0.0035134 secs]
2020-09-29T12:30:48.994+0200: 46.253: [GC remark 2020-09-29T12:30:48.994+0200: 46.253: [Finalize Marking, 0.0002018 secs] 2020-09-29T12:30:48.994+0200: 46.253: [GC ref-proc, 0.0002913 secs] 2020-09-29T12:30:48.994+0200: 46.253: [Unloading, 0.0004579 secs], 0.0012944 secs]
 [Times: user=0.00 sys=0.00, real=0.00 secs] 
2020-09-29T12:30:48.995+0200: 46.254: [GC cleanup 1032M->27M(2048M), 0.0012227 secs]
 [Times: user=0.00 sys=0.00, real=0.00 secs] 
2020-09-29T12:30:48.997+0200: 46.256: [GC concurrent-cleanup-start]
2020-09-29T12:30:48.998+0200: 46.257: [GC concurrent-cleanup-end, 0.0011946 secs]
2020-09-29T12:30:49.157+0200: 46.416: [GC pause (G1 Evacuation Pause) (young), 0.1563781 secs]
   [Parallel Time: 155.0 ms, GC Workers: 8]
      [GC Worker Start (ms): Min: 46416.6, Avg: 46416.6, Max: 46416.7, Diff: 0.1]
      [Ext Root Scanning (ms): Min: 0.0, Avg: 0.1, Max: 0.1, Diff: 0.1, Sum: 0.6]
      [Update RS (ms): Min: 14.0, Avg: 14.1, Max: 14.2, Diff: 0.2, Sum: 112.6]
         [Processed Buffers: Min: 15, Avg: 16.6, Max: 19, Diff: 4, Sum: 133]
      [Scan RS (ms): Min: 21.4, Avg: 21.6, Max: 21.7, Diff: 0.3, Sum: 172.7]
      [Code Root Scanning (ms): Min: 0.0, Avg: 0.0, Max: 0.0, Diff: 0.0, Sum: 0.0]
      [Object Copy (ms): Min: 118.9, Avg: 119.0, Max: 119.1, Diff: 0.2, Sum: 952.2]
      [Termination (ms): Min: 0.0, Avg: 0.0, Max: 0.0, Diff: 0.0, Sum: 0.0]
         [Termination Attempts: Min: 1, Avg: 28.0, Max: 38, Diff: 37, Sum: 224]
      [GC Worker Other (ms): Min: 0.0, Avg: 0.0, Max: 0.0, Diff: 0.0, Sum: 0.2]
      [GC Worker Total (ms): Min: 154.7, Avg: 154.8, Max: 154.9, Diff: 0.1, Sum: 1238.4]
      [GC Worker End (ms): Min: 46571.4, Avg: 46571.4, Max: 46571.4, Diff: 0.0]
   [Code Root Fixup: 0.0 ms]
   [Code Root Purge: 0.0 ms]
   [Clear CT: 0.2 ms]
   [Other: 1.1 ms]
      [Choose CSet: 0.0 ms]
      [Ref Proc: 0.2 ms]
      [Ref Enq: 0.0 ms]
      [Redirty Cards: 0.5 ms]
      [Humongous Register: 0.0 ms]
      [Humongous Reclaim: 0.0 ms]
      [Free CSet: 0.2 ms]
   [Eden: 321.0M(321.0M)->0.0B(297.0M) Survivors: 7168.0K->41.0M Heap: 392.8M(2048.0M)->388.8M(2048.0M)]
 [Times: user=1.17 sys=0.06, real=0.16 secs] 
2020-09-29T12:30:49.481+0200: 46.740: [GC pause (G1 Evacuation Pause) (young), 0.1815982 secs]
   [Parallel Time: 180.0 ms, GC Workers: 8]
      [GC Worker Start (ms): Min: 46740.2, Avg: 46740.3, Max: 46740.4, Diff: 0.2]
      [Ext Root Scanning (ms): Min: 0.0, Avg: 0.1, Max: 0.2, Diff: 0.2, Sum: 0.5]
      [Update RS (ms): Min: 19.9, Avg: 20.2, Max: 20.7, Diff: 0.8, Sum: 161.6]
         [Processed Buffers: Min: 12, Avg: 19.1, Max: 22, Diff: 10, Sum: 153]
      [Scan RS (ms): Min: 19.2, Avg: 19.7, Max: 20.0, Diff: 0.8, Sum: 157.3]
      [Code Root Scanning (ms): Min: 0.0, Avg: 0.0, Max: 0.0, Diff: 0.0, Sum: 0.0]
      [Object Copy (ms): Min: 139.6, Avg: 139.8, Max: 139.9, Diff: 0.2, Sum: 1118.2]
      [Termination (ms): Min: 0.0, Avg: 0.0, Max: 0.0, Diff: 0.0, Sum: 0.2]
         [Termination Attempts: Min: 1, Avg: 171.0, Max: 208, Diff: 207, Sum: 1368]
      [GC Worker Other (ms): Min: 0.0, Avg: 0.0, Max: 0.1, Diff: 0.1, Sum: 0.3]
      [GC Worker Total (ms): Min: 179.7, Avg: 179.8, Max: 179.9, Diff: 0.2, Sum: 1438.2]
      [GC Worker End (ms): Min: 46920.0, Avg: 46920.1, Max: 46920.1, Diff: 0.1]
   [Code Root Fixup: 0.0 ms]
   [Code Root Purge: 0.0 ms]
   [Clear CT: 0.4 ms]
   [Other: 1.2 ms]
      [Choose CSet: 0.0 ms]
      [Ref Proc: 0.2 ms]
      [Ref Enq: 0.0 ms]
      [Redirty Cards: 0.4 ms]
      [Humongous Register: 0.0 ms]
      [Humongous Reclaim: 0.0 ms]
      [Free CSet: 0.3 ms]
   [Eden: 297.0M(297.0M)->0.0B(283.0M) Survivors: 41.0M->43.0M Heap: 733.5M(2048.0M)->735.0M(2048.0M)]
 [Times: user=1.44 sys=0.05, real=0.18 secs] 
2020-09-29T12:30:49.846+0200: 47.105: [GC pause (G1 Evacuation Pause) (young), 0.1537441 secs]
   [Parallel Time: 152.6 ms, GC Workers: 8]
      [GC Worker Start (ms): Min: 47105.3, Avg: 47105.4, Max: 47105.5, Diff: 0.2]
      [Ext Root Scanning (ms): Min: 0.0, Avg: 0.1, Max: 0.2, Diff: 0.2, Sum: 0.5]
      [Update RS (ms): Min: 16.6, Avg: 16.9, Max: 17.1, Diff: 0.5, Sum: 134.8]
         [Processed Buffers: Min: 19, Avg: 20.3, Max: 22, Diff: 3, Sum: 162]
      [Scan RS (ms): Min: 14.1, Avg: 14.4, Max: 14.6, Diff: 0.5, Sum: 114.9]
      [Code Root Scanning (ms): Min: 0.0, Avg: 0.0, Max: 0.0, Diff: 0.0, Sum: 0.0]
      [Object Copy (ms): Min: 120.7, Avg: 120.9, Max: 121.0, Diff: 0.2, Sum: 967.1]
      [Termination (ms): Min: 0.0, Avg: 0.1, Max: 0.1, Diff: 0.1, Sum: 0.5]
         [Termination Attempts: Min: 1, Avg: 514.1, Max: 606, Diff: 605, Sum: 4113]
      [GC Worker Other (ms): Min: 0.0, Avg: 0.0, Max: 0.1, Diff: 0.0, Sum: 0.2]
      [GC Worker Total (ms): Min: 152.2, Avg: 152.3, Max: 152.4, Diff: 0.2, Sum: 1218.2]
      [GC Worker End (ms): Min: 47257.7, Avg: 47257.7, Max: 47257.7, Diff: 0.0]
   [Code Root Fixup: 0.0 ms]
   [Code Root Purge: 0.0 ms]
   [Clear CT: 0.2 ms]
   [Other: 1.0 ms]
      [Choose CSet: 0.0 ms]
      [Ref Proc: 0.1 ms]
      [Ref Enq: 0.0 ms]
      [Redirty Cards: 0.3 ms]
      [Humongous Register: 0.0 ms]
      [Humongous Reclaim: 0.0 ms]
      [Free CSet: 0.3 ms]
   [Eden: 283.0M(283.0M)->0.0B(299.0M) Survivors: 43.0M->41.0M Heap: 1065.7M(2048.0M)->1067.2M(2048.0M)]
 [Times: user=1.25 sys=0.00, real=0.15 secs] 
2020-09-29T12:30:50.010+0200: 47.269: [GC pause (G1 Humongous Allocation) (young) (initial-mark), 0.0540439 secs]
   [Parallel Time: 53.1 ms, GC Workers: 8]
      [GC Worker Start (ms): Min: 47269.3, Avg: 47269.4, Max: 47269.4, Diff: 0.1]
      [Ext Root Scanning (ms): Min: 0.0, Avg: 0.1, Max: 0.1, Diff: 0.1, Sum: 0.7]
      [Update RS (ms): Min: 32.2, Avg: 32.5, Max: 32.8, Diff: 0.5, Sum: 259.7]
         [Processed Buffers: Min: 35, Avg: 38.1, Max: 40, Diff: 5, Sum: 305]
      [Scan RS (ms): Min: 2.1, Avg: 2.5, Max: 2.7, Diff: 0.6, Sum: 19.8]
      [Code Root Scanning (ms): Min: 0.0, Avg: 0.0, Max: 0.0, Diff: 0.0, Sum: 0.0]
      [Object Copy (ms): Min: 17.8, Avg: 17.8, Max: 17.9, Diff: 0.0, Sum: 142.7]
      [Termination (ms): Min: 0.0, Avg: 0.0, Max: 0.0, Diff: 0.0, Sum: 0.3]
         [Termination Attempts: Min: 1, Avg: 299.3, Max: 380, Diff: 379, Sum: 2394]
      [GC Worker Other (ms): Min: 0.0, Avg: 0.0, Max: 0.0, Diff: 0.0, Sum: 0.1]
      [GC Worker Total (ms): Min: 52.9, Avg: 52.9, Max: 53.0, Diff: 0.1, Sum: 423.4]
      [GC Worker End (ms): Min: 47322.3, Avg: 47322.3, Max: 47322.3, Diff: 0.0]
   [Code Root Fixup: 0.0 ms]
   [Code Root Purge: 0.0 ms]
   [Clear CT: 0.1 ms]
   [Other: 0.8 ms]
      [Choose CSet: 0.0 ms]
      [Ref Proc: 0.2 ms]
      [Ref Enq: 0.0 ms]
      [Redirty Cards: 0.3 ms]
      [Humongous Register: 0.1 ms]
      [Humongous Reclaim: 0.0 ms]
      [Free CSet: 0.1 ms]
   [Eden: 4096.0K(299.0M)->0.0B(348.0M) Survivors: 41.0M->6144.0K Heap: 1070.7M(2048.0M)->1075.2M(2048.0M)]
 [Times: user=0.38 sys=0.00, real=0.05 secs] 
2020-09-29T12:30:50.064+0200: 47.323: [GC concurrent-root-region-scan-start]
2020-09-29T12:30:50.065+0200: 47.324: [GC concurrent-root-region-scan-end, 0.0008006 secs]
2020-09-29T12:30:50.065+0200: 47.324: [GC concurrent-mark-start]
2020-09-29T12:30:50.068+0200: 47.327: [GC concurrent-mark-end, 0.0029536 secs]
2020-09-29T12:30:50.068+0200: 47.327: [GC remark 2020-09-29T12:30:50.068+0200: 47.327: [Finalize Marking, 0.0002022 secs] 2020-09-29T12:30:50.068+0200: 47.328: [GC ref-proc, 0.0003280 secs] 2020-09-29T12:30:50.069+0200: 47.328: [Unloading, 0.0004521 secs], 0.0012761 secs]
 [Times: user=0.00 sys=0.00, real=0.00 secs] 
2020-09-29T12:30:50.070+0200: 47.329: [GC cleanup 1085M->25M(2048M), 0.0012165 secs]
 [Times: user=0.00 sys=0.00, real=0.00 secs] 
2020-09-29T12:30:50.071+0200: 47.330: [GC concurrent-cleanup-start]
2020-09-29T12:30:50.073+0200: 47.332: [GC concurrent-cleanup-end, 0.0013415 secs]
2020-09-29T12:30:50.260+0200: 47.519: [GC pause (G1 Evacuation Pause) (young), 0.1662919 secs]
   [Parallel Time: 165.3 ms, GC Workers: 8]
      [GC Worker Start (ms): Min: 47518.9, Avg: 47519.0, Max: 47519.1, Diff: 0.2]
      [Ext Root Scanning (ms): Min: 0.0, Avg: 0.1, Max: 0.2, Diff: 0.2, Sum: 0.5]
      [Update RS (ms): Min: 13.2, Avg: 13.2, Max: 13.3, Diff: 0.1, Sum: 105.7]
         [Processed Buffers: Min: 15, Avg: 16.4, Max: 19, Diff: 4, Sum: 131]
      [Scan RS (ms): Min: 19.8, Avg: 20.0, Max: 20.2, Diff: 0.3, Sum: 159.8]
      [Code Root Scanning (ms): Min: 0.0, Avg: 0.0, Max: 0.0, Diff: 0.0, Sum: 0.0]
      [Object Copy (ms): Min: 131.3, Avg: 131.5, Max: 131.6, Diff: 0.3, Sum: 1051.9]
      [Termination (ms): Min: 0.0, Avg: 0.1, Max: 0.1, Diff: 0.1, Sum: 0.7]
         [Termination Attempts: Min: 1, Avg: 594.9, Max: 721, Diff: 720, Sum: 4759]
      [GC Worker Other (ms): Min: 0.0, Avg: 0.2, Max: 0.3, Diff: 0.3, Sum: 1.9]
      [GC Worker Total (ms): Min: 164.8, Avg: 165.1, Max: 165.2, Diff: 0.4, Sum: 1320.6]
      [GC Worker End (ms): Min: 47683.9, Avg: 47684.1, Max: 47684.1, Diff: 0.3]
   [Code Root Fixup: 0.0 ms]
   [Code Root Purge: 0.0 ms]
   [Clear CT: 0.2 ms]
   [Other: 0.8 ms]
      [Choose CSet: 0.0 ms]
      [Ref Proc: 0.1 ms]
      [Ref Enq: 0.0 ms]
      [Redirty Cards: 0.3 ms]
      [Humongous Register: 0.0 ms]
      [Humongous Reclaim: 0.0 ms]
      [Free CSet: 0.2 ms]
   [Eden: 348.0M(348.0M)->0.0B(316.0M) Survivors: 6144.0K->45.0M Heap: 422.6M(2048.0M)->418.6M(2048.0M)]
 [Times: user=1.22 sys=0.03, real=0.17 secs] 
2020-09-29T12:30:50.615+0200: 47.875: [GC pause (G1 Evacuation Pause) (young), 0.1685699 secs]
   [Parallel Time: 167.4 ms, GC Workers: 8]
      [GC Worker Start (ms): Min: 47874.9, Avg: 47875.0, Max: 47875.1, Diff: 0.2]
      [Ext Root Scanning (ms): Min: 0.0, Avg: 0.1, Max: 0.2, Diff: 0.2, Sum: 0.5]
      [Update RS (ms): Min: 13.5, Avg: 13.5, Max: 13.8, Diff: 0.3, Sum: 108.4]
         [Processed Buffers: Min: 16, Avg: 18.0, Max: 22, Diff: 6, Sum: 144]
      [Scan RS (ms): Min: 18.5, Avg: 18.8, Max: 18.9, Diff: 0.4, Sum: 150.5]
      [Code Root Scanning (ms): Min: 0.0, Avg: 0.0, Max: 0.0, Diff: 0.0, Sum: 0.0]
      [Object Copy (ms): Min: 134.5, Avg: 134.6, Max: 134.7, Diff: 0.2, Sum: 1077.0]
      [Termination (ms): Min: 0.0, Avg: 0.1, Max: 0.1, Diff: 0.1, Sum: 0.5]
         [Termination Attempts: Min: 1, Avg: 378.3, Max: 471, Diff: 470, Sum: 3026]
      [GC Worker Other (ms): Min: 0.0, Avg: 0.0, Max: 0.1, Diff: 0.1, Sum: 0.4]
      [GC Worker Total (ms): Min: 167.1, Avg: 167.1, Max: 167.3, Diff: 0.2, Sum: 1337.1]
      [GC Worker End (ms): Min: 48042.1, Avg: 48042.1, Max: 48042.2, Diff: 0.1]
   [Code Root Fixup: 0.0 ms]
   [Code Root Purge: 0.0 ms]
   [Clear CT: 0.2 ms]
   [Other: 1.0 ms]
      [Choose CSet: 0.0 ms]
      [Ref Proc: 0.2 ms]
      [Ref Enq: 0.0 ms]
      [Redirty Cards: 0.2 ms]
      [Humongous Register: 0.0 ms]
      [Humongous Reclaim: 0.0 ms]
      [Free CSet: 0.4 ms]
   [Eden: 316.0M(316.0M)->0.0B(315.0M) Survivors: 45.0M->46.0M Heap: 788.0M(2048.0M)->790.5M(2048.0M)]
 [Times: user=1.19 sys=0.06, real=0.17 secs] 
2020-09-29T12:30:50.965+0200: 48.224: [GC pause (G1 Evacuation Pause) (young), 0.2072786 secs]
   [Parallel Time: 206.1 ms, GC Workers: 8]
      [GC Worker Start (ms): Min: 48224.2, Avg: 48224.2, Max: 48224.3, Diff: 0.1]
      [Ext Root Scanning (ms): Min: 0.0, Avg: 0.1, Max: 0.1, Diff: 0.1, Sum: 0.6]
      [Update RS (ms): Min: 17.7, Avg: 17.9, Max: 18.1, Diff: 0.4, Sum: 142.9]
         [Processed Buffers: Min: 20, Avg: 21.0, Max: 23, Diff: 3, Sum: 168]
      [Scan RS (ms): Min: 18.1, Avg: 21.7, Max: 44.5, Diff: 26.4, Sum: 173.5]
      [Code Root Scanning (ms): Min: 0.0, Avg: 0.0, Max: 0.0, Diff: 0.0, Sum: 0.0]
      [Object Copy (ms): Min: 143.4, Avg: 165.5, Max: 169.1, Diff: 25.6, Sum: 1323.8]
      [Termination (ms): Min: 0.0, Avg: 0.8, Max: 1.1, Diff: 1.1, Sum: 6.5]
         [Termination Attempts: Min: 1, Avg: 5483.1, Max: 7346, Diff: 7345, Sum: 43865]
      [GC Worker Other (ms): Min: 0.0, Avg: 0.0, Max: 0.1, Diff: 0.1, Sum: 0.4]
      [GC Worker Total (ms): Min: 205.9, Avg: 206.0, Max: 206.0, Diff: 0.2, Sum: 1647.6]
      [GC Worker End (ms): Min: 48430.1, Avg: 48430.2, Max: 48430.2, Diff: 0.1]
   [Code Root Fixup: 0.0 ms]
   [Code Root Purge: 0.0 ms]
   [Clear CT: 0.2 ms]
   [Other: 1.0 ms]
      [Choose CSet: 0.0 ms]
      [Ref Proc: 0.2 ms]
      [Ref Enq: 0.0 ms]
      [Redirty Cards: 0.2 ms]
      [Humongous Register: 0.0 ms]
      [Humongous Reclaim: 0.0 ms]
      [Free CSet: 0.3 ms]
   [Eden: 315.0M(315.0M)->0.0B(280.0M) Survivors: 46.0M->46.0M Heap: 1157.0M(2048.0M)->1159.0M(2048.0M)]
 [Times: user=1.56 sys=0.00, real=0.21 secs] 
2020-09-29T12:30:51.182+0200: 48.442: [GC pause (G1 Humongous Allocation) (young) (initial-mark), 0.0621879 secs]
   [Parallel Time: 60.9 ms, GC Workers: 8]
      [GC Worker Start (ms): Min: 48441.8, Avg: 48441.9, Max: 48442.0, Diff: 0.1]
      [Ext Root Scanning (ms): Min: 0.0, Avg: 0.2, Max: 0.8, Diff: 0.8, Sum: 1.6]
      [Update RS (ms): Min: 36.3, Avg: 37.0, Max: 37.5, Diff: 1.2, Sum: 296.0]
         [Processed Buffers: Min: 40, Avg: 44.4, Max: 47, Diff: 7, Sum: 355]
      [Scan RS (ms): Min: 2.5, Avg: 2.8, Max: 3.1, Diff: 0.7, Sum: 22.8]
      [Code Root Scanning (ms): Min: 0.0, Avg: 0.0, Max: 0.0, Diff: 0.0, Sum: 0.0]
      [Object Copy (ms): Min: 20.5, Avg: 20.6, Max: 20.6, Diff: 0.1, Sum: 164.7]
      [Termination (ms): Min: 0.0, Avg: 0.0, Max: 0.0, Diff: 0.0, Sum: 0.0]
         [Termination Attempts: Min: 1, Avg: 25.9, Max: 39, Diff: 38, Sum: 207]
      [GC Worker Other (ms): Min: 0.0, Avg: 0.0, Max: 0.1, Diff: 0.1, Sum: 0.2]
      [GC Worker Total (ms): Min: 60.6, Avg: 60.7, Max: 60.7, Diff: 0.1, Sum: 485.3]
      [GC Worker End (ms): Min: 48502.5, Avg: 48502.5, Max: 48502.6, Diff: 0.1]
   [Code Root Fixup: 0.0 ms]
   [Code Root Purge: 0.0 ms]
   [Clear CT: 0.3 ms]
   [Other: 1.0 ms]
      [Choose CSet: 0.0 ms]
      [Ref Proc: 0.1 ms]
      [Ref Enq: 0.0 ms]
      [Redirty Cards: 0.5 ms]
      [Humongous Register: 0.1 ms]
      [Humongous Reclaim: 0.0 ms]
      [Free CSet: 0.1 ms]
   [Eden: 6144.0K(280.0M)->0.0B(329.0M) Survivors: 46.0M->8192.0K Heap: 1164.5M(2048.0M)->1169.5M(2048.0M)]
 [Times: user=0.50 sys=0.00, real=0.06 secs] 
2020-09-29T12:30:51.245+0200: 48.504: [GC concurrent-root-region-scan-start]
2020-09-29T12:30:51.248+0200: 48.508: [GC concurrent-root-region-scan-end, 0.0032816 secs]
2020-09-29T12:30:51.248+0200: 48.508: [GC concurrent-mark-start]
2020-09-29T12:30:51.253+0200: 48.512: [GC concurrent-mark-end, 0.0043446 secs]
2020-09-29T12:30:51.253+0200: 48.512: [GC remark 2020-09-29T12:30:51.253+0200: 48.512: [Finalize Marking, 0.0002613 secs] 2020-09-29T12:30:51.253+0200: 48.513: [GC ref-proc, 0.0003319 secs] 2020-09-29T12:30:51.254+0200: 48.513: [Unloading, 0.0004988 secs], 0.0015251 secs]
 [Times: user=0.00 sys=0.02, real=0.00 secs] 
2020-09-29T12:30:51.255+0200: 48.514: [GC cleanup 1187M->35M(2048M), 0.0013291 secs]
 [Times: user=0.00 sys=0.00, real=0.00 secs] 
2020-09-29T12:30:51.256+0200: 48.516: [GC concurrent-cleanup-start]
2020-09-29T12:30:51.258+0200: 48.518: [GC concurrent-cleanup-end, 0.0021374 secs]
2020-09-29T12:30:51.427+0200: 48.686: [GC pause (G1 Evacuation Pause) (young), 0.1615992 secs]
   [Parallel Time: 160.3 ms, GC Workers: 8]
      [GC Worker Start (ms): Min: 48686.0, Avg: 48686.1, Max: 48686.2, Diff: 0.2]
      [Ext Root Scanning (ms): Min: 0.0, Avg: 0.1, Max: 0.2, Diff: 0.2, Sum: 0.5]
      [Update RS (ms): Min: 15.8, Avg: 15.9, Max: 16.2, Diff: 0.4, Sum: 127.6]
         [Processed Buffers: Min: 18, Avg: 19.4, Max: 22, Diff: 4, Sum: 155]
      [Scan RS (ms): Min: 14.9, Avg: 15.3, Max: 16.0, Diff: 1.1, Sum: 122.2]
      [Code Root Scanning (ms): Min: 0.0, Avg: 0.0, Max: 0.0, Diff: 0.0, Sum: 0.0]
      [Object Copy (ms): Min: 128.1, Avg: 128.7, Max: 128.8, Diff: 0.7, Sum: 1029.7]
      [Termination (ms): Min: 0.0, Avg: 0.0, Max: 0.0, Diff: 0.0, Sum: 0.1]
         [Termination Attempts: Min: 1, Avg: 54.5, Max: 74, Diff: 73, Sum: 436]
      [GC Worker Other (ms): Min: 0.0, Avg: 0.0, Max: 0.1, Diff: 0.1, Sum: 0.4]
      [GC Worker Total (ms): Min: 160.0, Avg: 160.1, Max: 160.1, Diff: 0.2, Sum: 1280.4]
      [GC Worker End (ms): Min: 48846.1, Avg: 48846.2, Max: 48846.2, Diff: 0.1]
   [Code Root Fixup: 0.0 ms]
   [Code Root Purge: 0.0 ms]
   [Clear CT: 0.2 ms]
   [Other: 1.1 ms]
      [Choose CSet: 0.0 ms]
      [Ref Proc: 0.2 ms]
      [Ref Enq: 0.0 ms]
      [Redirty Cards: 0.4 ms]
      [Humongous Register: 0.0 ms]
      [Humongous Reclaim: 0.0 ms]
      [Free CSet: 0.2 ms]
   [Eden: 329.0M(329.0M)->0.0B(309.0M) Survivors: 8192.0K->43.0M Heap: 402.3M(2048.0M)->396.3M(2048.0M)]
 [Times: user=1.20 sys=0.03, real=0.16 secs] 
2020-09-29T12:30:51.747+0200: 49.007: [GC pause (G1 Evacuation Pause) (young), 0.1922311 secs]
   [Parallel Time: 189.1 ms, GC Workers: 8]
      [GC Worker Start (ms): Min: 49006.8, Avg: 49006.9, Max: 49007.0, Diff: 0.2]
      [Ext Root Scanning (ms): Min: 0.0, Avg: 0.1, Max: 0.2, Diff: 0.2, Sum: 0.5]
      [Update RS (ms): Min: 19.9, Avg: 20.1, Max: 20.6, Diff: 0.6, Sum: 161.1]
         [Processed Buffers: Min: 23, Avg: 24.1, Max: 25, Diff: 2, Sum: 193]
      [Scan RS (ms): Min: 15.3, Avg: 16.1, Max: 18.2, Diff: 2.8, Sum: 128.7]
      [Code Root Scanning (ms): Min: 0.0, Avg: 0.0, Max: 0.0, Diff: 0.0, Sum: 0.0]
      [Object Copy (ms): Min: 150.2, Avg: 152.2, Max: 152.5, Diff: 2.3, Sum: 1217.2]
      [Termination (ms): Min: 0.0, Avg: 0.0, Max: 0.0, Diff: 0.0, Sum: 0.3]
         [Termination Attempts: Min: 1, Avg: 296.6, Max: 378, Diff: 377, Sum: 2373]
      [GC Worker Other (ms): Min: 0.1, Avg: 0.1, Max: 0.1, Diff: 0.1, Sum: 0.7]
      [GC Worker Total (ms): Min: 188.5, Avg: 188.6, Max: 188.7, Diff: 0.2, Sum: 1508.6]
      [GC Worker End (ms): Min: 49195.5, Avg: 49195.5, Max: 49195.5, Diff: 0.1]
   [Code Root Fixup: 0.0 ms]
   [Code Root Purge: 0.0 ms]
   [Clear CT: 0.3 ms]
   [Other: 2.8 ms]
      [Choose CSet: 0.0 ms]
      [Ref Proc: 0.2 ms]
      [Ref Enq: 0.0 ms]
      [Redirty Cards: 2.0 ms]
      [Humongous Register: 0.0 ms]
      [Humongous Reclaim: 0.0 ms]
      [Free CSet: 0.2 ms]
   [Eden: 309.0M(309.0M)->0.0B(293.0M) Survivors: 43.0M->44.0M Heap: 756.8M(2048.0M)->759.3M(2048.0M)]
 [Times: user=1.33 sys=0.05, real=0.19 secs] 
2020-09-29T12:30:52.098+0200: 49.357: [GC pause (G1 Evacuation Pause) (young), 0.1699792 secs]
   [Parallel Time: 167.0 ms, GC Workers: 8]
      [GC Worker Start (ms): Min: 49357.3, Avg: 49357.4, Max: 49357.4, Diff: 0.2]
      [Ext Root Scanning (ms): Min: 0.0, Avg: 0.1, Max: 0.2, Diff: 0.2, Sum: 0.5]
      [Update RS (ms): Min: 16.1, Avg: 16.2, Max: 16.7, Diff: 0.7, Sum: 129.8]
         [Processed Buffers: Min: 17, Avg: 18.3, Max: 23, Diff: 6, Sum: 146]
      [Scan RS (ms): Min: 23.0, Avg: 23.6, Max: 23.7, Diff: 0.7, Sum: 188.6]
      [Code Root Scanning (ms): Min: 0.0, Avg: 0.0, Max: 0.0, Diff: 0.0, Sum: 0.0]
      [Object Copy (ms): Min: 126.8, Avg: 126.9, Max: 126.9, Diff: 0.1, Sum: 1014.8]
      [Termination (ms): Min: 0.0, Avg: 0.1, Max: 0.1, Diff: 0.1, Sum: 0.4]
         [Termination Attempts: Min: 1, Avg: 398.6, Max: 548, Diff: 547, Sum: 3189]
      [GC Worker Other (ms): Min: 0.0, Avg: 0.0, Max: 0.1, Diff: 0.1, Sum: 0.3]
      [GC Worker Total (ms): Min: 166.8, Avg: 166.8, Max: 166.9, Diff: 0.2, Sum: 1334.6]
      [GC Worker End (ms): Min: 49524.2, Avg: 49524.2, Max: 49524.2, Diff: 0.1]
   [Code Root Fixup: 0.0 ms]
   [Code Root Purge: 0.0 ms]
   [Clear CT: 0.5 ms]
   [Other: 2.5 ms]
      [Choose CSet: 0.0 ms]
      [Ref Proc: 0.3 ms]
      [Ref Enq: 0.0 ms]
      [Redirty Cards: 1.7 ms]
      [Humongous Register: 0.0 ms]
      [Humongous Reclaim: 0.0 ms]
      [Free CSet: 0.2 ms]
   [Eden: 293.0M(293.0M)->0.0B(287.0M) Survivors: 44.0M->43.0M Heap: 1101.9M(2048.0M)->1103.9M(2048.0M)]
 [Times: user=1.17 sys=0.06, real=0.17 secs] 
2020-09-29T12:30:52.279+0200: 49.538: [GC pause (G1 Humongous Allocation) (young) (initial-mark), 0.0608432 secs]
   [Parallel Time: 60.1 ms, GC Workers: 8]
      [GC Worker Start (ms): Min: 49538.6, Avg: 49538.7, Max: 49538.7, Diff: 0.1]
      [Ext Root Scanning (ms): Min: 0.0, Avg: 0.1, Max: 0.1, Diff: 0.1, Sum: 0.6]
      [Update RS (ms): Min: 37.2, Avg: 37.5, Max: 38.0, Diff: 0.8, Sum: 299.6]
         [Processed Buffers: Min: 25, Avg: 41.4, Max: 45, Diff: 20, Sum: 331]
      [Scan RS (ms): Min: 2.2, Avg: 2.7, Max: 2.9, Diff: 0.7, Sum: 21.3]
      [Code Root Scanning (ms): Min: 0.0, Avg: 0.0, Max: 0.0, Diff: 0.0, Sum: 0.0]
      [Object Copy (ms): Min: 19.6, Avg: 19.7, Max: 19.7, Diff: 0.1, Sum: 157.3]
      [Termination (ms): Min: 0.0, Avg: 0.0, Max: 0.0, Diff: 0.0, Sum: 0.1]
         [Termination Attempts: Min: 1, Avg: 40.6, Max: 53, Diff: 52, Sum: 325]
      [GC Worker Other (ms): Min: 0.0, Avg: 0.0, Max: 0.0, Diff: 0.0, Sum: 0.1]
      [GC Worker Total (ms): Min: 59.8, Avg: 59.9, Max: 59.9, Diff: 0.1, Sum: 478.9]
      [GC Worker End (ms): Min: 49598.5, Avg: 49598.5, Max: 49598.5, Diff: 0.0]
   [Code Root Fixup: 0.0 ms]
   [Code Root Purge: 0.0 ms]
   [Clear CT: 0.2 ms]
   [Other: 0.6 ms]
      [Choose CSet: 0.0 ms]
      [Ref Proc: 0.1 ms]
      [Ref Enq: 0.0 ms]
      [Redirty Cards: 0.2 ms]
      [Humongous Register: 0.0 ms]
      [Humongous Reclaim: 0.0 ms]
      [Free CSet: 0.1 ms]
   [Eden: 8192.0K(287.0M)->0.0B(334.0M) Survivors: 43.0M->9216.0K Heap: 1111.4M(2048.0M)->1114.9M(2048.0M)]
 [Times: user=0.49 sys=0.00, real=0.06 secs] 
2020-09-29T12:30:52.340+0200: 49.599: [GC concurrent-root-region-scan-start]
2020-09-29T12:30:52.342+0200: 49.601: [GC concurrent-root-region-scan-end, 0.0015612 secs]
2020-09-29T12:30:52.342+0200: 49.601: [GC concurrent-mark-start]
2020-09-29T12:30:52.344+0200: 49.603: [GC concurrent-mark-end, 0.0022228 secs]
2020-09-29T12:30:52.344+0200: 49.603: [GC remark 2020-09-29T12:30:52.344+0200: 49.604: [Finalize Marking, 0.0002213 secs] 2020-09-29T12:30:52.344+0200: 49.604: [GC ref-proc, 0.0002693 secs] 2020-09-29T12:30:52.345+0200: 49.604: [Unloading, 0.0004249 secs], 0.0011706 secs]
 [Times: user=0.00 sys=0.00, real=0.00 secs] 
2020-09-29T12:30:52.346+0200: 49.605: [GC cleanup 1125M->29M(2048M), 0.0010066 secs]
 [Times: user=0.00 sys=0.00, real=0.00 secs] 
2020-09-29T12:30:52.347+0200: 49.606: [GC concurrent-cleanup-start]
2020-09-29T12:30:52.348+0200: 49.607: [GC concurrent-cleanup-end, 0.0013035 secs]
2020-09-29T12:30:52.518+0200: 49.777: [GC pause (G1 Evacuation Pause) (young), 0.1665935 secs]
   [Parallel Time: 165.2 ms, GC Workers: 8]
      [GC Worker Start (ms): Min: 49777.1, Avg: 49777.2, Max: 49777.3, Diff: 0.2]
      [Ext Root Scanning (ms): Min: 0.0, Avg: 0.1, Max: 0.2, Diff: 0.2, Sum: 0.5]
      [Update RS (ms): Min: 15.8, Avg: 15.9, Max: 16.4, Diff: 0.6, Sum: 127.6]
         [Processed Buffers: Min: 17, Avg: 18.8, Max: 20, Diff: 3, Sum: 150]
      [Scan RS (ms): Min: 16.5, Avg: 16.9, Max: 17.1, Diff: 0.6, Sum: 135.2]
      [Code Root Scanning (ms): Min: 0.0, Avg: 0.0, Max: 0.0, Diff: 0.0, Sum: 0.0]
      [Object Copy (ms): Min: 131.7, Avg: 131.8, Max: 132.0, Diff: 0.3, Sum: 1054.5]
      [Termination (ms): Min: 0.0, Avg: 0.2, Max: 0.2, Diff: 0.2, Sum: 1.5]
         [Termination Attempts: Min: 1, Avg: 1473.4, Max: 1788, Diff: 1787, Sum: 11787]
      [GC Worker Other (ms): Min: 0.0, Avg: 0.0, Max: 0.1, Diff: 0.1, Sum: 0.4]
      [GC Worker Total (ms): Min: 164.9, Avg: 165.0, Max: 165.0, Diff: 0.2, Sum: 1319.6]
      [GC Worker End (ms): Min: 49942.1, Avg: 49942.1, Max: 49942.2, Diff: 0.1]
   [Code Root Fixup: 0.0 ms]
   [Code Root Purge: 0.0 ms]
   [Clear CT: 0.2 ms]
   [Other: 1.2 ms]
      [Choose CSet: 0.0 ms]
      [Ref Proc: 0.2 ms]
      [Ref Enq: 0.0 ms]
      [Redirty Cards: 0.3 ms]
      [Humongous Register: 0.0 ms]
      [Humongous Reclaim: 0.0 ms]
      [Free CSet: 0.3 ms]
   [Eden: 334.0M(334.0M)->0.0B(310.0M) Survivors: 9216.0K->43.0M Heap: 410.2M(2048.0M)->403.2M(2048.0M)]
 [Times: user=1.33 sys=0.03, real=0.17 secs] 
2020-09-29T12:30:52.850+0200: 50.110: [GC pause (G1 Evacuation Pause) (young), 0.1682162 secs]
   [Parallel Time: 167.0 ms, GC Workers: 8]
      [GC Worker Start (ms): Min: 50109.9, Avg: 50110.0, Max: 50110.0, Diff: 0.2]
      [Ext Root Scanning (ms): Min: 0.0, Avg: 0.1, Max: 0.1, Diff: 0.1, Sum: 0.4]
      [Update RS (ms): Min: 15.0, Avg: 15.1, Max: 15.5, Diff: 0.5, Sum: 120.8]
         [Processed Buffers: Min: 17, Avg: 19.3, Max: 22, Diff: 5, Sum: 154]
      [Scan RS (ms): Min: 18.0, Avg: 18.3, Max: 18.5, Diff: 0.5, Sum: 146.4]
      [Code Root Scanning (ms): Min: 0.0, Avg: 0.0, Max: 0.0, Diff: 0.0, Sum: 0.0]
      [Object Copy (ms): Min: 133.1, Avg: 133.2, Max: 133.3, Diff: 0.2, Sum: 1065.7]
      [Termination (ms): Min: 0.0, Avg: 0.0, Max: 0.1, Diff: 0.1, Sum: 0.4]
         [Termination Attempts: Min: 1, Avg: 280.6, Max: 354, Diff: 353, Sum: 2245]
      [GC Worker Other (ms): Min: 0.0, Avg: 0.0, Max: 0.1, Diff: 0.1, Sum: 0.3]
      [GC Worker Total (ms): Min: 166.7, Avg: 166.8, Max: 166.9, Diff: 0.2, Sum: 1334.1]
      [GC Worker End (ms): Min: 50276.7, Avg: 50276.7, Max: 50276.7, Diff: 0.1]
   [Code Root Fixup: 0.0 ms]
   [Code Root Purge: 0.0 ms]
   [Clear CT: 0.2 ms]
   [Other: 1.1 ms]
      [Choose CSet: 0.0 ms]
      [Ref Proc: 0.2 ms]
      [Ref Enq: 0.0 ms]
      [Redirty Cards: 0.3 ms]
      [Humongous Register: 0.0 ms]
      [Humongous Reclaim: 0.0 ms]
      [Free CSet: 0.3 ms]
   [Eden: 310.0M(310.0M)->0.0B(309.0M) Survivors: 43.0M->45.0M Heap: 764.7M(2048.0M)->766.7M(2048.0M)]
 [Times: user=1.22 sys=0.03, real=0.17 secs] 
2020-09-29T12:30:53.199+0200: 50.458: [GC pause (G1 Evacuation Pause) (young), 0.1728972 secs]
   [Parallel Time: 171.5 ms, GC Workers: 8]
      [GC Worker Start (ms): Min: 50458.3, Avg: 50458.4, Max: 50458.5, Diff: 0.2]
      [Ext Root Scanning (ms): Min: 0.0, Avg: 0.1, Max: 0.2, Diff: 0.2, Sum: 0.5]
      [Update RS (ms): Min: 18.3, Avg: 18.4, Max: 18.9, Diff: 0.7, Sum: 147.3]
         [Processed Buffers: Min: 22, Avg: 23.0, Max: 26, Diff: 4, Sum: 184]
      [Scan RS (ms): Min: 15.8, Avg: 16.3, Max: 16.5, Diff: 0.8, Sum: 130.2]
      [Code Root Scanning (ms): Min: 0.0, Avg: 0.0, Max: 0.0, Diff: 0.0, Sum: 0.0]
      [Object Copy (ms): Min: 136.2, Avg: 136.3, Max: 136.4, Diff: 0.1, Sum: 1090.5]
      [Termination (ms): Min: 0.0, Avg: 0.1, Max: 0.2, Diff: 0.2, Sum: 1.0]
         [Termination Attempts: Min: 1, Avg: 828.1, Max: 1104, Diff: 1103, Sum: 6625]
      [GC Worker Other (ms): Min: 0.0, Avg: 0.0, Max: 0.1, Diff: 0.1, Sum: 0.4]
      [GC Worker Total (ms): Min: 171.2, Avg: 171.2, Max: 171.4, Diff: 0.2, Sum: 1369.9]
      [GC Worker End (ms): Min: 50629.6, Avg: 50629.6, Max: 50629.7, Diff: 0.1]
   [Code Root Fixup: 0.0 ms]
   [Code Root Purge: 0.0 ms]
   [Clear CT: 0.2 ms]
   [Other: 1.3 ms]
      [Choose CSet: 0.0 ms]
      [Ref Proc: 0.2 ms]
      [Ref Enq: 0.0 ms]
      [Redirty Cards: 0.3 ms]
      [Humongous Register: 0.0 ms]
      [Humongous Reclaim: 0.0 ms]
      [Free CSet: 0.3 ms]
   [Eden: 309.0M(309.0M)->0.0B(311.0M) Survivors: 45.0M->45.0M Heap: 1127.2M(2048.0M)->1129.2M(2048.0M)]
 [Times: user=1.38 sys=0.00, real=0.18 secs] 
2020-09-29T12:30:53.387+0200: 50.646: [GC pause (G1 Humongous Allocation) (young) (initial-mark), 0.0697096 secs]
   [Parallel Time: 68.9 ms, GC Workers: 8]
      [GC Worker Start (ms): Min: 50646.6, Avg: 50646.7, Max: 50646.8, Diff: 0.2]
      [Ext Root Scanning (ms): Min: 0.0, Avg: 0.1, Max: 0.2, Diff: 0.2, Sum: 1.0]
      [Update RS (ms): Min: 45.0, Avg: 45.2, Max: 45.7, Diff: 0.7, Sum: 361.6]
         [Processed Buffers: Min: 46, Avg: 49.6, Max: 54, Diff: 8, Sum: 397]
      [Scan RS (ms): Min: 2.2, Avg: 2.7, Max: 2.9, Diff: 0.6, Sum: 21.7]
      [Code Root Scanning (ms): Min: 0.0, Avg: 0.0, Max: 0.0, Diff: 0.0, Sum: 0.0]
      [Object Copy (ms): Min: 20.6, Avg: 20.7, Max: 20.7, Diff: 0.1, Sum: 165.3]
      [Termination (ms): Min: 0.0, Avg: 0.0, Max: 0.1, Diff: 0.1, Sum: 0.4]
         [Termination Attempts: Min: 1, Avg: 29.4, Max: 44, Diff: 43, Sum: 235]
      [GC Worker Other (ms): Min: 0.0, Avg: 0.0, Max: 0.0, Diff: 0.0, Sum: 0.1]
      [GC Worker Total (ms): Min: 68.7, Avg: 68.7, Max: 68.8, Diff: 0.1, Sum: 550.0]
      [GC Worker End (ms): Min: 50715.4, Avg: 50715.5, Max: 50715.5, Diff: 0.0]
   [Code Root Fixup: 0.0 ms]
   [Code Root Purge: 0.0 ms]
   [Clear CT: 0.2 ms]
   [Other: 0.6 ms]
      [Choose CSet: 0.0 ms]
      [Ref Proc: 0.2 ms]
      [Ref Enq: 0.0 ms]
      [Redirty Cards: 0.1 ms]
      [Humongous Register: 0.0 ms]
      [Humongous Reclaim: 0.0 ms]
      [Free CSet: 0.1 ms]
   [Eden: 9216.0K(311.0M)->0.0B(345.0M) Survivors: 45.0M->10.0M Heap: 1137.7M(2048.0M)->1141.7M(2048.0M)]
 [Times: user=0.50 sys=0.00, real=0.07 secs] 
2020-09-29T12:30:53.457+0200: 50.716: [GC concurrent-root-region-scan-start]
2020-09-29T12:30:53.458+0200: 50.718: [GC concurrent-root-region-scan-end, 0.0015533 secs]
2020-09-29T12:30:53.458+0200: 50.718: [GC concurrent-mark-start]
2020-09-29T12:30:53.461+0200: 50.720: [GC concurrent-mark-end, 0.0022503 secs]
2020-09-29T12:30:53.461+0200: 50.720: [GC remark 2020-09-29T12:30:53.461+0200: 50.720: [Finalize Marking, 0.0001766 secs] 2020-09-29T12:30:53.461+0200: 50.721: [GC ref-proc, 0.0002736 secs] 2020-09-29T12:30:53.461+0200: 50.721: [Unloading, 0.0004473 secs], 0.0011646 secs]
 [Times: user=0.00 sys=0.00, real=0.00 secs] 
2020-09-29T12:30:53.462+0200: 50.722: [GC cleanup 1152M->30M(2048M), 0.0010036 secs]
 [Times: user=0.00 sys=0.00, real=0.00 secs] 
2020-09-29T12:30:53.464+0200: 50.723: [GC concurrent-cleanup-start]
2020-09-29T12:30:53.465+0200: 50.724: [GC concurrent-cleanup-end, 0.0013619 secs]
2020-09-29T12:30:53.643+0200: 50.903: [GC pause (G1 Evacuation Pause) (young), 0.1647819 secs]
   [Parallel Time: 163.6 ms, GC Workers: 8]
      [GC Worker Start (ms): Min: 50902.9, Avg: 50903.0, Max: 50903.0, Diff: 0.1]
      [Ext Root Scanning (ms): Min: 0.0, Avg: 0.1, Max: 0.1, Diff: 0.1, Sum: 0.6]
      [Update RS (ms): Min: 19.9, Avg: 19.9, Max: 20.1, Diff: 0.2, Sum: 159.6]
         [Processed Buffers: Min: 22, Avg: 23.6, Max: 26, Diff: 4, Sum: 189]
      [Scan RS (ms): Min: 14.6, Avg: 14.8, Max: 14.9, Diff: 0.3, Sum: 118.4]
      [Code Root Scanning (ms): Min: 0.0, Avg: 0.0, Max: 0.0, Diff: 0.0, Sum: 0.0]
      [Object Copy (ms): Min: 128.4, Avg: 128.5, Max: 128.5, Diff: 0.2, Sum: 1028.0]
      [Termination (ms): Min: 0.0, Avg: 0.0, Max: 0.1, Diff: 0.1, Sum: 0.4]
         [Termination Attempts: Min: 1, Avg: 333.9, Max: 403, Diff: 402, Sum: 2671]
      [GC Worker Other (ms): Min: 0.0, Avg: 0.0, Max: 0.1, Diff: 0.1, Sum: 0.3]
      [GC Worker Total (ms): Min: 163.3, Avg: 163.4, Max: 163.5, Diff: 0.1, Sum: 1307.2]
      [GC Worker End (ms): Min: 51066.4, Avg: 51066.4, Max: 51066.4, Diff: 0.1]
   [Code Root Fixup: 0.0 ms]
   [Code Root Purge: 0.0 ms]
   [Clear CT: 0.2 ms]
   [Other: 1.0 ms]
      [Choose CSet: 0.0 ms]
      [Ref Proc: 0.1 ms]
      [Ref Enq: 0.0 ms]
      [Redirty Cards: 0.3 ms]
      [Humongous Register: 0.0 ms]
      [Humongous Reclaim: 0.0 ms]
      [Free CSet: 0.3 ms]
   [Eden: 345.0M(345.0M)->0.0B(326.0M) Survivors: 10.0M->45.0M Heap: 424.1M(2048.0M)->416.1M(2048.0M)]
 [Times: user=1.34 sys=0.03, real=0.17 secs] 
2020-09-29T12:30:53.988+0200: 51.247: [GC pause (G1 Evacuation Pause) (young), 0.1863713 secs]
   [Parallel Time: 185.1 ms, GC Workers: 8]
      [GC Worker Start (ms): Min: 51247.6, Avg: 51247.7, Max: 51247.7, Diff: 0.1]
      [Ext Root Scanning (ms): Min: 0.0, Avg: 0.1, Max: 0.1, Diff: 0.1, Sum: 0.6]
      [Update RS (ms): Min: 23.4, Avg: 23.6, Max: 23.9, Diff: 0.5, Sum: 188.4]
         [Processed Buffers: Min: 22, Avg: 25.1, Max: 28, Diff: 6, Sum: 201]
      [Scan RS (ms): Min: 17.5, Avg: 17.9, Max: 18.0, Diff: 0.5, Sum: 143.0]
      [Code Root Scanning (ms): Min: 0.0, Avg: 0.0, Max: 0.0, Diff: 0.0, Sum: 0.0]
      [Object Copy (ms): Min: 143.2, Avg: 143.3, Max: 143.4, Diff: 0.2, Sum: 1146.7]
      [Termination (ms): Min: 0.0, Avg: 0.1, Max: 0.1, Diff: 0.1, Sum: 0.4]
         [Termination Attempts: Min: 1, Avg: 376.1, Max: 512, Diff: 511, Sum: 3009]
      [GC Worker Other (ms): Min: 0.0, Avg: 0.0, Max: 0.1, Diff: 0.1, Sum: 0.4]
      [GC Worker Total (ms): Min: 184.8, Avg: 184.9, Max: 185.0, Diff: 0.1, Sum: 1479.5]
      [GC Worker End (ms): Min: 51432.6, Avg: 51432.6, Max: 51432.7, Diff: 0.1]
   [Code Root Fixup: 0.0 ms]
   [Code Root Purge: 0.0 ms]
   [Clear CT: 0.2 ms]
   [Other: 1.0 ms]
      [Choose CSet: 0.0 ms]
      [Ref Proc: 0.2 ms]
      [Ref Enq: 0.0 ms]
      [Redirty Cards: 0.3 ms]
      [Humongous Register: 0.0 ms]
      [Humongous Reclaim: 0.0 ms]
      [Free CSet: 0.2 ms]
   [Eden: 326.0M(326.0M)->0.0B(312.0M) Survivors: 45.0M->47.0M Heap: 795.5M(2048.0M)->798.0M(2048.0M)]
 [Times: user=1.33 sys=0.00, real=0.19 secs] 
2020-09-29T12:30:54.351+0200: 51.610: [GC pause (G1 Evacuation Pause) (young), 0.1810359 secs]
   [Parallel Time: 179.9 ms, GC Workers: 8]
      [GC Worker Start (ms): Min: 51610.1, Avg: 51610.2, Max: 51610.3, Diff: 0.2]
      [Ext Root Scanning (ms): Min: 0.0, Avg: 0.0, Max: 0.2, Diff: 0.2, Sum: 0.4]
      [Update RS (ms): Min: 20.8, Avg: 21.1, Max: 21.4, Diff: 0.6, Sum: 168.9]
         [Processed Buffers: Min: 24, Avg: 24.9, Max: 26, Diff: 2, Sum: 199]
      [Scan RS (ms): Min: 15.9, Avg: 16.0, Max: 16.3, Diff: 0.4, Sum: 128.3]
      [Code Root Scanning (ms): Min: 0.0, Avg: 0.0, Max: 0.0, Diff: 0.0, Sum: 0.0]
      [Object Copy (ms): Min: 142.1, Avg: 142.2, Max: 142.5, Diff: 0.4, Sum: 1137.9]
      [Termination (ms): Min: 0.0, Avg: 0.2, Max: 0.3, Diff: 0.3, Sum: 1.8]
         [Termination Attempts: Min: 1, Avg: 1455.6, Max: 1953, Diff: 1952, Sum: 11645]
      [GC Worker Other (ms): Min: 0.0, Avg: 0.0, Max: 0.1, Diff: 0.1, Sum: 0.3]
      [GC Worker Total (ms): Min: 179.6, Avg: 179.7, Max: 179.8, Diff: 0.2, Sum: 1437.6]
      [GC Worker End (ms): Min: 51789.9, Avg: 51789.9, Max: 51789.9, Diff: 0.1]
   [Code Root Fixup: 0.0 ms]
   [Code Root Purge: 0.0 ms]
   [Clear CT: 0.2 ms]
   [Other: 0.9 ms]
      [Choose CSet: 0.0 ms]
      [Ref Proc: 0.1 ms]
      [Ref Enq: 0.0 ms]
      [Redirty Cards: 0.3 ms]
      [Humongous Register: 0.0 ms]
      [Humongous Reclaim: 0.0 ms]
      [Free CSet: 0.3 ms]
   [Eden: 312.0M(312.0M)->0.0B(310.0M) Survivors: 47.0M->45.0M Heap: 1161.5M(2048.0M)->1164.0M(2048.0M)]
 [Times: user=1.36 sys=0.00, real=0.18 secs] 
2020-09-29T12:30:54.546+0200: 51.805: [GC pause (G1 Humongous Allocation) (young) (initial-mark), 0.0577737 secs]
   [Parallel Time: 56.9 ms, GC Workers: 8]
      [GC Worker Start (ms): Min: 51805.1, Avg: 51805.1, Max: 51805.2, Diff: 0.1]
      [Ext Root Scanning (ms): Min: 0.0, Avg: 1.7, Max: 12.0, Diff: 12.0, Sum: 13.3]
      [Update RS (ms): Min: 24.3, Avg: 34.6, Max: 36.3, Diff: 12.0, Sum: 276.5]
         [Processed Buffers: Min: 26, Avg: 39.4, Max: 43, Diff: 17, Sum: 315]
      [Scan RS (ms): Min: 2.5, Avg: 2.7, Max: 2.9, Diff: 0.3, Sum: 21.7]
      [Code Root Scanning (ms): Min: 0.0, Avg: 0.0, Max: 0.0, Diff: 0.0, Sum: 0.0]
      [Object Copy (ms): Min: 17.8, Avg: 17.8, Max: 17.9, Diff: 0.1, Sum: 142.8]
      [Termination (ms): Min: 0.0, Avg: 0.0, Max: 0.0, Diff: 0.0, Sum: 0.1]
         [Termination Attempts: Min: 1, Avg: 81.5, Max: 108, Diff: 107, Sum: 652]
      [GC Worker Other (ms): Min: 0.0, Avg: 0.0, Max: 0.0, Diff: 0.0, Sum: 0.1]
      [GC Worker Total (ms): Min: 56.7, Avg: 56.8, Max: 56.8, Diff: 0.1, Sum: 454.3]
      [GC Worker End (ms): Min: 51861.9, Avg: 51861.9, Max: 51861.9, Diff: 0.0]
   [Code Root Fixup: 0.0 ms]
   [Code Root Purge: 0.0 ms]
   [Clear CT: 0.2 ms]
   [Other: 0.7 ms]
      [Choose CSet: 0.0 ms]
      [Ref Proc: 0.1 ms]
      [Ref Enq: 0.0 ms]
      [Redirty Cards: 0.2 ms]
      [Humongous Register: 0.0 ms]
      [Humongous Reclaim: 0.0 ms]
      [Free CSet: 0.1 ms]
   [Eden: 2048.0K(310.0M)->0.0B(332.0M) Survivors: 45.0M->4096.0K Heap: 1165.5M(2048.0M)->1169.5M(2048.0M)]
 [Times: user=0.49 sys=0.00, real=0.06 secs] 
2020-09-29T12:30:54.604+0200: 51.863: [GC concurrent-root-region-scan-start]
2020-09-29T12:30:54.604+0200: 51.863: [GC concurrent-root-region-scan-end, 0.0004775 secs]
2020-09-29T12:30:54.604+0200: 51.863: [GC concurrent-mark-start]
2020-09-29T12:30:54.607+0200: 51.867: [GC concurrent-mark-end, 0.0033082 secs]
2020-09-29T12:30:54.608+0200: 51.867: [GC remark 2020-09-29T12:30:54.608+0200: 51.867: [Finalize Marking, 0.0001427 secs] 2020-09-29T12:30:54.608+0200: 51.867: [GC ref-proc, 0.0003046 secs] 2020-09-29T12:30:54.608+0200: 51.867: [Unloading, 0.0005285 secs], 0.0013854 secs]
 [Times: user=0.00 sys=0.00, real=0.00 secs] 
2020-09-29T12:30:54.609+0200: 51.869: [GC cleanup 1178M->22M(2048M), 0.0012976 secs]
 [Times: user=0.00 sys=0.00, real=0.00 secs] 
2020-09-29T12:30:54.611+0200: 51.870: [GC concurrent-cleanup-start]
2020-09-29T12:30:54.613+0200: 51.872: [GC concurrent-cleanup-end, 0.0024277 secs]
2020-09-29T12:30:54.784+0200: 52.043: [GC pause (G1 Evacuation Pause) (young), 0.1683633 secs]
   [Parallel Time: 167.0 ms, GC Workers: 8]
      [GC Worker Start (ms): Min: 52042.7, Avg: 52042.8, Max: 52042.9, Diff: 0.2]
      [Ext Root Scanning (ms): Min: 0.0, Avg: 0.1, Max: 0.1, Diff: 0.1, Sum: 0.5]
      [Update RS (ms): Min: 16.4, Avg: 16.6, Max: 17.1, Diff: 0.6, Sum: 132.9]
         [Processed Buffers: Min: 17, Avg: 18.9, Max: 21, Diff: 4, Sum: 151]
      [Scan RS (ms): Min: 17.4, Avg: 19.2, Max: 28.1, Diff: 10.7, Sum: 153.4]
      [Code Root Scanning (ms): Min: 0.0, Avg: 0.0, Max: 0.0, Diff: 0.0, Sum: 0.0]
      [Object Copy (ms): Min: 122.2, Avg: 130.9, Max: 132.2, Diff: 10.0, Sum: 1047.2]
      [Termination (ms): Min: 0.0, Avg: 0.0, Max: 0.1, Diff: 0.1, Sum: 0.3]
         [Termination Attempts: Min: 1, Avg: 258.8, Max: 362, Diff: 361, Sum: 2070]
      [GC Worker Other (ms): Min: 0.0, Avg: 0.0, Max: 0.1, Diff: 0.1, Sum: 0.3]
      [GC Worker Total (ms): Min: 166.8, Avg: 166.8, Max: 166.9, Diff: 0.2, Sum: 1334.7]
      [GC Worker End (ms): Min: 52209.6, Avg: 52209.7, Max: 52209.7, Diff: 0.1]
   [Code Root Fixup: 0.0 ms]
   [Code Root Purge: 0.0 ms]
   [Clear CT: 0.2 ms]
   [Other: 1.1 ms]
      [Choose CSet: 0.0 ms]
      [Ref Proc: 0.2 ms]
      [Ref Enq: 0.0 ms]
      [Redirty Cards: 0.5 ms]
      [Humongous Register: 0.0 ms]
      [Humongous Reclaim: 0.0 ms]
      [Free CSet: 0.2 ms]
   [Eden: 332.0M(332.0M)->0.0B(322.0M) Survivors: 4096.0K->42.0M Heap: 403.2M(2048.0M)->401.2M(2048.0M)]
 [Times: user=1.30 sys=0.00, real=0.17 secs] 
2020-09-29T12:30:55.126+0200: 52.385: [GC pause (G1 Evacuation Pause) (young), 0.1809540 secs]
   [Parallel Time: 179.9 ms, GC Workers: 8]
      [GC Worker Start (ms): Min: 52385.3, Avg: 52385.4, Max: 52385.4, Diff: 0.1]
      [Ext Root Scanning (ms): Min: 0.0, Avg: 0.1, Max: 0.1, Diff: 0.1, Sum: 0.6]
      [Update RS (ms): Min: 18.1, Avg: 18.2, Max: 18.6, Diff: 0.5, Sum: 145.4]
         [Processed Buffers: Min: 21, Avg: 23.1, Max: 25, Diff: 4, Sum: 185]
      [Scan RS (ms): Min: 16.7, Avg: 17.2, Max: 17.7, Diff: 0.9, Sum: 137.7]
      [Code Root Scanning (ms): Min: 0.0, Avg: 0.0, Max: 0.0, Diff: 0.0, Sum: 0.0]
      [Object Copy (ms): Min: 143.8, Avg: 144.0, Max: 144.1, Diff: 0.3, Sum: 1152.0]
      [Termination (ms): Min: 0.0, Avg: 0.2, Max: 0.3, Diff: 0.3, Sum: 1.7]
         [Termination Attempts: Min: 1, Avg: 1369.9, Max: 1882, Diff: 1881, Sum: 10959]
      [GC Worker Other (ms): Min: 0.0, Avg: 0.0, Max: 0.1, Diff: 0.1, Sum: 0.4]
      [GC Worker Total (ms): Min: 179.6, Avg: 179.7, Max: 179.8, Diff: 0.1, Sum: 1437.7]
      [GC Worker End (ms): Min: 52565.1, Avg: 52565.1, Max: 52565.1, Diff: 0.1]
   [Code Root Fixup: 0.0 ms]
   [Code Root Purge: 0.0 ms]
   [Clear CT: 0.2 ms]
   [Other: 0.9 ms]
      [Choose CSet: 0.0 ms]
      [Ref Proc: 0.2 ms]
      [Ref Enq: 0.0 ms]
      [Redirty Cards: 0.2 ms]
      [Humongous Register: 0.0 ms]
      [Humongous Reclaim: 0.0 ms]
      [Free CSet: 0.2 ms]
   [Eden: 322.0M(322.0M)->0.0B(312.0M) Survivors: 42.0M->46.0M Heap: 776.6M(2048.0M)->778.6M(2048.0M)]
 [Times: user=1.42 sys=0.06, real=0.18 secs] 
2020-09-29T12:30:55.475+0200: 52.734: [GC pause (G1 Evacuation Pause) (young), 0.1890941 secs]
   [Parallel Time: 187.9 ms, GC Workers: 8]
      [GC Worker Start (ms): Min: 52734.2, Avg: 52734.3, Max: 52734.4, Diff: 0.2]
      [Ext Root Scanning (ms): Min: 0.0, Avg: 0.1, Max: 0.2, Diff: 0.2, Sum: 0.5]
      [Update RS (ms): Min: 21.3, Avg: 21.4, Max: 21.7, Diff: 0.4, Sum: 171.1]
         [Processed Buffers: Min: 20, Avg: 24.3, Max: 28, Diff: 8, Sum: 194]
      [Scan RS (ms): Min: 16.4, Avg: 16.6, Max: 16.8, Diff: 0.4, Sum: 132.8]
      [Code Root Scanning (ms): Min: 0.0, Avg: 0.0, Max: 0.0, Diff: 0.0, Sum: 0.0]
      [Object Copy (ms): Min: 149.2, Avg: 149.4, Max: 149.6, Diff: 0.4, Sum: 1195.0]
      [Termination (ms): Min: 0.0, Avg: 0.2, Max: 0.3, Diff: 0.3, Sum: 1.7]
         [Termination Attempts: Min: 1, Avg: 1654.4, Max: 1984, Diff: 1983, Sum: 13235]
      [GC Worker Other (ms): Min: 0.0, Avg: 0.0, Max: 0.1, Diff: 0.0, Sum: 0.3]
      [GC Worker Total (ms): Min: 187.6, Avg: 187.7, Max: 187.8, Diff: 0.1, Sum: 1501.5]
      [GC Worker End (ms): Min: 52922.0, Avg: 52922.0, Max: 52922.0, Diff: 0.0]
   [Code Root Fixup: 0.0 ms]
   [Code Root Purge: 0.0 ms]
   [Clear CT: 0.2 ms]
   [Other: 1.0 ms]
      [Choose CSet: 0.0 ms]
      [Ref Proc: 0.2 ms]
      [Ref Enq: 0.0 ms]
      [Redirty Cards: 0.3 ms]
      [Humongous Register: 0.0 ms]
      [Humongous Reclaim: 0.0 ms]
      [Free CSet: 0.3 ms]
   [Eden: 312.0M(312.0M)->0.0B(301.0M) Survivors: 46.0M->45.0M Heap: 1142.1M(2048.0M)->1144.1M(2048.0M)]
 [Times: user=1.45 sys=0.00, real=0.19 secs] 
2020-09-29T12:30:55.678+0200: 52.937: [GC pause (G1 Humongous Allocation) (young) (initial-mark), 0.0545763 secs]
   [Parallel Time: 53.8 ms, GC Workers: 8]
      [GC Worker Start (ms): Min: 52936.7, Avg: 52936.8, Max: 52936.8, Diff: 0.1]
      [Ext Root Scanning (ms): Min: 0.0, Avg: 0.1, Max: 0.1, Diff: 0.1, Sum: 0.7]
      [Update RS (ms): Min: 31.6, Avg: 31.8, Max: 32.1, Diff: 0.5, Sum: 254.1]
         [Processed Buffers: Min: 36, Avg: 38.3, Max: 40, Diff: 4, Sum: 306]
      [Scan RS (ms): Min: 2.3, Avg: 2.7, Max: 2.9, Diff: 0.5, Sum: 21.3]
      [Code Root Scanning (ms): Min: 0.0, Avg: 0.0, Max: 0.0, Diff: 0.0, Sum: 0.0]
      [Object Copy (ms): Min: 19.2, Avg: 19.2, Max: 19.3, Diff: 0.1, Sum: 153.9]
      [Termination (ms): Min: 0.0, Avg: 0.0, Max: 0.0, Diff: 0.0, Sum: 0.0]
         [Termination Attempts: Min: 1, Avg: 3.6, Max: 7, Diff: 6, Sum: 29]
      [GC Worker Other (ms): Min: 0.0, Avg: 0.0, Max: 0.0, Diff: 0.0, Sum: 0.1]
      [GC Worker Total (ms): Min: 53.7, Avg: 53.8, Max: 53.8, Diff: 0.1, Sum: 430.1]
      [GC Worker End (ms): Min: 52990.5, Avg: 52990.5, Max: 52990.5, Diff: 0.0]
   [Code Root Fixup: 0.0 ms]
   [Code Root Purge: 0.0 ms]
   [Clear CT: 0.2 ms]
   [Other: 0.6 ms]
      [Choose CSet: 0.0 ms]
      [Ref Proc: 0.1 ms]
      [Ref Enq: 0.0 ms]
      [Redirty Cards: 0.1 ms]
      [Humongous Register: 0.0 ms]
      [Humongous Reclaim: 0.0 ms]
      [Free CSet: 0.1 ms]
   [Eden: 7168.0K(301.0M)->0.0B(340.0M) Survivors: 45.0M->9216.0K Heap: 1151.1M(2048.0M)->1155.1M(2048.0M)]
 [Times: user=0.38 sys=0.00, real=0.05 secs] 
2020-09-29T12:30:55.732+0200: 52.991: [GC concurrent-root-region-scan-start]
2020-09-29T12:30:55.734+0200: 52.993: [GC concurrent-root-region-scan-end, 0.0019348 secs]
2020-09-29T12:30:55.734+0200: 52.993: [GC concurrent-mark-start]
2020-09-29T12:30:55.738+0200: 52.997: [GC concurrent-mark-end, 0.0038262 secs]
2020-09-29T12:30:55.738+0200: 52.997: [GC remark 2020-09-29T12:30:55.738+0200: 52.997: [Finalize Marking, 0.0002076 secs] 2020-09-29T12:30:55.738+0200: 52.997: [GC ref-proc, 0.0002809 secs] 2020-09-29T12:30:55.739+0200: 52.998: [Unloading, 0.0005223 secs], 0.0014223 secs]
 [Times: user=0.01 sys=0.00, real=0.00 secs] 
2020-09-29T12:30:55.740+0200: 52.999: [GC cleanup 1168M->31M(2048M), 0.0015786 secs]
 [Times: user=0.00 sys=0.00, real=0.00 secs] 
2020-09-29T12:30:55.742+0200: 53.001: [GC concurrent-cleanup-start]
2020-09-29T12:30:55.745+0200: 53.004: [GC concurrent-cleanup-end, 0.0032572 secs]
2020-09-29T12:30:55.934+0200: 53.193: [GC pause (G1 Evacuation Pause) (young), 0.1689232 secs]
   [Parallel Time: 167.2 ms, GC Workers: 8]
      [GC Worker Start (ms): Min: 53193.4, Avg: 53193.5, Max: 53193.6, Diff: 0.2]
      [Ext Root Scanning (ms): Min: 0.0, Avg: 0.1, Max: 0.2, Diff: 0.2, Sum: 0.5]
      [Update RS (ms): Min: 17.4, Avg: 17.6, Max: 17.9, Diff: 0.5, Sum: 140.8]
         [Processed Buffers: Min: 18, Avg: 19.1, Max: 21, Diff: 3, Sum: 153]
      [Scan RS (ms): Min: 16.1, Avg: 16.4, Max: 16.6, Diff: 0.6, Sum: 131.6]
      [Code Root Scanning (ms): Min: 0.0, Avg: 0.0, Max: 0.0, Diff: 0.0, Sum: 0.0]
      [Object Copy (ms): Min: 132.8, Avg: 132.8, Max: 132.9, Diff: 0.1, Sum: 1062.4]
      [Termination (ms): Min: 0.0, Avg: 0.1, Max: 0.1, Diff: 0.1, Sum: 0.5]
         [Termination Attempts: Min: 1, Avg: 166.6, Max: 253, Diff: 252, Sum: 1333]
      [GC Worker Other (ms): Min: 0.0, Avg: 0.0, Max: 0.1, Diff: 0.0, Sum: 0.2]
      [GC Worker Total (ms): Min: 166.9, Avg: 167.0, Max: 167.1, Diff: 0.2, Sum: 1336.1]
      [GC Worker End (ms): Min: 53360.5, Avg: 53360.6, Max: 53360.6, Diff: 0.1]
   [Code Root Fixup: 0.0 ms]
   [Code Root Purge: 0.0 ms]
   [Clear CT: 0.5 ms]
   [Other: 1.2 ms]
      [Choose CSet: 0.0 ms]
      [Ref Proc: 0.5 ms]
      [Ref Enq: 0.0 ms]
      [Redirty Cards: 0.2 ms]
      [Humongous Register: 0.0 ms]
      [Humongous Reclaim: 0.0 ms]
      [Free CSet: 0.2 ms]
   [Eden: 340.0M(340.0M)->0.0B(324.0M) Survivors: 9216.0K->44.0M Heap: 416.2M(2048.0M)->409.7M(2048.0M)]
 [Times: user=1.36 sys=0.00, real=0.17 secs] 
2020-09-29T12:30:56.281+0200: 53.540: [GC pause (G1 Evacuation Pause) (young), 0.1734815 secs]
   [Parallel Time: 172.3 ms, GC Workers: 8]
      [GC Worker Start (ms): Min: 53539.9, Avg: 53539.9, Max: 53540.0, Diff: 0.2]
      [Ext Root Scanning (ms): Min: 0.0, Avg: 0.1, Max: 0.1, Diff: 0.1, Sum: 0.6]
      [Update RS (ms): Min: 15.7, Avg: 15.8, Max: 15.9, Diff: 0.2, Sum: 126.3]
         [Processed Buffers: Min: 18, Avg: 20.0, Max: 21, Diff: 3, Sum: 160]
      [Scan RS (ms): Min: 18.1, Avg: 18.3, Max: 18.4, Diff: 0.3, Sum: 146.2]
      [Code Root Scanning (ms): Min: 0.0, Avg: 0.0, Max: 0.0, Diff: 0.0, Sum: 0.0]
      [Object Copy (ms): Min: 137.8, Avg: 137.8, Max: 137.9, Diff: 0.1, Sum: 1102.7]
      [Termination (ms): Min: 0.0, Avg: 0.0, Max: 0.0, Diff: 0.0, Sum: 0.1]
         [Termination Attempts: Min: 1, Avg: 91.9, Max: 122, Diff: 121, Sum: 735]
      [GC Worker Other (ms): Min: 0.0, Avg: 0.0, Max: 0.1, Diff: 0.1, Sum: 0.3]
      [GC Worker Total (ms): Min: 171.9, Avg: 172.0, Max: 172.1, Diff: 0.2, Sum: 1376.2]
      [GC Worker End (ms): Min: 53711.9, Avg: 53712.0, Max: 53712.0, Diff: 0.1]
   [Code Root Fixup: 0.0 ms]
   [Code Root Purge: 0.0 ms]
   [Clear CT: 0.2 ms]
   [Other: 1.0 ms]
      [Choose CSet: 0.0 ms]
      [Ref Proc: 0.2 ms]
      [Ref Enq: 0.0 ms]
      [Redirty Cards: 0.3 ms]
      [Humongous Register: 0.0 ms]
      [Humongous Reclaim: 0.0 ms]
      [Free CSet: 0.3 ms]
   [Eden: 324.0M(324.0M)->0.0B(320.0M) Survivors: 44.0M->46.0M Heap: 789.0M(2048.0M)->791.5M(2048.0M)]
 [Times: user=1.38 sys=0.00, real=0.17 secs] 
2020-09-29T12:30:56.633+0200: 53.892: [GC pause (G1 Evacuation Pause) (young), 0.1725986 secs]
   [Parallel Time: 171.4 ms, GC Workers: 8]
      [GC Worker Start (ms): Min: 53891.9, Avg: 53892.0, Max: 53892.0, Diff: 0.2]
      [Ext Root Scanning (ms): Min: 0.0, Avg: 0.1, Max: 0.2, Diff: 0.2, Sum: 0.6]
      [Update RS (ms): Min: 16.1, Avg: 16.5, Max: 17.0, Diff: 0.9, Sum: 131.8]
         [Processed Buffers: Min: 17, Avg: 17.8, Max: 18, Diff: 1, Sum: 142]
      [Scan RS (ms): Min: 20.2, Avg: 20.7, Max: 21.2, Diff: 1.0, Sum: 165.9]
      [Code Root Scanning (ms): Min: 0.0, Avg: 0.0, Max: 0.0, Diff: 0.0, Sum: 0.0]
      [Object Copy (ms): Min: 133.7, Avg: 133.7, Max: 133.8, Diff: 0.1, Sum: 1069.8]
      [Termination (ms): Min: 0.0, Avg: 0.0, Max: 0.0, Diff: 0.0, Sum: 0.1]
         [Termination Attempts: Min: 1, Avg: 62.6, Max: 90, Diff: 89, Sum: 501]
      [GC Worker Other (ms): Min: 0.0, Avg: 0.1, Max: 0.1, Diff: 0.1, Sum: 0.5]
      [GC Worker Total (ms): Min: 171.0, Avg: 171.1, Max: 171.2, Diff: 0.2, Sum: 1368.8]
      [GC Worker End (ms): Min: 54063.0, Avg: 54063.1, Max: 54063.1, Diff: 0.1]
   [Code Root Fixup: 0.0 ms]
   [Code Root Purge: 0.0 ms]
   [Clear CT: 0.2 ms]
   [Other: 1.0 ms]
      [Choose CSet: 0.0 ms]
      [Ref Proc: 0.2 ms]
      [Ref Enq: 0.0 ms]
      [Redirty Cards: 0.4 ms]
      [Humongous Register: 0.0 ms]
      [Humongous Reclaim: 0.0 ms]
      [Free CSet: 0.2 ms]
   [Eden: 320.0M(320.0M)->0.0B(316.0M) Survivors: 46.0M->46.0M Heap: 1163.0M(2048.0M)->1165.0M(2048.0M)]
 [Times: user=1.34 sys=0.02, real=0.17 secs] 
2020-09-29T12:30:56.806+0200: 54.065: [GC pause (G1 Humongous Allocation) (young) (initial-mark), 0.0822481 secs]
   [Parallel Time: 81.3 ms, GC Workers: 8]
      [GC Worker Start (ms): Min: 54065.5, Avg: 54065.6, Max: 54065.7, Diff: 0.2]
      [Ext Root Scanning (ms): Min: 0.0, Avg: 2.7, Max: 19.9, Diff: 19.9, Sum: 21.8]
      [Update RS (ms): Min: 38.1, Avg: 55.5, Max: 58.3, Diff: 20.2, Sum: 443.7]
         [Processed Buffers: Min: 41, Avg: 61.4, Max: 68, Diff: 27, Sum: 491]
      [Scan RS (ms): Min: 0.0, Avg: 0.0, Max: 0.0, Diff: 0.0, Sum: 0.0]
      [Code Root Scanning (ms): Min: 0.0, Avg: 0.0, Max: 0.0, Diff: 0.0, Sum: 0.0]
      [Object Copy (ms): Min: 22.6, Avg: 22.9, Max: 23.1, Diff: 0.5, Sum: 182.9]
      [Termination (ms): Min: 0.0, Avg: 0.0, Max: 0.0, Diff: 0.0, Sum: 0.2]
         [Termination Attempts: Min: 1, Avg: 232.1, Max: 288, Diff: 287, Sum: 1857]
      [GC Worker Other (ms): Min: 0.0, Avg: 0.0, Max: 0.0, Diff: 0.0, Sum: 0.1]
      [GC Worker Total (ms): Min: 81.0, Avg: 81.1, Max: 81.2, Diff: 0.2, Sum: 648.9]
      [GC Worker End (ms): Min: 54146.7, Avg: 54146.7, Max: 54146.7, Diff: 0.0]
   [Code Root Fixup: 0.0 ms]
   [Code Root Purge: 0.0 ms]
   [Clear CT: 0.2 ms]
   [Other: 0.8 ms]
      [Choose CSet: 0.0 ms]
      [Ref Proc: 0.2 ms]
      [Ref Enq: 0.0 ms]
      [Redirty Cards: 0.2 ms]
      [Humongous Register: 0.1 ms]
      [Humongous Reclaim: 0.0 ms]
      [Free CSet: 0.1 ms]
   [Eden: 1024.0K(316.0M)->0.0B(333.0M) Survivors: 46.0M->1024.0K Heap: 1165.5M(2048.0M)->1169.0M(2048.0M)]
 [Times: user=0.58 sys=0.00, real=0.08 secs] 
2020-09-29T12:30:56.889+0200: 54.148: [GC concurrent-root-region-scan-start]
2020-09-29T12:30:56.889+0200: 54.148: [GC concurrent-root-region-scan-end, 0.0002869 secs]
2020-09-29T12:30:56.889+0200: 54.148: [GC concurrent-mark-start]
2020-09-29T12:30:56.892+0200: 54.151: [GC concurrent-mark-end, 0.0034320 secs]
2020-09-29T12:30:56.893+0200: 54.152: [GC remark 2020-09-29T12:30:56.893+0200: 54.152: [Finalize Marking, 0.0001369 secs] 2020-09-29T12:30:56.893+0200: 54.152: [GC ref-proc, 0.0003796 secs] 2020-09-29T12:30:56.893+0200: 54.152: [Unloading, 0.0004907 secs], 0.0013278 secs]
 [Times: user=0.00 sys=0.00, real=0.00 secs] 
2020-09-29T12:30:56.894+0200: 54.153: [GC cleanup 1177M->19M(2048M), 0.0010954 secs]
 [Times: user=0.09 sys=0.02, real=0.00 secs] 
2020-09-29T12:30:56.895+0200: 54.154: [GC concurrent-cleanup-start]
2020-09-29T12:30:56.897+0200: 54.156: [GC concurrent-cleanup-end, 0.0016892 secs]
2020-09-29T12:30:57.070+0200: 54.330: [GC pause (G1 Evacuation Pause) (young), 0.1601741 secs]
   [Parallel Time: 158.9 ms, GC Workers: 8]
      [GC Worker Start (ms): Min: 54329.6, Avg: 54329.7, Max: 54329.8, Diff: 0.2]
      [Ext Root Scanning (ms): Min: 0.0, Avg: 0.1, Max: 0.2, Diff: 0.2, Sum: 0.5]
      [Update RS (ms): Min: 19.6, Avg: 19.7, Max: 19.9, Diff: 0.2, Sum: 157.9]
         [Processed Buffers: Min: 22, Avg: 23.0, Max: 25, Diff: 3, Sum: 184]
      [Scan RS (ms): Min: 15.1, Avg: 15.4, Max: 15.6, Diff: 0.5, Sum: 123.3]
      [Code Root Scanning (ms): Min: 0.0, Avg: 0.0, Max: 0.0, Diff: 0.0, Sum: 0.0]
      [Object Copy (ms): Min: 123.3, Avg: 123.4, Max: 123.5, Diff: 0.3, Sum: 987.1]
      [Termination (ms): Min: 0.0, Avg: 0.0, Max: 0.0, Diff: 0.0, Sum: 0.0]
         [Termination Attempts: Min: 1, Avg: 19.9, Max: 32, Diff: 31, Sum: 159]
      [GC Worker Other (ms): Min: 0.0, Avg: 0.0, Max: 0.1, Diff: 0.0, Sum: 0.3]
      [GC Worker Total (ms): Min: 158.6, Avg: 158.6, Max: 158.7, Diff: 0.2, Sum: 1269.1]
      [GC Worker End (ms): Min: 54488.3, Avg: 54488.3, Max: 54488.4, Diff: 0.0]
   [Code Root Fixup: 0.0 ms]
   [Code Root Purge: 0.0 ms]
   [Clear CT: 0.3 ms]
   [Other: 1.1 ms]
      [Choose CSet: 0.0 ms]
      [Ref Proc: 0.2 ms]
      [Ref Enq: 0.0 ms]
      [Redirty Cards: 0.5 ms]
      [Humongous Register: 0.0 ms]
      [Humongous Reclaim: 0.0 ms]
      [Free CSet: 0.2 ms]
   [Eden: 333.0M(333.0M)->0.0B(299.0M) Survivors: 1024.0K->42.0M Heap: 401.2M(2048.0M)->402.2M(2048.0M)]
 [Times: user=1.23 sys=0.00, real=0.16 secs] 
2020-09-29T12:30:57.389+0200: 54.648: [GC pause (G1 Evacuation Pause) (young), 0.1748252 secs]
   [Parallel Time: 173.6 ms, GC Workers: 8]
      [GC Worker Start (ms): Min: 54648.4, Avg: 54648.4, Max: 54648.5, Diff: 0.1]
      [Ext Root Scanning (ms): Min: 0.0, Avg: 0.1, Max: 0.1, Diff: 0.1, Sum: 0.5]
      [Update RS (ms): Min: 19.1, Avg: 19.2, Max: 19.5, Diff: 0.4, Sum: 153.8]
         [Processed Buffers: Min: 22, Avg: 22.9, Max: 24, Diff: 2, Sum: 183]
      [Scan RS (ms): Min: 15.4, Avg: 15.8, Max: 17.2, Diff: 1.8, Sum: 126.1]
      [Code Root Scanning (ms): Min: 0.0, Avg: 0.0, Max: 0.0, Diff: 0.0, Sum: 0.0]
      [Object Copy (ms): Min: 136.7, Avg: 138.1, Max: 138.4, Diff: 1.7, Sum: 1104.5]
      [Termination (ms): Min: 0.0, Avg: 0.2, Max: 0.3, Diff: 0.3, Sum: 1.6]
         [Termination Attempts: Min: 1, Avg: 1407.0, Max: 1671, Diff: 1670, Sum: 11256]
      [GC Worker Other (ms): Min: 0.0, Avg: 0.0, Max: 0.1, Diff: 0.0, Sum: 0.3]
      [GC Worker Total (ms): Min: 173.3, Avg: 173.4, Max: 173.4, Diff: 0.1, Sum: 1386.8]
      [GC Worker End (ms): Min: 54821.8, Avg: 54821.8, Max: 54821.8, Diff: 0.0]
   [Code Root Fixup: 0.0 ms]
   [Code Root Purge: 0.0 ms]
   [Clear CT: 0.2 ms]
   [Other: 1.1 ms]
      [Choose CSet: 0.0 ms]
      [Ref Proc: 0.2 ms]
      [Ref Enq: 0.0 ms]
      [Redirty Cards: 0.3 ms]
      [Humongous Register: 0.0 ms]
      [Humongous Reclaim: 0.0 ms]
      [Free CSet: 0.3 ms]
   [Eden: 299.0M(299.0M)->0.0B(290.0M) Survivors: 42.0M->43.0M Heap: 750.8M(2048.0M)->752.3M(2048.0M)]
 [Times: user=1.38 sys=0.00, real=0.18 secs] 
2020-09-29T12:30:57.741+0200: 55.000: [GC pause (G1 Evacuation Pause) (young), 0.1873499 secs]
   [Parallel Time: 186.4 ms, GC Workers: 8]
      [GC Worker Start (ms): Min: 54999.7, Avg: 54999.8, Max: 54999.9, Diff: 0.2]
      [Ext Root Scanning (ms): Min: 0.0, Avg: 0.1, Max: 0.1, Diff: 0.1, Sum: 0.6]
      [Update RS (ms): Min: 21.1, Avg: 21.3, Max: 21.9, Diff: 0.8, Sum: 170.7]
         [Processed Buffers: Min: 21, Avg: 23.6, Max: 26, Diff: 5, Sum: 189]
      [Scan RS (ms): Min: 15.0, Avg: 15.6, Max: 16.7, Diff: 1.7, Sum: 125.2]
      [Code Root Scanning (ms): Min: 0.0, Avg: 0.0, Max: 0.0, Diff: 0.0, Sum: 0.0]
      [Object Copy (ms): Min: 148.2, Avg: 149.0, Max: 149.3, Diff: 1.1, Sum: 1192.2]
      [Termination (ms): Min: 0.0, Avg: 0.1, Max: 0.2, Diff: 0.2, Sum: 1.2]
         [Termination Attempts: Min: 1, Avg: 949.4, Max: 1321, Diff: 1320, Sum: 7595]
      [GC Worker Other (ms): Min: 0.1, Avg: 0.1, Max: 0.1, Diff: 0.0, Sum: 0.5]
      [GC Worker Total (ms): Min: 186.2, Avg: 186.3, Max: 186.4, Diff: 0.1, Sum: 1490.5]
      [GC Worker End (ms): Min: 55186.1, Avg: 55186.1, Max: 55186.1, Diff: 0.0]
   [Code Root Fixup: 0.0 ms]
   [Code Root Purge: 0.0 ms]
   [Clear CT: 0.1 ms]
   [Other: 0.8 ms]
      [Choose CSet: 0.0 ms]
      [Ref Proc: 0.2 ms]
      [Ref Enq: 0.0 ms]
      [Redirty Cards: 0.2 ms]
      [Humongous Register: 0.0 ms]
      [Humongous Reclaim: 0.0 ms]
      [Free CSet: 0.2 ms]
   [Eden: 290.0M(290.0M)->0.0B(279.0M) Survivors: 43.0M->42.0M Heap: 1090.0M(2048.0M)->1092.5M(2048.0M)]
 [Times: user=1.36 sys=0.02, real=0.19 secs] 
2020-09-29T12:30:57.935+0200: 55.195: [GC pause (G1 Humongous Allocation) (young) (initial-mark), 0.0771245 secs]
   [Parallel Time: 76.3 ms, GC Workers: 8]
      [GC Worker Start (ms): Min: 55194.6, Avg: 55194.7, Max: 55194.8, Diff: 0.2]
      [Ext Root Scanning (ms): Min: 0.0, Avg: 2.0, Max: 9.9, Diff: 9.9, Sum: 15.9]
      [Update RS (ms): Min: 29.8, Avg: 38.1, Max: 40.2, Diff: 10.4, Sum: 304.5]
         [Processed Buffers: Min: 32, Avg: 44.3, Max: 48, Diff: 16, Sum: 354]
      [Scan RS (ms): Min: 2.7, Avg: 3.6, Max: 8.1, Diff: 5.5, Sum: 29.0]
      [Code Root Scanning (ms): Min: 0.0, Avg: 0.0, Max: 0.0, Diff: 0.0, Sum: 0.0]
      [Object Copy (ms): Min: 27.3, Avg: 32.2, Max: 33.1, Diff: 5.8, Sum: 257.7]
      [Termination (ms): Min: 0.0, Avg: 0.3, Max: 0.3, Diff: 0.3, Sum: 2.2]
         [Termination Attempts: Min: 1, Avg: 2089.0, Max: 2561, Diff: 2560, Sum: 16712]
      [GC Worker Other (ms): Min: 0.0, Avg: 0.0, Max: 0.0, Diff: 0.0, Sum: 0.2]
      [GC Worker Total (ms): Min: 76.1, Avg: 76.2, Max: 76.3, Diff: 0.2, Sum: 609.5]
      [GC Worker End (ms): Min: 55270.9, Avg: 55270.9, Max: 55270.9, Diff: 0.0]
   [Code Root Fixup: 0.0 ms]
   [Code Root Purge: 0.0 ms]
   [Clear CT: 0.2 ms]
   [Other: 0.7 ms]
      [Choose CSet: 0.0 ms]
      [Ref Proc: 0.2 ms]
      [Ref Enq: 0.0 ms]
      [Redirty Cards: 0.2 ms]
      [Humongous Register: 0.0 ms]
      [Humongous Reclaim: 0.0 ms]
      [Free CSet: 0.1 ms]
   [Eden: 6144.0K(279.0M)->0.0B(252.0M) Survivors: 42.0M->7168.0K Heap: 1098.0M(2048.0M)->1101.5M(2048.0M)]
 [Times: user=0.59 sys=0.00, real=0.08 secs] 
2020-09-29T12:30:58.012+0200: 55.272: [GC concurrent-root-region-scan-start]
2020-09-29T12:30:58.015+0200: 55.275: [GC concurrent-root-region-scan-end, 0.0027839 secs]
2020-09-29T12:30:58.015+0200: 55.275: [GC concurrent-mark-start]
2020-09-29T12:30:58.019+0200: 55.278: [GC concurrent-mark-end, 0.0036518 secs]
2020-09-29T12:30:58.019+0200: 55.279: [GC remark 2020-09-29T12:30:58.019+0200: 55.279: [Finalize Marking, 0.0003118 secs] 2020-09-29T12:30:58.019+0200: 55.279: [GC ref-proc, 0.0003004 secs] 2020-09-29T12:30:58.020+0200: 55.279: [Unloading, 0.0004890 secs], 0.0014019 secs]
 [Times: user=0.02 sys=0.00, real=0.00 secs] 
2020-09-29T12:30:58.021+0200: 55.280: [GC cleanup 1114M->29M(2048M), 0.0011428 secs]
 [Times: user=0.00 sys=0.00, real=0.00 secs] 
2020-09-29T12:30:58.022+0200: 55.282: [GC concurrent-cleanup-start]
2020-09-29T12:30:58.024+0200: 55.283: [GC concurrent-cleanup-end, 0.0016891 secs]
2020-09-29T12:30:58.167+0200: 55.427: [GC pause (G1 Evacuation Pause) (young), 0.1304333 secs]
   [Parallel Time: 129.2 ms, GC Workers: 8]
      [GC Worker Start (ms): Min: 55426.9, Avg: 55427.0, Max: 55427.1, Diff: 0.2]
      [Ext Root Scanning (ms): Min: 0.0, Avg: 0.1, Max: 0.2, Diff: 0.2, Sum: 0.5]
      [Update RS (ms): Min: 20.8, Avg: 21.0, Max: 21.5, Diff: 0.7, Sum: 168.2]
         [Processed Buffers: Min: 18, Avg: 22.6, Max: 26, Diff: 8, Sum: 181]
      [Scan RS (ms): Min: 11.3, Avg: 11.9, Max: 12.2, Diff: 0.9, Sum: 95.4]
      [Code Root Scanning (ms): Min: 0.0, Avg: 0.0, Max: 0.0, Diff: 0.0, Sum: 0.0]
      [Object Copy (ms): Min: 95.8, Avg: 95.9, Max: 96.0, Diff: 0.2, Sum: 767.5]
      [Termination (ms): Min: 0.0, Avg: 0.0, Max: 0.0, Diff: 0.0, Sum: 0.2]
         [Termination Attempts: Min: 1, Avg: 160.8, Max: 228, Diff: 227, Sum: 1286]
      [GC Worker Other (ms): Min: 0.0, Avg: 0.0, Max: 0.1, Diff: 0.1, Sum: 0.3]
      [GC Worker Total (ms): Min: 128.9, Avg: 129.0, Max: 129.1, Diff: 0.2, Sum: 1032.1]
      [GC Worker End (ms): Min: 55556.0, Avg: 55556.0, Max: 55556.0, Diff: 0.1]
   [Code Root Fixup: 0.0 ms]
   [Code Root Purge: 0.0 ms]
   [Clear CT: 0.2 ms]
   [Other: 1.0 ms]
      [Choose CSet: 0.0 ms]
      [Ref Proc: 0.2 ms]
      [Ref Enq: 0.0 ms]
      [Redirty Cards: 0.3 ms]
      [Humongous Register: 0.0 ms]
      [Humongous Reclaim: 0.0 ms]
      [Free CSet: 0.2 ms]
   [Eden: 252.0M(252.0M)->0.0B(254.0M) Survivors: 7168.0K->33.0M Heap: 312.4M(2048.0M)->307.9M(2048.0M)]
 [Times: user=0.89 sys=0.11, real=0.13 secs] 
2020-09-29T12:30:58.434+0200: 55.694: [GC pause (G1 Evacuation Pause) (young), 0.1390741 secs]
   [Parallel Time: 137.4 ms, GC Workers: 8]
      [GC Worker Start (ms): Min: 55693.9, Avg: 55694.0, Max: 55694.1, Diff: 0.2]
      [Ext Root Scanning (ms): Min: 0.0, Avg: 0.1, Max: 0.2, Diff: 0.2, Sum: 0.4]
      [Update RS (ms): Min: 15.3, Avg: 15.4, Max: 15.9, Diff: 0.6, Sum: 123.2]
         [Processed Buffers: Min: 18, Avg: 19.4, Max: 22, Diff: 4, Sum: 155]
      [Scan RS (ms): Min: 12.2, Avg: 12.7, Max: 12.8, Diff: 0.7, Sum: 101.3]
      [Code Root Scanning (ms): Min: 0.0, Avg: 0.0, Max: 0.0, Diff: 0.0, Sum: 0.0]
      [Object Copy (ms): Min: 108.8, Avg: 109.0, Max: 109.0, Diff: 0.2, Sum: 871.6]
      [Termination (ms): Min: 0.0, Avg: 0.1, Max: 0.1, Diff: 0.1, Sum: 0.5]
         [Termination Attempts: Min: 1, Avg: 418.4, Max: 509, Diff: 508, Sum: 3347]
      [GC Worker Other (ms): Min: 0.0, Avg: 0.0, Max: 0.1, Diff: 0.0, Sum: 0.3]
      [GC Worker Total (ms): Min: 137.1, Avg: 137.2, Max: 137.3, Diff: 0.2, Sum: 1097.4]
      [GC Worker End (ms): Min: 55831.2, Avg: 55831.2, Max: 55831.2, Diff: 0.0]
   [Code Root Fixup: 0.0 ms]
   [Code Root Purge: 0.0 ms]
   [Clear CT: 0.2 ms]
   [Other: 1.5 ms]
      [Choose CSet: 0.0 ms]
      [Ref Proc: 0.6 ms]
      [Ref Enq: 0.0 ms]
      [Redirty Cards: 0.2 ms]
      [Humongous Register: 0.0 ms]
      [Humongous Reclaim: 0.0 ms]
      [Free CSet: 0.3 ms]
   [Eden: 254.0M(254.0M)->0.0B(271.0M) Survivors: 33.0M->36.0M Heap: 603.8M(2048.0M)->605.8M(2048.0M)]
 [Times: user=1.09 sys=0.02, real=0.14 secs] 
2020-09-29T12:30:58.714+0200: 55.974: [GC pause (G1 Evacuation Pause) (young), 0.1465803 secs]
   [Parallel Time: 145.4 ms, GC Workers: 8]
      [GC Worker Start (ms): Min: 55974.1, Avg: 55974.2, Max: 55974.3, Diff: 0.2]
      [Ext Root Scanning (ms): Min: 0.0, Avg: 0.1, Max: 0.2, Diff: 0.2, Sum: 0.5]
      [Update RS (ms): Min: 20.3, Avg: 20.5, Max: 20.9, Diff: 0.6, Sum: 163.9]
         [Processed Buffers: Min: 23, Avg: 24.4, Max: 26, Diff: 3, Sum: 195]
      [Scan RS (ms): Min: 10.3, Avg: 10.7, Max: 10.9, Diff: 0.6, Sum: 85.7]
      [Code Root Scanning (ms): Min: 0.0, Avg: 0.0, Max: 0.0, Diff: 0.0, Sum: 0.0]
      [Object Copy (ms): Min: 113.8, Avg: 113.8, Max: 113.9, Diff: 0.1, Sum: 910.6]
      [Termination (ms): Min: 0.0, Avg: 0.1, Max: 0.1, Diff: 0.1, Sum: 0.4]
         [Termination Attempts: Min: 1, Avg: 365.1, Max: 442, Diff: 441, Sum: 2921]
      [GC Worker Other (ms): Min: 0.0, Avg: 0.0, Max: 0.1, Diff: 0.1, Sum: 0.3]
      [GC Worker Total (ms): Min: 145.1, Avg: 145.2, Max: 145.3, Diff: 0.2, Sum: 1161.5]
      [GC Worker End (ms): Min: 56119.4, Avg: 56119.4, Max: 56119.4, Diff: 0.1]
   [Code Root Fixup: 0.0 ms]
   [Code Root Purge: 0.0 ms]
   [Clear CT: 0.2 ms]
   [Other: 1.0 ms]
      [Choose CSet: 0.0 ms]
      [Ref Proc: 0.2 ms]
      [Ref Enq: 0.0 ms]
      [Redirty Cards: 0.2 ms]
      [Humongous Register: 0.0 ms]
      [Humongous Reclaim: 0.0 ms]
      [Free CSet: 0.3 ms]
   [Eden: 271.0M(271.0M)->0.0B(289.0M) Survivors: 36.0M->39.0M Heap: 920.7M(2048.0M)->921.7M(2048.0M)]
 [Times: user=1.13 sys=0.00, real=0.15 secs] 
2020-09-29T12:30:58.974+0200: 56.233: [GC pause (G1 Humongous Allocation) (young) (initial-mark), 0.1186542 secs]
   [Parallel Time: 117.7 ms, GC Workers: 8]
      [GC Worker Start (ms): Min: 56233.2, Avg: 56233.2, Max: 56233.3, Diff: 0.1]
      [Ext Root Scanning (ms): Min: 0.0, Avg: 0.1, Max: 0.1, Diff: 0.1, Sum: 0.7]
      [Update RS (ms): Min: 14.0, Avg: 14.4, Max: 14.8, Diff: 0.8, Sum: 115.0]
         [Processed Buffers: Min: 15, Avg: 15.9, Max: 16, Diff: 1, Sum: 127]
      [Scan RS (ms): Min: 8.5, Avg: 10.0, Max: 17.5, Diff: 9.0, Sum: 79.9]
      [Code Root Scanning (ms): Min: 0.0, Avg: 0.0, Max: 0.0, Diff: 0.0, Sum: 0.0]
      [Object Copy (ms): Min: 85.8, Avg: 93.0, Max: 94.1, Diff: 8.3, Sum: 743.8]
      [Termination (ms): Min: 0.0, Avg: 0.1, Max: 0.2, Diff: 0.2, Sum: 1.0]
         [Termination Attempts: Min: 1, Avg: 851.8, Max: 1020, Diff: 1019, Sum: 6814]
      [GC Worker Other (ms): Min: 0.0, Avg: 0.0, Max: 0.1, Diff: 0.0, Sum: 0.2]
      [GC Worker Total (ms): Min: 117.5, Avg: 117.6, Max: 117.6, Diff: 0.1, Sum: 940.7]
      [GC Worker End (ms): Min: 56350.8, Avg: 56350.8, Max: 56350.9, Diff: 0.0]
   [Code Root Fixup: 0.0 ms]
   [Code Root Purge: 0.0 ms]
   [Clear CT: 0.2 ms]
   [Other: 0.7 ms]
      [Choose CSet: 0.0 ms]
      [Ref Proc: 0.1 ms]
      [Ref Enq: 0.0 ms]
      [Redirty Cards: 0.2 ms]
      [Humongous Register: 0.0 ms]
      [Humongous Reclaim: 0.0 ms]
      [Free CSet: 0.1 ms]
   [Eden: 185.0M(289.0M)->0.0B(300.0M) Survivors: 39.0M->41.0M Heap: 1136.7M(2048.0M)->1138.7M(2048.0M)]
 [Times: user=0.86 sys=0.00, real=0.12 secs] 
2020-09-29T12:30:59.093+0200: 56.352: [GC concurrent-root-region-scan-start]
2020-09-29T12:30:59.107+0200: 56.366: [GC concurrent-root-region-scan-end, 0.0138506 secs]
2020-09-29T12:30:59.107+0200: 56.366: [GC concurrent-mark-start]
2020-09-29T12:30:59.109+0200: 56.368: [GC concurrent-mark-end, 0.0027029 secs]
2020-09-29T12:30:59.109+0200: 56.369: [GC remark 2020-09-29T12:30:59.109+0200: 56.369: [Finalize Marking, 0.0001680 secs] 2020-09-29T12:30:59.110+0200: 56.369: [GC ref-proc, 0.0002592 secs] 2020-09-29T12:30:59.110+0200: 56.369: [Unloading, 0.0004035 secs], 0.0010999 secs]
 [Times: user=0.00 sys=0.00, real=0.00 secs] 
2020-09-29T12:30:59.111+0200: 56.370: [GC cleanup 1169M->81M(2048M), 0.0010182 secs]
 [Times: user=0.00 sys=0.00, real=0.00 secs] 
2020-09-29T12:30:59.112+0200: 56.371: [GC concurrent-cleanup-start]
2020-09-29T12:30:59.113+0200: 56.372: [GC concurrent-cleanup-end, 0.0013115 secs]
2020-09-29T12:30:59.253+0200: 56.512: [GC pause (G1 Evacuation Pause) (young), 0.1396163 secs]
   [Parallel Time: 138.5 ms, GC Workers: 8]
      [GC Worker Start (ms): Min: 56511.8, Avg: 56511.9, Max: 56512.0, Diff: 0.2]
      [Ext Root Scanning (ms): Min: 0.0, Avg: 0.1, Max: 0.2, Diff: 0.2, Sum: 0.5]
      [Update RS (ms): Min: 16.0, Avg: 16.1, Max: 16.5, Diff: 0.5, Sum: 128.8]
         [Processed Buffers: Min: 19, Avg: 20.6, Max: 23, Diff: 4, Sum: 165]
      [Scan RS (ms): Min: 11.6, Avg: 12.0, Max: 12.2, Diff: 0.6, Sum: 95.9]
      [Code Root Scanning (ms): Min: 0.0, Avg: 0.0, Max: 0.0, Diff: 0.0, Sum: 0.0]
      [Object Copy (ms): Min: 109.9, Avg: 110.0, Max: 110.1, Diff: 0.2, Sum: 880.3]
      [Termination (ms): Min: 0.0, Avg: 0.0, Max: 0.0, Diff: 0.0, Sum: 0.1]
         [Termination Attempts: Min: 1, Avg: 80.9, Max: 107, Diff: 106, Sum: 647]
      [GC Worker Other (ms): Min: 0.0, Avg: 0.0, Max: 0.1, Diff: 0.1, Sum: 0.3]
      [GC Worker Total (ms): Min: 138.1, Avg: 138.2, Max: 138.4, Diff: 0.2, Sum: 1105.9]
      [GC Worker End (ms): Min: 56650.2, Avg: 56650.2, Max: 56650.2, Diff: 0.0]
   [Code Root Fixup: 0.0 ms]
   [Code Root Purge: 0.0 ms]
   [Clear CT: 0.2 ms]
   [Other: 0.9 ms]
      [Choose CSet: 0.0 ms]
      [Ref Proc: 0.2 ms]
      [Ref Enq: 0.0 ms]
      [Redirty Cards: 0.2 ms]
      [Humongous Register: 0.0 ms]
      [Humongous Reclaim: 0.0 ms]
      [Free CSet: 0.3 ms]
   [Eden: 300.0M(300.0M)->0.0B(328.0M) Survivors: 41.0M->43.0M Heap: 402.5M(2048.0M)->363.5M(2048.0M)]
 [Times: user=1.13 sys=0.00, real=0.14 secs] 
2020-09-29T12:30:59.567+0200: 56.826: [GC pause (G1 Evacuation Pause) (young), 0.1693319 secs]
   [Parallel Time: 167.9 ms, GC Workers: 8]
      [GC Worker Start (ms): Min: 56826.4, Avg: 56826.4, Max: 56826.5, Diff: 0.2]
      [Ext Root Scanning (ms): Min: 0.0, Avg: 0.1, Max: 0.1, Diff: 0.1, Sum: 0.7]
      [Update RS (ms): Min: 19.3, Avg: 19.5, Max: 19.7, Diff: 0.3, Sum: 156.0]
         [Processed Buffers: Min: 22, Avg: 23.6, Max: 26, Diff: 4, Sum: 189]
      [Scan RS (ms): Min: 15.7, Avg: 15.9, Max: 16.1, Diff: 0.4, Sum: 127.3]
      [Code Root Scanning (ms): Min: 0.0, Avg: 0.0, Max: 0.0, Diff: 0.0, Sum: 0.0]
      [Object Copy (ms): Min: 132.0, Avg: 132.1, Max: 132.3, Diff: 0.3, Sum: 1057.0]
      [Termination (ms): Min: 0.0, Avg: 0.1, Max: 0.1, Diff: 0.1, Sum: 0.7]
         [Termination Attempts: Min: 1, Avg: 677.8, Max: 831, Diff: 830, Sum: 5422]
      [GC Worker Other (ms): Min: 0.0, Avg: 0.0, Max: 0.1, Diff: 0.1, Sum: 0.3]
      [GC Worker Total (ms): Min: 167.7, Avg: 167.7, Max: 167.8, Diff: 0.1, Sum: 1342.0]
      [GC Worker End (ms): Min: 56994.1, Avg: 56994.2, Max: 56994.2, Diff: 0.1]
   [Code Root Fixup: 0.0 ms]
   [Code Root Purge: 0.0 ms]
   [Clear CT: 0.2 ms]
   [Other: 1.3 ms]
      [Choose CSet: 0.0 ms]
      [Ref Proc: 0.2 ms]
      [Ref Enq: 0.0 ms]
      [Redirty Cards: 0.4 ms]
      [Humongous Register: 0.0 ms]
      [Humongous Reclaim: 0.0 ms]
      [Free CSet: 0.4 ms]
   [Eden: 311.0M(311.0M)->0.0B(334.0M) Survivors: 43.0M->45.0M Heap: 726.0M(2048.0M)->728.0M(2048.0M)]
 [Times: user=1.22 sys=0.01, real=0.17 secs] 
2020-09-29T12:30:59.936+0200: 57.195: [GC pause (G1 Evacuation Pause) (young), 0.1977831 secs]
   [Parallel Time: 196.5 ms, GC Workers: 8]
      [GC Worker Start (ms): Min: 57195.4, Avg: 57195.5, Max: 57195.6, Diff: 0.2]
      [Ext Root Scanning (ms): Min: 0.0, Avg: 0.1, Max: 0.2, Diff: 0.2, Sum: 0.4]
      [Update RS (ms): Min: 19.0, Avg: 19.3, Max: 19.8, Diff: 0.8, Sum: 154.1]
         [Processed Buffers: Min: 20, Avg: 22.5, Max: 24, Diff: 4, Sum: 180]
      [Scan RS (ms): Min: 18.3, Avg: 21.8, Max: 43.7, Diff: 25.3, Sum: 174.1]
      [Code Root Scanning (ms): Min: 0.0, Avg: 0.0, Max: 0.0, Diff: 0.0, Sum: 0.0]
      [Object Copy (ms): Min: 132.5, Avg: 155.0, Max: 158.4, Diff: 25.9, Sum: 1240.3]
      [Termination (ms): Min: 0.0, Avg: 0.1, Max: 0.2, Diff: 0.2, Sum: 1.0]
         [Termination Attempts: Min: 1, Avg: 970.0, Max: 1183, Diff: 1182, Sum: 7760]
      [GC Worker Other (ms): Min: 0.0, Avg: 0.0, Max: 0.1, Diff: 0.0, Sum: 0.3]
      [GC Worker Total (ms): Min: 196.2, Avg: 196.3, Max: 196.4, Diff: 0.2, Sum: 1570.3]
      [GC Worker End (ms): Min: 57391.7, Avg: 57391.8, Max: 57391.8, Diff: 0.1]
   [Code Root Fixup: 0.0 ms]
   [Code Root Purge: 0.0 ms]
   [Clear CT: 0.2 ms]
   [Other: 1.1 ms]
      [Choose CSet: 0.0 ms]
      [Ref Proc: 0.2 ms]
      [Ref Enq: 0.0 ms]
      [Redirty Cards: 0.3 ms]
      [Humongous Register: 0.0 ms]
      [Humongous Reclaim: 0.0 ms]
      [Free CSet: 0.3 ms]
   [Eden: 334.0M(334.0M)->0.0B(315.0M) Survivors: 45.0M->48.0M Heap: 1117.3M(2048.0M)->1118.8M(2048.0M)]
 [Times: user=1.48 sys=0.06, real=0.20 secs] 
2020-09-29T12:31:00.142+0200: 57.401: [GC pause (G1 Humongous Allocation) (young) (initial-mark), 0.0687609 secs]
   [Parallel Time: 67.8 ms, GC Workers: 8]
      [GC Worker Start (ms): Min: 57401.6, Avg: 57401.6, Max: 57401.7, Diff: 0.1]
      [Ext Root Scanning (ms): Min: 0.0, Avg: 0.1, Max: 0.1, Diff: 0.1, Sum: 0.7]
      [Update RS (ms): Min: 43.1, Avg: 43.3, Max: 43.6, Diff: 0.5, Sum: 346.3]
         [Processed Buffers: Min: 47, Avg: 51.3, Max: 54, Diff: 7, Sum: 410]
      [Scan RS (ms): Min: 2.6, Avg: 2.9, Max: 3.1, Diff: 0.5, Sum: 23.5]
      [Code Root Scanning (ms): Min: 0.0, Avg: 0.0, Max: 0.0, Diff: 0.0, Sum: 0.0]
      [Object Copy (ms): Min: 21.2, Avg: 21.3, Max: 21.3, Diff: 0.1, Sum: 170.1]
      [Termination (ms): Min: 0.0, Avg: 0.0, Max: 0.0, Diff: 0.0, Sum: 0.3]
         [Termination Attempts: Min: 1, Avg: 224.8, Max: 284, Diff: 283, Sum: 1798]
      [GC Worker Other (ms): Min: 0.0, Avg: 0.0, Max: 0.0, Diff: 0.0, Sum: 0.2]
      [GC Worker Total (ms): Min: 67.6, Avg: 67.6, Max: 67.7, Diff: 0.1, Sum: 541.0]
      [GC Worker End (ms): Min: 57469.2, Avg: 57469.2, Max: 57469.3, Diff: 0.0]
   [Code Root Fixup: 0.0 ms]
   [Code Root Purge: 0.0 ms]
   [Clear CT: 0.2 ms]
   [Other: 0.8 ms]
      [Choose CSet: 0.0 ms]
      [Ref Proc: 0.1 ms]
      [Ref Enq: 0.0 ms]
      [Redirty Cards: 0.1 ms]
      [Humongous Register: 0.1 ms]
      [Humongous Reclaim: 0.0 ms]
      [Free CSet: 0.1 ms]
   [Eden: 5120.0K(315.0M)->0.0B(349.0M) Survivors: 48.0M->8192.0K Heap: 1123.8M(2048.0M)->1128.3M(2048.0M)]
 [Times: user=0.63 sys=0.00, real=0.07 secs] 
2020-09-29T12:31:00.211+0200: 57.470: [GC concurrent-root-region-scan-start]
2020-09-29T12:31:00.213+0200: 57.472: [GC concurrent-root-region-scan-end, 0.0021170 secs]
2020-09-29T12:31:00.213+0200: 57.472: [GC concurrent-mark-start]
2020-09-29T12:31:00.217+0200: 57.477: [GC concurrent-mark-end, 0.0044444 secs]
2020-09-29T12:31:00.218+0200: 57.477: [GC remark 2020-09-29T12:31:00.218+0200: 57.477: [Finalize Marking, 0.0004587 secs] 2020-09-29T12:31:00.218+0200: 57.478: [GC ref-proc, 0.0005522 secs] 2020-09-29T12:31:00.219+0200: 57.478: [Unloading, 0.0011807 secs], 0.0027285 secs]
 [Times: user=0.00 sys=0.00, real=0.00 secs] 
2020-09-29T12:31:00.221+0200: 57.480: [GC cleanup 1141M->30M(2048M), 0.0030417 secs]
 [Times: user=0.05 sys=0.00, real=0.00 secs] 
2020-09-29T12:31:00.224+0200: 57.483: [GC concurrent-cleanup-start]
2020-09-29T12:31:00.227+0200: 57.486: [GC concurrent-cleanup-end, 0.0030554 secs]
2020-09-29T12:31:00.440+0200: 57.699: [GC pause (G1 Evacuation Pause) (young), 0.2209204 secs]
   [Parallel Time: 219.6 ms, GC Workers: 8]
      [GC Worker Start (ms): Min: 57699.6, Avg: 57699.7, Max: 57699.7, Diff: 0.2]
      [Ext Root Scanning (ms): Min: 0.0, Avg: 0.1, Max: 0.2, Diff: 0.2, Sum: 0.7]
      [Update RS (ms): Min: 26.9, Avg: 27.6, Max: 31.2, Diff: 4.3, Sum: 220.8]
         [Processed Buffers: Min: 0, Avg: 25.8, Max: 31, Diff: 31, Sum: 206]
      [Scan RS (ms): Min: 13.1, Avg: 19.1, Max: 36.3, Diff: 23.2, Sum: 152.8]
      [Code Root Scanning (ms): Min: 0.0, Avg: 0.0, Max: 0.0, Diff: 0.0, Sum: 0.0]
      [Object Copy (ms): Min: 155.9, Avg: 172.5, Max: 174.9, Diff: 19.0, Sum: 1380.0]
      [Termination (ms): Min: 0.0, Avg: 0.1, Max: 0.1, Diff: 0.1, Sum: 0.7]
         [Termination Attempts: Min: 1, Avg: 655.3, Max: 805, Diff: 804, Sum: 5242]
      [GC Worker Other (ms): Min: 0.1, Avg: 0.1, Max: 0.1, Diff: 0.1, Sum: 0.6]
      [GC Worker Total (ms): Min: 219.4, Avg: 219.4, Max: 219.5, Diff: 0.1, Sum: 1755.5]
      [GC Worker End (ms): Min: 57919.1, Avg: 57919.1, Max: 57919.1, Diff: 0.1]
   [Code Root Fixup: 0.0 ms]
   [Code Root Purge: 0.0 ms]
   [Clear CT: 0.2 ms]
   [Other: 1.1 ms]
      [Choose CSet: 0.0 ms]
      [Ref Proc: 0.2 ms]
      [Ref Enq: 0.0 ms]
      [Redirty Cards: 0.2 ms]
      [Humongous Register: 0.0 ms]
      [Humongous Reclaim: 0.0 ms]
      [Free CSet: 0.4 ms]
   [Eden: 349.0M(349.0M)->0.0B(270.0M) Survivors: 8192.0K->45.0M Heap: 425.6M(2048.0M)->420.6M(2048.0M)]
 [Times: user=1.66 sys=0.00, real=0.22 secs] 
2020-09-29T12:31:00.909+0200: 58.168: [GC pause (G1 Evacuation Pause) (young), 0.3260667 secs]
   [Parallel Time: 323.9 ms, GC Workers: 8]
      [GC Worker Start (ms): Min: 58168.3, Avg: 58168.4, Max: 58168.6, Diff: 0.3]
      [Ext Root Scanning (ms): Min: 0.0, Avg: 0.1, Max: 0.2, Diff: 0.2, Sum: 0.8]
      [Update RS (ms): Min: 28.6, Avg: 28.7, Max: 28.8, Diff: 0.2, Sum: 229.5]
         [Processed Buffers: Min: 20, Avg: 21.9, Max: 24, Diff: 4, Sum: 175]
      [Scan RS (ms): Min: 23.8, Avg: 25.3, Max: 35.4, Diff: 11.6, Sum: 202.4]
      [Code Root Scanning (ms): Min: 0.0, Avg: 0.0, Max: 0.0, Diff: 0.0, Sum: 0.0]
      [Object Copy (ms): Min: 259.1, Avg: 269.2, Max: 270.9, Diff: 11.8, Sum: 2153.8]
      [Termination (ms): Min: 0.0, Avg: 0.2, Max: 0.3, Diff: 0.3, Sum: 1.7]
         [Termination Attempts: Min: 1, Avg: 803.9, Max: 1083, Diff: 1082, Sum: 6431]
      [GC Worker Other (ms): Min: 0.0, Avg: 0.1, Max: 0.2, Diff: 0.1, Sum: 0.6]
      [GC Worker Total (ms): Min: 323.4, Avg: 323.6, Max: 323.8, Diff: 0.4, Sum: 2588.8]
      [GC Worker End (ms): Min: 58492.0, Avg: 58492.0, Max: 58492.1, Diff: 0.1]
   [Code Root Fixup: 0.0 ms]
   [Code Root Purge: 0.0 ms]
   [Clear CT: 0.5 ms]
   [Other: 1.6 ms]
      [Choose CSet: 0.0 ms]
      [Ref Proc: 0.3 ms]
      [Ref Enq: 0.0 ms]
      [Redirty Cards: 0.5 ms]
      [Humongous Register: 0.1 ms]
      [Humongous Reclaim: 0.0 ms]
      [Free CSet: 0.4 ms]
   [Eden: 270.0M(270.0M)->0.0B(158.0M) Survivors: 45.0M->40.0M Heap: 736.4M(2048.0M)->738.4M(2048.0M)]
 [Times: user=2.34 sys=0.02, real=0.33 secs] 
2020-09-29T12:31:01.403+0200: 58.661: [GC pause (G1 Evacuation Pause) (young), 0.1646529 secs]
   [Parallel Time: 163.3 ms, GC Workers: 8]
      [GC Worker Start (ms): Min: 58661.6, Avg: 58661.7, Max: 58661.8, Diff: 0.2]
      [Ext Root Scanning (ms): Min: 0.0, Avg: 0.1, Max: 0.2, Diff: 0.2, Sum: 0.9]
      [Update RS (ms): Min: 23.5, Avg: 24.0, Max: 24.7, Diff: 1.2, Sum: 192.3]
         [Processed Buffers: Min: 15, Avg: 17.3, Max: 19, Diff: 4, Sum: 138]
      [Scan RS (ms): Min: 10.4, Avg: 11.0, Max: 11.5, Diff: 1.1, Sum: 88.0]
      [Code Root Scanning (ms): Min: 0.0, Avg: 0.0, Max: 0.0, Diff: 0.0, Sum: 0.0]
      [Object Copy (ms): Min: 127.7, Avg: 127.8, Max: 127.8, Diff: 0.1, Sum: 1022.4]
      [Termination (ms): Min: 0.0, Avg: 0.0, Max: 0.0, Diff: 0.0, Sum: 0.1]
         [Termination Attempts: Min: 1, Avg: 23.1, Max: 35, Diff: 34, Sum: 185]
      [GC Worker Other (ms): Min: 0.0, Avg: 0.1, Max: 0.1, Diff: 0.1, Sum: 0.4]
      [GC Worker Total (ms): Min: 162.9, Avg: 163.0, Max: 163.1, Diff: 0.1, Sum: 1304.1]
      [GC Worker End (ms): Min: 58824.7, Avg: 58824.7, Max: 58824.7, Diff: 0.1]
   [Code Root Fixup: 0.0 ms]
   [Code Root Purge: 0.0 ms]
   [Clear CT: 0.3 ms]
   [Other: 1.1 ms]
      [Choose CSet: 0.0 ms]
      [Ref Proc: 0.2 ms]
      [Ref Enq: 0.0 ms]
      [Redirty Cards: 0.3 ms]
      [Humongous Register: 0.1 ms]
      [Humongous Reclaim: 0.0 ms]
      [Free CSet: 0.3 ms]
   [Eden: 158.0M(158.0M)->0.0B(170.0M) Survivors: 40.0M->25.0M Heap: 921.2M(2048.0M)->923.7M(2048.0M)]
 [Times: user=1.30 sys=0.00, real=0.16 secs] 
2020-09-29T12:31:01.652+0200: 58.911: [GC pause (G1 Humongous Allocation) (young) (initial-mark), 0.1055787 secs]
   [Parallel Time: 104.1 ms, GC Workers: 8]
      [GC Worker Start (ms): Min: 58910.9, Avg: 58910.9, Max: 58911.1, Diff: 0.2]
      [Ext Root Scanning (ms): Min: 0.0, Avg: 0.2, Max: 0.3, Diff: 0.3, Sum: 1.5]
      [Update RS (ms): Min: 22.4, Avg: 23.1, Max: 23.5, Diff: 1.1, Sum: 184.6]
         [Processed Buffers: Min: 16, Avg: 16.9, Max: 18, Diff: 2, Sum: 135]
      [Scan RS (ms): Min: 2.3, Avg: 2.7, Max: 3.3, Diff: 1.1, Sum: 21.2]
      [Code Root Scanning (ms): Min: 0.0, Avg: 0.0, Max: 0.0, Diff: 0.0, Sum: 0.0]
      [Object Copy (ms): Min: 77.6, Avg: 77.8, Max: 77.9, Diff: 0.3, Sum: 622.0]
      [Termination (ms): Min: 0.0, Avg: 0.1, Max: 0.2, Diff: 0.2, Sum: 1.0]
         [Termination Attempts: Min: 1, Avg: 450.9, Max: 607, Diff: 606, Sum: 3607]
      [GC Worker Other (ms): Min: 0.0, Avg: 0.0, Max: 0.1, Diff: 0.1, Sum: 0.3]
      [GC Worker Total (ms): Min: 103.7, Avg: 103.8, Max: 103.9, Diff: 0.3, Sum: 830.6]
      [GC Worker End (ms): Min: 59014.7, Avg: 59014.8, Max: 59014.8, Diff: 0.1]
   [Code Root Fixup: 0.0 ms]
   [Code Root Purge: 0.0 ms]
   [Clear CT: 0.3 ms]
   [Other: 1.2 ms]
      [Choose CSet: 0.0 ms]
      [Ref Proc: 0.3 ms]
      [Ref Enq: 0.0 ms]
      [Redirty Cards: 0.3 ms]
      [Humongous Register: 0.1 ms]
      [Humongous Reclaim: 0.0 ms]
      [Free CSet: 0.2 ms]
   [Eden: 93.0M(170.0M)->0.0B(178.0M) Survivors: 25.0M->25.0M Heap: 1032.0M(2048.0M)->1033.5M(2048.0M)]
 [Times: user=0.86 sys=0.02, real=0.11 secs] 
2020-09-29T12:31:01.758+0200: 59.017: [GC concurrent-root-region-scan-start]
2020-09-29T12:31:01.772+0200: 59.031: [GC concurrent-root-region-scan-end, 0.0140976 secs]
2020-09-29T12:31:01.772+0200: 59.031: [GC concurrent-mark-start]
2020-09-29T12:31:01.777+0200: 59.036: [GC concurrent-mark-end, 0.0055008 secs]
2020-09-29T12:31:01.778+0200: 59.037: [GC remark 2020-09-29T12:31:01.778+0200: 59.037: [Finalize Marking, 0.0004386 secs] 2020-09-29T12:31:01.778+0200: 59.037: [GC ref-proc, 0.0006032 secs] 2020-09-29T12:31:01.779+0200: 59.038: [Unloading, 0.0008137 secs], 0.0024558 secs]
 [Times: user=0.00 sys=0.00, real=0.00 secs] 
2020-09-29T12:31:01.781+0200: 59.040: [GC cleanup 1059M->60M(2048M), 0.0021695 secs]
 [Times: user=0.00 sys=0.00, real=0.00 secs] 
2020-09-29T12:31:01.783+0200: 59.042: [GC concurrent-cleanup-start]
2020-09-29T12:31:01.786+0200: 59.045: [GC concurrent-cleanup-end, 0.0028345 secs]
2020-09-29T12:31:01.929+0200: 59.188: [GC pause (G1 Evacuation Pause) (young), 0.2005509 secs]
   [Parallel Time: 199.0 ms, GC Workers: 8]
      [GC Worker Start (ms): Min: 59187.8, Avg: 59189.4, Max: 59200.4, Diff: 12.6]
      [Ext Root Scanning (ms): Min: 0.0, Avg: 0.1, Max: 0.2, Diff: 0.2, Sum: 0.9]
      [Update RS (ms): Min: 14.9, Avg: 26.4, Max: 31.5, Diff: 16.6, Sum: 211.0]
         [Processed Buffers: Min: 0, Avg: 16.8, Max: 21, Diff: 21, Sum: 134]
      [Scan RS (ms): Min: 6.1, Avg: 13.8, Max: 36.3, Diff: 30.2, Sum: 110.2]
      [Code Root Scanning (ms): Min: 0.0, Avg: 0.0, Max: 0.0, Diff: 0.0, Sum: 0.0]
      [Object Copy (ms): Min: 134.9, Avg: 156.7, Max: 160.9, Diff: 26.0, Sum: 1253.8]
      [Termination (ms): Min: 0.0, Avg: 0.1, Max: 0.1, Diff: 0.1, Sum: 0.9]
         [Termination Attempts: Min: 1, Avg: 438.5, Max: 551, Diff: 550, Sum: 3508]
      [GC Worker Other (ms): Min: 0.0, Avg: 0.0, Max: 0.1, Diff: 0.1, Sum: 0.4]
      [GC Worker Total (ms): Min: 186.2, Avg: 197.1, Max: 198.8, Diff: 12.6, Sum: 1577.2]
      [GC Worker End (ms): Min: 59386.5, Avg: 59386.6, Max: 59386.6, Diff: 0.1]
   [Code Root Fixup: 0.0 ms]
   [Code Root Purge: 0.0 ms]
   [Clear CT: 0.3 ms]
   [Other: 1.3 ms]
      [Choose CSet: 0.0 ms]
      [Ref Proc: 0.3 ms]
      [Ref Enq: 0.0 ms]
      [Redirty Cards: 0.3 ms]
      [Humongous Register: 0.1 ms]
      [Humongous Reclaim: 0.0 ms]
      [Free CSet: 0.3 ms]
   [Eden: 178.0M(178.0M)->0.0B(151.0M) Survivors: 25.0M->26.0M Heap: 243.5M(2048.0M)->220.5M(2048.0M)]
 [Times: user=1.28 sys=0.00, real=0.20 secs] 
2020-09-29T12:31:02.270+0200: 59.529: [GC pause (G1 Evacuation Pause) (young), 0.1521676 secs]
   [Parallel Time: 150.6 ms, GC Workers: 8]
      [GC Worker Start (ms): Min: 59528.7, Avg: 59528.8, Max: 59528.9, Diff: 0.2]
      [Ext Root Scanning (ms): Min: 0.0, Avg: 0.1, Max: 0.2, Diff: 0.2, Sum: 0.9]
      [Update RS (ms): Min: 18.6, Avg: 19.2, Max: 20.0, Diff: 1.3, Sum: 153.6]
         [Processed Buffers: Min: 13, Avg: 14.0, Max: 16, Diff: 3, Sum: 112]
      [Scan RS (ms): Min: 11.0, Avg: 11.9, Max: 12.4, Diff: 1.4, Sum: 95.1]
      [Code Root Scanning (ms): Min: 0.0, Avg: 0.0, Max: 0.0, Diff: 0.0, Sum: 0.0]
      [Object Copy (ms): Min: 118.5, Avg: 119.1, Max: 119.2, Diff: 0.8, Sum: 952.5]
      [Termination (ms): Min: 0.0, Avg: 0.0, Max: 0.0, Diff: 0.0, Sum: 0.2]
         [Termination Attempts: Min: 1, Avg: 111.5, Max: 139, Diff: 138, Sum: 892]
      [GC Worker Other (ms): Min: 0.0, Avg: 0.0, Max: 0.1, Diff: 0.0, Sum: 0.2]
      [GC Worker Total (ms): Min: 150.2, Avg: 150.3, Max: 150.4, Diff: 0.3, Sum: 1202.5]
      [GC Worker End (ms): Min: 59679.1, Avg: 59679.1, Max: 59679.1, Diff: 0.0]
   [Code Root Fixup: 0.0 ms]
   [Code Root Purge: 0.0 ms]
   [Clear CT: 0.2 ms]
   [Other: 1.3 ms]
      [Choose CSet: 0.0 ms]
      [Ref Proc: 0.3 ms]
      [Ref Enq: 0.0 ms]
      [Redirty Cards: 0.3 ms]
      [Humongous Register: 0.1 ms]
      [Humongous Reclaim: 0.0 ms]
      [Free CSet: 0.2 ms]
   [Eden: 151.0M(151.0M)->0.0B(163.0M) Survivors: 26.0M->23.0M Heap: 396.3M(2048.0M)->398.8M(2048.0M)]
 [Times: user=1.17 sys=0.00, real=0.15 secs] 
2020-09-29T12:31:02.564+0200: 59.823: [GC pause (G1 Evacuation Pause) (young), 0.1490389 secs]
   [Parallel Time: 147.7 ms, GC Workers: 8]
      [GC Worker Start (ms): Min: 59822.9, Avg: 59822.9, Max: 59823.0, Diff: 0.1]
      [Ext Root Scanning (ms): Min: 0.0, Avg: 0.1, Max: 0.2, Diff: 0.1, Sum: 0.9]
      [Update RS (ms): Min: 22.2, Avg: 22.6, Max: 23.1, Diff: 0.9, Sum: 180.9]
         [Processed Buffers: Min: 15, Avg: 16.1, Max: 17, Diff: 2, Sum: 129]
      [Scan RS (ms): Min: 9.1, Avg: 9.6, Max: 10.1, Diff: 1.0, Sum: 77.1]
      [Code Root Scanning (ms): Min: 0.0, Avg: 0.0, Max: 0.0, Diff: 0.0, Sum: 0.0]
      [Object Copy (ms): Min: 115.0, Avg: 115.0, Max: 115.1, Diff: 0.1, Sum: 920.4]
      [Termination (ms): Min: 0.0, Avg: 0.0, Max: 0.0, Diff: 0.0, Sum: 0.0]
         [Termination Attempts: Min: 1, Avg: 7.8, Max: 14, Diff: 13, Sum: 62]
      [GC Worker Other (ms): Min: 0.0, Avg: 0.0, Max: 0.1, Diff: 0.1, Sum: 0.3]
      [GC Worker Total (ms): Min: 147.4, Avg: 147.5, Max: 147.6, Diff: 0.2, Sum: 1179.6]
      [GC Worker End (ms): Min: 59970.4, Avg: 59970.4, Max: 59970.4, Diff: 0.1]
   [Code Root Fixup: 0.0 ms]
   [Code Root Purge: 0.0 ms]
   [Clear CT: 0.2 ms]
   [Other: 1.1 ms]
      [Choose CSet: 0.0 ms]
      [Ref Proc: 0.2 ms]
      [Ref Enq: 0.0 ms]
      [Redirty Cards: 0.4 ms]
      [Humongous Register: 0.1 ms]
      [Humongous Reclaim: 0.0 ms]
      [Free CSet: 0.2 ms]
   [Eden: 163.0M(163.0M)->0.0B(175.0M) Survivors: 23.0M->24.0M Heap: 588.5M(2048.0M)->590.5M(2048.0M)]
 [Times: user=1.25 sys=0.00, real=0.15 secs] 
2020-09-29T12:31:02.875+0200: 60.133: [GC pause (G1 Evacuation Pause) (young), 0.1941226 secs]
   [Parallel Time: 192.6 ms, GC Workers: 8]
      [GC Worker Start (ms): Min: 60133.6, Avg: 60137.7, Max: 60165.5, Diff: 31.9]
      [Ext Root Scanning (ms): Min: 0.0, Avg: 0.1, Max: 0.2, Diff: 0.2, Sum: 0.7]
      [Update RS (ms): Min: 0.0, Avg: 15.6, Max: 18.0, Diff: 18.0, Sum: 124.9]
         [Processed Buffers: Min: 0, Avg: 12.8, Max: 16, Diff: 16, Sum: 102]
      [Scan RS (ms): Min: 1.9, Avg: 16.7, Max: 37.7, Diff: 35.9, Sum: 133.9]
      [Code Root Scanning (ms): Min: 0.0, Avg: 0.0, Max: 0.0, Diff: 0.0, Sum: 0.0]
      [Object Copy (ms): Min: 136.6, Avg: 155.9, Max: 158.7, Diff: 22.1, Sum: 1246.9]
      [Termination (ms): Min: 0.0, Avg: 0.0, Max: 0.0, Diff: 0.0, Sum: 0.1]
         [Termination Attempts: Min: 1, Avg: 56.5, Max: 79, Diff: 78, Sum: 452]
      [GC Worker Other (ms): Min: 0.0, Avg: 0.0, Max: 0.1, Diff: 0.0, Sum: 0.3]
      [GC Worker Total (ms): Min: 160.6, Avg: 188.4, Max: 192.4, Diff: 31.9, Sum: 1506.9]
      [GC Worker End (ms): Min: 60326.0, Avg: 60326.0, Max: 60326.0, Diff: 0.0]
   [Code Root Fixup: 0.0 ms]
   [Code Root Purge: 0.0 ms]
   [Clear CT: 0.3 ms]
   [Other: 1.2 ms]
      [Choose CSet: 0.0 ms]
      [Ref Proc: 0.2 ms]
      [Ref Enq: 0.0 ms]
      [Redirty Cards: 0.4 ms]
      [Humongous Register: 0.1 ms]
      [Humongous Reclaim: 0.0 ms]
      [Free CSet: 0.3 ms]
   [Eden: 175.0M(175.0M)->0.0B(165.0M) Survivors: 24.0M->25.0M Heap: 796.0M(2048.0M)->798.0M(2048.0M)]
 [Times: user=1.56 sys=0.00, real=0.19 secs] 
2020-09-29T12:31:03.216+0200: 60.475: [GC pause (G1 Evacuation Pause) (young), 0.1567944 secs]
   [Parallel Time: 155.2 ms, GC Workers: 8]
      [GC Worker Start (ms): Min: 60475.2, Avg: 60475.3, Max: 60475.3, Diff: 0.2]
      [Ext Root Scanning (ms): Min: 0.0, Avg: 0.1, Max: 0.2, Diff: 0.2, Sum: 0.8]
      [Update RS (ms): Min: 20.6, Avg: 20.8, Max: 21.0, Diff: 0.4, Sum: 166.3]
         [Processed Buffers: Min: 14, Avg: 15.3, Max: 16, Diff: 2, Sum: 122]
      [Scan RS (ms): Min: 11.4, Avg: 11.7, Max: 11.9, Diff: 0.5, Sum: 93.6]
      [Code Root Scanning (ms): Min: 0.0, Avg: 0.0, Max: 0.0, Diff: 0.0, Sum: 0.0]
      [Object Copy (ms): Min: 122.2, Avg: 122.3, Max: 122.3, Diff: 0.1, Sum: 978.3]
      [Termination (ms): Min: 0.0, Avg: 0.0, Max: 0.0, Diff: 0.0, Sum: 0.2]
         [Termination Attempts: Min: 1, Avg: 81.5, Max: 101, Diff: 100, Sum: 652]
      [GC Worker Other (ms): Min: 0.0, Avg: 0.0, Max: 0.1, Diff: 0.1, Sum: 0.3]
      [GC Worker Total (ms): Min: 154.9, Avg: 154.9, Max: 155.0, Diff: 0.2, Sum: 1239.5]
      [GC Worker End (ms): Min: 60630.2, Avg: 60630.2, Max: 60630.2, Diff: 0.0]
   [Code Root Fixup: 0.0 ms]
   [Code Root Purge: 0.0 ms]
   [Clear CT: 0.3 ms]
   [Other: 1.3 ms]
      [Choose CSet: 0.0 ms]
      [Ref Proc: 0.3 ms]
      [Ref Enq: 0.0 ms]
      [Redirty Cards: 0.4 ms]
      [Humongous Register: 0.1 ms]
      [Humongous Reclaim: 0.0 ms]
      [Free CSet: 0.3 ms]
   [Eden: 165.0M(165.0M)->0.0B(177.0M) Survivors: 25.0M->24.0M Heap: 989.7M(2048.0M)->992.7M(2048.0M)]
 [Times: user=1.23 sys=0.00, real=0.16 secs] 
2020-09-29T12:31:03.387+0200: 60.646: [GC pause (G1 Humongous Allocation) (young) (initial-mark), 0.0551708 secs]
   [Parallel Time: 54.0 ms, GC Workers: 8]
      [GC Worker Start (ms): Min: 60646.5, Avg: 60646.6, Max: 60646.8, Diff: 0.2]
      [Ext Root Scanning (ms): Min: 0.0, Avg: 1.2, Max: 8.0, Diff: 8.0, Sum: 9.3]
      [Update RS (ms): Min: 22.9, Avg: 29.1, Max: 30.2, Diff: 7.3, Sum: 232.5]
         [Processed Buffers: Min: 17, Avg: 20.6, Max: 24, Diff: 7, Sum: 165]
      [Scan RS (ms): Min: 1.9, Avg: 2.7, Max: 4.1, Diff: 2.2, Sum: 21.7]
      [Code Root Scanning (ms): Min: 0.0, Avg: 0.0, Max: 0.0, Diff: 0.0, Sum: 0.0]
      [Object Copy (ms): Min: 19.7, Avg: 20.8, Max: 21.1, Diff: 1.4, Sum: 166.4]
      [Termination (ms): Min: 0.0, Avg: 0.0, Max: 0.0, Diff: 0.0, Sum: 0.2]
         [Termination Attempts: Min: 1, Avg: 82.0, Max: 108, Diff: 107, Sum: 656]
      [GC Worker Other (ms): Min: 0.0, Avg: 0.0, Max: 0.0, Diff: 0.0, Sum: 0.2]
      [GC Worker Total (ms): Min: 53.6, Avg: 53.8, Max: 53.9, Diff: 0.2, Sum: 430.3]
      [GC Worker End (ms): Min: 60700.4, Avg: 60700.4, Max: 60700.4, Diff: 0.0]
   [Code Root Fixup: 0.0 ms]
   [Code Root Purge: 0.0 ms]
   [Clear CT: 0.4 ms]
   [Other: 0.8 ms]
      [Choose CSet: 0.0 ms]
      [Ref Proc: 0.2 ms]
      [Ref Enq: 0.0 ms]
      [Redirty Cards: 0.2 ms]
      [Humongous Register: 0.0 ms]
      [Humongous Reclaim: 0.0 ms]
      [Free CSet: 0.1 ms]
   [Eden: 4096.0K(177.0M)->0.0B(202.0M) Survivors: 24.0M->6144.0K Heap: 996.2M(2048.0M)->999.7M(2048.0M)]
 [Times: user=0.38 sys=0.00, real=0.06 secs] 
2020-09-29T12:31:03.443+0200: 60.702: [GC concurrent-root-region-scan-start]
2020-09-29T12:31:03.445+0200: 60.704: [GC concurrent-root-region-scan-end, 0.0022441 secs]
2020-09-29T12:31:03.445+0200: 60.704: [GC concurrent-mark-start]
2020-09-29T12:31:03.449+0200: 60.708: [GC concurrent-mark-end, 0.0041543 secs]
2020-09-29T12:31:03.449+0200: 60.708: [GC remark 2020-09-29T12:31:03.449+0200: 60.709: [Finalize Marking, 0.0003258 secs] 2020-09-29T12:31:03.450+0200: 60.709: [GC ref-proc, 0.0005670 secs] 2020-09-29T12:31:03.450+0200: 60.709: [Unloading, 0.0006658 secs], 0.0020268 secs]
 [Times: user=0.00 sys=0.00, real=0.00 secs] 
2020-09-29T12:31:03.452+0200: 60.711: [GC cleanup 1009M->25M(2048M), 0.0019864 secs]
 [Times: user=0.00 sys=0.00, real=0.00 secs] 
2020-09-29T12:31:03.454+0200: 60.713: [GC concurrent-cleanup-start]
2020-09-29T12:31:03.456+0200: 60.715: [GC concurrent-cleanup-end, 0.0020905 secs]
2020-09-29T12:31:03.624+0200: 60.883: [GC pause (G1 Evacuation Pause) (young), 0.2098173 secs]
   [Parallel Time: 208.2 ms, GC Workers: 8]
      [GC Worker Start (ms): Min: 60883.2, Avg: 60883.3, Max: 60883.4, Diff: 0.2]
      [Ext Root Scanning (ms): Min: 0.0, Avg: 0.1, Max: 0.2, Diff: 0.2, Sum: 0.9]
      [Update RS (ms): Min: 17.0, Avg: 18.9, Max: 30.1, Diff: 13.0, Sum: 151.0]
         [Processed Buffers: Min: 0, Avg: 11.6, Max: 16, Diff: 16, Sum: 93]
      [Scan RS (ms): Min: 3.7, Avg: 14.8, Max: 16.6, Diff: 12.9, Sum: 118.2]
      [Code Root Scanning (ms): Min: 0.0, Avg: 0.0, Max: 0.0, Diff: 0.0, Sum: 0.0]
      [Object Copy (ms): Min: 173.3, Avg: 173.5, Max: 174.0, Diff: 0.7, Sum: 1387.9]
      [Termination (ms): Min: 0.0, Avg: 0.6, Max: 0.7, Diff: 0.7, Sum: 4.4]
         [Termination Attempts: Min: 1, Avg: 2337.8, Max: 2979, Diff: 2978, Sum: 18702]
      [GC Worker Other (ms): Min: 0.0, Avg: 0.0, Max: 0.1, Diff: 0.1, Sum: 0.4]
      [GC Worker Total (ms): Min: 207.7, Avg: 207.9, Max: 208.0, Diff: 0.2, Sum: 1662.9]
      [GC Worker End (ms): Min: 61091.1, Avg: 61091.1, Max: 61091.2, Diff: 0.1]
   [Code Root Fixup: 0.0 ms]
   [Code Root Purge: 0.0 ms]
   [Clear CT: 0.2 ms]
   [Other: 1.4 ms]
      [Choose CSet: 0.0 ms]
      [Ref Proc: 0.4 ms]
      [Ref Enq: 0.0 ms]
      [Redirty Cards: 0.4 ms]
      [Humongous Register: 0.1 ms]
      [Humongous Reclaim: 0.0 ms]
      [Free CSet: 0.3 ms]
   [Eden: 202.0M(202.0M)->0.0B(164.0M) Survivors: 6144.0K->26.0M Heap: 251.8M(2048.0M)->248.3M(2048.0M)]
 [Times: user=1.61 sys=0.00, real=0.21 secs] 
2020-09-29T12:31:03.983+0200: 61.242: [GC pause (G1 Evacuation Pause) (young), 0.1560249 secs]
   [Parallel Time: 154.5 ms, GC Workers: 8]
      [GC Worker Start (ms): Min: 61242.3, Avg: 61242.4, Max: 61242.6, Diff: 0.2]
      [Ext Root Scanning (ms): Min: 0.0, Avg: 0.1, Max: 0.2, Diff: 0.2, Sum: 1.0]
      [Update RS (ms): Min: 16.7, Avg: 17.6, Max: 18.0, Diff: 1.3, Sum: 140.6]
         [Processed Buffers: Min: 11, Avg: 12.6, Max: 14, Diff: 3, Sum: 101]
      [Scan RS (ms): Min: 11.7, Avg: 12.2, Max: 13.0, Diff: 1.3, Sum: 97.5]
      [Code Root Scanning (ms): Min: 0.0, Avg: 0.0, Max: 0.0, Diff: 0.0, Sum: 0.0]
      [Object Copy (ms): Min: 124.2, Avg: 124.3, Max: 124.3, Diff: 0.1, Sum: 994.1]
      [Termination (ms): Min: 0.0, Avg: 0.1, Max: 0.1, Diff: 0.1, Sum: 0.5]
         [Termination Attempts: Min: 1, Avg: 252.5, Max: 320, Diff: 319, Sum: 2020]
      [GC Worker Other (ms): Min: 0.0, Avg: 0.0, Max: 0.1, Diff: 0.1, Sum: 0.3]
      [GC Worker Total (ms): Min: 154.1, Avg: 154.2, Max: 154.4, Diff: 0.3, Sum: 1234.0]
      [GC Worker End (ms): Min: 61396.6, Avg: 61396.7, Max: 61396.7, Diff: 0.1]
   [Code Root Fixup: 0.0 ms]
   [Code Root Purge: 0.0 ms]
   [Clear CT: 0.3 ms]
   [Other: 1.2 ms]
      [Choose CSet: 0.0 ms]
      [Ref Proc: 0.2 ms]
      [Ref Enq: 0.0 ms]
      [Redirty Cards: 0.3 ms]
      [Humongous Register: 0.1 ms]
      [Humongous Reclaim: 0.0 ms]
      [Free CSet: 0.3 ms]
   [Eden: 164.0M(164.0M)->0.0B(173.0M) Survivors: 26.0M->24.0M Heap: 439.0M(2048.0M)->440.5M(2048.0M)]
 [Times: user=1.22 sys=0.02, real=0.16 secs] 
2020-09-29T12:31:04.297+0200: 61.556: [GC pause (G1 Evacuation Pause) (young), 0.1607398 secs]
   [Parallel Time: 159.4 ms, GC Workers: 8]
      [GC Worker Start (ms): Min: 61556.0, Avg: 61556.1, Max: 61556.2, Diff: 0.2]
      [Ext Root Scanning (ms): Min: 0.0, Avg: 0.1, Max: 0.2, Diff: 0.2, Sum: 0.9]
      [Update RS (ms): Min: 17.5, Avg: 17.7, Max: 18.6, Diff: 1.1, Sum: 141.5]
         [Processed Buffers: Min: 12, Avg: 13.9, Max: 17, Diff: 5, Sum: 111]
      [Scan RS (ms): Min: 12.4, Avg: 13.3, Max: 13.5, Diff: 1.2, Sum: 106.5]
      [Code Root Scanning (ms): Min: 0.0, Avg: 0.0, Max: 0.0, Diff: 0.0, Sum: 0.0]
      [Object Copy (ms): Min: 127.8, Avg: 127.9, Max: 128.0, Diff: 0.2, Sum: 1023.3]
      [Termination (ms): Min: 0.0, Avg: 0.1, Max: 0.1, Diff: 0.1, Sum: 0.5]
         [Termination Attempts: Min: 1, Avg: 239.4, Max: 285, Diff: 284, Sum: 1915]
      [GC Worker Other (ms): Min: 0.0, Avg: 0.0, Max: 0.1, Diff: 0.1, Sum: 0.4]
      [GC Worker Total (ms): Min: 159.0, Avg: 159.1, Max: 159.2, Diff: 0.2, Sum: 1273.0]
      [GC Worker End (ms): Min: 61715.2, Avg: 61715.2, Max: 61715.2, Diff: 0.1]
   [Code Root Fixup: 0.0 ms]
   [Code Root Purge: 0.0 ms]
   [Clear CT: 0.2 ms]
   [Other: 1.1 ms]
      [Choose CSet: 0.0 ms]
      [Ref Proc: 0.2 ms]
      [Ref Enq: 0.0 ms]
      [Redirty Cards: 0.3 ms]
      [Humongous Register: 0.1 ms]
      [Humongous Reclaim: 0.0 ms]
      [Free CSet: 0.3 ms]
   [Eden: 173.0M(173.0M)->0.0B(179.0M) Survivors: 24.0M->25.0M Heap: 644.1M(2048.0M)->646.1M(2048.0M)]
 [Times: user=1.27 sys=0.00, real=0.16 secs] 
2020-09-29T12:31:04.613+0200: 61.872: [GC pause (G1 Evacuation Pause) (young), 0.1645294 secs]
   [Parallel Time: 163.1 ms, GC Workers: 8]
      [GC Worker Start (ms): Min: 61872.2, Avg: 61872.3, Max: 61872.3, Diff: 0.1]
      [Ext Root Scanning (ms): Min: 0.0, Avg: 0.1, Max: 0.2, Diff: 0.1, Sum: 0.9]
      [Update RS (ms): Min: 25.0, Avg: 25.2, Max: 25.5, Diff: 0.5, Sum: 201.9]
         [Processed Buffers: Min: 18, Avg: 18.5, Max: 21, Diff: 3, Sum: 148]
      [Scan RS (ms): Min: 10.0, Avg: 10.3, Max: 10.6, Diff: 0.6, Sum: 82.1]
      [Code Root Scanning (ms): Min: 0.0, Avg: 0.0, Max: 0.0, Diff: 0.0, Sum: 0.0]
      [Object Copy (ms): Min: 127.0, Avg: 127.1, Max: 127.1, Diff: 0.1, Sum: 1016.5]
      [Termination (ms): Min: 0.0, Avg: 0.0, Max: 0.1, Diff: 0.1, Sum: 0.4]
         [Termination Attempts: Min: 1, Avg: 193.0, Max: 246, Diff: 245, Sum: 1544]
      [GC Worker Other (ms): Min: 0.0, Avg: 0.0, Max: 0.1, Diff: 0.1, Sum: 0.4]
      [GC Worker Total (ms): Min: 162.7, Avg: 162.8, Max: 162.8, Diff: 0.2, Sum: 1302.2]
      [GC Worker End (ms): Min: 62035.0, Avg: 62035.0, Max: 62035.1, Diff: 0.1]
   [Code Root Fixup: 0.0 ms]
   [Code Root Purge: 0.0 ms]
   [Clear CT: 0.3 ms]
   [Other: 1.1 ms]
      [Choose CSet: 0.0 ms]
      [Ref Proc: 0.2 ms]
      [Ref Enq: 0.0 ms]
      [Redirty Cards: 0.3 ms]
      [Humongous Register: 0.1 ms]
      [Humongous Reclaim: 0.0 ms]
      [Free CSet: 0.2 ms]
   [Eden: 179.0M(179.0M)->0.0B(185.0M) Survivors: 25.0M->26.0M Heap: 853.7M(2048.0M)->855.7M(2048.0M)]
 [Times: user=1.38 sys=0.00, real=0.16 secs] 
2020-09-29T12:31:04.946+0200: 62.205: [GC pause (G1 Evacuation Pause) (young), 0.2077500 secs]
   [Parallel Time: 206.1 ms, GC Workers: 8]
      [GC Worker Start (ms): Min: 62205.6, Avg: 62208.2, Max: 62226.0, Diff: 20.5]
      [Ext Root Scanning (ms): Min: 0.0, Avg: 0.1, Max: 0.2, Diff: 0.2, Sum: 0.8]
      [Update RS (ms): Min: 1.5, Avg: 19.1, Max: 22.3, Diff: 20.8, Sum: 152.6]
         [Processed Buffers: Min: 1, Avg: 12.5, Max: 18, Diff: 17, Sum: 100]
      [Scan RS (ms): Min: 14.9, Avg: 17.4, Max: 31.1, Diff: 16.2, Sum: 138.9]
      [Code Root Scanning (ms): Min: 0.0, Avg: 0.0, Max: 0.0, Diff: 0.0, Sum: 0.0]
      [Object Copy (ms): Min: 153.4, Avg: 166.4, Max: 168.3, Diff: 14.8, Sum: 1330.9]
      [Termination (ms): Min: 0.0, Avg: 0.3, Max: 0.4, Diff: 0.4, Sum: 2.6]
         [Termination Attempts: Min: 1, Avg: 1421.8, Max: 1772, Diff: 1771, Sum: 11374]
      [GC Worker Other (ms): Min: 0.0, Avg: 0.1, Max: 0.1, Diff: 0.1, Sum: 0.4]
      [GC Worker Total (ms): Min: 185.5, Avg: 203.3, Max: 205.9, Diff: 20.4, Sum: 1626.2]
      [GC Worker End (ms): Min: 62411.5, Avg: 62411.5, Max: 62411.5, Diff: 0.1]
   [Code Root Fixup: 0.0 ms]
   [Code Root Purge: 0.0 ms]
   [Clear CT: 0.4 ms]
   [Other: 1.3 ms]
      [Choose CSet: 0.0 ms]
      [Ref Proc: 0.3 ms]
      [Ref Enq: 0.0 ms]
      [Redirty Cards: 0.4 ms]
      [Humongous Register: 0.1 ms]
      [Humongous Reclaim: 0.0 ms]
      [Free CSet: 0.3 ms]
   [Eden: 185.0M(185.0M)->0.0B(167.0M) Survivors: 26.0M->27.0M Heap: 1071.2M(2048.0M)->1072.7M(2048.0M)]
 [Times: user=1.53 sys=0.00, real=0.21 secs] 
2020-09-29T12:31:05.155+0200: 62.415: [GC pause (G1 Humongous Allocation) (young) (initial-mark), 0.0795185 secs]
   [Parallel Time: 78.0 ms, GC Workers: 8]
      [GC Worker Start (ms): Min: 62415.0, Avg: 62415.1, Max: 62415.2, Diff: 0.2]
      [Ext Root Scanning (ms): Min: 0.0, Avg: 0.5, Max: 1.7, Diff: 1.7, Sum: 4.3]
      [Update RS (ms): Min: 50.3, Avg: 51.5, Max: 52.5, Diff: 2.2, Sum: 412.0]
         [Processed Buffers: Min: 30, Avg: 35.8, Max: 37, Diff: 7, Sum: 286]
      [Scan RS (ms): Min: 0.0, Avg: 0.0, Max: 0.1, Diff: 0.1, Sum: 0.1]
      [Code Root Scanning (ms): Min: 0.0, Avg: 0.0, Max: 0.0, Diff: 0.0, Sum: 0.0]
      [Object Copy (ms): Min: 25.0, Avg: 25.7, Max: 26.1, Diff: 1.2, Sum: 205.2]
      [Termination (ms): Min: 0.0, Avg: 0.1, Max: 0.2, Diff: 0.2, Sum: 1.1]
         [Termination Attempts: Min: 1, Avg: 523.8, Max: 676, Diff: 675, Sum: 4190]
      [GC Worker Other (ms): Min: 0.0, Avg: 0.0, Max: 0.0, Diff: 0.0, Sum: 0.2]
      [GC Worker Total (ms): Min: 77.7, Avg: 77.9, Max: 78.0, Diff: 0.2, Sum: 623.0]
      [GC Worker End (ms): Min: 62493.0, Avg: 62493.0, Max: 62493.0, Diff: 0.0]
   [Code Root Fixup: 0.0 ms]
   [Code Root Purge: 0.0 ms]
   [Clear CT: 0.4 ms]
   [Other: 1.1 ms]
      [Choose CSet: 0.0 ms]
      [Ref Proc: 0.3 ms]
      [Ref Enq: 0.0 ms]
      [Redirty Cards: 0.3 ms]
      [Humongous Register: 0.1 ms]
      [Humongous Reclaim: 0.0 ms]
      [Free CSet: 0.1 ms]
   [Eden: 2048.0K(167.0M)->0.0B(165.0M) Survivors: 27.0M->2048.0K Heap: 1074.2M(2048.0M)->1076.7M(2048.0M)]
 [Times: user=0.61 sys=0.00, real=0.08 secs] 
2020-09-29T12:31:05.235+0200: 62.494: [GC concurrent-root-region-scan-start]
2020-09-29T12:31:05.237+0200: 62.496: [GC concurrent-root-region-scan-end, 0.0015542 secs]
2020-09-29T12:31:05.237+0200: 62.496: [GC concurrent-mark-start]
2020-09-29T12:31:05.243+0200: 62.502: [GC concurrent-mark-end, 0.0060418 secs]
2020-09-29T12:31:05.243+0200: 62.503: [GC remark 2020-09-29T12:31:05.243+0200: 62.503: [Finalize Marking, 0.0002815 secs] 2020-09-29T12:31:05.244+0200: 62.503: [GC ref-proc, 0.0006000 secs] 2020-09-29T12:31:05.244+0200: 62.504: [Unloading, 0.0007167 secs], 0.0021230 secs]
 [Times: user=0.00 sys=0.00, real=0.00 secs] 
2020-09-29T12:31:05.246+0200: 62.505: [GC cleanup 1088M->23M(2048M), 0.0023744 secs]
 [Times: user=0.00 sys=0.00, real=0.00 secs] 
2020-09-29T12:31:05.248+0200: 62.508: [GC concurrent-cleanup-start]
2020-09-29T12:31:05.251+0200: 62.511: [GC concurrent-cleanup-end, 0.0029913 secs]
2020-09-29T12:31:05.388+0200: 62.647: [GC pause (G1 Evacuation Pause) (young), 0.1729548 secs]
   [Parallel Time: 171.5 ms, GC Workers: 8]
      [GC Worker Start (ms): Min: 62647.3, Avg: 62647.4, Max: 62647.6, Diff: 0.3]
      [Ext Root Scanning (ms): Min: 0.0, Avg: 0.1, Max: 0.2, Diff: 0.2, Sum: 0.9]
      [Update RS (ms): Min: 16.8, Avg: 17.0, Max: 17.7, Diff: 0.9, Sum: 136.3]
         [Processed Buffers: Min: 11, Avg: 13.1, Max: 15, Diff: 4, Sum: 105]
      [Scan RS (ms): Min: 10.0, Avg: 11.1, Max: 14.4, Diff: 4.4, Sum: 88.9]
      [Code Root Scanning (ms): Min: 0.0, Avg: 0.0, Max: 0.0, Diff: 0.0, Sum: 0.0]
      [Object Copy (ms): Min: 138.9, Avg: 142.2, Max: 143.1, Diff: 4.3, Sum: 1137.5]
      [Termination (ms): Min: 0.0, Avg: 0.6, Max: 0.7, Diff: 0.7, Sum: 4.5]
         [Termination Attempts: Min: 1, Avg: 2133.1, Max: 2521, Diff: 2520, Sum: 17065]
      [GC Worker Other (ms): Min: 0.0, Avg: 0.0, Max: 0.1, Diff: 0.0, Sum: 0.3]
      [GC Worker Total (ms): Min: 170.9, Avg: 171.0, Max: 171.2, Diff: 0.3, Sum: 1368.4]
      [GC Worker End (ms): Min: 62818.5, Avg: 62818.5, Max: 62818.5, Diff: 0.0]
   [Code Root Fixup: 0.0 ms]
   [Code Root Purge: 0.0 ms]
   [Clear CT: 0.2 ms]
   [Other: 1.2 ms]
      [Choose CSet: 0.0 ms]
      [Ref Proc: 0.3 ms]
      [Ref Enq: 0.0 ms]
      [Redirty Cards: 0.4 ms]
      [Humongous Register: 0.0 ms]
      [Humongous Reclaim: 0.0 ms]
      [Free CSet: 0.2 ms]
   [Eden: 165.0M(165.0M)->0.0B(150.0M) Survivors: 2048.0K->21.0M Heap: 205.6M(2048.0M)->206.1M(2048.0M)]
 [Times: user=1.28 sys=0.02, real=0.17 secs] 
2020-09-29T12:31:05.697+0200: 62.957: [GC pause (G1 Evacuation Pause) (young), 0.1745239 secs]
   [Parallel Time: 173.1 ms, GC Workers: 8]
      [GC Worker Start (ms): Min: 62957.0, Avg: 62957.1, Max: 62957.1, Diff: 0.1]
      [Ext Root Scanning (ms): Min: 0.1, Avg: 0.1, Max: 0.2, Diff: 0.1, Sum: 0.9]
      [Update RS (ms): Min: 23.8, Avg: 25.1, Max: 31.7, Diff: 7.9, Sum: 200.7]
         [Processed Buffers: Min: 0, Avg: 15.5, Max: 23, Diff: 23, Sum: 124]
      [Scan RS (ms): Min: 2.4, Avg: 9.1, Max: 10.4, Diff: 8.0, Sum: 72.7]
      [Code Root Scanning (ms): Min: 0.0, Avg: 0.0, Max: 0.0, Diff: 0.0, Sum: 0.0]
      [Object Copy (ms): Min: 138.2, Avg: 138.3, Max: 138.4, Diff: 0.3, Sum: 1106.2]
      [Termination (ms): Min: 0.0, Avg: 0.2, Max: 0.2, Diff: 0.2, Sum: 1.4]
         [Termination Attempts: Min: 1, Avg: 750.9, Max: 916, Diff: 915, Sum: 6007]
      [GC Worker Other (ms): Min: 0.0, Avg: 0.0, Max: 0.1, Diff: 0.1, Sum: 0.3]
      [GC Worker Total (ms): Min: 172.7, Avg: 172.8, Max: 172.9, Diff: 0.1, Sum: 1382.2]
      [GC Worker End (ms): Min: 63129.8, Avg: 63129.8, Max: 63129.9, Diff: 0.1]
   [Code Root Fixup: 0.0 ms]
   [Code Root Purge: 0.0 ms]
   [Clear CT: 0.3 ms]
   [Other: 1.2 ms]
      [Choose CSet: 0.0 ms]
      [Ref Proc: 0.3 ms]
      [Ref Enq: 0.0 ms]
      [Redirty Cards: 0.3 ms]
      [Humongous Register: 0.0 ms]
      [Humongous Reclaim: 0.0 ms]
      [Free CSet: 0.2 ms]
   [Eden: 150.0M(150.0M)->0.0B(150.0M) Survivors: 21.0M->22.0M Heap: 380.9M(2048.0M)->382.9M(2048.0M)]
 [Times: user=1.31 sys=0.01, real=0.17 secs] 
2020-09-29T12:31:06.090+0200: 63.350: [GC pause (G1 Evacuation Pause) (young), 0.2999824 secs]
   [Parallel Time: 297.1 ms, GC Workers: 8]
      [GC Worker Start (ms): Min: 63349.9, Avg: 63358.0, Max: 63381.9, Diff: 32.0]
      [Ext Root Scanning (ms): Min: 0.0, Avg: 0.1, Max: 0.3, Diff: 0.2, Sum: 1.1]
      [Update RS (ms): Min: 2.2, Avg: 33.8, Max: 65.3, Diff: 63.1, Sum: 270.4]
         [Processed Buffers: Min: 2, Avg: 13.8, Max: 21, Diff: 19, Sum: 110]
      [Scan RS (ms): Min: 0.0, Avg: 14.2, Max: 19.2, Diff: 19.1, Sum: 113.5]
      [Code Root Scanning (ms): Min: 0.0, Avg: 0.0, Max: 0.0, Diff: 0.0, Sum: 0.0]
      [Object Copy (ms): Min: 231.2, Avg: 240.6, Max: 243.6, Diff: 12.4, Sum: 1924.7]
      [Termination (ms): Min: 0.0, Avg: 0.0, Max: 0.0, Diff: 0.0, Sum: 0.1]
         [Termination Attempts: Min: 1, Avg: 25.1, Max: 34, Diff: 33, Sum: 201]
      [GC Worker Other (ms): Min: 0.0, Avg: 0.0, Max: 0.1, Diff: 0.1, Sum: 0.4]
      [GC Worker Total (ms): Min: 264.8, Avg: 288.8, Max: 296.8, Diff: 32.0, Sum: 2310.2]
      [GC Worker End (ms): Min: 63646.7, Avg: 63646.8, Max: 63646.8, Diff: 0.1]
   [Code Root Fixup: 0.0 ms]
   [Code Root Purge: 0.0 ms]
   [Clear CT: 0.4 ms]
   [Other: 2.4 ms]
      [Choose CSet: 0.0 ms]
      [Ref Proc: 0.5 ms]
      [Ref Enq: 0.0 ms]
      [Redirty Cards: 1.3 ms]
      [Humongous Register: 0.1 ms]
      [Humongous Reclaim: 0.0 ms]
      [Free CSet: 0.3 ms]
   [Eden: 150.0M(150.0M)->0.0B(96.0M) Survivors: 22.0M->22.0M Heap: 557.7M(2048.0M)->560.2M(2048.0M)]
 [Times: user=2.16 sys=0.02, real=0.30 secs] 
2020-09-29T12:31:06.523+0200: 63.782: [GC pause (G1 Evacuation Pause) (young), 0.1465735 secs]
   [Parallel Time: 144.8 ms, GC Workers: 8]
      [GC Worker Start (ms): Min: 63782.3, Avg: 63782.4, Max: 63782.5, Diff: 0.2]
      [Ext Root Scanning (ms): Min: 0.1, Avg: 0.2, Max: 0.3, Diff: 0.2, Sum: 1.3]
      [Update RS (ms): Min: 26.5, Avg: 26.7, Max: 26.9, Diff: 0.3, Sum: 213.5]
         [Processed Buffers: Min: 12, Avg: 14.0, Max: 17, Diff: 5, Sum: 112]
      [Scan RS (ms): Min: 10.2, Avg: 10.5, Max: 10.7, Diff: 0.5, Sum: 83.9]
      [Code Root Scanning (ms): Min: 0.0, Avg: 0.0, Max: 0.0, Diff: 0.0, Sum: 0.0]
      [Object Copy (ms): Min: 106.8, Avg: 107.0, Max: 107.1, Diff: 0.2, Sum: 855.7]
      [Termination (ms): Min: 0.0, Avg: 0.1, Max: 0.1, Diff: 0.1, Sum: 0.5]
         [Termination Attempts: Min: 1, Avg: 157.3, Max: 193, Diff: 192, Sum: 1258]
      [GC Worker Other (ms): Min: 0.0, Avg: 0.1, Max: 0.2, Diff: 0.2, Sum: 0.5]
      [GC Worker Total (ms): Min: 144.3, Avg: 144.4, Max: 144.6, Diff: 0.3, Sum: 1155.5]
      [GC Worker End (ms): Min: 63926.8, Avg: 63926.8, Max: 63927.0, Diff: 0.2]
   [Code Root Fixup: 0.0 ms]
   [Code Root Purge: 0.0 ms]
   [Clear CT: 0.4 ms]
   [Other: 1.4 ms]
      [Choose CSet: 0.0 ms]
      [Ref Proc: 0.3 ms]
      [Ref Enq: 0.0 ms]
      [Redirty Cards: 0.4 ms]
      [Humongous Register: 0.1 ms]
      [Humongous Reclaim: 0.0 ms]
      [Free CSet: 0.2 ms]
   [Eden: 96.0M(96.0M)->0.0B(106.0M) Survivors: 22.0M->15.0M Heap: 673.4M(2048.0M)->675.4M(2048.0M)]
 [Times: user=1.08 sys=0.05, real=0.15 secs] 
2020-09-29T12:31:06.813+0200: 64.072: [GC pause (G1 Evacuation Pause) (young), 0.1639669 secs]
   [Parallel Time: 162.2 ms, GC Workers: 8]
      [GC Worker Start (ms): Min: 64072.2, Avg: 64072.3, Max: 64072.4, Diff: 0.2]
      [Ext Root Scanning (ms): Min: 0.1, Avg: 0.2, Max: 0.3, Diff: 0.2, Sum: 1.4]
      [Update RS (ms): Min: 22.6, Avg: 22.8, Max: 23.5, Diff: 1.0, Sum: 182.2]
         [Processed Buffers: Min: 10, Avg: 12.3, Max: 15, Diff: 5, Sum: 98]
      [Scan RS (ms): Min: 9.5, Avg: 10.4, Max: 11.3, Diff: 1.8, Sum: 83.0]
      [Code Root Scanning (ms): Min: 0.0, Avg: 0.0, Max: 0.0, Diff: 0.0, Sum: 0.0]
      [Object Copy (ms): Min: 127.3, Avg: 128.2, Max: 128.6, Diff: 1.3, Sum: 1025.3]
      [Termination (ms): Min: 0.0, Avg: 0.3, Max: 0.4, Diff: 0.4, Sum: 2.5]
         [Termination Attempts: Min: 1, Avg: 940.8, Max: 1159, Diff: 1158, Sum: 7526]
      [GC Worker Other (ms): Min: 0.0, Avg: 0.0, Max: 0.1, Diff: 0.0, Sum: 0.3]
      [GC Worker Total (ms): Min: 161.7, Avg: 161.8, Max: 161.9, Diff: 0.2, Sum: 1294.7]
      [GC Worker End (ms): Min: 64234.1, Avg: 64234.1, Max: 64234.1, Diff: 0.0]
   [Code Root Fixup: 0.0 ms]
   [Code Root Purge: 0.0 ms]
   [Clear CT: 0.4 ms]
   [Other: 1.4 ms]
      [Choose CSet: 0.0 ms]
      [Ref Proc: 0.3 ms]
      [Ref Enq: 0.0 ms]
      [Redirty Cards: 0.5 ms]
      [Humongous Register: 0.1 ms]
      [Humongous Reclaim: 0.0 ms]
      [Free CSet: 0.2 ms]
   [Eden: 106.0M(106.0M)->0.0B(109.0M) Survivors: 15.0M->16.0M Heap: 798.5M(2048.0M)->801.0M(2048.0M)]
 [Times: user=1.31 sys=0.00, real=0.16 secs] 
2020-09-29T12:31:07.118+0200: 64.376: [GC pause (G1 Evacuation Pause) (young), 0.1813077 secs]
   [Parallel Time: 178.7 ms, GC Workers: 8]
      [GC Worker Start (ms): Min: 64376.6, Avg: 64377.5, Max: 64379.0, Diff: 2.3]
      [Ext Root Scanning (ms): Min: 0.0, Avg: 0.1, Max: 0.3, Diff: 0.3, Sum: 1.0]
      [Update RS (ms): Min: 14.7, Avg: 16.4, Max: 17.7, Diff: 3.0, Sum: 131.1]
         [Processed Buffers: Min: 8, Avg: 8.8, Max: 10, Diff: 2, Sum: 70]
      [Scan RS (ms): Min: 12.1, Avg: 12.8, Max: 15.0, Diff: 2.9, Sum: 102.3]
      [Code Root Scanning (ms): Min: 0.0, Avg: 0.0, Max: 0.0, Diff: 0.0, Sum: 0.0]
      [Object Copy (ms): Min: 146.1, Avg: 148.2, Max: 148.8, Diff: 2.7, Sum: 1185.3]
      [Termination (ms): Min: 0.0, Avg: 0.2, Max: 0.3, Diff: 0.3, Sum: 1.7]
         [Termination Attempts: Min: 1, Avg: 536.5, Max: 680, Diff: 679, Sum: 4292]
      [GC Worker Other (ms): Min: 0.0, Avg: 0.1, Max: 0.1, Diff: 0.1, Sum: 0.5]
      [GC Worker Total (ms): Min: 176.2, Avg: 177.7, Max: 178.6, Diff: 2.3, Sum: 1421.9]
      [GC Worker End (ms): Min: 64555.2, Avg: 64555.2, Max: 64555.3, Diff: 0.1]
   [Code Root Fixup: 0.0 ms]
   [Code Root Purge: 0.0 ms]
   [Clear CT: 0.4 ms]
   [Other: 2.2 ms]
      [Choose CSet: 0.0 ms]
      [Ref Proc: 0.5 ms]
      [Ref Enq: 0.0 ms]
      [Redirty Cards: 1.1 ms]
      [Humongous Register: 0.1 ms]
      [Humongous Reclaim: 0.0 ms]
      [Free CSet: 0.2 ms]
   [Eden: 109.0M(109.0M)->0.0B(107.0M) Survivors: 16.0M->16.0M Heap: 927.2M(2048.0M)->928.7M(2048.0M)]
 [Times: user=1.23 sys=0.00, real=0.18 secs] 
2020-09-29T12:31:07.321+0200: 64.580: [GC pause (G1 Humongous Allocation) (young) (initial-mark), 0.0906437 secs]
   [Parallel Time: 88.9 ms, GC Workers: 8]
      [GC Worker Start (ms): Min: 64579.9, Avg: 64580.0, Max: 64580.1, Diff: 0.2]
      [Ext Root Scanning (ms): Min: 0.1, Avg: 0.2, Max: 0.3, Diff: 0.2, Sum: 1.5]
      [Update RS (ms): Min: 26.7, Avg: 27.2, Max: 27.6, Diff: 0.9, Sum: 217.2]
         [Processed Buffers: Min: 12, Avg: 13.9, Max: 15, Diff: 3, Sum: 111]
      [Scan RS (ms): Min: 1.9, Avg: 2.3, Max: 2.8, Diff: 0.9, Sum: 18.7]
      [Code Root Scanning (ms): Min: 0.0, Avg: 0.0, Max: 0.0, Diff: 0.0, Sum: 0.0]
      [Object Copy (ms): Min: 57.9, Avg: 58.4, Max: 58.9, Diff: 0.9, Sum: 467.0]
      [Termination (ms): Min: 0.1, Avg: 0.6, Max: 1.0, Diff: 0.9, Sum: 5.0]
         [Termination Attempts: Min: 1, Avg: 1528.1, Max: 2308, Diff: 2307, Sum: 12225]
      [GC Worker Other (ms): Min: 0.0, Avg: 0.0, Max: 0.0, Diff: 0.0, Sum: 0.2]
      [GC Worker Total (ms): Min: 88.6, Avg: 88.7, Max: 88.8, Diff: 0.2, Sum: 709.5]
      [GC Worker End (ms): Min: 64668.7, Avg: 64668.7, Max: 64668.7, Diff: 0.0]
   [Code Root Fixup: 0.0 ms]
   [Code Root Purge: 0.0 ms]
   [Clear CT: 0.4 ms]
   [Other: 1.3 ms]
      [Choose CSet: 0.0 ms]
      [Ref Proc: 0.3 ms]
      [Ref Enq: 0.0 ms]
      [Redirty Cards: 0.4 ms]
      [Humongous Register: 0.1 ms]
      [Humongous Reclaim: 0.0 ms]
      [Free CSet: 0.1 ms]
   [Eden: 14.0M(107.0M)->0.0B(87.0M) Survivors: 16.0M->15.0M Heap: 944.6M(2048.0M)->947.6M(2048.0M)]
 [Times: user=0.59 sys=0.00, real=0.09 secs] 
2020-09-29T12:31:07.412+0200: 64.671: [GC concurrent-root-region-scan-start]
2020-09-29T12:31:07.422+0200: 64.681: [GC concurrent-root-region-scan-end, 0.0099958 secs]
2020-09-29T12:31:07.422+0200: 64.681: [GC concurrent-mark-start]
2020-09-29T12:31:07.429+0200: 64.688: [GC concurrent-mark-end, 0.0072248 secs]
2020-09-29T12:31:07.429+0200: 64.688: [GC remark 2020-09-29T12:31:07.429+0200: 64.688: [Finalize Marking, 0.0005019 secs] 2020-09-29T12:31:07.430+0200: 64.689: [GC ref-proc, 0.0008128 secs] 2020-09-29T12:31:07.431+0200: 64.690: [Unloading, 0.0010345 secs], 0.0031438 secs]
 [Times: user=0.00 sys=0.00, real=0.00 secs] 
2020-09-29T12:31:07.434+0200: 64.692: [GC cleanup 965M->42M(2048M), 0.0034321 secs]
 [Times: user=0.00 sys=0.00, real=0.00 secs] 
2020-09-29T12:31:07.437+0200: 64.696: [GC concurrent-cleanup-start]
2020-09-29T12:31:07.440+0200: 64.699: [GC concurrent-cleanup-end, 0.0031425 secs]
2020-09-29T12:31:07.529+0200: 64.788: [GC pause (G1 Evacuation Pause) (young), 0.1437811 secs]
   [Parallel Time: 141.6 ms, GC Workers: 8]
      [GC Worker Start (ms): Min: 64787.9, Avg: 64791.4, Max: 64815.4, Diff: 27.5]
      [Ext Root Scanning (ms): Min: 0.0, Avg: 0.1, Max: 0.3, Diff: 0.3, Sum: 1.0]
      [Update RS (ms): Min: 0.0, Avg: 19.3, Max: 23.1, Diff: 23.1, Sum: 154.7]
         [Processed Buffers: Min: 0, Avg: 10.5, Max: 14, Diff: 14, Sum: 84]
      [Scan RS (ms): Min: 0.0, Avg: 4.5, Max: 5.6, Diff: 5.6, Sum: 36.3]
      [Code Root Scanning (ms): Min: 0.0, Avg: 0.0, Max: 0.0, Diff: 0.0, Sum: 0.0]
      [Object Copy (ms): Min: 113.5, Avg: 113.7, Max: 113.9, Diff: 0.4, Sum: 909.3]
      [Termination (ms): Min: 0.0, Avg: 0.1, Max: 0.2, Diff: 0.2, Sum: 0.9]
         [Termination Attempts: Min: 1, Avg: 314.0, Max: 404, Diff: 403, Sum: 2512]
      [GC Worker Other (ms): Min: 0.0, Avg: 0.0, Max: 0.1, Diff: 0.1, Sum: 0.4]
      [GC Worker Total (ms): Min: 113.9, Avg: 137.8, Max: 141.4, Diff: 27.5, Sum: 1102.5]
      [GC Worker End (ms): Min: 64929.2, Avg: 64929.2, Max: 64929.3, Diff: 0.1]
   [Code Root Fixup: 0.0 ms]
   [Code Root Purge: 0.0 ms]
   [Clear CT: 0.4 ms]
   [Other: 1.7 ms]
      [Choose CSet: 0.0 ms]
      [Ref Proc: 0.6 ms]
      [Ref Enq: 0.0 ms]
      [Redirty Cards: 0.5 ms]
      [Humongous Register: 0.1 ms]
      [Humongous Reclaim: 0.0 ms]
      [Free CSet: 0.2 ms]
   [Eden: 87.0M(87.0M)->0.0B(95.0M) Survivors: 15.0M->13.0M Heap: 127.3M(2048.0M)->114.3M(2048.0M)]
 [Times: user=1.09 sys=0.00, real=0.14 secs] 
2020-09-29T12:31:07.796+0200: 65.055: [GC pause (G1 Evacuation Pause) (young), 0.1461737 secs]
   [Parallel Time: 144.2 ms, GC Workers: 8]
      [GC Worker Start (ms): Min: 65055.2, Avg: 65056.2, Max: 65063.2, Diff: 8.0]
      [Ext Root Scanning (ms): Min: 0.0, Avg: 0.2, Max: 0.3, Diff: 0.3, Sum: 1.3]
      [Update RS (ms): Min: 16.0, Avg: 23.4, Max: 24.8, Diff: 8.8, Sum: 187.1]
         [Processed Buffers: Min: 7, Avg: 11.1, Max: 14, Diff: 7, Sum: 89]
      [Scan RS (ms): Min: 6.6, Avg: 7.1, Max: 7.9, Diff: 1.3, Sum: 56.8]
      [Code Root Scanning (ms): Min: 0.0, Avg: 0.0, Max: 0.0, Diff: 0.0, Sum: 0.0]
      [Object Copy (ms): Min: 111.7, Avg: 111.8, Max: 112.1, Diff: 0.4, Sum: 894.5]
      [Termination (ms): Min: 0.0, Avg: 0.3, Max: 0.4, Diff: 0.4, Sum: 2.4]
         [Termination Attempts: Min: 1, Avg: 812.9, Max: 986, Diff: 985, Sum: 6503]
      [GC Worker Other (ms): Min: 0.0, Avg: 0.0, Max: 0.1, Diff: 0.1, Sum: 0.4]
      [GC Worker Total (ms): Min: 135.9, Avg: 142.8, Max: 143.9, Diff: 8.0, Sum: 1142.4]
      [GC Worker End (ms): Min: 65199.0, Avg: 65199.0, Max: 65199.1, Diff: 0.1]
   [Code Root Fixup: 0.0 ms]
   [Code Root Purge: 0.0 ms]
   [Clear CT: 0.4 ms]
   [Other: 1.5 ms]
      [Choose CSet: 0.0 ms]
      [Ref Proc: 0.5 ms]
      [Ref Enq: 0.0 ms]
      [Redirty Cards: 0.4 ms]
      [Humongous Register: 0.1 ms]
      [Humongous Reclaim: 0.0 ms]
      [Free CSet: 0.2 ms]
   [Eden: 95.0M(95.0M)->0.0B(101.0M) Survivors: 13.0M->14.0M Heap: 224.5M(2048.0M)->226.5M(2048.0M)]
 [Times: user=1.16 sys=0.00, real=0.15 secs] 
2020-09-29T12:31:08.071+0200: 65.330: [GC pause (G1 Evacuation Pause) (young), 0.1760203 secs]
   [Parallel Time: 174.3 ms, GC Workers: 8]
      [GC Worker Start (ms): Min: 65330.0, Avg: 65330.1, Max: 65330.2, Diff: 0.2]
      [Ext Root Scanning (ms): Min: 0.0, Avg: 0.1, Max: 0.3, Diff: 0.2, Sum: 1.2]
      [Update RS (ms): Min: 19.8, Avg: 21.5, Max: 31.2, Diff: 11.4, Sum: 171.9]
         [Processed Buffers: Min: 0, Avg: 9.6, Max: 12, Diff: 12, Sum: 77]
      [Scan RS (ms): Min: 0.0, Avg: 9.2, Max: 10.9, Diff: 10.9, Sum: 73.7]
      [Code Root Scanning (ms): Min: 0.0, Avg: 0.0, Max: 0.0, Diff: 0.0, Sum: 0.0]
      [Object Copy (ms): Min: 142.0, Avg: 142.5, Max: 143.1, Diff: 1.2, Sum: 1140.0]
      [Termination (ms): Min: 0.0, Avg: 0.5, Max: 0.6, Diff: 0.6, Sum: 4.1]
         [Termination Attempts: Min: 1, Avg: 1408.6, Max: 1679, Diff: 1678, Sum: 11269]
      [GC Worker Other (ms): Min: 0.0, Avg: 0.0, Max: 0.1, Diff: 0.1, Sum: 0.3]
      [GC Worker Total (ms): Min: 173.8, Avg: 173.9, Max: 174.0, Diff: 0.2, Sum: 1391.3]
      [GC Worker End (ms): Min: 65504.0, Avg: 65504.0, Max: 65504.0, Diff: 0.1]
   [Code Root Fixup: 0.0 ms]
   [Code Root Purge: 0.0 ms]
   [Clear CT: 0.3 ms]
   [Other: 1.4 ms]
      [Choose CSet: 0.0 ms]
      [Ref Proc: 0.3 ms]
      [Ref Enq: 0.0 ms]
      [Redirty Cards: 0.4 ms]
      [Humongous Register: 0.1 ms]
      [Humongous Reclaim: 0.0 ms]
      [Free CSet: 0.2 ms]
   [Eden: 101.0M(101.0M)->0.0B(101.0M) Survivors: 14.0M->15.0M Heap: 344.7M(2048.0M)->346.7M(2048.0M)]
 [Times: user=1.31 sys=0.00, real=0.18 secs] 
2020-09-29T12:31:08.383+0200: 65.642: [GC pause (G1 Evacuation Pause) (young), 0.1453618 secs]
   [Parallel Time: 143.4 ms, GC Workers: 8]
      [GC Worker Start (ms): Min: 65642.0, Avg: 65642.2, Max: 65642.4, Diff: 0.3]
      [Ext Root Scanning (ms): Min: 0.0, Avg: 0.1, Max: 0.3, Diff: 0.3, Sum: 1.1]
      [Update RS (ms): Min: 13.9, Avg: 14.2, Max: 15.7, Diff: 1.8, Sum: 113.3]
         [Processed Buffers: Min: 7, Avg: 8.1, Max: 9, Diff: 2, Sum: 65]
      [Scan RS (ms): Min: 9.7, Avg: 11.3, Max: 11.8, Diff: 2.0, Sum: 90.7]
      [Code Root Scanning (ms): Min: 0.0, Avg: 0.0, Max: 0.0, Diff: 0.0, Sum: 0.0]
      [Object Copy (ms): Min: 117.0, Avg: 117.2, Max: 117.4, Diff: 0.4, Sum: 937.2]
      [Termination (ms): Min: 0.0, Avg: 0.2, Max: 0.3, Diff: 0.3, Sum: 1.7]
         [Termination Attempts: Min: 1, Avg: 533.1, Max: 644, Diff: 643, Sum: 4265]
      [GC Worker Other (ms): Min: 0.0, Avg: 0.0, Max: 0.1, Diff: 0.1, Sum: 0.4]
      [GC Worker Total (ms): Min: 142.8, Avg: 143.0, Max: 143.2, Diff: 0.4, Sum: 1144.4]
      [GC Worker End (ms): Min: 65785.2, Avg: 65785.2, Max: 65785.3, Diff: 0.1]
   [Code Root Fixup: 0.0 ms]
   [Code Root Purge: 0.0 ms]
   [Clear CT: 0.4 ms]
   [Other: 1.5 ms]
      [Choose CSet: 0.0 ms]
      [Ref Proc: 0.3 ms]
      [Ref Enq: 0.0 ms]
      [Redirty Cards: 0.6 ms]
      [Humongous Register: 0.1 ms]
      [Humongous Reclaim: 0.0 ms]
      [Free CSet: 0.2 ms]
   [Eden: 101.0M(101.0M)->0.0B(109.0M) Survivors: 15.0M->15.0M Heap: 464.9M(2048.0M)->466.4M(2048.0M)]
 [Times: user=1.11 sys=0.00, real=0.15 secs] 
2020-09-29T12:31:08.667+0200: 65.926: [GC pause (G1 Evacuation Pause) (young), 0.1489540 secs]
   [Parallel Time: 147.0 ms, GC Workers: 8]
      [GC Worker Start (ms): Min: 65926.1, Avg: 65926.2, Max: 65926.3, Diff: 0.2]
      [Ext Root Scanning (ms): Min: 0.1, Avg: 0.3, Max: 1.1, Diff: 1.0, Sum: 2.4]
      [Update RS (ms): Min: 18.0, Avg: 18.8, Max: 19.0, Diff: 1.0, Sum: 150.4]
         [Processed Buffers: Min: 9, Avg: 10.9, Max: 13, Diff: 4, Sum: 87]
      [Scan RS (ms): Min: 10.8, Avg: 10.9, Max: 11.1, Diff: 0.3, Sum: 87.4]
      [Code Root Scanning (ms): Min: 0.0, Avg: 0.0, Max: 0.0, Diff: 0.0, Sum: 0.0]
      [Object Copy (ms): Min: 116.5, Avg: 116.5, Max: 116.6, Diff: 0.1, Sum: 932.2]
      [Termination (ms): Min: 0.0, Avg: 0.1, Max: 0.1, Diff: 0.1, Sum: 0.6]
         [Termination Attempts: Min: 1, Avg: 19.1, Max: 32, Diff: 31, Sum: 153]
      [GC Worker Other (ms): Min: 0.0, Avg: 0.0, Max: 0.0, Diff: 0.0, Sum: 0.2]
      [GC Worker Total (ms): Min: 146.6, Avg: 146.6, Max: 146.8, Diff: 0.2, Sum: 1173.2]
      [GC Worker End (ms): Min: 66072.9, Avg: 66072.9, Max: 66072.9, Diff: 0.1]
   [Code Root Fixup: 0.0 ms]
   [Code Root Purge: 0.0 ms]
   [Clear CT: 0.5 ms]
   [Other: 1.4 ms]
      [Choose CSet: 0.0 ms]
      [Ref Proc: 0.3 ms]
      [Ref Enq: 0.0 ms]
      [Redirty Cards: 0.4 ms]
      [Humongous Register: 0.1 ms]
      [Humongous Reclaim: 0.0 ms]
      [Free CSet: 0.3 ms]
   [Eden: 109.0M(109.0M)->0.0B(116.0M) Survivors: 15.0M->16.0M Heap: 594.4M(2048.0M)->596.4M(2048.0M)]
 [Times: user=1.08 sys=0.00, real=0.15 secs] 
2020-09-29T12:31:08.963+0200: 66.222: [GC pause (G1 Evacuation Pause) (young), 0.1552710 secs]
   [Parallel Time: 152.1 ms, GC Workers: 8]
      [GC Worker Start (ms): Min: 66221.8, Avg: 66221.9, Max: 66222.0, Diff: 0.2]
      [Ext Root Scanning (ms): Min: 0.1, Avg: 0.2, Max: 0.3, Diff: 0.2, Sum: 1.3]
      [Update RS (ms): Min: 20.8, Avg: 21.1, Max: 21.6, Diff: 0.7, Sum: 168.7]
         [Processed Buffers: Min: 11, Avg: 12.0, Max: 15, Diff: 4, Sum: 96]
      [Scan RS (ms): Min: 10.7, Avg: 11.3, Max: 11.7, Diff: 1.0, Sum: 90.0]
      [Code Root Scanning (ms): Min: 0.0, Avg: 0.0, Max: 0.0, Diff: 0.0, Sum: 0.0]
      [Object Copy (ms): Min: 118.8, Avg: 119.1, Max: 119.2, Diff: 0.4, Sum: 953.0]
      [Termination (ms): Min: 0.0, Avg: 0.0, Max: 0.1, Diff: 0.1, Sum: 0.3]
         [Termination Attempts: Min: 1, Avg: 103.8, Max: 129, Diff: 128, Sum: 830]
      [GC Worker Other (ms): Min: 0.0, Avg: 0.0, Max: 0.1, Diff: 0.1, Sum: 0.3]
      [GC Worker Total (ms): Min: 151.6, Avg: 151.7, Max: 151.9, Diff: 0.3, Sum: 1213.7]
      [GC Worker End (ms): Min: 66373.6, Avg: 66373.6, Max: 66373.6, Diff: 0.1]
   [Code Root Fixup: 0.0 ms]
   [Code Root Purge: 0.0 ms]
   [Clear CT: 0.4 ms]
   [Other: 2.7 ms]
      [Choose CSet: 0.0 ms]
      [Ref Proc: 0.6 ms]
      [Ref Enq: 0.0 ms]
      [Redirty Cards: 1.4 ms]
      [Humongous Register: 0.1 ms]
      [Humongous Reclaim: 0.0 ms]
      [Free CSet: 0.3 ms]
   [Eden: 116.0M(116.0M)->0.0B(122.0M) Survivors: 16.0M->17.0M Heap: 731.5M(2048.0M)->733.5M(2048.0M)]
 [Times: user=1.23 sys=0.02, real=0.15 secs] 
2020-09-29T12:31:09.285+0200: 66.544: [GC pause (G1 Evacuation Pause) (young), 0.1654375 secs]
   [Parallel Time: 163.5 ms, GC Workers: 8]
      [GC Worker Start (ms): Min: 66544.1, Avg: 66544.3, Max: 66544.4, Diff: 0.3]
      [Ext Root Scanning (ms): Min: 0.0, Avg: 0.3, Max: 0.9, Diff: 0.9, Sum: 2.0]
      [Update RS (ms): Min: 15.1, Avg: 15.7, Max: 16.5, Diff: 1.4, Sum: 125.7]
         [Processed Buffers: Min: 8, Avg: 8.3, Max: 10, Diff: 2, Sum: 66]
      [Scan RS (ms): Min: 14.5, Avg: 15.1, Max: 15.9, Diff: 1.4, Sum: 121.0]
      [Code Root Scanning (ms): Min: 0.0, Avg: 0.0, Max: 0.0, Diff: 0.0, Sum: 0.0]
      [Object Copy (ms): Min: 131.5, Avg: 131.9, Max: 132.1, Diff: 0.6, Sum: 1055.4]
      [Termination (ms): Min: 0.0, Avg: 0.1, Max: 0.1, Diff: 0.1, Sum: 0.4]
         [Termination Attempts: Min: 1, Avg: 147.3, Max: 199, Diff: 198, Sum: 1178]
      [GC Worker Other (ms): Min: 0.0, Avg: 0.0, Max: 0.1, Diff: 0.0, Sum: 0.3]
      [GC Worker Total (ms): Min: 162.9, Avg: 163.1, Max: 163.3, Diff: 0.3, Sum: 1304.9]
      [GC Worker End (ms): Min: 66707.4, Avg: 66707.4, Max: 66707.4, Diff: 0.1]
   [Code Root Fixup: 0.0 ms]
   [Code Root Purge: 0.0 ms]
   [Clear CT: 0.4 ms]
   [Other: 1.5 ms]
      [Choose CSet: 0.0 ms]
      [Ref Proc: 0.4 ms]
      [Ref Enq: 0.0 ms]
      [Redirty Cards: 0.4 ms]
      [Humongous Register: 0.1 ms]
      [Humongous Reclaim: 0.0 ms]
      [Free CSet: 0.2 ms]
   [Eden: 122.0M(122.0M)->0.0B(126.0M) Survivors: 17.0M->18.0M Heap: 874.6M(2048.0M)->876.6M(2048.0M)]
 [Times: user=1.34 sys=0.00, real=0.17 secs] 
2020-09-29T12:31:09.626+0200: 66.885: [GC pause (G1 Evacuation Pause) (young), 0.2059036 secs]
   [Parallel Time: 203.9 ms, GC Workers: 8]
      [GC Worker Start (ms): Min: 66885.0, Avg: 66893.6, Max: 66908.0, Diff: 23.0]
      [Ext Root Scanning (ms): Min: 0.0, Avg: 0.1, Max: 0.3, Diff: 0.3, Sum: 1.1]
      [Update RS (ms): Min: 3.7, Avg: 18.4, Max: 27.7, Diff: 24.0, Sum: 146.9]
         [Processed Buffers: Min: 2, Avg: 9.3, Max: 15, Diff: 13, Sum: 74]
      [Scan RS (ms): Min: 13.6, Avg: 14.3, Max: 14.9, Diff: 1.3, Sum: 114.8]
      [Code Root Scanning (ms): Min: 0.0, Avg: 0.0, Max: 0.0, Diff: 0.0, Sum: 0.0]
      [Object Copy (ms): Min: 161.6, Avg: 161.6, Max: 161.7, Diff: 0.2, Sum: 1293.1]
      [Termination (ms): Min: 0.0, Avg: 0.2, Max: 0.2, Diff: 0.2, Sum: 1.5]
         [Termination Attempts: Min: 1, Avg: 529.4, Max: 656, Diff: 655, Sum: 4235]
      [GC Worker Other (ms): Min: 0.0, Avg: 0.0, Max: 0.1, Diff: 0.0, Sum: 0.3]
      [GC Worker Total (ms): Min: 180.4, Avg: 194.7, Max: 203.4, Diff: 23.0, Sum: 1557.8]
      [GC Worker End (ms): Min: 67088.3, Avg: 67088.3, Max: 67088.4, Diff: 0.0]
   [Code Root Fixup: 0.0 ms]
   [Code Root Purge: 0.0 ms]
   [Clear CT: 0.4 ms]
   [Other: 1.6 ms]
      [Choose CSet: 0.0 ms]
      [Ref Proc: 0.5 ms]
      [Ref Enq: 0.0 ms]
      [Redirty Cards: 0.5 ms]
      [Humongous Register: 0.1 ms]
      [Humongous Reclaim: 0.0 ms]
      [Free CSet: 0.2 ms]
   [Eden: 126.0M(126.0M)->0.0B(117.0M) Survivors: 18.0M->18.0M Heap: 1023.6M(2048.0M)->1025.1M(2048.0M)]
 [Times: user=1.47 sys=0.01, real=0.21 secs] 
2020-09-29T12:31:09.848+0200: 67.107: [GC pause (G1 Humongous Allocation) (young) (initial-mark), 0.0552739 secs]
   [Parallel Time: 53.5 ms, GC Workers: 8]
      [GC Worker Start (ms): Min: 67107.2, Avg: 67107.3, Max: 67107.4, Diff: 0.2]
      [Ext Root Scanning (ms): Min: 0.1, Avg: 0.2, Max: 0.3, Diff: 0.2, Sum: 1.5]
      [Update RS (ms): Min: 31.5, Avg: 31.9, Max: 32.6, Diff: 1.1, Sum: 254.9]
         [Processed Buffers: Min: 14, Avg: 16.1, Max: 17, Diff: 3, Sum: 129]
      [Scan RS (ms): Min: 1.8, Avg: 2.4, Max: 2.8, Diff: 1.0, Sum: 19.3]
      [Code Root Scanning (ms): Min: 0.0, Avg: 0.0, Max: 0.0, Diff: 0.0, Sum: 0.0]
      [Object Copy (ms): Min: 18.5, Avg: 18.6, Max: 18.6, Diff: 0.1, Sum: 148.7]
      [Termination (ms): Min: 0.0, Avg: 0.0, Max: 0.0, Diff: 0.0, Sum: 0.2]
         [Termination Attempts: Min: 1, Avg: 48.6, Max: 61, Diff: 60, Sum: 389]
      [GC Worker Other (ms): Min: 0.0, Avg: 0.0, Max: 0.1, Diff: 0.0, Sum: 0.2]
      [GC Worker Total (ms): Min: 53.0, Avg: 53.1, Max: 53.2, Diff: 0.2, Sum: 424.8]
      [GC Worker End (ms): Min: 67160.4, Avg: 67160.4, Max: 67160.4, Diff: 0.0]
   [Code Root Fixup: 0.0 ms]
   [Code Root Purge: 0.0 ms]
   [Clear CT: 0.3 ms]
   [Other: 1.5 ms]
      [Choose CSet: 0.0 ms]
      [Ref Proc: 0.5 ms]
      [Ref Enq: 0.0 ms]
      [Redirty Cards: 0.4 ms]
      [Humongous Register: 0.1 ms]
      [Humongous Reclaim: 0.0 ms]
      [Free CSet: 0.1 ms]
   [Eden: 2048.0K(117.0M)->0.0B(140.0M) Survivors: 18.0M->5120.0K Heap: 1026.6M(2048.0M)->1032.1M(2048.0M)]
 [Times: user=0.48 sys=0.00, real=0.06 secs] 
2020-09-29T12:31:09.904+0200: 67.163: [GC concurrent-root-region-scan-start]
2020-09-29T12:31:09.905+0200: 67.164: [GC concurrent-root-region-scan-end, 0.0011943 secs]
2020-09-29T12:31:09.905+0200: 67.164: [GC concurrent-mark-start]
2020-09-29T12:31:09.912+0200: 67.171: [GC concurrent-mark-end, 0.0072392 secs]
2020-09-29T12:31:09.913+0200: 67.172: [GC remark 2020-09-29T12:31:09.913+0200: 67.172: [Finalize Marking, 0.0003168 secs] 2020-09-29T12:31:09.913+0200: 67.172: [GC ref-proc, 0.0008494 secs] 2020-09-29T12:31:09.914+0200: 67.173: [Unloading, 0.0008302 secs], 0.0026995 secs]
 [Times: user=0.00 sys=0.00, real=0.00 secs] 
2020-09-29T12:31:09.916+0200: 67.175: [GC cleanup 1040M->23M(2048M), 0.0028705 secs]
 [Times: user=0.00 sys=0.00, real=0.00 secs] 
2020-09-29T12:31:09.919+0200: 67.178: [GC concurrent-cleanup-start]
2020-09-29T12:31:09.923+0200: 67.182: [GC concurrent-cleanup-end, 0.0039496 secs]
2020-09-29T12:31:10.091+0200: 67.350: [GC pause (G1 Evacuation Pause) (young), 0.2205670 secs]
   [Parallel Time: 218.8 ms, GC Workers: 8]
      [GC Worker Start (ms): Min: 67349.8, Avg: 67353.9, Max: 67381.5, Diff: 31.8]
      [Ext Root Scanning (ms): Min: 0.0, Avg: 0.1, Max: 0.3, Diff: 0.3, Sum: 1.1]
      [Update RS (ms): Min: 0.0, Avg: 17.0, Max: 20.2, Diff: 20.2, Sum: 135.6]
         [Processed Buffers: Min: 0, Avg: 10.0, Max: 14, Diff: 14, Sum: 80]
      [Scan RS (ms): Min: 3.8, Avg: 17.9, Max: 44.5, Diff: 40.7, Sum: 143.3]
      [Code Root Scanning (ms): Min: 0.0, Avg: 0.0, Max: 0.0, Diff: 0.0, Sum: 0.0]
      [Object Copy (ms): Min: 154.4, Avg: 179.3, Max: 183.1, Diff: 28.6, Sum: 1434.5]
      [Termination (ms): Min: 0.0, Avg: 0.3, Max: 0.4, Diff: 0.4, Sum: 2.3]
         [Termination Attempts: Min: 1, Avg: 577.5, Max: 688, Diff: 687, Sum: 4620]
      [GC Worker Other (ms): Min: 0.0, Avg: 0.0, Max: 0.0, Diff: 0.0, Sum: 0.2]
      [GC Worker Total (ms): Min: 187.0, Avg: 214.6, Max: 218.7, Diff: 31.7, Sum: 1717.1]
      [GC Worker End (ms): Min: 67568.5, Avg: 67568.5, Max: 67568.5, Diff: 0.1]
   [Code Root Fixup: 0.0 ms]
   [Code Root Purge: 0.0 ms]
   [Clear CT: 0.4 ms]
   [Other: 1.4 ms]
      [Choose CSet: 0.0 ms]
      [Ref Proc: 0.3 ms]
      [Ref Enq: 0.0 ms]
      [Redirty Cards: 0.3 ms]
      [Humongous Register: 0.1 ms]
      [Humongous Reclaim: 0.0 ms]
      [Free CSet: 0.3 ms]
   [Eden: 140.0M(140.0M)->0.0B(110.0M) Survivors: 5120.0K->19.0M Heap: 179.8M(2048.0M)->176.3M(2048.0M)]
 [Times: user=1.45 sys=0.03, real=0.22 secs] 
2020-09-29T12:31:10.456+0200: 67.715: [GC pause (G1 Evacuation Pause) (young), 0.1949574 secs]
   [Parallel Time: 192.9 ms, GC Workers: 8]
      [GC Worker Start (ms): Min: 67714.7, Avg: 67714.9, Max: 67715.1, Diff: 0.3]
      [Ext Root Scanning (ms): Min: 0.0, Avg: 0.2, Max: 0.3, Diff: 0.3, Sum: 1.3]
      [Update RS (ms): Min: 21.9, Avg: 23.3, Max: 31.5, Diff: 9.6, Sum: 186.2]
         [Processed Buffers: Min: 0, Avg: 10.1, Max: 13, Diff: 13, Sum: 81]
      [Scan RS (ms): Min: 3.2, Avg: 14.9, Max: 41.6, Diff: 38.4, Sum: 119.5]
      [Code Root Scanning (ms): Min: 0.0, Avg: 0.0, Max: 0.0, Diff: 0.0, Sum: 0.0]
      [Object Copy (ms): Min: 128.7, Avg: 154.0, Max: 157.8, Diff: 29.1, Sum: 1232.3]
      [Termination (ms): Min: 0.0, Avg: 0.1, Max: 0.1, Diff: 0.1, Sum: 0.4]
         [Termination Attempts: Min: 1, Avg: 128.3, Max: 168, Diff: 167, Sum: 1026]
      [GC Worker Other (ms): Min: 0.0, Avg: 0.0, Max: 0.1, Diff: 0.1, Sum: 0.4]
      [GC Worker Total (ms): Min: 192.3, Avg: 192.5, Max: 192.7, Diff: 0.4, Sum: 1540.1]
      [GC Worker End (ms): Min: 67907.4, Avg: 67907.4, Max: 67907.4, Diff: 0.1]
   [Code Root Fixup: 0.0 ms]
   [Code Root Purge: 0.0 ms]
   [Clear CT: 0.4 ms]
   [Other: 1.6 ms]
      [Choose CSet: 0.0 ms]
      [Ref Proc: 0.4 ms]
      [Ref Enq: 0.0 ms]
      [Redirty Cards: 0.5 ms]
      [Humongous Register: 0.1 ms]
      [Humongous Reclaim: 0.0 ms]
      [Free CSet: 0.2 ms]
   [Eden: 110.0M(110.0M)->0.0B(105.0M) Survivors: 19.0M->17.0M Heap: 303.5M(2048.0M)->305.5M(2048.0M)]
 [Times: user=1.50 sys=0.00, real=0.19 secs] 
2020-09-29T12:31:10.786+0200: 68.045: [GC pause (G1 Evacuation Pause) (young), 0.1637708 secs]
   [Parallel Time: 162.7 ms, GC Workers: 8]
      [GC Worker Start (ms): Min: 68045.5, Avg: 68049.6, Max: 68077.5, Diff: 32.0]
      [Ext Root Scanning (ms): Min: 0.0, Avg: 0.2, Max: 0.3, Diff: 0.3, Sum: 1.3]
      [Update RS (ms): Min: 0.0, Avg: 20.8, Max: 24.0, Diff: 24.0, Sum: 166.1]
         [Processed Buffers: Min: 0, Avg: 11.0, Max: 17, Diff: 17, Sum: 88]
      [Scan RS (ms): Min: 4.7, Avg: 13.4, Max: 27.0, Diff: 22.3, Sum: 107.2]
      [Code Root Scanning (ms): Min: 0.0, Avg: 0.0, Max: 0.0, Diff: 0.0, Sum: 0.0]
      [Object Copy (ms): Min: 111.1, Avg: 123.7, Max: 125.8, Diff: 14.7, Sum: 989.4]
      [Termination (ms): Min: 0.0, Avg: 0.4, Max: 0.7, Diff: 0.6, Sum: 3.0]
         [Termination Attempts: Min: 1, Avg: 2528.5, Max: 4394, Diff: 4393, Sum: 20228]
      [GC Worker Other (ms): Min: 0.0, Avg: 0.0, Max: 0.1, Diff: 0.0, Sum: 0.2]
      [GC Worker Total (ms): Min: 130.5, Avg: 158.4, Max: 162.6, Diff: 32.0, Sum: 1267.1]
      [GC Worker End (ms): Min: 68208.0, Avg: 68208.0, Max: 68208.0, Diff: 0.0]
   [Code Root Fixup: 0.0 ms]
   [Code Root Purge: 0.0 ms]
   [Clear CT: 0.2 ms]
   [Other: 0.9 ms]
      [Choose CSet: 0.0 ms]
      [Ref Proc: 0.2 ms]
      [Ref Enq: 0.0 ms]
      [Redirty Cards: 0.2 ms]
      [Humongous Register: 0.1 ms]
      [Humongous Reclaim: 0.0 ms]
      [Free CSet: 0.1 ms]
   [Eden: 105.0M(105.0M)->0.0B(109.0M) Survivors: 17.0M->16.0M Heap: 429.5M(2048.0M)->432.0M(2048.0M)]
 [Times: user=1.08 sys=0.00, real=0.16 secs] 
2020-09-29T12:31:11.019+0200: 68.278: [GC pause (G1 Evacuation Pause) (young), 0.0987767 secs]
   [Parallel Time: 98.0 ms, GC Workers: 8]
      [GC Worker Start (ms): Min: 68277.7, Avg: 68277.8, Max: 68277.9, Diff: 0.1]
      [Ext Root Scanning (ms): Min: 0.0, Avg: 0.1, Max: 0.1, Diff: 0.1, Sum: 0.6]
      [Update RS (ms): Min: 7.0, Avg: 7.3, Max: 9.0, Diff: 2.0, Sum: 58.7]
         [Processed Buffers: Min: 7, Avg: 8.9, Max: 11, Diff: 4, Sum: 71]
      [Scan RS (ms): Min: 3.4, Avg: 5.1, Max: 5.3, Diff: 2.0, Sum: 40.6]
      [Code Root Scanning (ms): Min: 0.0, Avg: 0.0, Max: 0.0, Diff: 0.0, Sum: 0.0]
      [Object Copy (ms): Min: 84.5, Avg: 84.7, Max: 85.2, Diff: 0.7, Sum: 677.3]
      [Termination (ms): Min: 0.0, Avg: 0.6, Max: 0.8, Diff: 0.7, Sum: 4.9]
         [Termination Attempts: Min: 1, Avg: 4154.6, Max: 5137, Diff: 5136, Sum: 33237]
      [GC Worker Other (ms): Min: 0.0, Avg: 0.0, Max: 0.0, Diff: 0.0, Sum: 0.1]
      [GC Worker Total (ms): Min: 97.7, Avg: 97.8, Max: 97.8, Diff: 0.2, Sum: 782.0]
      [GC Worker End (ms): Min: 68375.5, Avg: 68375.5, Max: 68375.5, Diff: 0.0]
   [Code Root Fixup: 0.0 ms]
   [Code Root Purge: 0.0 ms]
   [Clear CT: 0.2 ms]
   [Other: 0.6 ms]
      [Choose CSet: 0.0 ms]
      [Ref Proc: 0.1 ms]
      [Ref Enq: 0.0 ms]
      [Redirty Cards: 0.2 ms]
      [Humongous Register: 0.0 ms]
      [Humongous Reclaim: 0.0 ms]
      [Free CSet: 0.1 ms]
   [Eden: 109.0M(109.0M)->0.0B(128.0M) Survivors: 16.0M->16.0M Heap: 558.2M(2048.0M)->560.2M(2048.0M)]
 [Times: user=0.80 sys=0.00, real=0.10 secs] 
2020-09-29T12:31:11.182+0200: 68.441: [GC pause (G1 Evacuation Pause) (young), 0.0669242 secs]
   [Parallel Time: 66.1 ms, GC Workers: 8]
      [GC Worker Start (ms): Min: 68441.4, Avg: 68441.4, Max: 68441.5, Diff: 0.1]
      [Ext Root Scanning (ms): Min: 0.0, Avg: 0.1, Max: 0.1, Diff: 0.1, Sum: 0.5]
      [Update RS (ms): Min: 7.4, Avg: 7.5, Max: 7.6, Diff: 0.2, Sum: 59.6]
         [Processed Buffers: Min: 9, Avg: 9.5, Max: 13, Diff: 4, Sum: 76]
      [Scan RS (ms): Min: 5.5, Avg: 5.6, Max: 5.8, Diff: 0.2, Sum: 45.0]
      [Code Root Scanning (ms): Min: 0.0, Avg: 0.0, Max: 0.0, Diff: 0.0, Sum: 0.0]
      [Object Copy (ms): Min: 52.7, Avg: 52.8, Max: 52.8, Diff: 0.1, Sum: 422.3]
      [Termination (ms): Min: 0.0, Avg: 0.0, Max: 0.0, Diff: 0.0, Sum: 0.1]
         [Termination Attempts: Min: 1, Avg: 78.0, Max: 100, Diff: 99, Sum: 624]
      [GC Worker Other (ms): Min: 0.0, Avg: 0.0, Max: 0.1, Diff: 0.0, Sum: 0.2]
      [GC Worker Total (ms): Min: 65.9, Avg: 66.0, Max: 66.0, Diff: 0.1, Sum: 527.9]
      [GC Worker End (ms): Min: 68507.4, Avg: 68507.4, Max: 68507.4, Diff: 0.0]
   [Code Root Fixup: 0.0 ms]
   [Code Root Purge: 0.0 ms]
   [Clear CT: 0.1 ms]
   [Other: 0.6 ms]
      [Choose CSet: 0.0 ms]
      [Ref Proc: 0.2 ms]
      [Ref Enq: 0.0 ms]
      [Redirty Cards: 0.1 ms]
      [Humongous Register: 0.0 ms]
      [Humongous Reclaim: 0.0 ms]
      [Free CSet: 0.1 ms]
   [Eden: 128.0M(128.0M)->0.0B(153.0M) Survivors: 16.0M->18.0M Heap: 709.2M(2048.0M)->711.2M(2048.0M)]
 [Times: user=0.50 sys=0.00, real=0.07 secs] 
2020-09-29T12:31:11.333+0200: 68.592: [GC pause (G1 Evacuation Pause) (young), 0.0814489 secs]
   [Parallel Time: 80.5 ms, GC Workers: 8]
      [GC Worker Start (ms): Min: 68591.8, Avg: 68591.8, Max: 68591.9, Diff: 0.1]
      [Ext Root Scanning (ms): Min: 0.0, Avg: 0.1, Max: 0.1, Diff: 0.1, Sum: 0.6]
      [Update RS (ms): Min: 7.9, Avg: 8.0, Max: 8.3, Diff: 0.5, Sum: 64.0]
         [Processed Buffers: Min: 9, Avg: 11.3, Max: 13, Diff: 4, Sum: 90]
      [Scan RS (ms): Min: 7.8, Avg: 8.1, Max: 8.3, Diff: 0.5, Sum: 65.0]
      [Code Root Scanning (ms): Min: 0.0, Avg: 0.0, Max: 0.0, Diff: 0.0, Sum: 0.0]
      [Object Copy (ms): Min: 64.0, Avg: 64.1, Max: 64.2, Diff: 0.2, Sum: 513.0]
      [Termination (ms): Min: 0.0, Avg: 0.0, Max: 0.0, Diff: 0.0, Sum: 0.1]
         [Termination Attempts: Min: 1, Avg: 43.4, Max: 66, Diff: 65, Sum: 347]
      [GC Worker Other (ms): Min: 0.0, Avg: 0.0, Max: 0.1, Diff: 0.0, Sum: 0.2]
      [GC Worker Total (ms): Min: 80.3, Avg: 80.4, Max: 80.4, Diff: 0.1, Sum: 642.9]
      [GC Worker End (ms): Min: 68672.2, Avg: 68672.2, Max: 68672.2, Diff: 0.0]
   [Code Root Fixup: 0.0 ms]
   [Code Root Purge: 0.0 ms]
   [Clear CT: 0.2 ms]
   [Other: 0.7 ms]
      [Choose CSet: 0.0 ms]
      [Ref Proc: 0.3 ms]
      [Ref Enq: 0.0 ms]
      [Redirty Cards: 0.2 ms]
      [Humongous Register: 0.0 ms]
      [Humongous Reclaim: 0.0 ms]
      [Free CSet: 0.1 ms]
   [Eden: 153.0M(153.0M)->0.0B(178.0M) Survivors: 18.0M->22.0M Heap: 890.9M(2048.0M)->892.9M(2048.0M)]
 [Times: user=0.61 sys=0.00, real=0.08 secs] 
2020-09-29T12:31:11.513+0200: 68.772: [GC pause (G1 Evacuation Pause) (young), 0.1164436 secs]
   [Parallel Time: 115.5 ms, GC Workers: 8]
      [GC Worker Start (ms): Min: 68771.7, Avg: 68774.0, Max: 68790.2, Diff: 18.6]
      [Ext Root Scanning (ms): Min: 0.0, Avg: 0.1, Max: 0.1, Diff: 0.1, Sum: 0.5]
      [Update RS (ms): Min: 0.0, Avg: 10.0, Max: 11.8, Diff: 11.8, Sum: 79.8]
         [Processed Buffers: Min: 0, Avg: 12.4, Max: 15, Diff: 15, Sum: 99]
      [Scan RS (ms): Min: 2.7, Avg: 8.9, Max: 10.1, Diff: 7.4, Sum: 70.9]
      [Code Root Scanning (ms): Min: 0.0, Avg: 0.0, Max: 0.0, Diff: 0.0, Sum: 0.0]
      [Object Copy (ms): Min: 94.0, Avg: 94.1, Max: 94.2, Diff: 0.2, Sum: 752.9]
      [Termination (ms): Min: 0.0, Avg: 0.1, Max: 0.1, Diff: 0.1, Sum: 0.5]
         [Termination Attempts: Min: 1, Avg: 455.9, Max: 559, Diff: 558, Sum: 3647]
      [GC Worker Other (ms): Min: 0.0, Avg: 0.0, Max: 0.1, Diff: 0.0, Sum: 0.3]
      [GC Worker Total (ms): Min: 96.9, Avg: 113.1, Max: 115.5, Diff: 18.5, Sum: 904.9]
      [GC Worker End (ms): Min: 68887.1, Avg: 68887.1, Max: 68887.2, Diff: 0.0]
   [Code Root Fixup: 0.0 ms]
   [Code Root Purge: 0.0 ms]
   [Clear CT: 0.2 ms]
   [Other: 0.7 ms]
      [Choose CSet: 0.0 ms]
      [Ref Proc: 0.2 ms]
      [Ref Enq: 0.0 ms]
      [Redirty Cards: 0.2 ms]
      [Humongous Register: 0.0 ms]
      [Humongous Reclaim: 0.0 ms]
      [Free CSet: 0.2 ms]
   [Eden: 178.0M(178.0M)->0.0B(194.0M) Survivors: 22.0M->25.0M Heap: 1099.5M(2048.0M)->1101.5M(2048.0M)]
 [Times: user=0.84 sys=0.00, real=0.12 secs] 
2020-09-29T12:31:11.642+0200: 68.901: [GC pause (G1 Humongous Allocation) (young) (initial-mark), 0.0411202 secs]
   [Parallel Time: 40.4 ms, GC Workers: 8]
      [GC Worker Start (ms): Min: 68901.2, Avg: 68901.3, Max: 68901.4, Diff: 0.2]
      [Ext Root Scanning (ms): Min: 0.0, Avg: 4.7, Max: 20.1, Diff: 20.1, Sum: 37.7]
      [Update RS (ms): Min: 0.0, Avg: 14.5, Max: 19.4, Diff: 19.4, Sum: 116.1]
         [Processed Buffers: Min: 0, Avg: 17.1, Max: 24, Diff: 24, Sum: 137]
      [Scan RS (ms): Min: 0.5, Avg: 2.2, Max: 7.2, Diff: 6.7, Sum: 17.7]
      [Code Root Scanning (ms): Min: 0.0, Avg: 0.0, Max: 0.0, Diff: 0.0, Sum: 0.0]
      [Object Copy (ms): Min: 13.9, Avg: 18.6, Max: 19.4, Diff: 5.5, Sum: 149.2]
      [Termination (ms): Min: 0.0, Avg: 0.1, Max: 0.2, Diff: 0.2, Sum: 1.0]
         [Termination Attempts: Min: 1, Avg: 885.6, Max: 1085, Diff: 1084, Sum: 7085]
      [GC Worker Other (ms): Min: 0.0, Avg: 0.0, Max: 0.0, Diff: 0.0, Sum: 0.1]
      [GC Worker Total (ms): Min: 40.1, Avg: 40.2, Max: 40.3, Diff: 0.2, Sum: 321.7]
      [GC Worker End (ms): Min: 68941.5, Avg: 68941.5, Max: 68941.5, Diff: 0.0]
   [Code Root Fixup: 0.0 ms]
   [Code Root Purge: 0.0 ms]
   [Clear CT: 0.2 ms]
   [Other: 0.6 ms]
      [Choose CSet: 0.0 ms]
      [Ref Proc: 0.1 ms]
      [Ref Enq: 0.0 ms]
      [Redirty Cards: 0.2 ms]
      [Humongous Register: 0.0 ms]
      [Humongous Reclaim: 0.0 ms]
      [Free CSet: 0.0 ms]
   [Eden: 5120.0K(194.0M)->0.0B(225.0M) Survivors: 25.0M->6144.0K Heap: 1106.0M(2048.0M)->1109.5M(2048.0M)]
 [Times: user=0.31 sys=0.00, real=0.04 secs] 
2020-09-29T12:31:11.683+0200: 68.942: [GC concurrent-root-region-scan-start]
2020-09-29T12:31:11.685+0200: 68.944: [GC concurrent-root-region-scan-end, 0.0014120 secs]
2020-09-29T12:31:11.685+0200: 68.944: [GC concurrent-mark-start]
2020-09-29T12:31:11.688+0200: 68.947: [GC concurrent-mark-end, 0.0035403 secs]
2020-09-29T12:31:11.689+0200: 68.948: [GC remark 2020-09-29T12:31:11.689+0200: 68.948: [Finalize Marking, 0.0002169 secs] 2020-09-29T12:31:11.689+0200: 68.948: [GC ref-proc, 0.0003624 secs] 2020-09-29T12:31:11.689+0200: 68.948: [Unloading, 0.0004264 secs], 0.0013105 secs]
 [Times: user=0.00 sys=0.00, real=0.00 secs] 
2020-09-29T12:31:11.690+0200: 68.949: [GC cleanup 1121M->27M(2048M), 0.0013375 secs]
 [Times: user=0.11 sys=0.02, real=0.00 secs] 
2020-09-29T12:31:11.692+0200: 68.951: [GC concurrent-cleanup-start]
2020-09-29T12:31:11.694+0200: 68.953: [GC concurrent-cleanup-end, 0.0025740 secs]
2020-09-29T12:31:11.802+0200: 69.061: [GC pause (G1 Evacuation Pause) (young), 0.1066606 secs]
   [Parallel Time: 105.6 ms, GC Workers: 8]
      [GC Worker Start (ms): Min: 69061.3, Avg: 69061.4, Max: 69061.5, Diff: 0.2]
      [Ext Root Scanning (ms): Min: 0.0, Avg: 0.1, Max: 0.2, Diff: 0.2, Sum: 0.4]
      [Update RS (ms): Min: 9.4, Avg: 9.5, Max: 10.2, Diff: 0.8, Sum: 76.1]
         [Processed Buffers: Min: 11, Avg: 11.4, Max: 12, Diff: 1, Sum: 91]
      [Scan RS (ms): Min: 10.6, Avg: 11.3, Max: 11.6, Diff: 1.0, Sum: 90.5]
      [Code Root Scanning (ms): Min: 0.0, Avg: 0.0, Max: 0.0, Diff: 0.0, Sum: 0.0]
      [Object Copy (ms): Min: 84.3, Avg: 84.4, Max: 84.6, Diff: 0.3, Sum: 675.4]
      [Termination (ms): Min: 0.0, Avg: 0.0, Max: 0.0, Diff: 0.0, Sum: 0.1]
         [Termination Attempts: Min: 1, Avg: 131.4, Max: 160, Diff: 159, Sum: 1051]
      [GC Worker Other (ms): Min: 0.0, Avg: 0.0, Max: 0.1, Diff: 0.0, Sum: 0.2]
      [GC Worker Total (ms): Min: 105.3, Avg: 105.4, Max: 105.5, Diff: 0.2, Sum: 842.9]
      [GC Worker End (ms): Min: 69166.7, Avg: 69166.8, Max: 69166.8, Diff: 0.0]
   [Code Root Fixup: 0.0 ms]
   [Code Root Purge: 0.0 ms]
   [Clear CT: 0.2 ms]
   [Other: 0.9 ms]
      [Choose CSet: 0.0 ms]
      [Ref Proc: 0.2 ms]
      [Ref Enq: 0.0 ms]
      [Redirty Cards: 0.3 ms]
      [Humongous Register: 0.0 ms]
      [Humongous Reclaim: 0.0 ms]
      [Free CSet: 0.1 ms]
   [Eden: 225.0M(225.0M)->0.0B(228.0M) Survivors: 6144.0K->29.0M Heap: 279.1M(2048.0M)->275.1M(2048.0M)]
 [Times: user=0.75 sys=0.00, real=0.11 secs] 
2020-09-29T12:31:12.039+0200: 69.298: [GC pause (G1 Evacuation Pause) (young), 0.1299205 secs]
   [Parallel Time: 127.3 ms, GC Workers: 8]
      [GC Worker Start (ms): Min: 69297.9, Avg: 69298.0, Max: 69298.1, Diff: 0.2]
      [Ext Root Scanning (ms): Min: 0.0, Avg: 0.1, Max: 0.2, Diff: 0.2, Sum: 0.5]
      [Update RS (ms): Min: 13.8, Avg: 13.9, Max: 14.5, Diff: 0.7, Sum: 111.6]
         [Processed Buffers: Min: 13, Avg: 14.9, Max: 16, Diff: 3, Sum: 119]
      [Scan RS (ms): Min: 13.8, Avg: 14.4, Max: 14.7, Diff: 0.8, Sum: 115.4]
      [Code Root Scanning (ms): Min: 0.0, Avg: 0.0, Max: 0.0, Diff: 0.0, Sum: 0.0]
      [Object Copy (ms): Min: 98.5, Avg: 98.6, Max: 98.7, Diff: 0.3, Sum: 789.0]
      [Termination (ms): Min: 0.0, Avg: 0.0, Max: 0.1, Diff: 0.1, Sum: 0.4]
         [Termination Attempts: Min: 1, Avg: 295.1, Max: 389, Diff: 388, Sum: 2361]
      [GC Worker Other (ms): Min: 0.0, Avg: 0.0, Max: 0.1, Diff: 0.1, Sum: 0.3]
      [GC Worker Total (ms): Min: 127.1, Avg: 127.1, Max: 127.2, Diff: 0.2, Sum: 1017.2]
      [GC Worker End (ms): Min: 69425.1, Avg: 69425.2, Max: 69425.2, Diff: 0.0]
   [Code Root Fixup: 0.0 ms]
   [Code Root Purge: 0.0 ms]
   [Clear CT: 1.1 ms]
   [Other: 1.5 ms]
      [Choose CSet: 0.0 ms]
      [Ref Proc: 0.2 ms]
      [Ref Enq: 0.0 ms]
      [Redirty Cards: 1.0 ms]
      [Humongous Register: 0.0 ms]
      [Humongous Reclaim: 0.0 ms]
      [Free CSet: 0.1 ms]
   [Eden: 228.0M(228.0M)->0.0B(241.0M) Survivors: 29.0M->33.0M Heap: 541.3M(2048.0M)->542.8M(2048.0M)]
 [Times: user=1.00 sys=0.00, real=0.13 secs] 
2020-09-29T12:31:12.289+0200: 69.548: [GC pause (G1 Evacuation Pause) (young), 0.1284671 secs]
   [Parallel Time: 126.2 ms, GC Workers: 8]
      [GC Worker Start (ms): Min: 69548.4, Avg: 69548.5, Max: 69548.5, Diff: 0.2]
      [Ext Root Scanning (ms): Min: 0.0, Avg: 0.1, Max: 0.2, Diff: 0.2, Sum: 0.5]
      [Update RS (ms): Min: 12.1, Avg: 12.5, Max: 12.9, Diff: 0.8, Sum: 99.7]
         [Processed Buffers: Min: 15, Avg: 15.5, Max: 17, Diff: 2, Sum: 124]
      [Scan RS (ms): Min: 11.6, Avg: 12.2, Max: 12.6, Diff: 0.9, Sum: 97.5]
      [Code Root Scanning (ms): Min: 0.0, Avg: 0.0, Max: 0.0, Diff: 0.0, Sum: 0.0]
      [Object Copy (ms): Min: 101.1, Avg: 101.2, Max: 101.3, Diff: 0.2, Sum: 810.0]
      [Termination (ms): Min: 0.0, Avg: 0.0, Max: 0.0, Diff: 0.0, Sum: 0.1]
         [Termination Attempts: Min: 1, Avg: 106.1, Max: 153, Diff: 152, Sum: 849]
      [GC Worker Other (ms): Min: 0.0, Avg: 0.0, Max: 0.1, Diff: 0.1, Sum: 0.3]
      [GC Worker Total (ms): Min: 125.9, Avg: 126.0, Max: 126.1, Diff: 0.2, Sum: 1008.1]
      [GC Worker End (ms): Min: 69674.4, Avg: 69674.5, Max: 69674.5, Diff: 0.1]
   [Code Root Fixup: 0.0 ms]
   [Code Root Purge: 0.0 ms]
   [Clear CT: 0.1 ms]
   [Other: 2.1 ms]
      [Choose CSet: 0.0 ms]
      [Ref Proc: 0.2 ms]
      [Ref Enq: 0.0 ms]
      [Redirty Cards: 1.4 ms]
      [Humongous Register: 0.0 ms]
      [Humongous Reclaim: 0.0 ms]
      [Free CSet: 0.2 ms]
   [Eden: 241.0M(241.0M)->0.0B(263.0M) Survivors: 33.0M->35.0M Heap: 823.8M(2048.0M)->825.3M(2048.0M)]
 [Times: user=1.00 sys=0.00, real=0.13 secs] 
2020-09-29T12:31:12.553+0200: 69.812: [GC pause (G1 Evacuation Pause) (young), 0.1331482 secs]
   [Parallel Time: 132.0 ms, GC Workers: 8]
      [GC Worker Start (ms): Min: 69812.4, Avg: 69812.5, Max: 69812.6, Diff: 0.2]
      [Ext Root Scanning (ms): Min: 0.0, Avg: 0.1, Max: 0.2, Diff: 0.2, Sum: 0.4]
      [Update RS (ms): Min: 13.1, Avg: 13.4, Max: 13.6, Diff: 0.5, Sum: 107.2]
         [Processed Buffers: Min: 16, Avg: 16.8, Max: 19, Diff: 3, Sum: 134]
      [Scan RS (ms): Min: 12.0, Avg: 12.3, Max: 12.5, Diff: 0.5, Sum: 98.2]
      [Code Root Scanning (ms): Min: 0.0, Avg: 0.0, Max: 0.0, Diff: 0.0, Sum: 0.0]
      [Object Copy (ms): Min: 106.0, Avg: 106.0, Max: 106.1, Diff: 0.1, Sum: 848.3]
      [Termination (ms): Min: 0.0, Avg: 0.1, Max: 0.1, Diff: 0.1, Sum: 0.4]
         [Termination Attempts: Min: 1, Avg: 359.3, Max: 447, Diff: 446, Sum: 2874]
      [GC Worker Other (ms): Min: 0.0, Avg: 0.0, Max: 0.1, Diff: 0.0, Sum: 0.3]
      [GC Worker Total (ms): Min: 131.8, Avg: 131.9, Max: 132.0, Diff: 0.2, Sum: 1054.8]
      [GC Worker End (ms): Min: 69944.3, Avg: 69944.3, Max: 69944.4, Diff: 0.0]
   [Code Root Fixup: 0.0 ms]
   [Code Root Purge: 0.0 ms]
   [Clear CT: 0.2 ms]
   [Other: 0.9 ms]
      [Choose CSet: 0.0 ms]
      [Ref Proc: 0.1 ms]
      [Ref Enq: 0.0 ms]
      [Redirty Cards: 0.3 ms]
      [Humongous Register: 0.0 ms]
      [Humongous Reclaim: 0.0 ms]
      [Free CSet: 0.3 ms]
   [Eden: 252.0M(249.0M)->0.0B(289.0M) Survivors: 35.0M->36.0M Heap: 1119.3M(2048.0M)->1120.8M(2048.0M)]
 [Times: user=1.00 sys=0.00, real=0.13 secs] 
2020-09-29T12:31:12.702+0200: 69.961: [GC pause (G1 Humongous Allocation) (young) (initial-mark), 0.0615289 secs]
   [Parallel Time: 60.7 ms, GC Workers: 8]
      [GC Worker Start (ms): Min: 69960.9, Avg: 69961.0, Max: 69961.1, Diff: 0.2]
      [Ext Root Scanning (ms): Min: 0.0, Avg: 0.1, Max: 0.2, Diff: 0.2, Sum: 1.2]
      [Update RS (ms): Min: 26.6, Avg: 27.0, Max: 27.3, Diff: 0.7, Sum: 215.8]
         [Processed Buffers: Min: 7, Avg: 28.0, Max: 33, Diff: 26, Sum: 224]
      [Scan RS (ms): Min: 2.1, Avg: 2.3, Max: 2.6, Diff: 0.6, Sum: 18.4]
      [Code Root Scanning (ms): Min: 0.0, Avg: 0.0, Max: 0.0, Diff: 0.0, Sum: 0.0]
      [Object Copy (ms): Min: 30.7, Avg: 30.9, Max: 31.1, Diff: 0.4, Sum: 246.8]
      [Termination (ms): Min: 0.1, Avg: 0.3, Max: 0.4, Diff: 0.3, Sum: 2.2]
         [Termination Attempts: Min: 1, Avg: 1832.3, Max: 2372, Diff: 2371, Sum: 14658]
      [GC Worker Other (ms): Min: 0.0, Avg: 0.0, Max: 0.0, Diff: 0.0, Sum: 0.1]
      [GC Worker Total (ms): Min: 60.5, Avg: 60.6, Max: 60.6, Diff: 0.1, Sum: 484.5]
      [GC Worker End (ms): Min: 70021.5, Avg: 70021.5, Max: 70021.5, Diff: 0.0]
   [Code Root Fixup: 0.0 ms]
   [Code Root Purge: 0.0 ms]
   [Clear CT: 0.2 ms]
   [Other: 0.6 ms]
      [Choose CSet: 0.0 ms]
      [Ref Proc: 0.1 ms]
      [Ref Enq: 0.0 ms]
      [Redirty Cards: 0.1 ms]
      [Humongous Register: 0.0 ms]
      [Humongous Reclaim: 0.0 ms]
      [Free CSet: 0.1 ms]
   [Eden: 4096.0K(289.0M)->0.0B(263.0M) Survivors: 36.0M->6144.0K Heap: 1124.8M(2048.0M)->1128.3M(2048.0M)]
 [Times: user=0.44 sys=0.00, real=0.06 secs] 
2020-09-29T12:31:12.764+0200: 70.022: [GC concurrent-root-region-scan-start]
2020-09-29T12:31:12.765+0200: 70.024: [GC concurrent-root-region-scan-end, 0.0014944 secs]
2020-09-29T12:31:12.765+0200: 70.024: [GC concurrent-mark-start]
2020-09-29T12:31:12.768+0200: 70.027: [GC concurrent-mark-end, 0.0035231 secs]
2020-09-29T12:31:12.769+0200: 70.028: [GC remark 2020-09-29T12:31:12.769+0200: 70.028: [Finalize Marking, 0.0002235 secs] 2020-09-29T12:31:12.769+0200: 70.028: [GC ref-proc, 0.0003018 secs] 2020-09-29T12:31:12.769+0200: 70.028: [Unloading, 0.0004830 secs], 0.0013392 secs]
 [Times: user=0.13 sys=0.00, real=0.00 secs] 
2020-09-29T12:31:12.770+0200: 70.029: [GC cleanup 1139M->26M(2048M), 0.0014228 secs]
 [Times: user=0.00 sys=0.00, real=0.00 secs] 
2020-09-29T12:31:12.772+0200: 70.031: [GC concurrent-cleanup-start]
2020-09-29T12:31:12.774+0200: 70.033: [GC concurrent-cleanup-end, 0.0021695 secs]
2020-09-29T12:31:12.922+0200: 70.181: [GC pause (G1 Evacuation Pause) (young), 0.1300398 secs]
   [Parallel Time: 128.9 ms, GC Workers: 8]
      [GC Worker Start (ms): Min: 70181.0, Avg: 70181.1, Max: 70181.2, Diff: 0.2]
      [Ext Root Scanning (ms): Min: 0.0, Avg: 0.1, Max: 0.2, Diff: 0.2, Sum: 0.5]
      [Update RS (ms): Min: 13.3, Avg: 13.9, Max: 14.2, Diff: 0.8, Sum: 111.1]
         [Processed Buffers: Min: 14, Avg: 15.0, Max: 16, Diff: 2, Sum: 120]
      [Scan RS (ms): Min: 12.0, Avg: 12.3, Max: 12.8, Diff: 0.8, Sum: 98.1]
      [Code Root Scanning (ms): Min: 0.0, Avg: 0.0, Max: 0.0, Diff: 0.0, Sum: 0.0]
      [Object Copy (ms): Min: 102.3, Avg: 102.4, Max: 102.5, Diff: 0.1, Sum: 819.2]
      [Termination (ms): Min: 0.0, Avg: 0.0, Max: 0.1, Diff: 0.1, Sum: 0.4]
         [Termination Attempts: Min: 1, Avg: 344.1, Max: 426, Diff: 425, Sum: 2753]
      [GC Worker Other (ms): Min: 0.0, Avg: 0.0, Max: 0.1, Diff: 0.1, Sum: 0.3]
      [GC Worker Total (ms): Min: 128.7, Avg: 128.7, Max: 128.8, Diff: 0.2, Sum: 1029.6]
      [GC Worker End (ms): Min: 70309.8, Avg: 70309.8, Max: 70309.8, Diff: 0.1]
   [Code Root Fixup: 0.0 ms]
   [Code Root Purge: 0.0 ms]
   [Clear CT: 0.2 ms]
   [Other: 0.9 ms]
      [Choose CSet: 0.0 ms]
      [Ref Proc: 0.1 ms]
      [Ref Enq: 0.0 ms]
      [Redirty Cards: 0.2 ms]
      [Humongous Register: 0.0 ms]
      [Humongous Reclaim: 0.0 ms]
      [Free CSet: 0.3 ms]
   [Eden: 263.0M(263.0M)->0.0B(263.0M) Survivors: 6144.0K->34.0M Heap: 322.4M(2048.0M)->318.4M(2048.0M)]
 [Times: user=1.02 sys=0.00, real=0.13 secs] 
2020-09-29T12:31:13.195+0200: 70.454: [GC pause (G1 Evacuation Pause) (young), 0.1414447 secs]
   [Parallel Time: 140.5 ms, GC Workers: 8]
      [GC Worker Start (ms): Min: 70454.2, Avg: 70454.3, Max: 70454.3, Diff: 0.2]
      [Ext Root Scanning (ms): Min: 0.0, Avg: 0.1, Max: 0.2, Diff: 0.2, Sum: 0.5]
      [Update RS (ms): Min: 17.1, Avg: 17.5, Max: 17.9, Diff: 0.8, Sum: 140.2]
         [Processed Buffers: Min: 20, Avg: 20.9, Max: 22, Diff: 2, Sum: 167]
      [Scan RS (ms): Min: 10.9, Avg: 11.3, Max: 11.6, Diff: 0.7, Sum: 90.6]
      [Code Root Scanning (ms): Min: 0.0, Avg: 0.0, Max: 0.0, Diff: 0.0, Sum: 0.0]
      [Object Copy (ms): Min: 111.0, Avg: 111.2, Max: 111.3, Diff: 0.3, Sum: 889.9]
      [Termination (ms): Min: 0.0, Avg: 0.1, Max: 0.1, Diff: 0.1, Sum: 0.5]
         [Termination Attempts: Min: 1, Avg: 388.0, Max: 560, Diff: 559, Sum: 3104]
      [GC Worker Other (ms): Min: 0.0, Avg: 0.0, Max: 0.1, Diff: 0.0, Sum: 0.3]
      [GC Worker Total (ms): Min: 140.2, Avg: 140.2, Max: 140.3, Diff: 0.2, Sum: 1122.0]
      [GC Worker End (ms): Min: 70594.5, Avg: 70594.5, Max: 70594.5, Diff: 0.0]
   [Code Root Fixup: 0.0 ms]
   [Code Root Purge: 0.0 ms]
   [Clear CT: 0.2 ms]
   [Other: 0.8 ms]
      [Choose CSet: 0.0 ms]
      [Ref Proc: 0.1 ms]
      [Ref Enq: 0.0 ms]
      [Redirty Cards: 0.3 ms]
      [Humongous Register: 0.0 ms]
      [Humongous Reclaim: 0.0 ms]
      [Free CSet: 0.2 ms]
   [Eden: 263.0M(263.0M)->0.0B(281.0M) Survivors: 34.0M->38.0M Heap: 625.2M(2048.0M)->627.7M(2048.0M)]
 [Times: user=1.08 sys=0.03, real=0.14 secs] 
2020-09-29T12:31:13.492+0200: 70.751: [GC pause (G1 Evacuation Pause) (young), 0.1519034 secs]
   [Parallel Time: 150.7 ms, GC Workers: 8]
      [GC Worker Start (ms): Min: 70751.0, Avg: 70751.2, Max: 70751.7, Diff: 0.7]
      [Ext Root Scanning (ms): Min: 0.0, Avg: 0.1, Max: 0.1, Diff: 0.1, Sum: 0.6]
      [Update RS (ms): Min: 14.3, Avg: 14.9, Max: 15.4, Diff: 1.1, Sum: 119.4]
         [Processed Buffers: Min: 16, Avg: 17.3, Max: 18, Diff: 2, Sum: 138]
      [Scan RS (ms): Min: 13.6, Avg: 13.9, Max: 14.3, Diff: 0.7, Sum: 111.4]
      [Code Root Scanning (ms): Min: 0.0, Avg: 0.0, Max: 0.0, Diff: 0.0, Sum: 0.0]
      [Object Copy (ms): Min: 121.2, Avg: 121.3, Max: 121.3, Diff: 0.1, Sum: 970.3]
      [Termination (ms): Min: 0.0, Avg: 0.2, Max: 0.2, Diff: 0.2, Sum: 1.3]
         [Termination Attempts: Min: 1, Avg: 1026.1, Max: 1277, Diff: 1276, Sum: 8209]
      [GC Worker Other (ms): Min: 0.0, Avg: 0.0, Max: 0.0, Diff: 0.0, Sum: 0.2]
      [GC Worker Total (ms): Min: 149.9, Avg: 150.4, Max: 150.6, Diff: 0.7, Sum: 1203.2]
      [GC Worker End (ms): Min: 70901.6, Avg: 70901.6, Max: 70901.7, Diff: 0.0]
   [Code Root Fixup: 0.0 ms]
   [Code Root Purge: 0.0 ms]
   [Clear CT: 0.2 ms]
   [Other: 1.0 ms]
      [Choose CSet: 0.0 ms]
      [Ref Proc: 0.2 ms]
      [Ref Enq: 0.0 ms]
      [Redirty Cards: 0.2 ms]
      [Humongous Register: 0.0 ms]
      [Humongous Reclaim: 0.0 ms]
      [Free CSet: 0.3 ms]
   [Eden: 273.0M(273.0M)->0.0B(297.0M) Survivors: 38.0M->39.0M Heap: 946.5M(2048.0M)->948.0M(2048.0M)]
 [Times: user=1.13 sys=0.00, real=0.15 secs] 
2020-09-29T12:31:13.665+0200: 70.924: [GC pause (G1 Humongous Allocation) (young) (initial-mark), 0.0544534 secs]
   [Parallel Time: 53.5 ms, GC Workers: 8]
      [GC Worker Start (ms): Min: 70924.0, Avg: 70924.1, Max: 70924.2, Diff: 0.1]
      [Ext Root Scanning (ms): Min: 0.0, Avg: 0.1, Max: 0.2, Diff: 0.1, Sum: 0.6]
      [Update RS (ms): Min: 25.4, Avg: 25.7, Max: 26.3, Diff: 0.9, Sum: 205.6]
         [Processed Buffers: Min: 27, Avg: 29.5, Max: 31, Diff: 4, Sum: 236]
      [Scan RS (ms): Min: 1.9, Avg: 2.5, Max: 2.7, Diff: 0.8, Sum: 19.8]
      [Code Root Scanning (ms): Min: 0.0, Avg: 0.0, Max: 0.0, Diff: 0.0, Sum: 0.0]
      [Object Copy (ms): Min: 25.0, Avg: 25.1, Max: 25.1, Diff: 0.1, Sum: 200.4]
      [Termination (ms): Min: 0.0, Avg: 0.0, Max: 0.0, Diff: 0.0, Sum: 0.1]
         [Termination Attempts: Min: 1, Avg: 118.0, Max: 146, Diff: 145, Sum: 944]
      [GC Worker Other (ms): Min: 0.0, Avg: 0.0, Max: 0.0, Diff: 0.0, Sum: 0.1]
      [GC Worker Total (ms): Min: 53.3, Avg: 53.3, Max: 53.4, Diff: 0.1, Sum: 426.7]
      [GC Worker End (ms): Min: 70977.5, Avg: 70977.5, Max: 70977.5, Diff: 0.0]
   [Code Root Fixup: 0.0 ms]
   [Code Root Purge: 0.0 ms]
   [Clear CT: 0.2 ms]
   [Other: 0.7 ms]
      [Choose CSet: 0.0 ms]
      [Ref Proc: 0.2 ms]
      [Ref Enq: 0.0 ms]
      [Redirty Cards: 0.2 ms]
      [Humongous Register: 0.0 ms]
      [Humongous Reclaim: 0.0 ms]
      [Free CSet: 0.1 ms]
   [Eden: 26.0M(297.0M)->0.0B(326.0M) Survivors: 39.0M->27.0M Heap: 977.3M(2048.0M)->980.3M(2048.0M)]
 [Times: user=0.34 sys=0.00, real=0.05 secs] 
2020-09-29T12:31:13.719+0200: 70.978: [GC concurrent-root-region-scan-start]
2020-09-29T12:31:13.724+0200: 70.983: [GC concurrent-root-region-scan-end, 0.0044620 secs]
2020-09-29T12:31:13.724+0200: 70.983: [GC concurrent-mark-start]
2020-09-29T12:31:13.726+0200: 70.985: [GC concurrent-mark-end, 0.0021666 secs]
2020-09-29T12:31:13.726+0200: 70.985: [GC remark 2020-09-29T12:31:13.726+0200: 70.985: [Finalize Marking, 0.0001934 secs] 2020-09-29T12:31:13.727+0200: 70.986: [GC ref-proc, 0.0003245 secs] 2020-09-29T12:31:13.727+0200: 70.986: [Unloading, 0.0004979 secs], 0.0013184 secs]
 [Times: user=0.00 sys=0.00, real=0.00 secs] 
2020-09-29T12:31:13.728+0200: 70.987: [GC cleanup 998M->54M(2048M), 0.0012751 secs]
 [Times: user=0.00 sys=0.00, real=0.00 secs] 
2020-09-29T12:31:13.729+0200: 70.988: [GC concurrent-cleanup-start]
2020-09-29T12:31:13.731+0200: 70.990: [GC concurrent-cleanup-end, 0.0011612 secs]
2020-09-29T12:31:13.901+0200: 71.160: [GC pause (G1 Evacuation Pause) (young), 0.1609838 secs]
   [Parallel Time: 159.8 ms, GC Workers: 8]
      [GC Worker Start (ms): Min: 71159.8, Avg: 71159.9, Max: 71159.9, Diff: 0.2]
      [Ext Root Scanning (ms): Min: 0.0, Avg: 0.1, Max: 0.2, Diff: 0.2, Sum: 0.5]
      [Update RS (ms): Min: 20.3, Avg: 20.4, Max: 20.8, Diff: 0.5, Sum: 163.3]
         [Processed Buffers: Min: 20, Avg: 22.0, Max: 24, Diff: 4, Sum: 176]
      [Scan RS (ms): Min: 15.0, Avg: 15.5, Max: 15.7, Diff: 0.7, Sum: 123.7]
      [Code Root Scanning (ms): Min: 0.0, Avg: 0.0, Max: 0.0, Diff: 0.0, Sum: 0.0]
      [Object Copy (ms): Min: 123.5, Avg: 123.6, Max: 123.7, Diff: 0.2, Sum: 989.1]
      [Termination (ms): Min: 0.0, Avg: 0.0, Max: 0.0, Diff: 0.0, Sum: 0.1]
         [Termination Attempts: Min: 1, Avg: 85.5, Max: 102, Diff: 101, Sum: 684]
      [GC Worker Other (ms): Min: 0.0, Avg: 0.0, Max: 0.1, Diff: 0.1, Sum: 0.3]
      [GC Worker Total (ms): Min: 159.5, Avg: 159.6, Max: 159.7, Diff: 0.2, Sum: 1277.0]
      [GC Worker End (ms): Min: 71319.5, Avg: 71319.5, Max: 71319.5, Diff: 0.1]
   [Code Root Fixup: 0.0 ms]
   [Code Root Purge: 0.0 ms]
   [Clear CT: 0.2 ms]
   [Other: 1.0 ms]
      [Choose CSet: 0.0 ms]
      [Ref Proc: 0.2 ms]
      [Ref Enq: 0.0 ms]
      [Redirty Cards: 0.2 ms]
      [Humongous Register: 0.0 ms]
      [Humongous Reclaim: 0.0 ms]
      [Free CSet: 0.3 ms]
   [Eden: 326.0M(326.0M)->0.0B(313.0M) Survivors: 27.0M->45.0M Heap: 417.8M(2048.0M)->392.3M(2048.0M)]
 [Times: user=1.25 sys=0.00, real=0.16 secs] 
2020-09-29T12:31:14.237+0200: 71.496: [GC pause (G1 Evacuation Pause) (young), 0.1696846 secs]
   [Parallel Time: 168.0 ms, GC Workers: 8]
      [GC Worker Start (ms): Min: 71495.8, Avg: 71495.9, Max: 71496.0, Diff: 0.2]
      [Ext Root Scanning (ms): Min: 0.0, Avg: 0.1, Max: 0.2, Diff: 0.2, Sum: 0.6]
      [Update RS (ms): Min: 16.5, Avg: 16.8, Max: 17.1, Diff: 0.6, Sum: 134.5]
         [Processed Buffers: Min: 20, Avg: 20.3, Max: 22, Diff: 2, Sum: 162]
      [Scan RS (ms): Min: 16.3, Avg: 16.6, Max: 16.9, Diff: 0.6, Sum: 132.6]
      [Code Root Scanning (ms): Min: 0.0, Avg: 0.0, Max: 0.0, Diff: 0.0, Sum: 0.0]
      [Object Copy (ms): Min: 134.2, Avg: 134.2, Max: 134.3, Diff: 0.1, Sum: 1073.9]
      [Termination (ms): Min: 0.0, Avg: 0.1, Max: 0.1, Diff: 0.1, Sum: 0.6]
         [Termination Attempts: Min: 1, Avg: 468.5, Max: 576, Diff: 575, Sum: 3748]
      [GC Worker Other (ms): Min: 0.0, Avg: 0.0, Max: 0.1, Diff: 0.1, Sum: 0.3]
      [GC Worker Total (ms): Min: 167.7, Avg: 167.8, Max: 167.9, Diff: 0.2, Sum: 1342.5]
      [GC Worker End (ms): Min: 71663.7, Avg: 71663.8, Max: 71663.8, Diff: 0.1]
   [Code Root Fixup: 0.0 ms]
   [Code Root Purge: 0.0 ms]
   [Clear CT: 0.2 ms]
   [Other: 1.5 ms]
      [Choose CSet: 0.0 ms]
      [Ref Proc: 0.2 ms]
      [Ref Enq: 0.0 ms]
      [Redirty Cards: 0.6 ms]
      [Humongous Register: 0.0 ms]
      [Humongous Reclaim: 0.0 ms]
      [Free CSet: 0.2 ms]
   [Eden: 313.0M(313.0M)->0.0B(314.0M) Survivors: 45.0M->45.0M Heap: 756.8M(2048.0M)->759.3M(2048.0M)]
 [Times: user=1.36 sys=0.02, real=0.17 secs] 
2020-09-29T12:31:14.579+0200: 71.838: [GC pause (G1 Evacuation Pause) (young), 0.1930881 secs]
   [Parallel Time: 191.9 ms, GC Workers: 8]
      [GC Worker Start (ms): Min: 71838.2, Avg: 71838.3, Max: 71838.4, Diff: 0.2]
      [Ext Root Scanning (ms): Min: 0.0, Avg: 0.1, Max: 0.2, Diff: 0.2, Sum: 0.5]
      [Update RS (ms): Min: 21.1, Avg: 21.3, Max: 21.9, Diff: 0.8, Sum: 170.7]
         [Processed Buffers: Min: 0, Avg: 21.6, Max: 27, Diff: 27, Sum: 173]
      [Scan RS (ms): Min: 17.6, Avg: 18.2, Max: 18.6, Diff: 1.0, Sum: 145.5]
      [Code Root Scanning (ms): Min: 0.0, Avg: 0.0, Max: 0.0, Diff: 0.0, Sum: 0.0]
      [Object Copy (ms): Min: 151.7, Avg: 151.9, Max: 152.0, Diff: 0.3, Sum: 1215.5]
      [Termination (ms): Min: 0.0, Avg: 0.0, Max: 0.0, Diff: 0.0, Sum: 0.1]
         [Termination Attempts: Min: 1, Avg: 56.1, Max: 73, Diff: 72, Sum: 449]
      [GC Worker Other (ms): Min: 0.0, Avg: 0.0, Max: 0.1, Diff: 0.1, Sum: 0.4]
      [GC Worker Total (ms): Min: 191.5, Avg: 191.6, Max: 191.7, Diff: 0.2, Sum: 1532.7]
      [GC Worker End (ms): Min: 72029.9, Avg: 72029.9, Max: 72030.0, Diff: 0.1]
   [Code Root Fixup: 0.0 ms]
   [Code Root Purge: 0.0 ms]
   [Clear CT: 0.2 ms]
   [Other: 1.0 ms]
      [Choose CSet: 0.0 ms]
      [Ref Proc: 0.2 ms]
      [Ref Enq: 0.0 ms]
      [Redirty Cards: 0.2 ms]
      [Humongous Register: 0.0 ms]
      [Humongous Reclaim: 0.0 ms]
      [Free CSet: 0.3 ms]
   [Eden: 314.0M(314.0M)->0.0B(299.0M) Survivors: 45.0M->45.0M Heap: 1126.7M(2048.0M)->1128.7M(2048.0M)]
 [Times: user=1.58 sys=0.00, real=0.19 secs] 
2020-09-29T12:31:14.799+0200: 72.058: [GC pause (G1 Humongous Allocation) (young) (initial-mark), 0.0494467 secs]
   [Parallel Time: 48.4 ms, GC Workers: 8]
      [GC Worker Start (ms): Min: 72058.0, Avg: 72058.1, Max: 72058.2, Diff: 0.1]
      [Ext Root Scanning (ms): Min: 0.0, Avg: 0.1, Max: 0.1, Diff: 0.1, Sum: 0.6]
      [Update RS (ms): Min: 23.0, Avg: 23.3, Max: 23.6, Diff: 0.6, Sum: 186.5]
         [Processed Buffers: Min: 20, Avg: 24.6, Max: 26, Diff: 6, Sum: 197]
      [Scan RS (ms): Min: 2.6, Avg: 2.9, Max: 3.3, Diff: 0.7, Sum: 23.1]
      [Code Root Scanning (ms): Min: 0.0, Avg: 0.0, Max: 0.0, Diff: 0.0, Sum: 0.0]
      [Object Copy (ms): Min: 21.8, Avg: 21.9, Max: 22.0, Diff: 0.2, Sum: 175.3]
      [Termination (ms): Min: 0.0, Avg: 0.0, Max: 0.0, Diff: 0.0, Sum: 0.1]
         [Termination Attempts: Min: 1, Avg: 68.0, Max: 96, Diff: 95, Sum: 544]
      [GC Worker Other (ms): Min: 0.0, Avg: 0.0, Max: 0.0, Diff: 0.0, Sum: 0.1]
      [GC Worker Total (ms): Min: 48.1, Avg: 48.2, Max: 48.3, Diff: 0.1, Sum: 385.7]
      [GC Worker End (ms): Min: 72106.3, Avg: 72106.3, Max: 72106.3, Diff: 0.0]
   [Code Root Fixup: 0.0 ms]
   [Code Root Purge: 0.0 ms]
   [Clear CT: 0.2 ms]
   [Other: 0.8 ms]
      [Choose CSet: 0.0 ms]
      [Ref Proc: 0.2 ms]
      [Ref Enq: 0.0 ms]
      [Redirty Cards: 0.2 ms]
      [Humongous Register: 0.1 ms]
      [Humongous Reclaim: 0.0 ms]
      [Free CSet: 0.1 ms]
   [Eden: 9216.0K(299.0M)->0.0B(346.0M) Survivors: 45.0M->11.0M Heap: 1137.2M(2048.0M)->1141.2M(2048.0M)]
 [Times: user=0.34 sys=0.00, real=0.05 secs] 
2020-09-29T12:31:14.848+0200: 72.107: [GC concurrent-root-region-scan-start]
2020-09-29T12:31:14.851+0200: 72.110: [GC concurrent-root-region-scan-end, 0.0027261 secs]
2020-09-29T12:31:14.851+0200: 72.110: [GC concurrent-mark-start]
2020-09-29T12:31:14.855+0200: 72.114: [GC concurrent-mark-end, 0.0034522 secs]
2020-09-29T12:31:14.855+0200: 72.114: [GC remark 2020-09-29T12:31:14.855+0200: 72.114: [Finalize Marking, 0.0002787 secs] 2020-09-29T12:31:14.855+0200: 72.114: [GC ref-proc, 0.0003235 secs] 2020-09-29T12:31:14.856+0200: 72.115: [Unloading, 0.0005210 secs], 0.0014603 secs]
 [Times: user=0.00 sys=0.00, real=0.00 secs] 
2020-09-29T12:31:14.857+0200: 72.116: [GC cleanup 1154M->33M(2048M), 0.0015614 secs]
 [Times: user=0.00 sys=0.00, real=0.00 secs] 
2020-09-29T12:31:14.859+0200: 72.118: [GC concurrent-cleanup-start]
2020-09-29T12:31:14.862+0200: 72.121: [GC concurrent-cleanup-end, 0.0031977 secs]
2020-09-29T12:31:15.045+0200: 72.304: [GC pause (G1 Evacuation Pause) (young), 0.1772829 secs]
   [Parallel Time: 176.4 ms, GC Workers: 8]
      [GC Worker Start (ms): Min: 72303.9, Avg: 72304.0, Max: 72304.1, Diff: 0.2]
      [Ext Root Scanning (ms): Min: 0.0, Avg: 0.1, Max: 0.2, Diff: 0.2, Sum: 0.4]
      [Update RS (ms): Min: 13.4, Avg: 13.5, Max: 13.5, Diff: 0.1, Sum: 107.7]
         [Processed Buffers: Min: 15, Avg: 16.8, Max: 19, Diff: 4, Sum: 134]
      [Scan RS (ms): Min: 17.4, Avg: 17.4, Max: 17.5, Diff: 0.2, Sum: 139.4]
      [Code Root Scanning (ms): Min: 0.0, Avg: 0.0, Max: 0.0, Diff: 0.0, Sum: 0.0]
      [Object Copy (ms): Min: 144.9, Avg: 145.0, Max: 145.2, Diff: 0.3, Sum: 1160.1]
      [Termination (ms): Min: 0.0, Avg: 0.1, Max: 0.2, Diff: 0.2, Sum: 0.7]
         [Termination Attempts: Min: 1, Avg: 595.6, Max: 724, Diff: 723, Sum: 4765]
      [GC Worker Other (ms): Min: 0.0, Avg: 0.0, Max: 0.1, Diff: 0.1, Sum: 0.4]
      [GC Worker Total (ms): Min: 176.0, Avg: 176.1, Max: 176.2, Diff: 0.2, Sum: 1408.7]
      [GC Worker End (ms): Min: 72480.1, Avg: 72480.1, Max: 72480.1, Diff: 0.1]
   [Code Root Fixup: 0.0 ms]
   [Code Root Purge: 0.0 ms]
   [Clear CT: 0.2 ms]
   [Other: 0.8 ms]
      [Choose CSet: 0.0 ms]
      [Ref Proc: 0.1 ms]
      [Ref Enq: 0.0 ms]
      [Redirty Cards: 0.2 ms]
      [Humongous Register: 0.0 ms]
      [Humongous Reclaim: 0.0 ms]
      [Free CSet: 0.2 ms]
   [Eden: 346.0M(346.0M)->0.0B(315.0M) Survivors: 11.0M->45.0M Heap: 425.6M(2048.0M)->416.6M(2048.0M)]
 [Times: user=1.20 sys=0.03, real=0.18 secs] 
2020-09-29T12:31:15.382+0200: 72.641: [GC pause (G1 Evacuation Pause) (young), 0.1765458 secs]
   [Parallel Time: 175.5 ms, GC Workers: 8]
      [GC Worker Start (ms): Min: 72641.5, Avg: 72641.5, Max: 72641.6, Diff: 0.1]
      [Ext Root Scanning (ms): Min: 0.0, Avg: 0.1, Max: 0.1, Diff: 0.1, Sum: 0.6]
      [Update RS (ms): Min: 16.4, Avg: 16.8, Max: 17.1, Diff: 0.7, Sum: 134.0]
         [Processed Buffers: Min: 17, Avg: 17.9, Max: 21, Diff: 4, Sum: 143]
      [Scan RS (ms): Min: 23.6, Avg: 24.0, Max: 24.4, Diff: 0.9, Sum: 192.3]
      [Code Root Scanning (ms): Min: 0.0, Avg: 0.0, Max: 0.0, Diff: 0.0, Sum: 0.0]
      [Object Copy (ms): Min: 134.4, Avg: 134.4, Max: 134.5, Diff: 0.2, Sum: 1075.4]
      [Termination (ms): Min: 0.0, Avg: 0.0, Max: 0.0, Diff: 0.0, Sum: 0.0]
         [Termination Attempts: Min: 1, Avg: 22.3, Max: 31, Diff: 30, Sum: 178]
      [GC Worker Other (ms): Min: 0.0, Avg: 0.0, Max: 0.1, Diff: 0.0, Sum: 0.3]
      [GC Worker Total (ms): Min: 175.2, Avg: 175.3, Max: 175.4, Diff: 0.2, Sum: 1402.7]
      [GC Worker End (ms): Min: 72816.8, Avg: 72816.8, Max: 72816.9, Diff: 0.1]
   [Code Root Fixup: 0.0 ms]
   [Code Root Purge: 0.0 ms]
   [Clear CT: 0.2 ms]
   [Other: 0.9 ms]
      [Choose CSet: 0.0 ms]
      [Ref Proc: 0.2 ms]
      [Ref Enq: 0.0 ms]
      [Redirty Cards: 0.2 ms]
      [Humongous Register: 0.0 ms]
      [Humongous Reclaim: 0.0 ms]
      [Free CSet: 0.3 ms]
   [Eden: 315.0M(315.0M)->0.0B(302.0M) Survivors: 45.0M->45.0M Heap: 783.1M(2048.0M)->784.6M(2048.0M)]
 [Times: user=1.36 sys=0.00, real=0.18 secs] 
2020-09-29T12:31:15.732+0200: 72.991: [GC pause (G1 Evacuation Pause) (young), 0.1633309 secs]
   [Parallel Time: 162.1 ms, GC Workers: 8]
      [GC Worker Start (ms): Min: 72990.8, Avg: 72990.8, Max: 72990.9, Diff: 0.1]
      [Ext Root Scanning (ms): Min: 0.0, Avg: 0.1, Max: 0.1, Diff: 0.1, Sum: 0.6]
      [Update RS (ms): Min: 15.5, Avg: 15.7, Max: 16.3, Diff: 0.8, Sum: 126.0]
         [Processed Buffers: Min: 19, Avg: 20.1, Max: 21, Diff: 2, Sum: 161]
      [Scan RS (ms): Min: 15.3, Avg: 15.8, Max: 16.0, Diff: 0.7, Sum: 126.4]
      [Code Root Scanning (ms): Min: 0.0, Avg: 0.0, Max: 0.0, Diff: 0.0, Sum: 0.0]
      [Object Copy (ms): Min: 130.0, Avg: 130.2, Max: 130.3, Diff: 0.3, Sum: 1041.4]
      [Termination (ms): Min: 0.0, Avg: 0.1, Max: 0.1, Diff: 0.1, Sum: 0.8]
         [Termination Attempts: Min: 1, Avg: 677.4, Max: 829, Diff: 828, Sum: 5419]
      [GC Worker Other (ms): Min: 0.0, Avg: 0.0, Max: 0.1, Diff: 0.1, Sum: 0.3]
      [GC Worker Total (ms): Min: 161.9, Avg: 161.9, Max: 162.0, Diff: 0.2, Sum: 1295.4]
      [GC Worker End (ms): Min: 73152.7, Avg: 73152.8, Max: 73152.8, Diff: 0.1]
   [Code Root Fixup: 0.0 ms]
   [Code Root Purge: 0.0 ms]
   [Clear CT: 0.2 ms]
   [Other: 1.0 ms]
      [Choose CSet: 0.0 ms]
      [Ref Proc: 0.1 ms]
      [Ref Enq: 0.0 ms]
      [Redirty Cards: 0.3 ms]
      [Humongous Register: 0.0 ms]
      [Humongous Reclaim: 0.0 ms]
      [Free CSet: 0.3 ms]
   [Eden: 302.0M(302.0M)->0.0B(310.0M) Survivors: 45.0M->44.0M Heap: 1138.1M(2048.0M)->1139.6M(2048.0M)]
 [Times: user=1.27 sys=0.01, real=0.16 secs] 
2020-09-29T12:31:15.910+0200: 73.169: [GC pause (G1 Humongous Allocation) (young) (initial-mark), 0.0564508 secs]
   [Parallel Time: 55.6 ms, GC Workers: 8]
      [GC Worker Start (ms): Min: 73169.1, Avg: 73169.1, Max: 73169.2, Diff: 0.1]
      [Ext Root Scanning (ms): Min: 0.0, Avg: 0.1, Max: 0.2, Diff: 0.2, Sum: 1.0]
      [Update RS (ms): Min: 30.7, Avg: 30.8, Max: 31.2, Diff: 0.5, Sum: 246.7]
         [Processed Buffers: Min: 33, Avg: 36.6, Max: 40, Diff: 7, Sum: 293]
      [Scan RS (ms): Min: 2.5, Avg: 2.8, Max: 2.9, Diff: 0.4, Sum: 22.3]
      [Code Root Scanning (ms): Min: 0.0, Avg: 0.0, Max: 0.0, Diff: 0.0, Sum: 0.0]
      [Object Copy (ms): Min: 21.6, Avg: 21.6, Max: 21.6, Diff: 0.1, Sum: 172.9]
      [Termination (ms): Min: 0.0, Avg: 0.0, Max: 0.0, Diff: 0.0, Sum: 0.0]
         [Termination Attempts: Min: 1, Avg: 11.0, Max: 15, Diff: 14, Sum: 88]
      [GC Worker Other (ms): Min: 0.0, Avg: 0.0, Max: 0.0, Diff: 0.0, Sum: 0.1]
      [GC Worker Total (ms): Min: 55.3, Avg: 55.4, Max: 55.4, Diff: 0.2, Sum: 443.1]
      [GC Worker End (ms): Min: 73224.5, Avg: 73224.5, Max: 73224.5, Diff: 0.0]
   [Code Root Fixup: 0.0 ms]
   [Code Root Purge: 0.0 ms]
   [Clear CT: 0.1 ms]
   [Other: 0.7 ms]
      [Choose CSet: 0.0 ms]
      [Ref Proc: 0.2 ms]
      [Ref Enq: 0.0 ms]
      [Redirty Cards: 0.2 ms]
      [Humongous Register: 0.1 ms]
      [Humongous Reclaim: 0.0 ms]
      [Free CSet: 0.1 ms]
   [Eden: 10.0M(310.0M)->0.0B(340.0M) Survivors: 44.0M->12.0M Heap: 1149.6M(2048.0M)->1154.1M(2048.0M)]
 [Times: user=0.48 sys=0.00, real=0.06 secs] 
2020-09-29T12:31:15.966+0200: 73.225: [GC concurrent-root-region-scan-start]
2020-09-29T12:31:15.970+0200: 73.229: [GC concurrent-root-region-scan-end, 0.0033059 secs]
2020-09-29T12:31:15.970+0200: 73.229: [GC concurrent-mark-start]
2020-09-29T12:31:15.973+0200: 73.232: [GC concurrent-mark-end, 0.0035719 secs]
2020-09-29T12:31:15.974+0200: 73.233: [GC remark 2020-09-29T12:31:15.974+0200: 73.233: [Finalize Marking, 0.0002236 secs] 2020-09-29T12:31:15.974+0200: 73.233: [GC ref-proc, 0.0003715 secs] 2020-09-29T12:31:15.974+0200: 73.233: [Unloading, 0.0006075 secs], 0.0015818 secs]
 [Times: user=0.00 sys=0.00, real=0.00 secs] 
2020-09-29T12:31:15.976+0200: 73.235: [GC cleanup 1170M->38M(2048M), 0.0021566 secs]
 [Times: user=0.00 sys=0.00, real=0.00 secs] 
2020-09-29T12:31:15.978+0200: 73.237: [GC concurrent-cleanup-start]
2020-09-29T12:31:15.980+0200: 73.239: [GC concurrent-cleanup-end, 0.0022100 secs]
2020-09-29T12:31:16.157+0200: 73.416: [GC pause (G1 Evacuation Pause) (young), 0.1598535 secs]
   [Parallel Time: 158.8 ms, GC Workers: 8]
      [GC Worker Start (ms): Min: 73416.0, Avg: 73416.1, Max: 73416.1, Diff: 0.1]
      [Ext Root Scanning (ms): Min: 0.0, Avg: 0.1, Max: 0.2, Diff: 0.1, Sum: 0.6]
      [Update RS (ms): Min: 15.4, Avg: 15.5, Max: 15.6, Diff: 0.2, Sum: 124.0]
         [Processed Buffers: Min: 18, Avg: 18.8, Max: 20, Diff: 2, Sum: 150]
      [Scan RS (ms): Min: 15.8, Avg: 16.0, Max: 16.1, Diff: 0.3, Sum: 128.1]
      [Code Root Scanning (ms): Min: 0.0, Avg: 0.0, Max: 0.0, Diff: 0.0, Sum: 0.0]
      [Object Copy (ms): Min: 126.8, Avg: 126.9, Max: 127.0, Diff: 0.2, Sum: 1015.5]
      [Termination (ms): Min: 0.0, Avg: 0.0, Max: 0.0, Diff: 0.0, Sum: 0.1]
         [Termination Attempts: Min: 1, Avg: 109.8, Max: 137, Diff: 136, Sum: 878]
      [GC Worker Other (ms): Min: 0.0, Avg: 0.1, Max: 0.1, Diff: 0.1, Sum: 0.4]
      [GC Worker Total (ms): Min: 158.6, Avg: 158.6, Max: 158.7, Diff: 0.1, Sum: 1268.8]
      [GC Worker End (ms): Min: 73574.6, Avg: 73574.7, Max: 73574.7, Diff: 0.1]
   [Code Root Fixup: 0.0 ms]
   [Code Root Purge: 0.0 ms]
   [Clear CT: 0.2 ms]
   [Other: 0.8 ms]
      [Choose CSet: 0.0 ms]
      [Ref Proc: 0.1 ms]
      [Ref Enq: 0.0 ms]
      [Redirty Cards: 0.1 ms]
      [Humongous Register: 0.0 ms]
      [Humongous Reclaim: 0.0 ms]
      [Free CSet: 0.3 ms]
   [Eden: 340.0M(340.0M)->0.0B(332.0M) Survivors: 12.0M->44.0M Heap: 418.7M(2048.0M)->409.7M(2048.0M)]
 [Times: user=1.26 sys=0.00, real=0.16 secs] 
2020-09-29T12:31:16.499+0200: 73.758: [GC pause (G1 Evacuation Pause) (young), 0.2209802 secs]
   [Parallel Time: 219.8 ms, GC Workers: 8]
      [GC Worker Start (ms): Min: 73758.0, Avg: 73758.1, Max: 73758.1, Diff: 0.1]
      [Ext Root Scanning (ms): Min: 0.0, Avg: 0.1, Max: 0.1, Diff: 0.1, Sum: 0.6]
      [Update RS (ms): Min: 16.9, Avg: 17.2, Max: 17.7, Diff: 0.7, Sum: 137.7]
         [Processed Buffers: Min: 18, Avg: 19.4, Max: 23, Diff: 5, Sum: 155]
      [Scan RS (ms): Min: 19.6, Avg: 19.9, Max: 20.3, Diff: 0.7, Sum: 159.3]
      [Code Root Scanning (ms): Min: 0.0, Avg: 0.0, Max: 0.0, Diff: 0.0, Sum: 0.0]
      [Object Copy (ms): Min: 181.5, Avg: 181.8, Max: 182.4, Diff: 0.9, Sum: 1454.0]
      [Termination (ms): Min: 0.0, Avg: 0.6, Max: 0.7, Diff: 0.7, Sum: 4.6]
         [Termination Attempts: Min: 1, Avg: 4380.0, Max: 5419, Diff: 5418, Sum: 35040]
      [GC Worker Other (ms): Min: 0.0, Avg: 0.0, Max: 0.1, Diff: 0.1, Sum: 0.4]
      [GC Worker Total (ms): Min: 219.5, Avg: 219.6, Max: 219.7, Diff: 0.1, Sum: 1756.7]
      [GC Worker End (ms): Min: 73977.6, Avg: 73977.7, Max: 73977.7, Diff: 0.1]
   [Code Root Fixup: 0.0 ms]
   [Code Root Purge: 0.0 ms]
   [Clear CT: 0.2 ms]
   [Other: 1.0 ms]
      [Choose CSet: 0.0 ms]
      [Ref Proc: 0.2 ms]
      [Ref Enq: 0.0 ms]
      [Redirty Cards: 0.3 ms]
      [Humongous Register: 0.0 ms]
      [Humongous Reclaim: 0.0 ms]
      [Free CSet: 0.3 ms]
   [Eden: 332.0M(332.0M)->0.0B(283.0M) Survivors: 44.0M->47.0M Heap: 797.0M(2048.0M)->799.5M(2048.0M)]
 [Times: user=1.64 sys=0.03, real=0.22 secs] 
2020-09-29T12:31:16.889+0200: 74.148: [GC pause (G1 Evacuation Pause) (young), 0.1626389 secs]
   [Parallel Time: 161.1 ms, GC Workers: 8]
      [GC Worker Start (ms): Min: 74148.2, Avg: 74148.3, Max: 74148.4, Diff: 0.2]
      [Ext Root Scanning (ms): Min: 0.0, Avg: 0.1, Max: 0.2, Diff: 0.2, Sum: 0.4]
      [Update RS (ms): Min: 18.9, Avg: 19.0, Max: 19.6, Diff: 0.7, Sum: 152.3]
         [Processed Buffers: Min: 19, Avg: 21.1, Max: 22, Diff: 3, Sum: 169]
      [Scan RS (ms): Min: 13.8, Avg: 14.3, Max: 14.5, Diff: 0.7, Sum: 114.6]
      [Code Root Scanning (ms): Min: 0.0, Avg: 0.0, Max: 0.0, Diff: 0.0, Sum: 0.0]
      [Object Copy (ms): Min: 127.2, Avg: 127.3, Max: 127.4, Diff: 0.2, Sum: 1018.2]
      [Termination (ms): Min: 0.0, Avg: 0.1, Max: 0.2, Diff: 0.2, Sum: 1.1]
         [Termination Attempts: Min: 1, Avg: 1020.9, Max: 1271, Diff: 1270, Sum: 8167]
      [GC Worker Other (ms): Min: 0.0, Avg: 0.0, Max: 0.1, Diff: 0.0, Sum: 0.3]
      [GC Worker Total (ms): Min: 160.8, Avg: 160.9, Max: 161.0, Diff: 0.2, Sum: 1287.1]
      [GC Worker End (ms): Min: 74309.2, Avg: 74309.2, Max: 74309.2, Diff: 0.0]
   [Code Root Fixup: 0.0 ms]
   [Code Root Purge: 0.0 ms]
   [Clear CT: 0.2 ms]
   [Other: 1.4 ms]
      [Choose CSet: 0.0 ms]
      [Ref Proc: 0.2 ms]
      [Ref Enq: 0.0 ms]
      [Redirty Cards: 0.7 ms]
      [Humongous Register: 0.0 ms]
      [Humongous Reclaim: 0.0 ms]
      [Free CSet: 0.3 ms]
   [Eden: 283.0M(283.0M)->0.0B(297.0M) Survivors: 47.0M->42.0M Heap: 1130.2M(2048.0M)->1132.2M(2048.0M)]
 [Times: user=1.27 sys=0.00, real=0.16 secs] 
2020-09-29T12:31:17.055+0200: 74.314: [GC pause (G1 Humongous Allocation) (young) (initial-mark), 0.0726999 secs]
   [Parallel Time: 70.6 ms, GC Workers: 8]
      [GC Worker Start (ms): Min: 74314.6, Avg: 74314.6, Max: 74314.7, Diff: 0.2]
      [Ext Root Scanning (ms): Min: 0.0, Avg: 2.7, Max: 20.7, Diff: 20.7, Sum: 21.6]
      [Update RS (ms): Min: 26.2, Avg: 44.4, Max: 47.2, Diff: 21.0, Sum: 355.3]
         [Processed Buffers: Min: 31, Avg: 51.9, Max: 56, Diff: 25, Sum: 415]
      [Scan RS (ms): Min: 0.0, Avg: 0.3, Max: 0.5, Diff: 0.5, Sum: 2.4]
      [Code Root Scanning (ms): Min: 0.0, Avg: 0.0, Max: 0.0, Diff: 0.0, Sum: 0.0]
      [Object Copy (ms): Min: 23.0, Avg: 23.1, Max: 23.1, Diff: 0.1, Sum: 184.7]
      [Termination (ms): Min: 0.0, Avg: 0.0, Max: 0.0, Diff: 0.0, Sum: 0.1]
         [Termination Attempts: Min: 1, Avg: 114.6, Max: 142, Diff: 141, Sum: 917]
      [GC Worker Other (ms): Min: 0.0, Avg: 0.0, Max: 0.0, Diff: 0.0, Sum: 0.1]
      [GC Worker Total (ms): Min: 70.4, Avg: 70.5, Max: 70.6, Diff: 0.2, Sum: 564.2]
      [GC Worker End (ms): Min: 74385.1, Avg: 74385.1, Max: 74385.2, Diff: 0.0]
   [Code Root Fixup: 0.0 ms]
   [Code Root Purge: 0.0 ms]
   [Clear CT: 0.2 ms]
   [Other: 1.9 ms]
      [Choose CSet: 0.0 ms]
      [Ref Proc: 0.2 ms]
      [Ref Enq: 0.0 ms]
      [Redirty Cards: 0.2 ms]
      [Humongous Register: 0.0 ms]
      [Humongous Reclaim: 0.0 ms]
      [Free CSet: 0.3 ms]
   [Eden: 7168.0K(297.0M)->0.0B(308.0M) Survivors: 42.0M->9216.0K Heap: 1138.7M(2048.0M)->1142.7M(2048.0M)]
 [Times: user=0.48 sys=0.00, real=0.07 secs] 
2020-09-29T12:31:17.129+0200: 74.388: [GC concurrent-root-region-scan-start]
2020-09-29T12:31:17.131+0200: 74.390: [GC concurrent-root-region-scan-end, 0.0021557 secs]
2020-09-29T12:31:17.131+0200: 74.390: [GC concurrent-mark-start]
2020-09-29T12:31:17.133+0200: 74.393: [GC concurrent-mark-end, 0.0024071 secs]
2020-09-29T12:31:17.135+0200: 74.394: [GC remark 2020-09-29T12:31:17.135+0200: 74.394: [Finalize Marking, 0.0002523 secs] 2020-09-29T12:31:17.135+0200: 74.395: [GC ref-proc, 0.0002805 secs] 2020-09-29T12:31:17.135+0200: 74.395: [Unloading, 0.0004354 secs], 0.0012361 secs]
 [Times: user=0.00 sys=0.00, real=0.00 secs] 
2020-09-29T12:31:17.136+0200: 74.396: [GC cleanup 1151M->27M(2048M), 0.0011123 secs]
 [Times: user=0.00 sys=0.00, real=0.00 secs] 
2020-09-29T12:31:17.138+0200: 74.397: [GC concurrent-cleanup-start]
2020-09-29T12:31:17.139+0200: 74.399: [GC concurrent-cleanup-end, 0.0014652 secs]
2020-09-29T12:31:17.291+0200: 74.551: [GC pause (G1 Evacuation Pause) (young), 0.1448195 secs]
   [Parallel Time: 143.5 ms, GC Workers: 8]
      [GC Worker Start (ms): Min: 74551.0, Avg: 74551.1, Max: 74551.1, Diff: 0.2]
      [Ext Root Scanning (ms): Min: 0.0, Avg: 0.1, Max: 0.2, Diff: 0.2, Sum: 0.5]
      [Update RS (ms): Min: 19.7, Avg: 20.0, Max: 20.2, Diff: 0.5, Sum: 159.8]
         [Processed Buffers: Min: 23, Avg: 24.0, Max: 25, Diff: 2, Sum: 192]
      [Scan RS (ms): Min: 10.2, Avg: 10.4, Max: 10.7, Diff: 0.4, Sum: 83.3]
      [Code Root Scanning (ms): Min: 0.0, Avg: 0.0, Max: 0.0, Diff: 0.0, Sum: 0.0]
      [Object Copy (ms): Min: 112.7, Avg: 112.8, Max: 112.8, Diff: 0.1, Sum: 902.3]
      [Termination (ms): Min: 0.0, Avg: 0.0, Max: 0.0, Diff: 0.0, Sum: 0.1]
         [Termination Attempts: Min: 1, Avg: 51.9, Max: 69, Diff: 68, Sum: 415]
      [GC Worker Other (ms): Min: 0.0, Avg: 0.0, Max: 0.1, Diff: 0.0, Sum: 0.2]
      [GC Worker Total (ms): Min: 143.2, Avg: 143.3, Max: 143.4, Diff: 0.2, Sum: 1146.2]
      [GC Worker End (ms): Min: 74694.3, Avg: 74694.3, Max: 74694.4, Diff: 0.0]
   [Code Root Fixup: 0.0 ms]
   [Code Root Purge: 0.0 ms]
   [Clear CT: 0.2 ms]
   [Other: 1.1 ms]
      [Choose CSet: 0.0 ms]
      [Ref Proc: 0.1 ms]
      [Ref Enq: 0.0 ms]
      [Redirty Cards: 0.6 ms]
      [Humongous Register: 0.0 ms]
      [Humongous Reclaim: 0.0 ms]
      [Free CSet: 0.2 ms]
   [Eden: 308.0M(308.0M)->0.0B(305.0M) Survivors: 9216.0K->40.0M Heap: 378.0M(2048.0M)->371.0M(2048.0M)]
 [Times: user=1.13 sys=0.00, real=0.15 secs] 
2020-09-29T12:31:17.592+0200: 74.851: [GC pause (G1 Evacuation Pause) (young), 0.1746474 secs]
   [Parallel Time: 173.1 ms, GC Workers: 8]
      [GC Worker Start (ms): Min: 74851.5, Avg: 74851.6, Max: 74851.6, Diff: 0.1]
      [Ext Root Scanning (ms): Min: 0.0, Avg: 0.1, Max: 0.1, Diff: 0.1, Sum: 0.6]
      [Update RS (ms): Min: 22.1, Avg: 22.4, Max: 22.7, Diff: 0.6, Sum: 178.9]
         [Processed Buffers: Min: 15, Avg: 23.8, Max: 27, Diff: 12, Sum: 190]
      [Scan RS (ms): Min: 15.5, Avg: 16.7, Max: 22.5, Diff: 7.0, Sum: 133.7]
      [Code Root Scanning (ms): Min: 0.0, Avg: 0.0, Max: 0.0, Diff: 0.0, Sum: 0.0]
      [Object Copy (ms): Min: 128.1, Avg: 133.7, Max: 134.6, Diff: 6.5, Sum: 1069.7]
      [Termination (ms): Min: 0.0, Avg: 0.0, Max: 0.0, Diff: 0.0, Sum: 0.0]
         [Termination Attempts: Min: 1, Avg: 29.6, Max: 42, Diff: 41, Sum: 237]
      [GC Worker Other (ms): Min: 0.0, Avg: 0.0, Max: 0.1, Diff: 0.1, Sum: 0.3]
      [GC Worker Total (ms): Min: 172.8, Avg: 172.9, Max: 173.0, Diff: 0.2, Sum: 1383.2]
      [GC Worker End (ms): Min: 75024.4, Avg: 75024.5, Max: 75024.5, Diff: 0.1]
   [Code Root Fixup: 0.0 ms]
   [Code Root Purge: 0.0 ms]
   [Clear CT: 0.3 ms]
   [Other: 1.2 ms]
      [Choose CSet: 0.0 ms]
      [Ref Proc: 0.4 ms]
      [Ref Enq: 0.0 ms]
      [Redirty Cards: 0.5 ms]
      [Humongous Register: 0.1 ms]
      [Humongous Reclaim: 0.0 ms]
      [Free CSet: 0.2 ms]
   [Eden: 305.0M(305.0M)->0.0B(297.0M) Survivors: 40.0M->44.0M Heap: 727.5M(2048.0M)->730.0M(2048.0M)]
 [Times: user=1.30 sys=0.05, real=0.17 secs] 
2020-09-29T12:31:17.924+0200: 75.184: [GC pause (G1 Evacuation Pause) (young), 0.1657713 secs]
   [Parallel Time: 164.6 ms, GC Workers: 8]
      [GC Worker Start (ms): Min: 75184.1, Avg: 75184.2, Max: 75184.3, Diff: 0.2]
      [Ext Root Scanning (ms): Min: 0.0, Avg: 0.0, Max: 0.2, Diff: 0.2, Sum: 0.4]
      [Update RS (ms): Min: 15.6, Avg: 15.7, Max: 15.9, Diff: 0.3, Sum: 125.5]
         [Processed Buffers: Min: 17, Avg: 19.0, Max: 22, Diff: 5, Sum: 152]
      [Scan RS (ms): Min: 16.1, Avg: 16.3, Max: 16.5, Diff: 0.4, Sum: 130.5]
      [Code Root Scanning (ms): Min: 0.0, Avg: 0.0, Max: 0.0, Diff: 0.0, Sum: 0.0]
      [Object Copy (ms): Min: 132.1, Avg: 132.2, Max: 132.3, Diff: 0.2, Sum: 1057.6]
      [Termination (ms): Min: 0.0, Avg: 0.1, Max: 0.1, Diff: 0.1, Sum: 0.6]
         [Termination Attempts: Min: 1, Avg: 555.5, Max: 688, Diff: 687, Sum: 4444]
      [GC Worker Other (ms): Min: 0.0, Avg: 0.0, Max: 0.1, Diff: 0.1, Sum: 0.3]
      [GC Worker Total (ms): Min: 164.3, Avg: 164.4, Max: 164.5, Diff: 0.2, Sum: 1314.9]
      [GC Worker End (ms): Min: 75348.6, Avg: 75348.6, Max: 75348.6, Diff: 0.1]
   [Code Root Fixup: 0.0 ms]
   [Code Root Purge: 0.0 ms]
   [Clear CT: 0.2 ms]
   [Other: 1.0 ms]
      [Choose CSet: 0.0 ms]
      [Ref Proc: 0.2 ms]
      [Ref Enq: 0.0 ms]
      [Redirty Cards: 0.3 ms]
      [Humongous Register: 0.0 ms]
      [Humongous Reclaim: 0.0 ms]
      [Free CSet: 0.3 ms]
   [Eden: 297.0M(297.0M)->0.0B(303.0M) Survivors: 44.0M->43.0M Heap: 1076.6M(2048.0M)->1078.6M(2048.0M)]
 [Times: user=1.36 sys=0.01, real=0.17 secs] 
2020-09-29T12:31:18.099+0200: 75.359: [GC pause (G1 Humongous Allocation) (young) (initial-mark), 0.0749069 secs]
   [Parallel Time: 74.0 ms, GC Workers: 8]
      [GC Worker Start (ms): Min: 75358.7, Avg: 75358.8, Max: 75358.9, Diff: 0.2]
      [Ext Root Scanning (ms): Min: 0.0, Avg: 2.0, Max: 14.8, Diff: 14.8, Sum: 16.0]
      [Update RS (ms): Min: 27.0, Avg: 39.8, Max: 41.8, Diff: 14.8, Sum: 318.3]
         [Processed Buffers: Min: 28, Avg: 45.5, Max: 50, Diff: 22, Sum: 364]
      [Scan RS (ms): Min: 2.4, Avg: 2.6, Max: 2.8, Diff: 0.4, Sum: 20.9]
      [Code Root Scanning (ms): Min: 0.0, Avg: 0.0, Max: 0.0, Diff: 0.0, Sum: 0.0]
      [Object Copy (ms): Min: 29.2, Avg: 29.2, Max: 29.3, Diff: 0.2, Sum: 233.8]
      [Termination (ms): Min: 0.0, Avg: 0.1, Max: 0.2, Diff: 0.2, Sum: 1.1]
         [Termination Attempts: Min: 1, Avg: 1055.3, Max: 1339, Diff: 1338, Sum: 8442]
      [GC Worker Other (ms): Min: 0.0, Avg: 0.0, Max: 0.0, Diff: 0.0, Sum: 0.1]
      [GC Worker Total (ms): Min: 73.7, Avg: 73.8, Max: 73.9, Diff: 0.2, Sum: 590.2]
      [GC Worker End (ms): Min: 75432.6, Avg: 75432.6, Max: 75432.6, Diff: 0.0]
   [Code Root Fixup: 0.0 ms]
   [Code Root Purge: 0.0 ms]
   [Clear CT: 0.2 ms]
   [Other: 0.8 ms]
      [Choose CSet: 0.0 ms]
      [Ref Proc: 0.2 ms]
      [Ref Enq: 0.0 ms]
      [Redirty Cards: 0.2 ms]
      [Humongous Register: 0.0 ms]
      [Humongous Reclaim: 0.0 ms]
      [Free CSet: 0.1 ms]
   [Eden: 6144.0K(303.0M)->0.0B(283.0M) Survivors: 43.0M->8192.0K Heap: 1084.6M(2048.0M)->1087.6M(2048.0M)]
 [Times: user=0.47 sys=0.02, real=0.08 secs] 
2020-09-29T12:31:18.174+0200: 75.434: [GC concurrent-root-region-scan-start]
2020-09-29T12:31:18.176+0200: 75.436: [GC concurrent-root-region-scan-end, 0.0018693 secs]
2020-09-29T12:31:18.176+0200: 75.436: [GC concurrent-mark-start]
2020-09-29T12:31:18.180+0200: 75.440: [GC concurrent-mark-end, 0.0040733 secs]
2020-09-29T12:31:18.181+0200: 75.440: [GC remark 2020-09-29T12:31:18.181+0200: 75.440: [Finalize Marking, 0.0002491 secs] 2020-09-29T12:31:18.181+0200: 75.440: [GC ref-proc, 0.0002925 secs] 2020-09-29T12:31:18.181+0200: 75.441: [Unloading, 0.0004720 secs], 0.0014604 secs]
 [Times: user=0.00 sys=0.00, real=0.00 secs] 
2020-09-29T12:31:18.182+0200: 75.442: [GC cleanup 1100M->30M(2048M), 0.0013927 secs]
 [Times: user=0.00 sys=0.00, real=0.00 secs] 
2020-09-29T12:31:18.184+0200: 75.443: [GC concurrent-cleanup-start]
2020-09-29T12:31:18.186+0200: 75.445: [GC concurrent-cleanup-end, 0.0017303 secs]
2020-09-29T12:31:18.332+0200: 75.591: [GC pause (G1 Evacuation Pause) (young), 0.1593368 secs]
   [Parallel Time: 157.8 ms, GC Workers: 8]
      [GC Worker Start (ms): Min: 75591.3, Avg: 75591.3, Max: 75591.4, Diff: 0.1]
      [Ext Root Scanning (ms): Min: 0.0, Avg: 0.1, Max: 0.1, Diff: 0.1, Sum: 0.5]
      [Update RS (ms): Min: 25.1, Avg: 25.3, Max: 25.6, Diff: 0.5, Sum: 202.3]
         [Processed Buffers: Min: 20, Avg: 23.4, Max: 25, Diff: 5, Sum: 187]
      [Scan RS (ms): Min: 15.0, Avg: 16.2, Max: 22.6, Diff: 7.7, Sum: 129.8]
      [Code Root Scanning (ms): Min: 0.0, Avg: 0.0, Max: 0.0, Diff: 0.0, Sum: 0.0]
      [Object Copy (ms): Min: 109.5, Avg: 115.9, Max: 116.9, Diff: 7.4, Sum: 927.3]
      [Termination (ms): Min: 0.0, Avg: 0.1, Max: 0.1, Diff: 0.1, Sum: 0.9]
         [Termination Attempts: Min: 1, Avg: 457.1, Max: 588, Diff: 587, Sum: 3657]
      [GC Worker Other (ms): Min: 0.0, Avg: 0.0, Max: 0.0, Diff: 0.0, Sum: 0.1]
      [GC Worker Total (ms): Min: 157.5, Avg: 157.6, Max: 157.7, Diff: 0.2, Sum: 1260.9]
      [GC Worker End (ms): Min: 75748.9, Avg: 75749.0, Max: 75749.0, Diff: 0.0]
   [Code Root Fixup: 0.0 ms]
   [Code Root Purge: 0.0 ms]
   [Clear CT: 0.2 ms]
   [Other: 1.3 ms]
      [Choose CSet: 0.0 ms]
      [Ref Proc: 0.3 ms]
      [Ref Enq: 0.0 ms]
      [Redirty Cards: 0.4 ms]
      [Humongous Register: 0.0 ms]
      [Humongous Reclaim: 0.0 ms]
      [Free CSet: 0.4 ms]
   [Eden: 283.0M(283.0M)->0.0B(258.0M) Survivors: 8192.0K->37.0M Heap: 348.2M(2048.0M)->342.7M(2048.0M)]
 [Times: user=1.19 sys=0.01, real=0.16 secs] 
2020-09-29T12:31:18.642+0200: 75.901: [GC pause (G1 Evacuation Pause) (young), 0.1446176 secs]
   [Parallel Time: 143.5 ms, GC Workers: 8]
      [GC Worker Start (ms): Min: 75901.5, Avg: 75901.6, Max: 75901.7, Diff: 0.1]
      [Ext Root Scanning (ms): Min: 0.0, Avg: 0.1, Max: 0.1, Diff: 0.1, Sum: 0.5]
      [Update RS (ms): Min: 17.1, Avg: 17.3, Max: 17.7, Diff: 0.6, Sum: 138.1]
         [Processed Buffers: Min: 20, Avg: 21.5, Max: 23, Diff: 3, Sum: 172]
      [Scan RS (ms): Min: 11.6, Avg: 12.1, Max: 12.3, Diff: 0.7, Sum: 96.7]
      [Code Root Scanning (ms): Min: 0.0, Avg: 0.0, Max: 0.0, Diff: 0.0, Sum: 0.0]
      [Object Copy (ms): Min: 113.5, Avg: 113.7, Max: 113.8, Diff: 0.3, Sum: 909.3]
      [Termination (ms): Min: 0.0, Avg: 0.1, Max: 0.2, Diff: 0.2, Sum: 0.9]
         [Termination Attempts: Min: 1, Avg: 726.6, Max: 982, Diff: 981, Sum: 5813]
      [GC Worker Other (ms): Min: 0.0, Avg: 0.0, Max: 0.1, Diff: 0.0, Sum: 0.3]
      [GC Worker Total (ms): Min: 143.2, Avg: 143.2, Max: 143.3, Diff: 0.1, Sum: 1145.8]
      [GC Worker End (ms): Min: 76044.8, Avg: 76044.8, Max: 76044.8, Diff: 0.0]
   [Code Root Fixup: 0.0 ms]
   [Code Root Purge: 0.0 ms]
   [Clear CT: 0.2 ms]
   [Other: 1.0 ms]
      [Choose CSet: 0.0 ms]
      [Ref Proc: 0.2 ms]
      [Ref Enq: 0.0 ms]
      [Redirty Cards: 0.2 ms]
      [Humongous Register: 0.0 ms]
      [Humongous Reclaim: 0.0 ms]
      [Free CSet: 0.3 ms]
   [Eden: 258.0M(258.0M)->0.0B(277.0M) Survivors: 37.0M->37.0M Heap: 644.6M(2048.0M)->647.1M(2048.0M)]
 [Times: user=1.20 sys=0.00, real=0.14 secs] 
2020-09-29T12:31:18.940+0200: 76.199: [GC pause (G1 Evacuation Pause) (young), 0.1736374 secs]
   [Parallel Time: 172.5 ms, GC Workers: 8]
      [GC Worker Start (ms): Min: 76199.6, Avg: 76199.7, Max: 76199.8, Diff: 0.2]
      [Ext Root Scanning (ms): Min: 0.0, Avg: 0.1, Max: 0.2, Diff: 0.2, Sum: 0.5]
      [Update RS (ms): Min: 17.9, Avg: 17.9, Max: 18.2, Diff: 0.4, Sum: 143.5]
         [Processed Buffers: Min: 20, Avg: 21.3, Max: 23, Diff: 3, Sum: 170]
      [Scan RS (ms): Min: 12.6, Avg: 12.8, Max: 12.9, Diff: 0.4, Sum: 102.0]
      [Code Root Scanning (ms): Min: 0.0, Avg: 0.0, Max: 0.0, Diff: 0.0, Sum: 0.0]
      [Object Copy (ms): Min: 140.5, Avg: 140.8, Max: 141.3, Diff: 0.8, Sum: 1126.2]
      [Termination (ms): Min: 0.0, Avg: 0.6, Max: 1.0, Diff: 1.0, Sum: 5.1]
         [Termination Attempts: Min: 1, Avg: 4187.8, Max: 6053, Diff: 6052, Sum: 33502]
      [GC Worker Other (ms): Min: 0.0, Avg: 0.0, Max: 0.1, Diff: 0.1, Sum: 0.4]
      [GC Worker Total (ms): Min: 172.1, Avg: 172.2, Max: 172.3, Diff: 0.2, Sum: 1377.7]
      [GC Worker End (ms): Min: 76371.9, Avg: 76371.9, Max: 76371.9, Diff: 0.1]
   [Code Root Fixup: 0.0 ms]
   [Code Root Purge: 0.0 ms]
   [Clear CT: 0.2 ms]
   [Other: 0.9 ms]
      [Choose CSet: 0.0 ms]
      [Ref Proc: 0.2 ms]
      [Ref Enq: 0.0 ms]
      [Redirty Cards: 0.3 ms]
      [Humongous Register: 0.0 ms]
      [Humongous Reclaim: 0.0 ms]
      [Free CSet: 0.3 ms]
   [Eden: 277.0M(277.0M)->0.0B(277.0M) Survivors: 37.0M->40.0M Heap: 969.8M(2048.0M)->972.3M(2048.0M)]
 [Times: user=1.33 sys=0.00, real=0.17 secs] 
2020-09-29T12:31:19.123+0200: 76.382: [GC pause (G1 Humongous Allocation) (young) (initial-mark), 0.0642282 secs]
   [Parallel Time: 63.3 ms, GC Workers: 8]
      [GC Worker Start (ms): Min: 76382.7, Avg: 76382.7, Max: 76382.8, Diff: 0.1]
      [Ext Root Scanning (ms): Min: 0.0, Avg: 0.1, Max: 0.2, Diff: 0.2, Sum: 1.1]
      [Update RS (ms): Min: 35.2, Avg: 35.4, Max: 35.6, Diff: 0.5, Sum: 283.1]
         [Processed Buffers: Min: 37, Avg: 40.6, Max: 42, Diff: 5, Sum: 325]
      [Scan RS (ms): Min: 2.1, Avg: 2.4, Max: 2.6, Diff: 0.5, Sum: 18.9]
      [Code Root Scanning (ms): Min: 0.0, Avg: 0.0, Max: 0.0, Diff: 0.0, Sum: 0.0]
      [Object Copy (ms): Min: 24.9, Avg: 25.0, Max: 25.2, Diff: 0.2, Sum: 200.1]
      [Termination (ms): Min: 0.0, Avg: 0.2, Max: 0.3, Diff: 0.3, Sum: 1.7]
         [Termination Attempts: Min: 1, Avg: 1209.5, Max: 1659, Diff: 1658, Sum: 9676]
      [GC Worker Other (ms): Min: 0.0, Avg: 0.0, Max: 0.0, Diff: 0.0, Sum: 0.1]
      [GC Worker Total (ms): Min: 63.0, Avg: 63.1, Max: 63.2, Diff: 0.1, Sum: 505.0]
      [GC Worker End (ms): Min: 76445.8, Avg: 76445.8, Max: 76445.9, Diff: 0.0]
   [Code Root Fixup: 0.0 ms]
   [Code Root Purge: 0.0 ms]
   [Clear CT: 0.2 ms]
   [Other: 0.7 ms]
      [Choose CSet: 0.0 ms]
      [Ref Proc: 0.2 ms]
      [Ref Enq: 0.0 ms]
      [Redirty Cards: 0.2 ms]
      [Humongous Register: 0.1 ms]
      [Humongous Reclaim: 0.0 ms]
      [Free CSet: 0.1 ms]
   [Eden: 7168.0K(277.0M)->0.0B(297.0M) Survivors: 40.0M->8192.0K Heap: 978.8M(2048.0M)->982.8M(2048.0M)]
 [Times: user=0.50 sys=0.00, real=0.06 secs] 
2020-09-29T12:31:19.187+0200: 76.447: [GC concurrent-root-region-scan-start]
2020-09-29T12:31:19.189+0200: 76.448: [GC concurrent-root-region-scan-end, 0.0014958 secs]
2020-09-29T12:31:19.189+0200: 76.448: [GC concurrent-mark-start]
2020-09-29T12:31:19.191+0200: 76.451: [GC concurrent-mark-end, 0.0024666 secs]
2020-09-29T12:31:19.192+0200: 76.451: [GC remark 2020-09-29T12:31:19.192+0200: 76.451: [Finalize Marking, 0.0001946 secs] 2020-09-29T12:31:19.192+0200: 76.451: [GC ref-proc, 0.0002803 secs] 2020-09-29T12:31:19.192+0200: 76.452: [Unloading, 0.0004100 secs], 0.0011445 secs]
 [Times: user=0.00 sys=0.00, real=0.00 secs] 
2020-09-29T12:31:19.193+0200: 76.453: [GC cleanup 992M->27M(2048M), 0.0010172 secs]
 [Times: user=0.00 sys=0.00, real=0.00 secs] 
2020-09-29T12:31:19.194+0200: 76.454: [GC concurrent-cleanup-start]
2020-09-29T12:31:19.195+0200: 76.455: [GC concurrent-cleanup-end, 0.0010237 secs]
2020-09-29T12:31:19.342+0200: 76.602: [GC pause (G1 Evacuation Pause) (young), 0.1411097 secs]
   [Parallel Time: 140.0 ms, GC Workers: 8]
      [GC Worker Start (ms): Min: 76601.7, Avg: 76601.7, Max: 76601.8, Diff: 0.2]
      [Ext Root Scanning (ms): Min: 0.0, Avg: 0.1, Max: 0.1, Diff: 0.1, Sum: 0.5]
      [Update RS (ms): Min: 19.4, Avg: 19.7, Max: 20.2, Diff: 0.8, Sum: 157.7]
         [Processed Buffers: Min: 20, Avg: 22.5, Max: 24, Diff: 4, Sum: 180]
      [Scan RS (ms): Min: 9.8, Avg: 10.3, Max: 10.6, Diff: 0.8, Sum: 82.2]
      [Code Root Scanning (ms): Min: 0.0, Avg: 0.0, Max: 0.0, Diff: 0.0, Sum: 0.0]
      [Object Copy (ms): Min: 109.7, Avg: 109.7, Max: 109.8, Diff: 0.1, Sum: 877.8]
      [Termination (ms): Min: 0.0, Avg: 0.0, Max: 0.0, Diff: 0.0, Sum: 0.1]
         [Termination Attempts: Min: 1, Avg: 116.0, Max: 151, Diff: 150, Sum: 928]
      [GC Worker Other (ms): Min: 0.0, Avg: 0.0, Max: 0.1, Diff: 0.1, Sum: 0.3]
      [GC Worker Total (ms): Min: 139.8, Avg: 139.8, Max: 139.9, Diff: 0.2, Sum: 1118.6]
      [GC Worker End (ms): Min: 76741.5, Avg: 76741.6, Max: 76741.6, Diff: 0.1]
   [Code Root Fixup: 0.0 ms]
   [Code Root Purge: 0.0 ms]
   [Clear CT: 0.3 ms]
   [Other: 0.8 ms]
      [Choose CSet: 0.0 ms]
      [Ref Proc: 0.2 ms]
      [Ref Enq: 0.0 ms]
      [Redirty Cards: 0.2 ms]
      [Humongous Register: 0.0 ms]
      [Humongous Reclaim: 0.0 ms]
      [Free CSet: 0.2 ms]
   [Eden: 297.0M(297.0M)->0.0B(295.0M) Survivors: 8192.0K->39.0M Heap: 364.6M(2048.0M)->359.1M(2048.0M)]
 [Times: user=1.13 sys=0.00, real=0.14 secs] 
2020-09-29T12:31:19.642+0200: 76.902: [GC pause (G1 Evacuation Pause) (young), 0.1637559 secs]
   [Parallel Time: 162.6 ms, GC Workers: 8]
      [GC Worker Start (ms): Min: 76902.0, Avg: 76902.1, Max: 76902.2, Diff: 0.2]
      [Ext Root Scanning (ms): Min: 0.0, Avg: 0.1, Max: 0.2, Diff: 0.2, Sum: 0.4]
      [Update RS (ms): Min: 23.6, Avg: 23.8, Max: 24.0, Diff: 0.4, Sum: 190.5]
         [Processed Buffers: Min: 26, Avg: 26.4, Max: 28, Diff: 2, Sum: 211]
      [Scan RS (ms): Min: 12.8, Avg: 13.1, Max: 13.4, Diff: 0.6, Sum: 105.0]
      [Code Root Scanning (ms): Min: 0.0, Avg: 0.0, Max: 0.0, Diff: 0.0, Sum: 0.0]
      [Object Copy (ms): Min: 125.1, Avg: 125.3, Max: 125.4, Diff: 0.3, Sum: 1002.4]
      [Termination (ms): Min: 0.0, Avg: 0.0, Max: 0.0, Diff: 0.0, Sum: 0.3]
         [Termination Attempts: Min: 1, Avg: 249.3, Max: 307, Diff: 306, Sum: 1994]
      [GC Worker Other (ms): Min: 0.0, Avg: 0.0, Max: 0.1, Diff: 0.1, Sum: 0.3]
      [GC Worker Total (ms): Min: 162.3, Avg: 162.4, Max: 162.5, Diff: 0.2, Sum: 1298.9]
      [GC Worker End (ms): Min: 77064.5, Avg: 77064.5, Max: 77064.5, Diff: 0.1]
   [Code Root Fixup: 0.0 ms]
   [Code Root Purge: 0.0 ms]
   [Clear CT: 0.2 ms]
   [Other: 1.0 ms]
      [Choose CSet: 0.0 ms]
      [Ref Proc: 0.1 ms]
      [Ref Enq: 0.0 ms]
      [Redirty Cards: 0.3 ms]
      [Humongous Register: 0.0 ms]
      [Humongous Reclaim: 0.0 ms]
      [Free CSet: 0.3 ms]
   [Eden: 295.0M(295.0M)->0.0B(298.0M) Survivors: 39.0M->42.0M Heap: 703.7M(2048.0M)->705.7M(2048.0M)]
 [Times: user=1.36 sys=0.00, real=0.16 secs] 
2020-09-29T12:31:19.970+0200: 77.230: [GC pause (G1 Evacuation Pause) (young), 0.1607844 secs]
   [Parallel Time: 158.8 ms, GC Workers: 8]
      [GC Worker Start (ms): Min: 77229.8, Avg: 77229.9, Max: 77230.0, Diff: 0.1]
      [Ext Root Scanning (ms): Min: 0.0, Avg: 0.1, Max: 0.1, Diff: 0.1, Sum: 0.6]
      [Update RS (ms): Min: 16.7, Avg: 16.8, Max: 17.1, Diff: 0.4, Sum: 134.7]
         [Processed Buffers: Min: 20, Avg: 20.4, Max: 21, Diff: 1, Sum: 163]
      [Scan RS (ms): Min: 14.4, Avg: 14.7, Max: 14.8, Diff: 0.4, Sum: 117.3]
      [Code Root Scanning (ms): Min: 0.0, Avg: 0.0, Max: 0.0, Diff: 0.0, Sum: 0.0]
      [Object Copy (ms): Min: 126.9, Avg: 127.0, Max: 127.0, Diff: 0.2, Sum: 1015.6]
      [Termination (ms): Min: 0.0, Avg: 0.1, Max: 0.1, Diff: 0.1, Sum: 0.4]
         [Termination Attempts: Min: 1, Avg: 384.1, Max: 502, Diff: 501, Sum: 3073]
      [GC Worker Other (ms): Min: 0.0, Avg: 0.0, Max: 0.1, Diff: 0.1, Sum: 0.4]
      [GC Worker Total (ms): Min: 158.5, Avg: 158.6, Max: 158.7, Diff: 0.2, Sum: 1269.0]
      [GC Worker End (ms): Min: 77388.5, Avg: 77388.5, Max: 77388.6, Diff: 0.1]
   [Code Root Fixup: 0.0 ms]
   [Code Root Purge: 0.0 ms]
   [Clear CT: 0.2 ms]
   [Other: 1.8 ms]
      [Choose CSet: 0.0 ms]
      [Ref Proc: 0.2 ms]
      [Ref Enq: 0.0 ms]
      [Redirty Cards: 0.3 ms]
      [Humongous Register: 0.1 ms]
      [Humongous Reclaim: 0.0 ms]
      [Free CSet: 1.0 ms]
   [Eden: 298.0M(298.0M)->0.0B(305.0M) Survivors: 42.0M->43.0M Heap: 1053.3M(2048.0M)->1054.8M(2048.0M)]
 [Times: user=1.38 sys=0.00, real=0.16 secs] 
2020-09-29T12:31:20.141+0200: 77.400: [GC pause (G1 Humongous Allocation) (young) (initial-mark), 0.0618152 secs]
   [Parallel Time: 60.3 ms, GC Workers: 8]
      [GC Worker Start (ms): Min: 77400.2, Avg: 77400.3, Max: 77400.4, Diff: 0.2]
      [Ext Root Scanning (ms): Min: 0.0, Avg: 0.2, Max: 0.8, Diff: 0.8, Sum: 1.7]
      [Update RS (ms): Min: 38.6, Avg: 39.1, Max: 39.5, Diff: 0.9, Sum: 313.1]
         [Processed Buffers: Min: 41, Avg: 44.0, Max: 48, Diff: 7, Sum: 352]
      [Scan RS (ms): Min: 2.3, Avg: 2.6, Max: 3.1, Diff: 0.8, Sum: 20.9]
      [Code Root Scanning (ms): Min: 0.0, Avg: 0.0, Max: 0.0, Diff: 0.0, Sum: 0.0]
      [Object Copy (ms): Min: 18.1, Avg: 18.1, Max: 18.2, Diff: 0.1, Sum: 145.0]
      [Termination (ms): Min: 0.0, Avg: 0.0, Max: 0.0, Diff: 0.0, Sum: 0.1]
         [Termination Attempts: Min: 1, Avg: 43.5, Max: 66, Diff: 65, Sum: 348]
      [GC Worker Other (ms): Min: 0.0, Avg: 0.0, Max: 0.0, Diff: 0.0, Sum: 0.1]
      [GC Worker Total (ms): Min: 60.0, Avg: 60.1, Max: 60.2, Diff: 0.2, Sum: 480.9]
      [GC Worker End (ms): Min: 77460.4, Avg: 77460.4, Max: 77460.4, Diff: 0.0]
   [Code Root Fixup: 0.0 ms]
   [Code Root Purge: 0.0 ms]
   [Clear CT: 0.9 ms]
   [Other: 0.6 ms]
      [Choose CSet: 0.0 ms]
      [Ref Proc: 0.1 ms]
      [Ref Enq: 0.0 ms]
      [Redirty Cards: 0.1 ms]
      [Humongous Register: 0.1 ms]
      [Humongous Reclaim: 0.0 ms]
      [Free CSet: 0.1 ms]
   [Eden: 3072.0K(305.0M)->0.0B(349.0M) Survivors: 43.0M->6144.0K Heap: 1057.8M(2048.0M)->1061.8M(2048.0M)]
 [Times: user=0.50 sys=0.00, real=0.06 secs] 
2020-09-29T12:31:20.202+0200: 77.462: [GC concurrent-root-region-scan-start]
2020-09-29T12:31:20.203+0200: 77.463: [GC concurrent-root-region-scan-end, 0.0006730 secs]
2020-09-29T12:31:20.203+0200: 77.463: [GC concurrent-mark-start]
2020-09-29T12:31:20.207+0200: 77.466: [GC concurrent-mark-end, 0.0035249 secs]
2020-09-29T12:31:20.207+0200: 77.466: [GC remark 2020-09-29T12:31:20.207+0200: 77.466: [Finalize Marking, 0.0002023 secs] 2020-09-29T12:31:20.207+0200: 77.467: [GC ref-proc, 0.0002924 secs] 2020-09-29T12:31:20.207+0200: 77.467: [Unloading, 0.0004405 secs], 0.0013252 secs]
 [Times: user=0.00 sys=0.00, real=0.00 secs] 
2020-09-29T12:31:20.209+0200: 77.468: [GC cleanup 1070M->24M(2048M), 0.0011297 secs]
 [Times: user=0.00 sys=0.00, real=0.00 secs] 
2020-09-29T12:31:20.210+0200: 77.469: [GC concurrent-cleanup-start]
2020-09-29T12:31:20.211+0200: 77.471: [GC concurrent-cleanup-end, 0.0012786 secs]
2020-09-29T12:31:20.395+0200: 77.655: [GC pause (G1 Evacuation Pause) (young), 0.1639617 secs]
   [Parallel Time: 162.8 ms, GC Workers: 8]
      [GC Worker Start (ms): Min: 77654.8, Avg: 77655.0, Max: 77655.0, Diff: 0.2]
      [Ext Root Scanning (ms): Min: 0.0, Avg: 0.1, Max: 0.2, Diff: 0.2, Sum: 0.5]
      [Update RS (ms): Min: 14.2, Avg: 14.4, Max: 14.6, Diff: 0.4, Sum: 115.2]
         [Processed Buffers: Min: 17, Avg: 18.0, Max: 20, Diff: 3, Sum: 144]
      [Scan RS (ms): Min: 16.6, Avg: 16.9, Max: 17.7, Diff: 1.1, Sum: 135.3]
      [Code Root Scanning (ms): Min: 0.0, Avg: 0.0, Max: 0.0, Diff: 0.0, Sum: 0.0]
      [Object Copy (ms): Min: 130.3, Avg: 131.2, Max: 131.3, Diff: 1.0, Sum: 1049.5]
      [Termination (ms): Min: 0.0, Avg: 0.1, Max: 0.1, Diff: 0.1, Sum: 0.5]
         [Termination Attempts: Min: 1, Avg: 63.3, Max: 110, Diff: 109, Sum: 506]
      [GC Worker Other (ms): Min: 0.0, Avg: 0.0, Max: 0.0, Diff: 0.0, Sum: 0.1]
      [GC Worker Total (ms): Min: 162.6, Avg: 162.6, Max: 162.7, Diff: 0.2, Sum: 1301.0]
      [GC Worker End (ms): Min: 77817.6, Avg: 77817.6, Max: 77817.6, Diff: 0.0]
   [Code Root Fixup: 0.0 ms]
   [Code Root Purge: 0.0 ms]
   [Clear CT: 0.2 ms]
   [Other: 1.0 ms]
      [Choose CSet: 0.0 ms]
      [Ref Proc: 0.2 ms]
      [Ref Enq: 0.0 ms]
      [Redirty Cards: 0.2 ms]
      [Humongous Register: 0.0 ms]
      [Humongous Reclaim: 0.0 ms]
      [Free CSet: 0.3 ms]
   [Eden: 349.0M(349.0M)->0.0B(321.0M) Survivors: 6144.0K->45.0M Heap: 423.6M(2048.0M)->419.1M(2048.0M)]
 [Times: user=1.20 sys=0.03, real=0.16 secs] 
2020-09-29T12:31:20.747+0200: 78.007: [GC pause (G1 Evacuation Pause) (young), 0.1798122 secs]
   [Parallel Time: 178.6 ms, GC Workers: 8]
      [GC Worker Start (ms): Min: 78006.9, Avg: 78007.0, Max: 78007.1, Diff: 0.2]
      [Ext Root Scanning (ms): Min: 0.0, Avg: 0.1, Max: 0.2, Diff: 0.2, Sum: 0.6]
      [Update RS (ms): Min: 16.2, Avg: 16.3, Max: 16.9, Diff: 0.8, Sum: 130.6]
         [Processed Buffers: Min: 19, Avg: 20.3, Max: 24, Diff: 5, Sum: 162]
      [Scan RS (ms): Min: 16.8, Avg: 18.5, Max: 26.1, Diff: 9.3, Sum: 148.2]
      [Code Root Scanning (ms): Min: 0.0, Avg: 0.0, Max: 0.0, Diff: 0.0, Sum: 0.0]
      [Object Copy (ms): Min: 135.7, Avg: 143.3, Max: 144.5, Diff: 8.8, Sum: 1146.6]
      [Termination (ms): Min: 0.0, Avg: 0.1, Max: 0.1, Diff: 0.1, Sum: 0.6]
         [Termination Attempts: Min: 1, Avg: 472.8, Max: 621, Diff: 620, Sum: 3782]
      [GC Worker Other (ms): Min: 0.0, Avg: 0.0, Max: 0.1, Diff: 0.1, Sum: 0.3]
      [GC Worker Total (ms): Min: 178.3, Avg: 178.4, Max: 178.5, Diff: 0.2, Sum: 1426.9]
      [GC Worker End (ms): Min: 78185.4, Avg: 78185.4, Max: 78185.4, Diff: 0.1]
   [Code Root Fixup: 0.0 ms]
   [Code Root Purge: 0.0 ms]
   [Clear CT: 0.2 ms]
   [Other: 1.0 ms]
      [Choose CSet: 0.0 ms]
      [Ref Proc: 0.1 ms]
      [Ref Enq: 0.0 ms]
      [Redirty Cards: 0.3 ms]
      [Humongous Register: 0.0 ms]
      [Humongous Reclaim: 0.0 ms]
      [Free CSet: 0.3 ms]
   [Eden: 321.0M(321.0M)->0.0B(312.0M) Survivors: 45.0M->46.0M Heap: 793.5M(2048.0M)->795.0M(2048.0M)]
 [Times: user=1.45 sys=0.01, real=0.18 secs] 
2020-09-29T12:31:21.104+0200: 78.364: [GC pause (G1 Evacuation Pause) (young), 0.1829868 secs]
   [Parallel Time: 182.0 ms, GC Workers: 8]
      [GC Worker Start (ms): Min: 78363.9, Avg: 78364.0, Max: 78364.0, Diff: 0.1]
      [Ext Root Scanning (ms): Min: 0.0, Avg: 0.1, Max: 0.2, Diff: 0.1, Sum: 0.6]
      [Update RS (ms): Min: 18.4, Avg: 18.7, Max: 19.0, Diff: 0.6, Sum: 149.6]
         [Processed Buffers: Min: 21, Avg: 22.0, Max: 24, Diff: 3, Sum: 176]
      [Scan RS (ms): Min: 16.3, Avg: 16.6, Max: 16.9, Diff: 0.6, Sum: 132.4]
      [Code Root Scanning (ms): Min: 0.0, Avg: 0.0, Max: 0.0, Diff: 0.0, Sum: 0.0]
      [Object Copy (ms): Min: 146.3, Avg: 146.4, Max: 146.5, Diff: 0.2, Sum: 1171.6]
      [Termination (ms): Min: 0.0, Avg: 0.0, Max: 0.0, Diff: 0.0, Sum: 0.1]
         [Termination Attempts: Min: 1, Avg: 91.4, Max: 116, Diff: 115, Sum: 731]
      [GC Worker Other (ms): Min: 0.0, Avg: 0.0, Max: 0.1, Diff: 0.1, Sum: 0.4]
      [GC Worker Total (ms): Min: 181.8, Avg: 181.8, Max: 181.9, Diff: 0.2, Sum: 1454.7]
      [GC Worker End (ms): Min: 78545.8, Avg: 78545.8, Max: 78545.9, Diff: 0.1]
   [Code Root Fixup: 0.0 ms]
   [Code Root Purge: 0.0 ms]
   [Clear CT: 0.2 ms]
   [Other: 0.7 ms]
      [Choose CSet: 0.0 ms]
      [Ref Proc: 0.2 ms]
      [Ref Enq: 0.0 ms]
      [Redirty Cards: 0.2 ms]
      [Humongous Register: 0.0 ms]
      [Humongous Reclaim: 0.0 ms]
      [Free CSet: 0.2 ms]
   [Eden: 312.0M(312.0M)->0.0B(305.0M) Survivors: 46.0M->45.0M Heap: 1158.5M(2048.0M)->1159.5M(2048.0M)]
 [Times: user=1.50 sys=0.00, real=0.18 secs] 
2020-09-29T12:31:21.289+0200: 78.548: [GC pause (G1 Humongous Allocation) (young) (initial-mark), 0.0748516 secs]
   [Parallel Time: 74.2 ms, GC Workers: 8]
      [GC Worker Start (ms): Min: 78548.2, Avg: 78548.2, Max: 78548.3, Diff: 0.1]
      [Ext Root Scanning (ms): Min: 0.0, Avg: 0.1, Max: 0.1, Diff: 0.1, Sum: 0.7]
      [Update RS (ms): Min: 49.4, Avg: 49.6, Max: 50.0, Diff: 0.6, Sum: 396.9]
         [Processed Buffers: Min: 54, Avg: 59.1, Max: 61, Diff: 7, Sum: 473]
      [Scan RS (ms): Min: 0.0, Avg: 0.0, Max: 0.0, Diff: 0.0, Sum: 0.0]
      [Code Root Scanning (ms): Min: 0.0, Avg: 0.0, Max: 0.0, Diff: 0.0, Sum: 0.0]
      [Object Copy (ms): Min: 23.8, Avg: 24.2, Max: 24.5, Diff: 0.7, Sum: 193.8]
      [Termination (ms): Min: 0.0, Avg: 0.1, Max: 0.1, Diff: 0.1, Sum: 0.6]
         [Termination Attempts: Min: 1, Avg: 514.5, Max: 646, Diff: 645, Sum: 4116]
      [GC Worker Other (ms): Min: 0.0, Avg: 0.0, Max: 0.0, Diff: 0.0, Sum: 0.1]
      [GC Worker Total (ms): Min: 74.0, Avg: 74.0, Max: 74.1, Diff: 0.1, Sum: 592.2]
      [GC Worker End (ms): Min: 78622.3, Avg: 78622.3, Max: 78622.3, Diff: 0.0]
   [Code Root Fixup: 0.0 ms]
   [Code Root Purge: 0.0 ms]
   [Clear CT: 0.1 ms]
   [Other: 0.5 ms]
      [Choose CSet: 0.0 ms]
      [Ref Proc: 0.2 ms]
      [Ref Enq: 0.0 ms]
      [Redirty Cards: 0.1 ms]
      [Humongous Register: 0.0 ms]
      [Humongous Reclaim: 0.0 ms]
      [Free CSet: 0.0 ms]
   [Eden: 3072.0K(305.0M)->0.0B(305.0M) Survivors: 45.0M->4096.0K Heap: 1162.0M(2048.0M)->1165.0M(2048.0M)]
 [Times: user=0.50 sys=0.02, real=0.08 secs] 
2020-09-29T12:31:21.364+0200: 78.623: [GC concurrent-root-region-scan-start]
2020-09-29T12:31:21.364+0200: 78.624: [GC concurrent-root-region-scan-end, 0.0005754 secs]
2020-09-29T12:31:21.364+0200: 78.624: [GC concurrent-mark-start]
2020-09-29T12:31:21.367+0200: 78.626: [GC concurrent-mark-end, 0.0024122 secs]
2020-09-29T12:31:21.367+0200: 78.626: [GC remark 2020-09-29T12:31:21.367+0200: 78.626: [Finalize Marking, 0.0001906 secs] 2020-09-29T12:31:21.367+0200: 78.626: [GC ref-proc, 0.0002816 secs] 2020-09-29T12:31:21.367+0200: 78.627: [Unloading, 0.0004485 secs], 0.0012925 secs]
 [Times: user=0.00 sys=0.00, real=0.00 secs] 
2020-09-29T12:31:21.368+0200: 78.628: [GC cleanup 1173M->22M(2048M), 0.0014470 secs]
 [Times: user=0.00 sys=0.00, real=0.00 secs] 
2020-09-29T12:31:21.370+0200: 78.629: [GC concurrent-cleanup-start]
2020-09-29T12:31:21.372+0200: 78.631: [GC concurrent-cleanup-end, 0.0016671 secs]
2020-09-29T12:31:21.528+0200: 78.788: [GC pause (G1 Evacuation Pause) (young), 0.1682245 secs]
   [Parallel Time: 167.0 ms, GC Workers: 8]
      [GC Worker Start (ms): Min: 78788.1, Avg: 78788.2, Max: 78788.3, Diff: 0.2]
      [Ext Root Scanning (ms): Min: 0.0, Avg: 0.1, Max: 0.2, Diff: 0.2, Sum: 0.5]
      [Update RS (ms): Min: 22.5, Avg: 22.7, Max: 23.0, Diff: 0.6, Sum: 181.7]
         [Processed Buffers: Min: 19, Avg: 21.6, Max: 25, Diff: 6, Sum: 173]
      [Scan RS (ms): Min: 19.1, Avg: 19.4, Max: 19.7, Diff: 0.6, Sum: 155.5]
      [Code Root Scanning (ms): Min: 0.0, Avg: 0.0, Max: 0.0, Diff: 0.0, Sum: 0.0]
      [Object Copy (ms): Min: 124.4, Avg: 124.5, Max: 124.5, Diff: 0.1, Sum: 995.6]
      [Termination (ms): Min: 0.0, Avg: 0.0, Max: 0.1, Diff: 0.1, Sum: 0.4]
         [Termination Attempts: Min: 1, Avg: 313.0, Max: 399, Diff: 398, Sum: 2504]
      [GC Worker Other (ms): Min: 0.0, Avg: 0.0, Max: 0.1, Diff: 0.1, Sum: 0.3]
      [GC Worker Total (ms): Min: 166.7, Avg: 166.8, Max: 166.9, Diff: 0.2, Sum: 1334.1]
      [GC Worker End (ms): Min: 78954.9, Avg: 78955.0, Max: 78955.0, Diff: 0.1]
   [Code Root Fixup: 0.0 ms]
   [Code Root Purge: 0.0 ms]
   [Clear CT: 0.2 ms]
   [Other: 1.0 ms]
      [Choose CSet: 0.0 ms]
      [Ref Proc: 0.2 ms]
      [Ref Enq: 0.0 ms]
      [Redirty Cards: 0.2 ms]
      [Humongous Register: 0.0 ms]
      [Humongous Reclaim: 0.0 ms]
      [Free CSet: 0.3 ms]
   [Eden: 305.0M(305.0M)->0.0B(267.0M) Survivors: 4096.0K->39.0M Heap: 370.0M(2048.0M)->368.0M(2048.0M)]
 [Times: user=1.31 sys=0.06, real=0.17 secs] 
2020-09-29T12:31:21.854+0200: 79.114: [GC pause (G1 Evacuation Pause) (young), 0.1476803 secs]
   [Parallel Time: 146.5 ms, GC Workers: 8]
      [GC Worker Start (ms): Min: 79113.8, Avg: 79113.9, Max: 79114.0, Diff: 0.2]
      [Ext Root Scanning (ms): Min: 0.0, Avg: 0.1, Max: 0.1, Diff: 0.1, Sum: 0.6]
      [Update RS (ms): Min: 18.6, Avg: 19.0, Max: 19.3, Diff: 0.7, Sum: 152.0]
         [Processed Buffers: Min: 19, Avg: 21.1, Max: 24, Diff: 5, Sum: 169]
      [Scan RS (ms): Min: 12.3, Avg: 12.6, Max: 13.0, Diff: 0.8, Sum: 101.2]
      [Code Root Scanning (ms): Min: 0.0, Avg: 0.0, Max: 0.0, Diff: 0.0, Sum: 0.0]
      [Object Copy (ms): Min: 114.3, Avg: 114.5, Max: 114.6, Diff: 0.3, Sum: 915.7]
      [Termination (ms): Min: 0.0, Avg: 0.1, Max: 0.1, Diff: 0.1, Sum: 0.6]
         [Termination Attempts: Min: 1, Avg: 569.9, Max: 712, Diff: 711, Sum: 4559]
      [GC Worker Other (ms): Min: 0.0, Avg: 0.0, Max: 0.1, Diff: 0.0, Sum: 0.2]
      [GC Worker Total (ms): Min: 146.2, Avg: 146.3, Max: 146.4, Diff: 0.2, Sum: 1170.3]
      [GC Worker End (ms): Min: 79260.2, Avg: 79260.2, Max: 79260.2, Diff: 0.0]
   [Code Root Fixup: 0.0 ms]
   [Code Root Purge: 0.0 ms]
   [Clear CT: 0.2 ms]
   [Other: 1.0 ms]
      [Choose CSet: 0.0 ms]
      [Ref Proc: 0.1 ms]
      [Ref Enq: 0.0 ms]
      [Redirty Cards: 0.2 ms]
      [Humongous Register: 0.0 ms]
      [Humongous Reclaim: 0.0 ms]
      [Free CSet: 0.3 ms]
   [Eden: 267.0M(267.0M)->0.0B(284.0M) Survivors: 39.0M->39.0M Heap: 678.9M(2048.0M)->680.9M(2048.0M)]
 [Times: user=1.13 sys=0.00, real=0.15 secs] 
2020-09-29T12:31:22.162+0200: 79.421: [GC pause (G1 Evacuation Pause) (young), 0.1645276 secs]
   [Parallel Time: 163.4 ms, GC Workers: 8]
      [GC Worker Start (ms): Min: 79421.6, Avg: 79421.6, Max: 79421.7, Diff: 0.1]
      [Ext Root Scanning (ms): Min: 0.0, Avg: 0.1, Max: 0.1, Diff: 0.1, Sum: 0.6]
      [Update RS (ms): Min: 24.4, Avg: 24.5, Max: 24.6, Diff: 0.2, Sum: 196.0]
         [Processed Buffers: Min: 24, Avg: 25.3, Max: 27, Diff: 3, Sum: 202]
      [Scan RS (ms): Min: 13.8, Avg: 13.9, Max: 14.0, Diff: 0.2, Sum: 110.9]
      [Code Root Scanning (ms): Min: 0.0, Avg: 0.0, Max: 0.0, Diff: 0.0, Sum: 0.0]
      [Object Copy (ms): Min: 124.7, Avg: 124.7, Max: 124.7, Diff: 0.1, Sum: 997.5]
      [Termination (ms): Min: 0.0, Avg: 0.1, Max: 0.1, Diff: 0.1, Sum: 0.5]
         [Termination Attempts: Min: 1, Avg: 454.1, Max: 549, Diff: 548, Sum: 3633]
      [GC Worker Other (ms): Min: 0.0, Avg: 0.0, Max: 0.1, Diff: 0.0, Sum: 0.3]
      [GC Worker Total (ms): Min: 163.2, Avg: 163.2, Max: 163.3, Diff: 0.1, Sum: 1305.9]
      [GC Worker End (ms): Min: 79584.9, Avg: 79584.9, Max: 79584.9, Diff: 0.0]
   [Code Root Fixup: 0.0 ms]
   [Code Root Purge: 0.0 ms]
   [Clear CT: 0.1 ms]
   [Other: 0.9 ms]
      [Choose CSet: 0.0 ms]
      [Ref Proc: 0.2 ms]
      [Ref Enq: 0.0 ms]
      [Redirty Cards: 0.2 ms]
      [Humongous Register: 0.0 ms]
      [Humongous Reclaim: 0.0 ms]
      [Free CSet: 0.3 ms]
   [Eden: 284.0M(284.0M)->0.0B(292.0M) Survivors: 39.0M->41.0M Heap: 1012.6M(2048.0M)->1014.1M(2048.0M)]
 [Times: user=1.23 sys=0.00, real=0.16 secs] 
2020-09-29T12:31:22.335+0200: 79.595: [GC pause (G1 Humongous Allocation) (young) (initial-mark), 0.0705716 secs]
   [Parallel Time: 69.8 ms, GC Workers: 8]
      [GC Worker Start (ms): Min: 79594.9, Avg: 79595.0, Max: 79595.0, Diff: 0.1]
      [Ext Root Scanning (ms): Min: 0.0, Avg: 0.1, Max: 0.1, Diff: 0.1, Sum: 0.7]
      [Update RS (ms): Min: 38.8, Avg: 39.0, Max: 39.5, Diff: 0.7, Sum: 312.1]
         [Processed Buffers: Min: 39, Avg: 41.3, Max: 43, Diff: 4, Sum: 330]
      [Scan RS (ms): Min: 1.9, Avg: 2.4, Max: 2.6, Diff: 0.6, Sum: 19.3]
      [Code Root Scanning (ms): Min: 0.0, Avg: 0.0, Max: 0.0, Diff: 0.0, Sum: 0.0]
      [Object Copy (ms): Min: 27.8, Avg: 27.9, Max: 28.0, Diff: 0.3, Sum: 223.0]
      [Termination (ms): Min: 0.0, Avg: 0.2, Max: 0.3, Diff: 0.3, Sum: 1.7]
         [Termination Attempts: Min: 1, Avg: 1390.9, Max: 1764, Diff: 1763, Sum: 11127]
      [GC Worker Other (ms): Min: 0.0, Avg: 0.0, Max: 0.0, Diff: 0.0, Sum: 0.1]
      [GC Worker Total (ms): Min: 69.6, Avg: 69.6, Max: 69.7, Diff: 0.1, Sum: 556.9]
      [GC Worker End (ms): Min: 79664.6, Avg: 79664.6, Max: 79664.6, Diff: 0.0]
   [Code Root Fixup: 0.0 ms]
   [Code Root Purge: 0.0 ms]
   [Clear CT: 0.2 ms]
   [Other: 0.7 ms]
      [Choose CSet: 0.0 ms]
      [Ref Proc: 0.2 ms]
      [Ref Enq: 0.0 ms]
      [Redirty Cards: 0.1 ms]
      [Humongous Register: 0.0 ms]
      [Humongous Reclaim: 0.0 ms]
      [Free CSet: 0.1 ms]
   [Eden: 3072.0K(292.0M)->0.0B(278.0M) Survivors: 41.0M->5120.0K Heap: 1016.6M(2048.0M)->1020.6M(2048.0M)]
 [Times: user=0.48 sys=0.02, real=0.07 secs] 
2020-09-29T12:31:22.406+0200: 79.665: [GC concurrent-root-region-scan-start]
2020-09-29T12:31:22.407+0200: 79.667: [GC concurrent-root-region-scan-end, 0.0011666 secs]
2020-09-29T12:31:22.407+0200: 79.667: [GC concurrent-mark-start]
2020-09-29T12:31:22.411+0200: 79.671: [GC concurrent-mark-end, 0.0041265 secs]
2020-09-29T12:31:22.411+0200: 79.671: [GC remark 2020-09-29T12:31:22.411+0200: 79.671: [Finalize Marking, 0.0007796 secs] 2020-09-29T12:31:22.412+0200: 79.672: [GC ref-proc, 0.0002990 secs] 2020-09-29T12:31:22.413+0200: 79.672: [Unloading, 0.0019934 secs], 0.0033666 secs]
 [Times: user=0.00 sys=0.00, real=0.00 secs] 
2020-09-29T12:31:22.415+0200: 79.675: [GC cleanup 1033M->27M(2048M), 0.0012773 secs]
 [Times: user=0.00 sys=0.00, real=0.00 secs] 
2020-09-29T12:31:22.416+0200: 79.676: [GC concurrent-cleanup-start]
2020-09-29T12:31:22.418+0200: 79.678: [GC concurrent-cleanup-end, 0.0015068 secs]
2020-09-29T12:31:22.562+0200: 79.821: [GC pause (G1 Evacuation Pause) (young), 0.2065982 secs]
   [Parallel Time: 205.2 ms, GC Workers: 8]
      [GC Worker Start (ms): Min: 79821.5, Avg: 79821.5, Max: 79821.6, Diff: 0.1]
      [Ext Root Scanning (ms): Min: 0.0, Avg: 0.1, Max: 0.2, Diff: 0.1, Sum: 0.6]
      [Update RS (ms): Min: 19.2, Avg: 19.3, Max: 19.4, Diff: 0.2, Sum: 154.3]
         [Processed Buffers: Min: 18, Avg: 19.4, Max: 24, Diff: 6, Sum: 155]
      [Scan RS (ms): Min: 18.7, Avg: 21.5, Max: 40.3, Diff: 21.6, Sum: 171.9]
      [Code Root Scanning (ms): Min: 0.0, Avg: 0.0, Max: 0.0, Diff: 0.0, Sum: 0.0]
      [Object Copy (ms): Min: 145.4, Avg: 162.5, Max: 165.7, Diff: 20.3, Sum: 1299.7]
      [Termination (ms): Min: 0.0, Avg: 1.7, Max: 2.3, Diff: 2.3, Sum: 13.2]
         [Termination Attempts: Min: 1, Avg: 10833.0, Max: 14637, Diff: 14636, Sum: 86664]
      [GC Worker Other (ms): Min: 0.0, Avg: 0.0, Max: 0.1, Diff: 0.1, Sum: 0.4]
      [GC Worker Total (ms): Min: 204.9, Avg: 205.0, Max: 205.1, Diff: 0.1, Sum: 1640.0]
      [GC Worker End (ms): Min: 80026.5, Avg: 80026.6, Max: 80026.6, Diff: 0.1]
   [Code Root Fixup: 0.0 ms]
   [Code Root Purge: 0.0 ms]
   [Clear CT: 0.4 ms]
   [Other: 1.0 ms]
      [Choose CSet: 0.0 ms]
      [Ref Proc: 0.3 ms]
      [Ref Enq: 0.0 ms]
      [Redirty Cards: 0.2 ms]
      [Humongous Register: 0.0 ms]
      [Humongous Reclaim: 0.0 ms]
      [Free CSet: 0.2 ms]
   [Eden: 278.0M(278.0M)->0.0B(221.0M) Survivors: 5120.0K->36.0M Heap: 340.2M(2048.0M)->337.2M(2048.0M)]
 [Times: user=1.50 sys=0.08, real=0.21 secs] 
2020-09-29T12:31:22.909+0200: 80.168: [GC pause (G1 Evacuation Pause) (young), 0.1239674 secs]
   [Parallel Time: 123.0 ms, GC Workers: 8]
      [GC Worker Start (ms): Min: 80168.5, Avg: 80168.6, Max: 80168.7, Diff: 0.2]
      [Ext Root Scanning (ms): Min: 0.0, Avg: 0.1, Max: 0.1, Diff: 0.1, Sum: 0.7]
      [Update RS (ms): Min: 16.3, Avg: 16.5, Max: 16.9, Diff: 0.6, Sum: 132.2]
         [Processed Buffers: Min: 19, Avg: 19.5, Max: 21, Diff: 2, Sum: 156]
      [Scan RS (ms): Min: 9.0, Avg: 9.3, Max: 9.5, Diff: 0.5, Sum: 74.2]
      [Code Root Scanning (ms): Min: 0.0, Avg: 0.0, Max: 0.0, Diff: 0.0, Sum: 0.0]
      [Object Copy (ms): Min: 96.8, Avg: 96.8, Max: 96.9, Diff: 0.1, Sum: 774.7]
      [Termination (ms): Min: 0.0, Avg: 0.1, Max: 0.1, Diff: 0.1, Sum: 0.5]
         [Termination Attempts: Min: 1, Avg: 484.4, Max: 624, Diff: 623, Sum: 3875]
      [GC Worker Other (ms): Min: 0.0, Avg: 0.0, Max: 0.0, Diff: 0.0, Sum: 0.2]
      [GC Worker Total (ms): Min: 122.7, Avg: 122.8, Max: 122.9, Diff: 0.2, Sum: 982.6]
      [GC Worker End (ms): Min: 80291.4, Avg: 80291.4, Max: 80291.4, Diff: 0.0]
   [Code Root Fixup: 0.0 ms]
   [Code Root Purge: 0.0 ms]
   [Clear CT: 0.2 ms]
   [Other: 0.8 ms]
      [Choose CSet: 0.0 ms]
      [Ref Proc: 0.1 ms]
      [Ref Enq: 0.0 ms]
      [Redirty Cards: 0.2 ms]
      [Humongous Register: 0.0 ms]
      [Humongous Reclaim: 0.0 ms]
      [Free CSet: 0.2 ms]
   [Eden: 221.0M(221.0M)->0.0B(252.0M) Survivors: 36.0M->33.0M Heap: 594.4M(2048.0M)->596.4M(2048.0M)]
 [Times: user=1.00 sys=0.00, real=0.13 secs] 
2020-09-29T12:31:23.196+0200: 80.455: [GC pause (G1 Evacuation Pause) (young), 0.1392756 secs]
   [Parallel Time: 138.3 ms, GC Workers: 8]
      [GC Worker Start (ms): Min: 80455.6, Avg: 80455.7, Max: 80455.8, Diff: 0.2]
      [Ext Root Scanning (ms): Min: 0.0, Avg: 0.1, Max: 0.1, Diff: 0.1, Sum: 0.6]
      [Update RS (ms): Min: 19.2, Avg: 19.3, Max: 19.6, Diff: 0.4, Sum: 154.8]
         [Processed Buffers: Min: 20, Avg: 22.5, Max: 24, Diff: 4, Sum: 180]
      [Scan RS (ms): Min: 10.2, Avg: 10.4, Max: 10.7, Diff: 0.5, Sum: 83.4]
      [Code Root Scanning (ms): Min: 0.0, Avg: 0.0, Max: 0.0, Diff: 0.0, Sum: 0.0]
      [Object Copy (ms): Min: 108.0, Avg: 108.2, Max: 108.3, Diff: 0.2, Sum: 865.6]
      [Termination (ms): Min: 0.0, Avg: 0.1, Max: 0.1, Diff: 0.1, Sum: 0.4]
         [Termination Attempts: Min: 1, Avg: 386.3, Max: 463, Diff: 462, Sum: 3090]
      [GC Worker Other (ms): Min: 0.0, Avg: 0.0, Max: 0.1, Diff: 0.1, Sum: 0.4]
      [GC Worker Total (ms): Min: 138.0, Avg: 138.1, Max: 138.2, Diff: 0.2, Sum: 1105.1]
      [GC Worker End (ms): Min: 80593.8, Avg: 80593.8, Max: 80593.8, Diff: 0.1]
   [Code Root Fixup: 0.0 ms]
   [Code Root Purge: 0.0 ms]
   [Clear CT: 0.1 ms]
   [Other: 0.9 ms]
      [Choose CSet: 0.0 ms]
      [Ref Proc: 0.1 ms]
      [Ref Enq: 0.0 ms]
      [Redirty Cards: 0.2 ms]
      [Humongous Register: 0.1 ms]
      [Humongous Reclaim: 0.0 ms]
      [Free CSet: 0.2 ms]
   [Eden: 252.0M(252.0M)->0.0B(273.0M) Survivors: 33.0M->36.0M Heap: 890.4M(2048.0M)->891.9M(2048.0M)]
 [Times: user=1.13 sys=0.00, real=0.14 secs] 
2020-09-29T12:31:23.507+0200: 80.766: [GC pause (G1 Evacuation Pause) (young), 0.1457765 secs]
   [Parallel Time: 144.7 ms, GC Workers: 8]
      [GC Worker Start (ms): Min: 80766.5, Avg: 80766.6, Max: 80766.7, Diff: 0.2]
      [Ext Root Scanning (ms): Min: 0.0, Avg: 0.1, Max: 0.2, Diff: 0.2, Sum: 0.4]
      [Update RS (ms): Min: 18.4, Avg: 18.5, Max: 18.7, Diff: 0.3, Sum: 148.1]
         [Processed Buffers: Min: 21, Avg: 22.1, Max: 24, Diff: 3, Sum: 177]
      [Scan RS (ms): Min: 11.7, Avg: 11.9, Max: 12.1, Diff: 0.4, Sum: 95.4]
      [Code Root Scanning (ms): Min: 0.0, Avg: 0.0, Max: 0.0, Diff: 0.0, Sum: 0.0]
      [Object Copy (ms): Min: 113.8, Avg: 113.9, Max: 114.0, Diff: 0.2, Sum: 911.4]
      [Termination (ms): Min: 0.0, Avg: 0.0, Max: 0.1, Diff: 0.1, Sum: 0.4]
         [Termination Attempts: Min: 1, Avg: 349.3, Max: 437, Diff: 436, Sum: 2794]
      [GC Worker Other (ms): Min: 0.0, Avg: 0.0, Max: 0.1, Diff: 0.0, Sum: 0.2]
      [GC Worker Total (ms): Min: 144.4, Avg: 144.5, Max: 144.6, Diff: 0.2, Sum: 1156.0]
      [GC Worker End (ms): Min: 80911.1, Avg: 80911.1, Max: 80911.2, Diff: 0.0]
   [Code Root Fixup: 0.0 ms]
   [Code Root Purge: 0.0 ms]
   [Clear CT: 0.2 ms]
   [Other: 0.9 ms]
      [Choose CSet: 0.0 ms]
      [Ref Proc: 0.1 ms]
      [Ref Enq: 0.0 ms]
      [Redirty Cards: 0.2 ms]
      [Humongous Register: 0.1 ms]
      [Humongous Reclaim: 0.0 ms]
      [Free CSet: 0.3 ms]
   [Eden: 273.0M(273.0M)->0.0B(290.0M) Survivors: 36.0M->39.0M Heap: 1210.7M(2048.0M)->1211.7M(2048.0M)]
 [Times: user=1.13 sys=0.00, real=0.15 secs] 
2020-09-29T12:31:23.658+0200: 80.917: [GC pause (G1 Humongous Allocation) (young) (initial-mark), 0.0594441 secs]
   [Parallel Time: 58.5 ms, GC Workers: 8]
      [GC Worker Start (ms): Min: 80917.2, Avg: 80917.2, Max: 80917.3, Diff: 0.1]
      [Ext Root Scanning (ms): Min: 0.0, Avg: 0.1, Max: 0.1, Diff: 0.1, Sum: 0.7]
      [Update RS (ms): Min: 39.1, Avg: 39.3, Max: 39.6, Diff: 0.6, Sum: 314.7]
         [Processed Buffers: Min: 43, Avg: 47.3, Max: 49, Diff: 6, Sum: 378]
      [Scan RS (ms): Min: 0.8, Avg: 1.1, Max: 1.4, Diff: 0.6, Sum: 9.2]
      [Code Root Scanning (ms): Min: 0.0, Avg: 0.0, Max: 0.0, Diff: 0.0, Sum: 0.0]
      [Object Copy (ms): Min: 17.7, Avg: 17.7, Max: 17.7, Diff: 0.1, Sum: 141.8]
      [Termination (ms): Min: 0.0, Avg: 0.0, Max: 0.0, Diff: 0.0, Sum: 0.0]
         [Termination Attempts: Min: 1, Avg: 1.9, Max: 4, Diff: 3, Sum: 15]
      [GC Worker Other (ms): Min: 0.0, Avg: 0.0, Max: 0.0, Diff: 0.0, Sum: 0.1]
      [GC Worker Total (ms): Min: 58.3, Avg: 58.3, Max: 58.4, Diff: 0.1, Sum: 466.5]
      [GC Worker End (ms): Min: 80975.5, Avg: 80975.5, Max: 80975.6, Diff: 0.0]
   [Code Root Fixup: 0.0 ms]
   [Code Root Purge: 0.0 ms]
   [Clear CT: 0.2 ms]
   [Other: 0.8 ms]
      [Choose CSet: 0.0 ms]
      [Ref Proc: 0.2 ms]
      [Ref Enq: 0.0 ms]
      [Redirty Cards: 0.2 ms]
      [Humongous Register: 0.1 ms]
      [Humongous Reclaim: 0.0 ms]
      [Free CSet: 0.1 ms]
   [Eden: 7168.0K(290.0M)->0.0B(306.0M) Survivors: 39.0M->8192.0K Heap: 1218.2M(2048.0M)->1221.7M(2048.0M)]
 [Times: user=0.50 sys=0.00, real=0.06 secs] 
2020-09-29T12:31:23.718+0200: 80.977: [GC concurrent-root-region-scan-start]
2020-09-29T12:31:23.719+0200: 80.979: [GC concurrent-root-region-scan-end, 0.0019876 secs]
2020-09-29T12:31:23.720+0200: 80.979: [GC concurrent-mark-start]
2020-09-29T12:31:23.723+0200: 80.982: [GC concurrent-mark-end, 0.0030832 secs]
2020-09-29T12:31:23.723+0200: 80.982: [GC remark 2020-09-29T12:31:23.723+0200: 80.982: [Finalize Marking, 0.0001413 secs] 2020-09-29T12:31:23.723+0200: 80.982: [GC ref-proc, 0.0003261 secs] 2020-09-29T12:31:23.723+0200: 80.983: [Unloading, 0.0003998 secs], 0.0012984 secs]
 [Times: user=0.03 sys=0.00, real=0.00 secs] 
2020-09-29T12:31:23.725+0200: 80.984: [GC cleanup 1233M->29M(2048M), 0.0015202 secs]
 [Times: user=0.00 sys=0.00, real=0.00 secs] 
2020-09-29T12:31:23.726+0200: 80.985: [GC concurrent-cleanup-start]
2020-09-29T12:31:23.729+0200: 80.988: [GC concurrent-cleanup-end, 0.0022893 secs]
2020-09-29T12:31:23.902+0200: 81.162: [GC pause (G1 Evacuation Pause) (young), 0.1448557 secs]
   [Parallel Time: 143.7 ms, GC Workers: 8]
      [GC Worker Start (ms): Min: 81161.7, Avg: 81161.8, Max: 81161.8, Diff: 0.2]
      [Ext Root Scanning (ms): Min: 0.0, Avg: 0.1, Max: 0.2, Diff: 0.2, Sum: 0.5]
      [Update RS (ms): Min: 16.7, Avg: 17.0, Max: 17.2, Diff: 0.5, Sum: 136.0]
         [Processed Buffers: Min: 19, Avg: 20.4, Max: 23, Diff: 4, Sum: 163]
      [Scan RS (ms): Min: 11.9, Avg: 12.2, Max: 12.4, Diff: 0.5, Sum: 97.2]
      [Code Root Scanning (ms): Min: 0.0, Avg: 0.0, Max: 0.0, Diff: 0.0, Sum: 0.0]
      [Object Copy (ms): Min: 114.2, Avg: 114.2, Max: 114.3, Diff: 0.1, Sum: 913.8]
      [Termination (ms): Min: 0.0, Avg: 0.0, Max: 0.0, Diff: 0.0, Sum: 0.2]
         [Termination Attempts: Min: 1, Avg: 154.0, Max: 190, Diff: 189, Sum: 1232]
      [GC Worker Other (ms): Min: 0.0, Avg: 0.0, Max: 0.1, Diff: 0.1, Sum: 0.3]
      [GC Worker Total (ms): Min: 143.4, Avg: 143.5, Max: 143.6, Diff: 0.2, Sum: 1148.0]
      [GC Worker End (ms): Min: 81305.2, Avg: 81305.3, Max: 81305.3, Diff: 0.1]
   [Code Root Fixup: 0.0 ms]
   [Code Root Purge: 0.0 ms]
   [Clear CT: 0.2 ms]
   [Other: 1.0 ms]
      [Choose CSet: 0.0 ms]
      [Ref Proc: 0.2 ms]
      [Ref Enq: 0.0 ms]
      [Redirty Cards: 0.2 ms]
      [Humongous Register: 0.0 ms]
      [Humongous Reclaim: 0.0 ms]
      [Free CSet: 0.3 ms]
   [Eden: 306.0M(306.0M)->0.0B(316.0M) Survivors: 8192.0K->40.0M Heap: 375.5M(2048.0M)->369.5M(2048.0M)]
 [Times: user=1.13 sys=0.00, real=0.15 secs] 
2020-09-29T12:31:24.231+0200: 81.491: [GC pause (G1 Evacuation Pause) (young), 0.2033668 secs]
   [Parallel Time: 201.1 ms, GC Workers: 8]
      [GC Worker Start (ms): Min: 81490.8, Avg: 81490.9, Max: 81491.0, Diff: 0.2]
      [Ext Root Scanning (ms): Min: 0.0, Avg: 0.0, Max: 0.1, Diff: 0.1, Sum: 0.4]
      [Update RS (ms): Min: 26.3, Avg: 26.4, Max: 26.6, Diff: 0.4, Sum: 211.3]
         [Processed Buffers: Min: 31, Avg: 32.3, Max: 35, Diff: 4, Sum: 258]
      [Scan RS (ms): Min: 12.2, Avg: 15.5, Max: 36.7, Diff: 24.5, Sum: 124.1]
      [Code Root Scanning (ms): Min: 0.0, Avg: 0.0, Max: 0.0, Diff: 0.0, Sum: 0.0]
      [Object Copy (ms): Min: 137.5, Avg: 158.9, Max: 162.0, Diff: 24.5, Sum: 1270.8]
      [Termination (ms): Min: 0.0, Avg: 0.1, Max: 0.1, Diff: 0.1, Sum: 0.4]
         [Termination Attempts: Min: 1, Avg: 351.5, Max: 483, Diff: 482, Sum: 2812]
      [GC Worker Other (ms): Min: 0.0, Avg: 0.1, Max: 0.1, Diff: 0.1, Sum: 0.4]
      [GC Worker Total (ms): Min: 200.9, Avg: 200.9, Max: 201.0, Diff: 0.2, Sum: 1607.5]
      [GC Worker End (ms): Min: 81691.8, Avg: 81691.8, Max: 81691.9, Diff: 0.1]
   [Code Root Fixup: 0.0 ms]
   [Code Root Purge: 0.0 ms]
   [Clear CT: 0.2 ms]
   [Other: 2.0 ms]
      [Choose CSet: 0.0 ms]
      [Ref Proc: 0.2 ms]
      [Ref Enq: 0.0 ms]
      [Redirty Cards: 1.3 ms]
      [Humongous Register: 0.0 ms]
      [Humongous Reclaim: 0.0 ms]
      [Free CSet: 0.3 ms]
   [Eden: 316.0M(316.0M)->0.0B(287.0M) Survivors: 40.0M->45.0M Heap: 738.9M(2048.0M)->740.9M(2048.0M)]
 [Times: user=1.53 sys=0.03, real=0.20 secs] 
2020-09-29T12:31:24.602+0200: 81.862: [GC pause (G1 Evacuation Pause) (young), 0.1568964 secs]
   [Parallel Time: 155.8 ms, GC Workers: 8]
      [GC Worker Start (ms): Min: 81862.1, Avg: 81862.2, Max: 81862.3, Diff: 0.2]
      [Ext Root Scanning (ms): Min: 0.0, Avg: 0.1, Max: 0.2, Diff: 0.2, Sum: 0.5]
      [Update RS (ms): Min: 19.9, Avg: 20.0, Max: 20.4, Diff: 0.5, Sum: 160.0]
         [Processed Buffers: Min: 23, Avg: 24.4, Max: 27, Diff: 4, Sum: 195]
      [Scan RS (ms): Min: 12.1, Avg: 12.7, Max: 12.9, Diff: 0.7, Sum: 101.2]
      [Code Root Scanning (ms): Min: 0.0, Avg: 0.0, Max: 0.0, Diff: 0.0, Sum: 0.0]
      [Object Copy (ms): Min: 122.6, Avg: 122.7, Max: 122.8, Diff: 0.2, Sum: 981.8]
      [Termination (ms): Min: 0.0, Avg: 0.1, Max: 0.1, Diff: 0.1, Sum: 0.5]
         [Termination Attempts: Min: 1, Avg: 458.3, Max: 558, Diff: 557, Sum: 3666]
      [GC Worker Other (ms): Min: 0.0, Avg: 0.0, Max: 0.1, Diff: 0.1, Sum: 0.3]
      [GC Worker Total (ms): Min: 155.5, Avg: 155.5, Max: 155.7, Diff: 0.2, Sum: 1244.3]
      [GC Worker End (ms): Min: 82017.7, Avg: 82017.8, Max: 82017.8, Diff: 0.1]
   [Code Root Fixup: 0.0 ms]
   [Code Root Purge: 0.0 ms]
   [Clear CT: 0.3 ms]
   [Other: 0.9 ms]
      [Choose CSet: 0.0 ms]
      [Ref Proc: 0.2 ms]
      [Ref Enq: 0.0 ms]
      [Redirty Cards: 0.3 ms]
      [Humongous Register: 0.0 ms]
      [Humongous Reclaim: 0.0 ms]
      [Free CSet: 0.2 ms]
   [Eden: 287.0M(287.0M)->0.0B(302.0M) Survivors: 45.0M->42.0M Heap: 1075.6M(2048.0M)->1078.1M(2048.0M)]
 [Times: user=1.23 sys=0.00, real=0.16 secs] 
2020-09-29T12:31:24.763+0200: 82.023: [GC pause (G1 Humongous Allocation) (young) (initial-mark), 0.0698663 secs]
   [Parallel Time: 69.0 ms, GC Workers: 8]
      [GC Worker Start (ms): Min: 82022.7, Avg: 82022.7, Max: 82022.8, Diff: 0.1]
      [Ext Root Scanning (ms): Min: 0.0, Avg: 0.1, Max: 0.1, Diff: 0.1, Sum: 0.6]
      [Update RS (ms): Min: 46.1, Avg: 46.3, Max: 46.5, Diff: 0.4, Sum: 370.3]
         [Processed Buffers: Min: 46, Avg: 52.1, Max: 55, Diff: 9, Sum: 417]
      [Scan RS (ms): Min: 0.3, Avg: 0.5, Max: 0.7, Diff: 0.5, Sum: 4.1]
      [Code Root Scanning (ms): Min: 0.0, Avg: 0.0, Max: 0.0, Diff: 0.0, Sum: 0.0]
      [Object Copy (ms): Min: 21.9, Avg: 21.9, Max: 22.0, Diff: 0.1, Sum: 175.4]
      [Termination (ms): Min: 0.0, Avg: 0.0, Max: 0.0, Diff: 0.0, Sum: 0.1]
         [Termination Attempts: Min: 1, Avg: 87.1, Max: 116, Diff: 115, Sum: 697]
      [GC Worker Other (ms): Min: 0.0, Avg: 0.0, Max: 0.1, Diff: 0.0, Sum: 0.2]
      [GC Worker Total (ms): Min: 68.8, Avg: 68.8, Max: 68.9, Diff: 0.1, Sum: 550.8]
      [GC Worker End (ms): Min: 82091.5, Avg: 82091.6, Max: 82091.6, Diff: 0.0]
   [Code Root Fixup: 0.0 ms]
   [Code Root Purge: 0.0 ms]
   [Clear CT: 0.2 ms]
   [Other: 0.7 ms]
      [Choose CSet: 0.0 ms]
      [Ref Proc: 0.1 ms]
      [Ref Enq: 0.0 ms]
      [Redirty Cards: 0.2 ms]
      [Humongous Register: 0.0 ms]
      [Humongous Reclaim: 0.0 ms]
      [Free CSet: 0.1 ms]
   [Eden: 7168.0K(302.0M)->0.0B(328.0M) Survivors: 42.0M->9216.0K Heap: 1085.1M(2048.0M)->1089.6M(2048.0M)]
 [Times: user=0.61 sys=0.00, real=0.07 secs] 
2020-09-29T12:31:24.833+0200: 82.093: [GC concurrent-root-region-scan-start]
2020-09-29T12:31:24.836+0200: 82.096: [GC concurrent-root-region-scan-end, 0.0031309 secs]
2020-09-29T12:31:24.836+0200: 82.096: [GC concurrent-mark-start]
2020-09-29T12:31:24.842+0200: 82.102: [GC concurrent-mark-end, 0.0057761 secs]
2020-09-29T12:31:24.842+0200: 82.102: [GC remark 2020-09-29T12:31:24.842+0200: 82.102: [Finalize Marking, 0.0003276 secs] 2020-09-29T12:31:24.843+0200: 82.102: [GC ref-proc, 0.0005011 secs] 2020-09-29T12:31:24.843+0200: 82.103: [Unloading, 0.0007245 secs], 0.0023269 secs]
 [Times: user=0.00 sys=0.00, real=0.00 secs] 
2020-09-29T12:31:24.845+0200: 82.105: [GC cleanup 1104M->33M(2048M), 0.0020257 secs]
 [Times: user=0.00 sys=0.00, real=0.00 secs] 
2020-09-29T12:31:24.847+0200: 82.107: [GC concurrent-cleanup-start]
2020-09-29T12:31:24.849+0200: 82.109: [GC concurrent-cleanup-end, 0.0021842 secs]
2020-09-29T12:31:25.110+0200: 82.369: [GC pause (G1 Evacuation Pause) (young), 0.2608834 secs]
   [Parallel Time: 259.2 ms, GC Workers: 8]
      [GC Worker Start (ms): Min: 82369.6, Avg: 82369.7, Max: 82369.8, Diff: 0.2]
      [Ext Root Scanning (ms): Min: 0.0, Avg: 0.1, Max: 0.2, Diff: 0.2, Sum: 0.7]
      [Update RS (ms): Min: 25.9, Avg: 26.4, Max: 27.0, Diff: 1.1, Sum: 211.1]
         [Processed Buffers: Min: 15, Avg: 18.3, Max: 20, Diff: 5, Sum: 146]
      [Scan RS (ms): Min: 24.0, Avg: 24.6, Max: 25.3, Diff: 1.3, Sum: 197.1]
      [Code Root Scanning (ms): Min: 0.0, Avg: 0.0, Max: 0.0, Diff: 0.0, Sum: 0.0]
      [Object Copy (ms): Min: 207.4, Avg: 207.7, Max: 207.8, Diff: 0.4, Sum: 1661.3]
      [Termination (ms): Min: 0.0, Avg: 0.1, Max: 0.1, Diff: 0.1, Sum: 0.7]
         [Termination Attempts: Min: 1, Avg: 359.9, Max: 442, Diff: 441, Sum: 2879]
      [GC Worker Other (ms): Min: 0.0, Avg: 0.0, Max: 0.1, Diff: 0.1, Sum: 0.3]
      [GC Worker Total (ms): Min: 258.8, Avg: 258.9, Max: 259.1, Diff: 0.3, Sum: 2071.3]
      [GC Worker End (ms): Min: 82628.6, Avg: 82628.6, Max: 82628.7, Diff: 0.1]
   [Code Root Fixup: 0.0 ms]
   [Code Root Purge: 0.0 ms]
   [Clear CT: 0.5 ms]
   [Other: 1.2 ms]
      [Choose CSet: 0.0 ms]
      [Ref Proc: 0.2 ms]
      [Ref Enq: 0.0 ms]
      [Redirty Cards: 0.4 ms]
      [Humongous Register: 0.0 ms]
      [Humongous Reclaim: 0.0 ms]
      [Free CSet: 0.3 ms]
   [Eden: 328.0M(328.0M)->0.0B(214.0M) Survivors: 9216.0K->43.0M Heap: 401.8M(2048.0M)->395.3M(2048.0M)]
 [Times: user=2.05 sys=0.06, real=0.26 secs] 
2020-09-29T12:31:25.555+0200: 82.815: [GC pause (G1 Evacuation Pause) (young), 0.2024947 secs]
   [Parallel Time: 201.0 ms, GC Workers: 8]
      [GC Worker Start (ms): Min: 82814.8, Avg: 82814.9, Max: 82815.0, Diff: 0.2]
      [Ext Root Scanning (ms): Min: 0.0, Avg: 0.1, Max: 0.2, Diff: 0.2, Sum: 0.7]
      [Update RS (ms): Min: 20.5, Avg: 20.8, Max: 21.7, Diff: 1.2, Sum: 166.5]
         [Processed Buffers: Min: 14, Avg: 16.0, Max: 20, Diff: 6, Sum: 128]
      [Scan RS (ms): Min: 17.6, Avg: 18.5, Max: 18.9, Diff: 1.2, Sum: 147.9]
      [Code Root Scanning (ms): Min: 0.0, Avg: 0.0, Max: 0.0, Diff: 0.0, Sum: 0.0]
      [Object Copy (ms): Min: 161.1, Avg: 161.2, Max: 161.3, Diff: 0.2, Sum: 1290.0]
      [Termination (ms): Min: 0.0, Avg: 0.1, Max: 0.1, Diff: 0.1, Sum: 0.5]
         [Termination Attempts: Min: 1, Avg: 259.1, Max: 319, Diff: 318, Sum: 2073]
      [GC Worker Other (ms): Min: 0.0, Avg: 0.0, Max: 0.1, Diff: 0.1, Sum: 0.3]
      [GC Worker Total (ms): Min: 200.7, Avg: 200.7, Max: 200.9, Diff: 0.2, Sum: 1606.0]
      [GC Worker End (ms): Min: 83015.7, Avg: 83015.7, Max: 83015.7, Diff: 0.1]
   [Code Root Fixup: 0.0 ms]
   [Code Root Purge: 0.0 ms]
   [Clear CT: 0.3 ms]
   [Other: 1.2 ms]
      [Choose CSet: 0.0 ms]
      [Ref Proc: 0.2 ms]
      [Ref Enq: 0.0 ms]
      [Redirty Cards: 0.3 ms]
      [Humongous Register: 0.0 ms]
      [Humongous Reclaim: 0.0 ms]
      [Free CSet: 0.3 ms]
   [Eden: 214.0M(214.0M)->0.0B(194.0M) Survivors: 43.0M->33.0M Heap: 645.6M(2048.0M)->647.1M(2048.0M)]
 [Times: user=1.63 sys=0.00, real=0.20 secs] 
2020-09-29T12:31:25.988+0200: 83.248: [GC pause (G1 Evacuation Pause) (young), 0.1794691 secs]
   [Parallel Time: 177.1 ms, GC Workers: 8]
      [GC Worker Start (ms): Min: 83248.2, Avg: 83248.3, Max: 83248.4, Diff: 0.2]
      [Ext Root Scanning (ms): Min: 0.0, Avg: 0.1, Max: 0.2, Diff: 0.2, Sum: 0.8]
      [Update RS (ms): Min: 21.9, Avg: 22.1, Max: 22.3, Diff: 0.5, Sum: 176.8]
         [Processed Buffers: Min: 16, Avg: 17.3, Max: 20, Diff: 4, Sum: 138]
      [Scan RS (ms): Min: 14.0, Avg: 14.3, Max: 14.6, Diff: 0.5, Sum: 114.7]
      [Code Root Scanning (ms): Min: 0.0, Avg: 0.0, Max: 0.0, Diff: 0.0, Sum: 0.0]
      [Object Copy (ms): Min: 140.2, Avg: 140.3, Max: 140.3, Diff: 0.1, Sum: 1122.1]
      [Termination (ms): Min: 0.0, Avg: 0.0, Max: 0.0, Diff: 0.0, Sum: 0.0]
         [Termination Attempts: Min: 1, Avg: 2.0, Max: 4, Diff: 3, Sum: 16]
      [GC Worker Other (ms): Min: 0.0, Avg: 0.0, Max: 0.1, Diff: 0.1, Sum: 0.3]
      [GC Worker Total (ms): Min: 176.7, Avg: 176.8, Max: 176.9, Diff: 0.2, Sum: 1414.8]
      [GC Worker End (ms): Min: 83425.2, Avg: 83425.2, Max: 83425.2, Diff: 0.1]
   [Code Root Fixup: 0.0 ms]
   [Code Root Purge: 0.0 ms]
   [Clear CT: 1.0 ms]
   [Other: 1.4 ms]
      [Choose CSet: 0.0 ms]
      [Ref Proc: 0.2 ms]
      [Ref Enq: 0.0 ms]
      [Redirty Cards: 0.6 ms]
      [Humongous Register: 0.1 ms]
      [Humongous Reclaim: 0.0 ms]
      [Free CSet: 0.3 ms]
   [Eden: 194.0M(194.0M)->0.0B(190.0M) Survivors: 33.0M->29.0M Heap: 873.5M(2048.0M)->875.0M(2048.0M)]
 [Times: user=1.39 sys=0.00, real=0.18 secs] 
2020-09-29T12:31:26.339+0200: 83.599: [GC pause (G1 Evacuation Pause) (young), 0.2498146 secs]
   [Parallel Time: 248.3 ms, GC Workers: 8]
      [GC Worker Start (ms): Min: 83599.1, Avg: 83599.2, Max: 83599.3, Diff: 0.2]
      [Ext Root Scanning (ms): Min: 0.0, Avg: 0.1, Max: 0.2, Diff: 0.2, Sum: 0.9]
      [Update RS (ms): Min: 18.6, Avg: 20.7, Max: 32.0, Diff: 13.4, Sum: 165.3]
         [Processed Buffers: Min: 0, Avg: 12.1, Max: 14, Diff: 14, Sum: 97]
      [Scan RS (ms): Min: 4.9, Avg: 19.6, Max: 45.4, Diff: 40.5, Sum: 156.4]
      [Code Root Scanning (ms): Min: 0.0, Avg: 0.0, Max: 0.0, Diff: 0.0, Sum: 0.0]
      [Object Copy (ms): Min: 183.4, Avg: 207.3, Max: 211.0, Diff: 27.6, Sum: 1658.5]
      [Termination (ms): Min: 0.1, Avg: 0.4, Max: 0.6, Diff: 0.5, Sum: 2.8]
         [Termination Attempts: Min: 1, Avg: 1332.5, Max: 2037, Diff: 2036, Sum: 10660]
      [GC Worker Other (ms): Min: 0.0, Avg: 0.0, Max: 0.0, Diff: 0.0, Sum: 0.1]
      [GC Worker Total (ms): Min: 247.9, Avg: 248.0, Max: 248.1, Diff: 0.2, Sum: 1984.0]
      [GC Worker End (ms): Min: 83847.2, Avg: 83847.2, Max: 83847.2, Diff: 0.0]
   [Code Root Fixup: 0.0 ms]
   [Code Root Purge: 0.0 ms]
   [Clear CT: 0.3 ms]
   [Other: 1.2 ms]
      [Choose CSet: 0.0 ms]
      [Ref Proc: 0.3 ms]
      [Ref Enq: 0.0 ms]
      [Redirty Cards: 0.3 ms]
      [Humongous Register: 0.1 ms]
      [Humongous Reclaim: 0.0 ms]
      [Free CSet: 0.3 ms]
   [Eden: 190.0M(190.0M)->0.0B(139.0M) Survivors: 29.0M->28.0M Heap: 1095.5M(2048.0M)->1098.0M(2048.0M)]
 [Times: user=1.69 sys=0.00, real=0.25 secs] 
2020-09-29T12:31:26.602+0200: 83.861: [GC pause (G1 Humongous Allocation) (young) (initial-mark), 0.0631788 secs]
   [Parallel Time: 61.8 ms, GC Workers: 8]
      [GC Worker Start (ms): Min: 83860.9, Avg: 83861.1, Max: 83861.2, Diff: 0.3]
      [Ext Root Scanning (ms): Min: 0.0, Avg: 0.3, Max: 0.4, Diff: 0.4, Sum: 2.0]
      [Update RS (ms): Min: 35.3, Avg: 36.0, Max: 36.6, Diff: 1.4, Sum: 287.7]
         [Processed Buffers: Min: 24, Avg: 25.5, Max: 27, Diff: 3, Sum: 204]
      [Scan RS (ms): Min: 2.3, Avg: 2.8, Max: 3.0, Diff: 0.7, Sum: 22.1]
      [Code Root Scanning (ms): Min: 0.0, Avg: 0.0, Max: 0.0, Diff: 0.0, Sum: 0.0]
      [Object Copy (ms): Min: 22.3, Avg: 22.5, Max: 23.1, Diff: 0.8, Sum: 179.7]
      [Termination (ms): Min: 0.0, Avg: 0.1, Max: 0.1, Diff: 0.1, Sum: 0.7]
         [Termination Attempts: Min: 1, Avg: 338.9, Max: 413, Diff: 412, Sum: 2711]
      [GC Worker Other (ms): Min: 0.0, Avg: 0.0, Max: 0.0, Diff: 0.0, Sum: 0.2]
      [GC Worker Total (ms): Min: 61.4, Avg: 61.6, Max: 61.7, Diff: 0.3, Sum: 492.5]
      [GC Worker End (ms): Min: 83922.6, Avg: 83922.6, Max: 83922.7, Diff: 0.0]
   [Code Root Fixup: 0.0 ms]
   [Code Root Purge: 0.0 ms]
   [Clear CT: 0.3 ms]
   [Other: 1.0 ms]
      [Choose CSet: 0.0 ms]
      [Ref Proc: 0.2 ms]
      [Ref Enq: 0.0 ms]
      [Redirty Cards: 0.4 ms]
      [Humongous Register: 0.1 ms]
      [Humongous Reclaim: 0.0 ms]
      [Free CSet: 0.1 ms]
   [Eden: 2048.0K(139.0M)->0.0B(174.0M) Survivors: 28.0M->4096.0K Heap: 1099.5M(2048.0M)->1104.5M(2048.0M)]
 [Times: user=0.50 sys=0.00, real=0.06 secs] 
2020-09-29T12:31:26.665+0200: 83.924: [GC concurrent-root-region-scan-start]
2020-09-29T12:31:26.666+0200: 83.925: [GC concurrent-root-region-scan-end, 0.0007546 secs]
2020-09-29T12:31:26.666+0200: 83.925: [GC concurrent-mark-start]
2020-09-29T12:31:26.672+0200: 83.930: [GC concurrent-mark-end, 0.0053987 secs]
2020-09-29T12:31:26.672+0200: 83.931: [GC remark 2020-09-29T12:31:26.672+0200: 83.931: [Finalize Marking, 0.0003740 secs] 2020-09-29T12:31:26.673+0200: 83.931: [GC ref-proc, 0.0005492 secs] 2020-09-29T12:31:26.673+0200: 83.932: [Unloading, 0.0006651 secs], 0.0021863 secs]
 [Times: user=0.00 sys=0.00, real=0.00 secs] 
2020-09-29T12:31:26.676+0200: 83.934: [GC cleanup 1114M->23M(2048M), 0.0019978 secs]
 [Times: user=0.03 sys=0.01, real=0.00 secs] 
2020-09-29T12:31:26.678+0200: 83.936: [GC concurrent-cleanup-start]
2020-09-29T12:31:26.681+0200: 83.940: [GC concurrent-cleanup-end, 0.0032947 secs]
2020-09-29T12:31:26.896+0200: 84.156: [GC pause (G1 Evacuation Pause) (young), 0.1617636 secs]
   [Parallel Time: 160.1 ms, GC Workers: 8]
      [GC Worker Start (ms): Min: 84155.7, Avg: 84158.6, Max: 84178.4, Diff: 22.7]
      [Ext Root Scanning (ms): Min: 0.0, Avg: 0.1, Max: 0.2, Diff: 0.2, Sum: 0.9]
      [Update RS (ms): Min: 0.0, Avg: 15.9, Max: 18.5, Diff: 18.5, Sum: 126.8]
         [Processed Buffers: Min: 0, Avg: 12.4, Max: 18, Diff: 18, Sum: 99]
      [Scan RS (ms): Min: 8.0, Avg: 11.9, Max: 12.7, Diff: 4.7, Sum: 95.2]
      [Code Root Scanning (ms): Min: 0.0, Avg: 0.0, Max: 0.0, Diff: 0.0, Sum: 0.0]
      [Object Copy (ms): Min: 129.0, Avg: 129.1, Max: 129.2, Diff: 0.1, Sum: 1032.7]
      [Termination (ms): Min: 0.0, Avg: 0.1, Max: 0.1, Diff: 0.1, Sum: 0.7]
         [Termination Attempts: Min: 1, Avg: 360.3, Max: 443, Diff: 442, Sum: 2882]
      [GC Worker Other (ms): Min: 0.0, Avg: 0.0, Max: 0.1, Diff: 0.1, Sum: 0.3]
      [GC Worker Total (ms): Min: 137.3, Avg: 157.1, Max: 160.0, Diff: 22.7, Sum: 1256.6]
      [GC Worker End (ms): Min: 84315.7, Avg: 84315.7, Max: 84315.7, Diff: 0.1]
   [Code Root Fixup: 0.0 ms]
   [Code Root Purge: 0.0 ms]
   [Clear CT: 0.3 ms]
   [Other: 1.4 ms]
      [Choose CSet: 0.0 ms]
      [Ref Proc: 0.3 ms]
      [Ref Enq: 0.0 ms]
      [Redirty Cards: 0.5 ms]
      [Humongous Register: 0.0 ms]
      [Humongous Reclaim: 0.0 ms]
      [Free CSet: 0.2 ms]
   [Eden: 174.0M(174.0M)->0.0B(162.0M) Survivors: 4096.0K->23.0M Heap: 218.5M(2048.0M)->216.5M(2048.0M)]
 [Times: user=1.23 sys=0.00, real=0.16 secs] 
2020-09-29T12:31:27.203+0200: 84.463: [GC pause (G1 Evacuation Pause) (young), 0.1512973 secs]
   [Parallel Time: 149.9 ms, GC Workers: 8]
      [GC Worker Start (ms): Min: 84463.1, Avg: 84463.1, Max: 84463.3, Diff: 0.2]
      [Ext Root Scanning (ms): Min: 0.0, Avg: 0.1, Max: 0.2, Diff: 0.2, Sum: 0.8]
      [Update RS (ms): Min: 14.4, Avg: 14.8, Max: 15.6, Diff: 1.1, Sum: 118.1]
         [Processed Buffers: Min: 10, Avg: 11.5, Max: 14, Diff: 4, Sum: 92]
      [Scan RS (ms): Min: 12.9, Avg: 13.7, Max: 14.1, Diff: 1.2, Sum: 109.3]
      [Code Root Scanning (ms): Min: 0.0, Avg: 0.0, Max: 0.0, Diff: 0.0, Sum: 0.0]
      [Object Copy (ms): Min: 120.9, Avg: 121.0, Max: 121.1, Diff: 0.2, Sum: 967.9]
      [Termination (ms): Min: 0.0, Avg: 0.0, Max: 0.0, Diff: 0.0, Sum: 0.2]
         [Termination Attempts: Min: 1, Avg: 90.9, Max: 131, Diff: 130, Sum: 727]
      [GC Worker Other (ms): Min: 0.0, Avg: 0.0, Max: 0.1, Diff: 0.0, Sum: 0.3]
      [GC Worker Total (ms): Min: 149.4, Avg: 149.6, Max: 149.7, Diff: 0.2, Sum: 1196.7]
      [GC Worker End (ms): Min: 84612.7, Avg: 84612.7, Max: 84612.8, Diff: 0.0]
   [Code Root Fixup: 0.0 ms]
   [Code Root Purge: 0.0 ms]
   [Clear CT: 0.3 ms]
   [Other: 1.1 ms]
      [Choose CSet: 0.0 ms]
      [Ref Proc: 0.3 ms]
      [Ref Enq: 0.0 ms]
      [Redirty Cards: 0.3 ms]
      [Humongous Register: 0.1 ms]
      [Humongous Reclaim: 0.0 ms]
      [Free CSet: 0.2 ms]
   [Eden: 162.0M(162.0M)->0.0B(170.0M) Survivors: 23.0M->24.0M Heap: 405.2M(2048.0M)->407.2M(2048.0M)]
 [Times: user=1.25 sys=0.00, real=0.15 secs] 
2020-09-29T12:31:27.507+0200: 84.767: [GC pause (G1 Evacuation Pause) (young), 0.1665816 secs]
   [Parallel Time: 164.9 ms, GC Workers: 8]
      [GC Worker Start (ms): Min: 84766.9, Avg: 84767.4, Max: 84770.6, Diff: 3.8]
      [Ext Root Scanning (ms): Min: 0.0, Avg: 0.1, Max: 0.2, Diff: 0.2, Sum: 0.8]
      [Update RS (ms): Min: 16.1, Avg: 19.2, Max: 20.2, Diff: 4.2, Sum: 153.4]
         [Processed Buffers: Min: 14, Avg: 15.1, Max: 17, Diff: 3, Sum: 121]
      [Scan RS (ms): Min: 11.3, Avg: 11.9, Max: 12.1, Diff: 0.8, Sum: 95.0]
      [Code Root Scanning (ms): Min: 0.0, Avg: 0.0, Max: 0.0, Diff: 0.0, Sum: 0.0]
      [Object Copy (ms): Min: 132.8, Avg: 132.9, Max: 133.1, Diff: 0.2, Sum: 1063.1]
      [Termination (ms): Min: 0.0, Avg: 0.1, Max: 0.1, Diff: 0.1, Sum: 0.9]
         [Termination Attempts: Min: 1, Avg: 496.3, Max: 610, Diff: 609, Sum: 3970]
      [GC Worker Other (ms): Min: 0.0, Avg: 0.0, Max: 0.1, Diff: 0.0, Sum: 0.3]
      [GC Worker Total (ms): Min: 161.0, Avg: 164.2, Max: 164.8, Diff: 3.8, Sum: 1313.5]
      [GC Worker End (ms): Min: 84931.6, Avg: 84931.6, Max: 84931.7, Diff: 0.0]
   [Code Root Fixup: 0.0 ms]
   [Code Root Purge: 0.0 ms]
   [Clear CT: 0.3 ms]
   [Other: 1.3 ms]
      [Choose CSet: 0.0 ms]
      [Ref Proc: 0.2 ms]
      [Ref Enq: 0.0 ms]
      [Redirty Cards: 0.6 ms]
      [Humongous Register: 0.1 ms]
      [Humongous Reclaim: 0.0 ms]
      [Free CSet: 0.2 ms]
   [Eden: 170.0M(170.0M)->0.0B(175.0M) Survivors: 24.0M->25.0M Heap: 605.8M(2048.0M)->608.3M(2048.0M)]
 [Times: user=1.23 sys=0.00, real=0.17 secs] 
2020-09-29T12:31:27.833+0200: 85.092: [GC pause (G1 Evacuation Pause) (young), 0.2196606 secs]
   [Parallel Time: 218.2 ms, GC Workers: 8]
      [GC Worker Start (ms): Min: 85092.5, Avg: 85096.6, Max: 85124.2, Diff: 31.7]
      [Ext Root Scanning (ms): Min: 0.0, Avg: 0.1, Max: 0.2, Diff: 0.2, Sum: 0.9]
      [Update RS (ms): Min: 0.0, Avg: 19.0, Max: 22.2, Diff: 22.2, Sum: 152.2]
         [Processed Buffers: Min: 0, Avg: 14.1, Max: 18, Diff: 18, Sum: 113]
      [Scan RS (ms): Min: 5.1, Avg: 16.9, Max: 41.4, Diff: 36.3, Sum: 135.5]
      [Code Root Scanning (ms): Min: 0.0, Avg: 0.0, Max: 0.0, Diff: 0.0, Sum: 0.0]
      [Object Copy (ms): Min: 154.1, Avg: 177.6, Max: 181.1, Diff: 26.9, Sum: 1421.0]
      [Termination (ms): Min: 0.0, Avg: 0.1, Max: 0.3, Diff: 0.3, Sum: 1.1]
         [Termination Attempts: Min: 1, Avg: 263.8, Max: 401, Diff: 400, Sum: 2110]
      [GC Worker Other (ms): Min: 0.0, Avg: 0.0, Max: 0.0, Diff: 0.0, Sum: 0.1]
      [GC Worker Total (ms): Min: 186.3, Avg: 213.9, Max: 218.0, Diff: 31.8, Sum: 1710.9]
      [GC Worker End (ms): Min: 85310.5, Avg: 85310.5, Max: 85310.5, Diff: 0.0]
   [Code Root Fixup: 0.0 ms]
   [Code Root Purge: 0.0 ms]
   [Clear CT: 0.3 ms]
   [Other: 1.2 ms]
      [Choose CSet: 0.0 ms]
      [Ref Proc: 0.3 ms]
      [Ref Enq: 0.0 ms]
      [Redirty Cards: 0.3 ms]
      [Humongous Register: 0.1 ms]
      [Humongous Reclaim: 0.0 ms]
      [Free CSet: 0.2 ms]
   [Eden: 175.0M(175.0M)->0.0B(152.0M) Survivors: 25.0M->25.0M Heap: 811.9M(2048.0M)->813.9M(2048.0M)]
 [Times: user=1.51 sys=0.00, real=0.22 secs] 
2020-09-29T12:31:28.192+0200: 85.452: [GC pause (G1 Evacuation Pause) (young), 0.1455728 secs]
   [Parallel Time: 144.2 ms, GC Workers: 8]
      [GC Worker Start (ms): Min: 85452.2, Avg: 85452.3, Max: 85452.4, Diff: 0.1]
      [Ext Root Scanning (ms): Min: 0.0, Avg: 0.1, Max: 0.2, Diff: 0.1, Sum: 0.9]
      [Update RS (ms): Min: 22.2, Avg: 22.5, Max: 23.4, Diff: 1.2, Sum: 179.7]
         [Processed Buffers: Min: 15, Avg: 16.5, Max: 18, Diff: 3, Sum: 132]
      [Scan RS (ms): Min: 7.9, Avg: 8.7, Max: 9.0, Diff: 1.1, Sum: 69.9]
      [Code Root Scanning (ms): Min: 0.0, Avg: 0.0, Max: 0.0, Diff: 0.0, Sum: 0.0]
      [Object Copy (ms): Min: 112.4, Avg: 112.5, Max: 112.6, Diff: 0.2, Sum: 899.9]
      [Termination (ms): Min: 0.0, Avg: 0.1, Max: 0.1, Diff: 0.1, Sum: 0.6]
         [Termination Attempts: Min: 1, Avg: 278.3, Max: 363, Diff: 362, Sum: 2226]
      [GC Worker Other (ms): Min: 0.0, Avg: 0.0, Max: 0.0, Diff: 0.0, Sum: 0.2]
      [GC Worker Total (ms): Min: 143.8, Avg: 143.9, Max: 144.0, Diff: 0.1, Sum: 1151.2]
      [GC Worker End (ms): Min: 85596.2, Avg: 85596.2, Max: 85596.2, Diff: 0.0]
   [Code Root Fixup: 0.0 ms]
   [Code Root Purge: 0.0 ms]
   [Clear CT: 0.3 ms]
   [Other: 1.1 ms]
      [Choose CSet: 0.0 ms]
      [Ref Proc: 0.3 ms]
      [Ref Enq: 0.0 ms]
      [Redirty Cards: 0.3 ms]
      [Humongous Register: 0.1 ms]
      [Humongous Reclaim: 0.0 ms]
      [Free CSet: 0.2 ms]
   [Eden: 152.0M(152.0M)->0.0B(167.0M) Survivors: 25.0M->23.0M Heap: 990.7M(2048.0M)->992.2M(2048.0M)]
 [Times: user=1.13 sys=0.00, real=0.15 secs] 
2020-09-29T12:31:28.348+0200: 85.608: [GC pause (G1 Humongous Allocation) (young) (initial-mark), 0.0544575 secs]
   [Parallel Time: 53.1 ms, GC Workers: 8]
      [GC Worker Start (ms): Min: 85608.1, Avg: 85608.3, Max: 85608.4, Diff: 0.3]
      [Ext Root Scanning (ms): Min: 0.0, Avg: 0.6, Max: 1.2, Diff: 1.2, Sum: 5.2]
      [Update RS (ms): Min: 31.5, Avg: 32.2, Max: 32.7, Diff: 1.2, Sum: 257.2]
         [Processed Buffers: Min: 21, Avg: 22.8, Max: 25, Diff: 4, Sum: 182]
      [Scan RS (ms): Min: 2.1, Avg: 2.2, Max: 2.5, Diff: 0.4, Sum: 17.6]
      [Code Root Scanning (ms): Min: 0.0, Avg: 0.0, Max: 0.0, Diff: 0.0, Sum: 0.0]
      [Object Copy (ms): Min: 17.7, Avg: 17.8, Max: 17.9, Diff: 0.2, Sum: 142.2]
      [Termination (ms): Min: 0.0, Avg: 0.0, Max: 0.0, Diff: 0.0, Sum: 0.1]
         [Termination Attempts: Min: 1, Avg: 55.8, Max: 75, Diff: 74, Sum: 446]
      [GC Worker Other (ms): Min: 0.0, Avg: 0.0, Max: 0.0, Diff: 0.0, Sum: 0.2]
      [GC Worker Total (ms): Min: 52.7, Avg: 52.8, Max: 53.0, Diff: 0.3, Sum: 422.5]
      [GC Worker End (ms): Min: 85661.1, Avg: 85661.1, Max: 85661.1, Diff: 0.0]
   [Code Root Fixup: 0.0 ms]
   [Code Root Purge: 0.0 ms]
   [Clear CT: 0.2 ms]
   [Other: 1.1 ms]
      [Choose CSet: 0.0 ms]
      [Ref Proc: 0.3 ms]
      [Ref Enq: 0.0 ms]
      [Redirty Cards: 0.3 ms]
      [Humongous Register: 0.1 ms]
      [Humongous Reclaim: 0.0 ms]
      [Free CSet: 0.1 ms]
   [Eden: 3072.0K(167.0M)->0.0B(197.0M) Survivors: 23.0M->5120.0K Heap: 994.7M(2048.0M)->998.7M(2048.0M)]
 [Times: user=0.38 sys=0.00, real=0.06 secs] 
2020-09-29T12:31:28.403+0200: 85.663: [GC concurrent-root-region-scan-start]
2020-09-29T12:31:28.404+0200: 85.664: [GC concurrent-root-region-scan-end, 0.0014745 secs]
2020-09-29T12:31:28.404+0200: 85.664: [GC concurrent-mark-start]
2020-09-29T12:31:28.409+0200: 85.669: [GC concurrent-mark-end, 0.0046872 secs]
2020-09-29T12:31:28.410+0200: 85.669: [GC remark 2020-09-29T12:31:28.410+0200: 85.669: [Finalize Marking, 0.0002987 secs] 2020-09-29T12:31:28.410+0200: 85.670: [GC ref-proc, 0.0006496 secs] 2020-09-29T12:31:28.411+0200: 85.670: [Unloading, 0.0007684 secs], 0.0023186 secs]
 [Times: user=0.00 sys=0.00, real=0.00 secs] 
2020-09-29T12:31:28.413+0200: 85.672: [GC cleanup 1007M->23M(2048M), 0.0020332 secs]
 [Times: user=0.00 sys=0.00, real=0.00 secs] 
2020-09-29T12:31:28.415+0200: 85.674: [GC concurrent-cleanup-start]
2020-09-29T12:31:28.417+0200: 85.677: [GC concurrent-cleanup-end, 0.0024627 secs]
2020-09-29T12:31:28.575+0200: 85.834: [GC pause (G1 Evacuation Pause) (young), 0.1583466 secs]
   [Parallel Time: 156.8 ms, GC Workers: 8]
      [GC Worker Start (ms): Min: 85834.2, Avg: 85834.8, Max: 85836.3, Diff: 2.1]
      [Ext Root Scanning (ms): Min: 0.0, Avg: 0.1, Max: 0.2, Diff: 0.2, Sum: 0.8]
      [Update RS (ms): Min: 14.4, Avg: 15.9, Max: 16.6, Diff: 2.3, Sum: 127.4]
         [Processed Buffers: Min: 12, Avg: 12.9, Max: 15, Diff: 3, Sum: 103]
      [Scan RS (ms): Min: 13.0, Avg: 13.7, Max: 14.0, Diff: 1.0, Sum: 109.7]
      [Code Root Scanning (ms): Min: 0.0, Avg: 0.0, Max: 0.0, Diff: 0.0, Sum: 0.0]
      [Object Copy (ms): Min: 126.1, Avg: 126.2, Max: 126.3, Diff: 0.2, Sum: 1009.9]
      [Termination (ms): Min: 0.0, Avg: 0.1, Max: 0.1, Diff: 0.1, Sum: 0.5]
         [Termination Attempts: Min: 1, Avg: 239.3, Max: 297, Diff: 296, Sum: 1914]
      [GC Worker Other (ms): Min: 0.0, Avg: 0.0, Max: 0.1, Diff: 0.1, Sum: 0.3]
      [GC Worker Total (ms): Min: 154.6, Avg: 156.1, Max: 156.6, Diff: 2.1, Sum: 1248.6]
      [GC Worker End (ms): Min: 85990.8, Avg: 85990.8, Max: 85990.9, Diff: 0.1]
   [Code Root Fixup: 0.0 ms]
   [Code Root Purge: 0.0 ms]
   [Clear CT: 0.3 ms]
   [Other: 1.2 ms]
      [Choose CSet: 0.0 ms]
      [Ref Proc: 0.3 ms]
      [Ref Enq: 0.0 ms]
      [Redirty Cards: 0.3 ms]
      [Humongous Register: 0.1 ms]
      [Humongous Reclaim: 0.0 ms]
      [Free CSet: 0.2 ms]
   [Eden: 197.0M(197.0M)->0.0B(186.0M) Survivors: 5120.0K->26.0M Heap: 246.3M(2048.0M)->242.8M(2048.0M)]
 [Times: user=1.25 sys=0.00, real=0.16 secs] 
2020-09-29T12:31:28.910+0200: 86.169: [GC pause (G1 Evacuation Pause) (young), 0.1650943 secs]
   [Parallel Time: 163.6 ms, GC Workers: 8]
      [GC Worker Start (ms): Min: 86169.3, Avg: 86169.4, Max: 86169.4, Diff: 0.2]
      [Ext Root Scanning (ms): Min: 0.1, Avg: 0.1, Max: 0.2, Diff: 0.2, Sum: 0.9]
      [Update RS (ms): Min: 17.4, Avg: 17.6, Max: 18.0, Diff: 0.5, Sum: 141.0]
         [Processed Buffers: Min: 13, Avg: 13.5, Max: 15, Diff: 2, Sum: 108]
      [Scan RS (ms): Min: 14.4, Avg: 14.7, Max: 15.0, Diff: 0.6, Sum: 117.6]
      [Code Root Scanning (ms): Min: 0.0, Avg: 0.0, Max: 0.0, Diff: 0.0, Sum: 0.0]
      [Object Copy (ms): Min: 130.8, Avg: 130.9, Max: 130.9, Diff: 0.1, Sum: 1046.9]
      [Termination (ms): Min: 0.0, Avg: 0.0, Max: 0.0, Diff: 0.0, Sum: 0.3]
         [Termination Attempts: Min: 1, Avg: 139.6, Max: 175, Diff: 174, Sum: 1117]
      [GC Worker Other (ms): Min: 0.0, Avg: 0.0, Max: 0.0, Diff: 0.0, Sum: 0.2]
      [GC Worker Total (ms): Min: 163.3, Avg: 163.4, Max: 163.5, Diff: 0.2, Sum: 1307.1]
      [GC Worker End (ms): Min: 86332.7, Avg: 86332.8, Max: 86332.8, Diff: 0.0]
   [Code Root Fixup: 0.0 ms]
   [Code Root Purge: 0.0 ms]
   [Clear CT: 0.3 ms]
   [Other: 1.2 ms]
      [Choose CSet: 0.0 ms]
      [Ref Proc: 0.2 ms]
      [Ref Enq: 0.0 ms]
      [Redirty Cards: 0.3 ms]
      [Humongous Register: 0.0 ms]
      [Humongous Reclaim: 0.0 ms]
      [Free CSet: 0.3 ms]
   [Eden: 186.0M(186.0M)->0.0B(188.0M) Survivors: 26.0M->27.0M Heap: 459.4M(2048.0M)->461.4M(2048.0M)]
 [Times: user=1.27 sys=0.02, real=0.17 secs] 
2020-09-29T12:31:29.241+0200: 86.501: [GC pause (G1 Evacuation Pause) (young), 0.1703822 secs]
   [Parallel Time: 168.8 ms, GC Workers: 8]
      [GC Worker Start (ms): Min: 86500.6, Avg: 86500.8, Max: 86500.9, Diff: 0.3]
      [Ext Root Scanning (ms): Min: 0.0, Avg: 0.1, Max: 0.2, Diff: 0.2, Sum: 0.8]
      [Update RS (ms): Min: 19.0, Avg: 19.4, Max: 19.8, Diff: 0.8, Sum: 155.1]
         [Processed Buffers: Min: 14, Avg: 14.4, Max: 17, Diff: 3, Sum: 115]
      [Scan RS (ms): Min: 13.8, Avg: 14.2, Max: 14.7, Diff: 0.9, Sum: 113.3]
      [Code Root Scanning (ms): Min: 0.0, Avg: 0.0, Max: 0.0, Diff: 0.0, Sum: 0.0]
      [Object Copy (ms): Min: 134.6, Avg: 134.7, Max: 134.8, Diff: 0.2, Sum: 1077.7]
      [Termination (ms): Min: 0.0, Avg: 0.0, Max: 0.0, Diff: 0.0, Sum: 0.2]
         [Termination Attempts: Min: 1, Avg: 89.9, Max: 123, Diff: 122, Sum: 719]
      [GC Worker Other (ms): Min: 0.0, Avg: 0.0, Max: 0.1, Diff: 0.1, Sum: 0.4]
      [GC Worker Total (ms): Min: 168.3, Avg: 168.4, Max: 168.6, Diff: 0.2, Sum: 1347.5]
      [GC Worker End (ms): Min: 86669.2, Avg: 86669.2, Max: 86669.3, Diff: 0.1]
   [Code Root Fixup: 0.0 ms]
   [Code Root Purge: 0.0 ms]
   [Clear CT: 0.3 ms]
   [Other: 1.3 ms]
      [Choose CSet: 0.0 ms]
      [Ref Proc: 0.4 ms]
      [Ref Enq: 0.0 ms]
      [Redirty Cards: 0.3 ms]
      [Humongous Register: 0.0 ms]
      [Humongous Reclaim: 0.0 ms]
      [Free CSet: 0.2 ms]
   [Eden: 188.0M(188.0M)->0.0B(191.0M) Survivors: 27.0M->27.0M Heap: 679.9M(2048.0M)->681.9M(2048.0M)]
 [Times: user=1.26 sys=0.00, real=0.17 secs] 
2020-09-29T12:31:29.579+0200: 86.838: [GC pause (G1 Evacuation Pause) (young), 0.2101647 secs]
   [Parallel Time: 208.7 ms, GC Workers: 8]
      [GC Worker Start (ms): Min: 86838.6, Avg: 86842.8, Max: 86870.9, Diff: 32.3]
      [Ext Root Scanning (ms): Min: 0.0, Avg: 0.1, Max: 0.2, Diff: 0.2, Sum: 0.9]
      [Update RS (ms): Min: 0.0, Avg: 20.0, Max: 23.6, Diff: 23.6, Sum: 159.8]
         [Processed Buffers: Min: 0, Avg: 14.8, Max: 20, Diff: 20, Sum: 118]
      [Scan RS (ms): Min: 7.5, Avg: 18.7, Max: 41.3, Diff: 33.8, Sum: 149.8]
      [Code Root Scanning (ms): Min: 0.0, Avg: 0.0, Max: 0.0, Diff: 0.0, Sum: 0.0]
      [Object Copy (ms): Min: 143.9, Avg: 165.4, Max: 168.5, Diff: 24.6, Sum: 1322.9]
      [Termination (ms): Min: 0.0, Avg: 0.1, Max: 0.1, Diff: 0.1, Sum: 0.8]
         [Termination Attempts: Min: 1, Avg: 392.1, Max: 495, Diff: 494, Sum: 3137]
      [GC Worker Other (ms): Min: 0.0, Avg: 0.0, Max: 0.1, Diff: 0.1, Sum: 0.3]
      [GC Worker Total (ms): Min: 176.1, Avg: 204.3, Max: 208.4, Diff: 32.3, Sum: 1634.6]
      [GC Worker End (ms): Min: 87047.1, Avg: 87047.1, Max: 87047.1, Diff: 0.1]
   [Code Root Fixup: 0.0 ms]
   [Code Root Purge: 0.0 ms]
   [Clear CT: 0.3 ms]
   [Other: 1.2 ms]
      [Choose CSet: 0.0 ms]
      [Ref Proc: 0.3 ms]
      [Ref Enq: 0.0 ms]
      [Redirty Cards: 0.3 ms]
      [Humongous Register: 0.1 ms]
      [Humongous Reclaim: 0.0 ms]
      [Free CSet: 0.3 ms]
   [Eden: 191.0M(191.0M)->0.0B(171.0M) Survivors: 27.0M->28.0M Heap: 905.3M(2048.0M)->908.3M(2048.0M)]
 [Times: user=1.66 sys=0.00, real=0.21 secs] 
2020-09-29T12:31:29.997+0200: 87.257: [GC pause (G1 Evacuation Pause) (young), 0.2859253 secs]
   [Parallel Time: 283.8 ms, GC Workers: 8]
      [GC Worker Start (ms): Min: 87257.0, Avg: 87257.2, Max: 87257.3, Diff: 0.3]
      [Ext Root Scanning (ms): Min: 0.0, Avg: 0.1, Max: 0.3, Diff: 0.3, Sum: 1.2]
      [Update RS (ms): Min: 34.7, Avg: 35.2, Max: 35.7, Diff: 0.9, Sum: 281.3]
         [Processed Buffers: Min: 18, Avg: 18.8, Max: 21, Diff: 3, Sum: 150]
      [Scan RS (ms): Min: 13.6, Avg: 14.2, Max: 14.7, Diff: 1.1, Sum: 113.5]
      [Code Root Scanning (ms): Min: 0.0, Avg: 0.0, Max: 0.0, Diff: 0.0, Sum: 0.0]
      [Object Copy (ms): Min: 233.2, Avg: 233.4, Max: 233.7, Diff: 0.5, Sum: 1867.3]
      [Termination (ms): Min: 0.0, Avg: 0.4, Max: 0.5, Diff: 0.5, Sum: 2.9]
         [Termination Attempts: Min: 1, Avg: 921.0, Max: 1150, Diff: 1149, Sum: 7368]
      [GC Worker Other (ms): Min: 0.0, Avg: 0.0, Max: 0.1, Diff: 0.0, Sum: 0.3]
      [GC Worker Total (ms): Min: 283.2, Avg: 283.3, Max: 283.5, Diff: 0.3, Sum: 2266.5]
      [GC Worker End (ms): Min: 87540.4, Avg: 87540.5, Max: 87540.5, Diff: 0.0]
   [Code Root Fixup: 0.0 ms]
   [Code Root Purge: 0.0 ms]
   [Clear CT: 0.5 ms]
   [Other: 1.6 ms]
      [Choose CSet: 0.0 ms]
      [Ref Proc: 0.3 ms]
      [Ref Enq: 0.0 ms]
      [Redirty Cards: 0.6 ms]
      [Humongous Register: 0.1 ms]
      [Humongous Reclaim: 0.0 ms]
      [Free CSet: 0.3 ms]
   [Eden: 171.0M(171.0M)->0.0B(121.0M) Survivors: 28.0M->25.0M Heap: 1107.9M(2048.0M)->1110.4M(2048.0M)]
 [Times: user=2.09 sys=0.00, real=0.29 secs] 
2020-09-29T12:31:30.305+0200: 87.564: [GC pause (G1 Humongous Allocation) (young) (initial-mark), 0.0917636 secs]
   [Parallel Time: 89.9 ms, GC Workers: 8]
      [GC Worker Start (ms): Min: 87564.6, Avg: 87564.7, Max: 87564.8, Diff: 0.2]
      [Ext Root Scanning (ms): Min: 0.1, Avg: 0.2, Max: 0.3, Diff: 0.2, Sum: 1.5]
      [Update RS (ms): Min: 48.5, Avg: 49.1, Max: 49.7, Diff: 1.2, Sum: 393.0]
         [Processed Buffers: Min: 22, Avg: 24.1, Max: 25, Diff: 3, Sum: 193]
      [Scan RS (ms): Min: 3.7, Avg: 4.3, Max: 4.9, Diff: 1.2, Sum: 34.4]
      [Code Root Scanning (ms): Min: 0.0, Avg: 0.0, Max: 0.0, Diff: 0.0, Sum: 0.0]
      [Object Copy (ms): Min: 35.9, Avg: 36.0, Max: 36.1, Diff: 0.2, Sum: 288.2]
      [Termination (ms): Min: 0.0, Avg: 0.0, Max: 0.0, Diff: 0.0, Sum: 0.3]
         [Termination Attempts: Min: 1, Avg: 105.8, Max: 140, Diff: 139, Sum: 846]
      [GC Worker Other (ms): Min: 0.0, Avg: 0.0, Max: 0.0, Diff: 0.0, Sum: 0.2]
      [GC Worker Total (ms): Min: 89.6, Avg: 89.7, Max: 89.8, Diff: 0.2, Sum: 717.6]
      [GC Worker End (ms): Min: 87654.4, Avg: 87654.4, Max: 87654.4, Diff: 0.0]
   [Code Root Fixup: 0.0 ms]
   [Code Root Purge: 0.0 ms]
   [Clear CT: 0.5 ms]
   [Other: 1.4 ms]
      [Choose CSet: 0.0 ms]
      [Ref Proc: 0.4 ms]
      [Ref Enq: 0.0 ms]
      [Redirty Cards: 0.3 ms]
      [Humongous Register: 0.1 ms]
      [Humongous Reclaim: 0.0 ms]
      [Free CSet: 0.1 ms]
   [Eden: 6144.0K(121.0M)->0.0B(123.0M) Survivors: 25.0M->8192.0K Heap: 1115.9M(2048.0M)->1120.4M(2048.0M)]
 [Times: user=0.73 sys=0.00, real=0.09 secs] 
2020-09-29T12:31:30.397+0200: 87.656: [GC concurrent-root-region-scan-start]
2020-09-29T12:31:30.402+0200: 87.662: [GC concurrent-root-region-scan-end, 0.0052708 secs]
2020-09-29T12:31:30.402+0200: 87.662: [GC concurrent-mark-start]
2020-09-29T12:31:30.409+0200: 87.669: [GC concurrent-mark-end, 0.0067325 secs]
2020-09-29T12:31:30.409+0200: 87.669: [GC remark 2020-09-29T12:31:30.409+0200: 87.669: [Finalize Marking, 0.0004883 secs] 2020-09-29T12:31:30.410+0200: 87.669: [GC ref-proc, 0.0007180 secs] 2020-09-29T12:31:30.411+0200: 87.670: [Unloading, 0.0010515 secs], 0.0030448 secs]
 [Times: user=0.02 sys=0.00, real=0.00 secs] 
2020-09-29T12:31:30.414+0200: 87.673: [GC cleanup 1132M->29M(2048M), 0.0036032 secs]
 [Times: user=0.00 sys=0.00, real=0.00 secs] 
2020-09-29T12:31:30.417+0200: 87.677: [GC concurrent-cleanup-start]
2020-09-29T12:31:30.422+0200: 87.682: [GC concurrent-cleanup-end, 0.0047879 secs]
2020-09-29T12:31:30.559+0200: 87.818: [GC pause (G1 Evacuation Pause) (young), 0.1522091 secs]
   [Parallel Time: 150.1 ms, GC Workers: 8]
      [GC Worker Start (ms): Min: 87818.5, Avg: 87818.7, Max: 87818.8, Diff: 0.3]
      [Ext Root Scanning (ms): Min: 0.0, Avg: 0.1, Max: 0.3, Diff: 0.3, Sum: 1.1]
      [Update RS (ms): Min: 32.2, Avg: 32.5, Max: 32.9, Diff: 0.7, Sum: 260.3]
         [Processed Buffers: Min: 14, Avg: 16.5, Max: 19, Diff: 5, Sum: 132]
      [Scan RS (ms): Min: 4.1, Avg: 4.5, Max: 5.0, Diff: 0.8, Sum: 36.2]
      [Code Root Scanning (ms): Min: 0.0, Avg: 0.0, Max: 0.0, Diff: 0.0, Sum: 0.0]
      [Object Copy (ms): Min: 112.1, Avg: 112.3, Max: 112.4, Diff: 0.2, Sum: 898.2]
      [Termination (ms): Min: 0.0, Avg: 0.1, Max: 0.2, Diff: 0.2, Sum: 0.8]
         [Termination Attempts: Min: 1, Avg: 41.8, Max: 70, Diff: 69, Sum: 334]
      [GC Worker Other (ms): Min: 0.0, Avg: 0.0, Max: 0.1, Diff: 0.1, Sum: 0.2]
      [GC Worker Total (ms): Min: 149.5, Avg: 149.6, Max: 149.8, Diff: 0.3, Sum: 1196.8]
      [GC Worker End (ms): Min: 87968.2, Avg: 87968.3, Max: 87968.3, Diff: 0.1]
   [Code Root Fixup: 0.0 ms]
   [Code Root Purge: 0.0 ms]
   [Clear CT: 0.5 ms]
   [Other: 1.6 ms]
      [Choose CSet: 0.0 ms]
      [Ref Proc: 0.6 ms]
      [Ref Enq: 0.0 ms]
      [Redirty Cards: 0.4 ms]
      [Humongous Register: 0.1 ms]
      [Humongous Reclaim: 0.0 ms]
      [Free CSet: 0.2 ms]
   [Eden: 123.0M(123.0M)->0.0B(122.0M) Survivors: 8192.0K->17.0M Heap: 161.5M(2048.0M)->156.5M(2048.0M)]
 [Times: user=1.20 sys=0.00, real=0.15 secs] 
2020-09-29T12:31:30.866+0200: 88.126: [GC pause (G1 Evacuation Pause) (young), 0.1648491 secs]
   [Parallel Time: 162.7 ms, GC Workers: 8]
      [GC Worker Start (ms): Min: 88126.2, Avg: 88126.3, Max: 88126.5, Diff: 0.3]
      [Ext Root Scanning (ms): Min: 0.0, Avg: 0.1, Max: 0.3, Diff: 0.3, Sum: 1.2]
      [Update RS (ms): Min: 21.8, Avg: 22.0, Max: 22.2, Diff: 0.4, Sum: 175.9]
         [Processed Buffers: Min: 10, Avg: 11.9, Max: 14, Diff: 4, Sum: 95]
      [Scan RS (ms): Min: 11.5, Avg: 11.8, Max: 11.9, Diff: 0.4, Sum: 94.0]
      [Code Root Scanning (ms): Min: 0.0, Avg: 0.0, Max: 0.0, Diff: 0.0, Sum: 0.0]
      [Object Copy (ms): Min: 128.1, Avg: 128.2, Max: 128.3, Diff: 0.2, Sum: 1025.6]
      [Termination (ms): Min: 0.0, Avg: 0.1, Max: 0.2, Diff: 0.2, Sum: 0.8]
         [Termination Attempts: Min: 1, Avg: 261.6, Max: 317, Diff: 316, Sum: 2093]
      [GC Worker Other (ms): Min: 0.0, Avg: 0.0, Max: 0.1, Diff: 0.1, Sum: 0.4]
      [GC Worker Total (ms): Min: 162.0, Avg: 162.2, Max: 162.4, Diff: 0.4, Sum: 1297.9]
      [GC Worker End (ms): Min: 88288.5, Avg: 88288.5, Max: 88288.6, Diff: 0.1]
   [Code Root Fixup: 0.0 ms]
   [Code Root Purge: 0.0 ms]
   [Clear CT: 0.4 ms]
   [Other: 1.7 ms]
      [Choose CSet: 0.0 ms]
      [Ref Proc: 0.5 ms]
      [Ref Enq: 0.0 ms]
      [Redirty Cards: 0.5 ms]
      [Humongous Register: 0.1 ms]
      [Humongous Reclaim: 0.0 ms]
      [Free CSet: 0.2 ms]
   [Eden: 122.0M(122.0M)->0.0B(124.0M) Survivors: 17.0M->18.0M Heap: 299.5M(2048.0M)->302.0M(2048.0M)]
 [Times: user=1.25 sys=0.00, real=0.16 secs] 
2020-09-29T12:31:31.184+0200: 88.444: [GC pause (G1 Evacuation Pause) (young), 0.2535282 secs]
   [Parallel Time: 251.4 ms, GC Workers: 8]
      [GC Worker Start (ms): Min: 88444.4, Avg: 88448.5, Max: 88476.3, Diff: 31.8]
      [Ext Root Scanning (ms): Min: 0.0, Avg: 0.1, Max: 0.3, Diff: 0.3, Sum: 1.1]
      [Update RS (ms): Min: 0.0, Avg: 19.5, Max: 22.4, Diff: 22.4, Sum: 155.9]
         [Processed Buffers: Min: 0, Avg: 11.3, Max: 15, Diff: 15, Sum: 90]
      [Scan RS (ms): Min: 5.2, Avg: 16.7, Max: 41.3, Diff: 36.1, Sum: 133.6]
      [Code Root Scanning (ms): Min: 0.0, Avg: 0.0, Max: 0.0, Diff: 0.0, Sum: 0.0]
      [Object Copy (ms): Min: 186.3, Avg: 209.9, Max: 213.9, Diff: 27.6, Sum: 1679.5]
      [Termination (ms): Min: 0.0, Avg: 0.7, Max: 0.9, Diff: 0.9, Sum: 5.6]
         [Termination Attempts: Min: 1, Avg: 2003.6, Max: 2444, Diff: 2443, Sum: 16029]
      [GC Worker Other (ms): Min: 0.0, Avg: 0.0, Max: 0.1, Diff: 0.1, Sum: 0.3]
      [GC Worker Total (ms): Min: 219.3, Avg: 247.0, Max: 251.1, Diff: 31.9, Sum: 1976.1]
      [GC Worker End (ms): Min: 88695.5, Avg: 88695.5, Max: 88695.6, Diff: 0.1]
   [Code Root Fixup: 0.0 ms]
   [Code Root Purge: 0.0 ms]
   [Clear CT: 0.4 ms]
   [Other: 1.7 ms]
      [Choose CSet: 0.0 ms]
      [Ref Proc: 0.6 ms]
      [Ref Enq: 0.0 ms]
      [Redirty Cards: 0.4 ms]
      [Humongous Register: 0.1 ms]
      [Humongous Reclaim: 0.0 ms]
      [Free CSet: 0.2 ms]
   [Eden: 124.0M(124.0M)->0.0B(95.0M) Survivors: 18.0M->18.0M Heap: 446.9M(2048.0M)->448.9M(2048.0M)]
 [Times: user=1.78 sys=0.00, real=0.25 secs] 
2020-09-29T12:31:31.568+0200: 88.828: [GC pause (G1 Evacuation Pause) (young), 0.1463071 secs]
   [Parallel Time: 144.5 ms, GC Workers: 8]
      [GC Worker Start (ms): Min: 88828.2, Avg: 88828.3, Max: 88828.4, Diff: 0.2]
      [Ext Root Scanning (ms): Min: 0.0, Avg: 0.2, Max: 0.3, Diff: 0.2, Sum: 1.3]
      [Update RS (ms): Min: 23.7, Avg: 24.1, Max: 24.7, Diff: 1.0, Sum: 193.0]
         [Processed Buffers: Min: 12, Avg: 12.6, Max: 14, Diff: 2, Sum: 101]
      [Scan RS (ms): Min: 6.2, Avg: 6.8, Max: 7.4, Diff: 1.2, Sum: 54.8]
      [Code Root Scanning (ms): Min: 0.0, Avg: 0.0, Max: 0.0, Diff: 0.0, Sum: 0.0]
      [Object Copy (ms): Min: 112.6, Avg: 112.8, Max: 113.0, Diff: 0.4, Sum: 902.0]
      [Termination (ms): Min: 0.0, Avg: 0.2, Max: 0.2, Diff: 0.2, Sum: 1.3]
         [Termination Attempts: Min: 1, Avg: 458.1, Max: 572, Diff: 571, Sum: 3665]
      [GC Worker Other (ms): Min: 0.0, Avg: 0.0, Max: 0.1, Diff: 0.1, Sum: 0.3]
      [GC Worker Total (ms): Min: 144.0, Avg: 144.1, Max: 144.2, Diff: 0.2, Sum: 1152.7]
      [GC Worker End (ms): Min: 88972.4, Avg: 88972.4, Max: 88972.5, Diff: 0.1]
   [Code Root Fixup: 0.0 ms]
   [Code Root Purge: 0.0 ms]
   [Clear CT: 0.5 ms]
   [Other: 1.3 ms]
      [Choose CSet: 0.0 ms]
      [Ref Proc: 0.3 ms]
      [Ref Enq: 0.0 ms]
      [Redirty Cards: 0.4 ms]
      [Humongous Register: 0.1 ms]
      [Humongous Reclaim: 0.0 ms]
      [Free CSet: 0.2 ms]
   [Eden: 95.0M(95.0M)->0.0B(107.0M) Survivors: 18.0M->15.0M Heap: 559.2M(2048.0M)->561.2M(2048.0M)]
 [Times: user=1.13 sys=0.00, real=0.15 secs] 
2020-09-29T12:31:31.865+0200: 89.124: [GC pause (G1 Evacuation Pause) (young), 0.1452163 secs]
   [Parallel Time: 143.3 ms, GC Workers: 8]
      [GC Worker Start (ms): Min: 89124.1, Avg: 89124.3, Max: 89124.4, Diff: 0.3]
      [Ext Root Scanning (ms): Min: 0.0, Avg: 0.1, Max: 0.3, Diff: 0.3, Sum: 1.1]
      [Update RS (ms): Min: 17.8, Avg: 18.3, Max: 19.3, Diff: 1.5, Sum: 146.8]
         [Processed Buffers: Min: 9, Avg: 9.5, Max: 10, Diff: 1, Sum: 76]
      [Scan RS (ms): Min: 10.0, Avg: 10.8, Max: 11.3, Diff: 1.4, Sum: 86.4]
      [Code Root Scanning (ms): Min: 0.0, Avg: 0.0, Max: 0.0, Diff: 0.0, Sum: 0.0]
      [Object Copy (ms): Min: 113.4, Avg: 113.5, Max: 113.6, Diff: 0.2, Sum: 908.0]
      [Termination (ms): Min: 0.0, Avg: 0.0, Max: 0.0, Diff: 0.0, Sum: 0.2]
         [Termination Attempts: Min: 1, Avg: 64.0, Max: 81, Diff: 80, Sum: 512]
      [GC Worker Other (ms): Min: 0.0, Avg: 0.0, Max: 0.1, Diff: 0.0, Sum: 0.3]
      [GC Worker Total (ms): Min: 142.7, Avg: 142.8, Max: 143.1, Diff: 0.4, Sum: 1142.8]
      [GC Worker End (ms): Min: 89267.1, Avg: 89267.1, Max: 89267.2, Diff: 0.1]
   [Code Root Fixup: 0.0 ms]
   [Code Root Purge: 0.0 ms]
   [Clear CT: 0.4 ms]
   [Other: 1.4 ms]
      [Choose CSet: 0.0 ms]
      [Ref Proc: 0.5 ms]
      [Ref Enq: 0.0 ms]
      [Redirty Cards: 0.4 ms]
      [Humongous Register: 0.1 ms]
      [Humongous Reclaim: 0.0 ms]
      [Free CSet: 0.2 ms]
   [Eden: 107.0M(107.0M)->0.0B(115.0M) Survivors: 15.0M->16.0M Heap: 685.4M(2048.0M)->687.9M(2048.0M)]
 [Times: user=1.13 sys=0.00, real=0.14 secs] 
2020-09-29T12:31:32.155+0200: 89.415: [GC pause (G1 Evacuation Pause) (young), 0.1595184 secs]
   [Parallel Time: 155.3 ms, GC Workers: 8]
      [GC Worker Start (ms): Min: 89414.7, Avg: 89414.9, Max: 89415.1, Diff: 0.3]
      [Ext Root Scanning (ms): Min: 0.0, Avg: 0.1, Max: 0.3, Diff: 0.3, Sum: 1.1]
      [Update RS (ms): Min: 27.3, Avg: 27.9, Max: 28.5, Diff: 1.2, Sum: 223.0]
         [Processed Buffers: Min: 14, Avg: 14.3, Max: 16, Diff: 2, Sum: 114]
      [Scan RS (ms): Min: 6.5, Avg: 7.2, Max: 7.8, Diff: 1.3, Sum: 57.9]
      [Code Root Scanning (ms): Min: 0.0, Avg: 0.0, Max: 0.0, Diff: 0.0, Sum: 0.0]
      [Object Copy (ms): Min: 119.3, Avg: 119.4, Max: 119.5, Diff: 0.2, Sum: 955.0]
      [Termination (ms): Min: 0.0, Avg: 0.0, Max: 0.0, Diff: 0.0, Sum: 0.1]
         [Termination Attempts: Min: 1, Avg: 17.1, Max: 28, Diff: 27, Sum: 137]
      [GC Worker Other (ms): Min: 0.0, Avg: 0.1, Max: 0.1, Diff: 0.1, Sum: 0.4]
      [GC Worker Total (ms): Min: 154.5, Avg: 154.7, Max: 154.9, Diff: 0.4, Sum: 1237.4]
      [GC Worker End (ms): Min: 89569.6, Avg: 89569.6, Max: 89569.7, Diff: 0.1]
   [Code Root Fixup: 0.0 ms]
   [Code Root Purge: 0.0 ms]
   [Clear CT: 1.1 ms]
   [Other: 3.1 ms]
      [Choose CSet: 0.0 ms]
      [Ref Proc: 0.3 ms]
      [Ref Enq: 0.0 ms]
      [Redirty Cards: 2.2 ms]
      [Humongous Register: 0.1 ms]
      [Humongous Reclaim: 0.0 ms]
      [Free CSet: 0.2 ms]
   [Eden: 115.0M(115.0M)->0.0B(121.0M) Survivors: 16.0M->17.0M Heap: 821.9M(2048.0M)->824.4M(2048.0M)]
 [Times: user=1.25 sys=0.00, real=0.16 secs] 
2020-09-29T12:31:32.462+0200: 89.721: [GC pause (G1 Evacuation Pause) (young), 0.1784406 secs]
   [Parallel Time: 176.5 ms, GC Workers: 8]
      [GC Worker Start (ms): Min: 89721.5, Avg: 89722.1, Max: 89722.4, Diff: 0.8]
      [Ext Root Scanning (ms): Min: 0.0, Avg: 0.1, Max: 0.3, Diff: 0.3, Sum: 0.7]
      [Update RS (ms): Min: 21.9, Avg: 22.3, Max: 22.9, Diff: 0.9, Sum: 178.2]
         [Processed Buffers: Min: 8, Avg: 11.6, Max: 14, Diff: 6, Sum: 93]
      [Scan RS (ms): Min: 12.2, Avg: 13.0, Max: 14.7, Diff: 2.5, Sum: 103.7]
      [Code Root Scanning (ms): Min: 0.0, Avg: 0.0, Max: 0.0, Diff: 0.0, Sum: 0.0]
      [Object Copy (ms): Min: 138.4, Avg: 140.1, Max: 140.4, Diff: 2.1, Sum: 1120.6]
      [Termination (ms): Min: 0.0, Avg: 0.2, Max: 0.2, Diff: 0.2, Sum: 1.6]
         [Termination Attempts: Min: 1, Avg: 546.4, Max: 676, Diff: 675, Sum: 4371]
      [GC Worker Other (ms): Min: 0.0, Avg: 0.0, Max: 0.1, Diff: 0.1, Sum: 0.3]
      [GC Worker Total (ms): Min: 175.4, Avg: 175.6, Max: 176.2, Diff: 0.8, Sum: 1405.1]
      [GC Worker End (ms): Min: 89897.7, Avg: 89897.7, Max: 89897.8, Diff: 0.1]
   [Code Root Fixup: 0.0 ms]
   [Code Root Purge: 0.0 ms]
   [Clear CT: 0.5 ms]
   [Other: 1.4 ms]
      [Choose CSet: 0.0 ms]
      [Ref Proc: 0.4 ms]
      [Ref Enq: 0.0 ms]
      [Redirty Cards: 0.4 ms]
      [Humongous Register: 0.1 ms]
      [Humongous Reclaim: 0.0 ms]
      [Free CSet: 0.3 ms]
   [Eden: 121.0M(121.0M)->0.0B(121.0M) Survivors: 17.0M->18.0M Heap: 966.4M(2048.0M)->967.9M(2048.0M)]
 [Times: user=1.36 sys=0.00, real=0.18 secs] 
2020-09-29T12:31:32.653+0200: 89.912: [GC pause (G1 Humongous Allocation) (young) (initial-mark), 0.0647333 secs]
   [Parallel Time: 62.7 ms, GC Workers: 8]
      [GC Worker Start (ms): Min: 89912.2, Avg: 89912.3, Max: 89912.6, Diff: 0.4]
      [Ext Root Scanning (ms): Min: 0.0, Avg: 0.3, Max: 0.4, Diff: 0.4, Sum: 2.6]
      [Update RS (ms): Min: 34.5, Avg: 34.8, Max: 35.1, Diff: 0.6, Sum: 278.7]
         [Processed Buffers: Min: 16, Avg: 17.5, Max: 19, Diff: 3, Sum: 140]
      [Scan RS (ms): Min: 2.2, Avg: 2.5, Max: 2.9, Diff: 0.7, Sum: 20.0]
      [Code Root Scanning (ms): Min: 0.0, Avg: 0.0, Max: 0.0, Diff: 0.0, Sum: 0.0]
      [Object Copy (ms): Min: 24.6, Avg: 24.7, Max: 24.8, Diff: 0.2, Sum: 197.8]
      [Termination (ms): Min: 0.0, Avg: 0.0, Max: 0.0, Diff: 0.0, Sum: 0.2]
         [Termination Attempts: Min: 1, Avg: 59.1, Max: 75, Diff: 74, Sum: 473]
      [GC Worker Other (ms): Min: 0.0, Avg: 0.0, Max: 0.0, Diff: 0.0, Sum: 0.2]
      [GC Worker Total (ms): Min: 62.2, Avg: 62.4, Max: 62.6, Diff: 0.4, Sum: 499.5]
      [GC Worker End (ms): Min: 89974.8, Avg: 89974.8, Max: 89974.8, Diff: 0.0]
   [Code Root Fixup: 0.0 ms]
   [Code Root Purge: 0.0 ms]
   [Clear CT: 0.5 ms]
   [Other: 1.6 ms]
      [Choose CSet: 0.0 ms]
      [Ref Proc: 0.4 ms]
      [Ref Enq: 0.0 ms]
      [Redirty Cards: 0.6 ms]
      [Humongous Register: 0.1 ms]
      [Humongous Reclaim: 0.0 ms]
      [Free CSet: 0.1 ms]
   [Eden: 6144.0K(121.0M)->0.0B(138.0M) Survivors: 18.0M->8192.0K Heap: 973.9M(2048.0M)->977.9M(2048.0M)]
 [Times: user=0.50 sys=0.00, real=0.06 secs] 
2020-09-29T12:31:32.718+0200: 89.977: [GC concurrent-root-region-scan-start]
2020-09-29T12:31:32.722+0200: 89.981: [GC concurrent-root-region-scan-end, 0.0046062 secs]
2020-09-29T12:31:32.722+0200: 89.982: [GC concurrent-mark-start]
2020-09-29T12:31:32.730+0200: 89.989: [GC concurrent-mark-end, 0.0072182 secs]
2020-09-29T12:31:32.730+0200: 89.989: [GC remark 2020-09-29T12:31:32.730+0200: 89.989: [Finalize Marking, 0.0005232 secs] 2020-09-29T12:31:32.731+0200: 89.990: [GC ref-proc, 0.0006715 secs] 2020-09-29T12:31:32.731+0200: 89.990: [Unloading, 0.0011674 secs], 0.0031938 secs]
 [Times: user=0.00 sys=0.00, real=0.00 secs] 
2020-09-29T12:31:32.734+0200: 89.993: [GC cleanup 989M->29M(2048M), 0.0025797 secs]
 [Times: user=0.00 sys=0.00, real=0.00 secs] 
2020-09-29T12:31:32.737+0200: 89.996: [GC concurrent-cleanup-start]
2020-09-29T12:31:32.740+0200: 89.999: [GC concurrent-cleanup-end, 0.0033221 secs]
2020-09-29T12:31:32.918+0200: 90.178: [GC pause (G1 Evacuation Pause) (young), 0.1619153 secs]
   [Parallel Time: 159.8 ms, GC Workers: 8]
      [GC Worker Start (ms): Min: 90178.2, Avg: 90178.8, Max: 90182.5, Diff: 4.3]
      [Ext Root Scanning (ms): Min: 0.0, Avg: 0.4, Max: 2.6, Diff: 2.6, Sum: 3.6]
      [Update RS (ms): Min: 11.9, Avg: 15.1, Max: 16.0, Diff: 4.1, Sum: 120.7]
         [Processed Buffers: Min: 6, Avg: 9.3, Max: 12, Diff: 6, Sum: 74]
      [Scan RS (ms): Min: 14.1, Avg: 14.3, Max: 14.4, Diff: 0.3, Sum: 114.4]
      [Code Root Scanning (ms): Min: 0.0, Avg: 0.0, Max: 0.0, Diff: 0.0, Sum: 0.0]
      [Object Copy (ms): Min: 128.8, Avg: 128.9, Max: 129.0, Diff: 0.2, Sum: 1031.5]
      [Termination (ms): Min: 0.0, Avg: 0.1, Max: 0.1, Diff: 0.1, Sum: 0.6]
         [Termination Attempts: Min: 1, Avg: 192.5, Max: 245, Diff: 244, Sum: 1540]
      [GC Worker Other (ms): Min: 0.0, Avg: 0.0, Max: 0.1, Diff: 0.1, Sum: 0.4]
      [GC Worker Total (ms): Min: 155.2, Avg: 158.9, Max: 159.6, Diff: 4.3, Sum: 1271.2]
      [GC Worker End (ms): Min: 90337.7, Avg: 90337.7, Max: 90337.8, Diff: 0.1]
   [Code Root Fixup: 0.0 ms]
   [Code Root Purge: 0.0 ms]
   [Clear CT: 0.4 ms]
   [Other: 1.7 ms]
      [Choose CSet: 0.0 ms]
      [Ref Proc: 0.4 ms]
      [Ref Enq: 0.0 ms]
      [Redirty Cards: 0.4 ms]
      [Humongous Register: 0.1 ms]
      [Humongous Reclaim: 0.0 ms]
      [Free CSet: 0.3 ms]
   [Eden: 138.0M(138.0M)->0.0B(130.0M) Survivors: 8192.0K->19.0M Heap: 180.3M(2048.0M)->175.3M(2048.0M)]
 [Times: user=1.25 sys=0.00, real=0.16 secs] 
2020-09-29T12:31:33.279+0200: 90.538: [GC pause (G1 Evacuation Pause) (young), 0.2436340 secs]
   [Parallel Time: 241.5 ms, GC Workers: 8]
      [GC Worker Start (ms): Min: 90538.4, Avg: 90538.6, Max: 90538.8, Diff: 0.3]
      [Ext Root Scanning (ms): Min: 0.0, Avg: 0.1, Max: 0.3, Diff: 0.3, Sum: 1.2]
      [Update RS (ms): Min: 18.2, Avg: 18.3, Max: 18.5, Diff: 0.2, Sum: 146.5]
         [Processed Buffers: Min: 9, Avg: 10.5, Max: 12, Diff: 3, Sum: 84]
      [Scan RS (ms): Min: 14.5, Avg: 14.6, Max: 14.7, Diff: 0.3, Sum: 117.2]
      [Code Root Scanning (ms): Min: 0.0, Avg: 0.0, Max: 0.0, Diff: 0.0, Sum: 0.0]
      [Object Copy (ms): Min: 206.8, Avg: 207.0, Max: 207.9, Diff: 1.2, Sum: 1656.3]
      [Termination (ms): Min: 0.0, Avg: 0.9, Max: 1.1, Diff: 1.1, Sum: 7.1]
         [Termination Attempts: Min: 1, Avg: 2255.6, Max: 2850, Diff: 2849, Sum: 18045]
      [GC Worker Other (ms): Min: 0.0, Avg: 0.1, Max: 0.1, Diff: 0.1, Sum: 0.5]
      [GC Worker Total (ms): Min: 240.9, Avg: 241.1, Max: 241.3, Diff: 0.4, Sum: 1928.8]
      [GC Worker End (ms): Min: 90779.6, Avg: 90779.7, Max: 90779.7, Diff: 0.1]
   [Code Root Fixup: 0.0 ms]
   [Code Root Purge: 0.0 ms]
   [Clear CT: 0.4 ms]
   [Other: 1.8 ms]
      [Choose CSet: 0.0 ms]
      [Ref Proc: 0.4 ms]
      [Ref Enq: 0.0 ms]
      [Redirty Cards: 0.6 ms]
      [Humongous Register: 0.1 ms]
      [Humongous Reclaim: 0.0 ms]
      [Free CSet: 0.3 ms]
   [Eden: 130.0M(130.0M)->0.0B(106.0M) Survivors: 19.0M->19.0M Heap: 326.3M(2048.0M)->327.8M(2048.0M)]
 [Times: user=1.83 sys=0.00, real=0.24 secs] 
2020-09-29T12:31:33.673+0200: 90.932: [GC pause (G1 Evacuation Pause) (young), 0.1447399 secs]
   [Parallel Time: 142.7 ms, GC Workers: 8]
      [GC Worker Start (ms): Min: 90932.5, Avg: 90932.6, Max: 90932.7, Diff: 0.2]
      [Ext Root Scanning (ms): Min: 0.1, Avg: 0.2, Max: 0.3, Diff: 0.2, Sum: 1.4]
      [Update RS (ms): Min: 19.8, Avg: 20.1, Max: 20.6, Diff: 0.8, Sum: 160.7]
         [Processed Buffers: Min: 10, Avg: 10.9, Max: 13, Diff: 3, Sum: 87]
      [Scan RS (ms): Min: 9.5, Avg: 9.9, Max: 10.2, Diff: 0.7, Sum: 79.6]
      [Code Root Scanning (ms): Min: 0.0, Avg: 0.0, Max: 0.0, Diff: 0.0, Sum: 0.0]
      [Object Copy (ms): Min: 111.9, Avg: 112.0, Max: 112.1, Diff: 0.2, Sum: 895.8]
      [Termination (ms): Min: 0.0, Avg: 0.0, Max: 0.0, Diff: 0.0, Sum: 0.3]
         [Termination Attempts: Min: 1, Avg: 77.0, Max: 100, Diff: 99, Sum: 616]
      [GC Worker Other (ms): Min: 0.0, Avg: 0.0, Max: 0.1, Diff: 0.0, Sum: 0.3]
      [GC Worker Total (ms): Min: 142.2, Avg: 142.3, Max: 142.4, Diff: 0.2, Sum: 1138.1]
      [GC Worker End (ms): Min: 91074.8, Avg: 91074.9, Max: 91074.9, Diff: 0.0]
   [Code Root Fixup: 0.0 ms]
   [Code Root Purge: 0.0 ms]
   [Clear CT: 0.4 ms]
   [Other: 1.7 ms]
      [Choose CSet: 0.0 ms]
      [Ref Proc: 0.5 ms]
      [Ref Enq: 0.0 ms]
      [Redirty Cards: 0.5 ms]
      [Humongous Register: 0.1 ms]
      [Humongous Reclaim: 0.0 ms]
      [Free CSet: 0.2 ms]
   [Eden: 106.0M(106.0M)->0.0B(118.0M) Survivors: 19.0M->16.0M Heap: 450.9M(2048.0M)->452.9M(2048.0M)]
 [Times: user=1.13 sys=0.02, real=0.14 secs] 
2020-09-29T12:31:33.976+0200: 91.235: [GC pause (G1 Evacuation Pause) (young), 0.1786941 secs]
   [Parallel Time: 176.8 ms, GC Workers: 8]
      [GC Worker Start (ms): Min: 91234.9, Avg: 91235.1, Max: 91235.3, Diff: 0.3]
      [Ext Root Scanning (ms): Min: 0.0, Avg: 0.1, Max: 0.3, Diff: 0.3, Sum: 1.0]
      [Update RS (ms): Min: 15.2, Avg: 15.8, Max: 16.7, Diff: 1.6, Sum: 126.3]
         [Processed Buffers: Min: 8, Avg: 8.3, Max: 9, Diff: 1, Sum: 66]
      [Scan RS (ms): Min: 12.1, Avg: 13.1, Max: 13.6, Diff: 1.6, Sum: 104.6]
      [Code Root Scanning (ms): Min: 0.0, Avg: 0.0, Max: 0.0, Diff: 0.0, Sum: 0.0]
      [Object Copy (ms): Min: 147.0, Avg: 147.2, Max: 147.5, Diff: 0.5, Sum: 1177.2]
      [Termination (ms): Min: 0.0, Avg: 0.3, Max: 0.5, Diff: 0.5, Sum: 2.4]
         [Termination Attempts: Min: 1, Avg: 646.0, Max: 1028, Diff: 1027, Sum: 5168]
      [GC Worker Other (ms): Min: 0.0, Avg: 0.0, Max: 0.0, Diff: 0.0, Sum: 0.1]
      [GC Worker Total (ms): Min: 176.3, Avg: 176.5, Max: 176.7, Diff: 0.4, Sum: 1411.7]
      [GC Worker End (ms): Min: 91411.6, Avg: 91411.6, Max: 91411.6, Diff: 0.0]
   [Code Root Fixup: 0.0 ms]
   [Code Root Purge: 0.0 ms]
   [Clear CT: 0.4 ms]
   [Other: 1.5 ms]
      [Choose CSet: 0.0 ms]
      [Ref Proc: 0.4 ms]
      [Ref Enq: 0.0 ms]
      [Redirty Cards: 0.4 ms]
      [Humongous Register: 0.1 ms]
      [Humongous Reclaim: 0.0 ms]
      [Free CSet: 0.3 ms]
   [Eden: 118.0M(118.0M)->0.0B(117.0M) Survivors: 16.0M->17.0M Heap: 590.0M(2048.0M)->592.5M(2048.0M)]
 [Times: user=1.30 sys=0.00, real=0.18 secs] 
2020-09-29T12:31:34.306+0200: 91.565: [GC pause (G1 Evacuation Pause) (young), 0.1642426 secs]
   [Parallel Time: 162.1 ms, GC Workers: 8]
      [GC Worker Start (ms): Min: 91564.8, Avg: 91565.0, Max: 91565.2, Diff: 0.3]
      [Ext Root Scanning (ms): Min: 0.0, Avg: 0.1, Max: 0.3, Diff: 0.3, Sum: 1.0]
      [Update RS (ms): Min: 25.5, Avg: 26.3, Max: 27.4, Diff: 1.9, Sum: 210.3]
         [Processed Buffers: Min: 10, Avg: 13.3, Max: 15, Diff: 5, Sum: 106]
      [Scan RS (ms): Min: 8.8, Avg: 9.9, Max: 10.7, Diff: 1.9, Sum: 79.2]
      [Code Root Scanning (ms): Min: 0.0, Avg: 0.0, Max: 0.0, Diff: 0.0, Sum: 0.0]
      [Object Copy (ms): Min: 125.2, Avg: 125.4, Max: 125.5, Diff: 0.3, Sum: 1003.2]
      [Termination (ms): Min: 0.0, Avg: 0.0, Max: 0.0, Diff: 0.0, Sum: 0.1]
         [Termination Attempts: Min: 1, Avg: 46.3, Max: 70, Diff: 69, Sum: 370]
      [GC Worker Other (ms): Min: 0.0, Avg: 0.0, Max: 0.1, Diff: 0.1, Sum: 0.3]
      [GC Worker Total (ms): Min: 161.6, Avg: 161.8, Max: 161.9, Diff: 0.3, Sum: 1294.2]
      [GC Worker End (ms): Min: 91726.8, Avg: 91726.8, Max: 91726.8, Diff: 0.1]
   [Code Root Fixup: 0.0 ms]
   [Code Root Purge: 0.0 ms]
   [Clear CT: 0.5 ms]
   [Other: 1.6 ms]
      [Choose CSet: 0.0 ms]
      [Ref Proc: 0.5 ms]
      [Ref Enq: 0.0 ms]
      [Redirty Cards: 0.5 ms]
      [Humongous Register: 0.1 ms]
      [Humongous Reclaim: 0.0 ms]
      [Free CSet: 0.2 ms]
   [Eden: 117.0M(117.0M)->0.0B(122.0M) Survivors: 17.0M->17.0M Heap: 730.5M(2048.0M)->733.0M(2048.0M)]
 [Times: user=1.24 sys=0.00, real=0.16 secs] 
2020-09-29T12:31:34.626+0200: 91.885: [GC pause (G1 Evacuation Pause) (young), 0.1545231 secs]
   [Parallel Time: 152.5 ms, GC Workers: 8]
      [GC Worker Start (ms): Min: 91885.4, Avg: 91885.5, Max: 91885.6, Diff: 0.2]
      [Ext Root Scanning (ms): Min: 0.0, Avg: 0.1, Max: 0.3, Diff: 0.2, Sum: 1.0]
      [Update RS (ms): Min: 14.2, Avg: 14.8, Max: 15.7, Diff: 1.5, Sum: 118.8]
         [Processed Buffers: Min: 7, Avg: 8.0, Max: 9, Diff: 2, Sum: 64]
      [Scan RS (ms): Min: 13.4, Avg: 14.2, Max: 14.8, Diff: 1.4, Sum: 113.2]
      [Code Root Scanning (ms): Min: 0.0, Avg: 0.0, Max: 0.0, Diff: 0.0, Sum: 0.0]
      [Object Copy (ms): Min: 123.0, Avg: 123.1, Max: 123.2, Diff: 0.2, Sum: 985.0]
      [Termination (ms): Min: 0.0, Avg: 0.0, Max: 0.0, Diff: 0.0, Sum: 0.0]
         [Termination Attempts: Min: 1, Avg: 12.1, Max: 16, Diff: 15, Sum: 97]
      [GC Worker Other (ms): Min: 0.0, Avg: 0.0, Max: 0.1, Diff: 0.0, Sum: 0.3]
      [GC Worker Total (ms): Min: 152.2, Avg: 152.3, Max: 152.4, Diff: 0.2, Sum: 1218.3]
      [GC Worker End (ms): Min: 92037.8, Avg: 92037.8, Max: 92037.8, Diff: 0.0]
   [Code Root Fixup: 0.0 ms]
   [Code Root Purge: 0.0 ms]
   [Clear CT: 0.5 ms]
   [Other: 1.5 ms]
      [Choose CSet: 0.0 ms]
      [Ref Proc: 0.5 ms]
      [Ref Enq: 0.0 ms]
      [Redirty Cards: 0.4 ms]
      [Humongous Register: 0.1 ms]
      [Humongous Reclaim: 0.0 ms]
      [Free CSet: 0.3 ms]
   [Eden: 122.0M(122.0M)->0.0B(127.0M) Survivors: 17.0M->18.0M Heap: 874.1M(2048.0M)->877.1M(2048.0M)]
 [Times: user=1.25 sys=0.00, real=0.15 secs] 
2020-09-29T12:31:34.910+0200: 92.169: [GC pause (G1 Evacuation Pause) (young), 0.0822028 secs]
   [Parallel Time: 80.8 ms, GC Workers: 8]
      [GC Worker Start (ms): Min: 92169.2, Avg: 92169.3, Max: 92169.4, Diff: 0.1]
      [Ext Root Scanning (ms): Min: 0.0, Avg: 0.1, Max: 0.2, Diff: 0.1, Sum: 0.6]
      [Update RS (ms): Min: 8.3, Avg: 8.6, Max: 8.8, Diff: 0.5, Sum: 68.9]
         [Processed Buffers: Min: 9, Avg: 9.3, Max: 11, Diff: 2, Sum: 74]
      [Scan RS (ms): Min: 6.7, Avg: 6.9, Max: 7.3, Diff: 0.5, Sum: 55.4]
      [Code Root Scanning (ms): Min: 0.0, Avg: 0.0, Max: 0.0, Diff: 0.0, Sum: 0.0]
      [Object Copy (ms): Min: 64.7, Avg: 64.9, Max: 65.0, Diff: 0.3, Sum: 518.9]
      [Termination (ms): Min: 0.0, Avg: 0.2, Max: 0.2, Diff: 0.2, Sum: 1.2]
         [Termination Attempts: Min: 1, Avg: 1093.9, Max: 1314, Diff: 1313, Sum: 8751]
      [GC Worker Other (ms): Min: 0.0, Avg: 0.0, Max: 0.0, Diff: 0.0, Sum: 0.2]
      [GC Worker Total (ms): Min: 80.6, Avg: 80.7, Max: 80.7, Diff: 0.1, Sum: 645.3]
      [GC Worker End (ms): Min: 92250.0, Avg: 92250.0, Max: 92250.0, Diff: 0.0]
   [Code Root Fixup: 0.0 ms]
   [Code Root Purge: 0.0 ms]
   [Clear CT: 0.3 ms]
   [Other: 1.0 ms]
      [Choose CSet: 0.0 ms]
      [Ref Proc: 0.2 ms]
      [Ref Enq: 0.0 ms]
      [Redirty Cards: 0.4 ms]
      [Humongous Register: 0.0 ms]
      [Humongous Reclaim: 0.0 ms]
      [Free CSet: 0.2 ms]
   [Eden: 127.0M(127.0M)->0.0B(147.0M) Survivors: 18.0M->19.0M Heap: 1025.1M(2048.0M)->1027.1M(2048.0M)]
 [Times: user=0.67 sys=0.02, real=0.08 secs] 
2020-09-29T12:31:34.993+0200: 92.252: [GC pause (G1 Humongous Allocation) (young) (initial-mark), 0.0317604 secs]
   [Parallel Time: 29.9 ms, GC Workers: 8]
      [GC Worker Start (ms): Min: 92251.8, Avg: 92251.9, Max: 92252.0, Diff: 0.2]
      [Ext Root Scanning (ms): Min: 0.0, Avg: 0.3, Max: 1.4, Diff: 1.4, Sum: 2.4]
      [Update RS (ms): Min: 18.9, Avg: 20.2, Max: 20.6, Diff: 1.7, Sum: 161.9]
         [Processed Buffers: Min: 22, Avg: 24.9, Max: 27, Diff: 5, Sum: 199]
      [Scan RS (ms): Min: 0.0, Avg: 0.0, Max: 0.1, Diff: 0.1, Sum: 0.2]
      [Code Root Scanning (ms): Min: 0.0, Avg: 0.0, Max: 0.0, Diff: 0.0, Sum: 0.0]
      [Object Copy (ms): Min: 9.0, Avg: 9.1, Max: 9.3, Diff: 0.3, Sum: 73.1]
      [Termination (ms): Min: 0.0, Avg: 0.0, Max: 0.1, Diff: 0.1, Sum: 0.3]
         [Termination Attempts: Min: 1, Avg: 263.1, Max: 390, Diff: 389, Sum: 2105]
      [GC Worker Other (ms): Min: 0.0, Avg: 0.0, Max: 0.0, Diff: 0.0, Sum: 0.1]
      [GC Worker Total (ms): Min: 29.7, Avg: 29.7, Max: 29.8, Diff: 0.2, Sum: 238.0]
      [GC Worker End (ms): Min: 92281.7, Avg: 92281.7, Max: 92281.7, Diff: 0.0]
   [Code Root Fixup: 0.0 ms]
   [Code Root Purge: 0.0 ms]
   [Clear CT: 0.7 ms]
   [Other: 1.2 ms]
      [Choose CSet: 0.0 ms]
      [Ref Proc: 0.3 ms]
      [Ref Enq: 0.0 ms]
      [Redirty Cards: 0.7 ms]
      [Humongous Register: 0.0 ms]
      [Humongous Reclaim: 0.0 ms]
      [Free CSet: 0.0 ms]
   [Eden: 1024.0K(147.0M)->0.0B(199.0M) Survivors: 19.0M->2048.0K Heap: 1027.6M(2048.0M)->1031.1M(2048.0M)]
 [Times: user=0.25 sys=0.00, real=0.03 secs] 
2020-09-29T12:31:35.025+0200: 92.284: [GC concurrent-root-region-scan-start]
2020-09-29T12:31:35.025+0200: 92.284: [GC concurrent-root-region-scan-end, 0.0003441 secs]
2020-09-29T12:31:35.025+0200: 92.284: [GC concurrent-mark-start]
2020-09-29T12:31:35.027+0200: 92.286: [GC concurrent-mark-end, 0.0023577 secs]
2020-09-29T12:31:35.028+0200: 92.287: [GC remark 2020-09-29T12:31:35.028+0200: 92.287: [Finalize Marking, 0.0004959 secs] 2020-09-29T12:31:35.028+0200: 92.287: [GC ref-proc, 0.0002814 secs] 2020-09-29T12:31:35.029+0200: 92.287: [Unloading, 0.0008805 secs], 0.0019891 secs]
 [Times: user=0.00 sys=0.00, real=0.00 secs] 
2020-09-29T12:31:35.030+0200: 92.289: [GC cleanup 1038M->19M(2048M), 0.0027277 secs]
 [Times: user=0.00 sys=0.00, real=0.00 secs] 
2020-09-29T12:31:35.033+0200: 92.292: [GC concurrent-cleanup-start]
2020-09-29T12:31:35.034+0200: 92.293: [GC concurrent-cleanup-end, 0.0012635 secs]
2020-09-29T12:31:35.141+0200: 92.400: [GC pause (G1 Evacuation Pause) (young), 0.0912510 secs]
   [Parallel Time: 90.3 ms, GC Workers: 8]
      [GC Worker Start (ms): Min: 92399.9, Avg: 92399.9, Max: 92400.0, Diff: 0.1]
      [Ext Root Scanning (ms): Min: 0.0, Avg: 0.1, Max: 0.1, Diff: 0.1, Sum: 0.6]
      [Update RS (ms): Min: 8.1, Avg: 8.3, Max: 8.6, Diff: 0.5, Sum: 66.4]
         [Processed Buffers: Min: 10, Avg: 10.8, Max: 12, Diff: 2, Sum: 86]
      [Scan RS (ms): Min: 8.6, Avg: 8.9, Max: 9.1, Diff: 0.5, Sum: 71.1]
      [Code Root Scanning (ms): Min: 0.0, Avg: 0.0, Max: 0.0, Diff: 0.0, Sum: 0.0]
      [Object Copy (ms): Min: 72.8, Avg: 72.8, Max: 72.9, Diff: 0.1, Sum: 582.7]
      [Termination (ms): Min: 0.0, Avg: 0.0, Max: 0.0, Diff: 0.0, Sum: 0.2]
         [Termination Attempts: Min: 1, Avg: 140.5, Max: 174, Diff: 173, Sum: 1124]
      [GC Worker Other (ms): Min: 0.0, Avg: 0.0, Max: 0.1, Diff: 0.0, Sum: 0.2]
      [GC Worker Total (ms): Min: 90.1, Avg: 90.2, Max: 90.2, Diff: 0.1, Sum: 721.3]
      [GC Worker End (ms): Min: 92490.1, Avg: 92490.1, Max: 92490.1, Diff: 0.0]
   [Code Root Fixup: 0.0 ms]
   [Code Root Purge: 0.0 ms]
   [Clear CT: 0.1 ms]
   [Other: 0.8 ms]
      [Choose CSet: 0.0 ms]
      [Ref Proc: 0.1 ms]
      [Ref Enq: 0.0 ms]
      [Redirty Cards: 0.2 ms]
      [Humongous Register: 0.0 ms]
      [Humongous Reclaim: 0.0 ms]
      [Free CSet: 0.2 ms]
   [Eden: 199.0M(199.0M)->0.0B(201.0M) Survivors: 2048.0K->26.0M Heap: 244.8M(2048.0M)->244.8M(2048.0M)]
 [Times: user=0.75 sys=0.00, real=0.09 secs] 
2020-09-29T12:31:35.346+0200: 92.605: [GC pause (G1 Evacuation Pause) (young), 0.1080755 secs]
   [Parallel Time: 107.0 ms, GC Workers: 8]
      [GC Worker Start (ms): Min: 92604.7, Avg: 92604.8, Max: 92604.8, Diff: 0.2]
      [Ext Root Scanning (ms): Min: 0.0, Avg: 0.1, Max: 0.1, Diff: 0.1, Sum: 0.4]
      [Update RS (ms): Min: 6.9, Avg: 7.4, Max: 7.7, Diff: 0.8, Sum: 59.4]
         [Processed Buffers: Min: 9, Avg: 9.0, Max: 9, Diff: 0, Sum: 72]
      [Scan RS (ms): Min: 10.9, Avg: 11.1, Max: 11.6, Diff: 0.8, Sum: 89.1]
      [Code Root Scanning (ms): Min: 0.0, Avg: 0.0, Max: 0.0, Diff: 0.0, Sum: 0.0]
      [Object Copy (ms): Min: 88.0, Avg: 88.1, Max: 88.2, Diff: 0.1, Sum: 704.8]
      [Termination (ms): Min: 0.0, Avg: 0.1, Max: 0.1, Diff: 0.1, Sum: 0.7]
         [Termination Attempts: Min: 1, Avg: 562.1, Max: 792, Diff: 791, Sum: 4497]
      [GC Worker Other (ms): Min: 0.0, Avg: 0.0, Max: 0.1, Diff: 0.0, Sum: 0.2]
      [GC Worker Total (ms): Min: 106.8, Avg: 106.8, Max: 106.9, Diff: 0.2, Sum: 854.7]
      [GC Worker End (ms): Min: 92711.6, Avg: 92711.6, Max: 92711.6, Diff: 0.0]
   [Code Root Fixup: 0.0 ms]
   [Code Root Purge: 0.0 ms]
   [Clear CT: 0.3 ms]
   [Other: 0.8 ms]
      [Choose CSet: 0.0 ms]
      [Ref Proc: 0.2 ms]
      [Ref Enq: 0.0 ms]
      [Redirty Cards: 0.2 ms]
      [Humongous Register: 0.0 ms]
      [Humongous Reclaim: 0.0 ms]
      [Free CSet: 0.1 ms]
   [Eden: 201.0M(201.0M)->0.0B(214.0M) Survivors: 26.0M->29.0M Heap: 478.3M(2048.0M)->479.8M(2048.0M)]
 [Times: user=0.88 sys=0.00, real=0.11 secs] 
2020-09-29T12:31:35.569+0200: 92.829: [GC pause (G1 Evacuation Pause) (young), 0.1196928 secs]
   [Parallel Time: 118.6 ms, GC Workers: 8]
      [GC Worker Start (ms): Min: 92829.0, Avg: 92829.1, Max: 92829.2, Diff: 0.2]
      [Ext Root Scanning (ms): Min: 0.0, Avg: 0.1, Max: 0.2, Diff: 0.2, Sum: 0.6]
      [Update RS (ms): Min: 9.9, Avg: 10.0, Max: 10.0, Diff: 0.1, Sum: 79.7]
         [Processed Buffers: Min: 11, Avg: 11.8, Max: 14, Diff: 3, Sum: 94]
      [Scan RS (ms): Min: 12.2, Avg: 12.3, Max: 12.8, Diff: 0.6, Sum: 98.4]
      [Code Root Scanning (ms): Min: 0.0, Avg: 0.0, Max: 0.0, Diff: 0.0, Sum: 0.0]
      [Object Copy (ms): Min: 95.5, Avg: 96.0, Max: 96.1, Diff: 0.5, Sum: 767.7]
      [Termination (ms): Min: 0.0, Avg: 0.0, Max: 0.0, Diff: 0.0, Sum: 0.2]
         [Termination Attempts: Min: 1, Avg: 211.1, Max: 268, Diff: 267, Sum: 1689]
      [GC Worker Other (ms): Min: 0.0, Avg: 0.0, Max: 0.1, Diff: 0.0, Sum: 0.3]
      [GC Worker Total (ms): Min: 118.3, Avg: 118.4, Max: 118.5, Diff: 0.2, Sum: 947.0]
      [GC Worker End (ms): Min: 92947.5, Avg: 92947.5, Max: 92947.5, Diff: 0.0]
   [Code Root Fixup: 0.0 ms]
   [Code Root Purge: 0.0 ms]
   [Clear CT: 0.2 ms]
   [Other: 0.9 ms]
      [Choose CSet: 0.0 ms]
      [Ref Proc: 0.2 ms]
      [Ref Enq: 0.0 ms]
      [Redirty Cards: 0.2 ms]
      [Humongous Register: 0.0 ms]
      [Humongous Reclaim: 0.0 ms]
      [Free CSet: 0.2 ms]
   [Eden: 214.0M(214.0M)->0.0B(233.0M) Survivors: 29.0M->31.0M Heap: 730.0M(2048.0M)->732.0M(2048.0M)]
 [Times: user=0.88 sys=0.00, real=0.12 secs] 
2020-09-29T12:31:35.807+0200: 93.066: [GC pause (G1 Evacuation Pause) (young), 0.1209346 secs]
   [Parallel Time: 119.9 ms, GC Workers: 8]
      [GC Worker Start (ms): Min: 93066.5, Avg: 93066.6, Max: 93066.6, Diff: 0.1]
      [Ext Root Scanning (ms): Min: 0.0, Avg: 0.1, Max: 0.1, Diff: 0.1, Sum: 0.6]
      [Update RS (ms): Min: 9.8, Avg: 9.9, Max: 10.3, Diff: 0.5, Sum: 79.2]
         [Processed Buffers: Min: 11, Avg: 12.9, Max: 16, Diff: 5, Sum: 103]
      [Scan RS (ms): Min: 12.1, Avg: 12.5, Max: 12.6, Diff: 0.5, Sum: 99.9]
      [Code Root Scanning (ms): Min: 0.0, Avg: 0.0, Max: 0.0, Diff: 0.0, Sum: 0.0]
      [Object Copy (ms): Min: 97.2, Avg: 97.2, Max: 97.2, Diff: 0.1, Sum: 777.5]
      [Termination (ms): Min: 0.0, Avg: 0.0, Max: 0.0, Diff: 0.0, Sum: 0.0]
         [Termination Attempts: Min: 1, Avg: 5.1, Max: 8, Diff: 7, Sum: 41]
      [GC Worker Other (ms): Min: 0.0, Avg: 0.0, Max: 0.1, Diff: 0.1, Sum: 0.3]
      [GC Worker Total (ms): Min: 119.7, Avg: 119.7, Max: 119.8, Diff: 0.1, Sum: 957.5]
      [GC Worker End (ms): Min: 93186.2, Avg: 93186.3, Max: 93186.3, Diff: 0.1]
   [Code Root Fixup: 0.0 ms]
   [Code Root Purge: 0.0 ms]
   [Clear CT: 0.2 ms]
   [Other: 0.8 ms]
      [Choose CSet: 0.0 ms]
      [Ref Proc: 0.2 ms]
      [Ref Enq: 0.0 ms]
      [Redirty Cards: 0.2 ms]
      [Humongous Register: 0.1 ms]
      [Humongous Reclaim: 0.0 ms]
      [Free CSet: 0.2 ms]
   [Eden: 233.0M(233.0M)->0.0B(261.0M) Survivors: 31.0M->33.0M Heap: 1005.1M(2048.0M)->1006.1M(2048.0M)]
 [Times: user=1.00 sys=0.00, real=0.12 secs] 
2020-09-29T12:31:35.940+0200: 93.200: [GC pause (G1 Humongous Allocation) (young) (initial-mark), 0.0428932 secs]
   [Parallel Time: 42.1 ms, GC Workers: 8]
      [GC Worker Start (ms): Min: 93200.1, Avg: 93200.1, Max: 93200.2, Diff: 0.1]
      [Ext Root Scanning (ms): Min: 0.0, Avg: 1.3, Max: 4.9, Diff: 4.8, Sum: 10.3]
      [Update RS (ms): Min: 17.7, Avg: 21.2, Max: 22.6, Diff: 5.0, Sum: 169.9]
         [Processed Buffers: Min: 22, Avg: 25.3, Max: 27, Diff: 5, Sum: 202]
      [Scan RS (ms): Min: 1.8, Avg: 2.0, Max: 2.1, Diff: 0.4, Sum: 15.9]
      [Code Root Scanning (ms): Min: 0.0, Avg: 0.0, Max: 0.0, Diff: 0.0, Sum: 0.0]
      [Object Copy (ms): Min: 17.4, Avg: 17.4, Max: 17.5, Diff: 0.1, Sum: 139.3]
      [Termination (ms): Min: 0.0, Avg: 0.0, Max: 0.0, Diff: 0.0, Sum: 0.1]
         [Termination Attempts: Min: 1, Avg: 42.4, Max: 55, Diff: 54, Sum: 339]
      [GC Worker Other (ms): Min: 0.0, Avg: 0.0, Max: 0.0, Diff: 0.0, Sum: 0.1]
      [GC Worker Total (ms): Min: 41.9, Avg: 42.0, Max: 42.0, Diff: 0.1, Sum: 335.7]
      [GC Worker End (ms): Min: 93242.1, Avg: 93242.1, Max: 93242.1, Diff: 0.0]
   [Code Root Fixup: 0.0 ms]
   [Code Root Purge: 0.0 ms]
   [Clear CT: 0.2 ms]
   [Other: 0.6 ms]
      [Choose CSet: 0.0 ms]
      [Ref Proc: 0.2 ms]
      [Ref Enq: 0.0 ms]
      [Redirty Cards: 0.2 ms]
      [Humongous Register: 0.0 ms]
      [Humongous Reclaim: 0.0 ms]
      [Free CSet: 0.1 ms]
   [Eden: 12.0M(261.0M)->0.0B(305.0M) Survivors: 33.0M->14.0M Heap: 1017.6M(2048.0M)->1022.1M(2048.0M)]
 [Times: user=0.34 sys=0.00, real=0.04 secs] 
2020-09-29T12:31:35.983+0200: 93.243: [GC concurrent-root-region-scan-start]
2020-09-29T12:31:35.987+0200: 93.246: [GC concurrent-root-region-scan-end, 0.0032218 secs]
2020-09-29T12:31:35.987+0200: 93.246: [GC concurrent-mark-start]
2020-09-29T12:31:35.989+0200: 93.248: [GC concurrent-mark-end, 0.0021936 secs]
2020-09-29T12:31:35.989+0200: 93.248: [GC remark 2020-09-29T12:31:35.989+0200: 93.249: [Finalize Marking, 0.0001408 secs] 2020-09-29T12:31:35.989+0200: 93.249: [GC ref-proc, 0.0002720 secs] 2020-09-29T12:31:35.989+0200: 93.249: [Unloading, 0.0004697 secs], 0.0011519 secs]
 [Times: user=0.00 sys=0.00, real=0.00 secs] 
2020-09-29T12:31:35.990+0200: 93.250: [GC cleanup 1034M->36M(2048M), 0.0011055 secs]
 [Times: user=0.00 sys=0.00, real=0.00 secs] 
2020-09-29T12:31:35.992+0200: 93.251: [GC concurrent-cleanup-start]
2020-09-29T12:31:35.993+0200: 93.252: [GC concurrent-cleanup-end, 0.0013032 secs]
2020-09-29T12:31:36.155+0200: 93.415: [GC pause (G1 Evacuation Pause) (young), 0.1503770 secs]
   [Parallel Time: 148.6 ms, GC Workers: 8]
      [GC Worker Start (ms): Min: 93414.7, Avg: 93414.8, Max: 93414.9, Diff: 0.2]
      [Ext Root Scanning (ms): Min: 0.0, Avg: 0.1, Max: 0.2, Diff: 0.2, Sum: 0.5]
      [Update RS (ms): Min: 9.9, Avg: 10.2, Max: 10.5, Diff: 0.6, Sum: 81.8]
         [Processed Buffers: Min: 10, Avg: 11.4, Max: 13, Diff: 3, Sum: 91]
      [Scan RS (ms): Min: 18.1, Avg: 18.4, Max: 18.8, Diff: 0.7, Sum: 147.1]
      [Code Root Scanning (ms): Min: 0.0, Avg: 0.0, Max: 0.0, Diff: 0.0, Sum: 0.0]
      [Object Copy (ms): Min: 119.5, Avg: 119.6, Max: 119.7, Diff: 0.2, Sum: 956.6]
      [Termination (ms): Min: 0.0, Avg: 0.1, Max: 0.1, Diff: 0.1, Sum: 0.5]
         [Termination Attempts: Min: 1, Avg: 420.1, Max: 534, Diff: 533, Sum: 3361]
      [GC Worker Other (ms): Min: 0.0, Avg: 0.0, Max: 0.1, Diff: 0.1, Sum: 0.3]
      [GC Worker Total (ms): Min: 148.3, Avg: 148.4, Max: 148.5, Diff: 0.2, Sum: 1186.9]
      [GC Worker End (ms): Min: 93563.1, Avg: 93563.1, Max: 93563.2, Diff: 0.1]
   [Code Root Fixup: 0.0 ms]
   [Code Root Purge: 0.0 ms]
   [Clear CT: 0.6 ms]
   [Other: 1.2 ms]
      [Choose CSet: 0.0 ms]
      [Ref Proc: 0.2 ms]
      [Ref Enq: 0.0 ms]
      [Redirty Cards: 0.4 ms]
      [Humongous Register: 0.0 ms]
      [Humongous Reclaim: 0.0 ms]
      [Free CSet: 0.3 ms]
   [Eden: 305.0M(305.0M)->0.0B(294.0M) Survivors: 14.0M->40.0M Heap: 380.5M(2048.0M)->368.0M(2048.0M)]
 [Times: user=1.23 sys=0.00, real=0.15 secs] 
2020-09-29T12:31:36.469+0200: 93.728: [GC pause (G1 Evacuation Pause) (young), 0.1798319 secs]
   [Parallel Time: 177.9 ms, GC Workers: 8]
      [GC Worker Start (ms): Min: 93728.4, Avg: 93728.5, Max: 93728.6, Diff: 0.2]
      [Ext Root Scanning (ms): Min: 0.0, Avg: 0.1, Max: 0.2, Diff: 0.2, Sum: 0.6]
      [Update RS (ms): Min: 10.4, Avg: 10.6, Max: 11.2, Diff: 0.8, Sum: 84.9]
         [Processed Buffers: Min: 12, Avg: 13.9, Max: 16, Diff: 4, Sum: 111]
      [Scan RS (ms): Min: 19.2, Avg: 19.9, Max: 21.3, Diff: 2.1, Sum: 159.6]
      [Code Root Scanning (ms): Min: 0.0, Avg: 0.0, Max: 0.0, Diff: 0.0, Sum: 0.0]
      [Object Copy (ms): Min: 145.8, Avg: 147.0, Max: 147.3, Diff: 1.5, Sum: 1175.7]
      [Termination (ms): Min: 0.0, Avg: 0.1, Max: 0.2, Diff: 0.2, Sum: 0.9]
         [Termination Attempts: Min: 1, Avg: 865.5, Max: 1054, Diff: 1053, Sum: 6924]
      [GC Worker Other (ms): Min: 0.0, Avg: 0.0, Max: 0.1, Diff: 0.0, Sum: 0.3]
      [GC Worker Total (ms): Min: 177.7, Avg: 177.8, Max: 177.9, Diff: 0.2, Sum: 1422.0]
      [GC Worker End (ms): Min: 93906.3, Avg: 93906.3, Max: 93906.3, Diff: 0.0]
   [Code Root Fixup: 0.0 ms]
   [Code Root Purge: 0.0 ms]
   [Clear CT: 0.1 ms]
   [Other: 1.7 ms]
      [Choose CSet: 0.0 ms]
      [Ref Proc: 0.2 ms]
      [Ref Enq: 0.0 ms]
      [Redirty Cards: 1.1 ms]
      [Humongous Register: 0.0 ms]
      [Humongous Reclaim: 0.0 ms]
      [Free CSet: 0.2 ms]
   [Eden: 294.0M(294.0M)->0.0B(283.0M) Survivors: 40.0M->42.0M Heap: 711.6M(2048.0M)->713.6M(2048.0M)]
 [Times: user=1.47 sys=0.00, real=0.19 secs] 
2020-09-29T12:31:36.841+0200: 94.100: [GC pause (G1 Evacuation Pause) (young), 0.1568047 secs]
   [Parallel Time: 155.7 ms, GC Workers: 8]
      [GC Worker Start (ms): Min: 94100.4, Avg: 94100.5, Max: 94100.6, Diff: 0.2]
      [Ext Root Scanning (ms): Min: 0.0, Avg: 0.1, Max: 0.2, Diff: 0.2, Sum: 0.5]
      [Update RS (ms): Min: 13.8, Avg: 13.9, Max: 14.0, Diff: 0.2, Sum: 110.8]
         [Processed Buffers: Min: 14, Avg: 16.6, Max: 20, Diff: 6, Sum: 133]
      [Scan RS (ms): Min: 15.4, Avg: 15.5, Max: 15.6, Diff: 0.2, Sum: 123.8]
      [Code Root Scanning (ms): Min: 0.0, Avg: 0.0, Max: 0.0, Diff: 0.0, Sum: 0.0]
      [Object Copy (ms): Min: 125.8, Avg: 125.9, Max: 126.0, Diff: 0.3, Sum: 1007.2]
      [Termination (ms): Min: 0.0, Avg: 0.1, Max: 0.1, Diff: 0.1, Sum: 0.5]
         [Termination Attempts: Min: 1, Avg: 443.4, Max: 532, Diff: 531, Sum: 3547]
      [GC Worker Other (ms): Min: 0.0, Avg: 0.0, Max: 0.1, Diff: 0.1, Sum: 0.3]
      [GC Worker Total (ms): Min: 155.3, Avg: 155.4, Max: 155.5, Diff: 0.3, Sum: 1243.1]
      [GC Worker End (ms): Min: 94255.9, Avg: 94255.9, Max: 94255.9, Diff: 0.1]
   [Code Root Fixup: 0.0 ms]
   [Code Root Purge: 0.0 ms]
   [Clear CT: 0.2 ms]
   [Other: 0.9 ms]
      [Choose CSet: 0.0 ms]
      [Ref Proc: 0.2 ms]
      [Ref Enq: 0.0 ms]
      [Redirty Cards: 0.2 ms]
      [Humongous Register: 0.0 ms]
      [Humongous Reclaim: 0.0 ms]
      [Free CSet: 0.3 ms]
   [Eden: 283.0M(283.0M)->0.0B(293.0M) Survivors: 42.0M->41.0M Heap: 1044.3M(2048.0M)->1046.3M(2048.0M)]
 [Times: user=1.23 sys=0.00, real=0.16 secs] 
2020-09-29T12:31:37.017+0200: 94.277: [GC pause (G1 Humongous Allocation) (young) (initial-mark), 0.0464584 secs]
   [Parallel Time: 45.7 ms, GC Workers: 8]
      [GC Worker Start (ms): Min: 94277.1, Avg: 94277.2, Max: 94277.2, Diff: 0.1]
      [Ext Root Scanning (ms): Min: 0.0, Avg: 0.1, Max: 0.1, Diff: 0.1, Sum: 0.6]
      [Update RS (ms): Min: 21.8, Avg: 22.0, Max: 22.2, Diff: 0.3, Sum: 175.9]
         [Processed Buffers: Min: 23, Avg: 25.8, Max: 28, Diff: 5, Sum: 206]
      [Scan RS (ms): Min: 2.4, Avg: 2.6, Max: 2.8, Diff: 0.4, Sum: 20.7]
      [Code Root Scanning (ms): Min: 0.0, Avg: 0.0, Max: 0.0, Diff: 0.0, Sum: 0.0]
      [Object Copy (ms): Min: 20.8, Avg: 20.9, Max: 20.9, Diff: 0.1, Sum: 166.8]
      [Termination (ms): Min: 0.0, Avg: 0.0, Max: 0.0, Diff: 0.0, Sum: 0.0]
         [Termination Attempts: Min: 1, Avg: 5.9, Max: 11, Diff: 10, Sum: 47]
      [GC Worker Other (ms): Min: 0.0, Avg: 0.0, Max: 0.0, Diff: 0.0, Sum: 0.1]
      [GC Worker Total (ms): Min: 45.5, Avg: 45.5, Max: 45.6, Diff: 0.1, Sum: 364.2]
      [GC Worker End (ms): Min: 94322.7, Avg: 94322.7, Max: 94322.7, Diff: 0.0]
   [Code Root Fixup: 0.0 ms]
   [Code Root Purge: 0.0 ms]
   [Clear CT: 0.1 ms]
   [Other: 0.6 ms]
      [Choose CSet: 0.0 ms]
      [Ref Proc: 0.1 ms]
      [Ref Enq: 0.0 ms]
      [Redirty Cards: 0.1 ms]
      [Humongous Register: 0.0 ms]
      [Humongous Reclaim: 0.0 ms]
      [Free CSet: 0.1 ms]
   [Eden: 11.0M(293.0M)->0.0B(340.0M) Survivors: 41.0M->13.0M Heap: 1057.3M(2048.0M)->1060.8M(2048.0M)]
 [Times: user=0.36 sys=0.00, real=0.05 secs] 
2020-09-29T12:31:37.064+0200: 94.324: [GC concurrent-root-region-scan-start]
2020-09-29T12:31:37.067+0200: 94.326: [GC concurrent-root-region-scan-end, 0.0027495 secs]
2020-09-29T12:31:37.067+0200: 94.326: [GC concurrent-mark-start]
2020-09-29T12:31:37.069+0200: 94.329: [GC concurrent-mark-end, 0.0023651 secs]
2020-09-29T12:31:37.069+0200: 94.329: [GC remark 2020-09-29T12:31:37.069+0200: 94.329: [Finalize Marking, 0.0001270 secs] 2020-09-29T12:31:37.069+0200: 94.329: [GC ref-proc, 0.0002944 secs] 2020-09-29T12:31:37.070+0200: 94.329: [Unloading, 0.0004188 secs], 0.0011379 secs]
 [Times: user=0.00 sys=0.00, real=0.00 secs] 
2020-09-29T12:31:37.071+0200: 94.330: [GC cleanup 1073M->35M(2048M), 0.0012455 secs]
 [Times: user=0.00 sys=0.00, real=0.00 secs] 
2020-09-29T12:31:37.072+0200: 94.332: [GC concurrent-cleanup-start]
2020-09-29T12:31:37.074+0200: 94.333: [GC concurrent-cleanup-end, 0.0018362 secs]
2020-09-29T12:31:37.249+0200: 94.509: [GC pause (G1 Evacuation Pause) (young), 0.1651713 secs]
   [Parallel Time: 163.7 ms, GC Workers: 8]
      [GC Worker Start (ms): Min: 94508.6, Avg: 94508.7, Max: 94508.7, Diff: 0.1]
      [Ext Root Scanning (ms): Min: 0.0, Avg: 0.1, Max: 0.1, Diff: 0.1, Sum: 0.6]
      [Update RS (ms): Min: 13.6, Avg: 13.9, Max: 14.2, Diff: 0.6, Sum: 110.8]
         [Processed Buffers: Min: 15, Avg: 16.1, Max: 17, Diff: 2, Sum: 129]
      [Scan RS (ms): Min: 17.1, Avg: 17.4, Max: 17.7, Diff: 0.6, Sum: 139.5]
      [Code Root Scanning (ms): Min: 0.0, Avg: 0.0, Max: 0.0, Diff: 0.0, Sum: 0.0]
      [Object Copy (ms): Min: 132.0, Avg: 132.1, Max: 132.1, Diff: 0.2, Sum: 1056.6]
      [Termination (ms): Min: 0.0, Avg: 0.1, Max: 0.1, Diff: 0.1, Sum: 0.6]
         [Termination Attempts: Min: 1, Avg: 594.6, Max: 703, Diff: 702, Sum: 4757]
      [GC Worker Other (ms): Min: 0.0, Avg: 0.0, Max: 0.1, Diff: 0.1, Sum: 0.4]
      [GC Worker Total (ms): Min: 163.5, Avg: 163.6, Max: 163.6, Diff: 0.1, Sum: 1308.6]
      [GC Worker End (ms): Min: 94672.2, Avg: 94672.2, Max: 94672.3, Diff: 0.1]
   [Code Root Fixup: 0.0 ms]
   [Code Root Purge: 0.0 ms]
   [Clear CT: 0.5 ms]
   [Other: 0.9 ms]
      [Choose CSet: 0.0 ms]
      [Ref Proc: 0.2 ms]
      [Ref Enq: 0.0 ms]
      [Redirty Cards: 0.3 ms]
      [Humongous Register: 0.0 ms]
      [Humongous Reclaim: 0.0 ms]
      [Free CSet: 0.2 ms]
   [Eden: 340.0M(340.0M)->0.0B(315.0M) Survivors: 13.0M->45.0M Heap: 419.7M(2048.0M)->408.7M(2048.0M)]
 [Times: user=1.36 sys=0.00, real=0.16 secs] 
2020-09-29T12:31:37.597+0200: 94.856: [GC pause (G1 Evacuation Pause) (young), 0.1657193 secs]
   [Parallel Time: 164.3 ms, GC Workers: 8]
      [GC Worker Start (ms): Min: 94856.5, Avg: 94856.6, Max: 94856.7, Diff: 0.2]
      [Ext Root Scanning (ms): Min: 0.0, Avg: 0.1, Max: 0.2, Diff: 0.2, Sum: 0.5]
      [Update RS (ms): Min: 11.6, Avg: 11.7, Max: 11.8, Diff: 0.2, Sum: 93.8]
         [Processed Buffers: Min: 14, Avg: 15.4, Max: 18, Diff: 4, Sum: 123]
      [Scan RS (ms): Min: 18.8, Avg: 18.9, Max: 18.9, Diff: 0.2, Sum: 150.9]
      [Code Root Scanning (ms): Min: 0.0, Avg: 0.0, Max: 0.0, Diff: 0.0, Sum: 0.0]
      [Object Copy (ms): Min: 133.2, Avg: 133.4, Max: 133.4, Diff: 0.2, Sum: 1066.8]
      [Termination (ms): Min: 0.0, Avg: 0.1, Max: 0.1, Diff: 0.1, Sum: 0.5]
         [Termination Attempts: Min: 1, Avg: 115.0, Max: 173, Diff: 172, Sum: 920]
      [GC Worker Other (ms): Min: 0.0, Avg: 0.0, Max: 0.0, Diff: 0.0, Sum: 0.1]
      [GC Worker Total (ms): Min: 164.0, Avg: 164.1, Max: 164.2, Diff: 0.2, Sum: 1312.6]
      [GC Worker End (ms): Min: 95020.7, Avg: 95020.7, Max: 95020.7, Diff: 0.0]
   [Code Root Fixup: 0.0 ms]
   [Code Root Purge: 0.0 ms]
   [Clear CT: 0.2 ms]
   [Other: 1.3 ms]
      [Choose CSet: 0.0 ms]
      [Ref Proc: 0.2 ms]
      [Ref Enq: 0.0 ms]
      [Redirty Cards: 0.5 ms]
      [Humongous Register: 0.0 ms]
      [Humongous Reclaim: 0.0 ms]
      [Free CSet: 0.3 ms]
   [Eden: 315.0M(315.0M)->0.0B(314.0M) Survivors: 45.0M->45.0M Heap: 777.1M(2048.0M)->779.1M(2048.0M)]
 [Times: user=1.34 sys=0.02, real=0.17 secs] 
2020-09-29T12:31:37.952+0200: 95.211: [GC pause (G1 Evacuation Pause) (young), 0.1763046 secs]
   [Parallel Time: 175.0 ms, GC Workers: 8]
      [GC Worker Start (ms): Min: 95211.1, Avg: 95211.2, Max: 95211.2, Diff: 0.2]
      [Ext Root Scanning (ms): Min: 0.0, Avg: 0.1, Max: 0.2, Diff: 0.2, Sum: 0.5]
      [Update RS (ms): Min: 13.0, Avg: 13.2, Max: 13.5, Diff: 0.6, Sum: 105.4]
         [Processed Buffers: Min: 15, Avg: 16.1, Max: 17, Diff: 2, Sum: 129]
      [Scan RS (ms): Min: 17.9, Avg: 18.1, Max: 18.3, Diff: 0.4, Sum: 145.1]
      [Code Root Scanning (ms): Min: 0.0, Avg: 0.0, Max: 0.0, Diff: 0.0, Sum: 0.0]
      [Object Copy (ms): Min: 143.0, Avg: 143.1, Max: 143.3, Diff: 0.4, Sum: 1145.2]
      [Termination (ms): Min: 0.0, Avg: 0.2, Max: 0.3, Diff: 0.3, Sum: 1.5]
         [Termination Attempts: Min: 1, Avg: 1370.1, Max: 1887, Diff: 1886, Sum: 10961]
      [GC Worker Other (ms): Min: 0.0, Avg: 0.0, Max: 0.1, Diff: 0.1, Sum: 0.3]
      [GC Worker Total (ms): Min: 174.7, Avg: 174.7, Max: 174.9, Diff: 0.2, Sum: 1398.0]
      [GC Worker End (ms): Min: 95385.9, Avg: 95385.9, Max: 95386.0, Diff: 0.1]
   [Code Root Fixup: 0.0 ms]
   [Code Root Purge: 0.0 ms]
   [Clear CT: 0.2 ms]
   [Other: 1.1 ms]
      [Choose CSet: 0.0 ms]
      [Ref Proc: 0.5 ms]
      [Ref Enq: 0.0 ms]
      [Redirty Cards: 0.2 ms]
      [Humongous Register: 0.0 ms]
      [Humongous Reclaim: 0.0 ms]
      [Free CSet: 0.2 ms]
   [Eden: 314.0M(314.0M)->0.0B(310.0M) Survivors: 45.0M->45.0M Heap: 1144.6M(2048.0M)->1146.6M(2048.0M)]
 [Times: user=1.34 sys=0.00, real=0.18 secs] 
2020-09-29T12:31:38.142+0200: 95.401: [GC pause (G1 Humongous Allocation) (young) (initial-mark), 0.0563699 secs]
   [Parallel Time: 55.4 ms, GC Workers: 8]
      [GC Worker Start (ms): Min: 95401.6, Avg: 95401.6, Max: 95401.7, Diff: 0.2]
      [Ext Root Scanning (ms): Min: 0.0, Avg: 0.1, Max: 0.2, Diff: 0.2, Sum: 1.1]
      [Update RS (ms): Min: 32.1, Avg: 32.3, Max: 32.6, Diff: 0.5, Sum: 258.1]
         [Processed Buffers: Min: 35, Avg: 37.8, Max: 39, Diff: 4, Sum: 302]
      [Scan RS (ms): Min: 2.4, Avg: 2.8, Max: 2.9, Diff: 0.5, Sum: 22.1]
      [Code Root Scanning (ms): Min: 0.0, Avg: 0.0, Max: 0.0, Diff: 0.0, Sum: 0.0]
      [Object Copy (ms): Min: 20.1, Avg: 20.1, Max: 20.1, Diff: 0.1, Sum: 160.9]
      [Termination (ms): Min: 0.0, Avg: 0.0, Max: 0.0, Diff: 0.0, Sum: 0.1]
         [Termination Attempts: Min: 1, Avg: 46.1, Max: 65, Diff: 64, Sum: 369]
      [GC Worker Other (ms): Min: 0.0, Avg: 0.0, Max: 0.0, Diff: 0.0, Sum: 0.1]
      [GC Worker Total (ms): Min: 55.2, Avg: 55.3, Max: 55.4, Diff: 0.2, Sum: 442.4]
      [GC Worker End (ms): Min: 95456.9, Avg: 95456.9, Max: 95457.0, Diff: 0.0]
   [Code Root Fixup: 0.0 ms]
   [Code Root Purge: 0.0 ms]
   [Clear CT: 0.2 ms]
   [Other: 0.7 ms]
      [Choose CSet: 0.0 ms]
      [Ref Proc: 0.1 ms]
      [Ref Enq: 0.0 ms]
      [Redirty Cards: 0.2 ms]
      [Humongous Register: 0.1 ms]
      [Humongous Reclaim: 0.0 ms]
      [Free CSet: 0.1 ms]
   [Eden: 4096.0K(310.0M)->0.0B(340.0M) Survivors: 45.0M->6144.0K Heap: 1150.6M(2048.0M)->1154.6M(2048.0M)]
 [Times: user=0.50 sys=0.00, real=0.06 secs] 
2020-09-29T12:31:38.199+0200: 95.458: [GC concurrent-root-region-scan-start]
2020-09-29T12:31:38.200+0200: 95.459: [GC concurrent-root-region-scan-end, 0.0014328 secs]
2020-09-29T12:31:38.200+0200: 95.459: [GC concurrent-mark-start]
2020-09-29T12:31:38.204+0200: 95.463: [GC concurrent-mark-end, 0.0040570 secs]
2020-09-29T12:31:38.205+0200: 95.464: [GC remark 2020-09-29T12:31:38.205+0200: 95.464: [Finalize Marking, 0.0002045 secs] 2020-09-29T12:31:38.205+0200: 95.464: [GC ref-proc, 0.0002914 secs] 2020-09-29T12:31:38.205+0200: 95.464: [Unloading, 0.0004199 secs], 0.0012623 secs]
 [Times: user=0.00 sys=0.00, real=0.00 secs] 
2020-09-29T12:31:38.206+0200: 95.465: [GC cleanup 1166M->27M(2048M), 0.0011197 secs]
 [Times: user=0.00 sys=0.00, real=0.00 secs] 
2020-09-29T12:31:38.207+0200: 95.466: [GC concurrent-cleanup-start]
2020-09-29T12:31:38.209+0200: 95.468: [GC concurrent-cleanup-end, 0.0016638 secs]
2020-09-29T12:31:38.387+0200: 95.646: [GC pause (G1 Evacuation Pause) (young), 0.1628466 secs]
   [Parallel Time: 161.6 ms, GC Workers: 8]
      [GC Worker Start (ms): Min: 95646.5, Avg: 95646.6, Max: 95646.7, Diff: 0.2]
      [Ext Root Scanning (ms): Min: 0.0, Avg: 0.1, Max: 0.2, Diff: 0.2, Sum: 0.4]
      [Update RS (ms): Min: 16.8, Avg: 17.0, Max: 17.2, Diff: 0.4, Sum: 135.8]
         [Processed Buffers: Min: 17, Avg: 19.1, Max: 22, Diff: 5, Sum: 153]
      [Scan RS (ms): Min: 16.1, Avg: 16.3, Max: 16.5, Diff: 0.4, Sum: 130.6]
      [Code Root Scanning (ms): Min: 0.0, Avg: 0.0, Max: 0.0, Diff: 0.0, Sum: 0.0]
      [Object Copy (ms): Min: 127.7, Avg: 127.8, Max: 127.8, Diff: 0.1, Sum: 1022.1]
      [Termination (ms): Min: 0.0, Avg: 0.1, Max: 0.1, Diff: 0.1, Sum: 0.6]
         [Termination Attempts: Min: 1, Avg: 493.5, Max: 622, Diff: 621, Sum: 3948]
      [GC Worker Other (ms): Min: 0.0, Avg: 0.0, Max: 0.1, Diff: 0.0, Sum: 0.3]
      [GC Worker Total (ms): Min: 161.1, Avg: 161.2, Max: 161.4, Diff: 0.2, Sum: 1289.8]
      [GC Worker End (ms): Min: 95807.8, Avg: 95807.9, Max: 95807.9, Diff: 0.0]
   [Code Root Fixup: 0.0 ms]
   [Code Root Purge: 0.0 ms]
   [Clear CT: 0.2 ms]
   [Other: 1.1 ms]
      [Choose CSet: 0.0 ms]
      [Ref Proc: 0.2 ms]
      [Ref Enq: 0.0 ms]
      [Redirty Cards: 0.3 ms]
      [Humongous Register: 0.0 ms]
      [Humongous Reclaim: 0.0 ms]
      [Free CSet: 0.3 ms]
   [Eden: 340.0M(340.0M)->0.0B(325.0M) Survivors: 6144.0K->44.0M Heap: 412.7M(2048.0M)->409.2M(2048.0M)]
 [Times: user=1.25 sys=0.00, real=0.16 secs] 
2020-09-29T12:31:38.734+0200: 95.993: [GC pause (G1 Evacuation Pause) (young), 0.1896865 secs]
   [Parallel Time: 187.6 ms, GC Workers: 8]
      [GC Worker Start (ms): Min: 95992.8, Avg: 95992.9, Max: 95993.0, Diff: 0.2]
      [Ext Root Scanning (ms): Min: 0.0, Avg: 0.1, Max: 0.2, Diff: 0.2, Sum: 0.5]
      [Update RS (ms): Min: 16.3, Avg: 16.5, Max: 17.0, Diff: 0.7, Sum: 131.7]
         [Processed Buffers: Min: 17, Avg: 19.5, Max: 22, Diff: 5, Sum: 156]
      [Scan RS (ms): Min: 20.5, Avg: 20.9, Max: 21.1, Diff: 0.6, Sum: 167.1]
      [Code Root Scanning (ms): Min: 0.0, Avg: 0.0, Max: 0.0, Diff: 0.0, Sum: 0.0]
      [Object Copy (ms): Min: 149.6, Avg: 149.8, Max: 149.9, Diff: 0.3, Sum: 1198.2]
      [Termination (ms): Min: 0.0, Avg: 0.1, Max: 0.2, Diff: 0.2, Sum: 1.1]
         [Termination Attempts: Min: 1, Avg: 915.9, Max: 1223, Diff: 1222, Sum: 7327]
      [GC Worker Other (ms): Min: 0.0, Avg: 0.1, Max: 0.1, Diff: 0.1, Sum: 0.5]
      [GC Worker Total (ms): Min: 187.3, Avg: 187.4, Max: 187.5, Diff: 0.2, Sum: 1499.1]
      [GC Worker End (ms): Min: 96180.3, Avg: 96180.3, Max: 96180.4, Diff: 0.1]
   [Code Root Fixup: 0.0 ms]
   [Code Root Purge: 0.0 ms]
   [Clear CT: 0.4 ms]
   [Other: 1.6 ms]
      [Choose CSet: 0.0 ms]
      [Ref Proc: 0.5 ms]
      [Ref Enq: 0.0 ms]
      [Redirty Cards: 0.5 ms]
      [Humongous Register: 0.0 ms]
      [Humongous Reclaim: 0.0 ms]
      [Free CSet: 0.3 ms]
   [Eden: 325.0M(325.0M)->0.0B(305.0M) Survivors: 44.0M->47.0M Heap: 789.5M(2048.0M)->792.0M(2048.0M)]
 [Times: user=1.42 sys=0.05, real=0.19 secs] 
2020-09-29T12:31:39.098+0200: 96.357: [GC pause (G1 Evacuation Pause) (young), 0.1865397 secs]
   [Parallel Time: 185.5 ms, GC Workers: 8]
      [GC Worker Start (ms): Min: 96357.4, Avg: 96357.5, Max: 96357.6, Diff: 0.2]
      [Ext Root Scanning (ms): Min: 0.0, Avg: 0.1, Max: 0.2, Diff: 0.1, Sum: 0.6]
      [Update RS (ms): Min: 24.6, Avg: 24.8, Max: 25.1, Diff: 0.5, Sum: 198.2]
         [Processed Buffers: Min: 20, Avg: 23.6, Max: 27, Diff: 7, Sum: 189]
      [Scan RS (ms): Min: 17.3, Avg: 17.5, Max: 17.7, Diff: 0.5, Sum: 140.1]
      [Code Root Scanning (ms): Min: 0.0, Avg: 0.0, Max: 0.0, Diff: 0.0, Sum: 0.0]
      [Object Copy (ms): Min: 142.6, Avg: 142.7, Max: 142.8, Diff: 0.2, Sum: 1141.5]
      [Termination (ms): Min: 0.0, Avg: 0.2, Max: 0.3, Diff: 0.3, Sum: 1.7]
         [Termination Attempts: Min: 1, Avg: 1614.4, Max: 1964, Diff: 1963, Sum: 12915]
      [GC Worker Other (ms): Min: 0.0, Avg: 0.0, Max: 0.1, Diff: 0.0, Sum: 0.3]
      [GC Worker Total (ms): Min: 185.2, Avg: 185.3, Max: 185.4, Diff: 0.2, Sum: 1482.4]
      [GC Worker End (ms): Min: 96542.8, Avg: 96542.8, Max: 96542.9, Diff: 0.0]
   [Code Root Fixup: 0.0 ms]
   [Code Root Purge: 0.0 ms]
   [Clear CT: 0.2 ms]
   [Other: 0.8 ms]
      [Choose CSet: 0.0 ms]
      [Ref Proc: 0.2 ms]
      [Ref Enq: 0.0 ms]
      [Redirty Cards: 0.1 ms]
      [Humongous Register: 0.1 ms]
      [Humongous Reclaim: 0.0 ms]
      [Free CSet: 0.3 ms]
   [Eden: 305.0M(305.0M)->0.0B(296.0M) Survivors: 47.0M->44.0M Heap: 1146.6M(2048.0M)->1148.1M(2048.0M)]
 [Times: user=1.44 sys=0.00, real=0.19 secs] 
2020-09-29T12:31:39.297+0200: 96.556: [GC pause (G1 Humongous Allocation) (young) (initial-mark), 0.0557905 secs]
   [Parallel Time: 54.6 ms, GC Workers: 8]
      [GC Worker Start (ms): Min: 96556.3, Avg: 96556.3, Max: 96556.4, Diff: 0.1]
      [Ext Root Scanning (ms): Min: 0.0, Avg: 0.1, Max: 0.1, Diff: 0.1, Sum: 0.7]
      [Update RS (ms): Min: 32.7, Avg: 32.9, Max: 33.3, Diff: 0.6, Sum: 263.5]
         [Processed Buffers: Min: 35, Avg: 38.6, Max: 41, Diff: 6, Sum: 309]
      [Scan RS (ms): Min: 2.3, Avg: 2.7, Max: 3.1, Diff: 0.8, Sum: 21.4]
      [Code Root Scanning (ms): Min: 0.0, Avg: 0.0, Max: 0.0, Diff: 0.0, Sum: 0.0]
      [Object Copy (ms): Min: 18.5, Avg: 18.7, Max: 18.7, Diff: 0.2, Sum: 149.3]
      [Termination (ms): Min: 0.0, Avg: 0.0, Max: 0.0, Diff: 0.0, Sum: 0.0]
         [Termination Attempts: Min: 1, Avg: 6.5, Max: 13, Diff: 12, Sum: 52]
      [GC Worker Other (ms): Min: 0.0, Avg: 0.0, Max: 0.0, Diff: 0.0, Sum: 0.1]
      [GC Worker Total (ms): Min: 54.3, Avg: 54.4, Max: 54.4, Diff: 0.1, Sum: 435.1]
      [GC Worker End (ms): Min: 96610.7, Avg: 96610.7, Max: 96610.7, Diff: 0.0]
   [Code Root Fixup: 0.0 ms]
   [Code Root Purge: 0.0 ms]
   [Clear CT: 0.2 ms]
   [Other: 1.0 ms]
      [Choose CSet: 0.0 ms]
      [Ref Proc: 0.2 ms]
      [Ref Enq: 0.0 ms]
      [Redirty Cards: 0.4 ms]
      [Humongous Register: 0.1 ms]
      [Humongous Reclaim: 0.0 ms]
      [Free CSet: 0.1 ms]
   [Eden: 3072.0K(296.0M)->0.0B(340.0M) Survivors: 44.0M->5120.0K Heap: 1151.1M(2048.0M)->1154.1M(2048.0M)]
 [Times: user=0.50 sys=0.00, real=0.06 secs] 
2020-09-29T12:31:39.353+0200: 96.612: [GC concurrent-root-region-scan-start]
2020-09-29T12:31:39.355+0200: 96.614: [GC concurrent-root-region-scan-end, 0.0018996 secs]
2020-09-29T12:31:39.355+0200: 96.614: [GC concurrent-mark-start]
2020-09-29T12:31:39.359+0200: 96.618: [GC concurrent-mark-end, 0.0038517 secs]
2020-09-29T12:31:39.359+0200: 96.618: [GC remark 2020-09-29T12:31:39.359+0200: 96.618: [Finalize Marking, 0.0001827 secs] 2020-09-29T12:31:39.359+0200: 96.618: [GC ref-proc, 0.0003828 secs] 2020-09-29T12:31:39.359+0200: 96.619: [Unloading, 0.0005418 secs], 0.0016071 secs]
 [Times: user=0.00 sys=0.00, real=0.00 secs] 
2020-09-29T12:31:39.361+0200: 96.620: [GC cleanup 1167M->27M(2048M), 0.0018481 secs]
 [Times: user=0.00 sys=0.00, real=0.00 secs] 
2020-09-29T12:31:39.363+0200: 96.622: [GC concurrent-cleanup-start]
2020-09-29T12:31:39.366+0200: 96.625: [GC concurrent-cleanup-end, 0.0031550 secs]
2020-09-29T12:31:39.554+0200: 96.813: [GC pause (G1 Evacuation Pause) (young), 0.1976426 secs]
   [Parallel Time: 196.4 ms, GC Workers: 8]
      [GC Worker Start (ms): Min: 96812.9, Avg: 96813.0, Max: 96813.1, Diff: 0.2]
      [Ext Root Scanning (ms): Min: 0.0, Avg: 0.1, Max: 0.2, Diff: 0.2, Sum: 0.5]
      [Update RS (ms): Min: 13.9, Avg: 14.1, Max: 14.6, Diff: 0.7, Sum: 113.2]
         [Processed Buffers: Min: 15, Avg: 16.1, Max: 17, Diff: 2, Sum: 129]
      [Scan RS (ms): Min: 18.0, Avg: 18.5, Max: 18.9, Diff: 0.9, Sum: 147.9]
      [Code Root Scanning (ms): Min: 0.0, Avg: 0.0, Max: 0.0, Diff: 0.0, Sum: 0.0]
      [Object Copy (ms): Min: 162.4, Avg: 162.7, Max: 163.5, Diff: 1.2, Sum: 1301.4]
      [Termination (ms): Min: 0.0, Avg: 0.7, Max: 1.1, Diff: 1.1, Sum: 6.0]
         [Termination Attempts: Min: 1, Avg: 4953.5, Max: 6989, Diff: 6988, Sum: 39628]
      [GC Worker Other (ms): Min: 0.0, Avg: 0.0, Max: 0.1, Diff: 0.0, Sum: 0.3]
      [GC Worker Total (ms): Min: 196.1, Avg: 196.2, Max: 196.2, Diff: 0.2, Sum: 1569.3]
      [GC Worker End (ms): Min: 97009.2, Avg: 97009.2, Max: 97009.2, Diff: 0.0]
   [Code Root Fixup: 0.0 ms]
   [Code Root Purge: 0.0 ms]
   [Clear CT: 0.2 ms]
   [Other: 1.0 ms]
      [Choose CSet: 0.0 ms]
      [Ref Proc: 0.1 ms]
      [Ref Enq: 0.0 ms]
      [Redirty Cards: 0.4 ms]
      [Humongous Register: 0.0 ms]
      [Humongous Reclaim: 0.0 ms]
      [Free CSet: 0.3 ms]
   [Eden: 340.0M(340.0M)->0.0B(285.0M) Survivors: 5120.0K->44.0M Heap: 412.2M(2048.0M)->409.2M(2048.0M)]
 [Times: user=1.39 sys=0.02, real=0.20 secs] 
2020-09-29T12:31:39.914+0200: 97.173: [GC pause (G1 Evacuation Pause) (young), 0.1545302 secs]
   [Parallel Time: 153.5 ms, GC Workers: 8]
      [GC Worker Start (ms): Min: 97173.3, Avg: 97173.5, Max: 97173.5, Diff: 0.2]
      [Ext Root Scanning (ms): Min: 0.0, Avg: 0.1, Max: 0.2, Diff: 0.2, Sum: 0.4]
      [Update RS (ms): Min: 15.7, Avg: 16.0, Max: 16.6, Diff: 0.9, Sum: 128.3]
         [Processed Buffers: Min: 17, Avg: 18.5, Max: 22, Diff: 5, Sum: 148]
      [Scan RS (ms): Min: 15.0, Avg: 15.6, Max: 15.9, Diff: 0.9, Sum: 124.4]
      [Code Root Scanning (ms): Min: 0.0, Avg: 0.0, Max: 0.0, Diff: 0.0, Sum: 0.0]
      [Object Copy (ms): Min: 121.5, Avg: 121.6, Max: 121.6, Diff: 0.1, Sum: 972.5]
      [Termination (ms): Min: 0.0, Avg: 0.0, Max: 0.0, Diff: 0.0, Sum: 0.2]
         [Termination Attempts: Min: 1, Avg: 152.8, Max: 215, Diff: 214, Sum: 1222]
      [GC Worker Other (ms): Min: 0.0, Avg: 0.0, Max: 0.1, Diff: 0.1, Sum: 0.2]
      [GC Worker Total (ms): Min: 153.2, Avg: 153.2, Max: 153.4, Diff: 0.2, Sum: 1226.0]
      [GC Worker End (ms): Min: 97326.7, Avg: 97326.7, Max: 97326.8, Diff: 0.1]
   [Code Root Fixup: 0.0 ms]
   [Code Root Purge: 0.0 ms]
   [Clear CT: 0.1 ms]
   [Other: 0.9 ms]
      [Choose CSet: 0.0 ms]
      [Ref Proc: 0.2 ms]
      [Ref Enq: 0.0 ms]
      [Redirty Cards: 0.2 ms]
      [Humongous Register: 0.0 ms]
      [Humongous Reclaim: 0.0 ms]
      [Free CSet: 0.2 ms]
   [Eden: 285.0M(285.0M)->0.0B(298.0M) Survivors: 44.0M->42.0M Heap: 741.9M(2048.0M)->743.4M(2048.0M)]
 [Times: user=1.25 sys=0.00, real=0.15 secs] 
2020-09-29T12:31:40.226+0200: 97.486: [GC pause (G1 Evacuation Pause) (young), 0.1731841 secs]
   [Parallel Time: 171.8 ms, GC Workers: 8]
      [GC Worker Start (ms): Min: 97485.7, Avg: 97485.7, Max: 97485.8, Diff: 0.1]
      [Ext Root Scanning (ms): Min: 0.0, Avg: 0.1, Max: 0.1, Diff: 0.1, Sum: 0.7]
      [Update RS (ms): Min: 18.3, Avg: 18.5, Max: 18.7, Diff: 0.4, Sum: 147.9]
         [Processed Buffers: Min: 22, Avg: 22.6, Max: 24, Diff: 2, Sum: 181]
      [Scan RS (ms): Min: 14.2, Avg: 14.4, Max: 14.5, Diff: 0.4, Sum: 115.1]
      [Code Root Scanning (ms): Min: 0.0, Avg: 0.0, Max: 0.0, Diff: 0.0, Sum: 0.0]
      [Object Copy (ms): Min: 138.4, Avg: 138.4, Max: 138.7, Diff: 0.3, Sum: 1107.4]
      [Termination (ms): Min: 0.0, Avg: 0.3, Max: 0.3, Diff: 0.3, Sum: 2.0]
         [Termination Attempts: Min: 1, Avg: 1815.3, Max: 2225, Diff: 2224, Sum: 14522]
      [GC Worker Other (ms): Min: 0.0, Avg: 0.0, Max: 0.1, Diff: 0.1, Sum: 0.3]
      [GC Worker Total (ms): Min: 171.6, Avg: 171.7, Max: 171.7, Diff: 0.1, Sum: 1373.4]
      [GC Worker End (ms): Min: 97657.4, Avg: 97657.4, Max: 97657.4, Diff: 0.1]
   [Code Root Fixup: 0.0 ms]
   [Code Root Purge: 0.0 ms]
   [Clear CT: 0.2 ms]
   [Other: 1.2 ms]
      [Choose CSet: 0.0 ms]
      [Ref Proc: 0.1 ms]
      [Ref Enq: 0.0 ms]
      [Redirty Cards: 0.7 ms]
      [Humongous Register: 0.0 ms]
      [Humongous Reclaim: 0.0 ms]
      [Free CSet: 0.2 ms]
   [Eden: 298.0M(298.0M)->0.0B(300.0M) Survivors: 42.0M->43.0M Heap: 1091.0M(2048.0M)->1092.5M(2048.0M)]
 [Times: user=1.36 sys=0.00, real=0.17 secs] 
2020-09-29T12:31:40.410+0200: 97.669: [GC pause (G1 Humongous Allocation) (young) (initial-mark), 0.0590323 secs]
   [Parallel Time: 58.3 ms, GC Workers: 8]
      [GC Worker Start (ms): Min: 97668.9, Avg: 97668.9, Max: 97669.0, Diff: 0.1]
      [Ext Root Scanning (ms): Min: 0.0, Avg: 0.1, Max: 0.2, Diff: 0.2, Sum: 1.0]
      [Update RS (ms): Min: 36.5, Avg: 36.8, Max: 37.2, Diff: 0.6, Sum: 294.2]
         [Processed Buffers: Min: 39, Avg: 42.9, Max: 47, Diff: 8, Sum: 343]
      [Scan RS (ms): Min: 2.2, Avg: 2.5, Max: 2.8, Diff: 0.6, Sum: 20.3]
      [Code Root Scanning (ms): Min: 0.0, Avg: 0.0, Max: 0.0, Diff: 0.0, Sum: 0.0]
      [Object Copy (ms): Min: 18.6, Avg: 18.7, Max: 18.7, Diff: 0.1, Sum: 149.4]
      [Termination (ms): Min: 0.0, Avg: 0.0, Max: 0.0, Diff: 0.0, Sum: 0.0]
         [Termination Attempts: Min: 1, Avg: 31.9, Max: 44, Diff: 43, Sum: 255]
      [GC Worker Other (ms): Min: 0.0, Avg: 0.0, Max: 0.0, Diff: 0.0, Sum: 0.1]
      [GC Worker Total (ms): Min: 58.0, Avg: 58.1, Max: 58.2, Diff: 0.1, Sum: 465.0]
      [GC Worker End (ms): Min: 97727.1, Avg: 97727.1, Max: 97727.1, Diff: 0.0]
   [Code Root Fixup: 0.0 ms]
   [Code Root Purge: 0.0 ms]
   [Clear CT: 0.2 ms]
   [Other: 0.5 ms]
      [Choose CSet: 0.0 ms]
      [Ref Proc: 0.1 ms]
      [Ref Enq: 0.0 ms]
      [Redirty Cards: 0.1 ms]
      [Humongous Register: 0.0 ms]
      [Humongous Reclaim: 0.0 ms]
      [Free CSet: 0.1 ms]
   [Eden: 5120.0K(300.0M)->0.0B(344.0M) Survivors: 43.0M->5120.0K Heap: 1097.0M(2048.0M)->1099.5M(2048.0M)]
 [Times: user=0.48 sys=0.00, real=0.06 secs] 
2020-09-29T12:31:40.469+0200: 97.728: [GC concurrent-root-region-scan-start]
2020-09-29T12:31:40.470+0200: 97.729: [GC concurrent-root-region-scan-end, 0.0009073 secs]
2020-09-29T12:31:40.470+0200: 97.729: [GC concurrent-mark-start]
2020-09-29T12:31:40.472+0200: 97.731: [GC concurrent-mark-end, 0.0026021 secs]
2020-09-29T12:31:40.472+0200: 97.732: [GC remark 2020-09-29T12:31:40.472+0200: 97.732: [Finalize Marking, 0.0001383 secs] 2020-09-29T12:31:40.473+0200: 97.732: [GC ref-proc, 0.0002821 secs] 2020-09-29T12:31:40.473+0200: 97.732: [Unloading, 0.0004140 secs], 0.0011526 secs]
 [Times: user=0.09 sys=0.00, real=0.00 secs] 
2020-09-29T12:31:40.474+0200: 97.733: [GC cleanup 1108M->23M(2048M), 0.0012103 secs]
 [Times: user=0.00 sys=0.00, real=0.00 secs] 
2020-09-29T12:31:40.475+0200: 97.734: [GC concurrent-cleanup-start]
2020-09-29T12:31:40.477+0200: 97.736: [GC concurrent-cleanup-end, 0.0013543 secs]
2020-09-29T12:31:40.652+0200: 97.911: [GC pause (G1 Evacuation Pause) (young), 0.1737672 secs]
   [Parallel Time: 172.7 ms, GC Workers: 8]
      [GC Worker Start (ms): Min: 97911.4, Avg: 97911.5, Max: 97911.6, Diff: 0.2]
      [Ext Root Scanning (ms): Min: 0.0, Avg: 0.1, Max: 0.2, Diff: 0.2, Sum: 0.5]
      [Update RS (ms): Min: 16.9, Avg: 17.0, Max: 17.2, Diff: 0.3, Sum: 135.6]
         [Processed Buffers: Min: 19, Avg: 20.8, Max: 24, Diff: 5, Sum: 166]
      [Scan RS (ms): Min: 16.2, Avg: 16.5, Max: 16.7, Diff: 0.4, Sum: 132.2]
      [Code Root Scanning (ms): Min: 0.0, Avg: 0.0, Max: 0.0, Diff: 0.0, Sum: 0.0]
      [Object Copy (ms): Min: 138.6, Avg: 138.7, Max: 138.9, Diff: 0.4, Sum: 1109.6]
      [Termination (ms): Min: 0.0, Avg: 0.2, Max: 0.2, Diff: 0.2, Sum: 1.4]
         [Termination Attempts: Min: 1, Avg: 1329.4, Max: 1661, Diff: 1660, Sum: 10635]
      [GC Worker Other (ms): Min: 0.0, Avg: 0.0, Max: 0.1, Diff: 0.1, Sum: 0.3]
      [GC Worker Total (ms): Min: 172.4, Avg: 172.5, Max: 172.6, Diff: 0.2, Sum: 1379.7]
      [GC Worker End (ms): Min: 98084.0, Avg: 98084.0, Max: 98084.0, Diff: 0.1]
   [Code Root Fixup: 0.0 ms]
   [Code Root Purge: 0.0 ms]
   [Clear CT: 0.2 ms]
   [Other: 0.9 ms]
      [Choose CSet: 0.0 ms]
      [Ref Proc: 0.2 ms]
      [Ref Enq: 0.0 ms]
      [Redirty Cards: 0.2 ms]
      [Humongous Register: 0.0 ms]
      [Humongous Reclaim: 0.0 ms]
      [Free CSet: 0.3 ms]
   [Eden: 344.0M(344.0M)->0.0B(313.0M) Survivors: 5120.0K->44.0M Heap: 418.1M(2048.0M)->415.1M(2048.0M)]
 [Times: user=1.31 sys=0.03, real=0.17 secs] 
2020-09-29T12:31:41.006+0200: 98.265: [GC pause (G1 Evacuation Pause) (young), 0.1705184 secs]
   [Parallel Time: 169.4 ms, GC Workers: 8]
      [GC Worker Start (ms): Min: 98265.1, Avg: 98265.2, Max: 98265.2, Diff: 0.2]
      [Ext Root Scanning (ms): Min: 0.0, Avg: 0.1, Max: 0.2, Diff: 0.2, Sum: 0.5]
      [Update RS (ms): Min: 18.8, Avg: 18.9, Max: 19.2, Diff: 0.4, Sum: 151.5]
         [Processed Buffers: Min: 21, Avg: 22.3, Max: 23, Diff: 2, Sum: 178]
      [Scan RS (ms): Min: 16.0, Avg: 16.3, Max: 16.5, Diff: 0.5, Sum: 130.5]
      [Code Root Scanning (ms): Min: 0.0, Avg: 0.0, Max: 0.0, Diff: 0.0, Sum: 0.0]
      [Object Copy (ms): Min: 133.7, Avg: 133.8, Max: 133.8, Diff: 0.2, Sum: 1070.0]
      [Termination (ms): Min: 0.0, Avg: 0.1, Max: 0.2, Diff: 0.2, Sum: 1.1]
         [Termination Attempts: Min: 1, Avg: 636.9, Max: 852, Diff: 851, Sum: 5095]
      [GC Worker Other (ms): Min: 0.0, Avg: 0.0, Max: 0.0, Diff: 0.0, Sum: 0.1]
      [GC Worker Total (ms): Min: 169.2, Avg: 169.2, Max: 169.3, Diff: 0.2, Sum: 1353.7]
      [GC Worker End (ms): Min: 98434.4, Avg: 98434.4, Max: 98434.4, Diff: 0.0]
   [Code Root Fixup: 0.0 ms]
   [Code Root Purge: 0.0 ms]
   [Clear CT: 0.2 ms]
   [Other: 0.9 ms]
      [Choose CSet: 0.0 ms]
      [Ref Proc: 0.2 ms]
      [Ref Enq: 0.0 ms]
      [Redirty Cards: 0.2 ms]
      [Humongous Register: 0.0 ms]
      [Humongous Reclaim: 0.0 ms]
      [Free CSet: 0.3 ms]
   [Eden: 313.0M(313.0M)->0.0B(314.0M) Survivors: 44.0M->45.0M Heap: 779.6M(2048.0M)->782.1M(2048.0M)]
 [Times: user=1.25 sys=0.00, real=0.17 secs] 
2020-09-29T12:31:41.348+0200: 98.607: [GC pause (G1 Evacuation Pause) (young), 0.1756598 secs]
   [Parallel Time: 174.3 ms, GC Workers: 8]
      [GC Worker Start (ms): Min: 98607.3, Avg: 98607.4, Max: 98607.4, Diff: 0.2]
      [Ext Root Scanning (ms): Min: 0.0, Avg: 0.1, Max: 0.2, Diff: 0.2, Sum: 0.5]
      [Update RS (ms): Min: 19.5, Avg: 19.8, Max: 20.2, Diff: 0.6, Sum: 158.7]
         [Processed Buffers: Min: 21, Avg: 22.0, Max: 24, Diff: 3, Sum: 176]
      [Scan RS (ms): Min: 15.4, Avg: 15.9, Max: 16.2, Diff: 0.8, Sum: 126.9]
      [Code Root Scanning (ms): Min: 0.0, Avg: 0.0, Max: 0.0, Diff: 0.0, Sum: 0.0]
      [Object Copy (ms): Min: 138.0, Avg: 138.2, Max: 138.4, Diff: 0.4, Sum: 1105.6]
      [Termination (ms): Min: 0.0, Avg: 0.1, Max: 0.2, Diff: 0.2, Sum: 1.2]
         [Termination Attempts: Min: 1, Avg: 1096.9, Max: 1301, Diff: 1300, Sum: 8775]
      [GC Worker Other (ms): Min: 0.0, Avg: 0.0, Max: 0.1, Diff: 0.1, Sum: 0.3]
      [GC Worker Total (ms): Min: 174.1, Avg: 174.1, Max: 174.3, Diff: 0.2, Sum: 1393.2]
      [GC Worker End (ms): Min: 98781.5, Avg: 98781.5, Max: 98781.6, Diff: 0.1]
   [Code Root Fixup: 0.0 ms]
   [Code Root Purge: 0.0 ms]
   [Clear CT: 0.2 ms]
   [Other: 1.1 ms]
      [Choose CSet: 0.0 ms]
      [Ref Proc: 0.3 ms]
      [Ref Enq: 0.0 ms]
      [Redirty Cards: 0.4 ms]
      [Humongous Register: 0.0 ms]
      [Humongous Reclaim: 0.0 ms]
      [Free CSet: 0.2 ms]
   [Eden: 314.0M(314.0M)->0.0B(314.0M) Survivors: 45.0M->45.0M Heap: 1147.6M(2048.0M)->1149.6M(2048.0M)]
 [Times: user=1.42 sys=0.05, real=0.18 secs] 
2020-09-29T12:31:41.528+0200: 98.787: [GC pause (G1 Humongous Allocation) (young) (initial-mark), 0.0730963 secs]
   [Parallel Time: 72.0 ms, GC Workers: 8]
      [GC Worker Start (ms): Min: 98786.9, Avg: 98787.0, Max: 98787.1, Diff: 0.1]
      [Ext Root Scanning (ms): Min: 0.0, Avg: 3.0, Max: 22.1, Diff: 22.1, Sum: 23.7]
      [Update RS (ms): Min: 26.8, Avg: 45.9, Max: 48.9, Diff: 22.2, Sum: 367.4]
         [Processed Buffers: Min: 30, Avg: 54.6, Max: 60, Diff: 30, Sum: 437]
      [Scan RS (ms): Min: 1.0, Avg: 1.2, Max: 1.5, Diff: 0.5, Sum: 9.6]
      [Code Root Scanning (ms): Min: 0.0, Avg: 0.0, Max: 0.0, Diff: 0.0, Sum: 0.0]
      [Object Copy (ms): Min: 21.6, Avg: 21.6, Max: 21.7, Diff: 0.1, Sum: 173.1]
      [Termination (ms): Min: 0.0, Avg: 0.1, Max: 0.1, Diff: 0.1, Sum: 0.5]
         [Termination Attempts: Min: 1, Avg: 451.3, Max: 565, Diff: 564, Sum: 3610]
      [GC Worker Other (ms): Min: 0.0, Avg: 0.0, Max: 0.0, Diff: 0.0, Sum: 0.2]
      [GC Worker Total (ms): Min: 71.7, Avg: 71.8, Max: 71.9, Diff: 0.2, Sum: 574.5]
      [GC Worker End (ms): Min: 98858.8, Avg: 98858.8, Max: 98858.8, Diff: 0.0]
   [Code Root Fixup: 0.0 ms]
   [Code Root Purge: 0.0 ms]
   [Clear CT: 0.2 ms]
   [Other: 0.9 ms]
      [Choose CSet: 0.0 ms]
      [Ref Proc: 0.2 ms]
      [Ref Enq: 0.0 ms]
      [Redirty Cards: 0.4 ms]
      [Humongous Register: 0.0 ms]
      [Humongous Reclaim: 0.0 ms]
      [Free CSet: 0.1 ms]
   [Eden: 2048.0K(314.0M)->0.0B(325.0M) Survivors: 45.0M->3072.0K Heap: 1151.6M(2048.0M)->1154.1M(2048.0M)]
 [Times: user=0.61 sys=0.00, real=0.07 secs] 
2020-09-29T12:31:41.601+0200: 98.860: [GC concurrent-root-region-scan-start]
2020-09-29T12:31:41.602+0200: 98.861: [GC concurrent-root-region-scan-end, 0.0006864 secs]
2020-09-29T12:31:41.602+0200: 98.861: [GC concurrent-mark-start]
2020-09-29T12:31:41.605+0200: 98.864: [GC concurrent-mark-end, 0.0033516 secs]
2020-09-29T12:31:41.605+0200: 98.864: [GC remark 2020-09-29T12:31:41.605+0200: 98.864: [Finalize Marking, 0.0002445 secs] 2020-09-29T12:31:41.606+0200: 98.865: [GC ref-proc, 0.0002831 secs] 2020-09-29T12:31:41.606+0200: 98.865: [Unloading, 0.0004837 secs], 0.0013425 secs]
 [Times: user=0.00 sys=0.00, real=0.00 secs] 
2020-09-29T12:31:41.607+0200: 98.866: [GC cleanup 1162M->20M(2048M), 0.0012427 secs]
 [Times: user=0.00 sys=0.00, real=0.00 secs] 
2020-09-29T12:31:41.608+0200: 98.867: [GC concurrent-cleanup-start]
2020-09-29T12:31:41.610+0200: 98.869: [GC concurrent-cleanup-end, 0.0015384 secs]
2020-09-29T12:31:41.784+0200: 99.043: [GC pause (G1 Evacuation Pause) (young), 0.1627736 secs]
   [Parallel Time: 161.6 ms, GC Workers: 8]
      [GC Worker Start (ms): Min: 99042.9, Avg: 99043.0, Max: 99043.1, Diff: 0.2]
      [Ext Root Scanning (ms): Min: 0.0, Avg: 0.1, Max: 0.2, Diff: 0.2, Sum: 0.5]
      [Update RS (ms): Min: 21.2, Avg: 21.4, Max: 21.9, Diff: 0.7, Sum: 170.9]
         [Processed Buffers: Min: 19, Avg: 21.3, Max: 24, Diff: 5, Sum: 170]
      [Scan RS (ms): Min: 15.2, Avg: 15.6, Max: 15.8, Diff: 0.6, Sum: 124.9]
      [Code Root Scanning (ms): Min: 0.0, Avg: 0.0, Max: 0.0, Diff: 0.0, Sum: 0.0]
      [Object Copy (ms): Min: 124.1, Avg: 124.2, Max: 124.3, Diff: 0.2, Sum: 993.4]
      [Termination (ms): Min: 0.0, Avg: 0.1, Max: 0.1, Diff: 0.1, Sum: 0.4]
         [Termination Attempts: Min: 1, Avg: 377.1, Max: 453, Diff: 452, Sum: 3017]
      [GC Worker Other (ms): Min: 0.0, Avg: 0.0, Max: 0.1, Diff: 0.0, Sum: 0.3]
      [GC Worker Total (ms): Min: 161.2, Avg: 161.3, Max: 161.4, Diff: 0.1, Sum: 1290.5]
      [GC Worker End (ms): Min: 99204.3, Avg: 99204.4, Max: 99204.4, Diff: 0.0]
   [Code Root Fixup: 0.0 ms]
   [Code Root Purge: 0.0 ms]
   [Clear CT: 0.2 ms]
   [Other: 1.0 ms]
      [Choose CSet: 0.0 ms]
      [Ref Proc: 0.2 ms]
      [Ref Enq: 0.0 ms]
      [Redirty Cards: 0.3 ms]
      [Humongous Register: 0.0 ms]
      [Humongous Reclaim: 0.0 ms]
      [Free CSet: 0.2 ms]
   [Eden: 325.0M(325.0M)->0.0B(298.0M) Survivors: 3072.0K->41.0M Heap: 393.3M(2048.0M)->391.8M(2048.0M)]
 [Times: user=1.33 sys=0.00, real=0.16 secs] 
2020-09-29T12:31:42.122+0200: 99.381: [GC pause (G1 Evacuation Pause) (young), 0.1628049 secs]
   [Parallel Time: 161.6 ms, GC Workers: 8]
      [GC Worker Start (ms): Min: 99381.2, Avg: 99381.3, Max: 99381.4, Diff: 0.2]
      [Ext Root Scanning (ms): Min: 0.0, Avg: 0.1, Max: 0.2, Diff: 0.2, Sum: 0.5]
      [Update RS (ms): Min: 16.7, Avg: 16.8, Max: 16.9, Diff: 0.2, Sum: 134.2]
         [Processed Buffers: Min: 18, Avg: 19.6, Max: 21, Diff: 3, Sum: 157]
      [Scan RS (ms): Min: 15.0, Avg: 15.1, Max: 15.3, Diff: 0.3, Sum: 121.0]
      [Code Root Scanning (ms): Min: 0.0, Avg: 0.0, Max: 0.0, Diff: 0.0, Sum: 0.1]
      [Object Copy (ms): Min: 129.0, Avg: 129.2, Max: 129.4, Diff: 0.4, Sum: 1033.3]
      [Termination (ms): Min: 0.0, Avg: 0.1, Max: 0.2, Diff: 0.2, Sum: 1.2]
         [Termination Attempts: Min: 1, Avg: 1084.9, Max: 1317, Diff: 1316, Sum: 8679]
      [GC Worker Other (ms): Min: 0.0, Avg: 0.0, Max: 0.1, Diff: 0.1, Sum: 0.3]
      [GC Worker Total (ms): Min: 161.2, Avg: 161.3, Max: 161.4, Diff: 0.2, Sum: 1290.5]
      [GC Worker End (ms): Min: 99542.6, Avg: 99542.6, Max: 99542.7, Diff: 0.1]
   [Code Root Fixup: 0.0 ms]
   [Code Root Purge: 0.0 ms]
   [Clear CT: 0.2 ms]
   [Other: 1.0 ms]
      [Choose CSet: 0.0 ms]
      [Ref Proc: 0.2 ms]
      [Ref Enq: 0.0 ms]
      [Redirty Cards: 0.3 ms]
      [Humongous Register: 0.0 ms]
      [Humongous Reclaim: 0.0 ms]
      [Free CSet: 0.3 ms]
   [Eden: 298.0M(298.0M)->0.0B(304.0M) Survivors: 41.0M->43.0M Heap: 739.4M(2048.0M)->740.9M(2048.0M)]
 [Times: user=1.25 sys=0.00, real=0.16 secs] 
2020-09-29T12:31:42.453+0200: 99.711: [GC pause (G1 Evacuation Pause) (young), 0.1773634 secs]
   [Parallel Time: 176.2 ms, GC Workers: 8]
      [GC Worker Start (ms): Min: 99711.5, Avg: 99711.6, Max: 99711.6, Diff: 0.1]
      [Ext Root Scanning (ms): Min: 0.0, Avg: 0.1, Max: 0.1, Diff: 0.1, Sum: 0.6]
      [Update RS (ms): Min: 22.6, Avg: 22.9, Max: 23.1, Diff: 0.5, Sum: 183.1]
         [Processed Buffers: Min: 25, Avg: 26.9, Max: 28, Diff: 3, Sum: 215]
      [Scan RS (ms): Min: 12.6, Avg: 13.6, Max: 18.4, Diff: 5.8, Sum: 108.6]
      [Code Root Scanning (ms): Min: 0.0, Avg: 0.0, Max: 0.0, Diff: 0.0, Sum: 0.0]
      [Object Copy (ms): Min: 134.8, Avg: 139.3, Max: 140.0, Diff: 5.2, Sum: 1114.0]
      [Termination (ms): Min: 0.0, Avg: 0.3, Max: 0.3, Diff: 0.3, Sum: 2.1]
         [Termination Attempts: Min: 1, Avg: 1738.9, Max: 2120, Diff: 2119, Sum: 13911]
      [GC Worker Other (ms): Min: 0.0, Avg: 0.0, Max: 0.1, Diff: 0.1, Sum: 0.3]
      [GC Worker Total (ms): Min: 176.0, Avg: 176.1, Max: 176.2, Diff: 0.1, Sum: 1408.7]
      [GC Worker End (ms): Min: 99887.6, Avg: 99887.7, Max: 99887.7, Diff: 0.1]
   [Code Root Fixup: 0.0 ms]
   [Code Root Purge: 0.0 ms]
   [Clear CT: 0.2 ms]
   [Other: 1.0 ms]
      [Choose CSet: 0.0 ms]
      [Ref Proc: 0.1 ms]
      [Ref Enq: 0.0 ms]
      [Redirty Cards: 0.2 ms]
      [Humongous Register: 0.1 ms]
      [Humongous Reclaim: 0.0 ms]
      [Free CSet: 0.3 ms]
   [Eden: 304.0M(304.0M)->0.0B(303.0M) Survivors: 43.0M->44.0M Heap: 1094.5M(2048.0M)->1096.5M(2048.0M)]
 [Times: user=1.36 sys=0.03, real=0.18 secs] 
2020-09-29T12:31:42.646+0200: 99.905: [GC pause (G1 Humongous Allocation) (young) (initial-mark), 0.0536387 secs]
   [Parallel Time: 52.1 ms, GC Workers: 8]
      [GC Worker Start (ms): Min: 99905.5, Avg: 99905.5, Max: 99905.6, Diff: 0.1]
      [Ext Root Scanning (ms): Min: 0.0, Avg: 0.5, Max: 1.8, Diff: 1.8, Sum: 4.4]
      [Update RS (ms): Min: 29.4, Avg: 30.9, Max: 31.7, Diff: 2.3, Sum: 247.1]
         [Processed Buffers: Min: 32, Avg: 34.3, Max: 37, Diff: 5, Sum: 274]
      [Scan RS (ms): Min: 2.3, Avg: 2.7, Max: 2.9, Diff: 0.6, Sum: 21.6]
      [Code Root Scanning (ms): Min: 0.0, Avg: 0.0, Max: 0.0, Diff: 0.0, Sum: 0.0]
      [Object Copy (ms): Min: 17.6, Avg: 17.7, Max: 17.7, Diff: 0.1, Sum: 141.4]
      [Termination (ms): Min: 0.0, Avg: 0.0, Max: 0.0, Diff: 0.0, Sum: 0.1]
         [Termination Attempts: Min: 1, Avg: 65.1, Max: 84, Diff: 83, Sum: 521]
      [GC Worker Other (ms): Min: 0.0, Avg: 0.0, Max: 0.0, Diff: 0.0, Sum: 0.1]
      [GC Worker Total (ms): Min: 51.7, Avg: 51.8, Max: 51.9, Diff: 0.1, Sum: 414.7]
      [GC Worker End (ms): Min: 99957.4, Avg: 99957.4, Max: 99957.4, Diff: 0.0]
   [Code Root Fixup: 0.0 ms]
   [Code Root Purge: 0.0 ms]
   [Clear CT: 0.2 ms]
   [Other: 1.4 ms]
      [Choose CSet: 0.0 ms]
      [Ref Proc: 0.2 ms]
      [Ref Enq: 0.0 ms]
      [Redirty Cards: 0.8 ms]
      [Humongous Register: 0.0 ms]
      [Humongous Reclaim: 0.0 ms]
      [Free CSet: 0.1 ms]
   [Eden: 1024.0K(303.0M)->0.0B(386.0M) Survivors: 44.0M->3072.0K Heap: 1097.0M(2048.0M)->1101.0M(2048.0M)]
 [Times: user=0.38 sys=0.00, real=0.05 secs] 
2020-09-29T12:31:42.700+0200: 99.959: [GC concurrent-root-region-scan-start]
2020-09-29T12:31:42.700+0200: 99.959: [GC concurrent-root-region-scan-end, 0.0001219 secs]
2020-09-29T12:31:42.700+0200: 99.959: [GC concurrent-mark-start]
2020-09-29T12:31:42.705+0200: 99.964: [GC concurrent-mark-end, 0.0043825 secs]
2020-09-29T12:31:42.705+0200: 99.964: [GC remark 2020-09-29T12:31:42.705+0200: 99.964: [Finalize Marking, 0.0001505 secs] 2020-09-29T12:31:42.705+0200: 99.964: [GC ref-proc, 0.0003244 secs] 2020-09-29T12:31:42.706+0200: 99.964: [Unloading, 0.0004493 secs], 0.0012848 secs]
 [Times: user=0.00 sys=0.00, real=0.00 secs] 
2020-09-29T12:31:42.707+0200: 99.966: [GC cleanup 1112M->24M(2048M), 0.0013599 secs]
 [Times: user=0.11 sys=0.00, real=0.00 secs] 
2020-09-29T12:31:42.708+0200: 99.967: [GC concurrent-cleanup-start]
2020-09-29T12:31:42.710+0200: 99.969: [GC concurrent-cleanup-end, 0.0020246 secs]
2020-09-29T12:31:42.903+0200: 100.162: [GC pause (G1 Evacuation Pause) (young), 0.1829060 secs]
   [Parallel Time: 181.7 ms, GC Workers: 8]
      [GC Worker Start (ms): Min: 100161.7, Avg: 100161.9, Max: 100161.9, Diff: 0.2]
      [Ext Root Scanning (ms): Min: 0.0, Avg: 0.1, Max: 0.2, Diff: 0.2, Sum: 0.5]
      [Update RS (ms): Min: 15.8, Avg: 16.0, Max: 16.2, Diff: 0.4, Sum: 127.9]
         [Processed Buffers: Min: 18, Avg: 19.0, Max: 21, Diff: 3, Sum: 152]
      [Scan RS (ms): Min: 20.9, Avg: 21.2, Max: 21.3, Diff: 0.4, Sum: 169.5]
      [Code Root Scanning (ms): Min: 0.0, Avg: 0.0, Max: 0.0, Diff: 0.0, Sum: 0.0]
      [Object Copy (ms): Min: 144.1, Avg: 144.1, Max: 144.2, Diff: 0.1, Sum: 1153.1]
      [Termination (ms): Min: 0.0, Avg: 0.0, Max: 0.0, Diff: 0.0, Sum: 0.0]
         [Termination Attempts: Min: 1, Avg: 27.9, Max: 48, Diff: 47, Sum: 223]
      [GC Worker Other (ms): Min: 0.0, Avg: 0.0, Max: 0.1, Diff: 0.1, Sum: 0.4]
      [GC Worker Total (ms): Min: 181.3, Avg: 181.4, Max: 181.6, Diff: 0.2, Sum: 1451.4]
      [GC Worker End (ms): Min: 100343.3, Avg: 100343.3, Max: 100343.3, Diff: 0.1]
   [Code Root Fixup: 0.0 ms]
   [Code Root Purge: 0.0 ms]
   [Clear CT: 0.2 ms]
   [Other: 1.0 ms]
      [Choose CSet: 0.0 ms]
      [Ref Proc: 0.2 ms]
      [Ref Enq: 0.0 ms]
      [Redirty Cards: 0.2 ms]
      [Humongous Register: 0.0 ms]
      [Humongous Reclaim: 0.0 ms]
      [Free CSet: 0.3 ms]
   [Eden: 386.0M(386.0M)->0.0B(330.0M) Survivors: 3072.0K->49.0M Heap: 463.4M(2048.0M)->463.4M(2048.0M)]
 [Times: user=1.50 sys=0.00, real=0.18 secs] 
2020-09-29T12:31:43.264+0200: 100.523: [GC pause (G1 Evacuation Pause) (young), 0.1766375 secs]
   [Parallel Time: 175.3 ms, GC Workers: 8]
      [GC Worker Start (ms): Min: 100523.1, Avg: 100523.2, Max: 100523.3, Diff: 0.2]
      [Ext Root Scanning (ms): Min: 0.0, Avg: 0.1, Max: 0.1, Diff: 0.1, Sum: 0.4]
      [Update RS (ms): Min: 16.0, Avg: 16.2, Max: 16.8, Diff: 0.8, Sum: 129.7]
         [Processed Buffers: Min: 19, Avg: 19.8, Max: 20, Diff: 1, Sum: 158]
      [Scan RS (ms): Min: 18.0, Avg: 18.6, Max: 19.0, Diff: 1.0, Sum: 148.8]
      [Code Root Scanning (ms): Min: 0.0, Avg: 0.0, Max: 0.0, Diff: 0.0, Sum: 0.0]
      [Object Copy (ms): Min: 139.9, Avg: 140.0, Max: 140.1, Diff: 0.2, Sum: 1120.0]
      [Termination (ms): Min: 0.0, Avg: 0.0, Max: 0.0, Diff: 0.0, Sum: 0.1]
         [Termination Attempts: Min: 1, Avg: 102.5, Max: 123, Diff: 122, Sum: 820]
      [GC Worker Other (ms): Min: 0.0, Avg: 0.1, Max: 0.1, Diff: 0.1, Sum: 0.5]
      [GC Worker Total (ms): Min: 174.9, Avg: 174.9, Max: 175.1, Diff: 0.2, Sum: 1399.6]
      [GC Worker End (ms): Min: 100698.1, Avg: 100698.1, Max: 100698.2, Diff: 0.1]
   [Code Root Fixup: 0.0 ms]
   [Code Root Purge: 0.0 ms]
   [Clear CT: 0.2 ms]
   [Other: 1.1 ms]
      [Choose CSet: 0.0 ms]
      [Ref Proc: 0.2 ms]
      [Ref Enq: 0.0 ms]
      [Redirty Cards: 0.3 ms]
      [Humongous Register: 0.0 ms]
      [Humongous Reclaim: 0.0 ms]
      [Free CSet: 0.3 ms]
   [Eden: 330.0M(330.0M)->0.0B(316.0M) Survivors: 49.0M->48.0M Heap: 848.7M(2048.0M)->850.7M(2048.0M)]
 [Times: user=1.38 sys=0.00, real=0.18 secs] 
2020-09-29T12:31:43.614+0200: 100.873: [GC pause (G1 Evacuation Pause) (young), 0.1747623 secs]
   [Parallel Time: 173.6 ms, GC Workers: 8]
      [GC Worker Start (ms): Min: 100872.7, Avg: 100872.8, Max: 100872.9, Diff: 0.1]
      [Ext Root Scanning (ms): Min: 0.0, Avg: 0.1, Max: 0.2, Diff: 0.1, Sum: 0.6]
      [Update RS (ms): Min: 23.3, Avg: 23.5, Max: 23.8, Diff: 0.5, Sum: 188.0]
         [Processed Buffers: Min: 26, Avg: 27.8, Max: 30, Diff: 4, Sum: 222]
      [Scan RS (ms): Min: 14.1, Avg: 14.5, Max: 14.7, Diff: 0.5, Sum: 116.0]
      [Code Root Scanning (ms): Min: 0.0, Avg: 0.0, Max: 0.0, Diff: 0.0, Sum: 0.0]
      [Object Copy (ms): Min: 135.1, Avg: 135.2, Max: 135.3, Diff: 0.1, Sum: 1081.4]
      [Termination (ms): Min: 0.0, Avg: 0.1, Max: 0.1, Diff: 0.1, Sum: 0.5]
         [Termination Attempts: Min: 1, Avg: 455.8, Max: 558, Diff: 557, Sum: 3646]
      [GC Worker Other (ms): Min: 0.0, Avg: 0.0, Max: 0.1, Diff: 0.1, Sum: 0.3]
      [GC Worker Total (ms): Min: 173.3, Avg: 173.4, Max: 173.5, Diff: 0.2, Sum: 1386.9]
      [GC Worker End (ms): Min: 101046.1, Avg: 101046.2, Max: 101046.2, Diff: 0.1]
   [Code Root Fixup: 0.0 ms]
   [Code Root Purge: 0.0 ms]
   [Clear CT: 0.1 ms]
   [Other: 1.0 ms]
      [Choose CSet: 0.0 ms]
      [Ref Proc: 0.2 ms]
      [Ref Enq: 0.0 ms]
      [Redirty Cards: 0.2 ms]
      [Humongous Register: 0.0 ms]
      [Humongous Reclaim: 0.0 ms]
      [Free CSet: 0.4 ms]
   [Eden: 316.0M(316.0M)->0.0B(306.0M) Survivors: 48.0M->46.0M Heap: 1220.1M(2048.0M)->1221.6M(2048.0M)]
 [Times: user=1.36 sys=0.02, real=0.17 secs] 
2020-09-29T12:31:43.805+0200: 101.064: [GC pause (G1 Humongous Allocation) (young) (initial-mark), 0.0551216 secs]
   [Parallel Time: 54.3 ms, GC Workers: 8]
      [GC Worker Start (ms): Min: 101064.3, Avg: 101064.3, Max: 101064.4, Diff: 0.1]
      [Ext Root Scanning (ms): Min: 0.0, Avg: 0.1, Max: 0.1, Diff: 0.1, Sum: 0.7]
      [Update RS (ms): Min: 29.2, Avg: 29.4, Max: 29.7, Diff: 0.5, Sum: 235.3]
         [Processed Buffers: Min: 33, Avg: 35.4, Max: 38, Diff: 5, Sum: 283]
      [Scan RS (ms): Min: 2.5, Avg: 2.8, Max: 3.0, Diff: 0.5, Sum: 22.6]
      [Code Root Scanning (ms): Min: 0.0, Avg: 0.0, Max: 0.0, Diff: 0.0, Sum: 0.0]
      [Object Copy (ms): Min: 21.7, Avg: 21.8, Max: 21.8, Diff: 0.1, Sum: 174.1]
      [Termination (ms): Min: 0.0, Avg: 0.0, Max: 0.0, Diff: 0.0, Sum: 0.2]
         [Termination Attempts: Min: 1, Avg: 129.8, Max: 162, Diff: 161, Sum: 1038]
      [GC Worker Other (ms): Min: 0.0, Avg: 0.0, Max: 0.0, Diff: 0.0, Sum: 0.2]
      [GC Worker Total (ms): Min: 54.1, Avg: 54.1, Max: 54.2, Diff: 0.1, Sum: 433.0]
      [GC Worker End (ms): Min: 101118.4, Avg: 101118.4, Max: 101118.4, Diff: 0.0]
   [Code Root Fixup: 0.0 ms]
   [Code Root Purge: 0.0 ms]
   [Clear CT: 0.1 ms]
   [Other: 0.7 ms]
      [Choose CSet: 0.0 ms]
      [Ref Proc: 0.1 ms]
      [Ref Enq: 0.0 ms]
      [Redirty Cards: 0.2 ms]
      [Humongous Register: 0.1 ms]
      [Humongous Reclaim: 0.0 ms]
      [Free CSet: 0.1 ms]
   [Eden: 10.0M(306.0M)->0.0B(299.0M) Survivors: 46.0M->12.0M Heap: 1231.6M(2048.0M)->1235.1M(2048.0M)]
 [Times: user=0.38 sys=0.00, real=0.05 secs] 
2020-09-29T12:31:43.861+0200: 101.119: [GC concurrent-root-region-scan-start]
2020-09-29T12:31:43.863+0200: 101.122: [GC concurrent-root-region-scan-end, 0.0027812 secs]
2020-09-29T12:31:43.863+0200: 101.122: [GC concurrent-mark-start]
2020-09-29T12:31:43.867+0200: 101.126: [GC concurrent-mark-end, 0.0037257 secs]
2020-09-29T12:31:43.867+0200: 101.126: [GC remark 2020-09-29T12:31:43.867+0200: 101.126: [Finalize Marking, 0.0002569 secs] 2020-09-29T12:31:43.868+0200: 101.126: [GC ref-proc, 0.0003656 secs] 2020-09-29T12:31:43.868+0200: 101.127: [Unloading, 0.0005261 secs], 0.0015068 secs]
 [Times: user=0.00 sys=0.00, real=0.00 secs] 
2020-09-29T12:31:43.869+0200: 101.128: [GC cleanup 1248M->34M(2048M), 0.0013232 secs]
 [Times: user=0.00 sys=0.00, real=0.00 secs] 
2020-09-29T12:31:43.871+0200: 101.129: [GC concurrent-cleanup-start]
2020-09-29T12:31:43.874+0200: 101.133: [GC concurrent-cleanup-end, 0.0033916 secs]
2020-09-29T12:31:44.042+0200: 101.301: [GC pause (G1 Evacuation Pause) (young), 0.1382403 secs]
   [Parallel Time: 137.1 ms, GC Workers: 8]
      [GC Worker Start (ms): Min: 101301.3, Avg: 101301.3, Max: 101301.4, Diff: 0.1]
      [Ext Root Scanning (ms): Min: 0.0, Avg: 0.1, Max: 0.1, Diff: 0.1, Sum: 0.5]
      [Update RS (ms): Min: 14.2, Avg: 14.3, Max: 14.8, Diff: 0.6, Sum: 114.4]
         [Processed Buffers: Min: 17, Avg: 18.6, Max: 22, Diff: 5, Sum: 149]
      [Scan RS (ms): Min: 12.0, Avg: 12.4, Max: 12.5, Diff: 0.5, Sum: 99.5]
      [Code Root Scanning (ms): Min: 0.0, Avg: 0.0, Max: 0.0, Diff: 0.0, Sum: 0.0]
      [Object Copy (ms): Min: 109.9, Avg: 110.0, Max: 110.1, Diff: 0.1, Sum: 880.1]
      [Termination (ms): Min: 0.0, Avg: 0.0, Max: 0.1, Diff: 0.1, Sum: 0.4]
         [Termination Attempts: Min: 1, Avg: 306.3, Max: 369, Diff: 368, Sum: 2450]
      [GC Worker Other (ms): Min: 0.0, Avg: 0.0, Max: 0.1, Diff: 0.1, Sum: 0.3]
      [GC Worker Total (ms): Min: 136.8, Avg: 136.9, Max: 137.0, Diff: 0.2, Sum: 1095.1]
      [GC Worker End (ms): Min: 101438.2, Avg: 101438.2, Max: 101438.2, Diff: 0.0]
   [Code Root Fixup: 0.0 ms]
   [Code Root Purge: 0.0 ms]
   [Clear CT: 0.2 ms]
   [Other: 1.0 ms]
      [Choose CSet: 0.0 ms]
      [Ref Proc: 0.2 ms]
      [Ref Enq: 0.0 ms]
      [Redirty Cards: 0.2 ms]
      [Humongous Register: 0.0 ms]
      [Humongous Reclaim: 0.0 ms]
      [Free CSet: 0.3 ms]
   [Eden: 299.0M(299.0M)->0.0B(358.0M) Survivors: 12.0M->39.0M Heap: 372.0M(2048.0M)->362.5M(2048.0M)]
 [Times: user=1.13 sys=0.00, real=0.14 secs] 
2020-09-29T12:31:44.386+0200: 101.646: [GC pause (G1 Evacuation Pause) (young), 0.1938477 secs]
   [Parallel Time: 192.6 ms, GC Workers: 8]
      [GC Worker Start (ms): Min: 101646.0, Avg: 101646.1, Max: 101646.2, Diff: 0.2]
      [Ext Root Scanning (ms): Min: 0.0, Avg: 0.1, Max: 0.2, Diff: 0.2, Sum: 0.6]
      [Update RS (ms): Min: 18.4, Avg: 18.6, Max: 18.9, Diff: 0.6, Sum: 148.6]
         [Processed Buffers: Min: 20, Avg: 21.5, Max: 23, Diff: 3, Sum: 172]
      [Scan RS (ms): Min: 22.4, Avg: 22.8, Max: 23.1, Diff: 0.6, Sum: 182.8]
      [Code Root Scanning (ms): Min: 0.0, Avg: 0.0, Max: 0.0, Diff: 0.0, Sum: 0.0]
      [Object Copy (ms): Min: 150.6, Avg: 150.8, Max: 150.9, Diff: 0.2, Sum: 1206.3]
      [Termination (ms): Min: 0.0, Avg: 0.0, Max: 0.0, Diff: 0.0, Sum: 0.3]
         [Termination Attempts: Min: 1, Avg: 217.3, Max: 270, Diff: 269, Sum: 1738]
      [GC Worker Other (ms): Min: 0.0, Avg: 0.0, Max: 0.1, Diff: 0.0, Sum: 0.3]
      [GC Worker Total (ms): Min: 192.3, Avg: 192.4, Max: 192.4, Diff: 0.1, Sum: 1538.8]
      [GC Worker End (ms): Min: 101838.4, Avg: 101838.4, Max: 101838.5, Diff: 0.0]
   [Code Root Fixup: 0.0 ms]
   [Code Root Purge: 0.0 ms]
   [Clear CT: 0.2 ms]
   [Other: 1.1 ms]
      [Choose CSet: 0.0 ms]
      [Ref Proc: 0.2 ms]
      [Ref Enq: 0.0 ms]
      [Redirty Cards: 0.3 ms]
      [Humongous Register: 0.0 ms]
      [Humongous Reclaim: 0.0 ms]
      [Free CSet: 0.4 ms]
   [Eden: 358.0M(358.0M)->0.0B(325.0M) Survivors: 39.0M->50.0M Heap: 779.6M(2048.0M)->782.1M(2048.0M)]
 [Times: user=1.49 sys=0.02, real=0.19 secs] 
2020-09-29T12:31:44.770+0200: 102.030: [GC pause (G1 Evacuation Pause) (young), 0.1972760 secs]
   [Parallel Time: 196.1 ms, GC Workers: 8]
      [GC Worker Start (ms): Min: 102030.1, Avg: 102030.2, Max: 102030.3, Diff: 0.2]
      [Ext Root Scanning (ms): Min: 0.0, Avg: 0.1, Max: 0.2, Diff: 0.2, Sum: 0.5]
      [Update RS (ms): Min: 18.0, Avg: 18.3, Max: 18.6, Diff: 0.6, Sum: 146.4]
         [Processed Buffers: Min: 22, Avg: 22.4, Max: 24, Diff: 2, Sum: 179]
      [Scan RS (ms): Min: 16.5, Avg: 19.3, Max: 36.8, Diff: 20.3, Sum: 154.0]
      [Code Root Scanning (ms): Min: 0.0, Avg: 0.0, Max: 0.0, Diff: 0.0, Sum: 0.0]
      [Object Copy (ms): Min: 140.8, Avg: 157.6, Max: 160.3, Diff: 19.4, Sum: 1261.2]
      [Termination (ms): Min: 0.0, Avg: 0.6, Max: 0.7, Diff: 0.7, Sum: 4.4]
         [Termination Attempts: Min: 1, Avg: 3566.4, Max: 4329, Diff: 4328, Sum: 28531]
      [GC Worker Other (ms): Min: 0.0, Avg: 0.0, Max: 0.1, Diff: 0.1, Sum: 0.4]
      [GC Worker Total (ms): Min: 195.8, Avg: 195.9, Max: 196.0, Diff: 0.2, Sum: 1567.0]
      [GC Worker End (ms): Min: 102226.1, Avg: 102226.1, Max: 102226.2, Diff: 0.1]
   [Code Root Fixup: 0.0 ms]
   [Code Root Purge: 0.0 ms]
   [Clear CT: 0.2 ms]
   [Other: 0.9 ms]
      [Choose CSet: 0.0 ms]
      [Ref Proc: 0.1 ms]
      [Ref Enq: 0.0 ms]
      [Redirty Cards: 0.3 ms]
      [Humongous Register: 0.0 ms]
      [Humongous Reclaim: 0.0 ms]
      [Free CSet: 0.3 ms]
   [Eden: 325.0M(325.0M)->0.0B(304.0M) Survivors: 50.0M->47.0M Heap: 1160.5M(2048.0M)->1162.5M(2048.0M)]
 [Times: user=1.47 sys=0.00, real=0.20 secs] 
2020-09-29T12:31:44.977+0200: 102.236: [GC pause (G1 Humongous Allocation) (young) (initial-mark), 0.0637017 secs]
   [Parallel Time: 62.8 ms, GC Workers: 8]
      [GC Worker Start (ms): Min: 102236.4, Avg: 102236.5, Max: 102236.6, Diff: 0.1]
      [Ext Root Scanning (ms): Min: 0.0, Avg: 0.1, Max: 0.2, Diff: 0.2, Sum: 1.0]
      [Update RS (ms): Min: 40.7, Avg: 40.8, Max: 40.9, Diff: 0.2, Sum: 326.6]
         [Processed Buffers: Min: 44, Avg: 47.9, Max: 50, Diff: 6, Sum: 383]
      [Scan RS (ms): Min: 2.7, Avg: 2.8, Max: 2.9, Diff: 0.2, Sum: 22.2]
      [Code Root Scanning (ms): Min: 0.0, Avg: 0.0, Max: 0.0, Diff: 0.0, Sum: 0.0]
      [Object Copy (ms): Min: 18.9, Avg: 19.0, Max: 19.0, Diff: 0.1, Sum: 151.8]
      [Termination (ms): Min: 0.0, Avg: 0.0, Max: 0.0, Diff: 0.0, Sum: 0.0]
         [Termination Attempts: Min: 1, Avg: 2.3, Max: 5, Diff: 4, Sum: 18]
      [GC Worker Other (ms): Min: 0.0, Avg: 0.0, Max: 0.0, Diff: 0.0, Sum: 0.1]
      [GC Worker Total (ms): Min: 62.6, Avg: 62.7, Max: 62.8, Diff: 0.1, Sum: 501.9]
      [GC Worker End (ms): Min: 102299.2, Avg: 102299.2, Max: 102299.2, Diff: 0.0]
   [Code Root Fixup: 0.0 ms]
   [Code Root Purge: 0.0 ms]
   [Clear CT: 0.1 ms]
   [Other: 0.7 ms]
      [Choose CSet: 0.0 ms]
      [Ref Proc: 0.1 ms]
      [Ref Enq: 0.0 ms]
      [Redirty Cards: 0.2 ms]
      [Humongous Register: 0.1 ms]
      [Humongous Reclaim: 0.0 ms]
      [Free CSet: 0.1 ms]
   [Eden: 3072.0K(304.0M)->0.0B(333.0M) Survivors: 47.0M->5120.0K Heap: 1165.0M(2048.0M)->1168.5M(2048.0M)]
 [Times: user=0.50 sys=0.00, real=0.06 secs] 
2020-09-29T12:31:45.040+0200: 102.300: [GC concurrent-root-region-scan-start]
2020-09-29T12:31:45.041+0200: 102.301: [GC concurrent-root-region-scan-end, 0.0009442 secs]
2020-09-29T12:31:45.041+0200: 102.301: [GC concurrent-mark-start]
2020-09-29T12:31:45.045+0200: 102.305: [GC concurrent-mark-end, 0.0038063 secs]
2020-09-29T12:31:45.046+0200: 102.305: [GC remark 2020-09-29T12:31:45.046+0200: 102.305: [Finalize Marking, 0.0002036 secs] 2020-09-29T12:31:45.046+0200: 102.305: [GC ref-proc, 0.0002845 secs] 2020-09-29T12:31:45.046+0200: 102.306: [Unloading, 0.0004550 secs], 0.0012799 secs]
 [Times: user=0.00 sys=0.00, real=0.00 secs] 
2020-09-29T12:31:45.047+0200: 102.307: [GC cleanup 1179M->25M(2048M), 0.0012754 secs]
 [Times: user=0.00 sys=0.00, real=0.00 secs] 
2020-09-29T12:31:45.049+0200: 102.308: [GC concurrent-cleanup-start]
2020-09-29T12:31:45.050+0200: 102.310: [GC concurrent-cleanup-end, 0.0018335 secs]
2020-09-29T12:31:45.232+0200: 102.492: [GC pause (G1 Evacuation Pause) (young), 0.1614707 secs]
   [Parallel Time: 159.5 ms, GC Workers: 8]
      [GC Worker Start (ms): Min: 102491.8, Avg: 102491.9, Max: 102492.0, Diff: 0.2]
      [Ext Root Scanning (ms): Min: 0.0, Avg: 0.1, Max: 0.2, Diff: 0.2, Sum: 0.5]
      [Update RS (ms): Min: 19.0, Avg: 19.1, Max: 19.6, Diff: 0.6, Sum: 153.1]
         [Processed Buffers: Min: 19, Avg: 21.1, Max: 24, Diff: 5, Sum: 169]
      [Scan RS (ms): Min: 15.8, Avg: 16.2, Max: 16.5, Diff: 0.7, Sum: 129.8]
      [Code Root Scanning (ms): Min: 0.0, Avg: 0.0, Max: 0.0, Diff: 0.0, Sum: 0.0]
      [Object Copy (ms): Min: 123.5, Avg: 123.7, Max: 123.8, Diff: 0.3, Sum: 989.5]
      [Termination (ms): Min: 0.0, Avg: 0.0, Max: 0.1, Diff: 0.1, Sum: 0.4]
         [Termination Attempts: Min: 1, Avg: 291.9, Max: 381, Diff: 380, Sum: 2335]
      [GC Worker Other (ms): Min: 0.0, Avg: 0.0, Max: 0.1, Diff: 0.1, Sum: 0.3]
      [GC Worker Total (ms): Min: 159.1, Avg: 159.2, Max: 159.3, Diff: 0.2, Sum: 1273.6]
      [GC Worker End (ms): Min: 102651.1, Avg: 102651.1, Max: 102651.2, Diff: 0.1]
   [Code Root Fixup: 0.0 ms]
   [Code Root Purge: 0.0 ms]
   [Clear CT: 0.5 ms]
   [Other: 1.5 ms]
      [Choose CSet: 0.0 ms]
      [Ref Proc: 0.2 ms]
      [Ref Enq: 0.0 ms]
      [Redirty Cards: 0.7 ms]
      [Humongous Register: 0.0 ms]
      [Humongous Reclaim: 0.0 ms]
      [Free CSet: 0.3 ms]
   [Eden: 333.0M(333.0M)->0.0B(323.0M) Survivors: 5120.0K->43.0M Heap: 404.7M(2048.0M)->402.7M(2048.0M)]
 [Times: user=1.25 sys=0.00, real=0.16 secs] 
2020-09-29T12:31:45.569+0200: 102.829: [GC pause (G1 Evacuation Pause) (young), 0.1734532 secs]
   [Parallel Time: 172.2 ms, GC Workers: 8]
      [GC Worker Start (ms): Min: 102828.6, Avg: 102828.8, Max: 102828.8, Diff: 0.2]
      [Ext Root Scanning (ms): Min: 0.0, Avg: 0.1, Max: 0.2, Diff: 0.2, Sum: 0.4]
      [Update RS (ms): Min: 19.5, Avg: 19.7, Max: 20.2, Diff: 0.7, Sum: 157.2]
         [Processed Buffers: Min: 23, Avg: 24.8, Max: 27, Diff: 4, Sum: 198]
      [Scan RS (ms): Min: 15.3, Avg: 15.8, Max: 16.0, Diff: 0.7, Sum: 126.1]
      [Code Root Scanning (ms): Min: 0.0, Avg: 0.0, Max: 0.0, Diff: 0.0, Sum: 0.0]
      [Object Copy (ms): Min: 136.3, Avg: 136.4, Max: 136.6, Diff: 0.3, Sum: 1091.1]
      [Termination (ms): Min: 0.0, Avg: 0.1, Max: 0.1, Diff: 0.1, Sum: 0.8]
         [Termination Attempts: Min: 1, Avg: 684.5, Max: 826, Diff: 825, Sum: 5476]
      [GC Worker Other (ms): Min: 0.0, Avg: 0.0, Max: 0.1, Diff: 0.1, Sum: 0.3]
      [GC Worker Total (ms): Min: 171.9, Avg: 172.0, Max: 172.1, Diff: 0.2, Sum: 1376.0]
      [GC Worker End (ms): Min: 103000.7, Avg: 103000.7, Max: 103000.8, Diff: 0.0]
   [Code Root Fixup: 0.0 ms]
   [Code Root Purge: 0.0 ms]
   [Clear CT: 0.2 ms]
   [Other: 1.1 ms]
      [Choose CSet: 0.0 ms]
      [Ref Proc: 0.2 ms]
      [Ref Enq: 0.0 ms]
      [Redirty Cards: 0.3 ms]
      [Humongous Register: 0.0 ms]
      [Humongous Reclaim: 0.0 ms]
      [Free CSet: 0.3 ms]
   [Eden: 323.0M(323.0M)->0.0B(321.0M) Survivors: 43.0M->46.0M Heap: 779.1M(2048.0M)->781.1M(2048.0M)]
 [Times: user=1.38 sys=0.00, real=0.17 secs] 
2020-09-29T12:31:45.914+0200: 103.174: [GC pause (G1 Evacuation Pause) (young), 0.1720345 secs]
   [Parallel Time: 170.7 ms, GC Workers: 8]
      [GC Worker Start (ms): Min: 103174.1, Avg: 103174.2, Max: 103174.2, Diff: 0.2]
      [Ext Root Scanning (ms): Min: 0.0, Avg: 0.1, Max: 0.2, Diff: 0.2, Sum: 0.6]
      [Update RS (ms): Min: 19.1, Avg: 19.2, Max: 19.4, Diff: 0.3, Sum: 153.4]
         [Processed Buffers: Min: 21, Avg: 23.0, Max: 25, Diff: 4, Sum: 184]
      [Scan RS (ms): Min: 17.0, Avg: 17.3, Max: 17.5, Diff: 0.5, Sum: 138.5]
      [Code Root Scanning (ms): Min: 0.0, Avg: 0.0, Max: 0.0, Diff: 0.0, Sum: 0.0]
      [Object Copy (ms): Min: 133.8, Avg: 134.0, Max: 134.1, Diff: 0.3, Sum: 1071.7]
      [Termination (ms): Min: 0.0, Avg: 0.0, Max: 0.0, Diff: 0.0, Sum: 0.1]
         [Termination Attempts: Min: 1, Avg: 43.3, Max: 63, Diff: 62, Sum: 346]
      [GC Worker Other (ms): Min: 0.0, Avg: 0.0, Max: 0.1, Diff: 0.0, Sum: 0.3]
      [GC Worker Total (ms): Min: 170.5, Avg: 170.6, Max: 170.7, Diff: 0.2, Sum: 1364.6]
      [GC Worker End (ms): Min: 103344.7, Avg: 103344.7, Max: 103344.8, Diff: 0.0]
   [Code Root Fixup: 0.0 ms]
   [Code Root Purge: 0.0 ms]
   [Clear CT: 0.4 ms]
   [Other: 0.9 ms]
      [Choose CSet: 0.0 ms]
      [Ref Proc: 0.2 ms]
      [Ref Enq: 0.0 ms]
      [Redirty Cards: 0.2 ms]
      [Humongous Register: 0.0 ms]
      [Humongous Reclaim: 0.0 ms]
      [Free CSet: 0.3 ms]
   [Eden: 321.0M(321.0M)->0.0B(323.0M) Survivors: 46.0M->46.0M Heap: 1155.5M(2048.0M)->1157.5M(2048.0M)]
 [Times: user=1.38 sys=0.00, real=0.17 secs] 
2020-09-29T12:31:46.090+0200: 103.350: [GC pause (G1 Humongous Allocation) (young) (initial-mark), 0.0779421 secs]
   [Parallel Time: 77.1 ms, GC Workers: 8]
      [GC Worker Start (ms): Min: 103350.2, Avg: 103350.2, Max: 103350.3, Diff: 0.2]
      [Ext Root Scanning (ms): Min: 0.0, Avg: 2.8, Max: 21.0, Diff: 21.0, Sum: 22.1]
      [Update RS (ms): Min: 30.6, Avg: 48.9, Max: 51.7, Diff: 21.1, Sum: 391.4]
         [Processed Buffers: Min: 39, Avg: 57.5, Max: 63, Diff: 24, Sum: 460]
      [Scan RS (ms): Min: 0.8, Avg: 1.0, Max: 1.2, Diff: 0.5, Sum: 7.7]
      [Code Root Scanning (ms): Min: 0.0, Avg: 0.0, Max: 0.0, Diff: 0.0, Sum: 0.0]
      [Object Copy (ms): Min: 24.2, Avg: 24.2, Max: 24.3, Diff: 0.1, Sum: 193.8]
      [Termination (ms): Min: 0.0, Avg: 0.0, Max: 0.0, Diff: 0.0, Sum: 0.1]
         [Termination Attempts: Min: 1, Avg: 66.0, Max: 86, Diff: 85, Sum: 528]
      [GC Worker Other (ms): Min: 0.0, Avg: 0.0, Max: 0.0, Diff: 0.0, Sum: 0.1]
      [GC Worker Total (ms): Min: 76.8, Avg: 76.9, Max: 77.0, Diff: 0.1, Sum: 615.2]
      [GC Worker End (ms): Min: 103427.1, Avg: 103427.1, Max: 103427.1, Diff: 0.0]
   [Code Root Fixup: 0.0 ms]
   [Code Root Purge: 0.0 ms]
   [Clear CT: 0.2 ms]
   [Other: 0.7 ms]
      [Choose CSet: 0.0 ms]
      [Ref Proc: 0.2 ms]
      [Ref Enq: 0.0 ms]
      [Redirty Cards: 0.2 ms]
      [Humongous Register: 0.0 ms]
      [Humongous Reclaim: 0.0 ms]
      [Free CSet: 0.1 ms]
   [Eden: 8192.0K(323.0M)->0.0B(328.0M) Survivors: 46.0M->10.0M Heap: 1165.0M(2048.0M)->1169.5M(2048.0M)]
 [Times: user=0.59 sys=0.00, real=0.08 secs] 
2020-09-29T12:31:46.168+0200: 103.428: [GC concurrent-root-region-scan-start]
2020-09-29T12:31:46.171+0200: 103.430: [GC concurrent-root-region-scan-end, 0.0022441 secs]
2020-09-29T12:31:46.171+0200: 103.430: [GC concurrent-mark-start]
2020-09-29T12:31:46.174+0200: 103.434: [GC concurrent-mark-end, 0.0031726 secs]
2020-09-29T12:31:46.174+0200: 103.434: [GC remark 2020-09-29T12:31:46.174+0200: 103.434: [Finalize Marking, 0.0002497 secs] 2020-09-29T12:31:46.174+0200: 103.434: [GC ref-proc, 0.0002919 secs] 2020-09-29T12:31:46.175+0200: 103.434: [Unloading, 0.0004204 secs], 0.0012510 secs]
 [Times: user=0.00 sys=0.00, real=0.00 secs] 
2020-09-29T12:31:46.176+0200: 103.435: [GC cleanup 1182M->32M(2048M), 0.0010779 secs]
 [Times: user=0.00 sys=0.00, real=0.00 secs] 
2020-09-29T12:31:46.177+0200: 103.436: [GC concurrent-cleanup-start]
2020-09-29T12:31:46.179+0200: 103.438: [GC concurrent-cleanup-end, 0.0017751 secs]
2020-09-29T12:31:46.346+0200: 103.606: [GC pause (G1 Evacuation Pause) (young), 0.1567758 secs]
   [Parallel Time: 155.6 ms, GC Workers: 8]
      [GC Worker Start (ms): Min: 103605.8, Avg: 103605.9, Max: 103606.0, Diff: 0.2]
      [Ext Root Scanning (ms): Min: 0.0, Avg: 0.1, Max: 0.2, Diff: 0.1, Sum: 0.5]
      [Update RS (ms): Min: 20.0, Avg: 20.2, Max: 20.5, Diff: 0.5, Sum: 161.5]
         [Processed Buffers: Min: 24, Avg: 24.5, Max: 26, Diff: 2, Sum: 196]
      [Scan RS (ms): Min: 11.8, Avg: 12.1, Max: 12.4, Diff: 0.5, Sum: 97.1]
      [Code Root Scanning (ms): Min: 0.0, Avg: 0.0, Max: 0.0, Diff: 0.0, Sum: 0.0]
      [Object Copy (ms): Min: 122.9, Avg: 122.9, Max: 123.0, Diff: 0.1, Sum: 983.6]
      [Termination (ms): Min: 0.0, Avg: 0.1, Max: 0.1, Diff: 0.1, Sum: 0.7]
         [Termination Attempts: Min: 1, Avg: 596.4, Max: 747, Diff: 746, Sum: 4771]
      [GC Worker Other (ms): Min: 0.0, Avg: 0.0, Max: 0.1, Diff: 0.1, Sum: 0.3]
      [GC Worker Total (ms): Min: 155.4, Avg: 155.5, Max: 155.6, Diff: 0.2, Sum: 1243.7]
      [GC Worker End (ms): Min: 103761.3, Avg: 103761.4, Max: 103761.4, Diff: 0.1]
   [Code Root Fixup: 0.0 ms]
   [Code Root Purge: 0.0 ms]
   [Clear CT: 0.2 ms]
   [Other: 0.9 ms]
      [Choose CSet: 0.0 ms]
      [Ref Proc: 0.2 ms]
      [Ref Enq: 0.0 ms]
      [Redirty Cards: 0.2 ms]
      [Humongous Register: 0.0 ms]
      [Humongous Reclaim: 0.0 ms]
      [Free CSet: 0.2 ms]
   [Eden: 328.0M(328.0M)->0.0B(317.0M) Survivors: 10.0M->43.0M Heap: 402.8M(2048.0M)->394.8M(2048.0M)]
 [Times: user=1.23 sys=0.02, real=0.16 secs] 
2020-09-29T12:31:46.684+0200: 103.943: [GC pause (G1 Evacuation Pause) (young), 0.1705177 secs]
   [Parallel Time: 169.2 ms, GC Workers: 8]
      [GC Worker Start (ms): Min: 103943.6, Avg: 103943.6, Max: 103943.7, Diff: 0.1]
      [Ext Root Scanning (ms): Min: 0.0, Avg: 0.1, Max: 0.1, Diff: 0.1, Sum: 0.6]
      [Update RS (ms): Min: 17.5, Avg: 17.7, Max: 18.6, Diff: 1.1, Sum: 141.6]
         [Processed Buffers: Min: 20, Avg: 21.6, Max: 24, Diff: 4, Sum: 173]
      [Scan RS (ms): Min: 15.9, Avg: 16.9, Max: 17.2, Diff: 1.3, Sum: 134.9]
      [Code Root Scanning (ms): Min: 0.0, Avg: 0.0, Max: 0.0, Diff: 0.0, Sum: 0.0]
      [Object Copy (ms): Min: 134.2, Avg: 134.4, Max: 134.5, Diff: 0.2, Sum: 1075.0]
      [Termination (ms): Min: 0.0, Avg: 0.0, Max: 0.0, Diff: 0.0, Sum: 0.1]
         [Termination Attempts: Min: 1, Avg: 87.0, Max: 111, Diff: 110, Sum: 696]
      [GC Worker Other (ms): Min: 0.0, Avg: 0.0, Max: 0.1, Diff: 0.0, Sum: 0.2]
      [GC Worker Total (ms): Min: 169.0, Avg: 169.1, Max: 169.1, Diff: 0.2, Sum: 1352.4]
      [GC Worker End (ms): Min: 104112.7, Avg: 104112.7, Max: 104112.7, Diff: 0.0]
   [Code Root Fixup: 0.0 ms]
   [Code Root Purge: 0.0 ms]
   [Clear CT: 0.2 ms]
   [Other: 1.1 ms]
      [Choose CSet: 0.0 ms]
      [Ref Proc: 0.2 ms]
      [Ref Enq: 0.0 ms]
      [Redirty Cards: 0.3 ms]
      [Humongous Register: 0.0 ms]
      [Humongous Reclaim: 0.0 ms]
      [Free CSet: 0.4 ms]
   [Eden: 317.0M(317.0M)->0.0B(316.0M) Survivors: 43.0M->45.0M Heap: 765.2M(2048.0M)->767.7M(2048.0M)]
 [Times: user=1.36 sys=0.00, real=0.17 secs] 
2020-09-29T12:31:47.035+0200: 104.294: [GC pause (G1 Evacuation Pause) (young), 0.1715544 secs]
   [Parallel Time: 170.5 ms, GC Workers: 8]
      [GC Worker Start (ms): Min: 104294.2, Avg: 104294.3, Max: 104294.4, Diff: 0.2]
      [Ext Root Scanning (ms): Min: 0.0, Avg: 0.1, Max: 0.2, Diff: 0.2, Sum: 0.5]
      [Update RS (ms): Min: 20.0, Avg: 20.3, Max: 20.6, Diff: 0.6, Sum: 162.7]
         [Processed Buffers: Min: 24, Avg: 24.1, Max: 25, Diff: 1, Sum: 193]
      [Scan RS (ms): Min: 14.9, Avg: 15.2, Max: 15.6, Diff: 0.7, Sum: 121.9]
      [Code Root Scanning (ms): Min: 0.0, Avg: 0.0, Max: 0.0, Diff: 0.0, Sum: 0.0]
      [Object Copy (ms): Min: 134.3, Avg: 134.5, Max: 134.7, Diff: 0.4, Sum: 1075.7]
      [Termination (ms): Min: 0.0, Avg: 0.1, Max: 0.1, Diff: 0.1, Sum: 0.7]
         [Termination Attempts: Min: 1, Avg: 630.5, Max: 765, Diff: 764, Sum: 5044]
      [GC Worker Other (ms): Min: 0.0, Avg: 0.0, Max: 0.1, Diff: 0.1, Sum: 0.3]
      [GC Worker Total (ms): Min: 170.2, Avg: 170.2, Max: 170.3, Diff: 0.2, Sum: 1362.0]
      [GC Worker End (ms): Min: 104464.5, Avg: 104464.6, Max: 104464.6, Diff: 0.1]
   [Code Root Fixup: 0.0 ms]
   [Code Root Purge: 0.0 ms]
   [Clear CT: 0.2 ms]
   [Other: 0.9 ms]
      [Choose CSet: 0.0 ms]
      [Ref Proc: 0.2 ms]
      [Ref Enq: 0.0 ms]
      [Redirty Cards: 0.2 ms]
      [Humongous Register: 0.0 ms]
      [Humongous Reclaim: 0.0 ms]
      [Free CSet: 0.3 ms]
   [Eden: 316.0M(316.0M)->0.0B(318.0M) Survivors: 45.0M->46.0M Heap: 1135.2M(2048.0M)->1136.7M(2048.0M)]
 [Times: user=1.38 sys=0.00, real=0.17 secs] 
2020-09-29T12:31:47.207+0200: 104.466: [GC pause (G1 Humongous Allocation) (young) (initial-mark), 0.0733314 secs]
   [Parallel Time: 72.5 ms, GC Workers: 8]
      [GC Worker Start (ms): Min: 104466.2, Avg: 104466.2, Max: 104466.3, Diff: 0.2]
      [Ext Root Scanning (ms): Min: 0.0, Avg: 0.2, Max: 0.2, Diff: 0.2, Sum: 1.3]
      [Update RS (ms): Min: 50.3, Avg: 50.6, Max: 50.9, Diff: 0.6, Sum: 404.8]
         [Processed Buffers: Min: 55, Avg: 61.0, Max: 63, Diff: 8, Sum: 488]
      [Scan RS (ms): Min: 0.0, Avg: 0.0, Max: 0.0, Diff: 0.0, Sum: 0.0]
      [Code Root Scanning (ms): Min: 0.0, Avg: 0.0, Max: 0.0, Diff: 0.0, Sum: 0.0]
      [Object Copy (ms): Min: 21.3, Avg: 21.6, Max: 21.8, Diff: 0.5, Sum: 172.4]
      [Termination (ms): Min: 0.0, Avg: 0.0, Max: 0.0, Diff: 0.0, Sum: 0.1]
         [Termination Attempts: Min: 1, Avg: 95.8, Max: 124, Diff: 123, Sum: 766]
      [GC Worker Other (ms): Min: 0.0, Avg: 0.0, Max: 0.0, Diff: 0.0, Sum: 0.1]
      [GC Worker Total (ms): Min: 72.2, Avg: 72.3, Max: 72.4, Diff: 0.2, Sum: 578.7]
      [GC Worker End (ms): Min: 104538.6, Avg: 104538.6, Max: 104538.6, Diff: 0.0]
   [Code Root Fixup: 0.0 ms]
   [Code Root Purge: 0.0 ms]
   [Clear CT: 0.2 ms]
   [Other: 0.6 ms]
      [Choose CSet: 0.0 ms]
      [Ref Proc: 0.2 ms]
      [Ref Enq: 0.0 ms]
      [Redirty Cards: 0.2 ms]
      [Humongous Register: 0.0 ms]
      [Humongous Reclaim: 0.0 ms]
      [Free CSet: 0.1 ms]
   [Eden: 1024.0K(318.0M)->0.0B(352.0M) Survivors: 46.0M->2048.0K Heap: 1137.2M(2048.0M)->1140.2M(2048.0M)]
 [Times: user=0.63 sys=0.00, real=0.07 secs] 
2020-09-29T12:31:47.280+0200: 104.539: [GC concurrent-root-region-scan-start]
2020-09-29T12:31:47.280+0200: 104.540: [GC concurrent-root-region-scan-end, 0.0002057 secs]
2020-09-29T12:31:47.280+0200: 104.540: [GC concurrent-mark-start]
2020-09-29T12:31:47.283+0200: 104.543: [GC concurrent-mark-end, 0.0030763 secs]
2020-09-29T12:31:47.284+0200: 104.543: [GC remark 2020-09-29T12:31:47.284+0200: 104.543: [Finalize Marking, 0.0002223 secs] 2020-09-29T12:31:47.284+0200: 104.543: [GC ref-proc, 0.0002848 secs] 2020-09-29T12:31:47.284+0200: 104.544: [Unloading, 0.0004419 secs], 0.0013107 secs]
 [Times: user=0.00 sys=0.00, real=0.00 secs] 
2020-09-29T12:31:47.285+0200: 104.545: [GC cleanup 1149M->20M(2048M), 0.0012533 secs]
 [Times: user=0.09 sys=0.01, real=0.00 secs] 
2020-09-29T12:31:47.287+0200: 104.546: [GC concurrent-cleanup-start]
2020-09-29T12:31:47.288+0200: 104.548: [GC concurrent-cleanup-end, 0.0015411 secs]
2020-09-29T12:31:47.473+0200: 104.732: [GC pause (G1 Evacuation Pause) (young), 0.1739022 secs]
   [Parallel Time: 172.5 ms, GC Workers: 8]
      [GC Worker Start (ms): Min: 104732.0, Avg: 104732.1, Max: 104732.1, Diff: 0.2]
      [Ext Root Scanning (ms): Min: 0.0, Avg: 0.1, Max: 0.2, Diff: 0.2, Sum: 0.5]
      [Update RS (ms): Min: 13.9, Avg: 14.0, Max: 14.4, Diff: 0.5, Sum: 112.1]
         [Processed Buffers: Min: 16, Avg: 16.9, Max: 19, Diff: 3, Sum: 135]
      [Scan RS (ms): Min: 18.3, Avg: 18.6, Max: 18.8, Diff: 0.5, Sum: 149.0]
      [Code Root Scanning (ms): Min: 0.0, Avg: 0.0, Max: 0.0, Diff: 0.0, Sum: 0.0]
      [Object Copy (ms): Min: 139.4, Avg: 139.4, Max: 139.5, Diff: 0.1, Sum: 1115.6]
      [Termination (ms): Min: 0.0, Avg: 0.0, Max: 0.1, Diff: 0.1, Sum: 0.4]
         [Termination Attempts: Min: 1, Avg: 357.0, Max: 441, Diff: 440, Sum: 2856]
      [GC Worker Other (ms): Min: 0.0, Avg: 0.0, Max: 0.1, Diff: 0.1, Sum: 0.4]
      [GC Worker Total (ms): Min: 172.2, Avg: 172.2, Max: 172.4, Diff: 0.2, Sum: 1378.0]
      [GC Worker End (ms): Min: 104904.3, Avg: 104904.3, Max: 104904.4, Diff: 0.1]
   [Code Root Fixup: 0.0 ms]
   [Code Root Purge: 0.0 ms]
   [Clear CT: 0.2 ms]
   [Other: 1.2 ms]
      [Choose CSet: 0.0 ms]
      [Ref Proc: 0.2 ms]
      [Ref Enq: 0.0 ms]
      [Redirty Cards: 0.3 ms]
      [Humongous Register: 0.0 ms]
      [Humongous Reclaim: 0.0 ms]
      [Free CSet: 0.3 ms]
   [Eden: 352.0M(352.0M)->0.0B(303.0M) Survivors: 2048.0K->45.0M Heap: 422.6M(2048.0M)->423.1M(2048.0M)]
 [Times: user=1.31 sys=0.08, real=0.17 secs] 
2020-09-29T12:31:47.817+0200: 105.076: [GC pause (G1 Evacuation Pause) (young), 0.1715339 secs]
   [Parallel Time: 170.3 ms, GC Workers: 8]
      [GC Worker Start (ms): Min: 105076.5, Avg: 105076.6, Max: 105076.7, Diff: 0.1]
      [Ext Root Scanning (ms): Min: 0.0, Avg: 0.1, Max: 0.1, Diff: 0.1, Sum: 0.6]
      [Update RS (ms): Min: 22.9, Avg: 23.1, Max: 23.7, Diff: 0.8, Sum: 184.8]
         [Processed Buffers: Min: 25, Avg: 26.4, Max: 29, Diff: 4, Sum: 211]
      [Scan RS (ms): Min: 14.4, Avg: 14.9, Max: 15.2, Diff: 0.9, Sum: 119.5]
      [Code Root Scanning (ms): Min: 0.0, Avg: 0.0, Max: 0.0, Diff: 0.0, Sum: 0.0]
      [Object Copy (ms): Min: 131.9, Avg: 131.9, Max: 132.0, Diff: 0.1, Sum: 1055.6]
      [Termination (ms): Min: 0.0, Avg: 0.0, Max: 0.0, Diff: 0.0, Sum: 0.2]
         [Termination Attempts: Min: 1, Avg: 178.6, Max: 210, Diff: 209, Sum: 1429]
      [GC Worker Other (ms): Min: 0.0, Avg: 0.0, Max: 0.1, Diff: 0.1, Sum: 0.3]
      [GC Worker Total (ms): Min: 170.0, Avg: 170.1, Max: 170.2, Diff: 0.1, Sum: 1360.9]
      [GC Worker End (ms): Min: 105246.7, Avg: 105246.7, Max: 105246.7, Diff: 0.1]
   [Code Root Fixup: 0.0 ms]
   [Code Root Purge: 0.0 ms]
   [Clear CT: 0.3 ms]
   [Other: 1.0 ms]
      [Choose CSet: 0.0 ms]
      [Ref Proc: 0.1 ms]
      [Ref Enq: 0.0 ms]
      [Redirty Cards: 0.2 ms]
      [Humongous Register: 0.0 ms]
      [Humongous Reclaim: 0.0 ms]
      [Free CSet: 0.3 ms]
   [Eden: 303.0M(303.0M)->0.0B(299.0M) Survivors: 45.0M->44.0M Heap: 777.6M(2048.0M)->779.6M(2048.0M)]
 [Times: user=1.27 sys=0.00, real=0.17 secs] 
2020-09-29T12:31:48.161+0200: 105.420: [GC pause (G1 Evacuation Pause) (young), 0.1610833 secs]
   [Parallel Time: 159.9 ms, GC Workers: 8]
      [GC Worker Start (ms): Min: 105420.3, Avg: 105420.4, Max: 105420.5, Diff: 0.2]
      [Ext Root Scanning (ms): Min: 0.0, Avg: 0.1, Max: 0.2, Diff: 0.2, Sum: 0.5]
      [Update RS (ms): Min: 19.5, Avg: 19.7, Max: 20.2, Diff: 0.7, Sum: 157.8]
         [Processed Buffers: Min: 22, Avg: 24.0, Max: 27, Diff: 5, Sum: 192]
      [Scan RS (ms): Min: 13.4, Avg: 13.9, Max: 14.1, Diff: 0.7, Sum: 111.4]
      [Code Root Scanning (ms): Min: 0.0, Avg: 0.0, Max: 0.0, Diff: 0.0, Sum: 0.0]
      [Object Copy (ms): Min: 125.9, Avg: 125.9, Max: 125.9, Diff: 0.1, Sum: 1007.2]
      [Termination (ms): Min: 0.0, Avg: 0.0, Max: 0.0, Diff: 0.0, Sum: 0.1]
         [Termination Attempts: Min: 1, Avg: 77.9, Max: 99, Diff: 98, Sum: 623]
      [GC Worker Other (ms): Min: 0.0, Avg: 0.0, Max: 0.1, Diff: 0.1, Sum: 0.3]
      [GC Worker Total (ms): Min: 159.6, Avg: 159.7, Max: 159.8, Diff: 0.1, Sum: 1277.4]
      [GC Worker End (ms): Min: 105580.1, Avg: 105580.1, Max: 105580.1, Diff: 0.1]
   [Code Root Fixup: 0.0 ms]
   [Code Root Purge: 0.0 ms]
   [Clear CT: 0.2 ms]
   [Other: 1.0 ms]
      [Choose CSet: 0.0 ms]
      [Ref Proc: 0.1 ms]
      [Ref Enq: 0.0 ms]
      [Redirty Cards: 0.5 ms]
      [Humongous Register: 0.1 ms]
      [Humongous Reclaim: 0.0 ms]
      [Free CSet: 0.2 ms]
   [Eden: 299.0M(299.0M)->0.0B(311.0M) Survivors: 44.0M->43.0M Heap: 1128.2M(2048.0M)->1129.7M(2048.0M)]
 [Times: user=1.23 sys=0.02, real=0.16 secs] 
2020-09-29T12:31:48.334+0200: 105.593: [GC pause (G1 Humongous Allocation) (young) (initial-mark), 0.0715176 secs]
   [Parallel Time: 70.7 ms, GC Workers: 8]
      [GC Worker Start (ms): Min: 105593.0, Avg: 105593.1, Max: 105593.2, Diff: 0.1]
      [Ext Root Scanning (ms): Min: 0.2, Avg: 2.3, Max: 16.5, Diff: 16.2, Sum: 18.7]
      [Update RS (ms): Min: 20.0, Avg: 34.2, Max: 36.6, Diff: 16.6, Sum: 273.8]
         [Processed Buffers: Min: 24, Avg: 39.5, Max: 45, Diff: 21, Sum: 316]
      [Scan RS (ms): Min: 2.4, Avg: 2.7, Max: 3.1, Diff: 0.7, Sum: 21.6]
      [Code Root Scanning (ms): Min: 0.0, Avg: 0.0, Max: 0.0, Diff: 0.0, Sum: 0.0]
      [Object Copy (ms): Min: 31.0, Avg: 31.1, Max: 31.3, Diff: 0.3, Sum: 248.6]
      [Termination (ms): Min: 0.0, Avg: 0.3, Max: 0.3, Diff: 0.3, Sum: 2.1]
         [Termination Attempts: Min: 1, Avg: 1619.9, Max: 1933, Diff: 1932, Sum: 12959]
      [GC Worker Other (ms): Min: 0.0, Avg: 0.0, Max: 0.0, Diff: 0.0, Sum: 0.1]
      [GC Worker Total (ms): Min: 70.5, Avg: 70.6, Max: 70.7, Diff: 0.1, Sum: 565.0]
      [GC Worker End (ms): Min: 105663.7, Avg: 105663.7, Max: 105663.7, Diff: 0.0]
   [Code Root Fixup: 0.0 ms]
   [Code Root Purge: 0.0 ms]
   [Clear CT: 0.1 ms]
   [Other: 0.6 ms]
      [Choose CSet: 0.0 ms]
      [Ref Proc: 0.2 ms]
      [Ref Enq: 0.0 ms]
      [Redirty Cards: 0.2 ms]
      [Humongous Register: 0.0 ms]
      [Humongous Reclaim: 0.0 ms]
      [Free CSet: 0.1 ms]
   [Eden: 8192.0K(311.0M)->0.0B(283.0M) Survivors: 43.0M->9216.0K Heap: 1137.2M(2048.0M)->1140.2M(2048.0M)]
 [Times: user=0.48 sys=0.00, real=0.07 secs] 
2020-09-29T12:31:48.405+0200: 105.665: [GC concurrent-root-region-scan-start]
2020-09-29T12:31:48.407+0200: 105.666: [GC concurrent-root-region-scan-end, 0.0013864 secs]
2020-09-29T12:31:48.407+0200: 105.666: [GC concurrent-mark-start]
2020-09-29T12:31:48.409+0200: 105.668: [GC concurrent-mark-end, 0.0022469 secs]
2020-09-29T12:31:48.409+0200: 105.668: [GC remark 2020-09-29T12:31:48.409+0200: 105.668: [Finalize Marking, 0.0001183 secs] 2020-09-29T12:31:48.409+0200: 105.668: [GC ref-proc, 0.0002563 secs] 2020-09-29T12:31:48.409+0200: 105.669: [Unloading, 0.0004106 secs], 0.0010386 secs]
 [Times: user=0.00 sys=0.00, real=0.00 secs] 
2020-09-29T12:31:48.410+0200: 105.670: [GC cleanup 1150M->28M(2048M), 0.0010106 secs]
 [Times: user=0.11 sys=0.00, real=0.00 secs] 
2020-09-29T12:31:48.411+0200: 105.671: [GC concurrent-cleanup-start]
2020-09-29T12:31:48.413+0200: 105.672: [GC concurrent-cleanup-end, 0.0013425 secs]
2020-09-29T12:31:48.555+0200: 105.815: [GC pause (G1 Evacuation Pause) (young), 0.1368329 secs]
   [Parallel Time: 135.7 ms, GC Workers: 8]
      [GC Worker Start (ms): Min: 105814.7, Avg: 105814.8, Max: 105814.9, Diff: 0.2]
      [Ext Root Scanning (ms): Min: 0.0, Avg: 0.1, Max: 0.1, Diff: 0.1, Sum: 0.5]
      [Update RS (ms): Min: 15.0, Avg: 15.2, Max: 15.6, Diff: 0.6, Sum: 121.6]
         [Processed Buffers: Min: 17, Avg: 17.6, Max: 19, Diff: 2, Sum: 141]
      [Scan RS (ms): Min: 11.7, Avg: 12.0, Max: 12.2, Diff: 0.5, Sum: 96.1]
      [Code Root Scanning (ms): Min: 0.0, Avg: 0.0, Max: 0.0, Diff: 0.0, Sum: 0.0]
      [Object Copy (ms): Min: 108.1, Avg: 108.2, Max: 108.3, Diff: 0.2, Sum: 865.2]
      [Termination (ms): Min: 0.0, Avg: 0.1, Max: 0.1, Diff: 0.1, Sum: 0.6]
         [Termination Attempts: Min: 1, Avg: 515.6, Max: 718, Diff: 717, Sum: 4125]
      [GC Worker Other (ms): Min: 0.0, Avg: 0.0, Max: 0.1, Diff: 0.1, Sum: 0.4]
      [GC Worker Total (ms): Min: 135.5, Avg: 135.6, Max: 135.6, Diff: 0.2, Sum: 1084.6]
      [GC Worker End (ms): Min: 105950.3, Avg: 105950.4, Max: 105950.4, Diff: 0.1]
   [Code Root Fixup: 0.0 ms]
   [Code Root Purge: 0.0 ms]
   [Clear CT: 0.1 ms]
   [Other: 0.9 ms]
      [Choose CSet: 0.0 ms]
      [Ref Proc: 0.2 ms]
      [Ref Enq: 0.0 ms]
      [Redirty Cards: 0.2 ms]
      [Humongous Register: 0.0 ms]
      [Humongous Reclaim: 0.0 ms]
      [Free CSet: 0.2 ms]
   [Eden: 283.0M(283.0M)->0.0B(284.0M) Survivors: 9216.0K->37.0M Heap: 349.7M(2048.0M)->342.7M(2048.0M)]
 [Times: user=1.03 sys=0.00, real=0.14 secs] 
2020-09-29T12:31:48.853+0200: 106.112: [GC pause (G1 Evacuation Pause) (young), 0.1575284 secs]
   [Parallel Time: 156.1 ms, GC Workers: 8]
      [GC Worker Start (ms): Min: 106112.2, Avg: 106112.3, Max: 106112.4, Diff: 0.2]
      [Ext Root Scanning (ms): Min: 0.0, Avg: 0.1, Max: 0.2, Diff: 0.2, Sum: 0.5]
      [Update RS (ms): Min: 20.5, Avg: 20.6, Max: 20.9, Diff: 0.4, Sum: 165.0]
         [Processed Buffers: Min: 21, Avg: 23.0, Max: 24, Diff: 3, Sum: 184]
      [Scan RS (ms): Min: 12.6, Avg: 13.7, Max: 20.2, Diff: 7.6, Sum: 109.5]
      [Code Root Scanning (ms): Min: 0.0, Avg: 0.0, Max: 0.0, Diff: 0.0, Sum: 0.0]
      [Object Copy (ms): Min: 114.7, Avg: 121.4, Max: 122.5, Diff: 7.8, Sum: 971.6]
      [Termination (ms): Min: 0.0, Avg: 0.0, Max: 0.0, Diff: 0.0, Sum: 0.2]
         [Termination Attempts: Min: 1, Avg: 145.3, Max: 181, Diff: 180, Sum: 1162]
      [GC Worker Other (ms): Min: 0.0, Avg: 0.0, Max: 0.1, Diff: 0.0, Sum: 0.3]
      [GC Worker Total (ms): Min: 155.8, Avg: 155.9, Max: 156.0, Diff: 0.2, Sum: 1247.0]
      [GC Worker End (ms): Min: 106268.1, Avg: 106268.2, Max: 106268.2, Diff: 0.1]
   [Code Root Fixup: 0.0 ms]
   [Code Root Purge: 0.0 ms]
   [Clear CT: 0.2 ms]
   [Other: 1.2 ms]
      [Choose CSet: 0.0 ms]
      [Ref Proc: 0.2 ms]
      [Ref Enq: 0.0 ms]
      [Redirty Cards: 0.4 ms]
      [Humongous Register: 0.0 ms]
      [Humongous Reclaim: 0.0 ms]
      [Free CSet: 0.3 ms]
   [Eden: 284.0M(284.0M)->0.0B(290.0M) Survivors: 37.0M->41.0M Heap: 674.4M(2048.0M)->675.9M(2048.0M)]
 [Times: user=1.25 sys=0.00, real=0.16 secs] 
2020-09-29T12:31:49.286+0200: 106.545: [GC pause (G1 Evacuation Pause) (young), 0.3025194 secs]
   [Parallel Time: 300.6 ms, GC Workers: 8]
      [GC Worker Start (ms): Min: 106545.2, Avg: 106545.3, Max: 106545.4, Diff: 0.2]
      [Ext Root Scanning (ms): Min: 0.0, Avg: 0.1, Max: 0.2, Diff: 0.2, Sum: 0.8]
      [Update RS (ms): Min: 28.5, Avg: 29.3, Max: 29.7, Diff: 1.2, Sum: 234.2]
         [Processed Buffers: Min: 18, Avg: 19.1, Max: 21, Diff: 3, Sum: 153]
      [Scan RS (ms): Min: 26.7, Avg: 27.1, Max: 27.8, Diff: 1.1, Sum: 216.8]
      [Code Root Scanning (ms): Min: 0.0, Avg: 0.0, Max: 0.0, Diff: 0.0, Sum: 0.0]
      [Object Copy (ms): Min: 243.4, Avg: 243.6, Max: 243.7, Diff: 0.3, Sum: 1948.7]
      [Termination (ms): Min: 0.0, Avg: 0.1, Max: 0.1, Diff: 0.1, Sum: 0.8]
         [Termination Attempts: Min: 1, Avg: 345.5, Max: 435, Diff: 434, Sum: 2764]
      [GC Worker Other (ms): Min: 0.0, Avg: 0.1, Max: 0.1, Diff: 0.1, Sum: 0.4]
      [GC Worker Total (ms): Min: 300.1, Avg: 300.2, Max: 300.4, Diff: 0.3, Sum: 2401.8]
      [GC Worker End (ms): Min: 106845.5, Avg: 106845.6, Max: 106845.6, Diff: 0.1]
   [Code Root Fixup: 0.0 ms]
   [Code Root Purge: 0.0 ms]
   [Clear CT: 0.4 ms]
   [Other: 1.5 ms]
      [Choose CSet: 0.0 ms]
      [Ref Proc: 0.4 ms]
      [Ref Enq: 0.0 ms]
      [Redirty Cards: 0.5 ms]
      [Humongous Register: 0.1 ms]
      [Humongous Reclaim: 0.0 ms]
      [Free CSet: 0.4 ms]
   [Eden: 290.0M(290.0M)->0.0B(176.0M) Survivors: 41.0M->42.0M Heap: 1013.6M(2048.0M)->1015.1M(2048.0M)]
 [Times: user=2.33 sys=0.03, real=0.30 secs] 
2020-09-29T12:31:49.611+0200: 106.870: [GC pause (G1 Humongous Allocation) (young) (initial-mark), 0.0959502 secs]
   [Parallel Time: 94.3 ms, GC Workers: 8]
      [GC Worker Start (ms): Min: 106870.7, Avg: 106870.8, Max: 106871.0, Diff: 0.2]
      [Ext Root Scanning (ms): Min: 0.0, Avg: 0.2, Max: 0.4, Diff: 0.4, Sum: 1.7]
      [Update RS (ms): Min: 55.6, Avg: 56.0, Max: 56.7, Diff: 1.0, Sum: 448.3]
         [Processed Buffers: Min: 30, Avg: 34.4, Max: 38, Diff: 8, Sum: 275]
      [Scan RS (ms): Min: 4.3, Avg: 5.0, Max: 5.3, Diff: 1.0, Sum: 39.9]
      [Code Root Scanning (ms): Min: 0.0, Avg: 0.0, Max: 0.0, Diff: 0.0, Sum: 0.0]
      [Object Copy (ms): Min: 32.7, Avg: 32.7, Max: 32.8, Diff: 0.2, Sum: 261.9]
      [Termination (ms): Min: 0.0, Avg: 0.0, Max: 0.0, Diff: 0.0, Sum: 0.1]
         [Termination Attempts: Min: 1, Avg: 39.8, Max: 56, Diff: 55, Sum: 318]
      [GC Worker Other (ms): Min: 0.0, Avg: 0.0, Max: 0.0, Diff: 0.0, Sum: 0.2]
      [GC Worker Total (ms): Min: 93.9, Avg: 94.0, Max: 94.1, Diff: 0.2, Sum: 752.1]
      [GC Worker End (ms): Min: 106964.8, Avg: 106964.8, Max: 106964.8, Diff: 0.0]
   [Code Root Fixup: 0.0 ms]
   [Code Root Purge: 0.0 ms]
   [Clear CT: 0.3 ms]
   [Other: 1.3 ms]
      [Choose CSet: 0.0 ms]
      [Ref Proc: 0.4 ms]
      [Ref Enq: 0.0 ms]
      [Redirty Cards: 0.3 ms]
      [Humongous Register: 0.1 ms]
      [Humongous Reclaim: 0.0 ms]
      [Free CSet: 0.2 ms]
   [Eden: 2048.0K(176.0M)->0.0B(185.0M) Survivors: 42.0M->5120.0K Heap: 1016.6M(2048.0M)->1021.6M(2048.0M)]
 [Times: user=0.64 sys=0.02, real=0.10 secs] 
2020-09-29T12:31:49.707+0200: 106.967: [GC concurrent-root-region-scan-start]
2020-09-29T12:31:49.709+0200: 106.969: [GC concurrent-root-region-scan-end, 0.0020738 secs]
2020-09-29T12:31:49.709+0200: 106.969: [GC concurrent-mark-start]
2020-09-29T12:31:49.717+0200: 106.976: [GC concurrent-mark-end, 0.0075173 secs]
2020-09-29T12:31:49.717+0200: 106.977: [GC remark 2020-09-29T12:31:49.717+0200: 106.977: [Finalize Marking, 0.0004533 secs] 2020-09-29T12:31:49.718+0200: 106.977: [GC ref-proc, 0.0004867 secs] 2020-09-29T12:31:49.718+0200: 106.978: [Unloading, 0.0008354 secs], 0.0030152 secs]
 [Times: user=0.00 sys=0.00, real=0.00 secs] 
2020-09-29T12:31:49.721+0200: 106.981: [GC cleanup 1033M->26M(2048M), 0.0023334 secs]
 [Times: user=0.08 sys=0.00, real=0.00 secs] 
2020-09-29T12:31:49.724+0200: 106.983: [GC concurrent-cleanup-start]
2020-09-29T12:31:49.726+0200: 106.985: [GC concurrent-cleanup-end, 0.0024705 secs]
2020-09-29T12:31:49.886+0200: 107.145: [GC pause (G1 Evacuation Pause) (young), 0.1755021 secs]
   [Parallel Time: 173.3 ms, GC Workers: 8]
      [GC Worker Start (ms): Min: 107145.6, Avg: 107145.7, Max: 107145.8, Diff: 0.3]
      [Ext Root Scanning (ms): Min: 0.0, Avg: 0.1, Max: 0.3, Diff: 0.2, Sum: 0.8]
      [Update RS (ms): Min: 24.8, Avg: 24.9, Max: 25.2, Diff: 0.4, Sum: 199.6]
         [Processed Buffers: Min: 12, Avg: 16.4, Max: 20, Diff: 8, Sum: 131]
      [Scan RS (ms): Min: 12.0, Avg: 12.2, Max: 12.4, Diff: 0.4, Sum: 97.8]
      [Code Root Scanning (ms): Min: 0.0, Avg: 0.0, Max: 0.0, Diff: 0.0, Sum: 0.0]
      [Object Copy (ms): Min: 135.5, Avg: 135.5, Max: 135.6, Diff: 0.1, Sum: 1084.4]
      [Termination (ms): Min: 0.0, Avg: 0.0, Max: 0.1, Diff: 0.1, Sum: 0.3]
         [Termination Attempts: Min: 1, Avg: 136.8, Max: 171, Diff: 170, Sum: 1094]
      [GC Worker Other (ms): Min: 0.0, Avg: 0.1, Max: 0.1, Diff: 0.1, Sum: 0.4]
      [GC Worker Total (ms): Min: 172.8, Avg: 172.9, Max: 173.1, Diff: 0.3, Sum: 1383.3]
      [GC Worker End (ms): Min: 107318.6, Avg: 107318.6, Max: 107318.7, Diff: 0.1]
   [Code Root Fixup: 0.0 ms]
   [Code Root Purge: 0.0 ms]
   [Clear CT: 0.6 ms]
   [Other: 1.6 ms]
      [Choose CSet: 0.0 ms]
      [Ref Proc: 0.3 ms]
      [Ref Enq: 0.0 ms]
      [Redirty Cards: 0.8 ms]
      [Humongous Register: 0.0 ms]
      [Humongous Reclaim: 0.0 ms]
      [Free CSet: 0.2 ms]
   [Eden: 185.0M(185.0M)->0.0B(160.0M) Survivors: 5120.0K->24.0M Heap: 231.9M(2048.0M)->229.4M(2048.0M)]
 [Times: user=1.34 sys=0.00, real=0.18 secs] 
2020-09-29T12:31:50.213+0200: 107.472: [GC pause (G1 Evacuation Pause) (young), 0.1703967 secs]
   [Parallel Time: 165.0 ms, GC Workers: 8]
      [GC Worker Start (ms): Min: 107471.8, Avg: 107471.9, Max: 107472.0, Diff: 0.2]
      [Ext Root Scanning (ms): Min: 0.0, Avg: 0.1, Max: 0.2, Diff: 0.2, Sum: 1.0]
      [Update RS (ms): Min: 21.1, Avg: 21.2, Max: 21.4, Diff: 0.4, Sum: 169.6]
         [Processed Buffers: Min: 13, Avg: 15.1, Max: 18, Diff: 5, Sum: 121]
      [Scan RS (ms): Min: 12.1, Avg: 12.3, Max: 12.5, Diff: 0.5, Sum: 98.7]
      [Code Root Scanning (ms): Min: 0.0, Avg: 0.0, Max: 0.0, Diff: 0.0, Sum: 0.0]
      [Object Copy (ms): Min: 130.6, Avg: 131.0, Max: 131.0, Diff: 0.4, Sum: 1047.6]
      [Termination (ms): Min: 0.0, Avg: 0.1, Max: 0.1, Diff: 0.1, Sum: 0.5]
         [Termination Attempts: Min: 1, Avg: 234.8, Max: 307, Diff: 306, Sum: 1878]
      [GC Worker Other (ms): Min: 0.0, Avg: 0.0, Max: 0.1, Diff: 0.1, Sum: 0.4]
      [GC Worker Total (ms): Min: 164.6, Avg: 164.7, Max: 164.8, Diff: 0.2, Sum: 1317.8]
      [GC Worker End (ms): Min: 107636.6, Avg: 107636.6, Max: 107636.7, Diff: 0.1]
   [Code Root Fixup: 0.0 ms]
   [Code Root Purge: 0.0 ms]
   [Clear CT: 0.7 ms]
   [Other: 4.6 ms]
      [Choose CSet: 0.0 ms]
      [Ref Proc: 3.7 ms]
      [Ref Enq: 0.0 ms]
      [Redirty Cards: 0.4 ms]
      [Humongous Register: 0.0 ms]
      [Humongous Reclaim: 0.0 ms]
      [Free CSet: 0.2 ms]
   [Eden: 160.0M(160.0M)->0.0B(159.0M) Survivors: 24.0M->23.0M Heap: 416.1M(2048.0M)->418.1M(2048.0M)]
 [Times: user=1.24 sys=0.02, real=0.17 secs] 
2020-09-29T12:31:50.538+0200: 107.797: [GC pause (G1 Evacuation Pause) (young), 0.1663747 secs]
   [Parallel Time: 164.6 ms, GC Workers: 8]
      [GC Worker Start (ms): Min: 107797.0, Avg: 107797.1, Max: 107797.3, Diff: 0.3]
      [Ext Root Scanning (ms): Min: 0.0, Avg: 0.1, Max: 0.3, Diff: 0.3, Sum: 0.8]
      [Update RS (ms): Min: 22.1, Avg: 22.3, Max: 22.5, Diff: 0.3, Sum: 178.0]
         [Processed Buffers: Min: 13, Avg: 15.9, Max: 18, Diff: 5, Sum: 127]
      [Scan RS (ms): Min: 11.9, Avg: 12.2, Max: 12.4, Diff: 0.4, Sum: 97.3]
      [Code Root Scanning (ms): Min: 0.0, Avg: 0.0, Max: 0.0, Diff: 0.0, Sum: 0.0]
      [Object Copy (ms): Min: 129.6, Avg: 129.7, Max: 129.7, Diff: 0.2, Sum: 1037.3]
      [Termination (ms): Min: 0.0, Avg: 0.0, Max: 0.0, Diff: 0.0, Sum: 0.2]
         [Termination Attempts: Min: 1, Avg: 82.6, Max: 101, Diff: 100, Sum: 661]
      [GC Worker Other (ms): Min: 0.0, Avg: 0.1, Max: 0.1, Diff: 0.1, Sum: 0.4]
      [GC Worker Total (ms): Min: 164.1, Avg: 164.3, Max: 164.4, Diff: 0.3, Sum: 1314.1]
      [GC Worker End (ms): Min: 107961.4, Avg: 107961.4, Max: 107961.5, Diff: 0.1]
   [Code Root Fixup: 0.0 ms]
   [Code Root Purge: 0.0 ms]
   [Clear CT: 0.3 ms]
   [Other: 1.4 ms]
      [Choose CSet: 0.0 ms]
      [Ref Proc: 0.4 ms]
      [Ref Enq: 0.0 ms]
      [Redirty Cards: 0.5 ms]
      [Humongous Register: 0.1 ms]
      [Humongous Reclaim: 0.0 ms]
      [Free CSet: 0.2 ms]
   [Eden: 159.0M(159.0M)->0.0B(162.0M) Survivors: 23.0M->23.0M Heap: 603.8M(2048.0M)->605.8M(2048.0M)]
 [Times: user=1.25 sys=0.00, real=0.17 secs] 
2020-09-29T12:31:50.880+0200: 108.140: [GC pause (G1 Evacuation Pause) (young), 0.1714322 secs]
   [Parallel Time: 169.8 ms, GC Workers: 8]
      [GC Worker Start (ms): Min: 108139.8, Avg: 108139.9, Max: 108140.1, Diff: 0.2]
      [Ext Root Scanning (ms): Min: 0.0, Avg: 0.1, Max: 0.2, Diff: 0.2, Sum: 1.0]
      [Update RS (ms): Min: 18.1, Avg: 18.3, Max: 19.2, Diff: 1.1, Sum: 146.7]
         [Processed Buffers: Min: 10, Avg: 12.4, Max: 16, Diff: 6, Sum: 99]
      [Scan RS (ms): Min: 13.6, Avg: 14.5, Max: 15.2, Diff: 1.6, Sum: 116.4]
      [Code Root Scanning (ms): Min: 0.0, Avg: 0.0, Max: 0.0, Diff: 0.0, Sum: 0.0]
      [Object Copy (ms): Min: 135.9, Avg: 136.5, Max: 136.6, Diff: 0.7, Sum: 1091.7]
      [Termination (ms): Min: 0.0, Avg: 0.0, Max: 0.1, Diff: 0.1, Sum: 0.4]
         [Termination Attempts: Min: 1, Avg: 167.3, Max: 211, Diff: 210, Sum: 1338]
      [GC Worker Other (ms): Min: 0.0, Avg: 0.0, Max: 0.1, Diff: 0.0, Sum: 0.3]
      [GC Worker Total (ms): Min: 169.4, Avg: 169.6, Max: 169.7, Diff: 0.2, Sum: 1356.5]
      [GC Worker End (ms): Min: 108309.5, Avg: 108309.5, Max: 108309.5, Diff: 0.0]
   [Code Root Fixup: 0.0 ms]
   [Code Root Purge: 0.0 ms]
   [Clear CT: 0.3 ms]
   [Other: 1.3 ms]
      [Choose CSet: 0.0 ms]
      [Ref Proc: 0.3 ms]
      [Ref Enq: 0.0 ms]
      [Redirty Cards: 0.3 ms]
      [Humongous Register: 0.1 ms]
      [Humongous Reclaim: 0.0 ms]
      [Free CSet: 0.3 ms]
   [Eden: 162.0M(162.0M)->0.0B(160.0M) Survivors: 23.0M->24.0M Heap: 794.5M(2048.0M)->796.0M(2048.0M)]
 [Times: user=1.25 sys=0.00, real=0.17 secs] 
2020-09-29T12:31:51.223+0200: 108.482: [GC pause (G1 Evacuation Pause) (young), 0.1961415 secs]
   [Parallel Time: 194.5 ms, GC Workers: 8]
      [GC Worker Start (ms): Min: 108482.2, Avg: 108482.3, Max: 108482.4, Diff: 0.2]
      [Ext Root Scanning (ms): Min: 0.0, Avg: 0.1, Max: 0.2, Diff: 0.2, Sum: 0.8]
      [Update RS (ms): Min: 18.0, Avg: 18.2, Max: 19.4, Diff: 1.4, Sum: 145.9]
         [Processed Buffers: Min: 12, Avg: 13.3, Max: 16, Diff: 4, Sum: 106]
      [Scan RS (ms): Min: 12.5, Avg: 13.6, Max: 13.9, Diff: 1.4, Sum: 108.8]
      [Code Root Scanning (ms): Min: 0.0, Avg: 0.0, Max: 0.0, Diff: 0.0, Sum: 0.0]
      [Object Copy (ms): Min: 161.2, Avg: 161.5, Max: 162.2, Diff: 1.0, Sum: 1291.8]
      [Termination (ms): Min: 0.0, Avg: 0.7, Max: 0.8, Diff: 0.8, Sum: 5.5]
         [Termination Attempts: Min: 1, Avg: 2318.8, Max: 2803, Diff: 2802, Sum: 18550]
      [GC Worker Other (ms): Min: 0.0, Avg: 0.0, Max: 0.1, Diff: 0.1, Sum: 0.3]
      [GC Worker Total (ms): Min: 194.1, Avg: 194.2, Max: 194.2, Diff: 0.2, Sum: 1553.2]
      [GC Worker End (ms): Min: 108676.4, Avg: 108676.4, Max: 108676.5, Diff: 0.1]
   [Code Root Fixup: 0.0 ms]
   [Code Root Purge: 0.0 ms]
   [Clear CT: 0.5 ms]
   [Other: 1.2 ms]
      [Choose CSet: 0.0 ms]
      [Ref Proc: 0.2 ms]
      [Ref Enq: 0.0 ms]
      [Redirty Cards: 0.4 ms]
      [Humongous Register: 0.1 ms]
      [Humongous Reclaim: 0.0 ms]
      [Free CSet: 0.3 ms]
   [Eden: 160.0M(160.0M)->0.0B(151.0M) Survivors: 24.0M->23.0M Heap: 982.7M(2048.0M)->985.2M(2048.0M)]
 [Times: user=1.47 sys=0.00, real=0.20 secs] 
2020-09-29T12:31:51.437+0200: 108.696: [GC pause (G1 Humongous Allocation) (young) (initial-mark), 0.0752289 secs]
   [Parallel Time: 73.6 ms, GC Workers: 8]
      [GC Worker Start (ms): Min: 108696.7, Avg: 108697.1, Max: 108697.3, Diff: 0.5]
      [Ext Root Scanning (ms): Min: 0.0, Avg: 4.0, Max: 30.0, Diff: 30.0, Sum: 32.0]
      [Update RS (ms): Min: 4.8, Avg: 34.6, Max: 60.5, Diff: 55.8, Sum: 277.2]
         [Processed Buffers: Min: 4, Avg: 19.3, Max: 24, Diff: 20, Sum: 154]
      [Scan RS (ms): Min: 0.0, Avg: 2.8, Max: 4.0, Diff: 4.0, Sum: 22.3]
      [Code Root Scanning (ms): Min: 0.0, Avg: 0.0, Max: 0.0, Diff: 0.0, Sum: 0.0]
      [Object Copy (ms): Min: 12.1, Avg: 31.4, Max: 34.5, Diff: 22.4, Sum: 251.4]
      [Termination (ms): Min: 0.1, Avg: 0.2, Max: 0.3, Diff: 0.3, Sum: 1.7]
         [Termination Attempts: Min: 1, Avg: 460.9, Max: 708, Diff: 707, Sum: 3687]
      [GC Worker Other (ms): Min: 0.0, Avg: 0.0, Max: 0.0, Diff: 0.0, Sum: 0.1]
      [GC Worker Total (ms): Min: 72.9, Avg: 73.1, Max: 73.5, Diff: 0.5, Sum: 584.8]
      [GC Worker End (ms): Min: 108770.2, Avg: 108770.2, Max: 108770.2, Diff: 0.1]
   [Code Root Fixup: 0.0 ms]
   [Code Root Purge: 0.0 ms]
   [Clear CT: 0.4 ms]
   [Other: 1.3 ms]
      [Choose CSet: 0.0 ms]
      [Ref Proc: 0.4 ms]
      [Ref Enq: 0.0 ms]
      [Redirty Cards: 0.4 ms]
      [Humongous Register: 0.1 ms]
      [Humongous Reclaim: 0.0 ms]
      [Free CSet: 0.1 ms]
   [Eden: 10.0M(151.0M)->0.0B(154.0M) Survivors: 23.0M->12.0M Heap: 994.7M(2048.0M)->998.2M(2048.0M)]
 [Times: user=0.55 sys=0.00, real=0.08 secs] 
2020-09-29T12:31:51.512+0200: 108.772: [GC concurrent-root-region-scan-start]
2020-09-29T12:31:51.518+0200: 108.778: [GC concurrent-root-region-scan-end, 0.0060913 secs]
2020-09-29T12:31:51.518+0200: 108.778: [GC concurrent-mark-start]
2020-09-29T12:31:51.524+0200: 108.783: [GC concurrent-mark-end, 0.0053328 secs]
2020-09-29T12:31:51.524+0200: 108.784: [GC remark 2020-09-29T12:31:51.524+0200: 108.784: [Finalize Marking, 0.0002686 secs] 2020-09-29T12:31:51.525+0200: 108.784: [GC ref-proc, 0.0005270 secs] 2020-09-29T12:31:51.525+0200: 108.785: [Unloading, 0.0006860 secs], 0.0019565 secs]
 [Times: user=0.00 sys=0.00, real=0.00 secs] 
2020-09-29T12:31:51.527+0200: 108.786: [GC cleanup 1011M->34M(2048M), 0.0021371 secs]
 [Times: user=0.00 sys=0.00, real=0.00 secs] 
2020-09-29T12:31:51.529+0200: 108.789: [GC concurrent-cleanup-start]
2020-09-29T12:31:51.533+0200: 108.793: [GC concurrent-cleanup-end, 0.0042992 secs]
2020-09-29T12:31:51.672+0200: 108.932: [GC pause (G1 Evacuation Pause) (young), 0.1668819 secs]
   [Parallel Time: 165.1 ms, GC Workers: 8]
      [GC Worker Start (ms): Min: 108931.9, Avg: 108932.0, Max: 108932.2, Diff: 0.3]
      [Ext Root Scanning (ms): Min: 0.0, Avg: 0.1, Max: 0.2, Diff: 0.2, Sum: 0.8]
      [Update RS (ms): Min: 22.2, Avg: 22.9, Max: 25.3, Diff: 3.1, Sum: 183.0]
         [Processed Buffers: Min: 0, Avg: 13.5, Max: 18, Diff: 18, Sum: 108]
      [Scan RS (ms): Min: 8.3, Avg: 10.7, Max: 11.3, Diff: 3.1, Sum: 85.4]
      [Code Root Scanning (ms): Min: 0.0, Avg: 0.0, Max: 0.0, Diff: 0.0, Sum: 0.0]
      [Object Copy (ms): Min: 130.8, Avg: 130.9, Max: 131.0, Diff: 0.2, Sum: 1047.1]
      [Termination (ms): Min: 0.0, Avg: 0.1, Max: 0.2, Diff: 0.2, Sum: 1.1]
         [Termination Attempts: Min: 1, Avg: 542.0, Max: 713, Diff: 712, Sum: 4336]
      [GC Worker Other (ms): Min: 0.0, Avg: 0.0, Max: 0.1, Diff: 0.1, Sum: 0.4]
      [GC Worker Total (ms): Min: 164.6, Avg: 164.7, Max: 164.9, Diff: 0.4, Sum: 1317.8]
      [GC Worker End (ms): Min: 109096.7, Avg: 109096.8, Max: 109096.8, Diff: 0.1]
   [Code Root Fixup: 0.0 ms]
   [Code Root Purge: 0.0 ms]
   [Clear CT: 0.3 ms]
   [Other: 1.4 ms]
      [Choose CSet: 0.0 ms]
      [Ref Proc: 0.3 ms]
      [Ref Enq: 0.0 ms]
      [Redirty Cards: 0.5 ms]
      [Humongous Register: 0.0 ms]
      [Humongous Reclaim: 0.0 ms]
      [Free CSet: 0.2 ms]
   [Eden: 154.0M(154.0M)->0.0B(148.0M) Survivors: 12.0M->21.0M Heap: 202.2M(2048.0M)->192.7M(2048.0M)]
 [Times: user=1.34 sys=0.00, real=0.17 secs] 
2020-09-29T12:31:51.991+0200: 109.251: [GC pause (G1 Evacuation Pause) (young), 0.2137545 secs]
   [Parallel Time: 212.0 ms, GC Workers: 8]
      [GC Worker Start (ms): Min: 109251.3, Avg: 109251.4, Max: 109251.6, Diff: 0.3]
      [Ext Root Scanning (ms): Min: 0.0, Avg: 0.1, Max: 0.2, Diff: 0.2, Sum: 1.0]
      [Update RS (ms): Min: 16.7, Avg: 18.7, Max: 31.6, Diff: 15.0, Sum: 149.8]
         [Processed Buffers: Min: 0, Avg: 10.6, Max: 14, Diff: 14, Sum: 85]
      [Scan RS (ms): Min: 0.6, Avg: 13.5, Max: 15.7, Diff: 15.1, Sum: 108.3]
      [Code Root Scanning (ms): Min: 0.0, Avg: 0.0, Max: 0.0, Diff: 0.0, Sum: 0.0]
      [Object Copy (ms): Min: 178.0, Avg: 178.4, Max: 179.3, Diff: 1.2, Sum: 1427.6]
      [Termination (ms): Min: 0.0, Avg: 0.7, Max: 0.9, Diff: 0.9, Sum: 5.3]
         [Termination Attempts: Min: 1, Avg: 2456.0, Max: 3132, Diff: 3131, Sum: 19648]
      [GC Worker Other (ms): Min: 0.0, Avg: 0.0, Max: 0.1, Diff: 0.1, Sum: 0.3]
      [GC Worker Total (ms): Min: 211.4, Avg: 211.5, Max: 211.6, Diff: 0.2, Sum: 1692.3]
      [GC Worker End (ms): Min: 109463.0, Avg: 109463.0, Max: 109463.0, Diff: 0.1]
   [Code Root Fixup: 0.0 ms]
   [Code Root Purge: 0.0 ms]
   [Clear CT: 0.5 ms]
   [Other: 1.3 ms]
      [Choose CSet: 0.0 ms]
      [Ref Proc: 0.2 ms]
      [Ref Enq: 0.0 ms]
      [Redirty Cards: 0.4 ms]
      [Humongous Register: 0.1 ms]
      [Humongous Reclaim: 0.0 ms]
      [Free CSet: 0.2 ms]
   [Eden: 148.0M(148.0M)->0.0B(130.0M) Survivors: 21.0M->22.0M Heap: 365.5M(2048.0M)->367.5M(2048.0M)]
 [Times: user=1.56 sys=0.00, real=0.21 secs] 
2020-09-29T12:31:52.338+0200: 109.598: [GC pause (G1 Evacuation Pause) (young), 0.1720739 secs]
   [Parallel Time: 170.7 ms, GC Workers: 8]
      [GC Worker Start (ms): Min: 109597.9, Avg: 109598.0, Max: 109598.1, Diff: 0.2]
      [Ext Root Scanning (ms): Min: 0.0, Avg: 0.1, Max: 0.2, Diff: 0.2, Sum: 0.8]
      [Update RS (ms): Min: 17.3, Avg: 17.7, Max: 18.2, Diff: 1.0, Sum: 141.3]
         [Processed Buffers: Min: 11, Avg: 12.1, Max: 15, Diff: 4, Sum: 97]
      [Scan RS (ms): Min: 9.4, Avg: 10.0, Max: 10.4, Diff: 1.0, Sum: 80.2]
      [Code Root Scanning (ms): Min: 0.0, Avg: 0.0, Max: 0.0, Diff: 0.0, Sum: 0.0]
      [Object Copy (ms): Min: 142.0, Avg: 142.1, Max: 142.4, Diff: 0.5, Sum: 1136.8]
      [Termination (ms): Min: 0.0, Avg: 0.4, Max: 0.4, Diff: 0.4, Sum: 3.0]
         [Termination Attempts: Min: 1, Avg: 1433.8, Max: 1734, Diff: 1733, Sum: 11470]
      [GC Worker Other (ms): Min: 0.0, Avg: 0.0, Max: 0.1, Diff: 0.0, Sum: 0.3]
      [GC Worker Total (ms): Min: 170.2, Avg: 170.3, Max: 170.4, Diff: 0.2, Sum: 1362.4]
      [GC Worker End (ms): Min: 109768.3, Avg: 109768.3, Max: 109768.3, Diff: 0.0]
   [Code Root Fixup: 0.0 ms]
   [Code Root Purge: 0.0 ms]
   [Clear CT: 0.3 ms]
   [Other: 1.1 ms]
      [Choose CSet: 0.0 ms]
      [Ref Proc: 0.2 ms]
      [Ref Enq: 0.0 ms]
      [Redirty Cards: 0.4 ms]
      [Humongous Register: 0.1 ms]
      [Humongous Reclaim: 0.0 ms]
      [Free CSet: 0.2 ms]
   [Eden: 130.0M(130.0M)->0.0B(136.0M) Survivors: 22.0M->19.0M Heap: 518.5M(2048.0M)->520.5M(2048.0M)]
 [Times: user=1.24 sys=0.02, real=0.17 secs] 
2020-09-29T12:31:52.644+0200: 109.904: [GC pause (G1 Evacuation Pause) (young), 0.1836757 secs]
   [Parallel Time: 182.1 ms, GC Workers: 8]
      [GC Worker Start (ms): Min: 109903.7, Avg: 109903.8, Max: 109903.9, Diff: 0.2]
      [Ext Root Scanning (ms): Min: 0.0, Avg: 0.1, Max: 0.2, Diff: 0.2, Sum: 0.9]
      [Update RS (ms): Min: 20.4, Avg: 21.0, Max: 22.3, Diff: 1.9, Sum: 167.9]
         [Processed Buffers: Min: 6, Avg: 12.4, Max: 15, Diff: 9, Sum: 99]
      [Scan RS (ms): Min: 15.8, Avg: 17.3, Max: 19.0, Diff: 3.2, Sum: 138.5]
      [Code Root Scanning (ms): Min: 0.0, Avg: 0.0, Max: 0.0, Diff: 0.0, Sum: 0.0]
      [Object Copy (ms): Min: 142.1, Avg: 143.2, Max: 143.6, Diff: 1.5, Sum: 1146.0]
      [Termination (ms): Min: 0.0, Avg: 0.1, Max: 0.1, Diff: 0.1, Sum: 0.5]
         [Termination Attempts: Min: 1, Avg: 60.6, Max: 110, Diff: 109, Sum: 485]
      [GC Worker Other (ms): Min: 0.0, Avg: 0.0, Max: 0.1, Diff: 0.1, Sum: 0.2]
      [GC Worker Total (ms): Min: 181.7, Avg: 181.8, Max: 181.9, Diff: 0.2, Sum: 1454.1]
      [GC Worker End (ms): Min: 110085.5, Avg: 110085.5, Max: 110085.6, Diff: 0.1]
   [Code Root Fixup: 0.0 ms]
   [Code Root Purge: 0.0 ms]
   [Clear CT: 0.4 ms]
   [Other: 1.2 ms]
      [Choose CSet: 0.0 ms]
      [Ref Proc: 0.2 ms]
      [Ref Enq: 0.0 ms]
      [Redirty Cards: 0.4 ms]
      [Humongous Register: 0.1 ms]
      [Humongous Reclaim: 0.0 ms]
      [Free CSet: 0.2 ms]
   [Eden: 136.0M(136.0M)->0.0B(129.0M) Survivors: 19.0M->20.0M Heap: 679.4M(2048.0M)->681.4M(2048.0M)]
 [Times: user=1.28 sys=0.03, real=0.18 secs] 
2020-09-29T12:31:52.961+0200: 110.220: [GC pause (G1 Evacuation Pause) (young), 0.1337060 secs]
   [Parallel Time: 132.2 ms, GC Workers: 8]
      [GC Worker Start (ms): Min: 110220.2, Avg: 110220.4, Max: 110220.5, Diff: 0.2]
      [Ext Root Scanning (ms): Min: 0.0, Avg: 0.1, Max: 0.2, Diff: 0.2, Sum: 0.8]
      [Update RS (ms): Min: 16.3, Avg: 16.8, Max: 17.2, Diff: 0.9, Sum: 134.4]
         [Processed Buffers: Min: 10, Avg: 11.1, Max: 12, Diff: 2, Sum: 89]
      [Scan RS (ms): Min: 9.7, Avg: 10.1, Max: 10.7, Diff: 1.0, Sum: 81.1]
      [Code Root Scanning (ms): Min: 0.0, Avg: 0.0, Max: 0.0, Diff: 0.0, Sum: 0.0]
      [Object Copy (ms): Min: 104.6, Avg: 104.7, Max: 104.8, Diff: 0.2, Sum: 837.9]
      [Termination (ms): Min: 0.0, Avg: 0.0, Max: 0.1, Diff: 0.1, Sum: 0.2]
         [Termination Attempts: Min: 1, Avg: 91.5, Max: 125, Diff: 124, Sum: 732]
      [GC Worker Other (ms): Min: 0.0, Avg: 0.0, Max: 0.1, Diff: 0.1, Sum: 0.3]
      [GC Worker Total (ms): Min: 131.8, Avg: 131.9, Max: 132.0, Diff: 0.3, Sum: 1054.9]
      [GC Worker End (ms): Min: 110352.2, Avg: 110352.2, Max: 110352.3, Diff: 0.1]
   [Code Root Fixup: 0.0 ms]
   [Code Root Purge: 0.0 ms]
   [Clear CT: 0.3 ms]
   [Other: 1.1 ms]
      [Choose CSet: 0.0 ms]
      [Ref Proc: 0.3 ms]
      [Ref Enq: 0.0 ms]
      [Redirty Cards: 0.3 ms]
      [Humongous Register: 0.1 ms]
      [Humongous Reclaim: 0.0 ms]
      [Free CSet: 0.2 ms]
   [Eden: 129.0M(129.0M)->0.0B(145.0M) Survivors: 20.0M->19.0M Heap: 831.3M(2048.0M)->833.8M(2048.0M)]
 [Times: user=1.00 sys=0.00, real=0.13 secs] 
2020-09-29T12:31:53.235+0200: 110.494: [GC pause (G1 Evacuation Pause) (young), 0.2067332 secs]
   [Parallel Time: 205.0 ms, GC Workers: 8]
      [GC Worker Start (ms): Min: 110493.9, Avg: 110498.1, Max: 110525.3, Diff: 31.4]
      [Ext Root Scanning (ms): Min: 0.0, Avg: 0.1, Max: 0.2, Diff: 0.2, Sum: 0.8]
      [Update RS (ms): Min: 0.0, Avg: 15.9, Max: 18.9, Diff: 18.9, Sum: 127.3]
         [Processed Buffers: Min: 0, Avg: 11.1, Max: 14, Diff: 14, Sum: 89]
      [Scan RS (ms): Min: 1.9, Avg: 16.8, Max: 44.7, Diff: 42.7, Sum: 134.5]
      [Code Root Scanning (ms): Min: 0.0, Avg: 0.0, Max: 0.0, Diff: 0.0, Sum: 0.0]
      [Object Copy (ms): Min: 141.3, Avg: 167.7, Max: 171.5, Diff: 30.2, Sum: 1341.5]
      [Termination (ms): Min: 0.0, Avg: 0.1, Max: 0.1, Diff: 0.1, Sum: 0.8]
         [Termination Attempts: Min: 1, Avg: 191.8, Max: 281, Diff: 280, Sum: 1534]
      [GC Worker Other (ms): Min: 0.0, Avg: 0.0, Max: 0.0, Diff: 0.0, Sum: 0.2]
      [GC Worker Total (ms): Min: 173.5, Avg: 200.6, Max: 204.9, Diff: 31.4, Sum: 1605.2]
      [GC Worker End (ms): Min: 110698.8, Avg: 110698.8, Max: 110698.8, Diff: 0.0]
   [Code Root Fixup: 0.0 ms]
   [Code Root Purge: 0.0 ms]
   [Clear CT: 0.3 ms]
   [Other: 1.5 ms]
      [Choose CSet: 0.0 ms]
      [Ref Proc: 0.3 ms]
      [Ref Enq: 0.0 ms]
      [Redirty Cards: 0.6 ms]
      [Humongous Register: 0.1 ms]
      [Humongous Reclaim: 0.0 ms]
      [Free CSet: 0.3 ms]
   [Eden: 145.0M(145.0M)->0.0B(132.0M) Survivors: 19.0M->21.0M Heap: 1003.6M(2048.0M)->1006.1M(2048.0M)]
 [Times: user=1.42 sys=0.00, real=0.21 secs] 
2020-09-29T12:31:53.453+0200: 110.711: [GC pause (G1 Humongous Allocation) (young) (initial-mark), 0.0737930 secs]
   [Parallel Time: 72.0 ms, GC Workers: 8]
      [GC Worker Start (ms): Min: 110711.6, Avg: 110711.7, Max: 110711.9, Diff: 0.3]
      [Ext Root Scanning (ms): Min: 0.0, Avg: 4.1, Max: 31.7, Diff: 31.7, Sum: 33.2]
      [Update RS (ms): Min: 8.7, Avg: 39.5, Max: 62.5, Diff: 53.8, Sum: 315.8]
         [Processed Buffers: Min: 6, Avg: 22.3, Max: 28, Diff: 22, Sum: 178]
      [Scan RS (ms): Min: 0.0, Avg: 2.3, Max: 3.3, Diff: 3.3, Sum: 18.1]
      [Code Root Scanning (ms): Min: 0.0, Avg: 0.0, Max: 0.0, Diff: 0.0, Sum: 0.0]
      [Object Copy (ms): Min: 8.8, Avg: 25.6, Max: 28.5, Diff: 19.7, Sum: 204.8]
      [Termination (ms): Min: 0.0, Avg: 0.1, Max: 0.1, Diff: 0.1, Sum: 0.8]
         [Termination Attempts: Min: 1, Avg: 121.1, Max: 184, Diff: 183, Sum: 969]
      [GC Worker Other (ms): Min: 0.0, Avg: 0.0, Max: 0.0, Diff: 0.0, Sum: 0.2]
      [GC Worker Total (ms): Min: 71.5, Avg: 71.6, Max: 71.7, Diff: 0.3, Sum: 573.0]
      [GC Worker End (ms): Min: 110783.3, Avg: 110783.4, Max: 110783.4, Diff: 0.0]
   [Code Root Fixup: 0.0 ms]
   [Code Root Purge: 0.0 ms]
   [Clear CT: 0.6 ms]
   [Other: 1.2 ms]
      [Choose CSet: 0.0 ms]
      [Ref Proc: 0.3 ms]
      [Ref Enq: 0.0 ms]
      [Redirty Cards: 0.3 ms]
      [Humongous Register: 0.1 ms]
      [Humongous Reclaim: 0.0 ms]
      [Free CSet: 0.1 ms]
   [Eden: 5120.0K(132.0M)->0.0B(147.0M) Survivors: 21.0M->7168.0K Heap: 1011.1M(2048.0M)->1016.1M(2048.0M)]
 [Times: user=0.53 sys=0.00, real=0.07 secs] 
2020-09-29T12:31:53.527+0200: 110.785: [GC concurrent-root-region-scan-start]
2020-09-29T12:31:53.530+0200: 110.789: [GC concurrent-root-region-scan-end, 0.0033059 secs]
2020-09-29T12:31:53.530+0200: 110.789: [GC concurrent-mark-start]
2020-09-29T12:31:53.536+0200: 110.795: [GC concurrent-mark-end, 0.0058059 secs]
2020-09-29T12:31:53.536+0200: 110.795: [GC remark 2020-09-29T12:31:53.536+0200: 110.795: [Finalize Marking, 0.0003459 secs] 2020-09-29T12:31:53.536+0200: 110.795: [GC ref-proc, 0.0005688 secs] 2020-09-29T12:31:53.537+0200: 110.796: [Unloading, 0.0008095 secs], 0.0022768 secs]
 [Times: user=0.00 sys=0.00, real=0.00 secs] 
2020-09-29T12:31:53.539+0200: 110.798: [GC cleanup 1028M->28M(2048M), 0.0018048 secs]
 [Times: user=0.00 sys=0.00, real=0.00 secs] 
2020-09-29T12:31:53.541+0200: 110.800: [GC concurrent-cleanup-start]
2020-09-29T12:31:53.544+0200: 110.803: [GC concurrent-cleanup-end, 0.0032151 secs]
2020-09-29T12:31:53.685+0200: 110.944: [GC pause (G1 Evacuation Pause) (young), 0.1995341 secs]
   [Parallel Time: 197.7 ms, GC Workers: 8]
      [GC Worker Start (ms): Min: 110943.7, Avg: 110947.8, Max: 110975.3, Diff: 31.6]
      [Ext Root Scanning (ms): Min: 0.0, Avg: 0.1, Max: 0.2, Diff: 0.2, Sum: 0.7]
      [Update RS (ms): Min: 0.0, Avg: 16.5, Max: 19.8, Diff: 19.8, Sum: 132.0]
         [Processed Buffers: Min: 0, Avg: 10.8, Max: 14, Diff: 14, Sum: 86]
      [Scan RS (ms): Min: 0.0, Avg: 10.3, Max: 12.1, Diff: 12.1, Sum: 82.1]
      [Code Root Scanning (ms): Min: 0.0, Avg: 0.0, Max: 0.0, Diff: 0.0, Sum: 0.0]
      [Object Copy (ms): Min: 165.9, Avg: 166.6, Max: 166.7, Diff: 0.9, Sum: 1332.4]
      [Termination (ms): Min: 0.0, Avg: 0.1, Max: 0.1, Diff: 0.1, Sum: 0.6]
         [Termination Attempts: Min: 1, Avg: 22.1, Max: 43, Diff: 42, Sum: 177]
      [GC Worker Other (ms): Min: 0.0, Avg: 0.0, Max: 0.0, Diff: 0.0, Sum: 0.2]
      [GC Worker Total (ms): Min: 166.0, Avg: 193.5, Max: 197.6, Diff: 31.5, Sum: 1548.1]
      [GC Worker End (ms): Min: 111141.3, Avg: 111141.3, Max: 111141.4, Diff: 0.1]
   [Code Root Fixup: 0.0 ms]
   [Code Root Purge: 0.0 ms]
   [Clear CT: 0.3 ms]
   [Other: 1.5 ms]
      [Choose CSet: 0.0 ms]
      [Ref Proc: 0.5 ms]
      [Ref Enq: 0.0 ms]
      [Redirty Cards: 0.4 ms]
      [Humongous Register: 0.0 ms]
      [Humongous Reclaim: 0.0 ms]
      [Free CSet: 0.2 ms]
   [Eden: 147.0M(147.0M)->0.0B(125.0M) Survivors: 7168.0K->20.0M Heap: 188.8M(2048.0M)->183.8M(2048.0M)]
 [Times: user=1.36 sys=0.00, real=0.20 secs] 
2020-09-29T12:31:54.010+0200: 111.268: [GC pause (G1 Evacuation Pause) (young), 0.1798332 secs]
   [Parallel Time: 178.2 ms, GC Workers: 8]
      [GC Worker Start (ms): Min: 111268.6, Avg: 111268.8, Max: 111268.9, Diff: 0.3]
      [Ext Root Scanning (ms): Min: 0.0, Avg: 0.1, Max: 0.2, Diff: 0.2, Sum: 0.8]
      [Update RS (ms): Min: 22.2, Avg: 23.6, Max: 31.4, Diff: 9.3, Sum: 188.7]
         [Processed Buffers: Min: 0, Avg: 13.4, Max: 17, Diff: 17, Sum: 107]
      [Scan RS (ms): Min: 0.8, Avg: 8.7, Max: 10.3, Diff: 9.5, Sum: 69.5]
      [Code Root Scanning (ms): Min: 0.0, Avg: 0.0, Max: 0.0, Diff: 0.0, Sum: 0.0]
      [Object Copy (ms): Min: 144.7, Avg: 145.0, Max: 145.5, Diff: 0.7, Sum: 1160.2]
      [Termination (ms): Min: 0.0, Avg: 0.4, Max: 0.5, Diff: 0.5, Sum: 2.9]
         [Termination Attempts: Min: 1, Avg: 1324.0, Max: 1638, Diff: 1637, Sum: 10592]
      [GC Worker Other (ms): Min: 0.0, Avg: 0.0, Max: 0.1, Diff: 0.1, Sum: 0.3]
      [GC Worker Total (ms): Min: 177.7, Avg: 177.8, Max: 178.0, Diff: 0.3, Sum: 1422.4]
      [GC Worker End (ms): Min: 111446.5, Avg: 111446.6, Max: 111446.7, Diff: 0.1]
   [Code Root Fixup: 0.0 ms]
   [Code Root Purge: 0.0 ms]
   [Clear CT: 0.3 ms]
   [Other: 1.3 ms]
      [Choose CSet: 0.0 ms]
      [Ref Proc: 0.4 ms]
      [Ref Enq: 0.0 ms]
      [Redirty Cards: 0.4 ms]
      [Humongous Register: 0.0 ms]
      [Humongous Reclaim: 0.0 ms]
      [Free CSet: 0.2 ms]
   [Eden: 125.0M(125.0M)->0.0B(126.0M) Survivors: 20.0M->19.0M Heap: 329.8M(2048.0M)->331.8M(2048.0M)]
 [Times: user=1.33 sys=0.00, real=0.18 secs] 
2020-09-29T12:31:54.398+0200: 111.657: [GC pause (G1 Evacuation Pause) (young), 0.2199447 secs]
   [Parallel Time: 216.8 ms, GC Workers: 8]
      [GC Worker Start (ms): Min: 111656.7, Avg: 111656.9, Max: 111657.1, Diff: 0.3]
      [Ext Root Scanning (ms): Min: 0.0, Avg: 0.2, Max: 0.3, Diff: 0.3, Sum: 1.5]
      [Update RS (ms): Min: 23.2, Avg: 24.1, Max: 25.1, Diff: 2.0, Sum: 193.1]
         [Processed Buffers: Min: 9, Avg: 10.0, Max: 11, Diff: 2, Sum: 80]
      [Scan RS (ms): Min: 16.7, Avg: 17.8, Max: 19.0, Diff: 2.3, Sum: 142.4]
      [Code Root Scanning (ms): Min: 0.0, Avg: 0.0, Max: 0.0, Diff: 0.0, Sum: 0.0]
      [Object Copy (ms): Min: 173.5, Avg: 173.8, Max: 173.9, Diff: 0.4, Sum: 1390.5]
      [Termination (ms): Min: 0.0, Avg: 0.2, Max: 0.2, Diff: 0.2, Sum: 1.2]
         [Termination Attempts: Min: 1, Avg: 337.6, Max: 441, Diff: 440, Sum: 2701]
      [GC Worker Other (ms): Min: 0.0, Avg: 0.0, Max: 0.1, Diff: 0.1, Sum: 0.4]
      [GC Worker Total (ms): Min: 216.0, Avg: 216.2, Max: 216.3, Diff: 0.3, Sum: 1729.2]
      [GC Worker End (ms): Min: 111873.0, Avg: 111873.1, Max: 111873.1, Diff: 0.1]
   [Code Root Fixup: 0.0 ms]
   [Code Root Purge: 0.0 ms]
   [Clear CT: 0.6 ms]
   [Other: 2.5 ms]
      [Choose CSet: 0.0 ms]
      [Ref Proc: 0.7 ms]
      [Ref Enq: 0.0 ms]
      [Redirty Cards: 0.9 ms]
      [Humongous Register: 0.1 ms]
      [Humongous Reclaim: 0.0 ms]
      [Free CSet: 0.3 ms]
   [Eden: 126.0M(126.0M)->0.0B(108.0M) Survivors: 19.0M->19.0M Heap: 478.8M(2048.0M)->480.3M(2048.0M)]
 [Times: user=1.61 sys=0.05, real=0.22 secs] 
2020-09-29T12:31:54.796+0200: 112.055: [GC pause (G1 Evacuation Pause) (young), 0.2168328 secs]
   [Parallel Time: 214.6 ms, GC Workers: 8]
      [GC Worker Start (ms): Min: 112055.6, Avg: 112055.9, Max: 112056.2, Diff: 0.6]
      [Ext Root Scanning (ms): Min: 0.0, Avg: 0.2, Max: 0.4, Diff: 0.4, Sum: 1.5]
      [Update RS (ms): Min: 27.5, Avg: 27.9, Max: 29.5, Diff: 2.1, Sum: 223.1]
         [Processed Buffers: Min: 4, Avg: 10.6, Max: 13, Diff: 9, Sum: 85]
      [Scan RS (ms): Min: 13.5, Avg: 15.1, Max: 15.6, Diff: 2.1, Sum: 120.9]
      [Code Root Scanning (ms): Min: 0.0, Avg: 0.0, Max: 0.0, Diff: 0.0, Sum: 0.0]
      [Object Copy (ms): Min: 170.4, Avg: 170.6, Max: 170.7, Diff: 0.3, Sum: 1364.4]
      [Termination (ms): Min: 0.0, Avg: 0.1, Max: 0.1, Diff: 0.1, Sum: 0.9]
         [Termination Attempts: Min: 1, Avg: 236.6, Max: 302, Diff: 301, Sum: 1893]
      [GC Worker Other (ms): Min: 0.0, Avg: 0.1, Max: 0.1, Diff: 0.1, Sum: 0.4]
      [GC Worker Total (ms): Min: 213.6, Avg: 213.9, Max: 214.2, Diff: 0.6, Sum: 1711.3]
      [GC Worker End (ms): Min: 112269.8, Avg: 112269.8, Max: 112269.8, Diff: 0.1]
   [Code Root Fixup: 0.0 ms]
   [Code Root Purge: 0.0 ms]
   [Clear CT: 0.6 ms]
   [Other: 1.7 ms]
      [Choose CSet: 0.0 ms]
      [Ref Proc: 0.4 ms]
      [Ref Enq: 0.0 ms]
      [Redirty Cards: 0.5 ms]
      [Humongous Register: 0.1 ms]
      [Humongous Reclaim: 0.0 ms]
      [Free CSet: 0.3 ms]
   [Eden: 108.0M(108.0M)->0.0B(97.0M) Survivors: 19.0M->16.0M Heap: 607.3M(2048.0M)->609.3M(2048.0M)]
 [Times: user=1.70 sys=0.00, real=0.22 secs] 
2020-09-29T12:31:55.178+0200: 112.437: [GC pause (G1 Evacuation Pause) (young), 0.1698012 secs]
   [Parallel Time: 167.2 ms, GC Workers: 8]
      [GC Worker Start (ms): Min: 112437.3, Avg: 112437.5, Max: 112437.6, Diff: 0.4]
      [Ext Root Scanning (ms): Min: 0.0, Avg: 0.2, Max: 0.4, Diff: 0.4, Sum: 1.7]
      [Update RS (ms): Min: 21.2, Avg: 21.9, Max: 23.1, Diff: 1.8, Sum: 175.3]
         [Processed Buffers: Min: 8, Avg: 9.4, Max: 13, Diff: 5, Sum: 75]
      [Scan RS (ms): Min: 10.9, Avg: 12.0, Max: 12.7, Diff: 1.9, Sum: 96.4]
      [Code Root Scanning (ms): Min: 0.0, Avg: 0.0, Max: 0.0, Diff: 0.0, Sum: 0.0]
      [Object Copy (ms): Min: 132.3, Avg: 132.4, Max: 132.5, Diff: 0.3, Sum: 1059.2]
      [Termination (ms): Min: 0.0, Avg: 0.0, Max: 0.0, Diff: 0.0, Sum: 0.2]
         [Termination Attempts: Min: 1, Avg: 59.0, Max: 82, Diff: 81, Sum: 472]
      [GC Worker Other (ms): Min: 0.0, Avg: 0.0, Max: 0.1, Diff: 0.1, Sum: 0.4]
      [GC Worker Total (ms): Min: 166.5, Avg: 166.7, Max: 166.8, Diff: 0.4, Sum: 1333.2]
      [GC Worker End (ms): Min: 112604.1, Avg: 112604.1, Max: 112604.2, Diff: 0.1]
   [Code Root Fixup: 0.0 ms]
   [Code Root Purge: 0.0 ms]
   [Clear CT: 0.6 ms]
   [Other: 2.0 ms]
      [Choose CSet: 0.0 ms]
      [Ref Proc: 0.8 ms]
      [Ref Enq: 0.0 ms]
      [Redirty Cards: 0.5 ms]
      [Humongous Register: 0.1 ms]
      [Humongous Reclaim: 0.0 ms]
      [Free CSet: 0.3 ms]
   [Eden: 97.0M(97.0M)->0.0B(100.0M) Survivors: 16.0M->15.0M Heap: 721.6M(2048.0M)->723.6M(2048.0M)]
 [Times: user=1.25 sys=0.00, real=0.17 secs] 
2020-09-29T12:31:55.513+0200: 112.772: [GC pause (G1 Evacuation Pause) (young), 0.1723279 secs]
   [Parallel Time: 169.9 ms, GC Workers: 8]
      [GC Worker Start (ms): Min: 112772.7, Avg: 112772.8, Max: 112773.0, Diff: 0.4]
      [Ext Root Scanning (ms): Min: 0.0, Avg: 0.2, Max: 0.3, Diff: 0.3, Sum: 1.5]
      [Update RS (ms): Min: 19.7, Avg: 20.2, Max: 21.1, Diff: 1.4, Sum: 161.4]
         [Processed Buffers: Min: 8, Avg: 9.1, Max: 11, Diff: 3, Sum: 73]
      [Scan RS (ms): Min: 12.6, Avg: 13.4, Max: 13.9, Diff: 1.3, Sum: 107.5]
      [Code Root Scanning (ms): Min: 0.0, Avg: 0.0, Max: 0.0, Diff: 0.0, Sum: 0.0]
      [Object Copy (ms): Min: 135.3, Avg: 135.5, Max: 135.6, Diff: 0.3, Sum: 1083.8]
      [Termination (ms): Min: 0.0, Avg: 0.0, Max: 0.0, Diff: 0.0, Sum: 0.1]
         [Termination Attempts: Min: 1, Avg: 23.4, Max: 29, Diff: 28, Sum: 187]
      [GC Worker Other (ms): Min: 0.0, Avg: 0.1, Max: 0.1, Diff: 0.1, Sum: 0.5]
      [GC Worker Total (ms): Min: 169.2, Avg: 169.4, Max: 169.6, Diff: 0.4, Sum: 1354.8]
      [GC Worker End (ms): Min: 112942.1, Avg: 112942.2, Max: 112942.2, Diff: 0.1]
   [Code Root Fixup: 0.0 ms]
   [Code Root Purge: 0.0 ms]
   [Clear CT: 0.6 ms]
   [Other: 1.8 ms]
      [Choose CSet: 0.0 ms]
      [Ref Proc: 0.4 ms]
      [Ref Enq: 0.0 ms]
      [Redirty Cards: 0.6 ms]
      [Humongous Register: 0.1 ms]
      [Humongous Reclaim: 0.0 ms]
      [Free CSet: 0.3 ms]
   [Eden: 100.0M(100.0M)->0.0B(101.0M) Survivors: 15.0M->15.0M Heap: 840.8M(2048.0M)->842.3M(2048.0M)]
 [Times: user=1.38 sys=0.00, real=0.17 secs] 
2020-09-29T12:31:55.854+0200: 113.113: [GC pause (G1 Evacuation Pause) (young), 0.1767481 secs]
   [Parallel Time: 174.4 ms, GC Workers: 8]
      [GC Worker Start (ms): Min: 113113.1, Avg: 113113.4, Max: 113113.5, Diff: 0.4]
      [Ext Root Scanning (ms): Min: 0.0, Avg: 0.2, Max: 0.4, Diff: 0.4, Sum: 1.4]
      [Update RS (ms): Min: 18.8, Avg: 19.3, Max: 19.9, Diff: 1.1, Sum: 154.2]
         [Processed Buffers: Min: 8, Avg: 9.4, Max: 12, Diff: 4, Sum: 75]
      [Scan RS (ms): Min: 13.2, Avg: 13.7, Max: 14.2, Diff: 1.0, Sum: 109.8]
      [Code Root Scanning (ms): Min: 0.0, Avg: 0.0, Max: 0.0, Diff: 0.0, Sum: 0.0]
      [Object Copy (ms): Min: 140.3, Avg: 140.5, Max: 140.5, Diff: 0.2, Sum: 1123.6]
      [Termination (ms): Min: 0.0, Avg: 0.1, Max: 0.2, Diff: 0.2, Sum: 1.1]
         [Termination Attempts: Min: 1, Avg: 294.5, Max: 361, Diff: 360, Sum: 2356]
      [GC Worker Other (ms): Min: 0.0, Avg: 0.1, Max: 0.1, Diff: 0.1, Sum: 0.6]
      [GC Worker Total (ms): Min: 173.7, Avg: 173.8, Max: 174.0, Diff: 0.3, Sum: 1390.8]
      [GC Worker End (ms): Min: 113287.2, Avg: 113287.2, Max: 113287.3, Diff: 0.1]
   [Code Root Fixup: 0.0 ms]
   [Code Root Purge: 0.0 ms]
   [Clear CT: 0.6 ms]
   [Other: 1.8 ms]
      [Choose CSet: 0.0 ms]
      [Ref Proc: 0.4 ms]
      [Ref Enq: 0.0 ms]
      [Redirty Cards: 0.8 ms]
      [Humongous Register: 0.1 ms]
      [Humongous Reclaim: 0.0 ms]
      [Free CSet: 0.2 ms]
   [Eden: 101.0M(101.0M)->0.0B(102.0M) Survivors: 15.0M->15.0M Heap: 960.4M(2048.0M)->962.4M(2048.0M)]
 [Times: user=1.34 sys=0.00, real=0.18 secs] 
2020-09-29T12:31:56.056+0200: 113.315: [GC pause (G1 Humongous Allocation) (young) (initial-mark), 0.0618052 secs]
   [Parallel Time: 58.9 ms, GC Workers: 8]
      [GC Worker Start (ms): Min: 113315.3, Avg: 113315.5, Max: 113315.8, Diff: 0.4]
      [Ext Root Scanning (ms): Min: 0.0, Avg: 0.6, Max: 1.4, Diff: 1.4, Sum: 4.8]
      [Update RS (ms): Min: 23.5, Avg: 24.9, Max: 25.7, Diff: 2.2, Sum: 199.6]
         [Processed Buffers: Min: 9, Avg: 10.5, Max: 12, Diff: 3, Sum: 84]
      [Scan RS (ms): Min: 2.3, Avg: 2.6, Max: 3.3, Diff: 1.1, Sum: 20.9]
      [Code Root Scanning (ms): Min: 0.0, Avg: 0.0, Max: 0.0, Diff: 0.0, Sum: 0.0]
      [Object Copy (ms): Min: 30.0, Avg: 30.1, Max: 30.2, Diff: 0.2, Sum: 240.5]
      [Termination (ms): Min: 0.0, Avg: 0.0, Max: 0.0, Diff: 0.0, Sum: 0.2]
         [Termination Attempts: Min: 1, Avg: 36.6, Max: 50, Diff: 49, Sum: 293]
      [GC Worker Other (ms): Min: 0.0, Avg: 0.1, Max: 0.1, Diff: 0.1, Sum: 0.4]
      [GC Worker Total (ms): Min: 58.0, Avg: 58.3, Max: 58.5, Diff: 0.4, Sum: 466.4]
      [GC Worker End (ms): Min: 113373.8, Avg: 113373.8, Max: 113373.9, Diff: 0.1]
   [Code Root Fixup: 0.0 ms]
   [Code Root Purge: 0.0 ms]
   [Clear CT: 0.9 ms]
   [Other: 2.0 ms]
      [Choose CSet: 0.0 ms]
      [Ref Proc: 0.8 ms]
      [Ref Enq: 0.0 ms]
      [Redirty Cards: 0.6 ms]
      [Humongous Register: 0.0 ms]
      [Humongous Reclaim: 0.0 ms]
      [Free CSet: 0.1 ms]
   [Eden: 9216.0K(102.0M)->0.0B(112.0M) Survivors: 15.0M->10.0M Heap: 971.4M(2048.0M)->974.4M(2048.0M)]
 [Times: user=0.50 sys=0.00, real=0.06 secs] 
2020-09-29T12:31:56.118+0200: 113.377: [GC concurrent-root-region-scan-start]
2020-09-29T12:31:56.125+0200: 113.384: [GC concurrent-root-region-scan-end, 0.0070580 secs]
2020-09-29T12:31:56.125+0200: 113.384: [GC concurrent-mark-start]
2020-09-29T12:31:56.133+0200: 113.392: [GC concurrent-mark-end, 0.0073136 secs]
2020-09-29T12:31:56.133+0200: 113.392: [GC remark 2020-09-29T12:31:56.133+0200: 113.392: [Finalize Marking, 0.0007298 secs] 2020-09-29T12:31:56.134+0200: 113.393: [GC ref-proc, 0.0009142 secs] 2020-09-29T12:31:56.135+0200: 113.394: [Unloading, 0.0015983 secs], 0.0040250 secs]
 [Times: user=0.00 sys=0.00, real=0.00 secs] 
2020-09-29T12:31:56.138+0200: 113.397: [GC cleanup 984M->29M(2048M), 0.0038190 secs]
 [Times: user=0.00 sys=0.00, real=0.00 secs] 
2020-09-29T12:31:56.142+0200: 113.401: [GC concurrent-cleanup-start]
2020-09-29T12:31:56.146+0200: 113.405: [GC concurrent-cleanup-end, 0.0034515 secs]
2020-09-29T12:31:56.304+0200: 113.563: [GC pause (G1 Evacuation Pause) (young), 0.1721186 secs]
   [Parallel Time: 169.0 ms, GC Workers: 8]
      [GC Worker Start (ms): Min: 113563.3, Avg: 113563.5, Max: 113563.7, Diff: 0.4]
      [Ext Root Scanning (ms): Min: 0.0, Avg: 0.2, Max: 0.4, Diff: 0.4, Sum: 1.5]
      [Update RS (ms): Min: 19.1, Avg: 19.8, Max: 20.1, Diff: 1.0, Sum: 158.0]
         [Processed Buffers: Min: 7, Avg: 7.9, Max: 9, Diff: 2, Sum: 63]
      [Scan RS (ms): Min: 12.9, Avg: 13.5, Max: 14.8, Diff: 1.9, Sum: 107.9]
      [Code Root Scanning (ms): Min: 0.0, Avg: 0.0, Max: 0.0, Diff: 0.0, Sum: 0.0]
      [Object Copy (ms): Min: 134.2, Avg: 135.0, Max: 135.2, Diff: 0.9, Sum: 1079.8]
      [Termination (ms): Min: 0.0, Avg: 0.0, Max: 0.0, Diff: 0.0, Sum: 0.1]
         [Termination Attempts: Min: 1, Avg: 18.3, Max: 26, Diff: 25, Sum: 146]
      [GC Worker Other (ms): Min: 0.0, Avg: 0.1, Max: 0.1, Diff: 0.1, Sum: 0.4]
      [GC Worker Total (ms): Min: 168.2, Avg: 168.5, Max: 168.7, Diff: 0.4, Sum: 1347.8]
      [GC Worker End (ms): Min: 113732.0, Avg: 113732.0, Max: 113732.0, Diff: 0.1]
   [Code Root Fixup: 0.0 ms]
   [Code Root Purge: 0.0 ms]
   [Clear CT: 0.8 ms]
   [Other: 2.3 ms]
      [Choose CSet: 0.0 ms]
      [Ref Proc: 0.5 ms]
      [Ref Enq: 0.0 ms]
      [Redirty Cards: 1.1 ms]
      [Humongous Register: 0.1 ms]
      [Humongous Reclaim: 0.0 ms]
      [Free CSet: 0.2 ms]
   [Eden: 112.0M(112.0M)->0.0B(107.0M) Survivors: 10.0M->16.0M Heap: 151.1M(2048.0M)->142.6M(2048.0M)]
 [Times: user=1.28 sys=0.00, real=0.17 secs] 
2020-09-29T12:31:56.651+0200: 113.910: [GC pause (G1 Evacuation Pause) (young), 0.2572355 secs]
   [Parallel Time: 254.8 ms, GC Workers: 8]
      [GC Worker Start (ms): Min: 113909.8, Avg: 113910.3, Max: 113912.5, Diff: 2.7]
      [Ext Root Scanning (ms): Min: 0.0, Avg: 0.2, Max: 0.4, Diff: 0.4, Sum: 1.4]
      [Update RS (ms): Min: 21.4, Avg: 24.8, Max: 31.2, Diff: 9.8, Sum: 198.0]
         [Processed Buffers: Min: 0, Avg: 9.9, Max: 13, Diff: 13, Sum: 79]
      [Scan RS (ms): Min: 10.1, Avg: 16.4, Max: 18.2, Diff: 8.0, Sum: 131.0]
      [Code Root Scanning (ms): Min: 0.0, Avg: 0.0, Max: 0.0, Diff: 0.0, Sum: 0.0]
      [Object Copy (ms): Min: 212.1, Avg: 212.3, Max: 212.4, Diff: 0.4, Sum: 1698.5]
      [Termination (ms): Min: 0.0, Avg: 0.3, Max: 0.4, Diff: 0.4, Sum: 2.1]
         [Termination Attempts: Min: 1, Avg: 548.0, Max: 679, Diff: 678, Sum: 4384]
      [GC Worker Other (ms): Min: 0.0, Avg: 0.1, Max: 0.1, Diff: 0.1, Sum: 0.4]
      [GC Worker Total (ms): Min: 251.7, Avg: 253.9, Max: 254.4, Diff: 2.7, Sum: 2031.5]
      [GC Worker End (ms): Min: 114164.2, Avg: 114164.2, Max: 114164.3, Diff: 0.1]
   [Code Root Fixup: 0.0 ms]
   [Code Root Purge: 0.0 ms]
   [Clear CT: 0.8 ms]
   [Other: 1.7 ms]
      [Choose CSet: 0.0 ms]
      [Ref Proc: 0.4 ms]
      [Ref Enq: 0.0 ms]
      [Redirty Cards: 0.5 ms]
      [Humongous Register: 0.1 ms]
      [Humongous Reclaim: 0.0 ms]
      [Free CSet: 0.3 ms]
   [Eden: 107.0M(107.0M)->0.0B(86.0M) Survivors: 16.0M->16.0M Heap: 268.6M(2048.0M)->270.6M(2048.0M)]
 [Times: user=1.84 sys=0.00, real=0.26 secs] 
2020-09-29T12:31:57.070+0200: 114.329: [GC pause (G1 Evacuation Pause) (young), 0.1855981 secs]
   [Parallel Time: 183.0 ms, GC Workers: 8]
      [GC Worker Start (ms): Min: 114329.2, Avg: 114329.4, Max: 114329.6, Diff: 0.4]
      [Ext Root Scanning (ms): Min: 0.0, Avg: 0.2, Max: 0.4, Diff: 0.4, Sum: 1.5]
      [Update RS (ms): Min: 17.5, Avg: 17.7, Max: 17.8, Diff: 0.3, Sum: 141.3]
         [Processed Buffers: Min: 7, Avg: 7.9, Max: 9, Diff: 2, Sum: 63]
      [Scan RS (ms): Min: 11.4, Avg: 11.6, Max: 11.8, Diff: 0.4, Sum: 92.7]
      [Code Root Scanning (ms): Min: 0.0, Avg: 0.0, Max: 0.0, Diff: 0.0, Sum: 0.0]
      [Object Copy (ms): Min: 152.7, Avg: 152.8, Max: 152.9, Diff: 0.3, Sum: 1222.7]
      [Termination (ms): Min: 0.0, Avg: 0.1, Max: 0.1, Diff: 0.1, Sum: 0.5]
         [Termination Attempts: Min: 1, Avg: 132.0, Max: 185, Diff: 184, Sum: 1056]
      [GC Worker Other (ms): Min: 0.0, Avg: 0.1, Max: 0.1, Diff: 0.1, Sum: 0.4]
      [GC Worker Total (ms): Min: 182.3, Avg: 182.4, Max: 182.6, Diff: 0.3, Sum: 1459.3]
      [GC Worker End (ms): Min: 114511.8, Avg: 114511.8, Max: 114511.9, Diff: 0.1]
   [Code Root Fixup: 0.0 ms]
   [Code Root Purge: 0.0 ms]
   [Clear CT: 0.5 ms]
   [Other: 2.1 ms]
      [Choose CSet: 0.0 ms]
      [Ref Proc: 0.6 ms]
      [Ref Enq: 0.0 ms]
      [Redirty Cards: 0.6 ms]
      [Humongous Register: 0.1 ms]
      [Humongous Reclaim: 0.0 ms]
      [Free CSet: 0.3 ms]
   [Eden: 86.0M(86.0M)->0.0B(89.0M) Survivors: 16.0M->13.0M Heap: 370.0M(2048.0M)->372.0M(2048.0M)]
 [Times: user=1.31 sys=0.00, real=0.19 secs] 
2020-09-29T12:31:57.407+0200: 114.666: [GC pause (G1 Evacuation Pause) (young), 0.1683354 secs]
   [Parallel Time: 165.8 ms, GC Workers: 8]
      [GC Worker Start (ms): Min: 114665.7, Avg: 114665.9, Max: 114666.0, Diff: 0.3]
      [Ext Root Scanning (ms): Min: 0.1, Avg: 0.2, Max: 0.3, Diff: 0.3, Sum: 1.7]
      [Update RS (ms): Min: 18.1, Avg: 18.4, Max: 19.3, Diff: 1.1, Sum: 147.4]
         [Processed Buffers: Min: 7, Avg: 8.5, Max: 10, Diff: 3, Sum: 68]
      [Scan RS (ms): Min: 10.7, Avg: 11.4, Max: 11.7, Diff: 1.0, Sum: 91.1]
      [Code Root Scanning (ms): Min: 0.0, Avg: 0.0, Max: 0.0, Diff: 0.0, Sum: 0.0]
      [Object Copy (ms): Min: 134.5, Avg: 134.8, Max: 135.4, Diff: 0.9, Sum: 1078.2]
      [Termination (ms): Min: 0.0, Avg: 0.5, Max: 0.9, Diff: 0.9, Sum: 4.2]
         [Termination Attempts: Min: 1, Avg: 993.1, Max: 1211, Diff: 1210, Sum: 7945]
      [GC Worker Other (ms): Min: 0.0, Avg: 0.1, Max: 0.1, Diff: 0.1, Sum: 0.5]
      [GC Worker Total (ms): Min: 165.2, Avg: 165.4, Max: 165.5, Diff: 0.3, Sum: 1323.1]
      [GC Worker End (ms): Min: 114831.2, Avg: 114831.2, Max: 114831.3, Diff: 0.1]
   [Code Root Fixup: 0.0 ms]
   [Code Root Purge: 0.0 ms]
   [Clear CT: 0.5 ms]
   [Other: 2.0 ms]
      [Choose CSet: 0.0 ms]
      [Ref Proc: 0.6 ms]
      [Ref Enq: 0.0 ms]
      [Redirty Cards: 0.5 ms]
      [Humongous Register: 0.1 ms]
      [Humongous Reclaim: 0.0 ms]
      [Free CSet: 0.3 ms]
   [Eden: 89.0M(89.0M)->0.0B(89.0M) Survivors: 13.0M->13.0M Heap: 476.3M(2048.0M)->477.8M(2048.0M)]
 [Times: user=1.38 sys=0.00, real=0.17 secs] 
2020-09-29T12:31:57.720+0200: 114.979: [GC pause (G1 Evacuation Pause) (young), 0.1524078 secs]
   [Parallel Time: 149.8 ms, GC Workers: 8]
      [GC Worker Start (ms): Min: 114979.2, Avg: 114979.4, Max: 114979.6, Diff: 0.4]
      [Ext Root Scanning (ms): Min: 0.0, Avg: 0.2, Max: 0.4, Diff: 0.4, Sum: 1.4]
      [Update RS (ms): Min: 19.6, Avg: 20.3, Max: 21.5, Diff: 1.9, Sum: 162.1]
         [Processed Buffers: Min: 8, Avg: 9.5, Max: 13, Diff: 5, Sum: 76]
      [Scan RS (ms): Min: 9.6, Avg: 10.7, Max: 11.3, Diff: 1.8, Sum: 85.9]
      [Code Root Scanning (ms): Min: 0.0, Avg: 0.0, Max: 0.0, Diff: 0.0, Sum: 0.0]
      [Object Copy (ms): Min: 117.7, Avg: 117.8, Max: 117.9, Diff: 0.2, Sum: 942.3]
      [Termination (ms): Min: 0.0, Avg: 0.0, Max: 0.0, Diff: 0.0, Sum: 0.1]
         [Termination Attempts: Min: 1, Avg: 28.5, Max: 42, Diff: 41, Sum: 228]
      [GC Worker Other (ms): Min: 0.0, Avg: 0.0, Max: 0.1, Diff: 0.0, Sum: 0.3]
      [GC Worker Total (ms): Min: 148.8, Avg: 149.0, Max: 149.3, Diff: 0.4, Sum: 1192.1]
      [GC Worker End (ms): Min: 115128.4, Avg: 115128.4, Max: 115128.5, Diff: 0.0]
   [Code Root Fixup: 0.0 ms]
   [Code Root Purge: 0.0 ms]
   [Clear CT: 0.5 ms]
   [Other: 2.2 ms]
      [Choose CSet: 0.0 ms]
      [Ref Proc: 0.6 ms]
      [Ref Enq: 0.0 ms]
      [Redirty Cards: 0.9 ms]
      [Humongous Register: 0.1 ms]
      [Humongous Reclaim: 0.0 ms]
      [Free CSet: 0.3 ms]
   [Eden: 89.0M(89.0M)->0.0B(95.0M) Survivors: 13.0M->13.0M Heap: 582.0M(2048.0M)->583.5M(2048.0M)]
 [Times: user=1.23 sys=0.02, real=0.15 secs] 
2020-09-29T12:31:58.029+0200: 115.288: [GC pause (G1 Evacuation Pause) (young), 0.1615807 secs]
   [Parallel Time: 158.6 ms, GC Workers: 8]
      [GC Worker Start (ms): Min: 115288.3, Avg: 115288.5, Max: 115288.6, Diff: 0.3]
      [Ext Root Scanning (ms): Min: 0.0, Avg: 0.2, Max: 0.4, Diff: 0.3, Sum: 1.5]
      [Update RS (ms): Min: 17.2, Avg: 17.4, Max: 17.8, Diff: 0.5, Sum: 138.9]
         [Processed Buffers: Min: 7, Avg: 8.0, Max: 12, Diff: 5, Sum: 64]
      [Scan RS (ms): Min: 12.4, Avg: 12.8, Max: 13.0, Diff: 0.5, Sum: 102.4]
      [Code Root Scanning (ms): Min: 0.0, Avg: 0.0, Max: 0.0, Diff: 0.0, Sum: 0.0]
      [Object Copy (ms): Min: 127.5, Avg: 127.6, Max: 127.7, Diff: 0.1, Sum: 1020.7]
      [Termination (ms): Min: 0.0, Avg: 0.1, Max: 0.1, Diff: 0.1, Sum: 0.7]
         [Termination Attempts: Min: 1, Avg: 183.9, Max: 229, Diff: 228, Sum: 1471]
      [GC Worker Other (ms): Min: 0.0, Avg: 0.1, Max: 0.1, Diff: 0.1, Sum: 0.4]
      [GC Worker Total (ms): Min: 158.0, Avg: 158.1, Max: 158.3, Diff: 0.3, Sum: 1264.7]
      [GC Worker End (ms): Min: 115446.5, Avg: 115446.5, Max: 115446.6, Diff: 0.1]
   [Code Root Fixup: 0.0 ms]
   [Code Root Purge: 0.0 ms]
   [Clear CT: 0.7 ms]
   [Other: 2.2 ms]
      [Choose CSet: 0.0 ms]
      [Ref Proc: 0.4 ms]
      [Ref Enq: 0.0 ms]
      [Redirty Cards: 1.2 ms]
      [Humongous Register: 0.1 ms]
      [Humongous Reclaim: 0.0 ms]
      [Free CSet: 0.2 ms]
   [Eden: 95.0M(95.0M)->0.0B(99.0M) Survivors: 13.0M->14.0M Heap: 693.8M(2048.0M)->695.8M(2048.0M)]
 [Times: user=1.25 sys=0.00, real=0.16 secs] 
2020-09-29T12:31:58.347+0200: 115.605: [GC pause (G1 Evacuation Pause) (young), 0.1860392 secs]
   [Parallel Time: 181.9 ms, GC Workers: 8]
      [GC Worker Start (ms): Min: 115605.6, Avg: 115605.8, Max: 115606.1, Diff: 0.4]
      [Ext Root Scanning (ms): Min: 0.0, Avg: 0.2, Max: 0.4, Diff: 0.4, Sum: 1.4]
      [Update RS (ms): Min: 17.5, Avg: 17.6, Max: 17.9, Diff: 0.5, Sum: 140.8]
         [Processed Buffers: Min: 7, Avg: 8.5, Max: 13, Diff: 6, Sum: 68]
      [Scan RS (ms): Min: 13.6, Avg: 14.0, Max: 14.2, Diff: 0.6, Sum: 111.8]
      [Code Root Scanning (ms): Min: 0.0, Avg: 0.0, Max: 0.0, Diff: 0.0, Sum: 0.0]
      [Object Copy (ms): Min: 148.9, Avg: 149.1, Max: 149.5, Diff: 0.7, Sum: 1192.8]
      [Termination (ms): Min: 0.0, Avg: 0.3, Max: 0.4, Diff: 0.4, Sum: 2.7]
         [Termination Attempts: Min: 1, Avg: 649.6, Max: 780, Diff: 779, Sum: 5197]
      [GC Worker Other (ms): Min: 0.0, Avg: 0.1, Max: 0.1, Diff: 0.1, Sum: 0.6]
      [GC Worker Total (ms): Min: 181.0, Avg: 181.3, Max: 181.6, Diff: 0.6, Sum: 1450.2]
      [GC Worker End (ms): Min: 115787.1, Avg: 115787.1, Max: 115787.2, Diff: 0.1]
   [Code Root Fixup: 0.0 ms]
   [Code Root Purge: 0.0 ms]
   [Clear CT: 1.5 ms]
   [Other: 2.7 ms]
      [Choose CSet: 0.0 ms]
      [Ref Proc: 0.5 ms]
      [Ref Enq: 0.0 ms]
      [Redirty Cards: 1.4 ms]
      [Humongous Register: 0.1 ms]
      [Humongous Reclaim: 0.0 ms]
      [Free CSet: 0.3 ms]
   [Eden: 99.0M(99.0M)->0.0B(97.0M) Survivors: 14.0M->15.0M Heap: 811.9M(2048.0M)->813.9M(2048.0M)]
 [Times: user=1.47 sys=0.00, real=0.19 secs] 
2020-09-29T12:31:58.687+0200: 115.946: [GC pause (G1 Evacuation Pause) (young), 0.1684837 secs]
   [Parallel Time: 166.0 ms, GC Workers: 8]
      [GC Worker Start (ms): Min: 115946.5, Avg: 115946.7, Max: 115946.9, Diff: 0.4]
      [Ext Root Scanning (ms): Min: 0.0, Avg: 0.2, Max: 0.4, Diff: 0.3, Sum: 1.7]
      [Update RS (ms): Min: 20.4, Avg: 20.7, Max: 21.5, Diff: 1.1, Sum: 165.7]
         [Processed Buffers: Min: 7, Avg: 8.9, Max: 11, Diff: 4, Sum: 71]
      [Scan RS (ms): Min: 12.0, Avg: 12.8, Max: 13.3, Diff: 1.3, Sum: 102.5]
      [Code Root Scanning (ms): Min: 0.0, Avg: 0.0, Max: 0.0, Diff: 0.0, Sum: 0.0]
      [Object Copy (ms): Min: 131.5, Avg: 131.7, Max: 131.8, Diff: 0.3, Sum: 1053.3]
      [Termination (ms): Min: 0.0, Avg: 0.0, Max: 0.0, Diff: 0.0, Sum: 0.3]
         [Termination Attempts: Min: 1, Avg: 64.5, Max: 86, Diff: 85, Sum: 516]
      [GC Worker Other (ms): Min: 0.0, Avg: 0.1, Max: 0.1, Diff: 0.1, Sum: 0.4]
      [GC Worker Total (ms): Min: 165.3, Avg: 165.5, Max: 165.6, Diff: 0.3, Sum: 1323.9]
      [GC Worker End (ms): Min: 116112.2, Avg: 116112.2, Max: 116112.2, Diff: 0.1]
   [Code Root Fixup: 0.0 ms]
   [Code Root Purge: 0.0 ms]
   [Clear CT: 0.6 ms]
   [Other: 1.9 ms]
      [Choose CSet: 0.0 ms]
      [Ref Proc: 0.4 ms]
      [Ref Enq: 0.0 ms]
      [Redirty Cards: 0.7 ms]
      [Humongous Register: 0.1 ms]
      [Humongous Reclaim: 0.0 ms]
      [Free CSet: 0.3 ms]
   [Eden: 97.0M(97.0M)->0.0B(101.0M) Survivors: 15.0M->14.0M Heap: 926.2M(2048.0M)->927.7M(2048.0M)]
 [Times: user=1.36 sys=0.00, real=0.17 secs] 
2020-09-29T12:31:58.874+0200: 116.133: [GC pause (G1 Humongous Allocation) (young) (initial-mark), 0.0716220 secs]
   [Parallel Time: 65.8 ms, GC Workers: 8]
      [GC Worker Start (ms): Min: 116133.5, Avg: 116133.8, Max: 116134.1, Diff: 0.6]
      [Ext Root Scanning (ms): Min: 0.0, Avg: 1.4, Max: 3.1, Diff: 3.1, Sum: 11.5]
      [Update RS (ms): Min: 29.0, Avg: 31.8, Max: 33.6, Diff: 4.6, Sum: 254.8]
         [Processed Buffers: Min: 9, Avg: 11.9, Max: 13, Diff: 4, Sum: 95]
      [Scan RS (ms): Min: 1.4, Avg: 2.5, Max: 3.6, Diff: 2.2, Sum: 19.7]
      [Code Root Scanning (ms): Min: 0.0, Avg: 0.0, Max: 0.0, Diff: 0.0, Sum: 0.0]
      [Object Copy (ms): Min: 29.1, Avg: 29.2, Max: 29.3, Diff: 0.3, Sum: 233.8]
      [Termination (ms): Min: 0.1, Avg: 0.1, Max: 0.2, Diff: 0.1, Sum: 1.2]
         [Termination Attempts: Min: 1, Avg: 146.1, Max: 181, Diff: 180, Sum: 1169]
      [GC Worker Other (ms): Min: 0.0, Avg: 0.0, Max: 0.1, Diff: 0.1, Sum: 0.2]
      [GC Worker Total (ms): Min: 64.9, Avg: 65.1, Max: 65.5, Diff: 0.6, Sum: 521.2]
      [GC Worker End (ms): Min: 116198.9, Avg: 116198.9, Max: 116199.0, Diff: 0.0]
   [Code Root Fixup: 0.0 ms]
   [Code Root Purge: 0.0 ms]
   [Clear CT: 1.8 ms]
   [Other: 4.0 ms]
      [Choose CSet: 0.0 ms]
      [Ref Proc: 1.4 ms]
      [Ref Enq: 0.0 ms]
      [Redirty Cards: 1.8 ms]
      [Humongous Register: 0.1 ms]
      [Humongous Reclaim: 0.0 ms]
      [Free CSet: 0.1 ms]
   [Eden: 5120.0K(101.0M)->0.0B(104.0M) Survivors: 14.0M->6144.0K Heap: 932.2M(2048.0M)->935.2M(2048.0M)]
 [Times: user=0.50 sys=0.00, real=0.07 secs] 
2020-09-29T12:31:58.946+0200: 116.205: [GC concurrent-root-region-scan-start]
2020-09-29T12:31:58.949+0200: 116.208: [GC concurrent-root-region-scan-end, 0.0032052 secs]
2020-09-29T12:31:58.949+0200: 116.208: [GC concurrent-mark-start]
2020-09-29T12:31:58.957+0200: 116.216: [GC concurrent-mark-end, 0.0075719 secs]
2020-09-29T12:31:58.958+0200: 116.217: [GC remark 2020-09-29T12:31:58.958+0200: 116.217: [Finalize Marking, 0.0008070 secs] 2020-09-29T12:31:58.959+0200: 116.218: [GC ref-proc, 0.0008511 secs] 2020-09-29T12:31:58.960+0200: 116.218: [Unloading, 0.0015416 secs], 0.0042831 secs]
 [Times: user=0.00 sys=0.00, real=0.00 secs] 
2020-09-29T12:31:58.963+0200: 116.222: [GC cleanup 944M->24M(2048M), 0.0039796 secs]
 [Times: user=0.00 sys=0.00, real=0.00 secs] 
2020-09-29T12:31:58.967+0200: 116.226: [GC concurrent-cleanup-start]
2020-09-29T12:31:58.971+0200: 116.230: [GC concurrent-cleanup-end, 0.0039225 secs]
2020-09-29T12:31:59.115+0200: 116.374: [GC pause (G1 Evacuation Pause) (young), 0.1718488 secs]
   [Parallel Time: 169.6 ms, GC Workers: 8]
      [GC Worker Start (ms): Min: 116374.2, Avg: 116374.4, Max: 116374.6, Diff: 0.4]
      [Ext Root Scanning (ms): Min: 0.0, Avg: 0.2, Max: 0.4, Diff: 0.4, Sum: 1.4]
      [Update RS (ms): Min: 18.2, Avg: 19.4, Max: 25.8, Diff: 7.6, Sum: 155.1]
         [Processed Buffers: Min: 6, Avg: 8.6, Max: 12, Diff: 6, Sum: 69]
      [Scan RS (ms): Min: 6.4, Avg: 13.0, Max: 14.2, Diff: 7.8, Sum: 103.9]
      [Code Root Scanning (ms): Min: 0.0, Avg: 0.0, Max: 0.0, Diff: 0.0, Sum: 0.0]
      [Object Copy (ms): Min: 136.1, Avg: 136.3, Max: 136.4, Diff: 0.3, Sum: 1090.4]
      [Termination (ms): Min: 0.0, Avg: 0.0, Max: 0.0, Diff: 0.0, Sum: 0.1]
         [Termination Attempts: Min: 1, Avg: 24.3, Max: 36, Diff: 35, Sum: 194]
      [GC Worker Other (ms): Min: 0.0, Avg: 0.1, Max: 0.1, Diff: 0.1, Sum: 0.6]
      [GC Worker Total (ms): Min: 168.8, Avg: 168.9, Max: 169.2, Diff: 0.4, Sum: 1351.5]
      [GC Worker End (ms): Min: 116543.3, Avg: 116543.4, Max: 116543.4, Diff: 0.1]
   [Code Root Fixup: 0.0 ms]
   [Code Root Purge: 0.0 ms]
   [Clear CT: 0.7 ms]
   [Other: 1.6 ms]
      [Choose CSet: 0.0 ms]
      [Ref Proc: 0.6 ms]
      [Ref Enq: 0.0 ms]
      [Redirty Cards: 0.4 ms]
      [Humongous Register: 0.1 ms]
      [Humongous Reclaim: 0.0 ms]
      [Free CSet: 0.2 ms]
   [Eden: 104.0M(104.0M)->0.0B(98.0M) Survivors: 6144.0K->14.0M Heap: 139.1M(2048.0M)->134.6M(2048.0M)]
 [Times: user=1.22 sys=0.03, real=0.17 secs] 
2020-09-29T12:31:59.350+0200: 116.609: [GC pause (G1 Evacuation Pause) (young), 0.0530091 secs]
   [Parallel Time: 51.8 ms, GC Workers: 8]
      [GC Worker Start (ms): Min: 116609.5, Avg: 116609.6, Max: 116609.7, Diff: 0.2]
      [Ext Root Scanning (ms): Min: 0.0, Avg: 0.1, Max: 0.2, Diff: 0.2, Sum: 0.5]
      [Update RS (ms): Min: 5.4, Avg: 5.6, Max: 6.1, Diff: 0.7, Sum: 45.2]
         [Processed Buffers: Min: 7, Avg: 7.3, Max: 9, Diff: 2, Sum: 58]
      [Scan RS (ms): Min: 4.2, Avg: 4.7, Max: 4.9, Diff: 0.7, Sum: 37.5]
      [Code Root Scanning (ms): Min: 0.0, Avg: 0.0, Max: 0.0, Diff: 0.0, Sum: 0.0]
      [Object Copy (ms): Min: 41.1, Avg: 41.1, Max: 41.1, Diff: 0.1, Sum: 328.8]
      [Termination (ms): Min: 0.0, Avg: 0.0, Max: 0.0, Diff: 0.0, Sum: 0.0]
         [Termination Attempts: Min: 1, Avg: 17.3, Max: 32, Diff: 31, Sum: 138]
      [GC Worker Other (ms): Min: 0.0, Avg: 0.0, Max: 0.0, Diff: 0.0, Sum: 0.2]
      [GC Worker Total (ms): Min: 51.4, Avg: 51.5, Max: 51.6, Diff: 0.2, Sum: 412.1]
      [GC Worker End (ms): Min: 116661.1, Avg: 116661.1, Max: 116661.1, Diff: 0.0]
   [Code Root Fixup: 0.0 ms]
   [Code Root Purge: 0.0 ms]
   [Clear CT: 0.2 ms]
   [Other: 1.0 ms]
      [Choose CSet: 0.0 ms]
      [Ref Proc: 0.1 ms]
      [Ref Enq: 0.0 ms]
      [Redirty Cards: 0.5 ms]
      [Humongous Register: 0.0 ms]
      [Humongous Reclaim: 0.0 ms]
      [Free CSet: 0.1 ms]
   [Eden: 98.0M(98.0M)->0.0B(114.0M) Survivors: 14.0M->14.0M Heap: 247.8M(2048.0M)->249.8M(2048.0M)]
 [Times: user=0.38 sys=0.00, real=0.05 secs] 
2020-09-29T12:31:59.465+0200: 116.724: [GC pause (G1 Evacuation Pause) (young), 0.0657643 secs]
   [Parallel Time: 64.8 ms, GC Workers: 8]
      [GC Worker Start (ms): Min: 116723.8, Avg: 116723.8, Max: 116723.9, Diff: 0.1]
      [Ext Root Scanning (ms): Min: 0.0, Avg: 0.1, Max: 0.1, Diff: 0.1, Sum: 0.6]
      [Update RS (ms): Min: 5.9, Avg: 6.0, Max: 6.4, Diff: 0.5, Sum: 48.3]
         [Processed Buffers: Min: 7, Avg: 7.6, Max: 11, Diff: 4, Sum: 61]
      [Scan RS (ms): Min: 5.2, Avg: 5.5, Max: 5.7, Diff: 0.5, Sum: 44.3]
      [Code Root Scanning (ms): Min: 0.0, Avg: 0.0, Max: 0.0, Diff: 0.0, Sum: 0.0]
      [Object Copy (ms): Min: 52.8, Avg: 52.8, Max: 53.0, Diff: 0.2, Sum: 422.7]
      [Termination (ms): Min: 0.0, Avg: 0.1, Max: 0.1, Diff: 0.1, Sum: 0.9]
         [Termination Attempts: Min: 1, Avg: 762.5, Max: 944, Diff: 943, Sum: 6100]
      [GC Worker Other (ms): Min: 0.0, Avg: 0.0, Max: 0.0, Diff: 0.0, Sum: 0.2]
      [GC Worker Total (ms): Min: 64.6, Avg: 64.6, Max: 64.7, Diff: 0.1, Sum: 517.0]
      [GC Worker End (ms): Min: 116788.4, Avg: 116788.5, Max: 116788.5, Diff: 0.0]
   [Code Root Fixup: 0.0 ms]
   [Code Root Purge: 0.0 ms]
   [Clear CT: 0.2 ms]
   [Other: 0.8 ms]
      [Choose CSet: 0.0 ms]
      [Ref Proc: 0.2 ms]
      [Ref Enq: 0.0 ms]
      [Redirty Cards: 0.2 ms]
      [Humongous Register: 0.0 ms]
      [Humongous Reclaim: 0.0 ms]
      [Free CSet: 0.1 ms]
   [Eden: 114.0M(114.0M)->0.0B(137.0M) Survivors: 14.0M->16.0M Heap: 382.9M(2048.0M)->384.9M(2048.0M)]
 [Times: user=0.50 sys=0.00, real=0.07 secs] 
2020-09-29T12:31:59.604+0200: 116.862: [GC pause (G1 Evacuation Pause) (young), 0.0746606 secs]
   [Parallel Time: 73.8 ms, GC Workers: 8]
      [GC Worker Start (ms): Min: 116862.5, Avg: 116863.3, Max: 116865.4, Diff: 2.9]
      [Ext Root Scanning (ms): Min: 0.0, Avg: 0.1, Max: 0.1, Diff: 0.1, Sum: 0.7]
      [Update RS (ms): Min: 6.0, Avg: 8.1, Max: 9.4, Diff: 3.3, Sum: 64.8]
         [Processed Buffers: Min: 6, Avg: 9.1, Max: 12, Diff: 6, Sum: 73]
      [Scan RS (ms): Min: 7.4, Avg: 8.0, Max: 8.2, Diff: 0.8, Sum: 64.1]
      [Code Root Scanning (ms): Min: 0.0, Avg: 0.0, Max: 0.0, Diff: 0.0, Sum: 0.0]
      [Object Copy (ms): Min: 56.6, Avg: 56.6, Max: 56.7, Diff: 0.1, Sum: 453.2]
      [Termination (ms): Min: 0.0, Avg: 0.0, Max: 0.0, Diff: 0.0, Sum: 0.2]
         [Termination Attempts: Min: 1, Avg: 163.5, Max: 251, Diff: 250, Sum: 1308]
      [GC Worker Other (ms): Min: 0.0, Avg: 0.0, Max: 0.0, Diff: 0.0, Sum: 0.2]
      [GC Worker Total (ms): Min: 70.7, Avg: 72.9, Max: 73.6, Diff: 2.9, Sum: 583.2]
      [GC Worker End (ms): Min: 116936.2, Avg: 116936.2, Max: 116936.2, Diff: 0.0]
   [Code Root Fixup: 0.0 ms]
   [Code Root Purge: 0.0 ms]
   [Clear CT: 0.2 ms]
   [Other: 0.7 ms]
      [Choose CSet: 0.0 ms]
      [Ref Proc: 0.2 ms]
      [Ref Enq: 0.0 ms]
      [Redirty Cards: 0.2 ms]
      [Humongous Register: 0.0 ms]
      [Humongous Reclaim: 0.0 ms]
      [Free CSet: 0.1 ms]
   [Eden: 133.0M(133.0M)->0.0B(165.0M) Survivors: 16.0M->19.0M Heap: 540.8M(2048.0M)->542.8M(2048.0M)]
 [Times: user=0.61 sys=0.02, real=0.07 secs] 
2020-09-29T12:31:59.776+0200: 117.035: [GC pause (G1 Evacuation Pause) (young), 0.0928984 secs]
   [Parallel Time: 91.7 ms, GC Workers: 8]
      [GC Worker Start (ms): Min: 117035.2, Avg: 117035.3, Max: 117035.4, Diff: 0.2]
      [Ext Root Scanning (ms): Min: 0.0, Avg: 0.1, Max: 0.1, Diff: 0.1, Sum: 0.7]
      [Update RS (ms): Min: 9.5, Avg: 9.7, Max: 9.9, Diff: 0.4, Sum: 77.5]
         [Processed Buffers: Min: 4, Avg: 9.9, Max: 14, Diff: 10, Sum: 79]
      [Scan RS (ms): Min: 9.0, Avg: 9.3, Max: 9.7, Diff: 0.7, Sum: 74.6]
      [Code Root Scanning (ms): Min: 0.0, Avg: 0.0, Max: 0.0, Diff: 0.0, Sum: 0.0]
      [Object Copy (ms): Min: 72.1, Avg: 72.3, Max: 72.4, Diff: 0.4, Sum: 578.3]
      [Termination (ms): Min: 0.0, Avg: 0.0, Max: 0.0, Diff: 0.0, Sum: 0.2]
         [Termination Attempts: Min: 1, Avg: 192.1, Max: 246, Diff: 245, Sum: 1537]
      [GC Worker Other (ms): Min: 0.0, Avg: 0.0, Max: 0.1, Diff: 0.1, Sum: 0.2]
      [GC Worker Total (ms): Min: 91.3, Avg: 91.5, Max: 91.5, Diff: 0.2, Sum: 731.6]
      [GC Worker End (ms): Min: 117126.7, Avg: 117126.7, Max: 117126.8, Diff: 0.1]
   [Code Root Fixup: 0.0 ms]
   [Code Root Purge: 0.0 ms]
   [Clear CT: 0.2 ms]
   [Other: 1.0 ms]
      [Choose CSet: 0.0 ms]
      [Ref Proc: 0.2 ms]
      [Ref Enq: 0.0 ms]
      [Redirty Cards: 0.5 ms]
      [Humongous Register: 0.0 ms]
      [Humongous Reclaim: 0.0 ms]
      [Free CSet: 0.1 ms]
   [Eden: 165.0M(165.0M)->0.0B(185.0M) Survivors: 19.0M->23.0M Heap: 734.5M(2048.0M)->736.5M(2048.0M)]
 [Times: user=0.72 sys=0.00, real=0.09 secs] 
2020-09-29T12:31:59.971+0200: 117.230: [GC pause (G1 Evacuation Pause) (young), 0.0958414 secs]
   [Parallel Time: 94.9 ms, GC Workers: 8]
      [GC Worker Start (ms): Min: 117230.5, Avg: 117230.6, Max: 117230.7, Diff: 0.1]
      [Ext Root Scanning (ms): Min: 0.0, Avg: 0.1, Max: 0.1, Diff: 0.1, Sum: 0.6]
      [Update RS (ms): Min: 7.7, Avg: 7.9, Max: 8.2, Diff: 0.4, Sum: 63.1]
         [Processed Buffers: Min: 9, Avg: 9.8, Max: 11, Diff: 2, Sum: 78]
      [Scan RS (ms): Min: 10.0, Avg: 10.4, Max: 10.5, Diff: 0.5, Sum: 82.8]
      [Code Root Scanning (ms): Min: 0.0, Avg: 0.0, Max: 0.0, Diff: 0.0, Sum: 0.0]
      [Object Copy (ms): Min: 76.2, Avg: 76.3, Max: 76.4, Diff: 0.2, Sum: 610.2]
      [Termination (ms): Min: 0.0, Avg: 0.0, Max: 0.0, Diff: 0.0, Sum: 0.1]
         [Termination Attempts: Min: 1, Avg: 57.9, Max: 80, Diff: 79, Sum: 463]
      [GC Worker Other (ms): Min: 0.0, Avg: 0.0, Max: 0.1, Diff: 0.1, Sum: 0.2]
      [GC Worker Total (ms): Min: 94.6, Avg: 94.6, Max: 94.7, Diff: 0.2, Sum: 757.0]
      [GC Worker End (ms): Min: 117325.2, Avg: 117325.2, Max: 117325.2, Diff: 0.0]
   [Code Root Fixup: 0.0 ms]
   [Code Root Purge: 0.0 ms]
   [Clear CT: 0.2 ms]
   [Other: 0.8 ms]
      [Choose CSet: 0.0 ms]
      [Ref Proc: 0.2 ms]
      [Ref Enq: 0.0 ms]
      [Redirty Cards: 0.3 ms]
      [Humongous Register: 0.0 ms]
      [Humongous Reclaim: 0.0 ms]
      [Free CSet: 0.1 ms]
   [Eden: 185.0M(185.0M)->0.0B(210.0M) Survivors: 23.0M->26.0M Heap: 952.0M(2048.0M)->953.5M(2048.0M)]
 [Times: user=0.69 sys=0.06, real=0.10 secs] 
2020-09-29T12:32:00.068+0200: 117.328: [GC pause (G1 Humongous Allocation) (young) (initial-mark), 0.0481912 secs]
   [Parallel Time: 47.3 ms, GC Workers: 8]
      [GC Worker Start (ms): Min: 117327.7, Avg: 117327.8, Max: 117327.9, Diff: 0.2]
      [Ext Root Scanning (ms): Min: 0.0, Avg: 0.2, Max: 0.7, Diff: 0.7, Sum: 1.7]
      [Update RS (ms): Min: 30.7, Avg: 31.5, Max: 32.1, Diff: 1.4, Sum: 252.1]
         [Processed Buffers: Min: 27, Avg: 34.3, Max: 38, Diff: 11, Sum: 274]
      [Scan RS (ms): Min: 0.0, Avg: 0.1, Max: 0.3, Diff: 0.3, Sum: 0.8]
      [Code Root Scanning (ms): Min: 0.0, Avg: 0.0, Max: 0.0, Diff: 0.0, Sum: 0.0]
      [Object Copy (ms): Min: 14.8, Avg: 15.2, Max: 15.4, Diff: 0.6, Sum: 121.3]
      [Termination (ms): Min: 0.0, Avg: 0.0, Max: 0.0, Diff: 0.0, Sum: 0.1]
         [Termination Attempts: Min: 1, Avg: 119.1, Max: 152, Diff: 151, Sum: 953]
      [GC Worker Other (ms): Min: 0.0, Avg: 0.0, Max: 0.0, Diff: 0.0, Sum: 0.1]
      [GC Worker Total (ms): Min: 46.9, Avg: 47.0, Max: 47.1, Diff: 0.2, Sum: 376.1]
      [GC Worker End (ms): Min: 117374.8, Avg: 117374.8, Max: 117374.8, Diff: 0.0]
   [Code Root Fixup: 0.0 ms]
   [Code Root Purge: 0.0 ms]
   [Clear CT: 0.2 ms]
   [Other: 0.7 ms]
      [Choose CSet: 0.0 ms]
      [Ref Proc: 0.1 ms]
      [Ref Enq: 0.0 ms]
      [Redirty Cards: 0.2 ms]
      [Humongous Register: 0.1 ms]
      [Humongous Reclaim: 0.0 ms]
      [Free CSet: 0.1 ms]
   [Eden: 3072.0K(210.0M)->0.0B(235.0M) Survivors: 26.0M->4096.0K Heap: 956.0M(2048.0M)->959.0M(2048.0M)]
 [Times: user=0.38 sys=0.00, real=0.05 secs] 
2020-09-29T12:32:00.117+0200: 117.376: [GC concurrent-root-region-scan-start]
2020-09-29T12:32:00.118+0200: 117.377: [GC concurrent-root-region-scan-end, 0.0008361 secs]
2020-09-29T12:32:00.118+0200: 117.377: [GC concurrent-mark-start]
2020-09-29T12:32:00.120+0200: 117.379: [GC concurrent-mark-end, 0.0027840 secs]
2020-09-29T12:32:00.120+0200: 117.380: [GC remark 2020-09-29T12:32:00.121+0200: 117.380: [Finalize Marking, 0.0001352 secs] 2020-09-29T12:32:00.121+0200: 117.380: [GC ref-proc, 0.0002808 secs] 2020-09-29T12:32:00.121+0200: 117.380: [Unloading, 0.0004634 secs], 0.0011835 secs]
 [Times: user=0.00 sys=0.00, real=0.00 secs] 
2020-09-29T12:32:00.122+0200: 117.381: [GC cleanup 967M->22M(2048M), 0.0010684 secs]
 [Times: user=0.00 sys=0.00, real=0.00 secs] 
2020-09-29T12:32:00.123+0200: 117.382: [GC concurrent-cleanup-start]
2020-09-29T12:32:00.124+0200: 117.383: [GC concurrent-cleanup-end, 0.0010401 secs]
2020-09-29T12:32:00.249+0200: 117.508: [GC pause (G1 Evacuation Pause) (young), 0.1138861 secs]
   [Parallel Time: 112.8 ms, GC Workers: 8]
      [GC Worker Start (ms): Min: 117507.8, Avg: 117507.9, Max: 117508.0, Diff: 0.2]
      [Ext Root Scanning (ms): Min: 0.0, Avg: 0.1, Max: 0.2, Diff: 0.2, Sum: 0.4]
      [Update RS (ms): Min: 9.0, Avg: 9.1, Max: 9.2, Diff: 0.2, Sum: 72.6]
         [Processed Buffers: Min: 10, Avg: 11.0, Max: 14, Diff: 4, Sum: 88]
      [Scan RS (ms): Min: 12.7, Avg: 12.9, Max: 13.0, Diff: 0.3, Sum: 102.8]
      [Code Root Scanning (ms): Min: 0.0, Avg: 0.0, Max: 0.0, Diff: 0.0, Sum: 0.0]
      [Object Copy (ms): Min: 90.4, Avg: 90.5, Max: 90.6, Diff: 0.2, Sum: 724.2]
      [Termination (ms): Min: 0.0, Avg: 0.0, Max: 0.0, Diff: 0.0, Sum: 0.2]
         [Termination Attempts: Min: 1, Avg: 176.0, Max: 225, Diff: 224, Sum: 1408]
      [GC Worker Other (ms): Min: 0.0, Avg: 0.0, Max: 0.0, Diff: 0.0, Sum: 0.2]
      [GC Worker Total (ms): Min: 112.5, Avg: 112.6, Max: 112.7, Diff: 0.2, Sum: 900.5]
      [GC Worker End (ms): Min: 117620.5, Avg: 117620.5, Max: 117620.5, Diff: 0.0]
   [Code Root Fixup: 0.0 ms]
   [Code Root Purge: 0.0 ms]
   [Clear CT: 0.2 ms]
   [Other: 0.9 ms]
      [Choose CSet: 0.0 ms]
      [Ref Proc: 0.1 ms]
      [Ref Enq: 0.0 ms]
      [Redirty Cards: 0.3 ms]
      [Humongous Register: 0.0 ms]
      [Humongous Reclaim: 0.0 ms]
      [Free CSet: 0.2 ms]
   [Eden: 235.0M(235.0M)->0.0B(241.0M) Survivors: 4096.0K->30.0M Heap: 288.6M(2048.0M)->287.1M(2048.0M)]
 [Times: user=0.86 sys=0.02, real=0.11 secs] 
2020-09-29T12:32:00.489+0200: 117.748: [GC pause (G1 Evacuation Pause) (young), 0.1361638 secs]
   [Parallel Time: 135.1 ms, GC Workers: 8]
      [GC Worker Start (ms): Min: 117748.6, Avg: 117749.4, Max: 117754.7, Diff: 6.1]
      [Ext Root Scanning (ms): Min: 0.0, Avg: 0.1, Max: 0.1, Diff: 0.1, Sum: 0.6]
      [Update RS (ms): Min: 5.0, Avg: 10.1, Max: 11.0, Diff: 6.0, Sum: 80.9]
         [Processed Buffers: Min: 6, Avg: 12.8, Max: 16, Diff: 10, Sum: 102]
      [Scan RS (ms): Min: 14.2, Avg: 14.4, Max: 14.5, Diff: 0.3, Sum: 114.9]
      [Code Root Scanning (ms): Min: 0.0, Avg: 0.0, Max: 0.0, Diff: 0.0, Sum: 0.0]
      [Object Copy (ms): Min: 109.3, Avg: 109.4, Max: 109.6, Diff: 0.3, Sum: 875.5]
      [Termination (ms): Min: 0.0, Avg: 0.1, Max: 0.1, Diff: 0.1, Sum: 0.8]
         [Termination Attempts: Min: 1, Avg: 623.5, Max: 793, Diff: 792, Sum: 4988]
      [GC Worker Other (ms): Min: 0.0, Avg: 0.0, Max: 0.1, Diff: 0.1, Sum: 0.3]
      [GC Worker Total (ms): Min: 128.8, Avg: 134.1, Max: 134.9, Diff: 6.1, Sum: 1073.0]
      [GC Worker End (ms): Min: 117883.5, Avg: 117883.5, Max: 117883.5, Diff: 0.1]
   [Code Root Fixup: 0.0 ms]
   [Code Root Purge: 0.0 ms]
   [Clear CT: 0.2 ms]
   [Other: 0.9 ms]
      [Choose CSet: 0.0 ms]
      [Ref Proc: 0.2 ms]
      [Ref Enq: 0.0 ms]
      [Redirty Cards: 0.2 ms]
      [Humongous Register: 0.0 ms]
      [Humongous Reclaim: 0.0 ms]
      [Free CSet: 0.2 ms]
   [Eden: 241.0M(241.0M)->0.0B(248.0M) Survivors: 30.0M->34.0M Heap: 568.1M(2048.0M)->570.1M(2048.0M)]
 [Times: user=1.00 sys=0.00, real=0.14 secs] 
2020-09-29T12:32:00.769+0200: 118.028: [GC pause (G1 Evacuation Pause) (young), 0.1353307 secs]
   [Parallel Time: 134.0 ms, GC Workers: 8]
      [GC Worker Start (ms): Min: 118028.5, Avg: 118028.6, Max: 118028.7, Diff: 0.2]
      [Ext Root Scanning (ms): Min: 0.0, Avg: 0.1, Max: 0.2, Diff: 0.2, Sum: 0.5]
      [Update RS (ms): Min: 11.3, Avg: 11.4, Max: 11.6, Diff: 0.3, Sum: 90.9]
         [Processed Buffers: Min: 13, Avg: 14.1, Max: 17, Diff: 4, Sum: 113]
      [Scan RS (ms): Min: 14.0, Avg: 14.2, Max: 14.4, Diff: 0.5, Sum: 113.9]
      [Code Root Scanning (ms): Min: 0.0, Avg: 0.0, Max: 0.0, Diff: 0.0, Sum: 0.0]
      [Object Copy (ms): Min: 107.8, Avg: 108.0, Max: 108.1, Diff: 0.4, Sum: 863.8]
      [Termination (ms): Min: 0.0, Avg: 0.1, Max: 0.1, Diff: 0.1, Sum: 0.7]
         [Termination Attempts: Min: 1, Avg: 633.6, Max: 807, Diff: 806, Sum: 5069]
      [GC Worker Other (ms): Min: 0.0, Avg: 0.0, Max: 0.1, Diff: 0.0, Sum: 0.2]
      [GC Worker Total (ms): Min: 133.7, Avg: 133.8, Max: 133.9, Diff: 0.2, Sum: 1070.1]
      [GC Worker End (ms): Min: 118162.3, Avg: 118162.4, Max: 118162.4, Diff: 0.0]
   [Code Root Fixup: 0.0 ms]
   [Code Root Purge: 0.0 ms]
   [Clear CT: 0.2 ms]
   [Other: 1.2 ms]
      [Choose CSet: 0.0 ms]
      [Ref Proc: 0.2 ms]
      [Ref Enq: 0.0 ms]
      [Redirty Cards: 0.5 ms]
      [Humongous Register: 0.0 ms]
      [Humongous Reclaim: 0.0 ms]
      [Free CSet: 0.3 ms]
   [Eden: 248.0M(248.0M)->0.0B(261.0M) Survivors: 34.0M->36.0M Heap: 860.1M(2048.0M)->862.6M(2048.0M)]
 [Times: user=1.11 sys=0.02, real=0.14 secs] 
2020-09-29T12:32:01.054+0200: 118.313: [GC pause (G1 Evacuation Pause) (young), 0.1434178 secs]
   [Parallel Time: 142.3 ms, GC Workers: 8]
      [GC Worker Start (ms): Min: 118313.4, Avg: 118313.6, Max: 118313.6, Diff: 0.2]
      [Ext Root Scanning (ms): Min: 0.0, Avg: 0.1, Max: 0.2, Diff: 0.2, Sum: 0.5]
      [Update RS (ms): Min: 12.7, Avg: 12.8, Max: 13.0, Diff: 0.2, Sum: 102.4]
         [Processed Buffers: Min: 15, Avg: 17.0, Max: 20, Diff: 5, Sum: 136]
      [Scan RS (ms): Min: 13.7, Avg: 13.8, Max: 13.9, Diff: 0.1, Sum: 110.4]
      [Code Root Scanning (ms): Min: 0.0, Avg: 0.0, Max: 0.0, Diff: 0.0, Sum: 0.0]
      [Object Copy (ms): Min: 115.1, Avg: 115.3, Max: 115.4, Diff: 0.3, Sum: 922.3]
      [Termination (ms): Min: 0.0, Avg: 0.1, Max: 0.1, Diff: 0.1, Sum: 0.7]
         [Termination Attempts: Min: 1, Avg: 612.8, Max: 723, Diff: 722, Sum: 4902]
      [GC Worker Other (ms): Min: 0.0, Avg: 0.0, Max: 0.1, Diff: 0.1, Sum: 0.3]
      [GC Worker Total (ms): Min: 142.0, Avg: 142.1, Max: 142.2, Diff: 0.2, Sum: 1136.5]
      [GC Worker End (ms): Min: 118455.6, Avg: 118455.6, Max: 118455.6, Diff: 0.0]
   [Code Root Fixup: 0.0 ms]
   [Code Root Purge: 0.0 ms]
   [Clear CT: 0.2 ms]
   [Other: 1.0 ms]
      [Choose CSet: 0.0 ms]
      [Ref Proc: 0.3 ms]
      [Ref Enq: 0.0 ms]
      [Redirty Cards: 0.3 ms]
      [Humongous Register: 0.0 ms]
      [Humongous Reclaim: 0.0 ms]
      [Free CSet: 0.2 ms]
   [Eden: 261.0M(261.0M)->0.0B(276.0M) Survivors: 36.0M->38.0M Heap: 1167.4M(2048.0M)->1169.4M(2048.0M)]
 [Times: user=1.11 sys=0.00, real=0.14 secs] 
2020-09-29T12:32:01.214+0200: 118.473: [GC pause (G1 Humongous Allocation) (young) (initial-mark), 0.0447771 secs]
   [Parallel Time: 43.9 ms, GC Workers: 8]
      [GC Worker Start (ms): Min: 118473.0, Avg: 118473.1, Max: 118473.2, Diff: 0.2]
      [Ext Root Scanning (ms): Min: 0.0, Avg: 0.4, Max: 1.0, Diff: 1.0, Sum: 3.0]
      [Update RS (ms): Min: 20.4, Avg: 21.1, Max: 21.4, Diff: 1.0, Sum: 169.1]
         [Processed Buffers: Min: 22, Avg: 25.0, Max: 27, Diff: 5, Sum: 200]
      [Scan RS (ms): Min: 1.8, Avg: 2.4, Max: 2.6, Diff: 0.8, Sum: 19.2]
      [Code Root Scanning (ms): Min: 0.0, Avg: 0.0, Max: 0.0, Diff: 0.0, Sum: 0.0]
      [Object Copy (ms): Min: 19.6, Avg: 19.7, Max: 19.7, Diff: 0.1, Sum: 157.5]
      [Termination (ms): Min: 0.0, Avg: 0.0, Max: 0.0, Diff: 0.0, Sum: 0.1]
         [Termination Attempts: Min: 1, Avg: 57.4, Max: 84, Diff: 83, Sum: 459]
      [GC Worker Other (ms): Min: 0.0, Avg: 0.0, Max: 0.0, Diff: 0.0, Sum: 0.1]
      [GC Worker Total (ms): Min: 43.5, Avg: 43.6, Max: 43.7, Diff: 0.2, Sum: 349.1]
      [GC Worker End (ms): Min: 118516.8, Avg: 118516.8, Max: 118516.8, Diff: 0.0]
   [Code Root Fixup: 0.0 ms]
   [Code Root Purge: 0.0 ms]
   [Clear CT: 0.2 ms]
   [Other: 0.7 ms]
      [Choose CSet: 0.0 ms]
      [Ref Proc: 0.2 ms]
      [Ref Enq: 0.0 ms]
      [Redirty Cards: 0.2 ms]
      [Humongous Register: 0.0 ms]
      [Humongous Reclaim: 0.0 ms]
      [Free CSet: 0.1 ms]
   [Eden: 11.0M(276.0M)->0.0B(324.0M) Survivors: 38.0M->13.0M Heap: 1180.4M(2048.0M)->1184.4M(2048.0M)]
 [Times: user=0.38 sys=0.00, real=0.04 secs] 
2020-09-29T12:32:01.258+0200: 118.518: [GC concurrent-root-region-scan-start]
2020-09-29T12:32:01.261+0200: 118.520: [GC concurrent-root-region-scan-end, 0.0027302 secs]
2020-09-29T12:32:01.261+0200: 118.521: [GC concurrent-mark-start]
2020-09-29T12:32:01.264+0200: 118.523: [GC concurrent-mark-end, 0.0028711 secs]
2020-09-29T12:32:01.264+0200: 118.524: [GC remark 2020-09-29T12:32:01.264+0200: 118.524: [Finalize Marking, 0.0002320 secs] 2020-09-29T12:32:01.265+0200: 118.524: [GC ref-proc, 0.0002876 secs] 2020-09-29T12:32:01.265+0200: 118.524: [Unloading, 0.0004650 secs], 0.0013277 secs]
 [Times: user=0.00 sys=0.00, real=0.00 secs] 
2020-09-29T12:32:01.266+0200: 118.525: [GC cleanup 1197M->36M(2048M), 0.0014686 secs]
 [Times: user=0.00 sys=0.00, real=0.00 secs] 
2020-09-29T12:32:01.268+0200: 118.527: [GC concurrent-cleanup-start]
2020-09-29T12:32:01.271+0200: 118.530: [GC concurrent-cleanup-end, 0.0031648 secs]
2020-09-29T12:32:01.435+0200: 118.694: [GC pause (G1 Evacuation Pause) (young), 0.1490967 secs]
   [Parallel Time: 147.8 ms, GC Workers: 8]
      [GC Worker Start (ms): Min: 118694.6, Avg: 118694.6, Max: 118694.7, Diff: 0.1]
      [Ext Root Scanning (ms): Min: 0.0, Avg: 0.1, Max: 0.1, Diff: 0.1, Sum: 0.6]
      [Update RS (ms): Min: 11.7, Avg: 11.8, Max: 11.9, Diff: 0.2, Sum: 94.2]
         [Processed Buffers: Min: 14, Avg: 15.5, Max: 19, Diff: 5, Sum: 124]
      [Scan RS (ms): Min: 15.5, Avg: 15.7, Max: 15.9, Diff: 0.4, Sum: 125.3]
      [Code Root Scanning (ms): Min: 0.0, Avg: 0.0, Max: 0.0, Diff: 0.0, Sum: 0.0]
      [Object Copy (ms): Min: 119.9, Avg: 120.1, Max: 120.1, Diff: 0.2, Sum: 960.7]
      [Termination (ms): Min: 0.0, Avg: 0.0, Max: 0.0, Diff: 0.0, Sum: 0.3]
         [Termination Attempts: Min: 1, Avg: 218.3, Max: 273, Diff: 272, Sum: 1746]
      [GC Worker Other (ms): Min: 0.0, Avg: 0.0, Max: 0.1, Diff: 0.1, Sum: 0.3]
      [GC Worker Total (ms): Min: 147.6, Avg: 147.7, Max: 147.7, Diff: 0.1, Sum: 1181.4]
      [GC Worker End (ms): Min: 118842.3, Avg: 118842.3, Max: 118842.3, Diff: 0.0]
   [Code Root Fixup: 0.0 ms]
   [Code Root Purge: 0.0 ms]
   [Clear CT: 0.2 ms]
   [Other: 1.1 ms]
      [Choose CSet: 0.0 ms]
      [Ref Proc: 0.2 ms]
      [Ref Enq: 0.0 ms]
      [Redirty Cards: 0.3 ms]
      [Humongous Register: 0.0 ms]
      [Humongous Reclaim: 0.0 ms]
      [Free CSet: 0.4 ms]
   [Eden: 324.0M(324.0M)->0.0B(309.0M) Survivors: 13.0M->43.0M Heap: 402.3M(2048.0M)->391.3M(2048.0M)]
 [Times: user=1.23 sys=0.00, real=0.15 secs] 
2020-09-29T12:32:01.763+0200: 119.022: [GC pause (G1 Evacuation Pause) (young), 0.1910928 secs]
   [Parallel Time: 189.9 ms, GC Workers: 8]
      [GC Worker Start (ms): Min: 119022.5, Avg: 119022.6, Max: 119022.7, Diff: 0.2]
      [Ext Root Scanning (ms): Min: 0.0, Avg: 0.1, Max: 0.2, Diff: 0.2, Sum: 0.4]
      [Update RS (ms): Min: 13.0, Avg: 13.2, Max: 13.8, Diff: 0.8, Sum: 105.8]
         [Processed Buffers: Min: 14, Avg: 15.8, Max: 18, Diff: 4, Sum: 126]
      [Scan RS (ms): Min: 19.9, Avg: 20.5, Max: 20.9, Diff: 0.9, Sum: 164.0]
      [Code Root Scanning (ms): Min: 0.0, Avg: 0.0, Max: 0.0, Diff: 0.0, Sum: 0.0]
      [Object Copy (ms): Min: 155.5, Avg: 155.7, Max: 155.9, Diff: 0.4, Sum: 1245.2]
      [Termination (ms): Min: 0.0, Avg: 0.2, Max: 0.2, Diff: 0.2, Sum: 1.4]
         [Termination Attempts: Min: 1, Avg: 1345.0, Max: 1689, Diff: 1688, Sum: 10760]
      [GC Worker Other (ms): Min: 0.0, Avg: 0.0, Max: 0.1, Diff: 0.0, Sum: 0.3]
      [GC Worker Total (ms): Min: 189.6, Avg: 189.7, Max: 189.8, Diff: 0.2, Sum: 1517.2]
      [GC Worker End (ms): Min: 119212.2, Avg: 119212.3, Max: 119212.3, Diff: 0.0]
   [Code Root Fixup: 0.0 ms]
   [Code Root Purge: 0.0 ms]
   [Clear CT: 0.2 ms]
   [Other: 1.0 ms]
      [Choose CSet: 0.0 ms]
      [Ref Proc: 0.2 ms]
      [Ref Enq: 0.0 ms]
      [Redirty Cards: 0.3 ms]
      [Humongous Register: 0.0 ms]
      [Humongous Reclaim: 0.0 ms]
      [Free CSet: 0.3 ms]
   [Eden: 309.0M(309.0M)->0.0B(288.0M) Survivors: 43.0M->44.0M Heap: 751.8M(2048.0M)->754.3M(2048.0M)]
 [Times: user=1.47 sys=0.00, real=0.19 secs] 
2020-09-29T12:32:02.108+0200: 119.367: [GC pause (G1 Evacuation Pause) (young), 0.1580503 secs]
   [Parallel Time: 156.4 ms, GC Workers: 8]
      [GC Worker Start (ms): Min: 119367.2, Avg: 119367.3, Max: 119367.4, Diff: 0.2]
      [Ext Root Scanning (ms): Min: 0.0, Avg: 0.1, Max: 0.2, Diff: 0.2, Sum: 0.6]
      [Update RS (ms): Min: 14.1, Avg: 14.3, Max: 14.7, Diff: 0.6, Sum: 114.3]
         [Processed Buffers: Min: 14, Avg: 16.3, Max: 19, Diff: 5, Sum: 130]
      [Scan RS (ms): Min: 15.9, Avg: 16.3, Max: 16.6, Diff: 0.7, Sum: 130.5]
      [Code Root Scanning (ms): Min: 0.0, Avg: 0.0, Max: 0.0, Diff: 0.0, Sum: 0.0]
      [Object Copy (ms): Min: 125.4, Avg: 125.4, Max: 125.5, Diff: 0.1, Sum: 1003.5]
      [Termination (ms): Min: 0.0, Avg: 0.0, Max: 0.0, Diff: 0.0, Sum: 0.1]
         [Termination Attempts: Min: 1, Avg: 91.6, Max: 123, Diff: 122, Sum: 733]
      [GC Worker Other (ms): Min: 0.0, Avg: 0.0, Max: 0.1, Diff: 0.1, Sum: 0.3]
      [GC Worker Total (ms): Min: 156.1, Avg: 156.2, Max: 156.3, Diff: 0.2, Sum: 1249.3]
      [GC Worker End (ms): Min: 119523.4, Avg: 119523.4, Max: 119523.5, Diff: 0.1]
   [Code Root Fixup: 0.0 ms]
   [Code Root Purge: 0.0 ms]
   [Clear CT: 0.4 ms]
   [Other: 1.2 ms]
      [Choose CSet: 0.0 ms]
      [Ref Proc: 0.3 ms]
      [Ref Enq: 0.0 ms]
      [Redirty Cards: 0.5 ms]
      [Humongous Register: 0.0 ms]
      [Humongous Reclaim: 0.0 ms]
      [Free CSet: 0.2 ms]
   [Eden: 288.0M(288.0M)->0.0B(298.0M) Survivors: 44.0M->42.0M Heap: 1090.0M(2048.0M)->1091.5M(2048.0M)]
 [Times: user=1.20 sys=0.00, real=0.16 secs] 
2020-09-29T12:32:02.277+0200: 119.537: [GC pause (G1 Humongous Allocation) (young) (initial-mark), 0.0534627 secs]
   [Parallel Time: 52.7 ms, GC Workers: 8]
      [GC Worker Start (ms): Min: 119537.0, Avg: 119537.0, Max: 119537.1, Diff: 0.2]
      [Ext Root Scanning (ms): Min: 0.0, Avg: 0.1, Max: 0.2, Diff: 0.2, Sum: 1.0]
      [Update RS (ms): Min: 30.2, Avg: 30.5, Max: 30.7, Diff: 0.5, Sum: 243.7]
         [Processed Buffers: Min: 33, Avg: 36.6, Max: 38, Diff: 5, Sum: 293]
      [Scan RS (ms): Min: 2.4, Avg: 2.6, Max: 2.8, Diff: 0.5, Sum: 21.1]
      [Code Root Scanning (ms): Min: 0.0, Avg: 0.0, Max: 0.0, Diff: 0.0, Sum: 0.0]
      [Object Copy (ms): Min: 19.3, Avg: 19.3, Max: 19.4, Diff: 0.1, Sum: 154.7]
      [Termination (ms): Min: 0.0, Avg: 0.0, Max: 0.0, Diff: 0.0, Sum: 0.1]
         [Termination Attempts: Min: 1, Avg: 75.9, Max: 96, Diff: 95, Sum: 607]
      [GC Worker Other (ms): Min: 0.0, Avg: 0.0, Max: 0.0, Diff: 0.0, Sum: 0.1]
      [GC Worker Total (ms): Min: 52.5, Avg: 52.6, Max: 52.7, Diff: 0.1, Sum: 420.7]
      [GC Worker End (ms): Min: 119589.6, Avg: 119589.6, Max: 119589.6, Diff: 0.0]
   [Code Root Fixup: 0.0 ms]
   [Code Root Purge: 0.0 ms]
   [Clear CT: 0.2 ms]
   [Other: 0.6 ms]
      [Choose CSet: 0.0 ms]
      [Ref Proc: 0.2 ms]
      [Ref Enq: 0.0 ms]
      [Redirty Cards: 0.1 ms]
      [Humongous Register: 0.0 ms]
      [Humongous Reclaim: 0.0 ms]
      [Free CSet: 0.1 ms]
   [Eden: 7168.0K(298.0M)->0.0B(341.0M) Survivors: 42.0M->8192.0K Heap: 1098.0M(2048.0M)->1101.0M(2048.0M)]
 [Times: user=0.36 sys=0.01, real=0.05 secs] 
2020-09-29T12:32:02.331+0200: 119.590: [GC concurrent-root-region-scan-start]
2020-09-29T12:32:02.332+0200: 119.592: [GC concurrent-root-region-scan-end, 0.0011637 secs]
2020-09-29T12:32:02.332+0200: 119.592: [GC concurrent-mark-start]
2020-09-29T12:32:02.335+0200: 119.594: [GC concurrent-mark-end, 0.0024457 secs]
2020-09-29T12:32:02.335+0200: 119.594: [GC remark 2020-09-29T12:32:02.335+0200: 119.594: [Finalize Marking, 0.0001937 secs] 2020-09-29T12:32:02.335+0200: 119.595: [GC ref-proc, 0.0002863 secs] 2020-09-29T12:32:02.336+0200: 119.595: [Unloading, 0.0004577 secs], 0.0013574 secs]
 [Times: user=0.00 sys=0.00, real=0.00 secs] 
2020-09-29T12:32:02.337+0200: 119.596: [GC cleanup 1110M->27M(2048M), 0.0011084 secs]
 [Times: user=0.00 sys=0.00, real=0.00 secs] 
2020-09-29T12:32:02.338+0200: 119.597: [GC concurrent-cleanup-start]
2020-09-29T12:32:02.340+0200: 119.599: [GC concurrent-cleanup-end, 0.0017998 secs]
2020-09-29T12:32:02.503+0200: 119.762: [GC pause (G1 Evacuation Pause) (young), 0.1703440 secs]
   [Parallel Time: 169.2 ms, GC Workers: 8]
      [GC Worker Start (ms): Min: 119762.6, Avg: 119762.7, Max: 119762.8, Diff: 0.2]
      [Ext Root Scanning (ms): Min: 0.0, Avg: 0.1, Max: 0.2, Diff: 0.2, Sum: 0.5]
      [Update RS (ms): Min: 13.7, Avg: 13.9, Max: 14.1, Diff: 0.4, Sum: 111.5]
         [Processed Buffers: Min: 14, Avg: 15.0, Max: 17, Diff: 3, Sum: 120]
      [Scan RS (ms): Min: 19.6, Avg: 19.8, Max: 20.1, Diff: 0.5, Sum: 158.6]
      [Code Root Scanning (ms): Min: 0.0, Avg: 0.0, Max: 0.0, Diff: 0.0, Sum: 0.0]
      [Object Copy (ms): Min: 134.9, Avg: 135.0, Max: 135.1, Diff: 0.2, Sum: 1080.0]
      [Termination (ms): Min: 0.0, Avg: 0.0, Max: 0.1, Diff: 0.1, Sum: 0.4]
         [Termination Attempts: Min: 1, Avg: 346.0, Max: 436, Diff: 435, Sum: 2768]
      [GC Worker Other (ms): Min: 0.0, Avg: 0.0, Max: 0.1, Diff: 0.0, Sum: 0.3]
      [GC Worker Total (ms): Min: 168.8, Avg: 168.9, Max: 169.0, Diff: 0.1, Sum: 1351.3]
      [GC Worker End (ms): Min: 119931.6, Avg: 119931.6, Max: 119931.6, Diff: 0.0]
   [Code Root Fixup: 0.0 ms]
   [Code Root Purge: 0.0 ms]
   [Clear CT: 0.2 ms]
   [Other: 1.0 ms]
      [Choose CSet: 0.0 ms]
      [Ref Proc: 0.2 ms]
      [Ref Enq: 0.0 ms]
      [Redirty Cards: 0.3 ms]
      [Humongous Register: 0.0 ms]
      [Humongous Reclaim: 0.0 ms]
      [Free CSet: 0.3 ms]
   [Eden: 341.0M(341.0M)->0.0B(307.0M) Survivors: 8192.0K->44.0M Heap: 415.7M(2048.0M)->409.7M(2048.0M)]
 [Times: user=1.36 sys=0.02, real=0.17 secs] 
2020-09-29T12:32:02.854+0200: 120.113: [GC pause (G1 Evacuation Pause) (young), 0.1627678 secs]
   [Parallel Time: 161.6 ms, GC Workers: 8]
      [GC Worker Start (ms): Min: 120113.4, Avg: 120113.5, Max: 120113.5, Diff: 0.2]
      [Ext Root Scanning (ms): Min: 0.0, Avg: 0.1, Max: 0.2, Diff: 0.2, Sum: 0.5]
      [Update RS (ms): Min: 12.9, Avg: 13.0, Max: 13.3, Diff: 0.4, Sum: 104.3]
         [Processed Buffers: Min: 15, Avg: 16.1, Max: 17, Diff: 2, Sum: 129]
      [Scan RS (ms): Min: 17.7, Avg: 18.0, Max: 18.2, Diff: 0.5, Sum: 143.7]
      [Code Root Scanning (ms): Min: 0.0, Avg: 0.0, Max: 0.0, Diff: 0.0, Sum: 0.0]
      [Object Copy (ms): Min: 130.2, Avg: 130.3, Max: 130.4, Diff: 0.2, Sum: 1042.6]
      [Termination (ms): Min: 0.0, Avg: 0.0, Max: 0.0, Diff: 0.0, Sum: 0.2]
         [Termination Attempts: Min: 1, Avg: 176.3, Max: 227, Diff: 226, Sum: 1410]
      [GC Worker Other (ms): Min: 0.0, Avg: 0.0, Max: 0.1, Diff: 0.0, Sum: 0.2]
      [GC Worker Total (ms): Min: 161.4, Avg: 161.4, Max: 161.5, Diff: 0.1, Sum: 1291.5]
      [GC Worker End (ms): Min: 120274.9, Avg: 120274.9, Max: 120274.9, Diff: 0.0]
   [Code Root Fixup: 0.0 ms]
   [Code Root Purge: 0.0 ms]
   [Clear CT: 0.3 ms]
   [Other: 0.9 ms]
      [Choose CSet: 0.0 ms]
      [Ref Proc: 0.1 ms]
      [Ref Enq: 0.0 ms]
      [Redirty Cards: 0.3 ms]
      [Humongous Register: 0.1 ms]
      [Humongous Reclaim: 0.0 ms]
      [Free CSet: 0.2 ms]
   [Eden: 307.0M(307.0M)->0.0B(311.0M) Survivors: 44.0M->44.0M Heap: 768.2M(2048.0M)->770.7M(2048.0M)]
 [Times: user=1.24 sys=0.00, real=0.16 secs] 
2020-09-29T12:32:03.187+0200: 120.447: [GC pause (G1 Evacuation Pause) (young), 0.1649086 secs]
   [Parallel Time: 163.8 ms, GC Workers: 8]
      [GC Worker Start (ms): Min: 120446.6, Avg: 120446.7, Max: 120446.8, Diff: 0.2]
      [Ext Root Scanning (ms): Min: 0.0, Avg: 0.1, Max: 0.2, Diff: 0.2, Sum: 0.5]
      [Update RS (ms): Min: 14.8, Avg: 15.0, Max: 15.6, Diff: 0.8, Sum: 120.4]
         [Processed Buffers: Min: 16, Avg: 16.9, Max: 18, Diff: 2, Sum: 135]
      [Scan RS (ms): Min: 18.5, Avg: 19.0, Max: 19.3, Diff: 0.8, Sum: 152.0]
      [Code Root Scanning (ms): Min: 0.0, Avg: 0.0, Max: 0.0, Diff: 0.0, Sum: 0.0]
      [Object Copy (ms): Min: 129.3, Avg: 129.4, Max: 129.5, Diff: 0.2, Sum: 1035.3]
      [Termination (ms): Min: 0.0, Avg: 0.0, Max: 0.0, Diff: 0.0, Sum: 0.0]
         [Termination Attempts: Min: 1, Avg: 1.1, Max: 2, Diff: 1, Sum: 9]
      [GC Worker Other (ms): Min: 0.0, Avg: 0.0, Max: 0.1, Diff: 0.1, Sum: 0.4]
      [GC Worker Total (ms): Min: 163.5, Avg: 163.6, Max: 163.7, Diff: 0.2, Sum: 1308.6]
      [GC Worker End (ms): Min: 120610.3, Avg: 120610.3, Max: 120610.3, Diff: 0.1]
   [Code Root Fixup: 0.0 ms]
   [Code Root Purge: 0.0 ms]
   [Clear CT: 0.2 ms]
   [Other: 0.9 ms]
      [Choose CSet: 0.0 ms]
      [Ref Proc: 0.2 ms]
      [Ref Enq: 0.0 ms]
      [Redirty Cards: 0.3 ms]
      [Humongous Register: 0.0 ms]
      [Humongous Reclaim: 0.0 ms]
      [Free CSet: 0.2 ms]
   [Eden: 311.0M(311.0M)->0.0B(314.0M) Survivors: 44.0M->45.0M Heap: 1133.2M(2048.0M)->1135.7M(2048.0M)]
 [Times: user=1.38 sys=0.00, real=0.16 secs] 
2020-09-29T12:32:03.363+0200: 120.622: [GC pause (G1 Humongous Allocation) (young) (initial-mark), 0.0601581 secs]
   [Parallel Time: 59.5 ms, GC Workers: 8]
      [GC Worker Start (ms): Min: 120622.2, Avg: 120622.3, Max: 120622.4, Diff: 0.1]
      [Ext Root Scanning (ms): Min: 0.0, Avg: 0.2, Max: 0.7, Diff: 0.7, Sum: 1.8]
      [Update RS (ms): Min: 36.2, Avg: 36.8, Max: 37.3, Diff: 1.0, Sum: 294.5]
         [Processed Buffers: Min: 38, Avg: 42.6, Max: 46, Diff: 8, Sum: 341]
      [Scan RS (ms): Min: 2.4, Avg: 2.8, Max: 3.0, Diff: 0.6, Sum: 22.1]
      [Code Root Scanning (ms): Min: 0.0, Avg: 0.0, Max: 0.0, Diff: 0.0, Sum: 0.0]
      [Object Copy (ms): Min: 19.4, Avg: 19.5, Max: 19.5, Diff: 0.1, Sum: 156.0]
      [Termination (ms): Min: 0.0, Avg: 0.0, Max: 0.0, Diff: 0.0, Sum: 0.1]
         [Termination Attempts: Min: 1, Avg: 63.8, Max: 85, Diff: 84, Sum: 510]
      [GC Worker Other (ms): Min: 0.0, Avg: 0.0, Max: 0.0, Diff: 0.0, Sum: 0.1]
      [GC Worker Total (ms): Min: 59.2, Avg: 59.3, Max: 59.4, Diff: 0.2, Sum: 474.6]
      [GC Worker End (ms): Min: 120681.6, Avg: 120681.6, Max: 120681.6, Diff: 0.0]
   [Code Root Fixup: 0.0 ms]
   [Code Root Purge: 0.0 ms]
   [Clear CT: 0.2 ms]
   [Other: 0.5 ms]
      [Choose CSet: 0.0 ms]
      [Ref Proc: 0.1 ms]
      [Ref Enq: 0.0 ms]
      [Redirty Cards: 0.1 ms]
      [Humongous Register: 0.0 ms]
      [Humongous Reclaim: 0.0 ms]
      [Free CSet: 0.1 ms]
   [Eden: 3072.0K(314.0M)->0.0B(346.0M) Survivors: 45.0M->5120.0K Heap: 1138.2M(2048.0M)->1142.2M(2048.0M)]
 [Times: user=0.47 sys=0.00, real=0.06 secs] 
2020-09-29T12:32:03.423+0200: 120.682: [GC concurrent-root-region-scan-start]
2020-09-29T12:32:03.424+0200: 120.683: [GC concurrent-root-region-scan-end, 0.0008606 secs]
2020-09-29T12:32:03.424+0200: 120.683: [GC concurrent-mark-start]
2020-09-29T12:32:03.427+0200: 120.687: [GC concurrent-mark-end, 0.0034646 secs]
2020-09-29T12:32:03.428+0200: 120.687: [GC remark 2020-09-29T12:32:03.428+0200: 120.687: [Finalize Marking, 0.0006574 secs] 2020-09-29T12:32:03.428+0200: 120.688: [GC ref-proc, 0.0002682 secs] 2020-09-29T12:32:03.429+0200: 120.688: [Unloading, 0.0017749 secs], 0.0030121 secs]
 [Times: user=0.00 sys=0.00, real=0.00 secs] 
2020-09-29T12:32:03.431+0200: 120.690: [GC cleanup 1154M->26M(2048M), 0.0011012 secs]
 [Times: user=0.00 sys=0.00, real=0.00 secs] 
2020-09-29T12:32:03.432+0200: 120.691: [GC concurrent-cleanup-start]
2020-09-29T12:32:03.434+0200: 120.693: [GC concurrent-cleanup-end, 0.0014912 secs]
2020-09-29T12:32:03.608+0200: 120.867: [GC pause (G1 Evacuation Pause) (young), 0.1664442 secs]
   [Parallel Time: 165.0 ms, GC Workers: 8]
      [GC Worker Start (ms): Min: 120867.4, Avg: 120867.5, Max: 120867.6, Diff: 0.2]
      [Ext Root Scanning (ms): Min: 0.0, Avg: 0.1, Max: 0.2, Diff: 0.2, Sum: 0.5]
      [Update RS (ms): Min: 15.5, Avg: 15.7, Max: 16.0, Diff: 0.5, Sum: 125.3]
         [Processed Buffers: Min: 16, Avg: 18.1, Max: 21, Diff: 5, Sum: 145]
      [Scan RS (ms): Min: 18.4, Avg: 18.6, Max: 18.9, Diff: 0.5, Sum: 148.7]
      [Code Root Scanning (ms): Min: 0.0, Avg: 0.0, Max: 0.0, Diff: 0.0, Sum: 0.0]
      [Object Copy (ms): Min: 130.2, Avg: 130.4, Max: 130.5, Diff: 0.3, Sum: 1042.8]
      [Termination (ms): Min: 0.0, Avg: 0.0, Max: 0.0, Diff: 0.0, Sum: 0.0]
         [Termination Attempts: Min: 1, Avg: 9.0, Max: 15, Diff: 14, Sum: 72]
      [GC Worker Other (ms): Min: 0.0, Avg: 0.0, Max: 0.1, Diff: 0.1, Sum: 0.4]
      [GC Worker Total (ms): Min: 164.6, Avg: 164.7, Max: 164.8, Diff: 0.2, Sum: 1317.7]
      [GC Worker End (ms): Min: 121032.2, Avg: 121032.3, Max: 121032.3, Diff: 0.1]
   [Code Root Fixup: 0.0 ms]
   [Code Root Purge: 0.0 ms]
   [Clear CT: 0.2 ms]
   [Other: 1.3 ms]
      [Choose CSet: 0.0 ms]
      [Ref Proc: 0.2 ms]
      [Ref Enq: 0.0 ms]
      [Redirty Cards: 0.4 ms]
      [Humongous Register: 0.0 ms]
      [Humongous Reclaim: 0.0 ms]
      [Free CSet: 0.4 ms]
   [Eden: 346.0M(346.0M)->0.0B(322.0M) Survivors: 5120.0K->44.0M Heap: 419.6M(2048.0M)->417.1M(2048.0M)]
 [Times: user=1.38 sys=0.00, real=0.17 secs] 
2020-09-29T12:32:03.958+0200: 121.217: [GC pause (G1 Evacuation Pause) (young), 0.1784095 secs]
   [Parallel Time: 177.2 ms, GC Workers: 8]
      [GC Worker Start (ms): Min: 121216.9, Avg: 121217.0, Max: 121217.1, Diff: 0.2]
      [Ext Root Scanning (ms): Min: 0.0, Avg: 0.1, Max: 0.2, Diff: 0.2, Sum: 0.5]
      [Update RS (ms): Min: 19.2, Avg: 19.3, Max: 20.1, Diff: 0.9, Sum: 154.7]
         [Processed Buffers: Min: 21, Avg: 22.3, Max: 24, Diff: 3, Sum: 178]
      [Scan RS (ms): Min: 18.4, Avg: 19.0, Max: 19.3, Diff: 0.8, Sum: 152.1]
      [Code Root Scanning (ms): Min: 0.0, Avg: 0.0, Max: 0.0, Diff: 0.0, Sum: 0.0]
      [Object Copy (ms): Min: 138.3, Avg: 138.4, Max: 138.5, Diff: 0.2, Sum: 1107.6]
      [Termination (ms): Min: 0.0, Avg: 0.0, Max: 0.0, Diff: 0.0, Sum: 0.1]
         [Termination Attempts: Min: 1, Avg: 46.8, Max: 62, Diff: 61, Sum: 374]
      [GC Worker Other (ms): Min: 0.0, Avg: 0.1, Max: 0.1, Diff: 0.0, Sum: 0.5]
      [GC Worker Total (ms): Min: 176.8, Avg: 176.9, Max: 177.0, Diff: 0.2, Sum: 1415.5]
      [GC Worker End (ms): Min: 121393.9, Avg: 121393.9, Max: 121394.0, Diff: 0.0]
   [Code Root Fixup: 0.0 ms]
   [Code Root Purge: 0.0 ms]
   [Clear CT: 0.2 ms]
   [Other: 1.1 ms]
      [Choose CSet: 0.0 ms]
      [Ref Proc: 0.2 ms]
      [Ref Enq: 0.0 ms]
      [Redirty Cards: 0.2 ms]
      [Humongous Register: 0.1 ms]
      [Humongous Reclaim: 0.0 ms]
      [Free CSet: 0.3 ms]
   [Eden: 322.0M(322.0M)->0.0B(314.0M) Survivors: 44.0M->46.0M Heap: 792.5M(2048.0M)->794.5M(2048.0M)]
 [Times: user=1.38 sys=0.00, real=0.18 secs] 
2020-09-29T12:32:04.329+0200: 121.589: [GC pause (G1 Evacuation Pause) (young), 0.1832412 secs]
   [Parallel Time: 182.2 ms, GC Workers: 8]
      [GC Worker Start (ms): Min: 121588.7, Avg: 121588.8, Max: 121588.8, Diff: 0.2]
      [Ext Root Scanning (ms): Min: 0.0, Avg: 0.1, Max: 0.2, Diff: 0.2, Sum: 0.5]
      [Update RS (ms): Min: 19.1, Avg: 19.3, Max: 19.8, Diff: 0.7, Sum: 154.7]
         [Processed Buffers: Min: 18, Avg: 20.0, Max: 21, Diff: 3, Sum: 160]
      [Scan RS (ms): Min: 19.1, Avg: 19.6, Max: 19.8, Diff: 0.7, Sum: 156.9]
      [Code Root Scanning (ms): Min: 0.0, Avg: 0.0, Max: 0.0, Diff: 0.0, Sum: 0.0]
      [Object Copy (ms): Min: 142.8, Avg: 142.9, Max: 142.9, Diff: 0.1, Sum: 1142.9]
      [Termination (ms): Min: 0.0, Avg: 0.1, Max: 0.1, Diff: 0.1, Sum: 0.5]
         [Termination Attempts: Min: 1, Avg: 390.6, Max: 492, Diff: 491, Sum: 3125]
      [GC Worker Other (ms): Min: 0.0, Avg: 0.0, Max: 0.1, Diff: 0.0, Sum: 0.2]
      [GC Worker Total (ms): Min: 181.9, Avg: 182.0, Max: 182.1, Diff: 0.2, Sum: 1455.8]
      [GC Worker End (ms): Min: 121770.7, Avg: 121770.7, Max: 121770.8, Diff: 0.0]
   [Code Root Fixup: 0.0 ms]
   [Code Root Purge: 0.0 ms]
   [Clear CT: 0.2 ms]
   [Other: 0.8 ms]
      [Choose CSet: 0.0 ms]
      [Ref Proc: 0.1 ms]
      [Ref Enq: 0.0 ms]
      [Redirty Cards: 0.2 ms]
      [Humongous Register: 0.0 ms]
      [Humongous Reclaim: 0.0 ms]
      [Free CSet: 0.2 ms]
   [Eden: 314.0M(314.0M)->0.0B(304.0M) Survivors: 46.0M->45.0M Heap: 1160.0M(2048.0M)->1161.5M(2048.0M)]
 [Times: user=1.50 sys=0.00, real=0.18 secs] 
2020-09-29T12:32:04.522+0200: 121.781: [GC pause (G1 Humongous Allocation) (young) (initial-mark), 0.0649115 secs]
   [Parallel Time: 63.4 ms, GC Workers: 8]
      [GC Worker Start (ms): Min: 121781.2, Avg: 121781.3, Max: 121781.4, Diff: 0.2]
      [Ext Root Scanning (ms): Min: 0.0, Avg: 0.3, Max: 0.6, Diff: 0.6, Sum: 2.0]
      [Update RS (ms): Min: 40.9, Avg: 41.3, Max: 41.8, Diff: 0.9, Sum: 330.5]
         [Processed Buffers: Min: 42, Avg: 46.6, Max: 52, Diff: 10, Sum: 373]
      [Scan RS (ms): Min: 2.2, Avg: 2.7, Max: 3.0, Diff: 0.7, Sum: 21.3]
      [Code Root Scanning (ms): Min: 0.0, Avg: 0.0, Max: 0.0, Diff: 0.0, Sum: 0.0]
      [Object Copy (ms): Min: 18.8, Avg: 18.8, Max: 18.9, Diff: 0.1, Sum: 150.5]
      [Termination (ms): Min: 0.0, Avg: 0.0, Max: 0.0, Diff: 0.0, Sum: 0.1]
         [Termination Attempts: Min: 1, Avg: 100.0, Max: 139, Diff: 138, Sum: 800]
      [GC Worker Other (ms): Min: 0.0, Avg: 0.0, Max: 0.0, Diff: 0.0, Sum: 0.1]
      [GC Worker Total (ms): Min: 63.0, Avg: 63.1, Max: 63.1, Diff: 0.2, Sum: 504.5]
      [GC Worker End (ms): Min: 121844.3, Avg: 121844.3, Max: 121844.3, Diff: 0.0]
   [Code Root Fixup: 0.0 ms]
   [Code Root Purge: 0.0 ms]
   [Clear CT: 0.2 ms]
   [Other: 1.4 ms]
      [Choose CSet: 0.0 ms]
      [Ref Proc: 0.2 ms]
      [Ref Enq: 0.0 ms]
      [Redirty Cards: 0.8 ms]
      [Humongous Register: 0.0 ms]
      [Humongous Reclaim: 0.0 ms]
      [Free CSet: 0.1 ms]
   [Eden: 3072.0K(304.0M)->0.0B(333.0M) Survivors: 45.0M->5120.0K Heap: 1164.0M(2048.0M)->1168.5M(2048.0M)]
 [Times: user=0.50 sys=0.00, real=0.06 secs] 
2020-09-29T12:32:04.587+0200: 121.846: [GC concurrent-root-region-scan-start]
2020-09-29T12:32:04.587+0200: 121.847: [GC concurrent-root-region-scan-end, 0.0006962 secs]
2020-09-29T12:32:04.587+0200: 121.847: [GC concurrent-mark-start]
2020-09-29T12:32:04.591+0200: 121.850: [GC concurrent-mark-end, 0.0036626 secs]
2020-09-29T12:32:04.591+0200: 121.851: [GC remark 2020-09-29T12:32:04.591+0200: 121.851: [Finalize Marking, 0.0001713 secs] 2020-09-29T12:32:04.592+0200: 121.851: [GC ref-proc, 0.0002818 secs] 2020-09-29T12:32:04.592+0200: 121.851: [Unloading, 0.0004634 secs], 0.0012849 secs]
 [Times: user=0.00 sys=0.00, real=0.00 secs] 
2020-09-29T12:32:04.593+0200: 121.852: [GC cleanup 1174M->20M(2048M), 0.0013177 secs]
 [Times: user=0.00 sys=0.00, real=0.00 secs] 
2020-09-29T12:32:04.594+0200: 121.854: [GC concurrent-cleanup-start]
2020-09-29T12:32:04.596+0200: 121.855: [GC concurrent-cleanup-end, 0.0018144 secs]
2020-09-29T12:32:04.768+0200: 122.028: [GC pause (G1 Evacuation Pause) (young), 0.1717003 secs]
   [Parallel Time: 170.2 ms, GC Workers: 8]
      [GC Worker Start (ms): Min: 122027.8, Avg: 122027.9, Max: 122028.0, Diff: 0.2]
      [Ext Root Scanning (ms): Min: 0.0, Avg: 0.1, Max: 0.2, Diff: 0.2, Sum: 0.5]
      [Update RS (ms): Min: 17.9, Avg: 18.0, Max: 18.6, Diff: 0.7, Sum: 144.3]
         [Processed Buffers: Min: 21, Avg: 22.9, Max: 25, Diff: 4, Sum: 183]
      [Scan RS (ms): Min: 13.6, Avg: 14.4, Max: 15.8, Diff: 2.1, Sum: 115.6]
      [Code Root Scanning (ms): Min: 0.0, Avg: 0.0, Max: 0.0, Diff: 0.0, Sum: 0.0]
      [Object Copy (ms): Min: 136.2, Avg: 137.4, Max: 137.6, Diff: 1.4, Sum: 1098.9]
      [Termination (ms): Min: 0.0, Avg: 0.0, Max: 0.0, Diff: 0.0, Sum: 0.1]
         [Termination Attempts: Min: 1, Avg: 57.1, Max: 79, Diff: 78, Sum: 457]
      [GC Worker Other (ms): Min: 0.0, Avg: 0.0, Max: 0.1, Diff: 0.1, Sum: 0.3]
      [GC Worker Total (ms): Min: 169.9, Avg: 170.0, Max: 170.1, Diff: 0.2, Sum: 1359.7]
      [GC Worker End (ms): Min: 122197.9, Avg: 122197.9, Max: 122197.9, Diff: 0.1]
   [Code Root Fixup: 0.0 ms]
   [Code Root Purge: 0.0 ms]
   [Clear CT: 0.2 ms]
   [Other: 1.3 ms]
      [Choose CSet: 0.0 ms]
      [Ref Proc: 0.2 ms]
      [Ref Enq: 0.0 ms]
      [Redirty Cards: 0.5 ms]
      [Humongous Register: 0.0 ms]
      [Humongous Reclaim: 0.0 ms]
      [Free CSet: 0.3 ms]
   [Eden: 333.0M(333.0M)->0.0B(313.0M) Survivors: 5120.0K->43.0M Heap: 404.7M(2048.0M)->402.2M(2048.0M)]
 [Times: user=1.33 sys=0.03, real=0.17 secs] 
2020-09-29T12:32:05.111+0200: 122.370: [GC pause (G1 Evacuation Pause) (young), 0.1805592 secs]
   [Parallel Time: 179.4 ms, GC Workers: 8]
      [GC Worker Start (ms): Min: 122370.0, Avg: 122370.1, Max: 122370.2, Diff: 0.2]
      [Ext Root Scanning (ms): Min: 0.0, Avg: 0.1, Max: 0.2, Diff: 0.2, Sum: 0.5]
      [Update RS (ms): Min: 20.1, Avg: 20.3, Max: 21.0, Diff: 1.0, Sum: 162.6]
         [Processed Buffers: Min: 20, Avg: 21.5, Max: 24, Diff: 4, Sum: 172]
      [Scan RS (ms): Min: 18.5, Avg: 19.2, Max: 19.6, Diff: 1.0, Sum: 153.8]
      [Code Root Scanning (ms): Min: 0.0, Avg: 0.0, Max: 0.0, Diff: 0.0, Sum: 0.0]
      [Object Copy (ms): Min: 139.4, Avg: 139.5, Max: 139.5, Diff: 0.2, Sum: 1115.8]
      [Termination (ms): Min: 0.0, Avg: 0.0, Max: 0.1, Diff: 0.1, Sum: 0.4]
         [Termination Attempts: Min: 1, Avg: 318.0, Max: 393, Diff: 392, Sum: 2544]
      [GC Worker Other (ms): Min: 0.0, Avg: 0.0, Max: 0.1, Diff: 0.1, Sum: 0.3]
      [GC Worker Total (ms): Min: 179.1, Avg: 179.2, Max: 179.3, Diff: 0.2, Sum: 1433.4]
      [GC Worker End (ms): Min: 122549.3, Avg: 122549.3, Max: 122549.3, Diff: 0.1]
   [Code Root Fixup: 0.0 ms]
   [Code Root Purge: 0.0 ms]
   [Clear CT: 0.2 ms]
   [Other: 0.9 ms]
      [Choose CSet: 0.0 ms]
      [Ref Proc: 0.2 ms]
      [Ref Enq: 0.0 ms]
      [Redirty Cards: 0.3 ms]
      [Humongous Register: 0.0 ms]
      [Humongous Reclaim: 0.0 ms]
      [Free CSet: 0.2 ms]
   [Eden: 313.0M(313.0M)->0.0B(302.0M) Survivors: 43.0M->45.0M Heap: 766.7M(2048.0M)->769.2M(2048.0M)]
 [Times: user=1.50 sys=0.00, real=0.18 secs] 
2020-09-29T12:32:05.456+0200: 122.715: [GC pause (G1 Evacuation Pause) (young), 0.1632796 secs]
   [Parallel Time: 162.1 ms, GC Workers: 8]
      [GC Worker Start (ms): Min: 122715.5, Avg: 122715.5, Max: 122715.5, Diff: 0.1]
      [Ext Root Scanning (ms): Min: 0.0, Avg: 0.1, Max: 0.1, Diff: 0.1, Sum: 0.6]
      [Update RS (ms): Min: 17.6, Avg: 17.8, Max: 18.1, Diff: 0.5, Sum: 142.6]
         [Processed Buffers: Min: 20, Avg: 21.4, Max: 23, Diff: 3, Sum: 171]
      [Scan RS (ms): Min: 15.1, Avg: 15.3, Max: 15.5, Diff: 0.5, Sum: 122.7]
      [Code Root Scanning (ms): Min: 0.0, Avg: 0.0, Max: 0.0, Diff: 0.0, Sum: 0.0]
      [Object Copy (ms): Min: 128.5, Avg: 128.6, Max: 128.6, Diff: 0.1, Sum: 1028.7]
      [Termination (ms): Min: 0.0, Avg: 0.0, Max: 0.1, Diff: 0.1, Sum: 0.3]
         [Termination Attempts: Min: 1, Avg: 279.5, Max: 393, Diff: 392, Sum: 2236]
      [GC Worker Other (ms): Min: 0.0, Avg: 0.0, Max: 0.1, Diff: 0.1, Sum: 0.4]
      [GC Worker Total (ms): Min: 161.8, Avg: 161.9, Max: 162.0, Diff: 0.1, Sum: 1295.3]
      [GC Worker End (ms): Min: 122877.4, Avg: 122877.4, Max: 122877.4, Diff: 0.1]
   [Code Root Fixup: 0.0 ms]
   [Code Root Purge: 0.0 ms]
   [Clear CT: 0.2 ms]
   [Other: 1.0 ms]
      [Choose CSet: 0.0 ms]
      [Ref Proc: 0.2 ms]
      [Ref Enq: 0.0 ms]
      [Redirty Cards: 0.2 ms]
      [Humongous Register: 0.0 ms]
      [Humongous Reclaim: 0.0 ms]
      [Free CSet: 0.3 ms]
   [Eden: 302.0M(302.0M)->0.0B(312.0M) Survivors: 45.0M->44.0M Heap: 1120.8M(2048.0M)->1122.8M(2048.0M)]
 [Times: user=1.34 sys=0.03, real=0.16 secs] 
2020-09-29T12:32:05.625+0200: 122.885: [GC pause (G1 Humongous Allocation) (young) (initial-mark), 0.0607586 secs]
   [Parallel Time: 59.8 ms, GC Workers: 8]
      [GC Worker Start (ms): Min: 122884.7, Avg: 122884.8, Max: 122884.8, Diff: 0.1]
      [Ext Root Scanning (ms): Min: 0.0, Avg: 0.1, Max: 0.1, Diff: 0.1, Sum: 0.7]
      [Update RS (ms): Min: 39.6, Avg: 39.9, Max: 40.1, Diff: 0.5, Sum: 318.9]
         [Processed Buffers: Min: 46, Avg: 48.8, Max: 51, Diff: 5, Sum: 390]
      [Scan RS (ms): Min: 2.1, Avg: 2.3, Max: 2.6, Diff: 0.5, Sum: 18.4]
      [Code Root Scanning (ms): Min: 0.0, Avg: 0.0, Max: 0.0, Diff: 0.0, Sum: 0.0]
      [Object Copy (ms): Min: 17.4, Avg: 17.4, Max: 17.5, Diff: 0.1, Sum: 139.5]
      [Termination (ms): Min: 0.0, Avg: 0.0, Max: 0.0, Diff: 0.0, Sum: 0.1]
         [Termination Attempts: Min: 1, Avg: 90.1, Max: 117, Diff: 116, Sum: 721]
      [GC Worker Other (ms): Min: 0.0, Avg: 0.0, Max: 0.0, Diff: 0.0, Sum: 0.1]
      [GC Worker Total (ms): Min: 59.7, Avg: 59.7, Max: 59.8, Diff: 0.1, Sum: 477.8]
      [GC Worker End (ms): Min: 122944.5, Avg: 122944.5, Max: 122944.5, Diff: 0.0]
   [Code Root Fixup: 0.0 ms]
   [Code Root Purge: 0.0 ms]
   [Clear CT: 0.1 ms]
   [Other: 0.8 ms]
      [Choose CSet: 0.0 ms]
      [Ref Proc: 0.2 ms]
      [Ref Enq: 0.0 ms]
      [Redirty Cards: 0.2 ms]
      [Humongous Register: 0.0 ms]
      [Humongous Reclaim: 0.0 ms]
      [Free CSet: 0.1 ms]
   [Eden: 2048.0K(312.0M)->0.0B(353.0M) Survivors: 44.0M->3072.0K Heap: 1124.8M(2048.0M)->1127.3M(2048.0M)]
 [Times: user=0.50 sys=0.00, real=0.06 secs] 
2020-09-29T12:32:05.686+0200: 122.945: [GC concurrent-root-region-scan-start]
2020-09-29T12:32:05.687+0200: 122.946: [GC concurrent-root-region-scan-end, 0.0007573 secs]
2020-09-29T12:32:05.687+0200: 122.946: [GC concurrent-mark-start]
2020-09-29T12:32:05.690+0200: 122.950: [GC concurrent-mark-end, 0.0033391 secs]
2020-09-29T12:32:05.691+0200: 122.950: [GC remark 2020-09-29T12:32:05.691+0200: 122.950: [Finalize Marking, 0.0002070 secs] 2020-09-29T12:32:05.691+0200: 122.950: [GC ref-proc, 0.0003028 secs] 2020-09-29T12:32:05.691+0200: 122.950: [Unloading, 0.0004962 secs], 0.0013700 secs]
 [Times: user=0.02 sys=0.02, real=0.00 secs] 
2020-09-29T12:32:05.692+0200: 122.952: [GC cleanup 1138M->23M(2048M), 0.0013975 secs]
 [Times: user=0.00 sys=0.00, real=0.00 secs] 
2020-09-29T12:32:05.694+0200: 122.953: [GC concurrent-cleanup-start]
2020-09-29T12:32:05.696+0200: 122.955: [GC concurrent-cleanup-end, 0.0019633 secs]
2020-09-29T12:32:05.874+0200: 123.134: [GC pause (G1 Evacuation Pause) (young), 0.1717799 secs]
   [Parallel Time: 170.6 ms, GC Workers: 8]
      [GC Worker Start (ms): Min: 123133.9, Avg: 123134.1, Max: 123134.1, Diff: 0.2]
      [Ext Root Scanning (ms): Min: 0.0, Avg: 0.1, Max: 0.2, Diff: 0.2, Sum: 0.4]
      [Update RS (ms): Min: 16.8, Avg: 16.9, Max: 17.1, Diff: 0.3, Sum: 135.3]
         [Processed Buffers: Min: 19, Avg: 19.6, Max: 20, Diff: 1, Sum: 157]
      [Scan RS (ms): Min: 16.4, Avg: 16.7, Max: 16.9, Diff: 0.5, Sum: 133.8]
      [Code Root Scanning (ms): Min: 0.0, Avg: 0.0, Max: 0.0, Diff: 0.0, Sum: 0.0]
      [Object Copy (ms): Min: 136.1, Avg: 136.2, Max: 136.3, Diff: 0.2, Sum: 1089.7]
      [Termination (ms): Min: 0.0, Avg: 0.0, Max: 0.1, Diff: 0.1, Sum: 0.3]
         [Termination Attempts: Min: 1, Avg: 247.4, Max: 314, Diff: 313, Sum: 1979]
      [GC Worker Other (ms): Min: 0.0, Avg: 0.1, Max: 0.3, Diff: 0.3, Sum: 0.7]
      [GC Worker Total (ms): Min: 169.9, Avg: 170.0, Max: 170.2, Diff: 0.3, Sum: 1360.3]
      [GC Worker End (ms): Min: 123304.0, Avg: 123304.1, Max: 123304.3, Diff: 0.3]
   [Code Root Fixup: 0.0 ms]
   [Code Root Purge: 0.0 ms]
   [Clear CT: 0.2 ms]
   [Other: 1.0 ms]
      [Choose CSet: 0.0 ms]
      [Ref Proc: 0.2 ms]
      [Ref Enq: 0.0 ms]
      [Redirty Cards: 0.3 ms]
      [Humongous Register: 0.0 ms]
      [Humongous Reclaim: 0.0 ms]
      [Free CSet: 0.2 ms]
   [Eden: 353.0M(353.0M)->0.0B(321.0M) Survivors: 3072.0K->45.0M Heap: 424.6M(2048.0M)->424.1M(2048.0M)]
 [Times: user=1.36 sys=0.00, real=0.17 secs] 
2020-09-29T12:32:06.218+0200: 123.477: [GC pause (G1 Evacuation Pause) (young), 0.1732521 secs]
   [Parallel Time: 171.6 ms, GC Workers: 8]
      [GC Worker Start (ms): Min: 123477.5, Avg: 123477.6, Max: 123477.7, Diff: 0.2]
      [Ext Root Scanning (ms): Min: 0.0, Avg: 0.1, Max: 0.2, Diff: 0.2, Sum: 0.4]
      [Update RS (ms): Min: 20.5, Avg: 20.8, Max: 21.1, Diff: 0.5, Sum: 166.6]
         [Processed Buffers: Min: 24, Avg: 24.9, Max: 25, Diff: 1, Sum: 199]
      [Scan RS (ms): Min: 14.7, Avg: 15.0, Max: 15.3, Diff: 0.6, Sum: 119.9]
      [Code Root Scanning (ms): Min: 0.0, Avg: 0.0, Max: 0.0, Diff: 0.0, Sum: 0.0]
      [Object Copy (ms): Min: 135.3, Avg: 135.4, Max: 135.5, Diff: 0.2, Sum: 1083.3]
      [Termination (ms): Min: 0.0, Avg: 0.1, Max: 0.1, Diff: 0.1, Sum: 0.5]
         [Termination Attempts: Min: 1, Avg: 464.3, Max: 584, Diff: 583, Sum: 3714]
      [GC Worker Other (ms): Min: 0.0, Avg: 0.0, Max: 0.1, Diff: 0.1, Sum: 0.3]
      [GC Worker Total (ms): Min: 171.3, Avg: 171.4, Max: 171.5, Diff: 0.2, Sum: 1371.1]
      [GC Worker End (ms): Min: 123649.0, Avg: 123649.0, Max: 123649.0, Diff: 0.1]
   [Code Root Fixup: 0.0 ms]
   [Code Root Purge: 0.0 ms]
   [Clear CT: 0.3 ms]
   [Other: 1.3 ms]
      [Choose CSet: 0.0 ms]
      [Ref Proc: 0.2 ms]
      [Ref Enq: 0.0 ms]
      [Redirty Cards: 0.6 ms]
      [Humongous Register: 0.0 ms]
      [Humongous Reclaim: 0.0 ms]
      [Free CSet: 0.3 ms]
   [Eden: 321.0M(321.0M)->0.0B(322.0M) Survivors: 45.0M->46.0M Heap: 798.5M(2048.0M)->800.5M(2048.0M)]
 [Times: user=1.31 sys=0.05, real=0.17 secs] 
2020-09-29T12:32:06.569+0200: 123.829: [GC pause (G1 Evacuation Pause) (young), 0.2146589 secs]
   [Parallel Time: 213.3 ms, GC Workers: 8]
      [GC Worker Start (ms): Min: 123828.7, Avg: 123828.7, Max: 123828.8, Diff: 0.2]
      [Ext Root Scanning (ms): Min: 0.0, Avg: 0.1, Max: 0.1, Diff: 0.1, Sum: 0.6]
      [Update RS (ms): Min: 21.4, Avg: 21.5, Max: 21.8, Diff: 0.4, Sum: 172.1]
         [Processed Buffers: Min: 22, Avg: 24.8, Max: 27, Diff: 5, Sum: 198]
      [Scan RS (ms): Min: 17.4, Avg: 17.7, Max: 17.9, Diff: 0.5, Sum: 141.4]
      [Code Root Scanning (ms): Min: 0.0, Avg: 0.0, Max: 0.0, Diff: 0.0, Sum: 0.0]
      [Object Copy (ms): Min: 173.2, Avg: 173.3, Max: 173.6, Diff: 0.4, Sum: 1386.5]
      [Termination (ms): Min: 0.0, Avg: 0.5, Max: 0.6, Diff: 0.6, Sum: 3.7]
         [Termination Attempts: Min: 1, Avg: 3571.6, Max: 4476, Diff: 4475, Sum: 28573]
      [GC Worker Other (ms): Min: 0.0, Avg: 0.0, Max: 0.1, Diff: 0.0, Sum: 0.3]
      [GC Worker Total (ms): Min: 213.0, Avg: 213.1, Max: 213.2, Diff: 0.2, Sum: 1704.6]
      [GC Worker End (ms): Min: 124041.8, Avg: 124041.8, Max: 124041.8, Diff: 0.0]
   [Code Root Fixup: 0.0 ms]
   [Code Root Purge: 0.0 ms]
   [Clear CT: 0.2 ms]
   [Other: 1.2 ms]
      [Choose CSet: 0.0 ms]
      [Ref Proc: 0.2 ms]
      [Ref Enq: 0.0 ms]
      [Redirty Cards: 0.4 ms]
      [Humongous Register: 0.0 ms]
      [Humongous Reclaim: 0.0 ms]
      [Free CSet: 0.3 ms]
   [Eden: 322.0M(322.0M)->0.0B(282.0M) Survivors: 46.0M->46.0M Heap: 1177.8M(2048.0M)->1179.8M(2048.0M)]
 [Times: user=1.55 sys=0.00, real=0.21 secs] 
2020-09-29T12:32:06.809+0200: 124.068: [GC pause (G1 Humongous Allocation) (young) (initial-mark), 0.0544015 secs]
   [Parallel Time: 53.0 ms, GC Workers: 8]
      [GC Worker Start (ms): Min: 124068.3, Avg: 124068.3, Max: 124068.4, Diff: 0.1]
      [Ext Root Scanning (ms): Min: 0.0, Avg: 0.2, Max: 0.8, Diff: 0.8, Sum: 1.4]
      [Update RS (ms): Min: 24.8, Avg: 25.8, Max: 26.5, Diff: 1.7, Sum: 206.2]
         [Processed Buffers: Min: 22, Avg: 27.8, Max: 30, Diff: 8, Sum: 222]
      [Scan RS (ms): Min: 2.3, Avg: 2.9, Max: 3.3, Diff: 1.0, Sum: 23.5]
      [Code Root Scanning (ms): Min: 0.0, Avg: 0.0, Max: 0.0, Diff: 0.0, Sum: 0.0]
      [Object Copy (ms): Min: 23.8, Avg: 23.9, Max: 23.9, Diff: 0.1, Sum: 191.0]
      [Termination (ms): Min: 0.0, Avg: 0.0, Max: 0.0, Diff: 0.0, Sum: 0.1]
         [Termination Attempts: Min: 1, Avg: 83.1, Max: 99, Diff: 98, Sum: 665]
      [GC Worker Other (ms): Min: 0.0, Avg: 0.0, Max: 0.0, Diff: 0.0, Sum: 0.2]
      [GC Worker Total (ms): Min: 52.8, Avg: 52.8, Max: 52.9, Diff: 0.1, Sum: 422.4]
      [GC Worker End (ms): Min: 124121.1, Avg: 124121.1, Max: 124121.2, Diff: 0.0]
   [Code Root Fixup: 0.0 ms]
   [Code Root Purge: 0.0 ms]
   [Clear CT: 0.8 ms]
   [Other: 0.6 ms]
      [Choose CSet: 0.0 ms]
      [Ref Proc: 0.2 ms]
      [Ref Enq: 0.0 ms]
      [Redirty Cards: 0.2 ms]
      [Humongous Register: 0.0 ms]
      [Humongous Reclaim: 0.0 ms]
      [Free CSet: 0.1 ms]
   [Eden: 12.0M(282.0M)->0.0B(320.0M) Survivors: 46.0M->13.0M Heap: 1191.3M(2048.0M)->1193.8M(2048.0M)]
 [Times: user=0.38 sys=0.00, real=0.05 secs] 
2020-09-29T12:32:06.863+0200: 124.123: [GC concurrent-root-region-scan-start]
2020-09-29T12:32:06.865+0200: 124.125: [GC concurrent-root-region-scan-end, 0.0021846 secs]
2020-09-29T12:32:06.865+0200: 124.125: [GC concurrent-mark-start]
2020-09-29T12:32:06.868+0200: 124.127: [GC concurrent-mark-end, 0.0025308 secs]
2020-09-29T12:32:06.868+0200: 124.128: [GC remark 2020-09-29T12:32:06.868+0200: 124.128: [Finalize Marking, 0.0001623 secs] 2020-09-29T12:32:06.868+0200: 124.128: [GC ref-proc, 0.0002780 secs] 2020-09-29T12:32:06.869+0200: 124.128: [Unloading, 0.0004911 secs], 0.0023207 secs]
 [Times: user=0.00 sys=0.00, real=0.00 secs] 
2020-09-29T12:32:06.871+0200: 124.130: [GC cleanup 1205M->34M(2048M), 0.0011356 secs]
 [Times: user=0.00 sys=0.00, real=0.00 secs] 
2020-09-29T12:32:06.872+0200: 124.131: [GC concurrent-cleanup-start]
2020-09-29T12:32:06.874+0200: 124.133: [GC concurrent-cleanup-end, 0.0017178 secs]
2020-09-29T12:32:07.034+0200: 124.293: [GC pause (G1 Evacuation Pause) (young), 0.1595201 secs]
   [Parallel Time: 158.4 ms, GC Workers: 8]
      [GC Worker Start (ms): Min: 124293.6, Avg: 124293.7, Max: 124293.8, Diff: 0.2]
      [Ext Root Scanning (ms): Min: 0.0, Avg: 0.1, Max: 0.2, Diff: 0.2, Sum: 0.5]
      [Update RS (ms): Min: 15.1, Avg: 15.5, Max: 15.8, Diff: 0.7, Sum: 123.9]
         [Processed Buffers: Min: 16, Avg: 16.5, Max: 17, Diff: 1, Sum: 132]
      [Scan RS (ms): Min: 16.3, Avg: 16.6, Max: 16.9, Diff: 0.6, Sum: 132.6]
      [Code Root Scanning (ms): Min: 0.0, Avg: 0.0, Max: 0.0, Diff: 0.0, Sum: 0.0]
      [Object Copy (ms): Min: 125.9, Avg: 125.9, Max: 126.0, Diff: 0.1, Sum: 1007.6]
      [Termination (ms): Min: 0.0, Avg: 0.0, Max: 0.0, Diff: 0.0, Sum: 0.0]
         [Termination Attempts: Min: 1, Avg: 28.8, Max: 43, Diff: 42, Sum: 230]
      [GC Worker Other (ms): Min: 0.0, Avg: 0.0, Max: 0.1, Diff: 0.0, Sum: 0.3]
      [GC Worker Total (ms): Min: 158.0, Avg: 158.1, Max: 158.2, Diff: 0.2, Sum: 1264.9]
      [GC Worker End (ms): Min: 124451.8, Avg: 124451.8, Max: 124451.9, Diff: 0.0]
   [Code Root Fixup: 0.0 ms]
   [Code Root Purge: 0.0 ms]
   [Clear CT: 0.3 ms]
   [Other: 0.9 ms]
      [Choose CSet: 0.0 ms]
      [Ref Proc: 0.2 ms]
      [Ref Enq: 0.0 ms]
      [Redirty Cards: 0.2 ms]
      [Humongous Register: 0.0 ms]
      [Humongous Reclaim: 0.0 ms]
      [Free CSet: 0.2 ms]
   [Eden: 320.0M(320.0M)->0.0B(312.0M) Survivors: 13.0M->42.0M Heap: 395.9M(2048.0M)->385.4M(2048.0M)]
 [Times: user=1.38 sys=0.00, real=0.16 secs] 
2020-09-29T12:32:07.379+0200: 124.638: [GC pause (G1 Evacuation Pause) (young), 0.1678069 secs]
   [Parallel Time: 166.7 ms, GC Workers: 8]
      [GC Worker Start (ms): Min: 124638.4, Avg: 124638.5, Max: 124638.6, Diff: 0.2]
      [Ext Root Scanning (ms): Min: 0.0, Avg: 0.1, Max: 0.2, Diff: 0.2, Sum: 0.5]
      [Update RS (ms): Min: 13.9, Avg: 14.0, Max: 14.2, Diff: 0.3, Sum: 111.7]
         [Processed Buffers: Min: 15, Avg: 16.8, Max: 19, Diff: 4, Sum: 134]
      [Scan RS (ms): Min: 18.9, Avg: 19.2, Max: 19.3, Diff: 0.5, Sum: 153.4]
      [Code Root Scanning (ms): Min: 0.0, Avg: 0.0, Max: 0.0, Diff: 0.0, Sum: 0.0]
      [Object Copy (ms): Min: 133.0, Avg: 133.2, Max: 133.3, Diff: 0.2, Sum: 1065.3]
      [Termination (ms): Min: 0.0, Avg: 0.0, Max: 0.0, Diff: 0.0, Sum: 0.3]
         [Termination Attempts: Min: 1, Avg: 252.6, Max: 308, Diff: 307, Sum: 2021]
      [GC Worker Other (ms): Min: 0.0, Avg: 0.0, Max: 0.1, Diff: 0.0, Sum: 0.2]
      [GC Worker Total (ms): Min: 166.3, Avg: 166.4, Max: 166.5, Diff: 0.2, Sum: 1331.5]
      [GC Worker End (ms): Min: 124804.9, Avg: 124804.9, Max: 124805.0, Diff: 0.0]
   [Code Root Fixup: 0.0 ms]
   [Code Root Purge: 0.0 ms]
   [Clear CT: 0.2 ms]
   [Other: 0.9 ms]
      [Choose CSet: 0.0 ms]
      [Ref Proc: 0.1 ms]
      [Ref Enq: 0.0 ms]
      [Redirty Cards: 0.2 ms]
      [Humongous Register: 0.0 ms]
      [Humongous Reclaim: 0.0 ms]
      [Free CSet: 0.3 ms]
   [Eden: 312.0M(312.0M)->0.0B(310.0M) Survivors: 42.0M->45.0M Heap: 750.8M(2048.0M)->752.8M(2048.0M)]
 [Times: user=1.25 sys=0.00, real=0.17 secs] 
2020-09-29T12:32:07.714+0200: 124.974: [GC pause (G1 Evacuation Pause) (young), 0.1730877 secs]
   [Parallel Time: 172.0 ms, GC Workers: 8]
      [GC Worker Start (ms): Min: 124973.7, Avg: 124973.8, Max: 124973.9, Diff: 0.2]
      [Ext Root Scanning (ms): Min: 0.0, Avg: 0.1, Max: 0.2, Diff: 0.2, Sum: 0.5]
      [Update RS (ms): Min: 19.9, Avg: 20.1, Max: 20.7, Diff: 0.8, Sum: 160.6]
         [Processed Buffers: Min: 20, Avg: 22.3, Max: 25, Diff: 5, Sum: 178]
      [Scan RS (ms): Min: 16.5, Avg: 17.1, Max: 17.4, Diff: 0.9, Sum: 136.9]
      [Code Root Scanning (ms): Min: 0.0, Avg: 0.0, Max: 0.0, Diff: 0.0, Sum: 0.0]
      [Object Copy (ms): Min: 134.3, Avg: 134.4, Max: 134.6, Diff: 0.2, Sum: 1075.6]
      [Termination (ms): Min: 0.0, Avg: 0.0, Max: 0.0, Diff: 0.0, Sum: 0.1]
         [Termination Attempts: Min: 1, Avg: 107.4, Max: 141, Diff: 140, Sum: 859]
      [GC Worker Other (ms): Min: 0.0, Avg: 0.0, Max: 0.1, Diff: 0.1, Sum: 0.3]
      [GC Worker Total (ms): Min: 171.7, Avg: 171.8, Max: 171.9, Diff: 0.2, Sum: 1374.1]
      [GC Worker End (ms): Min: 125145.5, Avg: 125145.6, Max: 125145.6, Diff: 0.1]
   [Code Root Fixup: 0.0 ms]
   [Code Root Purge: 0.0 ms]
   [Clear CT: 0.2 ms]
   [Other: 0.9 ms]
      [Choose CSet: 0.0 ms]
      [Ref Proc: 0.2 ms]
      [Ref Enq: 0.0 ms]
      [Redirty Cards: 0.2 ms]
      [Humongous Register: 0.0 ms]
      [Humongous Reclaim: 0.0 ms]
      [Free CSet: 0.3 ms]
   [Eden: 310.0M(310.0M)->0.0B(311.0M) Survivors: 45.0M->45.0M Heap: 1114.3M(2048.0M)->1116.3M(2048.0M)]
 [Times: user=1.38 sys=0.00, real=0.17 secs] 
2020-09-29T12:32:07.904+0200: 125.164: [GC pause (G1 Humongous Allocation) (young) (initial-mark), 0.0524421 secs]
   [Parallel Time: 51.5 ms, GC Workers: 8]
      [GC Worker Start (ms): Min: 125163.9, Avg: 125163.9, Max: 125164.0, Diff: 0.2]
      [Ext Root Scanning (ms): Min: 0.0, Avg: 0.3, Max: 0.8, Diff: 0.8, Sum: 2.0]
      [Update RS (ms): Min: 26.8, Avg: 27.4, Max: 27.8, Diff: 1.0, Sum: 219.3]
         [Processed Buffers: Min: 29, Avg: 32.1, Max: 34, Diff: 5, Sum: 257]
      [Scan RS (ms): Min: 2.5, Avg: 2.8, Max: 3.0, Diff: 0.5, Sum: 22.2]
      [Code Root Scanning (ms): Min: 0.0, Avg: 0.0, Max: 0.0, Diff: 0.0, Sum: 0.0]
      [Object Copy (ms): Min: 20.8, Avg: 20.8, Max: 20.9, Diff: 0.1, Sum: 166.6]
      [Termination (ms): Min: 0.0, Avg: 0.0, Max: 0.0, Diff: 0.0, Sum: 0.1]
         [Termination Attempts: Min: 1, Avg: 42.5, Max: 55, Diff: 54, Sum: 340]
      [GC Worker Other (ms): Min: 0.0, Avg: 0.0, Max: 0.1, Diff: 0.0, Sum: 0.2]
      [GC Worker Total (ms): Min: 51.2, Avg: 51.3, Max: 51.4, Diff: 0.2, Sum: 410.4]
      [GC Worker End (ms): Min: 125215.2, Avg: 125215.2, Max: 125215.3, Diff: 0.0]
   [Code Root Fixup: 0.0 ms]
   [Code Root Purge: 0.0 ms]
   [Clear CT: 0.2 ms]
   [Other: 0.8 ms]
      [Choose CSet: 0.0 ms]
      [Ref Proc: 0.2 ms]
      [Ref Enq: 0.0 ms]
      [Redirty Cards: 0.2 ms]
      [Humongous Register: 0.1 ms]
      [Humongous Reclaim: 0.0 ms]
      [Free CSet: 0.1 ms]
   [Eden: 8192.0K(311.0M)->0.0B(353.0M) Survivors: 45.0M->10.0M Heap: 1124.3M(2048.0M)->1128.3M(2048.0M)]
 [Times: user=0.38 sys=0.00, real=0.05 secs] 
2020-09-29T12:32:07.957+0200: 125.216: [GC concurrent-root-region-scan-start]
2020-09-29T12:32:07.962+0200: 125.221: [GC concurrent-root-region-scan-end, 0.0051266 secs]
2020-09-29T12:32:07.962+0200: 125.221: [GC concurrent-mark-start]
2020-09-29T12:32:07.965+0200: 125.224: [GC concurrent-mark-end, 0.0028250 secs]
2020-09-29T12:32:07.965+0200: 125.224: [GC remark 2020-09-29T12:32:07.965+0200: 125.224: [Finalize Marking, 0.0002208 secs] 2020-09-29T12:32:07.965+0200: 125.225: [GC ref-proc, 0.0005352 secs] 2020-09-29T12:32:07.966+0200: 125.225: [Unloading, 0.0005507 secs], 0.0016722 secs]
 [Times: user=0.00 sys=0.00, real=0.00 secs] 
2020-09-29T12:32:07.967+0200: 125.227: [GC cleanup 1147M->38M(2048M), 0.0013362 secs]
 [Times: user=0.00 sys=0.00, real=0.00 secs] 
2020-09-29T12:32:07.969+0200: 125.228: [GC concurrent-cleanup-start]
2020-09-29T12:32:07.970+0200: 125.230: [GC concurrent-cleanup-end, 0.0016117 secs]
2020-09-29T12:32:08.149+0200: 125.408: [GC pause (G1 Evacuation Pause) (young), 0.1639631 secs]
   [Parallel Time: 162.8 ms, GC Workers: 8]
      [GC Worker Start (ms): Min: 125408.3, Avg: 125408.4, Max: 125408.5, Diff: 0.2]
      [Ext Root Scanning (ms): Min: 0.0, Avg: 0.1, Max: 0.2, Diff: 0.2, Sum: 0.5]
      [Update RS (ms): Min: 11.8, Avg: 12.1, Max: 12.3, Diff: 0.5, Sum: 97.0]
         [Processed Buffers: Min: 13, Avg: 13.4, Max: 16, Diff: 3, Sum: 107]
      [Scan RS (ms): Min: 20.0, Avg: 20.2, Max: 20.5, Diff: 0.5, Sum: 161.5]
      [Code Root Scanning (ms): Min: 0.0, Avg: 0.0, Max: 0.0, Diff: 0.0, Sum: 0.0]
      [Object Copy (ms): Min: 129.9, Avg: 130.1, Max: 130.1, Diff: 0.2, Sum: 1040.5]
      [Termination (ms): Min: 0.0, Avg: 0.0, Max: 0.0, Diff: 0.0, Sum: 0.1]
         [Termination Attempts: Min: 1, Avg: 113.6, Max: 142, Diff: 141, Sum: 909]
      [GC Worker Other (ms): Min: 0.0, Avg: 0.0, Max: 0.1, Diff: 0.1, Sum: 0.3]
      [GC Worker Total (ms): Min: 162.4, Avg: 162.5, Max: 162.6, Diff: 0.2, Sum: 1300.0]
      [GC Worker End (ms): Min: 125570.9, Avg: 125570.9, Max: 125570.9, Diff: 0.1]
   [Code Root Fixup: 0.0 ms]
   [Code Root Purge: 0.0 ms]
   [Clear CT: 0.2 ms]
   [Other: 1.0 ms]
      [Choose CSet: 0.0 ms]
      [Ref Proc: 0.2 ms]
      [Ref Enq: 0.0 ms]
      [Redirty Cards: 0.2 ms]
      [Humongous Register: 0.0 ms]
      [Humongous Reclaim: 0.0 ms]
      [Free CSet: 0.4 ms]
   [Eden: 353.0M(353.0M)->0.0B(331.0M) Survivors: 10.0M->46.0M Heap: 432.1M(2048.0M)->423.6M(2048.0M)]
 [Times: user=1.25 sys=0.00, real=0.16 secs] 
2020-09-29T12:32:08.512+0200: 125.771: [GC pause (G1 Evacuation Pause) (young), 0.1810028 secs]
   [Parallel Time: 179.9 ms, GC Workers: 8]
      [GC Worker Start (ms): Min: 125771.1, Avg: 125771.2, Max: 125771.2, Diff: 0.1]
      [Ext Root Scanning (ms): Min: 0.0, Avg: 0.1, Max: 0.1, Diff: 0.1, Sum: 0.6]
      [Update RS (ms): Min: 17.8, Avg: 17.9, Max: 18.3, Diff: 0.5, Sum: 143.5]
         [Processed Buffers: Min: 19, Avg: 20.3, Max: 22, Diff: 3, Sum: 162]
      [Scan RS (ms): Min: 17.9, Avg: 18.2, Max: 18.4, Diff: 0.5, Sum: 145.4]
      [Code Root Scanning (ms): Min: 0.0, Avg: 0.0, Max: 0.0, Diff: 0.0, Sum: 0.0]
      [Object Copy (ms): Min: 143.3, Avg: 143.4, Max: 143.5, Diff: 0.2, Sum: 1147.4]
      [Termination (ms): Min: 0.0, Avg: 0.0, Max: 0.0, Diff: 0.0, Sum: 0.0]
         [Termination Attempts: Min: 1, Avg: 30.0, Max: 43, Diff: 42, Sum: 240]
      [GC Worker Other (ms): Min: 0.0, Avg: 0.1, Max: 0.1, Diff: 0.1, Sum: 0.5]
      [GC Worker Total (ms): Min: 179.6, Avg: 179.7, Max: 179.8, Diff: 0.2, Sum: 1437.4]
      [GC Worker End (ms): Min: 125950.8, Avg: 125950.9, Max: 125950.9, Diff: 0.1]
   [Code Root Fixup: 0.0 ms]
   [Code Root Purge: 0.0 ms]
   [Clear CT: 0.2 ms]
   [Other: 1.0 ms]
      [Choose CSet: 0.0 ms]
      [Ref Proc: 0.1 ms]
      [Ref Enq: 0.0 ms]
      [Redirty Cards: 0.2 ms]
      [Humongous Register: 0.0 ms]
      [Humongous Reclaim: 0.0 ms]
      [Free CSet: 0.4 ms]
   [Eden: 331.0M(331.0M)->0.0B(323.0M) Survivors: 46.0M->48.0M Heap: 809.9M(2048.0M)->812.4M(2048.0M)]
 [Times: user=1.38 sys=0.00, real=0.18 secs] 
2020-09-29T12:32:08.878+0200: 126.138: [GC pause (G1 Evacuation Pause) (young), 0.1830278 secs]
   [Parallel Time: 182.0 ms, GC Workers: 8]
      [GC Worker Start (ms): Min: 126137.7, Avg: 126137.8, Max: 126137.9, Diff: 0.2]
      [Ext Root Scanning (ms): Min: 0.0, Avg: 0.1, Max: 0.2, Diff: 0.2, Sum: 0.4]
      [Update RS (ms): Min: 14.8, Avg: 15.1, Max: 15.3, Diff: 0.5, Sum: 121.0]
         [Processed Buffers: Min: 17, Avg: 18.0, Max: 19, Diff: 2, Sum: 144]
      [Scan RS (ms): Min: 19.0, Avg: 19.3, Max: 19.5, Diff: 0.5, Sum: 154.1]
      [Code Root Scanning (ms): Min: 0.0, Avg: 0.0, Max: 0.0, Diff: 0.0, Sum: 0.0]
      [Object Copy (ms): Min: 147.0, Avg: 147.2, Max: 147.4, Diff: 0.4, Sum: 1177.6]
      [Termination (ms): Min: 0.0, Avg: 0.1, Max: 0.1, Diff: 0.1, Sum: 0.6]
         [Termination Attempts: Min: 1, Avg: 522.5, Max: 625, Diff: 624, Sum: 4180]
      [GC Worker Other (ms): Min: 0.0, Avg: 0.1, Max: 0.1, Diff: 0.1, Sum: 0.5]
      [GC Worker Total (ms): Min: 181.7, Avg: 181.8, Max: 181.9, Diff: 0.3, Sum: 1454.3]
      [GC Worker End (ms): Min: 126319.5, Avg: 126319.6, Max: 126319.6, Diff: 0.1]
   [Code Root Fixup: 0.0 ms]
   [Code Root Purge: 0.0 ms]
   [Clear CT: 0.2 ms]
   [Other: 0.8 ms]
      [Choose CSet: 0.0 ms]
      [Ref Proc: 0.2 ms]
      [Ref Enq: 0.0 ms]
      [Redirty Cards: 0.3 ms]
      [Humongous Register: 0.0 ms]
      [Humongous Reclaim: 0.0 ms]
      [Free CSet: 0.2 ms]
   [Eden: 323.0M(323.0M)->0.0B(315.0M) Survivors: 48.0M->47.0M Heap: 1188.8M(2048.0M)->1190.8M(2048.0M)]
 [Times: user=1.45 sys=0.03, real=0.18 secs] 
2020-09-29T12:32:09.072+0200: 126.331: [GC pause (G1 Humongous Allocation) (young) (initial-mark), 0.0586564 secs]
   [Parallel Time: 57.9 ms, GC Workers: 8]
      [GC Worker Start (ms): Min: 126331.5, Avg: 126331.5, Max: 126331.6, Diff: 0.1]
      [Ext Root Scanning (ms): Min: 0.0, Avg: 0.1, Max: 0.1, Diff: 0.1, Sum: 0.6]
      [Update RS (ms): Min: 36.1, Avg: 36.3, Max: 36.6, Diff: 0.5, Sum: 290.8]
         [Processed Buffers: Min: 40, Avg: 44.0, Max: 47, Diff: 7, Sum: 352]
      [Scan RS (ms): Min: 2.5, Avg: 2.8, Max: 3.0, Diff: 0.5, Sum: 22.7]
      [Code Root Scanning (ms): Min: 0.0, Avg: 0.0, Max: 0.0, Diff: 0.0, Sum: 0.0]
      [Object Copy (ms): Min: 18.3, Avg: 18.4, Max: 18.4, Diff: 0.1, Sum: 146.9]
      [Termination (ms): Min: 0.0, Avg: 0.0, Max: 0.0, Diff: 0.0, Sum: 0.2]
         [Termination Attempts: Min: 1, Avg: 139.0, Max: 206, Diff: 205, Sum: 1112]
      [GC Worker Other (ms): Min: 0.0, Avg: 0.0, Max: 0.0, Diff: 0.0, Sum: 0.2]
      [GC Worker Total (ms): Min: 57.6, Avg: 57.7, Max: 57.7, Diff: 0.1, Sum: 461.3]
      [GC Worker End (ms): Min: 126389.2, Avg: 126389.2, Max: 126389.2, Diff: 0.0]
   [Code Root Fixup: 0.0 ms]
   [Code Root Purge: 0.0 ms]
   [Clear CT: 0.2 ms]
   [Other: 0.6 ms]
      [Choose CSet: 0.0 ms]
      [Ref Proc: 0.1 ms]
      [Ref Enq: 0.0 ms]
      [Redirty Cards: 0.2 ms]
      [Humongous Register: 0.0 ms]
      [Humongous Reclaim: 0.0 ms]
      [Free CSet: 0.1 ms]
   [Eden: 1024.0K(315.0M)->0.0B(333.0M) Survivors: 47.0M->3072.0K Heap: 1191.3M(2048.0M)->1196.8M(2048.0M)]
 [Times: user=0.50 sys=0.00, real=0.06 secs] 
2020-09-29T12:32:09.131+0200: 126.390: [GC concurrent-root-region-scan-start]
2020-09-29T12:32:09.131+0200: 126.390: [GC concurrent-root-region-scan-end, 0.0001791 secs]
2020-09-29T12:32:09.131+0200: 126.390: [GC concurrent-mark-start]
2020-09-29T12:32:09.134+0200: 126.394: [GC concurrent-mark-end, 0.0035822 secs]
2020-09-29T12:32:09.135+0200: 126.394: [GC remark 2020-09-29T12:32:09.135+0200: 126.394: [Finalize Marking, 0.0001344 secs] 2020-09-29T12:32:09.135+0200: 126.394: [GC ref-proc, 0.0002716 secs] 2020-09-29T12:32:09.135+0200: 126.394: [Unloading, 0.0004185 secs], 0.0011118 secs]
 [Times: user=0.00 sys=0.00, real=0.00 secs] 
2020-09-29T12:32:09.136+0200: 126.395: [GC cleanup 1206M->22M(2048M), 0.0011991 secs]
 [Times: user=0.00 sys=0.00, real=0.00 secs] 
2020-09-29T12:32:09.137+0200: 126.397: [GC concurrent-cleanup-start]
2020-09-29T12:32:09.139+0200: 126.398: [GC concurrent-cleanup-end, 0.0016393 secs]
2020-09-29T12:32:09.304+0200: 126.563: [GC pause (G1 Evacuation Pause) (young), 0.1675269 secs]
   [Parallel Time: 166.2 ms, GC Workers: 8]
      [GC Worker Start (ms): Min: 126563.3, Avg: 126563.4, Max: 126563.4, Diff: 0.2]
      [Ext Root Scanning (ms): Min: 0.0, Avg: 0.1, Max: 0.2, Diff: 0.2, Sum: 0.5]
      [Update RS (ms): Min: 14.9, Avg: 15.0, Max: 15.1, Diff: 0.2, Sum: 119.7]
         [Processed Buffers: Min: 15, Avg: 17.6, Max: 20, Diff: 5, Sum: 141]
      [Scan RS (ms): Min: 16.5, Avg: 16.7, Max: 17.0, Diff: 0.5, Sum: 133.8]
      [Code Root Scanning (ms): Min: 0.0, Avg: 0.0, Max: 0.0, Diff: 0.0, Sum: 0.0]
      [Object Copy (ms): Min: 134.0, Avg: 134.1, Max: 134.2, Diff: 0.2, Sum: 1073.1]
      [Termination (ms): Min: 0.0, Avg: 0.0, Max: 0.0, Diff: 0.0, Sum: 0.2]
         [Termination Attempts: Min: 1, Avg: 164.0, Max: 205, Diff: 204, Sum: 1312]
      [GC Worker Other (ms): Min: 0.0, Avg: 0.1, Max: 0.1, Diff: 0.1, Sum: 0.5]
      [GC Worker Total (ms): Min: 165.9, Avg: 166.0, Max: 166.1, Diff: 0.2, Sum: 1327.8]
      [GC Worker End (ms): Min: 126729.3, Avg: 126729.3, Max: 126729.4, Diff: 0.1]
   [Code Root Fixup: 0.0 ms]
   [Code Root Purge: 0.0 ms]
   [Clear CT: 0.3 ms]
   [Other: 1.0 ms]
      [Choose CSet: 0.0 ms]
      [Ref Proc: 0.2 ms]
      [Ref Enq: 0.0 ms]
      [Redirty Cards: 0.3 ms]
      [Humongous Register: 0.0 ms]
      [Humongous Reclaim: 0.0 ms]
      [Free CSet: 0.3 ms]
   [Eden: 333.0M(333.0M)->0.0B(337.0M) Survivors: 3072.0K->42.0M Heap: 403.2M(2048.0M)->401.7M(2048.0M)]
 [Times: user=1.22 sys=0.00, real=0.17 secs] 
2020-09-29T12:32:09.652+0200: 126.912: [GC pause (G1 Evacuation Pause) (young), 0.2057053 secs]
   [Parallel Time: 204.4 ms, GC Workers: 8]
      [GC Worker Start (ms): Min: 126911.6, Avg: 126911.7, Max: 126911.8, Diff: 0.2]
      [Ext Root Scanning (ms): Min: 0.0, Avg: 0.1, Max: 0.2, Diff: 0.2, Sum: 0.5]
      [Update RS (ms): Min: 18.7, Avg: 18.9, Max: 19.0, Diff: 0.3, Sum: 150.8]
         [Processed Buffers: Min: 5, Avg: 20.1, Max: 25, Diff: 20, Sum: 161]
      [Scan RS (ms): Min: 18.9, Avg: 20.3, Max: 28.2, Diff: 9.3, Sum: 162.4]
      [Code Root Scanning (ms): Min: 0.0, Avg: 0.0, Max: 0.0, Diff: 0.0, Sum: 0.0]
      [Object Copy (ms): Min: 156.9, Avg: 164.8, Max: 166.0, Diff: 9.1, Sum: 1318.2]
      [Termination (ms): Min: 0.0, Avg: 0.1, Max: 0.1, Diff: 0.1, Sum: 0.7]
         [Termination Attempts: Min: 1, Avg: 682.6, Max: 858, Diff: 857, Sum: 5461]
      [GC Worker Other (ms): Min: 0.0, Avg: 0.0, Max: 0.1, Diff: 0.1, Sum: 0.4]
      [GC Worker Total (ms): Min: 204.1, Avg: 204.1, Max: 204.3, Diff: 0.2, Sum: 1633.1]
      [GC Worker End (ms): Min: 127115.9, Avg: 127115.9, Max: 127115.9, Diff: 0.1]
   [Code Root Fixup: 0.0 ms]
   [Code Root Purge: 0.0 ms]
   [Clear CT: 0.2 ms]
   [Other: 1.1 ms]
      [Choose CSet: 0.0 ms]
      [Ref Proc: 0.1 ms]
      [Ref Enq: 0.0 ms]
      [Redirty Cards: 0.3 ms]
      [Humongous Register: 0.0 ms]
      [Humongous Reclaim: 0.0 ms]
      [Free CSet: 0.4 ms]
   [Eden: 337.0M(337.0M)->0.0B(292.0M) Survivors: 42.0M->48.0M Heap: 794.0M(2048.0M)->797.0M(2048.0M)]
 [Times: user=1.56 sys=0.02, real=0.21 secs] 
2020-09-29T12:32:10.038+0200: 127.298: [GC pause (G1 Evacuation Pause) (young), 0.1565088 secs]
   [Parallel Time: 155.3 ms, GC Workers: 8]
      [GC Worker Start (ms): Min: 127297.8, Avg: 127297.9, Max: 127297.9, Diff: 0.2]
      [Ext Root Scanning (ms): Min: 0.0, Avg: 0.1, Max: 0.2, Diff: 0.2, Sum: 0.5]
      [Update RS (ms): Min: 17.2, Avg: 17.3, Max: 17.8, Diff: 0.7, Sum: 138.7]
         [Processed Buffers: Min: 21, Avg: 22.1, Max: 24, Diff: 3, Sum: 177]
      [Scan RS (ms): Min: 13.3, Avg: 13.7, Max: 13.9, Diff: 0.7, Sum: 109.8]
      [Code Root Scanning (ms): Min: 0.0, Avg: 0.0, Max: 0.0, Diff: 0.0, Sum: 0.0]
      [Object Copy (ms): Min: 123.8, Avg: 124.0, Max: 124.0, Diff: 0.2, Sum: 991.7]
      [Termination (ms): Min: 0.0, Avg: 0.0, Max: 0.0, Diff: 0.0, Sum: 0.2]
         [Termination Attempts: Min: 1, Avg: 158.5, Max: 211, Diff: 210, Sum: 1268]
      [GC Worker Other (ms): Min: 0.0, Avg: 0.0, Max: 0.0, Diff: 0.0, Sum: 0.2]
      [GC Worker Total (ms): Min: 155.1, Avg: 155.2, Max: 155.3, Diff: 0.2, Sum: 1241.2]
      [GC Worker End (ms): Min: 127453.0, Avg: 127453.0, Max: 127453.0, Diff: 0.0]
   [Code Root Fixup: 0.0 ms]
   [Code Root Purge: 0.0 ms]
   [Clear CT: 0.2 ms]
   [Other: 1.0 ms]
      [Choose CSet: 0.0 ms]
      [Ref Proc: 0.2 ms]
      [Ref Enq: 0.0 ms]
      [Redirty Cards: 0.2 ms]
      [Humongous Register: 0.0 ms]
      [Humongous Reclaim: 0.0 ms]
      [Free CSet: 0.3 ms]
   [Eden: 292.0M(292.0M)->0.0B(311.0M) Survivors: 48.0M->43.0M Heap: 1138.6M(2048.0M)->1140.6M(2048.0M)]
 [Times: user=1.25 sys=0.00, real=0.16 secs] 
2020-09-29T12:32:10.201+0200: 127.460: [GC pause (G1 Humongous Allocation) (young) (initial-mark), 0.0663163 secs]
   [Parallel Time: 65.5 ms, GC Workers: 8]
      [GC Worker Start (ms): Min: 127460.3, Avg: 127460.4, Max: 127460.4, Diff: 0.1]
      [Ext Root Scanning (ms): Min: 0.0, Avg: 0.1, Max: 0.1, Diff: 0.1, Sum: 0.7]
      [Update RS (ms): Min: 41.6, Avg: 41.8, Max: 42.2, Diff: 0.5, Sum: 334.4]
         [Processed Buffers: Min: 46, Avg: 50.5, Max: 52, Diff: 6, Sum: 404]
      [Scan RS (ms): Min: 1.3, Avg: 1.7, Max: 1.9, Diff: 0.6, Sum: 13.6]
      [Code Root Scanning (ms): Min: 0.0, Avg: 0.0, Max: 0.0, Diff: 0.0, Sum: 0.0]
      [Object Copy (ms): Min: 21.7, Avg: 21.7, Max: 21.7, Diff: 0.1, Sum: 173.6]
      [Termination (ms): Min: 0.0, Avg: 0.0, Max: 0.0, Diff: 0.0, Sum: 0.0]
         [Termination Attempts: Min: 1, Avg: 16.9, Max: 24, Diff: 23, Sum: 135]
      [GC Worker Other (ms): Min: 0.0, Avg: 0.0, Max: 0.0, Diff: 0.0, Sum: 0.2]
      [GC Worker Total (ms): Min: 65.3, Avg: 65.3, Max: 65.3, Diff: 0.1, Sum: 522.5]
      [GC Worker End (ms): Min: 127525.7, Avg: 127525.7, Max: 127525.7, Diff: 0.0]
   [Code Root Fixup: 0.0 ms]
   [Code Root Purge: 0.0 ms]
   [Clear CT: 0.2 ms]
   [Other: 0.6 ms]
      [Choose CSet: 0.0 ms]
      [Ref Proc: 0.1 ms]
      [Ref Enq: 0.0 ms]
      [Redirty Cards: 0.1 ms]
      [Humongous Register: 0.1 ms]
      [Humongous Reclaim: 0.0 ms]
      [Free CSet: 0.1 ms]
   [Eden: 11.0M(311.0M)->0.0B(338.0M) Survivors: 43.0M->14.0M Heap: 1151.6M(2048.0M)->1156.1M(2048.0M)]
 [Times: user=0.50 sys=0.00, real=0.07 secs] 
2020-09-29T12:32:10.267+0200: 127.527: [GC concurrent-root-region-scan-start]
2020-09-29T12:32:10.270+0200: 127.529: [GC concurrent-root-region-scan-end, 0.0026355 secs]
2020-09-29T12:32:10.270+0200: 127.529: [GC concurrent-mark-start]
2020-09-29T12:32:10.272+0200: 127.531: [GC concurrent-mark-end, 0.0022934 secs]
2020-09-29T12:32:10.272+0200: 127.532: [GC remark 2020-09-29T12:32:10.272+0200: 127.532: [Finalize Marking, 0.0002740 secs] 2020-09-29T12:32:10.272+0200: 127.532: [GC ref-proc, 0.0002804 secs] 2020-09-29T12:32:10.273+0200: 127.532: [Unloading, 0.0004226 secs], 0.0012511 secs]
 [Times: user=0.00 sys=0.00, real=0.00 secs] 
2020-09-29T12:32:10.274+0200: 127.533: [GC cleanup 1169M->36M(2048M), 0.0012691 secs]
 [Times: user=0.00 sys=0.00, real=0.00 secs] 
2020-09-29T12:32:10.275+0200: 127.535: [GC concurrent-cleanup-start]
2020-09-29T12:32:10.277+0200: 127.536: [GC concurrent-cleanup-end, 0.0018021 secs]
2020-09-29T12:32:10.454+0200: 127.714: [GC pause (G1 Evacuation Pause) (young), 0.1653010 secs]
   [Parallel Time: 163.4 ms, GC Workers: 8]
      [GC Worker Start (ms): Min: 127713.7, Avg: 127713.8, Max: 127713.8, Diff: 0.2]
      [Ext Root Scanning (ms): Min: 0.0, Avg: 0.1, Max: 0.2, Diff: 0.2, Sum: 0.5]
      [Update RS (ms): Min: 18.2, Avg: 18.4, Max: 18.7, Diff: 0.5, Sum: 147.1]
         [Processed Buffers: Min: 21, Avg: 22.4, Max: 24, Diff: 3, Sum: 179]
      [Scan RS (ms): Min: 13.9, Avg: 14.4, Max: 15.9, Diff: 1.9, Sum: 115.1]
      [Code Root Scanning (ms): Min: 0.0, Avg: 0.0, Max: 0.0, Diff: 0.0, Sum: 0.0]
      [Object Copy (ms): Min: 128.9, Avg: 130.3, Max: 130.6, Diff: 1.7, Sum: 1042.3]
      [Termination (ms): Min: 0.0, Avg: 0.0, Max: 0.0, Diff: 0.0, Sum: 0.1]
         [Termination Attempts: Min: 1, Avg: 66.3, Max: 102, Diff: 101, Sum: 530]
      [GC Worker Other (ms): Min: 0.0, Avg: 0.0, Max: 0.1, Diff: 0.1, Sum: 0.3]
      [GC Worker Total (ms): Min: 163.1, Avg: 163.2, Max: 163.3, Diff: 0.2, Sum: 1305.5]
      [GC Worker End (ms): Min: 127876.9, Avg: 127876.9, Max: 127877.0, Diff: 0.1]
   [Code Root Fixup: 0.0 ms]
   [Code Root Purge: 0.0 ms]
   [Clear CT: 0.9 ms]
   [Other: 0.9 ms]
      [Choose CSet: 0.0 ms]
      [Ref Proc: 0.2 ms]
      [Ref Enq: 0.0 ms]
      [Redirty Cards: 0.2 ms]
      [Humongous Register: 0.0 ms]
      [Humongous Reclaim: 0.0 ms]
      [Free CSet: 0.2 ms]
   [Eden: 338.0M(338.0M)->0.0B(322.0M) Survivors: 14.0M->44.0M Heap: 419.2M(2048.0M)->407.7M(2048.0M)]
 [Times: user=1.36 sys=0.00, real=0.17 secs] 
2020-09-29T12:32:10.788+0200: 128.048: [GC pause (G1 Evacuation Pause) (young), 0.1771356 secs]
   [Parallel Time: 173.5 ms, GC Workers: 8]
      [GC Worker Start (ms): Min: 128048.0, Avg: 128048.1, Max: 128048.2, Diff: 0.2]
      [Ext Root Scanning (ms): Min: 0.0, Avg: 0.1, Max: 0.1, Diff: 0.1, Sum: 0.4]
      [Update RS (ms): Min: 20.1, Avg: 20.2, Max: 20.6, Diff: 0.5, Sum: 161.8]
         [Processed Buffers: Min: 21, Avg: 22.1, Max: 23, Diff: 2, Sum: 177]
      [Scan RS (ms): Min: 16.1, Avg: 16.5, Max: 16.7, Diff: 0.5, Sum: 132.2]
      [Code Root Scanning (ms): Min: 0.0, Avg: 0.0, Max: 0.0, Diff: 0.0, Sum: 0.0]
      [Object Copy (ms): Min: 136.4, Avg: 136.4, Max: 136.4, Diff: 0.1, Sum: 1091.2]
      [Termination (ms): Min: 0.0, Avg: 0.1, Max: 0.1, Diff: 0.1, Sum: 0.4]
         [Termination Attempts: Min: 1, Avg: 439.3, Max: 540, Diff: 539, Sum: 3514]
      [GC Worker Other (ms): Min: 0.0, Avg: 0.0, Max: 0.1, Diff: 0.1, Sum: 0.3]
      [GC Worker Total (ms): Min: 173.2, Avg: 173.3, Max: 173.4, Diff: 0.2, Sum: 1386.4]
      [GC Worker End (ms): Min: 128221.4, Avg: 128221.4, Max: 128221.4, Diff: 0.1]
   [Code Root Fixup: 0.0 ms]
   [Code Root Purge: 0.0 ms]
   [Clear CT: 2.7 ms]
   [Other: 1.0 ms]
      [Choose CSet: 0.0 ms]
      [Ref Proc: 0.2 ms]
      [Ref Enq: 0.0 ms]
      [Redirty Cards: 0.3 ms]
      [Humongous Register: 0.0 ms]
      [Humongous Reclaim: 0.0 ms]
      [Free CSet: 0.2 ms]
   [Eden: 322.0M(322.0M)->0.0B(315.0M) Survivors: 44.0M->46.0M Heap: 783.1M(2048.0M)->785.1M(2048.0M)]
 [Times: user=1.38 sys=0.00, real=0.18 secs] 
2020-09-29T12:32:11.139+0200: 128.399: [GC pause (G1 Evacuation Pause) (young), 0.1750173 secs]
   [Parallel Time: 173.9 ms, GC Workers: 8]
      [GC Worker Start (ms): Min: 128398.7, Avg: 128398.8, Max: 128398.9, Diff: 0.1]
      [Ext Root Scanning (ms): Min: 0.0, Avg: 0.1, Max: 0.2, Diff: 0.1, Sum: 0.6]
      [Update RS (ms): Min: 23.4, Avg: 23.5, Max: 23.6, Diff: 0.2, Sum: 187.6]
         [Processed Buffers: Min: 24, Avg: 25.9, Max: 29, Diff: 5, Sum: 207]
      [Scan RS (ms): Min: 16.3, Avg: 16.5, Max: 16.7, Diff: 0.4, Sum: 132.0]
      [Code Root Scanning (ms): Min: 0.0, Avg: 0.0, Max: 0.0, Diff: 0.0, Sum: 0.0]
      [Object Copy (ms): Min: 133.5, Avg: 133.7, Max: 133.8, Diff: 0.2, Sum: 1069.4]
      [Termination (ms): Min: 0.0, Avg: 0.0, Max: 0.0, Diff: 0.0, Sum: 0.2]
         [Termination Attempts: Min: 1, Avg: 128.1, Max: 159, Diff: 158, Sum: 1025]
      [GC Worker Other (ms): Min: 0.0, Avg: 0.0, Max: 0.1, Diff: 0.1, Sum: 0.3]
      [GC Worker Total (ms): Min: 173.7, Avg: 173.8, Max: 173.8, Diff: 0.1, Sum: 1390.1]
      [GC Worker End (ms): Min: 128572.5, Avg: 128572.6, Max: 128572.6, Diff: 0.1]
   [Code Root Fixup: 0.0 ms]
   [Code Root Purge: 0.0 ms]
   [Clear CT: 0.2 ms]
   [Other: 0.8 ms]
      [Choose CSet: 0.0 ms]
      [Ref Proc: 0.2 ms]
      [Ref Enq: 0.0 ms]
      [Redirty Cards: 0.3 ms]
      [Humongous Register: 0.0 ms]
      [Humongous Reclaim: 0.0 ms]
      [Free CSet: 0.2 ms]
   [Eden: 315.0M(315.0M)->0.0B(314.0M) Survivors: 46.0M->46.0M Heap: 1153.5M(2048.0M)->1155.5M(2048.0M)]
 [Times: user=1.38 sys=0.00, real=0.17 secs] 
2020-09-29T12:32:11.332+0200: 128.592: [GC pause (G1 Humongous Allocation) (young) (initial-mark), 0.0529838 secs]
   [Parallel Time: 52.2 ms, GC Workers: 8]
      [GC Worker Start (ms): Min: 128591.9, Avg: 128592.0, Max: 128592.1, Diff: 0.1]
      [Ext Root Scanning (ms): Min: 0.0, Avg: 0.1, Max: 0.2, Diff: 0.2, Sum: 0.9]
      [Update RS (ms): Min: 26.0, Avg: 26.2, Max: 26.6, Diff: 0.6, Sum: 209.4]
         [Processed Buffers: Min: 29, Avg: 32.0, Max: 34, Diff: 5, Sum: 256]
      [Scan RS (ms): Min: 2.3, Avg: 2.7, Max: 3.0, Diff: 0.7, Sum: 21.8]
      [Code Root Scanning (ms): Min: 0.0, Avg: 0.0, Max: 0.0, Diff: 0.0, Sum: 0.0]
      [Object Copy (ms): Min: 23.0, Avg: 23.1, Max: 23.1, Diff: 0.1, Sum: 184.6]
      [Termination (ms): Min: 0.0, Avg: 0.0, Max: 0.0, Diff: 0.0, Sum: 0.1]
         [Termination Attempts: Min: 1, Avg: 103.5, Max: 132, Diff: 131, Sum: 828]
      [GC Worker Other (ms): Min: 0.0, Avg: 0.0, Max: 0.0, Diff: 0.0, Sum: 0.1]
      [GC Worker Total (ms): Min: 52.0, Avg: 52.1, Max: 52.2, Diff: 0.1, Sum: 417.0]
      [GC Worker End (ms): Min: 128644.1, Avg: 128644.1, Max: 128644.1, Diff: 0.0]
   [Code Root Fixup: 0.0 ms]
   [Code Root Purge: 0.0 ms]
   [Clear CT: 0.2 ms]
   [Other: 0.6 ms]
      [Choose CSet: 0.0 ms]
      [Ref Proc: 0.2 ms]
      [Ref Enq: 0.0 ms]
      [Redirty Cards: 0.1 ms]
      [Humongous Register: 0.0 ms]
      [Humongous Reclaim: 0.0 ms]
      [Free CSet: 0.1 ms]
   [Eden: 10.0M(314.0M)->0.0B(332.0M) Survivors: 46.0M->12.0M Heap: 1165.0M(2048.0M)->1169.0M(2048.0M)]
 [Times: user=0.38 sys=0.00, real=0.05 secs] 
2020-09-29T12:32:11.385+0200: 128.645: [GC concurrent-root-region-scan-start]
2020-09-29T12:32:11.387+0200: 128.647: [GC concurrent-root-region-scan-end, 0.0017253 secs]
2020-09-29T12:32:11.387+0200: 128.647: [GC concurrent-mark-start]
2020-09-29T12:32:11.390+0200: 128.649: [GC concurrent-mark-end, 0.0023588 secs]
2020-09-29T12:32:11.390+0200: 128.649: [GC remark 2020-09-29T12:32:11.390+0200: 128.649: [Finalize Marking, 0.0001634 secs] 2020-09-29T12:32:11.390+0200: 128.649: [GC ref-proc, 0.0002729 secs] 2020-09-29T12:32:11.390+0200: 128.650: [Unloading, 0.0003987 secs], 0.0011211 secs]
 [Times: user=0.00 sys=0.00, real=0.00 secs] 
2020-09-29T12:32:11.391+0200: 128.651: [GC cleanup 1179M->32M(2048M), 0.0010416 secs]
 [Times: user=0.00 sys=0.00, real=0.00 secs] 
2020-09-29T12:32:11.392+0200: 128.652: [GC concurrent-cleanup-start]
2020-09-29T12:32:11.394+0200: 128.653: [GC concurrent-cleanup-end, 0.0014827 secs]
2020-09-29T12:32:11.562+0200: 128.821: [GC pause (G1 Evacuation Pause) (young), 0.1537324 secs]
   [Parallel Time: 152.5 ms, GC Workers: 8]
      [GC Worker Start (ms): Min: 128821.3, Avg: 128821.4, Max: 128821.5, Diff: 0.2]
      [Ext Root Scanning (ms): Min: 0.0, Avg: 0.1, Max: 0.2, Diff: 0.2, Sum: 0.5]
      [Update RS (ms): Min: 14.2, Avg: 14.3, Max: 14.7, Diff: 0.5, Sum: 114.6]
         [Processed Buffers: Min: 17, Avg: 18.5, Max: 21, Diff: 4, Sum: 148]
      [Scan RS (ms): Min: 14.1, Avg: 14.5, Max: 14.6, Diff: 0.5, Sum: 116.3]
      [Code Root Scanning (ms): Min: 0.0, Avg: 0.0, Max: 0.0, Diff: 0.0, Sum: 0.0]
      [Object Copy (ms): Min: 123.3, Avg: 123.3, Max: 123.4, Diff: 0.1, Sum: 986.8]
      [Termination (ms): Min: 0.0, Avg: 0.0, Max: 0.0, Diff: 0.0, Sum: 0.1]
         [Termination Attempts: Min: 1, Avg: 86.8, Max: 120, Diff: 119, Sum: 694]
      [GC Worker Other (ms): Min: 0.0, Avg: 0.0, Max: 0.1, Diff: 0.1, Sum: 0.3]
      [GC Worker Total (ms): Min: 152.3, Avg: 152.3, Max: 152.4, Diff: 0.1, Sum: 1218.6]
      [GC Worker End (ms): Min: 128973.7, Avg: 128973.8, Max: 128973.8, Diff: 0.1]
   [Code Root Fixup: 0.0 ms]
   [Code Root Purge: 0.0 ms]
   [Clear CT: 0.2 ms]
   [Other: 1.0 ms]
      [Choose CSet: 0.0 ms]
      [Ref Proc: 0.1 ms]
      [Ref Enq: 0.0 ms]
      [Redirty Cards: 0.2 ms]
      [Humongous Register: 0.0 ms]
      [Humongous Reclaim: 0.0 ms]
      [Free CSet: 0.3 ms]
   [Eden: 332.0M(332.0M)->0.0B(343.0M) Survivors: 12.0M->43.0M Heap: 410.7M(2048.0M)->401.2M(2048.0M)]
 [Times: user=1.24 sys=0.00, real=0.15 secs] 
2020-09-29T12:32:11.891+0200: 129.150: [GC pause (G1 Evacuation Pause) (young), 0.1825224 secs]
   [Parallel Time: 181.0 ms, GC Workers: 8]
      [GC Worker Start (ms): Min: 129150.2, Avg: 129150.2, Max: 129150.3, Diff: 0.2]
      [Ext Root Scanning (ms): Min: 0.0, Avg: 0.1, Max: 0.2, Diff: 0.2, Sum: 0.6]
      [Update RS (ms): Min: 14.9, Avg: 15.2, Max: 15.5, Diff: 0.7, Sum: 121.6]
         [Processed Buffers: Min: 17, Avg: 17.9, Max: 19, Diff: 2, Sum: 143]
      [Scan RS (ms): Min: 19.8, Avg: 20.2, Max: 20.8, Diff: 1.1, Sum: 161.3]
      [Code Root Scanning (ms): Min: 0.0, Avg: 0.0, Max: 0.0, Diff: 0.0, Sum: 0.0]
      [Object Copy (ms): Min: 145.0, Avg: 145.3, Max: 145.4, Diff: 0.4, Sum: 1162.3]
      [Termination (ms): Min: 0.0, Avg: 0.0, Max: 0.1, Diff: 0.1, Sum: 0.4]
         [Termination Attempts: Min: 1, Avg: 338.6, Max: 415, Diff: 414, Sum: 2709]
      [GC Worker Other (ms): Min: 0.0, Avg: 0.0, Max: 0.1, Diff: 0.1, Sum: 0.3]
      [GC Worker Total (ms): Min: 180.7, Avg: 180.8, Max: 180.9, Diff: 0.2, Sum: 1446.6]
      [GC Worker End (ms): Min: 129331.0, Avg: 129331.1, Max: 129331.1, Diff: 0.1]
   [Code Root Fixup: 0.0 ms]
   [Code Root Purge: 0.0 ms]
   [Clear CT: 0.3 ms]
   [Other: 1.3 ms]
      [Choose CSet: 0.0 ms]
      [Ref Proc: 0.3 ms]
      [Ref Enq: 0.0 ms]
      [Redirty Cards: 0.5 ms]
      [Humongous Register: 0.0 ms]
      [Humongous Reclaim: 0.0 ms]
      [Free CSet: 0.3 ms]
   [Eden: 343.0M(343.0M)->0.0B(327.0M) Survivors: 43.0M->49.0M Heap: 799.5M(2048.0M)->801.0M(2048.0M)]
 [Times: user=1.39 sys=0.03, real=0.18 secs] 
2020-09-29T12:32:12.257+0200: 129.517: [GC pause (G1 Evacuation Pause) (young), 0.1842952 secs]
   [Parallel Time: 183.0 ms, GC Workers: 8]
      [GC Worker Start (ms): Min: 129516.9, Avg: 129517.0, Max: 129517.1, Diff: 0.2]
      [Ext Root Scanning (ms): Min: 0.0, Avg: 0.1, Max: 0.2, Diff: 0.2, Sum: 0.5]
      [Update RS (ms): Min: 17.7, Avg: 17.9, Max: 18.2, Diff: 0.5, Sum: 143.1]
         [Processed Buffers: Min: 19, Avg: 20.5, Max: 22, Diff: 3, Sum: 164]
      [Scan RS (ms): Min: 19.3, Avg: 20.3, Max: 25.2, Diff: 5.9, Sum: 162.1]
      [Code Root Scanning (ms): Min: 0.0, Avg: 0.0, Max: 0.0, Diff: 0.0, Sum: 0.0]
      [Object Copy (ms): Min: 139.3, Avg: 144.4, Max: 145.2, Diff: 5.9, Sum: 1155.2]
      [Termination (ms): Min: 0.0, Avg: 0.1, Max: 0.1, Diff: 0.1, Sum: 0.6]
         [Termination Attempts: Min: 1, Avg: 520.0, Max: 665, Diff: 664, Sum: 4160]
      [GC Worker Other (ms): Min: 0.1, Avg: 0.1, Max: 0.1, Diff: 0.0, Sum: 0.5]
      [GC Worker Total (ms): Min: 182.7, Avg: 182.8, Max: 182.8, Diff: 0.2, Sum: 1462.0]
      [GC Worker End (ms): Min: 129699.7, Avg: 129699.7, Max: 129699.8, Diff: 0.0]
   [Code Root Fixup: 0.0 ms]
   [Code Root Purge: 0.0 ms]
   [Clear CT: 0.2 ms]
   [Other: 1.1 ms]
      [Choose CSet: 0.0 ms]
      [Ref Proc: 0.1 ms]
      [Ref Enq: 0.0 ms]
      [Redirty Cards: 0.2 ms]
      [Humongous Register: 0.0 ms]
      [Humongous Reclaim: 0.0 ms]
      [Free CSet: 0.6 ms]
   [Eden: 327.0M(327.0M)->0.0B(318.0M) Survivors: 49.0M->47.0M Heap: 1183.3M(2048.0M)->1185.3M(2048.0M)]
 [Times: user=1.36 sys=0.02, real=0.19 secs] 
2020-09-29T12:32:12.461+0200: 129.720: [GC pause (G1 Humongous Allocation) (young) (initial-mark), 0.0709368 secs]
   [Parallel Time: 69.9 ms, GC Workers: 8]
      [GC Worker Start (ms): Min: 129720.0, Avg: 129720.0, Max: 129720.1, Diff: 0.1]
      [Ext Root Scanning (ms): Min: 0.0, Avg: 0.1, Max: 0.1, Diff: 0.1, Sum: 0.7]
      [Update RS (ms): Min: 42.6, Avg: 42.9, Max: 43.4, Diff: 0.8, Sum: 343.4]
         [Processed Buffers: Min: 43, Avg: 48.1, Max: 50, Diff: 7, Sum: 385]
      [Scan RS (ms): Min: 2.8, Avg: 3.7, Max: 7.3, Diff: 4.6, Sum: 29.7]
      [Code Root Scanning (ms): Min: 0.0, Avg: 0.0, Max: 0.0, Diff: 0.0, Sum: 0.0]
      [Object Copy (ms): Min: 19.1, Avg: 22.9, Max: 23.4, Diff: 4.4, Sum: 183.0]
      [Termination (ms): Min: 0.0, Avg: 0.0, Max: 0.0, Diff: 0.0, Sum: 0.2]
         [Termination Attempts: Min: 1, Avg: 142.5, Max: 178, Diff: 177, Sum: 1140]
      [GC Worker Other (ms): Min: 0.0, Avg: 0.0, Max: 0.0, Diff: 0.0, Sum: 0.1]
      [GC Worker Total (ms): Min: 69.6, Avg: 69.6, Max: 69.7, Diff: 0.1, Sum: 557.1]
      [GC Worker End (ms): Min: 129789.7, Avg: 129789.7, Max: 129789.7, Diff: 0.0]
   [Code Root Fixup: 0.0 ms]
   [Code Root Purge: 0.0 ms]
   [Clear CT: 0.2 ms]
   [Other: 0.8 ms]
      [Choose CSet: 0.0 ms]
      [Ref Proc: 0.2 ms]
      [Ref Enq: 0.0 ms]
      [Redirty Cards: 0.3 ms]
      [Humongous Register: 0.0 ms]
      [Humongous Reclaim: 0.0 ms]
      [Free CSet: 0.1 ms]
   [Eden: 6144.0K(318.0M)->0.0B(319.0M) Survivors: 47.0M->8192.0K Heap: 1190.8M(2048.0M)->1195.3M(2048.0M)]
 [Times: user=0.50 sys=0.00, real=0.07 secs] 
2020-09-29T12:32:12.532+0200: 129.791: [GC concurrent-root-region-scan-start]
2020-09-29T12:32:12.534+0200: 129.793: [GC concurrent-root-region-scan-end, 0.0020705 secs]
2020-09-29T12:32:12.534+0200: 129.793: [GC concurrent-mark-start]
2020-09-29T12:32:12.538+0200: 129.797: [GC concurrent-mark-end, 0.0038520 secs]
2020-09-29T12:32:12.538+0200: 129.797: [GC remark 2020-09-29T12:32:12.538+0200: 129.797: [Finalize Marking, 0.0001562 secs] 2020-09-29T12:32:12.539+0200: 129.798: [GC ref-proc, 0.0003287 secs] 2020-09-29T12:32:12.539+0200: 129.798: [Unloading, 0.0004625 secs], 0.0012938 secs]
 [Times: user=0.00 sys=0.00, real=0.00 secs] 
2020-09-29T12:32:12.540+0200: 129.799: [GC cleanup 1205M->27M(2048M), 0.0014739 secs]
 [Times: user=0.00 sys=0.00, real=0.00 secs] 
2020-09-29T12:32:12.542+0200: 129.801: [GC concurrent-cleanup-start]
2020-09-29T12:32:12.544+0200: 129.803: [GC concurrent-cleanup-end, 0.0019828 secs]
2020-09-29T12:32:12.699+0200: 129.958: [GC pause (G1 Evacuation Pause) (young), 0.1559162 secs]
   [Parallel Time: 154.7 ms, GC Workers: 8]
      [GC Worker Start (ms): Min: 129957.8, Avg: 129957.9, Max: 129957.9, Diff: 0.2]
      [Ext Root Scanning (ms): Min: 0.0, Avg: 0.1, Max: 0.2, Diff: 0.2, Sum: 0.5]
      [Update RS (ms): Min: 16.9, Avg: 17.1, Max: 17.4, Diff: 0.5, Sum: 136.7]
         [Processed Buffers: Min: 14, Avg: 19.5, Max: 23, Diff: 9, Sum: 156]
      [Scan RS (ms): Min: 13.5, Avg: 13.8, Max: 14.0, Diff: 0.5, Sum: 110.4]
      [Code Root Scanning (ms): Min: 0.0, Avg: 0.0, Max: 0.0, Diff: 0.0, Sum: 0.0]
      [Object Copy (ms): Min: 123.4, Avg: 123.4, Max: 123.5, Diff: 0.1, Sum: 987.2]
      [Termination (ms): Min: 0.0, Avg: 0.0, Max: 0.1, Diff: 0.1, Sum: 0.4]
         [Termination Attempts: Min: 1, Avg: 316.9, Max: 468, Diff: 467, Sum: 2535]
      [GC Worker Other (ms): Min: 0.0, Avg: 0.0, Max: 0.1, Diff: 0.0, Sum: 0.3]
      [GC Worker Total (ms): Min: 154.4, Avg: 154.4, Max: 154.6, Diff: 0.2, Sum: 1235.6]
      [GC Worker End (ms): Min: 130112.3, Avg: 130112.3, Max: 130112.4, Diff: 0.1]
   [Code Root Fixup: 0.0 ms]
   [Code Root Purge: 0.0 ms]
   [Clear CT: 0.2 ms]
   [Other: 1.1 ms]
      [Choose CSet: 0.0 ms]
      [Ref Proc: 0.2 ms]
      [Ref Enq: 0.0 ms]
      [Redirty Cards: 0.2 ms]
      [Humongous Register: 0.0 ms]
      [Humongous Reclaim: 0.0 ms]
      [Free CSet: 0.3 ms]
   [Eden: 319.0M(319.0M)->0.0B(320.0M) Survivors: 8192.0K->41.0M Heap: 390.4M(2048.0M)->384.4M(2048.0M)]
 [Times: user=1.23 sys=0.00, real=0.16 secs] 
2020-09-29T12:32:13.028+0200: 130.287: [GC pause (G1 Evacuation Pause) (young), 0.2047203 secs]
   [Parallel Time: 203.5 ms, GC Workers: 8]
      [GC Worker Start (ms): Min: 130287.1, Avg: 130287.2, Max: 130287.3, Diff: 0.2]
      [Ext Root Scanning (ms): Min: 0.0, Avg: 0.1, Max: 0.2, Diff: 0.2, Sum: 0.5]
      [Update RS (ms): Min: 20.9, Avg: 21.1, Max: 21.5, Diff: 0.6, Sum: 168.8]
         [Processed Buffers: Min: 22, Avg: 22.8, Max: 25, Diff: 3, Sum: 182]
      [Scan RS (ms): Min: 17.5, Avg: 17.9, Max: 18.1, Diff: 0.6, Sum: 143.0]
      [Code Root Scanning (ms): Min: 0.0, Avg: 0.0, Max: 0.0, Diff: 0.0, Sum: 0.0]
      [Object Copy (ms): Min: 163.5, Avg: 163.7, Max: 164.3, Diff: 0.9, Sum: 1309.7]
      [Termination (ms): Min: 0.0, Avg: 0.5, Max: 0.6, Diff: 0.6, Sum: 4.1]
         [Termination Attempts: Min: 1, Avg: 3339.3, Max: 4033, Diff: 4032, Sum: 26714]
      [GC Worker Other (ms): Min: 0.0, Avg: 0.0, Max: 0.1, Diff: 0.0, Sum: 0.3]
      [GC Worker Total (ms): Min: 203.2, Avg: 203.3, Max: 203.5, Diff: 0.2, Sum: 1626.4]
      [GC Worker End (ms): Min: 130490.5, Avg: 130490.5, Max: 130490.5, Diff: 0.0]
   [Code Root Fixup: 0.0 ms]
   [Code Root Purge: 0.0 ms]
   [Clear CT: 0.2 ms]
   [Other: 1.0 ms]
      [Choose CSet: 0.0 ms]
      [Ref Proc: 0.2 ms]
      [Ref Enq: 0.0 ms]
      [Redirty Cards: 0.3 ms]
      [Humongous Register: 0.0 ms]
      [Humongous Reclaim: 0.0 ms]
      [Free CSet: 0.2 ms]
   [Eden: 320.0M(320.0M)->0.0B(285.0M) Survivors: 41.0M->46.0M Heap: 757.8M(2048.0M)->759.8M(2048.0M)]
 [Times: user=1.56 sys=0.01, real=0.20 secs] 
2020-09-29T12:32:13.480+0200: 130.739: [GC pause (G1 Evacuation Pause) (young), 0.3058814 secs]
   [Parallel Time: 304.1 ms, GC Workers: 8]
      [GC Worker Start (ms): Min: 130738.7, Avg: 130738.8, Max: 130738.9, Diff: 0.2]
      [Ext Root Scanning (ms): Min: 0.0, Avg: 0.1, Max: 0.2, Diff: 0.2, Sum: 0.7]
      [Update RS (ms): Min: 30.4, Avg: 30.9, Max: 32.6, Diff: 2.1, Sum: 247.1]
         [Processed Buffers: Min: 11, Avg: 19.0, Max: 22, Diff: 11, Sum: 152]
      [Scan RS (ms): Min: 24.4, Avg: 26.1, Max: 26.6, Diff: 2.3, Sum: 208.7]
      [Code Root Scanning (ms): Min: 0.0, Avg: 0.0, Max: 0.0, Diff: 0.0, Sum: 0.0]
      [Object Copy (ms): Min: 246.4, Avg: 246.5, Max: 246.5, Diff: 0.2, Sum: 1971.7]
      [Termination (ms): Min: 0.0, Avg: 0.1, Max: 0.2, Diff: 0.2, Sum: 1.1]
         [Termination Attempts: Min: 1, Avg: 544.9, Max: 685, Diff: 684, Sum: 4359]
      [GC Worker Other (ms): Min: 0.0, Avg: 0.0, Max: 0.1, Diff: 0.1, Sum: 0.3]
      [GC Worker Total (ms): Min: 303.6, Avg: 303.7, Max: 303.9, Diff: 0.3, Sum: 2429.8]
      [GC Worker End (ms): Min: 131042.5, Avg: 131042.5, Max: 131042.6, Diff: 0.1]
   [Code Root Fixup: 0.0 ms]
   [Code Root Purge: 0.0 ms]
   [Clear CT: 0.3 ms]
   [Other: 1.4 ms]
      [Choose CSet: 0.0 ms]
      [Ref Proc: 0.3 ms]
      [Ref Enq: 0.0 ms]
      [Redirty Cards: 0.4 ms]
      [Humongous Register: 0.1 ms]
      [Humongous Reclaim: 0.0 ms]
      [Free CSet: 0.4 ms]
   [Eden: 285.0M(285.0M)->0.0B(168.0M) Survivors: 46.0M->42.0M Heap: 1092.5M(2048.0M)->1094.0M(2048.0M)]
 [Times: user=2.31 sys=0.02, real=0.31 secs] 
2020-09-29T12:32:13.805+0200: 131.064: [GC pause (G1 Humongous Allocation) (young) (initial-mark), 0.0899741 secs]
   [Parallel Time: 88.6 ms, GC Workers: 8]
      [GC Worker Start (ms): Min: 131064.3, Avg: 131064.4, Max: 131064.4, Diff: 0.2]
      [Ext Root Scanning (ms): Min: 0.0, Avg: 0.1, Max: 0.2, Diff: 0.2, Sum: 1.0]
      [Update RS (ms): Min: 50.5, Avg: 50.7, Max: 51.0, Diff: 0.4, Sum: 405.8]
         [Processed Buffers: Min: 34, Avg: 36.0, Max: 38, Diff: 4, Sum: 288]
      [Scan RS (ms): Min: 4.3, Avg: 4.5, Max: 4.6, Diff: 0.3, Sum: 35.7]
      [Code Root Scanning (ms): Min: 0.0, Avg: 0.0, Max: 0.0, Diff: 0.0, Sum: 0.0]
      [Object Copy (ms): Min: 32.9, Avg: 33.0, Max: 33.0, Diff: 0.1, Sum: 263.8]
      [Termination (ms): Min: 0.0, Avg: 0.0, Max: 0.1, Diff: 0.1, Sum: 0.4]
         [Termination Attempts: Min: 1, Avg: 205.4, Max: 263, Diff: 262, Sum: 1643]
      [GC Worker Other (ms): Min: 0.0, Avg: 0.0, Max: 0.0, Diff: 0.0, Sum: 0.2]
      [GC Worker Total (ms): Min: 88.3, Avg: 88.4, Max: 88.5, Diff: 0.2, Sum: 707.0]
      [GC Worker End (ms): Min: 131152.7, Avg: 131152.7, Max: 131152.7, Diff: 0.0]
   [Code Root Fixup: 0.0 ms]
   [Code Root Purge: 0.0 ms]
   [Clear CT: 0.3 ms]
   [Other: 1.1 ms]
      [Choose CSet: 0.0 ms]
      [Ref Proc: 0.3 ms]
      [Ref Enq: 0.0 ms]
      [Redirty Cards: 0.3 ms]
      [Humongous Register: 0.1 ms]
      [Humongous Reclaim: 0.0 ms]
      [Free CSet: 0.1 ms]
   [Eden: 4096.0K(168.0M)->0.0B(184.0M) Survivors: 42.0M->6144.0K Heap: 1097.5M(2048.0M)->1101.0M(2048.0M)]
 [Times: user=0.63 sys=0.00, real=0.09 secs] 
2020-09-29T12:32:13.895+0200: 131.154: [GC concurrent-root-region-scan-start]
2020-09-29T12:32:13.897+0200: 131.156: [GC concurrent-root-region-scan-end, 0.0020069 secs]
2020-09-29T12:32:13.897+0200: 131.156: [GC concurrent-mark-start]
2020-09-29T12:32:13.902+0200: 131.162: [GC concurrent-mark-end, 0.0055389 secs]
2020-09-29T12:32:13.903+0200: 131.162: [GC remark 2020-09-29T12:32:13.903+0200: 131.162: [Finalize Marking, 0.0003900 secs] 2020-09-29T12:32:13.903+0200: 131.163: [GC ref-proc, 0.0005815 secs] 2020-09-29T12:32:13.904+0200: 131.163: [Unloading, 0.0007571 secs], 0.0024688 secs]
 [Times: user=0.00 sys=0.00, real=0.00 secs] 
2020-09-29T12:32:13.906+0200: 131.165: [GC cleanup 1109M->24M(2048M), 0.0021942 secs]
 [Times: user=0.00 sys=0.00, real=0.00 secs] 
2020-09-29T12:32:13.908+0200: 131.168: [GC concurrent-cleanup-start]
2020-09-29T12:32:13.911+0200: 131.170: [GC concurrent-cleanup-end, 0.0028275 secs]
2020-09-29T12:32:14.055+0200: 131.315: [GC pause (G1 Evacuation Pause) (young), 0.1458290 secs]
   [Parallel Time: 144.4 ms, GC Workers: 8]
      [GC Worker Start (ms): Min: 131315.1, Avg: 131315.2, Max: 131315.3, Diff: 0.2]
      [Ext Root Scanning (ms): Min: 0.0, Avg: 0.1, Max: 0.2, Diff: 0.2, Sum: 0.7]
      [Update RS (ms): Min: 19.5, Avg: 19.6, Max: 19.7, Diff: 0.2, Sum: 156.9]
         [Processed Buffers: Min: 14, Avg: 15.6, Max: 17, Diff: 3, Sum: 125]
      [Scan RS (ms): Min: 10.8, Avg: 10.9, Max: 11.0, Diff: 0.2, Sum: 87.1]
      [Code Root Scanning (ms): Min: 0.0, Avg: 0.0, Max: 0.0, Diff: 0.0, Sum: 0.0]
      [Object Copy (ms): Min: 113.3, Avg: 113.3, Max: 113.4, Diff: 0.1, Sum: 906.7]
      [Termination (ms): Min: 0.0, Avg: 0.0, Max: 0.0, Diff: 0.0, Sum: 0.1]
         [Termination Attempts: Min: 1, Avg: 47.1, Max: 61, Diff: 60, Sum: 377]
      [GC Worker Other (ms): Min: 0.0, Avg: 0.0, Max: 0.1, Diff: 0.0, Sum: 0.3]
      [GC Worker Total (ms): Min: 143.9, Avg: 144.0, Max: 144.1, Diff: 0.2, Sum: 1151.9]
      [GC Worker End (ms): Min: 131459.2, Avg: 131459.2, Max: 131459.2, Diff: 0.0]
   [Code Root Fixup: 0.0 ms]
   [Code Root Purge: 0.0 ms]
   [Clear CT: 0.3 ms]
   [Other: 1.2 ms]
      [Choose CSet: 0.0 ms]
      [Ref Proc: 0.3 ms]
      [Ref Enq: 0.0 ms]
      [Redirty Cards: 0.4 ms]
      [Humongous Register: 0.0 ms]
      [Humongous Reclaim: 0.0 ms]
      [Free CSet: 0.2 ms]
   [Eden: 184.0M(184.0M)->0.0B(180.0M) Survivors: 6144.0K->24.0M Heap: 231.9M(2048.0M)->228.4M(2048.0M)]
 [Times: user=1.13 sys=0.00, real=0.15 secs] 
2020-09-29T12:32:14.353+0200: 131.612: [GC pause (G1 Evacuation Pause) (young), 0.2013929 secs]
   [Parallel Time: 199.5 ms, GC Workers: 8]
      [GC Worker Start (ms): Min: 131612.1, Avg: 131612.3, Max: 131612.4, Diff: 0.2]
      [Ext Root Scanning (ms): Min: 0.0, Avg: 0.1, Max: 0.2, Diff: 0.2, Sum: 0.7]
      [Update RS (ms): Min: 23.1, Avg: 23.4, Max: 23.9, Diff: 0.8, Sum: 187.3]
         [Processed Buffers: Min: 16, Avg: 17.0, Max: 18, Diff: 2, Sum: 136]
      [Scan RS (ms): Min: 10.7, Avg: 11.2, Max: 11.6, Diff: 0.9, Sum: 89.9]
      [Code Root Scanning (ms): Min: 0.0, Avg: 0.0, Max: 0.0, Diff: 0.0, Sum: 0.0]
      [Object Copy (ms): Min: 163.1, Avg: 163.4, Max: 164.4, Diff: 1.3, Sum: 1307.4]
      [Termination (ms): Min: 0.0, Avg: 0.9, Max: 1.2, Diff: 1.2, Sum: 7.5]
         [Termination Attempts: Min: 1, Avg: 3705.8, Max: 4592, Diff: 4591, Sum: 29646]
      [GC Worker Other (ms): Min: 0.0, Avg: 0.0, Max: 0.1, Diff: 0.1, Sum: 0.4]
      [GC Worker Total (ms): Min: 199.1, Avg: 199.1, Max: 199.3, Diff: 0.2, Sum: 1593.1]
      [GC Worker End (ms): Min: 131811.4, Avg: 131811.4, Max: 131811.5, Diff: 0.1]
   [Code Root Fixup: 0.0 ms]
   [Code Root Purge: 0.0 ms]
   [Clear CT: 0.3 ms]
   [Other: 1.6 ms]
      [Choose CSet: 0.0 ms]
      [Ref Proc: 0.3 ms]
      [Ref Enq: 0.0 ms]
      [Redirty Cards: 0.7 ms]
      [Humongous Register: 0.0 ms]
      [Humongous Reclaim: 0.0 ms]
      [Free CSet: 0.2 ms]
   [Eden: 180.0M(180.0M)->0.0B(161.0M) Survivors: 24.0M->26.0M Heap: 437.0M(2048.0M)->439.0M(2048.0M)]
 [Times: user=1.59 sys=0.00, real=0.20 secs] 
2020-09-29T12:32:14.694+0200: 131.953: [GC pause (G1 Evacuation Pause) (young), 0.1544245 secs]
   [Parallel Time: 152.9 ms, GC Workers: 8]
      [GC Worker Start (ms): Min: 131953.5, Avg: 131953.6, Max: 131953.7, Diff: 0.2]
      [Ext Root Scanning (ms): Min: 0.0, Avg: 0.1, Max: 0.2, Diff: 0.2, Sum: 0.8]
      [Update RS (ms): Min: 21.6, Avg: 22.2, Max: 23.4, Diff: 1.7, Sum: 177.9]
         [Processed Buffers: Min: 13, Avg: 15.4, Max: 18, Diff: 5, Sum: 123]
      [Scan RS (ms): Min: 9.4, Avg: 10.5, Max: 11.1, Diff: 1.7, Sum: 84.4]
      [Code Root Scanning (ms): Min: 0.0, Avg: 0.0, Max: 0.0, Diff: 0.0, Sum: 0.0]
      [Object Copy (ms): Min: 119.6, Avg: 119.7, Max: 119.7, Diff: 0.1, Sum: 957.3]
      [Termination (ms): Min: 0.0, Avg: 0.0, Max: 0.0, Diff: 0.0, Sum: 0.0]
         [Termination Attempts: Min: 1, Avg: 5.5, Max: 9, Diff: 8, Sum: 44]
      [GC Worker Other (ms): Min: 0.0, Avg: 0.1, Max: 0.1, Diff: 0.1, Sum: 0.7]
      [GC Worker Total (ms): Min: 152.5, Avg: 152.6, Max: 152.8, Diff: 0.2, Sum: 1221.0]
      [GC Worker End (ms): Min: 132106.2, Avg: 132106.3, Max: 132106.3, Diff: 0.1]
   [Code Root Fixup: 0.0 ms]
   [Code Root Purge: 0.0 ms]
   [Clear CT: 0.4 ms]
   [Other: 1.1 ms]
      [Choose CSet: 0.0 ms]
      [Ref Proc: 0.2 ms]
      [Ref Enq: 0.0 ms]
      [Redirty Cards: 0.3 ms]
      [Humongous Register: 0.1 ms]
      [Humongous Reclaim: 0.0 ms]
      [Free CSet: 0.2 ms]
   [Eden: 161.0M(161.0M)->0.0B(171.0M) Survivors: 26.0M->24.0M Heap: 626.7M(2048.0M)->628.7M(2048.0M)]
 [Times: user=1.14 sys=0.00, real=0.15 secs] 
2020-09-29T12:32:14.994+0200: 132.253: [GC pause (G1 Evacuation Pause) (young), 0.1518860 secs]
   [Parallel Time: 150.5 ms, GC Workers: 8]
      [GC Worker Start (ms): Min: 132253.3, Avg: 132253.4, Max: 132253.5, Diff: 0.2]
      [Ext Root Scanning (ms): Min: 0.0, Avg: 0.1, Max: 0.2, Diff: 0.2, Sum: 0.8]
      [Update RS (ms): Min: 16.4, Avg: 16.7, Max: 17.3, Diff: 0.9, Sum: 133.6]
         [Processed Buffers: Min: 11, Avg: 12.1, Max: 13, Diff: 2, Sum: 97]
      [Scan RS (ms): Min: 12.6, Avg: 13.2, Max: 13.5, Diff: 0.9, Sum: 105.3]
      [Code Root Scanning (ms): Min: 0.0, Avg: 0.0, Max: 0.0, Diff: 0.0, Sum: 0.0]
      [Object Copy (ms): Min: 120.1, Avg: 120.1, Max: 120.2, Diff: 0.1, Sum: 961.0]
      [Termination (ms): Min: 0.0, Avg: 0.0, Max: 0.0, Diff: 0.0, Sum: 0.1]
         [Termination Attempts: Min: 1, Avg: 21.9, Max: 32, Diff: 31, Sum: 175]
      [GC Worker Other (ms): Min: 0.0, Avg: 0.0, Max: 0.1, Diff: 0.0, Sum: 0.3]
      [GC Worker Total (ms): Min: 150.0, Avg: 150.1, Max: 150.2, Diff: 0.2, Sum: 1201.1]
      [GC Worker End (ms): Min: 132403.5, Avg: 132403.6, Max: 132403.6, Diff: 0.1]
   [Code Root Fixup: 0.0 ms]
   [Code Root Purge: 0.0 ms]
   [Clear CT: 0.2 ms]
   [Other: 1.2 ms]
      [Choose CSet: 0.0 ms]
      [Ref Proc: 0.2 ms]
      [Ref Enq: 0.0 ms]
      [Redirty Cards: 0.4 ms]
      [Humongous Register: 0.1 ms]
      [Humongous Reclaim: 0.0 ms]
      [Free CSet: 0.2 ms]
   [Eden: 171.0M(171.0M)->0.0B(181.0M) Survivors: 24.0M->25.0M Heap: 828.3M(2048.0M)->830.8M(2048.0M)]
 [Times: user=1.13 sys=0.00, real=0.15 secs] 
2020-09-29T12:32:15.300+0200: 132.559: [GC pause (G1 Evacuation Pause) (young), 0.1640183 secs]
   [Parallel Time: 162.0 ms, GC Workers: 8]
      [GC Worker Start (ms): Min: 132559.3, Avg: 132559.5, Max: 132559.6, Diff: 0.3]
      [Ext Root Scanning (ms): Min: 0.0, Avg: 0.1, Max: 0.2, Diff: 0.2, Sum: 0.7]
      [Update RS (ms): Min: 20.5, Avg: 20.7, Max: 21.3, Diff: 0.7, Sum: 165.7]
         [Processed Buffers: Min: 15, Avg: 15.3, Max: 16, Diff: 1, Sum: 122]
      [Scan RS (ms): Min: 12.3, Avg: 12.8, Max: 13.1, Diff: 0.8, Sum: 102.4]
      [Code Root Scanning (ms): Min: 0.0, Avg: 0.0, Max: 0.0, Diff: 0.0, Sum: 0.0]
      [Object Copy (ms): Min: 127.9, Avg: 128.0, Max: 128.0, Diff: 0.1, Sum: 1023.9]
      [Termination (ms): Min: 0.0, Avg: 0.0, Max: 0.0, Diff: 0.0, Sum: 0.3]
         [Termination Attempts: Min: 1, Avg: 147.1, Max: 193, Diff: 192, Sum: 1177]
      [GC Worker Other (ms): Min: 0.0, Avg: 0.0, Max: 0.1, Diff: 0.1, Sum: 0.3]
      [GC Worker Total (ms): Min: 161.6, Avg: 161.7, Max: 161.8, Diff: 0.2, Sum: 1293.4]
      [GC Worker End (ms): Min: 132721.1, Avg: 132721.2, Max: 132721.2, Diff: 0.1]
   [Code Root Fixup: 0.0 ms]
   [Code Root Purge: 0.0 ms]
   [Clear CT: 0.7 ms]
   [Other: 1.3 ms]
      [Choose CSet: 0.0 ms]
      [Ref Proc: 0.3 ms]
      [Ref Enq: 0.0 ms]
      [Redirty Cards: 0.6 ms]
      [Humongous Register: 0.1 ms]
      [Humongous Reclaim: 0.0 ms]
      [Free CSet: 0.1 ms]
   [Eden: 181.0M(181.0M)->0.0B(188.0M) Survivors: 25.0M->26.0M Heap: 1042.4M(2048.0M)->1044.4M(2048.0M)]
 [Times: user=1.38 sys=0.00, real=0.16 secs] 
2020-09-29T12:32:15.470+0200: 132.730: [GC pause (G1 Humongous Allocation) (young) (initial-mark), 0.0672725 secs]
   [Parallel Time: 66.0 ms, GC Workers: 8]
      [GC Worker Start (ms): Min: 132729.8, Avg: 132729.9, Max: 132730.0, Diff: 0.2]
      [Ext Root Scanning (ms): Min: 0.0, Avg: 0.1, Max: 0.2, Diff: 0.2, Sum: 0.9]
      [Update RS (ms): Min: 41.7, Avg: 42.3, Max: 42.9, Diff: 1.2, Sum: 338.4]
         [Processed Buffers: Min: 23, Avg: 29.5, Max: 32, Diff: 9, Sum: 236]
      [Scan RS (ms): Min: 1.7, Avg: 2.5, Max: 3.3, Diff: 1.6, Sum: 19.6]
      [Code Root Scanning (ms): Min: 0.0, Avg: 0.0, Max: 0.0, Diff: 0.0, Sum: 0.0]
      [Object Copy (ms): Min: 19.7, Avg: 20.7, Max: 20.9, Diff: 1.3, Sum: 165.9]
      [Termination (ms): Min: 0.0, Avg: 0.0, Max: 0.0, Diff: 0.0, Sum: 0.0]
         [Termination Attempts: Min: 1, Avg: 11.1, Max: 15, Diff: 14, Sum: 89]
      [GC Worker Other (ms): Min: 0.0, Avg: 0.0, Max: 0.0, Diff: 0.0, Sum: 0.2]
      [GC Worker Total (ms): Min: 65.5, Avg: 65.6, Max: 65.7, Diff: 0.2, Sum: 525.0]
      [GC Worker End (ms): Min: 132795.6, Avg: 132795.6, Max: 132795.6, Diff: 0.0]
   [Code Root Fixup: 0.0 ms]
   [Code Root Purge: 0.0 ms]
   [Clear CT: 0.3 ms]
   [Other: 1.0 ms]
      [Choose CSet: 0.0 ms]
      [Ref Proc: 0.3 ms]
      [Ref Enq: 0.0 ms]
      [Redirty Cards: 0.4 ms]
      [Humongous Register: 0.0 ms]
      [Humongous Reclaim: 0.0 ms]
      [Free CSet: 0.1 ms]
   [Eden: 5120.0K(188.0M)->0.0B(209.0M) Survivors: 26.0M->7168.0K Heap: 1048.9M(2048.0M)->1053.4M(2048.0M)]
 [Times: user=0.63 sys=0.00, real=0.07 secs] 
2020-09-29T12:32:15.538+0200: 132.797: [GC concurrent-root-region-scan-start]
2020-09-29T12:32:15.540+0200: 132.799: [GC concurrent-root-region-scan-end, 0.0021073 secs]
2020-09-29T12:32:15.540+0200: 132.799: [GC concurrent-mark-start]
2020-09-29T12:32:15.544+0200: 132.803: [GC concurrent-mark-end, 0.0036872 secs]
2020-09-29T12:32:15.544+0200: 132.803: [GC remark 2020-09-29T12:32:15.544+0200: 132.803: [Finalize Marking, 0.0003178 secs] 2020-09-29T12:32:15.544+0200: 132.803: [GC ref-proc, 0.0004553 secs] 2020-09-29T12:32:15.545+0200: 132.804: [Unloading, 0.0006578 secs], 0.0018396 secs]
 [Times: user=0.00 sys=0.00, real=0.00 secs] 
2020-09-29T12:32:15.546+0200: 132.805: [GC cleanup 1062M->25M(2048M), 0.0016698 secs]
 [Times: user=0.00 sys=0.00, real=0.00 secs] 
2020-09-29T12:32:15.548+0200: 132.807: [GC concurrent-cleanup-start]
2020-09-29T12:32:15.550+0200: 132.809: [GC concurrent-cleanup-end, 0.0018475 secs]
2020-09-29T12:32:15.716+0200: 132.975: [GC pause (G1 Evacuation Pause) (young), 0.1649780 secs]
   [Parallel Time: 163.3 ms, GC Workers: 8]
      [GC Worker Start (ms): Min: 132975.1, Avg: 132975.2, Max: 132975.3, Diff: 0.3]
      [Ext Root Scanning (ms): Min: 0.0, Avg: 0.1, Max: 0.2, Diff: 0.2, Sum: 0.7]
      [Update RS (ms): Min: 15.8, Avg: 16.1, Max: 16.8, Diff: 1.0, Sum: 128.6]
         [Processed Buffers: Min: 9, Avg: 12.3, Max: 15, Diff: 6, Sum: 98]
      [Scan RS (ms): Min: 14.6, Avg: 15.3, Max: 15.7, Diff: 1.1, Sum: 122.7]
      [Code Root Scanning (ms): Min: 0.0, Avg: 0.0, Max: 0.0, Diff: 0.0, Sum: 0.0]
      [Object Copy (ms): Min: 131.3, Avg: 131.4, Max: 131.5, Diff: 0.2, Sum: 1051.1]
      [Termination (ms): Min: 0.0, Avg: 0.1, Max: 0.1, Diff: 0.1, Sum: 0.4]
         [Termination Attempts: Min: 1, Avg: 198.0, Max: 245, Diff: 244, Sum: 1584]
      [GC Worker Other (ms): Min: 0.0, Avg: 0.1, Max: 0.1, Diff: 0.1, Sum: 0.4]
      [GC Worker Total (ms): Min: 162.9, Avg: 163.0, Max: 163.2, Diff: 0.3, Sum: 1304.0]
      [GC Worker End (ms): Min: 133138.2, Avg: 133138.2, Max: 133138.3, Diff: 0.1]
   [Code Root Fixup: 0.0 ms]
   [Code Root Purge: 0.0 ms]
   [Clear CT: 0.3 ms]
   [Other: 1.3 ms]
      [Choose CSet: 0.0 ms]
      [Ref Proc: 0.3 ms]
      [Ref Enq: 0.0 ms]
      [Redirty Cards: 0.4 ms]
      [Humongous Register: 0.0 ms]
      [Humongous Reclaim: 0.0 ms]
      [Free CSet: 0.3 ms]
   [Eden: 209.0M(209.0M)->0.0B(195.0M) Survivors: 7168.0K->27.0M Heap: 261.7M(2048.0M)->256.7M(2048.0M)]
 [Times: user=1.25 sys=0.00, real=0.16 secs] 
2020-09-29T12:32:16.052+0200: 133.311: [GC pause (G1 Evacuation Pause) (young), 0.1705288 secs]
   [Parallel Time: 169.1 ms, GC Workers: 8]
      [GC Worker Start (ms): Min: 133311.2, Avg: 133311.4, Max: 133311.5, Diff: 0.3]
      [Ext Root Scanning (ms): Min: 0.0, Avg: 0.1, Max: 0.2, Diff: 0.2, Sum: 0.7]
      [Update RS (ms): Min: 16.4, Avg: 16.6, Max: 17.0, Diff: 0.5, Sum: 133.2]
         [Processed Buffers: Min: 12, Avg: 13.4, Max: 17, Diff: 5, Sum: 107]
      [Scan RS (ms): Min: 15.7, Avg: 16.0, Max: 16.3, Diff: 0.6, Sum: 128.2]
      [Code Root Scanning (ms): Min: 0.0, Avg: 0.0, Max: 0.0, Diff: 0.0, Sum: 0.0]
      [Object Copy (ms): Min: 135.8, Avg: 135.9, Max: 135.9, Diff: 0.1, Sum: 1087.1]
      [Termination (ms): Min: 0.0, Avg: 0.0, Max: 0.0, Diff: 0.0, Sum: 0.2]
         [Termination Attempts: Min: 1, Avg: 67.0, Max: 83, Diff: 82, Sum: 536]
      [GC Worker Other (ms): Min: 0.0, Avg: 0.0, Max: 0.1, Diff: 0.1, Sum: 0.4]
      [GC Worker Total (ms): Min: 168.6, Avg: 168.7, Max: 168.9, Diff: 0.3, Sum: 1349.8]
      [GC Worker End (ms): Min: 133480.1, Avg: 133480.1, Max: 133480.2, Diff: 0.1]
   [Code Root Fixup: 0.0 ms]
   [Code Root Purge: 0.0 ms]
   [Clear CT: 0.3 ms]
   [Other: 1.2 ms]
      [Choose CSet: 0.0 ms]
      [Ref Proc: 0.3 ms]
      [Ref Enq: 0.0 ms]
      [Redirty Cards: 0.3 ms]
      [Humongous Register: 0.0 ms]
      [Humongous Reclaim: 0.0 ms]
      [Free CSet: 0.3 ms]
   [Eden: 195.0M(195.0M)->0.0B(195.0M) Survivors: 27.0M->28.0M Heap: 484.2M(2048.0M)->486.2M(2048.0M)]
 [Times: user=1.27 sys=0.00, real=0.17 secs] 
2020-09-29T12:32:16.392+0200: 133.651: [GC pause (G1 Evacuation Pause) (young), 0.1888764 secs]
   [Parallel Time: 187.0 ms, GC Workers: 8]
      [GC Worker Start (ms): Min: 133651.4, Avg: 133651.6, Max: 133651.7, Diff: 0.3]
      [Ext Root Scanning (ms): Min: 0.0, Avg: 0.1, Max: 0.2, Diff: 0.2, Sum: 0.7]
      [Update RS (ms): Min: 24.2, Avg: 24.3, Max: 24.6, Diff: 0.5, Sum: 194.6]
         [Processed Buffers: Min: 16, Avg: 18.5, Max: 22, Diff: 6, Sum: 148]
      [Scan RS (ms): Min: 12.7, Avg: 13.1, Max: 13.2, Diff: 0.5, Sum: 104.7]
      [Code Root Scanning (ms): Min: 0.0, Avg: 0.0, Max: 0.0, Diff: 0.0, Sum: 0.0]
      [Object Copy (ms): Min: 148.6, Avg: 148.8, Max: 149.1, Diff: 0.5, Sum: 1190.6]
      [Termination (ms): Min: 0.0, Avg: 0.3, Max: 0.4, Diff: 0.4, Sum: 2.1]
         [Termination Attempts: Min: 1, Avg: 1056.4, Max: 1429, Diff: 1428, Sum: 8451]
      [GC Worker Other (ms): Min: 0.0, Avg: 0.0, Max: 0.1, Diff: 0.1, Sum: 0.4]
      [GC Worker Total (ms): Min: 186.5, Avg: 186.6, Max: 186.8, Diff: 0.2, Sum: 1493.2]
      [GC Worker End (ms): Min: 133838.2, Avg: 133838.2, Max: 133838.3, Diff: 0.1]
   [Code Root Fixup: 0.0 ms]
   [Code Root Purge: 0.0 ms]
   [Clear CT: 0.3 ms]
   [Other: 1.6 ms]
      [Choose CSet: 0.0 ms]
      [Ref Proc: 0.4 ms]
      [Ref Enq: 0.0 ms]
      [Redirty Cards: 0.6 ms]
      [Humongous Register: 0.1 ms]
      [Humongous Reclaim: 0.0 ms]
      [Free CSet: 0.3 ms]
   [Eden: 195.0M(195.0M)->0.0B(190.0M) Survivors: 28.0M->28.0M Heap: 713.6M(2048.0M)->715.6M(2048.0M)]
 [Times: user=1.50 sys=0.00, real=0.20 secs] 
2020-09-29T12:32:16.767+0200: 134.026: [GC pause (G1 Evacuation Pause) (young), 0.1728388 secs]
   [Parallel Time: 171.1 ms, GC Workers: 8]
      [GC Worker Start (ms): Min: 134026.2, Avg: 134026.3, Max: 134026.4, Diff: 0.2]
      [Ext Root Scanning (ms): Min: 0.0, Avg: 0.1, Max: 0.2, Diff: 0.2, Sum: 0.8]
      [Update RS (ms): Min: 16.8, Avg: 17.2, Max: 17.7, Diff: 0.9, Sum: 137.6]
         [Processed Buffers: Min: 11, Avg: 12.5, Max: 14, Diff: 3, Sum: 100]
      [Scan RS (ms): Min: 15.2, Avg: 15.7, Max: 16.1, Diff: 0.8, Sum: 125.3]
      [Code Root Scanning (ms): Min: 0.0, Avg: 0.0, Max: 0.0, Diff: 0.0, Sum: 0.0]
      [Object Copy (ms): Min: 137.5, Avg: 137.6, Max: 137.6, Diff: 0.1, Sum: 1100.5]
      [Termination (ms): Min: 0.0, Avg: 0.1, Max: 0.2, Diff: 0.2, Sum: 1.0]
         [Termination Attempts: Min: 1, Avg: 143.9, Max: 208, Diff: 207, Sum: 1151]
      [GC Worker Other (ms): Min: 0.0, Avg: 0.0, Max: 0.0, Diff: 0.0, Sum: 0.1]
      [GC Worker Total (ms): Min: 170.6, Avg: 170.7, Max: 170.8, Diff: 0.2, Sum: 1365.4]
      [GC Worker End (ms): Min: 134197.0, Avg: 134197.0, Max: 134197.0, Diff: 0.1]
   [Code Root Fixup: 0.0 ms]
   [Code Root Purge: 0.0 ms]
   [Clear CT: 0.5 ms]
   [Other: 1.3 ms]
      [Choose CSet: 0.0 ms]
      [Ref Proc: 0.4 ms]
      [Ref Enq: 0.0 ms]
      [Redirty Cards: 0.4 ms]
      [Humongous Register: 0.1 ms]
      [Humongous Reclaim: 0.0 ms]
      [Free CSet: 0.3 ms]
   [Eden: 190.0M(190.0M)->0.0B(192.0M) Survivors: 28.0M->28.0M Heap: 936.1M(2048.0M)->938.6M(2048.0M)]
 [Times: user=1.38 sys=0.00, real=0.17 secs] 
2020-09-29T12:32:16.967+0200: 134.226: [GC pause (G1 Humongous Allocation) (young) (initial-mark), 0.0689652 secs]
   [Parallel Time: 67.4 ms, GC Workers: 8]
      [GC Worker Start (ms): Min: 134226.4, Avg: 134226.5, Max: 134226.6, Diff: 0.2]
      [Ext Root Scanning (ms): Min: 0.0, Avg: 0.3, Max: 0.6, Diff: 0.6, Sum: 2.5]
      [Update RS (ms): Min: 26.3, Avg: 26.9, Max: 27.3, Diff: 1.0, Sum: 214.8]
         [Processed Buffers: Min: 18, Avg: 19.9, Max: 21, Diff: 3, Sum: 159]
      [Scan RS (ms): Min: 2.7, Avg: 2.9, Max: 3.1, Diff: 0.4, Sum: 23.4]
      [Code Root Scanning (ms): Min: 0.0, Avg: 0.0, Max: 0.0, Diff: 0.0, Sum: 0.0]
      [Object Copy (ms): Min: 36.8, Avg: 36.9, Max: 37.0, Diff: 0.1, Sum: 295.3]
      [Termination (ms): Min: 0.0, Avg: 0.0, Max: 0.1, Diff: 0.1, Sum: 0.4]
         [Termination Attempts: Min: 1, Avg: 178.3, Max: 219, Diff: 218, Sum: 1426]
      [GC Worker Other (ms): Min: 0.0, Avg: 0.0, Max: 0.0, Diff: 0.0, Sum: 0.2]
      [GC Worker Total (ms): Min: 66.9, Avg: 67.1, Max: 67.2, Diff: 0.2, Sum: 536.5]
      [GC Worker End (ms): Min: 134293.5, Avg: 134293.5, Max: 134293.5, Diff: 0.0]
   [Code Root Fixup: 0.0 ms]
   [Code Root Purge: 0.0 ms]
   [Clear CT: 0.3 ms]
   [Other: 1.2 ms]
      [Choose CSet: 0.0 ms]
      [Ref Proc: 0.4 ms]
      [Ref Enq: 0.0 ms]
      [Redirty Cards: 0.3 ms]
      [Humongous Register: 0.1 ms]
      [Humongous Reclaim: 0.0 ms]
      [Free CSet: 0.1 ms]
   [Eden: 24.0M(192.0M)->0.0B(198.0M) Survivors: 28.0M->27.0M Heap: 966.4M(2048.0M)->971.4M(2048.0M)]
 [Times: user=0.49 sys=0.02, real=0.07 secs] 
2020-09-29T12:32:17.036+0200: 134.295: [GC concurrent-root-region-scan-start]
2020-09-29T12:32:17.048+0200: 134.308: [GC concurrent-root-region-scan-end, 0.0122079 secs]
2020-09-29T12:32:17.048+0200: 134.308: [GC concurrent-mark-start]
2020-09-29T12:32:17.055+0200: 134.314: [GC concurrent-mark-end, 0.0046816 secs]
2020-09-29T12:32:17.055+0200: 134.314: [GC remark 2020-09-29T12:32:17.055+0200: 134.315: [Finalize Marking, 0.0003007 secs] 2020-09-29T12:32:17.056+0200: 134.315: [GC ref-proc, 0.0005769 secs] 2020-09-29T12:32:17.056+0200: 134.315: [Unloading, 0.0008029 secs], 0.0023701 secs]
 [Times: user=0.00 sys=0.00, real=0.00 secs] 
2020-09-29T12:32:17.059+0200: 134.318: [GC cleanup 997M->62M(2048M), 0.0016197 secs]
 [Times: user=0.00 sys=0.00, real=0.00 secs] 
2020-09-29T12:32:17.061+0200: 134.320: [GC concurrent-cleanup-start]
2020-09-29T12:32:17.063+0200: 134.322: [GC concurrent-cleanup-end, 0.0021340 secs]
2020-09-29T12:32:17.215+0200: 134.475: [GC pause (G1 Evacuation Pause) (young), 0.1571037 secs]
   [Parallel Time: 155.5 ms, GC Workers: 8]
      [GC Worker Start (ms): Min: 134474.7, Avg: 134474.9, Max: 134474.9, Diff: 0.2]
      [Ext Root Scanning (ms): Min: 0.0, Avg: 0.1, Max: 0.2, Diff: 0.2, Sum: 0.8]
      [Update RS (ms): Min: 18.0, Avg: 18.2, Max: 19.1, Diff: 1.1, Sum: 145.6]
         [Processed Buffers: Min: 13, Avg: 14.4, Max: 18, Diff: 5, Sum: 115]
      [Scan RS (ms): Min: 11.8, Avg: 12.7, Max: 13.0, Diff: 1.2, Sum: 101.8]
      [Code Root Scanning (ms): Min: 0.0, Avg: 0.0, Max: 0.0, Diff: 0.0, Sum: 0.0]
      [Object Copy (ms): Min: 124.0, Avg: 124.0, Max: 124.1, Diff: 0.1, Sum: 992.2]
      [Termination (ms): Min: 0.0, Avg: 0.1, Max: 0.1, Diff: 0.1, Sum: 0.5]
         [Termination Attempts: Min: 1, Avg: 231.6, Max: 314, Diff: 313, Sum: 1853]
      [GC Worker Other (ms): Min: 0.0, Avg: 0.0, Max: 0.1, Diff: 0.1, Sum: 0.3]
      [GC Worker Total (ms): Min: 155.0, Avg: 155.2, Max: 155.3, Diff: 0.3, Sum: 1241.2]
      [GC Worker End (ms): Min: 134630.0, Avg: 134630.0, Max: 134630.0, Diff: 0.1]
   [Code Root Fixup: 0.0 ms]
   [Code Root Purge: 0.0 ms]
   [Clear CT: 0.4 ms]
   [Other: 1.2 ms]
      [Choose CSet: 0.0 ms]
      [Ref Proc: 0.3 ms]
      [Ref Enq: 0.0 ms]
      [Redirty Cards: 0.3 ms]
      [Humongous Register: 0.0 ms]
      [Humongous Reclaim: 0.0 ms]
      [Free CSet: 0.2 ms]
   [Eden: 198.0M(198.0M)->0.0B(204.0M) Survivors: 27.0M->29.0M Heap: 268.8M(2048.0M)->244.3M(2048.0M)]
 [Times: user=1.24 sys=0.02, real=0.16 secs] 
2020-09-29T12:32:17.546+0200: 134.805: [GC pause (G1 Evacuation Pause) (young), 0.1815422 secs]
   [Parallel Time: 180.1 ms, GC Workers: 8]
      [GC Worker Start (ms): Min: 134805.7, Avg: 134805.8, Max: 134805.9, Diff: 0.2]
      [Ext Root Scanning (ms): Min: 0.0, Avg: 0.1, Max: 0.2, Diff: 0.2, Sum: 0.8]
      [Update RS (ms): Min: 20.2, Avg: 20.5, Max: 20.8, Diff: 0.6, Sum: 163.7]
         [Processed Buffers: Min: 15, Avg: 16.3, Max: 17, Diff: 2, Sum: 130]
      [Scan RS (ms): Min: 15.3, Avg: 15.7, Max: 16.0, Diff: 0.6, Sum: 125.8]
      [Code Root Scanning (ms): Min: 0.0, Avg: 0.0, Max: 0.0, Diff: 0.0, Sum: 0.0]
      [Object Copy (ms): Min: 143.4, Avg: 143.5, Max: 143.6, Diff: 0.2, Sum: 1148.0]
      [Termination (ms): Min: 0.0, Avg: 0.1, Max: 0.1, Diff: 0.1, Sum: 0.5]
         [Termination Attempts: Min: 1, Avg: 8.4, Max: 17, Diff: 16, Sum: 67]
      [GC Worker Other (ms): Min: 0.0, Avg: 0.0, Max: 0.0, Diff: 0.0, Sum: 0.1]
      [GC Worker Total (ms): Min: 179.8, Avg: 179.9, Max: 180.0, Diff: 0.2, Sum: 1439.0]
      [GC Worker End (ms): Min: 134985.6, Avg: 134985.7, Max: 134985.7, Diff: 0.0]
   [Code Root Fixup: 0.0 ms]
   [Code Root Purge: 0.0 ms]
   [Clear CT: 0.2 ms]
   [Other: 1.2 ms]
      [Choose CSet: 0.0 ms]
      [Ref Proc: 0.2 ms]
      [Ref Enq: 0.0 ms]
      [Redirty Cards: 0.3 ms]
      [Humongous Register: 0.1 ms]
      [Humongous Reclaim: 0.0 ms]
      [Free CSet: 0.3 ms]
   [Eden: 204.0M(204.0M)->0.0B(200.0M) Survivors: 29.0M->30.0M Heap: 482.7M(2048.0M)->484.7M(2048.0M)]
 [Times: user=1.50 sys=0.00, real=0.18 secs] 
2020-09-29T12:32:17.913+0200: 135.172: [GC pause (G1 Evacuation Pause) (young), 0.1899743 secs]
   [Parallel Time: 188.3 ms, GC Workers: 8]
      [GC Worker Start (ms): Min: 135172.3, Avg: 135172.4, Max: 135172.5, Diff: 0.3]
      [Ext Root Scanning (ms): Min: 0.0, Avg: 0.1, Max: 0.2, Diff: 0.2, Sum: 0.7]
      [Update RS (ms): Min: 19.8, Avg: 20.2, Max: 20.7, Diff: 0.9, Sum: 161.8]
         [Processed Buffers: Min: 13, Avg: 14.9, Max: 17, Diff: 4, Sum: 119]
      [Scan RS (ms): Min: 15.8, Avg: 16.2, Max: 16.7, Diff: 0.9, Sum: 129.9]
      [Code Root Scanning (ms): Min: 0.0, Avg: 0.0, Max: 0.0, Diff: 0.0, Sum: 0.0]
      [Object Copy (ms): Min: 151.2, Avg: 151.3, Max: 151.4, Diff: 0.2, Sum: 1210.1]
      [Termination (ms): Min: 0.0, Avg: 0.1, Max: 0.1, Diff: 0.1, Sum: 0.7]
         [Termination Attempts: Min: 1, Avg: 370.5, Max: 477, Diff: 476, Sum: 2964]
      [GC Worker Other (ms): Min: 0.0, Avg: 0.0, Max: 0.1, Diff: 0.1, Sum: 0.3]
      [GC Worker Total (ms): Min: 187.8, Avg: 187.9, Max: 188.1, Diff: 0.3, Sum: 1503.5]
      [GC Worker End (ms): Min: 135360.3, Avg: 135360.3, Max: 135360.4, Diff: 0.1]
   [Code Root Fixup: 0.0 ms]
   [Code Root Purge: 0.0 ms]
   [Clear CT: 0.2 ms]
   [Other: 1.5 ms]
      [Choose CSet: 0.0 ms]
      [Ref Proc: 0.2 ms]
      [Ref Enq: 0.0 ms]
      [Redirty Cards: 0.6 ms]
      [Humongous Register: 0.1 ms]
      [Humongous Reclaim: 0.0 ms]
      [Free CSet: 0.3 ms]
   [Eden: 200.0M(200.0M)->0.0B(195.0M) Survivors: 30.0M->29.0M Heap: 717.1M(2048.0M)->718.6M(2048.0M)]
 [Times: user=1.50 sys=0.00, real=0.19 secs] 
2020-09-29T12:32:18.286+0200: 135.545: [GC pause (G1 Evacuation Pause) (young), 0.2584158 secs]
   [Parallel Time: 256.2 ms, GC Workers: 8]
      [GC Worker Start (ms): Min: 135545.1, Avg: 135545.3, Max: 135545.4, Diff: 0.3]
      [Ext Root Scanning (ms): Min: 0.0, Avg: 0.1, Max: 0.3, Diff: 0.3, Sum: 1.1]
      [Update RS (ms): Min: 24.4, Avg: 24.7, Max: 25.3, Diff: 1.0, Sum: 197.5]
         [Processed Buffers: Min: 10, Avg: 12.3, Max: 14, Diff: 4, Sum: 98]
      [Scan RS (ms): Min: 23.7, Avg: 24.4, Max: 24.8, Diff: 1.1, Sum: 195.5]
      [Code Root Scanning (ms): Min: 0.0, Avg: 0.0, Max: 0.0, Diff: 0.0, Sum: 0.0]
      [Object Copy (ms): Min: 206.2, Avg: 206.3, Max: 206.4, Diff: 0.2, Sum: 1650.7]
      [Termination (ms): Min: 0.0, Avg: 0.1, Max: 0.1, Diff: 0.1, Sum: 0.6]
         [Termination Attempts: Min: 1, Avg: 190.9, Max: 244, Diff: 243, Sum: 1527]
      [GC Worker Other (ms): Min: 0.0, Avg: 0.1, Max: 0.1, Diff: 0.1, Sum: 0.5]
      [GC Worker Total (ms): Min: 255.6, Avg: 255.7, Max: 255.9, Diff: 0.3, Sum: 2045.9]
      [GC Worker End (ms): Min: 135801.0, Avg: 135801.0, Max: 135801.1, Diff: 0.1]
   [Code Root Fixup: 0.0 ms]
   [Code Root Purge: 0.0 ms]
   [Clear CT: 0.4 ms]
   [Other: 1.8 ms]
      [Choose CSet: 0.0 ms]
      [Ref Proc: 0.4 ms]
      [Ref Enq: 0.0 ms]
      [Redirty Cards: 0.7 ms]
      [Humongous Register: 0.1 ms]
      [Humongous Reclaim: 0.0 ms]
      [Free CSet: 0.4 ms]
   [Eden: 195.0M(195.0M)->0.0B(142.0M) Survivors: 29.0M->28.0M Heap: 946.0M(2048.0M)->948.0M(2048.0M)]
 [Times: user=2.00 sys=0.00, real=0.26 secs] 
2020-09-29T12:32:18.571+0200: 135.830: [GC pause (G1 Humongous Allocation) (young) (initial-mark), 0.1063796 secs]
   [Parallel Time: 104.4 ms, GC Workers: 8]
      [GC Worker Start (ms): Min: 135830.3, Avg: 135830.4, Max: 135830.5, Diff: 0.2]
      [Ext Root Scanning (ms): Min: 0.1, Avg: 0.2, Max: 0.3, Diff: 0.2, Sum: 1.5]
      [Update RS (ms): Min: 38.3, Avg: 38.8, Max: 39.5, Diff: 1.2, Sum: 310.6]
         [Processed Buffers: Min: 17, Avg: 19.6, Max: 22, Diff: 5, Sum: 157]
      [Scan RS (ms): Min: 3.7, Avg: 4.3, Max: 4.8, Diff: 1.1, Sum: 34.1]
      [Code Root Scanning (ms): Min: 0.0, Avg: 0.0, Max: 0.0, Diff: 0.0, Sum: 0.0]
      [Object Copy (ms): Min: 59.3, Avg: 60.4, Max: 60.6, Diff: 1.2, Sum: 482.9]
      [Termination (ms): Min: 0.0, Avg: 0.1, Max: 0.2, Diff: 0.1, Sum: 0.9]
         [Termination Attempts: Min: 1, Avg: 109.1, Max: 148, Diff: 147, Sum: 873]
      [GC Worker Other (ms): Min: 0.0, Avg: 0.0, Max: 0.0, Diff: 0.0, Sum: 0.2]
      [GC Worker Total (ms): Min: 103.7, Avg: 103.8, Max: 103.9, Diff: 0.2, Sum: 830.2]
      [GC Worker End (ms): Min: 135934.2, Avg: 135934.2, Max: 135934.2, Diff: 0.1]
   [Code Root Fixup: 0.0 ms]
   [Code Root Purge: 0.0 ms]
   [Clear CT: 0.5 ms]
   [Other: 1.4 ms]
      [Choose CSet: 0.0 ms]
      [Ref Proc: 0.3 ms]
      [Ref Enq: 0.0 ms]
      [Redirty Cards: 0.4 ms]
      [Humongous Register: 0.1 ms]
      [Humongous Reclaim: 0.0 ms]
      [Free CSet: 0.1 ms]
   [Eden: 5120.0K(142.0M)->0.0B(103.0M) Survivors: 28.0M->6144.0K Heap: 952.5M(2048.0M)->956.5M(2048.0M)]
 [Times: user=0.69 sys=0.03, real=0.11 secs] 
2020-09-29T12:32:18.677+0200: 135.937: [GC concurrent-root-region-scan-start]
2020-09-29T12:32:18.683+0200: 135.942: [GC concurrent-root-region-scan-end, 0.0051089 secs]
2020-09-29T12:32:18.683+0200: 135.942: [GC concurrent-mark-start]
2020-09-29T12:32:18.689+0200: 135.948: [GC concurrent-mark-end, 0.0063407 secs]
2020-09-29T12:32:18.690+0200: 135.949: [GC remark 2020-09-29T12:32:18.690+0200: 135.949: [Finalize Marking, 0.0005229 secs] 2020-09-29T12:32:18.690+0200: 135.950: [GC ref-proc, 0.0008105 secs] 2020-09-29T12:32:18.691+0200: 135.951: [Unloading, 0.0013852 secs], 0.0033948 secs]
 [Times: user=0.06 sys=0.00, real=0.00 secs] 
2020-09-29T12:32:18.694+0200: 135.953: [GC cleanup 966M->25M(2048M), 0.0027701 secs]
 [Times: user=0.00 sys=0.00, real=0.00 secs] 
2020-09-29T12:32:18.697+0200: 135.956: [GC concurrent-cleanup-start]
2020-09-29T12:32:18.700+0200: 135.959: [GC concurrent-cleanup-end, 0.0028882 secs]
2020-09-29T12:32:18.815+0200: 136.074: [GC pause (G1 Evacuation Pause) (young), 0.1329943 secs]
   [Parallel Time: 128.7 ms, GC Workers: 8]
      [GC Worker Start (ms): Min: 136074.5, Avg: 136074.6, Max: 136074.8, Diff: 0.3]
      [Ext Root Scanning (ms): Min: 0.0, Avg: 0.1, Max: 0.3, Diff: 0.3, Sum: 1.2]
      [Update RS (ms): Min: 18.8, Avg: 19.3, Max: 19.8, Diff: 1.0, Sum: 154.1]
         [Processed Buffers: Min: 9, Avg: 9.3, Max: 10, Diff: 1, Sum: 74]
      [Scan RS (ms): Min: 10.5, Avg: 11.0, Max: 11.5, Diff: 1.1, Sum: 88.2]
      [Code Root Scanning (ms): Min: 0.0, Avg: 0.0, Max: 0.0, Diff: 0.0, Sum: 0.0]
      [Object Copy (ms): Min: 97.7, Avg: 97.8, Max: 97.8, Diff: 0.1, Sum: 782.0]
      [Termination (ms): Min: 0.0, Avg: 0.1, Max: 0.1, Diff: 0.1, Sum: 0.4]
         [Termination Attempts: Min: 1, Avg: 148.3, Max: 188, Diff: 187, Sum: 1186]
      [GC Worker Other (ms): Min: 0.0, Avg: 0.0, Max: 0.1, Diff: 0.1, Sum: 0.3]
      [GC Worker Total (ms): Min: 128.1, Avg: 128.3, Max: 128.4, Diff: 0.3, Sum: 1026.2]
      [GC Worker End (ms): Min: 136202.9, Avg: 136202.9, Max: 136202.9, Diff: 0.1]
   [Code Root Fixup: 0.0 ms]
   [Code Root Purge: 0.0 ms]
   [Clear CT: 0.5 ms]
   [Other: 3.7 ms]
      [Choose CSet: 0.0 ms]
      [Ref Proc: 2.0 ms]
      [Ref Enq: 0.0 ms]
      [Redirty Cards: 1.2 ms]
      [Humongous Register: 0.1 ms]
      [Humongous Reclaim: 0.0 ms]
      [Free CSet: 0.1 ms]
   [Eden: 103.0M(103.0M)->0.0B(99.0M) Survivors: 6144.0K->14.0M Heap: 136.2M(2048.0M)->132.7M(2048.0M)]
 [Times: user=1.11 sys=0.01, real=0.13 secs] 
2020-09-29T12:32:19.068+0200: 136.327: [GC pause (G1 Evacuation Pause) (young), 0.1396836 secs]
   [Parallel Time: 137.7 ms, GC Workers: 8]
      [GC Worker Start (ms): Min: 136327.4, Avg: 136327.6, Max: 136327.8, Diff: 0.3]
      [Ext Root Scanning (ms): Min: 0.0, Avg: 0.1, Max: 0.3, Diff: 0.3, Sum: 1.1]
      [Update RS (ms): Min: 19.2, Avg: 19.6, Max: 20.1, Diff: 0.8, Sum: 156.7]
         [Processed Buffers: Min: 9, Avg: 10.5, Max: 12, Diff: 3, Sum: 84]
      [Scan RS (ms): Min: 9.7, Avg: 10.1, Max: 10.6, Diff: 0.9, Sum: 80.7]
      [Code Root Scanning (ms): Min: 0.0, Avg: 0.0, Max: 0.0, Diff: 0.0, Sum: 0.0]
      [Object Copy (ms): Min: 106.9, Avg: 107.2, Max: 107.5, Diff: 0.5, Sum: 857.7]
      [Termination (ms): Min: 0.0, Avg: 0.2, Max: 0.2, Diff: 0.2, Sum: 1.4]
         [Termination Attempts: Min: 1, Avg: 441.3, Max: 580, Diff: 579, Sum: 3530]
      [GC Worker Other (ms): Min: 0.0, Avg: 0.0, Max: 0.1, Diff: 0.1, Sum: 0.4]
      [GC Worker Total (ms): Min: 137.1, Avg: 137.2, Max: 137.4, Diff: 0.3, Sum: 1097.9]
      [GC Worker End (ms): Min: 136464.8, Avg: 136464.9, Max: 136464.9, Diff: 0.1]
   [Code Root Fixup: 0.0 ms]
   [Code Root Purge: 0.0 ms]
   [Clear CT: 0.6 ms]
   [Other: 1.4 ms]
      [Choose CSet: 0.0 ms]
      [Ref Proc: 0.4 ms]
      [Ref Enq: 0.0 ms]
      [Redirty Cards: 0.5 ms]
      [Humongous Register: 0.1 ms]
      [Humongous Reclaim: 0.0 ms]
      [Free CSet: 0.2 ms]
   [Eden: 99.0M(99.0M)->0.0B(107.0M) Survivors: 14.0M->15.0M Heap: 248.8M(2048.0M)->250.8M(2048.0M)]
 [Times: user=1.00 sys=0.02, real=0.14 secs] 
2020-09-29T12:32:19.336+0200: 136.595: [GC pause (G1 Evacuation Pause) (young), 0.1483760 secs]
   [Parallel Time: 145.8 ms, GC Workers: 8]
      [GC Worker Start (ms): Min: 136595.4, Avg: 136595.6, Max: 136595.8, Diff: 0.3]
      [Ext Root Scanning (ms): Min: 0.0, Avg: 0.1, Max: 0.3, Diff: 0.3, Sum: 1.1]
      [Update RS (ms): Min: 20.6, Avg: 21.5, Max: 22.1, Diff: 1.5, Sum: 171.7]
         [Processed Buffers: Min: 9, Avg: 10.6, Max: 11, Diff: 2, Sum: 85]
      [Scan RS (ms): Min: 9.2, Avg: 10.0, Max: 10.8, Diff: 1.6, Sum: 80.0]
      [Code Root Scanning (ms): Min: 0.0, Avg: 0.0, Max: 0.0, Diff: 0.0, Sum: 0.0]
      [Object Copy (ms): Min: 113.3, Avg: 113.6, Max: 113.7, Diff: 0.4, Sum: 908.5]
      [Termination (ms): Min: 0.0, Avg: 0.1, Max: 0.1, Diff: 0.1, Sum: 0.7]
         [Termination Attempts: Min: 1, Avg: 238.4, Max: 305, Diff: 304, Sum: 1907]
      [GC Worker Other (ms): Min: 0.0, Avg: 0.1, Max: 0.1, Diff: 0.1, Sum: 0.4]
      [GC Worker Total (ms): Min: 145.2, Avg: 145.3, Max: 145.5, Diff: 0.3, Sum: 1162.5]
      [GC Worker End (ms): Min: 136740.9, Avg: 136740.9, Max: 136741.0, Diff: 0.1]
   [Code Root Fixup: 0.0 ms]
   [Code Root Purge: 0.0 ms]
   [Clear CT: 0.6 ms]
   [Other: 1.9 ms]
      [Choose CSet: 0.0 ms]
      [Ref Proc: 0.8 ms]
      [Ref Enq: 0.0 ms]
      [Redirty Cards: 0.6 ms]
      [Humongous Register: 0.1 ms]
      [Humongous Reclaim: 0.0 ms]
      [Free CSet: 0.1 ms]
   [Eden: 107.0M(107.0M)->0.0B(114.0M) Survivors: 15.0M->16.0M Heap: 375.0M(2048.0M)->377.5M(2048.0M)]
 [Times: user=1.13 sys=0.00, real=0.15 secs] 
2020-09-29T12:32:19.628+0200: 136.887: [GC pause (G1 Evacuation Pause) (young), 0.1530044 secs]
   [Parallel Time: 151.2 ms, GC Workers: 8]
      [GC Worker Start (ms): Min: 136886.7, Avg: 136886.9, Max: 136887.0, Diff: 0.3]
      [Ext Root Scanning (ms): Min: 0.0, Avg: 0.1, Max: 0.3, Diff: 0.3, Sum: 1.0]
      [Update RS (ms): Min: 16.4, Avg: 17.3, Max: 17.9, Diff: 1.5, Sum: 138.2]
         [Processed Buffers: Min: 8, Avg: 9.0, Max: 10, Diff: 2, Sum: 72]
      [Scan RS (ms): Min: 11.6, Avg: 12.3, Max: 13.4, Diff: 1.8, Sum: 98.3]
      [Code Root Scanning (ms): Min: 0.0, Avg: 0.0, Max: 0.0, Diff: 0.0, Sum: 0.0]
      [Object Copy (ms): Min: 120.6, Avg: 120.9, Max: 121.1, Diff: 0.5, Sum: 967.6]
      [Termination (ms): Min: 0.0, Avg: 0.0, Max: 0.0, Diff: 0.0, Sum: 0.2]
         [Termination Attempts: Min: 1, Avg: 66.1, Max: 88, Diff: 87, Sum: 529]
      [GC Worker Other (ms): Min: 0.0, Avg: 0.1, Max: 0.1, Diff: 0.1, Sum: 0.4]
      [GC Worker Total (ms): Min: 150.6, Avg: 150.7, Max: 150.9, Diff: 0.3, Sum: 1205.7]
      [GC Worker End (ms): Min: 137037.6, Avg: 137037.6, Max: 137037.7, Diff: 0.1]
   [Code Root Fixup: 0.0 ms]
   [Code Root Purge: 0.0 ms]
   [Clear CT: 0.3 ms]
   [Other: 1.5 ms]
      [Choose CSet: 0.0 ms]
      [Ref Proc: 0.3 ms]
      [Ref Enq: 0.0 ms]
      [Redirty Cards: 0.5 ms]
      [Humongous Register: 0.1 ms]
      [Humongous Reclaim: 0.0 ms]
      [Free CSet: 0.3 ms]
   [Eden: 114.0M(114.0M)->0.0B(121.0M) Survivors: 16.0M->17.0M Heap: 510.6M(2048.0M)->513.6M(2048.0M)]
 [Times: user=1.24 sys=0.00, real=0.15 secs] 
2020-09-29T12:32:19.931+0200: 137.190: [GC pause (G1 Evacuation Pause) (young), 0.1635416 secs]
   [Parallel Time: 161.6 ms, GC Workers: 8]
      [GC Worker Start (ms): Min: 137189.7, Avg: 137189.9, Max: 137190.1, Diff: 0.3]
      [Ext Root Scanning (ms): Min: 0.0, Avg: 0.1, Max: 0.3, Diff: 0.3, Sum: 1.1]
      [Update RS (ms): Min: 19.6, Avg: 19.9, Max: 20.1, Diff: 0.5, Sum: 159.3]
         [Processed Buffers: Min: 10, Avg: 11.0, Max: 14, Diff: 4, Sum: 88]
      [Scan RS (ms): Min: 12.1, Avg: 12.4, Max: 12.7, Diff: 0.6, Sum: 99.1]
      [Code Root Scanning (ms): Min: 0.0, Avg: 0.0, Max: 0.0, Diff: 0.0, Sum: 0.0]
      [Object Copy (ms): Min: 128.5, Avg: 128.6, Max: 128.7, Diff: 0.2, Sum: 1028.7]
      [Termination (ms): Min: 0.0, Avg: 0.1, Max: 0.1, Diff: 0.1, Sum: 0.7]
         [Termination Attempts: Min: 1, Avg: 239.5, Max: 287, Diff: 286, Sum: 1916]
      [GC Worker Other (ms): Min: 0.0, Avg: 0.0, Max: 0.1, Diff: 0.0, Sum: 0.3]
      [GC Worker Total (ms): Min: 161.0, Avg: 161.1, Max: 161.3, Diff: 0.3, Sum: 1289.1]
      [GC Worker End (ms): Min: 137351.1, Avg: 137351.1, Max: 137351.1, Diff: 0.0]
   [Code Root Fixup: 0.0 ms]
   [Code Root Purge: 0.0 ms]
   [Clear CT: 0.4 ms]
   [Other: 1.5 ms]
      [Choose CSet: 0.0 ms]
      [Ref Proc: 0.4 ms]
      [Ref Enq: 0.0 ms]
      [Redirty Cards: 0.5 ms]
      [Humongous Register: 0.1 ms]
      [Humongous Reclaim: 0.0 ms]
      [Free CSet: 0.3 ms]
   [Eden: 121.0M(121.0M)->0.0B(126.0M) Survivors: 17.0M->18.0M Heap: 655.6M(2048.0M)->658.1M(2048.0M)]
 [Times: user=1.25 sys=0.00, real=0.16 secs] 
2020-09-29T12:32:20.247+0200: 137.506: [GC pause (G1 Evacuation Pause) (young), 0.1721752 secs]
   [Parallel Time: 169.9 ms, GC Workers: 8]
      [GC Worker Start (ms): Min: 137506.6, Avg: 137506.7, Max: 137506.9, Diff: 0.3]
      [Ext Root Scanning (ms): Min: 0.0, Avg: 0.2, Max: 0.3, Diff: 0.3, Sum: 1.2]
      [Update RS (ms): Min: 20.4, Avg: 21.0, Max: 21.8, Diff: 1.4, Sum: 167.7]
         [Processed Buffers: Min: 10, Avg: 11.4, Max: 13, Diff: 3, Sum: 91]
      [Scan RS (ms): Min: 12.1, Avg: 13.1, Max: 13.8, Diff: 1.7, Sum: 104.4]
      [Code Root Scanning (ms): Min: 0.0, Avg: 0.0, Max: 0.0, Diff: 0.0, Sum: 0.0]
      [Object Copy (ms): Min: 134.8, Avg: 135.0, Max: 135.1, Diff: 0.3, Sum: 1079.8]
      [Termination (ms): Min: 0.0, Avg: 0.2, Max: 0.3, Diff: 0.3, Sum: 1.7]
         [Termination Attempts: Min: 1, Avg: 620.8, Max: 783, Diff: 782, Sum: 4966]
      [GC Worker Other (ms): Min: 0.0, Avg: 0.0, Max: 0.1, Diff: 0.0, Sum: 0.3]
      [GC Worker Total (ms): Min: 169.3, Avg: 169.4, Max: 169.6, Diff: 0.3, Sum: 1355.2]
      [GC Worker End (ms): Min: 137676.1, Avg: 137676.1, Max: 137676.2, Diff: 0.0]
   [Code Root Fixup: 0.0 ms]
   [Code Root Purge: 0.0 ms]
   [Clear CT: 0.5 ms]
   [Other: 1.7 ms]
      [Choose CSet: 0.0 ms]
      [Ref Proc: 0.4 ms]
      [Ref Enq: 0.0 ms]
      [Redirty Cards: 0.8 ms]
      [Humongous Register: 0.1 ms]
      [Humongous Reclaim: 0.0 ms]
      [Free CSet: 0.2 ms]
   [Eden: 126.0M(126.0M)->0.0B(129.0M) Survivors: 18.0M->18.0M Heap: 805.0M(2048.0M)->806.5M(2048.0M)]
 [Times: user=1.38 sys=0.00, real=0.17 secs] 
2020-09-29T12:32:20.578+0200: 137.838: [GC pause (G1 Evacuation Pause) (young), 0.2145784 secs]
   [Parallel Time: 212.7 ms, GC Workers: 8]
      [GC Worker Start (ms): Min: 137838.3, Avg: 137842.4, Max: 137870.1, Diff: 31.7]
      [Ext Root Scanning (ms): Min: 0.0, Avg: 0.2, Max: 0.3, Diff: 0.3, Sum: 1.3]
      [Update RS (ms): Min: 0.0, Avg: 23.4, Max: 27.9, Diff: 27.9, Sum: 187.1]
         [Processed Buffers: Min: 0, Avg: 12.3, Max: 16, Diff: 16, Sum: 98]
      [Scan RS (ms): Min: 9.1, Avg: 14.9, Max: 27.4, Diff: 18.4, Sum: 119.2]
      [Code Root Scanning (ms): Min: 0.0, Avg: 0.0, Max: 0.0, Diff: 0.0, Sum: 0.0]
      [Object Copy (ms): Min: 158.0, Avg: 169.6, Max: 171.4, Diff: 13.5, Sum: 1356.9]
      [Termination (ms): Min: 0.0, Avg: 0.2, Max: 0.3, Diff: 0.3, Sum: 2.0]
         [Termination Attempts: Min: 1, Avg: 699.0, Max: 874, Diff: 873, Sum: 5592]
      [GC Worker Other (ms): Min: 0.0, Avg: 0.0, Max: 0.1, Diff: 0.1, Sum: 0.4]
      [GC Worker Total (ms): Min: 180.6, Avg: 208.3, Max: 212.4, Diff: 31.8, Sum: 1666.8]
      [GC Worker End (ms): Min: 138050.7, Avg: 138050.7, Max: 138050.8, Diff: 0.1]
   [Code Root Fixup: 0.0 ms]
   [Code Root Purge: 0.0 ms]
   [Clear CT: 0.3 ms]
   [Other: 1.5 ms]
      [Choose CSet: 0.0 ms]
      [Ref Proc: 0.4 ms]
      [Ref Enq: 0.0 ms]
      [Redirty Cards: 0.4 ms]
      [Humongous Register: 0.1 ms]
      [Humongous Reclaim: 0.0 ms]
      [Free CSet: 0.3 ms]
   [Eden: 129.0M(129.0M)->0.0B(116.0M) Survivors: 18.0M->19.0M Heap: 956.5M(2048.0M)->958.0M(2048.0M)]
 [Times: user=1.67 sys=0.00, real=0.21 secs] 
2020-09-29T12:32:20.812+0200: 138.072: [GC pause (G1 Humongous Allocation) (young) (initial-mark), 0.0607887 secs]
   [Parallel Time: 58.8 ms, GC Workers: 8]
      [GC Worker Start (ms): Min: 138072.2, Avg: 138072.3, Max: 138072.3, Diff: 0.1]
      [Ext Root Scanning (ms): Min: 0.1, Avg: 0.2, Max: 0.2, Diff: 0.1, Sum: 1.4]
      [Update RS (ms): Min: 28.8, Avg: 29.4, Max: 30.0, Diff: 1.2, Sum: 235.1]
         [Processed Buffers: Min: 14, Avg: 14.6, Max: 15, Diff: 1, Sum: 117]
      [Scan RS (ms): Min: 2.0, Avg: 2.7, Max: 3.3, Diff: 1.3, Sum: 21.4]
      [Code Root Scanning (ms): Min: 0.0, Avg: 0.0, Max: 0.0, Diff: 0.0, Sum: 0.0]
      [Object Copy (ms): Min: 26.0, Avg: 26.1, Max: 26.2, Diff: 0.2, Sum: 209.0]
      [Termination (ms): Min: 0.0, Avg: 0.1, Max: 0.1, Diff: 0.1, Sum: 0.8]
         [Termination Attempts: Min: 1, Avg: 275.4, Max: 343, Diff: 342, Sum: 2203]
      [GC Worker Other (ms): Min: 0.0, Avg: 0.0, Max: 0.1, Diff: 0.1, Sum: 0.3]
      [GC Worker Total (ms): Min: 58.5, Avg: 58.5, Max: 58.6, Diff: 0.2, Sum: 468.1]
      [GC Worker End (ms): Min: 138130.7, Avg: 138130.8, Max: 138130.8, Diff: 0.1]
   [Code Root Fixup: 0.0 ms]
   [Code Root Purge: 0.0 ms]
   [Clear CT: 0.4 ms]
   [Other: 1.5 ms]
      [Choose CSet: 0.0 ms]
      [Ref Proc: 0.4 ms]
      [Ref Enq: 0.0 ms]
      [Redirty Cards: 0.4 ms]
      [Humongous Register: 0.1 ms]
      [Humongous Reclaim: 0.0 ms]
      [Free CSet: 0.1 ms]
   [Eden: 3072.0K(116.0M)->0.0B(133.0M) Survivors: 19.0M->5120.0K Heap: 960.5M(2048.0M)->964.5M(2048.0M)]
 [Times: user=0.50 sys=0.00, real=0.06 secs] 
2020-09-29T12:32:20.873+0200: 138.133: [GC concurrent-root-region-scan-start]
2020-09-29T12:32:20.876+0200: 138.135: [GC concurrent-root-region-scan-end, 0.0023425 secs]
2020-09-29T12:32:20.876+0200: 138.135: [GC concurrent-mark-start]
2020-09-29T12:32:20.883+0200: 138.143: [GC concurrent-mark-end, 0.0070839 secs]
2020-09-29T12:32:20.884+0200: 138.143: [GC remark 2020-09-29T12:32:20.884+0200: 138.143: [Finalize Marking, 0.0003953 secs] 2020-09-29T12:32:20.884+0200: 138.144: [GC ref-proc, 0.0009077 secs] 2020-09-29T12:32:20.885+0200: 138.145: [Unloading, 0.0010786 secs], 0.0031769 secs]
 [Times: user=0.00 sys=0.00, real=0.00 secs] 
2020-09-29T12:32:20.889+0200: 138.149: [GC cleanup 975M->25M(2048M), 0.0033883 secs]
 [Times: user=0.00 sys=0.00, real=0.00 secs] 
2020-09-29T12:32:20.893+0200: 138.152: [GC concurrent-cleanup-start]
2020-09-29T12:32:20.896+0200: 138.155: [GC concurrent-cleanup-end, 0.0030084 secs]
2020-09-29T12:32:21.043+0200: 138.303: [GC pause (G1 Evacuation Pause) (young), 0.2161110 secs]
   [Parallel Time: 214.1 ms, GC Workers: 8]
      [GC Worker Start (ms): Min: 138302.7, Avg: 138302.9, Max: 138303.0, Diff: 0.3]
      [Ext Root Scanning (ms): Min: 0.0, Avg: 0.1, Max: 0.3, Diff: 0.3, Sum: 1.1]
      [Update RS (ms): Min: 18.1, Avg: 20.1, Max: 32.0, Diff: 13.9, Sum: 161.1]
         [Processed Buffers: Min: 0, Avg: 8.9, Max: 12, Diff: 12, Sum: 71]
      [Scan RS (ms): Min: 1.9, Avg: 13.7, Max: 15.7, Diff: 13.9, Sum: 109.7]
      [Code Root Scanning (ms): Min: 0.0, Avg: 0.0, Max: 0.0, Diff: 0.0, Sum: 0.0]
      [Object Copy (ms): Min: 179.5, Avg: 179.7, Max: 179.8, Diff: 0.3, Sum: 1437.5]
      [Termination (ms): Min: 0.0, Avg: 0.2, Max: 0.2, Diff: 0.2, Sum: 1.3]
         [Termination Attempts: Min: 1, Avg: 258.9, Max: 406, Diff: 405, Sum: 2071]
      [GC Worker Other (ms): Min: 0.0, Avg: 0.0, Max: 0.0, Diff: 0.0, Sum: 0.2]
      [GC Worker Total (ms): Min: 213.7, Avg: 213.9, Max: 214.0, Diff: 0.3, Sum: 1710.9]
      [GC Worker End (ms): Min: 138516.7, Avg: 138516.8, Max: 138516.8, Diff: 0.0]
   [Code Root Fixup: 0.0 ms]
   [Code Root Purge: 0.0 ms]
   [Clear CT: 0.4 ms]
   [Other: 1.6 ms]
      [Choose CSet: 0.0 ms]
      [Ref Proc: 0.5 ms]
      [Ref Enq: 0.0 ms]
      [Redirty Cards: 0.4 ms]
      [Humongous Register: 0.1 ms]
      [Humongous Reclaim: 0.0 ms]
      [Free CSet: 0.3 ms]
   [Eden: 133.0M(133.0M)->0.0B(106.0M) Survivors: 5120.0K->18.0M Heap: 170.9M(2048.0M)->167.9M(2048.0M)]
 [Times: user=1.55 sys=0.00, real=0.22 secs] 
2020-09-29T12:32:21.398+0200: 138.658: [GC pause (G1 Evacuation Pause) (young), 0.1531177 secs]
   [Parallel Time: 151.2 ms, GC Workers: 8]
      [GC Worker Start (ms): Min: 138657.7, Avg: 138657.8, Max: 138658.0, Diff: 0.3]
      [Ext Root Scanning (ms): Min: 0.0, Avg: 0.1, Max: 0.3, Diff: 0.3, Sum: 1.1]
      [Update RS (ms): Min: 12.6, Avg: 13.3, Max: 13.9, Diff: 1.3, Sum: 106.3]
         [Processed Buffers: Min: 7, Avg: 7.3, Max: 9, Diff: 2, Sum: 58]
      [Scan RS (ms): Min: 12.9, Avg: 13.4, Max: 14.2, Diff: 1.3, Sum: 107.2]
      [Code Root Scanning (ms): Min: 0.0, Avg: 0.0, Max: 0.0, Diff: 0.0, Sum: 0.0]
      [Object Copy (ms): Min: 123.6, Avg: 123.7, Max: 124.1, Diff: 0.5, Sum: 989.7]
      [Termination (ms): Min: 0.0, Avg: 0.3, Max: 0.3, Diff: 0.3, Sum: 2.1]
         [Termination Attempts: Min: 1, Avg: 709.3, Max: 893, Diff: 892, Sum: 5674]
      [GC Worker Other (ms): Min: 0.0, Avg: 0.0, Max: 0.1, Diff: 0.0, Sum: 0.3]
      [GC Worker Total (ms): Min: 150.7, Avg: 150.8, Max: 151.0, Diff: 0.3, Sum: 1206.8]
      [GC Worker End (ms): Min: 138808.7, Avg: 138808.7, Max: 138808.7, Diff: 0.0]
   [Code Root Fixup: 0.0 ms]
   [Code Root Purge: 0.0 ms]
   [Clear CT: 0.4 ms]
   [Other: 1.5 ms]
      [Choose CSet: 0.0 ms]
      [Ref Proc: 0.4 ms]
      [Ref Enq: 0.0 ms]
      [Redirty Cards: 0.4 ms]
      [Humongous Register: 0.1 ms]
      [Humongous Reclaim: 0.0 ms]
      [Free CSet: 0.2 ms]
   [Eden: 106.0M(106.0M)->0.0B(113.0M) Survivors: 18.0M->16.0M Heap: 291.1M(2048.0M)->293.1M(2048.0M)]
 [Times: user=1.13 sys=0.00, real=0.15 secs] 
2020-09-29T12:32:21.698+0200: 138.957: [GC pause (G1 Evacuation Pause) (young), 0.1620012 secs]
   [Parallel Time: 160.0 ms, GC Workers: 8]
      [GC Worker Start (ms): Min: 138957.6, Avg: 138958.3, Max: 138960.5, Diff: 2.9]
      [Ext Root Scanning (ms): Min: 0.0, Avg: 0.1, Max: 0.3, Diff: 0.3, Sum: 1.1]
      [Update RS (ms): Min: 12.8, Avg: 14.4, Max: 15.5, Diff: 2.7, Sum: 115.4]
         [Processed Buffers: Min: 6, Avg: 7.6, Max: 9, Diff: 3, Sum: 61]
      [Scan RS (ms): Min: 12.7, Avg: 13.3, Max: 14.0, Diff: 1.3, Sum: 106.8]
      [Code Root Scanning (ms): Min: 0.0, Avg: 0.0, Max: 0.0, Diff: 0.0, Sum: 0.0]
      [Object Copy (ms): Min: 130.3, Avg: 130.7, Max: 131.1, Diff: 0.7, Sum: 1045.8]
      [Termination (ms): Min: 0.0, Avg: 0.3, Max: 0.8, Diff: 0.8, Sum: 2.7]
         [Termination Attempts: Min: 1, Avg: 811.9, Max: 973, Diff: 972, Sum: 6495]
      [GC Worker Other (ms): Min: 0.0, Avg: 0.0, Max: 0.1, Diff: 0.1, Sum: 0.4]
      [GC Worker Total (ms): Min: 156.8, Avg: 159.0, Max: 159.7, Diff: 2.9, Sum: 1272.3]
      [GC Worker End (ms): Min: 139117.3, Avg: 139117.3, Max: 139117.4, Diff: 0.1]
   [Code Root Fixup: 0.0 ms]
   [Code Root Purge: 0.0 ms]
   [Clear CT: 0.5 ms]
   [Other: 1.5 ms]
      [Choose CSet: 0.0 ms]
      [Ref Proc: 0.3 ms]
      [Ref Enq: 0.0 ms]
      [Redirty Cards: 0.4 ms]
      [Humongous Register: 0.1 ms]
      [Humongous Reclaim: 0.0 ms]
      [Free CSet: 0.3 ms]
   [Eden: 113.0M(113.0M)->0.0B(117.0M) Survivors: 16.0M->17.0M Heap: 425.1M(2048.0M)->426.6M(2048.0M)]
 [Times: user=1.22 sys=0.02, real=0.16 secs] 
2020-09-29T12:32:22.009+0200: 139.269: [GC pause (G1 Evacuation Pause) (young), 0.1936829 secs]
   [Parallel Time: 191.8 ms, GC Workers: 8]
      [GC Worker Start (ms): Min: 139269.3, Avg: 139269.5, Max: 139269.6, Diff: 0.3]
      [Ext Root Scanning (ms): Min: 0.0, Avg: 0.1, Max: 0.3, Diff: 0.2, Sum: 1.2]
      [Update RS (ms): Min: 17.7, Avg: 18.3, Max: 19.3, Diff: 1.6, Sum: 146.8]
         [Processed Buffers: Min: 8, Avg: 9.1, Max: 11, Diff: 3, Sum: 73]
      [Scan RS (ms): Min: 11.2, Avg: 12.2, Max: 12.9, Diff: 1.7, Sum: 97.9]
      [Code Root Scanning (ms): Min: 0.0, Avg: 0.0, Max: 0.0, Diff: 0.0, Sum: 0.0]
      [Object Copy (ms): Min: 160.4, Avg: 160.6, Max: 160.8, Diff: 0.4, Sum: 1284.5]
      [Termination (ms): Min: 0.0, Avg: 0.2, Max: 0.3, Diff: 0.3, Sum: 1.6]
         [Termination Attempts: Min: 1, Avg: 501.6, Max: 651, Diff: 650, Sum: 4013]
      [GC Worker Other (ms): Min: 0.0, Avg: 0.1, Max: 0.1, Diff: 0.1, Sum: 0.6]
      [GC Worker Total (ms): Min: 191.4, Avg: 191.6, Max: 191.7, Diff: 0.3, Sum: 1532.6]
      [GC Worker End (ms): Min: 139461.0, Avg: 139461.0, Max: 139461.1, Diff: 0.1]
   [Code Root Fixup: 0.0 ms]
   [Code Root Purge: 0.0 ms]
   [Clear CT: 0.4 ms]
   [Other: 1.5 ms]
      [Choose CSet: 0.0 ms]
      [Ref Proc: 0.4 ms]
      [Ref Enq: 0.0 ms]
      [Redirty Cards: 0.4 ms]
      [Humongous Register: 0.1 ms]
      [Humongous Reclaim: 0.0 ms]
      [Free CSet: 0.3 ms]
   [Eden: 117.0M(117.0M)->0.0B(114.0M) Survivors: 17.0M->17.0M Heap: 562.7M(2048.0M)->565.2M(2048.0M)]
 [Times: user=1.42 sys=0.02, real=0.19 secs] 
2020-09-29T12:32:22.350+0200: 139.609: [GC pause (G1 Evacuation Pause) (young), 0.1571726 secs]
   [Parallel Time: 155.1 ms, GC Workers: 8]
      [GC Worker Start (ms): Min: 139609.7, Avg: 139609.9, Max: 139610.2, Diff: 0.5]
      [Ext Root Scanning (ms): Min: 0.0, Avg: 0.2, Max: 0.4, Diff: 0.3, Sum: 1.2]
      [Update RS (ms): Min: 17.6, Avg: 18.6, Max: 19.6, Diff: 2.0, Sum: 148.5]
         [Processed Buffers: Min: 9, Avg: 9.5, Max: 10, Diff: 1, Sum: 76]
      [Scan RS (ms): Min: 10.7, Avg: 12.0, Max: 12.7, Diff: 2.0, Sum: 95.6]
      [Code Root Scanning (ms): Min: 0.0, Avg: 0.0, Max: 0.0, Diff: 0.0, Sum: 0.0]
      [Object Copy (ms): Min: 123.7, Avg: 123.8, Max: 123.9, Diff: 0.3, Sum: 990.2]
      [Termination (ms): Min: 0.1, Avg: 0.2, Max: 0.2, Diff: 0.1, Sum: 1.2]
         [Termination Attempts: Min: 1, Avg: 210.4, Max: 288, Diff: 287, Sum: 1683]
      [GC Worker Other (ms): Min: 0.0, Avg: 0.0, Max: 0.0, Diff: 0.0, Sum: 0.1]
      [GC Worker Total (ms): Min: 154.3, Avg: 154.6, Max: 154.8, Diff: 0.5, Sum: 1236.9]
      [GC Worker End (ms): Min: 139764.5, Avg: 139764.5, Max: 139764.5, Diff: 0.0]
   [Code Root Fixup: 0.0 ms]
   [Code Root Purge: 0.0 ms]
   [Clear CT: 0.4 ms]
   [Other: 1.7 ms]
      [Choose CSet: 0.0 ms]
      [Ref Proc: 0.5 ms]
      [Ref Enq: 0.0 ms]
      [Redirty Cards: 0.4 ms]
      [Humongous Register: 0.1 ms]
      [Humongous Reclaim: 0.0 ms]
      [Free CSet: 0.3 ms]
   [Eden: 114.0M(114.0M)->0.0B(120.0M) Survivors: 17.0M->17.0M Heap: 698.3M(2048.0M)->700.8M(2048.0M)]
 [Times: user=1.25 sys=0.00, real=0.16 secs] 
2020-09-29T12:32:22.663+0200: 139.923: [GC pause (G1 Evacuation Pause) (young), 0.1628109 secs]
   [Parallel Time: 161.0 ms, GC Workers: 8]
      [GC Worker Start (ms): Min: 139923.0, Avg: 139923.2, Max: 139923.3, Diff: 0.3]
      [Ext Root Scanning (ms): Min: 0.0, Avg: 0.1, Max: 0.3, Diff: 0.3, Sum: 1.2]
      [Update RS (ms): Min: 20.1, Avg: 20.5, Max: 21.4, Diff: 1.3, Sum: 163.7]
         [Processed Buffers: Min: 10, Avg: 11.4, Max: 13, Diff: 3, Sum: 91]
      [Scan RS (ms): Min: 11.0, Avg: 11.6, Max: 12.0, Diff: 1.0, Sum: 92.9]
      [Code Root Scanning (ms): Min: 0.0, Avg: 0.0, Max: 0.0, Diff: 0.0, Sum: 0.0]
      [Object Copy (ms): Min: 127.8, Avg: 128.1, Max: 128.3, Diff: 0.5, Sum: 1024.9]
      [Termination (ms): Min: 0.0, Avg: 0.1, Max: 0.2, Diff: 0.2, Sum: 1.1]
         [Termination Attempts: Min: 1, Avg: 335.0, Max: 414, Diff: 413, Sum: 2680]
      [GC Worker Other (ms): Min: 0.0, Avg: 0.0, Max: 0.1, Diff: 0.1, Sum: 0.4]
      [GC Worker Total (ms): Min: 160.4, Avg: 160.5, Max: 160.7, Diff: 0.3, Sum: 1284.1]
      [GC Worker End (ms): Min: 140083.7, Avg: 140083.7, Max: 140083.8, Diff: 0.1]
   [Code Root Fixup: 0.0 ms]
   [Code Root Purge: 0.0 ms]
   [Clear CT: 0.3 ms]
   [Other: 1.5 ms]
      [Choose CSet: 0.0 ms]
      [Ref Proc: 0.4 ms]
      [Ref Enq: 0.0 ms]
      [Redirty Cards: 0.4 ms]
      [Humongous Register: 0.1 ms]
      [Humongous Reclaim: 0.0 ms]
      [Free CSet: 0.3 ms]
   [Eden: 120.0M(120.0M)->0.0B(124.0M) Survivors: 17.0M->18.0M Heap: 841.8M(2048.0M)->843.8M(2048.0M)]
 [Times: user=1.25 sys=0.00, real=0.16 secs] 
2020-09-29T12:32:22.989+0200: 140.248: [GC pause (G1 Evacuation Pause) (young), 0.1929957 secs]
   [Parallel Time: 191.0 ms, GC Workers: 8]
      [GC Worker Start (ms): Min: 140247.7, Avg: 140247.9, Max: 140248.0, Diff: 0.3]
      [Ext Root Scanning (ms): Min: 0.0, Avg: 0.1, Max: 0.3, Diff: 0.3, Sum: 1.0]
      [Update RS (ms): Min: 20.6, Avg: 22.0, Max: 30.4, Diff: 9.7, Sum: 176.1]
         [Processed Buffers: Min: 0, Avg: 10.5, Max: 14, Diff: 14, Sum: 84]
      [Scan RS (ms): Min: 5.7, Avg: 14.0, Max: 15.3, Diff: 9.6, Sum: 111.8]
      [Code Root Scanning (ms): Min: 0.0, Avg: 0.0, Max: 0.0, Diff: 0.0, Sum: 0.0]
      [Object Copy (ms): Min: 154.1, Avg: 154.2, Max: 154.4, Diff: 0.3, Sum: 1233.7]
      [Termination (ms): Min: 0.0, Avg: 0.2, Max: 0.2, Diff: 0.2, Sum: 1.2]
         [Termination Attempts: Min: 1, Avg: 318.4, Max: 393, Diff: 392, Sum: 2547]
      [GC Worker Other (ms): Min: 0.0, Avg: 0.0, Max: 0.0, Diff: 0.0, Sum: 0.2]
      [GC Worker Total (ms): Min: 190.3, Avg: 190.5, Max: 190.7, Diff: 0.4, Sum: 1524.1]
      [GC Worker End (ms): Min: 140438.4, Avg: 140438.4, Max: 140438.4, Diff: 0.0]
   [Code Root Fixup: 0.0 ms]
   [Code Root Purge: 0.0 ms]
   [Clear CT: 0.4 ms]
   [Other: 1.6 ms]
      [Choose CSet: 0.0 ms]
      [Ref Proc: 0.5 ms]
      [Ref Enq: 0.0 ms]
      [Redirty Cards: 0.5 ms]
      [Humongous Register: 0.1 ms]
      [Humongous Reclaim: 0.0 ms]
      [Free CSet: 0.3 ms]
   [Eden: 124.0M(124.0M)->0.0B(120.0M) Survivors: 18.0M->18.0M Heap: 988.7M(2048.0M)->990.7M(2048.0M)]
 [Times: user=1.48 sys=0.00, real=0.19 secs] 
2020-09-29T12:32:23.201+0200: 140.461: [GC pause (G1 Humongous Allocation) (young) (initial-mark), 0.0778821 secs]
   [Parallel Time: 75.3 ms, GC Workers: 8]
      [GC Worker Start (ms): Min: 140461.1, Avg: 140461.3, Max: 140461.5, Diff: 0.4]
      [Ext Root Scanning (ms): Min: 0.0, Avg: 4.4, Max: 31.8, Diff: 31.8, Sum: 35.5]
      [Update RS (ms): Min: 1.9, Avg: 36.1, Max: 63.2, Diff: 61.3, Sum: 288.5]
         [Processed Buffers: Min: 1, Avg: 13.6, Max: 19, Diff: 18, Sum: 109]
      [Scan RS (ms): Min: 0.0, Avg: 2.5, Max: 3.8, Diff: 3.8, Sum: 20.1]
      [Code Root Scanning (ms): Min: 0.0, Avg: 0.0, Max: 0.0, Diff: 0.0, Sum: 0.0]
      [Object Copy (ms): Min: 10.7, Avg: 31.8, Max: 37.5, Diff: 26.7, Sum: 254.7]
      [Termination (ms): Min: 0.0, Avg: 0.2, Max: 0.2, Diff: 0.2, Sum: 1.3]
         [Termination Attempts: Min: 1, Avg: 197.3, Max: 314, Diff: 313, Sum: 1578]
      [GC Worker Other (ms): Min: 0.0, Avg: 0.0, Max: 0.0, Diff: 0.0, Sum: 0.1]
      [GC Worker Total (ms): Min: 74.8, Avg: 75.0, Max: 75.2, Diff: 0.3, Sum: 600.2]
      [GC Worker End (ms): Min: 140536.3, Avg: 140536.3, Max: 140536.3, Diff: 0.0]
   [Code Root Fixup: 0.0 ms]
   [Code Root Purge: 0.0 ms]
   [Clear CT: 0.4 ms]
   [Other: 2.2 ms]
      [Choose CSet: 0.0 ms]
      [Ref Proc: 0.5 ms]
      [Ref Enq: 0.0 ms]
      [Redirty Cards: 1.1 ms]
      [Humongous Register: 0.1 ms]
      [Humongous Reclaim: 0.0 ms]
      [Free CSet: 0.1 ms]
   [Eden: 9216.0K(120.0M)->0.0B(123.0M) Survivors: 18.0M->10.0M Heap: 999.2M(2048.0M)->1001.7M(2048.0M)]
 [Times: user=0.49 sys=0.00, real=0.08 secs] 
2020-09-29T12:32:23.279+0200: 140.539: [GC concurrent-root-region-scan-start]
2020-09-29T12:32:23.284+0200: 140.544: [GC concurrent-root-region-scan-end, 0.0047085 secs]
2020-09-29T12:32:23.284+0200: 140.544: [GC concurrent-mark-start]
2020-09-29T12:32:23.289+0200: 140.549: [GC concurrent-mark-end, 0.0049143 secs]
2020-09-29T12:32:23.289+0200: 140.549: [GC remark 2020-09-29T12:32:23.289+0200: 140.549: [Finalize Marking, 0.0002287 secs] 2020-09-29T12:32:23.290+0200: 140.549: [GC ref-proc, 0.0003784 secs] 2020-09-29T12:32:23.290+0200: 140.550: [Unloading, 0.0009983 secs], 0.0022789 secs]
 [Times: user=0.00 sys=0.00, real=0.00 secs] 
2020-09-29T12:32:23.292+0200: 140.552: [GC cleanup 1018M->36M(2048M), 0.0014145 secs]
 [Times: user=0.00 sys=0.00, real=0.00 secs] 
2020-09-29T12:32:23.294+0200: 140.553: [GC concurrent-cleanup-start]
2020-09-29T12:32:23.295+0200: 140.555: [GC concurrent-cleanup-end, 0.0013983 secs]
2020-09-29T12:32:23.361+0200: 140.620: [GC pause (G1 Evacuation Pause) (young), 0.0563796 secs]
   [Parallel Time: 55.6 ms, GC Workers: 8]
      [GC Worker Start (ms): Min: 140620.2, Avg: 140620.3, Max: 140620.4, Diff: 0.2]
      [Ext Root Scanning (ms): Min: 0.0, Avg: 0.1, Max: 0.2, Diff: 0.1, Sum: 0.6]
      [Update RS (ms): Min: 5.1, Avg: 5.5, Max: 5.8, Diff: 0.7, Sum: 43.7]
         [Processed Buffers: Min: 7, Avg: 7.3, Max: 8, Diff: 1, Sum: 58]
      [Scan RS (ms): Min: 4.9, Avg: 5.2, Max: 5.6, Diff: 0.7, Sum: 41.5]
      [Code Root Scanning (ms): Min: 0.0, Avg: 0.0, Max: 0.0, Diff: 0.0, Sum: 0.0]
      [Object Copy (ms): Min: 44.7, Avg: 44.7, Max: 44.7, Diff: 0.1, Sum: 357.4]
      [Termination (ms): Min: 0.0, Avg: 0.0, Max: 0.0, Diff: 0.0, Sum: 0.0]
         [Termination Attempts: Min: 1, Avg: 5.0, Max: 8, Diff: 7, Sum: 40]
      [GC Worker Other (ms): Min: 0.0, Avg: 0.0, Max: 0.1, Diff: 0.0, Sum: 0.2]
      [GC Worker Total (ms): Min: 55.4, Avg: 55.4, Max: 55.5, Diff: 0.2, Sum: 443.5]
      [GC Worker End (ms): Min: 140675.7, Avg: 140675.8, Max: 140675.8, Diff: 0.0]
   [Code Root Fixup: 0.0 ms]
   [Code Root Purge: 0.0 ms]
   [Clear CT: 0.2 ms]
   [Other: 0.6 ms]
      [Choose CSet: 0.0 ms]
      [Ref Proc: 0.1 ms]
      [Ref Enq: 0.0 ms]
      [Redirty Cards: 0.2 ms]
      [Humongous Register: 0.0 ms]
      [Humongous Reclaim: 0.0 ms]
      [Free CSet: 0.1 ms]
   [Eden: 123.0M(123.0M)->0.0B(139.0M) Survivors: 10.0M->17.0M Heap: 163.5M(2048.0M)->156.0M(2048.0M)]
 [Times: user=0.50 sys=0.00, real=0.06 secs] 
2020-09-29T12:32:23.483+0200: 140.742: [GC pause (G1 Evacuation Pause) (young), 0.0899084 secs]
   [Parallel Time: 86.1 ms, GC Workers: 8]
      [GC Worker Start (ms): Min: 140742.5, Avg: 140742.5, Max: 140742.6, Diff: 0.1]
      [Ext Root Scanning (ms): Min: 0.0, Avg: 0.1, Max: 0.1, Diff: 0.1, Sum: 0.6]
      [Update RS (ms): Min: 6.8, Avg: 6.9, Max: 7.2, Diff: 0.3, Sum: 55.5]
         [Processed Buffers: Min: 8, Avg: 9.8, Max: 11, Diff: 3, Sum: 78]
      [Scan RS (ms): Min: 7.1, Avg: 9.5, Max: 24.8, Diff: 17.7, Sum: 76.4]
      [Code Root Scanning (ms): Min: 0.0, Avg: 0.0, Max: 0.0, Diff: 0.0, Sum: 0.0]
      [Object Copy (ms): Min: 54.1, Avg: 69.3, Max: 71.6, Diff: 17.5, Sum: 554.7]
      [Termination (ms): Min: 0.0, Avg: 0.1, Max: 0.1, Diff: 0.1, Sum: 0.6]
         [Termination Attempts: Min: 1, Avg: 538.3, Max: 677, Diff: 676, Sum: 4306]
      [GC Worker Other (ms): Min: 0.0, Avg: 0.0, Max: 0.1, Diff: 0.0, Sum: 0.2]
      [GC Worker Total (ms): Min: 85.9, Avg: 86.0, Max: 86.1, Diff: 0.1, Sum: 688.0]
      [GC Worker End (ms): Min: 140828.5, Avg: 140828.5, Max: 140828.5, Diff: 0.0]
   [Code Root Fixup: 0.0 ms]
   [Code Root Purge: 0.0 ms]
   [Clear CT: 0.2 ms]
   [Other: 3.6 ms]
      [Choose CSet: 0.0 ms]
      [Ref Proc: 0.3 ms]
      [Ref Enq: 0.0 ms]
      [Redirty Cards: 1.6 ms]
      [Humongous Register: 0.0 ms]
      [Humongous Reclaim: 0.0 ms]
      [Free CSet: 1.2 ms]
   [Eden: 133.0M(133.0M)->0.0B(163.0M) Survivors: 17.0M->19.0M Heap: 311.9M(2048.0M)->313.9M(2048.0M)]
 [Times: user=0.72 sys=0.00, real=0.09 secs] 
2020-09-29T12:32:23.683+0200: 140.942: [GC pause (G1 Evacuation Pause) (young), 0.0901260 secs]
   [Parallel Time: 89.0 ms, GC Workers: 8]
      [GC Worker Start (ms): Min: 140941.9, Avg: 140942.0, Max: 140942.3, Diff: 0.4]
      [Ext Root Scanning (ms): Min: 0.0, Avg: 0.1, Max: 0.2, Diff: 0.2, Sum: 0.8]
      [Update RS (ms): Min: 9.7, Avg: 9.9, Max: 10.2, Diff: 0.5, Sum: 79.2]
         [Processed Buffers: Min: 7, Avg: 9.8, Max: 14, Diff: 7, Sum: 78]
      [Scan RS (ms): Min: 8.8, Avg: 9.3, Max: 9.6, Diff: 0.8, Sum: 74.3]
      [Code Root Scanning (ms): Min: 0.0, Avg: 0.0, Max: 0.0, Diff: 0.0, Sum: 0.0]
      [Object Copy (ms): Min: 69.3, Avg: 69.4, Max: 69.5, Diff: 0.2, Sum: 555.4]
      [Termination (ms): Min: 0.0, Avg: 0.0, Max: 0.0, Diff: 0.0, Sum: 0.2]
         [Termination Attempts: Min: 1, Avg: 151.9, Max: 187, Diff: 186, Sum: 1215]
      [GC Worker Other (ms): Min: 0.0, Avg: 0.0, Max: 0.0, Diff: 0.0, Sum: 0.2]
      [GC Worker Total (ms): Min: 88.5, Avg: 88.8, Max: 88.9, Diff: 0.4, Sum: 710.2]
      [GC Worker End (ms): Min: 141030.8, Avg: 141030.8, Max: 141030.8, Diff: 0.0]
   [Code Root Fixup: 0.0 ms]
   [Code Root Purge: 0.0 ms]
   [Clear CT: 0.2 ms]
   [Other: 1.0 ms]
      [Choose CSet: 0.0 ms]
      [Ref Proc: 0.2 ms]
      [Ref Enq: 0.0 ms]
      [Redirty Cards: 0.2 ms]
      [Humongous Register: 0.1 ms]
      [Humongous Reclaim: 0.0 ms]
      [Free CSet: 0.2 ms]
   [Eden: 163.0M(163.0M)->0.0B(184.0M) Survivors: 19.0M->23.0M Heap: 503.6M(2048.0M)->505.6M(2048.0M)]
 [Times: user=0.74 sys=0.00, real=0.09 secs] 
2020-09-29T12:32:23.879+0200: 141.138: [GC pause (G1 Evacuation Pause) (young), 0.0962262 secs]
   [Parallel Time: 94.9 ms, GC Workers: 8]
      [GC Worker Start (ms): Min: 141138.2, Avg: 141138.2, Max: 141138.3, Diff: 0.1]
      [Ext Root Scanning (ms): Min: 0.0, Avg: 0.1, Max: 0.1, Diff: 0.1, Sum: 0.5]
      [Update RS (ms): Min: 7.9, Avg: 8.2, Max: 8.4, Diff: 0.5, Sum: 65.5]
         [Processed Buffers: Min: 10, Avg: 10.6, Max: 13, Diff: 3, Sum: 85]
      [Scan RS (ms): Min: 9.8, Avg: 10.1, Max: 10.4, Diff: 0.6, Sum: 80.7]
      [Code Root Scanning (ms): Min: 0.0, Avg: 0.0, Max: 0.0, Diff: 0.0, Sum: 0.0]
      [Object Copy (ms): Min: 76.3, Avg: 76.4, Max: 76.4, Diff: 0.1, Sum: 610.8]
      [Termination (ms): Min: 0.0, Avg: 0.0, Max: 0.0, Diff: 0.0, Sum: 0.0]
         [Termination Attempts: Min: 1, Avg: 6.3, Max: 12, Diff: 11, Sum: 50]
      [GC Worker Other (ms): Min: 0.0, Avg: 0.0, Max: 0.1, Diff: 0.0, Sum: 0.3]
      [GC Worker Total (ms): Min: 94.7, Avg: 94.7, Max: 94.8, Diff: 0.1, Sum: 757.8]
      [GC Worker End (ms): Min: 141232.9, Avg: 141233.0, Max: 141233.0, Diff: 0.0]
   [Code Root Fixup: 0.0 ms]
   [Code Root Purge: 0.0 ms]
   [Clear CT: 0.2 ms]
   [Other: 1.1 ms]
      [Choose CSet: 0.0 ms]
      [Ref Proc: 0.2 ms]
      [Ref Enq: 0.0 ms]
      [Redirty Cards: 0.5 ms]
      [Humongous Register: 0.0 ms]
      [Humongous Reclaim: 0.0 ms]
      [Free CSet: 0.2 ms]
   [Eden: 184.0M(184.0M)->0.0B(209.0M) Survivors: 23.0M->26.0M Heap: 720.1M(2048.0M)->722.1M(2048.0M)]
 [Times: user=0.88 sys=0.00, real=0.10 secs] 
2020-09-29T12:32:24.091+0200: 141.351: [GC pause (G1 Evacuation Pause) (young), 0.1165694 secs]
   [Parallel Time: 115.5 ms, GC Workers: 8]
      [GC Worker Start (ms): Min: 141350.6, Avg: 141350.7, Max: 141350.8, Diff: 0.1]
      [Ext Root Scanning (ms): Min: 0.0, Avg: 0.1, Max: 0.1, Diff: 0.1, Sum: 0.6]
      [Update RS (ms): Min: 10.3, Avg: 10.5, Max: 10.7, Diff: 0.4, Sum: 84.2]
         [Processed Buffers: Min: 6, Avg: 10.4, Max: 13, Diff: 7, Sum: 83]
      [Scan RS (ms): Min: 12.0, Avg: 12.1, Max: 12.4, Diff: 0.5, Sum: 97.2]
      [Code Root Scanning (ms): Min: 0.0, Avg: 0.0, Max: 0.0, Diff: 0.0, Sum: 0.0]
      [Object Copy (ms): Min: 92.6, Avg: 92.6, Max: 92.7, Diff: 0.1, Sum: 741.1]
      [Termination (ms): Min: 0.0, Avg: 0.0, Max: 0.0, Diff: 0.0, Sum: 0.0]
         [Termination Attempts: Min: 1, Avg: 21.4, Max: 37, Diff: 36, Sum: 171]
      [GC Worker Other (ms): Min: 0.0, Avg: 0.0, Max: 0.1, Diff: 0.1, Sum: 0.3]
      [GC Worker Total (ms): Min: 115.3, Avg: 115.4, Max: 115.5, Diff: 0.2, Sum: 923.4]
      [GC Worker End (ms): Min: 141466.1, Avg: 141466.1, Max: 141466.1, Diff: 0.0]
   [Code Root Fixup: 0.0 ms]
   [Code Root Purge: 0.0 ms]
   [Clear CT: 0.1 ms]
   [Other: 0.9 ms]
      [Choose CSet: 0.0 ms]
      [Ref Proc: 0.1 ms]
      [Ref Enq: 0.0 ms]
      [Redirty Cards: 0.3 ms]
      [Humongous Register: 0.1 ms]
      [Humongous Reclaim: 0.0 ms]
      [Free CSet: 0.2 ms]
   [Eden: 209.0M(209.0M)->0.0B(226.0M) Survivors: 26.0M->30.0M Heap: 965.4M(2048.0M)->966.9M(2048.0M)]
 [Times: user=0.84 sys=0.03, real=0.12 secs] 
2020-09-29T12:32:24.216+0200: 141.475: [GC pause (G1 Humongous Allocation) (young) (initial-mark), 0.0381234 secs]
   [Parallel Time: 36.7 ms, GC Workers: 8]
      [GC Worker Start (ms): Min: 141475.3, Avg: 141475.4, Max: 141475.4, Diff: 0.1]
      [Ext Root Scanning (ms): Min: 0.0, Avg: 0.1, Max: 0.1, Diff: 0.1, Sum: 0.6]
      [Update RS (ms): Min: 22.3, Avg: 22.5, Max: 22.9, Diff: 0.6, Sum: 179.7]
         [Processed Buffers: Min: 24, Avg: 26.9, Max: 29, Diff: 5, Sum: 215]
      [Scan RS (ms): Min: 1.3, Avg: 1.7, Max: 1.9, Diff: 0.6, Sum: 13.9]
      [Code Root Scanning (ms): Min: 0.0, Avg: 0.0, Max: 0.0, Diff: 0.0, Sum: 0.0]
      [Object Copy (ms): Min: 12.1, Avg: 12.1, Max: 12.1, Diff: 0.1, Sum: 97.0]
      [Termination (ms): Min: 0.0, Avg: 0.0, Max: 0.0, Diff: 0.0, Sum: 0.1]
         [Termination Attempts: Min: 1, Avg: 125.1, Max: 159, Diff: 158, Sum: 1001]
      [GC Worker Other (ms): Min: 0.0, Avg: 0.0, Max: 0.0, Diff: 0.0, Sum: 0.1]
      [GC Worker Total (ms): Min: 36.4, Avg: 36.4, Max: 36.5, Diff: 0.1, Sum: 291.5]
      [GC Worker End (ms): Min: 141511.8, Avg: 141511.8, Max: 141511.8, Diff: 0.0]
   [Code Root Fixup: 0.0 ms]
   [Code Root Purge: 0.0 ms]
   [Clear CT: 0.6 ms]
   [Other: 0.8 ms]
      [Choose CSet: 0.0 ms]
      [Ref Proc: 0.1 ms]
      [Ref Enq: 0.0 ms]
      [Redirty Cards: 0.5 ms]
      [Humongous Register: 0.0 ms]
      [Humongous Reclaim: 0.0 ms]
      [Free CSet: 0.0 ms]
   [Eden: 1024.0K(226.0M)->0.0B(289.0M) Survivors: 30.0M->2048.0K Heap: 967.9M(2048.0M)->969.9M(2048.0M)]
 [Times: user=0.25 sys=0.00, real=0.04 secs] 
2020-09-29T12:32:24.254+0200: 141.513: [GC concurrent-root-region-scan-start]
2020-09-29T12:32:24.254+0200: 141.514: [GC concurrent-root-region-scan-end, 0.0003247 secs]
2020-09-29T12:32:24.254+0200: 141.514: [GC concurrent-mark-start]
2020-09-29T12:32:24.257+0200: 141.516: [GC concurrent-mark-end, 0.0022944 secs]
2020-09-29T12:32:24.257+0200: 141.516: [GC remark 2020-09-29T12:32:24.257+0200: 141.516: [Finalize Marking, 0.0002672 secs] 2020-09-29T12:32:24.257+0200: 141.517: [GC ref-proc, 0.0002801 secs] 2020-09-29T12:32:24.258+0200: 141.517: [Unloading, 0.0004146 secs], 0.0013108 secs]
 [Times: user=0.00 sys=0.00, real=0.00 secs] 
2020-09-29T12:32:24.259+0200: 141.518: [GC cleanup 977M->19M(2048M), 0.0010765 secs]
 [Times: user=0.00 sys=0.00, real=0.00 secs] 
2020-09-29T12:32:24.260+0200: 141.519: [GC concurrent-cleanup-start]
2020-09-29T12:32:24.261+0200: 141.520: [GC concurrent-cleanup-end, 0.0010411 secs]
2020-09-29T12:32:24.421+0200: 141.680: [GC pause (G1 Evacuation Pause) (young), 0.1349896 secs]
   [Parallel Time: 133.9 ms, GC Workers: 8]
      [GC Worker Start (ms): Min: 141680.3, Avg: 141680.4, Max: 141680.5, Diff: 0.2]
      [Ext Root Scanning (ms): Min: 0.0, Avg: 0.1, Max: 0.2, Diff: 0.2, Sum: 0.5]
      [Update RS (ms): Min: 8.9, Avg: 9.1, Max: 9.3, Diff: 0.4, Sum: 72.9]
         [Processed Buffers: Min: 10, Avg: 11.1, Max: 13, Diff: 3, Sum: 89]
      [Scan RS (ms): Min: 17.9, Avg: 18.2, Max: 18.4, Diff: 0.6, Sum: 145.4]
      [Code Root Scanning (ms): Min: 0.0, Avg: 0.0, Max: 0.0, Diff: 0.0, Sum: 0.0]
      [Object Copy (ms): Min: 106.1, Avg: 106.2, Max: 106.3, Diff: 0.2, Sum: 849.9]
      [Termination (ms): Min: 0.0, Avg: 0.0, Max: 0.0, Diff: 0.0, Sum: 0.2]
         [Termination Attempts: Min: 1, Avg: 175.5, Max: 252, Diff: 251, Sum: 1404]
      [GC Worker Other (ms): Min: 0.0, Avg: 0.0, Max: 0.1, Diff: 0.0, Sum: 0.2]
      [GC Worker Total (ms): Min: 133.6, Avg: 133.6, Max: 133.8, Diff: 0.2, Sum: 1069.1]
      [GC Worker End (ms): Min: 141814.0, Avg: 141814.0, Max: 141814.1, Diff: 0.0]
   [Code Root Fixup: 0.0 ms]
   [Code Root Purge: 0.0 ms]
   [Clear CT: 0.2 ms]
   [Other: 0.9 ms]
      [Choose CSet: 0.0 ms]
      [Ref Proc: 0.1 ms]
      [Ref Enq: 0.0 ms]
      [Redirty Cards: 0.2 ms]
      [Humongous Register: 0.0 ms]
      [Humongous Reclaim: 0.0 ms]
      [Free CSet: 0.2 ms]
   [Eden: 289.0M(289.0M)->0.0B(264.0M) Survivors: 2048.0K->37.0M Heap: 350.1M(2048.0M)->350.6M(2048.0M)]
 [Times: user=1.09 sys=0.00, real=0.13 secs] 
2020-09-29T12:32:24.708+0200: 141.967: [GC pause (G1 Evacuation Pause) (young), 0.2115930 secs]
   [Parallel Time: 210.3 ms, GC Workers: 8]
      [GC Worker Start (ms): Min: 141967.0, Avg: 141971.1, Max: 141998.8, Diff: 31.8]
      [Ext Root Scanning (ms): Min: 0.0, Avg: 0.1, Max: 0.2, Diff: 0.2, Sum: 0.7]
      [Update RS (ms): Min: 0.0, Avg: 12.0, Max: 13.9, Diff: 13.9, Sum: 96.4]
         [Processed Buffers: Min: 0, Avg: 14.1, Max: 17, Diff: 17, Sum: 113]
      [Scan RS (ms): Min: 0.0, Avg: 15.0, Max: 17.2, Diff: 17.2, Sum: 119.7]
      [Code Root Scanning (ms): Min: 0.0, Avg: 0.0, Max: 0.0, Diff: 0.0, Sum: 0.0]
      [Object Copy (ms): Min: 178.3, Avg: 178.9, Max: 179.2, Diff: 0.9, Sum: 1431.4]
      [Termination (ms): Min: 0.0, Avg: 0.2, Max: 0.2, Diff: 0.2, Sum: 1.3]
         [Termination Attempts: Min: 1, Avg: 890.8, Max: 1389, Diff: 1388, Sum: 7126]
      [GC Worker Other (ms): Min: 0.0, Avg: 0.0, Max: 0.1, Diff: 0.1, Sum: 0.2]
      [GC Worker Total (ms): Min: 178.5, Avg: 206.2, Max: 210.2, Diff: 31.7, Sum: 1649.7]
      [GC Worker End (ms): Min: 142177.3, Avg: 142177.3, Max: 142177.3, Diff: 0.0]
   [Code Root Fixup: 0.0 ms]
   [Code Root Purge: 0.0 ms]
   [Clear CT: 0.2 ms]
   [Other: 1.0 ms]
      [Choose CSet: 0.0 ms]
      [Ref Proc: 0.2 ms]
      [Ref Enq: 0.0 ms]
      [Redirty Cards: 0.3 ms]
      [Humongous Register: 0.1 ms]
      [Humongous Reclaim: 0.0 ms]
      [Free CSet: 0.3 ms]
   [Eden: 264.0M(264.0M)->0.0B(229.0M) Survivors: 37.0M->38.0M Heap: 658.5M(2048.0M)->660.0M(2048.0M)]
 [Times: user=1.42 sys=0.00, real=0.21 secs] 
2020-09-29T12:32:25.053+0200: 142.312: [GC pause (G1 Evacuation Pause) (young), 0.1878837 secs]
   [Parallel Time: 187.0 ms, GC Workers: 8]
      [GC Worker Start (ms): Min: 142311.9, Avg: 142311.9, Max: 142312.0, Diff: 0.1]
      [Ext Root Scanning (ms): Min: 0.0, Avg: 0.1, Max: 0.1, Diff: 0.1, Sum: 0.6]
      [Update RS (ms): Min: 11.9, Avg: 14.4, Max: 31.8, Diff: 19.9, Sum: 115.2]
         [Processed Buffers: Min: 0, Avg: 13.8, Max: 17, Diff: 17, Sum: 110]
      [Scan RS (ms): Min: 0.0, Avg: 12.1, Max: 13.9, Diff: 13.9, Sum: 97.1]
      [Code Root Scanning (ms): Min: 0.0, Avg: 0.0, Max: 0.0, Diff: 0.0, Sum: 0.0]
      [Object Copy (ms): Min: 154.6, Avg: 159.9, Max: 161.0, Diff: 6.4, Sum: 1278.8]
      [Termination (ms): Min: 0.0, Avg: 0.4, Max: 0.6, Diff: 0.5, Sum: 3.1]
         [Termination Attempts: Min: 1, Avg: 2745.9, Max: 3854, Diff: 3853, Sum: 21967]
      [GC Worker Other (ms): Min: 0.0, Avg: 0.0, Max: 0.0, Diff: 0.0, Sum: 0.1]
      [GC Worker Total (ms): Min: 186.8, Avg: 186.9, Max: 186.9, Diff: 0.1, Sum: 1494.9]
      [GC Worker End (ms): Min: 142498.8, Avg: 142498.8, Max: 142498.8, Diff: 0.0]
   [Code Root Fixup: 0.0 ms]
   [Code Root Purge: 0.0 ms]
   [Clear CT: 0.2 ms]
   [Other: 0.7 ms]
      [Choose CSet: 0.0 ms]
      [Ref Proc: 0.2 ms]
      [Ref Enq: 0.0 ms]
      [Redirty Cards: 0.2 ms]
      [Humongous Register: 0.1 ms]
      [Humongous Reclaim: 0.0 ms]
      [Free CSet: 0.2 ms]
   [Eden: 229.0M(229.0M)->0.0B(222.0M) Survivors: 38.0M->34.0M Heap: 927.1M(2048.0M)->929.1M(2048.0M)]
 [Times: user=1.30 sys=0.00, real=0.19 secs] 
2020-09-29T12:32:25.300+0200: 142.559: [GC pause (G1 Humongous Allocation) (young) (initial-mark), 0.0709030 secs]
   [Parallel Time: 70.1 ms, GC Workers: 8]
      [GC Worker Start (ms): Min: 142559.0, Avg: 142559.0, Max: 142559.1, Diff: 0.1]
      [Ext Root Scanning (ms): Min: 0.0, Avg: 0.1, Max: 0.2, Diff: 0.2, Sum: 1.0]
      [Update RS (ms): Min: 10.1, Avg: 10.5, Max: 11.3, Diff: 1.1, Sum: 84.4]
         [Processed Buffers: Min: 11, Avg: 12.0, Max: 13, Diff: 2, Sum: 96]
      [Scan RS (ms): Min: 4.1, Avg: 4.8, Max: 5.2, Diff: 1.2, Sum: 38.4]
      [Code Root Scanning (ms): Min: 0.0, Avg: 0.0, Max: 0.0, Diff: 0.0, Sum: 0.0]
      [Object Copy (ms): Min: 54.4, Avg: 54.4, Max: 54.4, Diff: 0.1, Sum: 435.3]
      [Termination (ms): Min: 0.0, Avg: 0.0, Max: 0.0, Diff: 0.0, Sum: 0.0]
         [Termination Attempts: Min: 1, Avg: 7.3, Max: 11, Diff: 10, Sum: 58]
      [GC Worker Other (ms): Min: 0.0, Avg: 0.0, Max: 0.1, Diff: 0.1, Sum: 0.2]
      [GC Worker Total (ms): Min: 69.8, Avg: 69.9, Max: 70.0, Diff: 0.1, Sum: 559.3]
      [GC Worker End (ms): Min: 142628.9, Avg: 142628.9, Max: 142629.0, Diff: 0.1]
   [Code Root Fixup: 0.0 ms]
   [Code Root Purge: 0.0 ms]
   [Clear CT: 0.1 ms]
   [Other: 0.7 ms]
      [Choose CSet: 0.0 ms]
      [Ref Proc: 0.2 ms]
      [Ref Enq: 0.0 ms]
      [Redirty Cards: 0.1 ms]
      [Humongous Register: 0.0 ms]
      [Humongous Reclaim: 0.0 ms]
      [Free CSet: 0.1 ms]
   [Eden: 111.0M(222.0M)->0.0B(260.0M) Survivors: 34.0M->32.0M Heap: 1057.3M(2048.0M)->1058.8M(2048.0M)]
 [Times: user=0.63 sys=0.00, real=0.07 secs] 
2020-09-29T12:32:25.371+0200: 142.630: [GC concurrent-root-region-scan-start]
2020-09-29T12:32:25.381+0200: 142.640: [GC concurrent-root-region-scan-end, 0.0103334 secs]
2020-09-29T12:32:25.381+0200: 142.640: [GC concurrent-mark-start]
2020-09-29T12:32:25.384+0200: 142.643: [GC concurrent-mark-end, 0.0028700 secs]
2020-09-29T12:32:25.384+0200: 142.643: [GC remark 2020-09-29T12:32:25.384+0200: 142.644: [Finalize Marking, 0.0001858 secs] 2020-09-29T12:32:25.384+0200: 142.644: [GC ref-proc, 0.0002711 secs] 2020-09-29T12:32:25.385+0200: 142.644: [Unloading, 0.0003853 secs], 0.0011543 secs]
 [Times: user=0.00 sys=0.00, real=0.00 secs] 
2020-09-29T12:32:25.386+0200: 142.645: [GC cleanup 1089M->72M(2048M), 0.0012015 secs]
 [Times: user=0.00 sys=0.00, real=0.00 secs] 
2020-09-29T12:32:25.387+0200: 142.646: [GC concurrent-cleanup-start]
2020-09-29T12:32:25.388+0200: 142.648: [GC concurrent-cleanup-end, 0.0011908 secs]
2020-09-29T12:32:25.508+0200: 142.767: [GC pause (G1 Evacuation Pause) (young), 0.1292143 secs]
   [Parallel Time: 128.2 ms, GC Workers: 8]
      [GC Worker Start (ms): Min: 142767.0, Avg: 142767.0, Max: 142767.1, Diff: 0.2]
      [Ext Root Scanning (ms): Min: 0.0, Avg: 0.1, Max: 0.2, Diff: 0.2, Sum: 0.6]
      [Update RS (ms): Min: 15.0, Avg: 15.1, Max: 15.5, Diff: 0.5, Sum: 121.0]
         [Processed Buffers: Min: 12, Avg: 15.5, Max: 18, Diff: 6, Sum: 124]
      [Scan RS (ms): Min: 12.0, Avg: 12.4, Max: 12.6, Diff: 0.6, Sum: 98.9]
      [Code Root Scanning (ms): Min: 0.0, Avg: 0.0, Max: 0.0, Diff: 0.0, Sum: 0.0]
      [Object Copy (ms): Min: 100.2, Avg: 100.3, Max: 100.3, Diff: 0.1, Sum: 802.3]
      [Termination (ms): Min: 0.0, Avg: 0.0, Max: 0.1, Diff: 0.1, Sum: 0.3]
         [Termination Attempts: Min: 1, Avg: 239.3, Max: 312, Diff: 311, Sum: 1914]
      [GC Worker Other (ms): Min: 0.0, Avg: 0.0, Max: 0.1, Diff: 0.0, Sum: 0.2]
      [GC Worker Total (ms): Min: 127.8, Avg: 127.9, Max: 128.0, Diff: 0.2, Sum: 1023.4]
      [GC Worker End (ms): Min: 142895.0, Avg: 142895.0, Max: 142895.0, Diff: 0.0]
   [Code Root Fixup: 0.0 ms]
   [Code Root Purge: 0.0 ms]
   [Clear CT: 0.2 ms]
   [Other: 0.9 ms]
      [Choose CSet: 0.0 ms]
      [Ref Proc: 0.2 ms]
      [Ref Enq: 0.0 ms]
      [Redirty Cards: 0.2 ms]
      [Humongous Register: 0.0 ms]
      [Humongous Reclaim: 0.0 ms]
      [Free CSet: 0.2 ms]
   [Eden: 260.0M(260.0M)->0.0B(280.0M) Survivors: 32.0M->37.0M Heap: 345.9M(2048.0M)->314.9M(2048.0M)]
 [Times: user=1.00 sys=0.00, real=0.13 secs] 
2020-09-29T12:32:25.813+0200: 143.072: [GC pause (G1 Evacuation Pause) (young), 0.1509927 secs]
   [Parallel Time: 149.8 ms, GC Workers: 8]
      [GC Worker Start (ms): Min: 143072.0, Avg: 143072.1, Max: 143072.2, Diff: 0.2]
      [Ext Root Scanning (ms): Min: 0.0, Avg: 0.1, Max: 0.2, Diff: 0.2, Sum: 0.6]
      [Update RS (ms): Min: 14.7, Avg: 14.9, Max: 15.6, Diff: 0.9, Sum: 119.4]
         [Processed Buffers: Min: 16, Avg: 17.5, Max: 20, Diff: 4, Sum: 140]
      [Scan RS (ms): Min: 13.7, Avg: 14.4, Max: 14.6, Diff: 0.9, Sum: 115.4]
      [Code Root Scanning (ms): Min: 0.0, Avg: 0.0, Max: 0.0, Diff: 0.0, Sum: 0.0]
      [Object Copy (ms): Min: 119.9, Avg: 120.1, Max: 120.2, Diff: 0.2, Sum: 960.6]
      [Termination (ms): Min: 0.0, Avg: 0.0, Max: 0.1, Diff: 0.1, Sum: 0.3]
         [Termination Attempts: Min: 1, Avg: 313.8, Max: 395, Diff: 394, Sum: 2510]
      [GC Worker Other (ms): Min: 0.0, Avg: 0.0, Max: 0.1, Diff: 0.0, Sum: 0.3]
      [GC Worker Total (ms): Min: 149.5, Avg: 149.6, Max: 149.7, Diff: 0.2, Sum: 1196.7]
      [GC Worker End (ms): Min: 143221.7, Avg: 143221.7, Max: 143221.7, Diff: 0.0]
   [Code Root Fixup: 0.0 ms]
   [Code Root Purge: 0.0 ms]
   [Clear CT: 0.2 ms]
   [Other: 1.0 ms]
      [Choose CSet: 0.0 ms]
      [Ref Proc: 0.2 ms]
      [Ref Enq: 0.0 ms]
      [Redirty Cards: 0.3 ms]
      [Humongous Register: 0.0 ms]
      [Humongous Reclaim: 0.0 ms]
      [Free CSet: 0.3 ms]
   [Eden: 280.0M(280.0M)->0.0B(287.0M) Survivors: 37.0M->40.0M Heap: 642.6M(2048.0M)->645.6M(2048.0M)]
 [Times: user=1.25 sys=0.00, real=0.15 secs] 
2020-09-29T12:32:26.140+0200: 143.399: [GC pause (G1 Evacuation Pause) (young), 0.1719069 secs]
   [Parallel Time: 170.8 ms, GC Workers: 8]
      [GC Worker Start (ms): Min: 143398.9, Avg: 143399.0, Max: 143399.1, Diff: 0.2]
      [Ext Root Scanning (ms): Min: 0.0, Avg: 0.1, Max: 0.2, Diff: 0.2, Sum: 0.6]
      [Update RS (ms): Min: 19.1, Avg: 19.2, Max: 19.3, Diff: 0.2, Sum: 153.3]
         [Processed Buffers: Min: 18, Avg: 19.6, Max: 22, Diff: 4, Sum: 157]
      [Scan RS (ms): Min: 17.3, Avg: 17.5, Max: 17.7, Diff: 0.4, Sum: 140.0]
      [Code Root Scanning (ms): Min: 0.0, Avg: 0.0, Max: 0.0, Diff: 0.0, Sum: 0.0]
      [Object Copy (ms): Min: 133.6, Avg: 133.8, Max: 133.8, Diff: 0.2, Sum: 1070.2]
      [Termination (ms): Min: 0.0, Avg: 0.1, Max: 0.1, Diff: 0.1, Sum: 0.4]
         [Termination Attempts: Min: 1, Avg: 390.9, Max: 492, Diff: 491, Sum: 3127]
      [GC Worker Other (ms): Min: 0.0, Avg: 0.0, Max: 0.1, Diff: 0.0, Sum: 0.2]
      [GC Worker Total (ms): Min: 170.5, Avg: 170.6, Max: 170.7, Diff: 0.2, Sum: 1364.8]
      [GC Worker End (ms): Min: 143569.6, Avg: 143569.6, Max: 143569.6, Diff: 0.0]
   [Code Root Fixup: 0.0 ms]
   [Code Root Purge: 0.0 ms]
   [Clear CT: 0.2 ms]
   [Other: 0.9 ms]
      [Choose CSet: 0.0 ms]
      [Ref Proc: 0.2 ms]
      [Ref Enq: 0.0 ms]
      [Redirty Cards: 0.2 ms]
      [Humongous Register: 0.1 ms]
      [Humongous Reclaim: 0.0 ms]
      [Free CSet: 0.2 ms]
   [Eden: 287.0M(287.0M)->0.0B(283.0M) Survivors: 40.0M->41.0M Heap: 980.2M(2048.0M)->981.7M(2048.0M)]
 [Times: user=1.17 sys=0.06, real=0.17 secs] 
2020-09-29T12:32:26.330+0200: 143.590: [GC pause (G1 Humongous Allocation) (young) (initial-mark), 0.0499173 secs]
   [Parallel Time: 49.1 ms, GC Workers: 8]
      [GC Worker Start (ms): Min: 143589.9, Avg: 143590.0, Max: 143590.1, Diff: 0.1]
      [Ext Root Scanning (ms): Min: 0.0, Avg: 0.1, Max: 0.2, Diff: 0.2, Sum: 1.0]
      [Update RS (ms): Min: 26.1, Avg: 26.3, Max: 26.5, Diff: 0.4, Sum: 210.6]
         [Processed Buffers: Min: 29, Avg: 30.3, Max: 31, Diff: 2, Sum: 242]
      [Scan RS (ms): Min: 2.8, Avg: 2.9, Max: 3.1, Diff: 0.3, Sum: 23.4]
      [Code Root Scanning (ms): Min: 0.0, Avg: 0.0, Max: 0.0, Diff: 0.0, Sum: 0.0]
      [Object Copy (ms): Min: 19.4, Avg: 19.5, Max: 19.5, Diff: 0.1, Sum: 155.7]
      [Termination (ms): Min: 0.0, Avg: 0.0, Max: 0.0, Diff: 0.0, Sum: 0.2]
         [Termination Attempts: Min: 1, Avg: 142.5, Max: 179, Diff: 178, Sum: 1140]
      [GC Worker Other (ms): Min: 0.0, Avg: 0.0, Max: 0.0, Diff: 0.0, Sum: 0.1]
      [GC Worker Total (ms): Min: 48.8, Avg: 48.9, Max: 48.9, Diff: 0.2, Sum: 391.0]
      [GC Worker End (ms): Min: 143638.8, Avg: 143638.8, Max: 143638.8, Diff: 0.0]
   [Code Root Fixup: 0.0 ms]
   [Code Root Purge: 0.0 ms]
   [Clear CT: 0.2 ms]
   [Other: 0.7 ms]
      [Choose CSet: 0.0 ms]
      [Ref Proc: 0.2 ms]
      [Ref Enq: 0.0 ms]
      [Redirty Cards: 0.2 ms]
      [Humongous Register: 0.0 ms]
      [Humongous Reclaim: 0.0 ms]
      [Free CSet: 0.1 ms]
   [Eden: 9216.0K(283.0M)->0.0B(330.0M) Survivors: 41.0M->11.0M Heap: 990.2M(2048.0M)->995.2M(2048.0M)]
 [Times: user=0.50 sys=0.00, real=0.05 secs] 
2020-09-29T12:32:26.381+0200: 143.640: [GC concurrent-root-region-scan-start]
2020-09-29T12:32:26.382+0200: 143.642: [GC concurrent-root-region-scan-end, 0.0017712 secs]
2020-09-29T12:32:26.382+0200: 143.642: [GC concurrent-mark-start]
2020-09-29T12:32:26.385+0200: 143.644: [GC concurrent-mark-end, 0.0024372 secs]
2020-09-29T12:32:26.385+0200: 143.644: [GC remark 2020-09-29T12:32:26.385+0200: 143.644: [Finalize Marking, 0.0002032 secs] 2020-09-29T12:32:26.385+0200: 143.644: [GC ref-proc, 0.0003175 secs] 2020-09-29T12:32:26.386+0200: 143.645: [Unloading, 0.0003835 secs], 0.0012200 secs]
 [Times: user=0.00 sys=0.00, real=0.00 secs] 
2020-09-29T12:32:26.387+0200: 143.646: [GC cleanup 1006M->31M(2048M), 0.0011651 secs]
 [Times: user=0.00 sys=0.00, real=0.00 secs] 
2020-09-29T12:32:26.388+0200: 143.647: [GC concurrent-cleanup-start]
2020-09-29T12:32:26.389+0200: 143.648: [GC concurrent-cleanup-end, 0.0012517 secs]
2020-09-29T12:32:26.569+0200: 143.829: [GC pause (G1 Evacuation Pause) (young), 0.1870690 secs]
   [Parallel Time: 185.9 ms, GC Workers: 8]
      [GC Worker Start (ms): Min: 143828.8, Avg: 143832.5, Max: 143855.6, Diff: 26.8]
      [Ext Root Scanning (ms): Min: 0.0, Avg: 0.0, Max: 0.1, Diff: 0.1, Sum: 0.4]
      [Update RS (ms): Min: 0.0, Avg: 17.5, Max: 20.9, Diff: 20.9, Sum: 140.4]
         [Processed Buffers: Min: 0, Avg: 18.6, Max: 23, Diff: 23, Sum: 149]
      [Scan RS (ms): Min: 14.9, Avg: 20.5, Max: 21.5, Diff: 6.5, Sum: 163.8]
      [Code Root Scanning (ms): Min: 0.0, Avg: 0.0, Max: 0.0, Diff: 0.0, Sum: 0.0]
      [Object Copy (ms): Min: 143.6, Avg: 143.8, Max: 144.0, Diff: 0.4, Sum: 1150.1]
      [Termination (ms): Min: 0.0, Avg: 0.2, Max: 0.2, Diff: 0.2, Sum: 1.6]
         [Termination Attempts: Min: 1, Avg: 1497.8, Max: 1806, Diff: 1805, Sum: 11982]
      [GC Worker Other (ms): Min: 0.0, Avg: 0.0, Max: 0.1, Diff: 0.1, Sum: 0.3]
      [GC Worker Total (ms): Min: 159.0, Avg: 182.1, Max: 185.7, Diff: 26.7, Sum: 1456.6]
      [GC Worker End (ms): Min: 144014.5, Avg: 144014.5, Max: 144014.6, Diff: 0.0]
   [Code Root Fixup: 0.0 ms]
   [Code Root Purge: 0.0 ms]
   [Clear CT: 0.2 ms]
   [Other: 1.0 ms]
      [Choose CSet: 0.0 ms]
      [Ref Proc: 0.1 ms]
      [Ref Enq: 0.0 ms]
      [Redirty Cards: 0.3 ms]
      [Humongous Register: 0.0 ms]
      [Humongous Reclaim: 0.0 ms]
      [Free CSet: 0.3 ms]
   [Eden: 330.0M(330.0M)->0.0B(287.0M) Survivors: 11.0M->43.0M Heap: 406.3M(2048.0M)->397.3M(2048.0M)]
 [Times: user=1.42 sys=0.06, real=0.19 secs] 
2020-09-29T12:32:26.919+0200: 144.178: [GC pause (G1 Evacuation Pause) (young), 0.2115197 secs]
   [Parallel Time: 210.0 ms, GC Workers: 8]
      [GC Worker Start (ms): Min: 144178.0, Avg: 144178.1, Max: 144178.2, Diff: 0.2]
      [Ext Root Scanning (ms): Min: 0.0, Avg: 0.1, Max: 0.2, Diff: 0.2, Sum: 0.5]
      [Update RS (ms): Min: 18.5, Avg: 19.9, Max: 28.1, Diff: 9.7, Sum: 159.1]
         [Processed Buffers: Min: 0, Avg: 19.1, Max: 24, Diff: 24, Sum: 153]
      [Scan RS (ms): Min: 6.5, Avg: 18.4, Max: 45.1, Diff: 38.5, Sum: 147.3]
      [Code Root Scanning (ms): Min: 0.0, Avg: 0.0, Max: 0.0, Diff: 0.0, Sum: 0.0]
      [Object Copy (ms): Min: 145.6, Avg: 171.0, Max: 174.6, Diff: 29.0, Sum: 1367.7]
      [Termination (ms): Min: 0.0, Avg: 0.2, Max: 0.2, Diff: 0.2, Sum: 1.3]
         [Termination Attempts: Min: 1, Avg: 1081.9, Max: 1388, Diff: 1387, Sum: 8655]
      [GC Worker Other (ms): Min: 0.0, Avg: 0.0, Max: 0.0, Diff: 0.0, Sum: 0.1]
      [GC Worker Total (ms): Min: 209.4, Avg: 209.5, Max: 209.6, Diff: 0.2, Sum: 1676.2]
      [GC Worker End (ms): Min: 144387.6, Avg: 144387.6, Max: 144387.6, Diff: 0.0]
   [Code Root Fixup: 0.0 ms]
   [Code Root Purge: 0.0 ms]
   [Clear CT: 0.5 ms]
   [Other: 1.0 ms]
      [Choose CSet: 0.0 ms]
      [Ref Proc: 0.2 ms]
      [Ref Enq: 0.0 ms]
      [Redirty Cards: 0.3 ms]
      [Humongous Register: 0.0 ms]
      [Humongous Reclaim: 0.0 ms]
      [Free CSet: 0.3 ms]
   [Eden: 287.0M(287.0M)->0.0B(256.0M) Survivors: 43.0M->42.0M Heap: 732.0M(2048.0M)->733.5M(2048.0M)]
 [Times: user=1.48 sys=0.00, real=0.21 secs] 
2020-09-29T12:32:27.273+0200: 144.531: [GC pause (G1 Evacuation Pause) (young), 0.1402460 secs]
   [Parallel Time: 139.2 ms, GC Workers: 8]
      [GC Worker Start (ms): Min: 144531.5, Avg: 144531.5, Max: 144531.6, Diff: 0.1]
      [Ext Root Scanning (ms): Min: 0.0, Avg: 0.1, Max: 0.1, Diff: 0.1, Sum: 0.5]
      [Update RS (ms): Min: 17.5, Avg: 17.5, Max: 17.8, Diff: 0.3, Sum: 140.2]
         [Processed Buffers: Min: 21, Avg: 22.4, Max: 25, Diff: 4, Sum: 179]
      [Scan RS (ms): Min: 10.5, Avg: 10.7, Max: 10.8, Diff: 0.3, Sum: 85.8]
      [Code Root Scanning (ms): Min: 0.0, Avg: 0.0, Max: 0.0, Diff: 0.0, Sum: 0.0]
      [Object Copy (ms): Min: 110.6, Avg: 110.6, Max: 110.7, Diff: 0.1, Sum: 885.1]
      [Termination (ms): Min: 0.0, Avg: 0.1, Max: 0.1, Diff: 0.1, Sum: 0.6]
         [Termination Attempts: Min: 1, Avg: 524.9, Max: 642, Diff: 641, Sum: 4199]
      [GC Worker Other (ms): Min: 0.0, Avg: 0.0, Max: 0.1, Diff: 0.0, Sum: 0.2]
      [GC Worker Total (ms): Min: 139.0, Avg: 139.1, Max: 139.1, Diff: 0.1, Sum: 1112.4]
      [GC Worker End (ms): Min: 144670.6, Avg: 144670.6, Max: 144670.6, Diff: 0.0]
   [Code Root Fixup: 0.0 ms]
   [Code Root Purge: 0.0 ms]
   [Clear CT: 0.2 ms]
   [Other: 0.8 ms]
      [Choose CSet: 0.0 ms]
      [Ref Proc: 0.2 ms]
      [Ref Enq: 0.0 ms]
      [Redirty Cards: 0.2 ms]
      [Humongous Register: 0.0 ms]
      [Humongous Reclaim: 0.0 ms]
      [Free CSet: 0.2 ms]
   [Eden: 256.0M(256.0M)->0.0B(281.0M) Survivors: 42.0M->38.0M Heap: 1033.4M(2048.0M)->1034.9M(2048.0M)]
 [Times: user=1.13 sys=0.00, real=0.14 secs] 
2020-09-29T12:32:27.417+0200: 144.676: [GC pause (G1 Humongous Allocation) (young) (initial-mark), 0.0767458 secs]
   [Parallel Time: 75.9 ms, GC Workers: 8]
      [GC Worker Start (ms): Min: 144676.2, Avg: 144676.2, Max: 144676.4, Diff: 0.2]
      [Ext Root Scanning (ms): Min: 0.0, Avg: 2.6, Max: 20.1, Diff: 20.1, Sum: 21.0]
      [Update RS (ms): Min: 32.8, Avg: 42.4, Max: 44.0, Diff: 11.2, Sum: 339.0]
         [Processed Buffers: Min: 26, Avg: 46.3, Max: 54, Diff: 28, Sum: 370]
      [Scan RS (ms): Min: 0.0, Avg: 0.7, Max: 1.0, Diff: 1.0, Sum: 5.8]
      [Code Root Scanning (ms): Min: 0.0, Avg: 0.0, Max: 0.0, Diff: 0.0, Sum: 0.0]
      [Object Copy (ms): Min: 22.8, Avg: 29.9, Max: 30.9, Diff: 8.2, Sum: 239.0]
      [Termination (ms): Min: 0.0, Avg: 0.1, Max: 0.1, Diff: 0.1, Sum: 0.5]
         [Termination Attempts: Min: 1, Avg: 148.5, Max: 245, Diff: 244, Sum: 1188]
      [GC Worker Other (ms): Min: 0.0, Avg: 0.0, Max: 0.0, Diff: 0.0, Sum: 0.1]
      [GC Worker Total (ms): Min: 75.6, Avg: 75.7, Max: 75.7, Diff: 0.2, Sum: 605.4]
      [GC Worker End (ms): Min: 144751.9, Avg: 144751.9, Max: 144751.9, Diff: 0.0]
   [Code Root Fixup: 0.0 ms]
   [Code Root Purge: 0.0 ms]
   [Clear CT: 0.2 ms]
   [Other: 0.7 ms]
      [Choose CSet: 0.0 ms]
      [Ref Proc: 0.1 ms]
      [Ref Enq: 0.0 ms]
      [Redirty Cards: 0.2 ms]
      [Humongous Register: 0.1 ms]
      [Humongous Reclaim: 0.0 ms]
      [Free CSet: 0.1 ms]
   [Eden: 9216.0K(281.0M)->0.0B(262.0M) Survivors: 38.0M->11.0M Heap: 1043.4M(2048.0M)->1047.9M(2048.0M)]
 [Times: user=0.55 sys=0.00, real=0.08 secs] 
2020-09-29T12:32:27.494+0200: 144.753: [GC concurrent-root-region-scan-start]
2020-09-29T12:32:27.497+0200: 144.756: [GC concurrent-root-region-scan-end, 0.0025673 secs]
2020-09-29T12:32:27.497+0200: 144.756: [GC concurrent-mark-start]
2020-09-29T12:32:27.505+0200: 144.764: [GC concurrent-mark-end, 0.0086983 secs]
2020-09-29T12:32:27.506+0200: 144.764: [GC remark 2020-09-29T12:32:27.506+0200: 144.764: [Finalize Marking, 0.0002051 secs] 2020-09-29T12:32:27.506+0200: 144.765: [GC ref-proc, 0.0004201 secs] 2020-09-29T12:32:27.506+0200: 144.765: [Unloading, 0.0005636 secs], 0.0019373 secs]
 [Times: user=0.00 sys=0.00, real=0.00 secs] 
2020-09-29T12:32:27.508+0200: 144.767: [GC cleanup 1070M->43M(2048M), 0.0015975 secs]
 [Times: user=0.00 sys=0.00, real=0.00 secs] 
2020-09-29T12:32:27.510+0200: 144.769: [GC concurrent-cleanup-start]
2020-09-29T12:32:27.512+0200: 144.771: [GC concurrent-cleanup-end, 0.0022355 secs]
2020-09-29T12:32:27.659+0200: 144.918: [GC pause (G1 Evacuation Pause) (young), 0.1287516 secs]
   [Parallel Time: 127.1 ms, GC Workers: 8]
      [GC Worker Start (ms): Min: 144917.6, Avg: 144917.7, Max: 144917.9, Diff: 0.3]
      [Ext Root Scanning (ms): Min: 0.0, Avg: 0.1, Max: 0.1, Diff: 0.1, Sum: 0.6]
      [Update RS (ms): Min: 17.0, Avg: 17.2, Max: 17.5, Diff: 0.5, Sum: 137.4]
         [Processed Buffers: Min: 19, Avg: 20.5, Max: 22, Diff: 3, Sum: 164]
      [Scan RS (ms): Min: 8.7, Avg: 9.1, Max: 9.2, Diff: 0.5, Sum: 72.7]
      [Code Root Scanning (ms): Min: 0.0, Avg: 0.0, Max: 0.0, Diff: 0.0, Sum: 0.0]
      [Object Copy (ms): Min: 100.5, Avg: 100.6, Max: 100.6, Diff: 0.1, Sum: 804.6]
      [Termination (ms): Min: 0.0, Avg: 0.0, Max: 0.0, Diff: 0.0, Sum: 0.3]
         [Termination Attempts: Min: 1, Avg: 258.0, Max: 321, Diff: 320, Sum: 2064]
      [GC Worker Other (ms): Min: 0.0, Avg: 0.0, Max: 0.1, Diff: 0.1, Sum: 0.3]
      [GC Worker Total (ms): Min: 126.8, Avg: 127.0, Max: 127.1, Diff: 0.3, Sum: 1015.8]
      [GC Worker End (ms): Min: 145044.6, Avg: 145044.7, Max: 145044.7, Diff: 0.1]
   [Code Root Fixup: 0.0 ms]
   [Code Root Purge: 0.0 ms]
   [Clear CT: 0.3 ms]
   [Other: 1.3 ms]
      [Choose CSet: 0.0 ms]
      [Ref Proc: 0.2 ms]
      [Ref Enq: 0.0 ms]
      [Redirty Cards: 0.3 ms]
      [Humongous Register: 0.0 ms]
      [Humongous Reclaim: 0.0 ms]
      [Free CSet: 0.6 ms]
   [Eden: 262.0M(262.0M)->0.0B(272.0M) Survivors: 11.0M->35.0M Heap: 326.9M(2048.0M)->317.9M(2048.0M)]
 [Times: user=1.09 sys=0.03, real=0.13 secs] 
2020-09-29T12:32:27.934+0200: 145.193: [GC pause (G1 Evacuation Pause) (young), 0.1789436 secs]
   [Parallel Time: 177.2 ms, GC Workers: 8]
      [GC Worker Start (ms): Min: 145193.4, Avg: 145193.4, Max: 145193.5, Diff: 0.2]
      [Ext Root Scanning (ms): Min: 0.0, Avg: 0.1, Max: 0.1, Diff: 0.1, Sum: 0.5]
      [Update RS (ms): Min: 20.6, Avg: 22.1, Max: 31.8, Diff: 11.2, Sum: 176.6]
         [Processed Buffers: Min: 0, Avg: 21.9, Max: 26, Diff: 26, Sum: 175]
      [Scan RS (ms): Min: 1.7, Avg: 11.5, Max: 13.0, Diff: 11.3, Sum: 91.8]
      [Code Root Scanning (ms): Min: 0.0, Avg: 0.0, Max: 0.0, Diff: 0.0, Sum: 0.0]
      [Object Copy (ms): Min: 143.2, Avg: 143.3, Max: 143.3, Diff: 0.1, Sum: 1146.2]
      [Termination (ms): Min: 0.0, Avg: 0.0, Max: 0.1, Diff: 0.1, Sum: 0.3]
         [Termination Attempts: Min: 1, Avg: 292.6, Max: 386, Diff: 385, Sum: 2341]
      [GC Worker Other (ms): Min: 0.0, Avg: 0.0, Max: 0.1, Diff: 0.1, Sum: 0.3]
      [GC Worker Total (ms): Min: 176.9, Avg: 177.0, Max: 177.1, Diff: 0.2, Sum: 1415.8]
      [GC Worker End (ms): Min: 145370.4, Avg: 145370.4, Max: 145370.4, Diff: 0.1]
   [Code Root Fixup: 0.0 ms]
   [Code Root Purge: 0.0 ms]
   [Clear CT: 0.3 ms]
   [Other: 1.5 ms]
      [Choose CSet: 0.0 ms]
      [Ref Proc: 0.2 ms]
      [Ref Enq: 0.0 ms]
      [Redirty Cards: 0.9 ms]
      [Humongous Register: 0.0 ms]
      [Humongous Reclaim: 0.0 ms]
      [Free CSet: 0.2 ms]
   [Eden: 272.0M(272.0M)->0.0B(266.0M) Survivors: 35.0M->39.0M Heap: 635.6M(2048.0M)->637.1M(2048.0M)]
 [Times: user=1.34 sys=0.00, real=0.18 secs] 
2020-09-29T12:32:28.272+0200: 145.531: [GC pause (G1 Evacuation Pause) (young), 0.1554159 secs]
   [Parallel Time: 154.3 ms, GC Workers: 8]
      [GC Worker Start (ms): Min: 145530.9, Avg: 145531.0, Max: 145531.2, Diff: 0.3]
      [Ext Root Scanning (ms): Min: 0.0, Avg: 0.1, Max: 0.2, Diff: 0.2, Sum: 0.6]
      [Update RS (ms): Min: 15.4, Avg: 15.7, Max: 16.5, Diff: 1.1, Sum: 125.9]
         [Processed Buffers: Min: 18, Avg: 18.6, Max: 20, Diff: 2, Sum: 149]
      [Scan RS (ms): Min: 12.5, Avg: 13.2, Max: 13.5, Diff: 1.0, Sum: 105.5]
      [Code Root Scanning (ms): Min: 0.0, Avg: 0.0, Max: 0.0, Diff: 0.0, Sum: 0.0]
      [Object Copy (ms): Min: 124.9, Avg: 124.9, Max: 125.1, Diff: 0.2, Sum: 999.6]
      [Termination (ms): Min: 0.0, Avg: 0.1, Max: 0.2, Diff: 0.2, Sum: 0.9]
         [Termination Attempts: Min: 1, Avg: 779.9, Max: 1098, Diff: 1097, Sum: 6239]
      [GC Worker Other (ms): Min: 0.0, Avg: 0.0, Max: 0.1, Diff: 0.0, Sum: 0.3]
      [GC Worker Total (ms): Min: 153.9, Avg: 154.1, Max: 154.2, Diff: 0.3, Sum: 1232.8]
      [GC Worker End (ms): Min: 145685.1, Avg: 145685.1, Max: 145685.2, Diff: 0.0]
   [Code Root Fixup: 0.0 ms]
   [Code Root Purge: 0.0 ms]
   [Clear CT: 0.2 ms]
   [Other: 0.9 ms]
      [Choose CSet: 0.0 ms]
      [Ref Proc: 0.2 ms]
      [Ref Enq: 0.0 ms]
      [Redirty Cards: 0.2 ms]
      [Humongous Register: 0.0 ms]
      [Humongous Reclaim: 0.0 ms]
      [Free CSet: 0.3 ms]
   [Eden: 266.0M(266.0M)->0.0B(278.0M) Survivors: 39.0M->39.0M Heap: 947.0M(2048.0M)->949.0M(2048.0M)]
 [Times: user=1.16 sys=0.02, real=0.15 secs] 
2020-09-29T12:32:28.442+0200: 145.701: [GC pause (G1 Humongous Allocation) (young) (initial-mark), 0.0843638 secs]
   [Parallel Time: 83.4 ms, GC Workers: 8]
      [GC Worker Start (ms): Min: 145701.0, Avg: 145701.1, Max: 145701.2, Diff: 0.2]
      [Ext Root Scanning (ms): Min: 0.0, Avg: 1.2, Max: 6.1, Diff: 6.1, Sum: 9.8]
      [Update RS (ms): Min: 30.6, Avg: 35.6, Max: 37.0, Diff: 6.5, Sum: 285.1]
         [Processed Buffers: Min: 33, Avg: 39.3, Max: 45, Diff: 12, Sum: 314]
      [Scan RS (ms): Min: 2.2, Avg: 2.6, Max: 2.8, Diff: 0.6, Sum: 20.4]
      [Code Root Scanning (ms): Min: 0.0, Avg: 0.0, Max: 0.0, Diff: 0.0, Sum: 0.0]
      [Object Copy (ms): Min: 43.2, Avg: 43.3, Max: 43.7, Diff: 0.5, Sum: 346.6]
      [Termination (ms): Min: 0.0, Avg: 0.4, Max: 0.5, Diff: 0.5, Sum: 3.0]
         [Termination Attempts: Min: 1, Avg: 2590.9, Max: 3412, Diff: 3411, Sum: 20727]
      [GC Worker Other (ms): Min: 0.0, Avg: 0.0, Max: 0.0, Diff: 0.0, Sum: 0.2]
      [GC Worker Total (ms): Min: 83.0, Avg: 83.1, Max: 83.3, Diff: 0.2, Sum: 665.2]
      [GC Worker End (ms): Min: 145784.2, Avg: 145784.2, Max: 145784.3, Diff: 0.0]
   [Code Root Fixup: 0.0 ms]
   [Code Root Purge: 0.0 ms]
   [Clear CT: 0.1 ms]
   [Other: 0.8 ms]
      [Choose CSet: 0.0 ms]
      [Ref Proc: 0.2 ms]
      [Ref Enq: 0.0 ms]
      [Redirty Cards: 0.1 ms]
      [Humongous Register: 0.1 ms]
      [Humongous Reclaim: 0.0 ms]
      [Free CSet: 0.1 ms]
   [Eden: 25.0M(278.0M)->0.0B(239.0M) Survivors: 39.0M->26.0M Heap: 977.3M(2048.0M)->979.8M(2048.0M)]
 [Times: user=0.63 sys=0.05, real=0.08 secs] 
2020-09-29T12:32:28.526+0200: 145.785: [GC concurrent-root-region-scan-start]
2020-09-29T12:32:28.532+0200: 145.791: [GC concurrent-root-region-scan-end, 0.0055615 secs]
2020-09-29T12:32:28.532+0200: 145.791: [GC concurrent-mark-start]
2020-09-29T12:32:28.535+0200: 145.793: [GC concurrent-mark-end, 0.0027046 secs]
2020-09-29T12:32:28.535+0200: 145.794: [GC remark 2020-09-29T12:32:28.535+0200: 145.794: [Finalize Marking, 0.0001930 secs] 2020-09-29T12:32:28.535+0200: 145.794: [GC ref-proc, 0.0003074 secs] 2020-09-29T12:32:28.536+0200: 145.794: [Unloading, 0.0004153 secs], 0.0012924 secs]
 [Times: user=0.02 sys=0.00, real=0.00 secs] 
2020-09-29T12:32:28.537+0200: 145.796: [GC cleanup 1000M->56M(2048M), 0.0016723 secs]
 [Times: user=0.00 sys=0.00, real=0.00 secs] 
2020-09-29T12:32:28.538+0200: 145.797: [GC concurrent-cleanup-start]
2020-09-29T12:32:28.542+0200: 145.800: [GC concurrent-cleanup-end, 0.0030758 secs]
2020-09-29T12:32:28.652+0200: 145.911: [GC pause (G1 Evacuation Pause) (young), 0.1123449 secs]
   [Parallel Time: 111.3 ms, GC Workers: 8]
      [GC Worker Start (ms): Min: 145911.2, Avg: 145911.3, Max: 145911.4, Diff: 0.2]
      [Ext Root Scanning (ms): Min: 0.0, Avg: 0.1, Max: 0.2, Diff: 0.2, Sum: 0.6]
      [Update RS (ms): Min: 17.8, Avg: 18.0, Max: 18.4, Diff: 0.5, Sum: 144.1]
         [Processed Buffers: Min: 21, Avg: 21.6, Max: 23, Diff: 2, Sum: 173]
      [Scan RS (ms): Min: 6.6, Avg: 7.0, Max: 7.2, Diff: 0.6, Sum: 55.7]
      [Code Root Scanning (ms): Min: 0.0, Avg: 0.0, Max: 0.0, Diff: 0.0, Sum: 0.0]
      [Object Copy (ms): Min: 86.0, Avg: 86.0, Max: 86.1, Diff: 0.1, Sum: 688.3]
      [Termination (ms): Min: 0.0, Avg: 0.0, Max: 0.0, Diff: 0.0, Sum: 0.0]
         [Termination Attempts: Min: 1, Avg: 32.4, Max: 45, Diff: 44, Sum: 259]
      [GC Worker Other (ms): Min: 0.0, Avg: 0.0, Max: 0.1, Diff: 0.1, Sum: 0.3]
      [GC Worker Total (ms): Min: 111.1, Avg: 111.1, Max: 111.2, Diff: 0.2, Sum: 889.1]
      [GC Worker End (ms): Min: 146022.4, Avg: 146022.5, Max: 146022.5, Diff: 0.1]
   [Code Root Fixup: 0.0 ms]
   [Code Root Purge: 0.0 ms]
   [Clear CT: 0.2 ms]
   [Other: 0.8 ms]
      [Choose CSet: 0.0 ms]
      [Ref Proc: 0.2 ms]
      [Ref Enq: 0.0 ms]
      [Redirty Cards: 0.2 ms]
      [Humongous Register: 0.0 ms]
      [Humongous Reclaim: 0.0 ms]
      [Free CSet: 0.2 ms]
   [Eden: 239.0M(239.0M)->0.0B(269.0M) Survivors: 26.0M->34.0M Heap: 315.1M(2048.0M)->290.6M(2048.0M)]
 [Times: user=0.88 sys=0.00, real=0.11 secs] 
2020-09-29T12:32:28.924+0200: 146.183: [GC pause (G1 Evacuation Pause) (young), 0.1431023 secs]
   [Parallel Time: 140.6 ms, GC Workers: 8]
      [GC Worker Start (ms): Min: 146183.1, Avg: 146183.2, Max: 146183.2, Diff: 0.1]
      [Ext Root Scanning (ms): Min: 0.0, Avg: 0.1, Max: 0.1, Diff: 0.1, Sum: 0.5]
      [Update RS (ms): Min: 17.7, Avg: 17.9, Max: 18.4, Diff: 0.7, Sum: 143.1]
         [Processed Buffers: Min: 20, Avg: 21.9, Max: 26, Diff: 6, Sum: 175]
      [Scan RS (ms): Min: 10.8, Avg: 11.3, Max: 11.5, Diff: 0.6, Sum: 90.5]
      [Code Root Scanning (ms): Min: 0.0, Avg: 0.0, Max: 0.0, Diff: 0.0, Sum: 0.0]
      [Object Copy (ms): Min: 111.1, Avg: 111.1, Max: 111.1, Diff: 0.1, Sum: 888.7]
      [Termination (ms): Min: 0.0, Avg: 0.0, Max: 0.0, Diff: 0.0, Sum: 0.0]
         [Termination Attempts: Min: 1, Avg: 15.6, Max: 26, Diff: 25, Sum: 125]
      [GC Worker Other (ms): Min: 0.0, Avg: 0.0, Max: 0.1, Diff: 0.0, Sum: 0.2]
      [GC Worker Total (ms): Min: 140.3, Avg: 140.4, Max: 140.5, Diff: 0.1, Sum: 1123.2]
      [GC Worker End (ms): Min: 146323.6, Avg: 146323.6, Max: 146323.6, Diff: 0.0]
   [Code Root Fixup: 0.0 ms]
   [Code Root Purge: 0.0 ms]
   [Clear CT: 0.4 ms]
   [Other: 2.1 ms]
      [Choose CSet: 0.0 ms]
      [Ref Proc: 0.2 ms]
      [Ref Enq: 0.0 ms]
      [Redirty Cards: 1.3 ms]
      [Humongous Register: 0.0 ms]
      [Humongous Reclaim: 0.0 ms]
      [Free CSet: 0.2 ms]
   [Eden: 269.0M(269.0M)->0.0B(282.0M) Survivors: 34.0M->38.0M Heap: 605.3M(2048.0M)->606.3M(2048.0M)]
 [Times: user=1.13 sys=0.00, real=0.14 secs] 
2020-09-29T12:32:29.218+0200: 146.477: [GC pause (G1 Evacuation Pause) (young), 0.1551465 secs]
   [Parallel Time: 154.1 ms, GC Workers: 8]
      [GC Worker Start (ms): Min: 146477.1, Avg: 146477.2, Max: 146477.3, Diff: 0.2]
      [Ext Root Scanning (ms): Min: 0.0, Avg: 0.1, Max: 0.1, Diff: 0.1, Sum: 0.5]
      [Update RS (ms): Min: 21.6, Avg: 21.7, Max: 21.7, Diff: 0.1, Sum: 173.4]
         [Processed Buffers: Min: 23, Avg: 25.0, Max: 27, Diff: 4, Sum: 200]
      [Scan RS (ms): Min: 12.6, Avg: 12.7, Max: 12.8, Diff: 0.2, Sum: 101.8]
      [Code Root Scanning (ms): Min: 0.0, Avg: 0.0, Max: 0.0, Diff: 0.0, Sum: 0.0]
      [Object Copy (ms): Min: 119.2, Avg: 119.3, Max: 119.4, Diff: 0.1, Sum: 954.5]
      [Termination (ms): Min: 0.0, Avg: 0.0, Max: 0.0, Diff: 0.0, Sum: 0.3]
         [Termination Attempts: Min: 1, Avg: 240.3, Max: 300, Diff: 299, Sum: 1922]
      [GC Worker Other (ms): Min: 0.0, Avg: 0.0, Max: 0.1, Diff: 0.0, Sum: 0.3]
      [GC Worker Total (ms): Min: 153.8, Avg: 153.8, Max: 153.9, Diff: 0.2, Sum: 1230.7]
      [GC Worker End (ms): Min: 146631.0, Avg: 146631.0, Max: 146631.1, Diff: 0.0]
   [Code Root Fixup: 0.0 ms]
   [Code Root Purge: 0.0 ms]
   [Clear CT: 0.2 ms]
   [Other: 0.9 ms]
      [Choose CSet: 0.0 ms]
      [Ref Proc: 0.2 ms]
      [Ref Enq: 0.0 ms]
      [Redirty Cards: 0.3 ms]
      [Humongous Register: 0.0 ms]
      [Humongous Reclaim: 0.0 ms]
      [Free CSet: 0.2 ms]
   [Eden: 282.0M(282.0M)->0.0B(293.0M) Survivors: 38.0M->40.0M Heap: 936.0M(2048.0M)->937.5M(2048.0M)]
 [Times: user=1.25 sys=0.00, real=0.15 secs] 
2020-09-29T12:32:29.433+0200: 146.692: [GC pause (G1 Humongous Allocation) (young) (initial-mark), 0.0756866 secs]
   [Parallel Time: 74.7 ms, GC Workers: 8]
      [GC Worker Start (ms): Min: 146692.6, Avg: 146692.7, Max: 146692.8, Diff: 0.2]
      [Ext Root Scanning (ms): Min: 0.0, Avg: 0.1, Max: 0.2, Diff: 0.2, Sum: 0.9]
      [Update RS (ms): Min: 17.2, Avg: 17.6, Max: 18.0, Diff: 0.8, Sum: 141.1]
         [Processed Buffers: Min: 20, Avg: 20.8, Max: 22, Diff: 2, Sum: 166]
      [Scan RS (ms): Min: 2.2, Avg: 2.6, Max: 3.0, Diff: 0.8, Sum: 20.6]
      [Code Root Scanning (ms): Min: 0.0, Avg: 0.0, Max: 0.0, Diff: 0.0, Sum: 0.0]
      [Object Copy (ms): Min: 54.2, Avg: 54.2, Max: 54.2, Diff: 0.1, Sum: 433.6]
      [Termination (ms): Min: 0.0, Avg: 0.0, Max: 0.1, Diff: 0.1, Sum: 0.4]
         [Termination Attempts: Min: 1, Avg: 34.4, Max: 59, Diff: 58, Sum: 275]
      [GC Worker Other (ms): Min: 0.0, Avg: 0.0, Max: 0.0, Diff: 0.0, Sum: 0.1]
      [GC Worker Total (ms): Min: 74.5, Avg: 74.6, Max: 74.7, Diff: 0.2, Sum: 596.5]
      [GC Worker End (ms): Min: 146767.2, Avg: 146767.3, Max: 146767.3, Diff: 0.0]
   [Code Root Fixup: 0.0 ms]
   [Code Root Purge: 0.0 ms]
   [Clear CT: 0.2 ms]
   [Other: 0.8 ms]
      [Choose CSet: 0.0 ms]
      [Ref Proc: 0.2 ms]
      [Ref Enq: 0.0 ms]
      [Redirty Cards: 0.2 ms]
      [Humongous Register: 0.0 ms]
      [Humongous Reclaim: 0.0 ms]
      [Free CSet: 0.1 ms]
   [Eden: 103.0M(293.0M)->0.0B(317.0M) Survivors: 40.0M->42.0M Heap: 1055.8M(2048.0M)->1057.3M(2048.0M)]
 [Times: user=0.63 sys=0.00, real=0.08 secs] 
2020-09-29T12:32:29.509+0200: 146.768: [GC concurrent-root-region-scan-start]
2020-09-29T12:32:29.519+0200: 146.778: [GC concurrent-root-region-scan-end, 0.0098788 secs]
2020-09-29T12:32:29.519+0200: 146.778: [GC concurrent-mark-start]
2020-09-29T12:32:29.521+0200: 146.781: [GC concurrent-mark-end, 0.0025151 secs]
2020-09-29T12:32:29.522+0200: 146.781: [GC remark 2020-09-29T12:32:29.522+0200: 146.781: [Finalize Marking, 0.0002102 secs] 2020-09-29T12:32:29.522+0200: 146.781: [GC ref-proc, 0.0002916 secs] 2020-09-29T12:32:29.522+0200: 146.782: [Unloading, 0.0004630 secs], 0.0013265 secs]
 [Times: user=0.00 sys=0.00, real=0.00 secs] 
2020-09-29T12:32:29.523+0200: 146.783: [GC cleanup 1084M->78M(2048M), 0.0011695 secs]
 [Times: user=0.00 sys=0.00, real=0.00 secs] 
2020-09-29T12:32:29.524+0200: 146.784: [GC concurrent-cleanup-start]
2020-09-29T12:32:29.526+0200: 146.786: [GC concurrent-cleanup-end, 0.0017310 secs]
2020-09-29T12:32:29.684+0200: 146.943: [GC pause (G1 Evacuation Pause) (young), 0.1551628 secs]
   [Parallel Time: 153.9 ms, GC Workers: 8]
      [GC Worker Start (ms): Min: 146942.9, Avg: 146943.0, Max: 146943.1, Diff: 0.2]
      [Ext Root Scanning (ms): Min: 0.0, Avg: 0.1, Max: 0.1, Diff: 0.1, Sum: 0.6]
      [Update RS (ms): Min: 24.6, Avg: 24.8, Max: 25.0, Diff: 0.5, Sum: 198.0]
         [Processed Buffers: Min: 28, Avg: 28.8, Max: 30, Diff: 2, Sum: 230]
      [Scan RS (ms): Min: 9.3, Avg: 9.5, Max: 9.8, Diff: 0.5, Sum: 76.4]
      [Code Root Scanning (ms): Min: 0.0, Avg: 0.0, Max: 0.0, Diff: 0.0, Sum: 0.0]
      [Object Copy (ms): Min: 119.1, Avg: 119.2, Max: 119.3, Diff: 0.2, Sum: 953.6]
      [Termination (ms): Min: 0.0, Avg: 0.1, Max: 0.1, Diff: 0.1, Sum: 0.6]
         [Termination Attempts: Min: 1, Avg: 434.4, Max: 533, Diff: 532, Sum: 3475]
      [GC Worker Other (ms): Min: 0.0, Avg: 0.0, Max: 0.1, Diff: 0.1, Sum: 0.3]
      [GC Worker Total (ms): Min: 153.6, Avg: 153.7, Max: 153.8, Diff: 0.2, Sum: 1229.5]
      [GC Worker End (ms): Min: 147096.7, Avg: 147096.7, Max: 147096.7, Diff: 0.1]
   [Code Root Fixup: 0.0 ms]
   [Code Root Purge: 0.0 ms]
   [Clear CT: 0.3 ms]
   [Other: 1.0 ms]
      [Choose CSet: 0.0 ms]
      [Ref Proc: 0.2 ms]
      [Ref Enq: 0.0 ms]
      [Redirty Cards: 0.2 ms]
      [Humongous Register: 0.0 ms]
      [Humongous Reclaim: 0.0 ms]
      [Free CSet: 0.2 ms]
   [Eden: 317.0M(317.0M)->0.0B(329.0M) Survivors: 42.0M->45.0M Heap: 422.4M(2048.0M)->382.4M(2048.0M)]
 [Times: user=1.24 sys=0.00, real=0.15 secs] 
2020-09-29T12:32:30.010+0200: 147.269: [GC pause (G1 Evacuation Pause) (young), 0.1781760 secs]
   [Parallel Time: 176.8 ms, GC Workers: 8]
      [GC Worker Start (ms): Min: 147269.2, Avg: 147269.3, Max: 147269.4, Diff: 0.2]
      [Ext Root Scanning (ms): Min: 0.0, Avg: 0.1, Max: 0.2, Diff: 0.2, Sum: 0.5]
      [Update RS (ms): Min: 20.0, Avg: 20.1, Max: 20.3, Diff: 0.4, Sum: 160.8]
         [Processed Buffers: Min: 23, Avg: 24.1, Max: 26, Diff: 3, Sum: 193]
      [Scan RS (ms): Min: 17.3, Avg: 17.5, Max: 17.7, Diff: 0.4, Sum: 140.2]
      [Code Root Scanning (ms): Min: 0.0, Avg: 0.0, Max: 0.0, Diff: 0.0, Sum: 0.0]
      [Object Copy (ms): Min: 138.4, Avg: 138.9, Max: 139.1, Diff: 0.7, Sum: 1111.3]
      [Termination (ms): Min: 0.0, Avg: 0.0, Max: 0.0, Diff: 0.0, Sum: 0.1]
         [Termination Attempts: Min: 1, Avg: 63.0, Max: 87, Diff: 86, Sum: 504]
      [GC Worker Other (ms): Min: 0.0, Avg: 0.0, Max: 0.1, Diff: 0.1, Sum: 0.3]
      [GC Worker Total (ms): Min: 176.5, Avg: 176.6, Max: 176.7, Diff: 0.2, Sum: 1413.1]
      [GC Worker End (ms): Min: 147445.9, Avg: 147446.0, Max: 147446.0, Diff: 0.0]
   [Code Root Fixup: 0.0 ms]
   [Code Root Purge: 0.0 ms]
   [Clear CT: 0.2 ms]
   [Other: 1.2 ms]
      [Choose CSet: 0.0 ms]
      [Ref Proc: 0.1 ms]
      [Ref Enq: 0.0 ms]
      [Redirty Cards: 0.3 ms]
      [Humongous Register: 0.0 ms]
      [Humongous Reclaim: 0.0 ms]
      [Free CSet: 0.4 ms]
   [Eden: 329.0M(329.0M)->0.0B(319.0M) Survivors: 45.0M->47.0M Heap: 766.7M(2048.0M)->768.2M(2048.0M)]
 [Times: user=1.38 sys=0.00, real=0.18 secs] 
2020-09-29T12:32:30.382+0200: 147.642: [GC pause (G1 Evacuation Pause) (young), 0.1740931 secs]
   [Parallel Time: 173.0 ms, GC Workers: 8]
      [GC Worker Start (ms): Min: 147641.9, Avg: 147642.0, Max: 147642.1, Diff: 0.2]
      [Ext Root Scanning (ms): Min: 0.0, Avg: 0.0, Max: 0.2, Diff: 0.2, Sum: 0.4]
      [Update RS (ms): Min: 17.9, Avg: 18.0, Max: 18.0, Diff: 0.1, Sum: 143.9]
         [Processed Buffers: Min: 20, Avg: 20.9, Max: 23, Diff: 3, Sum: 167]
      [Scan RS (ms): Min: 16.8, Avg: 16.9, Max: 17.0, Diff: 0.2, Sum: 135.0]
      [Code Root Scanning (ms): Min: 0.0, Avg: 0.0, Max: 0.0, Diff: 0.0, Sum: 0.0]
      [Object Copy (ms): Min: 137.6, Avg: 137.8, Max: 137.8, Diff: 0.2, Sum: 1102.1]
      [Termination (ms): Min: 0.0, Avg: 0.0, Max: 0.0, Diff: 0.0, Sum: 0.1]
         [Termination Attempts: Min: 1, Avg: 38.3, Max: 49, Diff: 48, Sum: 306]
      [GC Worker Other (ms): Min: 0.0, Avg: 0.1, Max: 0.1, Diff: 0.0, Sum: 0.5]
      [GC Worker Total (ms): Min: 172.7, Avg: 172.7, Max: 172.9, Diff: 0.2, Sum: 1382.0]
      [GC Worker End (ms): Min: 147814.7, Avg: 147814.8, Max: 147814.8, Diff: 0.0]
   [Code Root Fixup: 0.0 ms]
   [Code Root Purge: 0.0 ms]
   [Clear CT: 0.2 ms]
   [Other: 0.9 ms]
      [Choose CSet: 0.0 ms]
      [Ref Proc: 0.2 ms]
      [Ref Enq: 0.0 ms]
      [Redirty Cards: 0.2 ms]
      [Humongous Register: 0.0 ms]
      [Humongous Reclaim: 0.0 ms]
      [Free CSet: 0.2 ms]
   [Eden: 319.0M(319.0M)->0.0B(317.0M) Survivors: 47.0M->46.0M Heap: 1140.6M(2048.0M)->1142.1M(2048.0M)]
 [Times: user=1.36 sys=0.02, real=0.17 secs] 
2020-09-29T12:32:30.561+0200: 147.820: [GC pause (G1 Humongous Allocation) (young) (initial-mark), 0.0773395 secs]
   [Parallel Time: 75.2 ms, GC Workers: 8]
      [GC Worker Start (ms): Min: 147820.4, Avg: 147820.5, Max: 147820.6, Diff: 0.2]
      [Ext Root Scanning (ms): Min: 0.0, Avg: 0.1, Max: 0.2, Diff: 0.2, Sum: 1.0]
      [Update RS (ms): Min: 47.7, Avg: 48.0, Max: 48.5, Diff: 0.8, Sum: 384.0]
         [Processed Buffers: Min: 54, Avg: 57.6, Max: 60, Diff: 6, Sum: 461]
      [Scan RS (ms): Min: 0.5, Avg: 1.0, Max: 1.6, Diff: 1.1, Sum: 7.6]
      [Code Root Scanning (ms): Min: 0.0, Avg: 0.0, Max: 0.0, Diff: 0.0, Sum: 0.0]
      [Object Copy (ms): Min: 25.7, Avg: 26.0, Max: 26.1, Diff: 0.4, Sum: 208.1]
      [Termination (ms): Min: 0.0, Avg: 0.0, Max: 0.1, Diff: 0.1, Sum: 0.4]
         [Termination Attempts: Min: 1, Avg: 341.8, Max: 417, Diff: 416, Sum: 2734]
      [GC Worker Other (ms): Min: 0.0, Avg: 0.0, Max: 0.0, Diff: 0.0, Sum: 0.1]
      [GC Worker Total (ms): Min: 75.1, Avg: 75.1, Max: 75.2, Diff: 0.2, Sum: 601.2]
      [GC Worker End (ms): Min: 147895.6, Avg: 147895.6, Max: 147895.6, Diff: 0.0]
   [Code Root Fixup: 0.0 ms]
   [Code Root Purge: 0.0 ms]
   [Clear CT: 0.2 ms]
   [Other: 1.9 ms]
      [Choose CSet: 0.0 ms]
      [Ref Proc: 0.2 ms]
      [Ref Enq: 0.0 ms]
      [Redirty Cards: 1.2 ms]
      [Humongous Register: 0.1 ms]
      [Humongous Reclaim: 0.0 ms]
      [Free CSet: 0.1 ms]
   [Eden: 8192.0K(317.0M)->0.0B(317.0M) Survivors: 46.0M->11.0M Heap: 1150.1M(2048.0M)->1154.6M(2048.0M)]
 [Times: user=0.63 sys=0.00, real=0.08 secs] 
2020-09-29T12:32:30.638+0200: 147.898: [GC concurrent-root-region-scan-start]
2020-09-29T12:32:30.643+0200: 147.903: [GC concurrent-root-region-scan-end, 0.0052025 secs]
2020-09-29T12:32:30.644+0200: 147.903: [GC concurrent-mark-start]
2020-09-29T12:32:30.647+0200: 147.907: [GC concurrent-mark-end, 0.0038636 secs]
2020-09-29T12:32:30.648+0200: 147.907: [GC remark 2020-09-29T12:32:30.648+0200: 147.907: [Finalize Marking, 0.0001445 secs] 2020-09-29T12:32:30.648+0200: 147.907: [GC ref-proc, 0.0003717 secs] 2020-09-29T12:32:30.648+0200: 147.908: [Unloading, 0.0005284 secs], 0.0014591 secs]
 [Times: user=0.00 sys=0.00, real=0.00 secs] 
2020-09-29T12:32:30.649+0200: 147.909: [GC cleanup 1168M->33M(2048M), 0.0017834 secs]
 [Times: user=0.00 sys=0.00, real=0.00 secs] 
2020-09-29T12:32:30.651+0200: 147.911: [GC concurrent-cleanup-start]
2020-09-29T12:32:30.656+0200: 147.915: [GC concurrent-cleanup-end, 0.0042875 secs]
2020-09-29T12:32:30.832+0200: 148.091: [GC pause (G1 Evacuation Pause) (young), 0.1541721 secs]
   [Parallel Time: 152.9 ms, GC Workers: 8]
      [GC Worker Start (ms): Min: 148091.3, Avg: 148091.4, Max: 148091.5, Diff: 0.2]
      [Ext Root Scanning (ms): Min: 0.0, Avg: 0.1, Max: 0.2, Diff: 0.2, Sum: 0.5]
      [Update RS (ms): Min: 16.3, Avg: 16.5, Max: 16.8, Diff: 0.5, Sum: 131.7]
         [Processed Buffers: Min: 19, Avg: 20.1, Max: 21, Diff: 2, Sum: 161]
      [Scan RS (ms): Min: 12.1, Avg: 12.5, Max: 12.7, Diff: 0.5, Sum: 99.7]
      [Code Root Scanning (ms): Min: 0.0, Avg: 0.0, Max: 0.0, Diff: 0.0, Sum: 0.0]
      [Object Copy (ms): Min: 123.4, Avg: 123.5, Max: 123.6, Diff: 0.3, Sum: 987.8]
      [Termination (ms): Min: 0.0, Avg: 0.2, Max: 0.2, Diff: 0.2, Sum: 1.5]
         [Termination Attempts: Min: 1, Avg: 1233.8, Max: 1580, Diff: 1579, Sum: 9870]
      [GC Worker Other (ms): Min: 0.0, Avg: 0.0, Max: 0.1, Diff: 0.1, Sum: 0.3]
      [GC Worker Total (ms): Min: 152.6, Avg: 152.7, Max: 152.8, Diff: 0.2, Sum: 1221.5]
      [GC Worker End (ms): Min: 148244.1, Avg: 148244.1, Max: 148244.1, Diff: 0.1]
   [Code Root Fixup: 0.0 ms]
   [Code Root Purge: 0.0 ms]
   [Clear CT: 0.3 ms]
   [Other: 1.0 ms]
      [Choose CSet: 0.0 ms]
      [Ref Proc: 0.1 ms]
      [Ref Enq: 0.0 ms]
      [Redirty Cards: 0.2 ms]
      [Humongous Register: 0.0 ms]
      [Humongous Reclaim: 0.0 ms]
      [Free CSet: 0.4 ms]
   [Eden: 317.0M(317.0M)->0.0B(307.0M) Survivors: 11.0M->41.0M Heap: 390.9M(2048.0M)->382.9M(2048.0M)]
 [Times: user=1.14 sys=0.00, real=0.15 secs] 
2020-09-29T12:32:31.155+0200: 148.414: [GC pause (G1 Evacuation Pause) (young), 0.1616861 secs]
   [Parallel Time: 160.5 ms, GC Workers: 8]
      [GC Worker Start (ms): Min: 148414.1, Avg: 148414.3, Max: 148414.3, Diff: 0.2]
      [Ext Root Scanning (ms): Min: 0.0, Avg: 0.1, Max: 0.2, Diff: 0.2, Sum: 0.5]
      [Update RS (ms): Min: 16.4, Avg: 16.6, Max: 17.1, Diff: 0.7, Sum: 132.6]
         [Processed Buffers: Min: 19, Avg: 20.4, Max: 21, Diff: 2, Sum: 163]
      [Scan RS (ms): Min: 14.8, Avg: 15.3, Max: 15.6, Diff: 0.8, Sum: 122.4]
      [Code Root Scanning (ms): Min: 0.0, Avg: 0.0, Max: 0.0, Diff: 0.0, Sum: 0.0]
      [Object Copy (ms): Min: 128.1, Avg: 128.2, Max: 128.3, Diff: 0.2, Sum: 1025.5]
      [Termination (ms): Min: 0.0, Avg: 0.1, Max: 0.1, Diff: 0.1, Sum: 0.6]
         [Termination Attempts: Min: 1, Avg: 430.5, Max: 527, Diff: 526, Sum: 3444]
      [GC Worker Other (ms): Min: 0.0, Avg: 0.0, Max: 0.1, Diff: 0.0, Sum: 0.3]
      [GC Worker Total (ms): Min: 160.2, Avg: 160.2, Max: 160.4, Diff: 0.2, Sum: 1281.9]
      [GC Worker End (ms): Min: 148574.5, Avg: 148574.5, Max: 148574.5, Diff: 0.0]
   [Code Root Fixup: 0.0 ms]
   [Code Root Purge: 0.0 ms]
   [Clear CT: 0.1 ms]
   [Other: 1.1 ms]
      [Choose CSet: 0.0 ms]
      [Ref Proc: 0.2 ms]
      [Ref Enq: 0.0 ms]
      [Redirty Cards: 0.3 ms]
      [Humongous Register: 0.0 ms]
      [Humongous Reclaim: 0.0 ms]
      [Free CSet: 0.3 ms]
   [Eden: 307.0M(307.0M)->0.0B(312.0M) Survivors: 41.0M->44.0M Heap: 741.4M(2048.0M)->743.9M(2048.0M)]
 [Times: user=1.26 sys=0.00, real=0.16 secs] 
2020-09-29T12:32:31.483+0200: 148.742: [GC pause (G1 Evacuation Pause) (young), 0.1757991 secs]
   [Parallel Time: 174.8 ms, GC Workers: 8]
      [GC Worker Start (ms): Min: 148742.0, Avg: 148742.1, Max: 148742.2, Diff: 0.2]
      [Ext Root Scanning (ms): Min: 0.0, Avg: 0.1, Max: 0.2, Diff: 0.2, Sum: 0.5]
      [Update RS (ms): Min: 17.1, Avg: 17.4, Max: 17.7, Diff: 0.5, Sum: 139.1]
         [Processed Buffers: Min: 19, Avg: 20.5, Max: 22, Diff: 3, Sum: 164]
      [Scan RS (ms): Min: 16.0, Avg: 16.3, Max: 16.7, Diff: 0.7, Sum: 130.6]
      [Code Root Scanning (ms): Min: 0.0, Avg: 0.0, Max: 0.0, Diff: 0.0, Sum: 0.0]
      [Object Copy (ms): Min: 140.4, Avg: 140.6, Max: 140.7, Diff: 0.3, Sum: 1124.6]
      [Termination (ms): Min: 0.0, Avg: 0.1, Max: 0.2, Diff: 0.2, Sum: 1.0]
         [Termination Attempts: Min: 1, Avg: 863.9, Max: 1079, Diff: 1078, Sum: 6911]
      [GC Worker Other (ms): Min: 0.0, Avg: 0.0, Max: 0.1, Diff: 0.1, Sum: 0.4]
      [GC Worker Total (ms): Min: 174.4, Avg: 174.5, Max: 174.6, Diff: 0.2, Sum: 1396.1]
      [GC Worker End (ms): Min: 148916.6, Avg: 148916.7, Max: 148916.7, Diff: 0.1]
   [Code Root Fixup: 0.0 ms]
   [Code Root Purge: 0.0 ms]
   [Clear CT: 0.2 ms]
   [Other: 0.9 ms]
      [Choose CSet: 0.0 ms]
      [Ref Proc: 0.1 ms]
      [Ref Enq: 0.0 ms]
      [Redirty Cards: 0.3 ms]
      [Humongous Register: 0.1 ms]
      [Humongous Reclaim: 0.0 ms]
      [Free CSet: 0.3 ms]
   [Eden: 312.0M(312.0M)->0.0B(309.0M) Survivors: 44.0M->45.0M Heap: 1107.4M(2048.0M)->1110.4M(2048.0M)]
 [Times: user=1.36 sys=0.00, real=0.18 secs] 
2020-09-29T12:32:31.660+0200: 148.919: [GC pause (G1 Humongous Allocation) (young) (initial-mark), 0.0844110 secs]
   [Parallel Time: 83.6 ms, GC Workers: 8]
      [GC Worker Start (ms): Min: 148919.3, Avg: 148919.3, Max: 148919.4, Diff: 0.1]
      [Ext Root Scanning (ms): Min: 0.0, Avg: 0.1, Max: 0.1, Diff: 0.1, Sum: 0.7]
      [Update RS (ms): Min: 49.7, Avg: 49.9, Max: 50.0, Diff: 0.4, Sum: 399.2]
         [Processed Buffers: Min: 56, Avg: 59.4, Max: 61, Diff: 5, Sum: 475]
      [Scan RS (ms): Min: 0.0, Avg: 0.0, Max: 0.1, Diff: 0.1, Sum: 0.2]
      [Code Root Scanning (ms): Min: 0.0, Avg: 0.0, Max: 0.0, Diff: 0.0, Sum: 0.0]
      [Object Copy (ms): Min: 33.0, Avg: 33.2, Max: 33.4, Diff: 0.4, Sum: 265.4]
      [Termination (ms): Min: 0.0, Avg: 0.2, Max: 0.3, Diff: 0.3, Sum: 1.4]
         [Termination Attempts: Min: 1, Avg: 1100.5, Max: 1579, Diff: 1578, Sum: 8804]
      [GC Worker Other (ms): Min: 0.0, Avg: 0.0, Max: 0.0, Diff: 0.0, Sum: 0.1]
      [GC Worker Total (ms): Min: 83.3, Avg: 83.4, Max: 83.4, Diff: 0.1, Sum: 666.9]
      [GC Worker End (ms): Min: 149002.7, Avg: 149002.7, Max: 149002.7, Diff: 0.0]
   [Code Root Fixup: 0.0 ms]
   [Code Root Purge: 0.0 ms]
   [Clear CT: 0.2 ms]
   [Other: 0.6 ms]
      [Choose CSet: 0.0 ms]
      [Ref Proc: 0.2 ms]
      [Ref Enq: 0.0 ms]
      [Redirty Cards: 0.1 ms]
      [Humongous Register: 0.1 ms]
      [Humongous Reclaim: 0.0 ms]
      [Free CSet: 0.0 ms]
   [Eden: 3072.0K(309.0M)->0.0B(256.0M) Survivors: 45.0M->4096.0K Heap: 1112.9M(2048.0M)->1116.4M(2048.0M)]
 [Times: user=0.69 sys=0.00, real=0.08 secs] 
2020-09-29T12:32:31.745+0200: 149.004: [GC concurrent-root-region-scan-start]
2020-09-29T12:32:31.746+0200: 149.005: [GC concurrent-root-region-scan-end, 0.0009479 secs]
2020-09-29T12:32:31.746+0200: 149.005: [GC concurrent-mark-start]
2020-09-29T12:32:31.749+0200: 149.008: [GC concurrent-mark-end, 0.0035563 secs]
2020-09-29T12:32:31.750+0200: 149.009: [GC remark 2020-09-29T12:32:31.750+0200: 149.009: [Finalize Marking, 0.0002144 secs] 2020-09-29T12:32:31.750+0200: 149.009: [GC ref-proc, 0.0003886 secs] 2020-09-29T12:32:31.750+0200: 149.009: [Unloading, 0.0004985 secs], 0.0015230 secs]
 [Times: user=0.00 sys=0.00, real=0.00 secs] 
2020-09-29T12:32:31.752+0200: 149.010: [GC cleanup 1128M->25M(2048M), 0.0013780 secs]
 [Times: user=0.00 sys=0.00, real=0.00 secs] 
2020-09-29T12:32:31.753+0200: 149.012: [GC concurrent-cleanup-start]
2020-09-29T12:32:31.755+0200: 149.014: [GC concurrent-cleanup-end, 0.0023223 secs]
2020-09-29T12:32:31.894+0200: 149.153: [GC pause (G1 Evacuation Pause) (young), 0.1254441 secs]
   [Parallel Time: 123.9 ms, GC Workers: 8]
      [GC Worker Start (ms): Min: 149152.9, Avg: 149153.0, Max: 149153.1, Diff: 0.2]
      [Ext Root Scanning (ms): Min: 0.0, Avg: 0.1, Max: 0.2, Diff: 0.1, Sum: 0.5]
      [Update RS (ms): Min: 20.7, Avg: 20.8, Max: 21.0, Diff: 0.3, Sum: 166.5]
         [Processed Buffers: Min: 22, Avg: 24.3, Max: 27, Diff: 5, Sum: 194]
      [Scan RS (ms): Min: 7.6, Avg: 7.8, Max: 7.9, Diff: 0.3, Sum: 62.2]
      [Code Root Scanning (ms): Min: 0.0, Avg: 0.0, Max: 0.0, Diff: 0.0, Sum: 0.0]
      [Object Copy (ms): Min: 94.4, Avg: 94.4, Max: 94.5, Diff: 0.1, Sum: 755.5]
      [Termination (ms): Min: 0.0, Avg: 0.0, Max: 0.0, Diff: 0.0, Sum: 0.2]
         [Termination Attempts: Min: 1, Avg: 121.6, Max: 180, Diff: 179, Sum: 973]
      [GC Worker Other (ms): Min: 0.0, Avg: 0.2, Max: 0.6, Diff: 0.6, Sum: 1.7]
      [GC Worker Total (ms): Min: 123.1, Avg: 123.3, Max: 123.7, Diff: 0.6, Sum: 986.6]
      [GC Worker End (ms): Min: 149276.1, Avg: 149276.4, Max: 149276.7, Diff: 0.6]
   [Code Root Fixup: 0.0 ms]
   [Code Root Purge: 0.0 ms]
   [Clear CT: 0.4 ms]
   [Other: 1.1 ms]
      [Choose CSet: 0.0 ms]
      [Ref Proc: 0.4 ms]
      [Ref Enq: 0.0 ms]
      [Redirty Cards: 0.3 ms]
      [Humongous Register: 0.0 ms]
      [Humongous Reclaim: 0.0 ms]
      [Free CSet: 0.1 ms]
   [Eden: 256.0M(256.0M)->0.0B(263.0M) Survivors: 4096.0K->33.0M Heap: 313.9M(2048.0M)->311.9M(2048.0M)]
 [Times: user=0.98 sys=0.00, real=0.13 secs] 
2020-09-29T12:32:32.160+0200: 149.419: [GC pause (G1 Evacuation Pause) (young), 0.1512815 secs]
   [Parallel Time: 149.7 ms, GC Workers: 8]
      [GC Worker Start (ms): Min: 149419.0, Avg: 149419.1, Max: 149419.2, Diff: 0.2]
      [Ext Root Scanning (ms): Min: 0.0, Avg: 0.1, Max: 0.2, Diff: 0.2, Sum: 0.5]
      [Update RS (ms): Min: 19.5, Avg: 19.6, Max: 19.8, Diff: 0.3, Sum: 157.0]
         [Processed Buffers: Min: 21, Avg: 21.8, Max: 24, Diff: 3, Sum: 174]
      [Scan RS (ms): Min: 12.3, Avg: 12.6, Max: 12.7, Diff: 0.3, Sum: 100.5]
      [Code Root Scanning (ms): Min: 0.0, Avg: 0.0, Max: 0.0, Diff: 0.0, Sum: 0.0]
      [Object Copy (ms): Min: 117.0, Avg: 117.1, Max: 117.2, Diff: 0.2, Sum: 936.7]
      [Termination (ms): Min: 0.0, Avg: 0.1, Max: 0.1, Diff: 0.1, Sum: 0.7]
         [Termination Attempts: Min: 1, Avg: 608.8, Max: 727, Diff: 726, Sum: 4870]
      [GC Worker Other (ms): Min: 0.0, Avg: 0.0, Max: 0.1, Diff: 0.0, Sum: 0.3]
      [GC Worker Total (ms): Min: 149.4, Avg: 149.5, Max: 149.6, Diff: 0.2, Sum: 1195.7]
      [GC Worker End (ms): Min: 149568.5, Avg: 149568.6, Max: 149568.6, Diff: 0.0]
   [Code Root Fixup: 0.0 ms]
   [Code Root Purge: 0.0 ms]
   [Clear CT: 0.2 ms]
   [Other: 1.4 ms]
      [Choose CSet: 0.0 ms]
      [Ref Proc: 0.2 ms]
      [Ref Enq: 0.0 ms]
      [Redirty Cards: 0.7 ms]
      [Humongous Register: 0.0 ms]
      [Humongous Reclaim: 0.0 ms]
      [Free CSet: 0.2 ms]
   [Eden: 263.0M(263.0M)->0.0B(272.0M) Survivors: 33.0M->37.0M Heap: 618.7M(2048.0M)->620.7M(2048.0M)]
 [Times: user=1.23 sys=0.00, real=0.15 secs] 
2020-09-29T12:32:32.452+0200: 149.712: [GC pause (G1 Evacuation Pause) (young), 0.1510907 secs]
   [Parallel Time: 150.0 ms, GC Workers: 8]
      [GC Worker Start (ms): Min: 149711.8, Avg: 149711.9, Max: 149712.0, Diff: 0.2]
      [Ext Root Scanning (ms): Min: 0.0, Avg: 0.1, Max: 0.1, Diff: 0.1, Sum: 0.5]
      [Update RS (ms): Min: 17.8, Avg: 17.9, Max: 18.5, Diff: 0.7, Sum: 143.6]
         [Processed Buffers: Min: 21, Avg: 22.8, Max: 26, Diff: 5, Sum: 182]
      [Scan RS (ms): Min: 11.1, Avg: 11.7, Max: 11.9, Diff: 0.8, Sum: 93.8]
      [Code Root Scanning (ms): Min: 0.0, Avg: 0.0, Max: 0.0, Diff: 0.0, Sum: 0.0]
      [Object Copy (ms): Min: 119.9, Avg: 120.0, Max: 120.0, Diff: 0.1, Sum: 959.7]
      [Termination (ms): Min: 0.0, Avg: 0.1, Max: 0.1, Diff: 0.1, Sum: 0.6]
         [Termination Attempts: Min: 1, Avg: 515.0, Max: 619, Diff: 618, Sum: 4120]
      [GC Worker Other (ms): Min: 0.0, Avg: 0.0, Max: 0.1, Diff: 0.0, Sum: 0.3]
      [GC Worker Total (ms): Min: 149.7, Avg: 149.8, Max: 149.9, Diff: 0.2, Sum: 1198.4]
      [GC Worker End (ms): Min: 149861.7, Avg: 149861.7, Max: 149861.7, Diff: 0.0]
   [Code Root Fixup: 0.0 ms]
   [Code Root Purge: 0.0 ms]
   [Clear CT: 0.1 ms]
   [Other: 0.9 ms]
      [Choose CSet: 0.0 ms]
      [Ref Proc: 0.1 ms]
      [Ref Enq: 0.0 ms]
      [Redirty Cards: 0.2 ms]
      [Humongous Register: 0.0 ms]
      [Humongous Reclaim: 0.0 ms]
      [Free CSet: 0.3 ms]
   [Eden: 272.0M(272.0M)->0.0B(287.0M) Survivors: 37.0M->39.0M Heap: 938.5M(2048.0M)->940.5M(2048.0M)]
 [Times: user=1.23 sys=0.00, real=0.15 secs] 
2020-09-29T12:32:32.649+0200: 149.908: [GC pause (G1 Humongous Allocation) (young) (initial-mark), 0.0694816 secs]
   [Parallel Time: 68.5 ms, GC Workers: 8]
      [GC Worker Start (ms): Min: 149908.5, Avg: 149908.5, Max: 149908.6, Diff: 0.1]
      [Ext Root Scanning (ms): Min: 0.0, Avg: 0.1, Max: 0.1, Diff: 0.1, Sum: 0.6]
      [Update RS (ms): Min: 20.6, Avg: 21.0, Max: 21.4, Diff: 0.8, Sum: 167.6]
         [Processed Buffers: Min: 24, Avg: 24.9, Max: 26, Diff: 2, Sum: 199]
      [Scan RS (ms): Min: 2.0, Avg: 2.4, Max: 2.8, Diff: 0.8, Sum: 19.5]
      [Code Root Scanning (ms): Min: 0.0, Avg: 0.0, Max: 0.0, Diff: 0.0, Sum: 0.0]
      [Object Copy (ms): Min: 44.8, Avg: 44.9, Max: 44.9, Diff: 0.1, Sum: 359.1]
      [Termination (ms): Min: 0.0, Avg: 0.0, Max: 0.0, Diff: 0.0, Sum: 0.1]
         [Termination Attempts: Min: 1, Avg: 59.0, Max: 88, Diff: 87, Sum: 472]
      [GC Worker Other (ms): Min: 0.0, Avg: 0.0, Max: 0.0, Diff: 0.0, Sum: 0.1]
      [GC Worker Total (ms): Min: 68.3, Avg: 68.4, Max: 68.4, Diff: 0.1, Sum: 547.1]
      [GC Worker End (ms): Min: 149976.9, Avg: 149976.9, Max: 149976.9, Diff: 0.0]
   [Code Root Fixup: 0.0 ms]
   [Code Root Purge: 0.0 ms]
   [Clear CT: 0.2 ms]
   [Other: 0.8 ms]
      [Choose CSet: 0.0 ms]
      [Ref Proc: 0.2 ms]
      [Ref Enq: 0.0 ms]
      [Redirty Cards: 0.2 ms]
      [Humongous Register: 0.0 ms]
      [Humongous Reclaim: 0.0 ms]
      [Free CSet: 0.1 ms]
   [Eden: 79.0M(287.0M)->0.0B(311.0M) Survivors: 39.0M->41.0M Heap: 1031.0M(2048.0M)->1033.0M(2048.0M)]
 [Times: user=0.50 sys=0.00, real=0.07 secs] 
2020-09-29T12:32:32.719+0200: 149.978: [GC concurrent-root-region-scan-start]
2020-09-29T12:32:32.727+0200: 149.986: [GC concurrent-root-region-scan-end, 0.0082970 secs]
2020-09-29T12:32:32.727+0200: 149.986: [GC concurrent-mark-start]
2020-09-29T12:32:32.729+0200: 149.989: [GC concurrent-mark-end, 0.0026095 secs]
2020-09-29T12:32:32.730+0200: 149.989: [GC remark 2020-09-29T12:32:32.730+0200: 149.989: [Finalize Marking, 0.0002153 secs] 2020-09-29T12:32:32.730+0200: 149.989: [GC ref-proc, 0.0002815 secs] 2020-09-29T12:32:32.730+0200: 149.990: [Unloading, 0.0004294 secs], 0.0012073 secs]
 [Times: user=0.00 sys=0.00, real=0.00 secs] 
2020-09-29T12:32:32.731+0200: 149.991: [GC cleanup 1056M->74M(2048M), 0.0010800 secs]
 [Times: user=0.00 sys=0.00, real=0.00 secs] 
2020-09-29T12:32:32.732+0200: 149.992: [GC concurrent-cleanup-start]
2020-09-29T12:32:32.733+0200: 149.993: [GC concurrent-cleanup-end, 0.0011039 secs]
2020-09-29T12:32:32.899+0200: 150.158: [GC pause (G1 Evacuation Pause) (young), 0.1478825 secs]
   [Parallel Time: 146.6 ms, GC Workers: 8]
      [GC Worker Start (ms): Min: 150158.2, Avg: 150158.3, Max: 150158.4, Diff: 0.2]
      [Ext Root Scanning (ms): Min: 0.0, Avg: 0.1, Max: 0.2, Diff: 0.2, Sum: 0.5]
      [Update RS (ms): Min: 21.0, Avg: 21.3, Max: 21.7, Diff: 0.7, Sum: 170.2]
         [Processed Buffers: Min: 23, Avg: 25.6, Max: 27, Diff: 4, Sum: 205]
      [Scan RS (ms): Min: 10.2, Avg: 10.6, Max: 10.9, Diff: 0.6, Sum: 85.2]
      [Code Root Scanning (ms): Min: 0.0, Avg: 0.0, Max: 0.0, Diff: 0.0, Sum: 0.0]
      [Object Copy (ms): Min: 113.9, Avg: 114.4, Max: 114.5, Diff: 0.6, Sum: 915.1]
      [Termination (ms): Min: 0.0, Avg: 0.0, Max: 0.0, Diff: 0.0, Sum: 0.1]
         [Termination Attempts: Min: 1, Avg: 53.3, Max: 71, Diff: 70, Sum: 426]
      [GC Worker Other (ms): Min: 0.0, Avg: 0.0, Max: 0.1, Diff: 0.1, Sum: 0.3]
      [GC Worker Total (ms): Min: 146.3, Avg: 146.4, Max: 146.6, Diff: 0.2, Sum: 1171.4]
      [GC Worker End (ms): Min: 150304.7, Avg: 150304.7, Max: 150304.8, Diff: 0.1]
   [Code Root Fixup: 0.0 ms]
   [Code Root Purge: 0.0 ms]
   [Clear CT: 0.2 ms]
   [Other: 1.1 ms]
      [Choose CSet: 0.0 ms]
      [Ref Proc: 0.2 ms]
      [Ref Enq: 0.0 ms]
      [Redirty Cards: 0.2 ms]
      [Humongous Register: 0.0 ms]
      [Humongous Reclaim: 0.0 ms]
      [Free CSet: 0.3 ms]
   [Eden: 311.0M(311.0M)->0.0B(328.0M) Survivors: 41.0M->44.0M Heap: 415.4M(2048.0M)->376.4M(2048.0M)]
 [Times: user=1.11 sys=0.00, real=0.15 secs] 
2020-09-29T12:32:33.224+0200: 150.483: [GC pause (G1 Evacuation Pause) (young), 0.1756990 secs]
   [Parallel Time: 174.4 ms, GC Workers: 8]
      [GC Worker Start (ms): Min: 150483.4, Avg: 150483.5, Max: 150483.6, Diff: 0.2]
      [Ext Root Scanning (ms): Min: 0.0, Avg: 0.1, Max: 0.2, Diff: 0.2, Sum: 0.5]
      [Update RS (ms): Min: 17.4, Avg: 17.6, Max: 17.9, Diff: 0.5, Sum: 141.0]
         [Processed Buffers: Min: 20, Avg: 20.8, Max: 22, Diff: 2, Sum: 166]
      [Scan RS (ms): Min: 17.4, Avg: 17.8, Max: 18.0, Diff: 0.5, Sum: 142.3]
      [Code Root Scanning (ms): Min: 0.0, Avg: 0.0, Max: 0.0, Diff: 0.0, Sum: 0.0]
      [Object Copy (ms): Min: 138.6, Avg: 138.7, Max: 138.8, Diff: 0.2, Sum: 1109.5]
      [Termination (ms): Min: 0.0, Avg: 0.0, Max: 0.0, Diff: 0.0, Sum: 0.2]
         [Termination Attempts: Min: 1, Avg: 198.1, Max: 276, Diff: 275, Sum: 1585]
      [GC Worker Other (ms): Min: 0.0, Avg: 0.0, Max: 0.1, Diff: 0.1, Sum: 0.3]
      [GC Worker Total (ms): Min: 174.2, Avg: 174.2, Max: 174.3, Diff: 0.2, Sum: 1393.9]
      [GC Worker End (ms): Min: 150657.8, Avg: 150657.8, Max: 150657.8, Diff: 0.0]
   [Code Root Fixup: 0.0 ms]
   [Code Root Purge: 0.0 ms]
   [Clear CT: 0.2 ms]
   [Other: 1.0 ms]
      [Choose CSet: 0.0 ms]
      [Ref Proc: 0.3 ms]
      [Ref Enq: 0.0 ms]
      [Redirty Cards: 0.3 ms]
      [Humongous Register: 0.0 ms]
      [Humongous Reclaim: 0.0 ms]
      [Free CSet: 0.2 ms]
   [Eden: 328.0M(328.0M)->0.0B(319.0M) Survivors: 44.0M->47.0M Heap: 757.8M(2048.0M)->760.8M(2048.0M)]
 [Times: user=1.33 sys=0.03, real=0.18 secs] 
2020-09-29T12:32:33.577+0200: 150.836: [GC pause (G1 Evacuation Pause) (young), 0.1890884 secs]
   [Parallel Time: 187.9 ms, GC Workers: 8]
      [GC Worker Start (ms): Min: 150836.4, Avg: 150836.5, Max: 150836.5, Diff: 0.2]
      [Ext Root Scanning (ms): Min: 0.0, Avg: 0.1, Max: 0.2, Diff: 0.2, Sum: 0.5]
      [Update RS (ms): Min: 21.5, Avg: 22.2, Max: 25.7, Diff: 4.2, Sum: 177.4]
         [Processed Buffers: Min: 0, Avg: 20.8, Max: 26, Diff: 26, Sum: 166]
      [Scan RS (ms): Min: 14.2, Avg: 17.8, Max: 18.6, Diff: 4.4, Sum: 142.4]
      [Code Root Scanning (ms): Min: 0.0, Avg: 0.0, Max: 0.0, Diff: 0.0, Sum: 0.0]
      [Object Copy (ms): Min: 147.3, Avg: 147.4, Max: 147.6, Diff: 0.2, Sum: 1179.5]
      [Termination (ms): Min: 0.0, Avg: 0.0, Max: 0.0, Diff: 0.0, Sum: 0.2]
         [Termination Attempts: Min: 1, Avg: 182.9, Max: 235, Diff: 234, Sum: 1463]
      [GC Worker Other (ms): Min: 0.0, Avg: 0.0, Max: 0.1, Diff: 0.1, Sum: 0.4]
      [GC Worker Total (ms): Min: 187.5, Avg: 187.6, Max: 187.6, Diff: 0.1, Sum: 1500.4]
      [GC Worker End (ms): Min: 151024.0, Avg: 151024.0, Max: 151024.0, Diff: 0.1]
   [Code Root Fixup: 0.0 ms]
   [Code Root Purge: 0.0 ms]
   [Clear CT: 0.3 ms]
   [Other: 0.9 ms]
      [Choose CSet: 0.0 ms]
      [Ref Proc: 0.2 ms]
      [Ref Enq: 0.0 ms]
      [Redirty Cards: 0.3 ms]
      [Humongous Register: 0.0 ms]
      [Humongous Reclaim: 0.0 ms]
      [Free CSet: 0.2 ms]
   [Eden: 319.0M(319.0M)->0.0B(303.0M) Survivors: 47.0M->46.0M Heap: 1133.2M(2048.0M)->1135.2M(2048.0M)]
 [Times: user=1.47 sys=0.00, real=0.19 secs] 
2020-09-29T12:32:33.768+0200: 151.027: [GC pause (G1 Humongous Allocation) (young) (initial-mark), 0.0807118 secs]
   [Parallel Time: 79.4 ms, GC Workers: 8]
      [GC Worker Start (ms): Min: 151027.4, Avg: 151027.4, Max: 151027.5, Diff: 0.2]
      [Ext Root Scanning (ms): Min: 0.0, Avg: 0.7, Max: 3.5, Diff: 3.5, Sum: 5.6]
      [Update RS (ms): Min: 52.9, Avg: 56.1, Max: 57.0, Diff: 4.1, Sum: 448.6]
         [Processed Buffers: Min: 56, Avg: 60.8, Max: 66, Diff: 10, Sum: 486]
      [Scan RS (ms): Min: 0.0, Avg: 0.0, Max: 0.0, Diff: 0.0, Sum: 0.1]
      [Code Root Scanning (ms): Min: 0.0, Avg: 0.0, Max: 0.0, Diff: 0.0, Sum: 0.0]
      [Object Copy (ms): Min: 22.1, Avg: 22.5, Max: 22.7, Diff: 0.6, Sum: 179.9]
      [Termination (ms): Min: 0.0, Avg: 0.0, Max: 0.0, Diff: 0.0, Sum: 0.1]
         [Termination Attempts: Min: 1, Avg: 46.8, Max: 65, Diff: 64, Sum: 374]
      [GC Worker Other (ms): Min: 0.0, Avg: 0.0, Max: 0.0, Diff: 0.0, Sum: 0.1]
      [GC Worker Total (ms): Min: 79.2, Avg: 79.3, Max: 79.4, Diff: 0.2, Sum: 634.3]
      [GC Worker End (ms): Min: 151106.7, Avg: 151106.7, Max: 151106.8, Diff: 0.0]
   [Code Root Fixup: 0.0 ms]
   [Code Root Purge: 0.0 ms]
   [Clear CT: 0.6 ms]
   [Other: 0.7 ms]
      [Choose CSet: 0.0 ms]
      [Ref Proc: 0.1 ms]
      [Ref Enq: 0.0 ms]
      [Redirty Cards: 0.2 ms]
      [Humongous Register: 0.0 ms]
      [Humongous Reclaim: 0.0 ms]
      [Free CSet: 0.1 ms]
   [Eden: 4096.0K(303.0M)->0.0B(284.0M) Survivors: 46.0M->5120.0K Heap: 1138.7M(2048.0M)->1141.7M(2048.0M)]
 [Times: user=0.58 sys=0.00, real=0.08 secs] 
2020-09-29T12:32:33.849+0200: 151.108: [GC concurrent-root-region-scan-start]
2020-09-29T12:32:33.850+0200: 151.110: [GC concurrent-root-region-scan-end, 0.0014246 secs]
2020-09-29T12:32:33.850+0200: 151.110: [GC concurrent-mark-start]
2020-09-29T12:32:33.853+0200: 151.113: [GC concurrent-mark-end, 0.0032209 secs]
2020-09-29T12:32:33.853+0200: 151.113: [GC remark 2020-09-29T12:32:33.853+0200: 151.113: [Finalize Marking, 0.0001613 secs] 2020-09-29T12:32:33.854+0200: 151.113: [GC ref-proc, 0.0003029 secs] 2020-09-29T12:32:33.854+0200: 151.113: [Unloading, 0.0005058 secs], 0.0014016 secs]
 [Times: user=0.00 sys=0.00, real=0.00 secs] 
2020-09-29T12:32:33.855+0200: 151.115: [GC cleanup 1152M->25M(2048M), 0.0014738 secs]
 [Times: user=0.00 sys=0.00, real=0.00 secs] 
2020-09-29T12:32:33.857+0200: 151.116: [GC concurrent-cleanup-start]
2020-09-29T12:32:33.858+0200: 151.118: [GC concurrent-cleanup-end, 0.0015732 secs]
2020-09-29T12:32:34.008+0200: 151.267: [GC pause (G1 Evacuation Pause) (young), 0.1353927 secs]
   [Parallel Time: 134.0 ms, GC Workers: 8]
      [GC Worker Start (ms): Min: 151267.3, Avg: 151267.4, Max: 151267.5, Diff: 0.2]
      [Ext Root Scanning (ms): Min: 0.0, Avg: 0.1, Max: 0.2, Diff: 0.2, Sum: 0.5]
      [Update RS (ms): Min: 14.3, Avg: 14.4, Max: 14.6, Diff: 0.3, Sum: 115.5]
         [Processed Buffers: Min: 16, Avg: 17.4, Max: 19, Diff: 3, Sum: 139]
      [Scan RS (ms): Min: 12.1, Avg: 12.3, Max: 12.4, Diff: 0.4, Sum: 98.3]
      [Code Root Scanning (ms): Min: 0.0, Avg: 0.0, Max: 0.0, Diff: 0.0, Sum: 0.0]
      [Object Copy (ms): Min: 106.8, Avg: 106.9, Max: 106.9, Diff: 0.1, Sum: 855.0]
      [Termination (ms): Min: 0.0, Avg: 0.0, Max: 0.0, Diff: 0.0, Sum: 0.3]
         [Termination Attempts: Min: 1, Avg: 264.3, Max: 325, Diff: 324, Sum: 2114]
      [GC Worker Other (ms): Min: 0.0, Avg: 0.0, Max: 0.1, Diff: 0.1, Sum: 0.3]
      [GC Worker Total (ms): Min: 133.7, Avg: 133.8, Max: 133.9, Diff: 0.2, Sum: 1070.0]
      [GC Worker End (ms): Min: 151401.2, Avg: 151401.2, Max: 151401.2, Diff: 0.1]
   [Code Root Fixup: 0.0 ms]
   [Code Root Purge: 0.0 ms]
   [Clear CT: 0.2 ms]
   [Other: 1.2 ms]
      [Choose CSet: 0.0 ms]
      [Ref Proc: 0.2 ms]
      [Ref Enq: 0.0 ms]
      [Redirty Cards: 0.6 ms]
      [Humongous Register: 0.0 ms]
      [Humongous Reclaim: 0.0 ms]
      [Free CSet: 0.2 ms]
   [Eden: 284.0M(284.0M)->0.0B(284.0M) Survivors: 5120.0K->37.0M Heap: 346.7M(2048.0M)->343.2M(2048.0M)]
 [Times: user=1.00 sys=0.00, real=0.13 secs] 
2020-09-29T12:32:34.295+0200: 151.554: [GC pause (G1 Evacuation Pause) (young), 0.1581089 secs]
   [Parallel Time: 156.9 ms, GC Workers: 8]
      [GC Worker Start (ms): Min: 151554.4, Avg: 151554.5, Max: 151554.6, Diff: 0.2]
      [Ext Root Scanning (ms): Min: 0.0, Avg: 0.1, Max: 0.1, Diff: 0.1, Sum: 0.5]
      [Update RS (ms): Min: 17.5, Avg: 17.9, Max: 18.2, Diff: 0.7, Sum: 142.9]
         [Processed Buffers: Min: 19, Avg: 21.0, Max: 23, Diff: 4, Sum: 168]
      [Scan RS (ms): Min: 13.9, Avg: 14.3, Max: 14.8, Diff: 0.9, Sum: 114.5]
      [Code Root Scanning (ms): Min: 0.0, Avg: 0.0, Max: 0.0, Diff: 0.0, Sum: 0.0]
      [Object Copy (ms): Min: 124.0, Avg: 124.3, Max: 124.4, Diff: 0.4, Sum: 994.4]
      [Termination (ms): Min: 0.0, Avg: 0.1, Max: 0.1, Diff: 0.1, Sum: 0.7]
         [Termination Attempts: Min: 1, Avg: 544.5, Max: 658, Diff: 657, Sum: 4356]
      [GC Worker Other (ms): Min: 0.0, Avg: 0.0, Max: 0.1, Diff: 0.0, Sum: 0.3]
      [GC Worker Total (ms): Min: 156.6, Avg: 156.7, Max: 156.8, Diff: 0.2, Sum: 1253.2]
      [GC Worker End (ms): Min: 151711.1, Avg: 151711.2, Max: 151711.2, Diff: 0.0]
   [Code Root Fixup: 0.0 ms]
   [Code Root Purge: 0.0 ms]
   [Clear CT: 0.2 ms]
   [Other: 1.1 ms]
      [Choose CSet: 0.0 ms]
      [Ref Proc: 0.2 ms]
      [Ref Enq: 0.0 ms]
      [Redirty Cards: 0.3 ms]
      [Humongous Register: 0.0 ms]
      [Humongous Reclaim: 0.0 ms]
      [Free CSet: 0.3 ms]
   [Eden: 284.0M(284.0M)->0.0B(290.0M) Survivors: 37.0M->41.0M Heap: 674.9M(2048.0M)->676.9M(2048.0M)]
 [Times: user=1.23 sys=0.00, real=0.16 secs] 
2020-09-29T12:32:34.603+0200: 151.863: [GC pause (G1 Evacuation Pause) (young), 0.1575790 secs]
   [Parallel Time: 156.4 ms, GC Workers: 8]
      [GC Worker Start (ms): Min: 151863.1, Avg: 151863.2, Max: 151863.3, Diff: 0.2]
      [Ext Root Scanning (ms): Min: 0.0, Avg: 0.1, Max: 0.2, Diff: 0.2, Sum: 0.4]
      [Update RS (ms): Min: 20.2, Avg: 20.4, Max: 20.7, Diff: 0.6, Sum: 163.3]
         [Processed Buffers: Min: 23, Avg: 24.3, Max: 25, Diff: 2, Sum: 194]
      [Scan RS (ms): Min: 12.0, Avg: 12.3, Max: 12.6, Diff: 0.6, Sum: 98.7]
      [Code Root Scanning (ms): Min: 0.0, Avg: 0.0, Max: 0.0, Diff: 0.0, Sum: 0.0]
      [Object Copy (ms): Min: 123.1, Avg: 123.3, Max: 123.3, Diff: 0.2, Sum: 986.2]
      [Termination (ms): Min: 0.0, Avg: 0.0, Max: 0.0, Diff: 0.0, Sum: 0.2]
         [Termination Attempts: Min: 1, Avg: 182.8, Max: 223, Diff: 222, Sum: 1462]
      [GC Worker Other (ms): Min: 0.0, Avg: 0.0, Max: 0.1, Diff: 0.0, Sum: 0.3]
      [GC Worker Total (ms): Min: 156.0, Avg: 156.1, Max: 156.3, Diff: 0.2, Sum: 1249.1]
      [GC Worker End (ms): Min: 152019.3, Avg: 152019.4, Max: 152019.4, Diff: 0.0]
   [Code Root Fixup: 0.0 ms]
   [Code Root Purge: 0.0 ms]
   [Clear CT: 0.2 ms]
   [Other: 1.0 ms]
      [Choose CSet: 0.0 ms]
      [Ref Proc: 0.3 ms]
      [Ref Enq: 0.0 ms]
      [Redirty Cards: 0.3 ms]
      [Humongous Register: 0.0 ms]
      [Humongous Reclaim: 0.0 ms]
      [Free CSet: 0.2 ms]
   [Eden: 290.0M(290.0M)->0.0B(306.0M) Survivors: 41.0M->42.0M Heap: 1014.6M(2048.0M)->1016.6M(2048.0M)]
 [Times: user=1.25 sys=0.00, real=0.16 secs] 
2020-09-29T12:32:34.771+0200: 152.031: [GC pause (G1 Humongous Allocation) (young) (initial-mark), 0.0610223 secs]
   [Parallel Time: 60.3 ms, GC Workers: 8]
      [GC Worker Start (ms): Min: 152031.1, Avg: 152031.2, Max: 152031.4, Diff: 0.3]
      [Ext Root Scanning (ms): Min: 0.0, Avg: 1.4, Max: 5.4, Diff: 5.4, Sum: 11.3]
      [Update RS (ms): Min: 35.0, Avg: 38.3, Max: 39.6, Diff: 4.6, Sum: 306.8]
         [Processed Buffers: Min: 29, Avg: 39.6, Max: 48, Diff: 19, Sum: 317]
      [Scan RS (ms): Min: 1.7, Avg: 2.6, Max: 2.9, Diff: 1.3, Sum: 20.5]
      [Code Root Scanning (ms): Min: 0.0, Avg: 0.0, Max: 0.0, Diff: 0.0, Sum: 0.0]
      [Object Copy (ms): Min: 17.8, Avg: 17.8, Max: 17.9, Diff: 0.1, Sum: 142.4]
      [Termination (ms): Min: 0.0, Avg: 0.0, Max: 0.0, Diff: 0.0, Sum: 0.2]
         [Termination Attempts: Min: 1, Avg: 190.1, Max: 297, Diff: 296, Sum: 1521]
      [GC Worker Other (ms): Min: 0.0, Avg: 0.0, Max: 0.0, Diff: 0.0, Sum: 0.1]
      [GC Worker Total (ms): Min: 60.0, Avg: 60.1, Max: 60.3, Diff: 0.3, Sum: 481.2]
      [GC Worker End (ms): Min: 152091.4, Avg: 152091.4, Max: 152091.4, Diff: 0.0]
   [Code Root Fixup: 0.0 ms]
   [Code Root Purge: 0.0 ms]
   [Clear CT: 0.2 ms]
   [Other: 0.5 ms]
      [Choose CSet: 0.0 ms]
      [Ref Proc: 0.1 ms]
      [Ref Enq: 0.0 ms]
      [Redirty Cards: 0.1 ms]
      [Humongous Register: 0.0 ms]
      [Humongous Reclaim: 0.0 ms]
      [Free CSet: 0.1 ms]
   [Eden: 1024.0K(306.0M)->0.0B(380.0M) Survivors: 42.0M->4096.0K Heap: 1017.1M(2048.0M)->1022.6M(2048.0M)]
 [Times: user=0.33 sys=0.02, real=0.06 secs] 
2020-09-29T12:32:34.833+0200: 152.092: [GC concurrent-root-region-scan-start]
2020-09-29T12:32:34.833+0200: 152.092: [GC concurrent-root-region-scan-end, 0.0001743 secs]
2020-09-29T12:32:34.833+0200: 152.092: [GC concurrent-mark-start]
2020-09-29T12:32:34.836+0200: 152.095: [GC concurrent-mark-end, 0.0023735 secs]
2020-09-29T12:32:34.836+0200: 152.095: [GC remark 2020-09-29T12:32:34.836+0200: 152.095: [Finalize Marking, 0.0001808 secs] 2020-09-29T12:32:34.836+0200: 152.095: [GC ref-proc, 0.0002730 secs] 2020-09-29T12:32:34.836+0200: 152.095: [Unloading, 0.0004143 secs], 0.0012104 secs]
 [Times: user=0.00 sys=0.00, real=0.00 secs] 
2020-09-29T12:32:34.837+0200: 152.096: [GC cleanup 1030M->21M(2048M), 0.0010346 secs]
 [Times: user=0.00 sys=0.00, real=0.00 secs] 
2020-09-29T12:32:34.838+0200: 152.097: [GC concurrent-cleanup-start]
2020-09-29T12:32:34.839+0200: 152.099: [GC concurrent-cleanup-end, 0.0011251 secs]
2020-09-29T12:32:35.053+0200: 152.312: [GC pause (G1 Evacuation Pause) (young), 0.2078735 secs]
   [Parallel Time: 206.7 ms, GC Workers: 8]
      [GC Worker Start (ms): Min: 152312.6, Avg: 152312.6, Max: 152312.7, Diff: 0.1]
      [Ext Root Scanning (ms): Min: 0.0, Avg: 0.1, Max: 0.4, Diff: 0.4, Sum: 0.8]
      [Update RS (ms): Min: 14.0, Avg: 14.2, Max: 14.5, Diff: 0.5, Sum: 114.0]
         [Processed Buffers: Min: 15, Avg: 18.1, Max: 22, Diff: 7, Sum: 145]
      [Scan RS (ms): Min: 19.5, Avg: 22.9, Max: 44.8, Diff: 25.3, Sum: 182.8]
      [Code Root Scanning (ms): Min: 0.0, Avg: 0.0, Max: 0.0, Diff: 0.0, Sum: 0.0]
      [Object Copy (ms): Min: 147.4, Avg: 168.5, Max: 171.7, Diff: 24.3, Sum: 1347.8]
      [Termination (ms): Min: 0.0, Avg: 0.8, Max: 0.9, Diff: 0.9, Sum: 6.2]
         [Termination Attempts: Min: 1, Avg: 5004.1, Max: 6029, Diff: 6028, Sum: 40033]
      [GC Worker Other (ms): Min: 0.0, Avg: 0.1, Max: 0.1, Diff: 0.1, Sum: 0.4]
      [GC Worker Total (ms): Min: 206.4, Avg: 206.5, Max: 206.6, Diff: 0.2, Sum: 1652.0]
      [GC Worker End (ms): Min: 152519.1, Avg: 152519.1, Max: 152519.2, Diff: 0.1]
   [Code Root Fixup: 0.0 ms]
   [Code Root Purge: 0.0 ms]
   [Clear CT: 0.2 ms]
   [Other: 1.0 ms]
      [Choose CSet: 0.0 ms]
      [Ref Proc: 0.1 ms]
      [Ref Enq: 0.0 ms]
      [Redirty Cards: 0.2 ms]
      [Humongous Register: 0.0 ms]
      [Humongous Reclaim: 0.0 ms]
      [Free CSet: 0.3 ms]
   [Eden: 380.0M(380.0M)->0.0B(296.0M) Survivors: 4096.0K->48.0M Heap: 458.4M(2048.0M)->456.9M(2048.0M)]
 [Times: user=1.48 sys=0.05, real=0.21 secs] 
2020-09-29T12:32:35.429+0200: 152.688: [GC pause (G1 Evacuation Pause) (young), 0.1651056 secs]
   [Parallel Time: 163.8 ms, GC Workers: 8]
      [GC Worker Start (ms): Min: 152687.8, Avg: 152687.9, Max: 152687.9, Diff: 0.2]
      [Ext Root Scanning (ms): Min: 0.0, Avg: 0.1, Max: 0.1, Diff: 0.1, Sum: 0.4]
      [Update RS (ms): Min: 17.6, Avg: 17.8, Max: 18.4, Diff: 0.8, Sum: 142.5]
         [Processed Buffers: Min: 21, Avg: 22.8, Max: 25, Diff: 4, Sum: 182]
      [Scan RS (ms): Min: 14.3, Avg: 14.8, Max: 15.2, Diff: 0.9, Sum: 118.5]
      [Code Root Scanning (ms): Min: 0.0, Avg: 0.0, Max: 0.0, Diff: 0.0, Sum: 0.0]
      [Object Copy (ms): Min: 130.6, Avg: 130.7, Max: 130.9, Diff: 0.3, Sum: 1045.9]
      [Termination (ms): Min: 0.0, Avg: 0.1, Max: 0.1, Diff: 0.1, Sum: 0.9]
         [Termination Attempts: Min: 1, Avg: 819.0, Max: 1048, Diff: 1047, Sum: 6552]
      [GC Worker Other (ms): Min: 0.0, Avg: 0.0, Max: 0.1, Diff: 0.0, Sum: 0.2]
      [GC Worker Total (ms): Min: 163.5, Avg: 163.6, Max: 163.6, Diff: 0.2, Sum: 1308.5]
      [GC Worker End (ms): Min: 152851.4, Avg: 152851.4, Max: 152851.5, Diff: 0.0]
   [Code Root Fixup: 0.0 ms]
   [Code Root Purge: 0.0 ms]
   [Clear CT: 0.2 ms]
   [Other: 1.1 ms]
      [Choose CSet: 0.0 ms]
      [Ref Proc: 0.2 ms]
      [Ref Enq: 0.0 ms]
      [Redirty Cards: 0.3 ms]
      [Humongous Register: 0.0 ms]
      [Humongous Reclaim: 0.0 ms]
      [Free CSet: 0.3 ms]
   [Eden: 296.0M(296.0M)->0.0B(300.0M) Survivors: 48.0M->43.0M Heap: 802.4M(2048.0M)->804.4M(2048.0M)]
 [Times: user=1.25 sys=0.00, real=0.17 secs] 
2020-09-29T12:32:35.754+0200: 153.013: [GC pause (G1 Evacuation Pause) (young), 0.1675308 secs]
   [Parallel Time: 166.4 ms, GC Workers: 8]
      [GC Worker Start (ms): Min: 153013.0, Avg: 153013.1, Max: 153013.1, Diff: 0.1]
      [Ext Root Scanning (ms): Min: 0.0, Avg: 0.1, Max: 0.1, Diff: 0.1, Sum: 0.6]
      [Update RS (ms): Min: 17.2, Avg: 17.3, Max: 17.4, Diff: 0.2, Sum: 138.2]
         [Processed Buffers: Min: 19, Avg: 21.6, Max: 23, Diff: 4, Sum: 173]
      [Scan RS (ms): Min: 15.0, Avg: 15.1, Max: 15.1, Diff: 0.1, Sum: 120.7]
      [Code Root Scanning (ms): Min: 0.0, Avg: 0.0, Max: 0.0, Diff: 0.0, Sum: 0.0]
      [Object Copy (ms): Min: 133.5, Avg: 133.7, Max: 133.7, Diff: 0.2, Sum: 1069.4]
      [Termination (ms): Min: 0.0, Avg: 0.0, Max: 0.0, Diff: 0.0, Sum: 0.0]
         [Termination Attempts: Min: 1, Avg: 2.8, Max: 4, Diff: 3, Sum: 22]
      [GC Worker Other (ms): Min: 0.0, Avg: 0.1, Max: 0.1, Diff: 0.1, Sum: 0.4]
      [GC Worker Total (ms): Min: 166.1, Avg: 166.2, Max: 166.2, Diff: 0.1, Sum: 1329.4]
      [GC Worker End (ms): Min: 153179.2, Avg: 153179.2, Max: 153179.3, Diff: 0.1]
   [Code Root Fixup: 0.0 ms]
   [Code Root Purge: 0.0 ms]
   [Clear CT: 0.2 ms]
   [Other: 0.9 ms]
      [Choose CSet: 0.0 ms]
      [Ref Proc: 0.1 ms]
      [Ref Enq: 0.0 ms]
      [Redirty Cards: 0.3 ms]
      [Humongous Register: 0.0 ms]
      [Humongous Reclaim: 0.0 ms]
      [Free CSet: 0.3 ms]
   [Eden: 300.0M(300.0M)->0.0B(306.0M) Survivors: 43.0M->43.0M Heap: 1154.0M(2048.0M)->1156.0M(2048.0M)]
 [Times: user=1.38 sys=0.00, real=0.17 secs] 
2020-09-29T12:32:35.939+0200: 153.198: [GC pause (G1 Humongous Allocation) (young) (initial-mark), 0.0569975 secs]
   [Parallel Time: 56.3 ms, GC Workers: 8]
      [GC Worker Start (ms): Min: 153198.2, Avg: 153198.2, Max: 153198.3, Diff: 0.2]
      [Ext Root Scanning (ms): Min: 0.0, Avg: 0.5, Max: 3.0, Diff: 3.0, Sum: 4.1]
      [Update RS (ms): Min: 29.9, Avg: 32.4, Max: 32.9, Diff: 3.1, Sum: 259.0]
         [Processed Buffers: Min: 31, Avg: 36.1, Max: 41, Diff: 10, Sum: 289]
      [Scan RS (ms): Min: 2.4, Avg: 2.6, Max: 3.1, Diff: 0.6, Sum: 21.2]
      [Code Root Scanning (ms): Min: 0.0, Avg: 0.0, Max: 0.0, Diff: 0.0, Sum: 0.0]
      [Object Copy (ms): Min: 20.6, Avg: 20.6, Max: 20.6, Diff: 0.1, Sum: 164.9]
      [Termination (ms): Min: 0.0, Avg: 0.0, Max: 0.0, Diff: 0.0, Sum: 0.0]
         [Termination Attempts: Min: 1, Avg: 1.9, Max: 3, Diff: 2, Sum: 15]
      [GC Worker Other (ms): Min: 0.0, Avg: 0.0, Max: 0.0, Diff: 0.0, Sum: 0.1]
      [GC Worker Total (ms): Min: 56.1, Avg: 56.2, Max: 56.2, Diff: 0.2, Sum: 449.4]
      [GC Worker End (ms): Min: 153254.4, Avg: 153254.4, Max: 153254.4, Diff: 0.0]
   [Code Root Fixup: 0.0 ms]
   [Code Root Purge: 0.0 ms]
   [Clear CT: 0.1 ms]
   [Other: 0.6 ms]
      [Choose CSet: 0.0 ms]
      [Ref Proc: 0.2 ms]
      [Ref Enq: 0.0 ms]
      [Redirty Cards: 0.1 ms]
      [Humongous Register: 0.0 ms]
      [Humongous Reclaim: 0.0 ms]
      [Free CSet: 0.1 ms]
   [Eden: 9216.0K(306.0M)->0.0B(333.0M) Survivors: 43.0M->10.0M Heap: 1164.5M(2048.0M)->1167.5M(2048.0M)]
 [Times: user=0.47 sys=0.01, real=0.06 secs] 
2020-09-29T12:32:35.996+0200: 153.255: [GC concurrent-root-region-scan-start]
2020-09-29T12:32:35.998+0200: 153.257: [GC concurrent-root-region-scan-end, 0.0022836 secs]
2020-09-29T12:32:35.998+0200: 153.257: [GC concurrent-mark-start]
2020-09-29T12:32:36.001+0200: 153.260: [GC concurrent-mark-end, 0.0024511 secs]
2020-09-29T12:32:36.001+0200: 153.260: [GC remark 2020-09-29T12:32:36.001+0200: 153.260: [Finalize Marking, 0.0001572 secs] 2020-09-29T12:32:36.001+0200: 153.260: [GC ref-proc, 0.0002836 secs] 2020-09-29T12:32:36.002+0200: 153.261: [Unloading, 0.0003690 secs], 0.0011286 secs]
 [Times: user=0.00 sys=0.00, real=0.00 secs] 
2020-09-29T12:32:36.002+0200: 153.262: [GC cleanup 1179M->31M(2048M), 0.0010603 secs]
 [Times: user=0.00 sys=0.00, real=0.00 secs] 
2020-09-29T12:32:36.004+0200: 153.263: [GC concurrent-cleanup-start]
2020-09-29T12:32:36.005+0200: 153.264: [GC concurrent-cleanup-end, 0.0017215 secs]
2020-09-29T12:32:36.174+0200: 153.433: [GC pause (G1 Evacuation Pause) (young), 0.1572741 secs]
   [Parallel Time: 156.2 ms, GC Workers: 8]
      [GC Worker Start (ms): Min: 153433.6, Avg: 153433.7, Max: 153433.8, Diff: 0.2]
      [Ext Root Scanning (ms): Min: 0.0, Avg: 0.1, Max: 0.1, Diff: 0.1, Sum: 0.5]
      [Update RS (ms): Min: 19.3, Avg: 19.4, Max: 19.6, Diff: 0.2, Sum: 155.4]
         [Processed Buffers: Min: 22, Avg: 23.1, Max: 26, Diff: 4, Sum: 185]
      [Scan RS (ms): Min: 13.5, Avg: 13.7, Max: 13.8, Diff: 0.3, Sum: 109.8]
      [Code Root Scanning (ms): Min: 0.0, Avg: 0.0, Max: 0.0, Diff: 0.0, Sum: 0.0]
      [Object Copy (ms): Min: 122.7, Avg: 122.7, Max: 122.8, Diff: 0.1, Sum: 981.9]
      [Termination (ms): Min: 0.0, Avg: 0.0, Max: 0.0, Diff: 0.0, Sum: 0.0]
         [Termination Attempts: Min: 1, Avg: 31.5, Max: 41, Diff: 40, Sum: 252]
      [GC Worker Other (ms): Min: 0.0, Avg: 0.0, Max: 0.1, Diff: 0.0, Sum: 0.3]
      [GC Worker Total (ms): Min: 155.9, Avg: 156.0, Max: 156.1, Diff: 0.2, Sum: 1248.0]
      [GC Worker End (ms): Min: 153589.7, Avg: 153589.7, Max: 153589.7, Diff: 0.0]
   [Code Root Fixup: 0.0 ms]
   [Code Root Purge: 0.0 ms]
   [Clear CT: 0.2 ms]
   [Other: 0.8 ms]
      [Choose CSet: 0.0 ms]
      [Ref Proc: 0.1 ms]
      [Ref Enq: 0.0 ms]
      [Redirty Cards: 0.1 ms]
      [Humongous Register: 0.0 ms]
      [Humongous Reclaim: 0.0 ms]
      [Free CSet: 0.3 ms]
   [Eden: 333.0M(333.0M)->0.0B(334.0M) Survivors: 10.0M->43.0M Heap: 410.2M(2048.0M)->402.7M(2048.0M)]
 [Times: user=1.25 sys=0.00, real=0.16 secs] 
2020-09-29T12:32:36.512+0200: 153.771: [GC pause (G1 Evacuation Pause) (young), 0.1752498 secs]
   [Parallel Time: 174.0 ms, GC Workers: 8]
      [GC Worker Start (ms): Min: 153771.2, Avg: 153771.4, Max: 153771.4, Diff: 0.2]
      [Ext Root Scanning (ms): Min: 0.0, Avg: 0.1, Max: 0.2, Diff: 0.2, Sum: 0.5]
      [Update RS (ms): Min: 18.9, Avg: 18.9, Max: 19.0, Diff: 0.1, Sum: 151.4]
         [Processed Buffers: Min: 22, Avg: 23.5, Max: 26, Diff: 4, Sum: 188]
      [Scan RS (ms): Min: 17.2, Avg: 17.3, Max: 17.4, Diff: 0.2, Sum: 138.5]
      [Code Root Scanning (ms): Min: 0.0, Avg: 0.0, Max: 0.0, Diff: 0.0, Sum: 0.0]
      [Object Copy (ms): Min: 137.3, Avg: 137.4, Max: 137.4, Diff: 0.1, Sum: 1098.9]
      [Termination (ms): Min: 0.0, Avg: 0.0, Max: 0.0, Diff: 0.0, Sum: 0.1]
         [Termination Attempts: Min: 1, Avg: 54.0, Max: 76, Diff: 75, Sum: 432]
      [GC Worker Other (ms): Min: 0.0, Avg: 0.0, Max: 0.1, Diff: 0.0, Sum: 0.2]
      [GC Worker Total (ms): Min: 173.6, Avg: 173.7, Max: 173.8, Diff: 0.2, Sum: 1389.6]
      [GC Worker End (ms): Min: 153945.0, Avg: 153945.1, Max: 153945.1, Diff: 0.0]
   [Code Root Fixup: 0.0 ms]
   [Code Root Purge: 0.0 ms]
   [Clear CT: 0.2 ms]
   [Other: 1.1 ms]
      [Choose CSet: 0.0 ms]
      [Ref Proc: 0.2 ms]
      [Ref Enq: 0.0 ms]
      [Redirty Cards: 0.3 ms]
      [Humongous Register: 0.0 ms]
      [Humongous Reclaim: 0.0 ms]
      [Free CSet: 0.3 ms]
   [Eden: 334.0M(334.0M)->0.0B(326.0M) Survivors: 43.0M->48.0M Heap: 792.0M(2048.0M)->793.5M(2048.0M)]
 [Times: user=1.36 sys=0.00, real=0.17 secs] 
2020-09-29T12:32:36.860+0200: 154.119: [GC pause (G1 Evacuation Pause) (young), 0.1742442 secs]
   [Parallel Time: 173.0 ms, GC Workers: 8]
      [GC Worker Start (ms): Min: 154119.4, Avg: 154119.4, Max: 154119.5, Diff: 0.1]
      [Ext Root Scanning (ms): Min: 0.0, Avg: 0.1, Max: 0.1, Diff: 0.1, Sum: 0.4]
      [Update RS (ms): Min: 18.7, Avg: 19.0, Max: 19.4, Diff: 0.7, Sum: 151.8]
         [Processed Buffers: Min: 22, Avg: 22.9, Max: 24, Diff: 2, Sum: 183]
      [Scan RS (ms): Min: 16.0, Avg: 16.5, Max: 16.8, Diff: 0.8, Sum: 131.7]
      [Code Root Scanning (ms): Min: 0.0, Avg: 0.0, Max: 0.0, Diff: 0.0, Sum: 0.0]
      [Object Copy (ms): Min: 137.2, Avg: 137.3, Max: 137.4, Diff: 0.2, Sum: 1098.7]
      [Termination (ms): Min: 0.0, Avg: 0.0, Max: 0.0, Diff: 0.0, Sum: 0.1]
         [Termination Attempts: Min: 1, Avg: 89.3, Max: 113, Diff: 112, Sum: 714]
      [GC Worker Other (ms): Min: 0.0, Avg: 0.0, Max: 0.1, Diff: 0.1, Sum: 0.3]
      [GC Worker Total (ms): Min: 172.8, Avg: 172.9, Max: 173.0, Diff: 0.2, Sum: 1383.1]
      [GC Worker End (ms): Min: 154292.3, Avg: 154292.3, Max: 154292.4, Diff: 0.1]
   [Code Root Fixup: 0.0 ms]
   [Code Root Purge: 0.0 ms]
   [Clear CT: 0.2 ms]
   [Other: 1.0 ms]
      [Choose CSet: 0.0 ms]
      [Ref Proc: 0.2 ms]
      [Ref Enq: 0.0 ms]
      [Redirty Cards: 0.3 ms]
      [Humongous Register: 0.1 ms]
      [Humongous Reclaim: 0.0 ms]
      [Free CSet: 0.3 ms]
   [Eden: 326.0M(326.0M)->0.0B(328.0M) Survivors: 48.0M->47.0M Heap: 1172.9M(2048.0M)->1175.4M(2048.0M)]
 [Times: user=1.38 sys=0.00, real=0.17 secs] 
2020-09-29T12:32:37.036+0200: 154.295: [GC pause (G1 Humongous Allocation) (young) (initial-mark), 0.0781970 secs]
   [Parallel Time: 77.2 ms, GC Workers: 8]
      [GC Worker Start (ms): Min: 154295.4, Avg: 154295.4, Max: 154295.4, Diff: 0.1]
      [Ext Root Scanning (ms): Min: 0.0, Avg: 0.1, Max: 0.1, Diff: 0.1, Sum: 0.7]
      [Update RS (ms): Min: 51.4, Avg: 51.6, Max: 52.0, Diff: 0.6, Sum: 412.5]
         [Processed Buffers: Min: 57, Avg: 62.0, Max: 64, Diff: 7, Sum: 496]
      [Scan RS (ms): Min: 0.0, Avg: 0.0, Max: 0.1, Diff: 0.1, Sum: 0.1]
      [Code Root Scanning (ms): Min: 0.0, Avg: 0.0, Max: 0.0, Diff: 0.0, Sum: 0.0]
      [Object Copy (ms): Min: 24.9, Avg: 25.3, Max: 25.4, Diff: 0.5, Sum: 202.2]
      [Termination (ms): Min: 0.0, Avg: 0.1, Max: 0.1, Diff: 0.1, Sum: 0.5]
         [Termination Attempts: Min: 1, Avg: 465.3, Max: 573, Diff: 572, Sum: 3722]
      [GC Worker Other (ms): Min: 0.0, Avg: 0.0, Max: 0.0, Diff: 0.0, Sum: 0.1]
      [GC Worker Total (ms): Min: 77.0, Avg: 77.0, Max: 77.1, Diff: 0.1, Sum: 616.1]
      [GC Worker End (ms): Min: 154372.4, Avg: 154372.4, Max: 154372.4, Diff: 0.0]
   [Code Root Fixup: 0.0 ms]
   [Code Root Purge: 0.0 ms]
   [Clear CT: 0.1 ms]
   [Other: 0.9 ms]
      [Choose CSet: 0.0 ms]
      [Ref Proc: 0.2 ms]
      [Ref Enq: 0.0 ms]
      [Redirty Cards: 0.2 ms]
      [Humongous Register: 0.1 ms]
      [Humongous Reclaim: 0.0 ms]
      [Free CSet: 0.1 ms]
   [Eden: 3072.0K(328.0M)->0.0B(301.0M) Survivors: 47.0M->5120.0K Heap: 1178.4M(2048.0M)->1181.9M(2048.0M)]
 [Times: user=0.50 sys=0.02, real=0.08 secs] 
2020-09-29T12:32:37.114+0200: 154.374: [GC concurrent-root-region-scan-start]
2020-09-29T12:32:37.116+0200: 154.376: [GC concurrent-root-region-scan-end, 0.0021396 secs]
2020-09-29T12:32:37.116+0200: 154.376: [GC concurrent-mark-start]
2020-09-29T12:32:37.122+0200: 154.381: [GC concurrent-mark-end, 0.0057364 secs]
2020-09-29T12:32:37.123+0200: 154.382: [GC remark 2020-09-29T12:32:37.123+0200: 154.382: [Finalize Marking, 0.0002537 secs] 2020-09-29T12:32:37.123+0200: 154.382: [GC ref-proc, 0.0004377 secs] 2020-09-29T12:32:37.123+0200: 154.383: [Unloading, 0.0005595 secs], 0.0017480 secs]
 [Times: user=0.00 sys=0.00, real=0.00 secs] 
2020-09-29T12:32:37.125+0200: 154.384: [GC cleanup 1197M->30M(2048M), 0.0018851 secs]
 [Times: user=0.00 sys=0.00, real=0.00 secs] 
2020-09-29T12:32:37.127+0200: 154.386: [GC concurrent-cleanup-start]
2020-09-29T12:32:37.129+0200: 154.389: [GC concurrent-cleanup-end, 0.0024808 secs]
2020-09-29T12:32:37.321+0200: 154.580: [GC pause (G1 Evacuation Pause) (young), 0.2498225 secs]
   [Parallel Time: 247.8 ms, GC Workers: 8]
      [GC Worker Start (ms): Min: 154579.9, Avg: 154580.0, Max: 154580.1, Diff: 0.2]
      [Ext Root Scanning (ms): Min: 0.0, Avg: 0.1, Max: 0.2, Diff: 0.2, Sum: 0.8]
      [Update RS (ms): Min: 29.9, Avg: 30.1, Max: 30.7, Diff: 0.8, Sum: 240.8]
         [Processed Buffers: Min: 21, Avg: 22.8, Max: 26, Diff: 5, Sum: 182]
      [Scan RS (ms): Min: 18.3, Avg: 18.9, Max: 19.2, Diff: 0.9, Sum: 151.1]
      [Code Root Scanning (ms): Min: 0.0, Avg: 0.0, Max: 0.0, Diff: 0.0, Sum: 0.0]
      [Object Copy (ms): Min: 198.0, Avg: 198.2, Max: 198.4, Diff: 0.4, Sum: 1585.6]
      [Termination (ms): Min: 0.0, Avg: 0.2, Max: 0.3, Diff: 0.3, Sum: 1.7]
         [Termination Attempts: Min: 1, Avg: 889.6, Max: 1077, Diff: 1076, Sum: 7117]
      [GC Worker Other (ms): Min: 0.0, Avg: 0.1, Max: 0.1, Diff: 0.1, Sum: 0.5]
      [GC Worker Total (ms): Min: 247.5, Avg: 247.6, Max: 247.7, Diff: 0.2, Sum: 1980.7]
      [GC Worker End (ms): Min: 154827.6, Avg: 154827.6, Max: 154827.7, Diff: 0.1]
   [Code Root Fixup: 0.0 ms]
   [Code Root Purge: 0.0 ms]
   [Clear CT: 0.6 ms]
   [Other: 1.4 ms]
      [Choose CSet: 0.0 ms]
      [Ref Proc: 0.2 ms]
      [Ref Enq: 0.0 ms]
      [Redirty Cards: 0.6 ms]
      [Humongous Register: 0.1 ms]
      [Humongous Reclaim: 0.0 ms]
      [Free CSet: 0.3 ms]
   [Eden: 301.0M(301.0M)->0.0B(194.0M) Survivors: 5120.0K->39.0M Heap: 367.0M(2048.0M)->364.0M(2048.0M)]
 [Times: user=1.91 sys=0.02, real=0.25 secs] 
2020-09-29T12:32:37.738+0200: 154.997: [GC pause (G1 Evacuation Pause) (young), 0.1959402 secs]
   [Parallel Time: 194.3 ms, GC Workers: 8]
      [GC Worker Start (ms): Min: 154997.3, Avg: 154997.4, Max: 154997.5, Diff: 0.2]
      [Ext Root Scanning (ms): Min: 0.0, Avg: 0.1, Max: 0.2, Diff: 0.2, Sum: 0.7]
      [Update RS (ms): Min: 34.9, Avg: 35.1, Max: 35.4, Diff: 0.5, Sum: 280.8]
         [Processed Buffers: Min: 24, Avg: 26.1, Max: 29, Diff: 5, Sum: 209]
      [Scan RS (ms): Min: 8.9, Avg: 9.2, Max: 9.4, Diff: 0.5, Sum: 73.6]
      [Code Root Scanning (ms): Min: 0.0, Avg: 0.0, Max: 0.0, Diff: 0.0, Sum: 0.0]
      [Object Copy (ms): Min: 149.4, Avg: 149.5, Max: 149.5, Diff: 0.1, Sum: 1195.7]
      [Termination (ms): Min: 0.0, Avg: 0.0, Max: 0.1, Diff: 0.1, Sum: 0.3]
         [Termination Attempts: Min: 1, Avg: 157.1, Max: 213, Diff: 212, Sum: 1257]
      [GC Worker Other (ms): Min: 0.0, Avg: 0.1, Max: 0.1, Diff: 0.1, Sum: 0.4]
      [GC Worker Total (ms): Min: 193.8, Avg: 193.9, Max: 194.1, Diff: 0.2, Sum: 1551.5]
      [GC Worker End (ms): Min: 155191.3, Avg: 155191.4, Max: 155191.4, Diff: 0.1]
   [Code Root Fixup: 0.0 ms]
   [Code Root Purge: 0.0 ms]
   [Clear CT: 0.4 ms]
   [Other: 1.2 ms]
      [Choose CSet: 0.0 ms]
      [Ref Proc: 0.2 ms]
      [Ref Enq: 0.0 ms]
      [Redirty Cards: 0.4 ms]
      [Humongous Register: 0.1 ms]
      [Humongous Reclaim: 0.0 ms]
      [Free CSet: 0.3 ms]
   [Eden: 194.0M(194.0M)->0.0B(182.0M) Survivors: 39.0M->30.0M Heap: 590.4M(2048.0M)->592.4M(2048.0M)]
 [Times: user=1.63 sys=0.00, real=0.20 secs] 
2020-09-29T12:32:38.094+0200: 155.354: [GC pause (G1 Evacuation Pause) (young), 0.1936630 secs]
   [Parallel Time: 192.1 ms, GC Workers: 8]
      [GC Worker Start (ms): Min: 155353.9, Avg: 155354.2, Max: 155355.3, Diff: 1.4]
      [Ext Root Scanning (ms): Min: 0.0, Avg: 0.1, Max: 0.2, Diff: 0.2, Sum: 0.9]
      [Update RS (ms): Min: 26.7, Avg: 27.6, Max: 28.0, Diff: 1.2, Sum: 221.0]
         [Processed Buffers: Min: 19, Avg: 21.1, Max: 23, Diff: 4, Sum: 169]
      [Scan RS (ms): Min: 11.1, Avg: 11.3, Max: 11.4, Diff: 0.3, Sum: 90.6]
      [Code Root Scanning (ms): Min: 0.0, Avg: 0.0, Max: 0.0, Diff: 0.0, Sum: 0.0]
      [Object Copy (ms): Min: 152.4, Avg: 152.5, Max: 152.5, Diff: 0.1, Sum: 1219.8]
      [Termination (ms): Min: 0.0, Avg: 0.1, Max: 0.1, Diff: 0.1, Sum: 0.7]
         [Termination Attempts: Min: 1, Avg: 361.8, Max: 453, Diff: 452, Sum: 2894]
      [GC Worker Other (ms): Min: 0.0, Avg: 0.0, Max: 0.1, Diff: 0.0, Sum: 0.3]
      [GC Worker Total (ms): Min: 190.5, Avg: 191.7, Max: 191.9, Diff: 1.4, Sum: 1533.3]
      [GC Worker End (ms): Min: 155545.8, Avg: 155545.8, Max: 155545.9, Diff: 0.0]
   [Code Root Fixup: 0.0 ms]
   [Code Root Purge: 0.0 ms]
   [Clear CT: 0.3 ms]
   [Other: 1.3 ms]
      [Choose CSet: 0.0 ms]
      [Ref Proc: 0.3 ms]
      [Ref Enq: 0.0 ms]
      [Redirty Cards: 0.4 ms]
      [Humongous Register: 0.1 ms]
      [Humongous Reclaim: 0.0 ms]
      [Free CSet: 0.2 ms]
   [Eden: 182.0M(182.0M)->0.0B(168.0M) Survivors: 30.0M->27.0M Heap: 804.9M(2048.0M)->806.9M(2048.0M)]
 [Times: user=1.55 sys=0.00, real=0.19 secs] 
2020-09-29T12:32:38.432+0200: 155.691: [GC pause (G1 Evacuation Pause) (young), 0.1630130 secs]
   [Parallel Time: 161.6 ms, GC Workers: 8]
      [GC Worker Start (ms): Min: 155691.1, Avg: 155691.2, Max: 155691.3, Diff: 0.2]
      [Ext Root Scanning (ms): Min: 0.0, Avg: 0.1, Max: 0.2, Diff: 0.2, Sum: 0.8]
      [Update RS (ms): Min: 25.0, Avg: 25.3, Max: 25.9, Diff: 0.9, Sum: 202.5]
         [Processed Buffers: Min: 18, Avg: 18.8, Max: 20, Diff: 2, Sum: 150]
      [Scan RS (ms): Min: 9.1, Avg: 9.6, Max: 9.9, Diff: 0.8, Sum: 76.9]
      [Code Root Scanning (ms): Min: 0.0, Avg: 0.0, Max: 0.0, Diff: 0.0, Sum: 0.0]
      [Object Copy (ms): Min: 125.9, Avg: 126.1, Max: 126.1, Diff: 0.2, Sum: 1008.5]
      [Termination (ms): Min: 0.0, Avg: 0.1, Max: 0.2, Diff: 0.2, Sum: 1.1]
         [Termination Attempts: Min: 1, Avg: 506.8, Max: 637, Diff: 636, Sum: 4054]
      [GC Worker Other (ms): Min: 0.0, Avg: 0.0, Max: 0.1, Diff: 0.1, Sum: 0.4]
      [GC Worker Total (ms): Min: 161.2, Avg: 161.3, Max: 161.4, Diff: 0.2, Sum: 1290.2]
      [GC Worker End (ms): Min: 155852.4, Avg: 155852.5, Max: 155852.5, Diff: 0.1]
   [Code Root Fixup: 0.0 ms]
   [Code Root Purge: 0.0 ms]
   [Clear CT: 0.3 ms]
   [Other: 1.1 ms]
      [Choose CSet: 0.0 ms]
      [Ref Proc: 0.2 ms]
      [Ref Enq: 0.0 ms]
      [Redirty Cards: 0.4 ms]
      [Humongous Register: 0.1 ms]
      [Humongous Reclaim: 0.0 ms]
      [Free CSet: 0.2 ms]
   [Eden: 168.0M(168.0M)->0.0B(174.0M) Survivors: 27.0M->25.0M Heap: 1001.6M(2048.0M)->1003.1M(2048.0M)]
 [Times: user=1.25 sys=0.00, real=0.16 secs] 
2020-09-29T12:32:38.597+0200: 155.856: [GC pause (G1 Humongous Allocation) (young) (initial-mark), 0.0694102 secs]
   [Parallel Time: 68.2 ms, GC Workers: 8]
      [GC Worker Start (ms): Min: 155856.2, Avg: 155856.3, Max: 155856.5, Diff: 0.3]
      [Ext Root Scanning (ms): Min: 0.0, Avg: 0.2, Max: 0.3, Diff: 0.3, Sum: 1.8]
      [Update RS (ms): Min: 44.3, Avg: 44.9, Max: 45.5, Diff: 1.2, Sum: 359.4]
         [Processed Buffers: Min: 31, Avg: 32.6, Max: 35, Diff: 4, Sum: 261]
      [Scan RS (ms): Min: 0.0, Avg: 0.0, Max: 0.0, Diff: 0.0, Sum: 0.0]
      [Code Root Scanning (ms): Min: 0.0, Avg: 0.0, Max: 0.0, Diff: 0.0, Sum: 0.0]
      [Object Copy (ms): Min: 22.0, Avg: 22.6, Max: 23.2, Diff: 1.1, Sum: 180.9]
      [Termination (ms): Min: 0.0, Avg: 0.0, Max: 0.0, Diff: 0.0, Sum: 0.2]
         [Termination Attempts: Min: 1, Avg: 82.1, Max: 104, Diff: 103, Sum: 657]
      [GC Worker Other (ms): Min: 0.0, Avg: 0.0, Max: 0.1, Diff: 0.0, Sum: 0.2]
      [GC Worker Total (ms): Min: 67.7, Avg: 67.8, Max: 67.9, Diff: 0.3, Sum: 542.5]
      [GC Worker End (ms): Min: 155924.1, Avg: 155924.1, Max: 155924.2, Diff: 0.0]
   [Code Root Fixup: 0.0 ms]
   [Code Root Purge: 0.0 ms]
   [Clear CT: 0.4 ms]
   [Other: 0.9 ms]
      [Choose CSet: 0.0 ms]
      [Ref Proc: 0.2 ms]
      [Ref Enq: 0.0 ms]
      [Redirty Cards: 0.3 ms]
      [Humongous Register: 0.0 ms]
      [Humongous Reclaim: 0.0 ms]
      [Free CSet: 0.0 ms]
   [Eden: 2048.0K(174.0M)->0.0B(189.0M) Survivors: 25.0M->4096.0K Heap: 1005.1M(2048.0M)->1009.6M(2048.0M)]
 [Times: user=0.63 sys=0.00, real=0.07 secs] 
2020-09-29T12:32:38.666+0200: 155.926: [GC concurrent-root-region-scan-start]
2020-09-29T12:32:38.668+0200: 155.927: [GC concurrent-root-region-scan-end, 0.0015504 secs]
2020-09-29T12:32:38.668+0200: 155.927: [GC concurrent-mark-start]
2020-09-29T12:32:38.672+0200: 155.931: [GC concurrent-mark-end, 0.0041687 secs]
2020-09-29T12:32:38.673+0200: 155.932: [GC remark 2020-09-29T12:32:38.673+0200: 155.932: [Finalize Marking, 0.0003130 secs] 2020-09-29T12:32:38.673+0200: 155.932: [GC ref-proc, 0.0004372 secs] 2020-09-29T12:32:38.673+0200: 155.933: [Unloading, 0.0006939 secs], 0.0018471 secs]
 [Times: user=0.00 sys=0.00, real=0.00 secs] 
2020-09-29T12:32:38.675+0200: 155.934: [GC cleanup 1018M->22M(2048M), 0.0016843 secs]
 [Times: user=0.02 sys=0.02, real=0.00 secs] 
2020-09-29T12:32:38.677+0200: 155.936: [GC concurrent-cleanup-start]
2020-09-29T12:32:38.679+0200: 155.938: [GC concurrent-cleanup-end, 0.0021360 secs]
2020-09-29T12:32:38.829+0200: 156.089: [GC pause (G1 Evacuation Pause) (young), 0.1531422 secs]
   [Parallel Time: 151.2 ms, GC Workers: 8]
      [GC Worker Start (ms): Min: 156088.7, Avg: 156088.8, Max: 156088.9, Diff: 0.2]
      [Ext Root Scanning (ms): Min: 0.0, Avg: 0.1, Max: 0.2, Diff: 0.2, Sum: 0.8]
      [Update RS (ms): Min: 20.7, Avg: 20.9, Max: 21.2, Diff: 0.5, Sum: 167.3]
         [Processed Buffers: Min: 15, Avg: 15.9, Max: 17, Diff: 2, Sum: 127]
      [Scan RS (ms): Min: 10.3, Avg: 10.6, Max: 10.7, Diff: 0.4, Sum: 84.4]
      [Code Root Scanning (ms): Min: 0.0, Avg: 0.0, Max: 0.0, Diff: 0.0, Sum: 0.0]
      [Object Copy (ms): Min: 119.2, Avg: 119.2, Max: 119.3, Diff: 0.1, Sum: 953.7]
      [Termination (ms): Min: 0.0, Avg: 0.1, Max: 0.1, Diff: 0.1, Sum: 0.6]
         [Termination Attempts: Min: 1, Avg: 298.1, Max: 368, Diff: 367, Sum: 2385]
      [GC Worker Other (ms): Min: 0.0, Avg: 0.0, Max: 0.1, Diff: 0.1, Sum: 0.3]
      [GC Worker Total (ms): Min: 150.8, Avg: 150.9, Max: 151.0, Diff: 0.2, Sum: 1207.0]
      [GC Worker End (ms): Min: 156239.7, Avg: 156239.7, Max: 156239.7, Diff: 0.1]
   [Code Root Fixup: 0.0 ms]
   [Code Root Purge: 0.0 ms]
   [Clear CT: 0.6 ms]
   [Other: 1.3 ms]
      [Choose CSet: 0.0 ms]
      [Ref Proc: 0.3 ms]
      [Ref Enq: 0.0 ms]
      [Redirty Cards: 0.4 ms]
      [Humongous Register: 0.0 ms]
      [Humongous Reclaim: 0.0 ms]
      [Free CSet: 0.2 ms]
   [Eden: 189.0M(189.0M)->0.0B(181.0M) Survivors: 4096.0K->25.0M Heap: 234.9M(2048.0M)->233.9M(2048.0M)]
 [Times: user=1.25 sys=0.00, real=0.16 secs] 
2020-09-29T12:32:39.145+0200: 156.404: [GC pause (G1 Evacuation Pause) (young), 0.1604437 secs]
   [Parallel Time: 158.9 ms, GC Workers: 8]
      [GC Worker Start (ms): Min: 156404.5, Avg: 156404.6, Max: 156404.7, Diff: 0.2]
      [Ext Root Scanning (ms): Min: 0.0, Avg: 0.1, Max: 0.2, Diff: 0.2, Sum: 0.8]
      [Update RS (ms): Min: 15.4, Avg: 15.6, Max: 16.6, Diff: 1.2, Sum: 125.1]
         [Processed Buffers: Min: 11, Avg: 12.4, Max: 15, Diff: 4, Sum: 99]
      [Scan RS (ms): Min: 13.9, Avg: 14.9, Max: 15.2, Diff: 1.3, Sum: 119.6]
      [Code Root Scanning (ms): Min: 0.0, Avg: 0.0, Max: 0.0, Diff: 0.0, Sum: 0.0]
      [Object Copy (ms): Min: 127.7, Avg: 127.8, Max: 127.8, Diff: 0.1, Sum: 1022.0]
      [Termination (ms): Min: 0.0, Avg: 0.0, Max: 0.0, Diff: 0.0, Sum: 0.2]
         [Termination Attempts: Min: 1, Avg: 123.4, Max: 166, Diff: 165, Sum: 987]
      [GC Worker Other (ms): Min: 0.0, Avg: 0.0, Max: 0.1, Diff: 0.0, Sum: 0.2]
      [GC Worker Total (ms): Min: 158.4, Avg: 158.5, Max: 158.6, Diff: 0.2, Sum: 1268.0]
      [GC Worker End (ms): Min: 156563.1, Avg: 156563.1, Max: 156563.1, Diff: 0.0]
   [Code Root Fixup: 0.0 ms]
   [Code Root Purge: 0.0 ms]
   [Clear CT: 0.3 ms]
   [Other: 1.2 ms]
      [Choose CSet: 0.0 ms]
      [Ref Proc: 0.3 ms]
      [Ref Enq: 0.0 ms]
      [Redirty Cards: 0.3 ms]
      [Humongous Register: 0.0 ms]
      [Humongous Reclaim: 0.0 ms]
      [Free CSet: 0.3 ms]
   [Eden: 181.0M(181.0M)->0.0B(184.0M) Survivors: 25.0M->26.0M Heap: 445.4M(2048.0M)->447.9M(2048.0M)]
 [Times: user=1.23 sys=0.02, real=0.16 secs] 
2020-09-29T12:32:39.468+0200: 156.726: [GC pause (G1 Evacuation Pause) (young), 0.1862574 secs]
   [Parallel Time: 184.7 ms, GC Workers: 8]
      [GC Worker Start (ms): Min: 156726.5, Avg: 156726.7, Max: 156726.8, Diff: 0.2]
      [Ext Root Scanning (ms): Min: 0.0, Avg: 0.1, Max: 0.2, Diff: 0.2, Sum: 0.7]
      [Update RS (ms): Min: 20.3, Avg: 20.5, Max: 20.7, Diff: 0.3, Sum: 163.8]
         [Processed Buffers: Min: 14, Avg: 15.6, Max: 19, Diff: 5, Sum: 125]
      [Scan RS (ms): Min: 12.9, Avg: 13.2, Max: 13.4, Diff: 0.4, Sum: 105.2]
      [Code Root Scanning (ms): Min: 0.0, Avg: 0.0, Max: 0.0, Diff: 0.0, Sum: 0.0]
      [Object Copy (ms): Min: 150.0, Avg: 150.2, Max: 150.5, Diff: 0.5, Sum: 1201.7]
      [Termination (ms): Min: 0.0, Avg: 0.4, Max: 0.5, Diff: 0.5, Sum: 2.8]
         [Termination Attempts: Min: 1, Avg: 1443.3, Max: 1866, Diff: 1865, Sum: 11546]
      [GC Worker Other (ms): Min: 0.0, Avg: 0.0, Max: 0.1, Diff: 0.1, Sum: 0.4]
      [GC Worker Total (ms): Min: 184.2, Avg: 184.3, Max: 184.5, Diff: 0.3, Sum: 1474.6]
      [GC Worker End (ms): Min: 156911.0, Avg: 156911.0, Max: 156911.0, Diff: 0.1]
   [Code Root Fixup: 0.0 ms]
   [Code Root Purge: 0.0 ms]
   [Clear CT: 0.3 ms]
   [Other: 1.3 ms]
      [Choose CSet: 0.0 ms]
      [Ref Proc: 0.3 ms]
      [Ref Enq: 0.0 ms]
      [Redirty Cards: 0.4 ms]
      [Humongous Register: 0.1 ms]
      [Humongous Reclaim: 0.0 ms]
      [Free CSet: 0.3 ms]
   [Eden: 184.0M(184.0M)->0.0B(177.0M) Survivors: 26.0M->27.0M Heap: 662.5M(2048.0M)->664.0M(2048.0M)]
 [Times: user=1.48 sys=0.00, real=0.19 secs] 
2020-09-29T12:32:39.819+0200: 157.078: [GC pause (G1 Evacuation Pause) (young), 0.1617655 secs]
   [Parallel Time: 159.9 ms, GC Workers: 8]
      [GC Worker Start (ms): Min: 157078.4, Avg: 157078.5, Max: 157078.6, Diff: 0.2]
      [Ext Root Scanning (ms): Min: 0.0, Avg: 0.1, Max: 0.2, Diff: 0.2, Sum: 0.7]
      [Update RS (ms): Min: 14.6, Avg: 15.0, Max: 15.6, Diff: 1.0, Sum: 119.8]
         [Processed Buffers: Min: 10, Avg: 10.9, Max: 13, Diff: 3, Sum: 87]
      [Scan RS (ms): Min: 14.5, Avg: 15.2, Max: 15.6, Diff: 1.1, Sum: 121.4]
      [Code Root Scanning (ms): Min: 0.0, Avg: 0.0, Max: 0.0, Diff: 0.0, Sum: 0.0]
      [Object Copy (ms): Min: 129.2, Avg: 129.2, Max: 129.3, Diff: 0.1, Sum: 1033.7]
      [Termination (ms): Min: 0.0, Avg: 0.1, Max: 0.1, Diff: 0.1, Sum: 0.6]
         [Termination Attempts: Min: 1, Avg: 194.5, Max: 263, Diff: 262, Sum: 1556]
      [GC Worker Other (ms): Min: 0.0, Avg: 0.0, Max: 0.1, Diff: 0.0, Sum: 0.3]
      [GC Worker Total (ms): Min: 159.5, Avg: 159.6, Max: 159.7, Diff: 0.2, Sum: 1276.5]
      [GC Worker End (ms): Min: 157238.0, Avg: 157238.1, Max: 157238.1, Diff: 0.1]
   [Code Root Fixup: 0.0 ms]
   [Code Root Purge: 0.0 ms]
   [Clear CT: 0.5 ms]
   [Other: 1.3 ms]
      [Choose CSet: 0.0 ms]
      [Ref Proc: 0.3 ms]
      [Ref Enq: 0.0 ms]
      [Redirty Cards: 0.5 ms]
      [Humongous Register: 0.1 ms]
      [Humongous Reclaim: 0.0 ms]
      [Free CSet: 0.2 ms]
   [Eden: 177.0M(177.0M)->0.0B(183.0M) Survivors: 27.0M->26.0M Heap: 869.6M(2048.0M)->871.6M(2048.0M)]
 [Times: user=1.25 sys=0.00, real=0.16 secs] 
2020-09-29T12:32:40.140+0200: 157.399: [GC pause (G1 Evacuation Pause) (young), 0.1754553 secs]
   [Parallel Time: 173.0 ms, GC Workers: 8]
      [GC Worker Start (ms): Min: 157399.4, Avg: 157399.5, Max: 157399.6, Diff: 0.3]
      [Ext Root Scanning (ms): Min: 0.0, Avg: 0.1, Max: 0.2, Diff: 0.2, Sum: 0.7]
      [Update RS (ms): Min: 17.7, Avg: 18.2, Max: 19.0, Diff: 1.3, Sum: 145.3]
         [Processed Buffers: Min: 10, Avg: 12.6, Max: 15, Diff: 5, Sum: 101]
      [Scan RS (ms): Min: 14.2, Avg: 15.1, Max: 15.7, Diff: 1.5, Sum: 121.0]
      [Code Root Scanning (ms): Min: 0.0, Avg: 0.0, Max: 0.0, Diff: 0.0, Sum: 0.0]
      [Object Copy (ms): Min: 138.9, Avg: 139.0, Max: 139.3, Diff: 0.4, Sum: 1112.1]
      [Termination (ms): Min: 0.0, Avg: 0.2, Max: 0.2, Diff: 0.2, Sum: 1.5]
         [Termination Attempts: Min: 1, Avg: 717.5, Max: 882, Diff: 881, Sum: 5740]
      [GC Worker Other (ms): Min: 0.0, Avg: 0.0, Max: 0.1, Diff: 0.1, Sum: 0.3]
      [GC Worker Total (ms): Min: 172.5, Avg: 172.6, Max: 172.8, Diff: 0.3, Sum: 1380.9]
      [GC Worker End (ms): Min: 157572.1, Avg: 157572.2, Max: 157572.2, Diff: 0.1]
   [Code Root Fixup: 0.0 ms]
   [Code Root Purge: 0.0 ms]
   [Clear CT: 1.1 ms]
   [Other: 1.3 ms]
      [Choose CSet: 0.0 ms]
      [Ref Proc: 0.3 ms]
      [Ref Enq: 0.0 ms]
      [Redirty Cards: 0.6 ms]
      [Humongous Register: 0.1 ms]
      [Humongous Reclaim: 0.0 ms]
      [Free CSet: 0.2 ms]
   [Eden: 183.0M(183.0M)->0.0B(183.0M) Survivors: 26.0M->27.0M Heap: 1085.1M(2048.0M)->1087.1M(2048.0M)]
 [Times: user=1.34 sys=0.00, real=0.18 secs] 
2020-09-29T12:32:40.324+0200: 157.583: [GC pause (G1 Humongous Allocation) (young) (initial-mark), 0.0704242 secs]
   [Parallel Time: 69.1 ms, GC Workers: 8]
      [GC Worker Start (ms): Min: 157583.0, Avg: 157583.1, Max: 157583.3, Diff: 0.2]
      [Ext Root Scanning (ms): Min: 0.0, Avg: 0.9, Max: 5.8, Diff: 5.8, Sum: 7.1]
      [Update RS (ms): Min: 34.7, Avg: 39.3, Max: 40.5, Diff: 5.7, Sum: 314.1]
         [Processed Buffers: Min: 25, Avg: 28.3, Max: 30, Diff: 5, Sum: 226]
      [Scan RS (ms): Min: 2.2, Avg: 2.7, Max: 3.1, Diff: 0.9, Sum: 21.2]
      [Code Root Scanning (ms): Min: 0.0, Avg: 0.0, Max: 0.0, Diff: 0.0, Sum: 0.0]
      [Object Copy (ms): Min: 25.9, Avg: 25.9, Max: 26.1, Diff: 0.2, Sum: 207.4]
      [Termination (ms): Min: 0.0, Avg: 0.2, Max: 0.2, Diff: 0.2, Sum: 1.4]
         [Termination Attempts: Min: 1, Avg: 720.1, Max: 855, Diff: 854, Sum: 5761]
      [GC Worker Other (ms): Min: 0.0, Avg: 0.0, Max: 0.0, Diff: 0.0, Sum: 0.2]
      [GC Worker Total (ms): Min: 68.8, Avg: 68.9, Max: 69.0, Diff: 0.3, Sum: 551.3]
      [GC Worker End (ms): Min: 157652.1, Avg: 157652.1, Max: 157652.1, Diff: 0.0]
   [Code Root Fixup: 0.0 ms]
   [Code Root Purge: 0.0 ms]
   [Clear CT: 0.2 ms]
   [Other: 1.1 ms]
      [Choose CSet: 0.0 ms]
      [Ref Proc: 0.3 ms]
      [Ref Enq: 0.0 ms]
      [Redirty Cards: 0.2 ms]
      [Humongous Register: 0.1 ms]
      [Humongous Reclaim: 0.0 ms]
      [Free CSet: 0.1 ms]
   [Eden: 2048.0K(183.0M)->0.0B(189.0M) Survivors: 27.0M->4096.0K Heap: 1089.1M(2048.0M)->1093.1M(2048.0M)]
 [Times: user=0.50 sys=0.00, real=0.07 secs] 
2020-09-29T12:32:40.395+0200: 157.653: [GC concurrent-root-region-scan-start]
2020-09-29T12:32:40.396+0200: 157.655: [GC concurrent-root-region-scan-end, 0.0010502 secs]
2020-09-29T12:32:40.396+0200: 157.655: [GC concurrent-mark-start]
2020-09-29T12:32:40.401+0200: 157.660: [GC concurrent-mark-end, 0.0052413 secs]
2020-09-29T12:32:40.401+0200: 157.660: [GC remark 2020-09-29T12:32:40.401+0200: 157.660: [Finalize Marking, 0.0003731 secs] 2020-09-29T12:32:40.402+0200: 157.661: [GC ref-proc, 0.0007129 secs] 2020-09-29T12:32:40.402+0200: 157.661: [Unloading, 0.0007899 secs], 0.0024579 secs]
 [Times: user=0.00 sys=0.00, real=0.00 secs] 
2020-09-29T12:32:40.404+0200: 157.663: [GC cleanup 1102M->23M(2048M), 0.0018578 secs]
 [Times: user=0.00 sys=0.00, real=0.00 secs] 
2020-09-29T12:32:40.406+0200: 157.665: [GC concurrent-cleanup-start]
2020-09-29T12:32:40.408+0200: 157.667: [GC concurrent-cleanup-end, 0.0019115 secs]
2020-09-29T12:32:40.556+0200: 157.815: [GC pause (G1 Evacuation Pause) (young), 0.1490500 secs]
   [Parallel Time: 147.3 ms, GC Workers: 8]
      [GC Worker Start (ms): Min: 157815.1, Avg: 157815.2, Max: 157815.3, Diff: 0.3]
      [Ext Root Scanning (ms): Min: 0.0, Avg: 0.1, Max: 0.2, Diff: 0.2, Sum: 0.7]
      [Update RS (ms): Min: 19.5, Avg: 19.7, Max: 19.9, Diff: 0.4, Sum: 157.5]
         [Processed Buffers: Min: 14, Avg: 15.3, Max: 18, Diff: 4, Sum: 122]
      [Scan RS (ms): Min: 10.9, Avg: 11.1, Max: 11.3, Diff: 0.4, Sum: 88.7]
      [Code Root Scanning (ms): Min: 0.0, Avg: 0.0, Max: 0.0, Diff: 0.0, Sum: 0.0]
      [Object Copy (ms): Min: 116.0, Avg: 116.0, Max: 116.1, Diff: 0.1, Sum: 927.9]
      [Termination (ms): Min: 0.0, Avg: 0.0, Max: 0.0, Diff: 0.0, Sum: 0.1]
         [Termination Attempts: Min: 1, Avg: 72.4, Max: 96, Diff: 95, Sum: 579]
      [GC Worker Other (ms): Min: 0.0, Avg: 0.0, Max: 0.1, Diff: 0.1, Sum: 0.3]
      [GC Worker Total (ms): Min: 146.8, Avg: 146.9, Max: 147.0, Diff: 0.2, Sum: 1175.3]
      [GC Worker End (ms): Min: 157962.1, Avg: 157962.1, Max: 157962.2, Diff: 0.1]
   [Code Root Fixup: 0.0 ms]
   [Code Root Purge: 0.0 ms]
   [Clear CT: 0.7 ms]
   [Other: 1.1 ms]
      [Choose CSet: 0.0 ms]
      [Ref Proc: 0.2 ms]
      [Ref Enq: 0.0 ms]
      [Redirty Cards: 0.3 ms]
      [Humongous Register: 0.0 ms]
      [Humongous Reclaim: 0.0 ms]
      [Free CSet: 0.2 ms]
   [Eden: 189.0M(189.0M)->0.0B(184.0M) Survivors: 4096.0K->25.0M Heap: 235.4M(2048.0M)->232.9M(2048.0M)]
 [Times: user=1.13 sys=0.00, real=0.15 secs] 
2020-09-29T12:32:40.859+0200: 158.118: [GC pause (G1 Evacuation Pause) (young), 0.1826094 secs]
   [Parallel Time: 181.0 ms, GC Workers: 8]
      [GC Worker Start (ms): Min: 158118.0, Avg: 158118.2, Max: 158118.3, Diff: 0.2]
      [Ext Root Scanning (ms): Min: 0.0, Avg: 0.1, Max: 0.2, Diff: 0.2, Sum: 0.7]
      [Update RS (ms): Min: 18.7, Avg: 18.9, Max: 19.4, Diff: 0.8, Sum: 151.5]
         [Processed Buffers: Min: 13, Avg: 14.3, Max: 16, Diff: 3, Sum: 114]
      [Scan RS (ms): Min: 13.7, Avg: 15.9, Max: 28.0, Diff: 14.4, Sum: 127.1]
      [Code Root Scanning (ms): Min: 0.0, Avg: 0.0, Max: 0.0, Diff: 0.0, Sum: 0.0]
      [Object Copy (ms): Min: 133.8, Avg: 145.4, Max: 147.1, Diff: 13.3, Sum: 1163.3]
      [Termination (ms): Min: 0.0, Avg: 0.3, Max: 0.4, Diff: 0.4, Sum: 2.4]
         [Termination Attempts: Min: 1, Avg: 1138.1, Max: 1339, Diff: 1338, Sum: 9105]
      [GC Worker Other (ms): Min: 0.0, Avg: 0.0, Max: 0.1, Diff: 0.1, Sum: 0.3]
      [GC Worker Total (ms): Min: 180.6, Avg: 180.7, Max: 180.8, Diff: 0.2, Sum: 1445.4]
      [GC Worker End (ms): Min: 158298.8, Avg: 158298.8, Max: 158298.9, Diff: 0.1]
   [Code Root Fixup: 0.0 ms]
   [Code Root Purge: 0.0 ms]
   [Clear CT: 0.3 ms]
   [Other: 1.3 ms]
      [Choose CSet: 0.0 ms]
      [Ref Proc: 0.3 ms]
      [Ref Enq: 0.0 ms]
      [Redirty Cards: 0.4 ms]
      [Humongous Register: 0.0 ms]
      [Humongous Reclaim: 0.0 ms]
      [Free CSet: 0.3 ms]
   [Eden: 184.0M(184.0M)->0.0B(178.0M) Survivors: 25.0M->27.0M Heap: 447.4M(2048.0M)->449.9M(2048.0M)]
 [Times: user=1.49 sys=0.00, real=0.18 secs] 
2020-09-29T12:32:41.195+0200: 158.453: [GC pause (G1 Evacuation Pause) (young), 0.1642071 secs]
   [Parallel Time: 162.7 ms, GC Workers: 8]
      [GC Worker Start (ms): Min: 158453.6, Avg: 158453.8, Max: 158453.9, Diff: 0.3]
      [Ext Root Scanning (ms): Min: 0.0, Avg: 0.1, Max: 0.2, Diff: 0.2, Sum: 0.7]
      [Update RS (ms): Min: 19.8, Avg: 20.0, Max: 21.0, Diff: 1.2, Sum: 160.2]
         [Processed Buffers: Min: 15, Avg: 16.0, Max: 17, Diff: 2, Sum: 128]
      [Scan RS (ms): Min: 11.8, Avg: 12.8, Max: 13.1, Diff: 1.3, Sum: 102.2]
      [Code Root Scanning (ms): Min: 0.0, Avg: 0.0, Max: 0.0, Diff: 0.0, Sum: 0.0]
      [Object Copy (ms): Min: 129.3, Avg: 129.4, Max: 129.5, Diff: 0.3, Sum: 1035.0]
      [Termination (ms): Min: 0.0, Avg: 0.1, Max: 0.1, Diff: 0.1, Sum: 0.7]
         [Termination Attempts: Min: 1, Avg: 377.4, Max: 472, Diff: 471, Sum: 3019]
      [GC Worker Other (ms): Min: 0.0, Avg: 0.0, Max: 0.1, Diff: 0.1, Sum: 0.4]
      [GC Worker Total (ms): Min: 162.3, Avg: 162.4, Max: 162.5, Diff: 0.2, Sum: 1299.2]
      [GC Worker End (ms): Min: 158616.1, Avg: 158616.2, Max: 158616.2, Diff: 0.1]
   [Code Root Fixup: 0.0 ms]
   [Code Root Purge: 0.0 ms]
   [Clear CT: 0.3 ms]
   [Other: 1.2 ms]
      [Choose CSet: 0.0 ms]
      [Ref Proc: 0.3 ms]
      [Ref Enq: 0.0 ms]
      [Redirty Cards: 0.4 ms]
      [Humongous Register: 0.0 ms]
      [Humongous Reclaim: 0.0 ms]
      [Free CSet: 0.2 ms]
   [Eden: 178.0M(178.0M)->0.0B(185.0M) Survivors: 27.0M->26.0M Heap: 658.5M(2048.0M)->661.0M(2048.0M)]
 [Times: user=1.25 sys=0.00, real=0.16 secs] 
2020-09-29T12:32:41.515+0200: 158.774: [GC pause (G1 Evacuation Pause) (young), 0.1733908 secs]
   [Parallel Time: 171.8 ms, GC Workers: 8]
      [GC Worker Start (ms): Min: 158774.2, Avg: 158774.4, Max: 158774.4, Diff: 0.2]
      [Ext Root Scanning (ms): Min: 0.0, Avg: 0.1, Max: 0.2, Diff: 0.2, Sum: 0.9]
      [Update RS (ms): Min: 18.0, Avg: 18.1, Max: 18.3, Diff: 0.4, Sum: 144.5]
         [Processed Buffers: Min: 13, Avg: 14.3, Max: 17, Diff: 4, Sum: 114]
      [Scan RS (ms): Min: 14.6, Avg: 14.9, Max: 15.0, Diff: 0.4, Sum: 119.0]
      [Code Root Scanning (ms): Min: 0.0, Avg: 0.0, Max: 0.0, Diff: 0.0, Sum: 0.0]
      [Object Copy (ms): Min: 138.2, Avg: 138.3, Max: 138.4, Diff: 0.2, Sum: 1106.1]
      [Termination (ms): Min: 0.0, Avg: 0.1, Max: 0.2, Diff: 0.2, Sum: 1.0]
         [Termination Attempts: Min: 1, Avg: 454.1, Max: 626, Diff: 625, Sum: 3633]
      [GC Worker Other (ms): Min: 0.0, Avg: 0.0, Max: 0.1, Diff: 0.0, Sum: 0.3]
      [GC Worker Total (ms): Min: 171.4, Avg: 171.5, Max: 171.6, Diff: 0.2, Sum: 1371.8]
      [GC Worker End (ms): Min: 158945.8, Avg: 158945.8, Max: 158945.9, Diff: 0.0]
   [Code Root Fixup: 0.0 ms]
   [Code Root Purge: 0.0 ms]
   [Clear CT: 0.4 ms]
   [Other: 1.2 ms]
      [Choose CSet: 0.0 ms]
      [Ref Proc: 0.3 ms]
      [Ref Enq: 0.0 ms]
      [Redirty Cards: 0.4 ms]
      [Humongous Register: 0.1 ms]
      [Humongous Reclaim: 0.0 ms]
      [Free CSet: 0.3 ms]
   [Eden: 185.0M(185.0M)->0.0B(186.0M) Survivors: 26.0M->27.0M Heap: 876.5M(2048.0M)->878.0M(2048.0M)]
 [Times: user=1.38 sys=0.00, real=0.17 secs] 
2020-09-29T12:32:41.848+0200: 159.106: [GC pause (G1 Evacuation Pause) (young), 0.1733891 secs]
   [Parallel Time: 171.8 ms, GC Workers: 8]
      [GC Worker Start (ms): Min: 159106.5, Avg: 159106.6, Max: 159106.7, Diff: 0.3]
      [Ext Root Scanning (ms): Min: 0.0, Avg: 0.1, Max: 0.2, Diff: 0.2, Sum: 0.7]
      [Update RS (ms): Min: 24.4, Avg: 24.9, Max: 25.3, Diff: 0.9, Sum: 199.1]
         [Processed Buffers: Min: 17, Avg: 18.6, Max: 20, Diff: 3, Sum: 149]
      [Scan RS (ms): Min: 11.1, Avg: 11.5, Max: 12.0, Diff: 0.9, Sum: 91.9]
      [Code Root Scanning (ms): Min: 0.0, Avg: 0.0, Max: 0.0, Diff: 0.0, Sum: 0.0]
      [Object Copy (ms): Min: 134.7, Avg: 134.8, Max: 134.9, Diff: 0.1, Sum: 1078.2]
      [Termination (ms): Min: 0.0, Avg: 0.1, Max: 0.2, Diff: 0.2, Sum: 1.1]
         [Termination Attempts: Min: 1, Avg: 484.9, Max: 638, Diff: 637, Sum: 3879]
      [GC Worker Other (ms): Min: 0.0, Avg: 0.0, Max: 0.1, Diff: 0.1, Sum: 0.3]
      [GC Worker Total (ms): Min: 171.3, Avg: 171.4, Max: 171.6, Diff: 0.3, Sum: 1371.4]
      [GC Worker End (ms): Min: 159278.0, Avg: 159278.1, Max: 159278.1, Diff: 0.1]
   [Code Root Fixup: 0.0 ms]
   [Code Root Purge: 0.0 ms]
   [Clear CT: 0.5 ms]
   [Other: 1.2 ms]
      [Choose CSet: 0.0 ms]
      [Ref Proc: 0.4 ms]
      [Ref Enq: 0.0 ms]
      [Redirty Cards: 0.4 ms]
      [Humongous Register: 0.1 ms]
      [Humongous Reclaim: 0.0 ms]
      [Free CSet: 0.2 ms]
   [Eden: 186.0M(186.0M)->0.0B(191.0M) Survivors: 27.0M->27.0M Heap: 1094.5M(2048.0M)->1096.5M(2048.0M)]
 [Times: user=1.38 sys=0.00, real=0.17 secs] 
2020-09-29T12:32:42.031+0200: 159.290: [GC pause (G1 Humongous Allocation) (young) (initial-mark), 0.0857753 secs]
   [Parallel Time: 83.7 ms, GC Workers: 8]
      [GC Worker Start (ms): Min: 159290.3, Avg: 159290.4, Max: 159290.5, Diff: 0.2]
      [Ext Root Scanning (ms): Min: 0.0, Avg: 0.2, Max: 0.3, Diff: 0.3, Sum: 1.5]
      [Update RS (ms): Min: 37.1, Avg: 37.5, Max: 38.0, Diff: 0.9, Sum: 299.7]
         [Processed Buffers: Min: 26, Avg: 27.1, Max: 30, Diff: 4, Sum: 217]
      [Scan RS (ms): Min: 2.0, Avg: 2.6, Max: 2.9, Diff: 0.9, Sum: 21.1]
      [Code Root Scanning (ms): Min: 0.0, Avg: 0.0, Max: 0.0, Diff: 0.0, Sum: 0.0]
      [Object Copy (ms): Min: 42.6, Avg: 42.8, Max: 43.0, Diff: 0.4, Sum: 342.2]
      [Termination (ms): Min: 0.0, Avg: 0.2, Max: 0.3, Diff: 0.3, Sum: 1.3]
         [Termination Attempts: Min: 1, Avg: 296.4, Max: 383, Diff: 382, Sum: 2371]
      [GC Worker Other (ms): Min: 0.0, Avg: 0.0, Max: 0.0, Diff: 0.0, Sum: 0.2]
      [GC Worker Total (ms): Min: 83.1, Avg: 83.2, Max: 83.4, Diff: 0.3, Sum: 665.9]
      [GC Worker End (ms): Min: 159373.6, Avg: 159373.7, Max: 159373.7, Diff: 0.1]
   [Code Root Fixup: 0.0 ms]
   [Code Root Purge: 0.0 ms]
   [Clear CT: 0.3 ms]
   [Other: 1.9 ms]
      [Choose CSet: 0.0 ms]
      [Ref Proc: 0.5 ms]
      [Ref Enq: 0.0 ms]
      [Redirty Cards: 1.0 ms]
      [Humongous Register: 0.0 ms]
      [Humongous Reclaim: 0.0 ms]
      [Free CSet: 0.1 ms]
   [Eden: 6144.0K(191.0M)->0.0B(151.0M) Survivors: 27.0M->6144.0K Heap: 1102.0M(2048.0M)->1105.5M(2048.0M)]
 [Times: user=0.69 sys=0.01, real=0.09 secs] 
2020-09-29T12:32:42.117+0200: 159.376: [GC concurrent-root-region-scan-start]
2020-09-29T12:32:42.119+0200: 159.378: [GC concurrent-root-region-scan-end, 0.0017574 secs]
2020-09-29T12:32:42.119+0200: 159.378: [GC concurrent-mark-start]
2020-09-29T12:32:42.126+0200: 159.385: [GC concurrent-mark-end, 0.0069706 secs]
2020-09-29T12:32:42.126+0200: 159.385: [GC remark 2020-09-29T12:32:42.126+0200: 159.385: [Finalize Marking, 0.0002552 secs] 2020-09-29T12:32:42.127+0200: 159.385: [GC ref-proc, 0.0005562 secs] 2020-09-29T12:32:42.127+0200: 159.386: [Unloading, 0.0007342 secs], 0.0020512 secs]
 [Times: user=0.00 sys=0.00, real=0.00 secs] 
2020-09-29T12:32:42.129+0200: 159.388: [GC cleanup 1118M->28M(2048M), 0.0020468 secs]
 [Times: user=0.02 sys=0.02, real=0.00 secs] 
2020-09-29T12:32:42.131+0200: 159.390: [GC concurrent-cleanup-start]
2020-09-29T12:32:42.134+0200: 159.393: [GC concurrent-cleanup-end, 0.0031042 secs]
2020-09-29T12:32:42.251+0200: 159.509: [GC pause (G1 Evacuation Pause) (young), 0.1430802 secs]
   [Parallel Time: 140.2 ms, GC Workers: 8]
      [GC Worker Start (ms): Min: 159509.5, Avg: 159509.6, Max: 159509.7, Diff: 0.3]
      [Ext Root Scanning (ms): Min: 0.0, Avg: 0.1, Max: 0.2, Diff: 0.2, Sum: 0.7]
      [Update RS (ms): Min: 20.0, Avg: 20.2, Max: 20.5, Diff: 0.5, Sum: 161.2]
         [Processed Buffers: Min: 13, Avg: 14.4, Max: 17, Diff: 4, Sum: 115]
      [Scan RS (ms): Min: 12.1, Avg: 12.5, Max: 12.7, Diff: 0.5, Sum: 99.9]
      [Code Root Scanning (ms): Min: 0.0, Avg: 0.0, Max: 0.0, Diff: 0.0, Sum: 0.0]
      [Object Copy (ms): Min: 106.7, Avg: 106.8, Max: 107.0, Diff: 0.3, Sum: 854.6]
      [Termination (ms): Min: 0.0, Avg: 0.1, Max: 0.1, Diff: 0.1, Sum: 0.7]
         [Termination Attempts: Min: 1, Avg: 348.3, Max: 434, Diff: 433, Sum: 2786]
      [GC Worker Other (ms): Min: 0.0, Avg: 0.0, Max: 0.1, Diff: 0.1, Sum: 0.3]
      [GC Worker Total (ms): Min: 139.6, Avg: 139.7, Max: 139.9, Diff: 0.3, Sum: 1117.5]
      [GC Worker End (ms): Min: 159649.3, Avg: 159649.3, Max: 159649.3, Diff: 0.1]
   [Code Root Fixup: 0.0 ms]
   [Code Root Purge: 0.0 ms]
   [Clear CT: 0.6 ms]
   [Other: 2.3 ms]
      [Choose CSet: 0.0 ms]
      [Ref Proc: 0.3 ms]
      [Ref Enq: 0.0 ms]
      [Redirty Cards: 1.3 ms]
      [Humongous Register: 0.0 ms]
      [Humongous Reclaim: 0.0 ms]
      [Free CSet: 0.2 ms]
   [Eden: 151.0M(151.0M)->0.0B(145.0M) Survivors: 6144.0K->20.0M Heap: 193.7M(2048.0M)->189.2M(2048.0M)]
 [Times: user=1.11 sys=0.01, real=0.14 secs] 
2020-09-29T12:32:42.568+0200: 159.826: [GC pause (G1 Evacuation Pause) (young), 0.1926720 secs]
   [Parallel Time: 190.5 ms, GC Workers: 8]
      [GC Worker Start (ms): Min: 159826.6, Avg: 159826.8, Max: 159826.9, Diff: 0.3]
      [Ext Root Scanning (ms): Min: 0.0, Avg: 0.1, Max: 0.3, Diff: 0.3, Sum: 1.0]
      [Update RS (ms): Min: 17.9, Avg: 18.1, Max: 18.6, Diff: 0.7, Sum: 144.8]
         [Processed Buffers: Min: 9, Avg: 9.5, Max: 11, Diff: 2, Sum: 76]
      [Scan RS (ms): Min: 17.3, Avg: 17.8, Max: 18.0, Diff: 0.7, Sum: 142.1]
      [Code Root Scanning (ms): Min: 0.0, Avg: 0.0, Max: 0.0, Diff: 0.0, Sum: 0.0]
      [Object Copy (ms): Min: 153.9, Avg: 154.0, Max: 154.1, Diff: 0.2, Sum: 1231.8]
      [Termination (ms): Min: 0.0, Avg: 0.0, Max: 0.0, Diff: 0.0, Sum: 0.2]
         [Termination Attempts: Min: 1, Avg: 64.8, Max: 81, Diff: 80, Sum: 518]
      [GC Worker Other (ms): Min: 0.0, Avg: 0.0, Max: 0.1, Diff: 0.1, Sum: 0.4]
      [GC Worker Total (ms): Min: 189.9, Avg: 190.0, Max: 190.3, Diff: 0.4, Sum: 1520.3]
      [GC Worker End (ms): Min: 160016.8, Avg: 160016.9, Max: 160016.9, Diff: 0.1]
   [Code Root Fixup: 0.0 ms]
   [Code Root Purge: 0.0 ms]
   [Clear CT: 0.6 ms]
   [Other: 1.5 ms]
      [Choose CSet: 0.0 ms]
      [Ref Proc: 0.3 ms]
      [Ref Enq: 0.0 ms]
      [Redirty Cards: 0.5 ms]
      [Humongous Register: 0.1 ms]
      [Humongous Reclaim: 0.0 ms]
      [Free CSet: 0.3 ms]
   [Eden: 145.0M(145.0M)->0.0B(131.0M) Survivors: 20.0M->21.0M Heap: 357.1M(2048.0M)->359.6M(2048.0M)]
 [Times: user=1.50 sys=0.00, real=0.19 secs] 
2020-09-29T12:32:42.931+0200: 160.190: [GC pause (G1 Evacuation Pause) (young), 0.1810853 secs]
   [Parallel Time: 179.0 ms, GC Workers: 8]
      [GC Worker Start (ms): Min: 160190.3, Avg: 160190.4, Max: 160190.5, Diff: 0.2]
      [Ext Root Scanning (ms): Min: 0.1, Avg: 0.2, Max: 0.3, Diff: 0.2, Sum: 1.2]
      [Update RS (ms): Min: 26.9, Avg: 27.0, Max: 27.2, Diff: 0.3, Sum: 216.2]
         [Processed Buffers: Min: 14, Avg: 14.9, Max: 16, Diff: 2, Sum: 119]
      [Scan RS (ms): Min: 11.0, Avg: 11.1, Max: 11.2, Diff: 0.1, Sum: 89.0]
      [Code Root Scanning (ms): Min: 0.0, Avg: 0.0, Max: 0.0, Diff: 0.0, Sum: 0.0]
      [Object Copy (ms): Min: 140.0, Avg: 140.2, Max: 140.3, Diff: 0.3, Sum: 1121.6]
      [Termination (ms): Min: 0.0, Avg: 0.1, Max: 0.1, Diff: 0.1, Sum: 0.6]
         [Termination Attempts: Min: 1, Avg: 209.1, Max: 255, Diff: 254, Sum: 1673]
      [GC Worker Other (ms): Min: 0.0, Avg: 0.1, Max: 0.1, Diff: 0.1, Sum: 0.4]
      [GC Worker Total (ms): Min: 178.5, Avg: 178.6, Max: 178.7, Diff: 0.2, Sum: 1429.1]
      [GC Worker End (ms): Min: 160369.0, Avg: 160369.0, Max: 160369.1, Diff: 0.1]
   [Code Root Fixup: 0.0 ms]
   [Code Root Purge: 0.0 ms]
   [Clear CT: 0.4 ms]
   [Other: 1.6 ms]
      [Choose CSet: 0.0 ms]
      [Ref Proc: 0.3 ms]
      [Ref Enq: 0.0 ms]
      [Redirty Cards: 0.6 ms]
      [Humongous Register: 0.1 ms]
      [Humongous Reclaim: 0.0 ms]
      [Free CSet: 0.3 ms]
   [Eden: 131.0M(131.0M)->0.0B(130.0M) Survivors: 21.0M->19.0M Heap: 513.5M(2048.0M)->515.5M(2048.0M)]
 [Times: user=1.38 sys=0.00, real=0.18 secs] 
2020-09-29T12:32:43.283+0200: 160.541: [GC pause (G1 Evacuation Pause) (young), 0.1817450 secs]
   [Parallel Time: 179.6 ms, GC Workers: 8]
      [GC Worker Start (ms): Min: 160541.7, Avg: 160541.8, Max: 160541.9, Diff: 0.2]
      [Ext Root Scanning (ms): Min: 0.0, Avg: 0.2, Max: 0.3, Diff: 0.2, Sum: 1.3]
      [Update RS (ms): Min: 24.7, Avg: 25.0, Max: 25.9, Diff: 1.2, Sum: 200.2]
         [Processed Buffers: Min: 12, Avg: 13.1, Max: 15, Diff: 3, Sum: 105]
      [Scan RS (ms): Min: 10.8, Avg: 11.7, Max: 12.0, Diff: 1.2, Sum: 93.4]
      [Code Root Scanning (ms): Min: 0.0, Avg: 0.0, Max: 0.0, Diff: 0.0, Sum: 0.0]
      [Object Copy (ms): Min: 142.0, Avg: 142.1, Max: 142.2, Diff: 0.2, Sum: 1137.0]
      [Termination (ms): Min: 0.0, Avg: 0.1, Max: 0.2, Diff: 0.2, Sum: 1.2]
         [Termination Attempts: Min: 1, Avg: 422.1, Max: 521, Diff: 520, Sum: 3377]
      [GC Worker Other (ms): Min: 0.0, Avg: 0.1, Max: 0.1, Diff: 0.1, Sum: 0.5]
      [GC Worker Total (ms): Min: 179.0, Avg: 179.2, Max: 179.3, Diff: 0.2, Sum: 1433.6]
      [GC Worker End (ms): Min: 160721.0, Avg: 160721.0, Max: 160721.1, Diff: 0.1]
   [Code Root Fixup: 0.0 ms]
   [Code Root Purge: 0.0 ms]
   [Clear CT: 0.4 ms]
   [Other: 1.7 ms]
      [Choose CSet: 0.0 ms]
      [Ref Proc: 0.5 ms]
      [Ref Enq: 0.0 ms]
      [Redirty Cards: 0.5 ms]
      [Humongous Register: 0.1 ms]
      [Humongous Reclaim: 0.0 ms]
      [Free CSet: 0.3 ms]
   [Eden: 130.0M(130.0M)->0.0B(128.0M) Survivors: 19.0M->19.0M Heap: 666.5M(2048.0M)->669.0M(2048.0M)]
 [Times: user=1.50 sys=0.00, real=0.18 secs] 
2020-09-29T12:32:43.630+0200: 160.889: [GC pause (G1 Evacuation Pause) (young), 0.1752015 secs]
   [Parallel Time: 172.9 ms, GC Workers: 8]
      [GC Worker Start (ms): Min: 160889.2, Avg: 160889.3, Max: 160889.5, Diff: 0.3]
      [Ext Root Scanning (ms): Min: 0.0, Avg: 0.1, Max: 0.3, Diff: 0.3, Sum: 1.2]
      [Update RS (ms): Min: 18.5, Avg: 19.4, Max: 20.0, Diff: 1.5, Sum: 155.2]
         [Processed Buffers: Min: 9, Avg: 10.1, Max: 12, Diff: 3, Sum: 81]
      [Scan RS (ms): Min: 12.9, Avg: 13.4, Max: 14.3, Diff: 1.4, Sum: 107.4]
      [Code Root Scanning (ms): Min: 0.0, Avg: 0.0, Max: 0.0, Diff: 0.0, Sum: 0.0]
      [Object Copy (ms): Min: 139.0, Avg: 139.1, Max: 139.4, Diff: 0.4, Sum: 1113.0]
      [Termination (ms): Min: 0.0, Avg: 0.2, Max: 0.3, Diff: 0.2, Sum: 1.6]
         [Termination Attempts: Min: 1, Avg: 571.6, Max: 712, Diff: 711, Sum: 4573]
      [GC Worker Other (ms): Min: 0.0, Avg: 0.1, Max: 0.1, Diff: 0.1, Sum: 0.4]
      [GC Worker Total (ms): Min: 172.2, Avg: 172.4, Max: 172.5, Diff: 0.3, Sum: 1378.8]
      [GC Worker End (ms): Min: 161061.7, Avg: 161061.7, Max: 161061.8, Diff: 0.1]
   [Code Root Fixup: 0.0 ms]
   [Code Root Purge: 0.0 ms]
   [Clear CT: 0.8 ms]
   [Other: 1.5 ms]
      [Choose CSet: 0.0 ms]
      [Ref Proc: 0.3 ms]
      [Ref Enq: 0.0 ms]
      [Redirty Cards: 0.5 ms]
      [Humongous Register: 0.1 ms]
      [Humongous Reclaim: 0.0 ms]
      [Free CSet: 0.3 ms]
   [Eden: 128.0M(128.0M)->0.0B(129.0M) Survivors: 19.0M->19.0M Heap: 817.9M(2048.0M)->819.9M(2048.0M)]
 [Times: user=1.38 sys=0.00, real=0.17 secs] 
2020-09-29T12:32:43.966+0200: 161.226: [GC pause (G1 Evacuation Pause) (young), 0.1765407 secs]
   [Parallel Time: 174.6 ms, GC Workers: 8]
      [GC Worker Start (ms): Min: 161226.0, Avg: 161226.2, Max: 161226.4, Diff: 0.3]
      [Ext Root Scanning (ms): Min: 0.0, Avg: 0.1, Max: 0.3, Diff: 0.3, Sum: 1.0]
      [Update RS (ms): Min: 26.1, Avg: 26.4, Max: 26.9, Diff: 0.8, Sum: 211.5]
         [Processed Buffers: Min: 12, Avg: 14.5, Max: 17, Diff: 5, Sum: 116]
      [Scan RS (ms): Min: 10.5, Avg: 11.1, Max: 11.4, Diff: 0.9, Sum: 88.6]
      [Code Root Scanning (ms): Min: 0.0, Avg: 0.0, Max: 0.0, Diff: 0.0, Sum: 0.0]
      [Object Copy (ms): Min: 136.5, Avg: 136.5, Max: 136.7, Diff: 0.2, Sum: 1092.4]
      [Termination (ms): Min: 0.0, Avg: 0.0, Max: 0.0, Diff: 0.0, Sum: 0.1]
         [Termination Attempts: Min: 1, Avg: 19.4, Max: 29, Diff: 28, Sum: 155]
      [GC Worker Other (ms): Min: 0.0, Avg: 0.1, Max: 0.1, Diff: 0.1, Sum: 0.5]
      [GC Worker Total (ms): Min: 174.1, Avg: 174.3, Max: 174.5, Diff: 0.4, Sum: 1394.1]
      [GC Worker End (ms): Min: 161400.5, Avg: 161400.5, Max: 161400.6, Diff: 0.1]
   [Code Root Fixup: 0.0 ms]
   [Code Root Purge: 0.0 ms]
   [Clear CT: 0.4 ms]
   [Other: 1.5 ms]
      [Choose CSet: 0.0 ms]
      [Ref Proc: 0.5 ms]
      [Ref Enq: 0.0 ms]
      [Redirty Cards: 0.4 ms]
      [Humongous Register: 0.1 ms]
      [Humongous Reclaim: 0.0 ms]
      [Free CSet: 0.3 ms]
   [Eden: 129.0M(129.0M)->0.0B(130.0M) Survivors: 19.0M->19.0M Heap: 971.8M(2048.0M)->973.3M(2048.0M)]
 [Times: user=1.31 sys=0.03, real=0.18 secs] 
2020-09-29T12:32:44.164+0200: 161.423: [GC pause (G1 Humongous Allocation) (young) (initial-mark), 0.0668153 secs]
   [Parallel Time: 64.3 ms, GC Workers: 8]
      [GC Worker Start (ms): Min: 161423.3, Avg: 161423.4, Max: 161423.6, Diff: 0.4]
      [Ext Root Scanning (ms): Min: 0.0, Avg: 0.3, Max: 0.4, Diff: 0.4, Sum: 2.1]
      [Update RS (ms): Min: 28.0, Avg: 28.2, Max: 29.0, Diff: 1.0, Sum: 225.8]
         [Processed Buffers: Min: 13, Avg: 14.8, Max: 16, Diff: 3, Sum: 118]
      [Scan RS (ms): Min: 2.1, Avg: 2.7, Max: 3.0, Diff: 0.9, Sum: 21.9]
      [Code Root Scanning (ms): Min: 0.0, Avg: 0.0, Max: 0.0, Diff: 0.0, Sum: 0.0]
      [Object Copy (ms): Min: 32.4, Avg: 32.5, Max: 32.6, Diff: 0.2, Sum: 260.0]
      [Termination (ms): Min: 0.0, Avg: 0.1, Max: 0.1, Diff: 0.1, Sum: 0.7]
         [Termination Attempts: Min: 1, Avg: 236.0, Max: 291, Diff: 290, Sum: 1888]
      [GC Worker Other (ms): Min: 0.0, Avg: 0.0, Max: 0.1, Diff: 0.0, Sum: 0.3]
      [GC Worker Total (ms): Min: 63.7, Avg: 63.9, Max: 64.1, Diff: 0.4, Sum: 510.8]
      [GC Worker End (ms): Min: 161487.3, Avg: 161487.3, Max: 161487.3, Diff: 0.0]
   [Code Root Fixup: 0.0 ms]
   [Code Root Purge: 0.0 ms]
   [Clear CT: 0.9 ms]
   [Other: 1.5 ms]
      [Choose CSet: 0.0 ms]
      [Ref Proc: 0.3 ms]
      [Ref Enq: 0.0 ms]
      [Redirty Cards: 0.8 ms]
      [Humongous Register: 0.0 ms]
      [Humongous Reclaim: 0.0 ms]
      [Free CSet: 0.1 ms]
   [Eden: 11.0M(130.0M)->0.0B(137.0M) Survivors: 19.0M->11.0M Heap: 983.8M(2048.0M)->986.3M(2048.0M)]
 [Times: user=0.50 sys=0.00, real=0.07 secs] 
2020-09-29T12:32:44.231+0200: 161.490: [GC concurrent-root-region-scan-start]
2020-09-29T12:32:44.235+0200: 161.495: [GC concurrent-root-region-scan-end, 0.0046289 secs]
2020-09-29T12:32:44.235+0200: 161.495: [GC concurrent-mark-start]
2020-09-29T12:32:44.240+0200: 161.499: [GC concurrent-mark-end, 0.0046476 secs]
2020-09-29T12:32:44.240+0200: 161.500: [GC remark 2020-09-29T12:32:44.240+0200: 161.500: [Finalize Marking, 0.0007339 secs] 2020-09-29T12:32:44.241+0200: 161.501: [GC ref-proc, 0.0006427 secs] 2020-09-29T12:32:44.242+0200: 161.501: [Unloading, 0.0010951 secs], 0.0032965 secs]
 [Times: user=0.00 sys=0.00, real=0.00 secs] 
2020-09-29T12:32:44.244+0200: 161.504: [GC cleanup 997M->31M(2048M), 0.0030031 secs]
 [Times: user=0.00 sys=0.00, real=0.00 secs] 
2020-09-29T12:32:44.247+0200: 161.507: [GC concurrent-cleanup-start]
2020-09-29T12:32:44.250+0200: 161.509: [GC concurrent-cleanup-end, 0.0025385 secs]
2020-09-29T12:32:44.401+0200: 161.660: [GC pause (G1 Evacuation Pause) (young), 0.1711336 secs]
   [Parallel Time: 168.8 ms, GC Workers: 8]
      [GC Worker Start (ms): Min: 161660.5, Avg: 161660.7, Max: 161660.8, Diff: 0.3]
      [Ext Root Scanning (ms): Min: 0.0, Avg: 0.1, Max: 0.3, Diff: 0.3, Sum: 1.0]
      [Update RS (ms): Min: 17.5, Avg: 17.6, Max: 17.8, Diff: 0.3, Sum: 141.1]
         [Processed Buffers: Min: 9, Avg: 9.3, Max: 11, Diff: 2, Sum: 74]
      [Scan RS (ms): Min: 12.3, Avg: 12.6, Max: 12.7, Diff: 0.4, Sum: 100.4]
      [Code Root Scanning (ms): Min: 0.0, Avg: 0.0, Max: 0.0, Diff: 0.0, Sum: 0.0]
      [Object Copy (ms): Min: 137.6, Avg: 137.7, Max: 138.0, Diff: 0.4, Sum: 1101.8]
      [Termination (ms): Min: 0.0, Avg: 0.2, Max: 0.3, Diff: 0.3, Sum: 1.8]
         [Termination Attempts: Min: 1, Avg: 616.8, Max: 741, Diff: 740, Sum: 4934]
      [GC Worker Other (ms): Min: 0.0, Avg: 0.0, Max: 0.1, Diff: 0.1, Sum: 0.4]
      [GC Worker Total (ms): Min: 168.2, Avg: 168.3, Max: 168.5, Diff: 0.3, Sum: 1346.6]
      [GC Worker End (ms): Min: 161829.0, Avg: 161829.0, Max: 161829.0, Diff: 0.1]
   [Code Root Fixup: 0.0 ms]
   [Code Root Purge: 0.0 ms]
   [Clear CT: 0.5 ms]
   [Other: 1.8 ms]
      [Choose CSet: 0.0 ms]
      [Ref Proc: 0.5 ms]
      [Ref Enq: 0.0 ms]
      [Redirty Cards: 0.5 ms]
      [Humongous Register: 0.1 ms]
      [Humongous Reclaim: 0.0 ms]
      [Free CSet: 0.3 ms]
   [Eden: 137.0M(137.0M)->0.0B(130.0M) Survivors: 11.0M->19.0M Heap: 180.9M(2048.0M)->170.9M(2048.0M)]
 [Times: user=1.38 sys=0.00, real=0.18 secs] 
2020-09-29T12:32:44.742+0200: 162.001: [GC pause (G1 Evacuation Pause) (young), 0.1784344 secs]
   [Parallel Time: 176.5 ms, GC Workers: 8]
      [GC Worker Start (ms): Min: 162001.3, Avg: 162001.5, Max: 162001.6, Diff: 0.2]
      [Ext Root Scanning (ms): Min: 0.0, Avg: 0.1, Max: 0.3, Diff: 0.2, Sum: 1.1]
      [Update RS (ms): Min: 17.2, Avg: 17.7, Max: 18.4, Diff: 1.2, Sum: 142.0]
         [Processed Buffers: Min: 9, Avg: 10.4, Max: 14, Diff: 5, Sum: 83]
      [Scan RS (ms): Min: 13.8, Avg: 14.4, Max: 15.0, Diff: 1.1, Sum: 115.4]
      [Code Root Scanning (ms): Min: 0.0, Avg: 0.0, Max: 0.0, Diff: 0.0, Sum: 0.0]
      [Object Copy (ms): Min: 143.4, Avg: 143.5, Max: 143.7, Diff: 0.4, Sum: 1148.1]
      [Termination (ms): Min: 0.0, Avg: 0.2, Max: 0.2, Diff: 0.2, Sum: 1.5]
         [Termination Attempts: Min: 1, Avg: 522.4, Max: 655, Diff: 654, Sum: 4179]
      [GC Worker Other (ms): Min: 0.0, Avg: 0.1, Max: 0.2, Diff: 0.1, Sum: 0.6]
      [GC Worker Total (ms): Min: 175.9, Avg: 176.1, Max: 176.3, Diff: 0.3, Sum: 1408.8]
      [GC Worker End (ms): Min: 162177.5, Avg: 162177.5, Max: 162177.6, Diff: 0.1]
   [Code Root Fixup: 0.0 ms]
   [Code Root Purge: 0.0 ms]
   [Clear CT: 0.4 ms]
   [Other: 1.5 ms]
      [Choose CSet: 0.0 ms]
      [Ref Proc: 0.4 ms]
      [Ref Enq: 0.0 ms]
      [Redirty Cards: 0.4 ms]
      [Humongous Register: 0.1 ms]
      [Humongous Reclaim: 0.0 ms]
      [Free CSet: 0.3 ms]
   [Eden: 130.0M(130.0M)->0.0B(129.0M) Survivors: 19.0M->19.0M Heap: 323.8M(2048.0M)->325.8M(2048.0M)]
 [Times: user=1.38 sys=0.00, real=0.18 secs] 
2020-09-29T12:32:45.085+0200: 162.344: [GC pause (G1 Evacuation Pause) (young), 0.1879019 secs]
   [Parallel Time: 186.1 ms, GC Workers: 8]
      [GC Worker Start (ms): Min: 162344.1, Avg: 162344.3, Max: 162344.4, Diff: 0.3]
      [Ext Root Scanning (ms): Min: 0.0, Avg: 0.1, Max: 0.3, Diff: 0.3, Sum: 1.1]
      [Update RS (ms): Min: 17.6, Avg: 18.0, Max: 19.3, Diff: 1.8, Sum: 143.8]
         [Processed Buffers: Min: 9, Avg: 9.8, Max: 12, Diff: 3, Sum: 78]
      [Scan RS (ms): Min: 14.1, Avg: 19.2, Max: 45.5, Diff: 31.4, Sum: 154.0]
      [Code Root Scanning (ms): Min: 0.0, Avg: 0.0, Max: 0.0, Diff: 0.0, Sum: 0.0]
      [Object Copy (ms): Min: 122.3, Avg: 148.0, Max: 151.7, Diff: 29.3, Sum: 1183.6]
      [Termination (ms): Min: 0.0, Avg: 0.3, Max: 0.4, Diff: 0.4, Sum: 2.3]
         [Termination Attempts: Min: 1, Avg: 798.8, Max: 988, Diff: 987, Sum: 6390]
      [GC Worker Other (ms): Min: 0.0, Avg: 0.0, Max: 0.1, Diff: 0.1, Sum: 0.4]
      [GC Worker Total (ms): Min: 185.5, Avg: 185.7, Max: 185.8, Diff: 0.3, Sum: 1485.3]
      [GC Worker End (ms): Min: 162529.9, Avg: 162529.9, Max: 162530.0, Diff: 0.1]
   [Code Root Fixup: 0.0 ms]
   [Code Root Purge: 0.0 ms]
   [Clear CT: 0.4 ms]
   [Other: 1.5 ms]
      [Choose CSet: 0.0 ms]
      [Ref Proc: 0.3 ms]
      [Ref Enq: 0.0 ms]
      [Redirty Cards: 0.4 ms]
      [Humongous Register: 0.1 ms]
      [Humongous Reclaim: 0.0 ms]
      [Free CSet: 0.3 ms]
   [Eden: 129.0M(129.0M)->0.0B(124.0M) Survivors: 19.0M->19.0M Heap: 475.8M(2048.0M)->477.8M(2048.0M)]
 [Times: user=1.47 sys=0.00, real=0.19 secs] 
2020-09-29T12:32:45.435+0200: 162.694: [GC pause (G1 Evacuation Pause) (young), 0.1762763 secs]
   [Parallel Time: 174.5 ms, GC Workers: 8]
      [GC Worker Start (ms): Min: 162693.8, Avg: 162694.0, Max: 162694.1, Diff: 0.3]
      [Ext Root Scanning (ms): Min: 0.0, Avg: 0.1, Max: 0.3, Diff: 0.3, Sum: 1.0]
      [Update RS (ms): Min: 21.1, Avg: 21.4, Max: 22.4, Diff: 1.3, Sum: 171.5]
         [Processed Buffers: Min: 11, Avg: 11.8, Max: 13, Diff: 2, Sum: 94]
      [Scan RS (ms): Min: 11.8, Avg: 12.6, Max: 13.0, Diff: 1.2, Sum: 101.0]
      [Code Root Scanning (ms): Min: 0.0, Avg: 0.0, Max: 0.0, Diff: 0.0, Sum: 0.0]
      [Object Copy (ms): Min: 139.5, Avg: 139.6, Max: 139.7, Diff: 0.2, Sum: 1116.8]
      [Termination (ms): Min: 0.0, Avg: 0.1, Max: 0.2, Diff: 0.2, Sum: 1.0]
         [Termination Attempts: Min: 1, Avg: 293.5, Max: 375, Diff: 374, Sum: 2348]
      [GC Worker Other (ms): Min: 0.0, Avg: 0.0, Max: 0.1, Diff: 0.0, Sum: 0.3]
      [GC Worker Total (ms): Min: 173.8, Avg: 174.0, Max: 174.1, Diff: 0.3, Sum: 1391.7]
      [GC Worker End (ms): Min: 162867.9, Avg: 162867.9, Max: 162867.9, Diff: 0.0]
   [Code Root Fixup: 0.0 ms]
   [Code Root Purge: 0.0 ms]
   [Clear CT: 0.4 ms]
   [Other: 1.4 ms]
      [Choose CSet: 0.0 ms]
      [Ref Proc: 0.4 ms]
      [Ref Enq: 0.0 ms]
      [Redirty Cards: 0.4 ms]
      [Humongous Register: 0.1 ms]
      [Humongous Reclaim: 0.0 ms]
      [Free CSet: 0.2 ms]
   [Eden: 124.0M(124.0M)->0.0B(127.0M) Survivors: 19.0M->18.0M Heap: 622.7M(2048.0M)->625.2M(2048.0M)]
 [Times: user=1.38 sys=0.00, real=0.18 secs] 
2020-09-29T12:32:45.767+0200: 163.026: [GC pause (G1 Evacuation Pause) (young), 0.1682487 secs]
   [Parallel Time: 166.1 ms, GC Workers: 8]
      [GC Worker Start (ms): Min: 163026.6, Avg: 163026.7, Max: 163026.8, Diff: 0.2]
      [Ext Root Scanning (ms): Min: 0.1, Avg: 0.2, Max: 0.2, Diff: 0.2, Sum: 1.4]
      [Update RS (ms): Min: 15.8, Avg: 16.1, Max: 16.9, Diff: 1.0, Sum: 128.7]
         [Processed Buffers: Min: 8, Avg: 9.1, Max: 10, Diff: 2, Sum: 73]
      [Scan RS (ms): Min: 13.9, Avg: 14.6, Max: 14.8, Diff: 0.9, Sum: 116.8]
      [Code Root Scanning (ms): Min: 0.0, Avg: 0.0, Max: 0.0, Diff: 0.0, Sum: 0.0]
      [Object Copy (ms): Min: 134.6, Avg: 134.7, Max: 134.9, Diff: 0.4, Sum: 1077.6]
      [Termination (ms): Min: 0.0, Avg: 0.2, Max: 0.2, Diff: 0.2, Sum: 1.3]
         [Termination Attempts: Min: 1, Avg: 397.4, Max: 487, Diff: 486, Sum: 3179]
      [GC Worker Other (ms): Min: 0.0, Avg: 0.1, Max: 0.2, Diff: 0.2, Sum: 0.5]
      [GC Worker Total (ms): Min: 165.7, Avg: 165.8, Max: 166.0, Diff: 0.3, Sum: 1326.3]
      [GC Worker End (ms): Min: 163192.5, Avg: 163192.5, Max: 163192.6, Diff: 0.2]
   [Code Root Fixup: 0.0 ms]
   [Code Root Purge: 0.0 ms]
   [Clear CT: 0.3 ms]
   [Other: 1.8 ms]
      [Choose CSet: 0.0 ms]
      [Ref Proc: 0.4 ms]
      [Ref Enq: 0.0 ms]
      [Redirty Cards: 0.7 ms]
      [Humongous Register: 0.1 ms]
      [Humongous Reclaim: 0.0 ms]
      [Free CSet: 0.3 ms]
   [Eden: 127.0M(127.0M)->0.0B(129.0M) Survivors: 18.0M->19.0M Heap: 773.2M(2048.0M)->774.7M(2048.0M)]
 [Times: user=1.38 sys=0.00, real=0.18 secs] 
2020-09-29T12:32:46.116+0200: 163.376: [GC pause (G1 Evacuation Pause) (young), 0.1917697 secs]
   [Parallel Time: 188.0 ms, GC Workers: 8]
      [GC Worker Start (ms): Min: 163376.1, Avg: 163376.2, Max: 163376.3, Diff: 0.2]
      [Ext Root Scanning (ms): Min: 0.1, Avg: 0.2, Max: 0.3, Diff: 0.2, Sum: 1.4]
      [Update RS (ms): Min: 21.2, Avg: 21.8, Max: 22.7, Diff: 1.5, Sum: 174.7]
         [Processed Buffers: Min: 8, Avg: 10.4, Max: 11, Diff: 3, Sum: 83]
      [Scan RS (ms): Min: 13.4, Avg: 14.3, Max: 15.0, Diff: 1.6, Sum: 114.4]
      [Code Root Scanning (ms): Min: 0.0, Avg: 0.0, Max: 0.0, Diff: 0.0, Sum: 0.0]
      [Object Copy (ms): Min: 150.8, Avg: 150.9, Max: 151.3, Diff: 0.5, Sum: 1207.5]
      [Termination (ms): Min: 0.0, Avg: 0.4, Max: 0.5, Diff: 0.5, Sum: 3.0]
         [Termination Attempts: Min: 1, Avg: 1097.4, Max: 1330, Diff: 1329, Sum: 8779]
      [GC Worker Other (ms): Min: 0.0, Avg: 0.1, Max: 0.1, Diff: 0.1, Sum: 0.5]
      [GC Worker Total (ms): Min: 187.6, Avg: 187.7, Max: 187.8, Diff: 0.2, Sum: 1501.6]
      [GC Worker End (ms): Min: 163563.9, Avg: 163563.9, Max: 163563.9, Diff: 0.1]
   [Code Root Fixup: 0.0 ms]
   [Code Root Purge: 0.0 ms]
   [Clear CT: 1.1 ms]
   [Other: 2.7 ms]
      [Choose CSet: 0.0 ms]
      [Ref Proc: 0.4 ms]
      [Ref Enq: 0.0 ms]
      [Redirty Cards: 1.7 ms]
      [Humongous Register: 0.1 ms]
      [Humongous Reclaim: 0.0 ms]
      [Free CSet: 0.2 ms]
   [Eden: 129.0M(129.0M)->0.0B(126.0M) Survivors: 19.0M->19.0M Heap: 924.7M(2048.0M)->926.7M(2048.0M)]
 [Times: user=1.50 sys=0.00, real=0.19 secs] 
2020-09-29T12:32:46.359+0200: 163.618: [GC pause (G1 Humongous Allocation) (young) (initial-mark), 0.0797690 secs]
   [Parallel Time: 77.2 ms, GC Workers: 8]
      [GC Worker Start (ms): Min: 163618.3, Avg: 163618.5, Max: 163618.7, Diff: 0.3]
      [Ext Root Scanning (ms): Min: 0.0, Avg: 0.1, Max: 0.3, Diff: 0.3, Sum: 1.2]
      [Update RS (ms): Min: 15.8, Avg: 16.6, Max: 17.2, Diff: 1.4, Sum: 132.6]
         [Processed Buffers: Min: 8, Avg: 9.0, Max: 11, Diff: 3, Sum: 72]
      [Scan RS (ms): Min: 2.2, Avg: 2.8, Max: 3.7, Diff: 1.5, Sum: 22.7]
      [Code Root Scanning (ms): Min: 0.0, Avg: 0.0, Max: 0.0, Diff: 0.0, Sum: 0.0]
      [Object Copy (ms): Min: 57.0, Avg: 57.2, Max: 57.2, Diff: 0.2, Sum: 457.5]
      [Termination (ms): Min: 0.0, Avg: 0.2, Max: 0.2, Diff: 0.2, Sum: 1.4]
         [Termination Attempts: Min: 1, Avg: 473.4, Max: 590, Diff: 589, Sum: 3787]
      [GC Worker Other (ms): Min: 0.0, Avg: 0.0, Max: 0.0, Diff: 0.0, Sum: 0.2]
      [GC Worker Total (ms): Min: 76.8, Avg: 76.9, Max: 77.1, Diff: 0.3, Sum: 615.5]
      [GC Worker End (ms): Min: 163695.5, Avg: 163695.5, Max: 163695.5, Diff: 0.0]
   [Code Root Fixup: 0.0 ms]
   [Code Root Purge: 0.0 ms]
   [Clear CT: 0.8 ms]
   [Other: 1.7 ms]
      [Choose CSet: 0.0 ms]
      [Ref Proc: 0.3 ms]
      [Ref Enq: 0.0 ms]
      [Redirty Cards: 0.7 ms]
      [Humongous Register: 0.0 ms]
      [Humongous Reclaim: 0.0 ms]
      [Free CSet: 0.1 ms]
   [Eden: 37.0M(126.0M)->0.0B(131.0M) Survivors: 19.0M->19.0M Heap: 969.4M(2048.0M)->970.9M(2048.0M)]
 [Times: user=0.61 sys=0.00, real=0.08 secs] 
2020-09-29T12:32:46.439+0200: 163.698: [GC concurrent-root-region-scan-start]
2020-09-29T12:32:46.447+0200: 163.707: [GC concurrent-root-region-scan-end, 0.0083851 secs]
2020-09-29T12:32:46.447+0200: 163.707: [GC concurrent-mark-start]
2020-09-29T12:32:46.452+0200: 163.712: [GC concurrent-mark-end, 0.0048337 secs]
2020-09-29T12:32:46.452+0200: 163.712: [GC remark 2020-09-29T12:32:46.452+0200: 163.712: [Finalize Marking, 0.0010706 secs] 2020-09-29T12:32:46.454+0200: 163.713: [GC ref-proc, 0.0006266 secs] 2020-09-29T12:32:46.454+0200: 163.714: [Unloading, 0.0015206 secs], 0.0042917 secs]
 [Times: user=0.00 sys=0.00, real=0.01 secs] 
2020-09-29T12:32:46.457+0200: 163.717: [GC cleanup 986M->44M(2048M), 0.0042267 secs]
 [Times: user=0.00 sys=0.00, real=0.00 secs] 
2020-09-29T12:32:46.462+0200: 163.721: [GC concurrent-cleanup-start]
2020-09-29T12:32:46.464+0200: 163.723: [GC concurrent-cleanup-end, 0.0021978 secs]
2020-09-29T12:32:46.604+0200: 163.864: [GC pause (G1 Evacuation Pause) (young), 0.1509093 secs]
   [Parallel Time: 148.7 ms, GC Workers: 8]
      [GC Worker Start (ms): Min: 163864.1, Avg: 163864.3, Max: 163864.4, Diff: 0.4]
      [Ext Root Scanning (ms): Min: 0.0, Avg: 0.1, Max: 0.3, Diff: 0.3, Sum: 1.0]
      [Update RS (ms): Min: 16.9, Avg: 17.3, Max: 17.7, Diff: 0.8, Sum: 138.4]
         [Processed Buffers: Min: 9, Avg: 10.0, Max: 13, Diff: 4, Sum: 80]
      [Scan RS (ms): Min: 11.4, Avg: 11.8, Max: 12.4, Diff: 1.0, Sum: 94.7]
      [Code Root Scanning (ms): Min: 0.0, Avg: 0.0, Max: 0.0, Diff: 0.0, Sum: 0.0]
      [Object Copy (ms): Min: 118.8, Avg: 118.9, Max: 118.9, Diff: 0.1, Sum: 951.1]
      [Termination (ms): Min: 0.0, Avg: 0.0, Max: 0.0, Diff: 0.0, Sum: 0.2]
         [Termination Attempts: Min: 1, Avg: 79.0, Max: 112, Diff: 111, Sum: 632]
      [GC Worker Other (ms): Min: 0.0, Avg: 0.1, Max: 0.1, Diff: 0.1, Sum: 0.4]
      [GC Worker Total (ms): Min: 148.0, Avg: 148.2, Max: 148.5, Diff: 0.4, Sum: 1185.8]
      [GC Worker End (ms): Min: 164012.5, Avg: 164012.5, Max: 164012.5, Diff: 0.1]
   [Code Root Fixup: 0.0 ms]
   [Code Root Purge: 0.0 ms]
   [Clear CT: 0.7 ms]
   [Other: 1.5 ms]
      [Choose CSet: 0.0 ms]
      [Ref Proc: 0.4 ms]
      [Ref Enq: 0.0 ms]
      [Redirty Cards: 0.4 ms]
      [Humongous Register: 0.1 ms]
      [Humongous Reclaim: 0.0 ms]
      [Free CSet: 0.2 ms]
   [Eden: 131.0M(131.0M)->0.0B(138.0M) Survivors: 19.0M->19.0M Heap: 182.9M(2048.0M)->166.9M(2048.0M)]
 [Times: user=1.14 sys=0.02, real=0.15 secs] 
2020-09-29T12:32:46.930+0200: 164.190: [GC pause (G1 Evacuation Pause) (young), 0.1827638 secs]
   [Parallel Time: 180.8 ms, GC Workers: 8]
      [GC Worker Start (ms): Min: 164189.7, Avg: 164189.9, Max: 164190.1, Diff: 0.3]
      [Ext Root Scanning (ms): Min: 0.0, Avg: 0.1, Max: 0.3, Diff: 0.3, Sum: 1.1]
      [Update RS (ms): Min: 20.9, Avg: 21.4, Max: 21.8, Diff: 0.9, Sum: 170.8]
         [Processed Buffers: Min: 10, Avg: 11.5, Max: 14, Diff: 4, Sum: 92]
      [Scan RS (ms): Min: 14.7, Avg: 15.1, Max: 15.5, Diff: 0.9, Sum: 121.0]
      [Code Root Scanning (ms): Min: 0.0, Avg: 0.0, Max: 0.0, Diff: 0.0, Sum: 0.0]
      [Object Copy (ms): Min: 143.4, Avg: 143.5, Max: 143.6, Diff: 0.2, Sum: 1148.4]
      [Termination (ms): Min: 0.0, Avg: 0.1, Max: 0.1, Diff: 0.1, Sum: 0.4]
         [Termination Attempts: Min: 1, Avg: 116.4, Max: 148, Diff: 147, Sum: 931]
      [GC Worker Other (ms): Min: 0.0, Avg: 0.0, Max: 0.1, Diff: 0.0, Sum: 0.3]
      [GC Worker Total (ms): Min: 180.1, Avg: 180.2, Max: 180.4, Diff: 0.3, Sum: 1442.0]
      [GC Worker End (ms): Min: 164370.1, Avg: 164370.2, Max: 164370.2, Diff: 0.0]
   [Code Root Fixup: 0.0 ms]
   [Code Root Purge: 0.0 ms]
   [Clear CT: 0.3 ms]
   [Other: 1.7 ms]
      [Choose CSet: 0.0 ms]
      [Ref Proc: 0.4 ms]
      [Ref Enq: 0.0 ms]
      [Redirty Cards: 0.5 ms]
      [Humongous Register: 0.1 ms]
      [Humongous Reclaim: 0.0 ms]
      [Free CSet: 0.3 ms]
   [Eden: 138.0M(138.0M)->0.0B(135.0M) Survivors: 19.0M->20.0M Heap: 327.8M(2048.0M)->329.8M(2048.0M)]
 [Times: user=1.38 sys=0.00, real=0.18 secs] 
2020-09-29T12:32:47.283+0200: 164.543: [GC pause (G1 Evacuation Pause) (young), 0.1850262 secs]
   [Parallel Time: 182.4 ms, GC Workers: 8]
      [GC Worker Start (ms): Min: 164543.3, Avg: 164543.4, Max: 164543.5, Diff: 0.3]
      [Ext Root Scanning (ms): Min: 0.0, Avg: 0.2, Max: 0.3, Diff: 0.3, Sum: 1.3]
      [Update RS (ms): Min: 18.3, Avg: 18.5, Max: 19.1, Diff: 0.9, Sum: 147.7]
         [Processed Buffers: Min: 9, Avg: 10.5, Max: 12, Diff: 3, Sum: 84]
      [Scan RS (ms): Min: 15.7, Avg: 16.2, Max: 16.4, Diff: 0.8, Sum: 129.7]
      [Code Root Scanning (ms): Min: 0.0, Avg: 0.0, Max: 0.0, Diff: 0.0, Sum: 0.0]
      [Object Copy (ms): Min: 146.8, Avg: 147.0, Max: 147.0, Diff: 0.2, Sum: 1175.6]
      [Termination (ms): Min: 0.0, Avg: 0.1, Max: 0.1, Diff: 0.1, Sum: 0.6]
         [Termination Attempts: Min: 1, Avg: 178.6, Max: 229, Diff: 228, Sum: 1429]
      [GC Worker Other (ms): Min: 0.0, Avg: 0.1, Max: 0.1, Diff: 0.1, Sum: 0.4]
      [GC Worker Total (ms): Min: 181.8, Avg: 181.9, Max: 182.0, Diff: 0.3, Sum: 1455.3]
      [GC Worker End (ms): Min: 164725.3, Avg: 164725.3, Max: 164725.4, Diff: 0.1]
   [Code Root Fixup: 0.0 ms]
   [Code Root Purge: 0.0 ms]
   [Clear CT: 1.0 ms]
   [Other: 1.7 ms]
      [Choose CSet: 0.0 ms]
      [Ref Proc: 0.4 ms]
      [Ref Enq: 0.0 ms]
      [Redirty Cards: 0.7 ms]
      [Humongous Register: 0.1 ms]
      [Humongous Reclaim: 0.0 ms]
      [Free CSet: 0.2 ms]
   [Eden: 135.0M(135.0M)->0.0B(133.0M) Survivors: 20.0M->20.0M Heap: 487.7M(2048.0M)->490.2M(2048.0M)]
 [Times: user=1.50 sys=0.00, real=0.19 secs] 
2020-09-29T12:32:47.554+0200: 164.813: [GC pause (G1 Evacuation Pause) (young), 0.0772366 secs]
   [Parallel Time: 76.2 ms, GC Workers: 8]
      [GC Worker Start (ms): Min: 164812.9, Avg: 164812.9, Max: 164813.0, Diff: 0.2]
      [Ext Root Scanning (ms): Min: 0.0, Avg: 0.1, Max: 0.2, Diff: 0.2, Sum: 0.5]
      [Update RS (ms): Min: 9.8, Avg: 10.0, Max: 10.2, Diff: 0.4, Sum: 80.0]
         [Processed Buffers: Min: 11, Avg: 11.3, Max: 12, Diff: 1, Sum: 90]
      [Scan RS (ms): Min: 5.7, Avg: 5.9, Max: 6.1, Diff: 0.3, Sum: 47.5]
      [Code Root Scanning (ms): Min: 0.0, Avg: 0.0, Max: 0.0, Diff: 0.0, Sum: 0.0]
      [Object Copy (ms): Min: 59.9, Avg: 60.0, Max: 60.0, Diff: 0.1, Sum: 479.7]
      [Termination (ms): Min: 0.0, Avg: 0.0, Max: 0.0, Diff: 0.0, Sum: 0.2]
         [Termination Attempts: Min: 1, Avg: 139.9, Max: 189, Diff: 188, Sum: 1119]
      [GC Worker Other (ms): Min: 0.0, Avg: 0.0, Max: 0.1, Diff: 0.0, Sum: 0.2]
      [GC Worker Total (ms): Min: 75.9, Avg: 76.0, Max: 76.1, Diff: 0.2, Sum: 608.2]
      [GC Worker End (ms): Min: 164889.0, Avg: 164889.0, Max: 164889.0, Diff: 0.0]
   [Code Root Fixup: 0.0 ms]
   [Code Root Purge: 0.0 ms]
   [Clear CT: 0.2 ms]
   [Other: 0.8 ms]
      [Choose CSet: 0.0 ms]
      [Ref Proc: 0.2 ms]
      [Ref Enq: 0.0 ms]
      [Redirty Cards: 0.2 ms]
      [Humongous Register: 0.0 ms]
      [Humongous Reclaim: 0.0 ms]
      [Free CSet: 0.1 ms]
   [Eden: 133.0M(133.0M)->0.0B(151.0M) Survivors: 20.0M->20.0M Heap: 644.1M(2048.0M)->646.1M(2048.0M)]
 [Times: user=0.63 sys=0.00, real=0.08 secs] 
2020-09-29T12:32:47.715+0200: 164.974: [GC pause (G1 Evacuation Pause) (young), 0.0829095 secs]
   [Parallel Time: 81.9 ms, GC Workers: 8]
      [GC Worker Start (ms): Min: 164974.3, Avg: 164974.3, Max: 164974.4, Diff: 0.1]
      [Ext Root Scanning (ms): Min: 0.0, Avg: 0.1, Max: 0.1, Diff: 0.1, Sum: 0.6]
      [Update RS (ms): Min: 10.6, Avg: 10.8, Max: 11.0, Diff: 0.3, Sum: 86.2]
         [Processed Buffers: Min: 12, Avg: 14.0, Max: 16, Diff: 4, Sum: 112]
      [Scan RS (ms): Min: 6.4, Avg: 6.7, Max: 6.9, Diff: 0.5, Sum: 53.2]
      [Code Root Scanning (ms): Min: 0.0, Avg: 0.0, Max: 0.0, Diff: 0.0, Sum: 0.0]
      [Object Copy (ms): Min: 64.1, Avg: 64.2, Max: 64.3, Diff: 0.2, Sum: 513.7]
      [Termination (ms): Min: 0.0, Avg: 0.0, Max: 0.0, Diff: 0.0, Sum: 0.1]
         [Termination Attempts: Min: 1, Avg: 70.0, Max: 90, Diff: 89, Sum: 560]
      [GC Worker Other (ms): Min: 0.0, Avg: 0.0, Max: 0.1, Diff: 0.1, Sum: 0.3]
      [GC Worker Total (ms): Min: 81.7, Avg: 81.8, Max: 81.8, Diff: 0.1, Sum: 654.1]
      [GC Worker End (ms): Min: 165056.1, Avg: 165056.1, Max: 165056.1, Diff: 0.1]
   [Code Root Fixup: 0.0 ms]
   [Code Root Purge: 0.0 ms]
   [Clear CT: 0.2 ms]
   [Other: 0.8 ms]
      [Choose CSet: 0.0 ms]
      [Ref Proc: 0.2 ms]
      [Ref Enq: 0.0 ms]
      [Redirty Cards: 0.2 ms]
      [Humongous Register: 0.1 ms]
      [Humongous Reclaim: 0.0 ms]
      [Free CSet: 0.2 ms]
   [Eden: 151.0M(151.0M)->0.0B(177.0M) Survivors: 20.0M->22.0M Heap: 823.8M(2048.0M)->825.3M(2048.0M)]
 [Times: user=0.63 sys=0.00, real=0.08 secs] 
2020-09-29T12:32:47.897+0200: 165.156: [GC pause (G1 Evacuation Pause) (young), 0.0953487 secs]
   [Parallel Time: 94.1 ms, GC Workers: 8]
      [GC Worker Start (ms): Min: 165156.6, Avg: 165156.7, Max: 165156.7, Diff: 0.1]
      [Ext Root Scanning (ms): Min: 0.0, Avg: 0.1, Max: 0.2, Diff: 0.1, Sum: 0.6]
      [Update RS (ms): Min: 11.3, Avg: 11.5, Max: 11.8, Diff: 0.5, Sum: 91.9]
         [Processed Buffers: Min: 13, Avg: 13.9, Max: 16, Diff: 3, Sum: 111]
      [Scan RS (ms): Min: 8.1, Avg: 8.4, Max: 8.6, Diff: 0.5, Sum: 67.0]
      [Code Root Scanning (ms): Min: 0.0, Avg: 0.0, Max: 0.0, Diff: 0.0, Sum: 0.0]
      [Object Copy (ms): Min: 73.8, Avg: 73.9, Max: 74.1, Diff: 0.2, Sum: 591.6]
      [Termination (ms): Min: 0.0, Avg: 0.0, Max: 0.0, Diff: 0.0, Sum: 0.1]
         [Termination Attempts: Min: 1, Avg: 49.8, Max: 63, Diff: 62, Sum: 398]
      [GC Worker Other (ms): Min: 0.0, Avg: 0.0, Max: 0.1, Diff: 0.0, Sum: 0.2]
      [GC Worker Total (ms): Min: 93.9, Avg: 93.9, Max: 94.0, Diff: 0.1, Sum: 751.4]
      [GC Worker End (ms): Min: 165250.6, Avg: 165250.6, Max: 165250.6, Diff: 0.0]
   [Code Root Fixup: 0.0 ms]
   [Code Root Purge: 0.0 ms]
   [Clear CT: 0.2 ms]
   [Other: 1.0 ms]
      [Choose CSet: 0.0 ms]
      [Ref Proc: 0.2 ms]
      [Ref Enq: 0.0 ms]
      [Redirty Cards: 0.4 ms]
      [Humongous Register: 0.1 ms]
      [Humongous Reclaim: 0.0 ms]
      [Free CSet: 0.1 ms]
   [Eden: 177.0M(177.0M)->0.0B(202.0M) Survivors: 22.0M->25.0M Heap: 1031.0M(2048.0M)->1032.0M(2048.0M)]
 [Times: user=0.75 sys=0.00, real=0.10 secs] 
2020-09-29T12:32:47.995+0200: 165.254: [GC pause (G1 Humongous Allocation) (young) (initial-mark), 0.0402794 secs]
   [Parallel Time: 39.1 ms, GC Workers: 8]
      [GC Worker Start (ms): Min: 165254.6, Avg: 165254.7, Max: 165254.7, Diff: 0.1]
      [Ext Root Scanning (ms): Min: 0.0, Avg: 0.1, Max: 0.1, Diff: 0.1, Sum: 0.7]
      [Update RS (ms): Min: 25.2, Avg: 25.3, Max: 25.6, Diff: 0.4, Sum: 202.7]
         [Processed Buffers: Min: 27, Avg: 31.3, Max: 34, Diff: 7, Sum: 250]
      [Scan RS (ms): Min: 0.5, Avg: 0.7, Max: 0.9, Diff: 0.4, Sum: 5.7]
      [Code Root Scanning (ms): Min: 0.0, Avg: 0.0, Max: 0.0, Diff: 0.0, Sum: 0.0]
      [Object Copy (ms): Min: 12.5, Avg: 12.5, Max: 12.6, Diff: 0.1, Sum: 100.2]
      [Termination (ms): Min: 0.0, Avg: 0.0, Max: 0.0, Diff: 0.0, Sum: 0.2]
         [Termination Attempts: Min: 1, Avg: 133.0, Max: 170, Diff: 169, Sum: 1064]
      [GC Worker Other (ms): Min: 0.0, Avg: 0.0, Max: 0.0, Diff: 0.0, Sum: 0.1]
      [GC Worker Total (ms): Min: 38.6, Avg: 38.7, Max: 38.8, Diff: 0.1, Sum: 309.6]
      [GC Worker End (ms): Min: 165293.4, Avg: 165293.4, Max: 165293.4, Diff: 0.0]
   [Code Root Fixup: 0.0 ms]
   [Code Root Purge: 0.0 ms]
   [Clear CT: 0.3 ms]
   [Other: 0.8 ms]
      [Choose CSet: 0.0 ms]
      [Ref Proc: 0.3 ms]
      [Ref Enq: 0.0 ms]
      [Redirty Cards: 0.3 ms]
      [Humongous Register: 0.0 ms]
      [Humongous Reclaim: 0.0 ms]
      [Free CSet: 0.0 ms]
   [Eden: 5120.0K(202.0M)->0.0B(242.0M) Survivors: 25.0M->7168.0K Heap: 1037.0M(2048.0M)->1040.5M(2048.0M)]
 [Times: user=0.27 sys=0.00, real=0.04 secs] 
2020-09-29T12:32:48.036+0200: 165.295: [GC concurrent-root-region-scan-start]
2020-09-29T12:32:48.037+0200: 165.296: [GC concurrent-root-region-scan-end, 0.0010310 secs]
2020-09-29T12:32:48.037+0200: 165.296: [GC concurrent-mark-start]
2020-09-29T12:32:48.039+0200: 165.298: [GC concurrent-mark-end, 0.0021993 secs]
2020-09-29T12:32:48.039+0200: 165.298: [GC remark 2020-09-29T12:32:48.039+0200: 165.298: [Finalize Marking, 0.0001973 secs] 2020-09-29T12:32:48.039+0200: 165.298: [GC ref-proc, 0.0002682 secs] 2020-09-29T12:32:48.040+0200: 165.299: [Unloading, 0.0004916 secs], 0.0012704 secs]
 [Times: user=0.00 sys=0.00, real=0.00 secs] 
2020-09-29T12:32:48.041+0200: 165.300: [GC cleanup 1049M->25M(2048M), 0.0014337 secs]
 [Times: user=0.00 sys=0.00, real=0.00 secs] 
2020-09-29T12:32:48.042+0200: 165.301: [GC concurrent-cleanup-start]
2020-09-29T12:32:48.043+0200: 165.302: [GC concurrent-cleanup-end, 0.0011510 secs]
2020-09-29T12:32:48.172+0200: 165.431: [GC pause (G1 Evacuation Pause) (young), 0.1167229 secs]
   [Parallel Time: 115.5 ms, GC Workers: 8]
      [GC Worker Start (ms): Min: 165431.1, Avg: 165431.2, Max: 165431.3, Diff: 0.2]
      [Ext Root Scanning (ms): Min: 0.0, Avg: 0.1, Max: 0.2, Diff: 0.2, Sum: 0.5]
      [Update RS (ms): Min: 12.0, Avg: 12.1, Max: 12.7, Diff: 0.7, Sum: 97.0]
         [Processed Buffers: Min: 12, Avg: 14.3, Max: 18, Diff: 6, Sum: 114]
      [Scan RS (ms): Min: 12.5, Avg: 13.2, Max: 13.3, Diff: 0.8, Sum: 105.2]
      [Code Root Scanning (ms): Min: 0.0, Avg: 0.0, Max: 0.0, Diff: 0.0, Sum: 0.0]
      [Object Copy (ms): Min: 89.8, Avg: 89.9, Max: 90.0, Diff: 0.2, Sum: 719.5]
      [Termination (ms): Min: 0.0, Avg: 0.0, Max: 0.0, Diff: 0.0, Sum: 0.2]
         [Termination Attempts: Min: 1, Avg: 149.6, Max: 194, Diff: 193, Sum: 1197]
      [GC Worker Other (ms): Min: 0.0, Avg: 0.0, Max: 0.1, Diff: 0.0, Sum: 0.2]
      [GC Worker Total (ms): Min: 115.3, Avg: 115.3, Max: 115.4, Diff: 0.2, Sum: 922.7]
      [GC Worker End (ms): Min: 165546.5, Avg: 165546.5, Max: 165546.6, Diff: 0.0]
   [Code Root Fixup: 0.0 ms]
   [Code Root Purge: 0.0 ms]
   [Clear CT: 0.3 ms]
   [Other: 0.9 ms]
      [Choose CSet: 0.0 ms]
      [Ref Proc: 0.1 ms]
      [Ref Enq: 0.0 ms]
      [Redirty Cards: 0.3 ms]
      [Humongous Register: 0.0 ms]
      [Humongous Reclaim: 0.0 ms]
      [Free CSet: 0.2 ms]
   [Eden: 242.0M(242.0M)->0.0B(247.0M) Survivors: 7168.0K->32.0M Heap: 300.5M(2048.0M)->296.5M(2048.0M)]
 [Times: user=1.00 sys=0.00, real=0.12 secs] 
2020-09-29T12:32:48.412+0200: 165.671: [GC pause (G1 Evacuation Pause) (young), 0.1254337 secs]
   [Parallel Time: 124.4 ms, GC Workers: 8]
      [GC Worker Start (ms): Min: 165671.5, Avg: 165671.6, Max: 165671.7, Diff: 0.2]
      [Ext Root Scanning (ms): Min: 0.0, Avg: 0.1, Max: 0.2, Diff: 0.2, Sum: 0.4]
      [Update RS (ms): Min: 11.8, Avg: 11.9, Max: 12.1, Diff: 0.3, Sum: 95.3]
         [Processed Buffers: Min: 14, Avg: 15.0, Max: 20, Diff: 6, Sum: 120]
      [Scan RS (ms): Min: 11.8, Avg: 12.0, Max: 12.3, Diff: 0.5, Sum: 96.2]
      [Code Root Scanning (ms): Min: 0.0, Avg: 0.0, Max: 0.0, Diff: 0.0, Sum: 0.0]
      [Object Copy (ms): Min: 99.9, Avg: 100.0, Max: 100.1, Diff: 0.1, Sum: 800.3]
      [Termination (ms): Min: 0.0, Avg: 0.1, Max: 0.1, Diff: 0.1, Sum: 0.4]
         [Termination Attempts: Min: 1, Avg: 358.1, Max: 456, Diff: 455, Sum: 2865]
      [GC Worker Other (ms): Min: 0.0, Avg: 0.0, Max: 0.1, Diff: 0.1, Sum: 0.3]
      [GC Worker Total (ms): Min: 124.0, Avg: 124.1, Max: 124.3, Diff: 0.3, Sum: 993.0]
      [GC Worker End (ms): Min: 165795.7, Avg: 165795.7, Max: 165795.8, Diff: 0.1]
   [Code Root Fixup: 0.0 ms]
   [Code Root Purge: 0.0 ms]
   [Clear CT: 0.2 ms]
   [Other: 0.9 ms]
      [Choose CSet: 0.0 ms]
      [Ref Proc: 0.2 ms]
      [Ref Enq: 0.0 ms]
      [Redirty Cards: 0.2 ms]
      [Humongous Register: 0.0 ms]
      [Humongous Reclaim: 0.0 ms]
      [Free CSet: 0.2 ms]
   [Eden: 234.0M(228.0M)->0.0B(273.0M) Survivors: 32.0M->33.0M Heap: 568.6M(2048.0M)->570.6M(2048.0M)]
 [Times: user=1.00 sys=0.00, real=0.13 secs] 
2020-09-29T12:32:48.696+0200: 165.955: [GC pause (G1 Evacuation Pause) (young), 0.1543718 secs]
   [Parallel Time: 152.9 ms, GC Workers: 8]
      [GC Worker Start (ms): Min: 165955.5, Avg: 165955.7, Max: 165955.7, Diff: 0.2]
      [Ext Root Scanning (ms): Min: 0.0, Avg: 0.1, Max: 0.2, Diff: 0.2, Sum: 0.5]
      [Update RS (ms): Min: 17.3, Avg: 17.5, Max: 17.8, Diff: 0.5, Sum: 139.8]
         [Processed Buffers: Min: 18, Avg: 19.0, Max: 20, Diff: 2, Sum: 152]
      [Scan RS (ms): Min: 16.1, Avg: 16.6, Max: 17.5, Diff: 1.4, Sum: 132.6]
      [Code Root Scanning (ms): Min: 0.0, Avg: 0.0, Max: 0.0, Diff: 0.0, Sum: 0.0]
      [Object Copy (ms): Min: 117.5, Avg: 118.4, Max: 118.6, Diff: 1.0, Sum: 947.3]
      [Termination (ms): Min: 0.0, Avg: 0.0, Max: 0.1, Diff: 0.1, Sum: 0.4]
         [Termination Attempts: Min: 1, Avg: 299.0, Max: 413, Diff: 412, Sum: 2392]
      [GC Worker Other (ms): Min: 0.0, Avg: 0.0, Max: 0.1, Diff: 0.1, Sum: 0.3]
      [GC Worker Total (ms): Min: 152.5, Avg: 152.6, Max: 152.7, Diff: 0.2, Sum: 1220.9]
      [GC Worker End (ms): Min: 166108.2, Avg: 166108.3, Max: 166108.3, Diff: 0.1]
   [Code Root Fixup: 0.0 ms]
   [Code Root Purge: 0.0 ms]
   [Clear CT: 0.2 ms]
   [Other: 1.3 ms]
      [Choose CSet: 0.0 ms]
      [Ref Proc: 0.4 ms]
      [Ref Enq: 0.0 ms]
      [Redirty Cards: 0.4 ms]
      [Humongous Register: 0.0 ms]
      [Humongous Reclaim: 0.0 ms]
      [Free CSet: 0.3 ms]
   [Eden: 273.0M(273.0M)->0.0B(269.0M) Survivors: 33.0M->39.0M Heap: 889.4M(2048.0M)->891.9M(2048.0M)]
 [Times: user=1.25 sys=0.00, real=0.15 secs] 
2020-09-29T12:32:49.000+0200: 166.259: [GC pause (G1 Evacuation Pause) (young), 0.1441462 secs]
   [Parallel Time: 143.1 ms, GC Workers: 8]
      [GC Worker Start (ms): Min: 166259.1, Avg: 166259.1, Max: 166259.2, Diff: 0.2]
      [Ext Root Scanning (ms): Min: 0.0, Avg: 0.1, Max: 0.1, Diff: 0.1, Sum: 0.5]
      [Update RS (ms): Min: 14.9, Avg: 15.2, Max: 15.6, Diff: 0.8, Sum: 122.0]
         [Processed Buffers: Min: 17, Avg: 17.9, Max: 18, Diff: 1, Sum: 143]
      [Scan RS (ms): Min: 12.7, Avg: 13.0, Max: 13.4, Diff: 0.7, Sum: 104.4]
      [Code Root Scanning (ms): Min: 0.0, Avg: 0.0, Max: 0.0, Diff: 0.0, Sum: 0.0]
      [Object Copy (ms): Min: 114.5, Avg: 114.5, Max: 114.5, Diff: 0.1, Sum: 915.9]
      [Termination (ms): Min: 0.0, Avg: 0.0, Max: 0.0, Diff: 0.0, Sum: 0.1]
         [Termination Attempts: Min: 1, Avg: 60.6, Max: 81, Diff: 80, Sum: 485]
      [GC Worker Other (ms): Min: 0.0, Avg: 0.0, Max: 0.1, Diff: 0.1, Sum: 0.3]
      [GC Worker Total (ms): Min: 142.8, Avg: 142.9, Max: 143.0, Diff: 0.2, Sum: 1143.1]
      [GC Worker End (ms): Min: 166402.0, Avg: 166402.0, Max: 166402.1, Diff: 0.1]
   [Code Root Fixup: 0.0 ms]
   [Code Root Purge: 0.0 ms]
   [Clear CT: 0.2 ms]
   [Other: 0.9 ms]
      [Choose CSet: 0.0 ms]
      [Ref Proc: 0.1 ms]
      [Ref Enq: 0.0 ms]
      [Redirty Cards: 0.2 ms]
      [Humongous Register: 0.0 ms]
      [Humongous Reclaim: 0.0 ms]
      [Free CSet: 0.3 ms]
   [Eden: 269.0M(269.0M)->0.0B(283.0M) Survivors: 39.0M->39.0M Heap: 1204.8M(2048.0M)->1206.8M(2048.0M)]
 [Times: user=1.13 sys=0.00, real=0.14 secs] 
2020-09-29T12:32:49.152+0200: 166.411: [GC pause (G1 Humongous Allocation) (young) (initial-mark), 0.0529785 secs]
   [Parallel Time: 52.2 ms, GC Workers: 8]
      [GC Worker Start (ms): Min: 166411.5, Avg: 166411.6, Max: 166411.7, Diff: 0.1]
      [Ext Root Scanning (ms): Min: 0.0, Avg: 0.3, Max: 1.2, Diff: 1.2, Sum: 2.0]
      [Update RS (ms): Min: 31.4, Avg: 32.6, Max: 33.2, Diff: 1.7, Sum: 261.1]
         [Processed Buffers: Min: 34, Avg: 39.4, Max: 42, Diff: 8, Sum: 315]
      [Scan RS (ms): Min: 1.9, Avg: 2.4, Max: 2.6, Diff: 0.7, Sum: 18.8]
      [Code Root Scanning (ms): Min: 0.0, Avg: 0.0, Max: 0.0, Diff: 0.0, Sum: 0.0]
      [Object Copy (ms): Min: 16.8, Avg: 16.8, Max: 16.8, Diff: 0.1, Sum: 134.4]
      [Termination (ms): Min: 0.0, Avg: 0.0, Max: 0.0, Diff: 0.0, Sum: 0.1]
         [Termination Attempts: Min: 1, Avg: 41.6, Max: 57, Diff: 56, Sum: 333]
      [GC Worker Other (ms): Min: 0.0, Avg: 0.0, Max: 0.0, Diff: 0.0, Sum: 0.1]
      [GC Worker Total (ms): Min: 52.0, Avg: 52.1, Max: 52.1, Diff: 0.1, Sum: 416.6]
      [GC Worker End (ms): Min: 166463.7, Avg: 166463.7, Max: 166463.7, Diff: 0.0]
   [Code Root Fixup: 0.0 ms]
   [Code Root Purge: 0.0 ms]
   [Clear CT: 0.1 ms]
   [Other: 0.6 ms]
      [Choose CSet: 0.0 ms]
      [Ref Proc: 0.2 ms]
      [Ref Enq: 0.0 ms]
      [Redirty Cards: 0.1 ms]
      [Humongous Register: 0.0 ms]
      [Humongous Reclaim: 0.0 ms]
      [Free CSet: 0.0 ms]
   [Eden: 1024.0K(283.0M)->0.0B(318.0M) Survivors: 39.0M->3072.0K Heap: 1207.8M(2048.0M)->1210.8M(2048.0M)]
 [Times: user=0.38 sys=0.00, real=0.05 secs] 
2020-09-29T12:32:49.205+0200: 166.465: [GC concurrent-root-region-scan-start]
2020-09-29T12:32:49.206+0200: 166.465: [GC concurrent-root-region-scan-end, 0.0009448 secs]
2020-09-29T12:32:49.206+0200: 166.465: [GC concurrent-mark-start]
2020-09-29T12:32:49.210+0200: 166.469: [GC concurrent-mark-end, 0.0033077 secs]
2020-09-29T12:32:49.210+0200: 166.469: [GC remark 2020-09-29T12:32:49.210+0200: 166.469: [Finalize Marking, 0.0001978 secs] 2020-09-29T12:32:49.210+0200: 166.469: [GC ref-proc, 0.0002819 secs] 2020-09-29T12:32:49.210+0200: 166.470: [Unloading, 0.0004292 secs], 0.0012087 secs]
 [Times: user=0.00 sys=0.00, real=0.00 secs] 
2020-09-29T12:32:49.211+0200: 166.471: [GC cleanup 1221M->23M(2048M), 0.0011191 secs]
 [Times: user=0.00 sys=0.00, real=0.00 secs] 
2020-09-29T12:32:49.213+0200: 166.472: [GC concurrent-cleanup-start]
2020-09-29T12:32:49.214+0200: 166.474: [GC concurrent-cleanup-end, 0.0018815 secs]
2020-09-29T12:32:49.379+0200: 166.639: [GC pause (G1 Evacuation Pause) (young), 0.1464407 secs]
   [Parallel Time: 144.8 ms, GC Workers: 8]
      [GC Worker Start (ms): Min: 166638.7, Avg: 166638.8, Max: 166638.9, Diff: 0.1]
      [Ext Root Scanning (ms): Min: 0.0, Avg: 0.1, Max: 0.1, Diff: 0.1, Sum: 0.5]
      [Update RS (ms): Min: 12.8, Avg: 13.1, Max: 13.5, Diff: 0.7, Sum: 104.8]
         [Processed Buffers: Min: 15, Avg: 16.0, Max: 17, Diff: 2, Sum: 128]
      [Scan RS (ms): Min: 14.0, Avg: 14.3, Max: 14.7, Diff: 0.7, Sum: 114.7]
      [Code Root Scanning (ms): Min: 0.0, Avg: 0.0, Max: 0.0, Diff: 0.0, Sum: 0.0]
      [Object Copy (ms): Min: 117.0, Avg: 117.1, Max: 117.2, Diff: 0.2, Sum: 936.6]
      [Termination (ms): Min: 0.0, Avg: 0.0, Max: 0.0, Diff: 0.0, Sum: 0.0]
         [Termination Attempts: Min: 1, Avg: 38.6, Max: 55, Diff: 54, Sum: 309]
      [GC Worker Other (ms): Min: 0.0, Avg: 0.0, Max: 0.1, Diff: 0.0, Sum: 0.3]
      [GC Worker Total (ms): Min: 144.6, Avg: 144.6, Max: 144.7, Diff: 0.1, Sum: 1157.0]
      [GC Worker End (ms): Min: 166783.4, Avg: 166783.4, Max: 166783.5, Diff: 0.0]
   [Code Root Fixup: 0.0 ms]
   [Code Root Purge: 0.0 ms]
   [Clear CT: 0.3 ms]
   [Other: 1.3 ms]
      [Choose CSet: 0.0 ms]
      [Ref Proc: 0.2 ms]
      [Ref Enq: 0.0 ms]
      [Redirty Cards: 0.6 ms]
      [Humongous Register: 0.0 ms]
      [Humongous Reclaim: 0.0 ms]
      [Free CSet: 0.2 ms]
   [Eden: 318.0M(318.0M)->0.0B(310.0M) Survivors: 3072.0K->41.0M Heap: 383.9M(2048.0M)->383.9M(2048.0M)]
 [Times: user=1.13 sys=0.00, real=0.15 secs] 
2020-09-29T12:32:49.694+0200: 166.953: [GC pause (G1 Evacuation Pause) (young), 0.1660371 secs]
   [Parallel Time: 164.5 ms, GC Workers: 8]
      [GC Worker Start (ms): Min: 166953.2, Avg: 166953.3, Max: 166953.4, Diff: 0.2]
      [Ext Root Scanning (ms): Min: 0.0, Avg: 0.1, Max: 0.2, Diff: 0.2, Sum: 0.5]
      [Update RS (ms): Min: 16.1, Avg: 16.4, Max: 16.6, Diff: 0.5, Sum: 131.1]
         [Processed Buffers: Min: 17, Avg: 18.3, Max: 20, Diff: 3, Sum: 146]
      [Scan RS (ms): Min: 17.8, Avg: 18.0, Max: 18.3, Diff: 0.5, Sum: 144.2]
      [Code Root Scanning (ms): Min: 0.0, Avg: 0.0, Max: 0.0, Diff: 0.0, Sum: 0.0]
      [Object Copy (ms): Min: 129.6, Avg: 129.7, Max: 129.7, Diff: 0.2, Sum: 1037.6]
      [Termination (ms): Min: 0.0, Avg: 0.0, Max: 0.0, Diff: 0.0, Sum: 0.2]
         [Termination Attempts: Min: 1, Avg: 167.0, Max: 201, Diff: 200, Sum: 1336]
      [GC Worker Other (ms): Min: 0.0, Avg: 0.0, Max: 0.1, Diff: 0.0, Sum: 0.2]
      [GC Worker Total (ms): Min: 164.1, Avg: 164.2, Max: 164.3, Diff: 0.2, Sum: 1313.8]
      [GC Worker End (ms): Min: 167117.5, Avg: 167117.5, Max: 167117.5, Diff: 0.0]
   [Code Root Fixup: 0.0 ms]
   [Code Root Purge: 0.0 ms]
   [Clear CT: 0.2 ms]
   [Other: 1.4 ms]
      [Choose CSet: 0.0 ms]
      [Ref Proc: 0.3 ms]
      [Ref Enq: 0.0 ms]
      [Redirty Cards: 0.6 ms]
      [Humongous Register: 0.0 ms]
      [Humongous Reclaim: 0.0 ms]
      [Free CSet: 0.3 ms]
   [Eden: 310.0M(310.0M)->0.0B(303.0M) Survivors: 41.0M->44.0M Heap: 745.4M(2048.0M)->747.4M(2048.0M)]
 [Times: user=1.25 sys=0.00, real=0.17 secs] 
2020-09-29T12:32:50.022+0200: 167.282: [GC pause (G1 Evacuation Pause) (young), 0.1796059 secs]
   [Parallel Time: 178.5 ms, GC Workers: 8]
      [GC Worker Start (ms): Min: 167281.6, Avg: 167281.7, Max: 167281.8, Diff: 0.2]
      [Ext Root Scanning (ms): Min: 0.0, Avg: 0.1, Max: 0.2, Diff: 0.2, Sum: 0.5]
      [Update RS (ms): Min: 15.9, Avg: 16.2, Max: 16.4, Diff: 0.5, Sum: 129.3]
         [Processed Buffers: Min: 18, Avg: 19.0, Max: 22, Diff: 4, Sum: 152]
      [Scan RS (ms): Min: 16.5, Avg: 16.7, Max: 16.9, Diff: 0.5, Sum: 133.8]
      [Code Root Scanning (ms): Min: 0.0, Avg: 0.0, Max: 0.0, Diff: 0.0, Sum: 0.0]
      [Object Copy (ms): Min: 144.9, Avg: 145.0, Max: 145.3, Diff: 0.4, Sum: 1160.1]
      [Termination (ms): Min: 0.0, Avg: 0.3, Max: 0.4, Diff: 0.4, Sum: 2.7]
         [Termination Attempts: Min: 1, Avg: 2508.6, Max: 3117, Diff: 3116, Sum: 20069]
      [GC Worker Other (ms): Min: 0.0, Avg: 0.0, Max: 0.1, Diff: 0.1, Sum: 0.3]
      [GC Worker Total (ms): Min: 178.3, Avg: 178.3, Max: 178.4, Diff: 0.1, Sum: 1426.7]
      [GC Worker End (ms): Min: 167460.0, Avg: 167460.0, Max: 167460.1, Diff: 0.1]
   [Code Root Fixup: 0.0 ms]
   [Code Root Purge: 0.0 ms]
   [Clear CT: 0.2 ms]
   [Other: 0.9 ms]
      [Choose CSet: 0.0 ms]
      [Ref Proc: 0.2 ms]
      [Ref Enq: 0.0 ms]
      [Redirty Cards: 0.2 ms]
      [Humongous Register: 0.0 ms]
      [Humongous Reclaim: 0.0 ms]
      [Free CSet: 0.2 ms]
   [Eden: 303.0M(303.0M)->0.0B(295.0M) Survivors: 44.0M->44.0M Heap: 1101.9M(2048.0M)->1103.9M(2048.0M)]
 [Times: user=1.33 sys=0.00, real=0.18 secs] 
2020-09-29T12:32:50.213+0200: 167.473: [GC pause (G1 Humongous Allocation) (young) (initial-mark), 0.0615334 secs]
   [Parallel Time: 60.7 ms, GC Workers: 8]
      [GC Worker Start (ms): Min: 167472.8, Avg: 167472.9, Max: 167473.1, Diff: 0.3]
      [Ext Root Scanning (ms): Min: 0.0, Avg: 1.6, Max: 11.7, Diff: 11.7, Sum: 13.1]
      [Update RS (ms): Min: 26.0, Avg: 36.3, Max: 38.2, Diff: 12.1, Sum: 290.3]
         [Processed Buffers: Min: 28, Avg: 42.1, Max: 45, Diff: 17, Sum: 337]
      [Scan RS (ms): Min: 2.3, Avg: 2.7, Max: 3.0, Diff: 0.7, Sum: 21.4]
      [Code Root Scanning (ms): Min: 0.0, Avg: 0.0, Max: 0.0, Diff: 0.0, Sum: 0.0]
      [Object Copy (ms): Min: 19.8, Avg: 19.9, Max: 19.9, Diff: 0.1, Sum: 159.0]
      [Termination (ms): Min: 0.0, Avg: 0.0, Max: 0.0, Diff: 0.0, Sum: 0.0]
         [Termination Attempts: Min: 1, Avg: 32.1, Max: 43, Diff: 42, Sum: 257]
      [GC Worker Other (ms): Min: 0.0, Avg: 0.0, Max: 0.0, Diff: 0.0, Sum: 0.1]
      [GC Worker Total (ms): Min: 60.4, Avg: 60.5, Max: 60.6, Diff: 0.3, Sum: 483.9]
      [GC Worker End (ms): Min: 167533.4, Avg: 167533.4, Max: 167533.4, Diff: 0.0]
   [Code Root Fixup: 0.0 ms]
   [Code Root Purge: 0.0 ms]
   [Clear CT: 0.2 ms]
   [Other: 0.7 ms]
      [Choose CSet: 0.0 ms]
      [Ref Proc: 0.3 ms]
      [Ref Enq: 0.0 ms]
      [Redirty Cards: 0.2 ms]
      [Humongous Register: 0.0 ms]
      [Humongous Reclaim: 0.0 ms]
      [Free CSet: 0.1 ms]
   [Eden: 8192.0K(295.0M)->0.0B(337.0M) Survivors: 44.0M->10.0M Heap: 1111.4M(2048.0M)->1114.9M(2048.0M)]
 [Times: user=0.49 sys=0.00, real=0.06 secs] 
2020-09-29T12:32:50.275+0200: 167.534: [GC concurrent-root-region-scan-start]
2020-09-29T12:32:50.277+0200: 167.536: [GC concurrent-root-region-scan-end, 0.0015699 secs]
2020-09-29T12:32:50.277+0200: 167.536: [GC concurrent-mark-start]
2020-09-29T12:32:50.280+0200: 167.539: [GC concurrent-mark-end, 0.0034335 secs]
2020-09-29T12:32:50.280+0200: 167.540: [GC remark 2020-09-29T12:32:50.280+0200: 167.540: [Finalize Marking, 0.0001649 secs] 2020-09-29T12:32:50.281+0200: 167.540: [GC ref-proc, 0.0002930 secs] 2020-09-29T12:32:50.281+0200: 167.540: [Unloading, 0.0004205 secs], 0.0011672 secs]
 [Times: user=0.00 sys=0.00, real=0.00 secs] 
2020-09-29T12:32:50.282+0200: 167.541: [GC cleanup 1126M->31M(2048M), 0.0012483 secs]
 [Times: user=0.00 sys=0.00, real=0.00 secs] 
2020-09-29T12:32:50.283+0200: 167.542: [GC concurrent-cleanup-start]
2020-09-29T12:32:50.285+0200: 167.544: [GC concurrent-cleanup-end, 0.0015486 secs]
2020-09-29T12:32:50.453+0200: 167.712: [GC pause (G1 Evacuation Pause) (young), 0.1600756 secs]
   [Parallel Time: 158.9 ms, GC Workers: 8]
      [GC Worker Start (ms): Min: 167711.9, Avg: 167712.0, Max: 167712.1, Diff: 0.2]
      [Ext Root Scanning (ms): Min: 0.0, Avg: 0.1, Max: 0.2, Diff: 0.2, Sum: 0.5]
      [Update RS (ms): Min: 14.6, Avg: 14.8, Max: 15.0, Diff: 0.5, Sum: 118.0]
         [Processed Buffers: Min: 18, Avg: 18.8, Max: 20, Diff: 2, Sum: 150]
      [Scan RS (ms): Min: 14.7, Avg: 15.2, Max: 17.3, Diff: 2.7, Sum: 121.8]
      [Code Root Scanning (ms): Min: 0.0, Avg: 0.0, Max: 0.0, Diff: 0.0, Sum: 0.0]
      [Object Copy (ms): Min: 126.5, Avg: 128.5, Max: 128.8, Diff: 2.3, Sum: 1027.8]
      [Termination (ms): Min: 0.0, Avg: 0.1, Max: 0.1, Diff: 0.1, Sum: 0.7]
         [Termination Attempts: Min: 1, Avg: 659.3, Max: 821, Diff: 820, Sum: 5274]
      [GC Worker Other (ms): Min: 0.0, Avg: 0.1, Max: 0.1, Diff: 0.1, Sum: 0.5]
      [GC Worker Total (ms): Min: 158.6, Avg: 158.7, Max: 158.8, Diff: 0.2, Sum: 1269.3]
      [GC Worker End (ms): Min: 167870.6, Avg: 167870.7, Max: 167870.7, Diff: 0.1]
   [Code Root Fixup: 0.0 ms]
   [Code Root Purge: 0.0 ms]
   [Clear CT: 0.2 ms]
   [Other: 1.0 ms]
      [Choose CSet: 0.0 ms]
      [Ref Proc: 0.2 ms]
      [Ref Enq: 0.0 ms]
      [Redirty Cards: 0.3 ms]
      [Humongous Register: 0.0 ms]
      [Humongous Reclaim: 0.0 ms]
      [Free CSet: 0.2 ms]
   [Eden: 337.0M(337.0M)->0.0B(318.0M) Survivors: 10.0M->44.0M Heap: 413.7M(2048.0M)->406.2M(2048.0M)]
 [Times: user=1.19 sys=0.02, real=0.16 secs] 
2020-09-29T12:32:50.784+0200: 168.043: [GC pause (G1 Evacuation Pause) (young), 0.1771010 secs]
   [Parallel Time: 176.0 ms, GC Workers: 8]
      [GC Worker Start (ms): Min: 168043.3, Avg: 168043.4, Max: 168043.8, Diff: 0.5]
      [Ext Root Scanning (ms): Min: 0.0, Avg: 0.1, Max: 0.2, Diff: 0.2, Sum: 0.7]
      [Update RS (ms): Min: 22.6, Avg: 22.9, Max: 23.3, Diff: 0.7, Sum: 183.5]
         [Processed Buffers: Min: 26, Avg: 27.3, Max: 31, Diff: 5, Sum: 218]
      [Scan RS (ms): Min: 14.1, Avg: 14.3, Max: 14.4, Diff: 0.3, Sum: 114.4]
      [Code Root Scanning (ms): Min: 0.0, Avg: 0.0, Max: 0.0, Diff: 0.0, Sum: 0.0]
      [Object Copy (ms): Min: 138.1, Avg: 138.3, Max: 138.3, Diff: 0.2, Sum: 1106.2]
      [Termination (ms): Min: 0.0, Avg: 0.1, Max: 0.1, Diff: 0.1, Sum: 0.6]
         [Termination Attempts: Min: 1, Avg: 468.4, Max: 580, Diff: 579, Sum: 3747]
      [GC Worker Other (ms): Min: 0.0, Avg: 0.0, Max: 0.1, Diff: 0.1, Sum: 0.4]
      [GC Worker Total (ms): Min: 175.3, Avg: 175.7, Max: 175.9, Diff: 0.6, Sum: 1405.8]
      [GC Worker End (ms): Min: 168219.1, Avg: 168219.1, Max: 168219.2, Diff: 0.1]
   [Code Root Fixup: 0.0 ms]
   [Code Root Purge: 0.0 ms]
   [Clear CT: 0.2 ms]
   [Other: 0.9 ms]
      [Choose CSet: 0.0 ms]
      [Ref Proc: 0.2 ms]
      [Ref Enq: 0.0 ms]
      [Redirty Cards: 0.2 ms]
      [Humongous Register: 0.0 ms]
      [Humongous Reclaim: 0.0 ms]
      [Free CSet: 0.2 ms]
   [Eden: 318.0M(318.0M)->0.0B(314.0M) Survivors: 44.0M->46.0M Heap: 777.6M(2048.0M)->779.6M(2048.0M)]
 [Times: user=1.48 sys=0.01, real=0.18 secs] 
2020-09-29T12:32:51.143+0200: 168.403: [GC pause (G1 Evacuation Pause) (young), 0.1690861 secs]
   [Parallel Time: 167.9 ms, GC Workers: 8]
      [GC Worker Start (ms): Min: 168403.0, Avg: 168403.0, Max: 168403.1, Diff: 0.2]
      [Ext Root Scanning (ms): Min: 0.0, Avg: 0.1, Max: 0.1, Diff: 0.1, Sum: 0.6]
      [Update RS (ms): Min: 20.1, Avg: 20.2, Max: 20.3, Diff: 0.2, Sum: 161.5]
         [Processed Buffers: Min: 19, Avg: 20.3, Max: 22, Diff: 3, Sum: 162]
      [Scan RS (ms): Min: 16.3, Avg: 16.5, Max: 16.6, Diff: 0.3, Sum: 131.9]
      [Code Root Scanning (ms): Min: 0.0, Avg: 0.0, Max: 0.0, Diff: 0.0, Sum: 0.0]
      [Object Copy (ms): Min: 130.7, Avg: 130.8, Max: 130.9, Diff: 0.2, Sum: 1046.6]
      [Termination (ms): Min: 0.0, Avg: 0.0, Max: 0.0, Diff: 0.0, Sum: 0.1]
         [Termination Attempts: Min: 1, Avg: 93.1, Max: 127, Diff: 126, Sum: 745]
      [GC Worker Other (ms): Min: 0.0, Avg: 0.0, Max: 0.1, Diff: 0.1, Sum: 0.2]
      [GC Worker Total (ms): Min: 167.5, Avg: 167.6, Max: 167.7, Diff: 0.2, Sum: 1341.0]
      [GC Worker End (ms): Min: 168570.7, Avg: 168570.7, Max: 168570.7, Diff: 0.1]
   [Code Root Fixup: 0.0 ms]
   [Code Root Purge: 0.0 ms]
   [Clear CT: 0.2 ms]
   [Other: 1.0 ms]
      [Choose CSet: 0.0 ms]
      [Ref Proc: 0.2 ms]
      [Ref Enq: 0.0 ms]
      [Redirty Cards: 0.3 ms]
      [Humongous Register: 0.1 ms]
      [Humongous Reclaim: 0.0 ms]
      [Free CSet: 0.3 ms]
   [Eden: 314.0M(314.0M)->0.0B(316.0M) Survivors: 46.0M->45.0M Heap: 1145.1M(2048.0M)->1147.1M(2048.0M)]
 [Times: user=1.34 sys=0.00, real=0.17 secs] 
2020-09-29T12:32:51.333+0200: 168.592: [GC pause (G1 Humongous Allocation) (young) (initial-mark), 0.0502623 secs]
   [Parallel Time: 49.6 ms, GC Workers: 8]
      [GC Worker Start (ms): Min: 168592.5, Avg: 168592.6, Max: 168592.6, Diff: 0.1]
      [Ext Root Scanning (ms): Min: 0.0, Avg: 0.1, Max: 0.1, Diff: 0.1, Sum: 0.7]
      [Update RS (ms): Min: 27.0, Avg: 27.2, Max: 27.6, Diff: 0.6, Sum: 217.2]
         [Processed Buffers: Min: 28, Avg: 31.8, Max: 34, Diff: 6, Sum: 254]
      [Scan RS (ms): Min: 2.2, Avg: 2.7, Max: 2.9, Diff: 0.6, Sum: 21.9]
      [Code Root Scanning (ms): Min: 0.0, Avg: 0.0, Max: 0.0, Diff: 0.0, Sum: 0.0]
      [Object Copy (ms): Min: 19.3, Avg: 19.4, Max: 19.4, Diff: 0.1, Sum: 155.0]
      [Termination (ms): Min: 0.0, Avg: 0.0, Max: 0.0, Diff: 0.0, Sum: 0.0]
         [Termination Attempts: Min: 1, Avg: 40.3, Max: 54, Diff: 53, Sum: 322]
      [GC Worker Other (ms): Min: 0.0, Avg: 0.0, Max: 0.0, Diff: 0.0, Sum: 0.1]
      [GC Worker Total (ms): Min: 49.3, Avg: 49.4, Max: 49.4, Diff: 0.1, Sum: 395.0]
      [GC Worker End (ms): Min: 168641.9, Avg: 168641.9, Max: 168641.9, Diff: 0.0]
   [Code Root Fixup: 0.0 ms]
   [Code Root Purge: 0.0 ms]
   [Clear CT: 0.2 ms]
   [Other: 0.5 ms]
      [Choose CSet: 0.0 ms]
      [Ref Proc: 0.1 ms]
      [Ref Enq: 0.0 ms]
      [Redirty Cards: 0.1 ms]
      [Humongous Register: 0.0 ms]
      [Humongous Reclaim: 0.0 ms]
      [Free CSet: 0.1 ms]
   [Eden: 4096.0K(316.0M)->0.0B(340.0M) Survivors: 45.0M->6144.0K Heap: 1151.1M(2048.0M)->1154.6M(2048.0M)]
 [Times: user=0.38 sys=0.00, real=0.05 secs] 
2020-09-29T12:32:51.383+0200: 168.643: [GC concurrent-root-region-scan-start]
2020-09-29T12:32:51.385+0200: 168.644: [GC concurrent-root-region-scan-end, 0.0011797 secs]
2020-09-29T12:32:51.385+0200: 168.644: [GC concurrent-mark-start]
2020-09-29T12:32:51.387+0200: 168.647: [GC concurrent-mark-end, 0.0025531 secs]
2020-09-29T12:32:51.388+0200: 168.647: [GC remark 2020-09-29T12:32:51.388+0200: 168.647: [Finalize Marking, 0.0002199 secs] 2020-09-29T12:32:51.388+0200: 168.647: [GC ref-proc, 0.0003506 secs] 2020-09-29T12:32:51.388+0200: 168.647: [Unloading, 0.0004016 secs], 0.0013283 secs]
 [Times: user=0.00 sys=0.00, real=0.00 secs] 
2020-09-29T12:32:51.389+0200: 168.648: [GC cleanup 1164M->25M(2048M), 0.0011913 secs]
 [Times: user=0.00 sys=0.00, real=0.00 secs] 
2020-09-29T12:32:51.390+0200: 168.650: [GC concurrent-cleanup-start]
2020-09-29T12:32:51.392+0200: 168.651: [GC concurrent-cleanup-end, 0.0014703 secs]
2020-09-29T12:32:51.562+0200: 168.821: [GC pause (G1 Evacuation Pause) (young), 0.1620277 secs]
   [Parallel Time: 160.8 ms, GC Workers: 8]
      [GC Worker Start (ms): Min: 168821.6, Avg: 168821.7, Max: 168821.8, Diff: 0.2]
      [Ext Root Scanning (ms): Min: 0.0, Avg: 0.1, Max: 0.2, Diff: 0.2, Sum: 0.4]
      [Update RS (ms): Min: 12.4, Avg: 12.6, Max: 12.8, Diff: 0.5, Sum: 100.9]
         [Processed Buffers: Min: 15, Avg: 15.4, Max: 17, Diff: 2, Sum: 123]
      [Scan RS (ms): Min: 16.6, Avg: 16.8, Max: 17.1, Diff: 0.5, Sum: 134.1]
      [Code Root Scanning (ms): Min: 0.0, Avg: 0.0, Max: 0.0, Diff: 0.0, Sum: 0.0]
      [Object Copy (ms): Min: 130.9, Avg: 131.0, Max: 131.1, Diff: 0.1, Sum: 1047.9]
      [Termination (ms): Min: 0.0, Avg: 0.1, Max: 0.1, Diff: 0.1, Sum: 0.5]
         [Termination Attempts: Min: 1, Avg: 332.4, Max: 421, Diff: 420, Sum: 2659]
      [GC Worker Other (ms): Min: 0.0, Avg: 0.0, Max: 0.1, Diff: 0.1, Sum: 0.3]
      [GC Worker Total (ms): Min: 160.4, Avg: 160.5, Max: 160.6, Diff: 0.2, Sum: 1284.1]
      [GC Worker End (ms): Min: 168982.2, Avg: 168982.2, Max: 168982.2, Diff: 0.1]
   [Code Root Fixup: 0.0 ms]
   [Code Root Purge: 0.0 ms]
   [Clear CT: 0.2 ms]
   [Other: 1.1 ms]
      [Choose CSet: 0.0 ms]
      [Ref Proc: 0.2 ms]
      [Ref Enq: 0.0 ms]
      [Redirty Cards: 0.3 ms]
      [Humongous Register: 0.0 ms]
      [Humongous Reclaim: 0.0 ms]
      [Free CSet: 0.3 ms]
   [Eden: 340.0M(340.0M)->0.0B(338.0M) Survivors: 6144.0K->44.0M Heap: 412.7M(2048.0M)->408.7M(2048.0M)]
 [Times: user=1.36 sys=0.00, real=0.16 secs] 
2020-09-29T12:32:51.919+0200: 169.178: [GC pause (G1 Evacuation Pause) (young), 0.1844896 secs]
   [Parallel Time: 182.8 ms, GC Workers: 8]
      [GC Worker Start (ms): Min: 169178.1, Avg: 169178.2, Max: 169178.3, Diff: 0.2]
      [Ext Root Scanning (ms): Min: 0.0, Avg: 0.1, Max: 0.2, Diff: 0.2, Sum: 0.5]
      [Update RS (ms): Min: 14.1, Avg: 14.2, Max: 14.3, Diff: 0.2, Sum: 113.8]
         [Processed Buffers: Min: 15, Avg: 16.5, Max: 20, Diff: 5, Sum: 132]
      [Scan RS (ms): Min: 22.4, Avg: 22.5, Max: 22.7, Diff: 0.3, Sum: 180.1]
      [Code Root Scanning (ms): Min: 0.0, Avg: 0.0, Max: 0.0, Diff: 0.0, Sum: 0.0]
      [Object Copy (ms): Min: 145.5, Avg: 145.7, Max: 145.8, Diff: 0.2, Sum: 1165.7]
      [Termination (ms): Min: 0.0, Avg: 0.1, Max: 0.1, Diff: 0.1, Sum: 0.6]
         [Termination Attempts: Min: 1, Avg: 492.1, Max: 712, Diff: 711, Sum: 3937]
      [GC Worker Other (ms): Min: 0.0, Avg: 0.0, Max: 0.1, Diff: 0.0, Sum: 0.3]
      [GC Worker Total (ms): Min: 182.6, Avg: 182.6, Max: 182.7, Diff: 0.1, Sum: 1461.0]
      [GC Worker End (ms): Min: 169360.8, Avg: 169360.9, Max: 169360.9, Diff: 0.0]
   [Code Root Fixup: 0.0 ms]
   [Code Root Purge: 0.0 ms]
   [Clear CT: 0.2 ms]
   [Other: 1.5 ms]
      [Choose CSet: 0.0 ms]
      [Ref Proc: 0.5 ms]
      [Ref Enq: 0.0 ms]
      [Redirty Cards: 0.4 ms]
      [Humongous Register: 0.0 ms]
      [Humongous Reclaim: 0.0 ms]
      [Free CSet: 0.4 ms]
   [Eden: 338.0M(338.0M)->0.0B(319.0M) Survivors: 44.0M->48.0M Heap: 803.9M(2048.0M)->805.9M(2048.0M)]
 [Times: user=1.50 sys=0.00, real=0.19 secs] 
Heap
 garbage-first heap   total 2097152K, used 1093818K [0x0000000080000000, 0x0000000080104000, 0x0000000100000000)
  region size 1024K, 275 young (281600K), 48 survivors (49152K)
 Metaspace       used 2594K, capacity 4486K, committed 4864K, reserved 1056768K
  class space    used 285K, capacity 386K, committed 512K, reserved 1048576K
