Java HotSpot(TM) 64-Bit Server VM (25.261-b12) for windows-amd64 JRE (1.8.0_261-b12), built on Jun 18 2020 06:56:32 by "" with unknown MS VC++:1916
Memory: 4k page, physical 16659684k(8673824k free), swap 23213284k(8201056k free)
CommandLine flags: -XX:InitialHeapSize=2147483648 -XX:MaxHeapSize=2147483648 -XX:+PrintGC -XX:+PrintGCDateStamps -XX:+PrintGCDetails -XX:+PrintGCTimeStamps -XX:+UseCompressedClassPointers -XX:+UseCompressedOops -XX:+UseG1GC -XX:-UseLargePagesIndividualAllocation 
2020-09-29T12:05:09.409+0200: 0.298: [GC pause (G1 Evacuation Pause) (young), 0.0860837 secs]
   [Parallel Time: 85.0 ms, GC Workers: 8]
      [GC Worker Start (ms): Min: 298.1, Avg: 298.2, Max: 298.3, Diff: 0.2]
      [Ext Root Scanning (ms): Min: 0.0, Avg: 0.1, Max: 0.2, Diff: 0.2, Sum: 1.0]
      [Update RS (ms): Min: 1.1, Avg: 1.6, Max: 2.3, Diff: 1.2, Sum: 13.0]
         [Processed Buffers: Min: 1, Avg: 1.8, Max: 2, Diff: 1, Sum: 14]
      [Scan RS (ms): Min: 10.8, Avg: 11.3, Max: 11.9, Diff: 1.1, Sum: 90.5]
      [Code Root Scanning (ms): Min: 0.0, Avg: 0.0, Max: 0.0, Diff: 0.0, Sum: 0.1]
      [Object Copy (ms): Min: 71.4, Avg: 71.5, Max: 71.6, Diff: 0.2, Sum: 572.2]
      [Termination (ms): Min: 0.0, Avg: 0.2, Max: 0.2, Diff: 0.2, Sum: 1.3]
         [Termination Attempts: Min: 1, Avg: 741.0, Max: 923, Diff: 922, Sum: 5928]
      [GC Worker Other (ms): Min: 0.0, Avg: 0.0, Max: 0.0, Diff: 0.0, Sum: 0.3]
      [GC Worker Total (ms): Min: 84.7, Avg: 84.8, Max: 84.9, Diff: 0.2, Sum: 678.4]
      [GC Worker End (ms): Min: 383.0, Avg: 383.0, Max: 383.0, Diff: 0.0]
   [Code Root Fixup: 0.0 ms]
   [Code Root Purge: 0.0 ms]
   [Clear CT: 0.2 ms]
   [Other: 0.9 ms]
      [Choose CSet: 0.0 ms]
      [Ref Proc: 0.3 ms]
      [Ref Enq: 0.0 ms]
      [Redirty Cards: 0.2 ms]
      [Humongous Register: 0.0 ms]
      [Humongous Reclaim: 0.0 ms]
      [Free CSet: 0.1 ms]
   [Eden: 102.0M(102.0M)->0.0B(89.0M) Survivors: 0.0B->13.0M Heap: 119.2M(2048.0M)->118.9M(2048.0M)]
 [Times: user=0.69 sys=0.06, real=0.09 secs] 
2020-09-29T12:05:09.562+0200: 0.450: [GC pause (G1 Evacuation Pause) (young), 0.0811251 secs]
   [Parallel Time: 80.1 ms, GC Workers: 8]
      [GC Worker Start (ms): Min: 450.6, Avg: 450.7, Max: 450.8, Diff: 0.2]
      [Ext Root Scanning (ms): Min: 0.0, Avg: 0.1, Max: 0.2, Diff: 0.2, Sum: 0.6]
      [Update RS (ms): Min: 0.1, Avg: 0.5, Max: 1.0, Diff: 0.9, Sum: 4.1]
         [Processed Buffers: Min: 1, Avg: 1.4, Max: 3, Diff: 2, Sum: 11]
      [Scan RS (ms): Min: 9.6, Avg: 9.9, Max: 10.2, Diff: 0.6, Sum: 79.3]
      [Code Root Scanning (ms): Min: 0.0, Avg: 0.0, Max: 0.0, Diff: 0.0, Sum: 0.0]
      [Object Copy (ms): Min: 68.9, Avg: 69.1, Max: 69.5, Diff: 0.6, Sum: 552.8]
      [Termination (ms): Min: 0.0, Avg: 0.3, Max: 0.4, Diff: 0.4, Sum: 2.4]
         [Termination Attempts: Min: 1, Avg: 1571.0, Max: 2184, Diff: 2183, Sum: 12568]
      [GC Worker Other (ms): Min: 0.0, Avg: 0.0, Max: 0.0, Diff: 0.0, Sum: 0.1]
      [GC Worker Total (ms): Min: 79.8, Avg: 79.9, Max: 80.0, Diff: 0.2, Sum: 639.4]
      [GC Worker End (ms): Min: 530.6, Avg: 530.6, Max: 530.7, Diff: 0.0]
   [Code Root Fixup: 0.0 ms]
   [Code Root Purge: 0.0 ms]
   [Clear CT: 0.2 ms]
   [Other: 0.8 ms]
      [Choose CSet: 0.0 ms]
      [Ref Proc: 0.2 ms]
      [Ref Enq: 0.0 ms]
      [Redirty Cards: 0.2 ms]
      [Humongous Register: 0.0 ms]
      [Humongous Reclaim: 0.0 ms]
      [Free CSet: 0.1 ms]
   [Eden: 89.0M(89.0M)->0.0B(89.0M) Survivors: 13.0M->13.0M Heap: 223.2M(2048.0M)->225.4M(2048.0M)]
 [Times: user=0.52 sys=0.08, real=0.08 secs] 
2020-09-29T12:05:09.715+0200: 0.603: [GC pause (G1 Evacuation Pause) (young), 0.0801634 secs]
   [Parallel Time: 79.2 ms, GC Workers: 8]
      [GC Worker Start (ms): Min: 603.6, Avg: 603.8, Max: 604.3, Diff: 0.7]
      [Ext Root Scanning (ms): Min: 0.0, Avg: 0.1, Max: 0.2, Diff: 0.2, Sum: 0.6]
      [Update RS (ms): Min: 0.0, Avg: 0.5, Max: 1.2, Diff: 1.2, Sum: 3.6]
         [Processed Buffers: Min: 0, Avg: 1.6, Max: 2, Diff: 2, Sum: 13]
      [Scan RS (ms): Min: 9.3, Avg: 10.0, Max: 10.3, Diff: 1.0, Sum: 79.7]
      [Code Root Scanning (ms): Min: 0.0, Avg: 0.0, Max: 0.0, Diff: 0.0, Sum: 0.0]
      [Object Copy (ms): Min: 68.0, Avg: 68.1, Max: 68.4, Diff: 0.4, Sum: 545.2]
      [Termination (ms): Min: 0.0, Avg: 0.3, Max: 0.4, Diff: 0.4, Sum: 2.4]
         [Termination Attempts: Min: 1, Avg: 1664.6, Max: 2072, Diff: 2071, Sum: 13317]
      [GC Worker Other (ms): Min: 0.0, Avg: 0.0, Max: 0.1, Diff: 0.0, Sum: 0.2]
      [GC Worker Total (ms): Min: 78.4, Avg: 79.0, Max: 79.1, Diff: 0.7, Sum: 631.7]
      [GC Worker End (ms): Min: 682.7, Avg: 682.8, Max: 682.8, Diff: 0.0]
   [Code Root Fixup: 0.0 ms]
   [Code Root Purge: 0.0 ms]
   [Clear CT: 0.2 ms]
   [Other: 0.7 ms]
      [Choose CSet: 0.0 ms]
      [Ref Proc: 0.1 ms]
      [Ref Enq: 0.0 ms]
      [Redirty Cards: 0.2 ms]
      [Humongous Register: 0.1 ms]
      [Humongous Reclaim: 0.0 ms]
      [Free CSet: 0.1 ms]
   [Eden: 89.0M(89.0M)->0.0B(89.0M) Survivors: 13.0M->13.0M Heap: 329.7M(2048.0M)->332.2M(2048.0M)]
 [Times: user=0.52 sys=0.05, real=0.08 secs] 
2020-09-29T12:05:09.866+0200: 0.755: [GC pause (G1 Evacuation Pause) (young), 0.0642962 secs]
   [Parallel Time: 63.5 ms, GC Workers: 8]
      [GC Worker Start (ms): Min: 755.1, Avg: 755.1, Max: 755.2, Diff: 0.2]
      [Ext Root Scanning (ms): Min: 0.0, Avg: 0.1, Max: 0.1, Diff: 0.1, Sum: 0.6]
      [Update RS (ms): Min: 0.8, Avg: 0.9, Max: 1.0, Diff: 0.3, Sum: 7.2]
         [Processed Buffers: Min: 1, Avg: 2.8, Max: 5, Diff: 4, Sum: 22]
      [Scan RS (ms): Min: 9.4, Avg: 9.6, Max: 9.8, Diff: 0.4, Sum: 76.5]
      [Code Root Scanning (ms): Min: 0.0, Avg: 0.0, Max: 0.0, Diff: 0.0, Sum: 0.0]
      [Object Copy (ms): Min: 52.7, Avg: 52.8, Max: 52.9, Diff: 0.2, Sum: 422.2]
      [Termination (ms): Min: 0.0, Avg: 0.0, Max: 0.0, Diff: 0.0, Sum: 0.2]
         [Termination Attempts: Min: 1, Avg: 187.8, Max: 237, Diff: 236, Sum: 1502]
      [GC Worker Other (ms): Min: 0.0, Avg: 0.0, Max: 0.1, Diff: 0.0, Sum: 0.3]
      [GC Worker Total (ms): Min: 63.3, Avg: 63.4, Max: 63.5, Diff: 0.2, Sum: 507.1]
      [GC Worker End (ms): Min: 818.5, Avg: 818.5, Max: 818.5, Diff: 0.0]
   [Code Root Fixup: 0.0 ms]
   [Code Root Purge: 0.0 ms]
   [Clear CT: 0.1 ms]
   [Other: 0.6 ms]
      [Choose CSet: 0.0 ms]
      [Ref Proc: 0.2 ms]
      [Ref Enq: 0.0 ms]
      [Redirty Cards: 0.2 ms]
      [Humongous Register: 0.0 ms]
      [Humongous Reclaim: 0.0 ms]
      [Free CSet: 0.1 ms]
   [Eden: 89.0M(89.0M)->0.0B(89.0M) Survivors: 13.0M->13.0M Heap: 436.4M(2048.0M)->437.9M(2048.0M)]
 [Times: user=0.42 sys=0.02, real=0.07 secs] 
2020-09-29T12:05:09.992+0200: 0.881: [GC pause (G1 Evacuation Pause) (young), 0.0676411 secs]
   [Parallel Time: 66.8 ms, GC Workers: 8]
      [GC Worker Start (ms): Min: 881.0, Avg: 881.1, Max: 881.1, Diff: 0.1]
      [Ext Root Scanning (ms): Min: 0.0, Avg: 0.1, Max: 0.2, Diff: 0.1, Sum: 0.7]
      [Update RS (ms): Min: 0.9, Avg: 1.4, Max: 1.9, Diff: 1.0, Sum: 11.0]
         [Processed Buffers: Min: 1, Avg: 1.8, Max: 2, Diff: 1, Sum: 14]
      [Scan RS (ms): Min: 8.7, Avg: 9.3, Max: 10.0, Diff: 1.2, Sum: 74.5]
      [Code Root Scanning (ms): Min: 0.0, Avg: 0.0, Max: 0.0, Diff: 0.0, Sum: 0.0]
      [Object Copy (ms): Min: 55.6, Avg: 55.8, Max: 55.8, Diff: 0.2, Sum: 446.1]
      [Termination (ms): Min: 0.0, Avg: 0.0, Max: 0.0, Diff: 0.0, Sum: 0.1]
         [Termination Attempts: Min: 1, Avg: 102.8, Max: 133, Diff: 132, Sum: 822]
      [GC Worker Other (ms): Min: 0.0, Avg: 0.0, Max: 0.0, Diff: 0.0, Sum: 0.2]
      [GC Worker Total (ms): Min: 66.5, Avg: 66.6, Max: 66.7, Diff: 0.1, Sum: 532.7]
      [GC Worker End (ms): Min: 947.6, Avg: 947.6, Max: 947.7, Diff: 0.0]
   [Code Root Fixup: 0.0 ms]
   [Code Root Purge: 0.0 ms]
   [Clear CT: 0.2 ms]
   [Other: 0.7 ms]
      [Choose CSet: 0.0 ms]
      [Ref Proc: 0.1 ms]
      [Ref Enq: 0.0 ms]
      [Redirty Cards: 0.2 ms]
      [Humongous Register: 0.0 ms]
      [Humongous Reclaim: 0.0 ms]
      [Free CSet: 0.1 ms]
   [Eden: 89.0M(89.0M)->0.0B(89.0M) Survivors: 13.0M->13.0M Heap: 540.3M(2048.0M)->541.8M(2048.0M)]
 [Times: user=0.49 sys=0.02, real=0.07 secs] 
2020-09-29T12:05:10.123+0200: 1.012: [GC pause (G1 Evacuation Pause) (young), 0.0630042 secs]
   [Parallel Time: 62.2 ms, GC Workers: 8]
      [GC Worker Start (ms): Min: 1012.0, Avg: 1012.0, Max: 1012.1, Diff: 0.1]
      [Ext Root Scanning (ms): Min: 0.0, Avg: 0.1, Max: 0.1, Diff: 0.1, Sum: 0.6]
      [Update RS (ms): Min: 1.0, Avg: 1.1, Max: 1.4, Diff: 0.5, Sum: 8.9]
         [Processed Buffers: Min: 1, Avg: 1.9, Max: 3, Diff: 2, Sum: 15]
      [Scan RS (ms): Min: 8.1, Avg: 8.5, Max: 8.6, Diff: 0.5, Sum: 67.6]
      [Code Root Scanning (ms): Min: 0.0, Avg: 0.0, Max: 0.0, Diff: 0.0, Sum: 0.0]
      [Object Copy (ms): Min: 52.3, Avg: 52.4, Max: 52.5, Diff: 0.1, Sum: 419.3]
      [Termination (ms): Min: 0.0, Avg: 0.0, Max: 0.0, Diff: 0.0, Sum: 0.2]
         [Termination Attempts: Min: 1, Avg: 127.4, Max: 190, Diff: 189, Sum: 1019]
      [GC Worker Other (ms): Min: 0.0, Avg: 0.0, Max: 0.0, Diff: 0.0, Sum: 0.2]
      [GC Worker Total (ms): Min: 62.1, Avg: 62.1, Max: 62.1, Diff: 0.1, Sum: 496.8]
      [GC Worker End (ms): Min: 1074.1, Avg: 1074.1, Max: 1074.2, Diff: 0.0]
   [Code Root Fixup: 0.0 ms]
   [Code Root Purge: 0.0 ms]
   [Clear CT: 0.2 ms]
   [Other: 0.6 ms]
      [Choose CSet: 0.0 ms]
      [Ref Proc: 0.1 ms]
      [Ref Enq: 0.0 ms]
      [Redirty Cards: 0.2 ms]
      [Humongous Register: 0.0 ms]
      [Humongous Reclaim: 0.0 ms]
      [Free CSet: 0.1 ms]
   [Eden: 89.0M(89.0M)->0.0B(89.0M) Survivors: 13.0M->13.0M Heap: 646.1M(2048.0M)->648.6M(2048.0M)]
 [Times: user=0.44 sys=0.05, real=0.06 secs] 
2020-09-29T12:05:10.247+0200: 1.136: [GC pause (G1 Evacuation Pause) (young), 0.0735419 secs]
   [Parallel Time: 72.6 ms, GC Workers: 8]
      [GC Worker Start (ms): Min: 1135.8, Avg: 1135.9, Max: 1136.0, Diff: 0.2]
      [Ext Root Scanning (ms): Min: 0.0, Avg: 0.1, Max: 0.2, Diff: 0.2, Sum: 0.5]
      [Update RS (ms): Min: 0.9, Avg: 0.9, Max: 0.9, Diff: 0.1, Sum: 7.4]
         [Processed Buffers: Min: 1, Avg: 2.0, Max: 7, Diff: 6, Sum: 16]
      [Scan RS (ms): Min: 10.1, Avg: 10.2, Max: 10.3, Diff: 0.2, Sum: 81.3]
      [Code Root Scanning (ms): Min: 0.0, Avg: 0.0, Max: 0.0, Diff: 0.0, Sum: 0.0]
      [Object Copy (ms): Min: 61.1, Avg: 61.2, Max: 61.2, Diff: 0.2, Sum: 489.6]
      [Termination (ms): Min: 0.0, Avg: 0.0, Max: 0.0, Diff: 0.0, Sum: 0.2]
         [Termination Attempts: Min: 1, Avg: 142.1, Max: 179, Diff: 178, Sum: 1137]
      [GC Worker Other (ms): Min: 0.0, Avg: 0.0, Max: 0.1, Diff: 0.0, Sum: 0.3]
      [GC Worker Total (ms): Min: 72.4, Avg: 72.4, Max: 72.5, Diff: 0.2, Sum: 579.3]
      [GC Worker End (ms): Min: 1208.3, Avg: 1208.3, Max: 1208.3, Diff: 0.0]
   [Code Root Fixup: 0.0 ms]
   [Code Root Purge: 0.0 ms]
   [Clear CT: 0.2 ms]
   [Other: 0.8 ms]
      [Choose CSet: 0.0 ms]
      [Ref Proc: 0.2 ms]
      [Ref Enq: 0.0 ms]
      [Redirty Cards: 0.2 ms]
      [Humongous Register: 0.0 ms]
      [Humongous Reclaim: 0.0 ms]
      [Free CSet: 0.1 ms]
   [Eden: 89.0M(89.0M)->0.0B(89.0M) Survivors: 13.0M->13.0M Heap: 752.8M(2048.0M)->754.8M(2048.0M)]
 [Times: user=0.56 sys=0.01, real=0.07 secs] 
2020-09-29T12:05:10.389+0200: 1.277: [GC pause (G1 Evacuation Pause) (young), 0.0771823 secs]
   [Parallel Time: 76.2 ms, GC Workers: 8]
      [GC Worker Start (ms): Min: 1277.4, Avg: 1277.5, Max: 1277.5, Diff: 0.1]
      [Ext Root Scanning (ms): Min: 0.0, Avg: 0.1, Max: 0.1, Diff: 0.1, Sum: 0.7]
      [Update RS (ms): Min: 1.3, Avg: 1.5, Max: 2.0, Diff: 0.7, Sum: 11.9]
         [Processed Buffers: Min: 2, Avg: 3.0, Max: 4, Diff: 2, Sum: 24]
      [Scan RS (ms): Min: 9.8, Avg: 10.3, Max: 10.7, Diff: 0.8, Sum: 82.8]
      [Code Root Scanning (ms): Min: 0.0, Avg: 0.0, Max: 0.0, Diff: 0.0, Sum: 0.0]
      [Object Copy (ms): Min: 63.6, Avg: 63.8, Max: 63.9, Diff: 0.3, Sum: 510.7]
      [Termination (ms): Min: 0.0, Avg: 0.2, Max: 0.6, Diff: 0.6, Sum: 1.8]
         [Termination Attempts: Min: 1, Avg: 143.1, Max: 186, Diff: 185, Sum: 1145]
      [GC Worker Other (ms): Min: 0.0, Avg: 0.0, Max: 0.0, Diff: 0.0, Sum: 0.1]
      [GC Worker Total (ms): Min: 75.8, Avg: 76.0, Max: 76.2, Diff: 0.4, Sum: 607.9]
      [GC Worker End (ms): Min: 1353.3, Avg: 1353.5, Max: 1353.6, Diff: 0.3]
   [Code Root Fixup: 0.0 ms]
   [Code Root Purge: 0.0 ms]
   [Clear CT: 0.2 ms]
   [Other: 0.8 ms]
      [Choose CSet: 0.0 ms]
      [Ref Proc: 0.2 ms]
      [Ref Enq: 0.0 ms]
      [Redirty Cards: 0.2 ms]
      [Humongous Register: 0.0 ms]
      [Humongous Reclaim: 0.0 ms]
      [Free CSet: 0.1 ms]
   [Eden: 89.0M(89.0M)->0.0B(89.0M) Survivors: 13.0M->13.0M Heap: 859.1M(2048.0M)->860.6M(2048.0M)]
 [Times: user=0.45 sys=0.14, real=0.08 secs] 
2020-09-29T12:05:10.536+0200: 1.425: [GC pause (G1 Evacuation Pause) (young), 0.0728980 secs]
   [Parallel Time: 71.8 ms, GC Workers: 8]
      [GC Worker Start (ms): Min: 1425.1, Avg: 1425.2, Max: 1425.3, Diff: 0.1]
      [Ext Root Scanning (ms): Min: 0.0, Avg: 0.1, Max: 0.1, Diff: 0.1, Sum: 0.6]
      [Update RS (ms): Min: 2.2, Avg: 2.3, Max: 2.8, Diff: 0.6, Sum: 18.3]
         [Processed Buffers: Min: 3, Avg: 4.0, Max: 5, Diff: 2, Sum: 32]
      [Scan RS (ms): Min: 8.8, Avg: 9.3, Max: 9.4, Diff: 0.6, Sum: 74.1]
      [Code Root Scanning (ms): Min: 0.0, Avg: 0.0, Max: 0.0, Diff: 0.0, Sum: 0.0]
      [Object Copy (ms): Min: 59.8, Avg: 59.8, Max: 60.0, Diff: 0.2, Sum: 478.7]
      [Termination (ms): Min: 0.0, Avg: 0.1, Max: 0.1, Diff: 0.1, Sum: 0.5]
         [Termination Attempts: Min: 1, Avg: 400.8, Max: 492, Diff: 491, Sum: 3206]
      [GC Worker Other (ms): Min: 0.0, Avg: 0.0, Max: 0.1, Diff: 0.0, Sum: 0.3]
      [GC Worker Total (ms): Min: 71.5, Avg: 71.6, Max: 71.6, Diff: 0.1, Sum: 572.6]
      [GC Worker End (ms): Min: 1496.8, Avg: 1496.8, Max: 1496.8, Diff: 0.0]
   [Code Root Fixup: 0.0 ms]
   [Code Root Purge: 0.0 ms]
   [Clear CT: 0.3 ms]
   [Other: 0.8 ms]
      [Choose CSet: 0.0 ms]
      [Ref Proc: 0.2 ms]
      [Ref Enq: 0.0 ms]
      [Redirty Cards: 0.3 ms]
      [Humongous Register: 0.0 ms]
      [Humongous Reclaim: 0.0 ms]
      [Free CSet: 0.1 ms]
   [Eden: 89.0M(89.0M)->0.0B(89.0M) Survivors: 13.0M->13.0M Heap: 964.8M(2048.0M)->967.3M(2048.0M)]
 [Times: user=0.45 sys=0.05, real=0.07 secs] 
2020-09-29T12:05:10.624+0200: 1.513: [GC pause (G1 Humongous Allocation) (young) (initial-mark), 0.0163700 secs]
   [Parallel Time: 15.7 ms, GC Workers: 8]
      [GC Worker Start (ms): Min: 1513.1, Avg: 1513.1, Max: 1513.2, Diff: 0.1]
      [Ext Root Scanning (ms): Min: 0.0, Avg: 0.3, Max: 1.2, Diff: 1.2, Sum: 2.0]
      [Update RS (ms): Min: 1.5, Avg: 2.2, Max: 2.7, Diff: 1.2, Sum: 18.0]
         [Processed Buffers: Min: 3, Avg: 3.0, Max: 3, Diff: 0, Sum: 24]
      [Scan RS (ms): Min: 0.5, Avg: 0.8, Max: 1.1, Diff: 0.6, Sum: 6.6]
      [Code Root Scanning (ms): Min: 0.0, Avg: 0.0, Max: 0.0, Diff: 0.0, Sum: 0.0]
      [Object Copy (ms): Min: 12.1, Avg: 12.2, Max: 12.2, Diff: 0.1, Sum: 97.2]
      [Termination (ms): Min: 0.0, Avg: 0.0, Max: 0.0, Diff: 0.0, Sum: 0.2]
         [Termination Attempts: Min: 1, Avg: 201.4, Max: 260, Diff: 259, Sum: 1611]
      [GC Worker Other (ms): Min: 0.0, Avg: 0.0, Max: 0.0, Diff: 0.0, Sum: 0.1]
      [GC Worker Total (ms): Min: 15.4, Avg: 15.5, Max: 15.6, Diff: 0.2, Sum: 124.2]
      [GC Worker End (ms): Min: 1528.7, Avg: 1528.7, Max: 1528.7, Diff: 0.0]
   [Code Root Fixup: 0.0 ms]
   [Code Root Purge: 0.0 ms]
   [Clear CT: 0.1 ms]
   [Other: 0.5 ms]
      [Choose CSet: 0.0 ms]
      [Ref Proc: 0.1 ms]
      [Ref Enq: 0.0 ms]
      [Redirty Cards: 0.1 ms]
      [Humongous Register: 0.0 ms]
      [Humongous Reclaim: 0.0 ms]
      [Free CSet: 0.0 ms]
   [Eden: 12.0M(89.0M)->0.0B(96.0M) Survivors: 13.0M->13.0M Heap: 978.8M(2048.0M)->982.3M(2048.0M)]
 [Times: user=0.05 sys=0.08, real=0.02 secs] 
2020-09-29T12:05:10.640+0200: 1.529: [GC concurrent-root-region-scan-start]
2020-09-29T12:05:10.644+0200: 1.533: [GC concurrent-root-region-scan-end, 0.0034383 secs]
2020-09-29T12:05:10.644+0200: 1.533: [GC concurrent-mark-start]
2020-09-29T12:05:10.648+0200: 1.537: [GC concurrent-mark-end, 0.0043927 secs]
2020-09-29T12:05:10.649+0200: 1.538: [GC remark 2020-09-29T12:05:10.649+0200: 1.538: [Finalize Marking, 0.0001930 secs] 2020-09-29T12:05:10.649+0200: 1.538: [GC ref-proc, 0.0003003 secs] 2020-09-29T12:05:10.649+0200: 1.538: [Unloading, 0.0004151 secs], 0.0012439 secs]
 [Times: user=0.00 sys=0.00, real=0.00 secs] 
2020-09-29T12:05:10.650+0200: 1.539: [GC cleanup 998M->37M(2048M), 0.0012402 secs]
 [Times: user=0.00 sys=0.00, real=0.00 secs] 
2020-09-29T12:05:10.652+0200: 1.541: [GC concurrent-cleanup-start]
2020-09-29T12:05:10.653+0200: 1.542: [GC concurrent-cleanup-end, 0.0013604 secs]
2020-09-29T12:05:10.699+0200: 1.588: [GC pause (G1 Evacuation Pause) (young), 0.0548861 secs]
   [Parallel Time: 54.1 ms, GC Workers: 8]
      [GC Worker Start (ms): Min: 1588.2, Avg: 1588.2, Max: 1588.3, Diff: 0.1]
      [Ext Root Scanning (ms): Min: 0.0, Avg: 0.1, Max: 0.1, Diff: 0.1, Sum: 0.7]
      [Update RS (ms): Min: 1.3, Avg: 1.6, Max: 1.9, Diff: 0.6, Sum: 12.6]
         [Processed Buffers: Min: 2, Avg: 2.9, Max: 4, Diff: 2, Sum: 23]
      [Scan RS (ms): Min: 8.7, Avg: 9.1, Max: 9.4, Diff: 0.6, Sum: 72.6]
      [Code Root Scanning (ms): Min: 0.0, Avg: 0.0, Max: 0.0, Diff: 0.0, Sum: 0.0]
      [Object Copy (ms): Min: 43.0, Avg: 43.1, Max: 43.2, Diff: 0.2, Sum: 345.2]
      [Termination (ms): Min: 0.0, Avg: 0.1, Max: 0.1, Diff: 0.1, Sum: 0.4]
         [Termination Attempts: Min: 1, Avg: 383.0, Max: 463, Diff: 462, Sum: 3064]
      [GC Worker Other (ms): Min: 0.0, Avg: 0.0, Max: 0.0, Diff: 0.0, Sum: 0.2]
      [GC Worker Total (ms): Min: 53.9, Avg: 54.0, Max: 54.0, Diff: 0.1, Sum: 431.7]
      [GC Worker End (ms): Min: 1642.2, Avg: 1642.2, Max: 1642.2, Diff: 0.0]
   [Code Root Fixup: 0.0 ms]
   [Code Root Purge: 0.0 ms]
   [Clear CT: 0.1 ms]
   [Other: 0.6 ms]
      [Choose CSet: 0.0 ms]
      [Ref Proc: 0.2 ms]
      [Ref Enq: 0.0 ms]
      [Redirty Cards: 0.1 ms]
      [Humongous Register: 0.0 ms]
      [Humongous Reclaim: 0.0 ms]
      [Free CSet: 0.1 ms]
   [Eden: 96.0M(96.0M)->0.0B(118.0M) Survivors: 13.0M->14.0M Heap: 135.2M(2048.0M)->124.2M(2048.0M)]
 [Times: user=0.36 sys=0.03, real=0.06 secs] 
2020-09-29T12:05:10.815+0200: 1.704: [GC pause (G1 Evacuation Pause) (young), 0.0757503 secs]
   [Parallel Time: 74.8 ms, GC Workers: 8]
      [GC Worker Start (ms): Min: 1704.1, Avg: 1704.2, Max: 1704.2, Diff: 0.1]
      [Ext Root Scanning (ms): Min: 0.0, Avg: 0.1, Max: 0.1, Diff: 0.1, Sum: 0.6]
      [Update RS (ms): Min: 1.8, Avg: 1.8, Max: 1.9, Diff: 0.1, Sum: 14.4]
         [Processed Buffers: Min: 2, Avg: 2.6, Max: 6, Diff: 4, Sum: 21]
      [Scan RS (ms): Min: 11.4, Avg: 11.5, Max: 11.5, Diff: 0.1, Sum: 91.8]
      [Code Root Scanning (ms): Min: 0.0, Avg: 0.0, Max: 0.0, Diff: 0.0, Sum: 0.0]
      [Object Copy (ms): Min: 61.0, Avg: 61.2, Max: 61.2, Diff: 0.2, Sum: 489.3]
      [Termination (ms): Min: 0.0, Avg: 0.1, Max: 0.1, Diff: 0.1, Sum: 0.5]
         [Termination Attempts: Min: 1, Avg: 402.3, Max: 547, Diff: 546, Sum: 3218]
      [GC Worker Other (ms): Min: 0.0, Avg: 0.0, Max: 0.0, Diff: 0.0, Sum: 0.2]
      [GC Worker Total (ms): Min: 74.6, Avg: 74.6, Max: 74.7, Diff: 0.1, Sum: 596.8]
      [GC Worker End (ms): Min: 1778.8, Avg: 1778.8, Max: 1778.8, Diff: 0.0]
   [Code Root Fixup: 0.0 ms]
   [Code Root Purge: 0.0 ms]
   [Clear CT: 0.2 ms]
   [Other: 0.8 ms]
      [Choose CSet: 0.0 ms]
      [Ref Proc: 0.3 ms]
      [Ref Enq: 0.0 ms]
      [Redirty Cards: 0.2 ms]
      [Humongous Register: 0.1 ms]
      [Humongous Reclaim: 0.0 ms]
      [Free CSet: 0.1 ms]
   [Eden: 118.0M(118.0M)->0.0B(131.0M) Survivors: 14.0M->17.0M Heap: 261.2M(2048.0M)->263.7M(2048.0M)]
 [Times: user=0.61 sys=0.00, real=0.08 secs] 
2020-09-29T12:05:10.975+0200: 1.864: [GC pause (G1 Evacuation Pause) (young), 0.0987925 secs]
   [Parallel Time: 97.7 ms, GC Workers: 8]
      [GC Worker Start (ms): Min: 1863.8, Avg: 1863.9, Max: 1864.4, Diff: 0.6]
      [Ext Root Scanning (ms): Min: 0.0, Avg: 0.1, Max: 0.2, Diff: 0.2, Sum: 0.8]
      [Update RS (ms): Min: 1.8, Avg: 2.3, Max: 3.2, Diff: 1.4, Sum: 18.5]
         [Processed Buffers: Min: 3, Avg: 3.9, Max: 6, Diff: 3, Sum: 31]
      [Scan RS (ms): Min: 16.5, Avg: 18.5, Max: 26.2, Diff: 9.7, Sum: 147.9]
      [Code Root Scanning (ms): Min: 0.0, Avg: 0.0, Max: 0.0, Diff: 0.0, Sum: 0.0]
      [Object Copy (ms): Min: 69.0, Avg: 76.5, Max: 77.8, Diff: 8.8, Sum: 612.3]
      [Termination (ms): Min: 0.0, Avg: 0.0, Max: 0.0, Diff: 0.0, Sum: 0.1]
         [Termination Attempts: Min: 1, Avg: 80.0, Max: 101, Diff: 100, Sum: 640]
      [GC Worker Other (ms): Min: 0.0, Avg: 0.0, Max: 0.1, Diff: 0.0, Sum: 0.2]
      [GC Worker Total (ms): Min: 97.0, Avg: 97.5, Max: 97.6, Diff: 0.6, Sum: 779.8]
      [GC Worker End (ms): Min: 1961.4, Avg: 1961.4, Max: 1961.4, Diff: 0.0]
   [Code Root Fixup: 0.0 ms]
   [Code Root Purge: 0.0 ms]
   [Clear CT: 0.1 ms]
   [Other: 0.9 ms]
      [Choose CSet: 0.0 ms]
      [Ref Proc: 0.2 ms]
      [Ref Enq: 0.0 ms]
      [Redirty Cards: 0.3 ms]
      [Humongous Register: 0.1 ms]
      [Humongous Reclaim: 0.0 ms]
      [Free CSet: 0.2 ms]
   [Eden: 131.0M(131.0M)->0.0B(142.0M) Survivors: 17.0M->19.0M Heap: 417.6M(2048.0M)->420.1M(2048.0M)]
 [Times: user=0.75 sys=0.00, real=0.10 secs] 
2020-09-29T12:05:11.175+0200: 2.064: [GC pause (G1 Evacuation Pause) (young), 0.0867408 secs]
   [Parallel Time: 85.9 ms, GC Workers: 8]
      [GC Worker Start (ms): Min: 2064.4, Avg: 2064.5, Max: 2064.5, Diff: 0.2]
      [Ext Root Scanning (ms): Min: 0.0, Avg: 0.1, Max: 0.2, Diff: 0.2, Sum: 0.6]
      [Update RS (ms): Min: 2.2, Avg: 2.2, Max: 2.3, Diff: 0.1, Sum: 17.6]
         [Processed Buffers: Min: 2, Avg: 3.0, Max: 4, Diff: 2, Sum: 24]
      [Scan RS (ms): Min: 14.3, Avg: 14.4, Max: 14.6, Diff: 0.3, Sum: 115.2]
      [Code Root Scanning (ms): Min: 0.0, Avg: 0.0, Max: 0.0, Diff: 0.0, Sum: 0.0]
      [Object Copy (ms): Min: 68.8, Avg: 68.9, Max: 69.0, Diff: 0.2, Sum: 551.6]
      [Termination (ms): Min: 0.0, Avg: 0.0, Max: 0.1, Diff: 0.1, Sum: 0.4]
         [Termination Attempts: Min: 1, Avg: 337.6, Max: 427, Diff: 426, Sum: 2701]
      [GC Worker Other (ms): Min: 0.0, Avg: 0.0, Max: 0.1, Diff: 0.0, Sum: 0.3]
      [GC Worker Total (ms): Min: 85.6, Avg: 85.7, Max: 85.8, Diff: 0.2, Sum: 685.7]
      [GC Worker End (ms): Min: 2150.2, Avg: 2150.2, Max: 2150.2, Diff: 0.0]
   [Code Root Fixup: 0.0 ms]
   [Code Root Purge: 0.0 ms]
   [Clear CT: 0.2 ms]
   [Other: 0.6 ms]
      [Choose CSet: 0.0 ms]
      [Ref Proc: 0.1 ms]
      [Ref Enq: 0.0 ms]
      [Redirty Cards: 0.2 ms]
      [Humongous Register: 0.0 ms]
      [Humongous Reclaim: 0.0 ms]
      [Free CSet: 0.1 ms]
   [Eden: 142.0M(142.0M)->0.0B(158.0M) Survivors: 19.0M->21.0M Heap: 585.0M(2048.0M)->586.5M(2048.0M)]
 [Times: user=0.67 sys=0.06, real=0.09 secs] 
2020-09-29T12:05:11.344+0200: 2.233: [GC pause (G1 Evacuation Pause) (young), 0.1161172 secs]
   [Parallel Time: 115.1 ms, GC Workers: 8]
      [GC Worker Start (ms): Min: 2233.4, Avg: 2233.5, Max: 2233.5, Diff: 0.1]
      [Ext Root Scanning (ms): Min: 0.0, Avg: 0.1, Max: 0.1, Diff: 0.1, Sum: 0.5]
      [Update RS (ms): Min: 2.1, Avg: 3.3, Max: 9.5, Diff: 7.4, Sum: 26.2]
         [Processed Buffers: Min: 2, Avg: 3.8, Max: 6, Diff: 4, Sum: 30]
      [Scan RS (ms): Min: 11.9, Avg: 18.1, Max: 19.3, Diff: 7.4, Sum: 144.8]
      [Code Root Scanning (ms): Min: 0.0, Avg: 0.0, Max: 0.0, Diff: 0.0, Sum: 0.0]
      [Object Copy (ms): Min: 93.2, Avg: 93.3, Max: 93.5, Diff: 0.2, Sum: 746.6]
      [Termination (ms): Min: 0.0, Avg: 0.1, Max: 0.1, Diff: 0.1, Sum: 0.7]
         [Termination Attempts: Min: 1, Avg: 612.6, Max: 728, Diff: 727, Sum: 4901]
      [GC Worker Other (ms): Min: 0.0, Avg: 0.0, Max: 0.0, Diff: 0.0, Sum: 0.2]
      [GC Worker Total (ms): Min: 114.8, Avg: 114.9, Max: 115.0, Diff: 0.1, Sum: 919.1]
      [GC Worker End (ms): Min: 2348.4, Avg: 2348.4, Max: 2348.4, Diff: 0.0]
   [Code Root Fixup: 0.0 ms]
   [Code Root Purge: 0.0 ms]
   [Clear CT: 0.2 ms]
   [Other: 0.9 ms]
      [Choose CSet: 0.0 ms]
      [Ref Proc: 0.2 ms]
      [Ref Enq: 0.0 ms]
      [Redirty Cards: 0.3 ms]
      [Humongous Register: 0.1 ms]
      [Humongous Reclaim: 0.0 ms]
      [Free CSet: 0.2 ms]
   [Eden: 158.0M(158.0M)->0.0B(166.0M) Survivors: 21.0M->23.0M Heap: 771.2M(2048.0M)->773.7M(2048.0M)]
 [Times: user=0.83 sys=0.05, real=0.12 secs] 
2020-09-29T12:05:11.574+0200: 2.463: [GC pause (G1 Evacuation Pause) (young), 0.1105742 secs]
   [Parallel Time: 109.7 ms, GC Workers: 8]
      [GC Worker Start (ms): Min: 2463.5, Avg: 2464.5, Max: 2471.2, Diff: 7.7]
      [Ext Root Scanning (ms): Min: 0.0, Avg: 0.1, Max: 0.1, Diff: 0.1, Sum: 0.6]
      [Update RS (ms): Min: 0.0, Avg: 2.6, Max: 3.4, Diff: 3.4, Sum: 20.6]
         [Processed Buffers: Min: 0, Avg: 3.5, Max: 4, Diff: 4, Sum: 28]
      [Scan RS (ms): Min: 13.6, Avg: 17.8, Max: 18.7, Diff: 5.2, Sum: 142.5]
      [Code Root Scanning (ms): Min: 0.0, Avg: 0.0, Max: 0.0, Diff: 0.0, Sum: 0.0]
      [Object Copy (ms): Min: 87.2, Avg: 87.9, Max: 88.2, Diff: 0.9, Sum: 703.2]
      [Termination (ms): Min: 0.0, Avg: 0.1, Max: 0.2, Diff: 0.1, Sum: 0.9]
         [Termination Attempts: Min: 1, Avg: 69.3, Max: 86, Diff: 85, Sum: 554]
      [GC Worker Other (ms): Min: 0.0, Avg: 0.0, Max: 0.1, Diff: 0.0, Sum: 0.2]
      [GC Worker Total (ms): Min: 101.8, Avg: 108.5, Max: 109.5, Diff: 7.7, Sum: 868.1]
      [GC Worker End (ms): Min: 2573.0, Avg: 2573.0, Max: 2573.0, Diff: 0.0]
   [Code Root Fixup: 0.0 ms]
   [Code Root Purge: 0.0 ms]
   [Clear CT: 0.2 ms]
   [Other: 0.7 ms]
      [Choose CSet: 0.0 ms]
      [Ref Proc: 0.2 ms]
      [Ref Enq: 0.0 ms]
      [Redirty Cards: 0.2 ms]
      [Humongous Register: 0.0 ms]
      [Humongous Reclaim: 0.0 ms]
      [Free CSet: 0.1 ms]
   [Eden: 166.0M(166.0M)->0.0B(180.0M) Survivors: 23.0M->24.0M Heap: 966.4M(2048.0M)->968.4M(2048.0M)]
 [Times: user=0.78 sys=0.05, real=0.11 secs] 
2020-09-29T12:05:11.686+0200: 2.575: [GC pause (G1 Humongous Allocation) (young) (initial-mark), 0.0482377 secs]
   [Parallel Time: 47.3 ms, GC Workers: 8]
      [GC Worker Start (ms): Min: 2575.2, Avg: 2575.2, Max: 2575.3, Diff: 0.1]
      [Ext Root Scanning (ms): Min: 0.0, Avg: 3.5, Max: 27.5, Diff: 27.5, Sum: 28.1]
      [Update RS (ms): Min: 3.3, Avg: 27.4, Max: 31.1, Diff: 27.8, Sum: 219.4]
         [Processed Buffers: Min: 4, Avg: 32.1, Max: 39, Diff: 35, Sum: 257]
      [Scan RS (ms): Min: 0.0, Avg: 0.1, Max: 0.3, Diff: 0.3, Sum: 0.8]
      [Code Root Scanning (ms): Min: 0.0, Avg: 0.0, Max: 0.0, Diff: 0.0, Sum: 0.0]
      [Object Copy (ms): Min: 15.9, Avg: 16.1, Max: 16.1, Diff: 0.3, Sum: 128.6]
      [Termination (ms): Min: 0.0, Avg: 0.0, Max: 0.0, Diff: 0.0, Sum: 0.2]
         [Termination Attempts: Min: 1, Avg: 181.6, Max: 227, Diff: 226, Sum: 1453]
      [GC Worker Other (ms): Min: 0.0, Avg: 0.0, Max: 0.0, Diff: 0.0, Sum: 0.1]
      [GC Worker Total (ms): Min: 47.1, Avg: 47.1, Max: 47.2, Diff: 0.1, Sum: 377.1]
      [GC Worker End (ms): Min: 2622.4, Avg: 2622.4, Max: 2622.4, Diff: 0.0]
   [Code Root Fixup: 0.0 ms]
   [Code Root Purge: 0.0 ms]
   [Clear CT: 0.2 ms]
   [Other: 0.7 ms]
      [Choose CSet: 0.0 ms]
      [Ref Proc: 0.1 ms]
      [Ref Enq: 0.0 ms]
      [Redirty Cards: 0.2 ms]
      [Humongous Register: 0.0 ms]
      [Humongous Reclaim: 0.0 ms]
      [Free CSet: 0.0 ms]
   [Eden: 2048.0K(180.0M)->0.0B(206.0M) Survivors: 24.0M->3072.0K Heap: 970.4M(2048.0M)->973.4M(2048.0M)]
 [Times: user=0.34 sys=0.00, real=0.05 secs] 
2020-09-29T12:05:11.734+0200: 2.623: [GC concurrent-root-region-scan-start]
2020-09-29T12:05:11.735+0200: 2.624: [GC concurrent-root-region-scan-end, 0.0008349 secs]
2020-09-29T12:05:11.735+0200: 2.624: [GC concurrent-mark-start]
2020-09-29T12:05:11.738+0200: 2.627: [GC concurrent-mark-end, 0.0028392 secs]
2020-09-29T12:05:11.738+0200: 2.627: [GC remark 2020-09-29T12:05:11.738+0200: 2.627: [Finalize Marking, 0.0002005 secs] 2020-09-29T12:05:11.738+0200: 2.627: [GC ref-proc, 0.0002914 secs] 2020-09-29T12:05:11.739+0200: 2.628: [Unloading, 0.0004270 secs], 0.0012412 secs]
 [Times: user=0.00 sys=0.02, real=0.00 secs] 
2020-09-29T12:05:11.740+0200: 2.629: [GC cleanup 981M->19M(2048M), 0.0011505 secs]
 [Times: user=0.00 sys=0.00, real=0.00 secs] 
2020-09-29T12:05:11.741+0200: 2.630: [GC concurrent-cleanup-start]
2020-09-29T12:05:11.742+0200: 2.631: [GC concurrent-cleanup-end, 0.0010959 secs]
2020-09-29T12:05:11.854+0200: 2.743: [GC pause (G1 Evacuation Pause) (young), 0.1242030 secs]
   [Parallel Time: 123.3 ms, GC Workers: 8]
      [GC Worker Start (ms): Min: 2742.9, Avg: 2743.0, Max: 2743.1, Diff: 0.2]
      [Ext Root Scanning (ms): Min: 0.0, Avg: 0.1, Max: 0.2, Diff: 0.2, Sum: 0.5]
      [Update RS (ms): Min: 2.8, Avg: 3.1, Max: 3.7, Diff: 0.9, Sum: 24.4]
         [Processed Buffers: Min: 3, Avg: 3.4, Max: 4, Diff: 1, Sum: 27]
      [Scan RS (ms): Min: 18.2, Avg: 18.9, Max: 19.3, Diff: 1.0, Sum: 151.5]
      [Code Root Scanning (ms): Min: 0.0, Avg: 0.0, Max: 0.0, Diff: 0.0, Sum: 0.0]
      [Object Copy (ms): Min: 100.6, Avg: 100.7, Max: 101.1, Diff: 0.5, Sum: 806.0]
      [Termination (ms): Min: 0.0, Avg: 0.3, Max: 0.4, Diff: 0.4, Sum: 2.2]
         [Termination Attempts: Min: 1, Avg: 1972.5, Max: 2482, Diff: 2481, Sum: 15780]
      [GC Worker Other (ms): Min: 0.0, Avg: 0.0, Max: 0.1, Diff: 0.0, Sum: 0.4]
      [GC Worker Total (ms): Min: 123.0, Avg: 123.1, Max: 123.3, Diff: 0.3, Sum: 985.0]
      [GC Worker End (ms): Min: 2866.1, Avg: 2866.1, Max: 2866.1, Diff: 0.0]
   [Code Root Fixup: 0.0 ms]
   [Code Root Purge: 0.0 ms]
   [Clear CT: 0.2 ms]
   [Other: 0.7 ms]
      [Choose CSet: 0.0 ms]
      [Ref Proc: 0.2 ms]
      [Ref Enq: 0.0 ms]
      [Redirty Cards: 0.2 ms]
      [Humongous Register: 0.0 ms]
      [Humongous Reclaim: 0.0 ms]
      [Free CSet: 0.1 ms]
   [Eden: 206.0M(206.0M)->0.0B(193.0M) Survivors: 3072.0K->27.0M Heap: 252.3M(2048.0M)->250.8M(2048.0M)]
 [Times: user=0.92 sys=0.05, real=0.12 secs] 
2020-09-29T12:05:12.096+0200: 2.985: [GC pause (G1 Evacuation Pause) (young), 0.1302198 secs]
   [Parallel Time: 129.0 ms, GC Workers: 8]
      [GC Worker Start (ms): Min: 2985.3, Avg: 2985.4, Max: 2985.5, Diff: 0.2]
      [Ext Root Scanning (ms): Min: 0.0, Avg: 0.1, Max: 0.2, Diff: 0.2, Sum: 0.5]
      [Update RS (ms): Min: 3.0, Avg: 3.2, Max: 4.0, Diff: 1.0, Sum: 25.8]
         [Processed Buffers: Min: 3, Avg: 3.6, Max: 4, Diff: 1, Sum: 29]
      [Scan RS (ms): Min: 23.4, Avg: 24.2, Max: 25.0, Diff: 1.6, Sum: 194.0]
      [Code Root Scanning (ms): Min: 0.0, Avg: 0.0, Max: 0.0, Diff: 0.0, Sum: 0.0]
      [Object Copy (ms): Min: 100.5, Avg: 101.0, Max: 101.2, Diff: 0.7, Sum: 808.3]
      [Termination (ms): Min: 0.0, Avg: 0.0, Max: 0.0, Diff: 0.0, Sum: 0.1]
         [Termination Attempts: Min: 1, Avg: 23.9, Max: 38, Diff: 37, Sum: 191]
      [GC Worker Other (ms): Min: 0.0, Avg: 0.1, Max: 0.1, Diff: 0.1, Sum: 0.8]
      [GC Worker Total (ms): Min: 128.6, Avg: 128.7, Max: 128.8, Diff: 0.2, Sum: 1029.4]
      [GC Worker End (ms): Min: 3114.0, Avg: 3114.1, Max: 3114.1, Diff: 0.1]
   [Code Root Fixup: 0.0 ms]
   [Code Root Purge: 0.0 ms]
   [Clear CT: 0.3 ms]
   [Other: 1.0 ms]
      [Choose CSet: 0.0 ms]
      [Ref Proc: 0.3 ms]
      [Ref Enq: 0.0 ms]
      [Redirty Cards: 0.3 ms]
      [Humongous Register: 0.0 ms]
      [Humongous Reclaim: 0.0 ms]
      [Free CSet: 0.1 ms]
   [Eden: 193.0M(193.0M)->0.0B(200.0M) Survivors: 27.0M->28.0M Heap: 476.3M(2048.0M)->479.3M(2048.0M)]
 [Times: user=1.06 sys=0.05, real=0.13 secs] 
2020-09-29T12:05:12.335+0200: 3.224: [GC pause (G1 Evacuation Pause) (young), 0.1305777 secs]
   [Parallel Time: 129.8 ms, GC Workers: 8]
      [GC Worker Start (ms): Min: 3224.5, Avg: 3224.6, Max: 3224.7, Diff: 0.2]
      [Ext Root Scanning (ms): Min: 0.0, Avg: 0.1, Max: 0.2, Diff: 0.2, Sum: 0.5]
      [Update RS (ms): Min: 2.9, Avg: 3.1, Max: 3.4, Diff: 0.5, Sum: 24.4]
         [Processed Buffers: Min: 4, Avg: 4.6, Max: 5, Diff: 1, Sum: 37]
      [Scan RS (ms): Min: 20.1, Avg: 20.5, Max: 20.7, Diff: 0.7, Sum: 163.8]
      [Code Root Scanning (ms): Min: 0.0, Avg: 0.0, Max: 0.0, Diff: 0.0, Sum: 0.0]
      [Object Copy (ms): Min: 105.6, Avg: 105.7, Max: 105.8, Diff: 0.2, Sum: 845.6]
      [Termination (ms): Min: 0.0, Avg: 0.1, Max: 0.1, Diff: 0.1, Sum: 0.7]
         [Termination Attempts: Min: 1, Avg: 607.6, Max: 781, Diff: 780, Sum: 4861]
      [GC Worker Other (ms): Min: 0.0, Avg: 0.2, Max: 0.2, Diff: 0.2, Sum: 1.2]
      [GC Worker Total (ms): Min: 129.4, Avg: 129.5, Max: 129.6, Diff: 0.3, Sum: 1036.3]
      [GC Worker End (ms): Min: 3354.0, Avg: 3354.1, Max: 3354.2, Diff: 0.2]
   [Code Root Fixup: 0.0 ms]
   [Code Root Purge: 0.0 ms]
   [Clear CT: 0.1 ms]
   [Other: 0.6 ms]
      [Choose CSet: 0.0 ms]
      [Ref Proc: 0.2 ms]
      [Ref Enq: 0.0 ms]
      [Redirty Cards: 0.2 ms]
      [Humongous Register: 0.0 ms]
      [Humongous Reclaim: 0.0 ms]
      [Free CSet: 0.1 ms]
   [Eden: 200.0M(200.0M)->0.0B(220.0M) Survivors: 28.0M->29.0M Heap: 713.6M(2048.0M)->715.6M(2048.0M)]
 [Times: user=0.92 sys=0.05, real=0.13 secs] 
2020-09-29T12:05:12.593+0200: 3.482: [GC pause (G1 Evacuation Pause) (young), 0.1394643 secs]
   [Parallel Time: 137.2 ms, GC Workers: 8]
      [GC Worker Start (ms): Min: 3482.1, Avg: 3482.2, Max: 3482.3, Diff: 0.2]
      [Ext Root Scanning (ms): Min: 0.0, Avg: 0.1, Max: 0.2, Diff: 0.2, Sum: 0.5]
      [Update RS (ms): Min: 3.0, Avg: 3.1, Max: 3.5, Diff: 0.5, Sum: 25.0]
         [Processed Buffers: Min: 3, Avg: 4.3, Max: 6, Diff: 3, Sum: 34]
      [Scan RS (ms): Min: 23.4, Avg: 23.9, Max: 24.2, Diff: 0.7, Sum: 191.5]
      [Code Root Scanning (ms): Min: 0.0, Avg: 0.0, Max: 0.0, Diff: 0.0, Sum: 0.0]
      [Object Copy (ms): Min: 109.6, Avg: 109.8, Max: 109.9, Diff: 0.3, Sum: 878.0]
      [Termination (ms): Min: 0.0, Avg: 0.1, Max: 0.1, Diff: 0.1, Sum: 0.5]
         [Termination Attempts: Min: 1, Avg: 451.4, Max: 563, Diff: 562, Sum: 3611]
      [GC Worker Other (ms): Min: 0.0, Avg: 0.0, Max: 0.1, Diff: 0.1, Sum: 0.3]
      [GC Worker Total (ms): Min: 136.9, Avg: 137.0, Max: 137.1, Diff: 0.2, Sum: 1095.9]
      [GC Worker End (ms): Min: 3619.2, Avg: 3619.2, Max: 3619.2, Diff: 0.1]
   [Code Root Fixup: 0.0 ms]
   [Code Root Purge: 0.0 ms]
   [Clear CT: 0.6 ms]
   [Other: 1.6 ms]
      [Choose CSet: 0.0 ms]
      [Ref Proc: 0.2 ms]
      [Ref Enq: 0.0 ms]
      [Redirty Cards: 1.1 ms]
      [Humongous Register: 0.1 ms]
      [Humongous Reclaim: 0.0 ms]
      [Free CSet: 0.1 ms]
   [Eden: 220.0M(220.0M)->0.0B(223.0M) Survivors: 29.0M->32.0M Heap: 971.8M(2048.0M)->974.3M(2048.0M)]
 [Times: user=1.00 sys=0.08, real=0.14 secs] 
2020-09-29T12:05:12.752+0200: 3.641: [GC pause (G1 Humongous Allocation) (young) (initial-mark), 0.0247754 secs]
   [Parallel Time: 23.8 ms, GC Workers: 8]
      [GC Worker Start (ms): Min: 3641.4, Avg: 3641.4, Max: 3641.4, Diff: 0.1]
      [Ext Root Scanning (ms): Min: 0.0, Avg: 0.1, Max: 0.1, Diff: 0.1, Sum: 0.6]
      [Update RS (ms): Min: 6.2, Avg: 6.3, Max: 6.8, Diff: 0.6, Sum: 50.8]
         [Processed Buffers: Min: 7, Avg: 8.4, Max: 10, Diff: 3, Sum: 67]
      [Scan RS (ms): Min: 1.7, Avg: 2.1, Max: 2.3, Diff: 0.6, Sum: 16.8]
      [Code Root Scanning (ms): Min: 0.0, Avg: 0.0, Max: 0.0, Diff: 0.0, Sum: 0.0]
      [Object Copy (ms): Min: 15.0, Avg: 15.0, Max: 15.1, Diff: 0.1, Sum: 120.0]
      [Termination (ms): Min: 0.0, Avg: 0.1, Max: 0.2, Diff: 0.2, Sum: 0.8]
         [Termination Attempts: Min: 1, Avg: 24.3, Max: 38, Diff: 37, Sum: 194]
      [GC Worker Other (ms): Min: 0.0, Avg: 0.0, Max: 0.0, Diff: 0.0, Sum: 0.1]
      [GC Worker Total (ms): Min: 23.5, Avg: 23.6, Max: 23.8, Diff: 0.2, Sum: 189.2]
      [GC Worker End (ms): Min: 3665.0, Avg: 3665.0, Max: 3665.1, Diff: 0.2]
   [Code Root Fixup: 0.0 ms]
   [Code Root Purge: 0.0 ms]
   [Clear CT: 0.2 ms]
   [Other: 0.8 ms]
      [Choose CSet: 0.0 ms]
      [Ref Proc: 0.2 ms]
      [Ref Enq: 0.0 ms]
      [Redirty Cards: 0.2 ms]
      [Humongous Register: 0.0 ms]
      [Humongous Reclaim: 0.0 ms]
      [Free CSet: 0.1 ms]
   [Eden: 6144.0K(223.0M)->0.0B(293.0M) Survivors: 32.0M->7168.0K Heap: 979.8M(2048.0M)->983.8M(2048.0M)]
 [Times: user=0.25 sys=0.00, real=0.02 secs] 
2020-09-29T12:05:12.777+0200: 3.666: [GC concurrent-root-region-scan-start]
2020-09-29T12:05:12.779+0200: 3.668: [GC concurrent-root-region-scan-end, 0.0021401 secs]
2020-09-29T12:05:12.779+0200: 3.668: [GC concurrent-mark-start]
2020-09-29T12:05:12.782+0200: 3.672: [GC concurrent-mark-end, 0.0033395 secs]
2020-09-29T12:05:12.783+0200: 3.672: [GC remark 2020-09-29T12:05:12.783+0200: 3.672: [Finalize Marking, 0.0002143 secs] 2020-09-29T12:05:12.783+0200: 3.672: [GC ref-proc, 0.0002834 secs] 2020-09-29T12:05:12.783+0200: 3.673: [Unloading, 0.0004952 secs], 0.0014372 secs]
 [Times: user=0.00 sys=0.00, real=0.00 secs] 
2020-09-29T12:05:12.785+0200: 3.674: [GC cleanup 993M->25M(2048M), 0.0014680 secs]
 [Times: user=0.02 sys=0.00, real=0.00 secs] 
2020-09-29T12:05:12.786+0200: 3.676: [GC concurrent-cleanup-start]
2020-09-29T12:05:12.788+0200: 3.677: [GC concurrent-cleanup-end, 0.0018427 secs]
2020-09-29T12:05:12.950+0200: 3.839: [GC pause (G1 Evacuation Pause) (young), 0.1681246 secs]
   [Parallel Time: 167.0 ms, GC Workers: 8]
      [GC Worker Start (ms): Min: 3839.6, Avg: 3839.7, Max: 3839.8, Diff: 0.2]
      [Ext Root Scanning (ms): Min: 0.0, Avg: 0.1, Max: 0.2, Diff: 0.2, Sum: 0.5]
      [Update RS (ms): Min: 3.8, Avg: 4.1, Max: 5.2, Diff: 1.4, Sum: 32.5]
         [Processed Buffers: Min: 4, Avg: 4.9, Max: 6, Diff: 2, Sum: 39]
      [Scan RS (ms): Min: 29.7, Avg: 30.2, Max: 31.0, Diff: 1.3, Sum: 241.9]
      [Code Root Scanning (ms): Min: 0.0, Avg: 0.0, Max: 0.0, Diff: 0.0, Sum: 0.0]
      [Object Copy (ms): Min: 131.7, Avg: 132.3, Max: 132.6, Diff: 0.9, Sum: 1058.2]
      [Termination (ms): Min: 0.0, Avg: 0.0, Max: 0.0, Diff: 0.0, Sum: 0.1]
         [Termination Attempts: Min: 1, Avg: 59.1, Max: 74, Diff: 73, Sum: 473]
      [GC Worker Other (ms): Min: 0.0, Avg: 0.0, Max: 0.1, Diff: 0.0, Sum: 0.4]
      [GC Worker Total (ms): Min: 166.6, Avg: 166.7, Max: 166.8, Diff: 0.2, Sum: 1333.6]
      [GC Worker End (ms): Min: 4006.4, Avg: 4006.4, Max: 4006.4, Diff: 0.1]
   [Code Root Fixup: 0.0 ms]
   [Code Root Purge: 0.0 ms]
   [Clear CT: 0.2 ms]
   [Other: 1.0 ms]
      [Choose CSet: 0.0 ms]
      [Ref Proc: 0.1 ms]
      [Ref Enq: 0.0 ms]
      [Redirty Cards: 0.2 ms]
      [Humongous Register: 0.0 ms]
      [Humongous Reclaim: 0.0 ms]
      [Free CSet: 0.3 ms]
   [Eden: 293.0M(293.0M)->0.0B(250.0M) Survivors: 7168.0K->38.0M Heap: 358.6M(2048.0M)->353.6M(2048.0M)]
 [Times: user=1.31 sys=0.03, real=0.17 secs] 
2020-09-29T12:05:13.289+0200: 4.178: [GC pause (G1 Evacuation Pause) (young), 0.2397346 secs]
   [Parallel Time: 238.0 ms, GC Workers: 8]
      [GC Worker Start (ms): Min: 4178.5, Avg: 4179.6, Max: 4182.7, Diff: 4.2]
      [Ext Root Scanning (ms): Min: 0.0, Avg: 0.1, Max: 0.2, Diff: 0.2, Sum: 0.8]
      [Update RS (ms): Min: 4.1, Avg: 7.0, Max: 8.7, Diff: 4.6, Sum: 55.8]
         [Processed Buffers: Min: 3, Avg: 6.6, Max: 9, Diff: 6, Sum: 53]
      [Scan RS (ms): Min: 34.2, Avg: 34.7, Max: 35.1, Diff: 0.9, Sum: 277.5]
      [Code Root Scanning (ms): Min: 0.0, Avg: 0.0, Max: 0.0, Diff: 0.0, Sum: 0.0]
      [Object Copy (ms): Min: 194.3, Avg: 194.5, Max: 195.0, Diff: 0.7, Sum: 1556.4]
      [Termination (ms): Min: 0.0, Avg: 0.4, Max: 0.6, Diff: 0.5, Sum: 3.3]
         [Termination Attempts: Min: 1, Avg: 1809.0, Max: 2253, Diff: 2252, Sum: 14472]
      [GC Worker Other (ms): Min: 0.0, Avg: 0.0, Max: 0.1, Diff: 0.1, Sum: 0.3]
      [GC Worker Total (ms): Min: 233.7, Avg: 236.8, Max: 237.8, Diff: 4.2, Sum: 1894.1]
      [GC Worker End (ms): Min: 4416.4, Avg: 4416.4, Max: 4416.4, Diff: 0.1]
   [Code Root Fixup: 0.0 ms]
   [Code Root Purge: 0.0 ms]
   [Clear CT: 0.5 ms]
   [Other: 1.2 ms]
      [Choose CSet: 0.0 ms]
      [Ref Proc: 0.3 ms]
      [Ref Enq: 0.0 ms]
      [Redirty Cards: 0.3 ms]
      [Humongous Register: 0.0 ms]
      [Humongous Reclaim: 0.0 ms]
      [Free CSet: 0.3 ms]
   [Eden: 250.0M(250.0M)->0.0B(194.0M) Survivors: 38.0M->36.0M Heap: 645.6M(2048.0M)->647.1M(2048.0M)]
 [Times: user=1.48 sys=0.11, real=0.24 secs] 
2020-09-29T12:05:13.704+0200: 4.592: [GC pause (G1 Evacuation Pause) (young), 0.2011320 secs]
   [Parallel Time: 199.7 ms, GC Workers: 8]
      [GC Worker Start (ms): Min: 4592.5, Avg: 4592.5, Max: 4592.6, Diff: 0.1]
      [Ext Root Scanning (ms): Min: 0.0, Avg: 0.1, Max: 0.1, Diff: 0.1, Sum: 0.8]
      [Update RS (ms): Min: 7.2, Avg: 7.3, Max: 7.5, Diff: 0.3, Sum: 58.8]
         [Processed Buffers: Min: 6, Avg: 7.3, Max: 11, Diff: 5, Sum: 58]
      [Scan RS (ms): Min: 26.6, Avg: 26.9, Max: 27.1, Diff: 0.5, Sum: 215.0]
      [Code Root Scanning (ms): Min: 0.0, Avg: 0.0, Max: 0.0, Diff: 0.0, Sum: 0.0]
      [Object Copy (ms): Min: 164.3, Avg: 164.7, Max: 165.0, Diff: 0.7, Sum: 1317.3]
      [Termination (ms): Min: 0.0, Avg: 0.5, Max: 0.7, Diff: 0.7, Sum: 4.3]
         [Termination Attempts: Min: 1, Avg: 2679.8, Max: 3411, Diff: 3410, Sum: 21438]
      [GC Worker Other (ms): Min: 0.0, Avg: 0.0, Max: 0.1, Diff: 0.1, Sum: 0.4]
      [GC Worker Total (ms): Min: 199.5, Avg: 199.6, Max: 199.6, Diff: 0.1, Sum: 1596.6]
      [GC Worker End (ms): Min: 4792.1, Avg: 4792.1, Max: 4792.2, Diff: 0.1]
   [Code Root Fixup: 0.0 ms]
   [Code Root Purge: 0.0 ms]
   [Clear CT: 0.3 ms]
   [Other: 1.1 ms]
      [Choose CSet: 0.0 ms]
      [Ref Proc: 0.2 ms]
      [Ref Enq: 0.0 ms]
      [Redirty Cards: 0.3 ms]
      [Humongous Register: 0.1 ms]
      [Humongous Reclaim: 0.0 ms]
      [Free CSet: 0.3 ms]
   [Eden: 194.0M(194.0M)->0.0B(175.0M) Survivors: 36.0M->29.0M Heap: 873.5M(2048.0M)->875.5M(2048.0M)]
 [Times: user=1.47 sys=0.05, real=0.20 secs] 
2020-09-29T12:05:14.044+0200: 4.933: [GC pause (G1 Evacuation Pause) (young), 0.1784652 secs]
   [Parallel Time: 177.2 ms, GC Workers: 8]
      [GC Worker Start (ms): Min: 4932.7, Avg: 4932.8, Max: 4932.9, Diff: 0.2]
      [Ext Root Scanning (ms): Min: 0.0, Avg: 0.1, Max: 0.2, Diff: 0.2, Sum: 0.6]
      [Update RS (ms): Min: 10.5, Avg: 11.1, Max: 14.5, Diff: 3.9, Sum: 89.1]
         [Processed Buffers: Min: 0, Avg: 8.3, Max: 10, Diff: 10, Sum: 66]
      [Scan RS (ms): Min: 18.6, Avg: 22.0, Max: 23.1, Diff: 4.5, Sum: 176.0]
      [Code Root Scanning (ms): Min: 0.0, Avg: 0.0, Max: 0.0, Diff: 0.0, Sum: 0.1]
      [Object Copy (ms): Min: 143.2, Avg: 143.7, Max: 143.8, Diff: 0.6, Sum: 1149.7]
      [Termination (ms): Min: 0.0, Avg: 0.0, Max: 0.0, Diff: 0.0, Sum: 0.1]
         [Termination Attempts: Min: 1, Avg: 82.4, Max: 113, Diff: 112, Sum: 659]
      [GC Worker Other (ms): Min: 0.0, Avg: 0.0, Max: 0.1, Diff: 0.0, Sum: 0.3]
      [GC Worker Total (ms): Min: 176.9, Avg: 177.0, Max: 177.1, Diff: 0.2, Sum: 1415.8]
      [GC Worker End (ms): Min: 5109.8, Avg: 5109.8, Max: 5109.8, Diff: 0.0]
   [Code Root Fixup: 0.0 ms]
   [Code Root Purge: 0.0 ms]
   [Clear CT: 0.2 ms]
   [Other: 1.0 ms]
      [Choose CSet: 0.0 ms]
      [Ref Proc: 0.2 ms]
      [Ref Enq: 0.0 ms]
      [Redirty Cards: 0.3 ms]
      [Humongous Register: 0.1 ms]
      [Humongous Reclaim: 0.0 ms]
      [Free CSet: 0.3 ms]
   [Eden: 175.0M(175.0M)->0.0B(168.0M) Survivors: 29.0M->26.0M Heap: 1079.1M(2048.0M)->1080.6M(2048.0M)]
 [Times: user=1.22 sys=0.13, real=0.18 secs] 
2020-09-29T12:05:14.244+0200: 5.133: [GC pause (G1 Humongous Allocation) (young) (initial-mark), 0.0375648 secs]
   [Parallel Time: 36.3 ms, GC Workers: 8]
      [GC Worker Start (ms): Min: 5133.0, Avg: 5133.1, Max: 5133.2, Diff: 0.2]
      [Ext Root Scanning (ms): Min: 0.0, Avg: 0.2, Max: 0.3, Diff: 0.3, Sum: 1.9]
      [Update RS (ms): Min: 11.8, Avg: 12.3, Max: 12.7, Diff: 0.8, Sum: 98.1]
         [Processed Buffers: Min: 8, Avg: 10.8, Max: 13, Diff: 5, Sum: 86]
      [Scan RS (ms): Min: 1.8, Avg: 2.2, Max: 2.6, Diff: 0.9, Sum: 17.3]
      [Code Root Scanning (ms): Min: 0.0, Avg: 0.0, Max: 0.0, Diff: 0.0, Sum: 0.0]
      [Object Copy (ms): Min: 21.3, Avg: 21.4, Max: 21.4, Diff: 0.1, Sum: 170.9]
      [Termination (ms): Min: 0.0, Avg: 0.0, Max: 0.0, Diff: 0.0, Sum: 0.1]
         [Termination Attempts: Min: 1, Avg: 74.8, Max: 96, Diff: 95, Sum: 598]
      [GC Worker Other (ms): Min: 0.0, Avg: 0.0, Max: 0.0, Diff: 0.0, Sum: 0.2]
      [GC Worker Total (ms): Min: 35.9, Avg: 36.1, Max: 36.1, Diff: 0.2, Sum: 288.6]
      [GC Worker End (ms): Min: 5169.2, Avg: 5169.2, Max: 5169.2, Diff: 0.0]
   [Code Root Fixup: 0.0 ms]
   [Code Root Purge: 0.0 ms]
   [Clear CT: 0.3 ms]
   [Other: 1.0 ms]
      [Choose CSet: 0.0 ms]
      [Ref Proc: 0.2 ms]
      [Ref Enq: 0.0 ms]
      [Redirty Cards: 0.2 ms]
      [Humongous Register: 0.1 ms]
      [Humongous Reclaim: 0.0 ms]
      [Free CSet: 0.1 ms]
   [Eden: 4096.0K(168.0M)->0.0B(207.0M) Survivors: 26.0M->6144.0K Heap: 1084.6M(2048.0M)->1088.1M(2048.0M)]
 [Times: user=0.20 sys=0.05, real=0.04 secs] 
2020-09-29T12:05:14.282+0200: 5.171: [GC concurrent-root-region-scan-start]
2020-09-29T12:05:14.284+0200: 5.173: [GC concurrent-root-region-scan-end, 0.0018987 secs]
2020-09-29T12:05:14.284+0200: 5.173: [GC concurrent-mark-start]
2020-09-29T12:05:14.292+0200: 5.180: [GC concurrent-mark-end, 0.0050801 secs]
2020-09-29T12:05:14.292+0200: 5.180: [GC remark 2020-09-29T12:05:14.292+0200: 5.181: [Finalize Marking, 0.0002727 secs] 2020-09-29T12:05:14.292+0200: 5.181: [GC ref-proc, 0.0004919 secs] 2020-09-29T12:05:14.293+0200: 5.181: [Unloading, 0.0006427 secs], 0.0018117 secs]
 [Times: user=0.00 sys=0.00, real=0.00 secs] 
2020-09-29T12:05:14.296+0200: 5.185: [GC cleanup 1103M->30M(2048M), 0.0019064 secs]
 [Times: user=0.00 sys=0.00, real=0.00 secs] 
2020-09-29T12:05:14.298+0200: 5.187: [GC concurrent-cleanup-start]
2020-09-29T12:05:14.300+0200: 5.189: [GC concurrent-cleanup-end, 0.0022675 secs]
2020-09-29T12:05:14.434+0200: 5.323: [GC pause (G1 Evacuation Pause) (young), 0.1679772 secs]
   [Parallel Time: 166.4 ms, GC Workers: 8]
      [GC Worker Start (ms): Min: 5322.9, Avg: 5323.0, Max: 5323.1, Diff: 0.2]
      [Ext Root Scanning (ms): Min: 0.0, Avg: 0.1, Max: 0.2, Diff: 0.2, Sum: 0.6]
      [Update RS (ms): Min: 12.2, Avg: 12.5, Max: 12.8, Diff: 0.5, Sum: 99.9]
         [Processed Buffers: Min: 9, Avg: 11.1, Max: 14, Diff: 5, Sum: 89]
      [Scan RS (ms): Min: 21.0, Avg: 21.4, Max: 21.7, Diff: 0.7, Sum: 171.0]
      [Code Root Scanning (ms): Min: 0.0, Avg: 0.0, Max: 0.0, Diff: 0.0, Sum: 0.0]
      [Object Copy (ms): Min: 131.8, Avg: 132.1, Max: 132.3, Diff: 0.4, Sum: 1056.7]
      [Termination (ms): Min: 0.0, Avg: 0.1, Max: 0.1, Diff: 0.1, Sum: 0.9]
         [Termination Attempts: Min: 1, Avg: 549.5, Max: 718, Diff: 717, Sum: 4396]
      [GC Worker Other (ms): Min: 0.0, Avg: 0.0, Max: 0.1, Diff: 0.1, Sum: 0.3]
      [GC Worker Total (ms): Min: 166.1, Avg: 166.2, Max: 166.3, Diff: 0.2, Sum: 1329.4]
      [GC Worker End (ms): Min: 5489.1, Avg: 5489.2, Max: 5489.2, Diff: 0.1]
   [Code Root Fixup: 0.0 ms]
   [Code Root Purge: 0.0 ms]
   [Clear CT: 0.2 ms]
   [Other: 1.3 ms]
      [Choose CSet: 0.0 ms]
      [Ref Proc: 0.3 ms]
      [Ref Enq: 0.0 ms]
      [Redirty Cards: 0.5 ms]
      [Humongous Register: 0.0 ms]
      [Humongous Reclaim: 0.0 ms]
      [Free CSet: 0.2 ms]
   [Eden: 207.0M(207.0M)->0.0B(187.0M) Survivors: 6144.0K->27.0M Heap: 258.2M(2048.0M)->254.2M(2048.0M)]
 [Times: user=1.16 sys=0.06, real=0.17 secs] 
2020-09-29T12:05:14.746+0200: 5.635: [GC pause (G1 Evacuation Pause) (young), 0.1724113 secs]
   [Parallel Time: 171.1 ms, GC Workers: 8]
      [GC Worker Start (ms): Min: 5635.0, Avg: 5635.2, Max: 5636.3, Diff: 1.4]
      [Ext Root Scanning (ms): Min: 0.0, Avg: 0.1, Max: 0.2, Diff: 0.2, Sum: 0.6]
      [Update RS (ms): Min: 10.4, Avg: 11.5, Max: 12.2, Diff: 1.8, Sum: 92.1]
         [Processed Buffers: Min: 9, Avg: 10.0, Max: 11, Diff: 2, Sum: 80]
      [Scan RS (ms): Min: 22.4, Avg: 23.0, Max: 23.3, Diff: 0.9, Sum: 184.2]
      [Code Root Scanning (ms): Min: 0.0, Avg: 0.0, Max: 0.0, Diff: 0.0, Sum: 0.0]
      [Object Copy (ms): Min: 135.8, Avg: 136.0, Max: 136.2, Diff: 0.4, Sum: 1087.7]
      [Termination (ms): Min: 0.0, Avg: 0.1, Max: 0.1, Diff: 0.1, Sum: 0.9]
         [Termination Attempts: Min: 1, Avg: 532.0, Max: 665, Diff: 664, Sum: 4256]
      [GC Worker Other (ms): Min: 0.0, Avg: 0.0, Max: 0.1, Diff: 0.1, Sum: 0.3]
      [GC Worker Total (ms): Min: 169.6, Avg: 170.7, Max: 171.0, Diff: 1.4, Sum: 1365.9]
      [GC Worker End (ms): Min: 5806.0, Avg: 5806.0, Max: 5806.0, Diff: 0.1]
   [Code Root Fixup: 0.0 ms]
   [Code Root Purge: 0.0 ms]
   [Clear CT: 0.2 ms]
   [Other: 1.1 ms]
      [Choose CSet: 0.0 ms]
      [Ref Proc: 0.3 ms]
      [Ref Enq: 0.0 ms]
      [Redirty Cards: 0.3 ms]
      [Humongous Register: 0.0 ms]
      [Humongous Reclaim: 0.0 ms]
      [Free CSet: 0.2 ms]
   [Eden: 187.0M(187.0M)->0.0B(182.0M) Survivors: 27.0M->27.0M Heap: 471.8M(2048.0M)->473.3M(2048.0M)]
 [Times: user=1.27 sys=0.03, real=0.17 secs] 
2020-09-29T12:05:15.054+0200: 5.943: [GC pause (G1 Evacuation Pause) (young), 0.1994004 secs]
   [Parallel Time: 198.2 ms, GC Workers: 8]
      [GC Worker Start (ms): Min: 5942.9, Avg: 5944.8, Max: 5957.5, Diff: 14.6]
      [Ext Root Scanning (ms): Min: 0.0, Avg: 0.1, Max: 0.2, Diff: 0.2, Sum: 0.7]
      [Update RS (ms): Min: 2.1, Avg: 16.2, Max: 25.9, Diff: 23.8, Sum: 129.9]
         [Processed Buffers: Min: 2, Avg: 11.8, Max: 17, Diff: 15, Sum: 94]
      [Scan RS (ms): Min: 12.8, Avg: 20.7, Max: 23.1, Diff: 10.2, Sum: 165.2]
      [Code Root Scanning (ms): Min: 0.0, Avg: 0.0, Max: 0.0, Diff: 0.0, Sum: 0.0]
      [Object Copy (ms): Min: 158.6, Avg: 158.7, Max: 159.1, Diff: 0.5, Sum: 1270.0]
      [Termination (ms): Min: 0.0, Avg: 0.4, Max: 0.6, Diff: 0.6, Sum: 2.9]
         [Termination Attempts: Min: 1, Avg: 1596.0, Max: 1939, Diff: 1938, Sum: 12768]
      [GC Worker Other (ms): Min: 0.0, Avg: 0.0, Max: 0.1, Diff: 0.1, Sum: 0.3]
      [GC Worker Total (ms): Min: 183.5, Avg: 196.1, Max: 198.0, Diff: 14.5, Sum: 1569.0]
      [GC Worker End (ms): Min: 6140.9, Avg: 6141.0, Max: 6141.0, Diff: 0.1]
   [Code Root Fixup: 0.0 ms]
   [Code Root Purge: 0.0 ms]
   [Clear CT: 0.2 ms]
   [Other: 1.0 ms]
      [Choose CSet: 0.0 ms]
      [Ref Proc: 0.3 ms]
      [Ref Enq: 0.0 ms]
      [Redirty Cards: 0.3 ms]
      [Humongous Register: 0.0 ms]
      [Humongous Reclaim: 0.0 ms]
      [Free CSet: 0.1 ms]
   [Eden: 182.0M(182.0M)->0.0B(166.0M) Survivors: 27.0M->27.0M Heap: 685.8M(2048.0M)->688.3M(2048.0M)]
 [Times: user=1.31 sys=0.09, real=0.20 secs] 
2020-09-29T12:05:15.371+0200: 6.260: [GC pause (G1 Evacuation Pause) (young), 0.1465591 secs]
   [Parallel Time: 145.5 ms, GC Workers: 8]
      [GC Worker Start (ms): Min: 6260.3, Avg: 6260.4, Max: 6260.5, Diff: 0.2]
      [Ext Root Scanning (ms): Min: 0.0, Avg: 0.1, Max: 0.2, Diff: 0.2, Sum: 0.7]
      [Update RS (ms): Min: 12.5, Avg: 12.7, Max: 13.6, Diff: 1.2, Sum: 101.6]
         [Processed Buffers: Min: 9, Avg: 10.1, Max: 12, Diff: 3, Sum: 81]
      [Scan RS (ms): Min: 16.3, Avg: 17.3, Max: 17.7, Diff: 1.4, Sum: 138.6]
      [Code Root Scanning (ms): Min: 0.0, Avg: 0.0, Max: 0.0, Diff: 0.0, Sum: 0.0]
      [Object Copy (ms): Min: 114.8, Avg: 115.0, Max: 115.2, Diff: 0.4, Sum: 920.0]
      [Termination (ms): Min: 0.0, Avg: 0.1, Max: 0.2, Diff: 0.2, Sum: 0.9]
         [Termination Attempts: Min: 1, Avg: 508.6, Max: 619, Diff: 618, Sum: 4069]
      [GC Worker Other (ms): Min: 0.0, Avg: 0.1, Max: 0.1, Diff: 0.1, Sum: 0.4]
      [GC Worker Total (ms): Min: 145.2, Avg: 145.3, Max: 145.4, Diff: 0.1, Sum: 1162.2]
      [GC Worker End (ms): Min: 6405.6, Avg: 6405.7, Max: 6405.7, Diff: 0.1]
   [Code Root Fixup: 0.0 ms]
   [Code Root Purge: 0.0 ms]
   [Clear CT: 0.2 ms]
   [Other: 0.9 ms]
      [Choose CSet: 0.0 ms]
      [Ref Proc: 0.3 ms]
      [Ref Enq: 0.0 ms]
      [Redirty Cards: 0.2 ms]
      [Humongous Register: 0.1 ms]
      [Humongous Reclaim: 0.0 ms]
      [Free CSet: 0.2 ms]
   [Eden: 166.0M(166.0M)->0.0B(180.0M) Survivors: 27.0M->25.0M Heap: 881.0M(2048.0M)->883.0M(2048.0M)]
 [Times: user=1.11 sys=0.00, real=0.15 secs] 
2020-09-29T12:05:15.639+0200: 6.529: [GC pause (G1 Evacuation Pause) (young), 0.1534616 secs]
   [Parallel Time: 151.9 ms, GC Workers: 8]
      [GC Worker Start (ms): Min: 6528.7, Avg: 6528.8, Max: 6528.9, Diff: 0.1]
      [Ext Root Scanning (ms): Min: 0.0, Avg: 0.1, Max: 0.2, Diff: 0.1, Sum: 0.8]
      [Update RS (ms): Min: 15.0, Avg: 15.2, Max: 15.7, Diff: 0.7, Sum: 121.3]
         [Processed Buffers: Min: 12, Avg: 12.6, Max: 14, Diff: 2, Sum: 101]
      [Scan RS (ms): Min: 17.6, Avg: 18.2, Max: 18.3, Diff: 0.7, Sum: 145.2]
      [Code Root Scanning (ms): Min: 0.0, Avg: 0.0, Max: 0.0, Diff: 0.0, Sum: 0.0]
      [Object Copy (ms): Min: 118.1, Avg: 118.2, Max: 118.2, Diff: 0.1, Sum: 945.3]
      [Termination (ms): Min: 0.0, Avg: 0.0, Max: 0.0, Diff: 0.0, Sum: 0.1]
         [Termination Attempts: Min: 1, Avg: 72.0, Max: 92, Diff: 91, Sum: 576]
      [GC Worker Other (ms): Min: 0.0, Avg: 0.0, Max: 0.1, Diff: 0.1, Sum: 0.2]
      [GC Worker Total (ms): Min: 151.6, Avg: 151.6, Max: 151.7, Diff: 0.1, Sum: 1213.0]
      [GC Worker End (ms): Min: 6680.4, Avg: 6680.4, Max: 6680.5, Diff: 0.1]
   [Code Root Fixup: 0.0 ms]
   [Code Root Purge: 0.0 ms]
   [Clear CT: 0.2 ms]
   [Other: 1.4 ms]
      [Choose CSet: 0.0 ms]
      [Ref Proc: 0.8 ms]
      [Ref Enq: 0.0 ms]
      [Redirty Cards: 0.2 ms]
      [Humongous Register: 0.1 ms]
      [Humongous Reclaim: 0.0 ms]
      [Free CSet: 0.1 ms]
   [Eden: 180.0M(180.0M)->0.0B(189.0M) Survivors: 25.0M->26.0M Heap: 1093.5M(2048.0M)->1096.0M(2048.0M)]
 [Times: user=1.16 sys=0.06, real=0.15 secs] 
2020-09-29T12:05:15.801+0200: 6.691: [GC pause (G1 Humongous Allocation) (young) (initial-mark), 0.0527620 secs]
   [Parallel Time: 51.9 ms, GC Workers: 8]
      [GC Worker Start (ms): Min: 6690.9, Avg: 6691.0, Max: 6691.1, Diff: 0.2]
      [Ext Root Scanning (ms): Min: 0.0, Avg: 0.2, Max: 0.3, Diff: 0.3, Sum: 1.3]
      [Update RS (ms): Min: 27.2, Avg: 27.5, Max: 28.1, Diff: 0.9, Sum: 220.1]
         [Processed Buffers: Min: 23, Avg: 25.9, Max: 29, Diff: 6, Sum: 207]
      [Scan RS (ms): Min: 1.8, Avg: 2.5, Max: 2.8, Diff: 0.9, Sum: 19.9]
      [Code Root Scanning (ms): Min: 0.0, Avg: 0.0, Max: 0.0, Diff: 0.0, Sum: 0.0]
      [Object Copy (ms): Min: 21.4, Avg: 21.5, Max: 21.5, Diff: 0.1, Sum: 171.9]
      [Termination (ms): Min: 0.0, Avg: 0.0, Max: 0.0, Diff: 0.0, Sum: 0.1]
         [Termination Attempts: Min: 1, Avg: 26.3, Max: 34, Diff: 33, Sum: 210]
      [GC Worker Other (ms): Min: 0.0, Avg: 0.0, Max: 0.0, Diff: 0.0, Sum: 0.1]
      [GC Worker Total (ms): Min: 51.6, Avg: 51.7, Max: 51.7, Diff: 0.2, Sum: 413.4]
      [GC Worker End (ms): Min: 6742.6, Avg: 6742.6, Max: 6742.6, Diff: 0.0]
   [Code Root Fixup: 0.0 ms]
   [Code Root Purge: 0.0 ms]
   [Clear CT: 0.2 ms]
   [Other: 0.7 ms]
      [Choose CSet: 0.0 ms]
      [Ref Proc: 0.2 ms]
      [Ref Enq: 0.0 ms]
      [Redirty Cards: 0.2 ms]
      [Humongous Register: 0.0 ms]
      [Humongous Reclaim: 0.0 ms]
      [Free CSet: 0.0 ms]
   [Eden: 6144.0K(189.0M)->0.0B(212.0M) Survivors: 26.0M->7168.0K Heap: 1101.5M(2048.0M)->1104.5M(2048.0M)]
 [Times: user=0.36 sys=0.02, real=0.05 secs] 
2020-09-29T12:05:15.854+0200: 6.744: [GC concurrent-root-region-scan-start]
2020-09-29T12:05:15.856+0200: 6.745: [GC concurrent-root-region-scan-end, 0.0017910 secs]
2020-09-29T12:05:15.856+0200: 6.745: [GC concurrent-mark-start]
2020-09-29T12:05:15.860+0200: 6.749: [GC concurrent-mark-end, 0.0035427 secs]
2020-09-29T12:05:15.860+0200: 6.749: [GC remark 2020-09-29T12:05:15.860+0200: 6.749: [Finalize Marking, 0.0002444 secs] 2020-09-29T12:05:15.860+0200: 6.750: [GC ref-proc, 0.0003707 secs] 2020-09-29T12:05:15.861+0200: 6.750: [Unloading, 0.0005432 secs], 0.0014840 secs]
 [Times: user=0.00 sys=0.00, real=0.00 secs] 
2020-09-29T12:05:15.862+0200: 6.751: [GC cleanup 1112M->23M(2048M), 0.0013903 secs]
 [Times: user=0.00 sys=0.00, real=0.00 secs] 
2020-09-29T12:05:15.863+0200: 6.753: [GC concurrent-cleanup-start]
2020-09-29T12:05:15.865+0200: 6.755: [GC concurrent-cleanup-end, 0.0019125 secs]
2020-09-29T12:05:16.001+0200: 6.890: [GC pause (G1 Evacuation Pause) (young), 0.1730096 secs]
   [Parallel Time: 171.5 ms, GC Workers: 8]
      [GC Worker Start (ms): Min: 6890.2, Avg: 6890.3, Max: 6890.4, Diff: 0.2]
      [Ext Root Scanning (ms): Min: 0.0, Avg: 0.1, Max: 0.2, Diff: 0.2, Sum: 0.6]
      [Update RS (ms): Min: 14.5, Avg: 14.8, Max: 15.3, Diff: 0.8, Sum: 118.2]
         [Processed Buffers: Min: 11, Avg: 12.1, Max: 14, Diff: 3, Sum: 97]
      [Scan RS (ms): Min: 19.7, Avg: 20.3, Max: 20.5, Diff: 0.8, Sum: 162.0]
      [Code Root Scanning (ms): Min: 0.0, Avg: 0.0, Max: 0.0, Diff: 0.0, Sum: 0.0]
      [Object Copy (ms): Min: 135.6, Avg: 135.7, Max: 135.9, Diff: 0.3, Sum: 1085.9]
      [Termination (ms): Min: 0.0, Avg: 0.2, Max: 0.4, Diff: 0.4, Sum: 2.0]
         [Termination Attempts: Min: 1, Avg: 1122.5, Max: 1376, Diff: 1375, Sum: 8980]
      [GC Worker Other (ms): Min: 0.0, Avg: 0.0, Max: 0.1, Diff: 0.0, Sum: 0.3]
      [GC Worker Total (ms): Min: 171.0, Avg: 171.1, Max: 171.3, Diff: 0.2, Sum: 1369.0]
      [GC Worker End (ms): Min: 7061.5, Avg: 7061.5, Max: 7061.5, Diff: 0.0]
   [Code Root Fixup: 0.0 ms]
   [Code Root Purge: 0.0 ms]
   [Clear CT: 0.4 ms]
   [Other: 1.2 ms]
      [Choose CSet: 0.0 ms]
      [Ref Proc: 0.3 ms]
      [Ref Enq: 0.0 ms]
      [Redirty Cards: 0.4 ms]
      [Humongous Register: 0.0 ms]
      [Humongous Reclaim: 0.0 ms]
      [Free CSet: 0.2 ms]
   [Eden: 212.0M(212.0M)->0.0B(191.0M) Survivors: 7168.0K->28.0M Heap: 264.2M(2048.0M)->259.2M(2048.0M)]
 [Times: user=1.27 sys=0.05, real=0.17 secs] 
2020-09-29T12:05:16.314+0200: 7.203: [GC pause (G1 Evacuation Pause) (young), 0.1668648 secs]
   [Parallel Time: 165.4 ms, GC Workers: 8]
      [GC Worker Start (ms): Min: 7203.4, Avg: 7203.4, Max: 7203.5, Diff: 0.1]
      [Ext Root Scanning (ms): Min: 0.0, Avg: 0.1, Max: 0.2, Diff: 0.1, Sum: 0.8]
      [Update RS (ms): Min: 17.5, Avg: 17.6, Max: 17.9, Diff: 0.4, Sum: 140.9]
         [Processed Buffers: Min: 13, Avg: 14.6, Max: 17, Diff: 4, Sum: 117]
      [Scan RS (ms): Min: 19.2, Avg: 19.5, Max: 19.7, Diff: 0.5, Sum: 156.2]
      [Code Root Scanning (ms): Min: 0.0, Avg: 0.0, Max: 0.0, Diff: 0.0, Sum: 0.0]
      [Object Copy (ms): Min: 127.7, Avg: 127.8, Max: 128.0, Diff: 0.3, Sum: 1022.4]
      [Termination (ms): Min: 0.1, Avg: 0.2, Max: 0.2, Diff: 0.2, Sum: 1.4]
         [Termination Attempts: Min: 1, Avg: 615.8, Max: 853, Diff: 852, Sum: 4926]
      [GC Worker Other (ms): Min: 0.0, Avg: 0.0, Max: 0.0, Diff: 0.0, Sum: 0.1]
      [GC Worker Total (ms): Min: 165.2, Avg: 165.2, Max: 165.3, Diff: 0.1, Sum: 1321.9]
      [GC Worker End (ms): Min: 7368.6, Avg: 7368.7, Max: 7368.7, Diff: 0.0]
   [Code Root Fixup: 0.0 ms]
   [Code Root Purge: 0.0 ms]
   [Clear CT: 0.2 ms]
   [Other: 1.2 ms]
      [Choose CSet: 0.0 ms]
      [Ref Proc: 0.2 ms]
      [Ref Enq: 0.0 ms]
      [Redirty Cards: 0.3 ms]
      [Humongous Register: 0.0 ms]
      [Humongous Reclaim: 0.0 ms]
      [Free CSet: 0.2 ms]
   [Eden: 191.0M(191.0M)->0.0B(194.0M) Survivors: 28.0M->28.0M Heap: 482.7M(2048.0M)->485.2M(2048.0M)]
 [Times: user=1.27 sys=0.08, real=0.17 secs] 
2020-09-29T12:05:16.620+0200: 7.510: [GC pause (G1 Evacuation Pause) (young), 0.1653119 secs]
   [Parallel Time: 163.2 ms, GC Workers: 8]
      [GC Worker Start (ms): Min: 7509.8, Avg: 7509.9, Max: 7510.0, Diff: 0.2]
      [Ext Root Scanning (ms): Min: 0.0, Avg: 0.1, Max: 0.2, Diff: 0.2, Sum: 0.6]
      [Update RS (ms): Min: 17.1, Avg: 17.2, Max: 17.6, Diff: 0.5, Sum: 138.0]
         [Processed Buffers: Min: 13, Avg: 14.8, Max: 18, Diff: 5, Sum: 118]
      [Scan RS (ms): Min: 19.1, Avg: 19.4, Max: 19.6, Diff: 0.5, Sum: 154.9]
      [Code Root Scanning (ms): Min: 0.0, Avg: 0.0, Max: 0.0, Diff: 0.0, Sum: 0.0]
      [Object Copy (ms): Min: 126.1, Avg: 126.2, Max: 126.2, Diff: 0.1, Sum: 1009.3]
      [Termination (ms): Min: 0.0, Avg: 0.0, Max: 0.0, Diff: 0.0, Sum: 0.2]
         [Termination Attempts: Min: 1, Avg: 91.9, Max: 120, Diff: 119, Sum: 735]
      [GC Worker Other (ms): Min: 0.0, Avg: 0.0, Max: 0.1, Diff: 0.1, Sum: 0.3]
      [GC Worker Total (ms): Min: 162.8, Avg: 162.9, Max: 163.0, Diff: 0.2, Sum: 1303.4]
      [GC Worker End (ms): Min: 7672.8, Avg: 7672.8, Max: 7672.9, Diff: 0.1]
   [Code Root Fixup: 0.0 ms]
   [Code Root Purge: 0.0 ms]
   [Clear CT: 0.6 ms]
   [Other: 1.6 ms]
      [Choose CSet: 0.0 ms]
      [Ref Proc: 0.2 ms]
      [Ref Enq: 0.0 ms]
      [Redirty Cards: 0.9 ms]
      [Humongous Register: 0.0 ms]
      [Humongous Reclaim: 0.0 ms]
      [Free CSet: 0.2 ms]
   [Eden: 194.0M(194.0M)->0.0B(198.0M) Survivors: 28.0M->28.0M Heap: 711.6M(2048.0M)->713.6M(2048.0M)]
 [Times: user=1.28 sys=0.03, real=0.17 secs] 
2020-09-29T12:05:16.920+0200: 7.809: [GC pause (G1 Evacuation Pause) (young), 0.1662696 secs]
   [Parallel Time: 165.0 ms, GC Workers: 8]
      [GC Worker Start (ms): Min: 7809.4, Avg: 7809.6, Max: 7809.7, Diff: 0.2]
      [Ext Root Scanning (ms): Min: 0.0, Avg: 0.1, Max: 0.2, Diff: 0.2, Sum: 0.5]
      [Update RS (ms): Min: 18.1, Avg: 18.4, Max: 19.0, Diff: 0.8, Sum: 147.0]
         [Processed Buffers: Min: 14, Avg: 15.0, Max: 17, Diff: 3, Sum: 120]
      [Scan RS (ms): Min: 18.6, Avg: 19.0, Max: 19.2, Diff: 0.7, Sum: 152.0]
      [Code Root Scanning (ms): Min: 0.0, Avg: 0.0, Max: 0.0, Diff: 0.0, Sum: 0.0]
      [Object Copy (ms): Min: 127.0, Avg: 127.2, Max: 127.3, Diff: 0.3, Sum: 1017.3]
      [Termination (ms): Min: 0.0, Avg: 0.1, Max: 0.1, Diff: 0.1, Sum: 0.6]
         [Termination Attempts: Min: 1, Avg: 350.1, Max: 501, Diff: 500, Sum: 2801]
      [GC Worker Other (ms): Min: 0.0, Avg: 0.0, Max: 0.1, Diff: 0.1, Sum: 0.3]
      [GC Worker Total (ms): Min: 164.6, Avg: 164.7, Max: 164.8, Diff: 0.2, Sum: 1317.7]
      [GC Worker End (ms): Min: 7974.3, Avg: 7974.3, Max: 7974.4, Diff: 0.1]
   [Code Root Fixup: 0.0 ms]
   [Code Root Purge: 0.0 ms]
   [Clear CT: 0.3 ms]
   [Other: 1.0 ms]
      [Choose CSet: 0.0 ms]
      [Ref Proc: 0.2 ms]
      [Ref Enq: 0.0 ms]
      [Redirty Cards: 0.3 ms]
      [Humongous Register: 0.0 ms]
      [Humongous Reclaim: 0.0 ms]
      [Free CSet: 0.2 ms]
   [Eden: 198.0M(198.0M)->0.0B(203.0M) Survivors: 28.0M->29.0M Heap: 944.0M(2048.0M)->946.5M(2048.0M)]
 [Times: user=1.25 sys=0.08, real=0.17 secs] 
2020-09-29T12:05:17.096+0200: 7.985: [GC pause (G1 Humongous Allocation) (young) (initial-mark), 0.0564753 secs]
   [Parallel Time: 55.3 ms, GC Workers: 8]
      [GC Worker Start (ms): Min: 7985.1, Avg: 7985.1, Max: 7985.2, Diff: 0.2]
      [Ext Root Scanning (ms): Min: 0.0, Avg: 0.2, Max: 0.2, Diff: 0.2, Sum: 1.2]
      [Update RS (ms): Min: 32.0, Avg: 32.4, Max: 32.8, Diff: 0.8, Sum: 259.1]
         [Processed Buffers: Min: 28, Avg: 29.8, Max: 33, Diff: 5, Sum: 238]
      [Scan RS (ms): Min: 2.2, Avg: 2.6, Max: 2.9, Diff: 0.7, Sum: 21.0]
      [Code Root Scanning (ms): Min: 0.0, Avg: 0.0, Max: 0.0, Diff: 0.0, Sum: 0.0]
      [Object Copy (ms): Min: 19.8, Avg: 19.9, Max: 20.0, Diff: 0.2, Sum: 159.4]
      [Termination (ms): Min: 0.0, Avg: 0.0, Max: 0.1, Diff: 0.0, Sum: 0.3]
         [Termination Attempts: Min: 1, Avg: 157.9, Max: 210, Diff: 209, Sum: 1263]
      [GC Worker Other (ms): Min: 0.0, Avg: 0.0, Max: 0.0, Diff: 0.0, Sum: 0.2]
      [GC Worker Total (ms): Min: 55.0, Avg: 55.2, Max: 55.2, Diff: 0.2, Sum: 441.2]
      [GC Worker End (ms): Min: 8040.3, Avg: 8040.3, Max: 8040.3, Diff: 0.0]
   [Code Root Fixup: 0.0 ms]
   [Code Root Purge: 0.0 ms]
   [Clear CT: 0.2 ms]
   [Other: 0.9 ms]
      [Choose CSet: 0.0 ms]
      [Ref Proc: 0.3 ms]
      [Ref Enq: 0.0 ms]
      [Redirty Cards: 0.2 ms]
      [Humongous Register: 0.1 ms]
      [Humongous Reclaim: 0.0 ms]
      [Free CSet: 0.1 ms]
   [Eden: 7168.0K(203.0M)->0.0B(233.0M) Survivors: 29.0M->9216.0K Heap: 953.0M(2048.0M)->956.5M(2048.0M)]
 [Times: user=0.50 sys=0.00, real=0.06 secs] 
2020-09-29T12:05:17.152+0200: 8.042: [GC concurrent-root-region-scan-start]
2020-09-29T12:05:17.155+0200: 8.044: [GC concurrent-root-region-scan-end, 0.0029423 secs]
2020-09-29T12:05:17.155+0200: 8.044: [GC concurrent-mark-start]
2020-09-29T12:05:17.159+0200: 8.048: [GC concurrent-mark-end, 0.0036383 secs]
2020-09-29T12:05:17.159+0200: 8.048: [GC remark 2020-09-29T12:05:17.159+0200: 8.048: [Finalize Marking, 0.0004516 secs] 2020-09-29T12:05:17.159+0200: 8.049: [GC ref-proc, 0.0003896 secs] 2020-09-29T12:05:17.160+0200: 8.049: [Unloading, 0.0006124 secs], 0.0018717 secs]
 [Times: user=0.02 sys=0.00, real=0.00 secs] 
2020-09-29T12:05:17.161+0200: 8.051: [GC cleanup 968M->29M(2048M), 0.0019851 secs]
 [Times: user=0.00 sys=0.00, real=0.00 secs] 
2020-09-29T12:05:17.163+0200: 8.053: [GC concurrent-cleanup-start]
2020-09-29T12:05:17.165+0200: 8.054: [GC concurrent-cleanup-end, 0.0015689 secs]
2020-09-29T12:05:17.314+0200: 8.203: [GC pause (G1 Evacuation Pause) (young), 0.1845850 secs]
   [Parallel Time: 183.1 ms, GC Workers: 8]
      [GC Worker Start (ms): Min: 8203.0, Avg: 8203.1, Max: 8203.2, Diff: 0.2]
      [Ext Root Scanning (ms): Min: 0.0, Avg: 0.1, Max: 0.2, Diff: 0.2, Sum: 0.6]
      [Update RS (ms): Min: 19.7, Avg: 19.9, Max: 20.9, Diff: 1.2, Sum: 159.5]
         [Processed Buffers: Min: 14, Avg: 15.9, Max: 21, Diff: 7, Sum: 127]
      [Scan RS (ms): Min: 18.6, Avg: 19.6, Max: 20.0, Diff: 1.4, Sum: 157.0]
      [Code Root Scanning (ms): Min: 0.0, Avg: 0.0, Max: 0.0, Diff: 0.0, Sum: 0.0]
      [Object Copy (ms): Min: 142.7, Avg: 142.9, Max: 143.2, Diff: 0.5, Sum: 1142.9]
      [Termination (ms): Min: 0.0, Avg: 0.3, Max: 0.3, Diff: 0.3, Sum: 2.1]
         [Termination Attempts: Min: 1, Avg: 1404.3, Max: 1815, Diff: 1814, Sum: 11234]
      [GC Worker Other (ms): Min: 0.0, Avg: 0.0, Max: 0.1, Diff: 0.1, Sum: 0.3]
      [GC Worker Total (ms): Min: 182.7, Avg: 182.8, Max: 182.9, Diff: 0.2, Sum: 1462.5]
      [GC Worker End (ms): Min: 8385.9, Avg: 8386.0, Max: 8386.0, Diff: 0.1]
   [Code Root Fixup: 0.0 ms]
   [Code Root Purge: 0.0 ms]
   [Clear CT: 0.5 ms]
   [Other: 1.0 ms]
      [Choose CSet: 0.0 ms]
      [Ref Proc: 0.2 ms]
      [Ref Enq: 0.0 ms]
      [Redirty Cards: 0.4 ms]
      [Humongous Register: 0.0 ms]
      [Humongous Reclaim: 0.0 ms]
      [Free CSet: 0.1 ms]
   [Eden: 233.0M(233.0M)->0.0B(204.0M) Survivors: 9216.0K->31.0M Heap: 290.6M(2048.0M)->283.6M(2048.0M)]
 [Times: user=1.42 sys=0.05, real=0.18 secs] 
2020-09-29T12:05:17.639+0200: 8.529: [GC pause (G1 Evacuation Pause) (young), 0.1806973 secs]
   [Parallel Time: 179.5 ms, GC Workers: 8]
      [GC Worker Start (ms): Min: 8528.7, Avg: 8528.8, Max: 8528.9, Diff: 0.2]
      [Ext Root Scanning (ms): Min: 0.0, Avg: 0.1, Max: 0.2, Diff: 0.2, Sum: 0.7]
      [Update RS (ms): Min: 24.4, Avg: 24.7, Max: 25.0, Diff: 0.5, Sum: 197.3]
         [Processed Buffers: Min: 18, Avg: 19.9, Max: 22, Diff: 4, Sum: 159]
      [Scan RS (ms): Min: 16.4, Avg: 16.7, Max: 17.0, Diff: 0.6, Sum: 133.7]
      [Code Root Scanning (ms): Min: 0.0, Avg: 0.0, Max: 0.0, Diff: 0.0, Sum: 0.0]
      [Object Copy (ms): Min: 137.5, Avg: 137.6, Max: 137.7, Diff: 0.2, Sum: 1100.7]
      [Termination (ms): Min: 0.0, Avg: 0.1, Max: 0.1, Diff: 0.1, Sum: 0.9]
         [Termination Attempts: Min: 1, Avg: 569.8, Max: 703, Diff: 702, Sum: 4558]
      [GC Worker Other (ms): Min: 0.0, Avg: 0.1, Max: 0.1, Diff: 0.1, Sum: 0.4]
      [GC Worker Total (ms): Min: 179.1, Avg: 179.2, Max: 179.3, Diff: 0.2, Sum: 1433.7]
      [GC Worker End (ms): Min: 8708.0, Avg: 8708.1, Max: 8708.1, Diff: 0.1]
   [Code Root Fixup: 0.0 ms]
   [Code Root Purge: 0.0 ms]
   [Clear CT: 0.2 ms]
   [Other: 1.0 ms]
      [Choose CSet: 0.0 ms]
      [Ref Proc: 0.3 ms]
      [Ref Enq: 0.0 ms]
      [Redirty Cards: 0.3 ms]
      [Humongous Register: 0.0 ms]
      [Humongous Reclaim: 0.0 ms]
      [Free CSet: 0.2 ms]
   [Eden: 204.0M(204.0M)->0.0B(202.0M) Survivors: 31.0M->30.0M Heap: 521.9M(2048.0M)->523.9M(2048.0M)]
 [Times: user=1.44 sys=0.03, real=0.18 secs] 
2020-09-29T12:05:17.969+0200: 8.858: [GC pause (G1 Evacuation Pause) (young), 0.2046531 secs]
   [Parallel Time: 203.4 ms, GC Workers: 8]
      [GC Worker Start (ms): Min: 8858.1, Avg: 8858.3, Max: 8858.3, Diff: 0.2]
      [Ext Root Scanning (ms): Min: 0.0, Avg: 0.1, Max: 0.2, Diff: 0.2, Sum: 0.6]
      [Update RS (ms): Min: 16.8, Avg: 17.1, Max: 17.5, Diff: 0.7, Sum: 136.8]
         [Processed Buffers: Min: 13, Avg: 13.5, Max: 15, Diff: 2, Sum: 108]
      [Scan RS (ms): Min: 21.2, Avg: 21.7, Max: 22.0, Diff: 0.7, Sum: 173.3]
      [Code Root Scanning (ms): Min: 0.0, Avg: 0.0, Max: 0.0, Diff: 0.0, Sum: 0.0]
      [Object Copy (ms): Min: 163.3, Avg: 163.6, Max: 164.4, Diff: 1.1, Sum: 1308.5]
      [Termination (ms): Min: 0.0, Avg: 0.7, Max: 1.0, Diff: 1.0, Sum: 5.9]
         [Termination Attempts: Min: 1, Avg: 3414.5, Max: 4572, Diff: 4571, Sum: 27316]
      [GC Worker Other (ms): Min: 0.0, Avg: 0.0, Max: 0.1, Diff: 0.1, Sum: 0.3]
      [GC Worker Total (ms): Min: 203.1, Avg: 203.2, Max: 203.3, Diff: 0.2, Sum: 1625.3]
      [GC Worker End (ms): Min: 9061.4, Avg: 9061.4, Max: 9061.5, Diff: 0.1]
   [Code Root Fixup: 0.0 ms]
   [Code Root Purge: 0.0 ms]
   [Clear CT: 0.2 ms]
   [Other: 1.0 ms]
      [Choose CSet: 0.0 ms]
      [Ref Proc: 0.2 ms]
      [Ref Enq: 0.0 ms]
      [Redirty Cards: 0.3 ms]
      [Humongous Register: 0.0 ms]
      [Humongous Reclaim: 0.0 ms]
      [Free CSet: 0.2 ms]
   [Eden: 202.0M(202.0M)->0.0B(181.0M) Survivors: 30.0M->29.0M Heap: 758.3M(2048.0M)->760.8M(2048.0M)]
 [Times: user=1.50 sys=0.05, real=0.20 secs] 
2020-09-29T12:05:18.309+0200: 9.198: [GC pause (G1 Evacuation Pause) (young), 0.1879078 secs]
   [Parallel Time: 186.2 ms, GC Workers: 8]
      [GC Worker Start (ms): Min: 9198.0, Avg: 9198.1, Max: 9198.2, Diff: 0.2]
      [Ext Root Scanning (ms): Min: 0.0, Avg: 0.1, Max: 0.2, Diff: 0.2, Sum: 0.7]
      [Update RS (ms): Min: 24.3, Avg: 24.7, Max: 25.4, Diff: 1.2, Sum: 197.7]
         [Processed Buffers: Min: 15, Avg: 16.9, Max: 19, Diff: 4, Sum: 135]
      [Scan RS (ms): Min: 16.5, Avg: 17.4, Max: 17.8, Diff: 1.3, Sum: 139.0]
      [Code Root Scanning (ms): Min: 0.0, Avg: 0.0, Max: 0.0, Diff: 0.0, Sum: 0.0]
      [Object Copy (ms): Min: 143.5, Avg: 143.7, Max: 143.8, Diff: 0.4, Sum: 1149.6]
      [Termination (ms): Min: 0.0, Avg: 0.1, Max: 0.1, Diff: 0.1, Sum: 0.5]
         [Termination Attempts: Min: 1, Avg: 261.4, Max: 321, Diff: 320, Sum: 2091]
      [GC Worker Other (ms): Min: 0.0, Avg: 0.1, Max: 0.1, Diff: 0.0, Sum: 0.6]
      [GC Worker Total (ms): Min: 185.9, Avg: 186.0, Max: 186.1, Diff: 0.2, Sum: 1488.1]
      [GC Worker End (ms): Min: 9384.1, Avg: 9384.1, Max: 9384.1, Diff: 0.0]
   [Code Root Fixup: 0.0 ms]
   [Code Root Purge: 0.0 ms]
   [Clear CT: 0.4 ms]
   [Other: 1.3 ms]
      [Choose CSet: 0.0 ms]
      [Ref Proc: 0.4 ms]
      [Ref Enq: 0.0 ms]
      [Redirty Cards: 0.4 ms]
      [Humongous Register: 0.1 ms]
      [Humongous Reclaim: 0.0 ms]
      [Free CSet: 0.2 ms]
   [Eden: 181.0M(181.0M)->0.0B(175.0M) Survivors: 29.0M->27.0M Heap: 972.3M(2048.0M)->974.8M(2048.0M)]
 [Times: user=1.44 sys=0.06, real=0.19 secs] 
2020-09-29T12:05:18.503+0200: 9.392: [GC pause (G1 Humongous Allocation) (young) (initial-mark), 0.0639958 secs]
   [Parallel Time: 62.0 ms, GC Workers: 8]
      [GC Worker Start (ms): Min: 9392.5, Avg: 9392.6, Max: 9392.8, Diff: 0.3]
      [Ext Root Scanning (ms): Min: 0.0, Avg: 0.7, Max: 1.9, Diff: 1.9, Sum: 5.6]
      [Update RS (ms): Min: 35.5, Avg: 36.8, Max: 37.5, Diff: 2.0, Sum: 294.7]
         [Processed Buffers: Min: 26, Avg: 30.0, Max: 34, Diff: 8, Sum: 240]
      [Scan RS (ms): Min: 2.1, Avg: 2.3, Max: 2.6, Diff: 0.5, Sum: 18.2]
      [Code Root Scanning (ms): Min: 0.0, Avg: 0.0, Max: 0.0, Diff: 0.0, Sum: 0.0]
      [Object Copy (ms): Min: 21.6, Avg: 21.6, Max: 21.7, Diff: 0.2, Sum: 173.2]
      [Termination (ms): Min: 0.0, Avg: 0.1, Max: 0.1, Diff: 0.1, Sum: 0.5]
         [Termination Attempts: Min: 1, Avg: 270.0, Max: 336, Diff: 335, Sum: 2160]
      [GC Worker Other (ms): Min: 0.0, Avg: 0.0, Max: 0.0, Diff: 0.0, Sum: 0.1]
      [GC Worker Total (ms): Min: 61.4, Avg: 61.6, Max: 61.7, Diff: 0.3, Sum: 492.4]
      [GC Worker End (ms): Min: 9454.2, Avg: 9454.2, Max: 9454.2, Diff: 0.0]
   [Code Root Fixup: 0.0 ms]
   [Code Root Purge: 0.0 ms]
   [Clear CT: 0.9 ms]
   [Other: 1.2 ms]
      [Choose CSet: 0.0 ms]
      [Ref Proc: 0.3 ms]
      [Ref Enq: 0.0 ms]
      [Redirty Cards: 0.5 ms]
      [Humongous Register: 0.0 ms]
      [Humongous Reclaim: 0.0 ms]
      [Free CSet: 0.1 ms]
   [Eden: 5120.0K(175.0M)->0.0B(201.0M) Survivors: 27.0M->6144.0K Heap: 979.3M(2048.0M)->982.8M(2048.0M)]
 [Times: user=0.39 sys=0.02, real=0.06 secs] 
2020-09-29T12:05:18.567+0200: 9.457: [GC concurrent-root-region-scan-start]
2020-09-29T12:05:18.571+0200: 9.460: [GC concurrent-root-region-scan-end, 0.0033862 secs]
2020-09-29T12:05:18.571+0200: 9.460: [GC concurrent-mark-start]
2020-09-29T12:05:18.575+0200: 9.464: [GC concurrent-mark-end, 0.0039183 secs]
2020-09-29T12:05:18.575+0200: 9.464: [GC remark 2020-09-29T12:05:18.575+0200: 9.464: [Finalize Marking, 0.0003016 secs] 2020-09-29T12:05:18.575+0200: 9.464: [GC ref-proc, 0.0004480 secs] 2020-09-29T12:05:18.576+0200: 9.465: [Unloading, 0.0006295 secs], 0.0019322 secs]
 [Times: user=0.00 sys=0.00, real=0.00 secs] 
2020-09-29T12:05:18.577+0200: 9.467: [GC cleanup 993M->25M(2048M), 0.0020525 secs]
 [Times: user=0.00 sys=0.00, real=0.00 secs] 
2020-09-29T12:05:18.580+0200: 9.469: [GC concurrent-cleanup-start]
2020-09-29T12:05:18.581+0200: 9.470: [GC concurrent-cleanup-end, 0.0015675 secs]
2020-09-29T12:05:18.727+0200: 9.616: [GC pause (G1 Evacuation Pause) (young), 0.1809920 secs]
   [Parallel Time: 179.4 ms, GC Workers: 8]
      [GC Worker Start (ms): Min: 9616.6, Avg: 9616.7, Max: 9616.8, Diff: 0.2]
      [Ext Root Scanning (ms): Min: 0.0, Avg: 0.1, Max: 0.2, Diff: 0.2, Sum: 0.7]
      [Update RS (ms): Min: 19.3, Avg: 19.4, Max: 19.8, Diff: 0.5, Sum: 155.6]
         [Processed Buffers: Min: 13, Avg: 13.9, Max: 16, Diff: 3, Sum: 111]
      [Scan RS (ms): Min: 18.6, Avg: 18.8, Max: 19.0, Diff: 0.4, Sum: 150.6]
      [Code Root Scanning (ms): Min: 0.0, Avg: 0.0, Max: 0.0, Diff: 0.0, Sum: 0.0]
      [Object Copy (ms): Min: 140.2, Avg: 140.4, Max: 140.6, Diff: 0.4, Sum: 1123.5]
      [Termination (ms): Min: 0.0, Avg: 0.1, Max: 0.1, Diff: 0.1, Sum: 0.9]
         [Termination Attempts: Min: 1, Avg: 474.1, Max: 598, Diff: 597, Sum: 3793]
      [GC Worker Other (ms): Min: 0.0, Avg: 0.1, Max: 0.1, Diff: 0.1, Sum: 0.4]
      [GC Worker Total (ms): Min: 178.9, Avg: 179.0, Max: 179.2, Diff: 0.3, Sum: 1431.7]
      [GC Worker End (ms): Min: 9795.7, Avg: 9795.7, Max: 9795.8, Diff: 0.1]
   [Code Root Fixup: 0.0 ms]
   [Code Root Purge: 0.0 ms]
   [Clear CT: 0.5 ms]
   [Other: 1.1 ms]
      [Choose CSet: 0.0 ms]
      [Ref Proc: 0.3 ms]
      [Ref Enq: 0.0 ms]
      [Redirty Cards: 0.4 ms]
      [Humongous Register: 0.0 ms]
      [Humongous Reclaim: 0.0 ms]
      [Free CSet: 0.1 ms]
   [Eden: 201.0M(201.0M)->0.0B(177.0M) Survivors: 6144.0K->26.0M Heap: 250.3M(2048.0M)->246.3M(2048.0M)]
 [Times: user=1.30 sys=0.03, real=0.18 secs] 
2020-09-29T12:05:19.048+0200: 9.937: [GC pause (G1 Evacuation Pause) (young), 0.1885150 secs]
   [Parallel Time: 187.0 ms, GC Workers: 8]
      [GC Worker Start (ms): Min: 9937.1, Avg: 9937.2, Max: 9937.3, Diff: 0.2]
      [Ext Root Scanning (ms): Min: 0.0, Avg: 0.1, Max: 0.2, Diff: 0.2, Sum: 0.7]
      [Update RS (ms): Min: 21.6, Avg: 22.1, Max: 23.3, Diff: 1.6, Sum: 176.4]
         [Processed Buffers: Min: 0, Avg: 14.4, Max: 20, Diff: 20, Sum: 115]
      [Scan RS (ms): Min: 20.4, Avg: 21.7, Max: 22.3, Diff: 1.9, Sum: 173.3]
      [Code Root Scanning (ms): Min: 0.0, Avg: 0.0, Max: 0.0, Diff: 0.0, Sum: 0.0]
      [Object Copy (ms): Min: 142.4, Avg: 142.8, Max: 142.9, Diff: 0.5, Sum: 1142.4]
      [Termination (ms): Min: 0.0, Avg: 0.0, Max: 0.0, Diff: 0.0, Sum: 0.2]
         [Termination Attempts: Min: 1, Avg: 90.8, Max: 129, Diff: 128, Sum: 726]
      [GC Worker Other (ms): Min: 0.0, Avg: 0.1, Max: 0.1, Diff: 0.1, Sum: 0.7]
      [GC Worker Total (ms): Min: 186.6, Avg: 186.7, Max: 186.9, Diff: 0.3, Sum: 1493.8]
      [GC Worker End (ms): Min: 10123.9, Avg: 10123.9, Max: 10124.0, Diff: 0.1]
   [Code Root Fixup: 0.0 ms]
   [Code Root Purge: 0.0 ms]
   [Clear CT: 0.3 ms]
   [Other: 1.3 ms]
      [Choose CSet: 0.0 ms]
      [Ref Proc: 0.3 ms]
      [Ref Enq: 0.0 ms]
      [Redirty Cards: 0.4 ms]
      [Humongous Register: 0.1 ms]
      [Humongous Reclaim: 0.0 ms]
      [Free CSet: 0.2 ms]
   [Eden: 177.0M(177.0M)->0.0B(165.0M) Survivors: 26.0M->26.0M Heap: 453.9M(2048.0M)->454.9M(2048.0M)]
 [Times: user=1.41 sys=0.03, real=0.19 secs] 
2020-09-29T12:05:19.369+0200: 10.259: [GC pause (G1 Evacuation Pause) (young), 0.1763453 secs]
   [Parallel Time: 174.8 ms, GC Workers: 8]
      [GC Worker Start (ms): Min: 10258.9, Avg: 10259.1, Max: 10259.2, Diff: 0.2]
      [Ext Root Scanning (ms): Min: 0.0, Avg: 0.1, Max: 0.2, Diff: 0.2, Sum: 0.6]
      [Update RS (ms): Min: 17.2, Avg: 17.5, Max: 18.3, Diff: 1.1, Sum: 139.8]
         [Processed Buffers: Min: 12, Avg: 13.0, Max: 14, Diff: 2, Sum: 104]
      [Scan RS (ms): Min: 17.6, Avg: 18.4, Max: 18.7, Diff: 1.1, Sum: 147.5]
      [Code Root Scanning (ms): Min: 0.0, Avg: 0.0, Max: 0.0, Diff: 0.0, Sum: 0.0]
      [Object Copy (ms): Min: 137.9, Avg: 138.1, Max: 138.4, Diff: 0.5, Sum: 1104.7]
      [Termination (ms): Min: 0.0, Avg: 0.3, Max: 0.4, Diff: 0.4, Sum: 2.4]
         [Termination Attempts: Min: 1, Avg: 1228.3, Max: 1525, Diff: 1524, Sum: 9826]
      [GC Worker Other (ms): Min: 0.0, Avg: 0.0, Max: 0.1, Diff: 0.1, Sum: 0.3]
      [GC Worker Total (ms): Min: 174.3, Avg: 174.4, Max: 174.6, Diff: 0.3, Sum: 1395.3]
      [GC Worker End (ms): Min: 10433.5, Avg: 10433.5, Max: 10433.5, Diff: 0.1]
   [Code Root Fixup: 0.0 ms]
   [Code Root Purge: 0.0 ms]
   [Clear CT: 0.4 ms]
   [Other: 1.1 ms]
      [Choose CSet: 0.0 ms]
      [Ref Proc: 0.2 ms]
      [Ref Enq: 0.0 ms]
      [Redirty Cards: 0.5 ms]
      [Humongous Register: 0.1 ms]
      [Humongous Reclaim: 0.0 ms]
      [Free CSet: 0.1 ms]
   [Eden: 165.0M(165.0M)->0.0B(164.0M) Survivors: 26.0M->24.0M Heap: 646.6M(2048.0M)->648.1M(2048.0M)]
 [Times: user=1.31 sys=0.03, real=0.18 secs] 
2020-09-29T12:05:19.676+0200: 10.565: [GC pause (G1 Evacuation Pause) (young), 0.1633312 secs]
   [Parallel Time: 162.0 ms, GC Workers: 8]
      [GC Worker Start (ms): Min: 10565.0, Avg: 10565.0, Max: 10565.1, Diff: 0.1]
      [Ext Root Scanning (ms): Min: 0.0, Avg: 0.1, Max: 0.2, Diff: 0.1, Sum: 0.9]
      [Update RS (ms): Min: 20.2, Avg: 20.6, Max: 21.0, Diff: 0.8, Sum: 164.5]
         [Processed Buffers: Min: 13, Avg: 14.4, Max: 17, Diff: 4, Sum: 115]
      [Scan RS (ms): Min: 15.8, Avg: 16.3, Max: 16.7, Diff: 1.0, Sum: 130.2]
      [Code Root Scanning (ms): Min: 0.0, Avg: 0.0, Max: 0.0, Diff: 0.0, Sum: 0.0]
      [Object Copy (ms): Min: 124.2, Avg: 124.5, Max: 124.7, Diff: 0.5, Sum: 995.8]
      [Termination (ms): Min: 0.0, Avg: 0.1, Max: 0.2, Diff: 0.2, Sum: 1.0]
         [Termination Attempts: Min: 1, Avg: 512.5, Max: 704, Diff: 703, Sum: 4100]
      [GC Worker Other (ms): Min: 0.0, Avg: 0.1, Max: 0.3, Diff: 0.3, Sum: 0.8]
      [GC Worker Total (ms): Min: 161.5, Avg: 161.6, Max: 161.9, Diff: 0.4, Sum: 1293.1]
      [GC Worker End (ms): Min: 10726.6, Avg: 10726.7, Max: 10726.9, Diff: 0.3]
   [Code Root Fixup: 0.0 ms]
   [Code Root Purge: 0.0 ms]
   [Clear CT: 0.4 ms]
   [Other: 0.9 ms]
      [Choose CSet: 0.0 ms]
      [Ref Proc: 0.2 ms]
      [Ref Enq: 0.0 ms]
      [Redirty Cards: 0.3 ms]
      [Humongous Register: 0.1 ms]
      [Humongous Reclaim: 0.0 ms]
      [Free CSet: 0.2 ms]
   [Eden: 164.0M(164.0M)->0.0B(170.0M) Survivors: 24.0M->24.0M Heap: 838.8M(2048.0M)->840.8M(2048.0M)]
 [Times: user=1.20 sys=0.05, real=0.16 secs] 
2020-09-29T12:05:19.974+0200: 10.863: [GC pause (G1 Evacuation Pause) (young), 0.1731542 secs]
   [Parallel Time: 171.8 ms, GC Workers: 8]
      [GC Worker Start (ms): Min: 10863.1, Avg: 10863.2, Max: 10863.3, Diff: 0.2]
      [Ext Root Scanning (ms): Min: 0.0, Avg: 0.1, Max: 0.2, Diff: 0.2, Sum: 0.7]
      [Update RS (ms): Min: 16.6, Avg: 16.8, Max: 17.8, Diff: 1.2, Sum: 134.6]
         [Processed Buffers: Min: 11, Avg: 12.3, Max: 16, Diff: 5, Sum: 98]
      [Scan RS (ms): Min: 18.9, Avg: 19.9, Max: 20.2, Diff: 1.3, Sum: 159.3]
      [Code Root Scanning (ms): Min: 0.0, Avg: 0.0, Max: 0.0, Diff: 0.0, Sum: 0.0]
      [Object Copy (ms): Min: 134.2, Avg: 134.4, Max: 134.7, Diff: 0.5, Sum: 1075.3]
      [Termination (ms): Min: 0.0, Avg: 0.2, Max: 0.3, Diff: 0.3, Sum: 1.7]
         [Termination Attempts: Min: 1, Avg: 940.3, Max: 1163, Diff: 1162, Sum: 7522]
      [GC Worker Other (ms): Min: 0.0, Avg: 0.0, Max: 0.1, Diff: 0.0, Sum: 0.4]
      [GC Worker Total (ms): Min: 171.4, Avg: 171.5, Max: 171.6, Diff: 0.2, Sum: 1372.1]
      [GC Worker End (ms): Min: 11034.7, Avg: 11034.8, Max: 11034.8, Diff: 0.0]
   [Code Root Fixup: 0.0 ms]
   [Code Root Purge: 0.0 ms]
   [Clear CT: 0.3 ms]
   [Other: 1.0 ms]
      [Choose CSet: 0.0 ms]
      [Ref Proc: 0.2 ms]
      [Ref Enq: 0.0 ms]
      [Redirty Cards: 0.3 ms]
      [Humongous Register: 0.1 ms]
      [Humongous Reclaim: 0.0 ms]
      [Free CSet: 0.2 ms]
   [Eden: 170.0M(170.0M)->0.0B(171.0M) Survivors: 24.0M->25.0M Heap: 1039.4M(2048.0M)->1041.9M(2048.0M)]
 [Times: user=1.31 sys=0.03, real=0.17 secs] 
2020-09-29T12:05:20.157+0200: 11.047: [GC pause (G1 Humongous Allocation) (young) (initial-mark), 0.0528611 secs]
   [Parallel Time: 51.6 ms, GC Workers: 8]
      [GC Worker Start (ms): Min: 11047.0, Avg: 11047.1, Max: 11047.1, Diff: 0.1]
      [Ext Root Scanning (ms): Min: 0.1, Avg: 0.1, Max: 0.2, Diff: 0.1, Sum: 1.0]
      [Update RS (ms): Min: 30.0, Avg: 30.2, Max: 30.7, Diff: 0.8, Sum: 241.3]
         [Processed Buffers: Min: 22, Avg: 24.0, Max: 25, Diff: 3, Sum: 192]
      [Scan RS (ms): Min: 1.9, Avg: 2.5, Max: 2.7, Diff: 0.8, Sum: 20.2]
      [Code Root Scanning (ms): Min: 0.0, Avg: 0.0, Max: 0.0, Diff: 0.0, Sum: 0.0]
      [Object Copy (ms): Min: 18.5, Avg: 18.6, Max: 18.6, Diff: 0.1, Sum: 148.8]
      [Termination (ms): Min: 0.0, Avg: 0.0, Max: 0.0, Diff: 0.0, Sum: 0.1]
         [Termination Attempts: Min: 1, Avg: 59.9, Max: 83, Diff: 82, Sum: 479]
      [GC Worker Other (ms): Min: 0.0, Avg: 0.0, Max: 0.0, Diff: 0.0, Sum: 0.2]
      [GC Worker Total (ms): Min: 51.4, Avg: 51.4, Max: 51.5, Diff: 0.1, Sum: 411.5]
      [GC Worker End (ms): Min: 11098.5, Avg: 11098.5, Max: 11098.5, Diff: 0.0]
   [Code Root Fixup: 0.0 ms]
   [Code Root Purge: 0.0 ms]
   [Clear CT: 0.3 ms]
   [Other: 1.0 ms]
      [Choose CSet: 0.0 ms]
      [Ref Proc: 0.3 ms]
      [Ref Enq: 0.0 ms]
      [Redirty Cards: 0.2 ms]
      [Humongous Register: 0.1 ms]
      [Humongous Reclaim: 0.0 ms]
      [Free CSet: 0.1 ms]
   [Eden: 5120.0K(171.0M)->0.0B(203.0M) Survivors: 25.0M->7168.0K Heap: 1046.4M(2048.0M)->1050.4M(2048.0M)]
 [Times: user=0.48 sys=0.00, real=0.05 secs] 
2020-09-29T12:05:20.211+0200: 11.100: [GC concurrent-root-region-scan-start]
2020-09-29T12:05:20.212+0200: 11.102: [GC concurrent-root-region-scan-end, 0.0017492 secs]
2020-09-29T12:05:20.212+0200: 11.102: [GC concurrent-mark-start]
2020-09-29T12:05:20.217+0200: 11.106: [GC concurrent-mark-end, 0.0043771 secs]
2020-09-29T12:05:20.217+0200: 11.106: [GC remark 2020-09-29T12:05:20.217+0200: 11.106: [Finalize Marking, 0.0003921 secs] 2020-09-29T12:05:20.217+0200: 11.107: [GC ref-proc, 0.0004366 secs] 2020-09-29T12:05:20.218+0200: 11.107: [Unloading, 0.0006810 secs], 0.0019307 secs]
 [Times: user=0.00 sys=0.00, real=0.00 secs] 
2020-09-29T12:05:20.219+0200: 11.109: [GC cleanup 1060M->25M(2048M), 0.0018759 secs]
 [Times: user=0.00 sys=0.00, real=0.00 secs] 
2020-09-29T12:05:20.221+0200: 11.111: [GC concurrent-cleanup-start]
2020-09-29T12:05:20.224+0200: 11.113: [GC concurrent-cleanup-end, 0.0021222 secs]
2020-09-29T12:05:20.372+0200: 11.261: [GC pause (G1 Evacuation Pause) (young), 0.1755123 secs]
   [Parallel Time: 174.2 ms, GC Workers: 8]
      [GC Worker Start (ms): Min: 11261.4, Avg: 11261.6, Max: 11261.7, Diff: 0.3]
      [Ext Root Scanning (ms): Min: 0.0, Avg: 0.1, Max: 0.2, Diff: 0.2, Sum: 0.6]
      [Update RS (ms): Min: 17.5, Avg: 17.7, Max: 18.5, Diff: 1.1, Sum: 141.5]
         [Processed Buffers: Min: 12, Avg: 12.6, Max: 14, Diff: 2, Sum: 101]
      [Scan RS (ms): Min: 18.7, Avg: 19.5, Max: 19.9, Diff: 1.2, Sum: 155.8]
      [Code Root Scanning (ms): Min: 0.0, Avg: 0.0, Max: 0.0, Diff: 0.0, Sum: 0.0]
      [Object Copy (ms): Min: 136.3, Avg: 136.5, Max: 136.7, Diff: 0.4, Sum: 1092.0]
      [Termination (ms): Min: 0.0, Avg: 0.1, Max: 0.2, Diff: 0.2, Sum: 0.9]
         [Termination Attempts: Min: 1, Avg: 448.8, Max: 611, Diff: 610, Sum: 3590]
      [GC Worker Other (ms): Min: 0.0, Avg: 0.1, Max: 0.1, Diff: 0.1, Sum: 0.5]
      [GC Worker Total (ms): Min: 173.8, Avg: 173.9, Max: 174.1, Diff: 0.3, Sum: 1391.3]
      [GC Worker End (ms): Min: 11435.5, Avg: 11435.5, Max: 11435.6, Diff: 0.1]
   [Code Root Fixup: 0.0 ms]
   [Code Root Purge: 0.0 ms]
   [Clear CT: 0.3 ms]
   [Other: 1.0 ms]
      [Choose CSet: 0.0 ms]
      [Ref Proc: 0.2 ms]
      [Ref Enq: 0.0 ms]
      [Redirty Cards: 0.3 ms]
      [Humongous Register: 0.0 ms]
      [Humongous Reclaim: 0.0 ms]
      [Free CSet: 0.2 ms]
   [Eden: 203.0M(203.0M)->0.0B(181.0M) Survivors: 7168.0K->27.0M Heap: 252.8M(2048.0M)->248.3M(2048.0M)]
 [Times: user=1.30 sys=0.06, real=0.18 secs] 
2020-09-29T12:05:20.693+0200: 11.583: [GC pause (G1 Evacuation Pause) (young), 0.2002012 secs]
   [Parallel Time: 198.8 ms, GC Workers: 8]
      [GC Worker Start (ms): Min: 11583.0, Avg: 11583.3, Max: 11585.4, Diff: 2.4]
      [Ext Root Scanning (ms): Min: 0.0, Avg: 0.1, Max: 0.2, Diff: 0.2, Sum: 0.8]
      [Update RS (ms): Min: 16.6, Avg: 18.5, Max: 19.6, Diff: 3.0, Sum: 147.8]
         [Processed Buffers: Min: 11, Avg: 13.1, Max: 16, Diff: 5, Sum: 105]
      [Scan RS (ms): Min: 19.8, Avg: 20.7, Max: 21.1, Diff: 1.3, Sum: 165.3]
      [Code Root Scanning (ms): Min: 0.0, Avg: 0.0, Max: 0.0, Diff: 0.0, Sum: 0.0]
      [Object Copy (ms): Min: 158.2, Avg: 158.4, Max: 158.9, Diff: 0.6, Sum: 1267.4]
      [Termination (ms): Min: 0.0, Avg: 0.6, Max: 0.8, Diff: 0.8, Sum: 4.9]
         [Termination Attempts: Min: 1, Avg: 2465.5, Max: 3295, Diff: 3294, Sum: 19724]
      [GC Worker Other (ms): Min: 0.0, Avg: 0.1, Max: 0.1, Diff: 0.1, Sum: 0.4]
      [GC Worker Total (ms): Min: 196.2, Avg: 198.3, Max: 198.8, Diff: 2.6, Sum: 1586.8]
      [GC Worker End (ms): Min: 11781.6, Avg: 11781.6, Max: 11781.7, Diff: 0.1]
   [Code Root Fixup: 0.0 ms]
   [Code Root Purge: 0.0 ms]
   [Clear CT: 0.2 ms]
   [Other: 1.1 ms]
      [Choose CSet: 0.0 ms]
      [Ref Proc: 0.3 ms]
      [Ref Enq: 0.0 ms]
      [Redirty Cards: 0.3 ms]
      [Humongous Register: 0.1 ms]
      [Humongous Reclaim: 0.0 ms]
      [Free CSet: 0.2 ms]
   [Eden: 181.0M(181.0M)->0.0B(166.0M) Survivors: 27.0M->26.0M Heap: 459.9M(2048.0M)->461.9M(2048.0M)]
 [Times: user=1.41 sys=0.03, real=0.20 secs] 
2020-09-29T12:05:21.026+0200: 11.915: [GC pause (G1 Evacuation Pause) (young), 0.2109839 secs]
   [Parallel Time: 209.6 ms, GC Workers: 8]
      [GC Worker Start (ms): Min: 11915.2, Avg: 11915.3, Max: 11915.4, Diff: 0.2]
      [Ext Root Scanning (ms): Min: 0.0, Avg: 0.1, Max: 0.2, Diff: 0.2, Sum: 0.8]
      [Update RS (ms): Min: 20.8, Avg: 21.1, Max: 22.1, Diff: 1.3, Sum: 169.1]
         [Processed Buffers: Min: 13, Avg: 15.8, Max: 19, Diff: 6, Sum: 126]
      [Scan RS (ms): Min: 15.8, Avg: 16.8, Max: 17.3, Diff: 1.5, Sum: 134.7]
      [Code Root Scanning (ms): Min: 0.0, Avg: 0.0, Max: 0.0, Diff: 0.0, Sum: 0.0]
      [Object Copy (ms): Min: 168.9, Avg: 169.4, Max: 170.5, Diff: 1.6, Sum: 1355.1]
      [Termination (ms): Min: 0.1, Avg: 1.3, Max: 1.6, Diff: 1.6, Sum: 10.0]
         [Termination Attempts: Min: 1, Avg: 4513.9, Max: 5677, Diff: 5676, Sum: 36111]
      [GC Worker Other (ms): Min: 0.0, Avg: 0.2, Max: 0.5, Diff: 0.5, Sum: 1.4]
      [GC Worker Total (ms): Min: 208.6, Avg: 208.9, Max: 209.3, Diff: 0.7, Sum: 1671.1]
      [GC Worker End (ms): Min: 12124.0, Avg: 12124.2, Max: 12124.5, Diff: 0.5]
   [Code Root Fixup: 0.0 ms]
   [Code Root Purge: 0.0 ms]
   [Clear CT: 0.3 ms]
   [Other: 1.1 ms]
      [Choose CSet: 0.0 ms]
      [Ref Proc: 0.3 ms]
      [Ref Enq: 0.0 ms]
      [Redirty Cards: 0.3 ms]
      [Humongous Register: 0.0 ms]
      [Humongous Reclaim: 0.0 ms]
      [Free CSet: 0.2 ms]
   [Eden: 166.0M(166.0M)->0.0B(150.0M) Survivors: 26.0M->24.0M Heap: 656.5M(2048.0M)->658.5M(2048.0M)]
 [Times: user=1.50 sys=0.06, real=0.21 secs] 
2020-09-29T12:05:21.362+0200: 12.251: [GC pause (G1 Evacuation Pause) (young), 0.1540086 secs]
   [Parallel Time: 152.5 ms, GC Workers: 8]
      [GC Worker Start (ms): Min: 12251.3, Avg: 12251.4, Max: 12251.5, Diff: 0.2]
      [Ext Root Scanning (ms): Min: 0.0, Avg: 0.1, Max: 0.2, Diff: 0.2, Sum: 0.7]
      [Update RS (ms): Min: 19.2, Avg: 19.4, Max: 19.7, Diff: 0.6, Sum: 155.2]
         [Processed Buffers: Min: 13, Avg: 14.5, Max: 17, Diff: 4, Sum: 116]
      [Scan RS (ms): Min: 14.3, Avg: 14.8, Max: 15.4, Diff: 1.1, Sum: 118.4]
      [Code Root Scanning (ms): Min: 0.0, Avg: 0.0, Max: 0.0, Diff: 0.0, Sum: 0.0]
      [Object Copy (ms): Min: 117.2, Avg: 117.7, Max: 118.0, Diff: 0.8, Sum: 942.0]
      [Termination (ms): Min: 0.0, Avg: 0.1, Max: 0.1, Diff: 0.1, Sum: 0.9]
         [Termination Attempts: Min: 1, Avg: 538.4, Max: 656, Diff: 655, Sum: 4307]
      [GC Worker Other (ms): Min: 0.0, Avg: 0.0, Max: 0.1, Diff: 0.1, Sum: 0.3]
      [GC Worker Total (ms): Min: 152.1, Avg: 152.2, Max: 152.3, Diff: 0.2, Sum: 1217.6]
      [GC Worker End (ms): Min: 12403.6, Avg: 12403.6, Max: 12403.6, Diff: 0.1]
   [Code Root Fixup: 0.0 ms]
   [Code Root Purge: 0.0 ms]
   [Clear CT: 0.4 ms]
   [Other: 1.1 ms]
      [Choose CSet: 0.0 ms]
      [Ref Proc: 0.4 ms]
      [Ref Enq: 0.0 ms]
      [Redirty Cards: 0.3 ms]
      [Humongous Register: 0.0 ms]
      [Humongous Reclaim: 0.0 ms]
      [Free CSet: 0.2 ms]
   [Eden: 150.0M(150.0M)->0.0B(161.0M) Survivors: 24.0M->22.0M Heap: 833.3M(2048.0M)->835.3M(2048.0M)]
 [Times: user=1.19 sys=0.05, real=0.15 secs] 
2020-09-29T12:05:21.643+0200: 12.532: [GC pause (G1 Evacuation Pause) (young), 0.1656730 secs]
   [Parallel Time: 164.5 ms, GC Workers: 8]
      [GC Worker Start (ms): Min: 12532.0, Avg: 12532.2, Max: 12532.3, Diff: 0.3]
      [Ext Root Scanning (ms): Min: 0.0, Avg: 0.1, Max: 0.2, Diff: 0.2, Sum: 0.6]
      [Update RS (ms): Min: 21.7, Avg: 22.0, Max: 22.9, Diff: 1.2, Sum: 175.9]
         [Processed Buffers: Min: 13, Avg: 15.5, Max: 18, Diff: 5, Sum: 124]
      [Scan RS (ms): Min: 14.6, Avg: 15.6, Max: 16.0, Diff: 1.4, Sum: 124.4]
      [Code Root Scanning (ms): Min: 0.0, Avg: 0.0, Max: 0.0, Diff: 0.0, Sum: 0.0]
      [Object Copy (ms): Min: 126.2, Avg: 126.5, Max: 126.6, Diff: 0.4, Sum: 1011.9]
      [Termination (ms): Min: 0.0, Avg: 0.0, Max: 0.0, Diff: 0.0, Sum: 0.1]
         [Termination Attempts: Min: 1, Avg: 29.5, Max: 44, Diff: 43, Sum: 236]
      [GC Worker Other (ms): Min: 0.0, Avg: 0.1, Max: 0.1, Diff: 0.1, Sum: 0.4]
      [GC Worker Total (ms): Min: 164.1, Avg: 164.2, Max: 164.3, Diff: 0.2, Sum: 1313.4]
      [GC Worker End (ms): Min: 12696.3, Avg: 12696.3, Max: 12696.4, Diff: 0.1]
   [Code Root Fixup: 0.0 ms]
   [Code Root Purge: 0.0 ms]
   [Clear CT: 0.3 ms]
   [Other: 0.9 ms]
      [Choose CSet: 0.0 ms]
      [Ref Proc: 0.2 ms]
      [Ref Enq: 0.0 ms]
      [Redirty Cards: 0.3 ms]
      [Humongous Register: 0.1 ms]
      [Humongous Reclaim: 0.0 ms]
      [Free CSet: 0.2 ms]
   [Eden: 161.0M(161.0M)->0.0B(166.0M) Survivors: 22.0M->23.0M Heap: 1023.0M(2048.0M)->1025.5M(2048.0M)]
 [Times: user=1.25 sys=0.11, real=0.17 secs] 
2020-09-29T12:05:21.818+0200: 12.708: [GC pause (G1 Humongous Allocation) (young) (initial-mark), 0.0568950 secs]
   [Parallel Time: 55.9 ms, GC Workers: 8]
      [GC Worker Start (ms): Min: 12708.0, Avg: 12708.0, Max: 12708.1, Diff: 0.1]
      [Ext Root Scanning (ms): Min: 0.1, Avg: 0.1, Max: 0.2, Diff: 0.1, Sum: 0.9]
      [Update RS (ms): Min: 28.2, Avg: 28.4, Max: 28.8, Diff: 0.6, Sum: 227.3]
         [Processed Buffers: Min: 20, Avg: 22.9, Max: 25, Diff: 5, Sum: 183]
      [Scan RS (ms): Min: 2.0, Avg: 2.4, Max: 2.7, Diff: 0.7, Sum: 19.2]
      [Code Root Scanning (ms): Min: 0.0, Avg: 0.0, Max: 0.0, Diff: 0.0, Sum: 0.0]
      [Object Copy (ms): Min: 24.5, Avg: 24.6, Max: 24.7, Diff: 0.2, Sum: 197.0]
      [Termination (ms): Min: 0.0, Avg: 0.1, Max: 0.1, Diff: 0.1, Sum: 0.5]
         [Termination Attempts: Min: 1, Avg: 290.5, Max: 368, Diff: 367, Sum: 2324]
      [GC Worker Other (ms): Min: 0.0, Avg: 0.0, Max: 0.0, Diff: 0.0, Sum: 0.1]
      [GC Worker Total (ms): Min: 55.6, Avg: 55.6, Max: 55.7, Diff: 0.1, Sum: 445.1]
      [GC Worker End (ms): Min: 12763.6, Avg: 12763.6, Max: 12763.7, Diff: 0.0]
   [Code Root Fixup: 0.0 ms]
   [Code Root Purge: 0.0 ms]
   [Clear CT: 0.2 ms]
   [Other: 0.8 ms]
      [Choose CSet: 0.0 ms]
      [Ref Proc: 0.3 ms]
      [Ref Enq: 0.0 ms]
      [Redirty Cards: 0.2 ms]
      [Humongous Register: 0.0 ms]
      [Humongous Reclaim: 0.0 ms]
      [Free CSet: 0.1 ms]
   [Eden: 9216.0K(166.0M)->0.0B(185.0M) Survivors: 23.0M->11.0M Heap: 1034.5M(2048.0M)->1038.0M(2048.0M)]
 [Times: user=0.38 sys=0.00, real=0.06 secs] 
2020-09-29T12:05:21.876+0200: 12.765: [GC concurrent-root-region-scan-start]
2020-09-29T12:05:21.878+0200: 12.767: [GC concurrent-root-region-scan-end, 0.0026028 secs]
2020-09-29T12:05:21.878+0200: 12.767: [GC concurrent-mark-start]
2020-09-29T12:05:21.881+0200: 12.771: [GC concurrent-mark-end, 0.0031491 secs]
2020-09-29T12:05:21.881+0200: 12.771: [GC remark 2020-09-29T12:05:21.881+0200: 12.771: [Finalize Marking, 0.0003728 secs] 2020-09-29T12:05:21.882+0200: 12.771: [GC ref-proc, 0.0004146 secs] 2020-09-29T12:05:21.882+0200: 12.772: [Unloading, 0.0005971 secs], 0.0017668 secs]
 [Times: user=0.00 sys=0.00, real=0.00 secs] 
2020-09-29T12:05:21.884+0200: 12.773: [GC cleanup 1047M->29M(2048M), 0.0014545 secs]
 [Times: user=0.00 sys=0.00, real=0.00 secs] 
2020-09-29T12:05:21.885+0200: 12.775: [GC concurrent-cleanup-start]
2020-09-29T12:05:21.887+0200: 12.776: [GC concurrent-cleanup-end, 0.0016898 secs]
2020-09-29T12:05:22.020+0200: 12.910: [GC pause (G1 Evacuation Pause) (young), 0.1794973 secs]
   [Parallel Time: 177.9 ms, GC Workers: 8]
      [GC Worker Start (ms): Min: 12909.8, Avg: 12909.9, Max: 12910.0, Diff: 0.2]
      [Ext Root Scanning (ms): Min: 0.0, Avg: 0.1, Max: 0.2, Diff: 0.2, Sum: 0.7]
      [Update RS (ms): Min: 16.5, Avg: 16.7, Max: 17.2, Diff: 0.7, Sum: 133.6]
         [Processed Buffers: Min: 11, Avg: 13.0, Max: 15, Diff: 4, Sum: 104]
      [Scan RS (ms): Min: 18.2, Avg: 19.4, Max: 24.4, Diff: 6.2, Sum: 155.4]
      [Code Root Scanning (ms): Min: 0.0, Avg: 0.0, Max: 0.0, Diff: 0.0, Sum: 0.0]
      [Object Copy (ms): Min: 136.5, Avg: 141.3, Max: 142.1, Diff: 5.7, Sum: 1130.2]
      [Termination (ms): Min: 0.0, Avg: 0.1, Max: 0.1, Diff: 0.1, Sum: 0.4]
         [Termination Attempts: Min: 1, Avg: 215.8, Max: 294, Diff: 293, Sum: 1726]
      [GC Worker Other (ms): Min: 0.0, Avg: 0.0, Max: 0.1, Diff: 0.1, Sum: 0.3]
      [GC Worker Total (ms): Min: 177.5, Avg: 177.6, Max: 177.7, Diff: 0.3, Sum: 1420.7]
      [GC Worker End (ms): Min: 13087.5, Avg: 13087.5, Max: 13087.5, Diff: 0.0]
   [Code Root Fixup: 0.0 ms]
   [Code Root Purge: 0.0 ms]
   [Clear CT: 0.4 ms]
   [Other: 1.2 ms]
      [Choose CSet: 0.0 ms]
      [Ref Proc: 0.3 ms]
      [Ref Enq: 0.0 ms]
      [Redirty Cards: 0.4 ms]
      [Humongous Register: 0.0 ms]
      [Humongous Reclaim: 0.0 ms]
      [Free CSet: 0.2 ms]
   [Eden: 185.0M(185.0M)->0.0B(167.0M) Survivors: 11.0M->25.0M Heap: 237.4M(2048.0M)->227.4M(2048.0M)]
 [Times: user=1.22 sys=0.03, real=0.18 secs] 
2020-09-29T12:05:22.330+0200: 13.220: [GC pause (G1 Evacuation Pause) (young), 0.1858991 secs]
   [Parallel Time: 184.5 ms, GC Workers: 8]
      [GC Worker Start (ms): Min: 13219.7, Avg: 13219.8, Max: 13219.9, Diff: 0.3]
      [Ext Root Scanning (ms): Min: 0.0, Avg: 0.1, Max: 0.2, Diff: 0.2, Sum: 0.7]
      [Update RS (ms): Min: 18.5, Avg: 18.7, Max: 18.9, Diff: 0.3, Sum: 149.6]
         [Processed Buffers: Min: 12, Avg: 13.1, Max: 15, Diff: 3, Sum: 105]
      [Scan RS (ms): Min: 19.1, Avg: 19.3, Max: 19.4, Diff: 0.3, Sum: 154.2]
      [Code Root Scanning (ms): Min: 0.0, Avg: 0.0, Max: 0.0, Diff: 0.0, Sum: 0.0]
      [Object Copy (ms): Min: 145.8, Avg: 145.9, Max: 146.1, Diff: 0.3, Sum: 1167.4]
      [Termination (ms): Min: 0.0, Avg: 0.2, Max: 0.2, Diff: 0.2, Sum: 1.5]
         [Termination Attempts: Min: 1, Avg: 779.1, Max: 973, Diff: 972, Sum: 6233]
      [GC Worker Other (ms): Min: 0.0, Avg: 0.1, Max: 0.1, Diff: 0.1, Sum: 0.5]
      [GC Worker Total (ms): Min: 184.1, Avg: 184.2, Max: 184.3, Diff: 0.2, Sum: 1473.9]
      [GC Worker End (ms): Min: 13404.0, Avg: 13404.0, Max: 13404.1, Diff: 0.1]
   [Code Root Fixup: 0.0 ms]
   [Code Root Purge: 0.0 ms]
   [Clear CT: 0.3 ms]
   [Other: 1.1 ms]
      [Choose CSet: 0.0 ms]
      [Ref Proc: 0.3 ms]
      [Ref Enq: 0.0 ms]
      [Redirty Cards: 0.3 ms]
      [Humongous Register: 0.0 ms]
      [Humongous Reclaim: 0.0 ms]
      [Free CSet: 0.2 ms]
   [Eden: 167.0M(167.0M)->0.0B(161.0M) Survivors: 25.0M->24.0M Heap: 421.1M(2048.0M)->423.1M(2048.0M)]
 [Times: user=1.30 sys=0.08, real=0.19 secs] 
2020-09-29T12:05:22.645+0200: 13.534: [GC pause (G1 Evacuation Pause) (young), 0.1584535 secs]
   [Parallel Time: 157.1 ms, GC Workers: 8]
      [GC Worker Start (ms): Min: 13534.6, Avg: 13534.7, Max: 13534.8, Diff: 0.2]
      [Ext Root Scanning (ms): Min: 0.0, Avg: 0.1, Max: 0.2, Diff: 0.2, Sum: 0.7]
      [Update RS (ms): Min: 20.3, Avg: 20.9, Max: 21.8, Diff: 1.4, Sum: 166.9]
         [Processed Buffers: Min: 14, Avg: 14.5, Max: 16, Diff: 2, Sum: 116]
      [Scan RS (ms): Min: 14.2, Avg: 15.2, Max: 15.9, Diff: 1.7, Sum: 121.3]
      [Code Root Scanning (ms): Min: 0.0, Avg: 0.0, Max: 0.0, Diff: 0.0, Sum: 0.0]
      [Object Copy (ms): Min: 120.5, Avg: 120.7, Max: 120.8, Diff: 0.3, Sum: 965.6]
      [Termination (ms): Min: 0.0, Avg: 0.0, Max: 0.0, Diff: 0.0, Sum: 0.1]
         [Termination Attempts: Min: 1, Avg: 40.5, Max: 53, Diff: 52, Sum: 324]
      [GC Worker Other (ms): Min: 0.0, Avg: 0.0, Max: 0.1, Diff: 0.1, Sum: 0.3]
      [GC Worker Total (ms): Min: 156.8, Avg: 156.9, Max: 157.0, Diff: 0.2, Sum: 1254.9]
      [GC Worker End (ms): Min: 13691.6, Avg: 13691.6, Max: 13691.6, Diff: 0.1]
   [Code Root Fixup: 0.0 ms]
   [Code Root Purge: 0.0 ms]
   [Clear CT: 0.2 ms]
   [Other: 1.1 ms]
      [Choose CSet: 0.0 ms]
      [Ref Proc: 0.3 ms]
      [Ref Enq: 0.0 ms]
      [Redirty Cards: 0.3 ms]
      [Humongous Register: 0.0 ms]
      [Humongous Reclaim: 0.0 ms]
      [Free CSet: 0.2 ms]
   [Eden: 161.0M(161.0M)->0.0B(168.0M) Survivors: 24.0M->24.0M Heap: 610.8M(2048.0M)->612.3M(2048.0M)]
 [Times: user=1.20 sys=0.02, real=0.16 secs] 
2020-09-29T12:05:22.939+0200: 13.829: [GC pause (G1 Evacuation Pause) (young), 0.1733889 secs]
   [Parallel Time: 172.1 ms, GC Workers: 8]
      [GC Worker Start (ms): Min: 13828.7, Avg: 13828.8, Max: 13828.9, Diff: 0.2]
      [Ext Root Scanning (ms): Min: 0.0, Avg: 0.1, Max: 0.2, Diff: 0.2, Sum: 0.7]
      [Update RS (ms): Min: 17.7, Avg: 18.0, Max: 18.6, Diff: 0.9, Sum: 144.4]
         [Processed Buffers: Min: 12, Avg: 12.9, Max: 15, Diff: 3, Sum: 103]
      [Scan RS (ms): Min: 17.3, Avg: 17.9, Max: 18.2, Diff: 0.9, Sum: 142.8]
      [Code Root Scanning (ms): Min: 0.0, Avg: 0.0, Max: 0.0, Diff: 0.0, Sum: 0.0]
      [Object Copy (ms): Min: 135.4, Avg: 135.6, Max: 135.8, Diff: 0.3, Sum: 1084.4]
      [Termination (ms): Min: 0.0, Avg: 0.2, Max: 0.2, Diff: 0.2, Sum: 1.6]
         [Termination Attempts: Min: 1, Avg: 806.8, Max: 982, Diff: 981, Sum: 6454]
      [GC Worker Other (ms): Min: 0.0, Avg: 0.0, Max: 0.1, Diff: 0.1, Sum: 0.3]
      [GC Worker Total (ms): Min: 171.7, Avg: 171.8, Max: 171.9, Diff: 0.2, Sum: 1374.2]
      [GC Worker End (ms): Min: 14000.6, Avg: 14000.6, Max: 14000.7, Diff: 0.1]
   [Code Root Fixup: 0.0 ms]
   [Code Root Purge: 0.0 ms]
   [Clear CT: 0.3 ms]
   [Other: 1.0 ms]
      [Choose CSet: 0.0 ms]
      [Ref Proc: 0.2 ms]
      [Ref Enq: 0.0 ms]
      [Redirty Cards: 0.3 ms]
      [Humongous Register: 0.1 ms]
      [Humongous Reclaim: 0.0 ms]
      [Free CSet: 0.2 ms]
   [Eden: 168.0M(168.0M)->0.0B(170.0M) Survivors: 24.0M->24.0M Heap: 808.9M(2048.0M)->810.9M(2048.0M)]
 [Times: user=1.30 sys=0.02, real=0.17 secs] 
2020-09-29T12:05:23.253+0200: 14.142: [GC pause (G1 Evacuation Pause) (young), 0.1425271 secs]
   [Parallel Time: 140.9 ms, GC Workers: 8]
      [GC Worker Start (ms): Min: 14142.4, Avg: 14142.6, Max: 14142.7, Diff: 0.2]
      [Ext Root Scanning (ms): Min: 0.0, Avg: 0.1, Max: 0.2, Diff: 0.2, Sum: 0.7]
      [Update RS (ms): Min: 18.8, Avg: 18.9, Max: 19.1, Diff: 0.3, Sum: 150.8]
         [Processed Buffers: Min: 12, Avg: 14.0, Max: 16, Diff: 4, Sum: 112]
      [Scan RS (ms): Min: 18.0, Avg: 18.2, Max: 18.3, Diff: 0.2, Sum: 145.2]
      [Code Root Scanning (ms): Min: 0.0, Avg: 0.0, Max: 0.0, Diff: 0.0, Sum: 0.0]
      [Object Copy (ms): Min: 103.2, Avg: 103.3, Max: 103.4, Diff: 0.2, Sum: 826.7]
      [Termination (ms): Min: 0.0, Avg: 0.0, Max: 0.0, Diff: 0.0, Sum: 0.0]
         [Termination Attempts: Min: 1, Avg: 28.1, Max: 43, Diff: 42, Sum: 225]
      [GC Worker Other (ms): Min: 0.0, Avg: 0.0, Max: 0.1, Diff: 0.1, Sum: 0.4]
      [GC Worker Total (ms): Min: 140.4, Avg: 140.5, Max: 140.6, Diff: 0.3, Sum: 1123.9]
      [GC Worker End (ms): Min: 14283.0, Avg: 14283.1, Max: 14283.1, Diff: 0.0]
   [Code Root Fixup: 0.0 ms]
   [Code Root Purge: 0.0 ms]
   [Clear CT: 0.4 ms]
   [Other: 1.2 ms]
      [Choose CSet: 0.0 ms]
      [Ref Proc: 0.3 ms]
      [Ref Enq: 0.0 ms]
      [Redirty Cards: 0.5 ms]
      [Humongous Register: 0.1 ms]
      [Humongous Reclaim: 0.0 ms]
      [Free CSet: 0.1 ms]
   [Eden: 170.0M(170.0M)->0.0B(180.0M) Survivors: 24.0M->25.0M Heap: 1009.6M(2048.0M)->1011.6M(2048.0M)]
 [Times: user=0.98 sys=0.03, real=0.14 secs] 
2020-09-29T12:05:23.399+0200: 14.289: [GC pause (G1 Humongous Allocation) (young) (initial-mark), 0.0562710 secs]
   [Parallel Time: 55.6 ms, GC Workers: 8]
      [GC Worker Start (ms): Min: 14288.8, Avg: 14288.9, Max: 14289.0, Diff: 0.2]
      [Ext Root Scanning (ms): Min: 0.0, Avg: 0.1, Max: 0.2, Diff: 0.2, Sum: 1.1]
      [Update RS (ms): Min: 23.3, Avg: 23.5, Max: 23.7, Diff: 0.5, Sum: 187.9]
         [Processed Buffers: Min: 26, Avg: 28.4, Max: 30, Diff: 4, Sum: 227]
      [Scan RS (ms): Min: 1.0, Avg: 1.3, Max: 1.5, Diff: 0.5, Sum: 10.7]
      [Code Root Scanning (ms): Min: 0.0, Avg: 0.0, Max: 0.0, Diff: 0.0, Sum: 0.0]
      [Object Copy (ms): Min: 29.9, Avg: 30.1, Max: 30.5, Diff: 0.6, Sum: 240.4]
      [Termination (ms): Min: 0.0, Avg: 0.4, Max: 0.5, Diff: 0.5, Sum: 3.2]
         [Termination Attempts: Min: 1, Avg: 2612.4, Max: 3164, Diff: 3163, Sum: 20899]
      [GC Worker Other (ms): Min: 0.0, Avg: 0.0, Max: 0.0, Diff: 0.0, Sum: 0.1]
      [GC Worker Total (ms): Min: 55.3, Avg: 55.4, Max: 55.5, Diff: 0.2, Sum: 443.4]
      [GC Worker End (ms): Min: 14344.3, Avg: 14344.3, Max: 14344.3, Diff: 0.0]
   [Code Root Fixup: 0.0 ms]
   [Code Root Purge: 0.0 ms]
   [Clear CT: 0.1 ms]
   [Other: 0.5 ms]
      [Choose CSet: 0.0 ms]
      [Ref Proc: 0.2 ms]
      [Ref Enq: 0.0 ms]
      [Redirty Cards: 0.1 ms]
      [Humongous Register: 0.0 ms]
      [Humongous Reclaim: 0.0 ms]
      [Free CSet: 0.0 ms]
   [Eden: 8192.0K(180.0M)->0.0B(179.0M) Survivors: 25.0M->9216.0K Heap: 1019.1M(2048.0M)->1022.1M(2048.0M)]
 [Times: user=0.34 sys=0.00, real=0.06 secs] 
2020-09-29T12:05:23.456+0200: 14.345: [GC concurrent-root-region-scan-start]
2020-09-29T12:05:23.458+0200: 14.347: [GC concurrent-root-region-scan-end, 0.0018039 secs]
2020-09-29T12:05:23.458+0200: 14.347: [GC concurrent-mark-start]
2020-09-29T12:05:23.460+0200: 14.349: [GC concurrent-mark-end, 0.0022194 secs]
2020-09-29T12:05:23.460+0200: 14.349: [GC remark 2020-09-29T12:05:23.460+0200: 14.349: [Finalize Marking, 0.0001279 secs] 2020-09-29T12:05:23.460+0200: 14.349: [GC ref-proc, 0.0002901 secs] 2020-09-29T12:05:23.460+0200: 14.350: [Unloading, 0.0004211 secs], 0.0011234 secs]
 [Times: user=0.00 sys=0.00, real=0.00 secs] 
2020-09-29T12:05:23.461+0200: 14.351: [GC cleanup 1031M->27M(2048M), 0.0011432 secs]
 [Times: user=0.00 sys=0.00, real=0.00 secs] 
2020-09-29T12:05:23.463+0200: 14.352: [GC concurrent-cleanup-start]
2020-09-29T12:05:23.464+0200: 14.353: [GC concurrent-cleanup-end, 0.0011775 secs]
2020-09-29T12:05:23.555+0200: 14.444: [GC pause (G1 Evacuation Pause) (young), 0.0935588 secs]
   [Parallel Time: 92.5 ms, GC Workers: 8]
      [GC Worker Start (ms): Min: 14444.3, Avg: 14444.4, Max: 14444.4, Diff: 0.1]
      [Ext Root Scanning (ms): Min: 0.0, Avg: 0.1, Max: 0.1, Diff: 0.1, Sum: 0.6]
      [Update RS (ms): Min: 12.5, Avg: 12.8, Max: 13.0, Diff: 0.5, Sum: 102.1]
         [Processed Buffers: Min: 13, Avg: 14.1, Max: 16, Diff: 3, Sum: 113]
      [Scan RS (ms): Min: 9.0, Avg: 9.3, Max: 9.8, Diff: 0.8, Sum: 74.6]
      [Code Root Scanning (ms): Min: 0.0, Avg: 0.0, Max: 0.0, Diff: 0.0, Sum: 0.0]
      [Object Copy (ms): Min: 69.6, Avg: 69.8, Max: 69.9, Diff: 0.3, Sum: 558.5]
      [Termination (ms): Min: 0.0, Avg: 0.0, Max: 0.0, Diff: 0.0, Sum: 0.1]
         [Termination Attempts: Min: 1, Avg: 67.5, Max: 102, Diff: 101, Sum: 540]
      [GC Worker Other (ms): Min: 0.0, Avg: 0.2, Max: 0.4, Diff: 0.4, Sum: 1.6]
      [GC Worker Total (ms): Min: 92.0, Avg: 92.2, Max: 92.4, Diff: 0.5, Sum: 737.5]
      [GC Worker End (ms): Min: 14536.4, Avg: 14536.6, Max: 14536.8, Diff: 0.4]
   [Code Root Fixup: 0.0 ms]
   [Code Root Purge: 0.0 ms]
   [Clear CT: 0.2 ms]
   [Other: 0.8 ms]
      [Choose CSet: 0.0 ms]
      [Ref Proc: 0.2 ms]
      [Ref Enq: 0.0 ms]
      [Redirty Cards: 0.2 ms]
      [Humongous Register: 0.0 ms]
      [Humongous Reclaim: 0.0 ms]
      [Free CSet: 0.1 ms]
   [Eden: 179.0M(179.0M)->0.0B(194.0M) Survivors: 9216.0K->24.0M Heap: 227.0M(2048.0M)->220.0M(2048.0M)]
 [Times: user=0.72 sys=0.01, real=0.09 secs] 
2020-09-29T12:05:23.744+0200: 14.634: [GC pause (G1 Evacuation Pause) (young), 0.1133734 secs]
   [Parallel Time: 112.4 ms, GC Workers: 8]
      [GC Worker Start (ms): Min: 14633.9, Avg: 14633.9, Max: 14634.0, Diff: 0.1]
      [Ext Root Scanning (ms): Min: 0.0, Avg: 0.1, Max: 0.1, Diff: 0.1, Sum: 0.6]
      [Update RS (ms): Min: 13.4, Avg: 13.6, Max: 14.1, Diff: 0.7, Sum: 108.9]
         [Processed Buffers: Min: 14, Avg: 15.3, Max: 18, Diff: 4, Sum: 122]
      [Scan RS (ms): Min: 12.2, Avg: 12.5, Max: 12.8, Diff: 0.6, Sum: 100.2]
      [Code Root Scanning (ms): Min: 0.0, Avg: 0.0, Max: 0.0, Diff: 0.0, Sum: 0.0]
      [Object Copy (ms): Min: 85.9, Avg: 86.0, Max: 86.0, Diff: 0.1, Sum: 687.6]
      [Termination (ms): Min: 0.0, Avg: 0.0, Max: 0.0, Diff: 0.0, Sum: 0.2]
         [Termination Attempts: Min: 1, Avg: 165.3, Max: 249, Diff: 248, Sum: 1322]
      [GC Worker Other (ms): Min: 0.0, Avg: 0.0, Max: 0.0, Diff: 0.0, Sum: 0.2]
      [GC Worker Total (ms): Min: 112.2, Avg: 112.2, Max: 112.2, Diff: 0.1, Sum: 897.7]
      [GC Worker End (ms): Min: 14746.1, Avg: 14746.1, Max: 14746.1, Diff: 0.0]
   [Code Root Fixup: 0.0 ms]
   [Code Root Purge: 0.0 ms]
   [Clear CT: 0.2 ms]
   [Other: 0.8 ms]
      [Choose CSet: 0.0 ms]
      [Ref Proc: 0.1 ms]
      [Ref Enq: 0.0 ms]
      [Redirty Cards: 0.2 ms]
      [Humongous Register: 0.0 ms]
      [Humongous Reclaim: 0.0 ms]
      [Free CSet: 0.2 ms]
   [Eden: 194.0M(194.0M)->0.0B(212.0M) Survivors: 24.0M->28.0M Heap: 446.4M(2048.0M)->448.4M(2048.0M)]
 [Times: user=0.78 sys=0.09, real=0.11 secs] 
2020-09-29T12:05:23.966+0200: 14.855: [GC pause (G1 Evacuation Pause) (young), 0.1345189 secs]
   [Parallel Time: 133.6 ms, GC Workers: 8]
      [GC Worker Start (ms): Min: 14855.4, Avg: 14855.4, Max: 14855.5, Diff: 0.1]
      [Ext Root Scanning (ms): Min: 0.0, Avg: 0.1, Max: 0.1, Diff: 0.1, Sum: 0.5]
      [Update RS (ms): Min: 14.5, Avg: 14.6, Max: 14.8, Diff: 0.4, Sum: 116.7]
         [Processed Buffers: Min: 15, Avg: 16.4, Max: 19, Diff: 4, Sum: 131]
      [Scan RS (ms): Min: 15.1, Avg: 15.3, Max: 15.5, Diff: 0.4, Sum: 122.4]
      [Code Root Scanning (ms): Min: 0.0, Avg: 0.0, Max: 0.0, Diff: 0.0, Sum: 0.0]
      [Object Copy (ms): Min: 102.6, Avg: 102.9, Max: 103.1, Diff: 0.5, Sum: 823.3]
      [Termination (ms): Min: 0.0, Avg: 0.1, Max: 0.2, Diff: 0.2, Sum: 0.8]
         [Termination Attempts: Min: 1, Avg: 570.4, Max: 706, Diff: 705, Sum: 4563]
      [GC Worker Other (ms): Min: 0.0, Avg: 0.2, Max: 0.4, Diff: 0.3, Sum: 1.8]
      [GC Worker Total (ms): Min: 133.0, Avg: 133.2, Max: 133.3, Diff: 0.4, Sum: 1065.4]
      [GC Worker End (ms): Min: 14988.4, Avg: 14988.6, Max: 14988.7, Diff: 0.3]
   [Code Root Fixup: 0.0 ms]
   [Code Root Purge: 0.0 ms]
   [Clear CT: 0.2 ms]
   [Other: 0.8 ms]
      [Choose CSet: 0.0 ms]
      [Ref Proc: 0.2 ms]
      [Ref Enq: 0.0 ms]
      [Redirty Cards: 0.2 ms]
      [Humongous Register: 0.0 ms]
      [Humongous Reclaim: 0.0 ms]
      [Free CSet: 0.2 ms]
   [Eden: 212.0M(212.0M)->0.0B(225.0M) Survivors: 28.0M->30.0M Heap: 696.7M(2048.0M)->698.2M(2048.0M)]
 [Times: user=1.02 sys=0.02, real=0.13 secs] 
2020-09-29T12:05:24.224+0200: 15.114: [GC pause (G1 Evacuation Pause) (young), 0.1378654 secs]
   [Parallel Time: 136.9 ms, GC Workers: 8]
      [GC Worker Start (ms): Min: 15113.7, Avg: 15113.8, Max: 15113.8, Diff: 0.1]
      [Ext Root Scanning (ms): Min: 0.0, Avg: 0.1, Max: 0.1, Diff: 0.1, Sum: 0.5]
      [Update RS (ms): Min: 14.5, Avg: 14.9, Max: 15.4, Diff: 0.9, Sum: 119.6]
         [Processed Buffers: Min: 16, Avg: 16.3, Max: 17, Diff: 1, Sum: 130]
      [Scan RS (ms): Min: 15.2, Avg: 15.8, Max: 17.1, Diff: 1.9, Sum: 126.2]
      [Code Root Scanning (ms): Min: 0.0, Avg: 0.0, Max: 0.0, Diff: 0.0, Sum: 0.0]
      [Object Copy (ms): Min: 104.2, Avg: 105.7, Max: 106.0, Diff: 1.8, Sum: 845.9]
      [Termination (ms): Min: 0.0, Avg: 0.1, Max: 0.1, Diff: 0.1, Sum: 0.5]
         [Termination Attempts: Min: 1, Avg: 455.6, Max: 570, Diff: 569, Sum: 3645]
      [GC Worker Other (ms): Min: 0.0, Avg: 0.1, Max: 0.1, Diff: 0.1, Sum: 0.4]
      [GC Worker Total (ms): Min: 136.5, Avg: 136.6, Max: 136.7, Diff: 0.1, Sum: 1093.1]
      [GC Worker End (ms): Min: 15250.4, Avg: 15250.4, Max: 15250.4, Diff: 0.1]
   [Code Root Fixup: 0.0 ms]
   [Code Root Purge: 0.0 ms]
   [Clear CT: 0.2 ms]
   [Other: 0.8 ms]
      [Choose CSet: 0.0 ms]
      [Ref Proc: 0.2 ms]
      [Ref Enq: 0.0 ms]
      [Redirty Cards: 0.2 ms]
      [Humongous Register: 0.0 ms]
      [Humongous Reclaim: 0.0 ms]
      [Free CSet: 0.2 ms]
   [Eden: 225.0M(225.0M)->0.0B(242.0M) Survivors: 30.0M->32.0M Heap: 959.4M(2048.0M)->961.4M(2048.0M)]
 [Times: user=0.92 sys=0.05, real=0.14 secs] 
2020-09-29T12:05:24.364+0200: 15.253: [GC pause (G1 Humongous Allocation) (young) (initial-mark), 0.0515469 secs]
   [Parallel Time: 50.8 ms, GC Workers: 8]
      [GC Worker Start (ms): Min: 15253.0, Avg: 15253.1, Max: 15253.1, Diff: 0.1]
      [Ext Root Scanning (ms): Min: 0.0, Avg: 0.1, Max: 0.1, Diff: 0.1, Sum: 0.6]
      [Update RS (ms): Min: 34.3, Avg: 34.5, Max: 34.8, Diff: 0.5, Sum: 276.1]
         [Processed Buffers: Min: 39, Avg: 42.0, Max: 45, Diff: 6, Sum: 336]
      [Scan RS (ms): Min: 0.0, Avg: 0.1, Max: 0.4, Diff: 0.4, Sum: 1.2]
      [Code Root Scanning (ms): Min: 0.0, Avg: 0.0, Max: 0.0, Diff: 0.0, Sum: 0.0]
      [Object Copy (ms): Min: 15.8, Avg: 15.9, Max: 16.0, Diff: 0.2, Sum: 127.1]
      [Termination (ms): Min: 0.0, Avg: 0.0, Max: 0.0, Diff: 0.0, Sum: 0.1]
         [Termination Attempts: Min: 1, Avg: 122.0, Max: 155, Diff: 154, Sum: 976]
      [GC Worker Other (ms): Min: 0.0, Avg: 0.0, Max: 0.0, Diff: 0.0, Sum: 0.1]
      [GC Worker Total (ms): Min: 50.6, Avg: 50.7, Max: 50.7, Diff: 0.1, Sum: 405.3]
      [GC Worker End (ms): Min: 15303.7, Avg: 15303.7, Max: 15303.7, Diff: 0.0]
   [Code Root Fixup: 0.0 ms]
   [Code Root Purge: 0.0 ms]
   [Clear CT: 0.1 ms]
   [Other: 0.6 ms]
      [Choose CSet: 0.0 ms]
      [Ref Proc: 0.3 ms]
      [Ref Enq: 0.0 ms]
      [Redirty Cards: 0.1 ms]
      [Humongous Register: 0.0 ms]
      [Humongous Reclaim: 0.0 ms]
      [Free CSet: 0.0 ms]
   [Eden: 3072.0K(242.0M)->0.0B(279.0M) Survivors: 32.0M->4096.0K Heap: 964.4M(2048.0M)->967.9M(2048.0M)]
 [Times: user=0.38 sys=0.00, real=0.05 secs] 
2020-09-29T12:05:24.415+0200: 15.305: [GC concurrent-root-region-scan-start]
2020-09-29T12:05:24.416+0200: 15.305: [GC concurrent-root-region-scan-end, 0.0005357 secs]
2020-09-29T12:05:24.416+0200: 15.305: [GC concurrent-mark-start]
2020-09-29T12:05:24.418+0200: 15.307: [GC concurrent-mark-end, 0.0020707 secs]
2020-09-29T12:05:24.418+0200: 15.307: [GC remark 2020-09-29T12:05:24.418+0200: 15.307: [Finalize Marking, 0.0001719 secs] 2020-09-29T12:05:24.418+0200: 15.308: [GC ref-proc, 0.0002725 secs] 2020-09-29T12:05:24.418+0200: 15.308: [Unloading, 0.0004302 secs], 0.0011891 secs]
 [Times: user=0.00 sys=0.00, real=0.00 secs] 
2020-09-29T12:05:24.420+0200: 15.309: [GC cleanup 975M->20M(2048M), 0.0010868 secs]
 [Times: user=0.00 sys=0.00, real=0.00 secs] 
2020-09-29T12:05:24.421+0200: 15.310: [GC concurrent-cleanup-start]
2020-09-29T12:05:24.422+0200: 15.311: [GC concurrent-cleanup-end, 0.0010267 secs]
2020-09-29T12:05:24.553+0200: 15.442: [GC pause (G1 Evacuation Pause) (young), 0.1627914 secs]
   [Parallel Time: 160.2 ms, GC Workers: 8]
      [GC Worker Start (ms): Min: 15442.1, Avg: 15444.4, Max: 15459.4, Diff: 17.3]
      [Ext Root Scanning (ms): Min: 0.0, Avg: 0.1, Max: 0.1, Diff: 0.1, Sum: 0.5]
      [Update RS (ms): Min: 2.0, Avg: 17.0, Max: 19.6, Diff: 17.6, Sum: 136.0]
         [Processed Buffers: Min: 2, Avg: 18.3, Max: 24, Diff: 22, Sum: 146]
      [Scan RS (ms): Min: 17.9, Avg: 18.3, Max: 18.5, Diff: 0.6, Sum: 146.5]
      [Code Root Scanning (ms): Min: 0.0, Avg: 0.0, Max: 0.0, Diff: 0.0, Sum: 0.0]
      [Object Copy (ms): Min: 122.2, Avg: 122.3, Max: 122.4, Diff: 0.2, Sum: 978.5]
      [Termination (ms): Min: 0.0, Avg: 0.1, Max: 0.1, Diff: 0.1, Sum: 0.9]
         [Termination Attempts: Min: 1, Avg: 851.0, Max: 1068, Diff: 1067, Sum: 6808]
      [GC Worker Other (ms): Min: 0.0, Avg: 0.0, Max: 0.1, Diff: 0.1, Sum: 0.3]
      [GC Worker Total (ms): Min: 142.8, Avg: 157.8, Max: 160.1, Diff: 17.3, Sum: 1262.7]
      [GC Worker End (ms): Min: 15602.2, Avg: 15602.2, Max: 15602.3, Diff: 0.1]
   [Code Root Fixup: 0.0 ms]
   [Code Root Purge: 0.0 ms]
   [Clear CT: 0.2 ms]
   [Other: 2.4 ms]
      [Choose CSet: 0.0 ms]
      [Ref Proc: 0.2 ms]
      [Ref Enq: 0.0 ms]
      [Redirty Cards: 1.7 ms]
      [Humongous Register: 0.0 ms]
      [Humongous Reclaim: 0.0 ms]
      [Free CSet: 0.2 ms]
   [Eden: 279.0M(279.0M)->0.0B(252.0M) Survivors: 4096.0K->36.0M Heap: 339.7M(2048.0M)->337.7M(2048.0M)]
 [Times: user=1.22 sys=0.02, real=0.16 secs] 
2020-09-29T12:05:24.859+0200: 15.748: [GC pause (G1 Evacuation Pause) (young), 0.1581336 secs]
   [Parallel Time: 157.3 ms, GC Workers: 8]
      [GC Worker Start (ms): Min: 15748.2, Avg: 15748.3, Max: 15748.4, Diff: 0.2]
      [Ext Root Scanning (ms): Min: 0.0, Avg: 0.1, Max: 0.2, Diff: 0.2, Sum: 0.5]
      [Update RS (ms): Min: 16.0, Avg: 16.2, Max: 16.7, Diff: 0.7, Sum: 129.3]
         [Processed Buffers: Min: 17, Avg: 18.1, Max: 20, Diff: 3, Sum: 145]
      [Scan RS (ms): Min: 19.5, Avg: 19.9, Max: 20.1, Diff: 0.6, Sum: 158.9]
      [Code Root Scanning (ms): Min: 0.0, Avg: 0.0, Max: 0.0, Diff: 0.0, Sum: 0.0]
      [Object Copy (ms): Min: 120.6, Avg: 120.8, Max: 121.0, Diff: 0.4, Sum: 966.5]
      [Termination (ms): Min: 0.0, Avg: 0.1, Max: 0.2, Diff: 0.2, Sum: 1.0]
         [Termination Attempts: Min: 1, Avg: 850.6, Max: 1240, Diff: 1239, Sum: 6805]
      [GC Worker Other (ms): Min: 0.0, Avg: 0.0, Max: 0.1, Diff: 0.1, Sum: 0.3]
      [GC Worker Total (ms): Min: 157.0, Avg: 157.1, Max: 157.2, Diff: 0.2, Sum: 1256.5]
      [GC Worker End (ms): Min: 15905.4, Avg: 15905.4, Max: 15905.4, Diff: 0.1]
   [Code Root Fixup: 0.0 ms]
   [Code Root Purge: 0.0 ms]
   [Clear CT: 0.1 ms]
   [Other: 0.7 ms]
      [Choose CSet: 0.0 ms]
      [Ref Proc: 0.2 ms]
      [Ref Enq: 0.0 ms]
      [Redirty Cards: 0.2 ms]
      [Humongous Register: 0.0 ms]
      [Humongous Reclaim: 0.0 ms]
      [Free CSet: 0.1 ms]
   [Eden: 252.0M(252.0M)->0.0B(259.0M) Survivors: 36.0M->36.0M Heap: 631.6M(2048.0M)->633.6M(2048.0M)]
 [Times: user=1.16 sys=0.05, real=0.16 secs] 
2020-09-29T12:05:25.157+0200: 16.046: [GC pause (G1 Evacuation Pause) (young), 0.1571242 secs]
   [Parallel Time: 156.1 ms, GC Workers: 8]
      [GC Worker Start (ms): Min: 16046.0, Avg: 16046.1, Max: 16046.2, Diff: 0.2]
      [Ext Root Scanning (ms): Min: 0.0, Avg: 0.1, Max: 0.2, Diff: 0.2, Sum: 0.5]
      [Update RS (ms): Min: 21.4, Avg: 21.5, Max: 21.8, Diff: 0.5, Sum: 172.2]
         [Processed Buffers: Min: 21, Avg: 22.8, Max: 25, Diff: 4, Sum: 182]
      [Scan RS (ms): Min: 16.8, Avg: 17.0, Max: 17.2, Diff: 0.4, Sum: 135.7]
      [Code Root Scanning (ms): Min: 0.0, Avg: 0.0, Max: 0.0, Diff: 0.0, Sum: 0.0]
      [Object Copy (ms): Min: 117.1, Avg: 117.2, Max: 117.3, Diff: 0.2, Sum: 938.0]
      [Termination (ms): Min: 0.0, Avg: 0.1, Max: 0.1, Diff: 0.1, Sum: 0.7]
         [Termination Attempts: Min: 1, Avg: 656.8, Max: 823, Diff: 822, Sum: 5254]
      [GC Worker Other (ms): Min: 0.0, Avg: 0.0, Max: 0.1, Diff: 0.0, Sum: 0.3]
      [GC Worker Total (ms): Min: 155.9, Avg: 155.9, Max: 156.0, Diff: 0.1, Sum: 1247.4]
      [GC Worker End (ms): Min: 16202.0, Avg: 16202.1, Max: 16202.1, Diff: 0.0]
   [Code Root Fixup: 0.0 ms]
   [Code Root Purge: 0.0 ms]
   [Clear CT: 0.2 ms]
   [Other: 0.8 ms]
      [Choose CSet: 0.0 ms]
      [Ref Proc: 0.1 ms]
      [Ref Enq: 0.0 ms]
      [Redirty Cards: 0.2 ms]
      [Humongous Register: 0.0 ms]
      [Humongous Reclaim: 0.0 ms]
      [Free CSet: 0.2 ms]
   [Eden: 259.0M(259.0M)->0.0B(271.0M) Survivors: 36.0M->37.0M Heap: 936.5M(2048.0M)->938.5M(2048.0M)]
 [Times: user=1.19 sys=0.05, real=0.16 secs] 
2020-09-29T12:05:25.365+0200: 16.254: [GC pause (G1 Humongous Allocation) (young) (initial-mark), 0.0684047 secs]
   [Parallel Time: 67.6 ms, GC Workers: 8]
      [GC Worker Start (ms): Min: 16254.4, Avg: 16254.4, Max: 16254.5, Diff: 0.1]
      [Ext Root Scanning (ms): Min: 0.0, Avg: 0.1, Max: 0.2, Diff: 0.2, Sum: 1.0]
      [Update RS (ms): Min: 16.5, Avg: 16.9, Max: 17.4, Diff: 0.8, Sum: 135.2]
         [Processed Buffers: Min: 18, Avg: 18.8, Max: 20, Diff: 2, Sum: 150]
      [Scan RS (ms): Min: 2.9, Avg: 3.4, Max: 3.7, Diff: 0.8, Sum: 27.2]
      [Code Root Scanning (ms): Min: 0.0, Avg: 0.0, Max: 0.0, Diff: 0.0, Sum: 0.0]
      [Object Copy (ms): Min: 46.9, Avg: 46.9, Max: 47.0, Diff: 0.1, Sum: 375.5]
      [Termination (ms): Min: 0.0, Avg: 0.1, Max: 0.1, Diff: 0.1, Sum: 0.4]
         [Termination Attempts: Min: 1, Avg: 351.9, Max: 502, Diff: 501, Sum: 2815]
      [GC Worker Other (ms): Min: 0.0, Avg: 0.0, Max: 0.1, Diff: 0.1, Sum: 0.3]
      [GC Worker Total (ms): Min: 67.4, Avg: 67.5, Max: 67.6, Diff: 0.2, Sum: 539.7]
      [GC Worker End (ms): Min: 16321.9, Avg: 16321.9, Max: 16321.9, Diff: 0.1]
   [Code Root Fixup: 0.0 ms]
   [Code Root Purge: 0.0 ms]
   [Clear CT: 0.2 ms]
   [Other: 0.6 ms]
      [Choose CSet: 0.0 ms]
      [Ref Proc: 0.1 ms]
      [Ref Enq: 0.0 ms]
      [Redirty Cards: 0.2 ms]
      [Humongous Register: 0.0 ms]
      [Humongous Reclaim: 0.0 ms]
      [Free CSet: 0.1 ms]
   [Eden: 80.0M(271.0M)->0.0B(296.0M) Survivors: 37.0M->39.0M Heap: 1030.0M(2048.0M)->1031.5M(2048.0M)]
 [Times: user=0.50 sys=0.00, real=0.07 secs] 
2020-09-29T12:05:25.434+0200: 16.323: [GC concurrent-root-region-scan-start]
2020-09-29T12:05:25.441+0200: 16.330: [GC concurrent-root-region-scan-end, 0.0071719 secs]
2020-09-29T12:05:25.441+0200: 16.330: [GC concurrent-mark-start]
2020-09-29T12:05:25.443+0200: 16.332: [GC concurrent-mark-end, 0.0021514 secs]
2020-09-29T12:05:25.443+0200: 16.332: [GC remark 2020-09-29T12:05:25.443+0200: 16.332: [Finalize Marking, 0.0001851 secs] 2020-09-29T12:05:25.444+0200: 16.332: [GC ref-proc, 0.0002714 secs] 2020-09-29T12:05:25.444+0200: 16.333: [Unloading, 0.0004103 secs], 0.0011365 secs]
 [Times: user=0.00 sys=0.00, real=0.00 secs] 
2020-09-29T12:05:25.445+0200: 16.334: [GC cleanup 1054M->70M(2048M), 0.0010535 secs]
 [Times: user=0.00 sys=0.00, real=0.00 secs] 
2020-09-29T12:05:25.446+0200: 16.335: [GC concurrent-cleanup-start]
2020-09-29T12:05:25.447+0200: 16.336: [GC concurrent-cleanup-end, 0.0011255 secs]
2020-09-29T12:05:25.596+0200: 16.485: [GC pause (G1 Evacuation Pause) (young), 0.1679408 secs]
   [Parallel Time: 166.6 ms, GC Workers: 8]
      [GC Worker Start (ms): Min: 16484.7, Avg: 16484.7, Max: 16484.8, Diff: 0.2]
      [Ext Root Scanning (ms): Min: 0.0, Avg: 0.1, Max: 0.1, Diff: 0.1, Sum: 0.5]
      [Update RS (ms): Min: 23.5, Avg: 23.7, Max: 23.9, Diff: 0.4, Sum: 189.6]
         [Processed Buffers: Min: 23, Avg: 23.8, Max: 26, Diff: 3, Sum: 190]
      [Scan RS (ms): Min: 14.8, Avg: 15.0, Max: 15.3, Diff: 0.5, Sum: 120.0]
      [Code Root Scanning (ms): Min: 0.0, Avg: 0.0, Max: 0.0, Diff: 0.0, Sum: 0.0]
      [Object Copy (ms): Min: 127.2, Avg: 127.4, Max: 127.6, Diff: 0.4, Sum: 1019.0]
      [Termination (ms): Min: 0.0, Avg: 0.2, Max: 0.2, Diff: 0.2, Sum: 1.2]
         [Termination Attempts: Min: 1, Avg: 1067.8, Max: 1328, Diff: 1327, Sum: 8542]
      [GC Worker Other (ms): Min: 0.0, Avg: 0.1, Max: 0.1, Diff: 0.1, Sum: 0.5]
      [GC Worker Total (ms): Min: 166.3, Avg: 166.4, Max: 166.4, Diff: 0.2, Sum: 1330.9]
      [GC Worker End (ms): Min: 16651.1, Avg: 16651.1, Max: 16651.1, Diff: 0.1]
   [Code Root Fixup: 0.0 ms]
   [Code Root Purge: 0.0 ms]
   [Clear CT: 0.3 ms]
   [Other: 1.1 ms]
      [Choose CSet: 0.0 ms]
      [Ref Proc: 0.2 ms]
      [Ref Enq: 0.0 ms]
      [Redirty Cards: 0.5 ms]
      [Humongous Register: 0.0 ms]
      [Humongous Reclaim: 0.0 ms]
      [Free CSet: 0.2 ms]
   [Eden: 296.0M(296.0M)->0.0B(297.0M) Survivors: 39.0M->42.0M Heap: 393.6M(2048.0M)->356.6M(2048.0M)]
 [Times: user=1.30 sys=0.03, real=0.17 secs] 
2020-09-29T12:05:25.917+0200: 16.806: [GC pause (G1 Evacuation Pause) (young), 0.1864214 secs]
   [Parallel Time: 184.8 ms, GC Workers: 8]
      [GC Worker Start (ms): Min: 16805.7, Avg: 16805.7, Max: 16805.8, Diff: 0.1]
      [Ext Root Scanning (ms): Min: 0.0, Avg: 0.1, Max: 0.1, Diff: 0.1, Sum: 0.6]
      [Update RS (ms): Min: 21.6, Avg: 21.8, Max: 22.3, Diff: 0.7, Sum: 174.7]
         [Processed Buffers: Min: 16, Avg: 21.9, Max: 23, Diff: 7, Sum: 175]
      [Scan RS (ms): Min: 22.0, Avg: 22.4, Max: 22.8, Diff: 0.9, Sum: 179.2]
      [Code Root Scanning (ms): Min: 0.0, Avg: 0.0, Max: 0.0, Diff: 0.0, Sum: 0.0]
      [Object Copy (ms): Min: 139.9, Avg: 140.1, Max: 140.2, Diff: 0.3, Sum: 1120.9]
      [Termination (ms): Min: 0.0, Avg: 0.0, Max: 0.0, Diff: 0.0, Sum: 0.0]
         [Termination Attempts: Min: 1, Avg: 14.5, Max: 23, Diff: 22, Sum: 116]
      [GC Worker Other (ms): Min: 0.0, Avg: 0.1, Max: 0.3, Diff: 0.3, Sum: 1.2]
      [GC Worker Total (ms): Min: 184.4, Avg: 184.6, Max: 184.7, Diff: 0.3, Sum: 1476.6]
      [GC Worker End (ms): Min: 16990.2, Avg: 16990.3, Max: 16990.4, Diff: 0.3]
   [Code Root Fixup: 0.0 ms]
   [Code Root Purge: 0.0 ms]
   [Clear CT: 0.2 ms]
   [Other: 1.4 ms]
      [Choose CSet: 0.0 ms]
      [Ref Proc: 0.6 ms]
      [Ref Enq: 0.0 ms]
      [Redirty Cards: 0.3 ms]
      [Humongous Register: 0.0 ms]
      [Humongous Reclaim: 0.0 ms]
      [Free CSet: 0.2 ms]
   [Eden: 297.0M(297.0M)->0.0B(277.0M) Survivors: 42.0M->43.0M Heap: 703.2M(2048.0M)->704.2M(2048.0M)]
 [Times: user=1.39 sys=0.11, real=0.19 secs] 
2020-09-29T12:05:26.274+0200: 17.163: [GC pause (G1 Evacuation Pause) (young), 0.1756955 secs]
   [Parallel Time: 173.9 ms, GC Workers: 8]
      [GC Worker Start (ms): Min: 17163.3, Avg: 17163.4, Max: 17163.4, Diff: 0.1]
      [Ext Root Scanning (ms): Min: 0.0, Avg: 0.1, Max: 0.1, Diff: 0.1, Sum: 0.5]
      [Update RS (ms): Min: 20.4, Avg: 20.5, Max: 21.0, Diff: 0.6, Sum: 164.1]
         [Processed Buffers: Min: 20, Avg: 22.3, Max: 24, Diff: 4, Sum: 178]
      [Scan RS (ms): Min: 18.5, Avg: 18.9, Max: 19.2, Diff: 0.6, Sum: 151.3]
      [Code Root Scanning (ms): Min: 0.0, Avg: 0.0, Max: 0.0, Diff: 0.0, Sum: 0.0]
      [Object Copy (ms): Min: 133.8, Avg: 134.0, Max: 134.0, Diff: 0.2, Sum: 1071.7]
      [Termination (ms): Min: 0.0, Avg: 0.1, Max: 0.1, Diff: 0.1, Sum: 0.9]
         [Termination Attempts: Min: 1, Avg: 777.5, Max: 972, Diff: 971, Sum: 6220]
      [GC Worker Other (ms): Min: 0.0, Avg: 0.1, Max: 0.1, Diff: 0.1, Sum: 0.5]
      [GC Worker Total (ms): Min: 173.5, Avg: 173.6, Max: 173.7, Diff: 0.2, Sum: 1388.9]
      [GC Worker End (ms): Min: 17336.9, Avg: 17337.0, Max: 17337.0, Diff: 0.1]
   [Code Root Fixup: 0.0 ms]
   [Code Root Purge: 0.0 ms]
   [Clear CT: 0.6 ms]
   [Other: 1.2 ms]
      [Choose CSet: 0.0 ms]
      [Ref Proc: 0.4 ms]
      [Ref Enq: 0.0 ms]
      [Redirty Cards: 0.4 ms]
      [Humongous Register: 0.0 ms]
      [Humongous Reclaim: 0.0 ms]
      [Free CSet: 0.2 ms]
   [Eden: 277.0M(277.0M)->0.0B(276.0M) Survivors: 43.0M->40.0M Heap: 1028.9M(2048.0M)->1030.9M(2048.0M)]
 [Times: user=1.31 sys=0.05, real=0.18 secs] 
2020-09-29T12:05:26.464+0200: 17.352: [GC pause (G1 Humongous Allocation) (young) (initial-mark), 0.0513555 secs]
   [Parallel Time: 50.6 ms, GC Workers: 8]
      [GC Worker Start (ms): Min: 17352.6, Avg: 17352.6, Max: 17352.7, Diff: 0.1]
      [Ext Root Scanning (ms): Min: 0.0, Avg: 0.1, Max: 0.1, Diff: 0.1, Sum: 0.7]
      [Update RS (ms): Min: 26.3, Avg: 26.5, Max: 26.6, Diff: 0.4, Sum: 211.7]
         [Processed Buffers: Min: 27, Avg: 33.0, Max: 35, Diff: 8, Sum: 264]
      [Scan RS (ms): Min: 2.7, Avg: 3.0, Max: 3.3, Diff: 0.5, Sum: 24.1]
      [Code Root Scanning (ms): Min: 0.0, Avg: 0.0, Max: 0.0, Diff: 0.0, Sum: 0.0]
      [Object Copy (ms): Min: 20.7, Avg: 20.8, Max: 21.0, Diff: 0.3, Sum: 166.7]
      [Termination (ms): Min: 0.0, Avg: 0.0, Max: 0.0, Diff: 0.0, Sum: 0.2]
         [Termination Attempts: Min: 1, Avg: 148.3, Max: 220, Diff: 219, Sum: 1186]
      [GC Worker Other (ms): Min: 0.0, Avg: 0.0, Max: 0.0, Diff: 0.0, Sum: 0.2]
      [GC Worker Total (ms): Min: 50.4, Avg: 50.4, Max: 50.5, Diff: 0.1, Sum: 403.5]
      [GC Worker End (ms): Min: 17403.1, Avg: 17403.1, Max: 17403.1, Diff: 0.0]
   [Code Root Fixup: 0.0 ms]
   [Code Root Purge: 0.0 ms]
   [Clear CT: 0.1 ms]
   [Other: 0.6 ms]
      [Choose CSet: 0.0 ms]
      [Ref Proc: 0.2 ms]
      [Ref Enq: 0.0 ms]
      [Redirty Cards: 0.1 ms]
      [Humongous Register: 0.0 ms]
      [Humongous Reclaim: 0.0 ms]
      [Free CSet: 0.1 ms]
   [Eden: 12.0M(276.0M)->0.0B(323.0M) Survivors: 40.0M->13.0M Heap: 1042.4M(2048.0M)->1046.4M(2048.0M)]
 [Times: user=0.34 sys=0.02, real=0.05 secs] 
2020-09-29T12:05:26.515+0200: 17.404: [GC concurrent-root-region-scan-start]
2020-09-29T12:05:26.519+0200: 17.408: [GC concurrent-root-region-scan-end, 0.0038584 secs]
2020-09-29T12:05:26.519+0200: 17.408: [GC concurrent-mark-start]
2020-09-29T12:05:26.521+0200: 17.410: [GC concurrent-mark-end, 0.0024135 secs]
2020-09-29T12:05:26.522+0200: 17.410: [GC remark 2020-09-29T12:05:26.522+0200: 17.411: [Finalize Marking, 0.0001849 secs] 2020-09-29T12:05:26.522+0200: 17.411: [GC ref-proc, 0.0002728 secs] 2020-09-29T12:05:26.522+0200: 17.411: [Unloading, 0.0004087 secs], 0.0011531 secs]
 [Times: user=0.00 sys=0.00, real=0.00 secs] 
2020-09-29T12:05:26.523+0200: 17.412: [GC cleanup 1063M->38M(2048M), 0.0011991 secs]
 [Times: user=0.00 sys=0.00, real=0.00 secs] 
2020-09-29T12:05:26.524+0200: 17.413: [GC concurrent-cleanup-start]
2020-09-29T12:05:26.526+0200: 17.414: [GC concurrent-cleanup-end, 0.0012448 secs]
2020-09-29T12:05:26.687+0200: 17.576: [GC pause (G1 Evacuation Pause) (young), 0.1694492 secs]
   [Parallel Time: 168.5 ms, GC Workers: 8]
      [GC Worker Start (ms): Min: 17576.1, Avg: 17576.2, Max: 17576.3, Diff: 0.2]
      [Ext Root Scanning (ms): Min: 0.0, Avg: 0.1, Max: 0.1, Diff: 0.1, Sum: 0.5]
      [Update RS (ms): Min: 11.3, Avg: 11.3, Max: 11.5, Diff: 0.2, Sum: 90.7]
         [Processed Buffers: Min: 12, Avg: 13.6, Max: 17, Diff: 5, Sum: 109]
      [Scan RS (ms): Min: 24.3, Avg: 24.5, Max: 24.7, Diff: 0.4, Sum: 195.8]
      [Code Root Scanning (ms): Min: 0.0, Avg: 0.0, Max: 0.0, Diff: 0.0, Sum: 0.0]
      [Object Copy (ms): Min: 132.1, Avg: 132.3, Max: 132.4, Diff: 0.3, Sum: 1058.3]
      [Termination (ms): Min: 0.0, Avg: 0.0, Max: 0.0, Diff: 0.0, Sum: 0.1]
         [Termination Attempts: Min: 1, Avg: 109.9, Max: 145, Diff: 144, Sum: 879]
      [GC Worker Other (ms): Min: 0.0, Avg: 0.0, Max: 0.1, Diff: 0.0, Sum: 0.3]
      [GC Worker Total (ms): Min: 168.2, Avg: 168.2, Max: 168.3, Diff: 0.2, Sum: 1345.8]
      [GC Worker End (ms): Min: 17744.4, Avg: 17744.4, Max: 17744.5, Diff: 0.0]
   [Code Root Fixup: 0.0 ms]
   [Code Root Purge: 0.0 ms]
   [Clear CT: 0.1 ms]
   [Other: 0.8 ms]
      [Choose CSet: 0.0 ms]
      [Ref Proc: 0.2 ms]
      [Ref Enq: 0.0 ms]
      [Redirty Cards: 0.2 ms]
      [Humongous Register: 0.0 ms]
      [Humongous Reclaim: 0.0 ms]
      [Free CSet: 0.2 ms]
   [Eden: 323.0M(323.0M)->0.0B(291.0M) Survivors: 13.0M->42.0M Heap: 400.3M(2048.0M)->389.8M(2048.0M)]
 [Times: user=1.20 sys=0.13, real=0.17 secs] 
2020-09-29T12:05:27.002+0200: 17.891: [GC pause (G1 Evacuation Pause) (young), 0.1986585 secs]
   [Parallel Time: 197.6 ms, GC Workers: 8]
      [GC Worker Start (ms): Min: 17891.2, Avg: 17891.3, Max: 17891.3, Diff: 0.2]
      [Ext Root Scanning (ms): Min: 0.0, Avg: 0.1, Max: 0.2, Diff: 0.2, Sum: 0.5]
      [Update RS (ms): Min: 14.7, Avg: 15.1, Max: 15.3, Diff: 0.6, Sum: 120.4]
         [Processed Buffers: Min: 14, Avg: 15.0, Max: 17, Diff: 3, Sum: 120]
      [Scan RS (ms): Min: 26.1, Avg: 28.9, Max: 46.3, Diff: 20.2, Sum: 230.8]
      [Code Root Scanning (ms): Min: 0.0, Avg: 0.0, Max: 0.0, Diff: 0.0, Sum: 0.0]
      [Object Copy (ms): Min: 135.5, Avg: 153.2, Max: 155.9, Diff: 20.4, Sum: 1225.7]
      [Termination (ms): Min: 0.0, Avg: 0.2, Max: 0.2, Diff: 0.2, Sum: 1.3]
         [Termination Attempts: Min: 1, Avg: 1152.9, Max: 1417, Diff: 1416, Sum: 9223]
      [GC Worker Other (ms): Min: 0.0, Avg: 0.0, Max: 0.1, Diff: 0.0, Sum: 0.3]
      [GC Worker Total (ms): Min: 197.3, Avg: 197.4, Max: 197.5, Diff: 0.1, Sum: 1579.0]
      [GC Worker End (ms): Min: 18088.6, Avg: 18088.7, Max: 18088.7, Diff: 0.0]
   [Code Root Fixup: 0.0 ms]
   [Code Root Purge: 0.0 ms]
   [Clear CT: 0.2 ms]
   [Other: 0.9 ms]
      [Choose CSet: 0.0 ms]
      [Ref Proc: 0.1 ms]
      [Ref Enq: 0.0 ms]
      [Redirty Cards: 0.2 ms]
      [Humongous Register: 0.0 ms]
      [Humongous Reclaim: 0.0 ms]
      [Free CSet: 0.3 ms]
   [Eden: 291.0M(291.0M)->0.0B(258.0M) Survivors: 42.0M->42.0M Heap: 728.5M(2048.0M)->730.0M(2048.0M)]
 [Times: user=1.55 sys=0.05, real=0.20 secs] 
2020-09-29T12:05:27.343+0200: 18.232: [GC pause (G1 Evacuation Pause) (young), 0.1553143 secs]
   [Parallel Time: 154.4 ms, GC Workers: 8]
      [GC Worker Start (ms): Min: 18232.4, Avg: 18232.5, Max: 18232.5, Diff: 0.1]
      [Ext Root Scanning (ms): Min: 0.0, Avg: 0.1, Max: 0.1, Diff: 0.1, Sum: 0.6]
      [Update RS (ms): Min: 14.3, Avg: 14.4, Max: 14.7, Diff: 0.4, Sum: 115.3]
         [Processed Buffers: Min: 15, Avg: 16.4, Max: 18, Diff: 3, Sum: 131]
      [Scan RS (ms): Min: 20.2, Avg: 21.9, Max: 31.6, Diff: 11.3, Sum: 175.6]
      [Code Root Scanning (ms): Min: 0.0, Avg: 0.0, Max: 0.0, Diff: 0.0, Sum: 0.0]
      [Object Copy (ms): Min: 108.2, Avg: 117.8, Max: 119.2, Diff: 11.0, Sum: 942.2]
      [Termination (ms): Min: 0.0, Avg: 0.0, Max: 0.0, Diff: 0.0, Sum: 0.1]
         [Termination Attempts: Min: 1, Avg: 134.0, Max: 174, Diff: 173, Sum: 1072]
      [GC Worker Other (ms): Min: 0.0, Avg: 0.0, Max: 0.1, Diff: 0.1, Sum: 0.3]
      [GC Worker Total (ms): Min: 154.2, Avg: 154.3, Max: 154.3, Diff: 0.1, Sum: 1234.1]
      [GC Worker End (ms): Min: 18386.7, Avg: 18386.7, Max: 18386.8, Diff: 0.1]
   [Code Root Fixup: 0.0 ms]
   [Code Root Purge: 0.0 ms]
   [Clear CT: 0.2 ms]
   [Other: 0.7 ms]
      [Choose CSet: 0.0 ms]
      [Ref Proc: 0.1 ms]
      [Ref Enq: 0.0 ms]
      [Redirty Cards: 0.2 ms]
      [Humongous Register: 0.0 ms]
      [Humongous Reclaim: 0.0 ms]
      [Free CSet: 0.2 ms]
   [Eden: 258.0M(258.0M)->0.0B(270.0M) Survivors: 42.0M->38.0M Heap: 1031.9M(2048.0M)->1033.9M(2048.0M)]
 [Times: user=1.22 sys=0.02, real=0.16 secs] 
2020-09-29T12:05:27.506+0200: 18.395: [GC pause (G1 Humongous Allocation) (young) (initial-mark), 0.0542478 secs]
   [Parallel Time: 53.6 ms, GC Workers: 8]
      [GC Worker Start (ms): Min: 18395.0, Avg: 18395.0, Max: 18395.1, Diff: 0.1]
      [Ext Root Scanning (ms): Min: 0.0, Avg: 0.1, Max: 0.1, Diff: 0.1, Sum: 0.7]
      [Update RS (ms): Min: 30.9, Avg: 31.1, Max: 31.4, Diff: 0.4, Sum: 249.1]
         [Processed Buffers: Min: 37, Avg: 39.6, Max: 41, Diff: 4, Sum: 317]
      [Scan RS (ms): Min: 2.4, Avg: 2.7, Max: 2.9, Diff: 0.5, Sum: 21.7]
      [Code Root Scanning (ms): Min: 0.0, Avg: 0.0, Max: 0.0, Diff: 0.0, Sum: 0.0]
      [Object Copy (ms): Min: 19.5, Avg: 19.5, Max: 19.6, Diff: 0.1, Sum: 156.2]
      [Termination (ms): Min: 0.0, Avg: 0.0, Max: 0.0, Diff: 0.0, Sum: 0.1]
         [Termination Attempts: Min: 1, Avg: 85.8, Max: 108, Diff: 107, Sum: 686]
      [GC Worker Other (ms): Min: 0.0, Avg: 0.0, Max: 0.0, Diff: 0.0, Sum: 0.1]
      [GC Worker Total (ms): Min: 53.4, Avg: 53.5, Max: 53.5, Diff: 0.1, Sum: 428.0]
      [GC Worker End (ms): Min: 18448.5, Avg: 18448.5, Max: 18448.5, Diff: 0.0]
   [Code Root Fixup: 0.0 ms]
   [Code Root Purge: 0.0 ms]
   [Clear CT: 0.2 ms]
   [Other: 0.5 ms]
      [Choose CSet: 0.0 ms]
      [Ref Proc: 0.1 ms]
      [Ref Enq: 0.0 ms]
      [Redirty Cards: 0.1 ms]
      [Humongous Register: 0.0 ms]
      [Humongous Reclaim: 0.0 ms]
      [Free CSet: 0.0 ms]
   [Eden: 10.0M(270.0M)->0.0B(312.0M) Survivors: 38.0M->12.0M Heap: 1043.4M(2048.0M)->1047.4M(2048.0M)]
 [Times: user=0.38 sys=0.00, real=0.05 secs] 
2020-09-29T12:05:27.560+0200: 18.449: [GC concurrent-root-region-scan-start]
2020-09-29T12:05:27.563+0200: 18.452: [GC concurrent-root-region-scan-end, 0.0031239 secs]
2020-09-29T12:05:27.563+0200: 18.452: [GC concurrent-mark-start]
2020-09-29T12:05:27.567+0200: 18.456: [GC concurrent-mark-end, 0.0038917 secs]
2020-09-29T12:05:27.568+0200: 18.456: [GC remark 2020-09-29T12:05:27.568+0200: 18.456: [Finalize Marking, 0.0002259 secs] 2020-09-29T12:05:27.568+0200: 18.457: [GC ref-proc, 0.0002727 secs] 2020-09-29T12:05:27.568+0200: 18.457: [Unloading, 0.0006849 secs], 0.0021754 secs]
 [Times: user=0.00 sys=0.00, real=0.00 secs] 
2020-09-29T12:05:27.570+0200: 18.459: [GC cleanup 1064M->37M(2048M), 0.0034997 secs]
 [Times: user=0.00 sys=0.00, real=0.00 secs] 
2020-09-29T12:05:27.574+0200: 18.462: [GC concurrent-cleanup-start]
2020-09-29T12:05:27.575+0200: 18.464: [GC concurrent-cleanup-end, 0.0012463 secs]
2020-09-29T12:05:27.736+0200: 18.624: [GC pause (G1 Evacuation Pause) (young), 0.1635149 secs]
   [Parallel Time: 162.6 ms, GC Workers: 8]
      [GC Worker Start (ms): Min: 18624.6, Avg: 18624.6, Max: 18624.6, Diff: 0.1]
      [Ext Root Scanning (ms): Min: 0.0, Avg: 0.1, Max: 0.1, Diff: 0.1, Sum: 0.6]
      [Update RS (ms): Min: 13.7, Avg: 13.9, Max: 14.1, Diff: 0.3, Sum: 110.9]
         [Processed Buffers: Min: 14, Avg: 15.8, Max: 20, Diff: 6, Sum: 126]
      [Scan RS (ms): Min: 21.7, Avg: 21.9, Max: 22.0, Diff: 0.3, Sum: 175.4]
      [Code Root Scanning (ms): Min: 0.0, Avg: 0.0, Max: 0.0, Diff: 0.0, Sum: 0.0]
      [Object Copy (ms): Min: 126.4, Avg: 126.5, Max: 126.6, Diff: 0.3, Sum: 1011.8]
      [Termination (ms): Min: 0.0, Avg: 0.1, Max: 0.2, Diff: 0.2, Sum: 1.1]
         [Termination Attempts: Min: 1, Avg: 892.8, Max: 1108, Diff: 1107, Sum: 7142]
      [GC Worker Other (ms): Min: 0.0, Avg: 0.0, Max: 0.1, Diff: 0.1, Sum: 0.3]
      [GC Worker Total (ms): Min: 162.5, Avg: 162.5, Max: 162.6, Diff: 0.1, Sum: 1300.2]
      [GC Worker End (ms): Min: 18787.1, Avg: 18787.1, Max: 18787.2, Diff: 0.1]
   [Code Root Fixup: 0.0 ms]
   [Code Root Purge: 0.0 ms]
   [Clear CT: 0.2 ms]
   [Other: 0.7 ms]
      [Choose CSet: 0.0 ms]
      [Ref Proc: 0.1 ms]
      [Ref Enq: 0.0 ms]
      [Redirty Cards: 0.2 ms]
      [Humongous Register: 0.0 ms]
      [Humongous Reclaim: 0.0 ms]
      [Free CSet: 0.2 ms]
   [Eden: 312.0M(312.0M)->0.0B(289.0M) Survivors: 12.0M->41.0M Heap: 385.9M(2048.0M)->376.4M(2048.0M)]
 [Times: user=1.31 sys=0.03, real=0.16 secs] 
2020-09-29T12:05:28.043+0200: 18.931: [GC pause (G1 Evacuation Pause) (young), 0.1763288 secs]
   [Parallel Time: 175.3 ms, GC Workers: 8]
      [GC Worker Start (ms): Min: 18931.5, Avg: 18931.6, Max: 18931.7, Diff: 0.2]
      [Ext Root Scanning (ms): Min: 0.0, Avg: 0.1, Max: 0.2, Diff: 0.2, Sum: 0.5]
      [Update RS (ms): Min: 20.0, Avg: 20.2, Max: 20.5, Diff: 0.5, Sum: 161.3]
         [Processed Buffers: Min: 16, Avg: 18.9, Max: 20, Diff: 4, Sum: 151]
      [Scan RS (ms): Min: 23.7, Avg: 24.0, Max: 24.2, Diff: 0.5, Sum: 192.1]
      [Code Root Scanning (ms): Min: 0.0, Avg: 0.0, Max: 0.0, Diff: 0.0, Sum: 0.0]
      [Object Copy (ms): Min: 130.5, Avg: 130.7, Max: 130.8, Diff: 0.3, Sum: 1045.4]
      [Termination (ms): Min: 0.0, Avg: 0.0, Max: 0.1, Diff: 0.1, Sum: 0.3]
         [Termination Attempts: Min: 1, Avg: 270.5, Max: 357, Diff: 356, Sum: 2164]
      [GC Worker Other (ms): Min: 0.0, Avg: 0.1, Max: 0.1, Diff: 0.1, Sum: 0.6]
      [GC Worker Total (ms): Min: 174.9, Avg: 175.0, Max: 175.2, Diff: 0.2, Sum: 1400.2]
      [GC Worker End (ms): Min: 19106.6, Avg: 19106.6, Max: 19106.7, Diff: 0.1]
   [Code Root Fixup: 0.0 ms]
   [Code Root Purge: 0.0 ms]
   [Clear CT: 0.2 ms]
   [Other: 0.9 ms]
      [Choose CSet: 0.0 ms]
      [Ref Proc: 0.1 ms]
      [Ref Enq: 0.0 ms]
      [Redirty Cards: 0.2 ms]
      [Humongous Register: 0.0 ms]
      [Humongous Reclaim: 0.0 ms]
      [Free CSet: 0.3 ms]
   [Eden: 289.0M(289.0M)->0.0B(277.0M) Survivors: 41.0M->42.0M Heap: 713.1M(2048.0M)->714.6M(2048.0M)]
 [Times: user=1.24 sys=0.13, real=0.18 secs] 
2020-09-29T12:05:28.382+0200: 19.271: [GC pause (G1 Evacuation Pause) (young), 0.1735618 secs]
   [Parallel Time: 172.7 ms, GC Workers: 8]
      [GC Worker Start (ms): Min: 19271.0, Avg: 19271.1, Max: 19271.2, Diff: 0.2]
      [Ext Root Scanning (ms): Min: 0.0, Avg: 0.1, Max: 0.2, Diff: 0.2, Sum: 0.5]
      [Update RS (ms): Min: 19.0, Avg: 19.2, Max: 19.6, Diff: 0.7, Sum: 153.5]
         [Processed Buffers: Min: 18, Avg: 19.4, Max: 22, Diff: 4, Sum: 155]
      [Scan RS (ms): Min: 20.3, Avg: 20.8, Max: 21.1, Diff: 0.8, Sum: 166.5]
      [Code Root Scanning (ms): Min: 0.0, Avg: 0.0, Max: 0.0, Diff: 0.0, Sum: 0.0]
      [Object Copy (ms): Min: 132.2, Avg: 132.3, Max: 132.4, Diff: 0.2, Sum: 1058.6]
      [Termination (ms): Min: 0.0, Avg: 0.0, Max: 0.0, Diff: 0.0, Sum: 0.2]
         [Termination Attempts: Min: 1, Avg: 204.8, Max: 249, Diff: 248, Sum: 1638]
      [GC Worker Other (ms): Min: 0.0, Avg: 0.0, Max: 0.1, Diff: 0.1, Sum: 0.4]
      [GC Worker Total (ms): Min: 172.4, Avg: 172.5, Max: 172.5, Diff: 0.2, Sum: 1379.7]
      [GC Worker End (ms): Min: 19443.6, Avg: 19443.6, Max: 19443.6, Diff: 0.1]
   [Code Root Fixup: 0.0 ms]
   [Code Root Purge: 0.0 ms]
   [Clear CT: 0.2 ms]
   [Other: 0.7 ms]
      [Choose CSet: 0.0 ms]
      [Ref Proc: 0.1 ms]
      [Ref Enq: 0.0 ms]
      [Redirty Cards: 0.2 ms]
      [Humongous Register: 0.0 ms]
      [Humongous Reclaim: 0.0 ms]
      [Free CSet: 0.2 ms]
   [Eden: 277.0M(277.0M)->0.0B(276.0M) Survivors: 42.0M->40.0M Heap: 1037.4M(2048.0M)->1039.9M(2048.0M)]
 [Times: user=1.38 sys=0.00, real=0.17 secs] 
2020-09-29T12:05:28.565+0200: 19.454: [GC pause (G1 Humongous Allocation) (young) (initial-mark), 0.0514087 secs]
   [Parallel Time: 50.5 ms, GC Workers: 8]
      [GC Worker Start (ms): Min: 19454.0, Avg: 19454.1, Max: 19454.1, Diff: 0.1]
      [Ext Root Scanning (ms): Min: 0.0, Avg: 0.1, Max: 0.1, Diff: 0.1, Sum: 0.7]
      [Update RS (ms): Min: 30.0, Avg: 30.2, Max: 30.3, Diff: 0.3, Sum: 241.4]
         [Processed Buffers: Min: 36, Avg: 37.8, Max: 40, Diff: 4, Sum: 302]
      [Scan RS (ms): Min: 2.7, Avg: 2.8, Max: 3.0, Diff: 0.4, Sum: 22.8]
      [Code Root Scanning (ms): Min: 0.0, Avg: 0.0, Max: 0.0, Diff: 0.0, Sum: 0.0]
      [Object Copy (ms): Min: 16.9, Avg: 17.2, Max: 17.3, Diff: 0.4, Sum: 137.4]
      [Termination (ms): Min: 0.0, Avg: 0.0, Max: 0.0, Diff: 0.0, Sum: 0.1]
         [Termination Attempts: Min: 1, Avg: 40.3, Max: 58, Diff: 57, Sum: 322]
      [GC Worker Other (ms): Min: 0.0, Avg: 0.0, Max: 0.0, Diff: 0.0, Sum: 0.1]
      [GC Worker Total (ms): Min: 50.3, Avg: 50.3, Max: 50.4, Diff: 0.1, Sum: 402.5]
      [GC Worker End (ms): Min: 19504.4, Avg: 19504.4, Max: 19504.4, Diff: 0.0]
   [Code Root Fixup: 0.0 ms]
   [Code Root Purge: 0.0 ms]
   [Clear CT: 0.2 ms]
   [Other: 0.7 ms]
      [Choose CSet: 0.0 ms]
      [Ref Proc: 0.2 ms]
      [Ref Enq: 0.0 ms]
      [Redirty Cards: 0.1 ms]
      [Humongous Register: 0.1 ms]
      [Humongous Reclaim: 0.0 ms]
      [Free CSet: 0.1 ms]
   [Eden: 4096.0K(276.0M)->0.0B(329.0M) Survivors: 40.0M->5120.0K Heap: 1043.4M(2048.0M)->1046.9M(2048.0M)]
 [Times: user=0.48 sys=0.02, real=0.05 secs] 
2020-09-29T12:05:28.616+0200: 19.505: [GC concurrent-root-region-scan-start]
2020-09-29T12:05:28.620+0200: 19.509: [GC concurrent-root-region-scan-end, 0.0036532 secs]
2020-09-29T12:05:28.620+0200: 19.509: [GC concurrent-mark-start]
2020-09-29T12:05:28.624+0200: 19.513: [GC concurrent-mark-end, 0.0042582 secs]
2020-09-29T12:05:28.624+0200: 19.513: [GC remark 2020-09-29T12:05:28.625+0200: 19.513: [Finalize Marking, 0.0001956 secs] 2020-09-29T12:05:28.625+0200: 19.514: [GC ref-proc, 0.0002717 secs] 2020-09-29T12:05:28.625+0200: 19.514: [Unloading, 0.0004102 secs], 0.0012263 secs]
 [Times: user=0.00 sys=0.00, real=0.00 secs] 
2020-09-29T12:05:28.626+0200: 19.515: [GC cleanup 1066M->33M(2048M), 0.0012522 secs]
 [Times: user=0.00 sys=0.00, real=0.00 secs] 
2020-09-29T12:05:28.627+0200: 19.516: [GC concurrent-cleanup-start]
2020-09-29T12:05:28.629+0200: 19.518: [GC concurrent-cleanup-end, 0.0014875 secs]
2020-09-29T12:05:28.795+0200: 19.684: [GC pause (G1 Evacuation Pause) (young), 0.1770527 secs]
   [Parallel Time: 176.1 ms, GC Workers: 8]
      [GC Worker Start (ms): Min: 19683.8, Avg: 19683.9, Max: 19684.0, Diff: 0.2]
      [Ext Root Scanning (ms): Min: 0.0, Avg: 0.0, Max: 0.1, Diff: 0.1, Sum: 0.4]
      [Update RS (ms): Min: 16.2, Avg: 16.6, Max: 16.9, Diff: 0.8, Sum: 132.7]
         [Processed Buffers: Min: 17, Avg: 17.9, Max: 19, Diff: 2, Sum: 143]
      [Scan RS (ms): Min: 21.1, Avg: 21.5, Max: 21.9, Diff: 0.8, Sum: 171.9]
      [Code Root Scanning (ms): Min: 0.0, Avg: 0.0, Max: 0.0, Diff: 0.0, Sum: 0.0]
      [Object Copy (ms): Min: 137.5, Avg: 137.5, Max: 137.8, Diff: 0.3, Sum: 1100.2]
      [Termination (ms): Min: 0.0, Avg: 0.2, Max: 0.3, Diff: 0.3, Sum: 1.7]
         [Termination Attempts: Min: 1, Avg: 1482.1, Max: 1863, Diff: 1862, Sum: 11857]
      [GC Worker Other (ms): Min: 0.0, Avg: 0.0, Max: 0.1, Diff: 0.0, Sum: 0.3]
      [GC Worker Total (ms): Min: 175.8, Avg: 175.9, Max: 176.0, Diff: 0.2, Sum: 1407.2]
      [GC Worker End (ms): Min: 19859.8, Avg: 19859.8, Max: 19859.8, Diff: 0.1]
   [Code Root Fixup: 0.0 ms]
   [Code Root Purge: 0.0 ms]
   [Clear CT: 0.1 ms]
   [Other: 0.8 ms]
      [Choose CSet: 0.0 ms]
      [Ref Proc: 0.2 ms]
      [Ref Enq: 0.0 ms]
      [Redirty Cards: 0.2 ms]
      [Humongous Register: 0.0 ms]
      [Humongous Reclaim: 0.0 ms]
      [Free CSet: 0.2 ms]
   [Eden: 329.0M(329.0M)->0.0B(291.0M) Survivors: 5120.0K->42.0M Heap: 398.3M(2048.0M)->395.3M(2048.0M)]
 [Times: user=1.34 sys=0.03, real=0.18 secs] 
2020-09-29T12:05:29.122+0200: 20.011: [GC pause (G1 Evacuation Pause) (young), 0.1807911 secs]
   [Parallel Time: 179.8 ms, GC Workers: 8]
      [GC Worker Start (ms): Min: 20011.3, Avg: 20011.5, Max: 20011.6, Diff: 0.2]
      [Ext Root Scanning (ms): Min: 0.0, Avg: 0.1, Max: 0.2, Diff: 0.2, Sum: 0.5]
      [Update RS (ms): Min: 22.5, Avg: 22.8, Max: 23.5, Diff: 1.0, Sum: 182.5]
         [Processed Buffers: Min: 20, Avg: 21.8, Max: 25, Diff: 5, Sum: 174]
      [Scan RS (ms): Min: 23.2, Avg: 23.9, Max: 24.4, Diff: 1.2, Sum: 191.4]
      [Code Root Scanning (ms): Min: 0.0, Avg: 0.0, Max: 0.0, Diff: 0.0, Sum: 0.0]
      [Object Copy (ms): Min: 132.5, Avg: 132.6, Max: 132.7, Diff: 0.2, Sum: 1061.1]
      [Termination (ms): Min: 0.0, Avg: 0.0, Max: 0.0, Diff: 0.0, Sum: 0.2]
         [Termination Attempts: Min: 1, Avg: 171.1, Max: 267, Diff: 266, Sum: 1369]
      [GC Worker Other (ms): Min: 0.0, Avg: 0.0, Max: 0.1, Diff: 0.1, Sum: 0.4]
      [GC Worker Total (ms): Min: 179.4, Avg: 179.5, Max: 179.6, Diff: 0.2, Sum: 1436.1]
      [GC Worker End (ms): Min: 20191.0, Avg: 20191.0, Max: 20191.0, Diff: 0.1]
   [Code Root Fixup: 0.0 ms]
   [Code Root Purge: 0.0 ms]
   [Clear CT: 0.1 ms]
   [Other: 0.9 ms]
      [Choose CSet: 0.0 ms]
      [Ref Proc: 0.1 ms]
      [Ref Enq: 0.0 ms]
      [Redirty Cards: 0.2 ms]
      [Humongous Register: 0.0 ms]
      [Humongous Reclaim: 0.0 ms]
      [Free CSet: 0.3 ms]
   [Eden: 291.0M(291.0M)->0.0B(277.0M) Survivors: 42.0M->42.0M Heap: 735.9M(2048.0M)->738.4M(2048.0M)]
 [Times: user=1.47 sys=0.03, real=0.18 secs] 
2020-09-29T12:05:29.456+0200: 20.345: [GC pause (G1 Evacuation Pause) (young), 0.1855273 secs]
   [Parallel Time: 184.6 ms, GC Workers: 8]
      [GC Worker Start (ms): Min: 20345.1, Avg: 20345.2, Max: 20345.3, Diff: 0.2]
      [Ext Root Scanning (ms): Min: 0.0, Avg: 0.1, Max: 0.2, Diff: 0.2, Sum: 0.4]
      [Update RS (ms): Min: 15.2, Avg: 15.4, Max: 15.7, Diff: 0.5, Sum: 123.1]
         [Processed Buffers: Min: 14, Avg: 15.8, Max: 18, Diff: 4, Sum: 126]
      [Scan RS (ms): Min: 24.7, Avg: 26.2, Max: 35.0, Diff: 10.3, Sum: 209.8]
      [Code Root Scanning (ms): Min: 0.0, Avg: 0.0, Max: 0.0, Diff: 0.0, Sum: 0.0]
      [Object Copy (ms): Min: 133.6, Avg: 142.6, Max: 143.9, Diff: 10.3, Sum: 1140.5]
      [Termination (ms): Min: 0.0, Avg: 0.1, Max: 0.1, Diff: 0.1, Sum: 0.7]
         [Termination Attempts: Min: 1, Avg: 617.6, Max: 745, Diff: 744, Sum: 4941]
      [GC Worker Other (ms): Min: 0.1, Avg: 0.1, Max: 0.1, Diff: 0.0, Sum: 0.6]
      [GC Worker Total (ms): Min: 184.3, Avg: 184.4, Max: 184.5, Diff: 0.2, Sum: 1475.1]
      [GC Worker End (ms): Min: 20529.6, Avg: 20529.6, Max: 20529.6, Diff: 0.0]
   [Code Root Fixup: 0.0 ms]
   [Code Root Purge: 0.0 ms]
   [Clear CT: 0.1 ms]
   [Other: 0.7 ms]
      [Choose CSet: 0.0 ms]
      [Ref Proc: 0.2 ms]
      [Ref Enq: 0.0 ms]
      [Redirty Cards: 0.2 ms]
      [Humongous Register: 0.0 ms]
      [Humongous Reclaim: 0.0 ms]
      [Free CSet: 0.2 ms]
   [Eden: 277.0M(277.0M)->0.0B(259.0M) Survivors: 42.0M->40.0M Heap: 1061.2M(2048.0M)->1062.7M(2048.0M)]
 [Times: user=1.36 sys=0.08, real=0.19 secs] 
2020-09-29T12:05:29.655+0200: 20.544: [GC pause (G1 Humongous Allocation) (young) (initial-mark), 0.0643422 secs]
   [Parallel Time: 63.5 ms, GC Workers: 8]
      [GC Worker Start (ms): Min: 20544.0, Avg: 20544.1, Max: 20544.2, Diff: 0.2]
      [Ext Root Scanning (ms): Min: 0.0, Avg: 6.2, Max: 30.3, Diff: 30.3, Sum: 49.5]
      [Update RS (ms): Min: 0.9, Avg: 25.3, Max: 31.6, Diff: 30.6, Sum: 202.7]
         [Processed Buffers: Min: 1, Avg: 32.1, Max: 42, Diff: 41, Sum: 257]
      [Scan RS (ms): Min: 3.2, Avg: 3.4, Max: 3.8, Diff: 0.7, Sum: 27.5]
      [Code Root Scanning (ms): Min: 0.0, Avg: 0.0, Max: 0.0, Diff: 0.0, Sum: 0.0]
      [Object Copy (ms): Min: 27.8, Avg: 28.1, Max: 28.4, Diff: 0.7, Sum: 224.9]
      [Termination (ms): Min: 0.0, Avg: 0.2, Max: 0.3, Diff: 0.3, Sum: 1.6]
         [Termination Attempts: Min: 1, Avg: 1202.3, Max: 1684, Diff: 1683, Sum: 9618]
      [GC Worker Other (ms): Min: 0.0, Avg: 0.0, Max: 0.0, Diff: 0.0, Sum: 0.1]
      [GC Worker Total (ms): Min: 63.2, Avg: 63.3, Max: 63.3, Diff: 0.2, Sum: 506.3]
      [GC Worker End (ms): Min: 20607.3, Avg: 20607.4, Max: 20607.4, Diff: 0.0]
   [Code Root Fixup: 0.0 ms]
   [Code Root Purge: 0.0 ms]
   [Clear CT: 0.2 ms]
   [Other: 0.7 ms]
      [Choose CSet: 0.0 ms]
      [Ref Proc: 0.2 ms]
      [Ref Enq: 0.0 ms]
      [Redirty Cards: 0.2 ms]
      [Humongous Register: 0.0 ms]
      [Humongous Reclaim: 0.0 ms]
      [Free CSet: 0.1 ms]
   [Eden: 8192.0K(259.0M)->0.0B(262.0M) Survivors: 40.0M->9216.0K Heap: 1070.2M(2048.0M)->1073.7M(2048.0M)]
 [Times: user=0.42 sys=0.00, real=0.06 secs] 
2020-09-29T12:05:29.719+0200: 20.608: [GC concurrent-root-region-scan-start]
2020-09-29T12:05:29.722+0200: 20.611: [GC concurrent-root-region-scan-end, 0.0022886 secs]
2020-09-29T12:05:29.722+0200: 20.611: [GC concurrent-mark-start]
2020-09-29T12:05:29.725+0200: 20.614: [GC concurrent-mark-end, 0.0029195 secs]
2020-09-29T12:05:29.725+0200: 20.614: [GC remark 2020-09-29T12:05:29.725+0200: 20.614: [Finalize Marking, 0.0002002 secs] 2020-09-29T12:05:29.725+0200: 20.614: [GC ref-proc, 0.0002805 secs] 2020-09-29T12:05:29.725+0200: 20.614: [Unloading, 0.0004379 secs], 0.0012541 secs]
 [Times: user=0.00 sys=0.00, real=0.00 secs] 
2020-09-29T12:05:29.726+0200: 20.615: [GC cleanup 1084M->28M(2048M), 0.0013552 secs]
 [Times: user=0.00 sys=0.00, real=0.00 secs] 
2020-09-29T12:05:29.728+0200: 20.617: [GC concurrent-cleanup-start]
2020-09-29T12:05:29.729+0200: 20.618: [GC concurrent-cleanup-end, 0.0013860 secs]
2020-09-29T12:05:29.868+0200: 20.757: [GC pause (G1 Evacuation Pause) (young), 0.1469522 secs]
   [Parallel Time: 146.1 ms, GC Workers: 8]
      [GC Worker Start (ms): Min: 20757.5, Avg: 20757.6, Max: 20757.6, Diff: 0.2]
      [Ext Root Scanning (ms): Min: 0.0, Avg: 0.1, Max: 0.2, Diff: 0.2, Sum: 0.5]
      [Update RS (ms): Min: 12.9, Avg: 13.3, Max: 13.9, Diff: 1.1, Sum: 106.7]
         [Processed Buffers: Min: 14, Avg: 14.5, Max: 16, Diff: 2, Sum: 116]
      [Scan RS (ms): Min: 17.1, Avg: 17.9, Max: 18.9, Diff: 1.8, Sum: 143.3]
      [Code Root Scanning (ms): Min: 0.0, Avg: 0.0, Max: 0.0, Diff: 0.0, Sum: 0.0]
      [Object Copy (ms): Min: 113.7, Avg: 114.4, Max: 114.6, Diff: 1.0, Sum: 915.5]
      [Termination (ms): Min: 0.0, Avg: 0.0, Max: 0.0, Diff: 0.0, Sum: 0.2]
         [Termination Attempts: Min: 1, Avg: 156.4, Max: 203, Diff: 202, Sum: 1251]
      [GC Worker Other (ms): Min: 0.0, Avg: 0.0, Max: 0.1, Diff: 0.1, Sum: 0.4]
      [GC Worker Total (ms): Min: 145.7, Avg: 145.8, Max: 145.9, Diff: 0.2, Sum: 1166.5]
      [GC Worker End (ms): Min: 20903.3, Avg: 20903.4, Max: 20903.4, Diff: 0.1]
   [Code Root Fixup: 0.0 ms]
   [Code Root Purge: 0.0 ms]
   [Clear CT: 0.1 ms]
   [Other: 0.7 ms]
      [Choose CSet: 0.0 ms]
      [Ref Proc: 0.2 ms]
      [Ref Enq: 0.0 ms]
      [Redirty Cards: 0.2 ms]
      [Humongous Register: 0.0 ms]
      [Humongous Reclaim: 0.0 ms]
      [Free CSet: 0.1 ms]
   [Eden: 262.0M(262.0M)->0.0B(255.0M) Survivors: 9216.0K->34.0M Heap: 323.4M(2048.0M)->316.9M(2048.0M)]
 [Times: user=1.05 sys=0.06, real=0.15 secs] 
2020-09-29T12:05:30.157+0200: 21.046: [GC pause (G1 Evacuation Pause) (young), 0.1689758 secs]
   [Parallel Time: 168.0 ms, GC Workers: 8]
      [GC Worker Start (ms): Min: 21046.5, Avg: 21046.6, Max: 21046.7, Diff: 0.2]
      [Ext Root Scanning (ms): Min: 0.0, Avg: 0.1, Max: 0.2, Diff: 0.2, Sum: 0.5]
      [Update RS (ms): Min: 21.2, Avg: 21.4, Max: 21.7, Diff: 0.5, Sum: 171.1]
         [Processed Buffers: Min: 18, Avg: 19.9, Max: 23, Diff: 5, Sum: 159]
      [Scan RS (ms): Min: 20.5, Avg: 20.9, Max: 21.6, Diff: 1.2, Sum: 167.3]
      [Code Root Scanning (ms): Min: 0.0, Avg: 0.0, Max: 0.0, Diff: 0.0, Sum: 0.0]
      [Object Copy (ms): Min: 124.6, Avg: 125.2, Max: 125.4, Diff: 0.8, Sum: 1001.7]
      [Termination (ms): Min: 0.0, Avg: 0.0, Max: 0.1, Diff: 0.1, Sum: 0.3]
         [Termination Attempts: Min: 1, Avg: 256.0, Max: 312, Diff: 311, Sum: 2048]
      [GC Worker Other (ms): Min: 0.0, Avg: 0.1, Max: 0.1, Diff: 0.1, Sum: 0.6]
      [GC Worker Total (ms): Min: 167.6, Avg: 167.7, Max: 167.8, Diff: 0.2, Sum: 1341.6]
      [GC Worker End (ms): Min: 21214.3, Avg: 21214.3, Max: 21214.4, Diff: 0.1]
   [Code Root Fixup: 0.0 ms]
   [Code Root Purge: 0.0 ms]
   [Clear CT: 0.2 ms]
   [Other: 0.8 ms]
      [Choose CSet: 0.0 ms]
      [Ref Proc: 0.1 ms]
      [Ref Enq: 0.0 ms]
      [Redirty Cards: 0.2 ms]
      [Humongous Register: 0.0 ms]
      [Humongous Reclaim: 0.0 ms]
      [Free CSet: 0.2 ms]
   [Eden: 255.0M(255.0M)->0.0B(249.0M) Survivors: 34.0M->37.0M Heap: 615.7M(2048.0M)->617.7M(2048.0M)]
 [Times: user=1.33 sys=0.03, real=0.17 secs] 
2020-09-29T12:05:30.460+0200: 21.349: [GC pause (G1 Evacuation Pause) (young), 0.1565836 secs]
   [Parallel Time: 155.5 ms, GC Workers: 8]
      [GC Worker Start (ms): Min: 21349.0, Avg: 21349.1, Max: 21349.2, Diff: 0.2]
      [Ext Root Scanning (ms): Min: 0.0, Avg: 0.1, Max: 0.1, Diff: 0.1, Sum: 0.5]
      [Update RS (ms): Min: 13.4, Avg: 14.4, Max: 18.4, Diff: 5.0, Sum: 115.1]
         [Processed Buffers: Min: 11, Avg: 14.1, Max: 16, Diff: 5, Sum: 113]
      [Scan RS (ms): Min: 15.1, Avg: 19.1, Max: 20.1, Diff: 5.0, Sum: 152.6]
      [Code Root Scanning (ms): Min: 0.0, Avg: 0.0, Max: 0.0, Diff: 0.0, Sum: 0.0]
      [Object Copy (ms): Min: 121.4, Avg: 121.5, Max: 121.8, Diff: 0.4, Sum: 972.2]
      [Termination (ms): Min: 0.0, Avg: 0.2, Max: 0.2, Diff: 0.2, Sum: 1.3]
         [Termination Attempts: Min: 1, Avg: 1214.6, Max: 1470, Diff: 1469, Sum: 9717]
      [GC Worker Other (ms): Min: 0.0, Avg: 0.0, Max: 0.1, Diff: 0.1, Sum: 0.3]
      [GC Worker Total (ms): Min: 155.2, Avg: 155.3, Max: 155.3, Diff: 0.1, Sum: 1242.1]
      [GC Worker End (ms): Min: 21504.3, Avg: 21504.3, Max: 21504.4, Diff: 0.1]
   [Code Root Fixup: 0.0 ms]
   [Code Root Purge: 0.0 ms]
   [Clear CT: 0.2 ms]
   [Other: 0.9 ms]
      [Choose CSet: 0.0 ms]
      [Ref Proc: 0.2 ms]
      [Ref Enq: 0.0 ms]
      [Redirty Cards: 0.2 ms]
      [Humongous Register: 0.0 ms]
      [Humongous Reclaim: 0.0 ms]
      [Free CSet: 0.3 ms]
   [Eden: 249.0M(249.0M)->0.0B(257.0M) Survivors: 37.0M->36.0M Heap: 906.8M(2048.0M)->908.3M(2048.0M)]
 [Times: user=1.19 sys=0.05, real=0.16 secs] 
2020-09-29T12:05:30.757+0200: 21.646: [GC pause (G1 Humongous Allocation) (young) (initial-mark), 0.1577780 secs]
   [Parallel Time: 157.0 ms, GC Workers: 8]
      [GC Worker Start (ms): Min: 21645.7, Avg: 21645.7, Max: 21645.8, Diff: 0.1]
      [Ext Root Scanning (ms): Min: 0.0, Avg: 0.1, Max: 0.1, Diff: 0.1, Sum: 0.7]
      [Update RS (ms): Min: 16.0, Avg: 16.4, Max: 16.7, Diff: 0.7, Sum: 131.1]
         [Processed Buffers: Min: 15, Avg: 15.6, Max: 16, Diff: 1, Sum: 125]
      [Scan RS (ms): Min: 18.8, Avg: 19.1, Max: 19.4, Diff: 0.6, Sum: 152.5]
      [Code Root Scanning (ms): Min: 0.0, Avg: 0.0, Max: 0.0, Diff: 0.0, Sum: 0.0]
      [Object Copy (ms): Min: 121.0, Avg: 121.1, Max: 121.2, Diff: 0.2, Sum: 968.7]
      [Termination (ms): Min: 0.0, Avg: 0.1, Max: 0.2, Diff: 0.2, Sum: 1.2]
         [Termination Attempts: Min: 1, Avg: 1110.8, Max: 1364, Diff: 1363, Sum: 8886]
      [GC Worker Other (ms): Min: 0.0, Avg: 0.0, Max: 0.1, Diff: 0.0, Sum: 0.3]
      [GC Worker Total (ms): Min: 156.8, Avg: 156.8, Max: 156.9, Diff: 0.1, Sum: 1254.5]
      [GC Worker End (ms): Min: 21802.5, Avg: 21802.5, Max: 21802.6, Diff: 0.1]
   [Code Root Fixup: 0.0 ms]
   [Code Root Purge: 0.0 ms]
   [Clear CT: 0.1 ms]
   [Other: 0.7 ms]
      [Choose CSet: 0.0 ms]
      [Ref Proc: 0.1 ms]
      [Ref Enq: 0.0 ms]
      [Redirty Cards: 0.2 ms]
      [Humongous Register: 0.0 ms]
      [Humongous Reclaim: 0.0 ms]
      [Free CSet: 0.1 ms]
   [Eden: 242.0M(257.0M)->0.0B(264.0M) Survivors: 36.0M->37.0M Heap: 1189.8M(2048.0M)->1191.3M(2048.0M)]
 [Times: user=1.11 sys=0.13, real=0.16 secs] 
2020-09-29T12:05:30.915+0200: 21.803: [GC concurrent-root-region-scan-start]
2020-09-29T12:05:30.927+0200: 21.816: [GC concurrent-root-region-scan-end, 0.0123561 secs]
2020-09-29T12:05:30.927+0200: 21.816: [GC concurrent-mark-start]
2020-09-29T12:05:30.930+0200: 21.819: [GC concurrent-mark-end, 0.0032979 secs]
2020-09-29T12:05:30.930+0200: 21.819: [GC remark 2020-09-29T12:05:30.930+0200: 21.819: [Finalize Marking, 0.0001727 secs] 2020-09-29T12:05:30.931+0200: 21.820: [GC ref-proc, 0.0002564 secs] 2020-09-29T12:05:30.931+0200: 21.820: [Unloading, 0.0003690 secs], 0.0010674 secs]
 [Times: user=0.00 sys=0.00, real=0.00 secs] 
2020-09-29T12:05:30.932+0200: 21.821: [GC cleanup 1202M->56M(2048M), 0.0010556 secs]
 [Times: user=0.00 sys=0.00, real=0.00 secs] 
2020-09-29T12:05:30.933+0200: 21.822: [GC concurrent-cleanup-start]
2020-09-29T12:05:30.934+0200: 21.823: [GC concurrent-cleanup-end, 0.0015529 secs]
2020-09-29T12:05:31.070+0200: 21.958: [GC pause (G1 Evacuation Pause) (young), 0.1490689 secs]
   [Parallel Time: 148.0 ms, GC Workers: 8]
      [GC Worker Start (ms): Min: 21958.4, Avg: 21958.5, Max: 21958.6, Diff: 0.2]
      [Ext Root Scanning (ms): Min: 0.0, Avg: 0.1, Max: 0.2, Diff: 0.2, Sum: 0.5]
      [Update RS (ms): Min: 18.1, Avg: 18.4, Max: 18.9, Diff: 0.8, Sum: 147.2]
         [Processed Buffers: Min: 16, Avg: 17.8, Max: 19, Diff: 3, Sum: 142]
      [Scan RS (ms): Min: 18.9, Avg: 19.3, Max: 19.6, Diff: 0.7, Sum: 154.6]
      [Code Root Scanning (ms): Min: 0.0, Avg: 0.0, Max: 0.0, Diff: 0.0, Sum: 0.0]
      [Object Copy (ms): Min: 109.7, Avg: 109.8, Max: 109.9, Diff: 0.2, Sum: 878.2]
      [Termination (ms): Min: 0.0, Avg: 0.1, Max: 0.1, Diff: 0.1, Sum: 0.5]
         [Termination Attempts: Min: 1, Avg: 466.5, Max: 594, Diff: 593, Sum: 3732]
      [GC Worker Other (ms): Min: 0.0, Avg: 0.0, Max: 0.1, Diff: 0.1, Sum: 0.3]
      [GC Worker Total (ms): Min: 147.6, Avg: 147.7, Max: 147.8, Diff: 0.2, Sum: 1181.3]
      [GC Worker End (ms): Min: 22106.1, Avg: 22106.2, Max: 22106.2, Diff: 0.1]
   [Code Root Fixup: 0.0 ms]
   [Code Root Purge: 0.0 ms]
   [Clear CT: 0.1 ms]
   [Other: 1.0 ms]
      [Choose CSet: 0.0 ms]
      [Ref Proc: 0.2 ms]
      [Ref Enq: 0.0 ms]
      [Redirty Cards: 0.2 ms]
      [Humongous Register: 0.0 ms]
      [Humongous Reclaim: 0.0 ms]
      [Free CSet: 0.3 ms]
   [Eden: 264.0M(264.0M)->0.0B(276.0M) Survivors: 37.0M->38.0M Heap: 355.8M(2048.0M)->321.3M(2048.0M)]
 [Times: user=1.09 sys=0.03, real=0.15 secs] 
2020-09-29T12:05:31.361+0200: 22.250: [GC pause (G1 Evacuation Pause) (young), 0.1707894 secs]
   [Parallel Time: 169.8 ms, GC Workers: 8]
      [GC Worker Start (ms): Min: 22250.2, Avg: 22250.3, Max: 22250.4, Diff: 0.1]
      [Ext Root Scanning (ms): Min: 0.0, Avg: 0.1, Max: 0.2, Diff: 0.1, Sum: 0.6]
      [Update RS (ms): Min: 19.9, Avg: 20.0, Max: 20.2, Diff: 0.3, Sum: 160.3]
         [Processed Buffers: Min: 18, Avg: 20.3, Max: 23, Diff: 5, Sum: 162]
      [Scan RS (ms): Min: 20.3, Avg: 20.5, Max: 20.6, Diff: 0.3, Sum: 163.8]
      [Code Root Scanning (ms): Min: 0.0, Avg: 0.0, Max: 0.0, Diff: 0.0, Sum: 0.0]
      [Object Copy (ms): Min: 128.7, Avg: 128.9, Max: 128.9, Diff: 0.2, Sum: 1031.1]
      [Termination (ms): Min: 0.0, Avg: 0.0, Max: 0.0, Diff: 0.0, Sum: 0.0]
         [Termination Attempts: Min: 1, Avg: 13.0, Max: 22, Diff: 21, Sum: 104]
      [GC Worker Other (ms): Min: 0.0, Avg: 0.1, Max: 0.1, Diff: 0.1, Sum: 0.4]
      [GC Worker Total (ms): Min: 169.5, Avg: 169.5, Max: 169.6, Diff: 0.2, Sum: 1356.3]
      [GC Worker End (ms): Min: 22419.8, Avg: 22419.9, Max: 22419.9, Diff: 0.1]
   [Code Root Fixup: 0.0 ms]
   [Code Root Purge: 0.0 ms]
   [Clear CT: 0.2 ms]
   [Other: 0.8 ms]
      [Choose CSet: 0.0 ms]
      [Ref Proc: 0.1 ms]
      [Ref Enq: 0.0 ms]
      [Redirty Cards: 0.2 ms]
      [Humongous Register: 0.0 ms]
      [Humongous Reclaim: 0.0 ms]
      [Free CSet: 0.2 ms]
   [Eden: 276.0M(276.0M)->0.0B(277.0M) Survivors: 38.0M->40.0M Heap: 643.1M(2048.0M)->644.6M(2048.0M)]
 [Times: user=1.30 sys=0.05, real=0.17 secs] 
2020-09-29T12:05:31.691+0200: 22.580: [GC pause (G1 Evacuation Pause) (young), 0.1684969 secs]
   [Parallel Time: 167.4 ms, GC Workers: 8]
      [GC Worker Start (ms): Min: 22579.9, Avg: 22580.1, Max: 22580.1, Diff: 0.2]
      [Ext Root Scanning (ms): Min: 0.0, Avg: 0.1, Max: 0.2, Diff: 0.2, Sum: 0.4]
      [Update RS (ms): Min: 18.7, Avg: 19.0, Max: 19.7, Diff: 0.9, Sum: 152.2]
         [Processed Buffers: Min: 19, Avg: 20.9, Max: 24, Diff: 5, Sum: 167]
      [Scan RS (ms): Min: 18.8, Avg: 19.5, Max: 19.9, Diff: 1.0, Sum: 155.9]
      [Code Root Scanning (ms): Min: 0.0, Avg: 0.0, Max: 0.0, Diff: 0.0, Sum: 0.0]
      [Object Copy (ms): Min: 128.2, Avg: 128.4, Max: 128.5, Diff: 0.3, Sum: 1027.1]
      [Termination (ms): Min: 0.0, Avg: 0.1, Max: 0.2, Diff: 0.2, Sum: 0.8]
         [Termination Attempts: Min: 1, Avg: 675.8, Max: 1005, Diff: 1004, Sum: 5406]
      [GC Worker Other (ms): Min: 0.0, Avg: 0.1, Max: 0.1, Diff: 0.1, Sum: 0.7]
      [GC Worker Total (ms): Min: 167.0, Avg: 167.1, Max: 167.3, Diff: 0.3, Sum: 1337.1]
      [GC Worker End (ms): Min: 22747.1, Avg: 22747.2, Max: 22747.2, Diff: 0.1]
   [Code Root Fixup: 0.0 ms]
   [Code Root Purge: 0.0 ms]
   [Clear CT: 0.2 ms]
   [Other: 0.9 ms]
      [Choose CSet: 0.0 ms]
      [Ref Proc: 0.2 ms]
      [Ref Enq: 0.0 ms]
      [Redirty Cards: 0.2 ms]
      [Humongous Register: 0.0 ms]
      [Humongous Reclaim: 0.0 ms]
      [Free CSet: 0.2 ms]
   [Eden: 277.0M(277.0M)->0.0B(282.0M) Survivors: 40.0M->40.0M Heap: 967.3M(2048.0M)->968.8M(2048.0M)]
 [Times: user=1.30 sys=0.08, real=0.17 secs] 
2020-09-29T12:05:31.879+0200: 22.768: [GC pause (G1 Humongous Allocation) (young) (initial-mark), 0.0471718 secs]
   [Parallel Time: 46.4 ms, GC Workers: 8]
      [GC Worker Start (ms): Min: 22768.1, Avg: 22768.1, Max: 22768.2, Diff: 0.1]
      [Ext Root Scanning (ms): Min: 0.1, Avg: 0.1, Max: 0.2, Diff: 0.1, Sum: 1.1]
      [Update RS (ms): Min: 24.3, Avg: 24.6, Max: 24.8, Diff: 0.5, Sum: 196.4]
         [Processed Buffers: Min: 27, Avg: 28.6, Max: 30, Diff: 3, Sum: 229]
      [Scan RS (ms): Min: 2.8, Avg: 3.0, Max: 3.3, Diff: 0.5, Sum: 23.9]
      [Code Root Scanning (ms): Min: 0.0, Avg: 0.0, Max: 0.0, Diff: 0.0, Sum: 0.0]
      [Object Copy (ms): Min: 18.5, Avg: 18.6, Max: 18.6, Diff: 0.1, Sum: 148.8]
      [Termination (ms): Min: 0.0, Avg: 0.0, Max: 0.0, Diff: 0.0, Sum: 0.0]
         [Termination Attempts: Min: 1, Avg: 19.4, Max: 26, Diff: 25, Sum: 155]
      [GC Worker Other (ms): Min: 0.0, Avg: 0.0, Max: 0.0, Diff: 0.0, Sum: 0.1]
      [GC Worker Total (ms): Min: 46.3, Avg: 46.3, Max: 46.4, Diff: 0.1, Sum: 370.5]
      [GC Worker End (ms): Min: 22814.4, Avg: 22814.4, Max: 22814.4, Diff: 0.0]
   [Code Root Fixup: 0.0 ms]
   [Code Root Purge: 0.0 ms]
   [Clear CT: 0.2 ms]
   [Other: 0.6 ms]
      [Choose CSet: 0.0 ms]
      [Ref Proc: 0.2 ms]
      [Ref Enq: 0.0 ms]
      [Redirty Cards: 0.1 ms]
      [Humongous Register: 0.0 ms]
      [Humongous Reclaim: 0.0 ms]
      [Free CSet: 0.0 ms]
   [Eden: 8192.0K(282.0M)->0.0B(333.0M) Survivors: 40.0M->9216.0K Heap: 976.3M(2048.0M)->979.3M(2048.0M)]
 [Times: user=0.38 sys=0.00, real=0.05 secs] 
2020-09-29T12:05:31.926+0200: 22.815: [GC concurrent-root-region-scan-start]
2020-09-29T12:05:31.928+0200: 22.817: [GC concurrent-root-region-scan-end, 0.0013480 secs]
2020-09-29T12:05:31.928+0200: 22.817: [GC concurrent-mark-start]
2020-09-29T12:05:31.930+0200: 22.819: [GC concurrent-mark-end, 0.0020684 secs]
2020-09-29T12:05:31.930+0200: 22.819: [GC remark 2020-09-29T12:05:31.930+0200: 22.819: [Finalize Marking, 0.0001125 secs] 2020-09-29T12:05:31.930+0200: 22.819: [GC ref-proc, 0.0002560 secs] 2020-09-29T12:05:31.930+0200: 22.819: [Unloading, 0.0004028 secs], 0.0010527 secs]
 [Times: user=0.00 sys=0.00, real=0.00 secs] 
2020-09-29T12:05:31.931+0200: 22.820: [GC cleanup 989M->27M(2048M), 0.0010430 secs]
 [Times: user=0.00 sys=0.00, real=0.00 secs] 
2020-09-29T12:05:31.932+0200: 22.821: [GC concurrent-cleanup-start]
2020-09-29T12:05:31.933+0200: 22.822: [GC concurrent-cleanup-end, 0.0010029 secs]
2020-09-29T12:05:32.105+0200: 22.994: [GC pause (G1 Evacuation Pause) (young), 0.1811460 secs]
   [Parallel Time: 180.2 ms, GC Workers: 8]
      [GC Worker Start (ms): Min: 22994.0, Avg: 22994.1, Max: 22994.2, Diff: 0.1]
      [Ext Root Scanning (ms): Min: 0.0, Avg: 0.1, Max: 0.2, Diff: 0.1, Sum: 0.6]
      [Update RS (ms): Min: 18.9, Avg: 19.2, Max: 20.0, Diff: 1.0, Sum: 153.8]
         [Processed Buffers: Min: 17, Avg: 18.8, Max: 21, Diff: 4, Sum: 150]
      [Scan RS (ms): Min: 24.8, Avg: 25.4, Max: 25.7, Diff: 1.0, Sum: 203.2]
      [Code Root Scanning (ms): Min: 0.0, Avg: 0.0, Max: 0.0, Diff: 0.0, Sum: 0.0]
      [Object Copy (ms): Min: 135.1, Avg: 135.1, Max: 135.2, Diff: 0.1, Sum: 1081.2]
      [Termination (ms): Min: 0.0, Avg: 0.0, Max: 0.0, Diff: 0.0, Sum: 0.0]
         [Termination Attempts: Min: 1, Avg: 12.9, Max: 20, Diff: 19, Sum: 103]
      [GC Worker Other (ms): Min: 0.0, Avg: 0.1, Max: 0.1, Diff: 0.1, Sum: 0.5]
      [GC Worker Total (ms): Min: 179.8, Avg: 179.9, Max: 180.1, Diff: 0.2, Sum: 1439.4]
      [GC Worker End (ms): Min: 23174.0, Avg: 23174.0, Max: 23174.1, Diff: 0.1]
   [Code Root Fixup: 0.0 ms]
   [Code Root Purge: 0.0 ms]
   [Clear CT: 0.2 ms]
   [Other: 0.8 ms]
      [Choose CSet: 0.0 ms]
      [Ref Proc: 0.2 ms]
      [Ref Enq: 0.0 ms]
      [Redirty Cards: 0.2 ms]
      [Humongous Register: 0.0 ms]
      [Humongous Reclaim: 0.0 ms]
      [Free CSet: 0.2 ms]
   [Eden: 333.0M(333.0M)->0.0B(291.0M) Survivors: 9216.0K->43.0M Heap: 408.2M(2048.0M)->401.7M(2048.0M)]
 [Times: user=1.28 sys=0.11, real=0.18 secs] 
2020-09-29T12:05:32.433+0200: 23.322: [GC pause (G1 Evacuation Pause) (young), 0.2281048 secs]
   [Parallel Time: 226.7 ms, GC Workers: 8]
      [GC Worker Start (ms): Min: 23322.2, Avg: 23322.3, Max: 23322.4, Diff: 0.2]
      [Ext Root Scanning (ms): Min: 0.0, Avg: 0.1, Max: 0.2, Diff: 0.2, Sum: 0.4]
      [Update RS (ms): Min: 24.6, Avg: 24.9, Max: 25.2, Diff: 0.6, Sum: 198.9]
         [Processed Buffers: Min: 22, Avg: 23.5, Max: 27, Diff: 5, Sum: 188]
      [Scan RS (ms): Min: 22.2, Avg: 22.6, Max: 23.0, Diff: 0.7, Sum: 180.5]
      [Code Root Scanning (ms): Min: 0.0, Avg: 0.0, Max: 0.0, Diff: 0.0, Sum: 0.0]
      [Object Copy (ms): Min: 177.8, Avg: 178.1, Max: 178.9, Diff: 1.2, Sum: 1424.7]
      [Termination (ms): Min: 0.0, Avg: 0.8, Max: 1.0, Diff: 0.9, Sum: 6.5]
         [Termination Attempts: Min: 1, Avg: 5241.0, Max: 6392, Diff: 6391, Sum: 41928]
      [GC Worker Other (ms): Min: 0.0, Avg: 0.0, Max: 0.1, Diff: 0.1, Sum: 0.3]
      [GC Worker Total (ms): Min: 226.3, Avg: 226.4, Max: 226.6, Diff: 0.3, Sum: 1811.3]
      [GC Worker End (ms): Min: 23548.7, Avg: 23548.7, Max: 23548.7, Diff: 0.1]
   [Code Root Fixup: 0.0 ms]
   [Code Root Purge: 0.0 ms]
   [Clear CT: 0.4 ms]
   [Other: 0.9 ms]
      [Choose CSet: 0.0 ms]
      [Ref Proc: 0.3 ms]
      [Ref Enq: 0.0 ms]
      [Redirty Cards: 0.2 ms]
      [Humongous Register: 0.0 ms]
      [Humongous Reclaim: 0.0 ms]
      [Free CSet: 0.2 ms]
   [Eden: 291.0M(291.0M)->0.0B(241.0M) Survivors: 43.0M->42.0M Heap: 740.4M(2048.0M)->742.9M(2048.0M)]
 [Times: user=1.59 sys=0.03, real=0.23 secs] 
2020-09-29T12:05:32.800+0200: 23.689: [GC pause (G1 Evacuation Pause) (young), 0.1553914 secs]
   [Parallel Time: 154.5 ms, GC Workers: 8]
      [GC Worker Start (ms): Min: 23689.0, Avg: 23689.0, Max: 23689.1, Diff: 0.1]
      [Ext Root Scanning (ms): Min: 0.0, Avg: 0.1, Max: 0.1, Diff: 0.1, Sum: 0.6]
      [Update RS (ms): Min: 15.6, Avg: 15.8, Max: 16.4, Diff: 0.8, Sum: 126.4]
         [Processed Buffers: Min: 15, Avg: 16.6, Max: 18, Diff: 3, Sum: 133]
      [Scan RS (ms): Min: 18.6, Avg: 19.2, Max: 19.5, Diff: 0.9, Sum: 154.0]
      [Code Root Scanning (ms): Min: 0.0, Avg: 0.0, Max: 0.0, Diff: 0.0, Sum: 0.0]
      [Object Copy (ms): Min: 119.1, Avg: 119.2, Max: 119.3, Diff: 0.2, Sum: 953.8]
      [Termination (ms): Min: 0.0, Avg: 0.0, Max: 0.0, Diff: 0.0, Sum: 0.3]
         [Termination Attempts: Min: 1, Avg: 241.4, Max: 294, Diff: 293, Sum: 1931]
      [GC Worker Other (ms): Min: 0.0, Avg: 0.0, Max: 0.1, Diff: 0.1, Sum: 0.3]
      [GC Worker Total (ms): Min: 154.4, Avg: 154.4, Max: 154.5, Diff: 0.1, Sum: 1235.4]
      [GC Worker End (ms): Min: 23843.4, Avg: 23843.5, Max: 23843.5, Diff: 0.1]
   [Code Root Fixup: 0.0 ms]
   [Code Root Purge: 0.0 ms]
   [Clear CT: 0.1 ms]
   [Other: 0.7 ms]
      [Choose CSet: 0.0 ms]
      [Ref Proc: 0.2 ms]
      [Ref Enq: 0.0 ms]
      [Redirty Cards: 0.2 ms]
      [Humongous Register: 0.0 ms]
      [Humongous Reclaim: 0.0 ms]
      [Free CSet: 0.1 ms]
   [Eden: 241.0M(241.0M)->0.0B(256.0M) Survivors: 42.0M->36.0M Heap: 1024.0M(2048.0M)->1026.0M(2048.0M)]
 [Times: user=1.14 sys=0.09, real=0.15 secs] 
2020-09-29T12:05:32.960+0200: 23.850: [GC pause (G1 Humongous Allocation) (young) (initial-mark), 0.0523589 secs]
   [Parallel Time: 51.7 ms, GC Workers: 8]
      [GC Worker Start (ms): Min: 23849.6, Avg: 23849.7, Max: 23849.7, Diff: 0.1]
      [Ext Root Scanning (ms): Min: 0.0, Avg: 0.1, Max: 0.1, Diff: 0.1, Sum: 0.6]
      [Update RS (ms): Min: 32.0, Avg: 32.1, Max: 32.3, Diff: 0.4, Sum: 257.0]
         [Processed Buffers: Min: 38, Avg: 40.1, Max: 42, Diff: 4, Sum: 321]
      [Scan RS (ms): Min: 1.9, Avg: 2.1, Max: 2.3, Diff: 0.3, Sum: 16.9]
      [Code Root Scanning (ms): Min: 0.0, Avg: 0.0, Max: 0.0, Diff: 0.0, Sum: 0.0]
      [Object Copy (ms): Min: 17.2, Avg: 17.2, Max: 17.3, Diff: 0.1, Sum: 137.6]
      [Termination (ms): Min: 0.0, Avg: 0.0, Max: 0.0, Diff: 0.0, Sum: 0.2]
         [Termination Attempts: Min: 1, Avg: 183.9, Max: 252, Diff: 251, Sum: 1471]
      [GC Worker Other (ms): Min: 0.0, Avg: 0.0, Max: 0.0, Diff: 0.0, Sum: 0.1]
      [GC Worker Total (ms): Min: 51.5, Avg: 51.6, Max: 51.6, Diff: 0.1, Sum: 412.5]
      [GC Worker End (ms): Min: 23901.2, Avg: 23901.2, Max: 23901.2, Diff: 0.0]
   [Code Root Fixup: 0.0 ms]
   [Code Root Purge: 0.0 ms]
   [Clear CT: 0.1 ms]
   [Other: 0.5 ms]
      [Choose CSet: 0.0 ms]
      [Ref Proc: 0.2 ms]
      [Ref Enq: 0.0 ms]
      [Redirty Cards: 0.1 ms]
      [Humongous Register: 0.0 ms]
      [Humongous Reclaim: 0.0 ms]
      [Free CSet: 0.0 ms]
   [Eden: 5120.0K(256.0M)->0.0B(300.0M) Survivors: 36.0M->7168.0K Heap: 1031.0M(2048.0M)->1034.0M(2048.0M)]
 [Times: user=0.38 sys=0.00, real=0.05 secs] 
2020-09-29T12:05:33.013+0200: 23.902: [GC concurrent-root-region-scan-start]
2020-09-29T12:05:33.014+0200: 23.903: [GC concurrent-root-region-scan-end, 0.0010098 secs]
2020-09-29T12:05:33.014+0200: 23.903: [GC concurrent-mark-start]
2020-09-29T12:05:33.016+0200: 23.905: [GC concurrent-mark-end, 0.0021834 secs]
2020-09-29T12:05:33.016+0200: 23.906: [GC remark 2020-09-29T12:05:33.016+0200: 23.906: [Finalize Marking, 0.0001707 secs] 2020-09-29T12:05:33.016+0200: 23.906: [GC ref-proc, 0.0002609 secs] 2020-09-29T12:05:33.017+0200: 23.906: [Unloading, 0.0003918 secs], 0.0011414 secs]
 [Times: user=0.00 sys=0.00, real=0.00 secs] 
2020-09-29T12:05:33.018+0200: 23.907: [GC cleanup 1043M->25M(2048M), 0.0012404 secs]
 [Times: user=0.00 sys=0.00, real=0.00 secs] 
2020-09-29T12:05:33.019+0200: 23.908: [GC concurrent-cleanup-start]
2020-09-29T12:05:33.020+0200: 23.910: [GC concurrent-cleanup-end, 0.0012020 secs]
2020-09-29T12:05:33.178+0200: 24.067: [GC pause (G1 Evacuation Pause) (young), 0.1713018 secs]
   [Parallel Time: 170.4 ms, GC Workers: 8]
      [GC Worker Start (ms): Min: 24067.3, Avg: 24067.4, Max: 24067.5, Diff: 0.2]
      [Ext Root Scanning (ms): Min: 0.0, Avg: 0.1, Max: 0.2, Diff: 0.2, Sum: 0.5]
      [Update RS (ms): Min: 17.9, Avg: 18.7, Max: 23.1, Diff: 5.2, Sum: 149.7]
         [Processed Buffers: Min: 0, Avg: 16.5, Max: 21, Diff: 21, Sum: 132]
      [Scan RS (ms): Min: 15.8, Avg: 20.2, Max: 21.0, Diff: 5.2, Sum: 161.5]
      [Code Root Scanning (ms): Min: 0.0, Avg: 0.0, Max: 0.0, Diff: 0.0, Sum: 0.0]
      [Object Copy (ms): Min: 131.0, Avg: 131.0, Max: 131.3, Diff: 0.3, Sum: 1048.2]
      [Termination (ms): Min: 0.0, Avg: 0.2, Max: 0.2, Diff: 0.2, Sum: 1.5]
         [Termination Attempts: Min: 1, Avg: 1339.5, Max: 1647, Diff: 1646, Sum: 10716]
      [GC Worker Other (ms): Min: 0.1, Avg: 0.1, Max: 0.1, Diff: 0.1, Sum: 0.6]
      [GC Worker Total (ms): Min: 170.2, Avg: 170.2, Max: 170.4, Diff: 0.2, Sum: 1362.0]
      [GC Worker End (ms): Min: 24237.7, Avg: 24237.7, Max: 24237.7, Diff: 0.1]
   [Code Root Fixup: 0.0 ms]
   [Code Root Purge: 0.0 ms]
   [Clear CT: 0.1 ms]
   [Other: 0.7 ms]
      [Choose CSet: 0.0 ms]
      [Ref Proc: 0.2 ms]
      [Ref Enq: 0.0 ms]
      [Redirty Cards: 0.2 ms]
      [Humongous Register: 0.0 ms]
      [Humongous Reclaim: 0.0 ms]
      [Free CSet: 0.2 ms]
   [Eden: 300.0M(300.0M)->0.0B(267.0M) Survivors: 7168.0K->39.0M Heap: 367.0M(2048.0M)->362.5M(2048.0M)]
 [Times: user=1.30 sys=0.05, real=0.17 secs] 
2020-09-29T12:05:33.482+0200: 24.372: [GC pause (G1 Evacuation Pause) (young), 0.1720950 secs]
   [Parallel Time: 171.0 ms, GC Workers: 8]
      [GC Worker Start (ms): Min: 24371.8, Avg: 24371.9, Max: 24372.0, Diff: 0.2]
      [Ext Root Scanning (ms): Min: 0.0, Avg: 0.1, Max: 0.2, Diff: 0.2, Sum: 0.6]
      [Update RS (ms): Min: 16.7, Avg: 17.1, Max: 17.4, Diff: 0.7, Sum: 136.6]
         [Processed Buffers: Min: 12, Avg: 16.6, Max: 20, Diff: 8, Sum: 133]
      [Scan RS (ms): Min: 19.7, Avg: 20.1, Max: 20.4, Diff: 0.7, Sum: 160.9]
      [Code Root Scanning (ms): Min: 0.0, Avg: 0.0, Max: 0.0, Diff: 0.0, Sum: 0.0]
      [Object Copy (ms): Min: 133.0, Avg: 133.1, Max: 133.2, Diff: 0.2, Sum: 1064.9]
      [Termination (ms): Min: 0.0, Avg: 0.1, Max: 0.2, Diff: 0.2, Sum: 1.2]
         [Termination Attempts: Min: 1, Avg: 908.0, Max: 1408, Diff: 1407, Sum: 7264]
      [GC Worker Other (ms): Min: 0.0, Avg: 0.2, Max: 0.3, Diff: 0.3, Sum: 1.5]
      [GC Worker Total (ms): Min: 170.5, Avg: 170.7, Max: 170.9, Diff: 0.4, Sum: 1365.7]
      [GC Worker End (ms): Min: 24542.4, Avg: 24542.6, Max: 24542.7, Diff: 0.3]
   [Code Root Fixup: 0.0 ms]
   [Code Root Purge: 0.0 ms]
   [Clear CT: 0.2 ms]
   [Other: 0.9 ms]
      [Choose CSet: 0.0 ms]
      [Ref Proc: 0.2 ms]
      [Ref Enq: 0.0 ms]
      [Redirty Cards: 0.3 ms]
      [Humongous Register: 0.0 ms]
      [Humongous Reclaim: 0.0 ms]
      [Free CSet: 0.2 ms]
   [Eden: 267.0M(267.0M)->0.0B(264.0M) Survivors: 39.0M->39.0M Heap: 673.4M(2048.0M)->675.4M(2048.0M)]
 [Times: user=1.17 sys=0.13, real=0.17 secs] 
2020-09-29T12:05:33.801+0200: 24.690: [GC pause (G1 Evacuation Pause) (young), 0.1619234 secs]
   [Parallel Time: 161.1 ms, GC Workers: 8]
      [GC Worker Start (ms): Min: 24689.8, Avg: 24689.9, Max: 24690.0, Diff: 0.1]
      [Ext Root Scanning (ms): Min: 0.0, Avg: 0.1, Max: 0.2, Diff: 0.1, Sum: 0.6]
      [Update RS (ms): Min: 18.8, Avg: 19.1, Max: 19.5, Diff: 0.7, Sum: 152.4]
         [Processed Buffers: Min: 20, Avg: 20.8, Max: 22, Diff: 2, Sum: 166]
      [Scan RS (ms): Min: 16.8, Avg: 17.3, Max: 17.5, Diff: 0.7, Sum: 138.2]
      [Code Root Scanning (ms): Min: 0.0, Avg: 0.0, Max: 0.0, Diff: 0.0, Sum: 0.0]
      [Object Copy (ms): Min: 124.1, Avg: 124.3, Max: 124.4, Diff: 0.3, Sum: 994.4]
      [Termination (ms): Min: 0.0, Avg: 0.1, Max: 0.2, Diff: 0.2, Sum: 0.8]
         [Termination Attempts: Min: 1, Avg: 646.5, Max: 894, Diff: 893, Sum: 5172]
      [GC Worker Other (ms): Min: 0.0, Avg: 0.1, Max: 0.2, Diff: 0.2, Sum: 0.5]
      [GC Worker Total (ms): Min: 160.8, Avg: 160.9, Max: 161.0, Diff: 0.2, Sum: 1287.0]
      [GC Worker End (ms): Min: 24850.7, Avg: 24850.8, Max: 24850.9, Diff: 0.2]
   [Code Root Fixup: 0.0 ms]
   [Code Root Purge: 0.0 ms]
   [Clear CT: 0.1 ms]
   [Other: 0.7 ms]
      [Choose CSet: 0.0 ms]
      [Ref Proc: 0.1 ms]
      [Ref Enq: 0.0 ms]
      [Redirty Cards: 0.2 ms]
      [Humongous Register: 0.0 ms]
      [Humongous Reclaim: 0.0 ms]
      [Free CSet: 0.1 ms]
   [Eden: 264.0M(264.0M)->0.0B(275.0M) Survivors: 39.0M->38.0M Heap: 983.2M(2048.0M)->984.7M(2048.0M)]
 [Times: user=1.28 sys=0.05, real=0.16 secs] 
2020-09-29T12:05:33.967+0200: 24.855: [GC pause (G1 Humongous Allocation) (young) (initial-mark), 0.0603793 secs]
   [Parallel Time: 59.7 ms, GC Workers: 8]
      [GC Worker Start (ms): Min: 24855.3, Avg: 24855.3, Max: 24855.3, Diff: 0.1]
      [Ext Root Scanning (ms): Min: 0.0, Avg: 0.1, Max: 0.1, Diff: 0.1, Sum: 0.6]
      [Update RS (ms): Min: 37.3, Avg: 37.8, Max: 38.1, Diff: 0.8, Sum: 302.3]
         [Processed Buffers: Min: 44, Avg: 46.5, Max: 48, Diff: 4, Sum: 372]
      [Scan RS (ms): Min: 0.9, Avg: 1.3, Max: 1.8, Diff: 0.8, Sum: 10.7]
      [Code Root Scanning (ms): Min: 0.0, Avg: 0.0, Max: 0.0, Diff: 0.0, Sum: 0.0]
      [Object Copy (ms): Min: 20.2, Avg: 20.3, Max: 20.4, Diff: 0.1, Sum: 162.5]
      [Termination (ms): Min: 0.0, Avg: 0.0, Max: 0.0, Diff: 0.0, Sum: 0.1]
         [Termination Attempts: Min: 1, Avg: 85.4, Max: 120, Diff: 119, Sum: 683]
      [GC Worker Other (ms): Min: 0.0, Avg: 0.0, Max: 0.0, Diff: 0.0, Sum: 0.1]
      [GC Worker Total (ms): Min: 59.5, Avg: 59.5, Max: 59.6, Diff: 0.1, Sum: 476.3]
      [GC Worker End (ms): Min: 24914.8, Avg: 24914.8, Max: 24914.9, Diff: 0.0]
   [Code Root Fixup: 0.0 ms]
   [Code Root Purge: 0.0 ms]
   [Clear CT: 0.2 ms]
   [Other: 0.5 ms]
      [Choose CSet: 0.0 ms]
      [Ref Proc: 0.1 ms]
      [Ref Enq: 0.0 ms]
      [Redirty Cards: 0.1 ms]
      [Humongous Register: 0.0 ms]
      [Humongous Reclaim: 0.0 ms]
      [Free CSet: 0.0 ms]
   [Eden: 5120.0K(275.0M)->0.0B(300.0M) Survivors: 38.0M->6144.0K Heap: 989.2M(2048.0M)->992.7M(2048.0M)]
 [Times: user=0.50 sys=0.00, real=0.06 secs] 
2020-09-29T12:05:34.027+0200: 24.916: [GC concurrent-root-region-scan-start]
2020-09-29T12:05:34.028+0200: 24.917: [GC concurrent-root-region-scan-end, 0.0009761 secs]
2020-09-29T12:05:34.028+0200: 24.917: [GC concurrent-mark-start]
2020-09-29T12:05:34.030+0200: 24.919: [GC concurrent-mark-end, 0.0021394 secs]
2020-09-29T12:05:34.030+0200: 24.919: [GC remark 2020-09-29T12:05:34.030+0200: 24.919: [Finalize Marking, 0.0002015 secs] 2020-09-29T12:05:34.031+0200: 24.919: [GC ref-proc, 0.0002822 secs] 2020-09-29T12:05:34.031+0200: 24.919: [Unloading, 0.0004139 secs], 0.0011565 secs]
 [Times: user=0.00 sys=0.00, real=0.00 secs] 
2020-09-29T12:05:34.032+0200: 24.920: [GC cleanup 1001M->23M(2048M), 0.0009819 secs]
 [Times: user=0.00 sys=0.00, real=0.00 secs] 
2020-09-29T12:05:34.033+0200: 24.921: [GC concurrent-cleanup-start]
2020-09-29T12:05:34.034+0200: 24.923: [GC concurrent-cleanup-end, 0.0010634 secs]
2020-09-29T12:05:34.191+0200: 25.080: [GC pause (G1 Evacuation Pause) (young), 0.1638358 secs]
   [Parallel Time: 163.0 ms, GC Workers: 8]
      [GC Worker Start (ms): Min: 25079.6, Avg: 25079.7, Max: 25079.7, Diff: 0.1]
      [Ext Root Scanning (ms): Min: 0.0, Avg: 0.1, Max: 0.1, Diff: 0.1, Sum: 0.5]
      [Update RS (ms): Min: 23.3, Avg: 23.6, Max: 24.1, Diff: 0.8, Sum: 188.5]
         [Processed Buffers: Min: 23, Avg: 25.5, Max: 30, Diff: 7, Sum: 204]
      [Scan RS (ms): Min: 14.9, Avg: 15.4, Max: 15.7, Diff: 0.8, Sum: 123.1]
      [Code Root Scanning (ms): Min: 0.0, Avg: 0.0, Max: 0.0, Diff: 0.0, Sum: 0.0]
      [Object Copy (ms): Min: 123.5, Avg: 123.6, Max: 123.6, Diff: 0.1, Sum: 988.5]
      [Termination (ms): Min: 0.0, Avg: 0.1, Max: 0.1, Diff: 0.1, Sum: 0.9]
         [Termination Attempts: Min: 1, Avg: 780.3, Max: 958, Diff: 957, Sum: 6242]
      [GC Worker Other (ms): Min: 0.0, Avg: 0.0, Max: 0.1, Diff: 0.1, Sum: 0.3]
      [GC Worker Total (ms): Min: 162.7, Avg: 162.7, Max: 162.8, Diff: 0.1, Sum: 1301.8]
      [GC Worker End (ms): Min: 25242.4, Avg: 25242.4, Max: 25242.4, Diff: 0.1]
   [Code Root Fixup: 0.0 ms]
   [Code Root Purge: 0.0 ms]
   [Clear CT: 0.1 ms]
   [Other: 0.7 ms]
      [Choose CSet: 0.0 ms]
      [Ref Proc: 0.2 ms]
      [Ref Enq: 0.0 ms]
      [Redirty Cards: 0.2 ms]
      [Humongous Register: 0.0 ms]
      [Humongous Reclaim: 0.0 ms]
      [Free CSet: 0.1 ms]
   [Eden: 300.0M(300.0M)->0.0B(281.0M) Survivors: 6144.0K->39.0M Heap: 366.5M(2048.0M)->362.5M(2048.0M)]
 [Times: user=1.33 sys=0.03, real=0.16 secs] 
2020-09-29T12:05:34.504+0200: 25.392: [GC pause (G1 Evacuation Pause) (young), 0.1671209 secs]
   [Parallel Time: 166.4 ms, GC Workers: 8]
      [GC Worker Start (ms): Min: 25392.5, Avg: 25392.6, Max: 25392.7, Diff: 0.1]
      [Ext Root Scanning (ms): Min: 0.0, Avg: 0.1, Max: 0.2, Diff: 0.1, Sum: 0.6]
      [Update RS (ms): Min: 16.2, Avg: 16.6, Max: 18.2, Diff: 2.0, Sum: 133.2]
         [Processed Buffers: Min: 15, Avg: 16.9, Max: 18, Diff: 3, Sum: 135]
      [Scan RS (ms): Min: 19.4, Avg: 21.0, Max: 21.4, Diff: 2.1, Sum: 168.0]
      [Code Root Scanning (ms): Min: 0.0, Avg: 0.0, Max: 0.0, Diff: 0.0, Sum: 0.0]
      [Object Copy (ms): Min: 128.2, Avg: 128.3, Max: 128.4, Diff: 0.2, Sum: 1026.7]
      [Termination (ms): Min: 0.0, Avg: 0.0, Max: 0.1, Diff: 0.1, Sum: 0.4]
         [Termination Attempts: Min: 1, Avg: 346.0, Max: 454, Diff: 453, Sum: 2768]
      [GC Worker Other (ms): Min: 0.0, Avg: 0.1, Max: 0.1, Diff: 0.1, Sum: 0.4]
      [GC Worker Total (ms): Min: 166.1, Avg: 166.2, Max: 166.2, Diff: 0.1, Sum: 1329.3]
      [GC Worker End (ms): Min: 25558.8, Avg: 25558.8, Max: 25558.8, Diff: 0.1]
   [Code Root Fixup: 0.0 ms]
   [Code Root Purge: 0.0 ms]
   [Clear CT: 0.1 ms]
   [Other: 0.6 ms]
      [Choose CSet: 0.0 ms]
      [Ref Proc: 0.1 ms]
      [Ref Enq: 0.0 ms]
      [Redirty Cards: 0.1 ms]
      [Humongous Register: 0.0 ms]
      [Humongous Reclaim: 0.0 ms]
      [Free CSet: 0.2 ms]
   [Eden: 281.0M(281.0M)->0.0B(277.0M) Survivors: 39.0M->40.0M Heap: 689.3M(2048.0M)->690.8M(2048.0M)]
 [Times: user=1.25 sys=0.08, real=0.17 secs] 
2020-09-29T12:05:34.815+0200: 25.704: [GC pause (G1 Evacuation Pause) (young), 0.1712398 secs]
   [Parallel Time: 170.4 ms, GC Workers: 8]
      [GC Worker Start (ms): Min: 25703.8, Avg: 25703.8, Max: 25703.8, Diff: 0.1]
      [Ext Root Scanning (ms): Min: 0.0, Avg: 0.1, Max: 0.1, Diff: 0.1, Sum: 0.6]
      [Update RS (ms): Min: 18.2, Avg: 18.5, Max: 18.7, Diff: 0.6, Sum: 148.2]
         [Processed Buffers: Min: 19, Avg: 19.4, Max: 20, Diff: 1, Sum: 155]
      [Scan RS (ms): Min: 18.6, Avg: 18.9, Max: 19.2, Diff: 0.6, Sum: 151.1]
      [Code Root Scanning (ms): Min: 0.0, Avg: 0.0, Max: 0.0, Diff: 0.0, Sum: 0.0]
      [Object Copy (ms): Min: 132.5, Avg: 132.6, Max: 132.7, Diff: 0.3, Sum: 1060.9]
      [Termination (ms): Min: 0.0, Avg: 0.1, Max: 0.1, Diff: 0.1, Sum: 0.8]
         [Termination Attempts: Min: 1, Avg: 692.4, Max: 833, Diff: 832, Sum: 5539]
      [GC Worker Other (ms): Min: 0.0, Avg: 0.1, Max: 0.1, Diff: 0.1, Sum: 0.7]
      [GC Worker Total (ms): Min: 170.2, Avg: 170.3, Max: 170.3, Diff: 0.1, Sum: 1362.2]
      [GC Worker End (ms): Min: 25874.0, Avg: 25874.1, Max: 25874.1, Diff: 0.1]
   [Code Root Fixup: 0.0 ms]
   [Code Root Purge: 0.0 ms]
   [Clear CT: 0.1 ms]
   [Other: 0.7 ms]
      [Choose CSet: 0.0 ms]
      [Ref Proc: 0.1 ms]
      [Ref Enq: 0.0 ms]
      [Redirty Cards: 0.2 ms]
      [Humongous Register: 0.0 ms]
      [Humongous Reclaim: 0.0 ms]
      [Free CSet: 0.2 ms]
   [Eden: 277.0M(277.0M)->0.0B(277.0M) Survivors: 40.0M->40.0M Heap: 1013.6M(2048.0M)->1015.1M(2048.0M)]
 [Times: user=1.28 sys=0.09, real=0.17 secs] 
2020-09-29T12:05:34.992+0200: 25.881: [GC pause (G1 Humongous Allocation) (young) (initial-mark), 0.0653818 secs]
   [Parallel Time: 64.5 ms, GC Workers: 8]
      [GC Worker Start (ms): Min: 25881.1, Avg: 25881.1, Max: 25881.1, Diff: 0.1]
      [Ext Root Scanning (ms): Min: 0.0, Avg: 0.1, Max: 0.1, Diff: 0.1, Sum: 0.7]
      [Update RS (ms): Min: 35.0, Avg: 35.2, Max: 35.6, Diff: 0.6, Sum: 281.2]
         [Processed Buffers: Min: 41, Avg: 45.5, Max: 49, Diff: 8, Sum: 364]
      [Scan RS (ms): Min: 1.9, Avg: 2.4, Max: 3.0, Diff: 1.1, Sum: 19.2]
      [Code Root Scanning (ms): Min: 0.0, Avg: 0.0, Max: 0.0, Diff: 0.0, Sum: 0.0]
      [Object Copy (ms): Min: 26.0, Avg: 26.5, Max: 26.6, Diff: 0.6, Sum: 212.1]
      [Termination (ms): Min: 0.1, Avg: 0.2, Max: 0.3, Diff: 0.3, Sum: 1.8]
         [Termination Attempts: Min: 1, Avg: 1387.6, Max: 2076, Diff: 2075, Sum: 11101]
      [GC Worker Other (ms): Min: 0.0, Avg: 0.0, Max: 0.0, Diff: 0.0, Sum: 0.1]
      [GC Worker Total (ms): Min: 64.3, Avg: 64.4, Max: 64.4, Diff: 0.1, Sum: 515.1]
      [GC Worker End (ms): Min: 25945.5, Avg: 25945.5, Max: 25945.5, Diff: 0.0]
   [Code Root Fixup: 0.0 ms]
   [Code Root Purge: 0.0 ms]
   [Clear CT: 0.2 ms]
   [Other: 0.7 ms]
      [Choose CSet: 0.0 ms]
      [Ref Proc: 0.2 ms]
      [Ref Enq: 0.0 ms]
      [Redirty Cards: 0.2 ms]
      [Humongous Register: 0.0 ms]
      [Humongous Reclaim: 0.0 ms]
      [Free CSet: 0.1 ms]
   [Eden: 1024.0K(277.0M)->0.0B(277.0M) Survivors: 40.0M->2048.0K Heap: 1015.6M(2048.0M)->1017.6M(2048.0M)]
 [Times: user=0.48 sys=0.00, real=0.07 secs] 
2020-09-29T12:05:35.058+0200: 25.946: [GC concurrent-root-region-scan-start]
2020-09-29T12:05:35.058+0200: 25.947: [GC concurrent-root-region-scan-end, 0.0002392 secs]
2020-09-29T12:05:35.058+0200: 25.947: [GC concurrent-mark-start]
2020-09-29T12:05:35.061+0200: 25.950: [GC concurrent-mark-end, 0.0031729 secs]
2020-09-29T12:05:35.062+0200: 25.950: [GC remark 2020-09-29T12:05:35.062+0200: 25.950: [Finalize Marking, 0.0001496 secs] 2020-09-29T12:05:35.062+0200: 25.950: [GC ref-proc, 0.0003980 secs] 2020-09-29T12:05:35.062+0200: 25.951: [Unloading, 0.0004802 secs], 0.0014870 secs]
 [Times: user=0.00 sys=0.00, real=0.00 secs] 
2020-09-29T12:05:35.064+0200: 25.952: [GC cleanup 1026M->19M(2048M), 0.0017270 secs]
 [Times: user=0.00 sys=0.00, real=0.00 secs] 
2020-09-29T12:05:35.066+0200: 25.954: [GC concurrent-cleanup-start]
2020-09-29T12:05:35.067+0200: 25.956: [GC concurrent-cleanup-end, 0.0016483 secs]
2020-09-29T12:05:35.211+0200: 26.099: [GC pause (G1 Evacuation Pause) (young), 0.1523846 secs]
   [Parallel Time: 151.3 ms, GC Workers: 8]
      [GC Worker Start (ms): Min: 26099.2, Avg: 26099.3, Max: 26099.3, Diff: 0.1]
      [Ext Root Scanning (ms): Min: 0.0, Avg: 0.1, Max: 0.1, Diff: 0.1, Sum: 0.5]
      [Update RS (ms): Min: 21.7, Avg: 21.8, Max: 22.0, Diff: 0.3, Sum: 174.3]
         [Processed Buffers: Min: 22, Avg: 23.6, Max: 26, Diff: 4, Sum: 189]
      [Scan RS (ms): Min: 13.3, Avg: 13.6, Max: 13.7, Diff: 0.4, Sum: 108.5]
      [Code Root Scanning (ms): Min: 0.0, Avg: 0.0, Max: 0.0, Diff: 0.0, Sum: 0.0]
      [Object Copy (ms): Min: 115.4, Avg: 115.6, Max: 115.6, Diff: 0.2, Sum: 924.4]
      [Termination (ms): Min: 0.0, Avg: 0.2, Max: 0.2, Diff: 0.2, Sum: 1.4]
         [Termination Attempts: Min: 1, Avg: 1343.3, Max: 1658, Diff: 1657, Sum: 10746]
      [GC Worker Other (ms): Min: 0.0, Avg: 0.0, Max: 0.1, Diff: 0.0, Sum: 0.2]
      [GC Worker Total (ms): Min: 151.1, Avg: 151.2, Max: 151.2, Diff: 0.1, Sum: 1209.3]
      [GC Worker End (ms): Min: 26250.4, Avg: 26250.4, Max: 26250.5, Diff: 0.0]
   [Code Root Fixup: 0.0 ms]
   [Code Root Purge: 0.0 ms]
   [Clear CT: 0.2 ms]
   [Other: 0.9 ms]
      [Choose CSet: 0.0 ms]
      [Ref Proc: 0.2 ms]
      [Ref Enq: 0.0 ms]
      [Redirty Cards: 0.2 ms]
      [Humongous Register: 0.0 ms]
      [Humongous Reclaim: 0.0 ms]
      [Free CSet: 0.2 ms]
   [Eden: 277.0M(277.0M)->0.0B(255.0M) Survivors: 2048.0K->35.0M Heap: 335.2M(2048.0M)->335.7M(2048.0M)]
 [Times: user=1.11 sys=0.02, real=0.15 secs] 
2020-09-29T12:05:35.503+0200: 26.391: [GC pause (G1 Evacuation Pause) (young), 0.1677559 secs]
   [Parallel Time: 166.4 ms, GC Workers: 8]
      [GC Worker Start (ms): Min: 26391.5, Avg: 26391.6, Max: 26391.7, Diff: 0.2]
      [Ext Root Scanning (ms): Min: 0.0, Avg: 0.1, Max: 0.2, Diff: 0.2, Sum: 0.5]
      [Update RS (ms): Min: 15.8, Avg: 16.0, Max: 16.4, Diff: 0.6, Sum: 127.9]
         [Processed Buffers: Min: 16, Avg: 17.5, Max: 21, Diff: 5, Sum: 140]
      [Scan RS (ms): Min: 17.9, Avg: 18.3, Max: 18.5, Diff: 0.6, Sum: 146.4]
      [Code Root Scanning (ms): Min: 0.0, Avg: 0.0, Max: 0.1, Diff: 0.1, Sum: 0.1]
      [Object Copy (ms): Min: 131.0, Avg: 131.2, Max: 131.7, Diff: 0.7, Sum: 1049.4]
      [Termination (ms): Min: 0.0, Avg: 0.5, Max: 0.7, Diff: 0.7, Sum: 3.8]
         [Termination Attempts: Min: 1, Avg: 3172.0, Max: 4228, Diff: 4227, Sum: 25376]
      [GC Worker Other (ms): Min: 0.0, Avg: 0.0, Max: 0.1, Diff: 0.1, Sum: 0.4]
      [GC Worker Total (ms): Min: 166.0, Avg: 166.1, Max: 166.2, Diff: 0.2, Sum: 1328.6]
      [GC Worker End (ms): Min: 26557.7, Avg: 26557.7, Max: 26557.7, Diff: 0.1]
   [Code Root Fixup: 0.0 ms]
   [Code Root Purge: 0.0 ms]
   [Clear CT: 0.1 ms]
   [Other: 1.3 ms]
      [Choose CSet: 0.0 ms]
      [Ref Proc: 0.2 ms]
      [Ref Enq: 0.0 ms]
      [Redirty Cards: 0.5 ms]
      [Humongous Register: 0.0 ms]
      [Humongous Reclaim: 0.0 ms]
      [Free CSet: 0.3 ms]
   [Eden: 255.0M(255.0M)->0.0B(248.0M) Survivors: 35.0M->37.0M Heap: 632.6M(2048.0M)->634.6M(2048.0M)]
 [Times: user=1.22 sys=0.02, real=0.17 secs] 
2020-09-29T12:05:35.809+0200: 26.698: [GC pause (G1 Evacuation Pause) (young), 0.1474505 secs]
   [Parallel Time: 146.6 ms, GC Workers: 8]
      [GC Worker Start (ms): Min: 26697.9, Avg: 26698.0, Max: 26698.0, Diff: 0.1]
      [Ext Root Scanning (ms): Min: 0.0, Avg: 0.1, Max: 0.1, Diff: 0.1, Sum: 0.6]
      [Update RS (ms): Min: 17.3, Avg: 17.5, Max: 17.8, Diff: 0.4, Sum: 139.8]
         [Processed Buffers: Min: 18, Avg: 19.5, Max: 23, Diff: 5, Sum: 156]
      [Scan RS (ms): Min: 16.5, Avg: 16.8, Max: 17.0, Diff: 0.5, Sum: 134.5]
      [Code Root Scanning (ms): Min: 0.0, Avg: 0.0, Max: 0.0, Diff: 0.0, Sum: 0.0]
      [Object Copy (ms): Min: 111.9, Avg: 112.0, Max: 112.0, Diff: 0.1, Sum: 895.9]
      [Termination (ms): Min: 0.0, Avg: 0.0, Max: 0.1, Diff: 0.1, Sum: 0.4]
         [Termination Attempts: Min: 1, Avg: 312.6, Max: 409, Diff: 408, Sum: 2501]
      [GC Worker Other (ms): Min: 0.0, Avg: 0.0, Max: 0.1, Diff: 0.1, Sum: 0.3]
      [GC Worker Total (ms): Min: 146.3, Avg: 146.4, Max: 146.5, Diff: 0.1, Sum: 1171.4]
      [GC Worker End (ms): Min: 26844.4, Avg: 26844.4, Max: 26844.4, Diff: 0.1]
   [Code Root Fixup: 0.0 ms]
   [Code Root Purge: 0.0 ms]
   [Clear CT: 0.1 ms]
   [Other: 0.7 ms]
      [Choose CSet: 0.0 ms]
      [Ref Proc: 0.1 ms]
      [Ref Enq: 0.0 ms]
      [Redirty Cards: 0.2 ms]
      [Humongous Register: 0.0 ms]
      [Humongous Reclaim: 0.0 ms]
      [Free CSet: 0.2 ms]
   [Eden: 248.0M(248.0M)->0.0B(263.0M) Survivors: 37.0M->36.0M Heap: 924.6M(2048.0M)->927.6M(2048.0M)]
 [Times: user=1.01 sys=0.11, real=0.15 secs] 
2020-09-29T12:05:36.031+0200: 26.919: [GC pause (G1 Humongous Allocation) (young) (initial-mark), 0.0977525 secs]
   [Parallel Time: 96.8 ms, GC Workers: 8]
      [GC Worker Start (ms): Min: 26919.5, Avg: 26919.6, Max: 26919.6, Diff: 0.1]
      [Ext Root Scanning (ms): Min: 0.0, Avg: 0.1, Max: 0.2, Diff: 0.1, Sum: 0.6]
      [Update RS (ms): Min: 18.2, Avg: 18.7, Max: 19.2, Diff: 0.9, Sum: 149.8]
         [Processed Buffers: Min: 17, Avg: 19.1, Max: 20, Diff: 3, Sum: 153]
      [Scan RS (ms): Min: 5.1, Avg: 5.6, Max: 6.2, Diff: 1.1, Sum: 45.1]
      [Code Root Scanning (ms): Min: 0.0, Avg: 0.0, Max: 0.0, Diff: 0.0, Sum: 0.0]
      [Object Copy (ms): Min: 71.9, Avg: 72.1, Max: 72.2, Diff: 0.3, Sum: 576.6]
      [Termination (ms): Min: 0.0, Avg: 0.1, Max: 0.1, Diff: 0.1, Sum: 0.6]
         [Termination Attempts: Min: 1, Avg: 299.3, Max: 372, Diff: 371, Sum: 2394]
      [GC Worker Other (ms): Min: 0.0, Avg: 0.0, Max: 0.0, Diff: 0.0, Sum: 0.1]
      [GC Worker Total (ms): Min: 96.6, Avg: 96.6, Max: 96.7, Diff: 0.1, Sum: 772.9]
      [GC Worker End (ms): Min: 27016.2, Avg: 27016.2, Max: 27016.2, Diff: 0.0]
   [Code Root Fixup: 0.0 ms]
   [Code Root Purge: 0.0 ms]
   [Clear CT: 0.2 ms]
   [Other: 0.8 ms]
      [Choose CSet: 0.0 ms]
      [Ref Proc: 0.2 ms]
      [Ref Enq: 0.0 ms]
      [Redirty Cards: 0.2 ms]
      [Humongous Register: 0.0 ms]
      [Humongous Reclaim: 0.0 ms]
      [Free CSet: 0.2 ms]
   [Eden: 136.0M(263.0M)->0.0B(281.0M) Survivors: 36.0M->38.0M Heap: 1084.6M(2048.0M)->1086.1M(2048.0M)]
 [Times: user=0.73 sys=0.01, real=0.10 secs] 
2020-09-29T12:05:36.129+0200: 27.017: [GC concurrent-root-region-scan-start]
2020-09-29T12:05:36.141+0200: 27.029: [GC concurrent-root-region-scan-end, 0.0119006 secs]
2020-09-29T12:05:36.141+0200: 27.029: [GC concurrent-mark-start]
2020-09-29T12:05:36.144+0200: 27.033: [GC concurrent-mark-end, 0.0035144 secs]
2020-09-29T12:05:36.144+0200: 27.033: [GC remark 2020-09-29T12:05:36.144+0200: 27.033: [Finalize Marking, 0.0002191 secs] 2020-09-29T12:05:36.145+0200: 27.033: [GC ref-proc, 0.0003787 secs] 2020-09-29T12:05:36.145+0200: 27.034: [Unloading, 0.0006099 secs], 0.0015985 secs]
 [Times: user=0.03 sys=0.03, real=0.00 secs] 
2020-09-29T12:05:36.146+0200: 27.035: [GC cleanup 1120M->81M(2048M), 0.0015524 secs]
 [Times: user=0.00 sys=0.00, real=0.00 secs] 
2020-09-29T12:05:36.148+0200: 27.037: [GC concurrent-cleanup-start]
2020-09-29T12:05:36.150+0200: 27.038: [GC concurrent-cleanup-end, 0.0017731 secs]
2020-09-29T12:05:36.285+0200: 27.174: [GC pause (G1 Evacuation Pause) (young), 0.1537754 secs]
   [Parallel Time: 152.8 ms, GC Workers: 8]
      [GC Worker Start (ms): Min: 27174.1, Avg: 27174.3, Max: 27174.4, Diff: 0.2]
      [Ext Root Scanning (ms): Min: 0.0, Avg: 0.1, Max: 0.2, Diff: 0.2, Sum: 0.4]
      [Update RS (ms): Min: 23.8, Avg: 24.0, Max: 24.3, Diff: 0.5, Sum: 191.8]
         [Processed Buffers: Min: 21, Avg: 22.6, Max: 26, Diff: 5, Sum: 181]
      [Scan RS (ms): Min: 15.9, Avg: 16.3, Max: 16.5, Diff: 0.6, Sum: 130.1]
      [Code Root Scanning (ms): Min: 0.0, Avg: 0.0, Max: 0.0, Diff: 0.0, Sum: 0.0]
      [Object Copy (ms): Min: 112.2, Avg: 112.2, Max: 112.3, Diff: 0.1, Sum: 897.9]
      [Termination (ms): Min: 0.0, Avg: 0.0, Max: 0.0, Diff: 0.0, Sum: 0.0]
         [Termination Attempts: Min: 1, Avg: 4.8, Max: 7, Diff: 6, Sum: 38]
      [GC Worker Other (ms): Min: 0.0, Avg: 0.0, Max: 0.1, Diff: 0.0, Sum: 0.3]
      [GC Worker Total (ms): Min: 152.5, Avg: 152.6, Max: 152.7, Diff: 0.2, Sum: 1220.6]
      [GC Worker End (ms): Min: 27326.8, Avg: 27326.8, Max: 27326.9, Diff: 0.0]
   [Code Root Fixup: 0.0 ms]
   [Code Root Purge: 0.0 ms]
   [Clear CT: 0.2 ms]
   [Other: 0.8 ms]
      [Choose CSet: 0.0 ms]
      [Ref Proc: 0.2 ms]
      [Ref Enq: 0.0 ms]
      [Redirty Cards: 0.2 ms]
      [Humongous Register: 0.0 ms]
      [Humongous Reclaim: 0.0 ms]
      [Free CSet: 0.2 ms]
   [Eden: 281.0M(281.0M)->0.0B(288.0M) Survivors: 38.0M->40.0M Heap: 375.7M(2048.0M)->339.2M(2048.0M)]
 [Times: user=1.09 sys=0.05, real=0.15 secs] 
2020-09-29T12:05:36.593+0200: 27.482: [GC pause (G1 Evacuation Pause) (young), 0.1769600 secs]
   [Parallel Time: 176.0 ms, GC Workers: 8]
      [GC Worker Start (ms): Min: 27482.5, Avg: 27482.6, Max: 27482.6, Diff: 0.2]
      [Ext Root Scanning (ms): Min: 0.0, Avg: 0.1, Max: 0.2, Diff: 0.2, Sum: 0.6]
      [Update RS (ms): Min: 20.3, Avg: 20.6, Max: 21.0, Diff: 0.7, Sum: 164.9]
         [Processed Buffers: Min: 20, Avg: 20.9, Max: 23, Diff: 3, Sum: 167]
      [Scan RS (ms): Min: 20.2, Avg: 20.7, Max: 21.0, Diff: 0.8, Sum: 165.6]
      [Code Root Scanning (ms): Min: 0.0, Avg: 0.0, Max: 0.0, Diff: 0.0, Sum: 0.0]
      [Object Copy (ms): Min: 134.0, Avg: 134.3, Max: 134.4, Diff: 0.4, Sum: 1074.7]
      [Termination (ms): Min: 0.0, Avg: 0.0, Max: 0.1, Diff: 0.1, Sum: 0.3]
         [Termination Attempts: Min: 1, Avg: 299.5, Max: 367, Diff: 366, Sum: 2396]
      [GC Worker Other (ms): Min: 0.0, Avg: 0.0, Max: 0.1, Diff: 0.0, Sum: 0.4]
      [GC Worker Total (ms): Min: 175.7, Avg: 175.8, Max: 175.9, Diff: 0.2, Sum: 1406.5]
      [GC Worker End (ms): Min: 27658.4, Avg: 27658.4, Max: 27658.4, Diff: 0.0]
   [Code Root Fixup: 0.0 ms]
   [Code Root Purge: 0.0 ms]
   [Clear CT: 0.2 ms]
   [Other: 0.8 ms]
      [Choose CSet: 0.0 ms]
      [Ref Proc: 0.2 ms]
      [Ref Enq: 0.0 ms]
      [Redirty Cards: 0.2 ms]
      [Humongous Register: 0.0 ms]
      [Humongous Reclaim: 0.0 ms]
      [Free CSet: 0.2 ms]
   [Eden: 288.0M(288.0M)->0.0B(280.0M) Survivors: 40.0M->41.0M Heap: 674.9M(2048.0M)->676.9M(2048.0M)]
 [Times: user=1.19 sys=0.08, real=0.18 secs] 
2020-09-29T12:05:36.918+0200: 27.807: [GC pause (G1 Evacuation Pause) (young), 0.1799372 secs]
   [Parallel Time: 178.8 ms, GC Workers: 8]
      [GC Worker Start (ms): Min: 27806.8, Avg: 27806.8, Max: 27806.9, Diff: 0.1]
      [Ext Root Scanning (ms): Min: 0.0, Avg: 0.1, Max: 0.1, Diff: 0.1, Sum: 0.6]
      [Update RS (ms): Min: 20.2, Avg: 20.3, Max: 20.4, Diff: 0.2, Sum: 162.2]
         [Processed Buffers: Min: 19, Avg: 20.9, Max: 23, Diff: 4, Sum: 167]
      [Scan RS (ms): Min: 21.8, Avg: 22.0, Max: 22.3, Diff: 0.6, Sum: 176.2]
      [Code Root Scanning (ms): Min: 0.0, Avg: 0.0, Max: 0.0, Diff: 0.0, Sum: 0.0]
      [Object Copy (ms): Min: 135.9, Avg: 136.2, Max: 136.4, Diff: 0.5, Sum: 1089.4]
      [Termination (ms): Min: 0.0, Avg: 0.0, Max: 0.0, Diff: 0.0, Sum: 0.2]
         [Termination Attempts: Min: 1, Avg: 157.0, Max: 209, Diff: 208, Sum: 1256]
      [GC Worker Other (ms): Min: 0.0, Avg: 0.1, Max: 0.1, Diff: 0.1, Sum: 0.5]
      [GC Worker Total (ms): Min: 178.6, Avg: 178.6, Max: 178.7, Diff: 0.1, Sum: 1429.0]
      [GC Worker End (ms): Min: 27985.4, Avg: 27985.5, Max: 27985.5, Diff: 0.1]
   [Code Root Fixup: 0.0 ms]
   [Code Root Purge: 0.0 ms]
   [Clear CT: 0.2 ms]
   [Other: 0.9 ms]
      [Choose CSet: 0.0 ms]
      [Ref Proc: 0.2 ms]
      [Ref Enq: 0.0 ms]
      [Redirty Cards: 0.2 ms]
      [Humongous Register: 0.1 ms]
      [Humongous Reclaim: 0.0 ms]
      [Free CSet: 0.2 ms]
   [Eden: 280.0M(280.0M)->0.0B(272.0M) Survivors: 41.0M->41.0M Heap: 1004.6M(2048.0M)->1007.1M(2048.0M)]
 [Times: user=1.30 sys=0.08, real=0.18 secs] 
2020-09-29T12:05:37.113+0200: 28.002: [GC pause (G1 Humongous Allocation) (young) (initial-mark), 0.0505002 secs]
   [Parallel Time: 49.5 ms, GC Workers: 8]
      [GC Worker Start (ms): Min: 28001.8, Avg: 28001.9, Max: 28002.0, Diff: 0.2]
      [Ext Root Scanning (ms): Min: 0.0, Avg: 0.2, Max: 0.3, Diff: 0.3, Sum: 1.4]
      [Update RS (ms): Min: 23.6, Avg: 23.9, Max: 24.1, Diff: 0.5, Sum: 191.0]
         [Processed Buffers: Min: 28, Avg: 29.6, Max: 33, Diff: 5, Sum: 237]
      [Scan RS (ms): Min: 2.7, Avg: 2.9, Max: 3.1, Diff: 0.4, Sum: 23.4]
      [Code Root Scanning (ms): Min: 0.0, Avg: 0.0, Max: 0.0, Diff: 0.0, Sum: 0.0]
      [Object Copy (ms): Min: 22.2, Avg: 22.3, Max: 22.4, Diff: 0.2, Sum: 178.4]
      [Termination (ms): Min: 0.0, Avg: 0.1, Max: 0.1, Diff: 0.1, Sum: 0.6]
         [Termination Attempts: Min: 1, Avg: 470.8, Max: 576, Diff: 575, Sum: 3766]
      [GC Worker Other (ms): Min: 0.0, Avg: 0.0, Max: 0.0, Diff: 0.0, Sum: 0.1]
      [GC Worker Total (ms): Min: 49.3, Avg: 49.4, Max: 49.4, Diff: 0.2, Sum: 394.9]
      [GC Worker End (ms): Min: 28051.2, Avg: 28051.2, Max: 28051.2, Diff: 0.0]
   [Code Root Fixup: 0.0 ms]
   [Code Root Purge: 0.0 ms]
   [Clear CT: 0.2 ms]
   [Other: 0.7 ms]
      [Choose CSet: 0.0 ms]
      [Ref Proc: 0.2 ms]
      [Ref Enq: 0.0 ms]
      [Redirty Cards: 0.1 ms]
      [Humongous Register: 0.1 ms]
      [Humongous Reclaim: 0.0 ms]
      [Free CSet: 0.1 ms]
   [Eden: 10.0M(272.0M)->0.0B(317.0M) Survivors: 41.0M->11.0M Heap: 1016.6M(2048.0M)->1019.6M(2048.0M)]
 [Times: user=0.50 sys=0.00, real=0.05 secs] 
2020-09-29T12:05:37.163+0200: 28.052: [GC concurrent-root-region-scan-start]
2020-09-29T12:05:37.166+0200: 28.055: [GC concurrent-root-region-scan-end, 0.0030847 secs]
2020-09-29T12:05:37.166+0200: 28.055: [GC concurrent-mark-start]
2020-09-29T12:05:37.169+0200: 28.058: [GC concurrent-mark-end, 0.0028359 secs]
2020-09-29T12:05:37.169+0200: 28.058: [GC remark 2020-09-29T12:05:37.169+0200: 28.058: [Finalize Marking, 0.0002067 secs] 2020-09-29T12:05:37.170+0200: 28.059: [GC ref-proc, 0.0002831 secs] 2020-09-29T12:05:37.170+0200: 28.059: [Unloading, 0.0004818 secs], 0.0013591 secs]
 [Times: user=0.00 sys=0.00, real=0.00 secs] 
2020-09-29T12:05:37.171+0200: 28.060: [GC cleanup 1034M->35M(2048M), 0.0014571 secs]
 [Times: user=0.00 sys=0.00, real=0.00 secs] 
2020-09-29T12:05:37.172+0200: 28.062: [GC concurrent-cleanup-start]
2020-09-29T12:05:37.174+0200: 28.063: [GC concurrent-cleanup-end, 0.0012580 secs]
2020-09-29T12:05:37.335+0200: 28.224: [GC pause (G1 Evacuation Pause) (young), 0.1671698 secs]
   [Parallel Time: 166.1 ms, GC Workers: 8]
      [GC Worker Start (ms): Min: 28224.3, Avg: 28224.4, Max: 28224.5, Diff: 0.2]
      [Ext Root Scanning (ms): Min: 0.0, Avg: 0.1, Max: 0.2, Diff: 0.2, Sum: 0.4]
      [Update RS (ms): Min: 17.1, Avg: 17.3, Max: 17.5, Diff: 0.5, Sum: 138.2]
         [Processed Buffers: Min: 16, Avg: 17.3, Max: 19, Diff: 3, Sum: 138]
      [Scan RS (ms): Min: 21.6, Avg: 21.8, Max: 22.0, Diff: 0.4, Sum: 174.7]
      [Code Root Scanning (ms): Min: 0.0, Avg: 0.0, Max: 0.0, Diff: 0.0, Sum: 0.0]
      [Object Copy (ms): Min: 126.5, Avg: 126.6, Max: 126.7, Diff: 0.2, Sum: 1012.7]
      [Termination (ms): Min: 0.0, Avg: 0.0, Max: 0.0, Diff: 0.0, Sum: 0.2]
         [Termination Attempts: Min: 1, Avg: 153.6, Max: 216, Diff: 215, Sum: 1229]
      [GC Worker Other (ms): Min: 0.0, Avg: 0.0, Max: 0.1, Diff: 0.1, Sum: 0.4]
      [GC Worker Total (ms): Min: 165.7, Avg: 165.8, Max: 165.9, Diff: 0.2, Sum: 1326.6]
      [GC Worker End (ms): Min: 28390.2, Avg: 28390.2, Max: 28390.3, Diff: 0.1]
   [Code Root Fixup: 0.0 ms]
   [Code Root Purge: 0.0 ms]
   [Clear CT: 0.2 ms]
   [Other: 0.9 ms]
      [Choose CSet: 0.0 ms]
      [Ref Proc: 0.1 ms]
      [Ref Enq: 0.0 ms]
      [Redirty Cards: 0.2 ms]
      [Humongous Register: 0.0 ms]
      [Humongous Reclaim: 0.0 ms]
      [Free CSet: 0.3 ms]
   [Eden: 317.0M(317.0M)->0.0B(291.0M) Survivors: 11.0M->41.0M Heap: 390.4M(2048.0M)->381.4M(2048.0M)]
 [Times: user=1.14 sys=0.03, real=0.17 secs] 
2020-09-29T12:05:37.669+0200: 28.558: [GC pause (G1 Evacuation Pause) (young), 0.1727130 secs]
   [Parallel Time: 171.8 ms, GC Workers: 8]
      [GC Worker Start (ms): Min: 28558.2, Avg: 28558.3, Max: 28558.3, Diff: 0.2]
      [Ext Root Scanning (ms): Min: 0.0, Avg: 0.1, Max: 0.2, Diff: 0.1, Sum: 0.5]
      [Update RS (ms): Min: 17.1, Avg: 17.2, Max: 17.5, Diff: 0.4, Sum: 137.6]
         [Processed Buffers: Min: 18, Avg: 19.3, Max: 22, Diff: 4, Sum: 154]
      [Scan RS (ms): Min: 21.7, Avg: 21.8, Max: 21.9, Diff: 0.3, Sum: 174.6]
      [Code Root Scanning (ms): Min: 0.0, Avg: 0.0, Max: 0.0, Diff: 0.0, Sum: 0.0]
      [Object Copy (ms): Min: 132.3, Avg: 132.4, Max: 132.5, Diff: 0.2, Sum: 1058.9]
      [Termination (ms): Min: 0.0, Avg: 0.0, Max: 0.0, Diff: 0.0, Sum: 0.0]
         [Termination Attempts: Min: 1, Avg: 18.5, Max: 28, Diff: 27, Sum: 148]
      [GC Worker Other (ms): Min: 0.0, Avg: 0.0, Max: 0.1, Diff: 0.1, Sum: 0.3]
      [GC Worker Total (ms): Min: 171.4, Avg: 171.5, Max: 171.6, Diff: 0.1, Sum: 1372.0]
      [GC Worker End (ms): Min: 28729.8, Avg: 28729.8, Max: 28729.8, Diff: 0.1]
   [Code Root Fixup: 0.0 ms]
   [Code Root Purge: 0.0 ms]
   [Clear CT: 0.1 ms]
   [Other: 0.8 ms]
      [Choose CSet: 0.0 ms]
      [Ref Proc: 0.2 ms]
      [Ref Enq: 0.0 ms]
      [Redirty Cards: 0.2 ms]
      [Humongous Register: 0.1 ms]
      [Humongous Reclaim: 0.0 ms]
      [Free CSet: 0.2 ms]
   [Eden: 291.0M(291.0M)->0.0B(285.0M) Survivors: 41.0M->42.0M Heap: 722.0M(2048.0M)->724.5M(2048.0M)]
 [Times: user=1.20 sys=0.06, real=0.17 secs] 
2020-09-29T12:05:37.990+0200: 28.879: [GC pause (G1 Evacuation Pause) (young), 0.1917981 secs]
   [Parallel Time: 190.6 ms, GC Workers: 8]
      [GC Worker Start (ms): Min: 28879.2, Avg: 28879.2, Max: 28879.3, Diff: 0.1]
      [Ext Root Scanning (ms): Min: 0.0, Avg: 0.1, Max: 0.1, Diff: 0.1, Sum: 0.5]
      [Update RS (ms): Min: 17.4, Avg: 17.5, Max: 17.8, Diff: 0.5, Sum: 140.1]
         [Processed Buffers: Min: 18, Avg: 19.8, Max: 21, Diff: 3, Sum: 158]
      [Scan RS (ms): Min: 21.5, Avg: 21.9, Max: 22.1, Diff: 0.5, Sum: 175.3]
      [Code Root Scanning (ms): Min: 0.0, Avg: 0.0, Max: 0.0, Diff: 0.0, Sum: 0.0]
      [Object Copy (ms): Min: 150.3, Avg: 150.4, Max: 150.7, Diff: 0.3, Sum: 1203.5]
      [Termination (ms): Min: 0.0, Avg: 0.2, Max: 0.2, Diff: 0.2, Sum: 1.2]
         [Termination Attempts: Min: 1, Avg: 1032.8, Max: 1259, Diff: 1258, Sum: 8262]
      [GC Worker Other (ms): Min: 0.0, Avg: 0.2, Max: 0.3, Diff: 0.3, Sum: 1.9]
      [GC Worker Total (ms): Min: 190.1, Avg: 190.3, Max: 190.4, Diff: 0.2, Sum: 1522.4]
      [GC Worker End (ms): Min: 29069.3, Avg: 29069.5, Max: 29069.6, Diff: 0.3]
   [Code Root Fixup: 0.0 ms]
   [Code Root Purge: 0.0 ms]
   [Clear CT: 0.3 ms]
   [Other: 0.9 ms]
      [Choose CSet: 0.0 ms]
      [Ref Proc: 0.3 ms]
      [Ref Enq: 0.0 ms]
      [Redirty Cards: 0.3 ms]
      [Humongous Register: 0.0 ms]
      [Humongous Reclaim: 0.0 ms]
      [Free CSet: 0.2 ms]
   [Eden: 285.0M(285.0M)->0.0B(267.0M) Survivors: 42.0M->41.0M Heap: 1057.2M(2048.0M)->1059.2M(2048.0M)]
 [Times: user=1.38 sys=0.05, real=0.19 secs] 
2020-09-29T12:05:38.192+0200: 29.081: [GC pause (G1 Humongous Allocation) (young) (initial-mark), 0.0586104 secs]
   [Parallel Time: 57.9 ms, GC Workers: 8]
      [GC Worker Start (ms): Min: 29081.2, Avg: 29081.3, Max: 29081.3, Diff: 0.1]
      [Ext Root Scanning (ms): Min: 0.0, Avg: 0.1, Max: 0.1, Diff: 0.1, Sum: 0.6]
      [Update RS (ms): Min: 31.8, Avg: 32.0, Max: 32.4, Diff: 0.6, Sum: 255.6]
         [Processed Buffers: Min: 36, Avg: 40.4, Max: 42, Diff: 6, Sum: 323]
      [Scan RS (ms): Min: 2.5, Avg: 3.0, Max: 3.2, Diff: 0.7, Sum: 23.9]
      [Code Root Scanning (ms): Min: 0.0, Avg: 0.0, Max: 0.0, Diff: 0.0, Sum: 0.0]
      [Object Copy (ms): Min: 22.5, Avg: 22.6, Max: 22.7, Diff: 0.2, Sum: 180.4]
      [Termination (ms): Min: 0.0, Avg: 0.0, Max: 0.0, Diff: 0.0, Sum: 0.2]
         [Termination Attempts: Min: 1, Avg: 214.1, Max: 266, Diff: 265, Sum: 1713]
      [GC Worker Other (ms): Min: 0.0, Avg: 0.0, Max: 0.0, Diff: 0.0, Sum: 0.1]
      [GC Worker Total (ms): Min: 57.6, Avg: 57.6, Max: 57.7, Diff: 0.1, Sum: 460.9]
      [GC Worker End (ms): Min: 29138.9, Avg: 29138.9, Max: 29138.9, Diff: 0.0]
   [Code Root Fixup: 0.0 ms]
   [Code Root Purge: 0.0 ms]
   [Clear CT: 0.1 ms]
   [Other: 0.6 ms]
      [Choose CSet: 0.0 ms]
      [Ref Proc: 0.2 ms]
      [Ref Enq: 0.0 ms]
      [Redirty Cards: 0.1 ms]
      [Humongous Register: 0.0 ms]
      [Humongous Reclaim: 0.0 ms]
      [Free CSet: 0.1 ms]
   [Eden: 12.0M(267.0M)->0.0B(303.0M) Survivors: 41.0M->13.0M Heap: 1070.7M(2048.0M)->1073.2M(2048.0M)]
 [Times: user=0.38 sys=0.00, real=0.06 secs] 
2020-09-29T12:05:38.251+0200: 29.140: [GC concurrent-root-region-scan-start]
2020-09-29T12:05:38.253+0200: 29.142: [GC concurrent-root-region-scan-end, 0.0021266 secs]
2020-09-29T12:05:38.253+0200: 29.142: [GC concurrent-mark-start]
2020-09-29T12:05:38.255+0200: 29.144: [GC concurrent-mark-end, 0.0023113 secs]
2020-09-29T12:05:38.255+0200: 29.144: [GC remark 2020-09-29T12:05:38.255+0200: 29.144: [Finalize Marking, 0.0001555 secs] 2020-09-29T12:05:38.256+0200: 29.145: [GC ref-proc, 0.0002914 secs] 2020-09-29T12:05:38.256+0200: 29.145: [Unloading, 0.0004191 secs], 0.0011576 secs]
 [Times: user=0.00 sys=0.00, real=0.00 secs] 
2020-09-29T12:05:38.257+0200: 29.146: [GC cleanup 1084M->32M(2048M), 0.0012061 secs]
 [Times: user=0.00 sys=0.00, real=0.00 secs] 
2020-09-29T12:05:38.258+0200: 29.147: [GC concurrent-cleanup-start]
2020-09-29T12:05:38.260+0200: 29.149: [GC concurrent-cleanup-end, 0.0017765 secs]
2020-09-29T12:05:38.409+0200: 29.298: [GC pause (G1 Evacuation Pause) (young), 0.1544200 secs]
   [Parallel Time: 153.4 ms, GC Workers: 8]
      [GC Worker Start (ms): Min: 29297.8, Avg: 29297.9, Max: 29298.0, Diff: 0.2]
      [Ext Root Scanning (ms): Min: 0.0, Avg: 0.1, Max: 0.2, Diff: 0.2, Sum: 0.4]
      [Update RS (ms): Min: 13.3, Avg: 13.6, Max: 14.4, Diff: 1.1, Sum: 108.6]
         [Processed Buffers: Min: 14, Avg: 15.5, Max: 20, Diff: 6, Sum: 124]
      [Scan RS (ms): Min: 19.9, Avg: 20.7, Max: 20.9, Diff: 1.1, Sum: 165.5]
      [Code Root Scanning (ms): Min: 0.0, Avg: 0.0, Max: 0.0, Diff: 0.0, Sum: 0.0]
      [Object Copy (ms): Min: 118.7, Avg: 118.8, Max: 118.8, Diff: 0.1, Sum: 950.2]
      [Termination (ms): Min: 0.0, Avg: 0.0, Max: 0.0, Diff: 0.0, Sum: 0.0]
         [Termination Attempts: Min: 1, Avg: 27.5, Max: 39, Diff: 38, Sum: 220]
      [GC Worker Other (ms): Min: 0.0, Avg: 0.0, Max: 0.1, Diff: 0.1, Sum: 0.4]
      [GC Worker Total (ms): Min: 153.1, Avg: 153.1, Max: 153.2, Diff: 0.2, Sum: 1225.1]
      [GC Worker End (ms): Min: 29451.1, Avg: 29451.1, Max: 29451.1, Diff: 0.1]
   [Code Root Fixup: 0.0 ms]
   [Code Root Purge: 0.0 ms]
   [Clear CT: 0.2 ms]
   [Other: 0.9 ms]
      [Choose CSet: 0.0 ms]
      [Ref Proc: 0.1 ms]
      [Ref Enq: 0.0 ms]
      [Redirty Cards: 0.2 ms]
      [Humongous Register: 0.0 ms]
      [Humongous Reclaim: 0.0 ms]
      [Free CSet: 0.3 ms]
   [Eden: 303.0M(303.0M)->0.0B(289.0M) Survivors: 13.0M->40.0M Heap: 376.5M(2048.0M)->364.5M(2048.0M)]
 [Times: user=1.11 sys=0.08, real=0.15 secs] 
2020-09-29T12:05:38.712+0200: 29.601: [GC pause (G1 Evacuation Pause) (young), 0.1676109 secs]
   [Parallel Time: 166.2 ms, GC Workers: 8]
      [GC Worker Start (ms): Min: 29601.3, Avg: 29601.4, Max: 29601.4, Diff: 0.1]
      [Ext Root Scanning (ms): Min: 0.0, Avg: 0.1, Max: 0.1, Diff: 0.1, Sum: 0.6]
      [Update RS (ms): Min: 15.4, Avg: 15.8, Max: 16.3, Diff: 0.8, Sum: 126.0]
         [Processed Buffers: Min: 16, Avg: 17.0, Max: 19, Diff: 3, Sum: 136]
      [Scan RS (ms): Min: 21.5, Avg: 22.1, Max: 22.6, Diff: 1.1, Sum: 177.1]
      [Code Root Scanning (ms): Min: 0.0, Avg: 0.0, Max: 0.0, Diff: 0.0, Sum: 0.0]
      [Object Copy (ms): Min: 127.8, Avg: 127.9, Max: 128.0, Diff: 0.3, Sum: 1023.3]
      [Termination (ms): Min: 0.0, Avg: 0.2, Max: 0.2, Diff: 0.2, Sum: 1.2]
         [Termination Attempts: Min: 1, Avg: 1085.1, Max: 1325, Diff: 1324, Sum: 8681]
      [GC Worker Other (ms): Min: 0.0, Avg: 0.0, Max: 0.1, Diff: 0.1, Sum: 0.3]
      [GC Worker Total (ms): Min: 166.0, Avg: 166.1, Max: 166.1, Diff: 0.1, Sum: 1328.6]
      [GC Worker End (ms): Min: 29767.4, Avg: 29767.4, Max: 29767.5, Diff: 0.1]
   [Code Root Fixup: 0.0 ms]
   [Code Root Purge: 0.0 ms]
   [Clear CT: 0.3 ms]
   [Other: 1.1 ms]
      [Choose CSet: 0.0 ms]
      [Ref Proc: 0.2 ms]
      [Ref Enq: 0.0 ms]
      [Redirty Cards: 0.5 ms]
      [Humongous Register: 0.0 ms]
      [Humongous Reclaim: 0.0 ms]
      [Free CSet: 0.2 ms]
   [Eden: 289.0M(289.0M)->0.0B(285.0M) Survivors: 40.0M->42.0M Heap: 701.2M(2048.0M)->703.2M(2048.0M)]
 [Times: user=1.30 sys=0.03, real=0.17 secs] 
2020-09-29T12:05:39.028+0200: 29.917: [GC pause (G1 Evacuation Pause) (young), 0.1738799 secs]
   [Parallel Time: 172.8 ms, GC Workers: 8]
      [GC Worker Start (ms): Min: 29917.0, Avg: 29917.1, Max: 29917.2, Diff: 0.2]
      [Ext Root Scanning (ms): Min: 0.0, Avg: 0.1, Max: 0.1, Diff: 0.1, Sum: 0.4]
      [Update RS (ms): Min: 15.6, Avg: 15.8, Max: 16.0, Diff: 0.3, Sum: 126.4]
         [Processed Buffers: Min: 18, Avg: 19.3, Max: 21, Diff: 3, Sum: 154]
      [Scan RS (ms): Min: 17.5, Avg: 17.8, Max: 17.9, Diff: 0.4, Sum: 142.1]
      [Code Root Scanning (ms): Min: 0.0, Avg: 0.0, Max: 0.0, Diff: 0.0, Sum: 0.0]
      [Object Copy (ms): Min: 138.8, Avg: 138.9, Max: 139.0, Diff: 0.2, Sum: 1111.2]
      [Termination (ms): Min: 0.0, Avg: 0.1, Max: 0.1, Diff: 0.1, Sum: 0.8]
         [Termination Attempts: Min: 1, Avg: 684.8, Max: 830, Diff: 829, Sum: 5478]
      [GC Worker Other (ms): Min: 0.0, Avg: 0.0, Max: 0.1, Diff: 0.0, Sum: 0.3]
      [GC Worker Total (ms): Min: 172.6, Avg: 172.6, Max: 172.7, Diff: 0.2, Sum: 1381.2]
      [GC Worker End (ms): Min: 30089.7, Avg: 30089.8, Max: 30089.8, Diff: 0.0]
   [Code Root Fixup: 0.0 ms]
   [Code Root Purge: 0.0 ms]
   [Clear CT: 0.1 ms]
   [Other: 0.9 ms]
      [Choose CSet: 0.0 ms]
      [Ref Proc: 0.2 ms]
      [Ref Enq: 0.0 ms]
      [Redirty Cards: 0.2 ms]
      [Humongous Register: 0.0 ms]
      [Humongous Reclaim: 0.0 ms]
      [Free CSet: 0.3 ms]
   [Eden: 285.0M(285.0M)->0.0B(285.0M) Survivors: 42.0M->41.0M Heap: 1035.9M(2048.0M)->1037.9M(2048.0M)]
 [Times: user=1.34 sys=0.02, real=0.17 secs] 
2020-09-29T12:05:39.205+0200: 30.094: [GC pause (G1 Humongous Allocation) (young) (initial-mark), 0.0724632 secs]
   [Parallel Time: 71.6 ms, GC Workers: 8]
      [GC Worker Start (ms): Min: 30094.2, Avg: 30094.3, Max: 30094.4, Diff: 0.2]
      [Ext Root Scanning (ms): Min: 0.0, Avg: 2.0, Max: 7.4, Diff: 7.4, Sum: 15.6]
      [Update RS (ms): Min: 39.5, Avg: 44.7, Max: 46.9, Diff: 7.4, Sum: 357.9]
         [Processed Buffers: Min: 46, Avg: 53.3, Max: 57, Diff: 11, Sum: 426]
      [Scan RS (ms): Min: 0.0, Avg: 0.2, Max: 0.5, Diff: 0.5, Sum: 1.9]
      [Code Root Scanning (ms): Min: 0.0, Avg: 0.0, Max: 0.0, Diff: 0.0, Sum: 0.0]
      [Object Copy (ms): Min: 24.3, Avg: 24.4, Max: 24.5, Diff: 0.2, Sum: 195.5]
      [Termination (ms): Min: 0.0, Avg: 0.0, Max: 0.0, Diff: 0.0, Sum: 0.3]
         [Termination Attempts: Min: 1, Avg: 218.5, Max: 308, Diff: 307, Sum: 1748]
      [GC Worker Other (ms): Min: 0.0, Avg: 0.0, Max: 0.0, Diff: 0.0, Sum: 0.1]
      [GC Worker Total (ms): Min: 71.3, Avg: 71.4, Max: 71.5, Diff: 0.2, Sum: 571.4]
      [GC Worker End (ms): Min: 30165.7, Avg: 30165.7, Max: 30165.7, Diff: 0.0]
   [Code Root Fixup: 0.0 ms]
   [Code Root Purge: 0.0 ms]
   [Clear CT: 0.2 ms]
   [Other: 0.7 ms]
      [Choose CSet: 0.0 ms]
      [Ref Proc: 0.2 ms]
      [Ref Enq: 0.0 ms]
      [Redirty Cards: 0.2 ms]
      [Humongous Register: 0.1 ms]
      [Humongous Reclaim: 0.0 ms]
      [Free CSet: 0.1 ms]
   [Eden: 5120.0K(285.0M)->0.0B(282.0M) Survivors: 41.0M->6144.0K Heap: 1042.4M(2048.0M)->1044.9M(2048.0M)]
 [Times: user=0.58 sys=0.00, real=0.07 secs] 
2020-09-29T12:05:39.278+0200: 30.167: [GC concurrent-root-region-scan-start]
2020-09-29T12:05:39.279+0200: 30.168: [GC concurrent-root-region-scan-end, 0.0016148 secs]
2020-09-29T12:05:39.279+0200: 30.168: [GC concurrent-mark-start]
2020-09-29T12:05:39.282+0200: 30.171: [GC concurrent-mark-end, 0.0027116 secs]
2020-09-29T12:05:39.282+0200: 30.171: [GC remark 2020-09-29T12:05:39.282+0200: 30.171: [Finalize Marking, 0.0001942 secs] 2020-09-29T12:05:39.282+0200: 30.171: [GC ref-proc, 0.0003689 secs] 2020-09-29T12:05:39.283+0200: 30.172: [Unloading, 0.0004213 secs], 0.0012994 secs]
 [Times: user=0.00 sys=0.00, real=0.00 secs] 
2020-09-29T12:05:39.284+0200: 30.173: [GC cleanup 1055M->25M(2048M), 0.0013259 secs]
 [Times: user=0.00 sys=0.00, real=0.00 secs] 
2020-09-29T12:05:39.285+0200: 30.174: [GC concurrent-cleanup-start]
2020-09-29T12:05:39.287+0200: 30.176: [GC concurrent-cleanup-end, 0.0012831 secs]
2020-09-29T12:05:39.475+0200: 30.364: [GC pause (G1 Evacuation Pause) (young), 0.2775686 secs]
   [Parallel Time: 275.5 ms, GC Workers: 8]
      [GC Worker Start (ms): Min: 30363.9, Avg: 30364.9, Max: 30370.9, Diff: 6.9]
      [Ext Root Scanning (ms): Min: 0.0, Avg: 0.1, Max: 0.2, Diff: 0.2, Sum: 0.8]
      [Update RS (ms): Min: 24.8, Avg: 30.1, Max: 31.6, Diff: 6.8, Sum: 241.2]
         [Processed Buffers: Min: 14, Avg: 18.1, Max: 21, Diff: 7, Sum: 145]
      [Scan RS (ms): Min: 30.6, Avg: 31.2, Max: 31.8, Diff: 1.2, Sum: 250.0]
      [Code Root Scanning (ms): Min: 0.0, Avg: 0.0, Max: 0.0, Diff: 0.0, Sum: 0.0]
      [Object Copy (ms): Min: 212.6, Avg: 212.8, Max: 212.8, Diff: 0.2, Sum: 1702.0]
      [Termination (ms): Min: 0.0, Avg: 0.0, Max: 0.0, Diff: 0.0, Sum: 0.0]
         [Termination Attempts: Min: 1, Avg: 10.0, Max: 19, Diff: 18, Sum: 80]
      [GC Worker Other (ms): Min: 0.0, Avg: 0.1, Max: 0.1, Diff: 0.1, Sum: 0.5]
      [GC Worker Total (ms): Min: 268.3, Avg: 274.3, Max: 275.3, Diff: 7.0, Sum: 2194.5]
      [GC Worker End (ms): Min: 30639.2, Avg: 30639.2, Max: 30639.3, Diff: 0.1]
   [Code Root Fixup: 0.0 ms]
   [Code Root Purge: 0.0 ms]
   [Clear CT: 0.3 ms]
   [Other: 1.7 ms]
      [Choose CSet: 0.0 ms]
      [Ref Proc: 0.4 ms]
      [Ref Enq: 0.0 ms]
      [Redirty Cards: 0.7 ms]
      [Humongous Register: 0.1 ms]
      [Humongous Reclaim: 0.0 ms]
      [Free CSet: 0.3 ms]
   [Eden: 282.0M(282.0M)->0.0B(151.0M) Survivors: 6144.0K->36.0M Heap: 344.2M(2048.0M)->341.2M(2048.0M)]
 [Times: user=2.06 sys=0.06, real=0.28 secs] 
2020-09-29T12:05:39.902+0200: 30.791: [GC pause (G1 Evacuation Pause) (young), 0.1897860 secs]
   [Parallel Time: 188.2 ms, GC Workers: 8]
      [GC Worker Start (ms): Min: 30791.3, Avg: 30791.4, Max: 30791.5, Diff: 0.2]
      [Ext Root Scanning (ms): Min: 0.0, Avg: 0.1, Max: 0.2, Diff: 0.2, Sum: 0.9]
      [Update RS (ms): Min: 26.4, Avg: 26.8, Max: 27.5, Diff: 1.1, Sum: 214.8]
         [Processed Buffers: Min: 16, Avg: 17.3, Max: 20, Diff: 4, Sum: 138]
      [Scan RS (ms): Min: 10.1, Avg: 10.7, Max: 11.3, Diff: 1.2, Sum: 85.9]
      [Code Root Scanning (ms): Min: 0.0, Avg: 0.0, Max: 0.0, Diff: 0.0, Sum: 0.0]
      [Object Copy (ms): Min: 150.0, Avg: 150.1, Max: 150.2, Diff: 0.2, Sum: 1200.9]
      [Termination (ms): Min: 0.0, Avg: 0.0, Max: 0.0, Diff: 0.0, Sum: 0.1]
         [Termination Attempts: Min: 1, Avg: 45.4, Max: 70, Diff: 69, Sum: 363]
      [GC Worker Other (ms): Min: 0.0, Avg: 0.1, Max: 0.1, Diff: 0.1, Sum: 0.5]
      [GC Worker Total (ms): Min: 187.8, Avg: 187.9, Max: 188.1, Diff: 0.3, Sum: 1503.1]
      [GC Worker End (ms): Min: 30979.3, Avg: 30979.3, Max: 30979.4, Diff: 0.1]
   [Code Root Fixup: 0.0 ms]
   [Code Root Purge: 0.0 ms]
   [Clear CT: 0.3 ms]
   [Other: 1.2 ms]
      [Choose CSet: 0.0 ms]
      [Ref Proc: 0.2 ms]
      [Ref Enq: 0.0 ms]
      [Redirty Cards: 0.4 ms]
      [Humongous Register: 0.1 ms]
      [Humongous Reclaim: 0.0 ms]
      [Free CSet: 0.2 ms]
   [Eden: 151.0M(151.0M)->0.0B(145.0M) Survivors: 36.0M->24.0M Heap: 517.0M(2048.0M)->520.0M(2048.0M)]
 [Times: user=1.38 sys=0.02, real=0.19 secs] 
2020-09-29T12:05:40.228+0200: 31.117: [GC pause (G1 Evacuation Pause) (young), 0.1671221 secs]
   [Parallel Time: 165.6 ms, GC Workers: 8]
      [GC Worker Start (ms): Min: 31117.5, Avg: 31117.6, Max: 31117.8, Diff: 0.2]
      [Ext Root Scanning (ms): Min: 0.0, Avg: 0.1, Max: 0.2, Diff: 0.2, Sum: 0.9]
      [Update RS (ms): Min: 33.1, Avg: 33.4, Max: 34.2, Diff: 1.1, Sum: 267.2]
         [Processed Buffers: Min: 18, Avg: 19.4, Max: 22, Diff: 4, Sum: 155]
      [Scan RS (ms): Min: 9.5, Avg: 10.4, Max: 11.0, Diff: 1.5, Sum: 83.1]
      [Code Root Scanning (ms): Min: 0.0, Avg: 0.0, Max: 0.0, Diff: 0.0, Sum: 0.0]
      [Object Copy (ms): Min: 121.0, Avg: 121.2, Max: 121.5, Diff: 0.4, Sum: 969.9]
      [Termination (ms): Min: 0.0, Avg: 0.0, Max: 0.0, Diff: 0.0, Sum: 0.2]
         [Termination Attempts: Min: 1, Avg: 85.3, Max: 110, Diff: 109, Sum: 682]
      [GC Worker Other (ms): Min: 0.0, Avg: 0.0, Max: 0.1, Diff: 0.1, Sum: 0.4]
      [GC Worker Total (ms): Min: 165.1, Avg: 165.2, Max: 165.4, Diff: 0.3, Sum: 1321.7]
      [GC Worker End (ms): Min: 31282.8, Avg: 31282.9, Max: 31282.9, Diff: 0.1]
   [Code Root Fixup: 0.0 ms]
   [Code Root Purge: 0.0 ms]
   [Clear CT: 0.4 ms]
   [Other: 1.2 ms]
      [Choose CSet: 0.0 ms]
      [Ref Proc: 0.2 ms]
      [Ref Enq: 0.0 ms]
      [Redirty Cards: 0.4 ms]
      [Humongous Register: 0.1 ms]
      [Humongous Reclaim: 0.0 ms]
      [Free CSet: 0.2 ms]
   [Eden: 145.0M(145.0M)->0.0B(140.0M) Survivors: 24.0M->22.0M Heap: 689.8M(2048.0M)->692.3M(2048.0M)]
 [Times: user=1.20 sys=0.06, real=0.17 secs] 
2020-09-29T12:05:40.526+0200: 31.415: [GC pause (G1 Evacuation Pause) (young), 0.1676060 secs]
   [Parallel Time: 165.9 ms, GC Workers: 8]
      [GC Worker Start (ms): Min: 31415.6, Avg: 31415.7, Max: 31415.9, Diff: 0.3]
      [Ext Root Scanning (ms): Min: 0.0, Avg: 0.1, Max: 0.2, Diff: 0.2, Sum: 0.8]
      [Update RS (ms): Min: 20.8, Avg: 21.2, Max: 22.1, Diff: 1.3, Sum: 169.6]
         [Processed Buffers: Min: 13, Avg: 14.0, Max: 15, Diff: 2, Sum: 112]
      [Scan RS (ms): Min: 9.4, Avg: 10.2, Max: 10.7, Diff: 1.3, Sum: 81.8]
      [Code Root Scanning (ms): Min: 0.0, Avg: 0.0, Max: 0.0, Diff: 0.0, Sum: 0.0]
      [Object Copy (ms): Min: 133.6, Avg: 133.7, Max: 134.0, Diff: 0.4, Sum: 1070.0]
      [Termination (ms): Min: 0.0, Avg: 0.1, Max: 0.2, Diff: 0.2, Sum: 1.2]
         [Termination Attempts: Min: 1, Avg: 568.0, Max: 685, Diff: 684, Sum: 4544]
      [GC Worker Other (ms): Min: 0.0, Avg: 0.1, Max: 0.1, Diff: 0.1, Sum: 0.4]
      [GC Worker Total (ms): Min: 165.3, Avg: 165.5, Max: 165.6, Diff: 0.3, Sum: 1323.7]
      [GC Worker End (ms): Min: 31581.2, Avg: 31581.2, Max: 31581.3, Diff: 0.1]
   [Code Root Fixup: 0.0 ms]
   [Code Root Purge: 0.0 ms]
   [Clear CT: 0.6 ms]
   [Other: 1.1 ms]
      [Choose CSet: 0.0 ms]
      [Ref Proc: 0.2 ms]
      [Ref Enq: 0.0 ms]
      [Redirty Cards: 0.4 ms]
      [Humongous Register: 0.1 ms]
      [Humongous Reclaim: 0.0 ms]
      [Free CSet: 0.2 ms]
   [Eden: 140.0M(140.0M)->0.0B(142.0M) Survivors: 22.0M->21.0M Heap: 855.2M(2048.0M)->857.7M(2048.0M)]
 [Times: user=1.36 sys=0.00, real=0.17 secs] 
2020-09-29T12:05:40.827+0200: 31.717: [GC pause (G1 Evacuation Pause) (young), 0.1622377 secs]
   [Parallel Time: 160.5 ms, GC Workers: 8]
      [GC Worker Start (ms): Min: 31716.7, Avg: 31716.8, Max: 31716.8, Diff: 0.2]
      [Ext Root Scanning (ms): Min: 0.0, Avg: 0.1, Max: 0.2, Diff: 0.2, Sum: 1.0]
      [Update RS (ms): Min: 19.4, Avg: 19.7, Max: 21.0, Diff: 1.7, Sum: 157.7]
         [Processed Buffers: Min: 11, Avg: 13.1, Max: 16, Diff: 5, Sum: 105]
      [Scan RS (ms): Min: 15.3, Avg: 16.7, Max: 17.5, Diff: 2.1, Sum: 133.8]
      [Code Root Scanning (ms): Min: 0.0, Avg: 0.0, Max: 0.0, Diff: 0.0, Sum: 0.0]
      [Object Copy (ms): Min: 123.2, Avg: 123.5, Max: 123.6, Diff: 0.4, Sum: 988.0]
      [Termination (ms): Min: 0.0, Avg: 0.1, Max: 0.2, Diff: 0.2, Sum: 0.8]
         [Termination Attempts: Min: 1, Avg: 315.8, Max: 421, Diff: 420, Sum: 2526]
      [GC Worker Other (ms): Min: 0.0, Avg: 0.0, Max: 0.1, Diff: 0.1, Sum: 0.3]
      [GC Worker Total (ms): Min: 160.1, Avg: 160.2, Max: 160.3, Diff: 0.2, Sum: 1281.6]
      [GC Worker End (ms): Min: 31877.0, Avg: 31877.0, Max: 31877.0, Diff: 0.0]
   [Code Root Fixup: 0.0 ms]
   [Code Root Purge: 0.0 ms]
   [Clear CT: 0.3 ms]
   [Other: 1.5 ms]
      [Choose CSet: 0.0 ms]
      [Ref Proc: 0.5 ms]
      [Ref Enq: 0.0 ms]
      [Redirty Cards: 0.5 ms]
      [Humongous Register: 0.1 ms]
      [Humongous Reclaim: 0.0 ms]
      [Free CSet: 0.2 ms]
   [Eden: 142.0M(142.0M)->0.0B(144.0M) Survivors: 21.0M->21.0M Heap: 1024.5M(2048.0M)->1026.0M(2048.0M)]
 [Times: user=1.16 sys=0.09, real=0.16 secs] 
2020-09-29T12:05:40.999+0200: 31.888: [GC pause (G1 Humongous Allocation) (young) (initial-mark), 0.0744722 secs]
   [Parallel Time: 73.1 ms, GC Workers: 8]
      [GC Worker Start (ms): Min: 31888.7, Avg: 31888.8, Max: 31888.9, Diff: 0.2]
      [Ext Root Scanning (ms): Min: 0.0, Avg: 0.1, Max: 0.2, Diff: 0.2, Sum: 1.1]
      [Update RS (ms): Min: 35.3, Avg: 35.6, Max: 36.1, Diff: 0.7, Sum: 285.1]
         [Processed Buffers: Min: 18, Avg: 23.3, Max: 27, Diff: 9, Sum: 186]
      [Scan RS (ms): Min: 2.0, Avg: 2.7, Max: 3.9, Diff: 1.9, Sum: 21.3]
      [Code Root Scanning (ms): Min: 0.0, Avg: 0.0, Max: 0.0, Diff: 0.0, Sum: 0.0]
      [Object Copy (ms): Min: 33.0, Avg: 34.2, Max: 34.5, Diff: 1.5, Sum: 273.7]
      [Termination (ms): Min: 0.0, Avg: 0.2, Max: 0.2, Diff: 0.2, Sum: 1.3]
         [Termination Attempts: Min: 1, Avg: 611.0, Max: 800, Diff: 799, Sum: 4888]
      [GC Worker Other (ms): Min: 0.0, Avg: 0.0, Max: 0.1, Diff: 0.0, Sum: 0.2]
      [GC Worker Total (ms): Min: 72.7, Avg: 72.8, Max: 72.9, Diff: 0.2, Sum: 582.6]
      [GC Worker End (ms): Min: 31961.6, Avg: 31961.6, Max: 31961.6, Diff: 0.0]
   [Code Root Fixup: 0.0 ms]
   [Code Root Purge: 0.0 ms]
   [Clear CT: 0.3 ms]
   [Other: 1.0 ms]
      [Choose CSet: 0.0 ms]
      [Ref Proc: 0.3 ms]
      [Ref Enq: 0.0 ms]
      [Redirty Cards: 0.3 ms]
      [Humongous Register: 0.0 ms]
      [Humongous Reclaim: 0.0 ms]
      [Free CSet: 0.1 ms]
   [Eden: 10.0M(144.0M)->0.0B(141.0M) Survivors: 21.0M->12.0M Heap: 1036.0M(2048.0M)->1039.5M(2048.0M)]
 [Times: user=0.56 sys=0.02, real=0.07 secs] 
2020-09-29T12:05:41.074+0200: 31.963: [GC concurrent-root-region-scan-start]
2020-09-29T12:05:41.080+0200: 31.969: [GC concurrent-root-region-scan-end, 0.0059809 secs]
2020-09-29T12:05:41.080+0200: 31.969: [GC concurrent-mark-start]
2020-09-29T12:05:41.086+0200: 31.975: [GC concurrent-mark-end, 0.0057703 secs]
2020-09-29T12:05:41.086+0200: 31.975: [GC remark 2020-09-29T12:05:41.086+0200: 31.975: [Finalize Marking, 0.0003704 secs] 2020-09-29T12:05:41.086+0200: 31.976: [GC ref-proc, 0.0005582 secs] 2020-09-29T12:05:41.087+0200: 31.976: [Unloading, 0.0008061 secs], 0.0023328 secs]
 [Times: user=0.00 sys=0.00, real=0.00 secs] 
2020-09-29T12:05:41.089+0200: 31.978: [GC cleanup 1052M->34M(2048M), 0.0025515 secs]
 [Times: user=0.00 sys=0.00, real=0.00 secs] 
2020-09-29T12:05:41.092+0200: 31.981: [GC concurrent-cleanup-start]
2020-09-29T12:05:41.095+0200: 31.985: [GC concurrent-cleanup-end, 0.0038919 secs]
2020-09-29T12:05:41.214+0200: 32.103: [GC pause (G1 Evacuation Pause) (young), 0.1830864 secs]
   [Parallel Time: 181.4 ms, GC Workers: 8]
      [GC Worker Start (ms): Min: 32103.6, Avg: 32103.8, Max: 32103.9, Diff: 0.3]
      [Ext Root Scanning (ms): Min: 0.0, Avg: 0.1, Max: 0.3, Diff: 0.3, Sum: 0.8]
      [Update RS (ms): Min: 20.2, Avg: 20.6, Max: 21.4, Diff: 1.2, Sum: 165.1]
         [Processed Buffers: Min: 12, Avg: 13.3, Max: 15, Diff: 3, Sum: 106]
      [Scan RS (ms): Min: 12.1, Avg: 12.8, Max: 13.2, Diff: 1.1, Sum: 102.6]
      [Code Root Scanning (ms): Min: 0.0, Avg: 0.0, Max: 0.0, Diff: 0.0, Sum: 0.0]
      [Object Copy (ms): Min: 146.3, Avg: 146.5, Max: 147.4, Diff: 1.1, Sum: 1172.3]
      [Termination (ms): Min: 0.0, Avg: 0.9, Max: 1.2, Diff: 1.2, Sum: 7.5]
         [Termination Attempts: Min: 1, Avg: 3162.1, Max: 3925, Diff: 3924, Sum: 25297]
      [GC Worker Other (ms): Min: 0.0, Avg: 0.0, Max: 0.1, Diff: 0.1, Sum: 0.4]
      [GC Worker Total (ms): Min: 180.9, Avg: 181.1, Max: 181.3, Diff: 0.3, Sum: 1448.7]
      [GC Worker End (ms): Min: 32284.9, Avg: 32284.9, Max: 32284.9, Diff: 0.1]
   [Code Root Fixup: 0.0 ms]
   [Code Root Purge: 0.0 ms]
   [Clear CT: 0.5 ms]
   [Other: 1.2 ms]
      [Choose CSet: 0.0 ms]
      [Ref Proc: 0.2 ms]
      [Ref Enq: 0.0 ms]
      [Redirty Cards: 0.5 ms]
      [Humongous Register: 0.0 ms]
      [Humongous Reclaim: 0.0 ms]
      [Free CSet: 0.1 ms]
   [Eden: 141.0M(141.0M)->0.0B(127.0M) Survivors: 12.0M->20.0M Heap: 186.8M(2048.0M)->177.3M(2048.0M)]
 [Times: user=1.33 sys=0.06, real=0.18 secs] 
2020-09-29T12:05:41.513+0200: 32.402: [GC pause (G1 Evacuation Pause) (young), 0.1483845 secs]
   [Parallel Time: 146.9 ms, GC Workers: 8]
      [GC Worker Start (ms): Min: 32401.8, Avg: 32402.0, Max: 32402.1, Diff: 0.3]
      [Ext Root Scanning (ms): Min: 0.0, Avg: 0.1, Max: 0.3, Diff: 0.3, Sum: 0.8]
      [Update RS (ms): Min: 19.3, Avg: 19.8, Max: 20.7, Diff: 1.4, Sum: 158.2]
         [Processed Buffers: Min: 11, Avg: 12.8, Max: 15, Diff: 4, Sum: 102]
      [Scan RS (ms): Min: 12.7, Avg: 13.9, Max: 14.4, Diff: 1.8, Sum: 110.8]
      [Code Root Scanning (ms): Min: 0.0, Avg: 0.0, Max: 0.0, Diff: 0.0, Sum: 0.0]
      [Object Copy (ms): Min: 112.3, Avg: 112.5, Max: 112.8, Diff: 0.5, Sum: 900.1]
      [Termination (ms): Min: 0.0, Avg: 0.2, Max: 0.3, Diff: 0.3, Sum: 1.8]
         [Termination Attempts: Min: 1, Avg: 762.5, Max: 1028, Diff: 1027, Sum: 6100]
      [GC Worker Other (ms): Min: 0.0, Avg: 0.0, Max: 0.1, Diff: 0.1, Sum: 0.3]
      [GC Worker Total (ms): Min: 146.4, Avg: 146.5, Max: 146.7, Diff: 0.3, Sum: 1172.0]
      [GC Worker End (ms): Min: 32548.4, Avg: 32548.5, Max: 32548.5, Diff: 0.1]
   [Code Root Fixup: 0.0 ms]
   [Code Root Purge: 0.0 ms]
   [Clear CT: 0.2 ms]
   [Other: 1.2 ms]
      [Choose CSet: 0.0 ms]
      [Ref Proc: 0.3 ms]
      [Ref Enq: 0.0 ms]
      [Redirty Cards: 0.3 ms]
      [Humongous Register: 0.0 ms]
      [Humongous Reclaim: 0.0 ms]
      [Free CSet: 0.2 ms]
   [Eden: 127.0M(127.0M)->0.0B(135.0M) Survivors: 20.0M->19.0M Heap: 325.3M(2048.0M)->326.8M(2048.0M)]
 [Times: user=1.08 sys=0.06, real=0.15 secs] 
2020-09-29T12:05:41.792+0200: 32.681: [GC pause (G1 Evacuation Pause) (young), 0.1498521 secs]
   [Parallel Time: 148.4 ms, GC Workers: 8]
      [GC Worker Start (ms): Min: 32681.0, Avg: 32681.1, Max: 32681.2, Diff: 0.2]
      [Ext Root Scanning (ms): Min: 0.0, Avg: 0.1, Max: 0.2, Diff: 0.2, Sum: 0.9]
      [Update RS (ms): Min: 17.7, Avg: 17.9, Max: 18.3, Diff: 0.6, Sum: 143.3]
         [Processed Buffers: Min: 11, Avg: 12.8, Max: 15, Diff: 4, Sum: 102]
      [Scan RS (ms): Min: 11.1, Avg: 11.3, Max: 11.6, Diff: 0.5, Sum: 90.7]
      [Code Root Scanning (ms): Min: 0.0, Avg: 0.0, Max: 0.0, Diff: 0.0, Sum: 0.0]
      [Object Copy (ms): Min: 118.5, Avg: 118.6, Max: 118.7, Diff: 0.3, Sum: 949.1]
      [Termination (ms): Min: 0.0, Avg: 0.0, Max: 0.0, Diff: 0.0, Sum: 0.1]
         [Termination Attempts: Min: 1, Avg: 34.9, Max: 46, Diff: 45, Sum: 279]
      [GC Worker Other (ms): Min: 0.0, Avg: 0.0, Max: 0.1, Diff: 0.1, Sum: 0.4]
      [GC Worker Total (ms): Min: 148.0, Avg: 148.1, Max: 148.2, Diff: 0.2, Sum: 1184.4]
      [GC Worker End (ms): Min: 32829.2, Avg: 32829.2, Max: 32829.2, Diff: 0.1]
   [Code Root Fixup: 0.0 ms]
   [Code Root Purge: 0.0 ms]
   [Clear CT: 0.3 ms]
   [Other: 1.1 ms]
      [Choose CSet: 0.0 ms]
      [Ref Proc: 0.4 ms]
      [Ref Enq: 0.0 ms]
      [Redirty Cards: 0.3 ms]
      [Humongous Register: 0.1 ms]
      [Humongous Reclaim: 0.0 ms]
      [Free CSet: 0.1 ms]
   [Eden: 135.0M(135.0M)->0.0B(144.0M) Survivors: 19.0M->20.0M Heap: 484.7M(2048.0M)->486.2M(2048.0M)]
 [Times: user=1.13 sys=0.00, real=0.15 secs] 
2020-09-29T12:05:42.072+0200: 32.961: [GC pause (G1 Evacuation Pause) (young), 0.1626942 secs]
   [Parallel Time: 161.0 ms, GC Workers: 8]
      [GC Worker Start (ms): Min: 32961.3, Avg: 32961.5, Max: 32961.6, Diff: 0.3]
      [Ext Root Scanning (ms): Min: 0.0, Avg: 0.1, Max: 0.2, Diff: 0.2, Sum: 0.8]
      [Update RS (ms): Min: 23.3, Avg: 23.8, Max: 24.5, Diff: 1.2, Sum: 190.3]
         [Processed Buffers: Min: 9, Avg: 12.6, Max: 14, Diff: 5, Sum: 101]
      [Scan RS (ms): Min: 16.1, Avg: 16.7, Max: 17.2, Diff: 1.2, Sum: 134.0]
      [Code Root Scanning (ms): Min: 0.0, Avg: 0.0, Max: 0.0, Diff: 0.0, Sum: 0.0]
      [Object Copy (ms): Min: 119.8, Avg: 119.9, Max: 120.0, Diff: 0.2, Sum: 959.2]
      [Termination (ms): Min: 0.0, Avg: 0.1, Max: 0.1, Diff: 0.1, Sum: 0.6]
         [Termination Attempts: Min: 1, Avg: 268.5, Max: 331, Diff: 330, Sum: 2148]
      [GC Worker Other (ms): Min: 0.0, Avg: 0.0, Max: 0.1, Diff: 0.1, Sum: 0.4]
      [GC Worker Total (ms): Min: 160.6, Avg: 160.7, Max: 160.8, Diff: 0.2, Sum: 1285.2]
      [GC Worker End (ms): Min: 33122.1, Avg: 33122.1, Max: 33122.2, Diff: 0.1]
   [Code Root Fixup: 0.0 ms]
   [Code Root Purge: 0.0 ms]
   [Clear CT: 0.3 ms]
   [Other: 1.4 ms]
      [Choose CSet: 0.0 ms]
      [Ref Proc: 0.4 ms]
      [Ref Enq: 0.0 ms]
      [Redirty Cards: 0.5 ms]
      [Humongous Register: 0.1 ms]
      [Humongous Reclaim: 0.0 ms]
      [Free CSet: 0.2 ms]
   [Eden: 144.0M(144.0M)->0.0B(146.0M) Survivors: 20.0M->21.0M Heap: 653.1M(2048.0M)->655.1M(2048.0M)]
 [Times: user=1.19 sys=0.03, real=0.16 secs] 
2020-09-29T12:05:42.372+0200: 33.262: [GC pause (G1 Evacuation Pause) (young), 0.1586660 secs]
   [Parallel Time: 156.9 ms, GC Workers: 8]
      [GC Worker Start (ms): Min: 33261.8, Avg: 33261.9, Max: 33262.1, Diff: 0.2]
      [Ext Root Scanning (ms): Min: 0.0, Avg: 0.1, Max: 0.2, Diff: 0.2, Sum: 0.8]
      [Update RS (ms): Min: 17.2, Avg: 17.5, Max: 18.1, Diff: 0.9, Sum: 139.9]
         [Processed Buffers: Min: 11, Avg: 12.3, Max: 13, Diff: 2, Sum: 98]
      [Scan RS (ms): Min: 11.3, Avg: 12.0, Max: 12.2, Diff: 0.9, Sum: 96.0]
      [Code Root Scanning (ms): Min: 0.0, Avg: 0.0, Max: 0.0, Diff: 0.0, Sum: 0.0]
      [Object Copy (ms): Min: 126.5, Avg: 126.8, Max: 127.0, Diff: 0.4, Sum: 1014.7]
      [Termination (ms): Min: 0.0, Avg: 0.2, Max: 0.2, Diff: 0.2, Sum: 1.3]
         [Termination Attempts: Min: 1, Avg: 580.3, Max: 721, Diff: 720, Sum: 4642]
      [GC Worker Other (ms): Min: 0.0, Avg: 0.0, Max: 0.1, Diff: 0.0, Sum: 0.2]
      [GC Worker Total (ms): Min: 156.5, Avg: 156.6, Max: 156.7, Diff: 0.2, Sum: 1252.9]
      [GC Worker End (ms): Min: 33418.5, Avg: 33418.6, Max: 33418.6, Diff: 0.0]
   [Code Root Fixup: 0.0 ms]
   [Code Root Purge: 0.0 ms]
   [Clear CT: 0.4 ms]
   [Other: 1.3 ms]
      [Choose CSet: 0.0 ms]
      [Ref Proc: 0.4 ms]
      [Ref Enq: 0.0 ms]
      [Redirty Cards: 0.3 ms]
      [Humongous Register: 0.1 ms]
      [Humongous Reclaim: 0.0 ms]
      [Free CSet: 0.2 ms]
   [Eden: 146.0M(146.0M)->0.0B(155.0M) Survivors: 21.0M->21.0M Heap: 825.8M(2048.0M)->828.3M(2048.0M)]
 [Times: user=1.20 sys=0.02, real=0.16 secs] 
2020-09-29T12:05:42.688+0200: 33.577: [GC pause (G1 Evacuation Pause) (young), 0.1660386 secs]
   [Parallel Time: 164.1 ms, GC Workers: 8]
      [GC Worker Start (ms): Min: 33576.9, Avg: 33577.0, Max: 33577.2, Diff: 0.2]
      [Ext Root Scanning (ms): Min: 0.0, Avg: 0.1, Max: 0.2, Diff: 0.2, Sum: 1.0]
      [Update RS (ms): Min: 19.8, Avg: 20.1, Max: 21.4, Diff: 1.5, Sum: 160.8]
         [Processed Buffers: Min: 13, Avg: 14.3, Max: 15, Diff: 2, Sum: 114]
      [Scan RS (ms): Min: 12.3, Avg: 13.7, Max: 14.1, Diff: 1.8, Sum: 109.5]
      [Code Root Scanning (ms): Min: 0.0, Avg: 0.0, Max: 0.0, Diff: 0.0, Sum: 0.0]
      [Object Copy (ms): Min: 129.6, Avg: 129.8, Max: 130.0, Diff: 0.4, Sum: 1038.6]
      [Termination (ms): Min: 0.0, Avg: 0.0, Max: 0.0, Diff: 0.0, Sum: 0.2]
         [Termination Attempts: Min: 1, Avg: 64.3, Max: 86, Diff: 85, Sum: 514]
      [GC Worker Other (ms): Min: 0.0, Avg: 0.0, Max: 0.1, Diff: 0.1, Sum: 0.4]
      [GC Worker Total (ms): Min: 163.6, Avg: 163.8, Max: 163.9, Diff: 0.3, Sum: 1310.4]
      [GC Worker End (ms): Min: 33740.8, Avg: 33740.8, Max: 33740.9, Diff: 0.1]
   [Code Root Fixup: 0.0 ms]
   [Code Root Purge: 0.0 ms]
   [Clear CT: 0.7 ms]
   [Other: 1.2 ms]
      [Choose CSet: 0.0 ms]
      [Ref Proc: 0.3 ms]
      [Ref Enq: 0.0 ms]
      [Redirty Cards: 0.4 ms]
      [Humongous Register: 0.1 ms]
      [Humongous Reclaim: 0.0 ms]
      [Free CSet: 0.2 ms]
   [Eden: 155.0M(155.0M)->0.0B(162.0M) Survivors: 21.0M->22.0M Heap: 1010.1M(2048.0M)->1011.6M(2048.0M)]
 [Times: user=1.38 sys=0.00, real=0.17 secs] 
2020-09-29T12:05:42.870+0200: 33.759: [GC pause (G1 Humongous Allocation) (young) (initial-mark), 0.0730843 secs]
   [Parallel Time: 71.6 ms, GC Workers: 8]
      [GC Worker Start (ms): Min: 33758.9, Avg: 33759.2, Max: 33759.4, Diff: 0.5]
      [Ext Root Scanning (ms): Min: 0.0, Avg: 0.9, Max: 4.3, Diff: 4.3, Sum: 7.0]
      [Update RS (ms): Min: 25.3, Avg: 28.8, Max: 31.2, Diff: 5.9, Sum: 230.1]
         [Processed Buffers: Min: 17, Avg: 19.6, Max: 22, Diff: 5, Sum: 157]
      [Scan RS (ms): Min: 0.7, Avg: 2.6, Max: 3.4, Diff: 2.8, Sum: 20.8]
      [Code Root Scanning (ms): Min: 0.0, Avg: 0.0, Max: 0.0, Diff: 0.0, Sum: 0.0]
      [Object Copy (ms): Min: 38.6, Avg: 38.7, Max: 38.9, Diff: 0.3, Sum: 309.6]
      [Termination (ms): Min: 0.0, Avg: 0.2, Max: 0.3, Diff: 0.3, Sum: 1.9]
         [Termination Attempts: Min: 1, Avg: 748.8, Max: 945, Diff: 944, Sum: 5990]
      [GC Worker Other (ms): Min: 0.0, Avg: 0.0, Max: 0.1, Diff: 0.0, Sum: 0.3]
      [GC Worker Total (ms): Min: 70.9, Avg: 71.2, Max: 71.4, Diff: 0.5, Sum: 569.6]
      [GC Worker End (ms): Min: 33830.4, Avg: 33830.4, Max: 33830.4, Diff: 0.0]
   [Code Root Fixup: 0.0 ms]
   [Code Root Purge: 0.0 ms]
   [Clear CT: 0.5 ms]
   [Other: 1.0 ms]
      [Choose CSet: 0.0 ms]
      [Ref Proc: 0.2 ms]
      [Ref Enq: 0.0 ms]
      [Redirty Cards: 0.3 ms]
      [Humongous Register: 0.0 ms]
      [Humongous Reclaim: 0.0 ms]
      [Free CSet: 0.1 ms]
   [Eden: 11.0M(162.0M)->0.0B(149.0M) Survivors: 22.0M->12.0M Heap: 1022.1M(2048.0M)->1025.6M(2048.0M)]
 [Times: user=0.63 sys=0.00, real=0.07 secs] 
2020-09-29T12:05:42.943+0200: 33.832: [GC concurrent-root-region-scan-start]
2020-09-29T12:05:42.950+0200: 33.839: [GC concurrent-root-region-scan-end, 0.0064362 secs]
2020-09-29T12:05:42.950+0200: 33.839: [GC concurrent-mark-start]
2020-09-29T12:05:42.954+0200: 33.842: [GC concurrent-mark-end, 0.0037460 secs]
2020-09-29T12:05:42.954+0200: 33.843: [GC remark 2020-09-29T12:05:42.954+0200: 33.843: [Finalize Marking, 0.0002993 secs] 2020-09-29T12:05:42.954+0200: 33.843: [GC ref-proc, 0.0005132 secs] 2020-09-29T12:05:42.955+0200: 33.843: [Unloading, 0.0007465 secs], 0.0019543 secs]
 [Times: user=0.00 sys=0.00, real=0.00 secs] 
2020-09-29T12:05:42.956+0200: 33.845: [GC cleanup 1038M->33M(2048M), 0.0016923 secs]
 [Times: user=0.13 sys=0.00, real=0.00 secs] 
2020-09-29T12:05:42.958+0200: 33.847: [GC concurrent-cleanup-start]
2020-09-29T12:05:42.960+0200: 33.849: [GC concurrent-cleanup-end, 0.0022526 secs]
2020-09-29T12:05:43.086+0200: 33.975: [GC pause (G1 Evacuation Pause) (young), 0.1587654 secs]
   [Parallel Time: 156.2 ms, GC Workers: 8]
      [GC Worker Start (ms): Min: 33975.2, Avg: 33975.4, Max: 33975.5, Diff: 0.3]
      [Ext Root Scanning (ms): Min: 0.0, Avg: 0.1, Max: 0.3, Diff: 0.3, Sum: 0.8]
      [Update RS (ms): Min: 19.9, Avg: 20.1, Max: 21.3, Diff: 1.5, Sum: 160.8]
         [Processed Buffers: Min: 10, Avg: 12.5, Max: 16, Diff: 6, Sum: 100]
      [Scan RS (ms): Min: 13.8, Avg: 15.1, Max: 15.4, Diff: 1.6, Sum: 120.6]
      [Code Root Scanning (ms): Min: 0.0, Avg: 0.0, Max: 0.0, Diff: 0.0, Sum: 0.0]
      [Object Copy (ms): Min: 120.2, Avg: 120.4, Max: 120.6, Diff: 0.4, Sum: 962.9]
      [Termination (ms): Min: 0.0, Avg: 0.2, Max: 0.2, Diff: 0.2, Sum: 1.3]
         [Termination Attempts: Min: 1, Avg: 549.1, Max: 694, Diff: 693, Sum: 4393]
      [GC Worker Other (ms): Min: 0.0, Avg: 0.1, Max: 0.1, Diff: 0.1, Sum: 0.5]
      [GC Worker Total (ms): Min: 155.7, Avg: 155.9, Max: 156.0, Diff: 0.3, Sum: 1246.8]
      [GC Worker End (ms): Min: 34131.2, Avg: 34131.2, Max: 34131.3, Diff: 0.1]
   [Code Root Fixup: 0.0 ms]
   [Code Root Purge: 0.0 ms]
   [Clear CT: 0.8 ms]
   [Other: 1.7 ms]
      [Choose CSet: 0.0 ms]
      [Ref Proc: 0.5 ms]
      [Ref Enq: 0.0 ms]
      [Redirty Cards: 0.7 ms]
      [Humongous Register: 0.1 ms]
      [Humongous Reclaim: 0.0 ms]
      [Free CSet: 0.1 ms]
   [Eden: 149.0M(149.0M)->0.0B(144.0M) Survivors: 12.0M->21.0M Heap: 196.7M(2048.0M)->186.7M(2048.0M)]
 [Times: user=1.23 sys=0.02, real=0.16 secs] 
2020-09-29T12:05:43.379+0200: 34.268: [GC pause (G1 Evacuation Pause) (young), 0.1686606 secs]
   [Parallel Time: 167.0 ms, GC Workers: 8]
      [GC Worker Start (ms): Min: 34268.0, Avg: 34268.2, Max: 34268.3, Diff: 0.2]
      [Ext Root Scanning (ms): Min: 0.0, Avg: 0.1, Max: 0.2, Diff: 0.2, Sum: 0.8]
      [Update RS (ms): Min: 18.8, Avg: 19.0, Max: 20.0, Diff: 1.2, Sum: 152.0]
         [Processed Buffers: Min: 11, Avg: 12.1, Max: 13, Diff: 2, Sum: 97]
      [Scan RS (ms): Min: 16.0, Avg: 17.0, Max: 17.3, Diff: 1.3, Sum: 136.4]
      [Code Root Scanning (ms): Min: 0.0, Avg: 0.0, Max: 0.0, Diff: 0.0, Sum: 0.0]
      [Object Copy (ms): Min: 130.0, Avg: 130.2, Max: 130.3, Diff: 0.3, Sum: 1041.9]
      [Termination (ms): Min: 0.0, Avg: 0.2, Max: 0.2, Diff: 0.2, Sum: 1.2]
         [Termination Attempts: Min: 1, Avg: 563.6, Max: 712, Diff: 711, Sum: 4509]
      [GC Worker Other (ms): Min: 0.0, Avg: 0.0, Max: 0.1, Diff: 0.1, Sum: 0.4]
      [GC Worker Total (ms): Min: 166.5, Avg: 166.6, Max: 166.7, Diff: 0.2, Sum: 1332.7]
      [GC Worker End (ms): Min: 34434.7, Avg: 34434.7, Max: 34434.8, Diff: 0.1]
   [Code Root Fixup: 0.0 ms]
   [Code Root Purge: 0.0 ms]
   [Clear CT: 0.3 ms]
   [Other: 1.4 ms]
      [Choose CSet: 0.0 ms]
      [Ref Proc: 0.3 ms]
      [Ref Enq: 0.0 ms]
      [Redirty Cards: 0.4 ms]
      [Humongous Register: 0.0 ms]
      [Humongous Reclaim: 0.0 ms]
      [Free CSet: 0.3 ms]
   [Eden: 144.0M(144.0M)->0.0B(146.0M) Survivors: 21.0M->21.0M Heap: 353.6M(2048.0M)->355.6M(2048.0M)]
 [Times: user=1.28 sys=0.06, real=0.17 secs] 
2020-09-29T12:05:43.685+0200: 34.574: [GC pause (G1 Evacuation Pause) (young), 0.1572608 secs]
   [Parallel Time: 155.5 ms, GC Workers: 8]
      [GC Worker Start (ms): Min: 34574.2, Avg: 34574.4, Max: 34574.6, Diff: 0.5]
      [Ext Root Scanning (ms): Min: 0.0, Avg: 0.1, Max: 0.3, Diff: 0.3, Sum: 0.8]
      [Update RS (ms): Min: 14.3, Avg: 14.9, Max: 16.7, Diff: 2.4, Sum: 118.8]
         [Processed Buffers: Min: 9, Avg: 10.4, Max: 13, Diff: 4, Sum: 83]
      [Scan RS (ms): Min: 11.6, Avg: 13.6, Max: 14.2, Diff: 2.6, Sum: 108.7]
      [Code Root Scanning (ms): Min: 0.0, Avg: 0.0, Max: 0.0, Diff: 0.0, Sum: 0.0]
      [Object Copy (ms): Min: 126.2, Avg: 126.4, Max: 126.5, Diff: 0.4, Sum: 1011.1]
      [Termination (ms): Min: 0.0, Avg: 0.2, Max: 0.2, Diff: 0.2, Sum: 1.4]
         [Termination Attempts: Min: 1, Avg: 589.1, Max: 782, Diff: 781, Sum: 4713]
      [GC Worker Other (ms): Min: 0.0, Avg: 0.0, Max: 0.1, Diff: 0.1, Sum: 0.4]
      [GC Worker Total (ms): Min: 154.9, Avg: 155.2, Max: 155.4, Diff: 0.5, Sum: 1241.3]
      [GC Worker End (ms): Min: 34729.5, Avg: 34729.6, Max: 34729.6, Diff: 0.1]
   [Code Root Fixup: 0.0 ms]
   [Code Root Purge: 0.0 ms]
   [Clear CT: 0.3 ms]
   [Other: 1.5 ms]
      [Choose CSet: 0.0 ms]
      [Ref Proc: 0.4 ms]
      [Ref Enq: 0.0 ms]
      [Redirty Cards: 0.6 ms]
      [Humongous Register: 0.1 ms]
      [Humongous Reclaim: 0.0 ms]
      [Free CSet: 0.2 ms]
   [Eden: 146.0M(146.0M)->0.0B(152.0M) Survivors: 21.0M->21.0M Heap: 526.4M(2048.0M)->528.4M(2048.0M)]
 [Times: user=1.25 sys=0.00, real=0.16 secs] 
2020-09-29T12:05:43.985+0200: 34.874: [GC pause (G1 Evacuation Pause) (young), 0.1713263 secs]
   [Parallel Time: 169.7 ms, GC Workers: 8]
      [GC Worker Start (ms): Min: 34873.8, Avg: 34874.0, Max: 34874.1, Diff: 0.2]
      [Ext Root Scanning (ms): Min: 0.0, Avg: 0.1, Max: 0.2, Diff: 0.2, Sum: 0.9]
      [Update RS (ms): Min: 17.0, Avg: 17.4, Max: 18.2, Diff: 1.2, Sum: 139.4]
         [Processed Buffers: Min: 11, Avg: 11.9, Max: 14, Diff: 3, Sum: 95]
      [Scan RS (ms): Min: 13.0, Avg: 13.9, Max: 14.5, Diff: 1.5, Sum: 111.3]
      [Code Root Scanning (ms): Min: 0.0, Avg: 0.0, Max: 0.0, Diff: 0.0, Sum: 0.0]
      [Object Copy (ms): Min: 137.5, Avg: 137.7, Max: 137.8, Diff: 0.3, Sum: 1102.0]
      [Termination (ms): Min: 0.0, Avg: 0.2, Max: 0.2, Diff: 0.2, Sum: 1.2]
         [Termination Attempts: Min: 1, Avg: 570.0, Max: 707, Diff: 706, Sum: 4560]
      [GC Worker Other (ms): Min: 0.0, Avg: 0.1, Max: 0.1, Diff: 0.1, Sum: 0.4]
      [GC Worker Total (ms): Min: 169.3, Avg: 169.4, Max: 169.5, Diff: 0.2, Sum: 1355.2]
      [GC Worker End (ms): Min: 35043.3, Avg: 35043.4, Max: 35043.4, Diff: 0.1]
   [Code Root Fixup: 0.0 ms]
   [Code Root Purge: 0.0 ms]
   [Clear CT: 0.3 ms]
   [Other: 1.3 ms]
      [Choose CSet: 0.0 ms]
      [Ref Proc: 0.3 ms]
      [Ref Enq: 0.0 ms]
      [Redirty Cards: 0.4 ms]
      [Humongous Register: 0.1 ms]
      [Humongous Reclaim: 0.0 ms]
      [Free CSet: 0.3 ms]
   [Eden: 152.0M(152.0M)->0.0B(155.0M) Survivors: 21.0M->22.0M Heap: 705.2M(2048.0M)->707.2M(2048.0M)]
 [Times: user=1.38 sys=0.00, real=0.17 secs] 
2020-09-29T12:05:44.305+0200: 35.194: [GC pause (G1 Evacuation Pause) (young), 0.1670597 secs]
   [Parallel Time: 163.4 ms, GC Workers: 8]
      [GC Worker Start (ms): Min: 35193.9, Avg: 35194.0, Max: 35194.2, Diff: 0.2]
      [Ext Root Scanning (ms): Min: 0.0, Avg: 0.1, Max: 0.2, Diff: 0.2, Sum: 1.0]
      [Update RS (ms): Min: 19.8, Avg: 20.1, Max: 21.1, Diff: 1.3, Sum: 160.5]
         [Processed Buffers: Min: 12, Avg: 14.1, Max: 16, Diff: 4, Sum: 113]
      [Scan RS (ms): Min: 11.7, Avg: 13.0, Max: 16.1, Diff: 4.4, Sum: 104.2]
      [Code Root Scanning (ms): Min: 0.0, Avg: 0.0, Max: 0.0, Diff: 0.0, Sum: 0.0]
      [Object Copy (ms): Min: 126.6, Avg: 129.7, Max: 130.3, Diff: 3.7, Sum: 1037.8]
      [Termination (ms): Min: 0.0, Avg: 0.0, Max: 0.1, Diff: 0.1, Sum: 0.4]
         [Termination Attempts: Min: 1, Avg: 194.0, Max: 241, Diff: 240, Sum: 1552]
      [GC Worker Other (ms): Min: 0.0, Avg: 0.0, Max: 0.1, Diff: 0.1, Sum: 0.4]
      [GC Worker Total (ms): Min: 162.9, Avg: 163.0, Max: 163.1, Diff: 0.2, Sum: 1304.2]
      [GC Worker End (ms): Min: 35357.0, Avg: 35357.0, Max: 35357.1, Diff: 0.1]
   [Code Root Fixup: 0.0 ms]
   [Code Root Purge: 0.0 ms]
   [Clear CT: 0.5 ms]
   [Other: 3.2 ms]
      [Choose CSet: 0.0 ms]
      [Ref Proc: 0.2 ms]
      [Ref Enq: 0.0 ms]
      [Redirty Cards: 2.4 ms]
      [Humongous Register: 0.1 ms]
      [Humongous Reclaim: 0.0 ms]
      [Free CSet: 0.3 ms]
   [Eden: 155.0M(155.0M)->0.0B(160.0M) Survivors: 22.0M->23.0M Heap: 888.9M(2048.0M)->891.9M(2048.0M)]
 [Times: user=1.25 sys=0.00, real=0.17 secs] 
2020-09-29T12:05:44.725+0200: 35.614: [GC pause (G1 Evacuation Pause) (young), 0.2863185 secs]
   [Parallel Time: 281.0 ms, GC Workers: 8]
      [GC Worker Start (ms): Min: 35614.0, Avg: 35614.2, Max: 35614.4, Diff: 0.4]
      [Ext Root Scanning (ms): Min: 0.0, Avg: 0.2, Max: 0.4, Diff: 0.4, Sum: 1.6]
      [Update RS (ms): Min: 30.0, Avg: 30.3, Max: 30.7, Diff: 0.7, Sum: 242.1]
         [Processed Buffers: Min: 12, Avg: 13.5, Max: 15, Diff: 3, Sum: 108]
      [Scan RS (ms): Min: 23.3, Avg: 23.9, Max: 24.2, Diff: 0.9, Sum: 190.9]
      [Code Root Scanning (ms): Min: 0.0, Avg: 0.0, Max: 0.0, Diff: 0.0, Sum: 0.0]
      [Object Copy (ms): Min: 225.7, Avg: 225.9, Max: 226.0, Diff: 0.3, Sum: 1807.1]
      [Termination (ms): Min: 0.0, Avg: 0.2, Max: 0.2, Diff: 0.2, Sum: 1.3]
         [Termination Attempts: Min: 1, Avg: 355.8, Max: 439, Diff: 438, Sum: 2846]
      [GC Worker Other (ms): Min: 0.0, Avg: 0.1, Max: 0.1, Diff: 0.1, Sum: 0.6]
      [GC Worker Total (ms): Min: 280.3, Avg: 280.5, Max: 280.6, Diff: 0.3, Sum: 2243.6]
      [GC Worker End (ms): Min: 35894.6, Avg: 35894.7, Max: 35894.7, Diff: 0.1]
   [Code Root Fixup: 0.0 ms]
   [Code Root Purge: 0.0 ms]
   [Clear CT: 0.8 ms]
   [Other: 4.5 ms]
      [Choose CSet: 0.0 ms]
      [Ref Proc: 0.6 ms]
      [Ref Enq: 0.0 ms]
      [Redirty Cards: 3.2 ms]
      [Humongous Register: 0.1 ms]
      [Humongous Reclaim: 0.0 ms]
      [Free CSet: 0.3 ms]
   [Eden: 160.0M(160.0M)->0.0B(111.0M) Survivors: 23.0M->23.0M Heap: 1078.6M(2048.0M)->1080.1M(2048.0M)]
 [Times: user=2.23 sys=0.00, real=0.29 secs] 
2020-09-29T12:05:45.053+0200: 35.941: [GC pause (G1 Humongous Allocation) (young) (initial-mark), 0.1023287 secs]
   [Parallel Time: 100.0 ms, GC Workers: 8]
      [GC Worker Start (ms): Min: 35941.8, Avg: 35942.0, Max: 35942.3, Diff: 0.5]
      [Ext Root Scanning (ms): Min: 0.0, Avg: 1.1, Max: 6.1, Diff: 6.1, Sum: 8.8]
      [Update RS (ms): Min: 28.1, Avg: 33.0, Max: 34.3, Diff: 6.2, Sum: 264.3]
         [Processed Buffers: Min: 10, Avg: 13.4, Max: 16, Diff: 6, Sum: 107]
      [Scan RS (ms): Min: 4.0, Avg: 4.4, Max: 5.3, Diff: 1.3, Sum: 35.4]
      [Code Root Scanning (ms): Min: 0.0, Avg: 0.0, Max: 0.0, Diff: 0.0, Sum: 0.0]
      [Object Copy (ms): Min: 60.7, Avg: 60.9, Max: 61.0, Diff: 0.3, Sum: 487.1]
      [Termination (ms): Min: 0.0, Avg: 0.0, Max: 0.0, Diff: 0.0, Sum: 0.1]
         [Termination Attempts: Min: 1, Avg: 25.3, Max: 36, Diff: 35, Sum: 202]
      [GC Worker Other (ms): Min: 0.0, Avg: 0.1, Max: 0.1, Diff: 0.1, Sum: 0.4]
      [GC Worker Total (ms): Min: 99.2, Avg: 99.5, Max: 99.7, Diff: 0.5, Sum: 796.1]
      [GC Worker End (ms): Min: 36041.5, Avg: 36041.5, Max: 36041.6, Diff: 0.1]
   [Code Root Fixup: 0.0 ms]
   [Code Root Purge: 0.0 ms]
   [Clear CT: 0.6 ms]
   [Other: 1.7 ms]
      [Choose CSet: 0.0 ms]
      [Ref Proc: 0.3 ms]
      [Ref Enq: 0.0 ms]
      [Redirty Cards: 0.5 ms]
      [Humongous Register: 0.1 ms]
      [Humongous Reclaim: 0.0 ms]
      [Free CSet: 0.1 ms]
   [Eden: 10.0M(111.0M)->0.0B(93.0M) Survivors: 23.0M->12.0M Heap: 1090.1M(2048.0M)->1094.6M(2048.0M)]
 [Times: user=0.69 sys=0.02, real=0.10 secs] 
2020-09-29T12:05:45.155+0200: 36.044: [GC concurrent-root-region-scan-start]
2020-09-29T12:05:45.163+0200: 36.052: [GC concurrent-root-region-scan-end, 0.0075764 secs]
2020-09-29T12:05:45.163+0200: 36.052: [GC concurrent-mark-start]
2020-09-29T12:05:45.170+0200: 36.059: [GC concurrent-mark-end, 0.0071931 secs]
2020-09-29T12:05:45.170+0200: 36.059: [GC remark 2020-09-29T12:05:45.171+0200: 36.059: [Finalize Marking, 0.0005625 secs] 2020-09-29T12:05:45.171+0200: 36.060: [GC ref-proc, 0.0008244 secs] 2020-09-29T12:05:45.172+0200: 36.061: [Unloading, 0.0010752 secs], 0.0033758 secs]
 [Times: user=0.00 sys=0.00, real=0.00 secs] 
2020-09-29T12:05:45.175+0200: 36.064: [GC cleanup 1107M->33M(2048M), 0.0033325 secs]
 [Times: user=0.11 sys=0.00, real=0.00 secs] 
2020-09-29T12:05:45.178+0200: 36.067: [GC concurrent-cleanup-start]
2020-09-29T12:05:45.185+0200: 36.073: [GC concurrent-cleanup-end, 0.0062695 secs]
2020-09-29T12:05:45.305+0200: 36.194: [GC pause (G1 Evacuation Pause) (young), 0.1582717 secs]
   [Parallel Time: 153.9 ms, GC Workers: 8]
      [GC Worker Start (ms): Min: 36194.1, Avg: 36194.3, Max: 36194.5, Diff: 0.4]
      [Ext Root Scanning (ms): Min: 0.0, Avg: 0.2, Max: 0.4, Diff: 0.4, Sum: 1.5]
      [Update RS (ms): Min: 22.5, Avg: 22.8, Max: 23.8, Diff: 1.3, Sum: 182.7]
         [Processed Buffers: Min: 8, Avg: 9.9, Max: 14, Diff: 6, Sum: 79]
      [Scan RS (ms): Min: 11.9, Avg: 12.8, Max: 13.3, Diff: 1.4, Sum: 102.2]
      [Code Root Scanning (ms): Min: 0.0, Avg: 0.0, Max: 0.0, Diff: 0.0, Sum: 0.0]
      [Object Copy (ms): Min: 117.2, Avg: 117.4, Max: 117.6, Diff: 0.4, Sum: 939.4]
      [Termination (ms): Min: 0.0, Avg: 0.1, Max: 0.2, Diff: 0.2, Sum: 1.1]
         [Termination Attempts: Min: 1, Avg: 278.9, Max: 363, Diff: 362, Sum: 2231]
      [GC Worker Other (ms): Min: 0.0, Avg: 0.0, Max: 0.1, Diff: 0.0, Sum: 0.3]
      [GC Worker Total (ms): Min: 153.2, Avg: 153.4, Max: 153.6, Diff: 0.4, Sum: 1227.2]
      [GC Worker End (ms): Min: 36347.7, Avg: 36347.7, Max: 36347.7, Diff: 0.0]
   [Code Root Fixup: 0.0 ms]
   [Code Root Purge: 0.0 ms]
   [Clear CT: 1.0 ms]
   [Other: 3.3 ms]
      [Choose CSet: 0.0 ms]
      [Ref Proc: 1.6 ms]
      [Ref Enq: 0.0 ms]
      [Redirty Cards: 1.1 ms]
      [Humongous Register: 0.1 ms]
      [Humongous Reclaim: 0.0 ms]
      [Free CSet: 0.2 ms]
   [Eden: 93.0M(93.0M)->0.0B(89.0M) Survivors: 12.0M->14.0M Heap: 130.7M(2048.0M)->120.7M(2048.0M)]
 [Times: user=1.22 sys=0.02, real=0.16 secs] 
2020-09-29T12:05:45.600+0200: 36.488: [GC pause (G1 Evacuation Pause) (young), 0.2183089 secs]
   [Parallel Time: 215.9 ms, GC Workers: 8]
      [GC Worker Start (ms): Min: 36488.6, Avg: 36492.7, Max: 36520.3, Diff: 31.6]
      [Ext Root Scanning (ms): Min: 0.0, Avg: 0.2, Max: 0.4, Diff: 0.4, Sum: 1.5]
      [Update RS (ms): Min: 0.0, Avg: 17.9, Max: 21.1, Diff: 21.1, Sum: 143.5]
         [Processed Buffers: Min: 0, Avg: 7.4, Max: 10, Diff: 10, Sum: 59]
      [Scan RS (ms): Min: 4.0, Avg: 13.5, Max: 15.4, Diff: 11.4, Sum: 108.1]
      [Code Root Scanning (ms): Min: 0.0, Avg: 0.0, Max: 0.0, Diff: 0.0, Sum: 0.0]
      [Object Copy (ms): Min: 178.9, Avg: 179.3, Max: 179.8, Diff: 0.9, Sum: 1434.7]
      [Termination (ms): Min: 0.0, Avg: 0.4, Max: 0.5, Diff: 0.5, Sum: 3.5]
         [Termination Attempts: Min: 1, Avg: 887.0, Max: 1062, Diff: 1061, Sum: 7096]
      [GC Worker Other (ms): Min: 0.0, Avg: 0.0, Max: 0.1, Diff: 0.1, Sum: 0.4]
      [GC Worker Total (ms): Min: 183.9, Avg: 211.5, Max: 215.6, Diff: 31.6, Sum: 1691.6]
      [GC Worker End (ms): Min: 36704.2, Avg: 36704.2, Max: 36704.2, Diff: 0.1]
   [Code Root Fixup: 0.0 ms]
   [Code Root Purge: 0.0 ms]
   [Clear CT: 0.6 ms]
   [Other: 1.8 ms]
      [Choose CSet: 0.0 ms]
      [Ref Proc: 0.4 ms]
      [Ref Enq: 0.0 ms]
      [Redirty Cards: 0.7 ms]
      [Humongous Register: 0.1 ms]
      [Humongous Reclaim: 0.0 ms]
      [Free CSet: 0.2 ms]
   [Eden: 89.0M(89.0M)->0.0B(89.0M) Survivors: 14.0M->13.0M Heap: 223.0M(2048.0M)->224.5M(2048.0M)]
 [Times: user=1.45 sys=0.00, real=0.22 secs] 
2020-09-29T12:05:45.952+0200: 36.841: [GC pause (G1 Evacuation Pause) (young), 0.1720399 secs]
   [Parallel Time: 169.7 ms, GC Workers: 8]
      [GC Worker Start (ms): Min: 36840.8, Avg: 36841.0, Max: 36841.2, Diff: 0.4]
      [Ext Root Scanning (ms): Min: 0.0, Avg: 0.2, Max: 0.4, Diff: 0.4, Sum: 1.4]
      [Update RS (ms): Min: 22.0, Avg: 22.4, Max: 23.2, Diff: 1.2, Sum: 179.3]
         [Processed Buffers: Min: 9, Avg: 9.5, Max: 11, Diff: 2, Sum: 76]
      [Scan RS (ms): Min: 9.3, Avg: 10.2, Max: 10.5, Diff: 1.2, Sum: 81.6]
      [Code Root Scanning (ms): Min: 0.0, Avg: 0.0, Max: 0.0, Diff: 0.0, Sum: 0.0]
      [Object Copy (ms): Min: 135.8, Avg: 136.0, Max: 136.1, Diff: 0.3, Sum: 1087.8]
      [Termination (ms): Min: 0.0, Avg: 0.2, Max: 0.2, Diff: 0.2, Sum: 1.4]
         [Termination Attempts: Min: 1, Avg: 350.5, Max: 440, Diff: 439, Sum: 2804]
      [GC Worker Other (ms): Min: 0.0, Avg: 0.1, Max: 0.1, Diff: 0.1, Sum: 0.4]
      [GC Worker Total (ms): Min: 168.8, Avg: 169.0, Max: 169.3, Diff: 0.5, Sum: 1351.9]
      [GC Worker End (ms): Min: 37010.0, Avg: 37010.0, Max: 37010.1, Diff: 0.1]
   [Code Root Fixup: 0.0 ms]
   [Code Root Purge: 0.0 ms]
   [Clear CT: 0.5 ms]
   [Other: 1.9 ms]
      [Choose CSet: 0.0 ms]
      [Ref Proc: 0.6 ms]
      [Ref Enq: 0.0 ms]
      [Redirty Cards: 0.5 ms]
      [Humongous Register: 0.1 ms]
      [Humongous Reclaim: 0.0 ms]
      [Free CSet: 0.3 ms]
   [Eden: 89.0M(89.0M)->0.0B(89.0M) Survivors: 13.0M->13.0M Heap: 328.8M(2048.0M)->330.3M(2048.0M)]
 [Times: user=1.36 sys=0.00, real=0.17 secs] 
2020-09-29T12:05:46.268+0200: 37.157: [GC pause (G1 Evacuation Pause) (young), 0.1643202 secs]
   [Parallel Time: 162.0 ms, GC Workers: 8]
      [GC Worker Start (ms): Min: 37156.7, Avg: 37157.0, Max: 37157.2, Diff: 0.5]
      [Ext Root Scanning (ms): Min: 0.0, Avg: 0.2, Max: 0.4, Diff: 0.4, Sum: 1.3]
      [Update RS (ms): Min: 21.2, Avg: 21.5, Max: 22.2, Diff: 1.0, Sum: 172.3]
         [Processed Buffers: Min: 7, Avg: 8.9, Max: 12, Diff: 5, Sum: 71]
      [Scan RS (ms): Min: 11.3, Avg: 11.9, Max: 12.2, Diff: 1.0, Sum: 95.1]
      [Code Root Scanning (ms): Min: 0.0, Avg: 0.0, Max: 0.0, Diff: 0.0, Sum: 0.0]
      [Object Copy (ms): Min: 127.4, Avg: 127.6, Max: 127.7, Diff: 0.3, Sum: 1020.7]
      [Termination (ms): Min: 0.0, Avg: 0.1, Max: 0.1, Diff: 0.1, Sum: 0.9]
         [Termination Attempts: Min: 1, Avg: 222.8, Max: 281, Diff: 280, Sum: 1782]
      [GC Worker Other (ms): Min: 0.0, Avg: 0.1, Max: 0.2, Diff: 0.1, Sum: 0.6]
      [GC Worker Total (ms): Min: 161.2, Avg: 161.4, Max: 161.6, Diff: 0.4, Sum: 1290.9]
      [GC Worker End (ms): Min: 37318.3, Avg: 37318.3, Max: 37318.4, Diff: 0.1]
   [Code Root Fixup: 0.0 ms]
   [Code Root Purge: 0.0 ms]
   [Clear CT: 0.5 ms]
   [Other: 1.9 ms]
      [Choose CSet: 0.0 ms]
      [Ref Proc: 0.4 ms]
      [Ref Enq: 0.0 ms]
      [Redirty Cards: 0.7 ms]
      [Humongous Register: 0.1 ms]
      [Humongous Reclaim: 0.0 ms]
      [Free CSet: 0.3 ms]
   [Eden: 89.0M(89.0M)->0.0B(89.0M) Survivors: 13.0M->13.0M Heap: 434.5M(2048.0M)->436.0M(2048.0M)]
 [Times: user=1.36 sys=0.00, real=0.17 secs] 
2020-09-29T12:05:46.579+0200: 37.467: [GC pause (G1 Evacuation Pause) (young), 0.1688254 secs]
   [Parallel Time: 166.2 ms, GC Workers: 8]
      [GC Worker Start (ms): Min: 37467.6, Avg: 37467.8, Max: 37467.9, Diff: 0.4]
      [Ext Root Scanning (ms): Min: 0.0, Avg: 0.2, Max: 0.4, Diff: 0.4, Sum: 1.4]
      [Update RS (ms): Min: 15.8, Avg: 16.3, Max: 17.2, Diff: 1.4, Sum: 130.2]
         [Processed Buffers: Min: 7, Avg: 8.0, Max: 9, Diff: 2, Sum: 64]
      [Scan RS (ms): Min: 12.3, Avg: 13.1, Max: 13.6, Diff: 1.4, Sum: 105.1]
      [Code Root Scanning (ms): Min: 0.0, Avg: 0.0, Max: 0.0, Diff: 0.0, Sum: 0.0]
      [Object Copy (ms): Min: 135.8, Avg: 135.9, Max: 136.0, Diff: 0.3, Sum: 1087.3]
      [Termination (ms): Min: 0.0, Avg: 0.0, Max: 0.0, Diff: 0.0, Sum: 0.0]
         [Termination Attempts: Min: 1, Avg: 2.5, Max: 4, Diff: 3, Sum: 20]
      [GC Worker Other (ms): Min: 0.0, Avg: 0.1, Max: 0.1, Diff: 0.1, Sum: 0.5]
      [GC Worker Total (ms): Min: 165.4, Avg: 165.6, Max: 165.8, Diff: 0.4, Sum: 1324.6]
      [GC Worker End (ms): Min: 37633.3, Avg: 37633.4, Max: 37633.4, Diff: 0.1]
   [Code Root Fixup: 0.0 ms]
   [Code Root Purge: 0.0 ms]
   [Clear CT: 0.5 ms]
   [Other: 2.2 ms]
      [Choose CSet: 0.0 ms]
      [Ref Proc: 0.8 ms]
      [Ref Enq: 0.0 ms]
      [Redirty Cards: 0.8 ms]
      [Humongous Register: 0.1 ms]
      [Humongous Reclaim: 0.0 ms]
      [Free CSet: 0.2 ms]
   [Eden: 89.0M(89.0M)->0.0B(89.0M) Survivors: 13.0M->13.0M Heap: 540.3M(2048.0M)->541.3M(2048.0M)]
 [Times: user=1.36 sys=0.00, real=0.17 secs] 
2020-09-29T12:05:46.886+0200: 37.775: [GC pause (G1 Evacuation Pause) (young), 0.1623985 secs]
   [Parallel Time: 159.7 ms, GC Workers: 8]
      [GC Worker Start (ms): Min: 37775.0, Avg: 37775.2, Max: 37775.3, Diff: 0.3]
      [Ext Root Scanning (ms): Min: 0.1, Avg: 0.2, Max: 0.4, Diff: 0.3, Sum: 1.7]
      [Update RS (ms): Min: 17.2, Avg: 18.1, Max: 19.5, Diff: 2.3, Sum: 144.5]
         [Processed Buffers: Min: 7, Avg: 8.6, Max: 11, Diff: 4, Sum: 69]
      [Scan RS (ms): Min: 16.4, Avg: 18.0, Max: 18.8, Diff: 2.4, Sum: 144.1]
      [Code Root Scanning (ms): Min: 0.0, Avg: 0.0, Max: 0.0, Diff: 0.0, Sum: 0.0]
      [Object Copy (ms): Min: 122.3, Avg: 122.7, Max: 122.9, Diff: 0.5, Sum: 981.6]
      [Termination (ms): Min: 0.0, Avg: 0.1, Max: 0.1, Diff: 0.1, Sum: 0.5]
         [Termination Attempts: Min: 1, Avg: 132.1, Max: 164, Diff: 163, Sum: 1057]
      [GC Worker Other (ms): Min: 0.0, Avg: 0.1, Max: 0.1, Diff: 0.1, Sum: 0.4]
      [GC Worker Total (ms): Min: 159.0, Avg: 159.1, Max: 159.2, Diff: 0.3, Sum: 1272.9]
      [GC Worker End (ms): Min: 37934.3, Avg: 37934.3, Max: 37934.3, Diff: 0.1]
   [Code Root Fixup: 0.0 ms]
   [Code Root Purge: 0.0 ms]
   [Clear CT: 0.6 ms]
   [Other: 2.0 ms]
      [Choose CSet: 0.0 ms]
      [Ref Proc: 0.7 ms]
      [Ref Enq: 0.0 ms]
      [Redirty Cards: 0.6 ms]
      [Humongous Register: 0.1 ms]
      [Humongous Reclaim: 0.0 ms]
      [Free CSet: 0.3 ms]
   [Eden: 89.0M(89.0M)->0.0B(92.0M) Survivors: 13.0M->13.0M Heap: 645.6M(2048.0M)->647.6M(2048.0M)]
 [Times: user=1.20 sys=0.05, real=0.16 secs] 
2020-09-29T12:05:47.205+0200: 38.094: [GC pause (G1 Evacuation Pause) (young), 0.1634924 secs]
   [Parallel Time: 161.3 ms, GC Workers: 8]
      [GC Worker Start (ms): Min: 38094.5, Avg: 38094.9, Max: 38096.7, Diff: 2.3]
      [Ext Root Scanning (ms): Min: 0.0, Avg: 0.2, Max: 0.4, Diff: 0.4, Sum: 1.5]
      [Update RS (ms): Min: 17.6, Avg: 19.7, Max: 21.6, Diff: 4.0, Sum: 157.2]
         [Processed Buffers: Min: 8, Avg: 9.5, Max: 12, Diff: 4, Sum: 76]
      [Scan RS (ms): Min: 11.3, Avg: 12.8, Max: 13.4, Diff: 2.1, Sum: 102.7]
      [Code Root Scanning (ms): Min: 0.0, Avg: 0.0, Max: 0.0, Diff: 0.0, Sum: 0.0]
      [Object Copy (ms): Min: 127.3, Avg: 127.7, Max: 127.9, Diff: 0.6, Sum: 1021.4]
      [Termination (ms): Min: 0.0, Avg: 0.1, Max: 0.1, Diff: 0.1, Sum: 0.4]
         [Termination Attempts: Min: 1, Avg: 113.8, Max: 143, Diff: 142, Sum: 910]
      [GC Worker Other (ms): Min: 0.0, Avg: 0.1, Max: 0.1, Diff: 0.1, Sum: 0.5]
      [GC Worker Total (ms): Min: 158.6, Avg: 160.5, Max: 160.9, Diff: 2.3, Sum: 1283.8]
      [GC Worker End (ms): Min: 38255.3, Avg: 38255.4, Max: 38255.4, Diff: 0.1]
   [Code Root Fixup: 0.0 ms]
   [Code Root Purge: 0.0 ms]
   [Clear CT: 0.5 ms]
   [Other: 1.7 ms]
      [Choose CSet: 0.0 ms]
      [Ref Proc: 0.5 ms]
      [Ref Enq: 0.0 ms]
      [Redirty Cards: 0.5 ms]
      [Humongous Register: 0.1 ms]
      [Humongous Reclaim: 0.0 ms]
      [Free CSet: 0.3 ms]
   [Eden: 92.0M(92.0M)->0.0B(96.0M) Survivors: 13.0M->14.0M Heap: 754.8M(2048.0M)->756.8M(2048.0M)]
 [Times: user=1.34 sys=0.02, real=0.16 secs] 
2020-09-29T12:05:47.520+0200: 38.409: [GC pause (G1 Evacuation Pause) (young), 0.2299044 secs]
   [Parallel Time: 227.4 ms, GC Workers: 8]
      [GC Worker Start (ms): Min: 38409.1, Avg: 38413.2, Max: 38440.8, Diff: 31.7]
      [Ext Root Scanning (ms): Min: 0.0, Avg: 0.2, Max: 0.4, Diff: 0.4, Sum: 1.4]
      [Update RS (ms): Min: 0.0, Avg: 23.1, Max: 27.0, Diff: 27.0, Sum: 184.6]
         [Processed Buffers: Min: 0, Avg: 10.3, Max: 14, Diff: 14, Sum: 82]
      [Scan RS (ms): Min: 8.4, Avg: 16.0, Max: 37.2, Diff: 28.8, Sum: 127.7]
      [Code Root Scanning (ms): Min: 0.0, Avg: 0.0, Max: 0.0, Diff: 0.0, Sum: 0.0]
      [Object Copy (ms): Min: 162.9, Avg: 183.4, Max: 186.7, Diff: 23.8, Sum: 1467.3]
      [Termination (ms): Min: 0.1, Avg: 0.3, Max: 0.5, Diff: 0.3, Sum: 2.3]
         [Termination Attempts: Min: 1, Avg: 389.3, Max: 647, Diff: 646, Sum: 3114]
      [GC Worker Other (ms): Min: 0.0, Avg: 0.0, Max: 0.0, Diff: 0.0, Sum: 0.2]
      [GC Worker Total (ms): Min: 195.3, Avg: 222.9, Max: 227.0, Diff: 31.7, Sum: 1783.5]
      [GC Worker End (ms): Min: 38636.1, Avg: 38636.1, Max: 38636.2, Diff: 0.1]
   [Code Root Fixup: 0.0 ms]
   [Code Root Purge: 0.0 ms]
   [Clear CT: 0.5 ms]
   [Other: 2.0 ms]
      [Choose CSet: 0.0 ms]
      [Ref Proc: 0.6 ms]
      [Ref Enq: 0.0 ms]
      [Redirty Cards: 0.6 ms]
      [Humongous Register: 0.1 ms]
      [Humongous Reclaim: 0.0 ms]
      [Free CSet: 0.3 ms]
   [Eden: 96.0M(96.0M)->0.0B(88.0M) Survivors: 14.0M->14.0M Heap: 868.1M(2048.0M)->870.1M(2048.0M)]
 [Times: user=1.52 sys=0.01, real=0.23 secs] 
2020-09-29T12:05:47.893+0200: 38.782: [GC pause (G1 Evacuation Pause) (young), 0.1669867 secs]
   [Parallel Time: 164.6 ms, GC Workers: 8]
      [GC Worker Start (ms): Min: 38782.1, Avg: 38782.2, Max: 38782.3, Diff: 0.3]
      [Ext Root Scanning (ms): Min: 0.1, Avg: 0.2, Max: 0.3, Diff: 0.3, Sum: 1.6]
      [Update RS (ms): Min: 19.5, Avg: 19.7, Max: 20.3, Diff: 0.9, Sum: 157.7]
         [Processed Buffers: Min: 7, Avg: 8.9, Max: 11, Diff: 4, Sum: 71]
      [Scan RS (ms): Min: 11.3, Avg: 11.8, Max: 11.9, Diff: 0.7, Sum: 94.1]
      [Code Root Scanning (ms): Min: 0.0, Avg: 0.0, Max: 0.0, Diff: 0.0, Sum: 0.0]
      [Object Copy (ms): Min: 132.0, Avg: 132.1, Max: 132.2, Diff: 0.2, Sum: 1056.6]
      [Termination (ms): Min: 0.0, Avg: 0.3, Max: 0.4, Diff: 0.4, Sum: 2.6]
         [Termination Attempts: Min: 1, Avg: 650.5, Max: 828, Diff: 827, Sum: 5204]
      [GC Worker Other (ms): Min: 0.0, Avg: 0.1, Max: 0.1, Diff: 0.1, Sum: 0.4]
      [GC Worker Total (ms): Min: 164.0, Avg: 164.1, Max: 164.3, Diff: 0.3, Sum: 1313.1]
      [GC Worker End (ms): Min: 38946.3, Avg: 38946.3, Max: 38946.4, Diff: 0.1]
   [Code Root Fixup: 0.0 ms]
   [Code Root Purge: 0.0 ms]
   [Clear CT: 0.6 ms]
   [Other: 1.8 ms]
      [Choose CSet: 0.0 ms]
      [Ref Proc: 0.6 ms]
      [Ref Enq: 0.0 ms]
      [Redirty Cards: 0.5 ms]
      [Humongous Register: 0.1 ms]
      [Humongous Reclaim: 0.0 ms]
      [Free CSet: 0.2 ms]
   [Eden: 88.0M(88.0M)->0.0B(89.0M) Survivors: 14.0M->13.0M Heap: 973.3M(2048.0M)->975.3M(2048.0M)]
 [Times: user=1.34 sys=0.00, real=0.17 secs] 
2020-09-29T12:05:48.078+0200: 38.967: [GC pause (G1 Humongous Allocation) (young) (initial-mark), 0.0823815 secs]
   [Parallel Time: 80.0 ms, GC Workers: 8]
      [GC Worker Start (ms): Min: 38967.3, Avg: 38967.5, Max: 38967.8, Diff: 0.4]
      [Ext Root Scanning (ms): Min: 0.0, Avg: 6.4, Max: 24.9, Diff: 24.9, Sum: 51.5]
      [Update RS (ms): Min: 14.1, Avg: 33.2, Max: 40.0, Diff: 25.9, Sum: 265.3]
         [Processed Buffers: Min: 6, Avg: 13.3, Max: 17, Diff: 11, Sum: 106]
      [Scan RS (ms): Min: 1.6, Avg: 2.4, Max: 2.9, Diff: 1.3, Sum: 18.8]
      [Code Root Scanning (ms): Min: 0.0, Avg: 0.0, Max: 0.0, Diff: 0.0, Sum: 0.0]
      [Object Copy (ms): Min: 36.9, Avg: 37.3, Max: 37.5, Diff: 0.6, Sum: 298.4]
      [Termination (ms): Min: 0.0, Avg: 0.2, Max: 0.2, Diff: 0.2, Sum: 1.4]
         [Termination Attempts: Min: 1, Avg: 334.6, Max: 412, Diff: 411, Sum: 2677]
      [GC Worker Other (ms): Min: 0.0, Avg: 0.0, Max: 0.1, Diff: 0.0, Sum: 0.3]
      [GC Worker Total (ms): Min: 79.2, Avg: 79.5, Max: 79.6, Diff: 0.4, Sum: 635.7]
      [GC Worker End (ms): Min: 39047.0, Avg: 39047.0, Max: 39047.0, Diff: 0.0]
   [Code Root Fixup: 0.0 ms]
   [Code Root Purge: 0.0 ms]
   [Clear CT: 0.8 ms]
   [Other: 1.6 ms]
      [Choose CSet: 0.0 ms]
      [Ref Proc: 0.5 ms]
      [Ref Enq: 0.0 ms]
      [Redirty Cards: 0.6 ms]
      [Humongous Register: 0.1 ms]
      [Humongous Reclaim: 0.0 ms]
      [Free CSet: 0.1 ms]
   [Eden: 11.0M(89.0M)->0.0B(90.0M) Survivors: 13.0M->12.0M Heap: 985.8M(2048.0M)->988.3M(2048.0M)]
 [Times: user=0.53 sys=0.00, real=0.08 secs] 
2020-09-29T12:05:48.160+0200: 39.050: [GC concurrent-root-region-scan-start]
2020-09-29T12:05:48.171+0200: 39.060: [GC concurrent-root-region-scan-end, 0.0102818 secs]
2020-09-29T12:05:48.171+0200: 39.060: [GC concurrent-mark-start]
2020-09-29T12:05:48.180+0200: 39.069: [GC concurrent-mark-end, 0.0091990 secs]
2020-09-29T12:05:48.180+0200: 39.070: [GC remark 2020-09-29T12:05:48.181+0200: 39.070: [Finalize Marking, 0.0007071 secs] 2020-09-29T12:05:48.182+0200: 39.071: [GC ref-proc, 0.0009224 secs] 2020-09-29T12:05:48.183+0200: 39.072: [Unloading, 0.0014228 secs], 0.0044300 secs]
 [Times: user=0.00 sys=0.00, real=0.00 secs] 
2020-09-29T12:05:48.186+0200: 39.075: [GC cleanup 1005M->37M(2048M), 0.0034194 secs]
 [Times: user=0.00 sys=0.00, real=0.00 secs] 
2020-09-29T12:05:48.190+0200: 39.079: [GC concurrent-cleanup-start]
2020-09-29T12:05:48.194+0200: 39.083: [GC concurrent-cleanup-end, 0.0041753 secs]
2020-09-29T12:05:48.306+0200: 39.195: [GC pause (G1 Evacuation Pause) (young), 0.1413712 secs]
   [Parallel Time: 137.8 ms, GC Workers: 8]
      [GC Worker Start (ms): Min: 39195.5, Avg: 39195.7, Max: 39196.0, Diff: 0.5]
      [Ext Root Scanning (ms): Min: 0.0, Avg: 0.2, Max: 0.4, Diff: 0.4, Sum: 1.6]
      [Update RS (ms): Min: 17.7, Avg: 18.4, Max: 19.6, Diff: 1.9, Sum: 147.6]
         [Processed Buffers: Min: 5, Avg: 7.3, Max: 9, Diff: 4, Sum: 58]
      [Scan RS (ms): Min: 8.7, Avg: 9.8, Max: 10.5, Diff: 1.8, Sum: 78.3]
      [Code Root Scanning (ms): Min: 0.0, Avg: 0.0, Max: 0.0, Diff: 0.0, Sum: 0.0]
      [Object Copy (ms): Min: 108.5, Avg: 108.6, Max: 108.7, Diff: 0.2, Sum: 868.9]
      [Termination (ms): Min: 0.0, Avg: 0.0, Max: 0.0, Diff: 0.0, Sum: 0.3]
         [Termination Attempts: Min: 1, Avg: 76.1, Max: 106, Diff: 105, Sum: 609]
      [GC Worker Other (ms): Min: 0.0, Avg: 0.1, Max: 0.1, Diff: 0.1, Sum: 0.5]
      [GC Worker Total (ms): Min: 136.9, Avg: 137.2, Max: 137.4, Diff: 0.5, Sum: 1097.2]
      [GC Worker End (ms): Min: 39332.8, Avg: 39332.9, Max: 39332.9, Diff: 0.1]
   [Code Root Fixup: 0.0 ms]
   [Code Root Purge: 0.0 ms]
   [Clear CT: 1.1 ms]
   [Other: 2.5 ms]
      [Choose CSet: 0.0 ms]
      [Ref Proc: 0.9 ms]
      [Ref Enq: 0.0 ms]
      [Redirty Cards: 1.0 ms]
      [Humongous Register: 0.1 ms]
      [Humongous Reclaim: 0.0 ms]
      [Free CSet: 0.1 ms]
   [Eden: 90.0M(90.0M)->0.0B(93.0M) Survivors: 12.0M->13.0M Heap: 125.8M(2048.0M)->115.8M(2048.0M)]
 [Times: user=1.13 sys=0.00, real=0.14 secs] 
2020-09-29T12:05:48.587+0200: 39.477: [GC pause (G1 Evacuation Pause) (young), 0.1911737 secs]
   [Parallel Time: 188.1 ms, GC Workers: 8]
      [GC Worker Start (ms): Min: 39476.9, Avg: 39477.1, Max: 39477.3, Diff: 0.4]
      [Ext Root Scanning (ms): Min: 0.0, Avg: 0.2, Max: 0.4, Diff: 0.4, Sum: 1.8]
      [Update RS (ms): Min: 20.0, Avg: 20.5, Max: 21.5, Diff: 1.6, Sum: 164.1]
         [Processed Buffers: Min: 8, Avg: 8.4, Max: 10, Diff: 2, Sum: 67]
      [Scan RS (ms): Min: 10.9, Avg: 11.9, Max: 12.5, Diff: 1.6, Sum: 95.2]
      [Code Root Scanning (ms): Min: 0.0, Avg: 0.0, Max: 0.0, Diff: 0.0, Sum: 0.0]
      [Object Copy (ms): Min: 154.2, Avg: 154.5, Max: 154.9, Diff: 0.7, Sum: 1236.2]
      [Termination (ms): Min: 0.0, Avg: 0.4, Max: 0.6, Diff: 0.6, Sum: 2.8]
         [Termination Attempts: Min: 1, Avg: 531.4, Max: 819, Diff: 818, Sum: 4251]
      [GC Worker Other (ms): Min: 0.0, Avg: 0.0, Max: 0.1, Diff: 0.0, Sum: 0.3]
      [GC Worker Total (ms): Min: 187.3, Avg: 187.6, Max: 187.7, Diff: 0.5, Sum: 1500.4]
      [GC Worker End (ms): Min: 39664.6, Avg: 39664.6, Max: 39664.7, Diff: 0.1]
   [Code Root Fixup: 0.0 ms]
   [Code Root Purge: 0.0 ms]
   [Clear CT: 0.8 ms]
   [Other: 2.3 ms]
      [Choose CSet: 0.0 ms]
      [Ref Proc: 0.3 ms]
      [Ref Enq: 0.0 ms]
      [Redirty Cards: 1.1 ms]
      [Humongous Register: 0.1 ms]
      [Humongous Reclaim: 0.0 ms]
      [Free CSet: 0.2 ms]
   [Eden: 93.0M(93.0M)->0.0B(89.0M) Survivors: 13.0M->14.0M Heap: 224.0M(2048.0M)->225.5M(2048.0M)]
 [Times: user=1.44 sys=0.00, real=0.19 secs] 
2020-09-29T12:05:48.924+0200: 39.813: [GC pause (G1 Evacuation Pause) (young), 0.1740666 secs]
   [Parallel Time: 171.9 ms, GC Workers: 8]
      [GC Worker Start (ms): Min: 39813.2, Avg: 39813.4, Max: 39814.3, Diff: 1.1]
      [Ext Root Scanning (ms): Min: 0.0, Avg: 0.2, Max: 0.3, Diff: 0.3, Sum: 1.6]
      [Update RS (ms): Min: 20.9, Avg: 21.9, Max: 23.0, Diff: 2.0, Sum: 175.5]
         [Processed Buffers: Min: 7, Avg: 8.4, Max: 10, Diff: 3, Sum: 67]
      [Scan RS (ms): Min: 15.9, Avg: 16.8, Max: 17.8, Diff: 1.9, Sum: 134.2]
      [Code Root Scanning (ms): Min: 0.0, Avg: 0.0, Max: 0.0, Diff: 0.0, Sum: 0.0]
      [Object Copy (ms): Min: 131.6, Avg: 132.0, Max: 132.1, Diff: 0.5, Sum: 1055.8]
      [Termination (ms): Min: 0.0, Avg: 0.2, Max: 0.3, Diff: 0.3, Sum: 1.7]
         [Termination Attempts: Min: 1, Avg: 468.6, Max: 606, Diff: 605, Sum: 3749]
      [GC Worker Other (ms): Min: 0.0, Avg: 0.1, Max: 0.2, Diff: 0.1, Sum: 0.6]
      [GC Worker Total (ms): Min: 170.3, Avg: 171.2, Max: 171.5, Diff: 1.2, Sum: 1369.4]
      [GC Worker End (ms): Min: 39984.5, Avg: 39984.6, Max: 39984.7, Diff: 0.1]
   [Code Root Fixup: 0.0 ms]
   [Code Root Purge: 0.0 ms]
   [Clear CT: 0.4 ms]
   [Other: 1.8 ms]
      [Choose CSet: 0.0 ms]
      [Ref Proc: 0.4 ms]
      [Ref Enq: 0.0 ms]
      [Redirty Cards: 0.6 ms]
      [Humongous Register: 0.1 ms]
      [Humongous Reclaim: 0.0 ms]
      [Free CSet: 0.3 ms]
   [Eden: 89.0M(89.0M)->0.0B(89.0M) Survivors: 14.0M->13.0M Heap: 329.8M(2048.0M)->331.3M(2048.0M)]
 [Times: user=1.31 sys=0.02, real=0.17 secs] 
2020-09-29T12:05:49.241+0200: 40.131: [GC pause (G1 Evacuation Pause) (young), 0.1727153 secs]
   [Parallel Time: 169.9 ms, GC Workers: 8]
      [GC Worker Start (ms): Min: 40130.8, Avg: 40131.0, Max: 40131.2, Diff: 0.4]
      [Ext Root Scanning (ms): Min: 0.0, Avg: 0.2, Max: 0.4, Diff: 0.4, Sum: 1.5]
      [Update RS (ms): Min: 19.9, Avg: 20.6, Max: 21.8, Diff: 2.0, Sum: 164.7]
         [Processed Buffers: Min: 3, Avg: 8.3, Max: 11, Diff: 8, Sum: 66]
      [Scan RS (ms): Min: 10.9, Avg: 12.2, Max: 13.0, Diff: 2.1, Sum: 97.5]
      [Code Root Scanning (ms): Min: 0.0, Avg: 0.0, Max: 0.0, Diff: 0.0, Sum: 0.0]
      [Object Copy (ms): Min: 136.2, Avg: 136.3, Max: 136.4, Diff: 0.3, Sum: 1090.3]
      [Termination (ms): Min: 0.0, Avg: 0.0, Max: 0.0, Diff: 0.0, Sum: 0.3]
         [Termination Attempts: Min: 1, Avg: 69.4, Max: 88, Diff: 87, Sum: 555]
      [GC Worker Other (ms): Min: 0.0, Avg: 0.1, Max: 0.1, Diff: 0.1, Sum: 0.4]
      [GC Worker Total (ms): Min: 169.1, Avg: 169.3, Max: 169.6, Diff: 0.5, Sum: 1354.7]
      [GC Worker End (ms): Min: 40300.3, Avg: 40300.3, Max: 40300.4, Diff: 0.1]
   [Code Root Fixup: 0.0 ms]
   [Code Root Purge: 0.0 ms]
   [Clear CT: 0.7 ms]
   [Other: 2.1 ms]
      [Choose CSet: 0.0 ms]
      [Ref Proc: 0.6 ms]
      [Ref Enq: 0.0 ms]
      [Redirty Cards: 0.8 ms]
      [Humongous Register: 0.1 ms]
      [Humongous Reclaim: 0.0 ms]
      [Free CSet: 0.3 ms]
   [Eden: 89.0M(89.0M)->0.0B(91.0M) Survivors: 13.0M->13.0M Heap: 435.5M(2048.0M)->437.0M(2048.0M)]
 [Times: user=1.36 sys=0.00, real=0.17 secs] 
2020-09-29T12:05:49.524+0200: 40.413: [GC pause (G1 Evacuation Pause) (young), 0.0973955 secs]
   [Parallel Time: 96.2 ms, GC Workers: 8]
      [GC Worker Start (ms): Min: 40413.1, Avg: 40413.3, Max: 40413.4, Diff: 0.2]
      [Ext Root Scanning (ms): Min: 0.0, Avg: 0.1, Max: 0.2, Diff: 0.2, Sum: 0.6]
      [Update RS (ms): Min: 6.2, Avg: 6.6, Max: 7.1, Diff: 0.9, Sum: 53.0]
         [Processed Buffers: Min: 6, Avg: 6.8, Max: 8, Diff: 2, Sum: 54]
      [Scan RS (ms): Min: 6.5, Avg: 6.9, Max: 7.3, Diff: 0.8, Sum: 55.2]
      [Code Root Scanning (ms): Min: 0.0, Avg: 0.0, Max: 0.0, Diff: 0.0, Sum: 0.0]
      [Object Copy (ms): Min: 81.3, Avg: 81.5, Max: 82.2, Diff: 0.8, Sum: 652.3]
      [Termination (ms): Min: 0.0, Avg: 0.7, Max: 0.8, Diff: 0.8, Sum: 5.5]
         [Termination Attempts: Min: 1, Avg: 3037.4, Max: 3774, Diff: 3773, Sum: 24299]
      [GC Worker Other (ms): Min: 0.0, Avg: 0.0, Max: 0.1, Diff: 0.0, Sum: 0.2]
      [GC Worker Total (ms): Min: 95.7, Avg: 95.8, Max: 96.0, Diff: 0.2, Sum: 766.8]
      [GC Worker End (ms): Min: 40509.1, Avg: 40509.1, Max: 40509.2, Diff: 0.0]
   [Code Root Fixup: 0.0 ms]
   [Code Root Purge: 0.0 ms]
   [Clear CT: 0.2 ms]
   [Other: 1.0 ms]
      [Choose CSet: 0.0 ms]
      [Ref Proc: 0.3 ms]
      [Ref Enq: 0.0 ms]
      [Redirty Cards: 0.2 ms]
      [Humongous Register: 0.0 ms]
      [Humongous Reclaim: 0.0 ms]
      [Free CSet: 0.2 ms]
   [Eden: 91.0M(91.0M)->0.0B(103.0M) Survivors: 13.0M->13.0M Heap: 543.3M(2048.0M)->545.8M(2048.0M)]
 [Times: user=0.73 sys=0.00, real=0.10 secs] 
2020-09-29T12:05:49.698+0200: 40.587: [GC pause (G1 Evacuation Pause) (young), 0.0851568 secs]
   [Parallel Time: 81.8 ms, GC Workers: 8]
      [GC Worker Start (ms): Min: 40587.3, Avg: 40587.4, Max: 40587.5, Diff: 0.2]
      [Ext Root Scanning (ms): Min: 0.0, Avg: 0.1, Max: 0.2, Diff: 0.2, Sum: 0.7]
      [Update RS (ms): Min: 8.0, Avg: 8.2, Max: 8.5, Diff: 0.4, Sum: 65.9]
         [Processed Buffers: Min: 7, Avg: 7.9, Max: 11, Diff: 4, Sum: 63]
      [Scan RS (ms): Min: 7.1, Avg: 7.5, Max: 7.8, Diff: 0.6, Sum: 59.6]
      [Code Root Scanning (ms): Min: 0.0, Avg: 0.0, Max: 0.0, Diff: 0.0, Sum: 0.0]
      [Object Copy (ms): Min: 65.5, Avg: 65.7, Max: 65.8, Diff: 0.3, Sum: 525.3]
      [Termination (ms): Min: 0.0, Avg: 0.0, Max: 0.0, Diff: 0.0, Sum: 0.3]
         [Termination Attempts: Min: 1, Avg: 155.5, Max: 192, Diff: 191, Sum: 1244]
      [GC Worker Other (ms): Min: 0.0, Avg: 0.0, Max: 0.1, Diff: 0.0, Sum: 0.2]
      [GC Worker Total (ms): Min: 81.4, Avg: 81.5, Max: 81.6, Diff: 0.2, Sum: 652.1]
      [GC Worker End (ms): Min: 40668.9, Avg: 40668.9, Max: 40668.9, Diff: 0.0]
   [Code Root Fixup: 0.0 ms]
   [Code Root Purge: 0.0 ms]
   [Clear CT: 1.2 ms]
   [Other: 2.1 ms]
      [Choose CSet: 0.0 ms]
      [Ref Proc: 0.2 ms]
      [Ref Enq: 0.0 ms]
      [Redirty Cards: 1.5 ms]
      [Humongous Register: 0.1 ms]
      [Humongous Reclaim: 0.0 ms]
      [Free CSet: 0.1 ms]
   [Eden: 103.0M(103.0M)->0.0B(120.0M) Survivors: 13.0M->15.0M Heap: 666.0M(2048.0M)->668.5M(2048.0M)]
 [Times: user=0.63 sys=0.00, real=0.09 secs] 
2020-09-29T12:05:49.877+0200: 40.766: [GC pause (G1 Evacuation Pause) (young), 0.0981931 secs]
   [Parallel Time: 96.9 ms, GC Workers: 8]
      [GC Worker Start (ms): Min: 40766.4, Avg: 40766.5, Max: 40766.8, Diff: 0.5]
      [Ext Root Scanning (ms): Min: 0.0, Avg: 0.1, Max: 0.2, Diff: 0.2, Sum: 0.7]
      [Update RS (ms): Min: 7.1, Avg: 7.9, Max: 8.5, Diff: 1.5, Sum: 63.2]
         [Processed Buffers: Min: 6, Avg: 6.9, Max: 7, Diff: 1, Sum: 55]
      [Scan RS (ms): Min: 8.9, Avg: 9.7, Max: 10.4, Diff: 1.5, Sum: 77.2]
      [Code Root Scanning (ms): Min: 0.0, Avg: 0.0, Max: 0.0, Diff: 0.0, Sum: 0.0]
      [Object Copy (ms): Min: 78.7, Avg: 78.8, Max: 78.9, Diff: 0.3, Sum: 630.7]
      [Termination (ms): Min: 0.0, Avg: 0.1, Max: 0.1, Diff: 0.1, Sum: 0.7]
         [Termination Attempts: Min: 1, Avg: 447.0, Max: 564, Diff: 563, Sum: 3576]
      [GC Worker Other (ms): Min: 0.0, Avg: 0.0, Max: 0.1, Diff: 0.0, Sum: 0.3]
      [GC Worker Total (ms): Min: 96.3, Avg: 96.6, Max: 96.7, Diff: 0.5, Sum: 772.9]
      [GC Worker End (ms): Min: 40863.1, Avg: 40863.1, Max: 40863.1, Diff: 0.0]
   [Code Root Fixup: 0.0 ms]
   [Code Root Purge: 0.0 ms]
   [Clear CT: 0.3 ms]
   [Other: 1.0 ms]
      [Choose CSet: 0.0 ms]
      [Ref Proc: 0.2 ms]
      [Ref Enq: 0.0 ms]
      [Redirty Cards: 0.3 ms]
      [Humongous Register: 0.1 ms]
      [Humongous Reclaim: 0.0 ms]
      [Free CSet: 0.1 ms]
   [Eden: 120.0M(120.0M)->0.0B(136.0M) Survivors: 15.0M->17.0M Heap: 807.5M(2048.0M)->808.5M(2048.0M)]
 [Times: user=0.84 sys=0.03, real=0.10 secs] 
2020-09-29T12:05:50.076+0200: 40.965: [GC pause (G1 Evacuation Pause) (young), 0.1137271 secs]
   [Parallel Time: 112.4 ms, GC Workers: 8]
      [GC Worker Start (ms): Min: 40965.0, Avg: 40965.2, Max: 40965.2, Diff: 0.2]
      [Ext Root Scanning (ms): Min: 0.0, Avg: 0.1, Max: 0.2, Diff: 0.2, Sum: 0.6]
      [Update RS (ms): Min: 8.8, Avg: 9.3, Max: 9.8, Diff: 1.0, Sum: 74.5]
         [Processed Buffers: Min: 5, Avg: 7.8, Max: 9, Diff: 4, Sum: 62]
      [Scan RS (ms): Min: 10.8, Avg: 11.4, Max: 11.8, Diff: 1.0, Sum: 90.9]
      [Code Root Scanning (ms): Min: 0.0, Avg: 0.0, Max: 0.0, Diff: 0.0, Sum: 0.0]
      [Object Copy (ms): Min: 91.0, Avg: 91.2, Max: 91.4, Diff: 0.3, Sum: 729.8]
      [Termination (ms): Min: 0.0, Avg: 0.0, Max: 0.0, Diff: 0.0, Sum: 0.3]
         [Termination Attempts: Min: 1, Avg: 177.9, Max: 230, Diff: 229, Sum: 1423]
      [GC Worker Other (ms): Min: 0.0, Avg: 0.1, Max: 0.1, Diff: 0.1, Sum: 0.5]
      [GC Worker Total (ms): Min: 112.0, Avg: 112.1, Max: 112.2, Diff: 0.2, Sum: 896.7]
      [GC Worker End (ms): Min: 41077.2, Avg: 41077.2, Max: 41077.3, Diff: 0.1]
   [Code Root Fixup: 0.0 ms]
   [Code Root Purge: 0.0 ms]
   [Clear CT: 0.3 ms]
   [Other: 1.0 ms]
      [Choose CSet: 0.0 ms]
      [Ref Proc: 0.3 ms]
      [Ref Enq: 0.0 ms]
      [Redirty Cards: 0.3 ms]
      [Humongous Register: 0.1 ms]
      [Humongous Reclaim: 0.0 ms]
      [Free CSet: 0.1 ms]
   [Eden: 136.0M(136.0M)->0.0B(149.0M) Survivors: 17.0M->20.0M Heap: 967.4M(2048.0M)->969.4M(2048.0M)]
 [Times: user=0.86 sys=0.00, real=0.11 secs] 
2020-09-29T12:05:50.197+0200: 41.086: [GC pause (G1 Humongous Allocation) (young) (initial-mark), 0.0402917 secs]
   [Parallel Time: 39.2 ms, GC Workers: 8]
      [GC Worker Start (ms): Min: 41086.6, Avg: 41086.7, Max: 41086.8, Diff: 0.2]
      [Ext Root Scanning (ms): Min: 0.0, Avg: 0.2, Max: 0.3, Diff: 0.3, Sum: 1.4]
      [Update RS (ms): Min: 18.4, Avg: 18.7, Max: 19.0, Diff: 0.5, Sum: 149.4]
         [Processed Buffers: Min: 15, Avg: 16.8, Max: 18, Diff: 3, Sum: 134]
      [Scan RS (ms): Min: 1.4, Avg: 2.1, Max: 5.5, Diff: 4.1, Sum: 17.1]
      [Code Root Scanning (ms): Min: 0.0, Avg: 0.0, Max: 0.0, Diff: 0.0, Sum: 0.0]
      [Object Copy (ms): Min: 14.5, Avg: 17.8, Max: 18.3, Diff: 3.8, Sum: 142.7]
      [Termination (ms): Min: 0.0, Avg: 0.1, Max: 0.2, Diff: 0.2, Sum: 1.0]
         [Termination Attempts: Min: 1, Avg: 606.5, Max: 772, Diff: 771, Sum: 4852]
      [GC Worker Other (ms): Min: 0.0, Avg: 0.0, Max: 0.0, Diff: 0.0, Sum: 0.2]
      [GC Worker Total (ms): Min: 38.9, Avg: 39.0, Max: 39.1, Diff: 0.2, Sum: 311.8]
      [GC Worker End (ms): Min: 41125.7, Avg: 41125.7, Max: 41125.7, Diff: 0.0]
   [Code Root Fixup: 0.0 ms]
   [Code Root Purge: 0.0 ms]
   [Clear CT: 0.3 ms]
   [Other: 0.8 ms]
      [Choose CSet: 0.0 ms]
      [Ref Proc: 0.2 ms]
      [Ref Enq: 0.0 ms]
      [Redirty Cards: 0.3 ms]
      [Humongous Register: 0.0 ms]
      [Humongous Reclaim: 0.0 ms]
      [Free CSet: 0.1 ms]
   [Eden: 2048.0K(149.0M)->0.0B(175.0M) Survivors: 20.0M->5120.0K Heap: 971.4M(2048.0M)->975.4M(2048.0M)]
 [Times: user=0.25 sys=0.00, real=0.04 secs] 
2020-09-29T12:05:50.238+0200: 41.127: [GC concurrent-root-region-scan-start]
2020-09-29T12:05:50.238+0200: 41.128: [GC concurrent-root-region-scan-end, 0.0006591 secs]
2020-09-29T12:05:50.238+0200: 41.128: [GC concurrent-mark-start]
2020-09-29T12:05:50.241+0200: 41.131: [GC concurrent-mark-end, 0.0031607 secs]
2020-09-29T12:05:50.242+0200: 41.131: [GC remark 2020-09-29T12:05:50.242+0200: 41.131: [Finalize Marking, 0.0003110 secs] 2020-09-29T12:05:50.242+0200: 41.131: [GC ref-proc, 0.0003895 secs] 2020-09-29T12:05:50.243+0200: 41.132: [Unloading, 0.0005818 secs], 0.0016429 secs]
 [Times: user=0.00 sys=0.00, real=0.00 secs] 
2020-09-29T12:05:50.244+0200: 41.133: [GC cleanup 983M->21M(2048M), 0.0012229 secs]
 [Times: user=0.00 sys=0.00, real=0.00 secs] 
2020-09-29T12:05:50.245+0200: 41.134: [GC concurrent-cleanup-start]
2020-09-29T12:05:50.247+0200: 41.136: [GC concurrent-cleanup-end, 0.0013699 secs]
2020-09-29T12:05:50.363+0200: 41.253: [GC pause (G1 Evacuation Pause) (young), 0.1497661 secs]
   [Parallel Time: 148.5 ms, GC Workers: 8]
      [GC Worker Start (ms): Min: 41252.6, Avg: 41252.8, Max: 41252.8, Diff: 0.2]
      [Ext Root Scanning (ms): Min: 0.0, Avg: 0.1, Max: 0.2, Diff: 0.2, Sum: 0.7]
      [Update RS (ms): Min: 12.2, Avg: 12.4, Max: 12.7, Diff: 0.5, Sum: 99.4]
         [Processed Buffers: Min: 9, Avg: 11.0, Max: 14, Diff: 5, Sum: 88]
      [Scan RS (ms): Min: 16.2, Avg: 16.9, Max: 19.6, Diff: 3.4, Sum: 135.3]
      [Code Root Scanning (ms): Min: 0.0, Avg: 0.0, Max: 0.0, Diff: 0.0, Sum: 0.0]
      [Object Copy (ms): Min: 115.7, Avg: 118.1, Max: 118.6, Diff: 2.9, Sum: 944.8]
      [Termination (ms): Min: 0.0, Avg: 0.6, Max: 0.7, Diff: 0.7, Sum: 4.8]
         [Termination Attempts: Min: 1, Avg: 2459.3, Max: 3145, Diff: 3144, Sum: 19674]
      [GC Worker Other (ms): Min: 0.0, Avg: 0.0, Max: 0.1, Diff: 0.1, Sum: 0.2]
      [GC Worker Total (ms): Min: 148.1, Avg: 148.2, Max: 148.3, Diff: 0.2, Sum: 1185.2]
      [GC Worker End (ms): Min: 41400.9, Avg: 41400.9, Max: 41400.9, Diff: 0.0]
   [Code Root Fixup: 0.0 ms]
   [Code Root Purge: 0.0 ms]
   [Clear CT: 0.2 ms]
   [Other: 1.1 ms]
      [Choose CSet: 0.0 ms]
      [Ref Proc: 0.2 ms]
      [Ref Enq: 0.0 ms]
      [Redirty Cards: 0.3 ms]
      [Humongous Register: 0.0 ms]
      [Humongous Reclaim: 0.0 ms]
      [Free CSet: 0.2 ms]
   [Eden: 175.0M(175.0M)->0.0B(164.0M) Survivors: 5120.0K->23.0M Heap: 219.0M(2048.0M)->217.0M(2048.0M)]
 [Times: user=1.14 sys=0.06, real=0.15 secs] 
2020-09-29T12:05:50.637+0200: 41.527: [GC pause (G1 Evacuation Pause) (young), 0.1406064 secs]
   [Parallel Time: 139.2 ms, GC Workers: 8]
      [GC Worker Start (ms): Min: 41526.7, Avg: 41526.9, Max: 41526.9, Diff: 0.2]
      [Ext Root Scanning (ms): Min: 0.0, Avg: 0.1, Max: 0.2, Diff: 0.2, Sum: 0.6]
      [Update RS (ms): Min: 12.1, Avg: 12.3, Max: 12.6, Diff: 0.6, Sum: 98.6]
         [Processed Buffers: Min: 10, Avg: 10.9, Max: 13, Diff: 3, Sum: 87]
      [Scan RS (ms): Min: 13.0, Avg: 13.4, Max: 13.7, Diff: 0.7, Sum: 106.9]
      [Code Root Scanning (ms): Min: 0.0, Avg: 0.0, Max: 0.0, Diff: 0.0, Sum: 0.0]
      [Object Copy (ms): Min: 112.8, Avg: 112.9, Max: 113.1, Diff: 0.3, Sum: 903.5]
      [Termination (ms): Min: 0.0, Avg: 0.2, Max: 0.2, Diff: 0.2, Sum: 1.4]
         [Termination Attempts: Min: 1, Avg: 772.6, Max: 955, Diff: 954, Sum: 6181]
      [GC Worker Other (ms): Min: 0.0, Avg: 0.0, Max: 0.1, Diff: 0.1, Sum: 0.3]
      [GC Worker Total (ms): Min: 138.8, Avg: 138.9, Max: 139.1, Diff: 0.2, Sum: 1111.3]
      [GC Worker End (ms): Min: 41665.7, Avg: 41665.8, Max: 41665.8, Diff: 0.1]
   [Code Root Fixup: 0.0 ms]
   [Code Root Purge: 0.0 ms]
   [Clear CT: 0.3 ms]
   [Other: 1.1 ms]
      [Choose CSet: 0.0 ms]
      [Ref Proc: 0.2 ms]
      [Ref Enq: 0.0 ms]
      [Redirty Cards: 0.3 ms]
      [Humongous Register: 0.0 ms]
      [Humongous Reclaim: 0.0 ms]
      [Free CSet: 0.2 ms]
   [Eden: 164.0M(164.0M)->0.0B(172.0M) Survivors: 23.0M->24.0M Heap: 407.7M(2048.0M)->409.7M(2048.0M)]
 [Times: user=1.13 sys=0.00, real=0.14 secs] 
2020-09-29T12:05:50.900+0200: 41.789: [GC pause (G1 Evacuation Pause) (young), 0.1353959 secs]
   [Parallel Time: 134.1 ms, GC Workers: 8]
      [GC Worker Start (ms): Min: 41789.5, Avg: 41789.5, Max: 41789.6, Diff: 0.1]
      [Ext Root Scanning (ms): Min: 0.0, Avg: 0.1, Max: 0.2, Diff: 0.1, Sum: 0.8]
      [Update RS (ms): Min: 13.1, Avg: 13.2, Max: 13.7, Diff: 0.6, Sum: 105.7]
         [Processed Buffers: Min: 11, Avg: 11.5, Max: 12, Diff: 1, Sum: 92]
      [Scan RS (ms): Min: 12.2, Avg: 12.7, Max: 13.0, Diff: 0.9, Sum: 101.5]
      [Code Root Scanning (ms): Min: 0.0, Avg: 0.0, Max: 0.0, Diff: 0.0, Sum: 0.0]
      [Object Copy (ms): Min: 107.7, Avg: 107.9, Max: 108.0, Diff: 0.3, Sum: 863.1]
      [Termination (ms): Min: 0.0, Avg: 0.0, Max: 0.0, Diff: 0.0, Sum: 0.3]
         [Termination Attempts: Min: 1, Avg: 175.8, Max: 230, Diff: 229, Sum: 1406]
      [GC Worker Other (ms): Min: 0.0, Avg: 0.0, Max: 0.1, Diff: 0.0, Sum: 0.3]
      [GC Worker Total (ms): Min: 133.9, Avg: 134.0, Max: 134.0, Diff: 0.1, Sum: 1071.7]
      [GC Worker End (ms): Min: 41923.5, Avg: 41923.5, Max: 41923.5, Diff: 0.0]
   [Code Root Fixup: 0.0 ms]
   [Code Root Purge: 0.0 ms]
   [Clear CT: 0.2 ms]
   [Other: 1.0 ms]
      [Choose CSet: 0.0 ms]
      [Ref Proc: 0.2 ms]
      [Ref Enq: 0.0 ms]
      [Redirty Cards: 0.3 ms]
      [Humongous Register: 0.0 ms]
      [Humongous Reclaim: 0.0 ms]
      [Free CSet: 0.2 ms]
   [Eden: 172.0M(172.0M)->0.0B(186.0M) Survivors: 24.0M->25.0M Heap: 610.3M(2048.0M)->612.3M(2048.0M)]
 [Times: user=1.02 sys=0.02, real=0.14 secs] 
2020-09-29T12:05:51.175+0200: 42.065: [GC pause (G1 Evacuation Pause) (young), 0.1565177 secs]
   [Parallel Time: 155.3 ms, GC Workers: 8]
      [GC Worker Start (ms): Min: 42064.8, Avg: 42064.9, Max: 42065.0, Diff: 0.2]
      [Ext Root Scanning (ms): Min: 0.0, Avg: 0.1, Max: 0.2, Diff: 0.2, Sum: 0.6]
      [Update RS (ms): Min: 14.5, Avg: 15.1, Max: 15.6, Diff: 1.1, Sum: 120.5]
         [Processed Buffers: Min: 12, Avg: 12.6, Max: 14, Diff: 2, Sum: 101]
      [Scan RS (ms): Min: 13.4, Avg: 13.9, Max: 14.4, Diff: 1.0, Sum: 111.1]
      [Code Root Scanning (ms): Min: 0.0, Avg: 0.0, Max: 0.0, Diff: 0.0, Sum: 0.0]
      [Object Copy (ms): Min: 125.7, Avg: 125.8, Max: 125.9, Diff: 0.2, Sum: 1006.4]
      [Termination (ms): Min: 0.0, Avg: 0.1, Max: 0.1, Diff: 0.1, Sum: 0.5]
         [Termination Attempts: Min: 1, Avg: 287.0, Max: 381, Diff: 380, Sum: 2296]
      [GC Worker Other (ms): Min: 0.0, Avg: 0.0, Max: 0.1, Diff: 0.1, Sum: 0.3]
      [GC Worker Total (ms): Min: 154.8, Avg: 154.9, Max: 155.0, Diff: 0.2, Sum: 1239.3]
      [GC Worker End (ms): Min: 42219.8, Avg: 42219.9, Max: 42219.9, Diff: 0.1]
   [Code Root Fixup: 0.0 ms]
   [Code Root Purge: 0.0 ms]
   [Clear CT: 0.3 ms]
   [Other: 1.0 ms]
      [Choose CSet: 0.0 ms]
      [Ref Proc: 0.3 ms]
      [Ref Enq: 0.0 ms]
      [Redirty Cards: 0.3 ms]
      [Humongous Register: 0.0 ms]
      [Humongous Reclaim: 0.0 ms]
      [Free CSet: 0.2 ms]
   [Eden: 186.0M(186.0M)->0.0B(194.0M) Survivors: 25.0M->27.0M Heap: 828.8M(2048.0M)->830.8M(2048.0M)]
 [Times: user=1.14 sys=0.00, real=0.16 secs] 
2020-09-29T12:05:51.475+0200: 42.364: [GC pause (G1 Evacuation Pause) (young), 0.1631133 secs]
   [Parallel Time: 161.8 ms, GC Workers: 8]
      [GC Worker Start (ms): Min: 42364.3, Avg: 42365.6, Max: 42369.4, Diff: 5.0]
      [Ext Root Scanning (ms): Min: 0.0, Avg: 0.1, Max: 0.2, Diff: 0.2, Sum: 0.6]
      [Update RS (ms): Min: 13.6, Avg: 17.0, Max: 18.3, Diff: 4.7, Sum: 135.6]
         [Processed Buffers: Min: 11, Avg: 14.0, Max: 15, Diff: 4, Sum: 112]
      [Scan RS (ms): Min: 12.8, Avg: 13.5, Max: 14.2, Diff: 1.4, Sum: 108.1]
      [Code Root Scanning (ms): Min: 0.0, Avg: 0.0, Max: 0.0, Diff: 0.0, Sum: 0.0]
      [Object Copy (ms): Min: 129.5, Avg: 129.8, Max: 129.9, Diff: 0.4, Sum: 1038.5]
      [Termination (ms): Min: 0.0, Avg: 0.0, Max: 0.0, Diff: 0.0, Sum: 0.3]
         [Termination Attempts: Min: 1, Avg: 156.9, Max: 215, Diff: 214, Sum: 1255]
      [GC Worker Other (ms): Min: 0.0, Avg: 0.1, Max: 0.1, Diff: 0.1, Sum: 0.4]
      [GC Worker Total (ms): Min: 156.7, Avg: 160.4, Max: 161.7, Diff: 5.0, Sum: 1283.5]
      [GC Worker End (ms): Min: 42526.0, Avg: 42526.0, Max: 42526.1, Diff: 0.1]
   [Code Root Fixup: 0.0 ms]
   [Code Root Purge: 0.0 ms]
   [Clear CT: 0.2 ms]
   [Other: 1.1 ms]
      [Choose CSet: 0.0 ms]
      [Ref Proc: 0.2 ms]
      [Ref Enq: 0.0 ms]
      [Redirty Cards: 0.3 ms]
      [Humongous Register: 0.1 ms]
      [Humongous Reclaim: 0.0 ms]
      [Free CSet: 0.3 ms]
   [Eden: 194.0M(194.0M)->0.0B(202.0M) Survivors: 27.0M->28.0M Heap: 1057.3M(2048.0M)->1058.8M(2048.0M)]
 [Times: user=1.25 sys=0.00, real=0.16 secs] 
2020-09-29T12:05:51.645+0200: 42.534: [GC pause (G1 Humongous Allocation) (young) (initial-mark), 0.0562399 secs]
   [Parallel Time: 55.0 ms, GC Workers: 8]
      [GC Worker Start (ms): Min: 42534.2, Avg: 42534.2, Max: 42534.3, Diff: 0.1]
      [Ext Root Scanning (ms): Min: 0.1, Avg: 0.1, Max: 0.2, Diff: 0.1, Sum: 0.9]
      [Update RS (ms): Min: 34.4, Avg: 34.7, Max: 35.1, Diff: 0.7, Sum: 277.6]
         [Processed Buffers: Min: 27, Avg: 30.5, Max: 33, Diff: 6, Sum: 244]
      [Scan RS (ms): Min: 2.1, Avg: 2.4, Max: 2.7, Diff: 0.6, Sum: 19.5]
      [Code Root Scanning (ms): Min: 0.0, Avg: 0.0, Max: 0.0, Diff: 0.0, Sum: 0.0]
      [Object Copy (ms): Min: 17.6, Avg: 17.6, Max: 17.6, Diff: 0.1, Sum: 140.8]
      [Termination (ms): Min: 0.0, Avg: 0.0, Max: 0.0, Diff: 0.0, Sum: 0.1]
         [Termination Attempts: Min: 1, Avg: 70.1, Max: 88, Diff: 87, Sum: 561]
      [GC Worker Other (ms): Min: 0.0, Avg: 0.0, Max: 0.0, Diff: 0.0, Sum: 0.1]
      [GC Worker Total (ms): Min: 54.8, Avg: 54.9, Max: 54.9, Diff: 0.1, Sum: 439.1]
      [GC Worker End (ms): Min: 42589.1, Avg: 42589.1, Max: 42589.1, Diff: 0.0]
   [Code Root Fixup: 0.0 ms]
   [Code Root Purge: 0.0 ms]
   [Clear CT: 0.2 ms]
   [Other: 1.0 ms]
      [Choose CSet: 0.0 ms]
      [Ref Proc: 0.3 ms]
      [Ref Enq: 0.0 ms]
      [Redirty Cards: 0.3 ms]
      [Humongous Register: 0.1 ms]
      [Humongous Reclaim: 0.0 ms]
      [Free CSet: 0.1 ms]
   [Eden: 2048.0K(202.0M)->0.0B(231.0M) Survivors: 28.0M->5120.0K Heap: 1060.8M(2048.0M)->1065.3M(2048.0M)]
 [Times: user=0.38 sys=0.00, real=0.06 secs] 
2020-09-29T12:05:51.701+0200: 42.590: [GC concurrent-root-region-scan-start]
2020-09-29T12:05:51.702+0200: 42.591: [GC concurrent-root-region-scan-end, 0.0009583 secs]
2020-09-29T12:05:51.702+0200: 42.591: [GC concurrent-mark-start]
2020-09-29T12:05:51.706+0200: 42.595: [GC concurrent-mark-end, 0.0037727 secs]
2020-09-29T12:05:51.706+0200: 42.595: [GC remark 2020-09-29T12:05:51.706+0200: 42.596: [Finalize Marking, 0.0001888 secs] 2020-09-29T12:05:51.706+0200: 42.596: [GC ref-proc, 0.0004968 secs] 2020-09-29T12:05:51.707+0200: 42.596: [Unloading, 0.0006187 secs], 0.0018212 secs]
 [Times: user=0.02 sys=0.00, real=0.00 secs] 
2020-09-29T12:05:51.708+0200: 42.598: [GC cleanup 1074M->22M(2048M), 0.0017891 secs]
 [Times: user=0.00 sys=0.00, real=0.00 secs] 
2020-09-29T12:05:51.710+0200: 42.600: [GC concurrent-cleanup-start]
2020-09-29T12:05:51.712+0200: 42.602: [GC concurrent-cleanup-end, 0.0019434 secs]
2020-09-29T12:05:51.867+0200: 42.757: [GC pause (G1 Evacuation Pause) (young), 0.1751718 secs]
   [Parallel Time: 171.2 ms, GC Workers: 8]
      [GC Worker Start (ms): Min: 42756.9, Avg: 42757.0, Max: 42757.1, Diff: 0.2]
      [Ext Root Scanning (ms): Min: 0.0, Avg: 0.1, Max: 0.2, Diff: 0.2, Sum: 0.7]
      [Update RS (ms): Min: 14.4, Avg: 14.6, Max: 15.3, Diff: 0.9, Sum: 116.5]
         [Processed Buffers: Min: 12, Avg: 13.3, Max: 15, Diff: 3, Sum: 106]
      [Scan RS (ms): Min: 15.8, Avg: 16.5, Max: 16.8, Diff: 1.0, Sum: 132.4]
      [Code Root Scanning (ms): Min: 0.0, Avg: 0.0, Max: 0.0, Diff: 0.0, Sum: 0.0]
      [Object Copy (ms): Min: 139.4, Avg: 139.5, Max: 139.7, Diff: 0.3, Sum: 1116.4]
      [Termination (ms): Min: 0.0, Avg: 0.1, Max: 0.1, Diff: 0.1, Sum: 0.6]
         [Termination Attempts: Min: 1, Avg: 366.9, Max: 467, Diff: 466, Sum: 2935]
      [GC Worker Other (ms): Min: 0.0, Avg: 0.1, Max: 0.1, Diff: 0.1, Sum: 0.5]
      [GC Worker Total (ms): Min: 170.8, Avg: 170.9, Max: 171.0, Diff: 0.2, Sum: 1367.1]
      [GC Worker End (ms): Min: 42927.8, Avg: 42927.9, Max: 42927.9, Diff: 0.1]
   [Code Root Fixup: 0.0 ms]
   [Code Root Purge: 0.0 ms]
   [Clear CT: 0.3 ms]
   [Other: 3.7 ms]
      [Choose CSet: 0.0 ms]
      [Ref Proc: 0.2 ms]
      [Ref Enq: 0.0 ms]
      [Redirty Cards: 2.9 ms]
      [Humongous Register: 0.0 ms]
      [Humongous Reclaim: 0.0 ms]
      [Free CSet: 0.2 ms]
   [Eden: 231.0M(231.0M)->0.0B(205.0M) Survivors: 5120.0K->30.0M Heap: 285.1M(2048.0M)->282.6M(2048.0M)]
 [Times: user=1.38 sys=0.00, real=0.18 secs] 
2020-09-29T12:05:52.201+0200: 43.090: [GC pause (G1 Evacuation Pause) (young), 0.1849781 secs]
   [Parallel Time: 183.8 ms, GC Workers: 8]
      [GC Worker Start (ms): Min: 43090.6, Avg: 43090.7, Max: 43090.8, Diff: 0.2]
      [Ext Root Scanning (ms): Min: 0.0, Avg: 0.1, Max: 0.2, Diff: 0.2, Sum: 0.6]
      [Update RS (ms): Min: 16.3, Avg: 16.4, Max: 16.6, Diff: 0.3, Sum: 131.3]
         [Processed Buffers: Min: 13, Avg: 14.9, Max: 18, Diff: 5, Sum: 119]
      [Scan RS (ms): Min: 14.7, Avg: 15.0, Max: 15.2, Diff: 0.5, Sum: 120.0]
      [Code Root Scanning (ms): Min: 0.0, Avg: 0.0, Max: 0.0, Diff: 0.0, Sum: 0.0]
      [Object Copy (ms): Min: 151.4, Avg: 151.6, Max: 152.1, Diff: 0.7, Sum: 1212.8]
      [Termination (ms): Min: 0.0, Avg: 0.4, Max: 0.5, Diff: 0.5, Sum: 3.2]
         [Termination Attempts: Min: 1, Avg: 1935.9, Max: 2493, Diff: 2492, Sum: 15487]
      [GC Worker Other (ms): Min: 0.0, Avg: 0.0, Max: 0.1, Diff: 0.0, Sum: 0.2]
      [GC Worker Total (ms): Min: 183.4, Avg: 183.5, Max: 183.7, Diff: 0.2, Sum: 1468.2]
      [GC Worker End (ms): Min: 43274.2, Avg: 43274.2, Max: 43274.2, Diff: 0.0]
   [Code Root Fixup: 0.0 ms]
   [Code Root Purge: 0.0 ms]
   [Clear CT: 0.2 ms]
   [Other: 0.9 ms]
      [Choose CSet: 0.0 ms]
      [Ref Proc: 0.2 ms]
      [Ref Enq: 0.0 ms]
      [Redirty Cards: 0.3 ms]
      [Humongous Register: 0.0 ms]
      [Humongous Reclaim: 0.0 ms]
      [Free CSet: 0.2 ms]
   [Eden: 205.0M(205.0M)->0.0B(200.0M) Survivors: 30.0M->30.0M Heap: 521.9M(2048.0M)->523.9M(2048.0M)]
 [Times: user=1.39 sys=0.02, real=0.18 secs] 
2020-09-29T12:05:52.534+0200: 43.423: [GC pause (G1 Evacuation Pause) (young), 0.1760155 secs]
   [Parallel Time: 174.6 ms, GC Workers: 8]
      [GC Worker Start (ms): Min: 43423.2, Avg: 43423.3, Max: 43423.4, Diff: 0.2]
      [Ext Root Scanning (ms): Min: 0.0, Avg: 0.1, Max: 0.2, Diff: 0.2, Sum: 0.6]
      [Update RS (ms): Min: 18.7, Avg: 19.1, Max: 19.7, Diff: 0.9, Sum: 153.1]
         [Processed Buffers: Min: 14, Avg: 15.0, Max: 17, Diff: 3, Sum: 120]
      [Scan RS (ms): Min: 19.5, Avg: 20.1, Max: 20.6, Diff: 1.1, Sum: 160.5]
      [Code Root Scanning (ms): Min: 0.0, Avg: 0.0, Max: 0.0, Diff: 0.0, Sum: 0.0]
      [Object Copy (ms): Min: 134.7, Avg: 134.8, Max: 134.9, Diff: 0.2, Sum: 1078.8]
      [Termination (ms): Min: 0.0, Avg: 0.2, Max: 0.3, Diff: 0.3, Sum: 1.6]
         [Termination Attempts: Min: 1, Avg: 981.1, Max: 1260, Diff: 1259, Sum: 7849]
      [GC Worker Other (ms): Min: 0.0, Avg: 0.0, Max: 0.1, Diff: 0.1, Sum: 0.3]
      [GC Worker Total (ms): Min: 174.3, Avg: 174.4, Max: 174.5, Diff: 0.2, Sum: 1395.0]
      [GC Worker End (ms): Min: 43597.6, Avg: 43597.7, Max: 43597.7, Diff: 0.1]
   [Code Root Fixup: 0.0 ms]
   [Code Root Purge: 0.0 ms]
   [Clear CT: 0.2 ms]
   [Other: 1.2 ms]
      [Choose CSet: 0.0 ms]
      [Ref Proc: 0.3 ms]
      [Ref Enq: 0.0 ms]
      [Redirty Cards: 0.3 ms]
      [Humongous Register: 0.0 ms]
      [Humongous Reclaim: 0.0 ms]
      [Free CSet: 0.3 ms]
   [Eden: 200.0M(200.0M)->0.0B(196.0M) Survivors: 30.0M->29.0M Heap: 756.3M(2048.0M)->757.8M(2048.0M)]
 [Times: user=1.50 sys=0.00, real=0.18 secs] 
2020-09-29T12:05:52.858+0200: 43.747: [GC pause (G1 Evacuation Pause) (young), 0.1676079 secs]
   [Parallel Time: 166.3 ms, GC Workers: 8]
      [GC Worker Start (ms): Min: 43747.6, Avg: 43747.6, Max: 43747.7, Diff: 0.1]
      [Ext Root Scanning (ms): Min: 0.1, Avg: 0.1, Max: 0.1, Diff: 0.1, Sum: 0.8]
      [Update RS (ms): Min: 21.7, Avg: 22.0, Max: 22.7, Diff: 0.9, Sum: 175.8]
         [Processed Buffers: Min: 17, Avg: 18.0, Max: 22, Diff: 5, Sum: 144]
      [Scan RS (ms): Min: 11.8, Avg: 12.6, Max: 12.9, Diff: 1.1, Sum: 100.5]
      [Code Root Scanning (ms): Min: 0.0, Avg: 0.0, Max: 0.0, Diff: 0.0, Sum: 0.0]
      [Object Copy (ms): Min: 131.3, Avg: 131.4, Max: 131.5, Diff: 0.2, Sum: 1051.4]
      [Termination (ms): Min: 0.0, Avg: 0.0, Max: 0.0, Diff: 0.0, Sum: 0.1]
         [Termination Attempts: Min: 1, Avg: 46.8, Max: 83, Diff: 82, Sum: 374]
      [GC Worker Other (ms): Min: 0.0, Avg: 0.0, Max: 0.1, Diff: 0.1, Sum: 0.3]
      [GC Worker Total (ms): Min: 166.1, Avg: 166.1, Max: 166.2, Diff: 0.1, Sum: 1329.0]
      [GC Worker End (ms): Min: 43913.7, Avg: 43913.8, Max: 43913.8, Diff: 0.1]
   [Code Root Fixup: 0.0 ms]
   [Code Root Purge: 0.0 ms]
   [Clear CT: 0.2 ms]
   [Other: 1.1 ms]
      [Choose CSet: 0.0 ms]
      [Ref Proc: 0.2 ms]
      [Ref Enq: 0.0 ms]
      [Redirty Cards: 0.3 ms]
      [Humongous Register: 0.1 ms]
      [Humongous Reclaim: 0.0 ms]
      [Free CSet: 0.3 ms]
   [Eden: 196.0M(196.0M)->0.0B(202.0M) Survivors: 29.0M->29.0M Heap: 986.2M(2048.0M)->988.7M(2048.0M)]
 [Times: user=1.38 sys=0.00, real=0.17 secs] 
2020-09-29T12:05:53.032+0200: 43.921: [GC pause (G1 Humongous Allocation) (young) (initial-mark), 0.0642469 secs]
   [Parallel Time: 62.4 ms, GC Workers: 8]
      [GC Worker Start (ms): Min: 43921.7, Avg: 43921.7, Max: 43921.8, Diff: 0.2]
      [Ext Root Scanning (ms): Min: 0.6, Avg: 0.7, Max: 0.8, Diff: 0.2, Sum: 5.4]
      [Update RS (ms): Min: 35.5, Avg: 35.8, Max: 36.2, Diff: 0.8, Sum: 286.4]
         [Processed Buffers: Min: 30, Avg: 31.3, Max: 32, Diff: 2, Sum: 250]
      [Scan RS (ms): Min: 2.3, Avg: 2.7, Max: 3.0, Diff: 0.8, Sum: 21.2]
      [Code Root Scanning (ms): Min: 0.0, Avg: 0.0, Max: 0.0, Diff: 0.0, Sum: 0.0]
      [Object Copy (ms): Min: 22.8, Avg: 22.9, Max: 23.0, Diff: 0.1, Sum: 183.4]
      [Termination (ms): Min: 0.0, Avg: 0.1, Max: 0.1, Diff: 0.1, Sum: 0.4]
         [Termination Attempts: Min: 1, Avg: 244.4, Max: 292, Diff: 291, Sum: 1955]
      [GC Worker Other (ms): Min: 0.0, Avg: 0.0, Max: 0.1, Diff: 0.0, Sum: 0.2]
      [GC Worker Total (ms): Min: 62.1, Avg: 62.1, Max: 62.2, Diff: 0.1, Sum: 497.2]
      [GC Worker End (ms): Min: 43983.9, Avg: 43983.9, Max: 43983.9, Diff: 0.0]
   [Code Root Fixup: 0.0 ms]
   [Code Root Purge: 0.0 ms]
   [Clear CT: 0.2 ms]
   [Other: 1.7 ms]
      [Choose CSet: 0.0 ms]
      [Ref Proc: 0.3 ms]
      [Ref Enq: 0.0 ms]
      [Redirty Cards: 0.9 ms]
      [Humongous Register: 0.1 ms]
      [Humongous Reclaim: 0.0 ms]
      [Free CSet: 0.1 ms]
   [Eden: 4096.0K(202.0M)->0.0B(219.0M) Survivors: 29.0M->6144.0K Heap: 992.2M(2048.0M)->995.7M(2048.0M)]
 [Times: user=0.50 sys=0.00, real=0.06 secs] 
2020-09-29T12:05:53.097+0200: 43.986: [GC concurrent-root-region-scan-start]
2020-09-29T12:05:53.098+0200: 43.988: [GC concurrent-root-region-scan-end, 0.0018483 secs]
2020-09-29T12:05:53.098+0200: 43.988: [GC concurrent-mark-start]
2020-09-29T12:05:53.103+0200: 43.993: [GC concurrent-mark-end, 0.0046870 secs]
2020-09-29T12:05:53.103+0200: 43.993: [GC remark 2020-09-29T12:05:53.103+0200: 43.993: [Finalize Marking, 0.0001823 secs] 2020-09-29T12:05:53.104+0200: 43.993: [GC ref-proc, 0.0004858 secs] 2020-09-29T12:05:53.104+0200: 43.993: [Unloading, 0.0006375 secs], 0.0018211 secs]
 [Times: user=0.00 sys=0.00, real=0.00 secs] 
2020-09-29T12:05:53.106+0200: 43.995: [GC cleanup 1006M->25M(2048M), 0.0017693 secs]
 [Times: user=0.00 sys=0.00, real=0.00 secs] 
2020-09-29T12:05:53.108+0200: 43.997: [GC concurrent-cleanup-start]
2020-09-29T12:05:53.110+0200: 43.999: [GC concurrent-cleanup-end, 0.0018958 secs]
2020-09-29T12:05:53.260+0200: 44.149: [GC pause (G1 Evacuation Pause) (young), 0.1579315 secs]
   [Parallel Time: 156.6 ms, GC Workers: 8]
      [GC Worker Start (ms): Min: 44149.3, Avg: 44149.5, Max: 44149.6, Diff: 0.2]
      [Ext Root Scanning (ms): Min: 0.0, Avg: 0.1, Max: 0.2, Diff: 0.2, Sum: 0.6]
      [Update RS (ms): Min: 16.0, Avg: 16.2, Max: 16.6, Diff: 0.6, Sum: 129.6]
         [Processed Buffers: Min: 13, Avg: 14.6, Max: 17, Diff: 4, Sum: 117]
      [Scan RS (ms): Min: 13.6, Avg: 14.0, Max: 14.2, Diff: 0.7, Sum: 111.8]
      [Code Root Scanning (ms): Min: 0.0, Avg: 0.0, Max: 0.0, Diff: 0.0, Sum: 0.0]
      [Object Copy (ms): Min: 125.9, Avg: 125.9, Max: 126.0, Diff: 0.1, Sum: 1007.6]
      [Termination (ms): Min: 0.0, Avg: 0.0, Max: 0.1, Diff: 0.1, Sum: 0.4]
         [Termination Attempts: Min: 1, Avg: 196.1, Max: 243, Diff: 242, Sum: 1569]
      [GC Worker Other (ms): Min: 0.0, Avg: 0.0, Max: 0.1, Diff: 0.1, Sum: 0.3]
      [GC Worker Total (ms): Min: 156.2, Avg: 156.3, Max: 156.4, Diff: 0.2, Sum: 1250.2]
      [GC Worker End (ms): Min: 44305.7, Avg: 44305.7, Max: 44305.8, Diff: 0.1]
   [Code Root Fixup: 0.0 ms]
   [Code Root Purge: 0.0 ms]
   [Clear CT: 0.3 ms]
   [Other: 1.0 ms]
      [Choose CSet: 0.0 ms]
      [Ref Proc: 0.2 ms]
      [Ref Enq: 0.0 ms]
      [Redirty Cards: 0.3 ms]
      [Humongous Register: 0.0 ms]
      [Humongous Reclaim: 0.0 ms]
      [Free CSet: 0.2 ms]
   [Eden: 219.0M(219.0M)->0.0B(207.0M) Survivors: 6144.0K->29.0M Heap: 271.6M(2048.0M)->268.1M(2048.0M)]
 [Times: user=1.25 sys=0.00, real=0.16 secs] 
2020-09-29T12:05:53.570+0200: 44.459: [GC pause (G1 Evacuation Pause) (young), 0.1864120 secs]
   [Parallel Time: 185.2 ms, GC Workers: 8]
      [GC Worker Start (ms): Min: 44459.1, Avg: 44459.2, Max: 44459.3, Diff: 0.2]
      [Ext Root Scanning (ms): Min: 0.0, Avg: 0.1, Max: 0.2, Diff: 0.2, Sum: 0.6]
      [Update RS (ms): Min: 22.0, Avg: 22.1, Max: 22.2, Diff: 0.3, Sum: 176.7]
         [Processed Buffers: Min: 0, Avg: 16.8, Max: 21, Diff: 21, Sum: 134]
      [Scan RS (ms): Min: 14.8, Avg: 18.3, Max: 41.6, Diff: 26.8, Sum: 146.6]
      [Code Root Scanning (ms): Min: 0.0, Avg: 0.0, Max: 0.0, Diff: 0.0, Sum: 0.0]
      [Object Copy (ms): Min: 121.1, Avg: 144.3, Max: 147.7, Diff: 26.6, Sum: 1154.7]
      [Termination (ms): Min: 0.0, Avg: 0.0, Max: 0.0, Diff: 0.0, Sum: 0.0]
         [Termination Attempts: Min: 1, Avg: 21.1, Max: 26, Diff: 25, Sum: 169]
      [GC Worker Other (ms): Min: 0.0, Avg: 0.0, Max: 0.1, Diff: 0.1, Sum: 0.4]
      [GC Worker Total (ms): Min: 184.8, Avg: 184.9, Max: 185.0, Diff: 0.2, Sum: 1479.1]
      [GC Worker End (ms): Min: 44644.1, Avg: 44644.1, Max: 44644.2, Diff: 0.1]
   [Code Root Fixup: 0.0 ms]
   [Code Root Purge: 0.0 ms]
   [Clear CT: 0.2 ms]
   [Other: 1.0 ms]
      [Choose CSet: 0.0 ms]
      [Ref Proc: 0.2 ms]
      [Ref Enq: 0.0 ms]
      [Redirty Cards: 0.2 ms]
      [Humongous Register: 0.0 ms]
      [Humongous Reclaim: 0.0 ms]
      [Free CSet: 0.3 ms]
   [Eden: 207.0M(207.0M)->0.0B(198.0M) Survivors: 29.0M->30.0M Heap: 509.5M(2048.0M)->511.5M(2048.0M)]
 [Times: user=1.45 sys=0.00, real=0.19 secs] 
2020-09-29T12:05:53.907+0200: 44.796: [GC pause (G1 Evacuation Pause) (young), 0.1596270 secs]
   [Parallel Time: 158.3 ms, GC Workers: 8]
      [GC Worker Start (ms): Min: 44796.1, Avg: 44796.2, Max: 44796.3, Diff: 0.1]
      [Ext Root Scanning (ms): Min: 0.0, Avg: 0.1, Max: 0.2, Diff: 0.1, Sum: 0.8]
      [Update RS (ms): Min: 16.0, Avg: 16.2, Max: 17.0, Diff: 1.0, Sum: 129.9]
         [Processed Buffers: Min: 13, Avg: 14.3, Max: 16, Diff: 3, Sum: 114]
      [Scan RS (ms): Min: 13.8, Avg: 14.6, Max: 15.0, Diff: 1.2, Sum: 117.0]
      [Code Root Scanning (ms): Min: 0.0, Avg: 0.0, Max: 0.0, Diff: 0.0, Sum: 0.0]
      [Object Copy (ms): Min: 126.9, Avg: 127.1, Max: 127.2, Diff: 0.3, Sum: 1016.6]
      [Termination (ms): Min: 0.0, Avg: 0.0, Max: 0.0, Diff: 0.0, Sum: 0.1]
         [Termination Attempts: Min: 1, Avg: 63.9, Max: 84, Diff: 83, Sum: 511]
      [GC Worker Other (ms): Min: 0.0, Avg: 0.0, Max: 0.1, Diff: 0.0, Sum: 0.3]
      [GC Worker Total (ms): Min: 158.0, Avg: 158.1, Max: 158.1, Diff: 0.1, Sum: 1264.7]
      [GC Worker End (ms): Min: 44954.3, Avg: 44954.3, Max: 44954.3, Diff: 0.0]
   [Code Root Fixup: 0.0 ms]
   [Code Root Purge: 0.0 ms]
   [Clear CT: 0.3 ms]
   [Other: 1.1 ms]
      [Choose CSet: 0.0 ms]
      [Ref Proc: 0.3 ms]
      [Ref Enq: 0.0 ms]
      [Redirty Cards: 0.3 ms]
      [Humongous Register: 0.1 ms]
      [Humongous Reclaim: 0.0 ms]
      [Free CSet: 0.2 ms]
   [Eden: 198.0M(198.0M)->0.0B(206.0M) Survivors: 30.0M->29.0M Heap: 741.9M(2048.0M)->743.9M(2048.0M)]
 [Times: user=1.25 sys=0.00, real=0.16 secs] 
2020-09-29T12:05:54.219+0200: 45.108: [GC pause (G1 Evacuation Pause) (young), 0.1877029 secs]
   [Parallel Time: 185.8 ms, GC Workers: 8]
      [GC Worker Start (ms): Min: 45108.1, Avg: 45108.2, Max: 45108.3, Diff: 0.2]
      [Ext Root Scanning (ms): Min: 0.0, Avg: 0.1, Max: 0.2, Diff: 0.2, Sum: 0.6]
      [Update RS (ms): Min: 15.9, Avg: 16.2, Max: 16.8, Diff: 0.9, Sum: 129.7]
         [Processed Buffers: Min: 13, Avg: 14.1, Max: 16, Diff: 3, Sum: 113]
      [Scan RS (ms): Min: 15.4, Avg: 16.0, Max: 16.4, Diff: 1.0, Sum: 127.8]
      [Code Root Scanning (ms): Min: 0.0, Avg: 0.0, Max: 0.0, Diff: 0.0, Sum: 0.0]
      [Object Copy (ms): Min: 153.0, Avg: 153.1, Max: 153.3, Diff: 0.2, Sum: 1224.9]
      [Termination (ms): Min: 0.0, Avg: 0.1, Max: 0.1, Diff: 0.1, Sum: 0.8]
         [Termination Attempts: Min: 1, Avg: 474.8, Max: 632, Diff: 631, Sum: 3798]
      [GC Worker Other (ms): Min: 0.0, Avg: 0.0, Max: 0.1, Diff: 0.1, Sum: 0.3]
      [GC Worker Total (ms): Min: 185.4, Avg: 185.5, Max: 185.6, Diff: 0.2, Sum: 1484.1]
      [GC Worker End (ms): Min: 45293.7, Avg: 45293.7, Max: 45293.8, Diff: 0.1]
   [Code Root Fixup: 0.0 ms]
   [Code Root Purge: 0.0 ms]
   [Clear CT: 0.4 ms]
   [Other: 1.4 ms]
      [Choose CSet: 0.0 ms]
      [Ref Proc: 0.5 ms]
      [Ref Enq: 0.0 ms]
      [Redirty Cards: 0.5 ms]
      [Humongous Register: 0.1 ms]
      [Humongous Reclaim: 0.0 ms]
      [Free CSet: 0.2 ms]
   [Eden: 206.0M(206.0M)->0.0B(198.0M) Survivors: 29.0M->30.0M Heap: 984.2M(2048.0M)->986.2M(2048.0M)]
 [Times: user=1.44 sys=0.02, real=0.19 secs] 
2020-09-29T12:05:54.414+0200: 45.302: [GC pause (G1 Humongous Allocation) (young) (initial-mark), 0.0824294 secs]
   [Parallel Time: 81.3 ms, GC Workers: 8]
      [GC Worker Start (ms): Min: 45302.5, Avg: 45302.6, Max: 45302.6, Diff: 0.1]
      [Ext Root Scanning (ms): Min: 0.0, Avg: 0.1, Max: 0.2, Diff: 0.1, Sum: 0.8]
      [Update RS (ms): Min: 39.7, Avg: 40.0, Max: 40.6, Diff: 1.0, Sum: 319.8]
         [Processed Buffers: Min: 32, Avg: 35.3, Max: 37, Diff: 5, Sum: 282]
      [Scan RS (ms): Min: 1.5, Avg: 3.1, Max: 8.9, Diff: 7.4, Sum: 24.5]
      [Code Root Scanning (ms): Min: 0.0, Avg: 0.0, Max: 0.0, Diff: 0.0, Sum: 0.0]
      [Object Copy (ms): Min: 32.1, Avg: 37.7, Max: 38.7, Diff: 6.6, Sum: 302.0]
      [Termination (ms): Min: 0.0, Avg: 0.3, Max: 0.4, Diff: 0.4, Sum: 2.2]
         [Termination Attempts: Min: 1, Avg: 1306.4, Max: 1709, Diff: 1708, Sum: 10451]
      [GC Worker Other (ms): Min: 0.0, Avg: 0.0, Max: 0.0, Diff: 0.0, Sum: 0.2]
      [GC Worker Total (ms): Min: 81.1, Avg: 81.2, Max: 81.2, Diff: 0.1, Sum: 649.4]
      [GC Worker End (ms): Min: 45383.7, Avg: 45383.7, Max: 45383.8, Diff: 0.0]
   [Code Root Fixup: 0.0 ms]
   [Code Root Purge: 0.0 ms]
   [Clear CT: 0.2 ms]
   [Other: 0.9 ms]
      [Choose CSet: 0.0 ms]
      [Ref Proc: 0.3 ms]
      [Ref Enq: 0.0 ms]
      [Redirty Cards: 0.2 ms]
      [Humongous Register: 0.0 ms]
      [Humongous Reclaim: 0.0 ms]
      [Free CSet: 0.1 ms]
   [Eden: 6144.0K(198.0M)->0.0B(166.0M) Survivors: 30.0M->7168.0K Heap: 991.7M(2048.0M)->995.2M(2048.0M)]
 [Times: user=0.58 sys=0.00, real=0.08 secs] 
2020-09-29T12:05:54.496+0200: 45.385: [GC concurrent-root-region-scan-start]
2020-09-29T12:05:54.499+0200: 45.387: [GC concurrent-root-region-scan-end, 0.0021081 secs]
2020-09-29T12:05:54.499+0200: 45.387: [GC concurrent-mark-start]
2020-09-29T12:05:54.503+0200: 45.392: [GC concurrent-mark-end, 0.0045664 secs]
2020-09-29T12:05:54.503+0200: 45.392: [GC remark 2020-09-29T12:05:54.503+0200: 45.392: [Finalize Marking, 0.0002273 secs] 2020-09-29T12:05:54.504+0200: 45.392: [GC ref-proc, 0.0004135 secs] 2020-09-29T12:05:54.504+0200: 45.393: [Unloading, 0.0005005 secs], 0.0014974 secs]
 [Times: user=0.00 sys=0.00, real=0.00 secs] 
2020-09-29T12:05:54.505+0200: 45.394: [GC cleanup 1008M->28M(2048M), 0.0015070 secs]
 [Times: user=0.00 sys=0.00, real=0.00 secs] 
2020-09-29T12:05:54.507+0200: 45.396: [GC concurrent-cleanup-start]
2020-09-29T12:05:54.509+0200: 45.398: [GC concurrent-cleanup-end, 0.0023607 secs]
2020-09-29T12:05:54.601+0200: 45.489: [GC pause (G1 Evacuation Pause) (young), 0.0903030 secs]
   [Parallel Time: 89.5 ms, GC Workers: 8]
      [GC Worker Start (ms): Min: 45489.3, Avg: 45489.3, Max: 45489.3, Diff: 0.1]
      [Ext Root Scanning (ms): Min: 0.0, Avg: 0.1, Max: 0.1, Diff: 0.1, Sum: 0.6]
      [Update RS (ms): Min: 13.1, Avg: 13.2, Max: 13.7, Diff: 0.6, Sum: 105.5]
         [Processed Buffers: Min: 14, Avg: 15.1, Max: 17, Diff: 3, Sum: 121]
      [Scan RS (ms): Min: 8.2, Avg: 9.5, Max: 18.2, Diff: 10.0, Sum: 76.1]
      [Code Root Scanning (ms): Min: 0.0, Avg: 0.0, Max: 0.0, Diff: 0.0, Sum: 0.0]
      [Object Copy (ms): Min: 57.2, Avg: 66.4, Max: 67.9, Diff: 10.6, Sum: 531.1]
      [Termination (ms): Min: 0.0, Avg: 0.1, Max: 0.1, Diff: 0.1, Sum: 0.7]
         [Termination Attempts: Min: 1, Avg: 563.3, Max: 786, Diff: 785, Sum: 4506]
      [GC Worker Other (ms): Min: 0.0, Avg: 0.0, Max: 0.1, Diff: 0.0, Sum: 0.2]
      [GC Worker Total (ms): Min: 89.2, Avg: 89.3, Max: 89.3, Diff: 0.1, Sum: 714.2]
      [GC Worker End (ms): Min: 45578.6, Avg: 45578.6, Max: 45578.6, Diff: 0.0]
   [Code Root Fixup: 0.0 ms]
   [Code Root Purge: 0.0 ms]
   [Clear CT: 0.2 ms]
   [Other: 0.6 ms]
      [Choose CSet: 0.0 ms]
      [Ref Proc: 0.1 ms]
      [Ref Enq: 0.0 ms]
      [Redirty Cards: 0.2 ms]
      [Humongous Register: 0.0 ms]
      [Humongous Reclaim: 0.0 ms]
      [Free CSet: 0.1 ms]
   [Eden: 166.0M(166.0M)->0.0B(185.0M) Survivors: 7168.0K->22.0M Heap: 210.6M(2048.0M)->205.6M(2048.0M)]
 [Times: user=0.61 sys=0.00, real=0.09 secs] 
2020-09-29T12:05:54.783+0200: 45.672: [GC pause (G1 Evacuation Pause) (young), 0.1058249 secs]
   [Parallel Time: 104.8 ms, GC Workers: 8]
      [GC Worker Start (ms): Min: 45671.6, Avg: 45672.3, Max: 45672.7, Diff: 1.1]
      [Ext Root Scanning (ms): Min: 0.0, Avg: 0.0, Max: 0.2, Diff: 0.2, Sum: 0.2]
      [Update RS (ms): Min: 15.4, Avg: 15.7, Max: 16.1, Diff: 0.7, Sum: 125.3]
         [Processed Buffers: Min: 15, Avg: 17.3, Max: 20, Diff: 5, Sum: 138]
      [Scan RS (ms): Min: 9.1, Avg: 9.3, Max: 9.6, Diff: 0.5, Sum: 74.8]
      [Code Root Scanning (ms): Min: 0.0, Avg: 0.0, Max: 0.0, Diff: 0.0, Sum: 0.0]
      [Object Copy (ms): Min: 78.8, Avg: 78.9, Max: 79.0, Diff: 0.3, Sum: 631.3]
      [Termination (ms): Min: 0.0, Avg: 0.0, Max: 0.0, Diff: 0.0, Sum: 0.3]
         [Termination Attempts: Min: 1, Avg: 221.5, Max: 275, Diff: 274, Sum: 1772]
      [GC Worker Other (ms): Min: 0.0, Avg: 0.0, Max: 0.1, Diff: 0.1, Sum: 0.3]
      [GC Worker Total (ms): Min: 103.6, Avg: 104.0, Max: 104.7, Diff: 1.2, Sum: 832.2]
      [GC Worker End (ms): Min: 45776.3, Avg: 45776.3, Max: 45776.3, Diff: 0.1]
   [Code Root Fixup: 0.0 ms]
   [Code Root Purge: 0.0 ms]
   [Clear CT: 0.2 ms]
   [Other: 0.8 ms]
      [Choose CSet: 0.0 ms]
      [Ref Proc: 0.2 ms]
      [Ref Enq: 0.0 ms]
      [Redirty Cards: 0.2 ms]
      [Humongous Register: 0.0 ms]
      [Humongous Reclaim: 0.0 ms]
      [Free CSet: 0.2 ms]
   [Eden: 185.0M(185.0M)->0.0B(210.0M) Survivors: 22.0M->26.0M Heap: 421.1M(2048.0M)->422.6M(2048.0M)]
 [Times: user=0.88 sys=0.00, real=0.11 secs] 
2020-09-29T12:05:54.996+0200: 45.884: [GC pause (G1 Evacuation Pause) (young), 0.1165102 secs]
   [Parallel Time: 115.5 ms, GC Workers: 8]
      [GC Worker Start (ms): Min: 45884.5, Avg: 45884.6, Max: 45884.7, Diff: 0.1]
      [Ext Root Scanning (ms): Min: 0.0, Avg: 0.1, Max: 0.1, Diff: 0.1, Sum: 0.5]
      [Update RS (ms): Min: 14.7, Avg: 14.8, Max: 15.1, Diff: 0.4, Sum: 118.7]
         [Processed Buffers: Min: 16, Avg: 17.9, Max: 20, Diff: 4, Sum: 143]
      [Scan RS (ms): Min: 10.6, Avg: 10.9, Max: 11.1, Diff: 0.4, Sum: 87.2]
      [Code Root Scanning (ms): Min: 0.0, Avg: 0.0, Max: 0.0, Diff: 0.0, Sum: 0.0]
      [Object Copy (ms): Min: 89.3, Avg: 89.4, Max: 89.5, Diff: 0.2, Sum: 715.3]
      [Termination (ms): Min: 0.0, Avg: 0.0, Max: 0.0, Diff: 0.0, Sum: 0.1]
         [Termination Attempts: Min: 1, Avg: 69.5, Max: 89, Diff: 88, Sum: 556]
      [GC Worker Other (ms): Min: 0.0, Avg: 0.0, Max: 0.1, Diff: 0.1, Sum: 0.3]
      [GC Worker Total (ms): Min: 115.2, Avg: 115.3, Max: 115.4, Diff: 0.2, Sum: 922.2]
      [GC Worker End (ms): Min: 45999.8, Avg: 45999.9, Max: 45999.9, Diff: 0.1]
   [Code Root Fixup: 0.0 ms]
   [Code Root Purge: 0.0 ms]
   [Clear CT: 0.2 ms]
   [Other: 0.8 ms]
      [Choose CSet: 0.0 ms]
      [Ref Proc: 0.2 ms]
      [Ref Enq: 0.0 ms]
      [Redirty Cards: 0.2 ms]
      [Humongous Register: 0.0 ms]
      [Humongous Reclaim: 0.0 ms]
      [Free CSet: 0.2 ms]
   [Eden: 210.0M(210.0M)->0.0B(231.0M) Survivors: 26.0M->30.0M Heap: 668.9M(2048.0M)->671.4M(2048.0M)]
 [Times: user=0.81 sys=0.06, real=0.12 secs] 
2020-09-29T12:05:55.239+0200: 46.128: [GC pause (G1 Evacuation Pause) (young), 0.1353234 secs]
   [Parallel Time: 134.3 ms, GC Workers: 8]
      [GC Worker Start (ms): Min: 46127.7, Avg: 46127.8, Max: 46127.9, Diff: 0.2]
      [Ext Root Scanning (ms): Min: 0.0, Avg: 0.1, Max: 0.2, Diff: 0.2, Sum: 0.4]
      [Update RS (ms): Min: 17.0, Avg: 17.2, Max: 17.5, Diff: 0.5, Sum: 137.4]
         [Processed Buffers: Min: 19, Avg: 20.6, Max: 23, Diff: 4, Sum: 165]
      [Scan RS (ms): Min: 11.7, Avg: 12.0, Max: 12.3, Diff: 0.6, Sum: 96.3]
      [Code Root Scanning (ms): Min: 0.0, Avg: 0.0, Max: 0.0, Diff: 0.0, Sum: 0.0]
      [Object Copy (ms): Min: 104.6, Avg: 104.7, Max: 104.7, Diff: 0.1, Sum: 837.3]
      [Termination (ms): Min: 0.0, Avg: 0.2, Max: 0.2, Diff: 0.2, Sum: 1.3]
         [Termination Attempts: Min: 1, Avg: 1095.4, Max: 1333, Diff: 1332, Sum: 8763]
      [GC Worker Other (ms): Min: 0.0, Avg: 0.0, Max: 0.0, Diff: 0.0, Sum: 0.2]
      [GC Worker Total (ms): Min: 134.0, Avg: 134.1, Max: 134.2, Diff: 0.2, Sum: 1072.9]
      [GC Worker End (ms): Min: 46261.9, Avg: 46262.0, Max: 46262.0, Diff: 0.0]
   [Code Root Fixup: 0.0 ms]
   [Code Root Purge: 0.0 ms]
   [Clear CT: 0.2 ms]
   [Other: 0.7 ms]
      [Choose CSet: 0.0 ms]
      [Ref Proc: 0.1 ms]
      [Ref Enq: 0.0 ms]
      [Redirty Cards: 0.2 ms]
      [Humongous Register: 0.0 ms]
      [Humongous Reclaim: 0.0 ms]
      [Free CSet: 0.2 ms]
   [Eden: 231.0M(231.0M)->0.0B(247.0M) Survivors: 30.0M->33.0M Heap: 940.5M(2048.0M)->942.5M(2048.0M)]
 [Times: user=1.00 sys=0.00, real=0.13 secs] 
2020-09-29T12:05:55.392+0200: 46.281: [GC pause (G1 Humongous Allocation) (young) (initial-mark), 0.0504233 secs]
   [Parallel Time: 49.7 ms, GC Workers: 8]
      [GC Worker Start (ms): Min: 46280.7, Avg: 46280.7, Max: 46280.8, Diff: 0.1]
      [Ext Root Scanning (ms): Min: 0.0, Avg: 0.1, Max: 0.1, Diff: 0.1, Sum: 0.6]
      [Update RS (ms): Min: 22.2, Avg: 22.6, Max: 22.8, Diff: 0.6, Sum: 180.9]
         [Processed Buffers: Min: 25, Avg: 26.9, Max: 28, Diff: 3, Sum: 215]
      [Scan RS (ms): Min: 1.9, Avg: 2.1, Max: 2.4, Diff: 0.6, Sum: 16.5]
      [Code Root Scanning (ms): Min: 0.0, Avg: 0.0, Max: 0.0, Diff: 0.0, Sum: 0.0]
      [Object Copy (ms): Min: 24.7, Avg: 24.7, Max: 24.8, Diff: 0.1, Sum: 197.8]
      [Termination (ms): Min: 0.0, Avg: 0.0, Max: 0.0, Diff: 0.0, Sum: 0.1]
         [Termination Attempts: Min: 1, Avg: 93.9, Max: 113, Diff: 112, Sum: 751]
      [GC Worker Other (ms): Min: 0.0, Avg: 0.0, Max: 0.0, Diff: 0.0, Sum: 0.2]
      [GC Worker Total (ms): Min: 49.4, Avg: 49.5, Max: 49.6, Diff: 0.1, Sum: 396.0]
      [GC Worker End (ms): Min: 46330.2, Avg: 46330.2, Max: 46330.2, Diff: 0.0]
   [Code Root Fixup: 0.0 ms]
   [Code Root Purge: 0.0 ms]
   [Clear CT: 0.1 ms]
   [Other: 0.6 ms]
      [Choose CSet: 0.0 ms]
      [Ref Proc: 0.2 ms]
      [Ref Enq: 0.0 ms]
      [Redirty Cards: 0.1 ms]
      [Humongous Register: 0.0 ms]
      [Humongous Reclaim: 0.0 ms]
      [Free CSet: 0.1 ms]
   [Eden: 33.0M(247.0M)->0.0B(277.0M) Survivors: 33.0M->34.0M Heap: 978.8M(2048.0M)->981.3M(2048.0M)]
 [Times: user=0.50 sys=0.00, real=0.05 secs] 
2020-09-29T12:05:55.442+0200: 46.331: [GC concurrent-root-region-scan-start]
2020-09-29T12:05:55.448+0200: 46.336: [GC concurrent-root-region-scan-end, 0.0053933 secs]
2020-09-29T12:05:55.448+0200: 46.336: [GC concurrent-mark-start]
2020-09-29T12:05:55.450+0200: 46.338: [GC concurrent-mark-end, 0.0020158 secs]
2020-09-29T12:05:55.450+0200: 46.339: [GC remark 2020-09-29T12:05:55.450+0200: 46.339: [Finalize Marking, 0.0001674 secs] 2020-09-29T12:05:55.450+0200: 46.339: [GC ref-proc, 0.0002642 secs] 2020-09-29T12:05:55.451+0200: 46.339: [Unloading, 0.0004099 secs], 0.0011114 secs]
 [Times: user=0.00 sys=0.00, real=0.00 secs] 
2020-09-29T12:05:55.452+0200: 46.340: [GC cleanup 1002M->63M(2048M), 0.0010275 secs]
 [Times: user=0.00 sys=0.00, real=0.00 secs] 
2020-09-29T12:05:55.453+0200: 46.341: [GC concurrent-cleanup-start]
2020-09-29T12:05:55.454+0200: 46.342: [GC concurrent-cleanup-end, 0.0009754 secs]
2020-09-29T12:05:55.576+0200: 46.465: [GC pause (G1 Evacuation Pause) (young), 0.1550864 secs]
   [Parallel Time: 154.0 ms, GC Workers: 8]
      [GC Worker Start (ms): Min: 46465.0, Avg: 46465.0, Max: 46465.1, Diff: 0.1]
      [Ext Root Scanning (ms): Min: 0.0, Avg: 0.1, Max: 0.1, Diff: 0.1, Sum: 0.6]
      [Update RS (ms): Min: 23.0, Avg: 23.1, Max: 23.8, Diff: 0.8, Sum: 184.6]
         [Processed Buffers: Min: 2, Avg: 24.9, Max: 30, Diff: 28, Sum: 199]
      [Scan RS (ms): Min: 11.6, Avg: 12.3, Max: 12.5, Diff: 0.9, Sum: 98.3]
      [Code Root Scanning (ms): Min: 0.0, Avg: 0.0, Max: 0.0, Diff: 0.0, Sum: 0.0]
      [Object Copy (ms): Min: 118.2, Avg: 118.3, Max: 118.4, Diff: 0.2, Sum: 946.8]
      [Termination (ms): Min: 0.0, Avg: 0.0, Max: 0.0, Diff: 0.0, Sum: 0.1]
         [Termination Attempts: Min: 1, Avg: 137.5, Max: 178, Diff: 177, Sum: 1100]
      [GC Worker Other (ms): Min: 0.0, Avg: 0.0, Max: 0.1, Diff: 0.1, Sum: 0.4]
      [GC Worker Total (ms): Min: 153.8, Avg: 153.9, Max: 153.9, Diff: 0.1, Sum: 1230.9]
      [GC Worker End (ms): Min: 46618.9, Avg: 46618.9, Max: 46618.9, Diff: 0.1]
   [Code Root Fixup: 0.0 ms]
   [Code Root Purge: 0.0 ms]
   [Clear CT: 0.2 ms]
   [Other: 0.9 ms]
      [Choose CSet: 0.0 ms]
      [Ref Proc: 0.2 ms]
      [Ref Enq: 0.0 ms]
      [Redirty Cards: 0.3 ms]
      [Humongous Register: 0.0 ms]
      [Humongous Reclaim: 0.0 ms]
      [Free CSet: 0.2 ms]
   [Eden: 277.0M(277.0M)->0.0B(281.0M) Survivors: 34.0M->39.0M Heap: 367.2M(2048.0M)->335.7M(2048.0M)]
 [Times: user=1.17 sys=0.00, real=0.15 secs] 
2020-09-29T12:05:55.883+0200: 46.772: [GC pause (G1 Evacuation Pause) (young), 0.1666634 secs]
   [Parallel Time: 164.4 ms, GC Workers: 8]
      [GC Worker Start (ms): Min: 46772.1, Avg: 46772.2, Max: 46772.3, Diff: 0.1]
      [Ext Root Scanning (ms): Min: 0.0, Avg: 0.1, Max: 0.1, Diff: 0.1, Sum: 0.6]
      [Update RS (ms): Min: 17.0, Avg: 17.4, Max: 17.8, Diff: 0.8, Sum: 138.8]
         [Processed Buffers: Min: 17, Avg: 18.8, Max: 21, Diff: 4, Sum: 150]
      [Scan RS (ms): Min: 19.9, Avg: 20.4, Max: 20.7, Diff: 0.8, Sum: 163.2]
      [Code Root Scanning (ms): Min: 0.0, Avg: 0.0, Max: 0.0, Diff: 0.0, Sum: 0.0]
      [Object Copy (ms): Min: 125.9, Avg: 126.3, Max: 126.4, Diff: 0.4, Sum: 1010.1]
      [Termination (ms): Min: 0.0, Avg: 0.1, Max: 0.1, Diff: 0.1, Sum: 0.4]
         [Termination Attempts: Min: 1, Avg: 379.0, Max: 465, Diff: 464, Sum: 3032]
      [GC Worker Other (ms): Min: 0.0, Avg: 0.0, Max: 0.1, Diff: 0.1, Sum: 0.4]
      [GC Worker Total (ms): Min: 164.1, Avg: 164.2, Max: 164.2, Diff: 0.1, Sum: 1313.5]
      [GC Worker End (ms): Min: 46936.4, Avg: 46936.4, Max: 46936.4, Diff: 0.1]
   [Code Root Fixup: 0.0 ms]
   [Code Root Purge: 0.0 ms]
   [Clear CT: 0.3 ms]
   [Other: 2.0 ms]
      [Choose CSet: 0.0 ms]
      [Ref Proc: 0.2 ms]
      [Ref Enq: 0.0 ms]
      [Redirty Cards: 1.5 ms]
      [Humongous Register: 0.0 ms]
      [Humongous Reclaim: 0.0 ms]
      [Free CSet: 0.2 ms]
   [Eden: 281.0M(281.0M)->0.0B(278.0M) Survivors: 39.0M->40.0M Heap: 662.5M(2048.0M)->664.0M(2048.0M)]
 [Times: user=1.20 sys=0.05, real=0.17 secs] 
2020-09-29T12:05:56.193+0200: 47.082: [GC pause (G1 Evacuation Pause) (young), 0.1700458 secs]
   [Parallel Time: 169.0 ms, GC Workers: 8]
      [GC Worker Start (ms): Min: 47081.7, Avg: 47081.8, Max: 47081.8, Diff: 0.2]
      [Ext Root Scanning (ms): Min: 0.0, Avg: 0.1, Max: 0.2, Diff: 0.2, Sum: 0.5]
      [Update RS (ms): Min: 13.5, Avg: 13.5, Max: 13.6, Diff: 0.1, Sum: 108.0]
         [Processed Buffers: Min: 16, Avg: 17.9, Max: 20, Diff: 4, Sum: 143]
      [Scan RS (ms): Min: 17.3, Avg: 17.5, Max: 17.6, Diff: 0.3, Sum: 139.6]
      [Code Root Scanning (ms): Min: 0.0, Avg: 0.0, Max: 0.0, Diff: 0.0, Sum: 0.0]
      [Object Copy (ms): Min: 137.1, Avg: 137.3, Max: 137.7, Diff: 0.6, Sum: 1098.2]
      [Termination (ms): Min: 0.0, Avg: 0.5, Max: 0.6, Diff: 0.6, Sum: 3.8]
         [Termination Attempts: Min: 1, Avg: 3172.6, Max: 3997, Diff: 3996, Sum: 25381]
      [GC Worker Other (ms): Min: 0.0, Avg: 0.0, Max: 0.1, Diff: 0.1, Sum: 0.3]
      [GC Worker Total (ms): Min: 168.7, Avg: 168.8, Max: 168.9, Diff: 0.2, Sum: 1350.6]
      [GC Worker End (ms): Min: 47250.6, Avg: 47250.6, Max: 47250.6, Diff: 0.1]
   [Code Root Fixup: 0.0 ms]
   [Code Root Purge: 0.0 ms]
   [Clear CT: 0.2 ms]
   [Other: 0.8 ms]
      [Choose CSet: 0.0 ms]
      [Ref Proc: 0.2 ms]
      [Ref Enq: 0.0 ms]
      [Redirty Cards: 0.3 ms]
      [Humongous Register: 0.0 ms]
      [Humongous Reclaim: 0.0 ms]
      [Free CSet: 0.2 ms]
   [Eden: 278.0M(278.0M)->0.0B(278.0M) Survivors: 40.0M->40.0M Heap: 989.6M(2048.0M)->991.6M(2048.0M)]
 [Times: user=1.22 sys=0.02, real=0.17 secs] 
2020-09-29T12:05:56.374+0200: 47.263: [GC pause (G1 Humongous Allocation) (young) (initial-mark), 0.0517232 secs]
   [Parallel Time: 50.9 ms, GC Workers: 8]
      [GC Worker Start (ms): Min: 47263.0, Avg: 47263.0, Max: 47263.1, Diff: 0.1]
      [Ext Root Scanning (ms): Min: 0.0, Avg: 0.1, Max: 0.1, Diff: 0.1, Sum: 0.7]
      [Update RS (ms): Min: 28.7, Avg: 28.9, Max: 29.3, Diff: 0.6, Sum: 231.1]
         [Processed Buffers: Min: 34, Avg: 36.3, Max: 38, Diff: 4, Sum: 290]
      [Scan RS (ms): Min: 2.1, Avg: 2.5, Max: 2.7, Diff: 0.6, Sum: 19.8]
      [Code Root Scanning (ms): Min: 0.0, Avg: 0.0, Max: 0.0, Diff: 0.0, Sum: 0.0]
      [Object Copy (ms): Min: 19.2, Avg: 19.3, Max: 19.3, Diff: 0.1, Sum: 154.0]
      [Termination (ms): Min: 0.0, Avg: 0.0, Max: 0.0, Diff: 0.0, Sum: 0.0]
         [Termination Attempts: Min: 1, Avg: 2.3, Max: 4, Diff: 3, Sum: 18]
      [GC Worker Other (ms): Min: 0.0, Avg: 0.0, Max: 0.0, Diff: 0.0, Sum: 0.1]
      [GC Worker Total (ms): Min: 50.7, Avg: 50.7, Max: 50.8, Diff: 0.1, Sum: 405.8]
      [GC Worker End (ms): Min: 47313.8, Avg: 47313.8, Max: 47313.8, Diff: 0.0]
   [Code Root Fixup: 0.0 ms]
   [Code Root Purge: 0.0 ms]
   [Clear CT: 0.2 ms]
   [Other: 0.7 ms]
      [Choose CSet: 0.0 ms]
      [Ref Proc: 0.2 ms]
      [Ref Enq: 0.0 ms]
      [Redirty Cards: 0.2 ms]
      [Humongous Register: 0.0 ms]
      [Humongous Reclaim: 0.0 ms]
      [Free CSet: 0.1 ms]
   [Eden: 11.0M(278.0M)->0.0B(328.0M) Survivors: 40.0M->13.0M Heap: 1002.6M(2048.0M)->1006.6M(2048.0M)]
 [Times: user=0.38 sys=0.00, real=0.05 secs] 
2020-09-29T12:05:56.426+0200: 47.315: [GC concurrent-root-region-scan-start]
2020-09-29T12:05:56.428+0200: 47.317: [GC concurrent-root-region-scan-end, 0.0021787 secs]
2020-09-29T12:05:56.428+0200: 47.317: [GC concurrent-mark-start]
2020-09-29T12:05:56.430+0200: 47.319: [GC concurrent-mark-end, 0.0022064 secs]
2020-09-29T12:05:56.431+0200: 47.319: [GC remark 2020-09-29T12:05:56.431+0200: 47.319: [Finalize Marking, 0.0001313 secs] 2020-09-29T12:05:56.431+0200: 47.320: [GC ref-proc, 0.0002833 secs] 2020-09-29T12:05:56.431+0200: 47.320: [Unloading, 0.0004390 secs], 0.0012144 secs]
 [Times: user=0.00 sys=0.00, real=0.00 secs] 
2020-09-29T12:05:56.432+0200: 47.321: [GC cleanup 1017M->32M(2048M), 0.0012709 secs]
 [Times: user=0.00 sys=0.00, real=0.00 secs] 
2020-09-29T12:05:56.434+0200: 47.322: [GC concurrent-cleanup-start]
2020-09-29T12:05:56.435+0200: 47.324: [GC concurrent-cleanup-end, 0.0014998 secs]
2020-09-29T12:05:56.600+0200: 47.489: [GC pause (G1 Evacuation Pause) (young), 0.1620255 secs]
   [Parallel Time: 160.5 ms, GC Workers: 8]
      [GC Worker Start (ms): Min: 47488.8, Avg: 47488.9, Max: 47489.0, Diff: 0.2]
      [Ext Root Scanning (ms): Min: 0.0, Avg: 0.1, Max: 0.1, Diff: 0.1, Sum: 0.5]
      [Update RS (ms): Min: 15.0, Avg: 15.1, Max: 15.4, Diff: 0.4, Sum: 121.1]
         [Processed Buffers: Min: 17, Avg: 18.3, Max: 20, Diff: 3, Sum: 146]
      [Scan RS (ms): Min: 17.5, Avg: 17.8, Max: 18.0, Diff: 0.5, Sum: 142.6]
      [Code Root Scanning (ms): Min: 0.0, Avg: 0.0, Max: 0.0, Diff: 0.0, Sum: 0.0]
      [Object Copy (ms): Min: 127.1, Avg: 127.2, Max: 127.3, Diff: 0.2, Sum: 1017.5]
      [Termination (ms): Min: 0.0, Avg: 0.0, Max: 0.0, Diff: 0.0, Sum: 0.3]
         [Termination Attempts: Min: 1, Avg: 254.3, Max: 329, Diff: 328, Sum: 2034]
      [GC Worker Other (ms): Min: 0.0, Avg: 0.1, Max: 0.1, Diff: 0.1, Sum: 0.4]
      [GC Worker Total (ms): Min: 160.2, Avg: 160.3, Max: 160.4, Diff: 0.1, Sum: 1282.4]
      [GC Worker End (ms): Min: 47649.2, Avg: 47649.2, Max: 47649.2, Diff: 0.1]
   [Code Root Fixup: 0.0 ms]
   [Code Root Purge: 0.0 ms]
   [Clear CT: 0.4 ms]
   [Other: 1.1 ms]
      [Choose CSet: 0.0 ms]
      [Ref Proc: 0.3 ms]
      [Ref Enq: 0.0 ms]
      [Redirty Cards: 0.3 ms]
      [Humongous Register: 0.0 ms]
      [Humongous Reclaim: 0.0 ms]
      [Free CSet: 0.2 ms]
   [Eden: 328.0M(328.0M)->0.0B(305.0M) Survivors: 13.0M->43.0M Heap: 404.8M(2048.0M)->394.3M(2048.0M)]
 [Times: user=1.25 sys=0.00, real=0.16 secs] 
2020-09-29T12:05:56.932+0200: 47.820: [GC pause (G1 Evacuation Pause) (young), 0.1691218 secs]
   [Parallel Time: 168.0 ms, GC Workers: 8]
      [GC Worker Start (ms): Min: 47820.6, Avg: 47820.6, Max: 47820.7, Diff: 0.1]
      [Ext Root Scanning (ms): Min: 0.0, Avg: 0.1, Max: 0.1, Diff: 0.1, Sum: 0.6]
      [Update RS (ms): Min: 20.6, Avg: 20.8, Max: 21.1, Diff: 0.5, Sum: 166.0]
         [Processed Buffers: Min: 22, Avg: 25.4, Max: 28, Diff: 6, Sum: 203]
      [Scan RS (ms): Min: 16.2, Avg: 16.6, Max: 16.9, Diff: 0.6, Sum: 132.7]
      [Code Root Scanning (ms): Min: 0.0, Avg: 0.0, Max: 0.0, Diff: 0.0, Sum: 0.0]
      [Object Copy (ms): Min: 130.2, Avg: 130.4, Max: 130.4, Diff: 0.2, Sum: 1042.9]
      [Termination (ms): Min: 0.0, Avg: 0.0, Max: 0.1, Diff: 0.1, Sum: 0.4]
         [Termination Attempts: Min: 1, Avg: 293.5, Max: 351, Diff: 350, Sum: 2348]
      [GC Worker Other (ms): Min: 0.0, Avg: 0.0, Max: 0.1, Diff: 0.1, Sum: 0.4]
      [GC Worker Total (ms): Min: 167.8, Avg: 167.9, Max: 167.9, Diff: 0.1, Sum: 1343.0]
      [GC Worker End (ms): Min: 47988.5, Avg: 47988.5, Max: 47988.5, Diff: 0.1]
   [Code Root Fixup: 0.0 ms]
   [Code Root Purge: 0.0 ms]
   [Clear CT: 0.2 ms]
   [Other: 1.0 ms]
      [Choose CSet: 0.0 ms]
      [Ref Proc: 0.2 ms]
      [Ref Enq: 0.0 ms]
      [Redirty Cards: 0.3 ms]
      [Humongous Register: 0.0 ms]
      [Humongous Reclaim: 0.0 ms]
      [Free CSet: 0.3 ms]
   [Eden: 305.0M(305.0M)->0.0B(305.0M) Survivors: 43.0M->44.0M Heap: 750.8M(2048.0M)->752.3M(2048.0M)]
 [Times: user=1.36 sys=0.01, real=0.17 secs] 
2020-09-29T12:05:57.266+0200: 48.155: [GC pause (G1 Evacuation Pause) (young), 0.1860038 secs]
   [Parallel Time: 184.9 ms, GC Workers: 8]
      [GC Worker Start (ms): Min: 48155.0, Avg: 48155.0, Max: 48155.1, Diff: 0.2]
      [Ext Root Scanning (ms): Min: 0.0, Avg: 0.1, Max: 0.1, Diff: 0.1, Sum: 0.6]
      [Update RS (ms): Min: 17.2, Avg: 17.7, Max: 18.5, Diff: 1.3, Sum: 141.3]
         [Processed Buffers: Min: 16, Avg: 19.0, Max: 21, Diff: 5, Sum: 152]
      [Scan RS (ms): Min: 19.4, Avg: 20.3, Max: 20.7, Diff: 1.3, Sum: 162.2]
      [Code Root Scanning (ms): Min: 0.0, Avg: 0.0, Max: 0.0, Diff: 0.0, Sum: 0.0]
      [Object Copy (ms): Min: 146.6, Avg: 146.7, Max: 146.7, Diff: 0.1, Sum: 1173.3]
      [Termination (ms): Min: 0.0, Avg: 0.0, Max: 0.0, Diff: 0.0, Sum: 0.2]
         [Termination Attempts: Min: 1, Avg: 162.9, Max: 202, Diff: 201, Sum: 1303]
      [GC Worker Other (ms): Min: 0.0, Avg: 0.1, Max: 0.1, Diff: 0.1, Sum: 0.4]
      [GC Worker Total (ms): Min: 184.6, Avg: 184.8, Max: 184.8, Diff: 0.2, Sum: 1478.1]
      [GC Worker End (ms): Min: 48339.8, Avg: 48339.8, Max: 48339.8, Diff: 0.1]
   [Code Root Fixup: 0.0 ms]
   [Code Root Purge: 0.0 ms]
   [Clear CT: 0.3 ms]
   [Other: 0.8 ms]
      [Choose CSet: 0.0 ms]
      [Ref Proc: 0.2 ms]
      [Ref Enq: 0.0 ms]
      [Redirty Cards: 0.2 ms]
      [Humongous Register: 0.0 ms]
      [Humongous Reclaim: 0.0 ms]
      [Free CSet: 0.2 ms]
   [Eden: 305.0M(305.0M)->0.0B(290.0M) Survivors: 44.0M->44.0M Heap: 1106.9M(2048.0M)->1108.4M(2048.0M)]
 [Times: user=1.45 sys=0.02, real=0.19 secs] 
2020-09-29T12:05:57.461+0200: 48.350: [GC pause (G1 Humongous Allocation) (young) (initial-mark), 0.0558058 secs]
   [Parallel Time: 55.0 ms, GC Workers: 8]
      [GC Worker Start (ms): Min: 48349.8, Avg: 48349.9, Max: 48349.9, Diff: 0.1]
      [Ext Root Scanning (ms): Min: 0.0, Avg: 0.1, Max: 0.1, Diff: 0.1, Sum: 0.6]
      [Update RS (ms): Min: 33.9, Avg: 34.2, Max: 34.4, Diff: 0.6, Sum: 273.3]
         [Processed Buffers: Min: 40, Avg: 42.9, Max: 46, Diff: 6, Sum: 343]
      [Scan RS (ms): Min: 2.6, Avg: 2.9, Max: 3.2, Diff: 0.6, Sum: 23.2]
      [Code Root Scanning (ms): Min: 0.0, Avg: 0.0, Max: 0.0, Diff: 0.0, Sum: 0.0]
      [Object Copy (ms): Min: 17.7, Avg: 17.7, Max: 17.8, Diff: 0.1, Sum: 141.9]
      [Termination (ms): Min: 0.0, Avg: 0.0, Max: 0.0, Diff: 0.0, Sum: 0.1]
         [Termination Attempts: Min: 1, Avg: 112.1, Max: 157, Diff: 156, Sum: 897]
      [GC Worker Other (ms): Min: 0.0, Avg: 0.0, Max: 0.0, Diff: 0.0, Sum: 0.1]
      [GC Worker Total (ms): Min: 54.9, Avg: 54.9, Max: 54.9, Diff: 0.1, Sum: 439.3]
      [GC Worker End (ms): Min: 48404.8, Avg: 48404.8, Max: 48404.8, Diff: 0.0]
   [Code Root Fixup: 0.0 ms]
   [Code Root Purge: 0.0 ms]
   [Clear CT: 0.2 ms]
   [Other: 0.7 ms]
      [Choose CSet: 0.0 ms]
      [Ref Proc: 0.2 ms]
      [Ref Enq: 0.0 ms]
      [Redirty Cards: 0.2 ms]
      [Humongous Register: 0.0 ms]
      [Humongous Reclaim: 0.0 ms]
      [Free CSet: 0.1 ms]
   [Eden: 1024.0K(290.0M)->0.0B(362.0M) Survivors: 44.0M->3072.0K Heap: 1108.9M(2048.0M)->1113.4M(2048.0M)]
 [Times: user=0.38 sys=0.00, real=0.06 secs] 
2020-09-29T12:05:57.517+0200: 48.406: [GC concurrent-root-region-scan-start]
2020-09-29T12:05:57.517+0200: 48.406: [GC concurrent-root-region-scan-end, 0.0002017 secs]
2020-09-29T12:05:57.517+0200: 48.406: [GC concurrent-mark-start]
2020-09-29T12:05:57.520+0200: 48.409: [GC concurrent-mark-end, 0.0026267 secs]
2020-09-29T12:05:57.520+0200: 48.409: [GC remark 2020-09-29T12:05:57.520+0200: 48.409: [Finalize Marking, 0.0001956 secs] 2020-09-29T12:05:57.520+0200: 48.409: [GC ref-proc, 0.0002986 secs] 2020-09-29T12:05:57.521+0200: 48.409: [Unloading, 0.0004081 secs], 0.0011903 secs]
 [Times: user=0.00 sys=0.00, real=0.00 secs] 
2020-09-29T12:05:57.522+0200: 48.410: [GC cleanup 1121M->19M(2048M), 0.0013320 secs]
 [Times: user=0.00 sys=0.00, real=0.00 secs] 
2020-09-29T12:05:57.523+0200: 48.412: [GC concurrent-cleanup-start]
2020-09-29T12:05:57.525+0200: 48.413: [GC concurrent-cleanup-end, 0.0015887 secs]
2020-09-29T12:05:57.712+0200: 48.601: [GC pause (G1 Evacuation Pause) (young), 0.1790712 secs]
   [Parallel Time: 177.7 ms, GC Workers: 8]
      [GC Worker Start (ms): Min: 48601.1, Avg: 48601.2, Max: 48601.3, Diff: 0.2]
      [Ext Root Scanning (ms): Min: 0.0, Avg: 0.1, Max: 0.2, Diff: 0.2, Sum: 0.5]
      [Update RS (ms): Min: 14.9, Avg: 15.2, Max: 15.5, Diff: 0.6, Sum: 121.6]
         [Processed Buffers: Min: 15, Avg: 16.4, Max: 18, Diff: 3, Sum: 131]
      [Scan RS (ms): Min: 25.1, Avg: 25.5, Max: 25.8, Diff: 0.7, Sum: 203.7]
      [Code Root Scanning (ms): Min: 0.0, Avg: 0.0, Max: 0.0, Diff: 0.0, Sum: 0.0]
      [Object Copy (ms): Min: 136.5, Avg: 136.7, Max: 136.7, Diff: 0.2, Sum: 1093.3]
      [Termination (ms): Min: 0.0, Avg: 0.1, Max: 0.1, Diff: 0.1, Sum: 0.4]
         [Termination Attempts: Min: 1, Avg: 346.4, Max: 456, Diff: 455, Sum: 2771]
      [GC Worker Other (ms): Min: 0.0, Avg: 0.0, Max: 0.1, Diff: 0.1, Sum: 0.3]
      [GC Worker Total (ms): Min: 177.4, Avg: 177.5, Max: 177.6, Diff: 0.2, Sum: 1419.8]
      [GC Worker End (ms): Min: 48778.6, Avg: 48778.7, Max: 48778.7, Diff: 0.1]
   [Code Root Fixup: 0.0 ms]
   [Code Root Purge: 0.0 ms]
   [Clear CT: 0.2 ms]
   [Other: 1.1 ms]
      [Choose CSet: 0.0 ms]
      [Ref Proc: 0.1 ms]
      [Ref Enq: 0.0 ms]
      [Redirty Cards: 0.4 ms]
      [Humongous Register: 0.0 ms]
      [Humongous Reclaim: 0.0 ms]
      [Free CSet: 0.3 ms]
   [Eden: 362.0M(362.0M)->0.0B(302.0M) Survivors: 3072.0K->46.0M Heap: 434.5M(2048.0M)->434.0M(2048.0M)]
 [Times: user=1.31 sys=0.05, real=0.18 secs] 
2020-09-29T12:05:58.065+0200: 48.954: [GC pause (G1 Evacuation Pause) (young), 0.1864311 secs]
   [Parallel Time: 185.3 ms, GC Workers: 8]
      [GC Worker Start (ms): Min: 48953.9, Avg: 48954.0, Max: 48954.1, Diff: 0.2]
      [Ext Root Scanning (ms): Min: 0.0, Avg: 0.1, Max: 0.2, Diff: 0.2, Sum: 0.7]
      [Update RS (ms): Min: 18.4, Avg: 18.7, Max: 19.6, Diff: 1.2, Sum: 149.3]
         [Processed Buffers: Min: 18, Avg: 21.3, Max: 24, Diff: 6, Sum: 170]
      [Scan RS (ms): Min: 20.3, Avg: 23.5, Max: 39.6, Diff: 19.3, Sum: 188.2]
      [Code Root Scanning (ms): Min: 0.0, Avg: 0.0, Max: 0.0, Diff: 0.0, Sum: 0.0]
      [Object Copy (ms): Min: 126.1, Avg: 142.6, Max: 145.1, Diff: 19.0, Sum: 1140.6]
      [Termination (ms): Min: 0.0, Avg: 0.1, Max: 0.2, Diff: 0.2, Sum: 1.2]
         [Termination Attempts: Min: 1, Avg: 985.0, Max: 1222, Diff: 1221, Sum: 7880]
      [GC Worker Other (ms): Min: 0.0, Avg: 0.1, Max: 0.1, Diff: 0.1, Sum: 0.4]
      [GC Worker Total (ms): Min: 184.9, Avg: 185.1, Max: 185.1, Diff: 0.2, Sum: 1480.4]
      [GC Worker End (ms): Min: 49139.0, Avg: 49139.1, Max: 49139.1, Diff: 0.1]
   [Code Root Fixup: 0.0 ms]
   [Code Root Purge: 0.0 ms]
   [Clear CT: 0.2 ms]
   [Other: 0.9 ms]
      [Choose CSet: 0.0 ms]
      [Ref Proc: 0.1 ms]
      [Ref Enq: 0.0 ms]
      [Redirty Cards: 0.2 ms]
      [Humongous Register: 0.0 ms]
      [Humongous Reclaim: 0.0 ms]
      [Free CSet: 0.3 ms]
   [Eden: 302.0M(302.0M)->0.0B(282.0M) Survivors: 46.0M->44.0M Heap: 787.5M(2048.0M)->789.5M(2048.0M)]
 [Times: user=1.39 sys=0.03, real=0.19 secs] 
2020-09-29T12:05:58.406+0200: 49.295: [GC pause (G1 Evacuation Pause) (young), 0.1658024 secs]
   [Parallel Time: 164.7 ms, GC Workers: 8]
      [GC Worker Start (ms): Min: 49294.8, Avg: 49294.9, Max: 49295.0, Diff: 0.2]
      [Ext Root Scanning (ms): Min: 0.0, Avg: 0.1, Max: 0.2, Diff: 0.2, Sum: 0.5]
      [Update RS (ms): Min: 20.1, Avg: 20.3, Max: 20.6, Diff: 0.4, Sum: 162.6]
         [Processed Buffers: Min: 21, Avg: 22.5, Max: 25, Diff: 4, Sum: 180]
      [Scan RS (ms): Min: 16.2, Avg: 16.4, Max: 16.6, Diff: 0.4, Sum: 131.3]
      [Code Root Scanning (ms): Min: 0.0, Avg: 0.0, Max: 0.0, Diff: 0.0, Sum: 0.0]
      [Object Copy (ms): Min: 127.4, Avg: 127.5, Max: 127.6, Diff: 0.2, Sum: 1020.0]
      [Termination (ms): Min: 0.0, Avg: 0.1, Max: 0.1, Diff: 0.1, Sum: 0.5]
         [Termination Attempts: Min: 1, Avg: 445.5, Max: 582, Diff: 581, Sum: 3564]
      [GC Worker Other (ms): Min: 0.0, Avg: 0.0, Max: 0.1, Diff: 0.1, Sum: 0.3]
      [GC Worker Total (ms): Min: 164.3, Avg: 164.4, Max: 164.5, Diff: 0.2, Sum: 1315.2]
      [GC Worker End (ms): Min: 49459.3, Avg: 49459.3, Max: 49459.3, Diff: 0.1]
   [Code Root Fixup: 0.0 ms]
   [Code Root Purge: 0.0 ms]
   [Clear CT: 0.2 ms]
   [Other: 1.0 ms]
      [Choose CSet: 0.0 ms]
      [Ref Proc: 0.2 ms]
      [Ref Enq: 0.0 ms]
      [Redirty Cards: 0.2 ms]
      [Humongous Register: 0.0 ms]
      [Humongous Reclaim: 0.0 ms]
      [Free CSet: 0.3 ms]
   [Eden: 282.0M(282.0M)->0.0B(291.0M) Survivors: 44.0M->41.0M Heap: 1117.3M(2048.0M)->1119.3M(2048.0M)]
 [Times: user=1.38 sys=0.00, real=0.17 secs] 
2020-09-29T12:05:58.582+0200: 49.471: [GC pause (G1 Humongous Allocation) (young) (initial-mark), 0.0620851 secs]
   [Parallel Time: 61.2 ms, GC Workers: 8]
      [GC Worker Start (ms): Min: 49471.0, Avg: 49471.0, Max: 49471.1, Diff: 0.2]
      [Ext Root Scanning (ms): Min: 0.0, Avg: 3.6, Max: 28.2, Diff: 28.2, Sum: 29.0]
      [Update RS (ms): Min: 8.1, Avg: 35.1, Max: 55.5, Diff: 47.4, Sum: 280.8]
         [Processed Buffers: Min: 11, Avg: 38.6, Max: 46, Diff: 35, Sum: 309]
      [Scan RS (ms): Min: 0.0, Avg: 2.5, Max: 3.0, Diff: 3.0, Sum: 20.3]
      [Code Root Scanning (ms): Min: 0.0, Avg: 0.0, Max: 0.0, Diff: 0.0, Sum: 0.0]
      [Object Copy (ms): Min: 5.0, Avg: 19.4, Max: 21.5, Diff: 16.5, Sum: 154.9]
      [Termination (ms): Min: 0.0, Avg: 0.1, Max: 0.1, Diff: 0.1, Sum: 0.4]
         [Termination Attempts: Min: 1, Avg: 134.0, Max: 197, Diff: 196, Sum: 1072]
      [GC Worker Other (ms): Min: 0.0, Avg: 0.0, Max: 0.0, Diff: 0.0, Sum: 0.1]
      [GC Worker Total (ms): Min: 60.6, Avg: 60.7, Max: 60.7, Diff: 0.2, Sum: 485.5]
      [GC Worker End (ms): Min: 49531.7, Avg: 49531.7, Max: 49531.7, Diff: 0.0]
   [Code Root Fixup: 0.0 ms]
   [Code Root Purge: 0.0 ms]
   [Clear CT: 0.2 ms]
   [Other: 0.8 ms]
      [Choose CSet: 0.0 ms]
      [Ref Proc: 0.2 ms]
      [Ref Enq: 0.0 ms]
      [Redirty Cards: 0.1 ms]
      [Humongous Register: 0.1 ms]
      [Humongous Reclaim: 0.0 ms]
      [Free CSet: 0.1 ms]
   [Eden: 4096.0K(291.0M)->0.0B(331.0M) Survivors: 41.0M->6144.0K Heap: 1123.3M(2048.0M)->1127.3M(2048.0M)]
 [Times: user=0.44 sys=0.00, real=0.06 secs] 
2020-09-29T12:05:58.644+0200: 49.533: [GC concurrent-root-region-scan-start]
2020-09-29T12:05:58.645+0200: 49.534: [GC concurrent-root-region-scan-end, 0.0011509 secs]
2020-09-29T12:05:58.645+0200: 49.534: [GC concurrent-mark-start]
2020-09-29T12:05:58.649+0200: 49.538: [GC concurrent-mark-end, 0.0038424 secs]
2020-09-29T12:05:58.650+0200: 49.538: [GC remark 2020-09-29T12:05:58.650+0200: 49.538: [Finalize Marking, 0.0001821 secs] 2020-09-29T12:05:58.650+0200: 49.538: [GC ref-proc, 0.0003034 secs] 2020-09-29T12:05:58.650+0200: 49.539: [Unloading, 0.0005050 secs], 0.0013671 secs]
 [Times: user=0.00 sys=0.00, real=0.00 secs] 
2020-09-29T12:05:58.651+0200: 49.540: [GC cleanup 1139M->26M(2048M), 0.0014141 secs]
 [Times: user=0.00 sys=0.00, real=0.00 secs] 
2020-09-29T12:05:58.653+0200: 49.542: [GC concurrent-cleanup-start]
2020-09-29T12:05:58.656+0200: 49.544: [GC concurrent-cleanup-end, 0.0027268 secs]
2020-09-29T12:05:58.822+0200: 49.711: [GC pause (G1 Evacuation Pause) (young), 0.1628484 secs]
   [Parallel Time: 161.4 ms, GC Workers: 8]
      [GC Worker Start (ms): Min: 49711.4, Avg: 49711.5, Max: 49711.6, Diff: 0.2]
      [Ext Root Scanning (ms): Min: 0.0, Avg: 0.1, Max: 0.1, Diff: 0.1, Sum: 0.6]
      [Update RS (ms): Min: 13.6, Avg: 13.9, Max: 14.3, Diff: 0.7, Sum: 111.4]
         [Processed Buffers: Min: 14, Avg: 16.3, Max: 17, Diff: 3, Sum: 130]
      [Scan RS (ms): Min: 18.0, Avg: 18.4, Max: 18.7, Diff: 0.7, Sum: 146.8]
      [Code Root Scanning (ms): Min: 0.0, Avg: 0.0, Max: 0.0, Diff: 0.0, Sum: 0.0]
      [Object Copy (ms): Min: 128.6, Avg: 128.7, Max: 128.8, Diff: 0.3, Sum: 1029.7]
      [Termination (ms): Min: 0.0, Avg: 0.1, Max: 0.1, Diff: 0.1, Sum: 0.4]
         [Termination Attempts: Min: 1, Avg: 385.8, Max: 503, Diff: 502, Sum: 3086]
      [GC Worker Other (ms): Min: 0.0, Avg: 0.0, Max: 0.1, Diff: 0.1, Sum: 0.3]
      [GC Worker Total (ms): Min: 161.1, Avg: 161.2, Max: 161.2, Diff: 0.2, Sum: 1289.4]
      [GC Worker End (ms): Min: 49872.6, Avg: 49872.6, Max: 49872.7, Diff: 0.1]
   [Code Root Fixup: 0.0 ms]
   [Code Root Purge: 0.0 ms]
   [Clear CT: 0.2 ms]
   [Other: 1.2 ms]
      [Choose CSet: 0.0 ms]
      [Ref Proc: 0.3 ms]
      [Ref Enq: 0.0 ms]
      [Redirty Cards: 0.3 ms]
      [Humongous Register: 0.1 ms]
      [Humongous Reclaim: 0.0 ms]
      [Free CSet: 0.3 ms]
   [Eden: 331.0M(331.0M)->0.0B(306.0M) Survivors: 6144.0K->43.0M Heap: 401.3M(2048.0M)->397.8M(2048.0M)]
 [Times: user=1.17 sys=0.06, real=0.16 secs] 
2020-09-29T12:05:59.158+0200: 50.047: [GC pause (G1 Evacuation Pause) (young), 0.1850833 secs]
   [Parallel Time: 184.0 ms, GC Workers: 8]
      [GC Worker Start (ms): Min: 50047.0, Avg: 50047.1, Max: 50047.1, Diff: 0.2]
      [Ext Root Scanning (ms): Min: 0.0, Avg: 0.1, Max: 0.2, Diff: 0.2, Sum: 0.5]
      [Update RS (ms): Min: 21.0, Avg: 21.2, Max: 21.4, Diff: 0.4, Sum: 169.3]
         [Processed Buffers: Min: 20, Avg: 21.5, Max: 23, Diff: 3, Sum: 172]
      [Scan RS (ms): Min: 21.2, Avg: 21.3, Max: 21.4, Diff: 0.2, Sum: 170.5]
      [Code Root Scanning (ms): Min: 0.0, Avg: 0.0, Max: 0.0, Diff: 0.0, Sum: 0.0]
      [Object Copy (ms): Min: 140.9, Avg: 141.1, Max: 141.2, Diff: 0.3, Sum: 1128.9]
      [Termination (ms): Min: 0.0, Avg: 0.1, Max: 0.1, Diff: 0.1, Sum: 0.7]
         [Termination Attempts: Min: 1, Avg: 587.6, Max: 719, Diff: 718, Sum: 4701]
      [GC Worker Other (ms): Min: 0.0, Avg: 0.0, Max: 0.1, Diff: 0.1, Sum: 0.3]
      [GC Worker Total (ms): Min: 183.7, Avg: 183.8, Max: 183.8, Diff: 0.2, Sum: 1470.2]
      [GC Worker End (ms): Min: 50230.8, Avg: 50230.8, Max: 50230.9, Diff: 0.1]
   [Code Root Fixup: 0.0 ms]
   [Code Root Purge: 0.0 ms]
   [Clear CT: 0.2 ms]
   [Other: 0.9 ms]
      [Choose CSet: 0.0 ms]
      [Ref Proc: 0.2 ms]
      [Ref Enq: 0.0 ms]
      [Redirty Cards: 0.3 ms]
      [Humongous Register: 0.0 ms]
      [Humongous Reclaim: 0.0 ms]
      [Free CSet: 0.2 ms]
   [Eden: 306.0M(306.0M)->0.0B(290.0M) Survivors: 43.0M->44.0M Heap: 755.3M(2048.0M)->757.8M(2048.0M)]
 [Times: user=1.47 sys=0.03, real=0.18 secs] 
2020-09-29T12:05:59.500+0200: 50.389: [GC pause (G1 Evacuation Pause) (young), 0.1695246 secs]
   [Parallel Time: 168.5 ms, GC Workers: 8]
      [GC Worker Start (ms): Min: 50389.1, Avg: 50389.2, Max: 50389.3, Diff: 0.2]
      [Ext Root Scanning (ms): Min: 0.0, Avg: 0.1, Max: 0.1, Diff: 0.1, Sum: 0.5]
      [Update RS (ms): Min: 14.1, Avg: 14.4, Max: 14.7, Diff: 0.6, Sum: 115.2]
         [Processed Buffers: Min: 15, Avg: 16.5, Max: 18, Diff: 3, Sum: 132]
      [Scan RS (ms): Min: 17.6, Avg: 18.0, Max: 18.3, Diff: 0.7, Sum: 143.7]
      [Code Root Scanning (ms): Min: 0.0, Avg: 0.0, Max: 0.0, Diff: 0.0, Sum: 0.0]
      [Object Copy (ms): Min: 135.4, Avg: 135.6, Max: 135.7, Diff: 0.3, Sum: 1084.5]
      [Termination (ms): Min: 0.0, Avg: 0.1, Max: 0.2, Diff: 0.2, Sum: 1.0]
         [Termination Attempts: Min: 1, Avg: 798.4, Max: 979, Diff: 978, Sum: 6387]
      [GC Worker Other (ms): Min: 0.0, Avg: 0.1, Max: 0.1, Diff: 0.1, Sum: 0.6]
      [GC Worker Total (ms): Min: 168.1, Avg: 168.2, Max: 168.3, Diff: 0.3, Sum: 1345.5]
      [GC Worker End (ms): Min: 50557.4, Avg: 50557.4, Max: 50557.5, Diff: 0.1]
   [Code Root Fixup: 0.0 ms]
   [Code Root Purge: 0.0 ms]
   [Clear CT: 0.2 ms]
   [Other: 0.9 ms]
      [Choose CSet: 0.0 ms]
      [Ref Proc: 0.1 ms]
      [Ref Enq: 0.0 ms]
      [Redirty Cards: 0.3 ms]
      [Humongous Register: 0.0 ms]
      [Humongous Reclaim: 0.0 ms]
      [Free CSet: 0.2 ms]
   [Eden: 290.0M(290.0M)->0.0B(294.0M) Survivors: 44.0M->42.0M Heap: 1095.5M(2048.0M)->1097.5M(2048.0M)]
 [Times: user=1.34 sys=0.00, real=0.17 secs] 
2020-09-29T12:05:59.678+0200: 50.568: [GC pause (G1 Humongous Allocation) (young) (initial-mark), 0.0516630 secs]
   [Parallel Time: 50.7 ms, GC Workers: 8]
      [GC Worker Start (ms): Min: 50567.8, Avg: 50567.9, Max: 50567.9, Diff: 0.1]
      [Ext Root Scanning (ms): Min: 0.0, Avg: 0.1, Max: 0.1, Diff: 0.1, Sum: 0.7]
      [Update RS (ms): Min: 31.5, Avg: 31.6, Max: 32.1, Diff: 0.6, Sum: 253.2]
         [Processed Buffers: Min: 37, Avg: 39.8, Max: 41, Diff: 4, Sum: 318]
      [Scan RS (ms): Min: 2.1, Avg: 2.6, Max: 2.8, Diff: 0.6, Sum: 20.5]
      [Code Root Scanning (ms): Min: 0.0, Avg: 0.0, Max: 0.0, Diff: 0.0, Sum: 0.0]
      [Object Copy (ms): Min: 16.3, Avg: 16.3, Max: 16.3, Diff: 0.1, Sum: 130.3]
      [Termination (ms): Min: 0.0, Avg: 0.0, Max: 0.0, Diff: 0.0, Sum: 0.1]
         [Termination Attempts: Min: 1, Avg: 51.3, Max: 64, Diff: 63, Sum: 410]
      [GC Worker Other (ms): Min: 0.0, Avg: 0.0, Max: 0.0, Diff: 0.0, Sum: 0.1]
      [GC Worker Total (ms): Min: 50.6, Avg: 50.6, Max: 50.7, Diff: 0.1, Sum: 404.9]
      [GC Worker End (ms): Min: 50618.5, Avg: 50618.5, Max: 50618.5, Diff: 0.0]
   [Code Root Fixup: 0.0 ms]
   [Code Root Purge: 0.0 ms]
   [Clear CT: 0.2 ms]
   [Other: 0.8 ms]
      [Choose CSet: 0.0 ms]
      [Ref Proc: 0.2 ms]
      [Ref Enq: 0.0 ms]
      [Redirty Cards: 0.2 ms]
      [Humongous Register: 0.1 ms]
      [Humongous Reclaim: 0.0 ms]
      [Free CSet: 0.1 ms]
   [Eden: 1024.0K(294.0M)->0.0B(388.0M) Survivors: 42.0M->2048.0K Heap: 1098.0M(2048.0M)->1101.5M(2048.0M)]
 [Times: user=0.38 sys=0.00, real=0.05 secs] 
2020-09-29T12:05:59.730+0200: 50.619: [GC concurrent-root-region-scan-start]
2020-09-29T12:05:59.730+0200: 50.620: [GC concurrent-root-region-scan-end, 0.0001580 secs]
2020-09-29T12:05:59.730+0200: 50.620: [GC concurrent-mark-start]
2020-09-29T12:05:59.734+0200: 50.623: [GC concurrent-mark-end, 0.0033396 secs]
2020-09-29T12:05:59.734+0200: 50.623: [GC remark 2020-09-29T12:05:59.734+0200: 50.623: [Finalize Marking, 0.0001905 secs] 2020-09-29T12:05:59.734+0200: 50.623: [GC ref-proc, 0.0002854 secs] 2020-09-29T12:05:59.734+0200: 50.624: [Unloading, 0.0004760 secs], 0.0013523 secs]
 [Times: user=0.00 sys=0.00, real=0.00 secs] 
2020-09-29T12:05:59.736+0200: 50.625: [GC cleanup 1110M->19M(2048M), 0.0013149 secs]
 [Times: user=0.00 sys=0.00, real=0.00 secs] 
2020-09-29T12:05:59.737+0200: 50.626: [GC concurrent-cleanup-start]
2020-09-29T12:05:59.739+0200: 50.629: [GC concurrent-cleanup-end, 0.0022009 secs]
2020-09-29T12:05:59.948+0200: 50.837: [GC pause (G1 Evacuation Pause) (young), 0.1998988 secs]
   [Parallel Time: 198.5 ms, GC Workers: 8]
      [GC Worker Start (ms): Min: 50838.2, Avg: 50838.2, Max: 50838.3, Diff: 0.1]
      [Ext Root Scanning (ms): Min: 0.0, Avg: 0.1, Max: 0.1, Diff: 0.1, Sum: 0.6]
      [Update RS (ms): Min: 15.0, Avg: 15.2, Max: 15.4, Diff: 0.4, Sum: 121.5]
         [Processed Buffers: Min: 7, Avg: 16.9, Max: 19, Diff: 12, Sum: 135]
      [Scan RS (ms): Min: 23.6, Avg: 23.8, Max: 24.0, Diff: 0.4, Sum: 190.8]
      [Code Root Scanning (ms): Min: 0.0, Avg: 0.0, Max: 0.0, Diff: 0.0, Sum: 0.0]
      [Object Copy (ms): Min: 158.2, Avg: 158.3, Max: 158.4, Diff: 0.2, Sum: 1266.6]
      [Termination (ms): Min: 0.0, Avg: 0.1, Max: 0.1, Diff: 0.1, Sum: 0.7]
         [Termination Attempts: Min: 1, Avg: 631.4, Max: 754, Diff: 753, Sum: 5051]
      [GC Worker Other (ms): Min: 0.0, Avg: 0.1, Max: 0.1, Diff: 0.1, Sum: 0.4]
      [GC Worker Total (ms): Min: 197.5, Avg: 197.6, Max: 197.7, Diff: 0.1, Sum: 1580.7]
      [GC Worker End (ms): Min: 51035.8, Avg: 51035.8, Max: 51035.8, Diff: 0.1]
   [Code Root Fixup: 0.0 ms]
   [Code Root Purge: 0.0 ms]
   [Clear CT: 0.2 ms]
   [Other: 1.2 ms]
      [Choose CSet: 0.0 ms]
      [Ref Proc: 0.2 ms]
      [Ref Enq: 0.0 ms]
      [Redirty Cards: 0.3 ms]
      [Humongous Register: 0.0 ms]
      [Humongous Reclaim: 0.0 ms]
      [Free CSet: 0.4 ms]
   [Eden: 388.0M(388.0M)->0.0B(307.0M) Survivors: 2048.0K->49.0M Heap: 463.9M(2048.0M)->463.9M(2048.0M)]
 [Times: user=1.55 sys=0.06, real=0.20 secs] 
2020-09-29T12:06:00.330+0200: 51.218: [GC pause (G1 Evacuation Pause) (young), 0.2056378 secs]
   [Parallel Time: 204.4 ms, GC Workers: 8]
      [GC Worker Start (ms): Min: 51218.6, Avg: 51218.6, Max: 51218.7, Diff: 0.1]
      [Ext Root Scanning (ms): Min: 0.0, Avg: 0.1, Max: 0.1, Diff: 0.1, Sum: 0.6]
      [Update RS (ms): Min: 15.2, Avg: 16.8, Max: 27.0, Diff: 11.8, Sum: 134.5]
         [Processed Buffers: Min: 4, Avg: 16.8, Max: 21, Diff: 17, Sum: 134]
      [Scan RS (ms): Min: 9.1, Avg: 20.2, Max: 29.0, Diff: 20.0, Sum: 161.6]
      [Code Root Scanning (ms): Min: 0.0, Avg: 0.0, Max: 0.0, Diff: 0.0, Sum: 0.0]
      [Object Copy (ms): Min: 159.8, Avg: 167.0, Max: 168.1, Diff: 8.3, Sum: 1336.2]
      [Termination (ms): Min: 0.0, Avg: 0.1, Max: 0.1, Diff: 0.1, Sum: 0.8]
         [Termination Attempts: Min: 1, Avg: 703.9, Max: 906, Diff: 905, Sum: 5631]
      [GC Worker Other (ms): Min: 0.0, Avg: 0.0, Max: 0.1, Diff: 0.0, Sum: 0.3]
      [GC Worker Total (ms): Min: 204.1, Avg: 204.2, Max: 204.3, Diff: 0.2, Sum: 1633.9]
      [GC Worker End (ms): Min: 51422.9, Avg: 51422.9, Max: 51422.9, Diff: 0.0]
   [Code Root Fixup: 0.0 ms]
   [Code Root Purge: 0.0 ms]
   [Clear CT: 0.2 ms]
   [Other: 1.0 ms]
      [Choose CSet: 0.0 ms]
      [Ref Proc: 0.1 ms]
      [Ref Enq: 0.0 ms]
      [Redirty Cards: 0.2 ms]
      [Humongous Register: 0.0 ms]
      [Humongous Reclaim: 0.0 ms]
      [Free CSet: 0.4 ms]
   [Eden: 307.0M(307.0M)->0.0B(268.0M) Survivors: 49.0M->45.0M Heap: 822.3M(2048.0M)->824.3M(2048.0M)]
 [Times: user=1.49 sys=0.03, real=0.21 secs] 
2020-09-29T12:06:00.694+0200: 51.583: [GC pause (G1 Evacuation Pause) (young), 0.1559726 secs]
   [Parallel Time: 154.7 ms, GC Workers: 8]
      [GC Worker Start (ms): Min: 51583.3, Avg: 51583.3, Max: 51583.4, Diff: 0.1]
      [Ext Root Scanning (ms): Min: 0.0, Avg: 0.1, Max: 0.1, Diff: 0.1, Sum: 0.6]
      [Update RS (ms): Min: 18.7, Avg: 18.8, Max: 19.1, Diff: 0.4, Sum: 150.5]
         [Processed Buffers: Min: 19, Avg: 20.8, Max: 26, Diff: 7, Sum: 166]
      [Scan RS (ms): Min: 18.8, Avg: 19.1, Max: 19.2, Diff: 0.5, Sum: 152.4]
      [Code Root Scanning (ms): Min: 0.0, Avg: 0.0, Max: 0.0, Diff: 0.0, Sum: 0.0]
      [Object Copy (ms): Min: 116.4, Avg: 116.5, Max: 116.6, Diff: 0.2, Sum: 932.1]
      [Termination (ms): Min: 0.0, Avg: 0.0, Max: 0.0, Diff: 0.0, Sum: 0.0]
         [Termination Attempts: Min: 1, Avg: 21.8, Max: 32, Diff: 31, Sum: 174]
      [GC Worker Other (ms): Min: 0.0, Avg: 0.1, Max: 0.1, Diff: 0.1, Sum: 0.4]
      [GC Worker Total (ms): Min: 154.4, Avg: 154.5, Max: 154.6, Diff: 0.1, Sum: 1236.0]
      [GC Worker End (ms): Min: 51737.8, Avg: 51737.8, Max: 51737.9, Diff: 0.1]
   [Code Root Fixup: 0.0 ms]
   [Code Root Purge: 0.0 ms]
   [Clear CT: 0.2 ms]
   [Other: 1.1 ms]
      [Choose CSet: 0.0 ms]
      [Ref Proc: 0.2 ms]
      [Ref Enq: 0.0 ms]
      [Redirty Cards: 0.4 ms]
      [Humongous Register: 0.1 ms]
      [Humongous Reclaim: 0.0 ms]
      [Free CSet: 0.3 ms]
   [Eden: 268.0M(268.0M)->0.0B(279.0M) Survivors: 45.0M->40.0M Heap: 1138.1M(2048.0M)->1139.6M(2048.0M)]
 [Times: user=1.14 sys=0.11, real=0.16 secs] 
2020-09-29T12:06:00.866+0200: 51.755: [GC pause (G1 Humongous Allocation) (young) (initial-mark), 0.0500782 secs]
   [Parallel Time: 49.2 ms, GC Workers: 8]
      [GC Worker Start (ms): Min: 51754.9, Avg: 51755.0, Max: 51755.0, Diff: 0.1]
      [Ext Root Scanning (ms): Min: 0.0, Avg: 0.1, Max: 0.1, Diff: 0.1, Sum: 0.7]
      [Update RS (ms): Min: 26.1, Avg: 26.3, Max: 26.6, Diff: 0.4, Sum: 210.3]
         [Processed Buffers: Min: 29, Avg: 32.9, Max: 36, Diff: 7, Sum: 263]
      [Scan RS (ms): Min: 2.2, Avg: 2.6, Max: 2.7, Diff: 0.4, Sum: 20.5]
      [Code Root Scanning (ms): Min: 0.0, Avg: 0.0, Max: 0.0, Diff: 0.0, Sum: 0.0]
      [Object Copy (ms): Min: 20.0, Avg: 20.0, Max: 20.0, Diff: 0.1, Sum: 160.1]
      [Termination (ms): Min: 0.0, Avg: 0.0, Max: 0.0, Diff: 0.0, Sum: 0.0]
         [Termination Attempts: Min: 1, Avg: 8.3, Max: 12, Diff: 11, Sum: 66]
      [GC Worker Other (ms): Min: 0.0, Avg: 0.0, Max: 0.0, Diff: 0.0, Sum: 0.2]
      [GC Worker Total (ms): Min: 48.9, Avg: 49.0, Max: 49.0, Diff: 0.1, Sum: 391.8]
      [GC Worker End (ms): Min: 51803.9, Avg: 51803.9, Max: 51803.9, Diff: 0.0]
   [Code Root Fixup: 0.0 ms]
   [Code Root Purge: 0.0 ms]
   [Clear CT: 0.2 ms]
   [Other: 0.7 ms]
      [Choose CSet: 0.0 ms]
      [Ref Proc: 0.1 ms]
      [Ref Enq: 0.0 ms]
      [Redirty Cards: 0.2 ms]
      [Humongous Register: 0.1 ms]
      [Humongous Reclaim: 0.0 ms]
      [Free CSet: 0.1 ms]
   [Eden: 10.0M(279.0M)->0.0B(330.0M) Survivors: 40.0M->12.0M Heap: 1149.6M(2048.0M)->1153.6M(2048.0M)]
 [Times: user=0.38 sys=0.00, real=0.05 secs] 
2020-09-29T12:06:00.916+0200: 51.805: [GC concurrent-root-region-scan-start]
2020-09-29T12:06:00.919+0200: 51.808: [GC concurrent-root-region-scan-end, 0.0028990 secs]
2020-09-29T12:06:00.919+0200: 51.808: [GC concurrent-mark-start]
2020-09-29T12:06:00.922+0200: 51.811: [GC concurrent-mark-end, 0.0030979 secs]
2020-09-29T12:06:00.922+0200: 51.811: [GC remark 2020-09-29T12:06:00.922+0200: 51.811: [Finalize Marking, 0.0002461 secs] 2020-09-29T12:06:00.923+0200: 51.811: [GC ref-proc, 0.0003732 secs] 2020-09-29T12:06:00.923+0200: 51.812: [Unloading, 0.0005309 secs], 0.0015597 secs]
 [Times: user=0.00 sys=0.00, real=0.00 secs] 
2020-09-29T12:06:00.924+0200: 51.813: [GC cleanup 1166M->33M(2048M), 0.0013102 secs]
 [Times: user=0.00 sys=0.00, real=0.00 secs] 
2020-09-29T12:06:00.926+0200: 51.814: [GC concurrent-cleanup-start]
2020-09-29T12:06:00.928+0200: 51.817: [GC concurrent-cleanup-end, 0.0022112 secs]
2020-09-29T12:06:01.106+0200: 51.995: [GC pause (G1 Evacuation Pause) (young), 0.1883441 secs]
   [Parallel Time: 187.0 ms, GC Workers: 8]
      [GC Worker Start (ms): Min: 51994.6, Avg: 51994.7, Max: 51994.8, Diff: 0.2]
      [Ext Root Scanning (ms): Min: 0.0, Avg: 0.1, Max: 0.1, Diff: 0.1, Sum: 0.6]
      [Update RS (ms): Min: 15.7, Avg: 15.9, Max: 16.3, Diff: 0.6, Sum: 127.4]
         [Processed Buffers: Min: 18, Avg: 18.5, Max: 20, Diff: 2, Sum: 148]
      [Scan RS (ms): Min: 15.7, Avg: 16.4, Max: 18.2, Diff: 2.5, Sum: 130.8]
      [Code Root Scanning (ms): Min: 0.0, Avg: 0.0, Max: 0.0, Diff: 0.0, Sum: 0.0]
      [Object Copy (ms): Min: 151.5, Avg: 153.6, Max: 154.7, Diff: 3.2, Sum: 1228.8]
      [Termination (ms): Min: 0.0, Avg: 0.8, Max: 1.2, Diff: 1.2, Sum: 6.7]
         [Termination Attempts: Min: 1, Avg: 5500.0, Max: 7281, Diff: 7280, Sum: 44000]
      [GC Worker Other (ms): Min: 0.0, Avg: 0.0, Max: 0.1, Diff: 0.0, Sum: 0.3]
      [GC Worker Total (ms): Min: 186.8, Avg: 186.8, Max: 186.9, Diff: 0.1, Sum: 1494.7]
      [GC Worker End (ms): Min: 52181.5, Avg: 52181.5, Max: 52181.6, Diff: 0.0]
   [Code Root Fixup: 0.0 ms]
   [Code Root Purge: 0.0 ms]
   [Clear CT: 0.2 ms]
   [Other: 1.1 ms]
      [Choose CSet: 0.0 ms]
      [Ref Proc: 0.2 ms]
      [Ref Enq: 0.0 ms]
      [Redirty Cards: 0.4 ms]
      [Humongous Register: 0.0 ms]
      [Humongous Reclaim: 0.0 ms]
      [Free CSet: 0.3 ms]
   [Eden: 330.0M(330.0M)->0.0B(289.0M) Survivors: 12.0M->43.0M Heap: 406.3M(2048.0M)->396.8M(2048.0M)]
 [Times: user=1.45 sys=0.02, real=0.19 secs] 
2020-09-29T12:06:01.451+0200: 52.340: [GC pause (G1 Evacuation Pause) (young), 0.1658566 secs]
   [Parallel Time: 164.6 ms, GC Workers: 8]
      [GC Worker Start (ms): Min: 52340.3, Avg: 52340.4, Max: 52340.4, Diff: 0.1]
      [Ext Root Scanning (ms): Min: 0.0, Avg: 0.1, Max: 0.1, Diff: 0.1, Sum: 0.6]
      [Update RS (ms): Min: 16.8, Avg: 16.9, Max: 16.9, Diff: 0.1, Sum: 135.0]
         [Processed Buffers: Min: 19, Avg: 21.1, Max: 23, Diff: 4, Sum: 169]
      [Scan RS (ms): Min: 16.8, Avg: 16.8, Max: 17.1, Diff: 0.4, Sum: 134.8]
      [Code Root Scanning (ms): Min: 0.0, Avg: 0.0, Max: 0.0, Diff: 0.0, Sum: 0.0]
      [Object Copy (ms): Min: 130.3, Avg: 130.6, Max: 130.7, Diff: 0.4, Sum: 1044.5]
      [Termination (ms): Min: 0.0, Avg: 0.0, Max: 0.0, Diff: 0.0, Sum: 0.1]
         [Termination Attempts: Min: 1, Avg: 101.0, Max: 125, Diff: 124, Sum: 808]
      [GC Worker Other (ms): Min: 0.0, Avg: 0.0, Max: 0.1, Diff: 0.0, Sum: 0.3]
      [GC Worker Total (ms): Min: 164.4, Avg: 164.4, Max: 164.5, Diff: 0.1, Sum: 1315.3]
      [GC Worker End (ms): Min: 52504.8, Avg: 52504.8, Max: 52504.8, Diff: 0.0]
   [Code Root Fixup: 0.0 ms]
   [Code Root Purge: 0.0 ms]
   [Clear CT: 0.2 ms]
   [Other: 1.1 ms]
      [Choose CSet: 0.0 ms]
      [Ref Proc: 0.2 ms]
      [Ref Enq: 0.0 ms]
      [Redirty Cards: 0.2 ms]
      [Humongous Register: 0.0 ms]
      [Humongous Reclaim: 0.0 ms]
      [Free CSet: 0.4 ms]
   [Eden: 289.0M(289.0M)->0.0B(294.0M) Survivors: 43.0M->42.0M Heap: 735.4M(2048.0M)->736.9M(2048.0M)]
 [Times: user=1.36 sys=0.00, real=0.17 secs] 
2020-09-29T12:06:01.838+0200: 52.727: [GC pause (G1 Evacuation Pause) (young), 0.2593938 secs]
   [Parallel Time: 257.4 ms, GC Workers: 8]
      [GC Worker Start (ms): Min: 52726.8, Avg: 52726.9, Max: 52726.9, Diff: 0.1]
      [Ext Root Scanning (ms): Min: 0.0, Avg: 0.1, Max: 0.2, Diff: 0.1, Sum: 0.8]
      [Update RS (ms): Min: 30.8, Avg: 31.4, Max: 32.2, Diff: 1.4, Sum: 251.0]
         [Processed Buffers: Min: 23, Avg: 24.5, Max: 27, Diff: 4, Sum: 196]
      [Scan RS (ms): Min: 21.7, Avg: 22.6, Max: 23.2, Diff: 1.5, Sum: 180.7]
      [Code Root Scanning (ms): Min: 0.0, Avg: 0.0, Max: 0.0, Diff: 0.0, Sum: 0.0]
      [Object Copy (ms): Min: 202.7, Avg: 202.9, Max: 203.0, Diff: 0.3, Sum: 1623.2]
      [Termination (ms): Min: 0.0, Avg: 0.1, Max: 0.1, Diff: 0.1, Sum: 0.5]
         [Termination Attempts: Min: 1, Avg: 268.3, Max: 358, Diff: 357, Sum: 2146]
      [GC Worker Other (ms): Min: 0.0, Avg: 0.1, Max: 0.1, Diff: 0.1, Sum: 0.4]
      [GC Worker Total (ms): Min: 257.0, Avg: 257.1, Max: 257.2, Diff: 0.2, Sum: 2056.6]
      [GC Worker End (ms): Min: 52983.9, Avg: 52983.9, Max: 52984.0, Diff: 0.1]
   [Code Root Fixup: 0.0 ms]
   [Code Root Purge: 0.0 ms]
   [Clear CT: 0.7 ms]
   [Other: 1.4 ms]
      [Choose CSet: 0.0 ms]
      [Ref Proc: 0.3 ms]
      [Ref Enq: 0.0 ms]
      [Redirty Cards: 0.5 ms]
      [Humongous Register: 0.1 ms]
      [Humongous Reclaim: 0.0 ms]
      [Free CSet: 0.4 ms]
   [Eden: 294.0M(294.0M)->0.0B(214.0M) Survivors: 42.0M->42.0M Heap: 1078.6M(2048.0M)->1080.6M(2048.0M)]
 [Times: user=1.98 sys=0.02, real=0.26 secs] 
2020-09-29T12:06:02.110+0200: 52.999: [GC pause (G1 Humongous Allocation) (young) (initial-mark), 0.0992788 secs]
   [Parallel Time: 98.1 ms, GC Workers: 8]
      [GC Worker Start (ms): Min: 52999.2, Avg: 52999.2, Max: 52999.3, Diff: 0.1]
      [Ext Root Scanning (ms): Min: 0.1, Avg: 0.2, Max: 0.9, Diff: 0.8, Sum: 1.6]
      [Update RS (ms): Min: 50.4, Avg: 50.8, Max: 51.2, Diff: 0.8, Sum: 406.1]
         [Processed Buffers: Min: 40, Avg: 42.0, Max: 44, Diff: 4, Sum: 336]
      [Scan RS (ms): Min: 3.5, Avg: 4.1, Max: 5.1, Diff: 1.6, Sum: 32.6]
      [Code Root Scanning (ms): Min: 0.0, Avg: 0.0, Max: 0.0, Diff: 0.0, Sum: 0.0]
      [Object Copy (ms): Min: 41.2, Avg: 42.5, Max: 42.9, Diff: 1.7, Sum: 339.7]
      [Termination (ms): Min: 0.0, Avg: 0.2, Max: 0.3, Diff: 0.3, Sum: 1.9]
         [Termination Attempts: Min: 1, Avg: 1036.8, Max: 1273, Diff: 1272, Sum: 8294]
      [GC Worker Other (ms): Min: 0.0, Avg: 0.0, Max: 0.1, Diff: 0.0, Sum: 0.2]
      [GC Worker Total (ms): Min: 97.7, Avg: 97.8, Max: 97.8, Diff: 0.1, Sum: 782.2]
      [GC Worker End (ms): Min: 53097.0, Avg: 53097.0, Max: 53097.0, Diff: 0.0]
   [Code Root Fixup: 0.0 ms]
   [Code Root Purge: 0.0 ms]
   [Clear CT: 0.3 ms]
   [Other: 0.9 ms]
      [Choose CSet: 0.0 ms]
      [Ref Proc: 0.2 ms]
      [Ref Enq: 0.0 ms]
      [Redirty Cards: 0.2 ms]
      [Humongous Register: 0.1 ms]
      [Humongous Reclaim: 0.0 ms]
      [Free CSet: 0.1 ms]
   [Eden: 3072.0K(214.0M)->0.0B(181.0M) Survivors: 42.0M->5120.0K Heap: 1083.6M(2048.0M)->1087.1M(2048.0M)]
 [Times: user=0.88 sys=0.00, real=0.10 secs] 
2020-09-29T12:06:02.210+0200: 53.098: [GC concurrent-root-region-scan-start]
2020-09-29T12:06:02.212+0200: 53.101: [GC concurrent-root-region-scan-end, 0.0024014 secs]
2020-09-29T12:06:02.212+0200: 53.101: [GC concurrent-mark-start]
2020-09-29T12:06:02.218+0200: 53.107: [GC concurrent-mark-end, 0.0062416 secs]
2020-09-29T12:06:02.219+0200: 53.108: [GC remark 2020-09-29T12:06:02.219+0200: 53.108: [Finalize Marking, 0.0008942 secs] 2020-09-29T12:06:02.220+0200: 53.109: [GC ref-proc, 0.0005070 secs] 2020-09-29T12:06:02.220+0200: 53.109: [Unloading, 0.0018976 secs], 0.0037948 secs]
 [Times: user=0.00 sys=0.02, real=0.00 secs] 
2020-09-29T12:06:02.224+0200: 53.113: [GC cleanup 1102M->29M(2048M), 0.0020298 secs]
 [Times: user=0.00 sys=0.00, real=0.00 secs] 
2020-09-29T12:06:02.226+0200: 53.115: [GC concurrent-cleanup-start]
2020-09-29T12:06:02.228+0200: 53.117: [GC concurrent-cleanup-end, 0.0022980 secs]
2020-09-29T12:06:02.357+0200: 53.246: [GC pause (G1 Evacuation Pause) (young), 0.1471963 secs]
   [Parallel Time: 145.7 ms, GC Workers: 8]
      [GC Worker Start (ms): Min: 53246.2, Avg: 53246.3, Max: 53246.3, Diff: 0.1]
      [Ext Root Scanning (ms): Min: 0.0, Avg: 0.1, Max: 0.2, Diff: 0.1, Sum: 0.9]
      [Update RS (ms): Min: 24.7, Avg: 25.0, Max: 25.3, Diff: 0.7, Sum: 199.7]
         [Processed Buffers: Min: 16, Avg: 17.6, Max: 20, Diff: 4, Sum: 141]
      [Scan RS (ms): Min: 11.0, Avg: 11.3, Max: 11.6, Diff: 0.5, Sum: 90.6]
      [Code Root Scanning (ms): Min: 0.0, Avg: 0.0, Max: 0.0, Diff: 0.0, Sum: 0.0]
      [Object Copy (ms): Min: 108.7, Avg: 109.0, Max: 109.1, Diff: 0.3, Sum: 871.7]
      [Termination (ms): Min: 0.0, Avg: 0.1, Max: 0.1, Diff: 0.1, Sum: 0.9]
         [Termination Attempts: Min: 1, Avg: 479.8, Max: 589, Diff: 588, Sum: 3838]
      [GC Worker Other (ms): Min: 0.0, Avg: 0.0, Max: 0.1, Diff: 0.1, Sum: 0.3]
      [GC Worker Total (ms): Min: 145.4, Avg: 145.5, Max: 145.6, Diff: 0.1, Sum: 1164.1]
      [GC Worker End (ms): Min: 53391.8, Avg: 53391.8, Max: 53391.8, Diff: 0.1]
   [Code Root Fixup: 0.0 ms]
   [Code Root Purge: 0.0 ms]
   [Clear CT: 0.3 ms]
   [Other: 1.1 ms]
      [Choose CSet: 0.0 ms]
      [Ref Proc: 0.3 ms]
      [Ref Enq: 0.0 ms]
      [Redirty Cards: 0.3 ms]
      [Humongous Register: 0.0 ms]
      [Humongous Reclaim: 0.0 ms]
      [Free CSet: 0.2 ms]
   [Eden: 181.0M(181.0M)->0.0B(166.0M) Survivors: 5120.0K->24.0M Heap: 225.0M(2048.0M)->222.5M(2048.0M)]
 [Times: user=1.13 sys=0.02, real=0.15 secs] 
2020-09-29T12:06:02.631+0200: 53.520: [GC pause (G1 Evacuation Pause) (young), 0.1484084 secs]
   [Parallel Time: 146.6 ms, GC Workers: 8]
      [GC Worker Start (ms): Min: 53520.4, Avg: 53520.5, Max: 53520.6, Diff: 0.1]
      [Ext Root Scanning (ms): Min: 0.0, Avg: 0.1, Max: 0.2, Diff: 0.1, Sum: 0.8]
      [Update RS (ms): Min: 23.7, Avg: 23.9, Max: 24.4, Diff: 0.6, Sum: 191.5]
         [Processed Buffers: Min: 18, Avg: 19.5, Max: 21, Diff: 3, Sum: 156]
      [Scan RS (ms): Min: 8.3, Avg: 8.9, Max: 9.2, Diff: 0.9, Sum: 71.1]
      [Code Root Scanning (ms): Min: 0.0, Avg: 0.0, Max: 0.0, Diff: 0.0, Sum: 0.0]
      [Object Copy (ms): Min: 113.1, Avg: 113.3, Max: 113.5, Diff: 0.4, Sum: 906.4]
      [Termination (ms): Min: 0.0, Avg: 0.0, Max: 0.0, Diff: 0.0, Sum: 0.2]
         [Termination Attempts: Min: 1, Avg: 110.9, Max: 143, Diff: 142, Sum: 887]
      [GC Worker Other (ms): Min: 0.0, Avg: 0.0, Max: 0.1, Diff: 0.1, Sum: 0.3]
      [GC Worker Total (ms): Min: 146.2, Avg: 146.3, Max: 146.4, Diff: 0.2, Sum: 1170.4]
      [GC Worker End (ms): Min: 53666.8, Avg: 53666.8, Max: 53666.8, Diff: 0.1]
   [Code Root Fixup: 0.0 ms]
   [Code Root Purge: 0.0 ms]
   [Clear CT: 0.5 ms]
   [Other: 1.3 ms]
      [Choose CSet: 0.0 ms]
      [Ref Proc: 0.4 ms]
      [Ref Enq: 0.0 ms]
      [Redirty Cards: 0.3 ms]
      [Humongous Register: 0.0 ms]
      [Humongous Reclaim: 0.0 ms]
      [Free CSet: 0.3 ms]
   [Eden: 166.0M(166.0M)->0.0B(178.0M) Survivors: 24.0M->24.0M Heap: 417.1M(2048.0M)->418.6M(2048.0M)]
 [Times: user=1.11 sys=0.01, real=0.15 secs] 
2020-09-29T12:06:02.918+0200: 53.807: [GC pause (G1 Evacuation Pause) (young), 0.1733658 secs]
   [Parallel Time: 171.7 ms, GC Workers: 8]
      [GC Worker Start (ms): Min: 53807.5, Avg: 53807.6, Max: 53807.7, Diff: 0.2]
      [Ext Root Scanning (ms): Min: 0.0, Avg: 0.1, Max: 0.2, Diff: 0.2, Sum: 0.6]
      [Update RS (ms): Min: 24.4, Avg: 24.7, Max: 25.3, Diff: 0.9, Sum: 197.5]
         [Processed Buffers: Min: 12, Avg: 17.1, Max: 22, Diff: 10, Sum: 137]
      [Scan RS (ms): Min: 11.0, Avg: 11.7, Max: 12.0, Diff: 1.0, Sum: 93.3]
      [Code Root Scanning (ms): Min: 0.0, Avg: 0.0, Max: 0.0, Diff: 0.0, Sum: 0.0]
      [Object Copy (ms): Min: 134.3, Avg: 134.5, Max: 134.8, Diff: 0.5, Sum: 1076.4]
      [Termination (ms): Min: 0.0, Avg: 0.3, Max: 0.4, Diff: 0.4, Sum: 2.8]
         [Termination Attempts: Min: 1, Avg: 1518.8, Max: 1788, Diff: 1787, Sum: 12150]
      [GC Worker Other (ms): Min: 0.0, Avg: 0.0, Max: 0.1, Diff: 0.1, Sum: 0.3]
      [GC Worker Total (ms): Min: 171.3, Avg: 171.4, Max: 171.5, Diff: 0.2, Sum: 1371.0]
      [GC Worker End (ms): Min: 53979.0, Avg: 53979.0, Max: 53979.0, Diff: 0.1]
   [Code Root Fixup: 0.0 ms]
   [Code Root Purge: 0.0 ms]
   [Clear CT: 0.2 ms]
   [Other: 1.4 ms]
      [Choose CSet: 0.0 ms]
      [Ref Proc: 0.3 ms]
      [Ref Enq: 0.0 ms]
      [Redirty Cards: 0.6 ms]
      [Humongous Register: 0.1 ms]
      [Humongous Reclaim: 0.0 ms]
      [Free CSet: 0.2 ms]
   [Eden: 178.0M(178.0M)->0.0B(176.0M) Survivors: 24.0M->26.0M Heap: 625.2M(2048.0M)->627.2M(2048.0M)]
 [Times: user=1.38 sys=0.00, real=0.17 secs] 
2020-09-29T12:06:03.236+0200: 54.125: [GC pause (G1 Evacuation Pause) (young), 0.1598751 secs]
   [Parallel Time: 158.5 ms, GC Workers: 8]
      [GC Worker Start (ms): Min: 54125.3, Avg: 54125.3, Max: 54125.5, Diff: 0.2]
      [Ext Root Scanning (ms): Min: 0.0, Avg: 0.1, Max: 0.2, Diff: 0.2, Sum: 0.8]
      [Update RS (ms): Min: 21.6, Avg: 21.9, Max: 22.2, Diff: 0.6, Sum: 174.8]
         [Processed Buffers: Min: 3, Avg: 16.6, Max: 21, Diff: 18, Sum: 133]
      [Scan RS (ms): Min: 10.8, Avg: 11.2, Max: 11.8, Diff: 1.0, Sum: 89.7]
      [Code Root Scanning (ms): Min: 0.0, Avg: 0.0, Max: 0.0, Diff: 0.0, Sum: 0.0]
      [Object Copy (ms): Min: 124.1, Avg: 125.0, Max: 125.3, Diff: 1.2, Sum: 999.8]
      [Termination (ms): Min: 0.0, Avg: 0.1, Max: 0.2, Diff: 0.2, Sum: 1.1]
         [Termination Attempts: Min: 1, Avg: 633.8, Max: 843, Diff: 842, Sum: 5070]
      [GC Worker Other (ms): Min: 0.0, Avg: 0.1, Max: 0.1, Diff: 0.1, Sum: 0.4]
      [GC Worker Total (ms): Min: 158.2, Avg: 158.3, Max: 158.4, Diff: 0.2, Sum: 1266.7]
      [GC Worker End (ms): Min: 54283.6, Avg: 54283.7, Max: 54283.7, Diff: 0.1]
   [Code Root Fixup: 0.0 ms]
   [Code Root Purge: 0.0 ms]
   [Clear CT: 0.2 ms]
   [Other: 1.2 ms]
      [Choose CSet: 0.0 ms]
      [Ref Proc: 0.2 ms]
      [Ref Enq: 0.0 ms]
      [Redirty Cards: 0.4 ms]
      [Humongous Register: 0.0 ms]
      [Humongous Reclaim: 0.0 ms]
      [Free CSet: 0.2 ms]
   [Eden: 176.0M(176.0M)->0.0B(185.0M) Survivors: 26.0M->26.0M Heap: 833.8M(2048.0M)->835.8M(2048.0M)]
 [Times: user=1.33 sys=0.00, real=0.16 secs] 
2020-09-29T12:06:03.547+0200: 54.436: [GC pause (G1 Evacuation Pause) (young), 0.1725684 secs]
   [Parallel Time: 171.2 ms, GC Workers: 8]
      [GC Worker Start (ms): Min: 54435.9, Avg: 54437.3, Max: 54441.4, Diff: 5.5]
      [Ext Root Scanning (ms): Min: 0.0, Avg: 0.1, Max: 0.2, Diff: 0.2, Sum: 0.7]
      [Update RS (ms): Min: 12.6, Avg: 16.5, Max: 18.0, Diff: 5.4, Sum: 132.1]
         [Processed Buffers: Min: 9, Avg: 13.8, Max: 16, Diff: 7, Sum: 110]
      [Scan RS (ms): Min: 13.9, Avg: 15.3, Max: 20.1, Diff: 6.2, Sum: 122.6]
      [Code Root Scanning (ms): Min: 0.0, Avg: 0.0, Max: 0.0, Diff: 0.0, Sum: 0.0]
      [Object Copy (ms): Min: 132.8, Avg: 137.5, Max: 138.4, Diff: 5.5, Sum: 1099.6]
      [Termination (ms): Min: 0.0, Avg: 0.2, Max: 0.2, Diff: 0.2, Sum: 1.5]
         [Termination Attempts: Min: 1, Avg: 868.1, Max: 1127, Diff: 1126, Sum: 6945]
      [GC Worker Other (ms): Min: 0.0, Avg: 0.0, Max: 0.1, Diff: 0.1, Sum: 0.3]
      [GC Worker Total (ms): Min: 165.5, Avg: 169.6, Max: 171.1, Diff: 5.6, Sum: 1356.8]
      [GC Worker End (ms): Min: 54606.9, Avg: 54606.9, Max: 54606.9, Diff: 0.1]
   [Code Root Fixup: 0.0 ms]
   [Code Root Purge: 0.0 ms]
   [Clear CT: 0.2 ms]
   [Other: 1.1 ms]
      [Choose CSet: 0.0 ms]
      [Ref Proc: 0.3 ms]
      [Ref Enq: 0.0 ms]
      [Redirty Cards: 0.3 ms]
      [Humongous Register: 0.1 ms]
      [Humongous Reclaim: 0.0 ms]
      [Free CSet: 0.3 ms]
   [Eden: 185.0M(185.0M)->0.0B(186.0M) Survivors: 26.0M->27.0M Heap: 1051.3M(2048.0M)->1053.3M(2048.0M)]
 [Times: user=1.33 sys=0.00, real=0.17 secs] 
2020-09-29T12:06:03.736+0200: 54.625: [GC pause (G1 Humongous Allocation) (young) (initial-mark), 0.0629703 secs]
   [Parallel Time: 61.8 ms, GC Workers: 8]
      [GC Worker Start (ms): Min: 54624.8, Avg: 54624.9, Max: 54625.0, Diff: 0.2]
      [Ext Root Scanning (ms): Min: 0.0, Avg: 6.3, Max: 28.6, Diff: 28.6, Sum: 50.1]
      [Update RS (ms): Min: 2.7, Avg: 25.4, Max: 34.2, Diff: 31.5, Sum: 202.9]
         [Processed Buffers: Min: 3, Avg: 20.1, Max: 27, Diff: 24, Sum: 161]
      [Scan RS (ms): Min: 0.0, Avg: 2.5, Max: 3.5, Diff: 3.5, Sum: 20.3]
      [Code Root Scanning (ms): Min: 0.0, Avg: 0.0, Max: 0.0, Diff: 0.0, Sum: 0.0]
      [Object Copy (ms): Min: 27.2, Avg: 27.4, Max: 27.5, Diff: 0.3, Sum: 219.3]
      [Termination (ms): Min: 0.0, Avg: 0.1, Max: 0.1, Diff: 0.1, Sum: 0.6]
         [Termination Attempts: Min: 1, Avg: 320.0, Max: 397, Diff: 396, Sum: 2560]
      [GC Worker Other (ms): Min: 0.0, Avg: 0.0, Max: 0.0, Diff: 0.0, Sum: 0.2]
      [GC Worker Total (ms): Min: 61.5, Avg: 61.7, Max: 61.8, Diff: 0.2, Sum: 493.3]
      [GC Worker End (ms): Min: 54686.5, Avg: 54686.5, Max: 54686.5, Diff: 0.0]
   [Code Root Fixup: 0.0 ms]
   [Code Root Purge: 0.0 ms]
   [Clear CT: 0.3 ms]
   [Other: 0.9 ms]
      [Choose CSet: 0.0 ms]
      [Ref Proc: 0.2 ms]
      [Ref Enq: 0.0 ms]
      [Redirty Cards: 0.2 ms]
      [Humongous Register: 0.0 ms]
      [Humongous Reclaim: 0.0 ms]
      [Free CSet: 0.1 ms]
   [Eden: 7168.0K(186.0M)->0.0B(198.0M) Survivors: 27.0M->8192.0K Heap: 1060.3M(2048.0M)->1063.3M(2048.0M)]
 [Times: user=0.42 sys=0.00, real=0.06 secs] 
2020-09-29T12:06:03.799+0200: 54.688: [GC concurrent-root-region-scan-start]
2020-09-29T12:06:03.802+0200: 54.691: [GC concurrent-root-region-scan-end, 0.0032349 secs]
2020-09-29T12:06:03.802+0200: 54.691: [GC concurrent-mark-start]
2020-09-29T12:06:03.806+0200: 54.695: [GC concurrent-mark-end, 0.0042000 secs]
2020-09-29T12:06:03.807+0200: 54.696: [GC remark 2020-09-29T12:06:03.807+0200: 54.696: [Finalize Marking, 0.0003115 secs] 2020-09-29T12:06:03.807+0200: 54.696: [GC ref-proc, 0.0005519 secs] 2020-09-29T12:06:03.808+0200: 54.696: [Unloading, 0.0006361 secs], 0.0020007 secs]
 [Times: user=0.00 sys=0.00, real=0.00 secs] 
2020-09-29T12:06:03.809+0200: 54.698: [GC cleanup 1075M->28M(2048M), 0.0017357 secs]
 [Times: user=0.00 sys=0.00, real=0.00 secs] 
2020-09-29T12:06:03.811+0200: 54.700: [GC concurrent-cleanup-start]
2020-09-29T12:06:03.813+0200: 54.702: [GC concurrent-cleanup-end, 0.0023512 secs]
2020-09-29T12:06:03.951+0200: 54.840: [GC pause (G1 Evacuation Pause) (young), 0.1466283 secs]
   [Parallel Time: 144.9 ms, GC Workers: 8]
      [GC Worker Start (ms): Min: 54840.4, Avg: 54840.5, Max: 54840.5, Diff: 0.1]
      [Ext Root Scanning (ms): Min: 0.0, Avg: 0.1, Max: 0.2, Diff: 0.1, Sum: 0.9]
      [Update RS (ms): Min: 15.3, Avg: 15.5, Max: 16.3, Diff: 1.0, Sum: 124.1]
         [Processed Buffers: Min: 12, Avg: 13.4, Max: 15, Diff: 3, Sum: 107]
      [Scan RS (ms): Min: 11.9, Avg: 12.6, Max: 12.8, Diff: 1.0, Sum: 101.0]
      [Code Root Scanning (ms): Min: 0.0, Avg: 0.0, Max: 0.0, Diff: 0.0, Sum: 0.0]
      [Object Copy (ms): Min: 116.1, Avg: 116.3, Max: 116.3, Diff: 0.2, Sum: 930.0]
      [Termination (ms): Min: 0.0, Avg: 0.1, Max: 0.2, Diff: 0.2, Sum: 0.9]
         [Termination Attempts: Min: 1, Avg: 191.9, Max: 238, Diff: 237, Sum: 1535]
      [GC Worker Other (ms): Min: 0.0, Avg: 0.0, Max: 0.1, Diff: 0.1, Sum: 0.2]
      [GC Worker Total (ms): Min: 144.5, Avg: 144.7, Max: 144.8, Diff: 0.2, Sum: 1157.2]
      [GC Worker End (ms): Min: 54985.1, Avg: 54985.1, Max: 54985.2, Diff: 0.2]
   [Code Root Fixup: 0.0 ms]
   [Code Root Purge: 0.0 ms]
   [Clear CT: 0.2 ms]
   [Other: 1.5 ms]
      [Choose CSet: 0.0 ms]
      [Ref Proc: 0.4 ms]
      [Ref Enq: 0.0 ms]
      [Redirty Cards: 0.4 ms]
      [Humongous Register: 0.1 ms]
      [Humongous Reclaim: 0.0 ms]
      [Free CSet: 0.2 ms]
   [Eden: 198.0M(198.0M)->0.0B(195.0M) Survivors: 8192.0K->26.0M Heap: 249.3M(2048.0M)->242.8M(2048.0M)]
 [Times: user=1.14 sys=0.00, real=0.15 secs] 
2020-09-29T12:06:04.261+0200: 55.151: [GC pause (G1 Evacuation Pause) (young), 0.1708528 secs]
   [Parallel Time: 169.5 ms, GC Workers: 8]
      [GC Worker Start (ms): Min: 55150.7, Avg: 55150.7, Max: 55150.8, Diff: 0.1]
      [Ext Root Scanning (ms): Min: 0.0, Avg: 0.1, Max: 0.2, Diff: 0.1, Sum: 0.8]
      [Update RS (ms): Min: 14.9, Avg: 15.0, Max: 15.5, Diff: 0.7, Sum: 119.9]
         [Processed Buffers: Min: 11, Avg: 13.0, Max: 15, Diff: 4, Sum: 104]
      [Scan RS (ms): Min: 15.6, Avg: 16.0, Max: 16.2, Diff: 0.6, Sum: 127.6]
      [Code Root Scanning (ms): Min: 0.0, Avg: 0.0, Max: 0.0, Diff: 0.0, Sum: 0.0]
      [Object Copy (ms): Min: 137.7, Avg: 137.9, Max: 138.1, Diff: 0.4, Sum: 1103.6]
      [Termination (ms): Min: 0.0, Avg: 0.3, Max: 0.3, Diff: 0.3, Sum: 2.2]
         [Termination Attempts: Min: 1, Avg: 1203.1, Max: 1489, Diff: 1488, Sum: 9625]
      [GC Worker Other (ms): Min: 0.0, Avg: 0.0, Max: 0.1, Diff: 0.1, Sum: 0.3]
      [GC Worker Total (ms): Min: 169.2, Avg: 169.3, Max: 169.4, Diff: 0.2, Sum: 1354.5]
      [GC Worker End (ms): Min: 55320.0, Avg: 55320.0, Max: 55320.1, Diff: 0.1]
   [Code Root Fixup: 0.0 ms]
   [Code Root Purge: 0.0 ms]
   [Clear CT: 0.2 ms]
   [Other: 1.1 ms]
      [Choose CSet: 0.0 ms]
      [Ref Proc: 0.2 ms]
      [Ref Enq: 0.0 ms]
      [Redirty Cards: 0.3 ms]
      [Humongous Register: 0.0 ms]
      [Humongous Reclaim: 0.0 ms]
      [Free CSet: 0.3 ms]
   [Eden: 195.0M(195.0M)->0.0B(195.0M) Survivors: 26.0M->28.0M Heap: 470.3M(2048.0M)->472.3M(2048.0M)]
 [Times: user=1.38 sys=0.00, real=0.17 secs] 
2020-09-29T12:06:04.586+0200: 55.474: [GC pause (G1 Evacuation Pause) (young), 0.1728081 secs]
   [Parallel Time: 171.4 ms, GC Workers: 8]
      [GC Worker Start (ms): Min: 55474.4, Avg: 55474.5, Max: 55474.5, Diff: 0.1]
      [Ext Root Scanning (ms): Min: 0.1, Avg: 0.1, Max: 0.2, Diff: 0.1, Sum: 0.9]
      [Update RS (ms): Min: 17.1, Avg: 17.2, Max: 17.5, Diff: 0.4, Sum: 138.0]
         [Processed Buffers: Min: 11, Avg: 13.9, Max: 16, Diff: 5, Sum: 111]
      [Scan RS (ms): Min: 15.8, Avg: 16.0, Max: 16.3, Diff: 0.5, Sum: 128.2]
      [Code Root Scanning (ms): Min: 0.0, Avg: 0.0, Max: 0.0, Diff: 0.0, Sum: 0.0]
      [Object Copy (ms): Min: 137.6, Avg: 137.8, Max: 137.9, Diff: 0.3, Sum: 1102.3]
      [Termination (ms): Min: 0.0, Avg: 0.1, Max: 0.1, Diff: 0.1, Sum: 0.6]
         [Termination Attempts: Min: 1, Avg: 327.0, Max: 395, Diff: 394, Sum: 2616]
      [GC Worker Other (ms): Min: 0.0, Avg: 0.1, Max: 0.1, Diff: 0.1, Sum: 0.5]
      [GC Worker Total (ms): Min: 171.2, Avg: 171.3, Max: 171.4, Diff: 0.2, Sum: 1370.4]
      [GC Worker End (ms): Min: 55645.8, Avg: 55645.8, Max: 55645.8, Diff: 0.1]
   [Code Root Fixup: 0.0 ms]
   [Code Root Purge: 0.0 ms]
   [Clear CT: 0.2 ms]
   [Other: 1.1 ms]
      [Choose CSet: 0.0 ms]
      [Ref Proc: 0.3 ms]
      [Ref Enq: 0.0 ms]
      [Redirty Cards: 0.3 ms]
      [Humongous Register: 0.1 ms]
      [Humongous Reclaim: 0.0 ms]
      [Free CSet: 0.3 ms]
   [Eden: 195.0M(195.0M)->0.0B(195.0M) Survivors: 28.0M->28.0M Heap: 699.7M(2048.0M)->701.2M(2048.0M)]
 [Times: user=1.33 sys=0.02, real=0.17 secs] 
2020-09-29T12:06:04.910+0200: 55.799: [GC pause (G1 Evacuation Pause) (young), 0.1613555 secs]
   [Parallel Time: 159.8 ms, GC Workers: 8]
      [GC Worker Start (ms): Min: 55798.8, Avg: 55798.9, Max: 55799.0, Diff: 0.1]
      [Ext Root Scanning (ms): Min: 0.0, Avg: 0.1, Max: 0.2, Diff: 0.1, Sum: 0.9]
      [Update RS (ms): Min: 20.0, Avg: 20.2, Max: 20.8, Diff: 0.7, Sum: 161.9]
         [Processed Buffers: Min: 15, Avg: 16.6, Max: 19, Diff: 4, Sum: 133]
      [Scan RS (ms): Min: 12.5, Avg: 13.0, Max: 13.2, Diff: 0.7, Sum: 103.8]
      [Code Root Scanning (ms): Min: 0.0, Avg: 0.0, Max: 0.0, Diff: 0.0, Sum: 0.0]
      [Object Copy (ms): Min: 126.0, Avg: 126.2, Max: 126.3, Diff: 0.2, Sum: 1009.5]
      [Termination (ms): Min: 0.0, Avg: 0.0, Max: 0.0, Diff: 0.0, Sum: 0.2]
         [Termination Attempts: Min: 1, Avg: 100.4, Max: 133, Diff: 132, Sum: 803]
      [GC Worker Other (ms): Min: 0.0, Avg: 0.1, Max: 0.1, Diff: 0.1, Sum: 0.5]
      [GC Worker Total (ms): Min: 159.5, Avg: 159.6, Max: 159.7, Diff: 0.2, Sum: 1276.8]
      [GC Worker End (ms): Min: 55958.4, Avg: 55958.5, Max: 55958.5, Diff: 0.1]
   [Code Root Fixup: 0.0 ms]
   [Code Root Purge: 0.0 ms]
   [Clear CT: 0.3 ms]
   [Other: 1.3 ms]
      [Choose CSet: 0.0 ms]
      [Ref Proc: 0.3 ms]
      [Ref Enq: 0.0 ms]
      [Redirty Cards: 0.5 ms]
      [Humongous Register: 0.1 ms]
      [Humongous Reclaim: 0.0 ms]
      [Free CSet: 0.3 ms]
   [Eden: 195.0M(195.0M)->0.0B(203.0M) Survivors: 28.0M->28.0M Heap: 928.6M(2048.0M)->930.1M(2048.0M)]
 [Times: user=1.38 sys=0.00, real=0.16 secs] 
2020-09-29T12:06:05.140+0200: 56.029: [GC pause (G1 Humongous Allocation) (young) (initial-mark), 0.0871048 secs]
   [Parallel Time: 85.8 ms, GC Workers: 8]
      [GC Worker Start (ms): Min: 56029.0, Avg: 56029.1, Max: 56029.1, Diff: 0.1]
      [Ext Root Scanning (ms): Min: 0.1, Avg: 0.1, Max: 0.2, Diff: 0.1, Sum: 0.9]
      [Update RS (ms): Min: 17.4, Avg: 17.8, Max: 18.4, Diff: 1.0, Sum: 142.3]
         [Processed Buffers: Min: 12, Avg: 13.1, Max: 14, Diff: 2, Sum: 105]
      [Scan RS (ms): Min: 2.2, Avg: 2.8, Max: 3.2, Diff: 1.0, Sum: 22.2]
      [Code Root Scanning (ms): Min: 0.0, Avg: 0.0, Max: 0.0, Diff: 0.0, Sum: 0.0]
      [Object Copy (ms): Min: 64.8, Avg: 64.9, Max: 65.0, Diff: 0.1, Sum: 519.2]
      [Termination (ms): Min: 0.0, Avg: 0.0, Max: 0.0, Diff: 0.0, Sum: 0.3]
         [Termination Attempts: Min: 1, Avg: 149.5, Max: 193, Diff: 192, Sum: 1196]
      [GC Worker Other (ms): Min: 0.0, Avg: 0.0, Max: 0.1, Diff: 0.0, Sum: 0.2]
      [GC Worker Total (ms): Min: 85.6, Avg: 85.6, Max: 85.7, Diff: 0.1, Sum: 685.2]
      [GC Worker End (ms): Min: 56114.7, Avg: 56114.7, Max: 56114.8, Diff: 0.0]
   [Code Root Fixup: 0.0 ms]
   [Code Root Purge: 0.0 ms]
   [Clear CT: 0.2 ms]
   [Other: 1.0 ms]
      [Choose CSet: 0.0 ms]
      [Ref Proc: 0.3 ms]
      [Ref Enq: 0.0 ms]
      [Redirty Cards: 0.3 ms]
      [Humongous Register: 0.0 ms]
      [Humongous Reclaim: 0.0 ms]
      [Free CSet: 0.1 ms]
   [Eden: 76.0M(203.0M)->0.0B(212.0M) Survivors: 28.0M->29.0M Heap: 1017.1M(2048.0M)->1019.6M(2048.0M)]
 [Times: user=0.75 sys=0.00, real=0.09 secs] 
2020-09-29T12:06:05.227+0200: 56.116: [GC concurrent-root-region-scan-start]
2020-09-29T12:06:05.241+0200: 56.130: [GC concurrent-root-region-scan-end, 0.0137781 secs]
2020-09-29T12:06:05.241+0200: 56.130: [GC concurrent-mark-start]
2020-09-29T12:06:05.246+0200: 56.135: [GC concurrent-mark-end, 0.0041996 secs]
2020-09-29T12:06:05.246+0200: 56.135: [GC remark 2020-09-29T12:06:05.246+0200: 56.135: [Finalize Marking, 0.0002552 secs] 2020-09-29T12:06:05.246+0200: 56.135: [GC ref-proc, 0.0005171 secs] 2020-09-29T12:06:05.247+0200: 56.136: [Unloading, 0.0005759 secs], 0.0018361 secs]
 [Times: user=0.00 sys=0.00, real=0.00 secs] 
2020-09-29T12:06:05.248+0200: 56.137: [GC cleanup 1050M->68M(2048M), 0.0016225 secs]
 [Times: user=0.00 sys=0.00, real=0.00 secs] 
2020-09-29T12:06:05.250+0200: 56.139: [GC concurrent-cleanup-start]
2020-09-29T12:06:05.252+0200: 56.141: [GC concurrent-cleanup-end, 0.0020806 secs]
2020-09-29T12:06:05.393+0200: 56.282: [GC pause (G1 Evacuation Pause) (young), 0.2179923 secs]
   [Parallel Time: 216.5 ms, GC Workers: 8]
      [GC Worker Start (ms): Min: 56281.9, Avg: 56282.0, Max: 56282.1, Diff: 0.2]
      [Ext Root Scanning (ms): Min: 0.0, Avg: 0.1, Max: 0.2, Diff: 0.2, Sum: 0.8]
      [Update RS (ms): Min: 21.7, Avg: 23.2, Max: 31.4, Diff: 9.7, Sum: 185.7]
         [Processed Buffers: Min: 0, Avg: 15.8, Max: 20, Diff: 20, Sum: 126]
      [Scan RS (ms): Min: 5.3, Avg: 16.8, Max: 41.6, Diff: 36.3, Sum: 134.6]
      [Code Root Scanning (ms): Min: 0.0, Avg: 0.0, Max: 0.0, Diff: 0.0, Sum: 0.0]
      [Object Copy (ms): Min: 152.7, Avg: 176.0, Max: 179.4, Diff: 26.7, Sum: 1408.3]
      [Termination (ms): Min: 0.0, Avg: 0.1, Max: 0.2, Diff: 0.2, Sum: 0.8]
         [Termination Attempts: Min: 1, Avg: 137.3, Max: 213, Diff: 212, Sum: 1098]
      [GC Worker Other (ms): Min: 0.0, Avg: 0.0, Max: 0.0, Diff: 0.0, Sum: 0.1]
      [GC Worker Total (ms): Min: 216.2, Avg: 216.3, Max: 216.4, Diff: 0.3, Sum: 1730.4]
      [GC Worker End (ms): Min: 56498.2, Avg: 56498.3, Max: 56498.3, Diff: 0.1]
   [Code Root Fixup: 0.0 ms]
   [Code Root Purge: 0.0 ms]
   [Clear CT: 0.3 ms]
   [Other: 1.2 ms]
      [Choose CSet: 0.0 ms]
      [Ref Proc: 0.3 ms]
      [Ref Enq: 0.0 ms]
      [Redirty Cards: 0.3 ms]
      [Humongous Register: 0.0 ms]
      [Humongous Reclaim: 0.0 ms]
      [Free CSet: 0.3 ms]
   [Eden: 212.0M(212.0M)->0.0B(181.0M) Survivors: 29.0M->31.0M Heap: 286.2M(2048.0M)->259.2M(2048.0M)]
 [Times: user=1.52 sys=0.00, real=0.22 secs] 
2020-09-29T12:06:05.756+0200: 56.645: [GC pause (G1 Evacuation Pause) (young), 0.1962122 secs]
   [Parallel Time: 194.8 ms, GC Workers: 8]
      [GC Worker Start (ms): Min: 56645.0, Avg: 56649.9, Max: 56675.0, Diff: 30.0]
      [Ext Root Scanning (ms): Min: 0.0, Avg: 0.1, Max: 0.2, Diff: 0.2, Sum: 0.7]
      [Update RS (ms): Min: 0.0, Avg: 19.9, Max: 24.3, Diff: 24.3, Sum: 159.3]
         [Processed Buffers: Min: 0, Avg: 16.1, Max: 21, Diff: 21, Sum: 129]
      [Scan RS (ms): Min: 7.6, Avg: 12.8, Max: 13.7, Diff: 6.1, Sum: 102.1]
      [Code Root Scanning (ms): Min: 0.0, Avg: 0.0, Max: 0.0, Diff: 0.0, Sum: 0.0]
      [Object Copy (ms): Min: 156.8, Avg: 156.9, Max: 157.1, Diff: 0.3, Sum: 1254.9]
      [Termination (ms): Min: 0.0, Avg: 0.2, Max: 0.2, Diff: 0.2, Sum: 1.3]
         [Termination Attempts: Min: 1, Avg: 766.3, Max: 932, Diff: 931, Sum: 6130]
      [GC Worker Other (ms): Min: 0.0, Avg: 0.0, Max: 0.1, Diff: 0.1, Sum: 0.4]
      [GC Worker Total (ms): Min: 164.7, Avg: 189.8, Max: 194.7, Diff: 30.1, Sum: 1518.6]
      [GC Worker End (ms): Min: 56839.7, Avg: 56839.7, Max: 56839.7, Diff: 0.1]
   [Code Root Fixup: 0.0 ms]
   [Code Root Purge: 0.0 ms]
   [Clear CT: 0.2 ms]
   [Other: 1.2 ms]
      [Choose CSet: 0.0 ms]
      [Ref Proc: 0.3 ms]
      [Ref Enq: 0.0 ms]
      [Redirty Cards: 0.3 ms]
      [Humongous Register: 0.1 ms]
      [Humongous Reclaim: 0.0 ms]
      [Free CSet: 0.3 ms]
   [Eden: 181.0M(181.0M)->0.0B(177.0M) Survivors: 31.0M->27.0M Heap: 470.8M(2048.0M)->472.8M(2048.0M)]
 [Times: user=1.47 sys=0.00, real=0.20 secs] 
2020-09-29T12:06:06.093+0200: 56.982: [GC pause (G1 Evacuation Pause) (young), 0.1889421 secs]
   [Parallel Time: 187.5 ms, GC Workers: 8]
      [GC Worker Start (ms): Min: 56982.5, Avg: 56982.5, Max: 56982.7, Diff: 0.2]
      [Ext Root Scanning (ms): Min: 0.0, Avg: 0.1, Max: 0.2, Diff: 0.2, Sum: 0.9]
      [Update RS (ms): Min: 23.9, Avg: 24.9, Max: 30.4, Diff: 6.6, Sum: 199.4]
         [Processed Buffers: Min: 0, Avg: 16.4, Max: 21, Diff: 21, Sum: 131]
      [Scan RS (ms): Min: 6.0, Avg: 11.5, Max: 12.6, Diff: 6.6, Sum: 92.3]
      [Code Root Scanning (ms): Min: 0.0, Avg: 0.0, Max: 0.0, Diff: 0.0, Sum: 0.0]
      [Object Copy (ms): Min: 150.4, Avg: 150.5, Max: 150.7, Diff: 0.2, Sum: 1204.3]
      [Termination (ms): Min: 0.0, Avg: 0.2, Max: 0.2, Diff: 0.2, Sum: 1.3]
         [Termination Attempts: Min: 1, Avg: 706.5, Max: 852, Diff: 851, Sum: 5652]
      [GC Worker Other (ms): Min: 0.0, Avg: 0.0, Max: 0.1, Diff: 0.1, Sum: 0.3]
      [GC Worker Total (ms): Min: 187.2, Avg: 187.3, Max: 187.4, Diff: 0.2, Sum: 1498.5]
      [GC Worker End (ms): Min: 57169.8, Avg: 57169.8, Max: 57169.9, Diff: 0.1]
   [Code Root Fixup: 0.0 ms]
   [Code Root Purge: 0.0 ms]
   [Clear CT: 0.2 ms]
   [Other: 1.2 ms]
      [Choose CSet: 0.0 ms]
      [Ref Proc: 0.3 ms]
      [Ref Enq: 0.0 ms]
      [Redirty Cards: 0.3 ms]
      [Humongous Register: 0.1 ms]
      [Humongous Reclaim: 0.0 ms]
      [Free CSet: 0.2 ms]
   [Eden: 177.0M(177.0M)->0.0B(174.0M) Survivors: 27.0M->26.0M Heap: 678.4M(2048.0M)->679.9M(2048.0M)]
 [Times: user=1.41 sys=0.00, real=0.19 secs] 
2020-09-29T12:06:06.425+0200: 57.314: [GC pause (G1 Evacuation Pause) (young), 0.2287313 secs]
   [Parallel Time: 227.2 ms, GC Workers: 8]
      [GC Worker Start (ms): Min: 57313.9, Avg: 57318.5, Max: 57345.6, Diff: 31.6]
      [Ext Root Scanning (ms): Min: 0.0, Avg: 0.1, Max: 0.2, Diff: 0.2, Sum: 0.7]
      [Update RS (ms): Min: 0.0, Avg: 17.7, Max: 20.8, Diff: 20.8, Sum: 141.4]
         [Processed Buffers: Min: 0, Avg: 15.9, Max: 20, Diff: 20, Sum: 127]
      [Scan RS (ms): Min: 2.1, Avg: 15.1, Max: 42.6, Diff: 40.6, Sum: 120.8]
      [Code Root Scanning (ms): Min: 0.0, Avg: 0.0, Max: 0.0, Diff: 0.0, Sum: 0.0]
      [Object Copy (ms): Min: 163.4, Avg: 187.7, Max: 192.7, Diff: 29.3, Sum: 1501.7]
      [Termination (ms): Min: 0.0, Avg: 1.9, Max: 10.2, Diff: 10.2, Sum: 15.5]
         [Termination Attempts: Min: 1, Avg: 2839.0, Max: 4041, Diff: 4040, Sum: 22712]
      [GC Worker Other (ms): Min: 0.0, Avg: 0.0, Max: 0.1, Diff: 0.0, Sum: 0.2]
      [GC Worker Total (ms): Min: 195.5, Avg: 222.5, Max: 227.1, Diff: 31.6, Sum: 1780.4]
      [GC Worker End (ms): Min: 57541.0, Avg: 57541.0, Max: 57541.0, Diff: 0.0]
   [Code Root Fixup: 0.0 ms]
   [Code Root Purge: 0.0 ms]
   [Clear CT: 0.3 ms]
   [Other: 1.2 ms]
      [Choose CSet: 0.0 ms]
      [Ref Proc: 0.3 ms]
      [Ref Enq: 0.0 ms]
      [Redirty Cards: 0.3 ms]
      [Humongous Register: 0.1 ms]
      [Humongous Reclaim: 0.0 ms]
      [Free CSet: 0.2 ms]
   [Eden: 174.0M(174.0M)->0.0B(153.0M) Survivors: 26.0M->25.0M Heap: 884.4M(2048.0M)->886.9M(2048.0M)]
 [Times: user=1.63 sys=0.00, real=0.23 secs] 
2020-09-29T12:06:06.822+0200: 57.710: [GC pause (G1 Evacuation Pause) (young), 0.1746773 secs]
   [Parallel Time: 171.7 ms, GC Workers: 8]
      [GC Worker Start (ms): Min: 57710.4, Avg: 57710.4, Max: 57710.5, Diff: 0.2]
      [Ext Root Scanning (ms): Min: 0.1, Avg: 0.1, Max: 0.2, Diff: 0.2, Sum: 1.1]
      [Update RS (ms): Min: 25.6, Avg: 25.8, Max: 26.0, Diff: 0.4, Sum: 206.5]
         [Processed Buffers: Min: 16, Avg: 16.8, Max: 19, Diff: 3, Sum: 134]
      [Scan RS (ms): Min: 11.2, Avg: 11.3, Max: 11.6, Diff: 0.4, Sum: 90.3]
      [Code Root Scanning (ms): Min: 0.0, Avg: 0.0, Max: 0.0, Diff: 0.0, Sum: 0.0]
      [Object Copy (ms): Min: 134.1, Avg: 134.2, Max: 134.3, Diff: 0.2, Sum: 1073.3]
      [Termination (ms): Min: 0.0, Avg: 0.0, Max: 0.0, Diff: 0.0, Sum: 0.1]
         [Termination Attempts: Min: 1, Avg: 51.1, Max: 74, Diff: 73, Sum: 409]
      [GC Worker Other (ms): Min: 0.0, Avg: 0.1, Max: 0.1, Diff: 0.1, Sum: 0.5]
      [GC Worker Total (ms): Min: 171.4, Avg: 171.5, Max: 171.6, Diff: 0.2, Sum: 1371.9]
      [GC Worker End (ms): Min: 57881.9, Avg: 57881.9, Max: 57882.0, Diff: 0.1]
   [Code Root Fixup: 0.0 ms]
   [Code Root Purge: 0.0 ms]
   [Clear CT: 1.1 ms]
   [Other: 1.9 ms]
      [Choose CSet: 0.0 ms]
      [Ref Proc: 0.3 ms]
      [Ref Enq: 0.0 ms]
      [Redirty Cards: 0.9 ms]
      [Humongous Register: 0.1 ms]
      [Humongous Reclaim: 0.0 ms]
      [Free CSet: 0.3 ms]
   [Eden: 153.0M(153.0M)->0.0B(157.0M) Survivors: 25.0M->23.0M Heap: 1064.7M(2048.0M)->1066.7M(2048.0M)]
 [Times: user=1.38 sys=0.00, real=0.17 secs] 
2020-09-29T12:06:07.004+0200: 57.892: [GC pause (G1 Humongous Allocation) (young) (initial-mark), 0.0713674 secs]
   [Parallel Time: 69.7 ms, GC Workers: 8]
      [GC Worker Start (ms): Min: 57892.4, Avg: 57892.5, Max: 57892.7, Diff: 0.3]
      [Ext Root Scanning (ms): Min: 0.0, Avg: 0.6, Max: 3.3, Diff: 3.3, Sum: 4.9]
      [Update RS (ms): Min: 37.7, Avg: 40.4, Max: 41.2, Diff: 3.5, Sum: 322.8]
         [Processed Buffers: Min: 24, Avg: 26.8, Max: 31, Diff: 7, Sum: 214]
      [Scan RS (ms): Min: 1.1, Avg: 1.7, Max: 2.0, Diff: 0.9, Sum: 13.6]
      [Code Root Scanning (ms): Min: 0.0, Avg: 0.0, Max: 0.0, Diff: 0.0, Sum: 0.0]
      [Object Copy (ms): Min: 26.6, Avg: 26.7, Max: 26.8, Diff: 0.2, Sum: 213.3]
      [Termination (ms): Min: 0.0, Avg: 0.0, Max: 0.0, Diff: 0.0, Sum: 0.1]
         [Termination Attempts: Min: 1, Avg: 41.6, Max: 55, Diff: 54, Sum: 333]
      [GC Worker Other (ms): Min: 0.0, Avg: 0.0, Max: 0.1, Diff: 0.0, Sum: 0.2]
      [GC Worker Total (ms): Min: 69.2, Avg: 69.4, Max: 69.5, Diff: 0.3, Sum: 554.9]
      [GC Worker End (ms): Min: 57961.9, Avg: 57961.9, Max: 57961.9, Diff: 0.0]
   [Code Root Fixup: 0.0 ms]
   [Code Root Purge: 0.0 ms]
   [Clear CT: 0.5 ms]
   [Other: 1.2 ms]
      [Choose CSet: 0.0 ms]
      [Ref Proc: 0.3 ms]
      [Ref Enq: 0.0 ms]
      [Redirty Cards: 0.3 ms]
      [Humongous Register: 0.1 ms]
      [Humongous Reclaim: 0.0 ms]
      [Free CSet: 0.1 ms]
   [Eden: 8192.0K(157.0M)->0.0B(168.0M) Survivors: 23.0M->10.0M Heap: 1074.2M(2048.0M)->1078.7M(2048.0M)]
 [Times: user=0.61 sys=0.00, real=0.07 secs] 
2020-09-29T12:06:07.075+0200: 57.964: [GC concurrent-root-region-scan-start]
2020-09-29T12:06:07.080+0200: 57.969: [GC concurrent-root-region-scan-end, 0.0048029 secs]
2020-09-29T12:06:07.080+0200: 57.969: [GC concurrent-mark-start]
2020-09-29T12:06:07.087+0200: 57.976: [GC concurrent-mark-end, 0.0068673 secs]
2020-09-29T12:06:07.087+0200: 57.976: [GC remark 2020-09-29T12:06:07.087+0200: 57.976: [Finalize Marking, 0.0003636 secs] 2020-09-29T12:06:07.088+0200: 57.977: [GC ref-proc, 0.0015502 secs] 2020-09-29T12:06:07.090+0200: 57.978: [Unloading, 0.0008628 secs], 0.0036277 secs]
 [Times: user=0.00 sys=0.00, real=0.00 secs] 
2020-09-29T12:06:07.092+0200: 57.980: [GC cleanup 1093M->33M(2048M), 0.0023629 secs]
 [Times: user=0.00 sys=0.00, real=0.00 secs] 
2020-09-29T12:06:07.094+0200: 57.983: [GC concurrent-cleanup-start]
2020-09-29T12:06:07.097+0200: 57.986: [GC concurrent-cleanup-end, 0.0034020 secs]
2020-09-29T12:06:07.256+0200: 58.145: [GC pause (G1 Evacuation Pause) (young), 0.2232499 secs]
   [Parallel Time: 221.5 ms, GC Workers: 8]
      [GC Worker Start (ms): Min: 58144.7, Avg: 58144.8, Max: 58144.9, Diff: 0.3]
      [Ext Root Scanning (ms): Min: 0.0, Avg: 0.1, Max: 0.2, Diff: 0.2, Sum: 1.0]
      [Update RS (ms): Min: 21.0, Avg: 22.4, Max: 31.2, Diff: 10.3, Sum: 179.2]
         [Processed Buffers: Min: 0, Avg: 11.9, Max: 15, Diff: 15, Sum: 95]
      [Scan RS (ms): Min: 5.0, Avg: 17.1, Max: 42.3, Diff: 37.3, Sum: 137.0]
      [Code Root Scanning (ms): Min: 0.0, Avg: 0.0, Max: 0.0, Diff: 0.0, Sum: 0.0]
      [Object Copy (ms): Min: 157.6, Avg: 181.3, Max: 184.8, Diff: 27.2, Sum: 1450.4]
      [Termination (ms): Min: 0.0, Avg: 0.3, Max: 0.4, Diff: 0.4, Sum: 2.0]
         [Termination Attempts: Min: 1, Avg: 618.0, Max: 881, Diff: 880, Sum: 4944]
      [GC Worker Other (ms): Min: 0.0, Avg: 0.0, Max: 0.0, Diff: 0.0, Sum: 0.2]
      [GC Worker Total (ms): Min: 221.0, Avg: 221.2, Max: 221.4, Diff: 0.3, Sum: 1769.8]
      [GC Worker End (ms): Min: 58366.0, Avg: 58366.0, Max: 58366.0, Diff: 0.0]
   [Code Root Fixup: 0.0 ms]
   [Code Root Purge: 0.0 ms]
   [Clear CT: 0.4 ms]
   [Other: 1.3 ms]
      [Choose CSet: 0.0 ms]
      [Ref Proc: 0.3 ms]
      [Ref Enq: 0.0 ms]
      [Redirty Cards: 0.3 ms]
      [Humongous Register: 0.1 ms]
      [Humongous Reclaim: 0.0 ms]
      [Free CSet: 0.3 ms]
   [Eden: 168.0M(168.0M)->0.0B(128.0M) Survivors: 10.0M->23.0M Heap: 215.1M(2048.0M)->208.1M(2048.0M)]
 [Times: user=1.52 sys=0.00, real=0.22 secs] 
2020-09-29T12:06:07.610+0200: 58.499: [GC pause (G1 Evacuation Pause) (young), 0.1603852 secs]
   [Parallel Time: 158.8 ms, GC Workers: 8]
      [GC Worker Start (ms): Min: 58498.7, Avg: 58498.8, Max: 58498.9, Diff: 0.2]
      [Ext Root Scanning (ms): Min: 0.1, Avg: 0.1, Max: 0.2, Diff: 0.2, Sum: 1.1]
      [Update RS (ms): Min: 18.0, Avg: 18.2, Max: 18.9, Diff: 0.9, Sum: 145.6]
         [Processed Buffers: Min: 2, Avg: 10.5, Max: 13, Diff: 11, Sum: 84]
      [Scan RS (ms): Min: 11.0, Avg: 11.8, Max: 12.1, Diff: 1.0, Sum: 94.6]
      [Code Root Scanning (ms): Min: 0.0, Avg: 0.0, Max: 0.0, Diff: 0.0, Sum: 0.0]
      [Object Copy (ms): Min: 128.2, Avg: 128.3, Max: 128.3, Diff: 0.2, Sum: 1026.1]
      [Termination (ms): Min: 0.0, Avg: 0.0, Max: 0.0, Diff: 0.0, Sum: 0.2]
         [Termination Attempts: Min: 1, Avg: 103.0, Max: 146, Diff: 145, Sum: 824]
      [GC Worker Other (ms): Min: 0.0, Avg: 0.0, Max: 0.1, Diff: 0.1, Sum: 0.3]
      [GC Worker Total (ms): Min: 158.4, Avg: 158.5, Max: 158.6, Diff: 0.2, Sum: 1268.0]
      [GC Worker End (ms): Min: 58657.3, Avg: 58657.3, Max: 58657.4, Diff: 0.1]
   [Code Root Fixup: 0.0 ms]
   [Code Root Purge: 0.0 ms]
   [Clear CT: 0.3 ms]
   [Other: 1.2 ms]
      [Choose CSet: 0.0 ms]
      [Ref Proc: 0.4 ms]
      [Ref Enq: 0.0 ms]
      [Redirty Cards: 0.2 ms]
      [Humongous Register: 0.1 ms]
      [Humongous Reclaim: 0.0 ms]
      [Free CSet: 0.2 ms]
   [Eden: 128.0M(128.0M)->0.0B(136.0M) Survivors: 23.0M->19.0M Heap: 357.1M(2048.0M)->358.6M(2048.0M)]
 [Times: user=1.22 sys=0.02, real=0.16 secs] 
2020-09-29T12:06:07.902+0200: 58.791: [GC pause (G1 Evacuation Pause) (young), 0.1501691 secs]
   [Parallel Time: 148.1 ms, GC Workers: 8]
      [GC Worker Start (ms): Min: 58791.2, Avg: 58791.4, Max: 58791.7, Diff: 0.5]
      [Ext Root Scanning (ms): Min: 0.0, Avg: 0.1, Max: 0.2, Diff: 0.2, Sum: 0.8]
      [Update RS (ms): Min: 18.6, Avg: 19.0, Max: 19.7, Diff: 1.1, Sum: 151.9]
         [Processed Buffers: Min: 11, Avg: 12.3, Max: 14, Diff: 3, Sum: 98]
      [Scan RS (ms): Min: 10.3, Avg: 10.9, Max: 11.3, Diff: 1.0, Sum: 87.1]
      [Code Root Scanning (ms): Min: 0.0, Avg: 0.0, Max: 0.0, Diff: 0.0, Sum: 0.0]
      [Object Copy (ms): Min: 117.5, Avg: 117.6, Max: 117.7, Diff: 0.2, Sum: 940.6]
      [Termination (ms): Min: 0.0, Avg: 0.0, Max: 0.0, Diff: 0.0, Sum: 0.1]
         [Termination Attempts: Min: 1, Avg: 26.9, Max: 37, Diff: 36, Sum: 215]
      [GC Worker Other (ms): Min: 0.0, Avg: 0.0, Max: 0.1, Diff: 0.1, Sum: 0.4]
      [GC Worker Total (ms): Min: 147.4, Avg: 147.6, Max: 147.9, Diff: 0.5, Sum: 1181.0]
      [GC Worker End (ms): Min: 58939.0, Avg: 58939.1, Max: 58939.1, Diff: 0.1]
   [Code Root Fixup: 0.0 ms]
   [Code Root Purge: 0.0 ms]
   [Clear CT: 0.6 ms]
   [Other: 1.4 ms]
      [Choose CSet: 0.0 ms]
      [Ref Proc: 0.4 ms]
      [Ref Enq: 0.0 ms]
      [Redirty Cards: 0.4 ms]
      [Humongous Register: 0.1 ms]
      [Humongous Reclaim: 0.0 ms]
      [Free CSet: 0.2 ms]
   [Eden: 136.0M(136.0M)->0.0B(145.0M) Survivors: 19.0M->20.0M Heap: 517.5M(2048.0M)->519.0M(2048.0M)]
 [Times: user=1.14 sys=0.00, real=0.15 secs] 
2020-09-29T12:06:08.205+0200: 59.093: [GC pause (G1 Evacuation Pause) (young), 0.1647796 secs]
   [Parallel Time: 163.1 ms, GC Workers: 8]
      [GC Worker Start (ms): Min: 59093.3, Avg: 59093.5, Max: 59093.6, Diff: 0.2]
      [Ext Root Scanning (ms): Min: 0.0, Avg: 0.1, Max: 0.2, Diff: 0.2, Sum: 0.9]
      [Update RS (ms): Min: 19.9, Avg: 20.3, Max: 21.2, Diff: 1.2, Sum: 162.4]
         [Processed Buffers: Min: 12, Avg: 13.4, Max: 15, Diff: 3, Sum: 107]
      [Scan RS (ms): Min: 11.2, Avg: 12.1, Max: 12.5, Diff: 1.2, Sum: 96.5]
      [Code Root Scanning (ms): Min: 0.0, Avg: 0.0, Max: 0.0, Diff: 0.0, Sum: 0.0]
      [Object Copy (ms): Min: 130.1, Avg: 130.2, Max: 130.3, Diff: 0.2, Sum: 1041.8]
      [Termination (ms): Min: 0.0, Avg: 0.0, Max: 0.0, Diff: 0.0, Sum: 0.0]
         [Termination Attempts: Min: 1, Avg: 13.1, Max: 18, Diff: 17, Sum: 105]
      [GC Worker Other (ms): Min: 0.0, Avg: 0.0, Max: 0.1, Diff: 0.1, Sum: 0.4]
      [GC Worker Total (ms): Min: 162.6, Avg: 162.8, Max: 162.9, Diff: 0.2, Sum: 1302.0]
      [GC Worker End (ms): Min: 59256.2, Avg: 59256.2, Max: 59256.3, Diff: 0.1]
   [Code Root Fixup: 0.0 ms]
   [Code Root Purge: 0.0 ms]
   [Clear CT: 0.3 ms]
   [Other: 1.4 ms]
      [Choose CSet: 0.0 ms]
      [Ref Proc: 0.3 ms]
      [Ref Enq: 0.0 ms]
      [Redirty Cards: 0.6 ms]
      [Humongous Register: 0.1 ms]
      [Humongous Reclaim: 0.0 ms]
      [Free CSet: 0.2 ms]
   [Eden: 145.0M(145.0M)->0.0B(151.0M) Survivors: 20.0M->21.0M Heap: 688.8M(2048.0M)->690.8M(2048.0M)]
 [Times: user=1.38 sys=0.00, real=0.16 secs] 
2020-09-29T12:06:08.523+0200: 59.412: [GC pause (G1 Evacuation Pause) (young), 0.1752766 secs]
   [Parallel Time: 173.7 ms, GC Workers: 8]
      [GC Worker Start (ms): Min: 59412.2, Avg: 59414.1, Max: 59418.1, Diff: 5.9]
      [Ext Root Scanning (ms): Min: 0.0, Avg: 0.1, Max: 0.2, Diff: 0.2, Sum: 0.9]
      [Update RS (ms): Min: 13.0, Avg: 17.1, Max: 19.7, Diff: 6.6, Sum: 137.1]
         [Processed Buffers: Min: 9, Avg: 11.4, Max: 14, Diff: 5, Sum: 91]
      [Scan RS (ms): Min: 13.1, Avg: 13.9, Max: 14.3, Diff: 1.2, Sum: 111.4]
      [Code Root Scanning (ms): Min: 0.0, Avg: 0.0, Max: 0.0, Diff: 0.0, Sum: 0.0]
      [Object Copy (ms): Min: 140.0, Avg: 140.1, Max: 140.5, Diff: 0.5, Sum: 1120.9]
      [Termination (ms): Min: 0.0, Avg: 0.3, Max: 0.4, Diff: 0.4, Sum: 2.4]
         [Termination Attempts: Min: 1, Avg: 1060.8, Max: 1333, Diff: 1332, Sum: 8486]
      [GC Worker Other (ms): Min: 0.0, Avg: 0.0, Max: 0.1, Diff: 0.0, Sum: 0.3]
      [GC Worker Total (ms): Min: 167.6, Avg: 171.6, Max: 173.5, Diff: 5.9, Sum: 1373.0]
      [GC Worker End (ms): Min: 59585.7, Avg: 59585.7, Max: 59585.7, Diff: 0.0]
   [Code Root Fixup: 0.0 ms]
   [Code Root Purge: 0.0 ms]
   [Clear CT: 0.2 ms]
   [Other: 1.3 ms]
      [Choose CSet: 0.0 ms]
      [Ref Proc: 0.4 ms]
      [Ref Enq: 0.0 ms]
      [Redirty Cards: 0.3 ms]
      [Humongous Register: 0.1 ms]
      [Humongous Reclaim: 0.0 ms]
      [Free CSet: 0.3 ms]
   [Eden: 151.0M(151.0M)->0.0B(152.0M) Survivors: 21.0M->22.0M Heap: 866.6M(2048.0M)->868.6M(2048.0M)]
 [Times: user=1.38 sys=0.00, real=0.17 secs] 
2020-09-29T12:06:08.852+0200: 59.741: [GC pause (G1 Evacuation Pause) (young), 0.1619193 secs]
   [Parallel Time: 160.2 ms, GC Workers: 8]
      [GC Worker Start (ms): Min: 59741.6, Avg: 59741.7, Max: 59741.8, Diff: 0.2]
      [Ext Root Scanning (ms): Min: 0.0, Avg: 0.1, Max: 0.3, Diff: 0.2, Sum: 1.0]
      [Update RS (ms): Min: 17.1, Avg: 17.6, Max: 18.1, Diff: 1.0, Sum: 141.0]
         [Processed Buffers: Min: 11, Avg: 11.3, Max: 13, Diff: 2, Sum: 90]
      [Scan RS (ms): Min: 13.2, Avg: 13.6, Max: 14.1, Diff: 1.0, Sum: 108.8]
      [Code Root Scanning (ms): Min: 0.0, Avg: 0.0, Max: 0.0, Diff: 0.0, Sum: 0.0]
      [Object Copy (ms): Min: 128.3, Avg: 128.3, Max: 128.4, Diff: 0.1, Sum: 1026.6]
      [Termination (ms): Min: 0.0, Avg: 0.0, Max: 0.1, Diff: 0.1, Sum: 0.4]
         [Termination Attempts: Min: 1, Avg: 163.4, Max: 218, Diff: 217, Sum: 1307]
      [GC Worker Other (ms): Min: 0.0, Avg: 0.1, Max: 0.1, Diff: 0.1, Sum: 0.5]
      [GC Worker Total (ms): Min: 159.7, Avg: 159.8, Max: 160.0, Diff: 0.2, Sum: 1278.3]
      [GC Worker End (ms): Min: 59901.5, Avg: 59901.5, Max: 59901.6, Diff: 0.1]
   [Code Root Fixup: 0.0 ms]
   [Code Root Purge: 0.0 ms]
   [Clear CT: 0.3 ms]
   [Other: 1.4 ms]
      [Choose CSet: 0.0 ms]
      [Ref Proc: 0.4 ms]
      [Ref Enq: 0.0 ms]
      [Redirty Cards: 0.5 ms]
      [Humongous Register: 0.1 ms]
      [Humongous Reclaim: 0.0 ms]
      [Free CSet: 0.2 ms]
   [Eden: 152.0M(152.0M)->0.0B(159.0M) Survivors: 22.0M->22.0M Heap: 1045.4M(2048.0M)->1047.9M(2048.0M)]
 [Times: user=1.23 sys=0.00, real=0.16 secs] 
2020-09-29T12:06:09.024+0200: 59.913: [GC pause (G1 Humongous Allocation) (young) (initial-mark), 0.0634628 secs]
   [Parallel Time: 61.5 ms, GC Workers: 8]
      [GC Worker Start (ms): Min: 59913.0, Avg: 59913.1, Max: 59913.1, Diff: 0.2]
      [Ext Root Scanning (ms): Min: 0.1, Avg: 0.2, Max: 0.2, Diff: 0.2, Sum: 1.2]
      [Update RS (ms): Min: 34.6, Avg: 35.4, Max: 36.0, Diff: 1.4, Sum: 282.9]
         [Processed Buffers: Min: 21, Avg: 23.1, Max: 25, Diff: 4, Sum: 185]
      [Scan RS (ms): Min: 1.8, Avg: 2.5, Max: 3.4, Diff: 1.5, Sum: 19.9]
      [Code Root Scanning (ms): Min: 0.0, Avg: 0.0, Max: 0.0, Diff: 0.0, Sum: 0.0]
      [Object Copy (ms): Min: 22.9, Avg: 23.0, Max: 23.1, Diff: 0.2, Sum: 184.4]
      [Termination (ms): Min: 0.0, Avg: 0.1, Max: 0.1, Diff: 0.1, Sum: 0.9]
         [Termination Attempts: Min: 1, Avg: 369.4, Max: 442, Diff: 441, Sum: 2955]
      [GC Worker Other (ms): Min: 0.0, Avg: 0.0, Max: 0.0, Diff: 0.0, Sum: 0.2]
      [GC Worker Total (ms): Min: 61.1, Avg: 61.2, Max: 61.3, Diff: 0.2, Sum: 489.4]
      [GC Worker End (ms): Min: 59974.2, Avg: 59974.2, Max: 59974.3, Diff: 0.0]
   [Code Root Fixup: 0.0 ms]
   [Code Root Purge: 0.0 ms]
   [Clear CT: 0.4 ms]
   [Other: 1.6 ms]
      [Choose CSet: 0.0 ms]
      [Ref Proc: 0.3 ms]
      [Ref Enq: 0.0 ms]
      [Redirty Cards: 0.7 ms]
      [Humongous Register: 0.1 ms]
      [Humongous Reclaim: 0.0 ms]
      [Free CSet: 0.1 ms]
   [Eden: 2048.0K(159.0M)->0.0B(173.0M) Survivors: 22.0M->4096.0K Heap: 1049.4M(2048.0M)->1053.4M(2048.0M)]
 [Times: user=0.50 sys=0.00, real=0.06 secs] 
2020-09-29T12:06:09.087+0200: 59.976: [GC concurrent-root-region-scan-start]
2020-09-29T12:06:09.089+0200: 59.978: [GC concurrent-root-region-scan-end, 0.0013179 secs]
2020-09-29T12:06:09.089+0200: 59.978: [GC concurrent-mark-start]
2020-09-29T12:06:09.096+0200: 59.986: [GC concurrent-mark-end, 0.0077346 secs]
2020-09-29T12:06:09.097+0200: 59.986: [GC remark 2020-09-29T12:06:09.097+0200: 59.986: [Finalize Marking, 0.0006808 secs] 2020-09-29T12:06:09.098+0200: 59.987: [GC ref-proc, 0.0012350 secs] 2020-09-29T12:06:09.099+0200: 59.988: [Unloading, 0.0009356 secs], 0.0035561 secs]
 [Times: user=0.03 sys=0.02, real=0.00 secs] 
2020-09-29T12:06:09.102+0200: 59.991: [GC cleanup 1065M->24M(2048M), 0.0027594 secs]
 [Times: user=0.00 sys=0.00, real=0.00 secs] 
2020-09-29T12:06:09.104+0200: 59.994: [GC concurrent-cleanup-start]
2020-09-29T12:06:09.108+0200: 59.997: [GC concurrent-cleanup-end, 0.0037511 secs]
2020-09-29T12:06:09.263+0200: 60.153: [GC pause (G1 Evacuation Pause) (young), 0.1762181 secs]
   [Parallel Time: 174.6 ms, GC Workers: 8]
      [GC Worker Start (ms): Min: 60152.7, Avg: 60152.9, Max: 60153.0, Diff: 0.3]
      [Ext Root Scanning (ms): Min: 0.0, Avg: 0.1, Max: 0.3, Diff: 0.3, Sum: 0.8]
      [Update RS (ms): Min: 23.7, Avg: 23.9, Max: 24.5, Diff: 0.8, Sum: 191.4]
         [Processed Buffers: Min: 13, Avg: 15.9, Max: 18, Diff: 5, Sum: 127]
      [Scan RS (ms): Min: 12.1, Avg: 12.5, Max: 12.8, Diff: 0.7, Sum: 100.3]
      [Code Root Scanning (ms): Min: 0.0, Avg: 0.0, Max: 0.0, Diff: 0.0, Sum: 0.0]
      [Object Copy (ms): Min: 137.5, Avg: 137.6, Max: 137.7, Diff: 0.2, Sum: 1101.0]
      [Termination (ms): Min: 0.0, Avg: 0.0, Max: 0.1, Diff: 0.1, Sum: 0.3]
         [Termination Attempts: Min: 1, Avg: 130.6, Max: 162, Diff: 161, Sum: 1045]
      [GC Worker Other (ms): Min: 0.0, Avg: 0.0, Max: 0.1, Diff: 0.1, Sum: 0.4]
      [GC Worker Total (ms): Min: 174.1, Avg: 174.3, Max: 174.4, Diff: 0.3, Sum: 1394.3]
      [GC Worker End (ms): Min: 60327.1, Avg: 60327.2, Max: 60327.2, Diff: 0.1]
   [Code Root Fixup: 0.0 ms]
   [Code Root Purge: 0.0 ms]
   [Clear CT: 0.4 ms]
   [Other: 1.3 ms]
      [Choose CSet: 0.0 ms]
      [Ref Proc: 0.3 ms]
      [Ref Enq: 0.0 ms]
      [Redirty Cards: 0.3 ms]
      [Humongous Register: 0.1 ms]
      [Humongous Reclaim: 0.0 ms]
      [Free CSet: 0.2 ms]
   [Eden: 173.0M(173.0M)->0.0B(157.0M) Survivors: 4096.0K->23.0M Heap: 216.0M(2048.0M)->215.0M(2048.0M)]
 [Times: user=1.38 sys=0.00, real=0.18 secs] 
2020-09-29T12:06:09.603+0200: 60.492: [GC pause (G1 Evacuation Pause) (young), 0.1785508 secs]
   [Parallel Time: 177.0 ms, GC Workers: 8]
      [GC Worker Start (ms): Min: 60492.2, Avg: 60492.3, Max: 60492.5, Diff: 0.3]
      [Ext Root Scanning (ms): Min: 0.0, Avg: 0.1, Max: 0.2, Diff: 0.2, Sum: 1.1]
      [Update RS (ms): Min: 21.5, Avg: 22.0, Max: 22.8, Diff: 1.3, Sum: 175.7]
         [Processed Buffers: Min: 12, Avg: 13.0, Max: 15, Diff: 3, Sum: 104]
      [Scan RS (ms): Min: 13.1, Avg: 13.9, Max: 14.4, Diff: 1.3, Sum: 111.1]
      [Code Root Scanning (ms): Min: 0.0, Avg: 0.0, Max: 0.0, Diff: 0.0, Sum: 0.0]
      [Object Copy (ms): Min: 140.6, Avg: 140.7, Max: 140.8, Diff: 0.2, Sum: 1125.5]
      [Termination (ms): Min: 0.0, Avg: 0.0, Max: 0.0, Diff: 0.0, Sum: 0.3]
         [Termination Attempts: Min: 1, Avg: 117.9, Max: 152, Diff: 151, Sum: 943]
      [GC Worker Other (ms): Min: 0.0, Avg: 0.1, Max: 0.1, Diff: 0.1, Sum: 0.5]
      [GC Worker Total (ms): Min: 176.7, Avg: 176.8, Max: 177.0, Diff: 0.3, Sum: 1414.3]
      [GC Worker End (ms): Min: 60669.1, Avg: 60669.1, Max: 60669.2, Diff: 0.1]
   [Code Root Fixup: 0.0 ms]
   [Code Root Purge: 0.0 ms]
   [Clear CT: 0.4 ms]
   [Other: 1.1 ms]
      [Choose CSet: 0.0 ms]
      [Ref Proc: 0.2 ms]
      [Ref Enq: 0.0 ms]
      [Redirty Cards: 0.2 ms]
      [Humongous Register: 0.1 ms]
      [Humongous Reclaim: 0.0 ms]
      [Free CSet: 0.3 ms]
   [Eden: 157.0M(157.0M)->0.0B(156.0M) Survivors: 23.0M->23.0M Heap: 396.8M(2048.0M)->399.3M(2048.0M)]
 [Times: user=1.38 sys=0.00, real=0.18 secs] 
2020-09-29T12:06:09.950+0200: 60.839: [GC pause (G1 Evacuation Pause) (young), 0.1705311 secs]
   [Parallel Time: 168.3 ms, GC Workers: 8]
      [GC Worker Start (ms): Min: 60839.5, Avg: 60839.6, Max: 60839.8, Diff: 0.3]
      [Ext Root Scanning (ms): Min: 0.0, Avg: 0.1, Max: 0.3, Diff: 0.3, Sum: 0.9]
      [Update RS (ms): Min: 13.8, Avg: 14.2, Max: 15.2, Diff: 1.5, Sum: 113.3]
         [Processed Buffers: Min: 9, Avg: 9.8, Max: 12, Diff: 3, Sum: 78]
      [Scan RS (ms): Min: 15.1, Avg: 16.1, Max: 16.5, Diff: 1.4, Sum: 128.8]
      [Code Root Scanning (ms): Min: 0.0, Avg: 0.0, Max: 0.0, Diff: 0.0, Sum: 0.0]
      [Object Copy (ms): Min: 137.2, Avg: 137.3, Max: 137.4, Diff: 0.2, Sum: 1098.4]
      [Termination (ms): Min: 0.0, Avg: 0.1, Max: 0.1, Diff: 0.1, Sum: 0.9]
         [Termination Attempts: Min: 1, Avg: 361.9, Max: 468, Diff: 467, Sum: 2895]
      [GC Worker Other (ms): Min: 0.0, Avg: 0.0, Max: 0.1, Diff: 0.1, Sum: 0.3]
      [GC Worker Total (ms): Min: 167.7, Avg: 167.8, Max: 168.0, Diff: 0.3, Sum: 1342.5]
      [GC Worker End (ms): Min: 61007.4, Avg: 61007.5, Max: 61007.5, Diff: 0.1]
   [Code Root Fixup: 0.0 ms]
   [Code Root Purge: 0.0 ms]
   [Clear CT: 0.5 ms]
   [Other: 1.7 ms]
      [Choose CSet: 0.0 ms]
      [Ref Proc: 0.4 ms]
      [Ref Enq: 0.0 ms]
      [Redirty Cards: 0.6 ms]
      [Humongous Register: 0.1 ms]
      [Humongous Reclaim: 0.0 ms]
      [Free CSet: 0.3 ms]
   [Eden: 156.0M(156.0M)->0.0B(157.0M) Survivors: 23.0M->23.0M Heap: 582.0M(2048.0M)->584.0M(2048.0M)]
 [Times: user=1.38 sys=0.00, real=0.17 secs] 
2020-09-29T12:06:10.288+0200: 61.177: [GC pause (G1 Evacuation Pause) (young), 0.1802457 secs]
   [Parallel Time: 178.5 ms, GC Workers: 8]
      [GC Worker Start (ms): Min: 61177.2, Avg: 61177.3, Max: 61177.4, Diff: 0.3]
      [Ext Root Scanning (ms): Min: 0.0, Avg: 0.1, Max: 0.3, Diff: 0.3, Sum: 0.8]
      [Update RS (ms): Min: 14.5, Avg: 14.8, Max: 15.8, Diff: 1.4, Sum: 118.4]
         [Processed Buffers: Min: 9, Avg: 10.5, Max: 13, Diff: 4, Sum: 84]
      [Scan RS (ms): Min: 16.4, Avg: 17.5, Max: 17.8, Diff: 1.5, Sum: 139.8]
      [Code Root Scanning (ms): Min: 0.0, Avg: 0.0, Max: 0.0, Diff: 0.0, Sum: 0.0]
      [Object Copy (ms): Min: 145.6, Avg: 145.7, Max: 145.7, Diff: 0.2, Sum: 1165.3]
      [Termination (ms): Min: 0.0, Avg: 0.1, Max: 0.1, Diff: 0.1, Sum: 0.6]
         [Termination Attempts: Min: 1, Avg: 234.8, Max: 302, Diff: 301, Sum: 1878]
      [GC Worker Other (ms): Min: 0.0, Avg: 0.1, Max: 0.1, Diff: 0.1, Sum: 0.6]
      [GC Worker Total (ms): Min: 178.0, Avg: 178.2, Max: 178.4, Diff: 0.4, Sum: 1425.5]
      [GC Worker End (ms): Min: 61355.5, Avg: 61355.5, Max: 61355.6, Diff: 0.1]
   [Code Root Fixup: 0.0 ms]
   [Code Root Purge: 0.0 ms]
   [Clear CT: 0.4 ms]
   [Other: 1.3 ms]
      [Choose CSet: 0.0 ms]
      [Ref Proc: 0.3 ms]
      [Ref Enq: 0.0 ms]
      [Redirty Cards: 0.4 ms]
      [Humongous Register: 0.1 ms]
      [Humongous Reclaim: 0.0 ms]
      [Free CSet: 0.3 ms]
   [Eden: 157.0M(157.0M)->0.0B(156.0M) Survivors: 23.0M->23.0M Heap: 767.7M(2048.0M)->770.2M(2048.0M)]
 [Times: user=1.38 sys=0.00, real=0.18 secs] 
2020-09-29T12:06:10.624+0200: 61.513: [GC pause (G1 Evacuation Pause) (young), 0.2123177 secs]
   [Parallel Time: 210.8 ms, GC Workers: 8]
      [GC Worker Start (ms): Min: 61513.5, Avg: 61517.2, Max: 61542.2, Diff: 28.7]
      [Ext Root Scanning (ms): Min: 0.0, Avg: 0.1, Max: 0.3, Diff: 0.3, Sum: 1.0]
      [Update RS (ms): Min: 0.0, Avg: 15.6, Max: 18.2, Diff: 18.2, Sum: 124.4]
         [Processed Buffers: Min: 0, Avg: 10.0, Max: 13, Diff: 13, Sum: 80]
      [Scan RS (ms): Min: 6.8, Avg: 16.2, Max: 18.2, Diff: 11.4, Sum: 129.6]
      [Code Root Scanning (ms): Min: 0.0, Avg: 0.0, Max: 0.0, Diff: 0.0, Sum: 0.0]
      [Object Copy (ms): Min: 174.7, Avg: 174.9, Max: 174.9, Diff: 0.2, Sum: 1398.9]
      [Termination (ms): Min: 0.0, Avg: 0.1, Max: 0.2, Diff: 0.2, Sum: 1.0]
         [Termination Attempts: Min: 1, Avg: 446.4, Max: 556, Diff: 555, Sum: 3571]
      [GC Worker Other (ms): Min: 0.0, Avg: 0.1, Max: 0.1, Diff: 0.1, Sum: 0.5]
      [GC Worker Total (ms): Min: 181.9, Avg: 206.9, Max: 210.7, Diff: 28.8, Sum: 1655.4]
      [GC Worker End (ms): Min: 61724.0, Avg: 61724.1, Max: 61724.2, Diff: 0.1]
   [Code Root Fixup: 0.0 ms]
   [Code Root Purge: 0.0 ms]
   [Clear CT: 0.3 ms]
   [Other: 1.2 ms]
      [Choose CSet: 0.0 ms]
      [Ref Proc: 0.3 ms]
      [Ref Enq: 0.0 ms]
      [Redirty Cards: 0.4 ms]
      [Humongous Register: 0.1 ms]
      [Humongous Reclaim: 0.0 ms]
      [Free CSet: 0.3 ms]
   [Eden: 156.0M(156.0M)->0.0B(139.0M) Survivors: 23.0M->23.0M Heap: 951.0M(2048.0M)->953.0M(2048.0M)]
 [Times: user=1.70 sys=0.00, real=0.21 secs] 
2020-09-29T12:06:10.843+0200: 61.732: [GC pause (G1 Humongous Allocation) (young) (initial-mark), 0.0684133 secs]
   [Parallel Time: 66.9 ms, GC Workers: 8]
      [GC Worker Start (ms): Min: 61732.2, Avg: 61732.3, Max: 61732.4, Diff: 0.1]
      [Ext Root Scanning (ms): Min: 0.1, Avg: 0.2, Max: 0.2, Diff: 0.1, Sum: 1.2]
      [Update RS (ms): Min: 39.1, Avg: 39.8, Max: 40.2, Diff: 1.1, Sum: 318.3]
         [Processed Buffers: Min: 24, Avg: 25.6, Max: 27, Diff: 3, Sum: 205]
      [Scan RS (ms): Min: 1.1, Avg: 1.6, Max: 2.3, Diff: 1.2, Sum: 12.5]
      [Code Root Scanning (ms): Min: 0.0, Avg: 0.0, Max: 0.0, Diff: 0.0, Sum: 0.0]
      [Object Copy (ms): Min: 24.8, Avg: 25.0, Max: 25.1, Diff: 0.3, Sum: 199.7]
      [Termination (ms): Min: 0.0, Avg: 0.2, Max: 0.2, Diff: 0.2, Sum: 1.2]
         [Termination Attempts: Min: 1, Avg: 533.9, Max: 631, Diff: 630, Sum: 4271]
      [GC Worker Other (ms): Min: 0.0, Avg: 0.0, Max: 0.1, Diff: 0.1, Sum: 0.3]
      [GC Worker Total (ms): Min: 66.6, Avg: 66.7, Max: 66.7, Diff: 0.1, Sum: 533.3]
      [GC Worker End (ms): Min: 61798.9, Avg: 61798.9, Max: 61799.0, Diff: 0.1]
   [Code Root Fixup: 0.0 ms]
   [Code Root Purge: 0.0 ms]
   [Clear CT: 0.4 ms]
   [Other: 1.0 ms]
      [Choose CSet: 0.0 ms]
      [Ref Proc: 0.2 ms]
      [Ref Enq: 0.0 ms]
      [Redirty Cards: 0.3 ms]
      [Humongous Register: 0.1 ms]
      [Humongous Reclaim: 0.0 ms]
      [Free CSet: 0.1 ms]
   [Eden: 3072.0K(139.0M)->0.0B(156.0M) Survivors: 23.0M->4096.0K Heap: 955.5M(2048.0M)->959.0M(2048.0M)]
 [Times: user=0.50 sys=0.02, real=0.07 secs] 
2020-09-29T12:06:10.911+0200: 61.801: [GC concurrent-root-region-scan-start]
2020-09-29T12:06:10.913+0200: 61.802: [GC concurrent-root-region-scan-end, 0.0017641 secs]
2020-09-29T12:06:10.913+0200: 61.802: [GC concurrent-mark-start]
2020-09-29T12:06:10.918+0200: 61.807: [GC concurrent-mark-end, 0.0048990 secs]
2020-09-29T12:06:10.919+0200: 61.808: [GC remark 2020-09-29T12:06:10.919+0200: 61.808: [Finalize Marking, 0.0014999 secs] 2020-09-29T12:06:10.920+0200: 61.809: [GC ref-proc, 0.0009122 secs] 2020-09-29T12:06:10.921+0200: 61.810: [Unloading, 0.0016534 secs], 0.0060583 secs]
 [Times: user=0.00 sys=0.00, real=0.01 secs] 
2020-09-29T12:06:10.925+0200: 61.815: [GC cleanup 967M->21M(2048M), 0.0026599 secs]
 [Times: user=0.02 sys=0.00, real=0.00 secs] 
2020-09-29T12:06:10.928+0200: 61.817: [GC concurrent-cleanup-start]
2020-09-29T12:06:10.930+0200: 61.820: [GC concurrent-cleanup-end, 0.0022663 secs]
2020-09-29T12:06:11.071+0200: 61.960: [GC pause (G1 Evacuation Pause) (young), 0.1675842 secs]
   [Parallel Time: 165.7 ms, GC Workers: 8]
      [GC Worker Start (ms): Min: 61960.1, Avg: 61961.6, Max: 61965.7, Diff: 5.6]
      [Ext Root Scanning (ms): Min: 0.0, Avg: 0.1, Max: 0.2, Diff: 0.2, Sum: 1.0]
      [Update RS (ms): Min: 18.2, Avg: 22.4, Max: 24.7, Diff: 6.5, Sum: 179.5]
         [Processed Buffers: Min: 10, Avg: 13.4, Max: 15, Diff: 5, Sum: 107]
      [Scan RS (ms): Min: 10.2, Avg: 11.2, Max: 11.5, Diff: 1.2, Sum: 89.5]
      [Code Root Scanning (ms): Min: 0.0, Avg: 0.0, Max: 0.0, Diff: 0.0, Sum: 0.0]
      [Object Copy (ms): Min: 130.0, Avg: 130.2, Max: 130.2, Diff: 0.2, Sum: 1041.2]
      [Termination (ms): Min: 0.0, Avg: 0.1, Max: 0.1, Diff: 0.1, Sum: 0.6]
         [Termination Attempts: Min: 1, Avg: 264.4, Max: 334, Diff: 333, Sum: 2115]
      [GC Worker Other (ms): Min: 0.0, Avg: 0.1, Max: 0.1, Diff: 0.1, Sum: 0.5]
      [GC Worker Total (ms): Min: 159.9, Avg: 164.0, Max: 165.5, Diff: 5.6, Sum: 1312.3]
      [GC Worker End (ms): Min: 62125.6, Avg: 62125.6, Max: 62125.7, Diff: 0.1]
   [Code Root Fixup: 0.0 ms]
   [Code Root Purge: 0.0 ms]
   [Clear CT: 0.3 ms]
   [Other: 1.6 ms]
      [Choose CSet: 0.0 ms]
      [Ref Proc: 0.4 ms]
      [Ref Enq: 0.0 ms]
      [Redirty Cards: 0.6 ms]
      [Humongous Register: 0.0 ms]
      [Humongous Reclaim: 0.0 ms]
      [Free CSet: 0.1 ms]
   [Eden: 156.0M(156.0M)->0.0B(145.0M) Survivors: 4096.0K->20.0M Heap: 195.2M(2048.0M)->192.7M(2048.0M)]
 [Times: user=1.19 sys=0.01, real=0.17 secs] 
2020-09-29T12:06:11.383+0200: 62.272: [GC pause (G1 Evacuation Pause) (young), 0.1690906 secs]
   [Parallel Time: 167.6 ms, GC Workers: 8]
      [GC Worker Start (ms): Min: 62272.2, Avg: 62272.3, Max: 62272.4, Diff: 0.2]
      [Ext Root Scanning (ms): Min: 0.0, Avg: 0.1, Max: 0.3, Diff: 0.2, Sum: 0.9]
      [Update RS (ms): Min: 16.1, Avg: 16.2, Max: 16.4, Diff: 0.3, Sum: 129.5]
         [Processed Buffers: Min: 10, Avg: 11.1, Max: 12, Diff: 2, Sum: 89]
      [Scan RS (ms): Min: 14.0, Avg: 14.2, Max: 14.3, Diff: 0.3, Sum: 113.5]
      [Code Root Scanning (ms): Min: 0.0, Avg: 0.0, Max: 0.0, Diff: 0.0, Sum: 0.0]
      [Object Copy (ms): Min: 136.4, Avg: 136.5, Max: 136.6, Diff: 0.2, Sum: 1092.2]
      [Termination (ms): Min: 0.0, Avg: 0.1, Max: 0.1, Diff: 0.1, Sum: 0.9]
         [Termination Attempts: Min: 1, Avg: 393.3, Max: 482, Diff: 481, Sum: 3146]
      [GC Worker Other (ms): Min: 0.0, Avg: 0.0, Max: 0.1, Diff: 0.1, Sum: 0.4]
      [GC Worker Total (ms): Min: 167.1, Avg: 167.2, Max: 167.3, Diff: 0.2, Sum: 1337.4]
      [GC Worker End (ms): Min: 62439.5, Avg: 62439.5, Max: 62439.5, Diff: 0.0]
   [Code Root Fixup: 0.0 ms]
   [Code Root Purge: 0.0 ms]
   [Clear CT: 0.3 ms]
   [Other: 1.2 ms]
      [Choose CSet: 0.0 ms]
      [Ref Proc: 0.2 ms]
      [Ref Enq: 0.0 ms]
      [Redirty Cards: 0.4 ms]
      [Humongous Register: 0.1 ms]
      [Humongous Reclaim: 0.0 ms]
      [Free CSet: 0.2 ms]
   [Eden: 145.0M(145.0M)->0.0B(147.0M) Survivors: 20.0M->21.0M Heap: 362.5M(2048.0M)->364.5M(2048.0M)]
 [Times: user=1.28 sys=0.00, real=0.17 secs] 
2020-09-29T12:06:11.689+0200: 62.578: [GC pause (G1 Evacuation Pause) (young), 0.0810226 secs]
   [Parallel Time: 79.9 ms, GC Workers: 8]
      [GC Worker Start (ms): Min: 62578.4, Avg: 62578.5, Max: 62578.6, Diff: 0.2]
      [Ext Root Scanning (ms): Min: 0.0, Avg: 0.1, Max: 0.2, Diff: 0.2, Sum: 0.5]
      [Update RS (ms): Min: 10.4, Avg: 10.5, Max: 10.7, Diff: 0.2, Sum: 84.0]
         [Processed Buffers: Min: 12, Avg: 13.3, Max: 17, Diff: 5, Sum: 106]
      [Scan RS (ms): Min: 6.3, Avg: 6.4, Max: 6.4, Diff: 0.2, Sum: 51.0]
      [Code Root Scanning (ms): Min: 0.0, Avg: 0.0, Max: 0.0, Diff: 0.0, Sum: 0.0]
      [Object Copy (ms): Min: 62.6, Avg: 62.7, Max: 62.7, Diff: 0.1, Sum: 501.4]
      [Termination (ms): Min: 0.0, Avg: 0.0, Max: 0.0, Diff: 0.0, Sum: 0.3]
         [Termination Attempts: Min: 1, Avg: 231.1, Max: 301, Diff: 300, Sum: 1849]
      [GC Worker Other (ms): Min: 0.0, Avg: 0.0, Max: 0.1, Diff: 0.0, Sum: 0.2]
      [GC Worker Total (ms): Min: 79.6, Avg: 79.7, Max: 79.8, Diff: 0.2, Sum: 637.3]
      [GC Worker End (ms): Min: 62658.2, Avg: 62658.2, Max: 62658.2, Diff: 0.0]
   [Code Root Fixup: 0.0 ms]
   [Code Root Purge: 0.0 ms]
   [Clear CT: 0.2 ms]
   [Other: 0.9 ms]
      [Choose CSet: 0.0 ms]
      [Ref Proc: 0.2 ms]
      [Ref Enq: 0.0 ms]
      [Redirty Cards: 0.3 ms]
      [Humongous Register: 0.0 ms]
      [Humongous Reclaim: 0.0 ms]
      [Free CSet: 0.2 ms]
   [Eden: 147.0M(147.0M)->0.0B(167.0M) Survivors: 21.0M->21.0M Heap: 536.3M(2048.0M)->538.3M(2048.0M)]
 [Times: user=0.64 sys=0.00, real=0.08 secs] 
2020-09-29T12:06:11.852+0200: 62.741: [GC pause (G1 Evacuation Pause) (young), 0.0926156 secs]
   [Parallel Time: 91.5 ms, GC Workers: 8]
      [GC Worker Start (ms): Min: 62741.0, Avg: 62741.1, Max: 62741.2, Diff: 0.2]
      [Ext Root Scanning (ms): Min: 0.0, Avg: 0.1, Max: 0.2, Diff: 0.2, Sum: 0.5]
      [Update RS (ms): Min: 11.2, Avg: 11.4, Max: 11.6, Diff: 0.4, Sum: 91.3]
         [Processed Buffers: Min: 13, Avg: 14.0, Max: 16, Diff: 3, Sum: 112]
      [Scan RS (ms): Min: 6.9, Avg: 7.1, Max: 7.3, Diff: 0.4, Sum: 56.6]
      [Code Root Scanning (ms): Min: 0.0, Avg: 0.0, Max: 0.0, Diff: 0.0, Sum: 0.0]
      [Object Copy (ms): Min: 72.6, Avg: 72.6, Max: 72.6, Diff: 0.1, Sum: 581.0]
      [Termination (ms): Min: 0.0, Avg: 0.0, Max: 0.0, Diff: 0.0, Sum: 0.2]
         [Termination Attempts: Min: 1, Avg: 134.9, Max: 179, Diff: 178, Sum: 1079]
      [GC Worker Other (ms): Min: 0.0, Avg: 0.0, Max: 0.1, Diff: 0.0, Sum: 0.3]
      [GC Worker Total (ms): Min: 91.2, Avg: 91.2, Max: 91.3, Diff: 0.1, Sum: 729.9]
      [GC Worker End (ms): Min: 62832.3, Avg: 62832.3, Max: 62832.4, Diff: 0.0]
   [Code Root Fixup: 0.0 ms]
   [Code Root Purge: 0.0 ms]
   [Clear CT: 0.3 ms]
   [Other: 0.8 ms]
      [Choose CSet: 0.0 ms]
      [Ref Proc: 0.2 ms]
      [Ref Enq: 0.0 ms]
      [Redirty Cards: 0.2 ms]
      [Humongous Register: 0.0 ms]
      [Humongous Reclaim: 0.0 ms]
      [Free CSet: 0.2 ms]
   [Eden: 167.0M(167.0M)->0.0B(195.0M) Survivors: 21.0M->24.0M Heap: 732.0M(2048.0M)->734.0M(2048.0M)]
 [Times: user=0.75 sys=0.00, real=0.09 secs] 
2020-09-29T12:06:12.045+0200: 62.935: [GC pause (G1 Evacuation Pause) (young), 0.1079956 secs]
   [Parallel Time: 106.9 ms, GC Workers: 8]
      [GC Worker Start (ms): Min: 62934.8, Avg: 62934.8, Max: 62934.9, Diff: 0.1]
      [Ext Root Scanning (ms): Min: 0.0, Avg: 0.1, Max: 0.1, Diff: 0.1, Sum: 0.6]
      [Update RS (ms): Min: 12.0, Avg: 12.3, Max: 12.6, Diff: 0.6, Sum: 98.4]
         [Processed Buffers: Min: 14, Avg: 15.1, Max: 16, Diff: 2, Sum: 121]
      [Scan RS (ms): Min: 7.8, Avg: 8.2, Max: 8.4, Diff: 0.7, Sum: 65.2]
      [Code Root Scanning (ms): Min: 0.0, Avg: 0.0, Max: 0.0, Diff: 0.0, Sum: 0.0]
      [Object Copy (ms): Min: 86.0, Avg: 86.1, Max: 86.2, Diff: 0.1, Sum: 688.6]
      [Termination (ms): Min: 0.0, Avg: 0.1, Max: 0.1, Diff: 0.1, Sum: 0.6]
         [Termination Attempts: Min: 1, Avg: 574.0, Max: 727, Diff: 726, Sum: 4592]
      [GC Worker Other (ms): Min: 0.0, Avg: 0.0, Max: 0.1, Diff: 0.1, Sum: 0.3]
      [GC Worker Total (ms): Min: 106.7, Avg: 106.7, Max: 106.8, Diff: 0.1, Sum: 853.8]
      [GC Worker End (ms): Min: 63041.5, Avg: 63041.6, Max: 63041.6, Diff: 0.1]
   [Code Root Fixup: 0.0 ms]
   [Code Root Purge: 0.0 ms]
   [Clear CT: 0.2 ms]
   [Other: 0.9 ms]
      [Choose CSet: 0.0 ms]
      [Ref Proc: 0.2 ms]
      [Ref Enq: 0.0 ms]
      [Redirty Cards: 0.2 ms]
      [Humongous Register: 0.1 ms]
      [Humongous Reclaim: 0.0 ms]
      [Free CSet: 0.3 ms]
   [Eden: 195.0M(195.0M)->0.0B(218.0M) Survivors: 24.0M->28.0M Heap: 961.4M(2048.0M)->963.4M(2048.0M)]
 [Times: user=0.86 sys=0.00, real=0.11 secs] 
2020-09-29T12:06:12.161+0200: 63.051: [GC pause (G1 Humongous Allocation) (young) (initial-mark), 0.0467724 secs]
   [Parallel Time: 45.9 ms, GC Workers: 8]
      [GC Worker Start (ms): Min: 63050.8, Avg: 63050.8, Max: 63050.9, Diff: 0.1]
      [Ext Root Scanning (ms): Min: 0.0, Avg: 2.8, Max: 21.8, Diff: 21.8, Sum: 22.7]
      [Update RS (ms): Min: 2.2, Avg: 22.1, Max: 32.3, Diff: 30.0, Sum: 176.7]
         [Processed Buffers: Min: 4, Avg: 26.0, Max: 31, Diff: 27, Sum: 208]
      [Scan RS (ms): Min: 0.0, Avg: 1.7, Max: 2.1, Diff: 2.1, Sum: 13.7]
      [Code Root Scanning (ms): Min: 0.0, Avg: 0.0, Max: 0.0, Diff: 0.0, Sum: 0.0]
      [Object Copy (ms): Min: 13.2, Avg: 19.0, Max: 19.9, Diff: 6.7, Sum: 151.8]
      [Termination (ms): Min: 0.0, Avg: 0.1, Max: 0.1, Diff: 0.1, Sum: 0.5]
         [Termination Attempts: Min: 1, Avg: 237.6, Max: 346, Diff: 345, Sum: 1901]
      [GC Worker Other (ms): Min: 0.0, Avg: 0.0, Max: 0.0, Diff: 0.0, Sum: 0.1]
      [GC Worker Total (ms): Min: 45.6, Avg: 45.7, Max: 45.7, Diff: 0.1, Sum: 365.6]
      [GC Worker End (ms): Min: 63096.5, Avg: 63096.5, Max: 63096.5, Diff: 0.0]
   [Code Root Fixup: 0.0 ms]
   [Code Root Purge: 0.0 ms]
   [Clear CT: 0.2 ms]
   [Other: 0.7 ms]
      [Choose CSet: 0.0 ms]
      [Ref Proc: 0.2 ms]
      [Ref Enq: 0.0 ms]
      [Redirty Cards: 0.2 ms]
      [Humongous Register: 0.1 ms]
      [Humongous Reclaim: 0.0 ms]
      [Free CSet: 0.1 ms]
   [Eden: 3072.0K(218.0M)->0.0B(246.0M) Survivors: 28.0M->5120.0K Heap: 966.4M(2048.0M)->969.4M(2048.0M)]
 [Times: user=0.33 sys=0.00, real=0.05 secs] 
2020-09-29T12:06:12.208+0200: 63.098: [GC concurrent-root-region-scan-start]
2020-09-29T12:06:12.210+0200: 63.099: [GC concurrent-root-region-scan-end, 0.0011885 secs]
2020-09-29T12:06:12.210+0200: 63.099: [GC concurrent-mark-start]
2020-09-29T12:06:12.213+0200: 63.102: [GC concurrent-mark-end, 0.0029421 secs]
2020-09-29T12:06:12.213+0200: 63.102: [GC remark 2020-09-29T12:06:12.213+0200: 63.102: [Finalize Marking, 0.0001400 secs] 2020-09-29T12:06:12.213+0200: 63.102: [GC ref-proc, 0.0002919 secs] 2020-09-29T12:06:12.213+0200: 63.103: [Unloading, 0.0005338 secs], 0.0013908 secs]
 [Times: user=0.00 sys=0.00, real=0.00 secs] 
2020-09-29T12:06:12.215+0200: 63.104: [GC cleanup 979M->23M(2048M), 0.0012427 secs]
 [Times: user=0.00 sys=0.00, real=0.00 secs] 
2020-09-29T12:06:12.216+0200: 63.105: [GC concurrent-cleanup-start]
2020-09-29T12:06:12.217+0200: 63.106: [GC concurrent-cleanup-end, 0.0011287 secs]
2020-09-29T12:06:12.337+0200: 63.226: [GC pause (G1 Evacuation Pause) (young), 0.1245888 secs]
   [Parallel Time: 123.2 ms, GC Workers: 8]
      [GC Worker Start (ms): Min: 63226.3, Avg: 63226.4, Max: 63226.5, Diff: 0.2]
      [Ext Root Scanning (ms): Min: 0.0, Avg: 0.1, Max: 0.2, Diff: 0.2, Sum: 0.5]
      [Update RS (ms): Min: 11.6, Avg: 11.8, Max: 12.1, Diff: 0.4, Sum: 94.4]
         [Processed Buffers: Min: 13, Avg: 13.8, Max: 15, Diff: 2, Sum: 110]
      [Scan RS (ms): Min: 13.0, Avg: 13.2, Max: 13.3, Diff: 0.3, Sum: 105.7]
      [Code Root Scanning (ms): Min: 0.0, Avg: 0.0, Max: 0.0, Diff: 0.0, Sum: 0.0]
      [Object Copy (ms): Min: 97.7, Avg: 97.9, Max: 98.0, Diff: 0.3, Sum: 782.9]
      [Termination (ms): Min: 0.0, Avg: 0.1, Max: 0.1, Diff: 0.1, Sum: 0.8]
         [Termination Attempts: Min: 1, Avg: 747.0, Max: 907, Diff: 906, Sum: 5976]
      [GC Worker Other (ms): Min: 0.0, Avg: 0.0, Max: 0.1, Diff: 0.1, Sum: 0.3]
      [GC Worker Total (ms): Min: 123.0, Avg: 123.1, Max: 123.2, Diff: 0.2, Sum: 984.7]
      [GC Worker End (ms): Min: 63349.5, Avg: 63349.5, Max: 63349.5, Diff: 0.1]
   [Code Root Fixup: 0.0 ms]
   [Code Root Purge: 0.0 ms]
   [Clear CT: 0.3 ms]
   [Other: 1.0 ms]
      [Choose CSet: 0.0 ms]
      [Ref Proc: 0.2 ms]
      [Ref Enq: 0.0 ms]
      [Redirty Cards: 0.4 ms]
      [Humongous Register: 0.0 ms]
      [Humongous Reclaim: 0.0 ms]
      [Free CSet: 0.1 ms]
   [Eden: 246.0M(246.0M)->0.0B(242.0M) Survivors: 5120.0K->32.0M Heap: 301.5M(2048.0M)->299.0M(2048.0M)]
 [Times: user=1.00 sys=0.00, real=0.13 secs] 
2020-09-29T12:06:12.584+0200: 63.473: [GC pause (G1 Evacuation Pause) (young), 0.1318337 secs]
   [Parallel Time: 130.8 ms, GC Workers: 8]
      [GC Worker Start (ms): Min: 63472.8, Avg: 63472.9, Max: 63473.0, Diff: 0.2]
      [Ext Root Scanning (ms): Min: 0.0, Avg: 0.1, Max: 0.1, Diff: 0.1, Sum: 0.6]
      [Update RS (ms): Min: 13.4, Avg: 13.7, Max: 14.1, Diff: 0.7, Sum: 109.8]
         [Processed Buffers: Min: 15, Avg: 16.4, Max: 18, Diff: 3, Sum: 131]
      [Scan RS (ms): Min: 10.7, Avg: 12.0, Max: 18.3, Diff: 7.6, Sum: 95.8]
      [Code Root Scanning (ms): Min: 0.0, Avg: 0.0, Max: 0.0, Diff: 0.0, Sum: 0.0]
      [Object Copy (ms): Min: 98.5, Avg: 104.8, Max: 105.7, Diff: 7.3, Sum: 838.1]
      [Termination (ms): Min: 0.0, Avg: 0.0, Max: 0.1, Diff: 0.1, Sum: 0.3]
         [Termination Attempts: Min: 1, Avg: 305.0, Max: 382, Diff: 381, Sum: 2440]
      [GC Worker Other (ms): Min: 0.0, Avg: 0.0, Max: 0.1, Diff: 0.1, Sum: 0.3]
      [GC Worker Total (ms): Min: 130.6, Avg: 130.6, Max: 130.7, Diff: 0.1, Sum: 1044.9]
      [GC Worker End (ms): Min: 63603.5, Avg: 63603.5, Max: 63603.6, Diff: 0.1]
   [Code Root Fixup: 0.0 ms]
   [Code Root Purge: 0.0 ms]
   [Clear CT: 0.2 ms]
   [Other: 0.8 ms]
      [Choose CSet: 0.0 ms]
      [Ref Proc: 0.1 ms]
      [Ref Enq: 0.0 ms]
      [Redirty Cards: 0.3 ms]
      [Humongous Register: 0.0 ms]
      [Humongous Reclaim: 0.0 ms]
      [Free CSet: 0.2 ms]
   [Eden: 232.0M(232.0M)->0.0B(265.0M) Survivors: 32.0M->33.0M Heap: 569.1M(2048.0M)->571.1M(2048.0M)]
 [Times: user=0.97 sys=0.00, real=0.13 secs] 
2020-09-29T12:06:12.859+0200: 63.747: [GC pause (G1 Evacuation Pause) (young), 0.1427001 secs]
   [Parallel Time: 141.6 ms, GC Workers: 8]
      [GC Worker Start (ms): Min: 63747.5, Avg: 63747.6, Max: 63747.7, Diff: 0.1]
      [Ext Root Scanning (ms): Min: 0.0, Avg: 0.1, Max: 0.1, Diff: 0.1, Sum: 0.5]
      [Update RS (ms): Min: 12.2, Avg: 12.4, Max: 12.6, Diff: 0.4, Sum: 99.0]
         [Processed Buffers: Min: 14, Avg: 14.6, Max: 16, Diff: 2, Sum: 117]
      [Scan RS (ms): Min: 14.8, Avg: 15.1, Max: 15.3, Diff: 0.5, Sum: 120.6]
      [Code Root Scanning (ms): Min: 0.0, Avg: 0.0, Max: 0.0, Diff: 0.0, Sum: 0.0]
      [Object Copy (ms): Min: 113.7, Avg: 113.8, Max: 113.9, Diff: 0.1, Sum: 910.5]
      [Termination (ms): Min: 0.0, Avg: 0.0, Max: 0.0, Diff: 0.0, Sum: 0.2]
         [Termination Attempts: Min: 1, Avg: 155.9, Max: 199, Diff: 198, Sum: 1247]
      [GC Worker Other (ms): Min: 0.0, Avg: 0.0, Max: 0.1, Diff: 0.1, Sum: 0.4]
      [GC Worker Total (ms): Min: 141.3, Avg: 141.4, Max: 141.5, Diff: 0.2, Sum: 1131.2]
      [GC Worker End (ms): Min: 63889.0, Avg: 63889.0, Max: 63889.0, Diff: 0.1]
   [Code Root Fixup: 0.0 ms]
   [Code Root Purge: 0.0 ms]
   [Clear CT: 0.2 ms]
   [Other: 0.9 ms]
      [Choose CSet: 0.0 ms]
      [Ref Proc: 0.2 ms]
      [Ref Enq: 0.0 ms]
      [Redirty Cards: 0.3 ms]
      [Humongous Register: 0.0 ms]
      [Humongous Reclaim: 0.0 ms]
      [Free CSet: 0.2 ms]
   [Eden: 265.0M(265.0M)->0.0B(271.0M) Survivors: 33.0M->38.0M Heap: 880.0M(2048.0M)->881.5M(2048.0M)]
 [Times: user=1.06 sys=0.00, real=0.14 secs] 
2020-09-29T12:06:13.153+0200: 64.042: [GC pause (G1 Evacuation Pause) (young), 0.1561403 secs]
   [Parallel Time: 155.1 ms, GC Workers: 8]
      [GC Worker Start (ms): Min: 64042.2, Avg: 64042.3, Max: 64042.4, Diff: 0.2]
      [Ext Root Scanning (ms): Min: 0.0, Avg: 0.1, Max: 0.1, Diff: 0.1, Sum: 0.4]
      [Update RS (ms): Min: 18.8, Avg: 19.0, Max: 19.3, Diff: 0.5, Sum: 151.6]
         [Processed Buffers: Min: 18, Avg: 20.1, Max: 23, Diff: 5, Sum: 161]
      [Scan RS (ms): Min: 16.0, Avg: 16.3, Max: 16.4, Diff: 0.5, Sum: 130.1]
      [Code Root Scanning (ms): Min: 0.0, Avg: 0.0, Max: 0.0, Diff: 0.0, Sum: 0.0]
      [Object Copy (ms): Min: 119.5, Avg: 119.6, Max: 119.7, Diff: 0.2, Sum: 956.5]
      [Termination (ms): Min: 0.0, Avg: 0.0, Max: 0.0, Diff: 0.0, Sum: 0.2]
         [Termination Attempts: Min: 1, Avg: 185.3, Max: 241, Diff: 240, Sum: 1482]
      [GC Worker Other (ms): Min: 0.0, Avg: 0.0, Max: 0.1, Diff: 0.1, Sum: 0.3]
      [GC Worker Total (ms): Min: 154.8, Avg: 154.9, Max: 155.0, Diff: 0.2, Sum: 1239.3]
      [GC Worker End (ms): Min: 64197.2, Avg: 64197.2, Max: 64197.2, Diff: 0.1]
   [Code Root Fixup: 0.0 ms]
   [Code Root Purge: 0.0 ms]
   [Clear CT: 0.2 ms]
   [Other: 0.8 ms]
      [Choose CSet: 0.0 ms]
      [Ref Proc: 0.2 ms]
      [Ref Enq: 0.0 ms]
      [Redirty Cards: 0.2 ms]
      [Humongous Register: 0.0 ms]
      [Humongous Reclaim: 0.0 ms]
      [Free CSet: 0.2 ms]
   [Eden: 271.0M(271.0M)->0.0B(277.0M) Survivors: 38.0M->39.0M Heap: 1198.3M(2048.0M)->1200.3M(2048.0M)]
 [Times: user=1.25 sys=0.00, real=0.16 secs] 
2020-09-29T12:06:13.319+0200: 64.208: [GC pause (G1 Humongous Allocation) (young) (initial-mark), 0.0554711 secs]
   [Parallel Time: 54.7 ms, GC Workers: 8]
      [GC Worker Start (ms): Min: 64208.3, Avg: 64208.3, Max: 64208.4, Diff: 0.1]
      [Ext Root Scanning (ms): Min: 0.0, Avg: 0.1, Max: 0.1, Diff: 0.1, Sum: 0.6]
      [Update RS (ms): Min: 28.5, Avg: 28.7, Max: 29.2, Diff: 0.7, Sum: 229.5]
         [Processed Buffers: Min: 35, Avg: 36.4, Max: 38, Diff: 3, Sum: 291]
      [Scan RS (ms): Min: 1.9, Avg: 2.5, Max: 2.7, Diff: 0.8, Sum: 19.8]
      [Code Root Scanning (ms): Min: 0.0, Avg: 0.0, Max: 0.0, Diff: 0.0, Sum: 0.0]
      [Object Copy (ms): Min: 23.3, Avg: 23.4, Max: 23.4, Diff: 0.1, Sum: 187.0]
      [Termination (ms): Min: 0.0, Avg: 0.0, Max: 0.0, Diff: 0.0, Sum: 0.1]
         [Termination Attempts: Min: 1, Avg: 57.6, Max: 78, Diff: 77, Sum: 461]
      [GC Worker Other (ms): Min: 0.0, Avg: 0.0, Max: 0.0, Diff: 0.0, Sum: 0.1]
      [GC Worker Total (ms): Min: 54.6, Avg: 54.6, Max: 54.7, Diff: 0.1, Sum: 437.1]
      [GC Worker End (ms): Min: 64263.0, Avg: 64263.0, Max: 64263.0, Diff: 0.0]
   [Code Root Fixup: 0.0 ms]
   [Code Root Purge: 0.0 ms]
   [Clear CT: 0.2 ms]
   [Other: 0.5 ms]
      [Choose CSet: 0.0 ms]
      [Ref Proc: 0.1 ms]
      [Ref Enq: 0.0 ms]
      [Redirty Cards: 0.1 ms]
      [Humongous Register: 0.0 ms]
      [Humongous Reclaim: 0.0 ms]
      [Free CSet: 0.1 ms]
   [Eden: 5120.0K(277.0M)->0.0B(303.0M) Survivors: 39.0M->7168.0K Heap: 1205.3M(2048.0M)->1209.8M(2048.0M)]
 [Times: user=0.38 sys=0.00, real=0.06 secs] 
2020-09-29T12:06:13.375+0200: 64.264: [GC concurrent-root-region-scan-start]
2020-09-29T12:06:13.376+0200: 64.265: [GC concurrent-root-region-scan-end, 0.0011218 secs]
2020-09-29T12:06:13.376+0200: 64.265: [GC concurrent-mark-start]
2020-09-29T12:06:13.379+0200: 64.267: [GC concurrent-mark-end, 0.0025403 secs]
2020-09-29T12:06:13.379+0200: 64.268: [GC remark 2020-09-29T12:06:13.379+0200: 64.268: [Finalize Marking, 0.0001971 secs] 2020-09-29T12:06:13.379+0200: 64.268: [GC ref-proc, 0.0002774 secs] 2020-09-29T12:06:13.380+0200: 64.268: [Unloading, 0.0004189 secs], 0.0011887 secs]
 [Times: user=0.02 sys=0.00, real=0.00 secs] 
2020-09-29T12:06:13.381+0200: 64.269: [GC cleanup 1218M->24M(2048M), 0.0013426 secs]
 [Times: user=0.00 sys=0.00, real=0.00 secs] 
2020-09-29T12:06:13.382+0200: 64.271: [GC concurrent-cleanup-start]
2020-09-29T12:06:13.384+0200: 64.273: [GC concurrent-cleanup-end, 0.0018624 secs]
2020-09-29T12:06:13.534+0200: 64.423: [GC pause (G1 Evacuation Pause) (young), 0.1470095 secs]
   [Parallel Time: 145.9 ms, GC Workers: 8]
      [GC Worker Start (ms): Min: 64423.0, Avg: 64423.1, Max: 64423.1, Diff: 0.2]
      [Ext Root Scanning (ms): Min: 0.0, Avg: 0.1, Max: 0.2, Diff: 0.2, Sum: 0.5]
      [Update RS (ms): Min: 12.2, Avg: 12.4, Max: 12.6, Diff: 0.4, Sum: 99.0]
         [Processed Buffers: Min: 14, Avg: 15.5, Max: 18, Diff: 4, Sum: 124]
      [Scan RS (ms): Min: 15.0, Avg: 15.3, Max: 15.5, Diff: 0.5, Sum: 122.1]
      [Code Root Scanning (ms): Min: 0.0, Avg: 0.0, Max: 0.0, Diff: 0.0, Sum: 0.0]
      [Object Copy (ms): Min: 117.8, Avg: 117.9, Max: 117.9, Diff: 0.2, Sum: 942.9]
      [Termination (ms): Min: 0.0, Avg: 0.1, Max: 0.1, Diff: 0.1, Sum: 0.6]
         [Termination Attempts: Min: 1, Avg: 491.5, Max: 593, Diff: 592, Sum: 3932]
      [GC Worker Other (ms): Min: 0.0, Avg: 0.0, Max: 0.1, Diff: 0.1, Sum: 0.4]
      [GC Worker Total (ms): Min: 145.6, Avg: 145.7, Max: 145.8, Diff: 0.2, Sum: 1165.5]
      [GC Worker End (ms): Min: 64568.7, Avg: 64568.7, Max: 64568.8, Diff: 0.1]
   [Code Root Fixup: 0.0 ms]
   [Code Root Purge: 0.0 ms]
   [Clear CT: 0.1 ms]
   [Other: 1.0 ms]
      [Choose CSet: 0.0 ms]
      [Ref Proc: 0.2 ms]
      [Ref Enq: 0.0 ms]
      [Redirty Cards: 0.2 ms]
      [Humongous Register: 0.0 ms]
      [Humongous Reclaim: 0.0 ms]
      [Free CSet: 0.3 ms]
   [Eden: 303.0M(303.0M)->0.0B(289.0M) Survivors: 7168.0K->39.0M Heap: 370.5M(2048.0M)->365.0M(2048.0M)]
 [Times: user=1.25 sys=0.00, real=0.15 secs] 
2020-09-29T12:06:13.833+0200: 64.722: [GC pause (G1 Evacuation Pause) (young), 0.1619416 secs]
   [Parallel Time: 160.8 ms, GC Workers: 8]
      [GC Worker Start (ms): Min: 64722.1, Avg: 64722.2, Max: 64722.3, Diff: 0.2]
      [Ext Root Scanning (ms): Min: 0.0, Avg: 0.1, Max: 0.2, Diff: 0.2, Sum: 0.5]
      [Update RS (ms): Min: 19.9, Avg: 20.1, Max: 20.3, Diff: 0.5, Sum: 160.7]
         [Processed Buffers: Min: 20, Avg: 21.3, Max: 23, Diff: 3, Sum: 170]
      [Scan RS (ms): Min: 15.4, Avg: 15.6, Max: 15.8, Diff: 0.5, Sum: 125.0]
      [Code Root Scanning (ms): Min: 0.0, Avg: 0.0, Max: 0.0, Diff: 0.0, Sum: 0.0]
      [Object Copy (ms): Min: 124.7, Avg: 124.8, Max: 124.8, Diff: 0.1, Sum: 998.2]
      [Termination (ms): Min: 0.0, Avg: 0.0, Max: 0.0, Diff: 0.0, Sum: 0.2]
         [Termination Attempts: Min: 1, Avg: 143.0, Max: 197, Diff: 196, Sum: 1144]
      [GC Worker Other (ms): Min: 0.0, Avg: 0.0, Max: 0.1, Diff: 0.1, Sum: 0.3]
      [GC Worker Total (ms): Min: 160.5, Avg: 160.6, Max: 160.7, Diff: 0.2, Sum: 1284.9]
      [GC Worker End (ms): Min: 64882.8, Avg: 64882.8, Max: 64882.9, Diff: 0.1]
   [Code Root Fixup: 0.0 ms]
   [Code Root Purge: 0.0 ms]
   [Clear CT: 0.2 ms]
   [Other: 0.9 ms]
      [Choose CSet: 0.0 ms]
      [Ref Proc: 0.2 ms]
      [Ref Enq: 0.0 ms]
      [Redirty Cards: 0.2 ms]
      [Humongous Register: 0.0 ms]
      [Humongous Reclaim: 0.0 ms]
      [Free CSet: 0.2 ms]
   [Eden: 289.0M(289.0M)->0.0B(291.0M) Survivors: 39.0M->41.0M Heap: 701.7M(2048.0M)->703.2M(2048.0M)]
 [Times: user=1.25 sys=0.00, real=0.16 secs] 
2020-09-29T12:06:14.172+0200: 65.060: [GC pause (G1 Evacuation Pause) (young), 0.1605848 secs]
   [Parallel Time: 159.5 ms, GC Workers: 8]
      [GC Worker Start (ms): Min: 65060.5, Avg: 65060.6, Max: 65060.7, Diff: 0.2]
      [Ext Root Scanning (ms): Min: 0.0, Avg: 0.1, Max: 0.2, Diff: 0.2, Sum: 0.4]
      [Update RS (ms): Min: 13.0, Avg: 13.2, Max: 13.8, Diff: 0.9, Sum: 105.3]
         [Processed Buffers: Min: 14, Avg: 16.5, Max: 18, Diff: 4, Sum: 132]
      [Scan RS (ms): Min: 17.2, Avg: 17.4, Max: 18.0, Diff: 0.7, Sum: 139.2]
      [Code Root Scanning (ms): Min: 0.0, Avg: 0.0, Max: 0.0, Diff: 0.0, Sum: 0.0]
      [Object Copy (ms): Min: 127.4, Avg: 128.7, Max: 128.9, Diff: 1.4, Sum: 1029.4]
      [Termination (ms): Min: 0.0, Avg: 0.0, Max: 0.0, Diff: 0.0, Sum: 0.0]
         [Termination Attempts: Min: 1, Avg: 11.9, Max: 27, Diff: 26, Sum: 95]
      [GC Worker Other (ms): Min: 0.0, Avg: 0.0, Max: 0.1, Diff: 0.1, Sum: 0.4]
      [GC Worker Total (ms): Min: 159.3, Avg: 159.3, Max: 159.4, Diff: 0.2, Sum: 1274.7]
      [GC Worker End (ms): Min: 65219.9, Avg: 65220.0, Max: 65220.0, Diff: 0.1]
   [Code Root Fixup: 0.0 ms]
   [Code Root Purge: 0.0 ms]
   [Clear CT: 0.2 ms]
   [Other: 0.9 ms]
      [Choose CSet: 0.0 ms]
      [Ref Proc: 0.2 ms]
      [Ref Enq: 0.0 ms]
      [Redirty Cards: 0.2 ms]
      [Humongous Register: 0.0 ms]
      [Humongous Reclaim: 0.0 ms]
      [Free CSet: 0.2 ms]
   [Eden: 291.0M(291.0M)->0.0B(296.0M) Survivors: 41.0M->42.0M Heap: 1043.8M(2048.0M)->1045.8M(2048.0M)]
 [Times: user=1.22 sys=0.02, real=0.16 secs] 
2020-09-29T12:06:14.348+0200: 65.237: [GC pause (G1 Humongous Allocation) (young) (initial-mark), 0.0523622 secs]
   [Parallel Time: 51.5 ms, GC Workers: 8]
      [GC Worker Start (ms): Min: 65237.1, Avg: 65237.2, Max: 65237.3, Diff: 0.1]
      [Ext Root Scanning (ms): Min: 0.0, Avg: 0.1, Max: 0.2, Diff: 0.2, Sum: 1.0]
      [Update RS (ms): Min: 26.2, Avg: 26.5, Max: 26.9, Diff: 0.7, Sum: 212.3]
         [Processed Buffers: Min: 30, Avg: 31.8, Max: 35, Diff: 5, Sum: 254]
      [Scan RS (ms): Min: 2.2, Avg: 2.7, Max: 2.9, Diff: 0.7, Sum: 21.2]
      [Code Root Scanning (ms): Min: 0.0, Avg: 0.0, Max: 0.0, Diff: 0.0, Sum: 0.0]
      [Object Copy (ms): Min: 21.9, Avg: 21.9, Max: 22.0, Diff: 0.0, Sum: 175.5]
      [Termination (ms): Min: 0.0, Avg: 0.0, Max: 0.0, Diff: 0.0, Sum: 0.1]
         [Termination Attempts: Min: 1, Avg: 92.9, Max: 115, Diff: 114, Sum: 743]
      [GC Worker Other (ms): Min: 0.0, Avg: 0.0, Max: 0.0, Diff: 0.0, Sum: 0.1]
      [GC Worker Total (ms): Min: 51.2, Avg: 51.3, Max: 51.4, Diff: 0.1, Sum: 410.4]
      [GC Worker End (ms): Min: 65288.5, Avg: 65288.5, Max: 65288.5, Diff: 0.0]
   [Code Root Fixup: 0.0 ms]
   [Code Root Purge: 0.0 ms]
   [Clear CT: 0.2 ms]
   [Other: 0.7 ms]
      [Choose CSet: 0.0 ms]
      [Ref Proc: 0.2 ms]
      [Ref Enq: 0.0 ms]
      [Redirty Cards: 0.1 ms]
      [Humongous Register: 0.1 ms]
      [Humongous Reclaim: 0.0 ms]
      [Free CSet: 0.1 ms]
   [Eden: 10.0M(296.0M)->0.0B(337.0M) Survivors: 42.0M->11.0M Heap: 1055.8M(2048.0M)->1058.3M(2048.0M)]
 [Times: user=0.48 sys=0.00, real=0.05 secs] 
2020-09-29T12:06:14.401+0200: 65.289: [GC concurrent-root-region-scan-start]
2020-09-29T12:06:14.403+0200: 65.292: [GC concurrent-root-region-scan-end, 0.0023879 secs]
2020-09-29T12:06:14.403+0200: 65.292: [GC concurrent-mark-start]
2020-09-29T12:06:14.406+0200: 65.295: [GC concurrent-mark-end, 0.0033884 secs]
2020-09-29T12:06:14.407+0200: 65.295: [GC remark 2020-09-29T12:06:14.407+0200: 65.295: [Finalize Marking, 0.0002153 secs] 2020-09-29T12:06:14.407+0200: 65.296: [GC ref-proc, 0.0002745 secs] 2020-09-29T12:06:14.407+0200: 65.296: [Unloading, 0.0004328 secs], 0.0012659 secs]
 [Times: user=0.00 sys=0.00, real=0.00 secs] 
2020-09-29T12:06:14.408+0200: 65.297: [GC cleanup 1071M->33M(2048M), 0.0013243 secs]
 [Times: user=0.00 sys=0.00, real=0.00 secs] 
2020-09-29T12:06:14.410+0200: 65.298: [GC concurrent-cleanup-start]
2020-09-29T12:06:14.411+0200: 65.300: [GC concurrent-cleanup-end, 0.0017633 secs]
2020-09-29T12:06:14.576+0200: 65.465: [GC pause (G1 Evacuation Pause) (young), 0.1613017 secs]
   [Parallel Time: 160.1 ms, GC Workers: 8]
      [GC Worker Start (ms): Min: 65464.8, Avg: 65464.9, Max: 65464.9, Diff: 0.1]
      [Ext Root Scanning (ms): Min: 0.0, Avg: 0.1, Max: 0.1, Diff: 0.1, Sum: 0.6]
      [Update RS (ms): Min: 12.3, Avg: 12.4, Max: 12.6, Diff: 0.3, Sum: 99.0]
         [Processed Buffers: Min: 14, Avg: 15.5, Max: 17, Diff: 3, Sum: 124]
      [Scan RS (ms): Min: 18.3, Avg: 18.5, Max: 18.6, Diff: 0.4, Sum: 148.0]
      [Code Root Scanning (ms): Min: 0.0, Avg: 0.0, Max: 0.0, Diff: 0.0, Sum: 0.0]
      [Object Copy (ms): Min: 128.8, Avg: 128.9, Max: 128.9, Diff: 0.1, Sum: 1031.2]
      [Termination (ms): Min: 0.0, Avg: 0.0, Max: 0.1, Diff: 0.1, Sum: 0.4]
         [Termination Attempts: Min: 1, Avg: 300.6, Max: 388, Diff: 387, Sum: 2405]
      [GC Worker Other (ms): Min: 0.0, Avg: 0.0, Max: 0.1, Diff: 0.1, Sum: 0.3]
      [GC Worker Total (ms): Min: 159.9, Avg: 159.9, Max: 160.0, Diff: 0.1, Sum: 1279.5]
      [GC Worker End (ms): Min: 65624.8, Avg: 65624.8, Max: 65624.8, Diff: 0.1]
   [Code Root Fixup: 0.0 ms]
   [Code Root Purge: 0.0 ms]
   [Clear CT: 0.3 ms]
   [Other: 0.9 ms]
      [Choose CSet: 0.0 ms]
      [Ref Proc: 0.2 ms]
      [Ref Enq: 0.0 ms]
      [Redirty Cards: 0.3 ms]
      [Humongous Register: 0.0 ms]
      [Humongous Reclaim: 0.0 ms]
      [Free CSet: 0.2 ms]
   [Eden: 337.0M(337.0M)->0.0B(315.0M) Survivors: 11.0M->44.0M Heap: 414.2M(2048.0M)->404.7M(2048.0M)]
 [Times: user=1.25 sys=0.00, real=0.16 secs] 
2020-09-29T12:06:14.904+0200: 65.793: [GC pause (G1 Evacuation Pause) (young), 0.1723731 secs]
   [Parallel Time: 171.1 ms, GC Workers: 8]
      [GC Worker Start (ms): Min: 65793.4, Avg: 65793.4, Max: 65793.5, Diff: 0.2]
      [Ext Root Scanning (ms): Min: 0.0, Avg: 0.1, Max: 0.2, Diff: 0.2, Sum: 0.5]
      [Update RS (ms): Min: 13.7, Avg: 13.9, Max: 14.1, Diff: 0.4, Sum: 111.1]
         [Processed Buffers: Min: 16, Avg: 16.6, Max: 18, Diff: 2, Sum: 133]
      [Scan RS (ms): Min: 19.4, Avg: 19.7, Max: 19.9, Diff: 0.4, Sum: 157.8]
      [Code Root Scanning (ms): Min: 0.0, Avg: 0.0, Max: 0.0, Diff: 0.0, Sum: 0.0]
      [Object Copy (ms): Min: 137.1, Avg: 137.1, Max: 137.2, Diff: 0.1, Sum: 1097.1]
      [Termination (ms): Min: 0.0, Avg: 0.0, Max: 0.0, Diff: 0.0, Sum: 0.1]
         [Termination Attempts: Min: 1, Avg: 115.6, Max: 164, Diff: 163, Sum: 925]
      [GC Worker Other (ms): Min: 0.1, Avg: 0.1, Max: 0.1, Diff: 0.1, Sum: 0.6]
      [GC Worker Total (ms): Min: 170.8, Avg: 170.9, Max: 171.0, Diff: 0.1, Sum: 1367.3]
      [GC Worker End (ms): Min: 65964.3, Avg: 65964.4, Max: 65964.4, Diff: 0.1]
   [Code Root Fixup: 0.0 ms]
   [Code Root Purge: 0.0 ms]
   [Clear CT: 0.2 ms]
   [Other: 1.1 ms]
      [Choose CSet: 0.0 ms]
      [Ref Proc: 0.2 ms]
      [Ref Enq: 0.0 ms]
      [Redirty Cards: 0.3 ms]
      [Humongous Register: 0.0 ms]
      [Humongous Reclaim: 0.0 ms]
      [Free CSet: 0.3 ms]
   [Eden: 315.0M(315.0M)->0.0B(310.0M) Survivors: 44.0M->45.0M Heap: 771.2M(2048.0M)->773.2M(2048.0M)]
 [Times: user=1.38 sys=0.00, real=0.17 secs] 
2020-09-29T12:06:15.249+0200: 66.138: [GC pause (G1 Evacuation Pause) (young), 0.1816803 secs]
   [Parallel Time: 180.5 ms, GC Workers: 8]
      [GC Worker Start (ms): Min: 66138.0, Avg: 66138.1, Max: 66138.2, Diff: 0.2]
      [Ext Root Scanning (ms): Min: 0.0, Avg: 0.1, Max: 0.2, Diff: 0.2, Sum: 0.5]
      [Update RS (ms): Min: 19.6, Avg: 19.7, Max: 19.7, Diff: 0.1, Sum: 157.4]
         [Processed Buffers: Min: 21, Avg: 21.9, Max: 24, Diff: 3, Sum: 175]
      [Scan RS (ms): Min: 20.0, Avg: 20.0, Max: 20.1, Diff: 0.1, Sum: 160.2]
      [Code Root Scanning (ms): Min: 0.0, Avg: 0.0, Max: 0.0, Diff: 0.0, Sum: 0.0]
      [Object Copy (ms): Min: 140.4, Avg: 140.4, Max: 140.5, Diff: 0.1, Sum: 1123.4]
      [Termination (ms): Min: 0.0, Avg: 0.0, Max: 0.0, Diff: 0.0, Sum: 0.1]
         [Termination Attempts: Min: 1, Avg: 125.1, Max: 179, Diff: 178, Sum: 1001]
      [GC Worker Other (ms): Min: 0.0, Avg: 0.1, Max: 0.1, Diff: 0.1, Sum: 0.4]
      [GC Worker Total (ms): Min: 180.2, Avg: 180.3, Max: 180.4, Diff: 0.2, Sum: 1442.1]
      [GC Worker End (ms): Min: 66318.4, Avg: 66318.4, Max: 66318.4, Diff: 0.1]
   [Code Root Fixup: 0.0 ms]
   [Code Root Purge: 0.0 ms]
   [Clear CT: 0.2 ms]
   [Other: 1.0 ms]
      [Choose CSet: 0.0 ms]
      [Ref Proc: 0.2 ms]
      [Ref Enq: 0.0 ms]
      [Redirty Cards: 0.3 ms]
      [Humongous Register: 0.0 ms]
      [Humongous Reclaim: 0.0 ms]
      [Free CSet: 0.4 ms]
   [Eden: 310.0M(310.0M)->0.0B(301.0M) Survivors: 45.0M->45.0M Heap: 1136.6M(2048.0M)->1138.6M(2048.0M)]
 [Times: user=1.44 sys=0.03, real=0.18 secs] 
2020-09-29T12:06:15.441+0200: 66.330: [GC pause (G1 Humongous Allocation) (young) (initial-mark), 0.0649060 secs]
   [Parallel Time: 64.1 ms, GC Workers: 8]
      [GC Worker Start (ms): Min: 66330.0, Avg: 66330.1, Max: 66330.1, Diff: 0.1]
      [Ext Root Scanning (ms): Min: 0.0, Avg: 0.1, Max: 0.2, Diff: 0.1, Sum: 0.6]
      [Update RS (ms): Min: 35.8, Avg: 36.3, Max: 37.9, Diff: 2.1, Sum: 290.7]
         [Processed Buffers: Min: 38, Avg: 45.0, Max: 47, Diff: 9, Sum: 360]
      [Scan RS (ms): Min: 1.2, Avg: 2.8, Max: 3.3, Diff: 2.1, Sum: 22.0]
      [Code Root Scanning (ms): Min: 0.0, Avg: 0.0, Max: 0.0, Diff: 0.0, Sum: 0.0]
      [Object Copy (ms): Min: 24.7, Avg: 24.7, Max: 24.7, Diff: 0.1, Sum: 197.6]
      [Termination (ms): Min: 0.0, Avg: 0.0, Max: 0.0, Diff: 0.0, Sum: 0.2]
         [Termination Attempts: Min: 1, Avg: 146.3, Max: 197, Diff: 196, Sum: 1170]
      [GC Worker Other (ms): Min: 0.0, Avg: 0.0, Max: 0.0, Diff: 0.0, Sum: 0.2]
      [GC Worker Total (ms): Min: 63.9, Avg: 63.9, Max: 64.0, Diff: 0.1, Sum: 511.3]
      [GC Worker End (ms): Min: 66394.0, Avg: 66394.0, Max: 66394.0, Diff: 0.0]
   [Code Root Fixup: 0.0 ms]
   [Code Root Purge: 0.0 ms]
   [Clear CT: 0.1 ms]
   [Other: 0.7 ms]
      [Choose CSet: 0.0 ms]
      [Ref Proc: 0.2 ms]
      [Ref Enq: 0.0 ms]
      [Redirty Cards: 0.1 ms]
      [Humongous Register: 0.0 ms]
      [Humongous Reclaim: 0.0 ms]
      [Free CSet: 0.1 ms]
   [Eden: 11.0M(301.0M)->0.0B(327.0M) Survivors: 45.0M->13.0M Heap: 1149.6M(2048.0M)->1153.6M(2048.0M)]
 [Times: user=0.63 sys=0.00, real=0.07 secs] 
2020-09-29T12:06:15.506+0200: 66.395: [GC concurrent-root-region-scan-start]
2020-09-29T12:06:15.508+0200: 66.397: [GC concurrent-root-region-scan-end, 0.0024909 secs]
2020-09-29T12:06:15.508+0200: 66.397: [GC concurrent-mark-start]
2020-09-29T12:06:15.512+0200: 66.401: [GC concurrent-mark-end, 0.0036474 secs]
2020-09-29T12:06:15.512+0200: 66.401: [GC remark 2020-09-29T12:06:15.512+0200: 66.401: [Finalize Marking, 0.0001358 secs] 2020-09-29T12:06:15.512+0200: 66.401: [GC ref-proc, 0.0002723 secs] 2020-09-29T12:06:15.512+0200: 66.402: [Unloading, 0.0004892 secs], 0.0012417 secs]
 [Times: user=0.00 sys=0.00, real=0.00 secs] 
2020-09-29T12:06:15.514+0200: 66.403: [GC cleanup 1170M->38M(2048M), 0.0013257 secs]
 [Times: user=0.00 sys=0.00, real=0.00 secs] 
2020-09-29T12:06:15.515+0200: 66.404: [GC concurrent-cleanup-start]
2020-09-29T12:06:15.517+0200: 66.406: [GC concurrent-cleanup-end, 0.0016009 secs]
2020-09-29T12:06:15.678+0200: 66.567: [GC pause (G1 Evacuation Pause) (young), 0.1644896 secs]
   [Parallel Time: 163.1 ms, GC Workers: 8]
      [GC Worker Start (ms): Min: 66567.5, Avg: 66567.6, Max: 66567.7, Diff: 0.2]
      [Ext Root Scanning (ms): Min: 0.0, Avg: 0.1, Max: 0.2, Diff: 0.2, Sum: 0.4]
      [Update RS (ms): Min: 17.2, Avg: 17.5, Max: 17.9, Diff: 0.7, Sum: 139.7]
         [Processed Buffers: Min: 18, Avg: 19.0, Max: 21, Diff: 3, Sum: 152]
      [Scan RS (ms): Min: 18.1, Avg: 18.5, Max: 18.8, Diff: 0.7, Sum: 147.7]
      [Code Root Scanning (ms): Min: 0.0, Avg: 0.0, Max: 0.0, Diff: 0.0, Sum: 0.0]
      [Object Copy (ms): Min: 126.7, Avg: 126.8, Max: 127.0, Diff: 0.3, Sum: 1014.6]
      [Termination (ms): Min: 0.0, Avg: 0.0, Max: 0.0, Diff: 0.0, Sum: 0.1]
         [Termination Attempts: Min: 1, Avg: 103.1, Max: 135, Diff: 134, Sum: 825]
      [GC Worker Other (ms): Min: 0.0, Avg: 0.1, Max: 0.1, Diff: 0.1, Sum: 0.4]
      [GC Worker Total (ms): Min: 162.8, Avg: 162.9, Max: 163.0, Diff: 0.3, Sum: 1303.1]
      [GC Worker End (ms): Min: 66730.5, Avg: 66730.5, Max: 66730.6, Diff: 0.1]
   [Code Root Fixup: 0.0 ms]
   [Code Root Purge: 0.0 ms]
   [Clear CT: 0.4 ms]
   [Other: 1.0 ms]
      [Choose CSet: 0.0 ms]
      [Ref Proc: 0.2 ms]
      [Ref Enq: 0.0 ms]
      [Redirty Cards: 0.4 ms]
      [Humongous Register: 0.0 ms]
      [Humongous Reclaim: 0.0 ms]
      [Free CSet: 0.2 ms]
   [Eden: 327.0M(327.0M)->0.0B(305.0M) Survivors: 13.0M->43.0M Heap: 404.3M(2048.0M)->393.3M(2048.0M)]
 [Times: user=1.25 sys=0.00, real=0.16 secs] 
2020-09-29T12:06:15.997+0200: 66.886: [GC pause (G1 Evacuation Pause) (young), 0.2141317 secs]
   [Parallel Time: 213.0 ms, GC Workers: 8]
      [GC Worker Start (ms): Min: 66886.2, Avg: 66886.3, Max: 66886.4, Diff: 0.2]
      [Ext Root Scanning (ms): Min: 0.0, Avg: 0.0, Max: 0.2, Diff: 0.2, Sum: 0.4]
      [Update RS (ms): Min: 15.4, Avg: 15.5, Max: 15.7, Diff: 0.3, Sum: 123.9]
         [Processed Buffers: Min: 17, Avg: 19.4, Max: 22, Diff: 5, Sum: 155]
      [Scan RS (ms): Min: 17.7, Avg: 17.8, Max: 17.9, Diff: 0.2, Sum: 142.6]
      [Code Root Scanning (ms): Min: 0.0, Avg: 0.0, Max: 0.0, Diff: 0.0, Sum: 0.0]
      [Object Copy (ms): Min: 177.7, Avg: 178.2, Max: 179.4, Diff: 1.7, Sum: 1425.7]
      [Termination (ms): Min: 0.0, Avg: 1.2, Max: 1.7, Diff: 1.7, Sum: 9.4]
         [Termination Attempts: Min: 1, Avg: 8143.6, Max: 11362, Diff: 11361, Sum: 65149]
      [GC Worker Other (ms): Min: 0.0, Avg: 0.0, Max: 0.1, Diff: 0.1, Sum: 0.3]
      [GC Worker Total (ms): Min: 212.7, Avg: 212.8, Max: 212.9, Diff: 0.1, Sum: 1702.4]
      [GC Worker End (ms): Min: 67099.1, Avg: 67099.1, Max: 67099.2, Diff: 0.1]
   [Code Root Fixup: 0.0 ms]
   [Code Root Purge: 0.0 ms]
   [Clear CT: 0.2 ms]
   [Other: 1.0 ms]
      [Choose CSet: 0.0 ms]
      [Ref Proc: 0.1 ms]
      [Ref Enq: 0.0 ms]
      [Redirty Cards: 0.2 ms]
      [Humongous Register: 0.1 ms]
      [Humongous Reclaim: 0.0 ms]
      [Free CSet: 0.3 ms]
   [Eden: 305.0M(305.0M)->0.0B(266.0M) Survivors: 43.0M->44.0M Heap: 749.8M(2048.0M)->751.8M(2048.0M)]
 [Times: user=1.69 sys=0.00, real=0.21 secs] 
2020-09-29T12:06:16.361+0200: 67.250: [GC pause (G1 Evacuation Pause) (young), 0.1736645 secs]
   [Parallel Time: 172.8 ms, GC Workers: 8]
      [GC Worker Start (ms): Min: 67250.2, Avg: 67250.3, Max: 67250.3, Diff: 0.1]
      [Ext Root Scanning (ms): Min: 0.0, Avg: 0.1, Max: 0.1, Diff: 0.1, Sum: 0.5]
      [Update RS (ms): Min: 22.1, Avg: 22.3, Max: 22.5, Diff: 0.4, Sum: 178.2]
         [Processed Buffers: Min: 24, Avg: 26.9, Max: 30, Diff: 6, Sum: 215]
      [Scan RS (ms): Min: 11.2, Avg: 11.4, Max: 11.6, Diff: 0.4, Sum: 91.4]
      [Code Root Scanning (ms): Min: 0.0, Avg: 0.0, Max: 0.0, Diff: 0.0, Sum: 0.0]
      [Object Copy (ms): Min: 138.5, Avg: 138.7, Max: 138.8, Diff: 0.3, Sum: 1109.3]
      [Termination (ms): Min: 0.0, Avg: 0.2, Max: 0.2, Diff: 0.2, Sum: 1.3]
         [Termination Attempts: Min: 1, Avg: 1132.9, Max: 1409, Diff: 1408, Sum: 9063]
      [GC Worker Other (ms): Min: 0.0, Avg: 0.0, Max: 0.1, Diff: 0.0, Sum: 0.3]
      [GC Worker Total (ms): Min: 172.6, Avg: 172.6, Max: 172.7, Diff: 0.1, Sum: 1381.0]
      [GC Worker End (ms): Min: 67422.9, Avg: 67422.9, Max: 67422.9, Diff: 0.0]
   [Code Root Fixup: 0.0 ms]
   [Code Root Purge: 0.0 ms]
   [Clear CT: 0.2 ms]
   [Other: 0.7 ms]
      [Choose CSet: 0.0 ms]
      [Ref Proc: 0.2 ms]
      [Ref Enq: 0.0 ms]
      [Redirty Cards: 0.2 ms]
      [Humongous Register: 0.0 ms]
      [Humongous Reclaim: 0.0 ms]
      [Free CSet: 0.2 ms]
   [Eden: 266.0M(266.0M)->0.0B(274.0M) Survivors: 44.0M->39.0M Heap: 1061.7M(2048.0M)->1063.2M(2048.0M)]
 [Times: user=1.31 sys=0.05, real=0.17 secs] 
2020-09-29T12:06:16.543+0200: 67.432: [GC pause (G1 Humongous Allocation) (young) (initial-mark), 0.0531189 secs]
   [Parallel Time: 52.3 ms, GC Workers: 8]
      [GC Worker Start (ms): Min: 67432.5, Avg: 67432.6, Max: 67432.6, Diff: 0.1]
      [Ext Root Scanning (ms): Min: 0.0, Avg: 0.1, Max: 0.1, Diff: 0.1, Sum: 0.7]
      [Update RS (ms): Min: 31.6, Avg: 31.8, Max: 32.2, Diff: 0.6, Sum: 254.6]
         [Processed Buffers: Min: 38, Avg: 39.3, Max: 40, Diff: 2, Sum: 314]
      [Scan RS (ms): Min: 2.4, Avg: 2.8, Max: 3.0, Diff: 0.6, Sum: 22.1]
      [Code Root Scanning (ms): Min: 0.0, Avg: 0.0, Max: 0.0, Diff: 0.0, Sum: 0.0]
      [Object Copy (ms): Min: 17.3, Avg: 17.4, Max: 17.5, Diff: 0.2, Sum: 139.3]
      [Termination (ms): Min: 0.0, Avg: 0.0, Max: 0.0, Diff: 0.0, Sum: 0.0]
         [Termination Attempts: Min: 1, Avg: 27.1, Max: 37, Diff: 36, Sum: 217]
      [GC Worker Other (ms): Min: 0.0, Avg: 0.0, Max: 0.0, Diff: 0.0, Sum: 0.2]
      [GC Worker Total (ms): Min: 52.1, Avg: 52.1, Max: 52.1, Diff: 0.1, Sum: 416.8]
      [GC Worker End (ms): Min: 67484.7, Avg: 67484.7, Max: 67484.7, Diff: 0.0]
   [Code Root Fixup: 0.0 ms]
   [Code Root Purge: 0.0 ms]
   [Clear CT: 0.2 ms]
   [Other: 0.7 ms]
      [Choose CSet: 0.0 ms]
      [Ref Proc: 0.1 ms]
      [Ref Enq: 0.0 ms]
      [Redirty Cards: 0.2 ms]
      [Humongous Register: 0.0 ms]
      [Humongous Reclaim: 0.0 ms]
      [Free CSet: 0.1 ms]
   [Eden: 7168.0K(274.0M)->0.0B(323.0M) Survivors: 39.0M->8192.0K Heap: 1069.7M(2048.0M)->1073.2M(2048.0M)]
 [Times: user=0.38 sys=0.00, real=0.05 secs] 
2020-09-29T12:06:16.596+0200: 67.486: [GC concurrent-root-region-scan-start]
2020-09-29T12:06:16.598+0200: 67.487: [GC concurrent-root-region-scan-end, 0.0016365 secs]
2020-09-29T12:06:16.598+0200: 67.487: [GC concurrent-mark-start]
2020-09-29T12:06:16.601+0200: 67.490: [GC concurrent-mark-end, 0.0028401 secs]
2020-09-29T12:06:16.601+0200: 67.490: [GC remark 2020-09-29T12:06:16.601+0200: 67.490: [Finalize Marking, 0.0002541 secs] 2020-09-29T12:06:16.601+0200: 67.491: [GC ref-proc, 0.0002886 secs] 2020-09-29T12:06:16.602+0200: 67.491: [Unloading, 0.0004056 secs], 0.0012985 secs]
 [Times: user=0.00 sys=0.00, real=0.00 secs] 
2020-09-29T12:06:16.603+0200: 67.492: [GC cleanup 1083M->26M(2048M), 0.0014101 secs]
 [Times: user=0.00 sys=0.00, real=0.00 secs] 
2020-09-29T12:06:16.604+0200: 67.493: [GC concurrent-cleanup-start]
2020-09-29T12:06:16.605+0200: 67.495: [GC concurrent-cleanup-end, 0.0013084 secs]
2020-09-29T12:06:16.767+0200: 67.656: [GC pause (G1 Evacuation Pause) (young), 0.1574595 secs]
   [Parallel Time: 156.4 ms, GC Workers: 8]
      [GC Worker Start (ms): Min: 67656.0, Avg: 67656.1, Max: 67656.2, Diff: 0.2]
      [Ext Root Scanning (ms): Min: 0.0, Avg: 0.1, Max: 0.2, Diff: 0.2, Sum: 0.4]
      [Update RS (ms): Min: 16.3, Avg: 16.5, Max: 16.9, Diff: 0.6, Sum: 131.7]
         [Processed Buffers: Min: 17, Avg: 18.4, Max: 20, Diff: 3, Sum: 147]
      [Scan RS (ms): Min: 20.4, Avg: 20.9, Max: 21.0, Diff: 0.6, Sum: 167.2]
      [Code Root Scanning (ms): Min: 0.0, Avg: 0.0, Max: 0.0, Diff: 0.0, Sum: 0.0]
      [Object Copy (ms): Min: 118.6, Avg: 118.7, Max: 118.7, Diff: 0.2, Sum: 949.2]
      [Termination (ms): Min: 0.0, Avg: 0.0, Max: 0.0, Diff: 0.0, Sum: 0.0]
         [Termination Attempts: Min: 1, Avg: 37.5, Max: 54, Diff: 53, Sum: 300]
      [GC Worker Other (ms): Min: 0.0, Avg: 0.0, Max: 0.1, Diff: 0.1, Sum: 0.3]
      [GC Worker Total (ms): Min: 156.1, Avg: 156.1, Max: 156.2, Diff: 0.2, Sum: 1248.9]
      [GC Worker End (ms): Min: 67812.2, Avg: 67812.2, Max: 67812.3, Diff: 0.1]
   [Code Root Fixup: 0.0 ms]
   [Code Root Purge: 0.0 ms]
   [Clear CT: 0.2 ms]
   [Other: 0.9 ms]
      [Choose CSet: 0.0 ms]
      [Ref Proc: 0.2 ms]
      [Ref Enq: 0.0 ms]
      [Redirty Cards: 0.2 ms]
      [Humongous Register: 0.0 ms]
      [Humongous Reclaim: 0.0 ms]
      [Free CSet: 0.2 ms]
   [Eden: 323.0M(323.0M)->0.0B(298.0M) Survivors: 8192.0K->42.0M Heap: 395.3M(2048.0M)->389.3M(2048.0M)]
 [Times: user=1.20 sys=0.05, real=0.16 secs] 
2020-09-29T12:06:17.084+0200: 67.973: [GC pause (G1 Evacuation Pause) (young), 0.1802286 secs]
   [Parallel Time: 179.3 ms, GC Workers: 8]
      [GC Worker Start (ms): Min: 67973.6, Avg: 67973.7, Max: 67973.7, Diff: 0.1]
      [Ext Root Scanning (ms): Min: 0.0, Avg: 0.1, Max: 0.2, Diff: 0.1, Sum: 0.7]
      [Update RS (ms): Min: 19.6, Avg: 19.7, Max: 19.9, Diff: 0.2, Sum: 157.8]
         [Processed Buffers: Min: 19, Avg: 20.6, Max: 23, Diff: 4, Sum: 165]
      [Scan RS (ms): Min: 19.8, Avg: 20.0, Max: 20.1, Diff: 0.3, Sum: 159.6]
      [Code Root Scanning (ms): Min: 0.0, Avg: 0.0, Max: 0.0, Diff: 0.0, Sum: 0.0]
      [Object Copy (ms): Min: 139.1, Avg: 139.1, Max: 139.2, Diff: 0.2, Sum: 1113.1]
      [Termination (ms): Min: 0.0, Avg: 0.1, Max: 0.2, Diff: 0.2, Sum: 1.0]
         [Termination Attempts: Min: 1, Avg: 759.3, Max: 1045, Diff: 1044, Sum: 6074]
      [GC Worker Other (ms): Min: 0.0, Avg: 0.1, Max: 0.1, Diff: 0.1, Sum: 0.4]
      [GC Worker Total (ms): Min: 179.0, Avg: 179.1, Max: 179.2, Diff: 0.2, Sum: 1432.6]
      [GC Worker End (ms): Min: 68152.7, Avg: 68152.7, Max: 68152.8, Diff: 0.0]
   [Code Root Fixup: 0.0 ms]
   [Code Root Purge: 0.0 ms]
   [Clear CT: 0.2 ms]
   [Other: 0.8 ms]
      [Choose CSet: 0.0 ms]
      [Ref Proc: 0.2 ms]
      [Ref Enq: 0.0 ms]
      [Redirty Cards: 0.2 ms]
      [Humongous Register: 0.0 ms]
      [Humongous Reclaim: 0.0 ms]
      [Free CSet: 0.2 ms]
   [Eden: 298.0M(298.0M)->0.0B(287.0M) Survivors: 42.0M->43.0M Heap: 736.9M(2048.0M)->738.9M(2048.0M)]
 [Times: user=1.34 sys=0.00, real=0.18 secs] 
2020-09-29T12:06:17.403+0200: 68.292: [GC pause (G1 Evacuation Pause) (young), 0.1719444 secs]
   [Parallel Time: 170.8 ms, GC Workers: 8]
      [GC Worker Start (ms): Min: 68292.2, Avg: 68292.3, Max: 68292.4, Diff: 0.2]
      [Ext Root Scanning (ms): Min: 0.0, Avg: 0.1, Max: 0.2, Diff: 0.2, Sum: 0.5]
      [Update RS (ms): Min: 16.4, Avg: 16.5, Max: 16.7, Diff: 0.3, Sum: 131.7]
         [Processed Buffers: Min: 19, Avg: 20.6, Max: 24, Diff: 5, Sum: 165]
      [Scan RS (ms): Min: 15.2, Avg: 15.3, Max: 15.4, Diff: 0.2, Sum: 122.6]
      [Code Root Scanning (ms): Min: 0.0, Avg: 0.0, Max: 0.0, Diff: 0.0, Sum: 0.0]
      [Object Copy (ms): Min: 138.0, Avg: 138.4, Max: 138.8, Diff: 0.7, Sum: 1107.2]
      [Termination (ms): Min: 0.0, Avg: 0.4, Max: 0.6, Diff: 0.6, Sum: 3.0]
         [Termination Attempts: Min: 1, Avg: 2352.5, Max: 2808, Diff: 2807, Sum: 18820]
      [GC Worker Other (ms): Min: 0.0, Avg: 0.0, Max: 0.1, Diff: 0.1, Sum: 0.3]
      [GC Worker Total (ms): Min: 170.6, Avg: 170.7, Max: 170.8, Diff: 0.2, Sum: 1365.3]
      [GC Worker End (ms): Min: 68463.0, Avg: 68463.0, Max: 68463.0, Diff: 0.1]
   [Code Root Fixup: 0.0 ms]
   [Code Root Purge: 0.0 ms]
   [Clear CT: 0.2 ms]
   [Other: 0.9 ms]
      [Choose CSet: 0.0 ms]
      [Ref Proc: 0.2 ms]
      [Ref Enq: 0.0 ms]
      [Redirty Cards: 0.2 ms]
      [Humongous Register: 0.0 ms]
      [Humongous Reclaim: 0.0 ms]
      [Free CSet: 0.3 ms]
   [Eden: 287.0M(287.0M)->0.0B(290.0M) Survivors: 43.0M->42.0M Heap: 1073.6M(2048.0M)->1075.6M(2048.0M)]
 [Times: user=1.36 sys=0.01, real=0.17 secs] 
2020-09-29T12:06:17.579+0200: 68.468: [GC pause (G1 Humongous Allocation) (young) (initial-mark), 0.0636671 secs]
   [Parallel Time: 62.7 ms, GC Workers: 8]
      [GC Worker Start (ms): Min: 68468.6, Avg: 68468.6, Max: 68468.6, Diff: 0.1]
      [Ext Root Scanning (ms): Min: 0.0, Avg: 0.1, Max: 0.1, Diff: 0.1, Sum: 0.7]
      [Update RS (ms): Min: 41.1, Avg: 41.3, Max: 41.5, Diff: 0.4, Sum: 330.2]
         [Processed Buffers: Min: 48, Avg: 51.3, Max: 53, Diff: 5, Sum: 410]
      [Scan RS (ms): Min: 1.0, Avg: 1.2, Max: 1.4, Diff: 0.4, Sum: 9.2]
      [Code Root Scanning (ms): Min: 0.0, Avg: 0.0, Max: 0.0, Diff: 0.0, Sum: 0.0]
      [Object Copy (ms): Min: 19.9, Avg: 20.0, Max: 20.0, Diff: 0.1, Sum: 159.8]
      [Termination (ms): Min: 0.0, Avg: 0.0, Max: 0.0, Diff: 0.0, Sum: 0.0]
         [Termination Attempts: Min: 1, Avg: 35.1, Max: 46, Diff: 45, Sum: 281]
      [GC Worker Other (ms): Min: 0.0, Avg: 0.0, Max: 0.0, Diff: 0.0, Sum: 0.2]
      [GC Worker Total (ms): Min: 62.5, Avg: 62.5, Max: 62.6, Diff: 0.1, Sum: 500.1]
      [GC Worker End (ms): Min: 68531.1, Avg: 68531.1, Max: 68531.1, Diff: 0.0]
   [Code Root Fixup: 0.0 ms]
   [Code Root Purge: 0.0 ms]
   [Clear CT: 0.2 ms]
   [Other: 0.8 ms]
      [Choose CSet: 0.0 ms]
      [Ref Proc: 0.2 ms]
      [Ref Enq: 0.0 ms]
      [Redirty Cards: 0.2 ms]
      [Humongous Register: 0.1 ms]
      [Humongous Reclaim: 0.0 ms]
      [Free CSet: 0.1 ms]
   [Eden: 8192.0K(290.0M)->0.0B(326.0M) Survivors: 42.0M->10.0M Heap: 1083.6M(2048.0M)->1087.6M(2048.0M)]
 [Times: user=0.50 sys=0.00, real=0.06 secs] 
2020-09-29T12:06:17.643+0200: 68.532: [GC concurrent-root-region-scan-start]
2020-09-29T12:06:17.645+0200: 68.535: [GC concurrent-root-region-scan-end, 0.0025296 secs]
2020-09-29T12:06:17.645+0200: 68.535: [GC concurrent-mark-start]
2020-09-29T12:06:17.649+0200: 68.538: [GC concurrent-mark-end, 0.0034289 secs]
2020-09-29T12:06:17.649+0200: 68.538: [GC remark 2020-09-29T12:06:17.649+0200: 68.538: [Finalize Marking, 0.0002303 secs] 2020-09-29T12:06:17.649+0200: 68.539: [GC ref-proc, 0.0002996 secs] 2020-09-29T12:06:17.650+0200: 68.539: [Unloading, 0.0004743 secs], 0.0014410 secs]
 [Times: user=0.00 sys=0.00, real=0.00 secs] 
2020-09-29T12:06:17.651+0200: 68.540: [GC cleanup 1102M->34M(2048M), 0.0014736 secs]
 [Times: user=0.00 sys=0.00, real=0.00 secs] 
2020-09-29T12:06:17.652+0200: 68.542: [GC concurrent-cleanup-start]
2020-09-29T12:06:17.654+0200: 68.543: [GC concurrent-cleanup-end, 0.0015782 secs]
2020-09-29T12:06:17.816+0200: 68.705: [GC pause (G1 Evacuation Pause) (young), 0.1686898 secs]
   [Parallel Time: 167.5 ms, GC Workers: 8]
      [GC Worker Start (ms): Min: 68705.3, Avg: 68705.4, Max: 68705.5, Diff: 0.2]
      [Ext Root Scanning (ms): Min: 0.0, Avg: 0.1, Max: 0.2, Diff: 0.2, Sum: 0.4]
      [Update RS (ms): Min: 23.5, Avg: 23.7, Max: 24.1, Diff: 0.5, Sum: 189.9]
         [Processed Buffers: Min: 24, Avg: 25.8, Max: 28, Diff: 4, Sum: 206]
      [Scan RS (ms): Min: 14.4, Avg: 14.7, Max: 15.0, Diff: 0.5, Sum: 118.0]
      [Code Root Scanning (ms): Min: 0.0, Avg: 0.0, Max: 0.0, Diff: 0.0, Sum: 0.0]
      [Object Copy (ms): Min: 128.5, Avg: 128.6, Max: 128.7, Diff: 0.2, Sum: 1028.9]
      [Termination (ms): Min: 0.0, Avg: 0.0, Max: 0.0, Diff: 0.0, Sum: 0.2]
         [Termination Attempts: Min: 1, Avg: 224.8, Max: 296, Diff: 295, Sum: 1798]
      [GC Worker Other (ms): Min: 0.0, Avg: 0.0, Max: 0.1, Diff: 0.1, Sum: 0.3]
      [GC Worker Total (ms): Min: 167.1, Avg: 167.2, Max: 167.4, Diff: 0.2, Sum: 1337.8]
      [GC Worker End (ms): Min: 68872.6, Avg: 68872.6, Max: 68872.6, Diff: 0.1]
   [Code Root Fixup: 0.0 ms]
   [Code Root Purge: 0.0 ms]
   [Clear CT: 0.2 ms]
   [Other: 1.0 ms]
      [Choose CSet: 0.0 ms]
      [Ref Proc: 0.2 ms]
      [Ref Enq: 0.0 ms]
      [Redirty Cards: 0.2 ms]
      [Humongous Register: 0.0 ms]
      [Humongous Reclaim: 0.0 ms]
      [Free CSet: 0.3 ms]
   [Eden: 326.0M(326.0M)->0.0B(304.0M) Survivors: 10.0M->42.0M Heap: 400.3M(2048.0M)->392.3M(2048.0M)]
 [Times: user=1.38 sys=0.00, real=0.17 secs] 
2020-09-29T12:06:18.169+0200: 69.058: [GC pause (G1 Evacuation Pause) (young), 0.1817739 secs]
   [Parallel Time: 180.7 ms, GC Workers: 8]
      [GC Worker Start (ms): Min: 69057.7, Avg: 69057.8, Max: 69057.9, Diff: 0.2]
      [Ext Root Scanning (ms): Min: 0.0, Avg: 0.1, Max: 0.1, Diff: 0.1, Sum: 0.6]
      [Update RS (ms): Min: 26.2, Avg: 26.4, Max: 26.5, Diff: 0.3, Sum: 211.0]
         [Processed Buffers: Min: 22, Avg: 25.9, Max: 29, Diff: 7, Sum: 207]
      [Scan RS (ms): Min: 15.8, Avg: 16.0, Max: 16.2, Diff: 0.5, Sum: 128.1]
      [Code Root Scanning (ms): Min: 0.0, Avg: 0.0, Max: 0.0, Diff: 0.0, Sum: 0.0]
      [Object Copy (ms): Min: 137.7, Avg: 137.8, Max: 138.0, Diff: 0.3, Sum: 1102.6]
      [Termination (ms): Min: 0.0, Avg: 0.2, Max: 0.2, Diff: 0.2, Sum: 1.5]
         [Termination Attempts: Min: 1, Avg: 1300.0, Max: 1570, Diff: 1569, Sum: 10400]
      [GC Worker Other (ms): Min: 0.0, Avg: 0.0, Max: 0.1, Diff: 0.1, Sum: 0.4]
      [GC Worker Total (ms): Min: 180.4, Avg: 180.5, Max: 180.6, Diff: 0.1, Sum: 1444.1]
      [GC Worker End (ms): Min: 69238.3, Avg: 69238.3, Max: 69238.3, Diff: 0.1]
   [Code Root Fixup: 0.0 ms]
   [Code Root Purge: 0.0 ms]
   [Clear CT: 0.2 ms]
   [Other: 0.9 ms]
      [Choose CSet: 0.0 ms]
      [Ref Proc: 0.2 ms]
      [Ref Enq: 0.0 ms]
      [Redirty Cards: 0.2 ms]
      [Humongous Register: 0.0 ms]
      [Humongous Reclaim: 0.0 ms]
      [Free CSet: 0.2 ms]
   [Eden: 304.0M(304.0M)->0.0B(294.0M) Survivors: 42.0M->44.0M Heap: 747.8M(2048.0M)->749.3M(2048.0M)]
 [Times: user=1.47 sys=0.00, real=0.18 secs] 
2020-09-29T12:06:18.507+0200: 69.396: [GC pause (G1 Evacuation Pause) (young), 0.1574392 secs]
   [Parallel Time: 156.3 ms, GC Workers: 8]
      [GC Worker Start (ms): Min: 69395.6, Avg: 69395.7, Max: 69395.8, Diff: 0.2]
      [Ext Root Scanning (ms): Min: 0.0, Avg: 0.1, Max: 0.2, Diff: 0.2, Sum: 0.5]
      [Update RS (ms): Min: 14.0, Avg: 14.2, Max: 14.7, Diff: 0.7, Sum: 113.8]
         [Processed Buffers: Min: 17, Avg: 17.5, Max: 18, Diff: 1, Sum: 140]
      [Scan RS (ms): Min: 16.3, Avg: 16.7, Max: 17.0, Diff: 0.7, Sum: 133.9]
      [Code Root Scanning (ms): Min: 0.0, Avg: 0.0, Max: 0.0, Diff: 0.0, Sum: 0.0]
      [Object Copy (ms): Min: 124.9, Avg: 125.0, Max: 125.0, Diff: 0.2, Sum: 999.8]
      [Termination (ms): Min: 0.0, Avg: 0.0, Max: 0.0, Diff: 0.0, Sum: 0.1]
         [Termination Attempts: Min: 1, Avg: 115.8, Max: 141, Diff: 140, Sum: 926]
      [GC Worker Other (ms): Min: 0.0, Avg: 0.0, Max: 0.1, Diff: 0.1, Sum: 0.4]
      [GC Worker Total (ms): Min: 156.0, Avg: 156.1, Max: 156.2, Diff: 0.2, Sum: 1248.5]
      [GC Worker End (ms): Min: 69551.8, Avg: 69551.8, Max: 69551.8, Diff: 0.1]
   [Code Root Fixup: 0.0 ms]
   [Code Root Purge: 0.0 ms]
   [Clear CT: 0.2 ms]
   [Other: 0.9 ms]
      [Choose CSet: 0.0 ms]
      [Ref Proc: 0.2 ms]
      [Ref Enq: 0.0 ms]
      [Redirty Cards: 0.2 ms]
      [Humongous Register: 0.0 ms]
      [Humongous Reclaim: 0.0 ms]
      [Free CSet: 0.3 ms]
   [Eden: 294.0M(294.0M)->0.0B(304.0M) Survivors: 44.0M->43.0M Heap: 1091.0M(2048.0M)->1093.5M(2048.0M)]
 [Times: user=1.20 sys=0.05, real=0.16 secs] 
2020-09-29T12:06:18.677+0200: 69.566: [GC pause (G1 Humongous Allocation) (young) (initial-mark), 0.0510524 secs]
   [Parallel Time: 50.2 ms, GC Workers: 8]
      [GC Worker Start (ms): Min: 69566.3, Avg: 69566.3, Max: 69566.4, Diff: 0.2]
      [Ext Root Scanning (ms): Min: 0.0, Avg: 0.1, Max: 0.2, Diff: 0.2, Sum: 1.1]
      [Update RS (ms): Min: 28.8, Avg: 28.9, Max: 29.2, Diff: 0.4, Sum: 231.1]
         [Processed Buffers: Min: 32, Avg: 35.5, Max: 38, Diff: 6, Sum: 284]
      [Scan RS (ms): Min: 2.5, Avg: 2.7, Max: 2.8, Diff: 0.4, Sum: 21.5]
      [Code Root Scanning (ms): Min: 0.0, Avg: 0.0, Max: 0.0, Diff: 0.0, Sum: 0.0]
      [Object Copy (ms): Min: 18.3, Avg: 18.3, Max: 18.4, Diff: 0.1, Sum: 146.7]
      [Termination (ms): Min: 0.0, Avg: 0.0, Max: 0.0, Diff: 0.0, Sum: 0.2]
         [Termination Attempts: Min: 1, Avg: 210.9, Max: 266, Diff: 265, Sum: 1687]
      [GC Worker Other (ms): Min: 0.0, Avg: 0.0, Max: 0.0, Diff: 0.0, Sum: 0.1]
      [GC Worker Total (ms): Min: 50.0, Avg: 50.1, Max: 50.2, Diff: 0.2, Sum: 400.8]
      [GC Worker End (ms): Min: 69616.4, Avg: 69616.4, Max: 69616.4, Diff: 0.0]
   [Code Root Fixup: 0.0 ms]
   [Code Root Purge: 0.0 ms]
   [Clear CT: 0.2 ms]
   [Other: 0.6 ms]
      [Choose CSet: 0.0 ms]
      [Ref Proc: 0.1 ms]
      [Ref Enq: 0.0 ms]
      [Redirty Cards: 0.2 ms]
      [Humongous Register: 0.0 ms]
      [Humongous Reclaim: 0.0 ms]
      [Free CSet: 0.1 ms]
   [Eden: 4096.0K(304.0M)->0.0B(361.0M) Survivors: 43.0M->6144.0K Heap: 1097.0M(2048.0M)->1101.5M(2048.0M)]
 [Times: user=0.38 sys=0.00, real=0.05 secs] 
2020-09-29T12:06:18.728+0200: 69.617: [GC concurrent-root-region-scan-start]
2020-09-29T12:06:18.729+0200: 69.618: [GC concurrent-root-region-scan-end, 0.0006599 secs]
2020-09-29T12:06:18.729+0200: 69.618: [GC concurrent-mark-start]
2020-09-29T12:06:18.732+0200: 69.621: [GC concurrent-mark-end, 0.0026830 secs]
2020-09-29T12:06:18.732+0200: 69.621: [GC remark 2020-09-29T12:06:18.732+0200: 69.621: [Finalize Marking, 0.0002115 secs] 2020-09-29T12:06:18.732+0200: 69.621: [GC ref-proc, 0.0003044 secs] 2020-09-29T12:06:18.733+0200: 69.622: [Unloading, 0.0004097 secs], 0.0012567 secs]
 [Times: user=0.00 sys=0.00, real=0.00 secs] 
2020-09-29T12:06:18.734+0200: 69.623: [GC cleanup 1111M->24M(2048M), 0.0013743 secs]
 [Times: user=0.00 sys=0.00, real=0.00 secs] 
2020-09-29T12:06:18.735+0200: 69.624: [GC concurrent-cleanup-start]
2020-09-29T12:06:18.737+0200: 69.626: [GC concurrent-cleanup-end, 0.0014229 secs]
2020-09-29T12:06:18.921+0200: 69.810: [GC pause (G1 Evacuation Pause) (young), 0.1716423 secs]
   [Parallel Time: 170.3 ms, GC Workers: 8]
      [GC Worker Start (ms): Min: 69810.1, Avg: 69810.3, Max: 69810.3, Diff: 0.2]
      [Ext Root Scanning (ms): Min: 0.0, Avg: 0.1, Max: 0.2, Diff: 0.2, Sum: 0.4]
      [Update RS (ms): Min: 15.3, Avg: 15.4, Max: 15.9, Diff: 0.7, Sum: 123.1]
         [Processed Buffers: Min: 16, Avg: 17.5, Max: 20, Diff: 4, Sum: 140]
      [Scan RS (ms): Min: 19.1, Avg: 19.6, Max: 19.7, Diff: 0.6, Sum: 156.7]
      [Code Root Scanning (ms): Min: 0.0, Avg: 0.0, Max: 0.0, Diff: 0.0, Sum: 0.0]
      [Object Copy (ms): Min: 134.9, Avg: 135.0, Max: 135.0, Diff: 0.1, Sum: 1079.9]
      [Termination (ms): Min: 0.0, Avg: 0.0, Max: 0.0, Diff: 0.0, Sum: 0.2]
         [Termination Attempts: Min: 1, Avg: 157.5, Max: 189, Diff: 188, Sum: 1260]
      [GC Worker Other (ms): Min: 0.0, Avg: 0.0, Max: 0.1, Diff: 0.0, Sum: 0.3]
      [GC Worker Total (ms): Min: 170.0, Avg: 170.1, Max: 170.2, Diff: 0.2, Sum: 1360.6]
      [GC Worker End (ms): Min: 69980.3, Avg: 69980.3, Max: 69980.4, Diff: 0.0]
   [Code Root Fixup: 0.0 ms]
   [Code Root Purge: 0.0 ms]
   [Clear CT: 0.2 ms]
   [Other: 1.1 ms]
      [Choose CSet: 0.0 ms]
      [Ref Proc: 0.2 ms]
      [Ref Enq: 0.0 ms]
      [Redirty Cards: 0.4 ms]
      [Humongous Register: 0.0 ms]
      [Humongous Reclaim: 0.0 ms]
      [Free CSet: 0.3 ms]
   [Eden: 361.0M(361.0M)->0.0B(325.0M) Survivors: 6144.0K->46.0M Heap: 436.5M(2048.0M)->433.0M(2048.0M)]
 [Times: user=1.36 sys=0.02, real=0.17 secs] 
2020-09-29T12:06:19.282+0200: 70.170: [GC pause (G1 Evacuation Pause) (young), 0.1911515 secs]
   [Parallel Time: 190.0 ms, GC Workers: 8]
      [GC Worker Start (ms): Min: 70170.5, Avg: 70170.6, Max: 70170.6, Diff: 0.2]
      [Ext Root Scanning (ms): Min: 0.0, Avg: 0.1, Max: 0.2, Diff: 0.2, Sum: 0.5]
      [Update RS (ms): Min: 22.4, Avg: 22.7, Max: 23.0, Diff: 0.7, Sum: 181.6]
         [Processed Buffers: Min: 22, Avg: 23.5, Max: 25, Diff: 3, Sum: 188]
      [Scan RS (ms): Min: 19.5, Avg: 19.9, Max: 20.2, Diff: 0.7, Sum: 159.3]
      [Code Root Scanning (ms): Min: 0.0, Avg: 0.0, Max: 0.0, Diff: 0.0, Sum: 0.0]
      [Object Copy (ms): Min: 146.8, Avg: 146.9, Max: 147.1, Diff: 0.2, Sum: 1175.3]
      [Termination (ms): Min: 0.0, Avg: 0.1, Max: 0.1, Diff: 0.1, Sum: 0.9]
         [Termination Attempts: Min: 1, Avg: 779.9, Max: 965, Diff: 964, Sum: 6239]
      [GC Worker Other (ms): Min: 0.0, Avg: 0.0, Max: 0.1, Diff: 0.0, Sum: 0.3]
      [GC Worker Total (ms): Min: 189.7, Avg: 189.8, Max: 189.9, Diff: 0.2, Sum: 1518.0]
      [GC Worker End (ms): Min: 70360.3, Avg: 70360.3, Max: 70360.3, Diff: 0.0]
   [Code Root Fixup: 0.0 ms]
   [Code Root Purge: 0.0 ms]
   [Clear CT: 0.2 ms]
   [Other: 1.0 ms]
      [Choose CSet: 0.0 ms]
      [Ref Proc: 0.2 ms]
      [Ref Enq: 0.0 ms]
      [Redirty Cards: 0.3 ms]
      [Humongous Register: 0.0 ms]
      [Humongous Reclaim: 0.0 ms]
      [Free CSet: 0.3 ms]
   [Eden: 325.0M(325.0M)->0.0B(306.0M) Survivors: 46.0M->47.0M Heap: 811.4M(2048.0M)->813.9M(2048.0M)]
 [Times: user=1.44 sys=0.06, real=0.19 secs] 
2020-09-29T12:06:19.649+0200: 70.537: [GC pause (G1 Evacuation Pause) (young), 0.1805861 secs]
   [Parallel Time: 179.4 ms, GC Workers: 8]
      [GC Worker Start (ms): Min: 70537.4, Avg: 70537.4, Max: 70537.5, Diff: 0.2]
      [Ext Root Scanning (ms): Min: 0.0, Avg: 0.1, Max: 0.2, Diff: 0.2, Sum: 0.5]
      [Update RS (ms): Min: 15.6, Avg: 15.9, Max: 16.4, Diff: 0.9, Sum: 127.4]
         [Processed Buffers: Min: 15, Avg: 16.9, Max: 18, Diff: 3, Sum: 135]
      [Scan RS (ms): Min: 21.2, Avg: 21.7, Max: 22.1, Diff: 0.9, Sum: 173.8]
      [Code Root Scanning (ms): Min: 0.0, Avg: 0.0, Max: 0.0, Diff: 0.0, Sum: 0.0]
      [Object Copy (ms): Min: 141.3, Avg: 141.4, Max: 141.4, Diff: 0.1, Sum: 1130.9]
      [Termination (ms): Min: 0.0, Avg: 0.0, Max: 0.0, Diff: 0.0, Sum: 0.2]
         [Termination Attempts: Min: 1, Avg: 164.4, Max: 219, Diff: 218, Sum: 1315]
      [GC Worker Other (ms): Min: 0.0, Avg: 0.0, Max: 0.1, Diff: 0.1, Sum: 0.3]
      [GC Worker Total (ms): Min: 179.1, Avg: 179.2, Max: 179.2, Diff: 0.1, Sum: 1433.2]
      [GC Worker End (ms): Min: 70716.6, Avg: 70716.6, Max: 70716.6, Diff: 0.1]
   [Code Root Fixup: 0.0 ms]
   [Code Root Purge: 0.0 ms]
   [Clear CT: 0.2 ms]
   [Other: 1.0 ms]
      [Choose CSet: 0.0 ms]
      [Ref Proc: 0.2 ms]
      [Ref Enq: 0.0 ms]
      [Redirty Cards: 0.4 ms]
      [Humongous Register: 0.1 ms]
      [Humongous Reclaim: 0.0 ms]
      [Free CSet: 0.2 ms]
   [Eden: 306.0M(306.0M)->0.0B(297.0M) Survivors: 47.0M->45.0M Heap: 1171.4M(2048.0M)->1173.4M(2048.0M)]
 [Times: user=1.33 sys=0.02, real=0.18 secs] 
2020-09-29T12:06:19.842+0200: 70.731: [GC pause (G1 Humongous Allocation) (young) (initial-mark), 0.0555068 secs]
   [Parallel Time: 54.6 ms, GC Workers: 8]
      [GC Worker Start (ms): Min: 70730.9, Avg: 70730.9, Max: 70731.0, Diff: 0.1]
      [Ext Root Scanning (ms): Min: 0.0, Avg: 0.6, Max: 2.2, Diff: 2.1, Sum: 5.0]
      [Update RS (ms): Min: 28.5, Avg: 30.1, Max: 31.2, Diff: 2.7, Sum: 241.0]
         [Processed Buffers: Min: 34, Avg: 37.5, Max: 40, Diff: 6, Sum: 300]
      [Scan RS (ms): Min: 2.2, Avg: 2.8, Max: 3.0, Diff: 0.8, Sum: 22.6]
      [Code Root Scanning (ms): Min: 0.0, Avg: 0.0, Max: 0.0, Diff: 0.0, Sum: 0.0]
      [Object Copy (ms): Min: 20.7, Avg: 20.8, Max: 20.8, Diff: 0.1, Sum: 166.0]
      [Termination (ms): Min: 0.0, Avg: 0.0, Max: 0.0, Diff: 0.0, Sum: 0.1]
         [Termination Attempts: Min: 1, Avg: 69.8, Max: 90, Diff: 89, Sum: 558]
      [GC Worker Other (ms): Min: 0.0, Avg: 0.0, Max: 0.0, Diff: 0.0, Sum: 0.1]
      [GC Worker Total (ms): Min: 54.3, Avg: 54.4, Max: 54.4, Diff: 0.1, Sum: 434.8]
      [GC Worker End (ms): Min: 70785.3, Avg: 70785.3, Max: 70785.3, Diff: 0.0]
   [Code Root Fixup: 0.0 ms]
   [Code Root Purge: 0.0 ms]
   [Clear CT: 0.3 ms]
   [Other: 0.7 ms]
      [Choose CSet: 0.0 ms]
      [Ref Proc: 0.1 ms]
      [Ref Enq: 0.0 ms]
      [Redirty Cards: 0.2 ms]
      [Humongous Register: 0.0 ms]
      [Humongous Reclaim: 0.0 ms]
      [Free CSet: 0.1 ms]
   [Eden: 4096.0K(297.0M)->0.0B(326.0M) Survivors: 45.0M->7168.0K Heap: 1177.4M(2048.0M)->1181.9M(2048.0M)]
 [Times: user=0.50 sys=0.00, real=0.06 secs] 
2020-09-29T12:06:19.898+0200: 70.786: [GC concurrent-root-region-scan-start]
2020-09-29T12:06:19.899+0200: 70.787: [GC concurrent-root-region-scan-end, 0.0010042 secs]
2020-09-29T12:06:19.899+0200: 70.787: [GC concurrent-mark-start]
2020-09-29T12:06:19.901+0200: 70.790: [GC concurrent-mark-end, 0.0027926 secs]
2020-09-29T12:06:19.902+0200: 70.790: [GC remark 2020-09-29T12:06:19.902+0200: 70.790: [Finalize Marking, 0.0001346 secs] 2020-09-29T12:06:19.902+0200: 70.790: [GC ref-proc, 0.0002959 secs] 2020-09-29T12:06:19.902+0200: 70.791: [Unloading, 0.0003971 secs], 0.0011260 secs]
 [Times: user=0.00 sys=0.00, real=0.00 secs] 
2020-09-29T12:06:19.903+0200: 70.792: [GC cleanup 1190M->24M(2048M), 0.0012217 secs]
 [Times: user=0.00 sys=0.00, real=0.00 secs] 
2020-09-29T12:06:19.904+0200: 70.793: [GC concurrent-cleanup-start]
2020-09-29T12:06:19.906+0200: 70.795: [GC concurrent-cleanup-end, 0.0016844 secs]
2020-09-29T12:06:20.057+0200: 70.945: [GC pause (G1 Evacuation Pause) (young), 0.1641292 secs]
   [Parallel Time: 163.0 ms, GC Workers: 8]
      [GC Worker Start (ms): Min: 70945.3, Avg: 70945.6, Max: 70947.1, Diff: 1.7]
      [Ext Root Scanning (ms): Min: 0.0, Avg: 0.1, Max: 0.1, Diff: 0.1, Sum: 0.6]
      [Update RS (ms): Min: 11.9, Avg: 13.3, Max: 13.6, Diff: 1.7, Sum: 106.1]
         [Processed Buffers: Min: 14, Avg: 15.9, Max: 18, Diff: 4, Sum: 127]
      [Scan RS (ms): Min: 16.8, Avg: 16.9, Max: 17.1, Diff: 0.3, Sum: 135.3]
      [Code Root Scanning (ms): Min: 0.0, Avg: 0.0, Max: 0.0, Diff: 0.0, Sum: 0.0]
      [Object Copy (ms): Min: 132.2, Avg: 132.3, Max: 132.4, Diff: 0.2, Sum: 1058.8]
      [Termination (ms): Min: 0.0, Avg: 0.0, Max: 0.1, Diff: 0.1, Sum: 0.4]
         [Termination Attempts: Min: 1, Avg: 339.4, Max: 473, Diff: 472, Sum: 2715]
      [GC Worker Other (ms): Min: 0.0, Avg: 0.0, Max: 0.1, Diff: 0.1, Sum: 0.4]
      [GC Worker Total (ms): Min: 161.2, Avg: 162.7, Max: 162.9, Diff: 1.7, Sum: 1301.5]
      [GC Worker End (ms): Min: 71108.3, Avg: 71108.3, Max: 71108.3, Diff: 0.1]
   [Code Root Fixup: 0.0 ms]
   [Code Root Purge: 0.0 ms]
   [Clear CT: 0.2 ms]
   [Other: 0.9 ms]
      [Choose CSet: 0.0 ms]
      [Ref Proc: 0.2 ms]
      [Ref Enq: 0.0 ms]
      [Redirty Cards: 0.2 ms]
      [Humongous Register: 0.1 ms]
      [Humongous Reclaim: 0.0 ms]
      [Free CSet: 0.3 ms]
   [Eden: 326.0M(326.0M)->0.0B(316.0M) Survivors: 7168.0K->42.0M Heap: 396.8M(2048.0M)->392.3M(2048.0M)]
 [Times: user=1.14 sys=0.02, real=0.16 secs] 
2020-09-29T12:06:20.393+0200: 71.282: [GC pause (G1 Evacuation Pause) (young), 0.1945952 secs]
   [Parallel Time: 193.4 ms, GC Workers: 8]
      [GC Worker Start (ms): Min: 71282.0, Avg: 71282.1, Max: 71282.1, Diff: 0.2]
      [Ext Root Scanning (ms): Min: 0.0, Avg: 0.1, Max: 0.2, Diff: 0.2, Sum: 0.6]
      [Update RS (ms): Min: 18.8, Avg: 18.9, Max: 19.0, Diff: 0.2, Sum: 151.1]
         [Processed Buffers: Min: 17, Avg: 19.6, Max: 22, Diff: 5, Sum: 157]
      [Scan RS (ms): Min: 24.1, Avg: 24.2, Max: 24.4, Diff: 0.4, Sum: 193.7]
      [Code Root Scanning (ms): Min: 0.0, Avg: 0.0, Max: 0.0, Diff: 0.0, Sum: 0.0]
      [Object Copy (ms): Min: 149.7, Avg: 150.0, Max: 150.0, Diff: 0.3, Sum: 1199.7]
      [Termination (ms): Min: 0.0, Avg: 0.0, Max: 0.0, Diff: 0.0, Sum: 0.0]
         [Termination Attempts: Min: 1, Avg: 33.9, Max: 47, Diff: 46, Sum: 271]
      [GC Worker Other (ms): Min: 0.0, Avg: 0.1, Max: 0.1, Diff: 0.1, Sum: 0.5]
      [GC Worker Total (ms): Min: 193.1, Avg: 193.2, Max: 193.3, Diff: 0.2, Sum: 1545.7]
      [GC Worker End (ms): Min: 71475.3, Avg: 71475.3, Max: 71475.3, Diff: 0.1]
   [Code Root Fixup: 0.0 ms]
   [Code Root Purge: 0.0 ms]
   [Clear CT: 0.2 ms]
   [Other: 1.0 ms]
      [Choose CSet: 0.0 ms]
      [Ref Proc: 0.2 ms]
      [Ref Enq: 0.0 ms]
      [Redirty Cards: 0.2 ms]
      [Humongous Register: 0.0 ms]
      [Humongous Reclaim: 0.0 ms]
      [Free CSet: 0.3 ms]
   [Eden: 316.0M(316.0M)->0.0B(288.0M) Survivors: 42.0M->45.0M Heap: 761.7M(2048.0M)->764.2M(2048.0M)]
 [Times: user=1.63 sys=0.00, real=0.20 secs] 
2020-09-29T12:06:20.755+0200: 71.644: [GC pause (G1 Evacuation Pause) (young), 0.1687849 secs]
   [Parallel Time: 167.6 ms, GC Workers: 8]
      [GC Worker Start (ms): Min: 71643.8, Avg: 71643.9, Max: 71644.0, Diff: 0.2]
      [Ext Root Scanning (ms): Min: 0.0, Avg: 0.1, Max: 0.2, Diff: 0.2, Sum: 0.5]
      [Update RS (ms): Min: 17.1, Avg: 17.2, Max: 17.5, Diff: 0.4, Sum: 137.8]
         [Processed Buffers: Min: 18, Avg: 20.0, Max: 22, Diff: 4, Sum: 160]
      [Scan RS (ms): Min: 15.7, Avg: 16.0, Max: 16.1, Diff: 0.4, Sum: 127.7]
      [Code Root Scanning (ms): Min: 0.0, Avg: 0.0, Max: 0.0, Diff: 0.0, Sum: 0.0]
      [Object Copy (ms): Min: 134.0, Avg: 134.0, Max: 134.0, Diff: 0.1, Sum: 1072.1]
      [Termination (ms): Min: 0.0, Avg: 0.0, Max: 0.0, Diff: 0.0, Sum: 0.0]
         [Termination Attempts: Min: 1, Avg: 17.1, Max: 32, Diff: 31, Sum: 137]
      [GC Worker Other (ms): Min: 0.0, Avg: 0.0, Max: 0.1, Diff: 0.1, Sum: 0.4]
      [GC Worker Total (ms): Min: 167.2, Avg: 167.3, Max: 167.4, Diff: 0.2, Sum: 1338.5]
      [GC Worker End (ms): Min: 71811.2, Avg: 71811.2, Max: 71811.3, Diff: 0.1]
   [Code Root Fixup: 0.0 ms]
   [Code Root Purge: 0.0 ms]
   [Clear CT: 0.2 ms]
   [Other: 1.0 ms]
      [Choose CSet: 0.0 ms]
      [Ref Proc: 0.2 ms]
      [Ref Enq: 0.0 ms]
      [Redirty Cards: 0.3 ms]
      [Humongous Register: 0.0 ms]
      [Humongous Reclaim: 0.0 ms]
      [Free CSet: 0.3 ms]
   [Eden: 288.0M(288.0M)->0.0B(296.0M) Survivors: 45.0M->42.0M Heap: 1099.9M(2048.0M)->1100.9M(2048.0M)]
 [Times: user=1.14 sys=0.08, real=0.17 secs] 
2020-09-29T12:06:20.935+0200: 71.823: [GC pause (G1 Humongous Allocation) (young) (initial-mark), 0.0585133 secs]
   [Parallel Time: 57.7 ms, GC Workers: 8]
      [GC Worker Start (ms): Min: 71823.5, Avg: 71823.6, Max: 71823.6, Diff: 0.1]
      [Ext Root Scanning (ms): Min: 0.0, Avg: 0.1, Max: 0.1, Diff: 0.1, Sum: 0.6]
      [Update RS (ms): Min: 34.5, Avg: 34.6, Max: 34.6, Diff: 0.1, Sum: 276.5]
         [Processed Buffers: Min: 39, Avg: 40.8, Max: 44, Diff: 5, Sum: 326]
      [Scan RS (ms): Min: 2.6, Avg: 2.7, Max: 2.8, Diff: 0.2, Sum: 21.3]
      [Code Root Scanning (ms): Min: 0.0, Avg: 0.0, Max: 0.0, Diff: 0.0, Sum: 0.0]
      [Object Copy (ms): Min: 20.2, Avg: 20.2, Max: 20.3, Diff: 0.1, Sum: 161.9]
      [Termination (ms): Min: 0.0, Avg: 0.0, Max: 0.1, Diff: 0.1, Sum: 0.4]
         [Termination Attempts: Min: 1, Avg: 342.8, Max: 428, Diff: 427, Sum: 2742]
      [GC Worker Other (ms): Min: 0.0, Avg: 0.0, Max: 0.0, Diff: 0.0, Sum: 0.1]
      [GC Worker Total (ms): Min: 57.5, Avg: 57.6, Max: 57.7, Diff: 0.1, Sum: 460.8]
      [GC Worker End (ms): Min: 71881.2, Avg: 71881.2, Max: 71881.2, Diff: 0.0]
   [Code Root Fixup: 0.0 ms]
   [Code Root Purge: 0.0 ms]
   [Clear CT: 0.1 ms]
   [Other: 0.6 ms]
      [Choose CSet: 0.0 ms]
      [Ref Proc: 0.2 ms]
      [Ref Enq: 0.0 ms]
      [Redirty Cards: 0.1 ms]
      [Humongous Register: 0.0 ms]
      [Humongous Reclaim: 0.0 ms]
      [Free CSet: 0.1 ms]
   [Eden: 9216.0K(296.0M)->0.0B(336.0M) Survivors: 42.0M->11.0M Heap: 1109.4M(2048.0M)->1112.9M(2048.0M)]
 [Times: user=0.48 sys=0.00, real=0.06 secs] 
2020-09-29T12:06:20.993+0200: 71.882: [GC concurrent-root-region-scan-start]
2020-09-29T12:06:20.995+0200: 71.883: [GC concurrent-root-region-scan-end, 0.0014845 secs]
2020-09-29T12:06:20.995+0200: 71.883: [GC concurrent-mark-start]
2020-09-29T12:06:20.997+0200: 71.886: [GC concurrent-mark-end, 0.0021610 secs]
2020-09-29T12:06:20.997+0200: 71.886: [GC remark 2020-09-29T12:06:20.997+0200: 71.886: [Finalize Marking, 0.0001708 secs] 2020-09-29T12:06:20.997+0200: 71.886: [GC ref-proc, 0.0002624 secs] 2020-09-29T12:06:20.998+0200: 71.886: [Unloading, 0.0004001 secs], 0.0010914 secs]
 [Times: user=0.00 sys=0.00, real=0.00 secs] 
2020-09-29T12:06:20.999+0200: 71.887: [GC cleanup 1123M->30M(2048M), 0.0010622 secs]
 [Times: user=0.00 sys=0.00, real=0.00 secs] 
2020-09-29T12:06:21.000+0200: 71.888: [GC concurrent-cleanup-start]
2020-09-29T12:06:21.001+0200: 71.890: [GC concurrent-cleanup-end, 0.0013778 secs]
2020-09-29T12:06:21.176+0200: 72.065: [GC pause (G1 Evacuation Pause) (young), 0.1648000 secs]
   [Parallel Time: 163.6 ms, GC Workers: 8]
      [GC Worker Start (ms): Min: 72065.2, Avg: 72065.3, Max: 72065.4, Diff: 0.2]
      [Ext Root Scanning (ms): Min: 0.0, Avg: 0.1, Max: 0.2, Diff: 0.2, Sum: 0.5]
      [Update RS (ms): Min: 19.4, Avg: 19.5, Max: 19.7, Diff: 0.3, Sum: 155.8]
         [Processed Buffers: Min: 16, Avg: 21.4, Max: 24, Diff: 8, Sum: 171]
      [Scan RS (ms): Min: 15.1, Avg: 15.3, Max: 16.1, Diff: 1.0, Sum: 122.4]
      [Code Root Scanning (ms): Min: 0.0, Avg: 0.0, Max: 0.0, Diff: 0.0, Sum: 0.0]
      [Object Copy (ms): Min: 127.7, Avg: 128.4, Max: 128.5, Diff: 0.9, Sum: 1027.0]
      [Termination (ms): Min: 0.0, Avg: 0.1, Max: 0.1, Diff: 0.1, Sum: 0.5]
         [Termination Attempts: Min: 1, Avg: 440.5, Max: 541, Diff: 540, Sum: 3524]
      [GC Worker Other (ms): Min: 0.0, Avg: 0.0, Max: 0.1, Diff: 0.1, Sum: 0.3]
      [GC Worker Total (ms): Min: 163.2, Avg: 163.3, Max: 163.4, Diff: 0.2, Sum: 1306.5]
      [GC Worker End (ms): Min: 72228.6, Avg: 72228.6, Max: 72228.7, Diff: 0.1]
   [Code Root Fixup: 0.0 ms]
   [Code Root Purge: 0.0 ms]
   [Clear CT: 0.2 ms]
   [Other: 1.0 ms]
      [Choose CSet: 0.0 ms]
      [Ref Proc: 0.2 ms]
      [Ref Enq: 0.0 ms]
      [Redirty Cards: 0.3 ms]
      [Humongous Register: 0.0 ms]
      [Humongous Reclaim: 0.0 ms]
      [Free CSet: 0.3 ms]
   [Eden: 336.0M(336.0M)->0.0B(317.0M) Survivors: 11.0M->44.0M Heap: 412.7M(2048.0M)->403.7M(2048.0M)]
 [Times: user=1.23 sys=0.01, real=0.16 secs] 
2020-09-29T12:06:21.521+0200: 72.410: [GC pause (G1 Evacuation Pause) (young), 0.1768653 secs]
   [Parallel Time: 175.7 ms, GC Workers: 8]
      [GC Worker Start (ms): Min: 72410.2, Avg: 72410.3, Max: 72410.3, Diff: 0.1]
      [Ext Root Scanning (ms): Min: 0.0, Avg: 0.1, Max: 0.2, Diff: 0.1, Sum: 0.6]
      [Update RS (ms): Min: 22.6, Avg: 22.6, Max: 22.7, Diff: 0.1, Sum: 181.1]
         [Processed Buffers: Min: 24, Avg: 25.9, Max: 27, Diff: 3, Sum: 207]
      [Scan RS (ms): Min: 17.3, Avg: 17.4, Max: 17.5, Diff: 0.2, Sum: 139.1]
      [Code Root Scanning (ms): Min: 0.0, Avg: 0.0, Max: 0.0, Diff: 0.0, Sum: 0.0]
      [Object Copy (ms): Min: 135.2, Avg: 135.3, Max: 135.4, Diff: 0.2, Sum: 1082.4]
      [Termination (ms): Min: 0.0, Avg: 0.0, Max: 0.0, Diff: 0.0, Sum: 0.1]
         [Termination Attempts: Min: 1, Avg: 122.5, Max: 158, Diff: 157, Sum: 980]
      [GC Worker Other (ms): Min: 0.0, Avg: 0.1, Max: 0.1, Diff: 0.1, Sum: 0.4]
      [GC Worker Total (ms): Min: 175.4, Avg: 175.5, Max: 175.5, Diff: 0.1, Sum: 1403.8]
      [GC Worker End (ms): Min: 72585.7, Avg: 72585.7, Max: 72585.8, Diff: 0.1]
   [Code Root Fixup: 0.0 ms]
   [Code Root Purge: 0.0 ms]
   [Clear CT: 0.2 ms]
   [Other: 1.0 ms]
      [Choose CSet: 0.0 ms]
      [Ref Proc: 0.1 ms]
      [Ref Enq: 0.0 ms]
      [Redirty Cards: 0.2 ms]
      [Humongous Register: 0.0 ms]
      [Humongous Reclaim: 0.0 ms]
      [Free CSet: 0.3 ms]
   [Eden: 317.0M(317.0M)->0.0B(312.0M) Survivors: 44.0M->46.0M Heap: 774.1M(2048.0M)->776.1M(2048.0M)]
 [Times: user=1.36 sys=0.02, real=0.18 secs] 
2020-09-29T12:06:21.850+0200: 72.739: [GC pause (G1 Evacuation Pause) (young), 0.1835635 secs]
   [Parallel Time: 182.4 ms, GC Workers: 8]
      [GC Worker Start (ms): Min: 72739.5, Avg: 72739.6, Max: 72739.7, Diff: 0.2]
      [Ext Root Scanning (ms): Min: 0.0, Avg: 0.1, Max: 0.2, Diff: 0.2, Sum: 0.4]
      [Update RS (ms): Min: 15.3, Avg: 15.5, Max: 16.1, Diff: 0.8, Sum: 124.1]
         [Processed Buffers: Min: 17, Avg: 19.4, Max: 22, Diff: 5, Sum: 155]
      [Scan RS (ms): Min: 19.6, Avg: 20.3, Max: 20.5, Diff: 0.9, Sum: 162.0]
      [Code Root Scanning (ms): Min: 0.0, Avg: 0.0, Max: 0.0, Diff: 0.0, Sum: 0.0]
      [Object Copy (ms): Min: 145.9, Avg: 146.0, Max: 146.2, Diff: 0.3, Sum: 1167.8]
      [Termination (ms): Min: 0.0, Avg: 0.3, Max: 0.3, Diff: 0.3, Sum: 2.2]
         [Termination Attempts: Min: 1, Avg: 1950.3, Max: 2397, Diff: 2396, Sum: 15602]
      [GC Worker Other (ms): Min: 0.0, Avg: 0.1, Max: 0.1, Diff: 0.1, Sum: 0.5]
      [GC Worker Total (ms): Min: 182.0, Avg: 182.1, Max: 182.2, Diff: 0.2, Sum: 1457.1]
      [GC Worker End (ms): Min: 72921.7, Avg: 72921.7, Max: 72921.8, Diff: 0.1]
   [Code Root Fixup: 0.0 ms]
   [Code Root Purge: 0.0 ms]
   [Clear CT: 0.2 ms]
   [Other: 1.0 ms]
      [Choose CSet: 0.0 ms]
      [Ref Proc: 0.2 ms]
      [Ref Enq: 0.0 ms]
      [Redirty Cards: 0.3 ms]
      [Humongous Register: 0.0 ms]
      [Humongous Reclaim: 0.0 ms]
      [Free CSet: 0.3 ms]
   [Eden: 312.0M(312.0M)->0.0B(302.0M) Survivors: 46.0M->45.0M Heap: 1139.6M(2048.0M)->1141.6M(2048.0M)]
 [Times: user=1.36 sys=0.00, real=0.18 secs] 
2020-09-29T12:06:22.048+0200: 72.938: [GC pause (G1 Humongous Allocation) (young) (initial-mark), 0.0623113 secs]
   [Parallel Time: 61.2 ms, GC Workers: 8]
      [GC Worker Start (ms): Min: 72937.7, Avg: 72937.8, Max: 72937.9, Diff: 0.2]
      [Ext Root Scanning (ms): Min: 0.0, Avg: 1.4, Max: 9.9, Diff: 9.9, Sum: 11.0]
      [Update RS (ms): Min: 27.4, Avg: 36.0, Max: 37.5, Diff: 10.1, Sum: 287.9]
         [Processed Buffers: Min: 22, Avg: 39.9, Max: 47, Diff: 25, Sum: 319]
      [Scan RS (ms): Min: 2.6, Avg: 2.9, Max: 3.1, Diff: 0.5, Sum: 23.1]
      [Code Root Scanning (ms): Min: 0.0, Avg: 0.0, Max: 0.0, Diff: 0.0, Sum: 0.0]
      [Object Copy (ms): Min: 20.8, Avg: 20.9, Max: 20.9, Diff: 0.1, Sum: 166.8]
      [Termination (ms): Min: 0.0, Avg: 0.0, Max: 0.0, Diff: 0.0, Sum: 0.0]
         [Termination Attempts: Min: 1, Avg: 38.1, Max: 57, Diff: 56, Sum: 305]
      [GC Worker Other (ms): Min: 0.0, Avg: 0.0, Max: 0.0, Diff: 0.0, Sum: 0.1]
      [GC Worker Total (ms): Min: 61.0, Avg: 61.1, Max: 61.2, Diff: 0.2, Sum: 489.0]
      [GC Worker End (ms): Min: 72998.9, Avg: 72998.9, Max: 72998.9, Diff: 0.0]
   [Code Root Fixup: 0.0 ms]
   [Code Root Purge: 0.0 ms]
   [Clear CT: 0.2 ms]
   [Other: 0.9 ms]
      [Choose CSet: 0.0 ms]
      [Ref Proc: 0.2 ms]
      [Ref Enq: 0.0 ms]
      [Redirty Cards: 0.2 ms]
      [Humongous Register: 0.1 ms]
      [Humongous Reclaim: 0.0 ms]
      [Free CSet: 0.1 ms]
   [Eden: 8192.0K(302.0M)->0.0B(340.0M) Survivors: 45.0M->10.0M Heap: 1149.6M(2048.0M)->1153.6M(2048.0M)]
 [Times: user=0.45 sys=0.00, real=0.06 secs] 
2020-09-29T12:06:22.111+0200: 73.000: [GC concurrent-root-region-scan-start]
2020-09-29T12:06:22.114+0200: 73.004: [GC concurrent-root-region-scan-end, 0.0036035 secs]
2020-09-29T12:06:22.114+0200: 73.004: [GC concurrent-mark-start]
2020-09-29T12:06:22.118+0200: 73.007: [GC concurrent-mark-end, 0.0033910 secs]
2020-09-29T12:06:22.118+0200: 73.007: [GC remark 2020-09-29T12:06:22.118+0200: 73.007: [Finalize Marking, 0.0002724 secs] 2020-09-29T12:06:22.118+0200: 73.008: [GC ref-proc, 0.0003954 secs] 2020-09-29T12:06:22.119+0200: 73.008: [Unloading, 0.0005615 secs], 0.0018050 secs]
 [Times: user=0.00 sys=0.00, real=0.00 secs] 
2020-09-29T12:06:22.120+0200: 73.010: [GC cleanup 1167M->31M(2048M), 0.0015320 secs]
 [Times: user=0.00 sys=0.00, real=0.00 secs] 
2020-09-29T12:06:22.122+0200: 73.011: [GC concurrent-cleanup-start]
2020-09-29T12:06:22.125+0200: 73.014: [GC concurrent-cleanup-end, 0.0028145 secs]
2020-09-29T12:06:22.290+0200: 73.179: [GC pause (G1 Evacuation Pause) (young), 0.1787073 secs]
   [Parallel Time: 177.5 ms, GC Workers: 8]
      [GC Worker Start (ms): Min: 73179.3, Avg: 73181.2, Max: 73193.9, Diff: 14.6]
      [Ext Root Scanning (ms): Min: 0.0, Avg: 0.1, Max: 0.2, Diff: 0.2, Sum: 0.5]
      [Update RS (ms): Min: 3.5, Avg: 16.2, Max: 18.2, Diff: 14.7, Sum: 129.3]
         [Processed Buffers: Min: 7, Avg: 18.4, Max: 22, Diff: 15, Sum: 147]
      [Scan RS (ms): Min: 17.3, Avg: 17.6, Max: 17.8, Diff: 0.5, Sum: 140.8]
      [Code Root Scanning (ms): Min: 0.0, Avg: 0.0, Max: 0.0, Diff: 0.0, Sum: 0.0]
      [Object Copy (ms): Min: 141.4, Avg: 141.5, Max: 141.6, Diff: 0.2, Sum: 1132.3]
      [Termination (ms): Min: 0.0, Avg: 0.0, Max: 0.0, Diff: 0.0, Sum: 0.2]
         [Termination Attempts: Min: 1, Avg: 152.5, Max: 230, Diff: 229, Sum: 1220]
      [GC Worker Other (ms): Min: 0.0, Avg: 0.1, Max: 0.1, Diff: 0.1, Sum: 0.4]
      [GC Worker Total (ms): Min: 162.8, Avg: 175.4, Max: 177.3, Diff: 14.6, Sum: 1403.6]
      [GC Worker End (ms): Min: 73356.6, Avg: 73356.6, Max: 73356.7, Diff: 0.1]
   [Code Root Fixup: 0.0 ms]
   [Code Root Purge: 0.0 ms]
   [Clear CT: 0.2 ms]
   [Other: 1.0 ms]
      [Choose CSet: 0.0 ms]
      [Ref Proc: 0.2 ms]
      [Ref Enq: 0.0 ms]
      [Redirty Cards: 0.2 ms]
      [Humongous Register: 0.0 ms]
      [Humongous Reclaim: 0.0 ms]
      [Free CSet: 0.3 ms]
   [Eden: 340.0M(340.0M)->0.0B(307.0M) Survivors: 10.0M->44.0M Heap: 415.7M(2048.0M)->407.2M(2048.0M)]
 [Times: user=1.36 sys=0.00, real=0.18 secs] 
2020-09-29T12:06:22.657+0200: 73.546: [GC pause (G1 Evacuation Pause) (young), 0.1729231 secs]
   [Parallel Time: 171.7 ms, GC Workers: 8]
      [GC Worker Start (ms): Min: 73546.1, Avg: 73546.2, Max: 73546.3, Diff: 0.2]
      [Ext Root Scanning (ms): Min: 0.0, Avg: 0.1, Max: 0.2, Diff: 0.2, Sum: 0.5]
      [Update RS (ms): Min: 17.4, Avg: 17.5, Max: 18.1, Diff: 0.7, Sum: 140.1]
         [Processed Buffers: Min: 17, Avg: 18.8, Max: 20, Diff: 3, Sum: 150]
      [Scan RS (ms): Min: 19.6, Avg: 20.2, Max: 20.4, Diff: 0.8, Sum: 161.6]
      [Code Root Scanning (ms): Min: 0.0, Avg: 0.0, Max: 0.0, Diff: 0.0, Sum: 0.0]
      [Object Copy (ms): Min: 133.5, Avg: 133.6, Max: 133.7, Diff: 0.1, Sum: 1068.9]
      [Termination (ms): Min: 0.0, Avg: 0.1, Max: 0.1, Diff: 0.1, Sum: 0.5]
         [Termination Attempts: Min: 1, Avg: 390.0, Max: 491, Diff: 490, Sum: 3120]
      [GC Worker Other (ms): Min: 0.0, Avg: 0.0, Max: 0.1, Diff: 0.0, Sum: 0.3]
      [GC Worker Total (ms): Min: 171.4, Avg: 171.5, Max: 171.6, Diff: 0.3, Sum: 1371.8]
      [GC Worker End (ms): Min: 73717.7, Avg: 73717.7, Max: 73717.7, Diff: 0.0]
   [Code Root Fixup: 0.0 ms]
   [Code Root Purge: 0.0 ms]
   [Clear CT: 0.2 ms]
   [Other: 1.0 ms]
      [Choose CSet: 0.0 ms]
      [Ref Proc: 0.2 ms]
      [Ref Enq: 0.0 ms]
      [Redirty Cards: 0.2 ms]
      [Humongous Register: 0.0 ms]
      [Humongous Reclaim: 0.0 ms]
      [Free CSet: 0.3 ms]
   [Eden: 307.0M(307.0M)->0.0B(303.0M) Survivors: 44.0M->44.0M Heap: 765.7M(2048.0M)->767.7M(2048.0M)]
 [Times: user=1.36 sys=0.00, real=0.17 secs] 
2020-09-29T12:06:22.990+0200: 73.880: [GC pause (G1 Evacuation Pause) (young), 0.1782868 secs]
   [Parallel Time: 176.9 ms, GC Workers: 8]
      [GC Worker Start (ms): Min: 73879.9, Avg: 73879.9, Max: 73880.0, Diff: 0.2]
      [Ext Root Scanning (ms): Min: 0.0, Avg: 0.1, Max: 0.1, Diff: 0.1, Sum: 0.6]
      [Update RS (ms): Min: 21.4, Avg: 21.5, Max: 21.5, Diff: 0.1, Sum: 171.6]
         [Processed Buffers: Min: 23, Avg: 24.0, Max: 26, Diff: 3, Sum: 192]
      [Scan RS (ms): Min: 16.8, Avg: 17.0, Max: 17.6, Diff: 0.8, Sum: 135.7]
      [Code Root Scanning (ms): Min: 0.0, Avg: 0.0, Max: 0.0, Diff: 0.0, Sum: 0.0]
      [Object Copy (ms): Min: 137.3, Avg: 138.0, Max: 138.3, Diff: 1.0, Sum: 1103.9]
      [Termination (ms): Min: 0.0, Avg: 0.2, Max: 0.2, Diff: 0.2, Sum: 1.5]
         [Termination Attempts: Min: 1, Avg: 1322.6, Max: 1604, Diff: 1603, Sum: 10581]
      [GC Worker Other (ms): Min: 0.0, Avg: 0.0, Max: 0.1, Diff: 0.1, Sum: 0.3]
      [GC Worker Total (ms): Min: 176.6, Avg: 176.7, Max: 176.8, Diff: 0.2, Sum: 1413.7]
      [GC Worker End (ms): Min: 74056.6, Avg: 74056.7, Max: 74056.7, Diff: 0.1]
   [Code Root Fixup: 0.0 ms]
   [Code Root Purge: 0.0 ms]
   [Clear CT: 0.2 ms]
   [Other: 1.2 ms]
      [Choose CSet: 0.0 ms]
      [Ref Proc: 0.2 ms]
      [Ref Enq: 0.0 ms]
      [Redirty Cards: 0.4 ms]
      [Humongous Register: 0.0 ms]
      [Humongous Reclaim: 0.0 ms]
      [Free CSet: 0.3 ms]
   [Eden: 303.0M(303.0M)->0.0B(301.0M) Survivors: 44.0M->44.0M Heap: 1122.2M(2048.0M)->1124.2M(2048.0M)]
 [Times: user=1.38 sys=0.00, real=0.18 secs] 
2020-09-29T12:06:23.184+0200: 74.074: [GC pause (G1 Humongous Allocation) (young) (initial-mark), 0.0557026 secs]
   [Parallel Time: 54.6 ms, GC Workers: 8]
      [GC Worker Start (ms): Min: 74073.8, Avg: 74073.9, Max: 74074.0, Diff: 0.2]
      [Ext Root Scanning (ms): Min: 0.0, Avg: 0.1, Max: 0.3, Diff: 0.3, Sum: 1.1]
      [Update RS (ms): Min: 29.6, Avg: 29.8, Max: 30.2, Diff: 0.6, Sum: 238.1]
         [Processed Buffers: Min: 33, Avg: 36.0, Max: 39, Diff: 6, Sum: 288]
      [Scan RS (ms): Min: 2.4, Avg: 2.8, Max: 3.0, Diff: 0.6, Sum: 22.3]
      [Code Root Scanning (ms): Min: 0.0, Avg: 0.0, Max: 0.0, Diff: 0.0, Sum: 0.0]
      [Object Copy (ms): Min: 21.7, Avg: 21.7, Max: 21.8, Diff: 0.1, Sum: 173.8]
      [Termination (ms): Min: 0.0, Avg: 0.0, Max: 0.0, Diff: 0.0, Sum: 0.0]
         [Termination Attempts: Min: 1, Avg: 7.3, Max: 11, Diff: 10, Sum: 58]
      [GC Worker Other (ms): Min: 0.0, Avg: 0.0, Max: 0.0, Diff: 0.0, Sum: 0.2]
      [GC Worker Total (ms): Min: 54.4, Avg: 54.4, Max: 54.5, Diff: 0.2, Sum: 435.5]
      [GC Worker End (ms): Min: 74128.3, Avg: 74128.3, Max: 74128.3, Diff: 0.0]
   [Code Root Fixup: 0.0 ms]
   [Code Root Purge: 0.0 ms]
   [Clear CT: 0.4 ms]
   [Other: 0.7 ms]
      [Choose CSet: 0.0 ms]
      [Ref Proc: 0.1 ms]
      [Ref Enq: 0.0 ms]
      [Redirty Cards: 0.2 ms]
      [Humongous Register: 0.1 ms]
      [Humongous Reclaim: 0.0 ms]
      [Free CSet: 0.1 ms]
   [Eden: 12.0M(301.0M)->0.0B(346.0M) Survivors: 44.0M->14.0M Heap: 1135.7M(2048.0M)->1139.2M(2048.0M)]
 [Times: user=0.50 sys=0.00, real=0.06 secs] 
2020-09-29T12:06:23.240+0200: 74.129: [GC concurrent-root-region-scan-start]
2020-09-29T12:06:23.247+0200: 74.136: [GC concurrent-root-region-scan-end, 0.0065329 secs]
2020-09-29T12:06:23.247+0200: 74.136: [GC concurrent-mark-start]
2020-09-29T12:06:23.251+0200: 74.140: [GC concurrent-mark-end, 0.0040442 secs]
2020-09-29T12:06:23.251+0200: 74.140: [GC remark 2020-09-29T12:06:23.251+0200: 74.140: [Finalize Marking, 0.0002925 secs] 2020-09-29T12:06:23.251+0200: 74.141: [GC ref-proc, 0.0012270 secs] 2020-09-29T12:06:23.253+0200: 74.142: [Unloading, 0.0008191 secs], 0.0030192 secs]
 [Times: user=0.00 sys=0.00, real=0.00 secs] 
2020-09-29T12:06:23.255+0200: 74.144: [GC cleanup 1162M->45M(2048M), 0.0018122 secs]
 [Times: user=0.00 sys=0.00, real=0.00 secs] 
2020-09-29T12:06:23.256+0200: 74.146: [GC concurrent-cleanup-start]
2020-09-29T12:06:23.259+0200: 74.148: [GC concurrent-cleanup-end, 0.0022273 secs]
2020-09-29T12:06:23.431+0200: 74.321: [GC pause (G1 Evacuation Pause) (young), 0.1751371 secs]
   [Parallel Time: 173.9 ms, GC Workers: 8]
      [GC Worker Start (ms): Min: 74320.9, Avg: 74321.0, Max: 74321.1, Diff: 0.2]
      [Ext Root Scanning (ms): Min: 0.0, Avg: 0.1, Max: 0.2, Diff: 0.2, Sum: 0.5]
      [Update RS (ms): Min: 17.2, Avg: 17.3, Max: 17.4, Diff: 0.1, Sum: 138.3]
         [Processed Buffers: Min: 19, Avg: 21.1, Max: 25, Diff: 6, Sum: 169]
      [Scan RS (ms): Min: 17.2, Avg: 17.3, Max: 17.5, Diff: 0.2, Sum: 138.7]
      [Code Root Scanning (ms): Min: 0.0, Avg: 0.0, Max: 0.0, Diff: 0.0, Sum: 0.0]
      [Object Copy (ms): Min: 138.8, Avg: 138.9, Max: 139.0, Diff: 0.2, Sum: 1110.9]
      [Termination (ms): Min: 0.0, Avg: 0.1, Max: 0.1, Diff: 0.1, Sum: 0.8]
         [Termination Attempts: Min: 1, Avg: 681.0, Max: 839, Diff: 838, Sum: 5448]
      [GC Worker Other (ms): Min: 0.0, Avg: 0.0, Max: 0.1, Diff: 0.0, Sum: 0.3]
      [GC Worker Total (ms): Min: 173.6, Avg: 173.7, Max: 173.8, Diff: 0.2, Sum: 1389.5]
      [GC Worker End (ms): Min: 74494.7, Avg: 74494.7, Max: 74494.7, Diff: 0.0]
   [Code Root Fixup: 0.0 ms]
   [Code Root Purge: 0.0 ms]
   [Clear CT: 0.2 ms]
   [Other: 1.0 ms]
      [Choose CSet: 0.0 ms]
      [Ref Proc: 0.2 ms]
      [Ref Enq: 0.0 ms]
      [Redirty Cards: 0.2 ms]
      [Humongous Register: 0.0 ms]
      [Humongous Reclaim: 0.0 ms]
      [Free CSet: 0.3 ms]
   [Eden: 346.0M(346.0M)->0.0B(318.0M) Survivors: 14.0M->45.0M Heap: 427.6M(2048.0M)->416.6M(2048.0M)]
 [Times: user=1.34 sys=0.02, real=0.18 secs] 
2020-09-29T12:06:23.773+0200: 74.662: [GC pause (G1 Evacuation Pause) (young), 0.1962791 secs]
   [Parallel Time: 195.0 ms, GC Workers: 8]
      [GC Worker Start (ms): Min: 74662.5, Avg: 74662.6, Max: 74662.6, Diff: 0.1]
      [Ext Root Scanning (ms): Min: 0.0, Avg: 0.1, Max: 0.1, Diff: 0.1, Sum: 0.6]
      [Update RS (ms): Min: 16.8, Avg: 16.9, Max: 16.9, Diff: 0.1, Sum: 135.1]
         [Processed Buffers: Min: 19, Avg: 21.5, Max: 24, Diff: 5, Sum: 172]
      [Scan RS (ms): Min: 18.0, Avg: 18.1, Max: 18.2, Diff: 0.2, Sum: 144.8]
      [Code Root Scanning (ms): Min: 0.0, Avg: 0.0, Max: 0.0, Diff: 0.0, Sum: 0.0]
      [Object Copy (ms): Min: 159.2, Avg: 159.3, Max: 159.7, Diff: 0.5, Sum: 1274.2]
      [Termination (ms): Min: 0.0, Avg: 0.4, Max: 0.5, Diff: 0.5, Sum: 3.2]
         [Termination Attempts: Min: 1, Avg: 2734.3, Max: 3311, Diff: 3310, Sum: 21874]
      [GC Worker Other (ms): Min: 0.0, Avg: 0.0, Max: 0.1, Diff: 0.0, Sum: 0.2]
      [GC Worker Total (ms): Min: 194.7, Avg: 194.8, Max: 194.8, Diff: 0.1, Sum: 1558.1]
      [GC Worker End (ms): Min: 74857.3, Avg: 74857.3, Max: 74857.4, Diff: 0.0]
   [Code Root Fixup: 0.0 ms]
   [Code Root Purge: 0.0 ms]
   [Clear CT: 0.2 ms]
   [Other: 1.1 ms]
      [Choose CSet: 0.0 ms]
      [Ref Proc: 0.2 ms]
      [Ref Enq: 0.0 ms]
      [Redirty Cards: 0.5 ms]
      [Humongous Register: 0.0 ms]
      [Humongous Reclaim: 0.0 ms]
      [Free CSet: 0.2 ms]
   [Eden: 318.0M(318.0M)->0.0B(296.0M) Survivors: 45.0M->46.0M Heap: 788.0M(2048.0M)->789.5M(2048.0M)]
 [Times: user=1.45 sys=0.03, real=0.20 secs] 
2020-09-29T12:06:24.143+0200: 75.032: [GC pause (G1 Evacuation Pause) (young), 0.1932879 secs]
   [Parallel Time: 192.3 ms, GC Workers: 8]
      [GC Worker Start (ms): Min: 75032.0, Avg: 75032.1, Max: 75032.1, Diff: 0.1]
      [Ext Root Scanning (ms): Min: 0.0, Avg: 0.1, Max: 0.2, Diff: 0.1, Sum: 0.6]
      [Update RS (ms): Min: 22.5, Avg: 22.8, Max: 23.2, Diff: 0.7, Sum: 182.1]
         [Processed Buffers: Min: 21, Avg: 22.3, Max: 25, Diff: 4, Sum: 178]
      [Scan RS (ms): Min: 18.1, Avg: 18.7, Max: 18.9, Diff: 0.8, Sum: 149.3]
      [Code Root Scanning (ms): Min: 0.0, Avg: 0.0, Max: 0.0, Diff: 0.0, Sum: 0.0]
      [Object Copy (ms): Min: 150.2, Avg: 150.3, Max: 150.5, Diff: 0.4, Sum: 1202.3]
      [Termination (ms): Min: 0.0, Avg: 0.2, Max: 0.3, Diff: 0.3, Sum: 1.9]
         [Termination Attempts: Min: 1, Avg: 1647.5, Max: 2050, Diff: 2049, Sum: 13180]
      [GC Worker Other (ms): Min: 0.0, Avg: 0.0, Max: 0.1, Diff: 0.0, Sum: 0.3]
      [GC Worker Total (ms): Min: 192.0, Avg: 192.1, Max: 192.2, Diff: 0.2, Sum: 1536.6]
      [GC Worker End (ms): Min: 75224.1, Avg: 75224.2, Max: 75224.2, Diff: 0.0]
   [Code Root Fixup: 0.0 ms]
   [Code Root Purge: 0.0 ms]
   [Clear CT: 0.2 ms]
   [Other: 0.8 ms]
      [Choose CSet: 0.0 ms]
      [Ref Proc: 0.2 ms]
      [Ref Enq: 0.0 ms]
      [Redirty Cards: 0.3 ms]
      [Humongous Register: 0.1 ms]
      [Humongous Reclaim: 0.0 ms]
      [Free CSet: 0.2 ms]
   [Eden: 296.0M(296.0M)->0.0B(279.0M) Survivors: 46.0M->43.0M Heap: 1133.2M(2048.0M)->1134.2M(2048.0M)]
 [Times: user=1.58 sys=0.00, real=0.19 secs] 
2020-09-29T12:06:24.346+0200: 75.235: [GC pause (G1 Humongous Allocation) (young) (initial-mark), 0.0540789 secs]
   [Parallel Time: 53.4 ms, GC Workers: 8]
      [GC Worker Start (ms): Min: 75235.3, Avg: 75235.3, Max: 75235.4, Diff: 0.1]
      [Ext Root Scanning (ms): Min: 0.0, Avg: 0.1, Max: 0.1, Diff: 0.1, Sum: 0.7]
      [Update RS (ms): Min: 33.1, Avg: 33.3, Max: 33.7, Diff: 0.6, Sum: 266.8]
         [Processed Buffers: Min: 39, Avg: 41.4, Max: 43, Diff: 4, Sum: 331]
      [Scan RS (ms): Min: 2.2, Avg: 2.6, Max: 2.9, Diff: 0.6, Sum: 20.9]
      [Code Root Scanning (ms): Min: 0.0, Avg: 0.0, Max: 0.0, Diff: 0.0, Sum: 0.0]
      [Object Copy (ms): Min: 17.2, Avg: 17.2, Max: 17.3, Diff: 0.1, Sum: 137.9]
      [Termination (ms): Min: 0.0, Avg: 0.0, Max: 0.0, Diff: 0.0, Sum: 0.1]
         [Termination Attempts: Min: 1, Avg: 68.0, Max: 101, Diff: 100, Sum: 544]
      [GC Worker Other (ms): Min: 0.0, Avg: 0.0, Max: 0.0, Diff: 0.0, Sum: 0.1]
      [GC Worker Total (ms): Min: 53.3, Avg: 53.3, Max: 53.4, Diff: 0.1, Sum: 426.5]
      [GC Worker End (ms): Min: 75288.7, Avg: 75288.7, Max: 75288.7, Diff: 0.0]
   [Code Root Fixup: 0.0 ms]
   [Code Root Purge: 0.0 ms]
   [Clear CT: 0.1 ms]
   [Other: 0.5 ms]
      [Choose CSet: 0.0 ms]
      [Ref Proc: 0.2 ms]
      [Ref Enq: 0.0 ms]
      [Redirty Cards: 0.1 ms]
      [Humongous Register: 0.0 ms]
      [Humongous Reclaim: 0.0 ms]
      [Free CSet: 0.1 ms]
   [Eden: 2048.0K(279.0M)->0.0B(334.0M) Survivors: 43.0M->4096.0K Heap: 1135.7M(2048.0M)->1139.7M(2048.0M)]
 [Times: user=0.50 sys=0.00, real=0.06 secs] 
2020-09-29T12:06:24.401+0200: 75.289: [GC concurrent-root-region-scan-start]
2020-09-29T12:06:24.401+0200: 75.290: [GC concurrent-root-region-scan-end, 0.0003766 secs]
2020-09-29T12:06:24.401+0200: 75.290: [GC concurrent-mark-start]
2020-09-29T12:06:24.403+0200: 75.292: [GC concurrent-mark-end, 0.0021999 secs]
2020-09-29T12:06:24.403+0200: 75.292: [GC remark 2020-09-29T12:06:24.403+0200: 75.292: [Finalize Marking, 0.0001183 secs] 2020-09-29T12:06:24.403+0200: 75.292: [GC ref-proc, 0.0002744 secs] 2020-09-29T12:06:24.404+0200: 75.293: [Unloading, 0.0003671 secs], 0.0010325 secs]
 [Times: user=0.00 sys=0.00, real=0.00 secs] 
2020-09-29T12:06:24.405+0200: 75.294: [GC cleanup 1147M->20M(2048M), 0.0009856 secs]
 [Times: user=0.00 sys=0.00, real=0.00 secs] 
2020-09-29T12:06:24.406+0200: 75.295: [GC concurrent-cleanup-start]
2020-09-29T12:06:24.407+0200: 75.296: [GC concurrent-cleanup-end, 0.0013978 secs]
2020-09-29T12:06:24.566+0200: 75.455: [GC pause (G1 Evacuation Pause) (young), 0.1718840 secs]
   [Parallel Time: 170.8 ms, GC Workers: 8]
      [GC Worker Start (ms): Min: 75454.8, Avg: 75456.7, Max: 75468.6, Diff: 13.7]
      [Ext Root Scanning (ms): Min: 0.0, Avg: 0.0, Max: 0.2, Diff: 0.2, Sum: 0.4]
      [Update RS (ms): Min: 1.9, Avg: 13.9, Max: 16.2, Diff: 14.3, Sum: 111.3]
         [Processed Buffers: Min: 5, Avg: 18.0, Max: 21, Diff: 16, Sum: 144]
      [Scan RS (ms): Min: 16.1, Avg: 16.7, Max: 16.9, Diff: 0.8, Sum: 133.5]
      [Code Root Scanning (ms): Min: 0.0, Avg: 0.0, Max: 0.0, Diff: 0.0, Sum: 0.0]
      [Object Copy (ms): Min: 137.9, Avg: 138.1, Max: 138.1, Diff: 0.2, Sum: 1104.7]
      [Termination (ms): Min: 0.0, Avg: 0.0, Max: 0.0, Diff: 0.0, Sum: 0.2]
         [Termination Attempts: Min: 1, Avg: 163.3, Max: 204, Diff: 203, Sum: 1306]
      [GC Worker Other (ms): Min: 0.0, Avg: 0.0, Max: 0.1, Diff: 0.1, Sum: 0.4]
      [GC Worker Total (ms): Min: 156.9, Avg: 168.8, Max: 170.6, Diff: 13.7, Sum: 1350.5]
      [GC Worker End (ms): Min: 75625.4, Avg: 75625.5, Max: 75625.5, Diff: 0.1]
   [Code Root Fixup: 0.0 ms]
   [Code Root Purge: 0.0 ms]
   [Clear CT: 0.2 ms]
   [Other: 0.9 ms]
      [Choose CSet: 0.0 ms]
      [Ref Proc: 0.2 ms]
      [Ref Enq: 0.0 ms]
      [Redirty Cards: 0.2 ms]
      [Humongous Register: 0.0 ms]
      [Humongous Reclaim: 0.0 ms]
      [Free CSet: 0.3 ms]
   [Eden: 334.0M(334.0M)->0.0B(302.0M) Survivors: 4096.0K->43.0M Heap: 403.7M(2048.0M)->402.7M(2048.0M)]
 [Times: user=1.27 sys=0.06, real=0.17 secs] 
2020-09-29T12:06:24.906+0200: 75.795: [GC pause (G1 Evacuation Pause) (young), 0.1764435 secs]
   [Parallel Time: 174.8 ms, GC Workers: 8]
      [GC Worker Start (ms): Min: 75794.7, Avg: 75794.8, Max: 75794.9, Diff: 0.1]
      [Ext Root Scanning (ms): Min: 0.0, Avg: 0.1, Max: 0.1, Diff: 0.1, Sum: 0.6]
      [Update RS (ms): Min: 18.0, Avg: 18.1, Max: 18.5, Diff: 0.5, Sum: 145.0]
         [Processed Buffers: Min: 18, Avg: 20.4, Max: 22, Diff: 4, Sum: 163]
      [Scan RS (ms): Min: 17.7, Avg: 18.1, Max: 18.3, Diff: 0.5, Sum: 144.9]
      [Code Root Scanning (ms): Min: 0.0, Avg: 0.0, Max: 0.0, Diff: 0.0, Sum: 0.0]
      [Object Copy (ms): Min: 138.1, Avg: 138.2, Max: 138.3, Diff: 0.2, Sum: 1105.6]
      [Termination (ms): Min: 0.0, Avg: 0.1, Max: 0.1, Diff: 0.1, Sum: 0.5]
         [Termination Attempts: Min: 1, Avg: 472.6, Max: 606, Diff: 605, Sum: 3781]
      [GC Worker Other (ms): Min: 0.0, Avg: 0.0, Max: 0.1, Diff: 0.1, Sum: 0.3]
      [GC Worker Total (ms): Min: 174.6, Avg: 174.6, Max: 174.7, Diff: 0.2, Sum: 1397.1]
      [GC Worker End (ms): Min: 75969.4, Avg: 75969.4, Max: 75969.5, Diff: 0.1]
   [Code Root Fixup: 0.0 ms]
   [Code Root Purge: 0.0 ms]
   [Clear CT: 0.2 ms]
   [Other: 1.5 ms]
      [Choose CSet: 0.0 ms]
      [Ref Proc: 0.3 ms]
      [Ref Enq: 0.0 ms]
      [Redirty Cards: 0.7 ms]
      [Humongous Register: 0.0 ms]
      [Humongous Reclaim: 0.0 ms]
      [Free CSet: 0.2 ms]
   [Eden: 302.0M(302.0M)->0.0B(297.0M) Survivors: 43.0M->44.0M Heap: 754.3M(2048.0M)->756.3M(2048.0M)]
 [Times: user=1.34 sys=0.00, real=0.18 secs] 
2020-09-29T12:06:25.246+0200: 76.135: [GC pause (G1 Evacuation Pause) (young), 0.1624479 secs]
   [Parallel Time: 161.2 ms, GC Workers: 8]
      [GC Worker Start (ms): Min: 76134.9, Avg: 76134.9, Max: 76135.0, Diff: 0.1]
      [Ext Root Scanning (ms): Min: 0.0, Avg: 0.1, Max: 0.1, Diff: 0.1, Sum: 0.5]
      [Update RS (ms): Min: 15.0, Avg: 15.1, Max: 15.3, Diff: 0.3, Sum: 120.4]
         [Processed Buffers: Min: 17, Avg: 18.6, Max: 20, Diff: 3, Sum: 149]
      [Scan RS (ms): Min: 16.7, Avg: 16.9, Max: 17.1, Diff: 0.4, Sum: 135.6]
      [Code Root Scanning (ms): Min: 0.0, Avg: 0.0, Max: 0.0, Diff: 0.0, Sum: 0.0]
      [Object Copy (ms): Min: 128.8, Avg: 128.9, Max: 129.0, Diff: 0.2, Sum: 1031.1]
      [Termination (ms): Min: 0.0, Avg: 0.0, Max: 0.0, Diff: 0.0, Sum: 0.0]
         [Termination Attempts: Min: 1, Avg: 29.4, Max: 38, Diff: 37, Sum: 235]
      [GC Worker Other (ms): Min: 0.0, Avg: 0.0, Max: 0.1, Diff: 0.1, Sum: 0.4]
      [GC Worker Total (ms): Min: 160.9, Avg: 161.0, Max: 161.1, Diff: 0.2, Sum: 1288.0]
      [GC Worker End (ms): Min: 76295.9, Avg: 76295.9, Max: 76296.0, Diff: 0.1]
   [Code Root Fixup: 0.0 ms]
   [Code Root Purge: 0.0 ms]
   [Clear CT: 0.2 ms]
   [Other: 1.0 ms]
      [Choose CSet: 0.0 ms]
      [Ref Proc: 0.2 ms]
      [Ref Enq: 0.0 ms]
      [Redirty Cards: 0.3 ms]
      [Humongous Register: 0.0 ms]
      [Humongous Reclaim: 0.0 ms]
      [Free CSet: 0.3 ms]
   [Eden: 297.0M(297.0M)->0.0B(306.0M) Survivors: 44.0M->43.0M Heap: 1102.9M(2048.0M)->1105.4M(2048.0M)]
 [Times: user=1.25 sys=0.00, real=0.16 secs] 
2020-09-29T12:06:25.418+0200: 76.306: [GC pause (G1 Humongous Allocation) (young) (initial-mark), 0.0623538 secs]
   [Parallel Time: 61.5 ms, GC Workers: 8]
      [GC Worker Start (ms): Min: 76306.6, Avg: 76306.6, Max: 76306.7, Diff: 0.1]
      [Ext Root Scanning (ms): Min: 0.0, Avg: 0.1, Max: 0.2, Diff: 0.2, Sum: 1.1]
      [Update RS (ms): Min: 36.7, Avg: 36.9, Max: 37.1, Diff: 0.4, Sum: 295.1]
         [Processed Buffers: Min: 43, Avg: 45.5, Max: 49, Diff: 6, Sum: 364]
      [Scan RS (ms): Min: 2.4, Avg: 2.6, Max: 2.8, Diff: 0.4, Sum: 20.9]
      [Code Root Scanning (ms): Min: 0.0, Avg: 0.0, Max: 0.0, Diff: 0.0, Sum: 0.0]
      [Object Copy (ms): Min: 21.6, Avg: 21.6, Max: 21.7, Diff: 0.1, Sum: 173.0]
      [Termination (ms): Min: 0.0, Avg: 0.1, Max: 0.1, Diff: 0.1, Sum: 0.4]
         [Termination Attempts: Min: 1, Avg: 360.6, Max: 485, Diff: 484, Sum: 2885]
      [GC Worker Other (ms): Min: 0.0, Avg: 0.0, Max: 0.0, Diff: 0.0, Sum: 0.2]
      [GC Worker Total (ms): Min: 61.2, Avg: 61.3, Max: 61.4, Diff: 0.2, Sum: 490.6]
      [GC Worker End (ms): Min: 76368.0, Avg: 76368.0, Max: 76368.0, Diff: 0.0]
   [Code Root Fixup: 0.0 ms]
   [Code Root Purge: 0.0 ms]
   [Clear CT: 0.2 ms]
   [Other: 0.7 ms]
      [Choose CSet: 0.0 ms]
      [Ref Proc: 0.2 ms]
      [Ref Enq: 0.0 ms]
      [Redirty Cards: 0.2 ms]
      [Humongous Register: 0.0 ms]
      [Humongous Reclaim: 0.0 ms]
      [Free CSet: 0.1 ms]
   [Eden: 6144.0K(306.0M)->0.0B(336.0M) Survivors: 43.0M->8192.0K Heap: 1110.9M(2048.0M)->1115.4M(2048.0M)]
 [Times: user=0.50 sys=0.00, real=0.06 secs] 
2020-09-29T12:06:25.480+0200: 76.369: [GC concurrent-root-region-scan-start]
2020-09-29T12:06:25.482+0200: 76.370: [GC concurrent-root-region-scan-end, 0.0014834 secs]
2020-09-29T12:06:25.482+0200: 76.370: [GC concurrent-mark-start]
2020-09-29T12:06:25.484+0200: 76.373: [GC concurrent-mark-end, 0.0026947 secs]
2020-09-29T12:06:25.484+0200: 76.373: [GC remark 2020-09-29T12:06:25.484+0200: 76.373: [Finalize Marking, 0.0001629 secs] 2020-09-29T12:06:25.485+0200: 76.373: [GC ref-proc, 0.0003600 secs] 2020-09-29T12:06:25.485+0200: 76.374: [Unloading, 0.0005275 secs], 0.0014393 secs]
 [Times: user=0.00 sys=0.00, real=0.00 secs] 
2020-09-29T12:06:25.486+0200: 76.375: [GC cleanup 1126M->27M(2048M), 0.0014302 secs]
 [Times: user=0.00 sys=0.00, real=0.00 secs] 
2020-09-29T12:06:25.488+0200: 76.377: [GC concurrent-cleanup-start]
2020-09-29T12:06:25.490+0200: 76.378: [GC concurrent-cleanup-end, 0.0017285 secs]
2020-09-29T12:06:25.660+0200: 76.549: [GC pause (G1 Evacuation Pause) (young), 0.1839864 secs]
   [Parallel Time: 182.7 ms, GC Workers: 8]
      [GC Worker Start (ms): Min: 76548.9, Avg: 76549.0, Max: 76549.1, Diff: 0.2]
      [Ext Root Scanning (ms): Min: 0.0, Avg: 0.1, Max: 0.1, Diff: 0.1, Sum: 0.5]
      [Update RS (ms): Min: 22.7, Avg: 22.9, Max: 23.5, Diff: 0.8, Sum: 183.4]
         [Processed Buffers: Min: 7, Avg: 23.0, Max: 27, Diff: 20, Sum: 184]
      [Scan RS (ms): Min: 14.8, Avg: 15.5, Max: 15.7, Diff: 0.8, Sum: 123.7]
      [Code Root Scanning (ms): Min: 0.0, Avg: 0.0, Max: 0.0, Diff: 0.0, Sum: 0.0]
      [Object Copy (ms): Min: 143.8, Avg: 144.0, Max: 144.1, Diff: 0.2, Sum: 1151.8]
      [Termination (ms): Min: 0.0, Avg: 0.1, Max: 0.1, Diff: 0.1, Sum: 0.5]
         [Termination Attempts: Min: 1, Avg: 449.3, Max: 643, Diff: 642, Sum: 3594]
      [GC Worker Other (ms): Min: 0.0, Avg: 0.0, Max: 0.1, Diff: 0.0, Sum: 0.3]
      [GC Worker Total (ms): Min: 182.5, Avg: 182.5, Max: 182.6, Diff: 0.2, Sum: 1460.2]
      [GC Worker End (ms): Min: 76731.5, Avg: 76731.5, Max: 76731.6, Diff: 0.0]
   [Code Root Fixup: 0.0 ms]
   [Code Root Purge: 0.0 ms]
   [Clear CT: 0.2 ms]
   [Other: 1.1 ms]
      [Choose CSet: 0.0 ms]
      [Ref Proc: 0.2 ms]
      [Ref Enq: 0.0 ms]
      [Redirty Cards: 0.3 ms]
      [Humongous Register: 0.0 ms]
      [Humongous Reclaim: 0.0 ms]
      [Free CSet: 0.4 ms]
   [Eden: 336.0M(336.0M)->0.0B(297.0M) Survivors: 8192.0K->43.0M Heap: 409.7M(2048.0M)->403.7M(2048.0M)]
 [Times: user=1.45 sys=0.00, real=0.18 secs] 
2020-09-29T12:06:26.078+0200: 76.967: [GC pause (G1 Evacuation Pause) (young), 0.2871906 secs]
   [Parallel Time: 285.8 ms, GC Workers: 8]
      [GC Worker Start (ms): Min: 76966.9, Avg: 76967.0, Max: 76967.2, Diff: 0.2]
      [Ext Root Scanning (ms): Min: 0.0, Avg: 0.1, Max: 0.2, Diff: 0.2, Sum: 0.8]
      [Update RS (ms): Min: 30.0, Avg: 30.1, Max: 30.3, Diff: 0.4, Sum: 240.4]
         [Processed Buffers: Min: 20, Avg: 23.4, Max: 25, Diff: 5, Sum: 187]
      [Scan RS (ms): Min: 23.2, Avg: 23.2, Max: 23.4, Diff: 0.2, Sum: 186.0]
      [Code Root Scanning (ms): Min: 0.0, Avg: 0.0, Max: 0.0, Diff: 0.0, Sum: 0.0]
      [Object Copy (ms): Min: 231.4, Avg: 231.5, Max: 231.7, Diff: 0.2, Sum: 1852.4]
      [Termination (ms): Min: 0.0, Avg: 0.4, Max: 0.5, Diff: 0.5, Sum: 2.9]
         [Termination Attempts: Min: 1, Avg: 1567.0, Max: 1897, Diff: 1896, Sum: 12536]
      [GC Worker Other (ms): Min: 0.0, Avg: 0.0, Max: 0.1, Diff: 0.1, Sum: 0.3]
      [GC Worker Total (ms): Min: 285.3, Avg: 285.4, Max: 285.5, Diff: 0.2, Sum: 2282.8]
      [GC Worker End (ms): Min: 77252.4, Avg: 77252.4, Max: 77252.4, Diff: 0.0]
   [Code Root Fixup: 0.0 ms]
   [Code Root Purge: 0.0 ms]
   [Clear CT: 0.3 ms]
   [Other: 1.0 ms]
      [Choose CSet: 0.0 ms]
      [Ref Proc: 0.2 ms]
      [Ref Enq: 0.0 ms]
      [Redirty Cards: 0.4 ms]
      [Humongous Register: 0.0 ms]
      [Humongous Reclaim: 0.0 ms]
      [Free CSet: 0.3 ms]
   [Eden: 297.0M(297.0M)->0.0B(195.0M) Survivors: 43.0M->43.0M Heap: 750.3M(2048.0M)->752.3M(2048.0M)]
 [Times: user=2.28 sys=0.03, real=0.29 secs] 
2020-09-29T12:06:26.528+0200: 77.417: [GC pause (G1 Evacuation Pause) (young), 0.1795638 secs]
   [Parallel Time: 178.2 ms, GC Workers: 8]
      [GC Worker Start (ms): Min: 77416.7, Avg: 77416.8, Max: 77416.9, Diff: 0.2]
      [Ext Root Scanning (ms): Min: 0.0, Avg: 0.1, Max: 0.2, Diff: 0.2, Sum: 0.9]
      [Update RS (ms): Min: 19.5, Avg: 19.7, Max: 20.1, Diff: 0.7, Sum: 157.6]
         [Processed Buffers: Min: 14, Avg: 16.1, Max: 19, Diff: 5, Sum: 129]
      [Scan RS (ms): Min: 15.3, Avg: 15.8, Max: 16.1, Diff: 0.7, Sum: 126.3]
      [Code Root Scanning (ms): Min: 0.0, Avg: 0.0, Max: 0.0, Diff: 0.0, Sum: 0.0]
      [Object Copy (ms): Min: 142.2, Avg: 142.3, Max: 142.4, Diff: 0.2, Sum: 1138.4]
      [Termination (ms): Min: 0.0, Avg: 0.1, Max: 0.1, Diff: 0.1, Sum: 0.8]
         [Termination Attempts: Min: 1, Avg: 194.4, Max: 250, Diff: 249, Sum: 1555]
      [GC Worker Other (ms): Min: 0.0, Avg: 0.0, Max: 0.0, Diff: 0.0, Sum: 0.1]
      [GC Worker Total (ms): Min: 178.0, Avg: 178.0, Max: 178.1, Diff: 0.2, Sum: 1424.2]
      [GC Worker End (ms): Min: 77594.8, Avg: 77594.8, Max: 77594.8, Diff: 0.0]
   [Code Root Fixup: 0.0 ms]
   [Code Root Purge: 0.0 ms]
   [Clear CT: 0.3 ms]
   [Other: 1.1 ms]
      [Choose CSet: 0.0 ms]
      [Ref Proc: 0.3 ms]
      [Ref Enq: 0.0 ms]
      [Redirty Cards: 0.3 ms]
      [Humongous Register: 0.1 ms]
      [Humongous Reclaim: 0.0 ms]
      [Free CSet: 0.2 ms]
   [Eden: 195.0M(195.0M)->0.0B(197.0M) Survivors: 43.0M->30.0M Heap: 979.7M(2048.0M)->982.2M(2048.0M)]
 [Times: user=1.38 sys=0.00, real=0.18 secs] 
2020-09-29T12:06:26.713+0200: 77.602: [GC pause (G1 Humongous Allocation) (young) (initial-mark), 0.0709973 secs]
   [Parallel Time: 69.8 ms, GC Workers: 8]
      [GC Worker Start (ms): Min: 77602.0, Avg: 77602.1, Max: 77602.1, Diff: 0.2]
      [Ext Root Scanning (ms): Min: 0.0, Avg: 0.1, Max: 0.2, Diff: 0.2, Sum: 0.8]
      [Update RS (ms): Min: 42.5, Avg: 43.0, Max: 43.8, Diff: 1.3, Sum: 343.7]
         [Processed Buffers: Min: 32, Avg: 35.5, Max: 37, Diff: 5, Sum: 284]
      [Scan RS (ms): Min: 0.3, Avg: 1.0, Max: 1.5, Diff: 1.2, Sum: 7.9]
      [Code Root Scanning (ms): Min: 0.0, Avg: 0.0, Max: 0.0, Diff: 0.0, Sum: 0.0]
      [Object Copy (ms): Min: 25.5, Avg: 25.6, Max: 25.6, Diff: 0.2, Sum: 204.5]
      [Termination (ms): Min: 0.0, Avg: 0.1, Max: 0.1, Diff: 0.1, Sum: 0.5]
         [Termination Attempts: Min: 1, Avg: 259.5, Max: 342, Diff: 341, Sum: 2076]
      [GC Worker Other (ms): Min: 0.0, Avg: 0.0, Max: 0.0, Diff: 0.0, Sum: 0.1]
      [GC Worker Total (ms): Min: 69.6, Avg: 69.7, Max: 69.8, Diff: 0.2, Sum: 557.6]
      [GC Worker End (ms): Min: 77671.8, Avg: 77671.8, Max: 77671.8, Diff: 0.0]
   [Code Root Fixup: 0.0 ms]
   [Code Root Purge: 0.0 ms]
   [Clear CT: 0.3 ms]
   [Other: 0.9 ms]
      [Choose CSet: 0.0 ms]
      [Ref Proc: 0.2 ms]
      [Ref Enq: 0.0 ms]
      [Redirty Cards: 0.3 ms]
      [Humongous Register: 0.0 ms]
      [Humongous Reclaim: 0.0 ms]
      [Free CSet: 0.1 ms]
   [Eden: 8192.0K(197.0M)->0.0B(209.0M) Survivors: 30.0M->10.0M Heap: 989.7M(2048.0M)->993.7M(2048.0M)]
 [Times: user=0.50 sys=0.00, real=0.07 secs] 
2020-09-29T12:06:26.784+0200: 77.673: [GC concurrent-root-region-scan-start]
2020-09-29T12:06:26.787+0200: 77.676: [GC concurrent-root-region-scan-end, 0.0026549 secs]
2020-09-29T12:06:26.787+0200: 77.676: [GC concurrent-mark-start]
2020-09-29T12:06:26.792+0200: 77.680: [GC concurrent-mark-end, 0.0047117 secs]
2020-09-29T12:06:26.792+0200: 77.681: [GC remark 2020-09-29T12:06:26.792+0200: 77.681: [Finalize Marking, 0.0001881 secs] 2020-09-29T12:06:26.792+0200: 77.681: [GC ref-proc, 0.0004974 secs] 2020-09-29T12:06:26.793+0200: 77.681: [Unloading, 0.0006263 secs], 0.0017657 secs]
 [Times: user=0.00 sys=0.00, real=0.00 secs] 
2020-09-29T12:06:26.794+0200: 77.683: [GC cleanup 1005M->30M(2048M), 0.0015648 secs]
 [Times: user=0.00 sys=0.00, real=0.00 secs] 
2020-09-29T12:06:26.796+0200: 77.685: [GC concurrent-cleanup-start]
2020-09-29T12:06:26.798+0200: 77.686: [GC concurrent-cleanup-end, 0.0018318 secs]
2020-09-29T12:06:26.941+0200: 77.830: [GC pause (G1 Evacuation Pause) (young), 0.1589984 secs]
   [Parallel Time: 157.6 ms, GC Workers: 8]
      [GC Worker Start (ms): Min: 77830.5, Avg: 77830.6, Max: 77830.7, Diff: 0.2]
      [Ext Root Scanning (ms): Min: 0.0, Avg: 0.1, Max: 0.2, Diff: 0.2, Sum: 0.7]
      [Update RS (ms): Min: 17.9, Avg: 18.0, Max: 18.2, Diff: 0.3, Sum: 144.1]
         [Processed Buffers: Min: 14, Avg: 15.5, Max: 17, Diff: 3, Sum: 124]
      [Scan RS (ms): Min: 12.0, Avg: 12.2, Max: 12.3, Diff: 0.3, Sum: 97.4]
      [Code Root Scanning (ms): Min: 0.0, Avg: 0.0, Max: 0.0, Diff: 0.0, Sum: 0.0]
      [Object Copy (ms): Min: 126.8, Avg: 126.8, Max: 126.9, Diff: 0.2, Sum: 1014.5]
      [Termination (ms): Min: 0.0, Avg: 0.2, Max: 0.2, Diff: 0.2, Sum: 1.4]
         [Termination Attempts: Min: 1, Avg: 797.3, Max: 999, Diff: 998, Sum: 6378]
      [GC Worker Other (ms): Min: 0.0, Avg: 0.0, Max: 0.1, Diff: 0.1, Sum: 0.4]
      [GC Worker Total (ms): Min: 157.2, Avg: 157.3, Max: 157.4, Diff: 0.2, Sum: 1258.6]
      [GC Worker End (ms): Min: 77987.9, Avg: 77987.9, Max: 77987.9, Diff: 0.1]
   [Code Root Fixup: 0.0 ms]
   [Code Root Purge: 0.0 ms]
   [Clear CT: 0.2 ms]
   [Other: 1.1 ms]
      [Choose CSet: 0.0 ms]
      [Ref Proc: 0.3 ms]
      [Ref Enq: 0.0 ms]
      [Redirty Cards: 0.3 ms]
      [Humongous Register: 0.1 ms]
      [Humongous Reclaim: 0.0 ms]
      [Free CSet: 0.3 ms]
   [Eden: 209.0M(209.0M)->0.0B(200.0M) Survivors: 10.0M->28.0M Heap: 263.7M(2048.0M)->255.7M(2048.0M)]
 [Times: user=1.27 sys=0.00, real=0.16 secs] 
2020-09-29T12:06:27.256+0200: 78.144: [GC pause (G1 Evacuation Pause) (young), 0.1765775 secs]
   [Parallel Time: 175.2 ms, GC Workers: 8]
      [GC Worker Start (ms): Min: 78144.6, Avg: 78144.6, Max: 78144.8, Diff: 0.2]
      [Ext Root Scanning (ms): Min: 0.0, Avg: 0.1, Max: 0.2, Diff: 0.2, Sum: 0.8]
      [Update RS (ms): Min: 22.2, Avg: 22.4, Max: 22.8, Diff: 0.6, Sum: 179.5]
         [Processed Buffers: Min: 17, Avg: 17.9, Max: 19, Diff: 2, Sum: 143]
      [Scan RS (ms): Min: 12.5, Avg: 12.9, Max: 13.1, Diff: 0.6, Sum: 103.1]
      [Code Root Scanning (ms): Min: 0.0, Avg: 0.0, Max: 0.0, Diff: 0.0, Sum: 0.0]
      [Object Copy (ms): Min: 139.4, Avg: 139.4, Max: 139.5, Diff: 0.1, Sum: 1115.4]
      [Termination (ms): Min: 0.0, Avg: 0.1, Max: 0.1, Diff: 0.1, Sum: 0.7]
         [Termination Attempts: Min: 1, Avg: 369.1, Max: 455, Diff: 454, Sum: 2953]
      [GC Worker Other (ms): Min: 0.0, Avg: 0.0, Max: 0.1, Diff: 0.1, Sum: 0.3]
      [GC Worker Total (ms): Min: 174.9, Avg: 175.0, Max: 175.1, Diff: 0.2, Sum: 1399.9]
      [GC Worker End (ms): Min: 78319.6, Avg: 78319.6, Max: 78319.7, Diff: 0.1]
   [Code Root Fixup: 0.0 ms]
   [Code Root Purge: 0.0 ms]
   [Clear CT: 0.2 ms]
   [Other: 1.1 ms]
      [Choose CSet: 0.0 ms]
      [Ref Proc: 0.2 ms]
      [Ref Enq: 0.0 ms]
      [Redirty Cards: 0.3 ms]
      [Humongous Register: 0.1 ms]
      [Humongous Reclaim: 0.0 ms]
      [Free CSet: 0.3 ms]
   [Eden: 200.0M(200.0M)->0.0B(197.0M) Survivors: 28.0M->29.0M Heap: 488.2M(2048.0M)->490.2M(2048.0M)]
 [Times: user=1.36 sys=0.02, real=0.18 secs] 
2020-09-29T12:06:27.591+0200: 78.480: [GC pause (G1 Evacuation Pause) (young), 0.1746155 secs]
   [Parallel Time: 173.2 ms, GC Workers: 8]
      [GC Worker Start (ms): Min: 78479.9, Avg: 78480.0, Max: 78480.1, Diff: 0.2]
      [Ext Root Scanning (ms): Min: 0.0, Avg: 0.1, Max: 0.2, Diff: 0.2, Sum: 0.6]
      [Update RS (ms): Min: 21.3, Avg: 21.8, Max: 22.3, Diff: 1.0, Sum: 174.3]
         [Processed Buffers: Min: 16, Avg: 16.9, Max: 18, Diff: 2, Sum: 135]
      [Scan RS (ms): Min: 13.0, Avg: 13.5, Max: 14.0, Diff: 1.1, Sum: 107.9]
      [Code Root Scanning (ms): Min: 0.0, Avg: 0.0, Max: 0.0, Diff: 0.0, Sum: 0.0]
      [Object Copy (ms): Min: 137.3, Avg: 137.3, Max: 137.4, Diff: 0.2, Sum: 1098.8]
      [Termination (ms): Min: 0.0, Avg: 0.1, Max: 0.1, Diff: 0.1, Sum: 0.8]
         [Termination Attempts: Min: 1, Avg: 424.6, Max: 526, Diff: 525, Sum: 3397]
      [GC Worker Other (ms): Min: 0.0, Avg: 0.0, Max: 0.1, Diff: 0.0, Sum: 0.2]
      [GC Worker Total (ms): Min: 172.8, Avg: 172.8, Max: 172.9, Diff: 0.2, Sum: 1382.7]
      [GC Worker End (ms): Min: 78652.8, Avg: 78652.8, Max: 78652.9, Diff: 0.0]
   [Code Root Fixup: 0.0 ms]
   [Code Root Purge: 0.0 ms]
   [Clear CT: 0.3 ms]
   [Other: 1.1 ms]
      [Choose CSet: 0.0 ms]
      [Ref Proc: 0.3 ms]
      [Ref Enq: 0.0 ms]
      [Redirty Cards: 0.3 ms]
      [Humongous Register: 0.0 ms]
      [Humongous Reclaim: 0.0 ms]
      [Free CSet: 0.3 ms]
   [Eden: 197.0M(197.0M)->0.0B(196.0M) Survivors: 29.0M->29.0M Heap: 719.6M(2048.0M)->721.6M(2048.0M)]
 [Times: user=1.36 sys=0.02, real=0.17 secs] 
2020-09-29T12:06:27.917+0200: 78.806: [GC pause (G1 Evacuation Pause) (young), 0.1698139 secs]
   [Parallel Time: 168.3 ms, GC Workers: 8]
      [GC Worker Start (ms): Min: 78806.0, Avg: 78806.1, Max: 78806.2, Diff: 0.2]
      [Ext Root Scanning (ms): Min: 0.0, Avg: 0.1, Max: 0.2, Diff: 0.2, Sum: 0.6]
      [Update RS (ms): Min: 16.5, Avg: 16.7, Max: 17.5, Diff: 1.0, Sum: 133.7]
         [Processed Buffers: Min: 13, Avg: 14.6, Max: 17, Diff: 4, Sum: 117]
      [Scan RS (ms): Min: 15.1, Avg: 15.9, Max: 16.1, Diff: 1.1, Sum: 127.1]
      [Code Root Scanning (ms): Min: 0.0, Avg: 0.0, Max: 0.0, Diff: 0.0, Sum: 0.0]
      [Object Copy (ms): Min: 135.2, Avg: 135.2, Max: 135.3, Diff: 0.1, Sum: 1081.8]
      [Termination (ms): Min: 0.0, Avg: 0.1, Max: 0.1, Diff: 0.1, Sum: 0.5]
         [Termination Attempts: Min: 1, Avg: 247.5, Max: 315, Diff: 314, Sum: 1980]
      [GC Worker Other (ms): Min: 0.0, Avg: 0.0, Max: 0.1, Diff: 0.1, Sum: 0.3]
      [GC Worker Total (ms): Min: 167.9, Avg: 168.0, Max: 168.2, Diff: 0.3, Sum: 1343.9]
      [GC Worker End (ms): Min: 78974.1, Avg: 78974.1, Max: 78974.2, Diff: 0.1]
   [Code Root Fixup: 0.0 ms]
   [Code Root Purge: 0.0 ms]
   [Clear CT: 0.2 ms]
   [Other: 1.2 ms]
      [Choose CSet: 0.0 ms]
      [Ref Proc: 0.3 ms]
      [Ref Enq: 0.0 ms]
      [Redirty Cards: 0.4 ms]
      [Humongous Register: 0.0 ms]
      [Humongous Reclaim: 0.0 ms]
      [Free CSet: 0.3 ms]
   [Eden: 196.0M(196.0M)->0.0B(199.0M) Survivors: 29.0M->29.0M Heap: 951.9M(2048.0M)->953.9M(2048.0M)]
 [Times: user=1.38 sys=0.00, real=0.17 secs] 
2020-09-29T12:06:28.111+0200: 79.000: [GC pause (G1 Humongous Allocation) (young) (initial-mark), 0.0639951 secs]
   [Parallel Time: 62.9 ms, GC Workers: 8]
      [GC Worker Start (ms): Min: 79000.0, Avg: 79000.1, Max: 79000.3, Diff: 0.3]
      [Ext Root Scanning (ms): Min: 0.0, Avg: 2.5, Max: 15.5, Diff: 15.5, Sum: 19.6]
      [Update RS (ms): Min: 12.6, Avg: 25.4, Max: 27.9, Diff: 15.3, Sum: 203.5]
         [Processed Buffers: Min: 11, Avg: 20.9, Max: 25, Diff: 14, Sum: 167]
      [Scan RS (ms): Min: 2.9, Avg: 3.2, Max: 3.5, Diff: 0.6, Sum: 25.9]
      [Code Root Scanning (ms): Min: 0.0, Avg: 0.0, Max: 0.0, Diff: 0.0, Sum: 0.0]
      [Object Copy (ms): Min: 31.1, Avg: 31.4, Max: 31.5, Diff: 0.4, Sum: 251.3]
      [Termination (ms): Min: 0.0, Avg: 0.0, Max: 0.0, Diff: 0.0, Sum: 0.2]
         [Termination Attempts: Min: 1, Avg: 99.0, Max: 134, Diff: 133, Sum: 792]
      [GC Worker Other (ms): Min: 0.0, Avg: 0.0, Max: 0.1, Diff: 0.0, Sum: 0.3]
      [GC Worker Total (ms): Min: 62.5, Avg: 62.6, Max: 62.7, Diff: 0.2, Sum: 500.8]
      [GC Worker End (ms): Min: 79062.7, Avg: 79062.7, Max: 79062.8, Diff: 0.0]
   [Code Root Fixup: 0.0 ms]
   [Code Root Purge: 0.0 ms]
   [Clear CT: 0.2 ms]
   [Other: 0.9 ms]
      [Choose CSet: 0.0 ms]
      [Ref Proc: 0.3 ms]
      [Ref Enq: 0.0 ms]
      [Redirty Cards: 0.2 ms]
      [Humongous Register: 0.1 ms]
      [Humongous Reclaim: 0.0 ms]
      [Free CSet: 0.1 ms]
   [Eden: 11.0M(199.0M)->0.0B(202.0M) Survivors: 29.0M->12.0M Heap: 964.9M(2048.0M)->967.9M(2048.0M)]
 [Times: user=0.39 sys=0.00, real=0.07 secs] 
2020-09-29T12:06:28.176+0200: 79.065: [GC concurrent-root-region-scan-start]
2020-09-29T12:06:28.180+0200: 79.068: [GC concurrent-root-region-scan-end, 0.0038860 secs]
2020-09-29T12:06:28.180+0200: 79.068: [GC concurrent-mark-start]
2020-09-29T12:06:28.183+0200: 79.071: [GC concurrent-mark-end, 0.0029271 secs]
2020-09-29T12:06:28.183+0200: 79.072: [GC remark 2020-09-29T12:06:28.183+0200: 79.072: [Finalize Marking, 0.0002581 secs] 2020-09-29T12:06:28.183+0200: 79.072: [GC ref-proc, 0.0003972 secs] 2020-09-29T12:06:28.183+0200: 79.072: [Unloading, 0.0005566 secs], 0.0015902 secs]
 [Times: user=0.00 sys=0.00, real=0.00 secs] 
2020-09-29T12:06:28.185+0200: 79.074: [GC cleanup 979M->32M(2048M), 0.0014087 secs]
 [Times: user=0.00 sys=0.00, real=0.00 secs] 
2020-09-29T12:06:28.186+0200: 79.075: [GC concurrent-cleanup-start]
2020-09-29T12:06:28.188+0200: 79.077: [GC concurrent-cleanup-end, 0.0015744 secs]
2020-09-29T12:06:28.326+0200: 79.215: [GC pause (G1 Evacuation Pause) (young), 0.1550418 secs]
   [Parallel Time: 153.7 ms, GC Workers: 8]
      [GC Worker Start (ms): Min: 79215.0, Avg: 79215.2, Max: 79215.3, Diff: 0.2]
      [Ext Root Scanning (ms): Min: 0.0, Avg: 0.1, Max: 0.2, Diff: 0.2, Sum: 0.6]
      [Update RS (ms): Min: 20.6, Avg: 20.8, Max: 21.7, Diff: 1.1, Sum: 166.7]
         [Processed Buffers: Min: 16, Avg: 17.0, Max: 19, Diff: 3, Sum: 136]
      [Scan RS (ms): Min: 9.8, Avg: 10.7, Max: 11.0, Diff: 1.2, Sum: 85.6]
      [Code Root Scanning (ms): Min: 0.0, Avg: 0.0, Max: 0.0, Diff: 0.0, Sum: 0.0]
      [Object Copy (ms): Min: 121.7, Avg: 121.8, Max: 121.8, Diff: 0.1, Sum: 974.1]
      [Termination (ms): Min: 0.0, Avg: 0.0, Max: 0.0, Diff: 0.0, Sum: 0.2]
         [Termination Attempts: Min: 1, Avg: 91.3, Max: 146, Diff: 145, Sum: 730]
      [GC Worker Other (ms): Min: 0.0, Avg: 0.0, Max: 0.1, Diff: 0.0, Sum: 0.2]
      [GC Worker Total (ms): Min: 153.3, Avg: 153.4, Max: 153.6, Diff: 0.3, Sum: 1227.4]
      [GC Worker End (ms): Min: 79368.6, Avg: 79368.6, Max: 79368.6, Diff: 0.0]
   [Code Root Fixup: 0.0 ms]
   [Code Root Purge: 0.0 ms]
   [Clear CT: 0.3 ms]
   [Other: 1.0 ms]
      [Choose CSet: 0.0 ms]
      [Ref Proc: 0.2 ms]
      [Ref Enq: 0.0 ms]
      [Redirty Cards: 0.4 ms]
      [Humongous Register: 0.0 ms]
      [Humongous Reclaim: 0.0 ms]
      [Free CSet: 0.2 ms]
   [Eden: 202.0M(202.0M)->0.0B(200.0M) Survivors: 12.0M->27.0M Heap: 257.3M(2048.0M)->246.8M(2048.0M)]
 [Times: user=1.25 sys=0.00, real=0.15 secs] 
2020-09-29T12:06:28.635+0200: 79.524: [GC pause (G1 Evacuation Pause) (young), 0.1745815 secs]
   [Parallel Time: 173.2 ms, GC Workers: 8]
      [GC Worker Start (ms): Min: 79523.7, Avg: 79523.8, Max: 79523.9, Diff: 0.2]
      [Ext Root Scanning (ms): Min: 0.0, Avg: 0.1, Max: 0.2, Diff: 0.2, Sum: 0.6]
      [Update RS (ms): Min: 16.9, Avg: 17.0, Max: 17.8, Diff: 1.0, Sum: 136.2]
         [Processed Buffers: Min: 12, Avg: 14.3, Max: 17, Diff: 5, Sum: 114]
      [Scan RS (ms): Min: 14.9, Avg: 15.7, Max: 16.0, Diff: 1.1, Sum: 126.0]
      [Code Root Scanning (ms): Min: 0.0, Avg: 0.0, Max: 0.0, Diff: 0.0, Sum: 0.0]
      [Object Copy (ms): Min: 139.8, Avg: 139.9, Max: 140.0, Diff: 0.2, Sum: 1119.1]
      [Termination (ms): Min: 0.0, Avg: 0.1, Max: 0.1, Diff: 0.1, Sum: 0.5]
         [Termination Attempts: Min: 1, Avg: 257.8, Max: 367, Diff: 366, Sum: 2062]
      [GC Worker Other (ms): Min: 0.0, Avg: 0.0, Max: 0.1, Diff: 0.1, Sum: 0.3]
      [GC Worker Total (ms): Min: 172.8, Avg: 172.8, Max: 173.0, Diff: 0.2, Sum: 1382.8]
      [GC Worker End (ms): Min: 79696.6, Avg: 79696.6, Max: 79696.7, Diff: 0.1]
   [Code Root Fixup: 0.0 ms]
   [Code Root Purge: 0.0 ms]
   [Clear CT: 0.3 ms]
   [Other: 1.0 ms]
      [Choose CSet: 0.0 ms]
      [Ref Proc: 0.2 ms]
      [Ref Enq: 0.0 ms]
      [Redirty Cards: 0.3 ms]
      [Humongous Register: 0.0 ms]
      [Humongous Reclaim: 0.0 ms]
      [Free CSet: 0.3 ms]
   [Eden: 200.0M(200.0M)->0.0B(198.0M) Survivors: 27.0M->29.0M Heap: 481.2M(2048.0M)->483.7M(2048.0M)]
 [Times: user=1.38 sys=0.00, real=0.17 secs] 
2020-09-29T12:06:28.962+0200: 79.851: [GC pause (G1 Evacuation Pause) (young), 0.1741746 secs]
   [Parallel Time: 172.7 ms, GC Workers: 8]
      [GC Worker Start (ms): Min: 79851.5, Avg: 79851.6, Max: 79851.7, Diff: 0.2]
      [Ext Root Scanning (ms): Min: 0.0, Avg: 0.1, Max: 0.2, Diff: 0.2, Sum: 0.7]
      [Update RS (ms): Min: 18.4, Avg: 18.6, Max: 18.8, Diff: 0.4, Sum: 148.9]
         [Processed Buffers: Min: 14, Avg: 15.5, Max: 17, Diff: 3, Sum: 124]
      [Scan RS (ms): Min: 14.2, Avg: 14.4, Max: 14.6, Diff: 0.4, Sum: 115.4]
      [Code Root Scanning (ms): Min: 0.0, Avg: 0.0, Max: 0.0, Diff: 0.0, Sum: 0.0]
      [Object Copy (ms): Min: 139.2, Avg: 139.2, Max: 139.3, Diff: 0.1, Sum: 1113.8]
      [Termination (ms): Min: 0.0, Avg: 0.0, Max: 0.0, Diff: 0.0, Sum: 0.2]
         [Termination Attempts: Min: 1, Avg: 131.6, Max: 174, Diff: 173, Sum: 1053]
      [GC Worker Other (ms): Min: 0.0, Avg: 0.0, Max: 0.1, Diff: 0.1, Sum: 0.3]
      [GC Worker Total (ms): Min: 172.4, Avg: 172.4, Max: 172.5, Diff: 0.2, Sum: 1379.4]
      [GC Worker End (ms): Min: 80024.0, Avg: 80024.0, Max: 80024.1, Diff: 0.1]
   [Code Root Fixup: 0.0 ms]
   [Code Root Purge: 0.0 ms]
   [Clear CT: 0.3 ms]
   [Other: 1.1 ms]
      [Choose CSet: 0.0 ms]
      [Ref Proc: 0.2 ms]
      [Ref Enq: 0.0 ms]
      [Redirty Cards: 0.4 ms]
      [Humongous Register: 0.0 ms]
      [Humongous Reclaim: 0.0 ms]
      [Free CSet: 0.3 ms]
   [Eden: 198.0M(198.0M)->0.0B(200.0M) Survivors: 29.0M->29.0M Heap: 714.1M(2048.0M)->716.1M(2048.0M)]
 [Times: user=1.38 sys=0.00, real=0.18 secs] 
2020-09-29T12:06:29.295+0200: 80.184: [GC pause (G1 Evacuation Pause) (young), 0.1715291 secs]
   [Parallel Time: 170.3 ms, GC Workers: 8]
      [GC Worker Start (ms): Min: 80183.8, Avg: 80184.0, Max: 80184.1, Diff: 0.2]
      [Ext Root Scanning (ms): Min: 0.0, Avg: 0.1, Max: 0.2, Diff: 0.2, Sum: 0.6]
      [Update RS (ms): Min: 17.9, Avg: 18.5, Max: 19.1, Diff: 1.2, Sum: 148.0]
         [Processed Buffers: Min: 13, Avg: 14.4, Max: 15, Diff: 2, Sum: 115]
      [Scan RS (ms): Min: 14.1, Avg: 14.8, Max: 15.4, Diff: 1.3, Sum: 118.3]
      [Code Root Scanning (ms): Min: 0.0, Avg: 0.0, Max: 0.0, Diff: 0.0, Sum: 0.0]
      [Object Copy (ms): Min: 136.4, Avg: 136.5, Max: 136.7, Diff: 0.3, Sum: 1092.0]
      [Termination (ms): Min: 0.0, Avg: 0.1, Max: 0.1, Diff: 0.1, Sum: 0.7]
         [Termination Attempts: Min: 1, Avg: 407.0, Max: 512, Diff: 511, Sum: 3256]
      [GC Worker Other (ms): Min: 0.0, Avg: 0.0, Max: 0.1, Diff: 0.1, Sum: 0.3]
      [GC Worker Total (ms): Min: 169.9, Avg: 170.0, Max: 170.1, Diff: 0.3, Sum: 1360.0]
      [GC Worker End (ms): Min: 80354.0, Avg: 80354.0, Max: 80354.0, Diff: 0.1]
   [Code Root Fixup: 0.0 ms]
   [Code Root Purge: 0.0 ms]
   [Clear CT: 0.2 ms]
   [Other: 0.9 ms]
      [Choose CSet: 0.0 ms]
      [Ref Proc: 0.2 ms]
      [Ref Enq: 0.0 ms]
      [Redirty Cards: 0.3 ms]
      [Humongous Register: 0.0 ms]
      [Humongous Reclaim: 0.0 ms]
      [Free CSet: 0.2 ms]
   [Eden: 200.0M(200.0M)->0.0B(203.0M) Survivors: 29.0M->29.0M Heap: 948.5M(2048.0M)->951.0M(2048.0M)]
 [Times: user=1.38 sys=0.00, real=0.17 secs] 
2020-09-29T12:06:29.467+0200: 80.356: [GC pause (G1 Humongous Allocation) (young) (initial-mark), 0.0754292 secs]
   [Parallel Time: 74.1 ms, GC Workers: 8]
      [GC Worker Start (ms): Min: 80356.5, Avg: 80356.6, Max: 80356.7, Diff: 0.2]
      [Ext Root Scanning (ms): Min: 0.0, Avg: 0.5, Max: 2.6, Diff: 2.6, Sum: 3.9]
      [Update RS (ms): Min: 45.0, Avg: 47.2, Max: 47.8, Diff: 2.8, Sum: 377.3]
         [Processed Buffers: Min: 35, Avg: 38.8, Max: 42, Diff: 7, Sum: 310]
      [Scan RS (ms): Min: 0.0, Avg: 0.0, Max: 0.0, Diff: 0.0, Sum: 0.0]
      [Code Root Scanning (ms): Min: 0.0, Avg: 0.0, Max: 0.0, Diff: 0.0, Sum: 0.0]
      [Object Copy (ms): Min: 25.7, Avg: 26.1, Max: 26.5, Diff: 0.8, Sum: 208.4]
      [Termination (ms): Min: 0.0, Avg: 0.2, Max: 0.2, Diff: 0.2, Sum: 1.2]
         [Termination Attempts: Min: 1, Avg: 674.6, Max: 829, Diff: 828, Sum: 5397]
      [GC Worker Other (ms): Min: 0.0, Avg: 0.0, Max: 0.0, Diff: 0.0, Sum: 0.2]
      [GC Worker Total (ms): Min: 73.8, Avg: 73.9, Max: 74.0, Diff: 0.2, Sum: 591.0]
      [GC Worker End (ms): Min: 80430.5, Avg: 80430.5, Max: 80430.5, Diff: 0.0]
   [Code Root Fixup: 0.0 ms]
   [Code Root Purge: 0.0 ms]
   [Clear CT: 0.2 ms]
   [Other: 1.1 ms]
      [Choose CSet: 0.0 ms]
      [Ref Proc: 0.2 ms]
      [Ref Enq: 0.0 ms]
      [Redirty Cards: 0.5 ms]
      [Humongous Register: 0.0 ms]
      [Humongous Reclaim: 0.0 ms]
      [Free CSet: 0.1 ms]
   [Eden: 2048.0K(203.0M)->0.0B(194.0M) Survivors: 29.0M->2048.0K Heap: 952.5M(2048.0M)->954.5M(2048.0M)]
 [Times: user=0.63 sys=0.00, real=0.08 secs] 
2020-09-29T12:06:29.551+0200: 80.440: [GC concurrent-root-region-scan-start]
2020-09-29T12:06:29.551+0200: 80.441: [GC concurrent-root-region-scan-end, 0.0007061 secs]
2020-09-29T12:06:29.551+0200: 80.441: [GC concurrent-mark-start]
2020-09-29T12:06:29.556+0200: 80.445: [GC concurrent-mark-end, 0.0040435 secs]
2020-09-29T12:06:29.556+0200: 80.445: [GC remark 2020-09-29T12:06:29.556+0200: 80.445: [Finalize Marking, 0.0003359 secs] 2020-09-29T12:06:29.556+0200: 80.446: [GC ref-proc, 0.0005451 secs] 2020-09-29T12:06:29.557+0200: 80.446: [Unloading, 0.0006396 secs], 0.0020052 secs]
 [Times: user=0.00 sys=0.00, real=0.00 secs] 
2020-09-29T12:06:29.558+0200: 80.448: [GC cleanup 963M->19M(2048M), 0.0016665 secs]
 [Times: user=0.00 sys=0.00, real=0.00 secs] 
2020-09-29T12:06:29.560+0200: 80.450: [GC concurrent-cleanup-start]
2020-09-29T12:06:29.562+0200: 80.451: [GC concurrent-cleanup-end, 0.0014735 secs]
2020-09-29T12:06:29.701+0200: 80.590: [GC pause (G1 Evacuation Pause) (young), 0.1595877 secs]
   [Parallel Time: 157.7 ms, GC Workers: 8]
      [GC Worker Start (ms): Min: 80590.1, Avg: 80590.3, Max: 80590.4, Diff: 0.2]
      [Ext Root Scanning (ms): Min: 0.0, Avg: 0.1, Max: 0.2, Diff: 0.2, Sum: 0.6]
      [Update RS (ms): Min: 16.4, Avg: 16.9, Max: 17.7, Diff: 1.4, Sum: 135.6]
         [Processed Buffers: Min: 13, Avg: 13.4, Max: 15, Diff: 2, Sum: 107]
      [Scan RS (ms): Min: 10.5, Avg: 11.2, Max: 11.9, Diff: 1.4, Sum: 90.0]
      [Code Root Scanning (ms): Min: 0.0, Avg: 0.0, Max: 0.0, Diff: 0.0, Sum: 0.0]
      [Object Copy (ms): Min: 128.9, Avg: 128.9, Max: 128.9, Diff: 0.1, Sum: 1031.2]
      [Termination (ms): Min: 0.0, Avg: 0.1, Max: 0.1, Diff: 0.1, Sum: 0.6]
         [Termination Attempts: Min: 1, Avg: 312.8, Max: 411, Diff: 410, Sum: 2502]
      [GC Worker Other (ms): Min: 0.0, Avg: 0.0, Max: 0.1, Diff: 0.0, Sum: 0.2]
      [GC Worker Total (ms): Min: 157.2, Avg: 157.3, Max: 157.4, Diff: 0.2, Sum: 1258.2]
      [GC Worker End (ms): Min: 80747.5, Avg: 80747.6, Max: 80747.6, Diff: 0.0]
   [Code Root Fixup: 0.0 ms]
   [Code Root Purge: 0.0 ms]
   [Clear CT: 0.8 ms]
   [Other: 1.1 ms]
      [Choose CSet: 0.0 ms]
      [Ref Proc: 0.3 ms]
      [Ref Enq: 0.0 ms]
      [Redirty Cards: 0.4 ms]
      [Humongous Register: 0.0 ms]
      [Humongous Reclaim: 0.0 ms]
      [Free CSet: 0.1 ms]
   [Eden: 194.0M(194.0M)->0.0B(182.0M) Survivors: 2048.0K->25.0M Heap: 236.9M(2048.0M)->236.9M(2048.0M)]
 [Times: user=1.20 sys=0.02, real=0.16 secs] 
2020-09-29T12:06:29.994+0200: 80.882: [GC pause (G1 Evacuation Pause) (young), 0.1851310 secs]
   [Parallel Time: 183.7 ms, GC Workers: 8]
      [GC Worker Start (ms): Min: 80882.1, Avg: 80882.3, Max: 80882.3, Diff: 0.2]
      [Ext Root Scanning (ms): Min: 0.0, Avg: 0.1, Max: 0.2, Diff: 0.2, Sum: 0.6]
      [Update RS (ms): Min: 20.7, Avg: 20.9, Max: 21.5, Diff: 0.9, Sum: 166.9]
         [Processed Buffers: Min: 14, Avg: 14.9, Max: 16, Diff: 2, Sum: 119]
      [Scan RS (ms): Min: 16.4, Avg: 17.2, Max: 17.7, Diff: 1.3, Sum: 137.6]
      [Code Root Scanning (ms): Min: 0.0, Avg: 0.0, Max: 0.0, Diff: 0.0, Sum: 0.0]
      [Object Copy (ms): Min: 144.5, Avg: 144.9, Max: 145.2, Diff: 0.7, Sum: 1159.2]
      [Termination (ms): Min: 0.0, Avg: 0.3, Max: 0.3, Diff: 0.3, Sum: 2.1]
         [Termination Attempts: Min: 1, Avg: 1209.5, Max: 1511, Diff: 1510, Sum: 9676]
      [GC Worker Other (ms): Min: 0.0, Avg: 0.0, Max: 0.1, Diff: 0.1, Sum: 0.4]
      [GC Worker Total (ms): Min: 183.3, Avg: 183.3, Max: 183.5, Diff: 0.3, Sum: 1466.8]
      [GC Worker End (ms): Min: 81065.6, Avg: 81065.6, Max: 81065.6, Diff: 0.1]
   [Code Root Fixup: 0.0 ms]
   [Code Root Purge: 0.0 ms]
   [Clear CT: 0.2 ms]
   [Other: 1.2 ms]
      [Choose CSet: 0.0 ms]
      [Ref Proc: 0.3 ms]
      [Ref Enq: 0.0 ms]
      [Redirty Cards: 0.3 ms]
      [Humongous Register: 0.0 ms]
      [Humongous Reclaim: 0.0 ms]
      [Free CSet: 0.2 ms]
   [Eden: 182.0M(182.0M)->0.0B(172.0M) Survivors: 25.0M->26.0M Heap: 449.4M(2048.0M)->451.4M(2048.0M)]
 [Times: user=1.42 sys=0.05, real=0.18 secs] 
2020-09-29T12:06:30.320+0200: 81.209: [GC pause (G1 Evacuation Pause) (young), 0.1496023 secs]
   [Parallel Time: 148.3 ms, GC Workers: 8]
      [GC Worker Start (ms): Min: 81209.2, Avg: 81209.4, Max: 81209.5, Diff: 0.2]
      [Ext Root Scanning (ms): Min: 0.0, Avg: 0.1, Max: 0.2, Diff: 0.2, Sum: 0.6]
      [Update RS (ms): Min: 17.0, Avg: 17.3, Max: 17.8, Diff: 0.7, Sum: 138.1]
         [Processed Buffers: Min: 13, Avg: 13.8, Max: 15, Diff: 2, Sum: 110]
      [Scan RS (ms): Min: 11.7, Avg: 12.2, Max: 12.5, Diff: 0.8, Sum: 98.0]
      [Code Root Scanning (ms): Min: 0.0, Avg: 0.0, Max: 0.0, Diff: 0.0, Sum: 0.0]
      [Object Copy (ms): Min: 118.3, Avg: 118.4, Max: 118.5, Diff: 0.2, Sum: 946.9]
      [Termination (ms): Min: 0.0, Avg: 0.0, Max: 0.0, Diff: 0.0, Sum: 0.3]
         [Termination Attempts: Min: 1, Avg: 145.1, Max: 192, Diff: 191, Sum: 1161]
      [GC Worker Other (ms): Min: 0.0, Avg: 0.0, Max: 0.1, Diff: 0.1, Sum: 0.3]
      [GC Worker Total (ms): Min: 147.9, Avg: 148.0, Max: 148.2, Diff: 0.3, Sum: 1184.2]
      [GC Worker End (ms): Min: 81357.4, Avg: 81357.4, Max: 81357.4, Diff: 0.1]
   [Code Root Fixup: 0.0 ms]
   [Code Root Purge: 0.0 ms]
   [Clear CT: 0.3 ms]
   [Other: 1.0 ms]
      [Choose CSet: 0.0 ms]
      [Ref Proc: 0.3 ms]
      [Ref Enq: 0.0 ms]
      [Redirty Cards: 0.3 ms]
      [Humongous Register: 0.0 ms]
      [Humongous Reclaim: 0.0 ms]
      [Free CSet: 0.1 ms]
   [Eden: 172.0M(172.0M)->0.0B(184.0M) Survivors: 26.0M->25.0M Heap: 652.1M(2048.0M)->654.6M(2048.0M)]
 [Times: user=1.13 sys=0.00, real=0.15 secs] 
2020-09-29T12:06:30.606+0200: 81.496: [GC pause (G1 Evacuation Pause) (young), 0.1565352 secs]
   [Parallel Time: 155.1 ms, GC Workers: 8]
      [GC Worker Start (ms): Min: 81496.0, Avg: 81496.1, Max: 81496.2, Diff: 0.2]
      [Ext Root Scanning (ms): Min: 0.0, Avg: 0.1, Max: 0.2, Diff: 0.2, Sum: 0.7]
      [Update RS (ms): Min: 20.8, Avg: 21.3, Max: 22.0, Diff: 1.2, Sum: 170.2]
         [Processed Buffers: Min: 16, Avg: 16.9, Max: 18, Diff: 2, Sum: 135]
      [Scan RS (ms): Min: 10.0, Avg: 10.8, Max: 11.2, Diff: 1.2, Sum: 86.4]
      [Code Root Scanning (ms): Min: 0.0, Avg: 0.0, Max: 0.0, Diff: 0.0, Sum: 0.0]
      [Object Copy (ms): Min: 122.5, Avg: 122.6, Max: 122.7, Diff: 0.2, Sum: 980.6]
      [Termination (ms): Min: 0.0, Avg: 0.1, Max: 0.1, Diff: 0.1, Sum: 0.7]
         [Termination Attempts: Min: 1, Avg: 374.0, Max: 544, Diff: 543, Sum: 2992]
      [GC Worker Other (ms): Min: 0.0, Avg: 0.0, Max: 0.0, Diff: 0.0, Sum: 0.2]
      [GC Worker Total (ms): Min: 154.8, Avg: 154.8, Max: 154.9, Diff: 0.2, Sum: 1238.7]
      [GC Worker End (ms): Min: 81651.0, Avg: 81651.0, Max: 81651.0, Diff: 0.0]
   [Code Root Fixup: 0.0 ms]
   [Code Root Purge: 0.0 ms]
   [Clear CT: 0.2 ms]
   [Other: 1.2 ms]
      [Choose CSet: 0.0 ms]
      [Ref Proc: 0.3 ms]
      [Ref Enq: 0.0 ms]
      [Redirty Cards: 0.3 ms]
      [Humongous Register: 0.1 ms]
      [Humongous Reclaim: 0.0 ms]
      [Free CSet: 0.3 ms]
   [Eden: 184.0M(184.0M)->0.0B(194.0M) Survivors: 25.0M->27.0M Heap: 869.1M(2048.0M)->870.6M(2048.0M)]
 [Times: user=1.25 sys=0.00, real=0.16 secs] 
2020-09-29T12:06:30.931+0200: 81.820: [GC pause (G1 Evacuation Pause) (young), 0.2221042 secs]
   [Parallel Time: 219.8 ms, GC Workers: 8]
      [GC Worker Start (ms): Min: 81820.0, Avg: 81820.1, Max: 81820.3, Diff: 0.3]
      [Ext Root Scanning (ms): Min: 0.0, Avg: 0.1, Max: 0.2, Diff: 0.2, Sum: 0.9]
      [Update RS (ms): Min: 20.5, Avg: 21.0, Max: 22.0, Diff: 1.5, Sum: 168.2]
         [Processed Buffers: Min: 12, Avg: 12.6, Max: 14, Diff: 2, Sum: 101]
      [Scan RS (ms): Min: 19.1, Avg: 20.1, Max: 20.6, Diff: 1.5, Sum: 161.0]
      [Code Root Scanning (ms): Min: 0.0, Avg: 0.0, Max: 0.0, Diff: 0.0, Sum: 0.0]
      [Object Copy (ms): Min: 178.0, Avg: 178.1, Max: 178.2, Diff: 0.2, Sum: 1424.6]
      [Termination (ms): Min: 0.0, Avg: 0.0, Max: 0.0, Diff: 0.0, Sum: 0.2]
         [Termination Attempts: Min: 1, Avg: 101.4, Max: 131, Diff: 130, Sum: 811]
      [GC Worker Other (ms): Min: 0.0, Avg: 0.1, Max: 0.1, Diff: 0.1, Sum: 0.6]
      [GC Worker Total (ms): Min: 219.2, Avg: 219.4, Max: 219.6, Diff: 0.4, Sum: 1755.6]
      [GC Worker End (ms): Min: 82039.5, Avg: 82039.6, Max: 82039.6, Diff: 0.1]
   [Code Root Fixup: 0.0 ms]
   [Code Root Purge: 0.0 ms]
   [Clear CT: 0.3 ms]
   [Other: 2.0 ms]
      [Choose CSet: 0.0 ms]
      [Ref Proc: 0.4 ms]
      [Ref Enq: 0.0 ms]
      [Redirty Cards: 1.1 ms]
      [Humongous Register: 0.1 ms]
      [Humongous Reclaim: 0.0 ms]
      [Free CSet: 0.3 ms]
   [Eden: 194.0M(194.0M)->0.0B(165.0M) Survivors: 27.0M->28.0M Heap: 1097.0M(2048.0M)->1099.0M(2048.0M)]
 [Times: user=1.75 sys=0.00, real=0.22 secs] 
2020-09-29T12:06:31.168+0200: 82.057: [GC pause (G1 Humongous Allocation) (young) (initial-mark), 0.0858577 secs]
   [Parallel Time: 84.3 ms, GC Workers: 8]
      [GC Worker Start (ms): Min: 82057.3, Avg: 82057.4, Max: 82057.6, Diff: 0.3]
      [Ext Root Scanning (ms): Min: 0.8, Avg: 1.0, Max: 1.5, Diff: 0.7, Sum: 7.7]
      [Update RS (ms): Min: 37.4, Avg: 37.9, Max: 38.3, Diff: 0.8, Sum: 303.5]
         [Processed Buffers: Min: 23, Avg: 24.6, Max: 27, Diff: 4, Sum: 197]
      [Scan RS (ms): Min: 3.0, Avg: 3.3, Max: 3.7, Diff: 0.7, Sum: 26.6]
      [Code Root Scanning (ms): Min: 0.0, Avg: 0.0, Max: 0.0, Diff: 0.0, Sum: 0.0]
      [Object Copy (ms): Min: 41.1, Avg: 41.4, Max: 41.8, Diff: 0.7, Sum: 331.1]
      [Termination (ms): Min: 0.0, Avg: 0.4, Max: 0.6, Diff: 0.6, Sum: 3.2]
         [Termination Attempts: Min: 1, Avg: 1308.6, Max: 1667, Diff: 1666, Sum: 10469]
      [GC Worker Other (ms): Min: 0.0, Avg: 0.0, Max: 0.1, Diff: 0.0, Sum: 0.2]
      [GC Worker Total (ms): Min: 83.9, Avg: 84.0, Max: 84.1, Diff: 0.3, Sum: 672.3]
      [GC Worker End (ms): Min: 82141.4, Avg: 82141.4, Max: 82141.5, Diff: 0.0]
   [Code Root Fixup: 0.0 ms]
   [Code Root Purge: 0.0 ms]
   [Clear CT: 0.4 ms]
   [Other: 1.2 ms]
      [Choose CSet: 0.0 ms]
      [Ref Proc: 0.3 ms]
      [Ref Enq: 0.0 ms]
      [Redirty Cards: 0.4 ms]
      [Humongous Register: 0.1 ms]
      [Humongous Reclaim: 0.0 ms]
      [Free CSet: 0.1 ms]
   [Eden: 2048.0K(165.0M)->0.0B(140.0M) Survivors: 28.0M->4096.0K Heap: 1100.5M(2048.0M)->1104.0M(2048.0M)]
 [Times: user=0.61 sys=0.02, real=0.09 secs] 
2020-09-29T12:06:31.254+0200: 82.143: [GC concurrent-root-region-scan-start]
2020-09-29T12:06:31.255+0200: 82.144: [GC concurrent-root-region-scan-end, 0.0006711 secs]
2020-09-29T12:06:31.255+0200: 82.144: [GC concurrent-mark-start]
2020-09-29T12:06:31.260+0200: 82.149: [GC concurrent-mark-end, 0.0050156 secs]
2020-09-29T12:06:31.261+0200: 82.149: [GC remark 2020-09-29T12:06:31.261+0200: 82.149: [Finalize Marking, 0.0002636 secs] 2020-09-29T12:06:31.261+0200: 82.150: [GC ref-proc, 0.0006388 secs] 2020-09-29T12:06:31.261+0200: 82.150: [Unloading, 0.0008895 secs], 0.0024445 secs]
 [Times: user=0.00 sys=0.00, real=0.00 secs] 
2020-09-29T12:06:31.264+0200: 82.152: [GC cleanup 1110M->19M(2048M), 0.0030535 secs]
 [Times: user=0.00 sys=0.00, real=0.00 secs] 
2020-09-29T12:06:31.267+0200: 82.156: [GC concurrent-cleanup-start]
2020-09-29T12:06:31.270+0200: 82.158: [GC concurrent-cleanup-end, 0.0025498 secs]
2020-09-29T12:06:31.396+0200: 82.285: [GC pause (G1 Evacuation Pause) (young), 0.1498335 secs]
   [Parallel Time: 148.2 ms, GC Workers: 8]
      [GC Worker Start (ms): Min: 82284.9, Avg: 82285.1, Max: 82285.2, Diff: 0.3]
      [Ext Root Scanning (ms): Min: 0.0, Avg: 0.1, Max: 0.3, Diff: 0.3, Sum: 0.8]
      [Update RS (ms): Min: 18.2, Avg: 18.3, Max: 18.4, Diff: 0.3, Sum: 146.1]
         [Processed Buffers: Min: 10, Avg: 11.6, Max: 15, Diff: 5, Sum: 93]
      [Scan RS (ms): Min: 15.0, Avg: 15.2, Max: 15.6, Diff: 0.6, Sum: 121.8]
      [Code Root Scanning (ms): Min: 0.0, Avg: 0.0, Max: 0.0, Diff: 0.0, Sum: 0.0]
      [Object Copy (ms): Min: 113.5, Avg: 113.9, Max: 114.2, Diff: 0.7, Sum: 911.1]
      [Termination (ms): Min: 0.0, Avg: 0.2, Max: 0.3, Diff: 0.3, Sum: 1.8]
         [Termination Attempts: Min: 1, Avg: 787.1, Max: 1012, Diff: 1011, Sum: 6297]
      [GC Worker Other (ms): Min: 0.0, Avg: 0.0, Max: 0.1, Diff: 0.1, Sum: 0.3]
      [GC Worker Total (ms): Min: 147.6, Avg: 147.7, Max: 147.9, Diff: 0.3, Sum: 1181.9]
      [GC Worker End (ms): Min: 82432.8, Avg: 82432.8, Max: 82432.8, Diff: 0.1]
   [Code Root Fixup: 0.0 ms]
   [Code Root Purge: 0.0 ms]
   [Clear CT: 0.3 ms]
   [Other: 1.3 ms]
      [Choose CSet: 0.0 ms]
      [Ref Proc: 0.4 ms]
      [Ref Enq: 0.0 ms]
      [Redirty Cards: 0.4 ms]
      [Humongous Register: 0.0 ms]
      [Humongous Reclaim: 0.0 ms]
      [Free CSet: 0.2 ms]
   [Eden: 140.0M(140.0M)->0.0B(130.0M) Survivors: 4096.0K->18.0M Heap: 177.3M(2048.0M)->175.3M(2048.0M)]
 [Times: user=1.09 sys=0.03, real=0.15 secs] 
2020-09-29T12:06:31.672+0200: 82.561: [GC pause (G1 Evacuation Pause) (young), 0.1413564 secs]
   [Parallel Time: 139.6 ms, GC Workers: 8]
      [GC Worker Start (ms): Min: 82561.2, Avg: 82561.4, Max: 82561.5, Diff: 0.3]
      [Ext Root Scanning (ms): Min: 0.0, Avg: 0.1, Max: 0.3, Diff: 0.3, Sum: 0.8]
      [Update RS (ms): Min: 20.2, Avg: 20.4, Max: 20.8, Diff: 0.7, Sum: 163.1]
         [Processed Buffers: Min: 12, Avg: 13.3, Max: 16, Diff: 4, Sum: 106]
      [Scan RS (ms): Min: 9.9, Avg: 10.3, Max: 10.6, Diff: 0.7, Sum: 82.7]
      [Code Root Scanning (ms): Min: 0.0, Avg: 0.0, Max: 0.0, Diff: 0.0, Sum: 0.0]
      [Object Copy (ms): Min: 108.1, Avg: 108.4, Max: 108.5, Diff: 0.4, Sum: 866.8]
      [Termination (ms): Min: 0.0, Avg: 0.0, Max: 0.0, Diff: 0.0, Sum: 0.1]
         [Termination Attempts: Min: 1, Avg: 53.4, Max: 68, Diff: 67, Sum: 427]
      [GC Worker Other (ms): Min: 0.0, Avg: 0.0, Max: 0.1, Diff: 0.1, Sum: 0.3]
      [GC Worker Total (ms): Min: 139.1, Avg: 139.2, Max: 139.4, Diff: 0.3, Sum: 1113.8]
      [GC Worker End (ms): Min: 82700.6, Avg: 82700.6, Max: 82700.7, Diff: 0.1]
   [Code Root Fixup: 0.0 ms]
   [Code Root Purge: 0.0 ms]
   [Clear CT: 0.4 ms]
   [Other: 1.3 ms]
      [Choose CSet: 0.0 ms]
      [Ref Proc: 0.3 ms]
      [Ref Enq: 0.0 ms]
      [Redirty Cards: 0.4 ms]
      [Humongous Register: 0.1 ms]
      [Humongous Reclaim: 0.0 ms]
      [Free CSet: 0.2 ms]
   [Eden: 130.0M(130.0M)->0.0B(140.0M) Survivors: 18.0M->19.0M Heap: 326.3M(2048.0M)->327.3M(2048.0M)]
 [Times: user=1.13 sys=0.00, real=0.14 secs] 
2020-09-29T12:06:31.946+0200: 82.836: [GC pause (G1 Evacuation Pause) (young), 0.1655021 secs]
   [Parallel Time: 163.9 ms, GC Workers: 8]
      [GC Worker Start (ms): Min: 82835.7, Avg: 82835.9, Max: 82836.0, Diff: 0.3]
      [Ext Root Scanning (ms): Min: 0.0, Avg: 0.1, Max: 0.3, Diff: 0.3, Sum: 0.8]
      [Update RS (ms): Min: 16.0, Avg: 16.4, Max: 17.4, Diff: 1.3, Sum: 131.4]
         [Processed Buffers: Min: 9, Avg: 10.4, Max: 12, Diff: 3, Sum: 83]
      [Scan RS (ms): Min: 13.1, Avg: 14.1, Max: 14.5, Diff: 1.4, Sum: 112.7]
      [Code Root Scanning (ms): Min: 0.0, Avg: 0.0, Max: 0.0, Diff: 0.0, Sum: 0.0]
      [Object Copy (ms): Min: 132.7, Avg: 132.8, Max: 132.9, Diff: 0.2, Sum: 1062.4]
      [Termination (ms): Min: 0.0, Avg: 0.0, Max: 0.0, Diff: 0.0, Sum: 0.3]
         [Termination Attempts: Min: 1, Avg: 103.0, Max: 134, Diff: 133, Sum: 824]
      [GC Worker Other (ms): Min: 0.0, Avg: 0.0, Max: 0.1, Diff: 0.1, Sum: 0.4]
      [GC Worker Total (ms): Min: 163.4, Avg: 163.5, Max: 163.7, Diff: 0.3, Sum: 1308.0]
      [GC Worker End (ms): Min: 82999.4, Avg: 82999.4, Max: 82999.4, Diff: 0.1]
   [Code Root Fixup: 0.0 ms]
   [Code Root Purge: 0.0 ms]
   [Clear CT: 0.4 ms]
   [Other: 1.1 ms]
      [Choose CSet: 0.0 ms]
      [Ref Proc: 0.2 ms]
      [Ref Enq: 0.0 ms]
      [Redirty Cards: 0.3 ms]
      [Humongous Register: 0.1 ms]
      [Humongous Reclaim: 0.0 ms]
      [Free CSet: 0.2 ms]
   [Eden: 140.0M(140.0M)->0.0B(143.0M) Survivors: 19.0M->20.0M Heap: 490.2M(2048.0M)->492.7M(2048.0M)]
 [Times: user=1.25 sys=0.00, real=0.17 secs] 
2020-09-29T12:06:32.255+0200: 83.144: [GC pause (G1 Evacuation Pause) (young), 0.1646761 secs]
   [Parallel Time: 162.9 ms, GC Workers: 8]
      [GC Worker Start (ms): Min: 83144.6, Avg: 83144.7, Max: 83144.8, Diff: 0.2]
      [Ext Root Scanning (ms): Min: 0.0, Avg: 0.1, Max: 0.2, Diff: 0.2, Sum: 0.9]
      [Update RS (ms): Min: 21.4, Avg: 21.5, Max: 21.9, Diff: 0.4, Sum: 172.2]
         [Processed Buffers: Min: 13, Avg: 14.3, Max: 16, Diff: 3, Sum: 114]
      [Scan RS (ms): Min: 11.0, Avg: 11.4, Max: 11.7, Diff: 0.8, Sum: 91.3]
      [Code Root Scanning (ms): Min: 0.0, Avg: 0.0, Max: 0.0, Diff: 0.0, Sum: 0.0]
      [Object Copy (ms): Min: 129.1, Avg: 129.4, Max: 129.6, Diff: 0.5, Sum: 1035.1]
      [Termination (ms): Min: 0.0, Avg: 0.1, Max: 0.1, Diff: 0.1, Sum: 0.7]
         [Termination Attempts: Min: 1, Avg: 282.4, Max: 352, Diff: 351, Sum: 2259]
      [GC Worker Other (ms): Min: 0.0, Avg: 0.0, Max: 0.1, Diff: 0.1, Sum: 0.3]
      [GC Worker Total (ms): Min: 162.4, Avg: 162.6, Max: 162.7, Diff: 0.2, Sum: 1300.5]
      [GC Worker End (ms): Min: 83307.3, Avg: 83307.3, Max: 83307.3, Diff: 0.1]
   [Code Root Fixup: 0.0 ms]
   [Code Root Purge: 0.0 ms]
   [Clear CT: 0.4 ms]
   [Other: 1.3 ms]
      [Choose CSet: 0.0 ms]
      [Ref Proc: 0.2 ms]
      [Ref Enq: 0.0 ms]
      [Redirty Cards: 0.4 ms]
      [Humongous Register: 0.1 ms]
      [Humongous Reclaim: 0.0 ms]
      [Free CSet: 0.3 ms]
   [Eden: 143.0M(143.0M)->0.0B(148.0M) Survivors: 20.0M->21.0M Heap: 660.5M(2048.0M)->662.5M(2048.0M)]
 [Times: user=1.25 sys=0.00, real=0.16 secs] 
2020-09-29T12:06:32.570+0200: 83.458: [GC pause (G1 Evacuation Pause) (young), 0.1654290 secs]
   [Parallel Time: 163.9 ms, GC Workers: 8]
      [GC Worker Start (ms): Min: 83458.6, Avg: 83458.7, Max: 83458.8, Diff: 0.2]
      [Ext Root Scanning (ms): Min: 0.0, Avg: 0.1, Max: 0.2, Diff: 0.2, Sum: 1.0]
      [Update RS (ms): Min: 18.8, Avg: 19.1, Max: 19.4, Diff: 0.6, Sum: 152.7]
         [Processed Buffers: Min: 12, Avg: 13.0, Max: 15, Diff: 3, Sum: 104]
      [Scan RS (ms): Min: 12.6, Avg: 12.9, Max: 13.3, Diff: 0.7, Sum: 103.6]
      [Code Root Scanning (ms): Min: 0.0, Avg: 0.0, Max: 0.0, Diff: 0.0, Sum: 0.0]
      [Object Copy (ms): Min: 131.0, Avg: 131.1, Max: 131.3, Diff: 0.3, Sum: 1049.0]
      [Termination (ms): Min: 0.0, Avg: 0.2, Max: 0.2, Diff: 0.2, Sum: 1.4]
         [Termination Attempts: Min: 1, Avg: 552.1, Max: 714, Diff: 713, Sum: 4417]
      [GC Worker Other (ms): Min: 0.0, Avg: 0.0, Max: 0.1, Diff: 0.0, Sum: 0.3]
      [GC Worker Total (ms): Min: 163.4, Avg: 163.5, Max: 163.6, Diff: 0.2, Sum: 1308.0]
      [GC Worker End (ms): Min: 83622.2, Avg: 83622.2, Max: 83622.3, Diff: 0.0]
   [Code Root Fixup: 0.0 ms]
   [Code Root Purge: 0.0 ms]
   [Clear CT: 0.4 ms]
   [Other: 1.2 ms]
      [Choose CSet: 0.0 ms]
      [Ref Proc: 0.2 ms]
      [Ref Enq: 0.0 ms]
      [Redirty Cards: 0.4 ms]
      [Humongous Register: 0.1 ms]
      [Humongous Reclaim: 0.0 ms]
      [Free CSet: 0.3 ms]
   [Eden: 148.0M(148.0M)->0.0B(153.0M) Survivors: 21.0M->22.0M Heap: 835.3M(2048.0M)->837.3M(2048.0M)]
 [Times: user=1.25 sys=0.00, real=0.17 secs] 
2020-09-29T12:06:32.888+0200: 83.777: [GC pause (G1 Evacuation Pause) (young), 0.1739367 secs]
   [Parallel Time: 172.2 ms, GC Workers: 8]
      [GC Worker Start (ms): Min: 83776.7, Avg: 83776.9, Max: 83777.0, Diff: 0.3]
      [Ext Root Scanning (ms): Min: 0.0, Avg: 0.1, Max: 0.3, Diff: 0.3, Sum: 0.8]
      [Update RS (ms): Min: 16.9, Avg: 17.6, Max: 18.4, Diff: 1.5, Sum: 140.5]
         [Processed Buffers: Min: 10, Avg: 11.5, Max: 14, Diff: 4, Sum: 92]
      [Scan RS (ms): Min: 13.9, Avg: 14.8, Max: 15.4, Diff: 1.5, Sum: 118.4]
      [Code Root Scanning (ms): Min: 0.0, Avg: 0.0, Max: 0.0, Diff: 0.0, Sum: 0.0]
      [Object Copy (ms): Min: 139.0, Avg: 139.2, Max: 139.3, Diff: 0.3, Sum: 1113.7]
      [Termination (ms): Min: 0.0, Avg: 0.1, Max: 0.1, Diff: 0.1, Sum: 0.7]
         [Termination Attempts: Min: 1, Avg: 309.6, Max: 381, Diff: 380, Sum: 2477]
      [GC Worker Other (ms): Min: 0.0, Avg: 0.0, Max: 0.1, Diff: 0.1, Sum: 0.3]
      [GC Worker Total (ms): Min: 171.7, Avg: 171.8, Max: 172.0, Diff: 0.3, Sum: 1374.5]
      [GC Worker End (ms): Min: 83948.7, Avg: 83948.7, Max: 83948.7, Diff: 0.1]
   [Code Root Fixup: 0.0 ms]
   [Code Root Purge: 0.0 ms]
   [Clear CT: 0.3 ms]
   [Other: 1.4 ms]
      [Choose CSet: 0.0 ms]
      [Ref Proc: 0.2 ms]
      [Ref Enq: 0.0 ms]
      [Redirty Cards: 0.6 ms]
      [Humongous Register: 0.1 ms]
      [Humongous Reclaim: 0.0 ms]
      [Free CSet: 0.3 ms]
   [Eden: 153.0M(153.0M)->0.0B(156.0M) Survivors: 22.0M->22.0M Heap: 1015.1M(2048.0M)->1017.1M(2048.0M)]
 [Times: user=1.36 sys=0.00, real=0.17 secs] 
2020-09-29T12:06:33.077+0200: 83.966: [GC pause (G1 Humongous Allocation) (young) (initial-mark), 0.0626419 secs]
   [Parallel Time: 61.2 ms, GC Workers: 8]
      [GC Worker Start (ms): Min: 83965.8, Avg: 83966.0, Max: 83966.1, Diff: 0.3]
      [Ext Root Scanning (ms): Min: 0.0, Avg: 0.2, Max: 0.4, Diff: 0.4, Sum: 2.0]
      [Update RS (ms): Min: 34.9, Avg: 35.2, Max: 35.6, Diff: 0.8, Sum: 281.3]
         [Processed Buffers: Min: 12, Avg: 20.6, Max: 24, Diff: 12, Sum: 165]
      [Scan RS (ms): Min: 2.1, Avg: 2.7, Max: 3.2, Diff: 1.0, Sum: 21.7]
      [Code Root Scanning (ms): Min: 0.0, Avg: 0.0, Max: 0.0, Diff: 0.0, Sum: 0.0]
      [Object Copy (ms): Min: 22.4, Avg: 22.6, Max: 22.6, Diff: 0.2, Sum: 180.4]
      [Termination (ms): Min: 0.0, Avg: 0.0, Max: 0.0, Diff: 0.0, Sum: 0.2]
         [Termination Attempts: Min: 1, Avg: 60.1, Max: 82, Diff: 81, Sum: 481]
      [GC Worker Other (ms): Min: 0.0, Avg: 0.0, Max: 0.0, Diff: 0.0, Sum: 0.2]
      [GC Worker Total (ms): Min: 60.5, Avg: 60.7, Max: 60.9, Diff: 0.4, Sum: 485.8]
      [GC Worker End (ms): Min: 84026.7, Avg: 84026.7, Max: 84026.7, Diff: 0.0]
   [Code Root Fixup: 0.0 ms]
   [Code Root Purge: 0.0 ms]
   [Clear CT: 0.4 ms]
   [Other: 1.1 ms]
      [Choose CSet: 0.0 ms]
      [Ref Proc: 0.3 ms]
      [Ref Enq: 0.0 ms]
      [Redirty Cards: 0.3 ms]
      [Humongous Register: 0.1 ms]
      [Humongous Reclaim: 0.0 ms]
      [Free CSet: 0.1 ms]
   [Eden: 5120.0K(156.0M)->0.0B(174.0M) Survivors: 22.0M->7168.0K Heap: 1021.6M(2048.0M)->1025.6M(2048.0M)]
 [Times: user=0.47 sys=0.00, real=0.06 secs] 
2020-09-29T12:06:33.140+0200: 84.028: [GC concurrent-root-region-scan-start]
2020-09-29T12:06:33.145+0200: 84.034: [GC concurrent-root-region-scan-end, 0.0054922 secs]
2020-09-29T12:06:33.145+0200: 84.034: [GC concurrent-mark-start]
2020-09-29T12:06:33.153+0200: 84.041: [GC concurrent-mark-end, 0.0073496 secs]
2020-09-29T12:06:33.153+0200: 84.042: [GC remark 2020-09-29T12:06:33.153+0200: 84.042: [Finalize Marking, 0.0002858 secs] 2020-09-29T12:06:33.153+0200: 84.042: [GC ref-proc, 0.0006932 secs] 2020-09-29T12:06:33.154+0200: 84.043: [Unloading, 0.0012094 secs], 0.0029150 secs]
 [Times: user=0.00 sys=0.00, real=0.00 secs] 
2020-09-29T12:06:33.157+0200: 84.045: [GC cleanup 1042M->32M(2048M), 0.0024893 secs]
 [Times: user=0.00 sys=0.00, real=0.00 secs] 
2020-09-29T12:06:33.159+0200: 84.048: [GC concurrent-cleanup-start]
2020-09-29T12:06:33.162+0200: 84.051: [GC concurrent-cleanup-end, 0.0031522 secs]
2020-09-29T12:06:33.318+0200: 84.206: [GC pause (G1 Evacuation Pause) (young), 0.2300183 secs]
   [Parallel Time: 228.4 ms, GC Workers: 8]
      [GC Worker Start (ms): Min: 84206.4, Avg: 84210.5, Max: 84238.1, Diff: 31.7]
      [Ext Root Scanning (ms): Min: 0.0, Avg: 0.1, Max: 0.3, Diff: 0.2, Sum: 0.9]
      [Update RS (ms): Min: 0.0, Avg: 16.7, Max: 19.5, Diff: 19.5, Sum: 133.7]
         [Processed Buffers: Min: 0, Avg: 11.8, Max: 15, Diff: 15, Sum: 94]
      [Scan RS (ms): Min: 5.1, Avg: 19.3, Max: 44.4, Diff: 39.3, Sum: 154.2]
      [Code Root Scanning (ms): Min: 0.0, Avg: 0.0, Max: 0.0, Diff: 0.0, Sum: 0.0]
      [Object Copy (ms): Min: 164.4, Avg: 187.8, Max: 191.2, Diff: 26.8, Sum: 1502.8]
      [Termination (ms): Min: 0.0, Avg: 0.1, Max: 0.1, Diff: 0.1, Sum: 0.9]
         [Termination Attempts: Min: 1, Avg: 385.6, Max: 463, Diff: 462, Sum: 3085]
      [GC Worker Other (ms): Min: 0.0, Avg: 0.1, Max: 0.1, Diff: 0.1, Sum: 0.4]
      [GC Worker Total (ms): Min: 196.5, Avg: 224.1, Max: 228.2, Diff: 31.7, Sum: 1792.8]
      [GC Worker End (ms): Min: 84434.6, Avg: 84434.6, Max: 84434.7, Diff: 0.1]
   [Code Root Fixup: 0.0 ms]
   [Code Root Purge: 0.0 ms]
   [Clear CT: 0.5 ms]
   [Other: 1.1 ms]
      [Choose CSet: 0.0 ms]
      [Ref Proc: 0.2 ms]
      [Ref Enq: 0.0 ms]
      [Redirty Cards: 0.4 ms]
      [Humongous Register: 0.1 ms]
      [Humongous Reclaim: 0.0 ms]
      [Free CSet: 0.2 ms]
   [Eden: 174.0M(174.0M)->0.0B(132.0M) Survivors: 7168.0K->23.0M Heap: 220.0M(2048.0M)->215.0M(2048.0M)]
 [Times: user=1.55 sys=0.00, real=0.23 secs] 
2020-09-29T12:06:33.677+0200: 84.566: [GC pause (G1 Evacuation Pause) (young), 0.1508105 secs]
   [Parallel Time: 149.2 ms, GC Workers: 8]
      [GC Worker Start (ms): Min: 84566.2, Avg: 84566.3, Max: 84566.4, Diff: 0.3]
      [Ext Root Scanning (ms): Min: 0.0, Avg: 0.1, Max: 0.3, Diff: 0.3, Sum: 1.0]
      [Update RS (ms): Min: 18.9, Avg: 19.5, Max: 20.2, Diff: 1.3, Sum: 155.8]
         [Processed Buffers: Min: 11, Avg: 12.4, Max: 14, Diff: 3, Sum: 99]
      [Scan RS (ms): Min: 10.1, Avg: 10.8, Max: 11.4, Diff: 1.3, Sum: 86.4]
      [Code Root Scanning (ms): Min: 0.0, Avg: 0.0, Max: 0.0, Diff: 0.0, Sum: 0.0]
      [Object Copy (ms): Min: 118.2, Avg: 118.3, Max: 118.4, Diff: 0.1, Sum: 946.2]
      [Termination (ms): Min: 0.0, Avg: 0.1, Max: 0.1, Diff: 0.1, Sum: 0.6]
         [Termination Attempts: Min: 1, Avg: 275.5, Max: 356, Diff: 355, Sum: 2204]
      [GC Worker Other (ms): Min: 0.0, Avg: 0.1, Max: 0.1, Diff: 0.1, Sum: 0.6]
      [GC Worker Total (ms): Min: 148.7, Avg: 148.8, Max: 149.0, Diff: 0.3, Sum: 1190.5]
      [GC Worker End (ms): Min: 84715.1, Avg: 84715.1, Max: 84715.2, Diff: 0.1]
   [Code Root Fixup: 0.0 ms]
   [Code Root Purge: 0.0 ms]
   [Clear CT: 0.4 ms]
   [Other: 1.3 ms]
      [Choose CSet: 0.0 ms]
      [Ref Proc: 0.4 ms]
      [Ref Enq: 0.0 ms]
      [Redirty Cards: 0.4 ms]
      [Humongous Register: 0.1 ms]
      [Humongous Reclaim: 0.0 ms]
      [Free CSet: 0.2 ms]
   [Eden: 132.0M(132.0M)->0.0B(143.0M) Survivors: 23.0M->20.0M Heap: 368.0M(2048.0M)->370.5M(2048.0M)]
 [Times: user=1.13 sys=0.00, real=0.15 secs] 
2020-09-29T12:06:33.965+0200: 84.854: [GC pause (G1 Evacuation Pause) (young), 0.1647577 secs]
   [Parallel Time: 162.8 ms, GC Workers: 8]
      [GC Worker Start (ms): Min: 84854.6, Avg: 84854.7, Max: 84854.8, Diff: 0.2]
      [Ext Root Scanning (ms): Min: 0.0, Avg: 0.1, Max: 0.2, Diff: 0.2, Sum: 0.8]
      [Update RS (ms): Min: 24.7, Avg: 25.1, Max: 26.1, Diff: 1.4, Sum: 200.5]
         [Processed Buffers: Min: 15, Avg: 16.6, Max: 18, Diff: 3, Sum: 133]
      [Scan RS (ms): Min: 8.8, Avg: 9.9, Max: 10.3, Diff: 1.5, Sum: 79.4]
      [Code Root Scanning (ms): Min: 0.0, Avg: 0.0, Max: 0.0, Diff: 0.0, Sum: 0.0]
      [Object Copy (ms): Min: 126.9, Avg: 127.2, Max: 127.4, Diff: 0.5, Sum: 1017.8]
      [Termination (ms): Min: 0.0, Avg: 0.1, Max: 0.1, Diff: 0.1, Sum: 0.7]
         [Termination Attempts: Min: 1, Avg: 282.8, Max: 368, Diff: 367, Sum: 2262]
      [GC Worker Other (ms): Min: 0.0, Avg: 0.1, Max: 0.1, Diff: 0.1, Sum: 0.5]
      [GC Worker Total (ms): Min: 162.4, Avg: 162.4, Max: 162.6, Diff: 0.2, Sum: 1299.6]
      [GC Worker End (ms): Min: 85017.1, Avg: 85017.2, Max: 85017.2, Diff: 0.1]
   [Code Root Fixup: 0.0 ms]
   [Code Root Purge: 0.0 ms]
   [Clear CT: 0.6 ms]
   [Other: 1.4 ms]
      [Choose CSet: 0.0 ms]
      [Ref Proc: 0.4 ms]
      [Ref Enq: 0.0 ms]
      [Redirty Cards: 0.4 ms]
      [Humongous Register: 0.1 ms]
      [Humongous Reclaim: 0.0 ms]
      [Free CSet: 0.2 ms]
   [Eden: 143.0M(143.0M)->0.0B(148.0M) Survivors: 20.0M->21.0M Heap: 538.3M(2048.0M)->540.3M(2048.0M)]
 [Times: user=1.26 sys=0.00, real=0.17 secs] 
2020-09-29T12:06:34.286+0200: 85.175: [GC pause (G1 Evacuation Pause) (young), 0.1737285 secs]
   [Parallel Time: 172.2 ms, GC Workers: 8]
      [GC Worker Start (ms): Min: 85174.9, Avg: 85175.1, Max: 85175.2, Diff: 0.3]
      [Ext Root Scanning (ms): Min: 0.0, Avg: 0.1, Max: 0.3, Diff: 0.3, Sum: 0.8]
      [Update RS (ms): Min: 21.1, Avg: 21.2, Max: 21.4, Diff: 0.2, Sum: 169.7]
         [Processed Buffers: Min: 11, Avg: 14.0, Max: 17, Diff: 6, Sum: 112]
      [Scan RS (ms): Min: 12.9, Avg: 13.0, Max: 13.2, Diff: 0.3, Sum: 104.2]
      [Code Root Scanning (ms): Min: 0.0, Avg: 0.0, Max: 0.0, Diff: 0.0, Sum: 0.0]
      [Object Copy (ms): Min: 137.3, Avg: 137.4, Max: 137.4, Diff: 0.1, Sum: 1099.1]
      [Termination (ms): Min: 0.0, Avg: 0.1, Max: 0.1, Diff: 0.1, Sum: 0.7]
         [Termination Attempts: Min: 1, Avg: 282.1, Max: 381, Diff: 380, Sum: 2257]
      [GC Worker Other (ms): Min: 0.0, Avg: 0.1, Max: 0.1, Diff: 0.1, Sum: 0.5]
      [GC Worker Total (ms): Min: 171.7, Avg: 171.9, Max: 172.0, Diff: 0.3, Sum: 1374.9]
      [GC Worker End (ms): Min: 85346.9, Avg: 85346.9, Max: 85347.0, Diff: 0.1]
   [Code Root Fixup: 0.0 ms]
   [Code Root Purge: 0.0 ms]
   [Clear CT: 0.3 ms]
   [Other: 1.3 ms]
      [Choose CSet: 0.0 ms]
      [Ref Proc: 0.3 ms]
      [Ref Enq: 0.0 ms]
      [Redirty Cards: 0.4 ms]
      [Humongous Register: 0.1 ms]
      [Humongous Reclaim: 0.0 ms]
      [Free CSet: 0.2 ms]
   [Eden: 148.0M(148.0M)->0.0B(151.0M) Survivors: 21.0M->22.0M Heap: 713.1M(2048.0M)->715.1M(2048.0M)]
 [Times: user=1.38 sys=0.00, real=0.17 secs] 
2020-09-29T12:06:34.604+0200: 85.494: [GC pause (G1 Evacuation Pause) (young), 0.1726733 secs]
   [Parallel Time: 171.1 ms, GC Workers: 8]
      [GC Worker Start (ms): Min: 85494.0, Avg: 85494.1, Max: 85494.2, Diff: 0.2]
      [Ext Root Scanning (ms): Min: 0.0, Avg: 0.1, Max: 0.2, Diff: 0.2, Sum: 1.0]
      [Update RS (ms): Min: 15.2, Avg: 15.6, Max: 16.9, Diff: 1.7, Sum: 124.7]
         [Processed Buffers: Min: 9, Avg: 10.6, Max: 13, Diff: 4, Sum: 85]
      [Scan RS (ms): Min: 15.1, Avg: 16.4, Max: 16.9, Diff: 1.8, Sum: 131.3]
      [Code Root Scanning (ms): Min: 0.0, Avg: 0.0, Max: 0.0, Diff: 0.0, Sum: 0.0]
      [Object Copy (ms): Min: 138.4, Avg: 138.5, Max: 138.5, Diff: 0.1, Sum: 1107.8]
      [Termination (ms): Min: 0.0, Avg: 0.0, Max: 0.0, Diff: 0.0, Sum: 0.3]
         [Termination Attempts: Min: 1, Avg: 95.9, Max: 133, Diff: 132, Sum: 767]
      [GC Worker Other (ms): Min: 0.0, Avg: 0.1, Max: 0.1, Diff: 0.1, Sum: 0.4]
      [GC Worker Total (ms): Min: 170.6, Avg: 170.7, Max: 170.8, Diff: 0.3, Sum: 1365.5]
      [GC Worker End (ms): Min: 85664.8, Avg: 85664.8, Max: 85664.8, Diff: 0.1]
   [Code Root Fixup: 0.0 ms]
   [Code Root Purge: 0.0 ms]
   [Clear CT: 0.4 ms]
   [Other: 1.2 ms]
      [Choose CSet: 0.0 ms]
      [Ref Proc: 0.2 ms]
      [Ref Enq: 0.0 ms]
      [Redirty Cards: 0.4 ms]
      [Humongous Register: 0.1 ms]
      [Humongous Reclaim: 0.0 ms]
      [Free CSet: 0.3 ms]
   [Eden: 151.0M(151.0M)->0.0B(153.0M) Survivors: 22.0M->22.0M Heap: 890.9M(2048.0M)->892.4M(2048.0M)]
 [Times: user=1.38 sys=0.00, real=0.17 secs] 
2020-09-29T12:06:34.937+0200: 85.825: [GC pause (G1 Evacuation Pause) (young), 0.1754652 secs]
   [Parallel Time: 173.9 ms, GC Workers: 8]
      [GC Worker Start (ms): Min: 85825.5, Avg: 85826.7, Max: 85834.2, Diff: 8.6]
      [Ext Root Scanning (ms): Min: 0.0, Avg: 0.1, Max: 0.3, Diff: 0.2, Sum: 0.8]
      [Update RS (ms): Min: 9.9, Avg: 17.4, Max: 18.9, Diff: 9.0, Sum: 139.3]
         [Processed Buffers: Min: 6, Avg: 11.3, Max: 14, Diff: 8, Sum: 90]
      [Scan RS (ms): Min: 13.7, Avg: 14.1, Max: 14.5, Diff: 0.8, Sum: 113.0]
      [Code Root Scanning (ms): Min: 0.0, Avg: 0.0, Max: 0.0, Diff: 0.0, Sum: 0.0]
      [Object Copy (ms): Min: 140.5, Avg: 140.6, Max: 140.8, Diff: 0.2, Sum: 1125.1]
      [Termination (ms): Min: 0.0, Avg: 0.1, Max: 0.2, Diff: 0.2, Sum: 0.9]
         [Termination Attempts: Min: 1, Avg: 377.3, Max: 486, Diff: 485, Sum: 3018]
      [GC Worker Other (ms): Min: 0.0, Avg: 0.0, Max: 0.1, Diff: 0.1, Sum: 0.3]
      [GC Worker Total (ms): Min: 165.1, Avg: 172.4, Max: 173.6, Diff: 8.6, Sum: 1379.6]
      [GC Worker End (ms): Min: 85999.2, Avg: 85999.2, Max: 85999.2, Diff: 0.1]
   [Code Root Fixup: 0.0 ms]
   [Code Root Purge: 0.0 ms]
   [Clear CT: 0.3 ms]
   [Other: 1.2 ms]
      [Choose CSet: 0.0 ms]
      [Ref Proc: 0.3 ms]
      [Ref Enq: 0.0 ms]
      [Redirty Cards: 0.4 ms]
      [Humongous Register: 0.1 ms]
      [Humongous Reclaim: 0.0 ms]
      [Free CSet: 0.3 ms]
   [Eden: 153.0M(153.0M)->0.0B(154.0M) Survivors: 22.0M->22.0M Heap: 1070.2M(2048.0M)->1072.2M(2048.0M)]
 [Times: user=1.36 sys=0.00, real=0.17 secs] 
2020-09-29T12:06:35.120+0200: 86.009: [GC pause (G1 Humongous Allocation) (young) (initial-mark), 0.0684553 secs]
   [Parallel Time: 66.2 ms, GC Workers: 8]
      [GC Worker Start (ms): Min: 86009.4, Avg: 86009.4, Max: 86009.6, Diff: 0.2]
      [Ext Root Scanning (ms): Min: 0.0, Avg: 0.3, Max: 0.8, Diff: 0.8, Sum: 2.5]
      [Update RS (ms): Min: 36.9, Avg: 37.9, Max: 39.3, Diff: 2.4, Sum: 303.2]
         [Processed Buffers: Min: 22, Avg: 24.5, Max: 28, Diff: 6, Sum: 196]
      [Scan RS (ms): Min: 1.7, Avg: 2.9, Max: 3.5, Diff: 1.8, Sum: 23.6]
      [Code Root Scanning (ms): Min: 0.0, Avg: 0.0, Max: 0.0, Diff: 0.0, Sum: 0.0]
      [Object Copy (ms): Min: 24.5, Avg: 24.5, Max: 24.6, Diff: 0.2, Sum: 196.2]
      [Termination (ms): Min: 0.0, Avg: 0.0, Max: 0.0, Diff: 0.0, Sum: 0.3]
         [Termination Attempts: Min: 1, Avg: 112.1, Max: 149, Diff: 148, Sum: 897]
      [GC Worker Other (ms): Min: 0.0, Avg: 0.0, Max: 0.1, Diff: 0.0, Sum: 0.3]
      [GC Worker Total (ms): Min: 65.6, Avg: 65.8, Max: 65.8, Diff: 0.2, Sum: 526.0]
      [GC Worker End (ms): Min: 86075.2, Avg: 86075.2, Max: 86075.2, Diff: 0.0]
   [Code Root Fixup: 0.0 ms]
   [Code Root Purge: 0.0 ms]
   [Clear CT: 0.7 ms]
   [Other: 1.5 ms]
      [Choose CSet: 0.0 ms]
      [Ref Proc: 0.4 ms]
      [Ref Enq: 0.0 ms]
      [Redirty Cards: 0.6 ms]
      [Humongous Register: 0.1 ms]
      [Humongous Reclaim: 0.0 ms]
      [Free CSet: 0.1 ms]
   [Eden: 4096.0K(154.0M)->0.0B(166.0M) Survivors: 22.0M->6144.0K Heap: 1075.7M(2048.0M)->1080.2M(2048.0M)]
 [Times: user=0.50 sys=0.00, real=0.07 secs] 
2020-09-29T12:06:35.189+0200: 86.078: [GC concurrent-root-region-scan-start]
2020-09-29T12:06:35.191+0200: 86.080: [GC concurrent-root-region-scan-end, 0.0021562 secs]
2020-09-29T12:06:35.191+0200: 86.080: [GC concurrent-mark-start]
2020-09-29T12:06:35.197+0200: 86.086: [GC concurrent-mark-end, 0.0055685 secs]
2020-09-29T12:06:35.197+0200: 86.086: [GC remark 2020-09-29T12:06:35.198+0200: 86.086: [Finalize Marking, 0.0003330 secs] 2020-09-29T12:06:35.198+0200: 86.086: [GC ref-proc, 0.0011388 secs] 2020-09-29T12:06:35.199+0200: 86.088: [Unloading, 0.0009446 secs], 0.0032208 secs]
 [Times: user=0.00 sys=0.00, real=0.00 secs] 
2020-09-29T12:06:35.201+0200: 86.090: [GC cleanup 1089M->23M(2048M), 0.0027179 secs]
 [Times: user=0.00 sys=0.00, real=0.00 secs] 
2020-09-29T12:06:35.204+0200: 86.093: [GC concurrent-cleanup-start]
2020-09-29T12:06:35.207+0200: 86.095: [GC concurrent-cleanup-end, 0.0025709 secs]
2020-09-29T12:06:35.355+0200: 86.244: [GC pause (G1 Evacuation Pause) (young), 0.1708045 secs]
   [Parallel Time: 169.3 ms, GC Workers: 8]
      [GC Worker Start (ms): Min: 86244.1, Avg: 86244.2, Max: 86244.4, Diff: 0.3]
      [Ext Root Scanning (ms): Min: 0.0, Avg: 0.1, Max: 0.3, Diff: 0.3, Sum: 0.9]
      [Update RS (ms): Min: 21.5, Avg: 21.7, Max: 22.1, Diff: 0.6, Sum: 173.4]
         [Processed Buffers: Min: 13, Avg: 13.9, Max: 16, Diff: 3, Sum: 111]
      [Scan RS (ms): Min: 11.9, Avg: 12.3, Max: 12.4, Diff: 0.5, Sum: 98.1]
      [Code Root Scanning (ms): Min: 0.0, Avg: 0.0, Max: 0.0, Diff: 0.0, Sum: 0.0]
      [Object Copy (ms): Min: 134.6, Avg: 134.7, Max: 134.9, Diff: 0.2, Sum: 1077.7]
      [Termination (ms): Min: 0.0, Avg: 0.1, Max: 0.2, Diff: 0.2, Sum: 1.0]
         [Termination Attempts: Min: 1, Avg: 442.0, Max: 551, Diff: 550, Sum: 3536]
      [GC Worker Other (ms): Min: 0.0, Avg: 0.1, Max: 0.1, Diff: 0.1, Sum: 0.5]
      [GC Worker Total (ms): Min: 168.8, Avg: 168.9, Max: 169.1, Diff: 0.3, Sum: 1351.5]
      [GC Worker End (ms): Min: 86413.1, Avg: 86413.2, Max: 86413.2, Diff: 0.1]
   [Code Root Fixup: 0.0 ms]
   [Code Root Purge: 0.0 ms]
   [Clear CT: 0.3 ms]
   [Other: 1.2 ms]
      [Choose CSet: 0.0 ms]
      [Ref Proc: 0.3 ms]
      [Ref Enq: 0.0 ms]
      [Redirty Cards: 0.4 ms]
      [Humongous Register: 0.1 ms]
      [Humongous Reclaim: 0.0 ms]
      [Free CSet: 0.2 ms]
   [Eden: 166.0M(166.0M)->0.0B(155.0M) Survivors: 6144.0K->22.0M Heap: 209.1M(2048.0M)->205.6M(2048.0M)]
 [Times: user=1.36 sys=0.00, real=0.17 secs] 
2020-09-29T12:06:35.676+0200: 86.565: [GC pause (G1 Evacuation Pause) (young), 0.1781748 secs]
   [Parallel Time: 176.5 ms, GC Workers: 8]
      [GC Worker Start (ms): Min: 86564.8, Avg: 86565.0, Max: 86565.1, Diff: 0.2]
      [Ext Root Scanning (ms): Min: 0.0, Avg: 0.1, Max: 0.3, Diff: 0.2, Sum: 0.9]
      [Update RS (ms): Min: 21.7, Avg: 21.9, Max: 22.3, Diff: 0.6, Sum: 175.0]
         [Processed Buffers: Min: 13, Avg: 14.9, Max: 17, Diff: 4, Sum: 119]
      [Scan RS (ms): Min: 13.1, Avg: 13.5, Max: 13.7, Diff: 0.7, Sum: 108.0]
      [Code Root Scanning (ms): Min: 0.0, Avg: 0.0, Max: 0.0, Diff: 0.0, Sum: 0.0]
      [Object Copy (ms): Min: 140.4, Avg: 140.5, Max: 140.6, Diff: 0.2, Sum: 1124.1]
      [Termination (ms): Min: 0.0, Avg: 0.1, Max: 0.1, Diff: 0.1, Sum: 0.4]
         [Termination Attempts: Min: 1, Avg: 178.4, Max: 234, Diff: 233, Sum: 1427]
      [GC Worker Other (ms): Min: 0.0, Avg: 0.0, Max: 0.1, Diff: 0.1, Sum: 0.3]
      [GC Worker Total (ms): Min: 176.0, Avg: 176.1, Max: 176.2, Diff: 0.2, Sum: 1408.8]
      [GC Worker End (ms): Min: 86741.0, Avg: 86741.1, Max: 86741.1, Diff: 0.1]
   [Code Root Fixup: 0.0 ms]
   [Code Root Purge: 0.0 ms]
   [Clear CT: 0.2 ms]
   [Other: 1.4 ms]
      [Choose CSet: 0.0 ms]
      [Ref Proc: 0.4 ms]
      [Ref Enq: 0.0 ms]
      [Redirty Cards: 0.4 ms]
      [Humongous Register: 0.1 ms]
      [Humongous Reclaim: 0.0 ms]
      [Free CSet: 0.3 ms]
   [Eden: 155.0M(155.0M)->0.0B(154.0M) Survivors: 22.0M->23.0M Heap: 387.3M(2048.0M)->389.3M(2048.0M)]
 [Times: user=1.48 sys=0.02, real=0.18 secs] 
2020-09-29T12:06:35.959+0200: 86.849: [GC pause (G1 Evacuation Pause) (young), 0.0853706 secs]
   [Parallel Time: 84.3 ms, GC Workers: 8]
      [GC Worker Start (ms): Min: 86848.8, Avg: 86848.9, Max: 86848.9, Diff: 0.2]
      [Ext Root Scanning (ms): Min: 0.0, Avg: 0.1, Max: 0.1, Diff: 0.1, Sum: 0.6]
      [Update RS (ms): Min: 7.8, Avg: 7.9, Max: 7.9, Diff: 0.2, Sum: 62.8]
         [Processed Buffers: Min: 9, Avg: 10.0, Max: 11, Diff: 2, Sum: 80]
      [Scan RS (ms): Min: 8.0, Avg: 8.1, Max: 8.3, Diff: 0.3, Sum: 64.6]
      [Code Root Scanning (ms): Min: 0.0, Avg: 0.0, Max: 0.0, Diff: 0.0, Sum: 0.0]
      [Object Copy (ms): Min: 67.9, Avg: 68.1, Max: 68.2, Diff: 0.3, Sum: 544.5]
      [Termination (ms): Min: 0.0, Avg: 0.1, Max: 0.1, Diff: 0.1, Sum: 0.5]
         [Termination Attempts: Min: 1, Avg: 418.5, Max: 569, Diff: 568, Sum: 3348]
      [GC Worker Other (ms): Min: 0.0, Avg: 0.0, Max: 0.0, Diff: 0.0, Sum: 0.2]
      [GC Worker Total (ms): Min: 84.0, Avg: 84.1, Max: 84.2, Diff: 0.2, Sum: 673.2]
      [GC Worker End (ms): Min: 86933.0, Avg: 86933.0, Max: 86933.0, Diff: 0.0]
   [Code Root Fixup: 0.0 ms]
   [Code Root Purge: 0.0 ms]
   [Clear CT: 0.4 ms]
   [Other: 0.6 ms]
      [Choose CSet: 0.0 ms]
      [Ref Proc: 0.1 ms]
      [Ref Enq: 0.0 ms]
      [Redirty Cards: 0.2 ms]
      [Humongous Register: 0.0 ms]
      [Humongous Reclaim: 0.0 ms]
      [Free CSet: 0.1 ms]
   [Eden: 154.0M(154.0M)->0.0B(172.0M) Survivors: 23.0M->23.0M Heap: 568.1M(2048.0M)->570.1M(2048.0M)]
 [Times: user=0.63 sys=0.00, real=0.09 secs] 
2020-09-29T12:06:36.140+0200: 87.029: [GC pause (G1 Evacuation Pause) (young), 0.1054857 secs]
   [Parallel Time: 102.7 ms, GC Workers: 8]
      [GC Worker Start (ms): Min: 87029.0, Avg: 87029.0, Max: 87029.1, Diff: 0.1]
      [Ext Root Scanning (ms): Min: 0.0, Avg: 0.1, Max: 0.2, Diff: 0.1, Sum: 0.7]
      [Update RS (ms): Min: 8.1, Avg: 8.4, Max: 8.7, Diff: 0.6, Sum: 67.2]
         [Processed Buffers: Min: 9, Avg: 9.6, Max: 11, Diff: 2, Sum: 77]
      [Scan RS (ms): Min: 11.8, Avg: 12.2, Max: 12.5, Diff: 0.8, Sum: 97.3]
      [Code Root Scanning (ms): Min: 0.0, Avg: 0.0, Max: 0.0, Diff: 0.0, Sum: 0.0]
      [Object Copy (ms): Min: 81.7, Avg: 81.8, Max: 81.9, Diff: 0.2, Sum: 654.7]
      [Termination (ms): Min: 0.0, Avg: 0.0, Max: 0.0, Diff: 0.0, Sum: 0.1]
         [Termination Attempts: Min: 1, Avg: 56.3, Max: 80, Diff: 79, Sum: 450]
      [GC Worker Other (ms): Min: 0.0, Avg: 0.0, Max: 0.1, Diff: 0.1, Sum: 0.3]
      [GC Worker Total (ms): Min: 102.5, Avg: 102.5, Max: 102.6, Diff: 0.2, Sum: 820.4]
      [GC Worker End (ms): Min: 87131.6, Avg: 87131.6, Max: 87131.6, Diff: 0.1]
   [Code Root Fixup: 0.0 ms]
   [Code Root Purge: 0.0 ms]
   [Clear CT: 0.8 ms]
   [Other: 2.0 ms]
      [Choose CSet: 0.0 ms]
      [Ref Proc: 0.2 ms]
      [Ref Enq: 0.0 ms]
      [Redirty Cards: 1.4 ms]
      [Humongous Register: 0.0 ms]
      [Humongous Reclaim: 0.0 ms]
      [Free CSet: 0.2 ms]
   [Eden: 172.0M(172.0M)->0.0B(194.0M) Survivors: 23.0M->25.0M Heap: 770.7M(2048.0M)->773.2M(2048.0M)]
 [Times: user=0.83 sys=0.00, real=0.10 secs] 
2020-09-29T12:06:36.342+0200: 87.231: [GC pause (G1 Evacuation Pause) (young), 0.1050198 secs]
   [Parallel Time: 104.0 ms, GC Workers: 8]
      [GC Worker Start (ms): Min: 87231.4, Avg: 87231.5, Max: 87231.6, Diff: 0.2]
      [Ext Root Scanning (ms): Min: 0.0, Avg: 0.1, Max: 0.2, Diff: 0.2, Sum: 0.4]
      [Update RS (ms): Min: 10.3, Avg: 10.4, Max: 10.6, Diff: 0.2, Sum: 83.4]
         [Processed Buffers: Min: 12, Avg: 13.4, Max: 16, Diff: 4, Sum: 107]
      [Scan RS (ms): Min: 10.1, Avg: 10.2, Max: 10.3, Diff: 0.2, Sum: 81.4]
      [Code Root Scanning (ms): Min: 0.0, Avg: 0.0, Max: 0.0, Diff: 0.0, Sum: 0.0]
      [Object Copy (ms): Min: 83.1, Avg: 83.1, Max: 83.1, Diff: 0.1, Sum: 664.9]
      [Termination (ms): Min: 0.0, Avg: 0.0, Max: 0.0, Diff: 0.0, Sum: 0.1]
         [Termination Attempts: Min: 1, Avg: 94.4, Max: 114, Diff: 113, Sum: 755]
      [GC Worker Other (ms): Min: 0.0, Avg: 0.0, Max: 0.1, Diff: 0.0, Sum: 0.3]
      [GC Worker Total (ms): Min: 103.8, Avg: 103.8, Max: 103.9, Diff: 0.2, Sum: 830.5]
      [GC Worker End (ms): Min: 87335.3, Avg: 87335.3, Max: 87335.3, Diff: 0.0]
   [Code Root Fixup: 0.0 ms]
   [Code Root Purge: 0.0 ms]
   [Clear CT: 0.2 ms]
   [Other: 0.8 ms]
      [Choose CSet: 0.0 ms]
      [Ref Proc: 0.2 ms]
      [Ref Enq: 0.0 ms]
      [Redirty Cards: 0.3 ms]
      [Humongous Register: 0.0 ms]
      [Humongous Reclaim: 0.0 ms]
      [Free CSet: 0.2 ms]
   [Eden: 194.0M(194.0M)->0.0B(219.0M) Survivors: 25.0M->28.0M Heap: 999.6M(2048.0M)->1001.6M(2048.0M)]
 [Times: user=0.88 sys=0.00, real=0.11 secs] 
2020-09-29T12:06:36.458+0200: 87.348: [GC pause (G1 Humongous Allocation) (young) (initial-mark), 0.0370296 secs]
   [Parallel Time: 36.0 ms, GC Workers: 8]
      [GC Worker Start (ms): Min: 87347.7, Avg: 87347.7, Max: 87347.8, Diff: 0.1]
      [Ext Root Scanning (ms): Min: 0.0, Avg: 0.1, Max: 0.2, Diff: 0.2, Sum: 1.0]
      [Update RS (ms): Min: 16.4, Avg: 17.1, Max: 20.1, Diff: 3.8, Sum: 136.7]
         [Processed Buffers: Min: 17, Avg: 20.8, Max: 23, Diff: 6, Sum: 166]
      [Scan RS (ms): Min: 0.0, Avg: 1.8, Max: 2.4, Diff: 2.4, Sum: 14.8]
      [Code Root Scanning (ms): Min: 0.0, Avg: 0.0, Max: 0.0, Diff: 0.0, Sum: 0.0]
      [Object Copy (ms): Min: 15.4, Avg: 16.6, Max: 16.9, Diff: 1.4, Sum: 133.1]
      [Termination (ms): Min: 0.0, Avg: 0.0, Max: 0.0, Diff: 0.0, Sum: 0.3]
         [Termination Attempts: Min: 1, Avg: 250.4, Max: 316, Diff: 315, Sum: 2003]
      [GC Worker Other (ms): Min: 0.0, Avg: 0.0, Max: 0.0, Diff: 0.0, Sum: 0.1]
      [GC Worker Total (ms): Min: 35.7, Avg: 35.8, Max: 35.8, Diff: 0.1, Sum: 286.0]
      [GC Worker End (ms): Min: 87383.5, Avg: 87383.5, Max: 87383.5, Diff: 0.0]
   [Code Root Fixup: 0.0 ms]
   [Code Root Purge: 0.0 ms]
   [Clear CT: 0.2 ms]
   [Other: 0.8 ms]
      [Choose CSet: 0.0 ms]
      [Ref Proc: 0.4 ms]
      [Ref Enq: 0.0 ms]
      [Redirty Cards: 0.2 ms]
      [Humongous Register: 0.0 ms]
      [Humongous Reclaim: 0.0 ms]
      [Free CSet: 0.0 ms]
   [Eden: 6144.0K(219.0M)->0.0B(264.0M) Survivors: 28.0M->8192.0K Heap: 1007.6M(2048.0M)->1011.1M(2048.0M)]
 [Times: user=0.25 sys=0.00, real=0.04 secs] 
2020-09-29T12:06:36.496+0200: 87.385: [GC concurrent-root-region-scan-start]
2020-09-29T12:06:36.497+0200: 87.386: [GC concurrent-root-region-scan-end, 0.0015301 secs]
2020-09-29T12:06:36.497+0200: 87.386: [GC concurrent-mark-start]
2020-09-29T12:06:36.500+0200: 87.389: [GC concurrent-mark-end, 0.0023569 secs]
2020-09-29T12:06:36.500+0200: 87.389: [GC remark 2020-09-29T12:06:36.500+0200: 87.389: [Finalize Marking, 0.0001301 secs] 2020-09-29T12:06:36.500+0200: 87.389: [GC ref-proc, 0.0002844 secs] 2020-09-29T12:06:36.500+0200: 87.389: [Unloading, 0.0004394 secs], 0.0011545 secs]
 [Times: user=0.00 sys=0.00, real=0.00 secs] 
2020-09-29T12:06:36.501+0200: 87.390: [GC cleanup 1021M->26M(2048M), 0.0011195 secs]
 [Times: user=0.00 sys=0.00, real=0.00 secs] 
2020-09-29T12:06:36.502+0200: 87.392: [GC concurrent-cleanup-start]
2020-09-29T12:06:36.503+0200: 87.393: [GC concurrent-cleanup-end, 0.0011371 secs]
2020-09-29T12:06:36.638+0200: 87.528: [GC pause (G1 Evacuation Pause) (young), 0.1330235 secs]
   [Parallel Time: 131.9 ms, GC Workers: 8]
      [GC Worker Start (ms): Min: 87527.6, Avg: 87527.8, Max: 87527.8, Diff: 0.2]
      [Ext Root Scanning (ms): Min: 0.0, Avg: 0.1, Max: 0.2, Diff: 0.2, Sum: 0.4]
      [Update RS (ms): Min: 12.9, Avg: 13.0, Max: 13.1, Diff: 0.2, Sum: 103.8]
         [Processed Buffers: Min: 14, Avg: 15.4, Max: 18, Diff: 4, Sum: 123]
      [Scan RS (ms): Min: 15.0, Avg: 15.2, Max: 15.5, Diff: 0.4, Sum: 121.8]
      [Code Root Scanning (ms): Min: 0.0, Avg: 0.0, Max: 0.0, Diff: 0.0, Sum: 0.0]
      [Object Copy (ms): Min: 103.2, Avg: 103.4, Max: 103.5, Diff: 0.2, Sum: 827.2]
      [Termination (ms): Min: 0.0, Avg: 0.0, Max: 0.0, Diff: 0.0, Sum: 0.3]
         [Termination Attempts: Min: 1, Avg: 227.9, Max: 289, Diff: 288, Sum: 1823]
      [GC Worker Other (ms): Min: 0.0, Avg: 0.0, Max: 0.1, Diff: 0.0, Sum: 0.3]
      [GC Worker Total (ms): Min: 131.7, Avg: 131.7, Max: 131.8, Diff: 0.2, Sum: 1053.8]
      [GC Worker End (ms): Min: 87659.5, Avg: 87659.5, Max: 87659.5, Diff: 0.0]
   [Code Root Fixup: 0.0 ms]
   [Code Root Purge: 0.0 ms]
   [Clear CT: 0.2 ms]
   [Other: 0.9 ms]
      [Choose CSet: 0.0 ms]
      [Ref Proc: 0.2 ms]
      [Ref Enq: 0.0 ms]
      [Redirty Cards: 0.3 ms]
      [Humongous Register: 0.0 ms]
      [Humongous Reclaim: 0.0 ms]
      [Free CSet: 0.2 ms]
   [Eden: 264.0M(264.0M)->0.0B(258.0M) Survivors: 8192.0K->34.0M Heap: 326.3M(2048.0M)->320.3M(2048.0M)]
 [Times: user=1.13 sys=0.00, real=0.13 secs] 
2020-09-29T12:06:36.900+0200: 87.789: [GC pause (G1 Evacuation Pause) (young), 0.1564388 secs]
   [Parallel Time: 155.2 ms, GC Workers: 8]
      [GC Worker Start (ms): Min: 87789.1, Avg: 87789.2, Max: 87789.3, Diff: 0.2]
      [Ext Root Scanning (ms): Min: 0.0, Avg: 0.1, Max: 0.2, Diff: 0.2, Sum: 0.4]
      [Update RS (ms): Min: 14.2, Avg: 14.4, Max: 15.0, Diff: 0.8, Sum: 115.5]
         [Processed Buffers: Min: 17, Avg: 17.8, Max: 19, Diff: 2, Sum: 142]
      [Scan RS (ms): Min: 12.3, Avg: 12.9, Max: 13.2, Diff: 0.9, Sum: 103.0]
      [Code Root Scanning (ms): Min: 0.0, Avg: 0.0, Max: 0.0, Diff: 0.0, Sum: 0.0]
      [Object Copy (ms): Min: 127.1, Avg: 127.2, Max: 127.4, Diff: 0.3, Sum: 1017.8]
      [Termination (ms): Min: 0.0, Avg: 0.3, Max: 0.4, Diff: 0.4, Sum: 2.4]
         [Termination Attempts: Min: 1, Avg: 2017.1, Max: 2442, Diff: 2441, Sum: 16137]
      [GC Worker Other (ms): Min: 0.0, Avg: 0.0, Max: 0.1, Diff: 0.1, Sum: 0.3]
      [GC Worker Total (ms): Min: 154.8, Avg: 154.9, Max: 155.0, Diff: 0.2, Sum: 1239.4]
      [GC Worker End (ms): Min: 87944.1, Avg: 87944.1, Max: 87944.1, Diff: 0.1]
   [Code Root Fixup: 0.0 ms]
   [Code Root Purge: 0.0 ms]
   [Clear CT: 0.2 ms]
   [Other: 1.1 ms]
      [Choose CSet: 0.0 ms]
      [Ref Proc: 0.2 ms]
      [Ref Enq: 0.0 ms]
      [Redirty Cards: 0.3 ms]
      [Humongous Register: 0.0 ms]
      [Humongous Reclaim: 0.0 ms]
      [Free CSet: 0.3 ms]
   [Eden: 258.0M(258.0M)->0.0B(268.0M) Survivors: 34.0M->37.0M Heap: 620.2M(2048.0M)->623.2M(2048.0M)]
 [Times: user=1.20 sys=0.00, real=0.16 secs] 
2020-09-29T12:06:37.213+0200: 88.102: [GC pause (G1 Evacuation Pause) (young), 0.1538567 secs]
   [Parallel Time: 153.0 ms, GC Workers: 8]
      [GC Worker Start (ms): Min: 88102.5, Avg: 88102.5, Max: 88102.6, Diff: 0.1]
      [Ext Root Scanning (ms): Min: 0.0, Avg: 0.1, Max: 0.1, Diff: 0.1, Sum: 0.6]
      [Update RS (ms): Min: 13.8, Avg: 13.9, Max: 14.1, Diff: 0.3, Sum: 111.1]
         [Processed Buffers: Min: 14, Avg: 16.4, Max: 20, Diff: 6, Sum: 131]
      [Scan RS (ms): Min: 16.4, Avg: 16.5, Max: 16.6, Diff: 0.2, Sum: 132.3]
      [Code Root Scanning (ms): Min: 0.0, Avg: 0.0, Max: 0.0, Diff: 0.0, Sum: 0.0]
      [Object Copy (ms): Min: 122.2, Avg: 122.3, Max: 122.4, Diff: 0.2, Sum: 978.2]
      [Termination (ms): Min: 0.0, Avg: 0.0, Max: 0.1, Diff: 0.1, Sum: 0.3]
         [Termination Attempts: Min: 1, Avg: 306.4, Max: 402, Diff: 401, Sum: 2451]
      [GC Worker Other (ms): Min: 0.0, Avg: 0.0, Max: 0.1, Diff: 0.0, Sum: 0.3]
      [GC Worker Total (ms): Min: 152.8, Avg: 152.9, Max: 152.9, Diff: 0.1, Sum: 1222.8]
      [GC Worker End (ms): Min: 88255.4, Avg: 88255.4, Max: 88255.4, Diff: 0.0]
   [Code Root Fixup: 0.0 ms]
   [Code Root Purge: 0.0 ms]
   [Clear CT: 0.2 ms]
   [Other: 0.7 ms]
      [Choose CSet: 0.0 ms]
      [Ref Proc: 0.2 ms]
      [Ref Enq: 0.0 ms]
      [Redirty Cards: 0.2 ms]
      [Humongous Register: 0.0 ms]
      [Humongous Reclaim: 0.0 ms]
      [Free CSet: 0.2 ms]
   [Eden: 268.0M(268.0M)->0.0B(281.0M) Survivors: 37.0M->39.0M Heap: 937.0M(2048.0M)->938.5M(2048.0M)]
 [Times: user=1.25 sys=0.00, real=0.15 secs] 
2020-09-29T12:06:37.413+0200: 88.302: [GC pause (G1 Humongous Allocation) (young) (initial-mark), 0.0718900 secs]
   [Parallel Time: 71.1 ms, GC Workers: 8]
      [GC Worker Start (ms): Min: 88302.3, Avg: 88302.4, Max: 88302.4, Diff: 0.1]
      [Ext Root Scanning (ms): Min: 0.0, Avg: 0.1, Max: 0.1, Diff: 0.1, Sum: 0.7]
      [Update RS (ms): Min: 14.2, Avg: 14.5, Max: 14.8, Diff: 0.6, Sum: 115.7]
         [Processed Buffers: Min: 15, Avg: 17.0, Max: 19, Diff: 4, Sum: 136]
      [Scan RS (ms): Min: 2.2, Avg: 2.5, Max: 2.9, Diff: 0.6, Sum: 20.4]
      [Code Root Scanning (ms): Min: 0.0, Avg: 0.0, Max: 0.0, Diff: 0.0, Sum: 0.0]
      [Object Copy (ms): Min: 53.7, Avg: 53.8, Max: 53.8, Diff: 0.1, Sum: 430.1]
      [Termination (ms): Min: 0.0, Avg: 0.1, Max: 0.1, Diff: 0.1, Sum: 0.4]
         [Termination Attempts: Min: 1, Avg: 387.0, Max: 555, Diff: 554, Sum: 3096]
      [GC Worker Other (ms): Min: 0.0, Avg: 0.0, Max: 0.0, Diff: 0.0, Sum: 0.2]
      [GC Worker Total (ms): Min: 70.9, Avg: 70.9, Max: 71.0, Diff: 0.1, Sum: 567.5]
      [GC Worker End (ms): Min: 88373.3, Avg: 88373.3, Max: 88373.3, Diff: 0.0]
   [Code Root Fixup: 0.0 ms]
   [Code Root Purge: 0.0 ms]
   [Clear CT: 0.1 ms]
   [Other: 0.7 ms]
      [Choose CSet: 0.0 ms]
      [Ref Proc: 0.2 ms]
      [Ref Enq: 0.0 ms]
      [Redirty Cards: 0.1 ms]
      [Humongous Register: 0.0 ms]
      [Humongous Reclaim: 0.0 ms]
      [Free CSet: 0.1 ms]
   [Eden: 92.0M(281.0M)->0.0B(303.0M) Survivors: 39.0M->40.0M Heap: 1043.4M(2048.0M)->1045.4M(2048.0M)]
 [Times: user=0.50 sys=0.00, real=0.07 secs] 
2020-09-29T12:06:37.485+0200: 88.374: [GC concurrent-root-region-scan-start]
2020-09-29T12:06:37.492+0200: 88.382: [GC concurrent-root-region-scan-end, 0.0075439 secs]
2020-09-29T12:06:37.492+0200: 88.382: [GC concurrent-mark-start]
2020-09-29T12:06:37.495+0200: 88.384: [GC concurrent-mark-end, 0.0021733 secs]
2020-09-29T12:06:37.495+0200: 88.384: [GC remark 2020-09-29T12:06:37.495+0200: 88.384: [Finalize Marking, 0.0001373 secs] 2020-09-29T12:06:37.495+0200: 88.384: [GC ref-proc, 0.0002729 secs] 2020-09-29T12:06:37.495+0200: 88.385: [Unloading, 0.0004184 secs], 0.0010955 secs]
 [Times: user=0.00 sys=0.00, real=0.00 secs] 
2020-09-29T12:06:37.496+0200: 88.386: [GC cleanup 1070M->73M(2048M), 0.0009773 secs]
 [Times: user=0.00 sys=0.00, real=0.00 secs] 
2020-09-29T12:06:37.497+0200: 88.387: [GC concurrent-cleanup-start]
2020-09-29T12:06:37.499+0200: 88.388: [GC concurrent-cleanup-end, 0.0011414 secs]
2020-09-29T12:06:37.646+0200: 88.535: [GC pause (G1 Evacuation Pause) (young), 0.1503032 secs]
   [Parallel Time: 148.7 ms, GC Workers: 8]
      [GC Worker Start (ms): Min: 88534.9, Avg: 88535.1, Max: 88535.2, Diff: 0.2]
      [Ext Root Scanning (ms): Min: 0.0, Avg: 0.1, Max: 0.2, Diff: 0.2, Sum: 0.4]
      [Update RS (ms): Min: 14.2, Avg: 14.4, Max: 14.5, Diff: 0.3, Sum: 115.2]
         [Processed Buffers: Min: 16, Avg: 17.5, Max: 20, Diff: 4, Sum: 140]
      [Scan RS (ms): Min: 15.2, Avg: 15.4, Max: 15.5, Diff: 0.3, Sum: 122.8]
      [Code Root Scanning (ms): Min: 0.0, Avg: 0.0, Max: 0.0, Diff: 0.0, Sum: 0.0]
      [Object Copy (ms): Min: 118.3, Avg: 118.4, Max: 118.5, Diff: 0.3, Sum: 947.3]
      [Termination (ms): Min: 0.0, Avg: 0.1, Max: 0.1, Diff: 0.1, Sum: 0.5]
         [Termination Attempts: Min: 1, Avg: 466.6, Max: 614, Diff: 613, Sum: 3733]
      [GC Worker Other (ms): Min: 0.0, Avg: 0.0, Max: 0.1, Diff: 0.1, Sum: 0.3]
      [GC Worker Total (ms): Min: 148.2, Avg: 148.3, Max: 148.4, Diff: 0.2, Sum: 1186.6]
      [GC Worker End (ms): Min: 88683.4, Avg: 88683.4, Max: 88683.4, Diff: 0.1]
   [Code Root Fixup: 0.0 ms]
   [Code Root Purge: 0.0 ms]
   [Clear CT: 0.4 ms]
   [Other: 1.2 ms]
      [Choose CSet: 0.0 ms]
      [Ref Proc: 0.4 ms]
      [Ref Enq: 0.0 ms]
      [Redirty Cards: 0.4 ms]
      [Humongous Register: 0.0 ms]
      [Humongous Reclaim: 0.0 ms]
      [Free CSet: 0.2 ms]
   [Eden: 303.0M(303.0M)->0.0B(309.0M) Survivors: 40.0M->43.0M Heap: 403.5M(2048.0M)->365.0M(2048.0M)]
 [Times: user=1.09 sys=0.03, real=0.15 secs] 
2020-09-29T12:06:37.956+0200: 88.845: [GC pause (G1 Evacuation Pause) (young), 0.1775672 secs]
   [Parallel Time: 176.2 ms, GC Workers: 8]
      [GC Worker Start (ms): Min: 88845.4, Avg: 88845.5, Max: 88845.6, Diff: 0.2]
      [Ext Root Scanning (ms): Min: 0.0, Avg: 0.1, Max: 0.2, Diff: 0.2, Sum: 0.4]
      [Update RS (ms): Min: 19.5, Avg: 19.7, Max: 20.0, Diff: 0.5, Sum: 157.8]
         [Processed Buffers: Min: 22, Avg: 23.6, Max: 26, Diff: 4, Sum: 189]
      [Scan RS (ms): Min: 16.2, Avg: 16.5, Max: 16.7, Diff: 0.5, Sum: 131.7]
      [Code Root Scanning (ms): Min: 0.0, Avg: 0.0, Max: 0.0, Diff: 0.0, Sum: 0.0]
      [Object Copy (ms): Min: 139.3, Avg: 139.5, Max: 139.7, Diff: 0.4, Sum: 1115.8]
      [Termination (ms): Min: 0.0, Avg: 0.2, Max: 0.2, Diff: 0.2, Sum: 1.3]
         [Termination Attempts: Min: 1, Avg: 1104.1, Max: 1397, Diff: 1396, Sum: 8833]
      [GC Worker Other (ms): Min: 0.0, Avg: 0.0, Max: 0.1, Diff: 0.1, Sum: 0.3]
      [GC Worker Total (ms): Min: 175.8, Avg: 175.9, Max: 176.1, Diff: 0.2, Sum: 1407.3]
      [GC Worker End (ms): Min: 89021.4, Avg: 89021.4, Max: 89021.5, Diff: 0.0]
   [Code Root Fixup: 0.0 ms]
   [Code Root Purge: 0.0 ms]
   [Clear CT: 0.2 ms]
   [Other: 1.2 ms]
      [Choose CSet: 0.0 ms]
      [Ref Proc: 0.1 ms]
      [Ref Enq: 0.0 ms]
      [Redirty Cards: 0.5 ms]
      [Humongous Register: 0.0 ms]
      [Humongous Reclaim: 0.0 ms]
      [Free CSet: 0.3 ms]
   [Eden: 309.0M(309.0M)->0.0B(300.0M) Survivors: 43.0M->44.0M Heap: 725.5M(2048.0M)->728.0M(2048.0M)]
 [Times: user=1.42 sys=0.08, real=0.18 secs] 
2020-09-29T12:06:38.303+0200: 89.192: [GC pause (G1 Evacuation Pause) (young), 0.1682085 secs]
   [Parallel Time: 167.1 ms, GC Workers: 8]
      [GC Worker Start (ms): Min: 89192.1, Avg: 89192.1, Max: 89192.2, Diff: 0.1]
      [Ext Root Scanning (ms): Min: 0.0, Avg: 0.1, Max: 0.1, Diff: 0.1, Sum: 0.6]
      [Update RS (ms): Min: 17.4, Avg: 17.5, Max: 17.9, Diff: 0.5, Sum: 140.4]
         [Processed Buffers: Min: 20, Avg: 21.0, Max: 23, Diff: 3, Sum: 168]
      [Scan RS (ms): Min: 16.2, Avg: 16.5, Max: 16.7, Diff: 0.5, Sum: 132.1]
      [Code Root Scanning (ms): Min: 0.0, Avg: 0.0, Max: 0.0, Diff: 0.0, Sum: 0.0]
      [Object Copy (ms): Min: 132.7, Avg: 132.7, Max: 132.8, Diff: 0.1, Sum: 1061.8]
      [Termination (ms): Min: 0.0, Avg: 0.0, Max: 0.0, Diff: 0.0, Sum: 0.1]
         [Termination Attempts: Min: 1, Avg: 80.0, Max: 102, Diff: 101, Sum: 640]
      [GC Worker Other (ms): Min: 0.0, Avg: 0.0, Max: 0.1, Diff: 0.1, Sum: 0.3]
      [GC Worker Total (ms): Min: 166.8, Avg: 166.9, Max: 167.0, Diff: 0.1, Sum: 1335.3]
      [GC Worker End (ms): Min: 89359.0, Avg: 89359.0, Max: 89359.1, Diff: 0.1]
   [Code Root Fixup: 0.0 ms]
   [Code Root Purge: 0.0 ms]
   [Clear CT: 0.2 ms]
   [Other: 0.9 ms]
      [Choose CSet: 0.0 ms]
      [Ref Proc: 0.2 ms]
      [Ref Enq: 0.0 ms]
      [Redirty Cards: 0.2 ms]
      [Humongous Register: 0.0 ms]
      [Humongous Reclaim: 0.0 ms]
      [Free CSet: 0.2 ms]
   [Eden: 300.0M(300.0M)->0.0B(303.0M) Survivors: 44.0M->43.0M Heap: 1077.6M(2048.0M)->1079.6M(2048.0M)]
 [Times: user=1.22 sys=0.02, real=0.17 secs] 
2020-09-29T12:06:38.480+0200: 89.370: [GC pause (G1 Humongous Allocation) (young) (initial-mark), 0.0621704 secs]
   [Parallel Time: 61.5 ms, GC Workers: 8]
      [GC Worker Start (ms): Min: 89369.7, Avg: 89369.7, Max: 89369.8, Diff: 0.1]
      [Ext Root Scanning (ms): Min: 0.0, Avg: 0.4, Max: 2.0, Diff: 2.0, Sum: 3.0]
      [Update RS (ms): Min: 35.3, Avg: 37.1, Max: 37.7, Diff: 2.5, Sum: 296.8]
         [Processed Buffers: Min: 42, Avg: 45.1, Max: 48, Diff: 6, Sum: 361]
      [Scan RS (ms): Min: 2.4, Avg: 2.8, Max: 3.0, Diff: 0.6, Sum: 22.1]
      [Code Root Scanning (ms): Min: 0.0, Avg: 0.0, Max: 0.0, Diff: 0.0, Sum: 0.0]
      [Object Copy (ms): Min: 20.9, Avg: 21.0, Max: 21.0, Diff: 0.2, Sum: 167.7]
      [Termination (ms): Min: 0.0, Avg: 0.1, Max: 0.1, Diff: 0.1, Sum: 0.5]
         [Termination Attempts: Min: 1, Avg: 389.9, Max: 585, Diff: 584, Sum: 3119]
      [GC Worker Other (ms): Min: 0.0, Avg: 0.0, Max: 0.0, Diff: 0.0, Sum: 0.2]
      [GC Worker Total (ms): Min: 61.2, Avg: 61.3, Max: 61.3, Diff: 0.1, Sum: 490.3]
      [GC Worker End (ms): Min: 89431.0, Avg: 89431.0, Max: 89431.1, Diff: 0.0]
   [Code Root Fixup: 0.0 ms]
   [Code Root Purge: 0.0 ms]
   [Clear CT: 0.2 ms]
   [Other: 0.6 ms]
      [Choose CSet: 0.0 ms]
      [Ref Proc: 0.1 ms]
      [Ref Enq: 0.0 ms]
      [Redirty Cards: 0.1 ms]
      [Humongous Register: 0.0 ms]
      [Humongous Reclaim: 0.0 ms]
      [Free CSet: 0.1 ms]
   [Eden: 4096.0K(303.0M)->0.0B(333.0M) Survivors: 43.0M->6144.0K Heap: 1083.6M(2048.0M)->1087.6M(2048.0M)]
 [Times: user=0.50 sys=0.00, real=0.06 secs] 
2020-09-29T12:06:38.542+0200: 89.432: [GC concurrent-root-region-scan-start]
2020-09-29T12:06:38.543+0200: 89.433: [GC concurrent-root-region-scan-end, 0.0008054 secs]
2020-09-29T12:06:38.543+0200: 89.433: [GC concurrent-mark-start]
2020-09-29T12:06:38.546+0200: 89.435: [GC concurrent-mark-end, 0.0024203 secs]
2020-09-29T12:06:38.546+0200: 89.435: [GC remark 2020-09-29T12:06:38.546+0200: 89.435: [Finalize Marking, 0.0001237 secs] 2020-09-29T12:06:38.546+0200: 89.435: [GC ref-proc, 0.0002719 secs] 2020-09-29T12:06:38.546+0200: 89.436: [Unloading, 0.0004027 secs], 0.0011648 secs]
 [Times: user=0.00 sys=0.00, real=0.00 secs] 
2020-09-29T12:06:38.547+0200: 89.437: [GC cleanup 1096M->23M(2048M), 0.0010677 secs]
 [Times: user=0.00 sys=0.00, real=0.00 secs] 
2020-09-29T12:06:38.548+0200: 89.438: [GC concurrent-cleanup-start]
2020-09-29T12:06:38.550+0200: 89.439: [GC concurrent-cleanup-end, 0.0014008 secs]
2020-09-29T12:06:38.714+0200: 89.604: [GC pause (G1 Evacuation Pause) (young), 0.1644377 secs]
   [Parallel Time: 163.3 ms, GC Workers: 8]
      [GC Worker Start (ms): Min: 89604.0, Avg: 89604.1, Max: 89604.2, Diff: 0.2]
      [Ext Root Scanning (ms): Min: 0.0, Avg: 0.1, Max: 0.2, Diff: 0.2, Sum: 0.5]
      [Update RS (ms): Min: 24.4, Avg: 24.5, Max: 24.6, Diff: 0.2, Sum: 196.1]
         [Processed Buffers: Min: 24, Avg: 27.0, Max: 30, Diff: 6, Sum: 216]
      [Scan RS (ms): Min: 13.9, Avg: 14.3, Max: 16.3, Diff: 2.4, Sum: 114.3]
      [Code Root Scanning (ms): Min: 0.0, Avg: 0.0, Max: 0.0, Diff: 0.0, Sum: 0.0]
      [Object Copy (ms): Min: 122.1, Avg: 124.1, Max: 124.5, Diff: 2.4, Sum: 993.1]
      [Termination (ms): Min: 0.0, Avg: 0.0, Max: 0.0, Diff: 0.0, Sum: 0.1]
         [Termination Attempts: Min: 1, Avg: 92.1, Max: 114, Diff: 113, Sum: 737]
      [GC Worker Other (ms): Min: 0.0, Avg: 0.0, Max: 0.1, Diff: 0.1, Sum: 0.3]
      [GC Worker Total (ms): Min: 163.0, Avg: 163.1, Max: 163.2, Diff: 0.2, Sum: 1304.5]
      [GC Worker End (ms): Min: 89767.2, Avg: 89767.2, Max: 89767.2, Diff: 0.1]
   [Code Root Fixup: 0.0 ms]
   [Code Root Purge: 0.0 ms]
   [Clear CT: 0.2 ms]
   [Other: 1.0 ms]
      [Choose CSet: 0.0 ms]
      [Ref Proc: 0.2 ms]
      [Ref Enq: 0.0 ms]
      [Redirty Cards: 0.2 ms]
      [Humongous Register: 0.0 ms]
      [Humongous Reclaim: 0.0 ms]
      [Free CSet: 0.3 ms]
   [Eden: 333.0M(333.0M)->0.0B(309.0M) Survivors: 6144.0K->43.0M Heap: 404.7M(2048.0M)->401.7M(2048.0M)]
 [Times: user=1.23 sys=0.01, real=0.16 secs] 
2020-09-29T12:06:39.044+0200: 89.933: [GC pause (G1 Evacuation Pause) (young), 0.1741772 secs]
   [Parallel Time: 172.9 ms, GC Workers: 8]
      [GC Worker Start (ms): Min: 89933.2, Avg: 89933.3, Max: 89933.4, Diff: 0.2]
      [Ext Root Scanning (ms): Min: 0.0, Avg: 0.1, Max: 0.1, Diff: 0.1, Sum: 0.5]
      [Update RS (ms): Min: 16.2, Avg: 16.3, Max: 16.4, Diff: 0.2, Sum: 130.3]
         [Processed Buffers: Min: 18, Avg: 20.8, Max: 23, Diff: 5, Sum: 166]
      [Scan RS (ms): Min: 17.6, Avg: 17.7, Max: 17.8, Diff: 0.2, Sum: 141.9]
      [Code Root Scanning (ms): Min: 0.0, Avg: 0.0, Max: 0.0, Diff: 0.0, Sum: 0.0]
      [Object Copy (ms): Min: 138.5, Avg: 138.6, Max: 138.6, Diff: 0.1, Sum: 1108.5]
      [Termination (ms): Min: 0.0, Avg: 0.0, Max: 0.0, Diff: 0.0, Sum: 0.2]
         [Termination Attempts: Min: 1, Avg: 173.0, Max: 236, Diff: 235, Sum: 1384]
      [GC Worker Other (ms): Min: 0.0, Avg: 0.0, Max: 0.1, Diff: 0.1, Sum: 0.4]
      [GC Worker Total (ms): Min: 172.7, Avg: 172.7, Max: 172.8, Diff: 0.1, Sum: 1381.9]
      [GC Worker End (ms): Min: 90106.0, Avg: 90106.0, Max: 90106.1, Diff: 0.1]
   [Code Root Fixup: 0.0 ms]
   [Code Root Purge: 0.0 ms]
   [Clear CT: 0.2 ms]
   [Other: 1.1 ms]
      [Choose CSet: 0.0 ms]
      [Ref Proc: 0.2 ms]
      [Ref Enq: 0.0 ms]
      [Redirty Cards: 0.2 ms]
      [Humongous Register: 0.0 ms]
      [Humongous Reclaim: 0.0 ms]
      [Free CSet: 0.3 ms]
   [Eden: 309.0M(309.0M)->0.0B(305.0M) Survivors: 43.0M->44.0M Heap: 762.2M(2048.0M)->764.2M(2048.0M)]
 [Times: user=1.33 sys=0.03, real=0.17 secs] 
2020-09-29T12:06:39.399+0200: 90.288: [GC pause (G1 Evacuation Pause) (young), 0.1752923 secs]
   [Parallel Time: 174.1 ms, GC Workers: 8]
      [GC Worker Start (ms): Min: 90287.7, Avg: 90287.8, Max: 90287.9, Diff: 0.2]
      [Ext Root Scanning (ms): Min: 0.0, Avg: 0.1, Max: 0.2, Diff: 0.2, Sum: 0.6]
      [Update RS (ms): Min: 23.0, Avg: 23.2, Max: 23.5, Diff: 0.5, Sum: 185.8]
         [Processed Buffers: Min: 21, Avg: 23.1, Max: 26, Diff: 5, Sum: 185]
      [Scan RS (ms): Min: 17.9, Avg: 18.3, Max: 18.6, Diff: 0.6, Sum: 146.4]
      [Code Root Scanning (ms): Min: 0.0, Avg: 0.0, Max: 0.0, Diff: 0.0, Sum: 0.0]
      [Object Copy (ms): Min: 132.1, Avg: 132.2, Max: 132.2, Diff: 0.2, Sum: 1057.4]
      [Termination (ms): Min: 0.0, Avg: 0.0, Max: 0.0, Diff: 0.0, Sum: 0.0]
         [Termination Attempts: Min: 1, Avg: 1.4, Max: 2, Diff: 1, Sum: 11]
      [GC Worker Other (ms): Min: 0.0, Avg: 0.1, Max: 0.1, Diff: 0.1, Sum: 0.5]
      [GC Worker Total (ms): Min: 173.8, Avg: 173.8, Max: 173.9, Diff: 0.1, Sum: 1390.7]
      [GC Worker End (ms): Min: 90461.6, Avg: 90461.7, Max: 90461.7, Diff: 0.1]
   [Code Root Fixup: 0.0 ms]
   [Code Root Purge: 0.0 ms]
   [Clear CT: 0.2 ms]
   [Other: 1.0 ms]
      [Choose CSet: 0.0 ms]
      [Ref Proc: 0.1 ms]
      [Ref Enq: 0.0 ms]
      [Redirty Cards: 0.2 ms]
      [Humongous Register: 0.1 ms]
      [Humongous Reclaim: 0.0 ms]
      [Free CSet: 0.4 ms]
   [Eden: 305.0M(305.0M)->0.0B(300.0M) Survivors: 44.0M->44.0M Heap: 1118.8M(2048.0M)->1121.3M(2048.0M)]
 [Times: user=1.38 sys=0.00, real=0.17 secs] 
2020-09-29T12:06:39.588+0200: 90.477: [GC pause (G1 Humongous Allocation) (young) (initial-mark), 0.0548457 secs]
   [Parallel Time: 53.9 ms, GC Workers: 8]
      [GC Worker Start (ms): Min: 90476.8, Avg: 90476.8, Max: 90476.8, Diff: 0.1]
      [Ext Root Scanning (ms): Min: 0.0, Avg: 0.1, Max: 0.1, Diff: 0.1, Sum: 0.6]
      [Update RS (ms): Min: 31.5, Avg: 31.7, Max: 32.0, Diff: 0.5, Sum: 253.3]
         [Processed Buffers: Min: 35, Avg: 38.0, Max: 40, Diff: 5, Sum: 304]
      [Scan RS (ms): Min: 2.5, Avg: 2.8, Max: 3.0, Diff: 0.4, Sum: 22.3]
      [Code Root Scanning (ms): Min: 0.0, Avg: 0.0, Max: 0.0, Diff: 0.0, Sum: 0.0]
      [Object Copy (ms): Min: 19.1, Avg: 19.2, Max: 19.2, Diff: 0.1, Sum: 153.2]
      [Termination (ms): Min: 0.0, Avg: 0.0, Max: 0.0, Diff: 0.0, Sum: 0.2]
         [Termination Attempts: Min: 1, Avg: 171.6, Max: 260, Diff: 259, Sum: 1373]
      [GC Worker Other (ms): Min: 0.0, Avg: 0.0, Max: 0.0, Diff: 0.0, Sum: 0.1]
      [GC Worker Total (ms): Min: 53.7, Avg: 53.7, Max: 53.8, Diff: 0.1, Sum: 429.9]
      [GC Worker End (ms): Min: 90530.5, Avg: 90530.5, Max: 90530.5, Diff: 0.0]
   [Code Root Fixup: 0.0 ms]
   [Code Root Purge: 0.0 ms]
   [Clear CT: 0.2 ms]
   [Other: 0.8 ms]
      [Choose CSet: 0.0 ms]
      [Ref Proc: 0.2 ms]
      [Ref Enq: 0.0 ms]
      [Redirty Cards: 0.2 ms]
      [Humongous Register: 0.0 ms]
      [Humongous Reclaim: 0.0 ms]
      [Free CSet: 0.1 ms]
   [Eden: 3072.0K(300.0M)->0.0B(351.0M) Survivors: 44.0M->5120.0K Heap: 1124.3M(2048.0M)->1128.3M(2048.0M)]
 [Times: user=0.38 sys=0.00, real=0.05 secs] 
2020-09-29T12:06:39.643+0200: 90.532: [GC concurrent-root-region-scan-start]
2020-09-29T12:06:39.644+0200: 90.533: [GC concurrent-root-region-scan-end, 0.0011329 secs]
2020-09-29T12:06:39.644+0200: 90.533: [GC concurrent-mark-start]
2020-09-29T12:06:39.647+0200: 90.536: [GC concurrent-mark-end, 0.0032501 secs]
2020-09-29T12:06:39.648+0200: 90.536: [GC remark 2020-09-29T12:06:39.648+0200: 90.536: [Finalize Marking, 0.0002101 secs] 2020-09-29T12:06:39.648+0200: 90.537: [GC ref-proc, 0.0003392 secs] 2020-09-29T12:06:39.648+0200: 90.537: [Unloading, 0.0005253 secs], 0.0014745 secs]
 [Times: user=0.00 sys=0.00, real=0.00 secs] 
2020-09-29T12:06:39.650+0200: 90.538: [GC cleanup 1139M->24M(2048M), 0.0013506 secs]
 [Times: user=0.00 sys=0.00, real=0.00 secs] 
2020-09-29T12:06:39.651+0200: 90.540: [GC concurrent-cleanup-start]
2020-09-29T12:06:39.653+0200: 90.541: [GC concurrent-cleanup-end, 0.0016722 secs]
2020-09-29T12:06:39.833+0200: 90.722: [GC pause (G1 Evacuation Pause) (young), 0.1844732 secs]
   [Parallel Time: 183.0 ms, GC Workers: 8]
      [GC Worker Start (ms): Min: 90721.9, Avg: 90722.0, Max: 90722.1, Diff: 0.2]
      [Ext Root Scanning (ms): Min: 0.0, Avg: 0.1, Max: 0.1, Diff: 0.1, Sum: 0.5]
      [Update RS (ms): Min: 18.3, Avg: 18.5, Max: 18.7, Diff: 0.4, Sum: 148.2]
         [Processed Buffers: Min: 19, Avg: 20.3, Max: 23, Diff: 4, Sum: 162]
      [Scan RS (ms): Min: 19.2, Avg: 19.4, Max: 19.7, Diff: 0.4, Sum: 155.4]
      [Code Root Scanning (ms): Min: 0.0, Avg: 0.0, Max: 0.0, Diff: 0.0, Sum: 0.0]
      [Object Copy (ms): Min: 144.3, Avg: 144.5, Max: 144.7, Diff: 0.4, Sum: 1156.0]
      [Termination (ms): Min: 0.0, Avg: 0.2, Max: 0.3, Diff: 0.3, Sum: 1.6]
         [Termination Attempts: Min: 1, Avg: 1396.3, Max: 1699, Diff: 1698, Sum: 11170]
      [GC Worker Other (ms): Min: 0.0, Avg: 0.0, Max: 0.1, Diff: 0.0, Sum: 0.3]
      [GC Worker Total (ms): Min: 182.7, Avg: 182.8, Max: 182.9, Diff: 0.2, Sum: 1462.1]
      [GC Worker End (ms): Min: 90904.7, Avg: 90904.7, Max: 90904.8, Diff: 0.0]
   [Code Root Fixup: 0.0 ms]
   [Code Root Purge: 0.0 ms]
   [Clear CT: 0.4 ms]
   [Other: 1.1 ms]
      [Choose CSet: 0.0 ms]
      [Ref Proc: 0.2 ms]
      [Ref Enq: 0.0 ms]
      [Redirty Cards: 0.4 ms]
      [Humongous Register: 0.0 ms]
      [Humongous Reclaim: 0.0 ms]
      [Free CSet: 0.2 ms]
   [Eden: 351.0M(351.0M)->0.0B(306.0M) Survivors: 5120.0K->45.0M Heap: 424.1M(2048.0M)->421.6M(2048.0M)]
 [Times: user=1.34 sys=0.02, real=0.18 secs] 
2020-09-29T12:06:40.182+0200: 91.071: [GC pause (G1 Evacuation Pause) (young), 0.1853349 secs]
   [Parallel Time: 183.9 ms, GC Workers: 8]
      [GC Worker Start (ms): Min: 91070.7, Avg: 91070.8, Max: 91070.9, Diff: 0.2]
      [Ext Root Scanning (ms): Min: 0.0, Avg: 0.1, Max: 0.1, Diff: 0.1, Sum: 0.5]
      [Update RS (ms): Min: 18.7, Avg: 18.8, Max: 19.3, Diff: 0.6, Sum: 150.7]
         [Processed Buffers: Min: 20, Avg: 22.1, Max: 24, Diff: 4, Sum: 177]
      [Scan RS (ms): Min: 17.8, Avg: 18.2, Max: 18.4, Diff: 0.6, Sum: 145.2]
      [Code Root Scanning (ms): Min: 0.0, Avg: 0.0, Max: 0.0, Diff: 0.0, Sum: 0.0]
      [Object Copy (ms): Min: 146.4, Avg: 146.5, Max: 146.5, Diff: 0.1, Sum: 1171.8]
      [Termination (ms): Min: 0.0, Avg: 0.1, Max: 0.1, Diff: 0.1, Sum: 0.8]
         [Termination Attempts: Min: 1, Avg: 688.8, Max: 827, Diff: 826, Sum: 5510]
      [GC Worker Other (ms): Min: 0.0, Avg: 0.1, Max: 0.1, Diff: 0.1, Sum: 0.4]
      [GC Worker Total (ms): Min: 183.6, Avg: 183.7, Max: 183.8, Diff: 0.2, Sum: 1469.5]
      [GC Worker End (ms): Min: 91254.5, Avg: 91254.5, Max: 91254.5, Diff: 0.1]
   [Code Root Fixup: 0.0 ms]
   [Code Root Purge: 0.0 ms]
   [Clear CT: 0.2 ms]
   [Other: 1.3 ms]
      [Choose CSet: 0.0 ms]
      [Ref Proc: 0.2 ms]
      [Ref Enq: 0.0 ms]
      [Redirty Cards: 0.6 ms]
      [Humongous Register: 0.0 ms]
      [Humongous Reclaim: 0.0 ms]
      [Free CSet: 0.3 ms]
   [Eden: 306.0M(306.0M)->0.0B(297.0M) Survivors: 45.0M->44.0M Heap: 779.1M(2048.0M)->781.1M(2048.0M)]
 [Times: user=1.42 sys=0.03, real=0.19 secs] 
2020-09-29T12:06:40.521+0200: 91.409: [GC pause (G1 Evacuation Pause) (young), 0.1666363 secs]
   [Parallel Time: 165.2 ms, GC Workers: 8]
      [GC Worker Start (ms): Min: 91409.4, Avg: 91409.5, Max: 91409.5, Diff: 0.1]
      [Ext Root Scanning (ms): Min: 0.0, Avg: 0.1, Max: 0.1, Diff: 0.1, Sum: 0.5]
      [Update RS (ms): Min: 16.1, Avg: 16.3, Max: 16.5, Diff: 0.4, Sum: 130.2]
         [Processed Buffers: Min: 19, Avg: 20.4, Max: 22, Diff: 3, Sum: 163]
      [Scan RS (ms): Min: 15.6, Avg: 16.0, Max: 16.1, Diff: 0.5, Sum: 127.7]
      [Code Root Scanning (ms): Min: 0.0, Avg: 0.0, Max: 0.0, Diff: 0.0, Sum: 0.0]
      [Object Copy (ms): Min: 132.5, Avg: 132.6, Max: 132.7, Diff: 0.2, Sum: 1060.7]
      [Termination (ms): Min: 0.0, Avg: 0.0, Max: 0.0, Diff: 0.0, Sum: 0.2]
         [Termination Attempts: Min: 1, Avg: 157.0, Max: 209, Diff: 208, Sum: 1256]
      [GC Worker Other (ms): Min: 0.0, Avg: 0.1, Max: 0.1, Diff: 0.1, Sum: 0.4]
      [GC Worker Total (ms): Min: 164.9, Avg: 165.0, Max: 165.1, Diff: 0.2, Sum: 1319.8]
      [GC Worker End (ms): Min: 91574.4, Avg: 91574.4, Max: 91574.5, Diff: 0.1]
   [Code Root Fixup: 0.0 ms]
   [Code Root Purge: 0.0 ms]
   [Clear CT: 0.2 ms]
   [Other: 1.3 ms]
      [Choose CSet: 0.0 ms]
      [Ref Proc: 0.2 ms]
      [Ref Enq: 0.0 ms]
      [Redirty Cards: 0.5 ms]
      [Humongous Register: 0.0 ms]
      [Humongous Reclaim: 0.0 ms]
      [Free CSet: 0.3 ms]
   [Eden: 297.0M(297.0M)->0.0B(304.0M) Survivors: 44.0M->43.0M Heap: 1127.7M(2048.0M)->1130.2M(2048.0M)]
 [Times: user=1.23 sys=0.01, real=0.17 secs] 
2020-09-29T12:06:40.700+0200: 91.589: [GC pause (G1 Humongous Allocation) (young) (initial-mark), 0.0673362 secs]
   [Parallel Time: 66.5 ms, GC Workers: 8]
      [GC Worker Start (ms): Min: 91588.8, Avg: 91588.9, Max: 91589.0, Diff: 0.2]
      [Ext Root Scanning (ms): Min: 0.0, Avg: 0.1, Max: 0.2, Diff: 0.2, Sum: 0.5]
      [Update RS (ms): Min: 33.8, Avg: 34.1, Max: 34.4, Diff: 0.6, Sum: 272.8]
         [Processed Buffers: Min: 26, Avg: 40.1, Max: 45, Diff: 19, Sum: 321]
      [Scan RS (ms): Min: 2.2, Avg: 2.6, Max: 3.0, Diff: 0.7, Sum: 21.0]
      [Code Root Scanning (ms): Min: 0.0, Avg: 0.0, Max: 0.0, Diff: 0.0, Sum: 0.0]
      [Object Copy (ms): Min: 29.2, Avg: 29.2, Max: 29.5, Diff: 0.3, Sum: 233.9]
      [Termination (ms): Min: 0.0, Avg: 0.2, Max: 0.3, Diff: 0.3, Sum: 1.9]
         [Termination Attempts: Min: 1, Avg: 1739.3, Max: 2209, Diff: 2208, Sum: 13914]
      [GC Worker Other (ms): Min: 0.0, Avg: 0.0, Max: 0.0, Diff: 0.0, Sum: 0.2]
      [GC Worker Total (ms): Min: 66.2, Avg: 66.3, Max: 66.4, Diff: 0.2, Sum: 530.2]
      [GC Worker End (ms): Min: 91655.2, Avg: 91655.2, Max: 91655.2, Diff: 0.0]
   [Code Root Fixup: 0.0 ms]
   [Code Root Purge: 0.0 ms]
   [Clear CT: 0.2 ms]
   [Other: 0.7 ms]
      [Choose CSet: 0.0 ms]
      [Ref Proc: 0.2 ms]
      [Ref Enq: 0.0 ms]
      [Redirty Cards: 0.1 ms]
      [Humongous Register: 0.0 ms]
      [Humongous Reclaim: 0.0 ms]
      [Free CSet: 0.1 ms]
   [Eden: 8192.0K(304.0M)->0.0B(295.0M) Survivors: 43.0M->9216.0K Heap: 1137.7M(2048.0M)->1141.7M(2048.0M)]
 [Times: user=0.48 sys=0.00, real=0.07 secs] 
2020-09-29T12:06:40.768+0200: 91.656: [GC concurrent-root-region-scan-start]
2020-09-29T12:06:40.770+0200: 91.658: [GC concurrent-root-region-scan-end, 0.0020685 secs]
2020-09-29T12:06:40.770+0200: 91.658: [GC concurrent-mark-start]
2020-09-29T12:06:40.772+0200: 91.661: [GC concurrent-mark-end, 0.0026702 secs]
2020-09-29T12:06:40.773+0200: 91.661: [GC remark 2020-09-29T12:06:40.773+0200: 91.661: [Finalize Marking, 0.0001820 secs] 2020-09-29T12:06:40.773+0200: 91.661: [GC ref-proc, 0.0002730 secs] 2020-09-29T12:06:40.773+0200: 91.662: [Unloading, 0.0004242 secs], 0.0011731 secs]
 [Times: user=0.00 sys=0.00, real=0.00 secs] 
2020-09-29T12:06:40.774+0200: 91.663: [GC cleanup 1152M->28M(2048M), 0.0010715 secs]
 [Times: user=0.00 sys=0.00, real=0.00 secs] 
2020-09-29T12:06:40.775+0200: 91.664: [GC concurrent-cleanup-start]
2020-09-29T12:06:40.777+0200: 91.665: [GC concurrent-cleanup-end, 0.0014956 secs]
2020-09-29T12:06:40.912+0200: 91.801: [GC pause (G1 Evacuation Pause) (young), 0.1560003 secs]
   [Parallel Time: 154.9 ms, GC Workers: 8]
      [GC Worker Start (ms): Min: 91801.0, Avg: 91801.1, Max: 91801.1, Diff: 0.2]
      [Ext Root Scanning (ms): Min: 0.0, Avg: 0.1, Max: 0.2, Diff: 0.2, Sum: 0.5]
      [Update RS (ms): Min: 18.4, Avg: 18.6, Max: 19.0, Diff: 0.6, Sum: 149.0]
         [Processed Buffers: Min: 20, Avg: 22.0, Max: 24, Diff: 4, Sum: 176]
      [Scan RS (ms): Min: 10.6, Avg: 11.0, Max: 11.2, Diff: 0.6, Sum: 88.2]
      [Code Root Scanning (ms): Min: 0.0, Avg: 0.0, Max: 0.0, Diff: 0.0, Sum: 0.0]
      [Object Copy (ms): Min: 124.5, Avg: 124.6, Max: 124.8, Diff: 0.3, Sum: 996.7]
      [Termination (ms): Min: 0.0, Avg: 0.2, Max: 0.3, Diff: 0.3, Sum: 1.8]
         [Termination Attempts: Min: 1, Avg: 1671.4, Max: 2099, Diff: 2098, Sum: 13371]
      [GC Worker Other (ms): Min: 0.0, Avg: 0.1, Max: 0.1, Diff: 0.1, Sum: 0.5]
      [GC Worker Total (ms): Min: 154.5, Avg: 154.6, Max: 154.7, Diff: 0.2, Sum: 1236.8]
      [GC Worker End (ms): Min: 91955.6, Avg: 91955.7, Max: 91955.7, Diff: 0.1]
   [Code Root Fixup: 0.0 ms]
   [Code Root Purge: 0.0 ms]
   [Clear CT: 0.2 ms]
   [Other: 1.0 ms]
      [Choose CSet: 0.0 ms]
      [Ref Proc: 0.2 ms]
      [Ref Enq: 0.0 ms]
      [Redirty Cards: 0.2 ms]
      [Humongous Register: 0.0 ms]
      [Humongous Reclaim: 0.0 ms]
      [Free CSet: 0.3 ms]
   [Eden: 295.0M(295.0M)->0.0B(287.0M) Survivors: 9216.0K->38.0M Heap: 362.6M(2048.0M)->356.1M(2048.0M)]
 [Times: user=1.25 sys=0.00, real=0.16 secs] 
2020-09-29T12:06:41.226+0200: 92.115: [GC pause (G1 Evacuation Pause) (young), 0.1641797 secs]
   [Parallel Time: 163.0 ms, GC Workers: 8]
      [GC Worker Start (ms): Min: 92115.7, Avg: 92115.8, Max: 92115.8, Diff: 0.1]
      [Ext Root Scanning (ms): Min: 0.0, Avg: 0.1, Max: 0.1, Diff: 0.1, Sum: 0.5]
      [Update RS (ms): Min: 17.7, Avg: 18.0, Max: 18.3, Diff: 0.6, Sum: 143.8]
         [Processed Buffers: Min: 20, Avg: 21.0, Max: 22, Diff: 2, Sum: 168]
      [Scan RS (ms): Min: 14.4, Avg: 14.9, Max: 15.2, Diff: 0.8, Sum: 118.9]
      [Code Root Scanning (ms): Min: 0.0, Avg: 0.0, Max: 0.0, Diff: 0.0, Sum: 0.0]
      [Object Copy (ms): Min: 128.9, Avg: 129.1, Max: 129.2, Diff: 0.3, Sum: 1032.5]
      [Termination (ms): Min: 0.0, Avg: 0.1, Max: 0.2, Diff: 0.2, Sum: 1.1]
         [Termination Attempts: Min: 1, Avg: 1047.5, Max: 1318, Diff: 1317, Sum: 8380]
      [GC Worker Other (ms): Min: 0.0, Avg: 0.1, Max: 0.1, Diff: 0.1, Sum: 0.4]
      [GC Worker Total (ms): Min: 162.1, Avg: 162.2, Max: 162.2, Diff: 0.1, Sum: 1297.3]
      [GC Worker End (ms): Min: 92277.9, Avg: 92277.9, Max: 92277.9, Diff: 0.1]
   [Code Root Fixup: 0.0 ms]
   [Code Root Purge: 0.0 ms]
   [Clear CT: 0.2 ms]
   [Other: 1.0 ms]
      [Choose CSet: 0.0 ms]
      [Ref Proc: 0.1 ms]
      [Ref Enq: 0.0 ms]
      [Redirty Cards: 0.3 ms]
      [Humongous Register: 0.0 ms]
      [Humongous Reclaim: 0.0 ms]
      [Free CSet: 0.3 ms]
   [Eden: 287.0M(287.0M)->0.0B(290.0M) Survivors: 38.0M->41.0M Heap: 690.8M(2048.0M)->692.8M(2048.0M)]
 [Times: user=1.25 sys=0.00, real=0.16 secs] 
2020-09-29T12:06:41.540+0200: 92.429: [GC pause (G1 Evacuation Pause) (young), 0.1662659 secs]
   [Parallel Time: 165.1 ms, GC Workers: 8]
      [GC Worker Start (ms): Min: 92428.9, Avg: 92429.0, Max: 92429.1, Diff: 0.2]
      [Ext Root Scanning (ms): Min: 0.0, Avg: 0.1, Max: 0.1, Diff: 0.1, Sum: 0.4]
      [Update RS (ms): Min: 20.7, Avg: 20.9, Max: 21.2, Diff: 0.5, Sum: 167.2]
         [Processed Buffers: Min: 24, Avg: 25.8, Max: 29, Diff: 5, Sum: 206]
      [Scan RS (ms): Min: 12.9, Avg: 13.3, Max: 13.5, Diff: 0.5, Sum: 106.3]
      [Code Root Scanning (ms): Min: 0.0, Avg: 0.0, Max: 0.0, Diff: 0.0, Sum: 0.0]
      [Object Copy (ms): Min: 130.4, Avg: 130.5, Max: 130.6, Diff: 0.2, Sum: 1043.8]
      [Termination (ms): Min: 0.0, Avg: 0.1, Max: 0.2, Diff: 0.2, Sum: 1.1]
         [Termination Attempts: Min: 1, Avg: 922.9, Max: 1093, Diff: 1092, Sum: 7383]
      [GC Worker Other (ms): Min: 0.0, Avg: 0.0, Max: 0.1, Diff: 0.1, Sum: 0.3]
      [GC Worker Total (ms): Min: 164.8, Avg: 164.9, Max: 165.0, Diff: 0.2, Sum: 1319.1]
      [GC Worker End (ms): Min: 92593.9, Avg: 92593.9, Max: 92593.9, Diff: 0.1]
   [Code Root Fixup: 0.0 ms]
   [Code Root Purge: 0.0 ms]
   [Clear CT: 0.2 ms]
   [Other: 1.0 ms]
      [Choose CSet: 0.0 ms]
      [Ref Proc: 0.2 ms]
      [Ref Enq: 0.0 ms]
      [Redirty Cards: 0.2 ms]
      [Humongous Register: 0.0 ms]
      [Humongous Reclaim: 0.0 ms]
      [Free CSet: 0.3 ms]
   [Eden: 290.0M(290.0M)->0.0B(296.0M) Survivors: 41.0M->42.0M Heap: 1032.4M(2048.0M)->1034.9M(2048.0M)]
 [Times: user=1.25 sys=0.00, real=0.17 secs] 
2020-09-29T12:06:41.718+0200: 92.606: [GC pause (G1 Humongous Allocation) (young) (initial-mark), 0.0611473 secs]
   [Parallel Time: 60.2 ms, GC Workers: 8]
      [GC Worker Start (ms): Min: 92606.4, Avg: 92606.5, Max: 92606.5, Diff: 0.2]
      [Ext Root Scanning (ms): Min: 0.0, Avg: 0.3, Max: 0.7, Diff: 0.7, Sum: 2.6]
      [Update RS (ms): Min: 33.5, Avg: 34.2, Max: 34.5, Diff: 1.0, Sum: 273.4]
         [Processed Buffers: Min: 40, Avg: 41.4, Max: 44, Diff: 4, Sum: 331]
      [Scan RS (ms): Min: 2.4, Avg: 2.6, Max: 2.8, Diff: 0.4, Sum: 20.7]
      [Code Root Scanning (ms): Min: 0.0, Avg: 0.0, Max: 0.0, Diff: 0.0, Sum: 0.0]
      [Object Copy (ms): Min: 22.8, Avg: 22.8, Max: 22.9, Diff: 0.1, Sum: 182.7]
      [Termination (ms): Min: 0.0, Avg: 0.0, Max: 0.1, Diff: 0.1, Sum: 0.3]
         [Termination Attempts: Min: 1, Avg: 284.3, Max: 382, Diff: 381, Sum: 2274]
      [GC Worker Other (ms): Min: 0.0, Avg: 0.0, Max: 0.0, Diff: 0.0, Sum: 0.1]
      [GC Worker Total (ms): Min: 59.9, Avg: 60.0, Max: 60.0, Diff: 0.2, Sum: 479.9]
      [GC Worker End (ms): Min: 92666.4, Avg: 92666.4, Max: 92666.5, Diff: 0.0]
   [Code Root Fixup: 0.0 ms]
   [Code Root Purge: 0.0 ms]
   [Clear CT: 0.2 ms]
   [Other: 0.8 ms]
      [Choose CSet: 0.0 ms]
      [Ref Proc: 0.2 ms]
      [Ref Enq: 0.0 ms]
      [Redirty Cards: 0.2 ms]
      [Humongous Register: 0.1 ms]
      [Humongous Reclaim: 0.0 ms]
      [Free CSet: 0.1 ms]
   [Eden: 10.0M(296.0M)->0.0B(329.0M) Survivors: 42.0M->11.0M Heap: 1044.4M(2048.0M)->1047.9M(2048.0M)]
 [Times: user=0.50 sys=0.00, real=0.06 secs] 
2020-09-29T12:06:41.779+0200: 92.667: [GC concurrent-root-region-scan-start]
2020-09-29T12:06:41.782+0200: 92.671: [GC concurrent-root-region-scan-end, 0.0034310 secs]
2020-09-29T12:06:41.782+0200: 92.671: [GC concurrent-mark-start]
2020-09-29T12:06:41.785+0200: 92.674: [GC concurrent-mark-end, 0.0027314 secs]
2020-09-29T12:06:41.785+0200: 92.674: [GC remark 2020-09-29T12:06:41.785+0200: 92.674: [Finalize Marking, 0.0001621 secs] 2020-09-29T12:06:41.786+0200: 92.674: [GC ref-proc, 0.0002930 secs] 2020-09-29T12:06:41.786+0200: 92.675: [Unloading, 0.0004232 secs], 0.0012753 secs]
 [Times: user=0.05 sys=0.00, real=0.00 secs] 
2020-09-29T12:06:41.787+0200: 92.675: [GC cleanup 1063M->35M(2048M), 0.0012803 secs]
 [Times: user=0.00 sys=0.00, real=0.00 secs] 
2020-09-29T12:06:41.788+0200: 92.677: [GC concurrent-cleanup-start]
2020-09-29T12:06:41.789+0200: 92.678: [GC concurrent-cleanup-end, 0.0012189 secs]
2020-09-29T12:06:41.945+0200: 92.834: [GC pause (G1 Evacuation Pause) (young), 0.1682946 secs]
   [Parallel Time: 166.9 ms, GC Workers: 8]
      [GC Worker Start (ms): Min: 92833.7, Avg: 92833.8, Max: 92833.9, Diff: 0.2]
      [Ext Root Scanning (ms): Min: 0.0, Avg: 0.1, Max: 0.2, Diff: 0.2, Sum: 0.4]
      [Update RS (ms): Min: 21.5, Avg: 21.8, Max: 22.3, Diff: 0.8, Sum: 174.2]
         [Processed Buffers: Min: 22, Avg: 23.9, Max: 26, Diff: 4, Sum: 191]
      [Scan RS (ms): Min: 13.9, Avg: 14.4, Max: 14.9, Diff: 1.1, Sum: 115.4]
      [Code Root Scanning (ms): Min: 0.0, Avg: 0.0, Max: 0.0, Diff: 0.0, Sum: 0.0]
      [Object Copy (ms): Min: 130.0, Avg: 130.3, Max: 130.5, Diff: 0.5, Sum: 1042.3]
      [Termination (ms): Min: 0.0, Avg: 0.1, Max: 0.2, Diff: 0.2, Sum: 1.0]
         [Termination Attempts: Min: 1, Avg: 641.4, Max: 1024, Diff: 1023, Sum: 5131]
      [GC Worker Other (ms): Min: 0.0, Avg: 0.0, Max: 0.0, Diff: 0.0, Sum: 0.1]
      [GC Worker Total (ms): Min: 166.6, Avg: 166.7, Max: 166.8, Diff: 0.2, Sum: 1333.5]
      [GC Worker End (ms): Min: 93000.4, Avg: 93000.5, Max: 93000.5, Diff: 0.0]
   [Code Root Fixup: 0.0 ms]
   [Code Root Purge: 0.0 ms]
   [Clear CT: 0.2 ms]
   [Other: 1.2 ms]
      [Choose CSet: 0.0 ms]
      [Ref Proc: 0.2 ms]
      [Ref Enq: 0.0 ms]
      [Redirty Cards: 0.2 ms]
      [Humongous Register: 0.0 ms]
      [Humongous Reclaim: 0.0 ms]
      [Free CSet: 0.5 ms]
   [Eden: 329.0M(329.0M)->0.0B(307.0M) Survivors: 11.0M->43.0M Heap: 404.3M(2048.0M)->396.3M(2048.0M)]
 [Times: user=1.23 sys=0.00, real=0.18 secs] 
2020-09-29T12:06:42.292+0200: 93.181: [GC pause (G1 Evacuation Pause) (young), 0.1760587 secs]
   [Parallel Time: 174.9 ms, GC Workers: 8]
      [GC Worker Start (ms): Min: 93181.1, Avg: 93181.1, Max: 93181.2, Diff: 0.1]
      [Ext Root Scanning (ms): Min: 0.0, Avg: 0.1, Max: 0.1, Diff: 0.1, Sum: 0.6]
      [Update RS (ms): Min: 18.4, Avg: 18.7, Max: 19.0, Diff: 0.6, Sum: 149.4]
         [Processed Buffers: Min: 21, Avg: 23.0, Max: 24, Diff: 3, Sum: 184]
      [Scan RS (ms): Min: 15.9, Avg: 16.4, Max: 16.8, Diff: 0.8, Sum: 131.3]
      [Code Root Scanning (ms): Min: 0.0, Avg: 0.0, Max: 0.0, Diff: 0.0, Sum: 0.0]
      [Object Copy (ms): Min: 139.0, Avg: 139.4, Max: 139.6, Diff: 0.5, Sum: 1115.4]
      [Termination (ms): Min: 0.0, Avg: 0.0, Max: 0.0, Diff: 0.0, Sum: 0.2]
         [Termination Attempts: Min: 1, Avg: 185.5, Max: 241, Diff: 240, Sum: 1484]
      [GC Worker Other (ms): Min: 0.0, Avg: 0.0, Max: 0.1, Diff: 0.1, Sum: 0.4]
      [GC Worker Total (ms): Min: 174.6, Avg: 174.7, Max: 174.7, Diff: 0.1, Sum: 1397.4]
      [GC Worker End (ms): Min: 93355.8, Avg: 93355.8, Max: 93355.8, Diff: 0.1]
   [Code Root Fixup: 0.0 ms]
   [Code Root Purge: 0.0 ms]
   [Clear CT: 0.2 ms]
   [Other: 1.0 ms]
      [Choose CSet: 0.0 ms]
      [Ref Proc: 0.2 ms]
      [Ref Enq: 0.0 ms]
      [Redirty Cards: 0.2 ms]
      [Humongous Register: 0.0 ms]
      [Humongous Reclaim: 0.0 ms]
      [Free CSet: 0.3 ms]
   [Eden: 307.0M(307.0M)->0.0B(304.0M) Survivors: 43.0M->44.0M Heap: 754.8M(2048.0M)->756.8M(2048.0M)]
 [Times: user=1.38 sys=0.00, real=0.18 secs] 
2020-09-29T12:06:42.641+0200: 93.530: [GC pause (G1 Evacuation Pause) (young), 0.1784508 secs]
   [Parallel Time: 177.2 ms, GC Workers: 8]
      [GC Worker Start (ms): Min: 93529.8, Avg: 93530.0, Max: 93530.3, Diff: 0.5]
      [Ext Root Scanning (ms): Min: 0.0, Avg: 0.1, Max: 0.2, Diff: 0.2, Sum: 0.4]
      [Update RS (ms): Min: 17.4, Avg: 17.7, Max: 17.8, Diff: 0.4, Sum: 141.5]
         [Processed Buffers: Min: 17, Avg: 19.3, Max: 22, Diff: 5, Sum: 154]
      [Scan RS (ms): Min: 20.5, Avg: 20.6, Max: 20.7, Diff: 0.3, Sum: 164.8]
      [Code Root Scanning (ms): Min: 0.0, Avg: 0.0, Max: 0.0, Diff: 0.0, Sum: 0.0]
      [Object Copy (ms): Min: 138.4, Avg: 138.5, Max: 138.6, Diff: 0.3, Sum: 1108.0]
      [Termination (ms): Min: 0.0, Avg: 0.1, Max: 0.1, Diff: 0.1, Sum: 0.9]
         [Termination Attempts: Min: 1, Avg: 863.9, Max: 1067, Diff: 1066, Sum: 6911]
      [GC Worker Other (ms): Min: 0.0, Avg: 0.0, Max: 0.1, Diff: 0.1, Sum: 0.4]
      [GC Worker Total (ms): Min: 176.7, Avg: 177.0, Max: 177.2, Diff: 0.5, Sum: 1416.1]
      [GC Worker End (ms): Min: 93706.9, Avg: 93707.0, Max: 93707.0, Diff: 0.1]
   [Code Root Fixup: 0.0 ms]
   [Code Root Purge: 0.0 ms]
   [Clear CT: 0.2 ms]
   [Other: 1.0 ms]
      [Choose CSet: 0.0 ms]
      [Ref Proc: 0.2 ms]
      [Ref Enq: 0.0 ms]
      [Redirty Cards: 0.2 ms]
      [Humongous Register: 0.0 ms]
      [Humongous Reclaim: 0.0 ms]
      [Free CSet: 0.3 ms]
   [Eden: 304.0M(304.0M)->0.0B(296.0M) Survivors: 44.0M->44.0M Heap: 1112.3M(2048.0M)->1114.3M(2048.0M)]
 [Times: user=1.47 sys=0.00, real=0.18 secs] 
2020-09-29T12:06:42.830+0200: 93.719: [GC pause (G1 Humongous Allocation) (young) (initial-mark), 0.0588810 secs]
   [Parallel Time: 57.9 ms, GC Workers: 8]
      [GC Worker Start (ms): Min: 93719.2, Avg: 93719.2, Max: 93719.3, Diff: 0.1]
      [Ext Root Scanning (ms): Min: 0.0, Avg: 0.1, Max: 0.1, Diff: 0.1, Sum: 0.7]
      [Update RS (ms): Min: 33.1, Avg: 33.2, Max: 33.3, Diff: 0.2, Sum: 265.5]
         [Processed Buffers: Min: 39, Avg: 42.0, Max: 44, Diff: 5, Sum: 336]
      [Scan RS (ms): Min: 2.6, Avg: 2.8, Max: 2.9, Diff: 0.3, Sum: 22.4]
      [Code Root Scanning (ms): Min: 0.0, Avg: 0.0, Max: 0.0, Diff: 0.0, Sum: 0.0]
      [Object Copy (ms): Min: 21.6, Avg: 21.7, Max: 21.7, Diff: 0.1, Sum: 173.5]
      [Termination (ms): Min: 0.0, Avg: 0.0, Max: 0.0, Diff: 0.0, Sum: 0.0]
         [Termination Attempts: Min: 1, Avg: 3.9, Max: 8, Diff: 7, Sum: 31]
      [GC Worker Other (ms): Min: 0.0, Avg: 0.0, Max: 0.0, Diff: 0.0, Sum: 0.1]
      [GC Worker Total (ms): Min: 57.7, Avg: 57.8, Max: 57.8, Diff: 0.1, Sum: 462.1]
      [GC Worker End (ms): Min: 93777.0, Avg: 93777.0, Max: 93777.0, Diff: 0.0]
   [Code Root Fixup: 0.0 ms]
   [Code Root Purge: 0.0 ms]
   [Clear CT: 0.2 ms]
   [Other: 0.8 ms]
      [Choose CSet: 0.0 ms]
      [Ref Proc: 0.2 ms]
      [Ref Enq: 0.0 ms]
      [Redirty Cards: 0.2 ms]
      [Humongous Register: 0.1 ms]
      [Humongous Reclaim: 0.0 ms]
      [Free CSet: 0.1 ms]
   [Eden: 10.0M(296.0M)->0.0B(338.0M) Survivors: 44.0M->12.0M Heap: 1124.3M(2048.0M)->1128.3M(2048.0M)]
 [Times: user=0.50 sys=0.00, real=0.06 secs] 
2020-09-29T12:06:42.889+0200: 93.778: [GC concurrent-root-region-scan-start]
2020-09-29T12:06:42.892+0200: 93.781: [GC concurrent-root-region-scan-end, 0.0025683 secs]
2020-09-29T12:06:42.892+0200: 93.781: [GC concurrent-mark-start]
2020-09-29T12:06:42.896+0200: 93.785: [GC concurrent-mark-end, 0.0038723 secs]
2020-09-29T12:06:42.896+0200: 93.785: [GC remark 2020-09-29T12:06:42.896+0200: 93.785: [Finalize Marking, 0.0002455 secs] 2020-09-29T12:06:42.896+0200: 93.785: [GC ref-proc, 0.0003854 secs] 2020-09-29T12:06:42.897+0200: 93.786: [Unloading, 0.0005127 secs], 0.0015432 secs]
 [Times: user=0.00 sys=0.00, real=0.00 secs] 
2020-09-29T12:06:42.898+0200: 93.787: [GC cleanup 1144M->36M(2048M), 0.0015958 secs]
 [Times: user=0.00 sys=0.00, real=0.00 secs] 
2020-09-29T12:06:42.900+0200: 93.788: [GC concurrent-cleanup-start]
2020-09-29T12:06:42.901+0200: 93.790: [GC concurrent-cleanup-end, 0.0015931 secs]
2020-09-29T12:06:43.082+0200: 93.971: [GC pause (G1 Evacuation Pause) (young), 0.1691073 secs]
   [Parallel Time: 166.7 ms, GC Workers: 8]
      [GC Worker Start (ms): Min: 93971.3, Avg: 93971.4, Max: 93971.4, Diff: 0.2]
      [Ext Root Scanning (ms): Min: 0.0, Avg: 0.1, Max: 0.1, Diff: 0.1, Sum: 0.5]
      [Update RS (ms): Min: 20.5, Avg: 20.7, Max: 21.3, Diff: 0.8, Sum: 165.5]
         [Processed Buffers: Min: 19, Avg: 20.6, Max: 23, Diff: 4, Sum: 165]
      [Scan RS (ms): Min: 17.2, Avg: 17.8, Max: 18.0, Diff: 0.8, Sum: 142.6]
      [Code Root Scanning (ms): Min: 0.0, Avg: 0.0, Max: 0.0, Diff: 0.0, Sum: 0.0]
      [Object Copy (ms): Min: 127.7, Avg: 127.9, Max: 127.9, Diff: 0.2, Sum: 1022.9]
      [Termination (ms): Min: 0.0, Avg: 0.0, Max: 0.0, Diff: 0.0, Sum: 0.1]
         [Termination Attempts: Min: 1, Avg: 95.0, Max: 128, Diff: 127, Sum: 760]
      [GC Worker Other (ms): Min: 0.0, Avg: 0.0, Max: 0.1, Diff: 0.1, Sum: 0.4]
      [GC Worker Total (ms): Min: 166.4, Avg: 166.5, Max: 166.6, Diff: 0.2, Sum: 1332.1]
      [GC Worker End (ms): Min: 94137.8, Avg: 94137.9, Max: 94137.9, Diff: 0.1]
   [Code Root Fixup: 0.0 ms]
   [Code Root Purge: 0.0 ms]
   [Clear CT: 0.2 ms]
   [Other: 2.2 ms]
      [Choose CSet: 0.0 ms]
      [Ref Proc: 0.3 ms]
      [Ref Enq: 0.0 ms]
      [Redirty Cards: 1.3 ms]
      [Humongous Register: 0.1 ms]
      [Humongous Reclaim: 0.0 ms]
      [Free CSet: 0.2 ms]
   [Eden: 338.0M(338.0M)->0.0B(310.0M) Survivors: 12.0M->44.0M Heap: 415.7M(2048.0M)->406.2M(2048.0M)]
 [Times: user=1.27 sys=0.00, real=0.17 secs] 
2020-09-29T12:06:43.417+0200: 94.306: [GC pause (G1 Evacuation Pause) (young), 0.1735108 secs]
   [Parallel Time: 172.2 ms, GC Workers: 8]
      [GC Worker Start (ms): Min: 94305.7, Avg: 94305.8, Max: 94305.8, Diff: 0.2]
      [Ext Root Scanning (ms): Min: 0.0, Avg: 0.1, Max: 0.2, Diff: 0.1, Sum: 0.6]
      [Update RS (ms): Min: 14.2, Avg: 14.4, Max: 14.8, Diff: 0.6, Sum: 115.3]
         [Processed Buffers: Min: 17, Avg: 17.9, Max: 20, Diff: 3, Sum: 143]
      [Scan RS (ms): Min: 18.1, Avg: 18.5, Max: 18.7, Diff: 0.6, Sum: 147.6]
      [Code Root Scanning (ms): Min: 0.0, Avg: 0.0, Max: 0.0, Diff: 0.0, Sum: 0.0]
      [Object Copy (ms): Min: 138.9, Avg: 139.0, Max: 139.1, Diff: 0.2, Sum: 1112.4]
      [Termination (ms): Min: 0.0, Avg: 0.0, Max: 0.0, Diff: 0.0, Sum: 0.1]
         [Termination Attempts: Min: 1, Avg: 74.0, Max: 101, Diff: 100, Sum: 592]
      [GC Worker Other (ms): Min: 0.0, Avg: 0.0, Max: 0.1, Diff: 0.1, Sum: 0.3]
      [GC Worker Total (ms): Min: 172.0, Avg: 172.0, Max: 172.2, Diff: 0.2, Sum: 1376.3]
      [GC Worker End (ms): Min: 94477.8, Avg: 94477.8, Max: 94477.8, Diff: 0.1]
   [Code Root Fixup: 0.0 ms]
   [Code Root Purge: 0.0 ms]
   [Clear CT: 0.2 ms]
   [Other: 1.1 ms]
      [Choose CSet: 0.0 ms]
      [Ref Proc: 0.2 ms]
      [Ref Enq: 0.0 ms]
      [Redirty Cards: 0.3 ms]
      [Humongous Register: 0.0 ms]
      [Humongous Reclaim: 0.0 ms]
      [Free CSet: 0.4 ms]
   [Eden: 310.0M(310.0M)->0.0B(306.0M) Survivors: 44.0M->45.0M Heap: 767.7M(2048.0M)->769.7M(2048.0M)]
 [Times: user=1.38 sys=0.00, real=0.17 secs] 
2020-09-29T12:06:43.788+0200: 94.677: [GC pause (G1 Evacuation Pause) (young), 0.3038558 secs]
   [Parallel Time: 302.7 ms, GC Workers: 8]
      [GC Worker Start (ms): Min: 94676.7, Avg: 94684.6, Max: 94708.3, Diff: 31.6]
      [Ext Root Scanning (ms): Min: 0.0, Avg: 0.1, Max: 0.1, Diff: 0.1, Sum: 0.6]
      [Update RS (ms): Min: 0.0, Avg: 18.3, Max: 24.5, Diff: 24.5, Sum: 146.1]
         [Processed Buffers: Min: 0, Avg: 20.1, Max: 29, Diff: 29, Sum: 161]
      [Scan RS (ms): Min: 14.9, Avg: 22.4, Max: 39.1, Diff: 24.2, Sum: 179.1]
      [Code Root Scanning (ms): Min: 0.0, Avg: 0.0, Max: 0.0, Diff: 0.0, Sum: 0.0]
      [Object Copy (ms): Min: 237.6, Avg: 252.7, Max: 255.9, Diff: 18.4, Sum: 2021.6]
      [Termination (ms): Min: 0.0, Avg: 1.2, Max: 1.5, Diff: 1.5, Sum: 9.4]
         [Termination Attempts: Min: 1, Avg: 8230.4, Max: 9918, Diff: 9917, Sum: 65843]
      [GC Worker Other (ms): Min: 0.0, Avg: 0.0, Max: 0.1, Diff: 0.1, Sum: 0.4]
      [GC Worker Total (ms): Min: 271.0, Avg: 294.7, Max: 302.6, Diff: 31.6, Sum: 2357.3]
      [GC Worker End (ms): Min: 94979.3, Avg: 94979.3, Max: 94979.3, Diff: 0.1]
   [Code Root Fixup: 0.0 ms]
   [Code Root Purge: 0.0 ms]
   [Clear CT: 0.2 ms]
   [Other: 1.0 ms]
      [Choose CSet: 0.0 ms]
      [Ref Proc: 0.2 ms]
      [Ref Enq: 0.0 ms]
      [Redirty Cards: 0.2 ms]
      [Humongous Register: 0.1 ms]
      [Humongous Reclaim: 0.0 ms]
      [Free CSet: 0.3 ms]
   [Eden: 306.0M(306.0M)->0.0B(195.0M) Survivors: 45.0M->44.0M Heap: 1127.2M(2048.0M)->1129.7M(2048.0M)]
 [Times: user=2.09 sys=0.02, real=0.30 secs] 
2020-09-29T12:06:44.106+0200: 94.995: [GC pause (G1 Humongous Allocation) (young) (initial-mark), 0.0586565 secs]
   [Parallel Time: 57.7 ms, GC Workers: 8]
      [GC Worker Start (ms): Min: 94995.2, Avg: 94995.4, Max: 94995.5, Diff: 0.3]
      [Ext Root Scanning (ms): Min: 0.0, Avg: 0.4, Max: 0.6, Diff: 0.6, Sum: 3.1]
      [Update RS (ms): Min: 34.2, Avg: 34.6, Max: 34.9, Diff: 0.8, Sum: 276.6]
         [Processed Buffers: Min: 36, Avg: 38.1, Max: 42, Diff: 6, Sum: 305]
      [Scan RS (ms): Min: 2.5, Avg: 2.8, Max: 3.1, Diff: 0.7, Sum: 22.2]
      [Code Root Scanning (ms): Min: 0.0, Avg: 0.0, Max: 0.0, Diff: 0.0, Sum: 0.0]
      [Object Copy (ms): Min: 19.6, Avg: 19.7, Max: 19.7, Diff: 0.1, Sum: 157.3]
      [Termination (ms): Min: 0.0, Avg: 0.0, Max: 0.0, Diff: 0.0, Sum: 0.0]
         [Termination Attempts: Min: 1, Avg: 3.5, Max: 9, Diff: 8, Sum: 28]
      [GC Worker Other (ms): Min: 0.0, Avg: 0.0, Max: 0.0, Diff: 0.0, Sum: 0.2]
      [GC Worker Total (ms): Min: 57.3, Avg: 57.4, Max: 57.6, Diff: 0.3, Sum: 459.4]
      [GC Worker End (ms): Min: 95052.8, Avg: 95052.8, Max: 95052.8, Diff: 0.0]
   [Code Root Fixup: 0.0 ms]
   [Code Root Purge: 0.0 ms]
   [Clear CT: 0.1 ms]
   [Other: 0.8 ms]
      [Choose CSet: 0.0 ms]
      [Ref Proc: 0.2 ms]
      [Ref Enq: 0.0 ms]
      [Redirty Cards: 0.2 ms]
      [Humongous Register: 0.1 ms]
      [Humongous Reclaim: 0.0 ms]
      [Free CSet: 0.1 ms]
   [Eden: 8192.0K(195.0M)->0.0B(257.0M) Survivors: 44.0M->9216.0K Heap: 1137.2M(2048.0M)->1140.7M(2048.0M)]
 [Times: user=0.50 sys=0.00, real=0.06 secs] 
2020-09-29T12:06:44.165+0200: 95.054: [GC concurrent-root-region-scan-start]
2020-09-29T12:06:44.168+0200: 95.057: [GC concurrent-root-region-scan-end, 0.0031811 secs]
2020-09-29T12:06:44.168+0200: 95.057: [GC concurrent-mark-start]
2020-09-29T12:06:44.173+0200: 95.061: [GC concurrent-mark-end, 0.0042316 secs]
2020-09-29T12:06:44.173+0200: 95.062: [GC remark 2020-09-29T12:06:44.173+0200: 95.062: [Finalize Marking, 0.0006364 secs] 2020-09-29T12:06:44.174+0200: 95.063: [GC ref-proc, 0.0004157 secs] 2020-09-29T12:06:44.174+0200: 95.063: [Unloading, 0.0010373 secs], 0.0033562 secs]
 [Times: user=0.00 sys=0.01, real=0.00 secs] 
2020-09-29T12:06:44.178+0200: 95.067: [GC cleanup 1158M->35M(2048M), 0.0030046 secs]
 [Times: user=0.00 sys=0.00, real=0.00 secs] 
2020-09-29T12:06:44.181+0200: 95.070: [GC concurrent-cleanup-start]
2020-09-29T12:06:44.183+0200: 95.072: [GC concurrent-cleanup-end, 0.0025652 secs]
2020-09-29T12:06:44.330+0200: 95.219: [GC pause (G1 Evacuation Pause) (young), 0.1182954 secs]
   [Parallel Time: 117.3 ms, GC Workers: 8]
      [GC Worker Start (ms): Min: 95218.9, Avg: 95218.9, Max: 95219.0, Diff: 0.1]
      [Ext Root Scanning (ms): Min: 0.0, Avg: 0.1, Max: 0.1, Diff: 0.1, Sum: 0.6]
      [Update RS (ms): Min: 13.8, Avg: 14.0, Max: 14.5, Diff: 0.7, Sum: 112.4]
         [Processed Buffers: Min: 17, Avg: 17.8, Max: 20, Diff: 3, Sum: 142]
      [Scan RS (ms): Min: 9.3, Avg: 9.7, Max: 10.0, Diff: 0.7, Sum: 77.5]
      [Code Root Scanning (ms): Min: 0.0, Avg: 0.0, Max: 0.0, Diff: 0.0, Sum: 0.0]
      [Object Copy (ms): Min: 93.3, Avg: 93.3, Max: 93.3, Diff: 0.1, Sum: 746.5]
      [Termination (ms): Min: 0.0, Avg: 0.0, Max: 0.0, Diff: 0.0, Sum: 0.1]
         [Termination Attempts: Min: 1, Avg: 88.8, Max: 116, Diff: 115, Sum: 710]
      [GC Worker Other (ms): Min: 0.0, Avg: 0.0, Max: 0.1, Diff: 0.1, Sum: 0.3]
      [GC Worker Total (ms): Min: 117.1, Avg: 117.2, Max: 117.3, Diff: 0.2, Sum: 937.4]
      [GC Worker End (ms): Min: 95336.1, Avg: 95336.1, Max: 95336.1, Diff: 0.0]
   [Code Root Fixup: 0.0 ms]
   [Code Root Purge: 0.0 ms]
   [Clear CT: 0.2 ms]
   [Other: 0.8 ms]
      [Choose CSet: 0.0 ms]
      [Ref Proc: 0.2 ms]
      [Ref Enq: 0.0 ms]
      [Redirty Cards: 0.2 ms]
      [Humongous Register: 0.0 ms]
      [Humongous Reclaim: 0.0 ms]
      [Free CSet: 0.2 ms]
   [Eden: 257.0M(257.0M)->0.0B(272.0M) Survivors: 9216.0K->34.0M Heap: 318.9M(2048.0M)->311.9M(2048.0M)]
 [Times: user=1.00 sys=0.00, real=0.12 secs] 
2020-09-29T12:06:44.590+0200: 95.479: [GC pause (G1 Evacuation Pause) (young), 0.1759027 secs]
   [Parallel Time: 174.6 ms, GC Workers: 8]
      [GC Worker Start (ms): Min: 95479.2, Avg: 95479.3, Max: 95479.4, Diff: 0.2]
      [Ext Root Scanning (ms): Min: 0.0, Avg: 0.1, Max: 0.2, Diff: 0.2, Sum: 0.5]
      [Update RS (ms): Min: 20.9, Avg: 21.0, Max: 21.1, Diff: 0.2, Sum: 168.2]
         [Processed Buffers: Min: 24, Avg: 25.9, Max: 28, Diff: 4, Sum: 207]
      [Scan RS (ms): Min: 10.3, Avg: 10.5, Max: 10.6, Diff: 0.2, Sum: 83.8]
      [Code Root Scanning (ms): Min: 0.0, Avg: 0.0, Max: 0.0, Diff: 0.0, Sum: 0.0]
      [Object Copy (ms): Min: 142.5, Avg: 142.6, Max: 142.8, Diff: 0.3, Sum: 1140.8]
      [Termination (ms): Min: 0.0, Avg: 0.2, Max: 0.3, Diff: 0.3, Sum: 1.9]
         [Termination Attempts: Min: 1, Avg: 1668.8, Max: 2054, Diff: 2053, Sum: 13350]
      [GC Worker Other (ms): Min: 0.0, Avg: 0.0, Max: 0.1, Diff: 0.0, Sum: 0.3]
      [GC Worker Total (ms): Min: 174.4, Avg: 174.4, Max: 174.5, Diff: 0.1, Sum: 1395.5]
      [GC Worker End (ms): Min: 95653.7, Avg: 95653.7, Max: 95653.8, Diff: 0.0]
   [Code Root Fixup: 0.0 ms]
   [Code Root Purge: 0.0 ms]
   [Clear CT: 0.3 ms]
   [Other: 1.0 ms]
      [Choose CSet: 0.0 ms]
      [Ref Proc: 0.3 ms]
      [Ref Enq: 0.0 ms]
      [Redirty Cards: 0.2 ms]
      [Humongous Register: 0.0 ms]
      [Humongous Reclaim: 0.0 ms]
      [Free CSet: 0.2 ms]
   [Eden: 272.0M(272.0M)->0.0B(267.0M) Survivors: 34.0M->39.0M Heap: 629.6M(2048.0M)->631.6M(2048.0M)]
 [Times: user=1.28 sys=0.02, real=0.18 secs] 
2020-09-29T12:06:44.958+0200: 95.848: [GC pause (G1 Evacuation Pause) (young), 0.1728215 secs]
   [Parallel Time: 171.6 ms, GC Workers: 8]
      [GC Worker Start (ms): Min: 95847.8, Avg: 95847.8, Max: 95847.9, Diff: 0.1]
      [Ext Root Scanning (ms): Min: 0.0, Avg: 0.1, Max: 0.2, Diff: 0.1, Sum: 0.6]
      [Update RS (ms): Min: 22.2, Avg: 22.8, Max: 24.9, Diff: 2.7, Sum: 182.6]
         [Processed Buffers: Min: 19, Avg: 22.0, Max: 25, Diff: 6, Sum: 176]
      [Scan RS (ms): Min: 18.8, Avg: 22.6, Max: 34.5, Diff: 15.7, Sum: 180.9]
      [Code Root Scanning (ms): Min: 0.0, Avg: 0.0, Max: 0.0, Diff: 0.0, Sum: 0.0]
      [Object Copy (ms): Min: 114.3, Avg: 125.6, Max: 127.5, Diff: 13.2, Sum: 1004.7]
      [Termination (ms): Min: 0.0, Avg: 0.2, Max: 0.4, Diff: 0.4, Sum: 2.0]
         [Termination Attempts: Min: 1, Avg: 1762.5, Max: 2227, Diff: 2226, Sum: 14100]
      [GC Worker Other (ms): Min: 0.0, Avg: 0.0, Max: 0.1, Diff: 0.0, Sum: 0.3]
      [GC Worker Total (ms): Min: 171.3, Avg: 171.4, Max: 171.5, Diff: 0.2, Sum: 1371.0]
      [GC Worker End (ms): Min: 96019.2, Avg: 96019.2, Max: 96019.2, Diff: 0.0]
   [Code Root Fixup: 0.0 ms]
   [Code Root Purge: 0.0 ms]
   [Clear CT: 0.2 ms]
   [Other: 1.0 ms]
      [Choose CSet: 0.0 ms]
      [Ref Proc: 0.2 ms]
      [Ref Enq: 0.0 ms]
      [Redirty Cards: 0.3 ms]
      [Humongous Register: 0.1 ms]
      [Humongous Reclaim: 0.0 ms]
      [Free CSet: 0.3 ms]
   [Eden: 267.0M(267.0M)->0.0B(253.0M) Survivors: 39.0M->39.0M Heap: 942.5M(2048.0M)->943.5M(2048.0M)]
 [Times: user=1.28 sys=0.05, real=0.17 secs] 
2020-09-29T12:06:45.175+0200: 96.065: [GC pause (G1 Humongous Allocation) (young) (initial-mark), 0.0617603 secs]
   [Parallel Time: 60.6 ms, GC Workers: 8]
      [GC Worker Start (ms): Min: 96064.9, Avg: 96064.9, Max: 96065.0, Diff: 0.1]
      [Ext Root Scanning (ms): Min: 0.0, Avg: 0.4, Max: 2.5, Diff: 2.5, Sum: 3.4]
      [Update RS (ms): Min: 13.1, Avg: 15.4, Max: 16.5, Diff: 3.4, Sum: 122.9]
         [Processed Buffers: Min: 15, Avg: 17.6, Max: 19, Diff: 4, Sum: 141]
      [Scan RS (ms): Min: 1.7, Avg: 2.5, Max: 2.9, Diff: 1.2, Sum: 20.4]
      [Code Root Scanning (ms): Min: 0.0, Avg: 0.0, Max: 0.0, Diff: 0.0, Sum: 0.0]
      [Object Copy (ms): Min: 42.0, Avg: 42.0, Max: 42.1, Diff: 0.1, Sum: 336.2]
      [Termination (ms): Min: 0.0, Avg: 0.1, Max: 0.2, Diff: 0.1, Sum: 0.8]
         [Termination Attempts: Min: 1, Avg: 238.0, Max: 292, Diff: 291, Sum: 1904]
      [GC Worker Other (ms): Min: 0.0, Avg: 0.0, Max: 0.0, Diff: 0.0, Sum: 0.1]
      [GC Worker Total (ms): Min: 60.4, Avg: 60.5, Max: 60.5, Diff: 0.2, Sum: 483.9]
      [GC Worker End (ms): Min: 96125.4, Avg: 96125.4, Max: 96125.5, Diff: 0.1]
   [Code Root Fixup: 0.0 ms]
   [Code Root Purge: 0.0 ms]
   [Clear CT: 0.2 ms]
   [Other: 0.9 ms]
      [Choose CSet: 0.0 ms]
      [Ref Proc: 0.2 ms]
      [Ref Enq: 0.0 ms]
      [Redirty Cards: 0.3 ms]
      [Humongous Register: 0.0 ms]
      [Humongous Reclaim: 0.0 ms]
      [Free CSet: 0.1 ms]
   [Eden: 63.0M(253.0M)->0.0B(285.0M) Survivors: 39.0M->37.0M Heap: 1015.6M(2048.0M)->1017.6M(2048.0M)]
 [Times: user=0.33 sys=0.00, real=0.06 secs] 
2020-09-29T12:06:45.237+0200: 96.127: [GC concurrent-root-region-scan-start]
2020-09-29T12:06:45.248+0200: 96.137: [GC concurrent-root-region-scan-end, 0.0101910 secs]
2020-09-29T12:06:45.248+0200: 96.137: [GC concurrent-mark-start]
2020-09-29T12:06:45.251+0200: 96.141: [GC concurrent-mark-end, 0.0036579 secs]
2020-09-29T12:06:45.252+0200: 96.141: [GC remark 2020-09-29T12:06:45.252+0200: 96.141: [Finalize Marking, 0.0002384 secs] 2020-09-29T12:06:45.252+0200: 96.141: [GC ref-proc, 0.0004002 secs] 2020-09-29T12:06:45.252+0200: 96.142: [Unloading, 0.0005557 secs], 0.0026832 secs]
 [Times: user=0.05 sys=0.00, real=0.00 secs] 
2020-09-29T12:06:45.255+0200: 96.144: [GC cleanup 1044M->72M(2048M), 0.0014217 secs]
 [Times: user=0.00 sys=0.00, real=0.00 secs] 
2020-09-29T12:06:45.256+0200: 96.146: [GC concurrent-cleanup-start]
2020-09-29T12:06:45.258+0200: 96.147: [GC concurrent-cleanup-end, 0.0017212 secs]
2020-09-29T12:06:45.409+0200: 96.298: [GC pause (G1 Evacuation Pause) (young), 0.1470203 secs]
   [Parallel Time: 145.8 ms, GC Workers: 8]
      [GC Worker Start (ms): Min: 96298.5, Avg: 96298.7, Max: 96298.7, Diff: 0.2]
      [Ext Root Scanning (ms): Min: 0.0, Avg: 0.0, Max: 0.2, Diff: 0.2, Sum: 0.4]
      [Update RS (ms): Min: 18.0, Avg: 18.3, Max: 18.7, Diff: 0.7, Sum: 146.6]
         [Processed Buffers: Min: 21, Avg: 21.9, Max: 23, Diff: 2, Sum: 175]
      [Scan RS (ms): Min: 9.8, Avg: 10.2, Max: 10.5, Diff: 0.8, Sum: 81.2]
      [Code Root Scanning (ms): Min: 0.0, Avg: 0.0, Max: 0.0, Diff: 0.0, Sum: 0.0]
      [Object Copy (ms): Min: 116.6, Avg: 116.7, Max: 116.9, Diff: 0.3, Sum: 933.5]
      [Termination (ms): Min: 0.0, Avg: 0.2, Max: 0.3, Diff: 0.3, Sum: 1.8]
         [Termination Attempts: Min: 1, Avg: 1470.8, Max: 2005, Diff: 2004, Sum: 11766]
      [GC Worker Other (ms): Min: 0.0, Avg: 0.0, Max: 0.1, Diff: 0.1, Sum: 0.3]
      [GC Worker Total (ms): Min: 145.4, Avg: 145.5, Max: 145.6, Diff: 0.2, Sum: 1163.9]
      [GC Worker End (ms): Min: 96444.1, Avg: 96444.1, Max: 96444.2, Diff: 0.1]
   [Code Root Fixup: 0.0 ms]
   [Code Root Purge: 0.0 ms]
   [Clear CT: 0.2 ms]
   [Other: 1.0 ms]
      [Choose CSet: 0.0 ms]
      [Ref Proc: 0.1 ms]
      [Ref Enq: 0.0 ms]
      [Redirty Cards: 0.3 ms]
      [Humongous Register: 0.0 ms]
      [Humongous Reclaim: 0.0 ms]
      [Free CSet: 0.3 ms]
   [Eden: 285.0M(285.0M)->0.0B(301.0M) Survivors: 37.0M->41.0M Heap: 378.7M(2048.0M)->343.7M(2048.0M)]
 [Times: user=1.25 sys=0.00, real=0.15 secs] 
2020-09-29T12:06:45.734+0200: 96.623: [GC pause (G1 Evacuation Pause) (young), 0.1932068 secs]
   [Parallel Time: 192.1 ms, GC Workers: 8]
      [GC Worker Start (ms): Min: 96623.2, Avg: 96623.3, Max: 96623.3, Diff: 0.1]
      [Ext Root Scanning (ms): Min: 0.0, Avg: 0.1, Max: 0.1, Diff: 0.1, Sum: 0.7]
      [Update RS (ms): Min: 20.7, Avg: 20.8, Max: 21.2, Diff: 0.6, Sum: 166.4]
         [Processed Buffers: Min: 18, Avg: 20.6, Max: 23, Diff: 5, Sum: 165]
      [Scan RS (ms): Min: 22.1, Avg: 22.4, Max: 22.9, Diff: 0.7, Sum: 179.3]
      [Code Root Scanning (ms): Min: 0.0, Avg: 0.0, Max: 0.0, Diff: 0.0, Sum: 0.0]
      [Object Copy (ms): Min: 148.0, Avg: 148.4, Max: 148.7, Diff: 0.7, Sum: 1187.5]
      [Termination (ms): Min: 0.0, Avg: 0.1, Max: 0.2, Diff: 0.2, Sum: 1.2]
         [Termination Attempts: Min: 1, Avg: 761.3, Max: 1147, Diff: 1146, Sum: 6090]
      [GC Worker Other (ms): Min: 0.0, Avg: 0.0, Max: 0.0, Diff: 0.0, Sum: 0.1]
      [GC Worker Total (ms): Min: 191.9, Avg: 191.9, Max: 192.0, Diff: 0.1, Sum: 1535.2]
      [GC Worker End (ms): Min: 96815.2, Avg: 96815.2, Max: 96815.2, Diff: 0.0]
   [Code Root Fixup: 0.0 ms]
   [Code Root Purge: 0.0 ms]
   [Clear CT: 0.2 ms]
   [Other: 1.0 ms]
      [Choose CSet: 0.0 ms]
      [Ref Proc: 0.1 ms]
      [Ref Enq: 0.0 ms]
      [Redirty Cards: 0.4 ms]
      [Humongous Register: 0.0 ms]
      [Humongous Reclaim: 0.0 ms]
      [Free CSet: 0.3 ms]
   [Eden: 301.0M(301.0M)->0.0B(277.0M) Survivors: 41.0M->43.0M Heap: 696.2M(2048.0M)->698.7M(2048.0M)]
 [Times: user=1.55 sys=0.02, real=0.19 secs] 
2020-09-29T12:06:46.088+0200: 96.977: [GC pause (G1 Evacuation Pause) (young), 0.1551437 secs]
   [Parallel Time: 153.8 ms, GC Workers: 8]
      [GC Worker Start (ms): Min: 96977.2, Avg: 96977.4, Max: 96977.4, Diff: 0.2]
      [Ext Root Scanning (ms): Min: 0.0, Avg: 0.1, Max: 0.2, Diff: 0.2, Sum: 0.5]
      [Update RS (ms): Min: 15.7, Avg: 15.8, Max: 16.3, Diff: 0.7, Sum: 126.6]
         [Processed Buffers: Min: 17, Avg: 18.0, Max: 20, Diff: 3, Sum: 144]
      [Scan RS (ms): Min: 14.1, Avg: 14.6, Max: 14.7, Diff: 0.7, Sum: 116.7]
      [Code Root Scanning (ms): Min: 0.0, Avg: 0.0, Max: 0.0, Diff: 0.0, Sum: 0.0]
      [Object Copy (ms): Min: 123.1, Avg: 123.1, Max: 123.1, Diff: 0.1, Sum: 984.9]
      [Termination (ms): Min: 0.0, Avg: 0.0, Max: 0.0, Diff: 0.0, Sum: 0.1]
         [Termination Attempts: Min: 1, Avg: 37.6, Max: 51, Diff: 50, Sum: 301]
      [GC Worker Other (ms): Min: 0.0, Avg: 0.0, Max: 0.1, Diff: 0.1, Sum: 0.3]
      [GC Worker Total (ms): Min: 153.5, Avg: 153.6, Max: 153.8, Diff: 0.3, Sum: 1229.1]
      [GC Worker End (ms): Min: 97131.0, Avg: 97131.0, Max: 97131.0, Diff: 0.1]
   [Code Root Fixup: 0.0 ms]
   [Code Root Purge: 0.0 ms]
   [Clear CT: 0.2 ms]
   [Other: 1.1 ms]
      [Choose CSet: 0.0 ms]
      [Ref Proc: 0.2 ms]
      [Ref Enq: 0.0 ms]
      [Redirty Cards: 0.5 ms]
      [Humongous Register: 0.0 ms]
      [Humongous Reclaim: 0.0 ms]
      [Free CSet: 0.2 ms]
   [Eden: 277.0M(277.0M)->0.0B(291.0M) Survivors: 43.0M->40.0M Heap: 1021.5M(2048.0M)->1023.0M(2048.0M)]
 [Times: user=1.23 sys=0.00, real=0.15 secs] 
2020-09-29T12:06:46.251+0200: 97.140: [GC pause (G1 Humongous Allocation) (young) (initial-mark), 0.0658337 secs]
   [Parallel Time: 63.0 ms, GC Workers: 8]
      [GC Worker Start (ms): Min: 97140.6, Avg: 97140.7, Max: 97140.7, Diff: 0.1]
      [Ext Root Scanning (ms): Min: 0.1, Avg: 0.6, Max: 1.0, Diff: 0.9, Sum: 4.6]
      [Update RS (ms): Min: 38.6, Avg: 39.1, Max: 39.8, Diff: 1.3, Sum: 313.0]
         [Processed Buffers: Min: 36, Avg: 41.6, Max: 46, Diff: 10, Sum: 333]
      [Scan RS (ms): Min: 2.3, Avg: 2.7, Max: 3.0, Diff: 0.7, Sum: 21.6]
      [Code Root Scanning (ms): Min: 0.0, Avg: 0.0, Max: 0.0, Diff: 0.0, Sum: 0.0]
      [Object Copy (ms): Min: 20.2, Avg: 20.3, Max: 20.3, Diff: 0.1, Sum: 162.1]
      [Termination (ms): Min: 0.0, Avg: 0.0, Max: 0.0, Diff: 0.0, Sum: 0.2]
         [Termination Attempts: Min: 1, Avg: 187.1, Max: 235, Diff: 234, Sum: 1497]
      [GC Worker Other (ms): Min: 0.0, Avg: 0.0, Max: 0.0, Diff: 0.0, Sum: 0.2]
      [GC Worker Total (ms): Min: 62.6, Avg: 62.7, Max: 62.8, Diff: 0.2, Sum: 501.7]
      [GC Worker End (ms): Min: 97203.4, Avg: 97203.4, Max: 97203.4, Diff: 0.0]
   [Code Root Fixup: 0.0 ms]
   [Code Root Purge: 0.0 ms]
   [Clear CT: 0.4 ms]
   [Other: 2.4 ms]
      [Choose CSet: 0.0 ms]
      [Ref Proc: 0.2 ms]
      [Ref Enq: 0.0 ms]
      [Redirty Cards: 1.8 ms]
      [Humongous Register: 0.1 ms]
      [Humongous Reclaim: 0.0 ms]
      [Free CSet: 0.1 ms]
   [Eden: 7168.0K(291.0M)->0.0B(320.0M) Survivors: 40.0M->10.0M Heap: 1030.0M(2048.0M)->1034.0M(2048.0M)]
 [Times: user=0.42 sys=0.00, real=0.07 secs] 
2020-09-29T12:06:46.323+0200: 97.211: [GC concurrent-root-region-scan-start]
2020-09-29T12:06:46.325+0200: 97.213: [GC concurrent-root-region-scan-end, 0.0020600 secs]
2020-09-29T12:06:46.325+0200: 97.213: [GC concurrent-mark-start]
2020-09-29T12:06:46.327+0200: 97.216: [GC concurrent-mark-end, 0.0025360 secs]
2020-09-29T12:06:46.327+0200: 97.216: [GC remark 2020-09-29T12:06:46.327+0200: 97.216: [Finalize Marking, 0.0002097 secs] 2020-09-29T12:06:46.328+0200: 97.216: [GC ref-proc, 0.0003188 secs] 2020-09-29T12:06:46.328+0200: 97.217: [Unloading, 0.0003858 secs], 0.0012660 secs]
 [Times: user=0.00 sys=0.00, real=0.00 secs] 
2020-09-29T12:06:46.329+0200: 97.218: [GC cleanup 1045M->30M(2048M), 0.0010366 secs]
 [Times: user=0.00 sys=0.00, real=0.00 secs] 
2020-09-29T12:06:46.330+0200: 97.219: [GC concurrent-cleanup-start]
2020-09-29T12:06:46.331+0200: 97.220: [GC concurrent-cleanup-end, 0.0011711 secs]
2020-09-29T12:06:46.494+0200: 97.383: [GC pause (G1 Evacuation Pause) (young), 0.1558380 secs]
   [Parallel Time: 154.3 ms, GC Workers: 8]
      [GC Worker Start (ms): Min: 97383.4, Avg: 97383.6, Max: 97383.6, Diff: 0.2]
      [Ext Root Scanning (ms): Min: 0.0, Avg: 0.1, Max: 0.2, Diff: 0.2, Sum: 0.4]
      [Update RS (ms): Min: 14.5, Avg: 14.8, Max: 15.0, Diff: 0.5, Sum: 118.1]
         [Processed Buffers: Min: 16, Avg: 17.4, Max: 19, Diff: 3, Sum: 139]
      [Scan RS (ms): Min: 14.5, Avg: 14.7, Max: 14.9, Diff: 0.5, Sum: 117.3]
      [Code Root Scanning (ms): Min: 0.0, Avg: 0.0, Max: 0.0, Diff: 0.0, Sum: 0.0]
      [Object Copy (ms): Min: 124.4, Avg: 124.6, Max: 124.7, Diff: 0.2, Sum: 996.4]
      [Termination (ms): Min: 0.0, Avg: 0.0, Max: 0.0, Diff: 0.0, Sum: 0.1]
         [Termination Attempts: Min: 1, Avg: 98.3, Max: 131, Diff: 130, Sum: 786]
      [GC Worker Other (ms): Min: 0.0, Avg: 0.1, Max: 0.1, Diff: 0.1, Sum: 0.5]
      [GC Worker Total (ms): Min: 154.0, Avg: 154.1, Max: 154.3, Diff: 0.2, Sum: 1233.0]
      [GC Worker End (ms): Min: 97537.6, Avg: 97537.7, Max: 97537.7, Diff: 0.1]
   [Code Root Fixup: 0.0 ms]
   [Code Root Purge: 0.0 ms]
   [Clear CT: 0.3 ms]
   [Other: 1.2 ms]
      [Choose CSet: 0.0 ms]
      [Ref Proc: 0.2 ms]
      [Ref Enq: 0.0 ms]
      [Redirty Cards: 0.3 ms]
      [Humongous Register: 0.0 ms]
      [Humongous Reclaim: 0.0 ms]
      [Free CSet: 0.3 ms]
   [Eden: 320.0M(320.0M)->0.0B(305.0M) Survivors: 10.0M->42.0M Heap: 391.9M(2048.0M)->384.4M(2048.0M)]
 [Times: user=1.20 sys=0.00, real=0.16 secs] 
2020-09-29T12:06:46.806+0200: 97.695: [GC pause (G1 Evacuation Pause) (young), 0.1666252 secs]
   [Parallel Time: 165.5 ms, GC Workers: 8]
      [GC Worker Start (ms): Min: 97695.4, Avg: 97695.5, Max: 97695.5, Diff: 0.2]
      [Ext Root Scanning (ms): Min: 0.0, Avg: 0.1, Max: 0.2, Diff: 0.2, Sum: 0.5]
      [Update RS (ms): Min: 16.7, Avg: 16.8, Max: 17.0, Diff: 0.3, Sum: 134.3]
         [Processed Buffers: Min: 19, Avg: 20.4, Max: 22, Diff: 3, Sum: 163]
      [Scan RS (ms): Min: 16.0, Avg: 16.2, Max: 16.4, Diff: 0.4, Sum: 129.8]
      [Code Root Scanning (ms): Min: 0.0, Avg: 0.0, Max: 0.0, Diff: 0.0, Sum: 0.0]
      [Object Copy (ms): Min: 132.0, Avg: 132.1, Max: 132.2, Diff: 0.2, Sum: 1056.6]
      [Termination (ms): Min: 0.0, Avg: 0.1, Max: 0.1, Diff: 0.1, Sum: 0.7]
         [Termination Attempts: Min: 1, Avg: 568.6, Max: 759, Diff: 758, Sum: 4549]
      [GC Worker Other (ms): Min: 0.0, Avg: 0.0, Max: 0.1, Diff: 0.0, Sum: 0.4]
      [GC Worker Total (ms): Min: 165.2, Avg: 165.3, Max: 165.4, Diff: 0.2, Sum: 1322.2]
      [GC Worker End (ms): Min: 97860.7, Avg: 97860.8, Max: 97860.8, Diff: 0.0]
   [Code Root Fixup: 0.0 ms]
   [Code Root Purge: 0.0 ms]
   [Clear CT: 0.2 ms]
   [Other: 0.9 ms]
      [Choose CSet: 0.0 ms]
      [Ref Proc: 0.2 ms]
      [Ref Enq: 0.0 ms]
      [Redirty Cards: 0.2 ms]
      [Humongous Register: 0.0 ms]
      [Humongous Reclaim: 0.0 ms]
      [Free CSet: 0.3 ms]
   [Eden: 305.0M(305.0M)->0.0B(307.0M) Survivors: 42.0M->44.0M Heap: 740.9M(2048.0M)->742.9M(2048.0M)]
 [Times: user=1.27 sys=0.00, real=0.17 secs] 
2020-09-29T12:06:47.151+0200: 98.041: [GC pause (G1 Evacuation Pause) (young), 0.1986932 secs]
   [Parallel Time: 196.1 ms, GC Workers: 8]
      [GC Worker Start (ms): Min: 98040.6, Avg: 98040.8, Max: 98040.9, Diff: 0.3]
      [Ext Root Scanning (ms): Min: 0.0, Avg: 0.1, Max: 0.2, Diff: 0.2, Sum: 0.4]
      [Update RS (ms): Min: 21.8, Avg: 21.9, Max: 22.3, Diff: 0.4, Sum: 175.5]
         [Processed Buffers: Min: 15, Avg: 20.8, Max: 24, Diff: 9, Sum: 166]
      [Scan RS (ms): Min: 21.7, Avg: 22.0, Max: 22.5, Diff: 0.8, Sum: 176.0]
      [Code Root Scanning (ms): Min: 0.0, Avg: 0.0, Max: 0.0, Diff: 0.0, Sum: 0.0]
      [Object Copy (ms): Min: 151.1, Avg: 151.5, Max: 151.9, Diff: 0.8, Sum: 1212.4]
      [Termination (ms): Min: 0.0, Avg: 0.2, Max: 0.2, Diff: 0.2, Sum: 1.6]
         [Termination Attempts: Min: 1, Avg: 1482.3, Max: 1730, Diff: 1729, Sum: 11858]
      [GC Worker Other (ms): Min: 0.0, Avg: 0.0, Max: 0.1, Diff: 0.0, Sum: 0.3]
      [GC Worker Total (ms): Min: 195.7, Avg: 195.8, Max: 196.0, Diff: 0.3, Sum: 1566.3]
      [GC Worker End (ms): Min: 98236.6, Avg: 98236.6, Max: 98236.6, Diff: 0.1]
   [Code Root Fixup: 0.0 ms]
   [Code Root Purge: 0.0 ms]
   [Clear CT: 0.2 ms]
   [Other: 2.4 ms]
      [Choose CSet: 0.0 ms]
      [Ref Proc: 0.2 ms]
      [Ref Enq: 0.0 ms]
      [Redirty Cards: 1.9 ms]
      [Humongous Register: 0.0 ms]
      [Humongous Reclaim: 0.0 ms]
      [Free CSet: 0.2 ms]
   [Eden: 307.0M(307.0M)->0.0B(280.0M) Survivors: 44.0M->44.0M Heap: 1101.4M(2048.0M)->1103.4M(2048.0M)]
 [Times: user=1.39 sys=0.03, real=0.20 secs] 
2020-09-29T12:06:47.366+0200: 98.255: [GC pause (G1 Humongous Allocation) (young) (initial-mark), 0.0546252 secs]
   [Parallel Time: 53.7 ms, GC Workers: 8]
      [GC Worker Start (ms): Min: 98255.6, Avg: 98255.6, Max: 98255.7, Diff: 0.1]
      [Ext Root Scanning (ms): Min: 0.0, Avg: 0.1, Max: 0.2, Diff: 0.1, Sum: 0.6]
      [Update RS (ms): Min: 28.0, Avg: 28.4, Max: 28.5, Diff: 0.5, Sum: 227.0]
         [Processed Buffers: Min: 30, Avg: 33.9, Max: 36, Diff: 6, Sum: 271]
      [Scan RS (ms): Min: 2.7, Avg: 2.9, Max: 3.2, Diff: 0.6, Sum: 22.8]
      [Code Root Scanning (ms): Min: 0.0, Avg: 0.0, Max: 0.0, Diff: 0.0, Sum: 0.0]
      [Object Copy (ms): Min: 22.1, Avg: 22.1, Max: 22.2, Diff: 0.1, Sum: 176.9]
      [Termination (ms): Min: 0.0, Avg: 0.0, Max: 0.1, Diff: 0.1, Sum: 0.3]
         [Termination Attempts: Min: 1, Avg: 264.1, Max: 383, Diff: 382, Sum: 2113]
      [GC Worker Other (ms): Min: 0.0, Avg: 0.0, Max: 0.0, Diff: 0.0, Sum: 0.2]
      [GC Worker Total (ms): Min: 53.4, Avg: 53.5, Max: 53.5, Diff: 0.1, Sum: 427.8]
      [GC Worker End (ms): Min: 98309.1, Avg: 98309.1, Max: 98309.1, Diff: 0.0]
   [Code Root Fixup: 0.0 ms]
   [Code Root Purge: 0.0 ms]
   [Clear CT: 0.2 ms]
   [Other: 0.8 ms]
      [Choose CSet: 0.0 ms]
      [Ref Proc: 0.3 ms]
      [Ref Enq: 0.0 ms]
      [Redirty Cards: 0.2 ms]
      [Humongous Register: 0.0 ms]
      [Humongous Reclaim: 0.0 ms]
      [Free CSet: 0.1 ms]
   [Eden: 7168.0K(280.0M)->0.0B(329.0M) Survivors: 44.0M->9216.0K Heap: 1109.9M(2048.0M)->1114.4M(2048.0M)]
 [Times: user=0.38 sys=0.00, real=0.06 secs] 
2020-09-29T12:06:47.421+0200: 98.310: [GC concurrent-root-region-scan-start]
2020-09-29T12:06:47.423+0200: 98.312: [GC concurrent-root-region-scan-end, 0.0017486 secs]
2020-09-29T12:06:47.423+0200: 98.312: [GC concurrent-mark-start]
2020-09-29T12:06:47.426+0200: 98.316: [GC concurrent-mark-end, 0.0036053 secs]
2020-09-29T12:06:47.426+0200: 98.316: [GC remark 2020-09-29T12:06:47.426+0200: 98.316: [Finalize Marking, 0.0001959 secs] 2020-09-29T12:06:47.427+0200: 98.316: [GC ref-proc, 0.0002986 secs] 2020-09-29T12:06:47.427+0200: 98.316: [Unloading, 0.0004482 secs], 0.0012645 secs]
 [Times: user=0.00 sys=0.00, real=0.00 secs] 
2020-09-29T12:06:47.428+0200: 98.317: [GC cleanup 1126M->29M(2048M), 0.0012375 secs]
 [Times: user=0.00 sys=0.00, real=0.00 secs] 
2020-09-29T12:06:47.429+0200: 98.319: [GC concurrent-cleanup-start]
2020-09-29T12:06:47.431+0200: 98.321: [GC concurrent-cleanup-end, 0.0019403 secs]
2020-09-29T12:06:47.605+0200: 98.494: [GC pause (G1 Evacuation Pause) (young), 0.1636170 secs]
   [Parallel Time: 161.6 ms, GC Workers: 8]
      [GC Worker Start (ms): Min: 98494.1, Avg: 98494.2, Max: 98494.3, Diff: 0.2]
      [Ext Root Scanning (ms): Min: 0.0, Avg: 0.1, Max: 0.2, Diff: 0.2, Sum: 0.4]
      [Update RS (ms): Min: 15.9, Avg: 16.0, Max: 16.3, Diff: 0.4, Sum: 128.4]
         [Processed Buffers: Min: 18, Avg: 18.9, Max: 20, Diff: 2, Sum: 151]
      [Scan RS (ms): Min: 15.3, Avg: 15.6, Max: 15.8, Diff: 0.5, Sum: 124.6]
      [Code Root Scanning (ms): Min: 0.0, Avg: 0.0, Max: 0.0, Diff: 0.0, Sum: 0.0]
      [Object Copy (ms): Min: 129.5, Avg: 129.6, Max: 129.6, Diff: 0.2, Sum: 1036.7]
      [Termination (ms): Min: 0.0, Avg: 0.0, Max: 0.0, Diff: 0.0, Sum: 0.3]
         [Termination Attempts: Min: 1, Avg: 34.4, Max: 59, Diff: 58, Sum: 275]
      [GC Worker Other (ms): Min: 0.0, Avg: 0.0, Max: 0.1, Diff: 0.0, Sum: 0.3]
      [GC Worker Total (ms): Min: 161.3, Avg: 161.3, Max: 161.4, Diff: 0.2, Sum: 1290.7]
      [GC Worker End (ms): Min: 98655.5, Avg: 98655.5, Max: 98655.6, Diff: 0.1]
   [Code Root Fixup: 0.0 ms]
   [Code Root Purge: 0.0 ms]
   [Clear CT: 0.4 ms]
   [Other: 1.6 ms]
      [Choose CSet: 0.0 ms]
      [Ref Proc: 0.6 ms]
      [Ref Enq: 0.0 ms]
      [Redirty Cards: 0.6 ms]
      [Humongous Register: 0.0 ms]
      [Humongous Reclaim: 0.0 ms]
      [Free CSet: 0.2 ms]
   [Eden: 329.0M(329.0M)->0.0B(308.0M) Survivors: 9216.0K->43.0M Heap: 401.8M(2048.0M)->395.3M(2048.0M)]
 [Times: user=1.24 sys=0.00, real=0.17 secs] 
2020-09-29T12:06:47.952+0200: 98.841: [GC pause (G1 Evacuation Pause) (young), 0.1931351 secs]
   [Parallel Time: 191.9 ms, GC Workers: 8]
      [GC Worker Start (ms): Min: 98841.1, Avg: 98841.2, Max: 98841.3, Diff: 0.2]
      [Ext Root Scanning (ms): Min: 0.0, Avg: 0.1, Max: 0.2, Diff: 0.2, Sum: 0.5]
      [Update RS (ms): Min: 22.1, Avg: 22.3, Max: 22.4, Diff: 0.3, Sum: 178.1]
         [Processed Buffers: Min: 22, Avg: 23.3, Max: 25, Diff: 3, Sum: 186]
      [Scan RS (ms): Min: 17.9, Avg: 18.1, Max: 18.3, Diff: 0.4, Sum: 145.0]
      [Code Root Scanning (ms): Min: 0.0, Avg: 0.0, Max: 0.0, Diff: 0.0, Sum: 0.0]
      [Object Copy (ms): Min: 151.0, Avg: 151.1, Max: 151.2, Diff: 0.3, Sum: 1209.1]
      [Termination (ms): Min: 0.0, Avg: 0.1, Max: 0.1, Diff: 0.1, Sum: 0.5]
         [Termination Attempts: Min: 1, Avg: 134.6, Max: 167, Diff: 166, Sum: 1077]
      [GC Worker Other (ms): Min: 0.0, Avg: 0.0, Max: 0.0, Diff: 0.0, Sum: 0.1]
      [GC Worker Total (ms): Min: 191.6, Avg: 191.7, Max: 191.8, Diff: 0.2, Sum: 1533.3]
      [GC Worker End (ms): Min: 99032.8, Avg: 99032.9, Max: 99032.9, Diff: 0.0]
   [Code Root Fixup: 0.0 ms]
   [Code Root Purge: 0.0 ms]
   [Clear CT: 0.2 ms]
   [Other: 1.0 ms]
      [Choose CSet: 0.0 ms]
      [Ref Proc: 0.2 ms]
      [Ref Enq: 0.0 ms]
      [Redirty Cards: 0.3 ms]
      [Humongous Register: 0.0 ms]
      [Humongous Reclaim: 0.0 ms]
      [Free CSet: 0.3 ms]
   [Eden: 308.0M(308.0M)->0.0B(291.0M) Survivors: 43.0M->44.0M Heap: 754.8M(2048.0M)->756.8M(2048.0M)]
 [Times: user=1.45 sys=0.00, real=0.19 secs] 
2020-09-29T12:06:48.318+0200: 99.208: [GC pause (G1 Evacuation Pause) (young), 0.1704302 secs]
   [Parallel Time: 169.2 ms, GC Workers: 8]
      [GC Worker Start (ms): Min: 99207.6, Avg: 99207.7, Max: 99207.8, Diff: 0.1]
      [Ext Root Scanning (ms): Min: 0.0, Avg: 0.1, Max: 0.1, Diff: 0.1, Sum: 0.5]
      [Update RS (ms): Min: 14.5, Avg: 14.6, Max: 14.8, Diff: 0.3, Sum: 116.6]
         [Processed Buffers: Min: 17, Avg: 18.8, Max: 21, Diff: 4, Sum: 150]
      [Scan RS (ms): Min: 15.9, Avg: 16.2, Max: 16.4, Diff: 0.5, Sum: 129.3]
      [Code Root Scanning (ms): Min: 0.0, Avg: 0.0, Max: 0.0, Diff: 0.0, Sum: 0.0]
      [Object Copy (ms): Min: 138.0, Avg: 138.1, Max: 138.2, Diff: 0.2, Sum: 1105.0]
      [Termination (ms): Min: 0.0, Avg: 0.1, Max: 0.1, Diff: 0.1, Sum: 0.7]
         [Termination Attempts: Min: 1, Avg: 391.0, Max: 513, Diff: 512, Sum: 3128]
      [GC Worker Other (ms): Min: 0.0, Avg: 0.0, Max: 0.0, Diff: 0.0, Sum: 0.1]
      [GC Worker Total (ms): Min: 169.0, Avg: 169.0, Max: 169.1, Diff: 0.1, Sum: 1352.3]
      [GC Worker End (ms): Min: 99376.7, Avg: 99376.7, Max: 99376.8, Diff: 0.0]
   [Code Root Fixup: 0.0 ms]
   [Code Root Purge: 0.0 ms]
   [Clear CT: 0.2 ms]
   [Other: 1.0 ms]
      [Choose CSet: 0.0 ms]
      [Ref Proc: 0.2 ms]
      [Ref Enq: 0.0 ms]
      [Redirty Cards: 0.3 ms]
      [Humongous Register: 0.0 ms]
      [Humongous Reclaim: 0.0 ms]
      [Free CSet: 0.3 ms]
   [Eden: 291.0M(291.0M)->0.0B(296.0M) Survivors: 44.0M->42.0M Heap: 1097.4M(2048.0M)->1099.9M(2048.0M)]
 [Times: user=1.23 sys=0.01, real=0.17 secs] 
2020-09-29T12:06:48.504+0200: 99.393: [GC pause (G1 Humongous Allocation) (young) (initial-mark), 0.0579213 secs]
   [Parallel Time: 57.0 ms, GC Workers: 8]
      [GC Worker Start (ms): Min: 99393.5, Avg: 99393.6, Max: 99393.6, Diff: 0.1]
      [Ext Root Scanning (ms): Min: 0.0, Avg: 2.1, Max: 16.1, Diff: 16.0, Sum: 16.9]
      [Update RS (ms): Min: 13.3, Avg: 27.1, Max: 29.6, Diff: 16.3, Sum: 216.9]
         [Processed Buffers: Min: 17, Avg: 33.4, Max: 41, Diff: 24, Sum: 267]
      [Scan RS (ms): Min: 2.2, Avg: 2.7, Max: 2.9, Diff: 0.7, Sum: 21.5]
      [Code Root Scanning (ms): Min: 0.0, Avg: 0.0, Max: 0.0, Diff: 0.0, Sum: 0.0]
      [Object Copy (ms): Min: 24.8, Avg: 24.9, Max: 25.0, Diff: 0.1, Sum: 199.2]
      [Termination (ms): Min: 0.0, Avg: 0.1, Max: 0.1, Diff: 0.1, Sum: 0.6]
         [Termination Attempts: Min: 1, Avg: 578.3, Max: 719, Diff: 718, Sum: 4626]
      [GC Worker Other (ms): Min: 0.0, Avg: 0.0, Max: 0.0, Diff: 0.0, Sum: 0.1]
      [GC Worker Total (ms): Min: 56.8, Avg: 56.9, Max: 56.9, Diff: 0.1, Sum: 455.2]
      [GC Worker End (ms): Min: 99450.5, Avg: 99450.5, Max: 99450.5, Diff: 0.0]
   [Code Root Fixup: 0.0 ms]
   [Code Root Purge: 0.0 ms]
   [Clear CT: 0.2 ms]
   [Other: 0.7 ms]
      [Choose CSet: 0.0 ms]
      [Ref Proc: 0.1 ms]
      [Ref Enq: 0.0 ms]
      [Redirty Cards: 0.1 ms]
      [Humongous Register: 0.1 ms]
      [Humongous Reclaim: 0.0 ms]
      [Free CSet: 0.1 ms]
   [Eden: 11.0M(296.0M)->0.0B(323.0M) Survivors: 42.0M->13.0M Heap: 1110.4M(2048.0M)->1114.4M(2048.0M)]
 [Times: user=0.36 sys=0.00, real=0.06 secs] 
2020-09-29T12:06:48.562+0200: 99.451: [GC concurrent-root-region-scan-start]
2020-09-29T12:06:48.565+0200: 99.454: [GC concurrent-root-region-scan-end, 0.0029353 secs]
2020-09-29T12:06:48.565+0200: 99.454: [GC concurrent-mark-start]
2020-09-29T12:06:48.568+0200: 99.458: [GC concurrent-mark-end, 0.0031965 secs]
2020-09-29T12:06:48.569+0200: 99.458: [GC remark 2020-09-29T12:06:48.569+0200: 99.458: [Finalize Marking, 0.0001284 secs] 2020-09-29T12:06:48.569+0200: 99.458: [GC ref-proc, 0.0003061 secs] 2020-09-29T12:06:48.569+0200: 99.458: [Unloading, 0.0004074 secs], 0.0012566 secs]
 [Times: user=0.00 sys=0.00, real=0.00 secs] 
2020-09-29T12:06:48.570+0200: 99.459: [GC cleanup 1127M->34M(2048M), 0.0014564 secs]
 [Times: user=0.00 sys=0.00, real=0.00 secs] 
2020-09-29T12:06:48.572+0200: 99.461: [GC concurrent-cleanup-start]
2020-09-29T12:06:48.574+0200: 99.463: [GC concurrent-cleanup-end, 0.0022483 secs]
2020-09-29T12:06:48.741+0200: 99.630: [GC pause (G1 Evacuation Pause) (young), 0.1663890 secs]
   [Parallel Time: 165.2 ms, GC Workers: 8]
      [GC Worker Start (ms): Min: 99630.5, Avg: 99630.7, Max: 99630.7, Diff: 0.2]
      [Ext Root Scanning (ms): Min: 0.0, Avg: 0.1, Max: 0.2, Diff: 0.2, Sum: 0.4]
      [Update RS (ms): Min: 14.1, Avg: 14.2, Max: 14.6, Diff: 0.5, Sum: 113.8]
         [Processed Buffers: Min: 15, Avg: 16.4, Max: 20, Diff: 5, Sum: 131]
      [Scan RS (ms): Min: 17.4, Avg: 17.8, Max: 18.1, Diff: 0.7, Sum: 142.0]
      [Code Root Scanning (ms): Min: 0.0, Avg: 0.0, Max: 0.0, Diff: 0.0, Sum: 0.0]
      [Object Copy (ms): Min: 132.5, Avg: 132.8, Max: 132.9, Diff: 0.4, Sum: 1062.5]
      [Termination (ms): Min: 0.0, Avg: 0.1, Max: 0.1, Diff: 0.1, Sum: 0.6]
         [Termination Attempts: Min: 1, Avg: 292.9, Max: 435, Diff: 434, Sum: 2343]
      [GC Worker Other (ms): Min: 0.0, Avg: 0.0, Max: 0.0, Diff: 0.0, Sum: 0.1]
      [GC Worker Total (ms): Min: 164.9, Avg: 164.9, Max: 165.1, Diff: 0.2, Sum: 1319.5]
      [GC Worker End (ms): Min: 99795.6, Avg: 99795.6, Max: 99795.6, Diff: 0.0]
   [Code Root Fixup: 0.0 ms]
   [Code Root Purge: 0.0 ms]
   [Clear CT: 0.2 ms]
   [Other: 1.0 ms]
      [Choose CSet: 0.0 ms]
      [Ref Proc: 0.2 ms]
      [Ref Enq: 0.0 ms]
      [Redirty Cards: 0.2 ms]
      [Humongous Register: 0.0 ms]
      [Humongous Reclaim: 0.0 ms]
      [Free CSet: 0.3 ms]
   [Eden: 323.0M(323.0M)->0.0B(302.0M) Survivors: 13.0M->42.0M Heap: 399.8M(2048.0M)->389.8M(2048.0M)]
 [Times: user=1.22 sys=0.00, real=0.17 secs] 
2020-09-29T12:06:49.089+0200: 99.978: [GC pause (G1 Evacuation Pause) (young), 0.1817803 secs]
   [Parallel Time: 180.0 ms, GC Workers: 8]
      [GC Worker Start (ms): Min: 99978.1, Avg: 99978.3, Max: 99978.3, Diff: 0.2]
      [Ext Root Scanning (ms): Min: 0.0, Avg: 0.1, Max: 0.2, Diff: 0.2, Sum: 0.5]
      [Update RS (ms): Min: 20.6, Avg: 20.9, Max: 21.2, Diff: 0.5, Sum: 167.4]
         [Processed Buffers: Min: 17, Avg: 19.8, Max: 22, Diff: 5, Sum: 158]
      [Scan RS (ms): Min: 18.5, Avg: 18.9, Max: 19.4, Diff: 0.9, Sum: 151.2]
      [Code Root Scanning (ms): Min: 0.0, Avg: 0.0, Max: 0.0, Diff: 0.0, Sum: 0.0]
      [Object Copy (ms): Min: 139.5, Avg: 139.8, Max: 139.9, Diff: 0.4, Sum: 1118.0]
      [Termination (ms): Min: 0.0, Avg: 0.0, Max: 0.0, Diff: 0.0, Sum: 0.1]
         [Termination Attempts: Min: 1, Avg: 45.3, Max: 59, Diff: 58, Sum: 362]
      [GC Worker Other (ms): Min: 0.0, Avg: 0.0, Max: 0.1, Diff: 0.1, Sum: 0.4]
      [GC Worker Total (ms): Min: 179.6, Avg: 179.7, Max: 179.8, Diff: 0.2, Sum: 1437.6]
      [GC Worker End (ms): Min: 100157.9, Avg: 100158.0, Max: 100158.0, Diff: 0.1]
   [Code Root Fixup: 0.0 ms]
   [Code Root Purge: 0.0 ms]
   [Clear CT: 0.2 ms]
   [Other: 1.6 ms]
      [Choose CSet: 0.0 ms]
      [Ref Proc: 0.2 ms]
      [Ref Enq: 0.0 ms]
      [Redirty Cards: 0.8 ms]
      [Humongous Register: 0.0 ms]
      [Humongous Reclaim: 0.0 ms]
      [Free CSet: 0.3 ms]
   [Eden: 302.0M(302.0M)->0.0B(292.0M) Survivors: 42.0M->43.0M Heap: 741.4M(2048.0M)->743.4M(2048.0M)]
 [Times: user=1.33 sys=0.02, real=0.18 secs] 
2020-09-29T12:06:49.453+0200: 100.342: [GC pause (G1 Evacuation Pause) (young), 0.1835447 secs]
   [Parallel Time: 182.4 ms, GC Workers: 8]
      [GC Worker Start (ms): Min: 100342.1, Avg: 100342.2, Max: 100342.3, Diff: 0.2]
      [Ext Root Scanning (ms): Min: 0.0, Avg: 0.1, Max: 0.2, Diff: 0.2, Sum: 0.6]
      [Update RS (ms): Min: 15.6, Avg: 15.7, Max: 15.8, Diff: 0.2, Sum: 125.3]
         [Processed Buffers: Min: 14, Avg: 16.3, Max: 19, Diff: 5, Sum: 130]
      [Scan RS (ms): Min: 21.7, Avg: 21.8, Max: 21.9, Diff: 0.2, Sum: 174.4]
      [Code Root Scanning (ms): Min: 0.0, Avg: 0.0, Max: 0.0, Diff: 0.0, Sum: 0.0]
      [Object Copy (ms): Min: 144.4, Avg: 144.5, Max: 144.6, Diff: 0.2, Sum: 1156.1]
      [Termination (ms): Min: 0.0, Avg: 0.1, Max: 0.1, Diff: 0.1, Sum: 0.5]
         [Termination Attempts: Min: 1, Avg: 425.9, Max: 544, Diff: 543, Sum: 3407]
      [GC Worker Other (ms): Min: 0.0, Avg: 0.0, Max: 0.1, Diff: 0.1, Sum: 0.4]
      [GC Worker Total (ms): Min: 182.0, Avg: 182.2, Max: 182.3, Diff: 0.2, Sum: 1457.2]
      [GC Worker End (ms): Min: 100524.3, Avg: 100524.4, Max: 100524.4, Diff: 0.1]
   [Code Root Fixup: 0.0 ms]
   [Code Root Purge: 0.0 ms]
   [Clear CT: 0.2 ms]
   [Other: 0.9 ms]
      [Choose CSet: 0.0 ms]
      [Ref Proc: 0.1 ms]
      [Ref Enq: 0.0 ms]
      [Redirty Cards: 0.2 ms]
      [Humongous Register: 0.0 ms]
      [Humongous Reclaim: 0.0 ms]
      [Free CSet: 0.3 ms]
   [Eden: 292.0M(292.0M)->0.0B(281.0M) Survivors: 43.0M->42.0M Heap: 1085.0M(2048.0M)->1086.5M(2048.0M)]
 [Times: user=1.42 sys=0.05, real=0.18 secs] 
2020-09-29T12:06:49.655+0200: 100.544: [GC pause (G1 Humongous Allocation) (young) (initial-mark), 0.0549675 secs]
   [Parallel Time: 54.1 ms, GC Workers: 8]
      [GC Worker Start (ms): Min: 100544.5, Avg: 100544.5, Max: 100544.6, Diff: 0.2]
      [Ext Root Scanning (ms): Min: 0.0, Avg: 1.9, Max: 11.3, Diff: 11.3, Sum: 14.9]
      [Update RS (ms): Min: 16.6, Avg: 25.9, Max: 27.9, Diff: 11.3, Sum: 207.5]
         [Processed Buffers: Min: 20, Avg: 32.8, Max: 36, Diff: 16, Sum: 262]
      [Scan RS (ms): Min: 2.7, Avg: 2.9, Max: 3.1, Diff: 0.3, Sum: 23.2]
      [Code Root Scanning (ms): Min: 0.0, Avg: 0.0, Max: 0.0, Diff: 0.0, Sum: 0.0]
      [Object Copy (ms): Min: 23.2, Avg: 23.2, Max: 23.2, Diff: 0.1, Sum: 185.6]
      [Termination (ms): Min: 0.0, Avg: 0.0, Max: 0.0, Diff: 0.0, Sum: 0.1]
         [Termination Attempts: Min: 1, Avg: 55.5, Max: 72, Diff: 71, Sum: 444]
      [GC Worker Other (ms): Min: 0.0, Avg: 0.0, Max: 0.0, Diff: 0.0, Sum: 0.2]
      [GC Worker Total (ms): Min: 53.8, Avg: 53.9, Max: 54.0, Diff: 0.2, Sum: 431.4]
      [GC Worker End (ms): Min: 100598.4, Avg: 100598.5, Max: 100598.5, Diff: 0.0]
   [Code Root Fixup: 0.0 ms]
   [Code Root Purge: 0.0 ms]
   [Clear CT: 0.2 ms]
   [Other: 0.7 ms]
      [Choose CSet: 0.0 ms]
      [Ref Proc: 0.2 ms]
      [Ref Enq: 0.0 ms]
      [Redirty Cards: 0.1 ms]
      [Humongous Register: 0.0 ms]
      [Humongous Reclaim: 0.0 ms]
      [Free CSet: 0.1 ms]
   [Eden: 11.0M(281.0M)->0.0B(321.0M) Survivors: 42.0M->12.0M Heap: 1097.0M(2048.0M)->1101.0M(2048.0M)]
 [Times: user=0.49 sys=0.00, real=0.06 secs] 
2020-09-29T12:06:49.710+0200: 100.599: [GC concurrent-root-region-scan-start]
2020-09-29T12:06:49.713+0200: 100.602: [GC concurrent-root-region-scan-end, 0.0028273 secs]
2020-09-29T12:06:49.713+0200: 100.602: [GC concurrent-mark-start]
2020-09-29T12:06:49.715+0200: 100.605: [GC concurrent-mark-end, 0.0023148 secs]
2020-09-29T12:06:49.715+0200: 100.605: [GC remark 2020-09-29T12:06:49.715+0200: 100.605: [Finalize Marking, 0.0002646 secs] 2020-09-29T12:06:49.716+0200: 100.605: [GC ref-proc, 0.0002735 secs] 2020-09-29T12:06:49.716+0200: 100.605: [Unloading, 0.0004113 secs], 0.0012443 secs]
 [Times: user=0.00 sys=0.00, real=0.00 secs] 
2020-09-29T12:06:49.717+0200: 100.606: [GC cleanup 1113M->33M(2048M), 0.0011039 secs]
 [Times: user=0.00 sys=0.00, real=0.00 secs] 
2020-09-29T12:06:49.718+0200: 100.607: [GC concurrent-cleanup-start]
2020-09-29T12:06:49.720+0200: 100.609: [GC concurrent-cleanup-end, 0.0015652 secs]
2020-09-29T12:06:49.884+0200: 100.773: [GC pause (G1 Evacuation Pause) (young), 0.1734087 secs]
   [Parallel Time: 172.0 ms, GC Workers: 8]
      [GC Worker Start (ms): Min: 100772.9, Avg: 100773.0, Max: 100773.1, Diff: 0.2]
      [Ext Root Scanning (ms): Min: 0.0, Avg: 0.1, Max: 0.2, Diff: 0.2, Sum: 0.5]
      [Update RS (ms): Min: 15.3, Avg: 15.6, Max: 16.4, Diff: 1.1, Sum: 125.0]
         [Processed Buffers: Min: 15, Avg: 16.9, Max: 19, Diff: 4, Sum: 135]
      [Scan RS (ms): Min: 19.5, Avg: 20.2, Max: 20.6, Diff: 1.1, Sum: 161.5]
      [Code Root Scanning (ms): Min: 0.0, Avg: 0.0, Max: 0.0, Diff: 0.0, Sum: 0.0]
      [Object Copy (ms): Min: 135.6, Avg: 135.7, Max: 136.0, Diff: 0.4, Sum: 1085.9]
      [Termination (ms): Min: 0.0, Avg: 0.1, Max: 0.2, Diff: 0.2, Sum: 1.0]
         [Termination Attempts: Min: 1, Avg: 848.4, Max: 1044, Diff: 1043, Sum: 6787]
      [GC Worker Other (ms): Min: 0.0, Avg: 0.0, Max: 0.1, Diff: 0.1, Sum: 0.3]
      [GC Worker Total (ms): Min: 171.7, Avg: 171.8, Max: 171.9, Diff: 0.2, Sum: 1374.3]
      [GC Worker End (ms): Min: 100944.8, Avg: 100944.8, Max: 100944.8, Diff: 0.1]
   [Code Root Fixup: 0.0 ms]
   [Code Root Purge: 0.0 ms]
   [Clear CT: 0.2 ms]
   [Other: 1.2 ms]
      [Choose CSet: 0.0 ms]
      [Ref Proc: 0.2 ms]
      [Ref Enq: 0.0 ms]
      [Redirty Cards: 0.3 ms]
      [Humongous Register: 0.0 ms]
      [Humongous Reclaim: 0.0 ms]
      [Free CSet: 0.4 ms]
   [Eden: 321.0M(321.0M)->0.0B(293.0M) Survivors: 12.0M->42.0M Heap: 397.3M(2048.0M)->386.8M(2048.0M)]
 [Times: user=1.36 sys=0.00, real=0.17 secs] 
2020-09-29T12:06:50.299+0200: 101.188: [GC pause (G1 Evacuation Pause) (young), 0.2500664 secs]
   [Parallel Time: 248.6 ms, GC Workers: 8]
      [GC Worker Start (ms): Min: 101187.7, Avg: 101187.7, Max: 101187.8, Diff: 0.1]
      [Ext Root Scanning (ms): Min: 0.0, Avg: 0.1, Max: 0.2, Diff: 0.1, Sum: 0.8]
      [Update RS (ms): Min: 22.6, Avg: 22.8, Max: 23.5, Diff: 0.9, Sum: 182.6]
         [Processed Buffers: Min: 17, Avg: 18.5, Max: 22, Diff: 5, Sum: 148]
      [Scan RS (ms): Min: 23.8, Avg: 24.3, Max: 24.5, Diff: 0.7, Sum: 194.4]
      [Code Root Scanning (ms): Min: 0.0, Avg: 0.0, Max: 0.0, Diff: 0.0, Sum: 0.0]
      [Object Copy (ms): Min: 200.8, Avg: 201.0, Max: 201.1, Diff: 0.3, Sum: 1608.1]
      [Termination (ms): Min: 0.0, Avg: 0.1, Max: 0.1, Diff: 0.1, Sum: 0.6]
         [Termination Attempts: Min: 1, Avg: 339.4, Max: 445, Diff: 444, Sum: 2715]
      [GC Worker Other (ms): Min: 0.0, Avg: 0.0, Max: 0.1, Diff: 0.1, Sum: 0.3]
      [GC Worker Total (ms): Min: 248.3, Avg: 248.4, Max: 248.4, Diff: 0.1, Sum: 1986.9]
      [GC Worker End (ms): Min: 101436.1, Avg: 101436.1, Max: 101436.1, Diff: 0.1]
   [Code Root Fixup: 0.0 ms]
   [Code Root Purge: 0.0 ms]
   [Clear CT: 0.2 ms]
   [Other: 1.2 ms]
      [Choose CSet: 0.0 ms]
      [Ref Proc: 0.3 ms]
      [Ref Enq: 0.0 ms]
      [Redirty Cards: 0.4 ms]
      [Humongous Register: 0.1 ms]
      [Humongous Reclaim: 0.0 ms]
      [Free CSet: 0.3 ms]
   [Eden: 293.0M(293.0M)->0.0B(219.0M) Survivors: 42.0M->42.0M Heap: 727.5M(2048.0M)->729.5M(2048.0M)]
 [Times: user=1.95 sys=0.02, real=0.25 secs] 
2020-09-29T12:06:50.726+0200: 101.615: [GC pause (G1 Evacuation Pause) (young), 0.2002651 secs]
   [Parallel Time: 198.7 ms, GC Workers: 8]
      [GC Worker Start (ms): Min: 101615.1, Avg: 101615.2, Max: 101615.3, Diff: 0.2]
      [Ext Root Scanning (ms): Min: 0.0, Avg: 0.1, Max: 0.2, Diff: 0.2, Sum: 0.7]
      [Update RS (ms): Min: 18.1, Avg: 18.4, Max: 18.9, Diff: 0.8, Sum: 147.6]
         [Processed Buffers: Min: 13, Avg: 14.8, Max: 16, Diff: 3, Sum: 118]
      [Scan RS (ms): Min: 17.7, Avg: 18.3, Max: 18.5, Diff: 0.8, Sum: 146.0]
      [Code Root Scanning (ms): Min: 0.0, Avg: 0.0, Max: 0.0, Diff: 0.0, Sum: 0.0]
      [Object Copy (ms): Min: 161.3, Avg: 161.4, Max: 161.5, Diff: 0.2, Sum: 1291.6]
      [Termination (ms): Min: 0.0, Avg: 0.1, Max: 0.1, Diff: 0.1, Sum: 0.6]
         [Termination Attempts: Min: 1, Avg: 363.5, Max: 465, Diff: 464, Sum: 2908]
      [GC Worker Other (ms): Min: 0.0, Avg: 0.1, Max: 0.1, Diff: 0.1, Sum: 0.5]
      [GC Worker Total (ms): Min: 198.3, Avg: 198.4, Max: 198.5, Diff: 0.2, Sum: 1587.1]
      [GC Worker End (ms): Min: 101813.5, Avg: 101813.6, Max: 101813.6, Diff: 0.1]
   [Code Root Fixup: 0.0 ms]
   [Code Root Purge: 0.0 ms]
   [Clear CT: 0.3 ms]
   [Other: 1.3 ms]
      [Choose CSet: 0.0 ms]
      [Ref Proc: 0.3 ms]
      [Ref Enq: 0.0 ms]
      [Redirty Cards: 0.3 ms]
      [Humongous Register: 0.1 ms]
      [Humongous Reclaim: 0.0 ms]
      [Free CSet: 0.3 ms]
   [Eden: 219.0M(219.0M)->0.0B(203.0M) Survivors: 42.0M->33.0M Heap: 984.7M(2048.0M)->986.7M(2048.0M)]
 [Times: user=1.50 sys=0.01, real=0.20 secs] 
2020-09-29T12:06:50.933+0200: 101.822: [GC pause (G1 Humongous Allocation) (young) (initial-mark), 0.0857917 secs]
   [Parallel Time: 84.5 ms, GC Workers: 8]
      [GC Worker Start (ms): Min: 101822.5, Avg: 101822.6, Max: 101822.7, Diff: 0.2]
      [Ext Root Scanning (ms): Min: 0.0, Avg: 0.2, Max: 0.3, Diff: 0.3, Sum: 1.6]
      [Update RS (ms): Min: 44.1, Avg: 44.5, Max: 44.7, Diff: 0.6, Sum: 355.6]
         [Processed Buffers: Min: 35, Avg: 37.3, Max: 40, Diff: 5, Sum: 298]
      [Scan RS (ms): Min: 2.1, Avg: 2.4, Max: 2.7, Diff: 0.7, Sum: 19.2]
      [Code Root Scanning (ms): Min: 0.0, Avg: 0.0, Max: 0.0, Diff: 0.0, Sum: 0.0]
      [Object Copy (ms): Min: 37.0, Avg: 37.2, Max: 37.2, Diff: 0.2, Sum: 297.2]
      [Termination (ms): Min: 0.0, Avg: 0.0, Max: 0.0, Diff: 0.0, Sum: 0.2]
         [Termination Attempts: Min: 1, Avg: 91.6, Max: 140, Diff: 139, Sum: 733]
      [GC Worker Other (ms): Min: 0.0, Avg: 0.0, Max: 0.0, Diff: 0.0, Sum: 0.2]
      [GC Worker Total (ms): Min: 84.1, Avg: 84.2, Max: 84.3, Diff: 0.2, Sum: 674.0]
      [GC Worker End (ms): Min: 101906.8, Avg: 101906.8, Max: 101906.8, Diff: 0.0]
   [Code Root Fixup: 0.0 ms]
   [Code Root Purge: 0.0 ms]
   [Clear CT: 0.3 ms]
   [Other: 1.0 ms]
      [Choose CSet: 0.0 ms]
      [Ref Proc: 0.3 ms]
      [Ref Enq: 0.0 ms]
      [Redirty Cards: 0.3 ms]
      [Humongous Register: 0.1 ms]
      [Humongous Reclaim: 0.0 ms]
      [Free CSet: 0.1 ms]
   [Eden: 3072.0K(203.0M)->0.0B(172.0M) Survivors: 33.0M->5120.0K Heap: 989.2M(2048.0M)->993.7M(2048.0M)]
 [Times: user=0.59 sys=0.02, real=0.09 secs] 
2020-09-29T12:06:51.019+0200: 101.908: [GC concurrent-root-region-scan-start]
2020-09-29T12:06:51.020+0200: 101.909: [GC concurrent-root-region-scan-end, 0.0012893 secs]
2020-09-29T12:06:51.020+0200: 101.909: [GC concurrent-mark-start]
2020-09-29T12:06:51.024+0200: 101.913: [GC concurrent-mark-end, 0.0036148 secs]
2020-09-29T12:06:51.024+0200: 101.913: [GC remark 2020-09-29T12:06:51.024+0200: 101.913: [Finalize Marking, 0.0002247 secs] 2020-09-29T12:06:51.025+0200: 101.914: [GC ref-proc, 0.0004134 secs] 2020-09-29T12:06:51.025+0200: 101.914: [Unloading, 0.0010595 secs], 0.0024879 secs]
 [Times: user=0.00 sys=0.00, real=0.00 secs] 
2020-09-29T12:06:51.027+0200: 101.916: [GC cleanup 1002M->22M(2048M), 0.0017304 secs]
 [Times: user=0.00 sys=0.00, real=0.00 secs] 
2020-09-29T12:06:51.029+0200: 101.918: [GC concurrent-cleanup-start]
2020-09-29T12:06:51.031+0200: 101.920: [GC concurrent-cleanup-end, 0.0021929 secs]
2020-09-29T12:06:51.150+0200: 102.040: [GC pause (G1 Evacuation Pause) (young), 0.1404909 secs]
   [Parallel Time: 138.8 ms, GC Workers: 8]
      [GC Worker Start (ms): Min: 102039.7, Avg: 102039.9, Max: 102040.0, Diff: 0.2]
      [Ext Root Scanning (ms): Min: 0.0, Avg: 0.1, Max: 0.2, Diff: 0.2, Sum: 0.6]
      [Update RS (ms): Min: 20.5, Avg: 20.8, Max: 21.1, Diff: 0.6, Sum: 166.2]
         [Processed Buffers: Min: 14, Avg: 16.1, Max: 19, Diff: 5, Sum: 129]
      [Scan RS (ms): Min: 12.2, Avg: 12.7, Max: 12.9, Diff: 0.7, Sum: 101.3]
      [Code Root Scanning (ms): Min: 0.0, Avg: 0.0, Max: 0.0, Diff: 0.0, Sum: 0.0]
      [Object Copy (ms): Min: 104.6, Avg: 104.9, Max: 105.0, Diff: 0.3, Sum: 839.1]
      [Termination (ms): Min: 0.0, Avg: 0.0, Max: 0.0, Diff: 0.0, Sum: 0.3]
         [Termination Attempts: Min: 1, Avg: 139.9, Max: 186, Diff: 185, Sum: 1119]
      [GC Worker Other (ms): Min: 0.0, Avg: 0.0, Max: 0.1, Diff: 0.1, Sum: 0.3]
      [GC Worker Total (ms): Min: 138.4, Avg: 138.5, Max: 138.6, Diff: 0.3, Sum: 1107.8]
      [GC Worker End (ms): Min: 102178.3, Avg: 102178.3, Max: 102178.4, Diff: 0.1]
   [Code Root Fixup: 0.0 ms]
   [Code Root Purge: 0.0 ms]
   [Clear CT: 0.3 ms]
   [Other: 1.3 ms]
      [Choose CSet: 0.0 ms]
      [Ref Proc: 0.2 ms]
      [Ref Enq: 0.0 ms]
      [Redirty Cards: 0.6 ms]
      [Humongous Register: 0.1 ms]
      [Humongous Reclaim: 0.0 ms]
      [Free CSet: 0.2 ms]
   [Eden: 172.0M(172.0M)->0.0B(164.0M) Survivors: 5120.0K->23.0M Heap: 216.5M(2048.0M)->213.5M(2048.0M)]
 [Times: user=1.08 sys=0.03, real=0.14 secs] 
2020-09-29T12:06:51.414+0200: 102.303: [GC pause (G1 Evacuation Pause) (young), 0.1421870 secs]
   [Parallel Time: 140.7 ms, GC Workers: 8]
      [GC Worker Start (ms): Min: 102302.8, Avg: 102302.9, Max: 102303.0, Diff: 0.2]
      [Ext Root Scanning (ms): Min: 0.0, Avg: 0.1, Max: 0.2, Diff: 0.2, Sum: 0.7]
      [Update RS (ms): Min: 17.0, Avg: 17.1, Max: 17.4, Diff: 0.4, Sum: 136.8]
         [Processed Buffers: Min: 13, Avg: 14.5, Max: 16, Diff: 3, Sum: 116]
      [Scan RS (ms): Min: 11.0, Avg: 11.3, Max: 11.6, Diff: 0.7, Sum: 90.8]
      [Code Root Scanning (ms): Min: 0.0, Avg: 0.0, Max: 0.0, Diff: 0.0, Sum: 0.0]
      [Object Copy (ms): Min: 111.5, Avg: 111.8, Max: 111.9, Diff: 0.3, Sum: 894.1]
      [Termination (ms): Min: 0.0, Avg: 0.1, Max: 0.2, Diff: 0.2, Sum: 1.0]
         [Termination Attempts: Min: 1, Avg: 577.8, Max: 709, Diff: 708, Sum: 4622]
      [GC Worker Other (ms): Min: 0.0, Avg: 0.0, Max: 0.1, Diff: 0.0, Sum: 0.2]
      [GC Worker Total (ms): Min: 140.4, Avg: 140.4, Max: 140.5, Diff: 0.2, Sum: 1123.6]
      [GC Worker End (ms): Min: 102443.3, Avg: 102443.3, Max: 102443.4, Diff: 0.0]
   [Code Root Fixup: 0.0 ms]
   [Code Root Purge: 0.0 ms]
   [Clear CT: 0.2 ms]
   [Other: 1.2 ms]
      [Choose CSet: 0.0 ms]
      [Ref Proc: 0.3 ms]
      [Ref Enq: 0.0 ms]
      [Redirty Cards: 0.4 ms]
      [Humongous Register: 0.0 ms]
      [Humongous Reclaim: 0.0 ms]
      [Free CSet: 0.2 ms]
   [Eden: 164.0M(164.0M)->0.0B(176.0M) Survivors: 23.0M->24.0M Heap: 404.2M(2048.0M)->406.2M(2048.0M)]
 [Times: user=1.06 sys=0.06, real=0.14 secs] 
2020-09-29T12:06:51.688+0200: 102.577: [GC pause (G1 Evacuation Pause) (young), 0.1611022 secs]
   [Parallel Time: 159.8 ms, GC Workers: 8]
      [GC Worker Start (ms): Min: 102576.9, Avg: 102577.0, Max: 102577.3, Diff: 0.4]
      [Ext Root Scanning (ms): Min: 0.0, Avg: 0.1, Max: 0.2, Diff: 0.2, Sum: 0.8]
      [Update RS (ms): Min: 22.0, Avg: 22.3, Max: 22.4, Diff: 0.4, Sum: 178.0]
         [Processed Buffers: Min: 16, Avg: 17.1, Max: 20, Diff: 4, Sum: 137]
      [Scan RS (ms): Min: 11.5, Avg: 11.7, Max: 11.8, Diff: 0.3, Sum: 93.3]
      [Code Root Scanning (ms): Min: 0.0, Avg: 0.0, Max: 0.0, Diff: 0.0, Sum: 0.0]
      [Object Copy (ms): Min: 125.0, Avg: 125.2, Max: 125.5, Diff: 0.4, Sum: 1002.0]
      [Termination (ms): Min: 0.0, Avg: 0.2, Max: 0.3, Diff: 0.3, Sum: 1.7]
         [Termination Attempts: Min: 1, Avg: 918.1, Max: 1137, Diff: 1136, Sum: 7345]
      [GC Worker Other (ms): Min: 0.0, Avg: 0.0, Max: 0.1, Diff: 0.0, Sum: 0.2]
      [GC Worker Total (ms): Min: 159.2, Avg: 159.5, Max: 159.6, Diff: 0.4, Sum: 1276.1]
      [GC Worker End (ms): Min: 102736.5, Avg: 102736.6, Max: 102736.6, Diff: 0.0]
   [Code Root Fixup: 0.0 ms]
   [Code Root Purge: 0.0 ms]
   [Clear CT: 0.2 ms]
   [Other: 1.1 ms]
      [Choose CSet: 0.0 ms]
      [Ref Proc: 0.3 ms]
      [Ref Enq: 0.0 ms]
      [Redirty Cards: 0.3 ms]
      [Humongous Register: 0.1 ms]
      [Humongous Reclaim: 0.0 ms]
      [Free CSet: 0.2 ms]
   [Eden: 176.0M(176.0M)->0.0B(182.0M) Survivors: 24.0M->25.0M Heap: 610.8M(2048.0M)->612.3M(2048.0M)]
 [Times: user=1.27 sys=0.01, real=0.16 secs] 
2020-09-29T12:06:51.991+0200: 102.879: [GC pause (G1 Evacuation Pause) (young), 0.1597085 secs]
   [Parallel Time: 158.2 ms, GC Workers: 8]
      [GC Worker Start (ms): Min: 102879.5, Avg: 102879.6, Max: 102879.7, Diff: 0.2]
      [Ext Root Scanning (ms): Min: 0.0, Avg: 0.1, Max: 0.2, Diff: 0.2, Sum: 0.6]
      [Update RS (ms): Min: 17.6, Avg: 17.9, Max: 18.4, Diff: 0.7, Sum: 143.4]
         [Processed Buffers: Min: 13, Avg: 14.5, Max: 17, Diff: 4, Sum: 116]
      [Scan RS (ms): Min: 12.8, Avg: 13.3, Max: 13.8, Diff: 1.1, Sum: 106.3]
      [Code Root Scanning (ms): Min: 0.0, Avg: 0.0, Max: 0.0, Diff: 0.0, Sum: 0.0]
      [Object Copy (ms): Min: 126.2, Avg: 126.5, Max: 126.6, Diff: 0.4, Sum: 1011.9]
      [Termination (ms): Min: 0.0, Avg: 0.1, Max: 0.1, Diff: 0.1, Sum: 0.7]
         [Termination Attempts: Min: 1, Avg: 396.1, Max: 477, Diff: 476, Sum: 3169]
      [GC Worker Other (ms): Min: 0.0, Avg: 0.0, Max: 0.1, Diff: 0.1, Sum: 0.4]
      [GC Worker Total (ms): Min: 157.8, Avg: 157.9, Max: 158.1, Diff: 0.2, Sum: 1263.4]
      [GC Worker End (ms): Min: 103037.5, Avg: 103037.6, Max: 103037.6, Diff: 0.1]
   [Code Root Fixup: 0.0 ms]
   [Code Root Purge: 0.0 ms]
   [Clear CT: 0.3 ms]
   [Other: 1.2 ms]
      [Choose CSet: 0.0 ms]
      [Ref Proc: 0.2 ms]
      [Ref Enq: 0.0 ms]
      [Redirty Cards: 0.4 ms]
      [Humongous Register: 0.1 ms]
      [Humongous Reclaim: 0.0 ms]
      [Free CSet: 0.3 ms]
   [Eden: 182.0M(182.0M)->0.0B(190.0M) Survivors: 25.0M->26.0M Heap: 824.8M(2048.0M)->826.8M(2048.0M)]
 [Times: user=1.25 sys=0.00, real=0.16 secs] 
2020-09-29T12:06:52.303+0200: 103.192: [GC pause (G1 Evacuation Pause) (young), 0.1683421 secs]
   [Parallel Time: 166.9 ms, GC Workers: 8]
      [GC Worker Start (ms): Min: 103192.2, Avg: 103192.3, Max: 103192.3, Diff: 0.1]
      [Ext Root Scanning (ms): Min: 0.1, Avg: 0.1, Max: 0.2, Diff: 0.1, Sum: 0.9]
      [Update RS (ms): Min: 17.4, Avg: 17.6, Max: 18.1, Diff: 0.7, Sum: 141.1]
         [Processed Buffers: Min: 14, Avg: 15.0, Max: 16, Diff: 2, Sum: 120]
      [Scan RS (ms): Min: 14.1, Avg: 14.6, Max: 14.9, Diff: 0.9, Sum: 117.0]
      [Code Root Scanning (ms): Min: 0.0, Avg: 0.0, Max: 0.0, Diff: 0.0, Sum: 0.0]
      [Object Copy (ms): Min: 133.9, Avg: 134.1, Max: 134.3, Diff: 0.4, Sum: 1073.2]
      [Termination (ms): Min: 0.0, Avg: 0.1, Max: 0.1, Diff: 0.1, Sum: 0.5]
         [Termination Attempts: Min: 1, Avg: 282.6, Max: 336, Diff: 335, Sum: 2261]
      [GC Worker Other (ms): Min: 0.0, Avg: 0.0, Max: 0.1, Diff: 0.1, Sum: 0.4]
      [GC Worker Total (ms): Min: 166.6, Avg: 166.6, Max: 166.7, Diff: 0.1, Sum: 1333.1]
      [GC Worker End (ms): Min: 103358.9, Avg: 103358.9, Max: 103359.0, Diff: 0.1]
   [Code Root Fixup: 0.0 ms]
   [Code Root Purge: 0.0 ms]
   [Clear CT: 0.3 ms]
   [Other: 1.2 ms]
      [Choose CSet: 0.0 ms]
      [Ref Proc: 0.4 ms]
      [Ref Enq: 0.0 ms]
      [Redirty Cards: 0.3 ms]
      [Humongous Register: 0.1 ms]
      [Humongous Reclaim: 0.0 ms]
      [Free CSet: 0.2 ms]
   [Eden: 190.0M(190.0M)->0.0B(194.0M) Survivors: 26.0M->27.0M Heap: 1049.3M(2048.0M)->1051.8M(2048.0M)]
 [Times: user=1.25 sys=0.00, real=0.17 secs] 
2020-09-29T12:06:52.479+0200: 103.368: [GC pause (G1 Humongous Allocation) (young) (initial-mark), 0.0685292 secs]
   [Parallel Time: 67.3 ms, GC Workers: 8]
      [GC Worker Start (ms): Min: 103368.6, Avg: 103368.7, Max: 103368.8, Diff: 0.2]
      [Ext Root Scanning (ms): Min: 0.0, Avg: 0.3, Max: 1.0, Diff: 1.0, Sum: 2.2]
      [Update RS (ms): Min: 38.2, Avg: 38.8, Max: 39.1, Diff: 0.9, Sum: 310.1]
         [Processed Buffers: Min: 29, Avg: 31.1, Max: 36, Diff: 7, Sum: 249]
      [Scan RS (ms): Min: 2.1, Avg: 2.5, Max: 3.1, Diff: 0.9, Sum: 19.6]
      [Code Root Scanning (ms): Min: 0.0, Avg: 0.0, Max: 0.0, Diff: 0.0, Sum: 0.0]
      [Object Copy (ms): Min: 25.4, Avg: 25.5, Max: 25.5, Diff: 0.1, Sum: 203.8]
      [Termination (ms): Min: 0.0, Avg: 0.1, Max: 0.1, Diff: 0.1, Sum: 0.5]
         [Termination Attempts: Min: 1, Avg: 264.1, Max: 335, Diff: 334, Sum: 2113]
      [GC Worker Other (ms): Min: 0.0, Avg: 0.0, Max: 0.0, Diff: 0.0, Sum: 0.1]
      [GC Worker Total (ms): Min: 66.9, Avg: 67.1, Max: 67.1, Diff: 0.2, Sum: 536.5]
      [GC Worker End (ms): Min: 103435.7, Avg: 103435.7, Max: 103435.8, Diff: 0.0]
   [Code Root Fixup: 0.0 ms]
   [Code Root Purge: 0.0 ms]
   [Clear CT: 0.3 ms]
   [Other: 1.0 ms]
      [Choose CSet: 0.0 ms]
      [Ref Proc: 0.2 ms]
      [Ref Enq: 0.0 ms]
      [Redirty Cards: 0.3 ms]
      [Humongous Register: 0.1 ms]
      [Humongous Reclaim: 0.0 ms]
      [Free CSet: 0.1 ms]
   [Eden: 9216.0K(194.0M)->0.0B(209.0M) Survivors: 27.0M->11.0M Heap: 1060.8M(2048.0M)->1064.8M(2048.0M)]
 [Times: user=0.50 sys=0.00, real=0.07 secs] 
2020-09-29T12:06:52.548+0200: 103.437: [GC concurrent-root-region-scan-start]
2020-09-29T12:06:52.553+0200: 103.442: [GC concurrent-root-region-scan-end, 0.0049109 secs]
2020-09-29T12:06:52.553+0200: 103.442: [GC concurrent-mark-start]
2020-09-29T12:06:52.558+0200: 103.447: [GC concurrent-mark-end, 0.0048834 secs]
2020-09-29T12:06:52.558+0200: 103.447: [GC remark 2020-09-29T12:06:52.558+0200: 103.447: [Finalize Marking, 0.0002089 secs] 2020-09-29T12:06:52.558+0200: 103.448: [GC ref-proc, 0.0005296 secs] 2020-09-29T12:06:52.559+0200: 103.448: [Unloading, 0.0007341 secs], 0.0021594 secs]
 [Times: user=0.00 sys=0.00, real=0.00 secs] 
2020-09-29T12:06:52.561+0200: 103.450: [GC cleanup 1081M->36M(2048M), 0.0020760 secs]
 [Times: user=0.00 sys=0.00, real=0.00 secs] 
2020-09-29T12:06:52.563+0200: 103.452: [GC concurrent-cleanup-start]
2020-09-29T12:06:52.565+0200: 103.454: [GC concurrent-cleanup-end, 0.0023221 secs]
2020-09-29T12:06:52.710+0200: 103.599: [GC pause (G1 Evacuation Pause) (young), 0.1700614 secs]
   [Parallel Time: 168.6 ms, GC Workers: 8]
      [GC Worker Start (ms): Min: 103599.2, Avg: 103599.4, Max: 103599.5, Diff: 0.2]
      [Ext Root Scanning (ms): Min: 0.0, Avg: 0.1, Max: 0.2, Diff: 0.2, Sum: 0.6]
      [Update RS (ms): Min: 21.6, Avg: 21.7, Max: 21.8, Diff: 0.2, Sum: 173.7]
         [Processed Buffers: Min: 17, Avg: 18.5, Max: 20, Diff: 3, Sum: 148]
      [Scan RS (ms): Min: 10.1, Avg: 10.3, Max: 10.4, Diff: 0.2, Sum: 82.1]
      [Code Root Scanning (ms): Min: 0.0, Avg: 0.0, Max: 0.0, Diff: 0.0, Sum: 0.0]
      [Object Copy (ms): Min: 135.7, Avg: 135.9, Max: 136.2, Diff: 0.5, Sum: 1087.0]
      [Termination (ms): Min: 0.0, Avg: 0.4, Max: 0.5, Diff: 0.5, Sum: 2.9]
         [Termination Attempts: Min: 1, Avg: 1640.5, Max: 2041, Diff: 2040, Sum: 13124]
      [GC Worker Other (ms): Min: 0.0, Avg: 0.1, Max: 0.1, Diff: 0.1, Sum: 0.4]
      [GC Worker Total (ms): Min: 168.3, Avg: 168.3, Max: 168.5, Diff: 0.2, Sum: 1346.7]
      [GC Worker End (ms): Min: 103767.7, Avg: 103767.7, Max: 103767.8, Diff: 0.1]
   [Code Root Fixup: 0.0 ms]
   [Code Root Purge: 0.0 ms]
   [Clear CT: 0.3 ms]
   [Other: 1.2 ms]
      [Choose CSet: 0.0 ms]
      [Ref Proc: 0.3 ms]
      [Ref Enq: 0.0 ms]
      [Redirty Cards: 0.2 ms]
      [Humongous Register: 0.0 ms]
      [Humongous Reclaim: 0.0 ms]
      [Free CSet: 0.3 ms]
   [Eden: 209.0M(209.0M)->0.0B(198.0M) Survivors: 11.0M->28.0M Heap: 264.7M(2048.0M)->255.7M(2048.0M)]
 [Times: user=1.25 sys=0.00, real=0.17 secs] 
2020-09-29T12:06:53.043+0200: 103.932: [GC pause (G1 Evacuation Pause) (young), 0.1636404 secs]
   [Parallel Time: 162.1 ms, GC Workers: 8]
      [GC Worker Start (ms): Min: 103931.8, Avg: 103931.9, Max: 103931.9, Diff: 0.1]
      [Ext Root Scanning (ms): Min: 0.1, Avg: 0.1, Max: 0.2, Diff: 0.1, Sum: 0.9]
      [Update RS (ms): Min: 15.3, Avg: 15.7, Max: 16.4, Diff: 1.1, Sum: 125.7]
         [Processed Buffers: Min: 13, Avg: 13.5, Max: 14, Diff: 1, Sum: 108]
      [Scan RS (ms): Min: 14.5, Avg: 15.1, Max: 15.5, Diff: 1.0, Sum: 120.8]
      [Code Root Scanning (ms): Min: 0.0, Avg: 0.0, Max: 0.0, Diff: 0.0, Sum: 0.0]
      [Object Copy (ms): Min: 130.7, Avg: 130.9, Max: 131.1, Diff: 0.3, Sum: 1047.1]
      [Termination (ms): Min: 0.0, Avg: 0.1, Max: 0.1, Diff: 0.1, Sum: 0.6]
         [Termination Attempts: Min: 1, Avg: 329.9, Max: 438, Diff: 437, Sum: 2639]
      [GC Worker Other (ms): Min: 0.0, Avg: 0.0, Max: 0.1, Diff: 0.1, Sum: 0.4]
      [GC Worker Total (ms): Min: 161.9, Avg: 161.9, Max: 162.0, Diff: 0.2, Sum: 1295.5]
      [GC Worker End (ms): Min: 104093.8, Avg: 104093.8, Max: 104093.9, Diff: 0.1]
   [Code Root Fixup: 0.0 ms]
   [Code Root Purge: 0.0 ms]
   [Clear CT: 0.2 ms]
   [Other: 1.3 ms]
      [Choose CSet: 0.0 ms]
      [Ref Proc: 0.2 ms]
      [Ref Enq: 0.0 ms]
      [Redirty Cards: 0.4 ms]
      [Humongous Register: 0.1 ms]
      [Humongous Reclaim: 0.0 ms]
      [Free CSet: 0.3 ms]
   [Eden: 198.0M(198.0M)->0.0B(200.0M) Survivors: 28.0M->29.0M Heap: 486.2M(2048.0M)->488.2M(2048.0M)]
 [Times: user=1.23 sys=0.00, real=0.16 secs] 
2020-09-29T12:06:53.367+0200: 104.256: [GC pause (G1 Evacuation Pause) (young), 0.1690421 secs]
   [Parallel Time: 167.5 ms, GC Workers: 8]
      [GC Worker Start (ms): Min: 104256.5, Avg: 104256.6, Max: 104256.6, Diff: 0.2]
      [Ext Root Scanning (ms): Min: 0.0, Avg: 0.1, Max: 0.2, Diff: 0.2, Sum: 0.8]
      [Update RS (ms): Min: 16.7, Avg: 16.9, Max: 17.6, Diff: 0.9, Sum: 135.4]
         [Processed Buffers: Min: 13, Avg: 14.9, Max: 18, Diff: 5, Sum: 119]
      [Scan RS (ms): Min: 14.7, Avg: 15.3, Max: 15.6, Diff: 0.9, Sum: 122.5]
      [Code Root Scanning (ms): Min: 0.0, Avg: 0.0, Max: 0.0, Diff: 0.0, Sum: 0.0]
      [Object Copy (ms): Min: 134.8, Avg: 134.9, Max: 135.0, Diff: 0.1, Sum: 1079.1]
      [Termination (ms): Min: 0.0, Avg: 0.0, Max: 0.0, Diff: 0.0, Sum: 0.1]
         [Termination Attempts: Min: 1, Avg: 71.0, Max: 90, Diff: 89, Sum: 568]
      [GC Worker Other (ms): Min: 0.0, Avg: 0.1, Max: 0.1, Diff: 0.1, Sum: 0.4]
      [GC Worker Total (ms): Min: 167.2, Avg: 167.3, Max: 167.4, Diff: 0.2, Sum: 1338.4]
      [GC Worker End (ms): Min: 104423.8, Avg: 104423.9, Max: 104423.9, Diff: 0.1]
   [Code Root Fixup: 0.0 ms]
   [Code Root Purge: 0.0 ms]
   [Clear CT: 0.2 ms]
   [Other: 1.3 ms]
      [Choose CSet: 0.0 ms]
      [Ref Proc: 0.2 ms]
      [Ref Enq: 0.0 ms]
      [Redirty Cards: 0.5 ms]
      [Humongous Register: 0.1 ms]
      [Humongous Reclaim: 0.0 ms]
      [Free CSet: 0.3 ms]
   [Eden: 200.0M(200.0M)->0.0B(203.0M) Survivors: 29.0M->29.0M Heap: 722.5M(2048.0M)->724.5M(2048.0M)]
 [Times: user=1.30 sys=0.02, real=0.17 secs] 
2020-09-29T12:06:53.689+0200: 104.578: [GC pause (G1 Evacuation Pause) (young), 0.1872575 secs]
   [Parallel Time: 185.8 ms, GC Workers: 8]
      [GC Worker Start (ms): Min: 104578.0, Avg: 104578.1, Max: 104578.2, Diff: 0.2]
      [Ext Root Scanning (ms): Min: 0.0, Avg: 0.1, Max: 0.2, Diff: 0.2, Sum: 0.6]
      [Update RS (ms): Min: 25.2, Avg: 25.3, Max: 25.6, Diff: 0.5, Sum: 202.1]
         [Processed Buffers: Min: 18, Avg: 19.5, Max: 22, Diff: 4, Sum: 156]
      [Scan RS (ms): Min: 11.9, Avg: 12.2, Max: 12.3, Diff: 0.4, Sum: 97.6]
      [Code Root Scanning (ms): Min: 0.0, Avg: 0.0, Max: 0.0, Diff: 0.0, Sum: 0.0]
      [Object Copy (ms): Min: 147.6, Avg: 147.6, Max: 148.0, Diff: 0.4, Sum: 1181.1]
      [Termination (ms): Min: 0.0, Avg: 0.3, Max: 0.3, Diff: 0.3, Sum: 2.2]
         [Termination Attempts: Min: 1, Avg: 1311.0, Max: 1618, Diff: 1617, Sum: 10488]
      [GC Worker Other (ms): Min: 0.0, Avg: 0.0, Max: 0.0, Diff: 0.0, Sum: 0.2]
      [GC Worker Total (ms): Min: 185.4, Avg: 185.5, Max: 185.6, Diff: 0.2, Sum: 1483.8]
      [GC Worker End (ms): Min: 104763.6, Avg: 104763.6, Max: 104763.6, Diff: 0.0]
   [Code Root Fixup: 0.0 ms]
   [Code Root Purge: 0.0 ms]
   [Clear CT: 0.2 ms]
   [Other: 1.2 ms]
      [Choose CSet: 0.0 ms]
      [Ref Proc: 0.3 ms]
      [Ref Enq: 0.0 ms]
      [Redirty Cards: 0.3 ms]
      [Humongous Register: 0.1 ms]
      [Humongous Reclaim: 0.0 ms]
      [Free CSet: 0.3 ms]
   [Eden: 203.0M(203.0M)->0.0B(200.0M) Survivors: 29.0M->29.0M Heap: 959.9M(2048.0M)->961.4M(2048.0M)]
 [Times: user=1.48 sys=0.00, real=0.19 secs] 
2020-09-29T12:06:53.886+0200: 104.775: [GC pause (G1 Humongous Allocation) (young) (initial-mark), 0.0628745 secs]
   [Parallel Time: 61.8 ms, GC Workers: 8]
      [GC Worker Start (ms): Min: 104775.2, Avg: 104775.3, Max: 104775.4, Diff: 0.2]
      [Ext Root Scanning (ms): Min: 0.0, Avg: 0.1, Max: 0.2, Diff: 0.2, Sum: 0.9]
      [Update RS (ms): Min: 36.9, Avg: 37.2, Max: 37.5, Diff: 0.7, Sum: 297.2]
         [Processed Buffers: Min: 26, Avg: 28.6, Max: 31, Diff: 5, Sum: 229]
      [Scan RS (ms): Min: 2.5, Avg: 2.9, Max: 3.2, Diff: 0.7, Sum: 23.2]
      [Code Root Scanning (ms): Min: 0.0, Avg: 0.0, Max: 0.0, Diff: 0.0, Sum: 0.0]
      [Object Copy (ms): Min: 21.2, Avg: 21.3, Max: 21.3, Diff: 0.1, Sum: 170.2]
      [Termination (ms): Min: 0.0, Avg: 0.0, Max: 0.1, Diff: 0.1, Sum: 0.4]
         [Termination Attempts: Min: 1, Avg: 201.4, Max: 261, Diff: 260, Sum: 1611]
      [GC Worker Other (ms): Min: 0.0, Avg: 0.0, Max: 0.0, Diff: 0.0, Sum: 0.1]
      [GC Worker Total (ms): Min: 61.4, Avg: 61.5, Max: 61.6, Diff: 0.2, Sum: 492.0]
      [GC Worker End (ms): Min: 104836.8, Avg: 104836.8, Max: 104836.9, Diff: 0.0]
   [Code Root Fixup: 0.0 ms]
   [Code Root Purge: 0.0 ms]
   [Clear CT: 0.3 ms]
   [Other: 0.8 ms]
      [Choose CSet: 0.0 ms]
      [Ref Proc: 0.2 ms]
      [Ref Enq: 0.0 ms]
      [Redirty Cards: 0.2 ms]
      [Humongous Register: 0.1 ms]
      [Humongous Reclaim: 0.0 ms]
      [Free CSet: 0.1 ms]
   [Eden: 3072.0K(200.0M)->0.0B(226.0M) Survivors: 29.0M->5120.0K Heap: 964.4M(2048.0M)->967.9M(2048.0M)]
 [Times: user=0.45 sys=0.00, real=0.06 secs] 
2020-09-29T12:06:53.949+0200: 104.838: [GC concurrent-root-region-scan-start]
2020-09-29T12:06:53.950+0200: 104.840: [GC concurrent-root-region-scan-end, 0.0014666 secs]
2020-09-29T12:06:53.950+0200: 104.840: [GC concurrent-mark-start]
2020-09-29T12:06:53.953+0200: 104.843: [GC concurrent-mark-end, 0.0029920 secs]
2020-09-29T12:06:53.953+0200: 104.843: [GC remark 2020-09-29T12:06:53.953+0200: 104.843: [Finalize Marking, 0.0002694 secs] 2020-09-29T12:06:53.954+0200: 104.843: [GC ref-proc, 0.0004001 secs] 2020-09-29T12:06:53.954+0200: 104.843: [Unloading, 0.0004803 secs], 0.0016177 secs]
 [Times: user=0.00 sys=0.00, real=0.00 secs] 
2020-09-29T12:06:53.956+0200: 104.845: [GC cleanup 976M->22M(2048M), 0.0016942 secs]
 [Times: user=0.13 sys=0.00, real=0.00 secs] 
2020-09-29T12:06:53.957+0200: 104.847: [GC concurrent-cleanup-start]
2020-09-29T12:06:53.959+0200: 104.848: [GC concurrent-cleanup-end, 0.0014275 secs]
2020-09-29T12:06:54.117+0200: 105.007: [GC pause (G1 Evacuation Pause) (young), 0.1649166 secs]
   [Parallel Time: 161.3 ms, GC Workers: 8]
      [GC Worker Start (ms): Min: 105006.8, Avg: 105006.9, Max: 105007.0, Diff: 0.2]
      [Ext Root Scanning (ms): Min: 0.0, Avg: 0.1, Max: 0.2, Diff: 0.2, Sum: 0.6]
      [Update RS (ms): Min: 15.7, Avg: 16.1, Max: 16.5, Diff: 0.8, Sum: 128.5]
         [Processed Buffers: Min: 12, Avg: 13.3, Max: 15, Diff: 3, Sum: 106]
      [Scan RS (ms): Min: 14.3, Avg: 14.8, Max: 15.1, Diff: 0.7, Sum: 118.1]
      [Code Root Scanning (ms): Min: 0.0, Avg: 0.0, Max: 0.0, Diff: 0.0, Sum: 0.0]
      [Object Copy (ms): Min: 129.9, Avg: 130.0, Max: 130.0, Diff: 0.2, Sum: 1039.7]
      [Termination (ms): Min: 0.0, Avg: 0.0, Max: 0.1, Diff: 0.1, Sum: 0.3]
         [Termination Attempts: Min: 1, Avg: 188.3, Max: 245, Diff: 244, Sum: 1506]
      [GC Worker Other (ms): Min: 0.0, Avg: 0.0, Max: 0.1, Diff: 0.1, Sum: 0.3]
      [GC Worker Total (ms): Min: 160.9, Avg: 161.0, Max: 161.1, Diff: 0.2, Sum: 1287.7]
      [GC Worker End (ms): Min: 105167.9, Avg: 105167.9, Max: 105167.9, Diff: 0.1]
   [Code Root Fixup: 0.0 ms]
   [Code Root Purge: 0.0 ms]
   [Clear CT: 0.4 ms]
   [Other: 3.3 ms]
      [Choose CSet: 0.0 ms]
      [Ref Proc: 0.2 ms]
      [Ref Enq: 0.0 ms]
      [Redirty Cards: 1.7 ms]
      [Humongous Register: 0.0 ms]
      [Humongous Reclaim: 0.0 ms]
      [Free CSet: 0.4 ms]
   [Eden: 226.0M(226.0M)->0.0B(209.0M) Survivors: 5120.0K->29.0M Heap: 277.6M(2048.0M)->274.6M(2048.0M)]
 [Times: user=1.25 sys=0.00, real=0.17 secs] 
2020-09-29T12:06:54.447+0200: 105.336: [GC pause (G1 Evacuation Pause) (young), 0.1916132 secs]
   [Parallel Time: 190.0 ms, GC Workers: 8]
      [GC Worker Start (ms): Min: 105336.7, Avg: 105336.8, Max: 105336.9, Diff: 0.2]
      [Ext Root Scanning (ms): Min: 0.0, Avg: 0.1, Max: 0.2, Diff: 0.2, Sum: 0.7]
      [Update RS (ms): Min: 23.3, Avg: 23.6, Max: 24.3, Diff: 1.0, Sum: 188.8]
         [Processed Buffers: Min: 18, Avg: 19.8, Max: 22, Diff: 4, Sum: 158]
      [Scan RS (ms): Min: 14.1, Avg: 14.7, Max: 15.0, Diff: 0.9, Sum: 117.8]
      [Code Root Scanning (ms): Min: 0.0, Avg: 0.0, Max: 0.0, Diff: 0.0, Sum: 0.0]
      [Object Copy (ms): Min: 151.2, Avg: 151.3, Max: 151.3, Diff: 0.1, Sum: 1210.0]
      [Termination (ms): Min: 0.0, Avg: 0.0, Max: 0.0, Diff: 0.0, Sum: 0.1]
         [Termination Attempts: Min: 1, Avg: 45.8, Max: 69, Diff: 68, Sum: 366]
      [GC Worker Other (ms): Min: 0.0, Avg: 0.0, Max: 0.1, Diff: 0.1, Sum: 0.4]
      [GC Worker Total (ms): Min: 189.6, Avg: 189.7, Max: 189.8, Diff: 0.2, Sum: 1517.8]
      [GC Worker End (ms): Min: 105526.5, Avg: 105526.5, Max: 105526.5, Diff: 0.1]
   [Code Root Fixup: 0.0 ms]
   [Code Root Purge: 0.0 ms]
   [Clear CT: 0.2 ms]
   [Other: 1.3 ms]
      [Choose CSet: 0.0 ms]
      [Ref Proc: 0.3 ms]
      [Ref Enq: 0.0 ms]
      [Redirty Cards: 0.4 ms]
      [Humongous Register: 0.0 ms]
      [Humongous Reclaim: 0.0 ms]
      [Free CSet: 0.3 ms]
   [Eden: 209.0M(209.0M)->0.0B(200.0M) Survivors: 29.0M->30.0M Heap: 519.9M(2048.0M)->521.9M(2048.0M)]
 [Times: user=1.48 sys=0.02, real=0.19 secs] 
2020-09-29T12:06:54.789+0200: 105.678: [GC pause (G1 Evacuation Pause) (young), 0.1663926 secs]
   [Parallel Time: 165.1 ms, GC Workers: 8]
      [GC Worker Start (ms): Min: 105678.5, Avg: 105678.6, Max: 105678.7, Diff: 0.2]
      [Ext Root Scanning (ms): Min: 0.0, Avg: 0.1, Max: 0.2, Diff: 0.2, Sum: 0.6]
      [Update RS (ms): Min: 17.3, Avg: 17.4, Max: 17.8, Diff: 0.5, Sum: 139.3]
         [Processed Buffers: Min: 14, Avg: 14.6, Max: 16, Diff: 2, Sum: 117]
      [Scan RS (ms): Min: 14.3, Avg: 14.7, Max: 15.0, Diff: 0.7, Sum: 117.6]
      [Code Root Scanning (ms): Min: 0.0, Avg: 0.0, Max: 0.0, Diff: 0.0, Sum: 0.0]
      [Object Copy (ms): Min: 132.4, Avg: 132.5, Max: 132.6, Diff: 0.2, Sum: 1060.3]
      [Termination (ms): Min: 0.0, Avg: 0.0, Max: 0.0, Diff: 0.0, Sum: 0.2]
         [Termination Attempts: Min: 1, Avg: 123.8, Max: 156, Diff: 155, Sum: 990]
      [GC Worker Other (ms): Min: 0.0, Avg: 0.0, Max: 0.1, Diff: 0.1, Sum: 0.3]
      [GC Worker Total (ms): Min: 164.7, Avg: 164.8, Max: 164.9, Diff: 0.2, Sum: 1318.4]
      [GC Worker End (ms): Min: 105843.4, Avg: 105843.4, Max: 105843.5, Diff: 0.1]
   [Code Root Fixup: 0.0 ms]
   [Code Root Purge: 0.0 ms]
   [Clear CT: 0.3 ms]
   [Other: 1.0 ms]
      [Choose CSet: 0.0 ms]
      [Ref Proc: 0.2 ms]
      [Ref Enq: 0.0 ms]
      [Redirty Cards: 0.3 ms]
      [Humongous Register: 0.0 ms]
      [Humongous Reclaim: 0.0 ms]
      [Free CSet: 0.2 ms]
   [Eden: 200.0M(200.0M)->0.0B(206.0M) Survivors: 30.0M->29.0M Heap: 754.3M(2048.0M)->756.8M(2048.0M)]
 [Times: user=1.25 sys=0.00, real=0.17 secs] 
2020-09-29T12:06:55.134+0200: 106.023: [GC pause (G1 Evacuation Pause) (young), 0.2296914 secs]
   [Parallel Time: 228.0 ms, GC Workers: 8]
      [GC Worker Start (ms): Min: 106022.7, Avg: 106022.8, Max: 106022.9, Diff: 0.2]
      [Ext Root Scanning (ms): Min: 0.0, Avg: 0.1, Max: 0.2, Diff: 0.2, Sum: 0.9]
      [Update RS (ms): Min: 21.1, Avg: 21.3, Max: 21.8, Diff: 0.8, Sum: 170.7]
         [Processed Buffers: Min: 12, Avg: 13.8, Max: 16, Diff: 4, Sum: 110]
      [Scan RS (ms): Min: 20.2, Avg: 20.8, Max: 21.0, Diff: 0.8, Sum: 166.0]
      [Code Root Scanning (ms): Min: 0.0, Avg: 0.0, Max: 0.0, Diff: 0.0, Sum: 0.0]
      [Object Copy (ms): Min: 185.0, Avg: 185.1, Max: 185.4, Diff: 0.4, Sum: 1480.6]
      [Termination (ms): Min: 0.0, Avg: 0.2, Max: 0.3, Diff: 0.3, Sum: 1.8]
         [Termination Attempts: Min: 1, Avg: 712.5, Max: 969, Diff: 968, Sum: 5700]
      [GC Worker Other (ms): Min: 0.0, Avg: 0.1, Max: 0.1, Diff: 0.1, Sum: 0.4]
      [GC Worker Total (ms): Min: 227.4, Avg: 227.6, Max: 227.7, Diff: 0.2, Sum: 1820.4]
      [GC Worker End (ms): Min: 106250.3, Avg: 106250.4, Max: 106250.4, Diff: 0.1]
   [Code Root Fixup: 0.0 ms]
   [Code Root Purge: 0.0 ms]
   [Clear CT: 0.3 ms]
   [Other: 1.5 ms]
      [Choose CSet: 0.0 ms]
      [Ref Proc: 0.4 ms]
      [Ref Enq: 0.0 ms]
      [Redirty Cards: 0.5 ms]
      [Humongous Register: 0.1 ms]
      [Humongous Reclaim: 0.0 ms]
      [Free CSet: 0.3 ms]
   [Eden: 206.0M(206.0M)->0.0B(168.0M) Survivors: 29.0M->30.0M Heap: 997.1M(2048.0M)->998.6M(2048.0M)]
 [Times: user=1.77 sys=0.00, real=0.23 secs] 
2020-09-29T12:06:55.382+0200: 106.271: [GC pause (G1 Humongous Allocation) (young) (initial-mark), 0.0714081 secs]
   [Parallel Time: 69.6 ms, GC Workers: 8]
      [GC Worker Start (ms): Min: 106271.5, Avg: 106271.7, Max: 106271.8, Diff: 0.3]
      [Ext Root Scanning (ms): Min: 0.0, Avg: 0.3, Max: 0.6, Diff: 0.6, Sum: 2.6]
      [Update RS (ms): Min: 35.1, Avg: 35.6, Max: 36.3, Diff: 1.2, Sum: 285.0]
         [Processed Buffers: Min: 22, Avg: 23.1, Max: 24, Diff: 2, Sum: 185]
      [Scan RS (ms): Min: 2.7, Avg: 3.5, Max: 4.0, Diff: 1.3, Sum: 28.2]
      [Code Root Scanning (ms): Min: 0.0, Avg: 0.0, Max: 0.0, Diff: 0.0, Sum: 0.0]
      [Object Copy (ms): Min: 29.6, Avg: 29.7, Max: 29.8, Diff: 0.1, Sum: 237.7]
      [Termination (ms): Min: 0.0, Avg: 0.0, Max: 0.0, Diff: 0.0, Sum: 0.1]
         [Termination Attempts: Min: 1, Avg: 55.1, Max: 76, Diff: 75, Sum: 441]
      [GC Worker Other (ms): Min: 0.0, Avg: 0.0, Max: 0.0, Diff: 0.0, Sum: 0.2]
      [GC Worker Total (ms): Min: 69.1, Avg: 69.2, Max: 69.3, Diff: 0.3, Sum: 553.8]
      [GC Worker End (ms): Min: 106340.9, Avg: 106340.9, Max: 106340.9, Diff: 0.0]
   [Code Root Fixup: 0.0 ms]
   [Code Root Purge: 0.0 ms]
   [Clear CT: 0.3 ms]
   [Other: 1.5 ms]
      [Choose CSet: 0.0 ms]
      [Ref Proc: 0.6 ms]
      [Ref Enq: 0.0 ms]
      [Redirty Cards: 0.4 ms]
      [Humongous Register: 0.1 ms]
      [Humongous Reclaim: 0.0 ms]
      [Free CSet: 0.1 ms]
   [Eden: 6144.0K(168.0M)->0.0B(183.0M) Survivors: 30.0M->8192.0K Heap: 1004.6M(2048.0M)->1008.6M(2048.0M)]
 [Times: user=0.50 sys=0.00, real=0.07 secs] 
2020-09-29T12:06:55.454+0200: 106.343: [GC concurrent-root-region-scan-start]
2020-09-29T12:06:55.459+0200: 106.348: [GC concurrent-root-region-scan-end, 0.0047707 secs]
2020-09-29T12:06:55.459+0200: 106.348: [GC concurrent-mark-start]
2020-09-29T12:06:55.469+0200: 106.359: [GC concurrent-mark-end, 0.0109682 secs]
2020-09-29T12:06:55.470+0200: 106.359: [GC remark 2020-09-29T12:06:55.470+0200: 106.359: [Finalize Marking, 0.0003960 secs] 2020-09-29T12:06:55.470+0200: 106.360: [GC ref-proc, 0.0006145 secs] 2020-09-29T12:06:55.471+0200: 106.360: [Unloading, 0.0009717 secs], 0.0025896 secs]
 [Times: user=0.00 sys=0.00, real=0.00 secs] 
2020-09-29T12:06:55.473+0200: 106.363: [GC cleanup 1027M->35M(2048M), 0.0025083 secs]
 [Times: user=0.00 sys=0.00, real=0.00 secs] 
2020-09-29T12:06:55.476+0200: 106.365: [GC concurrent-cleanup-start]
2020-09-29T12:06:55.478+0200: 106.368: [GC concurrent-cleanup-end, 0.0024675 secs]
2020-09-29T12:06:55.639+0200: 106.528: [GC pause (G1 Evacuation Pause) (young), 0.2201311 secs]
   [Parallel Time: 218.4 ms, GC Workers: 8]
      [GC Worker Start (ms): Min: 106528.0, Avg: 106528.2, Max: 106528.3, Diff: 0.3]
      [Ext Root Scanning (ms): Min: 0.0, Avg: 0.1, Max: 0.3, Diff: 0.3, Sum: 0.8]
      [Update RS (ms): Min: 21.6, Avg: 22.2, Max: 22.9, Diff: 1.2, Sum: 177.3]
         [Processed Buffers: Min: 12, Avg: 13.4, Max: 14, Diff: 2, Sum: 107]
      [Scan RS (ms): Min: 13.3, Avg: 14.1, Max: 14.6, Diff: 1.3, Sum: 112.5]
      [Code Root Scanning (ms): Min: 0.0, Avg: 0.0, Max: 0.0, Diff: 0.0, Sum: 0.0]
      [Object Copy (ms): Min: 181.0, Avg: 181.2, Max: 181.5, Diff: 0.6, Sum: 1449.3]
      [Termination (ms): Min: 0.0, Avg: 0.5, Max: 0.6, Diff: 0.6, Sum: 3.7]
         [Termination Attempts: Min: 1, Avg: 1561.3, Max: 1948, Diff: 1947, Sum: 12490]
      [GC Worker Other (ms): Min: 0.0, Avg: 0.0, Max: 0.1, Diff: 0.1, Sum: 0.3]
      [GC Worker Total (ms): Min: 217.9, Avg: 218.0, Max: 218.2, Diff: 0.3, Sum: 1743.9]
      [GC Worker End (ms): Min: 106746.2, Avg: 106746.2, Max: 106746.2, Diff: 0.1]
   [Code Root Fixup: 0.0 ms]
   [Code Root Purge: 0.0 ms]
   [Clear CT: 0.3 ms]
   [Other: 1.4 ms]
      [Choose CSet: 0.0 ms]
      [Ref Proc: 0.3 ms]
      [Ref Enq: 0.0 ms]
      [Redirty Cards: 0.3 ms]
      [Humongous Register: 0.1 ms]
      [Humongous Reclaim: 0.0 ms]
      [Free CSet: 0.3 ms]
   [Eden: 183.0M(183.0M)->0.0B(143.0M) Survivors: 8192.0K->24.0M Heap: 230.5M(2048.0M)->224.0M(2048.0M)]
 [Times: user=1.72 sys=0.00, real=0.22 secs] 
2020-09-29T12:06:56.008+0200: 106.896: [GC pause (G1 Evacuation Pause) (young), 0.1677928 secs]
   [Parallel Time: 166.0 ms, GC Workers: 8]
      [GC Worker Start (ms): Min: 106896.5, Avg: 106896.7, Max: 106896.8, Diff: 0.3]
      [Ext Root Scanning (ms): Min: 0.0, Avg: 0.1, Max: 0.3, Diff: 0.3, Sum: 0.8]
      [Update RS (ms): Min: 18.7, Avg: 18.9, Max: 19.2, Diff: 0.5, Sum: 151.0]
         [Processed Buffers: Min: 11, Avg: 12.3, Max: 14, Diff: 3, Sum: 98]
      [Scan RS (ms): Min: 13.6, Avg: 13.9, Max: 14.1, Diff: 0.4, Sum: 111.1]
      [Code Root Scanning (ms): Min: 0.0, Avg: 0.0, Max: 0.0, Diff: 0.0, Sum: 0.0]
      [Object Copy (ms): Min: 132.4, Avg: 132.5, Max: 132.6, Diff: 0.2, Sum: 1060.1]
      [Termination (ms): Min: 0.0, Avg: 0.1, Max: 0.1, Diff: 0.1, Sum: 0.6]
         [Termination Attempts: Min: 1, Avg: 240.5, Max: 325, Diff: 324, Sum: 1924]
      [GC Worker Other (ms): Min: 0.0, Avg: 0.1, Max: 0.1, Diff: 0.1, Sum: 0.5]
      [GC Worker Total (ms): Min: 165.3, Avg: 165.5, Max: 165.7, Diff: 0.3, Sum: 1324.0]
      [GC Worker End (ms): Min: 107062.1, Avg: 107062.2, Max: 107062.3, Diff: 0.1]
   [Code Root Fixup: 0.0 ms]
   [Code Root Purge: 0.0 ms]
   [Clear CT: 0.3 ms]
   [Other: 1.5 ms]
      [Choose CSet: 0.0 ms]
      [Ref Proc: 0.3 ms]
      [Ref Enq: 0.0 ms]
      [Redirty Cards: 0.6 ms]
      [Humongous Register: 0.1 ms]
      [Humongous Reclaim: 0.0 ms]
      [Free CSet: 0.2 ms]
   [Eden: 143.0M(143.0M)->0.0B(147.0M) Survivors: 24.0M->21.0M Heap: 391.8M(2048.0M)->393.8M(2048.0M)]
 [Times: user=1.25 sys=0.00, real=0.17 secs] 
2020-09-29T12:06:56.324+0200: 107.213: [GC pause (G1 Evacuation Pause) (young), 0.1680341 secs]
   [Parallel Time: 166.3 ms, GC Workers: 8]
      [GC Worker Start (ms): Min: 107213.2, Avg: 107213.4, Max: 107213.5, Diff: 0.3]
      [Ext Root Scanning (ms): Min: 0.0, Avg: 0.1, Max: 0.3, Diff: 0.3, Sum: 0.8]
      [Update RS (ms): Min: 16.9, Avg: 17.3, Max: 17.8, Diff: 0.9, Sum: 138.3]
         [Processed Buffers: Min: 10, Avg: 11.6, Max: 13, Diff: 3, Sum: 93]
      [Scan RS (ms): Min: 13.1, Avg: 13.7, Max: 14.0, Diff: 0.9, Sum: 109.2]
      [Code Root Scanning (ms): Min: 0.0, Avg: 0.0, Max: 0.0, Diff: 0.0, Sum: 0.0]
      [Object Copy (ms): Min: 134.5, Avg: 134.6, Max: 134.8, Diff: 0.3, Sum: 1077.1]
      [Termination (ms): Min: 0.1, Avg: 0.3, Max: 0.3, Diff: 0.2, Sum: 2.1]
         [Termination Attempts: Min: 1, Avg: 409.4, Max: 511, Diff: 510, Sum: 3275]
      [GC Worker Other (ms): Min: 0.0, Avg: 0.0, Max: 0.1, Diff: 0.0, Sum: 0.3]
      [GC Worker Total (ms): Min: 165.8, Avg: 166.0, Max: 166.2, Diff: 0.3, Sum: 1327.8]
      [GC Worker End (ms): Min: 107379.3, Avg: 107379.3, Max: 107379.4, Diff: 0.1]
   [Code Root Fixup: 0.0 ms]
   [Code Root Purge: 0.0 ms]
   [Clear CT: 0.4 ms]
   [Other: 1.3 ms]
      [Choose CSet: 0.0 ms]
      [Ref Proc: 0.3 ms]
      [Ref Enq: 0.0 ms]
      [Redirty Cards: 0.4 ms]
      [Humongous Register: 0.1 ms]
      [Humongous Reclaim: 0.0 ms]
      [Free CSet: 0.3 ms]
   [Eden: 147.0M(147.0M)->0.0B(150.0M) Survivors: 21.0M->21.0M Heap: 565.6M(2048.0M)->568.1M(2048.0M)]
 [Times: user=1.38 sys=0.00, real=0.17 secs] 
2020-09-29T12:06:56.652+0200: 107.541: [GC pause (G1 Evacuation Pause) (young), 0.1764297 secs]
   [Parallel Time: 174.7 ms, GC Workers: 8]
      [GC Worker Start (ms): Min: 107541.4, Avg: 107541.5, Max: 107541.6, Diff: 0.2]
      [Ext Root Scanning (ms): Min: 0.0, Avg: 0.1, Max: 0.3, Diff: 0.2, Sum: 1.0]
      [Update RS (ms): Min: 18.1, Avg: 18.4, Max: 19.2, Diff: 1.1, Sum: 147.2]
         [Processed Buffers: Min: 11, Avg: 12.0, Max: 14, Diff: 3, Sum: 96]
      [Scan RS (ms): Min: 14.1, Avg: 14.9, Max: 15.3, Diff: 1.2, Sum: 119.4]
      [Code Root Scanning (ms): Min: 0.0, Avg: 0.0, Max: 0.0, Diff: 0.0, Sum: 0.0]
      [Object Copy (ms): Min: 140.5, Avg: 140.6, Max: 140.8, Diff: 0.4, Sum: 1124.9]
      [Termination (ms): Min: 0.0, Avg: 0.2, Max: 0.3, Diff: 0.3, Sum: 1.8]
         [Termination Attempts: Min: 1, Avg: 751.3, Max: 919, Diff: 918, Sum: 6010]
      [GC Worker Other (ms): Min: 0.0, Avg: 0.0, Max: 0.1, Diff: 0.1, Sum: 0.4]
      [GC Worker Total (ms): Min: 174.3, Avg: 174.3, Max: 174.4, Diff: 0.2, Sum: 1394.7]
      [GC Worker End (ms): Min: 107715.8, Avg: 107715.9, Max: 107715.9, Diff: 0.1]
   [Code Root Fixup: 0.0 ms]
   [Code Root Purge: 0.0 ms]
   [Clear CT: 0.3 ms]
   [Other: 1.4 ms]
      [Choose CSet: 0.0 ms]
      [Ref Proc: 0.4 ms]
      [Ref Enq: 0.0 ms]
      [Redirty Cards: 0.4 ms]
      [Humongous Register: 0.1 ms]
      [Humongous Reclaim: 0.0 ms]
      [Free CSet: 0.2 ms]
   [Eden: 150.0M(150.0M)->0.0B(150.0M) Survivors: 21.0M->22.0M Heap: 742.9M(2048.0M)->745.4M(2048.0M)]
 [Times: user=1.38 sys=0.00, real=0.18 secs] 
2020-09-29T12:06:56.978+0200: 107.867: [GC pause (G1 Evacuation Pause) (young), 0.1737703 secs]
   [Parallel Time: 172.2 ms, GC Workers: 8]
      [GC Worker Start (ms): Min: 107867.5, Avg: 107867.6, Max: 107867.8, Diff: 0.3]
      [Ext Root Scanning (ms): Min: 0.0, Avg: 0.1, Max: 0.3, Diff: 0.3, Sum: 0.9]
      [Update RS (ms): Min: 17.8, Avg: 18.1, Max: 19.0, Diff: 1.2, Sum: 144.8]
         [Processed Buffers: Min: 11, Avg: 12.1, Max: 15, Diff: 4, Sum: 97]
      [Scan RS (ms): Min: 12.6, Avg: 13.5, Max: 13.9, Diff: 1.3, Sum: 108.0]
      [Code Root Scanning (ms): Min: 0.0, Avg: 0.0, Max: 0.0, Diff: 0.0, Sum: 0.0]
      [Object Copy (ms): Min: 139.8, Avg: 139.9, Max: 140.0, Diff: 0.2, Sum: 1119.3]
      [Termination (ms): Min: 0.1, Avg: 0.2, Max: 0.3, Diff: 0.2, Sum: 1.6]
         [Termination Attempts: Min: 1, Avg: 369.6, Max: 502, Diff: 501, Sum: 2957]
      [GC Worker Other (ms): Min: 0.0, Avg: 0.0, Max: 0.0, Diff: 0.0, Sum: 0.2]
      [GC Worker Total (ms): Min: 171.7, Avg: 171.8, Max: 172.0, Diff: 0.3, Sum: 1374.8]
      [GC Worker End (ms): Min: 108039.4, Avg: 108039.5, Max: 108039.6, Diff: 0.1]
   [Code Root Fixup: 0.0 ms]
   [Code Root Purge: 0.0 ms]
   [Clear CT: 0.2 ms]
   [Other: 1.4 ms]
      [Choose CSet: 0.0 ms]
      [Ref Proc: 0.4 ms]
      [Ref Enq: 0.0 ms]
      [Redirty Cards: 0.4 ms]
      [Humongous Register: 0.1 ms]
      [Humongous Reclaim: 0.0 ms]
      [Free CSet: 0.3 ms]
   [Eden: 150.0M(150.0M)->0.0B(152.0M) Survivors: 22.0M->22.0M Heap: 920.2M(2048.0M)->922.2M(2048.0M)]
 [Times: user=1.31 sys=0.00, real=0.17 secs] 
2020-09-29T12:06:57.250+0200: 108.139: [GC pause (G1 Humongous Allocation) (young) (initial-mark), 0.1217843 secs]
   [Parallel Time: 118.2 ms, GC Workers: 8]
      [GC Worker Start (ms): Min: 108138.8, Avg: 108138.9, Max: 108139.0, Diff: 0.2]
      [Ext Root Scanning (ms): Min: 0.0, Avg: 0.1, Max: 0.3, Diff: 0.2, Sum: 1.0]
      [Update RS (ms): Min: 22.8, Avg: 23.7, Max: 24.7, Diff: 1.9, Sum: 189.4]
         [Processed Buffers: Min: 11, Avg: 13.4, Max: 16, Diff: 5, Sum: 107]
      [Scan RS (ms): Min: 3.0, Avg: 4.0, Max: 4.9, Diff: 1.9, Sum: 32.3]
      [Code Root Scanning (ms): Min: 0.0, Avg: 0.0, Max: 0.0, Diff: 0.0, Sum: 0.0]
      [Object Copy (ms): Min: 89.8, Avg: 89.9, Max: 90.0, Diff: 0.1, Sum: 719.2]
      [Termination (ms): Min: 0.0, Avg: 0.1, Max: 0.1, Diff: 0.1, Sum: 0.5]
         [Termination Attempts: Min: 1, Avg: 228.9, Max: 294, Diff: 293, Sum: 1831]
      [GC Worker Other (ms): Min: 0.0, Avg: 0.0, Max: 0.1, Diff: 0.0, Sum: 0.3]
      [GC Worker Total (ms): Min: 117.8, Avg: 117.8, Max: 118.0, Diff: 0.2, Sum: 942.7]
      [GC Worker End (ms): Min: 108256.7, Avg: 108256.8, Max: 108256.8, Diff: 0.0]
   [Code Root Fixup: 0.0 ms]
   [Code Root Purge: 0.0 ms]
   [Clear CT: 0.4 ms]
   [Other: 3.2 ms]
      [Choose CSet: 0.0 ms]
      [Ref Proc: 0.3 ms]
      [Ref Enq: 0.0 ms]
      [Redirty Cards: 1.1 ms]
      [Humongous Register: 0.0 ms]
      [Humongous Reclaim: 0.0 ms]
      [Free CSet: 0.4 ms]
   [Eden: 86.0M(152.0M)->0.0B(153.0M) Survivors: 22.0M->22.0M Heap: 1021.1M(2048.0M)->1022.6M(2048.0M)]
 [Times: user=0.95 sys=0.00, real=0.12 secs] 
2020-09-29T12:06:57.373+0200: 108.262: [GC concurrent-root-region-scan-start]
2020-09-29T12:06:57.391+0200: 108.280: [GC concurrent-root-region-scan-end, 0.0182882 secs]
2020-09-29T12:06:57.391+0200: 108.280: [GC concurrent-mark-start]
2020-09-29T12:06:57.399+0200: 108.288: [GC concurrent-mark-end, 0.0074555 secs]
2020-09-29T12:06:57.399+0200: 108.288: [GC remark 2020-09-29T12:06:57.399+0200: 108.288: [Finalize Marking, 0.0003661 secs] 2020-09-29T12:06:57.400+0200: 108.289: [GC ref-proc, 0.0007798 secs] 2020-09-29T12:06:57.401+0200: 108.290: [Unloading, 0.0012337 secs], 0.0031384 secs]
 [Times: user=0.00 sys=0.00, real=0.00 secs] 
2020-09-29T12:06:57.403+0200: 108.292: [GC cleanup 1044M->52M(2048M), 0.0045159 secs]
 [Times: user=0.00 sys=0.00, real=0.00 secs] 
2020-09-29T12:06:57.408+0200: 108.297: [GC concurrent-cleanup-start]
2020-09-29T12:06:57.410+0200: 108.299: [GC concurrent-cleanup-end, 0.0020804 secs]
2020-09-29T12:06:57.535+0200: 108.424: [GC pause (G1 Evacuation Pause) (young), 0.1997037 secs]
   [Parallel Time: 197.8 ms, GC Workers: 8]
      [GC Worker Start (ms): Min: 108423.8, Avg: 108423.9, Max: 108424.0, Diff: 0.2]
      [Ext Root Scanning (ms): Min: 0.0, Avg: 0.1, Max: 0.2, Diff: 0.2, Sum: 0.9]
      [Update RS (ms): Min: 19.1, Avg: 19.2, Max: 19.5, Diff: 0.4, Sum: 154.0]
         [Processed Buffers: Min: 11, Avg: 12.6, Max: 15, Diff: 4, Sum: 101]
      [Scan RS (ms): Min: 11.4, Avg: 11.8, Max: 12.7, Diff: 1.3, Sum: 94.2]
      [Code Root Scanning (ms): Min: 0.0, Avg: 0.0, Max: 0.0, Diff: 0.0, Sum: 0.0]
      [Object Copy (ms): Min: 165.3, Avg: 166.1, Max: 166.4, Diff: 1.1, Sum: 1329.0]
      [Termination (ms): Min: 0.0, Avg: 0.1, Max: 0.2, Diff: 0.2, Sum: 1.1]
         [Termination Attempts: Min: 1, Avg: 463.9, Max: 597, Diff: 596, Sum: 3711]
      [GC Worker Other (ms): Min: 0.0, Avg: 0.0, Max: 0.1, Diff: 0.1, Sum: 0.4]
      [GC Worker Total (ms): Min: 197.3, Avg: 197.4, Max: 197.6, Diff: 0.3, Sum: 1579.6]
      [GC Worker End (ms): Min: 108621.3, Avg: 108621.3, Max: 108621.4, Diff: 0.1]
   [Code Root Fixup: 0.0 ms]
   [Code Root Purge: 0.0 ms]
   [Clear CT: 0.4 ms]
   [Other: 1.5 ms]
      [Choose CSet: 0.0 ms]
      [Ref Proc: 0.5 ms]
      [Ref Enq: 0.0 ms]
      [Redirty Cards: 0.4 ms]
      [Humongous Register: 0.1 ms]
      [Humongous Reclaim: 0.0 ms]
      [Free CSet: 0.2 ms]
   [Eden: 153.0M(153.0M)->0.0B(138.0M) Survivors: 22.0M->22.0M Heap: 210.7M(2048.0M)->190.2M(2048.0M)]
 [Times: user=1.45 sys=0.00, real=0.20 secs] 
2020-09-29T12:06:57.867+0200: 108.757: [GC pause (G1 Evacuation Pause) (young), 0.1699163 secs]
   [Parallel Time: 168.2 ms, GC Workers: 8]
      [GC Worker Start (ms): Min: 108756.7, Avg: 108756.8, Max: 108756.9, Diff: 0.2]
      [Ext Root Scanning (ms): Min: 0.0, Avg: 0.1, Max: 0.2, Diff: 0.2, Sum: 1.0]
      [Update RS (ms): Min: 24.8, Avg: 25.1, Max: 25.5, Diff: 0.7, Sum: 200.5]
         [Processed Buffers: Min: 11, Avg: 14.8, Max: 19, Diff: 8, Sum: 118]
      [Scan RS (ms): Min: 10.4, Avg: 10.8, Max: 11.1, Diff: 0.8, Sum: 86.5]
      [Code Root Scanning (ms): Min: 0.0, Avg: 0.0, Max: 0.0, Diff: 0.0, Sum: 0.0]
      [Object Copy (ms): Min: 131.5, Avg: 131.6, Max: 131.7, Diff: 0.2, Sum: 1052.9]
      [Termination (ms): Min: 0.0, Avg: 0.2, Max: 0.2, Diff: 0.2, Sum: 1.4]
         [Termination Attempts: Min: 1, Avg: 650.8, Max: 782, Diff: 781, Sum: 5206]
      [GC Worker Other (ms): Min: 0.0, Avg: 0.0, Max: 0.1, Diff: 0.1, Sum: 0.4]
      [GC Worker Total (ms): Min: 167.7, Avg: 167.8, Max: 167.9, Diff: 0.2, Sum: 1342.6]
      [GC Worker End (ms): Min: 108924.6, Avg: 108924.6, Max: 108924.7, Diff: 0.1]
   [Code Root Fixup: 0.0 ms]
   [Code Root Purge: 0.0 ms]
   [Clear CT: 0.5 ms]
   [Other: 1.3 ms]
      [Choose CSet: 0.0 ms]
      [Ref Proc: 0.4 ms]
      [Ref Enq: 0.0 ms]
      [Redirty Cards: 0.4 ms]
      [Humongous Register: 0.1 ms]
      [Humongous Reclaim: 0.0 ms]
      [Free CSet: 0.2 ms]
   [Eden: 138.0M(138.0M)->0.0B(143.0M) Survivors: 22.0M->20.0M Heap: 351.1M(2048.0M)->353.6M(2048.0M)]
 [Times: user=1.27 sys=0.00, real=0.17 secs] 
2020-09-29T12:06:58.175+0200: 109.065: [GC pause (G1 Evacuation Pause) (young), 0.1704887 secs]
   [Parallel Time: 168.7 ms, GC Workers: 8]
      [GC Worker Start (ms): Min: 109064.7, Avg: 109064.8, Max: 109064.9, Diff: 0.3]
      [Ext Root Scanning (ms): Min: 0.0, Avg: 0.1, Max: 0.3, Diff: 0.3, Sum: 0.8]
      [Update RS (ms): Min: 17.8, Avg: 18.3, Max: 19.8, Diff: 2.0, Sum: 146.5]
         [Processed Buffers: Min: 11, Avg: 11.4, Max: 12, Diff: 1, Sum: 91]
      [Scan RS (ms): Min: 11.7, Avg: 13.2, Max: 13.7, Diff: 2.0, Sum: 105.3]
      [Code Root Scanning (ms): Min: 0.0, Avg: 0.0, Max: 0.0, Diff: 0.0, Sum: 0.0]
      [Object Copy (ms): Min: 136.4, Avg: 136.6, Max: 136.6, Diff: 0.2, Sum: 1092.5]
      [Termination (ms): Min: 0.0, Avg: 0.2, Max: 0.2, Diff: 0.2, Sum: 1.4]
         [Termination Attempts: Min: 1, Avg: 588.0, Max: 788, Diff: 787, Sum: 4704]
      [GC Worker Other (ms): Min: 0.0, Avg: 0.0, Max: 0.1, Diff: 0.1, Sum: 0.4]
      [GC Worker Total (ms): Min: 168.2, Avg: 168.4, Max: 168.5, Diff: 0.3, Sum: 1346.9]
      [GC Worker End (ms): Min: 109233.2, Avg: 109233.2, Max: 109233.2, Diff: 0.1]
   [Code Root Fixup: 0.0 ms]
   [Code Root Purge: 0.0 ms]
   [Clear CT: 0.4 ms]
   [Other: 1.3 ms]
      [Choose CSet: 0.0 ms]
      [Ref Proc: 0.3 ms]
      [Ref Enq: 0.0 ms]
      [Redirty Cards: 0.4 ms]
      [Humongous Register: 0.1 ms]
      [Humongous Reclaim: 0.0 ms]
      [Free CSet: 0.3 ms]
   [Eden: 143.0M(143.0M)->0.0B(146.0M) Survivors: 20.0M->21.0M Heap: 519.5M(2048.0M)->522.0M(2048.0M)]
 [Times: user=1.30 sys=0.00, real=0.17 secs] 
2020-09-29T12:06:58.495+0200: 109.384: [GC pause (G1 Evacuation Pause) (young), 0.1703828 secs]
   [Parallel Time: 168.8 ms, GC Workers: 8]
      [GC Worker Start (ms): Min: 109384.4, Avg: 109384.6, Max: 109384.7, Diff: 0.3]
      [Ext Root Scanning (ms): Min: 0.0, Avg: 0.1, Max: 0.3, Diff: 0.3, Sum: 0.8]
      [Update RS (ms): Min: 24.5, Avg: 24.7, Max: 25.0, Diff: 0.5, Sum: 197.7]
         [Processed Buffers: Min: 13, Avg: 15.3, Max: 18, Diff: 5, Sum: 122]
      [Scan RS (ms): Min: 10.5, Avg: 10.8, Max: 11.0, Diff: 0.5, Sum: 86.1]
      [Code Root Scanning (ms): Min: 0.0, Avg: 0.0, Max: 0.0, Diff: 0.0, Sum: 0.0]
      [Object Copy (ms): Min: 132.6, Avg: 132.7, Max: 132.8, Diff: 0.1, Sum: 1061.7]
      [Termination (ms): Min: 0.0, Avg: 0.0, Max: 0.0, Diff: 0.0, Sum: 0.1]
         [Termination Attempts: Min: 1, Avg: 33.6, Max: 48, Diff: 47, Sum: 269]
      [GC Worker Other (ms): Min: 0.0, Avg: 0.0, Max: 0.1, Diff: 0.1, Sum: 0.3]
      [GC Worker Total (ms): Min: 168.2, Avg: 168.4, Max: 168.5, Diff: 0.3, Sum: 1346.8]
      [GC Worker End (ms): Min: 109552.9, Avg: 109552.9, Max: 109553.0, Diff: 0.1]
   [Code Root Fixup: 0.0 ms]
   [Code Root Purge: 0.0 ms]
   [Clear CT: 0.3 ms]
   [Other: 1.3 ms]
      [Choose CSet: 0.0 ms]
      [Ref Proc: 0.4 ms]
      [Ref Enq: 0.0 ms]
      [Redirty Cards: 0.5 ms]
      [Humongous Register: 0.1 ms]
      [Humongous Reclaim: 0.0 ms]
      [Free CSet: 0.1 ms]
   [Eden: 146.0M(146.0M)->0.0B(151.0M) Survivors: 21.0M->21.0M Heap: 692.8M(2048.0M)->694.3M(2048.0M)]
 [Times: user=1.38 sys=0.00, real=0.17 secs] 
2020-09-29T12:06:58.811+0200: 109.700: [GC pause (G1 Evacuation Pause) (young), 0.1931761 secs]
   [Parallel Time: 191.5 ms, GC Workers: 8]
      [GC Worker Start (ms): Min: 109700.3, Avg: 109702.4, Max: 109716.5, Diff: 16.2]
      [Ext Root Scanning (ms): Min: 0.0, Avg: 0.1, Max: 0.3, Diff: 0.2, Sum: 0.9]
      [Update RS (ms): Min: 5.4, Avg: 19.9, Max: 22.3, Diff: 17.0, Sum: 159.4]
         [Processed Buffers: Min: 5, Avg: 12.1, Max: 15, Diff: 10, Sum: 97]
      [Scan RS (ms): Min: 13.8, Avg: 15.7, Max: 26.2, Diff: 12.4, Sum: 126.0]
      [Code Root Scanning (ms): Min: 0.0, Avg: 0.0, Max: 0.0, Diff: 0.0, Sum: 0.0]
      [Object Copy (ms): Min: 142.2, Avg: 152.9, Max: 154.8, Diff: 12.6, Sum: 1223.3]
      [Termination (ms): Min: 0.0, Avg: 0.3, Max: 0.4, Diff: 0.4, Sum: 2.4]
         [Termination Attempts: Min: 1, Avg: 1045.6, Max: 1258, Diff: 1257, Sum: 8365]
      [GC Worker Other (ms): Min: 0.0, Avg: 0.1, Max: 0.2, Diff: 0.2, Sum: 0.6]
      [GC Worker Total (ms): Min: 174.9, Avg: 189.1, Max: 191.3, Diff: 16.3, Sum: 1512.6]
      [GC Worker End (ms): Min: 109891.4, Avg: 109891.5, Max: 109891.6, Diff: 0.2]
   [Code Root Fixup: 0.0 ms]
   [Code Root Purge: 0.0 ms]
   [Clear CT: 0.4 ms]
   [Other: 1.2 ms]
      [Choose CSet: 0.0 ms]
      [Ref Proc: 0.2 ms]
      [Ref Enq: 0.0 ms]
      [Redirty Cards: 0.4 ms]
      [Humongous Register: 0.1 ms]
      [Humongous Reclaim: 0.0 ms]
      [Free CSet: 0.3 ms]
   [Eden: 151.0M(151.0M)->0.0B(146.0M) Survivors: 21.0M->22.0M Heap: 870.1M(2048.0M)->872.1M(2048.0M)]
 [Times: user=1.44 sys=0.02, real=0.20 secs] 
2020-09-29T12:06:59.155+0200: 110.044: [GC pause (G1 Evacuation Pause) (young), 0.1634147 secs]
   [Parallel Time: 161.7 ms, GC Workers: 8]
      [GC Worker Start (ms): Min: 110044.4, Avg: 110044.6, Max: 110044.7, Diff: 0.3]
      [Ext Root Scanning (ms): Min: 0.0, Avg: 0.1, Max: 0.3, Diff: 0.3, Sum: 0.8]
      [Update RS (ms): Min: 19.4, Avg: 19.8, Max: 20.6, Diff: 1.1, Sum: 158.5]
         [Processed Buffers: Min: 12, Avg: 12.8, Max: 14, Diff: 2, Sum: 102]
      [Scan RS (ms): Min: 11.6, Avg: 12.3, Max: 12.8, Diff: 1.1, Sum: 98.5]
      [Code Root Scanning (ms): Min: 0.0, Avg: 0.0, Max: 0.0, Diff: 0.0, Sum: 0.0]
      [Object Copy (ms): Min: 128.9, Avg: 129.0, Max: 129.1, Diff: 0.2, Sum: 1031.8]
      [Termination (ms): Min: 0.0, Avg: 0.1, Max: 0.1, Diff: 0.1, Sum: 0.4]
         [Termination Attempts: Min: 1, Avg: 64.0, Max: 81, Diff: 80, Sum: 512]
      [GC Worker Other (ms): Min: 0.0, Avg: 0.0, Max: 0.1, Diff: 0.0, Sum: 0.2]
      [GC Worker Total (ms): Min: 161.2, Avg: 161.3, Max: 161.5, Diff: 0.3, Sum: 1290.4]
      [GC Worker End (ms): Min: 110205.9, Avg: 110205.9, Max: 110205.9, Diff: 0.0]
   [Code Root Fixup: 0.0 ms]
   [Code Root Purge: 0.0 ms]
   [Clear CT: 0.4 ms]
   [Other: 1.4 ms]
      [Choose CSet: 0.0 ms]
      [Ref Proc: 0.5 ms]
      [Ref Enq: 0.0 ms]
      [Redirty Cards: 0.4 ms]
      [Humongous Register: 0.1 ms]
      [Humongous Reclaim: 0.0 ms]
      [Free CSet: 0.2 ms]
   [Eden: 146.0M(146.0M)->0.0B(152.0M) Survivors: 22.0M->21.0M Heap: 1042.9M(2048.0M)->1044.4M(2048.0M)]
 [Times: user=1.31 sys=0.00, real=0.16 secs] 
2020-09-29T12:06:59.328+0200: 110.218: [GC pause (G1 Humongous Allocation) (young) (initial-mark), 0.0704356 secs]
   [Parallel Time: 68.9 ms, GC Workers: 8]
      [GC Worker Start (ms): Min: 110217.7, Avg: 110217.8, Max: 110217.9, Diff: 0.2]
      [Ext Root Scanning (ms): Min: 0.1, Avg: 0.1, Max: 0.2, Diff: 0.2, Sum: 1.2]
      [Update RS (ms): Min: 35.0, Avg: 35.5, Max: 36.1, Diff: 1.1, Sum: 284.4]
         [Processed Buffers: Min: 22, Avg: 22.9, Max: 24, Diff: 2, Sum: 183]
      [Scan RS (ms): Min: 2.2, Avg: 2.7, Max: 3.3, Diff: 1.1, Sum: 21.8]
      [Code Root Scanning (ms): Min: 0.0, Avg: 0.0, Max: 0.0, Diff: 0.0, Sum: 0.0]
      [Object Copy (ms): Min: 30.0, Avg: 30.1, Max: 30.3, Diff: 0.3, Sum: 240.8]
      [Termination (ms): Min: 0.0, Avg: 0.1, Max: 0.2, Diff: 0.2, Sum: 1.2]
         [Termination Attempts: Min: 1, Avg: 516.3, Max: 696, Diff: 695, Sum: 4130]
      [GC Worker Other (ms): Min: 0.0, Avg: 0.0, Max: 0.0, Diff: 0.0, Sum: 0.2]
      [GC Worker Total (ms): Min: 68.6, Avg: 68.7, Max: 68.8, Diff: 0.2, Sum: 549.5]
      [GC Worker End (ms): Min: 110286.5, Avg: 110286.5, Max: 110286.5, Diff: 0.0]
   [Code Root Fixup: 0.0 ms]
   [Code Root Purge: 0.0 ms]
   [Clear CT: 0.4 ms]
   [Other: 1.2 ms]
      [Choose CSet: 0.0 ms]
      [Ref Proc: 0.4 ms]
      [Ref Enq: 0.0 ms]
      [Redirty Cards: 0.5 ms]
      [Humongous Register: 0.0 ms]
      [Humongous Reclaim: 0.0 ms]
      [Free CSet: 0.1 ms]
   [Eden: 5120.0K(152.0M)->0.0B(151.0M) Survivors: 21.0M->6144.0K Heap: 1048.9M(2048.0M)->1052.9M(2048.0M)]
 [Times: user=0.61 sys=0.00, real=0.07 secs] 
2020-09-29T12:06:59.399+0200: 110.288: [GC concurrent-root-region-scan-start]
2020-09-29T12:06:59.401+0200: 110.290: [GC concurrent-root-region-scan-end, 0.0020779 secs]
2020-09-29T12:06:59.401+0200: 110.290: [GC concurrent-mark-start]
2020-09-29T12:06:59.407+0200: 110.296: [GC concurrent-mark-end, 0.0060334 secs]
2020-09-29T12:06:59.408+0200: 110.297: [GC remark 2020-09-29T12:06:59.408+0200: 110.297: [Finalize Marking, 0.0004428 secs] 2020-09-29T12:06:59.408+0200: 110.297: [GC ref-proc, 0.0005255 secs] 2020-09-29T12:06:59.409+0200: 110.298: [Unloading, 0.0007044 secs], 0.0022470 secs]
 [Times: user=0.13 sys=0.00, real=0.00 secs] 
2020-09-29T12:06:59.411+0200: 110.300: [GC cleanup 1064M->26M(2048M), 0.0017159 secs]
 [Times: user=0.00 sys=0.00, real=0.00 secs] 
2020-09-29T12:06:59.412+0200: 110.302: [GC concurrent-cleanup-start]
2020-09-29T12:06:59.415+0200: 110.304: [GC concurrent-cleanup-end, 0.0022072 secs]
2020-09-29T12:06:59.546+0200: 110.435: [GC pause (G1 Evacuation Pause) (young), 0.1453701 secs]
   [Parallel Time: 143.7 ms, GC Workers: 8]
      [GC Worker Start (ms): Min: 110435.1, Avg: 110435.3, Max: 110435.4, Diff: 0.2]
      [Ext Root Scanning (ms): Min: 0.0, Avg: 0.1, Max: 0.3, Diff: 0.2, Sum: 1.0]
      [Update RS (ms): Min: 19.5, Avg: 19.6, Max: 19.9, Diff: 0.5, Sum: 156.6]
         [Processed Buffers: Min: 12, Avg: 13.4, Max: 15, Diff: 3, Sum: 107]
      [Scan RS (ms): Min: 9.8, Avg: 10.2, Max: 10.3, Diff: 0.5, Sum: 81.7]
      [Code Root Scanning (ms): Min: 0.0, Avg: 0.0, Max: 0.0, Diff: 0.0, Sum: 0.0]
      [Object Copy (ms): Min: 113.2, Avg: 113.3, Max: 113.4, Diff: 0.2, Sum: 906.6]
      [Termination (ms): Min: 0.0, Avg: 0.1, Max: 0.1, Diff: 0.1, Sum: 0.4]
         [Termination Attempts: Min: 1, Avg: 154.5, Max: 191, Diff: 190, Sum: 1236]
      [GC Worker Other (ms): Min: 0.0, Avg: 0.0, Max: 0.1, Diff: 0.1, Sum: 0.4]
      [GC Worker Total (ms): Min: 143.2, Avg: 143.3, Max: 143.5, Diff: 0.3, Sum: 1146.6]
      [GC Worker End (ms): Min: 110578.6, Avg: 110578.6, Max: 110578.6, Diff: 0.1]
   [Code Root Fixup: 0.0 ms]
   [Code Root Purge: 0.0 ms]
   [Clear CT: 0.3 ms]
   [Other: 1.3 ms]
      [Choose CSet: 0.0 ms]
      [Ref Proc: 0.3 ms]
      [Ref Enq: 0.0 ms]
      [Redirty Cards: 0.4 ms]
      [Humongous Register: 0.1 ms]
      [Humongous Reclaim: 0.0 ms]
      [Free CSet: 0.2 ms]
   [Eden: 151.0M(151.0M)->0.0B(149.0M) Survivors: 6144.0K->20.0M Heap: 192.7M(2048.0M)->188.7M(2048.0M)]
 [Times: user=1.13 sys=0.00, real=0.14 secs] 
2020-09-29T12:06:59.835+0200: 110.724: [GC pause (G1 Evacuation Pause) (young), 0.1781449 secs]
   [Parallel Time: 176.7 ms, GC Workers: 8]
      [GC Worker Start (ms): Min: 110724.4, Avg: 110724.5, Max: 110724.6, Diff: 0.2]
      [Ext Root Scanning (ms): Min: 0.0, Avg: 0.1, Max: 0.2, Diff: 0.2, Sum: 0.8]
      [Update RS (ms): Min: 28.8, Avg: 29.3, Max: 30.4, Diff: 1.6, Sum: 234.4]
         [Processed Buffers: Min: 17, Avg: 19.0, Max: 23, Diff: 6, Sum: 152]
      [Scan RS (ms): Min: 7.3, Avg: 8.4, Max: 8.9, Diff: 1.6, Sum: 67.0]
      [Code Root Scanning (ms): Min: 0.0, Avg: 0.0, Max: 0.0, Diff: 0.0, Sum: 0.0]
      [Object Copy (ms): Min: 137.9, Avg: 138.3, Max: 138.5, Diff: 0.5, Sum: 1106.5]
      [Termination (ms): Min: 0.0, Avg: 0.1, Max: 0.4, Diff: 0.4, Sum: 1.0]
         [Termination Attempts: Min: 1, Avg: 299.8, Max: 367, Diff: 366, Sum: 2398]
      [GC Worker Other (ms): Min: 0.0, Avg: 0.1, Max: 0.1, Diff: 0.1, Sum: 0.4]
      [GC Worker Total (ms): Min: 176.2, Avg: 176.3, Max: 176.4, Diff: 0.3, Sum: 1410.1]
      [GC Worker End (ms): Min: 110900.7, Avg: 110900.8, Max: 110900.8, Diff: 0.1]
   [Code Root Fixup: 0.0 ms]
   [Code Root Purge: 0.0 ms]
   [Clear CT: 0.3 ms]
   [Other: 1.1 ms]
      [Choose CSet: 0.0 ms]
      [Ref Proc: 0.2 ms]
      [Ref Enq: 0.0 ms]
      [Redirty Cards: 0.3 ms]
      [Humongous Register: 0.1 ms]
      [Humongous Reclaim: 0.0 ms]
      [Free CSet: 0.2 ms]
   [Eden: 149.0M(149.0M)->0.0B(149.0M) Survivors: 20.0M->22.0M Heap: 362.5M(2048.0M)->364.5M(2048.0M)]
 [Times: user=1.33 sys=0.00, real=0.18 secs] 
2020-09-29T12:07:00.143+0200: 111.032: [GC pause (G1 Evacuation Pause) (young), 0.0952997 secs]
   [Parallel Time: 94.3 ms, GC Workers: 8]
      [GC Worker Start (ms): Min: 111032.5, Avg: 111032.6, Max: 111033.1, Diff: 0.6]
      [Ext Root Scanning (ms): Min: 0.0, Avg: 0.1, Max: 0.2, Diff: 0.1, Sum: 0.7]
      [Update RS (ms): Min: 14.6, Avg: 15.2, Max: 15.8, Diff: 1.2, Sum: 121.2]
         [Processed Buffers: Min: 9, Avg: 15.0, Max: 18, Diff: 9, Sum: 120]
      [Scan RS (ms): Min: 5.4, Avg: 6.0, Max: 6.4, Diff: 1.1, Sum: 48.4]
      [Code Root Scanning (ms): Min: 0.0, Avg: 0.0, Max: 0.0, Diff: 0.0, Sum: 0.0]
      [Object Copy (ms): Min: 72.5, Avg: 72.8, Max: 72.8, Diff: 0.4, Sum: 582.0]
      [Termination (ms): Min: 0.0, Avg: 0.1, Max: 0.1, Diff: 0.1, Sum: 0.4]
         [Termination Attempts: Min: 1, Avg: 378.4, Max: 479, Diff: 478, Sum: 3027]
      [GC Worker Other (ms): Min: 0.0, Avg: 0.0, Max: 0.0, Diff: 0.0, Sum: 0.2]
      [GC Worker Total (ms): Min: 93.6, Avg: 94.1, Max: 94.2, Diff: 0.6, Sum: 752.9]
      [GC Worker End (ms): Min: 111126.7, Avg: 111126.8, Max: 111126.8, Diff: 0.0]
   [Code Root Fixup: 0.0 ms]
   [Code Root Purge: 0.0 ms]
   [Clear CT: 0.2 ms]
   [Other: 0.8 ms]
      [Choose CSet: 0.0 ms]
      [Ref Proc: 0.1 ms]
      [Ref Enq: 0.0 ms]
      [Redirty Cards: 0.2 ms]
      [Humongous Register: 0.1 ms]
      [Humongous Reclaim: 0.0 ms]
      [Free CSet: 0.2 ms]
   [Eden: 149.0M(149.0M)->0.0B(168.0M) Survivors: 22.0M->22.0M Heap: 538.3M(2048.0M)->539.8M(2048.0M)]
 [Times: user=0.69 sys=0.02, real=0.10 secs] 
2020-09-29T12:07:00.332+0200: 111.221: [GC pause (G1 Evacuation Pause) (young), 0.1003197 secs]
   [Parallel Time: 99.3 ms, GC Workers: 8]
      [GC Worker Start (ms): Min: 111221.3, Avg: 111221.3, Max: 111221.4, Diff: 0.1]
      [Ext Root Scanning (ms): Min: 0.0, Avg: 0.1, Max: 0.1, Diff: 0.1, Sum: 0.6]
      [Update RS (ms): Min: 11.4, Avg: 11.6, Max: 12.2, Diff: 0.8, Sum: 93.1]
         [Processed Buffers: Min: 13, Avg: 14.1, Max: 16, Diff: 3, Sum: 113]
      [Scan RS (ms): Min: 6.7, Avg: 8.7, Max: 18.1, Diff: 11.3, Sum: 69.6]
      [Code Root Scanning (ms): Min: 0.0, Avg: 0.0, Max: 0.0, Diff: 0.0, Sum: 0.0]
      [Object Copy (ms): Min: 69.3, Avg: 78.6, Max: 80.0, Diff: 10.7, Sum: 629.0]
      [Termination (ms): Min: 0.0, Avg: 0.1, Max: 0.1, Diff: 0.1, Sum: 0.6]
         [Termination Attempts: Min: 1, Avg: 540.1, Max: 678, Diff: 677, Sum: 4321]
      [GC Worker Other (ms): Min: 0.0, Avg: 0.0, Max: 0.0, Diff: 0.0, Sum: 0.2]
      [GC Worker Total (ms): Min: 99.1, Avg: 99.1, Max: 99.2, Diff: 0.1, Sum: 793.2]
      [GC Worker End (ms): Min: 111320.5, Avg: 111320.5, Max: 111320.5, Diff: 0.0]
   [Code Root Fixup: 0.0 ms]
   [Code Root Purge: 0.0 ms]
   [Clear CT: 0.2 ms]
   [Other: 0.8 ms]
      [Choose CSet: 0.0 ms]
      [Ref Proc: 0.2 ms]
      [Ref Enq: 0.0 ms]
      [Redirty Cards: 0.3 ms]
      [Humongous Register: 0.0 ms]
      [Humongous Reclaim: 0.0 ms]
      [Free CSet: 0.1 ms]
   [Eden: 168.0M(168.0M)->0.0B(196.0M) Survivors: 22.0M->24.0M Heap: 734.5M(2048.0M)->737.0M(2048.0M)]
 [Times: user=0.83 sys=0.00, real=0.10 secs] 
2020-09-29T12:07:00.546+0200: 111.435: [GC pause (G1 Evacuation Pause) (young), 0.1482382 secs]
   [Parallel Time: 147.2 ms, GC Workers: 8]
      [GC Worker Start (ms): Min: 111435.1, Avg: 111435.2, Max: 111435.3, Diff: 0.2]
      [Ext Root Scanning (ms): Min: 0.0, Avg: 0.1, Max: 0.2, Diff: 0.2, Sum: 0.5]
      [Update RS (ms): Min: 14.1, Avg: 14.2, Max: 14.4, Diff: 0.3, Sum: 113.5]
         [Processed Buffers: Min: 16, Avg: 17.4, Max: 19, Diff: 3, Sum: 139]
      [Scan RS (ms): Min: 9.3, Avg: 10.6, Max: 17.8, Diff: 8.5, Sum: 84.4]
      [Code Root Scanning (ms): Min: 0.0, Avg: 0.0, Max: 0.0, Diff: 0.0, Sum: 0.0]
      [Object Copy (ms): Min: 114.8, Avg: 121.4, Max: 122.7, Diff: 7.9, Sum: 971.3]
      [Termination (ms): Min: 0.0, Avg: 0.8, Max: 1.0, Diff: 1.0, Sum: 6.3]
         [Termination Attempts: Min: 1, Avg: 5260.8, Max: 6573, Diff: 6572, Sum: 42086]
      [GC Worker Other (ms): Min: 0.0, Avg: 0.0, Max: 0.1, Diff: 0.0, Sum: 0.3]
      [GC Worker Total (ms): Min: 147.0, Avg: 147.0, Max: 147.1, Diff: 0.2, Sum: 1176.2]
      [GC Worker End (ms): Min: 111582.2, Avg: 111582.3, Max: 111582.3, Diff: 0.0]
   [Code Root Fixup: 0.0 ms]
   [Code Root Purge: 0.0 ms]
   [Clear CT: 0.2 ms]
   [Other: 0.9 ms]
      [Choose CSet: 0.0 ms]
      [Ref Proc: 0.2 ms]
      [Ref Enq: 0.0 ms]
      [Redirty Cards: 0.2 ms]
      [Humongous Register: 0.0 ms]
      [Humongous Reclaim: 0.0 ms]
      [Free CSet: 0.2 ms]
   [Eden: 196.0M(196.0M)->0.0B(201.0M) Survivors: 24.0M->28.0M Heap: 967.3M(2048.0M)->969.3M(2048.0M)]
 [Times: user=1.17 sys=0.00, real=0.15 secs] 
2020-09-29T12:07:00.700+0200: 111.589: [GC pause (G1 Humongous Allocation) (young) (initial-mark), 0.0472624 secs]
   [Parallel Time: 46.4 ms, GC Workers: 8]
      [GC Worker Start (ms): Min: 111589.2, Avg: 111589.2, Max: 111589.3, Diff: 0.1]
      [Ext Root Scanning (ms): Min: 0.0, Avg: 0.1, Max: 0.1, Diff: 0.1, Sum: 0.7]
      [Update RS (ms): Min: 25.8, Avg: 26.1, Max: 26.4, Diff: 0.6, Sum: 208.9]
         [Processed Buffers: Min: 24, Avg: 30.4, Max: 33, Diff: 9, Sum: 243]
      [Scan RS (ms): Min: 1.4, Avg: 1.8, Max: 2.1, Diff: 0.7, Sum: 14.0]
      [Code Root Scanning (ms): Min: 0.0, Avg: 0.0, Max: 0.0, Diff: 0.0, Sum: 0.0]
      [Object Copy (ms): Min: 18.0, Avg: 18.2, Max: 18.3, Diff: 0.4, Sum: 145.9]
      [Termination (ms): Min: 0.0, Avg: 0.0, Max: 0.0, Diff: 0.0, Sum: 0.3]
         [Termination Attempts: Min: 1, Avg: 276.3, Max: 341, Diff: 340, Sum: 2210]
      [GC Worker Other (ms): Min: 0.0, Avg: 0.0, Max: 0.0, Diff: 0.0, Sum: 0.1]
      [GC Worker Total (ms): Min: 46.2, Avg: 46.2, Max: 46.3, Diff: 0.1, Sum: 369.9]
      [GC Worker End (ms): Min: 111635.5, Avg: 111635.5, Max: 111635.5, Diff: 0.0]
   [Code Root Fixup: 0.0 ms]
   [Code Root Purge: 0.0 ms]
   [Clear CT: 0.1 ms]
   [Other: 0.7 ms]
      [Choose CSet: 0.0 ms]
      [Ref Proc: 0.2 ms]
      [Ref Enq: 0.0 ms]
      [Redirty Cards: 0.2 ms]
      [Humongous Register: 0.0 ms]
      [Humongous Reclaim: 0.0 ms]
      [Free CSet: 0.1 ms]
   [Eden: 12.0M(201.0M)->0.0B(236.0M) Survivors: 28.0M->14.0M Heap: 980.8M(2048.0M)->984.8M(2048.0M)]
 [Times: user=0.38 sys=0.00, real=0.05 secs] 
2020-09-29T12:07:00.748+0200: 111.636: [GC concurrent-root-region-scan-start]
2020-09-29T12:07:00.750+0200: 111.639: [GC concurrent-root-region-scan-end, 0.0027581 secs]
2020-09-29T12:07:00.750+0200: 111.639: [GC concurrent-mark-start]
2020-09-29T12:07:00.753+0200: 111.642: [GC concurrent-mark-end, 0.0023965 secs]
2020-09-29T12:07:00.753+0200: 111.642: [GC remark 2020-09-29T12:07:00.753+0200: 111.642: [Finalize Marking, 0.0001765 secs] 2020-09-29T12:07:00.753+0200: 111.642: [GC ref-proc, 0.0002990 secs] 2020-09-29T12:07:00.753+0200: 111.642: [Unloading, 0.0004469 secs], 0.0012500 secs]
 [Times: user=0.00 sys=0.00, real=0.00 secs] 
2020-09-29T12:07:00.755+0200: 111.643: [GC cleanup 997M->35M(2048M), 0.0015608 secs]
 [Times: user=0.00 sys=0.00, real=0.00 secs] 
2020-09-29T12:07:00.756+0200: 111.645: [GC concurrent-cleanup-start]
2020-09-29T12:07:00.757+0200: 111.646: [GC concurrent-cleanup-end, 0.0013148 secs]
2020-09-29T12:07:00.887+0200: 111.776: [GC pause (G1 Evacuation Pause) (young), 0.1232555 secs]
   [Parallel Time: 121.7 ms, GC Workers: 8]
      [GC Worker Start (ms): Min: 111776.3, Avg: 111776.4, Max: 111776.5, Diff: 0.2]
      [Ext Root Scanning (ms): Min: 0.0, Avg: 0.1, Max: 0.2, Diff: 0.2, Sum: 0.6]
      [Update RS (ms): Min: 14.8, Avg: 15.0, Max: 15.4, Diff: 0.6, Sum: 120.2]
         [Processed Buffers: Min: 12, Avg: 14.4, Max: 17, Diff: 5, Sum: 115]
      [Scan RS (ms): Min: 12.5, Avg: 12.9, Max: 13.1, Diff: 0.6, Sum: 103.3]
      [Code Root Scanning (ms): Min: 0.0, Avg: 0.0, Max: 0.0, Diff: 0.0, Sum: 0.0]
      [Object Copy (ms): Min: 93.3, Avg: 93.3, Max: 93.4, Diff: 0.1, Sum: 746.6]
      [Termination (ms): Min: 0.0, Avg: 0.0, Max: 0.0, Diff: 0.0, Sum: 0.1]
         [Termination Attempts: Min: 1, Avg: 44.8, Max: 66, Diff: 65, Sum: 358]
      [GC Worker Other (ms): Min: 0.0, Avg: 0.0, Max: 0.1, Diff: 0.0, Sum: 0.3]
      [GC Worker Total (ms): Min: 121.3, Avg: 121.4, Max: 121.5, Diff: 0.2, Sum: 971.1]
      [GC Worker End (ms): Min: 111897.8, Avg: 111897.8, Max: 111897.8, Diff: 0.0]
   [Code Root Fixup: 0.0 ms]
   [Code Root Purge: 0.0 ms]
   [Clear CT: 0.7 ms]
   [Other: 0.9 ms]
      [Choose CSet: 0.0 ms]
      [Ref Proc: 0.1 ms]
      [Ref Enq: 0.0 ms]
      [Redirty Cards: 0.4 ms]
      [Humongous Register: 0.0 ms]
      [Humongous Reclaim: 0.0 ms]
      [Free CSet: 0.1 ms]
   [Eden: 236.0M(236.0M)->0.0B(240.0M) Survivors: 14.0M->32.0M Heap: 298.6M(2048.0M)->287.1M(2048.0M)]
 [Times: user=0.92 sys=0.02, real=0.12 secs] 
2020-09-29T12:07:01.136+0200: 112.025: [GC pause (G1 Evacuation Pause) (young), 0.1450773 secs]
   [Parallel Time: 144.0 ms, GC Workers: 8]
      [GC Worker Start (ms): Min: 112024.7, Avg: 112024.9, Max: 112024.9, Diff: 0.2]
      [Ext Root Scanning (ms): Min: 0.0, Avg: 0.1, Max: 0.2, Diff: 0.2, Sum: 0.4]
      [Update RS (ms): Min: 13.0, Avg: 13.2, Max: 13.5, Diff: 0.5, Sum: 105.9]
         [Processed Buffers: Min: 15, Avg: 16.0, Max: 18, Diff: 3, Sum: 128]
      [Scan RS (ms): Min: 13.4, Avg: 14.4, Max: 18.6, Diff: 5.2, Sum: 114.9]
      [Code Root Scanning (ms): Min: 0.0, Avg: 0.0, Max: 0.0, Diff: 0.0, Sum: 0.0]
      [Object Copy (ms): Min: 111.9, Avg: 115.9, Max: 116.6, Diff: 4.7, Sum: 927.1]
      [Termination (ms): Min: 0.0, Avg: 0.1, Max: 0.2, Diff: 0.2, Sum: 1.0]
         [Termination Attempts: Min: 1, Avg: 592.8, Max: 746, Diff: 745, Sum: 4742]
      [GC Worker Other (ms): Min: 0.0, Avg: 0.0, Max: 0.0, Diff: 0.0, Sum: 0.1]
      [GC Worker Total (ms): Min: 143.6, Avg: 143.7, Max: 143.8, Diff: 0.2, Sum: 1149.4]
      [GC Worker End (ms): Min: 112168.5, Avg: 112168.5, Max: 112168.6, Diff: 0.0]
   [Code Root Fixup: 0.0 ms]
   [Code Root Purge: 0.0 ms]
   [Clear CT: 0.2 ms]
   [Other: 0.9 ms]
      [Choose CSet: 0.0 ms]
      [Ref Proc: 0.2 ms]
      [Ref Enq: 0.0 ms]
      [Redirty Cards: 0.2 ms]
      [Humongous Register: 0.0 ms]
      [Humongous Reclaim: 0.0 ms]
      [Free CSet: 0.2 ms]
   [Eden: 240.0M(240.0M)->0.0B(248.0M) Survivors: 32.0M->34.0M Heap: 567.1M(2048.0M)->569.1M(2048.0M)]
 [Times: user=1.06 sys=0.01, real=0.14 secs] 
2020-09-29T12:07:01.430+0200: 112.318: [GC pause (G1 Evacuation Pause) (young), 0.1491565 secs]
   [Parallel Time: 148.0 ms, GC Workers: 8]
      [GC Worker Start (ms): Min: 112318.5, Avg: 112318.6, Max: 112318.7, Diff: 0.2]
      [Ext Root Scanning (ms): Min: 0.0, Avg: 0.1, Max: 0.2, Diff: 0.2, Sum: 0.4]
      [Update RS (ms): Min: 15.3, Avg: 15.5, Max: 15.9, Diff: 0.6, Sum: 124.1]
         [Processed Buffers: Min: 15, Avg: 17.4, Max: 20, Diff: 5, Sum: 139]
      [Scan RS (ms): Min: 13.8, Avg: 14.2, Max: 14.6, Diff: 0.8, Sum: 114.0]
      [Code Root Scanning (ms): Min: 0.0, Avg: 0.0, Max: 0.0, Diff: 0.0, Sum: 0.0]
      [Object Copy (ms): Min: 117.6, Avg: 117.7, Max: 117.9, Diff: 0.3, Sum: 941.9]
      [Termination (ms): Min: 0.0, Avg: 0.1, Max: 0.1, Diff: 0.1, Sum: 0.6]
         [Termination Attempts: Min: 1, Avg: 551.8, Max: 710, Diff: 709, Sum: 4414]
      [GC Worker Other (ms): Min: 0.0, Avg: 0.0, Max: 0.1, Diff: 0.1, Sum: 0.3]
      [GC Worker Total (ms): Min: 147.6, Avg: 147.7, Max: 147.8, Diff: 0.2, Sum: 1181.4]
      [GC Worker End (ms): Min: 112466.3, Avg: 112466.3, Max: 112466.3, Diff: 0.1]
   [Code Root Fixup: 0.0 ms]
   [Code Root Purge: 0.0 ms]
   [Clear CT: 0.2 ms]
   [Other: 1.0 ms]
      [Choose CSet: 0.0 ms]
      [Ref Proc: 0.2 ms]
      [Ref Enq: 0.0 ms]
      [Redirty Cards: 0.3 ms]
      [Humongous Register: 0.0 ms]
      [Humongous Reclaim: 0.0 ms]
      [Free CSet: 0.3 ms]
   [Eden: 248.0M(248.0M)->0.0B(259.0M) Survivors: 34.0M->36.0M Heap: 859.1M(2048.0M)->860.6M(2048.0M)]
 [Times: user=1.09 sys=0.00, real=0.15 secs] 
2020-09-29T12:07:01.723+0200: 112.612: [GC pause (G1 Evacuation Pause) (young), 0.1707541 secs]
   [Parallel Time: 169.9 ms, GC Workers: 8]
      [GC Worker Start (ms): Min: 112612.5, Avg: 112612.6, Max: 112612.7, Diff: 0.2]
      [Ext Root Scanning (ms): Min: 0.0, Avg: 0.1, Max: 0.2, Diff: 0.2, Sum: 0.5]
      [Update RS (ms): Min: 22.2, Avg: 22.6, Max: 23.2, Diff: 1.1, Sum: 180.7]
         [Processed Buffers: Min: 18, Avg: 20.1, Max: 23, Diff: 5, Sum: 161]
      [Scan RS (ms): Min: 15.1, Avg: 15.8, Max: 16.3, Diff: 1.2, Sum: 126.1]
      [Code Root Scanning (ms): Min: 0.0, Avg: 0.0, Max: 0.0, Diff: 0.0, Sum: 0.0]
      [Object Copy (ms): Min: 131.0, Avg: 131.1, Max: 131.2, Diff: 0.2, Sum: 1048.8]
      [Termination (ms): Min: 0.0, Avg: 0.1, Max: 0.1, Diff: 0.1, Sum: 0.5]
         [Termination Attempts: Min: 1, Avg: 485.0, Max: 585, Diff: 584, Sum: 3880]
      [GC Worker Other (ms): Min: 0.0, Avg: 0.0, Max: 0.1, Diff: 0.1, Sum: 0.3]
      [GC Worker Total (ms): Min: 169.5, Avg: 169.6, Max: 169.8, Diff: 0.2, Sum: 1357.0]
      [GC Worker End (ms): Min: 112782.2, Avg: 112782.2, Max: 112782.2, Diff: 0.0]
   [Code Root Fixup: 0.0 ms]
   [Code Root Purge: 0.0 ms]
   [Clear CT: 0.2 ms]
   [Other: 0.7 ms]
      [Choose CSet: 0.0 ms]
      [Ref Proc: 0.1 ms]
      [Ref Enq: 0.0 ms]
      [Redirty Cards: 0.1 ms]
      [Humongous Register: 0.0 ms]
      [Humongous Reclaim: 0.0 ms]
      [Free CSet: 0.3 ms]
   [Eden: 259.0M(259.0M)->0.0B(261.0M) Survivors: 36.0M->37.0M Heap: 1161.5M(2048.0M)->1163.5M(2048.0M)]
 [Times: user=1.13 sys=0.00, real=0.17 secs] 
2020-09-29T12:07:01.903+0200: 112.792: [GC pause (G1 Humongous Allocation) (young) (initial-mark), 0.0648968 secs]
   [Parallel Time: 64.1 ms, GC Workers: 8]
      [GC Worker Start (ms): Min: 112791.8, Avg: 112791.9, Max: 112791.9, Diff: 0.1]
      [Ext Root Scanning (ms): Min: 0.0, Avg: 2.6, Max: 19.7, Diff: 19.7, Sum: 20.5]
      [Update RS (ms): Min: 15.0, Avg: 32.0, Max: 34.7, Diff: 19.7, Sum: 255.9]
         [Processed Buffers: Min: 17, Avg: 37.9, Max: 43, Diff: 26, Sum: 303]
      [Scan RS (ms): Min: 2.1, Avg: 2.4, Max: 2.7, Diff: 0.6, Sum: 18.9]
      [Code Root Scanning (ms): Min: 0.0, Avg: 0.0, Max: 0.0, Diff: 0.0, Sum: 0.0]
      [Object Copy (ms): Min: 27.0, Avg: 27.0, Max: 27.1, Diff: 0.1, Sum: 216.4]
      [Termination (ms): Min: 0.0, Avg: 0.0, Max: 0.1, Diff: 0.0, Sum: 0.3]
         [Termination Attempts: Min: 1, Avg: 33.5, Max: 56, Diff: 55, Sum: 268]
      [GC Worker Other (ms): Min: 0.0, Avg: 0.0, Max: 0.0, Diff: 0.0, Sum: 0.1]
      [GC Worker Total (ms): Min: 63.9, Avg: 64.0, Max: 64.1, Diff: 0.1, Sum: 512.0]
      [GC Worker End (ms): Min: 112855.9, Avg: 112855.9, Max: 112855.9, Diff: 0.0]
   [Code Root Fixup: 0.0 ms]
   [Code Root Purge: 0.0 ms]
   [Clear CT: 0.1 ms]
   [Other: 0.7 ms]
      [Choose CSet: 0.0 ms]
      [Ref Proc: 0.2 ms]
      [Ref Enq: 0.0 ms]
      [Redirty Cards: 0.1 ms]
      [Humongous Register: 0.1 ms]
      [Humongous Reclaim: 0.0 ms]
      [Free CSet: 0.0 ms]
   [Eden: 2048.0K(261.0M)->0.0B(256.0M) Survivors: 37.0M->3072.0K Heap: 1165.0M(2048.0M)->1168.5M(2048.0M)]
 [Times: user=0.44 sys=0.02, real=0.06 secs] 
2020-09-29T12:07:01.968+0200: 112.857: [GC concurrent-root-region-scan-start]
2020-09-29T12:07:01.968+0200: 112.857: [GC concurrent-root-region-scan-end, 0.0002969 secs]
2020-09-29T12:07:01.968+0200: 112.857: [GC concurrent-mark-start]
2020-09-29T12:07:01.970+0200: 112.859: [GC concurrent-mark-end, 0.0022426 secs]
2020-09-29T12:07:01.971+0200: 112.859: [GC remark 2020-09-29T12:07:01.971+0200: 112.859: [Finalize Marking, 0.0001718 secs] 2020-09-29T12:07:01.971+0200: 112.860: [GC ref-proc, 0.0002708 secs] 2020-09-29T12:07:01.971+0200: 112.860: [Unloading, 0.0004226 secs], 0.0011422 secs]
 [Times: user=0.00 sys=0.00, real=0.00 secs] 
2020-09-29T12:07:01.972+0200: 112.861: [GC cleanup 1176M->19M(2048M), 0.0010177 secs]
 [Times: user=0.02 sys=0.00, real=0.00 secs] 
2020-09-29T12:07:01.973+0200: 112.862: [GC concurrent-cleanup-start]
2020-09-29T12:07:01.975+0200: 112.864: [GC concurrent-cleanup-end, 0.0021335 secs]
2020-09-29T12:07:02.111+0200: 113.000: [GC pause (G1 Evacuation Pause) (young), 0.1515474 secs]
   [Parallel Time: 150.5 ms, GC Workers: 8]
      [GC Worker Start (ms): Min: 112999.9, Avg: 112999.9, Max: 113000.0, Diff: 0.2]
      [Ext Root Scanning (ms): Min: 0.0, Avg: 0.1, Max: 0.2, Diff: 0.1, Sum: 0.6]
      [Update RS (ms): Min: 20.9, Avg: 21.1, Max: 21.6, Diff: 0.8, Sum: 168.6]
         [Processed Buffers: Min: 4, Avg: 18.1, Max: 22, Diff: 18, Sum: 145]
      [Scan RS (ms): Min: 14.7, Avg: 15.4, Max: 15.7, Diff: 1.0, Sum: 123.0]
      [Code Root Scanning (ms): Min: 0.0, Avg: 0.0, Max: 0.0, Diff: 0.0, Sum: 0.0]
      [Object Copy (ms): Min: 113.4, Avg: 113.6, Max: 113.7, Diff: 0.3, Sum: 908.7]
      [Termination (ms): Min: 0.0, Avg: 0.1, Max: 0.1, Diff: 0.1, Sum: 0.8]
         [Termination Attempts: Min: 1, Avg: 674.1, Max: 852, Diff: 851, Sum: 5393]
      [GC Worker Other (ms): Min: 0.0, Avg: 0.0, Max: 0.1, Diff: 0.1, Sum: 0.3]
      [GC Worker Total (ms): Min: 150.2, Avg: 150.2, Max: 150.4, Diff: 0.2, Sum: 1202.0]
      [GC Worker End (ms): Min: 113150.2, Avg: 113150.2, Max: 113150.2, Diff: 0.1]
   [Code Root Fixup: 0.0 ms]
   [Code Root Purge: 0.0 ms]
   [Clear CT: 0.2 ms]
   [Other: 0.9 ms]
      [Choose CSet: 0.0 ms]
      [Ref Proc: 0.1 ms]
      [Ref Enq: 0.0 ms]
      [Redirty Cards: 0.2 ms]
      [Humongous Register: 0.0 ms]
      [Humongous Reclaim: 0.0 ms]
      [Free CSet: 0.3 ms]
   [Eden: 256.0M(256.0M)->0.0B(239.0M) Survivors: 3072.0K->33.0M Heap: 311.9M(2048.0M)->310.4M(2048.0M)]
 [Times: user=1.14 sys=0.03, real=0.15 secs] 
2020-09-29T12:07:02.420+0200: 113.309: [GC pause (G1 Evacuation Pause) (young), 0.1511958 secs]
   [Parallel Time: 150.1 ms, GC Workers: 8]
      [GC Worker Start (ms): Min: 113309.2, Avg: 113309.3, Max: 113309.4, Diff: 0.2]
      [Ext Root Scanning (ms): Min: 0.0, Avg: 0.1, Max: 0.2, Diff: 0.2, Sum: 0.6]
      [Update RS (ms): Min: 16.9, Avg: 17.1, Max: 17.4, Diff: 0.4, Sum: 136.6]
         [Processed Buffers: Min: 13, Avg: 16.1, Max: 19, Diff: 6, Sum: 129]
      [Scan RS (ms): Min: 16.5, Avg: 17.0, Max: 17.4, Diff: 0.9, Sum: 135.6]
      [Code Root Scanning (ms): Min: 0.0, Avg: 0.0, Max: 0.0, Diff: 0.0, Sum: 0.0]
      [Object Copy (ms): Min: 115.3, Avg: 115.7, Max: 115.8, Diff: 0.5, Sum: 925.5]
      [Termination (ms): Min: 0.0, Avg: 0.0, Max: 0.0, Diff: 0.0, Sum: 0.1]
         [Termination Attempts: Min: 1, Avg: 39.3, Max: 49, Diff: 48, Sum: 314]
      [GC Worker Other (ms): Min: 0.0, Avg: 0.0, Max: 0.1, Diff: 0.1, Sum: 0.3]
      [GC Worker Total (ms): Min: 149.8, Avg: 149.8, Max: 150.0, Diff: 0.2, Sum: 1198.7]
      [GC Worker End (ms): Min: 113459.2, Avg: 113459.2, Max: 113459.2, Diff: 0.1]
   [Code Root Fixup: 0.0 ms]
   [Code Root Purge: 0.0 ms]
   [Clear CT: 0.2 ms]
   [Other: 1.0 ms]
      [Choose CSet: 0.0 ms]
      [Ref Proc: 0.2 ms]
      [Ref Enq: 0.0 ms]
      [Redirty Cards: 0.2 ms]
      [Humongous Register: 0.0 ms]
      [Humongous Reclaim: 0.0 ms]
      [Free CSet: 0.3 ms]
   [Eden: 239.0M(239.0M)->0.0B(248.0M) Survivors: 33.0M->34.0M Heap: 589.4M(2048.0M)->590.9M(2048.0M)]
 [Times: user=1.19 sys=0.02, real=0.15 secs] 
2020-09-29T12:07:02.720+0200: 113.609: [GC pause (G1 Evacuation Pause) (young), 0.1404311 secs]
   [Parallel Time: 139.3 ms, GC Workers: 8]
      [GC Worker Start (ms): Min: 113609.0, Avg: 113609.1, Max: 113609.1, Diff: 0.1]
      [Ext Root Scanning (ms): Min: 0.0, Avg: 0.1, Max: 0.1, Diff: 0.1, Sum: 0.6]
      [Update RS (ms): Min: 13.7, Avg: 14.0, Max: 14.3, Diff: 0.6, Sum: 111.7]
         [Processed Buffers: Min: 13, Avg: 15.3, Max: 16, Diff: 3, Sum: 122]
      [Scan RS (ms): Min: 12.7, Avg: 13.1, Max: 13.4, Diff: 0.6, Sum: 104.7]
      [Code Root Scanning (ms): Min: 0.0, Avg: 0.0, Max: 0.0, Diff: 0.0, Sum: 0.0]
      [Object Copy (ms): Min: 111.8, Avg: 111.8, Max: 111.9, Diff: 0.1, Sum: 894.7]
      [Termination (ms): Min: 0.0, Avg: 0.1, Max: 0.1, Diff: 0.1, Sum: 0.6]
         [Termination Attempts: Min: 1, Avg: 571.4, Max: 706, Diff: 705, Sum: 4571]
      [GC Worker Other (ms): Min: 0.0, Avg: 0.0, Max: 0.1, Diff: 0.1, Sum: 0.3]
      [GC Worker Total (ms): Min: 139.0, Avg: 139.1, Max: 139.1, Diff: 0.1, Sum: 1112.7]
      [GC Worker End (ms): Min: 113748.1, Avg: 113748.2, Max: 113748.2, Diff: 0.1]
   [Code Root Fixup: 0.0 ms]
   [Code Root Purge: 0.0 ms]
   [Clear CT: 0.2 ms]
   [Other: 1.0 ms]
      [Choose CSet: 0.0 ms]
      [Ref Proc: 0.2 ms]
      [Ref Enq: 0.0 ms]
      [Redirty Cards: 0.2 ms]
      [Humongous Register: 0.0 ms]
      [Humongous Reclaim: 0.0 ms]
      [Free CSet: 0.3 ms]
   [Eden: 248.0M(248.0M)->0.0B(266.0M) Survivors: 34.0M->36.0M Heap: 879.0M(2048.0M)->881.0M(2048.0M)]
 [Times: user=1.09 sys=0.00, real=0.14 secs] 
2020-09-29T12:07:03.030+0200: 113.919: [GC pause (G1 Evacuation Pause) (young), 0.1739747 secs]
   [Parallel Time: 172.7 ms, GC Workers: 8]
      [GC Worker Start (ms): Min: 113918.8, Avg: 113918.9, Max: 113918.9, Diff: 0.1]
      [Ext Root Scanning (ms): Min: 0.0, Avg: 0.1, Max: 0.2, Diff: 0.1, Sum: 0.6]
      [Update RS (ms): Min: 20.4, Avg: 20.5, Max: 20.6, Diff: 0.2, Sum: 164.0]
         [Processed Buffers: Min: 16, Avg: 19.0, Max: 24, Diff: 8, Sum: 152]
      [Scan RS (ms): Min: 18.3, Avg: 19.8, Max: 29.6, Diff: 11.3, Sum: 158.3]
      [Code Root Scanning (ms): Min: 0.0, Avg: 0.0, Max: 0.0, Diff: 0.0, Sum: 0.0]
      [Object Copy (ms): Min: 122.4, Avg: 132.1, Max: 133.5, Diff: 11.2, Sum: 1056.8]
      [Termination (ms): Min: 0.0, Avg: 0.1, Max: 0.1, Diff: 0.1, Sum: 0.5]
         [Termination Attempts: Min: 1, Avg: 442.4, Max: 549, Diff: 548, Sum: 3539]
      [GC Worker Other (ms): Min: 0.0, Avg: 0.0, Max: 0.1, Diff: 0.1, Sum: 0.3]
      [GC Worker Total (ms): Min: 172.5, Avg: 172.6, Max: 172.7, Diff: 0.1, Sum: 1380.6]
      [GC Worker End (ms): Min: 114091.4, Avg: 114091.5, Max: 114091.5, Diff: 0.0]
   [Code Root Fixup: 0.0 ms]
   [Code Root Purge: 0.0 ms]
   [Clear CT: 0.2 ms]
   [Other: 1.0 ms]
      [Choose CSet: 0.0 ms]
      [Ref Proc: 0.2 ms]
      [Ref Enq: 0.0 ms]
      [Redirty Cards: 0.3 ms]
      [Humongous Register: 0.0 ms]
      [Humongous Reclaim: 0.0 ms]
      [Free CSet: 0.3 ms]
   [Eden: 266.0M(266.0M)->0.0B(263.0M) Survivors: 36.0M->38.0M Heap: 1192.8M(2048.0M)->1195.3M(2048.0M)]
 [Times: user=1.22 sys=0.00, real=0.17 secs] 
2020-09-29T12:07:03.227+0200: 114.116: [GC pause (G1 Humongous Allocation) (young) (initial-mark), 0.0464846 secs]
   [Parallel Time: 45.4 ms, GC Workers: 8]
      [GC Worker Start (ms): Min: 114116.4, Avg: 114116.4, Max: 114116.5, Diff: 0.2]
      [Ext Root Scanning (ms): Min: 0.0, Avg: 1.6, Max: 10.4, Diff: 10.4, Sum: 12.9]
      [Update RS (ms): Min: 10.2, Avg: 19.0, Max: 20.6, Diff: 10.4, Sum: 152.1]
         [Processed Buffers: Min: 11, Avg: 21.3, Max: 25, Diff: 14, Sum: 170]
      [Scan RS (ms): Min: 2.0, Avg: 2.6, Max: 3.0, Diff: 0.9, Sum: 20.7]
      [Code Root Scanning (ms): Min: 0.0, Avg: 0.0, Max: 0.0, Diff: 0.0, Sum: 0.0]
      [Object Copy (ms): Min: 21.9, Avg: 22.0, Max: 22.0, Diff: 0.1, Sum: 175.6]
      [Termination (ms): Min: 0.0, Avg: 0.0, Max: 0.0, Diff: 0.0, Sum: 0.2]
         [Termination Attempts: Min: 1, Avg: 146.4, Max: 184, Diff: 183, Sum: 1171]
      [GC Worker Other (ms): Min: 0.0, Avg: 0.0, Max: 0.0, Diff: 0.0, Sum: 0.1]
      [GC Worker Total (ms): Min: 45.1, Avg: 45.2, Max: 45.3, Diff: 0.2, Sum: 361.7]
      [GC Worker End (ms): Min: 114161.6, Avg: 114161.6, Max: 114161.7, Diff: 0.0]
   [Code Root Fixup: 0.0 ms]
   [Code Root Purge: 0.0 ms]
   [Clear CT: 0.1 ms]
   [Other: 1.0 ms]
      [Choose CSet: 0.0 ms]
      [Ref Proc: 0.2 ms]
      [Ref Enq: 0.0 ms]
      [Redirty Cards: 0.4 ms]
      [Humongous Register: 0.1 ms]
      [Humongous Reclaim: 0.0 ms]
      [Free CSet: 0.1 ms]
   [Eden: 10.0M(263.0M)->0.0B(310.0M) Survivors: 38.0M->12.0M Heap: 1205.3M(2048.0M)->1208.8M(2048.0M)]
 [Times: user=0.36 sys=0.00, real=0.05 secs] 
2020-09-29T12:07:03.281+0200: 114.169: [GC concurrent-root-region-scan-start]
2020-09-29T12:07:03.283+0200: 114.171: [GC concurrent-root-region-scan-end, 0.0022205 secs]
2020-09-29T12:07:03.283+0200: 114.171: [GC concurrent-mark-start]
2020-09-29T12:07:03.286+0200: 114.175: [GC concurrent-mark-end, 0.0032369 secs]
2020-09-29T12:07:03.286+0200: 114.175: [GC remark 2020-09-29T12:07:03.287+0200: 114.175: [Finalize Marking, 0.0002824 secs] 2020-09-29T12:07:03.287+0200: 114.175: [GC ref-proc, 0.0003422 secs] 2020-09-29T12:07:03.287+0200: 114.176: [Unloading, 0.0005681 secs], 0.0016241 secs]
 [Times: user=0.00 sys=0.00, real=0.00 secs] 
2020-09-29T12:07:03.288+0200: 114.177: [GC cleanup 1219M->31M(2048M), 0.0011141 secs]
 [Times: user=0.00 sys=0.00, real=0.00 secs] 
2020-09-29T12:07:03.290+0200: 114.178: [GC concurrent-cleanup-start]
2020-09-29T12:07:03.292+0200: 114.180: [GC concurrent-cleanup-end, 0.0019485 secs]
2020-09-29T12:07:03.475+0200: 114.364: [GC pause (G1 Evacuation Pause) (young), 0.1565691 secs]
   [Parallel Time: 155.3 ms, GC Workers: 8]
      [GC Worker Start (ms): Min: 114364.2, Avg: 114364.4, Max: 114365.3, Diff: 1.1]
      [Ext Root Scanning (ms): Min: 0.0, Avg: 0.1, Max: 0.1, Diff: 0.1, Sum: 0.7]
      [Update RS (ms): Min: 18.7, Avg: 19.5, Max: 19.7, Diff: 1.0, Sum: 155.7]
         [Processed Buffers: Min: 17, Avg: 20.1, Max: 23, Diff: 6, Sum: 161]
      [Scan RS (ms): Min: 14.8, Avg: 15.0, Max: 15.1, Diff: 0.3, Sum: 120.1]
      [Code Root Scanning (ms): Min: 0.0, Avg: 0.0, Max: 0.0, Diff: 0.0, Sum: 0.0]
      [Object Copy (ms): Min: 120.3, Avg: 120.4, Max: 120.6, Diff: 0.2, Sum: 963.5]
      [Termination (ms): Min: 0.0, Avg: 0.0, Max: 0.0, Diff: 0.0, Sum: 0.3]
         [Termination Attempts: Min: 1, Avg: 275.1, Max: 342, Diff: 341, Sum: 2201]
      [GC Worker Other (ms): Min: 0.0, Avg: 0.0, Max: 0.1, Diff: 0.1, Sum: 0.3]
      [GC Worker Total (ms): Min: 154.1, Avg: 155.1, Max: 155.3, Diff: 1.1, Sum: 1240.5]
      [GC Worker End (ms): Min: 114519.4, Avg: 114519.4, Max: 114519.5, Diff: 0.1]
   [Code Root Fixup: 0.0 ms]
   [Code Root Purge: 0.0 ms]
   [Clear CT: 0.2 ms]
   [Other: 1.1 ms]
      [Choose CSet: 0.0 ms]
      [Ref Proc: 0.2 ms]
      [Ref Enq: 0.0 ms]
      [Redirty Cards: 0.2 ms]
      [Humongous Register: 0.1 ms]
      [Humongous Reclaim: 0.0 ms]
      [Free CSet: 0.3 ms]
   [Eden: 310.0M(310.0M)->0.0B(294.0M) Survivors: 12.0M->41.0M Heap: 383.9M(2048.0M)->373.4M(2048.0M)]
 [Times: user=1.25 sys=0.00, real=0.16 secs] 
2020-09-29T12:07:03.816+0200: 114.704: [GC pause (G1 Evacuation Pause) (young), 0.1814925 secs]
   [Parallel Time: 180.3 ms, GC Workers: 8]
      [GC Worker Start (ms): Min: 114704.6, Avg: 114704.8, Max: 114705.5, Diff: 0.9]
      [Ext Root Scanning (ms): Min: 0.0, Avg: 0.1, Max: 0.2, Diff: 0.2, Sum: 0.7]
      [Update RS (ms): Min: 19.9, Avg: 20.3, Max: 21.2, Diff: 1.3, Sum: 162.8]
         [Processed Buffers: Min: 17, Avg: 18.3, Max: 20, Diff: 3, Sum: 146]
      [Scan RS (ms): Min: 20.3, Avg: 21.1, Max: 21.7, Diff: 1.4, Sum: 168.7]
      [Code Root Scanning (ms): Min: 0.0, Avg: 0.0, Max: 0.0, Diff: 0.0, Sum: 0.0]
      [Object Copy (ms): Min: 138.3, Avg: 138.4, Max: 138.5, Diff: 0.2, Sum: 1106.9]
      [Termination (ms): Min: 0.0, Avg: 0.1, Max: 0.1, Diff: 0.1, Sum: 0.5]
         [Termination Attempts: Min: 1, Avg: 508.0, Max: 654, Diff: 653, Sum: 4064]
      [GC Worker Other (ms): Min: 0.0, Avg: 0.0, Max: 0.1, Diff: 0.1, Sum: 0.3]
      [GC Worker Total (ms): Min: 179.2, Avg: 180.0, Max: 180.2, Diff: 0.9, Sum: 1439.9]
      [GC Worker End (ms): Min: 114884.8, Avg: 114884.8, Max: 114884.8, Diff: 0.1]
   [Code Root Fixup: 0.0 ms]
   [Code Root Purge: 0.0 ms]
   [Clear CT: 0.2 ms]
   [Other: 1.1 ms]
      [Choose CSet: 0.0 ms]
      [Ref Proc: 0.2 ms]
      [Ref Enq: 0.0 ms]
      [Redirty Cards: 0.3 ms]
      [Humongous Register: 0.1 ms]
      [Humongous Reclaim: 0.0 ms]
      [Free CSet: 0.3 ms]
   [Eden: 294.0M(294.0M)->0.0B(281.0M) Survivors: 41.0M->42.0M Heap: 715.1M(2048.0M)->717.1M(2048.0M)]
 [Times: user=1.48 sys=0.00, real=0.18 secs] 
2020-09-29T12:07:04.163+0200: 115.052: [GC pause (G1 Evacuation Pause) (young), 0.1688995 secs]
   [Parallel Time: 167.8 ms, GC Workers: 8]
      [GC Worker Start (ms): Min: 115052.0, Avg: 115052.1, Max: 115052.2, Diff: 0.2]
      [Ext Root Scanning (ms): Min: 0.0, Avg: 0.1, Max: 0.2, Diff: 0.2, Sum: 0.5]
      [Update RS (ms): Min: 18.0, Avg: 18.1, Max: 18.8, Diff: 0.9, Sum: 145.0]
         [Processed Buffers: Min: 16, Avg: 17.6, Max: 21, Diff: 5, Sum: 141]
      [Scan RS (ms): Min: 18.0, Avg: 18.6, Max: 18.8, Diff: 0.8, Sum: 149.1]
      [Code Root Scanning (ms): Min: 0.0, Avg: 0.0, Max: 0.0, Diff: 0.0, Sum: 0.0]
      [Object Copy (ms): Min: 130.5, Avg: 130.6, Max: 130.7, Diff: 0.2, Sum: 1045.1]
      [Termination (ms): Min: 0.0, Avg: 0.0, Max: 0.0, Diff: 0.0, Sum: 0.2]
         [Termination Attempts: Min: 1, Avg: 187.3, Max: 249, Diff: 248, Sum: 1498]
      [GC Worker Other (ms): Min: 0.0, Avg: 0.0, Max: 0.1, Diff: 0.1, Sum: 0.3]
      [GC Worker Total (ms): Min: 167.4, Avg: 167.5, Max: 167.6, Diff: 0.2, Sum: 1340.2]
      [GC Worker End (ms): Min: 115219.6, Avg: 115219.6, Max: 115219.7, Diff: 0.1]
   [Code Root Fixup: 0.0 ms]
   [Code Root Purge: 0.0 ms]
   [Clear CT: 0.2 ms]
   [Other: 1.0 ms]
      [Choose CSet: 0.0 ms]
      [Ref Proc: 0.1 ms]
      [Ref Enq: 0.0 ms]
      [Redirty Cards: 0.2 ms]
      [Humongous Register: 0.0 ms]
      [Humongous Reclaim: 0.0 ms]
      [Free CSet: 0.3 ms]
   [Eden: 281.0M(281.0M)->0.0B(283.0M) Survivors: 42.0M->41.0M Heap: 1045.8M(2048.0M)->1047.8M(2048.0M)]
 [Times: user=1.20 sys=0.00, real=0.17 secs] 
2020-09-29T12:07:04.345+0200: 115.234: [GC pause (G1 Humongous Allocation) (young) (initial-mark), 0.0603303 secs]
   [Parallel Time: 58.3 ms, GC Workers: 8]
      [GC Worker Start (ms): Min: 115234.6, Avg: 115234.9, Max: 115235.1, Diff: 0.5]
      [Ext Root Scanning (ms): Min: 0.0, Avg: 1.3, Max: 2.8, Diff: 2.8, Sum: 10.5]
      [Update RS (ms): Min: 33.2, Avg: 34.5, Max: 34.9, Diff: 1.8, Sum: 276.0]
         [Processed Buffers: Min: 18, Avg: 34.6, Max: 43, Diff: 25, Sum: 277]
      [Scan RS (ms): Min: 2.3, Avg: 2.5, Max: 2.7, Diff: 0.4, Sum: 20.4]
      [Code Root Scanning (ms): Min: 0.0, Avg: 0.0, Max: 0.0, Diff: 0.0, Sum: 0.0]
      [Object Copy (ms): Min: 19.3, Avg: 19.3, Max: 19.4, Diff: 0.1, Sum: 154.6]
      [Termination (ms): Min: 0.0, Avg: 0.0, Max: 0.0, Diff: 0.0, Sum: 0.1]
         [Termination Attempts: Min: 1, Avg: 94.6, Max: 117, Diff: 116, Sum: 757]
      [GC Worker Other (ms): Min: 0.0, Avg: 0.1, Max: 1.0, Diff: 1.0, Sum: 1.2]
      [GC Worker Total (ms): Min: 57.7, Avg: 57.8, Max: 58.3, Diff: 0.6, Sum: 462.7]
      [GC Worker End (ms): Min: 115292.8, Avg: 115292.8, Max: 115292.8, Diff: 0.0]
   [Code Root Fixup: 0.0 ms]
   [Code Root Purge: 0.0 ms]
   [Clear CT: 0.3 ms]
   [Other: 1.7 ms]
      [Choose CSet: 0.0 ms]
      [Ref Proc: 0.1 ms]
      [Ref Enq: 0.0 ms]
      [Redirty Cards: 0.2 ms]
      [Humongous Register: 0.1 ms]
      [Humongous Reclaim: 0.0 ms]
      [Free CSet: 0.1 ms]
   [Eden: 8192.0K(283.0M)->0.0B(326.0M) Survivors: 41.0M->10.0M Heap: 1055.8M(2048.0M)->1059.8M(2048.0M)]
 [Times: user=0.45 sys=0.00, real=0.06 secs] 
2020-09-29T12:07:04.405+0200: 115.295: [GC concurrent-root-region-scan-start]
2020-09-29T12:07:04.408+0200: 115.298: [GC concurrent-root-region-scan-end, 0.0028680 secs]
2020-09-29T12:07:04.408+0200: 115.298: [GC concurrent-mark-start]
2020-09-29T12:07:04.411+0200: 115.301: [GC concurrent-mark-end, 0.0030399 secs]
2020-09-29T12:07:04.412+0200: 115.301: [GC remark 2020-09-29T12:07:04.412+0200: 115.301: [Finalize Marking, 0.0003911 secs] 2020-09-29T12:07:04.412+0200: 115.301: [GC ref-proc, 0.0003768 secs] 2020-09-29T12:07:04.412+0200: 115.302: [Unloading, 0.0006561 secs], 0.0032576 secs]
 [Times: user=0.00 sys=0.00, real=0.00 secs] 
2020-09-29T12:07:04.415+0200: 115.305: [GC cleanup 1072M->31M(2048M), 0.0018984 secs]
 [Times: user=0.00 sys=0.00, real=0.00 secs] 
2020-09-29T12:07:04.417+0200: 115.307: [GC concurrent-cleanup-start]
2020-09-29T12:07:04.420+0200: 115.310: [GC concurrent-cleanup-end, 0.0030275 secs]
2020-09-29T12:07:04.588+0200: 115.477: [GC pause (G1 Evacuation Pause) (young), 0.1607273 secs]
   [Parallel Time: 159.6 ms, GC Workers: 8]
      [GC Worker Start (ms): Min: 115476.6, Avg: 115476.7, Max: 115476.8, Diff: 0.2]
      [Ext Root Scanning (ms): Min: 0.0, Avg: 0.1, Max: 0.2, Diff: 0.2, Sum: 0.5]
      [Update RS (ms): Min: 12.9, Avg: 13.0, Max: 13.3, Diff: 0.4, Sum: 104.1]
         [Processed Buffers: Min: 13, Avg: 15.3, Max: 18, Diff: 5, Sum: 122]
      [Scan RS (ms): Min: 16.5, Avg: 16.7, Max: 16.9, Diff: 0.4, Sum: 133.9]
      [Code Root Scanning (ms): Min: 0.0, Avg: 0.0, Max: 0.0, Diff: 0.0, Sum: 0.0]
      [Object Copy (ms): Min: 129.3, Avg: 129.4, Max: 129.4, Diff: 0.1, Sum: 1035.1]
      [Termination (ms): Min: 0.0, Avg: 0.0, Max: 0.1, Diff: 0.1, Sum: 0.4]
         [Termination Attempts: Min: 1, Avg: 306.1, Max: 396, Diff: 395, Sum: 2449]
      [GC Worker Other (ms): Min: 0.0, Avg: 0.0, Max: 0.1, Diff: 0.1, Sum: 0.3]
      [GC Worker Total (ms): Min: 159.2, Avg: 159.3, Max: 159.4, Diff: 0.2, Sum: 1274.4]
      [GC Worker End (ms): Min: 115636.0, Avg: 115636.0, Max: 115636.1, Diff: 0.1]
   [Code Root Fixup: 0.0 ms]
   [Code Root Purge: 0.0 ms]
   [Clear CT: 0.2 ms]
   [Other: 1.0 ms]
      [Choose CSet: 0.0 ms]
      [Ref Proc: 0.2 ms]
      [Ref Enq: 0.0 ms]
      [Redirty Cards: 0.2 ms]
      [Humongous Register: 0.0 ms]
      [Humongous Reclaim: 0.0 ms]
      [Free CSet: 0.3 ms]
   [Eden: 326.0M(326.0M)->0.0B(305.0M) Survivors: 10.0M->42.0M Heap: 399.8M(2048.0M)->392.3M(2048.0M)]
 [Times: user=1.23 sys=0.00, real=0.16 secs] 
2020-09-29T12:07:04.921+0200: 115.809: [GC pause (G1 Evacuation Pause) (young), 0.1742737 secs]
   [Parallel Time: 173.3 ms, GC Workers: 8]
      [GC Worker Start (ms): Min: 115809.4, Avg: 115809.5, Max: 115809.6, Diff: 0.2]
      [Ext Root Scanning (ms): Min: 0.0, Avg: 0.1, Max: 0.2, Diff: 0.2, Sum: 0.5]
      [Update RS (ms): Min: 16.4, Avg: 16.5, Max: 16.6, Diff: 0.2, Sum: 131.7]
         [Processed Buffers: Min: 15, Avg: 18.6, Max: 21, Diff: 6, Sum: 149]
      [Scan RS (ms): Min: 18.1, Avg: 18.2, Max: 18.4, Diff: 0.3, Sum: 145.7]
      [Code Root Scanning (ms): Min: 0.0, Avg: 0.0, Max: 0.0, Diff: 0.0, Sum: 0.0]
      [Object Copy (ms): Min: 137.8, Avg: 138.1, Max: 138.2, Diff: 0.3, Sum: 1104.5]
      [Termination (ms): Min: 0.0, Avg: 0.2, Max: 0.2, Diff: 0.2, Sum: 1.2]
         [Termination Attempts: Min: 1, Avg: 1067.9, Max: 1327, Diff: 1326, Sum: 8543]
      [GC Worker Other (ms): Min: 0.0, Avg: 0.0, Max: 0.1, Diff: 0.1, Sum: 0.4]
      [GC Worker Total (ms): Min: 172.9, Avg: 173.0, Max: 173.1, Diff: 0.2, Sum: 1384.1]
      [GC Worker End (ms): Min: 115982.5, Avg: 115982.5, Max: 115982.5, Diff: 0.1]
   [Code Root Fixup: 0.0 ms]
   [Code Root Purge: 0.0 ms]
   [Clear CT: 0.2 ms]
   [Other: 0.8 ms]
      [Choose CSet: 0.0 ms]
      [Ref Proc: 0.1 ms]
      [Ref Enq: 0.0 ms]
      [Redirty Cards: 0.2 ms]
      [Humongous Register: 0.0 ms]
      [Humongous Reclaim: 0.0 ms]
      [Free CSet: 0.2 ms]
   [Eden: 305.0M(305.0M)->0.0B(300.0M) Survivors: 42.0M->44.0M Heap: 748.8M(2048.0M)->750.3M(2048.0M)]
 [Times: user=1.36 sys=0.00, real=0.17 secs] 
2020-09-29T12:07:05.265+0200: 116.154: [GC pause (G1 Evacuation Pause) (young), 0.1805981 secs]
   [Parallel Time: 178.7 ms, GC Workers: 8]
      [GC Worker Start (ms): Min: 116153.8, Avg: 116153.9, Max: 116154.0, Diff: 0.2]
      [Ext Root Scanning (ms): Min: 0.0, Avg: 0.1, Max: 0.2, Diff: 0.2, Sum: 0.4]
      [Update RS (ms): Min: 20.2, Avg: 20.4, Max: 20.7, Diff: 0.5, Sum: 162.9]
         [Processed Buffers: Min: 21, Avg: 22.8, Max: 27, Diff: 6, Sum: 182]
      [Scan RS (ms): Min: 16.7, Avg: 17.0, Max: 17.1, Diff: 0.4, Sum: 135.8]
      [Code Root Scanning (ms): Min: 0.0, Avg: 0.0, Max: 0.0, Diff: 0.0, Sum: 0.0]
      [Object Copy (ms): Min: 140.7, Avg: 140.8, Max: 141.0, Diff: 0.2, Sum: 1126.6]
      [Termination (ms): Min: 0.0, Avg: 0.2, Max: 0.3, Diff: 0.3, Sum: 1.3]
         [Termination Attempts: Min: 1, Avg: 1114.4, Max: 1612, Diff: 1611, Sum: 8915]
      [GC Worker Other (ms): Min: 0.0, Avg: 0.0, Max: 0.1, Diff: 0.1, Sum: 0.3]
      [GC Worker Total (ms): Min: 178.3, Avg: 178.4, Max: 178.6, Diff: 0.2, Sum: 1427.4]
      [GC Worker End (ms): Min: 116332.3, Avg: 116332.4, Max: 116332.4, Diff: 0.1]
   [Code Root Fixup: 0.0 ms]
   [Code Root Purge: 0.0 ms]
   [Clear CT: 0.2 ms]
   [Other: 1.7 ms]
      [Choose CSet: 0.0 ms]
      [Ref Proc: 0.2 ms]
      [Ref Enq: 0.0 ms]
      [Redirty Cards: 1.0 ms]
      [Humongous Register: 0.0 ms]
      [Humongous Reclaim: 0.0 ms]
      [Free CSet: 0.3 ms]
   [Eden: 300.0M(300.0M)->0.0B(296.0M) Survivors: 44.0M->43.0M Heap: 1099.9M(2048.0M)->1101.9M(2048.0M)]
 [Times: user=1.47 sys=0.03, real=0.18 secs] 
2020-09-29T12:07:05.464+0200: 116.353: [GC pause (G1 Humongous Allocation) (young) (initial-mark), 0.0515809 secs]
   [Parallel Time: 50.7 ms, GC Workers: 8]
      [GC Worker Start (ms): Min: 116353.0, Avg: 116353.1, Max: 116353.5, Diff: 0.5]
      [Ext Root Scanning (ms): Min: 0.0, Avg: 2.2, Max: 15.0, Diff: 15.0, Sum: 17.8]
      [Update RS (ms): Min: 12.5, Avg: 25.1, Max: 27.4, Diff: 14.9, Sum: 200.9]
         [Processed Buffers: Min: 15, Avg: 30.4, Max: 33, Diff: 18, Sum: 243]
      [Scan RS (ms): Min: 2.3, Avg: 2.7, Max: 3.1, Diff: 0.8, Sum: 21.9]
      [Code Root Scanning (ms): Min: 0.0, Avg: 0.0, Max: 0.0, Diff: 0.0, Sum: 0.0]
      [Object Copy (ms): Min: 20.2, Avg: 20.3, Max: 20.3, Diff: 0.1, Sum: 162.4]
      [Termination (ms): Min: 0.0, Avg: 0.0, Max: 0.0, Diff: 0.0, Sum: 0.2]
         [Termination Attempts: Min: 1, Avg: 127.6, Max: 162, Diff: 161, Sum: 1021]
      [GC Worker Other (ms): Min: 0.0, Avg: 0.0, Max: 0.0, Diff: 0.0, Sum: 0.2]
      [GC Worker Total (ms): Min: 50.0, Avg: 50.4, Max: 50.5, Diff: 0.5, Sum: 403.2]
      [GC Worker End (ms): Min: 116403.5, Avg: 116403.5, Max: 116403.5, Diff: 0.0]
   [Code Root Fixup: 0.0 ms]
   [Code Root Purge: 0.0 ms]
   [Clear CT: 0.2 ms]
   [Other: 0.7 ms]
      [Choose CSet: 0.0 ms]
      [Ref Proc: 0.2 ms]
      [Ref Enq: 0.0 ms]
      [Redirty Cards: 0.2 ms]
      [Humongous Register: 0.0 ms]
      [Humongous Reclaim: 0.0 ms]
      [Free CSet: 0.1 ms]
   [Eden: 8192.0K(296.0M)->0.0B(347.0M) Survivors: 43.0M->10.0M Heap: 1109.4M(2048.0M)->1113.9M(2048.0M)]
 [Times: user=0.36 sys=0.00, real=0.05 secs] 
2020-09-29T12:07:05.516+0200: 116.405: [GC concurrent-root-region-scan-start]
2020-09-29T12:07:05.518+0200: 116.407: [GC concurrent-root-region-scan-end, 0.0023239 secs]
2020-09-29T12:07:05.518+0200: 116.407: [GC concurrent-mark-start]
2020-09-29T12:07:05.521+0200: 116.410: [GC concurrent-mark-end, 0.0031204 secs]
2020-09-29T12:07:05.522+0200: 116.410: [GC remark 2020-09-29T12:07:05.522+0200: 116.410: [Finalize Marking, 0.0005225 secs] 2020-09-29T12:07:05.522+0200: 116.411: [GC ref-proc, 0.0002890 secs] 2020-09-29T12:07:05.522+0200: 116.411: [Unloading, 0.0004849 secs], 0.0017005 secs]
 [Times: user=0.00 sys=0.00, real=0.00 secs] 
2020-09-29T12:07:05.524+0200: 116.412: [GC cleanup 1125M->30M(2048M), 0.0012029 secs]
 [Times: user=0.00 sys=0.00, real=0.00 secs] 
2020-09-29T12:07:05.525+0200: 116.414: [GC concurrent-cleanup-start]
2020-09-29T12:07:05.527+0200: 116.416: [GC concurrent-cleanup-end, 0.0021059 secs]
2020-09-29T12:07:05.700+0200: 116.589: [GC pause (G1 Evacuation Pause) (young), 0.1699050 secs]
   [Parallel Time: 168.7 ms, GC Workers: 8]
      [GC Worker Start (ms): Min: 116589.0, Avg: 116589.1, Max: 116589.2, Diff: 0.2]
      [Ext Root Scanning (ms): Min: 0.0, Avg: 0.1, Max: 0.2, Diff: 0.2, Sum: 0.5]
      [Update RS (ms): Min: 13.7, Avg: 13.9, Max: 14.3, Diff: 0.6, Sum: 111.1]
         [Processed Buffers: Min: 16, Avg: 17.5, Max: 20, Diff: 4, Sum: 140]
      [Scan RS (ms): Min: 19.1, Avg: 19.4, Max: 19.5, Diff: 0.4, Sum: 155.2]
      [Code Root Scanning (ms): Min: 0.0, Avg: 0.0, Max: 0.0, Diff: 0.0, Sum: 0.0]
      [Object Copy (ms): Min: 134.9, Avg: 135.1, Max: 135.1, Diff: 0.2, Sum: 1080.5]
      [Termination (ms): Min: 0.0, Avg: 0.0, Max: 0.0, Diff: 0.0, Sum: 0.2]
         [Termination Attempts: Min: 1, Avg: 222.8, Max: 300, Diff: 299, Sum: 1782]
      [GC Worker Other (ms): Min: 0.0, Avg: 0.1, Max: 0.1, Diff: 0.1, Sum: 0.4]
      [GC Worker Total (ms): Min: 168.5, Avg: 168.5, Max: 168.6, Diff: 0.1, Sum: 1348.0]
      [GC Worker End (ms): Min: 116757.6, Avg: 116757.6, Max: 116757.6, Diff: 0.1]
   [Code Root Fixup: 0.0 ms]
   [Code Root Purge: 0.0 ms]
   [Clear CT: 0.2 ms]
   [Other: 1.0 ms]
      [Choose CSet: 0.0 ms]
      [Ref Proc: 0.1 ms]
      [Ref Enq: 0.0 ms]
      [Redirty Cards: 0.2 ms]
      [Humongous Register: 0.0 ms]
      [Humongous Reclaim: 0.0 ms]
      [Free CSet: 0.3 ms]
   [Eden: 347.0M(347.0M)->0.0B(318.0M) Survivors: 10.0M->45.0M Heap: 425.1M(2048.0M)->417.1M(2048.0M)]
 [Times: user=1.36 sys=0.02, real=0.17 secs] 
2020-09-29T12:07:06.049+0200: 116.938: [GC pause (G1 Evacuation Pause) (young), 0.1998017 secs]
   [Parallel Time: 198.4 ms, GC Workers: 8]
      [GC Worker Start (ms): Min: 116938.4, Avg: 116938.5, Max: 116938.6, Diff: 0.2]
      [Ext Root Scanning (ms): Min: 0.0, Avg: 0.0, Max: 0.2, Diff: 0.2, Sum: 0.4]
      [Update RS (ms): Min: 12.8, Avg: 13.0, Max: 13.3, Diff: 0.4, Sum: 104.0]
         [Processed Buffers: Min: 15, Avg: 16.9, Max: 20, Diff: 5, Sum: 135]
      [Scan RS (ms): Min: 19.0, Avg: 19.3, Max: 19.5, Diff: 0.5, Sum: 154.7]
      [Code Root Scanning (ms): Min: 0.0, Avg: 0.0, Max: 0.0, Diff: 0.0, Sum: 0.0]
      [Object Copy (ms): Min: 164.6, Avg: 165.0, Max: 165.8, Diff: 1.2, Sum: 1320.0]
      [Termination (ms): Min: 0.0, Avg: 0.8, Max: 1.1, Diff: 1.1, Sum: 6.5]
         [Termination Attempts: Min: 1, Avg: 5213.3, Max: 6899, Diff: 6898, Sum: 41706]
      [GC Worker Other (ms): Min: 0.0, Avg: 0.0, Max: 0.1, Diff: 0.1, Sum: 0.3]
      [GC Worker Total (ms): Min: 198.1, Avg: 198.2, Max: 198.4, Diff: 0.2, Sum: 1585.9]
      [GC Worker End (ms): Min: 117136.7, Avg: 117136.7, Max: 117136.7, Diff: 0.1]
   [Code Root Fixup: 0.0 ms]
   [Code Root Purge: 0.0 ms]
   [Clear CT: 0.5 ms]
   [Other: 0.9 ms]
      [Choose CSet: 0.0 ms]
      [Ref Proc: 0.2 ms]
      [Ref Enq: 0.0 ms]
      [Redirty Cards: 0.3 ms]
      [Humongous Register: 0.0 ms]
      [Humongous Reclaim: 0.0 ms]
      [Free CSet: 0.2 ms]
   [Eden: 318.0M(318.0M)->0.0B(291.0M) Survivors: 45.0M->46.0M Heap: 788.5M(2048.0M)->790.5M(2048.0M)]
 [Times: user=1.61 sys=0.00, real=0.20 secs] 
2020-09-29T12:07:06.411+0200: 117.300: [GC pause (G1 Evacuation Pause) (young), 0.1629917 secs]
   [Parallel Time: 161.9 ms, GC Workers: 8]
      [GC Worker Start (ms): Min: 117300.5, Avg: 117300.6, Max: 117300.6, Diff: 0.1]
      [Ext Root Scanning (ms): Min: 0.0, Avg: 0.1, Max: 0.1, Diff: 0.1, Sum: 0.6]
      [Update RS (ms): Min: 17.7, Avg: 17.9, Max: 18.6, Diff: 0.9, Sum: 143.3]
         [Processed Buffers: Min: 19, Avg: 20.6, Max: 23, Diff: 4, Sum: 165]
      [Scan RS (ms): Min: 14.9, Avg: 15.7, Max: 15.9, Diff: 1.0, Sum: 125.3]
      [Code Root Scanning (ms): Min: 0.0, Avg: 0.0, Max: 0.0, Diff: 0.0, Sum: 0.0]
      [Object Copy (ms): Min: 127.8, Avg: 127.9, Max: 128.1, Diff: 0.3, Sum: 1023.5]
      [Termination (ms): Min: 0.0, Avg: 0.1, Max: 0.1, Diff: 0.1, Sum: 0.5]
         [Termination Attempts: Min: 1, Avg: 398.1, Max: 503, Diff: 502, Sum: 3185]
      [GC Worker Other (ms): Min: 0.0, Avg: 0.0, Max: 0.1, Diff: 0.1, Sum: 0.4]
      [GC Worker Total (ms): Min: 161.6, Avg: 161.7, Max: 161.7, Diff: 0.1, Sum: 1293.6]
      [GC Worker End (ms): Min: 117462.2, Avg: 117462.3, Max: 117462.3, Diff: 0.1]
   [Code Root Fixup: 0.0 ms]
   [Code Root Purge: 0.0 ms]
   [Clear CT: 0.1 ms]
   [Other: 1.0 ms]
      [Choose CSet: 0.0 ms]
      [Ref Proc: 0.2 ms]
      [Ref Enq: 0.0 ms]
      [Redirty Cards: 0.2 ms]
      [Humongous Register: 0.0 ms]
      [Humongous Reclaim: 0.0 ms]
      [Free CSet: 0.3 ms]
   [Eden: 291.0M(291.0M)->0.0B(302.0M) Survivors: 46.0M->43.0M Heap: 1129.2M(2048.0M)->1131.2M(2048.0M)]
 [Times: user=1.25 sys=0.00, real=0.16 secs] 
2020-09-29T12:07:06.592+0200: 117.482: [GC pause (G1 Humongous Allocation) (young) (initial-mark), 0.0586666 secs]
   [Parallel Time: 57.7 ms, GC Workers: 8]
      [GC Worker Start (ms): Min: 117482.0, Avg: 117482.1, Max: 117482.2, Diff: 0.2]
      [Ext Root Scanning (ms): Min: 0.0, Avg: 4.3, Max: 16.7, Diff: 16.7, Sum: 34.6]
      [Update RS (ms): Min: 13.5, Avg: 26.2, Max: 31.3, Diff: 17.8, Sum: 209.3]
         [Processed Buffers: Min: 16, Avg: 31.3, Max: 37, Diff: 21, Sum: 250]
      [Scan RS (ms): Min: 2.2, Avg: 3.1, Max: 3.4, Diff: 1.2, Sum: 24.8]
      [Code Root Scanning (ms): Min: 0.0, Avg: 0.0, Max: 0.0, Diff: 0.0, Sum: 0.0]
      [Object Copy (ms): Min: 23.8, Avg: 23.9, Max: 23.9, Diff: 0.1, Sum: 191.2]
      [Termination (ms): Min: 0.0, Avg: 0.1, Max: 0.1, Diff: 0.1, Sum: 0.6]
         [Termination Attempts: Min: 1, Avg: 566.5, Max: 721, Diff: 720, Sum: 4532]
      [GC Worker Other (ms): Min: 0.0, Avg: 0.0, Max: 0.0, Diff: 0.0, Sum: 0.2]
      [GC Worker Total (ms): Min: 57.5, Avg: 57.6, Max: 57.7, Diff: 0.2, Sum: 460.8]
      [GC Worker End (ms): Min: 117539.7, Avg: 117539.7, Max: 117539.7, Diff: 0.0]
   [Code Root Fixup: 0.0 ms]
   [Code Root Purge: 0.0 ms]
   [Clear CT: 0.2 ms]
   [Other: 0.8 ms]
      [Choose CSet: 0.0 ms]
      [Ref Proc: 0.2 ms]
      [Ref Enq: 0.0 ms]
      [Redirty Cards: 0.2 ms]
      [Humongous Register: 0.1 ms]
      [Humongous Reclaim: 0.0 ms]
      [Free CSet: 0.1 ms]
   [Eden: 6144.0K(302.0M)->0.0B(326.0M) Survivors: 43.0M->8192.0K Heap: 1136.7M(2048.0M)->1141.7M(2048.0M)]
 [Times: user=0.47 sys=0.00, real=0.06 secs] 
2020-09-29T12:07:06.651+0200: 117.541: [GC concurrent-root-region-scan-start]
2020-09-29T12:07:06.652+0200: 117.542: [GC concurrent-root-region-scan-end, 0.0010974 secs]
2020-09-29T12:07:06.652+0200: 117.542: [GC concurrent-mark-start]
2020-09-29T12:07:06.655+0200: 117.544: [GC concurrent-mark-end, 0.0024935 secs]
2020-09-29T12:07:06.655+0200: 117.544: [GC remark 2020-09-29T12:07:06.655+0200: 117.544: [Finalize Marking, 0.0002543 secs] 2020-09-29T12:07:06.655+0200: 117.545: [GC ref-proc, 0.0002897 secs] 2020-09-29T12:07:06.656+0200: 117.545: [Unloading, 0.0004264 secs], 0.0012721 secs]
 [Times: user=0.00 sys=0.00, real=0.00 secs] 
2020-09-29T12:07:06.657+0200: 117.546: [GC cleanup 1150M->25M(2048M), 0.0013192 secs]
 [Times: user=0.00 sys=0.00, real=0.00 secs] 
2020-09-29T12:07:06.658+0200: 117.547: [GC concurrent-cleanup-start]
2020-09-29T12:07:06.660+0200: 117.549: [GC concurrent-cleanup-end, 0.0015163 secs]
2020-09-29T12:07:06.824+0200: 117.714: [GC pause (G1 Evacuation Pause) (young), 0.1598087 secs]
   [Parallel Time: 158.7 ms, GC Workers: 8]
      [GC Worker Start (ms): Min: 117713.7, Avg: 117713.8, Max: 117713.9, Diff: 0.2]
      [Ext Root Scanning (ms): Min: 0.0, Avg: 0.1, Max: 0.2, Diff: 0.2, Sum: 0.4]
      [Update RS (ms): Min: 15.3, Avg: 15.5, Max: 16.0, Diff: 0.7, Sum: 123.6]
         [Processed Buffers: Min: 17, Avg: 19.0, Max: 22, Diff: 5, Sum: 152]
      [Scan RS (ms): Min: 14.8, Avg: 15.3, Max: 15.5, Diff: 0.7, Sum: 122.7]
      [Code Root Scanning (ms): Min: 0.0, Avg: 0.0, Max: 0.0, Diff: 0.0, Sum: 0.0]
      [Object Copy (ms): Min: 127.4, Avg: 127.5, Max: 127.5, Diff: 0.1, Sum: 1019.7]
      [Termination (ms): Min: 0.0, Avg: 0.1, Max: 0.1, Diff: 0.1, Sum: 0.6]
         [Termination Attempts: Min: 1, Avg: 491.9, Max: 609, Diff: 608, Sum: 3935]
      [GC Worker Other (ms): Min: 0.0, Avg: 0.0, Max: 0.1, Diff: 0.1, Sum: 0.4]
      [GC Worker Total (ms): Min: 158.3, Avg: 158.4, Max: 158.6, Diff: 0.2, Sum: 1267.4]
      [GC Worker End (ms): Min: 117872.2, Avg: 117872.2, Max: 117872.3, Diff: 0.1]
   [Code Root Fixup: 0.0 ms]
   [Code Root Purge: 0.0 ms]
   [Clear CT: 0.2 ms]
   [Other: 1.0 ms]
      [Choose CSet: 0.0 ms]
      [Ref Proc: 0.2 ms]
      [Ref Enq: 0.0 ms]
      [Redirty Cards: 0.2 ms]
      [Humongous Register: 0.0 ms]
      [Humongous Reclaim: 0.0 ms]
      [Free CSet: 0.3 ms]
   [Eden: 326.0M(326.0M)->0.0B(309.0M) Survivors: 8192.0K->42.0M Heap: 398.3M(2048.0M)->391.8M(2048.0M)]
 [Times: user=1.25 sys=0.00, real=0.16 secs] 
2020-09-29T12:07:07.152+0200: 118.042: [GC pause (G1 Evacuation Pause) (young), 0.1683333 secs]
   [Parallel Time: 167.2 ms, GC Workers: 8]
      [GC Worker Start (ms): Min: 118041.7, Avg: 118041.8, Max: 118041.9, Diff: 0.2]
      [Ext Root Scanning (ms): Min: 0.0, Avg: 0.1, Max: 0.2, Diff: 0.2, Sum: 0.5]
      [Update RS (ms): Min: 16.3, Avg: 16.5, Max: 16.7, Diff: 0.5, Sum: 131.7]
         [Processed Buffers: Min: 17, Avg: 19.3, Max: 22, Diff: 5, Sum: 154]
      [Scan RS (ms): Min: 17.6, Avg: 17.8, Max: 18.0, Diff: 0.5, Sum: 142.6]
      [Code Root Scanning (ms): Min: 0.0, Avg: 0.0, Max: 0.0, Diff: 0.0, Sum: 0.0]
      [Object Copy (ms): Min: 132.5, Avg: 132.6, Max: 132.7, Diff: 0.1, Sum: 1061.0]
      [Termination (ms): Min: 0.0, Avg: 0.0, Max: 0.0, Diff: 0.0, Sum: 0.1]
         [Termination Attempts: Min: 1, Avg: 131.1, Max: 193, Diff: 192, Sum: 1049]
      [GC Worker Other (ms): Min: 0.0, Avg: 0.0, Max: 0.1, Diff: 0.0, Sum: 0.2]
      [GC Worker Total (ms): Min: 167.0, Avg: 167.0, Max: 167.1, Diff: 0.2, Sum: 1336.2]
      [GC Worker End (ms): Min: 118208.8, Avg: 118208.9, Max: 118208.9, Diff: 0.0]
   [Code Root Fixup: 0.0 ms]
   [Code Root Purge: 0.0 ms]
   [Clear CT: 0.2 ms]
   [Other: 0.9 ms]
      [Choose CSet: 0.0 ms]
      [Ref Proc: 0.2 ms]
      [Ref Enq: 0.0 ms]
      [Redirty Cards: 0.2 ms]
      [Humongous Register: 0.0 ms]
      [Humongous Reclaim: 0.0 ms]
      [Free CSet: 0.2 ms]
   [Eden: 309.0M(309.0M)->0.0B(309.0M) Survivors: 42.0M->44.0M Heap: 752.3M(2048.0M)->754.3M(2048.0M)]
 [Times: user=1.38 sys=0.00, real=0.17 secs] 
2020-09-29T12:07:07.476+0200: 118.366: [GC pause (G1 Evacuation Pause) (young), 0.2141992 secs]
   [Parallel Time: 212.9 ms, GC Workers: 8]
      [GC Worker Start (ms): Min: 118365.8, Avg: 118365.8, Max: 118366.0, Diff: 0.3]
      [Ext Root Scanning (ms): Min: 0.0, Avg: 0.1, Max: 0.1, Diff: 0.1, Sum: 0.6]
      [Update RS (ms): Min: 18.8, Avg: 19.0, Max: 19.4, Diff: 0.6, Sum: 152.3]
         [Processed Buffers: Min: 19, Avg: 21.1, Max: 23, Diff: 4, Sum: 169]
      [Scan RS (ms): Min: 17.6, Avg: 18.0, Max: 18.3, Diff: 0.7, Sum: 144.1]
      [Code Root Scanning (ms): Min: 0.0, Avg: 0.0, Max: 0.0, Diff: 0.0, Sum: 0.0]
      [Object Copy (ms): Min: 175.0, Avg: 175.3, Max: 175.5, Diff: 0.5, Sum: 1402.5]
      [Termination (ms): Min: 0.0, Avg: 0.2, Max: 0.4, Diff: 0.4, Sum: 1.9]
         [Termination Attempts: Min: 1, Avg: 1658.1, Max: 2318, Diff: 2317, Sum: 13265]
      [GC Worker Other (ms): Min: 0.0, Avg: 0.0, Max: 0.1, Diff: 0.0, Sum: 0.2]
      [GC Worker Total (ms): Min: 212.5, Avg: 212.7, Max: 212.8, Diff: 0.3, Sum: 1701.8]
      [GC Worker End (ms): Min: 118578.5, Avg: 118578.6, Max: 118578.6, Diff: 0.0]
   [Code Root Fixup: 0.0 ms]
   [Code Root Purge: 0.0 ms]
   [Clear CT: 0.4 ms]
   [Other: 0.9 ms]
      [Choose CSet: 0.0 ms]
      [Ref Proc: 0.1 ms]
      [Ref Enq: 0.0 ms]
      [Redirty Cards: 0.2 ms]
      [Humongous Register: 0.1 ms]
      [Humongous Reclaim: 0.0 ms]
      [Free CSet: 0.4 ms]
   [Eden: 309.0M(309.0M)->0.0B(273.0M) Survivors: 44.0M->45.0M Heap: 1114.8M(2048.0M)->1117.3M(2048.0M)]
 [Times: user=1.55 sys=0.00, real=0.21 secs] 
2020-09-29T12:07:07.703+0200: 118.592: [GC pause (G1 Humongous Allocation) (young) (initial-mark), 0.0652576 secs]
   [Parallel Time: 64.3 ms, GC Workers: 8]
      [GC Worker Start (ms): Min: 118592.7, Avg: 118592.7, Max: 118592.8, Diff: 0.2]
      [Ext Root Scanning (ms): Min: 0.0, Avg: 0.2, Max: 0.4, Diff: 0.4, Sum: 1.5]
      [Update RS (ms): Min: 39.2, Avg: 39.5, Max: 40.1, Diff: 0.9, Sum: 316.3]
         [Processed Buffers: Min: 42, Avg: 43.9, Max: 46, Diff: 4, Sum: 351]
      [Scan RS (ms): Min: 2.7, Avg: 3.1, Max: 3.4, Diff: 0.7, Sum: 25.0]
      [Code Root Scanning (ms): Min: 0.0, Avg: 0.0, Max: 0.0, Diff: 0.0, Sum: 0.0]
      [Object Copy (ms): Min: 21.2, Avg: 21.3, Max: 21.3, Diff: 0.1, Sum: 170.3]
      [Termination (ms): Min: 0.0, Avg: 0.0, Max: 0.0, Diff: 0.0, Sum: 0.1]
         [Termination Attempts: Min: 1, Avg: 46.3, Max: 59, Diff: 58, Sum: 370]
      [GC Worker Other (ms): Min: 0.0, Avg: 0.0, Max: 0.0, Diff: 0.0, Sum: 0.2]
      [GC Worker Total (ms): Min: 64.0, Avg: 64.2, Max: 64.2, Diff: 0.2, Sum: 513.3]
      [GC Worker End (ms): Min: 118656.9, Avg: 118656.9, Max: 118656.9, Diff: 0.0]
   [Code Root Fixup: 0.0 ms]
   [Code Root Purge: 0.0 ms]
   [Clear CT: 0.1 ms]
   [Other: 0.8 ms]
      [Choose CSet: 0.0 ms]
      [Ref Proc: 0.2 ms]
      [Ref Enq: 0.0 ms]
      [Redirty Cards: 0.2 ms]
      [Humongous Register: 0.1 ms]
      [Humongous Reclaim: 0.0 ms]
      [Free CSet: 0.1 ms]
   [Eden: 6144.0K(273.0M)->0.0B(312.0M) Survivors: 45.0M->8192.0K Heap: 1123.3M(2048.0M)->1126.8M(2048.0M)]
 [Times: user=0.47 sys=0.00, real=0.07 secs] 
2020-09-29T12:07:07.777+0200: 118.666: [GC concurrent-root-region-scan-start]
2020-09-29T12:07:07.779+0200: 118.668: [GC concurrent-root-region-scan-end, 0.0020024 secs]
2020-09-29T12:07:07.779+0200: 118.668: [GC concurrent-mark-start]
2020-09-29T12:07:07.782+0200: 118.671: [GC concurrent-mark-end, 0.0030596 secs]
2020-09-29T12:07:07.782+0200: 118.671: [GC remark 2020-09-29T12:07:07.782+0200: 118.671: [Finalize Marking, 0.0002720 secs] 2020-09-29T12:07:07.782+0200: 118.671: [GC ref-proc, 0.0003201 secs] 2020-09-29T12:07:07.783+0200: 118.672: [Unloading, 0.0005824 secs], 0.0018185 secs]
 [Times: user=0.00 sys=0.00, real=0.00 secs] 
2020-09-29T12:07:07.784+0200: 118.673: [GC cleanup 1137M->27M(2048M), 0.0017399 secs]
 [Times: user=0.13 sys=0.00, real=0.00 secs] 
2020-09-29T12:07:07.786+0200: 118.675: [GC concurrent-cleanup-start]
2020-09-29T12:07:07.788+0200: 118.677: [GC concurrent-cleanup-end, 0.0021453 secs]
2020-09-29T12:07:07.968+0200: 118.857: [GC pause (G1 Evacuation Pause) (young), 0.1653970 secs]
   [Parallel Time: 164.3 ms, GC Workers: 8]
      [GC Worker Start (ms): Min: 118856.6, Avg: 118856.7, Max: 118856.8, Diff: 0.2]
      [Ext Root Scanning (ms): Min: 0.0, Avg: 0.1, Max: 0.2, Diff: 0.2, Sum: 0.6]
      [Update RS (ms): Min: 19.4, Avg: 19.6, Max: 20.2, Diff: 0.7, Sum: 157.0]
         [Processed Buffers: Min: 19, Avg: 20.5, Max: 22, Diff: 3, Sum: 164]
      [Scan RS (ms): Min: 13.3, Avg: 14.0, Max: 14.8, Diff: 1.5, Sum: 112.0]
      [Code Root Scanning (ms): Min: 0.0, Avg: 0.0, Max: 0.0, Diff: 0.0, Sum: 0.0]
      [Object Copy (ms): Min: 129.6, Avg: 130.3, Max: 130.5, Diff: 0.9, Sum: 1042.5]
      [Termination (ms): Min: 0.0, Avg: 0.0, Max: 0.1, Diff: 0.1, Sum: 0.3]
         [Termination Attempts: Min: 1, Avg: 276.3, Max: 384, Diff: 383, Sum: 2210]
      [GC Worker Other (ms): Min: 0.0, Avg: 0.0, Max: 0.1, Diff: 0.1, Sum: 0.3]
      [GC Worker Total (ms): Min: 164.1, Avg: 164.1, Max: 164.2, Diff: 0.1, Sum: 1312.9]
      [GC Worker End (ms): Min: 119020.8, Avg: 119020.8, Max: 119020.9, Diff: 0.1]
   [Code Root Fixup: 0.0 ms]
   [Code Root Purge: 0.0 ms]
   [Clear CT: 0.2 ms]
   [Other: 0.9 ms]
      [Choose CSet: 0.0 ms]
      [Ref Proc: 0.2 ms]
      [Ref Enq: 0.0 ms]
      [Redirty Cards: 0.2 ms]
      [Humongous Register: 0.0 ms]
      [Humongous Reclaim: 0.0 ms]
      [Free CSet: 0.2 ms]
   [Eden: 312.0M(312.0M)->0.0B(293.0M) Survivors: 8192.0K->40.0M Heap: 382.4M(2048.0M)->376.4M(2048.0M)]
 [Times: user=1.38 sys=0.00, real=0.16 secs] 
2020-09-29T12:07:08.304+0200: 119.193: [GC pause (G1 Evacuation Pause) (young), 0.1723379 secs]
   [Parallel Time: 170.9 ms, GC Workers: 8]
      [GC Worker Start (ms): Min: 119193.5, Avg: 119193.6, Max: 119193.7, Diff: 0.2]
      [Ext Root Scanning (ms): Min: 0.0, Avg: 0.1, Max: 0.2, Diff: 0.2, Sum: 0.5]
      [Update RS (ms): Min: 23.0, Avg: 23.3, Max: 23.6, Diff: 0.6, Sum: 186.2]
         [Processed Buffers: Min: 21, Avg: 21.8, Max: 23, Diff: 2, Sum: 174]
      [Scan RS (ms): Min: 15.2, Avg: 15.6, Max: 15.9, Diff: 0.7, Sum: 124.5]
      [Code Root Scanning (ms): Min: 0.0, Avg: 0.0, Max: 0.0, Diff: 0.0, Sum: 0.0]
      [Object Copy (ms): Min: 131.5, Avg: 131.7, Max: 131.8, Diff: 0.2, Sum: 1053.5]
      [Termination (ms): Min: 0.0, Avg: 0.1, Max: 0.1, Diff: 0.1, Sum: 0.4]
         [Termination Attempts: Min: 1, Avg: 141.6, Max: 213, Diff: 212, Sum: 1133]
      [GC Worker Other (ms): Min: 0.0, Avg: 0.0, Max: 0.0, Diff: 0.0, Sum: 0.1]
      [GC Worker Total (ms): Min: 170.6, Avg: 170.7, Max: 170.8, Diff: 0.2, Sum: 1365.2]
      [GC Worker End (ms): Min: 119364.3, Avg: 119364.3, Max: 119364.3, Diff: 0.0]
   [Code Root Fixup: 0.0 ms]
   [Code Root Purge: 0.0 ms]
   [Clear CT: 0.2 ms]
   [Other: 1.2 ms]
      [Choose CSet: 0.0 ms]
      [Ref Proc: 0.1 ms]
      [Ref Enq: 0.0 ms]
      [Redirty Cards: 0.4 ms]
      [Humongous Register: 0.0 ms]
      [Humongous Reclaim: 0.0 ms]
      [Free CSet: 0.3 ms]
   [Eden: 293.0M(293.0M)->0.0B(290.0M) Survivors: 40.0M->42.0M Heap: 717.1M(2048.0M)->719.6M(2048.0M)]
 [Times: user=1.33 sys=0.02, real=0.17 secs] 
2020-09-29T12:07:08.643+0200: 119.532: [GC pause (G1 Evacuation Pause) (young), 0.1820522 secs]
   [Parallel Time: 179.7 ms, GC Workers: 8]
      [GC Worker Start (ms): Min: 119532.3, Avg: 119532.4, Max: 119532.5, Diff: 0.2]
      [Ext Root Scanning (ms): Min: 0.0, Avg: 0.1, Max: 0.2, Diff: 0.2, Sum: 0.5]
      [Update RS (ms): Min: 21.5, Avg: 21.6, Max: 22.1, Diff: 0.6, Sum: 173.1]
         [Processed Buffers: Min: 21, Avg: 22.9, Max: 25, Diff: 4, Sum: 183]
      [Scan RS (ms): Min: 18.2, Avg: 18.8, Max: 19.8, Diff: 1.6, Sum: 150.6]
      [Code Root Scanning (ms): Min: 0.0, Avg: 0.0, Max: 0.0, Diff: 0.0, Sum: 0.0]
      [Object Copy (ms): Min: 137.8, Avg: 138.8, Max: 138.9, Diff: 1.2, Sum: 1110.1]
      [Termination (ms): Min: 0.0, Avg: 0.1, Max: 0.1, Diff: 0.1, Sum: 0.5]
         [Termination Attempts: Min: 1, Avg: 453.9, Max: 540, Diff: 539, Sum: 3631]
      [GC Worker Other (ms): Min: 0.0, Avg: 0.0, Max: 0.1, Diff: 0.1, Sum: 0.4]
      [GC Worker Total (ms): Min: 179.3, Avg: 179.4, Max: 179.5, Diff: 0.2, Sum: 1435.3]
      [GC Worker End (ms): Min: 119711.8, Avg: 119711.8, Max: 119711.8, Diff: 0.1]
   [Code Root Fixup: 0.0 ms]
   [Code Root Purge: 0.0 ms]
   [Clear CT: 0.2 ms]
   [Other: 2.2 ms]
      [Choose CSet: 0.0 ms]
      [Ref Proc: 1.1 ms]
      [Ref Enq: 0.0 ms]
      [Redirty Cards: 0.4 ms]
      [Humongous Register: 0.0 ms]
      [Humongous Reclaim: 0.0 ms]
      [Free CSet: 0.3 ms]
   [Eden: 290.0M(290.0M)->0.0B(280.0M) Survivors: 42.0M->42.0M Heap: 1059.2M(2048.0M)->1060.7M(2048.0M)]
 [Times: user=1.47 sys=0.02, real=0.18 secs] 
2020-09-29T12:07:08.840+0200: 119.729: [GC pause (G1 Humongous Allocation) (young) (initial-mark), 0.0546956 secs]
   [Parallel Time: 53.8 ms, GC Workers: 8]
      [GC Worker Start (ms): Min: 119729.0, Avg: 119729.0, Max: 119729.1, Diff: 0.1]
      [Ext Root Scanning (ms): Min: 0.0, Avg: 0.1, Max: 0.1, Diff: 0.1, Sum: 0.7]
      [Update RS (ms): Min: 29.9, Avg: 30.0, Max: 30.2, Diff: 0.3, Sum: 240.2]
         [Processed Buffers: Min: 31, Avg: 34.9, Max: 37, Diff: 6, Sum: 279]
      [Scan RS (ms): Min: 2.6, Avg: 2.8, Max: 2.9, Diff: 0.3, Sum: 22.1]
      [Code Root Scanning (ms): Min: 0.0, Avg: 0.0, Max: 0.0, Diff: 0.0, Sum: 0.0]
      [Object Copy (ms): Min: 20.7, Avg: 20.8, Max: 20.8, Diff: 0.1, Sum: 166.1]
      [Termination (ms): Min: 0.0, Avg: 0.0, Max: 0.0, Diff: 0.0, Sum: 0.0]
         [Termination Attempts: Min: 1, Avg: 14.0, Max: 19, Diff: 18, Sum: 112]
      [GC Worker Other (ms): Min: 0.0, Avg: 0.0, Max: 0.0, Diff: 0.0, Sum: 0.1]
      [GC Worker Total (ms): Min: 53.6, Avg: 53.7, Max: 53.7, Diff: 0.1, Sum: 429.3]
      [GC Worker End (ms): Min: 119782.7, Avg: 119782.7, Max: 119782.7, Diff: 0.0]
   [Code Root Fixup: 0.0 ms]
   [Code Root Purge: 0.0 ms]
   [Clear CT: 0.2 ms]
   [Other: 0.7 ms]
      [Choose CSet: 0.0 ms]
      [Ref Proc: 0.1 ms]
      [Ref Enq: 0.0 ms]
      [Redirty Cards: 0.1 ms]
      [Humongous Register: 0.1 ms]
      [Humongous Reclaim: 0.0 ms]
      [Free CSet: 0.1 ms]
   [Eden: 10.0M(280.0M)->0.0B(329.0M) Survivors: 42.0M->11.0M Heap: 1070.2M(2048.0M)->1073.2M(2048.0M)]
 [Times: user=0.39 sys=0.00, real=0.06 secs] 
2020-09-29T12:07:08.895+0200: 119.784: [GC concurrent-root-region-scan-start]
2020-09-29T12:07:08.898+0200: 119.787: [GC concurrent-root-region-scan-end, 0.0031357 secs]
2020-09-29T12:07:08.898+0200: 119.787: [GC concurrent-mark-start]
2020-09-29T12:07:08.901+0200: 119.790: [GC concurrent-mark-end, 0.0033777 secs]
2020-09-29T12:07:08.901+0200: 119.790: [GC remark 2020-09-29T12:07:08.901+0200: 119.790: [Finalize Marking, 0.0002707 secs] 2020-09-29T12:07:08.902+0200: 119.791: [GC ref-proc, 0.0004100 secs] 2020-09-29T12:07:08.902+0200: 119.791: [Unloading, 0.0004950 secs], 0.0015298 secs]
 [Times: user=0.00 sys=0.00, real=0.00 secs] 
2020-09-29T12:07:08.903+0200: 119.792: [GC cleanup 1086M->32M(2048M), 0.0017803 secs]
 [Times: user=0.00 sys=0.00, real=0.00 secs] 
2020-09-29T12:07:08.905+0200: 119.794: [GC concurrent-cleanup-start]
2020-09-29T12:07:08.909+0200: 119.798: [GC concurrent-cleanup-end, 0.0035152 secs]
2020-09-29T12:07:09.093+0200: 119.982: [GC pause (G1 Evacuation Pause) (young), 0.1670109 secs]
   [Parallel Time: 165.8 ms, GC Workers: 8]
      [GC Worker Start (ms): Min: 119982.4, Avg: 119982.5, Max: 119982.6, Diff: 0.1]
      [Ext Root Scanning (ms): Min: 0.0, Avg: 0.1, Max: 0.2, Diff: 0.1, Sum: 0.6]
      [Update RS (ms): Min: 16.9, Avg: 17.1, Max: 17.5, Diff: 0.7, Sum: 136.9]
         [Processed Buffers: Min: 10, Avg: 16.4, Max: 20, Diff: 10, Sum: 131]
      [Scan RS (ms): Min: 15.3, Avg: 15.8, Max: 16.1, Diff: 0.8, Sum: 126.5]
      [Code Root Scanning (ms): Min: 0.0, Avg: 0.0, Max: 0.0, Diff: 0.0, Sum: 0.0]
      [Object Copy (ms): Min: 132.3, Avg: 132.5, Max: 132.6, Diff: 0.2, Sum: 1059.6]
      [Termination (ms): Min: 0.0, Avg: 0.1, Max: 0.1, Diff: 0.1, Sum: 0.9]
         [Termination Attempts: Min: 1, Avg: 798.3, Max: 1012, Diff: 1011, Sum: 6386]
      [GC Worker Other (ms): Min: 0.0, Avg: 0.0, Max: 0.1, Diff: 0.0, Sum: 0.3]
      [GC Worker Total (ms): Min: 165.5, Avg: 165.6, Max: 165.7, Diff: 0.2, Sum: 1324.8]
      [GC Worker End (ms): Min: 120148.1, Avg: 120148.1, Max: 120148.2, Diff: 0.0]
   [Code Root Fixup: 0.0 ms]
   [Code Root Purge: 0.0 ms]
   [Clear CT: 0.2 ms]
   [Other: 1.0 ms]
      [Choose CSet: 0.0 ms]
      [Ref Proc: 0.2 ms]
      [Ref Enq: 0.0 ms]
      [Redirty Cards: 0.2 ms]
      [Humongous Register: 0.0 ms]
      [Humongous Reclaim: 0.0 ms]
      [Free CSet: 0.3 ms]
   [Eden: 329.0M(329.0M)->0.0B(304.0M) Survivors: 11.0M->43.0M Heap: 403.8M(2048.0M)->395.3M(2048.0M)]
 [Times: user=1.33 sys=0.02, real=0.17 secs] 
2020-09-29T12:07:09.426+0200: 120.315: [GC pause (G1 Evacuation Pause) (young), 0.1718926 secs]
   [Parallel Time: 170.7 ms, GC Workers: 8]
      [GC Worker Start (ms): Min: 120314.9, Avg: 120315.0, Max: 120315.0, Diff: 0.1]
      [Ext Root Scanning (ms): Min: 0.0, Avg: 0.1, Max: 0.1, Diff: 0.1, Sum: 0.6]
      [Update RS (ms): Min: 19.2, Avg: 19.3, Max: 19.5, Diff: 0.3, Sum: 154.1]
         [Processed Buffers: Min: 22, Avg: 23.8, Max: 25, Diff: 3, Sum: 190]
      [Scan RS (ms): Min: 14.7, Avg: 15.0, Max: 15.2, Diff: 0.5, Sum: 119.9]
      [Code Root Scanning (ms): Min: 0.0, Avg: 0.0, Max: 0.0, Diff: 0.0, Sum: 0.0]
      [Object Copy (ms): Min: 136.0, Avg: 136.1, Max: 136.2, Diff: 0.2, Sum: 1089.1]
      [Termination (ms): Min: 0.0, Avg: 0.1, Max: 0.2, Diff: 0.2, Sum: 0.8]
         [Termination Attempts: Min: 1, Avg: 206.8, Max: 293, Diff: 292, Sum: 1654]
      [GC Worker Other (ms): Min: 0.0, Avg: 0.0, Max: 0.0, Diff: 0.0, Sum: 0.1]
      [GC Worker Total (ms): Min: 170.5, Avg: 170.6, Max: 170.7, Diff: 0.1, Sum: 1364.7]
      [GC Worker End (ms): Min: 120485.5, Avg: 120485.6, Max: 120485.6, Diff: 0.1]
   [Code Root Fixup: 0.0 ms]
   [Code Root Purge: 0.0 ms]
   [Clear CT: 0.2 ms]
   [Other: 1.0 ms]
      [Choose CSet: 0.0 ms]
      [Ref Proc: 0.2 ms]
      [Ref Enq: 0.0 ms]
      [Redirty Cards: 0.3 ms]
      [Humongous Register: 0.0 ms]
      [Humongous Reclaim: 0.0 ms]
      [Free CSet: 0.3 ms]
   [Eden: 304.0M(304.0M)->0.0B(305.0M) Survivors: 43.0M->44.0M Heap: 750.8M(2048.0M)->752.3M(2048.0M)]
 [Times: user=1.36 sys=0.00, real=0.17 secs] 
2020-09-29T12:07:09.781+0200: 120.669: [GC pause (G1 Evacuation Pause) (young), 0.2098403 secs]
   [Parallel Time: 208.7 ms, GC Workers: 8]
      [GC Worker Start (ms): Min: 120669.5, Avg: 120669.6, Max: 120669.7, Diff: 0.2]
      [Ext Root Scanning (ms): Min: 0.0, Avg: 0.1, Max: 0.2, Diff: 0.1, Sum: 0.6]
      [Update RS (ms): Min: 21.9, Avg: 22.2, Max: 22.5, Diff: 0.6, Sum: 177.6]
         [Processed Buffers: Min: 19, Avg: 21.6, Max: 25, Diff: 6, Sum: 173]
      [Scan RS (ms): Min: 16.6, Avg: 16.9, Max: 17.3, Diff: 0.7, Sum: 135.5]
      [Code Root Scanning (ms): Min: 0.0, Avg: 0.0, Max: 0.0, Diff: 0.0, Sum: 0.0]
      [Object Copy (ms): Min: 168.5, Avg: 169.0, Max: 169.2, Diff: 0.7, Sum: 1351.9]
      [Termination (ms): Min: 0.0, Avg: 0.2, Max: 0.2, Diff: 0.2, Sum: 1.6]
         [Termination Attempts: Min: 1, Avg: 1428.1, Max: 1786, Diff: 1785, Sum: 11425]
      [GC Worker Other (ms): Min: 0.0, Avg: 0.0, Max: 0.1, Diff: 0.1, Sum: 0.4]
      [GC Worker Total (ms): Min: 208.4, Avg: 208.4, Max: 208.5, Diff: 0.2, Sum: 1667.5]
      [GC Worker End (ms): Min: 120878.0, Avg: 120878.0, Max: 120878.1, Diff: 0.1]
   [Code Root Fixup: 0.0 ms]
   [Code Root Purge: 0.0 ms]
   [Clear CT: 0.2 ms]
   [Other: 1.0 ms]
      [Choose CSet: 0.0 ms]
      [Ref Proc: 0.1 ms]
      [Ref Enq: 0.0 ms]
      [Redirty Cards: 0.3 ms]
      [Humongous Register: 0.1 ms]
      [Humongous Reclaim: 0.0 ms]
      [Free CSet: 0.3 ms]
   [Eden: 305.0M(305.0M)->0.0B(272.0M) Survivors: 44.0M->44.0M Heap: 1106.9M(2048.0M)->1108.4M(2048.0M)]
 [Times: user=1.56 sys=0.01, real=0.21 secs] 
2020-09-29T12:07:09.991+0200: 120.880: [GC pause (G1 Humongous Allocation) (young) (initial-mark), 0.0768968 secs]
   [Parallel Time: 76.0 ms, GC Workers: 8]
      [GC Worker Start (ms): Min: 120880.1, Avg: 120880.2, Max: 120880.3, Diff: 0.2]
      [Ext Root Scanning (ms): Min: 0.0, Avg: 0.2, Max: 0.4, Diff: 0.3, Sum: 1.3]
      [Update RS (ms): Min: 51.9, Avg: 52.4, Max: 52.7, Diff: 0.7, Sum: 418.9]
         [Processed Buffers: Min: 57, Avg: 59.1, Max: 63, Diff: 6, Sum: 473]
      [Scan RS (ms): Min: 0.0, Avg: 0.0, Max: 0.1, Diff: 0.1, Sum: 0.2]
      [Code Root Scanning (ms): Min: 0.0, Avg: 0.0, Max: 0.0, Diff: 0.0, Sum: 0.0]
      [Object Copy (ms): Min: 23.0, Avg: 23.2, Max: 23.4, Diff: 0.5, Sum: 185.9]
      [Termination (ms): Min: 0.0, Avg: 0.0, Max: 0.1, Diff: 0.1, Sum: 0.3]
         [Termination Attempts: Min: 1, Avg: 65.0, Max: 112, Diff: 111, Sum: 520]
      [GC Worker Other (ms): Min: 0.0, Avg: 0.0, Max: 0.0, Diff: 0.0, Sum: 0.1]
      [GC Worker Total (ms): Min: 75.7, Avg: 75.8, Max: 75.9, Diff: 0.2, Sum: 606.7]
      [GC Worker End (ms): Min: 120956.0, Avg: 120956.0, Max: 120956.0, Diff: 0.0]
   [Code Root Fixup: 0.0 ms]
   [Code Root Purge: 0.0 ms]
   [Clear CT: 0.2 ms]
   [Other: 0.7 ms]
      [Choose CSet: 0.0 ms]
      [Ref Proc: 0.1 ms]
      [Ref Enq: 0.0 ms]
      [Redirty Cards: 0.2 ms]
      [Humongous Register: 0.1 ms]
      [Humongous Reclaim: 0.0 ms]
      [Free CSet: 0.1 ms]
   [Eden: 1024.0K(272.0M)->0.0B(290.0M) Survivors: 44.0M->2048.0K Heap: 1108.9M(2048.0M)->1112.4M(2048.0M)]
 [Times: user=0.59 sys=0.00, real=0.08 secs] 
2020-09-29T12:07:10.068+0200: 120.957: [GC concurrent-root-region-scan-start]
2020-09-29T12:07:10.068+0200: 120.957: [GC concurrent-root-region-scan-end, 0.0004516 secs]
2020-09-29T12:07:10.068+0200: 120.957: [GC concurrent-mark-start]
2020-09-29T12:07:10.072+0200: 120.961: [GC concurrent-mark-end, 0.0037429 secs]
2020-09-29T12:07:10.072+0200: 120.961: [GC remark 2020-09-29T12:07:10.072+0200: 120.962: [Finalize Marking, 0.0002796 secs] 2020-09-29T12:07:10.073+0200: 120.962: [GC ref-proc, 0.0004320 secs] 2020-09-29T12:07:10.073+0200: 120.962: [Unloading, 0.0006361 secs], 0.0017760 secs]
 [Times: user=0.00 sys=0.00, real=0.00 secs] 
2020-09-29T12:07:10.075+0200: 120.964: [GC cleanup 1122M->20M(2048M), 0.0018361 secs]
 [Times: user=0.00 sys=0.00, real=0.00 secs] 
2020-09-29T12:07:10.077+0200: 120.966: [GC concurrent-cleanup-start]
2020-09-29T12:07:10.079+0200: 120.968: [GC concurrent-cleanup-end, 0.0027789 secs]
2020-09-29T12:07:10.251+0200: 121.140: [GC pause (G1 Evacuation Pause) (young), 0.1616717 secs]
   [Parallel Time: 160.6 ms, GC Workers: 8]
      [GC Worker Start (ms): Min: 121140.2, Avg: 121140.3, Max: 121140.3, Diff: 0.1]
      [Ext Root Scanning (ms): Min: 0.0, Avg: 0.1, Max: 0.1, Diff: 0.1, Sum: 0.7]
      [Update RS (ms): Min: 17.4, Avg: 17.5, Max: 17.9, Diff: 0.5, Sum: 140.2]
         [Processed Buffers: Min: 14, Avg: 17.1, Max: 20, Diff: 6, Sum: 137]
      [Scan RS (ms): Min: 14.5, Avg: 14.9, Max: 15.1, Diff: 0.6, Sum: 119.2]
      [Code Root Scanning (ms): Min: 0.0, Avg: 0.0, Max: 0.0, Diff: 0.0, Sum: 0.0]
      [Object Copy (ms): Min: 127.8, Avg: 127.9, Max: 128.0, Diff: 0.1, Sum: 1023.2]
      [Termination (ms): Min: 0.0, Avg: 0.0, Max: 0.0, Diff: 0.0, Sum: 0.2]
         [Termination Attempts: Min: 1, Avg: 136.0, Max: 175, Diff: 174, Sum: 1088]
      [GC Worker Other (ms): Min: 0.0, Avg: 0.0, Max: 0.1, Diff: 0.1, Sum: 0.4]
      [GC Worker Total (ms): Min: 160.4, Avg: 160.5, Max: 160.6, Diff: 0.2, Sum: 1283.9]
      [GC Worker End (ms): Min: 121300.7, Avg: 121300.7, Max: 121300.8, Diff: 0.1]
   [Code Root Fixup: 0.0 ms]
   [Code Root Purge: 0.0 ms]
   [Clear CT: 0.2 ms]
   [Other: 0.8 ms]
      [Choose CSet: 0.0 ms]
      [Ref Proc: 0.1 ms]
      [Ref Enq: 0.0 ms]
      [Redirty Cards: 0.2 ms]
      [Humongous Register: 0.0 ms]
      [Humongous Reclaim: 0.0 ms]
      [Free CSet: 0.3 ms]
   [Eden: 290.0M(290.0M)->0.0B(260.0M) Survivors: 2048.0K->37.0M Heap: 350.1M(2048.0M)->350.6M(2048.0M)]
 [Times: user=1.22 sys=0.00, real=0.16 secs] 
2020-09-29T12:07:10.570+0200: 121.459: [GC pause (G1 Evacuation Pause) (young), 0.1768972 secs]
   [Parallel Time: 175.4 ms, GC Workers: 8]
      [GC Worker Start (ms): Min: 121459.4, Avg: 121459.5, Max: 121459.8, Diff: 0.4]
      [Ext Root Scanning (ms): Min: 0.0, Avg: 0.1, Max: 0.2, Diff: 0.2, Sum: 0.7]
      [Update RS (ms): Min: 21.5, Avg: 21.8, Max: 22.1, Diff: 0.5, Sum: 174.5]
         [Processed Buffers: Min: 16, Avg: 20.9, Max: 24, Diff: 8, Sum: 167]
      [Scan RS (ms): Min: 13.3, Avg: 13.6, Max: 14.0, Diff: 0.7, Sum: 108.9]
      [Code Root Scanning (ms): Min: 0.0, Avg: 0.0, Max: 0.0, Diff: 0.0, Sum: 0.0]
      [Object Copy (ms): Min: 139.3, Avg: 139.5, Max: 139.6, Diff: 0.3, Sum: 1115.9]
      [Termination (ms): Min: 0.0, Avg: 0.1, Max: 0.2, Diff: 0.2, Sum: 1.0]
         [Termination Attempts: Min: 1, Avg: 893.4, Max: 1117, Diff: 1116, Sum: 7147]
      [GC Worker Other (ms): Min: 0.0, Avg: 0.0, Max: 0.1, Diff: 0.1, Sum: 0.3]
      [GC Worker Total (ms): Min: 174.8, Avg: 175.2, Max: 175.3, Diff: 0.4, Sum: 1401.4]
      [GC Worker End (ms): Min: 121634.7, Avg: 121634.7, Max: 121634.7, Diff: 0.0]
   [Code Root Fixup: 0.0 ms]
   [Code Root Purge: 0.0 ms]
   [Clear CT: 0.2 ms]
   [Other: 1.3 ms]
      [Choose CSet: 0.0 ms]
      [Ref Proc: 0.2 ms]
      [Ref Enq: 0.0 ms]
      [Redirty Cards: 0.3 ms]
      [Humongous Register: 0.1 ms]
      [Humongous Reclaim: 0.0 ms]
      [Free CSet: 0.5 ms]
   [Eden: 260.0M(260.0M)->0.0B(252.0M) Survivors: 37.0M->38.0M Heap: 654.5M(2048.0M)->656.0M(2048.0M)]
 [Times: user=1.25 sys=0.00, real=0.18 secs] 
2020-09-29T12:07:10.949+0200: 121.838: [GC pause (G1 Evacuation Pause) (young), 0.1549332 secs]
   [Parallel Time: 153.8 ms, GC Workers: 8]
      [GC Worker Start (ms): Min: 121837.6, Avg: 121837.7, Max: 121838.1, Diff: 0.5]
      [Ext Root Scanning (ms): Min: 0.0, Avg: 0.1, Max: 0.1, Diff: 0.1, Sum: 0.6]
      [Update RS (ms): Min: 13.7, Avg: 14.1, Max: 14.3, Diff: 0.6, Sum: 112.7]
         [Processed Buffers: Min: 15, Avg: 16.1, Max: 17, Diff: 2, Sum: 129]
      [Scan RS (ms): Min: 13.8, Avg: 14.1, Max: 14.4, Diff: 0.5, Sum: 113.0]
      [Code Root Scanning (ms): Min: 0.0, Avg: 0.0, Max: 0.0, Diff: 0.0, Sum: 0.0]
      [Object Copy (ms): Min: 124.9, Avg: 125.1, Max: 125.3, Diff: 0.5, Sum: 1000.7]
      [Termination (ms): Min: 0.0, Avg: 0.1, Max: 0.2, Diff: 0.2, Sum: 1.1]
         [Termination Attempts: Min: 1, Avg: 926.3, Max: 1173, Diff: 1172, Sum: 7410]
      [GC Worker Other (ms): Min: 0.0, Avg: 0.0, Max: 0.1, Diff: 0.0, Sum: 0.2]
      [GC Worker Total (ms): Min: 153.2, Avg: 153.5, Max: 153.7, Diff: 0.5, Sum: 1228.3]
      [GC Worker End (ms): Min: 121991.3, Avg: 121991.3, Max: 121991.3, Diff: 0.0]
   [Code Root Fixup: 0.0 ms]
   [Code Root Purge: 0.0 ms]
   [Clear CT: 0.2 ms]
   [Other: 1.0 ms]
      [Choose CSet: 0.0 ms]
      [Ref Proc: 0.2 ms]
      [Ref Enq: 0.0 ms]
      [Redirty Cards: 0.2 ms]
      [Humongous Register: 0.0 ms]
      [Humongous Reclaim: 0.0 ms]
      [Free CSet: 0.3 ms]
   [Eden: 252.0M(252.0M)->0.0B(266.0M) Survivors: 38.0M->37.0M Heap: 949.9M(2048.0M)->952.9M(2048.0M)]
 [Times: user=1.06 sys=0.00, real=0.16 secs] 
2020-09-29T12:07:11.126+0200: 122.015: [GC pause (G1 Humongous Allocation) (young) (initial-mark), 0.0533176 secs]
   [Parallel Time: 52.4 ms, GC Workers: 8]
      [GC Worker Start (ms): Min: 122014.9, Avg: 122015.1, Max: 122015.2, Diff: 0.3]
      [Ext Root Scanning (ms): Min: 0.0, Avg: 0.3, Max: 0.4, Diff: 0.4, Sum: 2.3]
      [Update RS (ms): Min: 24.3, Avg: 25.2, Max: 25.7, Diff: 1.4, Sum: 201.9]
         [Processed Buffers: Min: 22, Avg: 25.4, Max: 29, Diff: 7, Sum: 203]
      [Scan RS (ms): Min: 2.6, Avg: 2.9, Max: 3.0, Diff: 0.5, Sum: 23.0]
      [Code Root Scanning (ms): Min: 0.0, Avg: 0.0, Max: 0.0, Diff: 0.0, Sum: 0.0]
      [Object Copy (ms): Min: 23.4, Avg: 23.7, Max: 24.9, Diff: 1.4, Sum: 189.3]
      [Termination (ms): Min: 0.0, Avg: 0.0, Max: 0.1, Diff: 0.0, Sum: 0.3]
         [Termination Attempts: Min: 1, Avg: 176.4, Max: 273, Diff: 272, Sum: 1411]
      [GC Worker Other (ms): Min: 0.0, Avg: 0.0, Max: 0.0, Diff: 0.0, Sum: 0.1]
      [GC Worker Total (ms): Min: 52.0, Avg: 52.1, Max: 52.3, Diff: 0.3, Sum: 416.9]
      [GC Worker End (ms): Min: 122067.2, Avg: 122067.2, Max: 122067.2, Diff: 0.0]
   [Code Root Fixup: 0.0 ms]
   [Code Root Purge: 0.0 ms]
   [Clear CT: 0.1 ms]
   [Other: 0.8 ms]
      [Choose CSet: 0.0 ms]
      [Ref Proc: 0.2 ms]
      [Ref Enq: 0.0 ms]
      [Redirty Cards: 0.1 ms]
      [Humongous Register: 0.1 ms]
      [Humongous Reclaim: 0.0 ms]
      [Free CSet: 0.1 ms]
   [Eden: 11.0M(266.0M)->0.0B(298.0M) Survivors: 37.0M->13.0M Heap: 963.9M(2048.0M)->966.9M(2048.0M)]
 [Times: user=0.47 sys=0.00, real=0.05 secs] 
2020-09-29T12:07:11.179+0200: 122.068: [GC concurrent-root-region-scan-start]
2020-09-29T12:07:11.183+0200: 122.072: [GC concurrent-root-region-scan-end, 0.0037664 secs]
2020-09-29T12:07:11.183+0200: 122.072: [GC concurrent-mark-start]
2020-09-29T12:07:11.186+0200: 122.075: [GC concurrent-mark-end, 0.0030622 secs]
2020-09-29T12:07:11.186+0200: 122.075: [GC remark 2020-09-29T12:07:11.186+0200: 122.075: [Finalize Marking, 0.0004118 secs] 2020-09-29T12:07:11.187+0200: 122.076: [GC ref-proc, 0.0004114 secs] 2020-09-29T12:07:11.187+0200: 122.076: [Unloading, 0.0005478 secs], 0.0017849 secs]
 [Times: user=0.00 sys=0.00, real=0.00 secs] 
2020-09-29T12:07:11.188+0200: 122.077: [GC cleanup 982M->36M(2048M), 0.0013772 secs]
 [Times: user=0.00 sys=0.00, real=0.00 secs] 
2020-09-29T12:07:11.190+0200: 122.079: [GC concurrent-cleanup-start]
2020-09-29T12:07:11.191+0200: 122.080: [GC concurrent-cleanup-end, 0.0013818 secs]
2020-09-29T12:07:11.376+0200: 122.265: [GC pause (G1 Evacuation Pause) (young), 0.1638897 secs]
   [Parallel Time: 162.6 ms, GC Workers: 8]
      [GC Worker Start (ms): Min: 122265.0, Avg: 122265.0, Max: 122265.1, Diff: 0.1]
      [Ext Root Scanning (ms): Min: 0.0, Avg: 0.1, Max: 0.1, Diff: 0.1, Sum: 0.6]
      [Update RS (ms): Min: 15.6, Avg: 15.7, Max: 15.9, Diff: 0.3, Sum: 125.7]
         [Processed Buffers: Min: 16, Avg: 18.0, Max: 20, Diff: 4, Sum: 144]
      [Scan RS (ms): Min: 15.1, Avg: 15.5, Max: 17.3, Diff: 2.3, Sum: 123.9]
      [Code Root Scanning (ms): Min: 0.0, Avg: 0.0, Max: 0.0, Diff: 0.0, Sum: 0.0]
      [Object Copy (ms): Min: 129.3, Avg: 131.0, Max: 131.4, Diff: 2.1, Sum: 1048.1]
      [Termination (ms): Min: 0.0, Avg: 0.1, Max: 0.1, Diff: 0.1, Sum: 0.7]
         [Termination Attempts: Min: 1, Avg: 637.0, Max: 886, Diff: 885, Sum: 5096]
      [GC Worker Other (ms): Min: 0.0, Avg: 0.0, Max: 0.1, Diff: 0.1, Sum: 0.3]
      [GC Worker Total (ms): Min: 162.4, Avg: 162.4, Max: 162.5, Diff: 0.1, Sum: 1299.4]
      [GC Worker End (ms): Min: 122427.4, Avg: 122427.4, Max: 122427.5, Diff: 0.1]
   [Code Root Fixup: 0.0 ms]
   [Code Root Purge: 0.0 ms]
   [Clear CT: 0.3 ms]
   [Other: 1.0 ms]
      [Choose CSet: 0.0 ms]
      [Ref Proc: 0.2 ms]
      [Ref Enq: 0.0 ms]
      [Redirty Cards: 0.2 ms]
      [Humongous Register: 0.0 ms]
      [Humongous Reclaim: 0.0 ms]
      [Free CSet: 0.3 ms]
   [Eden: 298.0M(298.0M)->0.0B(283.0M) Survivors: 13.0M->39.0M Heap: 371.0M(2048.0M)->361.0M(2048.0M)]
 [Times: user=1.33 sys=0.00, real=0.16 secs] 
2020-09-29T12:07:11.728+0200: 122.617: [GC pause (G1 Evacuation Pause) (young), 0.1925890 secs]
   [Parallel Time: 191.4 ms, GC Workers: 8]
      [GC Worker Start (ms): Min: 122616.6, Avg: 122617.2, Max: 122620.4, Diff: 3.7]
      [Ext Root Scanning (ms): Min: 0.0, Avg: 0.1, Max: 0.1, Diff: 0.1, Sum: 0.6]
      [Update RS (ms): Min: 13.1, Avg: 16.4, Max: 17.2, Diff: 4.1, Sum: 131.2]
         [Processed Buffers: Min: 13, Avg: 15.4, Max: 17, Diff: 4, Sum: 123]
      [Scan RS (ms): Min: 17.5, Avg: 17.9, Max: 18.2, Diff: 0.7, Sum: 143.1]
      [Code Root Scanning (ms): Min: 0.0, Avg: 0.0, Max: 0.0, Diff: 0.0, Sum: 0.0]
      [Object Copy (ms): Min: 156.2, Avg: 156.3, Max: 156.4, Diff: 0.2, Sum: 1250.4]
      [Termination (ms): Min: 0.0, Avg: 0.1, Max: 0.1, Diff: 0.1, Sum: 0.5]
         [Termination Attempts: Min: 1, Avg: 104.6, Max: 160, Diff: 159, Sum: 837]
      [GC Worker Other (ms): Min: 0.0, Avg: 0.0, Max: 0.0, Diff: 0.0, Sum: 0.1]
      [GC Worker Total (ms): Min: 187.5, Avg: 190.7, Max: 191.3, Diff: 3.7, Sum: 1525.9]
      [GC Worker End (ms): Min: 122807.9, Avg: 122807.9, Max: 122807.9, Diff: 0.0]
   [Code Root Fixup: 0.0 ms]
   [Code Root Purge: 0.0 ms]
   [Clear CT: 0.2 ms]
   [Other: 1.0 ms]
      [Choose CSet: 0.0 ms]
      [Ref Proc: 0.2 ms]
      [Ref Enq: 0.0 ms]
      [Redirty Cards: 0.3 ms]
      [Humongous Register: 0.1 ms]
      [Humongous Reclaim: 0.0 ms]
      [Free CSet: 0.3 ms]
   [Eden: 283.0M(283.0M)->0.0B(265.0M) Survivors: 39.0M->41.0M Heap: 689.8M(2048.0M)->691.8M(2048.0M)]
 [Times: user=1.25 sys=0.02, real=0.19 secs] 
2020-09-29T12:07:12.094+0200: 122.983: [GC pause (G1 Evacuation Pause) (young), 0.1660877 secs]
   [Parallel Time: 165.0 ms, GC Workers: 8]
      [GC Worker Start (ms): Min: 122983.0, Avg: 122983.5, Max: 122986.9, Diff: 3.9]
      [Ext Root Scanning (ms): Min: 0.0, Avg: 0.1, Max: 0.1, Diff: 0.1, Sum: 0.7]
      [Update RS (ms): Min: 16.0, Avg: 19.5, Max: 20.3, Diff: 4.3, Sum: 155.9]
         [Processed Buffers: Min: 19, Avg: 20.1, Max: 22, Diff: 3, Sum: 161]
      [Scan RS (ms): Min: 14.5, Avg: 14.8, Max: 15.2, Diff: 0.6, Sum: 118.3]
      [Code Root Scanning (ms): Min: 0.0, Avg: 0.0, Max: 0.0, Diff: 0.0, Sum: 0.0]
      [Object Copy (ms): Min: 129.5, Avg: 129.9, Max: 130.0, Diff: 0.4, Sum: 1039.2]
      [Termination (ms): Min: 0.0, Avg: 0.0, Max: 0.0, Diff: 0.0, Sum: 0.1]
         [Termination Attempts: Min: 1, Avg: 58.8, Max: 77, Diff: 76, Sum: 470]
      [GC Worker Other (ms): Min: 0.0, Avg: 0.0, Max: 0.0, Diff: 0.0, Sum: 0.2]
      [GC Worker Total (ms): Min: 160.9, Avg: 164.3, Max: 164.8, Diff: 3.9, Sum: 1314.4]
      [GC Worker End (ms): Min: 123147.8, Avg: 123147.8, Max: 123147.8, Diff: 0.0]
   [Code Root Fixup: 0.0 ms]
   [Code Root Purge: 0.0 ms]
   [Clear CT: 0.2 ms]
   [Other: 0.9 ms]
      [Choose CSet: 0.0 ms]
      [Ref Proc: 0.1 ms]
      [Ref Enq: 0.0 ms]
      [Redirty Cards: 0.2 ms]
      [Humongous Register: 0.0 ms]
      [Humongous Reclaim: 0.0 ms]
      [Free CSet: 0.3 ms]
   [Eden: 265.0M(265.0M)->0.0B(273.0M) Survivors: 41.0M->39.0M Heap: 1000.6M(2048.0M)->1002.1M(2048.0M)]
 [Times: user=1.25 sys=0.00, real=0.17 secs] 
2020-09-29T12:07:12.265+0200: 123.154: [GC pause (G1 Humongous Allocation) (young) (initial-mark), 0.0616177 secs]
   [Parallel Time: 60.7 ms, GC Workers: 8]
      [GC Worker Start (ms): Min: 123154.3, Avg: 123154.3, Max: 123154.4, Diff: 0.1]
      [Ext Root Scanning (ms): Min: 0.0, Avg: 0.1, Max: 0.2, Diff: 0.2, Sum: 1.1]
      [Update RS (ms): Min: 39.7, Avg: 39.9, Max: 40.2, Diff: 0.5, Sum: 319.2]
         [Processed Buffers: Min: 40, Avg: 44.5, Max: 47, Diff: 7, Sum: 356]
      [Scan RS (ms): Min: 2.0, Avg: 2.2, Max: 2.5, Diff: 0.5, Sum: 17.7]
      [Code Root Scanning (ms): Min: 0.0, Avg: 0.0, Max: 0.0, Diff: 0.0, Sum: 0.0]
      [Object Copy (ms): Min: 17.9, Avg: 18.3, Max: 18.4, Diff: 0.5, Sum: 146.2]
      [Termination (ms): Min: 0.0, Avg: 0.0, Max: 0.0, Diff: 0.0, Sum: 0.0]
         [Termination Attempts: Min: 1, Avg: 38.6, Max: 62, Diff: 61, Sum: 309]
      [GC Worker Other (ms): Min: 0.0, Avg: 0.0, Max: 0.0, Diff: 0.0, Sum: 0.1]
      [GC Worker Total (ms): Min: 60.5, Avg: 60.6, Max: 60.6, Diff: 0.1, Sum: 484.5]
      [GC Worker End (ms): Min: 123214.9, Avg: 123214.9, Max: 123214.9, Diff: 0.0]
   [Code Root Fixup: 0.0 ms]
   [Code Root Purge: 0.0 ms]
   [Clear CT: 0.1 ms]
   [Other: 0.8 ms]
      [Choose CSet: 0.0 ms]
      [Ref Proc: 0.2 ms]
      [Ref Enq: 0.0 ms]
      [Redirty Cards: 0.1 ms]
      [Humongous Register: 0.1 ms]
      [Humongous Reclaim: 0.0 ms]
      [Free CSet: 0.1 ms]
   [Eden: 1024.0K(273.0M)->0.0B(306.0M) Survivors: 39.0M->3072.0K Heap: 1003.1M(2048.0M)->1006.6M(2048.0M)]
 [Times: user=0.45 sys=0.00, real=0.06 secs] 
2020-09-29T12:07:12.327+0200: 123.216: [GC concurrent-root-region-scan-start]
2020-09-29T12:07:12.327+0200: 123.216: [GC concurrent-root-region-scan-end, 0.0004752 secs]
2020-09-29T12:07:12.327+0200: 123.216: [GC concurrent-mark-start]
2020-09-29T12:07:12.331+0200: 123.220: [GC concurrent-mark-end, 0.0036940 secs]
2020-09-29T12:07:12.331+0200: 123.220: [GC remark 2020-09-29T12:07:12.331+0200: 123.220: [Finalize Marking, 0.0001721 secs] 2020-09-29T12:07:12.332+0200: 123.221: [GC ref-proc, 0.0004034 secs] 2020-09-29T12:07:12.332+0200: 123.221: [Unloading, 0.0005347 secs], 0.0015760 secs]
 [Times: user=0.02 sys=0.00, real=0.00 secs] 
2020-09-29T12:07:12.333+0200: 123.222: [GC cleanup 1016M->21M(2048M), 0.0014505 secs]
 [Times: user=0.00 sys=0.00, real=0.00 secs] 
2020-09-29T12:07:12.335+0200: 123.224: [GC concurrent-cleanup-start]
2020-09-29T12:07:12.337+0200: 123.226: [GC concurrent-cleanup-end, 0.0018647 secs]
2020-09-29T12:07:12.524+0200: 123.413: [GC pause (G1 Evacuation Pause) (young), 0.1702199 secs]
   [Parallel Time: 169.1 ms, GC Workers: 8]
      [GC Worker Start (ms): Min: 123413.1, Avg: 123413.2, Max: 123413.3, Diff: 0.1]
      [Ext Root Scanning (ms): Min: 0.0, Avg: 0.1, Max: 0.1, Diff: 0.1, Sum: 0.7]
      [Update RS (ms): Min: 15.6, Avg: 15.9, Max: 16.3, Diff: 0.6, Sum: 127.4]
         [Processed Buffers: Min: 16, Avg: 17.4, Max: 19, Diff: 3, Sum: 139]
      [Scan RS (ms): Min: 14.3, Avg: 14.6, Max: 15.0, Diff: 0.7, Sum: 117.1]
      [Code Root Scanning (ms): Min: 0.0, Avg: 0.0, Max: 0.0, Diff: 0.0, Sum: 0.0]
      [Object Copy (ms): Min: 138.0, Avg: 138.1, Max: 138.2, Diff: 0.3, Sum: 1104.7]
      [Termination (ms): Min: 0.0, Avg: 0.1, Max: 0.1, Diff: 0.1, Sum: 0.5]
         [Termination Attempts: Min: 1, Avg: 432.3, Max: 529, Diff: 528, Sum: 3458]
      [GC Worker Other (ms): Min: 0.0, Avg: 0.1, Max: 0.1, Diff: 0.1, Sum: 0.6]
      [GC Worker Total (ms): Min: 168.8, Avg: 168.9, Max: 168.9, Diff: 0.2, Sum: 1351.0]
      [GC Worker End (ms): Min: 123582.0, Avg: 123582.0, Max: 123582.1, Diff: 0.1]
   [Code Root Fixup: 0.0 ms]
   [Code Root Purge: 0.0 ms]
   [Clear CT: 0.2 ms]
   [Other: 1.0 ms]
      [Choose CSet: 0.0 ms]
      [Ref Proc: 0.2 ms]
      [Ref Enq: 0.0 ms]
      [Redirty Cards: 0.2 ms]
      [Humongous Register: 0.0 ms]
      [Humongous Reclaim: 0.0 ms]
      [Free CSet: 0.3 ms]
   [Eden: 306.0M(306.0M)->0.0B(280.0M) Survivors: 3072.0K->39.0M Heap: 369.0M(2048.0M)->368.5M(2048.0M)]
 [Times: user=1.36 sys=0.00, real=0.17 secs] 
2020-09-29T12:07:12.874+0200: 123.762: [GC pause (G1 Evacuation Pause) (young), 0.1782790 secs]
   [Parallel Time: 177.1 ms, GC Workers: 8]
      [GC Worker Start (ms): Min: 123762.4, Avg: 123762.4, Max: 123762.5, Diff: 0.1]
      [Ext Root Scanning (ms): Min: 0.0, Avg: 0.1, Max: 0.1, Diff: 0.1, Sum: 0.7]
      [Update RS (ms): Min: 21.1, Avg: 21.6, Max: 23.8, Diff: 2.7, Sum: 172.7]
         [Processed Buffers: Min: 12, Avg: 19.8, Max: 26, Diff: 14, Sum: 158]
      [Scan RS (ms): Min: 15.3, Avg: 17.6, Max: 18.2, Diff: 2.9, Sum: 140.9]
      [Code Root Scanning (ms): Min: 0.0, Avg: 0.0, Max: 0.0, Diff: 0.0, Sum: 0.0]
      [Object Copy (ms): Min: 137.4, Avg: 137.5, Max: 137.7, Diff: 0.3, Sum: 1100.3]
      [Termination (ms): Min: 0.0, Avg: 0.0, Max: 0.0, Diff: 0.0, Sum: 0.3]
         [Termination Attempts: Min: 1, Avg: 254.8, Max: 308, Diff: 307, Sum: 2038]
      [GC Worker Other (ms): Min: 0.0, Avg: 0.0, Max: 0.1, Diff: 0.1, Sum: 0.4]
      [GC Worker Total (ms): Min: 176.8, Avg: 176.9, Max: 177.0, Diff: 0.1, Sum: 1415.3]
      [GC Worker End (ms): Min: 123939.3, Avg: 123939.3, Max: 123939.4, Diff: 0.1]
   [Code Root Fixup: 0.0 ms]
   [Code Root Purge: 0.0 ms]
   [Clear CT: 0.2 ms]
   [Other: 1.0 ms]
      [Choose CSet: 0.0 ms]
      [Ref Proc: 0.2 ms]
      [Ref Enq: 0.0 ms]
      [Redirty Cards: 0.2 ms]
      [Humongous Register: 0.0 ms]
      [Humongous Reclaim: 0.0 ms]
      [Free CSet: 0.3 ms]
   [Eden: 280.0M(280.0M)->0.0B(273.0M) Survivors: 39.0M->40.0M Heap: 696.2M(2048.0M)->697.7M(2048.0M)]
 [Times: user=1.34 sys=0.00, real=0.18 secs] 
2020-09-29T12:07:13.227+0200: 124.116: [GC pause (G1 Evacuation Pause) (young), 0.2436319 secs]
   [Parallel Time: 242.2 ms, GC Workers: 8]
      [GC Worker Start (ms): Min: 124116.0, Avg: 124120.3, Max: 124149.3, Diff: 33.3]
      [Ext Root Scanning (ms): Min: 0.0, Avg: 0.1, Max: 0.2, Diff: 0.1, Sum: 0.6]
      [Update RS (ms): Min: 0.0, Avg: 23.9, Max: 27.6, Diff: 27.6, Sum: 190.8]
         [Processed Buffers: Min: 0, Avg: 23.4, Max: 30, Diff: 30, Sum: 187]
      [Scan RS (ms): Min: 10.4, Avg: 18.2, Max: 37.8, Diff: 27.4, Sum: 145.9]
      [Code Root Scanning (ms): Min: 0.0, Avg: 0.0, Max: 0.0, Diff: 0.0, Sum: 0.0]
      [Object Copy (ms): Min: 176.4, Avg: 195.3, Max: 198.4, Diff: 22.0, Sum: 1562.4]
      [Termination (ms): Min: 0.0, Avg: 0.3, Max: 0.3, Diff: 0.3, Sum: 2.0]
         [Termination Attempts: Min: 1, Avg: 1859.5, Max: 2458, Diff: 2457, Sum: 14876]
      [GC Worker Other (ms): Min: 0.0, Avg: 0.0, Max: 0.1, Diff: 0.0, Sum: 0.3]
      [GC Worker Total (ms): Min: 208.8, Avg: 237.8, Max: 242.1, Diff: 33.3, Sum: 1902.1]
      [GC Worker End (ms): Min: 124358.1, Avg: 124358.1, Max: 124358.1, Diff: 0.0]
   [Code Root Fixup: 0.0 ms]
   [Code Root Purge: 0.0 ms]
   [Clear CT: 0.2 ms]
   [Other: 1.2 ms]
      [Choose CSet: 0.0 ms]
      [Ref Proc: 0.3 ms]
      [Ref Enq: 0.0 ms]
      [Redirty Cards: 0.3 ms]
      [Humongous Register: 0.1 ms]
      [Humongous Reclaim: 0.0 ms]
      [Free CSet: 0.3 ms]
   [Eden: 273.0M(273.0M)->0.0B(213.0M) Survivors: 40.0M->40.0M Heap: 1016.5M(2048.0M)->1019.0M(2048.0M)]
 [Times: user=1.56 sys=0.00, real=0.24 secs] 
2020-09-29T12:07:13.491+0200: 124.380: [GC pause (G1 Humongous Allocation) (young) (initial-mark), 0.0543996 secs]
   [Parallel Time: 53.1 ms, GC Workers: 8]
      [GC Worker Start (ms): Min: 124380.2, Avg: 124380.2, Max: 124380.3, Diff: 0.2]
      [Ext Root Scanning (ms): Min: 0.0, Avg: 0.3, Max: 0.6, Diff: 0.6, Sum: 2.5]
      [Update RS (ms): Min: 25.7, Avg: 26.1, Max: 26.7, Diff: 0.9, Sum: 209.0]
         [Processed Buffers: Min: 24, Avg: 27.8, Max: 31, Diff: 7, Sum: 222]
      [Scan RS (ms): Min: 2.2, Avg: 2.6, Max: 2.8, Diff: 0.6, Sum: 20.5]
      [Code Root Scanning (ms): Min: 0.0, Avg: 0.0, Max: 0.0, Diff: 0.0, Sum: 0.0]
      [Object Copy (ms): Min: 23.7, Avg: 23.8, Max: 23.9, Diff: 0.1, Sum: 190.5]
      [Termination (ms): Min: 0.0, Avg: 0.1, Max: 0.1, Diff: 0.1, Sum: 0.4]
         [Termination Attempts: Min: 1, Avg: 355.4, Max: 433, Diff: 432, Sum: 2843]
      [GC Worker Other (ms): Min: 0.0, Avg: 0.0, Max: 0.0, Diff: 0.0, Sum: 0.2]
      [GC Worker Total (ms): Min: 52.8, Avg: 52.9, Max: 52.9, Diff: 0.2, Sum: 423.0]
      [GC Worker End (ms): Min: 124433.1, Avg: 124433.1, Max: 124433.1, Diff: 0.0]
   [Code Root Fixup: 0.0 ms]
   [Code Root Purge: 0.0 ms]
   [Clear CT: 0.4 ms]
   [Other: 1.0 ms]
      [Choose CSet: 0.0 ms]
      [Ref Proc: 0.3 ms]
      [Ref Enq: 0.0 ms]
      [Redirty Cards: 0.2 ms]
      [Humongous Register: 0.1 ms]
      [Humongous Reclaim: 0.0 ms]
      [Free CSet: 0.1 ms]
   [Eden: 11.0M(213.0M)->0.0B(265.0M) Survivors: 40.0M->13.0M Heap: 1030.0M(2048.0M)->1034.5M(2048.0M)]
 [Times: user=0.38 sys=0.00, real=0.06 secs] 
2020-09-29T12:07:13.546+0200: 124.434: [GC concurrent-root-region-scan-start]
2020-09-29T12:07:13.550+0200: 124.439: [GC concurrent-root-region-scan-end, 0.0047115 secs]
2020-09-29T12:07:13.550+0200: 124.439: [GC concurrent-mark-start]
2020-09-29T12:07:13.557+0200: 124.445: [GC concurrent-mark-end, 0.0060315 secs]
2020-09-29T12:07:13.557+0200: 124.446: [GC remark 2020-09-29T12:07:13.557+0200: 124.446: [Finalize Marking, 0.0002913 secs] 2020-09-29T12:07:13.558+0200: 124.447: [GC ref-proc, 0.0005747 secs] 2020-09-29T12:07:13.558+0200: 124.447: [Unloading, 0.0006399 secs], 0.0021502 secs]
 [Times: user=0.00 sys=0.00, real=0.00 secs] 
2020-09-29T12:07:13.560+0200: 124.449: [GC cleanup 1057M->44M(2048M), 0.0019412 secs]
 [Times: user=0.00 sys=0.00, real=0.00 secs] 
2020-09-29T12:07:13.562+0200: 124.451: [GC concurrent-cleanup-start]
2020-09-29T12:07:13.564+0200: 124.453: [GC concurrent-cleanup-end, 0.0020736 secs]
2020-09-29T12:07:13.723+0200: 124.612: [GC pause (G1 Evacuation Pause) (young), 0.1350567 secs]
   [Parallel Time: 133.9 ms, GC Workers: 8]
      [GC Worker Start (ms): Min: 124612.2, Avg: 124612.2, Max: 124612.3, Diff: 0.1]
      [Ext Root Scanning (ms): Min: 0.0, Avg: 0.1, Max: 0.1, Diff: 0.1, Sum: 0.7]
      [Update RS (ms): Min: 16.2, Avg: 16.4, Max: 16.8, Diff: 0.6, Sum: 131.0]
         [Processed Buffers: Min: 16, Avg: 17.4, Max: 20, Diff: 4, Sum: 139]
      [Scan RS (ms): Min: 11.2, Avg: 11.6, Max: 11.8, Diff: 0.6, Sum: 92.7]
      [Code Root Scanning (ms): Min: 0.0, Avg: 0.0, Max: 0.0, Diff: 0.0, Sum: 0.0]
      [Object Copy (ms): Min: 105.6, Avg: 105.6, Max: 105.7, Diff: 0.1, Sum: 845.1]
      [Termination (ms): Min: 0.0, Avg: 0.1, Max: 0.1, Diff: 0.0, Sum: 0.5]
         [Termination Attempts: Min: 1, Avg: 193.4, Max: 253, Diff: 252, Sum: 1547]
      [GC Worker Other (ms): Min: 0.0, Avg: 0.0, Max: 0.0, Diff: 0.0, Sum: 0.1]
      [GC Worker Total (ms): Min: 133.7, Avg: 133.8, Max: 133.8, Diff: 0.1, Sum: 1070.2]
      [GC Worker End (ms): Min: 124746.0, Avg: 124746.0, Max: 124746.0, Diff: 0.0]
   [Code Root Fixup: 0.0 ms]
   [Code Root Purge: 0.0 ms]
   [Clear CT: 0.1 ms]
   [Other: 1.0 ms]
      [Choose CSet: 0.0 ms]
      [Ref Proc: 0.2 ms]
      [Ref Enq: 0.0 ms]
      [Redirty Cards: 0.2 ms]
      [Humongous Register: 0.0 ms]
      [Humongous Reclaim: 0.0 ms]
      [Free CSet: 0.3 ms]
   [Eden: 265.0M(265.0M)->0.0B(271.0M) Survivors: 13.0M->35.0M Heap: 332.8M(2048.0M)->321.8M(2048.0M)]
 [Times: user=1.05 sys=0.01, real=0.14 secs] 
2020-09-29T12:07:14.034+0200: 124.923: [GC pause (G1 Evacuation Pause) (young), 0.1704595 secs]
   [Parallel Time: 169.1 ms, GC Workers: 8]
      [GC Worker Start (ms): Min: 124923.1, Avg: 124923.2, Max: 124923.3, Diff: 0.1]
      [Ext Root Scanning (ms): Min: 0.0, Avg: 0.1, Max: 0.2, Diff: 0.1, Sum: 0.6]
      [Update RS (ms): Min: 15.7, Avg: 16.0, Max: 17.0, Diff: 1.3, Sum: 127.9]
         [Processed Buffers: Min: 11, Avg: 15.8, Max: 18, Diff: 7, Sum: 126]
      [Scan RS (ms): Min: 16.1, Avg: 17.6, Max: 19.2, Diff: 3.1, Sum: 140.7]
      [Code Root Scanning (ms): Min: 0.0, Avg: 0.0, Max: 0.0, Diff: 0.0, Sum: 0.0]
      [Object Copy (ms): Min: 133.8, Avg: 135.2, Max: 135.7, Diff: 1.9, Sum: 1081.5]
      [Termination (ms): Min: 0.0, Avg: 0.1, Max: 0.1, Diff: 0.1, Sum: 0.5]
         [Termination Attempts: Min: 1, Avg: 448.0, Max: 563, Diff: 562, Sum: 3584]
      [GC Worker Other (ms): Min: 0.0, Avg: 0.0, Max: 0.1, Diff: 0.1, Sum: 0.3]
      [GC Worker Total (ms): Min: 168.9, Avg: 168.9, Max: 169.0, Diff: 0.2, Sum: 1351.6]
      [GC Worker End (ms): Min: 125092.2, Avg: 125092.2, Max: 125092.2, Diff: 0.1]
   [Code Root Fixup: 0.0 ms]
   [Code Root Purge: 0.0 ms]
   [Clear CT: 0.2 ms]
   [Other: 1.1 ms]
      [Choose CSet: 0.0 ms]
      [Ref Proc: 0.1 ms]
      [Ref Enq: 0.0 ms]
      [Redirty Cards: 0.2 ms]
      [Humongous Register: 0.0 ms]
      [Humongous Reclaim: 0.0 ms]
      [Free CSet: 0.4 ms]
   [Eden: 271.0M(271.0M)->0.0B(265.0M) Survivors: 35.0M->39.0M Heap: 636.6M(2048.0M)->638.1M(2048.0M)]
 [Times: user=1.31 sys=0.02, real=0.17 secs] 
2020-09-29T12:07:14.426+0200: 125.315: [GC pause (G1 Evacuation Pause) (young), 0.2543985 secs]
   [Parallel Time: 252.6 ms, GC Workers: 8]
      [GC Worker Start (ms): Min: 125315.1, Avg: 125315.3, Max: 125315.3, Diff: 0.2]
      [Ext Root Scanning (ms): Min: 0.0, Avg: 0.1, Max: 0.2, Diff: 0.2, Sum: 0.7]
      [Update RS (ms): Min: 24.7, Avg: 25.3, Max: 25.9, Diff: 1.2, Sum: 202.3]
         [Processed Buffers: Min: 17, Avg: 18.8, Max: 20, Diff: 3, Sum: 150]
      [Scan RS (ms): Min: 19.8, Avg: 20.2, Max: 20.8, Diff: 1.0, Sum: 162.0]
      [Code Root Scanning (ms): Min: 0.0, Avg: 0.0, Max: 0.0, Diff: 0.0, Sum: 0.0]
      [Object Copy (ms): Min: 206.4, Avg: 206.5, Max: 206.6, Diff: 0.3, Sum: 1652.2]
      [Termination (ms): Min: 0.0, Avg: 0.1, Max: 0.1, Diff: 0.1, Sum: 0.7]
         [Termination Attempts: Min: 1, Avg: 198.6, Max: 284, Diff: 283, Sum: 1589]
      [GC Worker Other (ms): Min: 0.0, Avg: 0.0, Max: 0.0, Diff: 0.0, Sum: 0.2]
      [GC Worker Total (ms): Min: 252.2, Avg: 252.3, Max: 252.4, Diff: 0.2, Sum: 2018.1]
      [GC Worker End (ms): Min: 125567.5, Avg: 125567.5, Max: 125567.5, Diff: 0.0]
   [Code Root Fixup: 0.0 ms]
   [Code Root Purge: 0.0 ms]
   [Clear CT: 0.4 ms]
   [Other: 1.4 ms]
      [Choose CSet: 0.0 ms]
      [Ref Proc: 0.3 ms]
      [Ref Enq: 0.0 ms]
      [Redirty Cards: 0.4 ms]
      [Humongous Register: 0.1 ms]
      [Humongous Reclaim: 0.0 ms]
      [Free CSet: 0.3 ms]
   [Eden: 265.0M(265.0M)->0.0B(202.0M) Survivors: 39.0M->38.0M Heap: 947.0M(2048.0M)->949.0M(2048.0M)]
 [Times: user=2.00 sys=0.00, real=0.25 secs] 
2020-09-29T12:07:14.708+0200: 125.597: [GC pause (G1 Humongous Allocation) (young) (initial-mark), 0.0936969 secs]
   [Parallel Time: 92.2 ms, GC Workers: 8]
      [GC Worker Start (ms): Min: 125597.1, Avg: 125597.5, Max: 125597.6, Diff: 0.5]
      [Ext Root Scanning (ms): Min: 0.0, Avg: 0.5, Max: 1.5, Diff: 1.4, Sum: 4.0]
      [Update RS (ms): Min: 30.4, Avg: 31.9, Max: 33.0, Diff: 2.5, Sum: 255.1]
         [Processed Buffers: Min: 22, Avg: 24.4, Max: 26, Diff: 4, Sum: 195]
      [Scan RS (ms): Min: 4.2, Avg: 4.7, Max: 5.2, Diff: 1.0, Sum: 37.2]
      [Code Root Scanning (ms): Min: 0.0, Avg: 0.0, Max: 0.0, Diff: 0.0, Sum: 0.0]
      [Object Copy (ms): Min: 53.9, Avg: 54.3, Max: 54.4, Diff: 0.5, Sum: 434.0]
      [Termination (ms): Min: 0.0, Avg: 0.3, Max: 0.3, Diff: 0.3, Sum: 2.1]
         [Termination Attempts: Min: 1, Avg: 1221.4, Max: 1574, Diff: 1573, Sum: 9771]
      [GC Worker Other (ms): Min: 0.0, Avg: 0.0, Max: 0.1, Diff: 0.0, Sum: 0.3]
      [GC Worker Total (ms): Min: 91.5, Avg: 91.6, Max: 92.0, Diff: 0.5, Sum: 732.7]
      [GC Worker End (ms): Min: 125689.1, Avg: 125689.1, Max: 125689.1, Diff: 0.0]
   [Code Root Fixup: 0.0 ms]
   [Code Root Purge: 0.0 ms]
   [Clear CT: 0.3 ms]
   [Other: 1.2 ms]
      [Choose CSet: 0.0 ms]
      [Ref Proc: 0.4 ms]
      [Ref Enq: 0.0 ms]
      [Redirty Cards: 0.3 ms]
      [Humongous Register: 0.1 ms]
      [Humongous Reclaim: 0.0 ms]
      [Free CSet: 0.1 ms]
   [Eden: 12.0M(202.0M)->0.0B(160.0M) Survivors: 38.0M->14.0M Heap: 962.9M(2048.0M)->966.4M(2048.0M)]
 [Times: user=0.63 sys=0.00, real=0.09 secs] 
2020-09-29T12:07:14.802+0200: 125.691: [GC concurrent-root-region-scan-start]
2020-09-29T12:07:14.811+0200: 125.699: [GC concurrent-root-region-scan-end, 0.0086099 secs]
2020-09-29T12:07:14.811+0200: 125.699: [GC concurrent-mark-start]
2020-09-29T12:07:14.816+0200: 125.705: [GC concurrent-mark-end, 0.0051690 secs]
2020-09-29T12:07:14.816+0200: 125.705: [GC remark 2020-09-29T12:07:14.816+0200: 125.705: [Finalize Marking, 0.0002764 secs] 2020-09-29T12:07:14.816+0200: 125.705: [GC ref-proc, 0.0005664 secs] 2020-09-29T12:07:14.817+0200: 125.706: [Unloading, 0.0006442 secs], 0.0021322 secs]
 [Times: user=0.02 sys=0.00, real=0.00 secs] 
2020-09-29T12:07:14.820+0200: 125.709: [GC cleanup 988M->44M(2048M), 0.0018880 secs]
 [Times: user=0.00 sys=0.00, real=0.00 secs] 
2020-09-29T12:07:14.822+0200: 125.711: [GC concurrent-cleanup-start]
2020-09-29T12:07:14.824+0200: 125.713: [GC concurrent-cleanup-end, 0.0019835 secs]
2020-09-29T12:07:14.933+0200: 125.822: [GC pause (G1 Evacuation Pause) (young), 0.1793516 secs]
   [Parallel Time: 178.0 ms, GC Workers: 8]
      [GC Worker Start (ms): Min: 125822.4, Avg: 125822.4, Max: 125822.5, Diff: 0.1]
      [Ext Root Scanning (ms): Min: 0.0, Avg: 0.1, Max: 0.2, Diff: 0.1, Sum: 0.8]
      [Update RS (ms): Min: 21.2, Avg: 23.0, Max: 32.9, Diff: 11.7, Sum: 184.2]
         [Processed Buffers: Min: 0, Avg: 13.4, Max: 17, Diff: 17, Sum: 107]
      [Scan RS (ms): Min: 0.0, Avg: 8.9, Max: 10.8, Diff: 10.8, Sum: 71.4]
      [Code Root Scanning (ms): Min: 0.0, Avg: 0.0, Max: 0.0, Diff: 0.0, Sum: 0.0]
      [Object Copy (ms): Min: 144.5, Avg: 145.4, Max: 145.8, Diff: 1.3, Sum: 1163.6]
      [Termination (ms): Min: 0.0, Avg: 0.1, Max: 0.1, Diff: 0.1, Sum: 0.8]
         [Termination Attempts: Min: 1, Avg: 469.0, Max: 629, Diff: 628, Sum: 3752]
      [GC Worker Other (ms): Min: 0.0, Avg: 0.0, Max: 0.1, Diff: 0.1, Sum: 0.3]
      [GC Worker Total (ms): Min: 177.6, Avg: 177.7, Max: 177.7, Diff: 0.1, Sum: 1421.2]
      [GC Worker End (ms): Min: 126000.0, Avg: 126000.1, Max: 126000.1, Diff: 0.1]
   [Code Root Fixup: 0.0 ms]
   [Code Root Purge: 0.0 ms]
   [Clear CT: 0.3 ms]
   [Other: 1.1 ms]
      [Choose CSet: 0.0 ms]
      [Ref Proc: 0.2 ms]
      [Ref Enq: 0.0 ms]
      [Redirty Cards: 0.3 ms]
      [Humongous Register: 0.0 ms]
      [Humongous Reclaim: 0.0 ms]
      [Free CSet: 0.2 ms]
   [Eden: 160.0M(160.0M)->0.0B(143.0M) Survivors: 14.0M->22.0M Heap: 209.2M(2048.0M)->197.2M(2048.0M)]
 [Times: user=0.98 sys=0.03, real=0.18 secs] 
2020-09-29T12:07:15.253+0200: 126.142: [GC pause (G1 Evacuation Pause) (young), 0.1798942 secs]
   [Parallel Time: 178.4 ms, GC Workers: 8]
      [GC Worker Start (ms): Min: 126141.7, Avg: 126141.8, Max: 126142.2, Diff: 0.6]
      [Ext Root Scanning (ms): Min: 0.0, Avg: 0.1, Max: 0.2, Diff: 0.2, Sum: 0.8]
      [Update RS (ms): Min: 18.2, Avg: 18.7, Max: 20.3, Diff: 2.1, Sum: 149.8]
         [Processed Buffers: Min: 0, Avg: 12.4, Max: 16, Diff: 16, Sum: 99]
      [Scan RS (ms): Min: 13.7, Avg: 15.4, Max: 16.4, Diff: 2.7, Sum: 123.0]
      [Code Root Scanning (ms): Min: 0.0, Avg: 0.0, Max: 0.0, Diff: 0.0, Sum: 0.0]
      [Object Copy (ms): Min: 143.0, Avg: 143.7, Max: 144.0, Diff: 1.1, Sum: 1149.9]
      [Termination (ms): Min: 0.0, Avg: 0.2, Max: 0.3, Diff: 0.3, Sum: 1.6]
         [Termination Attempts: Min: 1, Avg: 665.0, Max: 894, Diff: 893, Sum: 5320]
      [GC Worker Other (ms): Min: 0.0, Avg: 0.0, Max: 0.0, Diff: 0.0, Sum: 0.1]
      [GC Worker Total (ms): Min: 177.7, Avg: 178.1, Max: 178.3, Diff: 0.6, Sum: 1425.1]
      [GC Worker End (ms): Min: 126319.9, Avg: 126319.9, Max: 126319.9, Diff: 0.0]
   [Code Root Fixup: 0.0 ms]
   [Code Root Purge: 0.0 ms]
   [Clear CT: 0.2 ms]
   [Other: 1.2 ms]
      [Choose CSet: 0.0 ms]
      [Ref Proc: 0.2 ms]
      [Ref Enq: 0.0 ms]
      [Redirty Cards: 0.3 ms]
      [Humongous Register: 0.0 ms]
      [Humongous Reclaim: 0.0 ms]
      [Free CSet: 0.3 ms]
   [Eden: 143.0M(143.0M)->0.0B(136.0M) Survivors: 22.0M->21.0M Heap: 365.0M(2048.0M)->367.0M(2048.0M)]
 [Times: user=1.22 sys=0.02, real=0.18 secs] 
2020-09-29T12:07:15.544+0200: 126.433: [GC pause (G1 Evacuation Pause) (young), 0.1824939 secs]
   [Parallel Time: 181.0 ms, GC Workers: 8]
      [GC Worker Start (ms): Min: 126433.1, Avg: 126437.2, Max: 126465.5, Diff: 32.4]
      [Ext Root Scanning (ms): Min: 0.0, Avg: 0.1, Max: 0.2, Diff: 0.2, Sum: 0.8]
      [Update RS (ms): Min: 0.0, Avg: 16.9, Max: 20.0, Diff: 20.0, Sum: 135.4]
         [Processed Buffers: Min: 0, Avg: 13.6, Max: 19, Diff: 19, Sum: 109]
      [Scan RS (ms): Min: 0.0, Avg: 9.2, Max: 10.8, Diff: 10.8, Sum: 73.8]
      [Code Root Scanning (ms): Min: 0.0, Avg: 0.0, Max: 0.0, Diff: 0.0, Sum: 0.0]
      [Object Copy (ms): Min: 147.8, Avg: 150.0, Max: 150.6, Diff: 2.8, Sum: 1199.9]
      [Termination (ms): Min: 0.0, Avg: 0.4, Max: 0.5, Diff: 0.5, Sum: 3.5]
         [Termination Attempts: Min: 1, Avg: 1886.6, Max: 2334, Diff: 2333, Sum: 15093]
      [GC Worker Other (ms): Min: 0.0, Avg: 0.0, Max: 0.0, Diff: 0.0, Sum: 0.1]
      [GC Worker Total (ms): Min: 148.4, Avg: 176.7, Max: 180.8, Diff: 32.4, Sum: 1413.6]
      [GC Worker End (ms): Min: 126613.9, Avg: 126613.9, Max: 126613.9, Diff: 0.0]
   [Code Root Fixup: 0.0 ms]
   [Code Root Purge: 0.0 ms]
   [Clear CT: 0.3 ms]
   [Other: 1.2 ms]
      [Choose CSet: 0.0 ms]
      [Ref Proc: 0.3 ms]
      [Ref Enq: 0.0 ms]
      [Redirty Cards: 0.3 ms]
      [Humongous Register: 0.1 ms]
      [Humongous Reclaim: 0.0 ms]
      [Free CSet: 0.2 ms]
   [Eden: 136.0M(136.0M)->0.0B(134.0M) Survivors: 21.0M->20.0M Heap: 525.9M(2048.0M)->527.9M(2048.0M)]
 [Times: user=1.31 sys=0.00, real=0.18 secs] 
2020-09-29T12:07:15.843+0200: 126.732: [GC pause (G1 Evacuation Pause) (young), 0.2331877 secs]
   [Parallel Time: 231.9 ms, GC Workers: 8]
      [GC Worker Start (ms): Min: 126731.9, Avg: 126739.0, Max: 126760.2, Diff: 28.4]
      [Ext Root Scanning (ms): Min: 0.0, Avg: 0.1, Max: 0.2, Diff: 0.2, Sum: 0.7]
      [Update RS (ms): Min: 0.7, Avg: 22.4, Max: 32.8, Diff: 32.1, Sum: 179.0]
         [Processed Buffers: Min: 4, Avg: 18.0, Max: 25, Diff: 21, Sum: 144]
      [Scan RS (ms): Min: 4.0, Avg: 7.9, Max: 10.3, Diff: 6.3, Sum: 62.8]
      [Code Root Scanning (ms): Min: 0.0, Avg: 0.0, Max: 0.0, Diff: 0.0, Sum: 0.0]
      [Object Copy (ms): Min: 191.5, Avg: 193.8, Max: 194.3, Diff: 2.8, Sum: 1550.5]
      [Termination (ms): Min: 0.0, Avg: 0.3, Max: 0.4, Diff: 0.4, Sum: 2.6]
         [Termination Attempts: Min: 1, Avg: 1499.5, Max: 1911, Diff: 1910, Sum: 11996]
      [GC Worker Other (ms): Min: 0.0, Avg: 0.1, Max: 0.1, Diff: 0.1, Sum: 0.4]
      [GC Worker Total (ms): Min: 203.3, Avg: 224.5, Max: 231.7, Diff: 28.4, Sum: 1796.1]
      [GC Worker End (ms): Min: 126963.5, Avg: 126963.5, Max: 126963.6, Diff: 0.1]
   [Code Root Fixup: 0.0 ms]
   [Code Root Purge: 0.0 ms]
   [Clear CT: 0.2 ms]
   [Other: 1.1 ms]
      [Choose CSet: 0.0 ms]
      [Ref Proc: 0.3 ms]
      [Ref Enq: 0.0 ms]
      [Redirty Cards: 0.3 ms]
      [Humongous Register: 0.1 ms]
      [Humongous Reclaim: 0.0 ms]
      [Free CSet: 0.2 ms]
   [Eden: 134.0M(134.0M)->0.0B(113.0M) Survivors: 20.0M->20.0M Heap: 684.8M(2048.0M)->687.3M(2048.0M)]
 [Times: user=1.30 sys=0.02, real=0.23 secs] 
2020-09-29T12:07:16.237+0200: 127.126: [GC pause (G1 Evacuation Pause) (young), 0.1469522 secs]
   [Parallel Time: 145.8 ms, GC Workers: 8]
      [GC Worker Start (ms): Min: 127126.0, Avg: 127126.7, Max: 127127.8, Diff: 1.8]
      [Ext Root Scanning (ms): Min: 0.0, Avg: 0.1, Max: 0.2, Diff: 0.2, Sum: 0.6]
      [Update RS (ms): Min: 18.2, Avg: 19.5, Max: 20.5, Diff: 2.3, Sum: 156.1]
         [Processed Buffers: Min: 13, Avg: 13.6, Max: 15, Diff: 2, Sum: 109]
      [Scan RS (ms): Min: 7.4, Avg: 8.0, Max: 8.2, Diff: 0.9, Sum: 64.2]
      [Code Root Scanning (ms): Min: 0.0, Avg: 0.0, Max: 0.0, Diff: 0.0, Sum: 0.0]
      [Object Copy (ms): Min: 116.2, Avg: 116.6, Max: 117.3, Diff: 1.1, Sum: 932.9]
      [Termination (ms): Min: 0.0, Avg: 0.7, Max: 1.0, Diff: 1.0, Sum: 5.4]
         [Termination Attempts: Min: 1, Avg: 2948.1, Max: 3961, Diff: 3960, Sum: 23585]
      [GC Worker Other (ms): Min: 0.0, Avg: 0.0, Max: 0.1, Diff: 0.1, Sum: 0.3]
      [GC Worker Total (ms): Min: 143.8, Avg: 144.9, Max: 145.7, Diff: 1.9, Sum: 1159.5]
      [GC Worker End (ms): Min: 127271.6, Avg: 127271.7, Max: 127271.7, Diff: 0.1]
   [Code Root Fixup: 0.0 ms]
   [Code Root Purge: 0.0 ms]
   [Clear CT: 0.2 ms]
   [Other: 0.9 ms]
      [Choose CSet: 0.0 ms]
      [Ref Proc: 0.2 ms]
      [Ref Enq: 0.0 ms]
      [Redirty Cards: 0.2 ms]
      [Humongous Register: 0.1 ms]
      [Humongous Reclaim: 0.0 ms]
      [Free CSet: 0.2 ms]
   [Eden: 113.0M(113.0M)->0.0B(124.0M) Survivors: 20.0M->17.0M Heap: 817.4M(2048.0M)->818.9M(2048.0M)]
 [Times: user=1.11 sys=0.00, real=0.15 secs] 
2020-09-29T12:07:16.508+0200: 127.397: [GC pause (G1 Evacuation Pause) (young), 0.1335650 secs]
   [Parallel Time: 132.2 ms, GC Workers: 8]
      [GC Worker Start (ms): Min: 127397.1, Avg: 127397.8, Max: 127399.4, Diff: 2.4]
      [Ext Root Scanning (ms): Min: 0.0, Avg: 0.1, Max: 0.2, Diff: 0.2, Sum: 0.8]
      [Update RS (ms): Min: 23.4, Avg: 24.9, Max: 26.1, Diff: 2.7, Sum: 198.9]
         [Processed Buffers: Min: 16, Avg: 18.4, Max: 20, Diff: 4, Sum: 147]
      [Scan RS (ms): Min: 4.1, Avg: 5.1, Max: 7.3, Diff: 3.2, Sum: 40.9]
      [Code Root Scanning (ms): Min: 0.0, Avg: 0.0, Max: 0.0, Diff: 0.0, Sum: 0.0]
      [Object Copy (ms): Min: 98.9, Avg: 101.1, Max: 101.7, Diff: 2.8, Sum: 809.0]
      [Termination (ms): Min: 0.0, Avg: 0.0, Max: 0.0, Diff: 0.0, Sum: 0.2]
         [Termination Attempts: Min: 1, Avg: 130.8, Max: 161, Diff: 160, Sum: 1046]
      [GC Worker Other (ms): Min: 0.0, Avg: 0.0, Max: 0.0, Diff: 0.0, Sum: 0.2]
      [GC Worker Total (ms): Min: 129.7, Avg: 131.3, Max: 132.1, Diff: 2.4, Sum: 1050.2]
      [GC Worker End (ms): Min: 127529.1, Avg: 127529.1, Max: 127529.1, Diff: 0.0]
   [Code Root Fixup: 0.0 ms]
   [Code Root Purge: 0.0 ms]
   [Clear CT: 0.3 ms]
   [Other: 1.0 ms]
      [Choose CSet: 0.0 ms]
      [Ref Proc: 0.2 ms]
      [Ref Enq: 0.0 ms]
      [Redirty Cards: 0.3 ms]
      [Humongous Register: 0.1 ms]
      [Humongous Reclaim: 0.0 ms]
      [Free CSet: 0.2 ms]
   [Eden: 124.0M(124.0M)->0.0B(137.0M) Survivors: 17.0M->18.0M Heap: 963.9M(2048.0M)->966.4M(2048.0M)]
 [Times: user=0.99 sys=0.00, real=0.13 secs] 
2020-09-29T12:07:16.644+0200: 127.533: [GC pause (G1 Humongous Allocation) (young) (initial-mark), 0.0610157 secs]
   [Parallel Time: 59.7 ms, GC Workers: 8]
      [GC Worker Start (ms): Min: 127533.3, Avg: 127533.4, Max: 127533.5, Diff: 0.2]
      [Ext Root Scanning (ms): Min: 0.0, Avg: 0.2, Max: 0.3, Diff: 0.3, Sum: 1.9]
      [Update RS (ms): Min: 37.6, Avg: 38.2, Max: 38.6, Diff: 1.0, Sum: 305.7]
         [Processed Buffers: Min: 15, Avg: 23.4, Max: 27, Diff: 12, Sum: 187]
      [Scan RS (ms): Min: 0.0, Avg: 0.1, Max: 0.6, Diff: 0.6, Sum: 0.8]
      [Code Root Scanning (ms): Min: 0.0, Avg: 0.0, Max: 0.0, Diff: 0.0, Sum: 0.0]
      [Object Copy (ms): Min: 20.6, Avg: 20.8, Max: 20.9, Diff: 0.3, Sum: 166.5]
      [Termination (ms): Min: 0.0, Avg: 0.0, Max: 0.1, Diff: 0.1, Sum: 0.4]
         [Termination Attempts: Min: 1, Avg: 25.3, Max: 40, Diff: 39, Sum: 202]
      [GC Worker Other (ms): Min: 0.0, Avg: 0.0, Max: 0.1, Diff: 0.0, Sum: 0.2]
      [GC Worker Total (ms): Min: 59.3, Avg: 59.4, Max: 59.5, Diff: 0.2, Sum: 475.5]
      [GC Worker End (ms): Min: 127592.8, Avg: 127592.8, Max: 127592.9, Diff: 0.0]
   [Code Root Fixup: 0.0 ms]
   [Code Root Purge: 0.0 ms]
   [Clear CT: 0.2 ms]
   [Other: 1.1 ms]
      [Choose CSet: 0.0 ms]
      [Ref Proc: 0.3 ms]
      [Ref Enq: 0.0 ms]
      [Redirty Cards: 0.2 ms]
      [Humongous Register: 0.1 ms]
      [Humongous Reclaim: 0.0 ms]
      [Free CSet: 0.1 ms]
   [Eden: 3072.0K(137.0M)->0.0B(153.0M) Survivors: 18.0M->4096.0K Heap: 969.4M(2048.0M)->971.9M(2048.0M)]
 [Times: user=0.38 sys=0.02, real=0.06 secs] 
2020-09-29T12:07:16.706+0200: 127.594: [GC concurrent-root-region-scan-start]
2020-09-29T12:07:16.707+0200: 127.596: [GC concurrent-root-region-scan-end, 0.0014969 secs]
2020-09-29T12:07:16.707+0200: 127.596: [GC concurrent-mark-start]
2020-09-29T12:07:16.713+0200: 127.601: [GC concurrent-mark-end, 0.0054902 secs]
2020-09-29T12:07:16.715+0200: 127.604: [GC remark 2020-09-29T12:07:16.715+0200: 127.604: [Finalize Marking, 0.0003306 secs] 2020-09-29T12:07:16.716+0200: 127.604: [GC ref-proc, 0.0005387 secs] 2020-09-29T12:07:16.716+0200: 127.605: [Unloading, 0.0007994 secs], 0.0021897 secs]
 [Times: user=0.00 sys=0.00, real=0.00 secs] 
2020-09-29T12:07:16.718+0200: 127.607: [GC cleanup 979M->20M(2048M), 0.0020980 secs]
 [Times: user=0.00 sys=0.00, real=0.00 secs] 
2020-09-29T12:07:16.720+0200: 127.609: [GC concurrent-cleanup-start]
2020-09-29T12:07:16.722+0200: 127.611: [GC concurrent-cleanup-end, 0.0019343 secs]
2020-09-29T12:07:16.878+0200: 127.766: [GC pause (G1 Evacuation Pause) (young), 0.1312116 secs]
   [Parallel Time: 129.3 ms, GC Workers: 8]
      [GC Worker Start (ms): Min: 127766.4, Avg: 127767.7, Max: 127769.6, Diff: 3.2]
      [Ext Root Scanning (ms): Min: 0.0, Avg: 0.1, Max: 0.2, Diff: 0.2, Sum: 0.7]
      [Update RS (ms): Min: 12.8, Avg: 14.8, Max: 15.9, Diff: 3.0, Sum: 118.1]
         [Processed Buffers: Min: 10, Avg: 12.3, Max: 14, Diff: 4, Sum: 98]
      [Scan RS (ms): Min: 9.2, Avg: 9.6, Max: 9.8, Diff: 0.6, Sum: 77.1]
      [Code Root Scanning (ms): Min: 0.0, Avg: 0.0, Max: 0.0, Diff: 0.0, Sum: 0.0]
      [Object Copy (ms): Min: 103.1, Avg: 103.2, Max: 103.3, Diff: 0.2, Sum: 825.7]
      [Termination (ms): Min: 0.1, Avg: 0.1, Max: 0.2, Diff: 0.2, Sum: 1.1]
         [Termination Attempts: Min: 1, Avg: 305.8, Max: 395, Diff: 394, Sum: 2446]
      [GC Worker Other (ms): Min: 0.0, Avg: 0.0, Max: 0.0, Diff: 0.0, Sum: 0.1]
      [GC Worker Total (ms): Min: 125.9, Avg: 127.8, Max: 129.1, Diff: 3.2, Sum: 1022.8]
      [GC Worker End (ms): Min: 127895.5, Avg: 127895.5, Max: 127895.6, Diff: 0.1]
   [Code Root Fixup: 0.0 ms]
   [Code Root Purge: 0.0 ms]
   [Clear CT: 0.4 ms]
   [Other: 1.5 ms]
      [Choose CSet: 0.0 ms]
      [Ref Proc: 0.4 ms]
      [Ref Enq: 0.0 ms]
      [Redirty Cards: 0.4 ms]
      [Humongous Register: 0.1 ms]
      [Humongous Reclaim: 0.0 ms]
      [Free CSet: 0.2 ms]
   [Eden: 153.0M(153.0M)->0.0B(153.0M) Survivors: 4096.0K->20.0M Heap: 192.7M(2048.0M)->190.2M(2048.0M)]
 [Times: user=1.01 sys=0.00, real=0.13 secs] 
2020-09-29T12:07:17.205+0200: 128.094: [GC pause (G1 Evacuation Pause) (young), 0.1418820 secs]
   [Parallel Time: 140.6 ms, GC Workers: 8]
      [GC Worker Start (ms): Min: 128093.7, Avg: 128093.8, Max: 128094.0, Diff: 0.2]
      [Ext Root Scanning (ms): Min: 0.0, Avg: 0.1, Max: 0.2, Diff: 0.2, Sum: 0.8]
      [Update RS (ms): Min: 16.0, Avg: 16.5, Max: 17.6, Diff: 1.6, Sum: 132.3]
         [Processed Buffers: Min: 11, Avg: 12.3, Max: 15, Diff: 4, Sum: 98]
      [Scan RS (ms): Min: 10.9, Avg: 11.9, Max: 12.6, Diff: 1.7, Sum: 95.6]
      [Code Root Scanning (ms): Min: 0.0, Avg: 0.0, Max: 0.0, Diff: 0.0, Sum: 0.0]
      [Object Copy (ms): Min: 111.5, Avg: 111.6, Max: 111.7, Diff: 0.1, Sum: 892.9]
      [Termination (ms): Min: 0.0, Avg: 0.1, Max: 0.1, Diff: 0.1, Sum: 0.5]
         [Termination Attempts: Min: 1, Avg: 75.8, Max: 113, Diff: 112, Sum: 606]
      [GC Worker Other (ms): Min: 0.0, Avg: 0.0, Max: 0.1, Diff: 0.1, Sum: 0.2]
      [GC Worker Total (ms): Min: 140.1, Avg: 140.3, Max: 140.4, Diff: 0.3, Sum: 1122.3]
      [GC Worker End (ms): Min: 128234.1, Avg: 128234.1, Max: 128234.2, Diff: 0.1]
   [Code Root Fixup: 0.0 ms]
   [Code Root Purge: 0.0 ms]
   [Clear CT: 0.2 ms]
   [Other: 1.1 ms]
      [Choose CSet: 0.0 ms]
      [Ref Proc: 0.3 ms]
      [Ref Enq: 0.0 ms]
      [Redirty Cards: 0.3 ms]
      [Humongous Register: 0.0 ms]
      [Humongous Reclaim: 0.0 ms]
      [Free CSet: 0.2 ms]
   [Eden: 153.0M(153.0M)->0.0B(160.0M) Survivors: 20.0M->22.0M Heap: 368.0M(2048.0M)->370.5M(2048.0M)]
 [Times: user=1.03 sys=0.00, real=0.14 secs] 
2020-09-29T12:07:17.495+0200: 128.383: [GC pause (G1 Evacuation Pause) (young), 0.1542224 secs]
   [Parallel Time: 152.7 ms, GC Workers: 8]
      [GC Worker Start (ms): Min: 128383.4, Avg: 128383.5, Max: 128383.5, Diff: 0.1]
      [Ext Root Scanning (ms): Min: 0.0, Avg: 0.1, Max: 0.2, Diff: 0.1, Sum: 0.8]
      [Update RS (ms): Min: 22.2, Avg: 22.4, Max: 22.9, Diff: 0.8, Sum: 179.1]
         [Processed Buffers: Min: 14, Avg: 17.1, Max: 18, Diff: 4, Sum: 137]
      [Scan RS (ms): Min: 9.5, Avg: 10.1, Max: 10.6, Diff: 1.0, Sum: 80.8]
      [Code Root Scanning (ms): Min: 0.0, Avg: 0.0, Max: 0.0, Diff: 0.0, Sum: 0.0]
      [Object Copy (ms): Min: 119.6, Avg: 119.9, Max: 120.0, Diff: 0.3, Sum: 958.9]
      [Termination (ms): Min: 0.0, Avg: 0.0, Max: 0.0, Diff: 0.0, Sum: 0.1]
         [Termination Attempts: Min: 1, Avg: 67.0, Max: 98, Diff: 97, Sum: 536]
      [GC Worker Other (ms): Min: 0.0, Avg: 0.0, Max: 0.1, Diff: 0.1, Sum: 0.4]
      [GC Worker Total (ms): Min: 152.5, Avg: 152.5, Max: 152.6, Diff: 0.2, Sum: 1220.2]
      [GC Worker End (ms): Min: 128536.0, Avg: 128536.0, Max: 128536.0, Diff: 0.1]
   [Code Root Fixup: 0.0 ms]
   [Code Root Purge: 0.0 ms]
   [Clear CT: 0.2 ms]
   [Other: 1.3 ms]
      [Choose CSet: 0.0 ms]
      [Ref Proc: 0.3 ms]
      [Ref Enq: 0.0 ms]
      [Redirty Cards: 0.4 ms]
      [Humongous Register: 0.0 ms]
      [Humongous Reclaim: 0.0 ms]
      [Free CSet: 0.3 ms]
   [Eden: 160.0M(160.0M)->0.0B(168.0M) Survivors: 22.0M->23.0M Heap: 557.2M(2048.0M)->559.2M(2048.0M)]
 [Times: user=1.20 sys=0.02, real=0.15 secs] 
2020-09-29T12:07:17.795+0200: 128.684: [GC pause (G1 Evacuation Pause) (young), 0.1520712 secs]
   [Parallel Time: 150.5 ms, GC Workers: 8]
      [GC Worker Start (ms): Min: 128684.0, Avg: 128684.1, Max: 128684.2, Diff: 0.2]
      [Ext Root Scanning (ms): Min: 0.0, Avg: 0.1, Max: 0.2, Diff: 0.2, Sum: 0.7]
      [Update RS (ms): Min: 16.5, Avg: 16.8, Max: 17.4, Diff: 0.9, Sum: 134.3]
         [Processed Buffers: Min: 12, Avg: 13.8, Max: 16, Diff: 4, Sum: 110]
      [Scan RS (ms): Min: 12.5, Avg: 13.3, Max: 14.1, Diff: 1.7, Sum: 106.6]
      [Code Root Scanning (ms): Min: 0.0, Avg: 0.0, Max: 0.0, Diff: 0.0, Sum: 0.0]
      [Object Copy (ms): Min: 119.1, Avg: 120.0, Max: 120.2, Diff: 1.1, Sum: 959.6]
      [Termination (ms): Min: 0.0, Avg: 0.1, Max: 0.1, Diff: 0.1, Sum: 0.4]
         [Termination Attempts: Min: 1, Avg: 230.9, Max: 282, Diff: 281, Sum: 1847]
      [GC Worker Other (ms): Min: 0.0, Avg: 0.0, Max: 0.1, Diff: 0.1, Sum: 0.3]
      [GC Worker Total (ms): Min: 150.1, Avg: 150.2, Max: 150.4, Diff: 0.2, Sum: 1202.0]
      [GC Worker End (ms): Min: 128834.3, Avg: 128834.3, Max: 128834.4, Diff: 0.1]
   [Code Root Fixup: 0.0 ms]
   [Code Root Purge: 0.0 ms]
   [Clear CT: 0.2 ms]
   [Other: 1.3 ms]
      [Choose CSet: 0.0 ms]
      [Ref Proc: 0.3 ms]
      [Ref Enq: 0.0 ms]
      [Redirty Cards: 0.4 ms]
      [Humongous Register: 0.0 ms]
      [Humongous Reclaim: 0.0 ms]
      [Free CSet: 0.3 ms]
   [Eden: 168.0M(168.0M)->0.0B(177.0M) Survivors: 23.0M->24.0M Heap: 755.8M(2048.0M)->758.3M(2048.0M)]
 [Times: user=1.25 sys=0.00, real=0.15 secs] 
2020-09-29T12:07:18.094+0200: 128.983: [GC pause (G1 Evacuation Pause) (young), 0.1736103 secs]
   [Parallel Time: 172.3 ms, GC Workers: 8]
      [GC Worker Start (ms): Min: 128982.7, Avg: 128982.8, Max: 128982.8, Diff: 0.1]
      [Ext Root Scanning (ms): Min: 0.0, Avg: 0.1, Max: 0.2, Diff: 0.1, Sum: 0.8]
      [Update RS (ms): Min: 17.1, Avg: 17.5, Max: 18.1, Diff: 1.0, Sum: 140.2]
         [Processed Buffers: Min: 11, Avg: 13.6, Max: 14, Diff: 3, Sum: 109]
      [Scan RS (ms): Min: 12.9, Avg: 13.4, Max: 13.8, Diff: 1.0, Sum: 107.0]
      [Code Root Scanning (ms): Min: 0.0, Avg: 0.0, Max: 0.0, Diff: 0.0, Sum: 0.0]
      [Object Copy (ms): Min: 140.6, Avg: 140.8, Max: 140.9, Diff: 0.3, Sum: 1126.1]
      [Termination (ms): Min: 0.0, Avg: 0.2, Max: 0.3, Diff: 0.3, Sum: 1.6]
         [Termination Attempts: Min: 1, Avg: 904.3, Max: 1088, Diff: 1087, Sum: 7234]
      [GC Worker Other (ms): Min: 0.0, Avg: 0.0, Max: 0.1, Diff: 0.1, Sum: 0.4]
      [GC Worker Total (ms): Min: 171.9, Avg: 172.0, Max: 172.1, Diff: 0.1, Sum: 1376.2]
      [GC Worker End (ms): Min: 129154.7, Avg: 129154.8, Max: 129154.8, Diff: 0.1]
   [Code Root Fixup: 0.0 ms]
   [Code Root Purge: 0.0 ms]
   [Clear CT: 0.2 ms]
   [Other: 1.1 ms]
      [Choose CSet: 0.0 ms]
      [Ref Proc: 0.3 ms]
      [Ref Enq: 0.0 ms]
      [Redirty Cards: 0.3 ms]
      [Humongous Register: 0.1 ms]
      [Humongous Reclaim: 0.0 ms]
      [Free CSet: 0.2 ms]
   [Eden: 177.0M(177.0M)->0.0B(178.0M) Survivors: 24.0M->26.0M Heap: 963.9M(2048.0M)->965.9M(2048.0M)]
 [Times: user=1.30 sys=0.02, real=0.17 secs] 
2020-09-29T12:07:18.271+0200: 129.160: [GC pause (G1 Humongous Allocation) (young) (initial-mark), 0.0607586 secs]
   [Parallel Time: 59.5 ms, GC Workers: 8]
      [GC Worker Start (ms): Min: 129160.1, Avg: 129160.1, Max: 129160.2, Diff: 0.1]
      [Ext Root Scanning (ms): Min: 0.1, Avg: 0.1, Max: 0.2, Diff: 0.1, Sum: 1.0]
      [Update RS (ms): Min: 38.7, Avg: 39.1, Max: 39.5, Diff: 0.8, Sum: 312.7]
         [Processed Buffers: Min: 29, Avg: 32.0, Max: 35, Diff: 6, Sum: 256]
      [Scan RS (ms): Min: 0.2, Avg: 0.6, Max: 1.0, Diff: 0.8, Sum: 4.5]
      [Code Root Scanning (ms): Min: 0.0, Avg: 0.0, Max: 0.0, Diff: 0.0, Sum: 0.0]
      [Object Copy (ms): Min: 19.3, Avg: 19.4, Max: 19.5, Diff: 0.2, Sum: 155.0]
      [Termination (ms): Min: 0.0, Avg: 0.1, Max: 0.2, Diff: 0.2, Sum: 1.1]
         [Termination Attempts: Min: 1, Avg: 37.9, Max: 67, Diff: 66, Sum: 303]
      [GC Worker Other (ms): Min: 0.0, Avg: 0.0, Max: 0.0, Diff: 0.0, Sum: 0.1]
      [GC Worker Total (ms): Min: 59.2, Avg: 59.3, Max: 59.3, Diff: 0.1, Sum: 474.3]
      [GC Worker End (ms): Min: 129219.4, Avg: 129219.4, Max: 129219.4, Diff: 0.0]
   [Code Root Fixup: 0.0 ms]
   [Code Root Purge: 0.0 ms]
   [Clear CT: 0.3 ms]
   [Other: 1.0 ms]
      [Choose CSet: 0.0 ms]
      [Ref Proc: 0.2 ms]
      [Ref Enq: 0.0 ms]
      [Redirty Cards: 0.2 ms]
      [Humongous Register: 0.1 ms]
      [Humongous Reclaim: 0.0 ms]
      [Free CSet: 0.1 ms]
   [Eden: 2048.0K(178.0M)->0.0B(203.0M) Survivors: 26.0M->3072.0K Heap: 967.9M(2048.0M)->971.4M(2048.0M)]
 [Times: user=0.38 sys=0.00, real=0.06 secs] 
2020-09-29T12:07:18.332+0200: 129.221: [GC concurrent-root-region-scan-start]
2020-09-29T12:07:18.333+0200: 129.222: [GC concurrent-root-region-scan-end, 0.0009804 secs]
2020-09-29T12:07:18.333+0200: 129.222: [GC concurrent-mark-start]
2020-09-29T12:07:18.337+0200: 129.226: [GC concurrent-mark-end, 0.0040056 secs]
2020-09-29T12:07:18.338+0200: 129.226: [GC remark 2020-09-29T12:07:18.338+0200: 129.226: [Finalize Marking, 0.0003437 secs] 2020-09-29T12:07:18.338+0200: 129.227: [GC ref-proc, 0.0005485 secs] 2020-09-29T12:07:18.339+0200: 129.227: [Unloading, 0.0007379 secs], 0.0021711 secs]
 [Times: user=0.00 sys=0.00, real=0.00 secs] 
2020-09-29T12:07:18.340+0200: 129.229: [GC cleanup 979M->19M(2048M), 0.0014885 secs]
 [Times: user=0.00 sys=0.00, real=0.00 secs] 
2020-09-29T12:07:18.342+0200: 129.231: [GC concurrent-cleanup-start]
2020-09-29T12:07:18.344+0200: 129.233: [GC concurrent-cleanup-end, 0.0020181 secs]
2020-09-29T12:07:18.504+0200: 129.393: [GC pause (G1 Evacuation Pause) (young), 0.2153658 secs]
   [Parallel Time: 213.7 ms, GC Workers: 8]
      [GC Worker Start (ms): Min: 129393.2, Avg: 129393.3, Max: 129393.4, Diff: 0.2]
      [Ext Root Scanning (ms): Min: 0.0, Avg: 0.1, Max: 0.2, Diff: 0.2, Sum: 0.8]
      [Update RS (ms): Min: 20.5, Avg: 22.4, Max: 33.1, Diff: 12.6, Sum: 178.9]
         [Processed Buffers: Min: 1, Avg: 14.4, Max: 17, Diff: 16, Sum: 115]
      [Scan RS (ms): Min: 2.0, Avg: 16.5, Max: 43.2, Diff: 41.2, Sum: 132.1]
      [Code Root Scanning (ms): Min: 0.0, Avg: 0.0, Max: 0.0, Diff: 0.0, Sum: 0.0]
      [Object Copy (ms): Min: 148.6, Avg: 174.4, Max: 178.2, Diff: 29.6, Sum: 1394.8]
      [Termination (ms): Min: 0.0, Avg: 0.1, Max: 0.2, Diff: 0.2, Sum: 1.1]
         [Termination Attempts: Min: 1, Avg: 195.5, Max: 344, Diff: 343, Sum: 1564]
      [GC Worker Other (ms): Min: 0.0, Avg: 0.0, Max: 0.0, Diff: 0.0, Sum: 0.1]
      [GC Worker Total (ms): Min: 213.4, Avg: 213.5, Max: 213.6, Diff: 0.2, Sum: 1707.9]
      [GC Worker End (ms): Min: 129606.7, Avg: 129606.7, Max: 129606.8, Diff: 0.1]
   [Code Root Fixup: 0.0 ms]
   [Code Root Purge: 0.0 ms]
   [Clear CT: 0.4 ms]
   [Other: 1.3 ms]
      [Choose CSet: 0.0 ms]
      [Ref Proc: 0.3 ms]
      [Ref Enq: 0.0 ms]
      [Redirty Cards: 0.3 ms]
      [Humongous Register: 0.0 ms]
      [Humongous Reclaim: 0.0 ms]
      [Free CSet: 0.3 ms]
   [Eden: 203.0M(203.0M)->0.0B(160.0M) Survivors: 3072.0K->26.0M Heap: 249.3M(2048.0M)->247.8M(2048.0M)]
 [Times: user=1.42 sys=0.00, real=0.22 secs] 
2020-09-29T12:07:18.880+0200: 129.769: [GC pause (G1 Evacuation Pause) (young), 0.1637891 secs]
   [Parallel Time: 162.5 ms, GC Workers: 8]
      [GC Worker Start (ms): Min: 129769.4, Avg: 129770.6, Max: 129776.1, Diff: 6.7]
      [Ext Root Scanning (ms): Min: 0.0, Avg: 0.1, Max: 0.2, Diff: 0.2, Sum: 0.5]
      [Update RS (ms): Min: 12.2, Avg: 17.8, Max: 19.2, Diff: 7.0, Sum: 142.6]
         [Processed Buffers: Min: 10, Avg: 13.0, Max: 15, Diff: 5, Sum: 104]
      [Scan RS (ms): Min: 11.4, Avg: 11.8, Max: 12.3, Diff: 0.9, Sum: 94.8]
      [Code Root Scanning (ms): Min: 0.0, Avg: 0.0, Max: 0.0, Diff: 0.0, Sum: 0.0]
      [Object Copy (ms): Min: 130.8, Avg: 131.2, Max: 131.4, Diff: 0.6, Sum: 1049.8]
      [Termination (ms): Min: 0.0, Avg: 0.1, Max: 0.2, Diff: 0.2, Sum: 0.9]
         [Termination Attempts: Min: 1, Avg: 491.9, Max: 687, Diff: 686, Sum: 3935]
      [GC Worker Other (ms): Min: 0.0, Avg: 0.0, Max: 0.1, Diff: 0.0, Sum: 0.3]
      [GC Worker Total (ms): Min: 155.6, Avg: 161.1, Max: 162.3, Diff: 6.7, Sum: 1288.9]
      [GC Worker End (ms): Min: 129931.7, Avg: 129931.7, Max: 129931.7, Diff: 0.0]
   [Code Root Fixup: 0.0 ms]
   [Code Root Purge: 0.0 ms]
   [Clear CT: 0.2 ms]
   [Other: 1.1 ms]
      [Choose CSet: 0.0 ms]
      [Ref Proc: 0.3 ms]
      [Ref Enq: 0.0 ms]
      [Redirty Cards: 0.3 ms]
      [Humongous Register: 0.1 ms]
      [Humongous Reclaim: 0.0 ms]
      [Free CSet: 0.2 ms]
   [Eden: 160.0M(160.0M)->0.0B(166.0M) Survivors: 26.0M->24.0M Heap: 434.5M(2048.0M)->436.5M(2048.0M)]
 [Times: user=1.17 sys=0.00, real=0.16 secs] 
2020-09-29T12:07:19.185+0200: 130.074: [GC pause (G1 Evacuation Pause) (young), 0.1478177 secs]
   [Parallel Time: 146.4 ms, GC Workers: 8]
      [GC Worker Start (ms): Min: 130074.3, Avg: 130074.4, Max: 130074.5, Diff: 0.2]
      [Ext Root Scanning (ms): Min: 0.0, Avg: 0.1, Max: 0.2, Diff: 0.2, Sum: 0.7]
      [Update RS (ms): Min: 16.3, Avg: 16.4, Max: 16.7, Diff: 0.4, Sum: 131.5]
         [Processed Buffers: Min: 12, Avg: 13.6, Max: 15, Diff: 3, Sum: 109]
      [Scan RS (ms): Min: 11.5, Avg: 11.8, Max: 11.9, Diff: 0.4, Sum: 94.1]
      [Code Root Scanning (ms): Min: 0.0, Avg: 0.0, Max: 0.0, Diff: 0.0, Sum: 0.0]
      [Object Copy (ms): Min: 117.7, Avg: 117.7, Max: 117.8, Diff: 0.1, Sum: 942.0]
      [Termination (ms): Min: 0.0, Avg: 0.0, Max: 0.1, Diff: 0.1, Sum: 0.4]
         [Termination Attempts: Min: 1, Avg: 219.4, Max: 271, Diff: 270, Sum: 1755]
      [GC Worker Other (ms): Min: 0.0, Avg: 0.1, Max: 0.1, Diff: 0.1, Sum: 0.5]
      [GC Worker Total (ms): Min: 146.1, Avg: 146.1, Max: 146.3, Diff: 0.2, Sum: 1169.2]
      [GC Worker End (ms): Min: 130220.5, Avg: 130220.5, Max: 130220.6, Diff: 0.1]
   [Code Root Fixup: 0.0 ms]
   [Code Root Purge: 0.0 ms]
   [Clear CT: 0.4 ms]
   [Other: 1.1 ms]
      [Choose CSet: 0.0 ms]
      [Ref Proc: 0.2 ms]
      [Ref Enq: 0.0 ms]
      [Redirty Cards: 0.3 ms]
      [Humongous Register: 0.0 ms]
      [Humongous Reclaim: 0.0 ms]
      [Free CSet: 0.3 ms]
   [Eden: 166.0M(166.0M)->0.0B(177.0M) Survivors: 24.0M->24.0M Heap: 631.1M(2048.0M)->632.6M(2048.0M)]
 [Times: user=1.14 sys=0.02, real=0.15 secs] 
2020-09-29T12:07:19.532+0200: 130.421: [GC pause (G1 Evacuation Pause) (young), 0.2942410 secs]
   [Parallel Time: 292.5 ms, GC Workers: 8]
      [GC Worker Start (ms): Min: 130421.4, Avg: 130425.5, Max: 130453.8, Diff: 32.4]
      [Ext Root Scanning (ms): Min: 0.0, Avg: 0.1, Max: 0.2, Diff: 0.2, Sum: 1.0]
      [Update RS (ms): Min: 0.0, Avg: 27.4, Max: 32.0, Diff: 32.0, Sum: 219.5]
         [Processed Buffers: Min: 0, Avg: 16.8, Max: 21, Diff: 21, Sum: 134]
      [Scan RS (ms): Min: 15.3, Avg: 18.8, Max: 37.0, Diff: 21.6, Sum: 150.4]
      [Code Root Scanning (ms): Min: 0.0, Avg: 0.0, Max: 0.0, Diff: 0.0, Sum: 0.0]
      [Object Copy (ms): Min: 223.3, Avg: 241.3, Max: 244.4, Diff: 21.1, Sum: 1930.4]
      [Termination (ms): Min: 0.0, Avg: 0.5, Max: 1.7, Diff: 1.7, Sum: 3.6]
         [Termination Attempts: Min: 1, Avg: 682.8, Max: 992, Diff: 991, Sum: 5462]
      [GC Worker Other (ms): Min: 0.0, Avg: 0.0, Max: 0.0, Diff: 0.0, Sum: 0.2]
      [GC Worker Total (ms): Min: 259.8, Avg: 288.1, Max: 292.3, Diff: 32.5, Sum: 2305.1]
      [GC Worker End (ms): Min: 130713.6, Avg: 130713.6, Max: 130713.7, Diff: 0.1]
   [Code Root Fixup: 0.0 ms]
   [Code Root Purge: 0.0 ms]
   [Clear CT: 0.3 ms]
   [Other: 1.4 ms]
      [Choose CSet: 0.0 ms]
      [Ref Proc: 0.4 ms]
      [Ref Enq: 0.0 ms]
      [Redirty Cards: 0.4 ms]
      [Humongous Register: 0.1 ms]
      [Humongous Reclaim: 0.0 ms]
      [Free CSet: 0.3 ms]
   [Eden: 177.0M(177.0M)->0.0B(119.0M) Survivors: 24.0M->26.0M Heap: 838.3M(2048.0M)->839.8M(2048.0M)]
 [Times: user=1.86 sys=0.02, real=0.29 secs] 
2020-09-29T12:07:19.984+0200: 130.873: [GC pause (G1 Evacuation Pause) (young), 0.1574888 secs]
   [Parallel Time: 155.9 ms, GC Workers: 8]
      [GC Worker Start (ms): Min: 130872.8, Avg: 130872.9, Max: 130873.0, Diff: 0.2]
      [Ext Root Scanning (ms): Min: 0.1, Avg: 0.1, Max: 0.2, Diff: 0.2, Sum: 1.0]
      [Update RS (ms): Min: 21.7, Avg: 21.9, Max: 22.7, Diff: 1.0, Sum: 175.4]
         [Processed Buffers: Min: 13, Avg: 14.6, Max: 16, Diff: 3, Sum: 117]
      [Scan RS (ms): Min: 8.1, Avg: 8.8, Max: 9.1, Diff: 1.0, Sum: 70.2]
      [Code Root Scanning (ms): Min: 0.0, Avg: 0.0, Max: 0.0, Diff: 0.0, Sum: 0.0]
      [Object Copy (ms): Min: 124.5, Avg: 124.6, Max: 124.7, Diff: 0.2, Sum: 996.9]
      [Termination (ms): Min: 0.0, Avg: 0.1, Max: 0.1, Diff: 0.1, Sum: 0.7]
         [Termination Attempts: Min: 1, Avg: 296.5, Max: 366, Diff: 365, Sum: 2372]
      [GC Worker Other (ms): Min: 0.0, Avg: 0.0, Max: 0.1, Diff: 0.1, Sum: 0.3]
      [GC Worker Total (ms): Min: 155.5, Avg: 155.6, Max: 155.7, Diff: 0.2, Sum: 1244.7]
      [GC Worker End (ms): Min: 131028.4, Avg: 131028.5, Max: 131028.5, Diff: 0.1]
   [Code Root Fixup: 0.0 ms]
   [Code Root Purge: 0.0 ms]
   [Clear CT: 0.4 ms]
   [Other: 1.3 ms]
      [Choose CSet: 0.0 ms]
      [Ref Proc: 0.3 ms]
      [Ref Enq: 0.0 ms]
      [Redirty Cards: 0.4 ms]
      [Humongous Register: 0.1 ms]
      [Humongous Reclaim: 0.0 ms]
      [Free CSet: 0.2 ms]
   [Eden: 119.0M(119.0M)->0.0B(133.0M) Survivors: 26.0M->19.0M Heap: 979.7M(2048.0M)->981.7M(2048.0M)]
 [Times: user=1.11 sys=0.03, real=0.16 secs] 
2020-09-29T12:07:20.164+0200: 131.052: [GC pause (G1 Humongous Allocation) (young) (initial-mark), 0.0741713 secs]
   [Parallel Time: 72.7 ms, GC Workers: 8]
      [GC Worker Start (ms): Min: 131052.6, Avg: 131052.8, Max: 131053.0, Diff: 0.3]
      [Ext Root Scanning (ms): Min: 0.0, Avg: 4.3, Max: 31.4, Diff: 31.4, Sum: 34.1]
      [Update RS (ms): Min: 0.0, Avg: 24.3, Max: 28.7, Diff: 28.7, Sum: 194.3]
         [Processed Buffers: Min: 0, Avg: 15.3, Max: 19, Diff: 19, Sum: 122]
      [Scan RS (ms): Min: 0.0, Avg: 2.5, Max: 3.5, Diff: 3.5, Sum: 19.8]
      [Code Root Scanning (ms): Min: 0.0, Avg: 0.0, Max: 0.0, Diff: 0.0, Sum: 0.0]
      [Object Copy (ms): Min: 40.7, Avg: 41.2, Max: 41.3, Diff: 0.6, Sum: 329.3]
      [Termination (ms): Min: 0.0, Avg: 0.1, Max: 0.1, Diff: 0.1, Sum: 0.6]
         [Termination Attempts: Min: 1, Avg: 59.6, Max: 99, Diff: 98, Sum: 477]
      [GC Worker Other (ms): Min: 0.0, Avg: 0.0, Max: 0.0, Diff: 0.0, Sum: 0.1]
      [GC Worker Total (ms): Min: 72.1, Avg: 72.3, Max: 72.4, Diff: 0.3, Sum: 578.3]
      [GC Worker End (ms): Min: 131125.1, Avg: 131125.1, Max: 131125.1, Diff: 0.0]
   [Code Root Fixup: 0.0 ms]
   [Code Root Purge: 0.0 ms]
   [Clear CT: 0.3 ms]
   [Other: 1.2 ms]
      [Choose CSet: 0.0 ms]
      [Ref Proc: 0.4 ms]
      [Ref Enq: 0.0 ms]
      [Redirty Cards: 0.3 ms]
      [Humongous Register: 0.1 ms]
      [Humongous Reclaim: 0.0 ms]
      [Free CSet: 0.1 ms]
   [Eden: 11.0M(133.0M)->0.0B(122.0M) Survivors: 19.0M->12.0M Heap: 992.2M(2048.0M)->994.7M(2048.0M)]
 [Times: user=0.42 sys=0.00, real=0.07 secs] 
2020-09-29T12:07:20.238+0200: 131.127: [GC concurrent-root-region-scan-start]
2020-09-29T12:07:20.245+0200: 131.133: [GC concurrent-root-region-scan-end, 0.0066232 secs]
2020-09-29T12:07:20.245+0200: 131.133: [GC concurrent-mark-start]
2020-09-29T12:07:20.250+0200: 131.139: [GC concurrent-mark-end, 0.0051815 secs]
2020-09-29T12:07:20.250+0200: 131.139: [GC remark 2020-09-29T12:07:20.251+0200: 131.139: [Finalize Marking, 0.0002829 secs] 2020-09-29T12:07:20.251+0200: 131.139: [GC ref-proc, 0.0005143 secs] 2020-09-29T12:07:20.251+0200: 131.140: [Unloading, 0.0006754 secs], 0.0019615 secs]
 [Times: user=0.00 sys=0.00, real=0.00 secs] 
2020-09-29T12:07:20.253+0200: 131.141: [GC cleanup 1008M->33M(2048M), 0.0022343 secs]
 [Times: user=0.13 sys=0.00, real=0.00 secs] 
2020-09-29T12:07:20.255+0200: 131.144: [GC concurrent-cleanup-start]
2020-09-29T12:07:20.259+0200: 131.148: [GC concurrent-cleanup-end, 0.0040441 secs]
2020-09-29T12:07:20.394+0200: 131.283: [GC pause (G1 Evacuation Pause) (young), 0.2024611 secs]
   [Parallel Time: 200.5 ms, GC Workers: 8]
      [GC Worker Start (ms): Min: 131283.0, Avg: 131285.7, Max: 131303.1, Diff: 20.1]
      [Ext Root Scanning (ms): Min: 0.0, Avg: 0.1, Max: 0.2, Diff: 0.2, Sum: 0.9]
      [Update RS (ms): Min: 0.0, Avg: 18.7, Max: 31.8, Diff: 31.8, Sum: 149.7]
         [Processed Buffers: Min: 0, Avg: 9.9, Max: 14, Diff: 14, Sum: 79]
      [Scan RS (ms): Min: 0.0, Avg: 9.8, Max: 11.7, Diff: 11.6, Sum: 78.8]
      [Code Root Scanning (ms): Min: 0.0, Avg: 0.0, Max: 0.0, Diff: 0.0, Sum: 0.0]
      [Object Copy (ms): Min: 167.2, Avg: 168.4, Max: 168.9, Diff: 1.7, Sum: 1347.0]
      [Termination (ms): Min: 0.1, Avg: 0.6, Max: 0.8, Diff: 0.7, Sum: 4.4]
         [Termination Attempts: Min: 1, Avg: 1731.4, Max: 2370, Diff: 2369, Sum: 13851]
      [GC Worker Other (ms): Min: 0.0, Avg: 0.0, Max: 0.0, Diff: 0.0, Sum: 0.2]
      [GC Worker Total (ms): Min: 180.2, Avg: 197.6, Max: 200.3, Diff: 20.2, Sum: 1581.0]
      [GC Worker End (ms): Min: 131483.3, Avg: 131483.3, Max: 131483.3, Diff: 0.0]
   [Code Root Fixup: 0.0 ms]
   [Code Root Purge: 0.0 ms]
   [Clear CT: 0.4 ms]
   [Other: 1.6 ms]
      [Choose CSet: 0.0 ms]
      [Ref Proc: 0.4 ms]
      [Ref Enq: 0.0 ms]
      [Redirty Cards: 0.4 ms]
      [Humongous Register: 0.1 ms]
      [Humongous Reclaim: 0.0 ms]
      [Free CSet: 0.3 ms]
   [Eden: 122.0M(122.0M)->0.0B(105.0M) Survivors: 12.0M->17.0M Heap: 163.5M(2048.0M)->154.0M(2048.0M)]
 [Times: user=1.36 sys=0.00, real=0.20 secs] 
2020-09-29T12:07:20.748+0200: 131.636: [GC pause (G1 Evacuation Pause) (young), 0.1383056 secs]
   [Parallel Time: 136.8 ms, GC Workers: 8]
      [GC Worker Start (ms): Min: 131636.6, Avg: 131636.7, Max: 131636.8, Diff: 0.2]
      [Ext Root Scanning (ms): Min: 0.0, Avg: 0.1, Max: 0.2, Diff: 0.2, Sum: 1.0]
      [Update RS (ms): Min: 21.9, Avg: 22.5, Max: 23.1, Diff: 1.2, Sum: 179.9]
         [Processed Buffers: Min: 11, Avg: 13.0, Max: 15, Diff: 4, Sum: 104]
      [Scan RS (ms): Min: 5.7, Avg: 6.3, Max: 6.9, Diff: 1.3, Sum: 50.7]
      [Code Root Scanning (ms): Min: 0.0, Avg: 0.0, Max: 0.0, Diff: 0.0, Sum: 0.0]
      [Object Copy (ms): Min: 107.4, Avg: 107.6, Max: 107.6, Diff: 0.2, Sum: 860.4]
      [Termination (ms): Min: 0.0, Avg: 0.0, Max: 0.0, Diff: 0.0, Sum: 0.0]
         [Termination Attempts: Min: 1, Avg: 13.3, Max: 25, Diff: 24, Sum: 106]
      [GC Worker Other (ms): Min: 0.0, Avg: 0.0, Max: 0.1, Diff: 0.1, Sum: 0.3]
      [GC Worker Total (ms): Min: 136.5, Avg: 136.6, Max: 136.6, Diff: 0.2, Sum: 1092.5]
      [GC Worker End (ms): Min: 131773.2, Avg: 131773.3, Max: 131773.3, Diff: 0.1]
   [Code Root Fixup: 0.0 ms]
   [Code Root Purge: 0.0 ms]
   [Clear CT: 0.3 ms]
   [Other: 1.1 ms]
      [Choose CSet: 0.0 ms]
      [Ref Proc: 0.2 ms]
      [Ref Enq: 0.0 ms]
      [Redirty Cards: 0.4 ms]
      [Humongous Register: 0.1 ms]
      [Humongous Reclaim: 0.0 ms]
      [Free CSet: 0.2 ms]
   [Eden: 105.0M(105.0M)->0.0B(116.0M) Survivors: 17.0M->16.0M Heap: 276.1M(2048.0M)->278.1M(2048.0M)]
 [Times: user=1.05 sys=0.00, real=0.14 secs] 
2020-09-29T12:07:21.061+0200: 131.949: [GC pause (G1 Evacuation Pause) (young), 0.1797815 secs]
   [Parallel Time: 178.0 ms, GC Workers: 8]
      [GC Worker Start (ms): Min: 131949.5, Avg: 131952.5, Max: 131960.4, Diff: 10.8]
      [Ext Root Scanning (ms): Min: 0.0, Avg: 0.1, Max: 0.2, Diff: 0.2, Sum: 0.8]
      [Update RS (ms): Min: 8.1, Avg: 16.4, Max: 21.0, Diff: 12.9, Sum: 131.2]
         [Processed Buffers: Min: 5, Avg: 9.6, Max: 14, Diff: 9, Sum: 77]
      [Scan RS (ms): Min: 8.0, Avg: 9.7, Max: 10.5, Diff: 2.5, Sum: 78.0]
      [Code Root Scanning (ms): Min: 0.0, Avg: 0.0, Max: 0.0, Diff: 0.0, Sum: 0.0]
      [Object Copy (ms): Min: 147.3, Avg: 148.2, Max: 148.5, Diff: 1.2, Sum: 1185.8]
      [Termination (ms): Min: 0.1, Avg: 0.4, Max: 1.3, Diff: 1.2, Sum: 3.3]
         [Termination Attempts: Min: 1, Avg: 676.5, Max: 1067, Diff: 1066, Sum: 5412]
      [GC Worker Other (ms): Min: 0.0, Avg: 0.0, Max: 0.0, Diff: 0.0, Sum: 0.1]
      [GC Worker Total (ms): Min: 167.0, Avg: 174.9, Max: 177.8, Diff: 10.8, Sum: 1399.1]
      [GC Worker End (ms): Min: 132127.3, Avg: 132127.4, Max: 132127.4, Diff: 0.1]
   [Code Root Fixup: 0.0 ms]
   [Code Root Purge: 0.0 ms]
   [Clear CT: 0.3 ms]
   [Other: 1.4 ms]
      [Choose CSet: 0.0 ms]
      [Ref Proc: 0.4 ms]
      [Ref Enq: 0.0 ms]
      [Redirty Cards: 0.4 ms]
      [Humongous Register: 0.1 ms]
      [Humongous Reclaim: 0.0 ms]
      [Free CSet: 0.2 ms]
   [Eden: 116.0M(116.0M)->0.0B(115.0M) Survivors: 16.0M->17.0M Heap: 413.2M(2048.0M)->415.7M(2048.0M)]
 [Times: user=1.24 sys=0.00, real=0.18 secs] 
2020-09-29T12:07:21.395+0200: 132.283: [GC pause (G1 Evacuation Pause) (young), 0.1676133 secs]
   [Parallel Time: 165.4 ms, GC Workers: 8]
      [GC Worker Start (ms): Min: 132283.3, Avg: 132287.0, Max: 132312.1, Diff: 28.8]
      [Ext Root Scanning (ms): Min: 0.0, Avg: 0.2, Max: 0.3, Diff: 0.3, Sum: 1.3]
      [Update RS (ms): Min: 0.0, Avg: 21.4, Max: 24.9, Diff: 24.9, Sum: 171.5]
         [Processed Buffers: Min: 0, Avg: 13.8, Max: 20, Diff: 20, Sum: 110]
      [Scan RS (ms): Min: 4.4, Avg: 8.1, Max: 9.5, Diff: 5.0, Sum: 64.8]
      [Code Root Scanning (ms): Min: 0.0, Avg: 0.0, Max: 0.0, Diff: 0.0, Sum: 0.0]
      [Object Copy (ms): Min: 131.1, Avg: 131.8, Max: 132.1, Diff: 1.0, Sum: 1054.2]
      [Termination (ms): Min: 0.0, Avg: 0.1, Max: 0.1, Diff: 0.1, Sum: 0.4]
         [Termination Attempts: Min: 1, Avg: 173.5, Max: 234, Diff: 233, Sum: 1388]
      [GC Worker Other (ms): Min: 0.0, Avg: 0.0, Max: 0.0, Diff: 0.0, Sum: 0.2]
      [GC Worker Total (ms): Min: 136.5, Avg: 161.6, Max: 165.2, Diff: 28.8, Sum: 1292.5]
      [GC Worker End (ms): Min: 132448.5, Avg: 132448.5, Max: 132448.5, Diff: 0.0]
   [Code Root Fixup: 0.0 ms]
   [Code Root Purge: 0.0 ms]
   [Clear CT: 0.7 ms]
   [Other: 1.5 ms]
      [Choose CSet: 0.0 ms]
      [Ref Proc: 0.4 ms]
      [Ref Enq: 0.0 ms]
      [Redirty Cards: 0.4 ms]
      [Humongous Register: 0.1 ms]
      [Humongous Reclaim: 0.0 ms]
      [Free CSet: 0.2 ms]
   [Eden: 115.0M(115.0M)->0.0B(119.0M) Survivors: 17.0M->17.0M Heap: 551.7M(2048.0M)->553.7M(2048.0M)]
 [Times: user=1.33 sys=0.00, real=0.17 secs] 
2020-09-29T12:07:21.701+0200: 132.590: [GC pause (G1 Evacuation Pause) (young), 0.2157269 secs]
   [Parallel Time: 214.2 ms, GC Workers: 8]
      [GC Worker Start (ms): Min: 132590.2, Avg: 132602.4, Max: 132622.7, Diff: 32.5]
      [Ext Root Scanning (ms): Min: 0.0, Avg: 0.1, Max: 0.2, Diff: 0.2, Sum: 0.9]
      [Update RS (ms): Min: 0.0, Avg: 16.9, Max: 27.2, Diff: 27.2, Sum: 135.4]
         [Processed Buffers: Min: 0, Avg: 11.1, Max: 20, Diff: 20, Sum: 89]
      [Scan RS (ms): Min: 9.1, Avg: 16.6, Max: 37.1, Diff: 28.1, Sum: 132.7]
      [Code Root Scanning (ms): Min: 0.0, Avg: 0.0, Max: 0.0, Diff: 0.0, Sum: 0.0]
      [Object Copy (ms): Min: 149.4, Avg: 168.0, Max: 172.4, Diff: 23.0, Sum: 1344.3]
      [Termination (ms): Min: 0.0, Avg: 0.2, Max: 0.3, Diff: 0.3, Sum: 1.6]
         [Termination Attempts: Min: 1, Avg: 616.3, Max: 765, Diff: 764, Sum: 4930]
      [GC Worker Other (ms): Min: 0.0, Avg: 0.0, Max: 0.1, Diff: 0.1, Sum: 0.4]
      [GC Worker Total (ms): Min: 181.6, Avg: 201.9, Max: 214.1, Diff: 32.5, Sum: 1615.1]
      [GC Worker End (ms): Min: 132804.3, Avg: 132804.3, Max: 132804.3, Diff: 0.1]
   [Code Root Fixup: 0.0 ms]
   [Code Root Purge: 0.0 ms]
   [Clear CT: 0.3 ms]
   [Other: 1.2 ms]
      [Choose CSet: 0.0 ms]
      [Ref Proc: 0.3 ms]
      [Ref Enq: 0.0 ms]
      [Redirty Cards: 0.3 ms]
      [Humongous Register: 0.1 ms]
      [Humongous Reclaim: 0.0 ms]
      [Free CSet: 0.2 ms]
   [Eden: 119.0M(119.0M)->0.0B(105.0M) Survivors: 17.0M->17.0M Heap: 691.8M(2048.0M)->693.3M(2048.0M)]
 [Times: user=1.58 sys=0.00, real=0.22 secs] 
2020-09-29T12:07:22.045+0200: 132.934: [GC pause (G1 Evacuation Pause) (young), 0.1305945 secs]
   [Parallel Time: 129.0 ms, GC Workers: 8]
      [GC Worker Start (ms): Min: 132933.8, Avg: 132933.9, Max: 132934.0, Diff: 0.2]
      [Ext Root Scanning (ms): Min: 0.1, Avg: 0.1, Max: 0.2, Diff: 0.2, Sum: 1.1]
      [Update RS (ms): Min: 17.7, Avg: 18.2, Max: 18.8, Diff: 1.1, Sum: 145.2]
         [Processed Buffers: Min: 9, Avg: 11.4, Max: 13, Diff: 4, Sum: 91]
      [Scan RS (ms): Min: 7.2, Avg: 7.9, Max: 8.4, Diff: 1.2, Sum: 63.0]
      [Code Root Scanning (ms): Min: 0.0, Avg: 0.0, Max: 0.0, Diff: 0.0, Sum: 0.0]
      [Object Copy (ms): Min: 102.4, Avg: 102.5, Max: 102.6, Diff: 0.2, Sum: 820.1]
      [Termination (ms): Min: 0.0, Avg: 0.0, Max: 0.0, Diff: 0.0, Sum: 0.1]
         [Termination Attempts: Min: 1, Avg: 18.5, Max: 28, Diff: 27, Sum: 148]
      [GC Worker Other (ms): Min: 0.0, Avg: 0.0, Max: 0.1, Diff: 0.0, Sum: 0.2]
      [GC Worker Total (ms): Min: 128.6, Avg: 128.7, Max: 128.8, Diff: 0.2, Sum: 1029.7]
      [GC Worker End (ms): Min: 133062.6, Avg: 133062.6, Max: 133062.6, Diff: 0.0]
   [Code Root Fixup: 0.0 ms]
   [Code Root Purge: 0.0 ms]
   [Clear CT: 0.3 ms]
   [Other: 1.2 ms]
      [Choose CSet: 0.0 ms]
      [Ref Proc: 0.3 ms]
      [Ref Enq: 0.0 ms]
      [Redirty Cards: 0.3 ms]
      [Humongous Register: 0.1 ms]
      [Humongous Reclaim: 0.0 ms]
      [Free CSet: 0.2 ms]
   [Eden: 105.0M(105.0M)->0.0B(119.0M) Survivors: 17.0M->16.0M Heap: 815.4M(2048.0M)->817.4M(2048.0M)]
 [Times: user=0.94 sys=0.00, real=0.13 secs] 
2020-09-29T12:07:22.321+0200: 133.210: [GC pause (G1 Evacuation Pause) (young), 0.1618657 secs]
   [Parallel Time: 160.3 ms, GC Workers: 8]
      [GC Worker Start (ms): Min: 133209.9, Avg: 133210.0, Max: 133210.1, Diff: 0.1]
      [Ext Root Scanning (ms): Min: 0.1, Avg: 0.2, Max: 0.2, Diff: 0.1, Sum: 1.2]
      [Update RS (ms): Min: 21.3, Avg: 21.9, Max: 22.7, Diff: 1.4, Sum: 175.2]
         [Processed Buffers: Min: 12, Avg: 12.9, Max: 14, Diff: 2, Sum: 103]
      [Scan RS (ms): Min: 7.4, Avg: 8.3, Max: 9.2, Diff: 1.7, Sum: 66.5]
      [Code Root Scanning (ms): Min: 0.0, Avg: 0.0, Max: 0.0, Diff: 0.0, Sum: 0.0]
      [Object Copy (ms): Min: 128.9, Avg: 129.2, Max: 129.7, Diff: 0.8, Sum: 1033.7]
      [Termination (ms): Min: 0.1, Avg: 0.4, Max: 0.5, Diff: 0.4, Sum: 3.4]
         [Termination Attempts: Min: 1, Avg: 1235.0, Max: 1641, Diff: 1640, Sum: 9880]
      [GC Worker Other (ms): Min: 0.0, Avg: 0.0, Max: 0.0, Diff: 0.0, Sum: 0.2]
      [GC Worker Total (ms): Min: 160.0, Avg: 160.0, Max: 160.1, Diff: 0.2, Sum: 1280.2]
      [GC Worker End (ms): Min: 133370.0, Avg: 133370.0, Max: 133370.1, Diff: 0.1]
   [Code Root Fixup: 0.0 ms]
   [Code Root Purge: 0.0 ms]
   [Clear CT: 0.3 ms]
   [Other: 1.3 ms]
      [Choose CSet: 0.0 ms]
      [Ref Proc: 0.3 ms]
      [Ref Enq: 0.0 ms]
      [Redirty Cards: 0.4 ms]
      [Humongous Register: 0.1 ms]
      [Humongous Reclaim: 0.0 ms]
      [Free CSet: 0.2 ms]
   [Eden: 119.0M(119.0M)->0.0B(125.0M) Survivors: 16.0M->17.0M Heap: 955.5M(2048.0M)->957.5M(2048.0M)]
 [Times: user=1.17 sys=0.00, real=0.16 secs] 
2020-09-29T12:07:22.484+0200: 133.372: [GC pause (G1 Humongous Allocation) (young) (initial-mark), 0.0557306 secs]
   [Parallel Time: 54.1 ms, GC Workers: 8]
      [GC Worker Start (ms): Min: 133372.4, Avg: 133372.6, Max: 133372.7, Diff: 0.3]
      [Ext Root Scanning (ms): Min: 0.0, Avg: 0.2, Max: 0.4, Diff: 0.4, Sum: 1.9]
      [Update RS (ms): Min: 37.6, Avg: 38.0, Max: 38.3, Diff: 0.7, Sum: 303.7]
         [Processed Buffers: Min: 22, Avg: 23.4, Max: 25, Diff: 3, Sum: 187]
      [Scan RS (ms): Min: 0.0, Avg: 0.0, Max: 0.0, Diff: 0.0, Sum: 0.0]
      [Code Root Scanning (ms): Min: 0.0, Avg: 0.0, Max: 0.0, Diff: 0.0, Sum: 0.0]
      [Object Copy (ms): Min: 15.4, Avg: 15.7, Max: 16.1, Diff: 0.7, Sum: 125.7]
      [Termination (ms): Min: 0.0, Avg: 0.0, Max: 0.1, Diff: 0.1, Sum: 0.1]
         [Termination Attempts: Min: 1, Avg: 24.3, Max: 31, Diff: 30, Sum: 194]
      [GC Worker Other (ms): Min: 0.0, Avg: 0.0, Max: 0.0, Diff: 0.0, Sum: 0.2]
      [GC Worker Total (ms): Min: 53.8, Avg: 54.0, Max: 54.1, Diff: 0.3, Sum: 431.6]
      [GC Worker End (ms): Min: 133426.5, Avg: 133426.5, Max: 133426.5, Diff: 0.0]
   [Code Root Fixup: 0.0 ms]
   [Code Root Purge: 0.0 ms]
   [Clear CT: 0.5 ms]
   [Other: 1.1 ms]
      [Choose CSet: 0.0 ms]
      [Ref Proc: 0.3 ms]
      [Ref Enq: 0.0 ms]
      [Redirty Cards: 0.3 ms]
      [Humongous Register: 0.1 ms]
      [Humongous Reclaim: 0.0 ms]
      [Free CSet: 0.1 ms]
   [Eden: 1024.0K(125.0M)->0.0B(160.0M) Survivors: 17.0M->2048.0K Heap: 958.0M(2048.0M)->960.5M(2048.0M)]
 [Times: user=0.47 sys=0.02, real=0.06 secs] 
2020-09-29T12:07:22.540+0200: 133.428: [GC concurrent-root-region-scan-start]
2020-09-29T12:07:22.540+0200: 133.429: [GC concurrent-root-region-scan-end, 0.0003559 secs]
2020-09-29T12:07:22.540+0200: 133.429: [GC concurrent-mark-start]
2020-09-29T12:07:22.549+0200: 133.437: [GC concurrent-mark-end, 0.0079986 secs]
2020-09-29T12:07:22.549+0200: 133.438: [GC remark 2020-09-29T12:07:22.549+0200: 133.438: [Finalize Marking, 0.0004722 secs] 2020-09-29T12:07:22.550+0200: 133.438: [GC ref-proc, 0.0006864 secs] 2020-09-29T12:07:22.550+0200: 133.439: [Unloading, 0.0009041 secs], 0.0027273 secs]
 [Times: user=0.13 sys=0.00, real=0.00 secs] 
2020-09-29T12:07:22.553+0200: 133.441: [GC cleanup 971M->21M(2048M), 0.0032002 secs]
 [Times: user=0.00 sys=0.00, real=0.00 secs] 
2020-09-29T12:07:22.556+0200: 133.445: [GC concurrent-cleanup-start]
2020-09-29T12:07:22.558+0200: 133.447: [GC concurrent-cleanup-end, 0.0024762 secs]
2020-09-29T12:07:22.783+0200: 133.672: [GC pause (G1 Evacuation Pause) (young), 0.1833252 secs]
   [Parallel Time: 181.6 ms, GC Workers: 8]
      [GC Worker Start (ms): Min: 133671.8, Avg: 133671.9, Max: 133672.0, Diff: 0.2]
      [Ext Root Scanning (ms): Min: 0.0, Avg: 0.1, Max: 0.2, Diff: 0.2, Sum: 1.1]
      [Update RS (ms): Min: 16.7, Avg: 17.2, Max: 17.9, Diff: 1.2, Sum: 137.2]
         [Processed Buffers: Min: 10, Avg: 10.5, Max: 11, Diff: 1, Sum: 84]
      [Scan RS (ms): Min: 11.7, Avg: 12.5, Max: 13.0, Diff: 1.2, Sum: 99.7]
      [Code Root Scanning (ms): Min: 0.0, Avg: 0.0, Max: 0.0, Diff: 0.0, Sum: 0.0]
      [Object Copy (ms): Min: 151.0, Avg: 151.2, Max: 151.5, Diff: 0.5, Sum: 1209.3]
      [Termination (ms): Min: 0.0, Avg: 0.3, Max: 0.4, Diff: 0.4, Sum: 2.7]
         [Termination Attempts: Min: 1, Avg: 1278.8, Max: 1522, Diff: 1521, Sum: 10230]
      [GC Worker Other (ms): Min: 0.0, Avg: 0.1, Max: 0.1, Diff: 0.1, Sum: 0.4]
      [GC Worker Total (ms): Min: 181.2, Avg: 181.3, Max: 181.4, Diff: 0.2, Sum: 1450.5]
      [GC Worker End (ms): Min: 133853.2, Avg: 133853.2, Max: 133853.2, Diff: 0.1]
   [Code Root Fixup: 0.0 ms]
   [Code Root Purge: 0.0 ms]
   [Clear CT: 0.3 ms]
   [Other: 1.4 ms]
      [Choose CSet: 0.0 ms]
      [Ref Proc: 0.4 ms]
      [Ref Enq: 0.0 ms]
      [Redirty Cards: 0.3 ms]
      [Humongous Register: 0.1 ms]
      [Humongous Reclaim: 0.0 ms]
      [Free CSet: 0.2 ms]
   [Eden: 160.0M(160.0M)->0.0B(133.0M) Survivors: 2048.0K->21.0M Heap: 197.2M(2048.0M)->198.2M(2048.0M)]
 [Times: user=1.41 sys=0.00, real=0.18 secs] 
2020-09-29T12:07:23.174+0200: 134.063: [GC pause (G1 Evacuation Pause) (young), 0.1493085 secs]
   [Parallel Time: 147.5 ms, GC Workers: 8]
      [GC Worker Start (ms): Min: 134063.1, Avg: 134063.1, Max: 134063.2, Diff: 0.1]
      [Ext Root Scanning (ms): Min: 0.1, Avg: 0.1, Max: 0.2, Diff: 0.1, Sum: 1.1]
      [Update RS (ms): Min: 15.4, Avg: 15.8, Max: 16.3, Diff: 1.0, Sum: 126.4]
         [Processed Buffers: Min: 10, Avg: 10.5, Max: 11, Diff: 1, Sum: 84]
      [Scan RS (ms): Min: 11.6, Avg: 12.2, Max: 12.6, Diff: 1.0, Sum: 97.5]
      [Code Root Scanning (ms): Min: 0.0, Avg: 0.0, Max: 0.0, Diff: 0.0, Sum: 0.0]
      [Object Copy (ms): Min: 118.9, Avg: 119.0, Max: 119.0, Diff: 0.1, Sum: 951.9]
      [Termination (ms): Min: 0.0, Avg: 0.1, Max: 0.1, Diff: 0.1, Sum: 0.5]
         [Termination Attempts: Min: 1, Avg: 211.4, Max: 273, Diff: 272, Sum: 1691]
      [GC Worker Other (ms): Min: 0.0, Avg: 0.0, Max: 0.1, Diff: 0.1, Sum: 0.3]
      [GC Worker Total (ms): Min: 147.2, Avg: 147.2, Max: 147.3, Diff: 0.1, Sum: 1177.8]
      [GC Worker End (ms): Min: 134210.3, Avg: 134210.4, Max: 134210.4, Diff: 0.1]
   [Code Root Fixup: 0.0 ms]
   [Code Root Purge: 0.0 ms]
   [Clear CT: 0.3 ms]
   [Other: 1.5 ms]
      [Choose CSet: 0.0 ms]
      [Ref Proc: 0.4 ms]
      [Ref Enq: 0.0 ms]
      [Redirty Cards: 0.4 ms]
      [Humongous Register: 0.1 ms]
      [Humongous Reclaim: 0.0 ms]
      [Free CSet: 0.3 ms]
   [Eden: 133.0M(133.0M)->0.0B(137.0M) Survivors: 21.0M->20.0M Heap: 354.1M(2048.0M)->355.6M(2048.0M)]
 [Times: user=1.25 sys=0.00, real=0.15 secs] 
2020-09-29T12:07:23.526+0200: 134.416: [GC pause (G1 Evacuation Pause) (young), 0.2111112 secs]
   [Parallel Time: 209.4 ms, GC Workers: 8]
      [GC Worker Start (ms): Min: 134415.7, Avg: 134419.8, Max: 134447.7, Diff: 32.0]
      [Ext Root Scanning (ms): Min: 0.0, Avg: 0.1, Max: 0.2, Diff: 0.2, Sum: 1.1]
      [Update RS (ms): Min: 0.0, Avg: 20.8, Max: 24.8, Diff: 24.8, Sum: 166.5]
         [Processed Buffers: Min: 0, Avg: 12.9, Max: 16, Diff: 16, Sum: 103]
      [Scan RS (ms): Min: 4.1, Avg: 14.6, Max: 40.4, Diff: 36.3, Sum: 117.1]
      [Code Root Scanning (ms): Min: 0.0, Avg: 0.0, Max: 0.0, Diff: 0.0, Sum: 0.0]
      [Object Copy (ms): Min: 145.1, Avg: 169.4, Max: 173.1, Diff: 28.0, Sum: 1355.3]
      [Termination (ms): Min: 0.0, Avg: 0.2, Max: 0.3, Diff: 0.3, Sum: 1.4]
         [Termination Attempts: Min: 1, Avg: 381.6, Max: 635, Diff: 634, Sum: 3053]
      [GC Worker Other (ms): Min: 0.0, Avg: 0.0, Max: 0.0, Diff: 0.0, Sum: 0.2]
      [GC Worker Total (ms): Min: 177.3, Avg: 205.2, Max: 209.3, Diff: 32.0, Sum: 1641.7]
      [GC Worker End (ms): Min: 134625.0, Avg: 134625.0, Max: 134625.0, Diff: 0.0]
   [Code Root Fixup: 0.0 ms]
   [Code Root Purge: 0.0 ms]
   [Clear CT: 0.3 ms]
   [Other: 1.4 ms]
      [Choose CSet: 0.0 ms]
      [Ref Proc: 0.4 ms]
      [Ref Enq: 0.0 ms]
      [Redirty Cards: 0.4 ms]
      [Humongous Register: 0.1 ms]
      [Humongous Reclaim: 0.0 ms]
      [Free CSet: 0.2 ms]
   [Eden: 137.0M(137.0M)->0.0B(124.0M) Survivors: 20.0M->20.0M Heap: 515.5M(2048.0M)->518.5M(2048.0M)]
 [Times: user=1.41 sys=0.00, real=0.21 secs] 
2020-09-29T12:07:23.931+0200: 134.820: [GC pause (G1 Evacuation Pause) (young), 0.1527041 secs]
   [Parallel Time: 151.1 ms, GC Workers: 8]
      [GC Worker Start (ms): Min: 134820.0, Avg: 134820.8, Max: 134822.8, Diff: 2.9]
      [Ext Root Scanning (ms): Min: 0.0, Avg: 0.1, Max: 0.2, Diff: 0.2, Sum: 1.0]
      [Update RS (ms): Min: 15.8, Avg: 18.0, Max: 19.3, Diff: 3.5, Sum: 144.1]
         [Processed Buffers: Min: 10, Avg: 11.9, Max: 14, Diff: 4, Sum: 95]
      [Scan RS (ms): Min: 10.1, Avg: 10.8, Max: 11.1, Diff: 1.0, Sum: 86.3]
      [Code Root Scanning (ms): Min: 0.0, Avg: 0.0, Max: 0.0, Diff: 0.0, Sum: 0.0]
      [Object Copy (ms): Min: 120.7, Avg: 120.9, Max: 121.0, Diff: 0.3, Sum: 967.2]
      [Termination (ms): Min: 0.0, Avg: 0.1, Max: 0.1, Diff: 0.1, Sum: 0.8]
         [Termination Attempts: Min: 1, Avg: 341.6, Max: 437, Diff: 436, Sum: 2733]
      [GC Worker Other (ms): Min: 0.0, Avg: 0.1, Max: 0.1, Diff: 0.1, Sum: 0.4]
      [GC Worker Total (ms): Min: 147.9, Avg: 150.0, Max: 150.8, Diff: 2.9, Sum: 1199.9]
      [GC Worker End (ms): Min: 134970.7, Avg: 134970.8, Max: 134970.8, Diff: 0.1]
   [Code Root Fixup: 0.0 ms]
   [Code Root Purge: 0.0 ms]
   [Clear CT: 0.3 ms]
   [Other: 1.4 ms]
      [Choose CSet: 0.0 ms]
      [Ref Proc: 0.4 ms]
      [Ref Enq: 0.0 ms]
      [Redirty Cards: 0.3 ms]
      [Humongous Register: 0.1 ms]
      [Humongous Reclaim: 0.0 ms]
      [Free CSet: 0.2 ms]
   [Eden: 124.0M(124.0M)->0.0B(135.0M) Survivors: 20.0M->18.0M Heap: 663.5M(2048.0M)->665.0M(2048.0M)]
 [Times: user=1.22 sys=0.00, real=0.15 secs] 
2020-09-29T12:07:24.237+0200: 135.127: [GC pause (G1 Evacuation Pause) (young), 0.1631120 secs]
   [Parallel Time: 161.5 ms, GC Workers: 8]
      [GC Worker Start (ms): Min: 135126.8, Avg: 135126.9, Max: 135127.0, Diff: 0.1]
      [Ext Root Scanning (ms): Min: 0.1, Avg: 0.1, Max: 0.2, Diff: 0.2, Sum: 1.1]
      [Update RS (ms): Min: 20.9, Avg: 21.4, Max: 22.5, Diff: 1.6, Sum: 170.8]
         [Processed Buffers: Min: 12, Avg: 14.0, Max: 16, Diff: 4, Sum: 112]
      [Scan RS (ms): Min: 9.8, Avg: 11.1, Max: 11.7, Diff: 1.9, Sum: 88.6]
      [Code Root Scanning (ms): Min: 0.0, Avg: 0.0, Max: 0.0, Diff: 0.0, Sum: 0.0]
      [Object Copy (ms): Min: 128.0, Avg: 128.4, Max: 128.6, Diff: 0.7, Sum: 1027.5]
      [Termination (ms): Min: 0.0, Avg: 0.2, Max: 0.3, Diff: 0.3, Sum: 1.5]
         [Termination Attempts: Min: 1, Avg: 617.6, Max: 766, Diff: 765, Sum: 4941]
      [GC Worker Other (ms): Min: 0.0, Avg: 0.1, Max: 0.1, Diff: 0.1, Sum: 0.5]
      [GC Worker Total (ms): Min: 161.2, Avg: 161.3, Max: 161.3, Diff: 0.2, Sum: 1290.1]
      [GC Worker End (ms): Min: 135288.1, Avg: 135288.1, Max: 135288.2, Diff: 0.1]
   [Code Root Fixup: 0.0 ms]
   [Code Root Purge: 0.0 ms]
   [Clear CT: 0.3 ms]
   [Other: 1.4 ms]
      [Choose CSet: 0.0 ms]
      [Ref Proc: 0.4 ms]
      [Ref Enq: 0.0 ms]
      [Redirty Cards: 0.3 ms]
      [Humongous Register: 0.1 ms]
      [Humongous Reclaim: 0.0 ms]
      [Free CSet: 0.2 ms]
   [Eden: 135.0M(135.0M)->0.0B(139.0M) Survivors: 18.0M->20.0M Heap: 822.8M(2048.0M)->824.3M(2048.0M)]
 [Times: user=1.30 sys=0.00, real=0.16 secs] 
2020-09-29T12:07:24.504+0200: 135.393: [GC pause (G1 Evacuation Pause) (young), 0.1137897 secs]
   [Parallel Time: 112.8 ms, GC Workers: 8]
      [GC Worker Start (ms): Min: 135393.3, Avg: 135393.4, Max: 135393.5, Diff: 0.1]
      [Ext Root Scanning (ms): Min: 0.0, Avg: 0.1, Max: 0.1, Diff: 0.1, Sum: 0.7]
      [Update RS (ms): Min: 10.1, Avg: 10.3, Max: 10.7, Diff: 0.7, Sum: 82.1]
         [Processed Buffers: Min: 11, Avg: 11.8, Max: 14, Diff: 3, Sum: 94]
      [Scan RS (ms): Min: 5.9, Avg: 8.3, Max: 21.7, Diff: 15.9, Sum: 66.3]
      [Code Root Scanning (ms): Min: 0.0, Avg: 0.0, Max: 0.0, Diff: 0.0, Sum: 0.0]
      [Object Copy (ms): Min: 80.6, Avg: 93.3, Max: 95.3, Diff: 14.6, Sum: 746.5]
      [Termination (ms): Min: 0.0, Avg: 0.6, Max: 0.9, Diff: 0.9, Sum: 5.1]
         [Termination Attempts: Min: 1, Avg: 4208.4, Max: 5564, Diff: 5563, Sum: 33667]
      [GC Worker Other (ms): Min: 0.0, Avg: 0.0, Max: 0.1, Diff: 0.0, Sum: 0.3]
      [GC Worker Total (ms): Min: 112.6, Avg: 112.6, Max: 112.7, Diff: 0.1, Sum: 901.0]
      [GC Worker End (ms): Min: 135506.0, Avg: 135506.0, Max: 135506.0, Diff: 0.0]
   [Code Root Fixup: 0.0 ms]
   [Code Root Purge: 0.0 ms]
   [Clear CT: 0.2 ms]
   [Other: 0.8 ms]
      [Choose CSet: 0.0 ms]
      [Ref Proc: 0.2 ms]
      [Ref Enq: 0.0 ms]
      [Redirty Cards: 0.2 ms]
      [Humongous Register: 0.1 ms]
      [Humongous Reclaim: 0.0 ms]
      [Free CSet: 0.2 ms]
   [Eden: 139.0M(139.0M)->0.0B(155.0M) Survivors: 20.0M->20.0M Heap: 986.2M(2048.0M)->988.2M(2048.0M)]
 [Times: user=0.83 sys=0.00, real=0.11 secs] 
2020-09-29T12:07:24.626+0200: 135.516: [GC pause (G1 Humongous Allocation) (young) (initial-mark), 0.0331392 secs]
   [Parallel Time: 31.9 ms, GC Workers: 8]
      [GC Worker Start (ms): Min: 135515.9, Avg: 135515.9, Max: 135516.0, Diff: 0.2]
      [Ext Root Scanning (ms): Min: 0.0, Avg: 0.1, Max: 0.2, Diff: 0.2, Sum: 1.1]
      [Update RS (ms): Min: 16.0, Avg: 16.4, Max: 16.9, Diff: 0.8, Sum: 130.8]
         [Processed Buffers: Min: 17, Avg: 18.3, Max: 20, Diff: 3, Sum: 146]
      [Scan RS (ms): Min: 0.8, Avg: 1.3, Max: 1.8, Diff: 1.0, Sum: 10.7]
      [Code Root Scanning (ms): Min: 0.0, Avg: 0.0, Max: 0.0, Diff: 0.0, Sum: 0.0]
      [Object Copy (ms): Min: 13.5, Avg: 13.7, Max: 13.7, Diff: 0.2, Sum: 109.5]
      [Termination (ms): Min: 0.0, Avg: 0.1, Max: 0.2, Diff: 0.2, Sum: 0.7]
         [Termination Attempts: Min: 1, Avg: 1.4, Max: 3, Diff: 2, Sum: 11]
      [GC Worker Other (ms): Min: 0.0, Avg: 0.0, Max: 0.0, Diff: 0.0, Sum: 0.1]
      [GC Worker Total (ms): Min: 31.5, Avg: 31.6, Max: 31.8, Diff: 0.3, Sum: 252.9]
      [GC Worker End (ms): Min: 135547.5, Avg: 135547.6, Max: 135547.7, Diff: 0.2]
   [Code Root Fixup: 0.0 ms]
   [Code Root Purge: 0.0 ms]
   [Clear CT: 0.2 ms]
   [Other: 1.0 ms]
      [Choose CSet: 0.0 ms]
      [Ref Proc: 0.4 ms]
      [Ref Enq: 0.0 ms]
      [Redirty Cards: 0.2 ms]
      [Humongous Register: 0.1 ms]
      [Humongous Reclaim: 0.0 ms]
      [Free CSet: 0.1 ms]
   [Eden: 8192.0K(155.0M)->0.0B(192.0M) Survivors: 20.0M->9216.0K Heap: 995.7M(2048.0M)->998.7M(2048.0M)]
 [Times: user=0.22 sys=0.01, real=0.03 secs] 
2020-09-29T12:07:24.660+0200: 135.549: [GC concurrent-root-region-scan-start]
2020-09-29T12:07:24.662+0200: 135.552: [GC concurrent-root-region-scan-end, 0.0025950 secs]
2020-09-29T12:07:24.662+0200: 135.552: [GC concurrent-mark-start]
2020-09-29T12:07:24.666+0200: 135.555: [GC concurrent-mark-end, 0.0033845 secs]
2020-09-29T12:07:24.666+0200: 135.555: [GC remark 2020-09-29T12:07:24.666+0200: 135.555: [Finalize Marking, 0.0002320 secs] 2020-09-29T12:07:24.666+0200: 135.556: [GC ref-proc, 0.0003207 secs] 2020-09-29T12:07:24.667+0200: 135.556: [Unloading, 0.0004637 secs], 0.0013994 secs]
 [Times: user=0.00 sys=0.00, real=0.00 secs] 
2020-09-29T12:07:24.668+0200: 135.557: [GC cleanup 1011M->30M(2048M), 0.0015272 secs]
 [Times: user=0.00 sys=0.00, real=0.00 secs] 
2020-09-29T12:07:24.669+0200: 135.559: [GC concurrent-cleanup-start]
2020-09-29T12:07:24.671+0200: 135.560: [GC concurrent-cleanup-end, 0.0016700 secs]
2020-09-29T12:07:24.781+0200: 135.671: [GC pause (G1 Evacuation Pause) (young), 0.0954991 secs]
   [Parallel Time: 94.4 ms, GC Workers: 8]
      [GC Worker Start (ms): Min: 135670.7, Avg: 135670.8, Max: 135670.9, Diff: 0.2]
      [Ext Root Scanning (ms): Min: 0.0, Avg: 0.1, Max: 0.1, Diff: 0.1, Sum: 0.5]
      [Update RS (ms): Min: 10.1, Avg: 10.3, Max: 10.8, Diff: 0.7, Sum: 82.4]
         [Processed Buffers: Min: 10, Avg: 11.8, Max: 14, Diff: 4, Sum: 94]
      [Scan RS (ms): Min: 7.8, Avg: 8.2, Max: 8.5, Diff: 0.7, Sum: 65.6]
      [Code Root Scanning (ms): Min: 0.0, Avg: 0.0, Max: 0.0, Diff: 0.0, Sum: 0.0]
      [Object Copy (ms): Min: 75.6, Avg: 75.7, Max: 75.7, Diff: 0.1, Sum: 605.4]
      [Termination (ms): Min: 0.0, Avg: 0.0, Max: 0.0, Diff: 0.0, Sum: 0.2]
         [Termination Attempts: Min: 1, Avg: 183.6, Max: 228, Diff: 227, Sum: 1469]
      [GC Worker Other (ms): Min: 0.0, Avg: 0.0, Max: 0.1, Diff: 0.0, Sum: 0.3]
      [GC Worker Total (ms): Min: 94.2, Avg: 94.3, Max: 94.4, Diff: 0.2, Sum: 754.3]
      [GC Worker End (ms): Min: 135765.1, Avg: 135765.1, Max: 135765.1, Diff: 0.0]
   [Code Root Fixup: 0.0 ms]
   [Code Root Purge: 0.0 ms]
   [Clear CT: 0.1 ms]
   [Other: 0.9 ms]
      [Choose CSet: 0.0 ms]
      [Ref Proc: 0.2 ms]
      [Ref Enq: 0.0 ms]
      [Redirty Cards: 0.2 ms]
      [Humongous Register: 0.0 ms]
      [Humongous Reclaim: 0.0 ms]
      [Free CSet: 0.2 ms]
   [Eden: 192.0M(192.0M)->0.0B(204.0M) Survivors: 9216.0K->26.0M Heap: 242.4M(2048.0M)->236.4M(2048.0M)]
 [Times: user=0.74 sys=0.00, real=0.10 secs] 
2020-09-29T12:07:25.011+0200: 135.901: [GC pause (G1 Evacuation Pause) (young), 0.1147772 secs]
   [Parallel Time: 113.6 ms, GC Workers: 8]
      [GC Worker Start (ms): Min: 135900.7, Avg: 135900.8, Max: 135900.8, Diff: 0.1]
      [Ext Root Scanning (ms): Min: 0.0, Avg: 0.1, Max: 0.1, Diff: 0.1, Sum: 0.5]
      [Update RS (ms): Min: 11.3, Avg: 11.5, Max: 12.0, Diff: 0.7, Sum: 92.0]
         [Processed Buffers: Min: 12, Avg: 13.3, Max: 16, Diff: 4, Sum: 106]
      [Scan RS (ms): Min: 10.6, Avg: 11.0, Max: 11.3, Diff: 0.7, Sum: 87.9]
      [Code Root Scanning (ms): Min: 0.0, Avg: 0.0, Max: 0.0, Diff: 0.0, Sum: 0.0]
      [Object Copy (ms): Min: 90.7, Avg: 90.8, Max: 90.9, Diff: 0.2, Sum: 726.8]
      [Termination (ms): Min: 0.0, Avg: 0.0, Max: 0.0, Diff: 0.0, Sum: 0.1]
         [Termination Attempts: Min: 1, Avg: 92.4, Max: 135, Diff: 134, Sum: 739]
      [GC Worker Other (ms): Min: 0.0, Avg: 0.0, Max: 0.1, Diff: 0.1, Sum: 0.3]
      [GC Worker Total (ms): Min: 113.4, Avg: 113.5, Max: 113.5, Diff: 0.2, Sum: 907.7]
      [GC Worker End (ms): Min: 136014.2, Avg: 136014.2, Max: 136014.3, Diff: 0.1]
   [Code Root Fixup: 0.0 ms]
   [Code Root Purge: 0.0 ms]
   [Clear CT: 0.2 ms]
   [Other: 1.0 ms]
      [Choose CSet: 0.0 ms]
      [Ref Proc: 0.2 ms]
      [Ref Enq: 0.0 ms]
      [Redirty Cards: 0.2 ms]
      [Humongous Register: 0.1 ms]
      [Humongous Reclaim: 0.0 ms]
      [Free CSet: 0.3 ms]
   [Eden: 204.0M(204.0M)->0.0B(221.0M) Survivors: 26.0M->29.0M Heap: 474.8M(2048.0M)->476.8M(2048.0M)]
 [Times: user=0.86 sys=0.00, real=0.12 secs] 
2020-09-29T12:07:25.264+0200: 136.153: [GC pause (G1 Evacuation Pause) (young), 0.1497739 secs]
   [Parallel Time: 148.8 ms, GC Workers: 8]
      [GC Worker Start (ms): Min: 136153.5, Avg: 136155.0, Max: 136164.9, Diff: 11.4]
      [Ext Root Scanning (ms): Min: 0.0, Avg: 0.1, Max: 0.2, Diff: 0.2, Sum: 0.6]
      [Update RS (ms): Min: 2.8, Avg: 12.5, Max: 14.2, Diff: 11.4, Sum: 100.0]
         [Processed Buffers: Min: 3, Avg: 13.6, Max: 18, Diff: 15, Sum: 109]
      [Scan RS (ms): Min: 12.0, Avg: 13.0, Max: 18.6, Diff: 6.6, Sum: 104.2]
      [Code Root Scanning (ms): Min: 0.0, Avg: 0.0, Max: 0.0, Diff: 0.0, Sum: 0.0]
      [Object Copy (ms): Min: 115.8, Avg: 121.2, Max: 122.3, Diff: 6.5, Sum: 969.4]
      [Termination (ms): Min: 0.0, Avg: 0.4, Max: 0.5, Diff: 0.5, Sum: 2.9]
         [Termination Attempts: Min: 1, Avg: 2531.0, Max: 3090, Diff: 3089, Sum: 20248]
      [GC Worker Other (ms): Min: 0.0, Avg: 0.0, Max: 0.1, Diff: 0.1, Sum: 0.3]
      [GC Worker Total (ms): Min: 137.3, Avg: 147.2, Max: 148.7, Diff: 11.4, Sum: 1177.4]
      [GC Worker End (ms): Min: 136302.1, Avg: 136302.2, Max: 136302.2, Diff: 0.0]
   [Code Root Fixup: 0.0 ms]
   [Code Root Purge: 0.0 ms]
   [Clear CT: 0.1 ms]
   [Other: 0.9 ms]
      [Choose CSet: 0.0 ms]
      [Ref Proc: 0.2 ms]
      [Ref Enq: 0.0 ms]
      [Redirty Cards: 0.2 ms]
      [Humongous Register: 0.1 ms]
      [Humongous Reclaim: 0.0 ms]
      [Free CSet: 0.2 ms]
   [Eden: 221.0M(221.0M)->0.0B(226.0M) Survivors: 29.0M->32.0M Heap: 734.0M(2048.0M)->736.0M(2048.0M)]
 [Times: user=1.09 sys=0.03, real=0.15 secs] 
2020-09-29T12:07:25.555+0200: 136.445: [GC pause (G1 Evacuation Pause) (young), 0.1379525 secs]
   [Parallel Time: 136.9 ms, GC Workers: 8]
      [GC Worker Start (ms): Min: 136444.8, Avg: 136444.9, Max: 136444.9, Diff: 0.1]
      [Ext Root Scanning (ms): Min: 0.0, Avg: 0.1, Max: 0.1, Diff: 0.1, Sum: 0.7]
      [Update RS (ms): Min: 19.6, Avg: 19.7, Max: 19.9, Diff: 0.3, Sum: 157.8]
         [Processed Buffers: Min: 18, Avg: 19.1, Max: 22, Diff: 4, Sum: 153]
      [Scan RS (ms): Min: 12.7, Avg: 12.8, Max: 12.9, Diff: 0.2, Sum: 102.8]
      [Code Root Scanning (ms): Min: 0.0, Avg: 0.0, Max: 0.0, Diff: 0.0, Sum: 0.0]
      [Object Copy (ms): Min: 103.8, Avg: 103.9, Max: 104.1, Diff: 0.3, Sum: 831.5]
      [Termination (ms): Min: 0.0, Avg: 0.1, Max: 0.1, Diff: 0.1, Sum: 0.6]
         [Termination Attempts: Min: 1, Avg: 531.1, Max: 651, Diff: 650, Sum: 4249]
      [GC Worker Other (ms): Min: 0.0, Avg: 0.0, Max: 0.1, Diff: 0.1, Sum: 0.4]
      [GC Worker Total (ms): Min: 136.7, Avg: 136.7, Max: 136.8, Diff: 0.1, Sum: 1093.9]
      [GC Worker End (ms): Min: 136581.6, Avg: 136581.6, Max: 136581.6, Diff: 0.1]
   [Code Root Fixup: 0.0 ms]
   [Code Root Purge: 0.0 ms]
   [Clear CT: 0.1 ms]
   [Other: 0.9 ms]
      [Choose CSet: 0.0 ms]
      [Ref Proc: 0.2 ms]
      [Ref Enq: 0.0 ms]
      [Redirty Cards: 0.2 ms]
      [Humongous Register: 0.1 ms]
      [Humongous Reclaim: 0.0 ms]
      [Free CSet: 0.2 ms]
   [Eden: 226.0M(226.0M)->0.0B(243.0M) Survivors: 32.0M->33.0M Heap: 1000.1M(2048.0M)->1001.6M(2048.0M)]
 [Times: user=1.13 sys=0.00, real=0.14 secs] 
2020-09-29T12:07:25.699+0200: 136.588: [GC pause (G1 Humongous Allocation) (young) (initial-mark), 0.0589819 secs]
   [Parallel Time: 58.1 ms, GC Workers: 8]
      [GC Worker Start (ms): Min: 136588.1, Avg: 136588.2, Max: 136588.2, Diff: 0.1]
      [Ext Root Scanning (ms): Min: 0.0, Avg: 0.1, Max: 0.1, Diff: 0.1, Sum: 0.7]
      [Update RS (ms): Min: 30.1, Avg: 30.2, Max: 30.6, Diff: 0.5, Sum: 241.9]
         [Processed Buffers: Min: 34, Avg: 36.3, Max: 38, Diff: 4, Sum: 290]
      [Scan RS (ms): Min: 1.7, Avg: 2.1, Max: 2.2, Diff: 0.5, Sum: 16.6]
      [Code Root Scanning (ms): Min: 0.0, Avg: 0.0, Max: 0.0, Diff: 0.0, Sum: 0.0]
      [Object Copy (ms): Min: 25.3, Avg: 25.3, Max: 25.6, Diff: 0.3, Sum: 202.7]
      [Termination (ms): Min: 0.0, Avg: 0.2, Max: 0.3, Diff: 0.3, Sum: 1.8]
         [Termination Attempts: Min: 1, Avg: 1502.0, Max: 1825, Diff: 1824, Sum: 12016]
      [GC Worker Other (ms): Min: 0.0, Avg: 0.0, Max: 0.0, Diff: 0.0, Sum: 0.2]
      [GC Worker Total (ms): Min: 57.9, Avg: 58.0, Max: 58.0, Diff: 0.1, Sum: 463.9]
      [GC Worker End (ms): Min: 136646.2, Avg: 136646.2, Max: 136646.2, Diff: 0.0]
   [Code Root Fixup: 0.0 ms]
   [Code Root Purge: 0.0 ms]
   [Clear CT: 0.2 ms]
   [Other: 0.7 ms]
      [Choose CSet: 0.0 ms]
      [Ref Proc: 0.1 ms]
      [Ref Enq: 0.0 ms]
      [Redirty Cards: 0.1 ms]
      [Humongous Register: 0.0 ms]
      [Humongous Reclaim: 0.0 ms]
      [Free CSet: 0.1 ms]
   [Eden: 4096.0K(243.0M)->0.0B(248.0M) Survivors: 33.0M->6144.0K Heap: 1005.6M(2048.0M)->1009.1M(2048.0M)]
 [Times: user=0.48 sys=0.02, real=0.06 secs] 
2020-09-29T12:07:25.758+0200: 136.647: [GC concurrent-root-region-scan-start]
2020-09-29T12:07:25.759+0200: 136.648: [GC concurrent-root-region-scan-end, 0.0012812 secs]
2020-09-29T12:07:25.759+0200: 136.648: [GC concurrent-mark-start]
2020-09-29T12:07:25.763+0200: 136.652: [GC concurrent-mark-end, 0.0033787 secs]
2020-09-29T12:07:25.763+0200: 136.652: [GC remark 2020-09-29T12:07:25.763+0200: 136.652: [Finalize Marking, 0.0001639 secs] 2020-09-29T12:07:25.763+0200: 136.652: [GC ref-proc, 0.0003857 secs] 2020-09-29T12:07:25.764+0200: 136.653: [Unloading, 0.0004669 secs], 0.0013424 secs]
 [Times: user=0.00 sys=0.00, real=0.00 secs] 
2020-09-29T12:07:25.765+0200: 136.654: [GC cleanup 1018M->23M(2048M), 0.0012642 secs]
 [Times: user=0.00 sys=0.00, real=0.00 secs] 
2020-09-29T12:07:25.766+0200: 136.655: [GC concurrent-cleanup-start]
2020-09-29T12:07:25.767+0200: 136.657: [GC concurrent-cleanup-end, 0.0015889 secs]
2020-09-29T12:07:25.907+0200: 136.796: [GC pause (G1 Evacuation Pause) (young), 0.1437460 secs]
   [Parallel Time: 142.7 ms, GC Workers: 8]
      [GC Worker Start (ms): Min: 136796.6, Avg: 136796.7, Max: 136796.8, Diff: 0.3]
      [Ext Root Scanning (ms): Min: 0.0, Avg: 0.1, Max: 0.2, Diff: 0.2, Sum: 1.0]
      [Update RS (ms): Min: 23.4, Avg: 23.7, Max: 23.9, Diff: 0.5, Sum: 189.2]
         [Processed Buffers: Min: 6, Avg: 19.8, Max: 24, Diff: 18, Sum: 158]
      [Scan RS (ms): Min: 14.1, Avg: 14.4, Max: 14.6, Diff: 0.5, Sum: 115.2]
      [Code Root Scanning (ms): Min: 0.0, Avg: 0.0, Max: 0.0, Diff: 0.0, Sum: 0.0]
      [Object Copy (ms): Min: 104.0, Avg: 104.1, Max: 104.2, Diff: 0.1, Sum: 832.7]
      [Termination (ms): Min: 0.0, Avg: 0.1, Max: 0.1, Diff: 0.1, Sum: 0.5]
         [Termination Attempts: Min: 1, Avg: 437.4, Max: 555, Diff: 554, Sum: 3499]
      [GC Worker Other (ms): Min: 0.0, Avg: 0.0, Max: 0.1, Diff: 0.1, Sum: 0.4]
      [GC Worker Total (ms): Min: 142.3, Avg: 142.4, Max: 142.5, Diff: 0.2, Sum: 1139.1]
      [GC Worker End (ms): Min: 136939.0, Avg: 136939.0, Max: 136939.1, Diff: 0.1]
   [Code Root Fixup: 0.0 ms]
   [Code Root Purge: 0.0 ms]
   [Clear CT: 0.2 ms]
   [Other: 0.9 ms]
      [Choose CSet: 0.0 ms]
      [Ref Proc: 0.1 ms]
      [Ref Enq: 0.0 ms]
      [Redirty Cards: 0.2 ms]
      [Humongous Register: 0.0 ms]
      [Humongous Reclaim: 0.0 ms]
      [Free CSet: 0.2 ms]
   [Eden: 248.0M(248.0M)->0.0B(237.0M) Survivors: 6144.0K->32.0M Heap: 305.0M(2048.0M)->301.0M(2048.0M)]
 [Times: user=1.03 sys=0.03, real=0.14 secs] 
2020-09-29T12:07:26.193+0200: 137.082: [GC pause (G1 Evacuation Pause) (young), 0.1492404 secs]
   [Parallel Time: 148.1 ms, GC Workers: 8]
      [GC Worker Start (ms): Min: 137082.4, Avg: 137082.5, Max: 137082.6, Diff: 0.2]
      [Ext Root Scanning (ms): Min: 0.0, Avg: 0.1, Max: 0.1, Diff: 0.1, Sum: 0.7]
      [Update RS (ms): Min: 13.9, Avg: 14.0, Max: 14.4, Diff: 0.6, Sum: 112.0]
         [Processed Buffers: Min: 13, Avg: 14.3, Max: 16, Diff: 3, Sum: 114]
      [Scan RS (ms): Min: 16.2, Avg: 16.9, Max: 17.8, Diff: 1.6, Sum: 134.9]
      [Code Root Scanning (ms): Min: 0.0, Avg: 0.0, Max: 0.0, Diff: 0.0, Sum: 0.0]
      [Object Copy (ms): Min: 116.0, Avg: 116.8, Max: 117.0, Diff: 1.0, Sum: 934.8]
      [Termination (ms): Min: 0.0, Avg: 0.0, Max: 0.0, Diff: 0.0, Sum: 0.2]
         [Termination Attempts: Min: 1, Avg: 201.0, Max: 251, Diff: 250, Sum: 1608]
      [GC Worker Other (ms): Min: 0.0, Avg: 0.0, Max: 0.1, Diff: 0.0, Sum: 0.3]
      [GC Worker Total (ms): Min: 147.8, Avg: 147.9, Max: 147.9, Diff: 0.2, Sum: 1182.9]
      [GC Worker End (ms): Min: 137230.3, Avg: 137230.3, Max: 137230.4, Diff: 0.0]
   [Code Root Fixup: 0.0 ms]
   [Code Root Purge: 0.0 ms]
   [Clear CT: 0.2 ms]
   [Other: 1.0 ms]
      [Choose CSet: 0.0 ms]
      [Ref Proc: 0.1 ms]
      [Ref Enq: 0.0 ms]
      [Redirty Cards: 0.2 ms]
      [Humongous Register: 0.0 ms]
      [Humongous Reclaim: 0.0 ms]
      [Free CSet: 0.3 ms]
   [Eden: 237.0M(237.0M)->0.0B(245.0M) Survivors: 32.0M->34.0M Heap: 578.0M(2048.0M)->580.0M(2048.0M)]
 [Times: user=1.09 sys=0.01, real=0.15 secs] 
2020-09-29T12:07:26.499+0200: 137.388: [GC pause (G1 Evacuation Pause) (young), 0.1504987 secs]
   [Parallel Time: 149.3 ms, GC Workers: 8]
      [GC Worker Start (ms): Min: 137388.6, Avg: 137388.8, Max: 137389.4, Diff: 0.8]
      [Ext Root Scanning (ms): Min: 0.0, Avg: 0.1, Max: 0.1, Diff: 0.1, Sum: 0.6]
      [Update RS (ms): Min: 20.6, Avg: 20.9, Max: 21.3, Diff: 0.7, Sum: 167.2]
         [Processed Buffers: Min: 18, Avg: 19.5, Max: 21, Diff: 3, Sum: 156]
      [Scan RS (ms): Min: 14.2, Avg: 14.6, Max: 14.9, Diff: 0.7, Sum: 116.7]
      [Code Root Scanning (ms): Min: 0.0, Avg: 0.0, Max: 0.0, Diff: 0.0, Sum: 0.0]
      [Object Copy (ms): Min: 112.6, Avg: 113.3, Max: 113.5, Diff: 0.9, Sum: 906.1]
      [Termination (ms): Min: 0.0, Avg: 0.0, Max: 0.1, Diff: 0.1, Sum: 0.4]
         [Termination Attempts: Min: 1, Avg: 327.6, Max: 447, Diff: 446, Sum: 2621]
      [GC Worker Other (ms): Min: 0.0, Avg: 0.1, Max: 0.1, Diff: 0.1, Sum: 0.4]
      [GC Worker Total (ms): Min: 148.4, Avg: 148.9, Max: 149.1, Diff: 0.8, Sum: 1191.5]
      [GC Worker End (ms): Min: 137537.7, Avg: 137537.7, Max: 137537.8, Diff: 0.1]
   [Code Root Fixup: 0.0 ms]
   [Code Root Purge: 0.0 ms]
   [Clear CT: 0.2 ms]
   [Other: 1.0 ms]
      [Choose CSet: 0.0 ms]
      [Ref Proc: 0.2 ms]
      [Ref Enq: 0.0 ms]
      [Redirty Cards: 0.2 ms]
      [Humongous Register: 0.1 ms]
      [Humongous Reclaim: 0.0 ms]
      [Free CSet: 0.3 ms]
   [Eden: 245.0M(245.0M)->0.0B(258.0M) Survivors: 34.0M->35.0M Heap: 865.1M(2048.0M)->867.1M(2048.0M)]
 [Times: user=1.20 sys=0.00, real=0.15 secs] 
2020-09-29T12:07:26.807+0200: 137.696: [GC pause (G1 Evacuation Pause) (young), 0.1512197 secs]
   [Parallel Time: 150.2 ms, GC Workers: 8]
      [GC Worker Start (ms): Min: 137696.5, Avg: 137696.6, Max: 137696.7, Diff: 0.1]
      [Ext Root Scanning (ms): Min: 0.0, Avg: 0.1, Max: 0.2, Diff: 0.1, Sum: 0.6]
      [Update RS (ms): Min: 15.6, Avg: 15.7, Max: 15.9, Diff: 0.3, Sum: 125.5]
         [Processed Buffers: Min: 12, Avg: 16.3, Max: 19, Diff: 7, Sum: 130]
      [Scan RS (ms): Min: 13.6, Avg: 14.3, Max: 16.7, Diff: 3.1, Sum: 114.4]
      [Code Root Scanning (ms): Min: 0.0, Avg: 0.0, Max: 0.0, Diff: 0.0, Sum: 0.0]
      [Object Copy (ms): Min: 117.5, Avg: 119.8, Max: 120.4, Diff: 2.9, Sum: 958.7]
      [Termination (ms): Min: 0.0, Avg: 0.0, Max: 0.0, Diff: 0.0, Sum: 0.2]
         [Termination Attempts: Min: 1, Avg: 164.3, Max: 210, Diff: 209, Sum: 1314]
      [GC Worker Other (ms): Min: 0.0, Avg: 0.0, Max: 0.1, Diff: 0.0, Sum: 0.3]
      [GC Worker Total (ms): Min: 149.9, Avg: 150.0, Max: 150.1, Diff: 0.2, Sum: 1199.8]
      [GC Worker End (ms): Min: 137846.6, Avg: 137846.6, Max: 137846.6, Diff: 0.0]
   [Code Root Fixup: 0.0 ms]
   [Code Root Purge: 0.0 ms]
   [Clear CT: 0.2 ms]
   [Other: 0.9 ms]
      [Choose CSet: 0.0 ms]
      [Ref Proc: 0.1 ms]
      [Ref Enq: 0.0 ms]
      [Redirty Cards: 0.2 ms]
      [Humongous Register: 0.1 ms]
      [Humongous Reclaim: 0.0 ms]
      [Free CSet: 0.3 ms]
   [Eden: 258.0M(258.0M)->0.0B(270.0M) Survivors: 35.0M->37.0M Heap: 1168.9M(2048.0M)->1170.9M(2048.0M)]
 [Times: user=1.22 sys=0.00, real=0.15 secs] 
2020-09-29T12:07:26.971+0200: 137.860: [GC pause (G1 Humongous Allocation) (young) (initial-mark), 0.0472527 secs]
   [Parallel Time: 46.3 ms, GC Workers: 8]
      [GC Worker Start (ms): Min: 137860.2, Avg: 137860.2, Max: 137860.3, Diff: 0.1]
      [Ext Root Scanning (ms): Min: 0.0, Avg: 0.1, Max: 0.2, Diff: 0.2, Sum: 1.0]
      [Update RS (ms): Min: 26.1, Avg: 26.3, Max: 26.5, Diff: 0.4, Sum: 210.5]
         [Processed Buffers: Min: 30, Avg: 31.4, Max: 33, Diff: 3, Sum: 251]
      [Scan RS (ms): Min: 2.2, Avg: 2.3, Max: 2.5, Diff: 0.3, Sum: 18.1]
      [Code Root Scanning (ms): Min: 0.0, Avg: 0.0, Max: 0.0, Diff: 0.0, Sum: 0.0]
      [Object Copy (ms): Min: 17.4, Avg: 17.4, Max: 17.4, Diff: 0.1, Sum: 139.2]
      [Termination (ms): Min: 0.0, Avg: 0.0, Max: 0.0, Diff: 0.0, Sum: 0.2]
         [Termination Attempts: Min: 1, Avg: 139.0, Max: 178, Diff: 177, Sum: 1112]
      [GC Worker Other (ms): Min: 0.0, Avg: 0.0, Max: 0.1, Diff: 0.0, Sum: 0.2]
      [GC Worker Total (ms): Min: 46.0, Avg: 46.1, Max: 46.2, Diff: 0.2, Sum: 369.1]
      [GC Worker End (ms): Min: 137906.3, Avg: 137906.4, Max: 137906.4, Diff: 0.0]
   [Code Root Fixup: 0.0 ms]
   [Code Root Purge: 0.0 ms]
   [Clear CT: 0.2 ms]
   [Other: 0.8 ms]
      [Choose CSet: 0.0 ms]
      [Ref Proc: 0.2 ms]
      [Ref Enq: 0.0 ms]
      [Redirty Cards: 0.2 ms]
      [Humongous Register: 0.1 ms]
      [Humongous Reclaim: 0.0 ms]
      [Free CSet: 0.1 ms]
   [Eden: 8192.0K(270.0M)->0.0B(321.0M) Survivors: 37.0M->9216.0K Heap: 1178.9M(2048.0M)->1181.9M(2048.0M)]
 [Times: user=0.38 sys=0.00, real=0.05 secs] 
2020-09-29T12:07:27.018+0200: 137.907: [GC concurrent-root-region-scan-start]
2020-09-29T12:07:27.020+0200: 137.910: [GC concurrent-root-region-scan-end, 0.0021808 secs]
2020-09-29T12:07:27.020+0200: 137.910: [GC concurrent-mark-start]
2020-09-29T12:07:27.024+0200: 137.913: [GC concurrent-mark-end, 0.0034018 secs]
2020-09-29T12:07:27.024+0200: 137.913: [GC remark 2020-09-29T12:07:27.024+0200: 137.913: [Finalize Marking, 0.0002689 secs] 2020-09-29T12:07:27.024+0200: 137.914: [GC ref-proc, 0.0003111 secs] 2020-09-29T12:07:27.025+0200: 137.914: [Unloading, 0.0004343 secs], 0.0013872 secs]
 [Times: user=0.00 sys=0.00, real=0.00 secs] 
2020-09-29T12:07:27.026+0200: 137.915: [GC cleanup 1194M->30M(2048M), 0.0013285 secs]
 [Times: user=0.00 sys=0.00, real=0.00 secs] 
2020-09-29T12:07:27.027+0200: 137.916: [GC concurrent-cleanup-start]
2020-09-29T12:07:27.030+0200: 137.919: [GC concurrent-cleanup-end, 0.0023363 secs]
2020-09-29T12:07:27.215+0200: 138.104: [GC pause (G1 Evacuation Pause) (young), 0.1796406 secs]
   [Parallel Time: 178.5 ms, GC Workers: 8]
      [GC Worker Start (ms): Min: 138104.0, Avg: 138104.1, Max: 138104.2, Diff: 0.2]
      [Ext Root Scanning (ms): Min: 0.0, Avg: 0.1, Max: 0.2, Diff: 0.2, Sum: 0.5]
      [Update RS (ms): Min: 13.7, Avg: 16.0, Max: 30.4, Diff: 16.6, Sum: 127.8]
         [Processed Buffers: Min: 1, Avg: 15.4, Max: 19, Diff: 18, Sum: 123]
      [Scan RS (ms): Min: 1.7, Avg: 16.2, Max: 18.7, Diff: 17.0, Sum: 129.8]
      [Code Root Scanning (ms): Min: 0.0, Avg: 0.0, Max: 0.0, Diff: 0.0, Sum: 0.0]
      [Object Copy (ms): Min: 145.6, Avg: 146.0, Max: 146.1, Diff: 0.6, Sum: 1167.9]
      [Termination (ms): Min: 0.0, Avg: 0.0, Max: 0.0, Diff: 0.0, Sum: 0.1]
         [Termination Attempts: Min: 1, Avg: 56.1, Max: 74, Diff: 73, Sum: 449]
      [GC Worker Other (ms): Min: 0.0, Avg: 0.0, Max: 0.1, Diff: 0.1, Sum: 0.3]
      [GC Worker Total (ms): Min: 178.2, Avg: 178.3, Max: 178.4, Diff: 0.2, Sum: 1426.4]
      [GC Worker End (ms): Min: 138282.4, Avg: 138282.4, Max: 138282.4, Diff: 0.1]
   [Code Root Fixup: 0.0 ms]
   [Code Root Purge: 0.0 ms]
   [Clear CT: 0.2 ms]
   [Other: 0.9 ms]
      [Choose CSet: 0.0 ms]
      [Ref Proc: 0.1 ms]
      [Ref Enq: 0.0 ms]
      [Redirty Cards: 0.3 ms]
      [Humongous Register: 0.0 ms]
      [Humongous Reclaim: 0.0 ms]
      [Free CSet: 0.3 ms]
   [Eden: 321.0M(321.0M)->0.0B(282.0M) Survivors: 9216.0K->42.0M Heap: 394.3M(2048.0M)->387.8M(2048.0M)]
 [Times: user=1.34 sys=0.00, real=0.18 secs] 
2020-09-29T12:07:27.565+0200: 138.455: [GC pause (G1 Evacuation Pause) (young), 0.1662110 secs]
   [Parallel Time: 165.0 ms, GC Workers: 8]
      [GC Worker Start (ms): Min: 138454.8, Avg: 138454.9, Max: 138454.9, Diff: 0.1]
      [Ext Root Scanning (ms): Min: 0.0, Avg: 0.1, Max: 0.1, Diff: 0.1, Sum: 0.7]
      [Update RS (ms): Min: 14.7, Avg: 15.1, Max: 15.4, Diff: 0.7, Sum: 120.5]
         [Processed Buffers: Min: 13, Avg: 14.6, Max: 16, Diff: 3, Sum: 117]
      [Scan RS (ms): Min: 19.9, Avg: 20.3, Max: 20.6, Diff: 0.7, Sum: 162.1]
      [Code Root Scanning (ms): Min: 0.0, Avg: 0.0, Max: 0.0, Diff: 0.0, Sum: 0.0]
      [Object Copy (ms): Min: 129.2, Avg: 129.3, Max: 129.4, Diff: 0.2, Sum: 1034.6]
      [Termination (ms): Min: 0.0, Avg: 0.1, Max: 0.1, Diff: 0.1, Sum: 0.8]
         [Termination Attempts: Min: 1, Avg: 652.6, Max: 798, Diff: 797, Sum: 5221]
      [GC Worker Other (ms): Min: 0.0, Avg: 0.0, Max: 0.1, Diff: 0.0, Sum: 0.3]
      [GC Worker Total (ms): Min: 164.8, Avg: 164.9, Max: 164.9, Diff: 0.1, Sum: 1319.0]
      [GC Worker End (ms): Min: 138619.7, Avg: 138619.7, Max: 138619.8, Diff: 0.0]
   [Code Root Fixup: 0.0 ms]
   [Code Root Purge: 0.0 ms]
   [Clear CT: 0.2 ms]
   [Other: 1.0 ms]
      [Choose CSet: 0.0 ms]
      [Ref Proc: 0.1 ms]
      [Ref Enq: 0.0 ms]
      [Redirty Cards: 0.2 ms]
      [Humongous Register: 0.1 ms]
      [Humongous Reclaim: 0.0 ms]
      [Free CSet: 0.4 ms]
   [Eden: 282.0M(282.0M)->0.0B(281.0M) Survivors: 42.0M->41.0M Heap: 715.6M(2048.0M)->717.1M(2048.0M)]
 [Times: user=1.38 sys=0.00, real=0.17 secs] 
2020-09-29T12:07:27.898+0200: 138.788: [GC pause (G1 Evacuation Pause) (young), 0.1659467 secs]
   [Parallel Time: 164.8 ms, GC Workers: 8]
      [GC Worker Start (ms): Min: 138787.7, Avg: 138787.8, Max: 138787.8, Diff: 0.1]
      [Ext Root Scanning (ms): Min: 0.0, Avg: 0.1, Max: 0.2, Diff: 0.1, Sum: 0.7]
      [Update RS (ms): Min: 18.4, Avg: 18.6, Max: 18.8, Diff: 0.3, Sum: 148.5]
         [Processed Buffers: Min: 15, Avg: 18.4, Max: 22, Diff: 7, Sum: 147]
      [Scan RS (ms): Min: 17.4, Avg: 17.7, Max: 17.8, Diff: 0.4, Sum: 141.3]
      [Code Root Scanning (ms): Min: 0.0, Avg: 0.0, Max: 0.0, Diff: 0.0, Sum: 0.0]
      [Object Copy (ms): Min: 127.9, Avg: 128.2, Max: 128.3, Diff: 0.4, Sum: 1025.3]
      [Termination (ms): Min: 0.0, Avg: 0.1, Max: 0.1, Diff: 0.1, Sum: 0.5]
         [Termination Attempts: Min: 1, Avg: 428.8, Max: 573, Diff: 572, Sum: 3430]
      [GC Worker Other (ms): Min: 0.0, Avg: 0.1, Max: 0.1, Diff: 0.1, Sum: 0.4]
      [GC Worker Total (ms): Min: 164.5, Avg: 164.6, Max: 164.7, Diff: 0.2, Sum: 1316.7]
      [GC Worker End (ms): Min: 138952.3, Avg: 138952.3, Max: 138952.4, Diff: 0.1]
   [Code Root Fixup: 0.0 ms]
   [Code Root Purge: 0.0 ms]
   [Clear CT: 0.2 ms]
   [Other: 0.9 ms]
      [Choose CSet: 0.0 ms]
      [Ref Proc: 0.2 ms]
      [Ref Enq: 0.0 ms]
      [Redirty Cards: 0.2 ms]
      [Humongous Register: 0.1 ms]
      [Humongous Reclaim: 0.0 ms]
      [Free CSet: 0.3 ms]
   [Eden: 281.0M(281.0M)->0.0B(284.0M) Survivors: 41.0M->41.0M Heap: 1045.8M(2048.0M)->1047.3M(2048.0M)]
 [Times: user=1.23 sys=0.00, real=0.17 secs] 
2020-09-29T12:07:28.069+0200: 138.958: [GC pause (G1 Humongous Allocation) (young) (initial-mark), 0.0646974 secs]
   [Parallel Time: 63.7 ms, GC Workers: 8]
      [GC Worker Start (ms): Min: 138958.7, Avg: 138958.8, Max: 138958.9, Diff: 0.2]
      [Ext Root Scanning (ms): Min: 0.0, Avg: 0.5, Max: 2.7, Diff: 2.7, Sum: 3.8]
      [Update RS (ms): Min: 39.1, Avg: 41.4, Max: 42.2, Diff: 3.1, Sum: 331.3]
         [Processed Buffers: Min: 45, Avg: 49.8, Max: 53, Diff: 8, Sum: 398]
      [Scan RS (ms): Min: 1.1, Avg: 1.5, Max: 1.9, Diff: 0.7, Sum: 12.3]
      [Code Root Scanning (ms): Min: 0.0, Avg: 0.0, Max: 0.0, Diff: 0.0, Sum: 0.0]
      [Object Copy (ms): Min: 19.9, Avg: 20.0, Max: 20.0, Diff: 0.1, Sum: 159.9]
      [Termination (ms): Min: 0.0, Avg: 0.0, Max: 0.0, Diff: 0.0, Sum: 0.1]
         [Termination Attempts: Min: 1, Avg: 68.0, Max: 95, Diff: 94, Sum: 544]
      [GC Worker Other (ms): Min: 0.0, Avg: 0.0, Max: 0.0, Diff: 0.0, Sum: 0.2]
      [GC Worker Total (ms): Min: 63.3, Avg: 63.4, Max: 63.5, Diff: 0.2, Sum: 507.5]
      [GC Worker End (ms): Min: 139022.3, Avg: 139022.3, Max: 139022.3, Diff: 0.0]
   [Code Root Fixup: 0.0 ms]
   [Code Root Purge: 0.0 ms]
   [Clear CT: 0.1 ms]
   [Other: 0.9 ms]
      [Choose CSet: 0.0 ms]
      [Ref Proc: 0.2 ms]
      [Ref Enq: 0.0 ms]
      [Redirty Cards: 0.2 ms]
      [Humongous Register: 0.1 ms]
      [Humongous Reclaim: 0.0 ms]
      [Free CSet: 0.1 ms]
   [Eden: 9216.0K(284.0M)->0.0B(313.0M) Survivors: 41.0M->12.0M Heap: 1056.3M(2048.0M)->1061.3M(2048.0M)]
 [Times: user=0.50 sys=0.00, real=0.07 secs] 
2020-09-29T12:07:28.134+0200: 139.023: [GC concurrent-root-region-scan-start]
2020-09-29T12:07:28.137+0200: 139.026: [GC concurrent-root-region-scan-end, 0.0027608 secs]
2020-09-29T12:07:28.137+0200: 139.026: [GC concurrent-mark-start]
2020-09-29T12:07:28.140+0200: 139.030: [GC concurrent-mark-end, 0.0035803 secs]
2020-09-29T12:07:28.141+0200: 139.030: [GC remark 2020-09-29T12:07:28.141+0200: 139.030: [Finalize Marking, 0.0002305 secs] 2020-09-29T12:07:28.141+0200: 139.030: [GC ref-proc, 0.0003547 secs] 2020-09-29T12:07:28.141+0200: 139.031: [Unloading, 0.0005734 secs], 0.0015479 secs]
 [Times: user=0.00 sys=0.00, real=0.00 secs] 
2020-09-29T12:07:28.143+0200: 139.032: [GC cleanup 1073M->32M(2048M), 0.0014758 secs]
 [Times: user=0.00 sys=0.00, real=0.00 secs] 
2020-09-29T12:07:28.144+0200: 139.034: [GC concurrent-cleanup-start]
2020-09-29T12:07:28.146+0200: 139.035: [GC concurrent-cleanup-end, 0.0015681 secs]
2020-09-29T12:07:28.327+0200: 139.216: [GC pause (G1 Evacuation Pause) (young), 0.1606333 secs]
   [Parallel Time: 159.4 ms, GC Workers: 8]
      [GC Worker Start (ms): Min: 139216.2, Avg: 139216.3, Max: 139216.4, Diff: 0.2]
      [Ext Root Scanning (ms): Min: 0.0, Avg: 0.1, Max: 0.2, Diff: 0.2, Sum: 0.5]
      [Update RS (ms): Min: 17.5, Avg: 17.6, Max: 17.8, Diff: 0.3, Sum: 140.8]
         [Processed Buffers: Min: 16, Avg: 18.1, Max: 20, Diff: 4, Sum: 145]
      [Scan RS (ms): Min: 17.9, Avg: 18.1, Max: 18.2, Diff: 0.3, Sum: 144.8]
      [Code Root Scanning (ms): Min: 0.0, Avg: 0.0, Max: 0.0, Diff: 0.0, Sum: 0.0]
      [Object Copy (ms): Min: 123.3, Avg: 123.4, Max: 123.4, Diff: 0.2, Sum: 986.9]
      [Termination (ms): Min: 0.0, Avg: 0.0, Max: 0.0, Diff: 0.0, Sum: 0.2]
         [Termination Attempts: Min: 1, Avg: 211.8, Max: 281, Diff: 280, Sum: 1694]
      [GC Worker Other (ms): Min: 0.0, Avg: 0.0, Max: 0.1, Diff: 0.1, Sum: 0.3]
      [GC Worker Total (ms): Min: 159.1, Avg: 159.2, Max: 159.3, Diff: 0.2, Sum: 1273.5]
      [GC Worker End (ms): Min: 139375.5, Avg: 139375.5, Max: 139375.5, Diff: 0.1]
   [Code Root Fixup: 0.0 ms]
   [Code Root Purge: 0.0 ms]
   [Clear CT: 0.2 ms]
   [Other: 1.0 ms]
      [Choose CSet: 0.0 ms]
      [Ref Proc: 0.2 ms]
      [Ref Enq: 0.0 ms]
      [Redirty Cards: 0.3 ms]
      [Humongous Register: 0.0 ms]
      [Humongous Reclaim: 0.0 ms]
      [Free CSet: 0.2 ms]
   [Eden: 313.0M(313.0M)->0.0B(294.0M) Survivors: 12.0M->41.0M Heap: 386.9M(2048.0M)->377.9M(2048.0M)]
 [Times: user=1.25 sys=0.00, real=0.16 secs] 
2020-09-29T12:07:28.655+0200: 139.543: [GC pause (G1 Evacuation Pause) (young), 0.1763218 secs]
   [Parallel Time: 175.0 ms, GC Workers: 8]
      [GC Worker Start (ms): Min: 139543.6, Avg: 139543.7, Max: 139543.7, Diff: 0.1]
      [Ext Root Scanning (ms): Min: 0.0, Avg: 0.1, Max: 0.2, Diff: 0.1, Sum: 0.6]
      [Update RS (ms): Min: 16.9, Avg: 17.0, Max: 17.3, Diff: 0.5, Sum: 136.2]
         [Processed Buffers: Min: 16, Avg: 17.5, Max: 19, Diff: 3, Sum: 140]
      [Scan RS (ms): Min: 18.1, Avg: 18.5, Max: 18.7, Diff: 0.7, Sum: 148.0]
      [Code Root Scanning (ms): Min: 0.0, Avg: 0.0, Max: 0.0, Diff: 0.0, Sum: 0.0]
      [Object Copy (ms): Min: 138.7, Avg: 138.9, Max: 139.0, Diff: 0.3, Sum: 1111.2]
      [Termination (ms): Min: 0.0, Avg: 0.2, Max: 0.2, Diff: 0.2, Sum: 1.2]
         [Termination Attempts: Min: 1, Avg: 1041.1, Max: 1287, Diff: 1286, Sum: 8329]
      [GC Worker Other (ms): Min: 0.0, Avg: 0.0, Max: 0.1, Diff: 0.1, Sum: 0.4]
      [GC Worker Total (ms): Min: 174.6, Avg: 174.7, Max: 174.8, Diff: 0.1, Sum: 1397.6]
      [GC Worker End (ms): Min: 139718.3, Avg: 139718.4, Max: 139718.4, Diff: 0.1]
   [Code Root Fixup: 0.0 ms]
   [Code Root Purge: 0.0 ms]
   [Clear CT: 0.2 ms]
   [Other: 1.1 ms]
      [Choose CSet: 0.0 ms]
      [Ref Proc: 0.2 ms]
      [Ref Enq: 0.0 ms]
      [Redirty Cards: 0.3 ms]
      [Humongous Register: 0.0 ms]
      [Humongous Reclaim: 0.0 ms]
      [Free CSet: 0.3 ms]
   [Eden: 294.0M(294.0M)->0.0B(287.0M) Survivors: 41.0M->42.0M Heap: 721.5M(2048.0M)->723.5M(2048.0M)]
 [Times: user=1.38 sys=0.00, real=0.18 secs] 
2020-09-29T12:07:29.004+0200: 139.893: [GC pause (G1 Evacuation Pause) (young), 0.1727663 secs]
   [Parallel Time: 171.4 ms, GC Workers: 8]
      [GC Worker Start (ms): Min: 139893.1, Avg: 139893.3, Max: 139893.4, Diff: 0.2]
      [Ext Root Scanning (ms): Min: 0.0, Avg: 0.1, Max: 0.2, Diff: 0.2, Sum: 0.5]
      [Update RS (ms): Min: 20.7, Avg: 20.8, Max: 21.0, Diff: 0.3, Sum: 166.5]
         [Processed Buffers: Min: 19, Avg: 21.8, Max: 25, Diff: 6, Sum: 174]
      [Scan RS (ms): Min: 17.2, Avg: 17.5, Max: 17.6, Diff: 0.4, Sum: 139.7]
      [Code Root Scanning (ms): Min: 0.0, Avg: 0.0, Max: 0.0, Diff: 0.0, Sum: 0.0]
      [Object Copy (ms): Min: 132.7, Avg: 132.8, Max: 132.8, Diff: 0.1, Sum: 1062.1]
      [Termination (ms): Min: 0.0, Avg: 0.0, Max: 0.0, Diff: 0.0, Sum: 0.0]
         [Termination Attempts: Min: 1, Avg: 29.9, Max: 42, Diff: 41, Sum: 239]
      [GC Worker Other (ms): Min: 0.0, Avg: 0.0, Max: 0.1, Diff: 0.1, Sum: 0.4]
      [GC Worker Total (ms): Min: 171.0, Avg: 171.2, Max: 171.3, Diff: 0.2, Sum: 1369.2]
      [GC Worker End (ms): Min: 140064.4, Avg: 140064.4, Max: 140064.5, Diff: 0.1]
   [Code Root Fixup: 0.0 ms]
   [Code Root Purge: 0.0 ms]
   [Clear CT: 0.2 ms]
   [Other: 1.2 ms]
      [Choose CSet: 0.0 ms]
      [Ref Proc: 0.2 ms]
      [Ref Enq: 0.0 ms]
      [Redirty Cards: 0.4 ms]
      [Humongous Register: 0.0 ms]
      [Humongous Reclaim: 0.0 ms]
      [Free CSet: 0.3 ms]
   [Eden: 287.0M(287.0M)->0.0B(287.0M) Survivors: 42.0M->42.0M Heap: 1058.2M(2048.0M)->1059.7M(2048.0M)]
 [Times: user=1.36 sys=0.02, real=0.17 secs] 
2020-09-29T12:07:29.194+0200: 140.083: [GC pause (G1 Humongous Allocation) (young) (initial-mark), 0.0648245 secs]
   [Parallel Time: 63.9 ms, GC Workers: 8]
      [GC Worker Start (ms): Min: 140082.8, Avg: 140082.8, Max: 140082.9, Diff: 0.1]
      [Ext Root Scanning (ms): Min: 0.0, Avg: 0.1, Max: 0.1, Diff: 0.1, Sum: 0.7]
      [Update RS (ms): Min: 25.0, Avg: 26.9, Max: 32.5, Diff: 7.6, Sum: 215.0]
         [Processed Buffers: Min: 27, Avg: 30.4, Max: 32, Diff: 5, Sum: 243]
      [Scan RS (ms): Min: 0.0, Avg: 2.5, Max: 3.5, Diff: 3.5, Sum: 20.3]
      [Code Root Scanning (ms): Min: 0.0, Avg: 0.0, Max: 0.0, Diff: 0.0, Sum: 0.0]
      [Object Copy (ms): Min: 31.1, Avg: 34.2, Max: 35.2, Diff: 4.1, Sum: 273.9]
      [Termination (ms): Min: 0.0, Avg: 0.0, Max: 0.0, Diff: 0.0, Sum: 0.3]
         [Termination Attempts: Min: 1, Avg: 8.3, Max: 14, Diff: 13, Sum: 66]
      [GC Worker Other (ms): Min: 0.0, Avg: 0.0, Max: 0.0, Diff: 0.0, Sum: 0.1]
      [GC Worker Total (ms): Min: 63.7, Avg: 63.8, Max: 63.8, Diff: 0.1, Sum: 510.2]
      [GC Worker End (ms): Min: 140146.6, Avg: 140146.6, Max: 140146.6, Diff: 0.0]
   [Code Root Fixup: 0.0 ms]
   [Code Root Purge: 0.0 ms]
   [Clear CT: 0.1 ms]
   [Other: 0.8 ms]
      [Choose CSet: 0.0 ms]
      [Ref Proc: 0.2 ms]
      [Ref Enq: 0.0 ms]
      [Redirty Cards: 0.1 ms]
      [Humongous Register: 0.1 ms]
      [Humongous Reclaim: 0.0 ms]
      [Free CSet: 0.1 ms]
   [Eden: 11.0M(287.0M)->0.0B(267.0M) Survivors: 42.0M->13.0M Heap: 1070.2M(2048.0M)->1073.7M(2048.0M)]
 [Times: user=0.47 sys=0.00, real=0.07 secs] 
2020-09-29T12:07:29.259+0200: 140.148: [GC concurrent-root-region-scan-start]
2020-09-29T12:07:29.262+0200: 140.151: [GC concurrent-root-region-scan-end, 0.0031855 secs]
2020-09-29T12:07:29.262+0200: 140.151: [GC concurrent-mark-start]
2020-09-29T12:07:29.265+0200: 140.154: [GC concurrent-mark-end, 0.0033983 secs]
2020-09-29T12:07:29.266+0200: 140.155: [GC remark 2020-09-29T12:07:29.266+0200: 140.155: [Finalize Marking, 0.0002207 secs] 2020-09-29T12:07:29.266+0200: 140.155: [GC ref-proc, 0.0004083 secs] 2020-09-29T12:07:29.267+0200: 140.155: [Unloading, 0.0004759 secs], 0.0015534 secs]
 [Times: user=0.00 sys=0.00, real=0.00 secs] 
2020-09-29T12:07:29.268+0200: 140.157: [GC cleanup 1090M->38M(2048M), 0.0015371 secs]
 [Times: user=0.00 sys=0.01, real=0.00 secs] 
2020-09-29T12:07:29.270+0200: 140.158: [GC concurrent-cleanup-start]
2020-09-29T12:07:29.272+0200: 140.161: [GC concurrent-cleanup-end, 0.0022093 secs]
2020-09-29T12:07:29.423+0200: 140.311: [GC pause (G1 Evacuation Pause) (young), 0.1395113 secs]
   [Parallel Time: 138.5 ms, GC Workers: 8]
      [GC Worker Start (ms): Min: 140311.5, Avg: 140311.6, Max: 140311.7, Diff: 0.2]
      [Ext Root Scanning (ms): Min: 0.0, Avg: 0.1, Max: 0.1, Diff: 0.1, Sum: 0.5]
      [Update RS (ms): Min: 12.9, Avg: 13.0, Max: 13.3, Diff: 0.4, Sum: 103.9]
         [Processed Buffers: Min: 13, Avg: 15.6, Max: 18, Diff: 5, Sum: 125]
      [Scan RS (ms): Min: 11.9, Avg: 12.2, Max: 12.3, Diff: 0.4, Sum: 97.4]
      [Code Root Scanning (ms): Min: 0.0, Avg: 0.0, Max: 0.0, Diff: 0.0, Sum: 0.0]
      [Object Copy (ms): Min: 112.9, Avg: 112.9, Max: 113.0, Diff: 0.1, Sum: 903.6]
      [Termination (ms): Min: 0.0, Avg: 0.0, Max: 0.1, Diff: 0.1, Sum: 0.4]
         [Termination Attempts: Min: 1, Avg: 346.4, Max: 418, Diff: 417, Sum: 2771]
      [GC Worker Other (ms): Min: 0.0, Avg: 0.0, Max: 0.0, Diff: 0.0, Sum: 0.2]
      [GC Worker Total (ms): Min: 138.2, Avg: 138.2, Max: 138.4, Diff: 0.2, Sum: 1106.0]
      [GC Worker End (ms): Min: 140449.9, Avg: 140449.9, Max: 140449.9, Diff: 0.0]
   [Code Root Fixup: 0.0 ms]
   [Code Root Purge: 0.0 ms]
   [Clear CT: 0.2 ms]
   [Other: 0.9 ms]
      [Choose CSet: 0.0 ms]
      [Ref Proc: 0.2 ms]
      [Ref Enq: 0.0 ms]
      [Redirty Cards: 0.1 ms]
      [Humongous Register: 0.0 ms]
      [Humongous Reclaim: 0.0 ms]
      [Free CSet: 0.3 ms]
   [Eden: 267.0M(267.0M)->0.0B(270.0M) Survivors: 13.0M->35.0M Heap: 334.3M(2048.0M)->324.3M(2048.0M)]
 [Times: user=1.11 sys=0.00, real=0.14 secs] 
2020-09-29T12:07:29.724+0200: 140.613: [GC pause (G1 Evacuation Pause) (young), 0.1425670 secs]
   [Parallel Time: 141.5 ms, GC Workers: 8]
      [GC Worker Start (ms): Min: 140612.7, Avg: 140612.8, Max: 140612.9, Diff: 0.2]
      [Ext Root Scanning (ms): Min: 0.0, Avg: 0.1, Max: 0.2, Diff: 0.2, Sum: 0.5]
      [Update RS (ms): Min: 13.6, Avg: 13.8, Max: 14.2, Diff: 0.5, Sum: 110.7]
         [Processed Buffers: Min: 16, Avg: 16.8, Max: 18, Diff: 2, Sum: 134]
      [Scan RS (ms): Min: 12.9, Avg: 13.3, Max: 13.6, Diff: 0.7, Sum: 106.5]
      [Code Root Scanning (ms): Min: 0.0, Avg: 0.0, Max: 0.0, Diff: 0.0, Sum: 0.0]
      [Object Copy (ms): Min: 113.9, Avg: 114.0, Max: 114.1, Diff: 0.2, Sum: 912.4]
      [Termination (ms): Min: 0.0, Avg: 0.0, Max: 0.0, Diff: 0.0, Sum: 0.1]
         [Termination Attempts: Min: 1, Avg: 100.5, Max: 132, Diff: 131, Sum: 804]
      [GC Worker Other (ms): Min: 0.0, Avg: 0.0, Max: 0.1, Diff: 0.1, Sum: 0.3]
      [GC Worker Total (ms): Min: 141.2, Avg: 141.3, Max: 141.4, Diff: 0.2, Sum: 1130.5]
      [GC Worker End (ms): Min: 140754.1, Avg: 140754.1, Max: 140754.2, Diff: 0.1]
   [Code Root Fixup: 0.0 ms]
   [Code Root Purge: 0.0 ms]
   [Clear CT: 0.1 ms]
   [Other: 0.9 ms]
      [Choose CSet: 0.0 ms]
      [Ref Proc: 0.1 ms]
      [Ref Enq: 0.0 ms]
      [Redirty Cards: 0.2 ms]
      [Humongous Register: 0.0 ms]
      [Humongous Reclaim: 0.0 ms]
      [Free CSet: 0.3 ms]
   [Eden: 270.0M(270.0M)->0.0B(284.0M) Survivors: 35.0M->39.0M Heap: 638.1M(2048.0M)->640.1M(2048.0M)]
 [Times: user=1.13 sys=0.00, real=0.14 secs] 
2020-09-29T12:07:30.021+0200: 140.910: [GC pause (G1 Evacuation Pause) (young), 0.1577010 secs]
   [Parallel Time: 156.4 ms, GC Workers: 8]
      [GC Worker Start (ms): Min: 140909.7, Avg: 140909.8, Max: 140909.9, Diff: 0.2]
      [Ext Root Scanning (ms): Min: 0.0, Avg: 0.1, Max: 0.2, Diff: 0.2, Sum: 0.6]
      [Update RS (ms): Min: 14.9, Avg: 15.2, Max: 15.5, Diff: 0.6, Sum: 121.2]
         [Processed Buffers: Min: 17, Avg: 18.3, Max: 20, Diff: 3, Sum: 146]
      [Scan RS (ms): Min: 14.3, Avg: 14.7, Max: 15.1, Diff: 0.7, Sum: 117.7]
      [Code Root Scanning (ms): Min: 0.0, Avg: 0.0, Max: 0.0, Diff: 0.0, Sum: 0.0]
      [Object Copy (ms): Min: 125.8, Avg: 126.1, Max: 126.2, Diff: 0.4, Sum: 1008.4]
      [Termination (ms): Min: 0.0, Avg: 0.1, Max: 0.1, Diff: 0.1, Sum: 0.9]
         [Termination Attempts: Min: 1, Avg: 814.5, Max: 1016, Diff: 1015, Sum: 6516]
      [GC Worker Other (ms): Min: 0.0, Avg: 0.0, Max: 0.1, Diff: 0.1, Sum: 0.4]
      [GC Worker Total (ms): Min: 156.1, Avg: 156.2, Max: 156.2, Diff: 0.2, Sum: 1249.2]
      [GC Worker End (ms): Min: 141065.9, Avg: 141066.0, Max: 141066.0, Diff: 0.1]
   [Code Root Fixup: 0.0 ms]
   [Code Root Purge: 0.0 ms]
   [Clear CT: 0.2 ms]
   [Other: 1.1 ms]
      [Choose CSet: 0.0 ms]
      [Ref Proc: 0.2 ms]
      [Ref Enq: 0.0 ms]
      [Redirty Cards: 0.3 ms]
      [Humongous Register: 0.1 ms]
      [Humongous Reclaim: 0.0 ms]
      [Free CSet: 0.3 ms]
   [Eden: 284.0M(284.0M)->0.0B(292.0M) Survivors: 39.0M->41.0M Heap: 971.8M(2048.0M)->973.3M(2048.0M)]
 [Times: user=1.25 sys=0.00, real=0.16 secs] 
2020-09-29T12:07:30.186+0200: 141.075: [GC pause (G1 Humongous Allocation) (young) (initial-mark), 0.0572507 secs]
   [Parallel Time: 56.3 ms, GC Workers: 8]
      [GC Worker Start (ms): Min: 141074.9, Avg: 141074.9, Max: 141075.0, Diff: 0.1]
      [Ext Root Scanning (ms): Min: 0.0, Avg: 0.3, Max: 0.7, Diff: 0.7, Sum: 2.0]
      [Update RS (ms): Min: 34.9, Avg: 35.4, Max: 35.7, Diff: 0.8, Sum: 283.0]
         [Processed Buffers: Min: 38, Avg: 42.9, Max: 45, Diff: 7, Sum: 343]
      [Scan RS (ms): Min: 2.3, Avg: 2.5, Max: 2.7, Diff: 0.4, Sum: 19.9]
      [Code Root Scanning (ms): Min: 0.0, Avg: 0.0, Max: 0.0, Diff: 0.0, Sum: 0.0]
      [Object Copy (ms): Min: 18.0, Avg: 18.0, Max: 18.1, Diff: 0.1, Sum: 144.4]
      [Termination (ms): Min: 0.0, Avg: 0.0, Max: 0.0, Diff: 0.0, Sum: 0.0]
         [Termination Attempts: Min: 1, Avg: 33.4, Max: 47, Diff: 46, Sum: 267]
      [GC Worker Other (ms): Min: 0.0, Avg: 0.0, Max: 0.0, Diff: 0.0, Sum: 0.1]
      [GC Worker Total (ms): Min: 56.1, Avg: 56.2, Max: 56.2, Diff: 0.1, Sum: 449.4]
      [GC Worker End (ms): Min: 141131.1, Avg: 141131.1, Max: 141131.1, Diff: 0.0]
   [Code Root Fixup: 0.0 ms]
   [Code Root Purge: 0.0 ms]
   [Clear CT: 0.2 ms]
   [Other: 0.8 ms]
      [Choose CSet: 0.0 ms]
      [Ref Proc: 0.2 ms]
      [Ref Enq: 0.0 ms]
      [Redirty Cards: 0.1 ms]
      [Humongous Register: 0.1 ms]
      [Humongous Reclaim: 0.0 ms]
      [Free CSet: 0.1 ms]
   [Eden: 4096.0K(292.0M)->0.0B(337.0M) Survivors: 41.0M->6144.0K Heap: 976.8M(2048.0M)->981.8M(2048.0M)]
 [Times: user=0.50 sys=0.00, real=0.06 secs] 
2020-09-29T12:07:30.243+0200: 141.132: [GC concurrent-root-region-scan-start]
2020-09-29T12:07:30.245+0200: 141.133: [GC concurrent-root-region-scan-end, 0.0013007 secs]
2020-09-29T12:07:30.245+0200: 141.133: [GC concurrent-mark-start]
2020-09-29T12:07:30.248+0200: 141.136: [GC concurrent-mark-end, 0.0030723 secs]
2020-09-29T12:07:30.248+0200: 141.137: [GC remark 2020-09-29T12:07:30.248+0200: 141.137: [Finalize Marking, 0.0002700 secs] 2020-09-29T12:07:30.248+0200: 141.137: [GC ref-proc, 0.0002892 secs] 2020-09-29T12:07:30.249+0200: 141.138: [Unloading, 0.0005475 secs], 0.0014531 secs]
 [Times: user=0.00 sys=0.00, real=0.00 secs] 
2020-09-29T12:07:30.250+0200: 141.139: [GC cleanup 992M->25M(2048M), 0.0016310 secs]
 [Times: user=0.00 sys=0.00, real=0.00 secs] 
2020-09-29T12:07:30.252+0200: 141.140: [GC concurrent-cleanup-start]
2020-09-29T12:07:30.253+0200: 141.142: [GC concurrent-cleanup-end, 0.0011597 secs]
2020-09-29T12:07:30.446+0200: 141.335: [GC pause (G1 Evacuation Pause) (young), 0.1692736 secs]
   [Parallel Time: 168.0 ms, GC Workers: 8]
      [GC Worker Start (ms): Min: 141335.2, Avg: 141335.3, Max: 141335.4, Diff: 0.3]
      [Ext Root Scanning (ms): Min: 0.0, Avg: 0.1, Max: 0.2, Diff: 0.2, Sum: 0.5]
      [Update RS (ms): Min: 17.8, Avg: 18.0, Max: 18.0, Diff: 0.3, Sum: 143.6]
         [Processed Buffers: Min: 18, Avg: 19.5, Max: 23, Diff: 5, Sum: 156]
      [Scan RS (ms): Min: 16.5, Avg: 16.6, Max: 16.8, Diff: 0.3, Sum: 132.8]
      [Code Root Scanning (ms): Min: 0.0, Avg: 0.0, Max: 0.0, Diff: 0.0, Sum: 0.0]
      [Object Copy (ms): Min: 132.8, Avg: 133.1, Max: 133.2, Diff: 0.4, Sum: 1065.0]
      [Termination (ms): Min: 0.0, Avg: 0.0, Max: 0.0, Diff: 0.0, Sum: 0.1]
         [Termination Attempts: Min: 1, Avg: 113.0, Max: 149, Diff: 148, Sum: 904]
      [GC Worker Other (ms): Min: 0.0, Avg: 0.0, Max: 0.1, Diff: 0.0, Sum: 0.3]
      [GC Worker Total (ms): Min: 167.7, Avg: 167.8, Max: 167.9, Diff: 0.3, Sum: 1342.4]
      [GC Worker End (ms): Min: 141503.1, Avg: 141503.1, Max: 141503.1, Diff: 0.0]
   [Code Root Fixup: 0.0 ms]
   [Code Root Purge: 0.0 ms]
   [Clear CT: 0.2 ms]
   [Other: 1.1 ms]
      [Choose CSet: 0.0 ms]
      [Ref Proc: 0.2 ms]
      [Ref Enq: 0.0 ms]
      [Redirty Cards: 0.2 ms]
      [Humongous Register: 0.0 ms]
      [Humongous Reclaim: 0.0 ms]
      [Free CSet: 0.3 ms]
   [Eden: 337.0M(337.0M)->0.0B(307.0M) Survivors: 6144.0K->43.0M Heap: 408.7M(2048.0M)->405.7M(2048.0M)]
 [Times: user=1.36 sys=0.02, real=0.17 secs] 
2020-09-29T12:07:30.775+0200: 141.664: [GC pause (G1 Evacuation Pause) (young), 0.1738658 secs]
   [Parallel Time: 172.7 ms, GC Workers: 8]
      [GC Worker Start (ms): Min: 141663.8, Avg: 141663.9, Max: 141664.0, Diff: 0.1]
      [Ext Root Scanning (ms): Min: 0.0, Avg: 0.1, Max: 0.1, Diff: 0.1, Sum: 0.5]
      [Update RS (ms): Min: 16.6, Avg: 16.8, Max: 17.2, Diff: 0.6, Sum: 134.0]
         [Processed Buffers: Min: 19, Avg: 21.0, Max: 24, Diff: 5, Sum: 168]
      [Scan RS (ms): Min: 16.1, Avg: 16.6, Max: 16.8, Diff: 0.7, Sum: 132.6]
      [Code Root Scanning (ms): Min: 0.0, Avg: 0.0, Max: 0.0, Diff: 0.0, Sum: 0.0]
      [Object Copy (ms): Min: 138.9, Avg: 139.0, Max: 139.0, Diff: 0.1, Sum: 1111.7]
      [Termination (ms): Min: 0.1, Avg: 0.1, Max: 0.1, Diff: 0.1, Sum: 0.8]
         [Termination Attempts: Min: 1, Avg: 534.9, Max: 676, Diff: 675, Sum: 4279]
      [GC Worker Other (ms): Min: 0.0, Avg: 0.0, Max: 0.0, Diff: 0.0, Sum: 0.2]
      [GC Worker Total (ms): Min: 172.5, Avg: 172.5, Max: 172.6, Diff: 0.1, Sum: 1380.0]
      [GC Worker End (ms): Min: 141836.4, Avg: 141836.4, Max: 141836.4, Diff: 0.0]
   [Code Root Fixup: 0.0 ms]
   [Code Root Purge: 0.0 ms]
   [Clear CT: 0.2 ms]
   [Other: 1.0 ms]
      [Choose CSet: 0.0 ms]
      [Ref Proc: 0.2 ms]
      [Ref Enq: 0.0 ms]
      [Redirty Cards: 0.2 ms]
      [Humongous Register: 0.0 ms]
      [Humongous Reclaim: 0.0 ms]
      [Free CSet: 0.3 ms]
   [Eden: 307.0M(307.0M)->0.0B(305.0M) Survivors: 43.0M->44.0M Heap: 764.2M(2048.0M)->766.7M(2048.0M)]
 [Times: user=1.36 sys=0.02, real=0.17 secs] 
2020-09-29T12:07:31.126+0200: 142.015: [GC pause (G1 Evacuation Pause) (young), 0.1703755 secs]
   [Parallel Time: 169.3 ms, GC Workers: 8]
      [GC Worker Start (ms): Min: 142015.1, Avg: 142015.2, Max: 142015.3, Diff: 0.2]
      [Ext Root Scanning (ms): Min: 0.0, Avg: 0.1, Max: 0.2, Diff: 0.2, Sum: 0.5]
      [Update RS (ms): Min: 18.9, Avg: 19.2, Max: 19.5, Diff: 0.5, Sum: 153.3]
         [Processed Buffers: Min: 20, Avg: 20.8, Max: 22, Diff: 2, Sum: 166]
      [Scan RS (ms): Min: 15.8, Avg: 16.2, Max: 16.4, Diff: 0.6, Sum: 129.2]
      [Code Root Scanning (ms): Min: 0.0, Avg: 0.0, Max: 0.0, Diff: 0.0, Sum: 0.0]
      [Object Copy (ms): Min: 133.5, Avg: 133.5, Max: 133.6, Diff: 0.2, Sum: 1068.2]
      [Termination (ms): Min: 0.0, Avg: 0.1, Max: 0.1, Diff: 0.1, Sum: 0.7]
         [Termination Attempts: Min: 1, Avg: 598.4, Max: 740, Diff: 739, Sum: 4787]
      [GC Worker Other (ms): Min: 0.0, Avg: 0.0, Max: 0.1, Diff: 0.1, Sum: 0.3]
      [GC Worker Total (ms): Min: 168.9, Avg: 169.0, Max: 169.2, Diff: 0.2, Sum: 1352.3]
      [GC Worker End (ms): Min: 142184.2, Avg: 142184.2, Max: 142184.3, Diff: 0.1]
   [Code Root Fixup: 0.0 ms]
   [Code Root Purge: 0.0 ms]
   [Clear CT: 0.1 ms]
   [Other: 0.9 ms]
      [Choose CSet: 0.0 ms]
      [Ref Proc: 0.1 ms]
      [Ref Enq: 0.0 ms]
      [Redirty Cards: 0.3 ms]
      [Humongous Register: 0.1 ms]
      [Humongous Reclaim: 0.0 ms]
      [Free CSet: 0.3 ms]
   [Eden: 305.0M(305.0M)->0.0B(307.0M) Survivors: 44.0M->44.0M Heap: 1121.3M(2048.0M)->1123.3M(2048.0M)]
 [Times: user=1.34 sys=0.03, real=0.17 secs] 
2020-09-29T12:07:31.304+0200: 142.193: [GC pause (G1 Humongous Allocation) (young) (initial-mark), 0.0745426 secs]
   [Parallel Time: 73.6 ms, GC Workers: 8]
      [GC Worker Start (ms): Min: 142193.1, Avg: 142193.2, Max: 142193.2, Diff: 0.1]
      [Ext Root Scanning (ms): Min: 0.0, Avg: 2.9, Max: 22.2, Diff: 22.2, Sum: 23.3]
      [Update RS (ms): Min: 19.2, Avg: 38.7, Max: 41.6, Diff: 22.4, Sum: 309.5]
         [Processed Buffers: Min: 26, Avg: 47.1, Max: 52, Diff: 26, Sum: 377]
      [Scan RS (ms): Min: 2.5, Avg: 2.6, Max: 2.8, Diff: 0.3, Sum: 21.2]
      [Code Root Scanning (ms): Min: 0.0, Avg: 0.0, Max: 0.0, Diff: 0.0, Sum: 0.0]
      [Object Copy (ms): Min: 28.9, Avg: 29.0, Max: 29.2, Diff: 0.3, Sum: 231.8]
      [Termination (ms): Min: 0.0, Avg: 0.2, Max: 0.2, Diff: 0.2, Sum: 1.4]
         [Termination Attempts: Min: 1, Avg: 1316.1, Max: 1597, Diff: 1596, Sum: 10529]
      [GC Worker Other (ms): Min: 0.0, Avg: 0.0, Max: 0.0, Diff: 0.0, Sum: 0.2]
      [GC Worker Total (ms): Min: 73.4, Avg: 73.4, Max: 73.5, Diff: 0.1, Sum: 587.4]
      [GC Worker End (ms): Min: 142266.6, Avg: 142266.6, Max: 142266.6, Diff: 0.0]
   [Code Root Fixup: 0.0 ms]
   [Code Root Purge: 0.0 ms]
   [Clear CT: 0.1 ms]
   [Other: 0.8 ms]
      [Choose CSet: 0.0 ms]
      [Ref Proc: 0.2 ms]
      [Ref Enq: 0.0 ms]
      [Redirty Cards: 0.2 ms]
      [Humongous Register: 0.0 ms]
      [Humongous Reclaim: 0.0 ms]
      [Free CSet: 0.1 ms]
   [Eden: 1024.0K(307.0M)->0.0B(281.0M) Survivors: 44.0M->4096.0K Heap: 1124.3M(2048.0M)->1128.3M(2048.0M)]
 [Times: user=0.45 sys=0.00, real=0.08 secs] 
2020-09-29T12:07:31.379+0200: 142.268: [GC concurrent-root-region-scan-start]
2020-09-29T12:07:31.379+0200: 142.268: [GC concurrent-root-region-scan-end, 0.0003910 secs]
2020-09-29T12:07:31.379+0200: 142.268: [GC concurrent-mark-start]
2020-09-29T12:07:31.383+0200: 142.272: [GC concurrent-mark-end, 0.0035215 secs]
2020-09-29T12:07:31.383+0200: 142.272: [GC remark 2020-09-29T12:07:31.383+0200: 142.272: [Finalize Marking, 0.0002529 secs] 2020-09-29T12:07:31.383+0200: 142.272: [GC ref-proc, 0.0003975 secs] 2020-09-29T12:07:31.384+0200: 142.272: [Unloading, 0.0004703 secs], 0.0014446 secs]
 [Times: user=0.00 sys=0.00, real=0.00 secs] 
2020-09-29T12:07:31.385+0200: 142.274: [GC cleanup 1136M->20M(2048M), 0.0012660 secs]
 [Times: user=0.00 sys=0.00, real=0.00 secs] 
2020-09-29T12:07:31.386+0200: 142.275: [GC concurrent-cleanup-start]
2020-09-29T12:07:31.388+0200: 142.277: [GC concurrent-cleanup-end, 0.0022442 secs]
2020-09-29T12:07:31.545+0200: 142.434: [GC pause (G1 Evacuation Pause) (young), 0.1397763 secs]
   [Parallel Time: 138.0 ms, GC Workers: 8]
      [GC Worker Start (ms): Min: 142434.2, Avg: 142434.4, Max: 142435.2, Diff: 1.1]
      [Ext Root Scanning (ms): Min: 0.0, Avg: 0.1, Max: 0.1, Diff: 0.1, Sum: 0.6]
      [Update RS (ms): Min: 18.0, Avg: 18.9, Max: 19.4, Diff: 1.4, Sum: 151.4]
         [Processed Buffers: Min: 20, Avg: 21.1, Max: 25, Diff: 5, Sum: 169]
      [Scan RS (ms): Min: 10.3, Avg: 10.6, Max: 10.8, Diff: 0.5, Sum: 84.7]
      [Code Root Scanning (ms): Min: 0.0, Avg: 0.0, Max: 0.0, Diff: 0.0, Sum: 0.0]
      [Object Copy (ms): Min: 108.0, Avg: 108.0, Max: 108.1, Diff: 0.1, Sum: 864.2]
      [Termination (ms): Min: 0.0, Avg: 0.1, Max: 0.1, Diff: 0.1, Sum: 0.5]
         [Termination Attempts: Min: 1, Avg: 421.0, Max: 527, Diff: 526, Sum: 3368]
      [GC Worker Other (ms): Min: 0.0, Avg: 0.0, Max: 0.1, Diff: 0.1, Sum: 0.3]
      [GC Worker Total (ms): Min: 136.9, Avg: 137.7, Max: 137.9, Diff: 1.1, Sum: 1101.8]
      [GC Worker End (ms): Min: 142572.1, Avg: 142572.1, Max: 142572.1, Diff: 0.1]
   [Code Root Fixup: 0.0 ms]
   [Code Root Purge: 0.0 ms]
   [Clear CT: 0.1 ms]
   [Other: 1.6 ms]
      [Choose CSet: 0.0 ms]
      [Ref Proc: 0.2 ms]
      [Ref Enq: 0.0 ms]
      [Redirty Cards: 0.8 ms]
      [Humongous Register: 0.0 ms]
      [Humongous Reclaim: 0.0 ms]
      [Free CSet: 0.3 ms]
   [Eden: 281.0M(281.0M)->0.0B(277.0M) Survivors: 4096.0K->36.0M Heap: 341.2M(2048.0M)->339.2M(2048.0M)]
 [Times: user=1.11 sys=0.00, real=0.14 secs] 
2020-09-29T12:07:31.850+0200: 142.739: [GC pause (G1 Evacuation Pause) (young), 0.1591365 secs]
   [Parallel Time: 157.9 ms, GC Workers: 8]
      [GC Worker Start (ms): Min: 142739.3, Avg: 142739.7, Max: 142740.8, Diff: 1.5]
      [Ext Root Scanning (ms): Min: 0.0, Avg: 0.1, Max: 0.2, Diff: 0.2, Sum: 0.7]
      [Update RS (ms): Min: 24.5, Avg: 25.7, Max: 26.4, Diff: 1.9, Sum: 205.2]
         [Processed Buffers: Min: 26, Avg: 28.3, Max: 31, Diff: 5, Sum: 226]
      [Scan RS (ms): Min: 9.5, Avg: 10.0, Max: 10.2, Diff: 0.7, Sum: 79.8]
      [Code Root Scanning (ms): Min: 0.0, Avg: 0.0, Max: 0.0, Diff: 0.0, Sum: 0.0]
      [Object Copy (ms): Min: 121.5, Avg: 121.5, Max: 121.6, Diff: 0.2, Sum: 972.1]
      [Termination (ms): Min: 0.0, Avg: 0.1, Max: 0.1, Diff: 0.1, Sum: 0.4]
         [Termination Attempts: Min: 1, Avg: 415.4, Max: 527, Diff: 526, Sum: 3323]
      [GC Worker Other (ms): Min: 0.0, Avg: 0.0, Max: 0.1, Diff: 0.1, Sum: 0.3]
      [GC Worker Total (ms): Min: 156.2, Avg: 157.3, Max: 157.7, Diff: 1.5, Sum: 1258.4]
      [GC Worker End (ms): Min: 142897.0, Avg: 142897.0, Max: 142897.0, Diff: 0.1]
   [Code Root Fixup: 0.0 ms]
   [Code Root Purge: 0.0 ms]
   [Clear CT: 0.2 ms]
   [Other: 1.1 ms]
      [Choose CSet: 0.0 ms]
      [Ref Proc: 0.2 ms]
      [Ref Enq: 0.0 ms]
      [Redirty Cards: 0.3 ms]
      [Humongous Register: 0.1 ms]
      [Humongous Reclaim: 0.0 ms]
      [Free CSet: 0.3 ms]
   [Eden: 277.0M(277.0M)->0.0B(284.0M) Survivors: 36.0M->40.0M Heap: 662.0M(2048.0M)->664.0M(2048.0M)]
 [Times: user=1.25 sys=0.00, real=0.16 secs] 
2020-09-29T12:07:32.188+0200: 143.077: [GC pause (G1 Evacuation Pause) (young), 0.1695024 secs]
   [Parallel Time: 168.4 ms, GC Workers: 8]
      [GC Worker Start (ms): Min: 143077.4, Avg: 143077.5, Max: 143077.6, Diff: 0.2]
      [Ext Root Scanning (ms): Min: 0.0, Avg: 0.1, Max: 0.2, Diff: 0.1, Sum: 0.6]
      [Update RS (ms): Min: 22.9, Avg: 23.0, Max: 23.1, Diff: 0.2, Sum: 183.9]
         [Processed Buffers: Min: 20, Avg: 22.5, Max: 26, Diff: 6, Sum: 180]
      [Scan RS (ms): Min: 16.4, Avg: 16.6, Max: 16.8, Diff: 0.4, Sum: 132.6]
      [Code Root Scanning (ms): Min: 0.0, Avg: 0.0, Max: 0.0, Diff: 0.0, Sum: 0.0]
      [Object Copy (ms): Min: 128.3, Avg: 128.5, Max: 128.6, Diff: 0.3, Sum: 1028.0]
      [Termination (ms): Min: 0.0, Avg: 0.0, Max: 0.0, Diff: 0.0, Sum: 0.0]
         [Termination Attempts: Min: 1, Avg: 18.9, Max: 26, Diff: 25, Sum: 151]
      [GC Worker Other (ms): Min: 0.0, Avg: 0.0, Max: 0.1, Diff: 0.0, Sum: 0.3]
      [GC Worker Total (ms): Min: 168.1, Avg: 168.2, Max: 168.3, Diff: 0.2, Sum: 1345.5]
      [GC Worker End (ms): Min: 143245.7, Avg: 143245.7, Max: 143245.7, Diff: 0.0]
   [Code Root Fixup: 0.0 ms]
   [Code Root Purge: 0.0 ms]
   [Clear CT: 0.2 ms]
   [Other: 0.9 ms]
      [Choose CSet: 0.0 ms]
      [Ref Proc: 0.2 ms]
      [Ref Enq: 0.0 ms]
      [Redirty Cards: 0.2 ms]
      [Humongous Register: 0.0 ms]
      [Humongous Reclaim: 0.0 ms]
      [Free CSet: 0.3 ms]
   [Eden: 284.0M(284.0M)->0.0B(281.0M) Survivors: 40.0M->41.0M Heap: 995.6M(2048.0M)->997.1M(2048.0M)]
 [Times: user=1.34 sys=0.00, real=0.17 secs] 
2020-09-29T12:07:32.368+0200: 143.257: [GC pause (G1 Humongous Allocation) (young) (initial-mark), 0.0565333 secs]
   [Parallel Time: 55.6 ms, GC Workers: 8]
      [GC Worker Start (ms): Min: 143257.1, Avg: 143257.2, Max: 143257.3, Diff: 0.1]
      [Ext Root Scanning (ms): Min: 0.0, Avg: 0.1, Max: 0.1, Diff: 0.1, Sum: 0.7]
      [Update RS (ms): Min: 30.4, Avg: 30.5, Max: 30.8, Diff: 0.4, Sum: 244.4]
         [Processed Buffers: Min: 35, Avg: 38.5, Max: 41, Diff: 6, Sum: 308]
      [Scan RS (ms): Min: 2.6, Avg: 2.8, Max: 2.9, Diff: 0.4, Sum: 22.6]
      [Code Root Scanning (ms): Min: 0.0, Avg: 0.0, Max: 0.0, Diff: 0.0, Sum: 0.0]
      [Object Copy (ms): Min: 21.8, Avg: 21.9, Max: 21.9, Diff: 0.1, Sum: 174.9]
      [Termination (ms): Min: 0.0, Avg: 0.1, Max: 0.1, Diff: 0.1, Sum: 0.8]
         [Termination Attempts: Min: 1, Avg: 669.3, Max: 839, Diff: 838, Sum: 5354]
      [GC Worker Other (ms): Min: 0.0, Avg: 0.0, Max: 0.0, Diff: 0.0, Sum: 0.1]
      [GC Worker Total (ms): Min: 55.4, Avg: 55.4, Max: 55.5, Diff: 0.1, Sum: 443.5]
      [GC Worker End (ms): Min: 143312.6, Avg: 143312.6, Max: 143312.6, Diff: 0.0]
   [Code Root Fixup: 0.0 ms]
   [Code Root Purge: 0.0 ms]
   [Clear CT: 0.1 ms]
   [Other: 0.8 ms]
      [Choose CSet: 0.0 ms]
      [Ref Proc: 0.2 ms]
      [Ref Enq: 0.0 ms]
      [Redirty Cards: 0.1 ms]
      [Humongous Register: 0.1 ms]
      [Humongous Reclaim: 0.0 ms]
      [Free CSet: 0.1 ms]
   [Eden: 5120.0K(281.0M)->0.0B(316.0M) Survivors: 41.0M->7168.0K Heap: 1002.1M(2048.0M)->1006.1M(2048.0M)]
 [Times: user=0.36 sys=0.00, real=0.06 secs] 
2020-09-29T12:07:32.425+0200: 143.314: [GC concurrent-root-region-scan-start]
2020-09-29T12:07:32.426+0200: 143.315: [GC concurrent-root-region-scan-end, 0.0015103 secs]
2020-09-29T12:07:32.426+0200: 143.315: [GC concurrent-mark-start]
2020-09-29T12:07:32.429+0200: 143.318: [GC concurrent-mark-end, 0.0025090 secs]
2020-09-29T12:07:32.429+0200: 143.318: [GC remark 2020-09-29T12:07:32.429+0200: 143.318: [Finalize Marking, 0.0001569 secs] 2020-09-29T12:07:32.429+0200: 143.318: [GC ref-proc, 0.0003130 secs] 2020-09-29T12:07:32.429+0200: 143.318: [Unloading, 0.0005039 secs], 0.0013993 secs]
 [Times: user=0.00 sys=0.00, real=0.00 secs] 
2020-09-29T12:07:32.431+0200: 143.320: [GC cleanup 1016M->25M(2048M), 0.0011704 secs]
 [Times: user=0.00 sys=0.00, real=0.00 secs] 
2020-09-29T12:07:32.432+0200: 143.321: [GC concurrent-cleanup-start]
2020-09-29T12:07:32.434+0200: 143.323: [GC concurrent-cleanup-end, 0.0016391 secs]
2020-09-29T12:07:32.602+0200: 143.491: [GC pause (G1 Evacuation Pause) (young), 0.1751949 secs]
   [Parallel Time: 174.1 ms, GC Workers: 8]
      [GC Worker Start (ms): Min: 143490.8, Avg: 143492.0, Max: 143500.5, Diff: 9.8]
      [Ext Root Scanning (ms): Min: 0.0, Avg: 0.1, Max: 0.1, Diff: 0.1, Sum: 0.7]
      [Update RS (ms): Min: 7.2, Avg: 15.7, Max: 17.3, Diff: 10.1, Sum: 125.2]
         [Processed Buffers: Min: 8, Avg: 17.0, Max: 20, Diff: 12, Sum: 136]
      [Scan RS (ms): Min: 15.4, Avg: 15.9, Max: 16.0, Diff: 0.6, Sum: 126.8]
      [Code Root Scanning (ms): Min: 0.0, Avg: 0.0, Max: 0.0, Diff: 0.0, Sum: 0.0]
      [Object Copy (ms): Min: 141.0, Avg: 141.0, Max: 141.1, Diff: 0.1, Sum: 1128.3]
      [Termination (ms): Min: 0.0, Avg: 0.0, Max: 0.1, Diff: 0.1, Sum: 0.4]
         [Termination Attempts: Min: 1, Avg: 304.1, Max: 434, Diff: 433, Sum: 2433]
      [GC Worker Other (ms): Min: 0.0, Avg: 0.0, Max: 0.1, Diff: 0.1, Sum: 0.4]
      [GC Worker Total (ms): Min: 164.2, Avg: 172.7, Max: 174.0, Diff: 9.8, Sum: 1381.8]
      [GC Worker End (ms): Min: 143664.7, Avg: 143664.8, Max: 143664.8, Diff: 0.1]
   [Code Root Fixup: 0.0 ms]
   [Code Root Purge: 0.0 ms]
   [Clear CT: 0.2 ms]
   [Other: 0.9 ms]
      [Choose CSet: 0.0 ms]
      [Ref Proc: 0.2 ms]
      [Ref Enq: 0.0 ms]
      [Redirty Cards: 0.2 ms]
      [Humongous Register: 0.0 ms]
      [Humongous Reclaim: 0.0 ms]
      [Free CSet: 0.2 ms]
   [Eden: 316.0M(316.0M)->0.0B(284.0M) Survivors: 7168.0K->41.0M Heap: 385.4M(2048.0M)->380.4M(2048.0M)]
 [Times: user=1.38 sys=0.00, real=0.17 secs] 
2020-09-29T12:07:32.950+0200: 143.839: [GC pause (G1 Evacuation Pause) (young), 0.1932477 secs]
   [Parallel Time: 192.0 ms, GC Workers: 8]
      [GC Worker Start (ms): Min: 143838.8, Avg: 143838.9, Max: 143839.0, Diff: 0.2]
      [Ext Root Scanning (ms): Min: 0.0, Avg: 0.1, Max: 0.2, Diff: 0.2, Sum: 0.6]
      [Update RS (ms): Min: 20.7, Avg: 20.9, Max: 21.5, Diff: 0.7, Sum: 167.6]
         [Processed Buffers: Min: 16, Avg: 18.1, Max: 20, Diff: 4, Sum: 145]
      [Scan RS (ms): Min: 24.1, Avg: 24.5, Max: 24.8, Diff: 0.7, Sum: 196.4]
      [Code Root Scanning (ms): Min: 0.0, Avg: 0.0, Max: 0.0, Diff: 0.0, Sum: 0.0]
      [Object Copy (ms): Min: 145.9, Avg: 146.0, Max: 146.1, Diff: 0.2, Sum: 1167.7]
      [Termination (ms): Min: 0.0, Avg: 0.1, Max: 0.2, Diff: 0.2, Sum: 1.2]
         [Termination Attempts: Min: 1, Avg: 637.6, Max: 930, Diff: 929, Sum: 5101]
      [GC Worker Other (ms): Min: 0.0, Avg: 0.0, Max: 0.0, Diff: 0.0, Sum: 0.1]
      [GC Worker Total (ms): Min: 191.6, Avg: 191.7, Max: 191.8, Diff: 0.2, Sum: 1533.6]
      [GC Worker End (ms): Min: 144030.6, Avg: 144030.6, Max: 144030.6, Diff: 0.0]
   [Code Root Fixup: 0.0 ms]
   [Code Root Purge: 0.0 ms]
   [Clear CT: 0.2 ms]
   [Other: 1.1 ms]
      [Choose CSet: 0.0 ms]
      [Ref Proc: 0.2 ms]
      [Ref Enq: 0.0 ms]
      [Redirty Cards: 0.3 ms]
      [Humongous Register: 0.0 ms]
      [Humongous Reclaim: 0.0 ms]
      [Free CSet: 0.4 ms]
   [Eden: 284.0M(284.0M)->0.0B(257.0M) Survivors: 41.0M->41.0M Heap: 712.1M(2048.0M)->713.6M(2048.0M)]
 [Times: user=1.33 sys=0.09, real=0.19 secs] 
2020-09-29T12:07:33.307+0200: 144.196: [GC pause (G1 Evacuation Pause) (young), 0.1580775 secs]
   [Parallel Time: 157.0 ms, GC Workers: 8]
      [GC Worker Start (ms): Min: 144196.0, Avg: 144196.0, Max: 144196.1, Diff: 0.2]
      [Ext Root Scanning (ms): Min: 0.0, Avg: 0.1, Max: 0.2, Diff: 0.2, Sum: 0.5]
      [Update RS (ms): Min: 16.5, Avg: 16.6, Max: 16.8, Diff: 0.3, Sum: 132.9]
         [Processed Buffers: Min: 15, Avg: 15.6, Max: 18, Diff: 3, Sum: 125]
      [Scan RS (ms): Min: 16.5, Avg: 16.7, Max: 16.8, Diff: 0.4, Sum: 133.5]
      [Code Root Scanning (ms): Min: 0.0, Avg: 0.0, Max: 0.0, Diff: 0.0, Sum: 0.0]
      [Object Copy (ms): Min: 123.1, Avg: 123.2, Max: 123.3, Diff: 0.2, Sum: 985.3]
      [Termination (ms): Min: 0.0, Avg: 0.2, Max: 0.2, Diff: 0.2, Sum: 1.6]
         [Termination Attempts: Min: 1, Avg: 1347.3, Max: 1625, Diff: 1624, Sum: 10778]
      [GC Worker Other (ms): Min: 0.0, Avg: 0.0, Max: 0.1, Diff: 0.1, Sum: 0.4]
      [GC Worker Total (ms): Min: 156.7, Avg: 156.8, Max: 156.8, Diff: 0.2, Sum: 1254.2]
      [GC Worker End (ms): Min: 144352.8, Avg: 144352.8, Max: 144352.8, Diff: 0.1]
   [Code Root Fixup: 0.0 ms]
   [Code Root Purge: 0.0 ms]
   [Clear CT: 0.2 ms]
   [Other: 0.9 ms]
      [Choose CSet: 0.0 ms]
      [Ref Proc: 0.2 ms]
      [Ref Enq: 0.0 ms]
      [Redirty Cards: 0.2 ms]
      [Humongous Register: 0.0 ms]
      [Humongous Reclaim: 0.0 ms]
      [Free CSet: 0.3 ms]
   [Eden: 257.0M(257.0M)->0.0B(268.0M) Survivors: 41.0M->38.0M Heap: 1012.6M(2048.0M)->1014.1M(2048.0M)]
 [Times: user=1.23 sys=0.00, real=0.16 secs] 
2020-09-29T12:07:33.471+0200: 144.360: [GC pause (G1 Humongous Allocation) (young) (initial-mark), 0.0698202 secs]
   [Parallel Time: 68.9 ms, GC Workers: 8]
      [GC Worker Start (ms): Min: 144360.2, Avg: 144360.3, Max: 144360.4, Diff: 0.1]
      [Ext Root Scanning (ms): Min: 0.0, Avg: 0.4, Max: 2.2, Diff: 2.2, Sum: 3.1]
      [Update RS (ms): Min: 37.3, Avg: 37.8, Max: 38.4, Diff: 1.0, Sum: 302.5]
         [Processed Buffers: Min: 17, Avg: 39.9, Max: 49, Diff: 32, Sum: 319]
      [Scan RS (ms): Min: 1.2, Avg: 5.4, Max: 25.8, Diff: 24.6, Sum: 43.4]
      [Code Root Scanning (ms): Min: 0.0, Avg: 0.0, Max: 0.0, Diff: 0.0, Sum: 0.0]
      [Object Copy (ms): Min: 5.0, Avg: 24.8, Max: 27.8, Diff: 22.7, Sum: 198.7]
      [Termination (ms): Min: 0.0, Avg: 0.2, Max: 0.3, Diff: 0.3, Sum: 1.8]
         [Termination Attempts: Min: 1, Avg: 1410.0, Max: 1860, Diff: 1859, Sum: 11280]
      [GC Worker Other (ms): Min: 0.0, Avg: 0.0, Max: 0.0, Diff: 0.0, Sum: 0.1]
      [GC Worker Total (ms): Min: 68.6, Avg: 68.7, Max: 68.8, Diff: 0.2, Sum: 549.5]
      [GC Worker End (ms): Min: 144429.0, Avg: 144429.0, Max: 144429.0, Diff: 0.0]
   [Code Root Fixup: 0.0 ms]
   [Code Root Purge: 0.0 ms]
   [Clear CT: 0.2 ms]
   [Other: 0.8 ms]
      [Choose CSet: 0.0 ms]
      [Ref Proc: 0.2 ms]
      [Ref Enq: 0.0 ms]
      [Redirty Cards: 0.1 ms]
      [Humongous Register: 0.1 ms]
      [Humongous Reclaim: 0.0 ms]
      [Free CSet: 0.1 ms]
   [Eden: 2048.0K(268.0M)->0.0B(247.0M) Survivors: 38.0M->4096.0K Heap: 1015.6M(2048.0M)->1019.6M(2048.0M)]
 [Times: user=0.55 sys=0.00, real=0.07 secs] 
2020-09-29T12:07:33.541+0200: 144.430: [GC concurrent-root-region-scan-start]
2020-09-29T12:07:33.542+0200: 144.431: [GC concurrent-root-region-scan-end, 0.0006110 secs]
2020-09-29T12:07:33.542+0200: 144.431: [GC concurrent-mark-start]
2020-09-29T12:07:33.545+0200: 144.434: [GC concurrent-mark-end, 0.0034680 secs]
2020-09-29T12:07:33.545+0200: 144.434: [GC remark 2020-09-29T12:07:33.545+0200: 144.434: [Finalize Marking, 0.0003011 secs] 2020-09-29T12:07:33.546+0200: 144.435: [GC ref-proc, 0.0003026 secs] 2020-09-29T12:07:33.546+0200: 144.435: [Unloading, 0.0004446 secs], 0.0013964 secs]
 [Times: user=0.00 sys=0.00, real=0.00 secs] 
2020-09-29T12:07:33.547+0200: 144.436: [GC cleanup 1029M->22M(2048M), 0.0012468 secs]
 [Times: user=0.00 sys=0.00, real=0.00 secs] 
2020-09-29T12:07:33.548+0200: 144.437: [GC concurrent-cleanup-start]
2020-09-29T12:07:33.550+0200: 144.439: [GC concurrent-cleanup-end, 0.0016121 secs]
2020-09-29T12:07:33.690+0200: 144.579: [GC pause (G1 Evacuation Pause) (young), 0.1244492 secs]
   [Parallel Time: 123.4 ms, GC Workers: 8]
      [GC Worker Start (ms): Min: 144578.7, Avg: 144578.7, Max: 144578.8, Diff: 0.1]
      [Ext Root Scanning (ms): Min: 0.0, Avg: 0.1, Max: 0.1, Diff: 0.1, Sum: 0.6]
      [Update RS (ms): Min: 13.8, Avg: 14.1, Max: 14.6, Diff: 0.7, Sum: 112.6]
         [Processed Buffers: Min: 13, Avg: 15.6, Max: 17, Diff: 4, Sum: 125]
      [Scan RS (ms): Min: 10.1, Avg: 10.6, Max: 10.8, Diff: 0.8, Sum: 84.6]
      [Code Root Scanning (ms): Min: 0.0, Avg: 0.0, Max: 0.0, Diff: 0.0, Sum: 0.0]
      [Object Copy (ms): Min: 98.4, Avg: 98.4, Max: 98.5, Diff: 0.2, Sum: 787.6]
      [Termination (ms): Min: 0.0, Avg: 0.1, Max: 0.1, Diff: 0.1, Sum: 0.7]
         [Termination Attempts: Min: 1, Avg: 643.6, Max: 825, Diff: 824, Sum: 5149]
      [GC Worker Other (ms): Min: 0.0, Avg: 0.0, Max: 0.1, Diff: 0.1, Sum: 0.3]
      [GC Worker Total (ms): Min: 123.2, Avg: 123.3, Max: 123.4, Diff: 0.2, Sum: 986.5]
      [GC Worker End (ms): Min: 144702.0, Avg: 144702.0, Max: 144702.1, Diff: 0.1]
   [Code Root Fixup: 0.0 ms]
   [Code Root Purge: 0.0 ms]
   [Clear CT: 0.1 ms]
   [Other: 0.9 ms]
      [Choose CSet: 0.0 ms]
      [Ref Proc: 0.2 ms]
      [Ref Enq: 0.0 ms]
      [Redirty Cards: 0.2 ms]
      [Humongous Register: 0.0 ms]
      [Humongous Reclaim: 0.0 ms]
      [Free CSet: 0.2 ms]
   [Eden: 247.0M(247.0M)->0.0B(255.0M) Survivors: 4096.0K->32.0M Heap: 301.5M(2048.0M)->299.5M(2048.0M)]
 [Times: user=0.97 sys=0.00, real=0.12 secs] 
2020-09-29T12:07:33.964+0200: 144.853: [GC pause (G1 Evacuation Pause) (young), 0.1375074 secs]
   [Parallel Time: 136.3 ms, GC Workers: 8]
      [GC Worker Start (ms): Min: 144853.3, Avg: 144853.5, Max: 144853.7, Diff: 0.3]
      [Ext Root Scanning (ms): Min: 0.0, Avg: 0.1, Max: 0.2, Diff: 0.2, Sum: 0.5]
      [Update RS (ms): Min: 16.6, Avg: 17.0, Max: 17.4, Diff: 0.8, Sum: 136.0]
         [Processed Buffers: Min: 18, Avg: 18.8, Max: 21, Diff: 3, Sum: 150]
      [Scan RS (ms): Min: 10.6, Avg: 11.0, Max: 11.3, Diff: 0.7, Sum: 87.8]
      [Code Root Scanning (ms): Min: 0.0, Avg: 0.0, Max: 0.0, Diff: 0.0, Sum: 0.0]
      [Object Copy (ms): Min: 107.9, Avg: 107.9, Max: 108.1, Diff: 0.2, Sum: 863.5]
      [Termination (ms): Min: 0.0, Avg: 0.1, Max: 0.1, Diff: 0.1, Sum: 0.8]
         [Termination Attempts: Min: 1, Avg: 741.8, Max: 930, Diff: 929, Sum: 5934]
      [GC Worker Other (ms): Min: 0.0, Avg: 0.0, Max: 0.1, Diff: 0.1, Sum: 0.3]
      [GC Worker Total (ms): Min: 135.9, Avg: 136.1, Max: 136.3, Diff: 0.3, Sum: 1089.0]
      [GC Worker End (ms): Min: 144989.6, Avg: 144989.6, Max: 144989.6, Diff: 0.1]
   [Code Root Fixup: 0.0 ms]
   [Code Root Purge: 0.0 ms]
   [Clear CT: 0.1 ms]
   [Other: 1.0 ms]
      [Choose CSet: 0.0 ms]
      [Ref Proc: 0.2 ms]
      [Ref Enq: 0.0 ms]
      [Redirty Cards: 0.2 ms]
      [Humongous Register: 0.0 ms]
      [Humongous Reclaim: 0.0 ms]
      [Free CSet: 0.3 ms]
   [Eden: 255.0M(255.0M)->0.0B(273.0M) Survivors: 32.0M->36.0M Heap: 596.4M(2048.0M)->597.9M(2048.0M)]
 [Times: user=1.11 sys=0.00, real=0.14 secs] 
2020-09-29T12:07:34.261+0200: 145.150: [GC pause (G1 Evacuation Pause) (young), 0.1475534 secs]
   [Parallel Time: 146.5 ms, GC Workers: 8]
      [GC Worker Start (ms): Min: 145149.8, Avg: 145149.9, Max: 145149.9, Diff: 0.1]
      [Ext Root Scanning (ms): Min: 0.0, Avg: 0.1, Max: 0.2, Diff: 0.1, Sum: 0.6]
      [Update RS (ms): Min: 16.2, Avg: 16.5, Max: 16.8, Diff: 0.6, Sum: 131.7]
         [Processed Buffers: Min: 19, Avg: 19.8, Max: 22, Diff: 3, Sum: 158]
      [Scan RS (ms): Min: 12.5, Avg: 12.8, Max: 13.1, Diff: 0.6, Sum: 102.1]
      [Code Root Scanning (ms): Min: 0.0, Avg: 0.0, Max: 0.0, Diff: 0.0, Sum: 0.0]
      [Object Copy (ms): Min: 116.8, Avg: 116.9, Max: 117.0, Diff: 0.2, Sum: 934.9]
      [Termination (ms): Min: 0.0, Avg: 0.0, Max: 0.0, Diff: 0.0, Sum: 0.3]
         [Termination Attempts: Min: 1, Avg: 234.5, Max: 304, Diff: 303, Sum: 1876]
      [GC Worker Other (ms): Min: 0.0, Avg: 0.0, Max: 0.1, Diff: 0.0, Sum: 0.3]
      [GC Worker Total (ms): Min: 146.2, Avg: 146.2, Max: 146.3, Diff: 0.1, Sum: 1169.9]
      [GC Worker End (ms): Min: 145296.1, Avg: 145296.1, Max: 145296.1, Diff: 0.0]
   [Code Root Fixup: 0.0 ms]
   [Code Root Purge: 0.0 ms]
   [Clear CT: 0.2 ms]
   [Other: 0.9 ms]
      [Choose CSet: 0.0 ms]
      [Ref Proc: 0.1 ms]
      [Ref Enq: 0.0 ms]
      [Redirty Cards: 0.2 ms]
      [Humongous Register: 0.0 ms]
      [Humongous Reclaim: 0.0 ms]
      [Free CSet: 0.3 ms]
   [Eden: 273.0M(273.0M)->0.0B(289.0M) Survivors: 36.0M->39.0M Heap: 916.7M(2048.0M)->918.2M(2048.0M)]
 [Times: user=1.08 sys=0.00, real=0.15 secs] 
2020-09-29T12:07:34.526+0200: 145.415: [GC pause (G1 Humongous Allocation) (young) (initial-mark), 0.1167982 secs]
   [Parallel Time: 115.7 ms, GC Workers: 8]
      [GC Worker Start (ms): Min: 145414.8, Avg: 145414.8, Max: 145414.9, Diff: 0.1]
      [Ext Root Scanning (ms): Min: 0.0, Avg: 0.1, Max: 0.1, Diff: 0.1, Sum: 0.7]
      [Update RS (ms): Min: 18.8, Avg: 19.1, Max: 19.4, Diff: 0.6, Sum: 152.6]
         [Processed Buffers: Min: 20, Avg: 20.8, Max: 21, Diff: 1, Sum: 166]
      [Scan RS (ms): Min: 6.9, Avg: 7.2, Max: 7.5, Diff: 0.6, Sum: 57.9]
      [Code Root Scanning (ms): Min: 0.0, Avg: 0.0, Max: 0.0, Diff: 0.0, Sum: 0.0]
      [Object Copy (ms): Min: 89.1, Avg: 89.1, Max: 89.2, Diff: 0.1, Sum: 713.0]
      [Termination (ms): Min: 0.0, Avg: 0.0, Max: 0.0, Diff: 0.0, Sum: 0.1]
         [Termination Attempts: Min: 1, Avg: 92.1, Max: 126, Diff: 125, Sum: 737]
      [GC Worker Other (ms): Min: 0.0, Avg: 0.0, Max: 0.1, Diff: 0.0, Sum: 0.2]
      [GC Worker Total (ms): Min: 115.5, Avg: 115.6, Max: 115.6, Diff: 0.1, Sum: 924.6]
      [GC Worker End (ms): Min: 145530.4, Avg: 145530.4, Max: 145530.4, Diff: 0.0]
   [Code Root Fixup: 0.0 ms]
   [Code Root Purge: 0.0 ms]
   [Clear CT: 0.1 ms]
   [Other: 0.9 ms]
      [Choose CSet: 0.0 ms]
      [Ref Proc: 0.2 ms]
      [Ref Enq: 0.0 ms]
      [Redirty Cards: 0.2 ms]
      [Humongous Register: 0.0 ms]
      [Humongous Reclaim: 0.0 ms]
      [Free CSet: 0.2 ms]
   [Eden: 198.0M(289.0M)->0.0B(311.0M) Survivors: 39.0M->41.0M Heap: 1148.6M(2048.0M)->1150.6M(2048.0M)]
 [Times: user=0.84 sys=0.00, real=0.12 secs] 
2020-09-29T12:07:34.643+0200: 145.532: [GC concurrent-root-region-scan-start]
2020-09-29T12:07:34.658+0200: 145.547: [GC concurrent-root-region-scan-end, 0.0152720 secs]
2020-09-29T12:07:34.658+0200: 145.547: [GC concurrent-mark-start]
2020-09-29T12:07:34.661+0200: 145.550: [GC concurrent-mark-end, 0.0031257 secs]
2020-09-29T12:07:34.661+0200: 145.550: [GC remark 2020-09-29T12:07:34.661+0200: 145.550: [Finalize Marking, 0.0002262 secs] 2020-09-29T12:07:34.662+0200: 145.551: [GC ref-proc, 0.0003761 secs] 2020-09-29T12:07:34.662+0200: 145.551: [Unloading, 0.0005027 secs], 0.0016850 secs]
 [Times: user=0.00 sys=0.00, real=0.00 secs] 
2020-09-29T12:07:34.663+0200: 145.552: [GC cleanup 1190M->90M(2048M), 0.0020739 secs]
 [Times: user=0.00 sys=0.00, real=0.00 secs] 
2020-09-29T12:07:34.666+0200: 145.555: [GC concurrent-cleanup-start]
2020-09-29T12:07:34.668+0200: 145.557: [GC concurrent-cleanup-end, 0.0023641 secs]
2020-09-29T12:07:34.826+0200: 145.715: [GC pause (G1 Evacuation Pause) (young), 0.1618845 secs]
   [Parallel Time: 160.7 ms, GC Workers: 8]
      [GC Worker Start (ms): Min: 145715.2, Avg: 145715.3, Max: 145715.4, Diff: 0.2]
      [Ext Root Scanning (ms): Min: 0.0, Avg: 0.1, Max: 0.2, Diff: 0.2, Sum: 0.5]
      [Update RS (ms): Min: 24.9, Avg: 25.0, Max: 25.1, Diff: 0.2, Sum: 199.8]
         [Processed Buffers: Min: 23, Avg: 25.4, Max: 28, Diff: 5, Sum: 203]
      [Scan RS (ms): Min: 13.4, Avg: 13.6, Max: 13.7, Diff: 0.3, Sum: 108.5]
      [Code Root Scanning (ms): Min: 0.0, Avg: 0.0, Max: 0.0, Diff: 0.0, Sum: 0.0]
      [Object Copy (ms): Min: 121.6, Avg: 121.7, Max: 121.8, Diff: 0.3, Sum: 973.4]
      [Termination (ms): Min: 0.0, Avg: 0.1, Max: 0.1, Diff: 0.1, Sum: 0.5]
         [Termination Attempts: Min: 1, Avg: 408.8, Max: 498, Diff: 497, Sum: 3270]
      [GC Worker Other (ms): Min: 0.0, Avg: 0.1, Max: 0.1, Diff: 0.1, Sum: 0.4]
      [GC Worker Total (ms): Min: 160.3, Avg: 160.4, Max: 160.5, Diff: 0.2, Sum: 1283.1]
      [GC Worker End (ms): Min: 145875.7, Avg: 145875.7, Max: 145875.7, Diff: 0.1]
   [Code Root Fixup: 0.0 ms]
   [Code Root Purge: 0.0 ms]
   [Clear CT: 0.2 ms]
   [Other: 1.0 ms]
      [Choose CSet: 0.0 ms]
      [Ref Proc: 0.2 ms]
      [Ref Enq: 0.0 ms]
      [Redirty Cards: 0.2 ms]
      [Humongous Register: 0.0 ms]
      [Humongous Reclaim: 0.0 ms]
      [Free CSet: 0.3 ms]
   [Eden: 311.0M(311.0M)->0.0B(317.0M) Survivors: 41.0M->44.0M Heap: 414.4M(2048.0M)->374.9M(2048.0M)]
 [Times: user=1.25 sys=0.00, real=0.16 secs] 
2020-09-29T12:07:35.181+0200: 146.070: [GC pause (G1 Evacuation Pause) (young), 0.1950088 secs]
   [Parallel Time: 193.8 ms, GC Workers: 8]
      [GC Worker Start (ms): Min: 146069.8, Avg: 146069.8, Max: 146069.9, Diff: 0.2]
      [Ext Root Scanning (ms): Min: 0.0, Avg: 0.1, Max: 0.1, Diff: 0.1, Sum: 0.7]
      [Update RS (ms): Min: 23.7, Avg: 24.0, Max: 24.4, Diff: 0.7, Sum: 191.7]
         [Processed Buffers: Min: 21, Avg: 22.3, Max: 23, Diff: 2, Sum: 178]
      [Scan RS (ms): Min: 21.1, Avg: 21.6, Max: 22.0, Diff: 0.9, Sum: 172.7]
      [Code Root Scanning (ms): Min: 0.0, Avg: 0.0, Max: 0.0, Diff: 0.0, Sum: 0.0]
      [Object Copy (ms): Min: 147.7, Avg: 147.9, Max: 147.9, Diff: 0.2, Sum: 1182.8]
      [Termination (ms): Min: 0.0, Avg: 0.1, Max: 0.1, Diff: 0.1, Sum: 0.7]
         [Termination Attempts: Min: 1, Avg: 550.1, Max: 654, Diff: 653, Sum: 4401]
      [GC Worker Other (ms): Min: 0.0, Avg: 0.0, Max: 0.1, Diff: 0.1, Sum: 0.3]
      [GC Worker Total (ms): Min: 193.5, Avg: 193.6, Max: 193.7, Diff: 0.1, Sum: 1549.0]
      [GC Worker End (ms): Min: 146263.4, Avg: 146263.4, Max: 146263.5, Diff: 0.1]
   [Code Root Fixup: 0.0 ms]
   [Code Root Purge: 0.0 ms]
   [Clear CT: 0.2 ms]
   [Other: 1.1 ms]
      [Choose CSet: 0.0 ms]
      [Ref Proc: 0.2 ms]
      [Ref Enq: 0.0 ms]
      [Redirty Cards: 0.2 ms]
      [Humongous Register: 0.1 ms]
      [Humongous Reclaim: 0.0 ms]
      [Free CSet: 0.3 ms]
   [Eden: 317.0M(317.0M)->0.0B(297.0M) Survivors: 44.0M->46.0M Heap: 743.4M(2048.0M)->744.9M(2048.0M)]
 [Times: user=1.47 sys=0.03, real=0.19 secs] 
2020-09-29T12:07:35.558+0200: 146.446: [GC pause (G1 Evacuation Pause) (young), 0.1638033 secs]
   [Parallel Time: 162.6 ms, GC Workers: 8]
      [GC Worker Start (ms): Min: 146446.4, Avg: 146446.5, Max: 146446.6, Diff: 0.2]
      [Ext Root Scanning (ms): Min: 0.0, Avg: 0.1, Max: 0.2, Diff: 0.2, Sum: 0.5]
      [Update RS (ms): Min: 16.5, Avg: 16.8, Max: 17.1, Diff: 0.6, Sum: 134.3]
         [Processed Buffers: Min: 17, Avg: 18.5, Max: 19, Diff: 2, Sum: 148]
      [Scan RS (ms): Min: 16.1, Avg: 16.3, Max: 16.6, Diff: 0.5, Sum: 130.5]
      [Code Root Scanning (ms): Min: 0.0, Avg: 0.0, Max: 0.0, Diff: 0.0, Sum: 0.0]
      [Object Copy (ms): Min: 128.9, Avg: 129.1, Max: 129.2, Diff: 0.3, Sum: 1032.8]
      [Termination (ms): Min: 0.0, Avg: 0.0, Max: 0.1, Diff: 0.1, Sum: 0.3]
         [Termination Attempts: Min: 1, Avg: 269.6, Max: 341, Diff: 340, Sum: 2157]
      [GC Worker Other (ms): Min: 0.0, Avg: 0.0, Max: 0.1, Diff: 0.1, Sum: 0.4]
      [GC Worker Total (ms): Min: 162.3, Avg: 162.4, Max: 162.5, Diff: 0.2, Sum: 1298.9]
      [GC Worker End (ms): Min: 146608.8, Avg: 146608.8, Max: 146608.9, Diff: 0.1]
   [Code Root Fixup: 0.0 ms]
   [Code Root Purge: 0.0 ms]
   [Clear CT: 0.2 ms]
   [Other: 0.9 ms]
      [Choose CSet: 0.0 ms]
      [Ref Proc: 0.1 ms]
      [Ref Enq: 0.0 ms]
      [Redirty Cards: 0.2 ms]
      [Humongous Register: 0.0 ms]
      [Humongous Reclaim: 0.0 ms]
      [Free CSet: 0.3 ms]
   [Eden: 297.0M(297.0M)->0.0B(304.0M) Survivors: 46.0M->43.0M Heap: 1091.5M(2048.0M)->1093.5M(2048.0M)]
 [Times: user=1.25 sys=0.00, real=0.16 secs] 
2020-09-29T12:07:35.729+0200: 146.617: [GC pause (G1 Humongous Allocation) (young) (initial-mark), 0.0695309 secs]
   [Parallel Time: 68.5 ms, GC Workers: 8]
      [GC Worker Start (ms): Min: 146617.6, Avg: 146617.7, Max: 146617.7, Diff: 0.1]
      [Ext Root Scanning (ms): Min: 0.0, Avg: 0.1, Max: 0.1, Diff: 0.1, Sum: 0.6]
      [Update RS (ms): Min: 37.0, Avg: 37.2, Max: 37.6, Diff: 0.6, Sum: 297.8]
         [Processed Buffers: Min: 43, Avg: 45.8, Max: 49, Diff: 6, Sum: 366]
      [Scan RS (ms): Min: 2.2, Avg: 2.7, Max: 3.0, Diff: 0.7, Sum: 21.3]
      [Code Root Scanning (ms): Min: 0.0, Avg: 0.0, Max: 0.0, Diff: 0.0, Sum: 0.0]
      [Object Copy (ms): Min: 28.1, Avg: 28.1, Max: 28.3, Diff: 0.3, Sum: 225.0]
      [Termination (ms): Min: 0.0, Avg: 0.2, Max: 0.3, Diff: 0.3, Sum: 1.8]
         [Termination Attempts: Min: 1, Avg: 1566.0, Max: 1872, Diff: 1871, Sum: 12528]
      [GC Worker Other (ms): Min: 0.0, Avg: 0.0, Max: 0.0, Diff: 0.0, Sum: 0.2]
      [GC Worker Total (ms): Min: 68.3, Avg: 68.3, Max: 68.4, Diff: 0.1, Sum: 546.7]
      [GC Worker End (ms): Min: 146686.0, Avg: 146686.0, Max: 146686.0, Diff: 0.0]
   [Code Root Fixup: 0.0 ms]
   [Code Root Purge: 0.0 ms]
   [Clear CT: 0.3 ms]
   [Other: 0.8 ms]
      [Choose CSet: 0.0 ms]
      [Ref Proc: 0.1 ms]
      [Ref Enq: 0.0 ms]
      [Redirty Cards: 0.2 ms]
      [Humongous Register: 0.1 ms]
      [Humongous Reclaim: 0.0 ms]
      [Free CSet: 0.1 ms]
   [Eden: 3072.0K(304.0M)->0.0B(283.0M) Survivors: 43.0M->5120.0K Heap: 1096.0M(2048.0M)->1100.0M(2048.0M)]
 [Times: user=0.48 sys=0.01, real=0.07 secs] 
2020-09-29T12:07:35.799+0200: 146.687: [GC concurrent-root-region-scan-start]
2020-09-29T12:07:35.799+0200: 146.688: [GC concurrent-root-region-scan-end, 0.0007895 secs]
2020-09-29T12:07:35.799+0200: 146.688: [GC concurrent-mark-start]
2020-09-29T12:07:35.805+0200: 146.694: [GC concurrent-mark-end, 0.0057893 secs]
2020-09-29T12:07:35.806+0200: 146.694: [GC remark 2020-09-29T12:07:35.806+0200: 146.694: [Finalize Marking, 0.0002618 secs] 2020-09-29T12:07:35.806+0200: 146.694: [GC ref-proc, 0.0003974 secs] 2020-09-29T12:07:35.806+0200: 146.695: [Unloading, 0.0005902 secs], 0.0023446 secs]
 [Times: user=0.00 sys=0.00, real=0.00 secs] 
2020-09-29T12:07:35.808+0200: 146.697: [GC cleanup 1113M->26M(2048M), 0.0038169 secs]
 [Times: user=0.00 sys=0.00, real=0.00 secs] 
2020-09-29T12:07:35.812+0200: 146.701: [GC concurrent-cleanup-start]
2020-09-29T12:07:35.815+0200: 146.703: [GC concurrent-cleanup-end, 0.0026504 secs]
2020-09-29T12:07:35.969+0200: 146.858: [GC pause (G1 Evacuation Pause) (young), 0.1419634 secs]
   [Parallel Time: 140.8 ms, GC Workers: 8]
      [GC Worker Start (ms): Min: 146858.0, Avg: 146858.1, Max: 146858.1, Diff: 0.2]
      [Ext Root Scanning (ms): Min: 0.0, Avg: 0.1, Max: 0.1, Diff: 0.1, Sum: 0.4]
      [Update RS (ms): Min: 21.3, Avg: 21.5, Max: 21.8, Diff: 0.4, Sum: 171.9]
         [Processed Buffers: Min: 21, Avg: 22.1, Max: 24, Diff: 3, Sum: 177]
      [Scan RS (ms): Min: 14.2, Avg: 14.5, Max: 14.7, Diff: 0.5, Sum: 116.0]
      [Code Root Scanning (ms): Min: 0.0, Avg: 0.0, Max: 0.0, Diff: 0.0, Sum: 0.0]
      [Object Copy (ms): Min: 104.5, Avg: 104.5, Max: 104.6, Diff: 0.1, Sum: 836.1]
      [Termination (ms): Min: 0.0, Avg: 0.0, Max: 0.0, Diff: 0.0, Sum: 0.1]
         [Termination Attempts: Min: 1, Avg: 106.8, Max: 146, Diff: 145, Sum: 854]
      [GC Worker Other (ms): Min: 0.0, Avg: 0.0, Max: 0.1, Diff: 0.0, Sum: 0.2]
      [GC Worker Total (ms): Min: 140.5, Avg: 140.6, Max: 140.7, Diff: 0.2, Sum: 1124.9]
      [GC Worker End (ms): Min: 146998.7, Avg: 146998.7, Max: 146998.7, Diff: 0.0]
   [Code Root Fixup: 0.0 ms]
   [Code Root Purge: 0.0 ms]
   [Clear CT: 0.2 ms]
   [Other: 1.0 ms]
      [Choose CSet: 0.0 ms]
      [Ref Proc: 0.1 ms]
      [Ref Enq: 0.0 ms]
      [Redirty Cards: 0.2 ms]
      [Humongous Register: 0.0 ms]
      [Humongous Reclaim: 0.0 ms]
      [Free CSet: 0.3 ms]
   [Eden: 283.0M(283.0M)->0.0B(275.0M) Survivors: 5120.0K->36.0M Heap: 344.2M(2048.0M)->342.2M(2048.0M)]
 [Times: user=1.05 sys=0.08, real=0.14 secs] 
2020-09-29T12:07:36.285+0200: 147.173: [GC pause (G1 Evacuation Pause) (young), 0.1568540 secs]
   [Parallel Time: 155.7 ms, GC Workers: 8]
      [GC Worker Start (ms): Min: 147173.2, Avg: 147173.3, Max: 147173.4, Diff: 0.2]
      [Ext Root Scanning (ms): Min: 0.0, Avg: 0.1, Max: 0.2, Diff: 0.2, Sum: 0.6]
      [Update RS (ms): Min: 16.8, Avg: 17.1, Max: 17.5, Diff: 0.7, Sum: 136.8]
         [Processed Buffers: Min: 18, Avg: 18.6, Max: 20, Diff: 2, Sum: 149]
      [Scan RS (ms): Min: 14.5, Avg: 14.8, Max: 15.0, Diff: 0.6, Sum: 118.1]
      [Code Root Scanning (ms): Min: 0.0, Avg: 0.0, Max: 0.0, Diff: 0.0, Sum: 0.0]
      [Object Copy (ms): Min: 123.3, Avg: 123.4, Max: 123.5, Diff: 0.2, Sum: 987.1]
      [Termination (ms): Min: 0.0, Avg: 0.1, Max: 0.1, Diff: 0.1, Sum: 0.8]
         [Termination Attempts: Min: 1, Avg: 730.1, Max: 894, Diff: 893, Sum: 5841]
      [GC Worker Other (ms): Min: 0.0, Avg: 0.1, Max: 0.1, Diff: 0.1, Sum: 0.4]
      [GC Worker Total (ms): Min: 155.4, Avg: 155.5, Max: 155.6, Diff: 0.2, Sum: 1243.9]
      [GC Worker End (ms): Min: 147328.8, Avg: 147328.8, Max: 147328.9, Diff: 0.1]
   [Code Root Fixup: 0.0 ms]
   [Code Root Purge: 0.0 ms]
   [Clear CT: 0.2 ms]
   [Other: 1.0 ms]
      [Choose CSet: 0.0 ms]
      [Ref Proc: 0.2 ms]
      [Ref Enq: 0.0 ms]
      [Redirty Cards: 0.2 ms]
      [Humongous Register: 0.0 ms]
      [Humongous Reclaim: 0.0 ms]
      [Free CSet: 0.3 ms]
   [Eden: 275.0M(275.0M)->0.0B(281.0M) Survivors: 36.0M->39.0M Heap: 663.0M(2048.0M)->665.0M(2048.0M)]
 [Times: user=1.25 sys=0.00, real=0.16 secs] 
2020-09-29T12:07:36.621+0200: 147.509: [GC pause (G1 Evacuation Pause) (young), 0.1575185 secs]
   [Parallel Time: 156.4 ms, GC Workers: 8]
      [GC Worker Start (ms): Min: 147509.5, Avg: 147509.5, Max: 147509.6, Diff: 0.1]
      [Ext Root Scanning (ms): Min: 0.0, Avg: 0.1, Max: 0.1, Diff: 0.1, Sum: 0.7]
      [Update RS (ms): Min: 15.2, Avg: 15.3, Max: 15.8, Diff: 0.7, Sum: 122.5]
         [Processed Buffers: Min: 16, Avg: 17.8, Max: 21, Diff: 5, Sum: 142]
      [Scan RS (ms): Min: 14.5, Avg: 15.1, Max: 15.3, Diff: 0.8, Sum: 120.6]
      [Code Root Scanning (ms): Min: 0.0, Avg: 0.0, Max: 0.0, Diff: 0.0, Sum: 0.0]
      [Object Copy (ms): Min: 125.6, Avg: 125.7, Max: 125.8, Diff: 0.2, Sum: 1005.6]
      [Termination (ms): Min: 0.0, Avg: 0.1, Max: 0.1, Diff: 0.1, Sum: 0.4]
         [Termination Attempts: Min: 1, Avg: 340.8, Max: 417, Diff: 416, Sum: 2726]
      [GC Worker Other (ms): Min: 0.0, Avg: 0.0, Max: 0.1, Diff: 0.1, Sum: 0.3]
      [GC Worker Total (ms): Min: 156.2, Avg: 156.3, Max: 156.4, Diff: 0.2, Sum: 1250.2]
      [GC Worker End (ms): Min: 147665.8, Avg: 147665.8, Max: 147665.8, Diff: 0.1]
   [Code Root Fixup: 0.0 ms]
   [Code Root Purge: 0.0 ms]
   [Clear CT: 0.2 ms]
   [Other: 0.9 ms]
      [Choose CSet: 0.0 ms]
      [Ref Proc: 0.1 ms]
      [Ref Enq: 0.0 ms]
      [Redirty Cards: 0.2 ms]
      [Humongous Register: 0.0 ms]
      [Humongous Reclaim: 0.0 ms]
      [Free CSet: 0.3 ms]
   [Eden: 281.0M(281.0M)->0.0B(289.0M) Survivors: 39.0M->40.0M Heap: 993.6M(2048.0M)->995.1M(2048.0M)]
 [Times: user=1.25 sys=0.00, real=0.16 secs] 
2020-09-29T12:07:36.793+0200: 147.682: [GC pause (G1 Humongous Allocation) (young) (initial-mark), 0.0496016 secs]
   [Parallel Time: 48.6 ms, GC Workers: 8]
      [GC Worker Start (ms): Min: 147681.8, Avg: 147681.9, Max: 147681.9, Diff: 0.1]
      [Ext Root Scanning (ms): Min: 0.0, Avg: 0.1, Max: 0.1, Diff: 0.1, Sum: 0.7]
      [Update RS (ms): Min: 26.6, Avg: 27.0, Max: 27.2, Diff: 0.6, Sum: 215.9]
         [Processed Buffers: Min: 31, Avg: 32.8, Max: 34, Diff: 3, Sum: 262]
      [Scan RS (ms): Min: 2.3, Avg: 2.5, Max: 2.9, Diff: 0.6, Sum: 20.1]
      [Code Root Scanning (ms): Min: 0.0, Avg: 0.0, Max: 0.0, Diff: 0.0, Sum: 0.0]
      [Object Copy (ms): Min: 18.8, Avg: 18.9, Max: 18.9, Diff: 0.1, Sum: 150.9]
      [Termination (ms): Min: 0.0, Avg: 0.0, Max: 0.0, Diff: 0.0, Sum: 0.1]
         [Termination Attempts: Min: 1, Avg: 53.0, Max: 69, Diff: 68, Sum: 424]
      [GC Worker Other (ms): Min: 0.0, Avg: 0.0, Max: 0.0, Diff: 0.0, Sum: 0.1]
      [GC Worker Total (ms): Min: 48.4, Avg: 48.5, Max: 48.5, Diff: 0.1, Sum: 387.9]
      [GC Worker End (ms): Min: 147730.4, Avg: 147730.4, Max: 147730.4, Diff: 0.0]
   [Code Root Fixup: 0.0 ms]
   [Code Root Purge: 0.0 ms]
   [Clear CT: 0.2 ms]
   [Other: 0.8 ms]
      [Choose CSet: 0.0 ms]
      [Ref Proc: 0.2 ms]
      [Ref Enq: 0.0 ms]
      [Redirty Cards: 0.1 ms]
      [Humongous Register: 0.1 ms]
      [Humongous Reclaim: 0.0 ms]
      [Free CSet: 0.1 ms]
   [Eden: 8192.0K(289.0M)->0.0B(340.0M) Survivors: 40.0M->10.0M Heap: 1003.1M(2048.0M)->1006.6M(2048.0M)]
 [Times: user=0.34 sys=0.00, real=0.05 secs] 
2020-09-29T12:07:36.843+0200: 147.731: [GC concurrent-root-region-scan-start]
2020-09-29T12:07:36.845+0200: 147.734: [GC concurrent-root-region-scan-end, 0.0024851 secs]
2020-09-29T12:07:36.845+0200: 147.734: [GC concurrent-mark-start]
2020-09-29T12:07:36.848+0200: 147.737: [GC concurrent-mark-end, 0.0035182 secs]
2020-09-29T12:07:36.848+0200: 147.738: [GC remark 2020-09-29T12:07:36.849+0200: 147.738: [Finalize Marking, 0.0002717 secs] 2020-09-29T12:07:36.849+0200: 147.738: [GC ref-proc, 0.0003933 secs] 2020-09-29T12:07:36.849+0200: 147.738: [Unloading, 0.0004133 secs], 0.0014364 secs]
 [Times: user=0.00 sys=0.00, real=0.00 secs] 
2020-09-29T12:07:36.850+0200: 147.739: [GC cleanup 1019M->31M(2048M), 0.0014899 secs]
 [Times: user=0.00 sys=0.00, real=0.00 secs] 
2020-09-29T12:07:36.852+0200: 147.741: [GC concurrent-cleanup-start]
2020-09-29T12:07:36.854+0200: 147.743: [GC concurrent-cleanup-end, 0.0021144 secs]
2020-09-29T12:07:37.052+0200: 147.941: [GC pause (G1 Evacuation Pause) (young), 0.1759947 secs]
   [Parallel Time: 174.8 ms, GC Workers: 8]
      [GC Worker Start (ms): Min: 147941.2, Avg: 147941.3, Max: 147941.6, Diff: 0.3]
      [Ext Root Scanning (ms): Min: 0.0, Avg: 0.1, Max: 0.2, Diff: 0.2, Sum: 0.6]
      [Update RS (ms): Min: 16.5, Avg: 16.7, Max: 17.0, Diff: 0.4, Sum: 133.7]
         [Processed Buffers: Min: 15, Avg: 16.5, Max: 18, Diff: 3, Sum: 132]
      [Scan RS (ms): Min: 21.3, Avg: 23.5, Max: 37.2, Diff: 15.9, Sum: 188.2]
      [Code Root Scanning (ms): Min: 0.0, Avg: 0.0, Max: 0.0, Diff: 0.0, Sum: 0.0]
      [Object Copy (ms): Min: 120.4, Avg: 134.1, Max: 136.1, Diff: 15.7, Sum: 1073.1]
      [Termination (ms): Min: 0.0, Avg: 0.0, Max: 0.0, Diff: 0.0, Sum: 0.3]
         [Termination Attempts: Min: 1, Avg: 272.3, Max: 358, Diff: 357, Sum: 2178]
      [GC Worker Other (ms): Min: 0.0, Avg: 0.0, Max: 0.1, Diff: 0.1, Sum: 0.3]
      [GC Worker Total (ms): Min: 174.3, Avg: 174.6, Max: 174.7, Diff: 0.4, Sum: 1396.4]
      [GC Worker End (ms): Min: 148115.9, Avg: 148115.9, Max: 148115.9, Diff: 0.1]
   [Code Root Fixup: 0.0 ms]
   [Code Root Purge: 0.0 ms]
   [Clear CT: 0.2 ms]
   [Other: 1.0 ms]
      [Choose CSet: 0.0 ms]
      [Ref Proc: 0.2 ms]
      [Ref Enq: 0.0 ms]
      [Redirty Cards: 0.3 ms]
      [Humongous Register: 0.0 ms]
      [Humongous Reclaim: 0.0 ms]
      [Free CSet: 0.3 ms]
   [Eden: 340.0M(340.0M)->0.0B(300.0M) Survivors: 10.0M->44.0M Heap: 415.7M(2048.0M)->408.2M(2048.0M)]
 [Times: user=1.34 sys=0.02, real=0.18 secs] 
2020-09-29T12:07:37.399+0200: 148.288: [GC pause (G1 Evacuation Pause) (young), 0.1745663 secs]
   [Parallel Time: 173.4 ms, GC Workers: 8]
      [GC Worker Start (ms): Min: 148288.0, Avg: 148288.1, Max: 148288.2, Diff: 0.2]
      [Ext Root Scanning (ms): Min: 0.0, Avg: 0.1, Max: 0.2, Diff: 0.2, Sum: 0.5]
      [Update RS (ms): Min: 19.8, Avg: 20.5, Max: 22.3, Diff: 2.5, Sum: 164.1]
         [Processed Buffers: Min: 17, Avg: 19.5, Max: 21, Diff: 4, Sum: 156]
      [Scan RS (ms): Min: 15.2, Avg: 17.0, Max: 17.7, Diff: 2.5, Sum: 136.2]
      [Code Root Scanning (ms): Min: 0.0, Avg: 0.0, Max: 0.0, Diff: 0.0, Sum: 0.0]
      [Object Copy (ms): Min: 135.4, Avg: 135.5, Max: 135.5, Diff: 0.1, Sum: 1084.0]
      [Termination (ms): Min: 0.0, Avg: 0.0, Max: 0.0, Diff: 0.0, Sum: 0.0]
         [Termination Attempts: Min: 1, Avg: 23.0, Max: 29, Diff: 28, Sum: 184]
      [GC Worker Other (ms): Min: 0.0, Avg: 0.1, Max: 0.1, Diff: 0.1, Sum: 0.4]
      [GC Worker Total (ms): Min: 173.0, Avg: 173.2, Max: 173.3, Diff: 0.2, Sum: 1385.2]
      [GC Worker End (ms): Min: 148461.2, Avg: 148461.2, Max: 148461.3, Diff: 0.1]
   [Code Root Fixup: 0.0 ms]
   [Code Root Purge: 0.0 ms]
   [Clear CT: 0.2 ms]
   [Other: 1.0 ms]
      [Choose CSet: 0.0 ms]
      [Ref Proc: 0.2 ms]
      [Ref Enq: 0.0 ms]
      [Redirty Cards: 0.2 ms]
      [Humongous Register: 0.0 ms]
      [Humongous Reclaim: 0.0 ms]
      [Free CSet: 0.3 ms]
   [Eden: 300.0M(300.0M)->0.0B(297.0M) Survivors: 44.0M->43.0M Heap: 757.8M(2048.0M)->759.8M(2048.0M)]
 [Times: user=1.38 sys=0.00, real=0.17 secs] 
2020-09-29T12:07:37.743+0200: 148.632: [GC pause (G1 Evacuation Pause) (young), 0.1664449 secs]
   [Parallel Time: 165.4 ms, GC Workers: 8]
      [GC Worker Start (ms): Min: 148632.2, Avg: 148632.3, Max: 148632.4, Diff: 0.2]
      [Ext Root Scanning (ms): Min: 0.0, Avg: 0.1, Max: 0.2, Diff: 0.2, Sum: 0.5]
      [Update RS (ms): Min: 15.2, Avg: 15.3, Max: 15.7, Diff: 0.5, Sum: 122.7]
         [Processed Buffers: Min: 15, Avg: 16.9, Max: 19, Diff: 4, Sum: 135]
      [Scan RS (ms): Min: 16.8, Avg: 17.0, Max: 17.4, Diff: 0.6, Sum: 136.0]
      [Code Root Scanning (ms): Min: 0.0, Avg: 0.0, Max: 0.0, Diff: 0.0, Sum: 0.0]
      [Object Copy (ms): Min: 132.5, Avg: 132.7, Max: 132.9, Diff: 0.3, Sum: 1061.9]
      [Termination (ms): Min: 0.0, Avg: 0.0, Max: 0.0, Diff: 0.0, Sum: 0.1]
         [Termination Attempts: Min: 1, Avg: 75.8, Max: 96, Diff: 95, Sum: 606]
      [GC Worker Other (ms): Min: 0.0, Avg: 0.0, Max: 0.1, Diff: 0.1, Sum: 0.4]
      [GC Worker Total (ms): Min: 165.1, Avg: 165.2, Max: 165.3, Diff: 0.2, Sum: 1321.6]
      [GC Worker End (ms): Min: 148797.5, Avg: 148797.5, Max: 148797.5, Diff: 0.1]
   [Code Root Fixup: 0.0 ms]
   [Code Root Purge: 0.0 ms]
   [Clear CT: 0.2 ms]
   [Other: 0.9 ms]
      [Choose CSet: 0.0 ms]
      [Ref Proc: 0.1 ms]
      [Ref Enq: 0.0 ms]
      [Redirty Cards: 0.2 ms]
      [Humongous Register: 0.1 ms]
      [Humongous Reclaim: 0.0 ms]
      [Free CSet: 0.3 ms]
   [Eden: 297.0M(297.0M)->0.0B(301.0M) Survivors: 43.0M->43.0M Heap: 1106.4M(2048.0M)->1107.9M(2048.0M)]
 [Times: user=1.23 sys=0.00, real=0.17 secs] 
2020-09-29T12:07:37.910+0200: 148.799: [GC pause (G1 Humongous Allocation) (young) (initial-mark), 0.0643974 secs]
   [Parallel Time: 63.5 ms, GC Workers: 8]
      [GC Worker Start (ms): Min: 148799.7, Avg: 148799.8, Max: 148799.8, Diff: 0.1]
      [Ext Root Scanning (ms): Min: 0.0, Avg: 0.1, Max: 0.2, Diff: 0.2, Sum: 0.9]
      [Update RS (ms): Min: 44.6, Avg: 44.9, Max: 45.4, Diff: 0.9, Sum: 358.9]
         [Processed Buffers: Min: 54, Avg: 56.9, Max: 59, Diff: 5, Sum: 455]
      [Scan RS (ms): Min: 0.0, Avg: 0.0, Max: 0.0, Diff: 0.0, Sum: 0.0]
      [Code Root Scanning (ms): Min: 0.0, Avg: 0.0, Max: 0.0, Diff: 0.0, Sum: 0.0]
      [Object Copy (ms): Min: 17.8, Avg: 18.3, Max: 18.6, Diff: 0.8, Sum: 146.6]
      [Termination (ms): Min: 0.0, Avg: 0.0, Max: 0.0, Diff: 0.0, Sum: 0.1]
         [Termination Attempts: Min: 1, Avg: 71.8, Max: 94, Diff: 93, Sum: 574]
      [GC Worker Other (ms): Min: 0.0, Avg: 0.0, Max: 0.0, Diff: 0.0, Sum: 0.2]
      [GC Worker Total (ms): Min: 63.2, Avg: 63.3, Max: 63.4, Diff: 0.1, Sum: 506.7]
      [GC Worker End (ms): Min: 148863.1, Avg: 148863.1, Max: 148863.1, Diff: 0.0]
   [Code Root Fixup: 0.0 ms]
   [Code Root Purge: 0.0 ms]
   [Clear CT: 0.1 ms]
   [Other: 0.8 ms]
      [Choose CSet: 0.0 ms]
      [Ref Proc: 0.2 ms]
      [Ref Enq: 0.0 ms]
      [Redirty Cards: 0.1 ms]
      [Humongous Register: 0.1 ms]
      [Humongous Reclaim: 0.0 ms]
      [Free CSet: 0.1 ms]
   [Eden: 2048.0K(301.0M)->0.0B(326.0M) Survivors: 43.0M->3072.0K Heap: 1109.4M(2048.0M)->1112.4M(2048.0M)]
 [Times: user=0.52 sys=0.00, real=0.06 secs] 
2020-09-29T12:07:37.975+0200: 148.864: [GC concurrent-root-region-scan-start]
2020-09-29T12:07:37.976+0200: 148.865: [GC concurrent-root-region-scan-end, 0.0006642 secs]
2020-09-29T12:07:37.976+0200: 148.865: [GC concurrent-mark-start]
2020-09-29T12:07:37.979+0200: 148.868: [GC concurrent-mark-end, 0.0031899 secs]
2020-09-29T12:07:37.979+0200: 148.868: [GC remark 2020-09-29T12:07:37.979+0200: 148.868: [Finalize Marking, 0.0001679 secs] 2020-09-29T12:07:37.979+0200: 148.868: [GC ref-proc, 0.0003878 secs] 2020-09-29T12:07:37.980+0200: 148.869: [Unloading, 0.0004311 secs], 0.0015179 secs]
 [Times: user=0.00 sys=0.00, real=0.00 secs] 
2020-09-29T12:07:37.981+0200: 148.870: [GC cleanup 1121M->20M(2048M), 0.0016711 secs]
 [Times: user=0.00 sys=0.00, real=0.00 secs] 
2020-09-29T12:07:37.983+0200: 148.872: [GC concurrent-cleanup-start]
2020-09-29T12:07:37.985+0200: 148.874: [GC concurrent-cleanup-end, 0.0018917 secs]
2020-09-29T12:07:38.177+0200: 149.066: [GC pause (G1 Evacuation Pause) (young), 0.1685130 secs]
   [Parallel Time: 167.3 ms, GC Workers: 8]
      [GC Worker Start (ms): Min: 149066.2, Avg: 149066.3, Max: 149066.4, Diff: 0.2]
      [Ext Root Scanning (ms): Min: 0.0, Avg: 0.1, Max: 0.2, Diff: 0.2, Sum: 0.5]
      [Update RS (ms): Min: 17.8, Avg: 18.0, Max: 18.7, Diff: 0.9, Sum: 144.1]
         [Processed Buffers: Min: 17, Avg: 18.8, Max: 20, Diff: 3, Sum: 150]
      [Scan RS (ms): Min: 16.8, Avg: 17.5, Max: 17.8, Diff: 1.0, Sum: 140.3]
      [Code Root Scanning (ms): Min: 0.0, Avg: 0.0, Max: 0.0, Diff: 0.0, Sum: 0.0]
      [Object Copy (ms): Min: 131.1, Avg: 131.2, Max: 131.3, Diff: 0.3, Sum: 1049.4]
      [Termination (ms): Min: 0.0, Avg: 0.3, Max: 0.3, Diff: 0.3, Sum: 2.0]
         [Termination Attempts: Min: 1, Avg: 1753.1, Max: 2146, Diff: 2145, Sum: 14025]
      [GC Worker Other (ms): Min: 0.0, Avg: 0.0, Max: 0.1, Diff: 0.0, Sum: 0.3]
      [GC Worker Total (ms): Min: 167.0, Avg: 167.1, Max: 167.2, Diff: 0.2, Sum: 1336.7]
      [GC Worker End (ms): Min: 149233.3, Avg: 149233.4, Max: 149233.4, Diff: 0.0]
   [Code Root Fixup: 0.0 ms]
   [Code Root Purge: 0.0 ms]
   [Clear CT: 0.1 ms]
   [Other: 1.0 ms]
      [Choose CSet: 0.0 ms]
      [Ref Proc: 0.2 ms]
      [Ref Enq: 0.0 ms]
      [Redirty Cards: 0.3 ms]
      [Humongous Register: 0.0 ms]
      [Humongous Reclaim: 0.0 ms]
      [Free CSet: 0.3 ms]
   [Eden: 326.0M(326.0M)->0.0B(295.0M) Survivors: 3072.0K->42.0M Heap: 392.8M(2048.0M)->392.3M(2048.0M)]
 [Times: user=1.25 sys=0.00, real=0.17 secs] 
2020-09-29T12:07:38.596+0200: 149.485: [GC pause (G1 Evacuation Pause) (young), 0.3138096 secs]
   [Parallel Time: 311.8 ms, GC Workers: 8]
      [GC Worker Start (ms): Min: 149485.3, Avg: 149485.5, Max: 149486.1, Diff: 0.7]
      [Ext Root Scanning (ms): Min: 0.0, Avg: 0.1, Max: 0.2, Diff: 0.2, Sum: 0.8]
      [Update RS (ms): Min: 31.3, Avg: 32.5, Max: 36.0, Diff: 4.7, Sum: 260.1]
         [Processed Buffers: Min: 0, Avg: 20.8, Max: 27, Diff: 27, Sum: 166]
      [Scan RS (ms): Min: 24.6, Avg: 27.8, Max: 28.6, Diff: 4.0, Sum: 222.1]
      [Code Root Scanning (ms): Min: 0.0, Avg: 0.0, Max: 0.0, Diff: 0.0, Sum: 0.0]
      [Object Copy (ms): Min: 250.6, Avg: 250.9, Max: 251.0, Diff: 0.4, Sum: 2007.0]
      [Termination (ms): Min: 0.0, Avg: 0.2, Max: 0.3, Diff: 0.3, Sum: 1.7]
         [Termination Attempts: Min: 1, Avg: 830.6, Max: 1032, Diff: 1031, Sum: 6645]
      [GC Worker Other (ms): Min: 0.0, Avg: 0.1, Max: 0.1, Diff: 0.1, Sum: 0.6]
      [GC Worker Total (ms): Min: 311.0, Avg: 311.5, Max: 311.7, Diff: 0.6, Sum: 2492.2]
      [GC Worker End (ms): Min: 149797.0, Avg: 149797.0, Max: 149797.1, Diff: 0.1]
   [Code Root Fixup: 0.0 ms]
   [Code Root Purge: 0.0 ms]
   [Clear CT: 0.3 ms]
   [Other: 1.7 ms]
      [Choose CSet: 0.0 ms]
      [Ref Proc: 0.3 ms]
      [Ref Enq: 0.0 ms]
      [Redirty Cards: 0.7 ms]
      [Humongous Register: 0.1 ms]
      [Humongous Reclaim: 0.0 ms]
      [Free CSet: 0.4 ms]
   [Eden: 295.0M(295.0M)->0.0B(165.0M) Survivors: 42.0M->43.0M Heap: 736.9M(2048.0M)->738.9M(2048.0M)]
 [Times: user=2.44 sys=0.00, real=0.31 secs] 
2020-09-29T12:07:39.071+0200: 149.961: [GC pause (G1 Evacuation Pause) (young), 0.2043866 secs]
   [Parallel Time: 202.9 ms, GC Workers: 8]
      [GC Worker Start (ms): Min: 149960.8, Avg: 149961.1, Max: 149962.7, Diff: 1.9]
      [Ext Root Scanning (ms): Min: 0.0, Avg: 0.1, Max: 0.2, Diff: 0.2, Sum: 0.9]
      [Update RS (ms): Min: 22.4, Avg: 24.2, Max: 25.3, Diff: 2.9, Sum: 193.5]
         [Processed Buffers: Min: 14, Avg: 16.6, Max: 19, Diff: 5, Sum: 133]
      [Scan RS (ms): Min: 12.4, Avg: 13.4, Max: 13.7, Diff: 1.2, Sum: 106.9]
      [Code Root Scanning (ms): Min: 0.0, Avg: 0.0, Max: 0.0, Diff: 0.0, Sum: 0.0]
      [Object Copy (ms): Min: 164.4, Avg: 164.5, Max: 164.7, Diff: 0.3, Sum: 1315.9]
      [Termination (ms): Min: 0.0, Avg: 0.2, Max: 0.3, Diff: 0.3, Sum: 1.8]
         [Termination Attempts: Min: 1, Avg: 855.1, Max: 1081, Diff: 1080, Sum: 6841]
      [GC Worker Other (ms): Min: 0.0, Avg: 0.1, Max: 0.1, Diff: 0.1, Sum: 0.5]
      [GC Worker Total (ms): Min: 200.8, Avg: 202.4, Max: 202.8, Diff: 1.9, Sum: 1619.6]
      [GC Worker End (ms): Min: 150163.5, Avg: 150163.5, Max: 150163.6, Diff: 0.1]
   [Code Root Fixup: 0.0 ms]
   [Code Root Purge: 0.0 ms]
   [Clear CT: 0.3 ms]
   [Other: 1.3 ms]
      [Choose CSet: 0.0 ms]
      [Ref Proc: 0.3 ms]
      [Ref Enq: 0.0 ms]
      [Redirty Cards: 0.3 ms]
      [Humongous Register: 0.1 ms]
      [Humongous Reclaim: 0.0 ms]
      [Free CSet: 0.3 ms]
   [Eden: 165.0M(165.0M)->0.0B(153.0M) Survivors: 43.0M->26.0M Heap: 930.6M(2048.0M)->932.6M(2048.0M)]
 [Times: user=1.51 sys=0.00, real=0.20 secs] 
2020-09-29T12:07:39.323+0200: 150.212: [GC pause (G1 Humongous Allocation) (young) (initial-mark), 0.0843735 secs]
   [Parallel Time: 83.1 ms, GC Workers: 8]
      [GC Worker Start (ms): Min: 150212.6, Avg: 150212.6, Max: 150212.8, Diff: 0.2]
      [Ext Root Scanning (ms): Min: 0.0, Avg: 0.1, Max: 0.2, Diff: 0.2, Sum: 1.0]
      [Update RS (ms): Min: 22.6, Avg: 23.2, Max: 23.8, Diff: 1.2, Sum: 185.6]
         [Processed Buffers: Min: 15, Avg: 16.9, Max: 18, Diff: 3, Sum: 135]
      [Scan RS (ms): Min: 2.4, Avg: 3.0, Max: 4.0, Diff: 1.6, Sum: 24.2]
      [Code Root Scanning (ms): Min: 0.0, Avg: 0.0, Max: 0.0, Diff: 0.0, Sum: 0.0]
      [Object Copy (ms): Min: 56.0, Avg: 56.4, Max: 56.5, Diff: 0.5, Sum: 451.0]
      [Termination (ms): Min: 0.0, Avg: 0.1, Max: 0.2, Diff: 0.2, Sum: 0.8]
         [Termination Attempts: Min: 1, Avg: 98.5, Max: 146, Diff: 145, Sum: 788]
      [GC Worker Other (ms): Min: 0.0, Avg: 0.0, Max: 0.0, Diff: 0.0, Sum: 0.2]
      [GC Worker Total (ms): Min: 82.7, Avg: 82.8, Max: 83.0, Diff: 0.2, Sum: 662.8]
      [GC Worker End (ms): Min: 150295.5, Avg: 150295.5, Max: 150295.5, Diff: 0.1]
   [Code Root Fixup: 0.0 ms]
   [Code Root Purge: 0.0 ms]
   [Clear CT: 0.3 ms]
   [Other: 1.0 ms]
      [Choose CSet: 0.0 ms]
      [Ref Proc: 0.3 ms]
      [Ref Enq: 0.0 ms]
      [Redirty Cards: 0.2 ms]
      [Humongous Register: 0.1 ms]
      [Humongous Reclaim: 0.0 ms]
      [Free CSet: 0.1 ms]
   [Eden: 50.0M(153.0M)->0.0B(159.0M) Survivors: 26.0M->23.0M Heap: 989.7M(2048.0M)->992.2M(2048.0M)]
 [Times: user=0.55 sys=0.00, real=0.09 secs] 
2020-09-29T12:07:39.408+0200: 150.297: [GC concurrent-root-region-scan-start]
2020-09-29T12:07:39.417+0200: 150.307: [GC concurrent-root-region-scan-end, 0.0095425 secs]
2020-09-29T12:07:39.417+0200: 150.307: [GC concurrent-mark-start]
2020-09-29T12:07:39.421+0200: 150.310: [GC concurrent-mark-end, 0.0032862 secs]
2020-09-29T12:07:39.421+0200: 150.310: [GC remark 2020-09-29T12:07:39.421+0200: 150.310: [Finalize Marking, 0.0004522 secs] 2020-09-29T12:07:39.422+0200: 150.311: [GC ref-proc, 0.0005850 secs] 2020-09-29T12:07:39.422+0200: 150.311: [Unloading, 0.0007640 secs], 0.0023393 secs]
 [Times: user=0.00 sys=0.00, real=0.00 secs] 
2020-09-29T12:07:39.424+0200: 150.313: [GC cleanup 1012M->51M(2048M), 0.0018345 secs]
 [Times: user=0.11 sys=0.00, real=0.00 secs] 
2020-09-29T12:07:39.426+0200: 150.315: [GC concurrent-cleanup-start]
2020-09-29T12:07:39.428+0200: 150.317: [GC concurrent-cleanup-end, 0.0017224 secs]
2020-09-29T12:07:39.545+0200: 150.434: [GC pause (G1 Evacuation Pause) (young), 0.1372382 secs]
   [Parallel Time: 134.3 ms, GC Workers: 8]
      [GC Worker Start (ms): Min: 150434.5, Avg: 150434.7, Max: 150434.8, Diff: 0.2]
      [Ext Root Scanning (ms): Min: 0.0, Avg: 0.1, Max: 0.2, Diff: 0.2, Sum: 0.8]
      [Update RS (ms): Min: 20.2, Avg: 20.7, Max: 21.3, Diff: 1.1, Sum: 165.6]
         [Processed Buffers: Min: 14, Avg: 15.0, Max: 16, Diff: 2, Sum: 120]
      [Scan RS (ms): Min: 7.1, Avg: 7.7, Max: 8.2, Diff: 1.2, Sum: 61.7]
      [Code Root Scanning (ms): Min: 0.0, Avg: 0.0, Max: 0.0, Diff: 0.0, Sum: 0.0]
      [Object Copy (ms): Min: 105.3, Avg: 105.4, Max: 105.4, Diff: 0.1, Sum: 843.0]
      [Termination (ms): Min: 0.0, Avg: 0.1, Max: 0.1, Diff: 0.1, Sum: 0.5]
         [Termination Attempts: Min: 1, Avg: 270.0, Max: 362, Diff: 361, Sum: 2160]
      [GC Worker Other (ms): Min: 0.0, Avg: 0.0, Max: 0.1, Diff: 0.1, Sum: 0.4]
      [GC Worker Total (ms): Min: 133.9, Avg: 134.0, Max: 134.1, Diff: 0.3, Sum: 1071.9]
      [GC Worker End (ms): Min: 150568.6, Avg: 150568.7, Max: 150568.7, Diff: 0.1]
   [Code Root Fixup: 0.0 ms]
   [Code Root Purge: 0.0 ms]
   [Clear CT: 1.5 ms]
   [Other: 1.4 ms]
      [Choose CSet: 0.0 ms]
      [Ref Proc: 0.4 ms]
      [Ref Enq: 0.0 ms]
      [Redirty Cards: 0.5 ms]
      [Humongous Register: 0.0 ms]
      [Humongous Reclaim: 0.0 ms]
      [Free CSet: 0.2 ms]
   [Eden: 159.0M(159.0M)->0.0B(174.0M) Survivors: 23.0M->23.0M Heap: 217.7M(2048.0M)->196.2M(2048.0M)]
 [Times: user=1.13 sys=0.00, real=0.14 secs] 
2020-09-29T12:07:39.838+0200: 150.727: [GC pause (G1 Evacuation Pause) (young), 0.1691544 secs]
   [Parallel Time: 167.6 ms, GC Workers: 8]
      [GC Worker Start (ms): Min: 150727.2, Avg: 150727.4, Max: 150727.5, Diff: 0.2]
      [Ext Root Scanning (ms): Min: 0.0, Avg: 0.1, Max: 0.2, Diff: 0.2, Sum: 0.7]
      [Update RS (ms): Min: 19.0, Avg: 19.1, Max: 19.3, Diff: 0.3, Sum: 152.6]
         [Processed Buffers: Min: 14, Avg: 14.8, Max: 17, Diff: 3, Sum: 118]
      [Scan RS (ms): Min: 13.5, Avg: 13.7, Max: 13.8, Diff: 0.3, Sum: 109.2]
      [Code Root Scanning (ms): Min: 0.0, Avg: 0.0, Max: 0.0, Diff: 0.0, Sum: 0.0]
      [Object Copy (ms): Min: 134.3, Avg: 134.4, Max: 134.5, Diff: 0.2, Sum: 1075.2]
      [Termination (ms): Min: 0.0, Avg: 0.0, Max: 0.0, Diff: 0.0, Sum: 0.2]
         [Termination Attempts: Min: 1, Avg: 77.9, Max: 110, Diff: 109, Sum: 623]
      [GC Worker Other (ms): Min: 0.0, Avg: 0.0, Max: 0.1, Diff: 0.1, Sum: 0.3]
      [GC Worker Total (ms): Min: 167.2, Avg: 167.3, Max: 167.4, Diff: 0.2, Sum: 1338.2]
      [GC Worker End (ms): Min: 150894.6, Avg: 150894.6, Max: 150894.7, Diff: 0.1]
   [Code Root Fixup: 0.0 ms]
   [Code Root Purge: 0.0 ms]
   [Clear CT: 0.2 ms]
   [Other: 1.3 ms]
      [Choose CSet: 0.0 ms]
      [Ref Proc: 0.3 ms]
      [Ref Enq: 0.0 ms]
      [Redirty Cards: 0.4 ms]
      [Humongous Register: 0.0 ms]
      [Humongous Reclaim: 0.0 ms]
      [Free CSet: 0.3 ms]
   [Eden: 174.0M(174.0M)->0.0B(173.0M) Survivors: 23.0M->25.0M Heap: 400.7M(2048.0M)->402.7M(2048.0M)]
 [Times: user=1.33 sys=0.00, real=0.17 secs] 
2020-09-29T12:07:40.160+0200: 151.050: [GC pause (G1 Evacuation Pause) (young), 0.1803465 secs]
   [Parallel Time: 178.9 ms, GC Workers: 8]
      [GC Worker Start (ms): Min: 151049.7, Avg: 151049.9, Max: 151050.0, Diff: 0.3]
      [Ext Root Scanning (ms): Min: 0.0, Avg: 0.1, Max: 0.2, Diff: 0.2, Sum: 0.7]
      [Update RS (ms): Min: 26.0, Avg: 26.3, Max: 27.3, Diff: 1.2, Sum: 210.1]
         [Processed Buffers: Min: 16, Avg: 19.0, Max: 23, Diff: 7, Sum: 152]
      [Scan RS (ms): Min: 9.9, Avg: 10.9, Max: 11.2, Diff: 1.3, Sum: 87.0]
      [Code Root Scanning (ms): Min: 0.0, Avg: 0.0, Max: 0.0, Diff: 0.0, Sum: 0.0]
      [Object Copy (ms): Min: 141.1, Avg: 141.2, Max: 141.3, Diff: 0.2, Sum: 1129.7]
      [Termination (ms): Min: 0.0, Avg: 0.1, Max: 0.1, Diff: 0.1, Sum: 0.6]
         [Termination Attempts: Min: 1, Avg: 92.3, Max: 118, Diff: 117, Sum: 738]
      [GC Worker Other (ms): Min: 0.0, Avg: 0.0, Max: 0.0, Diff: 0.0, Sum: 0.2]
      [GC Worker Total (ms): Min: 178.4, Avg: 178.5, Max: 178.7, Diff: 0.3, Sum: 1428.2]
      [GC Worker End (ms): Min: 151228.4, Avg: 151228.4, Max: 151228.4, Diff: 0.1]
   [Code Root Fixup: 0.0 ms]
   [Code Root Purge: 0.0 ms]
   [Clear CT: 0.3 ms]
   [Other: 1.2 ms]
      [Choose CSet: 0.0 ms]
      [Ref Proc: 0.3 ms]
      [Ref Enq: 0.0 ms]
      [Redirty Cards: 0.3 ms]
      [Humongous Register: 0.0 ms]
      [Humongous Reclaim: 0.0 ms]
      [Free CSet: 0.3 ms]
   [Eden: 173.0M(173.0M)->0.0B(171.0M) Survivors: 25.0M->25.0M Heap: 604.3M(2048.0M)->606.3M(2048.0M)]
 [Times: user=1.30 sys=0.00, real=0.18 secs] 
2020-09-29T12:07:40.503+0200: 151.392: [GC pause (G1 Evacuation Pause) (young), 0.1910138 secs]
   [Parallel Time: 189.2 ms, GC Workers: 8]
      [GC Worker Start (ms): Min: 151392.2, Avg: 151392.3, Max: 151392.4, Diff: 0.2]
      [Ext Root Scanning (ms): Min: 0.0, Avg: 0.1, Max: 0.2, Diff: 0.2, Sum: 0.9]
      [Update RS (ms): Min: 16.4, Avg: 18.7, Max: 33.3, Diff: 16.9, Sum: 149.9]
         [Processed Buffers: Min: 9, Avg: 12.6, Max: 16, Diff: 7, Sum: 101]
      [Scan RS (ms): Min: 0.0, Avg: 14.8, Max: 17.8, Diff: 17.8, Sum: 118.1]
      [Code Root Scanning (ms): Min: 0.0, Avg: 0.0, Max: 0.0, Diff: 0.0, Sum: 0.0]
      [Object Copy (ms): Min: 154.5, Avg: 155.3, Max: 155.5, Diff: 1.0, Sum: 1242.3]
      [Termination (ms): Min: 0.0, Avg: 0.0, Max: 0.1, Diff: 0.1, Sum: 0.3]
         [Termination Attempts: Min: 1, Avg: 134.3, Max: 163, Diff: 162, Sum: 1074]
      [GC Worker Other (ms): Min: 0.0, Avg: 0.0, Max: 0.1, Diff: 0.1, Sum: 0.3]
      [GC Worker Total (ms): Min: 188.9, Avg: 189.0, Max: 189.1, Diff: 0.2, Sum: 1511.8]
      [GC Worker End (ms): Min: 151581.2, Avg: 151581.3, Max: 151581.3, Diff: 0.0]
   [Code Root Fixup: 0.0 ms]
   [Code Root Purge: 0.0 ms]
   [Clear CT: 0.3 ms]
   [Other: 1.5 ms]
      [Choose CSet: 0.0 ms]
      [Ref Proc: 0.2 ms]
      [Ref Enq: 0.0 ms]
      [Redirty Cards: 0.7 ms]
      [Humongous Register: 0.1 ms]
      [Humongous Reclaim: 0.0 ms]
      [Free CSet: 0.3 ms]
   [Eden: 171.0M(171.0M)->0.0B(162.0M) Survivors: 25.0M->25.0M Heap: 805.9M(2048.0M)->807.9M(2048.0M)]
 [Times: user=1.52 sys=0.00, real=0.19 secs] 
2020-09-29T12:07:40.845+0200: 151.734: [GC pause (G1 Evacuation Pause) (young), 0.1597335 secs]
   [Parallel Time: 158.1 ms, GC Workers: 8]
      [GC Worker Start (ms): Min: 151734.4, Avg: 151734.5, Max: 151734.9, Diff: 0.5]
      [Ext Root Scanning (ms): Min: 0.0, Avg: 0.1, Max: 0.2, Diff: 0.2, Sum: 0.9]
      [Update RS (ms): Min: 17.0, Avg: 17.4, Max: 17.7, Diff: 0.7, Sum: 139.1]
         [Processed Buffers: Min: 12, Avg: 13.5, Max: 16, Diff: 4, Sum: 108]
      [Scan RS (ms): Min: 12.8, Avg: 13.1, Max: 13.3, Diff: 0.5, Sum: 105.2]
      [Code Root Scanning (ms): Min: 0.0, Avg: 0.0, Max: 0.0, Diff: 0.0, Sum: 0.0]
      [Object Copy (ms): Min: 126.9, Avg: 127.0, Max: 127.1, Diff: 0.2, Sum: 1016.1]
      [Termination (ms): Min: 0.0, Avg: 0.1, Max: 0.2, Diff: 0.2, Sum: 0.9]
         [Termination Attempts: Min: 1, Avg: 144.4, Max: 175, Diff: 174, Sum: 1155]
      [GC Worker Other (ms): Min: 0.0, Avg: 0.0, Max: 0.1, Diff: 0.0, Sum: 0.2]
      [GC Worker Total (ms): Min: 157.4, Avg: 157.8, Max: 157.9, Diff: 0.5, Sum: 1262.4]
      [GC Worker End (ms): Min: 151892.3, Avg: 151892.3, Max: 151892.4, Diff: 0.1]
   [Code Root Fixup: 0.0 ms]
   [Code Root Purge: 0.0 ms]
   [Clear CT: 0.3 ms]
   [Other: 1.3 ms]
      [Choose CSet: 0.0 ms]
      [Ref Proc: 0.4 ms]
      [Ref Enq: 0.0 ms]
      [Redirty Cards: 0.3 ms]
      [Humongous Register: 0.1 ms]
      [Humongous Reclaim: 0.0 ms]
      [Free CSet: 0.2 ms]
   [Eden: 162.0M(162.0M)->0.0B(171.0M) Survivors: 25.0M->24.0M Heap: 996.6M(2048.0M)->998.1M(2048.0M)]
 [Times: user=1.31 sys=0.01, real=0.16 secs] 
2020-09-29T12:07:41.012+0200: 151.901: [GC pause (G1 Humongous Allocation) (young) (initial-mark), 0.0632666 secs]
   [Parallel Time: 61.9 ms, GC Workers: 8]
      [GC Worker Start (ms): Min: 151900.9, Avg: 151901.0, Max: 151901.1, Diff: 0.2]
      [Ext Root Scanning (ms): Min: 0.0, Avg: 0.2, Max: 0.3, Diff: 0.3, Sum: 1.7]
      [Update RS (ms): Min: 36.3, Avg: 36.7, Max: 37.1, Diff: 0.8, Sum: 293.5]
         [Processed Buffers: Min: 27, Avg: 27.9, Max: 29, Diff: 2, Sum: 223]
      [Scan RS (ms): Min: 1.6, Avg: 2.0, Max: 2.4, Diff: 0.8, Sum: 16.0]
      [Code Root Scanning (ms): Min: 0.0, Avg: 0.0, Max: 0.0, Diff: 0.0, Sum: 0.0]
      [Object Copy (ms): Min: 22.6, Avg: 22.7, Max: 22.7, Diff: 0.1, Sum: 181.3]
      [Termination (ms): Min: 0.0, Avg: 0.1, Max: 0.1, Diff: 0.1, Sum: 0.4]
         [Termination Attempts: Min: 1, Avg: 223.5, Max: 294, Diff: 293, Sum: 1788]
      [GC Worker Other (ms): Min: 0.0, Avg: 0.0, Max: 0.0, Diff: 0.0, Sum: 0.1]
      [GC Worker Total (ms): Min: 61.5, Avg: 61.7, Max: 61.7, Diff: 0.3, Sum: 493.2]
      [GC Worker End (ms): Min: 151962.6, Avg: 151962.6, Max: 151962.6, Diff: 0.0]
   [Code Root Fixup: 0.0 ms]
   [Code Root Purge: 0.0 ms]
   [Clear CT: 0.3 ms]
   [Other: 1.1 ms]
      [Choose CSet: 0.0 ms]
      [Ref Proc: 0.3 ms]
      [Ref Enq: 0.0 ms]
      [Redirty Cards: 0.3 ms]
      [Humongous Register: 0.0 ms]
      [Humongous Reclaim: 0.0 ms]
      [Free CSet: 0.1 ms]
   [Eden: 8192.0K(171.0M)->0.0B(190.0M) Survivors: 24.0M->11.0M Heap: 1006.1M(2048.0M)->1010.1M(2048.0M)]
 [Times: user=0.50 sys=0.00, real=0.06 secs] 
2020-09-29T12:07:41.075+0200: 151.964: [GC concurrent-root-region-scan-start]
2020-09-29T12:07:41.079+0200: 151.968: [GC concurrent-root-region-scan-end, 0.0040057 secs]
2020-09-29T12:07:41.079+0200: 151.968: [GC concurrent-mark-start]
2020-09-29T12:07:41.084+0200: 151.973: [GC concurrent-mark-end, 0.0045604 secs]
2020-09-29T12:07:41.084+0200: 151.973: [GC remark 2020-09-29T12:07:41.084+0200: 151.973: [Finalize Marking, 0.0003616 secs] 2020-09-29T12:07:41.084+0200: 151.973: [GC ref-proc, 0.0005745 secs] 2020-09-29T12:07:41.085+0200: 151.974: [Unloading, 0.0007563 secs], 0.0022877 secs]
 [Times: user=0.00 sys=0.00, real=0.00 secs] 
2020-09-29T12:07:41.086+0200: 151.976: [GC cleanup 1022M->31M(2048M), 0.0022579 secs]
 [Times: user=0.00 sys=0.00, real=0.00 secs] 
2020-09-29T12:07:41.089+0200: 151.978: [GC concurrent-cleanup-start]
2020-09-29T12:07:41.091+0200: 151.980: [GC concurrent-cleanup-end, 0.0025810 secs]
2020-09-29T12:07:41.244+0200: 152.133: [GC pause (G1 Evacuation Pause) (young), 0.1667707 secs]
   [Parallel Time: 165.4 ms, GC Workers: 8]
      [GC Worker Start (ms): Min: 152133.4, Avg: 152133.4, Max: 152133.6, Diff: 0.2]
      [Ext Root Scanning (ms): Min: 0.0, Avg: 0.1, Max: 0.2, Diff: 0.2, Sum: 0.9]
      [Update RS (ms): Min: 19.0, Avg: 19.3, Max: 19.8, Diff: 0.8, Sum: 154.2]
         [Processed Buffers: Min: 10, Avg: 13.4, Max: 17, Diff: 7, Sum: 107]
      [Scan RS (ms): Min: 12.7, Avg: 13.3, Max: 14.0, Diff: 1.4, Sum: 106.1]
      [Code Root Scanning (ms): Min: 0.0, Avg: 0.0, Max: 0.0, Diff: 0.0, Sum: 0.0]
      [Object Copy (ms): Min: 131.7, Avg: 132.3, Max: 132.5, Diff: 0.7, Sum: 1058.4]
      [Termination (ms): Min: 0.0, Avg: 0.1, Max: 0.1, Diff: 0.1, Sum: 0.6]
         [Termination Attempts: Min: 1, Avg: 317.4, Max: 412, Diff: 411, Sum: 2539]
      [GC Worker Other (ms): Min: 0.0, Avg: 0.0, Max: 0.1, Diff: 0.1, Sum: 0.4]
      [GC Worker Total (ms): Min: 164.9, Avg: 165.1, Max: 165.1, Diff: 0.2, Sum: 1320.6]
      [GC Worker End (ms): Min: 152298.5, Avg: 152298.5, Max: 152298.6, Diff: 0.1]
   [Code Root Fixup: 0.0 ms]
   [Code Root Purge: 0.0 ms]
   [Clear CT: 0.2 ms]
   [Other: 1.2 ms]
      [Choose CSet: 0.0 ms]
      [Ref Proc: 0.3 ms]
      [Ref Enq: 0.0 ms]
      [Redirty Cards: 0.3 ms]
      [Humongous Register: 0.1 ms]
      [Humongous Reclaim: 0.0 ms]
      [Free CSet: 0.3 ms]
   [Eden: 190.0M(190.0M)->0.0B(180.0M) Survivors: 11.0M->26.0M Heap: 241.9M(2048.0M)->233.9M(2048.0M)]
 [Times: user=1.27 sys=0.00, real=0.17 secs] 
2020-09-29T12:07:41.566+0200: 152.455: [GC pause (G1 Evacuation Pause) (young), 0.1831873 secs]
   [Parallel Time: 181.5 ms, GC Workers: 8]
      [GC Worker Start (ms): Min: 152454.8, Avg: 152454.9, Max: 152455.0, Diff: 0.2]
      [Ext Root Scanning (ms): Min: 0.0, Avg: 0.1, Max: 0.2, Diff: 0.2, Sum: 0.9]
      [Update RS (ms): Min: 18.0, Avg: 18.2, Max: 19.0, Diff: 1.1, Sum: 145.7]
         [Processed Buffers: Min: 12, Avg: 14.4, Max: 17, Diff: 5, Sum: 115]
      [Scan RS (ms): Min: 13.5, Avg: 14.3, Max: 14.6, Diff: 1.1, Sum: 114.6]
      [Code Root Scanning (ms): Min: 0.0, Avg: 0.0, Max: 0.0, Diff: 0.0, Sum: 0.0]
      [Object Copy (ms): Min: 148.3, Avg: 148.4, Max: 148.5, Diff: 0.2, Sum: 1187.2]
      [Termination (ms): Min: 0.0, Avg: 0.1, Max: 0.1, Diff: 0.1, Sum: 0.6]
         [Termination Attempts: Min: 1, Avg: 284.5, Max: 365, Diff: 364, Sum: 2276]
      [GC Worker Other (ms): Min: 0.0, Avg: 0.0, Max: 0.1, Diff: 0.0, Sum: 0.2]
      [GC Worker Total (ms): Min: 181.0, Avg: 181.2, Max: 181.2, Diff: 0.2, Sum: 1449.2]
      [GC Worker End (ms): Min: 152636.1, Avg: 152636.1, Max: 152636.1, Diff: 0.0]
   [Code Root Fixup: 0.0 ms]
   [Code Root Purge: 0.0 ms]
   [Clear CT: 0.3 ms]
   [Other: 1.4 ms]
      [Choose CSet: 0.0 ms]
      [Ref Proc: 0.2 ms]
      [Ref Enq: 0.0 ms]
      [Redirty Cards: 0.6 ms]
      [Humongous Register: 0.1 ms]
      [Humongous Reclaim: 0.0 ms]
      [Free CSet: 0.3 ms]
   [Eden: 180.0M(180.0M)->0.0B(177.0M) Survivors: 26.0M->26.0M Heap: 444.4M(2048.0M)->446.4M(2048.0M)]
 [Times: user=1.44 sys=0.02, real=0.18 secs] 
2020-09-29T12:07:41.911+0200: 152.800: [GC pause (G1 Evacuation Pause) (young), 0.1811798 secs]
   [Parallel Time: 179.4 ms, GC Workers: 8]
      [GC Worker Start (ms): Min: 152800.6, Avg: 152801.2, Max: 152804.5, Diff: 3.9]
      [Ext Root Scanning (ms): Min: 0.0, Avg: 0.1, Max: 0.2, Diff: 0.2, Sum: 1.0]
      [Update RS (ms): Min: 17.3, Avg: 20.8, Max: 22.8, Diff: 5.4, Sum: 166.5]
         [Processed Buffers: Min: 12, Avg: 14.4, Max: 16, Diff: 4, Sum: 115]
      [Scan RS (ms): Min: 11.9, Avg: 13.5, Max: 14.1, Diff: 2.2, Sum: 107.7]
      [Code Root Scanning (ms): Min: 0.0, Avg: 0.0, Max: 0.0, Diff: 0.0, Sum: 0.0]
      [Object Copy (ms): Min: 144.1, Avg: 144.2, Max: 144.3, Diff: 0.2, Sum: 1153.7]
      [Termination (ms): Min: 0.0, Avg: 0.0, Max: 0.0, Diff: 0.0, Sum: 0.3]
         [Termination Attempts: Min: 1, Avg: 131.5, Max: 163, Diff: 162, Sum: 1052]
      [GC Worker Other (ms): Min: 0.0, Avg: 0.0, Max: 0.1, Diff: 0.1, Sum: 0.3]
      [GC Worker Total (ms): Min: 175.3, Avg: 178.7, Max: 179.2, Diff: 3.9, Sum: 1429.4]
      [GC Worker End (ms): Min: 152979.8, Avg: 152979.8, Max: 152979.9, Diff: 0.1]
   [Code Root Fixup: 0.0 ms]
   [Code Root Purge: 0.0 ms]
   [Clear CT: 0.3 ms]
   [Other: 1.5 ms]
      [Choose CSet: 0.0 ms]
      [Ref Proc: 0.4 ms]
      [Ref Enq: 0.0 ms]
      [Redirty Cards: 0.5 ms]
      [Humongous Register: 0.1 ms]
      [Humongous Reclaim: 0.0 ms]
      [Free CSet: 0.3 ms]
   [Eden: 177.0M(177.0M)->0.0B(176.0M) Survivors: 26.0M->26.0M Heap: 652.1M(2048.0M)->654.6M(2048.0M)]
 [Times: user=1.30 sys=0.00, real=0.18 secs] 
2020-09-29T12:07:42.262+0200: 153.151: [GC pause (G1 Evacuation Pause) (young), 0.2004441 secs]
   [Parallel Time: 198.9 ms, GC Workers: 8]
      [GC Worker Start (ms): Min: 153151.4, Avg: 153151.5, Max: 153151.6, Diff: 0.2]
      [Ext Root Scanning (ms): Min: 0.0, Avg: 0.1, Max: 0.2, Diff: 0.2, Sum: 0.9]
      [Update RS (ms): Min: 27.6, Avg: 28.3, Max: 32.5, Diff: 4.8, Sum: 226.4]
         [Processed Buffers: Min: 7, Avg: 18.1, Max: 22, Diff: 15, Sum: 145]
      [Scan RS (ms): Min: 8.3, Avg: 12.5, Max: 13.3, Diff: 5.0, Sum: 100.4]
      [Code Root Scanning (ms): Min: 0.0, Avg: 0.0, Max: 0.0, Diff: 0.0, Sum: 0.0]
      [Object Copy (ms): Min: 157.4, Avg: 157.6, Max: 157.7, Diff: 0.3, Sum: 1260.5]
      [Termination (ms): Min: 0.0, Avg: 0.2, Max: 0.3, Diff: 0.3, Sum: 1.4]
         [Termination Attempts: Min: 1, Avg: 647.8, Max: 823, Diff: 822, Sum: 5182]
      [GC Worker Other (ms): Min: 0.0, Avg: 0.1, Max: 0.1, Diff: 0.1, Sum: 0.4]
      [GC Worker Total (ms): Min: 198.6, Avg: 198.7, Max: 198.8, Diff: 0.2, Sum: 1590.0]
      [GC Worker End (ms): Min: 153350.2, Avg: 153350.2, Max: 153350.3, Diff: 0.1]
   [Code Root Fixup: 0.0 ms]
   [Code Root Purge: 0.0 ms]
   [Clear CT: 0.3 ms]
   [Other: 1.2 ms]
      [Choose CSet: 0.0 ms]
      [Ref Proc: 0.2 ms]
      [Ref Enq: 0.0 ms]
      [Redirty Cards: 0.4 ms]
      [Humongous Register: 0.1 ms]
      [Humongous Reclaim: 0.0 ms]
      [Free CSet: 0.2 ms]
   [Eden: 176.0M(176.0M)->0.0B(166.0M) Survivors: 26.0M->26.0M Heap: 861.1M(2048.0M)->863.1M(2048.0M)]
 [Times: user=1.59 sys=0.00, real=0.20 secs] 
2020-09-29T12:07:42.614+0200: 153.503: [GC pause (G1 Evacuation Pause) (young), 0.1656077 secs]
   [Parallel Time: 164.1 ms, GC Workers: 8]
      [GC Worker Start (ms): Min: 153502.8, Avg: 153502.9, Max: 153503.0, Diff: 0.2]
      [Ext Root Scanning (ms): Min: 0.0, Avg: 0.1, Max: 0.2, Diff: 0.2, Sum: 0.9]
      [Update RS (ms): Min: 19.4, Avg: 19.8, Max: 20.7, Diff: 1.3, Sum: 158.5]
         [Processed Buffers: Min: 12, Avg: 14.1, Max: 16, Diff: 4, Sum: 113]
      [Scan RS (ms): Min: 11.7, Avg: 12.6, Max: 13.0, Diff: 1.3, Sum: 100.6]
      [Code Root Scanning (ms): Min: 0.0, Avg: 0.0, Max: 0.0, Diff: 0.0, Sum: 0.0]
      [Object Copy (ms): Min: 131.2, Avg: 131.2, Max: 131.3, Diff: 0.1, Sum: 1049.6]
      [Termination (ms): Min: 0.0, Avg: 0.0, Max: 0.0, Diff: 0.0, Sum: 0.1]
         [Termination Attempts: Min: 1, Avg: 45.8, Max: 63, Diff: 62, Sum: 366]
      [GC Worker Other (ms): Min: 0.0, Avg: 0.0, Max: 0.1, Diff: 0.0, Sum: 0.3]
      [GC Worker Total (ms): Min: 163.6, Avg: 163.7, Max: 163.8, Diff: 0.2, Sum: 1310.0]
      [GC Worker End (ms): Min: 153666.6, Avg: 153666.6, Max: 153666.6, Diff: 0.0]
   [Code Root Fixup: 0.0 ms]
   [Code Root Purge: 0.0 ms]
   [Clear CT: 0.2 ms]
   [Other: 1.3 ms]
      [Choose CSet: 0.0 ms]
      [Ref Proc: 0.3 ms]
      [Ref Enq: 0.0 ms]
      [Redirty Cards: 0.4 ms]
      [Humongous Register: 0.1 ms]
      [Humongous Reclaim: 0.0 ms]
      [Free CSet: 0.2 ms]
   [Eden: 166.0M(166.0M)->0.0B(175.0M) Survivors: 26.0M->24.0M Heap: 1055.8M(2048.0M)->1057.8M(2048.0M)]
 [Times: user=1.23 sys=0.00, real=0.17 secs] 
2020-09-29T12:07:42.784+0200: 153.673: [GC pause (G1 Humongous Allocation) (young) (initial-mark), 0.0680503 secs]
   [Parallel Time: 66.7 ms, GC Workers: 8]
      [GC Worker Start (ms): Min: 153673.4, Avg: 153674.0, Max: 153674.6, Diff: 1.2]
      [Ext Root Scanning (ms): Min: 0.0, Avg: 0.7, Max: 1.3, Diff: 1.2, Sum: 5.6]
      [Update RS (ms): Min: 39.2, Avg: 39.7, Max: 40.5, Diff: 1.2, Sum: 317.7]
         [Processed Buffers: Min: 27, Avg: 29.1, Max: 31, Diff: 4, Sum: 233]
      [Scan RS (ms): Min: 0.7, Avg: 1.5, Max: 2.0, Diff: 1.3, Sum: 11.9]
      [Code Root Scanning (ms): Min: 0.0, Avg: 0.0, Max: 0.0, Diff: 0.0, Sum: 0.0]
      [Object Copy (ms): Min: 24.0, Avg: 24.1, Max: 24.1, Diff: 0.1, Sum: 192.7]
      [Termination (ms): Min: 0.0, Avg: 0.0, Max: 0.0, Diff: 0.0, Sum: 0.1]
         [Termination Attempts: Min: 1, Avg: 63.8, Max: 101, Diff: 100, Sum: 510]
      [GC Worker Other (ms): Min: 0.0, Avg: 0.0, Max: 0.0, Diff: 0.0, Sum: 0.2]
      [GC Worker Total (ms): Min: 65.4, Avg: 66.0, Max: 66.6, Diff: 1.2, Sum: 528.2]
      [GC Worker End (ms): Min: 153740.0, Avg: 153740.0, Max: 153740.0, Diff: 0.0]
   [Code Root Fixup: 0.0 ms]
   [Code Root Purge: 0.0 ms]
   [Clear CT: 0.2 ms]
   [Other: 1.1 ms]
      [Choose CSet: 0.0 ms]
      [Ref Proc: 0.3 ms]
      [Ref Enq: 0.0 ms]
      [Redirty Cards: 0.3 ms]
      [Humongous Register: 0.1 ms]
      [Humongous Reclaim: 0.0 ms]
      [Free CSet: 0.1 ms]
   [Eden: 4096.0K(175.0M)->0.0B(185.0M) Survivors: 24.0M->6144.0K Heap: 1061.8M(2048.0M)->1065.8M(2048.0M)]
 [Times: user=0.47 sys=0.00, real=0.07 secs] 
2020-09-29T12:07:42.853+0200: 153.742: [GC concurrent-root-region-scan-start]
2020-09-29T12:07:42.855+0200: 153.743: [GC concurrent-root-region-scan-end, 0.0018271 secs]
2020-09-29T12:07:42.855+0200: 153.743: [GC concurrent-mark-start]
2020-09-29T12:07:42.860+0200: 153.749: [GC concurrent-mark-end, 0.0056754 secs]
2020-09-29T12:07:42.861+0200: 153.750: [GC remark 2020-09-29T12:07:42.861+0200: 153.750: [Finalize Marking, 0.0008988 secs] 2020-09-29T12:07:42.862+0200: 153.751: [GC ref-proc, 0.0004931 secs] 2020-09-29T12:07:42.862+0200: 153.751: [Unloading, 0.0009140 secs], 0.0028385 secs]
 [Times: user=0.06 sys=0.00, real=0.00 secs] 
2020-09-29T12:07:42.865+0200: 153.754: [GC cleanup 1077M->26M(2048M), 0.0028006 secs]
 [Times: user=0.00 sys=0.00, real=0.00 secs] 
2020-09-29T12:07:42.868+0200: 153.756: [GC concurrent-cleanup-start]
2020-09-29T12:07:42.871+0200: 153.760: [GC concurrent-cleanup-end, 0.0034911 secs]
2020-09-29T12:07:43.016+0200: 153.905: [GC pause (G1 Evacuation Pause) (young), 0.1880911 secs]
   [Parallel Time: 186.6 ms, GC Workers: 8]
      [GC Worker Start (ms): Min: 153904.9, Avg: 153904.9, Max: 153905.0, Diff: 0.1]
      [Ext Root Scanning (ms): Min: 0.0, Avg: 0.1, Max: 0.2, Diff: 0.1, Sum: 0.8]
      [Update RS (ms): Min: 15.4, Avg: 15.6, Max: 16.2, Diff: 0.8, Sum: 124.4]
         [Processed Buffers: Min: 11, Avg: 12.5, Max: 14, Diff: 3, Sum: 100]
      [Scan RS (ms): Min: 13.1, Avg: 13.7, Max: 14.0, Diff: 0.9, Sum: 109.9]
      [Code Root Scanning (ms): Min: 0.0, Avg: 0.0, Max: 0.0, Diff: 0.0, Sum: 0.0]
      [Object Copy (ms): Min: 156.7, Avg: 156.9, Max: 157.1, Diff: 0.4, Sum: 1255.3]
      [Termination (ms): Min: 0.0, Avg: 0.1, Max: 0.2, Diff: 0.2, Sum: 1.0]
         [Termination Attempts: Min: 1, Avg: 165.9, Max: 246, Diff: 245, Sum: 1327]
      [GC Worker Other (ms): Min: 0.0, Avg: 0.0, Max: 0.0, Diff: 0.0, Sum: 0.1]
      [GC Worker Total (ms): Min: 186.4, Avg: 186.5, Max: 186.6, Diff: 0.2, Sum: 1491.7]
      [GC Worker End (ms): Min: 154091.4, Avg: 154091.4, Max: 154091.4, Diff: 0.0]
   [Code Root Fixup: 0.0 ms]
   [Code Root Purge: 0.0 ms]
   [Clear CT: 0.2 ms]
   [Other: 1.2 ms]
      [Choose CSet: 0.0 ms]
      [Ref Proc: 0.3 ms]
      [Ref Enq: 0.0 ms]
      [Redirty Cards: 0.3 ms]
      [Humongous Register: 0.0 ms]
      [Humongous Reclaim: 0.0 ms]
      [Free CSet: 0.2 ms]
   [Eden: 185.0M(185.0M)->0.0B(161.0M) Survivors: 6144.0K->24.0M Heap: 231.9M(2048.0M)->227.9M(2048.0M)]
 [Times: user=1.28 sys=0.02, real=0.19 secs] 
2020-09-29T12:07:43.353+0200: 154.242: [GC pause (G1 Evacuation Pause) (young), 0.1704887 secs]
   [Parallel Time: 169.0 ms, GC Workers: 8]
      [GC Worker Start (ms): Min: 154242.2, Avg: 154242.3, Max: 154242.6, Diff: 0.4]
      [Ext Root Scanning (ms): Min: 0.0, Avg: 0.1, Max: 0.2, Diff: 0.2, Sum: 0.9]
      [Update RS (ms): Min: 20.8, Avg: 21.0, Max: 21.4, Diff: 0.7, Sum: 167.8]
         [Processed Buffers: Min: 11, Avg: 13.8, Max: 17, Diff: 6, Sum: 110]
      [Scan RS (ms): Min: 12.9, Avg: 13.4, Max: 13.6, Diff: 0.7, Sum: 107.1]
      [Code Root Scanning (ms): Min: 0.0, Avg: 0.0, Max: 0.1, Diff: 0.1, Sum: 0.1]
      [Object Copy (ms): Min: 133.8, Avg: 133.9, Max: 134.0, Diff: 0.1, Sum: 1071.5]
      [Termination (ms): Min: 0.0, Avg: 0.0, Max: 0.0, Diff: 0.0, Sum: 0.3]
         [Termination Attempts: Min: 1, Avg: 127.0, Max: 157, Diff: 156, Sum: 1016]
      [GC Worker Other (ms): Min: 0.0, Avg: 0.1, Max: 0.1, Diff: 0.1, Sum: 0.5]
      [GC Worker Total (ms): Min: 168.3, Avg: 168.5, Max: 168.7, Diff: 0.4, Sum: 1348.2]
      [GC Worker End (ms): Min: 154410.8, Avg: 154410.9, Max: 154410.9, Diff: 0.1]
   [Code Root Fixup: 0.0 ms]
   [Code Root Purge: 0.0 ms]
   [Clear CT: 0.3 ms]
   [Other: 1.3 ms]
      [Choose CSet: 0.0 ms]
      [Ref Proc: 0.3 ms]
      [Ref Enq: 0.0 ms]
      [Redirty Cards: 0.3 ms]
      [Humongous Register: 0.1 ms]
      [Humongous Reclaim: 0.0 ms]
      [Free CSet: 0.2 ms]
   [Eden: 161.0M(161.0M)->0.0B(163.0M) Survivors: 24.0M->24.0M Heap: 415.6M(2048.0M)->417.6M(2048.0M)]
 [Times: user=1.36 sys=0.00, real=0.17 secs] 
2020-09-29T12:07:43.739+0200: 154.627: [GC pause (G1 Evacuation Pause) (young), 0.2234509 secs]
   [Parallel Time: 221.4 ms, GC Workers: 8]
      [GC Worker Start (ms): Min: 154627.6, Avg: 154627.8, Max: 154627.9, Diff: 0.3]
      [Ext Root Scanning (ms): Min: 0.0, Avg: 0.1, Max: 0.3, Diff: 0.3, Sum: 1.1]
      [Update RS (ms): Min: 24.8, Avg: 25.0, Max: 25.4, Diff: 0.6, Sum: 199.7]
         [Processed Buffers: Min: 13, Avg: 13.4, Max: 14, Diff: 1, Sum: 107]
      [Scan RS (ms): Min: 18.5, Avg: 18.8, Max: 19.1, Diff: 0.5, Sum: 150.7]
      [Code Root Scanning (ms): Min: 0.0, Avg: 0.0, Max: 0.0, Diff: 0.0, Sum: 0.0]
      [Object Copy (ms): Min: 176.9, Avg: 177.0, Max: 177.0, Diff: 0.2, Sum: 1415.9]
      [Termination (ms): Min: 0.0, Avg: 0.0, Max: 0.0, Diff: 0.0, Sum: 0.1]
         [Termination Attempts: Min: 1, Avg: 24.9, Max: 35, Diff: 34, Sum: 199]
      [GC Worker Other (ms): Min: 0.0, Avg: 0.1, Max: 0.1, Diff: 0.1, Sum: 0.6]
      [GC Worker Total (ms): Min: 220.8, Avg: 221.0, Max: 221.1, Diff: 0.3, Sum: 1768.1]
      [GC Worker End (ms): Min: 154848.8, Avg: 154848.8, Max: 154848.9, Diff: 0.1]
   [Code Root Fixup: 0.0 ms]
   [Code Root Purge: 0.0 ms]
   [Clear CT: 0.4 ms]
   [Other: 1.7 ms]
      [Choose CSet: 0.0 ms]
      [Ref Proc: 0.6 ms]
      [Ref Enq: 0.0 ms]
      [Redirty Cards: 0.4 ms]
      [Humongous Register: 0.1 ms]
      [Humongous Reclaim: 0.0 ms]
      [Free CSet: 0.3 ms]
   [Eden: 163.0M(163.0M)->0.0B(136.0M) Survivors: 24.0M->24.0M Heap: 607.3M(2048.0M)->609.3M(2048.0M)]
 [Times: user=1.73 sys=0.02, real=0.22 secs] 
2020-09-29T12:07:44.208+0200: 155.096: [GC pause (G1 Evacuation Pause) (young), 0.2897688 secs]
   [Parallel Time: 287.8 ms, GC Workers: 8]
      [GC Worker Start (ms): Min: 155096.7, Avg: 155098.4, Max: 155103.9, Diff: 7.2]
      [Ext Root Scanning (ms): Min: 0.0, Avg: 0.2, Max: 0.3, Diff: 0.3, Sum: 1.3]
      [Update RS (ms): Min: 28.0, Avg: 34.3, Max: 36.9, Diff: 8.9, Sum: 274.5]
         [Processed Buffers: Min: 7, Avg: 13.8, Max: 17, Diff: 10, Sum: 110]
      [Scan RS (ms): Min: 15.2, Avg: 16.2, Max: 17.2, Diff: 2.0, Sum: 129.2]
      [Code Root Scanning (ms): Min: 0.0, Avg: 0.0, Max: 0.0, Diff: 0.0, Sum: 0.0]
      [Object Copy (ms): Min: 234.9, Avg: 235.1, Max: 235.2, Diff: 0.3, Sum: 1880.8]
      [Termination (ms): Min: 0.0, Avg: 0.1, Max: 0.2, Diff: 0.2, Sum: 1.0]
         [Termination Attempts: Min: 1, Avg: 43.0, Max: 69, Diff: 68, Sum: 344]
      [GC Worker Other (ms): Min: 0.0, Avg: 0.0, Max: 0.0, Diff: 0.0, Sum: 0.2]
      [GC Worker Total (ms): Min: 280.3, Avg: 285.9, Max: 287.6, Diff: 7.3, Sum: 2287.1]
      [GC Worker End (ms): Min: 155384.2, Avg: 155384.3, Max: 155384.3, Diff: 0.1]
   [Code Root Fixup: 0.0 ms]
   [Code Root Purge: 0.0 ms]
   [Clear CT: 0.4 ms]
   [Other: 1.6 ms]
      [Choose CSet: 0.0 ms]
      [Ref Proc: 0.4 ms]
      [Ref Enq: 0.0 ms]
      [Redirty Cards: 0.4 ms]
      [Humongous Register: 0.1 ms]
      [Humongous Reclaim: 0.0 ms]
      [Free CSet: 0.3 ms]
   [Eden: 136.0M(136.0M)->0.0B(92.0M) Survivors: 24.0M->20.0M Heap: 768.2M(2048.0M)->769.7M(2048.0M)]
 [Times: user=1.97 sys=0.00, real=0.29 secs] 
2020-09-29T12:07:44.681+0200: 155.569: [GC pause (G1 Evacuation Pause) (young), 0.2007538 secs]
   [Parallel Time: 199.0 ms, GC Workers: 8]
      [GC Worker Start (ms): Min: 155569.5, Avg: 155569.6, Max: 155569.8, Diff: 0.3]
      [Ext Root Scanning (ms): Min: 0.0, Avg: 0.2, Max: 0.3, Diff: 0.3, Sum: 1.3]
      [Update RS (ms): Min: 21.9, Avg: 23.5, Max: 31.3, Diff: 9.4, Sum: 187.8]
         [Processed Buffers: Min: 0, Avg: 10.9, Max: 15, Diff: 15, Sum: 87]
      [Scan RS (ms): Min: 0.9, Avg: 12.1, Max: 38.2, Diff: 37.3, Sum: 96.9]
      [Code Root Scanning (ms): Min: 0.0, Avg: 0.0, Max: 0.0, Diff: 0.0, Sum: 0.0]
      [Object Copy (ms): Min: 138.2, Avg: 162.2, Max: 165.8, Diff: 27.6, Sum: 1297.9]
      [Termination (ms): Min: 0.0, Avg: 0.5, Max: 0.7, Diff: 0.6, Sum: 4.2]
         [Termination Attempts: Min: 1, Avg: 1411.8, Max: 1722, Diff: 1721, Sum: 11294]
      [GC Worker Other (ms): Min: 0.0, Avg: 0.0, Max: 0.0, Diff: 0.0, Sum: 0.2]
      [GC Worker Total (ms): Min: 198.3, Avg: 198.5, Max: 198.7, Diff: 0.4, Sum: 1588.2]
      [GC Worker End (ms): Min: 155768.1, Avg: 155768.1, Max: 155768.1, Diff: 0.0]
   [Code Root Fixup: 0.0 ms]
   [Code Root Purge: 0.0 ms]
   [Clear CT: 0.3 ms]
   [Other: 1.4 ms]
      [Choose CSet: 0.0 ms]
      [Ref Proc: 0.4 ms]
      [Ref Enq: 0.0 ms]
      [Redirty Cards: 0.4 ms]
      [Humongous Register: 0.1 ms]
      [Humongous Reclaim: 0.0 ms]
      [Free CSet: 0.2 ms]
   [Eden: 92.0M(92.0M)->0.0B(88.0M) Survivors: 20.0M->14.0M Heap: 877.0M(2048.0M)->879.0M(2048.0M)]
 [Times: user=1.48 sys=0.02, real=0.20 secs] 
2020-09-29T12:07:44.991+0200: 155.879: [GC pause (G1 Evacuation Pause) (young), 0.1366198 secs]
   [Parallel Time: 134.8 ms, GC Workers: 8]
      [GC Worker Start (ms): Min: 155879.3, Avg: 155879.4, Max: 155879.5, Diff: 0.2]
      [Ext Root Scanning (ms): Min: 0.0, Avg: 0.1, Max: 0.3, Diff: 0.2, Sum: 1.2]
      [Update RS (ms): Min: 19.4, Avg: 19.6, Max: 19.9, Diff: 0.5, Sum: 156.5]
         [Processed Buffers: Min: 10, Avg: 11.5, Max: 13, Diff: 3, Sum: 92]
      [Scan RS (ms): Min: 7.7, Avg: 8.0, Max: 8.3, Diff: 0.5, Sum: 64.3]
      [Code Root Scanning (ms): Min: 0.0, Avg: 0.0, Max: 0.0, Diff: 0.0, Sum: 0.0]
      [Object Copy (ms): Min: 106.3, Avg: 106.5, Max: 106.6, Diff: 0.2, Sum: 851.8]
      [Termination (ms): Min: 0.0, Avg: 0.1, Max: 0.2, Diff: 0.2, Sum: 1.1]
         [Termination Attempts: Min: 1, Avg: 369.8, Max: 448, Diff: 447, Sum: 2958]
      [GC Worker Other (ms): Min: 0.0, Avg: 0.1, Max: 0.2, Diff: 0.1, Sum: 0.6]
      [GC Worker Total (ms): Min: 134.3, Avg: 134.4, Max: 134.6, Diff: 0.3, Sum: 1075.5]
      [GC Worker End (ms): Min: 156013.8, Avg: 156013.9, Max: 156013.9, Diff: 0.1]
   [Code Root Fixup: 0.0 ms]
   [Code Root Purge: 0.0 ms]
   [Clear CT: 0.4 ms]
   [Other: 1.4 ms]
      [Choose CSet: 0.0 ms]
      [Ref Proc: 0.4 ms]
      [Ref Enq: 0.0 ms]
      [Redirty Cards: 0.4 ms]
      [Humongous Register: 0.1 ms]
      [Humongous Reclaim: 0.0 ms]
      [Free CSet: 0.2 ms]
   [Eden: 88.0M(88.0M)->0.0B(98.0M) Survivors: 14.0M->13.0M Heap: 982.2M(2048.0M)->983.7M(2048.0M)]
 [Times: user=0.97 sys=0.00, real=0.14 secs] 
2020-09-29T12:07:45.150+0200: 156.038: [GC pause (G1 Humongous Allocation) (young) (initial-mark), 0.0616245 secs]
   [Parallel Time: 59.8 ms, GC Workers: 8]
      [GC Worker Start (ms): Min: 156038.4, Avg: 156038.4, Max: 156038.5, Diff: 0.2]
      [Ext Root Scanning (ms): Min: 0.1, Avg: 0.2, Max: 0.3, Diff: 0.2, Sum: 1.6]
      [Update RS (ms): Min: 24.1, Avg: 25.0, Max: 27.0, Diff: 2.9, Sum: 199.9]
         [Processed Buffers: Min: 7, Avg: 11.8, Max: 15, Diff: 8, Sum: 94]
      [Scan RS (ms): Min: 0.0, Avg: 2.2, Max: 3.8, Diff: 3.8, Sum: 17.5]
      [Code Root Scanning (ms): Min: 0.0, Avg: 0.0, Max: 0.0, Diff: 0.0, Sum: 0.0]
      [Object Copy (ms): Min: 31.1, Avg: 32.0, Max: 32.2, Diff: 1.1, Sum: 256.0]
      [Termination (ms): Min: 0.0, Avg: 0.1, Max: 0.1, Diff: 0.1, Sum: 0.4]
         [Termination Attempts: Min: 1, Avg: 151.1, Max: 184, Diff: 183, Sum: 1209]
      [GC Worker Other (ms): Min: 0.0, Avg: 0.0, Max: 0.1, Diff: 0.0, Sum: 0.3]
      [GC Worker Total (ms): Min: 59.4, Avg: 59.5, Max: 59.5, Diff: 0.2, Sum: 475.7]
      [GC Worker End (ms): Min: 156097.9, Avg: 156097.9, Max: 156097.9, Diff: 0.0]
   [Code Root Fixup: 0.0 ms]
   [Code Root Purge: 0.0 ms]
   [Clear CT: 0.5 ms]
   [Other: 1.4 ms]
      [Choose CSet: 0.0 ms]
      [Ref Proc: 0.3 ms]
      [Ref Enq: 0.0 ms]
      [Redirty Cards: 0.4 ms]
      [Humongous Register: 0.1 ms]
      [Humongous Reclaim: 0.0 ms]
      [Free CSet: 0.1 ms]
   [Eden: 11.0M(98.0M)->0.0B(102.0M) Survivors: 13.0M->12.0M Heap: 994.2M(2048.0M)->996.7M(2048.0M)]
 [Times: user=0.48 sys=0.00, real=0.06 secs] 
2020-09-29T12:07:45.211+0200: 156.100: [GC concurrent-root-region-scan-start]
2020-09-29T12:07:45.220+0200: 156.109: [GC concurrent-root-region-scan-end, 0.0085451 secs]
2020-09-29T12:07:45.220+0200: 156.109: [GC concurrent-mark-start]
2020-09-29T12:07:45.227+0200: 156.116: [GC concurrent-mark-end, 0.0072787 secs]
2020-09-29T12:07:45.228+0200: 156.116: [GC remark 2020-09-29T12:07:45.228+0200: 156.116: [Finalize Marking, 0.0004385 secs] 2020-09-29T12:07:45.228+0200: 156.117: [GC ref-proc, 0.0006752 secs] 2020-09-29T12:07:45.229+0200: 156.117: [Unloading, 0.0010240 secs], 0.0032340 secs]
 [Times: user=0.00 sys=0.00, real=0.00 secs] 
2020-09-29T12:07:45.231+0200: 156.120: [GC cleanup 1007M->31M(2048M), 0.0033007 secs]
 [Times: user=0.00 sys=0.00, real=0.00 secs] 
2020-09-29T12:07:45.235+0200: 156.124: [GC concurrent-cleanup-start]
2020-09-29T12:07:45.238+0200: 156.127: [GC concurrent-cleanup-end, 0.0037188 secs]
2020-09-29T12:07:45.348+0200: 156.237: [GC pause (G1 Evacuation Pause) (young), 0.1378235 secs]
   [Parallel Time: 136.0 ms, GC Workers: 8]
      [GC Worker Start (ms): Min: 156237.0, Avg: 156237.2, Max: 156237.3, Diff: 0.3]
      [Ext Root Scanning (ms): Min: 0.0, Avg: 0.1, Max: 0.3, Diff: 0.3, Sum: 1.1]
      [Update RS (ms): Min: 14.2, Avg: 15.2, Max: 17.2, Diff: 3.0, Sum: 121.8]
         [Processed Buffers: Min: 7, Avg: 7.8, Max: 8, Diff: 1, Sum: 62]
      [Scan RS (ms): Min: 7.6, Avg: 9.7, Max: 11.5, Diff: 3.9, Sum: 77.3]
      [Code Root Scanning (ms): Min: 0.0, Avg: 0.0, Max: 0.0, Diff: 0.0, Sum: 0.0]
      [Object Copy (ms): Min: 109.4, Avg: 110.4, Max: 110.6, Diff: 1.2, Sum: 882.8]
      [Termination (ms): Min: 0.0, Avg: 0.1, Max: 0.2, Diff: 0.2, Sum: 0.9]
         [Termination Attempts: Min: 1, Avg: 154.1, Max: 243, Diff: 242, Sum: 1233]
      [GC Worker Other (ms): Min: 0.0, Avg: 0.0, Max: 0.1, Diff: 0.0, Sum: 0.3]
      [GC Worker Total (ms): Min: 135.4, Avg: 135.5, Max: 135.7, Diff: 0.3, Sum: 1084.4]
      [GC Worker End (ms): Min: 156372.7, Avg: 156372.7, Max: 156372.7, Diff: 0.0]
   [Code Root Fixup: 0.0 ms]
   [Code Root Purge: 0.0 ms]
   [Clear CT: 0.4 ms]
   [Other: 1.5 ms]
      [Choose CSet: 0.0 ms]
      [Ref Proc: 0.4 ms]
      [Ref Enq: 0.0 ms]
      [Redirty Cards: 0.4 ms]
      [Humongous Register: 0.1 ms]
      [Humongous Reclaim: 0.0 ms]
      [Free CSet: 0.2 ms]
   [Eden: 102.0M(102.0M)->0.0B(108.0M) Survivors: 12.0M->15.0M Heap: 140.2M(2048.0M)->130.2M(2048.0M)]
 [Times: user=0.92 sys=0.00, real=0.14 secs] 
2020-09-29T12:07:45.621+0200: 156.510: [GC pause (G1 Evacuation Pause) (young), 0.1609139 secs]
   [Parallel Time: 158.7 ms, GC Workers: 8]
      [GC Worker Start (ms): Min: 156509.8, Avg: 156510.0, Max: 156510.2, Diff: 0.3]
      [Ext Root Scanning (ms): Min: 0.0, Avg: 0.1, Max: 0.3, Diff: 0.3, Sum: 1.0]
      [Update RS (ms): Min: 17.6, Avg: 17.9, Max: 18.2, Diff: 0.6, Sum: 142.9]
         [Processed Buffers: Min: 8, Avg: 9.6, Max: 13, Diff: 5, Sum: 77]
      [Scan RS (ms): Min: 12.5, Avg: 12.9, Max: 13.3, Diff: 0.7, Sum: 103.4]
      [Code Root Scanning (ms): Min: 0.0, Avg: 0.0, Max: 0.0, Diff: 0.0, Sum: 0.0]
      [Object Copy (ms): Min: 127.1, Avg: 127.1, Max: 127.2, Diff: 0.1, Sum: 1017.1]
      [Termination (ms): Min: 0.0, Avg: 0.1, Max: 0.1, Diff: 0.1, Sum: 0.5]
         [Termination Attempts: Min: 1, Avg: 158.0, Max: 205, Diff: 204, Sum: 1264]
      [GC Worker Other (ms): Min: 0.0, Avg: 0.0, Max: 0.1, Diff: 0.1, Sum: 0.3]
      [GC Worker Total (ms): Min: 158.0, Avg: 158.2, Max: 158.4, Diff: 0.3, Sum: 1265.3]
      [GC Worker End (ms): Min: 156668.2, Avg: 156668.2, Max: 156668.2, Diff: 0.1]
   [Code Root Fixup: 0.0 ms]
   [Code Root Purge: 0.0 ms]
   [Clear CT: 0.4 ms]
   [Other: 1.8 ms]
      [Choose CSet: 0.0 ms]
      [Ref Proc: 0.5 ms]
      [Ref Enq: 0.0 ms]
      [Redirty Cards: 0.6 ms]
      [Humongous Register: 0.1 ms]
      [Humongous Reclaim: 0.0 ms]
      [Free CSet: 0.2 ms]
   [Eden: 108.0M(108.0M)->0.0B(112.0M) Survivors: 15.0M->16.0M Heap: 257.2M(2048.0M)->259.7M(2048.0M)]
 [Times: user=1.19 sys=0.00, real=0.16 secs] 
2020-09-29T12:07:45.921+0200: 156.810: [GC pause (G1 Evacuation Pause) (young), 0.1559030 secs]
   [Parallel Time: 154.0 ms, GC Workers: 8]
      [GC Worker Start (ms): Min: 156810.3, Avg: 156810.5, Max: 156810.7, Diff: 0.3]
      [Ext Root Scanning (ms): Min: 0.0, Avg: 0.1, Max: 0.3, Diff: 0.3, Sum: 1.0]
      [Update RS (ms): Min: 20.2, Avg: 20.6, Max: 21.5, Diff: 1.3, Sum: 165.1]
         [Processed Buffers: Min: 9, Avg: 11.5, Max: 14, Diff: 5, Sum: 92]
      [Scan RS (ms): Min: 10.3, Avg: 11.2, Max: 11.9, Diff: 1.6, Sum: 89.4]
      [Code Root Scanning (ms): Min: 0.0, Avg: 0.0, Max: 0.0, Diff: 0.0, Sum: 0.0]
      [Object Copy (ms): Min: 121.2, Avg: 121.5, Max: 121.7, Diff: 0.5, Sum: 971.8]
      [Termination (ms): Min: 0.0, Avg: 0.0, Max: 0.0, Diff: 0.0, Sum: 0.1]
         [Termination Attempts: Min: 1, Avg: 25.0, Max: 34, Diff: 33, Sum: 200]
      [GC Worker Other (ms): Min: 0.0, Avg: 0.1, Max: 0.1, Diff: 0.1, Sum: 0.5]
      [GC Worker Total (ms): Min: 153.3, Avg: 153.5, Max: 153.7, Diff: 0.4, Sum: 1228.0]
      [GC Worker End (ms): Min: 156964.0, Avg: 156964.0, Max: 156964.1, Diff: 0.1]
   [Code Root Fixup: 0.0 ms]
   [Code Root Purge: 0.0 ms]
   [Clear CT: 0.3 ms]
   [Other: 1.6 ms]
      [Choose CSet: 0.0 ms]
      [Ref Proc: 0.4 ms]
      [Ref Enq: 0.0 ms]
      [Redirty Cards: 0.5 ms]
      [Humongous Register: 0.1 ms]
      [Humongous Reclaim: 0.0 ms]
      [Free CSet: 0.2 ms]
   [Eden: 112.0M(112.0M)->0.0B(118.0M) Survivors: 16.0M->16.0M Heap: 390.8M(2048.0M)->391.8M(2048.0M)]
 [Times: user=1.24 sys=0.00, real=0.16 secs] 
2020-09-29T12:07:46.229+0200: 157.118: [GC pause (G1 Evacuation Pause) (young), 0.1688743 secs]
   [Parallel Time: 166.8 ms, GC Workers: 8]
      [GC Worker Start (ms): Min: 157118.0, Avg: 157118.2, Max: 157118.3, Diff: 0.3]
      [Ext Root Scanning (ms): Min: 0.0, Avg: 0.1, Max: 0.3, Diff: 0.3, Sum: 1.1]
      [Update RS (ms): Min: 17.4, Avg: 17.7, Max: 18.4, Diff: 1.0, Sum: 141.2]
         [Processed Buffers: Min: 9, Avg: 9.8, Max: 11, Diff: 2, Sum: 78]
      [Scan RS (ms): Min: 13.0, Avg: 13.7, Max: 13.9, Diff: 0.9, Sum: 109.2]
      [Code Root Scanning (ms): Min: 0.0, Avg: 0.0, Max: 0.0, Diff: 0.0, Sum: 0.0]
      [Object Copy (ms): Min: 134.6, Avg: 134.7, Max: 134.9, Diff: 0.3, Sum: 1077.9]
      [Termination (ms): Min: 0.0, Avg: 0.1, Max: 0.2, Diff: 0.2, Sum: 0.9]
         [Termination Attempts: Min: 1, Avg: 311.6, Max: 404, Diff: 403, Sum: 2493]
      [GC Worker Other (ms): Min: 0.0, Avg: 0.1, Max: 0.1, Diff: 0.1, Sum: 0.4]
      [GC Worker Total (ms): Min: 166.2, Avg: 166.3, Max: 166.5, Diff: 0.3, Sum: 1330.8]
      [GC Worker End (ms): Min: 157284.5, Avg: 157284.5, Max: 157284.6, Diff: 0.1]
   [Code Root Fixup: 0.0 ms]
   [Code Root Purge: 0.0 ms]
   [Clear CT: 0.5 ms]
   [Other: 1.6 ms]
      [Choose CSet: 0.0 ms]
      [Ref Proc: 0.4 ms]
      [Ref Enq: 0.0 ms]
      [Redirty Cards: 0.5 ms]
      [Humongous Register: 0.1 ms]
      [Humongous Reclaim: 0.0 ms]
      [Free CSet: 0.3 ms]
   [Eden: 118.0M(118.0M)->0.0B(121.0M) Survivors: 16.0M->17.0M Heap: 528.9M(2048.0M)->530.4M(2048.0M)]
 [Times: user=1.36 sys=0.00, real=0.17 secs] 
2020-09-29T12:07:46.543+0200: 157.432: [GC pause (G1 Evacuation Pause) (young), 0.2090343 secs]
   [Parallel Time: 207.1 ms, GC Workers: 8]
      [GC Worker Start (ms): Min: 157431.9, Avg: 157432.1, Max: 157432.2, Diff: 0.3]
      [Ext Root Scanning (ms): Min: 0.0, Avg: 0.1, Max: 0.3, Diff: 0.3, Sum: 1.2]
      [Update RS (ms): Min: 19.0, Avg: 19.2, Max: 19.7, Diff: 0.7, Sum: 153.9]
         [Processed Buffers: Min: 9, Avg: 11.5, Max: 13, Diff: 4, Sum: 92]
      [Scan RS (ms): Min: 12.7, Avg: 13.3, Max: 13.7, Diff: 1.0, Sum: 106.0]
      [Code Root Scanning (ms): Min: 0.0, Avg: 0.0, Max: 0.0, Diff: 0.0, Sum: 0.0]
      [Object Copy (ms): Min: 172.6, Avg: 173.0, Max: 174.0, Diff: 1.4, Sum: 1384.1]
      [Termination (ms): Min: 0.0, Avg: 1.0, Max: 1.3, Diff: 1.3, Sum: 7.6]
         [Termination Attempts: Min: 1, Avg: 2689.1, Max: 3547, Diff: 3546, Sum: 21513]
      [GC Worker Other (ms): Min: 0.0, Avg: 0.0, Max: 0.1, Diff: 0.0, Sum: 0.3]
      [GC Worker Total (ms): Min: 206.5, Avg: 206.6, Max: 206.8, Diff: 0.3, Sum: 1653.1]
      [GC Worker End (ms): Min: 157638.7, Avg: 157638.7, Max: 157638.8, Diff: 0.0]
   [Code Root Fixup: 0.0 ms]
   [Code Root Purge: 0.0 ms]
   [Clear CT: 0.4 ms]
   [Other: 1.6 ms]
      [Choose CSet: 0.0 ms]
      [Ref Proc: 0.4 ms]
      [Ref Enq: 0.0 ms]
      [Redirty Cards: 0.4 ms]
      [Humongous Register: 0.1 ms]
      [Humongous Reclaim: 0.0 ms]
      [Free CSet: 0.3 ms]
   [Eden: 121.0M(121.0M)->0.0B(112.0M) Survivors: 17.0M->18.0M Heap: 672.4M(2048.0M)->674.4M(2048.0M)]
 [Times: user=1.59 sys=0.00, real=0.21 secs] 
2020-09-29T12:07:46.898+0200: 157.787: [GC pause (G1 Evacuation Pause) (young), 0.1676158 secs]
   [Parallel Time: 165.7 ms, GC Workers: 8]
      [GC Worker Start (ms): Min: 157786.9, Avg: 157787.1, Max: 157787.3, Diff: 0.3]
      [Ext Root Scanning (ms): Min: 0.0, Avg: 0.1, Max: 0.3, Diff: 0.3, Sum: 1.0]
      [Update RS (ms): Min: 18.4, Avg: 19.1, Max: 20.3, Diff: 1.9, Sum: 153.2]
         [Processed Buffers: Min: 9, Avg: 10.0, Max: 11, Diff: 2, Sum: 80]
      [Scan RS (ms): Min: 10.4, Avg: 11.7, Max: 12.5, Diff: 2.1, Sum: 93.6]
      [Code Root Scanning (ms): Min: 0.0, Avg: 0.0, Max: 0.0, Diff: 0.0, Sum: 0.0]
      [Object Copy (ms): Min: 134.1, Avg: 134.3, Max: 134.4, Diff: 0.2, Sum: 1074.0]
      [Termination (ms): Min: 0.0, Avg: 0.1, Max: 0.1, Diff: 0.1, Sum: 0.4]
         [Termination Attempts: Min: 1, Avg: 157.1, Max: 212, Diff: 211, Sum: 1257]
      [GC Worker Other (ms): Min: 0.0, Avg: 0.1, Max: 0.1, Diff: 0.1, Sum: 0.5]
      [GC Worker Total (ms): Min: 165.2, Avg: 165.3, Max: 165.6, Diff: 0.4, Sum: 1322.7]
      [GC Worker End (ms): Min: 157952.4, Avg: 157952.5, Max: 157952.5, Diff: 0.1]
   [Code Root Fixup: 0.0 ms]
   [Code Root Purge: 0.0 ms]
   [Clear CT: 0.4 ms]
   [Other: 1.6 ms]
      [Choose CSet: 0.0 ms]
      [Ref Proc: 0.5 ms]
      [Ref Enq: 0.0 ms]
      [Redirty Cards: 0.4 ms]
      [Humongous Register: 0.1 ms]
      [Humongous Reclaim: 0.0 ms]
      [Free CSet: 0.2 ms]
   [Eden: 112.0M(112.0M)->0.0B(117.0M) Survivors: 18.0M->17.0M Heap: 803.5M(2048.0M)->805.5M(2048.0M)]
 [Times: user=1.25 sys=0.00, real=0.17 secs] 
2020-09-29T12:07:47.204+0200: 158.093: [GC pause (G1 Evacuation Pause) (young), 0.1747748 secs]
   [Parallel Time: 172.8 ms, GC Workers: 8]
      [GC Worker Start (ms): Min: 158092.8, Avg: 158092.9, Max: 158093.1, Diff: 0.3]
      [Ext Root Scanning (ms): Min: 0.0, Avg: 0.1, Max: 0.3, Diff: 0.3, Sum: 1.1]
      [Update RS (ms): Min: 22.6, Avg: 22.9, Max: 23.5, Diff: 0.9, Sum: 183.3]
         [Processed Buffers: Min: 12, Avg: 13.4, Max: 15, Diff: 3, Sum: 107]
      [Scan RS (ms): Min: 9.5, Avg: 10.2, Max: 10.6, Diff: 1.1, Sum: 81.6]
      [Code Root Scanning (ms): Min: 0.0, Avg: 0.0, Max: 0.0, Diff: 0.0, Sum: 0.0]
      [Object Copy (ms): Min: 138.6, Avg: 138.8, Max: 139.1, Diff: 0.5, Sum: 1110.0]
      [Termination (ms): Min: 0.0, Avg: 0.2, Max: 0.3, Diff: 0.3, Sum: 1.9]
         [Termination Attempts: Min: 1, Avg: 670.3, Max: 862, Diff: 861, Sum: 5362]
      [GC Worker Other (ms): Min: 0.0, Avg: 0.1, Max: 0.1, Diff: 0.1, Sum: 0.4]
      [GC Worker Total (ms): Min: 172.2, Avg: 172.3, Max: 172.5, Diff: 0.3, Sum: 1378.4]
      [GC Worker End (ms): Min: 158265.2, Avg: 158265.2, Max: 158265.3, Diff: 0.1]
   [Code Root Fixup: 0.0 ms]
   [Code Root Purge: 0.0 ms]
   [Clear CT: 0.4 ms]
   [Other: 1.6 ms]
      [Choose CSet: 0.0 ms]
      [Ref Proc: 0.5 ms]
      [Ref Enq: 0.0 ms]
      [Redirty Cards: 0.5 ms]
      [Humongous Register: 0.1 ms]
      [Humongous Reclaim: 0.0 ms]
      [Free CSet: 0.2 ms]
   [Eden: 117.0M(117.0M)->0.0B(120.0M) Survivors: 17.0M->17.0M Heap: 943.5M(2048.0M)->945.5M(2048.0M)]
 [Times: user=1.38 sys=0.00, real=0.17 secs] 
2020-09-29T12:07:47.394+0200: 158.283: [GC pause (G1 Humongous Allocation) (young) (initial-mark), 0.0723407 secs]
   [Parallel Time: 70.4 ms, GC Workers: 8]
      [GC Worker Start (ms): Min: 158283.4, Avg: 158283.5, Max: 158283.7, Diff: 0.3]
      [Ext Root Scanning (ms): Min: 0.0, Avg: 1.6, Max: 8.1, Diff: 8.1, Sum: 12.5]
      [Update RS (ms): Min: 24.3, Avg: 31.6, Max: 34.4, Diff: 10.0, Sum: 252.5]
         [Processed Buffers: Min: 15, Avg: 16.4, Max: 18, Diff: 3, Sum: 131]
      [Scan RS (ms): Min: 1.6, Avg: 3.0, Max: 3.8, Diff: 2.1, Sum: 24.1]
      [Code Root Scanning (ms): Min: 0.0, Avg: 0.0, Max: 0.0, Diff: 0.0, Sum: 0.0]
      [Object Copy (ms): Min: 33.5, Avg: 33.7, Max: 33.8, Diff: 0.3, Sum: 269.8]
      [Termination (ms): Min: 0.0, Avg: 0.1, Max: 0.1, Diff: 0.1, Sum: 0.7]
         [Termination Attempts: Min: 1, Avg: 223.1, Max: 291, Diff: 290, Sum: 1785]
      [GC Worker Other (ms): Min: 0.0, Avg: 0.0, Max: 0.0, Diff: 0.0, Sum: 0.2]
      [GC Worker Total (ms): Min: 69.8, Avg: 70.0, Max: 70.1, Diff: 0.3, Sum: 559.8]
      [GC Worker End (ms): Min: 158353.5, Avg: 158353.5, Max: 158353.5, Diff: 0.0]
   [Code Root Fixup: 0.0 ms]
   [Code Root Purge: 0.0 ms]
   [Clear CT: 0.4 ms]
   [Other: 1.5 ms]
      [Choose CSet: 0.0 ms]
      [Ref Proc: 0.5 ms]
      [Ref Enq: 0.0 ms]
      [Redirty Cards: 0.6 ms]
      [Humongous Register: 0.1 ms]
      [Humongous Reclaim: 0.0 ms]
      [Free CSet: 0.1 ms]
   [Eden: 12.0M(120.0M)->0.0B(123.0M) Survivors: 17.0M->13.0M Heap: 957.0M(2048.0M)->960.0M(2048.0M)]
 [Times: user=0.52 sys=0.00, real=0.07 secs] 
2020-09-29T12:07:47.467+0200: 158.356: [GC concurrent-root-region-scan-start]
2020-09-29T12:07:47.472+0200: 158.361: [GC concurrent-root-region-scan-end, 0.0048446 secs]
2020-09-29T12:07:47.472+0200: 158.361: [GC concurrent-mark-start]
2020-09-29T12:07:47.477+0200: 158.366: [GC concurrent-mark-end, 0.0050593 secs]
2020-09-29T12:07:47.477+0200: 158.366: [GC remark 2020-09-29T12:07:47.477+0200: 158.366: [Finalize Marking, 0.0004668 secs] 2020-09-29T12:07:47.478+0200: 158.367: [GC ref-proc, 0.0006928 secs] 2020-09-29T12:07:47.478+0200: 158.367: [Unloading, 0.0010255 secs], 0.0031430 secs]
 [Times: user=0.00 sys=0.00, real=0.00 secs] 
2020-09-29T12:07:47.481+0200: 158.370: [GC cleanup 970M->32M(2048M), 0.0028871 secs]
 [Times: user=0.00 sys=0.00, real=0.00 secs] 
2020-09-29T12:07:47.484+0200: 158.373: [GC concurrent-cleanup-start]
2020-09-29T12:07:47.487+0200: 158.375: [GC concurrent-cleanup-end, 0.0026131 secs]
2020-09-29T12:07:47.619+0200: 158.508: [GC pause (G1 Evacuation Pause) (young), 0.1639190 secs]
   [Parallel Time: 161.2 ms, GC Workers: 8]
      [GC Worker Start (ms): Min: 158508.2, Avg: 158508.4, Max: 158508.5, Diff: 0.2]
      [Ext Root Scanning (ms): Min: 0.1, Avg: 0.2, Max: 0.3, Diff: 0.2, Sum: 1.3]
      [Update RS (ms): Min: 18.8, Avg: 19.5, Max: 20.4, Diff: 1.6, Sum: 155.6]
         [Processed Buffers: Min: 8, Avg: 9.8, Max: 11, Diff: 3, Sum: 78]
      [Scan RS (ms): Min: 10.3, Avg: 11.2, Max: 11.9, Diff: 1.6, Sum: 89.7]
      [Code Root Scanning (ms): Min: 0.0, Avg: 0.0, Max: 0.0, Diff: 0.0, Sum: 0.0]
      [Object Copy (ms): Min: 129.3, Avg: 129.6, Max: 130.0, Diff: 0.7, Sum: 1036.4]
      [Termination (ms): Min: 0.0, Avg: 0.4, Max: 0.5, Diff: 0.5, Sum: 3.0]
         [Termination Attempts: Min: 1, Avg: 1056.5, Max: 1332, Diff: 1331, Sum: 8452]
      [GC Worker Other (ms): Min: 0.0, Avg: 0.0, Max: 0.1, Diff: 0.1, Sum: 0.3]
      [GC Worker Total (ms): Min: 160.7, Avg: 160.8, Max: 160.9, Diff: 0.2, Sum: 1286.4]
      [GC Worker End (ms): Min: 158669.1, Avg: 158669.2, Max: 158669.2, Diff: 0.1]
   [Code Root Fixup: 0.0 ms]
   [Code Root Purge: 0.0 ms]
   [Clear CT: 0.5 ms]
   [Other: 2.3 ms]
      [Choose CSet: 0.0 ms]
      [Ref Proc: 0.5 ms]
      [Ref Enq: 0.0 ms]
      [Redirty Cards: 1.1 ms]
      [Humongous Register: 0.1 ms]
      [Humongous Reclaim: 0.0 ms]
      [Free CSet: 0.2 ms]
   [Eden: 123.0M(123.0M)->0.0B(122.0M) Survivors: 13.0M->17.0M Heap: 165.5M(2048.0M)->155.5M(2048.0M)]
 [Times: user=1.22 sys=0.00, real=0.16 secs] 
2020-09-29T12:07:47.946+0200: 158.835: [GC pause (G1 Evacuation Pause) (young), 0.1722565 secs]
   [Parallel Time: 170.1 ms, GC Workers: 8]
      [GC Worker Start (ms): Min: 158834.7, Avg: 158834.9, Max: 158835.1, Diff: 0.3]
      [Ext Root Scanning (ms): Min: 0.0, Avg: 0.1, Max: 0.3, Diff: 0.3, Sum: 1.0]
      [Update RS (ms): Min: 19.2, Avg: 19.5, Max: 21.2, Diff: 2.0, Sum: 156.4]
         [Processed Buffers: Min: 9, Avg: 10.6, Max: 12, Diff: 3, Sum: 85]
      [Scan RS (ms): Min: 12.2, Avg: 13.8, Max: 14.2, Diff: 2.1, Sum: 110.5]
      [Code Root Scanning (ms): Min: 0.0, Avg: 0.0, Max: 0.0, Diff: 0.0, Sum: 0.0]
      [Object Copy (ms): Min: 135.9, Avg: 136.0, Max: 136.1, Diff: 0.2, Sum: 1087.8]
      [Termination (ms): Min: 0.0, Avg: 0.0, Max: 0.0, Diff: 0.0, Sum: 0.1]
         [Termination Attempts: Min: 1, Avg: 21.3, Max: 33, Diff: 32, Sum: 170]
      [GC Worker Other (ms): Min: 0.0, Avg: 0.1, Max: 0.1, Diff: 0.1, Sum: 0.5]
      [GC Worker Total (ms): Min: 169.4, Avg: 169.5, Max: 169.7, Diff: 0.3, Sum: 1356.2]
      [GC Worker End (ms): Min: 159004.4, Avg: 159004.5, Max: 159004.5, Diff: 0.1]
   [Code Root Fixup: 0.0 ms]
   [Code Root Purge: 0.0 ms]
   [Clear CT: 0.3 ms]
   [Other: 1.8 ms]
      [Choose CSet: 0.0 ms]
      [Ref Proc: 0.4 ms]
      [Ref Enq: 0.0 ms]
      [Redirty Cards: 0.4 ms]
      [Humongous Register: 0.1 ms]
      [Humongous Reclaim: 0.0 ms]
      [Free CSet: 0.4 ms]
   [Eden: 122.0M(122.0M)->0.0B(122.0M) Survivors: 17.0M->18.0M Heap: 298.5M(2048.0M)->300.5M(2048.0M)]
 [Times: user=1.33 sys=0.03, real=0.17 secs] 
2020-09-29T12:07:48.271+0200: 159.160: [GC pause (G1 Evacuation Pause) (young), 0.1724133 secs]
   [Parallel Time: 170.5 ms, GC Workers: 8]
      [GC Worker Start (ms): Min: 159159.7, Avg: 159159.9, Max: 159160.0, Diff: 0.3]
      [Ext Root Scanning (ms): Min: 0.0, Avg: 0.1, Max: 0.3, Diff: 0.3, Sum: 1.1]
      [Update RS (ms): Min: 22.3, Avg: 22.8, Max: 23.8, Diff: 1.4, Sum: 182.0]
         [Processed Buffers: Min: 11, Avg: 12.8, Max: 15, Diff: 4, Sum: 102]
      [Scan RS (ms): Min: 11.6, Avg: 12.5, Max: 12.8, Diff: 1.3, Sum: 100.2]
      [Code Root Scanning (ms): Min: 0.0, Avg: 0.0, Max: 0.0, Diff: 0.0, Sum: 0.0]
      [Object Copy (ms): Min: 134.4, Avg: 134.6, Max: 134.8, Diff: 0.4, Sum: 1076.5]
      [Termination (ms): Min: 0.0, Avg: 0.1, Max: 0.2, Diff: 0.2, Sum: 1.1]
         [Termination Attempts: Min: 1, Avg: 346.4, Max: 426, Diff: 425, Sum: 2771]
      [GC Worker Other (ms): Min: 0.0, Avg: 0.1, Max: 0.1, Diff: 0.1, Sum: 0.6]
      [GC Worker Total (ms): Min: 170.0, Avg: 170.2, Max: 170.4, Diff: 0.4, Sum: 1361.4]
      [GC Worker End (ms): Min: 159330.0, Avg: 159330.1, Max: 159330.1, Diff: 0.1]
   [Code Root Fixup: 0.0 ms]
   [Code Root Purge: 0.0 ms]
   [Clear CT: 0.4 ms]
   [Other: 1.5 ms]
      [Choose CSet: 0.0 ms]
      [Ref Proc: 0.4 ms]
      [Ref Enq: 0.0 ms]
      [Redirty Cards: 0.5 ms]
      [Humongous Register: 0.1 ms]
      [Humongous Reclaim: 0.0 ms]
      [Free CSet: 0.2 ms]
   [Eden: 122.0M(122.0M)->0.0B(124.0M) Survivors: 18.0M->18.0M Heap: 443.4M(2048.0M)->445.4M(2048.0M)]
 [Times: user=1.30 sys=0.02, real=0.17 secs] 
2020-09-29T12:07:48.577+0200: 159.466: [GC pause (G1 Evacuation Pause) (young), 0.0708481 secs]
   [Parallel Time: 69.9 ms, GC Workers: 8]
      [GC Worker Start (ms): Min: 159466.2, Avg: 159466.2, Max: 159466.3, Diff: 0.2]
      [Ext Root Scanning (ms): Min: 0.0, Avg: 0.1, Max: 0.2, Diff: 0.2, Sum: 0.6]
      [Update RS (ms): Min: 9.8, Avg: 10.1, Max: 10.6, Diff: 0.8, Sum: 81.1]
         [Processed Buffers: Min: 10, Avg: 10.8, Max: 11, Diff: 1, Sum: 86]
      [Scan RS (ms): Min: 4.7, Avg: 5.2, Max: 5.6, Diff: 0.8, Sum: 41.8]
      [Code Root Scanning (ms): Min: 0.0, Avg: 0.0, Max: 0.0, Diff: 0.0, Sum: 0.0]
      [Object Copy (ms): Min: 54.1, Avg: 54.2, Max: 54.2, Diff: 0.1, Sum: 433.2]
      [Termination (ms): Min: 0.0, Avg: 0.0, Max: 0.0, Diff: 0.0, Sum: 0.2]
         [Termination Attempts: Min: 1, Avg: 189.3, Max: 236, Diff: 235, Sum: 1514]
      [GC Worker Other (ms): Min: 0.0, Avg: 0.0, Max: 0.0, Diff: 0.0, Sum: 0.2]
      [GC Worker Total (ms): Min: 69.5, Avg: 69.6, Max: 69.7, Diff: 0.2, Sum: 557.2]
      [GC Worker End (ms): Min: 159535.9, Avg: 159535.9, Max: 159535.9, Diff: 0.0]
   [Code Root Fixup: 0.0 ms]
   [Code Root Purge: 0.0 ms]
   [Clear CT: 0.2 ms]
   [Other: 0.8 ms]
      [Choose CSet: 0.0 ms]
      [Ref Proc: 0.2 ms]
      [Ref Enq: 0.0 ms]
      [Redirty Cards: 0.2 ms]
      [Humongous Register: 0.0 ms]
      [Humongous Reclaim: 0.0 ms]
      [Free CSet: 0.2 ms]
   [Eden: 124.0M(124.0M)->0.0B(143.0M) Survivors: 18.0M->18.0M Heap: 588.5M(2048.0M)->589.5M(2048.0M)]
 [Times: user=0.63 sys=0.00, real=0.07 secs] 
2020-09-29T12:07:48.727+0200: 159.616: [GC pause (G1 Evacuation Pause) (young), 0.0801284 secs]
   [Parallel Time: 79.2 ms, GC Workers: 8]
      [GC Worker Start (ms): Min: 159615.7, Avg: 159615.7, Max: 159615.8, Diff: 0.1]
      [Ext Root Scanning (ms): Min: 0.0, Avg: 0.1, Max: 0.1, Diff: 0.1, Sum: 0.6]
      [Update RS (ms): Min: 8.2, Avg: 8.4, Max: 8.8, Diff: 0.7, Sum: 66.8]
         [Processed Buffers: Min: 10, Avg: 10.9, Max: 13, Diff: 3, Sum: 87]
      [Scan RS (ms): Min: 6.4, Avg: 6.9, Max: 7.0, Diff: 0.6, Sum: 54.9]
      [Code Root Scanning (ms): Min: 0.0, Avg: 0.0, Max: 0.0, Diff: 0.0, Sum: 0.0]
      [Object Copy (ms): Min: 63.7, Avg: 63.8, Max: 63.8, Diff: 0.1, Sum: 510.2]
      [Termination (ms): Min: 0.0, Avg: 0.0, Max: 0.0, Diff: 0.0, Sum: 0.0]
         [Termination Attempts: Min: 1, Avg: 6.0, Max: 10, Diff: 9, Sum: 48]
      [GC Worker Other (ms): Min: 0.0, Avg: 0.0, Max: 0.1, Diff: 0.0, Sum: 0.2]
      [GC Worker Total (ms): Min: 79.1, Avg: 79.1, Max: 79.1, Diff: 0.1, Sum: 632.7]
      [GC Worker End (ms): Min: 159694.8, Avg: 159694.8, Max: 159694.8, Diff: 0.0]
   [Code Root Fixup: 0.0 ms]
   [Code Root Purge: 0.0 ms]
   [Clear CT: 0.2 ms]
   [Other: 0.8 ms]
      [Choose CSet: 0.0 ms]
      [Ref Proc: 0.2 ms]
      [Ref Enq: 0.0 ms]
      [Redirty Cards: 0.2 ms]
      [Humongous Register: 0.0 ms]
      [Humongous Reclaim: 0.0 ms]
      [Free CSet: 0.2 ms]
   [Eden: 143.0M(143.0M)->0.0B(167.0M) Survivors: 18.0M->21.0M Heap: 757.3M(2048.0M)->759.3M(2048.0M)]
 [Times: user=0.63 sys=0.00, real=0.08 secs] 
2020-09-29T12:07:48.898+0200: 159.787: [GC pause (G1 Evacuation Pause) (young), 0.1037093 secs]
   [Parallel Time: 102.8 ms, GC Workers: 8]
      [GC Worker Start (ms): Min: 159787.0, Avg: 159787.0, Max: 159787.1, Diff: 0.1]
      [Ext Root Scanning (ms): Min: 0.0, Avg: 0.1, Max: 0.1, Diff: 0.1, Sum: 0.7]
      [Update RS (ms): Min: 13.9, Avg: 14.4, Max: 15.0, Diff: 1.1, Sum: 115.2]
         [Processed Buffers: Min: 14, Avg: 14.3, Max: 15, Diff: 1, Sum: 114]
      [Scan RS (ms): Min: 7.6, Avg: 8.2, Max: 8.7, Diff: 1.1, Sum: 65.2]
      [Code Root Scanning (ms): Min: 0.0, Avg: 0.0, Max: 0.0, Diff: 0.0, Sum: 0.0]
      [Object Copy (ms): Min: 79.9, Avg: 80.0, Max: 80.0, Diff: 0.1, Sum: 639.8]
      [Termination (ms): Min: 0.0, Avg: 0.1, Max: 0.1, Diff: 0.1, Sum: 0.6]
         [Termination Attempts: Min: 1, Avg: 496.0, Max: 631, Diff: 630, Sum: 3968]
      [GC Worker Other (ms): Min: 0.0, Avg: 0.0, Max: 0.1, Diff: 0.1, Sum: 0.3]
      [GC Worker Total (ms): Min: 102.7, Avg: 102.7, Max: 102.8, Diff: 0.1, Sum: 821.7]
      [GC Worker End (ms): Min: 159889.7, Avg: 159889.7, Max: 159889.8, Diff: 0.0]
   [Code Root Fixup: 0.0 ms]
   [Code Root Purge: 0.0 ms]
   [Clear CT: 0.1 ms]
   [Other: 0.7 ms]
      [Choose CSet: 0.0 ms]
      [Ref Proc: 0.1 ms]
      [Ref Enq: 0.0 ms]
      [Redirty Cards: 0.2 ms]
      [Humongous Register: 0.0 ms]
      [Humongous Reclaim: 0.0 ms]
      [Free CSet: 0.2 ms]
   [Eden: 167.0M(167.0M)->0.0B(189.0M) Survivors: 21.0M->24.0M Heap: 953.0M(2048.0M)->954.5M(2048.0M)]
 [Times: user=0.75 sys=0.00, real=0.10 secs] 
2020-09-29T12:07:49.002+0200: 159.891: [GC pause (G1 Humongous Allocation) (young) (initial-mark), 0.0389710 secs]
   [Parallel Time: 37.8 ms, GC Workers: 8]
      [GC Worker Start (ms): Min: 159891.0, Avg: 159891.1, Max: 159891.2, Diff: 0.1]
      [Ext Root Scanning (ms): Min: 0.0, Avg: 0.1, Max: 0.2, Diff: 0.2, Sum: 1.0]
      [Update RS (ms): Min: 24.8, Avg: 25.0, Max: 25.2, Diff: 0.4, Sum: 199.9]
         [Processed Buffers: Min: 30, Avg: 32.1, Max: 33, Diff: 3, Sum: 257]
      [Scan RS (ms): Min: 0.0, Avg: 0.0, Max: 0.0, Diff: 0.0, Sum: 0.0]
      [Code Root Scanning (ms): Min: 0.0, Avg: 0.0, Max: 0.0, Diff: 0.0, Sum: 0.0]
      [Object Copy (ms): Min: 12.4, Avg: 12.6, Max: 12.8, Diff: 0.4, Sum: 100.4]
      [Termination (ms): Min: 0.0, Avg: 0.0, Max: 0.0, Diff: 0.0, Sum: 0.3]
         [Termination Attempts: Min: 1, Avg: 227.0, Max: 274, Diff: 273, Sum: 1816]
      [GC Worker Other (ms): Min: 0.0, Avg: 0.0, Max: 0.0, Diff: 0.0, Sum: 0.1]
      [GC Worker Total (ms): Min: 37.6, Avg: 37.7, Max: 37.8, Diff: 0.1, Sum: 301.8]
      [GC Worker End (ms): Min: 159928.8, Avg: 159928.8, Max: 159928.8, Diff: 0.0]
   [Code Root Fixup: 0.0 ms]
   [Code Root Purge: 0.0 ms]
   [Clear CT: 0.3 ms]
   [Other: 0.9 ms]
      [Choose CSet: 0.0 ms]
      [Ref Proc: 0.3 ms]
      [Ref Enq: 0.0 ms]
      [Redirty Cards: 0.3 ms]
      [Humongous Register: 0.0 ms]
      [Humongous Reclaim: 0.0 ms]
      [Free CSet: 0.0 ms]
   [Eden: 1024.0K(189.0M)->0.0B(244.0M) Survivors: 24.0M->2048.0K Heap: 955.0M(2048.0M)->957.0M(2048.0M)]
 [Times: user=0.38 sys=0.00, real=0.04 secs] 
2020-09-29T12:07:49.041+0200: 159.930: [GC concurrent-root-region-scan-start]
2020-09-29T12:07:49.041+0200: 159.930: [GC concurrent-root-region-scan-end, 0.0000977 secs]
2020-09-29T12:07:49.041+0200: 159.930: [GC concurrent-mark-start]
2020-09-29T12:07:49.044+0200: 159.933: [GC concurrent-mark-end, 0.0024035 secs]
2020-09-29T12:07:49.044+0200: 159.933: [GC remark 2020-09-29T12:07:49.044+0200: 159.933: [Finalize Marking, 0.0003292 secs] 2020-09-29T12:07:49.044+0200: 159.933: [GC ref-proc, 0.0002986 secs] 2020-09-29T12:07:49.045+0200: 159.933: [Unloading, 0.0004238 secs], 0.0013129 secs]
 [Times: user=0.00 sys=0.00, real=0.00 secs] 
2020-09-29T12:07:49.046+0200: 159.934: [GC cleanup 964M->18M(2048M), 0.0015576 secs]
 [Times: user=0.00 sys=0.00, real=0.00 secs] 
2020-09-29T12:07:49.047+0200: 159.936: [GC concurrent-cleanup-start]
2020-09-29T12:07:49.048+0200: 159.937: [GC concurrent-cleanup-end, 0.0010386 secs]
2020-09-29T12:07:49.176+0200: 160.065: [GC pause (G1 Evacuation Pause) (young), 0.1639413 secs]
   [Parallel Time: 162.8 ms, GC Workers: 8]
      [GC Worker Start (ms): Min: 160064.7, Avg: 160064.8, Max: 160064.9, Diff: 0.2]
      [Ext Root Scanning (ms): Min: 0.0, Avg: 0.1, Max: 0.2, Diff: 0.2, Sum: 0.5]
      [Update RS (ms): Min: 11.5, Avg: 11.5, Max: 11.6, Diff: 0.1, Sum: 92.4]
         [Processed Buffers: Min: 12, Avg: 13.0, Max: 14, Diff: 2, Sum: 104]
      [Scan RS (ms): Min: 13.5, Avg: 13.5, Max: 13.6, Diff: 0.1, Sum: 108.2]
      [Code Root Scanning (ms): Min: 0.0, Avg: 0.0, Max: 0.0, Diff: 0.0, Sum: 0.0]
      [Object Copy (ms): Min: 137.2, Avg: 137.2, Max: 137.3, Diff: 0.1, Sum: 1097.9]
      [Termination (ms): Min: 0.0, Avg: 0.1, Max: 0.2, Diff: 0.2, Sum: 1.0]
         [Termination Attempts: Min: 1, Avg: 515.4, Max: 717, Diff: 716, Sum: 4123]
      [GC Worker Other (ms): Min: 0.0, Avg: 0.0, Max: 0.0, Diff: 0.0, Sum: 0.1]
      [GC Worker Total (ms): Min: 162.4, Avg: 162.5, Max: 162.6, Diff: 0.2, Sum: 1300.2]
      [GC Worker End (ms): Min: 160227.4, Avg: 160227.4, Max: 160227.4, Diff: 0.0]
   [Code Root Fixup: 0.0 ms]
   [Code Root Purge: 0.0 ms]
   [Clear CT: 0.3 ms]
   [Other: 0.9 ms]
      [Choose CSet: 0.0 ms]
      [Ref Proc: 0.1 ms]
      [Ref Enq: 0.0 ms]
      [Redirty Cards: 0.2 ms]
      [Humongous Register: 0.0 ms]
      [Humongous Reclaim: 0.0 ms]
      [Free CSet: 0.3 ms]
   [Eden: 244.0M(244.0M)->0.0B(211.0M) Survivors: 2048.0K->31.0M Heap: 296.5M(2048.0M)->298.0M(2048.0M)]
 [Times: user=1.22 sys=0.00, real=0.16 secs] 
2020-09-29T12:07:49.478+0200: 160.367: [GC pause (G1 Evacuation Pause) (young), 0.1405674 secs]
   [Parallel Time: 138.8 ms, GC Workers: 8]
      [GC Worker Start (ms): Min: 160366.9, Avg: 160367.0, Max: 160367.1, Diff: 0.2]
      [Ext Root Scanning (ms): Min: 0.0, Avg: 0.1, Max: 0.1, Diff: 0.1, Sum: 0.7]
      [Update RS (ms): Min: 17.0, Avg: 18.4, Max: 27.2, Diff: 10.2, Sum: 147.0]
         [Processed Buffers: Min: 0, Avg: 15.3, Max: 18, Diff: 18, Sum: 122]
      [Scan RS (ms): Min: 3.0, Avg: 11.8, Max: 13.2, Diff: 10.2, Sum: 94.1]
      [Code Root Scanning (ms): Min: 0.0, Avg: 0.0, Max: 0.0, Diff: 0.0, Sum: 0.0]
      [Object Copy (ms): Min: 108.2, Avg: 108.3, Max: 108.4, Diff: 0.1, Sum: 866.7]
      [Termination (ms): Min: 0.0, Avg: 0.0, Max: 0.0, Diff: 0.0, Sum: 0.1]
         [Termination Attempts: Min: 1, Avg: 121.3, Max: 151, Diff: 150, Sum: 970]
      [GC Worker Other (ms): Min: 0.0, Avg: 0.0, Max: 0.1, Diff: 0.0, Sum: 0.3]
      [GC Worker Total (ms): Min: 138.5, Avg: 138.6, Max: 138.7, Diff: 0.2, Sum: 1108.9]
      [GC Worker End (ms): Min: 160505.6, Avg: 160505.6, Max: 160505.6, Diff: 0.0]
   [Code Root Fixup: 0.0 ms]
   [Code Root Purge: 0.0 ms]
   [Clear CT: 0.1 ms]
   [Other: 1.6 ms]
      [Choose CSet: 0.0 ms]
      [Ref Proc: 0.2 ms]
      [Ref Enq: 0.0 ms]
      [Redirty Cards: 0.9 ms]
      [Humongous Register: 0.0 ms]
      [Humongous Reclaim: 0.0 ms]
      [Free CSet: 0.2 ms]
   [Eden: 211.0M(211.0M)->0.0B(220.0M) Survivors: 31.0M->31.0M Heap: 543.3M(2048.0M)->545.8M(2048.0M)]
 [Times: user=1.06 sys=0.01, real=0.14 secs] 
2020-09-29T12:07:49.755+0200: 160.644: [GC pause (G1 Evacuation Pause) (young), 0.1246634 secs]
   [Parallel Time: 123.7 ms, GC Workers: 8]
      [GC Worker Start (ms): Min: 160644.2, Avg: 160644.6, Max: 160647.0, Diff: 2.8]
      [Ext Root Scanning (ms): Min: 0.0, Avg: 0.1, Max: 0.1, Diff: 0.1, Sum: 0.6]
      [Update RS (ms): Min: 11.0, Avg: 13.4, Max: 14.4, Diff: 3.4, Sum: 107.6]
         [Processed Buffers: Min: 14, Avg: 15.5, Max: 18, Diff: 4, Sum: 124]
      [Scan RS (ms): Min: 9.8, Avg: 10.4, Max: 10.6, Diff: 0.8, Sum: 83.6]
      [Code Root Scanning (ms): Min: 0.0, Avg: 0.0, Max: 0.0, Diff: 0.0, Sum: 0.0]
      [Object Copy (ms): Min: 99.1, Avg: 99.1, Max: 99.1, Diff: 0.1, Sum: 792.8]
      [Termination (ms): Min: 0.0, Avg: 0.0, Max: 0.1, Diff: 0.1, Sum: 0.3]
         [Termination Attempts: Min: 1, Avg: 312.8, Max: 406, Diff: 405, Sum: 2502]
      [GC Worker Other (ms): Min: 0.0, Avg: 0.0, Max: 0.0, Diff: 0.0, Sum: 0.2]
      [GC Worker Total (ms): Min: 120.7, Avg: 123.1, Max: 123.6, Diff: 2.9, Sum: 985.2]
      [GC Worker End (ms): Min: 160767.7, Avg: 160767.7, Max: 160767.7, Diff: 0.0]
   [Code Root Fixup: 0.0 ms]
   [Code Root Purge: 0.0 ms]
   [Clear CT: 0.2 ms]
   [Other: 0.8 ms]
      [Choose CSet: 0.0 ms]
      [Ref Proc: 0.2 ms]
      [Ref Enq: 0.0 ms]
      [Redirty Cards: 0.2 ms]
      [Humongous Register: 0.0 ms]
      [Humongous Reclaim: 0.0 ms]
      [Free CSet: 0.2 ms]
   [Eden: 212.0M(212.0M)->0.0B(247.0M) Survivors: 31.0M->31.0M Heap: 794.0M(2048.0M)->796.0M(2048.0M)]
 [Times: user=0.89 sys=0.00, real=0.13 secs] 
2020-09-29T12:07:50.029+0200: 160.918: [GC pause (G1 Evacuation Pause) (young), 0.1770661 secs]
   [Parallel Time: 175.9 ms, GC Workers: 8]
      [GC Worker Start (ms): Min: 160918.4, Avg: 160918.5, Max: 160918.6, Diff: 0.2]
      [Ext Root Scanning (ms): Min: 0.0, Avg: 0.1, Max: 0.1, Diff: 0.1, Sum: 0.5]
      [Update RS (ms): Min: 14.2, Avg: 14.3, Max: 14.6, Diff: 0.4, Sum: 114.7]
         [Processed Buffers: Min: 16, Avg: 17.6, Max: 19, Diff: 3, Sum: 141]
      [Scan RS (ms): Min: 11.0, Avg: 11.3, Max: 11.4, Diff: 0.5, Sum: 90.1]
      [Code Root Scanning (ms): Min: 0.0, Avg: 0.0, Max: 0.0, Diff: 0.0, Sum: 0.0]
      [Object Copy (ms): Min: 149.6, Avg: 149.7, Max: 150.0, Diff: 0.4, Sum: 1197.5]
      [Termination (ms): Min: 0.0, Avg: 0.3, Max: 0.4, Diff: 0.4, Sum: 2.5]
         [Termination Attempts: Min: 1, Avg: 1836.4, Max: 2353, Diff: 2352, Sum: 14691]
      [GC Worker Other (ms): Min: 0.0, Avg: 0.0, Max: 0.0, Diff: 0.0, Sum: 0.2]
      [GC Worker Total (ms): Min: 175.6, Avg: 175.7, Max: 175.8, Diff: 0.2, Sum: 1405.5]
      [GC Worker End (ms): Min: 161094.2, Avg: 161094.2, Max: 161094.2, Diff: 0.0]
   [Code Root Fixup: 0.0 ms]
   [Code Root Purge: 0.0 ms]
   [Clear CT: 0.2 ms]
   [Other: 1.0 ms]
      [Choose CSet: 0.0 ms]
      [Ref Proc: 0.2 ms]
      [Ref Enq: 0.0 ms]
      [Redirty Cards: 0.2 ms]
      [Humongous Register: 0.1 ms]
      [Humongous Reclaim: 0.0 ms]
      [Free CSet: 0.3 ms]
   [Eden: 247.0M(247.0M)->0.0B(238.0M) Survivors: 31.0M->35.0M Heap: 1083.1M(2048.0M)->1086.1M(2048.0M)]
 [Times: user=1.22 sys=0.00, real=0.18 secs] 
2020-09-29T12:07:50.224+0200: 161.113: [GC pause (G1 Humongous Allocation) (young) (initial-mark), 0.0449479 secs]
   [Parallel Time: 44.0 ms, GC Workers: 8]
      [GC Worker Start (ms): Min: 161113.5, Avg: 161113.6, Max: 161113.7, Diff: 0.1]
      [Ext Root Scanning (ms): Min: 0.0, Avg: 0.2, Max: 0.5, Diff: 0.5, Sum: 1.3]
      [Update RS (ms): Min: 20.8, Avg: 21.1, Max: 21.5, Diff: 0.7, Sum: 168.8]
         [Processed Buffers: Min: 22, Avg: 24.3, Max: 26, Diff: 4, Sum: 194]
      [Scan RS (ms): Min: 1.7, Avg: 2.2, Max: 2.5, Diff: 0.8, Sum: 17.3]
      [Code Root Scanning (ms): Min: 0.0, Avg: 0.0, Max: 0.0, Diff: 0.0, Sum: 0.0]
      [Object Copy (ms): Min: 20.2, Avg: 20.3, Max: 20.4, Diff: 0.2, Sum: 162.3]
      [Termination (ms): Min: 0.0, Avg: 0.2, Max: 0.2, Diff: 0.2, Sum: 1.4]
         [Termination Attempts: Min: 1, Avg: 831.3, Max: 1112, Diff: 1111, Sum: 6650]
      [GC Worker Other (ms): Min: 0.0, Avg: 0.0, Max: 0.0, Diff: 0.0, Sum: 0.1]
      [GC Worker Total (ms): Min: 43.8, Avg: 43.9, Max: 44.0, Diff: 0.1, Sum: 351.2]
      [GC Worker End (ms): Min: 161157.4, Avg: 161157.5, Max: 161157.5, Diff: 0.1]
   [Code Root Fixup: 0.0 ms]
   [Code Root Purge: 0.0 ms]
   [Clear CT: 0.2 ms]
   [Other: 0.8 ms]
      [Choose CSet: 0.0 ms]
      [Ref Proc: 0.2 ms]
      [Ref Enq: 0.0 ms]
      [Redirty Cards: 0.2 ms]
      [Humongous Register: 0.1 ms]
      [Humongous Reclaim: 0.0 ms]
      [Free CSet: 0.1 ms]
   [Eden: 2048.0K(238.0M)->0.0B(281.0M) Survivors: 35.0M->4096.0K Heap: 1088.1M(2048.0M)->1091.6M(2048.0M)]
 [Times: user=0.25 sys=0.00, real=0.05 secs] 
2020-09-29T12:07:50.269+0200: 161.158: [GC concurrent-root-region-scan-start]
2020-09-29T12:07:50.270+0200: 161.159: [GC concurrent-root-region-scan-end, 0.0006214 secs]
2020-09-29T12:07:50.270+0200: 161.159: [GC concurrent-mark-start]
2020-09-29T12:07:50.273+0200: 161.162: [GC concurrent-mark-end, 0.0028677 secs]
2020-09-29T12:07:50.273+0200: 161.162: [GC remark 2020-09-29T12:07:50.273+0200: 161.162: [Finalize Marking, 0.0004144 secs] 2020-09-29T12:07:50.273+0200: 161.163: [GC ref-proc, 0.0003939 secs] 2020-09-29T12:07:50.274+0200: 161.163: [Unloading, 0.0005391 secs], 0.0017304 secs]
 [Times: user=0.00 sys=0.00, real=0.00 secs] 
2020-09-29T12:07:50.275+0200: 161.164: [GC cleanup 1099M->20M(2048M), 0.0014723 secs]
 [Times: user=0.00 sys=0.00, real=0.00 secs] 
2020-09-29T12:07:50.277+0200: 161.166: [GC concurrent-cleanup-start]
2020-09-29T12:07:50.279+0200: 161.168: [GC concurrent-cleanup-end, 0.0019761 secs]
2020-09-29T12:07:50.436+0200: 161.326: [GC pause (G1 Evacuation Pause) (young), 0.1935843 secs]
   [Parallel Time: 192.4 ms, GC Workers: 8]
      [GC Worker Start (ms): Min: 161325.9, Avg: 161326.0, Max: 161326.1, Diff: 0.2]
      [Ext Root Scanning (ms): Min: 0.0, Avg: 0.1, Max: 0.2, Diff: 0.2, Sum: 0.8]
      [Update RS (ms): Min: 15.2, Avg: 15.3, Max: 15.6, Diff: 0.4, Sum: 122.8]
         [Processed Buffers: Min: 15, Avg: 16.4, Max: 19, Diff: 4, Sum: 131]
      [Scan RS (ms): Min: 12.2, Avg: 12.5, Max: 12.8, Diff: 0.6, Sum: 100.1]
      [Code Root Scanning (ms): Min: 0.0, Avg: 0.0, Max: 0.0, Diff: 0.0, Sum: 0.0]
      [Object Copy (ms): Min: 163.6, Avg: 163.8, Max: 164.2, Diff: 0.6, Sum: 1310.7]
      [Termination (ms): Min: 0.1, Avg: 0.3, Max: 0.7, Diff: 0.6, Sum: 2.6]
         [Termination Attempts: Min: 1, Avg: 1461.1, Max: 2147, Diff: 2146, Sum: 11689]
      [GC Worker Other (ms): Min: 0.0, Avg: 0.0, Max: 0.0, Diff: 0.0, Sum: 0.1]
      [GC Worker Total (ms): Min: 192.0, Avg: 192.1, Max: 192.2, Diff: 0.2, Sum: 1537.1]
      [GC Worker End (ms): Min: 161518.1, Avg: 161518.1, Max: 161518.2, Diff: 0.1]
   [Code Root Fixup: 0.0 ms]
   [Code Root Purge: 0.0 ms]
   [Clear CT: 0.2 ms]
   [Other: 1.1 ms]
      [Choose CSet: 0.0 ms]
      [Ref Proc: 0.2 ms]
      [Ref Enq: 0.0 ms]
      [Redirty Cards: 0.2 ms]
      [Humongous Register: 0.0 ms]
      [Humongous Reclaim: 0.0 ms]
      [Free CSet: 0.3 ms]
   [Eden: 281.0M(281.0M)->0.0B(240.0M) Survivors: 4096.0K->36.0M Heap: 341.2M(2048.0M)->339.2M(2048.0M)]
 [Times: user=1.38 sys=0.02, real=0.19 secs] 
2020-09-29T12:07:50.784+0200: 161.674: [GC pause (G1 Evacuation Pause) (young), 0.1440460 secs]
   [Parallel Time: 142.9 ms, GC Workers: 8]
      [GC Worker Start (ms): Min: 161673.8, Avg: 161673.8, Max: 161673.8, Diff: 0.1]
      [Ext Root Scanning (ms): Min: 0.0, Avg: 0.1, Max: 0.1, Diff: 0.1, Sum: 0.6]
      [Update RS (ms): Min: 18.3, Avg: 18.6, Max: 19.0, Diff: 0.7, Sum: 148.6]
         [Processed Buffers: Min: 19, Avg: 20.1, Max: 22, Diff: 3, Sum: 161]
      [Scan RS (ms): Min: 15.1, Avg: 15.6, Max: 15.8, Diff: 0.7, Sum: 124.6]
      [Code Root Scanning (ms): Min: 0.0, Avg: 0.0, Max: 0.0, Diff: 0.0, Sum: 0.0]
      [Object Copy (ms): Min: 108.4, Avg: 108.5, Max: 108.5, Diff: 0.2, Sum: 867.7]
      [Termination (ms): Min: 0.0, Avg: 0.1, Max: 0.1, Diff: 0.1, Sum: 0.5]
         [Termination Attempts: Min: 1, Avg: 466.4, Max: 670, Diff: 669, Sum: 3731]
      [GC Worker Other (ms): Min: 0.0, Avg: 0.0, Max: 0.1, Diff: 0.0, Sum: 0.2]
      [GC Worker Total (ms): Min: 142.7, Avg: 142.8, Max: 142.8, Diff: 0.1, Sum: 1142.3]
      [GC Worker End (ms): Min: 161816.6, Avg: 161816.6, Max: 161816.6, Diff: 0.0]
   [Code Root Fixup: 0.0 ms]
   [Code Root Purge: 0.0 ms]
   [Clear CT: 0.2 ms]
   [Other: 1.0 ms]
      [Choose CSet: 0.0 ms]
      [Ref Proc: 0.2 ms]
      [Ref Enq: 0.0 ms]
      [Redirty Cards: 0.2 ms]
      [Humongous Register: 0.0 ms]
      [Humongous Reclaim: 0.0 ms]
      [Free CSet: 0.3 ms]
   [Eden: 240.0M(240.0M)->0.0B(251.0M) Survivors: 36.0M->35.0M Heap: 619.2M(2048.0M)->621.2M(2048.0M)]
 [Times: user=1.20 sys=0.05, real=0.14 secs] 
2020-09-29T12:07:51.085+0200: 161.975: [GC pause (G1 Evacuation Pause) (young), 0.1412892 secs]
   [Parallel Time: 140.2 ms, GC Workers: 8]
      [GC Worker Start (ms): Min: 161974.7, Avg: 161974.8, Max: 161974.8, Diff: 0.1]
      [Ext Root Scanning (ms): Min: 0.0, Avg: 0.1, Max: 0.2, Diff: 0.1, Sum: 0.6]
      [Update RS (ms): Min: 18.2, Avg: 18.4, Max: 19.1, Diff: 0.8, Sum: 147.1]
         [Processed Buffers: Min: 19, Avg: 21.8, Max: 23, Diff: 4, Sum: 174]
      [Scan RS (ms): Min: 10.6, Avg: 11.2, Max: 11.4, Diff: 0.8, Sum: 89.3]
      [Code Root Scanning (ms): Min: 0.0, Avg: 0.0, Max: 0.0, Diff: 0.0, Sum: 0.0]
      [Object Copy (ms): Min: 110.1, Avg: 110.2, Max: 110.4, Diff: 0.2, Sum: 882.0]
      [Termination (ms): Min: 0.0, Avg: 0.1, Max: 0.2, Diff: 0.2, Sum: 0.8]
         [Termination Attempts: Min: 1, Avg: 659.3, Max: 781, Diff: 780, Sum: 5274]
      [GC Worker Other (ms): Min: 0.0, Avg: 0.0, Max: 0.1, Diff: 0.1, Sum: 0.3]
      [GC Worker Total (ms): Min: 140.0, Avg: 140.0, Max: 140.1, Diff: 0.2, Sum: 1120.2]
      [GC Worker End (ms): Min: 162114.8, Avg: 162114.8, Max: 162114.8, Diff: 0.1]
   [Code Root Fixup: 0.0 ms]
   [Code Root Purge: 0.0 ms]
   [Clear CT: 0.2 ms]
   [Other: 0.9 ms]
      [Choose CSet: 0.0 ms]
      [Ref Proc: 0.2 ms]
      [Ref Enq: 0.0 ms]
      [Redirty Cards: 0.2 ms]
      [Humongous Register: 0.0 ms]
      [Humongous Reclaim: 0.0 ms]
      [Free CSet: 0.3 ms]
   [Eden: 251.0M(251.0M)->0.0B(270.0M) Survivors: 35.0M->36.0M Heap: 914.2M(2048.0M)->915.7M(2048.0M)]
 [Times: user=1.09 sys=0.01, real=0.14 secs] 
2020-09-29T12:07:51.334+0200: 162.223: [GC pause (G1 Humongous Allocation) (young) (initial-mark), 0.1268714 secs]
   [Parallel Time: 125.8 ms, GC Workers: 8]
      [GC Worker Start (ms): Min: 162223.0, Avg: 162223.1, Max: 162223.2, Diff: 0.2]
      [Ext Root Scanning (ms): Min: 0.0, Avg: 0.1, Max: 0.3, Diff: 0.3, Sum: 1.1]
      [Update RS (ms): Min: 21.3, Avg: 21.7, Max: 21.9, Diff: 0.6, Sum: 173.3]
         [Processed Buffers: Min: 24, Avg: 25.0, Max: 26, Diff: 2, Sum: 200]
      [Scan RS (ms): Min: 5.6, Avg: 5.9, Max: 6.3, Diff: 0.6, Sum: 46.9]
      [Code Root Scanning (ms): Min: 0.0, Avg: 0.0, Max: 0.0, Diff: 0.0, Sum: 0.0]
      [Object Copy (ms): Min: 97.8, Avg: 97.9, Max: 97.9, Diff: 0.1, Sum: 782.9]
      [Termination (ms): Min: 0.0, Avg: 0.1, Max: 0.1, Diff: 0.1, Sum: 0.6]
         [Termination Attempts: Min: 1, Avg: 512.8, Max: 635, Diff: 634, Sum: 4102]
      [GC Worker Other (ms): Min: 0.0, Avg: 0.0, Max: 0.1, Diff: 0.1, Sum: 0.3]
      [GC Worker Total (ms): Min: 125.5, Avg: 125.6, Max: 125.7, Diff: 0.2, Sum: 1005.1]
      [GC Worker End (ms): Min: 162348.7, Avg: 162348.8, Max: 162348.8, Diff: 0.1]
   [Code Root Fixup: 0.0 ms]
   [Code Root Purge: 0.0 ms]
   [Clear CT: 0.1 ms]
   [Other: 0.9 ms]
      [Choose CSet: 0.0 ms]
      [Ref Proc: 0.2 ms]
      [Ref Enq: 0.0 ms]
      [Redirty Cards: 0.2 ms]
      [Humongous Register: 0.0 ms]
      [Humongous Reclaim: 0.0 ms]
      [Free CSet: 0.2 ms]
   [Eden: 201.0M(270.0M)->0.0B(285.0M) Survivors: 36.0M->39.0M Heap: 1149.1M(2048.0M)->1150.1M(2048.0M)]
 [Times: user=0.94 sys=0.00, real=0.13 secs] 
2020-09-29T12:07:51.460+0200: 162.350: [GC concurrent-root-region-scan-start]
2020-09-29T12:07:51.474+0200: 162.364: [GC concurrent-root-region-scan-end, 0.0137133 secs]
2020-09-29T12:07:51.474+0200: 162.364: [GC concurrent-mark-start]
2020-09-29T12:07:51.477+0200: 162.367: [GC concurrent-mark-end, 0.0031560 secs]
2020-09-29T12:07:51.478+0200: 162.367: [GC remark 2020-09-29T12:07:51.478+0200: 162.367: [Finalize Marking, 0.0002574 secs] 2020-09-29T12:07:51.478+0200: 162.368: [GC ref-proc, 0.0003422 secs] 2020-09-29T12:07:51.478+0200: 162.368: [Unloading, 0.0005166 secs], 0.0015727 secs]
 [Times: user=0.00 sys=0.00, real=0.00 secs] 
2020-09-29T12:07:51.480+0200: 162.369: [GC cleanup 1169M->67M(2048M), 0.0017557 secs]
 [Times: user=0.00 sys=0.00, real=0.00 secs] 
2020-09-29T12:07:51.482+0200: 162.371: [GC concurrent-cleanup-start]
2020-09-29T12:07:51.483+0200: 162.373: [GC concurrent-cleanup-end, 0.0016750 secs]
2020-09-29T12:07:51.624+0200: 162.513: [GC pause (G1 Evacuation Pause) (young), 0.1460915 secs]
   [Parallel Time: 144.8 ms, GC Workers: 8]
      [GC Worker Start (ms): Min: 162513.1, Avg: 162513.4, Max: 162514.4, Diff: 1.2]
      [Ext Root Scanning (ms): Min: 0.0, Avg: 0.1, Max: 0.2, Diff: 0.2, Sum: 0.6]
      [Update RS (ms): Min: 13.1, Avg: 14.4, Max: 14.8, Diff: 1.8, Sum: 115.3]
         [Processed Buffers: Min: 14, Avg: 15.6, Max: 18, Diff: 4, Sum: 125]
      [Scan RS (ms): Min: 12.5, Avg: 12.7, Max: 13.2, Diff: 0.7, Sum: 101.9]
      [Code Root Scanning (ms): Min: 0.0, Avg: 0.0, Max: 0.0, Diff: 0.0, Sum: 0.0]
      [Object Copy (ms): Min: 116.9, Avg: 117.0, Max: 117.1, Diff: 0.2, Sum: 935.9]
      [Termination (ms): Min: 0.0, Avg: 0.2, Max: 0.2, Diff: 0.2, Sum: 1.4]
         [Termination Attempts: Min: 1, Avg: 1250.5, Max: 1583, Diff: 1582, Sum: 10004]
      [GC Worker Other (ms): Min: 0.0, Avg: 0.1, Max: 0.1, Diff: 0.1, Sum: 0.5]
      [GC Worker Total (ms): Min: 143.5, Avg: 144.5, Max: 144.7, Diff: 1.2, Sum: 1155.7]
      [GC Worker End (ms): Min: 162657.8, Avg: 162657.9, Max: 162657.9, Diff: 0.1]
   [Code Root Fixup: 0.0 ms]
   [Code Root Purge: 0.0 ms]
   [Clear CT: 0.2 ms]
   [Other: 1.0 ms]
      [Choose CSet: 0.0 ms]
      [Ref Proc: 0.2 ms]
      [Ref Enq: 0.0 ms]
      [Redirty Cards: 0.3 ms]
      [Humongous Register: 0.0 ms]
      [Humongous Reclaim: 0.0 ms]
      [Free CSet: 0.3 ms]
   [Eden: 285.0M(285.0M)->0.0B(301.0M) Survivors: 39.0M->41.0M Heap: 380.7M(2048.0M)->343.7M(2048.0M)]
 [Times: user=1.11 sys=0.00, real=0.15 secs] 
2020-09-29T12:07:51.953+0200: 162.841: [GC pause (G1 Evacuation Pause) (young), 0.1712954 secs]
   [Parallel Time: 170.1 ms, GC Workers: 8]
      [GC Worker Start (ms): Min: 162841.3, Avg: 162841.4, Max: 162841.5, Diff: 0.1]
      [Ext Root Scanning (ms): Min: 0.0, Avg: 0.1, Max: 0.2, Diff: 0.1, Sum: 0.6]
      [Update RS (ms): Min: 16.6, Avg: 16.7, Max: 17.0, Diff: 0.5, Sum: 133.4]
         [Processed Buffers: Min: 19, Avg: 20.1, Max: 22, Diff: 3, Sum: 161]
      [Scan RS (ms): Min: 16.2, Avg: 16.7, Max: 16.9, Diff: 0.6, Sum: 133.4]
      [Code Root Scanning (ms): Min: 0.0, Avg: 0.0, Max: 0.0, Diff: 0.0, Sum: 0.0]
      [Object Copy (ms): Min: 136.2, Avg: 136.3, Max: 136.4, Diff: 0.2, Sum: 1090.5]
      [Termination (ms): Min: 0.0, Avg: 0.2, Max: 0.2, Diff: 0.2, Sum: 1.3]
         [Termination Attempts: Min: 1, Avg: 1083.9, Max: 1333, Diff: 1332, Sum: 8671]
      [GC Worker Other (ms): Min: 0.0, Avg: 0.0, Max: 0.1, Diff: 0.1, Sum: 0.3]
      [GC Worker Total (ms): Min: 169.9, Avg: 169.9, Max: 170.0, Diff: 0.1, Sum: 1359.6]
      [GC Worker End (ms): Min: 163011.3, Avg: 163011.3, Max: 163011.4, Diff: 0.1]
   [Code Root Fixup: 0.0 ms]
   [Code Root Purge: 0.0 ms]
   [Clear CT: 0.2 ms]
   [Other: 1.0 ms]
      [Choose CSet: 0.0 ms]
      [Ref Proc: 0.2 ms]
      [Ref Enq: 0.0 ms]
      [Redirty Cards: 0.2 ms]
      [Humongous Register: 0.0 ms]
      [Humongous Reclaim: 0.0 ms]
      [Free CSet: 0.3 ms]
   [Eden: 301.0M(301.0M)->0.0B(303.0M) Survivors: 41.0M->43.0M Heap: 696.2M(2048.0M)->699.2M(2048.0M)]
 [Times: user=1.28 sys=0.02, real=0.17 secs] 
2020-09-29T12:07:52.327+0200: 163.216: [GC pause (G1 Evacuation Pause) (young), 0.1983648 secs]
   [Parallel Time: 197.2 ms, GC Workers: 8]
      [GC Worker Start (ms): Min: 163216.2, Avg: 163220.6, Max: 163248.5, Diff: 32.3]
      [Ext Root Scanning (ms): Min: 0.0, Avg: 0.1, Max: 0.1, Diff: 0.1, Sum: 0.7]
      [Update RS (ms): Min: 0.0, Avg: 24.4, Max: 28.9, Diff: 28.9, Sum: 194.9]
         [Processed Buffers: Min: 0, Avg: 23.9, Max: 29, Diff: 29, Sum: 191]
      [Scan RS (ms): Min: 14.2, Avg: 17.9, Max: 19.6, Diff: 5.4, Sum: 143.4]
      [Code Root Scanning (ms): Min: 0.0, Avg: 0.0, Max: 0.0, Diff: 0.0, Sum: 0.0]
      [Object Copy (ms): Min: 149.0, Avg: 150.2, Max: 150.4, Diff: 1.4, Sum: 1201.6]
      [Termination (ms): Min: 0.0, Avg: 0.0, Max: 0.0, Diff: 0.0, Sum: 0.0]
         [Termination Attempts: Min: 1, Avg: 29.6, Max: 44, Diff: 43, Sum: 237]
      [GC Worker Other (ms): Min: 0.1, Avg: 0.1, Max: 0.1, Diff: 0.0, Sum: 0.6]
      [GC Worker Total (ms): Min: 164.8, Avg: 192.7, Max: 197.1, Diff: 32.3, Sum: 1541.3]
      [GC Worker End (ms): Min: 163413.2, Avg: 163413.2, Max: 163413.3, Diff: 0.0]
   [Code Root Fixup: 0.0 ms]
   [Code Root Purge: 0.0 ms]
   [Clear CT: 0.2 ms]
   [Other: 1.0 ms]
      [Choose CSet: 0.0 ms]
      [Ref Proc: 0.2 ms]
      [Ref Enq: 0.0 ms]
      [Redirty Cards: 0.2 ms]
      [Humongous Register: 0.1 ms]
      [Humongous Reclaim: 0.0 ms]
      [Free CSet: 0.3 ms]
   [Eden: 303.0M(303.0M)->0.0B(284.0M) Survivors: 43.0M->44.0M Heap: 1051.8M(2048.0M)->1053.8M(2048.0M)]
 [Times: user=1.58 sys=0.01, real=0.20 secs] 
2020-09-29T12:07:52.536+0200: 163.425: [GC pause (G1 Humongous Allocation) (young) (initial-mark), 0.0661479 secs]
   [Parallel Time: 65.1 ms, GC Workers: 8]
      [GC Worker Start (ms): Min: 163425.4, Avg: 163425.5, Max: 163425.6, Diff: 0.1]
      [Ext Root Scanning (ms): Min: 0.0, Avg: 0.1, Max: 0.1, Diff: 0.1, Sum: 0.7]
      [Update RS (ms): Min: 31.9, Avg: 32.1, Max: 32.6, Diff: 0.7, Sum: 256.5]
         [Processed Buffers: Min: 37, Avg: 40.3, Max: 44, Diff: 7, Sum: 322]
      [Scan RS (ms): Min: 2.2, Avg: 2.7, Max: 2.9, Diff: 0.7, Sum: 21.9]
      [Code Root Scanning (ms): Min: 0.0, Avg: 0.0, Max: 0.0, Diff: 0.0, Sum: 0.0]
      [Object Copy (ms): Min: 29.6, Avg: 29.7, Max: 30.0, Diff: 0.4, Sum: 237.8]
      [Termination (ms): Min: 0.0, Avg: 0.3, Max: 0.4, Diff: 0.4, Sum: 2.1]
         [Termination Attempts: Min: 1, Avg: 1607.9, Max: 2003, Diff: 2002, Sum: 12863]
      [GC Worker Other (ms): Min: 0.0, Avg: 0.0, Max: 0.0, Diff: 0.0, Sum: 0.1]
      [GC Worker Total (ms): Min: 64.8, Avg: 64.9, Max: 64.9, Diff: 0.1, Sum: 519.0]
      [GC Worker End (ms): Min: 163490.4, Avg: 163490.4, Max: 163490.4, Diff: 0.0]
   [Code Root Fixup: 0.0 ms]
   [Code Root Purge: 0.0 ms]
   [Clear CT: 0.2 ms]
   [Other: 0.9 ms]
      [Choose CSet: 0.0 ms]
      [Ref Proc: 0.3 ms]
      [Ref Enq: 0.0 ms]
      [Redirty Cards: 0.2 ms]
      [Humongous Register: 0.1 ms]
      [Humongous Reclaim: 0.0 ms]
      [Free CSet: 0.1 ms]
   [Eden: 4096.0K(284.0M)->0.0B(281.0M) Survivors: 44.0M->6144.0K Heap: 1057.8M(2048.0M)->1061.3M(2048.0M)]
 [Times: user=0.48 sys=0.02, real=0.07 secs] 
2020-09-29T12:07:52.603+0200: 163.492: [GC concurrent-root-region-scan-start]
2020-09-29T12:07:52.604+0200: 163.493: [GC concurrent-root-region-scan-end, 0.0012352 secs]
2020-09-29T12:07:52.604+0200: 163.493: [GC concurrent-mark-start]
2020-09-29T12:07:52.608+0200: 163.497: [GC concurrent-mark-end, 0.0036164 secs]
2020-09-29T12:07:52.609+0200: 163.498: [GC remark 2020-09-29T12:07:52.609+0200: 163.498: [Finalize Marking, 0.0002580 secs] 2020-09-29T12:07:52.609+0200: 163.498: [GC ref-proc, 0.0004028 secs] 2020-09-29T12:07:52.609+0200: 163.498: [Unloading, 0.0005248 secs], 0.0016187 secs]
 [Times: user=0.00 sys=0.00, real=0.00 secs] 
2020-09-29T12:07:52.611+0200: 163.500: [GC cleanup 1074M->27M(2048M), 0.0014673 secs]
 [Times: user=0.00 sys=0.00, real=0.00 secs] 
2020-09-29T12:07:52.613+0200: 163.502: [GC concurrent-cleanup-start]
2020-09-29T12:07:52.616+0200: 163.505: [GC concurrent-cleanup-end, 0.0031713 secs]
2020-09-29T12:07:52.753+0200: 163.642: [GC pause (G1 Evacuation Pause) (young), 0.1410337 secs]
   [Parallel Time: 139.9 ms, GC Workers: 8]
      [GC Worker Start (ms): Min: 163641.9, Avg: 163642.0, Max: 163642.0, Diff: 0.1]
      [Ext Root Scanning (ms): Min: 0.0, Avg: 0.1, Max: 0.1, Diff: 0.1, Sum: 0.6]
      [Update RS (ms): Min: 16.5, Avg: 16.6, Max: 16.9, Diff: 0.4, Sum: 133.1]
         [Processed Buffers: Min: 17, Avg: 17.9, Max: 19, Diff: 2, Sum: 143]
      [Scan RS (ms): Min: 17.0, Avg: 17.2, Max: 17.4, Diff: 0.5, Sum: 137.8]
      [Code Root Scanning (ms): Min: 0.0, Avg: 0.0, Max: 0.0, Diff: 0.0, Sum: 0.0]
      [Object Copy (ms): Min: 105.6, Avg: 105.7, Max: 105.8, Diff: 0.3, Sum: 845.7]
      [Termination (ms): Min: 0.0, Avg: 0.0, Max: 0.1, Diff: 0.1, Sum: 0.3]
         [Termination Attempts: Min: 1, Avg: 282.5, Max: 373, Diff: 372, Sum: 2260]
      [GC Worker Other (ms): Min: 0.0, Avg: 0.0, Max: 0.1, Diff: 0.0, Sum: 0.3]
      [GC Worker Total (ms): Min: 139.7, Avg: 139.7, Max: 139.8, Diff: 0.1, Sum: 1117.9]
      [GC Worker End (ms): Min: 163781.7, Avg: 163781.7, Max: 163781.7, Diff: 0.0]
   [Code Root Fixup: 0.0 ms]
   [Code Root Purge: 0.0 ms]
   [Clear CT: 0.2 ms]
   [Other: 1.0 ms]
      [Choose CSet: 0.0 ms]
      [Ref Proc: 0.2 ms]
      [Ref Enq: 0.0 ms]
      [Redirty Cards: 0.2 ms]
      [Humongous Register: 0.0 ms]
      [Humongous Reclaim: 0.0 ms]
      [Free CSet: 0.3 ms]
   [Eden: 281.0M(281.0M)->0.0B(270.0M) Survivors: 6144.0K->36.0M Heap: 343.2M(2048.0M)->339.2M(2048.0M)]
 [Times: user=1.08 sys=0.05, real=0.14 secs] 
2020-09-29T12:07:53.059+0200: 163.948: [GC pause (G1 Evacuation Pause) (young), 0.2024455 secs]
   [Parallel Time: 201.4 ms, GC Workers: 8]
      [GC Worker Start (ms): Min: 163948.2, Avg: 163948.3, Max: 163948.3, Diff: 0.2]
      [Ext Root Scanning (ms): Min: 0.0, Avg: 0.1, Max: 0.1, Diff: 0.1, Sum: 0.4]
      [Update RS (ms): Min: 17.7, Avg: 17.8, Max: 18.4, Diff: 0.8, Sum: 142.4]
         [Processed Buffers: Min: 17, Avg: 19.5, Max: 23, Diff: 6, Sum: 156]
      [Scan RS (ms): Min: 15.9, Avg: 16.8, Max: 18.1, Diff: 2.2, Sum: 134.1]
      [Code Root Scanning (ms): Min: 0.0, Avg: 0.0, Max: 0.0, Diff: 0.0, Sum: 0.0]
      [Object Copy (ms): Min: 165.1, Avg: 166.4, Max: 166.7, Diff: 1.6, Sum: 1331.0]
      [Termination (ms): Min: 0.0, Avg: 0.2, Max: 0.2, Diff: 0.2, Sum: 1.2]
         [Termination Attempts: Min: 1, Avg: 1172.6, Max: 1556, Diff: 1555, Sum: 9381]
      [GC Worker Other (ms): Min: 0.0, Avg: 0.0, Max: 0.1, Diff: 0.1, Sum: 0.3]
      [GC Worker Total (ms): Min: 201.1, Avg: 201.2, Max: 201.3, Diff: 0.2, Sum: 1609.4]
      [GC Worker End (ms): Min: 164149.4, Avg: 164149.4, Max: 164149.5, Diff: 0.1]
   [Code Root Fixup: 0.0 ms]
   [Code Root Purge: 0.0 ms]
   [Clear CT: 0.2 ms]
   [Other: 0.8 ms]
      [Choose CSet: 0.0 ms]
      [Ref Proc: 0.1 ms]
      [Ref Enq: 0.0 ms]
      [Redirty Cards: 0.2 ms]
      [Humongous Register: 0.0 ms]
      [Humongous Reclaim: 0.0 ms]
      [Free CSet: 0.2 ms]
   [Eden: 270.0M(270.0M)->0.0B(245.0M) Survivors: 36.0M->39.0M Heap: 655.0M(2048.0M)->657.0M(2048.0M)]
 [Times: user=1.34 sys=0.00, real=0.20 secs] 
2020-09-29T12:07:53.410+0200: 164.299: [GC pause (G1 Evacuation Pause) (young), 0.1683819 secs]
   [Parallel Time: 167.1 ms, GC Workers: 8]
      [GC Worker Start (ms): Min: 164299.0, Avg: 164299.1, Max: 164299.2, Diff: 0.1]
      [Ext Root Scanning (ms): Min: 0.0, Avg: 0.1, Max: 0.2, Diff: 0.1, Sum: 0.6]
      [Update RS (ms): Min: 20.1, Avg: 20.2, Max: 20.5, Diff: 0.4, Sum: 162.0]
         [Processed Buffers: Min: 17, Avg: 20.5, Max: 23, Diff: 6, Sum: 164]
      [Scan RS (ms): Min: 10.5, Avg: 10.7, Max: 10.8, Diff: 0.3, Sum: 85.5]
      [Code Root Scanning (ms): Min: 0.0, Avg: 0.0, Max: 0.0, Diff: 0.0, Sum: 0.0]
      [Object Copy (ms): Min: 132.7, Avg: 134.9, Max: 135.8, Diff: 3.0, Sum: 1078.9]
      [Termination (ms): Min: 0.0, Avg: 0.9, Max: 3.1, Diff: 3.0, Sum: 7.5]
         [Termination Attempts: Min: 1, Avg: 1208.9, Max: 1729, Diff: 1728, Sum: 9671]
      [GC Worker Other (ms): Min: 0.0, Avg: 0.0, Max: 0.0, Diff: 0.0, Sum: 0.1]
      [GC Worker Total (ms): Min: 166.8, Avg: 166.8, Max: 166.9, Diff: 0.1, Sum: 1334.7]
      [GC Worker End (ms): Min: 164466.0, Avg: 164466.0, Max: 164466.0, Diff: 0.0]
   [Code Root Fixup: 0.0 ms]
   [Code Root Purge: 0.0 ms]
   [Clear CT: 0.2 ms]
   [Other: 1.1 ms]
      [Choose CSet: 0.0 ms]
      [Ref Proc: 0.2 ms]
      [Ref Enq: 0.0 ms]
      [Redirty Cards: 0.4 ms]
      [Humongous Register: 0.0 ms]
      [Humongous Reclaim: 0.0 ms]
      [Free CSet: 0.3 ms]
   [Eden: 245.0M(245.0M)->0.0B(254.0M) Survivors: 39.0M->36.0M Heap: 942.0M(2048.0M)->944.5M(2048.0M)]
 [Times: user=1.25 sys=0.00, real=0.17 secs] 
2020-09-29T12:07:53.616+0200: 164.505: [GC pause (G1 Humongous Allocation) (young) (initial-mark), 0.0557365 secs]
   [Parallel Time: 54.8 ms, GC Workers: 8]
      [GC Worker Start (ms): Min: 164504.9, Avg: 164505.0, Max: 164505.2, Diff: 0.3]
      [Ext Root Scanning (ms): Min: 0.0, Avg: 0.2, Max: 0.3, Diff: 0.3, Sum: 1.5]
      [Update RS (ms): Min: 19.5, Avg: 19.7, Max: 20.1, Diff: 0.6, Sum: 157.7]
         [Processed Buffers: Min: 20, Avg: 21.4, Max: 23, Diff: 3, Sum: 171]
      [Scan RS (ms): Min: 2.0, Avg: 2.4, Max: 2.6, Diff: 0.6, Sum: 19.2]
      [Code Root Scanning (ms): Min: 0.0, Avg: 0.0, Max: 0.0, Diff: 0.0, Sum: 0.0]
      [Object Copy (ms): Min: 32.1, Avg: 32.2, Max: 32.2, Diff: 0.1, Sum: 257.4]
      [Termination (ms): Min: 0.0, Avg: 0.0, Max: 0.0, Diff: 0.0, Sum: 0.2]
         [Termination Attempts: Min: 1, Avg: 168.8, Max: 217, Diff: 216, Sum: 1350]
      [GC Worker Other (ms): Min: 0.0, Avg: 0.0, Max: 0.1, Diff: 0.1, Sum: 0.2]
      [GC Worker Total (ms): Min: 54.4, Avg: 54.5, Max: 54.7, Diff: 0.3, Sum: 436.3]
      [GC Worker End (ms): Min: 164559.6, Avg: 164559.6, Max: 164559.6, Diff: 0.0]
   [Code Root Fixup: 0.0 ms]
   [Code Root Purge: 0.0 ms]
   [Clear CT: 0.1 ms]
   [Other: 0.8 ms]
      [Choose CSet: 0.0 ms]
      [Ref Proc: 0.2 ms]
      [Ref Enq: 0.0 ms]
      [Redirty Cards: 0.2 ms]
      [Humongous Register: 0.1 ms]
      [Humongous Reclaim: 0.0 ms]
      [Free CSet: 0.1 ms]
   [Eden: 40.0M(254.0M)->0.0B(277.0M) Survivors: 36.0M->37.0M Heap: 989.7M(2048.0M)->992.7M(2048.0M)]
 [Times: user=0.38 sys=0.00, real=0.06 secs] 
2020-09-29T12:07:53.672+0200: 164.561: [GC concurrent-root-region-scan-start]
2020-09-29T12:07:53.683+0200: 164.572: [GC concurrent-root-region-scan-end, 0.0113593 secs]
2020-09-29T12:07:53.683+0200: 164.572: [GC concurrent-mark-start]
2020-09-29T12:07:53.686+0200: 164.575: [GC concurrent-mark-end, 0.0032743 secs]
2020-09-29T12:07:53.686+0200: 164.575: [GC remark 2020-09-29T12:07:53.686+0200: 164.576: [Finalize Marking, 0.0002712 secs] 2020-09-29T12:07:53.687+0200: 164.576: [GC ref-proc, 0.0003822 secs] 2020-09-29T12:07:53.687+0200: 164.576: [Unloading, 0.0005741 secs], 0.0023768 secs]
 [Times: user=0.00 sys=0.00, real=0.00 secs] 
2020-09-29T12:07:53.689+0200: 164.578: [GC cleanup 1022M->75M(2048M), 0.0018383 secs]
 [Times: user=0.00 sys=0.00, real=0.00 secs] 
2020-09-29T12:07:53.691+0200: 164.580: [GC concurrent-cleanup-start]
2020-09-29T12:07:53.693+0200: 164.582: [GC concurrent-cleanup-end, 0.0014696 secs]
2020-09-29T12:07:53.852+0200: 164.741: [GC pause (G1 Evacuation Pause) (young), 0.1342350 secs]
   [Parallel Time: 133.0 ms, GC Workers: 8]
      [GC Worker Start (ms): Min: 164741.3, Avg: 164741.4, Max: 164741.5, Diff: 0.2]
      [Ext Root Scanning (ms): Min: 0.0, Avg: 0.1, Max: 0.1, Diff: 0.1, Sum: 0.6]
      [Update RS (ms): Min: 16.8, Avg: 16.9, Max: 17.2, Diff: 0.4, Sum: 135.0]
         [Processed Buffers: Min: 18, Avg: 20.0, Max: 22, Diff: 4, Sum: 160]
      [Scan RS (ms): Min: 10.3, Avg: 11.1, Max: 14.5, Diff: 4.2, Sum: 88.6]
      [Code Root Scanning (ms): Min: 0.0, Avg: 0.0, Max: 0.0, Diff: 0.0, Sum: 0.0]
      [Object Copy (ms): Min: 101.4, Avg: 104.8, Max: 105.3, Diff: 3.9, Sum: 838.2]
      [Termination (ms): Min: 0.0, Avg: 0.0, Max: 0.0, Diff: 0.0, Sum: 0.1]
         [Termination Attempts: Min: 1, Avg: 74.3, Max: 94, Diff: 93, Sum: 594]
      [GC Worker Other (ms): Min: 0.0, Avg: 0.0, Max: 0.1, Diff: 0.1, Sum: 0.4]
      [GC Worker Total (ms): Min: 132.8, Avg: 132.9, Max: 133.0, Diff: 0.2, Sum: 1062.9]
      [GC Worker End (ms): Min: 164874.2, Avg: 164874.2, Max: 164874.3, Diff: 0.1]
   [Code Root Fixup: 0.0 ms]
   [Code Root Purge: 0.0 ms]
   [Clear CT: 0.2 ms]
   [Other: 1.0 ms]
      [Choose CSet: 0.0 ms]
      [Ref Proc: 0.2 ms]
      [Ref Enq: 0.0 ms]
      [Redirty Cards: 0.2 ms]
      [Humongous Register: 0.0 ms]
      [Humongous Reclaim: 0.0 ms]
      [Free CSet: 0.3 ms]
   [Eden: 277.0M(277.0M)->0.0B(300.0M) Survivors: 37.0M->40.0M Heap: 370.7M(2048.0M)->335.7M(2048.0M)]
 [Times: user=0.98 sys=0.01, real=0.13 secs] 
2020-09-29T12:07:54.155+0200: 165.044: [GC pause (G1 Evacuation Pause) (young), 0.1943166 secs]
   [Parallel Time: 193.3 ms, GC Workers: 8]
      [GC Worker Start (ms): Min: 165044.1, Avg: 165044.2, Max: 165044.3, Diff: 0.2]
      [Ext Root Scanning (ms): Min: 0.0, Avg: 0.1, Max: 0.2, Diff: 0.2, Sum: 0.5]
      [Update RS (ms): Min: 24.7, Avg: 24.8, Max: 25.1, Diff: 0.4, Sum: 198.5]
         [Processed Buffers: Min: 21, Avg: 23.5, Max: 25, Diff: 4, Sum: 188]
      [Scan RS (ms): Min: 19.7, Avg: 20.1, Max: 20.3, Diff: 0.6, Sum: 160.5]
      [Code Root Scanning (ms): Min: 0.0, Avg: 0.0, Max: 0.0, Diff: 0.0, Sum: 0.0]
      [Object Copy (ms): Min: 147.8, Avg: 147.9, Max: 148.0, Diff: 0.2, Sum: 1183.4]
      [Termination (ms): Min: 0.0, Avg: 0.1, Max: 0.1, Diff: 0.1, Sum: 0.6]
         [Termination Attempts: Min: 1, Avg: 307.5, Max: 380, Diff: 379, Sum: 2460]
      [GC Worker Other (ms): Min: 0.0, Avg: 0.0, Max: 0.1, Diff: 0.0, Sum: 0.2]
      [GC Worker Total (ms): Min: 192.9, Avg: 193.0, Max: 193.1, Diff: 0.2, Sum: 1543.8]
      [GC Worker End (ms): Min: 165237.2, Avg: 165237.2, Max: 165237.2, Diff: 0.1]
   [Code Root Fixup: 0.0 ms]
   [Code Root Purge: 0.0 ms]
   [Clear CT: 0.1 ms]
   [Other: 0.9 ms]
      [Choose CSet: 0.0 ms]
      [Ref Proc: 0.1 ms]
      [Ref Enq: 0.0 ms]
      [Redirty Cards: 0.2 ms]
      [Humongous Register: 0.0 ms]
      [Humongous Reclaim: 0.0 ms]
      [Free CSet: 0.3 ms]
   [Eden: 300.0M(300.0M)->0.0B(278.0M) Survivors: 40.0M->43.0M Heap: 685.3M(2048.0M)->687.3M(2048.0M)]
 [Times: user=1.55 sys=0.03, real=0.19 secs] 
2020-09-29T12:07:54.541+0200: 165.430: [GC pause (G1 Evacuation Pause) (young), 0.1816255 secs]
   [Parallel Time: 180.4 ms, GC Workers: 8]
      [GC Worker Start (ms): Min: 165430.3, Avg: 165430.5, Max: 165430.5, Diff: 0.2]
      [Ext Root Scanning (ms): Min: 0.0, Avg: 0.1, Max: 0.2, Diff: 0.2, Sum: 0.4]
      [Update RS (ms): Min: 20.8, Avg: 21.1, Max: 21.5, Diff: 0.7, Sum: 169.1]
         [Processed Buffers: Min: 19, Avg: 20.4, Max: 23, Diff: 4, Sum: 163]
      [Scan RS (ms): Min: 18.5, Avg: 18.8, Max: 19.2, Diff: 0.7, Sum: 150.2]
      [Code Root Scanning (ms): Min: 0.0, Avg: 0.0, Max: 0.0, Diff: 0.0, Sum: 0.0]
      [Object Copy (ms): Min: 140.1, Avg: 140.1, Max: 140.2, Diff: 0.1, Sum: 1121.0]
      [Termination (ms): Min: 0.0, Avg: 0.0, Max: 0.1, Diff: 0.1, Sum: 0.3]
         [Termination Attempts: Min: 1, Avg: 314.3, Max: 390, Diff: 389, Sum: 2514]
      [GC Worker Other (ms): Min: 0.0, Avg: 0.0, Max: 0.1, Diff: 0.1, Sum: 0.4]
      [GC Worker Total (ms): Min: 180.1, Avg: 180.2, Max: 180.3, Diff: 0.2, Sum: 1441.5]
      [GC Worker End (ms): Min: 165610.6, Avg: 165610.7, Max: 165610.7, Diff: 0.1]
   [Code Root Fixup: 0.0 ms]
   [Code Root Purge: 0.0 ms]
   [Clear CT: 0.2 ms]
   [Other: 1.0 ms]
      [Choose CSet: 0.0 ms]
      [Ref Proc: 0.2 ms]
      [Ref Enq: 0.0 ms]
      [Redirty Cards: 0.3 ms]
      [Humongous Register: 0.0 ms]
      [Humongous Reclaim: 0.0 ms]
      [Free CSet: 0.3 ms]
   [Eden: 278.0M(278.0M)->0.0B(272.0M) Survivors: 43.0M->41.0M Heap: 1011.1M(2048.0M)->1013.6M(2048.0M)]
 [Times: user=1.33 sys=0.00, real=0.18 secs] 
2020-09-29T12:07:54.738+0200: 165.627: [GC pause (G1 Humongous Allocation) (young) (initial-mark), 0.0512537 secs]
   [Parallel Time: 50.0 ms, GC Workers: 8]
      [GC Worker Start (ms): Min: 165627.4, Avg: 165627.5, Max: 165627.6, Diff: 0.2]
      [Ext Root Scanning (ms): Min: 0.0, Avg: 0.1, Max: 0.3, Diff: 0.3, Sum: 1.1]
      [Update RS (ms): Min: 26.2, Avg: 26.5, Max: 27.1, Diff: 1.0, Sum: 211.8]
         [Processed Buffers: Min: 27, Avg: 31.0, Max: 33, Diff: 6, Sum: 248]
      [Scan RS (ms): Min: 2.1, Avg: 2.7, Max: 2.9, Diff: 0.9, Sum: 21.5]
      [Code Root Scanning (ms): Min: 0.0, Avg: 0.0, Max: 0.0, Diff: 0.0, Sum: 0.0]
      [Object Copy (ms): Min: 20.4, Avg: 20.4, Max: 20.5, Diff: 0.1, Sum: 163.3]
      [Termination (ms): Min: 0.0, Avg: 0.0, Max: 0.0, Diff: 0.0, Sum: 0.2]
         [Termination Attempts: Min: 1, Avg: 152.3, Max: 200, Diff: 199, Sum: 1218]
      [GC Worker Other (ms): Min: 0.0, Avg: 0.0, Max: 0.0, Diff: 0.0, Sum: 0.1]
      [GC Worker Total (ms): Min: 49.7, Avg: 49.8, Max: 49.8, Diff: 0.2, Sum: 398.0]
      [GC Worker End (ms): Min: 165677.2, Avg: 165677.2, Max: 165677.2, Diff: 0.0]
   [Code Root Fixup: 0.0 ms]
   [Code Root Purge: 0.0 ms]
   [Clear CT: 0.2 ms]
   [Other: 1.0 ms]
      [Choose CSet: 0.0 ms]
      [Ref Proc: 0.3 ms]
      [Ref Enq: 0.0 ms]
      [Redirty Cards: 0.4 ms]
      [Humongous Register: 0.0 ms]
      [Humongous Reclaim: 0.0 ms]
      [Free CSet: 0.1 ms]
   [Eden: 4096.0K(272.0M)->0.0B(319.0M) Survivors: 41.0M->6144.0K Heap: 1017.1M(2048.0M)->1020.6M(2048.0M)]
 [Times: user=0.50 sys=0.00, real=0.05 secs] 
2020-09-29T12:07:54.789+0200: 165.679: [GC concurrent-root-region-scan-start]
2020-09-29T12:07:54.790+0200: 165.680: [GC concurrent-root-region-scan-end, 0.0009633 secs]
2020-09-29T12:07:54.790+0200: 165.680: [GC concurrent-mark-start]
2020-09-29T12:07:54.794+0200: 165.683: [GC concurrent-mark-end, 0.0031352 secs]
2020-09-29T12:07:54.794+0200: 165.683: [GC remark 2020-09-29T12:07:54.794+0200: 165.683: [Finalize Marking, 0.0007175 secs] 2020-09-29T12:07:54.795+0200: 165.684: [GC ref-proc, 0.0003898 secs] 2020-09-29T12:07:54.796+0200: 165.684: [Unloading, 0.0008117 secs], 0.0035149 secs]
 [Times: user=0.00 sys=0.00, real=0.00 secs] 
2020-09-29T12:07:54.798+0200: 165.687: [GC cleanup 1030M->24M(2048M), 0.0014573 secs]
 [Times: user=0.00 sys=0.00, real=0.00 secs] 
2020-09-29T12:07:54.799+0200: 165.689: [GC concurrent-cleanup-start]
2020-09-29T12:07:54.801+0200: 165.690: [GC concurrent-cleanup-end, 0.0014181 secs]
2020-09-29T12:07:54.964+0200: 165.854: [GC pause (G1 Evacuation Pause) (young), 0.1646426 secs]
   [Parallel Time: 163.5 ms, GC Workers: 8]
      [GC Worker Start (ms): Min: 165853.8, Avg: 165853.9, Max: 165854.6, Diff: 0.8]
      [Ext Root Scanning (ms): Min: 0.0, Avg: 0.1, Max: 0.1, Diff: 0.1, Sum: 0.7]
      [Update RS (ms): Min: 12.1, Avg: 12.9, Max: 13.2, Diff: 1.1, Sum: 103.4]
         [Processed Buffers: Min: 14, Avg: 15.1, Max: 16, Diff: 2, Sum: 121]
      [Scan RS (ms): Min: 15.2, Avg: 15.5, Max: 15.9, Diff: 0.6, Sum: 123.7]
      [Code Root Scanning (ms): Min: 0.0, Avg: 0.0, Max: 0.0, Diff: 0.0, Sum: 0.0]
      [Object Copy (ms): Min: 134.1, Avg: 134.4, Max: 134.7, Diff: 0.6, Sum: 1075.3]
      [Termination (ms): Min: 0.0, Avg: 0.3, Max: 0.4, Diff: 0.4, Sum: 2.3]
         [Termination Attempts: Min: 1, Avg: 2010.5, Max: 2768, Diff: 2767, Sum: 16084]
      [GC Worker Other (ms): Min: 0.0, Avg: 0.0, Max: 0.0, Diff: 0.0, Sum: 0.2]
      [GC Worker Total (ms): Min: 162.5, Avg: 163.2, Max: 163.3, Diff: 0.8, Sum: 1305.5]
      [GC Worker End (ms): Min: 166017.1, Avg: 166017.1, Max: 166017.1, Diff: 0.0]
   [Code Root Fixup: 0.0 ms]
   [Code Root Purge: 0.0 ms]
   [Clear CT: 0.2 ms]
   [Other: 1.0 ms]
      [Choose CSet: 0.0 ms]
      [Ref Proc: 0.2 ms]
      [Ref Enq: 0.0 ms]
      [Redirty Cards: 0.2 ms]
      [Humongous Register: 0.1 ms]
      [Humongous Reclaim: 0.0 ms]
      [Free CSet: 0.3 ms]
   [Eden: 319.0M(319.0M)->0.0B(294.0M) Survivors: 6144.0K->41.0M Heap: 386.9M(2048.0M)->383.9M(2048.0M)]
 [Times: user=1.25 sys=0.00, real=0.17 secs] 
2020-09-29T12:07:55.311+0200: 166.200: [GC pause (G1 Evacuation Pause) (young), 0.1966291 secs]
   [Parallel Time: 195.2 ms, GC Workers: 8]
      [GC Worker Start (ms): Min: 166199.9, Avg: 166200.0, Max: 166200.1, Diff: 0.2]
      [Ext Root Scanning (ms): Min: 0.0, Avg: 0.1, Max: 0.2, Diff: 0.2, Sum: 0.4]
      [Update RS (ms): Min: 16.1, Avg: 16.2, Max: 16.5, Diff: 0.4, Sum: 130.0]
         [Processed Buffers: Min: 14, Avg: 16.6, Max: 18, Diff: 4, Sum: 133]
      [Scan RS (ms): Min: 20.1, Avg: 20.8, Max: 23.3, Diff: 3.1, Sum: 166.3]
      [Code Root Scanning (ms): Min: 0.0, Avg: 0.0, Max: 0.0, Diff: 0.0, Sum: 0.0]
      [Object Copy (ms): Min: 155.1, Avg: 157.6, Max: 158.2, Diff: 3.1, Sum: 1260.9]
      [Termination (ms): Min: 0.0, Avg: 0.1, Max: 0.2, Diff: 0.2, Sum: 0.9]
         [Termination Attempts: Min: 1, Avg: 767.0, Max: 962, Diff: 961, Sum: 6136]
      [GC Worker Other (ms): Min: 0.0, Avg: 0.1, Max: 0.1, Diff: 0.1, Sum: 0.5]
      [GC Worker Total (ms): Min: 194.8, Avg: 194.9, Max: 195.0, Diff: 0.2, Sum: 1559.1]
      [GC Worker End (ms): Min: 166394.9, Avg: 166394.9, Max: 166394.9, Diff: 0.1]
   [Code Root Fixup: 0.0 ms]
   [Code Root Purge: 0.0 ms]
   [Clear CT: 0.2 ms]
   [Other: 1.3 ms]
      [Choose CSet: 0.0 ms]
      [Ref Proc: 0.2 ms]
      [Ref Enq: 0.0 ms]
      [Redirty Cards: 0.5 ms]
      [Humongous Register: 0.1 ms]
      [Humongous Reclaim: 0.0 ms]
      [Free CSet: 0.3 ms]
   [Eden: 294.0M(294.0M)->0.0B(272.0M) Survivors: 41.0M->42.0M Heap: 727.5M(2048.0M)->729.5M(2048.0M)]
 [Times: user=1.45 sys=0.06, real=0.20 secs] 
2020-09-29T12:07:55.688+0200: 166.576: [GC pause (G1 Evacuation Pause) (young), 0.1673713 secs]
   [Parallel Time: 166.1 ms, GC Workers: 8]
      [GC Worker Start (ms): Min: 166576.5, Avg: 166576.6, Max: 166576.7, Diff: 0.2]
      [Ext Root Scanning (ms): Min: 0.0, Avg: 0.1, Max: 0.2, Diff: 0.2, Sum: 0.5]
      [Update RS (ms): Min: 20.6, Avg: 20.8, Max: 21.5, Diff: 0.9, Sum: 166.2]
         [Processed Buffers: Min: 18, Avg: 20.9, Max: 23, Diff: 5, Sum: 167]
      [Scan RS (ms): Min: 15.6, Avg: 16.4, Max: 16.7, Diff: 1.1, Sum: 131.2]
      [Code Root Scanning (ms): Min: 0.0, Avg: 0.0, Max: 0.0, Diff: 0.0, Sum: 0.0]
      [Object Copy (ms): Min: 128.4, Avg: 128.6, Max: 128.6, Diff: 0.3, Sum: 1028.6]
      [Termination (ms): Min: 0.0, Avg: 0.0, Max: 0.0, Diff: 0.0, Sum: 0.2]
         [Termination Attempts: Min: 1, Avg: 127.0, Max: 182, Diff: 181, Sum: 1016]
      [GC Worker Other (ms): Min: 0.0, Avg: 0.0, Max: 0.1, Diff: 0.1, Sum: 0.3]
      [GC Worker Total (ms): Min: 165.8, Avg: 165.9, Max: 166.0, Diff: 0.2, Sum: 1326.9]
      [GC Worker End (ms): Min: 166742.5, Avg: 166742.5, Max: 166742.5, Diff: 0.1]
   [Code Root Fixup: 0.0 ms]
   [Code Root Purge: 0.0 ms]
   [Clear CT: 0.4 ms]
   [Other: 0.9 ms]
      [Choose CSet: 0.0 ms]
      [Ref Proc: 0.2 ms]
      [Ref Enq: 0.0 ms]
      [Redirty Cards: 0.2 ms]
      [Humongous Register: 0.0 ms]
      [Humongous Reclaim: 0.0 ms]
      [Free CSet: 0.3 ms]
   [Eden: 272.0M(272.0M)->0.0B(278.0M) Survivors: 42.0M->40.0M Heap: 1047.3M(2048.0M)->1048.8M(2048.0M)]
 [Times: user=1.38 sys=0.00, real=0.17 secs] 
2020-09-29T12:07:55.867+0200: 166.756: [GC pause (G1 Humongous Allocation) (young) (initial-mark), 0.0534915 secs]
   [Parallel Time: 52.5 ms, GC Workers: 8]
      [GC Worker Start (ms): Min: 166756.0, Avg: 166756.1, Max: 166756.2, Diff: 0.2]
      [Ext Root Scanning (ms): Min: 0.0, Avg: 0.5, Max: 1.3, Diff: 1.2, Sum: 4.3]
      [Update RS (ms): Min: 26.8, Avg: 27.6, Max: 28.1, Diff: 1.3, Sum: 220.7]
         [Processed Buffers: Min: 30, Avg: 33.8, Max: 37, Diff: 7, Sum: 270]
      [Scan RS (ms): Min: 2.4, Avg: 2.7, Max: 3.1, Diff: 0.7, Sum: 21.7]
      [Code Root Scanning (ms): Min: 0.0, Avg: 0.0, Max: 0.0, Diff: 0.0, Sum: 0.0]
      [Object Copy (ms): Min: 21.2, Avg: 21.3, Max: 21.3, Diff: 0.1, Sum: 170.1]
      [Termination (ms): Min: 0.0, Avg: 0.1, Max: 0.1, Diff: 0.1, Sum: 0.4]
         [Termination Attempts: Min: 1, Avg: 381.0, Max: 465, Diff: 464, Sum: 3048]
      [GC Worker Other (ms): Min: 0.0, Avg: 0.0, Max: 0.0, Diff: 0.0, Sum: 0.1]
      [GC Worker Total (ms): Min: 52.1, Avg: 52.2, Max: 52.3, Diff: 0.2, Sum: 417.4]
      [GC Worker End (ms): Min: 166808.3, Avg: 166808.3, Max: 166808.3, Diff: 0.0]
   [Code Root Fixup: 0.0 ms]
   [Code Root Purge: 0.0 ms]
   [Clear CT: 0.2 ms]
   [Other: 0.9 ms]
      [Choose CSet: 0.0 ms]
      [Ref Proc: 0.2 ms]
      [Ref Enq: 0.0 ms]
      [Redirty Cards: 0.2 ms]
      [Humongous Register: 0.1 ms]
      [Humongous Reclaim: 0.0 ms]
      [Free CSet: 0.1 ms]
   [Eden: 8192.0K(278.0M)->0.0B(319.0M) Survivors: 40.0M->11.0M Heap: 1056.8M(2048.0M)->1061.3M(2048.0M)]
 [Times: user=0.36 sys=0.00, real=0.05 secs] 
2020-09-29T12:07:55.921+0200: 166.809: [GC concurrent-root-region-scan-start]
2020-09-29T12:07:55.923+0200: 166.812: [GC concurrent-root-region-scan-end, 0.0025380 secs]
2020-09-29T12:07:55.923+0200: 166.812: [GC concurrent-mark-start]
2020-09-29T12:07:55.927+0200: 166.816: [GC concurrent-mark-end, 0.0041259 secs]
2020-09-29T12:07:55.928+0200: 166.817: [GC remark 2020-09-29T12:07:55.928+0200: 166.817: [Finalize Marking, 0.0003189 secs] 2020-09-29T12:07:55.928+0200: 166.817: [GC ref-proc, 0.0003458 secs] 2020-09-29T12:07:55.929+0200: 166.817: [Unloading, 0.0009064 secs], 0.0020401 secs]
 [Times: user=0.00 sys=0.00, real=0.00 secs] 
2020-09-29T12:07:55.930+0200: 166.819: [GC cleanup 1079M->37M(2048M), 0.0016928 secs]
 [Times: user=0.00 sys=0.00, real=0.00 secs] 
2020-09-29T12:07:55.932+0200: 166.821: [GC concurrent-cleanup-start]
2020-09-29T12:07:55.934+0200: 166.823: [GC concurrent-cleanup-end, 0.0016246 secs]
2020-09-29T12:07:56.109+0200: 166.998: [GC pause (G1 Evacuation Pause) (young), 0.1549106 secs]
   [Parallel Time: 153.5 ms, GC Workers: 8]
      [GC Worker Start (ms): Min: 166998.3, Avg: 166998.4, Max: 166998.5, Diff: 0.2]
      [Ext Root Scanning (ms): Min: 0.0, Avg: 0.1, Max: 0.2, Diff: 0.2, Sum: 0.5]
      [Update RS (ms): Min: 14.3, Avg: 14.5, Max: 14.9, Diff: 0.6, Sum: 116.2]
         [Processed Buffers: Min: 15, Avg: 16.1, Max: 17, Diff: 2, Sum: 129]
      [Scan RS (ms): Min: 15.1, Avg: 15.4, Max: 15.7, Diff: 0.6, Sum: 123.3]
      [Code Root Scanning (ms): Min: 0.0, Avg: 0.0, Max: 0.0, Diff: 0.0, Sum: 0.0]
      [Object Copy (ms): Min: 123.1, Avg: 123.2, Max: 123.3, Diff: 0.2, Sum: 985.7]
      [Termination (ms): Min: 0.0, Avg: 0.0, Max: 0.0, Diff: 0.0, Sum: 0.1]
         [Termination Attempts: Min: 1, Avg: 115.6, Max: 147, Diff: 146, Sum: 925]
      [GC Worker Other (ms): Min: 0.0, Avg: 0.0, Max: 0.1, Diff: 0.0, Sum: 0.3]
      [GC Worker Total (ms): Min: 153.2, Avg: 153.3, Max: 153.4, Diff: 0.2, Sum: 1226.1]
      [GC Worker End (ms): Min: 167151.6, Avg: 167151.7, Max: 167151.7, Diff: 0.0]
   [Code Root Fixup: 0.0 ms]
   [Code Root Purge: 0.0 ms]
   [Clear CT: 0.2 ms]
   [Other: 1.2 ms]
      [Choose CSet: 0.0 ms]
      [Ref Proc: 0.2 ms]
      [Ref Enq: 0.0 ms]
      [Redirty Cards: 0.5 ms]
      [Humongous Register: 0.0 ms]
      [Humongous Reclaim: 0.0 ms]
      [Free CSet: 0.3 ms]
   [Eden: 319.0M(319.0M)->0.0B(304.0M) Survivors: 11.0M->42.0M Heap: 391.9M(2048.0M)->383.9M(2048.0M)]
 [Times: user=1.25 sys=0.00, real=0.15 secs] 
2020-09-29T12:07:56.474+0200: 167.364: [GC pause (G1 Evacuation Pause) (young), 0.1920072 secs]
   [Parallel Time: 190.6 ms, GC Workers: 8]
      [GC Worker Start (ms): Min: 167363.7, Avg: 167364.6, Max: 167369.1, Diff: 5.4]
      [Ext Root Scanning (ms): Min: 0.0, Avg: 0.4, Max: 2.2, Diff: 2.2, Sum: 3.2]
      [Update RS (ms): Min: 13.3, Avg: 17.3, Max: 18.5, Diff: 5.2, Sum: 138.4]
         [Processed Buffers: Min: 15, Avg: 17.4, Max: 20, Diff: 5, Sum: 139]
      [Scan RS (ms): Min: 19.8, Avg: 20.0, Max: 20.3, Diff: 0.5, Sum: 160.3]
      [Code Root Scanning (ms): Min: 0.0, Avg: 0.0, Max: 0.0, Diff: 0.0, Sum: 0.0]
      [Object Copy (ms): Min: 151.5, Avg: 151.7, Max: 151.8, Diff: 0.2, Sum: 1213.7]
      [Termination (ms): Min: 0.0, Avg: 0.1, Max: 0.2, Diff: 0.2, Sum: 0.7]
         [Termination Attempts: Min: 1, Avg: 37.1, Max: 62, Diff: 61, Sum: 297]
      [GC Worker Other (ms): Min: 0.0, Avg: 0.0, Max: 0.0, Diff: 0.0, Sum: 0.1]
      [GC Worker Total (ms): Min: 185.0, Avg: 189.6, Max: 190.5, Diff: 5.5, Sum: 1516.5]
      [GC Worker End (ms): Min: 167554.1, Avg: 167554.1, Max: 167554.2, Diff: 0.2]
   [Code Root Fixup: 0.0 ms]
   [Code Root Purge: 0.0 ms]
   [Clear CT: 0.4 ms]
   [Other: 1.0 ms]
      [Choose CSet: 0.0 ms]
      [Ref Proc: 0.2 ms]
      [Ref Enq: 0.0 ms]
      [Redirty Cards: 0.2 ms]
      [Humongous Register: 0.0 ms]
      [Humongous Reclaim: 0.0 ms]
      [Free CSet: 0.3 ms]
   [Eden: 304.0M(304.0M)->0.0B(284.0M) Survivors: 42.0M->44.0M Heap: 739.4M(2048.0M)->740.9M(2048.0M)]
 [Times: user=1.41 sys=0.00, real=0.19 secs] 
2020-09-29T12:07:56.850+0200: 167.739: [GC pause (G1 Evacuation Pause) (young), 0.2036872 secs]
   [Parallel Time: 202.6 ms, GC Workers: 8]
      [GC Worker Start (ms): Min: 167738.7, Avg: 167738.8, Max: 167738.8, Diff: 0.1]
      [Ext Root Scanning (ms): Min: 0.0, Avg: 0.1, Max: 0.1, Diff: 0.1, Sum: 0.6]
      [Update RS (ms): Min: 16.4, Avg: 16.5, Max: 16.7, Diff: 0.3, Sum: 131.8]
         [Processed Buffers: Min: 17, Avg: 18.1, Max: 20, Diff: 3, Sum: 145]
      [Scan RS (ms): Min: 18.7, Avg: 22.4, Max: 47.2, Diff: 28.6, Sum: 179.5]
      [Code Root Scanning (ms): Min: 0.0, Avg: 0.0, Max: 0.0, Diff: 0.0, Sum: 0.0]
      [Object Copy (ms): Min: 138.6, Avg: 162.5, Max: 166.2, Diff: 27.6, Sum: 1300.2]
      [Termination (ms): Min: 0.0, Avg: 0.8, Max: 1.1, Diff: 1.1, Sum: 6.7]
         [Termination Attempts: Min: 1, Avg: 5624.1, Max: 7248, Diff: 7247, Sum: 44993]
      [GC Worker Other (ms): Min: 0.0, Avg: 0.0, Max: 0.1, Diff: 0.1, Sum: 0.3]
      [GC Worker Total (ms): Min: 202.3, Avg: 202.4, Max: 202.4, Diff: 0.2, Sum: 1619.1]
      [GC Worker End (ms): Min: 167941.1, Avg: 167941.2, Max: 167941.2, Diff: 0.1]
   [Code Root Fixup: 0.0 ms]
   [Code Root Purge: 0.0 ms]
   [Clear CT: 0.2 ms]
   [Other: 0.9 ms]
      [Choose CSet: 0.0 ms]
      [Ref Proc: 0.2 ms]
      [Ref Enq: 0.0 ms]
      [Redirty Cards: 0.2 ms]
      [Humongous Register: 0.1 ms]
      [Humongous Reclaim: 0.0 ms]
      [Free CSet: 0.2 ms]
   [Eden: 284.0M(284.0M)->0.0B(257.0M) Survivors: 44.0M->41.0M Heap: 1072.6M(2048.0M)->1074.6M(2048.0M)]
 [Times: user=1.58 sys=0.00, real=0.20 secs] 
2020-09-29T12:07:57.067+0200: 167.956: [GC pause (G1 Humongous Allocation) (young) (initial-mark), 0.0527941 secs]
   [Parallel Time: 52.0 ms, GC Workers: 8]
      [GC Worker Start (ms): Min: 167956.0, Avg: 167956.0, Max: 167956.1, Diff: 0.1]
      [Ext Root Scanning (ms): Min: 0.0, Avg: 0.1, Max: 0.1, Diff: 0.1, Sum: 0.6]
      [Update RS (ms): Min: 30.2, Avg: 30.5, Max: 30.6, Diff: 0.4, Sum: 243.8]
         [Processed Buffers: Min: 32, Avg: 36.3, Max: 40, Diff: 8, Sum: 290]
      [Scan RS (ms): Min: 2.3, Avg: 2.5, Max: 2.8, Diff: 0.5, Sum: 20.0]
      [Code Root Scanning (ms): Min: 0.0, Avg: 0.0, Max: 0.0, Diff: 0.0, Sum: 0.0]
      [Object Copy (ms): Min: 18.6, Avg: 18.7, Max: 18.7, Diff: 0.1, Sum: 149.3]
      [Termination (ms): Min: 0.0, Avg: 0.0, Max: 0.0, Diff: 0.0, Sum: 0.0]
         [Termination Attempts: Min: 1, Avg: 7.3, Max: 13, Diff: 12, Sum: 58]
      [GC Worker Other (ms): Min: 0.0, Avg: 0.0, Max: 0.0, Diff: 0.0, Sum: 0.1]
      [GC Worker Total (ms): Min: 51.7, Avg: 51.7, Max: 51.8, Diff: 0.1, Sum: 413.9]
      [GC Worker End (ms): Min: 168007.8, Avg: 168007.8, Max: 168007.8, Diff: 0.0]
   [Code Root Fixup: 0.0 ms]
   [Code Root Purge: 0.0 ms]
   [Clear CT: 0.2 ms]
   [Other: 0.7 ms]
      [Choose CSet: 0.0 ms]
      [Ref Proc: 0.1 ms]
      [Ref Enq: 0.0 ms]
      [Redirty Cards: 0.2 ms]
      [Humongous Register: 0.0 ms]
      [Humongous Reclaim: 0.0 ms]
      [Free CSet: 0.1 ms]
   [Eden: 9216.0K(257.0M)->0.0B(310.0M) Survivors: 41.0M->10.0M Heap: 1083.6M(2048.0M)->1086.6M(2048.0M)]
 [Times: user=0.38 sys=0.00, real=0.05 secs] 
2020-09-29T12:07:57.120+0200: 168.009: [GC concurrent-root-region-scan-start]
2020-09-29T12:07:57.123+0200: 168.012: [GC concurrent-root-region-scan-end, 0.0030812 secs]
2020-09-29T12:07:57.123+0200: 168.012: [GC concurrent-mark-start]
2020-09-29T12:07:57.126+0200: 168.015: [GC concurrent-mark-end, 0.0027865 secs]
2020-09-29T12:07:57.126+0200: 168.015: [GC remark 2020-09-29T12:07:57.126+0200: 168.015: [Finalize Marking, 0.0001468 secs] 2020-09-29T12:07:57.126+0200: 168.015: [GC ref-proc, 0.0002928 secs] 2020-09-29T12:07:57.126+0200: 168.015: [Unloading, 0.0004755 secs], 0.0013159 secs]
 [Times: user=0.00 sys=0.00, real=0.00 secs] 
2020-09-29T12:07:57.128+0200: 168.017: [GC cleanup 1099M->32M(2048M), 0.0013688 secs]
 [Times: user=0.00 sys=0.00, real=0.00 secs] 
2020-09-29T12:07:57.129+0200: 168.018: [GC concurrent-cleanup-start]
2020-09-29T12:07:57.132+0200: 168.021: [GC concurrent-cleanup-end, 0.0026397 secs]
2020-09-29T12:07:57.288+0200: 168.177: [GC pause (G1 Evacuation Pause) (young), 0.1499431 secs]
   [Parallel Time: 148.8 ms, GC Workers: 8]
      [GC Worker Start (ms): Min: 168177.6, Avg: 168177.6, Max: 168177.7, Diff: 0.2]
      [Ext Root Scanning (ms): Min: 0.0, Avg: 0.1, Max: 0.1, Diff: 0.1, Sum: 0.5]
      [Update RS (ms): Min: 16.7, Avg: 16.8, Max: 17.0, Diff: 0.3, Sum: 134.2]
         [Processed Buffers: Min: 19, Avg: 21.1, Max: 23, Diff: 4, Sum: 169]
      [Scan RS (ms): Min: 12.4, Avg: 12.7, Max: 12.9, Diff: 0.4, Sum: 101.5]
      [Code Root Scanning (ms): Min: 0.0, Avg: 0.0, Max: 0.0, Diff: 0.0, Sum: 0.0]
      [Object Copy (ms): Min: 118.9, Avg: 119.0, Max: 119.1, Diff: 0.2, Sum: 951.9]
      [Termination (ms): Min: 0.0, Avg: 0.0, Max: 0.0, Diff: 0.0, Sum: 0.1]
         [Termination Attempts: Min: 1, Avg: 96.9, Max: 122, Diff: 121, Sum: 775]
      [GC Worker Other (ms): Min: 0.0, Avg: 0.0, Max: 0.1, Diff: 0.1, Sum: 0.3]
      [GC Worker Total (ms): Min: 148.5, Avg: 148.6, Max: 148.7, Diff: 0.1, Sum: 1188.5]
      [GC Worker End (ms): Min: 168326.2, Avg: 168326.2, Max: 168326.2, Diff: 0.1]
   [Code Root Fixup: 0.0 ms]
   [Code Root Purge: 0.0 ms]
   [Clear CT: 0.1 ms]
   [Other: 1.0 ms]
      [Choose CSet: 0.0 ms]
      [Ref Proc: 0.2 ms]
      [Ref Enq: 0.0 ms]
      [Redirty Cards: 0.4 ms]
      [Humongous Register: 0.0 ms]
      [Humongous Reclaim: 0.0 ms]
      [Free CSet: 0.2 ms]
   [Eden: 310.0M(310.0M)->0.0B(303.0M) Survivors: 10.0M->40.0M Heap: 382.4M(2048.0M)->374.4M(2048.0M)]
 [Times: user=1.09 sys=0.01, real=0.15 secs] 
2020-09-29T12:07:57.623+0200: 168.512: [GC pause (G1 Evacuation Pause) (young), 0.1867258 secs]
   [Parallel Time: 185.5 ms, GC Workers: 8]
      [GC Worker Start (ms): Min: 168512.2, Avg: 168512.3, Max: 168512.4, Diff: 0.2]
      [Ext Root Scanning (ms): Min: 0.0, Avg: 0.1, Max: 0.2, Diff: 0.2, Sum: 0.5]
      [Update RS (ms): Min: 26.2, Avg: 26.4, Max: 26.6, Diff: 0.4, Sum: 211.2]
         [Processed Buffers: Min: 22, Avg: 25.1, Max: 27, Diff: 5, Sum: 201]
      [Scan RS (ms): Min: 17.5, Avg: 17.8, Max: 18.1, Diff: 0.6, Sum: 142.1]
      [Code Root Scanning (ms): Min: 0.0, Avg: 0.0, Max: 0.0, Diff: 0.0, Sum: 0.0]
      [Object Copy (ms): Min: 140.7, Avg: 140.9, Max: 141.0, Diff: 0.3, Sum: 1127.2]
      [Termination (ms): Min: 0.0, Avg: 0.1, Max: 0.1, Diff: 0.1, Sum: 0.6]
         [Termination Attempts: Min: 1, Avg: 523.5, Max: 670, Diff: 669, Sum: 4188]
      [GC Worker Other (ms): Min: 0.0, Avg: 0.0, Max: 0.1, Diff: 0.1, Sum: 0.3]
      [GC Worker Total (ms): Min: 185.1, Avg: 185.2, Max: 185.4, Diff: 0.2, Sum: 1481.9]
      [GC Worker End (ms): Min: 168697.6, Avg: 168697.6, Max: 168697.6, Diff: 0.1]
   [Code Root Fixup: 0.0 ms]
   [Code Root Purge: 0.0 ms]
   [Clear CT: 0.2 ms]
   [Other: 1.1 ms]
      [Choose CSet: 0.0 ms]
      [Ref Proc: 0.2 ms]
      [Ref Enq: 0.0 ms]
      [Redirty Cards: 0.3 ms]
      [Humongous Register: 0.0 ms]
      [Humongous Reclaim: 0.0 ms]
      [Free CSet: 0.3 ms]
   [Eden: 303.0M(303.0M)->0.0B(288.0M) Survivors: 40.0M->43.0M Heap: 727.0M(2048.0M)->729.0M(2048.0M)]
 [Times: user=1.41 sys=0.02, real=0.19 secs] 
2020-09-29T12:07:57.987+0200: 168.875: [GC pause (G1 Evacuation Pause) (young), 0.1673063 secs]
   [Parallel Time: 166.1 ms, GC Workers: 8]
      [GC Worker Start (ms): Min: 168875.6, Avg: 168875.7, Max: 168875.8, Diff: 0.2]
      [Ext Root Scanning (ms): Min: 0.0, Avg: 0.1, Max: 0.2, Diff: 0.2, Sum: 0.5]
      [Update RS (ms): Min: 16.9, Avg: 17.3, Max: 17.8, Diff: 0.9, Sum: 138.7]
         [Processed Buffers: Min: 17, Avg: 18.0, Max: 21, Diff: 4, Sum: 144]
      [Scan RS (ms): Min: 17.3, Avg: 17.8, Max: 18.2, Diff: 0.9, Sum: 142.6]
      [Code Root Scanning (ms): Min: 0.0, Avg: 0.0, Max: 0.0, Diff: 0.0, Sum: 0.0]
      [Object Copy (ms): Min: 130.5, Avg: 130.6, Max: 130.6, Diff: 0.1, Sum: 1044.4]
      [Termination (ms): Min: 0.0, Avg: 0.0, Max: 0.0, Diff: 0.0, Sum: 0.2]
         [Termination Attempts: Min: 1, Avg: 155.9, Max: 206, Diff: 205, Sum: 1247]
      [GC Worker Other (ms): Min: 0.0, Avg: 0.1, Max: 0.1, Diff: 0.1, Sum: 0.4]
      [GC Worker Total (ms): Min: 165.8, Avg: 165.8, Max: 165.9, Diff: 0.2, Sum: 1326.8]
      [GC Worker End (ms): Min: 169041.5, Avg: 169041.6, Max: 169041.6, Diff: 0.1]
   [Code Root Fixup: 0.0 ms]
   [Code Root Purge: 0.0 ms]
   [Clear CT: 0.2 ms]
   [Other: 1.0 ms]
      [Choose CSet: 0.0 ms]
      [Ref Proc: 0.2 ms]
      [Ref Enq: 0.0 ms]
      [Redirty Cards: 0.2 ms]
      [Humongous Register: 0.0 ms]
      [Humongous Reclaim: 0.0 ms]
      [Free CSet: 0.3 ms]
   [Eden: 288.0M(288.0M)->0.0B(291.0M) Survivors: 43.0M->42.0M Heap: 1064.7M(2048.0M)->1066.7M(2048.0M)]
 [Times: user=1.34 sys=0.00, real=0.17 secs] 
2020-09-29T12:07:58.163+0200: 169.052: [GC pause (G1 Humongous Allocation) (young) (initial-mark), 0.0568933 secs]
   [Parallel Time: 55.9 ms, GC Workers: 8]
      [GC Worker Start (ms): Min: 169052.3, Avg: 169052.3, Max: 169052.4, Diff: 0.2]
      [Ext Root Scanning (ms): Min: 0.0, Avg: 0.1, Max: 0.2, Diff: 0.2, Sum: 1.2]
      [Update RS (ms): Min: 34.0, Avg: 34.1, Max: 34.3, Diff: 0.3, Sum: 272.8]
         [Processed Buffers: Min: 39, Avg: 41.4, Max: 43, Diff: 4, Sum: 331]
      [Scan RS (ms): Min: 2.4, Avg: 2.7, Max: 2.8, Diff: 0.4, Sum: 21.5]
      [Code Root Scanning (ms): Min: 0.0, Avg: 0.0, Max: 0.0, Diff: 0.0, Sum: 0.0]
      [Object Copy (ms): Min: 18.7, Avg: 18.8, Max: 18.8, Diff: 0.1, Sum: 150.4]
      [Termination (ms): Min: 0.0, Avg: 0.0, Max: 0.0, Diff: 0.0, Sum: 0.2]
         [Termination Attempts: Min: 1, Avg: 174.1, Max: 221, Diff: 220, Sum: 1393]
      [GC Worker Other (ms): Min: 0.0, Avg: 0.0, Max: 0.0, Diff: 0.0, Sum: 0.2]
      [GC Worker Total (ms): Min: 55.7, Avg: 55.8, Max: 55.9, Diff: 0.2, Sum: 446.3]
      [GC Worker End (ms): Min: 169108.1, Avg: 169108.1, Max: 169108.1, Diff: 0.0]
   [Code Root Fixup: 0.0 ms]
   [Code Root Purge: 0.0 ms]
   [Clear CT: 0.2 ms]
   [Other: 0.8 ms]
      [Choose CSet: 0.0 ms]
      [Ref Proc: 0.1 ms]
      [Ref Enq: 0.0 ms]
      [Redirty Cards: 0.2 ms]
      [Humongous Register: 0.1 ms]
      [Humongous Reclaim: 0.0 ms]
      [Free CSet: 0.1 ms]
   [Eden: 4096.0K(291.0M)->0.0B(336.0M) Survivors: 42.0M->6144.0K Heap: 1070.2M(2048.0M)->1074.2M(2048.0M)]
 [Times: user=0.38 sys=0.00, real=0.06 secs] 
2020-09-29T12:07:58.220+0200: 169.109: [GC concurrent-root-region-scan-start]
2020-09-29T12:07:58.221+0200: 169.110: [GC concurrent-root-region-scan-end, 0.0010710 secs]
2020-09-29T12:07:58.221+0200: 169.110: [GC concurrent-mark-start]
2020-09-29T12:07:58.224+0200: 169.113: [GC concurrent-mark-end, 0.0030326 secs]
2020-09-29T12:07:58.225+0200: 169.114: [GC remark 2020-09-29T12:07:58.225+0200: 169.114: [Finalize Marking, 0.0001750 secs] 2020-09-29T12:07:58.225+0200: 169.114: [GC ref-proc, 0.0003152 secs] 2020-09-29T12:07:58.225+0200: 169.114: [Unloading, 0.0004616 secs], 0.0013631 secs]
 [Times: user=0.00 sys=0.00, real=0.00 secs] 
2020-09-29T12:07:58.226+0200: 169.115: [GC cleanup 1085M->25M(2048M), 0.0014015 secs]
 [Times: user=0.00 sys=0.00, real=0.00 secs] 
2020-09-29T12:07:58.228+0200: 169.117: [GC concurrent-cleanup-start]
2020-09-29T12:07:58.229+0200: 169.118: [GC concurrent-cleanup-end, 0.0016163 secs]
2020-09-29T12:07:58.404+0200: 169.293: [GC pause (G1 Evacuation Pause) (young), 0.1675564 secs]
   [Parallel Time: 166.2 ms, GC Workers: 8]
      [GC Worker Start (ms): Min: 169293.5, Avg: 169293.6, Max: 169293.7, Diff: 0.2]
      [Ext Root Scanning (ms): Min: 0.0, Avg: 0.1, Max: 0.2, Diff: 0.2, Sum: 0.4]
      [Update RS (ms): Min: 16.5, Avg: 16.7, Max: 17.0, Diff: 0.5, Sum: 133.6]
         [Processed Buffers: Min: 18, Avg: 19.0, Max: 21, Diff: 3, Sum: 152]
      [Scan RS (ms): Min: 15.3, Avg: 15.6, Max: 15.8, Diff: 0.4, Sum: 124.7]
      [Code Root Scanning (ms): Min: 0.0, Avg: 0.0, Max: 0.0, Diff: 0.0, Sum: 0.0]
      [Object Copy (ms): Min: 133.4, Avg: 133.6, Max: 133.6, Diff: 0.2, Sum: 1068.5]
      [Termination (ms): Min: 0.0, Avg: 0.0, Max: 0.0, Diff: 0.0, Sum: 0.0]
         [Termination Attempts: Min: 1, Avg: 26.1, Max: 41, Diff: 40, Sum: 209]
      [GC Worker Other (ms): Min: 0.0, Avg: 0.0, Max: 0.1, Diff: 0.1, Sum: 0.3]
      [GC Worker Total (ms): Min: 165.9, Avg: 166.0, Max: 166.1, Diff: 0.2, Sum: 1327.6]
      [GC Worker End (ms): Min: 169459.6, Avg: 169459.6, Max: 169459.6, Diff: 0.1]
   [Code Root Fixup: 0.0 ms]
   [Code Root Purge: 0.0 ms]
   [Clear CT: 0.2 ms]
   [Other: 1.2 ms]
      [Choose CSet: 0.0 ms]
      [Ref Proc: 0.2 ms]
      [Ref Enq: 0.0 ms]
      [Redirty Cards: 0.3 ms]
      [Humongous Register: 0.0 ms]
      [Humongous Reclaim: 0.0 ms]
      [Free CSet: 0.4 ms]
   [Eden: 336.0M(336.0M)->0.0B(309.0M) Survivors: 6144.0K->43.0M Heap: 407.7M(2048.0M)->403.7M(2048.0M)]
 [Times: user=1.34 sys=0.00, real=0.17 secs] 
2020-09-29T12:07:58.761+0200: 169.650: [GC pause (G1 Evacuation Pause) (young), 0.1780456 secs]
   [Parallel Time: 176.0 ms, GC Workers: 8]
      [GC Worker Start (ms): Min: 169650.1, Avg: 169650.2, Max: 169650.3, Diff: 0.2]
      [Ext Root Scanning (ms): Min: 0.0, Avg: 0.1, Max: 0.2, Diff: 0.1, Sum: 0.5]
      [Update RS (ms): Min: 19.1, Avg: 19.3, Max: 19.4, Diff: 0.3, Sum: 154.0]
         [Processed Buffers: Min: 21, Avg: 22.6, Max: 24, Diff: 3, Sum: 181]
      [Scan RS (ms): Min: 15.7, Avg: 15.9, Max: 16.1, Diff: 0.4, Sum: 127.3]
      [Code Root Scanning (ms): Min: 0.0, Avg: 0.0, Max: 0.0, Diff: 0.0, Sum: 0.0]
      [Object Copy (ms): Min: 140.4, Avg: 140.5, Max: 140.6, Diff: 0.2, Sum: 1124.3]
      [Termination (ms): Min: 0.0, Avg: 0.0, Max: 0.0, Diff: 0.0, Sum: 0.0]
         [Termination Attempts: Min: 1, Avg: 19.6, Max: 31, Diff: 30, Sum: 157]
      [GC Worker Other (ms): Min: 0.0, Avg: 0.1, Max: 0.1, Diff: 0.1, Sum: 0.4]
      [GC Worker Total (ms): Min: 175.8, Avg: 175.8, Max: 175.9, Diff: 0.2, Sum: 1406.5]
      [GC Worker End (ms): Min: 169826.0, Avg: 169826.0, Max: 169826.1, Diff: 0.1]
   [Code Root Fixup: 0.0 ms]
   [Code Root Purge: 0.0 ms]
   [Clear CT: 0.9 ms]
   [Other: 1.1 ms]
      [Choose CSet: 0.0 ms]
      [Ref Proc: 0.2 ms]
      [Ref Enq: 0.0 ms]
      [Redirty Cards: 0.3 ms]
      [Humongous Register: 0.0 ms]
      [Humongous Reclaim: 0.0 ms]
      [Free CSet: 0.3 ms]
   [Eden: 309.0M(309.0M)->0.0B(305.0M) Survivors: 43.0M->44.0M Heap: 764.2M(2048.0M)->765.7M(2048.0M)]
 [Times: user=1.30 sys=0.00, real=0.18 secs] 
2020-09-29T12:07:59.126+0200: 170.014: [GC pause (G1 Evacuation Pause) (young), 0.2392469 secs]
   [Parallel Time: 238.0 ms, GC Workers: 8]
      [GC Worker Start (ms): Min: 170014.6, Avg: 170014.8, Max: 170015.6, Diff: 1.0]
      [Ext Root Scanning (ms): Min: 0.0, Avg: 0.1, Max: 0.2, Diff: 0.2, Sum: 0.6]
      [Update RS (ms): Min: 24.9, Avg: 25.6, Max: 26.2, Diff: 1.3, Sum: 205.0]
         [Processed Buffers: Min: 14, Avg: 23.3, Max: 28, Diff: 14, Sum: 186]
      [Scan RS (ms): Min: 21.3, Avg: 25.3, Max: 37.4, Diff: 16.1, Sum: 202.6]
      [Code Root Scanning (ms): Min: 0.0, Avg: 0.0, Max: 0.0, Diff: 0.0, Sum: 0.0]
      [Object Copy (ms): Min: 174.4, Avg: 186.4, Max: 189.9, Diff: 15.4, Sum: 1491.4]
      [Termination (ms): Min: 0.0, Avg: 0.3, Max: 0.3, Diff: 0.3, Sum: 2.1]
         [Termination Attempts: Min: 1, Avg: 1738.1, Max: 2108, Diff: 2107, Sum: 13905]
      [GC Worker Other (ms): Min: 0.0, Avg: 0.0, Max: 0.0, Diff: 0.0, Sum: 0.1]
      [GC Worker Total (ms): Min: 237.0, Avg: 237.7, Max: 237.9, Diff: 0.9, Sum: 1901.8]
      [GC Worker End (ms): Min: 170252.5, Avg: 170252.5, Max: 170252.6, Diff: 0.0]
   [Code Root Fixup: 0.0 ms]
   [Code Root Purge: 0.0 ms]
   [Clear CT: 0.2 ms]
   [Other: 1.0 ms]
      [Choose CSet: 0.0 ms]
      [Ref Proc: 0.2 ms]
      [Ref Enq: 0.0 ms]
      [Redirty Cards: 0.2 ms]
      [Humongous Register: 0.1 ms]
      [Humongous Reclaim: 0.0 ms]
      [Free CSet: 0.3 ms]
   [Eden: 305.0M(305.0M)->0.0B(236.0M) Survivors: 44.0M->44.0M Heap: 1122.2M(2048.0M)->1124.2M(2048.0M)]
 [Times: user=1.86 sys=0.00, real=0.24 secs] 
2020-09-29T12:07:59.383+0200: 170.272: [GC pause (G1 Humongous Allocation) (young) (initial-mark), 0.0687103 secs]
   [Parallel Time: 67.7 ms, GC Workers: 8]
      [GC Worker Start (ms): Min: 170272.5, Avg: 170272.6, Max: 170272.7, Diff: 0.2]
      [Ext Root Scanning (ms): Min: 0.0, Avg: 0.2, Max: 0.5, Diff: 0.5, Sum: 1.5]
      [Update RS (ms): Min: 34.0, Avg: 34.7, Max: 37.4, Diff: 3.5, Sum: 277.5]
         [Processed Buffers: Min: 6, Avg: 33.1, Max: 38, Diff: 32, Sum: 265]
      [Scan RS (ms): Min: 0.0, Avg: 2.9, Max: 3.7, Diff: 3.7, Sum: 23.2]
      [Code Root Scanning (ms): Min: 0.0, Avg: 0.0, Max: 0.0, Diff: 0.0, Sum: 0.0]
      [Object Copy (ms): Min: 29.5, Avg: 29.7, Max: 29.8, Diff: 0.3, Sum: 237.8]
      [Termination (ms): Min: 0.0, Avg: 0.0, Max: 0.0, Diff: 0.0, Sum: 0.1]
         [Termination Attempts: Min: 1, Avg: 78.8, Max: 104, Diff: 103, Sum: 630]
      [GC Worker Other (ms): Min: 0.0, Avg: 0.0, Max: 0.1, Diff: 0.1, Sum: 0.3]
      [GC Worker Total (ms): Min: 67.4, Avg: 67.5, Max: 67.6, Diff: 0.2, Sum: 540.3]
      [GC Worker End (ms): Min: 170340.1, Avg: 170340.2, Max: 170340.2, Diff: 0.0]
   [Code Root Fixup: 0.0 ms]
   [Code Root Purge: 0.0 ms]
   [Clear CT: 0.1 ms]
   [Other: 0.9 ms]
      [Choose CSet: 0.0 ms]
      [Ref Proc: 0.2 ms]
      [Ref Enq: 0.0 ms]
      [Redirty Cards: 0.2 ms]
      [Humongous Register: 0.1 ms]
      [Humongous Reclaim: 0.0 ms]
      [Free CSet: 0.1 ms]
   [Eden: 12.0M(236.0M)->0.0B(268.0M) Survivors: 44.0M->14.0M Heap: 1135.7M(2048.0M)->1140.2M(2048.0M)]
 [Times: user=0.45 sys=0.00, real=0.07 secs] 
2020-09-29T12:07:59.452+0200: 170.341: [GC concurrent-root-region-scan-start]
2020-09-29T12:07:59.456+0200: 170.345: [GC concurrent-root-region-scan-end, 0.0034317 secs]
2020-09-29T12:07:59.456+0200: 170.345: [GC concurrent-mark-start]
2020-09-29T12:07:59.459+0200: 170.348: [GC concurrent-mark-end, 0.0035729 secs]
2020-09-29T12:07:59.459+0200: 170.348: [GC remark 2020-09-29T12:07:59.460+0200: 170.348: [Finalize Marking, 0.0002098 secs] 2020-09-29T12:07:59.460+0200: 170.349: [GC ref-proc, 0.0003921 secs] 2020-09-29T12:07:59.460+0200: 170.349: [Unloading, 0.0006481 secs], 0.0018059 secs]
 [Times: user=0.00 sys=0.00, real=0.00 secs] 
2020-09-29T12:07:59.462+0200: 170.351: [GC cleanup 1156M->38M(2048M), 0.0016656 secs]
 [Times: user=0.00 sys=0.00, real=0.00 secs] 
2020-09-29T12:07:59.464+0200: 170.352: [GC concurrent-cleanup-start]
2020-09-29T12:07:59.466+0200: 170.355: [GC concurrent-cleanup-end, 0.0022801 secs]
2020-09-29T12:07:59.628+0200: 170.517: [GC pause (G1 Evacuation Pause) (young), 0.1498616 secs]
   [Parallel Time: 148.8 ms, GC Workers: 8]
      [GC Worker Start (ms): Min: 170516.6, Avg: 170518.9, Max: 170534.7, Diff: 18.1]
      [Ext Root Scanning (ms): Min: 0.0, Avg: 0.1, Max: 0.1, Diff: 0.1, Sum: 0.7]
      [Update RS (ms): Min: 3.0, Avg: 18.7, Max: 21.5, Diff: 18.6, Sum: 149.9]
         [Processed Buffers: Min: 5, Avg: 20.1, Max: 24, Diff: 19, Sum: 161]
      [Scan RS (ms): Min: 9.7, Avg: 10.3, Max: 10.4, Diff: 0.7, Sum: 82.0]
      [Code Root Scanning (ms): Min: 0.0, Avg: 0.0, Max: 0.0, Diff: 0.0, Sum: 0.0]
      [Object Copy (ms): Min: 117.1, Avg: 117.1, Max: 117.3, Diff: 0.3, Sum: 937.1]
      [Termination (ms): Min: 0.0, Avg: 0.1, Max: 0.2, Diff: 0.2, Sum: 1.1]
         [Termination Attempts: Min: 1, Avg: 1057.0, Max: 1334, Diff: 1333, Sum: 8456]
      [GC Worker Other (ms): Min: 0.0, Avg: 0.0, Max: 0.1, Diff: 0.1, Sum: 0.3]
      [GC Worker Total (ms): Min: 130.7, Avg: 146.4, Max: 148.7, Diff: 18.1, Sum: 1171.2]
      [GC Worker End (ms): Min: 170665.3, Avg: 170665.3, Max: 170665.4, Diff: 0.1]
   [Code Root Fixup: 0.0 ms]
   [Code Root Purge: 0.0 ms]
   [Clear CT: 0.2 ms]
   [Other: 0.9 ms]
      [Choose CSet: 0.0 ms]
      [Ref Proc: 0.1 ms]
      [Ref Enq: 0.0 ms]
      [Redirty Cards: 0.2 ms]
      [Humongous Register: 0.0 ms]
      [Humongous Reclaim: 0.0 ms]
      [Free CSet: 0.2 ms]
   [Eden: 268.0M(268.0M)->0.0B(267.0M) Survivors: 14.0M->36.0M Heap: 336.3M(2048.0M)->324.8M(2048.0M)]
 [Times: user=1.19 sys=0.00, real=0.15 secs] 
2020-09-29T12:07:59.949+0200: 170.837: [GC pause (G1 Evacuation Pause) (young), 0.1693195 secs]
   [Parallel Time: 168.0 ms, GC Workers: 8]
      [GC Worker Start (ms): Min: 170837.5, Avg: 170837.5, Max: 170837.6, Diff: 0.1]
      [Ext Root Scanning (ms): Min: 0.0, Avg: 0.1, Max: 0.1, Diff: 0.1, Sum: 0.6]
      [Update RS (ms): Min: 23.0, Avg: 23.5, Max: 24.9, Diff: 1.9, Sum: 187.8]
         [Processed Buffers: Min: 0, Avg: 20.3, Max: 25, Diff: 25, Sum: 162]
      [Scan RS (ms): Min: 14.0, Avg: 15.5, Max: 16.1, Diff: 2.1, Sum: 124.3]
      [Code Root Scanning (ms): Min: 0.0, Avg: 0.0, Max: 0.0, Diff: 0.0, Sum: 0.0]
      [Object Copy (ms): Min: 128.4, Avg: 128.5, Max: 128.7, Diff: 0.3, Sum: 1028.3]
      [Termination (ms): Min: 0.0, Avg: 0.1, Max: 0.2, Diff: 0.2, Sum: 0.6]
         [Termination Attempts: Min: 1, Avg: 194.0, Max: 260, Diff: 259, Sum: 1552]
      [GC Worker Other (ms): Min: 0.0, Avg: 0.0, Max: 0.1, Diff: 0.1, Sum: 0.2]
      [GC Worker Total (ms): Min: 167.6, Avg: 167.7, Max: 167.9, Diff: 0.3, Sum: 1341.9]
      [GC Worker End (ms): Min: 171005.2, Avg: 171005.3, Max: 171005.4, Diff: 0.2]
   [Code Root Fixup: 0.0 ms]
   [Code Root Purge: 0.0 ms]
   [Clear CT: 0.2 ms]
   [Other: 1.1 ms]
      [Choose CSet: 0.0 ms]
      [Ref Proc: 0.2 ms]
      [Ref Enq: 0.0 ms]
      [Redirty Cards: 0.3 ms]
      [Humongous Register: 0.0 ms]
      [Humongous Reclaim: 0.0 ms]
      [Free CSet: 0.3 ms]
   [Eden: 267.0M(267.0M)->0.0B(266.0M) Survivors: 36.0M->38.0M Heap: 635.6M(2048.0M)->637.1M(2048.0M)]
 [Times: user=1.34 sys=0.00, real=0.17 secs] 
2020-09-29T12:08:00.297+0200: 171.186: [GC pause (G1 Evacuation Pause) (young), 0.1516782 secs]
   [Parallel Time: 150.5 ms, GC Workers: 8]
      [GC Worker Start (ms): Min: 171186.2, Avg: 171186.4, Max: 171187.4, Diff: 1.3]
      [Ext Root Scanning (ms): Min: 0.0, Avg: 0.1, Max: 0.2, Diff: 0.2, Sum: 0.6]
      [Update RS (ms): Min: 17.5, Avg: 17.9, Max: 18.4, Diff: 0.8, Sum: 143.4]
         [Processed Buffers: Min: 16, Avg: 16.8, Max: 17, Diff: 1, Sum: 134]
      [Scan RS (ms): Min: 14.4, Avg: 14.8, Max: 15.3, Diff: 0.9, Sum: 118.6]
      [Code Root Scanning (ms): Min: 0.0, Avg: 0.0, Max: 0.0, Diff: 0.0, Sum: 0.0]
      [Object Copy (ms): Min: 117.1, Avg: 117.1, Max: 117.2, Diff: 0.2, Sum: 937.1]
      [Termination (ms): Min: 0.0, Avg: 0.1, Max: 0.1, Diff: 0.1, Sum: 0.5]
         [Termination Attempts: Min: 1, Avg: 449.9, Max: 588, Diff: 587, Sum: 3599]
      [GC Worker Other (ms): Min: 0.1, Avg: 0.1, Max: 0.1, Diff: 0.0, Sum: 0.6]
      [GC Worker Total (ms): Min: 149.1, Avg: 150.1, Max: 150.4, Diff: 1.3, Sum: 1200.9]
      [GC Worker End (ms): Min: 171336.5, Avg: 171336.6, Max: 171336.6, Diff: 0.0]
   [Code Root Fixup: 0.0 ms]
   [Code Root Purge: 0.0 ms]
   [Clear CT: 0.2 ms]
   [Other: 1.0 ms]
      [Choose CSet: 0.0 ms]
      [Ref Proc: 0.2 ms]
      [Ref Enq: 0.0 ms]
      [Redirty Cards: 0.4 ms]
      [Humongous Register: 0.1 ms]
      [Humongous Reclaim: 0.0 ms]
      [Free CSet: 0.2 ms]
   [Eden: 266.0M(266.0M)->0.0B(278.0M) Survivors: 38.0M->38.0M Heap: 947.0M(2048.0M)->949.0M(2048.0M)]
 [Times: user=1.25 sys=0.00, real=0.15 secs] 
2020-09-29T12:08:00.461+0200: 171.350: [GC pause (G1 Humongous Allocation) (young) (initial-mark), 0.0517906 secs]
   [Parallel Time: 51.1 ms, GC Workers: 8]
      [GC Worker Start (ms): Min: 171350.2, Avg: 171350.3, Max: 171350.4, Diff: 0.2]
      [Ext Root Scanning (ms): Min: 0.0, Avg: 0.1, Max: 0.2, Diff: 0.2, Sum: 1.2]
      [Update RS (ms): Min: 27.0, Avg: 27.2, Max: 27.5, Diff: 0.5, Sum: 217.4]
         [Processed Buffers: Min: 25, Avg: 33.3, Max: 36, Diff: 11, Sum: 266]
      [Scan RS (ms): Min: 2.1, Avg: 2.3, Max: 2.6, Diff: 0.5, Sum: 18.8]
      [Code Root Scanning (ms): Min: 0.0, Avg: 0.0, Max: 0.0, Diff: 0.0, Sum: 0.0]
      [Object Copy (ms): Min: 21.2, Avg: 21.2, Max: 21.2, Diff: 0.1, Sum: 169.7]
      [Termination (ms): Min: 0.0, Avg: 0.1, Max: 0.1, Diff: 0.1, Sum: 0.4]
         [Termination Attempts: Min: 1, Avg: 381.5, Max: 479, Diff: 478, Sum: 3052]
      [GC Worker Other (ms): Min: 0.0, Avg: 0.0, Max: 0.0, Diff: 0.0, Sum: 0.1]
      [GC Worker Total (ms): Min: 50.8, Avg: 51.0, Max: 51.0, Diff: 0.2, Sum: 407.6]
      [GC Worker End (ms): Min: 171401.2, Avg: 171401.2, Max: 171401.2, Diff: 0.0]
   [Code Root Fixup: 0.0 ms]
   [Code Root Purge: 0.0 ms]
   [Clear CT: 0.2 ms]
   [Other: 0.6 ms]
      [Choose CSet: 0.0 ms]
      [Ref Proc: 0.1 ms]
      [Ref Enq: 0.0 ms]
      [Redirty Cards: 0.1 ms]
      [Humongous Register: 0.0 ms]
      [Humongous Reclaim: 0.0 ms]
      [Free CSet: 0.1 ms]
   [Eden: 12.0M(278.0M)->0.0B(318.0M) Survivors: 38.0M->14.0M Heap: 962.9M(2048.0M)->966.4M(2048.0M)]
 [Times: user=0.38 sys=0.00, real=0.05 secs] 
2020-09-29T12:08:00.513+0200: 171.402: [GC concurrent-root-region-scan-start]
2020-09-29T12:08:00.516+0200: 171.404: [GC concurrent-root-region-scan-end, 0.0021593 secs]
2020-09-29T12:08:00.516+0200: 171.404: [GC concurrent-mark-start]
2020-09-29T12:08:00.518+0200: 171.406: [GC concurrent-mark-end, 0.0022641 secs]
2020-09-29T12:08:00.518+0200: 171.407: [GC remark 2020-09-29T12:08:00.518+0200: 171.407: [Finalize Marking, 0.0001805 secs] 2020-09-29T12:08:00.518+0200: 171.407: [GC ref-proc, 0.0002721 secs] 2020-09-29T12:08:00.518+0200: 171.407: [Unloading, 0.0004145 secs], 0.0011939 secs]
 [Times: user=0.00 sys=0.00, real=0.00 secs] 
2020-09-29T12:08:00.520+0200: 171.408: [GC cleanup 978M->34M(2048M), 0.0010841 secs]
 [Times: user=0.11 sys=0.00, real=0.00 secs] 
2020-09-29T12:08:00.521+0200: 171.409: [GC concurrent-cleanup-start]
2020-09-29T12:08:00.522+0200: 171.410: [GC concurrent-cleanup-end, 0.0010225 secs]
Heap
 garbage-first heap   total 2097152K, used 241682K [0x0000000080000000, 0x0000000080104000, 0x0000000100000000)
  region size 1024K, 198 young (202752K), 14 survivors (14336K)
 Metaspace       used 2594K, capacity 4486K, committed 4864K, reserved 1056768K
  class space    used 285K, capacity 386K, committed 512K, reserved 1048576K
