Java HotSpot(TM) 64-Bit Server VM (25.261-b12) for windows-amd64 JRE (1.8.0_261-b12), built on Jun 18 2020 06:56:32 by "" with unknown MS VC++:1916
Memory: 4k page, physical 16659684k(9073120k free), swap 23213284k(8136352k free)
CommandLine flags: -XX:InitialHeapSize=2147483648 -XX:MaxHeapSize=2147483648 -XX:+PrintGC -XX:+PrintGCDateStamps -XX:+PrintGCDetails -XX:+PrintGCTimeStamps -XX:+UseCompressedClassPointers -XX:+UseCompressedOops -XX:-UseLargePagesIndividualAllocation -XX:+UseParallelGC 
2020-09-29T12:39:04.710+0200: 0.452: [GC (Allocation Failure) [PSYoungGen: 524800K->12001K(611840K)] 524800K->12009K(2010112K), 0.0106114 secs] [Times: user=0.00 sys=0.00, real=0.01 secs] 
2020-09-29T12:39:04.828+0200: 0.570: [GC (Allocation Failure) [PSYoungGen: 536801K->3425K(611840K)] 536809K->3433K(2010112K), 0.0071247 secs] [Times: user=0.13 sys=0.00, real=0.01 secs] 
2020-09-29T12:39:04.918+0200: 0.660: [GC (Allocation Failure) [PSYoungGen: 528225K->8577K(611840K)] 528233K->8585K(2010112K), 0.0054270 secs] [Times: user=0.00 sys=0.00, real=0.01 secs] 
2020-09-29T12:39:05.022+0200: 0.765: [GC (Allocation Failure) [PSYoungGen: 533377K->13729K(611840K)] 533385K->13737K(2010112K), 0.0105197 secs] [Times: user=0.00 sys=0.00, real=0.01 secs] 
2020-09-29T12:39:05.154+0200: 0.896: [GC (Allocation Failure) [PSYoungGen: 538529K->5249K(611840K)] 538537K->5257K(2010112K), 0.0046072 secs] [Times: user=0.00 sys=0.00, real=0.00 secs] 
2020-09-29T12:39:05.271+0200: 1.014: [GC (Allocation Failure) [PSYoungGen: 530049K->10465K(682496K)] 530057K->10473K(2080768K), 0.0098126 secs] [Times: user=0.00 sys=0.00, real=0.01 secs] 
2020-09-29T12:39:05.451+0200: 1.194: [GC (Allocation Failure) [PSYoungGen: 676577K->6241K(682496K)] 676585K->6649K(2080768K), 0.0070909 secs] [Times: user=0.00 sys=0.02, real=0.01 secs] 
2020-09-29T12:39:05.592+0200: 1.335: [GC (Allocation Failure) [PSYoungGen: 671643K->32K(680960K)] 672051K->440K(2079232K), 0.0004043 secs] [Times: user=0.00 sys=0.00, real=0.00 secs] 
2020-09-29T12:39:05.719+0200: 1.461: [GC (Allocation Failure) [PSYoungGen: 665120K->8993K(681984K)] 665528K->9401K(2080256K), 0.0074427 secs] [Times: user=0.11 sys=0.00, real=0.01 secs] 
2020-09-29T12:39:05.845+0200: 1.587: [GC (Allocation Failure) [PSYoungGen: 674081K->4161K(683008K)] 674489K->4569K(2081280K), 0.0036992 secs] [Times: user=0.11 sys=0.00, real=0.00 secs] 
2020-09-29T12:39:05.968+0200: 1.711: [GC (Allocation Failure) [PSYoungGen: 670785K->32K(682496K)] 671193K->440K(2080768K), 0.0008850 secs] [Times: user=0.00 sys=0.00, real=0.00 secs] 
2020-09-29T12:39:06.089+0200: 1.832: [GC (Allocation Failure) [PSYoungGen: 666656K->10497K(681472K)] 667064K->10905K(2079744K), 0.0075066 secs] [Times: user=0.00 sys=0.00, real=0.01 secs] 
2020-09-29T12:39:06.213+0200: 1.956: [GC (Allocation Failure) [PSYoungGen: 675585K->5665K(681984K)] 675993K->6073K(2080256K), 0.0044383 secs] [Times: user=0.00 sys=0.00, real=0.00 secs] 
2020-09-29T12:39:06.335+0200: 2.078: [GC (Allocation Failure) [PSYoungGen: 670753K->32K(682496K)] 671161K->440K(2080768K), 0.0004442 secs] [Times: user=0.00 sys=0.00, real=0.00 secs] 
2020-09-29T12:39:06.455+0200: 2.197: [GC (Allocation Failure) [PSYoungGen: 666144K->9953K(676352K)] 666552K->10361K(2074624K), 0.0079290 secs] [Times: user=0.11 sys=0.00, real=0.01 secs] 
2020-09-29T12:39:06.602+0200: 2.344: [GC (Allocation Failure) [PSYoungGen: 676065K->6145K(683008K)] 676473K->6553K(2081280K), 0.0054514 secs] [Times: user=0.00 sys=0.00, real=0.01 secs] 
2020-09-29T12:39:06.733+0200: 2.475: [GC (Allocation Failure) [PSYoungGen: 672257K->2337K(681984K)] 672665K->2745K(2080256K), 0.0029779 secs] [Times: user=0.00 sys=0.00, real=0.00 secs] 
2020-09-29T12:39:06.871+0200: 2.613: [GC (Allocation Failure) [PSYoungGen: 668449K->12225K(680960K)] 668857K->12633K(2079232K), 0.0087338 secs] [Times: user=0.01 sys=0.00, real=0.01 secs] 
2020-09-29T12:39:06.988+0200: 2.730: [GC (Allocation Failure) [PSYoungGen: 677313K->7361K(681984K)] 677721K->7769K(2080256K), 0.0049455 secs] [Times: user=0.13 sys=0.00, real=0.01 secs] 
2020-09-29T12:39:07.095+0200: 2.837: [GC (Allocation Failure) [PSYoungGen: 672449K->2465K(683008K)] 672857K->2873K(2081280K), 0.0029782 secs] [Times: user=0.00 sys=0.00, real=0.00 secs] 
2020-09-29T12:39:07.207+0200: 2.950: [GC (Allocation Failure) [PSYoungGen: 669089K->12897K(679936K)] 669497K->13305K(2078208K), 0.0071291 secs] [Times: user=0.11 sys=0.00, real=0.01 secs] 
2020-09-29T12:39:07.319+0200: 3.061: [GC (Allocation Failure) [PSYoungGen: 679521K->9601K(681472K)] 679929K->10009K(2079744K), 0.0062188 secs] [Times: user=0.00 sys=0.00, real=0.01 secs] 
2020-09-29T12:39:07.431+0200: 3.174: [GC (Allocation Failure) [PSYoungGen: 671933K->32K(664576K)] 672341K->440K(2062848K), 0.0004087 secs] [Times: user=0.00 sys=0.00, real=0.00 secs] 
2020-09-29T12:39:07.532+0200: 3.275: [GC (Allocation Failure) [PSYoungGen: 664096K->7969K(681984K)] 664504K->8377K(2080256K), 0.0053383 secs] [Times: user=0.13 sys=0.00, real=0.01 secs] 
2020-09-29T12:39:07.639+0200: 3.381: [GC (Allocation Failure) [PSYoungGen: 672033K->32K(680960K)] 672441K->440K(2079232K), 0.0005284 secs] [Times: user=0.00 sys=0.00, real=0.00 secs] 
2020-09-29T12:39:07.749+0200: 3.492: [GC (Allocation Failure) [PSYoungGen: 664096K->7937K(681984K)] 664504K->8345K(2080256K), 0.0050343 secs] [Times: user=0.13 sys=0.00, real=0.00 secs] 
2020-09-29T12:39:07.858+0200: 3.601: [GC (Allocation Failure) [PSYoungGen: 672513K->2561K(681472K)] 672921K->2969K(2079744K), 0.0029703 secs] [Times: user=0.00 sys=0.00, real=0.00 secs] 
2020-09-29T12:39:07.972+0200: 3.714: [GC (Allocation Failure) [PSYoungGen: 667137K->10913K(680448K)] 667545K->11321K(2078720K), 0.0066369 secs] [Times: user=0.13 sys=0.00, real=0.01 secs] 
2020-09-29T12:39:08.081+0200: 3.823: [GC (Allocation Failure) [PSYoungGen: 674977K->5057K(681472K)] 675385K->5465K(2079744K), 0.0039400 secs] [Times: user=0.13 sys=0.00, real=0.00 secs] 
2020-09-29T12:39:08.189+0200: 3.931: [GC (Allocation Failure) [PSYoungGen: 669121K->12897K(679424K)] 669529K->13305K(2077696K), 0.0077380 secs] [Times: user=0.13 sys=0.00, real=0.01 secs] 
2020-09-29T12:39:08.299+0200: 4.042: [GC (Allocation Failure) [PSYoungGen: 675937K->6017K(680960K)] 676345K->6425K(2079232K), 0.0042161 secs] [Times: user=0.13 sys=0.00, real=0.00 secs] 
2020-09-29T12:39:08.405+0200: 4.148: [GC (Allocation Failure) [PSYoungGen: 669057K->12833K(678912K)] 669465K->13241K(2077184K), 0.0073107 secs] [Times: user=0.13 sys=0.00, real=0.01 secs] 
2020-09-29T12:39:08.514+0200: 4.256: [GC (Allocation Failure) [PSYoungGen: 674849K->4865K(680448K)] 675257K->5273K(2078720K), 0.0038109 secs] [Times: user=0.00 sys=0.00, real=0.00 secs] 
2020-09-29T12:39:08.622+0200: 4.364: [GC (Allocation Failure) [PSYoungGen: 666881K->10625K(680448K)] 667289K->11033K(2078720K), 0.0063133 secs] [Times: user=0.00 sys=0.00, real=0.01 secs] 
2020-09-29T12:39:08.731+0200: 4.474: [GC (Allocation Failure) [PSYoungGen: 671997K->32K(680960K)] 672405K->440K(2079232K), 0.0003718 secs] [Times: user=0.00 sys=0.00, real=0.00 secs] 
2020-09-29T12:39:08.834+0200: 4.577: [GC (Allocation Failure) [PSYoungGen: 663072K->6881K(681984K)] 663480K->7289K(2080256K), 0.0047485 secs] [Times: user=0.00 sys=0.00, real=0.00 secs] 
2020-09-29T12:39:08.939+0200: 4.681: [GC (Allocation Failure) [PSYoungGen: 670945K->32K(680960K)] 671353K->440K(2079232K), 0.0008252 secs] [Times: user=0.00 sys=0.00, real=0.00 secs] 
2020-09-29T12:39:09.040+0200: 4.783: [GC (Allocation Failure) [PSYoungGen: 664096K->7937K(681984K)] 664504K->8345K(2080256K), 0.0052451 secs] [Times: user=0.00 sys=0.00, real=0.01 secs] 
2020-09-29T12:39:09.166+0200: 4.909: [GC (Allocation Failure) [PSYoungGen: 672513K->2529K(681472K)] 672921K->2937K(2079744K), 0.0033181 secs] [Times: user=0.00 sys=0.00, real=0.00 secs] 
2020-09-29T12:39:09.278+0200: 5.020: [GC (Allocation Failure) [PSYoungGen: 667105K->10881K(680448K)] 667513K->11289K(2078720K), 0.0062894 secs] [Times: user=0.00 sys=0.00, real=0.01 secs] 
2020-09-29T12:39:09.386+0200: 5.128: [GC (Allocation Failure) [PSYoungGen: 674945K->5025K(681472K)] 675353K->5433K(2079744K), 0.0041981 secs] [Times: user=0.00 sys=0.00, real=0.00 secs] 
2020-09-29T12:39:09.495+0200: 5.237: [GC (Allocation Failure) [PSYoungGen: 669089K->12833K(679424K)] 669497K->13241K(2077696K), 0.0072559 secs] [Times: user=0.00 sys=0.00, real=0.01 secs] 
2020-09-29T12:39:09.608+0200: 5.350: [GC (Allocation Failure) [PSYoungGen: 675873K->5985K(680960K)] 676281K->6393K(2079232K), 0.0044469 secs] [Times: user=0.00 sys=0.00, real=0.00 secs] 
2020-09-29T12:39:09.722+0200: 5.464: [GC (Allocation Failure) [PSYoungGen: 669025K->12737K(679936K)] 669433K->13145K(2078208K), 0.0072043 secs] [Times: user=0.13 sys=0.00, real=0.01 secs] 
2020-09-29T12:39:09.833+0200: 5.575: [GC (Allocation Failure) [PSYoungGen: 675777K->5857K(680960K)] 676185K->6265K(2079232K), 0.0046482 secs] [Times: user=0.00 sys=0.00, real=0.01 secs] 
2020-09-29T12:39:09.938+0200: 5.681: [GC (Allocation Failure) [PSYoungGen: 668897K->12673K(679424K)] 669305K->13081K(2077696K), 0.0071394 secs] [Times: user=0.13 sys=0.00, real=0.01 secs] 
2020-09-29T12:39:10.050+0200: 5.792: [GC (Allocation Failure) [PSYoungGen: 674689K->4737K(680448K)] 675097K->5145K(2078720K), 0.0037997 secs] [Times: user=0.13 sys=0.00, real=0.00 secs] 
2020-09-29T12:39:10.157+0200: 5.899: [GC (Allocation Failure) [PSYoungGen: 666753K->10561K(680960K)] 667161K->10969K(2079232K), 0.0065345 secs] [Times: user=0.13 sys=0.00, real=0.01 secs] 
2020-09-29T12:39:10.286+0200: 6.029: [GC (Allocation Failure) [PSYoungGen: 672005K->32K(663552K)] 672413K->440K(2061824K), 0.0005638 secs] [Times: user=0.00 sys=0.00, real=0.00 secs] 
2020-09-29T12:39:10.392+0200: 6.135: [GC (Allocation Failure) [PSYoungGen: 663072K->6881K(681472K)] 663480K->7289K(2079744K), 0.0048105 secs] [Times: user=0.13 sys=0.00, real=0.01 secs] 
2020-09-29T12:39:10.498+0200: 6.241: [GC (Allocation Failure) [PSYoungGen: 669921K->13697K(676864K)] 670329K->14105K(2075136K), 0.0075462 secs] [Times: user=0.13 sys=0.00, real=0.01 secs] 
2020-09-29T12:39:10.618+0200: 6.360: [GC (Allocation Failure) [PSYoungGen: 676737K->6817K(680960K)] 677145K->7225K(2079232K), 0.0049497 secs] [Times: user=0.00 sys=0.00, real=0.00 secs] 
2020-09-29T12:39:10.726+0200: 6.469: [GC (Allocation Failure) [PSYoungGen: 668833K->12609K(679936K)] 669241K->13017K(2078208K), 0.0072349 secs] [Times: user=0.00 sys=0.00, real=0.01 secs] 
2020-09-29T12:39:10.840+0200: 6.583: [GC (Allocation Failure) [PSYoungGen: 674625K->4641K(680448K)] 675033K->5049K(2078720K), 0.0041952 secs] [Times: user=0.00 sys=0.00, real=0.00 secs] 
2020-09-29T12:39:10.949+0200: 6.692: [GC (Allocation Failure) [PSYoungGen: 666657K->10433K(680448K)] 667065K->10841K(2078720K), 0.0064164 secs] [Times: user=0.00 sys=0.00, real=0.01 secs] 
2020-09-29T12:39:11.062+0200: 6.804: [GC (Allocation Failure) [PSYoungGen: 672449K->2465K(680960K)] 672857K->2873K(2079232K), 0.0029314 secs] [Times: user=0.00 sys=0.00, real=0.00 secs] 
2020-09-29T12:39:11.173+0200: 6.915: [GC (Allocation Failure) [PSYoungGen: 664993K->8801K(680448K)] 665401K->9209K(2078720K), 0.0060075 secs] [Times: user=0.13 sys=0.00, real=0.01 secs] 
2020-09-29T12:39:11.288+0200: 7.031: [GC (Allocation Failure) [PSYoungGen: 671329K->32K(680448K)] 671737K->440K(2078720K), 0.0004424 secs] [Times: user=0.00 sys=0.00, real=0.00 secs] 
2020-09-29T12:39:11.391+0200: 7.133: [GC (Allocation Failure) [PSYoungGen: 663072K->6977K(680960K)] 663480K->7385K(2079232K), 0.0046857 secs] [Times: user=0.13 sys=0.00, real=0.00 secs] 
2020-09-29T12:39:11.501+0200: 7.244: [GC (Allocation Failure) [PSYoungGen: 670017K->13729K(678912K)] 670425K->14137K(2077184K), 0.0073558 secs] [Times: user=0.13 sys=0.00, real=0.01 secs] 
2020-09-29T12:39:11.615+0200: 7.358: [GC (Allocation Failure) [PSYoungGen: 675745K->5825K(680448K)] 676153K->6233K(2078720K), 0.0042898 secs] [Times: user=0.00 sys=0.00, real=0.00 secs] 
2020-09-29T12:39:11.743+0200: 7.485: [GC (Allocation Failure) [PSYoungGen: 667841K->11585K(679424K)] 668249K->11993K(2077696K), 0.0068969 secs] [Times: user=0.00 sys=0.00, real=0.01 secs] 
2020-09-29T12:39:11.855+0200: 7.598: [GC (Allocation Failure) [PSYoungGen: 673601K->3617K(680448K)] 674009K->4025K(2078720K), 0.0033634 secs] [Times: user=0.00 sys=0.00, real=0.00 secs] 
2020-09-29T12:39:11.959+0200: 7.701: [GC (Allocation Failure) [PSYoungGen: 665633K->9441K(681472K)] 666041K->9849K(2079744K), 0.0057426 secs] [Times: user=0.00 sys=0.00, real=0.01 secs] 
2020-09-29T12:39:12.069+0200: 7.812: [GC (Allocation Failure) [PSYoungGen: 672993K->3009K(680960K)] 673401K->3417K(2079232K), 0.0035345 secs] [Times: user=0.00 sys=0.00, real=0.00 secs] 
2020-09-29T12:39:12.180+0200: 7.923: [GC (Allocation Failure) [PSYoungGen: 666561K->10369K(681472K)] 666969K->10777K(2079744K), 0.0068736 secs] [Times: user=0.00 sys=0.00, real=0.01 secs] 
2020-09-29T12:39:12.292+0200: 8.035: [GC (Allocation Failure) [PSYoungGen: 674433K->4449K(681472K)] 674841K->4857K(2079744K), 0.0036932 secs] [Times: user=0.00 sys=0.00, real=0.00 secs] 
2020-09-29T12:39:12.404+0200: 8.147: [GC (Allocation Failure) [PSYoungGen: 668513K->12289K(680448K)] 668921K->12697K(2078720K), 0.0069268 secs] [Times: user=0.13 sys=0.00, real=0.01 secs] 
2020-09-29T12:39:12.510+0200: 8.253: [GC (Allocation Failure) [PSYoungGen: 675329K->5345K(680960K)] 675737K->5753K(2079232K), 0.0041001 secs] [Times: user=0.00 sys=0.00, real=0.01 secs] 
2020-09-29T12:39:12.620+0200: 8.362: [GC (Allocation Failure) [PSYoungGen: 668385K->12193K(679424K)] 668793K->12601K(2077696K), 0.0077958 secs] [Times: user=0.00 sys=0.00, real=0.01 secs] 
2020-09-29T12:39:12.732+0200: 8.474: [GC (Allocation Failure) [PSYoungGen: 674209K->4257K(680448K)] 674617K->4665K(2078720K), 0.0037078 secs] [Times: user=0.00 sys=0.00, real=0.00 secs] 
2020-09-29T12:39:12.841+0200: 8.583: [GC (Allocation Failure) [PSYoungGen: 666273K->10081K(680960K)] 666681K->10489K(2079232K), 0.0062880 secs] [Times: user=0.00 sys=0.00, real=0.01 secs] 
2020-09-29T12:39:12.959+0200: 8.702: [GC (Allocation Failure) [PSYoungGen: 673121K->3233K(680960K)] 673529K->3641K(2079232K), 0.0031593 secs] [Times: user=0.00 sys=0.00, real=0.00 secs] 
2020-09-29T12:39:13.068+0200: 8.810: [GC (Allocation Failure) [PSYoungGen: 666273K->9953K(681472K)] 666681K->10361K(2079744K), 0.0058770 secs] [Times: user=0.00 sys=0.00, real=0.01 secs] 
2020-09-29T12:39:13.178+0200: 8.920: [GC (Allocation Failure) [PSYoungGen: 674017K->4129K(681472K)] 674425K->4537K(2079744K), 0.0037856 secs] [Times: user=0.00 sys=0.00, real=0.00 secs] 
2020-09-29T12:39:13.300+0200: 9.042: [GC (Allocation Failure) [PSYoungGen: 668193K->11873K(680448K)] 668601K->12281K(2078720K), 0.0071021 secs] [Times: user=0.13 sys=0.00, real=0.01 secs] 
2020-09-29T12:39:13.406+0200: 9.148: [GC (Allocation Failure) [PSYoungGen: 674913K->5025K(680960K)] 675321K->5433K(2079232K), 0.0037452 secs] [Times: user=0.00 sys=0.00, real=0.00 secs] 
2020-09-29T12:39:13.516+0200: 9.258: [GC (Allocation Failure) [PSYoungGen: 668065K->11777K(680448K)] 668473K->12185K(2078720K), 0.0065724 secs] [Times: user=0.13 sys=0.00, real=0.01 secs] 
2020-09-29T12:39:13.625+0200: 9.367: [GC (Allocation Failure) [PSYoungGen: 674817K->4961K(680960K)] 675225K->5369K(2079232K), 0.0038912 secs] [Times: user=0.00 sys=0.00, real=0.00 secs] 
2020-09-29T12:39:13.731+0200: 9.474: [GC (Allocation Failure) [PSYoungGen: 668001K->11713K(680448K)] 668409K->12121K(2078720K), 0.0073841 secs] [Times: user=0.01 sys=0.00, real=0.01 secs] 
2020-09-29T12:39:13.844+0200: 9.586: [GC (Allocation Failure) [PSYoungGen: 674753K->4801K(680960K)] 675161K->5209K(2079232K), 0.0036900 secs] [Times: user=0.00 sys=0.00, real=0.00 secs] 
2020-09-29T12:39:13.948+0200: 9.690: [GC (Allocation Failure) [PSYoungGen: 667841K->11585K(680448K)] 668249K->11993K(2078720K), 0.0065955 secs] [Times: user=0.00 sys=0.00, real=0.01 secs] 
2020-09-29T12:39:14.057+0200: 9.799: [GC (Allocation Failure) [PSYoungGen: 674625K->4769K(680960K)] 675033K->5177K(2079232K), 0.0036266 secs] [Times: user=0.00 sys=0.00, real=0.00 secs] 
2020-09-29T12:39:14.164+0200: 9.907: [GC (Allocation Failure) [PSYoungGen: 667809K->11489K(680960K)] 668217K->11897K(2079232K), 0.0069152 secs] [Times: user=0.00 sys=0.00, real=0.01 secs] 
2020-09-29T12:39:14.277+0200: 10.020: [GC (Allocation Failure) [PSYoungGen: 674529K->4641K(680960K)] 674937K->5049K(2079232K), 0.0035525 secs] [Times: user=0.00 sys=0.00, real=0.00 secs] 
2020-09-29T12:39:14.386+0200: 10.128: [GC (Allocation Failure) [PSYoungGen: 667681K->11425K(680960K)] 668089K->11833K(2079232K), 0.0064093 secs] [Times: user=0.00 sys=0.00, real=0.01 secs] 
2020-09-29T12:39:14.492+0200: 10.234: [GC (Allocation Failure) [PSYoungGen: 674465K->4513K(680960K)] 674873K->4921K(2079232K), 0.0038252 secs] [Times: user=0.00 sys=0.00, real=0.00 secs] 
2020-09-29T12:39:14.598+0200: 10.340: [GC (Allocation Failure) [PSYoungGen: 667553K->11265K(680960K)] 667961K->11673K(2079232K), 0.0072738 secs] [Times: user=0.11 sys=0.00, real=0.01 secs] 
2020-09-29T12:39:14.710+0200: 10.452: [GC (Allocation Failure) [PSYoungGen: 674305K->4417K(680960K)] 674713K->4825K(2079232K), 0.0036263 secs] [Times: user=0.00 sys=0.00, real=0.00 secs] 
2020-09-29T12:39:14.816+0200: 10.559: [GC (Allocation Failure) [PSYoungGen: 667457K->11201K(680960K)] 667865K->11609K(2079232K), 0.0064711 secs] [Times: user=0.11 sys=0.00, real=0.01 secs] 
2020-09-29T12:39:14.929+0200: 10.672: [GC (Allocation Failure) [PSYoungGen: 674241K->4289K(680960K)] 674649K->4697K(2079232K), 0.0038104 secs] [Times: user=0.00 sys=0.00, real=0.00 secs] 
2020-09-29T12:39:15.036+0200: 10.778: [GC (Allocation Failure) [PSYoungGen: 667329K->11169K(680960K)] 667737K->11577K(2079232K), 0.0061957 secs] [Times: user=0.00 sys=0.00, real=0.01 secs] 
2020-09-29T12:39:15.144+0200: 10.886: [GC (Allocation Failure) [PSYoungGen: 674209K->4193K(680960K)] 674617K->4601K(2079232K), 0.0039527 secs] [Times: user=0.11 sys=0.00, real=0.00 secs] 
2020-09-29T12:39:15.260+0200: 11.002: [GC (Allocation Failure) [PSYoungGen: 667233K->11041K(680960K)] 667641K->11449K(2079232K), 0.0062911 secs] [Times: user=0.00 sys=0.00, real=0.01 secs] 
2020-09-29T12:39:15.370+0200: 11.113: [GC (Allocation Failure) [PSYoungGen: 674081K->4129K(680960K)] 674489K->4537K(2079232K), 0.0035563 secs] [Times: user=0.00 sys=0.00, real=0.00 secs] 
2020-09-29T12:39:15.476+0200: 11.218: [GC (Allocation Failure) [PSYoungGen: 667169K->10913K(680960K)] 667577K->11321K(2079232K), 0.0064420 secs] [Times: user=0.00 sys=0.00, real=0.01 secs] 
2020-09-29T12:39:15.583+0200: 11.326: [GC (Allocation Failure) [PSYoungGen: 673953K->4001K(680960K)] 674361K->4409K(2079232K), 0.0035275 secs] [Times: user=0.00 sys=0.00, real=0.00 secs] 
2020-09-29T12:39:15.687+0200: 11.429: [GC (Allocation Failure) [PSYoungGen: 667041K->10849K(680448K)] 667449K->11257K(2078720K), 0.0063811 secs] [Times: user=0.13 sys=0.00, real=0.01 secs] 
2020-09-29T12:39:15.798+0200: 11.540: [GC (Allocation Failure) [PSYoungGen: 673889K->3969K(680960K)] 674297K->4377K(2079232K), 0.0034488 secs] [Times: user=0.00 sys=0.00, real=0.00 secs] 
2020-09-29T12:39:15.907+0200: 11.649: [GC (Allocation Failure) [PSYoungGen: 667009K->10721K(680448K)] 667417K->11129K(2078720K), 0.0065254 secs] [Times: user=0.13 sys=0.00, real=0.01 secs] 
2020-09-29T12:39:16.012+0200: 11.754: [GC (Allocation Failure) [PSYoungGen: 673761K->3809K(680960K)] 674169K->4217K(2079232K), 0.0034373 secs] [Times: user=0.00 sys=0.00, real=0.00 secs] 
2020-09-29T12:39:16.118+0200: 11.860: [GC (Allocation Failure) [PSYoungGen: 666849K->10657K(680448K)] 667257K->11065K(2078720K), 0.0063420 secs] [Times: user=0.00 sys=0.00, real=0.01 secs] 
2020-09-29T12:39:16.229+0200: 11.971: [GC (Allocation Failure) [PSYoungGen: 673697K->3745K(680960K)] 674105K->4153K(2079232K), 0.0033887 secs] [Times: user=0.00 sys=0.00, real=0.00 secs] 
2020-09-29T12:39:16.336+0200: 12.078: [GC (Allocation Failure) [PSYoungGen: 666785K->10529K(681472K)] 667193K->10937K(2079744K), 0.0067404 secs] [Times: user=0.00 sys=0.00, real=0.01 secs] 
2020-09-29T12:39:16.444+0200: 12.186: [GC (Allocation Failure) [PSYoungGen: 674593K->4641K(681472K)] 675001K->5049K(2079744K), 0.0037874 secs] [Times: user=0.00 sys=0.00, real=0.00 secs] 
2020-09-29T12:39:16.548+0200: 12.290: [GC (Allocation Failure) [PSYoungGen: 668705K->12513K(679936K)] 669113K->12921K(2078208K), 0.0071154 secs] [Times: user=0.13 sys=0.00, real=0.01 secs] 
2020-09-29T12:39:16.659+0200: 12.401: [GC (Allocation Failure) [PSYoungGen: 675553K->5633K(680960K)] 675961K->6041K(2079232K), 0.0042400 secs] [Times: user=0.13 sys=0.00, real=0.00 secs] 
2020-09-29T12:39:16.766+0200: 12.508: [GC (Allocation Failure) [PSYoungGen: 668673K->12353K(679424K)] 669081K->12761K(2077696K), 0.0069129 secs] [Times: user=0.13 sys=0.00, real=0.01 secs] 
2020-09-29T12:39:16.881+0200: 12.623: [GC (Allocation Failure) [PSYoungGen: 674369K->4513K(680448K)] 674777K->4921K(2078720K), 0.0035176 secs] [Times: user=0.00 sys=0.00, real=0.00 secs] 
2020-09-29T12:39:16.990+0200: 12.732: [GC (Allocation Failure) [PSYoungGen: 666529K->10241K(680960K)] 666937K->10649K(2079232K), 0.0061729 secs] [Times: user=0.00 sys=0.00, real=0.01 secs] 
2020-09-29T12:39:17.104+0200: 12.846: [GC (Allocation Failure) [PSYoungGen: 671739K->32K(663552K)] 672147K->440K(2061824K), 0.0005731 secs] [Times: user=0.00 sys=0.00, real=0.00 secs] 
2020-09-29T12:39:17.213+0200: 12.956: [GC (Allocation Failure) [PSYoungGen: 663072K->6913K(681472K)] 663480K->7321K(2079744K), 0.0046680 secs] [Times: user=0.00 sys=0.00, real=0.00 secs] 
2020-09-29T12:39:17.330+0200: 13.073: [GC (Allocation Failure) [PSYoungGen: 669953K->13729K(680448K)] 670361K->14137K(2078720K), 0.0088390 secs] [Times: user=0.11 sys=0.00, real=0.01 secs] 
2020-09-29T12:39:17.448+0200: 13.191: [GC (Allocation Failure) [PSYoungGen: 676769K->6817K(680960K)] 677177K->7225K(2079232K), 0.0045718 secs] [Times: user=0.00 sys=0.00, real=0.00 secs] 
2020-09-29T12:39:17.559+0200: 13.301: [GC (Allocation Failure) [PSYoungGen: 669345K->13057K(675840K)] 669753K->13465K(2074112K), 0.0072204 secs] [Times: user=0.00 sys=0.00, real=0.01 secs] 
2020-09-29T12:39:17.666+0200: 13.408: [GC (Allocation Failure) [PSYoungGen: 675585K->5729K(680960K)] 675993K->6137K(2079232K), 0.0042986 secs] [Times: user=0.00 sys=0.00, real=0.00 secs] 
2020-09-29T12:39:17.771+0200: 13.513: [GC (Allocation Failure) [PSYoungGen: 667745K->11457K(679936K)] 668153K->11865K(2078208K), 0.0070318 secs] [Times: user=0.00 sys=0.00, real=0.01 secs] 
2020-09-29T12:39:17.884+0200: 13.627: [GC (Allocation Failure) [PSYoungGen: 671607K->32K(679424K)] 672016K->440K(2077696K), 0.0004196 secs] [Times: user=0.00 sys=0.00, real=0.00 secs] 
2020-09-29T12:39:17.995+0200: 13.737: [GC (Allocation Failure) [PSYoungGen: 661024K->4865K(679936K)] 661432K->5273K(2078208K), 0.0039757 secs] [Times: user=0.00 sys=0.00, real=0.00 secs] 
2020-09-29T12:39:18.106+0200: 13.849: [GC (Allocation Failure) [PSYoungGen: 665857K->9665K(680960K)] 666265K->10073K(2079232K), 0.0060000 secs] [Times: user=0.00 sys=0.00, real=0.01 secs] 
2020-09-29T12:39:18.224+0200: 13.966: [GC (Allocation Failure) [PSYoungGen: 672193K->2209K(680448K)] 672601K->2617K(2078720K), 0.0027625 secs] [Times: user=0.00 sys=0.00, real=0.00 secs] 
2020-09-29T12:39:18.328+0200: 14.070: [GC (Allocation Failure) [PSYoungGen: 664737K->8513K(681472K)] 665145K->8921K(2079744K), 0.0051868 secs] [Times: user=0.13 sys=0.00, real=0.00 secs] 
2020-09-29T12:39:18.437+0200: 14.179: [GC (Allocation Failure) [PSYoungGen: 672065K->2209K(680960K)] 672473K->2617K(2079232K), 0.0025520 secs] [Times: user=0.00 sys=0.00, real=0.00 secs] 
2020-09-29T12:39:18.539+0200: 14.282: [GC (Allocation Failure) [PSYoungGen: 665761K->9409K(681472K)] 666169K->9817K(2079744K), 0.0059030 secs] [Times: user=0.00 sys=0.00, real=0.01 secs] 
2020-09-29T12:39:18.650+0200: 14.392: [GC (Allocation Failure) [PSYoungGen: 673473K->3521K(681472K)] 673881K->3929K(2079744K), 0.0033951 secs] [Times: user=0.00 sys=0.00, real=0.00 secs] 
2020-09-29T12:39:18.758+0200: 14.501: [GC (Allocation Failure) [PSYoungGen: 667585K->11361K(680960K)] 667993K->11769K(2079232K), 0.0066886 secs] [Times: user=0.00 sys=0.00, real=0.01 secs] 
2020-09-29T12:39:18.868+0200: 14.610: [GC (Allocation Failure) [PSYoungGen: 675425K->5505K(681472K)] 675833K->5913K(2079744K), 0.0042763 secs] [Times: user=0.00 sys=0.00, real=0.00 secs] 
2020-09-29T12:39:18.979+0200: 14.722: [GC (Allocation Failure) [PSYoungGen: 669569K->13313K(678912K)] 669977K->13721K(2077184K), 0.0077786 secs] [Times: user=0.00 sys=0.00, real=0.01 secs] 
2020-09-29T12:39:19.093+0200: 14.835: [GC (Allocation Failure) [PSYoungGen: 675329K->5377K(680448K)] 675737K->5785K(2078720K), 0.0041682 secs] [Times: user=0.00 sys=0.00, real=0.00 secs] 
2020-09-29T12:39:19.207+0200: 14.950: [GC (Allocation Failure) [PSYoungGen: 667393K->11169K(680448K)] 667801K->11577K(2078720K), 0.0068902 secs] [Times: user=0.00 sys=0.00, real=0.01 secs] 
2020-09-29T12:39:19.323+0200: 15.066: [GC (Allocation Failure) [PSYoungGen: 674209K->4257K(680960K)] 674617K->4665K(2079232K), 0.0034849 secs] [Times: user=0.00 sys=0.00, real=0.00 secs] 
2020-09-29T12:39:19.426+0200: 15.169: [GC (Allocation Failure) [PSYoungGen: 667297K->11041K(680448K)] 667705K->11449K(2078720K), 0.0063136 secs] [Times: user=0.03 sys=0.00, real=0.01 secs] 
2020-09-29T12:39:19.536+0200: 15.278: [GC (Allocation Failure) [PSYoungGen: 674081K->4161K(680960K)] 674489K->4569K(2079232K), 0.0032873 secs] [Times: user=0.00 sys=0.00, real=0.00 secs] 
2020-09-29T12:39:19.640+0200: 15.382: [GC (Allocation Failure) [PSYoungGen: 667201K->11009K(680448K)] 667609K->11417K(2078720K), 0.0064266 secs] [Times: user=0.13 sys=0.00, real=0.01 secs] 
2020-09-29T12:39:19.747+0200: 15.489: [GC (Allocation Failure) [PSYoungGen: 674049K->4033K(680960K)] 674457K->4441K(2079232K), 0.0034889 secs] [Times: user=0.00 sys=0.00, real=0.00 secs] 
2020-09-29T12:39:19.857+0200: 15.599: [GC (Allocation Failure) [PSYoungGen: 667073K->10913K(680448K)] 667481K->11321K(2078720K), 0.0063819 secs] [Times: user=0.00 sys=0.00, real=0.01 secs] 
2020-09-29T12:39:19.966+0200: 15.708: [GC (Allocation Failure) [PSYoungGen: 673953K->4033K(680960K)] 674361K->4441K(2079232K), 0.0034419 secs] [Times: user=0.00 sys=0.00, real=0.00 secs] 
2020-09-29T12:39:20.070+0200: 15.812: [GC (Allocation Failure) [PSYoungGen: 667073K->10817K(680448K)] 667481K->11225K(2078720K), 0.0063015 secs] [Times: user=0.00 sys=0.00, real=0.01 secs] 
2020-09-29T12:39:20.186+0200: 15.928: [GC (Allocation Failure) [PSYoungGen: 673857K->3905K(680960K)] 674265K->4313K(2079232K), 0.0035371 secs] [Times: user=0.00 sys=0.00, real=0.00 secs] 
2020-09-29T12:39:20.292+0200: 16.035: [GC (Allocation Failure) [PSYoungGen: 666945K->10689K(680448K)] 667353K->11097K(2078720K), 0.0059230 secs] [Times: user=0.00 sys=0.00, real=0.01 secs] 
2020-09-29T12:39:20.401+0200: 16.144: [GC (Allocation Failure) [PSYoungGen: 673729K->3777K(680960K)] 674137K->4185K(2079232K), 0.0035209 secs] [Times: user=0.00 sys=0.00, real=0.00 secs] 
2020-09-29T12:39:20.510+0200: 16.253: [GC (Allocation Failure) [PSYoungGen: 666817K->10593K(681472K)] 667225K->11001K(2079744K), 0.0061520 secs] [Times: user=0.00 sys=0.00, real=0.01 secs] 
2020-09-29T12:39:20.623+0200: 16.365: [GC (Allocation Failure) [PSYoungGen: 674657K->4737K(681472K)] 675065K->5145K(2079744K), 0.0038979 secs] [Times: user=0.00 sys=0.00, real=0.00 secs] 
2020-09-29T12:39:20.734+0200: 16.476: [GC (Allocation Failure) [PSYoungGen: 668801K->12545K(679936K)] 669209K->12953K(2078208K), 0.0068599 secs] [Times: user=0.13 sys=0.00, real=0.01 secs] 
2020-09-29T12:39:20.843+0200: 16.585: [GC (Allocation Failure) [PSYoungGen: 675585K->5601K(680960K)] 675993K->6009K(2079232K), 0.0041900 secs] [Times: user=0.00 sys=0.00, real=0.00 secs] 
2020-09-29T12:39:20.949+0200: 16.692: [GC (Allocation Failure) [PSYoungGen: 668641K->12449K(679424K)] 669049K->12857K(2077696K), 0.0074804 secs] [Times: user=0.02 sys=0.00, real=0.01 secs] 
2020-09-29T12:39:21.059+0200: 16.802: [GC (Allocation Failure) [PSYoungGen: 674465K->4545K(680448K)] 674873K->4953K(2078720K), 0.0035954 secs] [Times: user=0.00 sys=0.00, real=0.00 secs] 
2020-09-29T12:39:21.164+0200: 16.907: [GC (Allocation Failure) [PSYoungGen: 666561K->10241K(680960K)] 666969K->10649K(2079232K), 0.0063428 secs] [Times: user=0.00 sys=0.00, real=0.01 secs] 
2020-09-29T12:39:21.277+0200: 17.020: [GC (Allocation Failure) [PSYoungGen: 671739K->32K(663552K)] 672147K->440K(2061824K), 0.0009459 secs] [Times: user=0.00 sys=0.00, real=0.00 secs] 
2020-09-29T12:39:21.385+0200: 17.128: [GC (Allocation Failure) [PSYoungGen: 663072K->6881K(681472K)] 663480K->7289K(2079744K), 0.0046188 secs] [Times: user=0.00 sys=0.00, real=0.01 secs] 
2020-09-29T12:39:21.491+0200: 17.233: [GC (Allocation Failure) [PSYoungGen: 669921K->13729K(680448K)] 670329K->14137K(2078720K), 0.0076584 secs] [Times: user=0.00 sys=0.00, real=0.01 secs] 
2020-09-29T12:39:21.607+0200: 17.350: [GC (Allocation Failure) [PSYoungGen: 676769K->6817K(680960K)] 677177K->7225K(2079232K), 0.0052038 secs] [Times: user=0.00 sys=0.00, real=0.01 secs] 
2020-09-29T12:39:21.718+0200: 17.461: [GC (Allocation Failure) [PSYoungGen: 669345K->13089K(675840K)] 669753K->13497K(2074112K), 0.0073796 secs] [Times: user=0.13 sys=0.00, real=0.01 secs] 
2020-09-29T12:39:21.829+0200: 17.572: [GC (Allocation Failure) [PSYoungGen: 675617K->5761K(680448K)] 676025K->6169K(2078720K), 0.0044053 secs] [Times: user=0.13 sys=0.00, real=0.01 secs] 
2020-09-29T12:39:21.940+0200: 17.682: [GC (Allocation Failure) [PSYoungGen: 667265K->10977K(679936K)] 667673K->11385K(2078208K), 0.0062081 secs] [Times: user=0.13 sys=0.00, real=0.01 secs] 
2020-09-29T12:39:22.048+0200: 17.791: [GC (Allocation Failure) [PSYoungGen: 672481K->2465K(680448K)] 672889K->2873K(2078720K), 0.0028682 secs] [Times: user=0.13 sys=0.00, real=0.00 secs] 
2020-09-29T12:39:22.158+0200: 17.901: [GC (Allocation Failure) [PSYoungGen: 664481K->8353K(680448K)] 664889K->8761K(2078720K), 0.0057281 secs] [Times: user=0.13 sys=0.00, real=0.01 secs] 
2020-09-29T12:39:22.273+0200: 18.016: [GC (Allocation Failure) [PSYoungGen: 670369K->32K(680448K)] 670777K->440K(2078720K), 0.0005417 secs] [Times: user=0.00 sys=0.00, real=0.00 secs] 
2020-09-29T12:39:22.379+0200: 18.121: [GC (Allocation Failure) [PSYoungGen: 663072K->6913K(680960K)] 663480K->7321K(2079232K), 0.0046607 secs] [Times: user=0.00 sys=0.00, real=0.00 secs] 
2020-09-29T12:39:22.506+0200: 18.248: [GC (Allocation Failure) [PSYoungGen: 669953K->13697K(678912K)] 670361K->14105K(2077184K), 0.0077485 secs] [Times: user=0.00 sys=0.00, real=0.01 secs] 
2020-09-29T12:39:22.622+0200: 18.364: [GC (Allocation Failure) [PSYoungGen: 675713K->5793K(680448K)] 676121K->6201K(2078720K), 0.0047514 secs] [Times: user=0.00 sys=0.00, real=0.00 secs] 
2020-09-29T12:39:22.739+0200: 18.481: [GC (Allocation Failure) [PSYoungGen: 667809K->11553K(680448K)] 668217K->11961K(2078720K), 0.0063753 secs] [Times: user=0.00 sys=0.00, real=0.01 secs] 
2020-09-29T12:39:22.849+0200: 18.592: [GC (Allocation Failure) [PSYoungGen: 674593K->4673K(680960K)] 675001K->5081K(2079232K), 0.0038040 secs] [Times: user=0.00 sys=0.00, real=0.00 secs] 
2020-09-29T12:39:22.958+0200: 18.700: [GC (Allocation Failure) [PSYoungGen: 667713K->11457K(680960K)] 668121K->11865K(2079232K), 0.0076249 secs] [Times: user=0.02 sys=0.00, real=0.01 secs] 
2020-09-29T12:39:23.077+0200: 18.819: [GC (Allocation Failure) [PSYoungGen: 674497K->4545K(680960K)] 674905K->4953K(2079232K), 0.0038143 secs] [Times: user=0.00 sys=0.00, real=0.00 secs] 
2020-09-29T12:39:23.188+0200: 18.930: [GC (Allocation Failure) [PSYoungGen: 667585K->11361K(680960K)] 667993K->11769K(2079232K), 0.0067244 secs] [Times: user=0.13 sys=0.00, real=0.01 secs] 
2020-09-29T12:39:23.302+0200: 19.045: [GC (Allocation Failure) [PSYoungGen: 674401K->4481K(680960K)] 674809K->4889K(2079232K), 0.0035556 secs] [Times: user=0.00 sys=0.00, real=0.00 secs] 
2020-09-29T12:39:23.408+0200: 19.150: [GC (Allocation Failure) [PSYoungGen: 667521K->11265K(680960K)] 667929K->11673K(2079232K), 0.0065179 secs] [Times: user=0.13 sys=0.00, real=0.01 secs] 
2020-09-29T12:39:23.513+0200: 19.255: [GC (Allocation Failure) [PSYoungGen: 674305K->4321K(680960K)] 674713K->4729K(2079232K), 0.0033880 secs] [Times: user=0.00 sys=0.00, real=0.00 secs] 
2020-09-29T12:39:23.625+0200: 19.367: [GC (Allocation Failure) [PSYoungGen: 667361K->11169K(680960K)] 667769K->11577K(2079232K), 0.0067371 secs] [Times: user=0.13 sys=0.00, real=0.01 secs] 
2020-09-29T12:39:23.735+0200: 19.477: [GC (Allocation Failure) [PSYoungGen: 674209K->4289K(680960K)] 674617K->4697K(2079232K), 0.0037054 secs] [Times: user=0.00 sys=0.00, real=0.00 secs] 
2020-09-29T12:39:23.839+0200: 19.582: [GC (Allocation Failure) [PSYoungGen: 667329K->11105K(680960K)] 667737K->11513K(2079232K), 0.0068561 secs] [Times: user=0.00 sys=0.00, real=0.01 secs] 
2020-09-29T12:39:23.956+0200: 19.698: [GC (Allocation Failure) [PSYoungGen: 674145K->4161K(680960K)] 674553K->4569K(2079232K), 0.0036901 secs] [Times: user=0.13 sys=0.00, real=0.00 secs] 
2020-09-29T12:39:24.062+0200: 19.804: [GC (Allocation Failure) [PSYoungGen: 667201K->11041K(680960K)] 667609K->11449K(2079232K), 0.0063075 secs] [Times: user=0.13 sys=0.00, real=0.01 secs] 
2020-09-29T12:39:24.172+0200: 19.914: [GC (Allocation Failure) [PSYoungGen: 674081K->4033K(680960K)] 674489K->4441K(2079232K), 0.0038609 secs] [Times: user=0.00 sys=0.00, real=0.00 secs] 
2020-09-29T12:39:24.279+0200: 20.022: [GC (Allocation Failure) [PSYoungGen: 667073K->10849K(680448K)] 667481K->11257K(2078720K), 0.0063610 secs] [Times: user=0.00 sys=0.00, real=0.01 secs] 
2020-09-29T12:39:24.389+0200: 20.132: [GC (Allocation Failure) [PSYoungGen: 673889K->4033K(680960K)] 674297K->4441K(2079232K), 0.0033660 secs] [Times: user=0.00 sys=0.00, real=0.00 secs] 
2020-09-29T12:39:24.497+0200: 20.239: [GC (Allocation Failure) [PSYoungGen: 667073K->10753K(680448K)] 667481K->11161K(2078720K), 0.0061904 secs] [Times: user=0.00 sys=0.00, real=0.01 secs] 
2020-09-29T12:39:24.608+0200: 20.351: [GC (Allocation Failure) [PSYoungGen: 673793K->3905K(680960K)] 674201K->4313K(2079232K), 0.0034385 secs] [Times: user=0.00 sys=0.00, real=0.00 secs] 
2020-09-29T12:39:24.713+0200: 20.456: [GC (Allocation Failure) [PSYoungGen: 666945K->10689K(680448K)] 667353K->11097K(2078720K), 0.0064682 secs] [Times: user=0.00 sys=0.00, real=0.01 secs] 
2020-09-29T12:39:24.830+0200: 20.573: [GC (Allocation Failure) [PSYoungGen: 673729K->3777K(680960K)] 674137K->4185K(2079232K), 0.0036173 secs] [Times: user=0.13 sys=0.00, real=0.00 secs] 
2020-09-29T12:39:24.941+0200: 20.683: [GC (Allocation Failure) [PSYoungGen: 666817K->10625K(681472K)] 667225K->11033K(2079744K), 0.0061433 secs] [Times: user=0.13 sys=0.00, real=0.01 secs] 
2020-09-29T12:39:25.056+0200: 20.798: [GC (Allocation Failure) [PSYoungGen: 674689K->4769K(681472K)] 675097K->5177K(2079744K), 0.0036482 secs] [Times: user=0.00 sys=0.00, real=0.00 secs] 
2020-09-29T12:39:25.165+0200: 20.908: [GC (Allocation Failure) [PSYoungGen: 668833K->12577K(680448K)] 669241K->12985K(2078720K), 0.0078609 secs] [Times: user=0.00 sys=0.00, real=0.01 secs] 
2020-09-29T12:39:25.282+0200: 21.024: [GC (Allocation Failure) [PSYoungGen: 675617K->5633K(680960K)] 676025K->6041K(2079232K), 0.0044130 secs] [Times: user=0.11 sys=0.00, real=0.00 secs] 
2020-09-29T12:39:25.391+0200: 21.134: [GC (Allocation Failure) [PSYoungGen: 668673K->12449K(679424K)] 669081K->12857K(2077696K), 0.0072089 secs] [Times: user=0.13 sys=0.00, real=0.01 secs] 
2020-09-29T12:39:25.497+0200: 21.240: [GC (Allocation Failure) [PSYoungGen: 674465K->4545K(680448K)] 674873K->4953K(2078720K), 0.0036850 secs] [Times: user=0.00 sys=0.00, real=0.00 secs] 
2020-09-29T12:39:25.606+0200: 21.349: [GC (Allocation Failure) [PSYoungGen: 666561K->10273K(680960K)] 666969K->10681K(2079232K), 0.0069393 secs] [Times: user=0.00 sys=0.00, real=0.01 secs] 
2020-09-29T12:39:25.718+0200: 21.460: [GC (Allocation Failure) [PSYoungGen: 671771K->32K(663552K)] 672179K->440K(2061824K), 0.0007524 secs] [Times: user=0.00 sys=0.00, real=0.00 secs] 
2020-09-29T12:39:25.825+0200: 21.567: [GC (Allocation Failure) [PSYoungGen: 663072K->6913K(681472K)] 663480K->7321K(2079744K), 0.0048087 secs] [Times: user=0.00 sys=0.00, real=0.00 secs] 
2020-09-29T12:39:25.935+0200: 21.677: [GC (Allocation Failure) [PSYoungGen: 669953K->13697K(680448K)] 670361K->14105K(2078720K), 0.0076843 secs] [Times: user=0.13 sys=0.00, real=0.01 secs] 
2020-09-29T12:39:26.043+0200: 21.785: [GC (Allocation Failure) [PSYoungGen: 676737K->6849K(680960K)] 677145K->7257K(2079232K), 0.0048046 secs] [Times: user=0.00 sys=0.00, real=0.01 secs] 
2020-09-29T12:39:26.149+0200: 21.892: [GC (Allocation Failure) [PSYoungGen: 669377K->13057K(675840K)] 669785K->13465K(2074112K), 0.0078436 secs] [Times: user=0.00 sys=0.00, real=0.01 secs] 
2020-09-29T12:39:26.265+0200: 22.007: [GC (Allocation Failure) [PSYoungGen: 675585K->5729K(680448K)] 675993K->6137K(2078720K), 0.0041875 secs] [Times: user=0.00 sys=0.00, real=0.00 secs] 
2020-09-29T12:39:26.370+0200: 22.113: [GC (Allocation Failure) [PSYoungGen: 667233K->11041K(679936K)] 667641K->11449K(2078208K), 0.0063783 secs] [Times: user=0.00 sys=0.00, real=0.01 secs] 
2020-09-29T12:39:26.480+0200: 22.222: [GC (Allocation Failure) [PSYoungGen: 672545K->2465K(680448K)] 672953K->2873K(2078720K), 0.0027881 secs] [Times: user=0.00 sys=0.00, real=0.00 secs] 
2020-09-29T12:39:26.582+0200: 22.324: [GC (Allocation Failure) [PSYoungGen: 664481K->8289K(680448K)] 664889K->8697K(2078720K), 0.0055401 secs] [Times: user=0.11 sys=0.00, real=0.01 secs] 
2020-09-29T12:39:26.693+0200: 22.435: [GC (Allocation Failure) [PSYoungGen: 670305K->32K(680448K)] 670713K->440K(2078720K), 0.0004796 secs] [Times: user=0.00 sys=0.00, real=0.00 secs] 
2020-09-29T12:39:26.799+0200: 22.542: [GC (Allocation Failure) [PSYoungGen: 663072K->6913K(680960K)] 663480K->7321K(2079232K), 0.0046063 secs] [Times: user=0.13 sys=0.00, real=0.00 secs] 
2020-09-29T12:39:26.909+0200: 22.651: [GC (Allocation Failure) [PSYoungGen: 669953K->13697K(678912K)] 670361K->14105K(2077184K), 0.0084366 secs] [Times: user=0.11 sys=0.00, real=0.01 secs] 
2020-09-29T12:39:27.017+0200: 22.760: [GC (Allocation Failure) [PSYoungGen: 675713K->5761K(680448K)] 676121K->6169K(2078720K), 0.0044427 secs] [Times: user=0.13 sys=0.00, real=0.01 secs] 
2020-09-29T12:39:27.130+0200: 22.872: [GC (Allocation Failure) [PSYoungGen: 667777K->11553K(680448K)] 668185K->11961K(2078720K), 0.0066966 secs] [Times: user=0.00 sys=0.00, real=0.01 secs] 
2020-09-29T12:39:27.246+0200: 22.988: [GC (Allocation Failure) [PSYoungGen: 674593K->4673K(680960K)] 675001K->5081K(2079232K), 0.0036940 secs] [Times: user=0.00 sys=0.00, real=0.00 secs] 
2020-09-29T12:39:27.356+0200: 23.099: [GC (Allocation Failure) [PSYoungGen: 667713K->11489K(680960K)] 668121K->11897K(2079232K), 0.0069274 secs] [Times: user=0.00 sys=0.00, real=0.01 secs] 
2020-09-29T12:39:27.464+0200: 23.206: [GC (Allocation Failure) [PSYoungGen: 674529K->4545K(680960K)] 674937K->4953K(2079232K), 0.0037657 secs] [Times: user=0.00 sys=0.00, real=0.00 secs] 
2020-09-29T12:39:27.567+0200: 23.310: [GC (Allocation Failure) [PSYoungGen: 667585K->11361K(680960K)] 667993K->11769K(2079232K), 0.0065077 secs] [Times: user=0.00 sys=0.00, real=0.01 secs] 
2020-09-29T12:39:27.686+0200: 23.429: [GC (Allocation Failure) [PSYoungGen: 674401K->4481K(680960K)] 674809K->4889K(2079232K), 0.0037000 secs] [Times: user=0.00 sys=0.00, real=0.00 secs] 
Heap
 PSYoungGen      total 680960K, used 343774K [0x00000000d5580000, 0x0000000100000000, 0x0000000100000000)
  eden space 663040K, 51% used [0x00000000d5580000,0x00000000ea0d76c0,0x00000000fdd00000)
  from space 17920K, 25% used [0x00000000fdd00000,0x00000000fe160490,0x00000000fee80000)
  to   space 17920K, 0% used [0x00000000fee80000,0x00000000fee80000,0x0000000100000000)
 ParOldGen       total 1398272K, used 408K [0x0000000080000000, 0x00000000d5580000, 0x00000000d5580000)
  object space 1398272K, 0% used [0x0000000080000000,0x0000000080066050,0x00000000d5580000)
 Metaspace       used 2594K, capacity 4486K, committed 4864K, reserved 1056768K
  class space    used 285K, capacity 386K, committed 512K, reserved 1048576K
