Java HotSpot(TM) 64-Bit Server VM (25.261-b12) for windows-amd64 JRE (1.8.0_261-b12), built on Jun 18 2020 06:56:32 by "" with unknown MS VC++:1916
Memory: 4k page, physical 16659684k(9040804k free), swap 23213284k(7527696k free)
CommandLine flags: -XX:InitialHeapSize=2147483648 -XX:MaxHeapSize=2147483648 -XX:+PrintGC -XX:+PrintGCDateStamps -XX:+PrintGCDetails -XX:+PrintGCTimeStamps -XX:+UseCompressedClassPointers -XX:+UseCompressedOops -XX:-UseLargePagesIndividualAllocation -XX:+UseParallelGC 
2020-09-29T11:44:20.004+0200: 0.475: [GC (Allocation Failure) [PSYoungGen: 524800K->12001K(611840K)] 524800K->12009K(2010112K), 0.0102119 secs] [Times: user=0.13 sys=0.00, real=0.01 secs] 
2020-09-29T11:44:20.122+0200: 0.593: [GC (Allocation Failure) [PSYoungGen: 536801K->3441K(611840K)] 536809K->3449K(2010112K), 0.0072604 secs] [Times: user=0.00 sys=0.00, real=0.01 secs] 
2020-09-29T11:44:20.224+0200: 0.695: [GC (Allocation Failure) [PSYoungGen: 528241K->8577K(611840K)] 528249K->8585K(2010112K), 0.0068212 secs] [Times: user=0.00 sys=0.00, real=0.01 secs] 
2020-09-29T11:44:20.327+0200: 0.798: [GC (Allocation Failure) [PSYoungGen: 533377K->13729K(611840K)] 533385K->13737K(2010112K), 0.0108372 secs] [Times: user=0.09 sys=0.02, real=0.01 secs] 
2020-09-29T11:44:20.434+0200: 0.905: [GC (Allocation Failure) [PSYoungGen: 538529K->5249K(611840K)] 538537K->5257K(2010112K), 0.0044030 secs] [Times: user=0.00 sys=0.00, real=0.00 secs] 
2020-09-29T11:44:20.522+0200: 0.993: [GC (Allocation Failure) [PSYoungGen: 530049K->10433K(682496K)] 530057K->10441K(2080768K), 0.0081859 secs] [Times: user=0.00 sys=0.00, real=0.01 secs] 
2020-09-29T11:44:20.715+0200: 1.186: [GC (Allocation Failure) [PSYoungGen: 676545K->6273K(682496K)] 676553K->6681K(2080768K), 0.0065276 secs] [Times: user=0.00 sys=0.00, real=0.01 secs] 
2020-09-29T11:44:20.826+0200: 1.296: [GC (Allocation Failure) [PSYoungGen: 671675K->32K(681984K)] 672083K->440K(2080256K), 0.0005456 secs] [Times: user=0.00 sys=0.00, real=0.00 secs] 
2020-09-29T11:44:20.938+0200: 1.408: [GC (Allocation Failure) [PSYoungGen: 666144K->10017K(676352K)] 666552K->10425K(2074624K), 0.0114571 secs] [Times: user=0.05 sys=0.00, real=0.01 secs] 
2020-09-29T11:44:21.091+0200: 1.562: [GC (Allocation Failure) [PSYoungGen: 676129K->6145K(683008K)] 676537K->6553K(2081280K), 0.0053963 secs] [Times: user=0.00 sys=0.00, real=0.01 secs] 
2020-09-29T11:44:21.222+0200: 1.693: [GC (Allocation Failure) [PSYoungGen: 672257K->2433K(681984K)] 672665K->2841K(2080256K), 0.0029212 secs] [Times: user=0.11 sys=0.00, real=0.00 secs] 
2020-09-29T11:44:21.348+0200: 1.819: [GC (Allocation Failure) [PSYoungGen: 668545K->12193K(681472K)] 668953K->12601K(2079744K), 0.0082569 secs] [Times: user=0.00 sys=0.00, real=0.01 secs] 
2020-09-29T11:44:21.476+0200: 1.947: [GC (Allocation Failure) [PSYoungGen: 677281K->7393K(681984K)] 677689K->7801K(2080256K), 0.0051713 secs] [Times: user=0.00 sys=0.00, real=0.00 secs] 
2020-09-29T11:44:21.625+0200: 2.095: [GC (Allocation Failure) [PSYoungGen: 672481K->2593K(682496K)] 672889K->3001K(2080768K), 0.0033320 secs] [Times: user=0.00 sys=0.00, real=0.00 secs] 
2020-09-29T11:44:21.755+0200: 2.226: [GC (Allocation Failure) [PSYoungGen: 668705K->12417K(678912K)] 669113K->12825K(2077184K), 0.0081696 secs] [Times: user=0.00 sys=0.00, real=0.01 secs] 
2020-09-29T11:44:21.877+0200: 2.347: [GC (Allocation Failure) [PSYoungGen: 678529K->8545K(681984K)] 678937K->8953K(2080256K), 0.0076174 secs] [Times: user=0.13 sys=0.00, real=0.01 secs] 
2020-09-29T11:44:22.004+0200: 2.475: [GC (Allocation Failure) [PSYoungGen: 673121K->3169K(681472K)] 673529K->3577K(2079744K), 0.0032450 secs] [Times: user=0.13 sys=0.00, real=0.00 secs] 
2020-09-29T11:44:22.125+0200: 2.596: [GC (Allocation Failure) [PSYoungGen: 667745K->11585K(680448K)] 668153K->11993K(2078720K), 0.0086155 secs] [Times: user=0.13 sys=0.00, real=0.01 secs] 
2020-09-29T11:44:22.246+0200: 2.717: [GC (Allocation Failure) [PSYoungGen: 675649K->5697K(681472K)] 676057K->6105K(2079744K), 0.0047106 secs] [Times: user=0.00 sys=0.00, real=0.00 secs] 
2020-09-29T11:44:22.370+0200: 2.841: [GC (Allocation Failure) [PSYoungGen: 669761K->13537K(679936K)] 670169K->13945K(2078208K), 0.0093122 secs] [Times: user=0.03 sys=0.00, real=0.01 secs] 
2020-09-29T11:44:22.489+0200: 2.959: [GC (Allocation Failure) [PSYoungGen: 676577K->6625K(680960K)] 676985K->7033K(2079232K), 0.0056751 secs] [Times: user=0.00 sys=0.00, real=0.00 secs] 
2020-09-29T11:44:22.613+0200: 3.084: [GC (Allocation Failure) [PSYoungGen: 669665K->13441K(679424K)] 670073K->13849K(2077696K), 0.0087260 secs] [Times: user=0.13 sys=0.00, real=0.01 secs] 
2020-09-29T11:44:22.746+0200: 3.217: [GC (Allocation Failure) [PSYoungGen: 675457K->5537K(680448K)] 675865K->5945K(2078720K), 0.0053438 secs] [Times: user=0.00 sys=0.00, real=0.00 secs] 
2020-09-29T11:44:22.868+0200: 3.339: [GC (Allocation Failure) [PSYoungGen: 667553K->11233K(680960K)] 667961K->11641K(2079232K), 0.0081636 secs] [Times: user=0.00 sys=0.00, real=0.01 secs] 
2020-09-29T11:44:22.987+0200: 3.457: [GC (Allocation Failure) [PSYoungGen: 674273K->4353K(680960K)] 674681K->4761K(2079232K), 0.0040055 secs] [Times: user=0.11 sys=0.02, real=0.00 secs] 
2020-09-29T11:44:23.098+0200: 3.569: [GC (Allocation Failure) [PSYoungGen: 667393K->11169K(680960K)] 667801K->11577K(2079232K), 0.0067269 secs] [Times: user=0.00 sys=0.00, real=0.01 secs] 
2020-09-29T11:44:23.213+0200: 3.685: [GC (Allocation Failure) [PSYoungGen: 674209K->4289K(680960K)] 674617K->4697K(2079232K), 0.0041814 secs] [Times: user=0.00 sys=0.00, real=0.00 secs] 
2020-09-29T11:44:23.344+0200: 3.815: [GC (Allocation Failure) [PSYoungGen: 667329K->11073K(680960K)] 667737K->11481K(2079232K), 0.0077899 secs] [Times: user=0.13 sys=0.00, real=0.01 secs] 
2020-09-29T11:44:23.473+0200: 3.944: [GC (Allocation Failure) [PSYoungGen: 674113K->4225K(680960K)] 674521K->4633K(2079232K), 0.0044832 secs] [Times: user=0.00 sys=0.00, real=0.00 secs] 
2020-09-29T11:44:23.603+0200: 4.074: [GC (Allocation Failure) [PSYoungGen: 667265K->10977K(680960K)] 667673K->11385K(2079232K), 0.0082650 secs] [Times: user=0.00 sys=0.00, real=0.01 secs] 
2020-09-29T11:44:23.732+0200: 4.203: [GC (Allocation Failure) [PSYoungGen: 674017K->4097K(680960K)] 674425K->4505K(2079232K), 0.0038298 secs] [Times: user=0.00 sys=0.00, real=0.00 secs] 
2020-09-29T11:44:23.847+0200: 4.318: [GC (Allocation Failure) [PSYoungGen: 667137K->10849K(680960K)] 667545K->11257K(2079232K), 0.0066178 secs] [Times: user=0.13 sys=0.00, real=0.01 secs] 
2020-09-29T11:44:23.953+0200: 4.424: [GC (Allocation Failure) [PSYoungGen: 673889K->4001K(680960K)] 674297K->4409K(2079232K), 0.0035872 secs] [Times: user=0.00 sys=0.00, real=0.00 secs] 
2020-09-29T11:44:24.064+0200: 4.535: [GC (Allocation Failure) [PSYoungGen: 667041K->10817K(680448K)] 667449K->11225K(2078720K), 0.0063076 secs] [Times: user=0.13 sys=0.00, real=0.01 secs] 
2020-09-29T11:44:24.165+0200: 4.637: [GC (Allocation Failure) [PSYoungGen: 673857K->3841K(680960K)] 674265K->4249K(2079232K), 0.0035793 secs] [Times: user=0.00 sys=0.00, real=0.00 secs] 
2020-09-29T11:44:24.273+0200: 4.744: [GC (Allocation Failure) [PSYoungGen: 666881K->10721K(680448K)] 667289K->11129K(2078720K), 0.0064278 secs] [Times: user=0.00 sys=0.00, real=0.01 secs] 
2020-09-29T11:44:24.377+0200: 4.848: [GC (Allocation Failure) [PSYoungGen: 673761K->3841K(680960K)] 674169K->4249K(2079232K), 0.0030916 secs] [Times: user=0.13 sys=0.00, real=0.00 secs] 
2020-09-29T11:44:24.483+0200: 4.954: [GC (Allocation Failure) [PSYoungGen: 666881K->10593K(681472K)] 667289K->11001K(2079744K), 0.0066322 secs] [Times: user=0.13 sys=0.00, real=0.01 secs] 
2020-09-29T11:44:24.597+0200: 5.068: [GC (Allocation Failure) [PSYoungGen: 674657K->4737K(681472K)] 675065K->5145K(2079744K), 0.0041036 secs] [Times: user=0.06 sys=0.00, real=0.00 secs] 
2020-09-29T11:44:24.726+0200: 5.198: [GC (Allocation Failure) [PSYoungGen: 668801K->12545K(680448K)] 669209K->12953K(2078720K), 0.0085788 secs] [Times: user=0.00 sys=0.00, real=0.01 secs] 
2020-09-29T11:44:24.855+0200: 5.325: [GC (Allocation Failure) [PSYoungGen: 675585K->5601K(680960K)] 675993K->6009K(2079232K), 0.0052161 secs] [Times: user=0.00 sys=0.00, real=0.00 secs] 
2020-09-29T11:44:24.973+0200: 5.443: [GC (Allocation Failure) [PSYoungGen: 668641K->12449K(679424K)] 669049K->12857K(2077696K), 0.0083645 secs] [Times: user=0.11 sys=0.00, real=0.01 secs] 
2020-09-29T11:44:25.093+0200: 5.564: [GC (Allocation Failure) [PSYoungGen: 674465K->4577K(680448K)] 674873K->4985K(2078720K), 0.0042907 secs] [Times: user=0.00 sys=0.00, real=0.00 secs] 
2020-09-29T11:44:25.208+0200: 5.679: [GC (Allocation Failure) [PSYoungGen: 666593K->10305K(680960K)] 667001K->10713K(2079232K), 0.0066920 secs] [Times: user=0.00 sys=0.00, real=0.01 secs] 
2020-09-29T11:44:25.319+0200: 5.790: [GC (Allocation Failure) [PSYoungGen: 671803K->32K(663552K)] 672211K->440K(2061824K), 0.0005857 secs] [Times: user=0.00 sys=0.00, real=0.00 secs] 
2020-09-29T11:44:25.431+0200: 5.902: [GC (Allocation Failure) [PSYoungGen: 663072K->6913K(681472K)] 663480K->7321K(2079744K), 0.0056085 secs] [Times: user=0.00 sys=0.00, real=0.01 secs] 
2020-09-29T11:44:25.546+0200: 6.017: [GC (Allocation Failure) [PSYoungGen: 669953K->13697K(676864K)] 670361K->14105K(2075136K), 0.0101261 secs] [Times: user=0.11 sys=0.00, real=0.01 secs] 
2020-09-29T11:44:25.674+0200: 6.145: [GC (Allocation Failure) [PSYoungGen: 676737K->6849K(680960K)] 677145K->7257K(2079232K), 0.0056762 secs] [Times: user=0.13 sys=0.00, real=0.00 secs] 
2020-09-29T11:44:25.789+0200: 6.260: [GC (Allocation Failure) [PSYoungGen: 668865K->12641K(679936K)] 669273K->13049K(2078208K), 0.0075418 secs] [Times: user=0.00 sys=0.00, real=0.01 secs] 
2020-09-29T11:44:25.958+0200: 6.429: [GC (Allocation Failure) [PSYoungGen: 674657K->4641K(680448K)] 675065K->5049K(2078720K), 0.0061787 secs] [Times: user=0.02 sys=0.00, real=0.01 secs] 
2020-09-29T11:44:26.126+0200: 6.598: [GC (Allocation Failure) [PSYoungGen: 666657K->10433K(680448K)] 667065K->10841K(2078720K), 0.0070676 secs] [Times: user=0.13 sys=0.00, real=0.01 secs] 
2020-09-29T11:44:26.246+0200: 6.717: [GC (Allocation Failure) [PSYoungGen: 672449K->2465K(680960K)] 672857K->2873K(2079232K), 0.0031120 secs] [Times: user=0.00 sys=0.00, real=0.00 secs] 
2020-09-29T11:44:26.375+0200: 6.846: [GC (Allocation Failure) [PSYoungGen: 665505K->9313K(680960K)] 665913K->9721K(2079232K), 0.0079212 secs] [Times: user=0.09 sys=0.00, real=0.01 secs] 
2020-09-29T11:44:26.502+0200: 6.973: [GC (Allocation Failure) [PSYoungGen: 672353K->2465K(680960K)] 672761K->2873K(2079232K), 0.0034298 secs] [Times: user=0.11 sys=0.00, real=0.00 secs] 
2020-09-29T11:44:26.635+0200: 7.106: [GC (Allocation Failure) [PSYoungGen: 665505K->9217K(680960K)] 665913K->9625K(2079232K), 0.0093949 secs] [Times: user=0.00 sys=0.00, real=0.01 secs] 
2020-09-29T11:44:26.780+0200: 7.251: [GC (Allocation Failure) [PSYoungGen: 672257K->2369K(681472K)] 672665K->2777K(2079744K), 0.0031423 secs] [Times: user=0.00 sys=0.00, real=0.00 secs] 
2020-09-29T11:44:26.939+0200: 7.411: [GC (Allocation Failure) [PSYoungGen: 666433K->10081K(681472K)] 666841K->10489K(2079744K), 0.0080287 secs] [Times: user=0.06 sys=0.02, real=0.01 secs] 
2020-09-29T11:44:27.083+0200: 7.554: [GC (Allocation Failure) [PSYoungGen: 674145K->4289K(681984K)] 674553K->4697K(2080256K), 0.0044101 secs] [Times: user=0.00 sys=0.00, real=0.01 secs] 
2020-09-29T11:44:27.222+0200: 7.693: [GC (Allocation Failure) [PSYoungGen: 668865K->12641K(677376K)] 669273K->13049K(2075648K), 0.0101452 secs] [Times: user=0.11 sys=0.00, real=0.01 secs] 
2020-09-29T11:44:27.363+0200: 7.834: [GC (Allocation Failure) [PSYoungGen: 677217K->7201K(681984K)] 677625K->7609K(2080256K), 0.0059152 secs] [Times: user=0.09 sys=0.00, real=0.01 secs] 
2020-09-29T11:44:27.493+0200: 7.965: [GC (Allocation Failure) [PSYoungGen: 671265K->32K(680960K)] 671673K->440K(2079232K), 0.0004507 secs] [Times: user=0.00 sys=0.00, real=0.00 secs] 
2020-09-29T11:44:27.616+0200: 8.087: [GC (Allocation Failure) [PSYoungGen: 664096K->7937K(681984K)] 664504K->8345K(2080256K), 0.0065007 secs] [Times: user=0.00 sys=0.00, real=0.01 secs] 
2020-09-29T11:44:27.737+0200: 8.208: [GC (Allocation Failure) [PSYoungGen: 671966K->32K(681472K)] 672374K->440K(2079744K), 0.0004551 secs] [Times: user=0.00 sys=0.00, real=0.00 secs] 
2020-09-29T11:44:27.869+0200: 8.340: [GC (Allocation Failure) [PSYoungGen: 664608K->8449K(681984K)] 665016K->8857K(2080256K), 0.0073736 secs] [Times: user=0.00 sys=0.00, real=0.01 secs] 
2020-09-29T11:44:28.009+0200: 8.480: [GC (Allocation Failure) [PSYoungGen: 671688K->32K(681984K)] 672096K->440K(2080256K), 0.0004156 secs] [Times: user=0.00 sys=0.00, real=0.00 secs] 
2020-09-29T11:44:28.135+0200: 8.605: [GC (Allocation Failure) [PSYoungGen: 665120K->8961K(681984K)] 665528K->9369K(2080256K), 0.0071169 secs] [Times: user=0.00 sys=0.00, real=0.01 secs] 
2020-09-29T11:44:28.286+0200: 8.757: [GC (Allocation Failure) [PSYoungGen: 674049K->4161K(681984K)] 674457K->4569K(2080256K), 0.0041627 secs] [Times: user=0.00 sys=0.00, real=0.00 secs] 
2020-09-29T11:44:28.417+0200: 8.888: [GC (Allocation Failure) [PSYoungGen: 669249K->12961K(679424K)] 669657K->13369K(2077696K), 0.0091545 secs] [Times: user=0.01 sys=0.00, real=0.01 secs] 
2020-09-29T11:44:28.550+0200: 9.020: [GC (Allocation Failure) [PSYoungGen: 676001K->6081K(680960K)] 676409K->6489K(2079232K), 0.0058470 secs] [Times: user=0.11 sys=0.00, real=0.01 secs] 
2020-09-29T11:44:28.680+0200: 9.151: [GC (Allocation Failure) [PSYoungGen: 669121K->12865K(679936K)] 669529K->13273K(2078208K), 0.0092731 secs] [Times: user=0.00 sys=0.00, real=0.01 secs] 
2020-09-29T11:44:28.806+0200: 9.278: [GC (Allocation Failure) [PSYoungGen: 675905K->5953K(680960K)] 676313K->6361K(2079232K), 0.0049171 secs] [Times: user=0.00 sys=0.00, real=0.01 secs] 
2020-09-29T11:44:28.937+0200: 9.409: [GC (Allocation Failure) [PSYoungGen: 668993K->12737K(679424K)] 669401K->13145K(2077696K), 0.0095681 secs] [Times: user=0.13 sys=0.00, real=0.01 secs] 
2020-09-29T11:44:29.066+0200: 9.537: [GC (Allocation Failure) [PSYoungGen: 674753K->4865K(680448K)] 675161K->5273K(2078720K), 0.0043691 secs] [Times: user=0.13 sys=0.00, real=0.00 secs] 
2020-09-29T11:44:29.192+0200: 9.663: [GC (Allocation Failure) [PSYoungGen: 666881K->10625K(680960K)] 667289K->11033K(2079232K), 0.0078397 secs] [Times: user=0.00 sys=0.00, real=0.01 secs] 
2020-09-29T11:44:29.319+0200: 9.790: [GC (Allocation Failure) [PSYoungGen: 671973K->32K(663552K)] 672381K->440K(2061824K), 0.0009088 secs] [Times: user=0.00 sys=0.00, real=0.00 secs] 
2020-09-29T11:44:29.441+0200: 9.912: [GC (Allocation Failure) [PSYoungGen: 663072K->6913K(681472K)] 663480K->7321K(2079744K), 0.0057312 secs] [Times: user=0.13 sys=0.00, real=0.01 secs] 
2020-09-29T11:44:29.564+0200: 10.036: [GC (Allocation Failure) [PSYoungGen: 669953K->13697K(676864K)] 670361K->14105K(2075136K), 0.0100374 secs] [Times: user=0.13 sys=0.00, real=0.01 secs] 
2020-09-29T11:44:29.698+0200: 10.169: [GC (Allocation Failure) [PSYoungGen: 676737K->6849K(680960K)] 677145K->7257K(2079232K), 0.0058012 secs] [Times: user=0.00 sys=0.00, real=0.01 secs] 
2020-09-29T11:44:29.823+0200: 10.294: [GC (Allocation Failure) [PSYoungGen: 668865K->12609K(679936K)] 669273K->13017K(2078208K), 0.0083476 secs] [Times: user=0.00 sys=0.00, real=0.01 secs] 
2020-09-29T11:44:29.932+0200: 10.403: [GC (Allocation Failure) [PSYoungGen: 674625K->4641K(680960K)] 675033K->5049K(2079232K), 0.0038165 secs] [Times: user=0.00 sys=0.00, real=0.00 secs] 
2020-09-29T11:44:30.055+0200: 10.526: [GC (Allocation Failure) [PSYoungGen: 667169K->10977K(680448K)] 667577K->11385K(2078720K), 0.0062529 secs] [Times: user=0.00 sys=0.00, real=0.01 secs] 
2020-09-29T11:44:30.164+0200: 10.636: [GC (Allocation Failure) [PSYoungGen: 671622K->32K(679424K)] 672030K->440K(2077696K), 0.0005713 secs] [Times: user=0.00 sys=0.00, real=0.00 secs] 
2020-09-29T11:44:30.278+0200: 10.749: [GC (Allocation Failure) [PSYoungGen: 661024K->4833K(679936K)] 661432K->5241K(2078208K), 0.0039719 secs] [Times: user=0.00 sys=0.00, real=0.00 secs] 
2020-09-29T11:44:30.388+0200: 10.859: [GC (Allocation Failure) [PSYoungGen: 665825K->9633K(680960K)] 666233K->10041K(2079232K), 0.0068347 secs] [Times: user=0.00 sys=0.00, real=0.01 secs] 
2020-09-29T11:44:30.504+0200: 10.975: [GC (Allocation Failure) [PSYoungGen: 672673K->2721K(680960K)] 673081K->3129K(2079232K), 0.0030230 secs] [Times: user=0.03 sys=0.00, real=0.00 secs] 
2020-09-29T11:44:30.616+0200: 11.088: [GC (Allocation Failure) [PSYoungGen: 665761K->9505K(681472K)] 666169K->9913K(2079744K), 0.0069527 secs] [Times: user=0.00 sys=0.00, real=0.01 secs] 
2020-09-29T11:44:30.733+0200: 11.204: [GC (Allocation Failure) [PSYoungGen: 673569K->3617K(681472K)] 673977K->4025K(2079744K), 0.0037071 secs] [Times: user=0.00 sys=0.00, real=0.00 secs] 
2020-09-29T11:44:30.837+0200: 11.308: [GC (Allocation Failure) [PSYoungGen: 667681K->11457K(679936K)] 668089K->11865K(2078208K), 0.0076087 secs] [Times: user=0.00 sys=0.00, real=0.01 secs] 
2020-09-29T11:44:30.944+0200: 11.415: [GC (Allocation Failure) [PSYoungGen: 674497K->4545K(680960K)] 674905K->4953K(2079232K), 0.0037294 secs] [Times: user=0.00 sys=0.00, real=0.00 secs] 
2020-09-29T11:44:31.047+0200: 11.518: [GC (Allocation Failure) [PSYoungGen: 667585K->11393K(680448K)] 667993K->11801K(2078720K), 0.0078550 secs] [Times: user=0.13 sys=0.00, real=0.01 secs] 
2020-09-29T11:44:31.157+0200: 11.628: [GC (Allocation Failure) [PSYoungGen: 674433K->4449K(680960K)] 674841K->4857K(2079232K), 0.0036910 secs] [Times: user=0.13 sys=0.00, real=0.00 secs] 
2020-09-29T11:44:31.261+0200: 11.732: [GC (Allocation Failure) [PSYoungGen: 667489K->11265K(680448K)] 667897K->11673K(2078720K), 0.0075089 secs] [Times: user=0.00 sys=0.00, real=0.01 secs] 
2020-09-29T11:44:31.367+0200: 11.839: [GC (Allocation Failure) [PSYoungGen: 674305K->4385K(680960K)] 674713K->4793K(2079232K), 0.0037553 secs] [Times: user=0.00 sys=0.00, real=0.00 secs] 
2020-09-29T11:44:31.472+0200: 11.944: [GC (Allocation Failure) [PSYoungGen: 667425K->11169K(680448K)] 667833K->11577K(2078720K), 0.0075364 secs] [Times: user=0.11 sys=0.00, real=0.01 secs] 
2020-09-29T11:44:31.590+0200: 12.062: [GC (Allocation Failure) [PSYoungGen: 674209K->4289K(680960K)] 674617K->4697K(2079232K), 0.0039961 secs] [Times: user=0.00 sys=0.00, real=0.00 secs] 
2020-09-29T11:44:31.710+0200: 12.181: [GC (Allocation Failure) [PSYoungGen: 667329K->11073K(680448K)] 667737K->11481K(2078720K), 0.0072691 secs] [Times: user=0.00 sys=0.00, real=0.01 secs] 
2020-09-29T11:44:31.817+0200: 12.288: [GC (Allocation Failure) [PSYoungGen: 674113K->4161K(680960K)] 674521K->4569K(2079232K), 0.0034695 secs] [Times: user=0.00 sys=0.00, real=0.00 secs] 
2020-09-29T11:44:31.928+0200: 12.399: [GC (Allocation Failure) [PSYoungGen: 667201K->10977K(680448K)] 667609K->11385K(2078720K), 0.0069375 secs] [Times: user=0.00 sys=0.00, real=0.01 secs] 
2020-09-29T11:44:32.048+0200: 12.519: [GC (Allocation Failure) [PSYoungGen: 674017K->4129K(680960K)] 674425K->4537K(2079232K), 0.0036243 secs] [Times: user=0.13 sys=0.00, real=0.00 secs] 
2020-09-29T11:44:32.157+0200: 12.629: [GC (Allocation Failure) [PSYoungGen: 667169K->10913K(680448K)] 667577K->11321K(2078720K), 0.0073852 secs] [Times: user=0.13 sys=0.00, real=0.01 secs] 
2020-09-29T11:44:32.266+0200: 12.737: [GC (Allocation Failure) [PSYoungGen: 673953K->3969K(680960K)] 674361K->4377K(2079232K), 0.0032368 secs] [Times: user=0.00 sys=0.00, real=0.00 secs] 
2020-09-29T11:44:32.378+0200: 12.849: [GC (Allocation Failure) [PSYoungGen: 667009K->10817K(680448K)] 667417K->11225K(2078720K), 0.0070222 secs] [Times: user=0.13 sys=0.00, real=0.01 secs] 
2020-09-29T11:44:32.490+0200: 12.961: [GC (Allocation Failure) [PSYoungGen: 673857K->3905K(680960K)] 674265K->4313K(2079232K), 0.0035395 secs] [Times: user=0.00 sys=0.00, real=0.00 secs] 
2020-09-29T11:44:32.603+0200: 13.074: [GC (Allocation Failure) [PSYoungGen: 666945K->10753K(680448K)] 667353K->11161K(2078720K), 0.0071724 secs] [Times: user=0.00 sys=0.00, real=0.01 secs] 
2020-09-29T11:44:32.723+0200: 13.195: [GC (Allocation Failure) [PSYoungGen: 673793K->3745K(680960K)] 674201K->4153K(2079232K), 0.0034760 secs] [Times: user=0.00 sys=0.00, real=0.00 secs] 
2020-09-29T11:44:32.836+0200: 13.307: [GC (Allocation Failure) [PSYoungGen: 666785K->10561K(681472K)] 667193K->10969K(2079744K), 0.0066675 secs] [Times: user=0.00 sys=0.00, real=0.01 secs] 
2020-09-29T11:44:32.960+0200: 13.431: [GC (Allocation Failure) [PSYoungGen: 674625K->4673K(681472K)] 675033K->5081K(2079744K), 0.0046267 secs] [Times: user=0.00 sys=0.00, real=0.00 secs] 
2020-09-29T11:44:33.081+0200: 13.553: [GC (Allocation Failure) [PSYoungGen: 668737K->12545K(679936K)] 669145K->12953K(2078208K), 0.0070547 secs] [Times: user=0.11 sys=0.01, real=0.01 secs] 
2020-09-29T11:44:33.206+0200: 13.678: [GC (Allocation Failure) [PSYoungGen: 675585K->5601K(680960K)] 675993K->6009K(2079232K), 0.0050151 secs] [Times: user=0.00 sys=0.02, real=0.01 secs] 
2020-09-29T11:44:33.335+0200: 13.806: [GC (Allocation Failure) [PSYoungGen: 668641K->12449K(679424K)] 669049K->12857K(2077696K), 0.0079044 secs] [Times: user=0.00 sys=0.00, real=0.01 secs] 
2020-09-29T11:44:33.456+0200: 13.927: [GC (Allocation Failure) [PSYoungGen: 674465K->4545K(680448K)] 674873K->4953K(2078720K), 0.0041982 secs] [Times: user=0.13 sys=0.00, real=0.00 secs] 
2020-09-29T11:44:33.572+0200: 14.042: [GC (Allocation Failure) [PSYoungGen: 666561K->10305K(680960K)] 666969K->10713K(2079232K), 0.0075697 secs] [Times: user=0.00 sys=0.00, real=0.01 secs] 
2020-09-29T11:44:33.719+0200: 14.190: [GC (Allocation Failure) [PSYoungGen: 671803K->32K(663552K)] 672211K->440K(2061824K), 0.0098265 secs] [Times: user=0.00 sys=0.00, real=0.01 secs] 
2020-09-29T11:44:33.860+0200: 14.331: [GC (Allocation Failure) [PSYoungGen: 663072K->6913K(681472K)] 663480K->7321K(2079744K), 0.0061092 secs] [Times: user=0.09 sys=0.00, real=0.01 secs] 
2020-09-29T11:44:33.999+0200: 14.469: [GC (Allocation Failure) [PSYoungGen: 669953K->13729K(680448K)] 670361K->14137K(2078720K), 0.0098340 secs] [Times: user=0.11 sys=0.00, real=0.01 secs] 
2020-09-29T11:44:34.119+0200: 14.591: [GC (Allocation Failure) [PSYoungGen: 676769K->6817K(680960K)] 677177K->7225K(2079232K), 0.0048076 secs] [Times: user=0.00 sys=0.00, real=0.01 secs] 
2020-09-29T11:44:34.237+0200: 14.709: [GC (Allocation Failure) [PSYoungGen: 669345K->13121K(675840K)] 669753K->13529K(2074112K), 0.0094128 secs] [Times: user=0.13 sys=0.00, real=0.01 secs] 
2020-09-29T11:44:34.370+0200: 14.840: [GC (Allocation Failure) [PSYoungGen: 675649K->5729K(680448K)] 676057K->6137K(2078720K), 0.0050089 secs] [Times: user=0.00 sys=0.00, real=0.00 secs] 
2020-09-29T11:44:34.492+0200: 14.964: [GC (Allocation Failure) [PSYoungGen: 667233K->10977K(679936K)] 667641K->11385K(2078208K), 0.0080790 secs] [Times: user=0.00 sys=0.00, real=0.01 secs] 
2020-09-29T11:44:34.620+0200: 15.091: [GC (Allocation Failure) [PSYoungGen: 672481K->2529K(680448K)] 672889K->2937K(2078720K), 0.0031491 secs] [Times: user=0.00 sys=0.00, real=0.00 secs] 
2020-09-29T11:44:34.747+0200: 15.217: [GC (Allocation Failure) [PSYoungGen: 664545K->8321K(680448K)] 664953K->8729K(2078720K), 0.0061497 secs] [Times: user=0.00 sys=0.00, real=0.01 secs] 
2020-09-29T11:44:34.865+0200: 15.336: [GC (Allocation Failure) [PSYoungGen: 670337K->32K(680448K)] 670745K->440K(2078720K), 0.0004247 secs] [Times: user=0.00 sys=0.00, real=0.00 secs] 
2020-09-29T11:44:34.979+0200: 15.451: [GC (Allocation Failure) [PSYoungGen: 663072K->6913K(680960K)] 663480K->7321K(2079232K), 0.0055959 secs] [Times: user=0.00 sys=0.00, real=0.01 secs] 
2020-09-29T11:44:35.094+0200: 15.566: [GC (Allocation Failure) [PSYoungGen: 669953K->13697K(678912K)] 670361K->14105K(2077184K), 0.0084870 secs] [Times: user=0.11 sys=0.00, real=0.01 secs] 
2020-09-29T11:44:35.215+0200: 15.686: [GC (Allocation Failure) [PSYoungGen: 675713K->5825K(680448K)] 676121K->6233K(2078720K), 0.0048522 secs] [Times: user=0.00 sys=0.00, real=0.01 secs] 
2020-09-29T11:44:35.329+0200: 15.800: [GC (Allocation Failure) [PSYoungGen: 667841K->11585K(680448K)] 668249K->11993K(2078720K), 0.0087056 secs] [Times: user=0.13 sys=0.00, real=0.01 secs] 
2020-09-29T11:44:35.449+0200: 15.920: [GC (Allocation Failure) [PSYoungGen: 674625K->4673K(680960K)] 675033K->5081K(2079232K), 0.0039120 secs] [Times: user=0.00 sys=0.00, real=0.00 secs] 
2020-09-29T11:44:35.570+0200: 16.041: [GC (Allocation Failure) [PSYoungGen: 667713K->11457K(680960K)] 668121K->11865K(2079232K), 0.0086548 secs] [Times: user=0.00 sys=0.00, real=0.01 secs] 
2020-09-29T11:44:35.701+0200: 16.172: [GC (Allocation Failure) [PSYoungGen: 674497K->4577K(680960K)] 674905K->4985K(2079232K), 0.0044921 secs] [Times: user=0.00 sys=0.00, real=0.01 secs] 
2020-09-29T11:44:35.827+0200: 16.298: [GC (Allocation Failure) [PSYoungGen: 667617K->11425K(680960K)] 668025K->11833K(2079232K), 0.0082440 secs] [Times: user=0.11 sys=0.00, real=0.01 secs] 
2020-09-29T11:44:35.945+0200: 16.416: [GC (Allocation Failure) [PSYoungGen: 674465K->4449K(680960K)] 674873K->4857K(2079232K), 0.0039527 secs] [Times: user=0.00 sys=0.00, real=0.00 secs] 
2020-09-29T11:44:36.058+0200: 16.529: [GC (Allocation Failure) [PSYoungGen: 667489K->11297K(680960K)] 667897K->11705K(2079232K), 0.0071506 secs] [Times: user=0.00 sys=0.00, real=0.01 secs] 
2020-09-29T11:44:36.163+0200: 16.634: [GC (Allocation Failure) [PSYoungGen: 674337K->4385K(680960K)] 674745K->4793K(2079232K), 0.0034966 secs] [Times: user=0.00 sys=0.00, real=0.00 secs] 
2020-09-29T11:44:36.286+0200: 16.757: [GC (Allocation Failure) [PSYoungGen: 667425K->11137K(680960K)] 667833K->11545K(2079232K), 0.0081804 secs] [Times: user=0.00 sys=0.00, real=0.01 secs] 
2020-09-29T11:44:36.396+0200: 16.867: [GC (Allocation Failure) [PSYoungGen: 674177K->4289K(680960K)] 674585K->4697K(2079232K), 0.0041634 secs] [Times: user=0.00 sys=0.00, real=0.00 secs] 
2020-09-29T11:44:36.502+0200: 16.974: [GC (Allocation Failure) [PSYoungGen: 667329K->11041K(680960K)] 667737K->11449K(2079232K), 0.0067014 secs] [Times: user=0.13 sys=0.00, real=0.01 secs] 
2020-09-29T11:44:36.616+0200: 17.087: [GC (Allocation Failure) [PSYoungGen: 674081K->4225K(680960K)] 674489K->4633K(2079232K), 0.0040668 secs] [Times: user=0.00 sys=0.00, real=0.00 secs] 
2020-09-29T11:44:36.730+0200: 17.201: [GC (Allocation Failure) [PSYoungGen: 667265K->10977K(680448K)] 667673K->11385K(2078720K), 0.0066163 secs] [Times: user=0.00 sys=0.00, real=0.01 secs] 
2020-09-29T11:44:36.835+0200: 17.306: [GC (Allocation Failure) [PSYoungGen: 674017K->4097K(680960K)] 674425K->4505K(2079232K), 0.0038099 secs] [Times: user=0.00 sys=0.00, real=0.00 secs] 
2020-09-29T11:44:36.944+0200: 17.415: [GC (Allocation Failure) [PSYoungGen: 667137K->10849K(680448K)] 667545K->11257K(2078720K), 0.0062293 secs] [Times: user=0.00 sys=0.00, real=0.01 secs] 
2020-09-29T11:44:37.051+0200: 17.523: [GC (Allocation Failure) [PSYoungGen: 673889K->4001K(680960K)] 674297K->4409K(2079232K), 0.0037360 secs] [Times: user=0.00 sys=0.00, real=0.00 secs] 
2020-09-29T11:44:37.154+0200: 17.626: [GC (Allocation Failure) [PSYoungGen: 667041K->10817K(680448K)] 667449K->11225K(2078720K), 0.0063535 secs] [Times: user=0.00 sys=0.00, real=0.01 secs] 
2020-09-29T11:44:37.260+0200: 17.731: [GC (Allocation Failure) [PSYoungGen: 673857K->3873K(680960K)] 674265K->4281K(2079232K), 0.0037859 secs] [Times: user=0.00 sys=0.00, real=0.00 secs] 
2020-09-29T11:44:37.365+0200: 17.836: [GC (Allocation Failure) [PSYoungGen: 666913K->10689K(680448K)] 667321K->11097K(2078720K), 0.0073241 secs] [Times: user=0.00 sys=0.00, real=0.01 secs] 
2020-09-29T11:44:37.484+0200: 17.955: [GC (Allocation Failure) [PSYoungGen: 673729K->3745K(680960K)] 674137K->4153K(2079232K), 0.0038121 secs] [Times: user=0.00 sys=0.00, real=0.00 secs] 
2020-09-29T11:44:37.592+0200: 18.063: [GC (Allocation Failure) [PSYoungGen: 666785K->10593K(681472K)] 667193K->11001K(2079744K), 0.0067264 secs] [Times: user=0.13 sys=0.00, real=0.01 secs] 
2020-09-29T11:44:37.711+0200: 18.182: [GC (Allocation Failure) [PSYoungGen: 674657K->4737K(681472K)] 675065K->5145K(2079744K), 0.0043350 secs] [Times: user=0.00 sys=0.00, real=0.01 secs] 
2020-09-29T11:44:37.817+0200: 18.288: [GC (Allocation Failure) [PSYoungGen: 668801K->12577K(680448K)] 669209K->12985K(2078720K), 0.0074766 secs] [Times: user=0.00 sys=0.00, real=0.01 secs] 
2020-09-29T11:44:37.927+0200: 18.398: [GC (Allocation Failure) [PSYoungGen: 675617K->5665K(680960K)] 676025K->6073K(2079232K), 0.0048945 secs] [Times: user=0.00 sys=0.00, real=0.00 secs] 
2020-09-29T11:44:38.038+0200: 18.509: [GC (Allocation Failure) [PSYoungGen: 668705K->12417K(679424K)] 669113K->12825K(2077696K), 0.0078126 secs] [Times: user=0.00 sys=0.00, real=0.01 secs] 
2020-09-29T11:44:38.145+0200: 18.616: [GC (Allocation Failure) [PSYoungGen: 674433K->4513K(680448K)] 674841K->4921K(2078720K), 0.0036030 secs] [Times: user=0.00 sys=0.00, real=0.00 secs] 
2020-09-29T11:44:38.257+0200: 18.729: [GC (Allocation Failure) [PSYoungGen: 666529K->10273K(680960K)] 666937K->10681K(2079232K), 0.0073150 secs] [Times: user=0.00 sys=0.00, real=0.01 secs] 
2020-09-29T11:44:38.383+0200: 18.854: [GC (Allocation Failure) [PSYoungGen: 671771K->32K(663552K)] 672179K->440K(2061824K), 0.0004651 secs] [Times: user=0.00 sys=0.00, real=0.00 secs] 
2020-09-29T11:44:38.504+0200: 18.974: [GC (Allocation Failure) [PSYoungGen: 663072K->6913K(681472K)] 663480K->7321K(2079744K), 0.0062527 secs] [Times: user=0.09 sys=0.00, real=0.01 secs] 
2020-09-29T11:44:38.634+0200: 19.105: [GC (Allocation Failure) [PSYoungGen: 669953K->13729K(680448K)] 670361K->14137K(2078720K), 0.0109460 secs] [Times: user=0.00 sys=0.00, real=0.01 secs] 
2020-09-29T11:44:38.795+0200: 19.266: [GC (Allocation Failure) [PSYoungGen: 676769K->6785K(680960K)] 677177K->7193K(2079232K), 0.0058133 secs] [Times: user=0.00 sys=0.00, real=0.01 secs] 
2020-09-29T11:44:38.909+0200: 19.380: [GC (Allocation Failure) [PSYoungGen: 669313K->13089K(675840K)] 669721K->13497K(2074112K), 0.0083758 secs] [Times: user=0.13 sys=0.00, real=0.01 secs] 
2020-09-29T11:44:39.023+0200: 19.494: [GC (Allocation Failure) [PSYoungGen: 675617K->5665K(680448K)] 676025K->6073K(2078720K), 0.0050286 secs] [Times: user=0.00 sys=0.00, real=0.01 secs] 
2020-09-29T11:44:39.133+0200: 19.604: [GC (Allocation Failure) [PSYoungGen: 667169K->10913K(679936K)] 667577K->11321K(2078208K), 0.0064735 secs] [Times: user=0.00 sys=0.00, real=0.01 secs] 
2020-09-29T11:44:39.242+0200: 19.713: [GC (Allocation Failure) [PSYoungGen: 672417K->2529K(680448K)] 672825K->2937K(2078720K), 0.0031595 secs] [Times: user=0.00 sys=0.00, real=0.00 secs] 
2020-09-29T11:44:39.347+0200: 19.819: [GC (Allocation Failure) [PSYoungGen: 664545K->8289K(680448K)] 664953K->8697K(2078720K), 0.0056050 secs] [Times: user=0.00 sys=0.00, real=0.01 secs] 
2020-09-29T11:44:39.454+0200: 19.925: [GC (Allocation Failure) [PSYoungGen: 670305K->32K(680448K)] 670713K->440K(2078720K), 0.0008155 secs] [Times: user=0.00 sys=0.00, real=0.00 secs] 
2020-09-29T11:44:39.557+0200: 20.028: [GC (Allocation Failure) [PSYoungGen: 663072K->6881K(680960K)] 663480K->7289K(2079232K), 0.0052810 secs] [Times: user=0.00 sys=0.00, real=0.01 secs] 
2020-09-29T11:44:39.677+0200: 20.148: [GC (Allocation Failure) [PSYoungGen: 669921K->13697K(678912K)] 670329K->14105K(2077184K), 0.0087634 secs] [Times: user=0.00 sys=0.00, real=0.01 secs] 
2020-09-29T11:44:39.792+0200: 20.264: [GC (Allocation Failure) [PSYoungGen: 675713K->5793K(680448K)] 676121K->6201K(2078720K), 0.0044212 secs] [Times: user=0.00 sys=0.00, real=0.00 secs] 
2020-09-29T11:44:39.903+0200: 20.374: [GC (Allocation Failure) [PSYoungGen: 667809K->11585K(680448K)] 668217K->11993K(2078720K), 0.0069179 secs] [Times: user=0.00 sys=0.00, real=0.01 secs] 
2020-09-29T11:44:40.014+0200: 20.485: [GC (Allocation Failure) [PSYoungGen: 674625K->4641K(680960K)] 675033K->5049K(2079232K), 0.0042192 secs] [Times: user=0.00 sys=0.00, real=0.00 secs] 
2020-09-29T11:44:40.138+0200: 20.610: [GC (Allocation Failure) [PSYoungGen: 667681K->11489K(680960K)] 668089K->11897K(2079232K), 0.0067980 secs] [Times: user=0.13 sys=0.00, real=0.01 secs] 
2020-09-29T11:44:40.241+0200: 20.711: [GC (Allocation Failure) [PSYoungGen: 674529K->4577K(680960K)] 674937K->4985K(2079232K), 0.0037206 secs] [Times: user=0.00 sys=0.00, real=0.00 secs] 
2020-09-29T11:44:40.352+0200: 20.823: [GC (Allocation Failure) [PSYoungGen: 667617K->11361K(680960K)] 668025K->11769K(2079232K), 0.0071938 secs] [Times: user=0.00 sys=0.00, real=0.01 secs] 
2020-09-29T11:44:40.464+0200: 20.935: [GC (Allocation Failure) [PSYoungGen: 674401K->4513K(680960K)] 674809K->4921K(2079232K), 0.0042793 secs] [Times: user=0.00 sys=0.00, real=0.01 secs] 
2020-09-29T11:44:40.586+0200: 21.057: [GC (Allocation Failure) [PSYoungGen: 667553K->11297K(680960K)] 667961K->11705K(2079232K), 0.0078321 secs] [Times: user=0.00 sys=0.00, real=0.01 secs] 
2020-09-29T11:44:40.716+0200: 21.187: [GC (Allocation Failure) [PSYoungGen: 674337K->4385K(680960K)] 674745K->4793K(2079232K), 0.0039362 secs] [Times: user=0.00 sys=0.00, real=0.00 secs] 
2020-09-29T11:44:40.817+0200: 21.288: [GC (Allocation Failure) [PSYoungGen: 667425K->11201K(680960K)] 667833K->11609K(2079232K), 0.0065441 secs] [Times: user=0.00 sys=0.00, real=0.01 secs] 
2020-09-29T11:44:40.936+0200: 21.406: [GC (Allocation Failure) [PSYoungGen: 674241K->4289K(680960K)] 674649K->4697K(2079232K), 0.0042720 secs] [Times: user=0.00 sys=0.00, real=0.00 secs] 
2020-09-29T11:44:41.054+0200: 21.524: [GC (Allocation Failure) [PSYoungGen: 667329K->11073K(680960K)] 667737K->11481K(2079232K), 0.0071581 secs] [Times: user=0.00 sys=0.00, real=0.01 secs] 
2020-09-29T11:44:41.168+0200: 21.638: [GC (Allocation Failure) [PSYoungGen: 674113K->4193K(680960K)] 674521K->4601K(2079232K), 0.0040180 secs] [Times: user=0.00 sys=0.00, real=0.00 secs] 
2020-09-29T11:44:41.282+0200: 21.753: [GC (Allocation Failure) [PSYoungGen: 667233K->10945K(680960K)] 667641K->11353K(2079232K), 0.0071985 secs] [Times: user=0.11 sys=0.00, real=0.01 secs] 
2020-09-29T11:44:41.403+0200: 21.874: [GC (Allocation Failure) [PSYoungGen: 673985K->4065K(680960K)] 674393K->4473K(2079232K), 0.0036632 secs] [Times: user=0.00 sys=0.00, real=0.00 secs] 
2020-09-29T11:44:41.520+0200: 21.990: [GC (Allocation Failure) [PSYoungGen: 667105K->10881K(680448K)] 667513K->11289K(2078720K), 0.0083643 secs] [Times: user=0.13 sys=0.00, real=0.01 secs] 
2020-09-29T11:44:41.664+0200: 22.135: [GC (Allocation Failure) [PSYoungGen: 673921K->4001K(680960K)] 674329K->4409K(2079232K), 0.0043099 secs] [Times: user=0.00 sys=0.00, real=0.00 secs] 
2020-09-29T11:44:41.810+0200: 22.281: [GC (Allocation Failure) [PSYoungGen: 667041K->10785K(680448K)] 667449K->11193K(2078720K), 0.0086048 secs] [Times: user=0.11 sys=0.00, real=0.01 secs] 
2020-09-29T11:44:41.954+0200: 22.425: [GC (Allocation Failure) [PSYoungGen: 673825K->3809K(680960K)] 674233K->4217K(2079232K), 0.0055581 secs] [Times: user=0.03 sys=0.00, real=0.01 secs] 
2020-09-29T11:44:42.088+0200: 22.559: [GC (Allocation Failure) [PSYoungGen: 666849K->10689K(680448K)] 667257K->11097K(2078720K), 0.0075927 secs] [Times: user=0.00 sys=0.00, real=0.01 secs] 
2020-09-29T11:44:42.214+0200: 22.685: [GC (Allocation Failure) [PSYoungGen: 673729K->3777K(680960K)] 674137K->4185K(2079232K), 0.0036134 secs] [Times: user=0.00 sys=0.00, real=0.00 secs] 
2020-09-29T11:44:42.319+0200: 22.790: [GC (Allocation Failure) [PSYoungGen: 666817K->10561K(681472K)] 667225K->10969K(2079744K), 0.0065798 secs] [Times: user=0.00 sys=0.00, real=0.01 secs] 
2020-09-29T11:44:42.438+0200: 22.908: [GC (Allocation Failure) [PSYoungGen: 674625K->4705K(681472K)] 675033K->5113K(2079744K), 0.0043282 secs] [Times: user=0.00 sys=0.00, real=0.00 secs] 
2020-09-29T11:44:42.558+0200: 23.029: [GC (Allocation Failure) [PSYoungGen: 668769K->12545K(680448K)] 669177K->12953K(2078720K), 0.0090713 secs] [Times: user=0.02 sys=0.00, real=0.01 secs] 
2020-09-29T11:44:42.686+0200: 23.156: [GC (Allocation Failure) [PSYoungGen: 675585K->5633K(680960K)] 675993K->6041K(2079232K), 0.0048865 secs] [Times: user=0.00 sys=0.00, real=0.00 secs] 
2020-09-29T11:44:42.824+0200: 23.294: [GC (Allocation Failure) [PSYoungGen: 668673K->12481K(679424K)] 669081K->12889K(2077696K), 0.0094250 secs] [Times: user=0.11 sys=0.00, real=0.01 secs] 
2020-09-29T11:44:42.970+0200: 23.440: [GC (Allocation Failure) [PSYoungGen: 674497K->4513K(680448K)] 674905K->4921K(2078720K), 0.0044725 secs] [Times: user=0.11 sys=0.00, real=0.00 secs] 
2020-09-29T11:44:43.135+0200: 23.605: [GC (Allocation Failure) [PSYoungGen: 666529K->10305K(680960K)] 666937K->10713K(2079232K), 0.0088774 secs] [Times: user=0.00 sys=0.00, real=0.01 secs] 
2020-09-29T11:44:43.297+0200: 23.768: [GC (Allocation Failure) [PSYoungGen: 671803K->32K(663552K)] 672211K->440K(2061824K), 0.0004682 secs] [Times: user=0.00 sys=0.00, real=0.00 secs] 
2020-09-29T11:44:43.430+0200: 23.900: [GC (Allocation Failure) [PSYoungGen: 663072K->6913K(681472K)] 663480K->7321K(2079744K), 0.0062495 secs] [Times: user=0.00 sys=0.00, real=0.01 secs] 
2020-09-29T11:44:43.565+0200: 24.036: [GC (Allocation Failure) [PSYoungGen: 669953K->13697K(676864K)] 670361K->14105K(2075136K), 0.0106767 secs] [Times: user=0.08 sys=0.00, real=0.01 secs] 
2020-09-29T11:44:43.717+0200: 24.187: [GC (Allocation Failure) [PSYoungGen: 676737K->6817K(680960K)] 677145K->7225K(2079232K), 0.0057539 secs] [Times: user=0.00 sys=0.00, real=0.01 secs] 
2020-09-29T11:44:43.850+0200: 24.321: [GC (Allocation Failure) [PSYoungGen: 668833K->12577K(679936K)] 669241K->12985K(2078208K), 0.0094937 secs] [Times: user=0.00 sys=0.00, real=0.01 secs] 
2020-09-29T11:44:43.981+0200: 24.451: [GC (Allocation Failure) [PSYoungGen: 674593K->4705K(680448K)] 675001K->5113K(2078720K), 0.0044866 secs] [Times: user=0.00 sys=0.00, real=0.00 secs] 
2020-09-29T11:44:44.098+0200: 24.568: [GC (Allocation Failure) [PSYoungGen: 666721K->10401K(680448K)] 667129K->10809K(2078720K), 0.0071327 secs] [Times: user=0.13 sys=0.00, real=0.01 secs] 
2020-09-29T11:44:44.213+0200: 24.684: [GC (Allocation Failure) [PSYoungGen: 672417K->2465K(680960K)] 672825K->2873K(2079232K), 0.0029383 secs] [Times: user=0.00 sys=0.00, real=0.00 secs] 
2020-09-29T11:44:44.321+0200: 24.792: [GC (Allocation Failure) [PSYoungGen: 665505K->9313K(680960K)] 665913K->9721K(2079232K), 0.0064152 secs] [Times: user=0.00 sys=0.00, real=0.01 secs] 
2020-09-29T11:44:44.437+0200: 24.908: [GC (Allocation Failure) [PSYoungGen: 672353K->2433K(680960K)] 672761K->2841K(2079232K), 0.0032690 secs] [Times: user=0.00 sys=0.00, real=0.00 secs] 
2020-09-29T11:44:44.549+0200: 25.021: [GC (Allocation Failure) [PSYoungGen: 665473K->9185K(680960K)] 665881K->9593K(2079232K), 0.0076807 secs] [Times: user=0.11 sys=0.00, real=0.01 secs] 
2020-09-29T11:44:44.673+0200: 25.144: [GC (Allocation Failure) [PSYoungGen: 672225K->2305K(681472K)] 672633K->2713K(2079744K), 0.0034643 secs] [Times: user=0.13 sys=0.00, real=0.00 secs] 
2020-09-29T11:44:44.795+0200: 25.267: [GC (Allocation Failure) [PSYoungGen: 666369K->10177K(681472K)] 666777K->10585K(2079744K), 0.0074116 secs] [Times: user=0.13 sys=0.00, real=0.01 secs] 
2020-09-29T11:44:44.922+0200: 25.394: [GC (Allocation Failure) [PSYoungGen: 674241K->4289K(681984K)] 674649K->4697K(2080256K), 0.0037788 secs] [Times: user=0.13 sys=0.00, real=0.00 secs] 
2020-09-29T11:44:45.040+0200: 25.511: [GC (Allocation Failure) [PSYoungGen: 668865K->12609K(677376K)] 669273K->13017K(2075648K), 0.0086924 secs] [Times: user=0.00 sys=0.00, real=0.01 secs] 
Heap
 PSYoungGen      total 677376K, used 358183K [0x00000000d5580000, 0x0000000100000000, 0x0000000100000000)
  eden space 664576K, 51% used [0x00000000d5580000,0x00000000ea6f9888,0x00000000fde80000)
  from space 12800K, 98% used [0x00000000fde80000,0x00000000fead0490,0x00000000feb00000)
  to   space 17920K, 0% used [0x00000000fee80000,0x00000000fee80000,0x0000000100000000)
 ParOldGen       total 1398272K, used 408K [0x0000000080000000, 0x00000000d5580000, 0x00000000d5580000)
  object space 1398272K, 0% used [0x0000000080000000,0x0000000080066050,0x00000000d5580000)
 Metaspace       used 2594K, capacity 4486K, committed 4864K, reserved 1056768K
  class space    used 285K, capacity 386K, committed 512K, reserved 1048576K
