Java HotSpot(TM) 64-Bit Server VM (25.261-b12) for windows-amd64 JRE (1.8.0_261-b12), built on Jun 18 2020 06:56:32 by "" with unknown MS VC++:1916
Memory: 4k page, physical 16659684k(9103104k free), swap 23213284k(8146556k free)
CommandLine flags: -XX:InitialHeapSize=2147483648 -XX:MaxHeapSize=2147483648 -XX:+PrintGC -XX:+PrintGCDateStamps -XX:+PrintGCDetails -XX:+PrintGCTimeStamps -XX:+UseCompressedClassPointers -XX:+UseCompressedOops -XX:-UseLargePagesIndividualAllocation -XX:+UseParallelGC 
2020-09-29T12:40:35.015+0200: 0.440: [GC (Allocation Failure) [PSYoungGen: 524800K->11969K(611840K)] 524800K->11977K(2010112K), 0.0098951 secs] [Times: user=0.13 sys=0.00, real=0.01 secs] 
2020-09-29T12:40:35.117+0200: 0.542: [GC (Allocation Failure) [PSYoungGen: 536769K->3425K(611840K)] 536777K->3433K(2010112K), 0.0127936 secs] [Times: user=0.11 sys=0.01, real=0.01 secs] 
2020-09-29T12:40:35.216+0200: 0.641: [GC (Allocation Failure) [PSYoungGen: 528225K->8577K(611840K)] 528233K->8585K(2010112K), 0.0063102 secs] [Times: user=0.00 sys=0.00, real=0.01 secs] 
2020-09-29T12:40:35.305+0200: 0.730: [GC (Allocation Failure) [PSYoungGen: 533377K->13697K(611840K)] 533385K->13705K(2010112K), 0.0099786 secs] [Times: user=0.00 sys=0.00, real=0.01 secs] 
2020-09-29T12:40:35.402+0200: 0.827: [GC (Allocation Failure) [PSYoungGen: 538497K->5329K(611840K)] 538505K->5337K(2010112K), 0.0045300 secs] [Times: user=0.00 sys=0.00, real=0.01 secs] 
2020-09-29T12:40:35.492+0200: 0.917: [GC (Allocation Failure) [PSYoungGen: 530129K->10433K(682496K)] 530137K->10441K(2080768K), 0.0085775 secs] [Times: user=0.00 sys=0.00, real=0.01 secs] 
2020-09-29T12:40:35.668+0200: 1.093: [GC (Allocation Failure) [PSYoungGen: 676545K->6241K(682496K)] 676553K->6665K(2080768K), 0.0058391 secs] [Times: user=0.00 sys=0.00, real=0.01 secs] 
2020-09-29T12:40:35.770+0200: 1.195: [GC (Allocation Failure) [PSYoungGen: 671643K->32K(681984K)] 672067K->456K(2080256K), 0.0002873 secs] [Times: user=0.00 sys=0.00, real=0.00 secs] 
2020-09-29T12:40:35.876+0200: 1.301: [GC (Allocation Failure) [PSYoungGen: 666144K->9985K(682496K)] 666568K->10409K(2080768K), 0.0062631 secs] [Times: user=0.13 sys=0.00, real=0.01 secs] 
2020-09-29T12:40:35.992+0200: 1.417: [GC (Allocation Failure) [PSYoungGen: 676097K->6177K(683008K)] 676521K->6601K(2081280K), 0.0049625 secs] [Times: user=0.00 sys=0.00, real=0.00 secs] 
2020-09-29T12:40:36.096+0200: 1.521: [GC (Allocation Failure) [PSYoungGen: 672801K->2881K(682496K)] 673225K->3305K(2080768K), 0.0032974 secs] [Times: user=0.13 sys=0.00, real=0.00 secs] 
2020-09-29T12:40:36.204+0200: 1.628: [GC (Allocation Failure) [PSYoungGen: 669505K->13249K(679936K)] 669929K->13673K(2078208K), 0.0076836 secs] [Times: user=0.13 sys=0.00, real=0.01 secs] 
2020-09-29T12:40:36.309+0200: 1.735: [GC (Allocation Failure) [PSYoungGen: 677313K->7393K(681472K)] 677737K->7817K(2079744K), 0.0049836 secs] [Times: user=0.00 sys=0.00, real=0.00 secs] 
2020-09-29T12:40:36.416+0200: 1.841: [GC (Allocation Failure) [PSYoungGen: 671457K->32K(681472K)] 671881K->456K(2079744K), 0.0006975 secs] [Times: user=0.00 sys=0.00, real=0.00 secs] 
2020-09-29T12:40:36.517+0200: 1.942: [GC (Allocation Failure) [PSYoungGen: 665120K->8961K(681984K)] 665544K->9385K(2080256K), 0.0055851 secs] [Times: user=0.13 sys=0.00, real=0.01 secs] 
2020-09-29T12:40:36.625+0200: 2.049: [GC (Allocation Failure) [PSYoungGen: 674049K->4161K(682496K)] 674473K->4585K(2080768K), 0.0038685 secs] [Times: user=0.00 sys=0.00, real=0.00 secs] 
2020-09-29T12:40:36.732+0200: 2.157: [GC (Allocation Failure) [PSYoungGen: 669761K->13505K(679424K)] 670185K->13929K(2077696K), 0.0077147 secs] [Times: user=0.11 sys=0.02, real=0.01 secs] 
2020-09-29T12:40:36.835+0200: 2.260: [GC (Allocation Failure) [PSYoungGen: 679105K->9185K(681472K)] 679529K->9609K(2079744K), 0.0060450 secs] [Times: user=0.00 sys=0.00, real=0.01 secs] 
2020-09-29T12:40:36.949+0200: 2.374: [GC (Allocation Failure) [PSYoungGen: 672737K->2721K(680960K)] 673161K->3145K(2079232K), 0.0028552 secs] [Times: user=0.00 sys=0.00, real=0.00 secs] 
2020-09-29T12:40:37.056+0200: 2.481: [GC (Allocation Failure) [PSYoungGen: 666273K->10049K(681472K)] 666697K->10473K(2079744K), 0.0062739 secs] [Times: user=0.00 sys=0.00, real=0.01 secs] 
2020-09-29T12:40:37.158+0200: 2.583: [GC (Allocation Failure) [PSYoungGen: 674113K->4193K(681472K)] 674537K->4617K(2079744K), 0.0042190 secs] [Times: user=0.13 sys=0.00, real=0.00 secs] 
2020-09-29T12:40:37.266+0200: 2.691: [GC (Allocation Failure) [PSYoungGen: 668257K->12033K(679936K)] 668681K->12457K(2078208K), 0.0073365 secs] [Times: user=0.13 sys=0.00, real=0.01 secs] 
2020-09-29T12:40:37.371+0200: 2.796: [GC (Allocation Failure) [PSYoungGen: 675073K->5153K(680960K)] 675497K->5577K(2079232K), 0.0040914 secs] [Times: user=0.00 sys=0.00, real=0.00 secs] 
2020-09-29T12:40:37.469+0200: 2.895: [GC (Allocation Failure) [PSYoungGen: 668193K->11937K(680448K)] 668617K->12361K(2078720K), 0.0071709 secs] [Times: user=0.13 sys=0.00, real=0.01 secs] 
2020-09-29T12:40:37.575+0200: 3.000: [GC (Allocation Failure) [PSYoungGen: 674977K->4993K(680960K)] 675401K->5417K(2079232K), 0.0042001 secs] [Times: user=0.00 sys=0.00, real=0.00 secs] 
2020-09-29T12:40:37.677+0200: 3.102: [GC (Allocation Failure) [PSYoungGen: 668033K->11809K(680448K)] 668457K->12233K(2078720K), 0.0066882 secs] [Times: user=0.00 sys=0.00, real=0.01 secs] 
2020-09-29T12:40:37.779+0200: 3.204: [GC (Allocation Failure) [PSYoungGen: 674849K->4961K(680960K)] 675273K->5385K(2079232K), 0.0034467 secs] [Times: user=0.00 sys=0.00, real=0.00 secs] 
2020-09-29T12:40:37.880+0200: 3.305: [GC (Allocation Failure) [PSYoungGen: 668001K->11713K(680448K)] 668425K->12137K(2078720K), 0.0065961 secs] [Times: user=0.00 sys=0.00, real=0.01 secs] 
2020-09-29T12:40:37.989+0200: 3.414: [GC (Allocation Failure) [PSYoungGen: 674753K->4865K(680960K)] 675177K->5289K(2079232K), 0.0039032 secs] [Times: user=0.00 sys=0.00, real=0.00 secs] 
2020-09-29T12:40:38.087+0200: 3.512: [GC (Allocation Failure) [PSYoungGen: 667905K->11649K(679936K)] 668329K->12073K(2078208K), 0.0067196 secs] [Times: user=0.00 sys=0.00, real=0.01 secs] 
2020-09-29T12:40:38.197+0200: 3.622: [GC (Allocation Failure) [PSYoungGen: 673665K->3681K(680448K)] 674089K->4105K(2078720K), 0.0033551 secs] [Times: user=0.00 sys=0.00, real=0.00 secs] 
2020-09-29T12:40:38.297+0200: 3.722: [GC (Allocation Failure) [PSYoungGen: 665697K->9505K(681472K)] 666121K->9929K(2079744K), 0.0059808 secs] [Times: user=0.13 sys=0.00, real=0.01 secs] 
2020-09-29T12:40:38.402+0200: 3.827: [GC (Allocation Failure) [PSYoungGen: 673057K->3137K(680960K)] 673481K->3561K(2079232K), 0.0033203 secs] [Times: user=0.00 sys=0.00, real=0.00 secs] 
2020-09-29T12:40:38.503+0200: 3.928: [GC (Allocation Failure) [PSYoungGen: 666689K->10433K(681472K)] 667113K->10857K(2079744K), 0.0062220 secs] [Times: user=0.13 sys=0.00, real=0.01 secs] 
2020-09-29T12:40:38.605+0200: 4.031: [GC (Allocation Failure) [PSYoungGen: 674497K->4577K(681472K)] 674921K->5001K(2079744K), 0.0036134 secs] [Times: user=0.00 sys=0.00, real=0.00 secs] 
2020-09-29T12:40:38.706+0200: 4.131: [GC (Allocation Failure) [PSYoungGen: 668641K->12353K(680448K)] 669065K->12777K(2078720K), 0.0071105 secs] [Times: user=0.13 sys=0.00, real=0.01 secs] 
2020-09-29T12:40:38.810+0200: 4.235: [GC (Allocation Failure) [PSYoungGen: 675393K->5473K(680960K)] 675817K->5897K(2079232K), 0.0038204 secs] [Times: user=0.00 sys=0.00, real=0.00 secs] 
2020-09-29T12:40:38.907+0200: 4.332: [GC (Allocation Failure) [PSYoungGen: 668513K->12257K(679424K)] 668937K->12681K(2077696K), 0.0072715 secs] [Times: user=0.13 sys=0.00, real=0.01 secs] 
2020-09-29T12:40:39.014+0200: 4.440: [GC (Allocation Failure) [PSYoungGen: 674273K->4353K(680448K)] 674697K->4777K(2078720K), 0.0035999 secs] [Times: user=0.00 sys=0.00, real=0.00 secs] 
2020-09-29T12:40:39.113+0200: 4.538: [GC (Allocation Failure) [PSYoungGen: 666369K->10177K(680960K)] 666793K->10601K(2079232K), 0.0059764 secs] [Times: user=0.13 sys=0.00, real=0.01 secs] 
2020-09-29T12:40:39.220+0200: 4.645: [GC (Allocation Failure) [PSYoungGen: 671675K->32K(663552K)] 672099K->456K(2061824K), 0.0005684 secs] [Times: user=0.00 sys=0.00, real=0.00 secs] 
2020-09-29T12:40:39.330+0200: 4.756: [GC (Allocation Failure) [PSYoungGen: 663072K->6913K(681472K)] 663496K->7337K(2079744K), 0.0057686 secs] [Times: user=0.11 sys=0.00, real=0.01 secs] 
2020-09-29T12:40:39.447+0200: 4.872: [GC (Allocation Failure) [PSYoungGen: 669953K->13761K(680448K)] 670377K->14185K(2078720K), 0.0079937 secs] [Times: user=0.00 sys=0.00, real=0.01 secs] 
2020-09-29T12:40:39.555+0200: 4.980: [GC (Allocation Failure) [PSYoungGen: 676801K->6817K(680960K)] 677225K->7241K(2079232K), 0.0051695 secs] [Times: user=0.00 sys=0.00, real=0.00 secs] 
2020-09-29T12:40:39.659+0200: 5.085: [GC (Allocation Failure) [PSYoungGen: 669345K->13121K(675840K)] 669769K->13545K(2074112K), 0.0078203 secs] [Times: user=0.02 sys=0.00, real=0.01 secs] 
2020-09-29T12:40:39.762+0200: 5.187: [GC (Allocation Failure) [PSYoungGen: 675649K->5697K(680448K)] 676073K->6121K(2078720K), 0.0043529 secs] [Times: user=0.00 sys=0.00, real=0.00 secs] 
2020-09-29T12:40:39.864+0200: 5.289: [GC (Allocation Failure) [PSYoungGen: 667201K->10945K(679936K)] 667625K->11369K(2078208K), 0.0068109 secs] [Times: user=0.00 sys=0.00, real=0.01 secs] 
2020-09-29T12:40:39.970+0200: 5.395: [GC (Allocation Failure) [PSYoungGen: 672449K->2465K(680448K)] 672873K->2889K(2078720K), 0.0026682 secs] [Times: user=0.00 sys=0.00, real=0.00 secs] 
2020-09-29T12:40:40.066+0200: 5.491: [GC (Allocation Failure) [PSYoungGen: 664481K->8289K(680448K)] 664905K->8713K(2078720K), 0.0053501 secs] [Times: user=0.13 sys=0.00, real=0.01 secs] 
2020-09-29T12:40:40.171+0200: 5.596: [GC (Allocation Failure) [PSYoungGen: 670305K->32K(680448K)] 670729K->456K(2078720K), 0.0008520 secs] [Times: user=0.00 sys=0.00, real=0.00 secs] 
2020-09-29T12:40:40.277+0200: 5.702: [GC (Allocation Failure) [PSYoungGen: 663072K->6913K(680960K)] 663496K->7337K(2079232K), 0.0046935 secs] [Times: user=0.00 sys=0.00, real=0.01 secs] 
2020-09-29T12:40:40.375+0200: 5.801: [GC (Allocation Failure) [PSYoungGen: 669953K->13729K(678912K)] 670377K->14153K(2077184K), 0.0076045 secs] [Times: user=0.13 sys=0.00, real=0.01 secs] 
2020-09-29T12:40:40.481+0200: 5.906: [GC (Allocation Failure) [PSYoungGen: 675745K->5761K(680448K)] 676169K->6185K(2078720K), 0.0039883 secs] [Times: user=0.00 sys=0.00, real=0.00 secs] 
2020-09-29T12:40:40.582+0200: 6.007: [GC (Allocation Failure) [PSYoungGen: 667777K->11585K(680448K)] 668201K->12009K(2078720K), 0.0070666 secs] [Times: user=0.05 sys=0.02, real=0.01 secs] 
2020-09-29T12:40:40.687+0200: 6.112: [GC (Allocation Failure) [PSYoungGen: 674625K->4641K(680960K)] 675049K->5065K(2079232K), 0.0036649 secs] [Times: user=0.00 sys=0.00, real=0.00 secs] 
2020-09-29T12:40:40.793+0200: 6.217: [GC (Allocation Failure) [PSYoungGen: 667681K->11457K(680960K)] 668105K->11881K(2079232K), 0.0067879 secs] [Times: user=0.00 sys=0.00, real=0.01 secs] 
2020-09-29T12:40:40.893+0200: 6.318: [GC (Allocation Failure) [PSYoungGen: 674497K->4609K(680960K)] 674921K->5033K(2079232K), 0.0032078 secs] [Times: user=0.13 sys=0.00, real=0.00 secs] 
2020-09-29T12:40:40.989+0200: 6.414: [GC (Allocation Failure) [PSYoungGen: 667649K->11361K(680960K)] 668073K->11785K(2079232K), 0.0064142 secs] [Times: user=0.00 sys=0.00, real=0.01 secs] 
2020-09-29T12:40:41.096+0200: 6.521: [GC (Allocation Failure) [PSYoungGen: 674401K->4513K(680960K)] 674825K->4937K(2079232K), 0.0035235 secs] [Times: user=0.13 sys=0.00, real=0.00 secs] 
2020-09-29T12:40:41.198+0200: 6.622: [GC (Allocation Failure) [PSYoungGen: 667553K->11233K(680960K)] 667977K->11657K(2079232K), 0.0066884 secs] [Times: user=0.00 sys=0.00, real=0.01 secs] 
2020-09-29T12:40:41.298+0200: 6.723: [GC (Allocation Failure) [PSYoungGen: 674273K->4353K(680960K)] 674697K->4777K(2079232K), 0.0037025 secs] [Times: user=0.13 sys=0.00, real=0.00 secs] 
2020-09-29T12:40:41.399+0200: 6.824: [GC (Allocation Failure) [PSYoungGen: 667393K->11169K(680960K)] 667817K->11593K(2079232K), 0.0062755 secs] [Times: user=0.00 sys=0.00, real=0.01 secs] 
2020-09-29T12:40:41.500+0200: 6.924: [GC (Allocation Failure) [PSYoungGen: 674209K->4225K(680960K)] 674633K->4649K(2079232K), 0.0034750 secs] [Times: user=0.00 sys=0.00, real=0.00 secs] 
2020-09-29T12:40:41.605+0200: 7.030: [GC (Allocation Failure) [PSYoungGen: 667265K->11073K(680960K)] 667689K->11497K(2079232K), 0.0067399 secs] [Times: user=0.00 sys=0.00, real=0.01 secs] 
2020-09-29T12:40:41.703+0200: 7.128: [GC (Allocation Failure) [PSYoungGen: 674113K->4193K(680960K)] 674537K->4617K(2079232K), 0.0033350 secs] [Times: user=0.00 sys=0.00, real=0.00 secs] 
2020-09-29T12:40:41.801+0200: 7.226: [GC (Allocation Failure) [PSYoungGen: 667233K->10977K(680448K)] 667657K->11401K(2078720K), 0.0060488 secs] [Times: user=0.11 sys=0.00, real=0.01 secs] 
2020-09-29T12:40:41.903+0200: 7.328: [GC (Allocation Failure) [PSYoungGen: 674017K->4097K(680960K)] 674441K->4521K(2079232K), 0.0036147 secs] [Times: user=0.00 sys=0.00, real=0.00 secs] 
2020-09-29T12:40:41.999+0200: 7.424: [GC (Allocation Failure) [PSYoungGen: 667137K->10881K(680448K)] 667561K->11305K(2078720K), 0.0064089 secs] [Times: user=0.13 sys=0.00, real=0.01 secs] 
2020-09-29T12:40:42.099+0200: 7.524: [GC (Allocation Failure) [PSYoungGen: 673921K->3969K(680960K)] 674345K->4393K(2079232K), 0.0033971 secs] [Times: user=0.00 sys=0.00, real=0.00 secs] 
2020-09-29T12:40:42.208+0200: 7.633: [GC (Allocation Failure) [PSYoungGen: 667009K->10785K(680448K)] 667433K->11209K(2078720K), 0.0075724 secs] [Times: user=0.00 sys=0.00, real=0.01 secs] 
2020-09-29T12:40:42.313+0200: 7.738: [GC (Allocation Failure) [PSYoungGen: 673825K->3873K(680960K)] 674249K->4297K(2079232K), 0.0033876 secs] [Times: user=0.01 sys=0.02, real=0.00 secs] 
2020-09-29T12:40:42.411+0200: 7.836: [GC (Allocation Failure) [PSYoungGen: 666913K->10689K(680448K)] 667337K->11113K(2078720K), 0.0063075 secs] [Times: user=0.00 sys=0.00, real=0.01 secs] 
2020-09-29T12:40:42.514+0200: 7.939: [GC (Allocation Failure) [PSYoungGen: 673729K->3777K(680960K)] 674153K->4201K(2079232K), 0.0032626 secs] [Times: user=0.00 sys=0.00, real=0.00 secs] 
2020-09-29T12:40:42.614+0200: 8.039: [GC (Allocation Failure) [PSYoungGen: 666817K->10561K(681472K)] 667241K->10985K(2079744K), 0.0062924 secs] [Times: user=0.00 sys=0.00, real=0.01 secs] 
2020-09-29T12:40:42.714+0200: 8.139: [GC (Allocation Failure) [PSYoungGen: 674625K->4769K(681472K)] 675049K->5193K(2079744K), 0.0036302 secs] [Times: user=0.00 sys=0.00, real=0.00 secs] 
2020-09-29T12:40:42.815+0200: 8.240: [GC (Allocation Failure) [PSYoungGen: 668833K->12545K(680448K)] 669257K->12969K(2078720K), 0.0068808 secs] [Times: user=0.13 sys=0.00, real=0.01 secs] 
2020-09-29T12:40:42.916+0200: 8.341: [GC (Allocation Failure) [PSYoungGen: 675585K->5697K(680960K)] 676009K->6121K(2079232K), 0.0039583 secs] [Times: user=0.00 sys=0.00, real=0.00 secs] 
2020-09-29T12:40:43.011+0200: 8.436: [GC (Allocation Failure) [PSYoungGen: 668737K->12481K(679424K)] 669161K->12905K(2077696K), 0.0070756 secs] [Times: user=0.00 sys=0.00, real=0.01 secs] 
2020-09-29T12:40:43.118+0200: 8.543: [GC (Allocation Failure) [PSYoungGen: 674497K->4513K(680448K)] 674921K->4937K(2078720K), 0.0035050 secs] [Times: user=0.00 sys=0.00, real=0.00 secs] 
2020-09-29T12:40:43.224+0200: 8.649: [GC (Allocation Failure) [PSYoungGen: 666529K->10273K(680960K)] 666953K->10697K(2079232K), 0.0061782 secs] [Times: user=0.00 sys=0.00, real=0.01 secs] 
2020-09-29T12:40:43.325+0200: 8.750: [GC (Allocation Failure) [PSYoungGen: 671771K->32K(663552K)] 672195K->456K(2061824K), 0.0004625 secs] [Times: user=0.00 sys=0.00, real=0.00 secs] 
2020-09-29T12:40:43.428+0200: 8.853: [GC (Allocation Failure) [PSYoungGen: 663072K->6881K(681472K)] 663496K->7305K(2079744K), 0.0047027 secs] [Times: user=0.00 sys=0.00, real=0.01 secs] 
2020-09-29T12:40:43.526+0200: 8.951: [GC (Allocation Failure) [PSYoungGen: 669921K->13729K(676864K)] 670345K->14153K(2075136K), 0.0076069 secs] [Times: user=0.00 sys=0.00, real=0.01 secs] 
2020-09-29T12:40:43.646+0200: 9.071: [GC (Allocation Failure) [PSYoungGen: 676769K->6817K(680960K)] 677193K->7241K(2079232K), 0.0048787 secs] [Times: user=0.00 sys=0.00, real=0.01 secs] 
2020-09-29T12:40:43.749+0200: 9.174: [GC (Allocation Failure) [PSYoungGen: 668833K->12545K(679936K)] 669257K->12969K(2078208K), 0.0068117 secs] [Times: user=0.13 sys=0.00, real=0.01 secs] 
2020-09-29T12:40:43.851+0200: 9.276: [GC (Allocation Failure) [PSYoungGen: 674561K->4673K(680448K)] 674985K->5097K(2078720K), 0.0036207 secs] [Times: user=0.00 sys=0.00, real=0.00 secs] 
2020-09-29T12:40:43.952+0200: 9.377: [GC (Allocation Failure) [PSYoungGen: 666689K->10497K(680448K)] 667113K->10921K(2078720K), 0.0062889 secs] [Times: user=0.13 sys=0.00, real=0.01 secs] 
2020-09-29T12:40:44.054+0200: 9.479: [GC (Allocation Failure) [PSYoungGen: 672513K->2465K(680960K)] 672937K->2889K(2079232K), 0.0026056 secs] [Times: user=0.00 sys=0.00, real=0.00 secs] 
2020-09-29T12:40:44.152+0200: 9.577: [GC (Allocation Failure) [PSYoungGen: 665505K->9313K(680960K)] 665929K->9737K(2079232K), 0.0069334 secs] [Times: user=0.00 sys=0.00, real=0.01 secs] 
2020-09-29T12:40:44.260+0200: 9.685: [GC (Allocation Failure) [PSYoungGen: 672353K->2465K(680960K)] 672777K->2889K(2079232K), 0.0027175 secs] [Times: user=0.00 sys=0.00, real=0.00 secs] 
2020-09-29T12:40:44.357+0200: 9.781: [GC (Allocation Failure) [PSYoungGen: 665505K->9217K(680960K)] 665929K->9641K(2079232K), 0.0058531 secs] [Times: user=0.00 sys=0.00, real=0.00 secs] 
2020-09-29T12:40:44.455+0200: 9.880: [GC (Allocation Failure) [PSYoungGen: 672257K->2273K(681472K)] 672681K->2697K(2079744K), 0.0027458 secs] [Times: user=0.01 sys=0.00, real=0.00 secs] 
2020-09-29T12:40:44.555+0200: 9.980: [GC (Allocation Failure) [PSYoungGen: 666337K->10113K(681472K)] 666761K->10537K(2079744K), 0.0067594 secs] [Times: user=0.00 sys=0.00, real=0.01 secs] 
2020-09-29T12:40:44.687+0200: 10.112: [GC (Allocation Failure) [PSYoungGen: 674177K->4289K(681984K)] 674601K->4713K(2080256K), 0.0037257 secs] [Times: user=0.00 sys=0.00, real=0.00 secs] 
2020-09-29T12:40:44.790+0200: 10.215: [GC (Allocation Failure) [PSYoungGen: 668865K->12609K(677376K)] 669289K->13033K(2075648K), 0.0075484 secs] [Times: user=0.00 sys=0.00, real=0.01 secs] 
2020-09-29T12:40:44.896+0200: 10.321: [GC (Allocation Failure) [PSYoungGen: 677185K->7233K(681984K)] 677609K->7657K(2080256K), 0.0046455 secs] [Times: user=0.00 sys=0.00, real=0.01 secs] 
2020-09-29T12:40:44.994+0200: 10.419: [GC (Allocation Failure) [PSYoungGen: 671297K->32K(680960K)] 671721K->456K(2079232K), 0.0003666 secs] [Times: user=0.00 sys=0.00, real=0.00 secs] 
2020-09-29T12:40:45.092+0200: 10.517: [GC (Allocation Failure) [PSYoungGen: 664096K->7969K(681984K)] 664520K->8393K(2080256K), 0.0051280 secs] [Times: user=0.00 sys=0.00, real=0.00 secs] 
2020-09-29T12:40:45.199+0200: 10.624: [GC (Allocation Failure) [PSYoungGen: 671998K->32K(681472K)] 672422K->456K(2079744K), 0.0004351 secs] [Times: user=0.00 sys=0.00, real=0.00 secs] 
2020-09-29T12:40:45.297+0200: 10.722: [GC (Allocation Failure) [PSYoungGen: 664608K->8449K(681984K)] 665032K->8873K(2080256K), 0.0054632 secs] [Times: user=0.13 sys=0.00, real=0.01 secs] 
2020-09-29T12:40:45.400+0200: 10.825: [GC (Allocation Failure) [PSYoungGen: 671688K->32K(681984K)] 672112K->456K(2080256K), 0.0008751 secs] [Times: user=0.00 sys=0.00, real=0.00 secs] 
2020-09-29T12:40:45.495+0200: 10.920: [GC (Allocation Failure) [PSYoungGen: 665120K->8993K(681984K)] 665544K->9417K(2080256K), 0.0054485 secs] [Times: user=0.00 sys=0.00, real=0.01 secs] 
2020-09-29T12:40:45.597+0200: 11.022: [GC (Allocation Failure) [PSYoungGen: 674081K->4161K(681984K)] 674505K->4585K(2080256K), 0.0034583 secs] [Times: user=0.13 sys=0.00, real=0.00 secs] 
2020-09-29T12:40:45.703+0200: 11.128: [GC (Allocation Failure) [PSYoungGen: 669249K->12929K(679424K)] 669673K->13353K(2077696K), 0.0075065 secs] [Times: user=0.13 sys=0.00, real=0.01 secs] 
2020-09-29T12:40:45.803+0200: 11.228: [GC (Allocation Failure) [PSYoungGen: 675969K->6081K(680960K)] 676393K->6505K(2079232K), 0.0043207 secs] [Times: user=0.00 sys=0.00, real=0.01 secs] 
2020-09-29T12:40:45.902+0200: 11.327: [GC (Allocation Failure) [PSYoungGen: 669121K->12865K(679936K)] 669545K->13289K(2078208K), 0.0104890 secs] [Times: user=0.05 sys=0.00, real=0.01 secs] 
2020-09-29T12:40:46.025+0200: 11.450: [GC (Allocation Failure) [PSYoungGen: 675905K->6017K(680960K)] 676329K->6441K(2079232K), 0.0050465 secs] [Times: user=0.00 sys=0.00, real=0.00 secs] 
2020-09-29T12:40:46.137+0200: 11.561: [GC (Allocation Failure) [PSYoungGen: 669057K->12769K(679424K)] 669481K->13193K(2077696K), 0.0073128 secs] [Times: user=0.00 sys=0.00, real=0.01 secs] 
2020-09-29T12:40:46.250+0200: 11.675: [GC (Allocation Failure) [PSYoungGen: 674785K->4833K(680448K)] 675209K->5257K(2078720K), 0.0042229 secs] [Times: user=0.00 sys=0.00, real=0.00 secs] 
2020-09-29T12:40:46.352+0200: 11.777: [GC (Allocation Failure) [PSYoungGen: 666849K->10689K(680960K)] 667273K->11113K(2079232K), 0.0061088 secs] [Times: user=0.00 sys=0.00, real=0.01 secs] 
2020-09-29T12:40:46.461+0200: 11.886: [GC (Allocation Failure) [PSYoungGen: 672037K->32K(663552K)] 672461K->456K(2061824K), 0.0004740 secs] [Times: user=0.00 sys=0.00, real=0.00 secs] 
2020-09-29T12:40:46.570+0200: 11.995: [GC (Allocation Failure) [PSYoungGen: 663072K->6849K(681472K)] 663496K->7273K(2079744K), 0.0051227 secs] [Times: user=0.00 sys=0.00, real=0.01 secs] 
2020-09-29T12:40:46.676+0200: 12.101: [GC (Allocation Failure) [PSYoungGen: 669889K->13697K(676864K)] 670313K->14121K(2075136K), 0.0085058 secs] [Times: user=0.02 sys=0.00, real=0.01 secs] 
2020-09-29T12:40:46.780+0200: 12.205: [GC (Allocation Failure) [PSYoungGen: 676737K->6817K(680960K)] 677161K->7241K(2079232K), 0.0046767 secs] [Times: user=0.00 sys=0.00, real=0.01 secs] 
2020-09-29T12:40:46.882+0200: 12.307: [GC (Allocation Failure) [PSYoungGen: 668833K->12577K(679936K)] 669257K->13001K(2078208K), 0.0069880 secs] [Times: user=0.00 sys=0.00, real=0.01 secs] 
2020-09-29T12:40:46.987+0200: 12.412: [GC (Allocation Failure) [PSYoungGen: 674593K->4673K(680448K)] 675017K->5097K(2078720K), 0.0038976 secs] [Times: user=0.13 sys=0.00, real=0.00 secs] 
2020-09-29T12:40:47.085+0200: 12.509: [GC (Allocation Failure) [PSYoungGen: 666689K->10433K(680448K)] 667113K->10857K(2078720K), 0.0065372 secs] [Times: user=0.00 sys=0.00, real=0.01 secs] 
2020-09-29T12:40:47.190+0200: 12.615: [GC (Allocation Failure) [PSYoungGen: 672449K->2465K(680960K)] 672873K->2889K(2079232K), 0.0027136 secs] [Times: user=0.13 sys=0.00, real=0.00 secs] 
2020-09-29T12:40:47.287+0200: 12.712: [GC (Allocation Failure) [PSYoungGen: 665505K->9281K(680960K)] 665929K->9705K(2079232K), 0.0057928 secs] [Times: user=0.00 sys=0.00, real=0.01 secs] 
2020-09-29T12:40:47.388+0200: 12.813: [GC (Allocation Failure) [PSYoungGen: 672321K->2465K(681472K)] 672745K->2889K(2079744K), 0.0028899 secs] [Times: user=0.00 sys=0.00, real=0.00 secs] 
2020-09-29T12:40:47.487+0200: 12.912: [GC (Allocation Failure) [PSYoungGen: 666017K->9761K(680960K)] 666441K->10185K(2079232K), 0.0057383 secs] [Times: user=0.13 sys=0.00, real=0.01 secs] 
2020-09-29T12:40:47.587+0200: 13.012: [GC (Allocation Failure) [PSYoungGen: 671698K->32K(680448K)] 672122K->456K(2078720K), 0.0004944 secs] [Times: user=0.00 sys=0.00, real=0.00 secs] 
2020-09-29T12:40:47.691+0200: 13.116: [GC (Allocation Failure) [PSYoungGen: 663072K->6945K(680960K)] 663496K->7369K(2079232K), 0.0054075 secs] [Times: user=0.09 sys=0.00, real=0.01 secs] 
2020-09-29T12:40:47.810+0200: 13.235: [GC (Allocation Failure) [PSYoungGen: 669985K->13697K(678912K)] 670409K->14121K(2077184K), 0.0075212 secs] [Times: user=0.13 sys=0.00, real=0.01 secs] 
2020-09-29T12:40:47.912+0200: 13.337: [GC (Allocation Failure) [PSYoungGen: 675713K->5761K(680448K)] 676137K->6185K(2078720K), 0.0042952 secs] [Times: user=0.00 sys=0.00, real=0.01 secs] 
2020-09-29T12:40:48.014+0200: 13.439: [GC (Allocation Failure) [PSYoungGen: 667777K->11553K(679936K)] 668201K->11977K(2078208K), 0.0067666 secs] [Times: user=0.13 sys=0.00, real=0.01 secs] 
2020-09-29T12:40:48.113+0200: 13.538: [GC (Allocation Failure) [PSYoungGen: 673569K->3617K(680448K)] 673993K->4041K(2078720K), 0.0033323 secs] [Times: user=0.00 sys=0.02, real=0.00 secs] 
2020-09-29T12:40:48.219+0200: 13.644: [GC (Allocation Failure) [PSYoungGen: 665633K->9409K(680960K)] 666057K->9833K(2079232K), 0.0064286 secs] [Times: user=0.11 sys=0.00, real=0.01 secs] 
2020-09-29T12:40:48.332+0200: 13.757: [GC (Allocation Failure) [PSYoungGen: 672449K->2465K(680960K)] 672873K->2889K(2079232K), 0.0029788 secs] [Times: user=0.03 sys=0.00, real=0.00 secs] 
2020-09-29T12:40:48.437+0200: 13.861: [GC (Allocation Failure) [PSYoungGen: 665505K->9313K(681472K)] 665929K->9737K(2079744K), 0.0057439 secs] [Times: user=0.00 sys=0.00, real=0.00 secs] 
2020-09-29T12:40:48.535+0200: 13.959: [GC (Allocation Failure) [PSYoungGen: 671667K->32K(681472K)] 672091K->456K(2079744K), 0.0004431 secs] [Times: user=0.00 sys=0.00, real=0.00 secs] 
2020-09-29T12:40:48.636+0200: 14.061: [GC (Allocation Failure) [PSYoungGen: 664096K->8001K(681984K)] 664520K->8425K(2080256K), 0.0054903 secs] [Times: user=0.00 sys=0.00, real=0.01 secs] 
2020-09-29T12:40:48.737+0200: 14.161: [GC (Allocation Failure) [PSYoungGen: 671878K->32K(681472K)] 672302K->456K(2079744K), 0.0007827 secs] [Times: user=0.00 sys=0.00, real=0.00 secs] 
2020-09-29T12:40:48.838+0200: 14.263: [GC (Allocation Failure) [PSYoungGen: 664608K->8481K(681984K)] 665032K->8905K(2080256K), 0.0062302 secs] [Times: user=0.00 sys=0.00, real=0.01 secs] 
2020-09-29T12:40:48.941+0200: 14.365: [GC (Allocation Failure) [PSYoungGen: 673057K->3137K(681472K)] 673481K->3561K(2079744K), 0.0031475 secs] [Times: user=0.13 sys=0.00, real=0.00 secs] 
2020-09-29T12:40:49.036+0200: 14.461: [GC (Allocation Failure) [PSYoungGen: 667713K->11489K(680448K)] 668137K->11913K(2078720K), 0.0064771 secs] [Times: user=0.00 sys=0.00, real=0.01 secs] 
2020-09-29T12:40:49.139+0200: 14.564: [GC (Allocation Failure) [PSYoungGen: 675553K->5601K(681472K)] 675977K->6025K(2079744K), 0.0041927 secs] [Times: user=0.00 sys=0.00, real=0.00 secs] 
2020-09-29T12:40:49.244+0200: 14.669: [GC (Allocation Failure) [PSYoungGen: 669665K->13409K(678400K)] 670089K->13833K(2076672K), 0.0074816 secs] [Times: user=0.00 sys=0.00, real=0.01 secs] 
2020-09-29T12:40:49.345+0200: 14.770: [GC (Allocation Failure) [PSYoungGen: 675425K->5473K(680448K)] 675849K->5897K(2078720K), 0.0039951 secs] [Times: user=0.13 sys=0.00, real=0.00 secs] 
2020-09-29T12:40:49.447+0200: 14.872: [GC (Allocation Failure) [PSYoungGen: 667489K->11201K(680448K)] 667913K->11625K(2078720K), 0.0068141 secs] [Times: user=0.00 sys=0.00, real=0.01 secs] 
2020-09-29T12:40:49.548+0200: 14.973: [GC (Allocation Failure) [PSYoungGen: 674241K->4385K(680960K)] 674665K->4809K(2079232K), 0.0035033 secs] [Times: user=0.00 sys=0.00, real=0.00 secs] 
2020-09-29T12:40:49.651+0200: 15.076: [GC (Allocation Failure) [PSYoungGen: 667425K->11169K(680448K)] 667849K->11593K(2078720K), 0.0063278 secs] [Times: user=0.00 sys=0.00, real=0.01 secs] 
2020-09-29T12:40:49.757+0200: 15.182: [GC (Allocation Failure) [PSYoungGen: 674209K->4225K(680960K)] 674633K->4649K(2079232K), 0.0038111 secs] [Times: user=0.00 sys=0.00, real=0.00 secs] 
2020-09-29T12:40:49.860+0200: 15.285: [GC (Allocation Failure) [PSYoungGen: 667265K->11041K(680448K)] 667689K->11465K(2078720K), 0.0064651 secs] [Times: user=0.13 sys=0.00, real=0.01 secs] 
2020-09-29T12:40:49.958+0200: 15.383: [GC (Allocation Failure) [PSYoungGen: 674081K->4161K(680960K)] 674505K->4585K(2079232K), 0.0037874 secs] [Times: user=0.00 sys=0.00, real=0.00 secs] 
2020-09-29T12:40:50.059+0200: 15.483: [GC (Allocation Failure) [PSYoungGen: 667201K->10977K(680448K)] 667625K->11401K(2078720K), 0.0066257 secs] [Times: user=0.00 sys=0.00, real=0.01 secs] 
2020-09-29T12:40:50.168+0200: 15.593: [GC (Allocation Failure) [PSYoungGen: 674017K->4033K(680960K)] 674441K->4457K(2079232K), 0.0038371 secs] [Times: user=0.00 sys=0.00, real=0.00 secs] 
2020-09-29T12:40:50.272+0200: 15.696: [GC (Allocation Failure) [PSYoungGen: 667073K->10849K(680448K)] 667497K->11273K(2078720K), 0.0064732 secs] [Times: user=0.00 sys=0.00, real=0.01 secs] 
2020-09-29T12:40:50.375+0200: 15.800: [GC (Allocation Failure) [PSYoungGen: 673889K->3969K(680960K)] 674313K->4393K(2079232K), 0.0033533 secs] [Times: user=0.00 sys=0.00, real=0.00 secs] 
2020-09-29T12:40:50.471+0200: 15.895: [GC (Allocation Failure) [PSYoungGen: 667009K->10753K(680448K)] 667433K->11177K(2078720K), 0.0064256 secs] [Times: user=0.13 sys=0.00, real=0.01 secs] 
2020-09-29T12:40:50.572+0200: 15.997: [GC (Allocation Failure) [PSYoungGen: 673793K->3809K(680960K)] 674217K->4233K(2079232K), 0.0033255 secs] [Times: user=0.00 sys=0.00, real=0.00 secs] 
2020-09-29T12:40:50.675+0200: 16.100: [GC (Allocation Failure) [PSYoungGen: 666849K->10657K(680448K)] 667273K->11081K(2078720K), 0.0062380 secs] [Times: user=0.13 sys=0.00, real=0.01 secs] 
2020-09-29T12:40:50.776+0200: 16.200: [GC (Allocation Failure) [PSYoungGen: 673697K->3713K(680960K)] 674121K->4137K(2079232K), 0.0033980 secs] [Times: user=0.00 sys=0.00, real=0.00 secs] 
2020-09-29T12:40:50.883+0200: 16.307: [GC (Allocation Failure) [PSYoungGen: 666753K->10561K(681472K)] 667177K->10985K(2079744K), 0.0062946 secs] [Times: user=0.00 sys=0.00, real=0.01 secs] 
2020-09-29T12:40:50.981+0200: 16.405: [GC (Allocation Failure) [PSYoungGen: 674625K->4705K(681472K)] 675049K->5129K(2079744K), 0.0037247 secs] [Times: user=0.00 sys=0.00, real=0.00 secs] 
2020-09-29T12:40:51.076+0200: 16.501: [GC (Allocation Failure) [PSYoungGen: 668769K->12513K(679936K)] 669193K->12937K(2078208K), 0.0069251 secs] [Times: user=0.13 sys=0.00, real=0.01 secs] 
2020-09-29T12:40:51.185+0200: 16.610: [GC (Allocation Failure) [PSYoungGen: 675553K->5601K(680960K)] 675977K->6025K(2079232K), 0.0041598 secs] [Times: user=0.00 sys=0.00, real=0.00 secs] 
2020-09-29T12:40:51.285+0200: 16.709: [GC (Allocation Failure) [PSYoungGen: 668641K->12353K(679424K)] 669065K->12777K(2077696K), 0.0070578 secs] [Times: user=0.13 sys=0.00, real=0.01 secs] 
2020-09-29T12:40:51.385+0200: 16.810: [GC (Allocation Failure) [PSYoungGen: 674369K->4513K(680448K)] 674793K->4937K(2078720K), 0.0037341 secs] [Times: user=0.00 sys=0.00, real=0.00 secs] 
2020-09-29T12:40:51.486+0200: 16.911: [GC (Allocation Failure) [PSYoungGen: 666529K->10273K(680960K)] 666953K->10697K(2079232K), 0.0062144 secs] [Times: user=0.13 sys=0.00, real=0.01 secs] 
2020-09-29T12:40:51.586+0200: 17.010: [GC (Allocation Failure) [PSYoungGen: 671771K->32K(663552K)] 672195K->456K(2061824K), 0.0008138 secs] [Times: user=0.00 sys=0.00, real=0.00 secs] 
2020-09-29T12:40:51.688+0200: 17.112: [GC (Allocation Failure) [PSYoungGen: 663072K->6913K(681472K)] 663496K->7337K(2079744K), 0.0052671 secs] [Times: user=0.11 sys=0.00, real=0.01 secs] 
2020-09-29T12:40:51.788+0200: 17.213: [GC (Allocation Failure) [PSYoungGen: 669953K->13665K(680448K)] 670377K->14089K(2078720K), 0.0081999 secs] [Times: user=0.00 sys=0.00, real=0.01 secs] 
2020-09-29T12:40:51.892+0200: 17.317: [GC (Allocation Failure) [PSYoungGen: 676705K->6785K(680960K)] 677129K->7209K(2079232K), 0.0043023 secs] [Times: user=0.13 sys=0.00, real=0.00 secs] 
2020-09-29T12:40:51.988+0200: 17.413: [GC (Allocation Failure) [PSYoungGen: 669313K->13089K(675840K)] 669737K->13513K(2074112K), 0.0078092 secs] [Times: user=0.11 sys=0.00, real=0.01 secs] 
2020-09-29T12:40:52.090+0200: 17.515: [GC (Allocation Failure) [PSYoungGen: 675617K->5697K(680960K)] 676041K->6121K(2079232K), 0.0040709 secs] [Times: user=0.00 sys=0.00, real=0.00 secs] 
2020-09-29T12:40:52.193+0200: 17.617: [GC (Allocation Failure) [PSYoungGen: 667713K->11425K(679936K)] 668137K->11849K(2078208K), 0.0069754 secs] [Times: user=0.00 sys=0.00, real=0.01 secs] 
2020-09-29T12:40:52.295+0200: 17.719: [GC (Allocation Failure) [PSYoungGen: 671575K->32K(679424K)] 672000K->456K(2077696K), 0.0004662 secs] [Times: user=0.00 sys=0.00, real=0.00 secs] 
2020-09-29T12:40:52.394+0200: 17.819: [GC (Allocation Failure) [PSYoungGen: 661024K->4865K(679936K)] 661448K->5289K(2078208K), 0.0037772 secs] [Times: user=0.13 sys=0.00, real=0.00 secs] 
2020-09-29T12:40:52.499+0200: 17.924: [GC (Allocation Failure) [PSYoungGen: 665857K->9633K(680960K)] 666281K->10057K(2079232K), 0.0069809 secs] [Times: user=0.11 sys=0.00, real=0.01 secs] 
2020-09-29T12:40:52.617+0200: 18.042: [GC (Allocation Failure) [PSYoungGen: 672161K->2209K(680448K)] 672585K->2633K(2078720K), 0.0031832 secs] [Times: user=0.00 sys=0.00, real=0.00 secs] 
2020-09-29T12:40:52.720+0200: 18.145: [GC (Allocation Failure) [PSYoungGen: 664737K->8513K(681472K)] 665161K->8937K(2079744K), 0.0051436 secs] [Times: user=0.13 sys=0.00, real=0.00 secs] 
2020-09-29T12:40:52.822+0200: 18.248: [GC (Allocation Failure) [PSYoungGen: 672065K->2209K(680960K)] 672489K->2633K(2079232K), 0.0025702 secs] [Times: user=0.00 sys=0.00, real=0.00 secs] 
2020-09-29T12:40:52.924+0200: 18.349: [GC (Allocation Failure) [PSYoungGen: 665761K->9409K(681472K)] 666185K->9833K(2079744K), 0.0058424 secs] [Times: user=0.13 sys=0.00, real=0.00 secs] 
2020-09-29T12:40:53.023+0200: 18.449: [GC (Allocation Failure) [PSYoungGen: 673473K->3553K(681472K)] 673897K->3977K(2079744K), 0.0031617 secs] [Times: user=0.00 sys=0.00, real=0.00 secs] 
2020-09-29T12:40:53.121+0200: 18.547: [GC (Allocation Failure) [PSYoungGen: 667617K->11361K(680960K)] 668041K->11785K(2079232K), 0.0066194 secs] [Times: user=0.00 sys=0.00, real=0.01 secs] 
2020-09-29T12:40:53.231+0200: 18.656: [GC (Allocation Failure) [PSYoungGen: 675425K->5505K(681472K)] 675849K->5929K(2079744K), 0.0039819 secs] [Times: user=0.00 sys=0.00, real=0.00 secs] 
2020-09-29T12:40:53.328+0200: 18.753: [GC (Allocation Failure) [PSYoungGen: 669569K->13249K(678912K)] 669993K->13673K(2077184K), 0.0074372 secs] [Times: user=0.13 sys=0.00, real=0.01 secs] 
2020-09-29T12:40:53.433+0200: 18.858: [GC (Allocation Failure) [PSYoungGen: 675265K->5441K(680448K)] 675689K->5865K(2078720K), 0.0043567 secs] [Times: user=0.00 sys=0.00, real=0.00 secs] 
2020-09-29T12:40:53.541+0200: 18.967: [GC (Allocation Failure) [PSYoungGen: 667457K->11137K(680448K)] 667881K->11561K(2078720K), 0.0063106 secs] [Times: user=0.00 sys=0.00, real=0.01 secs] 
2020-09-29T12:40:53.647+0200: 19.072: [GC (Allocation Failure) [PSYoungGen: 674177K->4289K(680960K)] 674601K->4713K(2079232K), 0.0035815 secs] [Times: user=0.00 sys=0.00, real=0.00 secs] 
2020-09-29T12:40:53.747+0200: 19.172: [GC (Allocation Failure) [PSYoungGen: 667329K->11073K(680448K)] 667753K->11497K(2078720K), 0.0067829 secs] [Times: user=0.02 sys=0.00, real=0.01 secs] 
2020-09-29T12:40:53.849+0200: 19.275: [GC (Allocation Failure) [PSYoungGen: 674113K->4225K(680960K)] 674537K->4649K(2079232K), 0.0032640 secs] [Times: user=0.00 sys=0.00, real=0.00 secs] 
2020-09-29T12:40:53.946+0200: 19.371: [GC (Allocation Failure) [PSYoungGen: 667265K->10977K(680448K)] 667689K->11401K(2078720K), 0.0063016 secs] [Times: user=0.00 sys=0.00, real=0.01 secs] 
2020-09-29T12:40:54.048+0200: 19.474: [GC (Allocation Failure) [PSYoungGen: 674017K->4097K(680960K)] 674441K->4521K(2079232K), 0.0035122 secs] [Times: user=0.13 sys=0.00, real=0.00 secs] 
2020-09-29T12:40:54.149+0200: 19.575: [GC (Allocation Failure) [PSYoungGen: 667137K->10881K(680448K)] 667561K->11305K(2078720K), 0.0068570 secs] [Times: user=0.00 sys=0.00, real=0.01 secs] 
2020-09-29T12:40:54.251+0200: 19.676: [GC (Allocation Failure) [PSYoungGen: 673921K->4001K(680960K)] 674345K->4425K(2079232K), 0.0033643 secs] [Times: user=0.13 sys=0.00, real=0.00 secs] 
2020-09-29T12:40:54.349+0200: 19.775: [GC (Allocation Failure) [PSYoungGen: 667041K->10785K(680448K)] 667465K->11209K(2078720K), 0.0066007 secs] [Times: user=0.00 sys=0.00, real=0.01 secs] 
2020-09-29T12:40:54.452+0200: 19.877: [GC (Allocation Failure) [PSYoungGen: 673825K->3873K(680960K)] 674249K->4297K(2079232K), 0.0033824 secs] [Times: user=0.00 sys=0.00, real=0.00 secs] 
2020-09-29T12:40:54.548+0200: 19.973: [GC (Allocation Failure) [PSYoungGen: 666913K->10657K(681472K)] 667337K->11081K(2079744K), 0.0060374 secs] [Times: user=0.13 sys=0.00, real=0.01 secs] 
2020-09-29T12:40:54.663+0200: 20.088: [GC (Allocation Failure) [PSYoungGen: 674721K->4833K(681472K)] 675145K->5257K(2079744K), 0.0045374 secs] [Times: user=0.00 sys=0.00, real=0.00 secs] 
2020-09-29T12:40:54.770+0200: 20.195: [GC (Allocation Failure) [PSYoungGen: 668897K->12609K(680448K)] 669321K->13033K(2078720K), 0.0069954 secs] [Times: user=0.11 sys=0.00, real=0.01 secs] 
2020-09-29T12:40:54.880+0200: 20.304: [GC (Allocation Failure) [PSYoungGen: 675649K->5793K(680960K)] 676073K->6217K(2079232K), 0.0044099 secs] [Times: user=0.00 sys=0.00, real=0.00 secs] 
2020-09-29T12:40:54.978+0200: 20.402: [GC (Allocation Failure) [PSYoungGen: 668833K->12513K(679424K)] 669257K->12937K(2077696K), 0.0071752 secs] [Times: user=0.00 sys=0.00, real=0.01 secs] 
2020-09-29T12:40:55.077+0200: 20.501: [GC (Allocation Failure) [PSYoungGen: 674529K->4641K(680448K)] 674953K->5065K(2078720K), 0.0037708 secs] [Times: user=0.00 sys=0.00, real=0.00 secs] 
2020-09-29T12:40:55.182+0200: 20.607: [GC (Allocation Failure) [PSYoungGen: 666657K->10369K(680960K)] 667081K->10793K(2079232K), 0.0072079 secs] [Times: user=0.00 sys=0.00, real=0.01 secs] 
2020-09-29T12:40:55.290+0200: 20.716: [GC (Allocation Failure) [PSYoungGen: 671867K->32K(663552K)] 672291K->456K(2061824K), 0.0006898 secs] [Times: user=0.00 sys=0.00, real=0.00 secs] 
2020-09-29T12:40:55.385+0200: 20.810: [GC (Allocation Failure) [PSYoungGen: 663072K->6913K(681472K)] 663496K->7337K(2079744K), 0.0048280 secs] [Times: user=0.00 sys=0.00, real=0.01 secs] 
2020-09-29T12:40:55.487+0200: 20.912: [GC (Allocation Failure) [PSYoungGen: 669953K->13729K(676864K)] 670377K->14153K(2075136K), 0.0073572 secs] [Times: user=0.13 sys=0.00, real=0.01 secs] 
2020-09-29T12:40:55.589+0200: 21.014: [GC (Allocation Failure) [PSYoungGen: 676769K->6849K(680960K)] 677193K->7273K(2079232K), 0.0046918 secs] [Times: user=0.00 sys=0.00, real=0.00 secs] 
2020-09-29T12:40:55.690+0200: 21.115: [GC (Allocation Failure) [PSYoungGen: 668865K->12545K(679936K)] 669289K->12969K(2078208K), 0.0072239 secs] [Times: user=0.13 sys=0.00, real=0.01 secs] 
2020-09-29T12:40:55.793+0200: 21.218: [GC (Allocation Failure) [PSYoungGen: 674561K->4641K(680448K)] 674985K->5065K(2078720K), 0.0037064 secs] [Times: user=0.00 sys=0.00, real=0.00 secs] 
2020-09-29T12:40:55.890+0200: 21.316: [GC (Allocation Failure) [PSYoungGen: 666657K->10433K(680448K)] 667081K->10857K(2078720K), 0.0058918 secs] [Times: user=0.13 sys=0.00, real=0.01 secs] 
2020-09-29T12:40:55.989+0200: 21.413: [GC (Allocation Failure) [PSYoungGen: 672449K->2465K(680960K)] 672873K->2889K(2079232K), 0.0028219 secs] [Times: user=0.00 sys=0.00, real=0.00 secs] 
2020-09-29T12:40:56.088+0200: 21.513: [GC (Allocation Failure) [PSYoungGen: 665505K->9313K(680960K)] 665929K->9737K(2079232K), 0.0058402 secs] [Times: user=0.00 sys=0.00, real=0.00 secs] 
2020-09-29T12:40:56.197+0200: 21.622: [GC (Allocation Failure) [PSYoungGen: 672353K->2465K(680960K)] 672777K->2889K(2079232K), 0.0029383 secs] [Times: user=0.00 sys=0.00, real=0.00 secs] 
2020-09-29T12:40:56.298+0200: 21.724: [GC (Allocation Failure) [PSYoungGen: 665505K->9217K(680960K)] 665929K->9641K(2079232K), 0.0053846 secs] [Times: user=0.13 sys=0.00, real=0.01 secs] 
Heap
 PSYoungGen      total 680960K, used 357873K [0x00000000d5580000, 0x0000000100000000, 0x0000000100000000)
  eden space 663040K, 52% used [0x00000000d5580000,0x00000000ea9fbfc8,0x00000000fdd00000)
  from space 17920K, 51% used [0x00000000fdd00000,0x00000000fe600490,0x00000000fee80000)
  to   space 17408K, 0% used [0x00000000fef00000,0x00000000fef00000,0x0000000100000000)
 ParOldGen       total 1398272K, used 424K [0x0000000080000000, 0x00000000d5580000, 0x00000000d5580000)
  object space 1398272K, 0% used [0x0000000080000000,0x000000008006a050,0x00000000d5580000)
 Metaspace       used 2594K, capacity 4486K, committed 4864K, reserved 1056768K
  class space    used 285K, capacity 386K, committed 512K, reserved 1048576K
