Java HotSpot(TM) 64-Bit Server VM (25.261-b12) for windows-amd64 JRE (1.8.0_261-b12), built on Jun 18 2020 06:56:32 by "" with unknown MS VC++:1916
Memory: 4k page, physical 16659684k(9099640k free), swap 23213284k(8162156k free)
CommandLine flags: -XX:InitialHeapSize=2147483648 -XX:MaxHeapSize=2147483648 -XX:+PrintGC -XX:+PrintGCDateStamps -XX:+PrintGCDetails -XX:+PrintGCTimeStamps -XX:+UseCompressedClassPointers -XX:+UseCompressedOops -XX:-UseLargePagesIndividualAllocation -XX:+UseParallelGC 
2020-09-29T12:40:12.819+0200: 0.401: [GC (Allocation Failure) [PSYoungGen: 524800K->11969K(611840K)] 524800K->11977K(2010112K), 0.0096610 secs] [Times: user=0.00 sys=0.00, real=0.01 secs] 
2020-09-29T12:40:12.916+0200: 0.499: [GC (Allocation Failure) [PSYoungGen: 536769K->3425K(611840K)] 536777K->3433K(2010112K), 0.0115923 secs] [Times: user=0.13 sys=0.00, real=0.01 secs] 
2020-09-29T12:40:13.011+0200: 0.593: [GC (Allocation Failure) [PSYoungGen: 528225K->8673K(611840K)] 528233K->8681K(2010112K), 0.0061766 secs] [Times: user=0.00 sys=0.00, real=0.01 secs] 
2020-09-29T12:40:13.097+0200: 0.680: [GC (Allocation Failure) [PSYoungGen: 533473K->13729K(611840K)] 533481K->13737K(2010112K), 0.0084942 secs] [Times: user=0.13 sys=0.00, real=0.01 secs] 
2020-09-29T12:40:13.195+0200: 0.778: [GC (Allocation Failure) [PSYoungGen: 538529K->5281K(611840K)] 538537K->5289K(2010112K), 0.0047774 secs] [Times: user=0.00 sys=0.00, real=0.01 secs] 
2020-09-29T12:40:13.288+0200: 0.871: [GC (Allocation Failure) [PSYoungGen: 530081K->10401K(682496K)] 530089K->10409K(2080768K), 0.0082937 secs] [Times: user=0.00 sys=0.00, real=0.01 secs] 
2020-09-29T12:40:13.448+0200: 1.031: [GC (Allocation Failure) [PSYoungGen: 676513K->6273K(682496K)] 676521K->6689K(2080768K), 0.0060003 secs] [Times: user=0.00 sys=0.00, real=0.01 secs] 
2020-09-29T12:40:13.557+0200: 1.140: [GC (Allocation Failure) [PSYoungGen: 671675K->32K(681984K)] 672091K->448K(2080256K), 0.0005453 secs] [Times: user=0.00 sys=0.00, real=0.00 secs] 
2020-09-29T12:40:13.660+0200: 1.243: [GC (Allocation Failure) [PSYoungGen: 666144K->10017K(676352K)] 666560K->10433K(2074624K), 0.0061152 secs] [Times: user=0.13 sys=0.00, real=0.01 secs] 
2020-09-29T12:40:13.762+0200: 1.345: [GC (Allocation Failure) [PSYoungGen: 676129K->6145K(683008K)] 676545K->6561K(2081280K), 0.0044370 secs] [Times: user=0.00 sys=0.00, real=0.00 secs] 
2020-09-29T12:40:13.865+0200: 1.447: [GC (Allocation Failure) [PSYoungGen: 672257K->2433K(681984K)] 672673K->2849K(2080256K), 0.0028498 secs] [Times: user=0.00 sys=0.00, real=0.00 secs] 
2020-09-29T12:40:13.963+0200: 1.546: [GC (Allocation Failure) [PSYoungGen: 668545K->12225K(680448K)] 668961K->12641K(2078720K), 0.0073107 secs] [Times: user=0.00 sys=0.00, real=0.01 secs] 
2020-09-29T12:40:14.069+0200: 1.652: [GC (Allocation Failure) [PSYoungGen: 676289K->6369K(681472K)] 676705K->6785K(2079744K), 0.0045011 secs] [Times: user=0.00 sys=0.00, real=0.00 secs] 
2020-09-29T12:40:14.177+0200: 1.760: [GC (Allocation Failure) [PSYoungGen: 670433K->32K(681472K)] 670849K->448K(2079744K), 0.0004858 secs] [Times: user=0.00 sys=0.00, real=0.00 secs] 
2020-09-29T12:40:14.278+0200: 1.860: [GC (Allocation Failure) [PSYoungGen: 665120K->8993K(681984K)] 665536K->9409K(2080256K), 0.0057076 secs] [Times: user=0.00 sys=0.00, real=0.00 secs] 
2020-09-29T12:40:14.380+0200: 1.962: [GC (Allocation Failure) [PSYoungGen: 674081K->4161K(682496K)] 674497K->4577K(2080768K), 0.0035063 secs] [Times: user=0.00 sys=0.00, real=0.00 secs] 
2020-09-29T12:40:14.484+0200: 2.067: [GC (Allocation Failure) [PSYoungGen: 669761K->13473K(679424K)] 670177K->13889K(2077696K), 0.0081119 secs] [Times: user=0.13 sys=0.00, real=0.01 secs] 
2020-09-29T12:40:14.589+0200: 2.172: [GC (Allocation Failure) [PSYoungGen: 679073K->9153K(681472K)] 679489K->9569K(2079744K), 0.0065491 secs] [Times: user=0.00 sys=0.00, real=0.01 secs] 
2020-09-29T12:40:14.717+0200: 2.299: [GC (Allocation Failure) [PSYoungGen: 672705K->2817K(680960K)] 673121K->3233K(2079232K), 0.0031228 secs] [Times: user=0.00 sys=0.00, real=0.00 secs] 
2020-09-29T12:40:14.819+0200: 2.401: [GC (Allocation Failure) [PSYoungGen: 666369K->10081K(681472K)] 666785K->10497K(2079744K), 0.0062807 secs] [Times: user=0.00 sys=0.00, real=0.01 secs] 
2020-09-29T12:40:14.920+0200: 2.502: [GC (Allocation Failure) [PSYoungGen: 674145K->4225K(681472K)] 674561K->4641K(2079744K), 0.0035736 secs] [Times: user=0.00 sys=0.00, real=0.00 secs] 
2020-09-29T12:40:15.026+0200: 2.608: [GC (Allocation Failure) [PSYoungGen: 668289K->12033K(679936K)] 668705K->12449K(2078208K), 0.0072966 secs] [Times: user=0.00 sys=0.00, real=0.01 secs] 
2020-09-29T12:40:15.127+0200: 2.709: [GC (Allocation Failure) [PSYoungGen: 675073K->5089K(680960K)] 675489K->5505K(2079232K), 0.0040765 secs] [Times: user=0.13 sys=0.00, real=0.00 secs] 
2020-09-29T12:40:15.235+0200: 2.817: [GC (Allocation Failure) [PSYoungGen: 668129K->11937K(680448K)] 668545K->12353K(2078720K), 0.0069651 secs] [Times: user=0.13 sys=0.00, real=0.01 secs] 
2020-09-29T12:40:15.339+0200: 2.921: [GC (Allocation Failure) [PSYoungGen: 674977K->5025K(680960K)] 675393K->5441K(2079232K), 0.0038698 secs] [Times: user=0.00 sys=0.00, real=0.00 secs] 
2020-09-29T12:40:15.436+0200: 3.018: [GC (Allocation Failure) [PSYoungGen: 668065K->11809K(680448K)] 668481K->12225K(2078720K), 0.0068082 secs] [Times: user=0.13 sys=0.00, real=0.01 secs] 
2020-09-29T12:40:15.539+0200: 3.121: [GC (Allocation Failure) [PSYoungGen: 674849K->4961K(680960K)] 675265K->5377K(2079232K), 0.0038582 secs] [Times: user=0.00 sys=0.00, real=0.00 secs] 
2020-09-29T12:40:15.645+0200: 3.227: [GC (Allocation Failure) [PSYoungGen: 668001K->11745K(680448K)] 668417K->12161K(2078720K), 0.0065037 secs] [Times: user=0.00 sys=0.00, real=0.01 secs] 
2020-09-29T12:40:15.743+0200: 3.325: [GC (Allocation Failure) [PSYoungGen: 674785K->4833K(680960K)] 675201K->5249K(2079232K), 0.0039604 secs] [Times: user=0.00 sys=0.00, real=0.00 secs] 
2020-09-29T12:40:15.842+0200: 3.424: [GC (Allocation Failure) [PSYoungGen: 667873K->11649K(679936K)] 668289K->12065K(2078208K), 0.0066626 secs] [Times: user=0.13 sys=0.00, real=0.01 secs] 
2020-09-29T12:40:15.947+0200: 3.529: [GC (Allocation Failure) [PSYoungGen: 673665K->3745K(680448K)] 674081K->4161K(2078720K), 0.0035872 secs] [Times: user=0.00 sys=0.00, real=0.00 secs] 
2020-09-29T12:40:16.046+0200: 3.628: [GC (Allocation Failure) [PSYoungGen: 665761K->9473K(681472K)] 666177K->9889K(2079744K), 0.0058576 secs] [Times: user=0.13 sys=0.00, real=0.01 secs] 
2020-09-29T12:40:16.151+0200: 3.733: [GC (Allocation Failure) [PSYoungGen: 673025K->3105K(680960K)] 673441K->3521K(2079232K), 0.0035997 secs] [Times: user=0.00 sys=0.00, real=0.00 secs] 
2020-09-29T12:40:16.256+0200: 3.838: [GC (Allocation Failure) [PSYoungGen: 666657K->10401K(681472K)] 667073K->10817K(2079744K), 0.0063436 secs] [Times: user=0.00 sys=0.00, real=0.01 secs] 
2020-09-29T12:40:16.356+0200: 3.938: [GC (Allocation Failure) [PSYoungGen: 674465K->4545K(681472K)] 674881K->4961K(2079744K), 0.0036552 secs] [Times: user=0.00 sys=0.00, real=0.00 secs] 
2020-09-29T12:40:16.455+0200: 4.037: [GC (Allocation Failure) [PSYoungGen: 668609K->12353K(680448K)] 669025K->12769K(2078720K), 0.0081153 secs] [Times: user=0.11 sys=0.01, real=0.01 secs] 
2020-09-29T12:40:16.562+0200: 4.144: [GC (Allocation Failure) [PSYoungGen: 675393K->5473K(680960K)] 675809K->5889K(2079232K), 0.0042286 secs] [Times: user=0.02 sys=0.00, real=0.00 secs] 
2020-09-29T12:40:16.666+0200: 4.248: [GC (Allocation Failure) [PSYoungGen: 668513K->12321K(679424K)] 668929K->12737K(2077696K), 0.0070645 secs] [Times: user=0.00 sys=0.00, real=0.01 secs] 
2020-09-29T12:40:16.768+0200: 4.350: [GC (Allocation Failure) [PSYoungGen: 674337K->4353K(680448K)] 674753K->4769K(2078720K), 0.0037932 secs] [Times: user=0.13 sys=0.00, real=0.00 secs] 
2020-09-29T12:40:16.866+0200: 4.448: [GC (Allocation Failure) [PSYoungGen: 666369K->10145K(680960K)] 666785K->10561K(2079232K), 0.0061435 secs] [Times: user=0.00 sys=0.00, real=0.01 secs] 
2020-09-29T12:40:16.965+0200: 4.547: [GC (Allocation Failure) [PSYoungGen: 671643K->32K(663552K)] 672059K->448K(2061824K), 0.0003957 secs] [Times: user=0.00 sys=0.00, real=0.00 secs] 
2020-09-29T12:40:17.078+0200: 4.659: [GC (Allocation Failure) [PSYoungGen: 663072K->6881K(681472K)] 663488K->7297K(2079744K), 0.0050668 secs] [Times: user=0.00 sys=0.00, real=0.00 secs] 
2020-09-29T12:40:17.184+0200: 4.767: [GC (Allocation Failure) [PSYoungGen: 669921K->13697K(680448K)] 670337K->14113K(2078720K), 0.0082798 secs] [Times: user=0.13 sys=0.00, real=0.01 secs] 
2020-09-29T12:40:17.289+0200: 4.872: [GC (Allocation Failure) [PSYoungGen: 676737K->6785K(680960K)] 677153K->7201K(2079232K), 0.0047378 secs] [Times: user=0.00 sys=0.00, real=0.00 secs] 
2020-09-29T12:40:17.393+0200: 4.975: [GC (Allocation Failure) [PSYoungGen: 669313K->13089K(675840K)] 669729K->13505K(2074112K), 0.0076620 secs] [Times: user=0.13 sys=0.00, real=0.01 secs] 
2020-09-29T12:40:17.495+0200: 5.077: [GC (Allocation Failure) [PSYoungGen: 675617K->5697K(680960K)] 676033K->6113K(2079232K), 0.0042851 secs] [Times: user=0.00 sys=0.00, real=0.00 secs] 
2020-09-29T12:40:17.596+0200: 5.178: [GC (Allocation Failure) [PSYoungGen: 667713K->11489K(679936K)] 668129K->11905K(2078208K), 0.0077298 secs] [Times: user=0.09 sys=0.00, real=0.01 secs] 
2020-09-29T12:40:17.700+0200: 5.282: [GC (Allocation Failure) [PSYoungGen: 671639K->32K(679424K)] 672056K->448K(2077696K), 0.0005118 secs] [Times: user=0.00 sys=0.00, real=0.00 secs] 
2020-09-29T12:40:17.793+0200: 5.375: [GC (Allocation Failure) [PSYoungGen: 661024K->4833K(679936K)] 661440K->5249K(2078208K), 0.0038841 secs] [Times: user=0.00 sys=0.00, real=0.00 secs] 
2020-09-29T12:40:17.898+0200: 5.480: [GC (Allocation Failure) [PSYoungGen: 665825K->9633K(680960K)] 666241K->10049K(2079232K), 0.0058431 secs] [Times: user=0.00 sys=0.00, real=0.01 secs] 
2020-09-29T12:40:18.000+0200: 5.582: [GC (Allocation Failure) [PSYoungGen: 672161K->2209K(680448K)] 672577K->2625K(2078720K), 0.0026636 secs] [Times: user=0.00 sys=0.00, real=0.00 secs] 
2020-09-29T12:40:18.100+0200: 5.682: [GC (Allocation Failure) [PSYoungGen: 664737K->8449K(681472K)] 665153K->8865K(2079744K), 0.0053704 secs] [Times: user=0.00 sys=0.00, real=0.01 secs] 
2020-09-29T12:40:18.208+0200: 5.790: [GC (Allocation Failure) [PSYoungGen: 672001K->2177K(680960K)] 672417K->2593K(2079232K), 0.0029856 secs] [Times: user=0.00 sys=0.00, real=0.00 secs] 
2020-09-29T12:40:18.314+0200: 5.896: [GC (Allocation Failure) [PSYoungGen: 665729K->9377K(681472K)] 666145K->9793K(2079744K), 0.0056236 secs] [Times: user=0.13 sys=0.00, real=0.01 secs] 
2020-09-29T12:40:18.415+0200: 5.997: [GC (Allocation Failure) [PSYoungGen: 673441K->3521K(681472K)] 673857K->3937K(2079744K), 0.0031460 secs] [Times: user=0.00 sys=0.00, real=0.00 secs] 
2020-09-29T12:40:18.515+0200: 6.097: [GC (Allocation Failure) [PSYoungGen: 667585K->11393K(680960K)] 668001K->11809K(2079232K), 0.0063603 secs] [Times: user=0.13 sys=0.00, real=0.01 secs] 
2020-09-29T12:40:18.616+0200: 6.197: [GC (Allocation Failure) [PSYoungGen: 675457K->5505K(681472K)] 675873K->5921K(2079744K), 0.0041667 secs] [Times: user=0.00 sys=0.00, real=0.00 secs] 
2020-09-29T12:40:18.715+0200: 6.297: [GC (Allocation Failure) [PSYoungGen: 669569K->13313K(678912K)] 669985K->13729K(2077184K), 0.0074607 secs] [Times: user=0.00 sys=0.00, real=0.01 secs] 
2020-09-29T12:40:18.820+0200: 6.402: [GC (Allocation Failure) [PSYoungGen: 675329K->5377K(680448K)] 675745K->5793K(2078720K), 0.0041377 secs] [Times: user=0.00 sys=0.00, real=0.00 secs] 
2020-09-29T12:40:18.918+0200: 6.500: [GC (Allocation Failure) [PSYoungGen: 667393K->11169K(680448K)] 667809K->11585K(2078720K), 0.0067003 secs] [Times: user=0.00 sys=0.00, real=0.01 secs] 
2020-09-29T12:40:19.021+0200: 6.603: [GC (Allocation Failure) [PSYoungGen: 674209K->4289K(680960K)] 674625K->4705K(2079232K), 0.0035761 secs] [Times: user=0.00 sys=0.00, real=0.00 secs] 
2020-09-29T12:40:19.126+0200: 6.708: [GC (Allocation Failure) [PSYoungGen: 667329K->11073K(680448K)] 667745K->11489K(2078720K), 0.0068488 secs] [Times: user=0.13 sys=0.00, real=0.01 secs] 
2020-09-29T12:40:19.236+0200: 6.817: [GC (Allocation Failure) [PSYoungGen: 674113K->4193K(680960K)] 674529K->4609K(2079232K), 0.0035974 secs] [Times: user=0.13 sys=0.00, real=0.00 secs] 
2020-09-29T12:40:19.336+0200: 6.918: [GC (Allocation Failure) [PSYoungGen: 667233K->10977K(680448K)] 667649K->11393K(2078720K), 0.0067792 secs] [Times: user=0.00 sys=0.00, real=0.01 secs] 
2020-09-29T12:40:19.438+0200: 7.019: [GC (Allocation Failure) [PSYoungGen: 674017K->4097K(680960K)] 674433K->4513K(2079232K), 0.0035922 secs] [Times: user=0.00 sys=0.00, real=0.00 secs] 
2020-09-29T12:40:19.535+0200: 7.117: [GC (Allocation Failure) [PSYoungGen: 667137K->10913K(680448K)] 667553K->11329K(2078720K), 0.0065700 secs] [Times: user=0.13 sys=0.00, real=0.01 secs] 
2020-09-29T12:40:19.641+0200: 7.224: [GC (Allocation Failure) [PSYoungGen: 673953K->3969K(680960K)] 674369K->4385K(2079232K), 0.0042036 secs] [Times: user=0.11 sys=0.00, real=0.00 secs] 
2020-09-29T12:40:19.747+0200: 7.329: [GC (Allocation Failure) [PSYoungGen: 667009K->10817K(680448K)] 667425K->11233K(2078720K), 0.0063658 secs] [Times: user=0.00 sys=0.00, real=0.01 secs] 
2020-09-29T12:40:19.865+0200: 7.447: [GC (Allocation Failure) [PSYoungGen: 673857K->3873K(680960K)] 674273K->4289K(2079232K), 0.0037646 secs] [Times: user=0.00 sys=0.00, real=0.00 secs] 
2020-09-29T12:40:19.974+0200: 7.556: [GC (Allocation Failure) [PSYoungGen: 666913K->10689K(680448K)] 667329K->11105K(2078720K), 0.0069580 secs] [Times: user=0.00 sys=0.00, real=0.01 secs] 
2020-09-29T12:40:20.078+0200: 7.660: [GC (Allocation Failure) [PSYoungGen: 673729K->3745K(680960K)] 674145K->4161K(2079232K), 0.0034680 secs] [Times: user=0.00 sys=0.00, real=0.00 secs] 
2020-09-29T12:40:20.180+0200: 7.763: [GC (Allocation Failure) [PSYoungGen: 666785K->10593K(681472K)] 667201K->11009K(2079744K), 0.0064670 secs] [Times: user=0.00 sys=0.00, real=0.01 secs] 
2020-09-29T12:40:20.287+0200: 7.870: [GC (Allocation Failure) [PSYoungGen: 674657K->4737K(681472K)] 675073K->5153K(2079744K), 0.0038910 secs] [Times: user=0.00 sys=0.00, real=0.00 secs] 
2020-09-29T12:40:20.386+0200: 7.968: [GC (Allocation Failure) [PSYoungGen: 668801K->12513K(679936K)] 669217K->12929K(2078208K), 0.0073199 secs] [Times: user=0.00 sys=0.00, real=0.01 secs] 
2020-09-29T12:40:20.488+0200: 8.071: [GC (Allocation Failure) [PSYoungGen: 675553K->5665K(680960K)] 675969K->6081K(2079232K), 0.0042255 secs] [Times: user=0.00 sys=0.00, real=0.01 secs] 
2020-09-29T12:40:20.593+0200: 8.176: [GC (Allocation Failure) [PSYoungGen: 668705K->12449K(679424K)] 669121K->12865K(2077696K), 0.0072904 secs] [Times: user=0.11 sys=0.00, real=0.01 secs] 
2020-09-29T12:40:20.701+0200: 8.283: [GC (Allocation Failure) [PSYoungGen: 674465K->4513K(680448K)] 674881K->4929K(2078720K), 0.0035696 secs] [Times: user=0.00 sys=0.00, real=0.00 secs] 
2020-09-29T12:40:20.798+0200: 8.380: [GC (Allocation Failure) [PSYoungGen: 666529K->10273K(680960K)] 666945K->10689K(2079232K), 0.0063405 secs] [Times: user=0.13 sys=0.00, real=0.01 secs] 
2020-09-29T12:40:20.899+0200: 8.482: [GC (Allocation Failure) [PSYoungGen: 671771K->32K(663552K)] 672187K->448K(2061824K), 0.0005761 secs] [Times: user=0.00 sys=0.00, real=0.00 secs] 
2020-09-29T12:40:20.993+0200: 8.576: [GC (Allocation Failure) [PSYoungGen: 663072K->6945K(681472K)] 663488K->7361K(2079744K), 0.0046283 secs] [Times: user=0.00 sys=0.00, real=0.00 secs] 
2020-09-29T12:40:21.097+0200: 8.679: [GC (Allocation Failure) [PSYoungGen: 669985K->13665K(680448K)] 670401K->14081K(2078720K), 0.0078668 secs] [Times: user=0.13 sys=0.00, real=0.01 secs] 
2020-09-29T12:40:21.209+0200: 8.791: [GC (Allocation Failure) [PSYoungGen: 676705K->6817K(680960K)] 677121K->7233K(2079232K), 0.0048942 secs] [Times: user=0.00 sys=0.00, real=0.00 secs] 
2020-09-29T12:40:21.307+0200: 8.888: [GC (Allocation Failure) [PSYoungGen: 669345K->13089K(675840K)] 669761K->13505K(2074112K), 0.0075744 secs] [Times: user=0.00 sys=0.00, real=0.01 secs] 
2020-09-29T12:40:21.411+0200: 8.992: [GC (Allocation Failure) [PSYoungGen: 675617K->5697K(680960K)] 676033K->6113K(2079232K), 0.0041606 secs] [Times: user=0.00 sys=0.00, real=0.00 secs] 
2020-09-29T12:40:21.508+0200: 9.090: [GC (Allocation Failure) [PSYoungGen: 667713K->11457K(679936K)] 668129K->11873K(2078208K), 0.0064929 secs] [Times: user=0.00 sys=0.00, real=0.01 secs] 
2020-09-29T12:40:21.609+0200: 9.190: [GC (Allocation Failure) [PSYoungGen: 671607K->32K(679424K)] 672024K->448K(2077696K), 0.0004533 secs] [Times: user=0.00 sys=0.00, real=0.00 secs] 
2020-09-29T12:40:21.707+0200: 9.289: [GC (Allocation Failure) [PSYoungGen: 661024K->4833K(679936K)] 661440K->5249K(2078208K), 0.0038508 secs] [Times: user=0.13 sys=0.00, real=0.00 secs] 
2020-09-29T12:40:21.805+0200: 9.387: [GC (Allocation Failure) [PSYoungGen: 665825K->9569K(680960K)] 666241K->9985K(2079232K), 0.0058131 secs] [Times: user=0.00 sys=0.00, real=0.01 secs] 
2020-09-29T12:40:21.905+0200: 9.487: [GC (Allocation Failure) [PSYoungGen: 672097K->2209K(680448K)] 672513K->2625K(2078720K), 0.0026362 secs] [Times: user=0.00 sys=0.00, real=0.00 secs] 
2020-09-29T12:40:22.007+0200: 9.589: [GC (Allocation Failure) [PSYoungGen: 664737K->8513K(681472K)] 665153K->8929K(2079744K), 0.0055495 secs] [Times: user=0.00 sys=0.00, real=0.01 secs] 
2020-09-29T12:40:22.106+0200: 9.688: [GC (Allocation Failure) [PSYoungGen: 672065K->2209K(680960K)] 672481K->2625K(2079232K), 0.0027532 secs] [Times: user=0.00 sys=0.00, real=0.00 secs] 
2020-09-29T12:40:22.208+0200: 9.790: [GC (Allocation Failure) [PSYoungGen: 665761K->9409K(681472K)] 666177K->9825K(2079744K), 0.0057934 secs] [Times: user=0.00 sys=0.00, real=0.01 secs] 
2020-09-29T12:40:22.315+0200: 9.897: [GC (Allocation Failure) [PSYoungGen: 673473K->3553K(681472K)] 673889K->3969K(2079744K), 0.0034178 secs] [Times: user=0.13 sys=0.00, real=0.00 secs] 
2020-09-29T12:40:22.412+0200: 9.994: [GC (Allocation Failure) [PSYoungGen: 667617K->11393K(680960K)] 668033K->11809K(2079232K), 0.0065247 secs] [Times: user=0.00 sys=0.00, real=0.01 secs] 
2020-09-29T12:40:22.513+0200: 10.095: [GC (Allocation Failure) [PSYoungGen: 675457K->5537K(681472K)] 675873K->5953K(2079744K), 0.0044687 secs] [Times: user=0.00 sys=0.00, real=0.00 secs] 
2020-09-29T12:40:22.619+0200: 10.201: [GC (Allocation Failure) [PSYoungGen: 669601K->13281K(678912K)] 670017K->13697K(2077184K), 0.0077514 secs] [Times: user=0.00 sys=0.00, real=0.01 secs] 
2020-09-29T12:40:22.726+0200: 10.308: [GC (Allocation Failure) [PSYoungGen: 675297K->5441K(680448K)] 675713K->5857K(2078720K), 0.0039827 secs] [Times: user=0.00 sys=0.00, real=0.00 secs] 
2020-09-29T12:40:22.825+0200: 10.407: [GC (Allocation Failure) [PSYoungGen: 667457K->11169K(680448K)] 667873K->11585K(2078720K), 0.0069103 secs] [Times: user=0.00 sys=0.00, real=0.01 secs] 
2020-09-29T12:40:22.926+0200: 10.509: [GC (Allocation Failure) [PSYoungGen: 674209K->4289K(680960K)] 674625K->4705K(2079232K), 0.0036367 secs] [Times: user=0.00 sys=0.00, real=0.00 secs] 
2020-09-29T12:40:23.025+0200: 10.607: [GC (Allocation Failure) [PSYoungGen: 667329K->11073K(680448K)] 667745K->11489K(2078720K), 0.0066645 secs] [Times: user=0.00 sys=0.00, real=0.01 secs] 
2020-09-29T12:40:23.129+0200: 10.710: [GC (Allocation Failure) [PSYoungGen: 674113K->4193K(680960K)] 674529K->4609K(2079232K), 0.0038960 secs] [Times: user=0.13 sys=0.00, real=0.00 secs] 
2020-09-29T12:40:23.246+0200: 10.827: [GC (Allocation Failure) [PSYoungGen: 667233K->11009K(680448K)] 667649K->11425K(2078720K), 0.0072092 secs] [Times: user=0.00 sys=0.00, real=0.01 secs] 
2020-09-29T12:40:23.346+0200: 10.928: [GC (Allocation Failure) [PSYoungGen: 674049K->4097K(680960K)] 674465K->4513K(2079232K), 0.0035354 secs] [Times: user=0.13 sys=0.00, real=0.00 secs] 
2020-09-29T12:40:23.445+0200: 11.027: [GC (Allocation Failure) [PSYoungGen: 667137K->10881K(680448K)] 667553K->11297K(2078720K), 0.0063373 secs] [Times: user=0.00 sys=0.00, real=0.01 secs] 
2020-09-29T12:40:23.545+0200: 11.127: [GC (Allocation Failure) [PSYoungGen: 673921K->4001K(680960K)] 674337K->4417K(2079232K), 0.0034384 secs] [Times: user=0.00 sys=0.00, real=0.00 secs] 
2020-09-29T12:40:23.644+0200: 11.226: [GC (Allocation Failure) [PSYoungGen: 667041K->10817K(680448K)] 667457K->11233K(2078720K), 0.0065422 secs] [Times: user=0.13 sys=0.00, real=0.01 secs] 
2020-09-29T12:40:23.748+0200: 11.329: [GC (Allocation Failure) [PSYoungGen: 673857K->3937K(680960K)] 674273K->4353K(2079232K), 0.0033924 secs] [Times: user=0.00 sys=0.00, real=0.00 secs] 
2020-09-29T12:40:23.849+0200: 11.431: [GC (Allocation Failure) [PSYoungGen: 666977K->10689K(680448K)] 667393K->11105K(2078720K), 0.0064348 secs] [Times: user=0.00 sys=0.00, real=0.01 secs] 
2020-09-29T12:40:23.947+0200: 11.530: [GC (Allocation Failure) [PSYoungGen: 673729K->3809K(680960K)] 674145K->4225K(2079232K), 0.0037148 secs] [Times: user=0.00 sys=0.00, real=0.00 secs] 
2020-09-29T12:40:24.048+0200: 11.631: [GC (Allocation Failure) [PSYoungGen: 666849K->10561K(681472K)] 667265K->10977K(2079744K), 0.0064406 secs] [Times: user=0.13 sys=0.00, real=0.01 secs] 
2020-09-29T12:40:24.157+0200: 11.740: [GC (Allocation Failure) [PSYoungGen: 674625K->4737K(681472K)] 675041K->5153K(2079744K), 0.0047853 secs] [Times: user=0.11 sys=0.00, real=0.00 secs] 
2020-09-29T12:40:24.273+0200: 11.856: [GC (Allocation Failure) [PSYoungGen: 668801K->12545K(679936K)] 669217K->12961K(2078208K), 0.0072815 secs] [Times: user=0.00 sys=0.00, real=0.01 secs] 
2020-09-29T12:40:24.379+0200: 11.961: [GC (Allocation Failure) [PSYoungGen: 675585K->5665K(680960K)] 676001K->6081K(2079232K), 0.0043027 secs] [Times: user=0.00 sys=0.00, real=0.00 secs] 
2020-09-29T12:40:24.476+0200: 12.058: [GC (Allocation Failure) [PSYoungGen: 668705K->12449K(679424K)] 669121K->12865K(2077696K), 0.0069309 secs] [Times: user=0.00 sys=0.00, real=0.01 secs] 
2020-09-29T12:40:24.582+0200: 12.165: [GC (Allocation Failure) [PSYoungGen: 674465K->4513K(680448K)] 674881K->4929K(2078720K), 0.0038157 secs] [Times: user=0.00 sys=0.00, real=0.00 secs] 
2020-09-29T12:40:24.689+0200: 12.271: [GC (Allocation Failure) [PSYoungGen: 666529K->10305K(680960K)] 666945K->10721K(2079232K), 0.0060366 secs] [Times: user=0.13 sys=0.00, real=0.01 secs] 
2020-09-29T12:40:24.789+0200: 12.371: [GC (Allocation Failure) [PSYoungGen: 671803K->32K(663552K)] 672219K->448K(2061824K), 0.0003620 secs] [Times: user=0.00 sys=0.00, real=0.00 secs] 
2020-09-29T12:40:24.888+0200: 12.470: [GC (Allocation Failure) [PSYoungGen: 663072K->6913K(681472K)] 663488K->7329K(2079744K), 0.0048245 secs] [Times: user=0.00 sys=0.00, real=0.00 secs] 
2020-09-29T12:40:24.987+0200: 12.569: [GC (Allocation Failure) [PSYoungGen: 669953K->13729K(680448K)] 670369K->14145K(2078720K), 0.0077112 secs] [Times: user=0.13 sys=0.00, real=0.01 secs] 
2020-09-29T12:40:25.088+0200: 12.670: [GC (Allocation Failure) [PSYoungGen: 676769K->6849K(680960K)] 677185K->7265K(2079232K), 0.0047687 secs] [Times: user=0.00 sys=0.00, real=0.00 secs] 
2020-09-29T12:40:25.197+0200: 12.780: [GC (Allocation Failure) [PSYoungGen: 669377K->13089K(675840K)] 669793K->13505K(2074112K), 0.0073920 secs] [Times: user=0.00 sys=0.00, real=0.01 secs] 
2020-09-29T12:40:25.302+0200: 12.885: [GC (Allocation Failure) [PSYoungGen: 675617K->5697K(680448K)] 676033K->6113K(2078720K), 0.0043796 secs] [Times: user=0.00 sys=0.00, real=0.00 secs] 
2020-09-29T12:40:25.418+0200: 13.001: [GC (Allocation Failure) [PSYoungGen: 667201K->10977K(679936K)] 667617K->11393K(2078208K), 0.0075468 secs] [Times: user=0.00 sys=0.01, real=0.01 secs] 
2020-09-29T12:40:25.524+0200: 13.107: [GC (Allocation Failure) [PSYoungGen: 672481K->2465K(680448K)] 672897K->2881K(2078720K), 0.0027929 secs] [Times: user=0.00 sys=0.00, real=0.00 secs] 
2020-09-29T12:40:25.623+0200: 13.205: [GC (Allocation Failure) [PSYoungGen: 664481K->8289K(680448K)] 664897K->8705K(2078720K), 0.0055552 secs] [Times: user=0.02 sys=0.00, real=0.01 secs] 
2020-09-29T12:40:25.726+0200: 13.308: [GC (Allocation Failure) [PSYoungGen: 670305K->32K(680448K)] 670721K->448K(2078720K), 0.0002868 secs] [Times: user=0.00 sys=0.00, real=0.00 secs] 
2020-09-29T12:40:25.822+0200: 13.404: [GC (Allocation Failure) [PSYoungGen: 663072K->6977K(680960K)] 663488K->7393K(2079232K), 0.0050218 secs] [Times: user=0.00 sys=0.00, real=0.00 secs] 
2020-09-29T12:40:25.922+0200: 13.503: [GC (Allocation Failure) [PSYoungGen: 670017K->13697K(678912K)] 670433K->14113K(2077184K), 0.0076000 secs] [Times: user=0.13 sys=0.00, real=0.01 secs] 
2020-09-29T12:40:26.027+0200: 13.609: [GC (Allocation Failure) [PSYoungGen: 675713K->5793K(680448K)] 676129K->6209K(2078720K), 0.0045728 secs] [Times: user=0.00 sys=0.00, real=0.01 secs] 
2020-09-29T12:40:26.133+0200: 13.715: [GC (Allocation Failure) [PSYoungGen: 667809K->11585K(680448K)] 668225K->12001K(2078720K), 0.0074059 secs] [Times: user=0.00 sys=0.00, real=0.01 secs] 
2020-09-29T12:40:26.244+0200: 13.826: [GC (Allocation Failure) [PSYoungGen: 674625K->4705K(680960K)] 675041K->5121K(2079232K), 0.0038848 secs] [Times: user=0.00 sys=0.00, real=0.00 secs] 
2020-09-29T12:40:26.347+0200: 13.929: [GC (Allocation Failure) [PSYoungGen: 667745K->11457K(680960K)] 668161K->11873K(2079232K), 0.0069875 secs] [Times: user=0.13 sys=0.00, real=0.01 secs] 
2020-09-29T12:40:26.447+0200: 14.029: [GC (Allocation Failure) [PSYoungGen: 674497K->4609K(680960K)] 674913K->5025K(2079232K), 0.0038305 secs] [Times: user=0.00 sys=0.00, real=0.00 secs] 
2020-09-29T12:40:26.544+0200: 14.126: [GC (Allocation Failure) [PSYoungGen: 667649K->11329K(680960K)] 668065K->11745K(2079232K), 0.0067286 secs] [Times: user=0.00 sys=0.00, real=0.01 secs] 
2020-09-29T12:40:26.651+0200: 14.233: [GC (Allocation Failure) [PSYoungGen: 674369K->4481K(680960K)] 674785K->4897K(2079232K), 0.0036184 secs] [Times: user=0.00 sys=0.00, real=0.00 secs] 
2020-09-29T12:40:26.748+0200: 14.330: [GC (Allocation Failure) [PSYoungGen: 667521K->11265K(680960K)] 667937K->11681K(2079232K), 0.0066470 secs] [Times: user=0.00 sys=0.02, real=0.01 secs] 
2020-09-29T12:40:26.852+0200: 14.435: [GC (Allocation Failure) [PSYoungGen: 674305K->4353K(680960K)] 674721K->4769K(2079232K), 0.0036849 secs] [Times: user=0.00 sys=0.00, real=0.00 secs] 
2020-09-29T12:40:26.953+0200: 14.535: [GC (Allocation Failure) [PSYoungGen: 667393K->11169K(680960K)] 667809K->11585K(2079232K), 0.0067012 secs] [Times: user=0.13 sys=0.00, real=0.01 secs] 
2020-09-29T12:40:27.053+0200: 14.635: [GC (Allocation Failure) [PSYoungGen: 674209K->4257K(680960K)] 674625K->4673K(2079232K), 0.0057754 secs] [Times: user=0.00 sys=0.00, real=0.01 secs] 
2020-09-29T12:40:27.155+0200: 14.738: [GC (Allocation Failure) [PSYoungGen: 667297K->11073K(680960K)] 667713K->11489K(2079232K), 0.0073630 secs] [Times: user=0.13 sys=0.00, real=0.01 secs] 
2020-09-29T12:40:27.260+0200: 14.842: [GC (Allocation Failure) [PSYoungGen: 674113K->4193K(680960K)] 674529K->4609K(2079232K), 0.0034202 secs] [Times: user=0.00 sys=0.00, real=0.00 secs] 
2020-09-29T12:40:27.359+0200: 14.941: [GC (Allocation Failure) [PSYoungGen: 667233K->10945K(680448K)] 667649K->11361K(2078720K), 0.0064004 secs] [Times: user=0.13 sys=0.00, real=0.01 secs] 
2020-09-29T12:40:27.461+0200: 15.043: [GC (Allocation Failure) [PSYoungGen: 673985K->4129K(680960K)] 674401K->4545K(2079232K), 0.0035945 secs] [Times: user=0.00 sys=0.00, real=0.00 secs] 
2020-09-29T12:40:27.559+0200: 15.141: [GC (Allocation Failure) [PSYoungGen: 667169K->10881K(680448K)] 667585K->11297K(2078720K), 0.0062976 secs] [Times: user=0.00 sys=0.00, real=0.01 secs] 
2020-09-29T12:40:27.668+0200: 15.251: [GC (Allocation Failure) [PSYoungGen: 673921K->4033K(680960K)] 674337K->4449K(2079232K), 0.0035382 secs] [Times: user=0.00 sys=0.00, real=0.00 secs] 
2020-09-29T12:40:27.768+0200: 15.350: [GC (Allocation Failure) [PSYoungGen: 667073K->10785K(680448K)] 667489K->11201K(2078720K), 0.0063400 secs] [Times: user=0.13 sys=0.00, real=0.01 secs] 
2020-09-29T12:40:27.868+0200: 15.450: [GC (Allocation Failure) [PSYoungGen: 673825K->3905K(680960K)] 674241K->4321K(2079232K), 0.0034069 secs] [Times: user=0.00 sys=0.00, real=0.00 secs] 
2020-09-29T12:40:27.964+0200: 15.546: [GC (Allocation Failure) [PSYoungGen: 666945K->10689K(680448K)] 667361K->11105K(2078720K), 0.0062807 secs] [Times: user=0.00 sys=0.00, real=0.01 secs] 
2020-09-29T12:40:28.069+0200: 15.652: [GC (Allocation Failure) [PSYoungGen: 673729K->3809K(680960K)] 674145K->4225K(2079232K), 0.0033716 secs] [Times: user=0.00 sys=0.00, real=0.00 secs] 
2020-09-29T12:40:28.171+0200: 15.753: [GC (Allocation Failure) [PSYoungGen: 666849K->10561K(681472K)] 667265K->10977K(2079744K), 0.0071740 secs] [Times: user=0.13 sys=0.00, real=0.01 secs] 
2020-09-29T12:40:28.277+0200: 15.859: [GC (Allocation Failure) [PSYoungGen: 674625K->4705K(681472K)] 675041K->5121K(2079744K), 0.0042624 secs] [Times: user=0.00 sys=0.00, real=0.00 secs] 
2020-09-29T12:40:28.386+0200: 15.968: [GC (Allocation Failure) [PSYoungGen: 668769K->12545K(679936K)] 669185K->12961K(2078208K), 0.0073881 secs] [Times: user=0.00 sys=0.00, real=0.01 secs] 
2020-09-29T12:40:28.532+0200: 16.114: [GC (Allocation Failure) [PSYoungGen: 675585K->5633K(680960K)] 676001K->6049K(2079232K), 0.0109947 secs] [Times: user=0.02 sys=0.00, real=0.01 secs] 
2020-09-29T12:40:28.673+0200: 16.255: [GC (Allocation Failure) [PSYoungGen: 668673K->12481K(679424K)] 669089K->12897K(2077696K), 0.0074705 secs] [Times: user=0.13 sys=0.00, real=0.01 secs] 
2020-09-29T12:40:28.776+0200: 16.358: [GC (Allocation Failure) [PSYoungGen: 674497K->4481K(680448K)] 674913K->4897K(2078720K), 0.0037859 secs] [Times: user=0.00 sys=0.00, real=0.00 secs] 
2020-09-29T12:40:28.877+0200: 16.459: [GC (Allocation Failure) [PSYoungGen: 666497K->10241K(680960K)] 666913K->10657K(2079232K), 0.0064189 secs] [Times: user=0.13 sys=0.00, real=0.01 secs] 
2020-09-29T12:40:28.981+0200: 16.562: [GC (Allocation Failure) [PSYoungGen: 671739K->32K(663552K)] 672155K->448K(2061824K), 0.0007168 secs] [Times: user=0.00 sys=0.00, real=0.00 secs] 
2020-09-29T12:40:29.083+0200: 16.666: [GC (Allocation Failure) [PSYoungGen: 663072K->6913K(681472K)] 663488K->7329K(2079744K), 0.0052065 secs] [Times: user=0.00 sys=0.00, real=0.01 secs] 
2020-09-29T12:40:29.204+0200: 16.786: [GC (Allocation Failure) [PSYoungGen: 669953K->13697K(680448K)] 670369K->14113K(2078720K), 0.0081838 secs] [Times: user=0.13 sys=0.00, real=0.01 secs] 
2020-09-29T12:40:29.309+0200: 16.892: [GC (Allocation Failure) [PSYoungGen: 676737K->6817K(680960K)] 677153K->7233K(2079232K), 0.0048585 secs] [Times: user=0.00 sys=0.00, real=0.00 secs] 
2020-09-29T12:40:29.411+0200: 16.994: [GC (Allocation Failure) [PSYoungGen: 669345K->13153K(675840K)] 669761K->13569K(2074112K), 0.0075944 secs] [Times: user=0.00 sys=0.00, real=0.01 secs] 
2020-09-29T12:40:29.519+0200: 17.101: [GC (Allocation Failure) [PSYoungGen: 675681K->5697K(680448K)] 676097K->6113K(2078720K), 0.0041483 secs] [Times: user=0.11 sys=0.00, real=0.00 secs] 
2020-09-29T12:40:29.646+0200: 17.229: [GC (Allocation Failure) [PSYoungGen: 667201K->10945K(679936K)] 667617K->11361K(2078208K), 0.0079946 secs] [Times: user=0.00 sys=0.00, real=0.01 secs] 
2020-09-29T12:40:29.756+0200: 17.338: [GC (Allocation Failure) [PSYoungGen: 672449K->2497K(680448K)] 672865K->2913K(2078720K), 0.0026360 secs] [Times: user=0.00 sys=0.00, real=0.00 secs] 
2020-09-29T12:40:29.857+0200: 17.439: [GC (Allocation Failure) [PSYoungGen: 664513K->8289K(680448K)] 664929K->8705K(2078720K), 0.0054117 secs] [Times: user=0.00 sys=0.00, real=0.00 secs] 
2020-09-29T12:40:29.954+0200: 17.536: [GC (Allocation Failure) [PSYoungGen: 670305K->32K(680448K)] 670721K->448K(2078720K), 0.0004930 secs] [Times: user=0.00 sys=0.00, real=0.00 secs] 
2020-09-29T12:40:30.049+0200: 17.632: [GC (Allocation Failure) [PSYoungGen: 663072K->6881K(680960K)] 663488K->7297K(2079232K), 0.0047743 secs] [Times: user=0.13 sys=0.00, real=0.00 secs] 
2020-09-29T12:40:30.163+0200: 17.745: [GC (Allocation Failure) [PSYoungGen: 669921K->13633K(678912K)] 670337K->14049K(2077184K), 0.0081664 secs] [Times: user=0.00 sys=0.00, real=0.01 secs] 
2020-09-29T12:40:30.266+0200: 17.848: [GC (Allocation Failure) [PSYoungGen: 675649K->5825K(680448K)] 676065K->6241K(2078720K), 0.0041056 secs] [Times: user=0.13 sys=0.00, real=0.00 secs] 
2020-09-29T12:40:30.373+0200: 17.955: [GC (Allocation Failure) [PSYoungGen: 667841K->11553K(680448K)] 668257K->11969K(2078720K), 0.0069781 secs] [Times: user=0.13 sys=0.00, real=0.01 secs] 
2020-09-29T12:40:30.480+0200: 18.062: [GC (Allocation Failure) [PSYoungGen: 674593K->4673K(680960K)] 675009K->5089K(2079232K), 0.0038720 secs] [Times: user=0.00 sys=0.00, real=0.00 secs] 
2020-09-29T12:40:30.591+0200: 18.174: [GC (Allocation Failure) [PSYoungGen: 667713K->11425K(680960K)] 668129K->11841K(2079232K), 0.0077890 secs] [Times: user=0.11 sys=0.00, real=0.01 secs] 
2020-09-29T12:40:30.704+0200: 18.286: [GC (Allocation Failure) [PSYoungGen: 674465K->4577K(680960K)] 674881K->4993K(2079232K), 0.0036789 secs] [Times: user=0.13 sys=0.00, real=0.00 secs] 
2020-09-29T12:40:30.802+0200: 18.385: [GC (Allocation Failure) [PSYoungGen: 667617K->11393K(680960K)] 668033K->11809K(2079232K), 0.0067060 secs] [Times: user=0.00 sys=0.00, real=0.01 secs] 
2020-09-29T12:40:30.906+0200: 18.488: [GC (Allocation Failure) [PSYoungGen: 674433K->4481K(680960K)] 674849K->4897K(2079232K), 0.0036819 secs] [Times: user=0.00 sys=0.00, real=0.00 secs] 
2020-09-29T12:40:31.002+0200: 18.584: [GC (Allocation Failure) [PSYoungGen: 667521K->11233K(680960K)] 667937K->11649K(2079232K), 0.0068398 secs] [Times: user=0.13 sys=0.00, real=0.01 secs] 
2020-09-29T12:40:31.104+0200: 18.687: [GC (Allocation Failure) [PSYoungGen: 674273K->4385K(680960K)] 674689K->4801K(2079232K), 0.0035992 secs] [Times: user=0.00 sys=0.00, real=0.00 secs] 
2020-09-29T12:40:31.215+0200: 18.796: [GC (Allocation Failure) [PSYoungGen: 667425K->11169K(680960K)] 667841K->11585K(2079232K), 0.0077313 secs] [Times: user=0.00 sys=0.00, real=0.01 secs] 
2020-09-29T12:40:31.322+0200: 18.904: [GC (Allocation Failure) [PSYoungGen: 674209K->4257K(680960K)] 674625K->4673K(2079232K), 0.0036936 secs] [Times: user=0.00 sys=0.00, real=0.00 secs] 
2020-09-29T12:40:31.426+0200: 19.007: [GC (Allocation Failure) [PSYoungGen: 667297K->11041K(680960K)] 667713K->11457K(2079232K), 0.0070487 secs] [Times: user=0.13 sys=0.00, real=0.01 secs] 
2020-09-29T12:40:31.529+0200: 19.111: [GC (Allocation Failure) [PSYoungGen: 674081K->4161K(680960K)] 674497K->4577K(2079232K), 0.0035030 secs] [Times: user=0.00 sys=0.00, real=0.00 secs] 
2020-09-29T12:40:31.646+0200: 19.227: [GC (Allocation Failure) [PSYoungGen: 667201K->10945K(680448K)] 667617K->11361K(2078720K), 0.0067030 secs] [Times: user=0.00 sys=0.00, real=0.01 secs] 
2020-09-29T12:40:31.747+0200: 19.330: [GC (Allocation Failure) [PSYoungGen: 673985K->4097K(680960K)] 674401K->4513K(2079232K), 0.0032839 secs] [Times: user=0.00 sys=0.00, real=0.00 secs] 
2020-09-29T12:40:31.845+0200: 19.427: [GC (Allocation Failure) [PSYoungGen: 667137K->10881K(680448K)] 667553K->11297K(2078720K), 0.0063637 secs] [Times: user=0.13 sys=0.00, real=0.01 secs] 
2020-09-29T12:40:31.945+0200: 19.527: [GC (Allocation Failure) [PSYoungGen: 673921K->3937K(680960K)] 674337K->4353K(2079232K), 0.0034732 secs] [Times: user=0.00 sys=0.00, real=0.00 secs] 
2020-09-29T12:40:32.042+0200: 19.624: [GC (Allocation Failure) [PSYoungGen: 666977K->10817K(680448K)] 667393K->11233K(2078720K), 0.0063717 secs] [Times: user=0.00 sys=0.00, real=0.01 secs] 
2020-09-29T12:40:32.147+0200: 19.730: [GC (Allocation Failure) [PSYoungGen: 673857K->3873K(680960K)] 674273K->4289K(2079232K), 0.0041832 secs] [Times: user=0.00 sys=0.00, real=0.00 secs] 
2020-09-29T12:40:32.253+0200: 19.834: [GC (Allocation Failure) [PSYoungGen: 666913K->10721K(680448K)] 667329K->11137K(2078720K), 0.0061864 secs] [Times: user=0.13 sys=0.00, real=0.01 secs] 
2020-09-29T12:40:32.357+0200: 19.939: [GC (Allocation Failure) [PSYoungGen: 673761K->3809K(680960K)] 674177K->4225K(2079232K), 0.0034534 secs] [Times: user=0.00 sys=0.00, real=0.00 secs] 
2020-09-29T12:40:32.458+0200: 20.040: [GC (Allocation Failure) [PSYoungGen: 666849K->10561K(681472K)] 667265K->10977K(2079744K), 0.0063981 secs] [Times: user=0.00 sys=0.00, real=0.01 secs] 
2020-09-29T12:40:32.557+0200: 20.139: [GC (Allocation Failure) [PSYoungGen: 674625K->4769K(681472K)] 675041K->5185K(2079744K), 0.0038404 secs] [Times: user=0.00 sys=0.00, real=0.00 secs] 
2020-09-29T12:40:32.663+0200: 20.246: [GC (Allocation Failure) [PSYoungGen: 668833K->12577K(680448K)] 669249K->12993K(2078720K), 0.0074849 secs] [Times: user=0.00 sys=0.00, real=0.01 secs] 
2020-09-29T12:40:32.768+0200: 20.350: [GC (Allocation Failure) [PSYoungGen: 675617K->5665K(680960K)] 676033K->6081K(2079232K), 0.0041833 secs] [Times: user=0.13 sys=0.00, real=0.01 secs] 
2020-09-29T12:40:32.866+0200: 20.448: [GC (Allocation Failure) [PSYoungGen: 668705K->12449K(679424K)] 669121K->12865K(2077696K), 0.0070288 secs] [Times: user=0.00 sys=0.00, real=0.01 secs] 
2020-09-29T12:40:32.971+0200: 20.553: [GC (Allocation Failure) [PSYoungGen: 674465K->4545K(680448K)] 674881K->4961K(2078720K), 0.0038011 secs] [Times: user=0.13 sys=0.00, real=0.01 secs] 
2020-09-29T12:40:33.070+0200: 20.653: [GC (Allocation Failure) [PSYoungGen: 666561K->10305K(680960K)] 666977K->10721K(2079232K), 0.0067543 secs] [Times: user=0.00 sys=0.00, real=0.01 secs] 
2020-09-29T12:40:33.182+0200: 20.764: [GC (Allocation Failure) [PSYoungGen: 671803K->32K(663552K)] 672219K->448K(2061824K), 0.0005777 secs] [Times: user=0.00 sys=0.00, real=0.00 secs] 
2020-09-29T12:40:33.284+0200: 20.865: [GC (Allocation Failure) [PSYoungGen: 663072K->6913K(681472K)] 663488K->7329K(2079744K), 0.0044490 secs] [Times: user=0.13 sys=0.00, real=0.00 secs] 
2020-09-29T12:40:33.394+0200: 20.975: [GC (Allocation Failure) [PSYoungGen: 669953K->13729K(676864K)] 670369K->14145K(2075136K), 0.0075494 secs] [Times: user=0.13 sys=0.00, real=0.01 secs] 
2020-09-29T12:40:33.501+0200: 21.083: [GC (Allocation Failure) [PSYoungGen: 676769K->6817K(680960K)] 677185K->7233K(2079232K), 0.0055827 secs] [Times: user=0.13 sys=0.00, real=0.01 secs] 
2020-09-29T12:40:33.620+0200: 21.201: [GC (Allocation Failure) [PSYoungGen: 668833K->12609K(679936K)] 669249K->13025K(2078208K), 0.0076406 secs] [Times: user=0.00 sys=0.00, real=0.01 secs] 
2020-09-29T12:40:33.722+0200: 21.304: [GC (Allocation Failure) [PSYoungGen: 674625K->4705K(680448K)] 675041K->5121K(2078720K), 0.0038137 secs] [Times: user=0.13 sys=0.00, real=0.00 secs] 
2020-09-29T12:40:33.824+0200: 21.406: [GC (Allocation Failure) [PSYoungGen: 666721K->10433K(680448K)] 667137K->10849K(2078720K), 0.0067317 secs] [Times: user=0.00 sys=0.00, real=0.01 secs] 
2020-09-29T12:40:33.928+0200: 21.511: [GC (Allocation Failure) [PSYoungGen: 672449K->2465K(680960K)] 672865K->2881K(2079232K), 0.0027513 secs] [Times: user=0.00 sys=0.00, real=0.00 secs] 
2020-09-29T12:40:34.026+0200: 21.608: [GC (Allocation Failure) [PSYoungGen: 665505K->9345K(680960K)] 665921K->9761K(2079232K), 0.0062729 secs] [Times: user=0.00 sys=0.00, real=0.01 secs] 
2020-09-29T12:40:34.153+0200: 21.734: [GC (Allocation Failure) [PSYoungGen: 672385K->2465K(680960K)] 672801K->2881K(2079232K), 0.0032702 secs] [Times: user=0.00 sys=0.00, real=0.00 secs] 
2020-09-29T12:40:34.250+0200: 21.832: [GC (Allocation Failure) [PSYoungGen: 665505K->9217K(680960K)] 665921K->9633K(2079232K), 0.0058181 secs] [Times: user=0.13 sys=0.00, real=0.01 secs] 
Heap
 PSYoungGen      total 680960K, used 371132K [0x00000000d5580000, 0x0000000100000000, 0x0000000100000000)
  eden space 663040K, 54% used [0x00000000d5580000,0x00000000eb6eedf0,0x00000000fdd00000)
  from space 17920K, 51% used [0x00000000fdd00000,0x00000000fe600490,0x00000000fee80000)
  to   space 17408K, 0% used [0x00000000fef00000,0x00000000fef00000,0x0000000100000000)
 ParOldGen       total 1398272K, used 416K [0x0000000080000000, 0x00000000d5580000, 0x00000000d5580000)
  object space 1398272K, 0% used [0x0000000080000000,0x0000000080068050,0x00000000d5580000)
 Metaspace       used 2594K, capacity 4486K, committed 4864K, reserved 1056768K
  class space    used 285K, capacity 386K, committed 512K, reserved 1048576K
