Java HotSpot(TM) 64-Bit Server VM (25.261-b12) for windows-amd64 JRE (1.8.0_261-b12), built on Jun 18 2020 06:56:32 by "" with unknown MS VC++:1916
Memory: 4k page, physical 16659684k(9349620k free), swap 23213284k(8346564k free)
CommandLine flags: -XX:InitialHeapSize=2147483648 -XX:MaxHeapSize=2147483648 -XX:+PrintGC -XX:+PrintGCDateStamps -XX:+PrintGCDetails -XX:+PrintGCTimeStamps -XX:+UseCompressedClassPointers -XX:+UseCompressedOops -XX:-UseLargePagesIndividualAllocation -XX:+UseParallelGC 
2020-09-29T12:35:37.985+0200: 0.436: [GC (Allocation Failure) [PSYoungGen: 524800K->11985K(611840K)] 524800K->11993K(2010112K), 0.0092065 secs] [Times: user=0.11 sys=0.02, real=0.01 secs] 
2020-09-29T12:35:38.082+0200: 0.532: [GC (Allocation Failure) [PSYoungGen: 536785K->3409K(611840K)] 536793K->3417K(2010112K), 0.0044667 secs] [Times: user=0.11 sys=0.01, real=0.00 secs] 
2020-09-29T12:35:38.173+0200: 0.623: [GC (Allocation Failure) [PSYoungGen: 528209K->8577K(611840K)] 528217K->8585K(2010112K), 0.0065580 secs] [Times: user=0.13 sys=0.00, real=0.01 secs] 
2020-09-29T12:35:38.270+0200: 0.720: [GC (Allocation Failure) [PSYoungGen: 533377K->13729K(611840K)] 533385K->13737K(2010112K), 0.0125177 secs] [Times: user=0.13 sys=0.00, real=0.01 secs] 
2020-09-29T12:35:38.382+0200: 0.832: [GC (Allocation Failure) [PSYoungGen: 538529K->5281K(611840K)] 538537K->5289K(2010112K), 0.0045287 secs] [Times: user=0.00 sys=0.00, real=0.00 secs] 
2020-09-29T12:35:38.465+0200: 0.916: [GC (Allocation Failure) [PSYoungGen: 530081K->10401K(682496K)] 530089K->10409K(2080768K), 0.0078627 secs] [Times: user=0.00 sys=0.02, real=0.01 secs] 
2020-09-29T12:35:38.627+0200: 1.078: [GC (Allocation Failure) [PSYoungGen: 676513K->6241K(682496K)] 676521K->6657K(2080768K), 0.0067307 secs] [Times: user=0.13 sys=0.00, real=0.01 secs] 
2020-09-29T12:35:38.737+0200: 1.188: [GC (Allocation Failure) [PSYoungGen: 671643K->32K(681984K)] 672059K->448K(2080256K), 0.0007705 secs] [Times: user=0.00 sys=0.00, real=0.00 secs] 
2020-09-29T12:35:38.842+0200: 1.293: [GC (Allocation Failure) [PSYoungGen: 666144K->9985K(682496K)] 666560K->10401K(2080768K), 0.0061696 secs] [Times: user=0.13 sys=0.00, real=0.01 secs] 
2020-09-29T12:35:38.953+0200: 1.404: [GC (Allocation Failure) [PSYoungGen: 676097K->6177K(683008K)] 676513K->6593K(2081280K), 0.0043354 secs] [Times: user=0.13 sys=0.00, real=0.00 secs] 
2020-09-29T12:35:39.054+0200: 1.505: [GC (Allocation Failure) [PSYoungGen: 672801K->2881K(682496K)] 673217K->3297K(2080768K), 0.0029889 secs] [Times: user=0.00 sys=0.00, real=0.00 secs] 
2020-09-29T12:35:39.164+0200: 1.615: [GC (Allocation Failure) [PSYoungGen: 669505K->13217K(679936K)] 669921K->13633K(2078208K), 0.0085309 secs] [Times: user=0.00 sys=0.00, real=0.01 secs] 
2020-09-29T12:35:39.274+0200: 1.725: [GC (Allocation Failure) [PSYoungGen: 677281K->7393K(681472K)] 677697K->7809K(2079744K), 0.0050416 secs] [Times: user=0.00 sys=0.00, real=0.01 secs] 
2020-09-29T12:35:39.380+0200: 1.831: [GC (Allocation Failure) [PSYoungGen: 671457K->32K(681472K)] 671873K->448K(2079744K), 0.0007263 secs] [Times: user=0.00 sys=0.00, real=0.00 secs] 
2020-09-29T12:35:39.478+0200: 1.930: [GC (Allocation Failure) [PSYoungGen: 665120K->8961K(681984K)] 665536K->9377K(2080256K), 0.0062351 secs] [Times: user=0.00 sys=0.00, real=0.01 secs] 
2020-09-29T12:35:39.592+0200: 2.043: [GC (Allocation Failure) [PSYoungGen: 674049K->4129K(682496K)] 674465K->4545K(2080768K), 0.0041521 secs] [Times: user=0.00 sys=0.00, real=0.00 secs] 
2020-09-29T12:35:39.696+0200: 2.147: [GC (Allocation Failure) [PSYoungGen: 669729K->13537K(679424K)] 670145K->13953K(2077696K), 0.0080537 secs] [Times: user=0.00 sys=0.00, real=0.01 secs] 
2020-09-29T12:35:39.803+0200: 2.254: [GC (Allocation Failure) [PSYoungGen: 679137K->9121K(681472K)] 679553K->9537K(2079744K), 0.0061641 secs] [Times: user=0.00 sys=0.00, real=0.01 secs] 
2020-09-29T12:35:39.912+0200: 2.363: [GC (Allocation Failure) [PSYoungGen: 672673K->2753K(680960K)] 673089K->3169K(2079232K), 0.0029420 secs] [Times: user=0.00 sys=0.00, real=0.00 secs] 
2020-09-29T12:35:40.008+0200: 2.459: [GC (Allocation Failure) [PSYoungGen: 666305K->10049K(681472K)] 666721K->10465K(2079744K), 0.0060252 secs] [Times: user=0.00 sys=0.00, real=0.01 secs] 
2020-09-29T12:35:40.115+0200: 2.565: [GC (Allocation Failure) [PSYoungGen: 674113K->4225K(681472K)] 674529K->4641K(2079744K), 0.0038260 secs] [Times: user=0.00 sys=0.00, real=0.00 secs] 
2020-09-29T12:35:40.216+0200: 2.666: [GC (Allocation Failure) [PSYoungGen: 668289K->12033K(679936K)] 668705K->12449K(2078208K), 0.0068517 secs] [Times: user=0.00 sys=0.00, real=0.01 secs] 
2020-09-29T12:35:40.328+0200: 2.778: [GC (Allocation Failure) [PSYoungGen: 675073K->5153K(680960K)] 675489K->5569K(2079232K), 0.0045982 secs] [Times: user=0.00 sys=0.00, real=0.00 secs] 
2020-09-29T12:35:40.444+0200: 2.894: [GC (Allocation Failure) [PSYoungGen: 668193K->11937K(680448K)] 668609K->12353K(2078720K), 0.0078083 secs] [Times: user=0.00 sys=0.00, real=0.01 secs] 
2020-09-29T12:35:40.557+0200: 3.008: [GC (Allocation Failure) [PSYoungGen: 674977K->5057K(680960K)] 675393K->5473K(2079232K), 0.0041965 secs] [Times: user=0.00 sys=0.00, real=0.01 secs] 
2020-09-29T12:35:40.666+0200: 3.117: [GC (Allocation Failure) [PSYoungGen: 668097K->11873K(680448K)] 668513K->12289K(2078720K), 0.0077377 secs] [Times: user=0.00 sys=0.00, real=0.01 secs] 
2020-09-29T12:35:40.795+0200: 3.246: [GC (Allocation Failure) [PSYoungGen: 674913K->4961K(680960K)] 675329K->5377K(2079232K), 0.0044315 secs] [Times: user=0.00 sys=0.00, real=0.00 secs] 
2020-09-29T12:35:40.906+0200: 3.356: [GC (Allocation Failure) [PSYoungGen: 668001K->11713K(680448K)] 668417K->12129K(2078720K), 0.0076288 secs] [Times: user=0.13 sys=0.00, real=0.01 secs] 
2020-09-29T12:35:41.017+0200: 3.467: [GC (Allocation Failure) [PSYoungGen: 674753K->4833K(680960K)] 675169K->5249K(2079232K), 0.0037963 secs] [Times: user=0.01 sys=0.00, real=0.00 secs] 
2020-09-29T12:35:41.119+0200: 3.570: [GC (Allocation Failure) [PSYoungGen: 667873K->11617K(679936K)] 668289K->12033K(2078208K), 0.0068893 secs] [Times: user=0.00 sys=0.00, real=0.01 secs] 
2020-09-29T12:35:41.219+0200: 3.670: [GC (Allocation Failure) [PSYoungGen: 673633K->3713K(680448K)] 674049K->4129K(2078720K), 0.0033640 secs] [Times: user=0.00 sys=0.02, real=0.00 secs] 
2020-09-29T12:35:41.332+0200: 3.782: [GC (Allocation Failure) [PSYoungGen: 665729K->9505K(681472K)] 666145K->9921K(2079744K), 0.0066172 secs] [Times: user=0.00 sys=0.00, real=0.01 secs] 
2020-09-29T12:35:41.438+0200: 3.889: [GC (Allocation Failure) [PSYoungGen: 673057K->3041K(680960K)] 673473K->3457K(2079232K), 0.0031688 secs] [Times: user=0.00 sys=0.00, real=0.00 secs] 
2020-09-29T12:35:41.538+0200: 3.989: [GC (Allocation Failure) [PSYoungGen: 666593K->10433K(681472K)] 667009K->10849K(2079744K), 0.0062796 secs] [Times: user=0.00 sys=0.00, real=0.01 secs] 
2020-09-29T12:35:41.642+0200: 4.093: [GC (Allocation Failure) [PSYoungGen: 674497K->4545K(681472K)] 674913K->4961K(2079744K), 0.0037451 secs] [Times: user=0.13 sys=0.00, real=0.00 secs] 
2020-09-29T12:35:41.746+0200: 4.197: [GC (Allocation Failure) [PSYoungGen: 668609K->12385K(680448K)] 669025K->12801K(2078720K), 0.0070960 secs] [Times: user=0.00 sys=0.00, real=0.01 secs] 
2020-09-29T12:35:41.856+0200: 4.307: [GC (Allocation Failure) [PSYoungGen: 675425K->5441K(680960K)] 675841K->5857K(2079232K), 0.0047265 secs] [Times: user=0.00 sys=0.00, real=0.01 secs] 
2020-09-29T12:35:41.965+0200: 4.417: [GC (Allocation Failure) [PSYoungGen: 668481K->12289K(679424K)] 668897K->12705K(2077696K), 0.0070845 secs] [Times: user=0.03 sys=0.00, real=0.01 secs] 
2020-09-29T12:35:42.070+0200: 4.521: [GC (Allocation Failure) [PSYoungGen: 674305K->4417K(680448K)] 674721K->4833K(2078720K), 0.0039246 secs] [Times: user=0.00 sys=0.00, real=0.00 secs] 
2020-09-29T12:35:42.171+0200: 4.621: [GC (Allocation Failure) [PSYoungGen: 666433K->10145K(680960K)] 666849K->10561K(2079232K), 0.0062511 secs] [Times: user=0.00 sys=0.00, real=0.01 secs] 
2020-09-29T12:35:42.275+0200: 4.725: [GC (Allocation Failure) [PSYoungGen: 671643K->32K(663552K)] 672059K->448K(2061824K), 0.0004526 secs] [Times: user=0.00 sys=0.00, real=0.00 secs] 
2020-09-29T12:35:42.381+0200: 4.831: [GC (Allocation Failure) [PSYoungGen: 663072K->6881K(681472K)] 663488K->7297K(2079744K), 0.0051865 secs] [Times: user=0.00 sys=0.00, real=0.00 secs] 
2020-09-29T12:35:42.489+0200: 4.939: [GC (Allocation Failure) [PSYoungGen: 669921K->13697K(680448K)] 670337K->14113K(2078720K), 0.0080015 secs] [Times: user=0.00 sys=0.00, real=0.01 secs] 
2020-09-29T12:35:42.625+0200: 5.076: [GC (Allocation Failure) [PSYoungGen: 676737K->6817K(680960K)] 677153K->7233K(2079232K), 0.0053505 secs] [Times: user=0.11 sys=0.00, real=0.01 secs] 
2020-09-29T12:35:42.734+0200: 5.185: [GC (Allocation Failure) [PSYoungGen: 669345K->13121K(675840K)] 669761K->13537K(2074112K), 0.0074767 secs] [Times: user=0.13 sys=0.00, real=0.01 secs] 
2020-09-29T12:35:42.847+0200: 5.297: [GC (Allocation Failure) [PSYoungGen: 675649K->5665K(680448K)] 676065K->6081K(2078720K), 0.0049801 secs] [Times: user=0.13 sys=0.00, real=0.01 secs] 
2020-09-29T12:35:42.958+0200: 5.408: [GC (Allocation Failure) [PSYoungGen: 667169K->10977K(679936K)] 667585K->11393K(2078208K), 0.0064285 secs] [Times: user=0.00 sys=0.00, real=0.01 secs] 
2020-09-29T12:35:43.061+0200: 5.511: [GC (Allocation Failure) [PSYoungGen: 672481K->2529K(680448K)] 672897K->2945K(2078720K), 0.0027333 secs] [Times: user=0.00 sys=0.00, real=0.00 secs] 
2020-09-29T12:35:43.160+0200: 5.611: [GC (Allocation Failure) [PSYoungGen: 664545K->8289K(680448K)] 664961K->8705K(2078720K), 0.0054770 secs] [Times: user=0.08 sys=0.03, real=0.01 secs] 
2020-09-29T12:35:43.264+0200: 5.715: [GC (Allocation Failure) [PSYoungGen: 670305K->32K(680448K)] 670721K->448K(2078720K), 0.0008495 secs] [Times: user=0.00 sys=0.00, real=0.00 secs] 
2020-09-29T12:35:43.372+0200: 5.823: [GC (Allocation Failure) [PSYoungGen: 663072K->6913K(680960K)] 663488K->7329K(2079232K), 0.0051585 secs] [Times: user=0.00 sys=0.00, real=0.01 secs] 
2020-09-29T12:35:43.484+0200: 5.934: [GC (Allocation Failure) [PSYoungGen: 669953K->13729K(678912K)] 670369K->14145K(2077184K), 0.0077752 secs] [Times: user=0.13 sys=0.00, real=0.01 secs] 
2020-09-29T12:35:43.589+0200: 6.039: [GC (Allocation Failure) [PSYoungGen: 675745K->5825K(680448K)] 676161K->6241K(2078720K), 0.0043546 secs] [Times: user=0.00 sys=0.00, real=0.00 secs] 
2020-09-29T12:35:43.699+0200: 6.150: [GC (Allocation Failure) [PSYoungGen: 667841K->11521K(680448K)] 668257K->11937K(2078720K), 0.0067132 secs] [Times: user=0.00 sys=0.00, real=0.01 secs] 
2020-09-29T12:35:43.805+0200: 6.255: [GC (Allocation Failure) [PSYoungGen: 674561K->4673K(680960K)] 674977K->5089K(2079232K), 0.0044848 secs] [Times: user=0.00 sys=0.00, real=0.00 secs] 
2020-09-29T12:35:43.910+0200: 6.360: [GC (Allocation Failure) [PSYoungGen: 667713K->11521K(680960K)] 668129K->11937K(2079232K), 0.0066003 secs] [Times: user=0.13 sys=0.00, real=0.01 secs] 
2020-09-29T12:35:44.012+0200: 6.463: [GC (Allocation Failure) [PSYoungGen: 674561K->4545K(680960K)] 674977K->4961K(2079232K), 0.0039147 secs] [Times: user=0.00 sys=0.00, real=0.00 secs] 
2020-09-29T12:35:44.115+0200: 6.565: [GC (Allocation Failure) [PSYoungGen: 667585K->11425K(680960K)] 668001K->11841K(2079232K), 0.0067466 secs] [Times: user=0.00 sys=0.00, real=0.01 secs] 
2020-09-29T12:35:44.220+0200: 6.670: [GC (Allocation Failure) [PSYoungGen: 674465K->4449K(680960K)] 674881K->4865K(2079232K), 0.0040954 secs] [Times: user=0.02 sys=0.00, real=0.00 secs] 
2020-09-29T12:35:44.318+0200: 6.768: [GC (Allocation Failure) [PSYoungGen: 667489K->11265K(680960K)] 667905K->11681K(2079232K), 0.0078429 secs] [Times: user=0.00 sys=0.00, real=0.01 secs] 
2020-09-29T12:35:44.435+0200: 6.885: [GC (Allocation Failure) [PSYoungGen: 674305K->4385K(680960K)] 674721K->4801K(2079232K), 0.0040447 secs] [Times: user=0.00 sys=0.00, real=0.00 secs] 
2020-09-29T12:35:44.539+0200: 6.990: [GC (Allocation Failure) [PSYoungGen: 667425K->11201K(680960K)] 667841K->11617K(2079232K), 0.0067894 secs] [Times: user=0.00 sys=0.00, real=0.01 secs] 
2020-09-29T12:35:44.652+0200: 7.102: [GC (Allocation Failure) [PSYoungGen: 674241K->4289K(680960K)] 674657K->4705K(2079232K), 0.0036387 secs] [Times: user=0.00 sys=0.00, real=0.00 secs] 
2020-09-29T12:35:44.751+0200: 7.202: [GC (Allocation Failure) [PSYoungGen: 667329K->11073K(680960K)] 667745K->11489K(2079232K), 0.0064978 secs] [Times: user=0.13 sys=0.00, real=0.01 secs] 
2020-09-29T12:35:44.870+0200: 7.322: [GC (Allocation Failure) [PSYoungGen: 674113K->4161K(680960K)] 674529K->4577K(2079232K), 0.0039943 secs] [Times: user=0.00 sys=0.00, real=0.01 secs] 
2020-09-29T12:35:44.982+0200: 7.433: [GC (Allocation Failure) [PSYoungGen: 667201K->10945K(680960K)] 667617K->11361K(2079232K), 0.0064758 secs] [Times: user=0.00 sys=0.00, real=0.01 secs] 
2020-09-29T12:35:45.089+0200: 7.540: [GC (Allocation Failure) [PSYoungGen: 673985K->4065K(680960K)] 674401K->4481K(2079232K), 0.0035213 secs] [Times: user=0.00 sys=0.00, real=0.00 secs] 
2020-09-29T12:35:45.186+0200: 7.637: [GC (Allocation Failure) [PSYoungGen: 667105K->10849K(680448K)] 667521K->11265K(2078720K), 0.0064593 secs] [Times: user=0.13 sys=0.00, real=0.01 secs] 
2020-09-29T12:35:45.295+0200: 7.745: [GC (Allocation Failure) [PSYoungGen: 673889K->3969K(680960K)] 674305K->4385K(2079232K), 0.0032740 secs] [Times: user=0.00 sys=0.00, real=0.00 secs] 
2020-09-29T12:35:45.407+0200: 7.858: [GC (Allocation Failure) [PSYoungGen: 667009K->10753K(680448K)] 667425K->11169K(2078720K), 0.0068509 secs] [Times: user=0.13 sys=0.00, real=0.01 secs] 
2020-09-29T12:35:45.515+0200: 7.965: [GC (Allocation Failure) [PSYoungGen: 673793K->3873K(680960K)] 674209K->4289K(2079232K), 0.0034335 secs] [Times: user=0.00 sys=0.00, real=0.00 secs] 
2020-09-29T12:35:45.628+0200: 8.079: [GC (Allocation Failure) [PSYoungGen: 666913K->10657K(680448K)] 667329K->11073K(2078720K), 0.0071374 secs] [Times: user=0.13 sys=0.00, real=0.01 secs] 
2020-09-29T12:35:45.736+0200: 8.186: [GC (Allocation Failure) [PSYoungGen: 673697K->3745K(680960K)] 674113K->4161K(2079232K), 0.0033769 secs] [Times: user=0.00 sys=0.00, real=0.00 secs] 
2020-09-29T12:35:45.847+0200: 8.298: [GC (Allocation Failure) [PSYoungGen: 666785K->10593K(681472K)] 667201K->11009K(2079744K), 0.0076508 secs] [Times: user=0.11 sys=0.00, real=0.01 secs] 
2020-09-29T12:35:45.960+0200: 8.411: [GC (Allocation Failure) [PSYoungGen: 674657K->4737K(681472K)] 675073K->5153K(2079744K), 0.0034427 secs] [Times: user=0.00 sys=0.00, real=0.00 secs] 
2020-09-29T12:35:46.059+0200: 8.509: [GC (Allocation Failure) [PSYoungGen: 668801K->12545K(680448K)] 669217K->12961K(2078720K), 0.0072587 secs] [Times: user=0.00 sys=0.00, real=0.01 secs] 
2020-09-29T12:35:46.163+0200: 8.614: [GC (Allocation Failure) [PSYoungGen: 675585K->5601K(680960K)] 676001K->6017K(2079232K), 0.0042869 secs] [Times: user=0.00 sys=0.00, real=0.00 secs] 
2020-09-29T12:35:46.273+0200: 8.724: [GC (Allocation Failure) [PSYoungGen: 668641K->12449K(679424K)] 669057K->12865K(2077696K), 0.0075007 secs] [Times: user=0.00 sys=0.00, real=0.01 secs] 
2020-09-29T12:35:46.390+0200: 8.841: [GC (Allocation Failure) [PSYoungGen: 674465K->4545K(680448K)] 674881K->4961K(2078720K), 0.0040982 secs] [Times: user=0.00 sys=0.00, real=0.00 secs] 
2020-09-29T12:35:46.487+0200: 8.938: [GC (Allocation Failure) [PSYoungGen: 666561K->10273K(680960K)] 666977K->10689K(2079232K), 0.0061248 secs] [Times: user=0.13 sys=0.00, real=0.01 secs] 
2020-09-29T12:35:46.593+0200: 9.043: [GC (Allocation Failure) [PSYoungGen: 671771K->32K(663552K)] 672187K->448K(2061824K), 0.0007959 secs] [Times: user=0.00 sys=0.00, real=0.00 secs] 
2020-09-29T12:35:46.695+0200: 9.146: [GC (Allocation Failure) [PSYoungGen: 663072K->6913K(681472K)] 663488K->7329K(2079744K), 0.0048754 secs] [Times: user=0.00 sys=0.00, real=0.01 secs] 
2020-09-29T12:35:46.798+0200: 9.249: [GC (Allocation Failure) [PSYoungGen: 669953K->13729K(680448K)] 670369K->14145K(2078720K), 0.0082472 secs] [Times: user=0.13 sys=0.00, real=0.01 secs] 
2020-09-29T12:35:46.906+0200: 9.357: [GC (Allocation Failure) [PSYoungGen: 676769K->6849K(680960K)] 677185K->7265K(2079232K), 0.0047797 secs] [Times: user=0.00 sys=0.00, real=0.01 secs] 
2020-09-29T12:35:47.010+0200: 9.460: [GC (Allocation Failure) [PSYoungGen: 669377K->13153K(675840K)] 669793K->13569K(2074112K), 0.0080019 secs] [Times: user=0.00 sys=0.00, real=0.01 secs] 
2020-09-29T12:35:47.114+0200: 9.565: [GC (Allocation Failure) [PSYoungGen: 675681K->5729K(680448K)] 676097K->6145K(2078720K), 0.0042980 secs] [Times: user=0.00 sys=0.00, real=0.00 secs] 
2020-09-29T12:35:47.218+0200: 9.669: [GC (Allocation Failure) [PSYoungGen: 667233K->10913K(679936K)] 667649K->11329K(2078208K), 0.0070465 secs] [Times: user=0.13 sys=0.00, real=0.01 secs] 
2020-09-29T12:35:47.324+0200: 9.775: [GC (Allocation Failure) [PSYoungGen: 672417K->2497K(680448K)] 672833K->2913K(2078720K), 0.0031539 secs] [Times: user=0.00 sys=0.00, real=0.00 secs] 
2020-09-29T12:35:47.437+0200: 9.887: [GC (Allocation Failure) [PSYoungGen: 664513K->8289K(680448K)] 664929K->8705K(2078720K), 0.0055709 secs] [Times: user=0.13 sys=0.00, real=0.00 secs] 
2020-09-29T12:35:47.537+0200: 9.988: [GC (Allocation Failure) [PSYoungGen: 670305K->32K(680448K)] 670721K->448K(2078720K), 0.0005777 secs] [Times: user=0.00 sys=0.00, real=0.00 secs] 
2020-09-29T12:35:47.644+0200: 10.094: [GC (Allocation Failure) [PSYoungGen: 663072K->6945K(680960K)] 663488K->7361K(2079232K), 0.0047072 secs] [Times: user=0.11 sys=0.00, real=0.00 secs] 
2020-09-29T12:35:47.746+0200: 10.196: [GC (Allocation Failure) [PSYoungGen: 669985K->13793K(678912K)] 670401K->14209K(2077184K), 0.0084446 secs] [Times: user=0.00 sys=0.00, real=0.01 secs] 
2020-09-29T12:35:47.861+0200: 10.311: [GC (Allocation Failure) [PSYoungGen: 675809K->5761K(680448K)] 676225K->6177K(2078720K), 0.0042958 secs] [Times: user=0.13 sys=0.00, real=0.00 secs] 
2020-09-29T12:35:47.963+0200: 10.413: [GC (Allocation Failure) [PSYoungGen: 667777K->11585K(679424K)] 668193K->12001K(2077696K), 0.0065360 secs] [Times: user=0.00 sys=0.00, real=0.01 secs] 
2020-09-29T12:35:48.063+0200: 10.513: [GC (Allocation Failure) [PSYoungGen: 673601K->3681K(680448K)] 674017K->4097K(2078720K), 0.0031293 secs] [Times: user=0.00 sys=0.00, real=0.00 secs] 
2020-09-29T12:35:48.164+0200: 10.614: [GC (Allocation Failure) [PSYoungGen: 665697K->9409K(681472K)] 666113K->9825K(2079744K), 0.0062888 secs] [Times: user=0.00 sys=0.00, real=0.01 secs] 
2020-09-29T12:35:48.264+0200: 10.715: [GC (Allocation Failure) [PSYoungGen: 672961K->3009K(680960K)] 673377K->3425K(2079232K), 0.0028205 secs] [Times: user=0.00 sys=0.00, real=0.00 secs] 
2020-09-29T12:35:48.369+0200: 10.820: [GC (Allocation Failure) [PSYoungGen: 666561K->10337K(681472K)] 666977K->10753K(2079744K), 0.0071276 secs] [Times: user=0.00 sys=0.00, real=0.01 secs] 
2020-09-29T12:35:48.482+0200: 10.933: [GC (Allocation Failure) [PSYoungGen: 674401K->4449K(681472K)] 674817K->4865K(2079744K), 0.0036227 secs] [Times: user=0.00 sys=0.00, real=0.00 secs] 
2020-09-29T12:35:48.586+0200: 11.037: [GC (Allocation Failure) [PSYoungGen: 668513K->12225K(679936K)] 668929K->12641K(2078208K), 0.0077822 secs] [Times: user=0.00 sys=0.00, real=0.01 secs] 
2020-09-29T12:35:48.701+0200: 11.152: [GC (Allocation Failure) [PSYoungGen: 675265K->5441K(680960K)] 675681K->5857K(2079232K), 0.0039544 secs] [Times: user=0.00 sys=0.00, real=0.00 secs] 
2020-09-29T12:35:48.808+0200: 11.259: [GC (Allocation Failure) [PSYoungGen: 668481K->12225K(679424K)] 668897K->12641K(2077696K), 0.0075111 secs] [Times: user=0.00 sys=0.00, real=0.01 secs] 
2020-09-29T12:35:48.916+0200: 11.367: [GC (Allocation Failure) [PSYoungGen: 674241K->4257K(680448K)] 674657K->4673K(2078720K), 0.0035225 secs] [Times: user=0.00 sys=0.00, real=0.00 secs] 
2020-09-29T12:35:49.025+0200: 11.476: [GC (Allocation Failure) [PSYoungGen: 666273K->10049K(680960K)] 666689K->10465K(2079232K), 0.0062085 secs] [Times: user=0.00 sys=0.00, real=0.01 secs] 
2020-09-29T12:35:49.139+0200: 11.589: [GC (Allocation Failure) [PSYoungGen: 673089K->3105K(680960K)] 673505K->3521K(2079232K), 0.0034864 secs] [Times: user=0.00 sys=0.00, real=0.00 secs] 
2020-09-29T12:35:49.249+0200: 11.699: [GC (Allocation Failure) [PSYoungGen: 666145K->9985K(681472K)] 666561K->10401K(2079744K), 0.0060190 secs] [Times: user=0.00 sys=0.00, real=0.01 secs] 
2020-09-29T12:35:49.356+0200: 11.806: [GC (Allocation Failure) [PSYoungGen: 674049K->4065K(681472K)] 674465K->4481K(2079744K), 0.0038918 secs] [Times: user=0.00 sys=0.00, real=0.00 secs] 
2020-09-29T12:35:49.454+0200: 11.905: [GC (Allocation Failure) [PSYoungGen: 668129K->11905K(680448K)] 668545K->12321K(2078720K), 0.0072579 secs] [Times: user=0.13 sys=0.00, real=0.01 secs] 
2020-09-29T12:35:49.563+0200: 12.014: [GC (Allocation Failure) [PSYoungGen: 674945K->5025K(680960K)] 675361K->5441K(2079232K), 0.0041118 secs] [Times: user=0.11 sys=0.00, real=0.00 secs] 
2020-09-29T12:35:49.677+0200: 12.128: [GC (Allocation Failure) [PSYoungGen: 668065K->11809K(680448K)] 668481K->12225K(2078720K), 0.0069331 secs] [Times: user=0.00 sys=0.00, real=0.01 secs] 
2020-09-29T12:35:49.788+0200: 12.239: [GC (Allocation Failure) [PSYoungGen: 674849K->4929K(680960K)] 675265K->5345K(2079232K), 0.0042155 secs] [Times: user=0.00 sys=0.00, real=0.00 secs] 
2020-09-29T12:35:49.896+0200: 12.346: [GC (Allocation Failure) [PSYoungGen: 667969K->11713K(680448K)] 668385K->12129K(2078720K), 0.0067476 secs] [Times: user=0.00 sys=0.00, real=0.01 secs] 
2020-09-29T12:35:50.010+0200: 12.461: [GC (Allocation Failure) [PSYoungGen: 674753K->4833K(680960K)] 675169K->5249K(2079232K), 0.0036052 secs] [Times: user=0.00 sys=0.00, real=0.00 secs] 
2020-09-29T12:35:50.107+0200: 12.559: [GC (Allocation Failure) [PSYoungGen: 667873K->11649K(680448K)] 668289K->12065K(2078720K), 0.0072010 secs] [Times: user=0.13 sys=0.00, real=0.01 secs] 
2020-09-29T12:35:50.208+0200: 12.659: [GC (Allocation Failure) [PSYoungGen: 674689K->4737K(680960K)] 675105K->5153K(2079232K), 0.0039620 secs] [Times: user=0.00 sys=0.00, real=0.00 secs] 
2020-09-29T12:35:50.307+0200: 12.758: [GC (Allocation Failure) [PSYoungGen: 667777K->11521K(680960K)] 668193K->11937K(2079232K), 0.0067072 secs] [Times: user=0.00 sys=0.00, real=0.01 secs] 
2020-09-29T12:35:50.423+0200: 12.874: [GC (Allocation Failure) [PSYoungGen: 674561K->4609K(680960K)] 674977K->5025K(2079232K), 0.0041142 secs] [Times: user=0.13 sys=0.00, real=0.00 secs] 
2020-09-29T12:35:50.530+0200: 12.981: [GC (Allocation Failure) [PSYoungGen: 667649K->11393K(680960K)] 668065K->11809K(2079232K), 0.0071287 secs] [Times: user=0.13 sys=0.00, real=0.01 secs] 
2020-09-29T12:35:50.645+0200: 13.095: [GC (Allocation Failure) [PSYoungGen: 674433K->4545K(680960K)] 674849K->4961K(2079232K), 0.0038422 secs] [Times: user=0.09 sys=0.00, real=0.00 secs] 
2020-09-29T12:35:50.749+0200: 13.200: [GC (Allocation Failure) [PSYoungGen: 667585K->11329K(680960K)] 668001K->11745K(2079232K), 0.0069105 secs] [Times: user=0.13 sys=0.00, real=0.01 secs] 
2020-09-29T12:35:50.857+0200: 13.308: [GC (Allocation Failure) [PSYoungGen: 674369K->4417K(680960K)] 674785K->4833K(2079232K), 0.0037155 secs] [Times: user=0.00 sys=0.00, real=0.00 secs] 
2020-09-29T12:35:50.961+0200: 13.411: [GC (Allocation Failure) [PSYoungGen: 667457K->11137K(680960K)] 667873K->11553K(2079232K), 0.0068833 secs] [Times: user=0.00 sys=0.00, real=0.01 secs] 
2020-09-29T12:35:51.062+0200: 13.513: [GC (Allocation Failure) [PSYoungGen: 674177K->4321K(680960K)] 674593K->4737K(2079232K), 0.0033474 secs] [Times: user=0.00 sys=0.00, real=0.00 secs] 
2020-09-29T12:35:51.165+0200: 13.616: [GC (Allocation Failure) [PSYoungGen: 667361K->11105K(680960K)] 667777K->11521K(2079232K), 0.0066672 secs] [Times: user=0.00 sys=0.00, real=0.01 secs] 
2020-09-29T12:35:51.265+0200: 13.716: [GC (Allocation Failure) [PSYoungGen: 674145K->4193K(680960K)] 674561K->4609K(2079232K), 0.0037034 secs] [Times: user=0.00 sys=0.00, real=0.00 secs] 
2020-09-29T12:35:51.382+0200: 13.833: [GC (Allocation Failure) [PSYoungGen: 667233K->11041K(680960K)] 667649K->11457K(2079232K), 0.0080607 secs] [Times: user=0.00 sys=0.00, real=0.01 secs] 
2020-09-29T12:35:51.494+0200: 13.945: [GC (Allocation Failure) [PSYoungGen: 674081K->4129K(680960K)] 674497K->4545K(2079232K), 0.0037628 secs] [Times: user=0.00 sys=0.00, real=0.00 secs] 
2020-09-29T12:35:51.603+0200: 14.054: [GC (Allocation Failure) [PSYoungGen: 667169K->10945K(680448K)] 667585K->11361K(2078720K), 0.0067934 secs] [Times: user=0.00 sys=0.00, real=0.01 secs] 
2020-09-29T12:35:51.709+0200: 14.160: [GC (Allocation Failure) [PSYoungGen: 673985K->4033K(680960K)] 674401K->4449K(2079232K), 0.0038444 secs] [Times: user=0.00 sys=0.00, real=0.00 secs] 
2020-09-29T12:35:51.817+0200: 14.268: [GC (Allocation Failure) [PSYoungGen: 667073K->10817K(680448K)] 667489K->11233K(2078720K), 0.0067835 secs] [Times: user=0.00 sys=0.00, real=0.01 secs] 
2020-09-29T12:35:51.927+0200: 14.378: [GC (Allocation Failure) [PSYoungGen: 673857K->3937K(680960K)] 674273K->4353K(2079232K), 0.0035176 secs] [Times: user=0.00 sys=0.00, real=0.00 secs] 
2020-09-29T12:35:52.029+0200: 14.480: [GC (Allocation Failure) [PSYoungGen: 666977K->10689K(680448K)] 667393K->11105K(2078720K), 0.0064543 secs] [Times: user=0.00 sys=0.00, real=0.01 secs] 
2020-09-29T12:35:52.133+0200: 14.584: [GC (Allocation Failure) [PSYoungGen: 673729K->3873K(680960K)] 674145K->4289K(2079232K), 0.0033855 secs] [Times: user=0.00 sys=0.00, real=0.00 secs] 
2020-09-29T12:35:52.229+0200: 14.680: [GC (Allocation Failure) [PSYoungGen: 666913K->10625K(681472K)] 667329K->11041K(2079744K), 0.0062816 secs] [Times: user=0.00 sys=0.00, real=0.01 secs] 
2020-09-29T12:35:52.337+0200: 14.788: [GC (Allocation Failure) [PSYoungGen: 674689K->4769K(681472K)] 675105K->5185K(2079744K), 0.0043758 secs] [Times: user=0.00 sys=0.00, real=0.01 secs] 
2020-09-29T12:35:52.451+0200: 14.901: [GC (Allocation Failure) [PSYoungGen: 668833K->12641K(680448K)] 669249K->13057K(2078720K), 0.0073411 secs] [Times: user=0.01 sys=0.00, real=0.01 secs] 
2020-09-29T12:35:52.563+0200: 15.014: [GC (Allocation Failure) [PSYoungGen: 675681K->5697K(680960K)] 676097K->6113K(2079232K), 0.0042686 secs] [Times: user=0.00 sys=0.00, real=0.01 secs] 
2020-09-29T12:35:52.669+0200: 15.120: [GC (Allocation Failure) [PSYoungGen: 668737K->12481K(679424K)] 669153K->12897K(2077696K), 0.0077007 secs] [Times: user=0.02 sys=0.00, real=0.01 secs] 
2020-09-29T12:35:52.775+0200: 15.225: [GC (Allocation Failure) [PSYoungGen: 674497K->4545K(680448K)] 674913K->4961K(2078720K), 0.0036329 secs] [Times: user=0.00 sys=0.00, real=0.00 secs] 
2020-09-29T12:35:52.883+0200: 15.334: [GC (Allocation Failure) [PSYoungGen: 666561K->10305K(680960K)] 666977K->10721K(2079232K), 0.0068447 secs] [Times: user=0.00 sys=0.00, real=0.01 secs] 
2020-09-29T12:35:52.988+0200: 15.438: [GC (Allocation Failure) [PSYoungGen: 671803K->32K(663552K)] 672219K->448K(2061824K), 0.0024529 secs] [Times: user=0.11 sys=0.00, real=0.00 secs] 
2020-09-29T12:35:53.087+0200: 15.537: [GC (Allocation Failure) [PSYoungGen: 663072K->6913K(681472K)] 663488K->7329K(2079744K), 0.0050694 secs] [Times: user=0.00 sys=0.00, real=0.01 secs] 
2020-09-29T12:35:53.189+0200: 15.640: [GC (Allocation Failure) [PSYoungGen: 669953K->13665K(676864K)] 670369K->14081K(2075136K), 0.0077942 secs] [Times: user=0.13 sys=0.00, real=0.01 secs] 
2020-09-29T12:35:53.296+0200: 15.746: [GC (Allocation Failure) [PSYoungGen: 676705K->6817K(680960K)] 677121K->7233K(2079232K), 0.0050314 secs] [Times: user=0.00 sys=0.00, real=0.01 secs] 
2020-09-29T12:35:53.412+0200: 15.862: [GC (Allocation Failure) [PSYoungGen: 668833K->12577K(679936K)] 669249K->12993K(2078208K), 0.0076153 secs] [Times: user=0.00 sys=0.00, real=0.01 secs] 
2020-09-29T12:35:53.522+0200: 15.973: [GC (Allocation Failure) [PSYoungGen: 674593K->4673K(680448K)] 675009K->5089K(2078720K), 0.0041253 secs] [Times: user=0.00 sys=0.00, real=0.00 secs] 
2020-09-29T12:35:53.631+0200: 16.081: [GC (Allocation Failure) [PSYoungGen: 666689K->10465K(680448K)] 667105K->10881K(2078720K), 0.0064915 secs] [Times: user=0.00 sys=0.00, real=0.01 secs] 
2020-09-29T12:35:53.748+0200: 16.199: [GC (Allocation Failure) [PSYoungGen: 672481K->2497K(680960K)] 672897K->2913K(2079232K), 0.0027851 secs] [Times: user=0.00 sys=0.00, real=0.00 secs] 
2020-09-29T12:35:53.856+0200: 16.306: [GC (Allocation Failure) [PSYoungGen: 665537K->9281K(680960K)] 665953K->9697K(2079232K), 0.0066384 secs] [Times: user=0.00 sys=0.00, real=0.01 secs] 
2020-09-29T12:35:53.967+0200: 16.417: [GC (Allocation Failure) [PSYoungGen: 672321K->2465K(680960K)] 672737K->2881K(2079232K), 0.0028188 secs] [Times: user=0.00 sys=0.00, real=0.00 secs] 
2020-09-29T12:35:54.067+0200: 16.518: [GC (Allocation Failure) [PSYoungGen: 665505K->9217K(680960K)] 665921K->9633K(2079232K), 0.0062056 secs] [Times: user=0.00 sys=0.00, real=0.01 secs] 
2020-09-29T12:35:54.173+0200: 16.624: [GC (Allocation Failure) [PSYoungGen: 672257K->2305K(681472K)] 672673K->2721K(2079744K), 0.0027407 secs] [Times: user=0.00 sys=0.00, real=0.00 secs] 
2020-09-29T12:35:54.271+0200: 16.722: [GC (Allocation Failure) [PSYoungGen: 666369K->10145K(681472K)] 666785K->10561K(2079744K), 0.0067559 secs] [Times: user=0.00 sys=0.00, real=0.01 secs] 
2020-09-29T12:35:54.384+0200: 16.835: [GC (Allocation Failure) [PSYoungGen: 674209K->4225K(681984K)] 674625K->4641K(2080256K), 0.0037127 secs] [Times: user=0.00 sys=0.00, real=0.00 secs] 
2020-09-29T12:35:54.489+0200: 16.940: [GC (Allocation Failure) [PSYoungGen: 668801K->12609K(677376K)] 669217K->13025K(2075648K), 0.0075645 secs] [Times: user=0.00 sys=0.00, real=0.01 secs] 
2020-09-29T12:35:54.603+0200: 17.054: [GC (Allocation Failure) [PSYoungGen: 677185K->7265K(681984K)] 677601K->7681K(2080256K), 0.0060549 secs] [Times: user=0.00 sys=0.00, real=0.01 secs] 
2020-09-29T12:35:54.725+0200: 17.175: [GC (Allocation Failure) [PSYoungGen: 671329K->32K(680960K)] 671745K->448K(2079232K), 0.0009035 secs] [Times: user=0.00 sys=0.00, real=0.00 secs] 
2020-09-29T12:35:54.826+0200: 17.277: [GC (Allocation Failure) [PSYoungGen: 664096K->7969K(681984K)] 664512K->8385K(2080256K), 0.0054377 secs] [Times: user=0.00 sys=0.00, real=0.01 secs] 
2020-09-29T12:35:54.934+0200: 17.384: [GC (Allocation Failure) [PSYoungGen: 671998K->32K(681472K)] 672414K->448K(2079744K), 0.0007587 secs] [Times: user=0.00 sys=0.00, real=0.00 secs] 
2020-09-29T12:35:55.033+0200: 17.484: [GC (Allocation Failure) [PSYoungGen: 664608K->8481K(681984K)] 665024K->8897K(2080256K), 0.0056087 secs] [Times: user=0.13 sys=0.00, real=0.01 secs] 
2020-09-29T12:35:55.134+0200: 17.585: [GC (Allocation Failure) [PSYoungGen: 671720K->32K(681984K)] 672136K->448K(2080256K), 0.0006779 secs] [Times: user=0.00 sys=0.00, real=0.00 secs] 
2020-09-29T12:35:55.228+0200: 17.678: [GC (Allocation Failure) [PSYoungGen: 665120K->8993K(681984K)] 665536K->9409K(2080256K), 0.0058007 secs] [Times: user=0.00 sys=0.00, real=0.01 secs] 
2020-09-29T12:35:55.337+0200: 17.788: [GC (Allocation Failure) [PSYoungGen: 674081K->4097K(681984K)] 674497K->4513K(2080256K), 0.0035031 secs] [Times: user=0.00 sys=0.00, real=0.00 secs] 
2020-09-29T12:35:55.444+0200: 17.895: [GC (Allocation Failure) [PSYoungGen: 669185K->12929K(679424K)] 669601K->13345K(2077696K), 0.0079654 secs] [Times: user=0.00 sys=0.00, real=0.01 secs] 
2020-09-29T12:35:55.549+0200: 18.000: [GC (Allocation Failure) [PSYoungGen: 675969K->6081K(680960K)] 676385K->6497K(2079232K), 0.0042664 secs] [Times: user=0.11 sys=0.00, real=0.00 secs] 
2020-09-29T12:35:55.657+0200: 18.107: [GC (Allocation Failure) [PSYoungGen: 669121K->12865K(678912K)] 669537K->13281K(2077184K), 0.0077032 secs] [Times: user=0.13 sys=0.00, real=0.01 secs] 
2020-09-29T12:35:55.763+0200: 18.214: [GC (Allocation Failure) [PSYoungGen: 674881K->4961K(680448K)] 675297K->5377K(2078720K), 0.0039594 secs] [Times: user=0.00 sys=0.00, real=0.00 secs] 
2020-09-29T12:35:55.871+0200: 18.321: [GC (Allocation Failure) [PSYoungGen: 666977K->10721K(680448K)] 667393K->11137K(2078720K), 0.0063738 secs] [Times: user=0.00 sys=0.00, real=0.01 secs] 
2020-09-29T12:35:55.979+0200: 18.430: [GC (Allocation Failure) [PSYoungGen: 671864K->32K(680960K)] 672280K->448K(2079232K), 0.0003751 secs] [Times: user=0.00 sys=0.00, real=0.00 secs] 
2020-09-29T12:35:56.079+0200: 18.530: [GC (Allocation Failure) [PSYoungGen: 663072K->6945K(681984K)] 663488K->7361K(2080256K), 0.0051084 secs] [Times: user=0.13 sys=0.00, real=0.01 secs] 
2020-09-29T12:35:56.184+0200: 18.635: [GC (Allocation Failure) [PSYoungGen: 671009K->32K(680960K)] 671425K->448K(2079232K), 0.0005397 secs] [Times: user=0.00 sys=0.00, real=0.00 secs] 
2020-09-29T12:35:56.285+0200: 18.736: [GC (Allocation Failure) [PSYoungGen: 664096K->7905K(681984K)] 664512K->8321K(2080256K), 0.0056810 secs] [Times: user=0.00 sys=0.00, real=0.01 secs] 
2020-09-29T12:35:56.395+0200: 18.846: [GC (Allocation Failure) [PSYoungGen: 672481K->2625K(681472K)] 672897K->3041K(2079744K), 0.0029545 secs] [Times: user=0.00 sys=0.00, real=0.00 secs] 
2020-09-29T12:35:56.501+0200: 18.951: [GC (Allocation Failure) [PSYoungGen: 667201K->10913K(680448K)] 667617K->11329K(2078720K), 0.0064923 secs] [Times: user=0.13 sys=0.00, real=0.01 secs] 
2020-09-29T12:35:56.602+0200: 19.053: [GC (Allocation Failure) [PSYoungGen: 674977K->5057K(681472K)] 675393K->5473K(2079744K), 0.0045426 secs] [Times: user=0.00 sys=0.00, real=0.01 secs] 
2020-09-29T12:35:56.713+0200: 19.164: [GC (Allocation Failure) [PSYoungGen: 669121K->12865K(679424K)] 669537K->13281K(2077696K), 0.0075264 secs] [Times: user=0.00 sys=0.00, real=0.01 secs] 
2020-09-29T12:35:56.823+0200: 19.273: [GC (Allocation Failure) [PSYoungGen: 675905K->5953K(680960K)] 676321K->6369K(2079232K), 0.0049142 secs] [Times: user=0.00 sys=0.00, real=0.01 secs] 
2020-09-29T12:35:56.929+0200: 19.379: [GC (Allocation Failure) [PSYoungGen: 668993K->12801K(679936K)] 669409K->13217K(2078208K), 0.0076167 secs] [Times: user=0.00 sys=0.00, real=0.01 secs] 
2020-09-29T12:35:57.034+0200: 19.484: [GC (Allocation Failure) [PSYoungGen: 675841K->5889K(680960K)] 676257K->6305K(2079232K), 0.0040947 secs] [Times: user=0.13 sys=0.00, real=0.00 secs] 
2020-09-29T12:35:57.132+0200: 19.582: [GC (Allocation Failure) [PSYoungGen: 668929K->12673K(679424K)] 669345K->13089K(2077696K), 0.0070591 secs] [Times: user=0.00 sys=0.00, real=0.01 secs] 
2020-09-29T12:35:57.281+0200: 19.732: [GC (Allocation Failure) [PSYoungGen: 674689K->4801K(680448K)] 675105K->5217K(2078720K), 0.0040458 secs] [Times: user=0.00 sys=0.00, real=0.01 secs] 
2020-09-29T12:35:57.394+0200: 19.844: [GC (Allocation Failure) [PSYoungGen: 666817K->10529K(680960K)] 667233K->10945K(2079232K), 0.0077341 secs] [Times: user=0.11 sys=0.00, real=0.01 secs] 
2020-09-29T12:35:57.507+0200: 19.958: [GC (Allocation Failure) [PSYoungGen: 671973K->32K(663552K)] 672389K->448K(2061824K), 0.0005329 secs] [Times: user=0.00 sys=0.00, real=0.00 secs] 
2020-09-29T12:35:57.602+0200: 20.053: [GC (Allocation Failure) [PSYoungGen: 663072K->6913K(681472K)] 663488K->7329K(2079744K), 0.0049597 secs] [Times: user=0.00 sys=0.00, real=0.01 secs] 
2020-09-29T12:35:57.722+0200: 20.173: [GC (Allocation Failure) [PSYoungGen: 669953K->13665K(680448K)] 670369K->14081K(2078720K), 0.0092495 secs] [Times: user=0.02 sys=0.00, real=0.01 secs] 
2020-09-29T12:35:57.844+0200: 20.294: [GC (Allocation Failure) [PSYoungGen: 676705K->6785K(680960K)] 677121K->7201K(2079232K), 0.0049025 secs] [Times: user=0.13 sys=0.00, real=0.00 secs] 
2020-09-29T12:35:57.951+0200: 20.402: [GC (Allocation Failure) [PSYoungGen: 669313K->13057K(675840K)] 669729K->13473K(2074112K), 0.0080459 secs] [Times: user=0.13 sys=0.00, real=0.01 secs] 
2020-09-29T12:35:58.064+0200: 20.515: [GC (Allocation Failure) [PSYoungGen: 675585K->5665K(680960K)] 676001K->6081K(2079232K), 0.0042409 secs] [Times: user=0.13 sys=0.00, real=0.00 secs] 
2020-09-29T12:35:58.172+0200: 20.623: [GC (Allocation Failure) [PSYoungGen: 667681K->11457K(679936K)] 668097K->11873K(2078208K), 0.0073577 secs] [Times: user=0.13 sys=0.00, real=0.01 secs] 
2020-09-29T12:35:58.288+0200: 20.739: [GC (Allocation Failure) [PSYoungGen: 671605K->32K(679424K)] 672021K->448K(2077696K), 0.0007161 secs] [Times: user=0.00 sys=0.00, real=0.00 secs] 
2020-09-29T12:35:58.396+0200: 20.846: [GC (Allocation Failure) [PSYoungGen: 661024K->4897K(679936K)] 661440K->5313K(2078208K), 0.0045235 secs] [Times: user=0.00 sys=0.00, real=0.00 secs] 
2020-09-29T12:35:58.500+0200: 20.951: [GC (Allocation Failure) [PSYoungGen: 665889K->9633K(680960K)] 666305K->10049K(2079232K), 0.0058821 secs] [Times: user=0.13 sys=0.00, real=0.01 secs] 
2020-09-29T12:35:58.604+0200: 21.055: [GC (Allocation Failure) [PSYoungGen: 672161K->2209K(680448K)] 672577K->2625K(2078720K), 0.0030967 secs] [Times: user=0.00 sys=0.00, real=0.00 secs] 
2020-09-29T12:35:58.710+0200: 21.161: [GC (Allocation Failure) [PSYoungGen: 664737K->8513K(681472K)] 665153K->8929K(2079744K), 0.0052959 secs] [Times: user=0.00 sys=0.00, real=0.00 secs] 
2020-09-29T12:35:58.817+0200: 21.268: [GC (Allocation Failure) [PSYoungGen: 672065K->2145K(680960K)] 672481K->2561K(2079232K), 0.0027281 secs] [Times: user=0.00 sys=0.00, real=0.00 secs] 
2020-09-29T12:35:58.922+0200: 21.373: [GC (Allocation Failure) [PSYoungGen: 665697K->9441K(681472K)] 666113K->9857K(2079744K), 0.0058367 secs] [Times: user=0.13 sys=0.00, real=0.01 secs] 
2020-09-29T12:35:59.029+0200: 21.480: [GC (Allocation Failure) [PSYoungGen: 673505K->3553K(681472K)] 673921K->3969K(2079744K), 0.0027313 secs] [Times: user=0.00 sys=0.00, real=0.00 secs] 
2020-09-29T12:35:59.131+0200: 21.582: [GC (Allocation Failure) [PSYoungGen: 667617K->11361K(680960K)] 668033K->11777K(2079232K), 0.0063995 secs] [Times: user=0.00 sys=0.00, real=0.01 secs] 
2020-09-29T12:35:59.236+0200: 21.687: [GC (Allocation Failure) [PSYoungGen: 675425K->5505K(681472K)] 675841K->5921K(2079744K), 0.0041300 secs] [Times: user=0.13 sys=0.00, real=0.00 secs] 
2020-09-29T12:35:59.339+0200: 21.790: [GC (Allocation Failure) [PSYoungGen: 669569K->13313K(678912K)] 669985K->13729K(2077184K), 0.0079132 secs] [Times: user=0.00 sys=0.00, real=0.01 secs] 
2020-09-29T12:35:59.453+0200: 21.904: [GC (Allocation Failure) [PSYoungGen: 675329K->5441K(680448K)] 675745K->5857K(2078720K), 0.0043416 secs] [Times: user=0.00 sys=0.00, real=0.00 secs] 
2020-09-29T12:35:59.572+0200: 22.022: [GC (Allocation Failure) [PSYoungGen: 667457K->11201K(680448K)] 667873K->11617K(2078720K), 0.0080709 secs] [Times: user=0.00 sys=0.00, real=0.01 secs] 
2020-09-29T12:35:59.692+0200: 22.142: [GC (Allocation Failure) [PSYoungGen: 674241K->4257K(680960K)] 674657K->4673K(2079232K), 0.0036259 secs] [Times: user=0.00 sys=0.00, real=0.00 secs] 
2020-09-29T12:35:59.808+0200: 22.259: [GC (Allocation Failure) [PSYoungGen: 667297K->11073K(680448K)] 667713K->11489K(2078720K), 0.0070472 secs] [Times: user=0.00 sys=0.00, real=0.01 secs] 
2020-09-29T12:35:59.925+0200: 22.376: [GC (Allocation Failure) [PSYoungGen: 674113K->4161K(680960K)] 674529K->4577K(2079232K), 0.0038620 secs] [Times: user=0.09 sys=0.00, real=0.00 secs] 
2020-09-29T12:36:00.040+0200: 22.491: [GC (Allocation Failure) [PSYoungGen: 667201K->10977K(680448K)] 667617K->11393K(2078720K), 0.0072636 secs] [Times: user=0.00 sys=0.00, real=0.01 secs] 
2020-09-29T12:36:00.156+0200: 22.607: [GC (Allocation Failure) [PSYoungGen: 674017K->4097K(680960K)] 674433K->4513K(2079232K), 0.0037633 secs] [Times: user=0.00 sys=0.00, real=0.00 secs] 
Heap
 PSYoungGen      total 680960K, used 343428K [0x00000000d5580000, 0x0000000100000000, 0x0000000100000000)
  eden space 663040K, 51% used [0x00000000d5580000,0x00000000ea0e0d80,0x00000000fdd00000)
  from space 17920K, 22% used [0x00000000fdd00000,0x00000000fe100490,0x00000000fee80000)
  to   space 17408K, 0% used [0x00000000fef00000,0x00000000fef00000,0x0000000100000000)
 ParOldGen       total 1398272K, used 416K [0x0000000080000000, 0x00000000d5580000, 0x00000000d5580000)
  object space 1398272K, 0% used [0x0000000080000000,0x0000000080068050,0x00000000d5580000)
 Metaspace       used 2594K, capacity 4486K, committed 4864K, reserved 1056768K
  class space    used 285K, capacity 386K, committed 512K, reserved 1048576K
