Java HotSpot(TM) 64-Bit Server VM (25.261-b12) for windows-amd64 JRE (1.8.0_261-b12), built on Jun 18 2020 06:56:32 by "" with unknown MS VC++:1916
Memory: 4k page, physical 16659684k(9070876k free), swap 23213284k(8131576k free)
CommandLine flags: -XX:InitialHeapSize=2147483648 -XX:MaxHeapSize=2147483648 -XX:+PrintGC -XX:+PrintGCDateStamps -XX:+PrintGCDetails -XX:+PrintGCTimeStamps -XX:+UseCompressedClassPointers -XX:+UseCompressedOops -XX:-UseLargePagesIndividualAllocation -XX:+UseParallelGC 
2020-09-29T12:39:28.748+0200: 0.507: [GC (Allocation Failure) [PSYoungGen: 524800K->11953K(611840K)] 524800K->11961K(2010112K), 0.0101571 secs] [Times: user=0.11 sys=0.00, real=0.01 secs] 
2020-09-29T12:39:28.863+0200: 0.622: [GC (Allocation Failure) [PSYoungGen: 536753K->3457K(611840K)] 536761K->3465K(2010112K), 0.0072529 secs] [Times: user=0.00 sys=0.02, real=0.01 secs] 
2020-09-29T12:39:28.953+0200: 0.712: [GC (Allocation Failure) [PSYoungGen: 528257K->8609K(611840K)] 528265K->8617K(2010112K), 0.0057409 secs] [Times: user=0.13 sys=0.00, real=0.01 secs] 
2020-09-29T12:39:29.046+0200: 0.805: [GC (Allocation Failure) [PSYoungGen: 533409K->13713K(611840K)] 533417K->13721K(2010112K), 0.0102588 secs] [Times: user=0.11 sys=0.01, real=0.01 secs] 
2020-09-29T12:39:29.148+0200: 0.907: [GC (Allocation Failure) [PSYoungGen: 538513K->5249K(611840K)] 538521K->5257K(2010112K), 0.0044155 secs] [Times: user=0.00 sys=0.00, real=0.00 secs] 
2020-09-29T12:39:29.238+0200: 0.997: [GC (Allocation Failure) [PSYoungGen: 530049K->10433K(682496K)] 530057K->10441K(2080768K), 0.0082780 secs] [Times: user=0.13 sys=0.00, real=0.01 secs] 
2020-09-29T12:39:29.392+0200: 1.151: [GC (Allocation Failure) [PSYoungGen: 676545K->6209K(682496K)] 676553K->6625K(2080768K), 0.0060063 secs] [Times: user=0.13 sys=0.00, real=0.01 secs] 
2020-09-29T12:39:29.497+0200: 1.255: [GC (Allocation Failure) [PSYoungGen: 671611K->32K(681984K)] 672027K->448K(2080256K), 0.0005304 secs] [Times: user=0.00 sys=0.00, real=0.00 secs] 
2020-09-29T12:39:29.594+0200: 1.354: [GC (Allocation Failure) [PSYoungGen: 666144K->9985K(676352K)] 666560K->10401K(2074624K), 0.0065490 secs] [Times: user=0.11 sys=0.00, real=0.01 secs] 
2020-09-29T12:39:29.706+0200: 1.465: [GC (Allocation Failure) [PSYoungGen: 676097K->6177K(683008K)] 676513K->6593K(2081280K), 0.0047297 secs] [Times: user=0.11 sys=0.02, real=0.01 secs] 
2020-09-29T12:39:29.809+0200: 1.568: [GC (Allocation Failure) [PSYoungGen: 672289K->2401K(681984K)] 672705K->2817K(2080256K), 0.0028677 secs] [Times: user=0.00 sys=0.00, real=0.00 secs] 
2020-09-29T12:39:29.911+0200: 1.669: [GC (Allocation Failure) [PSYoungGen: 668513K->12257K(679936K)] 668929K->12673K(2078208K), 0.0079425 secs] [Times: user=0.00 sys=0.00, real=0.01 secs] 
2020-09-29T12:39:30.018+0200: 1.777: [GC (Allocation Failure) [PSYoungGen: 676321K->6369K(681472K)] 676737K->6785K(2079744K), 0.0046148 secs] [Times: user=0.13 sys=0.00, real=0.01 secs] 
2020-09-29T12:39:30.120+0200: 1.879: [GC (Allocation Failure) [PSYoungGen: 670433K->32K(681472K)] 670849K->448K(2079744K), 0.0006857 secs] [Times: user=0.00 sys=0.00, real=0.00 secs] 
2020-09-29T12:39:30.226+0200: 1.985: [GC (Allocation Failure) [PSYoungGen: 665120K->8961K(681984K)] 665536K->9377K(2080256K), 0.0064201 secs] [Times: user=0.00 sys=0.00, real=0.01 secs] 
2020-09-29T12:39:30.333+0200: 2.092: [GC (Allocation Failure) [PSYoungGen: 674049K->4097K(682496K)] 674465K->4513K(2080768K), 0.0032484 secs] [Times: user=0.00 sys=0.00, real=0.00 secs] 
2020-09-29T12:39:30.431+0200: 2.190: [GC (Allocation Failure) [PSYoungGen: 669697K->13473K(679424K)] 670113K->13889K(2077696K), 0.0078712 secs] [Times: user=0.00 sys=0.00, real=0.01 secs] 
2020-09-29T12:39:30.537+0200: 2.296: [GC (Allocation Failure) [PSYoungGen: 679073K->9185K(681472K)] 679489K->9601K(2079744K), 0.0058891 secs] [Times: user=0.00 sys=0.00, real=0.01 secs] 
2020-09-29T12:39:30.638+0200: 2.398: [GC (Allocation Failure) [PSYoungGen: 672737K->2753K(680960K)] 673153K->3169K(2079232K), 0.0031434 secs] [Times: user=0.00 sys=0.00, real=0.00 secs] 
2020-09-29T12:39:30.739+0200: 2.498: [GC (Allocation Failure) [PSYoungGen: 666305K->10081K(681472K)] 666721K->10497K(2079744K), 0.0061826 secs] [Times: user=0.00 sys=0.00, real=0.01 secs] 
2020-09-29T12:39:30.844+0200: 2.603: [GC (Allocation Failure) [PSYoungGen: 674145K->4225K(681472K)] 674561K->4641K(2079744K), 0.0037321 secs] [Times: user=0.00 sys=0.00, real=0.00 secs] 
2020-09-29T12:39:30.948+0200: 2.707: [GC (Allocation Failure) [PSYoungGen: 668289K->12001K(679936K)] 668705K->12417K(2078208K), 0.0067168 secs] [Times: user=0.00 sys=0.00, real=0.01 secs] 
2020-09-29T12:39:31.048+0200: 2.807: [GC (Allocation Failure) [PSYoungGen: 675041K->5153K(680960K)] 675457K->5569K(2079232K), 0.0039114 secs] [Times: user=0.13 sys=0.00, real=0.00 secs] 
2020-09-29T12:39:31.154+0200: 2.914: [GC (Allocation Failure) [PSYoungGen: 668193K->11969K(680448K)] 668609K->12385K(2078720K), 0.0089130 secs] [Times: user=0.13 sys=0.00, real=0.01 secs] 
2020-09-29T12:39:31.272+0200: 3.031: [GC (Allocation Failure) [PSYoungGen: 675009K->5057K(680960K)] 675425K->5473K(2079232K), 0.0038244 secs] [Times: user=0.00 sys=0.00, real=0.00 secs] 
2020-09-29T12:39:31.370+0200: 3.129: [GC (Allocation Failure) [PSYoungGen: 668097K->11841K(680448K)] 668513K->12257K(2078720K), 0.0066196 secs] [Times: user=0.00 sys=0.00, real=0.01 secs] 
2020-09-29T12:39:31.470+0200: 3.229: [GC (Allocation Failure) [PSYoungGen: 674881K->4897K(680960K)] 675297K->5313K(2079232K), 0.0038612 secs] [Times: user=0.13 sys=0.00, real=0.00 secs] 
2020-09-29T12:39:31.566+0200: 3.325: [GC (Allocation Failure) [PSYoungGen: 667937K->11745K(680448K)] 668353K->12161K(2078720K), 0.0067913 secs] [Times: user=0.13 sys=0.00, real=0.01 secs] 
2020-09-29T12:39:31.680+0200: 3.440: [GC (Allocation Failure) [PSYoungGen: 674785K->4833K(680960K)] 675201K->5249K(2079232K), 0.0041235 secs] [Times: user=0.00 sys=0.00, real=0.00 secs] 
2020-09-29T12:39:31.781+0200: 3.540: [GC (Allocation Failure) [PSYoungGen: 667873K->11649K(679936K)] 668289K->12065K(2078208K), 0.0069297 secs] [Times: user=0.13 sys=0.00, real=0.01 secs] 
2020-09-29T12:39:31.881+0200: 3.641: [GC (Allocation Failure) [PSYoungGen: 673665K->3713K(680448K)] 674081K->4129K(2078720K), 0.0032865 secs] [Times: user=0.00 sys=0.00, real=0.00 secs] 
2020-09-29T12:39:31.982+0200: 3.741: [GC (Allocation Failure) [PSYoungGen: 665729K->9505K(681472K)] 666145K->9921K(2079744K), 0.0060610 secs] [Times: user=0.00 sys=0.00, real=0.01 secs] 
2020-09-29T12:39:32.082+0200: 3.841: [GC (Allocation Failure) [PSYoungGen: 673057K->3105K(680960K)] 673473K->3521K(2079232K), 0.0031228 secs] [Times: user=0.00 sys=0.00, real=0.00 secs] 
2020-09-29T12:39:32.183+0200: 3.943: [GC (Allocation Failure) [PSYoungGen: 666657K->10401K(681472K)] 667073K->10817K(2079744K), 0.0069191 secs] [Times: user=0.00 sys=0.00, real=0.01 secs] 
2020-09-29T12:39:32.293+0200: 4.052: [GC (Allocation Failure) [PSYoungGen: 674465K->4577K(681472K)] 674881K->4993K(2079744K), 0.0040019 secs] [Times: user=0.00 sys=0.00, real=0.00 secs] 
2020-09-29T12:39:32.403+0200: 4.162: [GC (Allocation Failure) [PSYoungGen: 668641K->12385K(680448K)] 669057K->12801K(2078720K), 0.0081230 secs] [Times: user=0.13 sys=0.00, real=0.01 secs] 
2020-09-29T12:39:32.568+0200: 4.327: [GC (Allocation Failure) [PSYoungGen: 675425K->5505K(680960K)] 675841K->5921K(2079232K), 0.0084631 secs] [Times: user=0.00 sys=0.00, real=0.01 secs] 
2020-09-29T12:39:32.701+0200: 4.460: [GC (Allocation Failure) [PSYoungGen: 668545K->12289K(679424K)] 668961K->12705K(2077696K), 0.0072195 secs] [Times: user=0.02 sys=0.00, real=0.01 secs] 
2020-09-29T12:39:32.808+0200: 4.567: [GC (Allocation Failure) [PSYoungGen: 674305K->4353K(680448K)] 674721K->4769K(2078720K), 0.0039261 secs] [Times: user=0.00 sys=0.00, real=0.00 secs] 
2020-09-29T12:39:32.911+0200: 4.670: [GC (Allocation Failure) [PSYoungGen: 666369K->10145K(680960K)] 666785K->10561K(2079232K), 0.0062182 secs] [Times: user=0.00 sys=0.00, real=0.01 secs] 
2020-09-29T12:39:33.016+0200: 4.775: [GC (Allocation Failure) [PSYoungGen: 671643K->32K(663552K)] 672059K->448K(2061824K), 0.0007436 secs] [Times: user=0.00 sys=0.00, real=0.00 secs] 
2020-09-29T12:39:33.114+0200: 4.873: [GC (Allocation Failure) [PSYoungGen: 663072K->6945K(681472K)] 663488K->7361K(2079744K), 0.0051753 secs] [Times: user=0.00 sys=0.00, real=0.00 secs] 
2020-09-29T12:39:33.224+0200: 4.984: [GC (Allocation Failure) [PSYoungGen: 669985K->13729K(680448K)] 670401K->14145K(2078720K), 0.0081512 secs] [Times: user=0.00 sys=0.00, real=0.01 secs] 
2020-09-29T12:39:33.330+0200: 5.089: [GC (Allocation Failure) [PSYoungGen: 676769K->6849K(680960K)] 677185K->7265K(2079232K), 0.0048185 secs] [Times: user=0.13 sys=0.00, real=0.01 secs] 
2020-09-29T12:39:33.432+0200: 5.191: [GC (Allocation Failure) [PSYoungGen: 669377K->13057K(675840K)] 669793K->13473K(2074112K), 0.0075801 secs] [Times: user=0.00 sys=0.00, real=0.01 secs] 
2020-09-29T12:39:33.532+0200: 5.291: [GC (Allocation Failure) [PSYoungGen: 675585K->5665K(680960K)] 676001K->6081K(2079232K), 0.0043957 secs] [Times: user=0.00 sys=0.00, real=0.00 secs] 
2020-09-29T12:39:33.630+0200: 5.389: [GC (Allocation Failure) [PSYoungGen: 667681K->11457K(679936K)] 668097K->11873K(2078208K), 0.0066988 secs] [Times: user=0.00 sys=0.00, real=0.01 secs] 
2020-09-29T12:39:33.735+0200: 5.493: [GC (Allocation Failure) [PSYoungGen: 671607K->32K(679424K)] 672024K->448K(2077696K), 0.0007710 secs] [Times: user=0.00 sys=0.00, real=0.00 secs] 
2020-09-29T12:39:33.833+0200: 5.592: [GC (Allocation Failure) [PSYoungGen: 661024K->4865K(679936K)] 661440K->5281K(2078208K), 0.0041499 secs] [Times: user=0.00 sys=0.00, real=0.01 secs] 
2020-09-29T12:39:33.932+0200: 5.690: [GC (Allocation Failure) [PSYoungGen: 665857K->9601K(680960K)] 666273K->10017K(2079232K), 0.0059971 secs] [Times: user=0.00 sys=0.00, real=0.01 secs] 
2020-09-29T12:39:34.036+0200: 5.794: [GC (Allocation Failure) [PSYoungGen: 672129K->2209K(680448K)] 672545K->2625K(2078720K), 0.0025903 secs] [Times: user=0.00 sys=0.00, real=0.00 secs] 
2020-09-29T12:39:34.130+0200: 5.889: [GC (Allocation Failure) [PSYoungGen: 664737K->8513K(681472K)] 665153K->8929K(2079744K), 0.0055794 secs] [Times: user=0.00 sys=0.00, real=0.00 secs] 
2020-09-29T12:39:34.236+0200: 5.995: [GC (Allocation Failure) [PSYoungGen: 672065K->2177K(680960K)] 672481K->2593K(2079232K), 0.0026804 secs] [Times: user=0.02 sys=0.00, real=0.00 secs] 
2020-09-29T12:39:34.336+0200: 6.094: [GC (Allocation Failure) [PSYoungGen: 665729K->9473K(681472K)] 666145K->9889K(2079744K), 0.0059648 secs] [Times: user=0.00 sys=0.00, real=0.01 secs] 
2020-09-29T12:39:34.436+0200: 6.195: [GC (Allocation Failure) [PSYoungGen: 673537K->3521K(681472K)] 673953K->3937K(2079744K), 0.0030283 secs] [Times: user=0.00 sys=0.00, real=0.00 secs] 
2020-09-29T12:39:34.532+0200: 6.291: [GC (Allocation Failure) [PSYoungGen: 667585K->11393K(680960K)] 668001K->11809K(2079232K), 0.0067225 secs] [Times: user=0.13 sys=0.00, real=0.01 secs] 
2020-09-29T12:39:34.633+0200: 6.392: [GC (Allocation Failure) [PSYoungGen: 675457K->5505K(681472K)] 675873K->5921K(2079744K), 0.0043216 secs] [Times: user=0.00 sys=0.00, real=0.00 secs] 
2020-09-29T12:39:34.733+0200: 6.492: [GC (Allocation Failure) [PSYoungGen: 669569K->13345K(678912K)] 669985K->13761K(2077184K), 0.0077218 secs] [Times: user=0.13 sys=0.00, real=0.01 secs] 
2020-09-29T12:39:34.838+0200: 6.598: [GC (Allocation Failure) [PSYoungGen: 675361K->5377K(680448K)] 675777K->5793K(2078720K), 0.0043588 secs] [Times: user=0.00 sys=0.00, real=0.00 secs] 
2020-09-29T12:39:34.943+0200: 6.702: [GC (Allocation Failure) [PSYoungGen: 667393K->11169K(680448K)] 667809K->11585K(2078720K), 0.0067453 secs] [Times: user=0.00 sys=0.00, real=0.01 secs] 
2020-09-29T12:39:35.044+0200: 6.803: [GC (Allocation Failure) [PSYoungGen: 674209K->4257K(680960K)] 674625K->4673K(2079232K), 0.0036260 secs] [Times: user=0.00 sys=0.00, real=0.00 secs] 
2020-09-29T12:39:35.149+0200: 6.908: [GC (Allocation Failure) [PSYoungGen: 667297K->11073K(680448K)] 667713K->11489K(2078720K), 0.0071777 secs] [Times: user=0.00 sys=0.00, real=0.01 secs] 
2020-09-29T12:39:35.254+0200: 7.013: [GC (Allocation Failure) [PSYoungGen: 674113K->4161K(680960K)] 674529K->4577K(2079232K), 0.0034892 secs] [Times: user=0.13 sys=0.00, real=0.00 secs] 
2020-09-29T12:39:35.350+0200: 7.109: [GC (Allocation Failure) [PSYoungGen: 667201K->10977K(680448K)] 667617K->11393K(2078720K), 0.0064268 secs] [Times: user=0.00 sys=0.00, real=0.01 secs] 
2020-09-29T12:39:35.454+0200: 7.213: [GC (Allocation Failure) [PSYoungGen: 674017K->4129K(680960K)] 674433K->4545K(2079232K), 0.0036133 secs] [Times: user=0.00 sys=0.00, real=0.00 secs] 
2020-09-29T12:39:35.555+0200: 7.313: [GC (Allocation Failure) [PSYoungGen: 667169K->10881K(680448K)] 667585K->11297K(2078720K), 0.0063419 secs] [Times: user=0.00 sys=0.00, real=0.01 secs] 
2020-09-29T12:39:35.655+0200: 7.414: [GC (Allocation Failure) [PSYoungGen: 673921K->3969K(680960K)] 674337K->4385K(2079232K), 0.0033219 secs] [Times: user=0.00 sys=0.00, real=0.00 secs] 
2020-09-29T12:39:35.755+0200: 7.514: [GC (Allocation Failure) [PSYoungGen: 667009K->10753K(680448K)] 667425K->11169K(2078720K), 0.0065332 secs] [Times: user=0.00 sys=0.00, real=0.01 secs] 
2020-09-29T12:39:35.874+0200: 7.633: [GC (Allocation Failure) [PSYoungGen: 673793K->3873K(680960K)] 674209K->4289K(2079232K), 0.0038802 secs] [Times: user=0.00 sys=0.00, real=0.00 secs] 
2020-09-29T12:39:35.978+0200: 7.736: [GC (Allocation Failure) [PSYoungGen: 666913K->10657K(680448K)] 667329K->11073K(2078720K), 0.0065066 secs] [Times: user=0.00 sys=0.00, real=0.01 secs] 
2020-09-29T12:39:36.082+0200: 7.840: [GC (Allocation Failure) [PSYoungGen: 673697K->3809K(680960K)] 674113K->4225K(2079232K), 0.0035511 secs] [Times: user=0.13 sys=0.00, real=0.00 secs] 
2020-09-29T12:39:36.184+0200: 7.943: [GC (Allocation Failure) [PSYoungGen: 666849K->10593K(681472K)] 667265K->11009K(2079744K), 0.0066442 secs] [Times: user=0.00 sys=0.00, real=0.01 secs] 
2020-09-29T12:39:36.293+0200: 8.052: [GC (Allocation Failure) [PSYoungGen: 674657K->4705K(681472K)] 675073K->5121K(2079744K), 0.0038981 secs] [Times: user=0.00 sys=0.00, real=0.00 secs] 
2020-09-29T12:39:36.393+0200: 8.152: [GC (Allocation Failure) [PSYoungGen: 668769K->12545K(679936K)] 669185K->12961K(2078208K), 0.0072212 secs] [Times: user=0.13 sys=0.00, real=0.01 secs] 
2020-09-29T12:39:36.496+0200: 8.255: [GC (Allocation Failure) [PSYoungGen: 675585K->5633K(680960K)] 676001K->6049K(2079232K), 0.0040597 secs] [Times: user=0.00 sys=0.00, real=0.00 secs] 
2020-09-29T12:39:36.597+0200: 8.357: [GC (Allocation Failure) [PSYoungGen: 668673K->12417K(679424K)] 669089K->12833K(2077696K), 0.0080125 secs] [Times: user=0.03 sys=0.00, real=0.01 secs] 
2020-09-29T12:39:36.701+0200: 8.460: [GC (Allocation Failure) [PSYoungGen: 674433K->4545K(680448K)] 674849K->4961K(2078720K), 0.0037367 secs] [Times: user=0.00 sys=0.00, real=0.00 secs] 
2020-09-29T12:39:36.799+0200: 8.558: [GC (Allocation Failure) [PSYoungGen: 666561K->10305K(680960K)] 666977K->10721K(2079232K), 0.0062923 secs] [Times: user=0.13 sys=0.00, real=0.01 secs] 
2020-09-29T12:39:36.905+0200: 8.665: [GC (Allocation Failure) [PSYoungGen: 671803K->32K(663552K)] 672219K->448K(2061824K), 0.0004492 secs] [Times: user=0.00 sys=0.00, real=0.00 secs] 
2020-09-29T12:39:37.001+0200: 8.761: [GC (Allocation Failure) [PSYoungGen: 663072K->6945K(681472K)] 663488K->7361K(2079744K), 0.0049087 secs] [Times: user=0.13 sys=0.00, real=0.01 secs] 
2020-09-29T12:39:37.099+0200: 8.859: [GC (Allocation Failure) [PSYoungGen: 669985K->13697K(680448K)] 670401K->14113K(2078720K), 0.0078357 secs] [Times: user=0.00 sys=0.00, real=0.01 secs] 
2020-09-29T12:39:37.214+0200: 8.973: [GC (Allocation Failure) [PSYoungGen: 676737K->6817K(680960K)] 677153K->7233K(2079232K), 0.0049340 secs] [Times: user=0.00 sys=0.00, real=0.01 secs] 
2020-09-29T12:39:37.316+0200: 9.075: [GC (Allocation Failure) [PSYoungGen: 669345K->13089K(675840K)] 669761K->13505K(2074112K), 0.0076789 secs] [Times: user=0.13 sys=0.00, real=0.01 secs] 
2020-09-29T12:39:37.419+0200: 9.179: [GC (Allocation Failure) [PSYoungGen: 675617K->5697K(680448K)] 676033K->6113K(2078720K), 0.0041869 secs] [Times: user=0.00 sys=0.00, real=0.01 secs] 
2020-09-29T12:39:37.516+0200: 9.275: [GC (Allocation Failure) [PSYoungGen: 667201K->10945K(679936K)] 667617K->11361K(2078208K), 0.0065121 secs] [Times: user=0.13 sys=0.00, real=0.01 secs] 
2020-09-29T12:39:37.617+0200: 9.376: [GC (Allocation Failure) [PSYoungGen: 672449K->2497K(680448K)] 672865K->2913K(2078720K), 0.0026398 secs] [Times: user=0.00 sys=0.00, real=0.00 secs] 
2020-09-29T12:39:37.715+0200: 9.474: [GC (Allocation Failure) [PSYoungGen: 664513K->8289K(680448K)] 664929K->8705K(2078720K), 0.0054952 secs] [Times: user=0.00 sys=0.00, real=0.01 secs] 
2020-09-29T12:39:37.816+0200: 9.575: [GC (Allocation Failure) [PSYoungGen: 670305K->32K(680448K)] 670721K->448K(2078720K), 0.0007130 secs] [Times: user=0.01 sys=0.00, real=0.00 secs] 
2020-09-29T12:39:37.914+0200: 9.672: [GC (Allocation Failure) [PSYoungGen: 663072K->6913K(680960K)] 663488K->7329K(2079232K), 0.0048836 secs] [Times: user=0.00 sys=0.00, real=0.00 secs] 
2020-09-29T12:39:38.016+0200: 9.776: [GC (Allocation Failure) [PSYoungGen: 669953K->13665K(678912K)] 670369K->14081K(2077184K), 0.0091429 secs] [Times: user=0.11 sys=0.00, real=0.01 secs] 
2020-09-29T12:39:38.121+0200: 9.881: [GC (Allocation Failure) [PSYoungGen: 675681K->5793K(680448K)] 676097K->6209K(2078720K), 0.0041609 secs] [Times: user=0.00 sys=0.00, real=0.00 secs] 
2020-09-29T12:39:38.225+0200: 9.983: [GC (Allocation Failure) [PSYoungGen: 667809K->11585K(680448K)] 668225K->12001K(2078720K), 0.0067349 secs] [Times: user=0.00 sys=0.00, real=0.01 secs] 
2020-09-29T12:39:38.330+0200: 10.089: [GC (Allocation Failure) [PSYoungGen: 674625K->4641K(680960K)] 675041K->5057K(2079232K), 0.0037876 secs] [Times: user=0.13 sys=0.00, real=0.00 secs] 
2020-09-29T12:39:38.430+0200: 10.189: [GC (Allocation Failure) [PSYoungGen: 667681K->11489K(680960K)] 668097K->11905K(2079232K), 0.0067952 secs] [Times: user=0.00 sys=0.00, real=0.01 secs] 
2020-09-29T12:39:38.533+0200: 10.292: [GC (Allocation Failure) [PSYoungGen: 674529K->4545K(680960K)] 674945K->4961K(2079232K), 0.0040827 secs] [Times: user=0.11 sys=0.00, real=0.00 secs] 
2020-09-29T12:39:38.659+0200: 10.418: [GC (Allocation Failure) [PSYoungGen: 667585K->11393K(680960K)] 668001K->11809K(2079232K), 0.0070197 secs] [Times: user=0.13 sys=0.00, real=0.01 secs] 
2020-09-29T12:39:38.764+0200: 10.523: [GC (Allocation Failure) [PSYoungGen: 674433K->4513K(680960K)] 674849K->4929K(2079232K), 0.0036759 secs] [Times: user=0.00 sys=0.00, real=0.00 secs] 
2020-09-29T12:39:38.862+0200: 10.621: [GC (Allocation Failure) [PSYoungGen: 667553K->11297K(680960K)] 667969K->11713K(2079232K), 0.0066999 secs] [Times: user=0.13 sys=0.00, real=0.01 secs] 
2020-09-29T12:39:38.969+0200: 10.728: [GC (Allocation Failure) [PSYoungGen: 674337K->4385K(680960K)] 674753K->4801K(2079232K), 0.0036695 secs] [Times: user=0.13 sys=0.00, real=0.00 secs] 
2020-09-29T12:39:39.067+0200: 10.826: [GC (Allocation Failure) [PSYoungGen: 667425K->11169K(680960K)] 667841K->11585K(2079232K), 0.0066238 secs] [Times: user=0.00 sys=0.00, real=0.01 secs] 
2020-09-29T12:39:39.171+0200: 10.930: [GC (Allocation Failure) [PSYoungGen: 674209K->4353K(680960K)] 674625K->4769K(2079232K), 0.0039151 secs] [Times: user=0.00 sys=0.00, real=0.00 secs] 
2020-09-29T12:39:39.272+0200: 11.031: [GC (Allocation Failure) [PSYoungGen: 667393K->11073K(680960K)] 667809K->11489K(2079232K), 0.0065777 secs] [Times: user=0.00 sys=0.00, real=0.01 secs] 
2020-09-29T12:39:39.373+0200: 11.132: [GC (Allocation Failure) [PSYoungGen: 674113K->4193K(680960K)] 674529K->4609K(2079232K), 0.0038389 secs] [Times: user=0.00 sys=0.00, real=0.00 secs] 
2020-09-29T12:39:39.472+0200: 11.231: [GC (Allocation Failure) [PSYoungGen: 667233K->11009K(680448K)] 667649K->11425K(2078720K), 0.0066772 secs] [Times: user=0.13 sys=0.00, real=0.01 secs] 
2020-09-29T12:39:39.573+0200: 11.332: [GC (Allocation Failure) [PSYoungGen: 674049K->4065K(680960K)] 674465K->4481K(2079232K), 0.0034312 secs] [Times: user=0.00 sys=0.00, real=0.00 secs] 
2020-09-29T12:39:39.675+0200: 11.434: [GC (Allocation Failure) [PSYoungGen: 667105K->10913K(680448K)] 667521K->11329K(2078720K), 0.0066308 secs] [Times: user=0.03 sys=0.00, real=0.01 secs] 
2020-09-29T12:39:39.779+0200: 11.538: [GC (Allocation Failure) [PSYoungGen: 673953K->3937K(680960K)] 674369K->4353K(2079232K), 0.0034405 secs] [Times: user=0.00 sys=0.00, real=0.00 secs] 
2020-09-29T12:39:39.877+0200: 11.636: [GC (Allocation Failure) [PSYoungGen: 666977K->10785K(680448K)] 667393K->11201K(2078720K), 0.0060979 secs] [Times: user=0.13 sys=0.00, real=0.01 secs] 
2020-09-29T12:39:39.974+0200: 11.733: [GC (Allocation Failure) [PSYoungGen: 673825K->3873K(680960K)] 674241K->4289K(2079232K), 0.0035637 secs] [Times: user=0.00 sys=0.00, real=0.00 secs] 
2020-09-29T12:39:40.075+0200: 11.834: [GC (Allocation Failure) [PSYoungGen: 666913K->10721K(680448K)] 667329K->11137K(2078720K), 0.0063858 secs] [Times: user=0.00 sys=0.00, real=0.01 secs] 
2020-09-29T12:39:40.183+0200: 11.942: [GC (Allocation Failure) [PSYoungGen: 673761K->3745K(680960K)] 674177K->4161K(2079232K), 0.0039396 secs] [Times: user=0.00 sys=0.00, real=0.00 secs] 
2020-09-29T12:39:40.287+0200: 12.045: [GC (Allocation Failure) [PSYoungGen: 666785K->10561K(681472K)] 667201K->10977K(2079744K), 0.0066700 secs] [Times: user=0.00 sys=0.00, real=0.01 secs] 
2020-09-29T12:39:40.395+0200: 12.154: [GC (Allocation Failure) [PSYoungGen: 674625K->4737K(681472K)] 675041K->5153K(2079744K), 0.0036197 secs] [Times: user=0.00 sys=0.00, real=0.00 secs] 
2020-09-29T12:39:40.492+0200: 12.251: [GC (Allocation Failure) [PSYoungGen: 668801K->12513K(680448K)] 669217K->12929K(2078720K), 0.0071496 secs] [Times: user=0.00 sys=0.00, real=0.01 secs] 
2020-09-29T12:39:40.591+0200: 12.350: [GC (Allocation Failure) [PSYoungGen: 675553K->5633K(680960K)] 675969K->6049K(2079232K), 0.0043116 secs] [Times: user=0.00 sys=0.00, real=0.00 secs] 
2020-09-29T12:39:40.695+0200: 12.454: [GC (Allocation Failure) [PSYoungGen: 668673K->12449K(679424K)] 669089K->12865K(2077696K), 0.0070604 secs] [Times: user=0.00 sys=0.00, real=0.01 secs] 
2020-09-29T12:39:40.795+0200: 12.554: [GC (Allocation Failure) [PSYoungGen: 674465K->4545K(680448K)] 674881K->4961K(2078720K), 0.0038482 secs] [Times: user=0.00 sys=0.00, real=0.00 secs] 
2020-09-29T12:39:40.893+0200: 12.652: [GC (Allocation Failure) [PSYoungGen: 666561K->10337K(680960K)] 666977K->10753K(2079232K), 0.0063519 secs] [Times: user=0.13 sys=0.00, real=0.01 secs] 
2020-09-29T12:39:40.995+0200: 12.754: [GC (Allocation Failure) [PSYoungGen: 671835K->32K(663552K)] 672251K->448K(2061824K), 0.0004538 secs] [Times: user=0.00 sys=0.00, real=0.00 secs] 
2020-09-29T12:39:41.087+0200: 12.846: [GC (Allocation Failure) [PSYoungGen: 663072K->6913K(681472K)] 663488K->7329K(2079744K), 0.0049212 secs] [Times: user=0.00 sys=0.00, real=0.01 secs] 
2020-09-29T12:39:41.192+0200: 12.951: [GC (Allocation Failure) [PSYoungGen: 669953K->13697K(676864K)] 670369K->14113K(2075136K), 0.0090902 secs] [Times: user=0.00 sys=0.00, real=0.01 secs] 
2020-09-29T12:39:41.297+0200: 13.056: [GC (Allocation Failure) [PSYoungGen: 676737K->6817K(680960K)] 677153K->7233K(2079232K), 0.0046507 secs] [Times: user=0.13 sys=0.00, real=0.01 secs] 
2020-09-29T12:39:41.397+0200: 13.157: [GC (Allocation Failure) [PSYoungGen: 668833K->12577K(679936K)] 669249K->12993K(2078208K), 0.0071591 secs] [Times: user=0.00 sys=0.00, real=0.01 secs] 
2020-09-29T12:39:41.500+0200: 13.259: [GC (Allocation Failure) [PSYoungGen: 674593K->4673K(680448K)] 675009K->5089K(2078720K), 0.0038518 secs] [Times: user=0.00 sys=0.00, real=0.00 secs] 
2020-09-29T12:39:41.599+0200: 13.359: [GC (Allocation Failure) [PSYoungGen: 666689K->10465K(680448K)] 667105K->10881K(2078720K), 0.0059551 secs] [Times: user=0.00 sys=0.00, real=0.01 secs] 
2020-09-29T12:39:41.702+0200: 13.461: [GC (Allocation Failure) [PSYoungGen: 672481K->2497K(680960K)] 672897K->2913K(2079232K), 0.0027654 secs] [Times: user=0.00 sys=0.00, real=0.00 secs] 
2020-09-29T12:39:41.801+0200: 13.561: [GC (Allocation Failure) [PSYoungGen: 665537K->9281K(680960K)] 665953K->9697K(2079232K), 0.0058812 secs] [Times: user=0.00 sys=0.00, real=0.01 secs] 
2020-09-29T12:39:41.904+0200: 13.663: [GC (Allocation Failure) [PSYoungGen: 672321K->2465K(680960K)] 672737K->2881K(2079232K), 0.0029120 secs] [Times: user=0.00 sys=0.00, real=0.00 secs] 
2020-09-29T12:39:42.000+0200: 13.760: [GC (Allocation Failure) [PSYoungGen: 665505K->9217K(680960K)] 665921K->9633K(2079232K), 0.0056669 secs] [Times: user=0.13 sys=0.00, real=0.01 secs] 
2020-09-29T12:39:42.103+0200: 13.862: [GC (Allocation Failure) [PSYoungGen: 672257K->2273K(681472K)] 672673K->2689K(2079744K), 0.0026545 secs] [Times: user=0.00 sys=0.00, real=0.00 secs] 
2020-09-29T12:39:42.210+0200: 13.969: [GC (Allocation Failure) [PSYoungGen: 666337K->10177K(681472K)] 666753K->10593K(2079744K), 0.0066385 secs] [Times: user=0.00 sys=0.00, real=0.01 secs] 
2020-09-29T12:39:42.312+0200: 14.071: [GC (Allocation Failure) [PSYoungGen: 674241K->4289K(681984K)] 674657K->4705K(2080256K), 0.0034686 secs] [Times: user=0.00 sys=0.00, real=0.00 secs] 
2020-09-29T12:39:42.423+0200: 14.182: [GC (Allocation Failure) [PSYoungGen: 668865K->12577K(677376K)] 669281K->12993K(2075648K), 0.0072259 secs] [Times: user=0.13 sys=0.00, real=0.01 secs] 
2020-09-29T12:39:42.522+0200: 14.282: [GC (Allocation Failure) [PSYoungGen: 677153K->7233K(681984K)] 677569K->7649K(2080256K), 0.0048960 secs] [Times: user=0.00 sys=0.00, real=0.00 secs] 
2020-09-29T12:39:42.622+0200: 14.381: [GC (Allocation Failure) [PSYoungGen: 671297K->32K(680960K)] 671713K->448K(2079232K), 0.0006289 secs] [Times: user=0.00 sys=0.00, real=0.00 secs] 
2020-09-29T12:39:42.722+0200: 14.481: [GC (Allocation Failure) [PSYoungGen: 664096K->7937K(681984K)] 664512K->8353K(2080256K), 0.0050225 secs] [Times: user=0.13 sys=0.00, real=0.01 secs] 
2020-09-29T12:39:42.820+0200: 14.579: [GC (Allocation Failure) [PSYoungGen: 671966K->32K(681472K)] 672382K->448K(2079744K), 0.0006673 secs] [Times: user=0.00 sys=0.00, real=0.00 secs] 
2020-09-29T12:39:42.917+0200: 14.676: [GC (Allocation Failure) [PSYoungGen: 664608K->8481K(681984K)] 665024K->8897K(2080256K), 0.0055149 secs] [Times: user=0.00 sys=0.00, real=0.00 secs] 
2020-09-29T12:39:43.016+0200: 14.775: [GC (Allocation Failure) [PSYoungGen: 671720K->32K(681984K)] 672136K->448K(2080256K), 0.0007248 secs] [Times: user=0.00 sys=0.00, real=0.00 secs] 
2020-09-29T12:39:43.112+0200: 14.871: [GC (Allocation Failure) [PSYoungGen: 665120K->8993K(681984K)] 665536K->9409K(2080256K), 0.0056144 secs] [Times: user=0.13 sys=0.00, real=0.01 secs] 
2020-09-29T12:39:43.220+0200: 14.979: [GC (Allocation Failure) [PSYoungGen: 674081K->4161K(681984K)] 674497K->4577K(2080256K), 0.0038365 secs] [Times: user=0.13 sys=0.00, real=0.00 secs] 
2020-09-29T12:39:43.321+0200: 15.080: [GC (Allocation Failure) [PSYoungGen: 669249K->12897K(679424K)] 669665K->13313K(2077696K), 0.0074477 secs] [Times: user=0.00 sys=0.00, real=0.01 secs] 
2020-09-29T12:39:43.427+0200: 15.186: [GC (Allocation Failure) [PSYoungGen: 675937K->6081K(680960K)] 676353K->6497K(2079232K), 0.0045834 secs] [Times: user=0.00 sys=0.00, real=0.00 secs] 
2020-09-29T12:39:43.529+0200: 15.288: [GC (Allocation Failure) [PSYoungGen: 669121K->12897K(679936K)] 669537K->13313K(2078208K), 0.0077713 secs] [Times: user=0.13 sys=0.00, real=0.01 secs] 
2020-09-29T12:39:43.641+0200: 15.400: [GC (Allocation Failure) [PSYoungGen: 675937K->5953K(680960K)] 676353K->6369K(2079232K), 0.0044714 secs] [Times: user=0.00 sys=0.00, real=0.00 secs] 
2020-09-29T12:39:43.743+0200: 15.501: [GC (Allocation Failure) [PSYoungGen: 668993K->12769K(679424K)] 669409K->13185K(2077696K), 0.0072893 secs] [Times: user=0.00 sys=0.00, real=0.01 secs] 
2020-09-29T12:39:43.846+0200: 15.605: [GC (Allocation Failure) [PSYoungGen: 674785K->4897K(680448K)] 675201K->5313K(2078720K), 0.0040546 secs] [Times: user=0.13 sys=0.00, real=0.01 secs] 
2020-09-29T12:39:43.945+0200: 15.703: [GC (Allocation Failure) [PSYoungGen: 666913K->10593K(680960K)] 667329K->11009K(2079232K), 0.0064658 secs] [Times: user=0.00 sys=0.00, real=0.01 secs] 
2020-09-29T12:39:44.042+0200: 15.801: [GC (Allocation Failure) [PSYoungGen: 671941K->32K(663552K)] 672357K->448K(2061824K), 0.0004992 secs] [Times: user=0.00 sys=0.00, real=0.00 secs] 
2020-09-29T12:39:44.139+0200: 15.898: [GC (Allocation Failure) [PSYoungGen: 663072K->6913K(681472K)] 663488K->7329K(2079744K), 0.0046346 secs] [Times: user=0.00 sys=0.00, real=0.01 secs] 
2020-09-29T12:39:44.249+0200: 16.008: [GC (Allocation Failure) [PSYoungGen: 669953K->13729K(676864K)] 670369K->14145K(2075136K), 0.0085046 secs] [Times: user=0.13 sys=0.00, real=0.01 secs] 
2020-09-29T12:39:44.371+0200: 16.130: [GC (Allocation Failure) [PSYoungGen: 676769K->6785K(680960K)] 677185K->7201K(2079232K), 0.0056556 secs] [Times: user=0.00 sys=0.00, real=0.01 secs] 
2020-09-29T12:39:44.477+0200: 16.235: [GC (Allocation Failure) [PSYoungGen: 668801K->12577K(679936K)] 669217K->12993K(2078208K), 0.0070985 secs] [Times: user=0.00 sys=0.00, real=0.01 secs] 
2020-09-29T12:39:44.577+0200: 16.336: [GC (Allocation Failure) [PSYoungGen: 674593K->4641K(680960K)] 675009K->5057K(2079232K), 0.0035705 secs] [Times: user=0.00 sys=0.00, real=0.00 secs] 
2020-09-29T12:39:44.682+0200: 16.441: [GC (Allocation Failure) [PSYoungGen: 667169K->10977K(680448K)] 667585K->11393K(2078720K), 0.0067196 secs] [Times: user=0.00 sys=0.00, real=0.01 secs] 
2020-09-29T12:39:44.783+0200: 16.542: [GC (Allocation Failure) [PSYoungGen: 671622K->32K(679424K)] 672038K->448K(2077696K), 0.0003961 secs] [Times: user=0.00 sys=0.00, real=0.00 secs] 
2020-09-29T12:39:44.881+0200: 16.639: [GC (Allocation Failure) [PSYoungGen: 661024K->4801K(679936K)] 661440K->5217K(2078208K), 0.0038429 secs] [Times: user=0.00 sys=0.00, real=0.00 secs] 
2020-09-29T12:39:44.981+0200: 16.740: [GC (Allocation Failure) [PSYoungGen: 665793K->9569K(680960K)] 666209K->9985K(2079232K), 0.0060545 secs] [Times: user=0.00 sys=0.00, real=0.01 secs] 
2020-09-29T12:39:45.080+0200: 16.839: [GC (Allocation Failure) [PSYoungGen: 672609K->2721K(680960K)] 673025K->3137K(2079232K), 0.0026733 secs] [Times: user=0.13 sys=0.00, real=0.00 secs] 
2020-09-29T12:39:45.179+0200: 16.938: [GC (Allocation Failure) [PSYoungGen: 665761K->9505K(681472K)] 666177K->9921K(2079744K), 0.0060131 secs] [Times: user=0.00 sys=0.00, real=0.01 secs] 
2020-09-29T12:39:45.284+0200: 17.043: [GC (Allocation Failure) [PSYoungGen: 673569K->3681K(681472K)] 673985K->4097K(2079744K), 0.0033204 secs] [Times: user=0.13 sys=0.00, real=0.00 secs] 
2020-09-29T12:39:45.382+0200: 17.140: [GC (Allocation Failure) [PSYoungGen: 667745K->11425K(679936K)] 668161K->11841K(2078208K), 0.0067542 secs] [Times: user=0.00 sys=0.00, real=0.01 secs] 
2020-09-29T12:39:45.483+0200: 17.242: [GC (Allocation Failure) [PSYoungGen: 674465K->4577K(680960K)] 674881K->4993K(2079232K), 0.0036990 secs] [Times: user=0.00 sys=0.00, real=0.00 secs] 
2020-09-29T12:39:45.586+0200: 17.345: [GC (Allocation Failure) [PSYoungGen: 667617K->11361K(680448K)] 668033K->11777K(2078720K), 0.0069136 secs] [Times: user=0.00 sys=0.00, real=0.01 secs] 
2020-09-29T12:39:45.693+0200: 17.452: [GC (Allocation Failure) [PSYoungGen: 674401K->4481K(680960K)] 674817K->4897K(2079232K), 0.0034484 secs] [Times: user=0.00 sys=0.00, real=0.00 secs] 
2020-09-29T12:39:45.790+0200: 17.549: [GC (Allocation Failure) [PSYoungGen: 667521K->11297K(680448K)] 667937K->11713K(2078720K), 0.0068154 secs] [Times: user=0.00 sys=0.00, real=0.01 secs] 
2020-09-29T12:39:45.898+0200: 17.657: [GC (Allocation Failure) [PSYoungGen: 674337K->4353K(680960K)] 674753K->4769K(2079232K), 0.0036267 secs] [Times: user=0.00 sys=0.00, real=0.00 secs] 
2020-09-29T12:39:45.996+0200: 17.754: [GC (Allocation Failure) [PSYoungGen: 667393K->11201K(680448K)] 667809K->11617K(2078720K), 0.0065379 secs] [Times: user=0.00 sys=0.00, real=0.01 secs] 
2020-09-29T12:39:46.096+0200: 17.855: [GC (Allocation Failure) [PSYoungGen: 674241K->4321K(680960K)] 674657K->4737K(2079232K), 0.0038123 secs] [Times: user=0.13 sys=0.00, real=0.00 secs] 
2020-09-29T12:39:46.203+0200: 17.962: [GC (Allocation Failure) [PSYoungGen: 667361K->11105K(680448K)] 667777K->11521K(2078720K), 0.0067409 secs] [Times: user=0.13 sys=0.00, real=0.01 secs] 
2020-09-29T12:39:46.309+0200: 18.068: [GC (Allocation Failure) [PSYoungGen: 674145K->4129K(680960K)] 674561K->4545K(2079232K), 0.0039807 secs] [Times: user=0.00 sys=0.00, real=0.00 secs] 
2020-09-29T12:39:46.423+0200: 18.181: [GC (Allocation Failure) [PSYoungGen: 667169K->10945K(680448K)] 667585K->11361K(2078720K), 0.0069059 secs] [Times: user=0.13 sys=0.00, real=0.01 secs] 
2020-09-29T12:39:46.532+0200: 18.290: [GC (Allocation Failure) [PSYoungGen: 673985K->4065K(680960K)] 674401K->4481K(2079232K), 0.0032875 secs] [Times: user=0.00 sys=0.00, real=0.00 secs] 
2020-09-29T12:39:46.630+0200: 18.390: [GC (Allocation Failure) [PSYoungGen: 667105K->10881K(680448K)] 667521K->11297K(2078720K), 0.0065028 secs] [Times: user=0.00 sys=0.00, real=0.01 secs] 
2020-09-29T12:39:46.735+0200: 18.494: [GC (Allocation Failure) [PSYoungGen: 673921K->3969K(680960K)] 674337K->4385K(2079232K), 0.0033564 secs] [Times: user=0.00 sys=0.00, real=0.00 secs] 
2020-09-29T12:39:46.845+0200: 18.603: [GC (Allocation Failure) [PSYoungGen: 667009K->10817K(680448K)] 667425K->11233K(2078720K), 0.0064976 secs] [Times: user=0.13 sys=0.00, real=0.00 secs] 
2020-09-29T12:39:46.944+0200: 18.704: [GC (Allocation Failure) [PSYoungGen: 673857K->3905K(680960K)] 674273K->4321K(2079232K), 0.0035292 secs] [Times: user=0.00 sys=0.00, real=0.00 secs] 
2020-09-29T12:39:47.046+0200: 18.805: [GC (Allocation Failure) [PSYoungGen: 666945K->10689K(680448K)] 667361K->11105K(2078720K), 0.0066275 secs] [Times: user=0.13 sys=0.00, real=0.01 secs] 
2020-09-29T12:39:47.146+0200: 18.905: [GC (Allocation Failure) [PSYoungGen: 673729K->3841K(680960K)] 674145K->4257K(2079232K), 0.0037804 secs] [Times: user=0.00 sys=0.00, real=0.00 secs] 
2020-09-29T12:39:47.250+0200: 19.009: [GC (Allocation Failure) [PSYoungGen: 666881K->10561K(681472K)] 667297K->10977K(2079744K), 0.0066284 secs] [Times: user=0.11 sys=0.00, real=0.01 secs] 
2020-09-29T12:39:47.354+0200: 19.113: [GC (Allocation Failure) [PSYoungGen: 674625K->4737K(681472K)] 675041K->5153K(2079744K), 0.0036908 secs] [Times: user=0.00 sys=0.00, real=0.00 secs] 
2020-09-29T12:39:47.452+0200: 19.211: [GC (Allocation Failure) [PSYoungGen: 668801K->12609K(679936K)] 669217K->13025K(2078208K), 0.0071371 secs] [Times: user=0.13 sys=0.00, real=0.01 secs] 
2020-09-29T12:39:47.552+0200: 19.311: [GC (Allocation Failure) [PSYoungGen: 675649K->5601K(680960K)] 676065K->6017K(2079232K), 0.0043394 secs] [Times: user=0.00 sys=0.00, real=0.00 secs] 
2020-09-29T12:39:47.653+0200: 19.412: [GC (Allocation Failure) [PSYoungGen: 668641K->12449K(679424K)] 669057K->12865K(2077696K), 0.0071918 secs] [Times: user=0.00 sys=0.00, real=0.01 secs] 
2020-09-29T12:39:47.753+0200: 19.512: [GC (Allocation Failure) [PSYoungGen: 674465K->4545K(680448K)] 674881K->4961K(2078720K), 0.0038262 secs] [Times: user=0.13 sys=0.00, real=0.00 secs] 
2020-09-29T12:39:47.852+0200: 19.611: [GC (Allocation Failure) [PSYoungGen: 666561K->10273K(680960K)] 666977K->10689K(2079232K), 0.0065965 secs] [Times: user=0.00 sys=0.00, real=0.01 secs] 
2020-09-29T12:39:47.952+0200: 19.711: [GC (Allocation Failure) [PSYoungGen: 671771K->32K(663552K)] 672187K->448K(2061824K), 0.0006884 secs] [Times: user=0.00 sys=0.00, real=0.00 secs] 
2020-09-29T12:39:48.045+0200: 19.804: [GC (Allocation Failure) [PSYoungGen: 663072K->6977K(681472K)] 663488K->7393K(2079744K), 0.0046983 secs] [Times: user=0.00 sys=0.00, real=0.00 secs] 
2020-09-29T12:39:48.153+0200: 19.912: [GC (Allocation Failure) [PSYoungGen: 670017K->13697K(680448K)] 670433K->14113K(2078720K), 0.0081966 secs] [Times: user=0.13 sys=0.00, real=0.01 secs] 
2020-09-29T12:39:48.259+0200: 20.018: [GC (Allocation Failure) [PSYoungGen: 676737K->6849K(680960K)] 677153K->7265K(2079232K), 0.0049006 secs] [Times: user=0.00 sys=0.00, real=0.00 secs] 
2020-09-29T12:39:48.357+0200: 20.116: [GC (Allocation Failure) [PSYoungGen: 669377K->13121K(675840K)] 669793K->13537K(2074112K), 0.0073476 secs] [Times: user=0.13 sys=0.00, real=0.01 secs] 
2020-09-29T12:39:48.462+0200: 20.221: [GC (Allocation Failure) [PSYoungGen: 675649K->5697K(680448K)] 676065K->6113K(2078720K), 0.0038768 secs] [Times: user=0.00 sys=0.00, real=0.00 secs] 
2020-09-29T12:39:48.559+0200: 20.318: [GC (Allocation Failure) [PSYoungGen: 667201K->10977K(679936K)] 667617K->11393K(2078208K), 0.0070291 secs] [Times: user=0.00 sys=0.00, real=0.01 secs] 
2020-09-29T12:39:48.659+0200: 20.418: [GC (Allocation Failure) [PSYoungGen: 672481K->2465K(680448K)] 672897K->2881K(2078720K), 0.0027297 secs] [Times: user=0.13 sys=0.00, real=0.00 secs] 
2020-09-29T12:39:48.756+0200: 20.515: [GC (Allocation Failure) [PSYoungGen: 664481K->8257K(680448K)] 664897K->8673K(2078720K), 0.0052104 secs] [Times: user=0.00 sys=0.00, real=0.00 secs] 
2020-09-29T12:39:48.867+0200: 20.626: [GC (Allocation Failure) [PSYoungGen: 670273K->32K(680448K)] 670689K->448K(2078720K), 0.0004173 secs] [Times: user=0.00 sys=0.00, real=0.00 secs] 
2020-09-29T12:39:48.963+0200: 20.722: [GC (Allocation Failure) [PSYoungGen: 663072K->6849K(680960K)] 663488K->7265K(2079232K), 0.0046372 secs] [Times: user=0.00 sys=0.00, real=0.00 secs] 
2020-09-29T12:39:49.067+0200: 20.826: [GC (Allocation Failure) [PSYoungGen: 669889K->13697K(678912K)] 670305K->14113K(2077184K), 0.0078572 secs] [Times: user=0.00 sys=0.00, real=0.01 secs] 
2020-09-29T12:39:49.171+0200: 20.929: [GC (Allocation Failure) [PSYoungGen: 675713K->5825K(680448K)] 676129K->6241K(2078720K), 0.0046275 secs] [Times: user=0.00 sys=0.00, real=0.00 secs] 
2020-09-29T12:39:49.275+0200: 21.034: [GC (Allocation Failure) [PSYoungGen: 667841K->11585K(680448K)] 668257K->12001K(2078720K), 0.0073695 secs] [Times: user=0.00 sys=0.00, real=0.01 secs] 
2020-09-29T12:39:49.376+0200: 21.134: [GC (Allocation Failure) [PSYoungGen: 674625K->4673K(680960K)] 675041K->5089K(2079232K), 0.0036348 secs] [Times: user=0.00 sys=0.00, real=0.00 secs] 
2020-09-29T12:39:49.474+0200: 21.232: [GC (Allocation Failure) [PSYoungGen: 667713K->11425K(680960K)] 668129K->11841K(2079232K), 0.0065923 secs] [Times: user=0.00 sys=0.00, real=0.01 secs] 
2020-09-29T12:39:49.577+0200: 21.336: [GC (Allocation Failure) [PSYoungGen: 674465K->4545K(680960K)] 674881K->4961K(2079232K), 0.0039568 secs] [Times: user=0.00 sys=0.00, real=0.00 secs] 
2020-09-29T12:39:49.681+0200: 21.439: [GC (Allocation Failure) [PSYoungGen: 667585K->11393K(680960K)] 668001K->11809K(2079232K), 0.0072958 secs] [Times: user=0.00 sys=0.00, real=0.01 secs] 
2020-09-29T12:39:49.784+0200: 21.543: [GC (Allocation Failure) [PSYoungGen: 674433K->4449K(680960K)] 674849K->4865K(2079232K), 0.0038104 secs] [Times: user=0.13 sys=0.00, real=0.00 secs] 
2020-09-29T12:39:49.884+0200: 21.643: [GC (Allocation Failure) [PSYoungGen: 667489K->11297K(680960K)] 667905K->11713K(2079232K), 0.0067123 secs] [Times: user=0.00 sys=0.00, real=0.01 secs] 
2020-09-29T12:39:49.984+0200: 21.742: [GC (Allocation Failure) [PSYoungGen: 674337K->4353K(680960K)] 674753K->4769K(2079232K), 0.0034778 secs] [Times: user=0.00 sys=0.00, real=0.00 secs] 
Heap
 PSYoungGen      total 680960K, used 356929K [0x00000000d5580000, 0x0000000100000000, 0x0000000100000000)
  eden space 663040K, 53% used [0x00000000d5580000,0x00000000eadd01f0,0x00000000fdd00000)
  from space 17920K, 24% used [0x00000000fdd00000,0x00000000fe140490,0x00000000fee80000)
  to   space 17920K, 0% used [0x00000000fee80000,0x00000000fee80000,0x0000000100000000)
 ParOldGen       total 1398272K, used 416K [0x0000000080000000, 0x00000000d5580000, 0x00000000d5580000)
  object space 1398272K, 0% used [0x0000000080000000,0x0000000080068050,0x00000000d5580000)
 Metaspace       used 2594K, capacity 4486K, committed 4864K, reserved 1056768K
  class space    used 285K, capacity 386K, committed 512K, reserved 1048576K
