Java HotSpot(TM) 64-Bit Server VM (25.261-b12) for windows-amd64 JRE (1.8.0_261-b12), built on Jun 18 2020 06:56:32 by "" with unknown MS VC++:1916
Memory: 4k page, physical 16659684k(9450696k free), swap 23213284k(8001212k free)
CommandLine flags: -XX:InitialHeapSize=2147483648 -XX:MaxHeapSize=2147483648 -XX:+PrintGC -XX:+PrintGCDateStamps -XX:+PrintGCDetails -XX:+PrintGCTimeStamps -XX:+UseCompressedClassPointers -XX:+UseCompressedOops -XX:-UseLargePagesIndividualAllocation -XX:+UseParallelGC 
2020-09-29T11:43:52.824+0200: 0.560: [GC (Allocation Failure) [PSYoungGen: 524800K->11969K(611840K)] 524800K->11977K(2010112K), 0.0099526 secs] [Times: user=0.13 sys=0.00, real=0.01 secs] 
2020-09-29T11:43:52.930+0200: 0.667: [GC (Allocation Failure) [PSYoungGen: 536769K->3425K(611840K)] 536777K->3433K(2010112K), 0.0176072 secs] [Times: user=0.13 sys=0.00, real=0.02 secs] 
2020-09-29T11:43:53.053+0200: 0.790: [GC (Allocation Failure) [PSYoungGen: 528225K->8577K(611840K)] 528233K->8585K(2010112K), 0.0062659 secs] [Times: user=0.00 sys=0.00, real=0.01 secs] 
2020-09-29T11:43:53.147+0200: 0.883: [GC (Allocation Failure) [PSYoungGen: 533377K->13697K(611840K)] 533385K->13705K(2010112K), 0.0096126 secs] [Times: user=0.00 sys=0.00, real=0.01 secs] 
2020-09-29T11:43:53.246+0200: 0.982: [GC (Allocation Failure) [PSYoungGen: 538497K->5233K(611840K)] 538505K->5241K(2010112K), 0.0046729 secs] [Times: user=0.00 sys=0.00, real=0.00 secs] 
2020-09-29T11:43:53.341+0200: 1.077: [GC (Allocation Failure) [PSYoungGen: 530033K->10481K(682496K)] 530041K->10489K(2080768K), 0.0091025 secs] [Times: user=0.08 sys=0.05, real=0.01 secs] 
2020-09-29T11:43:53.522+0200: 1.258: [GC (Allocation Failure) [PSYoungGen: 676593K->6273K(682496K)] 676601K->6693K(2080768K), 0.0068176 secs] [Times: user=0.00 sys=0.00, real=0.01 secs] 
2020-09-29T11:43:53.650+0200: 1.387: [GC (Allocation Failure) [PSYoungGen: 671675K->32K(681984K)] 672095K->452K(2080256K), 0.0006324 secs] [Times: user=0.00 sys=0.00, real=0.00 secs] 
2020-09-29T11:43:53.760+0200: 1.497: [GC (Allocation Failure) [PSYoungGen: 666144K->9985K(676352K)] 666564K->10405K(2074624K), 0.0063815 secs] [Times: user=0.00 sys=0.00, real=0.01 secs] 
2020-09-29T11:43:53.870+0200: 1.607: [GC (Allocation Failure) [PSYoungGen: 676097K->6177K(683008K)] 676517K->6597K(2081280K), 0.0047746 secs] [Times: user=0.00 sys=0.00, real=0.01 secs] 
2020-09-29T11:43:53.975+0200: 1.712: [GC (Allocation Failure) [PSYoungGen: 672289K->2433K(681984K)] 672709K->2853K(2080256K), 0.0027659 secs] [Times: user=0.00 sys=0.00, real=0.00 secs] 
2020-09-29T11:43:54.078+0200: 1.815: [GC (Allocation Failure) [PSYoungGen: 668545K->12257K(679936K)] 668965K->12677K(2078208K), 0.0075764 secs] [Times: user=0.13 sys=0.00, real=0.01 secs] 
2020-09-29T11:43:54.183+0200: 1.921: [GC (Allocation Failure) [PSYoungGen: 676321K->6337K(681472K)] 676741K->6757K(2079744K), 0.0045287 secs] [Times: user=0.00 sys=0.00, real=0.00 secs] 
2020-09-29T11:43:54.294+0200: 2.030: [GC (Allocation Failure) [PSYoungGen: 670401K->32K(681472K)] 670821K->452K(2079744K), 0.0006231 secs] [Times: user=0.00 sys=0.00, real=0.00 secs] 
2020-09-29T11:43:54.405+0200: 2.141: [GC (Allocation Failure) [PSYoungGen: 665120K->8993K(681984K)] 665540K->9413K(2080256K), 0.0068149 secs] [Times: user=0.13 sys=0.00, real=0.01 secs] 
2020-09-29T11:43:54.524+0200: 2.261: [GC (Allocation Failure) [PSYoungGen: 674081K->4129K(682496K)] 674501K->4549K(2080768K), 0.0040537 secs] [Times: user=0.00 sys=0.00, real=0.00 secs] 
2020-09-29T11:43:54.654+0200: 2.391: [GC (Allocation Failure) [PSYoungGen: 669729K->13505K(679424K)] 670149K->13925K(2077696K), 0.0105723 secs] [Times: user=0.11 sys=0.00, real=0.01 secs] 
2020-09-29T11:43:54.784+0200: 2.520: [GC (Allocation Failure) [PSYoungGen: 679105K->9153K(681472K)] 679525K->9573K(2079744K), 0.0075472 secs] [Times: user=0.09 sys=0.00, real=0.01 secs] 
2020-09-29T11:43:54.912+0200: 2.649: [GC (Allocation Failure) [PSYoungGen: 672705K->2721K(680960K)] 673125K->3141K(2079232K), 0.0035575 secs] [Times: user=0.00 sys=0.00, real=0.00 secs] 
2020-09-29T11:43:55.029+0200: 2.765: [GC (Allocation Failure) [PSYoungGen: 666273K->10081K(681472K)] 666693K->10501K(2079744K), 0.0071494 secs] [Times: user=0.05 sys=0.06, real=0.01 secs] 
2020-09-29T11:43:55.152+0200: 2.889: [GC (Allocation Failure) [PSYoungGen: 674145K->4193K(681472K)] 674565K->4613K(2079744K), 0.0040338 secs] [Times: user=0.00 sys=0.00, real=0.00 secs] 
2020-09-29T11:43:55.271+0200: 3.008: [GC (Allocation Failure) [PSYoungGen: 668257K->12065K(679936K)] 668677K->12485K(2078208K), 0.0077598 secs] [Times: user=0.00 sys=0.00, real=0.01 secs] 
2020-09-29T11:43:55.394+0200: 3.131: [GC (Allocation Failure) [PSYoungGen: 675105K->5185K(680960K)] 675525K->5605K(2079232K), 0.0043067 secs] [Times: user=0.13 sys=0.00, real=0.00 secs] 
2020-09-29T11:43:55.506+0200: 3.243: [GC (Allocation Failure) [PSYoungGen: 668225K->11905K(680448K)] 668645K->12325K(2078720K), 0.0079526 secs] [Times: user=0.00 sys=0.00, real=0.01 secs] 
2020-09-29T11:43:55.629+0200: 3.366: [GC (Allocation Failure) [PSYoungGen: 674945K->5057K(680960K)] 675365K->5477K(2079232K), 0.0045884 secs] [Times: user=0.00 sys=0.00, real=0.00 secs] 
2020-09-29T11:43:55.753+0200: 3.490: [GC (Allocation Failure) [PSYoungGen: 668097K->11777K(680448K)] 668517K->12197K(2078720K), 0.0098488 secs] [Times: user=0.09 sys=0.00, real=0.01 secs] 
2020-09-29T11:43:55.869+0200: 3.606: [GC (Allocation Failure) [PSYoungGen: 674817K->4897K(680960K)] 675237K->5317K(2079232K), 0.0037915 secs] [Times: user=0.00 sys=0.00, real=0.00 secs] 
2020-09-29T11:43:55.976+0200: 3.713: [GC (Allocation Failure) [PSYoungGen: 667937K->11745K(680448K)] 668357K->12165K(2078720K), 0.0072397 secs] [Times: user=0.00 sys=0.00, real=0.01 secs] 
2020-09-29T11:43:56.091+0200: 3.828: [GC (Allocation Failure) [PSYoungGen: 674785K->4897K(680960K)] 675205K->5317K(2079232K), 0.0042373 secs] [Times: user=0.00 sys=0.00, real=0.00 secs] 
2020-09-29T11:43:56.204+0200: 3.941: [GC (Allocation Failure) [PSYoungGen: 667937K->11681K(679936K)] 668357K->12101K(2078208K), 0.0076428 secs] [Times: user=0.13 sys=0.00, real=0.01 secs] 
2020-09-29T11:43:56.319+0200: 4.056: [GC (Allocation Failure) [PSYoungGen: 673697K->3745K(680448K)] 674117K->4165K(2078720K), 0.0034643 secs] [Times: user=0.00 sys=0.00, real=0.00 secs] 
2020-09-29T11:43:56.429+0200: 4.166: [GC (Allocation Failure) [PSYoungGen: 665761K->9505K(681472K)] 666181K->9925K(2079744K), 0.0069167 secs] [Times: user=0.00 sys=0.00, real=0.01 secs] 
2020-09-29T11:43:56.543+0200: 4.280: [GC (Allocation Failure) [PSYoungGen: 673057K->3169K(680960K)] 673477K->3589K(2079232K), 0.0035189 secs] [Times: user=0.00 sys=0.00, real=0.00 secs] 
2020-09-29T11:43:56.665+0200: 4.401: [GC (Allocation Failure) [PSYoungGen: 666721K->10401K(681472K)] 667141K->10821K(2079744K), 0.0080584 secs] [Times: user=0.00 sys=0.00, real=0.01 secs] 
2020-09-29T11:43:56.780+0200: 4.517: [GC (Allocation Failure) [PSYoungGen: 674465K->4577K(681472K)] 674885K->4997K(2079744K), 0.0038612 secs] [Times: user=0.00 sys=0.00, real=0.00 secs] 
2020-09-29T11:43:56.888+0200: 4.625: [GC (Allocation Failure) [PSYoungGen: 668641K->12385K(680448K)] 669061K->12805K(2078720K), 0.0071042 secs] [Times: user=0.13 sys=0.00, real=0.01 secs] 
2020-09-29T11:43:57.014+0200: 4.751: [GC (Allocation Failure) [PSYoungGen: 675425K->5505K(680960K)] 675845K->5925K(2079232K), 0.0056587 secs] [Times: user=0.00 sys=0.00, real=0.01 secs] 
2020-09-29T11:43:57.132+0200: 4.869: [GC (Allocation Failure) [PSYoungGen: 668545K->12289K(679424K)] 668965K->12709K(2077696K), 0.0077120 secs] [Times: user=0.00 sys=0.00, real=0.01 secs] 
2020-09-29T11:43:57.236+0200: 4.973: [GC (Allocation Failure) [PSYoungGen: 674305K->4385K(680448K)] 674725K->4805K(2078720K), 0.0039375 secs] [Times: user=0.13 sys=0.00, real=0.00 secs] 
2020-09-29T11:43:57.339+0200: 5.076: [GC (Allocation Failure) [PSYoungGen: 666401K->10113K(680960K)] 666821K->10533K(2079232K), 0.0062489 secs] [Times: user=0.00 sys=0.00, real=0.01 secs] 
2020-09-29T11:43:57.441+0200: 5.178: [GC (Allocation Failure) [PSYoungGen: 671611K->32K(680960K)] 672031K->452K(2079232K), 0.0006637 secs] [Times: user=0.00 sys=0.00, real=0.00 secs] 
2020-09-29T11:43:57.548+0200: 5.286: [GC (Allocation Failure) [PSYoungGen: 663072K->6913K(681984K)] 663492K->7333K(2080256K), 0.0053813 secs] [Times: user=0.11 sys=0.00, real=0.01 secs] 
2020-09-29T11:43:57.659+0200: 5.396: [GC (Allocation Failure) [PSYoungGen: 670977K->32K(680960K)] 671397K->452K(2079232K), 0.0004063 secs] [Times: user=0.00 sys=0.00, real=0.00 secs] 
2020-09-29T11:43:57.774+0200: 5.511: [GC (Allocation Failure) [PSYoungGen: 664096K->7873K(681984K)] 664516K->8293K(2080256K), 0.0051078 secs] [Times: user=0.00 sys=0.00, real=0.01 secs] 
2020-09-29T11:43:57.879+0200: 5.616: [GC (Allocation Failure) [PSYoungGen: 672449K->2529K(681472K)] 672869K->2949K(2079744K), 0.0029080 secs] [Times: user=0.00 sys=0.00, real=0.00 secs] 
2020-09-29T11:43:57.991+0200: 5.728: [GC (Allocation Failure) [PSYoungGen: 667105K->10945K(680448K)] 667525K->11365K(2078720K), 0.0082049 secs] [Times: user=0.00 sys=0.00, real=0.01 secs] 
2020-09-29T11:43:58.116+0200: 5.853: [GC (Allocation Failure) [PSYoungGen: 675009K->5057K(681472K)] 675429K->5477K(2079744K), 0.0049149 secs] [Times: user=0.00 sys=0.00, real=0.01 secs] 
2020-09-29T11:43:58.238+0200: 5.975: [GC (Allocation Failure) [PSYoungGen: 669121K->12833K(679424K)] 669541K->13253K(2077696K), 0.0091036 secs] [Times: user=0.13 sys=0.00, real=0.01 secs] 
2020-09-29T11:43:58.360+0200: 6.098: [GC (Allocation Failure) [PSYoungGen: 675873K->5953K(680960K)] 676293K->6373K(2079232K), 0.0048663 secs] [Times: user=0.13 sys=0.00, real=0.01 secs] 
2020-09-29T11:43:58.470+0200: 6.207: [GC (Allocation Failure) [PSYoungGen: 668993K->12769K(678912K)] 669413K->13189K(2077184K), 0.0074196 secs] [Times: user=0.13 sys=0.00, real=0.01 secs] 
2020-09-29T11:43:58.583+0200: 6.320: [GC (Allocation Failure) [PSYoungGen: 674785K->4865K(680448K)] 675205K->5285K(2078720K), 0.0046648 secs] [Times: user=0.00 sys=0.00, real=0.00 secs] 
2020-09-29T11:43:58.698+0200: 6.435: [GC (Allocation Failure) [PSYoungGen: 666881K->10625K(680448K)] 667301K->11045K(2078720K), 0.0067442 secs] [Times: user=0.00 sys=0.00, real=0.01 secs] 
2020-09-29T11:43:58.809+0200: 6.547: [GC (Allocation Failure) [PSYoungGen: 671998K->32K(680960K)] 672418K->452K(2079232K), 0.0005302 secs] [Times: user=0.00 sys=0.00, real=0.00 secs] 
2020-09-29T11:43:58.905+0200: 6.642: [GC (Allocation Failure) [PSYoungGen: 663072K->6945K(681984K)] 663492K->7365K(2080256K), 0.0050474 secs] [Times: user=0.02 sys=0.00, real=0.01 secs] 
2020-09-29T11:43:59.016+0200: 6.753: [GC (Allocation Failure) [PSYoungGen: 671009K->32K(680960K)] 671429K->452K(2079232K), 0.0003833 secs] [Times: user=0.00 sys=0.00, real=0.00 secs] 
2020-09-29T11:43:59.126+0200: 6.862: [GC (Allocation Failure) [PSYoungGen: 664096K->7937K(681984K)] 664516K->8357K(2080256K), 0.0054520 secs] [Times: user=0.13 sys=0.00, real=0.01 secs] 
2020-09-29T11:43:59.236+0200: 6.973: [GC (Allocation Failure) [PSYoungGen: 672513K->2561K(681472K)] 672933K->2981K(2079744K), 0.0030506 secs] [Times: user=0.13 sys=0.00, real=0.00 secs] 
2020-09-29T11:43:59.335+0200: 7.072: [GC (Allocation Failure) [PSYoungGen: 667137K->10913K(680448K)] 667557K->11333K(2078720K), 0.0065056 secs] [Times: user=0.00 sys=0.00, real=0.01 secs] 
2020-09-29T11:43:59.446+0200: 7.183: [GC (Allocation Failure) [PSYoungGen: 674977K->5025K(681472K)] 675397K->5445K(2079744K), 0.0042524 secs] [Times: user=0.00 sys=0.00, real=0.00 secs] 
2020-09-29T11:43:59.563+0200: 7.300: [GC (Allocation Failure) [PSYoungGen: 669089K->12865K(679424K)] 669509K->13285K(2077696K), 0.0085789 secs] [Times: user=0.11 sys=0.00, real=0.01 secs] 
2020-09-29T11:43:59.690+0200: 7.427: [GC (Allocation Failure) [PSYoungGen: 675905K->5985K(680960K)] 676325K->6405K(2079232K), 0.0049008 secs] [Times: user=0.13 sys=0.00, real=0.00 secs] 
2020-09-29T11:43:59.803+0200: 7.540: [GC (Allocation Failure) [PSYoungGen: 669025K->12769K(679936K)] 669445K->13189K(2078208K), 0.0083832 secs] [Times: user=0.00 sys=0.00, real=0.01 secs] 
2020-09-29T11:43:59.912+0200: 7.649: [GC (Allocation Failure) [PSYoungGen: 675809K->5889K(680960K)] 676229K->6309K(2079232K), 0.0042190 secs] [Times: user=0.00 sys=0.00, real=0.00 secs] 
2020-09-29T11:44:00.015+0200: 7.753: [GC (Allocation Failure) [PSYoungGen: 668929K->12673K(679424K)] 669349K->13093K(2077696K), 0.0114451 secs] [Times: user=0.08 sys=0.00, real=0.01 secs] 
2020-09-29T11:44:00.139+0200: 7.876: [GC (Allocation Failure) [PSYoungGen: 674689K->4769K(680448K)] 675109K->5189K(2078720K), 0.0044546 secs] [Times: user=0.00 sys=0.00, real=0.00 secs] 
2020-09-29T11:44:00.250+0200: 7.988: [GC (Allocation Failure) [PSYoungGen: 666785K->10561K(680960K)] 667205K->10981K(2079232K), 0.0073867 secs] [Times: user=0.13 sys=0.00, real=0.01 secs] 
2020-09-29T11:44:00.361+0200: 8.097: [GC (Allocation Failure) [PSYoungGen: 672005K->32K(663552K)] 672425K->452K(2061824K), 0.0006685 secs] [Times: user=0.00 sys=0.00, real=0.00 secs] 
2020-09-29T11:44:00.459+0200: 8.196: [GC (Allocation Failure) [PSYoungGen: 663072K->6913K(681472K)] 663492K->7333K(2079744K), 0.0055452 secs] [Times: user=0.00 sys=0.00, real=0.01 secs] 
2020-09-29T11:44:00.573+0200: 8.309: [GC (Allocation Failure) [PSYoungGen: 669953K->13729K(676864K)] 670373K->14149K(2075136K), 0.0082034 secs] [Times: user=0.00 sys=0.00, real=0.01 secs] 
2020-09-29T11:44:00.689+0200: 8.426: [GC (Allocation Failure) [PSYoungGen: 676769K->6849K(680960K)] 677189K->7269K(2079232K), 0.0055766 secs] [Times: user=0.13 sys=0.00, real=0.01 secs] 
2020-09-29T11:44:00.796+0200: 8.533: [GC (Allocation Failure) [PSYoungGen: 668865K->12577K(679936K)] 669285K->12997K(2078208K), 0.0078293 secs] [Times: user=0.11 sys=0.00, real=0.01 secs] 
2020-09-29T11:44:00.909+0200: 8.645: [GC (Allocation Failure) [PSYoungGen: 674593K->4705K(680448K)] 675013K->5125K(2078720K), 0.0042370 secs] [Times: user=0.13 sys=0.00, real=0.00 secs] 
2020-09-29T11:44:01.018+0200: 8.755: [GC (Allocation Failure) [PSYoungGen: 666721K->10433K(680448K)] 667141K->10853K(2078720K), 0.0065818 secs] [Times: user=0.13 sys=0.00, real=0.01 secs] 
2020-09-29T11:44:01.137+0200: 8.873: [GC (Allocation Failure) [PSYoungGen: 672449K->2465K(680960K)] 672869K->2885K(2079232K), 0.0032448 secs] [Times: user=0.00 sys=0.00, real=0.00 secs] 
2020-09-29T11:44:01.245+0200: 8.981: [GC (Allocation Failure) [PSYoungGen: 665505K->9313K(680960K)] 665925K->9733K(2079232K), 0.0057766 secs] [Times: user=0.00 sys=0.00, real=0.01 secs] 
2020-09-29T11:44:01.357+0200: 9.093: [GC (Allocation Failure) [PSYoungGen: 672353K->2433K(680960K)] 672773K->2853K(2079232K), 0.0033143 secs] [Times: user=0.00 sys=0.00, real=0.00 secs] 
2020-09-29T11:44:01.466+0200: 9.203: [GC (Allocation Failure) [PSYoungGen: 665473K->9217K(680960K)] 665893K->9637K(2079232K), 0.0060003 secs] [Times: user=0.00 sys=0.00, real=0.00 secs] 
2020-09-29T11:44:01.583+0200: 9.320: [GC (Allocation Failure) [PSYoungGen: 672257K->2337K(681472K)] 672677K->2757K(2079744K), 0.0032483 secs] [Times: user=0.00 sys=0.00, real=0.00 secs] 
2020-09-29T11:44:01.693+0200: 9.430: [GC (Allocation Failure) [PSYoungGen: 666401K->10177K(681472K)] 666821K->10597K(2079744K), 0.0062615 secs] [Times: user=0.00 sys=0.00, real=0.01 secs] 
2020-09-29T11:44:01.816+0200: 9.552: [GC (Allocation Failure) [PSYoungGen: 674241K->4257K(681984K)] 674661K->4677K(2080256K), 0.0045125 secs] [Times: user=0.13 sys=0.00, real=0.00 secs] 
2020-09-29T11:44:01.940+0200: 9.677: [GC (Allocation Failure) [PSYoungGen: 668833K->12609K(677376K)] 669253K->13029K(2075648K), 0.0078899 secs] [Times: user=0.13 sys=0.00, real=0.01 secs] 
2020-09-29T11:44:02.052+0200: 9.789: [GC (Allocation Failure) [PSYoungGen: 677185K->7265K(681984K)] 677605K->7685K(2080256K), 0.0050366 secs] [Times: user=0.00 sys=0.00, real=0.00 secs] 
2020-09-29T11:44:02.186+0200: 9.923: [GC (Allocation Failure) [PSYoungGen: 671329K->32K(680960K)] 671749K->452K(2079232K), 0.0004999 secs] [Times: user=0.00 sys=0.00, real=0.00 secs] 
2020-09-29T11:44:02.321+0200: 10.057: [GC (Allocation Failure) [PSYoungGen: 664096K->7937K(681984K)] 664516K->8357K(2080256K), 0.0063937 secs] [Times: user=0.00 sys=0.00, real=0.01 secs] 
2020-09-29T11:44:02.449+0200: 10.185: [GC (Allocation Failure) [PSYoungGen: 671966K->32K(681472K)] 672386K->452K(2079744K), 0.0006525 secs] [Times: user=0.00 sys=0.00, real=0.00 secs] 
2020-09-29T11:44:02.586+0200: 10.323: [GC (Allocation Failure) [PSYoungGen: 664608K->8449K(681984K)] 665028K->8869K(2080256K), 0.0067694 secs] [Times: user=0.00 sys=0.00, real=0.01 secs] 
2020-09-29T11:44:02.711+0200: 10.448: [GC (Allocation Failure) [PSYoungGen: 671688K->32K(681984K)] 672108K->452K(2080256K), 0.0006715 secs] [Times: user=0.00 sys=0.00, real=0.00 secs] 
2020-09-29T11:44:02.821+0200: 10.558: [GC (Allocation Failure) [PSYoungGen: 665120K->8993K(681984K)] 665540K->9413K(2080256K), 0.0067948 secs] [Times: user=0.00 sys=0.00, real=0.01 secs] 
2020-09-29T11:44:02.932+0200: 10.669: [GC (Allocation Failure) [PSYoungGen: 674081K->4097K(681984K)] 674501K->4517K(2080256K), 0.0035267 secs] [Times: user=0.00 sys=0.00, real=0.00 secs] 
2020-09-29T11:44:03.037+0200: 10.774: [GC (Allocation Failure) [PSYoungGen: 669185K->13025K(679424K)] 669605K->13445K(2077696K), 0.0089493 secs] [Times: user=0.00 sys=0.00, real=0.01 secs] 
2020-09-29T11:44:03.152+0200: 10.889: [GC (Allocation Failure) [PSYoungGen: 676065K->6049K(680960K)] 676485K->6469K(2079232K), 0.0044598 secs] [Times: user=0.00 sys=0.00, real=0.01 secs] 
2020-09-29T11:44:03.260+0200: 10.998: [GC (Allocation Failure) [PSYoungGen: 669089K->12897K(678912K)] 669509K->13317K(2077184K), 0.0084578 secs] [Times: user=0.00 sys=0.00, real=0.01 secs] 
2020-09-29T11:44:03.367+0200: 11.104: [GC (Allocation Failure) [PSYoungGen: 674913K->4929K(680448K)] 675333K->5349K(2078720K), 0.0038564 secs] [Times: user=0.00 sys=0.00, real=0.00 secs] 
2020-09-29T11:44:03.470+0200: 11.207: [GC (Allocation Failure) [PSYoungGen: 666945K->10753K(680448K)] 667365K->11173K(2078720K), 0.0071340 secs] [Times: user=0.13 sys=0.00, real=0.01 secs] 
2020-09-29T11:44:03.593+0200: 11.330: [GC (Allocation Failure) [PSYoungGen: 671896K->32K(680960K)] 672316K->452K(2079232K), 0.0006920 secs] [Times: user=0.00 sys=0.00, real=0.00 secs] 
2020-09-29T11:44:03.712+0200: 11.449: [GC (Allocation Failure) [PSYoungGen: 663072K->6913K(681984K)] 663492K->7333K(2080256K), 0.0052197 secs] [Times: user=0.00 sys=0.00, real=0.01 secs] 
2020-09-29T11:44:03.817+0200: 11.554: [GC (Allocation Failure) [PSYoungGen: 670977K->32K(680960K)] 671397K->452K(2079232K), 0.0009576 secs] [Times: user=0.00 sys=0.00, real=0.00 secs] 
2020-09-29T11:44:03.922+0200: 11.659: [GC (Allocation Failure) [PSYoungGen: 664096K->7905K(681984K)] 664516K->8325K(2080256K), 0.0057291 secs] [Times: user=0.13 sys=0.00, real=0.01 secs] 
2020-09-29T11:44:04.031+0200: 11.768: [GC (Allocation Failure) [PSYoungGen: 672481K->2593K(681472K)] 672901K->3013K(2079744K), 0.0029019 secs] [Times: user=0.00 sys=0.00, real=0.00 secs] 
2020-09-29T11:44:04.156+0200: 11.893: [GC (Allocation Failure) [PSYoungGen: 667169K->10977K(680448K)] 667589K->11397K(2078720K), 0.0087465 secs] [Times: user=0.09 sys=0.00, real=0.01 secs] 
2020-09-29T11:44:04.278+0200: 12.015: [GC (Allocation Failure) [PSYoungGen: 675041K->5025K(681472K)] 675461K->5445K(2079744K), 0.0042114 secs] [Times: user=0.00 sys=0.00, real=0.00 secs] 
2020-09-29T11:44:04.390+0200: 12.127: [GC (Allocation Failure) [PSYoungGen: 669089K->12865K(679424K)] 669509K->13285K(2077696K), 0.0079706 secs] [Times: user=0.13 sys=0.00, real=0.01 secs] 
2020-09-29T11:44:04.504+0200: 12.240: [GC (Allocation Failure) [PSYoungGen: 675905K->5985K(680960K)] 676325K->6405K(2079232K), 0.0044581 secs] [Times: user=0.13 sys=0.00, real=0.00 secs] 
2020-09-29T11:44:04.619+0200: 12.355: [GC (Allocation Failure) [PSYoungGen: 669025K->12737K(679936K)] 669445K->13157K(2078208K), 0.0087787 secs] [Times: user=0.00 sys=0.00, real=0.01 secs] 
2020-09-29T11:44:04.746+0200: 12.482: [GC (Allocation Failure) [PSYoungGen: 675777K->5953K(680960K)] 676197K->6373K(2079232K), 0.0052768 secs] [Times: user=0.00 sys=0.00, real=0.00 secs] 
2020-09-29T11:44:04.863+0200: 12.600: [GC (Allocation Failure) [PSYoungGen: 668993K->12673K(679424K)] 669413K->13093K(2077696K), 0.0080952 secs] [Times: user=0.13 sys=0.00, real=0.01 secs] 
2020-09-29T11:44:04.981+0200: 12.718: [GC (Allocation Failure) [PSYoungGen: 674689K->4705K(680448K)] 675109K->5125K(2078720K), 0.0045603 secs] [Times: user=0.00 sys=0.00, real=0.01 secs] 
2020-09-29T11:44:05.094+0200: 12.831: [GC (Allocation Failure) [PSYoungGen: 666721K->10497K(680960K)] 667141K->10917K(2079232K), 0.0069029 secs] [Times: user=0.11 sys=0.00, real=0.01 secs] 
2020-09-29T11:44:05.214+0200: 12.951: [GC (Allocation Failure) [PSYoungGen: 671941K->32K(663552K)] 672361K->452K(2061824K), 0.0004631 secs] [Times: user=0.00 sys=0.00, real=0.00 secs] 
2020-09-29T11:44:05.322+0200: 13.059: [GC (Allocation Failure) [PSYoungGen: 663072K->6913K(681472K)] 663492K->7333K(2079744K), 0.0054088 secs] [Times: user=0.00 sys=0.00, real=0.01 secs] 
2020-09-29T11:44:05.448+0200: 13.184: [GC (Allocation Failure) [PSYoungGen: 669953K->13665K(680448K)] 670373K->14085K(2078720K), 0.0084368 secs] [Times: user=0.00 sys=0.00, real=0.01 secs] 
2020-09-29T11:44:05.584+0200: 13.321: [GC (Allocation Failure) [PSYoungGen: 676705K->6785K(680960K)] 677125K->7205K(2079232K), 0.0059115 secs] [Times: user=0.00 sys=0.00, real=0.00 secs] 
2020-09-29T11:44:05.734+0200: 13.471: [GC (Allocation Failure) [PSYoungGen: 669313K->13057K(675840K)] 669733K->13477K(2074112K), 0.0100226 secs] [Times: user=0.09 sys=0.00, real=0.01 secs] 
2020-09-29T11:44:05.892+0200: 13.629: [GC (Allocation Failure) [PSYoungGen: 675585K->5665K(680960K)] 676005K->6085K(2079232K), 0.0348214 secs] [Times: user=0.26 sys=0.00, real=0.04 secs] 
2020-09-29T11:44:06.258+0200: 13.996: [GC (Allocation Failure) [PSYoungGen: 667681K->11489K(679936K)] 668101K->11909K(2078208K), 0.0219627 secs] [Times: user=0.02 sys=0.00, real=0.02 secs] 
2020-09-29T11:44:06.551+0200: 14.288: [GC (Allocation Failure) [PSYoungGen: 671637K->32K(679424K)] 672057K->452K(2077696K), 0.0012793 secs] [Times: user=0.00 sys=0.00, real=0.00 secs] 
2020-09-29T11:44:06.810+0200: 14.548: [GC (Allocation Failure) [PSYoungGen: 661024K->4833K(679936K)] 661444K->5253K(2078208K), 0.0068826 secs] [Times: user=0.03 sys=0.00, real=0.01 secs] 
2020-09-29T11:44:07.030+0200: 14.767: [GC (Allocation Failure) [PSYoungGen: 665825K->9569K(680960K)] 666245K->9989K(2079232K), 0.0131708 secs] [Times: user=0.06 sys=0.00, real=0.01 secs] 
2020-09-29T11:44:07.212+0200: 14.949: [GC (Allocation Failure) [PSYoungGen: 672097K->2145K(680448K)] 672517K->2565K(2078720K), 0.0025862 secs] [Times: user=0.00 sys=0.00, real=0.00 secs] 
2020-09-29T11:44:07.388+0200: 15.125: [GC (Allocation Failure) [PSYoungGen: 664673K->8417K(681472K)] 665093K->8837K(2079744K), 0.0083113 secs] [Times: user=0.08 sys=0.00, real=0.01 secs] 
2020-09-29T11:44:07.859+0200: 15.596: [GC (Allocation Failure) [PSYoungGen: 671969K->2017K(680960K)] 672389K->2437K(2079232K), 0.0070627 secs] [Times: user=0.00 sys=0.00, real=0.01 secs] 
2020-09-29T11:44:08.228+0200: 15.965: [GC (Allocation Failure) [PSYoungGen: 665569K->9345K(681472K)] 665989K->9765K(2079744K), 0.0158432 secs] [Times: user=0.05 sys=0.00, real=0.02 secs] 
2020-09-29T11:44:08.479+0200: 16.216: [GC (Allocation Failure) [PSYoungGen: 673409K->3521K(681472K)] 673829K->3941K(2079744K), 0.0046071 secs] [Times: user=0.00 sys=0.00, real=0.00 secs] 
2020-09-29T11:44:08.686+0200: 16.423: [GC (Allocation Failure) [PSYoungGen: 667585K->11361K(680960K)] 668005K->11781K(2079232K), 0.0081609 secs] [Times: user=0.11 sys=0.00, real=0.01 secs] 
2020-09-29T11:44:08.812+0200: 16.549: [GC (Allocation Failure) [PSYoungGen: 675425K->5473K(681472K)] 675845K->5893K(2079744K), 0.0052026 secs] [Times: user=0.09 sys=0.00, real=0.00 secs] 
2020-09-29T11:44:08.952+0200: 16.689: [GC (Allocation Failure) [PSYoungGen: 669537K->13345K(678912K)] 669957K->13765K(2077184K), 0.0121369 secs] [Times: user=0.09 sys=0.00, real=0.01 secs] 
2020-09-29T11:44:09.094+0200: 16.830: [GC (Allocation Failure) [PSYoungGen: 675361K->5377K(680448K)] 675781K->5797K(2078720K), 0.0062320 secs] [Times: user=0.11 sys=0.00, real=0.01 secs] 
2020-09-29T11:44:09.229+0200: 16.965: [GC (Allocation Failure) [PSYoungGen: 667393K->11169K(680448K)] 667813K->11589K(2078720K), 0.0096530 secs] [Times: user=0.00 sys=0.00, real=0.01 secs] 
2020-09-29T11:44:09.358+0200: 17.094: [GC (Allocation Failure) [PSYoungGen: 674209K->4257K(680960K)] 674629K->4677K(2079232K), 0.0039907 secs] [Times: user=0.00 sys=0.00, real=0.00 secs] 
2020-09-29T11:44:09.479+0200: 17.215: [GC (Allocation Failure) [PSYoungGen: 667297K->11041K(680448K)] 667717K->11461K(2078720K), 0.0078915 secs] [Times: user=0.00 sys=0.00, real=0.01 secs] 
2020-09-29T11:44:09.599+0200: 17.335: [GC (Allocation Failure) [PSYoungGen: 674081K->4161K(680960K)] 674501K->4581K(2079232K), 0.0041358 secs] [Times: user=0.00 sys=0.00, real=0.00 secs] 
2020-09-29T11:44:09.731+0200: 17.467: [GC (Allocation Failure) [PSYoungGen: 667201K->10945K(680448K)] 667621K->11365K(2078720K), 0.0081227 secs] [Times: user=0.00 sys=0.00, real=0.01 secs] 
2020-09-29T11:44:09.858+0200: 17.594: [GC (Allocation Failure) [PSYoungGen: 673985K->4033K(680960K)] 674405K->4453K(2079232K), 0.0042472 secs] [Times: user=0.00 sys=0.00, real=0.00 secs] 
2020-09-29T11:44:09.969+0200: 17.706: [GC (Allocation Failure) [PSYoungGen: 667073K->10849K(680448K)] 667493K->11269K(2078720K), 0.0066428 secs] [Times: user=0.13 sys=0.00, real=0.01 secs] 
2020-09-29T11:44:10.075+0200: 17.811: [GC (Allocation Failure) [PSYoungGen: 673889K->3969K(680960K)] 674309K->4389K(2079232K), 0.0040003 secs] [Times: user=0.00 sys=0.00, real=0.00 secs] 
2020-09-29T11:44:10.199+0200: 17.937: [GC (Allocation Failure) [PSYoungGen: 667009K->10785K(680448K)] 667429K->11205K(2078720K), 0.0069232 secs] [Times: user=0.00 sys=0.00, real=0.01 secs] 
2020-09-29T11:44:10.311+0200: 18.048: [GC (Allocation Failure) [PSYoungGen: 673825K->3873K(680960K)] 674245K->4293K(2079232K), 0.0038320 secs] [Times: user=0.00 sys=0.00, real=0.00 secs] 
2020-09-29T11:44:10.430+0200: 18.166: [GC (Allocation Failure) [PSYoungGen: 666913K->10721K(680448K)] 667333K->11141K(2078720K), 0.0078283 secs] [Times: user=0.00 sys=0.00, real=0.01 secs] 
2020-09-29T11:44:10.572+0200: 18.308: [GC (Allocation Failure) [PSYoungGen: 673761K->3777K(680960K)] 674181K->4197K(2079232K), 0.0039847 secs] [Times: user=0.00 sys=0.00, real=0.00 secs] 
2020-09-29T11:44:10.709+0200: 18.446: [GC (Allocation Failure) [PSYoungGen: 666817K->10625K(681472K)] 667237K->11045K(2079744K), 0.0083455 secs] [Times: user=0.00 sys=0.00, real=0.01 secs] 
2020-09-29T11:44:10.842+0200: 18.579: [GC (Allocation Failure) [PSYoungGen: 674689K->4705K(681472K)] 675109K->5125K(2079744K), 0.0039376 secs] [Times: user=0.00 sys=0.00, real=0.00 secs] 
2020-09-29T11:44:10.954+0200: 18.690: [GC (Allocation Failure) [PSYoungGen: 668769K->12545K(679936K)] 669189K->12965K(2078208K), 0.0080358 secs] [Times: user=0.13 sys=0.00, real=0.01 secs] 
2020-09-29T11:44:11.067+0200: 18.803: [GC (Allocation Failure) [PSYoungGen: 675585K->5633K(680960K)] 676005K->6053K(2079232K), 0.0041337 secs] [Times: user=0.00 sys=0.00, real=0.00 secs] 
2020-09-29T11:44:11.170+0200: 18.907: [GC (Allocation Failure) [PSYoungGen: 668673K->12449K(679424K)] 669093K->12869K(2077696K), 0.0074687 secs] [Times: user=0.13 sys=0.00, real=0.01 secs] 
2020-09-29T11:44:11.280+0200: 19.016: [GC (Allocation Failure) [PSYoungGen: 674465K->4513K(680448K)] 674885K->4933K(2078720K), 0.0038334 secs] [Times: user=0.00 sys=0.00, real=0.00 secs] 
2020-09-29T11:44:11.381+0200: 19.118: [GC (Allocation Failure) [PSYoungGen: 666529K->10273K(680960K)] 666949K->10693K(2079232K), 0.0065999 secs] [Times: user=0.00 sys=0.00, real=0.01 secs] 
2020-09-29T11:44:11.492+0200: 19.229: [GC (Allocation Failure) [PSYoungGen: 671771K->32K(663552K)] 672191K->452K(2061824K), 0.0004979 secs] [Times: user=0.00 sys=0.00, real=0.00 secs] 
2020-09-29T11:44:11.598+0200: 19.334: [GC (Allocation Failure) [PSYoungGen: 663072K->6913K(681472K)] 663492K->7333K(2079744K), 0.0054022 secs] [Times: user=0.13 sys=0.00, real=0.00 secs] 
2020-09-29T11:44:11.717+0200: 19.454: [GC (Allocation Failure) [PSYoungGen: 669953K->13729K(680448K)] 670373K->14149K(2078720K), 0.0091499 secs] [Times: user=0.13 sys=0.00, real=0.01 secs] 
2020-09-29T11:44:11.880+0200: 19.616: [GC (Allocation Failure) [PSYoungGen: 676769K->6785K(680960K)] 677189K->7205K(2079232K), 0.0057240 secs] [Times: user=0.00 sys=0.00, real=0.01 secs] 
2020-09-29T11:44:12.039+0200: 19.775: [GC (Allocation Failure) [PSYoungGen: 669313K->13153K(675840K)] 669733K->13573K(2074112K), 0.0086717 secs] [Times: user=0.00 sys=0.00, real=0.01 secs] 
2020-09-29T11:44:12.159+0200: 19.896: [GC (Allocation Failure) [PSYoungGen: 675681K->5697K(680448K)] 676101K->6117K(2078720K), 0.0047926 secs] [Times: user=0.09 sys=0.00, real=0.01 secs] 
2020-09-29T11:44:12.281+0200: 20.018: [GC (Allocation Failure) [PSYoungGen: 667201K->10945K(679936K)] 667621K->11365K(2078208K), 0.0082346 secs] [Times: user=0.11 sys=0.00, real=0.01 secs] 
2020-09-29T11:44:12.413+0200: 20.149: [GC (Allocation Failure) [PSYoungGen: 672449K->2465K(680448K)] 672869K->2885K(2078720K), 0.0034912 secs] [Times: user=0.00 sys=0.00, real=0.00 secs] 
2020-09-29T11:44:12.535+0200: 20.272: [GC (Allocation Failure) [PSYoungGen: 664481K->8289K(680448K)] 664901K->8709K(2078720K), 0.0059942 secs] [Times: user=0.09 sys=0.00, real=0.01 secs] 
2020-09-29T11:44:12.660+0200: 20.397: [GC (Allocation Failure) [PSYoungGen: 670305K->32K(680448K)] 670725K->452K(2078720K), 0.0005023 secs] [Times: user=0.00 sys=0.00, real=0.00 secs] 
2020-09-29T11:44:12.772+0200: 20.509: [GC (Allocation Failure) [PSYoungGen: 663072K->6945K(680960K)] 663492K->7365K(2079232K), 0.0053099 secs] [Times: user=0.00 sys=0.00, real=0.01 secs] 
2020-09-29T11:44:12.904+0200: 20.641: [GC (Allocation Failure) [PSYoungGen: 669985K->13729K(678912K)] 670405K->14149K(2077184K), 0.0111243 secs] [Times: user=0.09 sys=0.00, real=0.01 secs] 
2020-09-29T11:44:13.061+0200: 20.798: [GC (Allocation Failure) [PSYoungGen: 675745K->5761K(680448K)] 676165K->6181K(2078720K), 0.0051889 secs] [Times: user=0.00 sys=0.00, real=0.00 secs] 
2020-09-29T11:44:13.182+0200: 20.919: [GC (Allocation Failure) [PSYoungGen: 667777K->11585K(680448K)] 668197K->12005K(2078720K), 0.0068042 secs] [Times: user=0.00 sys=0.00, real=0.01 secs] 
2020-09-29T11:44:13.316+0200: 21.053: [GC (Allocation Failure) [PSYoungGen: 674625K->4673K(680960K)] 675045K->5093K(2079232K), 0.0046524 secs] [Times: user=0.11 sys=0.00, real=0.01 secs] 
2020-09-29T11:44:13.440+0200: 21.176: [GC (Allocation Failure) [PSYoungGen: 667713K->11457K(680960K)] 668133K->11877K(2079232K), 0.0085587 secs] [Times: user=0.11 sys=0.00, real=0.01 secs] 
2020-09-29T11:44:13.568+0200: 21.305: [GC (Allocation Failure) [PSYoungGen: 674497K->4577K(680960K)] 674917K->4997K(2079232K), 0.0047924 secs] [Times: user=0.00 sys=0.00, real=0.00 secs] 
2020-09-29T11:44:13.696+0200: 21.432: [GC (Allocation Failure) [PSYoungGen: 667617K->11361K(680960K)] 668037K->11781K(2079232K), 0.0080110 secs] [Times: user=0.00 sys=0.00, real=0.01 secs] 
2020-09-29T11:44:13.825+0200: 21.562: [GC (Allocation Failure) [PSYoungGen: 674401K->4513K(680960K)] 674821K->4933K(2079232K), 0.0042882 secs] [Times: user=0.00 sys=0.00, real=0.00 secs] 
2020-09-29T11:44:13.951+0200: 21.688: [GC (Allocation Failure) [PSYoungGen: 667553K->11265K(680960K)] 667973K->11685K(2079232K), 0.0085588 secs] [Times: user=0.11 sys=0.00, real=0.01 secs] 
2020-09-29T11:44:14.074+0200: 21.810: [GC (Allocation Failure) [PSYoungGen: 674305K->4385K(680960K)] 674725K->4805K(2079232K), 0.0040350 secs] [Times: user=0.00 sys=0.00, real=0.00 secs] 
2020-09-29T11:44:14.185+0200: 21.922: [GC (Allocation Failure) [PSYoungGen: 667425K->11169K(680960K)] 667845K->11589K(2079232K), 0.0068352 secs] [Times: user=0.00 sys=0.00, real=0.01 secs] 
2020-09-29T11:44:14.288+0200: 22.025: [GC (Allocation Failure) [PSYoungGen: 674209K->4225K(680960K)] 674629K->4645K(2079232K), 0.0034849 secs] [Times: user=0.00 sys=0.00, real=0.00 secs] 
2020-09-29T11:44:14.403+0200: 22.141: [GC (Allocation Failure) [PSYoungGen: 667265K->11105K(680960K)] 667685K->11525K(2079232K), 0.0083056 secs] [Times: user=0.11 sys=0.00, real=0.01 secs] 
2020-09-29T11:44:14.588+0200: 22.325: [GC (Allocation Failure) [PSYoungGen: 674145K->4161K(680960K)] 674565K->4581K(2079232K), 0.0048521 secs] [Times: user=0.00 sys=0.00, real=0.00 secs] 
2020-09-29T11:44:14.780+0200: 22.517: [GC (Allocation Failure) [PSYoungGen: 667201K->10977K(680960K)] 667621K->11397K(2079232K), 0.0091821 secs] [Times: user=0.11 sys=0.00, real=0.01 secs] 
2020-09-29T11:44:14.941+0200: 22.679: [GC (Allocation Failure) [PSYoungGen: 674017K->4033K(680960K)] 674437K->4453K(2079232K), 0.0044416 secs] [Times: user=0.05 sys=0.00, real=0.01 secs] 
2020-09-29T11:44:15.082+0200: 22.819: [GC (Allocation Failure) [PSYoungGen: 667073K->10849K(680448K)] 667493K->11269K(2078720K), 0.0074782 secs] [Times: user=0.00 sys=0.00, real=0.01 secs] 
2020-09-29T11:44:15.236+0200: 22.973: [GC (Allocation Failure) [PSYoungGen: 673889K->4001K(680960K)] 674309K->4421K(2079232K), 0.0072131 secs] [Times: user=0.11 sys=0.00, real=0.01 secs] 
2020-09-29T11:44:15.417+0200: 23.154: [GC (Allocation Failure) [PSYoungGen: 667041K->10785K(680448K)] 667461K->11205K(2078720K), 0.0066218 secs] [Times: user=0.00 sys=0.00, real=0.01 secs] 
2020-09-29T11:44:15.534+0200: 23.271: [GC (Allocation Failure) [PSYoungGen: 673825K->3937K(680960K)] 674245K->4357K(2079232K), 0.0039070 secs] [Times: user=0.13 sys=0.00, real=0.00 secs] 
2020-09-29T11:44:15.674+0200: 23.412: [GC (Allocation Failure) [PSYoungGen: 666977K->10721K(680448K)] 667397K->11141K(2078720K), 0.0079612 secs] [Times: user=0.13 sys=0.00, real=0.01 secs] 
2020-09-29T11:44:15.804+0200: 23.541: [GC (Allocation Failure) [PSYoungGen: 673761K->3809K(680960K)] 674181K->4229K(2079232K), 0.0037191 secs] [Times: user=0.00 sys=0.00, real=0.00 secs] 
2020-09-29T11:44:15.915+0200: 23.652: [GC (Allocation Failure) [PSYoungGen: 666849K->10561K(681472K)] 667269K->10981K(2079744K), 0.0065413 secs] [Times: user=0.00 sys=0.00, real=0.01 secs] 
2020-09-29T11:44:16.025+0200: 23.761: [GC (Allocation Failure) [PSYoungGen: 674625K->4737K(681472K)] 675045K->5157K(2079744K), 0.0040111 secs] [Times: user=0.00 sys=0.00, real=0.00 secs] 
2020-09-29T11:44:16.139+0200: 23.876: [GC (Allocation Failure) [PSYoungGen: 668801K->12513K(680448K)] 669221K->12933K(2078720K), 0.0073104 secs] [Times: user=0.13 sys=0.00, real=0.01 secs] 
2020-09-29T11:44:16.249+0200: 23.986: [GC (Allocation Failure) [PSYoungGen: 675553K->5633K(680960K)] 675973K->6053K(2079232K), 0.0045163 secs] [Times: user=0.00 sys=0.00, real=0.00 secs] 
2020-09-29T11:44:16.357+0200: 24.094: [GC (Allocation Failure) [PSYoungGen: 668673K->12449K(679424K)] 669093K->12869K(2077696K), 0.0074612 secs] [Times: user=0.13 sys=0.00, real=0.01 secs] 
2020-09-29T11:44:16.460+0200: 24.197: [GC (Allocation Failure) [PSYoungGen: 674465K->4513K(680448K)] 674885K->4933K(2078720K), 0.0039455 secs] [Times: user=0.00 sys=0.00, real=0.00 secs] 
2020-09-29T11:44:16.571+0200: 24.308: [GC (Allocation Failure) [PSYoungGen: 666529K->10273K(680960K)] 666949K->10693K(2079232K), 0.0072253 secs] [Times: user=0.00 sys=0.00, real=0.01 secs] 
2020-09-29T11:44:16.689+0200: 24.426: [GC (Allocation Failure) [PSYoungGen: 671771K->32K(663552K)] 672191K->452K(2061824K), 0.0007266 secs] [Times: user=0.00 sys=0.00, real=0.00 secs] 
2020-09-29T11:44:16.812+0200: 24.549: [GC (Allocation Failure) [PSYoungGen: 663072K->6913K(681472K)] 663492K->7333K(2079744K), 0.0055372 secs] [Times: user=0.08 sys=0.00, real=0.00 secs] 
2020-09-29T11:44:16.938+0200: 24.675: [GC (Allocation Failure) [PSYoungGen: 669953K->13665K(680448K)] 670373K->14085K(2078720K), 0.0099957 secs] [Times: user=0.11 sys=0.00, real=0.01 secs] 
2020-09-29T11:44:17.071+0200: 24.808: [GC (Allocation Failure) [PSYoungGen: 676705K->6849K(680960K)] 677125K->7269K(2079232K), 0.0061010 secs] [Times: user=0.00 sys=0.00, real=0.01 secs] 
2020-09-29T11:44:17.193+0200: 24.930: [GC (Allocation Failure) [PSYoungGen: 669377K->13089K(675840K)] 669797K->13509K(2074112K), 0.0088660 secs] [Times: user=0.00 sys=0.00, real=0.01 secs] 
2020-09-29T11:44:17.318+0200: 25.055: [GC (Allocation Failure) [PSYoungGen: 675617K->5697K(680448K)] 676037K->6117K(2078720K), 0.0047368 secs] [Times: user=0.00 sys=0.00, real=0.00 secs] 
2020-09-29T11:44:17.433+0200: 25.170: [GC (Allocation Failure) [PSYoungGen: 667201K->10913K(679936K)] 667621K->11333K(2078208K), 0.0073132 secs] [Times: user=0.00 sys=0.00, real=0.01 secs] 
2020-09-29T11:44:17.553+0200: 25.290: [GC (Allocation Failure) [PSYoungGen: 672417K->2497K(680448K)] 672837K->2917K(2078720K), 0.0034077 secs] [Times: user=0.00 sys=0.00, real=0.00 secs] 
2020-09-29T11:44:17.690+0200: 25.427: [GC (Allocation Failure) [PSYoungGen: 664513K->8353K(680448K)] 664933K->8773K(2078720K), 0.0069368 secs] [Times: user=0.13 sys=0.00, real=0.01 secs] 
2020-09-29T11:44:17.814+0200: 25.551: [GC (Allocation Failure) [PSYoungGen: 670369K->32K(680448K)] 670789K->452K(2078720K), 0.0007366 secs] [Times: user=0.00 sys=0.00, real=0.00 secs] 
2020-09-29T11:44:17.944+0200: 25.681: [GC (Allocation Failure) [PSYoungGen: 663072K->6945K(680960K)] 663492K->7365K(2079232K), 0.0057651 secs] [Times: user=0.00 sys=0.00, real=0.01 secs] 
2020-09-29T11:44:18.067+0200: 25.803: [GC (Allocation Failure) [PSYoungGen: 669985K->13729K(678912K)] 670405K->14149K(2077184K), 0.0086267 secs] [Times: user=0.00 sys=0.00, real=0.01 secs] 
2020-09-29T11:44:18.185+0200: 25.922: [GC (Allocation Failure) [PSYoungGen: 675745K->5825K(680448K)] 676165K->6245K(2078720K), 0.0049627 secs] [Times: user=0.00 sys=0.00, real=0.01 secs] 
2020-09-29T11:44:18.310+0200: 26.046: [GC (Allocation Failure) [PSYoungGen: 667841K->11521K(680448K)] 668261K->11941K(2078720K), 0.0082671 secs] [Times: user=0.13 sys=0.00, real=0.01 secs] 
2020-09-29T11:44:18.433+0200: 26.170: [GC (Allocation Failure) [PSYoungGen: 674561K->4673K(680960K)] 674981K->5093K(2079232K), 0.0043951 secs] [Times: user=0.00 sys=0.00, real=0.00 secs] 
2020-09-29T11:44:18.560+0200: 26.296: [GC (Allocation Failure) [PSYoungGen: 667713K->11425K(680960K)] 668133K->11845K(2079232K), 0.0087854 secs] [Times: user=0.13 sys=0.00, real=0.01 secs] 
2020-09-29T11:44:18.689+0200: 26.426: [GC (Allocation Failure) [PSYoungGen: 674465K->4641K(680960K)] 674885K->5061K(2079232K), 0.0044531 secs] [Times: user=0.11 sys=0.00, real=0.01 secs] 
2020-09-29T11:44:18.825+0200: 26.562: [GC (Allocation Failure) [PSYoungGen: 667681K->11361K(680960K)] 668101K->11781K(2079232K), 0.0083849 secs] [Times: user=0.13 sys=0.00, real=0.01 secs] 
2020-09-29T11:44:18.954+0200: 26.690: [GC (Allocation Failure) [PSYoungGen: 674401K->4449K(680960K)] 674821K->4869K(2079232K), 0.0041698 secs] [Times: user=0.00 sys=0.02, real=0.00 secs] 
2020-09-29T11:44:19.064+0200: 26.800: [GC (Allocation Failure) [PSYoungGen: 667489K->11265K(680960K)] 667909K->11685K(2079232K), 0.0077300 secs] [Times: user=0.11 sys=0.00, real=0.01 secs] 
2020-09-29T11:44:19.176+0200: 26.912: [GC (Allocation Failure) [PSYoungGen: 674305K->4289K(680960K)] 674725K->4709K(2079232K), 0.0037437 secs] [Times: user=0.13 sys=0.00, real=0.00 secs] 
Heap
 PSYoungGen      total 680960K, used 343605K [0x00000000d5580000, 0x0000000100000000, 0x0000000100000000)
  eden space 663040K, 51% used [0x00000000d5580000,0x00000000ea0dd180,0x00000000fdd00000)
  from space 17920K, 23% used [0x00000000fdd00000,0x00000000fe130490,0x00000000fee80000)
  to   space 17920K, 0% used [0x00000000fee80000,0x00000000fee80000,0x0000000100000000)
 ParOldGen       total 1398272K, used 420K [0x0000000080000000, 0x00000000d5580000, 0x00000000d5580000)
  object space 1398272K, 0% used [0x0000000080000000,0x0000000080069060,0x00000000d5580000)
 Metaspace       used 2594K, capacity 4486K, committed 4864K, reserved 1056768K
  class space    used 285K, capacity 386K, committed 512K, reserved 1048576K
