Java HotSpot(TM) 64-Bit Server VM (25.261-b12) for windows-amd64 JRE (1.8.0_261-b12), built on Jun 18 2020 06:56:32 by "" with unknown MS VC++:1916
Memory: 4k page, physical 16659684k(9682992k free), swap 23213284k(8231364k free)
CommandLine flags: -XX:InitialHeapSize=2147483648 -XX:MaxHeapSize=2147483648 -XX:+PrintGC -XX:+PrintGCDateStamps -XX:+PrintGCDetails -XX:+PrintGCTimeStamps -XX:+UseCompressedClassPointers -XX:+UseCompressedOops -XX:-UseLargePagesIndividualAllocation -XX:+UseParallelGC 
2020-09-29T11:43:04.374+0200: 0.464: [GC (Allocation Failure) [PSYoungGen: 524800K->11985K(611840K)] 524800K->11993K(2010112K), 0.0112635 secs] [Times: user=0.13 sys=0.00, real=0.01 secs] 
2020-09-29T11:43:04.492+0200: 0.582: [GC (Allocation Failure) [PSYoungGen: 536785K->3489K(611840K)] 536793K->3497K(2010112K), 0.0057612 secs] [Times: user=0.00 sys=0.00, real=0.01 secs] 
2020-09-29T11:43:04.596+0200: 0.687: [GC (Allocation Failure) [PSYoungGen: 528289K->8593K(611840K)] 528297K->8601K(2010112K), 0.0079981 secs] [Times: user=0.09 sys=0.00, real=0.01 secs] 
2020-09-29T11:43:04.705+0200: 0.795: [GC (Allocation Failure) [PSYoungGen: 533393K->13729K(611840K)] 533401K->13737K(2010112K), 0.0107658 secs] [Times: user=0.13 sys=0.00, real=0.01 secs] 
2020-09-29T11:43:04.812+0200: 0.902: [GC (Allocation Failure) [PSYoungGen: 538529K->5249K(611840K)] 538537K->5257K(2010112K), 0.0048297 secs] [Times: user=0.13 sys=0.00, real=0.00 secs] 
2020-09-29T11:43:04.913+0200: 1.003: [GC (Allocation Failure) [PSYoungGen: 530049K->10401K(682496K)] 530057K->10409K(2080768K), 0.0097684 secs] [Times: user=0.00 sys=0.00, real=0.01 secs] 
2020-09-29T11:43:05.106+0200: 1.196: [GC (Allocation Failure) [PSYoungGen: 676513K->6241K(682496K)] 676521K->6645K(2080768K), 0.0071471 secs] [Times: user=0.00 sys=0.00, real=0.01 secs] 
2020-09-29T11:43:05.234+0200: 1.324: [GC (Allocation Failure) [PSYoungGen: 671643K->32K(681984K)] 672047K->436K(2080256K), 0.0007408 secs] [Times: user=0.00 sys=0.00, real=0.00 secs] 
2020-09-29T11:43:05.357+0200: 1.447: [GC (Allocation Failure) [PSYoungGen: 666144K->10017K(676352K)] 666548K->10421K(2074624K), 0.0082391 secs] [Times: user=0.13 sys=0.00, real=0.01 secs] 
2020-09-29T11:43:05.489+0200: 1.579: [GC (Allocation Failure) [PSYoungGen: 676129K->6209K(683008K)] 676533K->6613K(2081280K), 0.0055718 secs] [Times: user=0.00 sys=0.00, real=0.01 secs] 
2020-09-29T11:43:05.618+0200: 1.708: [GC (Allocation Failure) [PSYoungGen: 672321K->2401K(681984K)] 672725K->2805K(2080256K), 0.0032193 secs] [Times: user=0.00 sys=0.00, real=0.00 secs] 
2020-09-29T11:43:05.746+0200: 1.836: [GC (Allocation Failure) [PSYoungGen: 668513K->12225K(680960K)] 668917K->12629K(2079232K), 0.0094346 secs] [Times: user=0.09 sys=0.03, real=0.01 secs] 
2020-09-29T11:43:05.882+0200: 1.972: [GC (Allocation Failure) [PSYoungGen: 677313K->7361K(681984K)] 677717K->7765K(2080256K), 0.0061945 secs] [Times: user=0.00 sys=0.00, real=0.01 secs] 
2020-09-29T11:43:06.010+0200: 2.100: [GC (Allocation Failure) [PSYoungGen: 672449K->2465K(682496K)] 672853K->2869K(2080768K), 0.0035171 secs] [Times: user=0.00 sys=0.00, real=0.00 secs] 
2020-09-29T11:43:06.141+0200: 2.230: [GC (Allocation Failure) [PSYoungGen: 668577K->12385K(678912K)] 668981K->12789K(2077184K), 0.0096764 secs] [Times: user=0.13 sys=0.00, real=0.01 secs] 
2020-09-29T11:43:06.272+0200: 2.362: [GC (Allocation Failure) [PSYoungGen: 678497K->8609K(681984K)] 678901K->9013K(2080256K), 0.0073959 secs] [Times: user=0.00 sys=0.00, real=0.01 secs] 
2020-09-29T11:43:06.402+0200: 2.492: [GC (Allocation Failure) [PSYoungGen: 673185K->3201K(681472K)] 673589K->3605K(2079744K), 0.0041138 secs] [Times: user=0.00 sys=0.00, real=0.00 secs] 
2020-09-29T11:43:06.533+0200: 2.623: [GC (Allocation Failure) [PSYoungGen: 667777K->11553K(680960K)] 668181K->11957K(2079232K), 0.0088383 secs] [Times: user=0.13 sys=0.00, real=0.01 secs] 
2020-09-29T11:43:06.669+0200: 2.759: [GC (Allocation Failure) [PSYoungGen: 675617K->5665K(681472K)] 676021K->6069K(2079744K), 0.0054055 secs] [Times: user=0.00 sys=0.00, real=0.01 secs] 
2020-09-29T11:43:06.798+0200: 2.888: [GC (Allocation Failure) [PSYoungGen: 669729K->13537K(679936K)] 670133K->13941K(2078208K), 0.0099318 secs] [Times: user=0.13 sys=0.00, real=0.01 secs] 
2020-09-29T11:43:06.930+0200: 3.020: [GC (Allocation Failure) [PSYoungGen: 676577K->6657K(680960K)] 676981K->7061K(2079232K), 0.0061032 secs] [Times: user=0.00 sys=0.00, real=0.01 secs] 
2020-09-29T11:43:07.058+0200: 3.148: [GC (Allocation Failure) [PSYoungGen: 669697K->13473K(679424K)] 670101K->13877K(2077696K), 0.0099722 secs] [Times: user=0.13 sys=0.00, real=0.01 secs] 
2020-09-29T11:43:07.190+0200: 3.280: [GC (Allocation Failure) [PSYoungGen: 675489K->5505K(680448K)] 675893K->5909K(2078720K), 0.0051860 secs] [Times: user=0.13 sys=0.00, real=0.00 secs] 
2020-09-29T11:43:07.318+0200: 3.408: [GC (Allocation Failure) [PSYoungGen: 667521K->11233K(679936K)] 667925K->11637K(2078208K), 0.0088370 secs] [Times: user=0.00 sys=0.00, real=0.01 secs] 
2020-09-29T11:43:07.448+0200: 3.538: [GC (Allocation Failure) [PSYoungGen: 671722K->32K(680448K)] 672126K->436K(2078720K), 0.0005338 secs] [Times: user=0.00 sys=0.00, real=0.00 secs] 
2020-09-29T11:43:07.570+0200: 3.660: [GC (Allocation Failure) [PSYoungGen: 662048K->5921K(680960K)] 662452K->6325K(2079232K), 0.0054805 secs] [Times: user=0.00 sys=0.00, real=0.01 secs] 
2020-09-29T11:43:07.700+0200: 3.790: [GC (Allocation Failure) [PSYoungGen: 668449K->12193K(680448K)] 668853K->12597K(2078720K), 0.0094137 secs] [Times: user=0.13 sys=0.00, real=0.01 secs] 
2020-09-29T11:43:07.831+0200: 3.921: [GC (Allocation Failure) [PSYoungGen: 674721K->4769K(680960K)] 675125K->5173K(2079232K), 0.0048980 secs] [Times: user=0.13 sys=0.00, real=0.00 secs] 
2020-09-29T11:43:07.958+0200: 4.048: [GC (Allocation Failure) [PSYoungGen: 667297K->11073K(680448K)] 667701K->11477K(2078720K), 0.0085770 secs] [Times: user=0.00 sys=0.00, real=0.01 secs] 
2020-09-29T11:43:08.103+0200: 4.193: [GC (Allocation Failure) [PSYoungGen: 673601K->3681K(680960K)] 674005K->4085K(2079232K), 0.0042910 secs] [Times: user=0.00 sys=0.00, real=0.00 secs] 
2020-09-29T11:43:08.229+0200: 4.319: [GC (Allocation Failure) [PSYoungGen: 666209K->9889K(680448K)] 666613K->10293K(2078720K), 0.0080121 secs] [Times: user=0.00 sys=0.00, real=0.01 secs] 
2020-09-29T11:43:08.358+0200: 4.448: [GC (Allocation Failure) [PSYoungGen: 672417K->2465K(680960K)] 672821K->2869K(2079232K), 0.0033373 secs] [Times: user=0.00 sys=0.00, real=0.00 secs] 
2020-09-29T11:43:08.484+0200: 4.574: [GC (Allocation Failure) [PSYoungGen: 665505K->9377K(680960K)] 665909K->9781K(2079232K), 0.0076494 secs] [Times: user=0.13 sys=0.00, real=0.01 secs] 
2020-09-29T11:43:08.618+0200: 4.708: [GC (Allocation Failure) [PSYoungGen: 672417K->2401K(681472K)] 672821K->2805K(2079744K), 0.0036119 secs] [Times: user=0.00 sys=0.00, real=0.00 secs] 
2020-09-29T11:43:08.746+0200: 4.836: [GC (Allocation Failure) [PSYoungGen: 666465K->10241K(681472K)] 666869K->10645K(2079744K), 0.0085301 secs] [Times: user=0.00 sys=0.00, real=0.01 secs] 
2020-09-29T11:43:08.879+0200: 4.969: [GC (Allocation Failure) [PSYoungGen: 674305K->4385K(681984K)] 674709K->4789K(2080256K), 0.0047352 secs] [Times: user=0.11 sys=0.00, real=0.01 secs] 
2020-09-29T11:43:09.006+0200: 5.096: [GC (Allocation Failure) [PSYoungGen: 668961K->12737K(677376K)] 669365K->13141K(2075648K), 0.0094255 secs] [Times: user=0.00 sys=0.00, real=0.01 secs] 
2020-09-29T11:43:09.143+0200: 5.233: [GC (Allocation Failure) [PSYoungGen: 677313K->7361K(681472K)] 677717K->7765K(2079744K), 0.0068438 secs] [Times: user=0.13 sys=0.00, real=0.01 secs] 
2020-09-29T11:43:09.281+0200: 5.371: [GC (Allocation Failure) [PSYoungGen: 670401K->32K(680448K)] 670805K->436K(2078720K), 0.0006098 secs] [Times: user=0.00 sys=0.00, real=0.00 secs] 
2020-09-29T11:43:09.414+0200: 5.505: [GC (Allocation Failure) [PSYoungGen: 663072K->6913K(682496K)] 663476K->7317K(2080768K), 0.0064217 secs] [Times: user=0.00 sys=0.00, real=0.01 secs] 
2020-09-29T11:43:09.554+0200: 5.644: [GC (Allocation Failure) [PSYoungGen: 671876K->32K(681472K)] 672280K->436K(2079744K), 0.0005262 secs] [Times: user=0.00 sys=0.00, real=0.00 secs] 
2020-09-29T11:43:09.689+0200: 5.779: [GC (Allocation Failure) [PSYoungGen: 665120K->8929K(681984K)] 665524K->9333K(2080256K), 0.0079211 secs] [Times: user=0.13 sys=0.00, real=0.01 secs] 
2020-09-29T11:43:09.830+0200: 5.920: [GC (Allocation Failure) [PSYoungGen: 674017K->4161K(681984K)] 674421K->4565K(2080256K), 0.0048946 secs] [Times: user=0.13 sys=0.00, real=0.01 secs] 
2020-09-29T11:43:09.967+0200: 6.058: [GC (Allocation Failure) [PSYoungGen: 669249K->12993K(679424K)] 669653K->13397K(2077696K), 0.0113537 secs] [Times: user=0.13 sys=0.00, real=0.01 secs] 
2020-09-29T11:43:10.118+0200: 6.208: [GC (Allocation Failure) [PSYoungGen: 676033K->6049K(680960K)] 676437K->6453K(2079232K), 0.0060685 secs] [Times: user=0.00 sys=0.00, real=0.01 secs] 
2020-09-29T11:43:10.256+0200: 6.346: [GC (Allocation Failure) [PSYoungGen: 669089K->12865K(679936K)] 669493K->13269K(2078208K), 0.0105901 secs] [Times: user=0.00 sys=0.00, real=0.01 secs] 
2020-09-29T11:43:10.398+0200: 6.488: [GC (Allocation Failure) [PSYoungGen: 675905K->5953K(680960K)] 676309K->6357K(2079232K), 0.0059550 secs] [Times: user=0.00 sys=0.00, real=0.01 secs] 
2020-09-29T11:43:10.536+0200: 6.626: [GC (Allocation Failure) [PSYoungGen: 668993K->12769K(679424K)] 669397K->13173K(2077696K), 0.0106006 secs] [Times: user=0.00 sys=0.00, real=0.01 secs] 
2020-09-29T11:43:10.683+0200: 6.774: [GC (Allocation Failure) [PSYoungGen: 674785K->4897K(680448K)] 675189K->5301K(2078720K), 0.0053018 secs] [Times: user=0.00 sys=0.00, real=0.01 secs] 
2020-09-29T11:43:10.821+0200: 6.911: [GC (Allocation Failure) [PSYoungGen: 666913K->10625K(680960K)] 667317K->11029K(2079232K), 0.0091791 secs] [Times: user=0.00 sys=0.00, real=0.01 secs] 
2020-09-29T11:43:10.961+0200: 7.052: [GC (Allocation Failure) [PSYoungGen: 671995K->32K(663552K)] 672400K->436K(2061824K), 0.0010020 secs] [Times: user=0.00 sys=0.00, real=0.00 secs] 
2020-09-29T11:43:11.094+0200: 7.184: [GC (Allocation Failure) [PSYoungGen: 663072K->6945K(681472K)] 663476K->7349K(2079744K), 0.0067458 secs] [Times: user=0.13 sys=0.00, real=0.01 secs] 
2020-09-29T11:43:11.232+0200: 7.322: [GC (Allocation Failure) [PSYoungGen: 669985K->13729K(680448K)] 670389K->14133K(2078720K), 0.0107470 secs] [Times: user=0.13 sys=0.00, real=0.01 secs] 
2020-09-29T11:43:11.373+0200: 7.464: [GC (Allocation Failure) [PSYoungGen: 676769K->6817K(680960K)] 677173K->7221K(2079232K), 0.0065251 secs] [Times: user=0.00 sys=0.02, real=0.01 secs] 
2020-09-29T11:43:11.511+0200: 7.601: [GC (Allocation Failure) [PSYoungGen: 669345K->13153K(675840K)] 669749K->13557K(2074112K), 0.0104201 secs] [Times: user=0.13 sys=0.00, real=0.01 secs] 
2020-09-29T11:43:11.656+0200: 7.747: [GC (Allocation Failure) [PSYoungGen: 675681K->5697K(680448K)] 676085K->6101K(2078720K), 0.0064229 secs] [Times: user=0.13 sys=0.00, real=0.01 secs] 
2020-09-29T11:43:11.795+0200: 7.885: [GC (Allocation Failure) [PSYoungGen: 667201K->11009K(679936K)] 667605K->11413K(2078208K), 0.0090470 secs] [Times: user=0.13 sys=0.00, real=0.01 secs] 
2020-09-29T11:43:11.940+0200: 8.030: [GC (Allocation Failure) [PSYoungGen: 672513K->2465K(680448K)] 672917K->2869K(2078720K), 0.0042831 secs] [Times: user=0.13 sys=0.00, real=0.00 secs] 
2020-09-29T11:43:12.078+0200: 8.168: [GC (Allocation Failure) [PSYoungGen: 664481K->8289K(680448K)] 664885K->8693K(2078720K), 0.0075660 secs] [Times: user=0.11 sys=0.00, real=0.01 secs] 
2020-09-29T11:43:12.219+0200: 8.309: [GC (Allocation Failure) [PSYoungGen: 670305K->32K(680448K)] 670709K->436K(2078720K), 0.0008264 secs] [Times: user=0.00 sys=0.00, real=0.00 secs] 
2020-09-29T11:43:12.351+0200: 8.442: [GC (Allocation Failure) [PSYoungGen: 663072K->6881K(680960K)] 663476K->7285K(2079232K), 0.0066009 secs] [Times: user=0.00 sys=0.00, real=0.01 secs] 
2020-09-29T11:43:12.490+0200: 8.579: [GC (Allocation Failure) [PSYoungGen: 669921K->13729K(678912K)] 670325K->14133K(2077184K), 0.0110567 secs] [Times: user=0.00 sys=0.00, real=0.01 secs] 
2020-09-29T11:43:12.638+0200: 8.727: [GC (Allocation Failure) [PSYoungGen: 675745K->5793K(680448K)] 676149K->6197K(2078720K), 0.0061157 secs] [Times: user=0.00 sys=0.00, real=0.01 secs] 
2020-09-29T11:43:12.777+0200: 8.867: [GC (Allocation Failure) [PSYoungGen: 667809K->11553K(680448K)] 668213K->11957K(2078720K), 0.0095340 secs] [Times: user=0.13 sys=0.00, real=0.01 secs] 
2020-09-29T11:43:12.918+0200: 9.007: [GC (Allocation Failure) [PSYoungGen: 674593K->4641K(680960K)] 674997K->5045K(2079232K), 0.0051774 secs] [Times: user=0.00 sys=0.00, real=0.01 secs] 
2020-09-29T11:43:13.056+0200: 9.146: [GC (Allocation Failure) [PSYoungGen: 667681K->11457K(680960K)] 668085K->11861K(2079232K), 0.0092852 secs] [Times: user=0.00 sys=0.00, real=0.01 secs] 
2020-09-29T11:43:13.197+0200: 9.286: [GC (Allocation Failure) [PSYoungGen: 674497K->4577K(680960K)] 674901K->4981K(2079232K), 0.0051614 secs] [Times: user=0.00 sys=0.00, real=0.00 secs] 
2020-09-29T11:43:13.332+0200: 9.422: [GC (Allocation Failure) [PSYoungGen: 667617K->11361K(680960K)] 668021K->11765K(2079232K), 0.0096535 secs] [Times: user=0.02 sys=0.00, real=0.01 secs] 
2020-09-29T11:43:13.476+0200: 9.566: [GC (Allocation Failure) [PSYoungGen: 674401K->4449K(680960K)] 674805K->4853K(2079232K), 0.0049553 secs] [Times: user=0.00 sys=0.00, real=0.00 secs] 
2020-09-29T11:43:13.615+0200: 9.705: [GC (Allocation Failure) [PSYoungGen: 667489K->11265K(680960K)] 667893K->11669K(2079232K), 0.0097496 secs] [Times: user=0.00 sys=0.00, real=0.01 secs] 
2020-09-29T11:43:13.758+0200: 9.848: [GC (Allocation Failure) [PSYoungGen: 674305K->4385K(680960K)] 674709K->4789K(2079232K), 0.0049506 secs] [Times: user=0.00 sys=0.00, real=0.01 secs] 
2020-09-29T11:43:13.894+0200: 9.985: [GC (Allocation Failure) [PSYoungGen: 667425K->11201K(680960K)] 667829K->11605K(2079232K), 0.0091716 secs] [Times: user=0.01 sys=0.01, real=0.01 secs] 
2020-09-29T11:43:14.035+0200: 10.126: [GC (Allocation Failure) [PSYoungGen: 674241K->4257K(680960K)] 674645K->4661K(2079232K), 0.0049784 secs] [Times: user=0.00 sys=0.00, real=0.00 secs] 
2020-09-29T11:43:14.169+0200: 10.260: [GC (Allocation Failure) [PSYoungGen: 667297K->11073K(680960K)] 667701K->11477K(2079232K), 0.0065792 secs] [Times: user=0.00 sys=0.00, real=0.01 secs] 
2020-09-29T11:43:14.276+0200: 10.366: [GC (Allocation Failure) [PSYoungGen: 674113K->4193K(680960K)] 674517K->4597K(2079232K), 0.0038674 secs] [Times: user=0.00 sys=0.00, real=0.00 secs] 
2020-09-29T11:43:14.386+0200: 10.477: [GC (Allocation Failure) [PSYoungGen: 667233K->11009K(680960K)] 667637K->11413K(2079232K), 0.0070248 secs] [Times: user=0.00 sys=0.00, real=0.01 secs] 
2020-09-29T11:43:14.497+0200: 10.587: [GC (Allocation Failure) [PSYoungGen: 674049K->4097K(680960K)] 674453K->4501K(2079232K), 0.0037089 secs] [Times: user=0.00 sys=0.00, real=0.00 secs] 
2020-09-29T11:43:14.602+0200: 10.692: [GC (Allocation Failure) [PSYoungGen: 667137K->10913K(680448K)] 667541K->11317K(2078720K), 0.0065381 secs] [Times: user=0.00 sys=0.00, real=0.01 secs] 
2020-09-29T11:43:14.716+0200: 10.806: [GC (Allocation Failure) [PSYoungGen: 673953K->3969K(680960K)] 674357K->4373K(2079232K), 0.0036154 secs] [Times: user=0.00 sys=0.00, real=0.00 secs] 
2020-09-29T11:43:14.818+0200: 10.908: [GC (Allocation Failure) [PSYoungGen: 667009K->10785K(680448K)] 667413K->11189K(2078720K), 0.0067281 secs] [Times: user=0.00 sys=0.00, real=0.01 secs] 
2020-09-29T11:43:14.923+0200: 11.013: [GC (Allocation Failure) [PSYoungGen: 673825K->3905K(680960K)] 674229K->4309K(2079232K), 0.0034884 secs] [Times: user=0.13 sys=0.00, real=0.00 secs] 
2020-09-29T11:43:15.023+0200: 11.114: [GC (Allocation Failure) [PSYoungGen: 666945K->10657K(680448K)] 667349K->11061K(2078720K), 0.0067710 secs] [Times: user=0.00 sys=0.00, real=0.01 secs] 
2020-09-29T11:43:15.135+0200: 11.225: [GC (Allocation Failure) [PSYoungGen: 673697K->3777K(680960K)] 674101K->4181K(2079232K), 0.0037968 secs] [Times: user=0.00 sys=0.00, real=0.00 secs] 
2020-09-29T11:43:15.237+0200: 11.327: [GC (Allocation Failure) [PSYoungGen: 666817K->10625K(681472K)] 667221K->11029K(2079744K), 0.0065225 secs] [Times: user=0.13 sys=0.00, real=0.01 secs] 
2020-09-29T11:43:15.345+0200: 11.435: [GC (Allocation Failure) [PSYoungGen: 674689K->4737K(681472K)] 675093K->5141K(2079744K), 0.0040898 secs] [Times: user=0.13 sys=0.00, real=0.00 secs] 
2020-09-29T11:43:15.462+0200: 11.552: [GC (Allocation Failure) [PSYoungGen: 668801K->12545K(680448K)] 669205K->12949K(2078720K), 0.0084380 secs] [Times: user=0.00 sys=0.00, real=0.01 secs] 
2020-09-29T11:43:15.580+0200: 11.670: [GC (Allocation Failure) [PSYoungGen: 675585K->5665K(680960K)] 675989K->6069K(2079232K), 0.0055474 secs] [Times: user=0.11 sys=0.00, real=0.01 secs] 
2020-09-29T11:43:15.690+0200: 11.780: [GC (Allocation Failure) [PSYoungGen: 668705K->12417K(679424K)] 669109K->12821K(2077696K), 0.0073673 secs] [Times: user=0.13 sys=0.00, real=0.01 secs] 
2020-09-29T11:43:15.807+0200: 11.897: [GC (Allocation Failure) [PSYoungGen: 674433K->4513K(680448K)] 674837K->4917K(2078720K), 0.0038151 secs] [Times: user=0.00 sys=0.00, real=0.00 secs] 
2020-09-29T11:43:15.903+0200: 11.993: [GC (Allocation Failure) [PSYoungGen: 666529K->10273K(680960K)] 666933K->10677K(2079232K), 0.0063919 secs] [Times: user=0.00 sys=0.00, real=0.01 secs] 
2020-09-29T11:43:16.011+0200: 12.101: [GC (Allocation Failure) [PSYoungGen: 671771K->32K(663552K)] 672175K->436K(2061824K), 0.0008823 secs] [Times: user=0.00 sys=0.00, real=0.00 secs] 
2020-09-29T11:43:16.106+0200: 12.197: [GC (Allocation Failure) [PSYoungGen: 663072K->6913K(681472K)] 663476K->7317K(2079744K), 0.0049069 secs] [Times: user=0.00 sys=0.00, real=0.01 secs] 
2020-09-29T11:43:16.211+0200: 12.301: [GC (Allocation Failure) [PSYoungGen: 669953K->13761K(676864K)] 670357K->14165K(2075136K), 0.0074919 secs] [Times: user=0.00 sys=0.00, real=0.01 secs] 
2020-09-29T11:43:16.311+0200: 12.402: [GC (Allocation Failure) [PSYoungGen: 676801K->6817K(680960K)] 677205K->7221K(2079232K), 0.0048901 secs] [Times: user=0.00 sys=0.00, real=0.00 secs] 
2020-09-29T11:43:16.414+0200: 12.504: [GC (Allocation Failure) [PSYoungGen: 668833K->12577K(679936K)] 669237K->12981K(2078208K), 0.0076640 secs] [Times: user=0.00 sys=0.00, real=0.01 secs] 
2020-09-29T11:43:16.517+0200: 12.608: [GC (Allocation Failure) [PSYoungGen: 674593K->4641K(680448K)] 674997K->5045K(2078720K), 0.0037589 secs] [Times: user=0.13 sys=0.00, real=0.00 secs] 
2020-09-29T11:43:16.624+0200: 12.715: [GC (Allocation Failure) [PSYoungGen: 666657K->10465K(680448K)] 667061K->10869K(2078720K), 0.0074861 secs] [Times: user=0.08 sys=0.00, real=0.01 secs] 
2020-09-29T11:43:16.733+0200: 12.824: [GC (Allocation Failure) [PSYoungGen: 672481K->2465K(680960K)] 672885K->2869K(2079232K), 0.0030121 secs] [Times: user=0.00 sys=0.00, real=0.00 secs] 
2020-09-29T11:43:16.834+0200: 12.924: [GC (Allocation Failure) [PSYoungGen: 665505K->9313K(680960K)] 665909K->9717K(2079232K), 0.0060747 secs] [Times: user=0.00 sys=0.00, real=0.01 secs] 
2020-09-29T11:43:16.936+0200: 13.026: [GC (Allocation Failure) [PSYoungGen: 672353K->2465K(680960K)] 672757K->2869K(2079232K), 0.0029426 secs] [Times: user=0.00 sys=0.00, real=0.00 secs] 
2020-09-29T11:43:17.035+0200: 13.125: [GC (Allocation Failure) [PSYoungGen: 665505K->9217K(680960K)] 665909K->9621K(2079232K), 0.0061749 secs] [Times: user=0.13 sys=0.00, real=0.01 secs] 
2020-09-29T11:43:17.150+0200: 13.240: [GC (Allocation Failure) [PSYoungGen: 672257K->2273K(681472K)] 672661K->2677K(2079744K), 0.0026517 secs] [Times: user=0.00 sys=0.00, real=0.00 secs] 
2020-09-29T11:43:17.253+0200: 13.343: [GC (Allocation Failure) [PSYoungGen: 666337K->10145K(681472K)] 666741K->10549K(2079744K), 0.0067676 secs] [Times: user=0.13 sys=0.00, real=0.01 secs] 
2020-09-29T11:43:17.359+0200: 13.449: [GC (Allocation Failure) [PSYoungGen: 674209K->4257K(681984K)] 674613K->4661K(2080256K), 0.0035806 secs] [Times: user=0.00 sys=0.00, real=0.00 secs] 
2020-09-29T11:43:17.457+0200: 13.547: [GC (Allocation Failure) [PSYoungGen: 668833K->12577K(677376K)] 669237K->12981K(2075648K), 0.0078034 secs] [Times: user=0.13 sys=0.00, real=0.01 secs] 
2020-09-29T11:43:17.565+0200: 13.655: [GC (Allocation Failure) [PSYoungGen: 677153K->7297K(681984K)] 677557K->7701K(2080256K), 0.0053497 secs] [Times: user=0.13 sys=0.00, real=0.01 secs] 
2020-09-29T11:43:17.678+0200: 13.768: [GC (Allocation Failure) [PSYoungGen: 671361K->32K(680960K)] 671765K->436K(2079232K), 0.0004441 secs] [Times: user=0.00 sys=0.00, real=0.00 secs] 
2020-09-29T11:43:17.784+0200: 13.875: [GC (Allocation Failure) [PSYoungGen: 664096K->8001K(681984K)] 664500K->8405K(2080256K), 0.0053290 secs] [Times: user=0.13 sys=0.00, real=0.01 secs] 
2020-09-29T11:43:17.889+0200: 13.979: [GC (Allocation Failure) [PSYoungGen: 672030K->32K(681472K)] 672434K->436K(2079744K), 0.0004755 secs] [Times: user=0.00 sys=0.00, real=0.00 secs] 
2020-09-29T11:43:17.985+0200: 14.075: [GC (Allocation Failure) [PSYoungGen: 664608K->8481K(681984K)] 665012K->8885K(2080256K), 0.0059573 secs] [Times: user=0.13 sys=0.00, real=0.01 secs] 
2020-09-29T11:43:18.086+0200: 14.177: [GC (Allocation Failure) [PSYoungGen: 671720K->32K(681984K)] 672124K->436K(2080256K), 0.0003972 secs] [Times: user=0.00 sys=0.00, real=0.00 secs] 
2020-09-29T11:43:18.186+0200: 14.277: [GC (Allocation Failure) [PSYoungGen: 665120K->8993K(681984K)] 665524K->9397K(2080256K), 0.0055920 secs] [Times: user=0.13 sys=0.00, real=0.01 secs] 
2020-09-29T11:43:18.287+0200: 14.377: [GC (Allocation Failure) [PSYoungGen: 674081K->4129K(681984K)] 674485K->4533K(2080256K), 0.0037049 secs] [Times: user=0.00 sys=0.00, real=0.00 secs] 
2020-09-29T11:43:18.390+0200: 14.480: [GC (Allocation Failure) [PSYoungGen: 669217K->12929K(679424K)] 669621K->13333K(2077696K), 0.0075958 secs] [Times: user=0.13 sys=0.00, real=0.01 secs] 
2020-09-29T11:43:18.491+0200: 14.582: [GC (Allocation Failure) [PSYoungGen: 675969K->6081K(680960K)] 676373K->6485K(2079232K), 0.0045404 secs] [Times: user=0.00 sys=0.00, real=0.01 secs] 
2020-09-29T11:43:18.606+0200: 14.696: [GC (Allocation Failure) [PSYoungGen: 669121K->12865K(678912K)] 669525K->13269K(2077184K), 0.0078167 secs] [Times: user=0.02 sys=0.00, real=0.01 secs] 
2020-09-29T11:43:18.713+0200: 14.803: [GC (Allocation Failure) [PSYoungGen: 674881K->4929K(680448K)] 675285K->5333K(2078720K), 0.0043371 secs] [Times: user=0.00 sys=0.00, real=0.00 secs] 
2020-09-29T11:43:18.820+0200: 14.910: [GC (Allocation Failure) [PSYoungGen: 666945K->10753K(680448K)] 667349K->11157K(2078720K), 0.0067683 secs] [Times: user=0.00 sys=0.00, real=0.01 secs] 
2020-09-29T11:43:18.920+0200: 15.011: [GC (Allocation Failure) [PSYoungGen: 671896K->32K(680960K)] 672300K->436K(2079232K), 0.0005813 secs] [Times: user=0.00 sys=0.00, real=0.00 secs] 
2020-09-29T11:43:19.023+0200: 15.114: [GC (Allocation Failure) [PSYoungGen: 663072K->6945K(681984K)] 663476K->7349K(2080256K), 0.0047372 secs] [Times: user=0.00 sys=0.00, real=0.01 secs] 
2020-09-29T11:43:19.136+0200: 15.226: [GC (Allocation Failure) [PSYoungGen: 671009K->32K(680960K)] 671413K->436K(2079232K), 0.0005467 secs] [Times: user=0.00 sys=0.00, real=0.00 secs] 
2020-09-29T11:43:19.246+0200: 15.336: [GC (Allocation Failure) [PSYoungGen: 664096K->7937K(681984K)] 664500K->8341K(2080256K), 0.0053596 secs] [Times: user=0.00 sys=0.00, real=0.00 secs] 
2020-09-29T11:43:19.349+0200: 15.440: [GC (Allocation Failure) [PSYoungGen: 672513K->2593K(681472K)] 672917K->2997K(2079744K), 0.0028509 secs] [Times: user=0.00 sys=0.00, real=0.00 secs] 
2020-09-29T11:43:19.456+0200: 15.546: [GC (Allocation Failure) [PSYoungGen: 667169K->10913K(680448K)] 667573K->11317K(2078720K), 0.0066724 secs] [Times: user=0.13 sys=0.00, real=0.01 secs] 
2020-09-29T11:43:19.563+0200: 15.653: [GC (Allocation Failure) [PSYoungGen: 674977K->5089K(681472K)] 675381K->5493K(2079744K), 0.0048036 secs] [Times: user=0.13 sys=0.00, real=0.01 secs] 
2020-09-29T11:43:19.678+0200: 15.768: [GC (Allocation Failure) [PSYoungGen: 669153K->12929K(679424K)] 669557K->13333K(2077696K), 0.0083818 secs] [Times: user=0.00 sys=0.00, real=0.01 secs] 
2020-09-29T11:43:19.788+0200: 15.878: [GC (Allocation Failure) [PSYoungGen: 675969K->5921K(680960K)] 676373K->6325K(2079232K), 0.0048313 secs] [Times: user=0.00 sys=0.00, real=0.00 secs] 
2020-09-29T11:43:19.895+0200: 15.984: [GC (Allocation Failure) [PSYoungGen: 668961K->12769K(678912K)] 669365K->13173K(2077184K), 0.0073471 secs] [Times: user=0.13 sys=0.00, real=0.01 secs] 
2020-09-29T11:43:19.996+0200: 16.086: [GC (Allocation Failure) [PSYoungGen: 674785K->4833K(680448K)] 675189K->5237K(2078720K), 0.0037804 secs] [Times: user=0.00 sys=0.00, real=0.00 secs] 
2020-09-29T11:43:20.099+0200: 16.189: [GC (Allocation Failure) [PSYoungGen: 666849K->10625K(680448K)] 667253K->11029K(2078720K), 0.0065509 secs] [Times: user=0.00 sys=0.00, real=0.01 secs] 
2020-09-29T11:43:20.202+0200: 16.292: [GC (Allocation Failure) [PSYoungGen: 671995K->32K(680960K)] 672399K->436K(2079232K), 0.0005069 secs] [Times: user=0.00 sys=0.00, real=0.00 secs] 
2020-09-29T11:43:20.305+0200: 16.395: [GC (Allocation Failure) [PSYoungGen: 663072K->6881K(681984K)] 663476K->7285K(2080256K), 0.0046563 secs] [Times: user=0.00 sys=0.00, real=0.00 secs] 
2020-09-29T11:43:20.406+0200: 16.496: [GC (Allocation Failure) [PSYoungGen: 670945K->32K(680960K)] 671349K->436K(2079232K), 0.0006320 secs] [Times: user=0.00 sys=0.00, real=0.00 secs] 
2020-09-29T11:43:20.540+0200: 16.631: [GC (Allocation Failure) [PSYoungGen: 664096K->7937K(681984K)] 664500K->8341K(2080256K), 0.0093974 secs] [Times: user=0.00 sys=0.00, real=0.01 secs] 
2020-09-29T11:43:20.699+0200: 16.790: [GC (Allocation Failure) [PSYoungGen: 672513K->2657K(681472K)] 672917K->3061K(2079744K), 0.0032000 secs] [Times: user=0.00 sys=0.00, real=0.00 secs] 
2020-09-29T11:43:20.806+0200: 16.897: [GC (Allocation Failure) [PSYoungGen: 667233K->10977K(680448K)] 667637K->11381K(2078720K), 0.0063654 secs] [Times: user=0.00 sys=0.00, real=0.01 secs] 
2020-09-29T11:43:20.914+0200: 17.005: [GC (Allocation Failure) [PSYoungGen: 675041K->5089K(681472K)] 675445K->5493K(2079744K), 0.0043361 secs] [Times: user=0.00 sys=0.00, real=0.00 secs] 
2020-09-29T11:43:21.016+0200: 17.107: [GC (Allocation Failure) [PSYoungGen: 669153K->12897K(679424K)] 669557K->13301K(2077696K), 0.0073836 secs] [Times: user=0.13 sys=0.00, real=0.01 secs] 
2020-09-29T11:43:21.122+0200: 17.213: [GC (Allocation Failure) [PSYoungGen: 675937K->5985K(680960K)] 676341K->6389K(2079232K), 0.0043612 secs] [Times: user=0.00 sys=0.00, real=0.01 secs] 
2020-09-29T11:43:21.224+0200: 17.314: [GC (Allocation Failure) [PSYoungGen: 669025K->12801K(679936K)] 669429K->13205K(2078208K), 0.0076908 secs] [Times: user=0.00 sys=0.00, real=0.01 secs] 
2020-09-29T11:43:21.331+0200: 17.421: [GC (Allocation Failure) [PSYoungGen: 675841K->5889K(680960K)] 676245K->6293K(2079232K), 0.0046061 secs] [Times: user=0.13 sys=0.00, real=0.00 secs] 
2020-09-29T11:43:21.433+0200: 17.522: [GC (Allocation Failure) [PSYoungGen: 668929K->12673K(679424K)] 669333K->13077K(2077696K), 0.0073318 secs] [Times: user=0.00 sys=0.00, real=0.01 secs] 
2020-09-29T11:43:21.548+0200: 17.638: [GC (Allocation Failure) [PSYoungGen: 674689K->4737K(680448K)] 675093K->5141K(2078720K), 0.0043040 secs] [Times: user=0.09 sys=0.00, real=0.00 secs] 
2020-09-29T11:43:21.675+0200: 17.765: [GC (Allocation Failure) [PSYoungGen: 666753K->10561K(680960K)] 667157K->10965K(2079232K), 0.0080366 secs] [Times: user=0.08 sys=0.00, real=0.01 secs] 
2020-09-29T11:43:21.799+0200: 17.889: [GC (Allocation Failure) [PSYoungGen: 672005K->32K(663552K)] 672409K->436K(2061824K), 0.0006747 secs] [Times: user=0.00 sys=0.00, real=0.00 secs] 
2020-09-29T11:43:21.896+0200: 17.987: [GC (Allocation Failure) [PSYoungGen: 663072K->6913K(681472K)] 663476K->7317K(2079744K), 0.0047374 secs] [Times: user=0.00 sys=0.00, real=0.01 secs] 
2020-09-29T11:43:22.000+0200: 18.091: [GC (Allocation Failure) [PSYoungGen: 669953K->13697K(676864K)] 670357K->14101K(2075136K), 0.0081449 secs] [Times: user=0.13 sys=0.00, real=0.01 secs] 
2020-09-29T11:43:22.109+0200: 18.200: [GC (Allocation Failure) [PSYoungGen: 676737K->6849K(680960K)] 677141K->7253K(2079232K), 0.0051429 secs] [Times: user=0.13 sys=0.00, real=0.01 secs] 
2020-09-29T11:43:22.218+0200: 18.309: [GC (Allocation Failure) [PSYoungGen: 668865K->12609K(679936K)] 669269K->13013K(2078208K), 0.0075518 secs] [Times: user=0.13 sys=0.00, real=0.01 secs] 
2020-09-29T11:43:22.322+0200: 18.413: [GC (Allocation Failure) [PSYoungGen: 674625K->4705K(680448K)] 675029K->5109K(2078720K), 0.0038386 secs] [Times: user=0.00 sys=0.00, real=0.00 secs] 
2020-09-29T11:43:22.424+0200: 18.515: [GC (Allocation Failure) [PSYoungGen: 666721K->10433K(680448K)] 667125K->10837K(2078720K), 0.0067091 secs] [Times: user=0.13 sys=0.00, real=0.01 secs] 
2020-09-29T11:43:22.529+0200: 18.619: [GC (Allocation Failure) [PSYoungGen: 672449K->2465K(680960K)] 672853K->2869K(2079232K), 0.0028688 secs] [Times: user=0.00 sys=0.00, real=0.00 secs] 
2020-09-29T11:43:22.651+0200: 18.741: [GC (Allocation Failure) [PSYoungGen: 665505K->9345K(680960K)] 665909K->9749K(2079232K), 0.0061100 secs] [Times: user=0.00 sys=0.00, real=0.01 secs] 
2020-09-29T11:43:22.760+0200: 18.850: [GC (Allocation Failure) [PSYoungGen: 672385K->2465K(680960K)] 672789K->2869K(2079232K), 0.0027050 secs] [Times: user=0.00 sys=0.00, real=0.00 secs] 
2020-09-29T11:43:22.866+0200: 18.956: [GC (Allocation Failure) [PSYoungGen: 665505K->9217K(680960K)] 665909K->9621K(2079232K), 0.0064465 secs] [Times: user=0.00 sys=0.00, real=0.01 secs] 
2020-09-29T11:43:22.966+0200: 19.056: [GC (Allocation Failure) [PSYoungGen: 672257K->2305K(681472K)] 672661K->2709K(2079744K), 0.0028088 secs] [Times: user=0.00 sys=0.00, real=0.00 secs] 
2020-09-29T11:43:23.072+0200: 19.162: [GC (Allocation Failure) [PSYoungGen: 666369K->10145K(681472K)] 666773K->10549K(2079744K), 0.0062915 secs] [Times: user=0.00 sys=0.00, real=0.01 secs] 
2020-09-29T11:43:23.175+0200: 19.265: [GC (Allocation Failure) [PSYoungGen: 674209K->4289K(681984K)] 674613K->4693K(2080256K), 0.0036433 secs] [Times: user=0.11 sys=0.00, real=0.00 secs] 
2020-09-29T11:43:23.282+0200: 19.372: [GC (Allocation Failure) [PSYoungGen: 668865K->12609K(677376K)] 669269K->13013K(2075648K), 0.0076777 secs] [Times: user=0.13 sys=0.00, real=0.01 secs] 
2020-09-29T11:43:23.384+0200: 19.475: [GC (Allocation Failure) [PSYoungGen: 677185K->7233K(681984K)] 677589K->7637K(2080256K), 0.0047347 secs] [Times: user=0.00 sys=0.00, real=0.00 secs] 
2020-09-29T11:43:23.495+0200: 19.585: [GC (Allocation Failure) [PSYoungGen: 671297K->32K(680960K)] 671701K->436K(2079232K), 0.0008303 secs] [Times: user=0.00 sys=0.00, real=0.00 secs] 
2020-09-29T11:43:23.604+0200: 19.695: [GC (Allocation Failure) [PSYoungGen: 664096K->7969K(681984K)] 664500K->8373K(2080256K), 0.0059033 secs] [Times: user=0.00 sys=0.00, real=0.01 secs] 
2020-09-29T11:43:23.724+0200: 19.814: [GC (Allocation Failure) [PSYoungGen: 671998K->32K(681472K)] 672402K->436K(2079744K), 0.0007004 secs] [Times: user=0.00 sys=0.00, real=0.00 secs] 
2020-09-29T11:43:23.828+0200: 19.919: [GC (Allocation Failure) [PSYoungGen: 664608K->8481K(681984K)] 665012K->8885K(2080256K), 0.0054857 secs] [Times: user=0.13 sys=0.00, real=0.01 secs] 
2020-09-29T11:43:23.938+0200: 20.029: [GC (Allocation Failure) [PSYoungGen: 671720K->32K(681984K)] 672124K->436K(2080256K), 0.0004677 secs] [Times: user=0.00 sys=0.00, real=0.00 secs] 
2020-09-29T11:43:24.035+0200: 20.125: [GC (Allocation Failure) [PSYoungGen: 665120K->8897K(681984K)] 665524K->9301K(2080256K), 0.0058336 secs] [Times: user=0.13 sys=0.00, real=0.01 secs] 
2020-09-29T11:43:24.146+0200: 20.236: [GC (Allocation Failure) [PSYoungGen: 673985K->4161K(681984K)] 674389K->4565K(2080256K), 0.0033530 secs] [Times: user=0.00 sys=0.00, real=0.00 secs] 
2020-09-29T11:43:24.256+0200: 20.346: [GC (Allocation Failure) [PSYoungGen: 669249K->12961K(679424K)] 669653K->13365K(2077696K), 0.0094326 secs] [Times: user=0.00 sys=0.00, real=0.01 secs] 
2020-09-29T11:43:24.373+0200: 20.463: [GC (Allocation Failure) [PSYoungGen: 676001K->6081K(680960K)] 676405K->6485K(2079232K), 0.0046113 secs] [Times: user=0.00 sys=0.00, real=0.01 secs] 
2020-09-29T11:43:24.474+0200: 20.564: [GC (Allocation Failure) [PSYoungGen: 669121K->12865K(679936K)] 669525K->13269K(2078208K), 0.0077133 secs] [Times: user=0.00 sys=0.00, real=0.01 secs] 
2020-09-29T11:43:24.587+0200: 20.677: [GC (Allocation Failure) [PSYoungGen: 675905K->5985K(680960K)] 676309K->6389K(2079232K), 0.0049809 secs] [Times: user=0.00 sys=0.00, real=0.01 secs] 
2020-09-29T11:43:24.700+0200: 20.790: [GC (Allocation Failure) [PSYoungGen: 669025K->12737K(679424K)] 669429K->13141K(2077696K), 0.0073552 secs] [Times: user=0.00 sys=0.00, real=0.01 secs] 
2020-09-29T11:43:24.813+0200: 20.903: [GC (Allocation Failure) [PSYoungGen: 674753K->4897K(680448K)] 675157K->5301K(2078720K), 0.0040562 secs] [Times: user=0.00 sys=0.00, real=0.00 secs] 
2020-09-29T11:43:24.912+0200: 21.003: [GC (Allocation Failure) [PSYoungGen: 666913K->10625K(680960K)] 667317K->11029K(2079232K), 0.0063555 secs] [Times: user=0.00 sys=0.00, real=0.01 secs] 
2020-09-29T11:43:25.025+0200: 21.116: [GC (Allocation Failure) [PSYoungGen: 671973K->32K(663552K)] 672377K->436K(2061824K), 0.0006492 secs] [Times: user=0.00 sys=0.00, real=0.00 secs] 
2020-09-29T11:43:25.127+0200: 21.217: [GC (Allocation Failure) [PSYoungGen: 663072K->6913K(681472K)] 663476K->7317K(2079744K), 0.0051889 secs] [Times: user=0.11 sys=0.00, real=0.00 secs] 
2020-09-29T11:43:25.232+0200: 21.322: [GC (Allocation Failure) [PSYoungGen: 669953K->13729K(676864K)] 670357K->14133K(2075136K), 0.0078999 secs] [Times: user=0.13 sys=0.00, real=0.01 secs] 
2020-09-29T11:43:25.338+0200: 21.428: [GC (Allocation Failure) [PSYoungGen: 676769K->6817K(680960K)] 677173K->7221K(2079232K), 0.0048880 secs] [Times: user=0.00 sys=0.00, real=0.00 secs] 
2020-09-29T11:43:25.441+0200: 21.531: [GC (Allocation Failure) [PSYoungGen: 668833K->12577K(679936K)] 669237K->12981K(2078208K), 0.0074028 secs] [Times: user=0.13 sys=0.00, real=0.01 secs] 
2020-09-29T11:43:25.551+0200: 21.642: [GC (Allocation Failure) [PSYoungGen: 674593K->4641K(680960K)] 674997K->5045K(2079232K), 0.0044477 secs] [Times: user=0.00 sys=0.00, real=0.00 secs] 
2020-09-29T11:43:25.666+0200: 21.756: [GC (Allocation Failure) [PSYoungGen: 667169K->10977K(680448K)] 667573K->11381K(2078720K), 0.0065033 secs] [Times: user=0.00 sys=0.00, real=0.01 secs] 
2020-09-29T11:43:25.767+0200: 21.857: [GC (Allocation Failure) [PSYoungGen: 671622K->32K(679424K)] 672026K->436K(2077696K), 0.0005378 secs] [Times: user=0.00 sys=0.00, real=0.00 secs] 
2020-09-29T11:43:25.868+0200: 21.958: [GC (Allocation Failure) [PSYoungGen: 661024K->4865K(679936K)] 661428K->5269K(2078208K), 0.0038956 secs] [Times: user=0.00 sys=0.00, real=0.00 secs] 
2020-09-29T11:43:25.965+0200: 22.054: [GC (Allocation Failure) [PSYoungGen: 665857K->9601K(680960K)] 666261K->10005K(2079232K), 0.0061055 secs] [Times: user=0.00 sys=0.00, real=0.01 secs] 
2020-09-29T11:43:26.072+0200: 22.162: [GC (Allocation Failure) [PSYoungGen: 672641K->2721K(680960K)] 673045K->3125K(2079232K), 0.0030180 secs] [Times: user=0.00 sys=0.00, real=0.00 secs] 
2020-09-29T11:43:26.183+0200: 22.273: [GC (Allocation Failure) [PSYoungGen: 665761K->9505K(681472K)] 666165K->9909K(2079744K), 0.0066802 secs] [Times: user=0.00 sys=0.00, real=0.01 secs] 
2020-09-29T11:43:26.318+0200: 22.408: [GC (Allocation Failure) [PSYoungGen: 673569K->3617K(681472K)] 673973K->4021K(2079744K), 0.0037373 secs] [Times: user=0.00 sys=0.00, real=0.00 secs] 
2020-09-29T11:43:26.442+0200: 22.532: [GC (Allocation Failure) [PSYoungGen: 667681K->11393K(679936K)] 668085K->11797K(2078208K), 0.0091259 secs] [Times: user=0.00 sys=0.00, real=0.01 secs] 
2020-09-29T11:43:26.578+0200: 22.667: [GC (Allocation Failure) [PSYoungGen: 674433K->4577K(680960K)] 674837K->4981K(2079232K), 0.0047408 secs] [Times: user=0.00 sys=0.00, real=0.00 secs] 
2020-09-29T11:43:26.705+0200: 22.795: [GC (Allocation Failure) [PSYoungGen: 667617K->11393K(680448K)] 668021K->11797K(2078720K), 0.0073445 secs] [Times: user=0.11 sys=0.00, real=0.01 secs] 
2020-09-29T11:43:26.829+0200: 22.919: [GC (Allocation Failure) [PSYoungGen: 674433K->4449K(680960K)] 674837K->4853K(2079232K), 0.0044832 secs] [Times: user=0.00 sys=0.00, real=0.00 secs] 
2020-09-29T11:43:26.971+0200: 23.061: [GC (Allocation Failure) [PSYoungGen: 667489K->11297K(680448K)] 667893K->11701K(2078720K), 0.0074915 secs] [Times: user=0.13 sys=0.00, real=0.01 secs] 
2020-09-29T11:43:27.083+0200: 23.173: [GC (Allocation Failure) [PSYoungGen: 674337K->4353K(680960K)] 674741K->4757K(2079232K), 0.0042024 secs] [Times: user=0.00 sys=0.00, real=0.00 secs] 
2020-09-29T11:43:27.191+0200: 23.281: [GC (Allocation Failure) [PSYoungGen: 667393K->11169K(680448K)] 667797K->11573K(2078720K), 0.0070442 secs] [Times: user=0.13 sys=0.00, real=0.01 secs] 
2020-09-29T11:43:27.297+0200: 23.387: [GC (Allocation Failure) [PSYoungGen: 674209K->4257K(680960K)] 674613K->4661K(2079232K), 0.0042041 secs] [Times: user=0.02 sys=0.00, real=0.00 secs] 
2020-09-29T11:43:27.426+0200: 23.517: [GC (Allocation Failure) [PSYoungGen: 667297K->11105K(680448K)] 667701K->11509K(2078720K), 0.0082037 secs] [Times: user=0.00 sys=0.00, real=0.01 secs] 
2020-09-29T11:43:27.546+0200: 23.636: [GC (Allocation Failure) [PSYoungGen: 674145K->4161K(680960K)] 674549K->4565K(2079232K), 0.0040660 secs] [Times: user=0.00 sys=0.00, real=0.00 secs] 
2020-09-29T11:43:27.663+0200: 23.754: [GC (Allocation Failure) [PSYoungGen: 667201K->10977K(680448K)] 667605K->11381K(2078720K), 0.0066439 secs] [Times: user=0.00 sys=0.00, real=0.01 secs] 
2020-09-29T11:43:27.776+0200: 23.866: [GC (Allocation Failure) [PSYoungGen: 674017K->4097K(680960K)] 674421K->4501K(2079232K), 0.0036558 secs] [Times: user=0.00 sys=0.00, real=0.00 secs] 
2020-09-29T11:43:27.878+0200: 23.968: [GC (Allocation Failure) [PSYoungGen: 667137K->10881K(680448K)] 667541K->11285K(2078720K), 0.0072534 secs] [Times: user=0.11 sys=0.00, real=0.01 secs] 
2020-09-29T11:43:27.994+0200: 24.084: [GC (Allocation Failure) [PSYoungGen: 673921K->3969K(680960K)] 674325K->4373K(2079232K), 0.0035005 secs] [Times: user=0.00 sys=0.00, real=0.00 secs] 
2020-09-29T11:43:28.096+0200: 24.187: [GC (Allocation Failure) [PSYoungGen: 667009K->10785K(680448K)] 667413K->11189K(2078720K), 0.0064944 secs] [Times: user=0.13 sys=0.00, real=0.01 secs] 
2020-09-29T11:43:28.204+0200: 24.294: [GC (Allocation Failure) [PSYoungGen: 673825K->3937K(680960K)] 674229K->4341K(2079232K), 0.0035114 secs] [Times: user=0.13 sys=0.00, real=0.00 secs] 
2020-09-29T11:43:28.306+0200: 24.396: [GC (Allocation Failure) [PSYoungGen: 666977K->10657K(681472K)] 667381K->11061K(2079744K), 0.0068559 secs] [Times: user=0.00 sys=0.00, real=0.01 secs] 
2020-09-29T11:43:28.418+0200: 24.507: [GC (Allocation Failure) [PSYoungGen: 674721K->4769K(681472K)] 675125K->5173K(2079744K), 0.0042555 secs] [Times: user=0.00 sys=0.00, real=0.00 secs] 
2020-09-29T11:43:28.522+0200: 24.613: [GC (Allocation Failure) [PSYoungGen: 668833K->12609K(680448K)] 669237K->13013K(2078720K), 0.0079380 secs] [Times: user=0.00 sys=0.00, real=0.01 secs] 
2020-09-29T11:43:28.649+0200: 24.739: [GC (Allocation Failure) [PSYoungGen: 675649K->5729K(680960K)] 676053K->6133K(2079232K), 0.0052379 secs] [Times: user=0.00 sys=0.00, real=0.01 secs] 
Heap
 PSYoungGen      total 680960K, used 329848K [0x00000000d5580000, 0x0000000100000000, 0x0000000100000000)
  eden space 663040K, 48% used [0x00000000d5580000,0x00000000e9205bc0,0x00000000fdd00000)
  from space 17920K, 31% used [0x00000000fdd00000,0x00000000fe298490,0x00000000fee80000)
  to   space 17408K, 0% used [0x00000000fef00000,0x00000000fef00000,0x0000000100000000)
 ParOldGen       total 1398272K, used 404K [0x0000000080000000, 0x00000000d5580000, 0x00000000d5580000)
  object space 1398272K, 0% used [0x0000000080000000,0x0000000080065060,0x00000000d5580000)
 Metaspace       used 2594K, capacity 4486K, committed 4864K, reserved 1056768K
  class space    used 285K, capacity 386K, committed 512K, reserved 1048576K
