Java HotSpot(TM) 64-Bit Server VM (25.261-b12) for windows-amd64 JRE (1.8.0_261-b12), built on Jun 18 2020 06:56:32 by "" with unknown MS VC++:1916
Memory: 4k page, physical 16659684k(9033172k free), swap 23213284k(7602220k free)
CommandLine flags: -XX:InitialHeapSize=2147483648 -XX:MaxHeapSize=2147483648 -XX:+PrintGC -XX:+PrintGCDateStamps -XX:+PrintGCDetails -XX:+PrintGCTimeStamps -XX:+UseCompressedClassPointers -XX:+UseCompressedOops -XX:-UseLargePagesIndividualAllocation -XX:+UseParallelGC 
2020-09-29T11:44:45.893+0200: 0.440: [GC (Allocation Failure) [PSYoungGen: 524800K->11985K(611840K)] 524800K->11993K(2010112K), 0.0105832 secs] [Times: user=0.13 sys=0.00, real=0.01 secs] 
2020-09-29T11:44:46.002+0200: 0.549: [GC (Allocation Failure) [PSYoungGen: 536785K->3473K(611840K)] 536793K->3481K(2010112K), 0.0055000 secs] [Times: user=0.11 sys=0.00, real=0.01 secs] 
2020-09-29T11:44:46.105+0200: 0.652: [GC (Allocation Failure) [PSYoungGen: 528273K->8593K(611840K)] 528281K->8601K(2010112K), 0.0077221 secs] [Times: user=0.00 sys=0.00, real=0.01 secs] 
2020-09-29T11:44:46.210+0200: 0.757: [GC (Allocation Failure) [PSYoungGen: 533393K->13713K(611840K)] 533401K->13721K(2010112K), 0.0099290 secs] [Times: user=0.00 sys=0.00, real=0.01 secs] 
2020-09-29T11:44:46.314+0200: 0.861: [GC (Allocation Failure) [PSYoungGen: 538513K->5217K(611840K)] 538521K->5225K(2010112K), 0.0048674 secs] [Times: user=0.13 sys=0.00, real=0.01 secs] 
2020-09-29T11:44:46.400+0200: 0.946: [GC (Allocation Failure) [PSYoungGen: 530017K->10465K(682496K)] 530025K->10473K(2080768K), 0.0075932 secs] [Times: user=0.00 sys=0.00, real=0.01 secs] 
2020-09-29T11:44:46.572+0200: 1.119: [GC (Allocation Failure) [PSYoungGen: 676577K->6241K(682496K)] 676585K->6645K(2080768K), 0.0071849 secs] [Times: user=0.00 sys=0.00, real=0.01 secs] 
2020-09-29T11:44:46.698+0200: 1.245: [GC (Allocation Failure) [PSYoungGen: 671643K->32K(681984K)] 672047K->436K(2080256K), 0.0004446 secs] [Times: user=0.00 sys=0.00, real=0.00 secs] 
2020-09-29T11:44:46.809+0200: 1.356: [GC (Allocation Failure) [PSYoungGen: 666144K->9985K(676352K)] 666548K->10389K(2074624K), 0.0072473 secs] [Times: user=0.00 sys=0.00, real=0.01 secs] 
2020-09-29T11:44:46.926+0200: 1.472: [GC (Allocation Failure) [PSYoungGen: 676097K->6177K(683008K)] 676501K->6581K(2081280K), 0.0051415 secs] [Times: user=0.13 sys=0.00, real=0.00 secs] 
2020-09-29T11:44:47.036+0200: 1.582: [GC (Allocation Failure) [PSYoungGen: 672289K->2465K(681984K)] 672693K->2869K(2080256K), 0.0029214 secs] [Times: user=0.00 sys=0.00, real=0.00 secs] 
2020-09-29T11:44:47.142+0200: 1.689: [GC (Allocation Failure) [PSYoungGen: 668577K->12257K(679936K)] 668981K->12661K(2078208K), 0.0092961 secs] [Times: user=0.09 sys=0.00, real=0.01 secs] 
2020-09-29T11:44:47.269+0200: 1.816: [GC (Allocation Failure) [PSYoungGen: 676321K->6369K(681472K)] 676725K->6773K(2079744K), 0.0045073 secs] [Times: user=0.13 sys=0.00, real=0.00 secs] 
2020-09-29T11:44:47.376+0200: 1.923: [GC (Allocation Failure) [PSYoungGen: 670433K->32K(681472K)] 670837K->436K(2079744K), 0.0007086 secs] [Times: user=0.00 sys=0.00, real=0.00 secs] 
2020-09-29T11:44:47.478+0200: 2.025: [GC (Allocation Failure) [PSYoungGen: 665120K->8929K(681984K)] 665524K->9333K(2080256K), 0.0061689 secs] [Times: user=0.00 sys=0.00, real=0.01 secs] 
2020-09-29T11:44:47.597+0200: 2.143: [GC (Allocation Failure) [PSYoungGen: 674017K->4129K(682496K)] 674421K->4533K(2080768K), 0.0044202 secs] [Times: user=0.13 sys=0.00, real=0.00 secs] 
2020-09-29T11:44:47.726+0200: 2.272: [GC (Allocation Failure) [PSYoungGen: 669729K->13441K(679424K)] 670133K->13845K(2077696K), 0.0109226 secs] [Times: user=0.00 sys=0.00, real=0.01 secs] 
2020-09-29T11:44:47.895+0200: 2.442: [GC (Allocation Failure) [PSYoungGen: 679041K->9153K(681472K)] 679445K->9557K(2079744K), 0.0093345 secs] [Times: user=0.00 sys=0.00, real=0.01 secs] 
2020-09-29T11:44:48.057+0200: 2.603: [GC (Allocation Failure) [PSYoungGen: 672705K->2785K(680960K)] 673109K->3189K(2079232K), 0.0032536 secs] [Times: user=0.00 sys=0.00, real=0.00 secs] 
2020-09-29T11:44:48.187+0200: 2.734: [GC (Allocation Failure) [PSYoungGen: 666337K->10081K(681472K)] 666741K->10485K(2079744K), 0.0074232 secs] [Times: user=0.13 sys=0.00, real=0.01 secs] 
2020-09-29T11:44:48.330+0200: 2.876: [GC (Allocation Failure) [PSYoungGen: 674145K->4257K(681472K)] 674549K->4661K(2079744K), 0.0043072 secs] [Times: user=0.13 sys=0.00, real=0.00 secs] 
2020-09-29T11:44:48.456+0200: 3.003: [GC (Allocation Failure) [PSYoungGen: 668321K->12033K(679936K)] 668725K->12437K(2078208K), 0.0087839 secs] [Times: user=0.11 sys=0.00, real=0.01 secs] 
2020-09-29T11:44:48.579+0200: 3.126: [GC (Allocation Failure) [PSYoungGen: 675073K->5185K(680960K)] 675477K->5589K(2079232K), 0.0048320 secs] [Times: user=0.11 sys=0.00, real=0.01 secs] 
2020-09-29T11:44:48.700+0200: 3.246: [GC (Allocation Failure) [PSYoungGen: 668225K->11937K(680448K)] 668629K->12341K(2078720K), 0.0081055 secs] [Times: user=0.00 sys=0.00, real=0.01 secs] 
2020-09-29T11:44:48.828+0200: 3.375: [GC (Allocation Failure) [PSYoungGen: 674977K->5025K(680960K)] 675381K->5429K(2079232K), 0.0042735 secs] [Times: user=0.00 sys=0.00, real=0.00 secs] 
2020-09-29T11:44:48.946+0200: 3.492: [GC (Allocation Failure) [PSYoungGen: 668065K->11841K(680448K)] 668469K->12245K(2078720K), 0.0098904 secs] [Times: user=0.00 sys=0.00, real=0.01 secs] 
2020-09-29T11:44:49.079+0200: 3.625: [GC (Allocation Failure) [PSYoungGen: 674881K->4929K(680960K)] 675285K->5333K(2079232K), 0.0048237 secs] [Times: user=0.13 sys=0.00, real=0.01 secs] 
2020-09-29T11:44:49.192+0200: 3.738: [GC (Allocation Failure) [PSYoungGen: 667969K->11745K(680448K)] 668373K->12149K(2078720K), 0.0068954 secs] [Times: user=0.00 sys=0.00, real=0.01 secs] 
2020-09-29T11:44:49.298+0200: 3.844: [GC (Allocation Failure) [PSYoungGen: 674785K->4833K(680960K)] 675189K->5237K(2079232K), 0.0038244 secs] [Times: user=0.13 sys=0.00, real=0.00 secs] 
2020-09-29T11:44:49.405+0200: 3.951: [GC (Allocation Failure) [PSYoungGen: 667873K->11649K(679936K)] 668277K->12053K(2078208K), 0.0070797 secs] [Times: user=0.13 sys=0.00, real=0.01 secs] 
2020-09-29T11:44:49.531+0200: 4.077: [GC (Allocation Failure) [PSYoungGen: 673665K->3713K(680448K)] 674069K->4117K(2078720K), 0.0040364 secs] [Times: user=0.00 sys=0.00, real=0.00 secs] 
2020-09-29T11:44:49.653+0200: 4.199: [GC (Allocation Failure) [PSYoungGen: 665729K->9537K(681472K)] 666133K->9941K(2079744K), 0.0063092 secs] [Times: user=0.00 sys=0.00, real=0.01 secs] 
2020-09-29T11:44:49.767+0200: 4.313: [GC (Allocation Failure) [PSYoungGen: 673089K->3073K(680960K)] 673493K->3477K(2079232K), 0.0034794 secs] [Times: user=0.00 sys=0.00, real=0.00 secs] 
2020-09-29T11:44:49.881+0200: 4.427: [GC (Allocation Failure) [PSYoungGen: 666625K->10433K(681472K)] 667029K->10837K(2079744K), 0.0063586 secs] [Times: user=0.00 sys=0.00, real=0.01 secs] 
2020-09-29T11:44:49.996+0200: 4.543: [GC (Allocation Failure) [PSYoungGen: 674497K->4545K(681472K)] 674901K->4949K(2079744K), 0.0041712 secs] [Times: user=0.00 sys=0.00, real=0.00 secs] 
2020-09-29T11:44:50.120+0200: 4.666: [GC (Allocation Failure) [PSYoungGen: 668609K->12385K(680448K)] 669013K->12789K(2078720K), 0.0087943 secs] [Times: user=0.00 sys=0.00, real=0.01 secs] 
2020-09-29T11:44:50.235+0200: 4.782: [GC (Allocation Failure) [PSYoungGen: 675425K->5473K(680960K)] 675829K->5877K(2079232K), 0.0041321 secs] [Times: user=0.00 sys=0.00, real=0.00 secs] 
2020-09-29T11:44:50.351+0200: 4.898: [GC (Allocation Failure) [PSYoungGen: 668513K->12321K(679424K)] 668917K->12725K(2077696K), 0.0089523 secs] [Times: user=0.00 sys=0.00, real=0.01 secs] 
2020-09-29T11:44:50.467+0200: 5.014: [GC (Allocation Failure) [PSYoungGen: 674337K->4353K(680448K)] 674741K->4757K(2078720K), 0.0038242 secs] [Times: user=0.00 sys=0.00, real=0.00 secs] 
2020-09-29T11:44:50.580+0200: 5.127: [GC (Allocation Failure) [PSYoungGen: 666369K->10081K(680960K)] 666773K->10485K(2079232K), 0.0075291 secs] [Times: user=0.13 sys=0.00, real=0.01 secs] 
2020-09-29T11:44:50.688+0200: 5.235: [GC (Allocation Failure) [PSYoungGen: 671579K->32K(663552K)] 671983K->436K(2061824K), 0.0005141 secs] [Times: user=0.00 sys=0.00, real=0.00 secs] 
2020-09-29T11:44:50.789+0200: 5.336: [GC (Allocation Failure) [PSYoungGen: 663072K->6945K(681472K)] 663476K->7349K(2079744K), 0.0057363 secs] [Times: user=0.00 sys=0.00, real=0.01 secs] 
2020-09-29T11:44:50.904+0200: 5.451: [GC (Allocation Failure) [PSYoungGen: 669985K->13729K(680448K)] 670389K->14133K(2078720K), 0.0088125 secs] [Times: user=0.11 sys=0.00, real=0.01 secs] 
2020-09-29T11:44:51.019+0200: 5.566: [GC (Allocation Failure) [PSYoungGen: 676769K->6785K(680960K)] 677173K->7189K(2079232K), 0.0049303 secs] [Times: user=0.13 sys=0.00, real=0.00 secs] 
2020-09-29T11:44:51.131+0200: 5.678: [GC (Allocation Failure) [PSYoungGen: 669313K->13089K(675840K)] 669717K->13493K(2074112K), 0.0098977 secs] [Times: user=0.00 sys=0.00, real=0.01 secs] 
2020-09-29T11:44:51.265+0200: 5.812: [GC (Allocation Failure) [PSYoungGen: 675617K->5697K(680960K)] 676021K->6101K(2079232K), 0.0052599 secs] [Times: user=0.11 sys=0.00, real=0.00 secs] 
2020-09-29T11:44:51.396+0200: 5.942: [GC (Allocation Failure) [PSYoungGen: 667713K->11489K(679936K)] 668117K->11893K(2078208K), 0.0126375 secs] [Times: user=0.00 sys=0.00, real=0.01 secs] 
2020-09-29T11:44:51.550+0200: 6.097: [GC (Allocation Failure) [PSYoungGen: 671639K->32K(679424K)] 672044K->436K(2077696K), 0.0004828 secs] [Times: user=0.01 sys=0.02, real=0.00 secs] 
2020-09-29T11:44:51.686+0200: 6.232: [GC (Allocation Failure) [PSYoungGen: 661024K->4833K(679936K)] 661428K->5237K(2078208K), 0.0045462 secs] [Times: user=0.00 sys=0.00, real=0.00 secs] 
2020-09-29T11:44:51.835+0200: 6.382: [GC (Allocation Failure) [PSYoungGen: 665825K->9569K(680960K)] 666229K->9973K(2079232K), 0.0108197 secs] [Times: user=0.00 sys=0.00, real=0.01 secs] 
2020-09-29T11:44:51.997+0200: 6.544: [GC (Allocation Failure) [PSYoungGen: 672097K->2177K(680448K)] 672501K->2581K(2078720K), 0.0034134 secs] [Times: user=0.00 sys=0.00, real=0.00 secs] 
2020-09-29T11:44:52.138+0200: 6.685: [GC (Allocation Failure) [PSYoungGen: 664705K->8481K(681472K)] 665109K->8885K(2079744K), 0.0073968 secs] [Times: user=0.11 sys=0.00, real=0.01 secs] 
2020-09-29T11:44:52.270+0200: 6.816: [GC (Allocation Failure) [PSYoungGen: 672033K->2209K(680960K)] 672437K->2613K(2079232K), 0.0031498 secs] [Times: user=0.00 sys=0.00, real=0.00 secs] 
2020-09-29T11:44:52.380+0200: 6.926: [GC (Allocation Failure) [PSYoungGen: 665761K->9409K(681472K)] 666165K->9813K(2079744K), 0.0067517 secs] [Times: user=0.00 sys=0.00, real=0.01 secs] 
2020-09-29T11:44:52.502+0200: 7.049: [GC (Allocation Failure) [PSYoungGen: 673473K->3521K(681472K)] 673877K->3925K(2079744K), 0.0036769 secs] [Times: user=0.13 sys=0.00, real=0.00 secs] 
2020-09-29T11:44:52.622+0200: 7.169: [GC (Allocation Failure) [PSYoungGen: 667585K->11393K(680960K)] 667989K->11797K(2079232K), 0.0080677 secs] [Times: user=0.13 sys=0.00, real=0.01 secs] 
2020-09-29T11:44:52.735+0200: 7.282: [GC (Allocation Failure) [PSYoungGen: 675457K->5505K(681472K)] 675861K->5909K(2079744K), 0.0041404 secs] [Times: user=0.13 sys=0.00, real=0.00 secs] 
2020-09-29T11:44:52.873+0200: 7.420: [GC (Allocation Failure) [PSYoungGen: 669569K->13249K(678912K)] 669973K->13653K(2077184K), 0.0098897 secs] [Times: user=0.09 sys=0.00, real=0.01 secs] 
2020-09-29T11:44:53.008+0200: 7.555: [GC (Allocation Failure) [PSYoungGen: 675265K->5409K(680448K)] 675669K->5813K(2078720K), 0.0049482 secs] [Times: user=0.00 sys=0.00, real=0.01 secs] 
2020-09-29T11:44:53.136+0200: 7.682: [GC (Allocation Failure) [PSYoungGen: 667425K->11169K(680448K)] 667829K->11573K(2078720K), 0.0085527 secs] [Times: user=0.00 sys=0.00, real=0.01 secs] 
2020-09-29T11:44:53.270+0200: 7.816: [GC (Allocation Failure) [PSYoungGen: 674209K->4257K(680960K)] 674613K->4661K(2079232K), 0.0041613 secs] [Times: user=0.00 sys=0.00, real=0.00 secs] 
2020-09-29T11:44:53.428+0200: 7.975: [GC (Allocation Failure) [PSYoungGen: 667297K->11041K(680448K)] 667701K->11445K(2078720K), 0.0082506 secs] [Times: user=0.00 sys=0.00, real=0.01 secs] 
2020-09-29T11:44:53.595+0200: 8.141: [GC (Allocation Failure) [PSYoungGen: 674081K->4193K(680960K)] 674485K->4597K(2079232K), 0.0054040 secs] [Times: user=0.08 sys=0.00, real=0.00 secs] 
2020-09-29T11:44:53.739+0200: 8.285: [GC (Allocation Failure) [PSYoungGen: 667233K->11041K(680448K)] 667637K->11445K(2078720K), 0.0081578 secs] [Times: user=0.00 sys=0.00, real=0.01 secs] 
2020-09-29T11:44:53.886+0200: 8.432: [GC (Allocation Failure) [PSYoungGen: 674081K->4065K(680960K)] 674485K->4469K(2079232K), 0.0040125 secs] [Times: user=0.00 sys=0.00, real=0.00 secs] 
2020-09-29T11:44:54.014+0200: 8.561: [GC (Allocation Failure) [PSYoungGen: 667105K->10817K(680448K)] 667509K->11221K(2078720K), 0.0092300 secs] [Times: user=0.13 sys=0.00, real=0.01 secs] 
2020-09-29T11:44:54.159+0200: 8.706: [GC (Allocation Failure) [PSYoungGen: 673857K->4033K(680960K)] 674261K->4437K(2079232K), 0.0041571 secs] [Times: user=0.13 sys=0.00, real=0.01 secs] 
2020-09-29T11:44:54.288+0200: 8.835: [GC (Allocation Failure) [PSYoungGen: 667073K->10753K(680448K)] 667477K->11157K(2078720K), 0.0116819 secs] [Times: user=0.00 sys=0.00, real=0.01 secs] 
2020-09-29T11:44:54.440+0200: 8.986: [GC (Allocation Failure) [PSYoungGen: 673793K->3873K(680960K)] 674197K->4277K(2079232K), 0.0046818 secs] [Times: user=0.08 sys=0.00, real=0.00 secs] 
2020-09-29T11:44:54.581+0200: 9.127: [GC (Allocation Failure) [PSYoungGen: 666913K->10657K(681472K)] 667317K->11061K(2079744K), 0.0081918 secs] [Times: user=0.13 sys=0.00, real=0.01 secs] 
2020-09-29T11:44:54.710+0200: 9.256: [GC (Allocation Failure) [PSYoungGen: 674721K->4801K(681472K)] 675125K->5205K(2079744K), 0.0043279 secs] [Times: user=0.00 sys=0.00, real=0.00 secs] 
2020-09-29T11:44:54.828+0200: 9.374: [GC (Allocation Failure) [PSYoungGen: 668865K->12641K(680448K)] 669269K->13045K(2078720K), 0.0075655 secs] [Times: user=0.13 sys=0.00, real=0.01 secs] 
2020-09-29T11:44:54.938+0200: 9.485: [GC (Allocation Failure) [PSYoungGen: 675681K->5697K(680960K)] 676085K->6101K(2079232K), 0.0044112 secs] [Times: user=0.13 sys=0.00, real=0.01 secs] 
2020-09-29T11:44:55.053+0200: 9.600: [GC (Allocation Failure) [PSYoungGen: 668737K->12545K(679424K)] 669141K->12949K(2077696K), 0.0083640 secs] [Times: user=0.00 sys=0.00, real=0.01 secs] 
2020-09-29T11:44:55.172+0200: 9.718: [GC (Allocation Failure) [PSYoungGen: 674561K->4641K(680448K)] 674965K->5045K(2078720K), 0.0040054 secs] [Times: user=0.00 sys=0.00, real=0.00 secs] 
2020-09-29T11:44:55.277+0200: 9.823: [GC (Allocation Failure) [PSYoungGen: 666657K->10369K(680960K)] 667061K->10773K(2079232K), 0.0064970 secs] [Times: user=0.00 sys=0.00, real=0.01 secs] 
2020-09-29T11:44:55.379+0200: 9.925: [GC (Allocation Failure) [PSYoungGen: 671867K->32K(663552K)] 672271K->436K(2061824K), 0.0006925 secs] [Times: user=0.00 sys=0.00, real=0.00 secs] 
2020-09-29T11:44:55.484+0200: 10.031: [GC (Allocation Failure) [PSYoungGen: 663072K->6945K(681472K)] 663476K->7349K(2079744K), 0.0051015 secs] [Times: user=0.13 sys=0.00, real=0.01 secs] 
2020-09-29T11:44:55.594+0200: 10.141: [GC (Allocation Failure) [PSYoungGen: 669985K->13697K(676864K)] 670389K->14101K(2075136K), 0.0078676 secs] [Times: user=0.13 sys=0.00, real=0.01 secs] 
2020-09-29T11:44:55.712+0200: 10.259: [GC (Allocation Failure) [PSYoungGen: 676737K->6817K(680960K)] 677141K->7221K(2079232K), 0.0048331 secs] [Times: user=0.00 sys=0.00, real=0.01 secs] 
2020-09-29T11:44:55.811+0200: 10.357: [GC (Allocation Failure) [PSYoungGen: 668833K->12609K(679936K)] 669237K->13013K(2078208K), 0.0072302 secs] [Times: user=0.13 sys=0.00, real=0.01 secs] 
2020-09-29T11:44:55.926+0200: 10.473: [GC (Allocation Failure) [PSYoungGen: 674625K->4641K(680448K)] 675029K->5045K(2078720K), 0.0041362 secs] [Times: user=0.00 sys=0.00, real=0.00 secs] 
2020-09-29T11:44:56.050+0200: 10.597: [GC (Allocation Failure) [PSYoungGen: 666657K->10465K(680448K)] 667061K->10869K(2078720K), 0.0073110 secs] [Times: user=0.09 sys=0.02, real=0.01 secs] 
2020-09-29T11:44:56.175+0200: 10.722: [GC (Allocation Failure) [PSYoungGen: 672481K->2465K(680448K)] 672885K->2869K(2078720K), 0.0031457 secs] [Times: user=0.13 sys=0.00, real=0.00 secs] 
2020-09-29T11:44:56.286+0200: 10.832: [GC (Allocation Failure) [PSYoungGen: 664481K->8289K(680448K)] 664885K->8693K(2078720K), 0.0055480 secs] [Times: user=0.00 sys=0.00, real=0.00 secs] 
2020-09-29T11:44:56.387+0200: 10.934: [GC (Allocation Failure) [PSYoungGen: 670305K->32K(680448K)] 670709K->436K(2078720K), 0.0005559 secs] [Times: user=0.00 sys=0.00, real=0.00 secs] 
2020-09-29T11:44:56.487+0200: 11.033: [GC (Allocation Failure) [PSYoungGen: 663072K->6913K(680960K)] 663476K->7317K(2079232K), 0.0047720 secs] [Times: user=0.13 sys=0.00, real=0.00 secs] 
2020-09-29T11:44:56.593+0200: 11.140: [GC (Allocation Failure) [PSYoungGen: 669953K->13729K(678912K)] 670357K->14133K(2077184K), 0.0089773 secs] [Times: user=0.13 sys=0.00, real=0.01 secs] 
2020-09-29T11:44:56.712+0200: 11.258: [GC (Allocation Failure) [PSYoungGen: 675745K->5793K(680448K)] 676149K->6197K(2078720K), 0.0041198 secs] [Times: user=0.00 sys=0.00, real=0.00 secs] 
2020-09-29T11:44:56.808+0200: 11.355: [GC (Allocation Failure) [PSYoungGen: 667809K->11553K(680448K)] 668213K->11957K(2078720K), 0.0067451 secs] [Times: user=0.00 sys=0.00, real=0.01 secs] 
2020-09-29T11:44:56.917+0200: 11.464: [GC (Allocation Failure) [PSYoungGen: 674593K->4641K(680960K)] 674997K->5045K(2079232K), 0.0040752 secs] [Times: user=0.00 sys=0.00, real=0.00 secs] 
2020-09-29T11:44:57.025+0200: 11.572: [GC (Allocation Failure) [PSYoungGen: 667681K->11425K(680448K)] 668085K->11829K(2078720K), 0.0075294 secs] [Times: user=0.00 sys=0.00, real=0.01 secs] 
2020-09-29T11:44:57.140+0200: 11.687: [GC (Allocation Failure) [PSYoungGen: 674465K->4577K(680960K)] 674869K->4981K(2079232K), 0.0038801 secs] [Times: user=0.00 sys=0.00, real=0.00 secs] 
2020-09-29T11:44:57.246+0200: 11.793: [GC (Allocation Failure) [PSYoungGen: 667617K->11361K(680448K)] 668021K->11765K(2078720K), 0.0069520 secs] [Times: user=0.00 sys=0.00, real=0.01 secs] 
2020-09-29T11:44:57.351+0200: 11.898: [GC (Allocation Failure) [PSYoungGen: 674401K->4449K(680960K)] 674805K->4853K(2079232K), 0.0035870 secs] [Times: user=0.00 sys=0.00, real=0.00 secs] 
2020-09-29T11:44:57.450+0200: 11.997: [GC (Allocation Failure) [PSYoungGen: 667489K->11265K(680960K)] 667893K->11669K(2079232K), 0.0066563 secs] [Times: user=0.00 sys=0.00, real=0.01 secs] 
2020-09-29T11:44:57.560+0200: 12.107: [GC (Allocation Failure) [PSYoungGen: 674305K->4385K(680960K)] 674709K->4789K(2079232K), 0.0038240 secs] [Times: user=0.00 sys=0.00, real=0.00 secs] 
2020-09-29T11:44:57.681+0200: 12.228: [GC (Allocation Failure) [PSYoungGen: 667425K->11137K(680960K)] 667829K->11541K(2079232K), 0.0107876 secs] [Times: user=0.00 sys=0.00, real=0.01 secs] 
2020-09-29T11:44:57.810+0200: 12.357: [GC (Allocation Failure) [PSYoungGen: 674177K->4225K(680960K)] 674581K->4629K(2079232K), 0.0042677 secs] [Times: user=0.00 sys=0.00, real=0.01 secs] 
2020-09-29T11:44:57.934+0200: 12.481: [GC (Allocation Failure) [PSYoungGen: 667265K->11105K(680448K)] 667669K->11509K(2078720K), 0.0080806 secs] [Times: user=0.13 sys=0.00, real=0.01 secs] 
2020-09-29T11:44:58.066+0200: 12.613: [GC (Allocation Failure) [PSYoungGen: 674145K->4193K(680960K)] 674549K->4597K(2079232K), 0.0044639 secs] [Times: user=0.13 sys=0.00, real=0.00 secs] 
2020-09-29T11:44:58.196+0200: 12.742: [GC (Allocation Failure) [PSYoungGen: 667233K->11009K(680448K)] 667637K->11413K(2078720K), 0.0077757 secs] [Times: user=0.00 sys=0.00, real=0.01 secs] 
2020-09-29T11:44:58.310+0200: 12.857: [GC (Allocation Failure) [PSYoungGen: 674049K->4097K(680960K)] 674453K->4501K(2079232K), 0.0039408 secs] [Times: user=0.00 sys=0.00, real=0.00 secs] 
2020-09-29T11:44:58.430+0200: 12.977: [GC (Allocation Failure) [PSYoungGen: 667137K->10881K(680448K)] 667541K->11285K(2078720K), 0.0078772 secs] [Times: user=0.00 sys=0.00, real=0.01 secs] 
2020-09-29T11:44:58.558+0200: 13.104: [GC (Allocation Failure) [PSYoungGen: 673921K->4001K(680960K)] 674325K->4405K(2079232K), 0.0040074 secs] [Times: user=0.00 sys=0.00, real=0.00 secs] 
2020-09-29T11:44:58.683+0200: 13.230: [GC (Allocation Failure) [PSYoungGen: 667041K->10785K(680448K)] 667445K->11189K(2078720K), 0.0090779 secs] [Times: user=0.11 sys=0.00, real=0.01 secs] 
2020-09-29T11:44:58.814+0200: 13.360: [GC (Allocation Failure) [PSYoungGen: 673825K->3873K(680960K)] 674229K->4277K(2079232K), 0.0041804 secs] [Times: user=0.13 sys=0.00, real=0.00 secs] 
2020-09-29T11:44:58.954+0200: 13.501: [GC (Allocation Failure) [PSYoungGen: 666913K->10689K(680448K)] 667317K->11093K(2078720K), 0.0082949 secs] [Times: user=0.13 sys=0.00, real=0.01 secs] 
2020-09-29T11:44:59.086+0200: 13.633: [GC (Allocation Failure) [PSYoungGen: 673729K->3809K(680960K)] 674133K->4213K(2079232K), 0.0041461 secs] [Times: user=0.00 sys=0.00, real=0.00 secs] 
2020-09-29T11:44:59.216+0200: 13.763: [GC (Allocation Failure) [PSYoungGen: 666849K->10561K(681472K)] 667253K->10965K(2079744K), 0.0084073 secs] [Times: user=0.13 sys=0.00, real=0.01 secs] 
2020-09-29T11:44:59.364+0200: 13.911: [GC (Allocation Failure) [PSYoungGen: 674625K->4705K(681472K)] 675029K->5109K(2079744K), 0.0044077 secs] [Times: user=0.00 sys=0.00, real=0.00 secs] 
2020-09-29T11:44:59.511+0200: 14.058: [GC (Allocation Failure) [PSYoungGen: 668769K->12545K(680448K)] 669173K->12949K(2078720K), 0.0124231 secs] [Times: user=0.08 sys=0.00, real=0.01 secs] 
2020-09-29T11:44:59.673+0200: 14.220: [GC (Allocation Failure) [PSYoungGen: 675585K->5633K(680960K)] 675989K->6037K(2079232K), 0.0056297 secs] [Times: user=0.09 sys=0.00, real=0.00 secs] 
2020-09-29T11:44:59.819+0200: 14.366: [GC (Allocation Failure) [PSYoungGen: 668673K->12449K(679424K)] 669077K->12853K(2077696K), 0.0100078 secs] [Times: user=0.00 sys=0.00, real=0.01 secs] 
2020-09-29T11:44:59.968+0200: 14.515: [GC (Allocation Failure) [PSYoungGen: 674465K->4513K(680448K)] 674869K->4917K(2078720K), 0.0048249 secs] [Times: user=0.00 sys=0.01, real=0.01 secs] 
2020-09-29T11:45:00.115+0200: 14.662: [GC (Allocation Failure) [PSYoungGen: 666529K->10305K(680960K)] 666933K->10709K(2079232K), 0.0135518 secs] [Times: user=0.00 sys=0.00, real=0.01 secs] 
2020-09-29T11:45:00.263+0200: 14.810: [GC (Allocation Failure) [PSYoungGen: 671803K->32K(663552K)] 672207K->436K(2061824K), 0.0007553 secs] [Times: user=0.00 sys=0.00, real=0.00 secs] 
2020-09-29T11:45:00.405+0200: 14.952: [GC (Allocation Failure) [PSYoungGen: 663072K->6881K(681472K)] 663476K->7285K(2079744K), 0.0064257 secs] [Times: user=0.11 sys=0.00, real=0.01 secs] 
2020-09-29T11:45:00.578+0200: 15.125: [GC (Allocation Failure) [PSYoungGen: 669921K->13697K(676864K)] 670325K->14101K(2075136K), 0.0178793 secs] [Times: user=0.11 sys=0.00, real=0.02 secs] 
2020-09-29T11:45:00.744+0200: 15.291: [GC (Allocation Failure) [PSYoungGen: 676737K->6753K(680960K)] 677141K->7157K(2079232K), 0.0066472 secs] [Times: user=0.00 sys=0.00, real=0.01 secs] 
2020-09-29T11:45:00.885+0200: 15.432: [GC (Allocation Failure) [PSYoungGen: 668769K->12577K(679936K)] 669173K->12981K(2078208K), 0.0096627 secs] [Times: user=0.02 sys=0.00, real=0.01 secs] 
2020-09-29T11:45:01.036+0200: 15.583: [GC (Allocation Failure) [PSYoungGen: 674593K->4673K(680448K)] 674997K->5077K(2078720K), 0.0199268 secs] [Times: user=0.03 sys=0.00, real=0.02 secs] 
2020-09-29T11:45:01.227+0200: 15.774: [GC (Allocation Failure) [PSYoungGen: 666689K->10465K(680448K)] 667093K->10869K(2078720K), 0.0087781 secs] [Times: user=0.00 sys=0.00, real=0.01 secs] 
2020-09-29T11:45:01.376+0200: 15.923: [GC (Allocation Failure) [PSYoungGen: 672481K->2529K(680960K)] 672885K->2933K(2079232K), 0.0032514 secs] [Times: user=0.00 sys=0.02, real=0.00 secs] 
2020-09-29T11:45:01.513+0200: 16.060: [GC (Allocation Failure) [PSYoungGen: 665569K->9313K(680960K)] 665973K->9717K(2079232K), 0.0088572 secs] [Times: user=0.05 sys=0.02, real=0.01 secs] 
2020-09-29T11:45:01.678+0200: 16.225: [GC (Allocation Failure) [PSYoungGen: 672353K->2401K(680960K)] 672757K->2805K(2079232K), 0.0033820 secs] [Times: user=0.00 sys=0.00, real=0.00 secs] 
2020-09-29T11:45:01.819+0200: 16.366: [GC (Allocation Failure) [PSYoungGen: 665441K->9249K(680960K)] 665845K->9653K(2079232K), 0.0075883 secs] [Times: user=0.00 sys=0.00, real=0.01 secs] 
2020-09-29T11:45:01.968+0200: 16.515: [GC (Allocation Failure) [PSYoungGen: 672289K->2241K(681472K)] 672693K->2645K(2079744K), 0.0028125 secs] [Times: user=0.00 sys=0.00, real=0.00 secs] 
2020-09-29T11:45:02.110+0200: 16.657: [GC (Allocation Failure) [PSYoungGen: 666305K->10145K(681472K)] 666709K->10549K(2079744K), 0.0174626 secs] [Times: user=0.05 sys=0.00, real=0.02 secs] 
2020-09-29T11:45:02.278+0200: 16.825: [GC (Allocation Failure) [PSYoungGen: 674209K->4289K(681984K)] 674613K->4693K(2080256K), 0.0042410 secs] [Times: user=0.00 sys=0.00, real=0.00 secs] 
2020-09-29T11:45:02.425+0200: 16.972: [GC (Allocation Failure) [PSYoungGen: 668865K->12577K(677376K)] 669269K->12981K(2075648K), 0.0098600 secs] [Times: user=0.11 sys=0.00, real=0.01 secs] 
2020-09-29T11:45:02.577+0200: 17.124: [GC (Allocation Failure) [PSYoungGen: 677153K->7201K(681984K)] 677557K->7605K(2080256K), 0.0067911 secs] [Times: user=0.09 sys=0.00, real=0.01 secs] 
2020-09-29T11:45:02.720+0200: 17.267: [GC (Allocation Failure) [PSYoungGen: 671265K->32K(680960K)] 671669K->436K(2079232K), 0.0006162 secs] [Times: user=0.00 sys=0.00, real=0.00 secs] 
2020-09-29T11:45:02.862+0200: 17.409: [GC (Allocation Failure) [PSYoungGen: 664096K->7937K(681984K)] 664500K->8341K(2080256K), 0.0071535 secs] [Times: user=0.09 sys=0.00, real=0.01 secs] 
2020-09-29T11:45:03.021+0200: 17.568: [GC (Allocation Failure) [PSYoungGen: 671966K->32K(681472K)] 672370K->436K(2079744K), 0.0007405 secs] [Times: user=0.00 sys=0.00, real=0.00 secs] 
2020-09-29T11:45:03.176+0200: 17.723: [GC (Allocation Failure) [PSYoungGen: 664608K->8449K(681984K)] 665012K->8853K(2080256K), 0.0076424 secs] [Times: user=0.00 sys=0.00, real=0.01 secs] 
2020-09-29T11:45:03.322+0200: 17.869: [GC (Allocation Failure) [PSYoungGen: 671688K->32K(681984K)] 672092K->436K(2080256K), 0.0004936 secs] [Times: user=0.00 sys=0.00, real=0.00 secs] 
2020-09-29T11:45:03.497+0200: 18.044: [GC (Allocation Failure) [PSYoungGen: 665120K->8961K(681984K)] 665524K->9365K(2080256K), 0.0111994 secs] [Times: user=0.08 sys=0.00, real=0.01 secs] 
2020-09-29T11:45:03.679+0200: 18.226: [GC (Allocation Failure) [PSYoungGen: 674049K->4129K(681984K)] 674453K->4533K(2080256K), 0.0038266 secs] [Times: user=0.00 sys=0.00, real=0.00 secs] 
2020-09-29T11:45:03.815+0200: 18.363: [GC (Allocation Failure) [PSYoungGen: 669217K->13025K(679424K)] 669621K->13429K(2077696K), 0.0092829 secs] [Times: user=0.11 sys=0.00, real=0.01 secs] 
2020-09-29T11:45:03.962+0200: 18.509: [GC (Allocation Failure) [PSYoungGen: 676065K->6081K(680960K)] 676469K->6485K(2079232K), 0.0054576 secs] [Times: user=0.00 sys=0.00, real=0.01 secs] 
2020-09-29T11:45:04.099+0200: 18.646: [GC (Allocation Failure) [PSYoungGen: 669121K->12833K(678912K)] 669525K->13237K(2077184K), 0.0119688 secs] [Times: user=0.00 sys=0.00, real=0.01 secs] 
2020-09-29T11:45:04.244+0200: 18.791: [GC (Allocation Failure) [PSYoungGen: 674849K->4961K(680448K)] 675253K->5365K(2078720K), 0.0061716 secs] [Times: user=0.00 sys=0.00, real=0.01 secs] 
2020-09-29T11:45:04.387+0200: 18.934: [GC (Allocation Failure) [PSYoungGen: 666977K->10721K(680448K)] 667381K->11125K(2078720K), 0.0083857 secs] [Times: user=0.11 sys=0.00, real=0.01 secs] 
2020-09-29T11:45:04.520+0200: 19.067: [GC (Allocation Failure) [PSYoungGen: 671864K->32K(680960K)] 672268K->436K(2079232K), 0.0005440 secs] [Times: user=0.00 sys=0.00, real=0.00 secs] 
2020-09-29T11:45:04.646+0200: 19.193: [GC (Allocation Failure) [PSYoungGen: 663072K->7009K(681984K)] 663476K->7413K(2080256K), 0.0057697 secs] [Times: user=0.00 sys=0.00, real=0.01 secs] 
2020-09-29T11:45:04.759+0200: 19.307: [GC (Allocation Failure) [PSYoungGen: 671073K->32K(680960K)] 671477K->436K(2079232K), 0.0006410 secs] [Times: user=0.00 sys=0.00, real=0.00 secs] 
2020-09-29T11:45:04.868+0200: 19.415: [GC (Allocation Failure) [PSYoungGen: 664096K->7937K(681984K)] 664500K->8341K(2080256K), 0.0056062 secs] [Times: user=0.00 sys=0.00, real=0.00 secs] 
2020-09-29T11:45:05.003+0200: 19.550: [GC (Allocation Failure) [PSYoungGen: 672513K->2593K(681472K)] 672917K->2997K(2079744K), 0.0034236 secs] [Times: user=0.13 sys=0.00, real=0.00 secs] 
2020-09-29T11:45:05.144+0200: 19.691: [GC (Allocation Failure) [PSYoungGen: 667169K->10945K(680448K)] 667573K->11349K(2078720K), 0.0098986 secs] [Times: user=0.09 sys=0.00, real=0.01 secs] 
2020-09-29T11:45:05.264+0200: 19.811: [GC (Allocation Failure) [PSYoungGen: 675009K->5089K(681472K)] 675413K->5493K(2079744K), 0.0047969 secs] [Times: user=0.00 sys=0.00, real=0.01 secs] 
2020-09-29T11:45:05.425+0200: 19.972: [GC (Allocation Failure) [PSYoungGen: 669153K->12833K(679424K)] 669557K->13237K(2077696K), 0.0101238 secs] [Times: user=0.09 sys=0.00, real=0.01 secs] 
2020-09-29T11:45:05.586+0200: 20.133: [GC (Allocation Failure) [PSYoungGen: 675873K->5985K(680960K)] 676277K->6389K(2079232K), 0.0059079 secs] [Times: user=0.00 sys=0.00, real=0.01 secs] 
2020-09-29T11:45:05.721+0200: 20.268: [GC (Allocation Failure) [PSYoungGen: 669025K->12737K(679936K)] 669429K->13141K(2078208K), 0.0094972 secs] [Times: user=0.09 sys=0.00, real=0.01 secs] 
2020-09-29T11:45:05.865+0200: 20.413: [GC (Allocation Failure) [PSYoungGen: 675777K->5825K(680960K)] 676181K->6229K(2079232K), 0.0052354 secs] [Times: user=0.00 sys=0.00, real=0.01 secs] 
2020-09-29T11:45:06.038+0200: 20.585: [GC (Allocation Failure) [PSYoungGen: 668865K->12641K(679424K)] 669269K->13045K(2077696K), 0.0155537 secs] [Times: user=0.05 sys=0.00, real=0.01 secs] 
2020-09-29T11:45:06.220+0200: 20.768: [GC (Allocation Failure) [PSYoungGen: 674657K->4705K(680448K)] 675061K->5109K(2078720K), 0.0041045 secs] [Times: user=0.13 sys=0.00, real=0.00 secs] 
2020-09-29T11:45:06.344+0200: 20.891: [GC (Allocation Failure) [PSYoungGen: 666721K->10529K(680960K)] 667125K->10933K(2079232K), 0.0078821 secs] [Times: user=0.13 sys=0.00, real=0.01 secs] 
2020-09-29T11:45:06.471+0200: 21.018: [GC (Allocation Failure) [PSYoungGen: 671973K->32K(663552K)] 672377K->436K(2061824K), 0.0006242 secs] [Times: user=0.00 sys=0.00, real=0.00 secs] 
2020-09-29T11:45:06.598+0200: 21.145: [GC (Allocation Failure) [PSYoungGen: 663072K->6913K(681472K)] 663476K->7317K(2079744K), 0.0062750 secs] [Times: user=0.00 sys=0.00, real=0.01 secs] 
2020-09-29T11:45:06.726+0200: 21.273: [GC (Allocation Failure) [PSYoungGen: 669953K->13761K(676864K)] 670357K->14165K(2075136K), 0.0093993 secs] [Times: user=0.00 sys=0.00, real=0.01 secs] 
2020-09-29T11:45:06.857+0200: 21.404: [GC (Allocation Failure) [PSYoungGen: 676801K->6817K(680960K)] 677205K->7221K(2079232K), 0.0055276 secs] [Times: user=0.00 sys=0.00, real=0.00 secs] 
2020-09-29T11:45:06.963+0200: 21.510: [GC (Allocation Failure) [PSYoungGen: 668833K->12609K(679936K)] 669237K->13013K(2078208K), 0.0074990 secs] [Times: user=0.00 sys=0.00, real=0.01 secs] 
2020-09-29T11:45:07.078+0200: 21.625: [GC (Allocation Failure) [PSYoungGen: 674625K->4705K(680448K)] 675029K->5109K(2078720K), 0.0036891 secs] [Times: user=0.00 sys=0.00, real=0.00 secs] 
2020-09-29T11:45:07.198+0200: 21.746: [GC (Allocation Failure) [PSYoungGen: 666721K->10433K(680448K)] 667125K->10837K(2078720K), 0.0076152 secs] [Times: user=0.00 sys=0.00, real=0.01 secs] 
2020-09-29T11:45:07.315+0200: 21.862: [GC (Allocation Failure) [PSYoungGen: 672449K->2465K(680960K)] 672853K->2869K(2079232K), 0.0027165 secs] [Times: user=0.13 sys=0.00, real=0.00 secs] 
2020-09-29T11:45:07.429+0200: 21.976: [GC (Allocation Failure) [PSYoungGen: 665505K->9281K(680960K)] 665909K->9685K(2079232K), 0.0077660 secs] [Times: user=0.00 sys=0.00, real=0.01 secs] 
2020-09-29T11:45:07.567+0200: 22.113: [GC (Allocation Failure) [PSYoungGen: 672321K->2433K(681472K)] 672725K->2837K(2079744K), 0.0033637 secs] [Times: user=0.00 sys=0.00, real=0.00 secs] 
2020-09-29T11:45:07.702+0200: 22.249: [GC (Allocation Failure) [PSYoungGen: 665985K->9697K(680960K)] 666389K->10101K(2079232K), 0.0067019 secs] [Times: user=0.11 sys=0.00, real=0.01 secs] 
2020-09-29T11:45:07.819+0200: 22.366: [GC (Allocation Failure) [PSYoungGen: 671634K->32K(680448K)] 672039K->436K(2078720K), 0.0005093 secs] [Times: user=0.00 sys=0.00, real=0.00 secs] 
2020-09-29T11:45:07.932+0200: 22.478: [GC (Allocation Failure) [PSYoungGen: 663072K->6881K(680960K)] 663476K->7285K(2079232K), 0.0052285 secs] [Times: user=0.00 sys=0.00, real=0.01 secs] 
2020-09-29T11:45:08.059+0200: 22.605: [GC (Allocation Failure) [PSYoungGen: 669921K->13697K(678912K)] 670325K->14101K(2077184K), 0.0087140 secs] [Times: user=0.13 sys=0.00, real=0.01 secs] 
2020-09-29T11:45:08.180+0200: 22.727: [GC (Allocation Failure) [PSYoungGen: 675713K->5793K(680448K)] 676117K->6197K(2078720K), 0.0049141 secs] [Times: user=0.00 sys=0.00, real=0.00 secs] 
2020-09-29T11:45:08.294+0200: 22.840: [GC (Allocation Failure) [PSYoungGen: 667809K->11585K(679424K)] 668213K->11989K(2077696K), 0.0067560 secs] [Times: user=0.00 sys=0.00, real=0.01 secs] 
2020-09-29T11:45:08.402+0200: 22.949: [GC (Allocation Failure) [PSYoungGen: 673601K->3617K(680448K)] 674005K->4021K(2078720K), 0.0034360 secs] [Times: user=0.00 sys=0.00, real=0.00 secs] 
2020-09-29T11:45:08.518+0200: 23.065: [GC (Allocation Failure) [PSYoungGen: 665633K->9441K(681472K)] 666037K->9845K(2079744K), 0.0065061 secs] [Times: user=0.13 sys=0.00, real=0.01 secs] 
2020-09-29T11:45:08.641+0200: 23.189: [GC (Allocation Failure) [PSYoungGen: 672993K->3009K(680960K)] 673397K->3413K(2079232K), 0.0033488 secs] [Times: user=0.00 sys=0.00, real=0.00 secs] 
2020-09-29T11:45:08.751+0200: 23.297: [GC (Allocation Failure) [PSYoungGen: 666561K->10369K(681472K)] 666965K->10773K(2079744K), 0.0064739 secs] [Times: user=0.13 sys=0.00, real=0.01 secs] 
2020-09-29T11:45:08.863+0200: 23.410: [GC (Allocation Failure) [PSYoungGen: 674433K->4481K(681472K)] 674837K->4885K(2079744K), 0.0040474 secs] [Times: user=0.00 sys=0.01, real=0.01 secs] 
2020-09-29T11:45:08.974+0200: 23.521: [GC (Allocation Failure) [PSYoungGen: 668545K->12321K(679936K)] 668949K->12725K(2078208K), 0.0078096 secs] [Times: user=0.00 sys=0.00, real=0.01 secs] 
2020-09-29T11:45:09.091+0200: 23.638: [GC (Allocation Failure) [PSYoungGen: 675361K->5377K(680960K)] 675765K->5781K(2079232K), 0.0044510 secs] [Times: user=0.00 sys=0.00, real=0.00 secs] 
2020-09-29T11:45:09.213+0200: 23.759: [GC (Allocation Failure) [PSYoungGen: 668417K->12193K(679424K)] 668821K->12597K(2077696K), 0.0073458 secs] [Times: user=0.00 sys=0.00, real=0.01 secs] 
2020-09-29T11:45:09.329+0200: 23.875: [GC (Allocation Failure) [PSYoungGen: 674209K->4161K(680448K)] 674613K->4565K(2078720K), 0.0097337 secs] [Times: user=0.02 sys=0.00, real=0.01 secs] 
2020-09-29T11:45:09.468+0200: 24.015: [GC (Allocation Failure) [PSYoungGen: 666177K->10017K(680960K)] 666581K->10421K(2079232K), 0.0075126 secs] [Times: user=0.11 sys=0.00, real=0.01 secs] 
2020-09-29T11:45:09.599+0200: 24.145: [GC (Allocation Failure) [PSYoungGen: 673057K->3137K(680960K)] 673461K->3541K(2079232K), 0.0031793 secs] [Times: user=0.00 sys=0.00, real=0.00 secs] 
2020-09-29T11:45:09.722+0200: 24.268: [GC (Allocation Failure) [PSYoungGen: 666177K->9985K(681472K)] 666581K->10389K(2079744K), 0.0069674 secs] [Times: user=0.11 sys=0.00, real=0.01 secs] 
2020-09-29T11:45:09.842+0200: 24.389: [GC (Allocation Failure) [PSYoungGen: 674049K->4065K(681472K)] 674453K->4469K(2079744K), 0.0036857 secs] [Times: user=0.00 sys=0.00, real=0.00 secs] 
2020-09-29T11:45:09.948+0200: 24.495: [GC (Allocation Failure) [PSYoungGen: 668129K->11937K(680448K)] 668533K->12341K(2078720K), 0.0074803 secs] [Times: user=0.00 sys=0.00, real=0.01 secs] 
2020-09-29T11:45:10.085+0200: 24.632: [GC (Allocation Failure) [PSYoungGen: 674977K->4993K(680960K)] 675381K->5397K(2079232K), 0.0046070 secs] [Times: user=0.00 sys=0.00, real=0.00 secs] 
2020-09-29T11:45:10.199+0200: 24.745: [GC (Allocation Failure) [PSYoungGen: 668033K->11809K(680448K)] 668437K->12213K(2078720K), 0.0076922 secs] [Times: user=0.00 sys=0.00, real=0.01 secs] 
2020-09-29T11:45:10.325+0200: 24.872: [GC (Allocation Failure) [PSYoungGen: 674849K->4897K(680960K)] 675253K->5301K(2079232K), 0.0036666 secs] [Times: user=0.00 sys=0.00, real=0.00 secs] 
2020-09-29T11:45:10.437+0200: 24.983: [GC (Allocation Failure) [PSYoungGen: 667937K->11681K(680448K)] 668341K->12085K(2078720K), 0.0087662 secs] [Times: user=0.09 sys=0.00, real=0.01 secs] 
2020-09-29T11:45:10.573+0200: 25.120: [GC (Allocation Failure) [PSYoungGen: 674721K->4769K(680960K)] 675125K->5173K(2079232K), 0.0044162 secs] [Times: user=0.00 sys=0.00, real=0.01 secs] 
2020-09-29T11:45:10.712+0200: 25.259: [GC (Allocation Failure) [PSYoungGen: 667809K->11585K(680960K)] 668213K->11989K(2079232K), 0.0100820 secs] [Times: user=0.00 sys=0.00, real=0.01 secs] 
2020-09-29T11:45:10.876+0200: 25.423: [GC (Allocation Failure) [PSYoungGen: 674625K->4673K(680960K)] 675029K->5077K(2079232K), 0.0053604 secs] [Times: user=0.08 sys=0.00, real=0.01 secs] 
2020-09-29T11:45:11.011+0200: 25.558: [GC (Allocation Failure) [PSYoungGen: 667713K->11489K(680960K)] 668117K->11893K(2079232K), 0.0083523 secs] [Times: user=0.03 sys=0.00, real=0.01 secs] 
2020-09-29T11:45:11.168+0200: 25.715: [GC (Allocation Failure) [PSYoungGen: 674529K->4609K(680960K)] 674933K->5013K(2079232K), 0.0041766 secs] [Times: user=0.00 sys=0.00, real=0.00 secs] 
2020-09-29T11:45:11.335+0200: 25.882: [GC (Allocation Failure) [PSYoungGen: 667649K->11457K(679936K)] 668053K->11861K(2078208K), 0.0081427 secs] [Times: user=0.00 sys=0.00, real=0.01 secs] 
2020-09-29T11:45:11.462+0200: 26.009: [GC (Allocation Failure) [PSYoungGen: 671951K->32K(680448K)] 672355K->436K(2078720K), 0.0006433 secs] [Times: user=0.00 sys=0.00, real=0.00 secs] 
2020-09-29T11:45:11.593+0200: 26.140: [GC (Allocation Failure) [PSYoungGen: 662048K->5921K(680960K)] 662452K->6325K(2079232K), 0.0054101 secs] [Times: user=0.08 sys=0.00, real=0.01 secs] 
2020-09-29T11:45:11.730+0200: 26.276: [GC (Allocation Failure) [PSYoungGen: 668449K->12161K(680448K)] 668853K->12565K(2078720K), 0.0087944 secs] [Times: user=0.00 sys=0.00, real=0.01 secs] 
2020-09-29T11:45:11.862+0200: 26.409: [GC (Allocation Failure) [PSYoungGen: 674689K->4737K(680960K)] 675093K->5141K(2079232K), 0.0046631 secs] [Times: user=0.08 sys=0.00, real=0.01 secs] 
2020-09-29T11:45:11.996+0200: 26.542: [GC (Allocation Failure) [PSYoungGen: 667265K->11041K(680448K)] 667669K->11445K(2078720K), 0.0067237 secs] [Times: user=0.00 sys=0.00, real=0.01 secs] 
2020-09-29T11:45:12.136+0200: 26.683: [GC (Allocation Failure) [PSYoungGen: 673569K->3617K(680960K)] 673973K->4021K(2079232K), 0.0047361 secs] [Times: user=0.00 sys=0.00, real=0.01 secs] 
2020-09-29T11:45:12.259+0200: 26.806: [GC (Allocation Failure) [PSYoungGen: 666145K->9889K(680448K)] 666549K->10293K(2078720K), 0.0077915 secs] [Times: user=0.00 sys=0.00, real=0.01 secs] 
2020-09-29T11:45:12.367+0200: 26.914: [GC (Allocation Failure) [PSYoungGen: 672417K->2497K(680960K)] 672821K->2901K(2079232K), 0.0025140 secs] [Times: user=0.00 sys=0.00, real=0.00 secs] 
2020-09-29T11:45:12.471+0200: 27.017: [GC (Allocation Failure) [PSYoungGen: 665537K->9345K(680960K)] 665941K->9749K(2079232K), 0.0065820 secs] [Times: user=0.11 sys=0.00, real=0.01 secs] 
Heap
 PSYoungGen      total 680960K, used 357958K [0x00000000d5580000, 0x0000000100000000, 0x0000000100000000)
  eden space 663040K, 52% used [0x00000000d5580000,0x00000000ea9f14b0,0x00000000fdd00000)
  from space 17920K, 52% used [0x00000000fdd00000,0x00000000fe620490,0x00000000fee80000)
  to   space 17408K, 0% used [0x00000000fef00000,0x00000000fef00000,0x0000000100000000)
 ParOldGen       total 1398272K, used 404K [0x0000000080000000, 0x00000000d5580000, 0x00000000d5580000)
  object space 1398272K, 0% used [0x0000000080000000,0x0000000080065060,0x00000000d5580000)
 Metaspace       used 2594K, capacity 4486K, committed 4864K, reserved 1056768K
  class space    used 285K, capacity 386K, committed 512K, reserved 1048576K
