Java HotSpot(TM) 64-Bit Server VM (25.261-b12) for windows-amd64 JRE (1.8.0_261-b12), built on Jun 18 2020 06:56:32 by "" with unknown MS VC++:1916
Memory: 4k page, physical 16659684k(9128264k free), swap 23213284k(8146684k free)
CommandLine flags: -XX:InitialHeapSize=2147483648 -XX:MaxHeapSize=2147483648 -XX:+PrintGC -XX:+PrintGCDateStamps -XX:+PrintGCDetails -XX:+PrintGCTimeStamps -XX:+UseCompressedClassPointers -XX:+UseCompressedOops -XX:-UseLargePagesIndividualAllocation -XX:+UseParallelGC 
2020-09-29T12:38:41.914+0200: 0.437: [GC (Allocation Failure) [PSYoungGen: 524800K->11985K(611840K)] 524800K->11993K(2010112K), 0.0095134 secs] [Times: user=0.00 sys=0.00, real=0.01 secs] 
2020-09-29T12:38:42.017+0200: 0.540: [GC (Allocation Failure) [PSYoungGen: 536785K->3409K(611840K)] 536793K->3417K(2010112K), 0.0142644 secs] [Times: user=0.00 sys=0.00, real=0.01 secs] 
2020-09-29T12:38:42.115+0200: 0.638: [GC (Allocation Failure) [PSYoungGen: 528209K->8609K(611840K)] 528217K->8617K(2010112K), 0.0060431 secs] [Times: user=0.00 sys=0.00, real=0.01 secs] 
2020-09-29T12:38:42.215+0200: 0.738: [GC (Allocation Failure) [PSYoungGen: 533409K->13697K(611840K)] 533417K->13705K(2010112K), 0.0099830 secs] [Times: user=0.11 sys=0.02, real=0.01 secs] 
2020-09-29T12:38:42.313+0200: 0.836: [GC (Allocation Failure) [PSYoungGen: 538497K->5217K(611840K)] 538505K->5225K(2010112K), 0.0041062 secs] [Times: user=0.02 sys=0.00, real=0.00 secs] 
2020-09-29T12:38:42.397+0200: 0.920: [GC (Allocation Failure) [PSYoungGen: 530017K->10433K(682496K)] 530025K->10441K(2080768K), 0.0078610 secs] [Times: user=0.00 sys=0.00, real=0.01 secs] 
2020-09-29T12:38:42.551+0200: 1.074: [GC (Allocation Failure) [PSYoungGen: 676545K->6273K(682496K)] 676553K->6685K(2080768K), 0.0066636 secs] [Times: user=0.00 sys=0.00, real=0.01 secs] 
2020-09-29T12:38:42.678+0200: 1.202: [GC (Allocation Failure) [PSYoungGen: 671675K->32K(681984K)] 672087K->444K(2080256K), 0.0005066 secs] [Times: user=0.00 sys=0.00, real=0.00 secs] 
2020-09-29T12:38:42.780+0200: 1.303: [GC (Allocation Failure) [PSYoungGen: 666144K->9985K(676352K)] 666556K->10397K(2074624K), 0.0064676 secs] [Times: user=0.13 sys=0.00, real=0.01 secs] 
2020-09-29T12:38:42.892+0200: 1.415: [GC (Allocation Failure) [PSYoungGen: 676097K->6145K(683008K)] 676509K->6557K(2081280K), 0.0050965 secs] [Times: user=0.13 sys=0.00, real=0.01 secs] 
2020-09-29T12:38:43.000+0200: 1.523: [GC (Allocation Failure) [PSYoungGen: 672257K->2433K(681984K)] 672669K->2845K(2080256K), 0.0030605 secs] [Times: user=0.00 sys=0.00, real=0.00 secs] 
2020-09-29T12:38:43.104+0200: 1.627: [GC (Allocation Failure) [PSYoungGen: 668545K->12161K(680960K)] 668957K->12573K(2079232K), 0.0074831 secs] [Times: user=0.00 sys=0.00, real=0.01 secs] 
2020-09-29T12:38:43.218+0200: 1.741: [GC (Allocation Failure) [PSYoungGen: 677249K->7393K(681984K)] 677661K->7805K(2080256K), 0.0052923 secs] [Times: user=0.00 sys=0.00, real=0.01 secs] 
2020-09-29T12:38:43.323+0200: 1.846: [GC (Allocation Failure) [PSYoungGen: 672481K->2497K(682496K)] 672893K->2909K(2080768K), 0.0029379 secs] [Times: user=0.00 sys=0.00, real=0.00 secs] 
2020-09-29T12:38:43.423+0200: 1.946: [GC (Allocation Failure) [PSYoungGen: 668609K->12449K(678912K)] 669021K->12861K(2077184K), 0.0073735 secs] [Times: user=0.13 sys=0.00, real=0.01 secs] 
2020-09-29T12:38:43.525+0200: 2.048: [GC (Allocation Failure) [PSYoungGen: 678561K->8609K(681984K)] 678973K->9021K(2080256K), 0.0058966 secs] [Times: user=0.00 sys=0.00, real=0.01 secs] 
2020-09-29T12:38:43.625+0200: 2.148: [GC (Allocation Failure) [PSYoungGen: 673185K->3233K(681472K)] 673597K->3645K(2079744K), 0.0032072 secs] [Times: user=0.00 sys=0.00, real=0.00 secs] 
2020-09-29T12:38:43.732+0200: 2.255: [GC (Allocation Failure) [PSYoungGen: 667809K->11617K(680960K)] 668221K->12029K(2079232K), 0.0068918 secs] [Times: user=0.00 sys=0.00, real=0.01 secs] 
2020-09-29T12:38:43.837+0200: 2.360: [GC (Allocation Failure) [PSYoungGen: 675681K->5697K(681472K)] 676093K->6109K(2079744K), 0.0043251 secs] [Times: user=0.00 sys=0.00, real=0.00 secs] 
2020-09-29T12:38:43.936+0200: 2.459: [GC (Allocation Failure) [PSYoungGen: 669761K->13537K(679936K)] 670173K->13949K(2078208K), 0.0077804 secs] [Times: user=0.13 sys=0.00, real=0.01 secs] 
2020-09-29T12:38:44.042+0200: 2.565: [GC (Allocation Failure) [PSYoungGen: 676577K->6657K(680960K)] 676989K->7069K(2079232K), 0.0049607 secs] [Times: user=0.00 sys=0.00, real=0.00 secs] 
2020-09-29T12:38:44.140+0200: 2.663: [GC (Allocation Failure) [PSYoungGen: 669697K->13441K(679424K)] 670109K->13853K(2077696K), 0.0085939 secs] [Times: user=0.11 sys=0.00, real=0.01 secs] 
2020-09-29T12:38:44.249+0200: 2.772: [GC (Allocation Failure) [PSYoungGen: 675457K->5505K(680448K)] 675869K->5917K(2078720K), 0.0045652 secs] [Times: user=0.02 sys=0.00, real=0.00 secs] 
2020-09-29T12:38:44.349+0200: 2.872: [GC (Allocation Failure) [PSYoungGen: 667521K->11297K(679936K)] 667933K->11709K(2078208K), 0.0070322 secs] [Times: user=0.00 sys=0.00, real=0.01 secs] 
2020-09-29T12:38:44.448+0200: 2.971: [GC (Allocation Failure) [PSYoungGen: 671786K->32K(662528K)] 672198K->444K(2060800K), 0.0009168 secs] [Times: user=0.00 sys=0.00, real=0.00 secs] 
2020-09-29T12:38:44.541+0200: 3.064: [GC (Allocation Failure) [PSYoungGen: 662048K->5889K(680960K)] 662460K->6301K(2079232K), 0.0049793 secs] [Times: user=0.00 sys=0.00, real=0.01 secs] 
2020-09-29T12:38:44.642+0200: 3.166: [GC (Allocation Failure) [PSYoungGen: 667905K->11681K(679936K)] 668317K->12093K(2078208K), 0.0072509 secs] [Times: user=0.13 sys=0.00, real=0.01 secs] 
2020-09-29T12:38:44.745+0200: 3.269: [GC (Allocation Failure) [PSYoungGen: 673697K->3713K(680960K)] 674109K->4125K(2079232K), 0.0033556 secs] [Times: user=0.00 sys=0.00, real=0.00 secs] 
2020-09-29T12:38:44.845+0200: 3.369: [GC (Allocation Failure) [PSYoungGen: 666241K->10049K(680448K)] 666653K->10461K(2078720K), 0.0064955 secs] [Times: user=0.13 sys=0.00, real=0.01 secs] 
2020-09-29T12:38:44.954+0200: 3.477: [GC (Allocation Failure) [PSYoungGen: 672577K->2689K(680960K)] 672989K->3101K(2079232K), 0.0031190 secs] [Times: user=0.00 sys=0.00, real=0.00 secs] 
2020-09-29T12:38:45.055+0200: 3.578: [GC (Allocation Failure) [PSYoungGen: 665729K->9377K(680960K)] 666141K->9789K(2079232K), 0.0074674 secs] [Times: user=0.00 sys=0.00, real=0.01 secs] 
2020-09-29T12:38:45.162+0200: 3.685: [GC (Allocation Failure) [PSYoungGen: 672417K->2465K(681472K)] 672829K->2877K(2079744K), 0.0030902 secs] [Times: user=0.00 sys=0.00, real=0.00 secs] 
2020-09-29T12:38:45.265+0200: 3.788: [GC (Allocation Failure) [PSYoungGen: 666529K->10305K(674816K)] 666941K->10717K(2073088K), 0.0059976 secs] [Times: user=0.13 sys=0.00, real=0.01 secs] 
2020-09-29T12:38:45.362+0200: 3.886: [GC (Allocation Failure) [PSYoungGen: 674369K->4481K(681472K)] 674781K->4893K(2079744K), 0.0038962 secs] [Times: user=0.13 sys=0.00, real=0.00 secs] 
2020-09-29T12:38:45.463+0200: 3.986: [GC (Allocation Failure) [PSYoungGen: 668033K->11809K(680960K)] 668445K->12221K(2079232K), 0.0071313 secs] [Times: user=0.00 sys=0.00, real=0.01 secs] 
2020-09-29T12:38:45.566+0200: 4.089: [GC (Allocation Failure) [PSYoungGen: 675361K->5441K(681472K)] 675773K->5853K(2079744K), 0.0044354 secs] [Times: user=0.11 sys=0.00, real=0.00 secs] 
2020-09-29T12:38:45.681+0200: 4.205: [GC (Allocation Failure) [PSYoungGen: 668993K->12705K(676352K)] 669405K->13117K(2074624K), 0.0099652 secs] [Times: user=0.00 sys=0.00, real=0.01 secs] 
2020-09-29T12:38:45.798+0200: 4.321: [GC (Allocation Failure) [PSYoungGen: 676257K->6273K(681472K)] 676669K->6685K(2079744K), 0.0045533 secs] [Times: user=0.13 sys=0.00, real=0.00 secs] 
2020-09-29T12:38:45.898+0200: 4.421: [GC (Allocation Failure) [PSYoungGen: 669313K->13121K(680448K)] 669725K->13533K(2078720K), 0.0077023 secs] [Times: user=0.00 sys=0.00, real=0.01 secs] 
2020-09-29T12:38:46.006+0200: 4.530: [GC (Allocation Failure) [PSYoungGen: 676161K->6241K(680960K)] 676573K->6653K(2079232K), 0.0045338 secs] [Times: user=0.00 sys=0.00, real=0.00 secs] 
2020-09-29T12:38:46.125+0200: 4.648: [GC (Allocation Failure) [PSYoungGen: 668769K->12545K(680448K)] 669181K->12957K(2078720K), 0.0083381 secs] [Times: user=0.13 sys=0.00, real=0.01 secs] 
2020-09-29T12:38:46.251+0200: 4.774: [GC (Allocation Failure) [PSYoungGen: 675073K->5089K(680448K)] 675485K->5501K(2078720K), 0.0044673 secs] [Times: user=0.11 sys=0.00, real=0.00 secs] 
2020-09-29T12:38:46.362+0200: 4.885: [GC (Allocation Failure) [PSYoungGen: 667105K->10881K(680448K)] 667517K->11293K(2078720K), 0.0066522 secs] [Times: user=0.13 sys=0.00, real=0.01 secs] 
2020-09-29T12:38:46.461+0200: 4.984: [GC (Allocation Failure) [PSYoungGen: 672897K->2977K(680448K)] 673309K->3389K(2078720K), 0.0030451 secs] [Times: user=0.00 sys=0.00, real=0.00 secs] 
2020-09-29T12:38:46.556+0200: 5.080: [GC (Allocation Failure) [PSYoungGen: 664993K->8705K(680448K)] 665405K->9117K(2078720K), 0.0060264 secs] [Times: user=0.00 sys=0.00, real=0.01 secs] 
2020-09-29T12:38:46.665+0200: 5.188: [GC (Allocation Failure) [PSYoungGen: 670721K->32K(680448K)] 671133K->444K(2078720K), 0.0005738 secs] [Times: user=0.00 sys=0.00, real=0.00 secs] 
2020-09-29T12:38:46.762+0200: 5.286: [GC (Allocation Failure) [PSYoungGen: 663072K->6945K(680960K)] 663484K->7357K(2079232K), 0.0048101 secs] [Times: user=0.00 sys=0.00, real=0.01 secs] 
2020-09-29T12:38:46.862+0200: 5.385: [GC (Allocation Failure) [PSYoungGen: 669985K->13697K(678912K)] 670397K->14109K(2077184K), 0.0076305 secs] [Times: user=0.13 sys=0.00, real=0.01 secs] 
2020-09-29T12:38:46.963+0200: 5.486: [GC (Allocation Failure) [PSYoungGen: 675713K->5729K(680448K)] 676125K->6141K(2078720K), 0.0043375 secs] [Times: user=0.00 sys=0.00, real=0.00 secs] 
2020-09-29T12:38:47.062+0200: 5.585: [GC (Allocation Failure) [PSYoungGen: 667745K->11617K(679936K)] 668157K->12029K(2078208K), 0.0093824 secs] [Times: user=0.13 sys=0.00, real=0.01 secs] 
2020-09-29T12:38:47.170+0200: 5.692: [GC (Allocation Failure) [PSYoungGen: 673633K->3649K(680448K)] 674045K->4061K(2078720K), 0.0035930 secs] [Times: user=0.00 sys=0.00, real=0.00 secs] 
2020-09-29T12:38:47.276+0200: 5.799: [GC (Allocation Failure) [PSYoungGen: 665665K->9377K(681472K)] 666077K->9789K(2079744K), 0.0056548 secs] [Times: user=0.00 sys=0.00, real=0.01 secs] 
2020-09-29T12:38:47.376+0200: 5.899: [GC (Allocation Failure) [PSYoungGen: 672929K->3009K(680960K)] 673341K->3421K(2079232K), 0.0030507 secs] [Times: user=0.00 sys=0.00, real=0.00 secs] 
2020-09-29T12:38:47.475+0200: 5.998: [GC (Allocation Failure) [PSYoungGen: 666561K->10369K(681472K)] 666973K->10781K(2079744K), 0.0065568 secs] [Times: user=0.00 sys=0.00, real=0.01 secs] 
2020-09-29T12:38:47.576+0200: 6.099: [GC (Allocation Failure) [PSYoungGen: 674433K->4449K(681472K)] 674845K->4861K(2079744K), 0.0039004 secs] [Times: user=0.00 sys=0.00, real=0.00 secs] 
2020-09-29T12:38:47.675+0200: 6.198: [GC (Allocation Failure) [PSYoungGen: 668513K->12289K(680448K)] 668925K->12701K(2078720K), 0.0072309 secs] [Times: user=0.13 sys=0.00, real=0.01 secs] 
2020-09-29T12:38:47.785+0200: 6.308: [GC (Allocation Failure) [PSYoungGen: 675329K->5441K(680960K)] 675741K->5853K(2079232K), 0.0042511 secs] [Times: user=0.11 sys=0.00, real=0.00 secs] 
2020-09-29T12:38:47.887+0200: 6.410: [GC (Allocation Failure) [PSYoungGen: 668481K->12161K(679424K)] 668893K->12573K(2077696K), 0.0074760 secs] [Times: user=0.00 sys=0.00, real=0.01 secs] 
2020-09-29T12:38:47.991+0200: 6.514: [GC (Allocation Failure) [PSYoungGen: 674177K->4289K(680448K)] 674589K->4701K(2078720K), 0.0037341 secs] [Times: user=0.00 sys=0.00, real=0.00 secs] 
2020-09-29T12:38:48.092+0200: 6.615: [GC (Allocation Failure) [PSYoungGen: 666305K->10049K(680960K)] 666717K->10461K(2079232K), 0.0059605 secs] [Times: user=0.00 sys=0.00, real=0.01 secs] 
2020-09-29T12:38:48.197+0200: 6.720: [GC (Allocation Failure) [PSYoungGen: 673089K->3201K(680960K)] 673501K->3613K(2079232K), 0.0030972 secs] [Times: user=0.00 sys=0.00, real=0.00 secs] 
2020-09-29T12:38:48.297+0200: 6.819: [GC (Allocation Failure) [PSYoungGen: 666241K->9953K(681472K)] 666653K->10365K(2079744K), 0.0061378 secs] [Times: user=0.13 sys=0.00, real=0.01 secs] 
2020-09-29T12:38:48.402+0200: 6.925: [GC (Allocation Failure) [PSYoungGen: 674017K->4065K(681472K)] 674429K->4477K(2079744K), 0.0035402 secs] [Times: user=0.00 sys=0.00, real=0.00 secs] 
2020-09-29T12:38:48.498+0200: 7.021: [GC (Allocation Failure) [PSYoungGen: 668129K->11905K(680448K)] 668541K->12317K(2078720K), 0.0071440 secs] [Times: user=0.13 sys=0.00, real=0.01 secs] 
2020-09-29T12:38:48.605+0200: 7.128: [GC (Allocation Failure) [PSYoungGen: 674945K->5025K(680960K)] 675357K->5437K(2079232K), 0.0044530 secs] [Times: user=0.00 sys=0.00, real=0.00 secs] 
2020-09-29T12:38:48.710+0200: 7.232: [GC (Allocation Failure) [PSYoungGen: 668065K->11841K(680448K)] 668477K->12253K(2078720K), 0.0070765 secs] [Times: user=0.00 sys=0.00, real=0.01 secs] 
2020-09-29T12:38:48.811+0200: 7.333: [GC (Allocation Failure) [PSYoungGen: 674881K->4929K(680960K)] 675293K->5341K(2079232K), 0.0038757 secs] [Times: user=0.00 sys=0.00, real=0.00 secs] 
2020-09-29T12:38:48.914+0200: 7.436: [GC (Allocation Failure) [PSYoungGen: 667969K->11681K(680448K)] 668381K->12093K(2078720K), 0.0074540 secs] [Times: user=0.00 sys=0.00, real=0.01 secs] 
2020-09-29T12:38:49.018+0200: 7.541: [GC (Allocation Failure) [PSYoungGen: 674721K->4801K(680960K)] 675133K->5213K(2079232K), 0.0042022 secs] [Times: user=0.13 sys=0.00, real=0.00 secs] 
2020-09-29T12:38:49.120+0200: 7.642: [GC (Allocation Failure) [PSYoungGen: 667841K->11585K(680448K)] 668253K->11997K(2078720K), 0.0068526 secs] [Times: user=0.00 sys=0.00, real=0.01 secs] 
2020-09-29T12:38:49.231+0200: 7.754: [GC (Allocation Failure) [PSYoungGen: 674625K->4705K(680960K)] 675037K->5117K(2079232K), 0.0038016 secs] [Times: user=0.00 sys=0.00, real=0.00 secs] 
2020-09-29T12:38:49.329+0200: 7.852: [GC (Allocation Failure) [PSYoungGen: 667745K->11521K(680960K)] 668157K->11933K(2079232K), 0.0067169 secs] [Times: user=0.13 sys=0.00, real=0.01 secs] 
2020-09-29T12:38:49.428+0200: 7.952: [GC (Allocation Failure) [PSYoungGen: 674561K->4609K(680960K)] 674973K->5021K(2079232K), 0.0037605 secs] [Times: user=0.00 sys=0.00, real=0.00 secs] 
2020-09-29T12:38:49.537+0200: 8.060: [GC (Allocation Failure) [PSYoungGen: 667649K->11457K(680960K)] 668061K->11869K(2079232K), 0.0066127 secs] [Times: user=0.00 sys=0.00, real=0.01 secs] 
2020-09-29T12:38:49.644+0200: 8.167: [GC (Allocation Failure) [PSYoungGen: 674497K->4513K(680960K)] 674909K->4925K(2079232K), 0.0038447 secs] [Times: user=0.13 sys=0.00, real=0.00 secs] 
2020-09-29T12:38:49.744+0200: 8.266: [GC (Allocation Failure) [PSYoungGen: 667553K->11361K(680960K)] 667965K->11773K(2079232K), 0.0074525 secs] [Times: user=0.00 sys=0.00, real=0.01 secs] 
2020-09-29T12:38:49.851+0200: 8.374: [GC (Allocation Failure) [PSYoungGen: 674401K->4449K(680960K)] 674813K->4861K(2079232K), 0.0038018 secs] [Times: user=0.00 sys=0.00, real=0.00 secs] 
2020-09-29T12:38:49.948+0200: 8.471: [GC (Allocation Failure) [PSYoungGen: 667489K->11201K(680960K)] 667901K->11613K(2079232K), 0.0068213 secs] [Times: user=0.00 sys=0.00, real=0.01 secs] 
2020-09-29T12:38:50.051+0200: 8.574: [GC (Allocation Failure) [PSYoungGen: 674241K->4353K(680960K)] 674653K->4765K(2079232K), 0.0037827 secs] [Times: user=0.00 sys=0.00, real=0.00 secs] 
2020-09-29T12:38:50.156+0200: 8.678: [GC (Allocation Failure) [PSYoungGen: 667393K->11105K(680960K)] 667805K->11517K(2079232K), 0.0086725 secs] [Times: user=0.13 sys=0.00, real=0.01 secs] 
2020-09-29T12:38:50.268+0200: 8.790: [GC (Allocation Failure) [PSYoungGen: 674145K->4225K(680960K)] 674557K->4637K(2079232K), 0.0035834 secs] [Times: user=0.11 sys=0.00, real=0.00 secs] 
2020-09-29T12:38:50.372+0200: 8.895: [GC (Allocation Failure) [PSYoungGen: 667265K->11009K(680960K)] 667677K->11421K(2079232K), 0.0070918 secs] [Times: user=0.00 sys=0.00, real=0.01 secs] 
2020-09-29T12:38:50.495+0200: 9.017: [GC (Allocation Failure) [PSYoungGen: 674049K->4129K(680960K)] 674461K->4541K(2079232K), 0.0038835 secs] [Times: user=0.00 sys=0.00, real=0.00 secs] 
2020-09-29T12:38:50.594+0200: 9.118: [GC (Allocation Failure) [PSYoungGen: 667169K->10945K(680448K)] 667581K->11357K(2078720K), 0.0072562 secs] [Times: user=0.13 sys=0.00, real=0.01 secs] 
2020-09-29T12:38:50.701+0200: 9.225: [GC (Allocation Failure) [PSYoungGen: 673985K->4033K(680960K)] 674397K->4445K(2079232K), 0.0035962 secs] [Times: user=0.00 sys=0.00, real=0.00 secs] 
2020-09-29T12:38:50.800+0200: 9.323: [GC (Allocation Failure) [PSYoungGen: 667073K->10785K(680448K)] 667485K->11197K(2078720K), 0.0064798 secs] [Times: user=0.13 sys=0.00, real=0.01 secs] 
2020-09-29T12:38:50.900+0200: 9.423: [GC (Allocation Failure) [PSYoungGen: 673825K->3937K(680960K)] 674237K->4349K(2079232K), 0.0036724 secs] [Times: user=0.00 sys=0.00, real=0.00 secs] 
2020-09-29T12:38:50.997+0200: 9.520: [GC (Allocation Failure) [PSYoungGen: 666977K->10689K(680448K)] 667389K->11101K(2078720K), 0.0067258 secs] [Times: user=0.00 sys=0.00, real=0.01 secs] 
2020-09-29T12:38:51.097+0200: 9.620: [GC (Allocation Failure) [PSYoungGen: 673729K->3841K(680960K)] 674141K->4253K(2079232K), 0.0030813 secs] [Times: user=0.11 sys=0.00, real=0.00 secs] 
2020-09-29T12:38:51.199+0200: 9.722: [GC (Allocation Failure) [PSYoungGen: 666881K->10657K(681472K)] 667293K->11069K(2079744K), 0.0067405 secs] [Times: user=0.00 sys=0.00, real=0.01 secs] 
2020-09-29T12:38:51.309+0200: 9.831: [GC (Allocation Failure) [PSYoungGen: 674721K->4769K(681472K)] 675133K->5181K(2079744K), 0.0041035 secs] [Times: user=0.00 sys=0.00, real=0.00 secs] 
2020-09-29T12:38:51.410+0200: 9.933: [GC (Allocation Failure) [PSYoungGen: 668833K->12545K(680448K)] 669245K->12957K(2078720K), 0.0073663 secs] [Times: user=0.13 sys=0.00, real=0.01 secs] 
2020-09-29T12:38:51.514+0200: 10.037: [GC (Allocation Failure) [PSYoungGen: 675585K->5665K(680960K)] 675997K->6077K(2079232K), 0.0043201 secs] [Times: user=0.00 sys=0.00, real=0.01 secs] 
2020-09-29T12:38:51.622+0200: 10.144: [GC (Allocation Failure) [PSYoungGen: 668705K->12481K(679424K)] 669117K->12893K(2077696K), 0.0083934 secs] [Times: user=0.13 sys=0.00, real=0.01 secs] 
2020-09-29T12:38:51.739+0200: 10.261: [GC (Allocation Failure) [PSYoungGen: 674497K->4545K(680448K)] 674909K->4957K(2078720K), 0.0037531 secs] [Times: user=0.00 sys=0.00, real=0.00 secs] 
2020-09-29T12:38:51.842+0200: 10.364: [GC (Allocation Failure) [PSYoungGen: 666561K->10337K(680960K)] 666973K->10749K(2079232K), 0.0066893 secs] [Times: user=0.00 sys=0.00, real=0.01 secs] 
2020-09-29T12:38:51.943+0200: 10.466: [GC (Allocation Failure) [PSYoungGen: 671835K->32K(663552K)] 672247K->444K(2061824K), 0.0006015 secs] [Times: user=0.00 sys=0.00, real=0.00 secs] 
2020-09-29T12:38:52.035+0200: 10.558: [GC (Allocation Failure) [PSYoungGen: 663072K->6913K(681472K)] 663484K->7325K(2079744K), 0.0044691 secs] [Times: user=0.13 sys=0.00, real=0.00 secs] 
2020-09-29T12:38:52.136+0200: 10.659: [GC (Allocation Failure) [PSYoungGen: 669953K->13697K(676864K)] 670365K->14109K(2075136K), 0.0076752 secs] [Times: user=0.00 sys=0.00, real=0.01 secs] 
2020-09-29T12:38:52.249+0200: 10.772: [GC (Allocation Failure) [PSYoungGen: 676737K->6817K(680960K)] 677149K->7229K(2079232K), 0.0048054 secs] [Times: user=0.00 sys=0.00, real=0.00 secs] 
2020-09-29T12:38:52.353+0200: 10.876: [GC (Allocation Failure) [PSYoungGen: 668833K->12545K(679936K)] 669245K->12957K(2078208K), 0.0075264 secs] [Times: user=0.00 sys=0.00, real=0.01 secs] 
2020-09-29T12:38:52.459+0200: 10.982: [GC (Allocation Failure) [PSYoungGen: 674561K->4673K(680448K)] 674973K->5085K(2078720K), 0.0040555 secs] [Times: user=0.00 sys=0.00, real=0.00 secs] 
2020-09-29T12:38:52.573+0200: 11.096: [GC (Allocation Failure) [PSYoungGen: 666689K->10401K(680448K)] 667101K->10813K(2078720K), 0.0069257 secs] [Times: user=0.00 sys=0.00, real=0.01 secs] 
2020-09-29T12:38:52.686+0200: 11.209: [GC (Allocation Failure) [PSYoungGen: 672417K->2465K(680960K)] 672829K->2877K(2079232K), 0.0030166 secs] [Times: user=0.00 sys=0.00, real=0.00 secs] 
2020-09-29T12:38:52.787+0200: 11.310: [GC (Allocation Failure) [PSYoungGen: 665505K->9313K(680960K)] 665917K->9725K(2079232K), 0.0068029 secs] [Times: user=0.00 sys=0.00, real=0.01 secs] 
2020-09-29T12:38:52.895+0200: 11.418: [GC (Allocation Failure) [PSYoungGen: 672353K->2465K(680960K)] 672765K->2877K(2079232K), 0.0027694 secs] [Times: user=0.00 sys=0.00, real=0.00 secs] 
2020-09-29T12:38:52.995+0200: 11.518: [GC (Allocation Failure) [PSYoungGen: 665505K->9249K(680960K)] 665917K->9661K(2079232K), 0.0058107 secs] [Times: user=0.00 sys=0.00, real=0.01 secs] 
2020-09-29T12:38:53.094+0200: 11.617: [GC (Allocation Failure) [PSYoungGen: 672289K->2241K(681472K)] 672701K->2653K(2079744K), 0.0026415 secs] [Times: user=0.00 sys=0.00, real=0.00 secs] 
2020-09-29T12:38:53.195+0200: 11.718: [GC (Allocation Failure) [PSYoungGen: 666305K->10113K(681472K)] 666717K->10525K(2079744K), 0.0061614 secs] [Times: user=0.00 sys=0.00, real=0.01 secs] 
2020-09-29T12:38:53.300+0200: 11.823: [GC (Allocation Failure) [PSYoungGen: 674177K->4321K(681984K)] 674589K->4733K(2080256K), 0.0035986 secs] [Times: user=0.13 sys=0.00, real=0.00 secs] 
2020-09-29T12:38:53.399+0200: 11.922: [GC (Allocation Failure) [PSYoungGen: 668897K->12641K(677376K)] 669309K->13053K(2075648K), 0.0074426 secs] [Times: user=0.00 sys=0.00, real=0.01 secs] 
2020-09-29T12:38:53.501+0200: 12.024: [GC (Allocation Failure) [PSYoungGen: 677217K->7233K(681984K)] 677629K->7645K(2080256K), 0.0052766 secs] [Times: user=0.13 sys=0.00, real=0.01 secs] 
2020-09-29T12:38:53.605+0200: 12.128: [GC (Allocation Failure) [PSYoungGen: 671297K->32K(680960K)] 671709K->444K(2079232K), 0.0008160 secs] [Times: user=0.00 sys=0.00, real=0.00 secs] 
2020-09-29T12:38:53.703+0200: 12.226: [GC (Allocation Failure) [PSYoungGen: 664096K->8001K(681984K)] 664508K->8413K(2080256K), 0.0053564 secs] [Times: user=0.13 sys=0.00, real=0.01 secs] 
2020-09-29T12:38:53.807+0200: 12.330: [GC (Allocation Failure) [PSYoungGen: 672030K->32K(681472K)] 672442K->444K(2079744K), 0.0005803 secs] [Times: user=0.00 sys=0.00, real=0.00 secs] 
2020-09-29T12:38:53.903+0200: 12.426: [GC (Allocation Failure) [PSYoungGen: 664608K->8513K(681984K)] 665020K->8925K(2080256K), 0.0054445 secs] [Times: user=0.00 sys=0.00, real=0.01 secs] 
2020-09-29T12:38:54.000+0200: 12.523: [GC (Allocation Failure) [PSYoungGen: 671752K->32K(681984K)] 672164K->444K(2080256K), 0.0006930 secs] [Times: user=0.00 sys=0.00, real=0.00 secs] 
2020-09-29T12:38:54.096+0200: 12.619: [GC (Allocation Failure) [PSYoungGen: 665120K->8993K(681984K)] 665532K->9405K(2080256K), 0.0070117 secs] [Times: user=0.09 sys=0.00, real=0.01 secs] 
2020-09-29T12:38:54.206+0200: 12.729: [GC (Allocation Failure) [PSYoungGen: 674081K->4097K(681984K)] 674493K->4509K(2080256K), 0.0036280 secs] [Times: user=0.13 sys=0.00, real=0.00 secs] 
2020-09-29T12:38:54.307+0200: 12.830: [GC (Allocation Failure) [PSYoungGen: 669185K->12961K(679424K)] 669597K->13373K(2077696K), 0.0074569 secs] [Times: user=0.00 sys=0.00, real=0.01 secs] 
2020-09-29T12:38:54.419+0200: 12.941: [GC (Allocation Failure) [PSYoungGen: 676001K->6113K(680960K)] 676413K->6525K(2079232K), 0.0044396 secs] [Times: user=0.00 sys=0.00, real=0.00 secs] 
2020-09-29T12:38:54.515+0200: 13.038: [GC (Allocation Failure) [PSYoungGen: 669153K->12897K(678912K)] 669565K->13309K(2077184K), 0.0077671 secs] [Times: user=0.13 sys=0.00, real=0.01 secs] 
2020-09-29T12:38:54.617+0200: 13.141: [GC (Allocation Failure) [PSYoungGen: 674913K->4993K(680448K)] 675325K->5405K(2078720K), 0.0040546 secs] [Times: user=0.00 sys=0.00, real=0.00 secs] 
2020-09-29T12:38:54.721+0200: 13.244: [GC (Allocation Failure) [PSYoungGen: 667009K->10689K(680448K)] 667421K->11101K(2078720K), 0.0066169 secs] [Times: user=0.13 sys=0.00, real=0.01 secs] 
2020-09-29T12:38:54.826+0200: 13.349: [GC (Allocation Failure) [PSYoungGen: 671832K->32K(680960K)] 672244K->444K(2079232K), 0.0004888 secs] [Times: user=0.00 sys=0.00, real=0.00 secs] 
2020-09-29T12:38:54.923+0200: 13.446: [GC (Allocation Failure) [PSYoungGen: 663072K->6913K(681984K)] 663484K->7325K(2080256K), 0.0045820 secs] [Times: user=0.13 sys=0.00, real=0.00 secs] 
2020-09-29T12:38:55.026+0200: 13.549: [GC (Allocation Failure) [PSYoungGen: 670977K->32K(680960K)] 671389K->444K(2079232K), 0.0004948 secs] [Times: user=0.00 sys=0.00, real=0.00 secs] 
2020-09-29T12:38:55.124+0200: 13.647: [GC (Allocation Failure) [PSYoungGen: 664096K->7969K(681984K)] 664508K->8381K(2080256K), 0.0050830 secs] [Times: user=0.00 sys=0.00, real=0.00 secs] 
2020-09-29T12:38:55.229+0200: 13.751: [GC (Allocation Failure) [PSYoungGen: 672545K->2561K(681472K)] 672957K->2973K(2079744K), 0.0029203 secs] [Times: user=0.00 sys=0.00, real=0.00 secs] 
2020-09-29T12:38:55.329+0200: 13.851: [GC (Allocation Failure) [PSYoungGen: 667137K->10913K(680448K)] 667549K->11325K(2078720K), 0.0068358 secs] [Times: user=0.13 sys=0.00, real=0.01 secs] 
2020-09-29T12:38:55.432+0200: 13.955: [GC (Allocation Failure) [PSYoungGen: 674977K->5089K(681472K)] 675389K->5501K(2079744K), 0.0038607 secs] [Times: user=0.00 sys=0.00, real=0.00 secs] 
2020-09-29T12:38:55.531+0200: 14.054: [GC (Allocation Failure) [PSYoungGen: 669153K->12897K(679424K)] 669565K->13309K(2077696K), 0.0074658 secs] [Times: user=0.13 sys=0.00, real=0.01 secs] 
2020-09-29T12:38:55.638+0200: 14.161: [GC (Allocation Failure) [PSYoungGen: 675937K->5953K(680960K)] 676349K->6365K(2079232K), 0.0044641 secs] [Times: user=0.00 sys=0.00, real=0.00 secs] 
2020-09-29T12:38:55.739+0200: 14.262: [GC (Allocation Failure) [PSYoungGen: 668993K->12737K(679936K)] 669405K->13149K(2078208K), 0.0073681 secs] [Times: user=0.00 sys=0.00, real=0.01 secs] 
2020-09-29T12:38:55.843+0200: 14.366: [GC (Allocation Failure) [PSYoungGen: 675777K->5857K(680960K)] 676189K->6269K(2079232K), 0.0044070 secs] [Times: user=0.01 sys=0.00, real=0.01 secs] 
2020-09-29T12:38:55.943+0200: 14.466: [GC (Allocation Failure) [PSYoungGen: 668897K->12673K(679424K)] 669309K->13085K(2077696K), 0.0074310 secs] [Times: user=0.00 sys=0.00, real=0.01 secs] 
2020-09-29T12:38:56.043+0200: 14.566: [GC (Allocation Failure) [PSYoungGen: 674689K->4801K(680448K)] 675101K->5213K(2078720K), 0.0038033 secs] [Times: user=0.00 sys=0.00, real=0.00 secs] 
2020-09-29T12:38:56.142+0200: 14.665: [GC (Allocation Failure) [PSYoungGen: 666817K->10497K(680960K)] 667229K->10909K(2079232K), 0.0068496 secs] [Times: user=0.11 sys=0.00, real=0.01 secs] 
2020-09-29T12:38:56.249+0200: 14.772: [GC (Allocation Failure) [PSYoungGen: 671941K->32K(663552K)] 672353K->444K(2061824K), 0.0004448 secs] [Times: user=0.00 sys=0.00, real=0.00 secs] 
2020-09-29T12:38:56.343+0200: 14.866: [GC (Allocation Failure) [PSYoungGen: 663072K->6913K(681472K)] 663484K->7325K(2079744K), 0.0047828 secs] [Times: user=0.03 sys=0.00, real=0.01 secs] 
2020-09-29T12:38:56.446+0200: 14.969: [GC (Allocation Failure) [PSYoungGen: 669953K->13729K(676864K)] 670365K->14141K(2075136K), 0.0080048 secs] [Times: user=0.00 sys=0.00, real=0.01 secs] 
2020-09-29T12:38:56.547+0200: 15.070: [GC (Allocation Failure) [PSYoungGen: 676769K->6817K(680960K)] 677181K->7229K(2079232K), 0.0047618 secs] [Times: user=0.13 sys=0.00, real=0.00 secs] 
2020-09-29T12:38:56.647+0200: 15.170: [GC (Allocation Failure) [PSYoungGen: 668833K->12641K(679936K)] 669245K->13053K(2078208K), 0.0073344 secs] [Times: user=0.00 sys=0.00, real=0.01 secs] 
2020-09-29T12:38:56.756+0200: 15.279: [GC (Allocation Failure) [PSYoungGen: 674657K->4641K(680448K)] 675069K->5053K(2078720K), 0.0040084 secs] [Times: user=0.00 sys=0.00, real=0.00 secs] 
2020-09-29T12:38:56.856+0200: 15.379: [GC (Allocation Failure) [PSYoungGen: 666657K->10465K(680448K)] 667069K->10877K(2078720K), 0.0065206 secs] [Times: user=0.00 sys=0.00, real=0.01 secs] 
2020-09-29T12:38:56.954+0200: 15.477: [GC (Allocation Failure) [PSYoungGen: 672481K->2529K(680960K)] 672893K->2941K(2079232K), 0.0026540 secs] [Times: user=0.00 sys=0.00, real=0.00 secs] 
2020-09-29T12:38:57.055+0200: 15.578: [GC (Allocation Failure) [PSYoungGen: 665057K->8769K(680448K)] 665469K->9181K(2078720K), 0.0056137 secs] [Times: user=0.00 sys=0.00, real=0.01 secs] 
2020-09-29T12:38:57.155+0200: 15.678: [GC (Allocation Failure) [PSYoungGen: 671297K->32K(680448K)] 671709K->444K(2078720K), 0.0002724 secs] [Times: user=0.00 sys=0.00, real=0.00 secs] 
2020-09-29T12:38:57.251+0200: 15.774: [GC (Allocation Failure) [PSYoungGen: 663072K->6913K(680960K)] 663484K->7325K(2079232K), 0.0051202 secs] [Times: user=0.11 sys=0.00, real=0.01 secs] 
2020-09-29T12:38:57.354+0200: 15.877: [GC (Allocation Failure) [PSYoungGen: 669953K->13729K(678912K)] 670365K->14141K(2077184K), 0.0078902 secs] [Times: user=0.00 sys=0.00, real=0.01 secs] 
2020-09-29T12:38:57.456+0200: 15.980: [GC (Allocation Failure) [PSYoungGen: 675745K->5761K(680448K)] 676157K->6173K(2078720K), 0.0043280 secs] [Times: user=0.13 sys=0.00, real=0.00 secs] 
2020-09-29T12:38:57.555+0200: 16.078: [GC (Allocation Failure) [PSYoungGen: 667777K->11553K(679424K)] 668189K->11965K(2077696K), 0.0073658 secs] [Times: user=0.00 sys=0.00, real=0.01 secs] 
2020-09-29T12:38:57.678+0200: 16.201: [GC (Allocation Failure) [PSYoungGen: 673569K->3617K(680448K)] 673981K->4029K(2078720K), 0.0038262 secs] [Times: user=0.00 sys=0.00, real=0.00 secs] 
2020-09-29T12:38:57.783+0200: 16.306: [GC (Allocation Failure) [PSYoungGen: 665633K->9409K(681472K)] 666045K->9821K(2079744K), 0.0061845 secs] [Times: user=0.13 sys=0.00, real=0.01 secs] 
2020-09-29T12:38:57.894+0200: 16.416: [GC (Allocation Failure) [PSYoungGen: 672961K->2977K(680960K)] 673373K->3389K(2079232K), 0.0032213 secs] [Times: user=0.13 sys=0.00, real=0.00 secs] 
2020-09-29T12:38:57.990+0200: 16.513: [GC (Allocation Failure) [PSYoungGen: 666529K->10337K(681472K)] 666941K->10749K(2079744K), 0.0061495 secs] [Times: user=0.00 sys=0.00, real=0.01 secs] 
2020-09-29T12:38:58.089+0200: 16.612: [GC (Allocation Failure) [PSYoungGen: 674401K->4449K(681472K)] 674813K->4861K(2079744K), 0.0038465 secs] [Times: user=0.00 sys=0.00, real=0.00 secs] 
2020-09-29T12:38:58.193+0200: 16.716: [GC (Allocation Failure) [PSYoungGen: 668513K->12289K(679936K)] 668925K->12701K(2078208K), 0.0074964 secs] [Times: user=0.00 sys=0.00, real=0.01 secs] 
2020-09-29T12:38:58.300+0200: 16.822: [GC (Allocation Failure) [PSYoungGen: 675329K->5409K(680960K)] 675741K->5821K(2079232K), 0.0044870 secs] [Times: user=0.13 sys=0.00, real=0.00 secs] 
2020-09-29T12:38:58.399+0200: 16.922: [GC (Allocation Failure) [PSYoungGen: 668449K->12193K(679424K)] 668861K->12605K(2077696K), 0.0071853 secs] [Times: user=0.00 sys=0.00, real=0.01 secs] 
2020-09-29T12:38:58.506+0200: 17.029: [GC (Allocation Failure) [PSYoungGen: 674209K->4257K(680448K)] 674621K->4669K(2078720K), 0.0037020 secs] [Times: user=0.00 sys=0.00, real=0.00 secs] 
2020-09-29T12:38:58.611+0200: 17.134: [GC (Allocation Failure) [PSYoungGen: 666273K->10017K(680960K)] 666685K->10429K(2079232K), 0.0064290 secs] [Times: user=0.13 sys=0.00, real=0.01 secs] 
2020-09-29T12:38:58.719+0200: 17.242: [GC (Allocation Failure) [PSYoungGen: 673057K->3201K(680960K)] 673469K->3613K(2079232K), 0.0031671 secs] [Times: user=0.00 sys=0.00, real=0.00 secs] 
2020-09-29T12:38:58.821+0200: 17.344: [GC (Allocation Failure) [PSYoungGen: 666241K->9953K(681472K)] 666653K->10365K(2079744K), 0.0060402 secs] [Times: user=0.00 sys=0.00, real=0.01 secs] 
2020-09-29T12:38:58.922+0200: 17.445: [GC (Allocation Failure) [PSYoungGen: 674017K->4065K(681472K)] 674429K->4477K(2079744K), 0.0035470 secs] [Times: user=0.00 sys=0.00, real=0.00 secs] 
2020-09-29T12:38:59.021+0200: 17.544: [GC (Allocation Failure) [PSYoungGen: 668129K->11873K(680448K)] 668541K->12285K(2078720K), 0.0072123 secs] [Times: user=0.00 sys=0.00, real=0.01 secs] 
2020-09-29T12:38:59.121+0200: 17.644: [GC (Allocation Failure) [PSYoungGen: 674913K->5057K(680960K)] 675325K->5469K(2079232K), 0.0040539 secs] [Times: user=0.00 sys=0.00, real=0.00 secs] 
2020-09-29T12:38:59.225+0200: 17.748: [GC (Allocation Failure) [PSYoungGen: 668097K->11809K(680448K)] 668509K->12221K(2078720K), 0.0069047 secs] [Times: user=0.00 sys=0.00, real=0.01 secs] 
2020-09-29T12:38:59.332+0200: 17.855: [GC (Allocation Failure) [PSYoungGen: 674849K->4929K(680960K)] 675261K->5341K(2079232K), 0.0038181 secs] [Times: user=0.08 sys=0.00, real=0.00 secs] 
2020-09-29T12:38:59.430+0200: 17.953: [GC (Allocation Failure) [PSYoungGen: 667969K->11745K(680448K)] 668381K->12157K(2078720K), 0.0069906 secs] [Times: user=0.00 sys=0.00, real=0.01 secs] 
2020-09-29T12:38:59.534+0200: 18.057: [GC (Allocation Failure) [PSYoungGen: 674785K->4801K(680960K)] 675197K->5213K(2079232K), 0.0038787 secs] [Times: user=0.13 sys=0.00, real=0.00 secs] 
2020-09-29T12:38:59.640+0200: 18.162: [GC (Allocation Failure) [PSYoungGen: 667841K->11649K(680448K)] 668253K->12061K(2078720K), 0.0070355 secs] [Times: user=0.13 sys=0.00, real=0.01 secs] 
2020-09-29T12:38:59.743+0200: 18.266: [GC (Allocation Failure) [PSYoungGen: 674689K->4705K(680960K)] 675101K->5117K(2079232K), 0.0039094 secs] [Times: user=0.00 sys=0.00, real=0.00 secs] 
2020-09-29T12:38:59.845+0200: 18.368: [GC (Allocation Failure) [PSYoungGen: 667745K->11553K(679936K)] 668157K->11965K(2078208K), 0.0074802 secs] [Times: user=0.13 sys=0.00, real=0.01 secs] 
2020-09-29T12:38:59.952+0200: 18.475: [GC (Allocation Failure) [PSYoungGen: 672047K->32K(680448K)] 672459K->444K(2078720K), 0.0007651 secs] [Times: user=0.00 sys=0.00, real=0.00 secs] 
2020-09-29T12:39:00.063+0200: 18.586: [GC (Allocation Failure) [PSYoungGen: 662048K->5921K(680960K)] 662460K->6333K(2079232K), 0.0050669 secs] [Times: user=0.13 sys=0.00, real=0.01 secs] 
2020-09-29T12:39:00.199+0200: 18.722: [GC (Allocation Failure) [PSYoungGen: 668449K->12161K(680448K)] 668861K->12573K(2078720K), 0.0089677 secs] [Times: user=0.13 sys=0.00, real=0.01 secs] 
2020-09-29T12:39:00.337+0200: 18.860: [GC (Allocation Failure) [PSYoungGen: 674689K->4769K(680960K)] 675101K->5181K(2079232K), 0.0048020 secs] [Times: user=0.00 sys=0.00, real=0.01 secs] 
2020-09-29T12:39:00.472+0200: 18.995: [GC (Allocation Failure) [PSYoungGen: 667297K->11073K(680448K)] 667709K->11485K(2078720K), 0.0095154 secs] [Times: user=0.08 sys=0.00, real=0.01 secs] 
2020-09-29T12:39:00.629+0200: 19.152: [GC (Allocation Failure) [PSYoungGen: 673601K->3649K(680960K)] 674013K->4061K(2079232K), 0.0039179 secs] [Times: user=0.06 sys=0.02, real=0.00 secs] 
2020-09-29T12:39:00.769+0200: 19.291: [GC (Allocation Failure) [PSYoungGen: 666177K->9889K(680448K)] 666589K->10301K(2078720K), 0.0080014 secs] [Times: user=0.08 sys=0.00, real=0.01 secs] 
2020-09-29T12:39:00.902+0200: 19.425: [GC (Allocation Failure) [PSYoungGen: 672417K->2465K(680960K)] 672829K->2877K(2079232K), 0.0031541 secs] [Times: user=0.00 sys=0.00, real=0.00 secs] 
2020-09-29T12:39:01.030+0200: 19.552: [GC (Allocation Failure) [PSYoungGen: 665505K->9313K(680960K)] 665917K->9725K(2079232K), 0.0082558 secs] [Times: user=0.09 sys=0.00, real=0.01 secs] 
2020-09-29T12:39:01.184+0200: 19.707: [GC (Allocation Failure) [PSYoungGen: 672353K->2401K(681472K)] 672765K->2813K(2079744K), 0.0027079 secs] [Times: user=0.00 sys=0.00, real=0.00 secs] 
2020-09-29T12:39:01.304+0200: 19.827: [GC (Allocation Failure) [PSYoungGen: 666465K->10241K(681472K)] 666877K->10653K(2079744K), 0.0078007 secs] [Times: user=0.00 sys=0.00, real=0.01 secs] 
2020-09-29T12:39:01.431+0200: 19.954: [GC (Allocation Failure) [PSYoungGen: 674305K->4353K(681984K)] 674717K->4765K(2080256K), 0.0041879 secs] [Times: user=0.00 sys=0.00, real=0.00 secs] 
2020-09-29T12:39:01.553+0200: 20.076: [GC (Allocation Failure) [PSYoungGen: 668929K->12673K(677376K)] 669341K->13085K(2075648K), 0.0088974 secs] [Times: user=0.00 sys=0.00, real=0.01 secs] 
2020-09-29T12:39:01.690+0200: 20.213: [GC (Allocation Failure) [PSYoungGen: 677249K->7329K(681472K)] 677661K->7741K(2079744K), 0.0071224 secs] [Times: user=0.08 sys=0.00, real=0.01 secs] 
2020-09-29T12:39:01.821+0200: 20.344: [GC (Allocation Failure) [PSYoungGen: 670369K->32K(680448K)] 670781K->444K(2078720K), 0.0007217 secs] [Times: user=0.00 sys=0.00, real=0.00 secs] 
2020-09-29T12:39:01.942+0200: 20.465: [GC (Allocation Failure) [PSYoungGen: 663072K->6913K(682496K)] 663484K->7325K(2080768K), 0.0057768 secs] [Times: user=0.00 sys=0.00, real=0.01 secs] 
2020-09-29T12:39:02.063+0200: 20.586: [GC (Allocation Failure) [PSYoungGen: 671876K->32K(681472K)] 672288K->444K(2079744K), 0.0006344 secs] [Times: user=0.00 sys=0.00, real=0.00 secs] 
2020-09-29T12:39:02.188+0200: 20.710: [GC (Allocation Failure) [PSYoungGen: 665120K->8993K(681984K)] 665532K->9405K(2080256K), 0.0070480 secs] [Times: user=0.11 sys=0.00, real=0.01 secs] 
2020-09-29T12:39:02.313+0200: 20.836: [GC (Allocation Failure) [PSYoungGen: 674081K->4161K(681984K)] 674493K->4573K(2080256K), 0.0036534 secs] [Times: user=0.00 sys=0.00, real=0.00 secs] 
2020-09-29T12:39:02.412+0200: 20.935: [GC (Allocation Failure) [PSYoungGen: 669249K->12993K(678912K)] 669661K->13405K(2077184K), 0.0075562 secs] [Times: user=0.00 sys=0.00, real=0.01 secs] 
2020-09-29T12:39:02.521+0200: 21.044: [GC (Allocation Failure) [PSYoungGen: 676033K->6049K(680960K)] 676445K->6461K(2079232K), 0.0048406 secs] [Times: user=0.00 sys=0.00, real=0.01 secs] 
2020-09-29T12:39:02.628+0200: 21.150: [GC (Allocation Failure) [PSYoungGen: 669089K->12865K(679936K)] 669501K->13277K(2078208K), 0.0080251 secs] [Times: user=0.11 sys=0.00, real=0.01 secs] 
2020-09-29T12:39:02.746+0200: 21.268: [GC (Allocation Failure) [PSYoungGen: 675905K->5953K(680960K)] 676317K->6365K(2079232K), 0.0052603 secs] [Times: user=0.00 sys=0.00, real=0.00 secs] 
2020-09-29T12:39:02.867+0200: 21.390: [GC (Allocation Failure) [PSYoungGen: 668993K->12737K(679424K)] 669405K->13149K(2077696K), 0.0089389 secs] [Times: user=0.00 sys=0.00, real=0.01 secs] 
2020-09-29T12:39:02.980+0200: 21.503: [GC (Allocation Failure) [PSYoungGen: 674753K->4865K(680448K)] 675165K->5277K(2078720K), 0.0043679 secs] [Times: user=0.00 sys=0.00, real=0.00 secs] 
2020-09-29T12:39:03.096+0200: 21.619: [GC (Allocation Failure) [PSYoungGen: 666881K->10625K(680960K)] 667293K->11037K(2079232K), 0.0078731 secs] [Times: user=0.11 sys=0.00, real=0.01 secs] 
2020-09-29T12:39:03.218+0200: 21.741: [GC (Allocation Failure) [PSYoungGen: 671995K->32K(663552K)] 672408K->444K(2061824K), 0.0005294 secs] [Times: user=0.00 sys=0.00, real=0.00 secs] 
2020-09-29T12:39:03.326+0200: 21.849: [GC (Allocation Failure) [PSYoungGen: 663072K->6881K(681472K)] 663484K->7293K(2079744K), 0.0059172 secs] [Times: user=0.00 sys=0.00, real=0.01 secs] 
2020-09-29T12:39:03.445+0200: 21.968: [GC (Allocation Failure) [PSYoungGen: 669921K->13697K(680448K)] 670333K->14109K(2078720K), 0.0085931 secs] [Times: user=0.00 sys=0.00, real=0.01 secs] 
2020-09-29T12:39:03.566+0200: 22.089: [GC (Allocation Failure) [PSYoungGen: 676737K->6817K(680960K)] 677149K->7229K(2079232K), 0.0056651 secs] [Times: user=0.08 sys=0.00, real=0.01 secs] 
2020-09-29T12:39:03.691+0200: 22.214: [GC (Allocation Failure) [PSYoungGen: 669345K->13089K(675840K)] 669757K->13501K(2074112K), 0.0088399 secs] [Times: user=0.11 sys=0.00, real=0.01 secs] 
2020-09-29T12:39:03.806+0200: 22.329: [GC (Allocation Failure) [PSYoungGen: 675617K->5697K(680960K)] 676029K->6109K(2079232K), 0.0049127 secs] [Times: user=0.00 sys=0.00, real=0.01 secs] 
2020-09-29T12:39:03.924+0200: 22.446: [GC (Allocation Failure) [PSYoungGen: 667713K->11457K(679936K)] 668125K->11869K(2078208K), 0.0077152 secs] [Times: user=0.11 sys=0.00, real=0.01 secs] 
Heap
 PSYoungGen      total 679936K, used 344247K [0x00000000d5580000, 0x0000000100000000, 0x0000000100000000)
  eden space 662016K, 50% used [0x00000000d5580000,0x00000000e9a7d960,0x00000000fdc00000)
  from space 17920K, 63% used [0x00000000fdc00000,0x00000000fe730490,0x00000000fed80000)
  to   space 18432K, 0% used [0x00000000fee00000,0x00000000fee00000,0x0000000100000000)
 ParOldGen       total 1398272K, used 412K [0x0000000080000000, 0x00000000d5580000, 0x00000000d5580000)
  object space 1398272K, 0% used [0x0000000080000000,0x0000000080067060,0x00000000d5580000)
 Metaspace       used 2594K, capacity 4486K, committed 4864K, reserved 1056768K
  class space    used 285K, capacity 386K, committed 512K, reserved 1048576K
