Java HotSpot(TM) 64-Bit Server VM (25.261-b12) for windows-amd64 JRE (1.8.0_261-b12), built on Jun 18 2020 06:56:32 by "" with unknown MS VC++:1916
Memory: 4k page, physical 16659684k(9051708k free), swap 23213284k(8057044k free)
CommandLine flags: -XX:InitialHeapSize=2147483648 -XX:MaxHeapSize=2147483648 -XX:+PrintGC -XX:+PrintGCDateStamps -XX:+PrintGCDetails -XX:+PrintGCTimeStamps -XX:+UseCompressedClassPointers -XX:+UseCompressedOops -XX:-UseLargePagesIndividualAllocation -XX:+UseParallelGC 
2020-09-29T12:36:48.497+0200: 0.426: [GC (Allocation Failure) [PSYoungGen: 524800K->11985K(611840K)] 524800K->11993K(2010112K), 0.0094907 secs] [Times: user=0.13 sys=0.00, real=0.01 secs] 
2020-09-29T12:36:48.599+0200: 0.527: [GC (Allocation Failure) [PSYoungGen: 536785K->3425K(611840K)] 536793K->3433K(2010112K), 0.0075139 secs] [Times: user=0.00 sys=0.00, real=0.01 secs] 
2020-09-29T12:36:48.692+0200: 0.620: [GC (Allocation Failure) [PSYoungGen: 528225K->8609K(611840K)] 528233K->8617K(2010112K), 0.0054038 secs] [Times: user=0.00 sys=0.00, real=0.01 secs] 
2020-09-29T12:36:48.777+0200: 0.706: [GC (Allocation Failure) [PSYoungGen: 533409K->13729K(611840K)] 533417K->13737K(2010112K), 0.0089333 secs] [Times: user=0.11 sys=0.02, real=0.01 secs] 
2020-09-29T12:36:48.880+0200: 0.809: [GC (Allocation Failure) [PSYoungGen: 538529K->5201K(611840K)] 538537K->5209K(2010112K), 0.0042652 secs] [Times: user=0.00 sys=0.00, real=0.00 secs] 
2020-09-29T12:36:48.985+0200: 0.913: [GC (Allocation Failure) [PSYoungGen: 530001K->10465K(682496K)] 530009K->10473K(2080768K), 0.0088801 secs] [Times: user=0.09 sys=0.02, real=0.01 secs] 
2020-09-29T12:36:49.156+0200: 1.084: [GC (Allocation Failure) [PSYoungGen: 676577K->6241K(682496K)] 676585K->6645K(2080768K), 0.0060755 secs] [Times: user=0.13 sys=0.00, real=0.01 secs] 
2020-09-29T12:36:49.267+0200: 1.195: [GC (Allocation Failure) [PSYoungGen: 671643K->32K(680960K)] 672047K->436K(2079232K), 0.0007503 secs] [Times: user=0.00 sys=0.00, real=0.00 secs] 
2020-09-29T12:36:49.377+0200: 1.305: [GC (Allocation Failure) [PSYoungGen: 665120K->8929K(681984K)] 665524K->9333K(2080256K), 0.0065906 secs] [Times: user=0.13 sys=0.00, real=0.01 secs] 
2020-09-29T12:36:49.493+0200: 1.421: [GC (Allocation Failure) [PSYoungGen: 674017K->4129K(683008K)] 674421K->4533K(2081280K), 0.0038162 secs] [Times: user=0.00 sys=0.00, real=0.00 secs] 
2020-09-29T12:36:49.598+0200: 1.526: [GC (Allocation Failure) [PSYoungGen: 670753K->32K(682496K)] 671157K->436K(2080768K), 0.0008388 secs] [Times: user=0.01 sys=0.00, real=0.00 secs] 
2020-09-29T12:36:49.707+0200: 1.635: [GC (Allocation Failure) [PSYoungGen: 666656K->10529K(681472K)] 667060K->10933K(2079744K), 0.0063259 secs] [Times: user=0.13 sys=0.00, real=0.01 secs] 
2020-09-29T12:36:49.816+0200: 1.744: [GC (Allocation Failure) [PSYoungGen: 675617K->5697K(681984K)] 676021K->6101K(2080256K), 0.0044311 secs] [Times: user=0.11 sys=0.00, real=0.01 secs] 
2020-09-29T12:36:49.920+0200: 1.848: [GC (Allocation Failure) [PSYoungGen: 670785K->32K(682496K)] 671189K->436K(2080768K), 0.0008601 secs] [Times: user=0.00 sys=0.00, real=0.00 secs] 
2020-09-29T12:36:50.017+0200: 1.945: [GC (Allocation Failure) [PSYoungGen: 666144K->9985K(676352K)] 666548K->10389K(2074624K), 0.0066364 secs] [Times: user=0.13 sys=0.00, real=0.01 secs] 
2020-09-29T12:36:50.121+0200: 2.049: [GC (Allocation Failure) [PSYoungGen: 676097K->6145K(683008K)] 676501K->6549K(2081280K), 0.0046207 secs] [Times: user=0.00 sys=0.00, real=0.00 secs] 
2020-09-29T12:36:50.229+0200: 2.158: [GC (Allocation Failure) [PSYoungGen: 672257K->2369K(681984K)] 672661K->2773K(2080256K), 0.0029681 secs] [Times: user=0.00 sys=0.00, real=0.00 secs] 
2020-09-29T12:36:50.350+0200: 2.279: [GC (Allocation Failure) [PSYoungGen: 668481K->12193K(680960K)] 668885K->12597K(2079232K), 0.0080401 secs] [Times: user=0.00 sys=0.00, real=0.01 secs] 
2020-09-29T12:36:50.463+0200: 2.392: [GC (Allocation Failure) [PSYoungGen: 677281K->7393K(681984K)] 677685K->7797K(2080256K), 0.0050828 secs] [Times: user=0.00 sys=0.00, real=0.00 secs] 
2020-09-29T12:36:50.565+0200: 2.494: [GC (Allocation Failure) [PSYoungGen: 672481K->2593K(683008K)] 672885K->2997K(2081280K), 0.0028700 secs] [Times: user=0.11 sys=0.00, real=0.00 secs] 
2020-09-29T12:36:50.677+0200: 2.606: [GC (Allocation Failure) [PSYoungGen: 669217K->12897K(679936K)] 669621K->13301K(2078208K), 0.0079304 secs] [Times: user=0.00 sys=0.00, real=0.01 secs] 
2020-09-29T12:36:50.784+0200: 2.712: [GC (Allocation Failure) [PSYoungGen: 679521K->9601K(681472K)] 679925K->10005K(2079744K), 0.0072525 secs] [Times: user=0.13 sys=0.00, real=0.01 secs] 
2020-09-29T12:36:50.900+0200: 2.829: [GC (Allocation Failure) [PSYoungGen: 671933K->32K(664576K)] 672337K->436K(2062848K), 0.0004445 secs] [Times: user=0.00 sys=0.00, real=0.00 secs] 
2020-09-29T12:36:51.010+0200: 2.939: [GC (Allocation Failure) [PSYoungGen: 664096K->7969K(681984K)] 664500K->8373K(2080256K), 0.0056209 secs] [Times: user=0.00 sys=0.00, real=0.01 secs] 
2020-09-29T12:36:51.114+0200: 3.043: [GC (Allocation Failure) [PSYoungGen: 672033K->32K(680960K)] 672437K->436K(2079232K), 0.0008382 secs] [Times: user=0.00 sys=0.00, real=0.00 secs] 
2020-09-29T12:36:51.211+0200: 3.140: [GC (Allocation Failure) [PSYoungGen: 664096K->7905K(681984K)] 664500K->8309K(2080256K), 0.0055761 secs] [Times: user=0.00 sys=0.00, real=0.01 secs] 
2020-09-29T12:36:51.312+0200: 3.241: [GC (Allocation Failure) [PSYoungGen: 672481K->2593K(681472K)] 672885K->2997K(2079744K), 0.0027301 secs] [Times: user=0.00 sys=0.00, real=0.00 secs] 
2020-09-29T12:36:51.422+0200: 3.351: [GC (Allocation Failure) [PSYoungGen: 667169K->10913K(680448K)] 667573K->11317K(2078720K), 0.0064268 secs] [Times: user=0.13 sys=0.00, real=0.01 secs] 
2020-09-29T12:36:51.527+0200: 3.456: [GC (Allocation Failure) [PSYoungGen: 674977K->5025K(681472K)] 675381K->5429K(2079744K), 0.0039279 secs] [Times: user=0.00 sys=0.00, real=0.00 secs] 
2020-09-29T12:36:51.639+0200: 3.568: [GC (Allocation Failure) [PSYoungGen: 669089K->12865K(679424K)] 669493K->13269K(2077696K), 0.0074285 secs] [Times: user=0.13 sys=0.00, real=0.01 secs] 
2020-09-29T12:36:51.743+0200: 3.671: [GC (Allocation Failure) [PSYoungGen: 675905K->5953K(680960K)] 676309K->6357K(2079232K), 0.0044007 secs] [Times: user=0.00 sys=0.00, real=0.00 secs] 
2020-09-29T12:36:51.851+0200: 3.780: [GC (Allocation Failure) [PSYoungGen: 668993K->12769K(678912K)] 669397K->13173K(2077184K), 0.0075470 secs] [Times: user=0.00 sys=0.00, real=0.01 secs] 
2020-09-29T12:36:51.958+0200: 3.886: [GC (Allocation Failure) [PSYoungGen: 674785K->4833K(680448K)] 675189K->5237K(2078720K), 0.0039632 secs] [Times: user=0.00 sys=0.00, real=0.00 secs] 
2020-09-29T12:36:52.068+0200: 3.997: [GC (Allocation Failure) [PSYoungGen: 666849K->10657K(680448K)] 667253K->11061K(2078720K), 0.0069534 secs] [Times: user=0.00 sys=0.00, real=0.01 secs] 
2020-09-29T12:36:52.170+0200: 4.099: [GC (Allocation Failure) [PSYoungGen: 672029K->32K(680960K)] 672433K->436K(2079232K), 0.0003778 secs] [Times: user=0.00 sys=0.00, real=0.00 secs] 
2020-09-29T12:36:52.279+0200: 4.207: [GC (Allocation Failure) [PSYoungGen: 663072K->6881K(681984K)] 663476K->7285K(2080256K), 0.0045425 secs] [Times: user=0.00 sys=0.00, real=0.00 secs] 
2020-09-29T12:36:52.390+0200: 4.318: [GC (Allocation Failure) [PSYoungGen: 670945K->32K(680960K)] 671349K->436K(2079232K), 0.0009537 secs] [Times: user=0.00 sys=0.00, real=0.00 secs] 
2020-09-29T12:36:52.491+0200: 4.420: [GC (Allocation Failure) [PSYoungGen: 664096K->7937K(681984K)] 664500K->8341K(2080256K), 0.0050229 secs] [Times: user=0.00 sys=0.00, real=0.01 secs] 
2020-09-29T12:36:52.598+0200: 4.527: [GC (Allocation Failure) [PSYoungGen: 672513K->2625K(681472K)] 672917K->3029K(2079744K), 0.0031764 secs] [Times: user=0.00 sys=0.00, real=0.00 secs] 
2020-09-29T12:36:52.699+0200: 4.628: [GC (Allocation Failure) [PSYoungGen: 667201K->10913K(680448K)] 667605K->11317K(2078720K), 0.0062849 secs] [Times: user=0.00 sys=0.00, real=0.01 secs] 
2020-09-29T12:36:52.807+0200: 4.736: [GC (Allocation Failure) [PSYoungGen: 674977K->5025K(681472K)] 675381K->5429K(2079744K), 0.0044266 secs] [Times: user=0.00 sys=0.00, real=0.01 secs] 
2020-09-29T12:36:52.920+0200: 4.849: [GC (Allocation Failure) [PSYoungGen: 669089K->12865K(679424K)] 669493K->13269K(2077696K), 0.0077503 secs] [Times: user=0.13 sys=0.00, real=0.01 secs] 
2020-09-29T12:36:53.028+0200: 4.957: [GC (Allocation Failure) [PSYoungGen: 675905K->5985K(680960K)] 676309K->6389K(2079232K), 0.0043640 secs] [Times: user=0.00 sys=0.00, real=0.00 secs] 
2020-09-29T12:36:53.126+0200: 5.055: [GC (Allocation Failure) [PSYoungGen: 669025K->12769K(679936K)] 669429K->13173K(2078208K), 0.0071806 secs] [Times: user=0.13 sys=0.00, real=0.01 secs] 
2020-09-29T12:36:53.236+0200: 5.164: [GC (Allocation Failure) [PSYoungGen: 675809K->5889K(680960K)] 676213K->6293K(2079232K), 0.0041204 secs] [Times: user=0.13 sys=0.00, real=0.00 secs] 
2020-09-29T12:36:53.334+0200: 5.262: [GC (Allocation Failure) [PSYoungGen: 668929K->12673K(679424K)] 669333K->13077K(2077696K), 0.0091520 secs] [Times: user=0.00 sys=0.00, real=0.01 secs] 
2020-09-29T12:36:53.439+0200: 5.367: [GC (Allocation Failure) [PSYoungGen: 674689K->4801K(680448K)] 675093K->5205K(2078720K), 0.0036496 secs] [Times: user=0.00 sys=0.01, real=0.00 secs] 
2020-09-29T12:36:53.537+0200: 5.465: [GC (Allocation Failure) [PSYoungGen: 666817K->10529K(680960K)] 667221K->10933K(2079232K), 0.0063233 secs] [Times: user=0.00 sys=0.00, real=0.01 secs] 
2020-09-29T12:36:53.652+0200: 5.581: [GC (Allocation Failure) [PSYoungGen: 671973K->32K(663552K)] 672377K->436K(2061824K), 0.0005738 secs] [Times: user=0.00 sys=0.00, real=0.00 secs] 
2020-09-29T12:36:53.750+0200: 5.679: [GC (Allocation Failure) [PSYoungGen: 663072K->6945K(681472K)] 663476K->7349K(2079744K), 0.0055187 secs] [Times: user=0.13 sys=0.00, real=0.01 secs] 
2020-09-29T12:36:53.854+0200: 5.783: [GC (Allocation Failure) [PSYoungGen: 669985K->13761K(676864K)] 670389K->14165K(2075136K), 0.0074714 secs] [Times: user=0.00 sys=0.00, real=0.01 secs] 
2020-09-29T12:36:53.962+0200: 5.890: [GC (Allocation Failure) [PSYoungGen: 676801K->6817K(680960K)] 677205K->7221K(2079232K), 0.0051973 secs] [Times: user=0.00 sys=0.00, real=0.01 secs] 
2020-09-29T12:36:54.063+0200: 5.991: [GC (Allocation Failure) [PSYoungGen: 668833K->12577K(679936K)] 669237K->12981K(2078208K), 0.0071998 secs] [Times: user=0.13 sys=0.00, real=0.01 secs] 
2020-09-29T12:36:54.168+0200: 6.096: [GC (Allocation Failure) [PSYoungGen: 674593K->4641K(680448K)] 674997K->5045K(2078720K), 0.0039619 secs] [Times: user=0.00 sys=0.00, real=0.00 secs] 
2020-09-29T12:36:54.270+0200: 6.199: [GC (Allocation Failure) [PSYoungGen: 666657K->10465K(680448K)] 667061K->10869K(2078720K), 0.0069604 secs] [Times: user=0.00 sys=0.00, real=0.01 secs] 
2020-09-29T12:36:54.391+0200: 6.321: [GC (Allocation Failure) [PSYoungGen: 672481K->2465K(680960K)] 672885K->2869K(2079232K), 0.0026650 secs] [Times: user=0.00 sys=0.00, real=0.00 secs] 
2020-09-29T12:36:54.491+0200: 6.420: [GC (Allocation Failure) [PSYoungGen: 664993K->8833K(680448K)] 665397K->9237K(2078720K), 0.0055445 secs] [Times: user=0.00 sys=0.00, real=0.01 secs] 
2020-09-29T12:36:54.597+0200: 6.526: [GC (Allocation Failure) [PSYoungGen: 671361K->32K(680448K)] 671765K->436K(2078720K), 0.0007395 secs] [Times: user=0.00 sys=0.00, real=0.00 secs] 
2020-09-29T12:36:54.698+0200: 6.627: [GC (Allocation Failure) [PSYoungGen: 663072K->6945K(680960K)] 663476K->7349K(2079232K), 0.0043645 secs] [Times: user=0.00 sys=0.00, real=0.00 secs] 
2020-09-29T12:36:54.803+0200: 6.732: [GC (Allocation Failure) [PSYoungGen: 669985K->13729K(678912K)] 670389K->14133K(2077184K), 0.0076016 secs] [Times: user=0.00 sys=0.00, real=0.01 secs] 
2020-09-29T12:36:54.906+0200: 6.835: [GC (Allocation Failure) [PSYoungGen: 675745K->5793K(680448K)] 676149K->6197K(2078720K), 0.0044387 secs] [Times: user=0.13 sys=0.00, real=0.01 secs] 
2020-09-29T12:36:55.009+0200: 6.939: [GC (Allocation Failure) [PSYoungGen: 667809K->11585K(679936K)] 668213K->11989K(2078208K), 0.0067702 secs] [Times: user=0.00 sys=0.00, real=0.01 secs] 
2020-09-29T12:36:55.110+0200: 7.039: [GC (Allocation Failure) [PSYoungGen: 673601K->3649K(680448K)] 674005K->4053K(2078720K), 0.0032285 secs] [Times: user=0.03 sys=0.00, real=0.00 secs] 
2020-09-29T12:36:55.214+0200: 7.143: [GC (Allocation Failure) [PSYoungGen: 665665K->9409K(681472K)] 666069K->9813K(2079744K), 0.0055480 secs] [Times: user=0.00 sys=0.00, real=0.01 secs] 
2020-09-29T12:36:55.313+0200: 7.242: [GC (Allocation Failure) [PSYoungGen: 672961K->3009K(680960K)] 673365K->3413K(2079232K), 0.0031811 secs] [Times: user=0.00 sys=0.00, real=0.00 secs] 
2020-09-29T12:36:55.428+0200: 7.357: [GC (Allocation Failure) [PSYoungGen: 666561K->10337K(681472K)] 666965K->10741K(2079744K), 0.0060140 secs] [Times: user=0.00 sys=0.00, real=0.01 secs] 
2020-09-29T12:36:55.535+0200: 7.464: [GC (Allocation Failure) [PSYoungGen: 674401K->4449K(681472K)] 674805K->4853K(2079744K), 0.0037754 secs] [Times: user=0.00 sys=0.00, real=0.00 secs] 
2020-09-29T12:36:55.638+0200: 7.567: [GC (Allocation Failure) [PSYoungGen: 668513K->12321K(679936K)] 668917K->12725K(2078208K), 0.0070538 secs] [Times: user=0.13 sys=0.00, real=0.01 secs] 
2020-09-29T12:36:55.746+0200: 7.675: [GC (Allocation Failure) [PSYoungGen: 675361K->5473K(680960K)] 675765K->5877K(2079232K), 0.0041373 secs] [Times: user=0.00 sys=0.00, real=0.00 secs] 
2020-09-29T12:36:55.846+0200: 7.775: [GC (Allocation Failure) [PSYoungGen: 668513K->12161K(679424K)] 668917K->12565K(2077696K), 0.0068363 secs] [Times: user=0.13 sys=0.00, real=0.01 secs] 
2020-09-29T12:36:55.950+0200: 7.880: [GC (Allocation Failure) [PSYoungGen: 674177K->4289K(680448K)] 674581K->4693K(2078720K), 0.0039773 secs] [Times: user=0.00 sys=0.00, real=0.00 secs] 
2020-09-29T12:36:56.054+0200: 7.982: [GC (Allocation Failure) [PSYoungGen: 666305K->10049K(680960K)] 666709K->10453K(2079232K), 0.0057195 secs] [Times: user=0.00 sys=0.00, real=0.01 secs] 
2020-09-29T12:36:56.156+0200: 8.085: [GC (Allocation Failure) [PSYoungGen: 673089K->3169K(680960K)] 673493K->3573K(2079232K), 0.0032182 secs] [Times: user=0.00 sys=0.00, real=0.00 secs] 
2020-09-29T12:36:56.251+0200: 8.180: [GC (Allocation Failure) [PSYoungGen: 666209K->9953K(681472K)] 666613K->10357K(2079744K), 0.0059054 secs] [Times: user=0.13 sys=0.00, real=0.01 secs] 
2020-09-29T12:36:56.359+0200: 8.288: [GC (Allocation Failure) [PSYoungGen: 674017K->4097K(681472K)] 674421K->4501K(2079744K), 0.0037683 secs] [Times: user=0.00 sys=0.00, real=0.00 secs] 
2020-09-29T12:36:56.457+0200: 8.386: [GC (Allocation Failure) [PSYoungGen: 668161K->11905K(680448K)] 668565K->12309K(2078720K), 0.0069080 secs] [Times: user=0.00 sys=0.00, real=0.01 secs] 
2020-09-29T12:36:56.565+0200: 8.495: [GC (Allocation Failure) [PSYoungGen: 674945K->5025K(680960K)] 675349K->5429K(2079232K), 0.0039508 secs] [Times: user=0.13 sys=0.00, real=0.00 secs] 
2020-09-29T12:36:56.671+0200: 8.600: [GC (Allocation Failure) [PSYoungGen: 668065K->11809K(680448K)] 668469K->12213K(2078720K), 0.0067516 secs] [Times: user=0.13 sys=0.00, real=0.01 secs] 
2020-09-29T12:36:56.779+0200: 8.708: [GC (Allocation Failure) [PSYoungGen: 674849K->4929K(680960K)] 675253K->5333K(2079232K), 0.0038589 secs] [Times: user=0.00 sys=0.00, real=0.00 secs] 
2020-09-29T12:36:56.879+0200: 8.808: [GC (Allocation Failure) [PSYoungGen: 667969K->11713K(680448K)] 668373K->12117K(2078720K), 0.0068430 secs] [Times: user=0.00 sys=0.00, real=0.01 secs] 
2020-09-29T12:36:56.991+0200: 8.921: [GC (Allocation Failure) [PSYoungGen: 674753K->4865K(680960K)] 675157K->5269K(2079232K), 0.0037990 secs] [Times: user=0.00 sys=0.00, real=0.00 secs] 
2020-09-29T12:36:57.090+0200: 9.019: [GC (Allocation Failure) [PSYoungGen: 667905K->11585K(680448K)] 668309K->11989K(2078720K), 0.0066186 secs] [Times: user=0.00 sys=0.00, real=0.01 secs] 
2020-09-29T12:36:57.198+0200: 9.126: [GC (Allocation Failure) [PSYoungGen: 674625K->4737K(680960K)] 675029K->5141K(2079232K), 0.0039234 secs] [Times: user=0.00 sys=0.00, real=0.00 secs] 
2020-09-29T12:36:57.296+0200: 9.224: [GC (Allocation Failure) [PSYoungGen: 667777K->11553K(680960K)] 668181K->11957K(2079232K), 0.0071442 secs] [Times: user=0.13 sys=0.00, real=0.01 secs] 
2020-09-29T12:36:57.409+0200: 9.337: [GC (Allocation Failure) [PSYoungGen: 674593K->4577K(680960K)] 674997K->4981K(2079232K), 0.0034926 secs] [Times: user=0.13 sys=0.00, real=0.00 secs] 
2020-09-29T12:36:57.510+0200: 9.438: [GC (Allocation Failure) [PSYoungGen: 667617K->11457K(680960K)] 668021K->11861K(2079232K), 0.0071395 secs] [Times: user=0.00 sys=0.00, real=0.01 secs] 
2020-09-29T12:36:57.626+0200: 9.554: [GC (Allocation Failure) [PSYoungGen: 674497K->4545K(680960K)] 674901K->4949K(2079232K), 0.0039824 secs] [Times: user=0.02 sys=0.00, real=0.00 secs] 
2020-09-29T12:36:57.734+0200: 9.663: [GC (Allocation Failure) [PSYoungGen: 667585K->11329K(680960K)] 667989K->11733K(2079232K), 0.0073981 secs] [Times: user=0.13 sys=0.00, real=0.01 secs] 
2020-09-29T12:36:57.842+0200: 9.770: [GC (Allocation Failure) [PSYoungGen: 674369K->4449K(680960K)] 674773K->4853K(2079232K), 0.0036978 secs] [Times: user=0.00 sys=0.00, real=0.00 secs] 
2020-09-29T12:36:57.945+0200: 9.873: [GC (Allocation Failure) [PSYoungGen: 667489K->11233K(680960K)] 667893K->11637K(2079232K), 0.0066964 secs] [Times: user=0.00 sys=0.00, real=0.01 secs] 
2020-09-29T12:36:58.049+0200: 9.977: [GC (Allocation Failure) [PSYoungGen: 674273K->4321K(680960K)] 674677K->4725K(2079232K), 0.0035423 secs] [Times: user=0.13 sys=0.00, real=0.00 secs] 
2020-09-29T12:36:58.151+0200: 10.079: [GC (Allocation Failure) [PSYoungGen: 667361K->11137K(680960K)] 667765K->11541K(2079232K), 0.0061847 secs] [Times: user=0.00 sys=0.00, real=0.01 secs] 
2020-09-29T12:36:58.250+0200: 10.178: [GC (Allocation Failure) [PSYoungGen: 674177K->4257K(680960K)] 674581K->4661K(2079232K), 0.0036147 secs] [Times: user=0.00 sys=0.00, real=0.00 secs] 
2020-09-29T12:36:58.358+0200: 10.286: [GC (Allocation Failure) [PSYoungGen: 667297K->11041K(680960K)] 667701K->11445K(2079232K), 0.0070280 secs] [Times: user=0.13 sys=0.00, real=0.01 secs] 
2020-09-29T12:36:58.460+0200: 10.388: [GC (Allocation Failure) [PSYoungGen: 674081K->4193K(680960K)] 674485K->4597K(2079232K), 0.0038523 secs] [Times: user=0.00 sys=0.00, real=0.00 secs] 
2020-09-29T12:36:58.564+0200: 10.492: [GC (Allocation Failure) [PSYoungGen: 667233K->10881K(680960K)] 667637K->11285K(2079232K), 0.0064823 secs] [Times: user=0.11 sys=0.00, real=0.01 secs] 
2020-09-29T12:36:58.671+0200: 10.599: [GC (Allocation Failure) [PSYoungGen: 673921K->4033K(680960K)] 674325K->4437K(2079232K), 0.0039718 secs] [Times: user=0.00 sys=0.00, real=0.00 secs] 
2020-09-29T12:36:58.769+0200: 10.698: [GC (Allocation Failure) [PSYoungGen: 667073K->10817K(680448K)] 667477K->11221K(2078720K), 0.0062847 secs] [Times: user=0.13 sys=0.00, real=0.01 secs] 
2020-09-29T12:36:58.889+0200: 10.818: [GC (Allocation Failure) [PSYoungGen: 673857K->3969K(680960K)] 674261K->4373K(2079232K), 0.0036861 secs] [Times: user=0.00 sys=0.00, real=0.01 secs] 
2020-09-29T12:36:58.994+0200: 10.923: [GC (Allocation Failure) [PSYoungGen: 667009K->10689K(680448K)] 667413K->11093K(2078720K), 0.0065073 secs] [Times: user=0.00 sys=0.00, real=0.01 secs] 
2020-09-29T12:36:59.101+0200: 11.030: [GC (Allocation Failure) [PSYoungGen: 673729K->3809K(680960K)] 674133K->4213K(2079232K), 0.0037430 secs] [Times: user=0.00 sys=0.00, real=0.00 secs] 
2020-09-29T12:36:59.203+0200: 11.132: [GC (Allocation Failure) [PSYoungGen: 666849K->10593K(681472K)] 667253K->10997K(2079744K), 0.0063750 secs] [Times: user=0.13 sys=0.00, real=0.01 secs] 
2020-09-29T12:36:59.306+0200: 11.235: [GC (Allocation Failure) [PSYoungGen: 674657K->4769K(681472K)] 675061K->5173K(2079744K), 0.0038134 secs] [Times: user=0.00 sys=0.00, real=0.00 secs] 
2020-09-29T12:36:59.414+0200: 11.342: [GC (Allocation Failure) [PSYoungGen: 668833K->12577K(680448K)] 669237K->12981K(2078720K), 0.0068529 secs] [Times: user=0.00 sys=0.00, real=0.01 secs] 
2020-09-29T12:36:59.519+0200: 11.447: [GC (Allocation Failure) [PSYoungGen: 675617K->5665K(680960K)] 676021K->6069K(2079232K), 0.0040130 secs] [Times: user=0.13 sys=0.00, real=0.00 secs] 
2020-09-29T12:36:59.617+0200: 11.545: [GC (Allocation Failure) [PSYoungGen: 668705K->12481K(679424K)] 669109K->12885K(2077696K), 0.0070104 secs] [Times: user=0.00 sys=0.00, real=0.01 secs] 
2020-09-29T12:36:59.726+0200: 11.654: [GC (Allocation Failure) [PSYoungGen: 674497K->4545K(680448K)] 674901K->4949K(2078720K), 0.0035751 secs] [Times: user=0.00 sys=0.00, real=0.00 secs] 
2020-09-29T12:36:59.824+0200: 11.752: [GC (Allocation Failure) [PSYoungGen: 666561K->10369K(680960K)] 666965K->10773K(2079232K), 0.0060911 secs] [Times: user=0.00 sys=0.00, real=0.01 secs] 
2020-09-29T12:36:59.931+0200: 11.860: [GC (Allocation Failure) [PSYoungGen: 671867K->32K(663552K)] 672271K->436K(2061824K), 0.0004264 secs] [Times: user=0.00 sys=0.00, real=0.00 secs] 
2020-09-29T12:37:00.032+0200: 11.960: [GC (Allocation Failure) [PSYoungGen: 663072K->6945K(681472K)] 663476K->7349K(2079744K), 0.0051010 secs] [Times: user=0.13 sys=0.00, real=0.00 secs] 
2020-09-29T12:37:00.146+0200: 12.075: [GC (Allocation Failure) [PSYoungGen: 669985K->13697K(676864K)] 670389K->14101K(2075136K), 0.0080920 secs] [Times: user=0.00 sys=0.00, real=0.01 secs] 
2020-09-29T12:37:00.252+0200: 12.181: [GC (Allocation Failure) [PSYoungGen: 676737K->6817K(680960K)] 677141K->7221K(2079232K), 0.0049542 secs] [Times: user=0.13 sys=0.00, real=0.00 secs] 
2020-09-29T12:37:00.364+0200: 12.293: [GC (Allocation Failure) [PSYoungGen: 668833K->12545K(679936K)] 669237K->12949K(2078208K), 0.0083284 secs] [Times: user=0.00 sys=0.00, real=0.01 secs] 
2020-09-29T12:37:00.476+0200: 12.404: [GC (Allocation Failure) [PSYoungGen: 674561K->4705K(680448K)] 674965K->5109K(2078720K), 0.0037413 secs] [Times: user=0.00 sys=0.00, real=0.00 secs] 
2020-09-29T12:37:00.573+0200: 12.502: [GC (Allocation Failure) [PSYoungGen: 666721K->10401K(680448K)] 667125K->10805K(2078720K), 0.0063854 secs] [Times: user=0.00 sys=0.00, real=0.01 secs] 
2020-09-29T12:37:00.678+0200: 12.607: [GC (Allocation Failure) [PSYoungGen: 672417K->2465K(680960K)] 672821K->2869K(2079232K), 0.0029070 secs] [Times: user=0.00 sys=0.00, real=0.00 secs] 
2020-09-29T12:37:00.775+0200: 12.704: [GC (Allocation Failure) [PSYoungGen: 665505K->9313K(680960K)] 665909K->9717K(2079232K), 0.0058454 secs] [Times: user=0.00 sys=0.00, real=0.01 secs] 
2020-09-29T12:37:00.885+0200: 12.813: [GC (Allocation Failure) [PSYoungGen: 672353K->2465K(680960K)] 672757K->2869K(2079232K), 0.0028573 secs] [Times: user=0.00 sys=0.00, real=0.00 secs] 
2020-09-29T12:37:00.982+0200: 12.910: [GC (Allocation Failure) [PSYoungGen: 665505K->9217K(680960K)] 665909K->9621K(2079232K), 0.0057426 secs] [Times: user=0.00 sys=0.00, real=0.01 secs] 
2020-09-29T12:37:01.089+0200: 13.018: [GC (Allocation Failure) [PSYoungGen: 672257K->2273K(681472K)] 672661K->2677K(2079744K), 0.0027450 secs] [Times: user=0.00 sys=0.00, real=0.00 secs] 
2020-09-29T12:37:01.185+0200: 13.113: [GC (Allocation Failure) [PSYoungGen: 666337K->10145K(681472K)] 666741K->10549K(2079744K), 0.0060829 secs] [Times: user=0.00 sys=0.00, real=0.01 secs] 
2020-09-29T12:37:01.301+0200: 13.230: [GC (Allocation Failure) [PSYoungGen: 674209K->4257K(681984K)] 674613K->4661K(2080256K), 0.0034215 secs] [Times: user=0.13 sys=0.00, real=0.00 secs] 
2020-09-29T12:37:01.410+0200: 13.338: [GC (Allocation Failure) [PSYoungGen: 668833K->12609K(677376K)] 669237K->13013K(2075648K), 0.0077651 secs] [Times: user=0.11 sys=0.00, real=0.01 secs] 
2020-09-29T12:37:01.520+0200: 13.448: [GC (Allocation Failure) [PSYoungGen: 677185K->7233K(681984K)] 677589K->7637K(2080256K), 0.0048216 secs] [Times: user=0.00 sys=0.00, real=0.01 secs] 
2020-09-29T12:37:01.619+0200: 13.548: [GC (Allocation Failure) [PSYoungGen: 671297K->32K(680960K)] 671701K->436K(2079232K), 0.0004172 secs] [Times: user=0.00 sys=0.00, real=0.00 secs] 
2020-09-29T12:37:01.721+0200: 13.650: [GC (Allocation Failure) [PSYoungGen: 664096K->7937K(681984K)] 664500K->8341K(2080256K), 0.0049284 secs] [Times: user=0.13 sys=0.00, real=0.01 secs] 
2020-09-29T12:37:01.819+0200: 13.747: [GC (Allocation Failure) [PSYoungGen: 671966K->32K(681472K)] 672370K->436K(2079744K), 0.0008294 secs] [Times: user=0.00 sys=0.00, real=0.00 secs] 
2020-09-29T12:37:01.917+0200: 13.846: [GC (Allocation Failure) [PSYoungGen: 664608K->8449K(681984K)] 665012K->8853K(2080256K), 0.0053682 secs] [Times: user=0.00 sys=0.00, real=0.00 secs] 
2020-09-29T12:37:02.016+0200: 13.944: [GC (Allocation Failure) [PSYoungGen: 671688K->32K(681984K)] 672092K->436K(2080256K), 0.0005413 secs] [Times: user=0.00 sys=0.00, real=0.00 secs] 
2020-09-29T12:37:02.119+0200: 14.048: [GC (Allocation Failure) [PSYoungGen: 665120K->8993K(681984K)] 665524K->9397K(2080256K), 0.0054932 secs] [Times: user=0.00 sys=0.00, real=0.01 secs] 
2020-09-29T12:37:02.219+0200: 14.147: [GC (Allocation Failure) [PSYoungGen: 674081K->4129K(681984K)] 674485K->4533K(2080256K), 0.0035856 secs] [Times: user=0.00 sys=0.00, real=0.00 secs] 
2020-09-29T12:37:02.338+0200: 14.267: [GC (Allocation Failure) [PSYoungGen: 669217K->12993K(679424K)] 669621K->13397K(2077696K), 0.0087909 secs] [Times: user=0.00 sys=0.00, real=0.01 secs] 
2020-09-29T12:37:02.466+0200: 14.394: [GC (Allocation Failure) [PSYoungGen: 676033K->6049K(680960K)] 676437K->6453K(2079232K), 0.0044547 secs] [Times: user=0.00 sys=0.00, real=0.00 secs] 
2020-09-29T12:37:02.568+0200: 14.496: [GC (Allocation Failure) [PSYoungGen: 669089K->12865K(678912K)] 669493K->13269K(2077184K), 0.0079586 secs] [Times: user=0.00 sys=0.00, real=0.01 secs] 
2020-09-29T12:37:02.687+0200: 14.616: [GC (Allocation Failure) [PSYoungGen: 674881K->4961K(680448K)] 675285K->5365K(2078720K), 0.0041742 secs] [Times: user=0.03 sys=0.00, real=0.00 secs] 
2020-09-29T12:37:02.789+0200: 14.717: [GC (Allocation Failure) [PSYoungGen: 666977K->10721K(680448K)] 667381K->11125K(2078720K), 0.0063134 secs] [Times: user=0.00 sys=0.00, real=0.01 secs] 
2020-09-29T12:37:02.898+0200: 14.826: [GC (Allocation Failure) [PSYoungGen: 671864K->32K(680960K)] 672268K->436K(2079232K), 0.0004355 secs] [Times: user=0.00 sys=0.00, real=0.00 secs] 
2020-09-29T12:37:02.997+0200: 14.926: [GC (Allocation Failure) [PSYoungGen: 663072K->6913K(681984K)] 663476K->7317K(2080256K), 0.0047614 secs] [Times: user=0.00 sys=0.00, real=0.01 secs] 
2020-09-29T12:37:03.105+0200: 15.034: [GC (Allocation Failure) [PSYoungGen: 670977K->32K(680960K)] 671381K->436K(2079232K), 0.0007498 secs] [Times: user=0.00 sys=0.00, real=0.00 secs] 
2020-09-29T12:37:03.202+0200: 15.130: [GC (Allocation Failure) [PSYoungGen: 664096K->7937K(681984K)] 664500K->8341K(2080256K), 0.0055236 secs] [Times: user=0.00 sys=0.00, real=0.01 secs] 
2020-09-29T12:37:03.316+0200: 15.245: [GC (Allocation Failure) [PSYoungGen: 672513K->2593K(681472K)] 672917K->2997K(2079744K), 0.0027348 secs] [Times: user=0.08 sys=0.00, real=0.00 secs] 
2020-09-29T12:37:03.425+0200: 15.354: [GC (Allocation Failure) [PSYoungGen: 667169K->10913K(680448K)] 667573K->11317K(2078720K), 0.0061873 secs] [Times: user=0.13 sys=0.00, real=0.01 secs] 
2020-09-29T12:37:03.527+0200: 15.456: [GC (Allocation Failure) [PSYoungGen: 674977K->5089K(681472K)] 675381K->5493K(2079744K), 0.0039698 secs] [Times: user=0.00 sys=0.00, real=0.00 secs] 
2020-09-29T12:37:03.634+0200: 15.562: [GC (Allocation Failure) [PSYoungGen: 669153K->12865K(679424K)] 669557K->13269K(2077696K), 0.0075914 secs] [Times: user=0.00 sys=0.00, real=0.01 secs] 
2020-09-29T12:37:03.736+0200: 15.665: [GC (Allocation Failure) [PSYoungGen: 675905K->5985K(680960K)] 676309K->6389K(2079232K), 0.0042455 secs] [Times: user=0.13 sys=0.00, real=0.00 secs] 
2020-09-29T12:37:03.844+0200: 15.772: [GC (Allocation Failure) [PSYoungGen: 669025K->12769K(679936K)] 669429K->13173K(2078208K), 0.0079440 secs] [Times: user=0.13 sys=0.00, real=0.01 secs] 
2020-09-29T12:37:03.949+0200: 15.877: [GC (Allocation Failure) [PSYoungGen: 675809K->5921K(680960K)] 676213K->6325K(2079232K), 0.0044056 secs] [Times: user=0.00 sys=0.00, real=0.00 secs] 
2020-09-29T12:37:04.053+0200: 15.981: [GC (Allocation Failure) [PSYoungGen: 668961K->12737K(679424K)] 669365K->13141K(2077696K), 0.0072204 secs] [Times: user=0.00 sys=0.00, real=0.01 secs] 
2020-09-29T12:37:04.158+0200: 16.087: [GC (Allocation Failure) [PSYoungGen: 674753K->4737K(680448K)] 675157K->5141K(2078720K), 0.0038103 secs] [Times: user=0.13 sys=0.00, real=0.00 secs] 
2020-09-29T12:37:04.261+0200: 16.189: [GC (Allocation Failure) [PSYoungGen: 666753K->10529K(680960K)] 667157K->10933K(2079232K), 0.0065313 secs] [Times: user=0.00 sys=0.00, real=0.01 secs] 
2020-09-29T12:37:04.368+0200: 16.296: [GC (Allocation Failure) [PSYoungGen: 671973K->32K(663552K)] 672377K->436K(2061824K), 0.0010104 secs] [Times: user=0.00 sys=0.00, real=0.00 secs] 
2020-09-29T12:37:04.475+0200: 16.403: [GC (Allocation Failure) [PSYoungGen: 663072K->6881K(681472K)] 663476K->7285K(2079744K), 0.0047149 secs] [Times: user=0.00 sys=0.00, real=0.01 secs] 
2020-09-29T12:37:04.575+0200: 16.503: [GC (Allocation Failure) [PSYoungGen: 669921K->13665K(676864K)] 670325K->14069K(2075136K), 0.0075703 secs] [Times: user=0.00 sys=0.00, real=0.01 secs] 
2020-09-29T12:37:04.695+0200: 16.623: [GC (Allocation Failure) [PSYoungGen: 676705K->6817K(680960K)] 677109K->7221K(2079232K), 0.0054864 secs] [Times: user=0.00 sys=0.00, real=0.01 secs] 
2020-09-29T12:37:04.808+0200: 16.736: [GC (Allocation Failure) [PSYoungGen: 668833K->12609K(679936K)] 669237K->13013K(2078208K), 0.0077240 secs] [Times: user=0.00 sys=0.00, real=0.01 secs] 
2020-09-29T12:37:04.912+0200: 16.840: [GC (Allocation Failure) [PSYoungGen: 674625K->4673K(680448K)] 675029K->5077K(2078720K), 0.0037143 secs] [Times: user=0.00 sys=0.00, real=0.00 secs] 
2020-09-29T12:37:05.014+0200: 16.942: [GC (Allocation Failure) [PSYoungGen: 666689K->10433K(680448K)] 667093K->10837K(2078720K), 0.0062301 secs] [Times: user=0.13 sys=0.00, real=0.01 secs] 
2020-09-29T12:37:05.116+0200: 17.044: [GC (Allocation Failure) [PSYoungGen: 672449K->2465K(680960K)] 672853K->2869K(2079232K), 0.0029722 secs] [Times: user=0.00 sys=0.00, real=0.00 secs] 
2020-09-29T12:37:05.221+0200: 17.149: [GC (Allocation Failure) [PSYoungGen: 665505K->9313K(680960K)] 665909K->9717K(2079232K), 0.0056171 secs] [Times: user=0.13 sys=0.00, real=0.01 secs] 
2020-09-29T12:37:05.325+0200: 17.253: [GC (Allocation Failure) [PSYoungGen: 672353K->2465K(681472K)] 672757K->2869K(2079744K), 0.0028755 secs] [Times: user=0.00 sys=0.00, real=0.00 secs] 
2020-09-29T12:37:05.438+0200: 17.366: [GC (Allocation Failure) [PSYoungGen: 666017K->9761K(680960K)] 666421K->10165K(2079232K), 0.0057107 secs] [Times: user=0.13 sys=0.00, real=0.01 secs] 
2020-09-29T12:37:05.539+0200: 17.467: [GC (Allocation Failure) [PSYoungGen: 671698K->32K(680448K)] 672103K->436K(2078720K), 0.0005477 secs] [Times: user=0.00 sys=0.00, real=0.00 secs] 
2020-09-29T12:37:05.645+0200: 17.574: [GC (Allocation Failure) [PSYoungGen: 663072K->6913K(680960K)] 663476K->7317K(2079232K), 0.0050616 secs] [Times: user=0.00 sys=0.00, real=0.01 secs] 
2020-09-29T12:37:05.747+0200: 17.676: [GC (Allocation Failure) [PSYoungGen: 669953K->13729K(678912K)] 670357K->14133K(2077184K), 0.0074900 secs] [Times: user=0.02 sys=0.00, real=0.01 secs] 
2020-09-29T12:37:05.855+0200: 17.785: [GC (Allocation Failure) [PSYoungGen: 675745K->5793K(680448K)] 676149K->6197K(2078720K), 0.0041794 secs] [Times: user=0.00 sys=0.00, real=0.00 secs] 
2020-09-29T12:37:05.959+0200: 17.888: [GC (Allocation Failure) [PSYoungGen: 667809K->11521K(679424K)] 668213K->11925K(2077696K), 0.0074311 secs] [Times: user=0.00 sys=0.00, real=0.01 secs] 
2020-09-29T12:37:06.067+0200: 17.995: [GC (Allocation Failure) [PSYoungGen: 673537K->3617K(680448K)] 673941K->4021K(2078720K), 0.0033051 secs] [Times: user=0.13 sys=0.00, real=0.00 secs] 
2020-09-29T12:37:06.165+0200: 18.093: [GC (Allocation Failure) [PSYoungGen: 665633K->9409K(681472K)] 666037K->9813K(2079744K), 0.0061694 secs] [Times: user=0.00 sys=0.00, real=0.01 secs] 
2020-09-29T12:37:06.272+0200: 18.201: [GC (Allocation Failure) [PSYoungGen: 672961K->3009K(680960K)] 673365K->3413K(2079232K), 0.0034297 secs] [Times: user=0.00 sys=0.00, real=0.00 secs] 
2020-09-29T12:37:06.410+0200: 18.339: [GC (Allocation Failure) [PSYoungGen: 666561K->10305K(681472K)] 666965K->10709K(2079744K), 0.0076080 secs] [Times: user=0.00 sys=0.00, real=0.01 secs] 
2020-09-29T12:37:06.523+0200: 18.451: [GC (Allocation Failure) [PSYoungGen: 674369K->4513K(681472K)] 674773K->4917K(2079744K), 0.0035961 secs] [Times: user=0.00 sys=0.00, real=0.00 secs] 
2020-09-29T12:37:06.635+0200: 18.564: [GC (Allocation Failure) [PSYoungGen: 668577K->12257K(679936K)] 668981K->12661K(2078208K), 0.0078999 secs] [Times: user=0.00 sys=0.00, real=0.01 secs] 
2020-09-29T12:37:06.756+0200: 18.684: [GC (Allocation Failure) [PSYoungGen: 675297K->5409K(680960K)] 675701K->5813K(2079232K), 0.0049088 secs] [Times: user=0.00 sys=0.00, real=0.00 secs] 
2020-09-29T12:37:06.896+0200: 18.824: [GC (Allocation Failure) [PSYoungGen: 668449K->12161K(679424K)] 668853K->12565K(2077696K), 0.0121052 secs] [Times: user=0.00 sys=0.00, real=0.01 secs] 
2020-09-29T12:37:07.030+0200: 18.959: [GC (Allocation Failure) [PSYoungGen: 674177K->4289K(680448K)] 674581K->4693K(2078720K), 0.0041289 secs] [Times: user=0.00 sys=0.00, real=0.00 secs] 
2020-09-29T12:37:07.165+0200: 19.093: [GC (Allocation Failure) [PSYoungGen: 666305K->10081K(680960K)] 666709K->10485K(2079232K), 0.0072374 secs] [Times: user=0.00 sys=0.00, real=0.01 secs] 
2020-09-29T12:37:07.280+0200: 19.208: [GC (Allocation Failure) [PSYoungGen: 673121K->3201K(680960K)] 673525K->3605K(2079232K), 0.0031183 secs] [Times: user=0.00 sys=0.00, real=0.00 secs] 
2020-09-29T12:37:07.384+0200: 19.313: [GC (Allocation Failure) [PSYoungGen: 666241K->9921K(681472K)] 666645K->10325K(2079744K), 0.0072317 secs] [Times: user=0.00 sys=0.00, real=0.01 secs] 
2020-09-29T12:37:07.507+0200: 19.435: [GC (Allocation Failure) [PSYoungGen: 673985K->4097K(681472K)] 674389K->4501K(2079744K), 0.0035724 secs] [Times: user=0.00 sys=0.00, real=0.00 secs] 
2020-09-29T12:37:07.607+0200: 19.536: [GC (Allocation Failure) [PSYoungGen: 668161K->11905K(679936K)] 668565K->12309K(2078208K), 0.0069794 secs] [Times: user=0.13 sys=0.00, real=0.01 secs] 
2020-09-29T12:37:07.712+0200: 19.640: [GC (Allocation Failure) [PSYoungGen: 674945K->4993K(680960K)] 675349K->5397K(2079232K), 0.0038706 secs] [Times: user=0.00 sys=0.00, real=0.00 secs] 
2020-09-29T12:37:07.829+0200: 19.757: [GC (Allocation Failure) [PSYoungGen: 668033K->11841K(680448K)] 668437K->12245K(2078720K), 0.0080127 secs] [Times: user=0.11 sys=0.00, real=0.01 secs] 
2020-09-29T12:37:07.951+0200: 19.880: [GC (Allocation Failure) [PSYoungGen: 674881K->4929K(680960K)] 675285K->5333K(2079232K), 0.0037317 secs] [Times: user=0.00 sys=0.00, real=0.00 secs] 
2020-09-29T12:37:08.053+0200: 19.981: [GC (Allocation Failure) [PSYoungGen: 667969K->11713K(680448K)] 668373K->12117K(2078720K), 0.0067587 secs] [Times: user=0.00 sys=0.00, real=0.01 secs] 
2020-09-29T12:37:08.156+0200: 20.085: [GC (Allocation Failure) [PSYoungGen: 674753K->4801K(680960K)] 675157K->5205K(2079232K), 0.0038943 secs] [Times: user=0.00 sys=0.00, real=0.00 secs] 
2020-09-29T12:37:08.258+0200: 20.187: [GC (Allocation Failure) [PSYoungGen: 667841K->11617K(680448K)] 668245K->12021K(2078720K), 0.0064999 secs] [Times: user=0.00 sys=0.00, real=0.01 secs] 
2020-09-29T12:37:08.363+0200: 20.292: [GC (Allocation Failure) [PSYoungGen: 674657K->4705K(680960K)] 675061K->5109K(2079232K), 0.0040212 secs] [Times: user=0.02 sys=0.00, real=0.00 secs] 
2020-09-29T12:37:08.467+0200: 20.395: [GC (Allocation Failure) [PSYoungGen: 667745K->11521K(680960K)] 668149K->11925K(2079232K), 0.0064022 secs] [Times: user=0.00 sys=0.00, real=0.01 secs] 
2020-09-29T12:37:08.567+0200: 20.495: [GC (Allocation Failure) [PSYoungGen: 674561K->4609K(680960K)] 674965K->5013K(2079232K), 0.0037366 secs] [Times: user=0.00 sys=0.00, real=0.00 secs] 
2020-09-29T12:37:08.669+0200: 20.598: [GC (Allocation Failure) [PSYoungGen: 667649K->11425K(680960K)] 668053K->11829K(2079232K), 0.0066455 secs] [Times: user=0.00 sys=0.02, real=0.01 secs] 
2020-09-29T12:37:08.789+0200: 20.717: [GC (Allocation Failure) [PSYoungGen: 674465K->4545K(680960K)] 674869K->4949K(2079232K), 0.0038722 secs] [Times: user=0.00 sys=0.00, real=0.00 secs] 
2020-09-29T12:37:08.890+0200: 20.819: [GC (Allocation Failure) [PSYoungGen: 667585K->11297K(680960K)] 667989K->11701K(2079232K), 0.0068681 secs] [Times: user=0.13 sys=0.00, real=0.01 secs] 
2020-09-29T12:37:08.994+0200: 20.923: [GC (Allocation Failure) [PSYoungGen: 674337K->4449K(680960K)] 674741K->4853K(2079232K), 0.0035995 secs] [Times: user=0.00 sys=0.00, real=0.00 secs] 
2020-09-29T12:37:09.090+0200: 21.019: [GC (Allocation Failure) [PSYoungGen: 667489K->11169K(680960K)] 667893K->11573K(2079232K), 0.0066205 secs] [Times: user=0.00 sys=0.00, real=0.01 secs] 
2020-09-29T12:37:09.204+0200: 21.133: [GC (Allocation Failure) [PSYoungGen: 674209K->4289K(680960K)] 674613K->4693K(2079232K), 0.0037148 secs] [Times: user=0.13 sys=0.00, real=0.00 secs] 
2020-09-29T12:37:09.308+0200: 21.237: [GC (Allocation Failure) [PSYoungGen: 667329K->11137K(680960K)] 667733K->11541K(2079232K), 0.0066135 secs] [Times: user=0.00 sys=0.00, real=0.01 secs] 
2020-09-29T12:37:09.412+0200: 21.340: [GC (Allocation Failure) [PSYoungGen: 674177K->4225K(680960K)] 674581K->4629K(2079232K), 0.0036470 secs] [Times: user=0.00 sys=0.00, real=0.00 secs] 
2020-09-29T12:37:09.514+0200: 21.443: [GC (Allocation Failure) [PSYoungGen: 667265K->10977K(680960K)] 667669K->11381K(2079232K), 0.0065402 secs] [Times: user=0.00 sys=0.00, real=0.01 secs] 
2020-09-29T12:37:09.618+0200: 21.546: [GC (Allocation Failure) [PSYoungGen: 674017K->4129K(680960K)] 674421K->4533K(2079232K), 0.0035078 secs] [Times: user=0.00 sys=0.00, real=0.00 secs] 
2020-09-29T12:37:09.715+0200: 21.643: [GC (Allocation Failure) [PSYoungGen: 667169K->10913K(680448K)] 667573K->11317K(2078720K), 0.0064810 secs] [Times: user=0.00 sys=0.00, real=0.01 secs] 
2020-09-29T12:37:09.825+0200: 21.753: [GC (Allocation Failure) [PSYoungGen: 673953K->4033K(680960K)] 674357K->4437K(2079232K), 0.0039187 secs] [Times: user=0.00 sys=0.00, real=0.00 secs] 
2020-09-29T12:37:09.934+0200: 21.862: [GC (Allocation Failure) [PSYoungGen: 667073K->10849K(680448K)] 667477K->11253K(2078720K), 0.0064675 secs] [Times: user=0.00 sys=0.00, real=0.01 secs] 
2020-09-29T12:37:10.036+0200: 21.965: [GC (Allocation Failure) [PSYoungGen: 673889K->3905K(680960K)] 674293K->4309K(2079232K), 0.0037778 secs] [Times: user=0.00 sys=0.00, real=0.00 secs] 
2020-09-29T12:37:10.139+0200: 22.067: [GC (Allocation Failure) [PSYoungGen: 666945K->10689K(680448K)] 667349K->11093K(2078720K), 0.0061087 secs] [Times: user=0.01 sys=0.02, real=0.01 secs] 
2020-09-29T12:37:10.260+0200: 22.189: [GC (Allocation Failure) [PSYoungGen: 673729K->3841K(680960K)] 674133K->4245K(2079232K), 0.0042289 secs] [Times: user=0.00 sys=0.00, real=0.00 secs] 
2020-09-29T12:37:10.371+0200: 22.300: [GC (Allocation Failure) [PSYoungGen: 666881K->10625K(681472K)] 667285K->11029K(2079744K), 0.0060817 secs] [Times: user=0.00 sys=0.00, real=0.01 secs] 
2020-09-29T12:37:10.481+0200: 22.410: [GC (Allocation Failure) [PSYoungGen: 674689K->4769K(681472K)] 675093K->5173K(2079744K), 0.0035868 secs] [Times: user=0.00 sys=0.00, real=0.00 secs] 
Heap
 PSYoungGen      total 681472K, used 316098K [0x00000000d5580000, 0x0000000100000000, 0x0000000100000000)
  eden space 664064K, 46% used [0x00000000d5580000,0x00000000e8588518,0x00000000fde00000)
  from space 17408K, 27% used [0x00000000fde00000,0x00000000fe2a8490,0x00000000fef00000)
  to   space 17408K, 0% used [0x00000000fef00000,0x00000000fef00000,0x0000000100000000)
 ParOldGen       total 1398272K, used 404K [0x0000000080000000, 0x00000000d5580000, 0x00000000d5580000)
  object space 1398272K, 0% used [0x0000000080000000,0x0000000080065060,0x00000000d5580000)
 Metaspace       used 2594K, capacity 4486K, committed 4864K, reserved 1056768K
  class space    used 285K, capacity 386K, committed 512K, reserved 1048576K
