Java HotSpot(TM) 64-Bit Server VM (25.261-b12) for windows-amd64 JRE (1.8.0_261-b12), built on Jun 18 2020 06:56:32 by "" with unknown MS VC++:1916
Memory: 4k page, physical 16659684k(9098936k free), swap 23213284k(7989716k free)
CommandLine flags: -XX:InitialHeapSize=2147483648 -XX:MaxHeapSize=2147483648 -XX:+PrintGC -XX:+PrintGCDateStamps -XX:+PrintGCDetails -XX:+PrintGCTimeStamps -XX:+UseCompressedClassPointers -XX:+UseCompressedOops -XX:-UseLargePagesIndividualAllocation -XX:+UseParallelGC 
2020-09-29T12:36:25.216+0200: 0.491: [GC (Allocation Failure) [PSYoungGen: 524800K->12001K(611840K)] 524800K->12009K(2010112K), 0.0099731 secs] [Times: user=0.13 sys=0.00, real=0.01 secs] 
2020-09-29T12:36:25.328+0200: 0.603: [GC (Allocation Failure) [PSYoungGen: 536801K->3441K(611840K)] 536809K->3449K(2010112K), 0.0183361 secs] [Times: user=0.00 sys=0.00, real=0.02 secs] 
2020-09-29T12:36:25.459+0200: 0.734: [GC (Allocation Failure) [PSYoungGen: 528241K->8625K(611840K)] 528249K->8633K(2010112K), 0.0072317 secs] [Times: user=0.00 sys=0.00, real=0.01 secs] 
2020-09-29T12:36:25.565+0200: 0.840: [GC (Allocation Failure) [PSYoungGen: 533425K->13697K(611840K)] 533433K->13705K(2010112K), 0.0108697 secs] [Times: user=0.09 sys=0.02, real=0.01 secs] 
2020-09-29T12:36:25.673+0200: 0.947: [GC (Allocation Failure) [PSYoungGen: 538497K->5217K(611840K)] 538505K->5225K(2010112K), 0.0046325 secs] [Times: user=0.13 sys=0.00, real=0.00 secs] 
2020-09-29T12:36:25.765+0200: 1.040: [GC (Allocation Failure) [PSYoungGen: 530017K->10417K(682496K)] 530025K->10425K(2080768K), 0.0098333 secs] [Times: user=0.11 sys=0.02, real=0.01 secs] 
2020-09-29T12:36:25.955+0200: 1.230: [GC (Allocation Failure) [PSYoungGen: 676529K->6273K(682496K)] 676537K->6681K(2080768K), 0.0078273 secs] [Times: user=0.11 sys=0.00, real=0.01 secs] 
2020-09-29T12:36:26.084+0200: 1.359: [GC (Allocation Failure) [PSYoungGen: 671675K->32K(681984K)] 672083K->440K(2080256K), 0.0006561 secs] [Times: user=0.00 sys=0.00, real=0.00 secs] 
2020-09-29T12:36:26.225+0200: 1.499: [GC (Allocation Failure) [PSYoungGen: 666144K->9953K(682496K)] 666552K->10361K(2080768K), 0.0063230 secs] [Times: user=0.00 sys=0.00, real=0.01 secs] 
2020-09-29T12:36:26.342+0200: 1.616: [GC (Allocation Failure) [PSYoungGen: 676065K->6209K(683008K)] 676473K->6617K(2081280K), 0.0058085 secs] [Times: user=0.00 sys=0.00, real=0.00 secs] 
2020-09-29T12:36:26.463+0200: 1.738: [GC (Allocation Failure) [PSYoungGen: 672833K->2849K(682496K)] 673241K->3257K(2080768K), 0.0032169 secs] [Times: user=0.00 sys=0.00, real=0.00 secs] 
2020-09-29T12:36:26.574+0200: 1.849: [GC (Allocation Failure) [PSYoungGen: 669473K->13281K(679936K)] 669881K->13689K(2078208K), 0.0103582 secs] [Times: user=0.11 sys=0.00, real=0.01 secs] 
2020-09-29T12:36:26.701+0200: 1.975: [GC (Allocation Failure) [PSYoungGen: 677345K->7425K(681472K)] 677753K->7833K(2079744K), 0.0063656 secs] [Times: user=0.00 sys=0.00, real=0.01 secs] 
2020-09-29T12:36:26.981+0200: 2.256: [GC (Allocation Failure) [PSYoungGen: 671489K->32K(681472K)] 671897K->440K(2079744K), 0.0015507 secs] [Times: user=0.00 sys=0.00, real=0.00 secs] 
2020-09-29T12:36:27.229+0200: 2.504: [GC (Allocation Failure) [PSYoungGen: 665120K->8993K(681984K)] 665528K->9401K(2080256K), 0.0069845 secs] [Times: user=0.00 sys=0.00, real=0.01 secs] 
2020-09-29T12:36:27.401+0200: 2.676: [GC (Allocation Failure) [PSYoungGen: 674081K->4097K(682496K)] 674489K->4505K(2080768K), 0.0040484 secs] [Times: user=0.00 sys=0.00, real=0.00 secs] 
2020-09-29T12:36:27.523+0200: 2.797: [GC (Allocation Failure) [PSYoungGen: 669697K->13473K(679424K)] 670105K->13881K(2077696K), 0.0092196 secs] [Times: user=0.00 sys=0.00, real=0.01 secs] 
2020-09-29T12:36:27.670+0200: 2.944: [GC (Allocation Failure) [PSYoungGen: 679073K->9153K(681472K)] 679481K->9561K(2079744K), 0.0080477 secs] [Times: user=0.09 sys=0.00, real=0.01 secs] 
2020-09-29T12:36:27.800+0200: 3.075: [GC (Allocation Failure) [PSYoungGen: 672705K->2721K(680960K)] 673113K->3129K(2079232K), 0.0036298 secs] [Times: user=0.13 sys=0.00, real=0.00 secs] 
2020-09-29T12:36:27.917+0200: 3.192: [GC (Allocation Failure) [PSYoungGen: 666273K->10049K(681472K)] 666681K->10457K(2079744K), 0.0062974 secs] [Times: user=0.00 sys=0.00, real=0.01 secs] 
2020-09-29T12:36:28.025+0200: 3.300: [GC (Allocation Failure) [PSYoungGen: 674113K->4193K(681472K)] 674521K->4601K(2079744K), 0.0035652 secs] [Times: user=0.00 sys=0.00, real=0.00 secs] 
2020-09-29T12:36:28.123+0200: 3.398: [GC (Allocation Failure) [PSYoungGen: 668257K->12033K(679936K)] 668665K->12441K(2078208K), 0.0069868 secs] [Times: user=0.13 sys=0.00, real=0.01 secs] 
2020-09-29T12:36:28.233+0200: 3.507: [GC (Allocation Failure) [PSYoungGen: 675073K->5121K(680960K)] 675481K->5529K(2079232K), 0.0038324 secs] [Times: user=0.00 sys=0.00, real=0.00 secs] 
2020-09-29T12:36:28.332+0200: 3.606: [GC (Allocation Failure) [PSYoungGen: 668161K->11937K(680448K)] 668569K->12345K(2078720K), 0.0082192 secs] [Times: user=0.13 sys=0.00, real=0.01 secs] 
2020-09-29T12:36:28.444+0200: 3.718: [GC (Allocation Failure) [PSYoungGen: 674977K->5025K(680960K)] 675385K->5433K(2079232K), 0.0039962 secs] [Times: user=0.00 sys=0.00, real=0.00 secs] 
2020-09-29T12:36:28.545+0200: 3.820: [GC (Allocation Failure) [PSYoungGen: 668065K->11841K(680448K)] 668473K->12249K(2078720K), 0.0074659 secs] [Times: user=0.13 sys=0.00, real=0.01 secs] 
2020-09-29T12:36:28.653+0200: 3.928: [GC (Allocation Failure) [PSYoungGen: 674881K->4961K(680960K)] 675289K->5369K(2079232K), 0.0040871 secs] [Times: user=0.00 sys=0.00, real=0.00 secs] 
2020-09-29T12:36:28.762+0200: 4.037: [GC (Allocation Failure) [PSYoungGen: 668001K->11745K(679424K)] 668409K->12153K(2077696K), 0.0079679 secs] [Times: user=0.00 sys=0.00, real=0.01 secs] 
2020-09-29T12:36:28.866+0200: 4.141: [GC (Allocation Failure) [PSYoungGen: 673761K->3809K(680448K)] 674169K->4217K(2078720K), 0.0033735 secs] [Times: user=0.00 sys=0.00, real=0.00 secs] 
2020-09-29T12:36:28.967+0200: 4.242: [GC (Allocation Failure) [PSYoungGen: 665825K->9633K(681472K)] 666233K->10041K(2079744K), 0.0063669 secs] [Times: user=0.13 sys=0.00, real=0.01 secs] 
2020-09-29T12:36:29.069+0200: 4.344: [GC (Allocation Failure) [PSYoungGen: 673185K->3201K(680960K)] 673593K->3609K(2079232K), 0.0031054 secs] [Times: user=0.00 sys=0.00, real=0.00 secs] 
2020-09-29T12:36:29.172+0200: 4.447: [GC (Allocation Failure) [PSYoungGen: 666753K->10561K(680448K)] 667161K->10969K(2078720K), 0.0066348 secs] [Times: user=0.13 sys=0.00, real=0.01 secs] 
2020-09-29T12:36:29.277+0200: 4.552: [GC (Allocation Failure) [PSYoungGen: 672057K->32K(680960K)] 672465K->440K(2079232K), 0.0004766 secs] [Times: user=0.00 sys=0.00, real=0.00 secs] 
2020-09-29T12:36:29.388+0200: 4.663: [GC (Allocation Failure) [PSYoungGen: 663072K->6977K(681984K)] 663480K->7385K(2080256K), 0.0054180 secs] [Times: user=0.00 sys=0.00, real=0.00 secs] 
2020-09-29T12:36:29.493+0200: 4.768: [GC (Allocation Failure) [PSYoungGen: 671041K->32K(680960K)] 671449K->440K(2079232K), 0.0007265 secs] [Times: user=0.00 sys=0.00, real=0.00 secs] 
2020-09-29T12:36:29.594+0200: 4.869: [GC (Allocation Failure) [PSYoungGen: 664096K->7905K(681984K)] 664504K->8313K(2080256K), 0.0050951 secs] [Times: user=0.11 sys=0.00, real=0.00 secs] 
2020-09-29T12:36:29.698+0200: 4.973: [GC (Allocation Failure) [PSYoungGen: 672993K->3169K(681984K)] 673401K->3577K(2080256K), 0.0032465 secs] [Times: user=0.00 sys=0.00, real=0.00 secs] 
2020-09-29T12:36:29.806+0200: 5.081: [GC (Allocation Failure) [PSYoungGen: 668257K->11937K(680448K)] 668665K->12345K(2078720K), 0.0073719 secs] [Times: user=0.00 sys=0.00, real=0.01 secs] 
2020-09-29T12:36:29.908+0200: 5.183: [GC (Allocation Failure) [PSYoungGen: 676001K->6049K(681472K)] 676409K->6457K(2079744K), 0.0046118 secs] [Times: user=0.13 sys=0.00, real=0.01 secs] 
2020-09-29T12:36:30.020+0200: 5.295: [GC (Allocation Failure) [PSYoungGen: 670113K->32K(682496K)] 670521K->440K(2080768K), 0.0005017 secs] [Times: user=0.00 sys=0.00, real=0.00 secs] 
2020-09-29T12:36:30.118+0200: 5.393: [GC (Allocation Failure) [PSYoungGen: 666144K->9985K(676352K)] 666552K->10393K(2074624K), 0.0063538 secs] [Times: user=0.00 sys=0.00, real=0.01 secs] 
2020-09-29T12:36:30.224+0200: 5.499: [GC (Allocation Failure) [PSYoungGen: 676097K->6145K(683008K)] 676505K->6553K(2081280K), 0.0042707 secs] [Times: user=0.00 sys=0.00, real=0.01 secs] 
2020-09-29T12:36:30.328+0200: 5.603: [GC (Allocation Failure) [PSYoungGen: 672257K->2305K(681984K)] 672665K->2713K(2080256K), 0.0028032 secs] [Times: user=0.00 sys=0.00, real=0.00 secs] 
2020-09-29T12:36:30.437+0200: 5.712: [GC (Allocation Failure) [PSYoungGen: 668417K->12225K(679936K)] 668825K->12633K(2078208K), 0.0070323 secs] [Times: user=0.13 sys=0.00, real=0.01 secs] 
2020-09-29T12:36:30.552+0200: 5.827: [GC (Allocation Failure) [PSYoungGen: 676289K->6401K(681472K)] 676697K->6809K(2079744K), 0.0052813 secs] [Times: user=0.00 sys=0.00, real=0.00 secs] 
2020-09-29T12:36:30.660+0200: 5.936: [GC (Allocation Failure) [PSYoungGen: 670465K->32K(682496K)] 670873K->440K(2080768K), 0.0007403 secs] [Times: user=0.00 sys=0.00, real=0.00 secs] 
2020-09-29T12:36:30.764+0200: 6.039: [GC (Allocation Failure) [PSYoungGen: 666144K->10049K(676352K)] 666552K->10457K(2074624K), 0.0064619 secs] [Times: user=0.00 sys=0.02, real=0.01 secs] 
2020-09-29T12:36:30.870+0200: 6.144: [GC (Allocation Failure) [PSYoungGen: 676161K->6145K(683008K)] 676569K->6553K(2081280K), 0.0044254 secs] [Times: user=0.00 sys=0.00, real=0.00 secs] 
2020-09-29T12:36:30.979+0200: 6.254: [GC (Allocation Failure) [PSYoungGen: 672257K->2465K(681984K)] 672665K->2873K(2080256K), 0.0027137 secs] [Times: user=0.00 sys=0.00, real=0.00 secs] 
2020-09-29T12:36:31.079+0200: 6.353: [GC (Allocation Failure) [PSYoungGen: 668577K->12257K(680448K)] 668985K->12665K(2078720K), 0.0070067 secs] [Times: user=0.13 sys=0.00, real=0.01 secs] 
2020-09-29T12:36:31.185+0200: 6.460: [GC (Allocation Failure) [PSYoungGen: 677345K->7457K(681984K)] 677753K->7865K(2080256K), 0.0050209 secs] [Times: user=0.00 sys=0.00, real=0.01 secs] 
2020-09-29T12:36:31.287+0200: 6.562: [GC (Allocation Failure) [PSYoungGen: 672545K->2465K(683008K)] 672953K->2873K(2081280K), 0.0030084 secs] [Times: user=0.00 sys=0.00, real=0.00 secs] 
2020-09-29T12:36:31.398+0200: 6.672: [GC (Allocation Failure) [PSYoungGen: 669089K->12897K(679936K)] 669497K->13305K(2078208K), 0.0073521 secs] [Times: user=0.00 sys=0.00, real=0.01 secs] 
2020-09-29T12:36:31.507+0200: 6.782: [GC (Allocation Failure) [PSYoungGen: 679521K->9633K(681472K)] 679929K->10041K(2079744K), 0.0066436 secs] [Times: user=0.00 sys=0.00, real=0.01 secs] 
2020-09-29T12:36:31.618+0200: 6.893: [GC (Allocation Failure) [PSYoungGen: 672012K->32K(664576K)] 672420K->440K(2062848K), 0.0004081 secs] [Times: user=0.00 sys=0.00, real=0.00 secs] 
2020-09-29T12:36:31.723+0200: 6.998: [GC (Allocation Failure) [PSYoungGen: 664096K->7969K(681472K)] 664504K->8377K(2079744K), 0.0056368 secs] [Times: user=0.00 sys=0.00, real=0.00 secs] 
2020-09-29T12:36:31.827+0200: 7.102: [GC (Allocation Failure) [PSYoungGen: 671521K->32K(680960K)] 671929K->440K(2079232K), 0.0007291 secs] [Times: user=0.00 sys=0.00, real=0.00 secs] 
2020-09-29T12:36:31.932+0200: 7.207: [GC (Allocation Failure) [PSYoungGen: 663584K->7457K(681984K)] 663992K->7865K(2080256K), 0.0051452 secs] [Times: user=0.00 sys=0.00, real=0.01 secs] 
2020-09-29T12:36:32.036+0200: 7.311: [GC (Allocation Failure) [PSYoungGen: 672033K->32K(681472K)] 672441K->440K(2079744K), 0.0007204 secs] [Times: user=0.00 sys=0.00, real=0.00 secs] 
2020-09-29T12:36:32.140+0200: 7.415: [GC (Allocation Failure) [PSYoungGen: 664608K->8449K(681984K)] 665016K->8857K(2080256K), 0.0054887 secs] [Times: user=0.13 sys=0.00, real=0.00 secs] 
2020-09-29T12:36:32.241+0200: 7.516: [GC (Allocation Failure) [PSYoungGen: 673537K->3617K(681984K)] 673945K->4025K(2080256K), 0.0029742 secs] [Times: user=0.00 sys=0.00, real=0.00 secs] 
2020-09-29T12:36:32.355+0200: 7.630: [GC (Allocation Failure) [PSYoungGen: 668705K->12417K(679936K)] 669113K->12825K(2078208K), 0.0076690 secs] [Times: user=0.00 sys=0.00, real=0.01 secs] 
2020-09-29T12:36:32.484+0200: 7.759: [GC (Allocation Failure) [PSYoungGen: 676481K->6593K(681472K)] 676889K->7001K(2079744K), 0.0058373 secs] [Times: user=0.13 sys=0.00, real=0.01 secs] 
2020-09-29T12:36:32.597+0200: 7.872: [GC (Allocation Failure) [PSYoungGen: 670657K->32K(682496K)] 671065K->440K(2080768K), 0.0005618 secs] [Times: user=0.01 sys=0.01, real=0.00 secs] 
2020-09-29T12:36:32.723+0200: 7.999: [GC (Allocation Failure) [PSYoungGen: 666144K->10049K(676352K)] 666552K->10457K(2074624K), 0.0064584 secs] [Times: user=0.00 sys=0.00, real=0.01 secs] 
2020-09-29T12:36:32.846+0200: 8.121: [GC (Allocation Failure) [PSYoungGen: 676161K->6209K(682496K)] 676569K->6617K(2080768K), 0.0053150 secs] [Times: user=0.11 sys=0.00, real=0.01 secs] 
2020-09-29T12:36:32.976+0200: 8.251: [GC (Allocation Failure) [PSYoungGen: 671297K->32K(681472K)] 671705K->440K(2079744K), 0.0033813 secs] [Times: user=0.00 sys=0.00, real=0.00 secs] 
2020-09-29T12:36:33.101+0200: 8.376: [GC (Allocation Failure) [PSYoungGen: 665120K->8961K(682496K)] 665528K->9369K(2080768K), 0.0060172 secs] [Times: user=0.00 sys=0.00, real=0.01 secs] 
2020-09-29T12:36:33.213+0200: 8.488: [GC (Allocation Failure) [PSYoungGen: 675073K->5121K(682496K)] 675481K->5529K(2080768K), 0.0047189 secs] [Times: user=0.00 sys=0.00, real=0.00 secs] 
2020-09-29T12:36:33.330+0200: 8.606: [GC (Allocation Failure) [PSYoungGen: 671233K->32K(683520K)] 671641K->440K(2081792K), 0.0004464 secs] [Times: user=0.00 sys=0.00, real=0.00 secs] 
2020-09-29T12:36:33.445+0200: 8.720: [GC (Allocation Failure) [PSYoungGen: 668192K->12033K(680448K)] 668600K->12441K(2078720K), 0.0082615 secs] [Times: user=0.00 sys=0.00, real=0.01 secs] 
2020-09-29T12:36:33.561+0200: 8.836: [GC (Allocation Failure) [PSYoungGen: 680193K->10305K(680960K)] 680601K->10713K(2079232K), 0.0066114 secs] [Times: user=0.13 sys=0.00, real=0.01 secs] 
2020-09-29T12:36:33.666+0200: 8.941: [GC (Allocation Failure) [PSYoungGen: 674369K->4385K(681472K)] 674777K->4793K(2079744K), 0.0035570 secs] [Times: user=0.00 sys=0.00, real=0.00 secs] 
2020-09-29T12:36:33.767+0200: 9.042: [GC (Allocation Failure) [PSYoungGen: 668449K->12225K(679936K)] 668857K->12633K(2078208K), 0.0071295 secs] [Times: user=0.13 sys=0.00, real=0.01 secs] 
2020-09-29T12:36:33.875+0200: 9.150: [GC (Allocation Failure) [PSYoungGen: 675265K->5313K(680960K)] 675673K->5721K(2079232K), 0.0044155 secs] [Times: user=0.00 sys=0.00, real=0.01 secs] 
2020-09-29T12:36:33.981+0200: 9.256: [GC (Allocation Failure) [PSYoungGen: 668353K->12129K(679424K)] 668761K->12537K(2077696K), 0.0083727 secs] [Times: user=0.00 sys=0.00, real=0.01 secs] 
2020-09-29T12:36:34.085+0200: 9.360: [GC (Allocation Failure) [PSYoungGen: 674145K->4193K(680448K)] 674553K->4601K(2078720K), 0.0038042 secs] [Times: user=0.00 sys=0.00, real=0.00 secs] 
2020-09-29T12:36:34.183+0200: 9.457: [GC (Allocation Failure) [PSYoungGen: 666209K->10017K(680448K)] 666617K->10425K(2078720K), 0.0058658 secs] [Times: user=0.00 sys=0.00, real=0.00 secs] 
2020-09-29T12:36:34.285+0200: 9.560: [GC (Allocation Failure) [PSYoungGen: 673057K->3105K(680960K)] 673465K->3513K(2079232K), 0.0031412 secs] [Times: user=0.13 sys=0.00, real=0.00 secs] 
2020-09-29T12:36:34.389+0200: 9.664: [GC (Allocation Failure) [PSYoungGen: 666145K->9921K(681472K)] 666553K->10329K(2079744K), 0.0057505 secs] [Times: user=0.00 sys=0.00, real=0.01 secs] 
2020-09-29T12:36:34.493+0200: 9.769: [GC (Allocation Failure) [PSYoungGen: 673985K->4001K(681472K)] 674393K->4409K(2079744K), 0.0035373 secs] [Times: user=0.00 sys=0.00, real=0.00 secs] 
2020-09-29T12:36:34.594+0200: 9.868: [GC (Allocation Failure) [PSYoungGen: 668065K->11809K(679936K)] 668473K->12217K(2078208K), 0.0070102 secs] [Times: user=0.11 sys=0.00, real=0.01 secs] 
2020-09-29T12:36:34.706+0200: 9.980: [GC (Allocation Failure) [PSYoungGen: 674849K->4961K(680960K)] 675257K->5369K(2079232K), 0.0039799 secs] [Times: user=0.13 sys=0.00, real=0.00 secs] 
2020-09-29T12:36:34.805+0200: 10.080: [GC (Allocation Failure) [PSYoungGen: 668001K->11713K(680448K)] 668409K->12121K(2078720K), 0.0065819 secs] [Times: user=0.00 sys=0.00, real=0.01 secs] 
2020-09-29T12:36:34.910+0200: 10.185: [GC (Allocation Failure) [PSYoungGen: 674753K->4865K(680960K)] 675161K->5273K(2079232K), 0.0039248 secs] [Times: user=0.11 sys=0.00, real=0.00 secs] 
2020-09-29T12:36:35.009+0200: 10.284: [GC (Allocation Failure) [PSYoungGen: 667905K->11649K(680448K)] 668313K->12057K(2078720K), 0.0066811 secs] [Times: user=0.00 sys=0.00, real=0.01 secs] 
2020-09-29T12:36:35.117+0200: 10.391: [GC (Allocation Failure) [PSYoungGen: 674689K->4737K(680960K)] 675097K->5145K(2079232K), 0.0038523 secs] [Times: user=0.00 sys=0.00, real=0.00 secs] 
2020-09-29T12:36:35.212+0200: 10.487: [GC (Allocation Failure) [PSYoungGen: 667777K->11585K(680448K)] 668185K->11993K(2078720K), 0.0067010 secs] [Times: user=0.00 sys=0.00, real=0.01 secs] 
2020-09-29T12:36:35.317+0200: 10.592: [GC (Allocation Failure) [PSYoungGen: 674625K->4673K(680960K)] 675033K->5081K(2079232K), 0.0037560 secs] [Times: user=0.00 sys=0.00, real=0.00 secs] 
2020-09-29T12:36:35.425+0200: 10.699: [GC (Allocation Failure) [PSYoungGen: 667713K->11457K(680448K)] 668121K->11865K(2078720K), 0.0077210 secs] [Times: user=0.11 sys=0.00, real=0.01 secs] 
2020-09-29T12:36:35.534+0200: 10.809: [GC (Allocation Failure) [PSYoungGen: 674497K->4545K(680960K)] 674905K->4953K(2079232K), 0.0038980 secs] [Times: user=0.13 sys=0.00, real=0.00 secs] 
2020-09-29T12:36:35.641+0200: 10.916: [GC (Allocation Failure) [PSYoungGen: 667585K->11361K(680960K)] 667993K->11769K(2079232K), 0.0078840 secs] [Times: user=0.13 sys=0.00, real=0.01 secs] 
2020-09-29T12:36:35.748+0200: 11.023: [GC (Allocation Failure) [PSYoungGen: 674401K->4449K(680960K)] 674809K->4857K(2079232K), 0.0036091 secs] [Times: user=0.00 sys=0.00, real=0.00 secs] 
2020-09-29T12:36:35.850+0200: 11.125: [GC (Allocation Failure) [PSYoungGen: 667489K->11233K(680960K)] 667897K->11641K(2079232K), 0.0068339 secs] [Times: user=0.00 sys=0.00, real=0.01 secs] 
2020-09-29T12:36:35.951+0200: 11.226: [GC (Allocation Failure) [PSYoungGen: 674273K->4417K(680960K)] 674681K->4825K(2079232K), 0.0036025 secs] [Times: user=0.00 sys=0.00, real=0.00 secs] 
2020-09-29T12:36:36.051+0200: 11.326: [GC (Allocation Failure) [PSYoungGen: 667457K->11137K(680960K)] 667865K->11545K(2079232K), 0.0069190 secs] [Times: user=0.00 sys=0.00, real=0.01 secs] 
2020-09-29T12:36:36.152+0200: 11.427: [GC (Allocation Failure) [PSYoungGen: 674177K->4289K(680960K)] 674585K->4697K(2079232K), 0.0036829 secs] [Times: user=0.00 sys=0.00, real=0.00 secs] 
2020-09-29T12:36:36.253+0200: 11.528: [GC (Allocation Failure) [PSYoungGen: 667329K->11073K(680448K)] 667737K->11481K(2078720K), 0.0064130 secs] [Times: user=0.03 sys=0.02, real=0.01 secs] 
2020-09-29T12:36:36.358+0200: 11.633: [GC (Allocation Failure) [PSYoungGen: 674113K->4161K(680960K)] 674521K->4569K(2079232K), 0.0038258 secs] [Times: user=0.00 sys=0.00, real=0.00 secs] 
2020-09-29T12:36:36.463+0200: 11.738: [GC (Allocation Failure) [PSYoungGen: 667201K->10977K(680448K)] 667609K->11385K(2078720K), 0.0064677 secs] [Times: user=0.00 sys=0.00, real=0.01 secs] 
2020-09-29T12:36:36.565+0200: 11.840: [GC (Allocation Failure) [PSYoungGen: 674017K->4001K(680960K)] 674425K->4409K(2079232K), 0.0036260 secs] [Times: user=0.11 sys=0.00, real=0.00 secs] 
2020-09-29T12:36:36.671+0200: 11.946: [GC (Allocation Failure) [PSYoungGen: 667041K->10817K(680448K)] 667449K->11225K(2078720K), 0.0063553 secs] [Times: user=0.13 sys=0.00, real=0.01 secs] 
2020-09-29T12:36:36.774+0200: 12.048: [GC (Allocation Failure) [PSYoungGen: 673857K->3937K(680960K)] 674265K->4345K(2079232K), 0.0034877 secs] [Times: user=0.00 sys=0.00, real=0.00 secs] 
2020-09-29T12:36:36.877+0200: 12.152: [GC (Allocation Failure) [PSYoungGen: 666977K->10753K(680448K)] 667385K->11161K(2078720K), 0.0064711 secs] [Times: user=0.13 sys=0.00, real=0.01 secs] 
2020-09-29T12:36:36.982+0200: 12.257: [GC (Allocation Failure) [PSYoungGen: 673793K->3905K(680960K)] 674201K->4313K(2079232K), 0.0034059 secs] [Times: user=0.00 sys=0.00, real=0.00 secs] 
2020-09-29T12:36:37.087+0200: 12.362: [GC (Allocation Failure) [PSYoungGen: 666945K->10625K(680448K)] 667353K->11033K(2078720K), 0.0063955 secs] [Times: user=0.00 sys=0.00, real=0.01 secs] 
2020-09-29T12:36:37.196+0200: 12.471: [GC (Allocation Failure) [PSYoungGen: 673665K->3777K(680960K)] 674073K->4185K(2079232K), 0.0034448 secs] [Times: user=0.00 sys=0.00, real=0.00 secs] 
2020-09-29T12:36:37.299+0200: 12.573: [GC (Allocation Failure) [PSYoungGen: 666817K->10561K(681472K)] 667225K->10969K(2079744K), 0.0064849 secs] [Times: user=0.13 sys=0.00, real=0.01 secs] 
2020-09-29T12:36:37.412+0200: 12.687: [GC (Allocation Failure) [PSYoungGen: 674625K->4673K(681472K)] 675033K->5081K(2079744K), 0.0043712 secs] [Times: user=0.00 sys=0.00, real=0.01 secs] 
2020-09-29T12:36:37.516+0200: 12.791: [GC (Allocation Failure) [PSYoungGen: 668737K->12449K(679936K)] 669145K->12857K(2078208K), 0.0070141 secs] [Times: user=0.13 sys=0.00, real=0.01 secs] 
2020-09-29T12:36:37.630+0200: 12.906: [GC (Allocation Failure) [PSYoungGen: 675489K->5633K(680960K)] 675897K->6041K(2079232K), 0.0051234 secs] [Times: user=0.00 sys=0.00, real=0.00 secs] 
2020-09-29T12:36:37.749+0200: 13.024: [GC (Allocation Failure) [PSYoungGen: 668673K->12449K(679424K)] 669081K->12857K(2077696K), 0.0073121 secs] [Times: user=0.13 sys=0.00, real=0.01 secs] 
2020-09-29T12:36:37.858+0200: 13.134: [GC (Allocation Failure) [PSYoungGen: 674465K->4513K(680448K)] 674873K->4921K(2078720K), 0.0034868 secs] [Times: user=0.00 sys=0.00, real=0.00 secs] 
2020-09-29T12:36:37.956+0200: 13.232: [GC (Allocation Failure) [PSYoungGen: 666529K->10273K(680960K)] 666937K->10681K(2079232K), 0.0062797 secs] [Times: user=0.03 sys=0.00, real=0.01 secs] 
2020-09-29T12:36:38.066+0200: 13.340: [GC (Allocation Failure) [PSYoungGen: 671771K->32K(663552K)] 672179K->440K(2061824K), 0.0005945 secs] [Times: user=0.00 sys=0.00, real=0.00 secs] 
2020-09-29T12:36:38.160+0200: 13.434: [GC (Allocation Failure) [PSYoungGen: 663072K->6913K(681472K)] 663480K->7321K(2079744K), 0.0048822 secs] [Times: user=0.13 sys=0.00, real=0.00 secs] 
2020-09-29T12:36:38.270+0200: 13.544: [GC (Allocation Failure) [PSYoungGen: 669953K->13665K(680448K)] 670361K->14073K(2078720K), 0.0084724 secs] [Times: user=0.00 sys=0.00, real=0.01 secs] 
2020-09-29T12:36:38.389+0200: 13.663: [GC (Allocation Failure) [PSYoungGen: 676705K->6817K(680960K)] 677113K->7225K(2079232K), 0.0052662 secs] [Times: user=0.00 sys=0.00, real=0.01 secs] 
2020-09-29T12:36:38.494+0200: 13.769: [GC (Allocation Failure) [PSYoungGen: 669345K->13089K(675840K)] 669753K->13497K(2074112K), 0.0074908 secs] [Times: user=0.00 sys=0.00, real=0.01 secs] 
2020-09-29T12:36:38.606+0200: 13.880: [GC (Allocation Failure) [PSYoungGen: 675617K->5665K(680960K)] 676025K->6073K(2079232K), 0.0045556 secs] [Times: user=0.00 sys=0.00, real=0.00 secs] 
2020-09-29T12:36:38.704+0200: 13.978: [GC (Allocation Failure) [PSYoungGen: 667681K->11457K(679936K)] 668089K->11865K(2078208K), 0.0070356 secs] [Times: user=0.13 sys=0.00, real=0.01 secs] 
2020-09-29T12:36:38.807+0200: 14.081: [GC (Allocation Failure) [PSYoungGen: 671607K->32K(679424K)] 672016K->440K(2077696K), 0.0003542 secs] [Times: user=0.00 sys=0.00, real=0.00 secs] 
2020-09-29T12:36:38.900+0200: 14.175: [GC (Allocation Failure) [PSYoungGen: 661024K->4865K(679936K)] 661432K->5273K(2078208K), 0.0037292 secs] [Times: user=0.00 sys=0.00, real=0.00 secs] 
2020-09-29T12:36:39.002+0200: 14.276: [GC (Allocation Failure) [PSYoungGen: 665857K->9601K(680960K)] 666265K->10009K(2079232K), 0.0058287 secs] [Times: user=0.13 sys=0.00, real=0.01 secs] 
2020-09-29T12:36:39.101+0200: 14.376: [GC (Allocation Failure) [PSYoungGen: 672129K->2209K(680448K)] 672537K->2617K(2078720K), 0.0026617 secs] [Times: user=0.00 sys=0.00, real=0.00 secs] 
2020-09-29T12:36:39.201+0200: 14.475: [GC (Allocation Failure) [PSYoungGen: 664737K->8481K(681472K)] 665145K->8889K(2079744K), 0.0053797 secs] [Times: user=0.00 sys=0.00, real=0.01 secs] 
2020-09-29T12:36:39.306+0200: 14.580: [GC (Allocation Failure) [PSYoungGen: 672033K->2209K(680960K)] 672441K->2617K(2079232K), 0.0027761 secs] [Times: user=0.00 sys=0.00, real=0.00 secs] 
2020-09-29T12:36:39.426+0200: 14.700: [GC (Allocation Failure) [PSYoungGen: 665761K->9377K(681472K)] 666169K->9785K(2079744K), 0.0070150 secs] [Times: user=0.13 sys=0.00, real=0.01 secs] 
2020-09-29T12:36:39.530+0200: 14.805: [GC (Allocation Failure) [PSYoungGen: 673441K->3521K(681472K)] 673849K->3929K(2079744K), 0.0031668 secs] [Times: user=0.00 sys=0.00, real=0.00 secs] 
2020-09-29T12:36:39.641+0200: 14.916: [GC (Allocation Failure) [PSYoungGen: 667585K->11361K(680960K)] 667993K->11769K(2079232K), 0.0068585 secs] [Times: user=0.13 sys=0.00, real=0.01 secs] 
2020-09-29T12:36:39.742+0200: 15.016: [GC (Allocation Failure) [PSYoungGen: 675425K->5473K(681472K)] 675833K->5881K(2079744K), 0.0039233 secs] [Times: user=0.00 sys=0.00, real=0.00 secs] 
2020-09-29T12:36:39.847+0200: 15.121: [GC (Allocation Failure) [PSYoungGen: 669537K->13313K(678912K)] 669945K->13721K(2077184K), 0.0073905 secs] [Times: user=0.13 sys=0.00, real=0.01 secs] 
2020-09-29T12:36:39.948+0200: 15.223: [GC (Allocation Failure) [PSYoungGen: 675329K->5377K(680448K)] 675737K->5785K(2078720K), 0.0042282 secs] [Times: user=0.00 sys=0.00, real=0.00 secs] 
2020-09-29T12:36:40.055+0200: 15.329: [GC (Allocation Failure) [PSYoungGen: 667393K->11169K(680448K)] 667801K->11577K(2078720K), 0.0064675 secs] [Times: user=0.00 sys=0.00, real=0.01 secs] 
2020-09-29T12:36:40.156+0200: 15.431: [GC (Allocation Failure) [PSYoungGen: 674209K->4289K(680960K)] 674617K->4697K(2079232K), 0.0037454 secs] [Times: user=0.00 sys=0.00, real=0.00 secs] 
2020-09-29T12:36:40.256+0200: 15.531: [GC (Allocation Failure) [PSYoungGen: 667329K->11137K(680448K)] 667737K->11545K(2078720K), 0.0064889 secs] [Times: user=0.00 sys=0.00, real=0.01 secs] 
2020-09-29T12:36:40.363+0200: 15.638: [GC (Allocation Failure) [PSYoungGen: 674177K->4161K(680960K)] 674585K->4569K(2079232K), 0.0038569 secs] [Times: user=0.00 sys=0.00, real=0.00 secs] 
2020-09-29T12:36:40.469+0200: 15.744: [GC (Allocation Failure) [PSYoungGen: 667201K->10945K(680448K)] 667609K->11353K(2078720K), 0.0063210 secs] [Times: user=0.13 sys=0.00, real=0.01 secs] 
2020-09-29T12:36:40.574+0200: 15.849: [GC (Allocation Failure) [PSYoungGen: 673985K->4065K(680960K)] 674393K->4473K(2079232K), 0.0037074 secs] [Times: user=0.00 sys=0.00, real=0.00 secs] 
2020-09-29T12:36:40.682+0200: 15.957: [GC (Allocation Failure) [PSYoungGen: 667105K->10881K(680448K)] 667513K->11289K(2078720K), 0.0068480 secs] [Times: user=0.00 sys=0.00, real=0.01 secs] 
2020-09-29T12:36:40.787+0200: 16.062: [GC (Allocation Failure) [PSYoungGen: 673921K->3969K(680960K)] 674329K->4377K(2079232K), 0.0036037 secs] [Times: user=0.00 sys=0.00, real=0.00 secs] 
2020-09-29T12:36:40.887+0200: 16.162: [GC (Allocation Failure) [PSYoungGen: 667009K->10785K(680448K)] 667417K->11193K(2078720K), 0.0064348 secs] [Times: user=0.00 sys=0.00, real=0.01 secs] 
2020-09-29T12:36:40.994+0200: 16.269: [GC (Allocation Failure) [PSYoungGen: 673825K->3873K(680960K)] 674233K->4281K(2079232K), 0.0034639 secs] [Times: user=0.00 sys=0.00, real=0.00 secs] 
2020-09-29T12:36:41.093+0200: 16.368: [GC (Allocation Failure) [PSYoungGen: 666913K->10721K(680448K)] 667321K->11129K(2078720K), 0.0062923 secs] [Times: user=0.13 sys=0.00, real=0.01 secs] 
2020-09-29T12:36:41.198+0200: 16.473: [GC (Allocation Failure) [PSYoungGen: 673761K->3777K(680960K)] 674169K->4185K(2079232K), 0.0034024 secs] [Times: user=0.00 sys=0.00, real=0.00 secs] 
2020-09-29T12:36:41.296+0200: 16.570: [GC (Allocation Failure) [PSYoungGen: 666817K->10625K(681472K)] 667225K->11033K(2079744K), 0.0060906 secs] [Times: user=0.13 sys=0.00, real=0.01 secs] 
2020-09-29T12:36:41.407+0200: 16.682: [GC (Allocation Failure) [PSYoungGen: 674689K->4737K(681472K)] 675097K->5145K(2079744K), 0.0039973 secs] [Times: user=0.13 sys=0.00, real=0.00 secs] 
2020-09-29T12:36:41.510+0200: 16.785: [GC (Allocation Failure) [PSYoungGen: 668801K->12545K(680448K)] 669209K->12953K(2078720K), 0.0070193 secs] [Times: user=0.00 sys=0.00, real=0.01 secs] 
2020-09-29T12:36:41.619+0200: 16.893: [GC (Allocation Failure) [PSYoungGen: 675585K->5633K(680960K)] 675993K->6041K(2079232K), 0.0043502 secs] [Times: user=0.00 sys=0.00, real=0.00 secs] 
2020-09-29T12:36:41.724+0200: 16.999: [GC (Allocation Failure) [PSYoungGen: 668673K->12449K(679424K)] 669081K->12857K(2077696K), 0.0075132 secs] [Times: user=0.00 sys=0.00, real=0.01 secs] 
2020-09-29T12:36:41.829+0200: 17.103: [GC (Allocation Failure) [PSYoungGen: 674465K->4513K(680448K)] 674873K->4921K(2078720K), 0.0038055 secs] [Times: user=0.03 sys=0.00, real=0.00 secs] 
2020-09-29T12:36:41.924+0200: 17.199: [GC (Allocation Failure) [PSYoungGen: 666529K->10273K(680960K)] 666937K->10681K(2079232K), 0.0060742 secs] [Times: user=0.13 sys=0.00, real=0.01 secs] 
2020-09-29T12:36:42.033+0200: 17.308: [GC (Allocation Failure) [PSYoungGen: 671771K->32K(663552K)] 672179K->440K(2061824K), 0.0004631 secs] [Times: user=0.00 sys=0.00, real=0.00 secs] 
2020-09-29T12:36:42.127+0200: 17.402: [GC (Allocation Failure) [PSYoungGen: 663072K->6945K(681472K)] 663480K->7353K(2079744K), 0.0050889 secs] [Times: user=0.13 sys=0.00, real=0.00 secs] 
2020-09-29T12:36:42.235+0200: 17.510: [GC (Allocation Failure) [PSYoungGen: 669985K->13729K(680448K)] 670393K->14137K(2078720K), 0.0077726 secs] [Times: user=0.13 sys=0.00, real=0.01 secs] 
2020-09-29T12:36:42.340+0200: 17.615: [GC (Allocation Failure) [PSYoungGen: 676769K->6849K(680960K)] 677177K->7257K(2079232K), 0.0051593 secs] [Times: user=0.00 sys=0.00, real=0.01 secs] 
2020-09-29T12:36:42.446+0200: 17.721: [GC (Allocation Failure) [PSYoungGen: 669377K->13121K(675840K)] 669785K->13529K(2074112K), 0.0074721 secs] [Times: user=0.00 sys=0.00, real=0.01 secs] 
2020-09-29T12:36:42.553+0200: 17.828: [GC (Allocation Failure) [PSYoungGen: 675649K->5665K(680448K)] 676057K->6073K(2078720K), 0.0043573 secs] [Times: user=0.00 sys=0.00, real=0.00 secs] 
2020-09-29T12:36:42.662+0200: 17.937: [GC (Allocation Failure) [PSYoungGen: 667169K->10913K(679936K)] 667577K->11321K(2078208K), 0.0063967 secs] [Times: user=0.00 sys=0.00, real=0.01 secs] 
2020-09-29T12:36:42.770+0200: 18.045: [GC (Allocation Failure) [PSYoungGen: 672417K->2465K(680448K)] 672825K->2873K(2078720K), 0.0026215 secs] [Times: user=0.00 sys=0.00, real=0.00 secs] 
2020-09-29T12:36:42.870+0200: 18.145: [GC (Allocation Failure) [PSYoungGen: 664481K->8257K(680448K)] 664889K->8665K(2078720K), 0.0050368 secs] [Times: user=0.00 sys=0.00, real=0.01 secs] 
2020-09-29T12:36:42.976+0200: 18.251: [GC (Allocation Failure) [PSYoungGen: 670273K->32K(680448K)] 670681K->440K(2078720K), 0.0004804 secs] [Times: user=0.00 sys=0.00, real=0.00 secs] 
2020-09-29T12:36:43.077+0200: 18.352: [GC (Allocation Failure) [PSYoungGen: 663072K->6945K(680960K)] 663480K->7353K(2079232K), 0.0046880 secs] [Times: user=0.00 sys=0.00, real=0.01 secs] 
2020-09-29T12:36:43.180+0200: 18.455: [GC (Allocation Failure) [PSYoungGen: 669985K->13697K(678912K)] 670393K->14105K(2077184K), 0.0078772 secs] [Times: user=0.00 sys=0.00, real=0.01 secs] 
2020-09-29T12:36:43.309+0200: 18.584: [GC (Allocation Failure) [PSYoungGen: 675713K->5825K(680448K)] 676121K->6233K(2078720K), 0.0045582 secs] [Times: user=0.00 sys=0.00, real=0.00 secs] 
2020-09-29T12:36:43.422+0200: 18.697: [GC (Allocation Failure) [PSYoungGen: 667841K->11585K(680448K)] 668249K->11993K(2078720K), 0.0066799 secs] [Times: user=0.13 sys=0.00, real=0.01 secs] 
2020-09-29T12:36:43.530+0200: 18.805: [GC (Allocation Failure) [PSYoungGen: 674625K->4641K(680960K)] 675033K->5049K(2079232K), 0.0039875 secs] [Times: user=0.00 sys=0.00, real=0.00 secs] 
2020-09-29T12:36:43.628+0200: 18.903: [GC (Allocation Failure) [PSYoungGen: 667681K->11457K(680960K)] 668089K->11865K(2079232K), 0.0070801 secs] [Times: user=0.11 sys=0.00, real=0.01 secs] 
2020-09-29T12:36:43.737+0200: 19.011: [GC (Allocation Failure) [PSYoungGen: 674497K->4577K(680960K)] 674905K->4985K(2079232K), 0.0033896 secs] [Times: user=0.13 sys=0.00, real=0.00 secs] 
2020-09-29T12:36:43.850+0200: 19.124: [GC (Allocation Failure) [PSYoungGen: 667617K->11361K(680960K)] 668025K->11769K(2079232K), 0.0071803 secs] [Times: user=0.00 sys=0.00, real=0.01 secs] 
2020-09-29T12:36:43.980+0200: 19.255: [GC (Allocation Failure) [PSYoungGen: 674401K->4481K(680960K)] 674809K->4889K(2079232K), 0.0038528 secs] [Times: user=0.00 sys=0.00, real=0.00 secs] 
2020-09-29T12:36:44.084+0200: 19.358: [GC (Allocation Failure) [PSYoungGen: 667521K->11265K(680960K)] 667929K->11673K(2079232K), 0.0069971 secs] [Times: user=0.00 sys=0.00, real=0.01 secs] 
2020-09-29T12:36:44.188+0200: 19.463: [GC (Allocation Failure) [PSYoungGen: 674305K->4385K(680960K)] 674713K->4793K(2079232K), 0.0036806 secs] [Times: user=0.00 sys=0.02, real=0.00 secs] 
2020-09-29T12:36:44.285+0200: 19.560: [GC (Allocation Failure) [PSYoungGen: 667425K->11169K(680960K)] 667833K->11577K(2079232K), 0.0065999 secs] [Times: user=0.13 sys=0.00, real=0.01 secs] 
2020-09-29T12:36:44.397+0200: 19.672: [GC (Allocation Failure) [PSYoungGen: 674209K->4289K(680960K)] 674617K->4697K(2079232K), 0.0034882 secs] [Times: user=0.00 sys=0.00, real=0.00 secs] 
2020-09-29T12:36:44.499+0200: 19.773: [GC (Allocation Failure) [PSYoungGen: 667329K->11105K(680960K)] 667737K->11513K(2079232K), 0.0073622 secs] [Times: user=0.13 sys=0.00, real=0.01 secs] 
2020-09-29T12:36:44.606+0200: 19.881: [GC (Allocation Failure) [PSYoungGen: 674145K->4193K(680960K)] 674553K->4601K(2079232K), 0.0037809 secs] [Times: user=0.00 sys=0.00, real=0.00 secs] 
2020-09-29T12:36:44.711+0200: 19.986: [GC (Allocation Failure) [PSYoungGen: 667233K->10945K(680960K)] 667641K->11353K(2079232K), 0.0070650 secs] [Times: user=0.00 sys=0.00, real=0.01 secs] 
2020-09-29T12:36:44.818+0200: 20.093: [GC (Allocation Failure) [PSYoungGen: 673985K->4065K(680960K)] 674393K->4473K(2079232K), 0.0035238 secs] [Times: user=0.00 sys=0.00, real=0.00 secs] 
2020-09-29T12:36:44.919+0200: 20.194: [GC (Allocation Failure) [PSYoungGen: 667105K->10881K(680448K)] 667513K->11289K(2078720K), 0.0068715 secs] [Times: user=0.00 sys=0.00, real=0.01 secs] 
2020-09-29T12:36:45.023+0200: 20.298: [GC (Allocation Failure) [PSYoungGen: 673921K->4033K(680960K)] 674329K->4441K(2079232K), 0.0032990 secs] [Times: user=0.00 sys=0.00, real=0.00 secs] 
2020-09-29T12:36:45.124+0200: 20.399: [GC (Allocation Failure) [PSYoungGen: 667073K->10721K(680448K)] 667481K->11129K(2078720K), 0.0066535 secs] [Times: user=0.13 sys=0.00, real=0.01 secs] 
2020-09-29T12:36:45.227+0200: 20.502: [GC (Allocation Failure) [PSYoungGen: 673761K->3873K(680960K)] 674169K->4281K(2079232K), 0.0034737 secs] [Times: user=0.00 sys=0.00, real=0.00 secs] 
2020-09-29T12:36:45.332+0200: 20.607: [GC (Allocation Failure) [PSYoungGen: 666913K->10689K(680448K)] 667321K->11097K(2078720K), 0.0070481 secs] [Times: user=0.00 sys=0.00, real=0.01 secs] 
2020-09-29T12:36:45.440+0200: 20.715: [GC (Allocation Failure) [PSYoungGen: 673729K->3745K(680960K)] 674137K->4153K(2079232K), 0.0034373 secs] [Times: user=0.13 sys=0.00, real=0.00 secs] 
2020-09-29T12:36:45.542+0200: 20.818: [GC (Allocation Failure) [PSYoungGen: 666785K->10529K(681472K)] 667193K->10937K(2079744K), 0.0063322 secs] [Times: user=0.00 sys=0.00, real=0.01 secs] 
2020-09-29T12:36:45.647+0200: 20.922: [GC (Allocation Failure) [PSYoungGen: 674593K->4737K(681472K)] 675001K->5145K(2079744K), 0.0037178 secs] [Times: user=0.00 sys=0.00, real=0.00 secs] 
2020-09-29T12:36:45.755+0200: 21.030: [GC (Allocation Failure) [PSYoungGen: 668801K->12513K(679936K)] 669209K->12921K(2078208K), 0.0071660 secs] [Times: user=0.00 sys=0.00, real=0.01 secs] 
2020-09-29T12:36:45.858+0200: 21.133: [GC (Allocation Failure) [PSYoungGen: 675553K->5601K(680960K)] 675961K->6009K(2079232K), 0.0045086 secs] [Times: user=0.00 sys=0.00, real=0.00 secs] 
2020-09-29T12:36:45.965+0200: 21.240: [GC (Allocation Failure) [PSYoungGen: 668641K->12417K(679424K)] 669049K->12825K(2077696K), 0.0083027 secs] [Times: user=0.11 sys=0.00, real=0.01 secs] 
2020-09-29T12:36:46.080+0200: 21.355: [GC (Allocation Failure) [PSYoungGen: 674433K->4513K(680448K)] 674841K->4921K(2078720K), 0.0037427 secs] [Times: user=0.13 sys=0.00, real=0.00 secs] 
2020-09-29T12:36:46.178+0200: 21.453: [GC (Allocation Failure) [PSYoungGen: 666529K->10273K(680960K)] 666937K->10681K(2079232K), 0.0063342 secs] [Times: user=0.00 sys=0.00, real=0.01 secs] 
2020-09-29T12:36:46.279+0200: 21.553: [GC (Allocation Failure) [PSYoungGen: 671771K->32K(663552K)] 672179K->440K(2061824K), 0.0006625 secs] [Times: user=0.00 sys=0.00, real=0.00 secs] 
2020-09-29T12:36:46.380+0200: 21.654: [GC (Allocation Failure) [PSYoungGen: 663072K->6945K(681472K)] 663480K->7353K(2079744K), 0.0047290 secs] [Times: user=0.00 sys=0.00, real=0.00 secs] 
2020-09-29T12:36:46.486+0200: 21.760: [GC (Allocation Failure) [PSYoungGen: 669985K->13729K(680448K)] 670393K->14137K(2078720K), 0.0083065 secs] [Times: user=0.13 sys=0.00, real=0.01 secs] 
2020-09-29T12:36:46.594+0200: 21.869: [GC (Allocation Failure) [PSYoungGen: 676769K->6785K(680960K)] 677177K->7193K(2079232K), 0.0049152 secs] [Times: user=0.00 sys=0.00, real=0.00 secs] 
2020-09-29T12:36:46.704+0200: 21.979: [GC (Allocation Failure) [PSYoungGen: 669313K->13089K(675840K)] 669721K->13497K(2074112K), 0.0085091 secs] [Times: user=0.11 sys=0.00, real=0.01 secs] 
2020-09-29T12:36:46.810+0200: 22.085: [GC (Allocation Failure) [PSYoungGen: 675617K->5665K(680448K)] 676025K->6073K(2078720K), 0.0043633 secs] [Times: user=0.00 sys=0.00, real=0.01 secs] 
2020-09-29T12:36:46.913+0200: 22.188: [GC (Allocation Failure) [PSYoungGen: 667169K->11009K(679936K)] 667577K->11417K(2078208K), 0.0063779 secs] [Times: user=0.00 sys=0.00, real=0.01 secs] 
2020-09-29T12:36:47.012+0200: 22.287: [GC (Allocation Failure) [PSYoungGen: 672513K->2465K(680448K)] 672921K->2873K(2078720K), 0.0027619 secs] [Times: user=0.00 sys=0.00, real=0.00 secs] 
2020-09-29T12:36:47.111+0200: 22.386: [GC (Allocation Failure) [PSYoungGen: 664481K->8321K(680448K)] 664889K->8729K(2078720K), 0.0053707 secs] [Times: user=0.13 sys=0.00, real=0.01 secs] 
2020-09-29T12:36:47.213+0200: 22.488: [GC (Allocation Failure) [PSYoungGen: 670337K->32K(680448K)] 670745K->440K(2078720K), 0.0003618 secs] [Times: user=0.00 sys=0.00, real=0.00 secs] 
2020-09-29T12:36:47.313+0200: 22.588: [GC (Allocation Failure) [PSYoungGen: 663072K->6913K(680960K)] 663480K->7321K(2079232K), 0.0049582 secs] [Times: user=0.13 sys=0.00, real=0.01 secs] 
2020-09-29T12:36:47.424+0200: 22.698: [GC (Allocation Failure) [PSYoungGen: 669953K->13761K(678912K)] 670361K->14169K(2077184K), 0.0076444 secs] [Times: user=0.13 sys=0.00, real=0.01 secs] 
2020-09-29T12:36:47.534+0200: 22.809: [GC (Allocation Failure) [PSYoungGen: 675777K->5761K(680448K)] 676185K->6169K(2078720K), 0.0041937 secs] [Times: user=0.13 sys=0.00, real=0.01 secs] 
2020-09-29T12:36:47.635+0200: 22.910: [GC (Allocation Failure) [PSYoungGen: 667777K->11585K(679936K)] 668185K->11993K(2078208K), 0.0077712 secs] [Times: user=0.00 sys=0.00, real=0.01 secs] 
2020-09-29T12:36:47.748+0200: 23.022: [GC (Allocation Failure) [PSYoungGen: 673601K->3713K(680448K)] 674009K->4121K(2078720K), 0.0037168 secs] [Times: user=0.00 sys=0.00, real=0.00 secs] 
Heap
 PSYoungGen      total 680448K, used 276158K [0x00000000d5580000, 0x0000000100000000, 0x0000000100000000)
  eden space 662016K, 41% used [0x00000000d5580000,0x00000000e5f8f4f0,0x00000000fdc00000)
  from space 18432K, 20% used [0x00000000fdc00000,0x00000000fdfa0490,0x00000000fee00000)
  to   space 17920K, 0% used [0x00000000fee80000,0x00000000fee80000,0x0000000100000000)
 ParOldGen       total 1398272K, used 408K [0x0000000080000000, 0x00000000d5580000, 0x00000000d5580000)
  object space 1398272K, 0% used [0x0000000080000000,0x0000000080066050,0x00000000d5580000)
 Metaspace       used 2594K, capacity 4486K, committed 4864K, reserved 1056768K
  class space    used 285K, capacity 386K, committed 512K, reserved 1048576K
