Java HotSpot(TM) 64-Bit Server VM (25.261-b12) for windows-amd64 JRE (1.8.0_261-b12), built on Jun 18 2020 06:56:32 by "" with unknown MS VC++:1916
Memory: 4k page, physical 16659684k(9074848k free), swap 23213284k(8142540k free)
CommandLine flags: -XX:InitialHeapSize=2147483648 -XX:MaxHeapSize=2147483648 -XX:+PrintGC -XX:+PrintGCDateStamps -XX:+PrintGCDetails -XX:+PrintGCTimeStamps -XX:+UseCompressedClassPointers -XX:+UseCompressedOops -XX:-UseLargePagesIndividualAllocation -XX:+UseParallelGC 
2020-09-29T12:39:50.874+0200: 0.526: [GC (Allocation Failure) [PSYoungGen: 524800K->11985K(611840K)] 524800K->11993K(2010112K), 0.0096780 secs] [Times: user=0.11 sys=0.02, real=0.01 secs] 
2020-09-29T12:39:50.973+0200: 0.625: [GC (Allocation Failure) [PSYoungGen: 536785K->3425K(611840K)] 536793K->3433K(2010112K), 0.0124290 secs] [Times: user=0.00 sys=0.00, real=0.01 secs] 
2020-09-29T12:39:51.074+0200: 0.726: [GC (Allocation Failure) [PSYoungGen: 528225K->8593K(611840K)] 528233K->8601K(2010112K), 0.0064349 secs] [Times: user=0.00 sys=0.00, real=0.01 secs] 
2020-09-29T12:39:51.167+0200: 0.819: [GC (Allocation Failure) [PSYoungGen: 533393K->13745K(611840K)] 533401K->13753K(2010112K), 0.0098556 secs] [Times: user=0.02 sys=0.00, real=0.01 secs] 
2020-09-29T12:39:51.260+0200: 0.913: [GC (Allocation Failure) [PSYoungGen: 538545K->5265K(611840K)] 538553K->5273K(2010112K), 0.0041244 secs] [Times: user=0.00 sys=0.00, real=0.00 secs] 
2020-09-29T12:39:51.345+0200: 0.998: [GC (Allocation Failure) [PSYoungGen: 530065K->10481K(682496K)] 530073K->10489K(2080768K), 0.0085172 secs] [Times: user=0.13 sys=0.00, real=0.01 secs] 
2020-09-29T12:39:51.501+0200: 1.154: [GC (Allocation Failure) [PSYoungGen: 676593K->6241K(682496K)] 676601K->6649K(2080768K), 0.0054539 secs] [Times: user=0.13 sys=0.00, real=0.01 secs] 
2020-09-29T12:39:51.608+0200: 1.261: [GC (Allocation Failure) [PSYoungGen: 671643K->32K(680960K)] 672051K->440K(2079232K), 0.0004101 secs] [Times: user=0.00 sys=0.00, real=0.00 secs] 
2020-09-29T12:39:51.710+0200: 1.363: [GC (Allocation Failure) [PSYoungGen: 665120K->8961K(681984K)] 665528K->9369K(2080256K), 0.0058779 secs] [Times: user=0.00 sys=0.00, real=0.01 secs] 
2020-09-29T12:39:51.811+0200: 1.464: [GC (Allocation Failure) [PSYoungGen: 674049K->4097K(683008K)] 674457K->4505K(2081280K), 0.0034725 secs] [Times: user=0.00 sys=0.00, real=0.00 secs] 
2020-09-29T12:39:51.914+0200: 1.567: [GC (Allocation Failure) [PSYoungGen: 670721K->32K(682496K)] 671129K->440K(2080768K), 0.0003748 secs] [Times: user=0.00 sys=0.00, real=0.00 secs] 
2020-09-29T12:39:52.012+0200: 1.665: [GC (Allocation Failure) [PSYoungGen: 666656K->10497K(681472K)] 667064K->10905K(2079744K), 0.0062661 secs] [Times: user=0.00 sys=0.00, real=0.01 secs] 
2020-09-29T12:39:52.114+0200: 1.766: [GC (Allocation Failure) [PSYoungGen: 675585K->5697K(681984K)] 675993K->6105K(2080256K), 0.0041126 secs] [Times: user=0.00 sys=0.00, real=0.00 secs] 
2020-09-29T12:39:52.227+0200: 1.879: [GC (Allocation Failure) [PSYoungGen: 670785K->32K(682496K)] 671193K->440K(2080768K), 0.0006837 secs] [Times: user=0.00 sys=0.00, real=0.00 secs] 
2020-09-29T12:39:52.325+0200: 1.977: [GC (Allocation Failure) [PSYoungGen: 666144K->9985K(676352K)] 666552K->10393K(2074624K), 0.0059670 secs] [Times: user=0.00 sys=0.00, real=0.01 secs] 
2020-09-29T12:39:52.429+0200: 2.081: [GC (Allocation Failure) [PSYoungGen: 676097K->6177K(683008K)] 676505K->6585K(2081280K), 0.0051719 secs] [Times: user=0.00 sys=0.00, real=0.01 secs] 
2020-09-29T12:39:52.548+0200: 2.200: [GC (Allocation Failure) [PSYoungGen: 672289K->2401K(681984K)] 672697K->2809K(2080256K), 0.0028800 secs] [Times: user=0.00 sys=0.00, real=0.00 secs] 
2020-09-29T12:39:52.657+0200: 2.309: [GC (Allocation Failure) [PSYoungGen: 668513K->12225K(680960K)] 668921K->12633K(2079232K), 0.0078004 secs] [Times: user=0.13 sys=0.00, real=0.01 secs] 
2020-09-29T12:39:52.762+0200: 2.415: [GC (Allocation Failure) [PSYoungGen: 677313K->7393K(681984K)] 677721K->7801K(2080256K), 0.0050379 secs] [Times: user=0.00 sys=0.00, real=0.00 secs] 
2020-09-29T12:39:52.869+0200: 2.522: [GC (Allocation Failure) [PSYoungGen: 672481K->2497K(683008K)] 672889K->2905K(2081280K), 0.0029915 secs] [Times: user=0.00 sys=0.00, real=0.00 secs] 
2020-09-29T12:39:52.972+0200: 2.625: [GC (Allocation Failure) [PSYoungGen: 669121K->12929K(679936K)] 669529K->13337K(2078208K), 0.0076444 secs] [Times: user=0.13 sys=0.00, real=0.01 secs] 
2020-09-29T12:39:53.081+0200: 2.734: [GC (Allocation Failure) [PSYoungGen: 679553K->9601K(681472K)] 679961K->10009K(2079744K), 0.0062582 secs] [Times: user=0.13 sys=0.00, real=0.01 secs] 
2020-09-29T12:39:53.194+0200: 2.847: [GC (Allocation Failure) [PSYoungGen: 671933K->32K(664576K)] 672341K->440K(2062848K), 0.0006813 secs] [Times: user=0.00 sys=0.00, real=0.00 secs] 
2020-09-29T12:39:53.300+0200: 2.953: [GC (Allocation Failure) [PSYoungGen: 664096K->7937K(681984K)] 664504K->8345K(2080256K), 0.0056077 secs] [Times: user=0.13 sys=0.00, real=0.01 secs] 
2020-09-29T12:39:53.408+0200: 3.060: [GC (Allocation Failure) [PSYoungGen: 672001K->32K(680960K)] 672409K->440K(2079232K), 0.0009830 secs] [Times: user=0.00 sys=0.00, real=0.00 secs] 
2020-09-29T12:39:53.503+0200: 3.156: [GC (Allocation Failure) [PSYoungGen: 664096K->7937K(681984K)] 664504K->8345K(2080256K), 0.0048105 secs] [Times: user=0.13 sys=0.00, real=0.00 secs] 
2020-09-29T12:39:53.604+0200: 3.256: [GC (Allocation Failure) [PSYoungGen: 672513K->2593K(681472K)] 672921K->3001K(2079744K), 0.0029502 secs] [Times: user=0.00 sys=0.00, real=0.00 secs] 
2020-09-29T12:39:53.709+0200: 3.361: [GC (Allocation Failure) [PSYoungGen: 667169K->10913K(680448K)] 667577K->11321K(2078720K), 0.0068161 secs] [Times: user=0.00 sys=0.00, real=0.01 secs] 
2020-09-29T12:39:53.811+0200: 3.464: [GC (Allocation Failure) [PSYoungGen: 674977K->4993K(681472K)] 675385K->5401K(2079744K), 0.0039123 secs] [Times: user=0.00 sys=0.00, real=0.00 secs] 
2020-09-29T12:39:53.911+0200: 3.563: [GC (Allocation Failure) [PSYoungGen: 669057K->12865K(679424K)] 669465K->13273K(2077696K), 0.0075646 secs] [Times: user=0.00 sys=0.00, real=0.01 secs] 
2020-09-29T12:39:54.013+0200: 3.665: [GC (Allocation Failure) [PSYoungGen: 675905K->5953K(680960K)] 676313K->6361K(2079232K), 0.0043877 secs] [Times: user=0.00 sys=0.00, real=0.00 secs] 
2020-09-29T12:39:54.114+0200: 3.766: [GC (Allocation Failure) [PSYoungGen: 668993K->12769K(678912K)] 669401K->13177K(2077184K), 0.0070864 secs] [Times: user=0.00 sys=0.00, real=0.01 secs] 
2020-09-29T12:39:54.225+0200: 3.878: [GC (Allocation Failure) [PSYoungGen: 674785K->4897K(680448K)] 675193K->5305K(2078720K), 0.0038173 secs] [Times: user=0.00 sys=0.00, real=0.00 secs] 
2020-09-29T12:39:54.324+0200: 3.976: [GC (Allocation Failure) [PSYoungGen: 666913K->10593K(680448K)] 667321K->11001K(2078720K), 0.0061155 secs] [Times: user=0.00 sys=0.00, real=0.01 secs] 
2020-09-29T12:39:54.425+0200: 4.077: [GC (Allocation Failure) [PSYoungGen: 671965K->32K(680960K)] 672373K->440K(2079232K), 0.0006468 secs] [Times: user=0.00 sys=0.00, real=0.00 secs] 
2020-09-29T12:39:54.522+0200: 4.175: [GC (Allocation Failure) [PSYoungGen: 663072K->6945K(681984K)] 663480K->7353K(2080256K), 0.0045847 secs] [Times: user=0.00 sys=0.00, real=0.00 secs] 
2020-09-29T12:39:54.628+0200: 4.281: [GC (Allocation Failure) [PSYoungGen: 671009K->32K(680960K)] 671417K->440K(2079232K), 0.0005686 secs] [Times: user=0.00 sys=0.00, real=0.00 secs] 
2020-09-29T12:39:54.723+0200: 4.376: [GC (Allocation Failure) [PSYoungGen: 664096K->7969K(681984K)] 664504K->8377K(2080256K), 0.0052853 secs] [Times: user=0.00 sys=0.00, real=0.01 secs] 
2020-09-29T12:39:54.832+0200: 4.485: [GC (Allocation Failure) [PSYoungGen: 672545K->2561K(681472K)] 672953K->2969K(2079744K), 0.0029896 secs] [Times: user=0.13 sys=0.00, real=0.00 secs] 
2020-09-29T12:39:54.930+0200: 4.582: [GC (Allocation Failure) [PSYoungGen: 667137K->10945K(680448K)] 667545K->11353K(2078720K), 0.0064949 secs] [Times: user=0.00 sys=0.00, real=0.01 secs] 
2020-09-29T12:39:55.029+0200: 4.681: [GC (Allocation Failure) [PSYoungGen: 675009K->5057K(681472K)] 675417K->5465K(2079744K), 0.0038929 secs] [Times: user=0.00 sys=0.00, real=0.00 secs] 
2020-09-29T12:39:55.134+0200: 4.787: [GC (Allocation Failure) [PSYoungGen: 669121K->12865K(679424K)] 669529K->13273K(2077696K), 0.0082035 secs] [Times: user=0.00 sys=0.00, real=0.01 secs] 
2020-09-29T12:39:55.243+0200: 4.896: [GC (Allocation Failure) [PSYoungGen: 675905K->5985K(680960K)] 676313K->6393K(2079232K), 0.0043615 secs] [Times: user=0.00 sys=0.00, real=0.00 secs] 
2020-09-29T12:39:55.343+0200: 4.996: [GC (Allocation Failure) [PSYoungGen: 669025K->12737K(679936K)] 669433K->13145K(2078208K), 0.0078399 secs] [Times: user=0.13 sys=0.00, real=0.01 secs] 
2020-09-29T12:39:55.447+0200: 5.100: [GC (Allocation Failure) [PSYoungGen: 675777K->5889K(680960K)] 676185K->6297K(2079232K), 0.0043398 secs] [Times: user=0.00 sys=0.00, real=0.00 secs] 
2020-09-29T12:39:55.546+0200: 5.198: [GC (Allocation Failure) [PSYoungGen: 668929K->12673K(679424K)] 669337K->13081K(2077696K), 0.0069773 secs] [Times: user=0.13 sys=0.00, real=0.01 secs] 
2020-09-29T12:39:55.650+0200: 5.303: [GC (Allocation Failure) [PSYoungGen: 674689K->4769K(680448K)] 675097K->5177K(2078720K), 0.0041360 secs] [Times: user=0.00 sys=0.00, real=0.00 secs] 
2020-09-29T12:39:55.752+0200: 5.404: [GC (Allocation Failure) [PSYoungGen: 666785K->10529K(680960K)] 667193K->10937K(2079232K), 0.0061954 secs] [Times: user=0.13 sys=0.00, real=0.01 secs] 
2020-09-29T12:39:55.853+0200: 5.506: [GC (Allocation Failure) [PSYoungGen: 671973K->32K(663552K)] 672381K->440K(2061824K), 0.0006138 secs] [Times: user=0.00 sys=0.00, real=0.00 secs] 
2020-09-29T12:39:55.951+0200: 5.604: [GC (Allocation Failure) [PSYoungGen: 663072K->6913K(681472K)] 663480K->7321K(2079744K), 0.0051661 secs] [Times: user=0.00 sys=0.00, real=0.01 secs] 
2020-09-29T12:39:56.050+0200: 5.702: [GC (Allocation Failure) [PSYoungGen: 669953K->13729K(676864K)] 670361K->14137K(2075136K), 0.0077221 secs] [Times: user=0.13 sys=0.00, real=0.01 secs] 
2020-09-29T12:39:56.152+0200: 5.805: [GC (Allocation Failure) [PSYoungGen: 676769K->6785K(680960K)] 677177K->7193K(2079232K), 0.0053158 secs] [Times: user=0.00 sys=0.00, real=0.01 secs] 
2020-09-29T12:39:56.260+0200: 5.913: [GC (Allocation Failure) [PSYoungGen: 668801K->12609K(679936K)] 669209K->13017K(2078208K), 0.0077185 secs] [Times: user=0.00 sys=0.00, real=0.01 secs] 
2020-09-29T12:39:56.363+0200: 6.015: [GC (Allocation Failure) [PSYoungGen: 674625K->4673K(680448K)] 675033K->5081K(2078720K), 0.0038094 secs] [Times: user=0.13 sys=0.00, real=0.00 secs] 
2020-09-29T12:39:56.479+0200: 6.132: [GC (Allocation Failure) [PSYoungGen: 666689K->10433K(680448K)] 667097K->10841K(2078720K), 0.0074245 secs] [Times: user=0.00 sys=0.00, real=0.01 secs] 
2020-09-29T12:39:56.596+0200: 6.248: [GC (Allocation Failure) [PSYoungGen: 672449K->2497K(680960K)] 672857K->2905K(2079232K), 0.0026270 secs] [Times: user=0.03 sys=0.00, real=0.00 secs] 
2020-09-29T12:39:56.694+0200: 6.347: [GC (Allocation Failure) [PSYoungGen: 665025K->8737K(680448K)] 665433K->9145K(2078720K), 0.0053855 secs] [Times: user=0.00 sys=0.00, real=0.00 secs] 
2020-09-29T12:39:56.795+0200: 6.447: [GC (Allocation Failure) [PSYoungGen: 671265K->32K(680448K)] 671673K->440K(2078720K), 0.0007442 secs] [Times: user=0.00 sys=0.00, real=0.00 secs] 
2020-09-29T12:39:56.897+0200: 6.551: [GC (Allocation Failure) [PSYoungGen: 663072K->6913K(680960K)] 663480K->7321K(2079232K), 0.0047861 secs] [Times: user=0.00 sys=0.00, real=0.00 secs] 
2020-09-29T12:39:56.997+0200: 6.650: [GC (Allocation Failure) [PSYoungGen: 669953K->13761K(678912K)] 670361K->14169K(2077184K), 0.0074435 secs] [Times: user=0.11 sys=0.01, real=0.01 secs] 
2020-09-29T12:39:57.101+0200: 6.753: [GC (Allocation Failure) [PSYoungGen: 675777K->5825K(680448K)] 676185K->6233K(2078720K), 0.0044002 secs] [Times: user=0.00 sys=0.00, real=0.00 secs] 
2020-09-29T12:39:57.207+0200: 6.859: [GC (Allocation Failure) [PSYoungGen: 667841K->11521K(680448K)] 668249K->11929K(2078720K), 0.0075307 secs] [Times: user=0.13 sys=0.00, real=0.01 secs] 
2020-09-29T12:39:57.314+0200: 6.967: [GC (Allocation Failure) [PSYoungGen: 674561K->4673K(680960K)] 674969K->5081K(2079232K), 0.0036912 secs] [Times: user=0.13 sys=0.00, real=0.00 secs] 
2020-09-29T12:39:57.414+0200: 7.067: [GC (Allocation Failure) [PSYoungGen: 667713K->11457K(680960K)] 668121K->11865K(2079232K), 0.0067864 secs] [Times: user=0.00 sys=0.00, real=0.01 secs] 
2020-09-29T12:39:57.517+0200: 7.169: [GC (Allocation Failure) [PSYoungGen: 674497K->4577K(680960K)] 674905K->4985K(2079232K), 0.0033556 secs] [Times: user=0.13 sys=0.00, real=0.00 secs] 
2020-09-29T12:39:57.614+0200: 7.267: [GC (Allocation Failure) [PSYoungGen: 667617K->11329K(680960K)] 668025K->11737K(2079232K), 0.0063944 secs] [Times: user=0.00 sys=0.00, real=0.01 secs] 
2020-09-29T12:39:57.721+0200: 7.374: [GC (Allocation Failure) [PSYoungGen: 674369K->4481K(680960K)] 674777K->4889K(2079232K), 0.0037574 secs] [Times: user=0.13 sys=0.00, real=0.00 secs] 
2020-09-29T12:39:57.826+0200: 7.478: [GC (Allocation Failure) [PSYoungGen: 667521K->11297K(680960K)] 667929K->11705K(2079232K), 0.0081883 secs] [Times: user=0.13 sys=0.00, real=0.01 secs] 
2020-09-29T12:39:57.939+0200: 7.592: [GC (Allocation Failure) [PSYoungGen: 674337K->4353K(680960K)] 674745K->4761K(2079232K), 0.0039299 secs] [Times: user=0.13 sys=0.00, real=0.00 secs] 
2020-09-29T12:39:58.037+0200: 7.690: [GC (Allocation Failure) [PSYoungGen: 667393K->11201K(680960K)] 667801K->11609K(2079232K), 0.0067745 secs] [Times: user=0.00 sys=0.00, real=0.01 secs] 
2020-09-29T12:39:58.139+0200: 7.792: [GC (Allocation Failure) [PSYoungGen: 674241K->4257K(680960K)] 674649K->4665K(2079232K), 0.0035728 secs] [Times: user=0.00 sys=0.00, real=0.00 secs] 
2020-09-29T12:39:58.245+0200: 7.897: [GC (Allocation Failure) [PSYoungGen: 667297K->11105K(680960K)] 667705K->11513K(2079232K), 0.0069145 secs] [Times: user=0.00 sys=0.00, real=0.01 secs] 
2020-09-29T12:39:58.349+0200: 8.002: [GC (Allocation Failure) [PSYoungGen: 674145K->4193K(680960K)] 674553K->4601K(2079232K), 0.0034549 secs] [Times: user=0.00 sys=0.00, real=0.00 secs] 
2020-09-29T12:39:58.447+0200: 8.099: [GC (Allocation Failure) [PSYoungGen: 667233K->11009K(680960K)] 667641K->11417K(2079232K), 0.0064559 secs] [Times: user=0.00 sys=0.00, real=0.01 secs] 
2020-09-29T12:39:58.547+0200: 8.200: [GC (Allocation Failure) [PSYoungGen: 674049K->4033K(680960K)] 674457K->4441K(2079232K), 0.0033932 secs] [Times: user=0.02 sys=0.00, real=0.00 secs] 
2020-09-29T12:39:58.644+0200: 8.297: [GC (Allocation Failure) [PSYoungGen: 667073K->10881K(680448K)] 667481K->11289K(2078720K), 0.0064446 secs] [Times: user=0.13 sys=0.00, real=0.01 secs] 
2020-09-29T12:39:58.757+0200: 8.410: [GC (Allocation Failure) [PSYoungGen: 673921K->4001K(680960K)] 674329K->4409K(2079232K), 0.0040755 secs] [Times: user=0.00 sys=0.00, real=0.00 secs] 
2020-09-29T12:39:58.869+0200: 8.522: [GC (Allocation Failure) [PSYoungGen: 667041K->10753K(680448K)] 667449K->11161K(2078720K), 0.0063544 secs] [Times: user=0.00 sys=0.00, real=0.01 secs] 
2020-09-29T12:39:58.973+0200: 8.625: [GC (Allocation Failure) [PSYoungGen: 673793K->3937K(680960K)] 674201K->4345K(2079232K), 0.0033995 secs] [Times: user=0.00 sys=0.00, real=0.00 secs] 
2020-09-29T12:39:59.070+0200: 8.723: [GC (Allocation Failure) [PSYoungGen: 666977K->10721K(680448K)] 667385K->11129K(2078720K), 0.0064116 secs] [Times: user=0.00 sys=0.00, real=0.01 secs] 
2020-09-29T12:39:59.180+0200: 8.833: [GC (Allocation Failure) [PSYoungGen: 673761K->3777K(680960K)] 674169K->4185K(2079232K), 0.0036609 secs] [Times: user=0.00 sys=0.00, real=0.00 secs] 
2020-09-29T12:39:59.280+0200: 8.933: [GC (Allocation Failure) [PSYoungGen: 666817K->10561K(681472K)] 667225K->10969K(2079744K), 0.0064764 secs] [Times: user=0.13 sys=0.00, real=0.01 secs] 
2020-09-29T12:39:59.382+0200: 9.034: [GC (Allocation Failure) [PSYoungGen: 674625K->4705K(681472K)] 675033K->5113K(2079744K), 0.0037798 secs] [Times: user=0.00 sys=0.00, real=0.00 secs] 
2020-09-29T12:39:59.488+0200: 9.140: [GC (Allocation Failure) [PSYoungGen: 668769K->12481K(680448K)] 669177K->12889K(2078720K), 0.0071408 secs] [Times: user=0.13 sys=0.00, real=0.01 secs] 
2020-09-29T12:39:59.589+0200: 9.242: [GC (Allocation Failure) [PSYoungGen: 675521K->5633K(680960K)] 675929K->6041K(2079232K), 0.0043635 secs] [Times: user=0.00 sys=0.00, real=0.00 secs] 
2020-09-29T12:39:59.689+0200: 9.342: [GC (Allocation Failure) [PSYoungGen: 668673K->12417K(679424K)] 669081K->12825K(2077696K), 0.0077433 secs] [Times: user=0.11 sys=0.00, real=0.01 secs] 
2020-09-29T12:39:59.796+0200: 9.449: [GC (Allocation Failure) [PSYoungGen: 674433K->4513K(680448K)] 674841K->4921K(2078720K), 0.0038523 secs] [Times: user=0.00 sys=0.00, real=0.00 secs] 
2020-09-29T12:39:59.895+0200: 9.548: [GC (Allocation Failure) [PSYoungGen: 666529K->10273K(680960K)] 666937K->10681K(2079232K), 0.0063191 secs] [Times: user=0.00 sys=0.00, real=0.01 secs] 
2020-09-29T12:39:59.999+0200: 9.652: [GC (Allocation Failure) [PSYoungGen: 671771K->32K(663552K)] 672179K->440K(2061824K), 0.0005699 secs] [Times: user=0.00 sys=0.00, real=0.00 secs] 
2020-09-29T12:40:00.101+0200: 9.754: [GC (Allocation Failure) [PSYoungGen: 663072K->6913K(681472K)] 663480K->7321K(2079744K), 0.0049715 secs] [Times: user=0.00 sys=0.00, real=0.00 secs] 
2020-09-29T12:40:00.218+0200: 9.870: [GC (Allocation Failure) [PSYoungGen: 669953K->13729K(680448K)] 670361K->14137K(2078720K), 0.0081506 secs] [Times: user=0.11 sys=0.00, real=0.01 secs] 
2020-09-29T12:40:00.326+0200: 9.979: [GC (Allocation Failure) [PSYoungGen: 676769K->6849K(680960K)] 677177K->7257K(2079232K), 0.0048829 secs] [Times: user=0.00 sys=0.00, real=0.00 secs] 
2020-09-29T12:40:00.424+0200: 10.077: [GC (Allocation Failure) [PSYoungGen: 669377K->13057K(675840K)] 669785K->13465K(2074112K), 0.0075103 secs] [Times: user=0.13 sys=0.00, real=0.01 secs] 
2020-09-29T12:40:00.525+0200: 10.178: [GC (Allocation Failure) [PSYoungGen: 675585K->5697K(680448K)] 675993K->6105K(2078720K), 0.0043813 secs] [Times: user=0.00 sys=0.00, real=0.00 secs] 
2020-09-29T12:40:00.626+0200: 10.279: [GC (Allocation Failure) [PSYoungGen: 667201K->10977K(679936K)] 667609K->11385K(2078208K), 0.0062397 secs] [Times: user=0.13 sys=0.00, real=0.01 secs] 
2020-09-29T12:40:00.728+0200: 10.380: [GC (Allocation Failure) [PSYoungGen: 672481K->2465K(680448K)] 672889K->2873K(2078720K), 0.0027289 secs] [Times: user=0.00 sys=0.00, real=0.00 secs] 
2020-09-29T12:40:00.825+0200: 10.478: [GC (Allocation Failure) [PSYoungGen: 664481K->8289K(680448K)] 664889K->8697K(2078720K), 0.0052724 secs] [Times: user=0.00 sys=0.00, real=0.00 secs] 
2020-09-29T12:40:00.932+0200: 10.585: [GC (Allocation Failure) [PSYoungGen: 670305K->32K(680448K)] 670713K->440K(2078720K), 0.0007225 secs] [Times: user=0.00 sys=0.00, real=0.00 secs] 
2020-09-29T12:40:01.027+0200: 10.680: [GC (Allocation Failure) [PSYoungGen: 663072K->6913K(680960K)] 663480K->7321K(2079232K), 0.0047037 secs] [Times: user=0.00 sys=0.00, real=0.01 secs] 
2020-09-29T12:40:01.126+0200: 10.779: [GC (Allocation Failure) [PSYoungGen: 669953K->13729K(678912K)] 670361K->14137K(2077184K), 0.0078394 secs] [Times: user=0.13 sys=0.00, real=0.01 secs] 
2020-09-29T12:40:01.241+0200: 10.894: [GC (Allocation Failure) [PSYoungGen: 675745K->5729K(680448K)] 676153K->6137K(2078720K), 0.0048746 secs] [Times: user=0.00 sys=0.00, real=0.01 secs] 
2020-09-29T12:40:01.361+0200: 11.014: [GC (Allocation Failure) [PSYoungGen: 667745K->11553K(680448K)] 668153K->11961K(2078720K), 0.0066662 secs] [Times: user=0.13 sys=0.00, real=0.01 secs] 
2020-09-29T12:40:01.471+0200: 11.123: [GC (Allocation Failure) [PSYoungGen: 674593K->4673K(680960K)] 675001K->5081K(2079232K), 0.0038509 secs] [Times: user=0.13 sys=0.00, real=0.00 secs] 
2020-09-29T12:40:01.572+0200: 11.224: [GC (Allocation Failure) [PSYoungGen: 667713K->11521K(679936K)] 668121K->11929K(2078208K), 0.0064991 secs] [Times: user=0.00 sys=0.00, real=0.01 secs] 
2020-09-29T12:40:01.670+0200: 11.323: [GC (Allocation Failure) [PSYoungGen: 671724K->32K(680448K)] 672132K->440K(2078720K), 0.0007672 secs] [Times: user=0.00 sys=0.00, real=0.00 secs] 
2020-09-29T12:40:01.768+0200: 11.421: [GC (Allocation Failure) [PSYoungGen: 662048K->5921K(681472K)] 662456K->6329K(2079744K), 0.0041732 secs] [Times: user=0.13 sys=0.00, real=0.01 secs] 
2020-09-29T12:40:01.868+0200: 11.520: [GC (Allocation Failure) [PSYoungGen: 668961K->12705K(675840K)] 669369K->13113K(2074112K), 0.0071875 secs] [Times: user=0.00 sys=0.00, real=0.01 secs] 
2020-09-29T12:40:01.969+0200: 11.622: [GC (Allocation Failure) [PSYoungGen: 675745K->5793K(680960K)] 676153K->6201K(2079232K), 0.0041637 secs] [Times: user=0.13 sys=0.00, real=0.00 secs] 
2020-09-29T12:40:02.075+0200: 11.727: [GC (Allocation Failure) [PSYoungGen: 667809K->11553K(679936K)] 668217K->11961K(2078208K), 0.0067063 secs] [Times: user=0.00 sys=0.00, real=0.01 secs] 
2020-09-29T12:40:02.181+0200: 11.833: [GC (Allocation Failure) [PSYoungGen: 673569K->3649K(680960K)] 673977K->4057K(2079232K), 0.0036714 secs] [Times: user=0.00 sys=0.00, real=0.00 secs] 
2020-09-29T12:40:02.284+0200: 11.936: [GC (Allocation Failure) [PSYoungGen: 666177K->9921K(680448K)] 666585K->10329K(2078720K), 0.0064700 secs] [Times: user=0.09 sys=0.00, real=0.01 secs] 
2020-09-29T12:40:02.384+0200: 12.036: [GC (Allocation Failure) [PSYoungGen: 672449K->2465K(680960K)] 672857K->2873K(2079232K), 0.0030022 secs] [Times: user=0.00 sys=0.00, real=0.00 secs] 
2020-09-29T12:40:02.481+0200: 12.133: [GC (Allocation Failure) [PSYoungGen: 665505K->9313K(680960K)] 665913K->9721K(2079232K), 0.0057285 secs] [Times: user=0.00 sys=0.00, real=0.01 secs] 
2020-09-29T12:40:02.583+0200: 12.236: [GC (Allocation Failure) [PSYoungGen: 672353K->2401K(681472K)] 672761K->2809K(2079744K), 0.0024589 secs] [Times: user=0.00 sys=0.00, real=0.00 secs] 
2020-09-29T12:40:02.679+0200: 12.331: [GC (Allocation Failure) [PSYoungGen: 666465K->10305K(674816K)] 666873K->10713K(2073088K), 0.0061036 secs] [Times: user=0.00 sys=0.00, real=0.01 secs] 
2020-09-29T12:40:02.781+0200: 12.434: [GC (Allocation Failure) [PSYoungGen: 674369K->4385K(681472K)] 674777K->4793K(2079744K), 0.0035865 secs] [Times: user=0.00 sys=0.00, real=0.00 secs] 
2020-09-29T12:40:02.885+0200: 12.537: [GC (Allocation Failure) [PSYoungGen: 667937K->11681K(680960K)] 668345K->12089K(2079232K), 0.0070071 secs] [Times: user=0.00 sys=0.00, real=0.01 secs] 
2020-09-29T12:40:02.990+0200: 12.642: [GC (Allocation Failure) [PSYoungGen: 675233K->5345K(681472K)] 675641K->5753K(2079744K), 0.0041495 secs] [Times: user=0.00 sys=0.00, real=0.00 secs] 
2020-09-29T12:40:03.086+0200: 12.738: [GC (Allocation Failure) [PSYoungGen: 668897K->12609K(676352K)] 669305K->13017K(2074624K), 0.0068464 secs] [Times: user=0.00 sys=0.00, real=0.01 secs] 
2020-09-29T12:40:03.199+0200: 12.852: [GC (Allocation Failure) [PSYoungGen: 676161K->6177K(681472K)] 676569K->6585K(2079744K), 0.0046496 secs] [Times: user=0.00 sys=0.00, real=0.01 secs] 
2020-09-29T12:40:03.305+0200: 12.957: [GC (Allocation Failure) [PSYoungGen: 669217K->13025K(680448K)] 669625K->13433K(2078720K), 0.0073105 secs] [Times: user=0.00 sys=0.00, real=0.01 secs] 
2020-09-29T12:40:03.405+0200: 13.057: [GC (Allocation Failure) [PSYoungGen: 676065K->6113K(680960K)] 676473K->6521K(2079232K), 0.0044223 secs] [Times: user=0.00 sys=0.00, real=0.00 secs] 
2020-09-29T12:40:03.508+0200: 13.160: [GC (Allocation Failure) [PSYoungGen: 668641K->12385K(680448K)] 669049K->12793K(2078720K), 0.0067581 secs] [Times: user=0.00 sys=0.00, real=0.01 secs] 
2020-09-29T12:40:03.608+0200: 13.261: [GC (Allocation Failure) [PSYoungGen: 674913K->5057K(680960K)] 675321K->5465K(2079232K), 0.0040152 secs] [Times: user=0.00 sys=0.00, real=0.00 secs] 
2020-09-29T12:40:03.706+0200: 13.359: [GC (Allocation Failure) [PSYoungGen: 667585K->11329K(680448K)] 667993K->11737K(2078720K), 0.0066220 secs] [Times: user=0.13 sys=0.00, real=0.01 secs] 
2020-09-29T12:40:03.815+0200: 13.469: [GC (Allocation Failure) [PSYoungGen: 673857K->3841K(680960K)] 674265K->4249K(2079232K), 0.0033913 secs] [Times: user=0.13 sys=0.00, real=0.00 secs] 
2020-09-29T12:40:03.915+0200: 13.568: [GC (Allocation Failure) [PSYoungGen: 666369K->10145K(680448K)] 666777K->10553K(2078720K), 0.0061490 secs] [Times: user=0.00 sys=0.00, real=0.01 secs] 
2020-09-29T12:40:04.016+0200: 13.668: [GC (Allocation Failure) [PSYoungGen: 672673K->2753K(680960K)] 673081K->3161K(2079232K), 0.0029722 secs] [Times: user=0.00 sys=0.00, real=0.00 secs] 
2020-09-29T12:40:04.113+0200: 13.765: [GC (Allocation Failure) [PSYoungGen: 665793K->9569K(680960K)] 666201K->9977K(2079232K), 0.0061558 secs] [Times: user=0.09 sys=0.00, real=0.01 secs] 
2020-09-29T12:40:04.223+0200: 13.876: [GC (Allocation Failure) [PSYoungGen: 672609K->2721K(681472K)] 673017K->3129K(2079744K), 0.0032196 secs] [Times: user=0.00 sys=0.00, real=0.00 secs] 
2020-09-29T12:40:04.336+0200: 13.989: [GC (Allocation Failure) [PSYoungGen: 666785K->10497K(674816K)] 667193K->10905K(2073088K), 0.0074643 secs] [Times: user=0.00 sys=0.00, real=0.01 secs] 
2020-09-29T12:40:04.443+0200: 14.095: [GC (Allocation Failure) [PSYoungGen: 674561K->4641K(681472K)] 674969K->5049K(2079744K), 0.0039521 secs] [Times: user=0.00 sys=0.00, real=0.00 secs] 
2020-09-29T12:40:04.539+0200: 14.191: [GC (Allocation Failure) [PSYoungGen: 668193K->11937K(680960K)] 668601K->12345K(2079232K), 0.0072539 secs] [Times: user=0.00 sys=0.00, real=0.01 secs] 
2020-09-29T12:40:04.642+0200: 14.294: [GC (Allocation Failure) [PSYoungGen: 675489K->5537K(681472K)] 675897K->5945K(2079744K), 0.0041084 secs] [Times: user=0.13 sys=0.00, real=0.00 secs] 
2020-09-29T12:40:04.738+0200: 14.391: [GC (Allocation Failure) [PSYoungGen: 669089K->12833K(676864K)] 669497K->13241K(2075136K), 0.0072171 secs] [Times: user=0.13 sys=0.00, real=0.01 secs] 
2020-09-29T12:40:04.843+0200: 14.496: [GC (Allocation Failure) [PSYoungGen: 676385K->6497K(681472K)] 676793K->6905K(2079744K), 0.0044047 secs] [Times: user=0.00 sys=0.00, real=0.01 secs] 
2020-09-29T12:40:04.945+0200: 14.597: [GC (Allocation Failure) [PSYoungGen: 669537K->13249K(680448K)] 669945K->13657K(2078720K), 0.0073369 secs] [Times: user=0.00 sys=0.00, real=0.01 secs] 
2020-09-29T12:40:05.045+0200: 14.698: [GC (Allocation Failure) [PSYoungGen: 676289K->6305K(680960K)] 676697K->6713K(2079232K), 0.0043344 secs] [Times: user=0.00 sys=0.00, real=0.00 secs] 
2020-09-29T12:40:05.142+0200: 14.794: [GC (Allocation Failure) [PSYoungGen: 668833K->12673K(675328K)] 669241K->13081K(2073600K), 0.0072531 secs] [Times: user=0.13 sys=0.00, real=0.01 secs] 
2020-09-29T12:40:05.252+0200: 14.905: [GC (Allocation Failure) [PSYoungGen: 675201K->5249K(680448K)] 675609K->5657K(2078720K), 0.0040102 secs] [Times: user=0.13 sys=0.00, real=0.00 secs] 
2020-09-29T12:40:05.349+0200: 15.002: [GC (Allocation Failure) [PSYoungGen: 666753K->10497K(679936K)] 667161K->10905K(2078208K), 0.0062711 secs] [Times: user=0.00 sys=0.00, real=0.01 secs] 
2020-09-29T12:40:05.451+0200: 15.104: [GC (Allocation Failure) [PSYoungGen: 672001K->32K(679936K)] 672409K->440K(2078208K), 0.0003687 secs] [Times: user=0.00 sys=0.00, real=0.00 secs] 
2020-09-29T12:40:05.553+0200: 15.205: [GC (Allocation Failure) [PSYoungGen: 662048K->5921K(680448K)] 662456K->6329K(2078720K), 0.0041036 secs] [Times: user=0.00 sys=0.00, real=0.00 secs] 
2020-09-29T12:40:05.653+0200: 15.306: [GC (Allocation Failure) [PSYoungGen: 667937K->11681K(679936K)] 668345K->12089K(2078208K), 0.0064797 secs] [Times: user=0.00 sys=0.00, real=0.01 secs] 
2020-09-29T12:40:05.752+0200: 15.405: [GC (Allocation Failure) [PSYoungGen: 673697K->3777K(680448K)] 674105K->4185K(2078720K), 0.0033777 secs] [Times: user=0.13 sys=0.00, real=0.00 secs] 
2020-09-29T12:40:05.854+0200: 15.506: [GC (Allocation Failure) [PSYoungGen: 665793K->9473K(680960K)] 666201K->9881K(2079232K), 0.0060981 secs] [Times: user=0.00 sys=0.00, real=0.01 secs] 
2020-09-29T12:40:05.957+0200: 15.610: [GC (Allocation Failure) [PSYoungGen: 672513K->2657K(680960K)] 672921K->3065K(2079232K), 0.0031302 secs] [Times: user=0.00 sys=0.00, real=0.00 secs] 
2020-09-29T12:40:06.055+0200: 15.708: [GC (Allocation Failure) [PSYoungGen: 665697K->9409K(681472K)] 666105K->9817K(2079744K), 0.0061140 secs] [Times: user=0.00 sys=0.00, real=0.01 secs] 
2020-09-29T12:40:06.163+0200: 15.816: [GC (Allocation Failure) [PSYoungGen: 672961K->3009K(680960K)] 673369K->3417K(2079232K), 0.0031988 secs] [Times: user=0.00 sys=0.00, real=0.00 secs] 
2020-09-29T12:40:06.261+0200: 15.914: [GC (Allocation Failure) [PSYoungGen: 666561K->10305K(681472K)] 666969K->10713K(2079744K), 0.0062659 secs] [Times: user=0.00 sys=0.00, real=0.01 secs] 
2020-09-29T12:40:06.364+0200: 16.017: [GC (Allocation Failure) [PSYoungGen: 674369K->4545K(681472K)] 674777K->4953K(2079744K), 0.0037254 secs] [Times: user=0.00 sys=0.00, real=0.00 secs] 
2020-09-29T12:40:06.462+0200: 16.115: [GC (Allocation Failure) [PSYoungGen: 668609K->12289K(679936K)] 669017K->12697K(2078208K), 0.0074766 secs] [Times: user=0.00 sys=0.00, real=0.01 secs] 
2020-09-29T12:40:06.562+0200: 16.215: [GC (Allocation Failure) [PSYoungGen: 675329K->5377K(680960K)] 675737K->5785K(2079232K), 0.0038739 secs] [Times: user=0.00 sys=0.00, real=0.00 secs] 
2020-09-29T12:40:06.661+0200: 16.314: [GC (Allocation Failure) [PSYoungGen: 668417K->12193K(680448K)] 668825K->12601K(2078720K), 0.0071492 secs] [Times: user=0.00 sys=0.00, real=0.01 secs] 
2020-09-29T12:40:06.761+0200: 16.414: [GC (Allocation Failure) [PSYoungGen: 675233K->5377K(680960K)] 675641K->5785K(2079232K), 0.0040622 secs] [Times: user=0.00 sys=0.00, real=0.01 secs] 
2020-09-29T12:40:06.866+0200: 16.518: [GC (Allocation Failure) [PSYoungGen: 668417K->12097K(679424K)] 668825K->12505K(2077696K), 0.0070944 secs] [Times: user=0.00 sys=0.00, real=0.01 secs] 
2020-09-29T12:40:06.982+0200: 16.635: [GC (Allocation Failure) [PSYoungGen: 674113K->4225K(680448K)] 674521K->4633K(2078720K), 0.0039986 secs] [Times: user=0.00 sys=0.00, real=0.00 secs] 
2020-09-29T12:40:07.093+0200: 16.746: [GC (Allocation Failure) [PSYoungGen: 666241K->9921K(680960K)] 666649K->10329K(2079232K), 0.0060084 secs] [Times: user=0.13 sys=0.00, real=0.01 secs] 
2020-09-29T12:40:07.201+0200: 16.854: [GC (Allocation Failure) [PSYoungGen: 672961K->3009K(680960K)] 673369K->3417K(2079232K), 0.0033604 secs] [Times: user=0.00 sys=0.00, real=0.00 secs] 
2020-09-29T12:40:07.303+0200: 16.955: [GC (Allocation Failure) [PSYoungGen: 666049K->9889K(681472K)] 666457K->10297K(2079744K), 0.0061167 secs] [Times: user=0.00 sys=0.00, real=0.01 secs] 
2020-09-29T12:40:07.402+0200: 17.055: [GC (Allocation Failure) [PSYoungGen: 673953K->4001K(681472K)] 674361K->4409K(2079744K), 0.0035090 secs] [Times: user=0.00 sys=0.00, real=0.00 secs] 
2020-09-29T12:40:07.505+0200: 17.158: [GC (Allocation Failure) [PSYoungGen: 668065K->11809K(680448K)] 668473K->12217K(2078720K), 0.0076555 secs] [Times: user=0.00 sys=0.00, real=0.01 secs] 
2020-09-29T12:40:07.611+0200: 17.263: [GC (Allocation Failure) [PSYoungGen: 674849K->4897K(680960K)] 675257K->5305K(2079232K), 0.0035839 secs] [Times: user=0.13 sys=0.00, real=0.00 secs] 
2020-09-29T12:40:07.707+0200: 17.360: [GC (Allocation Failure) [PSYoungGen: 667937K->11745K(680448K)] 668345K->12153K(2078720K), 0.0066174 secs] [Times: user=0.00 sys=0.00, real=0.01 secs] 
2020-09-29T12:40:07.810+0200: 17.463: [GC (Allocation Failure) [PSYoungGen: 674785K->4801K(680960K)] 675193K->5209K(2079232K), 0.0040735 secs] [Times: user=0.00 sys=0.00, real=0.00 secs] 
2020-09-29T12:40:07.912+0200: 17.565: [GC (Allocation Failure) [PSYoungGen: 667841K->11617K(680448K)] 668249K->12025K(2078720K), 0.0068138 secs] [Times: user=0.00 sys=0.00, real=0.01 secs] 
2020-09-29T12:40:08.015+0200: 17.668: [GC (Allocation Failure) [PSYoungGen: 674657K->4705K(680960K)] 675065K->5113K(2079232K), 0.0039371 secs] [Times: user=0.00 sys=0.00, real=0.00 secs] 
2020-09-29T12:40:08.116+0200: 17.768: [GC (Allocation Failure) [PSYoungGen: 667745K->11457K(680448K)] 668153K->11865K(2078720K), 0.0064740 secs] [Times: user=0.00 sys=0.00, real=0.01 secs] 
2020-09-29T12:40:08.224+0200: 17.876: [GC (Allocation Failure) [PSYoungGen: 674497K->4577K(680960K)] 674905K->4985K(2079232K), 0.0037050 secs] [Times: user=0.00 sys=0.00, real=0.00 secs] 
2020-09-29T12:40:08.322+0200: 17.974: [GC (Allocation Failure) [PSYoungGen: 667617K->11393K(680960K)] 668025K->11801K(2079232K), 0.0067045 secs] [Times: user=0.00 sys=0.00, real=0.01 secs] 
2020-09-29T12:40:08.426+0200: 18.078: [GC (Allocation Failure) [PSYoungGen: 674433K->4513K(680960K)] 674841K->4921K(2079232K), 0.0037047 secs] [Times: user=0.11 sys=0.00, real=0.00 secs] 
2020-09-29T12:40:08.523+0200: 18.176: [GC (Allocation Failure) [PSYoungGen: 667553K->11265K(680960K)] 667961K->11673K(2079232K), 0.0065989 secs] [Times: user=0.00 sys=0.00, real=0.01 secs] 
2020-09-29T12:40:08.627+0200: 18.279: [GC (Allocation Failure) [PSYoungGen: 674305K->4417K(680960K)] 674713K->4825K(2079232K), 0.0033323 secs] [Times: user=0.13 sys=0.00, real=0.00 secs] 
2020-09-29T12:40:08.732+0200: 18.384: [GC (Allocation Failure) [PSYoungGen: 667457K->11233K(680960K)] 667865K->11641K(2079232K), 0.0064576 secs] [Times: user=0.00 sys=0.00, real=0.01 secs] 
2020-09-29T12:40:08.831+0200: 18.484: [GC (Allocation Failure) [PSYoungGen: 674273K->4321K(680960K)] 674681K->4729K(2079232K), 0.0034732 secs] [Times: user=0.13 sys=0.00, real=0.00 secs] 
2020-09-29T12:40:08.930+0200: 18.583: [GC (Allocation Failure) [PSYoungGen: 667361K->11137K(680960K)] 667769K->11545K(2079232K), 0.0067588 secs] [Times: user=0.00 sys=0.00, real=0.01 secs] 
2020-09-29T12:40:09.036+0200: 18.689: [GC (Allocation Failure) [PSYoungGen: 674177K->4289K(680960K)] 674585K->4697K(2079232K), 0.0035025 secs] [Times: user=0.00 sys=0.00, real=0.00 secs] 
2020-09-29T12:40:09.135+0200: 18.787: [GC (Allocation Failure) [PSYoungGen: 667329K->11009K(680448K)] 667737K->11417K(2078720K), 0.0069717 secs] [Times: user=0.00 sys=0.00, real=0.01 secs] 
2020-09-29T12:40:09.242+0200: 18.894: [GC (Allocation Failure) [PSYoungGen: 674049K->4097K(680960K)] 674457K->4505K(2079232K), 0.0034936 secs] [Times: user=0.00 sys=0.00, real=0.00 secs] 
2020-09-29T12:40:09.340+0200: 18.993: [GC (Allocation Failure) [PSYoungGen: 667137K->10945K(680448K)] 667545K->11353K(2078720K), 0.0064299 secs] [Times: user=0.00 sys=0.00, real=0.01 secs] 
2020-09-29T12:40:09.439+0200: 19.092: [GC (Allocation Failure) [PSYoungGen: 673985K->4033K(680960K)] 674393K->4441K(2079232K), 0.0034834 secs] [Times: user=0.13 sys=0.00, real=0.00 secs] 
2020-09-29T12:40:09.538+0200: 19.190: [GC (Allocation Failure) [PSYoungGen: 667073K->10849K(680448K)] 667481K->11257K(2078720K), 0.0065193 secs] [Times: user=0.00 sys=0.00, real=0.01 secs] 
2020-09-29T12:40:09.646+0200: 19.299: [GC (Allocation Failure) [PSYoungGen: 673889K->3937K(680960K)] 674297K->4345K(2079232K), 0.0035124 secs] [Times: user=0.00 sys=0.00, real=0.00 secs] 
2020-09-29T12:40:09.743+0200: 19.396: [GC (Allocation Failure) [PSYoungGen: 666977K->10721K(680448K)] 667385K->11129K(2078720K), 0.0065250 secs] [Times: user=0.00 sys=0.00, real=0.01 secs] 
2020-09-29T12:40:09.847+0200: 19.500: [GC (Allocation Failure) [PSYoungGen: 673761K->3777K(680960K)] 674169K->4185K(2079232K), 0.0035120 secs] [Times: user=0.00 sys=0.02, real=0.00 secs] 
2020-09-29T12:40:09.946+0200: 19.598: [GC (Allocation Failure) [PSYoungGen: 666817K->10625K(680448K)] 667225K->11033K(2078720K), 0.0061819 secs] [Times: user=0.00 sys=0.00, real=0.01 secs] 
2020-09-29T12:40:10.045+0200: 19.697: [GC (Allocation Failure) [PSYoungGen: 673665K->3745K(680960K)] 674073K->4153K(2079232K), 0.0034867 secs] [Times: user=0.00 sys=0.00, real=0.00 secs] 
2020-09-29T12:40:10.147+0200: 19.799: [GC (Allocation Failure) [PSYoungGen: 666785K->10529K(681472K)] 667193K->10937K(2079744K), 0.0066228 secs] [Times: user=0.00 sys=0.00, real=0.01 secs] 
2020-09-29T12:40:10.251+0200: 19.904: [GC (Allocation Failure) [PSYoungGen: 674593K->4673K(681472K)] 675001K->5081K(2079744K), 0.0041400 secs] [Times: user=0.11 sys=0.00, real=0.01 secs] 
2020-09-29T12:40:10.349+0200: 20.001: [GC (Allocation Failure) [PSYoungGen: 668737K->12449K(679936K)] 669145K->12857K(2078208K), 0.0072699 secs] [Times: user=0.00 sys=0.00, real=0.01 secs] 
2020-09-29T12:40:10.454+0200: 20.106: [GC (Allocation Failure) [PSYoungGen: 675489K->5537K(680960K)] 675897K->5945K(2079232K), 0.0038659 secs] [Times: user=0.00 sys=0.00, real=0.00 secs] 
2020-09-29T12:40:10.550+0200: 20.202: [GC (Allocation Failure) [PSYoungGen: 668577K->12385K(679424K)] 668985K->12793K(2077696K), 0.0068875 secs] [Times: user=0.13 sys=0.00, real=0.01 secs] 
2020-09-29T12:40:10.652+0200: 20.305: [GC (Allocation Failure) [PSYoungGen: 674401K->4481K(680448K)] 674809K->4889K(2078720K), 0.0033865 secs] [Times: user=0.00 sys=0.00, real=0.00 secs] 
2020-09-29T12:40:10.754+0200: 20.407: [GC (Allocation Failure) [PSYoungGen: 666497K->10241K(680960K)] 666905K->10649K(2079232K), 0.0059671 secs] [Times: user=0.11 sys=0.00, real=0.01 secs] 
2020-09-29T12:40:10.855+0200: 20.507: [GC (Allocation Failure) [PSYoungGen: 671739K->32K(663552K)] 672147K->440K(2061824K), 0.0006092 secs] [Times: user=0.00 sys=0.00, real=0.00 secs] 
2020-09-29T12:40:10.948+0200: 20.601: [GC (Allocation Failure) [PSYoungGen: 663072K->6945K(681472K)] 663480K->7353K(2079744K), 0.0050340 secs] [Times: user=0.00 sys=0.00, real=0.01 secs] 
2020-09-29T12:40:11.049+0200: 20.701: [GC (Allocation Failure) [PSYoungGen: 669985K->13697K(680448K)] 670393K->14105K(2078720K), 0.0077556 secs] [Times: user=0.13 sys=0.00, real=0.01 secs] 
2020-09-29T12:40:11.150+0200: 20.802: [GC (Allocation Failure) [PSYoungGen: 676737K->6817K(680960K)] 677145K->7225K(2079232K), 0.0056719 secs] [Times: user=0.00 sys=0.00, real=0.01 secs] 
2020-09-29T12:40:11.270+0200: 20.923: [GC (Allocation Failure) [PSYoungGen: 669345K->13121K(675840K)] 669753K->13529K(2074112K), 0.0077110 secs] [Times: user=0.00 sys=0.00, real=0.01 secs] 
2020-09-29T12:40:11.376+0200: 21.028: [GC (Allocation Failure) [PSYoungGen: 675649K->5697K(680960K)] 676057K->6105K(2079232K), 0.0042137 secs] [Times: user=0.13 sys=0.00, real=0.00 secs] 
2020-09-29T12:40:11.474+0200: 21.126: [GC (Allocation Failure) [PSYoungGen: 667713K->11425K(679936K)] 668121K->11833K(2078208K), 0.0066812 secs] [Times: user=0.00 sys=0.00, real=0.01 secs] 
2020-09-29T12:40:11.577+0200: 21.230: [GC (Allocation Failure) [PSYoungGen: 671575K->32K(679424K)] 671984K->440K(2077696K), 0.0004679 secs] [Times: user=0.00 sys=0.00, real=0.00 secs] 
2020-09-29T12:40:11.683+0200: 21.336: [GC (Allocation Failure) [PSYoungGen: 661024K->4865K(679936K)] 661432K->5273K(2078208K), 0.0038071 secs] [Times: user=0.00 sys=0.00, real=0.00 secs] 
2020-09-29T12:40:11.780+0200: 21.432: [GC (Allocation Failure) [PSYoungGen: 665857K->9601K(680960K)] 666265K->10009K(2079232K), 0.0059226 secs] [Times: user=0.02 sys=0.00, real=0.01 secs] 
2020-09-29T12:40:11.884+0200: 21.537: [GC (Allocation Failure) [PSYoungGen: 672129K->2209K(680448K)] 672537K->2617K(2078720K), 0.0026359 secs] [Times: user=0.00 sys=0.00, real=0.00 secs] 
2020-09-29T12:40:11.982+0200: 21.635: [GC (Allocation Failure) [PSYoungGen: 664737K->8481K(681472K)] 665145K->8889K(2079744K), 0.0058063 secs] [Times: user=0.00 sys=0.00, real=0.01 secs] 
2020-09-29T12:40:12.082+0200: 21.734: [GC (Allocation Failure) [PSYoungGen: 672033K->2209K(680960K)] 672441K->2617K(2079232K), 0.0026531 secs] [Times: user=0.13 sys=0.00, real=0.00 secs] 
Heap
 PSYoungGen      total 680960K, used 343479K [0x00000000d5580000, 0x0000000100000000, 0x0000000100000000)
  eden space 663552K, 51% used [0x00000000d5580000,0x00000000ea2c5808,0x00000000fdd80000)
  from space 17408K, 12% used [0x00000000fdd80000,0x00000000fdfa8490,0x00000000fee80000)
  to   space 17408K, 0% used [0x00000000fef00000,0x00000000fef00000,0x0000000100000000)
 ParOldGen       total 1398272K, used 408K [0x0000000080000000, 0x00000000d5580000, 0x00000000d5580000)
  object space 1398272K, 0% used [0x0000000080000000,0x0000000080066050,0x00000000d5580000)
 Metaspace       used 2594K, capacity 4486K, committed 4864K, reserved 1056768K
  class space    used 285K, capacity 386K, committed 512K, reserved 1048576K
