Java HotSpot(TM) 64-Bit Server VM (25.261-b12) for windows-amd64 JRE (1.8.0_261-b12), built on Jun 18 2020 06:56:32 by "" with unknown MS VC++:1916
Memory: 4k page, physical 16659684k(9113432k free), swap 23213284k(8128364k free)
CommandLine flags: -XX:InitialHeapSize=2147483648 -XX:MaxHeapSize=2147483648 -XX:+PrintGC -XX:+PrintGCDateStamps -XX:+PrintGCDetails -XX:+PrintGCTimeStamps -XX:+UseCompressedClassPointers -XX:+UseCompressedOops -XX:-UseLargePagesIndividualAllocation -XX:+UseParallelGC 
2020-09-29T12:38:19.527+0200: 0.403: [GC (Allocation Failure) [PSYoungGen: 524800K->11985K(611840K)] 524800K->11993K(2010112K), 0.0094173 secs] [Times: user=0.11 sys=0.02, real=0.01 secs] 
2020-09-29T12:38:19.631+0200: 0.507: [GC (Allocation Failure) [PSYoungGen: 536785K->3425K(611840K)] 536793K->3433K(2010112K), 0.0128081 secs] [Times: user=0.00 sys=0.00, real=0.01 secs] 
2020-09-29T12:38:19.733+0200: 0.609: [GC (Allocation Failure) [PSYoungGen: 528225K->8641K(611840K)] 528233K->8649K(2010112K), 0.0061658 secs] [Times: user=0.11 sys=0.00, real=0.01 secs] 
2020-09-29T12:38:19.820+0200: 0.695: [GC (Allocation Failure) [PSYoungGen: 533441K->13745K(611840K)] 533449K->13753K(2010112K), 0.0087554 secs] [Times: user=0.00 sys=0.00, real=0.01 secs] 
2020-09-29T12:38:19.922+0200: 0.797: [GC (Allocation Failure) [PSYoungGen: 538545K->5265K(611840K)] 538553K->5273K(2010112K), 0.0041501 secs] [Times: user=0.11 sys=0.00, real=0.00 secs] 
2020-09-29T12:38:20.013+0200: 0.888: [GC (Allocation Failure) [PSYoungGen: 530065K->10433K(682496K)] 530073K->10441K(2080768K), 0.0084310 secs] [Times: user=0.13 sys=0.00, real=0.01 secs] 
2020-09-29T12:38:20.179+0200: 1.054: [GC (Allocation Failure) [PSYoungGen: 676545K->6241K(682496K)] 676553K->6653K(2080768K), 0.0062261 secs] [Times: user=0.00 sys=0.00, real=0.01 secs] 
2020-09-29T12:38:20.282+0200: 1.158: [GC (Allocation Failure) [PSYoungGen: 671643K->32K(680960K)] 672055K->444K(2079232K), 0.0005353 secs] [Times: user=0.00 sys=0.00, real=0.00 secs] 
2020-09-29T12:38:20.379+0200: 1.255: [GC (Allocation Failure) [PSYoungGen: 665120K->8993K(681984K)] 665532K->9405K(2080256K), 0.0057984 secs] [Times: user=0.00 sys=0.00, real=0.01 secs] 
2020-09-29T12:38:20.482+0200: 1.357: [GC (Allocation Failure) [PSYoungGen: 674081K->4129K(683008K)] 674493K->4541K(2081280K), 0.0035088 secs] [Times: user=0.00 sys=0.00, real=0.00 secs] 
2020-09-29T12:38:20.583+0200: 1.458: [GC (Allocation Failure) [PSYoungGen: 670753K->32K(682496K)] 671165K->444K(2080768K), 0.0004520 secs] [Times: user=0.00 sys=0.00, real=0.00 secs] 
2020-09-29T12:38:20.686+0200: 1.561: [GC (Allocation Failure) [PSYoungGen: 666656K->10497K(681472K)] 667068K->10909K(2079744K), 0.0062155 secs] [Times: user=0.13 sys=0.00, real=0.01 secs] 
2020-09-29T12:38:20.790+0200: 1.665: [GC (Allocation Failure) [PSYoungGen: 675585K->5665K(681984K)] 675997K->6077K(2080256K), 0.0042238 secs] [Times: user=0.00 sys=0.00, real=0.01 secs] 
2020-09-29T12:38:20.895+0200: 1.770: [GC (Allocation Failure) [PSYoungGen: 670753K->32K(682496K)] 671165K->444K(2080768K), 0.0005625 secs] [Times: user=0.00 sys=0.00, real=0.00 secs] 
2020-09-29T12:38:20.994+0200: 1.868: [GC (Allocation Failure) [PSYoungGen: 666144K->10017K(676352K)] 666556K->10429K(2074624K), 0.0062577 secs] [Times: user=0.00 sys=0.00, real=0.01 secs] 
2020-09-29T12:38:21.093+0200: 1.967: [GC (Allocation Failure) [PSYoungGen: 676129K->6209K(683008K)] 676541K->6621K(2081280K), 0.0045584 secs] [Times: user=0.00 sys=0.00, real=0.00 secs] 
2020-09-29T12:38:21.202+0200: 2.078: [GC (Allocation Failure) [PSYoungGen: 672321K->2433K(681984K)] 672733K->2845K(2080256K), 0.0030106 secs] [Times: user=0.00 sys=0.00, real=0.00 secs] 
2020-09-29T12:38:21.303+0200: 2.179: [GC (Allocation Failure) [PSYoungGen: 668545K->12257K(680960K)] 668957K->12669K(2079232K), 0.0072038 secs] [Times: user=0.00 sys=0.00, real=0.01 secs] 
2020-09-29T12:38:21.403+0200: 2.278: [GC (Allocation Failure) [PSYoungGen: 677345K->7425K(681984K)] 677757K->7837K(2080256K), 0.0046507 secs] [Times: user=0.00 sys=0.00, real=0.00 secs] 
2020-09-29T12:38:21.508+0200: 2.384: [GC (Allocation Failure) [PSYoungGen: 672513K->2497K(683008K)] 672925K->2909K(2081280K), 0.0026997 secs] [Times: user=0.00 sys=0.00, real=0.00 secs] 
2020-09-29T12:38:21.609+0200: 2.484: [GC (Allocation Failure) [PSYoungGen: 669121K->12929K(679936K)] 669533K->13341K(2078208K), 0.0088175 secs] [Times: user=0.13 sys=0.00, real=0.01 secs] 
2020-09-29T12:38:21.720+0200: 2.595: [GC (Allocation Failure) [PSYoungGen: 679553K->9633K(681472K)] 679965K->10045K(2079744K), 0.0066039 secs] [Times: user=0.13 sys=0.00, real=0.01 secs] 
2020-09-29T12:38:21.826+0200: 2.702: [GC (Allocation Failure) [PSYoungGen: 671965K->32K(664576K)] 672377K->444K(2062848K), 0.0010601 secs] [Times: user=0.00 sys=0.00, real=0.00 secs] 
2020-09-29T12:38:21.923+0200: 2.798: [GC (Allocation Failure) [PSYoungGen: 664096K->7905K(681984K)] 664508K->8317K(2080256K), 0.0050371 secs] [Times: user=0.13 sys=0.00, real=0.00 secs] 
2020-09-29T12:38:22.022+0200: 2.897: [GC (Allocation Failure) [PSYoungGen: 671969K->32K(680960K)] 672381K->444K(2079232K), 0.0006707 secs] [Times: user=0.00 sys=0.00, real=0.00 secs] 
2020-09-29T12:38:22.116+0200: 2.991: [GC (Allocation Failure) [PSYoungGen: 664096K->7937K(681984K)] 664508K->8349K(2080256K), 0.0050663 secs] [Times: user=0.00 sys=0.00, real=0.01 secs] 
2020-09-29T12:38:22.220+0200: 3.095: [GC (Allocation Failure) [PSYoungGen: 672513K->2593K(681472K)] 672925K->3005K(2079744K), 0.0027527 secs] [Times: user=0.00 sys=0.00, real=0.00 secs] 
2020-09-29T12:38:22.319+0200: 3.194: [GC (Allocation Failure) [PSYoungGen: 667169K->10913K(680448K)] 667581K->11325K(2078720K), 0.0067274 secs] [Times: user=0.00 sys=0.00, real=0.01 secs] 
2020-09-29T12:38:22.420+0200: 3.295: [GC (Allocation Failure) [PSYoungGen: 674977K->5057K(681472K)] 675389K->5469K(2079744K), 0.0039196 secs] [Times: user=0.00 sys=0.00, real=0.00 secs] 
2020-09-29T12:38:22.515+0200: 3.390: [GC (Allocation Failure) [PSYoungGen: 669121K->12833K(679424K)] 669533K->13245K(2077696K), 0.0073081 secs] [Times: user=0.13 sys=0.00, real=0.01 secs] 
2020-09-29T12:38:22.623+0200: 3.498: [GC (Allocation Failure) [PSYoungGen: 675873K->6017K(680960K)] 676285K->6429K(2079232K), 0.0046637 secs] [Times: user=0.00 sys=0.00, real=0.00 secs] 
2020-09-29T12:38:22.731+0200: 3.606: [GC (Allocation Failure) [PSYoungGen: 669057K->12801K(678912K)] 669469K->13213K(2077184K), 0.0080265 secs] [Times: user=0.02 sys=0.00, real=0.01 secs] 
2020-09-29T12:38:22.836+0200: 3.712: [GC (Allocation Failure) [PSYoungGen: 674817K->4833K(680448K)] 675229K->5245K(2078720K), 0.0039114 secs] [Times: user=0.00 sys=0.00, real=0.01 secs] 
2020-09-29T12:38:22.941+0200: 3.816: [GC (Allocation Failure) [PSYoungGen: 666849K->10657K(680448K)] 667261K->11069K(2078720K), 0.0064240 secs] [Times: user=0.00 sys=0.02, real=0.01 secs] 
2020-09-29T12:38:23.040+0200: 3.915: [GC (Allocation Failure) [PSYoungGen: 672029K->32K(680960K)] 672441K->444K(2079232K), 0.0005463 secs] [Times: user=0.00 sys=0.00, real=0.00 secs] 
2020-09-29T12:38:23.133+0200: 4.008: [GC (Allocation Failure) [PSYoungGen: 663072K->6945K(681984K)] 663484K->7357K(2080256K), 0.0045848 secs] [Times: user=0.00 sys=0.00, real=0.01 secs] 
2020-09-29T12:38:23.242+0200: 4.118: [GC (Allocation Failure) [PSYoungGen: 671009K->32K(680960K)] 671421K->444K(2079232K), 0.0005282 secs] [Times: user=0.00 sys=0.00, real=0.00 secs] 
2020-09-29T12:38:23.343+0200: 4.218: [GC (Allocation Failure) [PSYoungGen: 664096K->8001K(681984K)] 664508K->8413K(2080256K), 0.0047840 secs] [Times: user=0.03 sys=0.00, real=0.01 secs] 
2020-09-29T12:38:23.442+0200: 4.318: [GC (Allocation Failure) [PSYoungGen: 672577K->2625K(681472K)] 672989K->3037K(2079744K), 0.0030708 secs] [Times: user=0.00 sys=0.00, real=0.00 secs] 
2020-09-29T12:38:23.542+0200: 4.418: [GC (Allocation Failure) [PSYoungGen: 667201K->10945K(680448K)] 667613K->11357K(2078720K), 0.0067408 secs] [Times: user=0.00 sys=0.00, real=0.01 secs] 
2020-09-29T12:38:23.660+0200: 4.535: [GC (Allocation Failure) [PSYoungGen: 675009K->5089K(681472K)] 675421K->5501K(2079744K), 0.0044604 secs] [Times: user=0.11 sys=0.00, real=0.00 secs] 
2020-09-29T12:38:23.773+0200: 4.649: [GC (Allocation Failure) [PSYoungGen: 669153K->12865K(679424K)] 669565K->13277K(2077696K), 0.0079761 secs] [Times: user=0.00 sys=0.00, real=0.01 secs] 
2020-09-29T12:38:23.883+0200: 4.758: [GC (Allocation Failure) [PSYoungGen: 675905K->5953K(680960K)] 676317K->6365K(2079232K), 0.0042490 secs] [Times: user=0.00 sys=0.00, real=0.00 secs] 
2020-09-29T12:38:23.981+0200: 4.856: [GC (Allocation Failure) [PSYoungGen: 668993K->12801K(678912K)] 669405K->13213K(2077184K), 0.0073458 secs] [Times: user=0.00 sys=0.00, real=0.01 secs] 
2020-09-29T12:38:24.087+0200: 4.962: [GC (Allocation Failure) [PSYoungGen: 674817K->4865K(680448K)] 675229K->5277K(2078720K), 0.0038670 secs] [Times: user=0.00 sys=0.00, real=0.00 secs] 
2020-09-29T12:38:24.195+0200: 5.071: [GC (Allocation Failure) [PSYoungGen: 666881K->10657K(680448K)] 667293K->11069K(2078720K), 0.0069707 secs] [Times: user=0.00 sys=0.00, real=0.01 secs] 
2020-09-29T12:38:24.303+0200: 5.178: [GC (Allocation Failure) [PSYoungGen: 672029K->32K(680960K)] 672441K->444K(2079232K), 0.0004567 secs] [Times: user=0.00 sys=0.00, real=0.00 secs] 
2020-09-29T12:38:24.402+0200: 5.277: [GC (Allocation Failure) [PSYoungGen: 663072K->6913K(681984K)] 663484K->7325K(2080256K), 0.0045951 secs] [Times: user=0.00 sys=0.00, real=0.01 secs] 
2020-09-29T12:38:24.501+0200: 5.376: [GC (Allocation Failure) [PSYoungGen: 670977K->32K(680960K)] 671389K->444K(2079232K), 0.0004761 secs] [Times: user=0.00 sys=0.00, real=0.00 secs] 
2020-09-29T12:38:24.596+0200: 5.471: [GC (Allocation Failure) [PSYoungGen: 664096K->7937K(681984K)] 664508K->8349K(2080256K), 0.0059187 secs] [Times: user=0.11 sys=0.00, real=0.01 secs] 
2020-09-29T12:38:24.704+0200: 5.579: [GC (Allocation Failure) [PSYoungGen: 672513K->2593K(681472K)] 672925K->3005K(2079744K), 0.0028392 secs] [Times: user=0.00 sys=0.00, real=0.00 secs] 
2020-09-29T12:38:24.803+0200: 5.678: [GC (Allocation Failure) [PSYoungGen: 667169K->10913K(680448K)] 667581K->11325K(2078720K), 0.0063829 secs] [Times: user=0.00 sys=0.00, real=0.01 secs] 
2020-09-29T12:38:24.907+0200: 5.782: [GC (Allocation Failure) [PSYoungGen: 674977K->5057K(681472K)] 675389K->5469K(2079744K), 0.0037313 secs] [Times: user=0.13 sys=0.00, real=0.00 secs] 
2020-09-29T12:38:25.005+0200: 5.880: [GC (Allocation Failure) [PSYoungGen: 669121K->12865K(679424K)] 669533K->13277K(2077696K), 0.0071204 secs] [Times: user=0.00 sys=0.00, real=0.01 secs] 
2020-09-29T12:38:25.104+0200: 5.979: [GC (Allocation Failure) [PSYoungGen: 675905K->6049K(680960K)] 676317K->6461K(2079232K), 0.0043212 secs] [Times: user=0.00 sys=0.00, real=0.00 secs] 
2020-09-29T12:38:25.214+0200: 6.089: [GC (Allocation Failure) [PSYoungGen: 669089K->12801K(679936K)] 669501K->13213K(2078208K), 0.0086996 secs] [Times: user=0.00 sys=0.00, real=0.01 secs] 
2020-09-29T12:38:25.320+0200: 6.195: [GC (Allocation Failure) [PSYoungGen: 675841K->5889K(680960K)] 676253K->6301K(2079232K), 0.0042641 secs] [Times: user=0.00 sys=0.00, real=0.01 secs] 
2020-09-29T12:38:25.417+0200: 6.292: [GC (Allocation Failure) [PSYoungGen: 668929K->12641K(679424K)] 669341K->13053K(2077696K), 0.0071726 secs] [Times: user=0.00 sys=0.00, real=0.01 secs] 
2020-09-29T12:38:25.524+0200: 6.399: [GC (Allocation Failure) [PSYoungGen: 674657K->4801K(680448K)] 675069K->5213K(2078720K), 0.0042282 secs] [Times: user=0.00 sys=0.00, real=0.00 secs] 
2020-09-29T12:38:25.635+0200: 6.510: [GC (Allocation Failure) [PSYoungGen: 666817K->10497K(680960K)] 667229K->10909K(2079232K), 0.0063720 secs] [Times: user=0.00 sys=0.00, real=0.01 secs] 
2020-09-29T12:38:25.735+0200: 6.611: [GC (Allocation Failure) [PSYoungGen: 671941K->32K(663552K)] 672353K->444K(2061824K), 0.0006256 secs] [Times: user=0.00 sys=0.00, real=0.00 secs] 
2020-09-29T12:38:25.838+0200: 6.714: [GC (Allocation Failure) [PSYoungGen: 663072K->6945K(681472K)] 663484K->7357K(2079744K), 0.0052002 secs] [Times: user=0.00 sys=0.00, real=0.01 secs] 
2020-09-29T12:38:25.937+0200: 6.812: [GC (Allocation Failure) [PSYoungGen: 669985K->13697K(680448K)] 670397K->14109K(2078720K), 0.0077995 secs] [Times: user=0.13 sys=0.00, real=0.01 secs] 
2020-09-29T12:38:26.038+0200: 6.913: [GC (Allocation Failure) [PSYoungGen: 676737K->6817K(680960K)] 677149K->7229K(2079232K), 0.0046276 secs] [Times: user=0.00 sys=0.00, real=0.00 secs] 
2020-09-29T12:38:26.141+0200: 7.016: [GC (Allocation Failure) [PSYoungGen: 669345K->13121K(675840K)] 669757K->13533K(2074112K), 0.0085410 secs] [Times: user=0.11 sys=0.00, real=0.01 secs] 
2020-09-29T12:38:26.251+0200: 7.126: [GC (Allocation Failure) [PSYoungGen: 675649K->5697K(680448K)] 676061K->6109K(2078720K), 0.0043687 secs] [Times: user=0.13 sys=0.00, real=0.01 secs] 
2020-09-29T12:38:26.350+0200: 7.225: [GC (Allocation Failure) [PSYoungGen: 667201K->10977K(679936K)] 667613K->11389K(2078208K), 0.0065969 secs] [Times: user=0.00 sys=0.00, real=0.01 secs] 
2020-09-29T12:38:26.455+0200: 7.330: [GC (Allocation Failure) [PSYoungGen: 672481K->2465K(680448K)] 672893K->2877K(2078720K), 0.0027535 secs] [Times: user=0.13 sys=0.00, real=0.00 secs] 
2020-09-29T12:38:26.554+0200: 7.429: [GC (Allocation Failure) [PSYoungGen: 664481K->8353K(680448K)] 664893K->8765K(2078720K), 0.0053033 secs] [Times: user=0.00 sys=0.00, real=0.01 secs] 
2020-09-29T12:38:26.662+0200: 7.537: [GC (Allocation Failure) [PSYoungGen: 670369K->32K(680448K)] 670781K->444K(2078720K), 0.0004839 secs] [Times: user=0.00 sys=0.00, real=0.00 secs] 
2020-09-29T12:38:26.764+0200: 7.639: [GC (Allocation Failure) [PSYoungGen: 663072K->6913K(680960K)] 663484K->7325K(2079232K), 0.0047919 secs] [Times: user=0.00 sys=0.00, real=0.00 secs] 
2020-09-29T12:38:26.863+0200: 7.739: [GC (Allocation Failure) [PSYoungGen: 669953K->13761K(678912K)] 670365K->14173K(2077184K), 0.0076781 secs] [Times: user=0.11 sys=0.00, real=0.01 secs] 
2020-09-29T12:38:26.967+0200: 7.843: [GC (Allocation Failure) [PSYoungGen: 675777K->5761K(680448K)] 676189K->6173K(2078720K), 0.0039247 secs] [Times: user=0.00 sys=0.00, real=0.00 secs] 
2020-09-29T12:38:27.063+0200: 7.938: [GC (Allocation Failure) [PSYoungGen: 667777K->11617K(679424K)] 668189K->12029K(2077696K), 0.0066613 secs] [Times: user=0.13 sys=0.00, real=0.01 secs] 
2020-09-29T12:38:27.169+0200: 8.045: [GC (Allocation Failure) [PSYoungGen: 673633K->3649K(680448K)] 674045K->4061K(2078720K), 0.0038683 secs] [Times: user=0.00 sys=0.00, real=0.00 secs] 
2020-09-29T12:38:27.277+0200: 8.152: [GC (Allocation Failure) [PSYoungGen: 665665K->9409K(681472K)] 666077K->9821K(2079744K), 0.0064075 secs] [Times: user=0.00 sys=0.00, real=0.01 secs] 
2020-09-29T12:38:27.380+0200: 8.255: [GC (Allocation Failure) [PSYoungGen: 672961K->2977K(680960K)] 673373K->3389K(2079232K), 0.0031203 secs] [Times: user=0.00 sys=0.00, real=0.00 secs] 
2020-09-29T12:38:27.475+0200: 8.350: [GC (Allocation Failure) [PSYoungGen: 666529K->10337K(681472K)] 666941K->10749K(2079744K), 0.0060121 secs] [Times: user=0.00 sys=0.00, real=0.01 secs] 
2020-09-29T12:38:27.650+0200: 8.526: [GC (Allocation Failure) [PSYoungGen: 674401K->4449K(681472K)] 674813K->4861K(2079744K), 0.0042469 secs] [Times: user=0.00 sys=0.00, real=0.00 secs] 
2020-09-29T12:38:27.775+0200: 8.651: [GC (Allocation Failure) [PSYoungGen: 668513K->12321K(679936K)] 668925K->12733K(2078208K), 0.0074310 secs] [Times: user=0.00 sys=0.00, real=0.01 secs] 
2020-09-29T12:38:27.880+0200: 8.755: [GC (Allocation Failure) [PSYoungGen: 675361K->5409K(680960K)] 675773K->5821K(2079232K), 0.0045019 secs] [Times: user=0.00 sys=0.00, real=0.00 secs] 
2020-09-29T12:38:27.993+0200: 8.868: [GC (Allocation Failure) [PSYoungGen: 668449K->12193K(679424K)] 668861K->12605K(2077696K), 0.0068877 secs] [Times: user=0.00 sys=0.00, real=0.01 secs] 
2020-09-29T12:38:28.097+0200: 8.973: [GC (Allocation Failure) [PSYoungGen: 674209K->4321K(680448K)] 674621K->4733K(2078720K), 0.0039764 secs] [Times: user=0.05 sys=0.00, real=0.00 secs] 
2020-09-29T12:38:28.206+0200: 9.082: [GC (Allocation Failure) [PSYoungGen: 666337K->10049K(680960K)] 666749K->10461K(2079232K), 0.0062725 secs] [Times: user=0.13 sys=0.00, real=0.01 secs] 
2020-09-29T12:38:28.304+0200: 9.179: [GC (Allocation Failure) [PSYoungGen: 673089K->3137K(680960K)] 673501K->3549K(2079232K), 0.0030870 secs] [Times: user=0.00 sys=0.00, real=0.00 secs] 
2020-09-29T12:38:28.405+0200: 9.280: [GC (Allocation Failure) [PSYoungGen: 666177K->9985K(681472K)] 666589K->10397K(2079744K), 0.0060829 secs] [Times: user=0.13 sys=0.00, real=0.01 secs] 
2020-09-29T12:38:28.504+0200: 9.379: [GC (Allocation Failure) [PSYoungGen: 674049K->4097K(681472K)] 674461K->4509K(2079744K), 0.0035362 secs] [Times: user=0.00 sys=0.02, real=0.00 secs] 
2020-09-29T12:38:28.611+0200: 9.486: [GC (Allocation Failure) [PSYoungGen: 668161K->11937K(680448K)] 668573K->12349K(2078720K), 0.0092111 secs] [Times: user=0.06 sys=0.00, real=0.01 secs] 
2020-09-29T12:38:28.737+0200: 9.612: [GC (Allocation Failure) [PSYoungGen: 674977K->4961K(680960K)] 675389K->5373K(2079232K), 0.0045277 secs] [Times: user=0.11 sys=0.00, real=0.00 secs] 
2020-09-29T12:38:28.844+0200: 9.720: [GC (Allocation Failure) [PSYoungGen: 668001K->11841K(680448K)] 668413K->12253K(2078720K), 0.0070650 secs] [Times: user=0.13 sys=0.00, real=0.01 secs] 
2020-09-29T12:38:28.950+0200: 9.825: [GC (Allocation Failure) [PSYoungGen: 674881K->4897K(680960K)] 675293K->5309K(2079232K), 0.0040407 secs] [Times: user=0.00 sys=0.00, real=0.00 secs] 
2020-09-29T12:38:29.049+0200: 9.924: [GC (Allocation Failure) [PSYoungGen: 667937K->11713K(680448K)] 668349K->12125K(2078720K), 0.0067114 secs] [Times: user=0.13 sys=0.00, real=0.01 secs] 
2020-09-29T12:38:29.163+0200: 10.037: [GC (Allocation Failure) [PSYoungGen: 674753K->4801K(680960K)] 675165K->5213K(2079232K), 0.0046572 secs] [Times: user=0.00 sys=0.00, real=0.00 secs] 
2020-09-29T12:38:29.270+0200: 10.145: [GC (Allocation Failure) [PSYoungGen: 667841K->11617K(679936K)] 668253K->12029K(2078208K), 0.0068264 secs] [Times: user=0.00 sys=0.00, real=0.01 secs] 
2020-09-29T12:38:29.372+0200: 10.247: [GC (Allocation Failure) [PSYoungGen: 673633K->3617K(680448K)] 674045K->4029K(2078720K), 0.0033513 secs] [Times: user=0.00 sys=0.00, real=0.00 secs] 
2020-09-29T12:38:29.466+0200: 10.341: [GC (Allocation Failure) [PSYoungGen: 665633K->9505K(681472K)] 666045K->9917K(2079744K), 0.0058134 secs] [Times: user=0.00 sys=0.00, real=0.00 secs] 
2020-09-29T12:38:29.568+0200: 10.444: [GC (Allocation Failure) [PSYoungGen: 673057K->3073K(680960K)] 673469K->3485K(2079232K), 0.0032036 secs] [Times: user=0.00 sys=0.00, real=0.00 secs] 
2020-09-29T12:38:29.683+0200: 10.558: [GC (Allocation Failure) [PSYoungGen: 666625K->10401K(681472K)] 667037K->10813K(2079744K), 0.0061323 secs] [Times: user=0.00 sys=0.00, real=0.01 secs] 
2020-09-29T12:38:29.800+0200: 10.675: [GC (Allocation Failure) [PSYoungGen: 674465K->4513K(681472K)] 674877K->4925K(2079744K), 0.0043760 secs] [Times: user=0.11 sys=0.00, real=0.01 secs] 
2020-09-29T12:38:29.906+0200: 10.781: [GC (Allocation Failure) [PSYoungGen: 668577K->12353K(680448K)] 668989K->12765K(2078720K), 0.0074750 secs] [Times: user=0.13 sys=0.00, real=0.01 secs] 
2020-09-29T12:38:30.009+0200: 10.884: [GC (Allocation Failure) [PSYoungGen: 675393K->5441K(680960K)] 675805K->5853K(2079232K), 0.0041033 secs] [Times: user=0.00 sys=0.00, real=0.00 secs] 
2020-09-29T12:38:30.108+0200: 10.983: [GC (Allocation Failure) [PSYoungGen: 668481K->12257K(679424K)] 668893K->12669K(2077696K), 0.0069371 secs] [Times: user=0.13 sys=0.00, real=0.01 secs] 
2020-09-29T12:38:30.221+0200: 11.096: [GC (Allocation Failure) [PSYoungGen: 674273K->4353K(680448K)] 674685K->4765K(2078720K), 0.0037280 secs] [Times: user=0.13 sys=0.00, real=0.00 secs] 
2020-09-29T12:38:30.319+0200: 11.194: [GC (Allocation Failure) [PSYoungGen: 666369K->10113K(680960K)] 666781K->10525K(2079232K), 0.0059947 secs] [Times: user=0.00 sys=0.00, real=0.01 secs] 
2020-09-29T12:38:30.425+0200: 11.301: [GC (Allocation Failure) [PSYoungGen: 673153K->3201K(680960K)] 673565K->3613K(2079232K), 0.0030064 secs] [Times: user=0.13 sys=0.00, real=0.00 secs] 
2020-09-29T12:38:30.520+0200: 11.396: [GC (Allocation Failure) [PSYoungGen: 666241K->10049K(681472K)] 666653K->10461K(2079744K), 0.0060092 secs] [Times: user=0.00 sys=0.00, real=0.01 secs] 
2020-09-29T12:38:30.624+0200: 11.500: [GC (Allocation Failure) [PSYoungGen: 674113K->4097K(681472K)] 674525K->4509K(2079744K), 0.0040496 secs] [Times: user=0.00 sys=0.00, real=0.00 secs] 
2020-09-29T12:38:30.737+0200: 11.613: [GC (Allocation Failure) [PSYoungGen: 668161K->11937K(680448K)] 668573K->12349K(2078720K), 0.0072524 secs] [Times: user=0.13 sys=0.00, real=0.01 secs] 
2020-09-29T12:38:30.848+0200: 11.724: [GC (Allocation Failure) [PSYoungGen: 674977K->5025K(680960K)] 675389K->5437K(2079232K), 0.0037835 secs] [Times: user=0.00 sys=0.00, real=0.00 secs] 
2020-09-29T12:38:30.946+0200: 11.822: [GC (Allocation Failure) [PSYoungGen: 668065K->11841K(680448K)] 668477K->12253K(2078720K), 0.0069260 secs] [Times: user=0.00 sys=0.00, real=0.01 secs] 
2020-09-29T12:38:31.047+0200: 11.923: [GC (Allocation Failure) [PSYoungGen: 674881K->4993K(680960K)] 675293K->5405K(2079232K), 0.0038878 secs] [Times: user=0.13 sys=0.00, real=0.00 secs] 
2020-09-29T12:38:31.148+0200: 12.024: [GC (Allocation Failure) [PSYoungGen: 668033K->11745K(680448K)] 668445K->12157K(2078720K), 0.0086487 secs] [Times: user=0.00 sys=0.00, real=0.01 secs] 
2020-09-29T12:38:31.255+0200: 12.130: [GC (Allocation Failure) [PSYoungGen: 674785K->4865K(680960K)] 675197K->5277K(2079232K), 0.0038600 secs] [Times: user=0.00 sys=0.00, real=0.00 secs] 
2020-09-29T12:38:31.355+0200: 12.230: [GC (Allocation Failure) [PSYoungGen: 667905K->11649K(679936K)] 668317K->12061K(2078208K), 0.0068678 secs] [Times: user=0.00 sys=0.00, real=0.01 secs] 
2020-09-29T12:38:31.454+0200: 12.329: [GC (Allocation Failure) [PSYoungGen: 673665K->3681K(680448K)] 674077K->4093K(2078720K), 0.0034062 secs] [Times: user=0.01 sys=0.00, real=0.00 secs] 
2020-09-29T12:38:31.552+0200: 12.427: [GC (Allocation Failure) [PSYoungGen: 665697K->9505K(681472K)] 666109K->9917K(2079744K), 0.0056490 secs] [Times: user=0.00 sys=0.00, real=0.01 secs] 
2020-09-29T12:38:31.655+0200: 12.530: [GC (Allocation Failure) [PSYoungGen: 673057K->3137K(680960K)] 673469K->3549K(2079232K), 0.0032375 secs] [Times: user=0.00 sys=0.00, real=0.00 secs] 
2020-09-29T12:38:31.768+0200: 12.643: [GC (Allocation Failure) [PSYoungGen: 666689K->10433K(681472K)] 667101K->10845K(2079744K), 0.0077438 secs] [Times: user=0.09 sys=0.00, real=0.01 secs] 
2020-09-29T12:38:31.918+0200: 12.793: [GC (Allocation Failure) [PSYoungGen: 674497K->4545K(681472K)] 674909K->4957K(2079744K), 0.0043290 secs] [Times: user=0.00 sys=0.00, real=0.01 secs] 
2020-09-29T12:38:32.033+0200: 12.908: [GC (Allocation Failure) [PSYoungGen: 668609K->12417K(680448K)] 669021K->12829K(2078720K), 0.0069207 secs] [Times: user=0.13 sys=0.00, real=0.01 secs] 
2020-09-29T12:38:32.139+0200: 13.014: [GC (Allocation Failure) [PSYoungGen: 675457K->5537K(680960K)] 675869K->5949K(2079232K), 0.0045319 secs] [Times: user=0.00 sys=0.00, real=0.00 secs] 
2020-09-29T12:38:32.250+0200: 13.126: [GC (Allocation Failure) [PSYoungGen: 668577K->12257K(679424K)] 668989K->12669K(2077696K), 0.0070697 secs] [Times: user=0.13 sys=0.00, real=0.01 secs] 
2020-09-29T12:38:32.352+0200: 13.227: [GC (Allocation Failure) [PSYoungGen: 674273K->4353K(680448K)] 674685K->4765K(2078720K), 0.0035151 secs] [Times: user=0.00 sys=0.00, real=0.00 secs] 
2020-09-29T12:38:32.451+0200: 13.327: [GC (Allocation Failure) [PSYoungGen: 666369K->10145K(680960K)] 666781K->10557K(2079232K), 0.0060754 secs] [Times: user=0.02 sys=0.00, real=0.01 secs] 
2020-09-29T12:38:32.551+0200: 13.426: [GC (Allocation Failure) [PSYoungGen: 671643K->32K(663552K)] 672055K->444K(2061824K), 0.0007804 secs] [Times: user=0.00 sys=0.00, real=0.00 secs] 
2020-09-29T12:38:32.666+0200: 13.542: [GC (Allocation Failure) [PSYoungGen: 663072K->6945K(681472K)] 663484K->7357K(2079744K), 0.0052246 secs] [Times: user=0.00 sys=0.00, real=0.01 secs] 
2020-09-29T12:38:32.779+0200: 13.654: [GC (Allocation Failure) [PSYoungGen: 669985K->13697K(680448K)] 670397K->14109K(2078720K), 0.0077472 secs] [Times: user=0.13 sys=0.00, real=0.01 secs] 
2020-09-29T12:38:32.882+0200: 13.758: [GC (Allocation Failure) [PSYoungGen: 676737K->6817K(680960K)] 677149K->7229K(2079232K), 0.0047369 secs] [Times: user=0.00 sys=0.00, real=0.01 secs] 
2020-09-29T12:38:32.987+0200: 13.862: [GC (Allocation Failure) [PSYoungGen: 669345K->13089K(675840K)] 669757K->13501K(2074112K), 0.0075687 secs] [Times: user=0.13 sys=0.00, real=0.01 secs] 
2020-09-29T12:38:33.104+0200: 13.980: [GC (Allocation Failure) [PSYoungGen: 675617K->5697K(680960K)] 676029K->6109K(2079232K), 0.0049371 secs] [Times: user=0.00 sys=0.00, real=0.01 secs] 
2020-09-29T12:38:33.216+0200: 14.091: [GC (Allocation Failure) [PSYoungGen: 667713K->11425K(679936K)] 668125K->11837K(2078208K), 0.0064969 secs] [Times: user=0.02 sys=0.00, real=0.01 secs] 
2020-09-29T12:38:33.320+0200: 14.195: [GC (Allocation Failure) [PSYoungGen: 671575K->32K(679424K)] 671988K->444K(2077696K), 0.0003308 secs] [Times: user=0.00 sys=0.00, real=0.00 secs] 
2020-09-29T12:38:33.413+0200: 14.288: [GC (Allocation Failure) [PSYoungGen: 661024K->4865K(679936K)] 661436K->5277K(2078208K), 0.0036145 secs] [Times: user=0.00 sys=0.00, real=0.00 secs] 
2020-09-29T12:38:33.507+0200: 14.383: [GC (Allocation Failure) [PSYoungGen: 665857K->9601K(680960K)] 666269K->10013K(2079232K), 0.0061057 secs] [Times: user=0.00 sys=0.00, real=0.01 secs] 
2020-09-29T12:38:33.616+0200: 14.491: [GC (Allocation Failure) [PSYoungGen: 672129K->2209K(680448K)] 672541K->2621K(2078720K), 0.0026659 secs] [Times: user=0.00 sys=0.00, real=0.00 secs] 
2020-09-29T12:38:33.718+0200: 14.593: [GC (Allocation Failure) [PSYoungGen: 664737K->8449K(681472K)] 665149K->8861K(2079744K), 0.0054436 secs] [Times: user=0.13 sys=0.00, real=0.01 secs] 
2020-09-29T12:38:33.817+0200: 14.693: [GC (Allocation Failure) [PSYoungGen: 672001K->2209K(680960K)] 672413K->2621K(2079232K), 0.0026082 secs] [Times: user=0.00 sys=0.00, real=0.00 secs] 
2020-09-29T12:38:33.948+0200: 14.823: [GC (Allocation Failure) [PSYoungGen: 665761K->9441K(681472K)] 666173K->9853K(2079744K), 0.0059699 secs] [Times: user=0.00 sys=0.00, real=0.01 secs] 
2020-09-29T12:38:34.052+0200: 14.927: [GC (Allocation Failure) [PSYoungGen: 673505K->3585K(681472K)] 673917K->3997K(2079744K), 0.0031214 secs] [Times: user=0.00 sys=0.00, real=0.00 secs] 
2020-09-29T12:38:34.152+0200: 15.027: [GC (Allocation Failure) [PSYoungGen: 667649K->11393K(680960K)] 668061K->11805K(2079232K), 0.0081141 secs] [Times: user=0.00 sys=0.00, real=0.01 secs] 
2020-09-29T12:38:34.261+0200: 15.136: [GC (Allocation Failure) [PSYoungGen: 675457K->5505K(681472K)] 675869K->5917K(2079744K), 0.0040195 secs] [Times: user=0.00 sys=0.00, real=0.00 secs] 
2020-09-29T12:38:34.359+0200: 15.234: [GC (Allocation Failure) [PSYoungGen: 669569K->13313K(678912K)] 669981K->13725K(2077184K), 0.0072760 secs] [Times: user=0.13 sys=0.00, real=0.01 secs] 
2020-09-29T12:38:34.461+0200: 15.336: [GC (Allocation Failure) [PSYoungGen: 675329K->5409K(680448K)] 675741K->5821K(2078720K), 0.0044117 secs] [Times: user=0.00 sys=0.00, real=0.00 secs] 
2020-09-29T12:38:34.559+0200: 15.435: [GC (Allocation Failure) [PSYoungGen: 667425K->11137K(680448K)] 667837K->11549K(2078720K), 0.0066135 secs] [Times: user=0.00 sys=0.00, real=0.01 secs] 
2020-09-29T12:38:34.676+0200: 15.552: [GC (Allocation Failure) [PSYoungGen: 674177K->4321K(680960K)] 674589K->4733K(2079232K), 0.0037015 secs] [Times: user=0.00 sys=0.00, real=0.00 secs] 
2020-09-29T12:38:34.780+0200: 15.655: [GC (Allocation Failure) [PSYoungGen: 667361K->11073K(680448K)] 667773K->11485K(2078720K), 0.0070247 secs] [Times: user=0.13 sys=0.00, real=0.01 secs] 
2020-09-29T12:38:34.884+0200: 15.760: [GC (Allocation Failure) [PSYoungGen: 674113K->4161K(680960K)] 674525K->4573K(2079232K), 0.0034823 secs] [Times: user=0.00 sys=0.00, real=0.00 secs] 
2020-09-29T12:38:34.992+0200: 15.867: [GC (Allocation Failure) [PSYoungGen: 667201K->11009K(680448K)] 667613K->11421K(2078720K), 0.0067754 secs] [Times: user=0.00 sys=0.00, real=0.01 secs] 
2020-09-29T12:38:35.093+0200: 15.968: [GC (Allocation Failure) [PSYoungGen: 674049K->4065K(680960K)] 674461K->4477K(2079232K), 0.0034783 secs] [Times: user=0.00 sys=0.00, real=0.00 secs] 
2020-09-29T12:38:35.199+0200: 16.075: [GC (Allocation Failure) [PSYoungGen: 667105K->10849K(680448K)] 667517K->11261K(2078720K), 0.0065078 secs] [Times: user=0.00 sys=0.00, real=0.01 secs] 
2020-09-29T12:38:35.301+0200: 16.176: [GC (Allocation Failure) [PSYoungGen: 673889K->3969K(680960K)] 674301K->4381K(2079232K), 0.0034883 secs] [Times: user=0.06 sys=0.00, real=0.00 secs] 
2020-09-29T12:38:35.401+0200: 16.276: [GC (Allocation Failure) [PSYoungGen: 667009K->10817K(680448K)] 667421K->11229K(2078720K), 0.0069321 secs] [Times: user=0.00 sys=0.00, real=0.01 secs] 
2020-09-29T12:38:35.507+0200: 16.381: [GC (Allocation Failure) [PSYoungGen: 673857K->3905K(680960K)] 674269K->4317K(2079232K), 0.0033027 secs] [Times: user=0.00 sys=0.00, real=0.00 secs] 
2020-09-29T12:38:35.611+0200: 16.486: [GC (Allocation Failure) [PSYoungGen: 666945K->10689K(680448K)] 667357K->11101K(2078720K), 0.0068664 secs] [Times: user=0.13 sys=0.00, real=0.01 secs] 
2020-09-29T12:38:35.714+0200: 16.590: [GC (Allocation Failure) [PSYoungGen: 673729K->3809K(680960K)] 674141K->4221K(2079232K), 0.0034315 secs] [Times: user=0.00 sys=0.00, real=0.00 secs] 
2020-09-29T12:38:35.812+0200: 16.687: [GC (Allocation Failure) [PSYoungGen: 666849K->10593K(681472K)] 667261K->11005K(2079744K), 0.0063478 secs] [Times: user=0.13 sys=0.00, real=0.01 secs] 
2020-09-29T12:38:35.922+0200: 16.797: [GC (Allocation Failure) [PSYoungGen: 674657K->4737K(681472K)] 675069K->5149K(2079744K), 0.0039773 secs] [Times: user=0.00 sys=0.00, real=0.00 secs] 
2020-09-29T12:38:36.024+0200: 16.899: [GC (Allocation Failure) [PSYoungGen: 668801K->12577K(679936K)] 669213K->12989K(2078208K), 0.0072598 secs] [Times: user=0.00 sys=0.00, real=0.01 secs] 
2020-09-29T12:38:36.126+0200: 17.001: [GC (Allocation Failure) [PSYoungGen: 675617K->5601K(680960K)] 676029K->6013K(2079232K), 0.0039290 secs] [Times: user=0.13 sys=0.00, real=0.00 secs] 
2020-09-29T12:38:36.234+0200: 17.110: [GC (Allocation Failure) [PSYoungGen: 668641K->12481K(679424K)] 669053K->12893K(2077696K), 0.0073618 secs] [Times: user=0.13 sys=0.00, real=0.01 secs] 
2020-09-29T12:38:36.338+0200: 17.213: [GC (Allocation Failure) [PSYoungGen: 674497K->4481K(680448K)] 674909K->4893K(2078720K), 0.0036199 secs] [Times: user=0.00 sys=0.00, real=0.00 secs] 
2020-09-29T12:38:36.434+0200: 17.310: [GC (Allocation Failure) [PSYoungGen: 666497K->10241K(680960K)] 666909K->10653K(2079232K), 0.0069740 secs] [Times: user=0.00 sys=0.00, real=0.01 secs] 
2020-09-29T12:38:36.536+0200: 17.411: [GC (Allocation Failure) [PSYoungGen: 671739K->32K(663552K)] 672151K->444K(2061824K), 0.0006255 secs] [Times: user=0.00 sys=0.00, real=0.00 secs] 
2020-09-29T12:38:36.639+0200: 17.514: [GC (Allocation Failure) [PSYoungGen: 663072K->6881K(681472K)] 663484K->7293K(2079744K), 0.0046023 secs] [Times: user=0.00 sys=0.00, real=0.01 secs] 
2020-09-29T12:38:36.743+0200: 17.618: [GC (Allocation Failure) [PSYoungGen: 669921K->13697K(680448K)] 670333K->14109K(2078720K), 0.0079492 secs] [Times: user=0.00 sys=0.00, real=0.01 secs] 
2020-09-29T12:38:36.849+0200: 17.724: [GC (Allocation Failure) [PSYoungGen: 676737K->6817K(680960K)] 677149K->7229K(2079232K), 0.0045984 secs] [Times: user=0.00 sys=0.00, real=0.01 secs] 
2020-09-29T12:38:36.954+0200: 17.828: [GC (Allocation Failure) [PSYoungGen: 669345K->13057K(675840K)] 669757K->13469K(2074112K), 0.0083375 secs] [Times: user=0.13 sys=0.00, real=0.01 secs] 
2020-09-29T12:38:37.064+0200: 17.938: [GC (Allocation Failure) [PSYoungGen: 675585K->5697K(680448K)] 675997K->6109K(2078720K), 0.0039732 secs] [Times: user=0.13 sys=0.00, real=0.00 secs] 
2020-09-29T12:38:37.169+0200: 18.043: [GC (Allocation Failure) [PSYoungGen: 667201K->10945K(679936K)] 667613K->11357K(2078208K), 0.0071235 secs] [Times: user=0.00 sys=0.00, real=0.01 secs] 
2020-09-29T12:38:37.271+0200: 18.146: [GC (Allocation Failure) [PSYoungGen: 672449K->2465K(680448K)] 672861K->2877K(2078720K), 0.0029375 secs] [Times: user=0.00 sys=0.00, real=0.00 secs] 
2020-09-29T12:38:37.370+0200: 18.244: [GC (Allocation Failure) [PSYoungGen: 664481K->8289K(680448K)] 664893K->8701K(2078720K), 0.0050708 secs] [Times: user=0.00 sys=0.00, real=0.01 secs] 
2020-09-29T12:38:37.468+0200: 18.343: [GC (Allocation Failure) [PSYoungGen: 670305K->32K(680448K)] 670717K->444K(2078720K), 0.0004000 secs] [Times: user=0.00 sys=0.00, real=0.00 secs] 
2020-09-29T12:38:37.579+0200: 18.454: [GC (Allocation Failure) [PSYoungGen: 663072K->6881K(680960K)] 663484K->7293K(2079232K), 0.0048210 secs] [Times: user=0.11 sys=0.00, real=0.01 secs] 
2020-09-29T12:38:37.688+0200: 18.563: [GC (Allocation Failure) [PSYoungGen: 669921K->13729K(678912K)] 670333K->14141K(2077184K), 0.0078847 secs] [Times: user=0.13 sys=0.00, real=0.01 secs] 
2020-09-29T12:38:37.794+0200: 18.669: [GC (Allocation Failure) [PSYoungGen: 675745K->5761K(680448K)] 676157K->6173K(2078720K), 0.0041534 secs] [Times: user=0.00 sys=0.00, real=0.01 secs] 
2020-09-29T12:38:37.892+0200: 18.767: [GC (Allocation Failure) [PSYoungGen: 667777K->11553K(680448K)] 668189K->11965K(2078720K), 0.0070831 secs] [Times: user=0.09 sys=0.00, real=0.01 secs] 
2020-09-29T12:38:37.994+0200: 18.869: [GC (Allocation Failure) [PSYoungGen: 674593K->4673K(680960K)] 675005K->5085K(2079232K), 0.0038536 secs] [Times: user=0.00 sys=0.00, real=0.00 secs] 
2020-09-29T12:38:38.100+0200: 18.974: [GC (Allocation Failure) [PSYoungGen: 667713K->11425K(680960K)] 668125K->11837K(2079232K), 0.0066534 secs] [Times: user=0.00 sys=0.00, real=0.01 secs] 
2020-09-29T12:38:38.210+0200: 19.085: [GC (Allocation Failure) [PSYoungGen: 674465K->4577K(680960K)] 674877K->4989K(2079232K), 0.0042080 secs] [Times: user=0.00 sys=0.00, real=0.00 secs] 
2020-09-29T12:38:38.314+0200: 19.189: [GC (Allocation Failure) [PSYoungGen: 667617K->11393K(680960K)] 668029K->11805K(2079232K), 0.0065012 secs] [Times: user=0.13 sys=0.00, real=0.01 secs] 
2020-09-29T12:38:38.413+0200: 19.288: [GC (Allocation Failure) [PSYoungGen: 674433K->4481K(680960K)] 674845K->4893K(2079232K), 0.0040417 secs] [Times: user=0.00 sys=0.00, real=0.00 secs] 
2020-09-29T12:38:38.516+0200: 19.391: [GC (Allocation Failure) [PSYoungGen: 667521K->11233K(680960K)] 667933K->11645K(2079232K), 0.0066989 secs] [Times: user=0.13 sys=0.00, real=0.01 secs] 
2020-09-29T12:38:38.624+0200: 19.499: [GC (Allocation Failure) [PSYoungGen: 674273K->4417K(680960K)] 674685K->4829K(2079232K), 0.0035084 secs] [Times: user=0.00 sys=0.00, real=0.00 secs] 
2020-09-29T12:38:38.732+0200: 19.607: [GC (Allocation Failure) [PSYoungGen: 667457K->11169K(680960K)] 667869K->11581K(2079232K), 0.0072200 secs] [Times: user=0.13 sys=0.00, real=0.01 secs] 
2020-09-29T12:38:38.842+0200: 19.717: [GC (Allocation Failure) [PSYoungGen: 674209K->4289K(680960K)] 674621K->4701K(2079232K), 0.0036142 secs] [Times: user=0.00 sys=0.00, real=0.00 secs] 
2020-09-29T12:38:38.946+0200: 19.821: [GC (Allocation Failure) [PSYoungGen: 667329K->11073K(680960K)] 667741K->11485K(2079232K), 0.0066794 secs] [Times: user=0.00 sys=0.00, real=0.01 secs] 
2020-09-29T12:38:39.047+0200: 19.922: [GC (Allocation Failure) [PSYoungGen: 674113K->4161K(680960K)] 674525K->4573K(2079232K), 0.0033236 secs] [Times: user=0.00 sys=0.00, real=0.00 secs] 
2020-09-29T12:38:39.152+0200: 20.028: [GC (Allocation Failure) [PSYoungGen: 667201K->11009K(680448K)] 667613K->11421K(2078720K), 0.0071805 secs] [Times: user=0.00 sys=0.00, real=0.01 secs] 
2020-09-29T12:38:39.265+0200: 20.140: [GC (Allocation Failure) [PSYoungGen: 674049K->4097K(680960K)] 674461K->4509K(2079232K), 0.0036471 secs] [Times: user=0.00 sys=0.00, real=0.00 secs] 
2020-09-29T12:38:39.367+0200: 20.242: [GC (Allocation Failure) [PSYoungGen: 667137K->10913K(680448K)] 667549K->11325K(2078720K), 0.0065700 secs] [Times: user=0.00 sys=0.00, real=0.01 secs] 
2020-09-29T12:38:39.470+0200: 20.345: [GC (Allocation Failure) [PSYoungGen: 673953K->4001K(680960K)] 674365K->4413K(2079232K), 0.0036191 secs] [Times: user=0.00 sys=0.00, real=0.00 secs] 
2020-09-29T12:38:39.567+0200: 20.442: [GC (Allocation Failure) [PSYoungGen: 667041K->10753K(680448K)] 667453K->11165K(2078720K), 0.0066651 secs] [Times: user=0.00 sys=0.00, real=0.01 secs] 
2020-09-29T12:38:39.671+0200: 20.546: [GC (Allocation Failure) [PSYoungGen: 673793K->3937K(680960K)] 674205K->4349K(2079232K), 0.0035162 secs] [Times: user=0.00 sys=0.00, real=0.00 secs] 
2020-09-29T12:38:39.769+0200: 20.644: [GC (Allocation Failure) [PSYoungGen: 666977K->10689K(680448K)] 667389K->11101K(2078720K), 0.0063355 secs] [Times: user=0.13 sys=0.00, real=0.01 secs] 
2020-09-29T12:38:39.869+0200: 20.744: [GC (Allocation Failure) [PSYoungGen: 673729K->3841K(680960K)] 674141K->4253K(2079232K), 0.0035339 secs] [Times: user=0.00 sys=0.00, real=0.00 secs] 
2020-09-29T12:38:39.968+0200: 20.843: [GC (Allocation Failure) [PSYoungGen: 666881K->10561K(681472K)] 667293K->10973K(2079744K), 0.0061412 secs] [Times: user=0.13 sys=0.00, real=0.01 secs] 
2020-09-29T12:38:40.070+0200: 20.945: [GC (Allocation Failure) [PSYoungGen: 674625K->4673K(681472K)] 675037K->5085K(2079744K), 0.0036296 secs] [Times: user=0.00 sys=0.00, real=0.00 secs] 
2020-09-29T12:38:40.174+0200: 21.049: [GC (Allocation Failure) [PSYoungGen: 668737K->12545K(679936K)] 669149K->12957K(2078208K), 0.0077664 secs] [Times: user=0.13 sys=0.00, real=0.01 secs] 
2020-09-29T12:38:40.281+0200: 21.156: [GC (Allocation Failure) [PSYoungGen: 675585K->5665K(680960K)] 675997K->6077K(2079232K), 0.0043191 secs] [Times: user=0.00 sys=0.00, real=0.00 secs] 
2020-09-29T12:38:40.379+0200: 21.254: [GC (Allocation Failure) [PSYoungGen: 668705K->12449K(679424K)] 669117K->12861K(2077696K), 0.0071053 secs] [Times: user=0.00 sys=0.00, real=0.01 secs] 
2020-09-29T12:38:40.478+0200: 21.354: [GC (Allocation Failure) [PSYoungGen: 674465K->4577K(680448K)] 674877K->4989K(2078720K), 0.0036005 secs] [Times: user=0.00 sys=0.00, real=0.00 secs] 
2020-09-29T12:38:40.581+0200: 21.456: [GC (Allocation Failure) [PSYoungGen: 666593K->10305K(680960K)] 667005K->10717K(2079232K), 0.0061552 secs] [Times: user=0.11 sys=0.00, real=0.01 secs] 
2020-09-29T12:38:40.691+0200: 21.566: [GC (Allocation Failure) [PSYoungGen: 671803K->32K(663552K)] 672215K->444K(2061824K), 0.0004878 secs] [Times: user=0.00 sys=0.00, real=0.00 secs] 
2020-09-29T12:38:40.790+0200: 21.664: [GC (Allocation Failure) [PSYoungGen: 663072K->6913K(681472K)] 663484K->7325K(2079744K), 0.0049175 secs] [Times: user=0.00 sys=0.00, real=0.01 secs] 
2020-09-29T12:38:40.890+0200: 21.765: [GC (Allocation Failure) [PSYoungGen: 669953K->13697K(680448K)] 670365K->14109K(2078720K), 0.0075280 secs] [Times: user=0.13 sys=0.00, real=0.01 secs] 
2020-09-29T12:38:40.990+0200: 21.864: [GC (Allocation Failure) [PSYoungGen: 676737K->6849K(680960K)] 677149K->7261K(2079232K), 0.0045606 secs] [Times: user=0.00 sys=0.00, real=0.00 secs] 
2020-09-29T12:38:41.090+0200: 21.964: [GC (Allocation Failure) [PSYoungGen: 669377K->13121K(675840K)] 669789K->13533K(2074112K), 0.0074805 secs] [Times: user=0.00 sys=0.00, real=0.01 secs] 
Heap
 PSYoungGen      total 675840K, used 343987K [0x00000000d5580000, 0x0000000100000000, 0x0000000100000000)
  eden space 662528K, 49% used [0x00000000d5580000,0x00000000e989c808,0x00000000fdc80000)
  from space 13312K, 98% used [0x00000000fdc80000,0x00000000fe950490,0x00000000fe980000)
  to   space 18944K, 0% used [0x00000000fed80000,0x00000000fed80000,0x0000000100000000)
 ParOldGen       total 1398272K, used 412K [0x0000000080000000, 0x00000000d5580000, 0x00000000d5580000)
  object space 1398272K, 0% used [0x0000000080000000,0x0000000080067060,0x00000000d5580000)
 Metaspace       used 2594K, capacity 4486K, committed 4864K, reserved 1056768K
  class space    used 285K, capacity 386K, committed 512K, reserved 1048576K
