Java HotSpot(TM) 64-Bit Server VM (25.261-b12) for windows-amd64 JRE (1.8.0_261-b12), built on Jun 18 2020 06:56:32 by "" with unknown MS VC++:1916
Memory: 4k page, physical 16659684k(9111872k free), swap 23213284k(8158604k free)
CommandLine flags: -XX:InitialHeapSize=2147483648 -XX:MaxHeapSize=2147483648 -XX:+PrintGC -XX:+PrintGCDateStamps -XX:+PrintGCDetails -XX:+PrintGCTimeStamps -XX:+UseCompressedClassPointers -XX:+UseCompressedOops -XX:-UseLargePagesIndividualAllocation -XX:+UseParallelGC 
2020-09-29T12:40:57.014+0200: 0.379: [GC (Allocation Failure) [PSYoungGen: 524800K->11969K(611840K)] 524800K->11977K(2010112K), 0.0092328 secs] [Times: user=0.13 sys=0.00, real=0.01 secs] 
2020-09-29T12:40:57.109+0200: 0.475: [GC (Allocation Failure) [PSYoungGen: 536769K->3441K(611840K)] 536777K->3449K(2010112K), 0.0044674 secs] [Times: user=0.02 sys=0.00, real=0.01 secs] 
2020-09-29T12:40:57.196+0200: 0.561: [GC (Allocation Failure) [PSYoungGen: 528241K->8641K(611840K)] 528249K->8649K(2010112K), 0.0060584 secs] [Times: user=0.00 sys=0.00, real=0.01 secs] 
2020-09-29T12:40:57.282+0200: 0.648: [GC (Allocation Failure) [PSYoungGen: 533441K->13777K(611840K)] 533449K->13785K(2010112K), 0.0083059 secs] [Times: user=0.13 sys=0.00, real=0.01 secs] 
2020-09-29T12:40:57.368+0200: 0.733: [GC (Allocation Failure) [PSYoungGen: 538577K->5249K(611840K)] 538585K->5257K(2010112K), 0.0042273 secs] [Times: user=0.00 sys=0.00, real=0.00 secs] 
2020-09-29T12:40:57.460+0200: 0.825: [GC (Allocation Failure) [PSYoungGen: 530049K->10433K(682496K)] 530057K->10441K(2080768K), 0.0087787 secs] [Times: user=0.00 sys=0.00, real=0.01 secs] 
2020-09-29T12:40:57.628+0200: 0.993: [GC (Allocation Failure) [PSYoungGen: 676545K->6241K(682496K)] 676553K->6653K(2080768K), 0.0066721 secs] [Times: user=0.11 sys=0.02, real=0.01 secs] 
2020-09-29T12:40:57.735+0200: 1.100: [GC (Allocation Failure) [PSYoungGen: 671643K->32K(680960K)] 672055K->444K(2079232K), 0.0006837 secs] [Times: user=0.00 sys=0.00, real=0.00 secs] 
2020-09-29T12:40:57.834+0200: 1.199: [GC (Allocation Failure) [PSYoungGen: 665120K->8961K(681984K)] 665532K->9373K(2080256K), 0.0056421 secs] [Times: user=0.00 sys=0.00, real=0.00 secs] 
2020-09-29T12:40:57.935+0200: 1.301: [GC (Allocation Failure) [PSYoungGen: 674049K->4161K(683008K)] 674461K->4573K(2081280K), 0.0033464 secs] [Times: user=0.00 sys=0.00, real=0.00 secs] 
2020-09-29T12:40:58.035+0200: 1.400: [GC (Allocation Failure) [PSYoungGen: 670785K->32K(682496K)] 671197K->444K(2080768K), 0.0005879 secs] [Times: user=0.00 sys=0.00, real=0.00 secs] 
2020-09-29T12:40:58.136+0200: 1.501: [GC (Allocation Failure) [PSYoungGen: 666656K->10497K(681472K)] 667068K->10909K(2079744K), 0.0059442 secs] [Times: user=0.00 sys=0.00, real=0.01 secs] 
2020-09-29T12:40:58.243+0200: 1.609: [GC (Allocation Failure) [PSYoungGen: 675585K->5665K(681984K)] 675997K->6077K(2080256K), 0.0041098 secs] [Times: user=0.00 sys=0.00, real=0.00 secs] 
2020-09-29T12:40:58.341+0200: 1.707: [GC (Allocation Failure) [PSYoungGen: 670753K->32K(682496K)] 671165K->444K(2080768K), 0.0008462 secs] [Times: user=0.00 sys=0.00, real=0.00 secs] 
2020-09-29T12:40:58.442+0200: 1.807: [GC (Allocation Failure) [PSYoungGen: 666144K->9985K(676352K)] 666556K->10397K(2074624K), 0.0068115 secs] [Times: user=0.00 sys=0.00, real=0.01 secs] 
2020-09-29T12:40:58.543+0200: 1.908: [GC (Allocation Failure) [PSYoungGen: 676097K->6145K(683008K)] 676509K->6557K(2081280K), 0.0046295 secs] [Times: user=0.00 sys=0.00, real=0.00 secs] 
2020-09-29T12:40:58.645+0200: 2.010: [GC (Allocation Failure) [PSYoungGen: 672257K->2433K(681984K)] 672669K->2845K(2080256K), 0.0028559 secs] [Times: user=0.00 sys=0.00, real=0.00 secs] 
2020-09-29T12:40:58.742+0200: 2.108: [GC (Allocation Failure) [PSYoungGen: 668545K->12193K(680960K)] 668957K->12605K(2079232K), 0.0072294 secs] [Times: user=0.00 sys=0.00, real=0.01 secs] 
2020-09-29T12:40:58.841+0200: 2.207: [GC (Allocation Failure) [PSYoungGen: 677281K->7393K(681984K)] 677693K->7805K(2080256K), 0.0049488 secs] [Times: user=0.00 sys=0.00, real=0.00 secs] 
2020-09-29T12:40:58.942+0200: 2.308: [GC (Allocation Failure) [PSYoungGen: 672481K->2465K(683008K)] 672893K->2877K(2081280K), 0.0024456 secs] [Times: user=0.00 sys=0.00, real=0.00 secs] 
2020-09-29T12:40:59.038+0200: 2.403: [GC (Allocation Failure) [PSYoungGen: 669089K->12961K(679936K)] 669501K->13373K(2078208K), 0.0074610 secs] [Times: user=0.00 sys=0.00, real=0.01 secs] 
2020-09-29T12:40:59.141+0200: 2.506: [GC (Allocation Failure) [PSYoungGen: 679585K->9633K(681472K)] 679997K->10045K(2079744K), 0.0071371 secs] [Times: user=0.09 sys=0.00, real=0.01 secs] 
2020-09-29T12:40:59.246+0200: 2.612: [GC (Allocation Failure) [PSYoungGen: 671965K->32K(664576K)] 672377K->444K(2062848K), 0.0006138 secs] [Times: user=0.00 sys=0.00, real=0.00 secs] 
2020-09-29T12:40:59.341+0200: 2.707: [GC (Allocation Failure) [PSYoungGen: 664096K->7969K(681472K)] 664508K->8381K(2079744K), 0.0052484 secs] [Times: user=0.00 sys=0.00, real=0.01 secs] 
2020-09-29T12:40:59.440+0200: 2.805: [GC (Allocation Failure) [PSYoungGen: 671521K->32K(680960K)] 671933K->444K(2079232K), 0.0004101 secs] [Times: user=0.00 sys=0.00, real=0.00 secs] 
2020-09-29T12:40:59.546+0200: 2.911: [GC (Allocation Failure) [PSYoungGen: 663584K->7457K(681984K)] 663996K->7869K(2080256K), 0.0049489 secs] [Times: user=0.00 sys=0.00, real=0.01 secs] 
2020-09-29T12:40:59.667+0200: 3.032: [GC (Allocation Failure) [PSYoungGen: 672033K->32K(681472K)] 672445K->444K(2079744K), 0.0003373 secs] [Times: user=0.00 sys=0.00, real=0.00 secs] 
2020-09-29T12:40:59.773+0200: 3.138: [GC (Allocation Failure) [PSYoungGen: 664608K->8481K(681984K)] 665020K->8893K(2080256K), 0.0052763 secs] [Times: user=0.00 sys=0.00, real=0.01 secs] 
2020-09-29T12:40:59.887+0200: 3.252: [GC (Allocation Failure) [PSYoungGen: 673569K->3617K(681984K)] 673981K->4029K(2080256K), 0.0034334 secs] [Times: user=0.00 sys=0.00, real=0.00 secs] 
2020-09-29T12:41:00.016+0200: 3.382: [GC (Allocation Failure) [PSYoungGen: 668705K->12417K(679936K)] 669117K->12829K(2078208K), 0.0087679 secs] [Times: user=0.11 sys=0.00, real=0.01 secs] 
2020-09-29T12:41:00.140+0200: 3.505: [GC (Allocation Failure) [PSYoungGen: 676481K->6561K(681472K)] 676893K->6973K(2079744K), 0.0046308 secs] [Times: user=0.01 sys=0.02, real=0.00 secs] 
2020-09-29T12:41:00.250+0200: 3.616: [GC (Allocation Failure) [PSYoungGen: 670625K->32K(682496K)] 671037K->444K(2080768K), 0.0003326 secs] [Times: user=0.00 sys=0.00, real=0.00 secs] 
2020-09-29T12:41:00.359+0200: 3.725: [GC (Allocation Failure) [PSYoungGen: 666144K->9985K(676352K)] 666556K->10397K(2074624K), 0.0062074 secs] [Times: user=0.13 sys=0.00, real=0.01 secs] 
2020-09-29T12:41:00.473+0200: 3.838: [GC (Allocation Failure) [PSYoungGen: 676097K->6209K(683008K)] 676509K->6621K(2081280K), 0.0046663 secs] [Times: user=0.00 sys=0.00, real=0.00 secs] 
2020-09-29T12:41:00.591+0200: 3.957: [GC (Allocation Failure) [PSYoungGen: 672321K->2401K(681984K)] 672733K->2813K(2080256K), 0.0027659 secs] [Times: user=0.00 sys=0.00, real=0.00 secs] 
2020-09-29T12:41:00.708+0200: 4.073: [GC (Allocation Failure) [PSYoungGen: 668513K->12225K(679936K)] 668925K->12637K(2078208K), 0.0079871 secs] [Times: user=0.00 sys=0.00, real=0.01 secs] 
2020-09-29T12:41:00.817+0200: 4.182: [GC (Allocation Failure) [PSYoungGen: 676289K->6401K(681472K)] 676701K->6813K(2079744K), 0.0043925 secs] [Times: user=0.00 sys=0.00, real=0.00 secs] 
2020-09-29T12:41:00.934+0200: 4.299: [GC (Allocation Failure) [PSYoungGen: 670465K->32K(681984K)] 670877K->444K(2080256K), 0.0004388 secs] [Times: user=0.00 sys=0.00, real=0.00 secs] 
2020-09-29T12:41:01.056+0200: 4.422: [GC (Allocation Failure) [PSYoungGen: 666144K->9985K(676352K)] 666556K->10397K(2074624K), 0.0060319 secs] [Times: user=0.00 sys=0.00, real=0.01 secs] 
2020-09-29T12:41:01.179+0200: 4.544: [GC (Allocation Failure) [PSYoungGen: 676097K->6113K(683008K)] 676509K->6525K(2081280K), 0.0048287 secs] [Times: user=0.00 sys=0.00, real=0.01 secs] 
2020-09-29T12:41:01.300+0200: 4.665: [GC (Allocation Failure) [PSYoungGen: 672225K->2433K(681984K)] 672637K->2845K(2080256K), 0.0031917 secs] [Times: user=0.09 sys=0.00, real=0.00 secs] 
2020-09-29T12:41:01.419+0200: 4.784: [GC (Allocation Failure) [PSYoungGen: 668545K->12289K(680448K)] 668957K->12701K(2078720K), 0.0080335 secs] [Times: user=0.00 sys=0.00, real=0.01 secs] 
2020-09-29T12:41:01.532+0200: 4.897: [GC (Allocation Failure) [PSYoungGen: 677377K->7361K(681984K)] 677789K->7773K(2080256K), 0.0055795 secs] [Times: user=0.13 sys=0.00, real=0.00 secs] 
2020-09-29T12:41:01.646+0200: 5.011: [GC (Allocation Failure) [PSYoungGen: 672449K->2465K(683008K)] 672861K->2877K(2081280K), 0.0026278 secs] [Times: user=0.00 sys=0.00, real=0.00 secs] 
2020-09-29T12:41:01.750+0200: 5.116: [GC (Allocation Failure) [PSYoungGen: 669089K->12961K(679936K)] 669501K->13373K(2078208K), 0.0081754 secs] [Times: user=0.11 sys=0.00, real=0.01 secs] 
2020-09-29T12:41:01.863+0200: 5.228: [GC (Allocation Failure) [PSYoungGen: 679585K->9569K(681472K)] 679997K->9981K(2079744K), 0.0065611 secs] [Times: user=0.03 sys=0.00, real=0.01 secs] 
2020-09-29T12:41:01.989+0200: 5.355: [GC (Allocation Failure) [PSYoungGen: 671932K->32K(664576K)] 672344K->444K(2062848K), 0.0003059 secs] [Times: user=0.00 sys=0.00, real=0.00 secs] 
2020-09-29T12:41:02.094+0200: 5.459: [GC (Allocation Failure) [PSYoungGen: 664096K->7969K(681472K)] 664508K->8381K(2079744K), 0.0055252 secs] [Times: user=0.11 sys=0.00, real=0.00 secs] 
2020-09-29T12:41:02.205+0200: 5.571: [GC (Allocation Failure) [PSYoungGen: 671521K->32K(680960K)] 671933K->444K(2079232K), 0.0006529 secs] [Times: user=0.00 sys=0.00, real=0.00 secs] 
2020-09-29T12:41:02.303+0200: 5.668: [GC (Allocation Failure) [PSYoungGen: 663584K->7425K(681984K)] 663996K->7837K(2080256K), 0.0055501 secs] [Times: user=0.00 sys=0.00, real=0.01 secs] 
2020-09-29T12:41:02.419+0200: 5.784: [GC (Allocation Failure) [PSYoungGen: 672001K->32K(681472K)] 672413K->444K(2079744K), 0.0004845 secs] [Times: user=0.00 sys=0.00, real=0.00 secs] 
2020-09-29T12:41:02.515+0200: 5.881: [GC (Allocation Failure) [PSYoungGen: 664608K->8481K(681984K)] 665020K->8893K(2080256K), 0.0054707 secs] [Times: user=0.13 sys=0.00, real=0.01 secs] 
2020-09-29T12:41:02.620+0200: 5.986: [GC (Allocation Failure) [PSYoungGen: 673569K->3649K(681984K)] 673981K->4061K(2080256K), 0.0036635 secs] [Times: user=0.00 sys=0.00, real=0.00 secs] 
2020-09-29T12:41:02.729+0200: 6.094: [GC (Allocation Failure) [PSYoungGen: 668737K->12481K(679936K)] 669149K->12893K(2078208K), 0.0077501 secs] [Times: user=0.00 sys=0.00, real=0.01 secs] 
2020-09-29T12:41:02.830+0200: 6.196: [GC (Allocation Failure) [PSYoungGen: 676545K->6561K(681472K)] 676957K->6973K(2079744K), 0.0046465 secs] [Times: user=0.13 sys=0.00, real=0.01 secs] 
2020-09-29T12:41:02.929+0200: 6.294: [GC (Allocation Failure) [PSYoungGen: 670625K->32K(682496K)] 671037K->444K(2080768K), 0.0004194 secs] [Times: user=0.00 sys=0.00, real=0.00 secs] 
2020-09-29T12:41:03.027+0200: 6.393: [GC (Allocation Failure) [PSYoungGen: 666144K->10017K(676352K)] 666556K->10429K(2074624K), 0.0059785 secs] [Times: user=0.00 sys=0.00, real=0.01 secs] 
2020-09-29T12:41:03.126+0200: 6.491: [GC (Allocation Failure) [PSYoungGen: 676129K->6177K(683008K)] 676541K->6589K(2081280K), 0.0044680 secs] [Times: user=0.13 sys=0.00, real=0.01 secs] 
2020-09-29T12:41:03.233+0200: 6.598: [GC (Allocation Failure) [PSYoungGen: 671777K->32K(681472K)] 672189K->444K(2079744K), 0.0005566 secs] [Times: user=0.00 sys=0.00, real=0.00 secs] 
2020-09-29T12:41:03.333+0200: 6.698: [GC (Allocation Failure) [PSYoungGen: 665632K->9505K(682496K)] 666044K->9917K(2080768K), 0.0057541 secs] [Times: user=0.00 sys=0.00, real=0.01 secs] 
2020-09-29T12:41:03.433+0200: 6.798: [GC (Allocation Failure) [PSYoungGen: 675617K->5633K(682496K)] 676029K->6045K(2080768K), 0.0042991 secs] [Times: user=0.00 sys=0.00, real=0.00 secs] 
2020-09-29T12:41:03.535+0200: 6.900: [GC (Allocation Failure) [PSYoungGen: 671745K->32K(682496K)] 672157K->444K(2080768K), 0.0004288 secs] [Times: user=0.02 sys=0.00, real=0.00 secs] 
2020-09-29T12:41:03.641+0200: 7.006: [GC (Allocation Failure) [PSYoungGen: 667168K->11009K(678400K)] 667580K->11421K(2076672K), 0.0065727 secs] [Times: user=0.13 sys=0.00, real=0.01 secs] 
2020-09-29T12:41:03.743+0200: 7.108: [GC (Allocation Failure) [PSYoungGen: 678145K->8225K(682496K)] 678557K->8637K(2080768K), 0.0052695 secs] [Times: user=0.00 sys=0.00, real=0.00 secs] 
2020-09-29T12:41:03.844+0200: 7.209: [GC (Allocation Failure) [PSYoungGen: 673825K->3937K(681984K)] 674237K->4349K(2080256K), 0.0032317 secs] [Times: user=0.00 sys=0.00, real=0.00 secs] 
2020-09-29T12:41:03.946+0200: 7.311: [GC (Allocation Failure) [PSYoungGen: 669537K->13249K(678912K)] 669949K->13661K(2077184K), 0.0072565 secs] [Times: user=0.00 sys=0.00, real=0.01 secs] 
2020-09-29T12:41:04.045+0200: 7.411: [GC (Allocation Failure) [PSYoungGen: 676289K->6369K(680960K)] 676701K->6781K(2079232K), 0.0043565 secs] [Times: user=0.00 sys=0.00, real=0.00 secs] 
2020-09-29T12:41:04.145+0200: 7.511: [GC (Allocation Failure) [PSYoungGen: 669409K->13185K(679424K)] 669821K->13597K(2077696K), 0.0085335 secs] [Times: user=0.00 sys=0.00, real=0.01 secs] 
2020-09-29T12:41:04.253+0200: 7.619: [GC (Allocation Failure) [PSYoungGen: 676225K->6241K(680960K)] 676637K->6653K(2079232K), 0.0045845 secs] [Times: user=0.13 sys=0.00, real=0.00 secs] 
2020-09-29T12:41:04.351+0200: 7.716: [GC (Allocation Failure) [PSYoungGen: 669281K->13089K(679424K)] 669693K->13501K(2077696K), 0.0073305 secs] [Times: user=0.00 sys=0.00, real=0.01 secs] 
2020-09-29T12:41:04.455+0200: 7.820: [GC (Allocation Failure) [PSYoungGen: 675105K->5121K(680448K)] 675517K->5533K(2078720K), 0.0039227 secs] [Times: user=0.13 sys=0.00, real=0.00 secs] 
2020-09-29T12:41:04.554+0200: 7.919: [GC (Allocation Failure) [PSYoungGen: 667137K->10881K(680960K)] 667549K->11293K(2079232K), 0.0064417 secs] [Times: user=0.00 sys=0.00, real=0.01 secs] 
2020-09-29T12:41:04.661+0200: 8.026: [GC (Allocation Failure) [PSYoungGen: 673921K->4001K(680960K)] 674333K->4413K(2079232K), 0.0035858 secs] [Times: user=0.00 sys=0.00, real=0.00 secs] 
2020-09-29T12:41:04.762+0200: 8.127: [GC (Allocation Failure) [PSYoungGen: 667041K->10849K(680960K)] 667453K->11261K(2079232K), 0.0064167 secs] [Times: user=0.00 sys=0.00, real=0.01 secs] 
2020-09-29T12:41:04.866+0200: 8.232: [GC (Allocation Failure) [PSYoungGen: 673889K->3937K(680960K)] 674301K->4349K(2079232K), 0.0033960 secs] [Times: user=0.00 sys=0.00, real=0.00 secs] 
2020-09-29T12:41:04.964+0200: 8.330: [GC (Allocation Failure) [PSYoungGen: 666977K->10689K(680448K)] 667389K->11101K(2078720K), 0.0059501 secs] [Times: user=0.00 sys=0.00, real=0.01 secs] 
2020-09-29T12:41:05.068+0200: 8.433: [GC (Allocation Failure) [PSYoungGen: 673729K->3809K(680960K)] 674141K->4221K(2079232K), 0.0035114 secs] [Times: user=0.00 sys=0.00, real=0.00 secs] 
2020-09-29T12:41:05.171+0200: 8.537: [GC (Allocation Failure) [PSYoungGen: 666849K->10593K(680448K)] 667261K->11005K(2078720K), 0.0065691 secs] [Times: user=0.13 sys=0.00, real=0.01 secs] 
2020-09-29T12:41:05.279+0200: 8.645: [GC (Allocation Failure) [PSYoungGen: 673633K->3713K(680960K)] 674045K->4125K(2079232K), 0.0040917 secs] [Times: user=0.00 sys=0.00, real=0.00 secs] 
2020-09-29T12:41:05.403+0200: 8.769: [GC (Allocation Failure) [PSYoungGen: 666753K->10529K(681472K)] 667165K->10941K(2079744K), 0.0071503 secs] [Times: user=0.00 sys=0.00, real=0.01 secs] 
2020-09-29T12:41:05.532+0200: 8.897: [GC (Allocation Failure) [PSYoungGen: 674593K->4641K(681472K)] 675005K->5053K(2079744K), 0.0040243 secs] [Times: user=0.00 sys=0.00, real=0.00 secs] 
2020-09-29T12:41:05.661+0200: 9.026: [GC (Allocation Failure) [PSYoungGen: 668705K->12449K(680448K)] 669117K->12861K(2078720K), 0.0090049 secs] [Times: user=0.00 sys=0.00, real=0.01 secs] 
2020-09-29T12:41:05.782+0200: 9.147: [GC (Allocation Failure) [PSYoungGen: 675489K->5537K(680960K)] 675901K->5949K(2079232K), 0.0046249 secs] [Times: user=0.13 sys=0.00, real=0.00 secs] 
2020-09-29T12:41:05.907+0200: 9.272: [GC (Allocation Failure) [PSYoungGen: 668577K->12385K(679424K)] 668989K->12797K(2077696K), 0.0079105 secs] [Times: user=0.11 sys=0.00, real=0.01 secs] 
2020-09-29T12:41:06.017+0200: 9.383: [GC (Allocation Failure) [PSYoungGen: 674401K->4449K(680448K)] 674813K->4861K(2078720K), 0.0035657 secs] [Times: user=0.13 sys=0.00, real=0.00 secs] 
2020-09-29T12:41:06.116+0200: 9.481: [GC (Allocation Failure) [PSYoungGen: 666465K->10241K(680960K)] 666877K->10653K(2079232K), 0.0062839 secs] [Times: user=0.00 sys=0.00, real=0.01 secs] 
2020-09-29T12:41:06.223+0200: 9.588: [GC (Allocation Failure) [PSYoungGen: 671739K->32K(663552K)] 672151K->444K(2061824K), 0.0008162 secs] [Times: user=0.00 sys=0.00, real=0.00 secs] 
2020-09-29T12:41:06.322+0200: 9.687: [GC (Allocation Failure) [PSYoungGen: 663072K->6913K(681472K)] 663484K->7325K(2079744K), 0.0052551 secs] [Times: user=0.00 sys=0.00, real=0.00 secs] 
2020-09-29T12:41:06.438+0200: 9.803: [GC (Allocation Failure) [PSYoungGen: 669953K->13665K(680448K)] 670365K->14077K(2078720K), 0.0080081 secs] [Times: user=0.11 sys=0.00, real=0.01 secs] 
2020-09-29T12:41:06.543+0200: 9.909: [GC (Allocation Failure) [PSYoungGen: 676705K->6785K(680960K)] 677117K->7197K(2079232K), 0.0048134 secs] [Times: user=0.00 sys=0.00, real=0.01 secs] 
2020-09-29T12:41:06.644+0200: 10.009: [GC (Allocation Failure) [PSYoungGen: 669313K->13089K(675840K)] 669725K->13501K(2074112K), 0.0077144 secs] [Times: user=0.13 sys=0.00, real=0.01 secs] 
2020-09-29T12:41:06.748+0200: 10.114: [GC (Allocation Failure) [PSYoungGen: 675617K->5665K(680448K)] 676029K->6077K(2078720K), 0.0046509 secs] [Times: user=0.00 sys=0.00, real=0.01 secs] 
2020-09-29T12:41:06.849+0200: 10.214: [GC (Allocation Failure) [PSYoungGen: 667169K->10977K(679936K)] 667581K->11389K(2078208K), 0.0065216 secs] [Times: user=0.00 sys=0.00, real=0.01 secs] 
2020-09-29T12:41:06.949+0200: 10.314: [GC (Allocation Failure) [PSYoungGen: 672481K->2465K(680448K)] 672893K->2877K(2078720K), 0.0028227 secs] [Times: user=0.00 sys=0.00, real=0.00 secs] 
2020-09-29T12:41:07.049+0200: 10.414: [GC (Allocation Failure) [PSYoungGen: 664481K->8289K(680448K)] 664893K->8701K(2078720K), 0.0057739 secs] [Times: user=0.13 sys=0.00, real=0.01 secs] 
2020-09-29T12:41:07.154+0200: 10.519: [GC (Allocation Failure) [PSYoungGen: 670305K->32K(680448K)] 670717K->444K(2078720K), 0.0006085 secs] [Times: user=0.00 sys=0.00, real=0.00 secs] 
2020-09-29T12:41:07.252+0200: 10.617: [GC (Allocation Failure) [PSYoungGen: 663072K->6945K(680960K)] 663484K->7357K(2079232K), 0.0049245 secs] [Times: user=0.13 sys=0.00, real=0.00 secs] 
2020-09-29T12:41:07.354+0200: 10.719: [GC (Allocation Failure) [PSYoungGen: 669985K->13665K(678912K)] 670397K->14077K(2077184K), 0.0079444 secs] [Times: user=0.00 sys=0.00, real=0.01 secs] 
2020-09-29T12:41:07.458+0200: 10.823: [GC (Allocation Failure) [PSYoungGen: 675681K->5857K(680448K)] 676093K->6269K(2078720K), 0.0042451 secs] [Times: user=0.00 sys=0.00, real=0.00 secs] 
2020-09-29T12:41:07.555+0200: 10.920: [GC (Allocation Failure) [PSYoungGen: 667873K->11585K(680448K)] 668285K->11997K(2078720K), 0.0068576 secs] [Times: user=0.00 sys=0.00, real=0.01 secs] 
2020-09-29T12:41:07.668+0200: 11.033: [GC (Allocation Failure) [PSYoungGen: 674625K->4673K(680960K)] 675037K->5085K(2079232K), 0.0034270 secs] [Times: user=0.00 sys=0.00, real=0.00 secs] 
2020-09-29T12:41:07.764+0200: 11.130: [GC (Allocation Failure) [PSYoungGen: 667713K->11489K(680960K)] 668125K->11901K(2079232K), 0.0066020 secs] [Times: user=0.13 sys=0.00, real=0.01 secs] 
2020-09-29T12:41:07.864+0200: 11.229: [GC (Allocation Failure) [PSYoungGen: 674529K->4609K(680960K)] 674941K->5021K(2079232K), 0.0037830 secs] [Times: user=0.02 sys=0.00, real=0.00 secs] 
2020-09-29T12:41:07.964+0200: 11.329: [GC (Allocation Failure) [PSYoungGen: 667649K->11361K(680960K)] 668061K->11773K(2079232K), 0.0070532 secs] [Times: user=0.00 sys=0.00, real=0.01 secs] 
2020-09-29T12:41:08.063+0200: 11.428: [GC (Allocation Failure) [PSYoungGen: 674401K->4417K(680960K)] 674813K->4829K(2079232K), 0.0034399 secs] [Times: user=0.00 sys=0.02, real=0.00 secs] 
2020-09-29T12:41:08.166+0200: 11.531: [GC (Allocation Failure) [PSYoungGen: 667457K->11265K(680960K)] 667869K->11677K(2079232K), 0.0078301 secs] [Times: user=0.00 sys=0.00, real=0.01 secs] 
2020-09-29T12:41:08.276+0200: 11.641: [GC (Allocation Failure) [PSYoungGen: 674305K->4353K(680960K)] 674717K->4765K(2079232K), 0.0036229 secs] [Times: user=0.00 sys=0.00, real=0.00 secs] 
2020-09-29T12:41:08.373+0200: 11.738: [GC (Allocation Failure) [PSYoungGen: 667393K->11137K(680960K)] 667805K->11549K(2079232K), 0.0063406 secs] [Times: user=0.00 sys=0.00, real=0.01 secs] 
2020-09-29T12:41:08.475+0200: 11.840: [GC (Allocation Failure) [PSYoungGen: 674177K->4289K(680960K)] 674589K->4701K(2079232K), 0.0040873 secs] [Times: user=0.00 sys=0.00, real=0.00 secs] 
2020-09-29T12:41:08.572+0200: 11.938: [GC (Allocation Failure) [PSYoungGen: 667329K->11105K(680960K)] 667741K->11517K(2079232K), 0.0064861 secs] [Times: user=0.00 sys=0.00, real=0.01 secs] 
2020-09-29T12:41:08.681+0200: 12.046: [GC (Allocation Failure) [PSYoungGen: 674145K->4193K(680960K)] 674557K->4605K(2079232K), 0.0035651 secs] [Times: user=0.00 sys=0.00, real=0.00 secs] 
2020-09-29T12:41:08.781+0200: 12.146: [GC (Allocation Failure) [PSYoungGen: 667233K->10977K(680448K)] 667645K->11389K(2078720K), 0.0069387 secs] [Times: user=0.13 sys=0.00, real=0.01 secs] 
2020-09-29T12:41:08.885+0200: 12.250: [GC (Allocation Failure) [PSYoungGen: 674017K->4129K(680960K)] 674429K->4541K(2079232K), 0.0035130 secs] [Times: user=0.00 sys=0.00, real=0.00 secs] 
2020-09-29T12:41:08.997+0200: 12.362: [GC (Allocation Failure) [PSYoungGen: 667169K->10881K(680448K)] 667581K->11293K(2078720K), 0.0064641 secs] [Times: user=0.00 sys=0.00, real=0.01 secs] 
2020-09-29T12:41:09.102+0200: 12.467: [GC (Allocation Failure) [PSYoungGen: 673921K->4033K(680960K)] 674333K->4445K(2079232K), 0.0031263 secs] [Times: user=0.00 sys=0.00, real=0.00 secs] 
2020-09-29T12:41:09.210+0200: 12.575: [GC (Allocation Failure) [PSYoungGen: 667073K->10785K(680448K)] 667485K->11197K(2078720K), 0.0067422 secs] [Times: user=0.00 sys=0.00, real=0.01 secs] 
2020-09-29T12:41:09.314+0200: 12.679: [GC (Allocation Failure) [PSYoungGen: 673825K->3905K(680960K)] 674237K->4317K(2079232K), 0.0033566 secs] [Times: user=0.13 sys=0.00, real=0.00 secs] 
2020-09-29T12:41:09.423+0200: 12.788: [GC (Allocation Failure) [PSYoungGen: 666945K->10689K(680448K)] 667357K->11101K(2078720K), 0.0063509 secs] [Times: user=0.13 sys=0.00, real=0.01 secs] 
2020-09-29T12:41:09.523+0200: 12.888: [GC (Allocation Failure) [PSYoungGen: 673729K->3841K(680960K)] 674141K->4253K(2079232K), 0.0033482 secs] [Times: user=0.00 sys=0.00, real=0.00 secs] 
2020-09-29T12:41:09.624+0200: 12.990: [GC (Allocation Failure) [PSYoungGen: 666881K->10561K(681472K)] 667293K->10973K(2079744K), 0.0072211 secs] [Times: user=0.13 sys=0.00, real=0.01 secs] 
2020-09-29T12:41:09.732+0200: 13.097: [GC (Allocation Failure) [PSYoungGen: 674625K->4705K(681472K)] 675037K->5117K(2079744K), 0.0035813 secs] [Times: user=0.00 sys=0.00, real=0.00 secs] 
2020-09-29T12:41:09.830+0200: 13.196: [GC (Allocation Failure) [PSYoungGen: 668769K->12545K(679936K)] 669181K->12957K(2078208K), 0.0069166 secs] [Times: user=0.13 sys=0.00, real=0.01 secs] 
2020-09-29T12:41:09.935+0200: 13.300: [GC (Allocation Failure) [PSYoungGen: 675585K->5697K(680960K)] 675997K->6109K(2079232K), 0.0047141 secs] [Times: user=0.00 sys=0.00, real=0.00 secs] 
2020-09-29T12:41:10.041+0200: 13.407: [GC (Allocation Failure) [PSYoungGen: 668737K->12449K(679424K)] 669149K->12861K(2077696K), 0.0077186 secs] [Times: user=0.00 sys=0.00, real=0.01 secs] 
2020-09-29T12:41:10.142+0200: 13.507: [GC (Allocation Failure) [PSYoungGen: 674465K->4513K(680448K)] 674877K->4925K(2078720K), 0.0036049 secs] [Times: user=0.11 sys=0.00, real=0.00 secs] 
2020-09-29T12:41:10.250+0200: 13.616: [GC (Allocation Failure) [PSYoungGen: 666529K->10273K(680960K)] 666941K->10685K(2079232K), 0.0062899 secs] [Times: user=0.13 sys=0.00, real=0.01 secs] 
2020-09-29T12:41:10.352+0200: 13.717: [GC (Allocation Failure) [PSYoungGen: 671771K->32K(663552K)] 672183K->444K(2061824K), 0.0005176 secs] [Times: user=0.00 sys=0.00, real=0.00 secs] 
2020-09-29T12:41:10.450+0200: 13.816: [GC (Allocation Failure) [PSYoungGen: 663072K->6913K(681472K)] 663484K->7325K(2079744K), 0.0044799 secs] [Times: user=0.00 sys=0.00, real=0.00 secs] 
2020-09-29T12:41:10.563+0200: 13.928: [GC (Allocation Failure) [PSYoungGen: 669953K->13697K(680448K)] 670365K->14109K(2078720K), 0.0089443 secs] [Times: user=0.11 sys=0.00, real=0.01 secs] 
2020-09-29T12:41:10.682+0200: 14.047: [GC (Allocation Failure) [PSYoungGen: 676737K->6785K(680960K)] 677149K->7197K(2079232K), 0.0044957 secs] [Times: user=0.00 sys=0.00, real=0.00 secs] 
2020-09-29T12:41:10.783+0200: 14.148: [GC (Allocation Failure) [PSYoungGen: 669313K->13121K(675840K)] 669725K->13533K(2074112K), 0.0077820 secs] [Times: user=0.13 sys=0.00, real=0.01 secs] 
2020-09-29T12:41:10.886+0200: 14.251: [GC (Allocation Failure) [PSYoungGen: 675649K->5697K(680448K)] 676061K->6109K(2078720K), 0.0040666 secs] [Times: user=0.00 sys=0.00, real=0.00 secs] 
2020-09-29T12:41:10.985+0200: 14.350: [GC (Allocation Failure) [PSYoungGen: 667201K->10945K(679936K)] 667613K->11357K(2078208K), 0.0064074 secs] [Times: user=0.13 sys=0.00, real=0.01 secs] 
2020-09-29T12:41:11.090+0200: 14.455: [GC (Allocation Failure) [PSYoungGen: 672449K->2529K(680448K)] 672861K->2941K(2078720K), 0.0027177 secs] [Times: user=0.00 sys=0.00, real=0.00 secs] 
2020-09-29T12:41:11.192+0200: 14.558: [GC (Allocation Failure) [PSYoungGen: 664545K->8289K(680448K)] 664957K->8701K(2078720K), 0.0056003 secs] [Times: user=0.00 sys=0.00, real=0.01 secs] 
2020-09-29T12:41:11.292+0200: 14.658: [GC (Allocation Failure) [PSYoungGen: 670305K->32K(680448K)] 670717K->444K(2078720K), 0.0006291 secs] [Times: user=0.00 sys=0.00, real=0.00 secs] 
2020-09-29T12:41:11.399+0200: 14.765: [GC (Allocation Failure) [PSYoungGen: 663072K->6913K(680960K)] 663484K->7325K(2079232K), 0.0047506 secs] [Times: user=0.00 sys=0.00, real=0.01 secs] 
2020-09-29T12:41:11.498+0200: 14.863: [GC (Allocation Failure) [PSYoungGen: 669953K->13665K(678912K)] 670365K->14077K(2077184K), 0.0082703 secs] [Times: user=0.11 sys=0.00, real=0.01 secs] 
2020-09-29T12:41:11.605+0200: 14.971: [GC (Allocation Failure) [PSYoungGen: 675681K->5825K(680448K)] 676093K->6237K(2078720K), 0.0041610 secs] [Times: user=0.00 sys=0.00, real=0.00 secs] 
2020-09-29T12:41:11.711+0200: 15.076: [GC (Allocation Failure) [PSYoungGen: 667841K->11553K(680448K)] 668253K->11965K(2078720K), 0.0069003 secs] [Times: user=0.00 sys=0.00, real=0.01 secs] 
2020-09-29T12:41:11.815+0200: 15.179: [GC (Allocation Failure) [PSYoungGen: 674593K->4641K(680960K)] 675005K->5053K(2079232K), 0.0038093 secs] [Times: user=0.13 sys=0.00, real=0.00 secs] 
2020-09-29T12:41:11.910+0200: 15.276: [GC (Allocation Failure) [PSYoungGen: 667681K->11489K(680960K)] 668093K->11901K(2079232K), 0.0067325 secs] [Times: user=0.05 sys=0.00, real=0.01 secs] 
2020-09-29T12:41:12.015+0200: 15.381: [GC (Allocation Failure) [PSYoungGen: 674529K->4577K(680960K)] 674941K->4989K(2079232K), 0.0033168 secs] [Times: user=0.00 sys=0.00, real=0.00 secs] 
2020-09-29T12:41:12.137+0200: 15.502: [GC (Allocation Failure) [PSYoungGen: 667617K->11361K(680960K)] 668029K->11773K(2079232K), 0.0097897 secs] [Times: user=0.09 sys=0.00, real=0.01 secs] 
2020-09-29T12:41:12.266+0200: 15.630: [GC (Allocation Failure) [PSYoungGen: 674401K->4449K(680960K)] 674813K->4861K(2079232K), 0.0037780 secs] [Times: user=0.00 sys=0.00, real=0.00 secs] 
2020-09-29T12:41:12.371+0200: 15.736: [GC (Allocation Failure) [PSYoungGen: 667489K->11297K(680960K)] 667901K->11709K(2079232K), 0.0069533 secs] [Times: user=0.00 sys=0.00, real=0.01 secs] 
2020-09-29T12:41:12.473+0200: 15.838: [GC (Allocation Failure) [PSYoungGen: 674337K->4353K(680960K)] 674749K->4765K(2079232K), 0.0035624 secs] [Times: user=0.13 sys=0.00, real=0.00 secs] 
2020-09-29T12:41:12.574+0200: 15.940: [GC (Allocation Failure) [PSYoungGen: 667393K->11169K(680960K)] 667805K->11581K(2079232K), 0.0072145 secs] [Times: user=0.00 sys=0.00, real=0.01 secs] 
2020-09-29T12:41:12.682+0200: 16.047: [GC (Allocation Failure) [PSYoungGen: 674209K->4289K(680960K)] 674621K->4701K(2079232K), 0.0035163 secs] [Times: user=0.00 sys=0.00, real=0.00 secs] 
2020-09-29T12:41:12.778+0200: 16.143: [GC (Allocation Failure) [PSYoungGen: 667329K->11105K(680960K)] 667741K->11517K(2079232K), 0.0064855 secs] [Times: user=0.00 sys=0.00, real=0.01 secs] 
2020-09-29T12:41:12.885+0200: 16.251: [GC (Allocation Failure) [PSYoungGen: 674145K->4193K(680960K)] 674557K->4605K(2079232K), 0.0038373 secs] [Times: user=0.00 sys=0.00, real=0.00 secs] 
2020-09-29T12:41:12.989+0200: 16.354: [GC (Allocation Failure) [PSYoungGen: 667233K->11009K(680960K)] 667645K->11421K(2079232K), 0.0071448 secs] [Times: user=0.00 sys=0.00, real=0.01 secs] 
2020-09-29T12:41:13.093+0200: 16.458: [GC (Allocation Failure) [PSYoungGen: 674049K->4097K(680960K)] 674461K->4509K(2079232K), 0.0036024 secs] [Times: user=0.00 sys=0.00, real=0.00 secs] 
2020-09-29T12:41:13.196+0200: 16.561: [GC (Allocation Failure) [PSYoungGen: 667137K->10881K(680448K)] 667549K->11293K(2078720K), 0.0065458 secs] [Times: user=0.00 sys=0.00, real=0.01 secs] 
2020-09-29T12:41:13.297+0200: 16.662: [GC (Allocation Failure) [PSYoungGen: 673921K->4001K(680960K)] 674333K->4413K(2079232K), 0.0034673 secs] [Times: user=0.02 sys=0.00, real=0.00 secs] 
2020-09-29T12:41:13.396+0200: 16.761: [GC (Allocation Failure) [PSYoungGen: 667041K->10721K(680448K)] 667453K->11133K(2078720K), 0.0060773 secs] [Times: user=0.00 sys=0.00, real=0.01 secs] 
2020-09-29T12:41:13.500+0200: 16.865: [GC (Allocation Failure) [PSYoungGen: 673761K->3873K(680960K)] 674173K->4285K(2079232K), 0.0035286 secs] [Times: user=0.00 sys=0.00, real=0.00 secs] 
2020-09-29T12:41:13.604+0200: 16.969: [GC (Allocation Failure) [PSYoungGen: 666913K->10689K(680448K)] 667325K->11101K(2078720K), 0.0071932 secs] [Times: user=0.00 sys=0.00, real=0.01 secs] 
2020-09-29T12:41:13.715+0200: 17.080: [GC (Allocation Failure) [PSYoungGen: 673729K->3809K(680960K)] 674141K->4221K(2079232K), 0.0034330 secs] [Times: user=0.00 sys=0.00, real=0.00 secs] 
2020-09-29T12:41:13.812+0200: 17.177: [GC (Allocation Failure) [PSYoungGen: 666849K->10593K(681472K)] 667261K->11005K(2079744K), 0.0064419 secs] [Times: user=0.13 sys=0.00, real=0.01 secs] 
2020-09-29T12:41:13.911+0200: 17.276: [GC (Allocation Failure) [PSYoungGen: 674657K->4737K(681472K)] 675069K->5149K(2079744K), 0.0037490 secs] [Times: user=0.00 sys=0.00, real=0.00 secs] 
2020-09-29T12:41:14.013+0200: 17.378: [GC (Allocation Failure) [PSYoungGen: 668801K->12545K(680448K)] 669213K->12957K(2078720K), 0.0068217 secs] [Times: user=0.00 sys=0.00, real=0.01 secs] 
2020-09-29T12:41:14.113+0200: 17.478: [GC (Allocation Failure) [PSYoungGen: 675585K->5665K(680960K)] 675997K->6077K(2079232K), 0.0039644 secs] [Times: user=0.13 sys=0.00, real=0.00 secs] 
2020-09-29T12:41:14.220+0200: 17.585: [GC (Allocation Failure) [PSYoungGen: 668705K->12449K(679424K)] 669117K->12861K(2077696K), 0.0073271 secs] [Times: user=0.13 sys=0.00, real=0.01 secs] 
2020-09-29T12:41:14.329+0200: 17.694: [GC (Allocation Failure) [PSYoungGen: 674465K->4545K(680448K)] 674877K->4957K(2078720K), 0.0036821 secs] [Times: user=0.02 sys=0.00, real=0.00 secs] 
2020-09-29T12:41:14.425+0200: 17.790: [GC (Allocation Failure) [PSYoungGen: 666561K->10273K(680960K)] 666973K->10685K(2079232K), 0.0060545 secs] [Times: user=0.13 sys=0.00, real=0.01 secs] 
2020-09-29T12:41:14.523+0200: 17.888: [GC (Allocation Failure) [PSYoungGen: 671771K->32K(663552K)] 672183K->444K(2061824K), 0.0006434 secs] [Times: user=0.00 sys=0.00, real=0.00 secs] 
2020-09-29T12:41:14.628+0200: 17.993: [GC (Allocation Failure) [PSYoungGen: 663072K->6945K(681472K)] 663484K->7357K(2079744K), 0.0047540 secs] [Times: user=0.11 sys=0.00, real=0.00 secs] 
2020-09-29T12:41:14.730+0200: 18.095: [GC (Allocation Failure) [PSYoungGen: 669985K->13697K(680448K)] 670397K->14109K(2078720K), 0.0076916 secs] [Times: user=0.00 sys=0.00, real=0.01 secs] 
2020-09-29T12:41:14.836+0200: 18.200: [GC (Allocation Failure) [PSYoungGen: 676737K->6849K(680960K)] 677149K->7261K(2079232K), 0.0046999 secs] [Times: user=0.00 sys=0.00, real=0.00 secs] 
2020-09-29T12:41:14.935+0200: 18.300: [GC (Allocation Failure) [PSYoungGen: 669377K->13089K(675840K)] 669789K->13501K(2074112K), 0.0074477 secs] [Times: user=0.02 sys=0.00, real=0.01 secs] 
2020-09-29T12:41:15.049+0200: 18.414: [GC (Allocation Failure) [PSYoungGen: 675617K->5729K(680448K)] 676029K->6141K(2078720K), 0.0040346 secs] [Times: user=0.13 sys=0.00, real=0.00 secs] 
2020-09-29T12:41:15.152+0200: 18.517: [GC (Allocation Failure) [PSYoungGen: 667233K->10977K(679936K)] 667645K->11389K(2078208K), 0.0074498 secs] [Times: user=0.00 sys=0.00, real=0.01 secs] 
2020-09-29T12:41:15.262+0200: 18.627: [GC (Allocation Failure) [PSYoungGen: 672481K->2465K(680448K)] 672893K->2877K(2078720K), 0.0029050 secs] [Times: user=0.00 sys=0.00, real=0.00 secs] 
2020-09-29T12:41:15.362+0200: 18.727: [GC (Allocation Failure) [PSYoungGen: 664481K->8257K(680448K)] 664893K->8669K(2078720K), 0.0051426 secs] [Times: user=0.13 sys=0.00, real=0.01 secs] 
2020-09-29T12:41:15.480+0200: 18.845: [GC (Allocation Failure) [PSYoungGen: 670273K->32K(680448K)] 670685K->444K(2078720K), 0.0005383 secs] [Times: user=0.00 sys=0.00, real=0.00 secs] 
2020-09-29T12:41:15.578+0200: 18.943: [GC (Allocation Failure) [PSYoungGen: 663072K->6849K(680960K)] 663484K->7261K(2079232K), 0.0051029 secs] [Times: user=0.01 sys=0.00, real=0.00 secs] 
2020-09-29T12:41:15.680+0200: 19.045: [GC (Allocation Failure) [PSYoungGen: 669889K->13729K(678912K)] 670301K->14141K(2077184K), 0.0075255 secs] [Times: user=0.00 sys=0.00, real=0.01 secs] 
2020-09-29T12:41:15.784+0200: 19.149: [GC (Allocation Failure) [PSYoungGen: 675745K->5825K(680448K)] 676157K->6237K(2078720K), 0.0038109 secs] [Times: user=0.13 sys=0.00, real=0.00 secs] 
2020-09-29T12:41:15.881+0200: 19.246: [GC (Allocation Failure) [PSYoungGen: 667841K->11553K(680448K)] 668253K->11965K(2078720K), 0.0068518 secs] [Times: user=0.00 sys=0.00, real=0.01 secs] 
2020-09-29T12:41:15.983+0200: 19.348: [GC (Allocation Failure) [PSYoungGen: 674593K->4641K(680960K)] 675005K->5053K(2079232K), 0.0037446 secs] [Times: user=0.00 sys=0.00, real=0.00 secs] 
2020-09-29T12:41:16.082+0200: 19.446: [GC (Allocation Failure) [PSYoungGen: 667681K->11457K(680960K)] 668093K->11869K(2079232K), 0.0066639 secs] [Times: user=0.13 sys=0.00, real=0.01 secs] 
2020-09-29T12:41:16.187+0200: 19.552: [GC (Allocation Failure) [PSYoungGen: 674497K->4609K(680960K)] 674909K->5021K(2079232K), 0.0038920 secs] [Times: user=0.00 sys=0.00, real=0.00 secs] 
2020-09-29T12:41:16.293+0200: 19.658: [GC (Allocation Failure) [PSYoungGen: 667649K->11393K(680960K)] 668061K->11805K(2079232K), 0.0071948 secs] [Times: user=0.00 sys=0.00, real=0.01 secs] 
2020-09-29T12:41:16.425+0200: 19.790: [GC (Allocation Failure) [PSYoungGen: 674433K->4481K(680960K)] 674845K->4893K(2079232K), 0.0049492 secs] [Times: user=0.05 sys=0.00, real=0.01 secs] 
2020-09-29T12:41:16.578+0200: 19.943: [GC (Allocation Failure) [PSYoungGen: 667521K->11265K(680960K)] 667933K->11677K(2079232K), 0.0091238 secs] [Times: user=0.08 sys=0.00, real=0.01 secs] 
2020-09-29T12:41:16.712+0200: 20.077: [GC (Allocation Failure) [PSYoungGen: 674305K->4417K(680960K)] 674717K->4829K(2079232K), 0.0043896 secs] [Times: user=0.00 sys=0.00, real=0.00 secs] 
2020-09-29T12:41:16.828+0200: 20.193: [GC (Allocation Failure) [PSYoungGen: 667457K->11169K(680960K)] 667869K->11581K(2079232K), 0.0073551 secs] [Times: user=0.13 sys=0.00, real=0.01 secs] 
2020-09-29T12:41:16.957+0200: 20.323: [GC (Allocation Failure) [PSYoungGen: 674209K->4321K(680960K)] 674621K->4733K(2079232K), 0.0037133 secs] [Times: user=0.01 sys=0.00, real=0.00 secs] 
2020-09-29T12:41:17.067+0200: 20.432: [GC (Allocation Failure) [PSYoungGen: 667361K->11073K(680960K)] 667773K->11485K(2079232K), 0.0065113 secs] [Times: user=0.06 sys=0.00, real=0.01 secs] 
2020-09-29T12:41:17.174+0200: 20.539: [GC (Allocation Failure) [PSYoungGen: 674113K->4225K(680960K)] 674525K->4637K(2079232K), 0.0034431 secs] [Times: user=0.13 sys=0.00, real=0.00 secs] 
2020-09-29T12:41:17.271+0200: 20.636: [GC (Allocation Failure) [PSYoungGen: 667265K->10977K(680448K)] 667677K->11389K(2078720K), 0.0064231 secs] [Times: user=0.00 sys=0.00, real=0.01 secs] 
2020-09-29T12:41:17.377+0200: 20.742: [GC (Allocation Failure) [PSYoungGen: 674017K->4097K(680960K)] 674429K->4509K(2079232K), 0.0034926 secs] [Times: user=0.13 sys=0.00, real=0.00 secs] 
2020-09-29T12:41:17.475+0200: 20.840: [GC (Allocation Failure) [PSYoungGen: 667137K->10913K(680448K)] 667549K->11325K(2078720K), 0.0067732 secs] [Times: user=0.00 sys=0.00, real=0.01 secs] 
2020-09-29T12:41:17.583+0200: 20.949: [GC (Allocation Failure) [PSYoungGen: 673953K->4001K(680960K)] 674365K->4413K(2079232K), 0.0034213 secs] [Times: user=0.00 sys=0.00, real=0.00 secs] 
2020-09-29T12:41:17.697+0200: 21.062: [GC (Allocation Failure) [PSYoungGen: 667041K->10753K(680448K)] 667453K->11165K(2078720K), 0.0081154 secs] [Times: user=0.00 sys=0.00, real=0.01 secs] 
2020-09-29T12:41:17.811+0200: 21.176: [GC (Allocation Failure) [PSYoungGen: 673793K->3905K(680960K)] 674205K->4317K(2079232K), 0.0035024 secs] [Times: user=0.00 sys=0.00, real=0.00 secs] 
2020-09-29T12:41:17.912+0200: 21.278: [GC (Allocation Failure) [PSYoungGen: 666945K->10689K(680448K)] 667357K->11101K(2078720K), 0.0063051 secs] [Times: user=0.00 sys=0.00, real=0.01 secs] 
2020-09-29T12:41:18.019+0200: 21.385: [GC (Allocation Failure) [PSYoungGen: 673729K->3809K(680960K)] 674141K->4221K(2079232K), 0.0036403 secs] [Times: user=0.00 sys=0.02, real=0.00 secs] 
2020-09-29T12:41:18.120+0200: 21.485: [GC (Allocation Failure) [PSYoungGen: 666849K->10593K(681472K)] 667261K->11005K(2079744K), 0.0062973 secs] [Times: user=0.00 sys=0.00, real=0.01 secs] 
2020-09-29T12:41:18.221+0200: 21.587: [GC (Allocation Failure) [PSYoungGen: 674657K->4737K(681472K)] 675069K->5149K(2079744K), 0.0037827 secs] [Times: user=0.13 sys=0.00, real=0.00 secs] 
2020-09-29T12:41:18.318+0200: 21.683: [GC (Allocation Failure) [PSYoungGen: 668801K->12513K(680448K)] 669213K->12925K(2078720K), 0.0070009 secs] [Times: user=0.00 sys=0.00, real=0.01 secs] 
2020-09-29T12:41:18.422+0200: 21.786: [GC (Allocation Failure) [PSYoungGen: 675553K->5665K(680960K)] 675965K->6077K(2079232K), 0.0045741 secs] [Times: user=0.00 sys=0.00, real=0.00 secs] 
2020-09-29T12:41:18.526+0200: 21.891: [GC (Allocation Failure) [PSYoungGen: 668705K->12417K(679424K)] 669117K->12829K(2077696K), 0.0078566 secs] [Times: user=0.00 sys=0.00, real=0.01 secs] 
2020-09-29T12:41:18.630+0200: 21.995: [GC (Allocation Failure) [PSYoungGen: 674433K->4545K(680448K)] 674845K->4957K(2078720K), 0.0034616 secs] [Times: user=0.00 sys=0.00, real=0.00 secs] 
2020-09-29T12:41:18.732+0200: 22.097: [GC (Allocation Failure) [PSYoungGen: 666561K->10273K(680960K)] 666973K->10685K(2079232K), 0.0062433 secs] [Times: user=0.02 sys=0.00, real=0.01 secs] 
2020-09-29T12:41:18.830+0200: 22.195: [GC (Allocation Failure) [PSYoungGen: 671771K->32K(663552K)] 672183K->444K(2061824K), 0.0005268 secs] [Times: user=0.00 sys=0.00, real=0.00 secs] 
Heap
 PSYoungGen      total 663552K, used 262031K [0x00000000d5580000, 0x0000000100000000, 0x0000000100000000)
  eden space 663040K, 39% used [0x00000000d5580000,0x00000000e555be98,0x00000000fdd00000)
  from space 512K, 6% used [0x00000000fdd00000,0x00000000fdd08000,0x00000000fdd80000)
  to   space 18432K, 0% used [0x00000000fee00000,0x00000000fee00000,0x0000000100000000)
 ParOldGen       total 1398272K, used 412K [0x0000000080000000, 0x00000000d5580000, 0x00000000d5580000)
  object space 1398272K, 0% used [0x0000000080000000,0x0000000080067060,0x00000000d5580000)
 Metaspace       used 2594K, capacity 4486K, committed 4864K, reserved 1056768K
  class space    used 285K, capacity 386K, committed 512K, reserved 1048576K
