Java HotSpot(TM) 64-Bit Server VM (25.261-b12) for windows-amd64 JRE (1.8.0_261-b12), built on Jun 18 2020 06:56:32 by "" with unknown MS VC++:1916
Memory: 4k page, physical 16659684k(9102292k free), swap 23213284k(8118408k free)
CommandLine flags: -XX:InitialHeapSize=2147483648 -XX:MaxHeapSize=2147483648 -XX:+PrintGC -XX:+PrintGCDateStamps -XX:+PrintGCDetails -XX:+PrintGCTimeStamps -XX:+UseCompressedClassPointers -XX:+UseCompressedOops -XX:-UseLargePagesIndividualAllocation -XX:+UseParallelGC 
2020-09-29T12:37:33.957+0200: 0.424: [GC (Allocation Failure) [PSYoungGen: 524800K->12001K(611840K)] 524800K->12009K(2010112K), 0.0093804 secs] [Times: user=0.11 sys=0.01, real=0.01 secs] 
2020-09-29T12:37:34.064+0200: 0.531: [GC (Allocation Failure) [PSYoungGen: 536801K->3457K(611840K)] 536809K->3465K(2010112K), 0.0059670 secs] [Times: user=0.11 sys=0.01, real=0.01 secs] 
2020-09-29T12:37:34.156+0200: 0.623: [GC (Allocation Failure) [PSYoungGen: 528257K->8545K(611840K)] 528265K->8553K(2010112K), 0.0061095 secs] [Times: user=0.13 sys=0.00, real=0.01 secs] 
2020-09-29T12:37:34.248+0200: 0.715: [GC (Allocation Failure) [PSYoungGen: 533345K->13729K(611840K)] 533353K->13737K(2010112K), 0.0101255 secs] [Times: user=0.09 sys=0.02, real=0.01 secs] 
2020-09-29T12:37:34.356+0200: 0.823: [GC (Allocation Failure) [PSYoungGen: 538529K->5217K(611840K)] 538537K->5225K(2010112K), 0.0047595 secs] [Times: user=0.00 sys=0.00, real=0.01 secs] 
2020-09-29T12:37:34.449+0200: 0.917: [GC (Allocation Failure) [PSYoungGen: 530017K->10433K(682496K)] 530025K->10441K(2080768K), 0.0083778 secs] [Times: user=0.01 sys=0.00, real=0.01 secs] 
2020-09-29T12:37:34.631+0200: 1.098: [GC (Allocation Failure) [PSYoungGen: 676545K->6241K(682496K)] 676553K->6657K(2080768K), 0.0058551 secs] [Times: user=0.00 sys=0.00, real=0.00 secs] 
2020-09-29T12:37:34.743+0200: 1.211: [GC (Allocation Failure) [PSYoungGen: 671643K->32K(681984K)] 672059K->448K(2080256K), 0.0003984 secs] [Times: user=0.00 sys=0.00, real=0.00 secs] 
2020-09-29T12:37:34.854+0200: 1.322: [GC (Allocation Failure) [PSYoungGen: 666144K->9985K(676352K)] 666560K->10401K(2074624K), 0.0060570 secs] [Times: user=0.00 sys=0.00, real=0.01 secs] 
2020-09-29T12:37:34.966+0200: 1.434: [GC (Allocation Failure) [PSYoungGen: 676097K->6145K(683008K)] 676513K->6561K(2081280K), 0.0044022 secs] [Times: user=0.00 sys=0.00, real=0.00 secs] 
2020-09-29T12:37:35.075+0200: 1.542: [GC (Allocation Failure) [PSYoungGen: 672257K->2465K(681984K)] 672673K->2881K(2080256K), 0.0026165 secs] [Times: user=0.00 sys=0.00, real=0.00 secs] 
2020-09-29T12:37:35.185+0200: 1.652: [GC (Allocation Failure) [PSYoungGen: 668577K->12225K(680960K)] 668993K->12641K(2079232K), 0.0085913 secs] [Times: user=0.09 sys=0.03, real=0.01 secs] 
2020-09-29T12:37:35.299+0200: 1.766: [GC (Allocation Failure) [PSYoungGen: 677313K->7393K(681984K)] 677729K->7809K(2080256K), 0.0048519 secs] [Times: user=0.13 sys=0.00, real=0.00 secs] 
2020-09-29T12:37:35.407+0200: 1.874: [GC (Allocation Failure) [PSYoungGen: 672481K->2497K(682496K)] 672897K->2913K(2080768K), 0.0027033 secs] [Times: user=0.00 sys=0.00, real=0.00 secs] 
2020-09-29T12:37:35.517+0200: 1.984: [GC (Allocation Failure) [PSYoungGen: 668609K->12449K(678912K)] 669025K->12865K(2077184K), 0.0080985 secs] [Times: user=0.13 sys=0.00, real=0.01 secs] 
2020-09-29T12:37:35.639+0200: 2.106: [GC (Allocation Failure) [PSYoungGen: 678561K->8545K(681984K)] 678977K->8961K(2080256K), 0.0054258 secs] [Times: user=0.00 sys=0.00, real=0.01 secs] 
2020-09-29T12:37:35.745+0200: 2.212: [GC (Allocation Failure) [PSYoungGen: 673121K->3233K(681472K)] 673537K->3649K(2079744K), 0.0032764 secs] [Times: user=0.00 sys=0.00, real=0.00 secs] 
2020-09-29T12:37:35.854+0200: 2.322: [GC (Allocation Failure) [PSYoungGen: 667809K->11585K(680448K)] 668225K->12001K(2078720K), 0.0065133 secs] [Times: user=0.00 sys=0.00, real=0.01 secs] 
2020-09-29T12:37:35.961+0200: 2.429: [GC (Allocation Failure) [PSYoungGen: 675649K->5729K(681472K)] 676065K->6145K(2079744K), 0.0042174 secs] [Times: user=0.00 sys=0.00, real=0.01 secs] 
2020-09-29T12:37:36.072+0200: 2.540: [GC (Allocation Failure) [PSYoungGen: 669793K->13505K(679936K)] 670209K->13921K(2078208K), 0.0080693 secs] [Times: user=0.00 sys=0.00, real=0.01 secs] 
2020-09-29T12:37:36.187+0200: 2.655: [GC (Allocation Failure) [PSYoungGen: 676545K->6657K(680960K)] 676961K->7073K(2079232K), 0.0050786 secs] [Times: user=0.13 sys=0.00, real=0.01 secs] 
2020-09-29T12:37:36.298+0200: 2.766: [GC (Allocation Failure) [PSYoungGen: 669697K->13441K(679424K)] 670113K->13857K(2077696K), 0.0073347 secs] [Times: user=0.13 sys=0.00, real=0.01 secs] 
2020-09-29T12:37:36.411+0200: 2.879: [GC (Allocation Failure) [PSYoungGen: 675457K->5505K(680448K)] 675873K->5921K(2078720K), 0.0042322 secs] [Times: user=0.00 sys=0.00, real=0.00 secs] 
2020-09-29T12:37:36.517+0200: 2.985: [GC (Allocation Failure) [PSYoungGen: 667521K->11233K(680960K)] 667937K->11649K(2079232K), 0.0068516 secs] [Times: user=0.13 sys=0.00, real=0.01 secs] 
2020-09-29T12:37:36.638+0200: 3.105: [GC (Allocation Failure) [PSYoungGen: 674273K->4385K(680960K)] 674689K->4801K(2079232K), 0.0035666 secs] [Times: user=0.00 sys=0.00, real=0.00 secs] 
2020-09-29T12:37:36.750+0200: 3.218: [GC (Allocation Failure) [PSYoungGen: 667425K->11233K(680960K)] 667841K->11649K(2079232K), 0.0075477 secs] [Times: user=0.09 sys=0.00, real=0.01 secs] 
2020-09-29T12:37:36.894+0200: 3.362: [GC (Allocation Failure) [PSYoungGen: 674273K->4225K(680960K)] 674689K->4641K(2079232K), 0.0044465 secs] [Times: user=0.08 sys=0.00, real=0.00 secs] 
2020-09-29T12:37:37.016+0200: 3.484: [GC (Allocation Failure) [PSYoungGen: 667265K->11073K(680960K)] 667681K->11489K(2079232K), 0.0069851 secs] [Times: user=0.13 sys=0.00, real=0.01 secs] 
2020-09-29T12:37:37.127+0200: 3.595: [GC (Allocation Failure) [PSYoungGen: 674113K->4193K(680960K)] 674529K->4609K(2079232K), 0.0033748 secs] [Times: user=0.13 sys=0.00, real=0.00 secs] 
2020-09-29T12:37:37.232+0200: 3.700: [GC (Allocation Failure) [PSYoungGen: 667233K->11009K(680960K)] 667649K->11425K(2079232K), 0.0066398 secs] [Times: user=0.13 sys=0.00, real=0.01 secs] 
2020-09-29T12:37:37.342+0200: 3.810: [GC (Allocation Failure) [PSYoungGen: 674049K->4097K(680960K)] 674465K->4513K(2079232K), 0.0034183 secs] [Times: user=0.00 sys=0.00, real=0.00 secs] 
2020-09-29T12:37:37.446+0200: 3.914: [GC (Allocation Failure) [PSYoungGen: 667137K->10849K(680960K)] 667553K->11265K(2079232K), 0.0066369 secs] [Times: user=0.00 sys=0.00, real=0.01 secs] 
2020-09-29T12:37:37.563+0200: 4.030: [GC (Allocation Failure) [PSYoungGen: 673889K->4001K(680960K)] 674305K->4417K(2079232K), 0.0034984 secs] [Times: user=0.00 sys=0.00, real=0.00 secs] 
2020-09-29T12:37:37.671+0200: 4.139: [GC (Allocation Failure) [PSYoungGen: 667041K->10753K(680448K)] 667457K->11169K(2078720K), 0.0062343 secs] [Times: user=0.13 sys=0.00, real=0.01 secs] 
2020-09-29T12:37:37.780+0200: 4.248: [GC (Allocation Failure) [PSYoungGen: 673793K->3873K(680960K)] 674209K->4289K(2079232K), 0.0032945 secs] [Times: user=0.00 sys=0.00, real=0.00 secs] 
2020-09-29T12:37:37.897+0200: 4.364: [GC (Allocation Failure) [PSYoungGen: 666913K->10625K(680448K)] 667329K->11041K(2078720K), 0.0071029 secs] [Times: user=0.00 sys=0.00, real=0.01 secs] 
2020-09-29T12:37:38.012+0200: 4.480: [GC (Allocation Failure) [PSYoungGen: 673665K->3809K(680960K)] 674081K->4225K(2079232K), 0.0033589 secs] [Times: user=0.00 sys=0.00, real=0.00 secs] 
2020-09-29T12:37:38.123+0200: 4.590: [GC (Allocation Failure) [PSYoungGen: 666849K->10593K(681472K)] 667265K->11009K(2079744K), 0.0066060 secs] [Times: user=0.13 sys=0.00, real=0.01 secs] 
2020-09-29T12:37:38.237+0200: 4.705: [GC (Allocation Failure) [PSYoungGen: 674657K->4705K(681472K)] 675073K->5121K(2079744K), 0.0037005 secs] [Times: user=0.13 sys=0.00, real=0.00 secs] 
2020-09-29T12:37:38.342+0200: 4.809: [GC (Allocation Failure) [PSYoungGen: 668769K->12513K(680448K)] 669185K->12929K(2078720K), 0.0071657 secs] [Times: user=0.13 sys=0.00, real=0.01 secs] 
2020-09-29T12:37:38.460+0200: 4.928: [GC (Allocation Failure) [PSYoungGen: 675553K->5697K(680960K)] 675969K->6113K(2079232K), 0.0041488 secs] [Times: user=0.00 sys=0.00, real=0.00 secs] 
2020-09-29T12:37:38.568+0200: 5.036: [GC (Allocation Failure) [PSYoungGen: 668737K->12481K(679424K)] 669153K->12897K(2077696K), 0.0069715 secs] [Times: user=0.00 sys=0.00, real=0.01 secs] 
2020-09-29T12:37:38.677+0200: 5.145: [GC (Allocation Failure) [PSYoungGen: 674497K->4513K(680448K)] 674913K->4929K(2078720K), 0.0037099 secs] [Times: user=0.00 sys=0.00, real=0.00 secs] 
2020-09-29T12:37:38.784+0200: 5.251: [GC (Allocation Failure) [PSYoungGen: 666529K->10273K(680960K)] 666945K->10689K(2079232K), 0.0057646 secs] [Times: user=0.13 sys=0.00, real=0.01 secs] 
2020-09-29T12:37:38.896+0200: 5.364: [GC (Allocation Failure) [PSYoungGen: 671771K->32K(663552K)] 672187K->448K(2061824K), 0.0006194 secs] [Times: user=0.00 sys=0.00, real=0.00 secs] 
2020-09-29T12:37:39.001+0200: 5.469: [GC (Allocation Failure) [PSYoungGen: 663072K->6945K(681472K)] 663488K->7361K(2079744K), 0.0051608 secs] [Times: user=0.13 sys=0.00, real=0.01 secs] 
2020-09-29T12:37:39.108+0200: 5.575: [GC (Allocation Failure) [PSYoungGen: 669985K->13697K(680448K)] 670401K->14113K(2078720K), 0.0074809 secs] [Times: user=0.13 sys=0.00, real=0.01 secs] 
2020-09-29T12:37:39.226+0200: 5.694: [GC (Allocation Failure) [PSYoungGen: 676737K->6849K(680960K)] 677153K->7265K(2079232K), 0.0045918 secs] [Times: user=0.00 sys=0.00, real=0.00 secs] 
2020-09-29T12:37:39.341+0200: 5.809: [GC (Allocation Failure) [PSYoungGen: 669377K->13057K(675840K)] 669793K->13473K(2074112K), 0.0073190 secs] [Times: user=0.13 sys=0.00, real=0.01 secs] 
2020-09-29T12:37:39.453+0200: 5.921: [GC (Allocation Failure) [PSYoungGen: 675585K->5761K(680448K)] 676001K->6177K(2078720K), 0.0041358 secs] [Times: user=0.13 sys=0.00, real=0.00 secs] 
2020-09-29T12:37:39.563+0200: 6.031: [GC (Allocation Failure) [PSYoungGen: 667265K->10945K(679936K)] 667681K->11361K(2078208K), 0.0069985 secs] [Times: user=0.13 sys=0.00, real=0.01 secs] 
2020-09-29T12:37:39.678+0200: 6.145: [GC (Allocation Failure) [PSYoungGen: 672449K->2465K(680448K)] 672865K->2881K(2078720K), 0.0025379 secs] [Times: user=0.00 sys=0.00, real=0.00 secs] 
2020-09-29T12:37:39.780+0200: 6.247: [GC (Allocation Failure) [PSYoungGen: 664481K->8289K(680448K)] 664897K->8705K(2078720K), 0.0055027 secs] [Times: user=0.00 sys=0.00, real=0.01 secs] 
2020-09-29T12:37:39.891+0200: 6.358: [GC (Allocation Failure) [PSYoungGen: 670305K->32K(680448K)] 670721K->448K(2078720K), 0.0004464 secs] [Times: user=0.00 sys=0.00, real=0.00 secs] 
2020-09-29T12:37:39.994+0200: 6.461: [GC (Allocation Failure) [PSYoungGen: 663072K->6881K(680960K)] 663488K->7297K(2079232K), 0.0048619 secs] [Times: user=0.00 sys=0.00, real=0.01 secs] 
2020-09-29T12:37:40.105+0200: 6.572: [GC (Allocation Failure) [PSYoungGen: 669921K->13729K(678912K)] 670337K->14145K(2077184K), 0.0080244 secs] [Times: user=0.00 sys=0.00, real=0.01 secs] 
2020-09-29T12:37:40.222+0200: 6.690: [GC (Allocation Failure) [PSYoungGen: 675745K->5857K(680448K)] 676161K->6273K(2078720K), 0.0043408 secs] [Times: user=0.13 sys=0.00, real=0.00 secs] 
2020-09-29T12:37:40.325+0200: 6.793: [GC (Allocation Failure) [PSYoungGen: 667873K->11585K(680448K)] 668289K->12001K(2078720K), 0.0065576 secs] [Times: user=0.00 sys=0.00, real=0.01 secs] 
2020-09-29T12:37:40.438+0200: 6.905: [GC (Allocation Failure) [PSYoungGen: 674625K->4673K(680960K)] 675041K->5089K(2079232K), 0.0038422 secs] [Times: user=0.01 sys=0.00, real=0.00 secs] 
2020-09-29T12:37:40.544+0200: 7.012: [GC (Allocation Failure) [PSYoungGen: 667713K->11457K(680960K)] 668129K->11873K(2079232K), 0.0066170 secs] [Times: user=0.00 sys=0.00, real=0.01 secs] 
2020-09-29T12:37:40.659+0200: 7.127: [GC (Allocation Failure) [PSYoungGen: 674497K->4609K(680960K)] 674913K->5025K(2079232K), 0.0035166 secs] [Times: user=0.13 sys=0.00, real=0.00 secs] 
2020-09-29T12:37:40.764+0200: 7.231: [GC (Allocation Failure) [PSYoungGen: 667649K->11425K(680960K)] 668065K->11841K(2079232K), 0.0067749 secs] [Times: user=0.13 sys=0.00, real=0.01 secs] 
2020-09-29T12:37:40.872+0200: 7.339: [GC (Allocation Failure) [PSYoungGen: 674465K->4481K(680960K)] 674881K->4897K(2079232K), 0.0037047 secs] [Times: user=0.00 sys=0.00, real=0.00 secs] 
2020-09-29T12:37:40.979+0200: 7.446: [GC (Allocation Failure) [PSYoungGen: 667521K->11265K(680960K)] 667937K->11681K(2079232K), 0.0068559 secs] [Times: user=0.00 sys=0.00, real=0.01 secs] 
2020-09-29T12:37:41.093+0200: 7.560: [GC (Allocation Failure) [PSYoungGen: 674305K->4417K(680960K)] 674721K->4833K(2079232K), 0.0037465 secs] [Times: user=0.00 sys=0.00, real=0.00 secs] 
2020-09-29T12:37:41.201+0200: 7.669: [GC (Allocation Failure) [PSYoungGen: 667457K->11201K(680960K)] 667873K->11617K(2079232K), 0.0063713 secs] [Times: user=0.13 sys=0.00, real=0.01 secs] 
2020-09-29T12:37:41.312+0200: 7.780: [GC (Allocation Failure) [PSYoungGen: 674241K->4289K(680960K)] 674657K->4705K(2079232K), 0.0037100 secs] [Times: user=0.00 sys=0.00, real=0.00 secs] 
2020-09-29T12:37:41.416+0200: 7.884: [GC (Allocation Failure) [PSYoungGen: 667329K->11041K(680960K)] 667745K->11457K(2079232K), 0.0063871 secs] [Times: user=0.00 sys=0.00, real=0.01 secs] 
2020-09-29T12:37:41.523+0200: 7.991: [GC (Allocation Failure) [PSYoungGen: 674081K->4161K(680960K)] 674497K->4577K(2079232K), 0.0035651 secs] [Times: user=0.00 sys=0.00, real=0.00 secs] 
2020-09-29T12:37:41.632+0200: 8.100: [GC (Allocation Failure) [PSYoungGen: 667201K->10977K(680960K)] 667617K->11393K(2079232K), 0.0061708 secs] [Times: user=0.00 sys=0.00, real=0.01 secs] 
2020-09-29T12:37:41.741+0200: 8.209: [GC (Allocation Failure) [PSYoungGen: 674017K->4097K(680960K)] 674433K->4513K(2079232K), 0.0034502 secs] [Times: user=0.00 sys=0.00, real=0.00 secs] 
2020-09-29T12:37:41.848+0200: 8.316: [GC (Allocation Failure) [PSYoungGen: 667137K->10881K(680448K)] 667553K->11297K(2078720K), 0.0068335 secs] [Times: user=0.00 sys=0.00, real=0.01 secs] 
2020-09-29T12:37:41.965+0200: 8.432: [GC (Allocation Failure) [PSYoungGen: 673921K->3937K(680960K)] 674337K->4353K(2079232K), 0.0035308 secs] [Times: user=0.00 sys=0.00, real=0.00 secs] 
2020-09-29T12:37:42.070+0200: 8.537: [GC (Allocation Failure) [PSYoungGen: 666977K->10785K(680448K)] 667393K->11201K(2078720K), 0.0064975 secs] [Times: user=0.00 sys=0.00, real=0.01 secs] 
2020-09-29T12:37:42.188+0200: 8.655: [GC (Allocation Failure) [PSYoungGen: 673825K->3905K(680960K)] 674241K->4321K(2079232K), 0.0036126 secs] [Times: user=0.00 sys=0.00, real=0.00 secs] 
2020-09-29T12:37:42.307+0200: 8.775: [GC (Allocation Failure) [PSYoungGen: 666945K->10689K(680448K)] 667361K->11105K(2078720K), 0.0068564 secs] [Times: user=0.00 sys=0.00, real=0.01 secs] 
2020-09-29T12:37:42.419+0200: 8.887: [GC (Allocation Failure) [PSYoungGen: 673729K->3809K(680960K)] 674145K->4225K(2079232K), 0.0034318 secs] [Times: user=0.00 sys=0.00, real=0.00 secs] 
2020-09-29T12:37:42.526+0200: 8.994: [GC (Allocation Failure) [PSYoungGen: 666849K->10561K(681472K)] 667265K->10977K(2079744K), 0.0064314 secs] [Times: user=0.00 sys=0.00, real=0.01 secs] 
2020-09-29T12:37:42.639+0200: 9.106: [GC (Allocation Failure) [PSYoungGen: 674625K->4705K(681472K)] 675041K->5121K(2079744K), 0.0036580 secs] [Times: user=0.00 sys=0.00, real=0.00 secs] 
2020-09-29T12:37:42.753+0200: 9.220: [GC (Allocation Failure) [PSYoungGen: 668769K->12577K(680448K)] 669185K->12993K(2078720K), 0.0070732 secs] [Times: user=0.13 sys=0.00, real=0.01 secs] 
2020-09-29T12:37:42.864+0200: 9.331: [GC (Allocation Failure) [PSYoungGen: 675617K->5665K(680960K)] 676033K->6081K(2079232K), 0.0041650 secs] [Times: user=0.00 sys=0.00, real=0.00 secs] 
2020-09-29T12:37:42.970+0200: 9.437: [GC (Allocation Failure) [PSYoungGen: 668705K->12513K(679424K)] 669121K->12929K(2077696K), 0.0067969 secs] [Times: user=0.13 sys=0.00, real=0.00 secs] 
2020-09-29T12:37:43.082+0200: 9.549: [GC (Allocation Failure) [PSYoungGen: 674529K->4513K(680448K)] 674945K->4929K(2078720K), 0.0036800 secs] [Times: user=0.13 sys=0.00, real=0.00 secs] 
2020-09-29T12:37:43.196+0200: 9.664: [GC (Allocation Failure) [PSYoungGen: 666529K->10305K(680960K)] 666945K->10721K(2079232K), 0.0069015 secs] [Times: user=0.00 sys=0.00, real=0.01 secs] 
2020-09-29T12:37:43.311+0200: 9.779: [GC (Allocation Failure) [PSYoungGen: 671803K->32K(663552K)] 672219K->448K(2061824K), 0.0007480 secs] [Times: user=0.00 sys=0.00, real=0.00 secs] 
2020-09-29T12:37:43.416+0200: 9.883: [GC (Allocation Failure) [PSYoungGen: 663072K->6913K(681472K)] 663488K->7329K(2079744K), 0.0047140 secs] [Times: user=0.00 sys=0.00, real=0.00 secs] 
2020-09-29T12:37:43.524+0200: 9.992: [GC (Allocation Failure) [PSYoungGen: 669953K->13697K(676864K)] 670369K->14113K(2075136K), 0.0071840 secs] [Times: user=0.00 sys=0.00, real=0.01 secs] 
2020-09-29T12:37:43.642+0200: 10.109: [GC (Allocation Failure) [PSYoungGen: 676737K->6817K(680960K)] 677153K->7233K(2079232K), 0.0047133 secs] [Times: user=0.11 sys=0.00, real=0.00 secs] 
2020-09-29T12:37:43.754+0200: 10.221: [GC (Allocation Failure) [PSYoungGen: 668833K->12577K(679936K)] 669249K->12993K(2078208K), 0.0072809 secs] [Times: user=0.00 sys=0.00, real=0.01 secs] 
2020-09-29T12:37:43.867+0200: 10.334: [GC (Allocation Failure) [PSYoungGen: 674593K->4673K(680448K)] 675009K->5089K(2078720K), 0.0039355 secs] [Times: user=0.00 sys=0.00, real=0.00 secs] 
2020-09-29T12:37:43.979+0200: 10.447: [GC (Allocation Failure) [PSYoungGen: 666689K->10433K(680448K)] 667105K->10849K(2078720K), 0.0064847 secs] [Times: user=0.00 sys=0.00, real=0.01 secs] 
2020-09-29T12:37:44.089+0200: 10.557: [GC (Allocation Failure) [PSYoungGen: 672449K->2465K(680960K)] 672865K->2881K(2079232K), 0.0027421 secs] [Times: user=0.00 sys=0.00, real=0.00 secs] 
2020-09-29T12:37:44.198+0200: 10.665: [GC (Allocation Failure) [PSYoungGen: 665505K->9345K(680960K)] 665921K->9761K(2079232K), 0.0059810 secs] [Times: user=0.00 sys=0.00, real=0.01 secs] 
2020-09-29T12:37:44.306+0200: 10.773: [GC (Allocation Failure) [PSYoungGen: 672385K->2465K(680960K)] 672801K->2881K(2079232K), 0.0029067 secs] [Times: user=0.00 sys=0.00, real=0.00 secs] 
2020-09-29T12:37:44.409+0200: 10.876: [GC (Allocation Failure) [PSYoungGen: 665505K->9249K(680960K)] 665921K->9665K(2079232K), 0.0054161 secs] [Times: user=0.13 sys=0.00, real=0.01 secs] 
2020-09-29T12:37:44.526+0200: 10.993: [GC (Allocation Failure) [PSYoungGen: 672289K->2273K(681472K)] 672705K->2689K(2079744K), 0.0026481 secs] [Times: user=0.00 sys=0.00, real=0.00 secs] 
2020-09-29T12:37:44.635+0200: 11.103: [GC (Allocation Failure) [PSYoungGen: 666337K->10113K(681472K)] 666753K->10529K(2079744K), 0.0063488 secs] [Times: user=0.00 sys=0.00, real=0.01 secs] 
2020-09-29T12:37:44.746+0200: 11.213: [GC (Allocation Failure) [PSYoungGen: 674177K->4257K(681984K)] 674593K->4673K(2080256K), 0.0036685 secs] [Times: user=0.00 sys=0.00, real=0.00 secs] 
2020-09-29T12:37:44.854+0200: 11.321: [GC (Allocation Failure) [PSYoungGen: 668833K->12609K(677376K)] 669249K->13025K(2075648K), 0.0071434 secs] [Times: user=0.00 sys=0.00, real=0.01 secs] 
2020-09-29T12:37:44.964+0200: 11.431: [GC (Allocation Failure) [PSYoungGen: 677185K->7265K(681984K)] 677601K->7681K(2080256K), 0.0048581 secs] [Times: user=0.00 sys=0.00, real=0.01 secs] 
2020-09-29T12:37:45.074+0200: 11.541: [GC (Allocation Failure) [PSYoungGen: 671329K->32K(680960K)] 671745K->448K(2079232K), 0.0005927 secs] [Times: user=0.00 sys=0.00, real=0.00 secs] 
2020-09-29T12:37:45.181+0200: 11.648: [GC (Allocation Failure) [PSYoungGen: 664096K->7937K(681984K)] 664512K->8353K(2080256K), 0.0056355 secs] [Times: user=0.00 sys=0.00, real=0.01 secs] 
2020-09-29T12:37:45.290+0200: 11.757: [GC (Allocation Failure) [PSYoungGen: 671966K->32K(681472K)] 672382K->448K(2079744K), 0.0004657 secs] [Times: user=0.00 sys=0.00, real=0.00 secs] 
2020-09-29T12:37:45.395+0200: 11.863: [GC (Allocation Failure) [PSYoungGen: 664608K->8449K(681984K)] 665024K->8865K(2080256K), 0.0052574 secs] [Times: user=0.00 sys=0.00, real=0.01 secs] 
2020-09-29T12:37:45.500+0200: 11.968: [GC (Allocation Failure) [PSYoungGen: 671688K->32K(681984K)] 672104K->448K(2080256K), 0.0003564 secs] [Times: user=0.00 sys=0.00, real=0.00 secs] 
2020-09-29T12:37:45.623+0200: 12.091: [GC (Allocation Failure) [PSYoungGen: 665120K->8993K(681984K)] 665536K->9409K(2080256K), 0.0058301 secs] [Times: user=0.00 sys=0.00, real=0.01 secs] 
2020-09-29T12:37:45.733+0200: 12.200: [GC (Allocation Failure) [PSYoungGen: 674081K->4129K(681984K)] 674497K->4545K(2080256K), 0.0035534 secs] [Times: user=0.00 sys=0.00, real=0.00 secs] 
2020-09-29T12:37:45.858+0200: 12.325: [GC (Allocation Failure) [PSYoungGen: 669217K->12929K(679424K)] 669633K->13345K(2077696K), 0.0071113 secs] [Times: user=0.13 sys=0.00, real=0.01 secs] 
2020-09-29T12:37:45.981+0200: 12.449: [GC (Allocation Failure) [PSYoungGen: 675969K->6049K(680960K)] 676385K->6465K(2079232K), 0.0047971 secs] [Times: user=0.00 sys=0.00, real=0.01 secs] 
2020-09-29T12:37:46.115+0200: 12.582: [GC (Allocation Failure) [PSYoungGen: 669089K->12865K(678912K)] 669505K->13281K(2077184K), 0.0088719 secs] [Times: user=0.00 sys=0.00, real=0.01 secs] 
2020-09-29T12:37:46.248+0200: 12.715: [GC (Allocation Failure) [PSYoungGen: 674881K->4929K(680448K)] 675297K->5345K(2078720K), 0.0039326 secs] [Times: user=0.00 sys=0.00, real=0.00 secs] 
2020-09-29T12:37:46.356+0200: 12.824: [GC (Allocation Failure) [PSYoungGen: 666945K->10721K(680448K)] 667361K->11137K(2078720K), 0.0063215 secs] [Times: user=0.00 sys=0.00, real=0.01 secs] 
2020-09-29T12:37:46.465+0200: 12.933: [GC (Allocation Failure) [PSYoungGen: 671864K->32K(680960K)] 672280K->448K(2079232K), 0.0004255 secs] [Times: user=0.00 sys=0.00, real=0.00 secs] 
2020-09-29T12:37:46.572+0200: 13.039: [GC (Allocation Failure) [PSYoungGen: 663072K->6913K(681984K)] 663488K->7329K(2080256K), 0.0047477 secs] [Times: user=0.00 sys=0.00, real=0.00 secs] 
2020-09-29T12:37:46.677+0200: 13.145: [GC (Allocation Failure) [PSYoungGen: 670977K->32K(680960K)] 671393K->448K(2079232K), 0.0008181 secs] [Times: user=0.00 sys=0.00, real=0.00 secs] 
2020-09-29T12:37:46.782+0200: 13.250: [GC (Allocation Failure) [PSYoungGen: 664096K->7905K(681984K)] 664512K->8321K(2080256K), 0.0053539 secs] [Times: user=0.13 sys=0.00, real=0.00 secs] 
2020-09-29T12:37:46.888+0200: 13.356: [GC (Allocation Failure) [PSYoungGen: 672481K->2625K(681472K)] 672897K->3041K(2079744K), 0.0027543 secs] [Times: user=0.00 sys=0.00, real=0.00 secs] 
2020-09-29T12:37:46.989+0200: 13.457: [GC (Allocation Failure) [PSYoungGen: 667201K->10913K(680448K)] 667617K->11329K(2078720K), 0.0067530 secs] [Times: user=0.00 sys=0.00, real=0.01 secs] 
2020-09-29T12:37:47.105+0200: 13.572: [GC (Allocation Failure) [PSYoungGen: 674977K->5089K(681472K)] 675393K->5505K(2079744K), 0.0039675 secs] [Times: user=0.00 sys=0.00, real=0.00 secs] 
2020-09-29T12:37:47.217+0200: 13.685: [GC (Allocation Failure) [PSYoungGen: 669153K->12865K(679424K)] 669569K->13281K(2077696K), 0.0072998 secs] [Times: user=0.13 sys=0.00, real=0.01 secs] 
2020-09-29T12:37:47.329+0200: 13.797: [GC (Allocation Failure) [PSYoungGen: 675905K->5985K(680960K)] 676321K->6401K(2079232K), 0.0043035 secs] [Times: user=0.13 sys=0.00, real=0.01 secs] 
2020-09-29T12:37:47.436+0200: 13.904: [GC (Allocation Failure) [PSYoungGen: 669025K->12801K(679936K)] 669441K->13217K(2078208K), 0.0068559 secs] [Times: user=0.13 sys=0.00, real=0.01 secs] 
2020-09-29T12:37:47.550+0200: 14.018: [GC (Allocation Failure) [PSYoungGen: 675841K->5857K(680960K)] 676257K->6273K(2079232K), 0.0041381 secs] [Times: user=0.03 sys=0.00, real=0.01 secs] 
2020-09-29T12:37:47.678+0200: 14.145: [GC (Allocation Failure) [PSYoungGen: 668897K->12705K(679424K)] 669313K->13121K(2077696K), 0.0080708 secs] [Times: user=0.00 sys=0.00, real=0.01 secs] 
2020-09-29T12:37:47.789+0200: 14.257: [GC (Allocation Failure) [PSYoungGen: 674721K->4737K(680448K)] 675137K->5153K(2078720K), 0.0037524 secs] [Times: user=0.00 sys=0.00, real=0.00 secs] 
2020-09-29T12:37:47.896+0200: 14.364: [GC (Allocation Failure) [PSYoungGen: 666753K->10529K(680960K)] 667169K->10945K(2079232K), 0.0065396 secs] [Times: user=0.00 sys=0.00, real=0.01 secs] 
2020-09-29T12:37:48.013+0200: 14.481: [GC (Allocation Failure) [PSYoungGen: 671973K->32K(663552K)] 672389K->448K(2061824K), 0.0005381 secs] [Times: user=0.00 sys=0.00, real=0.00 secs] 
2020-09-29T12:37:48.123+0200: 14.590: [GC (Allocation Failure) [PSYoungGen: 663072K->6913K(681472K)] 663488K->7329K(2079744K), 0.0046389 secs] [Times: user=0.00 sys=0.00, real=0.00 secs] 
2020-09-29T12:37:48.239+0200: 14.707: [GC (Allocation Failure) [PSYoungGen: 669953K->13729K(676864K)] 670369K->14145K(2075136K), 0.0078500 secs] [Times: user=0.00 sys=0.00, real=0.01 secs] 
2020-09-29T12:37:48.347+0200: 14.814: [GC (Allocation Failure) [PSYoungGen: 676769K->6849K(680960K)] 677185K->7265K(2079232K), 0.0045131 secs] [Times: user=0.13 sys=0.00, real=0.00 secs] 
2020-09-29T12:37:48.451+0200: 14.919: [GC (Allocation Failure) [PSYoungGen: 668865K->12577K(679936K)] 669281K->12993K(2078208K), 0.0071297 secs] [Times: user=0.13 sys=0.00, real=0.01 secs] 
2020-09-29T12:37:48.569+0200: 15.037: [GC (Allocation Failure) [PSYoungGen: 674593K->4673K(680448K)] 675009K->5089K(2078720K), 0.0040780 secs] [Times: user=0.00 sys=0.00, real=0.00 secs] 
2020-09-29T12:37:48.674+0200: 15.141: [GC (Allocation Failure) [PSYoungGen: 666689K->10401K(680448K)] 667105K->10817K(2078720K), 0.0060704 secs] [Times: user=0.13 sys=0.00, real=0.01 secs] 
2020-09-29T12:37:48.784+0200: 15.252: [GC (Allocation Failure) [PSYoungGen: 672417K->2465K(680960K)] 672833K->2881K(2079232K), 0.0029444 secs] [Times: user=0.13 sys=0.00, real=0.00 secs] 
2020-09-29T12:37:48.889+0200: 15.357: [GC (Allocation Failure) [PSYoungGen: 665505K->9345K(680960K)] 665921K->9761K(2079232K), 0.0057473 secs] [Times: user=0.00 sys=0.00, real=0.01 secs] 
2020-09-29T12:37:48.995+0200: 15.462: [GC (Allocation Failure) [PSYoungGen: 672385K->2465K(681472K)] 672801K->2881K(2079744K), 0.0027891 secs] [Times: user=0.00 sys=0.00, real=0.00 secs] 
2020-09-29T12:37:49.105+0200: 15.573: [GC (Allocation Failure) [PSYoungGen: 666017K->9729K(680960K)] 666433K->10145K(2079232K), 0.0057340 secs] [Times: user=0.00 sys=0.00, real=0.01 secs] 
2020-09-29T12:37:49.219+0200: 15.687: [GC (Allocation Failure) [PSYoungGen: 671666K->32K(680448K)] 672082K->448K(2078720K), 0.0004011 secs] [Times: user=0.00 sys=0.00, real=0.00 secs] 
2020-09-29T12:37:49.319+0200: 15.787: [GC (Allocation Failure) [PSYoungGen: 663072K->6913K(680960K)] 663488K->7329K(2079232K), 0.0045703 secs] [Times: user=0.00 sys=0.00, real=0.00 secs] 
2020-09-29T12:37:49.429+0200: 15.897: [GC (Allocation Failure) [PSYoungGen: 669953K->13793K(678912K)] 670369K->14209K(2077184K), 0.0075465 secs] [Times: user=0.00 sys=0.00, real=0.01 secs] 
2020-09-29T12:37:49.538+0200: 16.006: [GC (Allocation Failure) [PSYoungGen: 675809K->5793K(680448K)] 676225K->6209K(2078720K), 0.0042010 secs] [Times: user=0.00 sys=0.00, real=0.00 secs] 
2020-09-29T12:37:49.659+0200: 16.126: [GC (Allocation Failure) [PSYoungGen: 667809K->11617K(679936K)] 668225K->12033K(2078208K), 0.0077277 secs] [Times: user=0.11 sys=0.00, real=0.01 secs] 
2020-09-29T12:37:49.777+0200: 16.245: [GC (Allocation Failure) [PSYoungGen: 673633K->3681K(680448K)] 674049K->4097K(2078720K), 0.0033579 secs] [Times: user=0.00 sys=0.00, real=0.00 secs] 
2020-09-29T12:37:49.883+0200: 16.351: [GC (Allocation Failure) [PSYoungGen: 665697K->9377K(680960K)] 666113K->9793K(2079232K), 0.0057362 secs] [Times: user=0.00 sys=0.00, real=0.01 secs] 
2020-09-29T12:37:49.994+0200: 16.461: [GC (Allocation Failure) [PSYoungGen: 672417K->2465K(680960K)] 672833K->2881K(2079232K), 0.0027582 secs] [Times: user=0.00 sys=0.00, real=0.00 secs] 
2020-09-29T12:37:50.101+0200: 16.569: [GC (Allocation Failure) [PSYoungGen: 665505K->9281K(681472K)] 665921K->9697K(2079744K), 0.0056896 secs] [Times: user=0.00 sys=0.00, real=0.01 secs] 
2020-09-29T12:37:50.217+0200: 16.684: [GC (Allocation Failure) [PSYoungGen: 671635K->32K(681472K)] 672051K->448K(2079744K), 0.0004233 secs] [Times: user=0.00 sys=0.00, real=0.00 secs] 
2020-09-29T12:37:50.322+0200: 16.789: [GC (Allocation Failure) [PSYoungGen: 664096K->7905K(681984K)] 664512K->8321K(2080256K), 0.0053454 secs] [Times: user=0.00 sys=0.00, real=0.00 secs] 
2020-09-29T12:37:50.429+0200: 16.896: [GC (Allocation Failure) [PSYoungGen: 671782K->32K(681472K)] 672198K->448K(2079744K), 0.0007734 secs] [Times: user=0.00 sys=0.00, real=0.00 secs] 
2020-09-29T12:37:50.533+0200: 17.000: [GC (Allocation Failure) [PSYoungGen: 664608K->8417K(681984K)] 665024K->8833K(2080256K), 0.0057158 secs] [Times: user=0.13 sys=0.00, real=0.01 secs] 
2020-09-29T12:37:50.645+0200: 17.112: [GC (Allocation Failure) [PSYoungGen: 671591K->32K(681984K)] 672007K->448K(2080256K), 0.0006025 secs] [Times: user=0.05 sys=0.00, real=0.00 secs] 
2020-09-29T12:37:50.748+0200: 17.215: [GC (Allocation Failure) [PSYoungGen: 665120K->8993K(681984K)] 665536K->9409K(2080256K), 0.0055332 secs] [Times: user=0.00 sys=0.00, real=0.01 secs] 
2020-09-29T12:37:50.859+0200: 17.326: [GC (Allocation Failure) [PSYoungGen: 674081K->4129K(681984K)] 674497K->4545K(2080256K), 0.0034473 secs] [Times: user=0.00 sys=0.00, real=0.00 secs] 
2020-09-29T12:37:50.961+0200: 17.428: [GC (Allocation Failure) [PSYoungGen: 669217K->12993K(679424K)] 669633K->13409K(2077696K), 0.0069483 secs] [Times: user=0.00 sys=0.00, real=0.01 secs] 
2020-09-29T12:37:51.072+0200: 17.539: [GC (Allocation Failure) [PSYoungGen: 676033K->6081K(680960K)] 676449K->6497K(2079232K), 0.0048017 secs] [Times: user=0.00 sys=0.00, real=0.00 secs] 
2020-09-29T12:37:51.192+0200: 17.659: [GC (Allocation Failure) [PSYoungGen: 669121K->12897K(678912K)] 669537K->13313K(2077184K), 0.0081886 secs] [Times: user=0.00 sys=0.00, real=0.01 secs] 
2020-09-29T12:37:51.306+0200: 17.773: [GC (Allocation Failure) [PSYoungGen: 674913K->4961K(680448K)] 675329K->5377K(2078720K), 0.0037892 secs] [Times: user=0.00 sys=0.00, real=0.00 secs] 
2020-09-29T12:37:51.412+0200: 17.879: [GC (Allocation Failure) [PSYoungGen: 666977K->10721K(680448K)] 667393K->11137K(2078720K), 0.0065988 secs] [Times: user=0.00 sys=0.00, real=0.01 secs] 
2020-09-29T12:37:51.520+0200: 17.988: [GC (Allocation Failure) [PSYoungGen: 671862K->32K(680960K)] 672278K->448K(2079232K), 0.0003752 secs] [Times: user=0.00 sys=0.00, real=0.00 secs] 
2020-09-29T12:37:51.625+0200: 18.092: [GC (Allocation Failure) [PSYoungGen: 663072K->6945K(681984K)] 663488K->7361K(2080256K), 0.0050356 secs] [Times: user=0.00 sys=0.00, real=0.00 secs] 
2020-09-29T12:37:51.736+0200: 18.203: [GC (Allocation Failure) [PSYoungGen: 671009K->32K(680960K)] 671425K->448K(2079232K), 0.0003022 secs] [Times: user=0.00 sys=0.00, real=0.00 secs] 
2020-09-29T12:37:51.838+0200: 18.305: [GC (Allocation Failure) [PSYoungGen: 664096K->7905K(681984K)] 664512K->8321K(2080256K), 0.0053093 secs] [Times: user=0.00 sys=0.00, real=0.00 secs] 
2020-09-29T12:37:51.945+0200: 18.412: [GC (Allocation Failure) [PSYoungGen: 672481K->2625K(681472K)] 672897K->3041K(2079744K), 0.0028912 secs] [Times: user=0.00 sys=0.00, real=0.00 secs] 
2020-09-29T12:37:52.050+0200: 18.517: [GC (Allocation Failure) [PSYoungGen: 667201K->10913K(680448K)] 667617K->11329K(2078720K), 0.0064318 secs] [Times: user=0.13 sys=0.00, real=0.01 secs] 
2020-09-29T12:37:52.162+0200: 18.629: [GC (Allocation Failure) [PSYoungGen: 674977K->5057K(681472K)] 675393K->5473K(2079744K), 0.0041099 secs] [Times: user=0.00 sys=0.00, real=0.00 secs] 
2020-09-29T12:37:52.275+0200: 18.742: [GC (Allocation Failure) [PSYoungGen: 669121K->12865K(679424K)] 669537K->13281K(2077696K), 0.0071763 secs] [Times: user=0.00 sys=0.00, real=0.01 secs] 
2020-09-29T12:37:52.382+0200: 18.850: [GC (Allocation Failure) [PSYoungGen: 675905K->5953K(680960K)] 676321K->6369K(2079232K), 0.0045248 secs] [Times: user=0.00 sys=0.00, real=0.01 secs] 
2020-09-29T12:37:52.486+0200: 18.953: [GC (Allocation Failure) [PSYoungGen: 668993K->12769K(678912K)] 669409K->13185K(2077184K), 0.0072484 secs] [Times: user=0.13 sys=0.00, real=0.01 secs] 
2020-09-29T12:37:52.604+0200: 19.071: [GC (Allocation Failure) [PSYoungGen: 674785K->4865K(680448K)] 675201K->5281K(2078720K), 0.0042400 secs] [Times: user=0.00 sys=0.00, real=0.00 secs] 
2020-09-29T12:37:52.716+0200: 19.183: [GC (Allocation Failure) [PSYoungGen: 666881K->10689K(680448K)] 667297K->11105K(2078720K), 0.0066588 secs] [Times: user=0.00 sys=0.00, real=0.01 secs] 
2020-09-29T12:37:52.845+0200: 19.313: [GC (Allocation Failure) [PSYoungGen: 672059K->32K(680960K)] 672476K->448K(2079232K), 0.0004528 secs] [Times: user=0.00 sys=0.00, real=0.00 secs] 
2020-09-29T12:37:52.969+0200: 19.436: [GC (Allocation Failure) [PSYoungGen: 663072K->6913K(681984K)] 663488K->7329K(2080256K), 0.0046709 secs] [Times: user=0.13 sys=0.00, real=0.00 secs] 
2020-09-29T12:37:53.077+0200: 19.545: [GC (Allocation Failure) [PSYoungGen: 670977K->32K(680960K)] 671393K->448K(2079232K), 0.0007133 secs] [Times: user=0.00 sys=0.00, real=0.00 secs] 
2020-09-29T12:37:53.189+0200: 19.656: [GC (Allocation Failure) [PSYoungGen: 664096K->7905K(681984K)] 664512K->8321K(2080256K), 0.0055673 secs] [Times: user=0.13 sys=0.00, real=0.01 secs] 
2020-09-29T12:37:53.295+0200: 19.762: [GC (Allocation Failure) [PSYoungGen: 672481K->2561K(681472K)] 672897K->2977K(2079744K), 0.0027766 secs] [Times: user=0.00 sys=0.00, real=0.00 secs] 
2020-09-29T12:37:53.399+0200: 19.866: [GC (Allocation Failure) [PSYoungGen: 667137K->10945K(680448K)] 667553K->11361K(2078720K), 0.0062707 secs] [Times: user=0.00 sys=0.00, real=0.01 secs] 
2020-09-29T12:37:53.507+0200: 19.974: [GC (Allocation Failure) [PSYoungGen: 675009K->5057K(681472K)] 675425K->5473K(2079744K), 0.0038905 secs] [Times: user=0.00 sys=0.00, real=0.00 secs] 
2020-09-29T12:37:53.618+0200: 20.085: [GC (Allocation Failure) [PSYoungGen: 669121K->12865K(679424K)] 669537K->13281K(2077696K), 0.0073253 secs] [Times: user=0.00 sys=0.00, real=0.01 secs] 
2020-09-29T12:37:53.746+0200: 20.214: [GC (Allocation Failure) [PSYoungGen: 675905K->6049K(680960K)] 676321K->6465K(2079232K), 0.0040228 secs] [Times: user=0.00 sys=0.00, real=0.00 secs] 
2020-09-29T12:37:53.850+0200: 20.318: [GC (Allocation Failure) [PSYoungGen: 669089K->12737K(679936K)] 669505K->13153K(2078208K), 0.0071154 secs] [Times: user=0.00 sys=0.00, real=0.01 secs] 
2020-09-29T12:37:53.971+0200: 20.439: [GC (Allocation Failure) [PSYoungGen: 675777K->5889K(680960K)] 676193K->6305K(2079232K), 0.0051768 secs] [Times: user=0.13 sys=0.00, real=0.01 secs] 
2020-09-29T12:37:54.080+0200: 20.548: [GC (Allocation Failure) [PSYoungGen: 668929K->12705K(679424K)] 669345K->13121K(2077696K), 0.0069392 secs] [Times: user=0.13 sys=0.00, real=0.01 secs] 
2020-09-29T12:37:54.196+0200: 20.664: [GC (Allocation Failure) [PSYoungGen: 674721K->4769K(680448K)] 675137K->5185K(2078720K), 0.0037159 secs] [Times: user=0.00 sys=0.00, real=0.00 secs] 
2020-09-29T12:37:54.302+0200: 20.770: [GC (Allocation Failure) [PSYoungGen: 666785K->10497K(680960K)] 667201K->10913K(2079232K), 0.0059351 secs] [Times: user=0.00 sys=0.00, real=0.01 secs] 
2020-09-29T12:37:54.408+0200: 20.876: [GC (Allocation Failure) [PSYoungGen: 671941K->32K(663552K)] 672357K->448K(2061824K), 0.0003764 secs] [Times: user=0.00 sys=0.00, real=0.00 secs] 
2020-09-29T12:37:54.507+0200: 20.975: [GC (Allocation Failure) [PSYoungGen: 663072K->6881K(681472K)] 663488K->7297K(2079744K), 0.0046835 secs] [Times: user=0.00 sys=0.00, real=0.01 secs] 
2020-09-29T12:37:54.624+0200: 21.092: [GC (Allocation Failure) [PSYoungGen: 669921K->13761K(676864K)] 670337K->14177K(2075136K), 0.0076892 secs] [Times: user=0.13 sys=0.00, real=0.01 secs] 
2020-09-29T12:37:54.738+0200: 21.205: [GC (Allocation Failure) [PSYoungGen: 676801K->6753K(680960K)] 677217K->7169K(2079232K), 0.0047707 secs] [Times: user=0.11 sys=0.00, real=0.00 secs] 
2020-09-29T12:37:54.845+0200: 21.312: [GC (Allocation Failure) [PSYoungGen: 668769K->12577K(679936K)] 669185K->12993K(2078208K), 0.0072775 secs] [Times: user=0.13 sys=0.00, real=0.01 secs] 
2020-09-29T12:37:54.951+0200: 21.418: [GC (Allocation Failure) [PSYoungGen: 674593K->4673K(680448K)] 675009K->5089K(2078720K), 0.0034959 secs] [Times: user=0.00 sys=0.00, real=0.00 secs] 
2020-09-29T12:37:55.055+0200: 21.522: [GC (Allocation Failure) [PSYoungGen: 666689K->10401K(680448K)] 667105K->10817K(2078720K), 0.0060262 secs] [Times: user=0.00 sys=0.00, real=0.01 secs] 
2020-09-29T12:37:55.170+0200: 21.638: [GC (Allocation Failure) [PSYoungGen: 672417K->2465K(680960K)] 672833K->2881K(2079232K), 0.0028536 secs] [Times: user=0.00 sys=0.00, real=0.00 secs] 
2020-09-29T12:37:55.292+0200: 21.760: [GC (Allocation Failure) [PSYoungGen: 665505K->9281K(680960K)] 665921K->9697K(2079232K), 0.0056185 secs] [Times: user=0.00 sys=0.00, real=0.01 secs] 
2020-09-29T12:37:55.400+0200: 21.868: [GC (Allocation Failure) [PSYoungGen: 672321K->2465K(681472K)] 672737K->2881K(2079744K), 0.0026197 secs] [Times: user=0.00 sys=0.00, real=0.00 secs] 
2020-09-29T12:37:55.511+0200: 21.978: [GC (Allocation Failure) [PSYoungGen: 666017K->9761K(680960K)] 666433K->10177K(2079232K), 0.0058565 secs] [Times: user=0.00 sys=0.00, real=0.01 secs] 
2020-09-29T12:37:55.624+0200: 22.091: [GC (Allocation Failure) [PSYoungGen: 671698K->32K(680448K)] 672114K->448K(2078720K), 0.0005976 secs] [Times: user=0.00 sys=0.00, real=0.00 secs] 
2020-09-29T12:37:55.732+0200: 22.199: [GC (Allocation Failure) [PSYoungGen: 663072K->6945K(680960K)] 663488K->7361K(2079232K), 0.0048330 secs] [Times: user=0.00 sys=0.00, real=0.00 secs] 
2020-09-29T12:37:55.842+0200: 22.309: [GC (Allocation Failure) [PSYoungGen: 669985K->13697K(678912K)] 670401K->14113K(2077184K), 0.0078229 secs] [Times: user=0.13 sys=0.00, real=0.01 secs] 
2020-09-29T12:37:55.950+0200: 22.417: [GC (Allocation Failure) [PSYoungGen: 675713K->5761K(680448K)] 676129K->6177K(2078720K), 0.0042326 secs] [Times: user=0.00 sys=0.00, real=0.00 secs] 
2020-09-29T12:37:56.056+0200: 22.524: [GC (Allocation Failure) [PSYoungGen: 667777K->11553K(679424K)] 668193K->11969K(2077696K), 0.0071908 secs] [Times: user=0.00 sys=0.00, real=0.01 secs] 
2020-09-29T12:37:56.167+0200: 22.635: [GC (Allocation Failure) [PSYoungGen: 673569K->3681K(680448K)] 673985K->4097K(2078720K), 0.0037409 secs] [Times: user=0.00 sys=0.00, real=0.00 secs] 
2020-09-29T12:37:56.275+0200: 22.743: [GC (Allocation Failure) [PSYoungGen: 665697K->9409K(681472K)] 666113K->9825K(2079744K), 0.0062184 secs] [Times: user=0.00 sys=0.00, real=0.01 secs] 
2020-09-29T12:37:56.387+0200: 22.854: [GC (Allocation Failure) [PSYoungGen: 672961K->2977K(680960K)] 673377K->3393K(2079232K), 0.0029806 secs] [Times: user=0.00 sys=0.00, real=0.00 secs] 
2020-09-29T12:37:56.490+0200: 22.957: [GC (Allocation Failure) [PSYoungGen: 666529K->10337K(681472K)] 666945K->10753K(2079744K), 0.0063489 secs] [Times: user=0.00 sys=0.00, real=0.01 secs] 
2020-09-29T12:37:56.609+0200: 23.077: [GC (Allocation Failure) [PSYoungGen: 674401K->4449K(681472K)] 674817K->4865K(2079744K), 0.0037269 secs] [Times: user=0.00 sys=0.00, real=0.00 secs] 
2020-09-29T12:37:56.715+0200: 23.183: [GC (Allocation Failure) [PSYoungGen: 668513K->12321K(679936K)] 668929K->12737K(2078208K), 0.0070742 secs] [Times: user=0.00 sys=0.00, real=0.01 secs] 
2020-09-29T12:37:56.828+0200: 23.296: [GC (Allocation Failure) [PSYoungGen: 675361K->5441K(680960K)] 675777K->5857K(2079232K), 0.0041331 secs] [Times: user=0.03 sys=0.00, real=0.00 secs] 
Heap
 PSYoungGen      total 680960K, used 344754K [0x00000000d5580000, 0x0000000100000000, 0x0000000100000000)
  eden space 663040K, 51% used [0x00000000d5580000,0x00000000ea0dc4c0,0x00000000fdd00000)
  from space 17920K, 30% used [0x00000000fdd00000,0x00000000fe250490,0x00000000fee80000)
  to   space 17408K, 0% used [0x00000000fef00000,0x00000000fef00000,0x0000000100000000)
 ParOldGen       total 1398272K, used 416K [0x0000000080000000, 0x00000000d5580000, 0x00000000d5580000)
  object space 1398272K, 0% used [0x0000000080000000,0x0000000080068050,0x00000000d5580000)
 Metaspace       used 2594K, capacity 4486K, committed 4864K, reserved 1056768K
  class space    used 285K, capacity 386K, committed 512K, reserved 1048576K
